layer at (0,0) size 800x600
  RenderView at (0,0) size 800x600
layer at (0,0) size 800x34
  RenderBlock {HTML} at (0,0) size 800x34
    RenderBody {BODY} at (8,8) size 784x18
      RenderBlock {DIV} at (0,0) size 784x18
        RenderInline {SPAN} at (0,0) size 83x19
          RenderInline (generated) at (0,0) size 39x19
            RenderInline (generated) at (0,0) size 17x19 [color=#008000]
              RenderText at (0,0) size 17x19
                text run at (0,0) width 17: "\"T"
            RenderText at (17,0) size 22x19
              text run at (17,0) width 22: "his "
          RenderText {#text} at (39,0) size 44x19
            text run at (39,0) width 44: "is text\""
