layer at (0,0) size 800x600
  RenderView at (0,0) size 800x600
layer at (0,0) size 800x34
  RenderBlock {HTML} at (0,0) size 800x34
    RenderBody {BODY} at (8,8) size 784x18
      RenderBlock {DIV} at (0,0) size 784x18
        RenderInline (generated) at (0,0) size 17x19 [color=#008000]
          RenderText {#text} at (0,0) size 17x19
            text run at (0,0) width 17: "\"T"
        RenderText {#text} at (17,0) size 66x19
          text run at (17,0) width 66: "his is text\""
