layer at (0,0) size 800x600
  RenderView at (0,0) size 800x600
layer at (0,0) size 800x34
  RenderBlock {HTML} at (0,0) size 800x34
    RenderBody {BODY} at (8,8) size 784x18
      RenderBlock {DIV} at (0,0) size 784x18
        RenderInline {SPAN} at (0,0) size 83x19
          RenderInline (generated) at (0,0) size 7x19
            RenderInline (generated) at (0,0) size 7x19 [color=#008000]
              RenderText at (0,0) size 7x19
                text run at (0,0) width 7: "\""
            RenderText at (0,0) size 0x0
          RenderInline (generated) at (0,0) size 10x19 [color=#008000]
            RenderText {#text} at (7,0) size 10x19
              text run at (7,0) width 10: "T"
          RenderText {#text} at (17,0) size 59x19
            text run at (17,0) width 59: "his is text"
          RenderInline (generated) at (0,0) size 7x19
            RenderQuote at (76,0) size 7x19
              text run at (76,0) width 7: "\""
