layer at (0,0) size 800x600
  RenderView at (0,0) size 800x600
layer at (0,0) size 800x198
  RenderBlock {HTML} at (0,0) size 800x198
    RenderBody {BODY} at (8,16) size 784x38
      RenderBlock {P} at (0,0) size 784x38
        RenderText {#text} at (0,0) size 763x38
          text run at (0,0) width 763: "Below there should be a green square. In the middle of such green square, a black horizontal stripe should be traversing it"
          text run at (0,19) width 484: "and protruding out of it toward the right. There should be no red in this page."
      RenderBlock (floating) {DIV} at (0,54) size 128x128 [bgcolor=#FF0000]
        RenderBlock {SPAN} at (0,0) size 128x128 [bgcolor=#008000]
          RenderText {#text} at (0,47) size 256x33
            text run at (0,47) width 256: "XXXXXXXX"
