layer at (0,0) size 800x600
  RenderView at (0,0) size 800x600
layer at (0,0) size 800x196
  RenderBlock {HTML} at (0,0) size 800x196
    RenderBody {BODY} at (8,16) size 784x172
      RenderBlock {P} at (0,0) size 784x36
        RenderText {#text} at (0,0) size 106x19
          text run at (0,0) width 106: "There should be "
        RenderInline {STRONG} at (0,0) size 143x19
          RenderText {#text} at (106,0) size 143x19
            text run at (106,0) width 143: "5 filled green squares"
        RenderText {#text} at (249,0) size 185x19
          text run at (249,0) width 185: " with the same width and the "
        RenderInline {STRONG} at (0,0) size 80x19
          RenderText {#text} at (434,0) size 80x19
            text run at (434,0) width 80: "same height"
        RenderText {#text} at (514,0) size 236x19
          text run at (514,0) width 236: ". The 5 filled green squares should be"
        RenderInline {STRONG} at (0,0) size 57x19
          RenderText {#text} at (0,18) size 57x19
            text run at (0,18) width 57: "identical"
        RenderText {#text} at (57,18) size 445x19
          text run at (57,18) width 445: " to each other. This should still remain true even after a window resize."
      RenderBlock {DIV} at (0,52) size 784x120
        RenderImage {IMG} at (0,0) size 117x117
        RenderText {#text} at (117,102) size 4x19
          text run at (117,102) width 4: " "
        RenderImage {IMG} at (121,0) size 117x117
        RenderText {#text} at (238,102) size 4x19
          text run at (238,102) width 4: " "
        RenderImage {IMG} at (242,0) size 117x117
        RenderText {#text} at (359,102) size 4x19
          text run at (359,102) width 4: " "
        RenderImage {IMG} at (363,0) size 117x117
        RenderText {#text} at (480,102) size 4x19
          text run at (480,102) width 4: " "
        RenderImage {IMG} at (484,0) size 117x117
        RenderText {#text} at (0,0) size 0x0
