layer at (0,0) size 800x600
  RenderView at (0,0) size 800x600
layer at (0,0) size 800x268
  RenderBlock {HTML} at (0,0) size 800x268
    RenderBody {BODY} at (8,8) size 784x252
      RenderBlock {DIV} at (0,0) size 784x18
        RenderText {#text} at (0,0) size 298x19
          text run at (0,0) width 298: "All twenty images should be identically square."
      RenderBlock (anonymous) at (0,18) size 784x234
        RenderInline {P} at (0,0) size 75x19
          RenderImage {IMG} at (0,0) size 75x75
        RenderText {#text} at (75,60) size 4x19
          text run at (75,60) width 4: " "
        RenderText {#text} at (0,0) size 0x0
        RenderInline {P} at (0,0) size 75x19
          RenderImage {IMG} at (79,0) size 75x75
        RenderText {#text} at (154,60) size 4x19
          text run at (154,60) width 4: " "
        RenderText {#text} at (0,0) size 0x0
        RenderInline {P} at (0,0) size 75x19
          RenderImage {IMG} at (158,0) size 75x75
        RenderText {#text} at (233,60) size 4x19
          text run at (233,60) width 4: " "
        RenderText {#text} at (0,0) size 0x0
        RenderInline {P} at (0,0) size 75x19
          RenderImage {IMG} at (237,0) size 75x75
        RenderText {#text} at (312,60) size 4x19
          text run at (312,60) width 4: " "
        RenderText {#text} at (0,0) size 0x0
        RenderInline {P} at (0,0) size 75x19
          RenderImage {IMG} at (316,0) size 75x75
        RenderText {#text} at (391,60) size 4x19
          text run at (391,60) width 4: " "
        RenderText {#text} at (0,0) size 0x0
        RenderInline {P} at (0,0) size 75x19
          RenderImage {IMG} at (395,0) size 75x75
        RenderText {#text} at (470,60) size 4x19
          text run at (470,60) width 4: " "
        RenderText {#text} at (0,0) size 0x0
        RenderInline {P} at (0,0) size 75x19
          RenderImage {IMG} at (474,0) size 75x75
        RenderText {#text} at (549,60) size 4x19
          text run at (549,60) width 4: " "
        RenderText {#text} at (0,0) size 0x0
        RenderInline {P} at (0,0) size 75x19
          RenderImage {IMG} at (553,0) size 75x75
        RenderText {#text} at (628,60) size 4x19
          text run at (628,60) width 4: " "
        RenderText {#text} at (0,0) size 0x0
        RenderInline {P} at (0,0) size 75x19
          RenderImage {IMG} at (632,0) size 75x75
        RenderText {#text} at (0,0) size 0x0
        RenderText {#text} at (0,0) size 0x0
        RenderInline {P} at (0,0) size 75x19
          RenderImage {IMG} at (0,78) size 75x75
        RenderText {#text} at (75,138) size 4x19
          text run at (75,138) width 4: " "
        RenderText {#text} at (0,0) size 0x0
        RenderInline {P} at (0,0) size 75x19
          RenderImage {IMG} at (79,78) size 75x75
        RenderText {#text} at (154,138) size 4x19
          text run at (154,138) width 4: " "
        RenderText {#text} at (0,0) size 0x0
        RenderInline {P} at (0,0) size 75x19
          RenderImage {IMG} at (158,78) size 75x75
        RenderText {#text} at (233,138) size 4x19
          text run at (233,138) width 4: " "
        RenderText {#text} at (0,0) size 0x0
        RenderInline {P} at (0,0) size 75x19
          RenderImage {IMG} at (237,78) size 75x75
        RenderText {#text} at (312,138) size 4x19
          text run at (312,138) width 4: " "
        RenderText {#text} at (0,0) size 0x0
        RenderInline {P} at (0,0) size 75x19
          RenderImage {IMG} at (316,78) size 75x75
        RenderText {#text} at (391,138) size 4x19
          text run at (391,138) width 4: " "
        RenderText {#text} at (0,0) size 0x0
        RenderInline {P} at (0,0) size 75x19
          RenderImage {IMG} at (395,78) size 75x75
        RenderText {#text} at (470,138) size 4x19
          text run at (470,138) width 4: " "
        RenderText {#text} at (0,0) size 0x0
        RenderInline {P} at (0,0) size 75x19
          RenderImage {IMG} at (474,78) size 75x75
        RenderText {#text} at (549,138) size 4x19
          text run at (549,138) width 4: " "
        RenderText {#text} at (0,0) size 0x0
        RenderInline {P} at (0,0) size 75x19
          RenderImage {IMG} at (553,78) size 75x75
        RenderText {#text} at (628,138) size 4x19
          text run at (628,138) width 4: " "
        RenderText {#text} at (0,0) size 0x0
        RenderInline {P} at (0,0) size 75x19
          RenderImage {IMG} at (632,78) size 75x75
        RenderText {#text} at (0,0) size 0x0
        RenderText {#text} at (0,0) size 0x0
        RenderInline {P} at (0,0) size 75x19
          RenderImage {IMG} at (0,156) size 75x75
        RenderText {#text} at (75,216) size 4x19
          text run at (75,216) width 4: " "
        RenderText {#text} at (0,0) size 0x0
        RenderInline {P} at (0,0) size 75x19
          RenderImage {IMG} at (79,156) size 75x75
        RenderText {#text} at (0,0) size 0x0
        RenderText {#text} at (0,0) size 0x0
