layer at (0,0) size 800x600
  RenderView at (0,0) size 800x600
layer at (0,0) size 800x112
  RenderBlock {test} at (0,0) size 800x112
    RenderBlock {p} at (0,16) size 800x18 [bgcolor=#00FF00]
      RenderText {#text} at (0,0) size 268x18
        text run at (0,0) width 268: "This line should have a green background."
    RenderBlock {p} at (0,50) size 800x22 [bgcolor=#00FF00]
      RenderText {#text} at (0,1) size 696x18
        text run at (0,1) width 696: "UAs may render the following element as a pop up menu. If so, please ensure the menu is unstyled (or green). "
      RenderMenuList {select} at (698,2) size 100x18 [border: (1px solid #000000)]
        RenderBlock (anonymous) at (1,1) size 98x16
          RenderText at (8,1) size 63x13
            text run at (8,1) width 63: "This should"
      RenderText {#text} at (0,0) size 0x0
    RenderTable {table} at (0,88) size 429x24 [bgcolor=#00FF00]
      RenderTableSection (anonymous) at (0,0) size 429x24
        RenderTableRow {tr} at (0,2) size 429x20
          RenderTableCell {td} at (2,2) size 425x20 [r=0 c=0 rs=1 cs=1]
            RenderText {#text} at (1,1) size 423x18
              text run at (1,1) width 423: "This line should have a green background (or it might be unstyled)."
