layer at (0,0) size 800x600
  RenderView at (0,0) size 800x600
layer at (0,0) size 800x600
  RenderBlock {HTML} at (0,0) size 800x600
    RenderBody {BODY} at (8,8) size 784x576
      RenderBlock {P} at (0,0) size 784x21 [color=#008000]
        RenderText {#text} at (0,0) size 496x21
          text run at (0,0) width 496: "This text should be green and below should read \"media list is empty\"."
      RenderBlock {P} at (0,37) size 784x21 [color=#008000]
        RenderText {#text} at (0,0) size 131x21
          text run at (0,0) width 131: "media list is empty"
      RenderBlock {P} at (0,74) size 784x21 [color=#008000]
        RenderText {#text} at (0,0) size 194x21
          text run at (0,0) width 194: "Expected to fail (24.7.2005)"
