layer at (0,0) size 800x600
  RenderView at (0,0) size 800x600
layer at (0,0) size 800x600
  RenderBlock {HTML} at (0,0) size 800x600
    RenderBody {BODY} at (8,8) size 784x576
      RenderBlock {P} at (0,0) size 784x22
        RenderText {#text} at (0,0) size 261x22
          text run at (0,0) width 261: "The text below should read \"Success.\""
      RenderBlock {P} at (0,38) size 784x22 [color=#008000]
        RenderText {#text} at (0,0) size 55x22
          text run at (0,0) width 55: "Success."
      RenderBlock {P} at (0,76) size 784x22
        RenderText {#text} at (0,0) size 549x22
          text run at (0,0) width 549: "Following exception was caught: Error: NOT_FOUND_ERR: DOM Exception 8"
