layer at (0,0) size 800x600
  RenderView at (0,0) size 800x600
layer at (0,0) size 800x600
  RenderBlock {HTML} at (0,0) size 800x600
    RenderBody {BODY} at (8,8) size 784x576
      RenderBlock {P} at (0,0) size 784x22 [color=#008000]
        RenderText {#text} at (0,0) size 174x22
          text run at (0,0) width 174: "This text should be green."
      RenderBlock {P} at (0,38) size 784x22
        RenderText {#text} at (0,0) size 428x22
          text run at (0,0) width 428: "Caught exception: Error: SYNTAX_ERR: DOM Exception 12"
