layer at (0,0) size 800x600
  RenderView at (0,0) size 800x600
layer at (0,0) size 800x600
  RenderBlock {HTML} at (0,0) size 800x600
    RenderBody {BODY} at (8,8) size 784x576
      RenderBlock {P} at (0,0) size 784x21 [color=#008000]
        RenderText {#text} at (0,0) size 627x21
          text run at (0,0) width 627: "This text should be green and below should read \"braille, not screen, screen and (color)\"."
      RenderBlock {P} at (0,37) size 784x21 [color=#008000]
        RenderText {#text} at (0,0) size 344x21
          text run at (0,0) width 344: "braille, not screen, screen and (color), not screen"
      RenderBlock {P} at (0,74) size 784x21 [color=#008000]
        RenderText {#text} at (0,0) size 201x21
          text run at (0,0) width 201: "expected to fail (24.07.2005)"
