layer at (0,0) size 968x584
  RenderView at (0,0) size 800x584
layer at (0,0) size 800x584
  RenderBlock {HTML} at (0,0) size 800x584
    RenderBody {BODY} at (8,8) size 784x568
      RenderBlock {P} at (0,0) size 784x21 [color=#008000]
        RenderText {#text} at (0,0) size 421x21
          text run at (0,0) width 421: "This text should be green if viewport is narrower than 60em."
      RenderBlock {DIV} at (0,37) size 960x21 [bgcolor=#ADD8E6]
        RenderText {#text} at (0,0) size 134x21
          text run at (0,0) width 134: "div of length 60 em"
      RenderBlock {DIV} at (0,58) size 800x21 [bgcolor=#ADD8E6]
        RenderText {#text} at (0,0) size 134x21
          text run at (0,0) width 134: "div of length 800px"
