layer at (0,0) size 800x600
  RenderView at (0,0) size 800x600
layer at (0,0) size 800x372
  RenderBlock {HTML} at (0,0) size 800x372
    RenderBody {BODY} at (5,5) size 790x362
      RenderTable {TABLE} at (0,0) size 462x362
        RenderTableSection {TBODY} at (0,0) size 462x362
          RenderTableRow {TR} at (0,1) size 462x32
            RenderTableCell {TH} at (1,8) size 65x17 [bgcolor=#DDDD99] [r=0 c=0 rs=1 cs=1]
              RenderText {#text} at (6,1) size 53x15
                text run at (6,1) width 53: "viewBox?"
            RenderTableCell {TH} at (67,1) size 112x32 [bgcolor=#DDDD99] [r=0 c=1 rs=1 cs=1]
              RenderText {#text} at (6,1) size 100x30
                text run at (6,1) width 100: "preserve\x{AD}Aspect\x{AD}" + hyphen string "\x{2010}"
                text run at (42,16) width 28: "Ratio"
            RenderTableCell {TH} at (180,8) size 140x17 [bgcolor=#DDDD99] [r=0 c=2 rs=1 cs=1]
              RenderText {#text} at (54,1) size 32x15
                text run at (54,1) width 32: "<img>"
            RenderTableCell {TH} at (321,8) size 140x17 [bgcolor=#DDDD99] [r=0 c=3 rs=1 cs=1]
              RenderText {#text} at (47,1) size 46x15
                text run at (47,1) width 46: "<object>"
          RenderTableRow {TR} at (0,34) size 462x40
            RenderTableCell {TH} at (1,107) size 65x17 [bgcolor=#DDDD99] [r=1 c=0 rs=4 cs=1]
              RenderText {#text} at (1,1) size 63x15
                text run at (1,1) width 63: "No viewBox"
            RenderTableCell {TH} at (67,53) size 112x2 [bgcolor=#DDDD99] [r=1 c=1 rs=1 cs=1]
            RenderTableCell {TD} at (180,34) size 140x40 [r=1 c=2 rs=1 cs=1]
              RenderImage {IMG} at (1,1) size 138x34 [border: (1px dashed #800000)]
              RenderText {#text} at (0,0) size 0x0
            RenderTableCell {TD} at (321,34) size 140x40 [r=1 c=3 rs=1 cs=1]
              RenderEmbeddedObject {OBJECT} at (1,1) size 138x34 [border: (1px dashed #008000)]
                layer at (0,0) size 132x28
                  RenderView at (0,0) size 132x28
                layer at (0,0) size 132x28
                  RenderSVGRoot {svg} at (0,0) size 132x28
                    RenderSVGEllipse {circle} at (0,0) size 132x28 [stroke={[type=SOLID] [color=#000000]}] [fill={[type=SOLID] [color=#D9BB7A] [fill rule=EVEN-ODD]}] [cx=110.00] [cy=110.00] [r=110.00]
              RenderText {#text} at (0,0) size 0x0
          RenderTableRow {TR} at (0,75) size 462x40
            RenderTableCell {TH} at (67,86) size 112x17 [bgcolor=#DDDD99] [r=2 c=1 rs=1 cs=1]
              RenderText {#text} at (42,1) size 28x15
                text run at (42,1) width 28: "none"
            RenderTableCell {TD} at (180,75) size 140x40 [r=2 c=2 rs=1 cs=1]
              RenderImage {IMG} at (1,1) size 138x34 [border: (1px dashed #800000)]
              RenderText {#text} at (0,0) size 0x0
            RenderTableCell {TD} at (321,75) size 140x40 [r=2 c=3 rs=1 cs=1]
              RenderEmbeddedObject {OBJECT} at (1,1) size 138x34 [border: (1px dashed #008000)]
                layer at (0,0) size 132x28
                  RenderView at (0,0) size 132x28
                layer at (0,0) size 132x28
                  RenderSVGRoot {svg} at (0,0) size 132x28
                    RenderSVGHiddenContainer {defs} at (0,0) size 0x0
                    RenderSVGContainer {g} at (0,0) size 132x28 [transform={m=((1.00,0.00)(0.00,1.00)) t=(-162.36,-403.29)}]
                      RenderSVGPath {path} at (0,0) size 132x28 [stroke={[type=SOLID] [color=#000000]}] [fill={[type=SOLID] [color=#D9BB7A] [fill rule=EVEN-ODD]}] [data="M 525.714 585.219 C 525.714 685.419 444.486 766.648 344.286 766.648 C 244.085 766.648 162.857 685.419 162.857 585.219 C 162.857 485.019 244.085 403.791 344.286 403.791 C 444.486 403.791 525.714 485.019 525.714 585.219 Z"]
              RenderText {#text} at (0,0) size 0x0
          RenderTableRow {TR} at (0,116) size 462x40
            RenderTableCell {TH} at (67,127) size 112x17 [bgcolor=#DDDD99] [r=3 c=1 rs=1 cs=1]
              RenderText {#text} at (43,1) size 26x15
                text run at (43,1) width 26: "meet"
            RenderTableCell {TD} at (180,116) size 140x40 [r=3 c=2 rs=1 cs=1]
              RenderImage {IMG} at (1,1) size 138x34 [border: (1px dashed #800000)]
              RenderText {#text} at (0,0) size 0x0
            RenderTableCell {TD} at (321,116) size 140x40 [r=3 c=3 rs=1 cs=1]
              RenderEmbeddedObject {OBJECT} at (1,1) size 138x34 [border: (1px dashed #008000)]
                layer at (0,0) size 132x28
                  RenderView at (0,0) size 132x28
                layer at (0,0) size 132x28
                  RenderSVGRoot {svg} at (0,0) size 132x28
                    RenderSVGHiddenContainer {defs} at (0,0) size 0x0
                    RenderSVGContainer {g} at (0,0) size 132x28 [transform={m=((1.00,0.00)(0.00,1.00)) t=(-162.36,-403.29)}]
                      RenderSVGPath {path} at (0,0) size 132x28 [stroke={[type=SOLID] [color=#000000]}] [fill={[type=SOLID] [color=#D9BB7A] [fill rule=EVEN-ODD]}] [data="M 525.714 585.219 C 525.714 685.419 444.486 766.648 344.286 766.648 C 244.085 766.648 162.857 685.419 162.857 585.219 C 162.857 485.019 244.085 403.791 344.286 403.791 C 444.486 403.791 525.714 485.019 525.714 585.219 Z"]
              RenderText {#text} at (0,0) size 0x0
          RenderTableRow {TR} at (0,157) size 462x40
            RenderTableCell {TH} at (67,168) size 112x17 [bgcolor=#DDDD99] [r=4 c=1 rs=1 cs=1]
              RenderText {#text} at (44,1) size 24x15
                text run at (44,1) width 24: "slice"
            RenderTableCell {TD} at (180,157) size 140x40 [r=4 c=2 rs=1 cs=1]
              RenderImage {IMG} at (1,1) size 138x34 [border: (1px dashed #800000)]
              RenderText {#text} at (0,0) size 0x0
            RenderTableCell {TD} at (321,157) size 140x40 [r=4 c=3 rs=1 cs=1]
              RenderEmbeddedObject {OBJECT} at (1,1) size 138x34 [border: (1px dashed #008000)]
                layer at (0,0) size 132x28
                  RenderView at (0,0) size 132x28
                layer at (0,0) size 132x28
                  RenderSVGRoot {svg} at (0,0) size 132x28
                    RenderSVGHiddenContainer {defs} at (0,0) size 0x0
                    RenderSVGContainer {g} at (0,0) size 132x28 [transform={m=((1.00,0.00)(0.00,1.00)) t=(-162.36,-403.29)}]
                      RenderSVGPath {path} at (0,0) size 132x28 [stroke={[type=SOLID] [color=#000000]}] [fill={[type=SOLID] [color=#D9BB7A] [fill rule=EVEN-ODD]}] [data="M 525.714 585.219 C 525.714 685.419 444.486 766.648 344.286 766.648 C 244.085 766.648 162.857 685.419 162.857 585.219 C 162.857 485.019 244.085 403.791 344.286 403.791 C 444.486 403.791 525.714 485.019 525.714 585.219 Z"]
              RenderText {#text} at (0,0) size 0x0
          RenderTableRow {TR} at (0,198) size 462x40
            RenderTableCell {TH} at (1,271) size 65x17 [bgcolor=#DDDD99] [r=5 c=0 rs=4 cs=1]
              RenderText {#text} at (10,1) size 45x15
                text run at (10,1) width 45: "viewBox"
            RenderTableCell {TH} at (67,217) size 112x2 [bgcolor=#DDDD99] [r=5 c=1 rs=1 cs=1]
            RenderTableCell {TD} at (180,198) size 140x40 [r=5 c=2 rs=1 cs=1]
              RenderImage {IMG} at (1,1) size 138x34 [border: (1px dashed #800000)]
              RenderText {#text} at (0,0) size 0x0
            RenderTableCell {TD} at (321,198) size 140x40 [r=5 c=3 rs=1 cs=1]
              RenderEmbeddedObject {OBJECT} at (1,1) size 138x34 [border: (1px dashed #008000)]
                layer at (0,0) size 132x28
                  RenderView at (0,0) size 132x28
                layer at (0,0) size 132x28
                  RenderSVGRoot {svg} at (52,0) size 21x21
                    RenderSVGHiddenContainer {defs} at (0,0) size 0x0
                    RenderSVGContainer {g} at (52,0) size 21x21 [transform={m=((1.00,0.00)(0.00,1.00)) t=(-162.36,-403.29)}]
                      RenderSVGPath {path} at (52,0) size 21x21 [stroke={[type=SOLID] [color=#000000]}] [fill={[type=SOLID] [color=#D9BB7A] [fill rule=EVEN-ODD]}] [data="M 525.714 585.219 C 525.714 685.419 444.486 766.648 344.286 766.648 C 244.085 766.648 162.857 685.419 162.857 585.219 C 162.857 485.019 244.085 403.791 344.286 403.791 C 444.486 403.791 525.714 485.019 525.714 585.219 Z"]
              RenderText {#text} at (0,0) size 0x0
          RenderTableRow {TR} at (0,239) size 462x40
            RenderTableCell {TH} at (67,250) size 112x17 [bgcolor=#DDDD99] [r=6 c=1 rs=1 cs=1]
              RenderText {#text} at (42,1) size 28x15
                text run at (42,1) width 28: "none"
            RenderTableCell {TD} at (180,239) size 140x40 [r=6 c=2 rs=1 cs=1]
              RenderImage {IMG} at (1,1) size 138x34 [border: (1px dashed #800000)]
              RenderText {#text} at (0,0) size 0x0
            RenderTableCell {TD} at (321,239) size 140x40 [r=6 c=3 rs=1 cs=1]
              RenderEmbeddedObject {OBJECT} at (1,1) size 138x34 [border: (1px dashed #008000)]
                layer at (0,0) size 132x28
                  RenderView at (0,0) size 132x28
                layer at (0,0) size 132x28
                  RenderSVGRoot {svg} at (0,0) size 97x21
                    RenderSVGHiddenContainer {defs} at (0,0) size 0x0
                    RenderSVGContainer {g} at (0,0) size 97x21 [transform={m=((1.00,0.00)(0.00,1.00)) t=(-162.36,-403.29)}]
                      RenderSVGPath {path} at (0,0) size 97x21 [stroke={[type=SOLID] [color=#000000]}] [fill={[type=SOLID] [color=#D9BB7A] [fill rule=EVEN-ODD]}] [data="M 525.714 585.219 C 525.714 685.419 444.486 766.648 344.286 766.648 C 244.085 766.648 162.857 685.419 162.857 585.219 C 162.857 485.019 244.085 403.791 344.286 403.791 C 444.486 403.791 525.714 485.019 525.714 585.219 Z"]
              RenderText {#text} at (0,0) size 0x0
          RenderTableRow {TR} at (0,280) size 462x40
            RenderTableCell {TH} at (67,291) size 112x17 [bgcolor=#DDDD99] [r=7 c=1 rs=1 cs=1]
              RenderText {#text} at (43,1) size 26x15
                text run at (43,1) width 26: "meet"
            RenderTableCell {TD} at (180,280) size 140x40 [r=7 c=2 rs=1 cs=1]
              RenderImage {IMG} at (1,1) size 138x34 [border: (1px dashed #800000)]
              RenderText {#text} at (0,0) size 0x0
            RenderTableCell {TD} at (321,280) size 140x40 [r=7 c=3 rs=1 cs=1]
              RenderEmbeddedObject {OBJECT} at (1,1) size 138x34 [border: (1px dashed #008000)]
                layer at (0,0) size 132x28
                  RenderView at (0,0) size 132x28
                layer at (0,0) size 132x28
                  RenderSVGRoot {svg} at (52,0) size 21x21
                    RenderSVGHiddenContainer {defs} at (0,0) size 0x0
                    RenderSVGContainer {g} at (52,0) size 21x21 [transform={m=((1.00,0.00)(0.00,1.00)) t=(-162.36,-403.29)}]
                      RenderSVGPath {path} at (52,0) size 21x21 [stroke={[type=SOLID] [color=#000000]}] [fill={[type=SOLID] [color=#D9BB7A] [fill rule=EVEN-ODD]}] [data="M 525.714 585.219 C 525.714 685.419 444.486 766.648 344.286 766.648 C 244.085 766.648 162.857 685.419 162.857 585.219 C 162.857 485.019 244.085 403.791 344.286 403.791 C 444.486 403.791 525.714 485.019 525.714 585.219 Z"]
              RenderText {#text} at (0,0) size 0x0
          RenderTableRow {TR} at (0,321) size 462x40
            RenderTableCell {TH} at (67,332) size 112x17 [bgcolor=#DDDD99] [r=8 c=1 rs=1 cs=1]
              RenderText {#text} at (44,1) size 24x15
                text run at (44,1) width 24: "slice"
            RenderTableCell {TD} at (180,321) size 140x40 [r=8 c=2 rs=1 cs=1]
              RenderImage {IMG} at (1,1) size 138x34 [border: (1px dashed #800000)]
              RenderText {#text} at (0,0) size 0x0
            RenderTableCell {TD} at (321,321) size 140x40 [r=8 c=3 rs=1 cs=1]
              RenderEmbeddedObject {OBJECT} at (1,1) size 138x34 [border: (1px dashed #008000)]
                layer at (0,0) size 132x28
                  RenderView at (0,0) size 132x28
                layer at (0,0) size 132x28
                  RenderSVGRoot {svg} at (0,0) size 97x28
                    RenderSVGHiddenContainer {defs} at (0,0) size 0x0
                    RenderSVGContainer {g} at (0,0) size 97x28 [transform={m=((1.00,0.00)(0.00,1.00)) t=(-162.36,-403.29)}]
                      RenderSVGPath {path} at (0,0) size 97x28 [stroke={[type=SOLID] [color=#000000]}] [fill={[type=SOLID] [color=#D9BB7A] [fill rule=EVEN-ODD]}] [data="M 525.714 585.219 C 525.714 685.419 444.486 766.648 344.286 766.648 C 244.085 766.648 162.857 685.419 162.857 585.219 C 162.857 485.019 244.085 403.791 344.286 403.791 C 444.486 403.791 525.714 485.019 525.714 585.219 Z"]
              RenderText {#text} at (0,0) size 0x0
