layer at (0,0) size 784x1504
  RenderView at (0,0) size 784x600
layer at (0,0) size 784x1504
  RenderBlock {HTML} at (0,0) size 784x1504
    RenderBody {BODY} at (8,17) size 768x1479 [color=#00FF00] [bgcolor=#333333]
      RenderBlock {H1} at (0,0) size 768x34
        RenderText {#text} at (0,0) size 483x34
          text run at (0,0) width 483: "CSS2 Table Backgrounds Test Suite"
      RenderBlock {H2} at (0,51) size 768x27
        RenderText {#text} at (0,0) size 343x27
          text run at (0,0) width 343: "Part D: Background with Borders"
      RenderBlock {H3} at (0,94) size 768x20
        RenderText {#text} at (0,0) size 233x20
          text run at (0,0) width 233: "Background on 'table-column'"
      RenderBlock {P} at (0,129) size 768x17
        RenderText {#text} at (0,0) size 167x17
          text run at (0,0) width 167: "Three columns are styled."
      RenderBlock {P} at (0,159) size 768x102
        RenderText {#text} at (0,0) size 764x102
          text run at (0,0) width 732: "In the first column, there should be three vertical stripes along the padding edge of the first cell, continuing down"
          text run at (0,17) width 764: "through the column. (In cell E, the aqua stripe will be obscured by the thicker right border.) The stripes will cut across"
          text run at (0,34) width 748: "cell E as well, but will be further obscured by its thick border. In the border-collapsed table, the same will happen to"
          text run at (0,51) width 743: "the vertical stripes in cell A due to cell B's thick border. The stripes should continue in the last cell, turning a right"
          text run at (0,68) width 755: "angle to the left into three aqua stripes along the bottom border edge of the last cell. The last cell (M) should not have"
          text run at (0,85) width 265: "three vertical stripes along its right edge."
      RenderBlock {P} at (0,274) size 768x34
        RenderText {#text} at (0,0) size 737x34
          text run at (0,0) width 737: "In the second column, three vertical strips should run along the right of the first three cells, aligning along cell F's"
          text run at (0,17) width 530: "right padding edge. (The stripes will be partially obscured by cell B's thick border.)"
      RenderBlock {P} at (0,321) size 768x51
        RenderText {#text} at (0,0) size 758x51
          text run at (0,0) width 756: "In the third column, there should be three vertical stripes should run across the top of the first cell and down the left"
          text run at (0,17) width 758: "of the column, aligning along cell K's left padding edge. In border-collapse mode, they will be partially obscured by cell"
          text run at (0,34) width 107: "B's thick border."
      RenderBlock {DL} at (0,385) size 768x102
        RenderBlock {DT} at (0,0) size 768x17
          RenderText {#text} at (0,0) size 28x17
            text run at (0,0) width 28: "next"
        RenderBlock {DD} at (40,17) size 728x17
          RenderInline {A} at (0,0) size 342x17 [color=#FFFF00]
            RenderText {#text} at (0,0) size 342x17
              text run at (0,0) width 342: "Background with Borders: Background on 'table-cell'"
          RenderText {#text} at (0,0) size 0x0
        RenderBlock {DT} at (0,34) size 768x17
          RenderText {#text} at (0,0) size 55x17
            text run at (0,0) width 55: "previous"
        RenderBlock {DD} at (40,51) size 728x17
          RenderInline {A} at (0,0) size 343x17 [color=#FFFF00]
            RenderText {#text} at (0,0) size 343x17
              text run at (0,0) width 343: "Background with Borders: Background on 'table-row'"
          RenderText {#text} at (0,0) size 0x0
        RenderBlock {DT} at (0,68) size 768x17
          RenderText {#text} at (0,0) size 56x17
            text run at (0,0) width 56: "contents"
        RenderBlock {DD} at (40,85) size 728x17
          RenderInline {A} at (0,0) size 113x17 [color=#FFFF00]
            RenderText {#text} at (0,0) size 113x17
              text run at (0,0) width 113: "Table of Contents"
          RenderText {#text} at (0,0) size 0x0
      RenderTable {TABLE} at (0,500) size 630x487 [color=#FFFFFF] [border: (3px dotted #FFFFFF)]
        RenderBlock {CAPTION} at (0,0) size 624x25
          RenderText {#text} at (166,0) size 292x25
            text run at (166,0) width 292: "With 'border-collapse: separate'"
        RenderTableCol {COLGROUP} at (0,0) size 0x0
          RenderTableCol {COL} at (0,0) size 0x0 [bgcolor=#000000] [border: (5px dashed #FFFFFF)]
          RenderTableCol {COL} at (0,0) size 0x0 [bgcolor=#000000] [border: (9px dashed #FFFFFF)]
          RenderTableCol {COL} at (0,0) size 0x0 [bgcolor=#000000] [border: (5px dashed #FFFFFF)]
        RenderTableCol {COLGROUP} at (0,0) size 0x0
          RenderTableCol {COL} at (0,0) size 0x0
        RenderTableSection {THEAD} at (3,28) size 624x114
          RenderTableRow {TR} at (0,7) size 624x100
            RenderTableCell {TH} at (7,38) size 138x37 [border: (5px dashed #FFFFFF)] [r=0 c=0 rs=1 cs=1]
              RenderText {#text} at (46,6) size 46x25
                text run at (46,6) width 46: "TH A"
            RenderTableCell {TH} at (152,30) size 220x53 [border: (13px dotted #FFFFFF)] [r=0 c=1 rs=1 cs=1]
              RenderText {#text} at (87,14) size 46x25
                text run at (87,14) width 46: "TH B"
            RenderTableCell {TH} at (379,42) size 118x29 [border: (1px dotted #FFFFFF)] [r=0 c=2 rs=1 cs=1]
              RenderText {#text} at (36,2) size 46x25
                text run at (36,2) width 46: "TH C"
            RenderTableCell {TH} at (504,42) size 113x29 [border: (1px dotted #FFFFFF)] [r=0 c=3 rs=1 cs=1]
              RenderText {#text} at (34,2) size 45x25
                text run at (34,2) width 45: "TH D"
        RenderTableSection {TFOOT} at (3,355) size 624x129
          RenderTableRow {TR} at (0,7) size 624x115
            RenderTableCell {TD} at (7,46) size 365x37 [border: (5px dashed #FFFFFF)] [r=0 c=0 rs=1 cs=2]
              RenderText {#text} at (6,6) size 47x25
                text run at (6,6) width 47: "TD M"
            RenderTableCell {TD} at (379,50) size 118x29 [border: (1px dotted #FFFFFF)] [r=0 c=2 rs=1 cs=1]
              RenderText {#text} at (2,2) size 46x25
                text run at (2,2) width 46: "TD O"
            RenderTableCell {TD} at (504,50) size 113x29 [border: (1px dotted #FFFFFF)] [r=0 c=3 rs=1 cs=1]
              RenderText {#text} at (2,2) size 44x25
                text run at (2,2) width 44: "TD P"
        RenderTableSection {TBODY} at (3,142) size 624x213
          RenderTableRow {TR} at (0,7) size 624x108
            RenderTableCell {TD} at (7,80) size 138x53 [border: (13px dotted #FFFFFF)] [r=0 c=0 rs=2 cs=1]
              RenderText {#text} at (14,14) size 44x25
                text run at (14,14) width 44: "TD E"
            RenderTableCell {TD} at (152,38) size 220x45 [border: (9px dashed #FFFFFF)] [r=0 c=1 rs=1 cs=1]
              RenderText {#text} at (10,10) size 43x25
                text run at (10,10) width 43: "TD F"
            RenderTableCell {TD} at (379,42) size 118x37 [border: (5px dashed #FFFFFF)] [r=0 c=2 rs=1 cs=1]
              RenderText {#text} at (6,6) size 46x25
                text run at (6,6) width 46: "TD G"
            RenderTableCell {TD} at (504,46) size 113x29 [border: (1px dotted #FFFFFF)] [r=0 c=3 rs=1 cs=1]
              RenderText {#text} at (2,2) size 45x25
                text run at (2,2) width 45: "TD H"
          RenderTableRow {TR} at (0,122) size 624x84
            RenderTableCell {TD} at (152,149) size 220x29 [border: (1px dotted #FFFFFF)] [r=1 c=1 rs=1 cs=1]
              RenderText {#text} at (2,2) size 42x25
                text run at (2,2) width 42: "TD J"
            RenderTableCell {TD} at (379,149) size 118x29 [border: (1px dotted #FFFFFF)] [r=1 c=2 rs=1 cs=1]
              RenderText {#text} at (2,2) size 45x25
                text run at (2,2) width 45: "TD K"
            RenderTableCell {TD} at (504,149) size 113x29 [border: (1px dotted #FFFFFF)] [r=1 c=3 rs=1 cs=1]
              RenderText {#text} at (2,2) size 43x25
                text run at (2,2) width 43: "TD L"
      RenderTable {TABLE} at (0,987) size 588x439 [color=#FFFFFF] [border: (6px dotted #FFFFFF)]
        RenderBlock {CAPTION} at (0,0) size 584x25
          RenderText {#text} at (147,0) size 290x25
            text run at (147,0) width 290: "With 'border-collapse: collapse'"
        RenderTableCol {COLGROUP} at (0,0) size 0x0
          RenderTableCol {COL} at (0,0) size 0x0 [bgcolor=#000000] [border: (5px dashed #FFFFFF)]
          RenderTableCol {COL} at (0,0) size 0x0 [bgcolor=#000000] [border: (9px dashed #FFFFFF)]
          RenderTableCol {COL} at (0,0) size 0x0 [bgcolor=#000000] [border: (5px dashed #FFFFFF)]
        RenderTableCol {COLGROUP} at (0,0) size 0x0
          RenderTableCol {COL} at (0,0) size 0x0
        RenderTableSection {THEAD} at (2,31) size 584x100
          RenderTableRow {TR} at (0,0) size 584x100
            RenderTableCell {TH} at (0,32) size 137x36 [border: (3px dashed #FFFFFF)] [r=0 c=0 rs=1 cs=1]
              RenderText {#text} at (44,4) size 46x25
                text run at (44,4) width 46: "TH A"
            RenderTableCell {TH} at (137,30) size 207x40 [border: (7px dotted #FFFFFF)] [r=0 c=1 rs=1 cs=1]
              RenderText {#text} at (81,8) size 46x25
                text run at (81,8) width 46: "TH B"
            RenderTableCell {TH} at (344,34) size 125x32 [border: (3px dotted #FFFFFF)] [r=0 c=2 rs=1 cs=1]
              RenderText {#text} at (42,4) size 46x25
                text run at (42,4) width 46: "TH C"
            RenderTableCell {TH} at (469,35) size 115x29 [border: (2px dotted #FFFFFF)] [r=0 c=3 rs=1 cs=1]
              RenderText {#text} at (36,3) size 45x25
                text run at (36,3) width 45: "TH D"
        RenderTableSection {TFOOT} at (2,321) size 584x115
          RenderTableRow {TR} at (0,0) size 584x115
            RenderTableCell {TD} at (0,39) size 344x36 [border: (7px dashed #FFFFFF)] [r=0 c=0 rs=1 cs=2]
              RenderText {#text} at (4,8) size 47x25
                text run at (4,8) width 47: "TD M"
            RenderTableCell {TD} at (344,42) size 125x30 [border: (1px dotted #FFFFFF)] [r=0 c=2 rs=1 cs=1]
              RenderText {#text} at (6,2) size 46x25
                text run at (6,2) width 46: "TD O"
            RenderTableCell {TD} at (469,43) size 115x29 [border: (1px dotted #FFFFFF)] [r=0 c=3 rs=1 cs=1]
              RenderText {#text} at (4,2) size 44x25
                text run at (4,2) width 44: "TD P"
        RenderTableSection {TBODY} at (2,131) size 584x190
          RenderTableRow {TR} at (0,0) size 584x107
            RenderTableCell {TD} at (0,75) size 137x40 [border: (7px dotted #FFFFFF)] [r=0 c=0 rs=2 cs=1]
              RenderText {#text} at (8,8) size 44x25
                text run at (8,8) width 44: "TD E"
            RenderTableCell {TD} at (137,34) size 207x38 [border: (7px dashed #FFFFFF)] [r=0 c=1 rs=1 cs=1]
              RenderText {#text} at (8,8) size 43x25
                text run at (8,8) width 43: "TD F"
            RenderTableCell {TD} at (344,37) size 125x32 [border: (3px dashed #FFFFFF)] [r=0 c=2 rs=1 cs=1]
              RenderText {#text} at (6,4) size 46x25
                text run at (6,4) width 46: "TD G"
            RenderTableCell {TD} at (469,39) size 115x28 [border: (1px dotted #FFFFFF)] [r=0 c=3 rs=1 cs=1]
              RenderText {#text} at (4,2) size 45x25
                text run at (4,2) width 45: "TD H"
          RenderTableRow {TR} at (0,107) size 584x83
            RenderTableCell {TD} at (137,131) size 207x34 [border: (5px dotted #FFFFFF)] [r=1 c=1 rs=1 cs=1]
              RenderText {#text} at (8,6) size 42x25
                text run at (8,6) width 42: "TD J"
            RenderTableCell {TD} at (344,133) size 125x30 [border: (3px dotted #FFFFFF)] [r=1 c=2 rs=1 cs=1]
              RenderText {#text} at (6,4) size 45x25
                text run at (6,4) width 45: "TD K"
            RenderTableCell {TD} at (469,134) size 115x28 [border: (1px dotted #FFFFFF)] [r=1 c=3 rs=1 cs=1]
              RenderText {#text} at (4,2) size 43x25
                text run at (4,2) width 43: "TD L"
      RenderBlock {DIV} at (0,1426) size 768x35
        RenderInline {A} at (0,0) size 88x17 [color=#FFFF00]
          RenderImage {IMG} at (0,0) size 88x31
        RenderText {#text} at (0,0) size 0x0
      RenderBlock {ADDRESS} at (0,1461) size 768x18
        RenderText {#text} at (0,0) size 517x18
          text run at (0,0) width 517: "CSS2 Table Backgrounds Test Suite designed and written by fantasai <fantasai@escape.com>"
