layer at (0,0) size 784x1464
  RenderView at (0,0) size 784x600
layer at (0,0) size 784x1464
  RenderBlock {HTML} at (0,0) size 784x1464
    RenderBody {BODY} at (8,17) size 768x1439 [color=#00FF00] [bgcolor=#333333]
      RenderBlock {H1} at (0,0) size 768x34
        RenderText {#text} at (0,0) size 483x34
          text run at (0,0) width 483: "CSS2 Table Backgrounds Test Suite"
      RenderBlock {H2} at (0,51) size 768x27
        RenderText {#text} at (0,0) size 343x27
          text run at (0,0) width 343: "Part D: Background with Borders"
      RenderBlock {H3} at (0,94) size 768x20
        RenderText {#text} at (0,0) size 203x20
          text run at (0,0) width 203: "Background on 'table-row'"
      RenderBlock {P} at (0,129) size 768x17
        RenderText {#text} at (0,0) size 142x17
          text run at (0,0) width 142: "Three rows are styled."
      RenderBlock {P} at (0,159) size 768x51
        RenderText {#text} at (0,0) size 762x51
          text run at (0,0) width 761: "The first row should have three aqua stripes just inside the bottom and right padding edges of its last cell. The bottom"
          text run at (0,17) width 762: "three stripes should continue across the row, appearing along the bottom of cells A, B, and C. (The bottom aqua stripe"
          text run at (0,34) width 357: "will be obscured by the thicker bottom border in cell B.)"
      RenderBlock {P} at (0,223) size 768x34
        RenderText {#text} at (0,0) size 710x34
          text run at (0,0) width 710: "The second row should have three vertical aqua stripes a few pixels to the right of the left padding edge. Three"
          text run at (0,17) width 665: "horizontal aqua stripes should cut across the first cell and align along the bottom border edge of cell G."
      RenderBlock {P} at (0,270) size 768x34
        RenderText {#text} at (0,0) size 761x34
          text run at (0,0) width 761: "The third row should have three horizontal aqua stripes along the top of the last three cells, aligning along cell K's top"
          text run at (0,17) width 349: "padding edge. The stripes will not continue into cell E."
      RenderBlock {DL} at (0,317) size 768x102
        RenderBlock {DT} at (0,0) size 768x17
          RenderText {#text} at (0,0) size 28x17
            text run at (0,0) width 28: "next"
        RenderBlock {DD} at (40,17) size 728x17
          RenderInline {A} at (0,0) size 368x17 [color=#FFFF00]
            RenderText {#text} at (0,0) size 368x17
              text run at (0,0) width 368: "Background with Borders: Background on 'table-column'"
          RenderText {#text} at (0,0) size 0x0
        RenderBlock {DT} at (0,34) size 768x17
          RenderText {#text} at (0,0) size 55x17
            text run at (0,0) width 55: "previous"
        RenderBlock {DD} at (40,51) size 728x17
          RenderInline {A} at (0,0) size 410x17 [color=#FFFF00]
            RenderText {#text} at (0,0) size 410x17
              text run at (0,0) width 410: "Background with Borders: Background on 'table-column-group'"
          RenderText {#text} at (0,0) size 0x0
        RenderBlock {DT} at (0,68) size 768x17
          RenderText {#text} at (0,0) size 56x17
            text run at (0,0) width 56: "contents"
        RenderBlock {DD} at (40,85) size 728x17
          RenderInline {A} at (0,0) size 113x17 [color=#FFFF00]
            RenderText {#text} at (0,0) size 113x17
              text run at (0,0) width 113: "Table of Contents"
          RenderText {#text} at (0,0) size 0x0
      RenderTable {TABLE} at (0,432) size 630x495 [color=#FFFFFF] [border: (3px dotted #FFFFFF)]
        RenderBlock {CAPTION} at (0,0) size 624x25
          RenderText {#text} at (166,0) size 292x25
            text run at (166,0) width 292: "With 'border-collapse: separate'"
        RenderTableCol {COLGROUP} at (0,0) size 0x0
          RenderTableCol {COL} at (0,0) size 0x0
          RenderTableCol {COL} at (0,0) size 0x0
          RenderTableCol {COL} at (0,0) size 0x0
        RenderTableCol {COLGROUP} at (0,0) size 0x0
          RenderTableCol {COL} at (0,0) size 0x0
        RenderTableSection {THEAD} at (3,28) size 624x122
          RenderTableRow {TR} at (0,7) size 624x108 [bgcolor=#000000] [border: (5px dashed #FFFFFF)]
            RenderTableCell {TH} at (7,46) size 130x29 [border: (1px dotted #FFFFFF)] [r=0 c=0 rs=1 cs=1]
              RenderText {#text} at (42,2) size 46x25
                text run at (42,2) width 46: "TH A"
            RenderTableCell {TH} at (144,34) size 220x53 [border: (13px dotted #FFFFFF)] [r=0 c=1 rs=1 cs=1]
              RenderText {#text} at (87,14) size 46x25
                text run at (87,14) width 46: "TH B"
            RenderTableCell {TH} at (371,46) size 118x29 [border: (1px dotted #FFFFFF)] [r=0 c=2 rs=1 cs=1]
              RenderText {#text} at (36,2) size 46x25
                text run at (36,2) width 46: "TH C"
            RenderTableCell {TH} at (496,42) size 121x37 [border: (5px dashed #FFFFFF)] [r=0 c=3 rs=1 cs=1]
              RenderText {#text} at (38,6) size 45x25
                text run at (38,6) width 45: "TH D"
        RenderTableSection {TFOOT} at (3,363) size 624x129
          RenderTableRow {TR} at (0,7) size 624x115
            RenderTableCell {TD} at (7,50) size 357x29 [border: (1px dotted #FFFFFF)] [r=0 c=0 rs=1 cs=2]
              RenderText {#text} at (2,2) size 47x25
                text run at (2,2) width 47: "TD M"
            RenderTableCell {TD} at (371,50) size 118x29 [border: (1px dotted #FFFFFF)] [r=0 c=2 rs=1 cs=1]
              RenderText {#text} at (2,2) size 46x25
                text run at (2,2) width 46: "TD O"
            RenderTableCell {TD} at (496,50) size 121x29 [border: (1px dotted #FFFFFF)] [r=0 c=3 rs=1 cs=1]
              RenderText {#text} at (2,2) size 44x25
                text run at (2,2) width 44: "TD P"
        RenderTableSection {TBODY} at (3,150) size 624x213
          RenderTableRow {TR} at (0,7) size 624x108 [bgcolor=#000000] [border: (9px dashed #FFFFFF)]
            RenderTableCell {TD} at (7,80) size 130x53 [border: (13px dotted #FFFFFF)] [r=0 c=0 rs=2 cs=1]
              RenderText {#text} at (14,14) size 44x25
                text run at (14,14) width 44: "TD E"
            RenderTableCell {TD} at (144,46) size 220x29 [border: (1px dotted #FFFFFF)] [r=0 c=1 rs=1 cs=1]
              RenderText {#text} at (2,2) size 43x25
                text run at (2,2) width 43: "TD F"
            RenderTableCell {TD} at (371,38) size 118x45 [border: (9px dashed #FFFFFF)] [r=0 c=2 rs=1 cs=1]
              RenderText {#text} at (10,10) size 46x25
                text run at (10,10) width 46: "TD G"
            RenderTableCell {TD} at (496,46) size 121x29 [border: (1px dotted #FFFFFF)] [r=0 c=3 rs=1 cs=1]
              RenderText {#text} at (2,2) size 45x25
                text run at (2,2) width 45: "TD H"
          RenderTableRow {TR} at (0,122) size 624x84 [bgcolor=#000000] [border: (5px dashed #FFFFFF)]
            RenderTableCell {TD} at (144,149) size 220x29 [border: (1px dotted #FFFFFF)] [r=1 c=1 rs=1 cs=1]
              RenderText {#text} at (2,2) size 42x25
                text run at (2,2) width 42: "TD J"
            RenderTableCell {TD} at (371,145) size 118x37 [border: (5px dashed #FFFFFF)] [r=1 c=2 rs=1 cs=1]
              RenderText {#text} at (6,6) size 45x25
                text run at (6,6) width 45: "TD K"
            RenderTableCell {TD} at (496,149) size 121x29 [border: (1px dotted #FFFFFF)] [r=1 c=3 rs=1 cs=1]
              RenderText {#text} at (2,2) size 43x25
                text run at (2,2) width 43: "TD L"
      RenderTable {TABLE} at (0,927) size 590x459 [color=#FFFFFF] [border: (6px dotted #FFFFFF)]
        RenderBlock {CAPTION} at (0,0) size 585x25
          RenderText {#text} at (147,0) size 291x25
            text run at (147,0) width 291: "With 'border-collapse: collapse'"
        RenderTableCol {COLGROUP} at (0,0) size 0x0
          RenderTableCol {COL} at (0,0) size 0x0
          RenderTableCol {COL} at (0,0) size 0x0
          RenderTableCol {COL} at (0,0) size 0x0
        RenderTableCol {COLGROUP} at (0,0) size 0x0
          RenderTableCol {COL} at (0,0) size 0x0
        RenderTableSection {THEAD} at (2,31) size 585x105
          RenderTableRow {TR} at (0,0) size 585x105 [bgcolor=#000000] [border: (5px dashed #FFFFFF)]
            RenderTableCell {TH} at (0,34) size 137x36 [border: (3px dotted #FFFFFF)] [r=0 c=0 rs=1 cs=1]
              RenderText {#text} at (44,4) size 46x25
                text run at (44,4) width 46: "TH A"
            RenderTableCell {TH} at (137,32) size 207x40 [border: (7px dotted #FFFFFF)] [r=0 c=1 rs=1 cs=1]
              RenderText {#text} at (81,8) size 46x25
                text run at (81,8) width 46: "TH B"
            RenderTableCell {TH} at (344,35) size 125x34 [border: (3px dotted #FFFFFF)] [r=0 c=2 rs=1 cs=1]
              RenderText {#text} at (42,4) size 46x25
                text run at (42,4) width 46: "TH C"
            RenderTableCell {TH} at (469,35) size 116x34 [border: (3px dashed #FFFFFF)] [r=0 c=3 rs=1 cs=1]
              RenderText {#text} at (36,4) size 45x25
                text run at (36,4) width 45: "TH D"
        RenderTableSection {TFOOT} at (2,340) size 585x117
          RenderTableRow {TR} at (0,0) size 585x117
            RenderTableCell {TD} at (0,41) size 344x35 [border: (7px dotted #FFFFFF)] [r=0 c=0 rs=1 cs=2]
              RenderText {#text} at (3,8) size 47x25
                text run at (3,8) width 47: "TD M"
            RenderTableCell {TD} at (344,43) size 125x31 [border: (3px dotted #FFFFFF)] [r=0 c=2 rs=1 cs=1]
              RenderText {#text} at (2,4) size 46x25
                text run at (2,4) width 46: "TD O"
            RenderTableCell {TD} at (469,43) size 116x31 [border: (3px dotted #FFFFFF)] [r=0 c=3 rs=1 cs=1]
              RenderText {#text} at (2,4) size 44x25
                text run at (2,4) width 44: "TD P"
        RenderTableSection {TBODY} at (2,136) size 585x204
          RenderTableRow {TR} at (0,0) size 585x115 [bgcolor=#000000] [border: (9px dashed #FFFFFF)]
            RenderTableCell {TD} at (0,82) size 137x40 [border: (7px dotted #FFFFFF)] [r=0 c=0 rs=2 cs=1]
              RenderText {#text} at (8,8) size 44x25
                text run at (8,8) width 44: "TD E"
            RenderTableCell {TD} at (137,38) size 207x38 [border: (7px dotted #FFFFFF)] [r=0 c=1 rs=1 cs=1]
              RenderText {#text} at (8,8) size 43x25
                text run at (8,8) width 43: "TD F"
            RenderTableCell {TD} at (344,39) size 125x36 [border: (5px dashed #FFFFFF)] [r=0 c=2 rs=1 cs=1]
              RenderText {#text} at (6,6) size 46x25
                text run at (6,6) width 46: "TD G"
            RenderTableCell {TD} at (469,39) size 116x36 [border: (5px dotted #FFFFFF)] [r=0 c=3 rs=1 cs=1]
              RenderText {#text} at (6,6) size 45x25
                text run at (6,6) width 45: "TD H"
          RenderTableRow {TR} at (0,115) size 585x89 [bgcolor=#000000] [border: (5px dashed #FFFFFF)]
            RenderTableCell {TD} at (137,142) size 207x34 [border: (5px dotted #FFFFFF)] [r=1 c=1 rs=1 cs=1]
              RenderText {#text} at (8,6) size 42x25
                text run at (8,6) width 42: "TD J"
            RenderTableCell {TD} at (344,142) size 125x34 [border: (5px dashed #FFFFFF)] [r=1 c=2 rs=1 cs=1]
              RenderText {#text} at (4,6) size 45x25
                text run at (4,6) width 45: "TD K"
            RenderTableCell {TD} at (469,142) size 116x34 [border: (5px dotted #FFFFFF)] [r=1 c=3 rs=1 cs=1]
              RenderText {#text} at (4,6) size 43x25
                text run at (4,6) width 43: "TD L"
      RenderBlock {DIV} at (0,1386) size 768x35
        RenderInline {A} at (0,0) size 88x17 [color=#FFFF00]
          RenderImage {IMG} at (0,0) size 88x31
        RenderText {#text} at (0,0) size 0x0
      RenderBlock {ADDRESS} at (0,1421) size 768x18
        RenderText {#text} at (0,0) size 517x18
          text run at (0,0) width 517: "CSS2 Table Backgrounds Test Suite designed and written by fantasai <fantasai@escape.com>"
