layer at (0,0) size 800x600
  RenderView at (0,0) size 800x600
layer at (0,0) size 800x600
  RenderBlock {HTML} at (0,0) size 800x600
    RenderBody {BODY} at (8,8) size 784x584
      RenderText {#text} at (206,32) size 255x17
        text run at (206,32) width 255: " --> This should be outside the textarea."
layer at (10,10) size 202x42 clip at (11,11) size 200x40
  RenderTextControl {TEXTAREA} at (2,2) size 202x42 [bgcolor=#FFFFFF] [border: (1px solid #000000)]
    RenderBlock {DIV} at (3,3) size 196x18
      RenderText {#text} at (0,0) size 29x17
        text run at (0,0) width 25: "<!--"
        text run at (24,0) width 5: " "
