layer at (0,0) size 784x748
  RenderView at (0,0) size 784x600
layer at (0,0) size 784x748
  RenderBlock {HTML} at (0,0) size 784x748
    RenderBody {BODY} at (8,8) size 768x724
      RenderBlock (anonymous) at (0,0) size 768x18
        RenderInline {DIV} at (0,0) size 529x16 [color=#FFFFFF] [bgcolor=#FF0000]
          RenderText {#text} at (0,1) size 529x16
            text run at (0,1) width 529: "Ahem_font_required_for_this_test."
        RenderText {#text} at (0,0) size 0x0
      RenderBlock {P} at (16,34) size 736x18 [color=#008000]
        RenderText {#text} at (0,0) size 365x17
          text run at (0,0) width 365: "This line should be green. There should be no red below."
      RenderBlock {P} at (16,68) size 96x32 [color=#008000]
        RenderInline {SPAN} at (0,0) size 81x32 [color=#FFFFFF] [bgcolor=#FF0000]
          RenderText {#text} at (0,0) size 81x32
            text run at (0,0) width 81: "FAIL-"
            text run at (0,16) width 17: "a"
        RenderText {#text} at (0,0) size 0x0
      RenderBlock {P} at (16,116) size 96x32 [color=#008000]
        RenderInline {SPAN} at (0,0) size 81x32 [color=#FFFFFF] [bgcolor=#FF0000]
          RenderText {#text} at (0,0) size 81x32
            text run at (0,0) width 81: "FAIL-"
            text run at (0,16) width 17: "b"
        RenderText {#text} at (0,0) size 0x0
      RenderBlock {P} at (16,164) size 96x32 [color=#008000]
        RenderInline {SPAN} at (0,0) size 81x32 [color=#FFFFFF] [bgcolor=#FF0000]
          RenderText {#text} at (0,0) size 81x32
            text run at (0,0) width 81: "FAIL-"
            text run at (0,16) width 17: "c"
        RenderText {#text} at (0,0) size 0x0
      RenderBlock {P} at (16,212) size 96x32 [color=#008000]
        RenderInline {SPAN} at (0,0) size 81x32 [color=#FFFFFF] [bgcolor=#FF0000]
          RenderText {#text} at (0,0) size 81x32
            text run at (0,0) width 81: "FAIL-"
            text run at (0,16) width 17: "d"
        RenderText {#text} at (0,0) size 0x0
      RenderBlock {P} at (16,260) size 96x32 [color=#008000]
        RenderInline {SPAN} at (0,0) size 81x32 [color=#FFFFFF] [bgcolor=#FF0000]
          RenderText {#text} at (0,0) size 81x32
            text run at (0,0) width 81: "FAIL-"
            text run at (0,16) width 17: "e"
        RenderText {#text} at (0,0) size 0x0
      RenderBlock {P} at (16,308) size 96x32 [color=#008000]
        RenderInline {SPAN} at (0,0) size 81x32 [color=#FFFFFF] [bgcolor=#FF0000]
          RenderText {#text} at (0,0) size 81x32
            text run at (0,0) width 81: "FAIL-"
            text run at (0,16) width 17: "f"
        RenderText {#text} at (0,0) size 0x0
      RenderBlock {P} at (16,356) size 96x32 [color=#008000]
        RenderInline {SPAN} at (0,0) size 81x32 [color=#FFFFFF] [bgcolor=#FF0000]
          RenderText {#text} at (0,0) size 81x32
            text run at (0,0) width 81: "FAIL-"
            text run at (0,16) width 17: "g"
        RenderText {#text} at (0,0) size 0x0
      RenderBlock {P} at (16,404) size 96x32 [color=#008000]
        RenderInline {SPAN} at (0,0) size 81x32 [color=#FFFFFF] [bgcolor=#FF0000]
          RenderText {#text} at (0,0) size 81x32
            text run at (0,0) width 81: "FAIL-"
            text run at (0,16) width 17: "h"
        RenderText {#text} at (0,0) size 0x0
      RenderBlock {P} at (16,452) size 96x32 [color=#008000]
        RenderInline {SPAN} at (0,0) size 81x32 [color=#FFFFFF] [bgcolor=#FF0000]
          RenderText {#text} at (0,0) size 81x32
            text run at (0,0) width 81: "FAIL-"
            text run at (0,16) width 17: "i"
        RenderText {#text} at (0,0) size 0x0
      RenderBlock {P} at (16,500) size 96x32 [color=#008000]
        RenderInline {SPAN} at (0,0) size 81x32 [color=#FFFFFF] [bgcolor=#FF0000]
          RenderText {#text} at (0,0) size 81x32
            text run at (0,0) width 81: "FAIL-"
            text run at (0,16) width 17: "j"
        RenderText {#text} at (0,0) size 0x0
      RenderBlock {P} at (16,548) size 96x32 [color=#008000]
        RenderInline {SPAN} at (0,0) size 81x32 [color=#FFFFFF] [bgcolor=#FF0000]
          RenderText {#text} at (0,0) size 81x32
            text run at (0,0) width 81: "FAIL-"
            text run at (0,16) width 17: "k"
        RenderText {#text} at (0,0) size 0x0
      RenderBlock {P} at (16,596) size 96x32 [color=#008000]
        RenderInline {SPAN} at (0,0) size 81x32 [color=#FFFFFF] [bgcolor=#FF0000]
          RenderText {#text} at (0,0) size 81x32
            text run at (0,0) width 81: "FAIL-"
            text run at (0,16) width 17: "l"
        RenderText {#text} at (0,0) size 0x0
      RenderBlock {P} at (16,644) size 96x32 [color=#008000]
        RenderInline {SPAN} at (0,0) size 81x32 [color=#FFFFFF] [bgcolor=#FF0000]
          RenderText {#text} at (0,0) size 81x32
            text run at (0,0) width 81: "FAIL-"
            text run at (0,16) width 17: "m"
        RenderText {#text} at (0,0) size 0x0
      RenderBlock {P} at (16,692) size 96x32 [color=#008000]
        RenderInline {SPAN} at (0,0) size 81x32 [color=#FFFFFF] [bgcolor=#FF0000]
          RenderText {#text} at (0,0) size 81x32
            text run at (0,0) width 81: "FAIL-"
            text run at (0,16) width 17: "n"
        RenderText {#text} at (0,0) size 0x0
