layer at (0,0) size 800x600
  RenderView at (0,0) size 800x600
layer at (0,0) size 800x600
  RenderBlock {HTML} at (0,0) size 800x600
    RenderBody {BODY} at (8,8) size 784x584
      RenderText {#text} at (206,32) size 252x17
        text run at (206,32) width 252: " This should not be part of the textarea."
layer at (10,10) size 202x42 clip at (11,11) size 184x40 scrollHeight 76
  RenderTextControl {TEXTAREA} at (2,2) size 202x42 [bgcolor=#FFFFFF] [border: (1px solid #000000)]
    RenderBlock {DIV} at (3,3) size 180x72
      RenderText {#text} at (0,0) size 159x53
        text run at (0,0) width 25: "<!--"
        text run at (24,0) width 1: " "
        text run at (0,18) width 154: "This should be part of"
        text run at (153,18) width 6: " "
        text run at (0,36) width 89: "the textarea."
        text run at (88,36) width 1: " "
      RenderBR {BR} at (0,54) size 0x17
