layer at (0,0) size 800x600
  RenderView at (0,0) size 800x600
layer at (0,0) size 800x600
  RenderBlock {HTML} at (0,0) size 800x600
    RenderBody {BODY} at (0,0) size 800x600 [bgcolor=#FFFFFF]
      RenderBlock (anonymous) at (0,0) size 800x0
        RenderInline {SPAN} at (0,0) size 0x0
          RenderText {#text} at (0,0) size 0x0
          RenderInline {TDX} at (0,0) size 0x0
            RenderInline {IMGX} at (0,0) size 0x0
      RenderBlock (anonymous) at (0,0) size 800x80
        RenderTable {TABLE} at (0,0) size 800x80 [bgcolor=#FFFFFF]
          RenderTableSection {TBODY} at (0,0) size 800x80
            RenderTableRow {TR} at (0,0) size 800x20
              RenderTableCell {TD} at (0,0) size 328x60 [r=0 c=0 rs=2 cs=1]
                RenderInline {A} at (0,0) size 250x18 [color=#003399]
                  RenderImage {IMG} at (0,0) size 250x60
              RenderTableCell {TD} at (328,0) size 23x20 [r=0 c=1 rs=1 cs=1]
                RenderImage {IMG} at (5,0) size 18x20
              RenderTableCell {TD} at (351,4) size 449x12 [bgcolor=#000000] [r=0 c=2 rs=1 cs=2]
                RenderInline {FONT} at (0,0) size 341x12 [color=#FFFFFF]
                  RenderText {#text} at (0,0) size 0x0
                  RenderInline {B} at (0,0) size 341x12
                    RenderText {#text} at (108,0) size 6x12
                      text run at (108,0) width 6: "  "
                    RenderInline {A} at (0,0) size 67x12
                      RenderInline {FONT} at (0,0) size 67x12
                        RenderText {#text} at (114,0) size 67x12
                          text run at (114,0) width 67: "All Products"
                    RenderText {#text} at (181,0) size 6x12
                      text run at (181,0) width 6: "  "
                    RenderInline {FONT} at (0,0) size 5x12
                      RenderText {#text} at (187,0) size 5x12
                        text run at (187,0) width 5: "|"
                    RenderText {#text} at (192,0) size 9x12
                      text run at (192,0) width 3: " "
                      text run at (195,0) width 6: "  "
                    RenderInline {A} at (0,0) size 45x12
                      RenderInline {FONT} at (0,0) size 45x12
                        RenderText {#text} at (201,0) size 45x12
                          text run at (201,0) width 45: "Support"
                    RenderText {#text} at (246,0) size 6x12
                      text run at (246,0) width 6: "  "
                    RenderInline {FONT} at (0,0) size 5x12
                      RenderText {#text} at (252,0) size 5x12
                        text run at (252,0) width 5: "|"
                    RenderText {#text} at (257,0) size 9x12
                      text run at (257,0) width 3: " "
                      text run at (260,0) width 6: "  "
                    RenderInline {A} at (0,0) size 39x12
                      RenderInline {FONT} at (0,0) size 39x12
                        RenderText {#text} at (266,0) size 39x12
                          text run at (266,0) width 39: "Search"
                    RenderText {#text} at (305,0) size 6x12
                      text run at (305,0) width 6: "  "
                    RenderInline {FONT} at (0,0) size 5x12
                      RenderText {#text} at (311,0) size 5x12
                        text run at (311,0) width 5: "|"
                    RenderText {#text} at (316,0) size 9x12
                      text run at (316,0) width 3: " "
                      text run at (319,0) width 6: "  "
                    RenderInline {A} at (0,0) size 118x12
                      RenderInline {FONT} at (0,0) size 118x12
                        RenderText {#text} at (325,0) size 118x12
                          text run at (325,0) width 118: "microsoft.com Home"
                    RenderText {#text} at (443,0) size 6x12
                      text run at (443,0) width 6: "  "
                  RenderText {#text} at (0,0) size 0x0
            RenderTableRow {TR} at (0,20) size 800x40
              RenderTableCell {TD} at (328,20) size 472x40 [r=1 c=1 rs=1 cs=2]
                RenderInline {A} at (0,0) size 112x18 [color=#003399]
                  RenderImage {IMG} at (360,0) size 112x40
            RenderTableRow {TR} at (0,60) size 800x20
              RenderTableCell {TD} at (0,64) size 800x12 [bgcolor=#6699CC] [r=2 c=0 rs=1 cs=4]
                RenderInline {FONT} at (0,0) size 581x12 [color=#FFFFFF]
                  RenderInline {B} at (0,0) size 581x12
                    RenderText {#text} at (0,0) size 6x12
                      text run at (0,0) width 6: "  "
                    RenderInline {A} at (0,0) size 33x12
                      RenderInline {FONT} at (0,0) size 33x12
                        RenderText {#text} at (6,0) size 33x12
                          text run at (6,0) width 33: "Home"
                    RenderText {#text} at (39,0) size 6x12
                      text run at (39,0) width 6: "  "
                    RenderInline {FONT} at (0,0) size 5x12
                      RenderText {#text} at (45,0) size 5x12
                        text run at (45,0) width 5: "|"
                    RenderText {#text} at (50,0) size 9x12
                      text run at (50,0) width 3: " "
                      text run at (53,0) width 6: "  "
                    RenderInline {A} at (0,0) size 38x12
                      RenderInline {FONT} at (0,0) size 38x12
                        RenderText {#text} at (59,0) size 38x12
                          text run at (59,0) width 38: "Events"
                    RenderText {#text} at (97,0) size 6x12
                      text run at (97,0) width 6: "  "
                    RenderInline {FONT} at (0,0) size 5x12
                      RenderText {#text} at (103,0) size 5x12
                        text run at (103,0) width 5: "|"
                    RenderText {#text} at (108,0) size 9x12
                      text run at (108,0) width 3: " "
                      text run at (111,0) width 6: "  "
                    RenderInline {A} at (0,0) size 46x12
                      RenderInline {FONT} at (0,0) size 46x12
                        RenderText {#text} at (117,0) size 46x12
                          text run at (117,0) width 46: "Training"
                    RenderText {#text} at (163,0) size 6x12
                      text run at (163,0) width 6: "  "
                    RenderInline {FONT} at (0,0) size 5x12
                      RenderText {#text} at (169,0) size 5x12
                        text run at (169,0) width 5: "|"
                    RenderText {#text} at (174,0) size 9x12
                      text run at (174,0) width 3: " "
                      text run at (177,0) width 6: "  "
                    RenderInline {A} at (0,0) size 62x12
                      RenderInline {FONT} at (0,0) size 62x12
                        RenderText {#text} at (183,0) size 62x12
                          text run at (183,0) width 62: "Downloads"
                    RenderText {#text} at (245,0) size 6x12
                      text run at (245,0) width 6: "  "
                    RenderInline {FONT} at (0,0) size 5x12
                      RenderText {#text} at (251,0) size 5x12
                        text run at (251,0) width 5: "|"
                    RenderText {#text} at (256,0) size 9x12
                      text run at (256,0) width 3: " "
                      text run at (259,0) width 6: "  "
                    RenderInline {A} at (0,0) size 69x12
                      RenderInline {FONT} at (0,0) size 69x12
                        RenderText {#text} at (265,0) size 69x12
                          text run at (265,0) width 69: "Newsletters"
                    RenderText {#text} at (334,0) size 6x12
                      text run at (334,0) width 6: "  "
                    RenderInline {FONT} at (0,0) size 5x12
                      RenderText {#text} at (340,0) size 5x12
                        text run at (340,0) width 5: "|"
                    RenderText {#text} at (345,0) size 9x12
                      text run at (345,0) width 3: " "
                      text run at (348,0) width 6: "  "
                    RenderInline {A} at (0,0) size 113x12
                      RenderInline {FONT} at (0,0) size 113x12
                        RenderText {#text} at (354,0) size 113x12
                          text run at (354,0) width 113: "U.S. & International"
                    RenderText {#text} at (467,0) size 6x12
                      text run at (467,0) width 6: "  "
                    RenderInline {FONT} at (0,0) size 5x12
                      RenderText {#text} at (473,0) size 5x12
                        text run at (473,0) width 5: "|"
                    RenderText {#text} at (478,0) size 9x12
                      text run at (478,0) width 3: " "
                      text run at (481,0) width 6: "  "
                    RenderInline {A} at (0,0) size 83x12
                      RenderInline {FONT} at (0,0) size 83x12
                        RenderText {#text} at (487,0) size 83x12
                          text run at (487,0) width 83: "About Our Site"
                    RenderText {#text} at (570,0) size 6x12
                      text run at (570,0) width 6: "  "
                    RenderInline {FONT} at (0,0) size 5x12
                      RenderText {#text} at (576,0) size 5x12
                        text run at (576,0) width 5: "|"
                    RenderText {#text} at (0,0) size 0x0
      RenderBlock (anonymous) at (0,80) size 800x0
        RenderInline {SPAN} at (0,0) size 0x0
