layer at (0,0) size 785x812
  RenderView at (0,0) size 785x600
layer at (0,0) size 785x812
  RenderBlock {HTML} at (0,0) size 785x812
    RenderBody {BODY} at (8,8) size 769x796
      RenderBlock (anonymous) at (0,0) size 769x18
        RenderText {#text} at (0,0) size 4x18
          text run at (0,0) width 4: " "
      RenderTable {TABLE} at (0,18) size 769x724 [bgcolor=#FFFFCC] [border: (1px outset #808080)]
        RenderTableSection {TBODY} at (1,1) size 767x722
          RenderTableRow {TR} at (0,2) size 767x22
            RenderTableCell {TD} at (2,2) size 614x22 [border: (1px inset #808080)] [r=0 c=0 rs=1 cs=1]
              RenderText {#text} at (2,2) size 53x18
                text run at (2,2) width 53: "Cell one"
            RenderTableCell {TD} at (618,2) size 72x22 [border: (1px inset #808080)] [r=0 c=1 rs=1 cs=1]
              RenderText {#text} at (2,2) size 34x18
                text run at (2,2) width 34: "Cell2"
            RenderTableCell {TD} at (692,2) size 73x22 [border: (1px inset #808080)] [r=0 c=2 rs=1 cs=1]
              RenderText {#text} at (2,2) size 38x18
                text run at (2,2) width 38: "Cell 3"
          RenderTableRow {TR} at (0,26) size 767x22
            RenderTableCell {TD} at (2,26) size 614x22 [border: (1px inset #808080)] [r=1 c=0 rs=1 cs=1]
              RenderText {#text} at (2,2) size 38x18
                text run at (2,2) width 38: "Cell 4"
            RenderTableCell {TD} at (618,26) size 72x22 [border: (1px inset #808080)] [r=1 c=1 rs=1 cs=1]
              RenderText {#text} at (2,2) size 38x18
                text run at (2,2) width 38: "Cell 5"
            RenderTableCell {TD} at (692,26) size 73x22 [border: (1px inset #808080)] [r=1 c=2 rs=1 cs=1]
              RenderText {#text} at (2,2) size 38x18
                text run at (2,2) width 38: "Cell 6"
          RenderTableRow {TR} at (0,50) size 767x670
            RenderTableCell {TD} at (2,50) size 614x670 [border: (1px inset #808080)] [r=2 c=0 rs=1 cs=1]
              RenderTable {TABLE} at (2,2) size 610x648 [bgcolor=#DDDDDD] [border: (1px outset #808080)]
                RenderTableSection {TBODY} at (1,1) size 608x646
                  RenderTableRow {TR} at (0,2) size 608x22
                    RenderTableCell {TD} at (2,2) size 21x22 [border: (1px inset #808080)] [r=0 c=0 rs=1 cs=1]
                      RenderText {#text} at (2,2) size 8x18
                        text run at (2,2) width 8: "1"
                    RenderTableCell {TD} at (25,2) size 557x22 [border: (1px inset #808080)] [r=0 c=1 rs=1 cs=1]
                      RenderText {#text} at (2,2) size 8x18
                        text run at (2,2) width 8: "2"
                    RenderTableCell {TD} at (584,2) size 22x22 [border: (1px inset #808080)] [r=0 c=2 rs=1 cs=1]
                      RenderText {#text} at (2,2) size 8x18
                        text run at (2,2) width 8: "3"
                  RenderTableRow {TR} at (0,26) size 608x594
                    RenderTableCell {TD} at (2,312) size 21x22 [border: (1px inset #808080)] [r=1 c=0 rs=1 cs=1]
                      RenderText {#text} at (2,2) size 8x18
                        text run at (2,2) width 8: "4"
                    RenderTableCell {TD} at (25,26) size 557x594 [border: (1px inset #808080)] [r=1 c=1 rs=1 cs=1]
                      RenderTable {TABLE} at (2,2) size 553x572 [bgcolor=#66FFFF] [border: (1px outset #808080)]
                        RenderTableSection {TBODY} at (1,1) size 551x570
                          RenderTableRow {TR} at (0,2) size 551x518
                            RenderTableCell {TD} at (2,250) size 21x22 [border: (1px inset #808080)] [r=0 c=0 rs=1 cs=1]
                              RenderText {#text} at (2,2) size 8x18
                                text run at (2,2) width 8: "1"
                            RenderTableCell {TD} at (25,2) size 500x518 [border: (1px inset #808080)] [r=0 c=1 rs=1 cs=1]
                              RenderTable {TABLE} at (2,2) size 496x496 [bgcolor=#FF0000] [border: (1px outset #808080)]
                                RenderTableSection {TBODY} at (1,1) size 494x494
                                  RenderTableRow {TR} at (0,2) size 494x22
                                    RenderTableCell {TD} at (2,2) size 22x22 [border: (1px inset #808080)] [r=0 c=0 rs=1 cs=1]
                                      RenderText {#text} at (2,2) size 8x18
                                        text run at (2,2) width 8: "1"
                                    RenderTableCell {TD} at (26,2) size 22x22 [border: (1px inset #808080)] [r=0 c=1 rs=1 cs=1]
                                      RenderText {#text} at (2,2) size 8x18
                                        text run at (2,2) width 8: "2"
                                    RenderTableCell {TD} at (50,2) size 393x22 [border: (1px inset #808080)] [r=0 c=2 rs=1 cs=1]
                                      RenderText {#text} at (2,2) size 8x18
                                        text run at (2,2) width 8: "3"
                                    RenderTableCell {TD} at (445,2) size 22x22 [border: (1px inset #808080)] [r=0 c=3 rs=1 cs=1]
                                      RenderText {#text} at (2,2) size 8x18
                                        text run at (2,2) width 8: "4"
                                    RenderTableCell {TD} at (469,2) size 23x22 [border: (1px inset #808080)] [r=0 c=4 rs=1 cs=1]
                                      RenderText {#text} at (2,2) size 8x18
                                        text run at (2,2) width 8: "5"
                                  RenderTableRow {TR} at (0,26) size 494x394
                                    RenderTableCell {TD} at (2,212) size 22x22 [border: (1px inset #808080)] [r=1 c=0 rs=1 cs=1]
                                      RenderText {#text} at (2,2) size 8x18
                                        text run at (2,2) width 8: "6"
                                    RenderTableCell {TD} at (26,212) size 22x22 [border: (1px inset #808080)] [r=1 c=1 rs=1 cs=1]
                                      RenderText {#text} at (2,2) size 8x18
                                        text run at (2,2) width 8: "7"
                                    RenderTableCell {TD} at (50,26) size 393x394 [border: (1px inset #808080)] [r=1 c=2 rs=1 cs=1]
                                      RenderTable {TABLE} at (2,2) size 389x372 [bgcolor=#66FF99] [border: (1px outset #808080)]
                                        RenderTableSection {TBODY} at (1,1) size 387x370
                                          RenderTableRow {TR} at (0,2) size 387x22
                                            RenderTableCell {TD} at (2,2) size 22x22 [border: (1px inset #808080)] [r=0 c=0 rs=1 cs=1]
                                              RenderText {#text} at (2,2) size 7x18
                                                text run at (2,2) width 7: "a"
                                            RenderTableCell {TD} at (26,2) size 23x22 [border: (1px inset #808080)] [r=0 c=1 rs=1 cs=1]
                                              RenderText {#text} at (2,2) size 8x18
                                                text run at (2,2) width 8: "b"
                                            RenderTableCell {TD} at (51,2) size 283x22 [border: (1px inset #808080)] [r=0 c=2 rs=1 cs=1]
                                              RenderText {#text} at (2,2) size 7x18
                                                text run at (2,2) width 7: "c"
                                            RenderTableCell {TD} at (336,2) size 23x22 [border: (1px inset #808080)] [r=0 c=3 rs=1 cs=1]
                                              RenderText {#text} at (2,2) size 8x18
                                                text run at (2,2) width 8: "d"
                                            RenderTableCell {TD} at (361,2) size 24x22 [border: (1px inset #808080)] [r=0 c=4 rs=1 cs=1]
                                              RenderText {#text} at (2,2) size 7x18
                                                text run at (2,2) width 7: "e"
                                          RenderTableRow {TR} at (0,26) size 387x22
                                            RenderTableCell {TD} at (2,26) size 22x22 [border: (1px inset #808080)] [r=1 c=0 rs=1 cs=1]
                                              RenderText {#text} at (2,2) size 5x18
                                                text run at (2,2) width 5: "f"
                                            RenderTableCell {TD} at (26,26) size 23x22 [border: (1px inset #808080)] [r=1 c=1 rs=1 cs=1]
                                              RenderText {#text} at (2,2) size 8x18
                                                text run at (2,2) width 8: "g"
                                            RenderTableCell {TD} at (51,26) size 283x22 [border: (1px inset #808080)] [r=1 c=2 rs=1 cs=1]
                                              RenderText {#text} at (2,2) size 8x18
                                                text run at (2,2) width 8: "h"
                                            RenderTableCell {TD} at (336,26) size 23x22 [border: (1px inset #808080)] [r=1 c=3 rs=1 cs=1]
                                              RenderText {#text} at (2,2) size 4x18
                                                text run at (2,2) width 4: "i"
                                            RenderTableCell {TD} at (361,26) size 24x22 [border: (1px inset #808080)] [r=1 c=4 rs=1 cs=1]
                                              RenderText {#text} at (2,2) size 4x18
                                                text run at (2,2) width 4: "j"
                                          RenderTableRow {TR} at (0,50) size 387x270
                                            RenderTableCell {TD} at (2,174) size 22x22 [border: (1px inset #808080)] [r=2 c=0 rs=1 cs=1]
                                              RenderText {#text} at (2,2) size 8x18
                                                text run at (2,2) width 8: "k"
                                            RenderTableCell {TD} at (26,174) size 23x22 [border: (1px inset #808080)] [r=2 c=1 rs=1 cs=1]
                                              RenderText {#text} at (2,2) size 4x18
                                                text run at (2,2) width 4: "l"
                                            RenderTableCell {TD} at (51,50) size 283x270 [border: (1px inset #808080)] [r=2 c=2 rs=1 cs=1]
                                              RenderTable {TABLE} at (2,2) size 279x248 [bgcolor=#FF99FF] [border: (1px outset #808080)]
                                                RenderTableSection {TBODY} at (1,1) size 277x246
                                                  RenderTableRow {TR} at (0,2) size 277x22
                                                    RenderTableCell {TD} at (2,2) size 24x22 [border: (1px inset #808080)] [r=0 c=0 rs=1 cs=1]
                                                      RenderText {#text} at (2,2) size 7x18
                                                        text run at (2,2) width 7: "a"
                                                    RenderTableCell {TD} at (28,2) size 24x22 [border: (1px inset #808080)] [r=0 c=1 rs=1 cs=1]
                                                      RenderText {#text} at (2,2) size 8x18
                                                        text run at (2,2) width 8: "b"
                                                    RenderTableCell {TD} at (54,2) size 167x22 [border: (1px inset #808080)] [r=0 c=2 rs=1 cs=1]
                                                      RenderText {#text} at (2,2) size 7x18
                                                        text run at (2,2) width 7: "c"
                                                    RenderTableCell {TD} at (223,2) size 25x22 [border: (1px inset #808080)] [r=0 c=3 rs=1 cs=1]
                                                      RenderText {#text} at (2,2) size 8x18
                                                        text run at (2,2) width 8: "d"
                                                    RenderTableCell {TD} at (250,2) size 25x22 [border: (1px inset #808080)] [r=0 c=4 rs=1 cs=1]
                                                      RenderText {#text} at (2,2) size 7x18
                                                        text run at (2,2) width 7: "e"
                                                  RenderTableRow {TR} at (0,26) size 277x22
                                                    RenderTableCell {TD} at (2,26) size 24x22 [border: (1px inset #808080)] [r=1 c=0 rs=1 cs=1]
                                                      RenderText {#text} at (2,2) size 5x18
                                                        text run at (2,2) width 5: "f"
                                                    RenderTableCell {TD} at (28,26) size 24x22 [border: (1px inset #808080)] [r=1 c=1 rs=1 cs=1]
                                                      RenderText {#text} at (2,2) size 8x18
                                                        text run at (2,2) width 8: "g"
                                                    RenderTableCell {TD} at (54,26) size 167x22 [border: (1px inset #808080)] [r=1 c=2 rs=1 cs=1]
                                                      RenderText {#text} at (2,2) size 8x18
                                                        text run at (2,2) width 8: "h"
                                                    RenderTableCell {TD} at (223,26) size 25x22 [border: (1px inset #808080)] [r=1 c=3 rs=1 cs=1]
                                                      RenderText {#text} at (2,2) size 4x18
                                                        text run at (2,2) width 4: "i"
                                                    RenderTableCell {TD} at (250,26) size 25x22 [border: (1px inset #808080)] [r=1 c=4 rs=1 cs=1]
                                                      RenderText {#text} at (2,2) size 4x18
                                                        text run at (2,2) width 4: "j"
                                                  RenderTableRow {TR} at (0,50) size 277x146
                                                    RenderTableCell {TD} at (2,112) size 24x22 [border: (1px inset #808080)] [r=2 c=0 rs=1 cs=1]
                                                      RenderText {#text} at (2,2) size 8x18
                                                        text run at (2,2) width 8: "k"
                                                    RenderTableCell {TD} at (28,112) size 24x22 [border: (1px inset #808080)] [r=2 c=1 rs=1 cs=1]
                                                      RenderText {#text} at (2,2) size 4x18
                                                        text run at (2,2) width 4: "l"
                                                    RenderTableCell {TD} at (54,50) size 167x146 [border: (1px inset #808080)] [r=2 c=2 rs=1 cs=1]
                                                      RenderTable {TABLE} at (2,2) size 163x124 [bgcolor=#FF9900] [border: (1px outset #808080)]
                                                        RenderTableSection {TBODY} at (1,1) size 161x122
                                                          RenderTableRow {TR} at (0,2) size 161x22
                                                            RenderTableCell {TD} at (2,2) size 27x22 [border: (1px inset #808080)] [r=0 c=0 rs=1 cs=1]
                                                              RenderText {#text} at (2,2) size 7x18
                                                                text run at (2,2) width 7: "a"
                                                            RenderTableCell {TD} at (31,2) size 28x22 [border: (1px inset #808080)] [r=0 c=1 rs=1 cs=1]
                                                              RenderText {#text} at (2,2) size 8x18
                                                                text run at (2,2) width 8: "b"
                                                            RenderTableCell {TD} at (61,2) size 37x22 [border: (1px inset #808080)] [r=0 c=2 rs=1 cs=1]
                                                              RenderText {#text} at (2,2) size 7x18
                                                                text run at (2,2) width 7: "c"
                                                            RenderTableCell {TD} at (100,2) size 28x22 [border: (1px inset #808080)] [r=0 c=3 rs=1 cs=1]
                                                              RenderText {#text} at (2,2) size 8x18
                                                                text run at (2,2) width 8: "d"
                                                            RenderTableCell {TD} at (130,2) size 29x22 [border: (1px inset #808080)] [r=0 c=4 rs=1 cs=1]
                                                              RenderText {#text} at (2,2) size 7x18
                                                                text run at (2,2) width 7: "e"
                                                          RenderTableRow {TR} at (0,26) size 161x22
                                                            RenderTableCell {TD} at (2,26) size 27x22 [border: (1px inset #808080)] [r=1 c=0 rs=1 cs=1]
                                                              RenderText {#text} at (2,2) size 5x18
                                                                text run at (2,2) width 5: "f"
                                                            RenderTableCell {TD} at (31,26) size 28x22 [border: (1px inset #808080)] [r=1 c=1 rs=1 cs=1]
                                                              RenderText {#text} at (2,2) size 8x18
                                                                text run at (2,2) width 8: "g"
                                                            RenderTableCell {TD} at (61,26) size 37x22 [border: (1px inset #808080)] [r=1 c=2 rs=1 cs=1]
                                                              RenderText {#text} at (2,2) size 8x18
                                                                text run at (2,2) width 8: "h"
                                                            RenderTableCell {TD} at (100,26) size 28x22 [border: (1px inset #808080)] [r=1 c=3 rs=1 cs=1]
                                                              RenderText {#text} at (2,2) size 4x18
                                                                text run at (2,2) width 4: "i"
                                                            RenderTableCell {TD} at (130,26) size 29x22 [border: (1px inset #808080)] [r=1 c=4 rs=1 cs=1]
                                                              RenderText {#text} at (2,2) size 4x18
                                                                text run at (2,2) width 4: "j"
                                                          RenderTableRow {TR} at (0,50) size 161x22
                                                            RenderTableCell {TD} at (2,50) size 27x22 [border: (1px inset #808080)] [r=2 c=0 rs=1 cs=1]
                                                              RenderText {#text} at (2,2) size 8x18
                                                                text run at (2,2) width 8: "k"
                                                            RenderTableCell {TD} at (31,50) size 28x22 [border: (1px inset #808080)] [r=2 c=1 rs=1 cs=1]
                                                              RenderText {#text} at (2,2) size 4x18
                                                                text run at (2,2) width 4: "l"
                                                            RenderTableCell {TD} at (61,50) size 37x22 [border: (1px inset #808080)] [r=2 c=2 rs=1 cs=1]
                                                              RenderText {#text} at (2,2) size 12x18
                                                                text run at (2,2) width 12: "m"
                                                            RenderTableCell {TD} at (100,50) size 28x22 [border: (1px inset #808080)] [r=2 c=3 rs=1 cs=1]
                                                              RenderText {#text} at (2,2) size 8x18
                                                                text run at (2,2) width 8: "n"
                                                            RenderTableCell {TD} at (130,50) size 29x22 [border: (1px inset #808080)] [r=2 c=4 rs=1 cs=1]
                                                              RenderText {#text} at (2,2) size 8x18
                                                                text run at (2,2) width 8: "o"
                                                          RenderTableRow {TR} at (0,74) size 161x22
                                                            RenderTableCell {TD} at (2,74) size 27x22 [border: (1px inset #808080)] [r=3 c=0 rs=1 cs=1]
                                                              RenderText {#text} at (2,2) size 8x18
                                                                text run at (2,2) width 8: "p"
                                                            RenderTableCell {TD} at (31,74) size 28x22 [border: (1px inset #808080)] [r=3 c=1 rs=1 cs=1]
                                                              RenderText {#text} at (2,2) size 8x18
                                                                text run at (2,2) width 8: "q"
                                                            RenderTableCell {TD} at (61,74) size 37x22 [border: (1px inset #808080)] [r=3 c=2 rs=1 cs=1]
                                                              RenderText {#text} at (2,2) size 5x18
                                                                text run at (2,2) width 5: "r"
                                                            RenderTableCell {TD} at (100,74) size 28x22 [border: (1px inset #808080)] [r=3 c=3 rs=1 cs=1]
                                                              RenderText {#text} at (2,2) size 6x18
                                                                text run at (2,2) width 6: "s"
                                                            RenderTableCell {TD} at (130,74) size 29x22 [border: (1px inset #808080)] [r=3 c=4 rs=1 cs=1]
                                                              RenderText {#text} at (2,2) size 4x18
                                                                text run at (2,2) width 4: "t"
                                                          RenderTableRow {TR} at (0,98) size 161x22
                                                            RenderTableCell {TD} at (2,98) size 27x22 [border: (1px inset #808080)] [r=4 c=0 rs=1 cs=1]
                                                              RenderText {#text} at (2,2) size 8x18
                                                                text run at (2,2) width 8: "u"
                                                            RenderTableCell {TD} at (31,98) size 28x22 [border: (1px inset #808080)] [r=4 c=1 rs=1 cs=1]
                                                              RenderText {#text} at (2,2) size 8x18
                                                                text run at (2,2) width 8: "v"
                                                            RenderTableCell {TD} at (61,98) size 37x22 [border: (1px inset #808080)] [r=4 c=2 rs=1 cs=1]
                                                              RenderText {#text} at (2,2) size 12x18
                                                                text run at (2,2) width 12: "w"
                                                            RenderTableCell {TD} at (100,98) size 28x22 [border: (1px inset #808080)] [r=4 c=3 rs=1 cs=1]
                                                              RenderText {#text} at (2,2) size 8x18
                                                                text run at (2,2) width 8: "x"
                                                            RenderTableCell {TD} at (130,98) size 29x22 [border: (1px inset #808080)] [r=4 c=4 rs=1 cs=1]
                                                              RenderText {#text} at (2,2) size 8x18
                                                                text run at (2,2) width 8: "y"
                                                      RenderBlock (anonymous) at (2,126) size 163x18
                                                        RenderText {#text} at (0,0) size 4x18
                                                          text run at (0,0) width 4: " "
                                                    RenderTableCell {TD} at (223,112) size 25x22 [border: (1px inset #808080)] [r=2 c=3 rs=1 cs=1]
                                                      RenderText {#text} at (2,2) size 8x18
                                                        text run at (2,2) width 8: "n"
                                                    RenderTableCell {TD} at (250,112) size 25x22 [border: (1px inset #808080)] [r=2 c=4 rs=1 cs=1]
                                                      RenderText {#text} at (2,2) size 8x18
                                                        text run at (2,2) width 8: "o"
                                                  RenderTableRow {TR} at (0,198) size 277x22
                                                    RenderTableCell {TD} at (2,198) size 24x22 [border: (1px inset #808080)] [r=3 c=0 rs=1 cs=1]
                                                      RenderText {#text} at (2,2) size 8x18
                                                        text run at (2,2) width 8: "p"
                                                    RenderTableCell {TD} at (28,198) size 24x22 [border: (1px inset #808080)] [r=3 c=1 rs=1 cs=1]
                                                      RenderText {#text} at (2,2) size 8x18
                                                        text run at (2,2) width 8: "q"
                                                    RenderTableCell {TD} at (54,198) size 167x22 [border: (1px inset #808080)] [r=3 c=2 rs=1 cs=1]
                                                      RenderText {#text} at (2,2) size 5x18
                                                        text run at (2,2) width 5: "r"
                                                    RenderTableCell {TD} at (223,198) size 25x22 [border: (1px inset #808080)] [r=3 c=3 rs=1 cs=1]
                                                      RenderText {#text} at (2,2) size 6x18
                                                        text run at (2,2) width 6: "s"
                                                    RenderTableCell {TD} at (250,198) size 25x22 [border: (1px inset #808080)] [r=3 c=4 rs=1 cs=1]
                                                      RenderText {#text} at (2,2) size 4x18
                                                        text run at (2,2) width 4: "t"
                                                  RenderTableRow {TR} at (0,222) size 277x22
                                                    RenderTableCell {TD} at (2,222) size 24x22 [border: (1px inset #808080)] [r=4 c=0 rs=1 cs=1]
                                                      RenderText {#text} at (2,2) size 8x18
                                                        text run at (2,2) width 8: "u"
                                                    RenderTableCell {TD} at (28,222) size 24x22 [border: (1px inset #808080)] [r=4 c=1 rs=1 cs=1]
                                                      RenderText {#text} at (2,2) size 8x18
                                                        text run at (2,2) width 8: "v"
                                                    RenderTableCell {TD} at (54,222) size 167x22 [border: (1px inset #808080)] [r=4 c=2 rs=1 cs=1]
                                                      RenderText {#text} at (2,2) size 12x18
                                                        text run at (2,2) width 12: "w"
                                                    RenderTableCell {TD} at (223,222) size 25x22 [border: (1px inset #808080)] [r=4 c=3 rs=1 cs=1]
                                                      RenderText {#text} at (2,2) size 8x18
                                                        text run at (2,2) width 8: "x"
                                                    RenderTableCell {TD} at (250,222) size 25x22 [border: (1px inset #808080)] [r=4 c=4 rs=1 cs=1]
                                                      RenderText {#text} at (2,2) size 8x18
                                                        text run at (2,2) width 8: "y"
                                              RenderBlock (anonymous) at (2,250) size 279x18
                                                RenderText {#text} at (0,0) size 4x18
                                                  text run at (0,0) width 4: " "
                                            RenderTableCell {TD} at (336,174) size 23x22 [border: (1px inset #808080)] [r=2 c=3 rs=1 cs=1]
                                              RenderText {#text} at (2,2) size 8x18
                                                text run at (2,2) width 8: "n"
                                            RenderTableCell {TD} at (361,174) size 24x22 [border: (1px inset #808080)] [r=2 c=4 rs=1 cs=1]
                                              RenderText {#text} at (2,2) size 8x18
                                                text run at (2,2) width 8: "o"
                                          RenderTableRow {TR} at (0,322) size 387x22
                                            RenderTableCell {TD} at (2,322) size 22x22 [border: (1px inset #808080)] [r=3 c=0 rs=1 cs=1]
                                              RenderText {#text} at (2,2) size 8x18
                                                text run at (2,2) width 8: "p"
                                            RenderTableCell {TD} at (26,322) size 23x22 [border: (1px inset #808080)] [r=3 c=1 rs=1 cs=1]
                                              RenderText {#text} at (2,2) size 8x18
                                                text run at (2,2) width 8: "q"
                                            RenderTableCell {TD} at (51,322) size 283x22 [border: (1px inset #808080)] [r=3 c=2 rs=1 cs=1]
                                              RenderText {#text} at (2,2) size 5x18
                                                text run at (2,2) width 5: "r"
                                            RenderTableCell {TD} at (336,322) size 23x22 [border: (1px inset #808080)] [r=3 c=3 rs=1 cs=1]
                                              RenderText {#text} at (2,2) size 6x18
                                                text run at (2,2) width 6: "s"
                                            RenderTableCell {TD} at (361,322) size 24x22 [border: (1px inset #808080)] [r=3 c=4 rs=1 cs=1]
                                              RenderText {#text} at (2,2) size 4x18
                                                text run at (2,2) width 4: "t"
                                          RenderTableRow {TR} at (0,346) size 387x22
                                            RenderTableCell {TD} at (2,346) size 22x22 [border: (1px inset #808080)] [r=4 c=0 rs=1 cs=1]
                                              RenderText {#text} at (2,2) size 8x18
                                                text run at (2,2) width 8: "u"
                                            RenderTableCell {TD} at (26,346) size 23x22 [border: (1px inset #808080)] [r=4 c=1 rs=1 cs=1]
                                              RenderText {#text} at (2,2) size 8x18
                                                text run at (2,2) width 8: "v"
                                            RenderTableCell {TD} at (51,346) size 283x22 [border: (1px inset #808080)] [r=4 c=2 rs=1 cs=1]
                                              RenderText {#text} at (2,2) size 12x18
                                                text run at (2,2) width 12: "w"
                                            RenderTableCell {TD} at (336,346) size 23x22 [border: (1px inset #808080)] [r=4 c=3 rs=1 cs=1]
                                              RenderText {#text} at (2,2) size 8x18
                                                text run at (2,2) width 8: "x"
                                            RenderTableCell {TD} at (361,346) size 24x22 [border: (1px inset #808080)] [r=4 c=4 rs=1 cs=1]
                                              RenderText {#text} at (2,2) size 8x18
                                                text run at (2,2) width 8: "y"
                                      RenderBlock (anonymous) at (2,374) size 389x18
                                        RenderText {#text} at (0,0) size 4x18
                                          text run at (0,0) width 4: " "
                                    RenderTableCell {TD} at (445,212) size 22x22 [border: (1px inset #808080)] [r=1 c=3 rs=1 cs=1]
                                      RenderText {#text} at (2,2) size 8x18
                                        text run at (2,2) width 8: "9"
                                    RenderTableCell {TD} at (469,212) size 23x22 [border: (1px inset #808080)] [r=1 c=4 rs=1 cs=1]
                                      RenderText {#text} at (2,2) size 8x18
                                        text run at (2,2) width 8: "0"
                                  RenderTableRow {TR} at (0,422) size 494x22
                                    RenderTableCell {TD} at (2,422) size 22x22 [border: (1px inset #808080)] [r=2 c=0 rs=1 cs=1]
                                      RenderText {#text} at (2,2) size 7x18
                                        text run at (2,2) width 7: "a"
                                    RenderTableCell {TD} at (26,422) size 22x22 [border: (1px inset #808080)] [r=2 c=1 rs=1 cs=1]
                                      RenderText {#text} at (2,2) size 8x18
                                        text run at (2,2) width 8: "b"
                                    RenderTableCell {TD} at (50,422) size 393x22 [border: (1px inset #808080)] [r=2 c=2 rs=1 cs=1]
                                      RenderText {#text} at (2,2) size 7x18
                                        text run at (2,2) width 7: "c"
                                    RenderTableCell {TD} at (445,422) size 22x22 [border: (1px inset #808080)] [r=2 c=3 rs=1 cs=1]
                                      RenderText {#text} at (2,2) size 8x18
                                        text run at (2,2) width 8: "d"
                                    RenderTableCell {TD} at (469,422) size 23x22 [border: (1px inset #808080)] [r=2 c=4 rs=1 cs=1]
                                      RenderText {#text} at (2,2) size 7x18
                                        text run at (2,2) width 7: "e"
                                  RenderTableRow {TR} at (0,446) size 494x22
                                    RenderTableCell {TD} at (2,446) size 22x22 [border: (1px inset #808080)] [r=3 c=0 rs=1 cs=1]
                                      RenderText {#text} at (2,2) size 5x18
                                        text run at (2,2) width 5: "f"
                                    RenderTableCell {TD} at (26,446) size 22x22 [border: (1px inset #808080)] [r=3 c=1 rs=1 cs=1]
                                      RenderText {#text} at (2,2) size 8x18
                                        text run at (2,2) width 8: "g"
                                    RenderTableCell {TD} at (50,446) size 393x22 [border: (1px inset #808080)] [r=3 c=2 rs=1 cs=1]
                                      RenderText {#text} at (2,2) size 8x18
                                        text run at (2,2) width 8: "h"
                                    RenderTableCell {TD} at (445,446) size 22x22 [border: (1px inset #808080)] [r=3 c=3 rs=1 cs=1]
                                      RenderText {#text} at (2,2) size 4x18
                                        text run at (2,2) width 4: "i"
                                    RenderTableCell {TD} at (469,446) size 23x22 [border: (1px inset #808080)] [r=3 c=4 rs=1 cs=1]
                                      RenderText {#text} at (2,2) size 4x18
                                        text run at (2,2) width 4: "j"
                                  RenderTableRow {TR} at (0,470) size 494x22
                                    RenderTableCell {TD} at (2,470) size 22x22 [border: (1px inset #808080)] [r=4 c=0 rs=1 cs=1]
                                      RenderText {#text} at (2,2) size 8x18
                                        text run at (2,2) width 8: "k"
                                    RenderTableCell {TD} at (26,470) size 22x22 [border: (1px inset #808080)] [r=4 c=1 rs=1 cs=1]
                                      RenderText {#text} at (2,2) size 4x18
                                        text run at (2,2) width 4: "l"
                                    RenderTableCell {TD} at (50,470) size 393x22 [border: (1px inset #808080)] [r=4 c=2 rs=1 cs=1]
                                      RenderText {#text} at (2,2) size 12x18
                                        text run at (2,2) width 12: "m"
                                    RenderTableCell {TD} at (445,470) size 22x22 [border: (1px inset #808080)] [r=4 c=3 rs=1 cs=1]
                                      RenderText {#text} at (2,2) size 8x18
                                        text run at (2,2) width 8: "n"
                                    RenderTableCell {TD} at (469,470) size 23x22 [border: (1px inset #808080)] [r=4 c=4 rs=1 cs=1]
                                      RenderText {#text} at (2,2) size 8x18
                                        text run at (2,2) width 8: "o"
                              RenderBlock (anonymous) at (2,498) size 496x18
                                RenderText {#text} at (0,0) size 4x18
                                  text run at (0,0) width 4: " "
                            RenderTableCell {TD} at (527,250) size 22x22 [border: (1px inset #808080)] [r=0 c=2 rs=1 cs=1]
                              RenderText {#text} at (2,2) size 8x18
                                text run at (2,2) width 8: "3"
                          RenderTableRow {TR} at (0,522) size 551x22
                            RenderTableCell {TD} at (2,522) size 21x22 [border: (1px inset #808080)] [r=1 c=0 rs=1 cs=1]
                              RenderText {#text} at (2,2) size 8x18
                                text run at (2,2) width 8: "4"
                            RenderTableCell {TD} at (25,522) size 500x22 [border: (1px inset #808080)] [r=1 c=1 rs=1 cs=1]
                              RenderText {#text} at (2,2) size 8x18
                                text run at (2,2) width 8: "5"
                            RenderTableCell {TD} at (527,522) size 22x22 [border: (1px inset #808080)] [r=1 c=2 rs=1 cs=1]
                              RenderText {#text} at (2,2) size 8x18
                                text run at (2,2) width 8: "6"
                          RenderTableRow {TR} at (0,546) size 551x22
                            RenderTableCell {TD} at (2,546) size 21x22 [border: (1px inset #808080)] [r=2 c=0 rs=1 cs=1]
                              RenderText {#text} at (2,2) size 8x18
                                text run at (2,2) width 8: "7"
                            RenderTableCell {TD} at (25,546) size 500x22 [border: (1px inset #808080)] [r=2 c=1 rs=1 cs=1]
                              RenderText {#text} at (2,2) size 8x18
                                text run at (2,2) width 8: "8"
                            RenderTableCell {TD} at (527,546) size 22x22 [border: (1px inset #808080)] [r=2 c=2 rs=1 cs=1]
                              RenderText {#text} at (2,2) size 8x18
                                text run at (2,2) width 8: "9"
                      RenderBlock (anonymous) at (2,574) size 553x18
                        RenderText {#text} at (0,0) size 4x18
                          text run at (0,0) width 4: " "
                    RenderTableCell {TD} at (584,312) size 22x22 [border: (1px inset #808080)] [r=1 c=2 rs=1 cs=1]
                      RenderText {#text} at (2,2) size 8x18
                        text run at (2,2) width 8: "6"
                  RenderTableRow {TR} at (0,622) size 608x22
                    RenderTableCell {TD} at (2,622) size 21x22 [border: (1px inset #808080)] [r=2 c=0 rs=1 cs=1]
                      RenderText {#text} at (2,2) size 8x18
                        text run at (2,2) width 8: "7"
                    RenderTableCell {TD} at (25,622) size 557x22 [border: (1px inset #808080)] [r=2 c=1 rs=1 cs=1]
                      RenderText {#text} at (2,2) size 8x18
                        text run at (2,2) width 8: "8"
                    RenderTableCell {TD} at (584,622) size 22x22 [border: (1px inset #808080)] [r=2 c=2 rs=1 cs=1]
                      RenderText {#text} at (2,2) size 8x18
                        text run at (2,2) width 8: "9"
              RenderBlock (anonymous) at (2,650) size 610x18
                RenderText {#text} at (0,0) size 4x18
                  text run at (0,0) width 4: " "
            RenderTableCell {TD} at (618,374) size 72x22 [border: (1px inset #808080)] [r=2 c=1 rs=1 cs=1]
              RenderText {#text} at (2,2) size 8x18
                text run at (2,2) width 8: "8"
            RenderTableCell {TD} at (692,374) size 73x22 [border: (1px inset #808080)] [r=2 c=2 rs=1 cs=1]
              RenderText {#text} at (2,2) size 8x18
                text run at (2,2) width 8: "9"
      RenderBlock (anonymous) at (0,742) size 769x36
        RenderText {#text} at (0,0) size 8x18
          text run at (0,0) width 8: "  "
        RenderBR {BR} at (8,14) size 0x0
        RenderText {#text} at (0,18) size 280x18
          text run at (0,18) width 280: "the following text should display on one line"
      RenderTable {TABLE} at (0,778) size 207x18
        RenderTableSection {TBODY} at (0,0) size 207x18
          RenderTableRow {TR} at (0,0) size 207x18
            RenderTableCell {TD} at (0,0) size 207x18 [bgcolor=#B70000] [r=0 c=0 rs=1 cs=1]
              RenderTable {TABLE} at (0,0) size 207x18
                RenderTableSection {TBODY} at (0,0) size 207x18
                  RenderTableRow {TR} at (0,0) size 207x18
                    RenderTableCell {TD} at (0,0) size 13x16 [r=0 c=0 rs=1 cs=1]
                      RenderImage {IMG} at (0,0) size 13x16
                    RenderTableCell {TD} at (13,0) size 190x18 [r=0 c=1 rs=1 cs=1]
                      RenderText {#text} at (0,0) size 162x18
                        text run at (0,0) width 162: "AlphaLinux Distributions"
                    RenderTableCell {TD} at (203,0) size 4x4 [r=0 c=2 rs=1 cs=1]
                      RenderImage {IMG} at (0,0) size 4x4
