layer at (0,0) size 800x600
  RenderView at (0,0) size 800x600
layer at (0,0) size 800x600
  RenderBlock {HTML} at (0,0) size 800x600
    RenderBody {BODY} at (8,8) size 784x584
      RenderTable {TABLE} at (0,0) size 784x442
        RenderTableSection {TBODY} at (0,0) size 784x442
          RenderTableRow {TR} at (0,0) size 784x13
            RenderTableCell {TD} at (0,0) size 7x13 [bgcolor=#FDFDFB] [r=0 c=0 rs=1 cs=1]
              RenderInline {FONT} at (0,0) size 3x13
                RenderText {#text} at (0,0) size 3x13
                  text run at (0,0) width 3: " "
            RenderTableCell {TD} at (7,0) size 7x13 [bgcolor=#FDFDFB] [r=0 c=1 rs=1 cs=1]
              RenderInline {FONT} at (0,0) size 3x13
                RenderText {#text} at (0,0) size 3x13
                  text run at (0,0) width 3: " "
            RenderTableCell {TD} at (14,0) size 7x13 [bgcolor=#FDFDFB] [r=0 c=2 rs=1 cs=1]
              RenderInline {FONT} at (0,0) size 3x13
                RenderText {#text} at (0,0) size 3x13
                  text run at (0,0) width 3: " "
            RenderTableCell {TD} at (21,0) size 7x13 [bgcolor=#FDFDFB] [r=0 c=3 rs=1 cs=1]
              RenderInline {FONT} at (0,0) size 3x13
                RenderText {#text} at (0,0) size 3x13
                  text run at (0,0) width 3: " "
            RenderTableCell {TD} at (28,0) size 7x13 [bgcolor=#FDFDFB] [r=0 c=4 rs=1 cs=1]
              RenderInline {FONT} at (0,0) size 3x13
                RenderText {#text} at (0,0) size 3x13
                  text run at (0,0) width 3: " "
            RenderTableCell {TD} at (35,0) size 7x13 [bgcolor=#FDFDFB] [r=0 c=5 rs=1 cs=1]
              RenderInline {FONT} at (0,0) size 3x13
                RenderText {#text} at (0,0) size 3x13
                  text run at (0,0) width 3: " "
            RenderTableCell {TD} at (42,0) size 7x13 [bgcolor=#FDFDFB] [r=0 c=6 rs=1 cs=1]
              RenderInline {FONT} at (0,0) size 3x13
                RenderText {#text} at (0,0) size 3x13
                  text run at (0,0) width 3: " "
            RenderTableCell {TD} at (49,0) size 7x13 [bgcolor=#FDFDFB] [r=0 c=7 rs=1 cs=1]
              RenderInline {FONT} at (0,0) size 3x13
                RenderText {#text} at (0,0) size 3x13
                  text run at (0,0) width 3: " "
            RenderTableCell {TD} at (56,0) size 7x13 [bgcolor=#FDFDFB] [r=0 c=8 rs=1 cs=1]
              RenderInline {FONT} at (0,0) size 3x13
                RenderText {#text} at (0,0) size 3x13
                  text run at (0,0) width 3: " "
            RenderTableCell {TD} at (63,0) size 7x13 [bgcolor=#FDFDFB] [r=0 c=9 rs=1 cs=1]
              RenderInline {FONT} at (0,0) size 3x13
                RenderText {#text} at (0,0) size 3x13
                  text run at (0,0) width 3: " "
            RenderTableCell {TD} at (70,0) size 7x13 [bgcolor=#CADEDD] [r=0 c=10 rs=1 cs=1]
              RenderInline {FONT} at (0,0) size 3x13
                RenderText {#text} at (0,0) size 3x13
                  text run at (0,0) width 3: " "
            RenderTableCell {TD} at (77,0) size 7x13 [bgcolor=#97C1C0] [r=0 c=11 rs=1 cs=1]
              RenderInline {FONT} at (0,0) size 3x13
                RenderText {#text} at (0,0) size 3x13
                  text run at (0,0) width 3: " "
            RenderTableCell {TD} at (84,0) size 7x13 [bgcolor=#5CADAE] [r=0 c=12 rs=1 cs=1]
              RenderInline {FONT} at (0,0) size 3x13
                RenderText {#text} at (0,0) size 3x13
                  text run at (0,0) width 3: " "
            RenderTableCell {TD} at (91,0) size 7x13 [bgcolor=#048485] [r=0 c=13 rs=1 cs=1]
              RenderInline {FONT} at (0,0) size 3x13
                RenderText {#text} at (0,0) size 3x13
                  text run at (0,0) width 3: " "
            RenderTableCell {TD} at (98,0) size 7x13 [bgcolor=#048485] [r=0 c=14 rs=1 cs=1]
              RenderInline {FONT} at (0,0) size 3x13
                RenderText {#text} at (0,0) size 3x13
                  text run at (0,0) width 3: " "
            RenderTableCell {TD} at (105,0) size 7x13 [bgcolor=#027777] [r=0 c=15 rs=1 cs=1]
              RenderInline {FONT} at (0,0) size 3x13
                RenderText {#text} at (0,0) size 3x13
                  text run at (0,0) width 3: " "
            RenderTableCell {TD} at (112,0) size 8x13 [bgcolor=#027777] [r=0 c=16 rs=1 cs=1]
              RenderInline {FONT} at (0,0) size 3x13
                RenderText {#text} at (0,0) size 3x13
                  text run at (0,0) width 3: " "
            RenderTableCell {TD} at (120,0) size 8x13 [bgcolor=#027777] [r=0 c=17 rs=1 cs=1]
              RenderInline {FONT} at (0,0) size 3x13
                RenderText {#text} at (0,0) size 3x13
                  text run at (0,0) width 3: " "
            RenderTableCell {TD} at (128,0) size 8x13 [bgcolor=#027777] [r=0 c=18 rs=1 cs=1]
              RenderInline {FONT} at (0,0) size 3x13
                RenderText {#text} at (0,0) size 3x13
                  text run at (0,0) width 3: " "
            RenderTableCell {TD} at (136,0) size 8x13 [bgcolor=#027777] [r=0 c=19 rs=1 cs=1]
              RenderInline {FONT} at (0,0) size 3x13
                RenderText {#text} at (0,0) size 3x13
                  text run at (0,0) width 3: " "
            RenderTableCell {TD} at (144,0) size 8x13 [bgcolor=#1B8685] [r=0 c=20 rs=1 cs=1]
              RenderInline {FONT} at (0,0) size 3x13
                RenderText {#text} at (0,0) size 3x13
                  text run at (0,0) width 3: " "
            RenderTableCell {TD} at (152,0) size 8x13 [bgcolor=#60A2A3] [r=0 c=21 rs=1 cs=1]
              RenderInline {FONT} at (0,0) size 3x13
                RenderText {#text} at (0,0) size 3x13
                  text run at (0,0) width 3: " "
            RenderTableCell {TD} at (160,0) size 8x13 [bgcolor=#8DB7B6] [r=0 c=22 rs=1 cs=1]
              RenderInline {FONT} at (0,0) size 3x13
                RenderText {#text} at (0,0) size 3x13
                  text run at (0,0) width 3: " "
            RenderTableCell {TD} at (168,0) size 8x13 [bgcolor=#CADEDD] [r=0 c=23 rs=1 cs=1]
              RenderInline {FONT} at (0,0) size 3x13
                RenderText {#text} at (0,0) size 3x13
                  text run at (0,0) width 3: " "
            RenderTableCell {TD} at (176,0) size 8x13 [bgcolor=#EDEEEF] [r=0 c=24 rs=1 cs=1]
              RenderInline {FONT} at (0,0) size 3x13
                RenderText {#text} at (0,0) size 3x13
                  text run at (0,0) width 3: " "
            RenderTableCell {TD} at (184,0) size 8x13 [bgcolor=#FDFDFB] [r=0 c=25 rs=1 cs=1]
              RenderInline {FONT} at (0,0) size 3x13
                RenderText {#text} at (0,0) size 3x13
                  text run at (0,0) width 3: " "
            RenderTableCell {TD} at (192,0) size 8x13 [bgcolor=#FDFDFB] [r=0 c=26 rs=1 cs=1]
              RenderInline {FONT} at (0,0) size 3x13
                RenderText {#text} at (0,0) size 3x13
                  text run at (0,0) width 3: " "
            RenderTableCell {TD} at (200,0) size 8x13 [bgcolor=#FDFDFB] [r=0 c=27 rs=1 cs=1]
              RenderInline {FONT} at (0,0) size 3x13
                RenderText {#text} at (0,0) size 3x13
                  text run at (0,0) width 3: " "
            RenderTableCell {TD} at (208,0) size 8x13 [bgcolor=#FDFDFB] [r=0 c=28 rs=1 cs=1]
              RenderInline {FONT} at (0,0) size 3x13
                RenderText {#text} at (0,0) size 3x13
                  text run at (0,0) width 3: " "
            RenderTableCell {TD} at (216,0) size 8x13 [bgcolor=#FDFDFB] [r=0 c=29 rs=1 cs=1]
              RenderInline {FONT} at (0,0) size 3x13
                RenderText {#text} at (0,0) size 3x13
                  text run at (0,0) width 3: " "
            RenderTableCell {TD} at (224,0) size 8x13 [bgcolor=#FDFDFB] [r=0 c=30 rs=1 cs=1]
              RenderInline {FONT} at (0,0) size 3x13
                RenderText {#text} at (0,0) size 3x13
                  text run at (0,0) width 3: " "
            RenderTableCell {TD} at (232,0) size 8x13 [bgcolor=#FDFDFB] [r=0 c=31 rs=1 cs=1]
              RenderInline {FONT} at (0,0) size 3x13
                RenderText {#text} at (0,0) size 3x13
                  text run at (0,0) width 3: " "
            RenderTableCell {TD} at (240,0) size 8x13 [bgcolor=#FDFDFB] [r=0 c=32 rs=1 cs=1]
              RenderInline {FONT} at (0,0) size 3x13
                RenderText {#text} at (0,0) size 3x13
                  text run at (0,0) width 3: " "
            RenderTableCell {TD} at (248,0) size 8x13 [bgcolor=#FDFDFB] [r=0 c=33 rs=1 cs=1]
              RenderInline {FONT} at (0,0) size 3x13
                RenderText {#text} at (0,0) size 3x13
                  text run at (0,0) width 3: " "
            RenderTableCell {TD} at (256,0) size 8x13 [bgcolor=#FDFDFB] [r=0 c=34 rs=1 cs=1]
              RenderInline {FONT} at (0,0) size 3x13
                RenderText {#text} at (0,0) size 3x13
                  text run at (0,0) width 3: " "
            RenderTableCell {TD} at (264,0) size 8x13 [bgcolor=#FDFDFB] [r=0 c=35 rs=1 cs=1]
              RenderInline {FONT} at (0,0) size 3x13
                RenderText {#text} at (0,0) size 3x13
                  text run at (0,0) width 3: " "
            RenderTableCell {TD} at (272,0) size 8x13 [bgcolor=#E0EAE9] [r=0 c=36 rs=1 cs=1]
              RenderInline {FONT} at (0,0) size 3x13
                RenderText {#text} at (0,0) size 3x13
                  text run at (0,0) width 3: " "
            RenderTableCell {TD} at (280,0) size 8x13 [bgcolor=#CADEDD] [r=0 c=37 rs=1 cs=1]
              RenderInline {FONT} at (0,0) size 3x13
                RenderText {#text} at (0,0) size 3x13
                  text run at (0,0) width 3: " "
            RenderTableCell {TD} at (288,0) size 8x13 [bgcolor=#CADEDD] [r=0 c=38 rs=1 cs=1]
              RenderInline {FONT} at (0,0) size 3x13
                RenderText {#text} at (0,0) size 3x13
                  text run at (0,0) width 3: " "
            RenderTableCell {TD} at (296,0) size 8x13 [bgcolor=#CADEDD] [r=0 c=39 rs=1 cs=1]
              RenderInline {FONT} at (0,0) size 3x13
                RenderText {#text} at (0,0) size 3x13
                  text run at (0,0) width 3: " "
            RenderTableCell {TD} at (304,0) size 8x13 [bgcolor=#CADEDD] [r=0 c=40 rs=1 cs=1]
              RenderInline {FONT} at (0,0) size 3x13
                RenderText {#text} at (0,0) size 3x13
                  text run at (0,0) width 3: " "
            RenderTableCell {TD} at (312,0) size 8x13 [bgcolor=#CADEDD] [r=0 c=41 rs=1 cs=1]
              RenderInline {FONT} at (0,0) size 3x13
                RenderText {#text} at (0,0) size 3x13
                  text run at (0,0) width 3: " "
            RenderTableCell {TD} at (320,0) size 8x13 [bgcolor=#CADEDD] [r=0 c=42 rs=1 cs=1]
              RenderInline {FONT} at (0,0) size 3x13
                RenderText {#text} at (0,0) size 3x13
                  text run at (0,0) width 3: " "
            RenderTableCell {TD} at (328,0) size 8x13 [bgcolor=#CADEDD] [r=0 c=43 rs=1 cs=1]
              RenderInline {FONT} at (0,0) size 3x13
                RenderText {#text} at (0,0) size 3x13
                  text run at (0,0) width 3: " "
            RenderTableCell {TD} at (336,0) size 8x13 [bgcolor=#CADEDD] [r=0 c=44 rs=1 cs=1]
              RenderInline {FONT} at (0,0) size 3x13
                RenderText {#text} at (0,0) size 3x13
                  text run at (0,0) width 3: " "
            RenderTableCell {TD} at (344,0) size 8x13 [bgcolor=#CADEDD] [r=0 c=45 rs=1 cs=1]
              RenderInline {FONT} at (0,0) size 3x13
                RenderText {#text} at (0,0) size 3x13
                  text run at (0,0) width 3: " "
            RenderTableCell {TD} at (352,0) size 8x13 [bgcolor=#CADEDD] [r=0 c=46 rs=1 cs=1]
              RenderInline {FONT} at (0,0) size 3x13
                RenderText {#text} at (0,0) size 3x13
                  text run at (0,0) width 3: " "
            RenderTableCell {TD} at (360,0) size 8x13 [bgcolor=#CADEDD] [r=0 c=47 rs=1 cs=1]
              RenderInline {FONT} at (0,0) size 3x13
                RenderText {#text} at (0,0) size 3x13
                  text run at (0,0) width 3: " "
            RenderTableCell {TD} at (368,0) size 8x13 [bgcolor=#CADEDD] [r=0 c=48 rs=1 cs=1]
              RenderInline {FONT} at (0,0) size 3x13
                RenderText {#text} at (0,0) size 3x13
                  text run at (0,0) width 3: " "
            RenderTableCell {TD} at (376,0) size 8x13 [bgcolor=#CADEDD] [r=0 c=49 rs=1 cs=1]
              RenderInline {FONT} at (0,0) size 3x13
                RenderText {#text} at (0,0) size 3x13
                  text run at (0,0) width 3: " "
            RenderTableCell {TD} at (384,0) size 8x13 [bgcolor=#CADEDD] [r=0 c=50 rs=1 cs=1]
              RenderInline {FONT} at (0,0) size 3x13
                RenderText {#text} at (0,0) size 3x13
                  text run at (0,0) width 3: " "
            RenderTableCell {TD} at (392,0) size 8x13 [bgcolor=#CADEDD] [r=0 c=51 rs=1 cs=1]
              RenderInline {FONT} at (0,0) size 3x13
                RenderText {#text} at (0,0) size 3x13
                  text run at (0,0) width 3: " "
            RenderTableCell {TD} at (400,0) size 8x13 [bgcolor=#EDEEEF] [r=0 c=52 rs=1 cs=1]
              RenderInline {FONT} at (0,0) size 3x13
                RenderText {#text} at (0,0) size 3x13
                  text run at (0,0) width 3: " "
            RenderTableCell {TD} at (408,0) size 8x13 [bgcolor=#FDFDFB] [r=0 c=53 rs=1 cs=1]
              RenderInline {FONT} at (0,0) size 3x13
                RenderText {#text} at (0,0) size 3x13
                  text run at (0,0) width 3: " "
            RenderTableCell {TD} at (416,0) size 8x13 [bgcolor=#FDFDFB] [r=0 c=54 rs=1 cs=1]
              RenderInline {FONT} at (0,0) size 3x13
                RenderText {#text} at (0,0) size 3x13
                  text run at (0,0) width 3: " "
            RenderTableCell {TD} at (424,0) size 8x13 [bgcolor=#E0EAE9] [r=0 c=55 rs=1 cs=1]
              RenderInline {FONT} at (0,0) size 3x13
                RenderText {#text} at (0,0) size 3x13
                  text run at (0,0) width 3: " "
            RenderTableCell {TD} at (432,0) size 8x13 [bgcolor=#CADEDD] [r=0 c=56 rs=1 cs=1]
              RenderInline {FONT} at (0,0) size 3x13
                RenderText {#text} at (0,0) size 3x13
                  text run at (0,0) width 3: " "
            RenderTableCell {TD} at (440,0) size 8x13 [bgcolor=#EDEEEF] [r=0 c=57 rs=1 cs=1]
              RenderInline {FONT} at (0,0) size 3x13
                RenderText {#text} at (0,0) size 3x13
                  text run at (0,0) width 3: " "
            RenderTableCell {TD} at (448,0) size 8x13 [bgcolor=#FDFDFB] [r=0 c=58 rs=1 cs=1]
              RenderInline {FONT} at (0,0) size 3x13
                RenderText {#text} at (0,0) size 3x13
                  text run at (0,0) width 3: " "
            RenderTableCell {TD} at (456,0) size 8x13 [bgcolor=#FDFDFB] [r=0 c=59 rs=1 cs=1]
              RenderInline {FONT} at (0,0) size 3x13
                RenderText {#text} at (0,0) size 3x13
                  text run at (0,0) width 3: " "
            RenderTableCell {TD} at (464,0) size 8x13 [bgcolor=#FDFDFB] [r=0 c=60 rs=1 cs=1]
              RenderInline {FONT} at (0,0) size 3x13
                RenderText {#text} at (0,0) size 3x13
                  text run at (0,0) width 3: " "
            RenderTableCell {TD} at (472,0) size 8x13 [bgcolor=#FDFDFB] [r=0 c=61 rs=1 cs=1]
              RenderInline {FONT} at (0,0) size 3x13
                RenderText {#text} at (0,0) size 3x13
                  text run at (0,0) width 3: " "
            RenderTableCell {TD} at (480,0) size 8x13 [bgcolor=#FDFDFB] [r=0 c=62 rs=1 cs=1]
              RenderInline {FONT} at (0,0) size 3x13
                RenderText {#text} at (0,0) size 3x13
                  text run at (0,0) width 3: " "
            RenderTableCell {TD} at (488,0) size 8x13 [bgcolor=#FDFDFB] [r=0 c=63 rs=1 cs=1]
              RenderInline {FONT} at (0,0) size 3x13
                RenderText {#text} at (0,0) size 3x13
                  text run at (0,0) width 3: " "
            RenderTableCell {TD} at (496,0) size 8x13 [bgcolor=#FDFDFB] [r=0 c=64 rs=1 cs=1]
              RenderInline {FONT} at (0,0) size 3x13
                RenderText {#text} at (0,0) size 3x13
                  text run at (0,0) width 3: " "
            RenderTableCell {TD} at (504,0) size 8x13 [bgcolor=#FDFDFB] [r=0 c=65 rs=1 cs=1]
              RenderInline {FONT} at (0,0) size 3x13
                RenderText {#text} at (0,0) size 3x13
                  text run at (0,0) width 3: " "
            RenderTableCell {TD} at (512,0) size 8x13 [bgcolor=#FDFDFB] [r=0 c=66 rs=1 cs=1]
              RenderInline {FONT} at (0,0) size 3x13
                RenderText {#text} at (0,0) size 3x13
                  text run at (0,0) width 3: " "
            RenderTableCell {TD} at (520,0) size 8x13 [bgcolor=#FDFDFB] [r=0 c=67 rs=1 cs=1]
              RenderInline {FONT} at (0,0) size 3x13
                RenderText {#text} at (0,0) size 3x13
                  text run at (0,0) width 3: " "
            RenderTableCell {TD} at (528,0) size 8x13 [bgcolor=#FDFDFB] [r=0 c=68 rs=1 cs=1]
              RenderInline {FONT} at (0,0) size 3x13
                RenderText {#text} at (0,0) size 3x13
                  text run at (0,0) width 3: " "
            RenderTableCell {TD} at (536,0) size 8x13 [bgcolor=#FDFDFB] [r=0 c=69 rs=1 cs=1]
              RenderInline {FONT} at (0,0) size 3x13
                RenderText {#text} at (0,0) size 3x13
                  text run at (0,0) width 3: " "
            RenderTableCell {TD} at (544,0) size 8x13 [bgcolor=#FDFDFB] [r=0 c=70 rs=1 cs=1]
              RenderInline {FONT} at (0,0) size 3x13
                RenderText {#text} at (0,0) size 3x13
                  text run at (0,0) width 3: " "
            RenderTableCell {TD} at (552,0) size 8x13 [bgcolor=#FDFDFB] [r=0 c=71 rs=1 cs=1]
              RenderInline {FONT} at (0,0) size 3x13
                RenderText {#text} at (0,0) size 3x13
                  text run at (0,0) width 3: " "
            RenderTableCell {TD} at (560,0) size 8x13 [bgcolor=#EDEEEF] [r=0 c=72 rs=1 cs=1]
              RenderInline {FONT} at (0,0) size 3x13
                RenderText {#text} at (0,0) size 3x13
                  text run at (0,0) width 3: " "
            RenderTableCell {TD} at (568,0) size 8x13 [bgcolor=#EDEEEF] [r=0 c=73 rs=1 cs=1]
              RenderInline {FONT} at (0,0) size 3x13
                RenderText {#text} at (0,0) size 3x13
                  text run at (0,0) width 3: " "
            RenderTableCell {TD} at (576,0) size 8x13 [bgcolor=#E0EAE9] [r=0 c=74 rs=1 cs=1]
              RenderInline {FONT} at (0,0) size 3x13
                RenderText {#text} at (0,0) size 3x13
                  text run at (0,0) width 3: " "
            RenderTableCell {TD} at (584,0) size 8x13 [bgcolor=#CADEDD] [r=0 c=75 rs=1 cs=1]
              RenderInline {FONT} at (0,0) size 3x13
                RenderText {#text} at (0,0) size 3x13
                  text run at (0,0) width 3: " "
            RenderTableCell {TD} at (592,0) size 8x13 [bgcolor=#CADEDD] [r=0 c=76 rs=1 cs=1]
              RenderInline {FONT} at (0,0) size 3x13
                RenderText {#text} at (0,0) size 3x13
                  text run at (0,0) width 3: " "
            RenderTableCell {TD} at (600,0) size 8x13 [bgcolor=#CADEDD] [r=0 c=77 rs=1 cs=1]
              RenderInline {FONT} at (0,0) size 3x13
                RenderText {#text} at (0,0) size 3x13
                  text run at (0,0) width 3: " "
            RenderTableCell {TD} at (608,0) size 8x13 [bgcolor=#CADEDD] [r=0 c=78 rs=1 cs=1]
              RenderInline {FONT} at (0,0) size 3x13
                RenderText {#text} at (0,0) size 3x13
                  text run at (0,0) width 3: " "
            RenderTableCell {TD} at (616,0) size 8x13 [bgcolor=#CADEDD] [r=0 c=79 rs=1 cs=1]
              RenderInline {FONT} at (0,0) size 3x13
                RenderText {#text} at (0,0) size 3x13
                  text run at (0,0) width 3: " "
            RenderTableCell {TD} at (624,0) size 8x13 [bgcolor=#CADEDD] [r=0 c=80 rs=1 cs=1]
              RenderInline {FONT} at (0,0) size 3x13
                RenderText {#text} at (0,0) size 3x13
                  text run at (0,0) width 3: " "
            RenderTableCell {TD} at (632,0) size 8x13 [bgcolor=#CADEDD] [r=0 c=81 rs=1 cs=1]
              RenderInline {FONT} at (0,0) size 3x13
                RenderText {#text} at (0,0) size 3x13
                  text run at (0,0) width 3: " "
            RenderTableCell {TD} at (640,0) size 8x13 [bgcolor=#CADEDD] [r=0 c=82 rs=1 cs=1]
              RenderInline {FONT} at (0,0) size 3x13
                RenderText {#text} at (0,0) size 3x13
                  text run at (0,0) width 3: " "
            RenderTableCell {TD} at (648,0) size 8x13 [bgcolor=#CADEDD] [r=0 c=83 rs=1 cs=1]
              RenderInline {FONT} at (0,0) size 3x13
                RenderText {#text} at (0,0) size 3x13
                  text run at (0,0) width 3: " "
            RenderTableCell {TD} at (656,0) size 8x13 [bgcolor=#CADEDD] [r=0 c=84 rs=1 cs=1]
              RenderInline {FONT} at (0,0) size 3x13
                RenderText {#text} at (0,0) size 3x13
                  text run at (0,0) width 3: " "
            RenderTableCell {TD} at (664,0) size 8x13 [bgcolor=#CADEDD] [r=0 c=85 rs=1 cs=1]
              RenderInline {FONT} at (0,0) size 3x13
                RenderText {#text} at (0,0) size 3x13
                  text run at (0,0) width 3: " "
            RenderTableCell {TD} at (672,0) size 8x13 [bgcolor=#CADEDD] [r=0 c=86 rs=1 cs=1]
              RenderInline {FONT} at (0,0) size 3x13
                RenderText {#text} at (0,0) size 3x13
                  text run at (0,0) width 3: " "
            RenderTableCell {TD} at (680,0) size 8x13 [bgcolor=#CADEDD] [r=0 c=87 rs=1 cs=1]
              RenderInline {FONT} at (0,0) size 3x13
                RenderText {#text} at (0,0) size 3x13
                  text run at (0,0) width 3: " "
            RenderTableCell {TD} at (688,0) size 8x13 [bgcolor=#CADEDD] [r=0 c=88 rs=1 cs=1]
              RenderInline {FONT} at (0,0) size 3x13
                RenderText {#text} at (0,0) size 3x13
                  text run at (0,0) width 3: " "
            RenderTableCell {TD} at (696,0) size 8x13 [bgcolor=#CADEDD] [r=0 c=89 rs=1 cs=1]
              RenderInline {FONT} at (0,0) size 3x13
                RenderText {#text} at (0,0) size 3x13
                  text run at (0,0) width 3: " "
            RenderTableCell {TD} at (704,0) size 8x13 [bgcolor=#CADEDD] [r=0 c=90 rs=1 cs=1]
              RenderInline {FONT} at (0,0) size 3x13
                RenderText {#text} at (0,0) size 3x13
                  text run at (0,0) width 3: " "
            RenderTableCell {TD} at (712,0) size 8x13 [bgcolor=#CADEDD] [r=0 c=91 rs=1 cs=1]
              RenderInline {FONT} at (0,0) size 3x13
                RenderText {#text} at (0,0) size 3x13
                  text run at (0,0) width 3: " "
            RenderTableCell {TD} at (720,0) size 8x13 [bgcolor=#CADEDD] [r=0 c=92 rs=1 cs=1]
              RenderInline {FONT} at (0,0) size 3x13
                RenderText {#text} at (0,0) size 3x13
                  text run at (0,0) width 3: " "
            RenderTableCell {TD} at (728,0) size 8x13 [bgcolor=#CADEDD] [r=0 c=93 rs=1 cs=1]
              RenderInline {FONT} at (0,0) size 3x13
                RenderText {#text} at (0,0) size 3x13
                  text run at (0,0) width 3: " "
            RenderTableCell {TD} at (736,0) size 8x13 [bgcolor=#E0EAE9] [r=0 c=94 rs=1 cs=1]
              RenderInline {FONT} at (0,0) size 3x13
                RenderText {#text} at (0,0) size 3x13
                  text run at (0,0) width 3: " "
            RenderTableCell {TD} at (744,0) size 8x13 [bgcolor=#FDFDFB] [r=0 c=95 rs=1 cs=1]
              RenderInline {FONT} at (0,0) size 3x13
                RenderText {#text} at (0,0) size 3x13
                  text run at (0,0) width 3: " "
            RenderTableCell {TD} at (752,0) size 8x13 [bgcolor=#FDFDFB] [r=0 c=96 rs=1 cs=1]
              RenderInline {FONT} at (0,0) size 3x13
                RenderText {#text} at (0,0) size 3x13
                  text run at (0,0) width 3: " "
            RenderTableCell {TD} at (760,0) size 8x13 [bgcolor=#FDFDFB] [r=0 c=97 rs=1 cs=1]
              RenderInline {FONT} at (0,0) size 3x13
                RenderText {#text} at (0,0) size 3x13
                  text run at (0,0) width 3: " "
            RenderTableCell {TD} at (768,0) size 8x13 [bgcolor=#FDFDFB] [r=0 c=98 rs=1 cs=1]
              RenderInline {FONT} at (0,0) size 3x13
                RenderText {#text} at (0,0) size 3x13
                  text run at (0,0) width 3: " "
            RenderTableCell {TD} at (776,0) size 8x13 [bgcolor=#FDFDFB] [r=0 c=99 rs=1 cs=1]
              RenderInline {FONT} at (0,0) size 3x13
                RenderText {#text} at (0,0) size 3x13
                  text run at (0,0) width 3: " "
          RenderTableRow {TR} at (0,13) size 784x13
            RenderTableCell {TD} at (0,13) size 7x13 [bgcolor=#FDFDFB] [r=1 c=0 rs=1 cs=1]
              RenderInline {FONT} at (0,0) size 3x13
                RenderText {#text} at (0,0) size 3x13
                  text run at (0,0) width 3: " "
            RenderTableCell {TD} at (7,13) size 7x13 [bgcolor=#FDFDFB] [r=1 c=1 rs=1 cs=1]
              RenderInline {FONT} at (0,0) size 3x13
                RenderText {#text} at (0,0) size 3x13
                  text run at (0,0) width 3: " "
            RenderTableCell {TD} at (14,13) size 7x13 [bgcolor=#FDFDFB] [r=1 c=2 rs=1 cs=1]
              RenderInline {FONT} at (0,0) size 3x13
                RenderText {#text} at (0,0) size 3x13
                  text run at (0,0) width 3: " "
            RenderTableCell {TD} at (21,13) size 7x13 [bgcolor=#FDFDFB] [r=1 c=3 rs=1 cs=1]
              RenderInline {FONT} at (0,0) size 3x13
                RenderText {#text} at (0,0) size 3x13
                  text run at (0,0) width 3: " "
            RenderTableCell {TD} at (28,13) size 7x13 [bgcolor=#FDFDFB] [r=1 c=4 rs=1 cs=1]
              RenderInline {FONT} at (0,0) size 3x13
                RenderText {#text} at (0,0) size 3x13
                  text run at (0,0) width 3: " "
            RenderTableCell {TD} at (35,13) size 7x13 [bgcolor=#FDFDFB] [r=1 c=5 rs=1 cs=1]
              RenderInline {FONT} at (0,0) size 3x13
                RenderText {#text} at (0,0) size 3x13
                  text run at (0,0) width 3: " "
            RenderTableCell {TD} at (42,13) size 7x13 [bgcolor=#FDFDFB] [r=1 c=6 rs=1 cs=1]
              RenderInline {FONT} at (0,0) size 3x13
                RenderText {#text} at (0,0) size 3x13
                  text run at (0,0) width 3: " "
            RenderTableCell {TD} at (49,13) size 7x13 [bgcolor=#EDEEEF] [r=1 c=7 rs=1 cs=1]
              RenderInline {FONT} at (0,0) size 3x13
                RenderText {#text} at (0,0) size 3x13
                  text run at (0,0) width 3: " "
            RenderTableCell {TD} at (56,13) size 7x13 [bgcolor=#B6D8D7] [r=1 c=8 rs=1 cs=1]
              RenderInline {FONT} at (0,0) size 3x13
                RenderText {#text} at (0,0) size 3x13
                  text run at (0,0) width 3: " "
            RenderTableCell {TD} at (63,13) size 7x13 [bgcolor=#44A3A2] [r=1 c=9 rs=1 cs=1]
              RenderInline {FONT} at (0,0) size 3x13
                RenderText {#text} at (0,0) size 3x13
                  text run at (0,0) width 3: " "
            RenderTableCell {TD} at (70,13) size 7x13 [bgcolor=#158E8C] [r=1 c=10 rs=1 cs=1]
              RenderInline {FONT} at (0,0) size 3x13
                RenderText {#text} at (0,0) size 3x13
                  text run at (0,0) width 3: " "
            RenderTableCell {TD} at (77,13) size 7x13 [bgcolor=#048485] [r=1 c=11 rs=1 cs=1]
              RenderInline {FONT} at (0,0) size 3x13
                RenderText {#text} at (0,0) size 3x13
                  text run at (0,0) width 3: " "
            RenderTableCell {TD} at (84,13) size 7x13 [bgcolor=#048485] [r=1 c=12 rs=1 cs=1]
              RenderInline {FONT} at (0,0) size 3x13
                RenderText {#text} at (0,0) size 3x13
                  text run at (0,0) width 3: " "
            RenderTableCell {TD} at (91,13) size 7x13 [bgcolor=#027777] [r=1 c=13 rs=1 cs=1]
              RenderInline {FONT} at (0,0) size 3x13
                RenderText {#text} at (0,0) size 3x13
                  text run at (0,0) width 3: " "
            RenderTableCell {TD} at (98,13) size 7x13 [bgcolor=#026766] [r=1 c=14 rs=1 cs=1]
              RenderInline {FONT} at (0,0) size 3x13
                RenderText {#text} at (0,0) size 3x13
                  text run at (0,0) width 3: " "
            RenderTableCell {TD} at (105,13) size 7x13 [bgcolor=#026766] [r=1 c=15 rs=1 cs=1]
              RenderInline {FONT} at (0,0) size 3x13
                RenderText {#text} at (0,0) size 3x13
                  text run at (0,0) width 3: " "
            RenderTableCell {TD} at (112,13) size 8x13 [bgcolor=#026766] [r=1 c=16 rs=1 cs=1]
              RenderInline {FONT} at (0,0) size 3x13
                RenderText {#text} at (0,0) size 3x13
                  text run at (0,0) width 3: " "
            RenderTableCell {TD} at (120,13) size 8x13 [bgcolor=#026766] [r=1 c=17 rs=1 cs=1]
              RenderInline {FONT} at (0,0) size 3x13
                RenderText {#text} at (0,0) size 3x13
                  text run at (0,0) width 3: " "
            RenderTableCell {TD} at (128,13) size 8x13 [bgcolor=#027777] [r=1 c=18 rs=1 cs=1]
              RenderInline {FONT} at (0,0) size 3x13
                RenderText {#text} at (0,0) size 3x13
                  text run at (0,0) width 3: " "
            RenderTableCell {TD} at (136,13) size 8x13 [bgcolor=#027777] [r=1 c=19 rs=1 cs=1]
              RenderInline {FONT} at (0,0) size 3x13
                RenderText {#text} at (0,0) size 3x13
                  text run at (0,0) width 3: " "
            RenderTableCell {TD} at (144,13) size 8x13 [bgcolor=#027777] [r=1 c=20 rs=1 cs=1]
              RenderInline {FONT} at (0,0) size 3x13
                RenderText {#text} at (0,0) size 3x13
                  text run at (0,0) width 3: " "
            RenderTableCell {TD} at (152,13) size 8x13 [bgcolor=#027777] [r=1 c=21 rs=1 cs=1]
              RenderInline {FONT} at (0,0) size 3x13
                RenderText {#text} at (0,0) size 3x13
                  text run at (0,0) width 3: " "
            RenderTableCell {TD} at (160,13) size 8x13 [bgcolor=#026766] [r=1 c=22 rs=1 cs=1]
              RenderInline {FONT} at (0,0) size 3x13
                RenderText {#text} at (0,0) size 3x13
                  text run at (0,0) width 3: " "
            RenderTableCell {TD} at (168,13) size 8x13 [bgcolor=#1E7A79] [r=1 c=23 rs=1 cs=1]
              RenderInline {FONT} at (0,0) size 3x13
                RenderText {#text} at (0,0) size 3x13
                  text run at (0,0) width 3: " "
            RenderTableCell {TD} at (176,13) size 8x13 [bgcolor=#589594] [r=1 c=24 rs=1 cs=1]
              RenderInline {FONT} at (0,0) size 3x13
                RenderText {#text} at (0,0) size 3x13
                  text run at (0,0) width 3: " "
            RenderTableCell {TD} at (184,13) size 8x13 [bgcolor=#BEC2C2] [r=1 c=25 rs=1 cs=1]
              RenderInline {FONT} at (0,0) size 3x13
                RenderText {#text} at (0,0) size 3x13
                  text run at (0,0) width 3: " "
            RenderTableCell {TD} at (192,13) size 8x13 [bgcolor=#E0EAE9] [r=1 c=26 rs=1 cs=1]
              RenderInline {FONT} at (0,0) size 3x13
                RenderText {#text} at (0,0) size 3x13
                  text run at (0,0) width 3: " "
            RenderTableCell {TD} at (200,13) size 8x13 [bgcolor=#FDFDFB] [r=1 c=27 rs=1 cs=1]
              RenderInline {FONT} at (0,0) size 3x13
                RenderText {#text} at (0,0) size 3x13
                  text run at (0,0) width 3: " "
            RenderTableCell {TD} at (208,13) size 8x13 [bgcolor=#FDFDFB] [r=1 c=28 rs=1 cs=1]
              RenderInline {FONT} at (0,0) size 3x13
                RenderText {#text} at (0,0) size 3x13
                  text run at (0,0) width 3: " "
            RenderTableCell {TD} at (216,13) size 8x13 [bgcolor=#FDFDFB] [r=1 c=29 rs=1 cs=1]
              RenderInline {FONT} at (0,0) size 3x13
                RenderText {#text} at (0,0) size 3x13
                  text run at (0,0) width 3: " "
            RenderTableCell {TD} at (224,13) size 8x13 [bgcolor=#FDFDFB] [r=1 c=30 rs=1 cs=1]
              RenderInline {FONT} at (0,0) size 3x13
                RenderText {#text} at (0,0) size 3x13
                  text run at (0,0) width 3: " "
            RenderTableCell {TD} at (232,13) size 8x13 [bgcolor=#FDFDFB] [r=1 c=31 rs=1 cs=1]
              RenderInline {FONT} at (0,0) size 3x13
                RenderText {#text} at (0,0) size 3x13
                  text run at (0,0) width 3: " "
            RenderTableCell {TD} at (240,13) size 8x13 [bgcolor=#FDFDFB] [r=1 c=32 rs=1 cs=1]
              RenderInline {FONT} at (0,0) size 3x13
                RenderText {#text} at (0,0) size 3x13
                  text run at (0,0) width 3: " "
            RenderTableCell {TD} at (248,13) size 8x13 [bgcolor=#FDFDFB] [r=1 c=33 rs=1 cs=1]
              RenderInline {FONT} at (0,0) size 3x13
                RenderText {#text} at (0,0) size 3x13
                  text run at (0,0) width 3: " "
            RenderTableCell {TD} at (256,13) size 8x13 [bgcolor=#FDFDFB] [r=1 c=34 rs=1 cs=1]
              RenderInline {FONT} at (0,0) size 3x13
                RenderText {#text} at (0,0) size 3x13
                  text run at (0,0) width 3: " "
            RenderTableCell {TD} at (264,13) size 8x13 [bgcolor=#EDEEEF] [r=1 c=35 rs=1 cs=1]
              RenderInline {FONT} at (0,0) size 3x13
                RenderText {#text} at (0,0) size 3x13
                  text run at (0,0) width 3: " "
            RenderTableCell {TD} at (272,13) size 8x13 [bgcolor=#249393] [r=1 c=36 rs=1 cs=1]
              RenderInline {FONT} at (0,0) size 3x13
                RenderText {#text} at (0,0) size 3x13
                  text run at (0,0) width 3: " "
            RenderTableCell {TD} at (280,13) size 8x13 [bgcolor=#249393] [r=1 c=37 rs=1 cs=1]
              RenderInline {FONT} at (0,0) size 3x13
                RenderText {#text} at (0,0) size 3x13
                  text run at (0,0) width 3: " "
            RenderTableCell {TD} at (288,13) size 8x13 [bgcolor=#1B8685] [r=1 c=38 rs=1 cs=1]
              RenderInline {FONT} at (0,0) size 3x13
                RenderText {#text} at (0,0) size 3x13
                  text run at (0,0) width 3: " "
            RenderTableCell {TD} at (296,13) size 8x13 [bgcolor=#1B8685] [r=1 c=39 rs=1 cs=1]
              RenderInline {FONT} at (0,0) size 3x13
                RenderText {#text} at (0,0) size 3x13
                  text run at (0,0) width 3: " "
            RenderTableCell {TD} at (304,13) size 8x13 [bgcolor=#1B8685] [r=1 c=40 rs=1 cs=1]
              RenderInline {FONT} at (0,0) size 3x13
                RenderText {#text} at (0,0) size 3x13
                  text run at (0,0) width 3: " "
            RenderTableCell {TD} at (312,13) size 8x13 [bgcolor=#1B8685] [r=1 c=41 rs=1 cs=1]
              RenderInline {FONT} at (0,0) size 3x13
                RenderText {#text} at (0,0) size 3x13
                  text run at (0,0) width 3: " "
            RenderTableCell {TD} at (320,13) size 8x13 [bgcolor=#1B8685] [r=1 c=42 rs=1 cs=1]
              RenderInline {FONT} at (0,0) size 3x13
                RenderText {#text} at (0,0) size 3x13
                  text run at (0,0) width 3: " "
            RenderTableCell {TD} at (328,13) size 8x13 [bgcolor=#1B8685] [r=1 c=43 rs=1 cs=1]
              RenderInline {FONT} at (0,0) size 3x13
                RenderText {#text} at (0,0) size 3x13
                  text run at (0,0) width 3: " "
            RenderTableCell {TD} at (336,13) size 8x13 [bgcolor=#1B8685] [r=1 c=44 rs=1 cs=1]
              RenderInline {FONT} at (0,0) size 3x13
                RenderText {#text} at (0,0) size 3x13
                  text run at (0,0) width 3: " "
            RenderTableCell {TD} at (344,13) size 8x13 [bgcolor=#1B8685] [r=1 c=45 rs=1 cs=1]
              RenderInline {FONT} at (0,0) size 3x13
                RenderText {#text} at (0,0) size 3x13
                  text run at (0,0) width 3: " "
            RenderTableCell {TD} at (352,13) size 8x13 [bgcolor=#1B8685] [r=1 c=46 rs=1 cs=1]
              RenderInline {FONT} at (0,0) size 3x13
                RenderText {#text} at (0,0) size 3x13
                  text run at (0,0) width 3: " "
            RenderTableCell {TD} at (360,13) size 8x13 [bgcolor=#1B8685] [r=1 c=47 rs=1 cs=1]
              RenderInline {FONT} at (0,0) size 3x13
                RenderText {#text} at (0,0) size 3x13
                  text run at (0,0) width 3: " "
            RenderTableCell {TD} at (368,13) size 8x13 [bgcolor=#1B8685] [r=1 c=48 rs=1 cs=1]
              RenderInline {FONT} at (0,0) size 3x13
                RenderText {#text} at (0,0) size 3x13
                  text run at (0,0) width 3: " "
            RenderTableCell {TD} at (376,13) size 8x13 [bgcolor=#1B8685] [r=1 c=49 rs=1 cs=1]
              RenderInline {FONT} at (0,0) size 3x13
                RenderText {#text} at (0,0) size 3x13
                  text run at (0,0) width 3: " "
            RenderTableCell {TD} at (384,13) size 8x13 [bgcolor=#1B8685] [r=1 c=50 rs=1 cs=1]
              RenderInline {FONT} at (0,0) size 3x13
                RenderText {#text} at (0,0) size 3x13
                  text run at (0,0) width 3: " "
            RenderTableCell {TD} at (392,13) size 8x13 [bgcolor=#1E7A79] [r=1 c=51 rs=1 cs=1]
              RenderInline {FONT} at (0,0) size 3x13
                RenderText {#text} at (0,0) size 3x13
                  text run at (0,0) width 3: " "
            RenderTableCell {TD} at (400,13) size 8x13 [bgcolor=#BEC2C2] [r=1 c=52 rs=1 cs=1]
              RenderInline {FONT} at (0,0) size 3x13
                RenderText {#text} at (0,0) size 3x13
                  text run at (0,0) width 3: " "
            RenderTableCell {TD} at (408,13) size 8x13 [bgcolor=#B6D0D1] [r=1 c=53 rs=1 cs=1]
              RenderInline {FONT} at (0,0) size 3x13
                RenderText {#text} at (0,0) size 3x13
                  text run at (0,0) width 3: " "
            RenderTableCell {TD} at (416,13) size 8x13 [bgcolor=#44A3A2] [r=1 c=54 rs=1 cs=1]
              RenderInline {FONT} at (0,0) size 3x13
                RenderText {#text} at (0,0) size 3x13
                  text run at (0,0) width 3: " "
            RenderTableCell {TD} at (424,13) size 8x13 [bgcolor=#1B8685] [r=1 c=55 rs=1 cs=1]
              RenderInline {FONT} at (0,0) size 3x13
                RenderText {#text} at (0,0) size 3x13
                  text run at (0,0) width 3: " "
            RenderTableCell {TD} at (432,13) size 8x13 [bgcolor=#1A6B6A] [r=1 c=56 rs=1 cs=1]
              RenderInline {FONT} at (0,0) size 3x13
                RenderText {#text} at (0,0) size 3x13
                  text run at (0,0) width 3: " "
            RenderTableCell {TD} at (440,13) size 8x13 [bgcolor=#BEC2C2] [r=1 c=57 rs=1 cs=1]
              RenderInline {FONT} at (0,0) size 3x13
                RenderText {#text} at (0,0) size 3x13
                  text run at (0,0) width 3: " "
            RenderTableCell {TD} at (448,13) size 8x13 [bgcolor=#EDEEEF] [r=1 c=58 rs=1 cs=1]
              RenderInline {FONT} at (0,0) size 3x13
                RenderText {#text} at (0,0) size 3x13
                  text run at (0,0) width 3: " "
            RenderTableCell {TD} at (456,13) size 8x13 [bgcolor=#FDFDFB] [r=1 c=59 rs=1 cs=1]
              RenderInline {FONT} at (0,0) size 3x13
                RenderText {#text} at (0,0) size 3x13
                  text run at (0,0) width 3: " "
            RenderTableCell {TD} at (464,13) size 8x13 [bgcolor=#FDFDFB] [r=1 c=60 rs=1 cs=1]
              RenderInline {FONT} at (0,0) size 3x13
                RenderText {#text} at (0,0) size 3x13
                  text run at (0,0) width 3: " "
            RenderTableCell {TD} at (472,13) size 8x13 [bgcolor=#FDFDFB] [r=1 c=61 rs=1 cs=1]
              RenderInline {FONT} at (0,0) size 3x13
                RenderText {#text} at (0,0) size 3x13
                  text run at (0,0) width 3: " "
            RenderTableCell {TD} at (480,13) size 8x13 [bgcolor=#FDFDFB] [r=1 c=62 rs=1 cs=1]
              RenderInline {FONT} at (0,0) size 3x13
                RenderText {#text} at (0,0) size 3x13
                  text run at (0,0) width 3: " "
            RenderTableCell {TD} at (488,13) size 8x13 [bgcolor=#FDFDFB] [r=1 c=63 rs=1 cs=1]
              RenderInline {FONT} at (0,0) size 3x13
                RenderText {#text} at (0,0) size 3x13
                  text run at (0,0) width 3: " "
            RenderTableCell {TD} at (496,13) size 8x13 [bgcolor=#FDFDFB] [r=1 c=64 rs=1 cs=1]
              RenderInline {FONT} at (0,0) size 3x13
                RenderText {#text} at (0,0) size 3x13
                  text run at (0,0) width 3: " "
            RenderTableCell {TD} at (504,13) size 8x13 [bgcolor=#FDFDFB] [r=1 c=65 rs=1 cs=1]
              RenderInline {FONT} at (0,0) size 3x13
                RenderText {#text} at (0,0) size 3x13
                  text run at (0,0) width 3: " "
            RenderTableCell {TD} at (512,13) size 8x13 [bgcolor=#FDFDFB] [r=1 c=66 rs=1 cs=1]
              RenderInline {FONT} at (0,0) size 3x13
                RenderText {#text} at (0,0) size 3x13
                  text run at (0,0) width 3: " "
            RenderTableCell {TD} at (520,13) size 8x13 [bgcolor=#EDEEEF] [r=1 c=67 rs=1 cs=1]
              RenderInline {FONT} at (0,0) size 3x13
                RenderText {#text} at (0,0) size 3x13
                  text run at (0,0) width 3: " "
            RenderTableCell {TD} at (528,13) size 8x13 [bgcolor=#E0EAE9] [r=1 c=68 rs=1 cs=1]
              RenderInline {FONT} at (0,0) size 3x13
                RenderText {#text} at (0,0) size 3x13
                  text run at (0,0) width 3: " "
            RenderTableCell {TD} at (536,13) size 8x13 [bgcolor=#B6D8D7] [r=1 c=69 rs=1 cs=1]
              RenderInline {FONT} at (0,0) size 3x13
                RenderText {#text} at (0,0) size 3x13
                  text run at (0,0) width 3: " "
            RenderTableCell {TD} at (544,13) size 8x13 [bgcolor=#7DBAB9] [r=1 c=70 rs=1 cs=1]
              RenderInline {FONT} at (0,0) size 3x13
                RenderText {#text} at (0,0) size 3x13
                  text run at (0,0) width 3: " "
            RenderTableCell {TD} at (552,13) size 8x13 [bgcolor=#349392] [r=1 c=71 rs=1 cs=1]
              RenderInline {FONT} at (0,0) size 3x13
                RenderText {#text} at (0,0) size 3x13
                  text run at (0,0) width 3: " "
            RenderTableCell {TD} at (560,13) size 8x13 [bgcolor=#349392] [r=1 c=72 rs=1 cs=1]
              RenderInline {FONT} at (0,0) size 3x13
                RenderText {#text} at (0,0) size 3x13
                  text run at (0,0) width 3: " "
            RenderTableCell {TD} at (568,13) size 8x13 [bgcolor=#349392] [r=1 c=73 rs=1 cs=1]
              RenderInline {FONT} at (0,0) size 3x13
                RenderText {#text} at (0,0) size 3x13
                  text run at (0,0) width 3: " "
            RenderTableCell {TD} at (576,13) size 8x13 [bgcolor=#249393] [r=1 c=74 rs=1 cs=1]
              RenderInline {FONT} at (0,0) size 3x13
                RenderText {#text} at (0,0) size 3x13
                  text run at (0,0) width 3: " "
            RenderTableCell {TD} at (584,13) size 8x13 [bgcolor=#1B8685] [r=1 c=75 rs=1 cs=1]
              RenderInline {FONT} at (0,0) size 3x13
                RenderText {#text} at (0,0) size 3x13
                  text run at (0,0) width 3: " "
            RenderTableCell {TD} at (592,13) size 8x13 [bgcolor=#1B8685] [r=1 c=76 rs=1 cs=1]
              RenderInline {FONT} at (0,0) size 3x13
                RenderText {#text} at (0,0) size 3x13
                  text run at (0,0) width 3: " "
            RenderTableCell {TD} at (600,13) size 8x13 [bgcolor=#1B8685] [r=1 c=77 rs=1 cs=1]
              RenderInline {FONT} at (0,0) size 3x13
                RenderText {#text} at (0,0) size 3x13
                  text run at (0,0) width 3: " "
            RenderTableCell {TD} at (608,13) size 8x13 [bgcolor=#1B8685] [r=1 c=78 rs=1 cs=1]
              RenderInline {FONT} at (0,0) size 3x13
                RenderText {#text} at (0,0) size 3x13
                  text run at (0,0) width 3: " "
            RenderTableCell {TD} at (616,13) size 8x13 [bgcolor=#1B8685] [r=1 c=79 rs=1 cs=1]
              RenderInline {FONT} at (0,0) size 3x13
                RenderText {#text} at (0,0) size 3x13
                  text run at (0,0) width 3: " "
            RenderTableCell {TD} at (624,13) size 8x13 [bgcolor=#1B8685] [r=1 c=80 rs=1 cs=1]
              RenderInline {FONT} at (0,0) size 3x13
                RenderText {#text} at (0,0) size 3x13
                  text run at (0,0) width 3: " "
            RenderTableCell {TD} at (632,13) size 8x13 [bgcolor=#1B8685] [r=1 c=81 rs=1 cs=1]
              RenderInline {FONT} at (0,0) size 3x13
                RenderText {#text} at (0,0) size 3x13
                  text run at (0,0) width 3: " "
            RenderTableCell {TD} at (640,13) size 8x13 [bgcolor=#1B8685] [r=1 c=82 rs=1 cs=1]
              RenderInline {FONT} at (0,0) size 3x13
                RenderText {#text} at (0,0) size 3x13
                  text run at (0,0) width 3: " "
            RenderTableCell {TD} at (648,13) size 8x13 [bgcolor=#1B8685] [r=1 c=83 rs=1 cs=1]
              RenderInline {FONT} at (0,0) size 3x13
                RenderText {#text} at (0,0) size 3x13
                  text run at (0,0) width 3: " "
            RenderTableCell {TD} at (656,13) size 8x13 [bgcolor=#1B8685] [r=1 c=84 rs=1 cs=1]
              RenderInline {FONT} at (0,0) size 3x13
                RenderText {#text} at (0,0) size 3x13
                  text run at (0,0) width 3: " "
            RenderTableCell {TD} at (664,13) size 8x13 [bgcolor=#1B8685] [r=1 c=85 rs=1 cs=1]
              RenderInline {FONT} at (0,0) size 3x13
                RenderText {#text} at (0,0) size 3x13
                  text run at (0,0) width 3: " "
            RenderTableCell {TD} at (672,13) size 8x13 [bgcolor=#1B8685] [r=1 c=86 rs=1 cs=1]
              RenderInline {FONT} at (0,0) size 3x13
                RenderText {#text} at (0,0) size 3x13
                  text run at (0,0) width 3: " "
            RenderTableCell {TD} at (680,13) size 8x13 [bgcolor=#1B8685] [r=1 c=87 rs=1 cs=1]
              RenderInline {FONT} at (0,0) size 3x13
                RenderText {#text} at (0,0) size 3x13
                  text run at (0,0) width 3: " "
            RenderTableCell {TD} at (688,13) size 8x13 [bgcolor=#1B8685] [r=1 c=88 rs=1 cs=1]
              RenderInline {FONT} at (0,0) size 3x13
                RenderText {#text} at (0,0) size 3x13
                  text run at (0,0) width 3: " "
            RenderTableCell {TD} at (696,13) size 8x13 [bgcolor=#1B8685] [r=1 c=89 rs=1 cs=1]
              RenderInline {FONT} at (0,0) size 3x13
                RenderText {#text} at (0,0) size 3x13
                  text run at (0,0) width 3: " "
            RenderTableCell {TD} at (704,13) size 8x13 [bgcolor=#1B8685] [r=1 c=90 rs=1 cs=1]
              RenderInline {FONT} at (0,0) size 3x13
                RenderText {#text} at (0,0) size 3x13
                  text run at (0,0) width 3: " "
            RenderTableCell {TD} at (712,13) size 8x13 [bgcolor=#1B8685] [r=1 c=91 rs=1 cs=1]
              RenderInline {FONT} at (0,0) size 3x13
                RenderText {#text} at (0,0) size 3x13
                  text run at (0,0) width 3: " "
            RenderTableCell {TD} at (720,13) size 8x13 [bgcolor=#1E7A79] [r=1 c=92 rs=1 cs=1]
              RenderInline {FONT} at (0,0) size 3x13
                RenderText {#text} at (0,0) size 3x13
                  text run at (0,0) width 3: " "
            RenderTableCell {TD} at (728,13) size 8x13 [bgcolor=#1A6B6A] [r=1 c=93 rs=1 cs=1]
              RenderInline {FONT} at (0,0) size 3x13
                RenderText {#text} at (0,0) size 3x13
                  text run at (0,0) width 3: " "
            RenderTableCell {TD} at (736,13) size 8x13 [bgcolor=#91A3A3] [r=1 c=94 rs=1 cs=1]
              RenderInline {FONT} at (0,0) size 3x13
                RenderText {#text} at (0,0) size 3x13
                  text run at (0,0) width 3: " "
            RenderTableCell {TD} at (744,13) size 8x13 [bgcolor=#E0EAE9] [r=1 c=95 rs=1 cs=1]
              RenderInline {FONT} at (0,0) size 3x13
                RenderText {#text} at (0,0) size 3x13
                  text run at (0,0) width 3: " "
            RenderTableCell {TD} at (752,13) size 8x13 [bgcolor=#EDEEEF] [r=1 c=96 rs=1 cs=1]
              RenderInline {FONT} at (0,0) size 3x13
                RenderText {#text} at (0,0) size 3x13
                  text run at (0,0) width 3: " "
            RenderTableCell {TD} at (760,13) size 8x13 [bgcolor=#FDFDFB] [r=1 c=97 rs=1 cs=1]
              RenderInline {FONT} at (0,0) size 3x13
                RenderText {#text} at (0,0) size 3x13
                  text run at (0,0) width 3: " "
            RenderTableCell {TD} at (768,13) size 8x13 [bgcolor=#FDFDFB] [r=1 c=98 rs=1 cs=1]
              RenderInline {FONT} at (0,0) size 3x13
                RenderText {#text} at (0,0) size 3x13
                  text run at (0,0) width 3: " "
            RenderTableCell {TD} at (776,13) size 8x13 [bgcolor=#FDFDFB] [r=1 c=99 rs=1 cs=1]
              RenderInline {FONT} at (0,0) size 3x13
                RenderText {#text} at (0,0) size 3x13
                  text run at (0,0) width 3: " "
          RenderTableRow {TR} at (0,26) size 784x13
            RenderTableCell {TD} at (0,26) size 7x13 [bgcolor=#FDFDFB] [r=2 c=0 rs=1 cs=1]
              RenderInline {FONT} at (0,0) size 3x13
                RenderText {#text} at (0,0) size 3x13
                  text run at (0,0) width 3: " "
            RenderTableCell {TD} at (7,26) size 7x13 [bgcolor=#FDFDFB] [r=2 c=1 rs=1 cs=1]
              RenderInline {FONT} at (0,0) size 3x13
                RenderText {#text} at (0,0) size 3x13
                  text run at (0,0) width 3: " "
            RenderTableCell {TD} at (14,26) size 7x13 [bgcolor=#FDFDFB] [r=2 c=2 rs=1 cs=1]
              RenderInline {FONT} at (0,0) size 3x13
                RenderText {#text} at (0,0) size 3x13
                  text run at (0,0) width 3: " "
            RenderTableCell {TD} at (21,26) size 7x13 [bgcolor=#FDFDFB] [r=2 c=3 rs=1 cs=1]
              RenderInline {FONT} at (0,0) size 3x13
                RenderText {#text} at (0,0) size 3x13
                  text run at (0,0) width 3: " "
            RenderTableCell {TD} at (28,26) size 7x13 [bgcolor=#FDFDFB] [r=2 c=4 rs=1 cs=1]
              RenderInline {FONT} at (0,0) size 3x13
                RenderText {#text} at (0,0) size 3x13
                  text run at (0,0) width 3: " "
            RenderTableCell {TD} at (35,26) size 7x13 [bgcolor=#FDFDFB] [r=2 c=5 rs=1 cs=1]
              RenderInline {FONT} at (0,0) size 3x13
                RenderText {#text} at (0,0) size 3x13
                  text run at (0,0) width 3: " "
            RenderTableCell {TD} at (42,26) size 7x13 [bgcolor=#CADEDD] [r=2 c=6 rs=1 cs=1]
              RenderInline {FONT} at (0,0) size 3x13
                RenderText {#text} at (0,0) size 3x13
                  text run at (0,0) width 3: " "
            RenderTableCell {TD} at (49,26) size 7x13 [bgcolor=#44A3A2] [r=2 c=7 rs=1 cs=1]
              RenderInline {FONT} at (0,0) size 3x13
                RenderText {#text} at (0,0) size 3x13
                  text run at (0,0) width 3: " "
            RenderTableCell {TD} at (56,26) size 7x13 [bgcolor=#048485] [r=2 c=8 rs=1 cs=1]
              RenderInline {FONT} at (0,0) size 3x13
                RenderText {#text} at (0,0) size 3x13
                  text run at (0,0) width 3: " "
            RenderTableCell {TD} at (63,26) size 7x13 [bgcolor=#048485] [r=2 c=9 rs=1 cs=1]
              RenderInline {FONT} at (0,0) size 3x13
                RenderText {#text} at (0,0) size 3x13
                  text run at (0,0) width 3: " "
            RenderTableCell {TD} at (70,26) size 7x13 [bgcolor=#027777] [r=2 c=10 rs=1 cs=1]
              RenderInline {FONT} at (0,0) size 3x13
                RenderText {#text} at (0,0) size 3x13
                  text run at (0,0) width 3: " "
            RenderTableCell {TD} at (77,26) size 7x13 [bgcolor=#027777] [r=2 c=11 rs=1 cs=1]
              RenderInline {FONT} at (0,0) size 3x13
                RenderText {#text} at (0,0) size 3x13
                  text run at (0,0) width 3: " "
            RenderTableCell {TD} at (84,26) size 7x13 [bgcolor=#026766] [r=2 c=12 rs=1 cs=1]
              RenderInline {FONT} at (0,0) size 3x13
                RenderText {#text} at (0,0) size 3x13
                  text run at (0,0) width 3: " "
            RenderTableCell {TD} at (91,26) size 7x13 [bgcolor=#025E5E] [r=2 c=13 rs=1 cs=1]
              RenderInline {FONT} at (0,0) size 3x13
                RenderText {#text} at (0,0) size 3x13
                  text run at (0,0) width 3: " "
            RenderTableCell {TD} at (98,26) size 7x13 [bgcolor=#044F4F] [r=2 c=14 rs=1 cs=1]
              RenderInline {FONT} at (0,0) size 3x13
                RenderText {#text} at (0,0) size 3x13
                  text run at (0,0) width 3: " "
            RenderTableCell {TD} at (105,26) size 7x13 [bgcolor=#044140] [r=2 c=15 rs=1 cs=1]
              RenderInline {FONT} at (0,0) size 3x13
                RenderText {#text} at (0,0) size 3x13
                  text run at (0,0) width 3: " "
            RenderTableCell {TD} at (112,26) size 8x13 [bgcolor=#044140] [r=2 c=16 rs=1 cs=1]
              RenderInline {FONT} at (0,0) size 3x13
                RenderText {#text} at (0,0) size 3x13
                  text run at (0,0) width 3: " "
            RenderTableCell {TD} at (120,26) size 8x13 [bgcolor=#044F4F] [r=2 c=17 rs=1 cs=1]
              RenderInline {FONT} at (0,0) size 3x13
                RenderText {#text} at (0,0) size 3x13
                  text run at (0,0) width 3: " "
            RenderTableCell {TD} at (128,26) size 8x13 [bgcolor=#025E5E] [r=2 c=18 rs=1 cs=1]
              RenderInline {FONT} at (0,0) size 3x13
                RenderText {#text} at (0,0) size 3x13
                  text run at (0,0) width 3: " "
            RenderTableCell {TD} at (136,26) size 8x13 [bgcolor=#026766] [r=2 c=19 rs=1 cs=1]
              RenderInline {FONT} at (0,0) size 3x13
                RenderText {#text} at (0,0) size 3x13
                  text run at (0,0) width 3: " "
            RenderTableCell {TD} at (144,26) size 8x13 [bgcolor=#026766] [r=2 c=20 rs=1 cs=1]
              RenderInline {FONT} at (0,0) size 3x13
                RenderText {#text} at (0,0) size 3x13
                  text run at (0,0) width 3: " "
            RenderTableCell {TD} at (152,26) size 8x13 [bgcolor=#026766] [r=2 c=21 rs=1 cs=1]
              RenderInline {FONT} at (0,0) size 3x13
                RenderText {#text} at (0,0) size 3x13
                  text run at (0,0) width 3: " "
            RenderTableCell {TD} at (160,26) size 8x13 [bgcolor=#026766] [r=2 c=22 rs=1 cs=1]
              RenderInline {FONT} at (0,0) size 3x13
                RenderText {#text} at (0,0) size 3x13
                  text run at (0,0) width 3: " "
            RenderTableCell {TD} at (168,26) size 8x13 [bgcolor=#026766] [r=2 c=23 rs=1 cs=1]
              RenderInline {FONT} at (0,0) size 3x13
                RenderText {#text} at (0,0) size 3x13
                  text run at (0,0) width 3: " "
            RenderTableCell {TD} at (176,26) size 8x13 [bgcolor=#026766] [r=2 c=24 rs=1 cs=1]
              RenderInline {FONT} at (0,0) size 3x13
                RenderText {#text} at (0,0) size 3x13
                  text run at (0,0) width 3: " "
            RenderTableCell {TD} at (184,26) size 8x13 [bgcolor=#026766] [r=2 c=25 rs=1 cs=1]
              RenderInline {FONT} at (0,0) size 3x13
                RenderText {#text} at (0,0) size 3x13
                  text run at (0,0) width 3: " "
            RenderTableCell {TD} at (192,26) size 8x13 [bgcolor=#589594] [r=2 c=26 rs=1 cs=1]
              RenderInline {FONT} at (0,0) size 3x13
                RenderText {#text} at (0,0) size 3x13
                  text run at (0,0) width 3: " "
            RenderTableCell {TD} at (200,26) size 8x13 [bgcolor=#CECFCF] [r=2 c=27 rs=1 cs=1]
              RenderInline {FONT} at (0,0) size 3x13
                RenderText {#text} at (0,0) size 3x13
                  text run at (0,0) width 3: " "
            RenderTableCell {TD} at (208,26) size 8x13 [bgcolor=#EDEEEF] [r=2 c=28 rs=1 cs=1]
              RenderInline {FONT} at (0,0) size 3x13
                RenderText {#text} at (0,0) size 3x13
                  text run at (0,0) width 3: " "
            RenderTableCell {TD} at (216,26) size 8x13 [bgcolor=#FDFDFB] [r=2 c=29 rs=1 cs=1]
              RenderInline {FONT} at (0,0) size 3x13
                RenderText {#text} at (0,0) size 3x13
                  text run at (0,0) width 3: " "
            RenderTableCell {TD} at (224,26) size 8x13 [bgcolor=#FDFDFB] [r=2 c=30 rs=1 cs=1]
              RenderInline {FONT} at (0,0) size 3x13
                RenderText {#text} at (0,0) size 3x13
                  text run at (0,0) width 3: " "
            RenderTableCell {TD} at (232,26) size 8x13 [bgcolor=#FDFDFB] [r=2 c=31 rs=1 cs=1]
              RenderInline {FONT} at (0,0) size 3x13
                RenderText {#text} at (0,0) size 3x13
                  text run at (0,0) width 3: " "
            RenderTableCell {TD} at (240,26) size 8x13 [bgcolor=#FDFDFB] [r=2 c=32 rs=1 cs=1]
              RenderInline {FONT} at (0,0) size 3x13
                RenderText {#text} at (0,0) size 3x13
                  text run at (0,0) width 3: " "
            RenderTableCell {TD} at (248,26) size 8x13 [bgcolor=#FDFDFB] [r=2 c=33 rs=1 cs=1]
              RenderInline {FONT} at (0,0) size 3x13
                RenderText {#text} at (0,0) size 3x13
                  text run at (0,0) width 3: " "
            RenderTableCell {TD} at (256,26) size 8x13 [bgcolor=#FDFDFB] [r=2 c=34 rs=1 cs=1]
              RenderInline {FONT} at (0,0) size 3x13
                RenderText {#text} at (0,0) size 3x13
                  text run at (0,0) width 3: " "
            RenderTableCell {TD} at (264,26) size 8x13 [bgcolor=#EDEEEF] [r=2 c=35 rs=1 cs=1]
              RenderInline {FONT} at (0,0) size 3x13
                RenderText {#text} at (0,0) size 3x13
                  text run at (0,0) width 3: " "
            RenderTableCell {TD} at (272,26) size 8x13 [bgcolor=#048485] [r=2 c=36 rs=1 cs=1]
              RenderInline {FONT} at (0,0) size 3x13
                RenderText {#text} at (0,0) size 3x13
                  text run at (0,0) width 3: " "
            RenderTableCell {TD} at (280,26) size 8x13 [bgcolor=#048485] [r=2 c=37 rs=1 cs=1]
              RenderInline {FONT} at (0,0) size 3x13
                RenderText {#text} at (0,0) size 3x13
                  text run at (0,0) width 3: " "
            RenderTableCell {TD} at (288,26) size 8x13 [bgcolor=#027777] [r=2 c=38 rs=1 cs=1]
              RenderInline {FONT} at (0,0) size 3x13
                RenderText {#text} at (0,0) size 3x13
                  text run at (0,0) width 3: " "
            RenderTableCell {TD} at (296,26) size 8x13 [bgcolor=#027777] [r=2 c=39 rs=1 cs=1]
              RenderInline {FONT} at (0,0) size 3x13
                RenderText {#text} at (0,0) size 3x13
                  text run at (0,0) width 3: " "
            RenderTableCell {TD} at (304,26) size 8x13 [bgcolor=#027777] [r=2 c=40 rs=1 cs=1]
              RenderInline {FONT} at (0,0) size 3x13
                RenderText {#text} at (0,0) size 3x13
                  text run at (0,0) width 3: " "
            RenderTableCell {TD} at (312,26) size 8x13 [bgcolor=#027777] [r=2 c=41 rs=1 cs=1]
              RenderInline {FONT} at (0,0) size 3x13
                RenderText {#text} at (0,0) size 3x13
                  text run at (0,0) width 3: " "
            RenderTableCell {TD} at (320,26) size 8x13 [bgcolor=#027777] [r=2 c=42 rs=1 cs=1]
              RenderInline {FONT} at (0,0) size 3x13
                RenderText {#text} at (0,0) size 3x13
                  text run at (0,0) width 3: " "
            RenderTableCell {TD} at (328,26) size 8x13 [bgcolor=#027777] [r=2 c=43 rs=1 cs=1]
              RenderInline {FONT} at (0,0) size 3x13
                RenderText {#text} at (0,0) size 3x13
                  text run at (0,0) width 3: " "
            RenderTableCell {TD} at (336,26) size 8x13 [bgcolor=#027777] [r=2 c=44 rs=1 cs=1]
              RenderInline {FONT} at (0,0) size 3x13
                RenderText {#text} at (0,0) size 3x13
                  text run at (0,0) width 3: " "
            RenderTableCell {TD} at (344,26) size 8x13 [bgcolor=#027777] [r=2 c=45 rs=1 cs=1]
              RenderInline {FONT} at (0,0) size 3x13
                RenderText {#text} at (0,0) size 3x13
                  text run at (0,0) width 3: " "
            RenderTableCell {TD} at (352,26) size 8x13 [bgcolor=#027777] [r=2 c=46 rs=1 cs=1]
              RenderInline {FONT} at (0,0) size 3x13
                RenderText {#text} at (0,0) size 3x13
                  text run at (0,0) width 3: " "
            RenderTableCell {TD} at (360,26) size 8x13 [bgcolor=#027777] [r=2 c=47 rs=1 cs=1]
              RenderInline {FONT} at (0,0) size 3x13
                RenderText {#text} at (0,0) size 3x13
                  text run at (0,0) width 3: " "
            RenderTableCell {TD} at (368,26) size 8x13 [bgcolor=#027777] [r=2 c=48 rs=1 cs=1]
              RenderInline {FONT} at (0,0) size 3x13
                RenderText {#text} at (0,0) size 3x13
                  text run at (0,0) width 3: " "
            RenderTableCell {TD} at (376,26) size 8x13 [bgcolor=#027777] [r=2 c=49 rs=1 cs=1]
              RenderInline {FONT} at (0,0) size 3x13
                RenderText {#text} at (0,0) size 3x13
                  text run at (0,0) width 3: " "
            RenderTableCell {TD} at (384,26) size 8x13 [bgcolor=#027777] [r=2 c=50 rs=1 cs=1]
              RenderInline {FONT} at (0,0) size 3x13
                RenderText {#text} at (0,0) size 3x13
                  text run at (0,0) width 3: " "
            RenderTableCell {TD} at (392,26) size 8x13 [bgcolor=#026766] [r=2 c=51 rs=1 cs=1]
              RenderInline {FONT} at (0,0) size 3x13
                RenderText {#text} at (0,0) size 3x13
                  text run at (0,0) width 3: " "
            RenderTableCell {TD} at (400,26) size 8x13 [bgcolor=#338686] [r=2 c=52 rs=1 cs=1]
              RenderInline {FONT} at (0,0) size 3x13
                RenderText {#text} at (0,0) size 3x13
                  text run at (0,0) width 3: " "
            RenderTableCell {TD} at (408,26) size 8x13 [bgcolor=#048485] [r=2 c=53 rs=1 cs=1]
              RenderInline {FONT} at (0,0) size 3x13
                RenderText {#text} at (0,0) size 3x13
                  text run at (0,0) width 3: " "
            RenderTableCell {TD} at (416,26) size 8x13 [bgcolor=#027777] [r=2 c=54 rs=1 cs=1]
              RenderInline {FONT} at (0,0) size 3x13
                RenderText {#text} at (0,0) size 3x13
                  text run at (0,0) width 3: " "
            RenderTableCell {TD} at (424,26) size 8x13 [bgcolor=#026766] [r=2 c=55 rs=1 cs=1]
              RenderInline {FONT} at (0,0) size 3x13
                RenderText {#text} at (0,0) size 3x13
                  text run at (0,0) width 3: " "
            RenderTableCell {TD} at (432,26) size 8x13 [bgcolor=#044F4F] [r=2 c=56 rs=1 cs=1]
              RenderInline {FONT} at (0,0) size 3x13
                RenderText {#text} at (0,0) size 3x13
                  text run at (0,0) width 3: " "
            RenderTableCell {TD} at (440,26) size 8x13 [bgcolor=#939494] [r=2 c=57 rs=1 cs=1]
              RenderInline {FONT} at (0,0) size 3x13
                RenderText {#text} at (0,0) size 3x13
                  text run at (0,0) width 3: " "
            RenderTableCell {TD} at (448,26) size 8x13 [bgcolor=#CECFCF] [r=2 c=58 rs=1 cs=1]
              RenderInline {FONT} at (0,0) size 3x13
                RenderText {#text} at (0,0) size 3x13
                  text run at (0,0) width 3: " "
            RenderTableCell {TD} at (456,26) size 8x13 [bgcolor=#EDEEEF] [r=2 c=59 rs=1 cs=1]
              RenderInline {FONT} at (0,0) size 3x13
                RenderText {#text} at (0,0) size 3x13
                  text run at (0,0) width 3: " "
            RenderTableCell {TD} at (464,26) size 8x13 [bgcolor=#FDFDFB] [r=2 c=60 rs=1 cs=1]
              RenderInline {FONT} at (0,0) size 3x13
                RenderText {#text} at (0,0) size 3x13
                  text run at (0,0) width 3: " "
            RenderTableCell {TD} at (472,26) size 8x13 [bgcolor=#FDFDFB] [r=2 c=61 rs=1 cs=1]
              RenderInline {FONT} at (0,0) size 3x13
                RenderText {#text} at (0,0) size 3x13
                  text run at (0,0) width 3: " "
            RenderTableCell {TD} at (480,26) size 8x13 [bgcolor=#FDFDFB] [r=2 c=62 rs=1 cs=1]
              RenderInline {FONT} at (0,0) size 3x13
                RenderText {#text} at (0,0) size 3x13
                  text run at (0,0) width 3: " "
            RenderTableCell {TD} at (488,26) size 8x13 [bgcolor=#FDFDFB] [r=2 c=63 rs=1 cs=1]
              RenderInline {FONT} at (0,0) size 3x13
                RenderText {#text} at (0,0) size 3x13
                  text run at (0,0) width 3: " "
            RenderTableCell {TD} at (496,26) size 8x13 [bgcolor=#FDFDFB] [r=2 c=64 rs=1 cs=1]
              RenderInline {FONT} at (0,0) size 3x13
                RenderText {#text} at (0,0) size 3x13
                  text run at (0,0) width 3: " "
            RenderTableCell {TD} at (504,26) size 8x13 [bgcolor=#EDEEEF] [r=2 c=65 rs=1 cs=1]
              RenderInline {FONT} at (0,0) size 3x13
                RenderText {#text} at (0,0) size 3x13
                  text run at (0,0) width 3: " "
            RenderTableCell {TD} at (512,26) size 8x13 [bgcolor=#A4CCCC] [r=2 c=66 rs=1 cs=1]
              RenderInline {FONT} at (0,0) size 3x13
                RenderText {#text} at (0,0) size 3x13
                  text run at (0,0) width 3: " "
            RenderTableCell {TD} at (520,26) size 8x13 [bgcolor=#5CADAE] [r=2 c=67 rs=1 cs=1]
              RenderInline {FONT} at (0,0) size 3x13
                RenderText {#text} at (0,0) size 3x13
                  text run at (0,0) width 3: " "
            RenderTableCell {TD} at (528,26) size 8x13 [bgcolor=#158E8C] [r=2 c=68 rs=1 cs=1]
              RenderInline {FONT} at (0,0) size 3x13
                RenderText {#text} at (0,0) size 3x13
                  text run at (0,0) width 3: " "
            RenderTableCell {TD} at (536,26) size 8x13 [bgcolor=#048485] [r=2 c=69 rs=1 cs=1]
              RenderInline {FONT} at (0,0) size 3x13
                RenderText {#text} at (0,0) size 3x13
                  text run at (0,0) width 3: " "
            RenderTableCell {TD} at (544,26) size 8x13 [bgcolor=#048485] [r=2 c=70 rs=1 cs=1]
              RenderInline {FONT} at (0,0) size 3x13
                RenderText {#text} at (0,0) size 3x13
                  text run at (0,0) width 3: " "
            RenderTableCell {TD} at (552,26) size 8x13 [bgcolor=#027777] [r=2 c=71 rs=1 cs=1]
              RenderInline {FONT} at (0,0) size 3x13
                RenderText {#text} at (0,0) size 3x13
                  text run at (0,0) width 3: " "
            RenderTableCell {TD} at (560,26) size 8x13 [bgcolor=#027777] [r=2 c=72 rs=1 cs=1]
              RenderInline {FONT} at (0,0) size 3x13
                RenderText {#text} at (0,0) size 3x13
                  text run at (0,0) width 3: " "
            RenderTableCell {TD} at (568,26) size 8x13 [bgcolor=#027777] [r=2 c=73 rs=1 cs=1]
              RenderInline {FONT} at (0,0) size 3x13
                RenderText {#text} at (0,0) size 3x13
                  text run at (0,0) width 3: " "
            RenderTableCell {TD} at (576,26) size 8x13 [bgcolor=#027777] [r=2 c=74 rs=1 cs=1]
              RenderInline {FONT} at (0,0) size 3x13
                RenderText {#text} at (0,0) size 3x13
                  text run at (0,0) width 3: " "
            RenderTableCell {TD} at (584,26) size 8x13 [bgcolor=#027777] [r=2 c=75 rs=1 cs=1]
              RenderInline {FONT} at (0,0) size 3x13
                RenderText {#text} at (0,0) size 3x13
                  text run at (0,0) width 3: " "
            RenderTableCell {TD} at (592,26) size 8x13 [bgcolor=#027777] [r=2 c=76 rs=1 cs=1]
              RenderInline {FONT} at (0,0) size 3x13
                RenderText {#text} at (0,0) size 3x13
                  text run at (0,0) width 3: " "
            RenderTableCell {TD} at (600,26) size 8x13 [bgcolor=#027777] [r=2 c=77 rs=1 cs=1]
              RenderInline {FONT} at (0,0) size 3x13
                RenderText {#text} at (0,0) size 3x13
                  text run at (0,0) width 3: " "
            RenderTableCell {TD} at (608,26) size 8x13 [bgcolor=#027777] [r=2 c=78 rs=1 cs=1]
              RenderInline {FONT} at (0,0) size 3x13
                RenderText {#text} at (0,0) size 3x13
                  text run at (0,0) width 3: " "
            RenderTableCell {TD} at (616,26) size 8x13 [bgcolor=#027777] [r=2 c=79 rs=1 cs=1]
              RenderInline {FONT} at (0,0) size 3x13
                RenderText {#text} at (0,0) size 3x13
                  text run at (0,0) width 3: " "
            RenderTableCell {TD} at (624,26) size 8x13 [bgcolor=#027777] [r=2 c=80 rs=1 cs=1]
              RenderInline {FONT} at (0,0) size 3x13
                RenderText {#text} at (0,0) size 3x13
                  text run at (0,0) width 3: " "
            RenderTableCell {TD} at (632,26) size 8x13 [bgcolor=#027777] [r=2 c=81 rs=1 cs=1]
              RenderInline {FONT} at (0,0) size 3x13
                RenderText {#text} at (0,0) size 3x13
                  text run at (0,0) width 3: " "
            RenderTableCell {TD} at (640,26) size 8x13 [bgcolor=#027777] [r=2 c=82 rs=1 cs=1]
              RenderInline {FONT} at (0,0) size 3x13
                RenderText {#text} at (0,0) size 3x13
                  text run at (0,0) width 3: " "
            RenderTableCell {TD} at (648,26) size 8x13 [bgcolor=#027777] [r=2 c=83 rs=1 cs=1]
              RenderInline {FONT} at (0,0) size 3x13
                RenderText {#text} at (0,0) size 3x13
                  text run at (0,0) width 3: " "
            RenderTableCell {TD} at (656,26) size 8x13 [bgcolor=#027777] [r=2 c=84 rs=1 cs=1]
              RenderInline {FONT} at (0,0) size 3x13
                RenderText {#text} at (0,0) size 3x13
                  text run at (0,0) width 3: " "
            RenderTableCell {TD} at (664,26) size 8x13 [bgcolor=#027777] [r=2 c=85 rs=1 cs=1]
              RenderInline {FONT} at (0,0) size 3x13
                RenderText {#text} at (0,0) size 3x13
                  text run at (0,0) width 3: " "
            RenderTableCell {TD} at (672,26) size 8x13 [bgcolor=#027777] [r=2 c=86 rs=1 cs=1]
              RenderInline {FONT} at (0,0) size 3x13
                RenderText {#text} at (0,0) size 3x13
                  text run at (0,0) width 3: " "
            RenderTableCell {TD} at (680,26) size 8x13 [bgcolor=#027777] [r=2 c=87 rs=1 cs=1]
              RenderInline {FONT} at (0,0) size 3x13
                RenderText {#text} at (0,0) size 3x13
                  text run at (0,0) width 3: " "
            RenderTableCell {TD} at (688,26) size 8x13 [bgcolor=#027777] [r=2 c=88 rs=1 cs=1]
              RenderInline {FONT} at (0,0) size 3x13
                RenderText {#text} at (0,0) size 3x13
                  text run at (0,0) width 3: " "
            RenderTableCell {TD} at (696,26) size 8x13 [bgcolor=#027777] [r=2 c=89 rs=1 cs=1]
              RenderInline {FONT} at (0,0) size 3x13
                RenderText {#text} at (0,0) size 3x13
                  text run at (0,0) width 3: " "
            RenderTableCell {TD} at (704,26) size 8x13 [bgcolor=#027777] [r=2 c=90 rs=1 cs=1]
              RenderInline {FONT} at (0,0) size 3x13
                RenderText {#text} at (0,0) size 3x13
                  text run at (0,0) width 3: " "
            RenderTableCell {TD} at (712,26) size 8x13 [bgcolor=#027777] [r=2 c=91 rs=1 cs=1]
              RenderInline {FONT} at (0,0) size 3x13
                RenderText {#text} at (0,0) size 3x13
                  text run at (0,0) width 3: " "
            RenderTableCell {TD} at (720,26) size 8x13 [bgcolor=#026766] [r=2 c=92 rs=1 cs=1]
              RenderInline {FONT} at (0,0) size 3x13
                RenderText {#text} at (0,0) size 3x13
                  text run at (0,0) width 3: " "
            RenderTableCell {TD} at (728,26) size 8x13 [bgcolor=#044F4F] [r=2 c=93 rs=1 cs=1]
              RenderInline {FONT} at (0,0) size 3x13
                RenderText {#text} at (0,0) size 3x13
                  text run at (0,0) width 3: " "
            RenderTableCell {TD} at (736,26) size 8x13 [bgcolor=#647979] [r=2 c=94 rs=1 cs=1]
              RenderInline {FONT} at (0,0) size 3x13
                RenderText {#text} at (0,0) size 3x13
                  text run at (0,0) width 3: " "
            RenderTableCell {TD} at (744,26) size 8x13 [bgcolor=#BEC2C2] [r=2 c=95 rs=1 cs=1]
              RenderInline {FONT} at (0,0) size 3x13
                RenderText {#text} at (0,0) size 3x13
                  text run at (0,0) width 3: " "
            RenderTableCell {TD} at (752,26) size 8x13 [bgcolor=#E0EAE9] [r=2 c=96 rs=1 cs=1]
              RenderInline {FONT} at (0,0) size 3x13
                RenderText {#text} at (0,0) size 3x13
                  text run at (0,0) width 3: " "
            RenderTableCell {TD} at (760,26) size 8x13 [bgcolor=#FDFDFB] [r=2 c=97 rs=1 cs=1]
              RenderInline {FONT} at (0,0) size 3x13
                RenderText {#text} at (0,0) size 3x13
                  text run at (0,0) width 3: " "
            RenderTableCell {TD} at (768,26) size 8x13 [bgcolor=#FDFDFB] [r=2 c=98 rs=1 cs=1]
              RenderInline {FONT} at (0,0) size 3x13
                RenderText {#text} at (0,0) size 3x13
                  text run at (0,0) width 3: " "
            RenderTableCell {TD} at (776,26) size 8x13 [bgcolor=#FDFDFB] [r=2 c=99 rs=1 cs=1]
              RenderInline {FONT} at (0,0) size 3x13
                RenderText {#text} at (0,0) size 3x13
                  text run at (0,0) width 3: " "
          RenderTableRow {TR} at (0,39) size 784x13
            RenderTableCell {TD} at (0,39) size 7x13 [bgcolor=#FDFDFB] [r=3 c=0 rs=1 cs=1]
              RenderInline {FONT} at (0,0) size 3x13
                RenderText {#text} at (0,0) size 3x13
                  text run at (0,0) width 3: " "
            RenderTableCell {TD} at (7,39) size 7x13 [bgcolor=#FDFDFB] [r=3 c=1 rs=1 cs=1]
              RenderInline {FONT} at (0,0) size 3x13
                RenderText {#text} at (0,0) size 3x13
                  text run at (0,0) width 3: " "
            RenderTableCell {TD} at (14,39) size 7x13 [bgcolor=#FDFDFB] [r=3 c=2 rs=1 cs=1]
              RenderInline {FONT} at (0,0) size 3x13
                RenderText {#text} at (0,0) size 3x13
                  text run at (0,0) width 3: " "
            RenderTableCell {TD} at (21,39) size 7x13 [bgcolor=#FDFDFB] [r=3 c=3 rs=1 cs=1]
              RenderInline {FONT} at (0,0) size 3x13
                RenderText {#text} at (0,0) size 3x13
                  text run at (0,0) width 3: " "
            RenderTableCell {TD} at (28,39) size 7x13 [bgcolor=#FDFDFB] [r=3 c=4 rs=1 cs=1]
              RenderInline {FONT} at (0,0) size 3x13
                RenderText {#text} at (0,0) size 3x13
                  text run at (0,0) width 3: " "
            RenderTableCell {TD} at (35,39) size 7x13 [bgcolor=#66BABC] [r=3 c=5 rs=1 cs=1]
              RenderInline {FONT} at (0,0) size 3x13
                RenderText {#text} at (0,0) size 3x13
                  text run at (0,0) width 3: " "
            RenderTableCell {TD} at (42,39) size 7x13 [bgcolor=#158E8C] [r=3 c=6 rs=1 cs=1]
              RenderInline {FONT} at (0,0) size 3x13
                RenderText {#text} at (0,0) size 3x13
                  text run at (0,0) width 3: " "
            RenderTableCell {TD} at (49,39) size 7x13 [bgcolor=#048485] [r=3 c=7 rs=1 cs=1]
              RenderInline {FONT} at (0,0) size 3x13
                RenderText {#text} at (0,0) size 3x13
                  text run at (0,0) width 3: " "
            RenderTableCell {TD} at (56,39) size 7x13 [bgcolor=#027777] [r=3 c=8 rs=1 cs=1]
              RenderInline {FONT} at (0,0) size 3x13
                RenderText {#text} at (0,0) size 3x13
                  text run at (0,0) width 3: " "
            RenderTableCell {TD} at (63,39) size 7x13 [bgcolor=#027777] [r=3 c=9 rs=1 cs=1]
              RenderInline {FONT} at (0,0) size 3x13
                RenderText {#text} at (0,0) size 3x13
                  text run at (0,0) width 3: " "
            RenderTableCell {TD} at (70,39) size 7x13 [bgcolor=#026766] [r=3 c=10 rs=1 cs=1]
              RenderInline {FONT} at (0,0) size 3x13
                RenderText {#text} at (0,0) size 3x13
                  text run at (0,0) width 3: " "
            RenderTableCell {TD} at (77,39) size 7x13 [bgcolor=#026766] [r=3 c=11 rs=1 cs=1]
              RenderInline {FONT} at (0,0) size 3x13
                RenderText {#text} at (0,0) size 3x13
                  text run at (0,0) width 3: " "
            RenderTableCell {TD} at (84,39) size 7x13 [bgcolor=#025E5E] [r=3 c=12 rs=1 cs=1]
              RenderInline {FONT} at (0,0) size 3x13
                RenderText {#text} at (0,0) size 3x13
                  text run at (0,0) width 3: " "
            RenderTableCell {TD} at (91,39) size 7x13 [bgcolor=#044F4F] [r=3 c=13 rs=1 cs=1]
              RenderInline {FONT} at (0,0) size 3x13
                RenderText {#text} at (0,0) size 3x13
                  text run at (0,0) width 3: " "
            RenderTableCell {TD} at (98,39) size 7x13 [bgcolor=#044140] [r=3 c=14 rs=1 cs=1]
              RenderInline {FONT} at (0,0) size 3x13
                RenderText {#text} at (0,0) size 3x13
                  text run at (0,0) width 3: " "
            RenderTableCell {TD} at (105,39) size 7x13 [bgcolor=#223C3D] [r=3 c=15 rs=1 cs=1]
              RenderInline {FONT} at (0,0) size 3x13
                RenderText {#text} at (0,0) size 3x13
                  text run at (0,0) width 3: " "
            RenderTableCell {TD} at (112,39) size 8x13 [bgcolor=#344C4E] [r=3 c=16 rs=1 cs=1]
              RenderInline {FONT} at (0,0) size 3x13
                RenderText {#text} at (0,0) size 3x13
                  text run at (0,0) width 3: " "
            RenderTableCell {TD} at (120,39) size 8x13 [bgcolor=#4D4F4F] [r=3 c=17 rs=1 cs=1]
              RenderInline {FONT} at (0,0) size 3x13
                RenderText {#text} at (0,0) size 3x13
                  text run at (0,0) width 3: " "
            RenderTableCell {TD} at (128,39) size 8x13 [bgcolor=#1A5C5C] [r=3 c=18 rs=1 cs=1]
              RenderInline {FONT} at (0,0) size 3x13
                RenderText {#text} at (0,0) size 3x13
                  text run at (0,0) width 3: " "
            RenderTableCell {TD} at (136,39) size 8x13 [bgcolor=#026766] [r=3 c=19 rs=1 cs=1]
              RenderInline {FONT} at (0,0) size 3x13
                RenderText {#text} at (0,0) size 3x13
                  text run at (0,0) width 3: " "
            RenderTableCell {TD} at (144,39) size 8x13 [bgcolor=#026766] [r=3 c=20 rs=1 cs=1]
              RenderInline {FONT} at (0,0) size 3x13
                RenderText {#text} at (0,0) size 3x13
                  text run at (0,0) width 3: " "
            RenderTableCell {TD} at (152,39) size 8x13 [bgcolor=#026766] [r=3 c=21 rs=1 cs=1]
              RenderInline {FONT} at (0,0) size 3x13
                RenderText {#text} at (0,0) size 3x13
                  text run at (0,0) width 3: " "
            RenderTableCell {TD} at (160,39) size 8x13 [bgcolor=#026766] [r=3 c=22 rs=1 cs=1]
              RenderInline {FONT} at (0,0) size 3x13
                RenderText {#text} at (0,0) size 3x13
                  text run at (0,0) width 3: " "
            RenderTableCell {TD} at (168,39) size 8x13 [bgcolor=#026766] [r=3 c=23 rs=1 cs=1]
              RenderInline {FONT} at (0,0) size 3x13
                RenderText {#text} at (0,0) size 3x13
                  text run at (0,0) width 3: " "
            RenderTableCell {TD} at (176,39) size 8x13 [bgcolor=#026766] [r=3 c=24 rs=1 cs=1]
              RenderInline {FONT} at (0,0) size 3x13
                RenderText {#text} at (0,0) size 3x13
                  text run at (0,0) width 3: " "
            RenderTableCell {TD} at (184,39) size 8x13 [bgcolor=#026766] [r=3 c=25 rs=1 cs=1]
              RenderInline {FONT} at (0,0) size 3x13
                RenderText {#text} at (0,0) size 3x13
                  text run at (0,0) width 3: " "
            RenderTableCell {TD} at (192,39) size 8x13 [bgcolor=#025E5E] [r=3 c=26 rs=1 cs=1]
              RenderInline {FONT} at (0,0) size 3x13
                RenderText {#text} at (0,0) size 3x13
                  text run at (0,0) width 3: " "
            RenderTableCell {TD} at (200,39) size 8x13 [bgcolor=#1A6B6A] [r=3 c=27 rs=1 cs=1]
              RenderInline {FONT} at (0,0) size 3x13
                RenderText {#text} at (0,0) size 3x13
                  text run at (0,0) width 3: " "
            RenderTableCell {TD} at (208,39) size 8x13 [bgcolor=#7B918F] [r=3 c=28 rs=1 cs=1]
              RenderInline {FONT} at (0,0) size 3x13
                RenderText {#text} at (0,0) size 3x13
                  text run at (0,0) width 3: " "
            RenderTableCell {TD} at (216,39) size 8x13 [bgcolor=#A5A6A6] [r=3 c=29 rs=1 cs=1]
              RenderInline {FONT} at (0,0) size 3x13
                RenderText {#text} at (0,0) size 3x13
                  text run at (0,0) width 3: " "
            RenderTableCell {TD} at (224,39) size 8x13 [bgcolor=#B4B4B4] [r=3 c=30 rs=1 cs=1]
              RenderInline {FONT} at (0,0) size 3x13
                RenderText {#text} at (0,0) size 3x13
                  text run at (0,0) width 3: " "
            RenderTableCell {TD} at (232,39) size 8x13 [bgcolor=#B4B4B4] [r=3 c=31 rs=1 cs=1]
              RenderInline {FONT} at (0,0) size 3x13
                RenderText {#text} at (0,0) size 3x13
                  text run at (0,0) width 3: " "
            RenderTableCell {TD} at (240,39) size 8x13 [bgcolor=#B4B4B4] [r=3 c=32 rs=1 cs=1]
              RenderInline {FONT} at (0,0) size 3x13
                RenderText {#text} at (0,0) size 3x13
                  text run at (0,0) width 3: " "
            RenderTableCell {TD} at (248,39) size 8x13 [bgcolor=#B4B4B4] [r=3 c=33 rs=1 cs=1]
              RenderInline {FONT} at (0,0) size 3x13
                RenderText {#text} at (0,0) size 3x13
                  text run at (0,0) width 3: " "
            RenderTableCell {TD} at (256,39) size 8x13 [bgcolor=#B4B4B4] [r=3 c=34 rs=1 cs=1]
              RenderInline {FONT} at (0,0) size 3x13
                RenderText {#text} at (0,0) size 3x13
                  text run at (0,0) width 3: " "
            RenderTableCell {TD} at (264,39) size 8x13 [bgcolor=#A2B5B4] [r=3 c=35 rs=1 cs=1]
              RenderInline {FONT} at (0,0) size 3x13
                RenderText {#text} at (0,0) size 3x13
                  text run at (0,0) width 3: " "
            RenderTableCell {TD} at (272,39) size 8x13 [bgcolor=#048485] [r=3 c=36 rs=1 cs=1]
              RenderInline {FONT} at (0,0) size 3x13
                RenderText {#text} at (0,0) size 3x13
                  text run at (0,0) width 3: " "
            RenderTableCell {TD} at (280,39) size 8x13 [bgcolor=#027777] [r=3 c=37 rs=1 cs=1]
              RenderInline {FONT} at (0,0) size 3x13
                RenderText {#text} at (0,0) size 3x13
                  text run at (0,0) width 3: " "
            RenderTableCell {TD} at (288,39) size 8x13 [bgcolor=#026766] [r=3 c=38 rs=1 cs=1]
              RenderInline {FONT} at (0,0) size 3x13
                RenderText {#text} at (0,0) size 3x13
                  text run at (0,0) width 3: " "
            RenderTableCell {TD} at (296,39) size 8x13 [bgcolor=#026766] [r=3 c=39 rs=1 cs=1]
              RenderInline {FONT} at (0,0) size 3x13
                RenderText {#text} at (0,0) size 3x13
                  text run at (0,0) width 3: " "
            RenderTableCell {TD} at (304,39) size 8x13 [bgcolor=#026766] [r=3 c=40 rs=1 cs=1]
              RenderInline {FONT} at (0,0) size 3x13
                RenderText {#text} at (0,0) size 3x13
                  text run at (0,0) width 3: " "
            RenderTableCell {TD} at (312,39) size 8x13 [bgcolor=#026766] [r=3 c=41 rs=1 cs=1]
              RenderInline {FONT} at (0,0) size 3x13
                RenderText {#text} at (0,0) size 3x13
                  text run at (0,0) width 3: " "
            RenderTableCell {TD} at (320,39) size 8x13 [bgcolor=#026766] [r=3 c=42 rs=1 cs=1]
              RenderInline {FONT} at (0,0) size 3x13
                RenderText {#text} at (0,0) size 3x13
                  text run at (0,0) width 3: " "
            RenderTableCell {TD} at (328,39) size 8x13 [bgcolor=#026766] [r=3 c=43 rs=1 cs=1]
              RenderInline {FONT} at (0,0) size 3x13
                RenderText {#text} at (0,0) size 3x13
                  text run at (0,0) width 3: " "
            RenderTableCell {TD} at (336,39) size 8x13 [bgcolor=#026766] [r=3 c=44 rs=1 cs=1]
              RenderInline {FONT} at (0,0) size 3x13
                RenderText {#text} at (0,0) size 3x13
                  text run at (0,0) width 3: " "
            RenderTableCell {TD} at (344,39) size 8x13 [bgcolor=#026766] [r=3 c=45 rs=1 cs=1]
              RenderInline {FONT} at (0,0) size 3x13
                RenderText {#text} at (0,0) size 3x13
                  text run at (0,0) width 3: " "
            RenderTableCell {TD} at (352,39) size 8x13 [bgcolor=#026766] [r=3 c=46 rs=1 cs=1]
              RenderInline {FONT} at (0,0) size 3x13
                RenderText {#text} at (0,0) size 3x13
                  text run at (0,0) width 3: " "
            RenderTableCell {TD} at (360,39) size 8x13 [bgcolor=#026766] [r=3 c=47 rs=1 cs=1]
              RenderInline {FONT} at (0,0) size 3x13
                RenderText {#text} at (0,0) size 3x13
                  text run at (0,0) width 3: " "
            RenderTableCell {TD} at (368,39) size 8x13 [bgcolor=#026766] [r=3 c=48 rs=1 cs=1]
              RenderInline {FONT} at (0,0) size 3x13
                RenderText {#text} at (0,0) size 3x13
                  text run at (0,0) width 3: " "
            RenderTableCell {TD} at (376,39) size 8x13 [bgcolor=#026766] [r=3 c=49 rs=1 cs=1]
              RenderInline {FONT} at (0,0) size 3x13
                RenderText {#text} at (0,0) size 3x13
                  text run at (0,0) width 3: " "
            RenderTableCell {TD} at (384,39) size 8x13 [bgcolor=#026766] [r=3 c=50 rs=1 cs=1]
              RenderInline {FONT} at (0,0) size 3x13
                RenderText {#text} at (0,0) size 3x13
                  text run at (0,0) width 3: " "
            RenderTableCell {TD} at (392,39) size 8x13 [bgcolor=#026766] [r=3 c=51 rs=1 cs=1]
              RenderInline {FONT} at (0,0) size 3x13
                RenderText {#text} at (0,0) size 3x13
                  text run at (0,0) width 3: " "
            RenderTableCell {TD} at (400,39) size 8x13 [bgcolor=#026766] [r=3 c=52 rs=1 cs=1]
              RenderInline {FONT} at (0,0) size 3x13
                RenderText {#text} at (0,0) size 3x13
                  text run at (0,0) width 3: " "
            RenderTableCell {TD} at (408,39) size 8x13 [bgcolor=#027777] [r=3 c=53 rs=1 cs=1]
              RenderInline {FONT} at (0,0) size 3x13
                RenderText {#text} at (0,0) size 3x13
                  text run at (0,0) width 3: " "
            RenderTableCell {TD} at (416,39) size 8x13 [bgcolor=#026766] [r=3 c=54 rs=1 cs=1]
              RenderInline {FONT} at (0,0) size 3x13
                RenderText {#text} at (0,0) size 3x13
                  text run at (0,0) width 3: " "
            RenderTableCell {TD} at (424,39) size 8x13 [bgcolor=#044F4F] [r=3 c=55 rs=1 cs=1]
              RenderInline {FONT} at (0,0) size 3x13
                RenderText {#text} at (0,0) size 3x13
                  text run at (0,0) width 3: " "
            RenderTableCell {TD} at (432,39) size 8x13 [bgcolor=#044140] [r=3 c=56 rs=1 cs=1]
              RenderInline {FONT} at (0,0) size 3x13
                RenderText {#text} at (0,0) size 3x13
                  text run at (0,0) width 3: " "
            RenderTableCell {TD} at (440,39) size 8x13 [bgcolor=#515C5B] [r=3 c=57 rs=1 cs=1]
              RenderInline {FONT} at (0,0) size 3x13
                RenderText {#text} at (0,0) size 3x13
                  text run at (0,0) width 3: " "
            RenderTableCell {TD} at (448,39) size 8x13 [bgcolor=#848788] [r=3 c=58 rs=1 cs=1]
              RenderInline {FONT} at (0,0) size 3x13
                RenderText {#text} at (0,0) size 3x13
                  text run at (0,0) width 3: " "
            RenderTableCell {TD} at (456,39) size 8x13 [bgcolor=#A5A6A6] [r=3 c=59 rs=1 cs=1]
              RenderInline {FONT} at (0,0) size 3x13
                RenderText {#text} at (0,0) size 3x13
                  text run at (0,0) width 3: " "
            RenderTableCell {TD} at (464,39) size 8x13 [bgcolor=#B4B4B4] [r=3 c=60 rs=1 cs=1]
              RenderInline {FONT} at (0,0) size 3x13
                RenderText {#text} at (0,0) size 3x13
                  text run at (0,0) width 3: " "
            RenderTableCell {TD} at (472,39) size 8x13 [bgcolor=#B4B4B4] [r=3 c=61 rs=1 cs=1]
              RenderInline {FONT} at (0,0) size 3x13
                RenderText {#text} at (0,0) size 3x13
                  text run at (0,0) width 3: " "
            RenderTableCell {TD} at (480,39) size 8x13 [bgcolor=#B4B4B4] [r=3 c=62 rs=1 cs=1]
              RenderInline {FONT} at (0,0) size 3x13
                RenderText {#text} at (0,0) size 3x13
                  text run at (0,0) width 3: " "
            RenderTableCell {TD} at (488,39) size 8x13 [bgcolor=#B4B4B4] [r=3 c=63 rs=1 cs=1]
              RenderInline {FONT} at (0,0) size 3x13
                RenderText {#text} at (0,0) size 3x13
                  text run at (0,0) width 3: " "
            RenderTableCell {TD} at (496,39) size 8x13 [bgcolor=#72A3A1] [r=3 c=64 rs=1 cs=1]
              RenderInline {FONT} at (0,0) size 3x13
                RenderText {#text} at (0,0) size 3x13
                  text run at (0,0) width 3: " "
            RenderTableCell {TD} at (504,39) size 8x13 [bgcolor=#158E8C] [r=3 c=65 rs=1 cs=1]
              RenderInline {FONT} at (0,0) size 3x13
                RenderText {#text} at (0,0) size 3x13
                  text run at (0,0) width 3: " "
            RenderTableCell {TD} at (512,39) size 8x13 [bgcolor=#048485] [r=3 c=66 rs=1 cs=1]
              RenderInline {FONT} at (0,0) size 3x13
                RenderText {#text} at (0,0) size 3x13
                  text run at (0,0) width 3: " "
            RenderTableCell {TD} at (520,39) size 8x13 [bgcolor=#048485] [r=3 c=67 rs=1 cs=1]
              RenderInline {FONT} at (0,0) size 3x13
                RenderText {#text} at (0,0) size 3x13
                  text run at (0,0) width 3: " "
            RenderTableCell {TD} at (528,39) size 8x13 [bgcolor=#027777] [r=3 c=68 rs=1 cs=1]
              RenderInline {FONT} at (0,0) size 3x13
                RenderText {#text} at (0,0) size 3x13
                  text run at (0,0) width 3: " "
            RenderTableCell {TD} at (536,39) size 8x13 [bgcolor=#027777] [r=3 c=69 rs=1 cs=1]
              RenderInline {FONT} at (0,0) size 3x13
                RenderText {#text} at (0,0) size 3x13
                  text run at (0,0) width 3: " "
            RenderTableCell {TD} at (544,39) size 8x13 [bgcolor=#027777] [r=3 c=70 rs=1 cs=1]
              RenderInline {FONT} at (0,0) size 3x13
                RenderText {#text} at (0,0) size 3x13
                  text run at (0,0) width 3: " "
            RenderTableCell {TD} at (552,39) size 8x13 [bgcolor=#026766] [r=3 c=71 rs=1 cs=1]
              RenderInline {FONT} at (0,0) size 3x13
                RenderText {#text} at (0,0) size 3x13
                  text run at (0,0) width 3: " "
            RenderTableCell {TD} at (560,39) size 8x13 [bgcolor=#026766] [r=3 c=72 rs=1 cs=1]
              RenderInline {FONT} at (0,0) size 3x13
                RenderText {#text} at (0,0) size 3x13
                  text run at (0,0) width 3: " "
            RenderTableCell {TD} at (568,39) size 8x13 [bgcolor=#026766] [r=3 c=73 rs=1 cs=1]
              RenderInline {FONT} at (0,0) size 3x13
                RenderText {#text} at (0,0) size 3x13
                  text run at (0,0) width 3: " "
            RenderTableCell {TD} at (576,39) size 8x13 [bgcolor=#025E5E] [r=3 c=74 rs=1 cs=1]
              RenderInline {FONT} at (0,0) size 3x13
                RenderText {#text} at (0,0) size 3x13
                  text run at (0,0) width 3: " "
            RenderTableCell {TD} at (584,39) size 8x13 [bgcolor=#025E5E] [r=3 c=75 rs=1 cs=1]
              RenderInline {FONT} at (0,0) size 3x13
                RenderText {#text} at (0,0) size 3x13
                  text run at (0,0) width 3: " "
            RenderTableCell {TD} at (592,39) size 8x13 [bgcolor=#025E5E] [r=3 c=76 rs=1 cs=1]
              RenderInline {FONT} at (0,0) size 3x13
                RenderText {#text} at (0,0) size 3x13
                  text run at (0,0) width 3: " "
            RenderTableCell {TD} at (600,39) size 8x13 [bgcolor=#025E5E] [r=3 c=77 rs=1 cs=1]
              RenderInline {FONT} at (0,0) size 3x13
                RenderText {#text} at (0,0) size 3x13
                  text run at (0,0) width 3: " "
            RenderTableCell {TD} at (608,39) size 8x13 [bgcolor=#026766] [r=3 c=78 rs=1 cs=1]
              RenderInline {FONT} at (0,0) size 3x13
                RenderText {#text} at (0,0) size 3x13
                  text run at (0,0) width 3: " "
            RenderTableCell {TD} at (616,39) size 8x13 [bgcolor=#026766] [r=3 c=79 rs=1 cs=1]
              RenderInline {FONT} at (0,0) size 3x13
                RenderText {#text} at (0,0) size 3x13
                  text run at (0,0) width 3: " "
            RenderTableCell {TD} at (624,39) size 8x13 [bgcolor=#026766] [r=3 c=80 rs=1 cs=1]
              RenderInline {FONT} at (0,0) size 3x13
                RenderText {#text} at (0,0) size 3x13
                  text run at (0,0) width 3: " "
            RenderTableCell {TD} at (632,39) size 8x13 [bgcolor=#026766] [r=3 c=81 rs=1 cs=1]
              RenderInline {FONT} at (0,0) size 3x13
                RenderText {#text} at (0,0) size 3x13
                  text run at (0,0) width 3: " "
            RenderTableCell {TD} at (640,39) size 8x13 [bgcolor=#026766] [r=3 c=82 rs=1 cs=1]
              RenderInline {FONT} at (0,0) size 3x13
                RenderText {#text} at (0,0) size 3x13
                  text run at (0,0) width 3: " "
            RenderTableCell {TD} at (648,39) size 8x13 [bgcolor=#026766] [r=3 c=83 rs=1 cs=1]
              RenderInline {FONT} at (0,0) size 3x13
                RenderText {#text} at (0,0) size 3x13
                  text run at (0,0) width 3: " "
            RenderTableCell {TD} at (656,39) size 8x13 [bgcolor=#026766] [r=3 c=84 rs=1 cs=1]
              RenderInline {FONT} at (0,0) size 3x13
                RenderText {#text} at (0,0) size 3x13
                  text run at (0,0) width 3: " "
            RenderTableCell {TD} at (664,39) size 8x13 [bgcolor=#026766] [r=3 c=85 rs=1 cs=1]
              RenderInline {FONT} at (0,0) size 3x13
                RenderText {#text} at (0,0) size 3x13
                  text run at (0,0) width 3: " "
            RenderTableCell {TD} at (672,39) size 8x13 [bgcolor=#026766] [r=3 c=86 rs=1 cs=1]
              RenderInline {FONT} at (0,0) size 3x13
                RenderText {#text} at (0,0) size 3x13
                  text run at (0,0) width 3: " "
            RenderTableCell {TD} at (680,39) size 8x13 [bgcolor=#026766] [r=3 c=87 rs=1 cs=1]
              RenderInline {FONT} at (0,0) size 3x13
                RenderText {#text} at (0,0) size 3x13
                  text run at (0,0) width 3: " "
            RenderTableCell {TD} at (688,39) size 8x13 [bgcolor=#026766] [r=3 c=88 rs=1 cs=1]
              RenderInline {FONT} at (0,0) size 3x13
                RenderText {#text} at (0,0) size 3x13
                  text run at (0,0) width 3: " "
            RenderTableCell {TD} at (696,39) size 8x13 [bgcolor=#026766] [r=3 c=89 rs=1 cs=1]
              RenderInline {FONT} at (0,0) size 3x13
                RenderText {#text} at (0,0) size 3x13
                  text run at (0,0) width 3: " "
            RenderTableCell {TD} at (704,39) size 8x13 [bgcolor=#026766] [r=3 c=90 rs=1 cs=1]
              RenderInline {FONT} at (0,0) size 3x13
                RenderText {#text} at (0,0) size 3x13
                  text run at (0,0) width 3: " "
            RenderTableCell {TD} at (712,39) size 8x13 [bgcolor=#026766] [r=3 c=91 rs=1 cs=1]
              RenderInline {FONT} at (0,0) size 3x13
                RenderText {#text} at (0,0) size 3x13
                  text run at (0,0) width 3: " "
            RenderTableCell {TD} at (720,39) size 8x13 [bgcolor=#025E5E] [r=3 c=92 rs=1 cs=1]
              RenderInline {FONT} at (0,0) size 3x13
                RenderText {#text} at (0,0) size 3x13
                  text run at (0,0) width 3: " "
            RenderTableCell {TD} at (728,39) size 8x13 [bgcolor=#044140] [r=3 c=93 rs=1 cs=1]
              RenderInline {FONT} at (0,0) size 3x13
                RenderText {#text} at (0,0) size 3x13
                  text run at (0,0) width 3: " "
            RenderTableCell {TD} at (736,39) size 8x13 [bgcolor=#344C4E] [r=3 c=94 rs=1 cs=1]
              RenderInline {FONT} at (0,0) size 3x13
                RenderText {#text} at (0,0) size 3x13
                  text run at (0,0) width 3: " "
            RenderTableCell {TD} at (744,39) size 8x13 [bgcolor=#777878] [r=3 c=95 rs=1 cs=1]
              RenderInline {FONT} at (0,0) size 3x13
                RenderText {#text} at (0,0) size 3x13
                  text run at (0,0) width 3: " "
            RenderTableCell {TD} at (752,39) size 8x13 [bgcolor=#91A3A3] [r=3 c=96 rs=1 cs=1]
              RenderInline {FONT} at (0,0) size 3x13
                RenderText {#text} at (0,0) size 3x13
                  text run at (0,0) width 3: " "
            RenderTableCell {TD} at (760,39) size 8x13 [bgcolor=#B4B4B4] [r=3 c=97 rs=1 cs=1]
              RenderInline {FONT} at (0,0) size 3x13
                RenderText {#text} at (0,0) size 3x13
                  text run at (0,0) width 3: " "
            RenderTableCell {TD} at (768,39) size 8x13 [bgcolor=#A5A6A6] [r=3 c=98 rs=1 cs=1]
              RenderInline {FONT} at (0,0) size 3x13
                RenderText {#text} at (0,0) size 3x13
                  text run at (0,0) width 3: " "
            RenderTableCell {TD} at (776,39) size 8x13 [bgcolor=#848788] [r=3 c=99 rs=1 cs=1]
              RenderInline {FONT} at (0,0) size 3x13
                RenderText {#text} at (0,0) size 3x13
                  text run at (0,0) width 3: " "
          RenderTableRow {TR} at (0,52) size 784x13
            RenderTableCell {TD} at (0,52) size 7x13 [bgcolor=#FDFDFB] [r=4 c=0 rs=1 cs=1]
              RenderInline {FONT} at (0,0) size 3x13
                RenderText {#text} at (0,0) size 3x13
                  text run at (0,0) width 3: " "
            RenderTableCell {TD} at (7,52) size 7x13 [bgcolor=#FDFDFB] [r=4 c=1 rs=1 cs=1]
              RenderInline {FONT} at (0,0) size 3x13
                RenderText {#text} at (0,0) size 3x13
                  text run at (0,0) width 3: " "
            RenderTableCell {TD} at (14,52) size 7x13 [bgcolor=#FDFDFB] [r=4 c=2 rs=1 cs=1]
              RenderInline {FONT} at (0,0) size 3x13
                RenderText {#text} at (0,0) size 3x13
                  text run at (0,0) width 3: " "
            RenderTableCell {TD} at (21,52) size 7x13 [bgcolor=#EDEEEF] [r=4 c=3 rs=1 cs=1]
              RenderInline {FONT} at (0,0) size 3x13
                RenderText {#text} at (0,0) size 3x13
                  text run at (0,0) width 3: " "
            RenderTableCell {TD} at (28,52) size 7x13 [bgcolor=#66BABC] [r=4 c=4 rs=1 cs=1]
              RenderInline {FONT} at (0,0) size 3x13
                RenderText {#text} at (0,0) size 3x13
                  text run at (0,0) width 3: " "
            RenderTableCell {TD} at (35,52) size 7x13 [bgcolor=#048485] [r=4 c=5 rs=1 cs=1]
              RenderInline {FONT} at (0,0) size 3x13
                RenderText {#text} at (0,0) size 3x13
                  text run at (0,0) width 3: " "
            RenderTableCell {TD} at (42,52) size 7x13 [bgcolor=#048485] [r=4 c=6 rs=1 cs=1]
              RenderInline {FONT} at (0,0) size 3x13
                RenderText {#text} at (0,0) size 3x13
                  text run at (0,0) width 3: " "
            RenderTableCell {TD} at (49,52) size 7x13 [bgcolor=#027777] [r=4 c=7 rs=1 cs=1]
              RenderInline {FONT} at (0,0) size 3x13
                RenderText {#text} at (0,0) size 3x13
                  text run at (0,0) width 3: " "
            RenderTableCell {TD} at (56,52) size 7x13 [bgcolor=#026766] [r=4 c=8 rs=1 cs=1]
              RenderInline {FONT} at (0,0) size 3x13
                RenderText {#text} at (0,0) size 3x13
                  text run at (0,0) width 3: " "
            RenderTableCell {TD} at (63,52) size 7x13 [bgcolor=#026766] [r=4 c=9 rs=1 cs=1]
              RenderInline {FONT} at (0,0) size 3x13
                RenderText {#text} at (0,0) size 3x13
                  text run at (0,0) width 3: " "
            RenderTableCell {TD} at (70,52) size 7x13 [bgcolor=#026766] [r=4 c=10 rs=1 cs=1]
              RenderInline {FONT} at (0,0) size 3x13
                RenderText {#text} at (0,0) size 3x13
                  text run at (0,0) width 3: " "
            RenderTableCell {TD} at (77,52) size 7x13 [bgcolor=#026766] [r=4 c=11 rs=1 cs=1]
              RenderInline {FONT} at (0,0) size 3x13
                RenderText {#text} at (0,0) size 3x13
                  text run at (0,0) width 3: " "
            RenderTableCell {TD} at (84,52) size 7x13 [bgcolor=#025E5E] [r=4 c=12 rs=1 cs=1]
              RenderInline {FONT} at (0,0) size 3x13
                RenderText {#text} at (0,0) size 3x13
                  text run at (0,0) width 3: " "
            RenderTableCell {TD} at (91,52) size 7x13 [bgcolor=#044140] [r=4 c=13 rs=1 cs=1]
              RenderInline {FONT} at (0,0) size 3x13
                RenderText {#text} at (0,0) size 3x13
                  text run at (0,0) width 3: " "
            RenderTableCell {TD} at (98,52) size 7x13 [bgcolor=#083131] [r=4 c=14 rs=1 cs=1]
              RenderInline {FONT} at (0,0) size 3x13
                RenderText {#text} at (0,0) size 3x13
                  text run at (0,0) width 3: " "
            RenderTableCell {TD} at (105,52) size 7x13 [bgcolor=#3D4242] [r=4 c=15 rs=1 cs=1]
              RenderInline {FONT} at (0,0) size 3x13
                RenderText {#text} at (0,0) size 3x13
                  text run at (0,0) width 3: " "
            RenderTableCell {TD} at (112,52) size 8x13 [bgcolor=#515C5B] [r=4 c=16 rs=1 cs=1]
              RenderInline {FONT} at (0,0) size 3x13
                RenderText {#text} at (0,0) size 3x13
                  text run at (0,0) width 3: " "
            RenderTableCell {TD} at (120,52) size 8x13 [bgcolor=#696A69] [r=4 c=17 rs=1 cs=1]
              RenderInline {FONT} at (0,0) size 3x13
                RenderText {#text} at (0,0) size 3x13
                  text run at (0,0) width 3: " "
            RenderTableCell {TD} at (128,52) size 8x13 [bgcolor=#526B6B] [r=4 c=18 rs=1 cs=1]
              RenderInline {FONT} at (0,0) size 3x13
                RenderText {#text} at (0,0) size 3x13
                  text run at (0,0) width 3: " "
            RenderTableCell {TD} at (136,52) size 8x13 [bgcolor=#026766] [r=4 c=19 rs=1 cs=1]
              RenderInline {FONT} at (0,0) size 3x13
                RenderText {#text} at (0,0) size 3x13
                  text run at (0,0) width 3: " "
            RenderTableCell {TD} at (144,52) size 8x13 [bgcolor=#026766] [r=4 c=20 rs=1 cs=1]
              RenderInline {FONT} at (0,0) size 3x13
                RenderText {#text} at (0,0) size 3x13
                  text run at (0,0) width 3: " "
            RenderTableCell {TD} at (152,52) size 8x13 [bgcolor=#026766] [r=4 c=21 rs=1 cs=1]
              RenderInline {FONT} at (0,0) size 3x13
                RenderText {#text} at (0,0) size 3x13
                  text run at (0,0) width 3: " "
            RenderTableCell {TD} at (160,52) size 8x13 [bgcolor=#026766] [r=4 c=22 rs=1 cs=1]
              RenderInline {FONT} at (0,0) size 3x13
                RenderText {#text} at (0,0) size 3x13
                  text run at (0,0) width 3: " "
            RenderTableCell {TD} at (168,52) size 8x13 [bgcolor=#026766] [r=4 c=23 rs=1 cs=1]
              RenderInline {FONT} at (0,0) size 3x13
                RenderText {#text} at (0,0) size 3x13
                  text run at (0,0) width 3: " "
            RenderTableCell {TD} at (176,52) size 8x13 [bgcolor=#026766] [r=4 c=24 rs=1 cs=1]
              RenderInline {FONT} at (0,0) size 3x13
                RenderText {#text} at (0,0) size 3x13
                  text run at (0,0) width 3: " "
            RenderTableCell {TD} at (184,52) size 8x13 [bgcolor=#026766] [r=4 c=25 rs=1 cs=1]
              RenderInline {FONT} at (0,0) size 3x13
                RenderText {#text} at (0,0) size 3x13
                  text run at (0,0) width 3: " "
            RenderTableCell {TD} at (192,52) size 8x13 [bgcolor=#026766] [r=4 c=26 rs=1 cs=1]
              RenderInline {FONT} at (0,0) size 3x13
                RenderText {#text} at (0,0) size 3x13
                  text run at (0,0) width 3: " "
            RenderTableCell {TD} at (200,52) size 8x13 [bgcolor=#025E5E] [r=4 c=27 rs=1 cs=1]
              RenderInline {FONT} at (0,0) size 3x13
                RenderText {#text} at (0,0) size 3x13
                  text run at (0,0) width 3: " "
            RenderTableCell {TD} at (208,52) size 8x13 [bgcolor=#025E5E] [r=4 c=28 rs=1 cs=1]
              RenderInline {FONT} at (0,0) size 3x13
                RenderText {#text} at (0,0) size 3x13
                  text run at (0,0) width 3: " "
            RenderTableCell {TD} at (216,52) size 8x13 [bgcolor=#647979] [r=4 c=29 rs=1 cs=1]
              RenderInline {FONT} at (0,0) size 3x13
                RenderText {#text} at (0,0) size 3x13
                  text run at (0,0) width 3: " "
            RenderTableCell {TD} at (224,52) size 8x13 [bgcolor=#939494] [r=4 c=30 rs=1 cs=1]
              RenderInline {FONT} at (0,0) size 3x13
                RenderText {#text} at (0,0) size 3x13
                  text run at (0,0) width 3: " "
            RenderTableCell {TD} at (232,52) size 8x13 [bgcolor=#A5A6A6] [r=4 c=31 rs=1 cs=1]
              RenderInline {FONT} at (0,0) size 3x13
                RenderText {#text} at (0,0) size 3x13
                  text run at (0,0) width 3: " "
            RenderTableCell {TD} at (240,52) size 8x13 [bgcolor=#A5A6A6] [r=4 c=32 rs=1 cs=1]
              RenderInline {FONT} at (0,0) size 3x13
                RenderText {#text} at (0,0) size 3x13
                  text run at (0,0) width 3: " "
            RenderTableCell {TD} at (248,52) size 8x13 [bgcolor=#B4B4B4] [r=4 c=33 rs=1 cs=1]
              RenderInline {FONT} at (0,0) size 3x13
                RenderText {#text} at (0,0) size 3x13
                  text run at (0,0) width 3: " "
            RenderTableCell {TD} at (256,52) size 8x13 [bgcolor=#B4B4B4] [r=4 c=34 rs=1 cs=1]
              RenderInline {FONT} at (0,0) size 3x13
                RenderText {#text} at (0,0) size 3x13
                  text run at (0,0) width 3: " "
            RenderTableCell {TD} at (264,52) size 8x13 [bgcolor=#91A3A3] [r=4 c=35 rs=1 cs=1]
              RenderInline {FONT} at (0,0) size 3x13
                RenderText {#text} at (0,0) size 3x13
                  text run at (0,0) width 3: " "
            RenderTableCell {TD} at (272,52) size 8x13 [bgcolor=#048485] [r=4 c=36 rs=1 cs=1]
              RenderInline {FONT} at (0,0) size 3x13
                RenderText {#text} at (0,0) size 3x13
                  text run at (0,0) width 3: " "
            RenderTableCell {TD} at (280,52) size 8x13 [bgcolor=#027777] [r=4 c=37 rs=1 cs=1]
              RenderInline {FONT} at (0,0) size 3x13
                RenderText {#text} at (0,0) size 3x13
                  text run at (0,0) width 3: " "
            RenderTableCell {TD} at (288,52) size 8x13 [bgcolor=#026766] [r=4 c=38 rs=1 cs=1]
              RenderInline {FONT} at (0,0) size 3x13
                RenderText {#text} at (0,0) size 3x13
                  text run at (0,0) width 3: " "
            RenderTableCell {TD} at (296,52) size 8x13 [bgcolor=#026766] [r=4 c=39 rs=1 cs=1]
              RenderInline {FONT} at (0,0) size 3x13
                RenderText {#text} at (0,0) size 3x13
                  text run at (0,0) width 3: " "
            RenderTableCell {TD} at (304,52) size 8x13 [bgcolor=#026766] [r=4 c=40 rs=1 cs=1]
              RenderInline {FONT} at (0,0) size 3x13
                RenderText {#text} at (0,0) size 3x13
                  text run at (0,0) width 3: " "
            RenderTableCell {TD} at (312,52) size 8x13 [bgcolor=#026766] [r=4 c=41 rs=1 cs=1]
              RenderInline {FONT} at (0,0) size 3x13
                RenderText {#text} at (0,0) size 3x13
                  text run at (0,0) width 3: " "
            RenderTableCell {TD} at (320,52) size 8x13 [bgcolor=#026766] [r=4 c=42 rs=1 cs=1]
              RenderInline {FONT} at (0,0) size 3x13
                RenderText {#text} at (0,0) size 3x13
                  text run at (0,0) width 3: " "
            RenderTableCell {TD} at (328,52) size 8x13 [bgcolor=#026766] [r=4 c=43 rs=1 cs=1]
              RenderInline {FONT} at (0,0) size 3x13
                RenderText {#text} at (0,0) size 3x13
                  text run at (0,0) width 3: " "
            RenderTableCell {TD} at (336,52) size 8x13 [bgcolor=#026766] [r=4 c=44 rs=1 cs=1]
              RenderInline {FONT} at (0,0) size 3x13
                RenderText {#text} at (0,0) size 3x13
                  text run at (0,0) width 3: " "
            RenderTableCell {TD} at (344,52) size 8x13 [bgcolor=#026766] [r=4 c=45 rs=1 cs=1]
              RenderInline {FONT} at (0,0) size 3x13
                RenderText {#text} at (0,0) size 3x13
                  text run at (0,0) width 3: " "
            RenderTableCell {TD} at (352,52) size 8x13 [bgcolor=#026766] [r=4 c=46 rs=1 cs=1]
              RenderInline {FONT} at (0,0) size 3x13
                RenderText {#text} at (0,0) size 3x13
                  text run at (0,0) width 3: " "
            RenderTableCell {TD} at (360,52) size 8x13 [bgcolor=#026766] [r=4 c=47 rs=1 cs=1]
              RenderInline {FONT} at (0,0) size 3x13
                RenderText {#text} at (0,0) size 3x13
                  text run at (0,0) width 3: " "
            RenderTableCell {TD} at (368,52) size 8x13 [bgcolor=#026766] [r=4 c=48 rs=1 cs=1]
              RenderInline {FONT} at (0,0) size 3x13
                RenderText {#text} at (0,0) size 3x13
                  text run at (0,0) width 3: " "
            RenderTableCell {TD} at (376,52) size 8x13 [bgcolor=#026766] [r=4 c=49 rs=1 cs=1]
              RenderInline {FONT} at (0,0) size 3x13
                RenderText {#text} at (0,0) size 3x13
                  text run at (0,0) width 3: " "
            RenderTableCell {TD} at (384,52) size 8x13 [bgcolor=#026766] [r=4 c=50 rs=1 cs=1]
              RenderInline {FONT} at (0,0) size 3x13
                RenderText {#text} at (0,0) size 3x13
                  text run at (0,0) width 3: " "
            RenderTableCell {TD} at (392,52) size 8x13 [bgcolor=#026766] [r=4 c=51 rs=1 cs=1]
              RenderInline {FONT} at (0,0) size 3x13
                RenderText {#text} at (0,0) size 3x13
                  text run at (0,0) width 3: " "
            RenderTableCell {TD} at (400,52) size 8x13 [bgcolor=#026766] [r=4 c=52 rs=1 cs=1]
              RenderInline {FONT} at (0,0) size 3x13
                RenderText {#text} at (0,0) size 3x13
                  text run at (0,0) width 3: " "
            RenderTableCell {TD} at (408,52) size 8x13 [bgcolor=#025E5E] [r=4 c=53 rs=1 cs=1]
              RenderInline {FONT} at (0,0) size 3x13
                RenderText {#text} at (0,0) size 3x13
                  text run at (0,0) width 3: " "
            RenderTableCell {TD} at (416,52) size 8x13 [bgcolor=#025E5E] [r=4 c=54 rs=1 cs=1]
              RenderInline {FONT} at (0,0) size 3x13
                RenderText {#text} at (0,0) size 3x13
                  text run at (0,0) width 3: " "
            RenderTableCell {TD} at (424,52) size 8x13 [bgcolor=#044140] [r=4 c=55 rs=1 cs=1]
              RenderInline {FONT} at (0,0) size 3x13
                RenderText {#text} at (0,0) size 3x13
                  text run at (0,0) width 3: " "
            RenderTableCell {TD} at (432,52) size 8x13 [bgcolor=#083131] [r=4 c=56 rs=1 cs=1]
              RenderInline {FONT} at (0,0) size 3x13
                RenderText {#text} at (0,0) size 3x13
                  text run at (0,0) width 3: " "
            RenderTableCell {TD} at (440,52) size 8x13 [bgcolor=#4D4F4F] [r=4 c=57 rs=1 cs=1]
              RenderInline {FONT} at (0,0) size 3x13
                RenderText {#text} at (0,0) size 3x13
                  text run at (0,0) width 3: " "
            RenderTableCell {TD} at (448,52) size 8x13 [bgcolor=#777878] [r=4 c=58 rs=1 cs=1]
              RenderInline {FONT} at (0,0) size 3x13
                RenderText {#text} at (0,0) size 3x13
                  text run at (0,0) width 3: " "
            RenderTableCell {TD} at (456,52) size 8x13 [bgcolor=#939494] [r=4 c=59 rs=1 cs=1]
              RenderInline {FONT} at (0,0) size 3x13
                RenderText {#text} at (0,0) size 3x13
                  text run at (0,0) width 3: " "
            RenderTableCell {TD} at (464,52) size 8x13 [bgcolor=#A5A6A6] [r=4 c=60 rs=1 cs=1]
              RenderInline {FONT} at (0,0) size 3x13
                RenderText {#text} at (0,0) size 3x13
                  text run at (0,0) width 3: " "
            RenderTableCell {TD} at (472,52) size 8x13 [bgcolor=#B4B4B4] [r=4 c=61 rs=1 cs=1]
              RenderInline {FONT} at (0,0) size 3x13
                RenderText {#text} at (0,0) size 3x13
                  text run at (0,0) width 3: " "
            RenderTableCell {TD} at (480,52) size 8x13 [bgcolor=#A5A6A6] [r=4 c=62 rs=1 cs=1]
              RenderInline {FONT} at (0,0) size 3x13
                RenderText {#text} at (0,0) size 3x13
                  text run at (0,0) width 3: " "
            RenderTableCell {TD} at (488,52) size 8x13 [bgcolor=#589594] [r=4 c=63 rs=1 cs=1]
              RenderInline {FONT} at (0,0) size 3x13
                RenderText {#text} at (0,0) size 3x13
                  text run at (0,0) width 3: " "
            RenderTableCell {TD} at (496,52) size 8x13 [bgcolor=#048485] [r=4 c=64 rs=1 cs=1]
              RenderInline {FONT} at (0,0) size 3x13
                RenderText {#text} at (0,0) size 3x13
                  text run at (0,0) width 3: " "
            RenderTableCell {TD} at (504,52) size 8x13 [bgcolor=#048485] [r=4 c=65 rs=1 cs=1]
              RenderInline {FONT} at (0,0) size 3x13
                RenderText {#text} at (0,0) size 3x13
                  text run at (0,0) width 3: " "
            RenderTableCell {TD} at (512,52) size 8x13 [bgcolor=#027777] [r=4 c=66 rs=1 cs=1]
              RenderInline {FONT} at (0,0) size 3x13
                RenderText {#text} at (0,0) size 3x13
                  text run at (0,0) width 3: " "
            RenderTableCell {TD} at (520,52) size 8x13 [bgcolor=#027777] [r=4 c=67 rs=1 cs=1]
              RenderInline {FONT} at (0,0) size 3x13
                RenderText {#text} at (0,0) size 3x13
                  text run at (0,0) width 3: " "
            RenderTableCell {TD} at (528,52) size 8x13 [bgcolor=#026766] [r=4 c=68 rs=1 cs=1]
              RenderInline {FONT} at (0,0) size 3x13
                RenderText {#text} at (0,0) size 3x13
                  text run at (0,0) width 3: " "
            RenderTableCell {TD} at (536,52) size 8x13 [bgcolor=#026766] [r=4 c=69 rs=1 cs=1]
              RenderInline {FONT} at (0,0) size 3x13
                RenderText {#text} at (0,0) size 3x13
                  text run at (0,0) width 3: " "
            RenderTableCell {TD} at (544,52) size 8x13 [bgcolor=#026766] [r=4 c=70 rs=1 cs=1]
              RenderInline {FONT} at (0,0) size 3x13
                RenderText {#text} at (0,0) size 3x13
                  text run at (0,0) width 3: " "
            RenderTableCell {TD} at (552,52) size 8x13 [bgcolor=#026766] [r=4 c=71 rs=1 cs=1]
              RenderInline {FONT} at (0,0) size 3x13
                RenderText {#text} at (0,0) size 3x13
                  text run at (0,0) width 3: " "
            RenderTableCell {TD} at (560,52) size 8x13 [bgcolor=#025E5E] [r=4 c=72 rs=1 cs=1]
              RenderInline {FONT} at (0,0) size 3x13
                RenderText {#text} at (0,0) size 3x13
                  text run at (0,0) width 3: " "
            RenderTableCell {TD} at (568,52) size 8x13 [bgcolor=#025E5E] [r=4 c=73 rs=1 cs=1]
              RenderInline {FONT} at (0,0) size 3x13
                RenderText {#text} at (0,0) size 3x13
                  text run at (0,0) width 3: " "
            RenderTableCell {TD} at (576,52) size 8x13 [bgcolor=#044F4F] [r=4 c=74 rs=1 cs=1]
              RenderInline {FONT} at (0,0) size 3x13
                RenderText {#text} at (0,0) size 3x13
                  text run at (0,0) width 3: " "
            RenderTableCell {TD} at (584,52) size 8x13 [bgcolor=#044140] [r=4 c=75 rs=1 cs=1]
              RenderInline {FONT} at (0,0) size 3x13
                RenderText {#text} at (0,0) size 3x13
                  text run at (0,0) width 3: " "
            RenderTableCell {TD} at (592,52) size 8x13 [bgcolor=#044F4F] [r=4 c=76 rs=1 cs=1]
              RenderInline {FONT} at (0,0) size 3x13
                RenderText {#text} at (0,0) size 3x13
                  text run at (0,0) width 3: " "
            RenderTableCell {TD} at (600,52) size 8x13 [bgcolor=#044F4F] [r=4 c=77 rs=1 cs=1]
              RenderInline {FONT} at (0,0) size 3x13
                RenderText {#text} at (0,0) size 3x13
                  text run at (0,0) width 3: " "
            RenderTableCell {TD} at (608,52) size 8x13 [bgcolor=#025E5E] [r=4 c=78 rs=1 cs=1]
              RenderInline {FONT} at (0,0) size 3x13
                RenderText {#text} at (0,0) size 3x13
                  text run at (0,0) width 3: " "
            RenderTableCell {TD} at (616,52) size 8x13 [bgcolor=#026766] [r=4 c=79 rs=1 cs=1]
              RenderInline {FONT} at (0,0) size 3x13
                RenderText {#text} at (0,0) size 3x13
                  text run at (0,0) width 3: " "
            RenderTableCell {TD} at (624,52) size 8x13 [bgcolor=#026766] [r=4 c=80 rs=1 cs=1]
              RenderInline {FONT} at (0,0) size 3x13
                RenderText {#text} at (0,0) size 3x13
                  text run at (0,0) width 3: " "
            RenderTableCell {TD} at (632,52) size 8x13 [bgcolor=#026766] [r=4 c=81 rs=1 cs=1]
              RenderInline {FONT} at (0,0) size 3x13
                RenderText {#text} at (0,0) size 3x13
                  text run at (0,0) width 3: " "
            RenderTableCell {TD} at (640,52) size 8x13 [bgcolor=#026766] [r=4 c=82 rs=1 cs=1]
              RenderInline {FONT} at (0,0) size 3x13
                RenderText {#text} at (0,0) size 3x13
                  text run at (0,0) width 3: " "
            RenderTableCell {TD} at (648,52) size 8x13 [bgcolor=#026766] [r=4 c=83 rs=1 cs=1]
              RenderInline {FONT} at (0,0) size 3x13
                RenderText {#text} at (0,0) size 3x13
                  text run at (0,0) width 3: " "
            RenderTableCell {TD} at (656,52) size 8x13 [bgcolor=#026766] [r=4 c=84 rs=1 cs=1]
              RenderInline {FONT} at (0,0) size 3x13
                RenderText {#text} at (0,0) size 3x13
                  text run at (0,0) width 3: " "
            RenderTableCell {TD} at (664,52) size 8x13 [bgcolor=#026766] [r=4 c=85 rs=1 cs=1]
              RenderInline {FONT} at (0,0) size 3x13
                RenderText {#text} at (0,0) size 3x13
                  text run at (0,0) width 3: " "
            RenderTableCell {TD} at (672,52) size 8x13 [bgcolor=#026766] [r=4 c=86 rs=1 cs=1]
              RenderInline {FONT} at (0,0) size 3x13
                RenderText {#text} at (0,0) size 3x13
                  text run at (0,0) width 3: " "
            RenderTableCell {TD} at (680,52) size 8x13 [bgcolor=#026766] [r=4 c=87 rs=1 cs=1]
              RenderInline {FONT} at (0,0) size 3x13
                RenderText {#text} at (0,0) size 3x13
                  text run at (0,0) width 3: " "
            RenderTableCell {TD} at (688,52) size 8x13 [bgcolor=#026766] [r=4 c=88 rs=1 cs=1]
              RenderInline {FONT} at (0,0) size 3x13
                RenderText {#text} at (0,0) size 3x13
                  text run at (0,0) width 3: " "
            RenderTableCell {TD} at (696,52) size 8x13 [bgcolor=#026766] [r=4 c=89 rs=1 cs=1]
              RenderInline {FONT} at (0,0) size 3x13
                RenderText {#text} at (0,0) size 3x13
                  text run at (0,0) width 3: " "
            RenderTableCell {TD} at (704,52) size 8x13 [bgcolor=#026766] [r=4 c=90 rs=1 cs=1]
              RenderInline {FONT} at (0,0) size 3x13
                RenderText {#text} at (0,0) size 3x13
                  text run at (0,0) width 3: " "
            RenderTableCell {TD} at (712,52) size 8x13 [bgcolor=#025E5E] [r=4 c=91 rs=1 cs=1]
              RenderInline {FONT} at (0,0) size 3x13
                RenderText {#text} at (0,0) size 3x13
                  text run at (0,0) width 3: " "
            RenderTableCell {TD} at (720,52) size 8x13 [bgcolor=#044F4F] [r=4 c=92 rs=1 cs=1]
              RenderInline {FONT} at (0,0) size 3x13
                RenderText {#text} at (0,0) size 3x13
                  text run at (0,0) width 3: " "
            RenderTableCell {TD} at (728,52) size 8x13 [bgcolor=#044140] [r=4 c=93 rs=1 cs=1]
              RenderInline {FONT} at (0,0) size 3x13
                RenderText {#text} at (0,0) size 3x13
                  text run at (0,0) width 3: " "
            RenderTableCell {TD} at (736,52) size 8x13 [bgcolor=#3D4242] [r=4 c=94 rs=1 cs=1]
              RenderInline {FONT} at (0,0) size 3x13
                RenderText {#text} at (0,0) size 3x13
                  text run at (0,0) width 3: " "
            RenderTableCell {TD} at (744,52) size 8x13 [bgcolor=#696A69] [r=4 c=95 rs=1 cs=1]
              RenderInline {FONT} at (0,0) size 3x13
                RenderText {#text} at (0,0) size 3x13
                  text run at (0,0) width 3: " "
            RenderTableCell {TD} at (752,52) size 8x13 [bgcolor=#939494] [r=4 c=96 rs=1 cs=1]
              RenderInline {FONT} at (0,0) size 3x13
                RenderText {#text} at (0,0) size 3x13
                  text run at (0,0) width 3: " "
            RenderTableCell {TD} at (760,52) size 8x13 [bgcolor=#A5A6A6] [r=4 c=97 rs=1 cs=1]
              RenderInline {FONT} at (0,0) size 3x13
                RenderText {#text} at (0,0) size 3x13
                  text run at (0,0) width 3: " "
            RenderTableCell {TD} at (768,52) size 8x13 [bgcolor=#939494] [r=4 c=98 rs=1 cs=1]
              RenderInline {FONT} at (0,0) size 3x13
                RenderText {#text} at (0,0) size 3x13
                  text run at (0,0) width 3: " "
            RenderTableCell {TD} at (776,52) size 8x13 [bgcolor=#696A69] [r=4 c=99 rs=1 cs=1]
              RenderInline {FONT} at (0,0) size 3x13
                RenderText {#text} at (0,0) size 3x13
                  text run at (0,0) width 3: " "
          RenderTableRow {TR} at (0,65) size 784x13
            RenderTableCell {TD} at (0,65) size 7x13 [bgcolor=#FDFDFB] [r=5 c=0 rs=1 cs=1]
              RenderInline {FONT} at (0,0) size 3x13
                RenderText {#text} at (0,0) size 3x13
                  text run at (0,0) width 3: " "
            RenderTableCell {TD} at (7,65) size 7x13 [bgcolor=#FDFDFB] [r=5 c=1 rs=1 cs=1]
              RenderInline {FONT} at (0,0) size 3x13
                RenderText {#text} at (0,0) size 3x13
                  text run at (0,0) width 3: " "
            RenderTableCell {TD} at (14,65) size 7x13 [bgcolor=#FDFDFB] [r=5 c=2 rs=1 cs=1]
              RenderInline {FONT} at (0,0) size 3x13
                RenderText {#text} at (0,0) size 3x13
                  text run at (0,0) width 3: " "
            RenderTableCell {TD} at (21,65) size 7x13 [bgcolor=#7DBAB9] [r=5 c=3 rs=1 cs=1]
              RenderInline {FONT} at (0,0) size 3x13
                RenderText {#text} at (0,0) size 3x13
                  text run at (0,0) width 3: " "
            RenderTableCell {TD} at (28,65) size 7x13 [bgcolor=#048485] [r=5 c=4 rs=1 cs=1]
              RenderInline {FONT} at (0,0) size 3x13
                RenderText {#text} at (0,0) size 3x13
                  text run at (0,0) width 3: " "
            RenderTableCell {TD} at (35,65) size 7x13 [bgcolor=#048485] [r=5 c=5 rs=1 cs=1]
              RenderInline {FONT} at (0,0) size 3x13
                RenderText {#text} at (0,0) size 3x13
                  text run at (0,0) width 3: " "
            RenderTableCell {TD} at (42,65) size 7x13 [bgcolor=#027777] [r=5 c=6 rs=1 cs=1]
              RenderInline {FONT} at (0,0) size 3x13
                RenderText {#text} at (0,0) size 3x13
                  text run at (0,0) width 3: " "
            RenderTableCell {TD} at (49,65) size 7x13 [bgcolor=#026766] [r=5 c=7 rs=1 cs=1]
              RenderInline {FONT} at (0,0) size 3x13
                RenderText {#text} at (0,0) size 3x13
                  text run at (0,0) width 3: " "
            RenderTableCell {TD} at (56,65) size 7x13 [bgcolor=#026766] [r=5 c=8 rs=1 cs=1]
              RenderInline {FONT} at (0,0) size 3x13
                RenderText {#text} at (0,0) size 3x13
                  text run at (0,0) width 3: " "
            RenderTableCell {TD} at (63,65) size 7x13 [bgcolor=#026766] [r=5 c=9 rs=1 cs=1]
              RenderInline {FONT} at (0,0) size 3x13
                RenderText {#text} at (0,0) size 3x13
                  text run at (0,0) width 3: " "
            RenderTableCell {TD} at (70,65) size 7x13 [bgcolor=#026766] [r=5 c=10 rs=1 cs=1]
              RenderInline {FONT} at (0,0) size 3x13
                RenderText {#text} at (0,0) size 3x13
                  text run at (0,0) width 3: " "
            RenderTableCell {TD} at (77,65) size 7x13 [bgcolor=#025E5E] [r=5 c=11 rs=1 cs=1]
              RenderInline {FONT} at (0,0) size 3x13
                RenderText {#text} at (0,0) size 3x13
                  text run at (0,0) width 3: " "
            RenderTableCell {TD} at (84,65) size 7x13 [bgcolor=#025E5E] [r=5 c=12 rs=1 cs=1]
              RenderInline {FONT} at (0,0) size 3x13
                RenderText {#text} at (0,0) size 3x13
                  text run at (0,0) width 3: " "
            RenderTableCell {TD} at (91,65) size 7x13 [bgcolor=#044140] [r=5 c=13 rs=1 cs=1]
              RenderInline {FONT} at (0,0) size 3x13
                RenderText {#text} at (0,0) size 3x13
                  text run at (0,0) width 3: " "
            RenderTableCell {TD} at (98,65) size 7x13 [bgcolor=#223C3D] [r=5 c=14 rs=1 cs=1]
              RenderInline {FONT} at (0,0) size 3x13
                RenderText {#text} at (0,0) size 3x13
                  text run at (0,0) width 3: " "
            RenderTableCell {TD} at (105,65) size 7x13 [bgcolor=#4D4F4F] [r=5 c=15 rs=1 cs=1]
              RenderInline {FONT} at (0,0) size 3x13
                RenderText {#text} at (0,0) size 3x13
                  text run at (0,0) width 3: " "
            RenderTableCell {TD} at (112,65) size 8x13 [bgcolor=#696A69] [r=5 c=16 rs=1 cs=1]
              RenderInline {FONT} at (0,0) size 3x13
                RenderText {#text} at (0,0) size 3x13
                  text run at (0,0) width 3: " "
            RenderTableCell {TD} at (120,65) size 8x13 [bgcolor=#777878] [r=5 c=17 rs=1 cs=1]
              RenderInline {FONT} at (0,0) size 3x13
                RenderText {#text} at (0,0) size 3x13
                  text run at (0,0) width 3: " "
            RenderTableCell {TD} at (128,65) size 8x13 [bgcolor=#777878] [r=5 c=18 rs=1 cs=1]
              RenderInline {FONT} at (0,0) size 3x13
                RenderText {#text} at (0,0) size 3x13
                  text run at (0,0) width 3: " "
            RenderTableCell {TD} at (136,65) size 8x13 [bgcolor=#1E7A79] [r=5 c=19 rs=1 cs=1]
              RenderInline {FONT} at (0,0) size 3x13
                RenderText {#text} at (0,0) size 3x13
                  text run at (0,0) width 3: " "
            RenderTableCell {TD} at (144,65) size 8x13 [bgcolor=#027777] [r=5 c=20 rs=1 cs=1]
              RenderInline {FONT} at (0,0) size 3x13
                RenderText {#text} at (0,0) size 3x13
                  text run at (0,0) width 3: " "
            RenderTableCell {TD} at (152,65) size 8x13 [bgcolor=#026766] [r=5 c=21 rs=1 cs=1]
              RenderInline {FONT} at (0,0) size 3x13
                RenderText {#text} at (0,0) size 3x13
                  text run at (0,0) width 3: " "
            RenderTableCell {TD} at (160,65) size 8x13 [bgcolor=#026766] [r=5 c=22 rs=1 cs=1]
              RenderInline {FONT} at (0,0) size 3x13
                RenderText {#text} at (0,0) size 3x13
                  text run at (0,0) width 3: " "
            RenderTableCell {TD} at (168,65) size 8x13 [bgcolor=#026766] [r=5 c=23 rs=1 cs=1]
              RenderInline {FONT} at (0,0) size 3x13
                RenderText {#text} at (0,0) size 3x13
                  text run at (0,0) width 3: " "
            RenderTableCell {TD} at (176,65) size 8x13 [bgcolor=#026766] [r=5 c=24 rs=1 cs=1]
              RenderInline {FONT} at (0,0) size 3x13
                RenderText {#text} at (0,0) size 3x13
                  text run at (0,0) width 3: " "
            RenderTableCell {TD} at (184,65) size 8x13 [bgcolor=#026766] [r=5 c=25 rs=1 cs=1]
              RenderInline {FONT} at (0,0) size 3x13
                RenderText {#text} at (0,0) size 3x13
                  text run at (0,0) width 3: " "
            RenderTableCell {TD} at (192,65) size 8x13 [bgcolor=#026766] [r=5 c=26 rs=1 cs=1]
              RenderInline {FONT} at (0,0) size 3x13
                RenderText {#text} at (0,0) size 3x13
                  text run at (0,0) width 3: " "
            RenderTableCell {TD} at (200,65) size 8x13 [bgcolor=#025E5E] [r=5 c=27 rs=1 cs=1]
              RenderInline {FONT} at (0,0) size 3x13
                RenderText {#text} at (0,0) size 3x13
                  text run at (0,0) width 3: " "
            RenderTableCell {TD} at (208,65) size 8x13 [bgcolor=#025E5E] [r=5 c=28 rs=1 cs=1]
              RenderInline {FONT} at (0,0) size 3x13
                RenderText {#text} at (0,0) size 3x13
                  text run at (0,0) width 3: " "
            RenderTableCell {TD} at (216,65) size 8x13 [bgcolor=#025E5E] [r=5 c=29 rs=1 cs=1]
              RenderInline {FONT} at (0,0) size 3x13
                RenderText {#text} at (0,0) size 3x13
                  text run at (0,0) width 3: " "
            RenderTableCell {TD} at (224,65) size 8x13 [bgcolor=#526B6B] [r=5 c=30 rs=1 cs=1]
              RenderInline {FONT} at (0,0) size 3x13
                RenderText {#text} at (0,0) size 3x13
                  text run at (0,0) width 3: " "
            RenderTableCell {TD} at (232,65) size 8x13 [bgcolor=#848788] [r=5 c=31 rs=1 cs=1]
              RenderInline {FONT} at (0,0) size 3x13
                RenderText {#text} at (0,0) size 3x13
                  text run at (0,0) width 3: " "
            RenderTableCell {TD} at (240,65) size 8x13 [bgcolor=#939494] [r=5 c=32 rs=1 cs=1]
              RenderInline {FONT} at (0,0) size 3x13
                RenderText {#text} at (0,0) size 3x13
                  text run at (0,0) width 3: " "
            RenderTableCell {TD} at (248,65) size 8x13 [bgcolor=#939494] [r=5 c=33 rs=1 cs=1]
              RenderInline {FONT} at (0,0) size 3x13
                RenderText {#text} at (0,0) size 3x13
                  text run at (0,0) width 3: " "
            RenderTableCell {TD} at (256,65) size 8x13 [bgcolor=#91A3A3] [r=5 c=34 rs=1 cs=1]
              RenderInline {FONT} at (0,0) size 3x13
                RenderText {#text} at (0,0) size 3x13
                  text run at (0,0) width 3: " "
            RenderTableCell {TD} at (264,65) size 8x13 [bgcolor=#939494] [r=5 c=35 rs=1 cs=1]
              RenderInline {FONT} at (0,0) size 3x13
                RenderText {#text} at (0,0) size 3x13
                  text run at (0,0) width 3: " "
            RenderTableCell {TD} at (272,65) size 8x13 [bgcolor=#027777] [r=5 c=36 rs=1 cs=1]
              RenderInline {FONT} at (0,0) size 3x13
                RenderText {#text} at (0,0) size 3x13
                  text run at (0,0) width 3: " "
            RenderTableCell {TD} at (280,65) size 8x13 [bgcolor=#027777] [r=5 c=37 rs=1 cs=1]
              RenderInline {FONT} at (0,0) size 3x13
                RenderText {#text} at (0,0) size 3x13
                  text run at (0,0) width 3: " "
            RenderTableCell {TD} at (288,65) size 8x13 [bgcolor=#026766] [r=5 c=38 rs=1 cs=1]
              RenderInline {FONT} at (0,0) size 3x13
                RenderText {#text} at (0,0) size 3x13
                  text run at (0,0) width 3: " "
            RenderTableCell {TD} at (296,65) size 8x13 [bgcolor=#026766] [r=5 c=39 rs=1 cs=1]
              RenderInline {FONT} at (0,0) size 3x13
                RenderText {#text} at (0,0) size 3x13
                  text run at (0,0) width 3: " "
            RenderTableCell {TD} at (304,65) size 8x13 [bgcolor=#026766] [r=5 c=40 rs=1 cs=1]
              RenderInline {FONT} at (0,0) size 3x13
                RenderText {#text} at (0,0) size 3x13
                  text run at (0,0) width 3: " "
            RenderTableCell {TD} at (312,65) size 8x13 [bgcolor=#026766] [r=5 c=41 rs=1 cs=1]
              RenderInline {FONT} at (0,0) size 3x13
                RenderText {#text} at (0,0) size 3x13
                  text run at (0,0) width 3: " "
            RenderTableCell {TD} at (320,65) size 8x13 [bgcolor=#026766] [r=5 c=42 rs=1 cs=1]
              RenderInline {FONT} at (0,0) size 3x13
                RenderText {#text} at (0,0) size 3x13
                  text run at (0,0) width 3: " "
            RenderTableCell {TD} at (328,65) size 8x13 [bgcolor=#026766] [r=5 c=43 rs=1 cs=1]
              RenderInline {FONT} at (0,0) size 3x13
                RenderText {#text} at (0,0) size 3x13
                  text run at (0,0) width 3: " "
            RenderTableCell {TD} at (336,65) size 8x13 [bgcolor=#026766] [r=5 c=44 rs=1 cs=1]
              RenderInline {FONT} at (0,0) size 3x13
                RenderText {#text} at (0,0) size 3x13
                  text run at (0,0) width 3: " "
            RenderTableCell {TD} at (344,65) size 8x13 [bgcolor=#026766] [r=5 c=45 rs=1 cs=1]
              RenderInline {FONT} at (0,0) size 3x13
                RenderText {#text} at (0,0) size 3x13
                  text run at (0,0) width 3: " "
            RenderTableCell {TD} at (352,65) size 8x13 [bgcolor=#026766] [r=5 c=46 rs=1 cs=1]
              RenderInline {FONT} at (0,0) size 3x13
                RenderText {#text} at (0,0) size 3x13
                  text run at (0,0) width 3: " "
            RenderTableCell {TD} at (360,65) size 8x13 [bgcolor=#026766] [r=5 c=47 rs=1 cs=1]
              RenderInline {FONT} at (0,0) size 3x13
                RenderText {#text} at (0,0) size 3x13
                  text run at (0,0) width 3: " "
            RenderTableCell {TD} at (368,65) size 8x13 [bgcolor=#026766] [r=5 c=48 rs=1 cs=1]
              RenderInline {FONT} at (0,0) size 3x13
                RenderText {#text} at (0,0) size 3x13
                  text run at (0,0) width 3: " "
            RenderTableCell {TD} at (376,65) size 8x13 [bgcolor=#026766] [r=5 c=49 rs=1 cs=1]
              RenderInline {FONT} at (0,0) size 3x13
                RenderText {#text} at (0,0) size 3x13
                  text run at (0,0) width 3: " "
            RenderTableCell {TD} at (384,65) size 8x13 [bgcolor=#026766] [r=5 c=50 rs=1 cs=1]
              RenderInline {FONT} at (0,0) size 3x13
                RenderText {#text} at (0,0) size 3x13
                  text run at (0,0) width 3: " "
            RenderTableCell {TD} at (392,65) size 8x13 [bgcolor=#025E5E] [r=5 c=51 rs=1 cs=1]
              RenderInline {FONT} at (0,0) size 3x13
                RenderText {#text} at (0,0) size 3x13
                  text run at (0,0) width 3: " "
            RenderTableCell {TD} at (400,65) size 8x13 [bgcolor=#025E5E] [r=5 c=52 rs=1 cs=1]
              RenderInline {FONT} at (0,0) size 3x13
                RenderText {#text} at (0,0) size 3x13
                  text run at (0,0) width 3: " "
            RenderTableCell {TD} at (408,65) size 8x13 [bgcolor=#044F4F] [r=5 c=53 rs=1 cs=1]
              RenderInline {FONT} at (0,0) size 3x13
                RenderText {#text} at (0,0) size 3x13
                  text run at (0,0) width 3: " "
            RenderTableCell {TD} at (416,65) size 8x13 [bgcolor=#044140] [r=5 c=54 rs=1 cs=1]
              RenderInline {FONT} at (0,0) size 3x13
                RenderText {#text} at (0,0) size 3x13
                  text run at (0,0) width 3: " "
            RenderTableCell {TD} at (424,65) size 8x13 [bgcolor=#083131] [r=5 c=55 rs=1 cs=1]
              RenderInline {FONT} at (0,0) size 3x13
                RenderText {#text} at (0,0) size 3x13
                  text run at (0,0) width 3: " "
            RenderTableCell {TD} at (432,65) size 8x13 [bgcolor=#083131] [r=5 c=56 rs=1 cs=1]
              RenderInline {FONT} at (0,0) size 3x13
                RenderText {#text} at (0,0) size 3x13
                  text run at (0,0) width 3: " "
            RenderTableCell {TD} at (440,65) size 8x13 [bgcolor=#4D4F4F] [r=5 c=57 rs=1 cs=1]
              RenderInline {FONT} at (0,0) size 3x13
                RenderText {#text} at (0,0) size 3x13
                  text run at (0,0) width 3: " "
            RenderTableCell {TD} at (448,65) size 8x13 [bgcolor=#696A69] [r=5 c=58 rs=1 cs=1]
              RenderInline {FONT} at (0,0) size 3x13
                RenderText {#text} at (0,0) size 3x13
                  text run at (0,0) width 3: " "
            RenderTableCell {TD} at (456,65) size 8x13 [bgcolor=#939494] [r=5 c=59 rs=1 cs=1]
              RenderInline {FONT} at (0,0) size 3x13
                RenderText {#text} at (0,0) size 3x13
                  text run at (0,0) width 3: " "
            RenderTableCell {TD} at (464,65) size 8x13 [bgcolor=#939494] [r=5 c=60 rs=1 cs=1]
              RenderInline {FONT} at (0,0) size 3x13
                RenderText {#text} at (0,0) size 3x13
                  text run at (0,0) width 3: " "
            RenderTableCell {TD} at (472,65) size 8x13 [bgcolor=#939494] [r=5 c=61 rs=1 cs=1]
              RenderInline {FONT} at (0,0) size 3x13
                RenderText {#text} at (0,0) size 3x13
                  text run at (0,0) width 3: " "
            RenderTableCell {TD} at (480,65) size 8x13 [bgcolor=#469191] [r=5 c=62 rs=1 cs=1]
              RenderInline {FONT} at (0,0) size 3x13
                RenderText {#text} at (0,0) size 3x13
                  text run at (0,0) width 3: " "
            RenderTableCell {TD} at (488,65) size 8x13 [bgcolor=#048485] [r=5 c=63 rs=1 cs=1]
              RenderInline {FONT} at (0,0) size 3x13
                RenderText {#text} at (0,0) size 3x13
                  text run at (0,0) width 3: " "
            RenderTableCell {TD} at (496,65) size 8x13 [bgcolor=#048485] [r=5 c=64 rs=1 cs=1]
              RenderInline {FONT} at (0,0) size 3x13
                RenderText {#text} at (0,0) size 3x13
                  text run at (0,0) width 3: " "
            RenderTableCell {TD} at (504,65) size 8x13 [bgcolor=#027777] [r=5 c=65 rs=1 cs=1]
              RenderInline {FONT} at (0,0) size 3x13
                RenderText {#text} at (0,0) size 3x13
                  text run at (0,0) width 3: " "
            RenderTableCell {TD} at (512,65) size 8x13 [bgcolor=#026766] [r=5 c=66 rs=1 cs=1]
              RenderInline {FONT} at (0,0) size 3x13
                RenderText {#text} at (0,0) size 3x13
                  text run at (0,0) width 3: " "
            RenderTableCell {TD} at (520,65) size 8x13 [bgcolor=#026766] [r=5 c=67 rs=1 cs=1]
              RenderInline {FONT} at (0,0) size 3x13
                RenderText {#text} at (0,0) size 3x13
                  text run at (0,0) width 3: " "
            RenderTableCell {TD} at (528,65) size 8x13 [bgcolor=#026766] [r=5 c=68 rs=1 cs=1]
              RenderInline {FONT} at (0,0) size 3x13
                RenderText {#text} at (0,0) size 3x13
                  text run at (0,0) width 3: " "
            RenderTableCell {TD} at (536,65) size 8x13 [bgcolor=#026766] [r=5 c=69 rs=1 cs=1]
              RenderInline {FONT} at (0,0) size 3x13
                RenderText {#text} at (0,0) size 3x13
                  text run at (0,0) width 3: " "
            RenderTableCell {TD} at (544,65) size 8x13 [bgcolor=#026766] [r=5 c=70 rs=1 cs=1]
              RenderInline {FONT} at (0,0) size 3x13
                RenderText {#text} at (0,0) size 3x13
                  text run at (0,0) width 3: " "
            RenderTableCell {TD} at (552,65) size 8x13 [bgcolor=#025E5E] [r=5 c=71 rs=1 cs=1]
              RenderInline {FONT} at (0,0) size 3x13
                RenderText {#text} at (0,0) size 3x13
                  text run at (0,0) width 3: " "
            RenderTableCell {TD} at (560,65) size 8x13 [bgcolor=#044F4F] [r=5 c=72 rs=1 cs=1]
              RenderInline {FONT} at (0,0) size 3x13
                RenderText {#text} at (0,0) size 3x13
                  text run at (0,0) width 3: " "
            RenderTableCell {TD} at (568,65) size 8x13 [bgcolor=#044140] [r=5 c=73 rs=1 cs=1]
              RenderInline {FONT} at (0,0) size 3x13
                RenderText {#text} at (0,0) size 3x13
                  text run at (0,0) width 3: " "
            RenderTableCell {TD} at (576,65) size 8x13 [bgcolor=#083131] [r=5 c=74 rs=1 cs=1]
              RenderInline {FONT} at (0,0) size 3x13
                RenderText {#text} at (0,0) size 3x13
                  text run at (0,0) width 3: " "
            RenderTableCell {TD} at (584,65) size 8x13 [bgcolor=#083131] [r=5 c=75 rs=1 cs=1]
              RenderInline {FONT} at (0,0) size 3x13
                RenderText {#text} at (0,0) size 3x13
                  text run at (0,0) width 3: " "
            RenderTableCell {TD} at (592,65) size 8x13 [bgcolor=#223C3D] [r=5 c=76 rs=1 cs=1]
              RenderInline {FONT} at (0,0) size 3x13
                RenderText {#text} at (0,0) size 3x13
                  text run at (0,0) width 3: " "
            RenderTableCell {TD} at (600,65) size 8x13 [bgcolor=#274C4D] [r=5 c=77 rs=1 cs=1]
              RenderInline {FONT} at (0,0) size 3x13
                RenderText {#text} at (0,0) size 3x13
                  text run at (0,0) width 3: " "
            RenderTableCell {TD} at (608,65) size 8x13 [bgcolor=#025E5E] [r=5 c=78 rs=1 cs=1]
              RenderInline {FONT} at (0,0) size 3x13
                RenderText {#text} at (0,0) size 3x13
                  text run at (0,0) width 3: " "
            RenderTableCell {TD} at (616,65) size 8x13 [bgcolor=#026766] [r=5 c=79 rs=1 cs=1]
              RenderInline {FONT} at (0,0) size 3x13
                RenderText {#text} at (0,0) size 3x13
                  text run at (0,0) width 3: " "
            RenderTableCell {TD} at (624,65) size 8x13 [bgcolor=#026766] [r=5 c=80 rs=1 cs=1]
              RenderInline {FONT} at (0,0) size 3x13
                RenderText {#text} at (0,0) size 3x13
                  text run at (0,0) width 3: " "
            RenderTableCell {TD} at (632,65) size 8x13 [bgcolor=#026766] [r=5 c=81 rs=1 cs=1]
              RenderInline {FONT} at (0,0) size 3x13
                RenderText {#text} at (0,0) size 3x13
                  text run at (0,0) width 3: " "
            RenderTableCell {TD} at (640,65) size 8x13 [bgcolor=#026766] [r=5 c=82 rs=1 cs=1]
              RenderInline {FONT} at (0,0) size 3x13
                RenderText {#text} at (0,0) size 3x13
                  text run at (0,0) width 3: " "
            RenderTableCell {TD} at (648,65) size 8x13 [bgcolor=#026766] [r=5 c=83 rs=1 cs=1]
              RenderInline {FONT} at (0,0) size 3x13
                RenderText {#text} at (0,0) size 3x13
                  text run at (0,0) width 3: " "
            RenderTableCell {TD} at (656,65) size 8x13 [bgcolor=#026766] [r=5 c=84 rs=1 cs=1]
              RenderInline {FONT} at (0,0) size 3x13
                RenderText {#text} at (0,0) size 3x13
                  text run at (0,0) width 3: " "
            RenderTableCell {TD} at (664,65) size 8x13 [bgcolor=#026766] [r=5 c=85 rs=1 cs=1]
              RenderInline {FONT} at (0,0) size 3x13
                RenderText {#text} at (0,0) size 3x13
                  text run at (0,0) width 3: " "
            RenderTableCell {TD} at (672,65) size 8x13 [bgcolor=#026766] [r=5 c=86 rs=1 cs=1]
              RenderInline {FONT} at (0,0) size 3x13
                RenderText {#text} at (0,0) size 3x13
                  text run at (0,0) width 3: " "
            RenderTableCell {TD} at (680,65) size 8x13 [bgcolor=#026766] [r=5 c=87 rs=1 cs=1]
              RenderInline {FONT} at (0,0) size 3x13
                RenderText {#text} at (0,0) size 3x13
                  text run at (0,0) width 3: " "
            RenderTableCell {TD} at (688,65) size 8x13 [bgcolor=#026766] [r=5 c=88 rs=1 cs=1]
              RenderInline {FONT} at (0,0) size 3x13
                RenderText {#text} at (0,0) size 3x13
                  text run at (0,0) width 3: " "
            RenderTableCell {TD} at (696,65) size 8x13 [bgcolor=#026766] [r=5 c=89 rs=1 cs=1]
              RenderInline {FONT} at (0,0) size 3x13
                RenderText {#text} at (0,0) size 3x13
                  text run at (0,0) width 3: " "
            RenderTableCell {TD} at (704,65) size 8x13 [bgcolor=#026766] [r=5 c=90 rs=1 cs=1]
              RenderInline {FONT} at (0,0) size 3x13
                RenderText {#text} at (0,0) size 3x13
                  text run at (0,0) width 3: " "
            RenderTableCell {TD} at (712,65) size 8x13 [bgcolor=#025E5E] [r=5 c=91 rs=1 cs=1]
              RenderInline {FONT} at (0,0) size 3x13
                RenderText {#text} at (0,0) size 3x13
                  text run at (0,0) width 3: " "
            RenderTableCell {TD} at (720,65) size 8x13 [bgcolor=#044F4F] [r=5 c=92 rs=1 cs=1]
              RenderInline {FONT} at (0,0) size 3x13
                RenderText {#text} at (0,0) size 3x13
                  text run at (0,0) width 3: " "
            RenderTableCell {TD} at (728,65) size 8x13 [bgcolor=#044140] [r=5 c=93 rs=1 cs=1]
              RenderInline {FONT} at (0,0) size 3x13
                RenderText {#text} at (0,0) size 3x13
                  text run at (0,0) width 3: " "
            RenderTableCell {TD} at (736,65) size 8x13 [bgcolor=#223C3D] [r=5 c=94 rs=1 cs=1]
              RenderInline {FONT} at (0,0) size 3x13
                RenderText {#text} at (0,0) size 3x13
                  text run at (0,0) width 3: " "
            RenderTableCell {TD} at (744,65) size 8x13 [bgcolor=#696A69] [r=5 c=95 rs=1 cs=1]
              RenderInline {FONT} at (0,0) size 3x13
                RenderText {#text} at (0,0) size 3x13
                  text run at (0,0) width 3: " "
            RenderTableCell {TD} at (752,65) size 8x13 [bgcolor=#848788] [r=5 c=96 rs=1 cs=1]
              RenderInline {FONT} at (0,0) size 3x13
                RenderText {#text} at (0,0) size 3x13
                  text run at (0,0) width 3: " "
            RenderTableCell {TD} at (760,65) size 8x13 [bgcolor=#939494] [r=5 c=97 rs=1 cs=1]
              RenderInline {FONT} at (0,0) size 3x13
                RenderText {#text} at (0,0) size 3x13
                  text run at (0,0) width 3: " "
            RenderTableCell {TD} at (768,65) size 8x13 [bgcolor=#777878] [r=5 c=98 rs=1 cs=1]
              RenderInline {FONT} at (0,0) size 3x13
                RenderText {#text} at (0,0) size 3x13
                  text run at (0,0) width 3: " "
            RenderTableCell {TD} at (776,65) size 8x13 [bgcolor=#515C5B] [r=5 c=99 rs=1 cs=1]
              RenderInline {FONT} at (0,0) size 3x13
                RenderText {#text} at (0,0) size 3x13
                  text run at (0,0) width 3: " "
          RenderTableRow {TR} at (0,78) size 784x13
            RenderTableCell {TD} at (0,78) size 7x13 [bgcolor=#FDFDFB] [r=6 c=0 rs=1 cs=1]
              RenderInline {FONT} at (0,0) size 3x13
                RenderText {#text} at (0,0) size 3x13
                  text run at (0,0) width 3: " "
            RenderTableCell {TD} at (7,78) size 7x13 [bgcolor=#FDFDFB] [r=6 c=1 rs=1 cs=1]
              RenderInline {FONT} at (0,0) size 3x13
                RenderText {#text} at (0,0) size 3x13
                  text run at (0,0) width 3: " "
            RenderTableCell {TD} at (14,78) size 7x13 [bgcolor=#A4CCCC] [r=6 c=2 rs=1 cs=1]
              RenderInline {FONT} at (0,0) size 3x13
                RenderText {#text} at (0,0) size 3x13
                  text run at (0,0) width 3: " "
            RenderTableCell {TD} at (21,78) size 7x13 [bgcolor=#048485] [r=6 c=3 rs=1 cs=1]
              RenderInline {FONT} at (0,0) size 3x13
                RenderText {#text} at (0,0) size 3x13
                  text run at (0,0) width 3: " "
            RenderTableCell {TD} at (28,78) size 7x13 [bgcolor=#048485] [r=6 c=4 rs=1 cs=1]
              RenderInline {FONT} at (0,0) size 3x13
                RenderText {#text} at (0,0) size 3x13
                  text run at (0,0) width 3: " "
            RenderTableCell {TD} at (35,78) size 7x13 [bgcolor=#027777] [r=6 c=5 rs=1 cs=1]
              RenderInline {FONT} at (0,0) size 3x13
                RenderText {#text} at (0,0) size 3x13
                  text run at (0,0) width 3: " "
            RenderTableCell {TD} at (42,78) size 7x13 [bgcolor=#026766] [r=6 c=6 rs=1 cs=1]
              RenderInline {FONT} at (0,0) size 3x13
                RenderText {#text} at (0,0) size 3x13
                  text run at (0,0) width 3: " "
            RenderTableCell {TD} at (49,78) size 7x13 [bgcolor=#026766] [r=6 c=7 rs=1 cs=1]
              RenderInline {FONT} at (0,0) size 3x13
                RenderText {#text} at (0,0) size 3x13
                  text run at (0,0) width 3: " "
            RenderTableCell {TD} at (56,78) size 7x13 [bgcolor=#026766] [r=6 c=8 rs=1 cs=1]
              RenderInline {FONT} at (0,0) size 3x13
                RenderText {#text} at (0,0) size 3x13
                  text run at (0,0) width 3: " "
            RenderTableCell {TD} at (63,78) size 7x13 [bgcolor=#026766] [r=6 c=9 rs=1 cs=1]
              RenderInline {FONT} at (0,0) size 3x13
                RenderText {#text} at (0,0) size 3x13
                  text run at (0,0) width 3: " "
            RenderTableCell {TD} at (70,78) size 7x13 [bgcolor=#026766] [r=6 c=10 rs=1 cs=1]
              RenderInline {FONT} at (0,0) size 3x13
                RenderText {#text} at (0,0) size 3x13
                  text run at (0,0) width 3: " "
            RenderTableCell {TD} at (77,78) size 7x13 [bgcolor=#025E5E] [r=6 c=11 rs=1 cs=1]
              RenderInline {FONT} at (0,0) size 3x13
                RenderText {#text} at (0,0) size 3x13
                  text run at (0,0) width 3: " "
            RenderTableCell {TD} at (84,78) size 7x13 [bgcolor=#025E5E] [r=6 c=12 rs=1 cs=1]
              RenderInline {FONT} at (0,0) size 3x13
                RenderText {#text} at (0,0) size 3x13
                  text run at (0,0) width 3: " "
            RenderTableCell {TD} at (91,78) size 7x13 [bgcolor=#044140] [r=6 c=13 rs=1 cs=1]
              RenderInline {FONT} at (0,0) size 3x13
                RenderText {#text} at (0,0) size 3x13
                  text run at (0,0) width 3: " "
            RenderTableCell {TD} at (98,78) size 7x13 [bgcolor=#223C3D] [r=6 c=14 rs=1 cs=1]
              RenderInline {FONT} at (0,0) size 3x13
                RenderText {#text} at (0,0) size 3x13
                  text run at (0,0) width 3: " "
            RenderTableCell {TD} at (105,78) size 7x13 [bgcolor=#696A69] [r=6 c=15 rs=1 cs=1]
              RenderInline {FONT} at (0,0) size 3x13
                RenderText {#text} at (0,0) size 3x13
                  text run at (0,0) width 3: " "
            RenderTableCell {TD} at (112,78) size 8x13 [bgcolor=#A5A6A6] [r=6 c=16 rs=1 cs=1]
              RenderInline {FONT} at (0,0) size 3x13
                RenderText {#text} at (0,0) size 3x13
                  text run at (0,0) width 3: " "
            RenderTableCell {TD} at (120,78) size 8x13 [bgcolor=#B4B4B4] [r=6 c=17 rs=1 cs=1]
              RenderInline {FONT} at (0,0) size 3x13
                RenderText {#text} at (0,0) size 3x13
                  text run at (0,0) width 3: " "
            RenderTableCell {TD} at (128,78) size 8x13 [bgcolor=#848788] [r=6 c=18 rs=1 cs=1]
              RenderInline {FONT} at (0,0) size 3x13
                RenderText {#text} at (0,0) size 3x13
                  text run at (0,0) width 3: " "
            RenderTableCell {TD} at (136,78) size 8x13 [bgcolor=#1E7A79] [r=6 c=19 rs=1 cs=1]
              RenderInline {FONT} at (0,0) size 3x13
                RenderText {#text} at (0,0) size 3x13
                  text run at (0,0) width 3: " "
            RenderTableCell {TD} at (144,78) size 8x13 [bgcolor=#027777] [r=6 c=20 rs=1 cs=1]
              RenderInline {FONT} at (0,0) size 3x13
                RenderText {#text} at (0,0) size 3x13
                  text run at (0,0) width 3: " "
            RenderTableCell {TD} at (152,78) size 8x13 [bgcolor=#026766] [r=6 c=21 rs=1 cs=1]
              RenderInline {FONT} at (0,0) size 3x13
                RenderText {#text} at (0,0) size 3x13
                  text run at (0,0) width 3: " "
            RenderTableCell {TD} at (160,78) size 8x13 [bgcolor=#026766] [r=6 c=22 rs=1 cs=1]
              RenderInline {FONT} at (0,0) size 3x13
                RenderText {#text} at (0,0) size 3x13
                  text run at (0,0) width 3: " "
            RenderTableCell {TD} at (168,78) size 8x13 [bgcolor=#026766] [r=6 c=23 rs=1 cs=1]
              RenderInline {FONT} at (0,0) size 3x13
                RenderText {#text} at (0,0) size 3x13
                  text run at (0,0) width 3: " "
            RenderTableCell {TD} at (176,78) size 8x13 [bgcolor=#026766] [r=6 c=24 rs=1 cs=1]
              RenderInline {FONT} at (0,0) size 3x13
                RenderText {#text} at (0,0) size 3x13
                  text run at (0,0) width 3: " "
            RenderTableCell {TD} at (184,78) size 8x13 [bgcolor=#026766] [r=6 c=25 rs=1 cs=1]
              RenderInline {FONT} at (0,0) size 3x13
                RenderText {#text} at (0,0) size 3x13
                  text run at (0,0) width 3: " "
            RenderTableCell {TD} at (192,78) size 8x13 [bgcolor=#026766] [r=6 c=26 rs=1 cs=1]
              RenderInline {FONT} at (0,0) size 3x13
                RenderText {#text} at (0,0) size 3x13
                  text run at (0,0) width 3: " "
            RenderTableCell {TD} at (200,78) size 8x13 [bgcolor=#026766] [r=6 c=27 rs=1 cs=1]
              RenderInline {FONT} at (0,0) size 3x13
                RenderText {#text} at (0,0) size 3x13
                  text run at (0,0) width 3: " "
            RenderTableCell {TD} at (208,78) size 8x13 [bgcolor=#025E5E] [r=6 c=28 rs=1 cs=1]
              RenderInline {FONT} at (0,0) size 3x13
                RenderText {#text} at (0,0) size 3x13
                  text run at (0,0) width 3: " "
            RenderTableCell {TD} at (216,78) size 8x13 [bgcolor=#025E5E] [r=6 c=29 rs=1 cs=1]
              RenderInline {FONT} at (0,0) size 3x13
                RenderText {#text} at (0,0) size 3x13
                  text run at (0,0) width 3: " "
            RenderTableCell {TD} at (224,78) size 8x13 [bgcolor=#044F4F] [r=6 c=30 rs=1 cs=1]
              RenderInline {FONT} at (0,0) size 3x13
                RenderText {#text} at (0,0) size 3x13
                  text run at (0,0) width 3: " "
            RenderTableCell {TD} at (232,78) size 8x13 [bgcolor=#696A69] [r=6 c=31 rs=1 cs=1]
              RenderInline {FONT} at (0,0) size 3x13
                RenderText {#text} at (0,0) size 3x13
                  text run at (0,0) width 3: " "
            RenderTableCell {TD} at (240,78) size 8x13 [bgcolor=#848788] [r=6 c=32 rs=1 cs=1]
              RenderInline {FONT} at (0,0) size 3x13
                RenderText {#text} at (0,0) size 3x13
                  text run at (0,0) width 3: " "
            RenderTableCell {TD} at (248,78) size 8x13 [bgcolor=#939494] [r=6 c=33 rs=1 cs=1]
              RenderInline {FONT} at (0,0) size 3x13
                RenderText {#text} at (0,0) size 3x13
                  text run at (0,0) width 3: " "
            RenderTableCell {TD} at (256,78) size 8x13 [bgcolor=#939494] [r=6 c=34 rs=1 cs=1]
              RenderInline {FONT} at (0,0) size 3x13
                RenderText {#text} at (0,0) size 3x13
                  text run at (0,0) width 3: " "
            RenderTableCell {TD} at (264,78) size 8x13 [bgcolor=#7B918F] [r=6 c=35 rs=1 cs=1]
              RenderInline {FONT} at (0,0) size 3x13
                RenderText {#text} at (0,0) size 3x13
                  text run at (0,0) width 3: " "
            RenderTableCell {TD} at (272,78) size 8x13 [bgcolor=#027777] [r=6 c=36 rs=1 cs=1]
              RenderInline {FONT} at (0,0) size 3x13
                RenderText {#text} at (0,0) size 3x13
                  text run at (0,0) width 3: " "
            RenderTableCell {TD} at (280,78) size 8x13 [bgcolor=#027777] [r=6 c=37 rs=1 cs=1]
              RenderInline {FONT} at (0,0) size 3x13
                RenderText {#text} at (0,0) size 3x13
                  text run at (0,0) width 3: " "
            RenderTableCell {TD} at (288,78) size 8x13 [bgcolor=#026766] [r=6 c=38 rs=1 cs=1]
              RenderInline {FONT} at (0,0) size 3x13
                RenderText {#text} at (0,0) size 3x13
                  text run at (0,0) width 3: " "
            RenderTableCell {TD} at (296,78) size 8x13 [bgcolor=#026766] [r=6 c=39 rs=1 cs=1]
              RenderInline {FONT} at (0,0) size 3x13
                RenderText {#text} at (0,0) size 3x13
                  text run at (0,0) width 3: " "
            RenderTableCell {TD} at (304,78) size 8x13 [bgcolor=#026766] [r=6 c=40 rs=1 cs=1]
              RenderInline {FONT} at (0,0) size 3x13
                RenderText {#text} at (0,0) size 3x13
                  text run at (0,0) width 3: " "
            RenderTableCell {TD} at (312,78) size 8x13 [bgcolor=#026766] [r=6 c=41 rs=1 cs=1]
              RenderInline {FONT} at (0,0) size 3x13
                RenderText {#text} at (0,0) size 3x13
                  text run at (0,0) width 3: " "
            RenderTableCell {TD} at (320,78) size 8x13 [bgcolor=#026766] [r=6 c=42 rs=1 cs=1]
              RenderInline {FONT} at (0,0) size 3x13
                RenderText {#text} at (0,0) size 3x13
                  text run at (0,0) width 3: " "
            RenderTableCell {TD} at (328,78) size 8x13 [bgcolor=#026766] [r=6 c=43 rs=1 cs=1]
              RenderInline {FONT} at (0,0) size 3x13
                RenderText {#text} at (0,0) size 3x13
                  text run at (0,0) width 3: " "
            RenderTableCell {TD} at (336,78) size 8x13 [bgcolor=#026766] [r=6 c=44 rs=1 cs=1]
              RenderInline {FONT} at (0,0) size 3x13
                RenderText {#text} at (0,0) size 3x13
                  text run at (0,0) width 3: " "
            RenderTableCell {TD} at (344,78) size 8x13 [bgcolor=#026766] [r=6 c=45 rs=1 cs=1]
              RenderInline {FONT} at (0,0) size 3x13
                RenderText {#text} at (0,0) size 3x13
                  text run at (0,0) width 3: " "
            RenderTableCell {TD} at (352,78) size 8x13 [bgcolor=#026766] [r=6 c=46 rs=1 cs=1]
              RenderInline {FONT} at (0,0) size 3x13
                RenderText {#text} at (0,0) size 3x13
                  text run at (0,0) width 3: " "
            RenderTableCell {TD} at (360,78) size 8x13 [bgcolor=#026766] [r=6 c=47 rs=1 cs=1]
              RenderInline {FONT} at (0,0) size 3x13
                RenderText {#text} at (0,0) size 3x13
                  text run at (0,0) width 3: " "
            RenderTableCell {TD} at (368,78) size 8x13 [bgcolor=#469191] [r=6 c=48 rs=1 cs=1]
              RenderInline {FONT} at (0,0) size 3x13
                RenderText {#text} at (0,0) size 3x13
                  text run at (0,0) width 3: " "
            RenderTableCell {TD} at (376,78) size 8x13 [bgcolor=#72A3A1] [r=6 c=49 rs=1 cs=1]
              RenderInline {FONT} at (0,0) size 3x13
                RenderText {#text} at (0,0) size 3x13
                  text run at (0,0) width 3: " "
            RenderTableCell {TD} at (384,78) size 8x13 [bgcolor=#338686] [r=6 c=50 rs=1 cs=1]
              RenderInline {FONT} at (0,0) size 3x13
                RenderText {#text} at (0,0) size 3x13
                  text run at (0,0) width 3: " "
            RenderTableCell {TD} at (392,78) size 8x13 [bgcolor=#025E5E] [r=6 c=51 rs=1 cs=1]
              RenderInline {FONT} at (0,0) size 3x13
                RenderText {#text} at (0,0) size 3x13
                  text run at (0,0) width 3: " "
            RenderTableCell {TD} at (400,78) size 8x13 [bgcolor=#044140] [r=6 c=52 rs=1 cs=1]
              RenderInline {FONT} at (0,0) size 3x13
                RenderText {#text} at (0,0) size 3x13
                  text run at (0,0) width 3: " "
            RenderTableCell {TD} at (408,78) size 8x13 [bgcolor=#083131] [r=6 c=53 rs=1 cs=1]
              RenderInline {FONT} at (0,0) size 3x13
                RenderText {#text} at (0,0) size 3x13
                  text run at (0,0) width 3: " "
            RenderTableCell {TD} at (416,78) size 8x13 [bgcolor=#083131] [r=6 c=54 rs=1 cs=1]
              RenderInline {FONT} at (0,0) size 3x13
                RenderText {#text} at (0,0) size 3x13
                  text run at (0,0) width 3: " "
            RenderTableCell {TD} at (424,78) size 8x13 [bgcolor=#2D3433] [r=6 c=55 rs=1 cs=1]
              RenderInline {FONT} at (0,0) size 3x13
                RenderText {#text} at (0,0) size 3x13
                  text run at (0,0) width 3: " "
            RenderTableCell {TD} at (432,78) size 8x13 [bgcolor=#3D4242] [r=6 c=56 rs=1 cs=1]
              RenderInline {FONT} at (0,0) size 3x13
                RenderText {#text} at (0,0) size 3x13
                  text run at (0,0) width 3: " "
            RenderTableCell {TD} at (440,78) size 8x13 [bgcolor=#515C5B] [r=6 c=57 rs=1 cs=1]
              RenderInline {FONT} at (0,0) size 3x13
                RenderText {#text} at (0,0) size 3x13
                  text run at (0,0) width 3: " "
            RenderTableCell {TD} at (448,78) size 8x13 [bgcolor=#777878] [r=6 c=58 rs=1 cs=1]
              RenderInline {FONT} at (0,0) size 3x13
                RenderText {#text} at (0,0) size 3x13
                  text run at (0,0) width 3: " "
            RenderTableCell {TD} at (456,78) size 8x13 [bgcolor=#848788] [r=6 c=59 rs=1 cs=1]
              RenderInline {FONT} at (0,0) size 3x13
                RenderText {#text} at (0,0) size 3x13
                  text run at (0,0) width 3: " "
            RenderTableCell {TD} at (464,78) size 8x13 [bgcolor=#939494] [r=6 c=60 rs=1 cs=1]
              RenderInline {FONT} at (0,0) size 3x13
                RenderText {#text} at (0,0) size 3x13
                  text run at (0,0) width 3: " "
            RenderTableCell {TD} at (472,78) size 8x13 [bgcolor=#5A8787] [r=6 c=61 rs=1 cs=1]
              RenderInline {FONT} at (0,0) size 3x13
                RenderText {#text} at (0,0) size 3x13
                  text run at (0,0) width 3: " "
            RenderTableCell {TD} at (480,78) size 8x13 [bgcolor=#048485] [r=6 c=62 rs=1 cs=1]
              RenderInline {FONT} at (0,0) size 3x13
                RenderText {#text} at (0,0) size 3x13
                  text run at (0,0) width 3: " "
            RenderTableCell {TD} at (488,78) size 8x13 [bgcolor=#048485] [r=6 c=63 rs=1 cs=1]
              RenderInline {FONT} at (0,0) size 3x13
                RenderText {#text} at (0,0) size 3x13
                  text run at (0,0) width 3: " "
            RenderTableCell {TD} at (496,78) size 8x13 [bgcolor=#027777] [r=6 c=64 rs=1 cs=1]
              RenderInline {FONT} at (0,0) size 3x13
                RenderText {#text} at (0,0) size 3x13
                  text run at (0,0) width 3: " "
            RenderTableCell {TD} at (504,78) size 8x13 [bgcolor=#026766] [r=6 c=65 rs=1 cs=1]
              RenderInline {FONT} at (0,0) size 3x13
                RenderText {#text} at (0,0) size 3x13
                  text run at (0,0) width 3: " "
            RenderTableCell {TD} at (512,78) size 8x13 [bgcolor=#026766] [r=6 c=66 rs=1 cs=1]
              RenderInline {FONT} at (0,0) size 3x13
                RenderText {#text} at (0,0) size 3x13
                  text run at (0,0) width 3: " "
            RenderTableCell {TD} at (520,78) size 8x13 [bgcolor=#026766] [r=6 c=67 rs=1 cs=1]
              RenderInline {FONT} at (0,0) size 3x13
                RenderText {#text} at (0,0) size 3x13
                  text run at (0,0) width 3: " "
            RenderTableCell {TD} at (528,78) size 8x13 [bgcolor=#026766] [r=6 c=68 rs=1 cs=1]
              RenderInline {FONT} at (0,0) size 3x13
                RenderText {#text} at (0,0) size 3x13
                  text run at (0,0) width 3: " "
            RenderTableCell {TD} at (536,78) size 8x13 [bgcolor=#026766] [r=6 c=69 rs=1 cs=1]
              RenderInline {FONT} at (0,0) size 3x13
                RenderText {#text} at (0,0) size 3x13
                  text run at (0,0) width 3: " "
            RenderTableCell {TD} at (544,78) size 8x13 [bgcolor=#1A6B6A] [r=6 c=70 rs=1 cs=1]
              RenderInline {FONT} at (0,0) size 3x13
                RenderText {#text} at (0,0) size 3x13
                  text run at (0,0) width 3: " "
            RenderTableCell {TD} at (552,78) size 8x13 [bgcolor=#589594] [r=6 c=71 rs=1 cs=1]
              RenderInline {FONT} at (0,0) size 3x13
                RenderText {#text} at (0,0) size 3x13
                  text run at (0,0) width 3: " "
            RenderTableCell {TD} at (560,78) size 8x13 [bgcolor=#7B918F] [r=6 c=72 rs=1 cs=1]
              RenderInline {FONT} at (0,0) size 3x13
                RenderText {#text} at (0,0) size 3x13
                  text run at (0,0) width 3: " "
            RenderTableCell {TD} at (568,78) size 8x13 [bgcolor=#274C4D] [r=6 c=73 rs=1 cs=1]
              RenderInline {FONT} at (0,0) size 3x13
                RenderText {#text} at (0,0) size 3x13
                  text run at (0,0) width 3: " "
            RenderTableCell {TD} at (576,78) size 8x13 [bgcolor=#2D3433] [r=6 c=74 rs=1 cs=1]
              RenderInline {FONT} at (0,0) size 3x13
                RenderText {#text} at (0,0) size 3x13
                  text run at (0,0) width 3: " "
            RenderTableCell {TD} at (584,78) size 8x13 [bgcolor=#3D4242] [r=6 c=75 rs=1 cs=1]
              RenderInline {FONT} at (0,0) size 3x13
                RenderText {#text} at (0,0) size 3x13
                  text run at (0,0) width 3: " "
            RenderTableCell {TD} at (592,78) size 8x13 [bgcolor=#4D4F4F] [r=6 c=76 rs=1 cs=1]
              RenderInline {FONT} at (0,0) size 3x13
                RenderText {#text} at (0,0) size 3x13
                  text run at (0,0) width 3: " "
            RenderTableCell {TD} at (600,78) size 8x13 [bgcolor=#515C5B] [r=6 c=77 rs=1 cs=1]
              RenderInline {FONT} at (0,0) size 3x13
                RenderText {#text} at (0,0) size 3x13
                  text run at (0,0) width 3: " "
            RenderTableCell {TD} at (608,78) size 8x13 [bgcolor=#1A6B6A] [r=6 c=78 rs=1 cs=1]
              RenderInline {FONT} at (0,0) size 3x13
                RenderText {#text} at (0,0) size 3x13
                  text run at (0,0) width 3: " "
            RenderTableCell {TD} at (616,78) size 8x13 [bgcolor=#026766] [r=6 c=79 rs=1 cs=1]
              RenderInline {FONT} at (0,0) size 3x13
                RenderText {#text} at (0,0) size 3x13
                  text run at (0,0) width 3: " "
            RenderTableCell {TD} at (624,78) size 8x13 [bgcolor=#026766] [r=6 c=80 rs=1 cs=1]
              RenderInline {FONT} at (0,0) size 3x13
                RenderText {#text} at (0,0) size 3x13
                  text run at (0,0) width 3: " "
            RenderTableCell {TD} at (632,78) size 8x13 [bgcolor=#026766] [r=6 c=81 rs=1 cs=1]
              RenderInline {FONT} at (0,0) size 3x13
                RenderText {#text} at (0,0) size 3x13
                  text run at (0,0) width 3: " "
            RenderTableCell {TD} at (640,78) size 8x13 [bgcolor=#026766] [r=6 c=82 rs=1 cs=1]
              RenderInline {FONT} at (0,0) size 3x13
                RenderText {#text} at (0,0) size 3x13
                  text run at (0,0) width 3: " "
            RenderTableCell {TD} at (648,78) size 8x13 [bgcolor=#026766] [r=6 c=83 rs=1 cs=1]
              RenderInline {FONT} at (0,0) size 3x13
                RenderText {#text} at (0,0) size 3x13
                  text run at (0,0) width 3: " "
            RenderTableCell {TD} at (656,78) size 8x13 [bgcolor=#026766] [r=6 c=84 rs=1 cs=1]
              RenderInline {FONT} at (0,0) size 3x13
                RenderText {#text} at (0,0) size 3x13
                  text run at (0,0) width 3: " "
            RenderTableCell {TD} at (664,78) size 8x13 [bgcolor=#026766] [r=6 c=85 rs=1 cs=1]
              RenderInline {FONT} at (0,0) size 3x13
                RenderText {#text} at (0,0) size 3x13
                  text run at (0,0) width 3: " "
            RenderTableCell {TD} at (672,78) size 8x13 [bgcolor=#026766] [r=6 c=86 rs=1 cs=1]
              RenderInline {FONT} at (0,0) size 3x13
                RenderText {#text} at (0,0) size 3x13
                  text run at (0,0) width 3: " "
            RenderTableCell {TD} at (680,78) size 8x13 [bgcolor=#026766] [r=6 c=87 rs=1 cs=1]
              RenderInline {FONT} at (0,0) size 3x13
                RenderText {#text} at (0,0) size 3x13
                  text run at (0,0) width 3: " "
            RenderTableCell {TD} at (688,78) size 8x13 [bgcolor=#026766] [r=6 c=88 rs=1 cs=1]
              RenderInline {FONT} at (0,0) size 3x13
                RenderText {#text} at (0,0) size 3x13
                  text run at (0,0) width 3: " "
            RenderTableCell {TD} at (696,78) size 8x13 [bgcolor=#026766] [r=6 c=89 rs=1 cs=1]
              RenderInline {FONT} at (0,0) size 3x13
                RenderText {#text} at (0,0) size 3x13
                  text run at (0,0) width 3: " "
            RenderTableCell {TD} at (704,78) size 8x13 [bgcolor=#026766] [r=6 c=90 rs=1 cs=1]
              RenderInline {FONT} at (0,0) size 3x13
                RenderText {#text} at (0,0) size 3x13
                  text run at (0,0) width 3: " "
            RenderTableCell {TD} at (712,78) size 8x13 [bgcolor=#025E5E] [r=6 c=91 rs=1 cs=1]
              RenderInline {FONT} at (0,0) size 3x13
                RenderText {#text} at (0,0) size 3x13
                  text run at (0,0) width 3: " "
            RenderTableCell {TD} at (720,78) size 8x13 [bgcolor=#044F4F] [r=6 c=92 rs=1 cs=1]
              RenderInline {FONT} at (0,0) size 3x13
                RenderText {#text} at (0,0) size 3x13
                  text run at (0,0) width 3: " "
            RenderTableCell {TD} at (728,78) size 8x13 [bgcolor=#044140] [r=6 c=93 rs=1 cs=1]
              RenderInline {FONT} at (0,0) size 3x13
                RenderText {#text} at (0,0) size 3x13
                  text run at (0,0) width 3: " "
            RenderTableCell {TD} at (736,78) size 8x13 [bgcolor=#223C3D] [r=6 c=94 rs=1 cs=1]
              RenderInline {FONT} at (0,0) size 3x13
                RenderText {#text} at (0,0) size 3x13
                  text run at (0,0) width 3: " "
            RenderTableCell {TD} at (744,78) size 8x13 [bgcolor=#5E5F60] [r=6 c=95 rs=1 cs=1]
              RenderInline {FONT} at (0,0) size 3x13
                RenderText {#text} at (0,0) size 3x13
                  text run at (0,0) width 3: " "
            RenderTableCell {TD} at (752,78) size 8x13 [bgcolor=#777878] [r=6 c=96 rs=1 cs=1]
              RenderInline {FONT} at (0,0) size 3x13
                RenderText {#text} at (0,0) size 3x13
                  text run at (0,0) width 3: " "
            RenderTableCell {TD} at (760,78) size 8x13 [bgcolor=#848788] [r=6 c=97 rs=1 cs=1]
              RenderInline {FONT} at (0,0) size 3x13
                RenderText {#text} at (0,0) size 3x13
                  text run at (0,0) width 3: " "
            RenderTableCell {TD} at (768,78) size 8x13 [bgcolor=#777878] [r=6 c=98 rs=1 cs=1]
              RenderInline {FONT} at (0,0) size 3x13
                RenderText {#text} at (0,0) size 3x13
                  text run at (0,0) width 3: " "
            RenderTableCell {TD} at (776,78) size 8x13 [bgcolor=#4D4F4F] [r=6 c=99 rs=1 cs=1]
              RenderInline {FONT} at (0,0) size 3x13
                RenderText {#text} at (0,0) size 3x13
                  text run at (0,0) width 3: " "
          RenderTableRow {TR} at (0,91) size 784x13
            RenderTableCell {TD} at (0,91) size 7x13 [bgcolor=#FDFDFB] [r=7 c=0 rs=1 cs=1]
              RenderInline {FONT} at (0,0) size 3x13
                RenderText {#text} at (0,0) size 3x13
                  text run at (0,0) width 3: " "
            RenderTableCell {TD} at (7,91) size 7x13 [bgcolor=#EDEEEF] [r=7 c=1 rs=1 cs=1]
              RenderInline {FONT} at (0,0) size 3x13
                RenderText {#text} at (0,0) size 3x13
                  text run at (0,0) width 3: " "
            RenderTableCell {TD} at (14,91) size 7x13 [bgcolor=#249393] [r=7 c=2 rs=1 cs=1]
              RenderInline {FONT} at (0,0) size 3x13
                RenderText {#text} at (0,0) size 3x13
                  text run at (0,0) width 3: " "
            RenderTableCell {TD} at (21,91) size 7x13 [bgcolor=#048485] [r=7 c=3 rs=1 cs=1]
              RenderInline {FONT} at (0,0) size 3x13
                RenderText {#text} at (0,0) size 3x13
                  text run at (0,0) width 3: " "
            RenderTableCell {TD} at (28,91) size 7x13 [bgcolor=#027777] [r=7 c=4 rs=1 cs=1]
              RenderInline {FONT} at (0,0) size 3x13
                RenderText {#text} at (0,0) size 3x13
                  text run at (0,0) width 3: " "
            RenderTableCell {TD} at (35,91) size 7x13 [bgcolor=#026766] [r=7 c=5 rs=1 cs=1]
              RenderInline {FONT} at (0,0) size 3x13
                RenderText {#text} at (0,0) size 3x13
                  text run at (0,0) width 3: " "
            RenderTableCell {TD} at (42,91) size 7x13 [bgcolor=#026766] [r=7 c=6 rs=1 cs=1]
              RenderInline {FONT} at (0,0) size 3x13
                RenderText {#text} at (0,0) size 3x13
                  text run at (0,0) width 3: " "
            RenderTableCell {TD} at (49,91) size 7x13 [bgcolor=#026766] [r=7 c=7 rs=1 cs=1]
              RenderInline {FONT} at (0,0) size 3x13
                RenderText {#text} at (0,0) size 3x13
                  text run at (0,0) width 3: " "
            RenderTableCell {TD} at (56,91) size 7x13 [bgcolor=#026766] [r=7 c=8 rs=1 cs=1]
              RenderInline {FONT} at (0,0) size 3x13
                RenderText {#text} at (0,0) size 3x13
                  text run at (0,0) width 3: " "
            RenderTableCell {TD} at (63,91) size 7x13 [bgcolor=#026766] [r=7 c=9 rs=1 cs=1]
              RenderInline {FONT} at (0,0) size 3x13
                RenderText {#text} at (0,0) size 3x13
                  text run at (0,0) width 3: " "
            RenderTableCell {TD} at (70,91) size 7x13 [bgcolor=#026766] [r=7 c=10 rs=1 cs=1]
              RenderInline {FONT} at (0,0) size 3x13
                RenderText {#text} at (0,0) size 3x13
                  text run at (0,0) width 3: " "
            RenderTableCell {TD} at (77,91) size 7x13 [bgcolor=#025E5E] [r=7 c=11 rs=1 cs=1]
              RenderInline {FONT} at (0,0) size 3x13
                RenderText {#text} at (0,0) size 3x13
                  text run at (0,0) width 3: " "
            RenderTableCell {TD} at (84,91) size 7x13 [bgcolor=#025E5E] [r=7 c=12 rs=1 cs=1]
              RenderInline {FONT} at (0,0) size 3x13
                RenderText {#text} at (0,0) size 3x13
                  text run at (0,0) width 3: " "
            RenderTableCell {TD} at (91,91) size 7x13 [bgcolor=#044140] [r=7 c=13 rs=1 cs=1]
              RenderInline {FONT} at (0,0) size 3x13
                RenderText {#text} at (0,0) size 3x13
                  text run at (0,0) width 3: " "
            RenderTableCell {TD} at (98,91) size 7x13 [bgcolor=#223C3D] [r=7 c=14 rs=1 cs=1]
              RenderInline {FONT} at (0,0) size 3x13
                RenderText {#text} at (0,0) size 3x13
                  text run at (0,0) width 3: " "
            RenderTableCell {TD} at (105,91) size 7x13 [bgcolor=#848788] [r=7 c=15 rs=1 cs=1]
              RenderInline {FONT} at (0,0) size 3x13
                RenderText {#text} at (0,0) size 3x13
                  text run at (0,0) width 3: " "
            RenderTableCell {TD} at (112,91) size 8x13 [bgcolor=#FDFDFB] [r=7 c=16 rs=1 cs=1]
              RenderInline {FONT} at (0,0) size 3x13
                RenderText {#text} at (0,0) size 3x13
                  text run at (0,0) width 3: " "
            RenderTableCell {TD} at (120,91) size 8x13 [bgcolor=#FDFDFB] [r=7 c=17 rs=1 cs=1]
              RenderInline {FONT} at (0,0) size 3x13
                RenderText {#text} at (0,0) size 3x13
                  text run at (0,0) width 3: " "
            RenderTableCell {TD} at (128,91) size 8x13 [bgcolor=#4D4F4F] [r=7 c=18 rs=1 cs=1]
              RenderInline {FONT} at (0,0) size 3x13
                RenderText {#text} at (0,0) size 3x13
                  text run at (0,0) width 3: " "
            RenderTableCell {TD} at (136,91) size 8x13 [bgcolor=#1E7A79] [r=7 c=19 rs=1 cs=1]
              RenderInline {FONT} at (0,0) size 3x13
                RenderText {#text} at (0,0) size 3x13
                  text run at (0,0) width 3: " "
            RenderTableCell {TD} at (144,91) size 8x13 [bgcolor=#027777] [r=7 c=20 rs=1 cs=1]
              RenderInline {FONT} at (0,0) size 3x13
                RenderText {#text} at (0,0) size 3x13
                  text run at (0,0) width 3: " "
            RenderTableCell {TD} at (152,91) size 8x13 [bgcolor=#026766] [r=7 c=21 rs=1 cs=1]
              RenderInline {FONT} at (0,0) size 3x13
                RenderText {#text} at (0,0) size 3x13
                  text run at (0,0) width 3: " "
            RenderTableCell {TD} at (160,91) size 8x13 [bgcolor=#026766] [r=7 c=22 rs=1 cs=1]
              RenderInline {FONT} at (0,0) size 3x13
                RenderText {#text} at (0,0) size 3x13
                  text run at (0,0) width 3: " "
            RenderTableCell {TD} at (168,91) size 8x13 [bgcolor=#026766] [r=7 c=23 rs=1 cs=1]
              RenderInline {FONT} at (0,0) size 3x13
                RenderText {#text} at (0,0) size 3x13
                  text run at (0,0) width 3: " "
            RenderTableCell {TD} at (176,91) size 8x13 [bgcolor=#026766] [r=7 c=24 rs=1 cs=1]
              RenderInline {FONT} at (0,0) size 3x13
                RenderText {#text} at (0,0) size 3x13
                  text run at (0,0) width 3: " "
            RenderTableCell {TD} at (184,91) size 8x13 [bgcolor=#026766] [r=7 c=25 rs=1 cs=1]
              RenderInline {FONT} at (0,0) size 3x13
                RenderText {#text} at (0,0) size 3x13
                  text run at (0,0) width 3: " "
            RenderTableCell {TD} at (192,91) size 8x13 [bgcolor=#026766] [r=7 c=26 rs=1 cs=1]
              RenderInline {FONT} at (0,0) size 3x13
                RenderText {#text} at (0,0) size 3x13
                  text run at (0,0) width 3: " "
            RenderTableCell {TD} at (200,91) size 8x13 [bgcolor=#026766] [r=7 c=27 rs=1 cs=1]
              RenderInline {FONT} at (0,0) size 3x13
                RenderText {#text} at (0,0) size 3x13
                  text run at (0,0) width 3: " "
            RenderTableCell {TD} at (208,91) size 8x13 [bgcolor=#025E5E] [r=7 c=28 rs=1 cs=1]
              RenderInline {FONT} at (0,0) size 3x13
                RenderText {#text} at (0,0) size 3x13
                  text run at (0,0) width 3: " "
            RenderTableCell {TD} at (216,91) size 8x13 [bgcolor=#025E5E] [r=7 c=29 rs=1 cs=1]
              RenderInline {FONT} at (0,0) size 3x13
                RenderText {#text} at (0,0) size 3x13
                  text run at (0,0) width 3: " "
            RenderTableCell {TD} at (224,91) size 8x13 [bgcolor=#044F4F] [r=7 c=30 rs=1 cs=1]
              RenderInline {FONT} at (0,0) size 3x13
                RenderText {#text} at (0,0) size 3x13
                  text run at (0,0) width 3: " "
            RenderTableCell {TD} at (232,91) size 8x13 [bgcolor=#274C4D] [r=7 c=31 rs=1 cs=1]
              RenderInline {FONT} at (0,0) size 3x13
                RenderText {#text} at (0,0) size 3x13
                  text run at (0,0) width 3: " "
            RenderTableCell {TD} at (240,91) size 8x13 [bgcolor=#777878] [r=7 c=32 rs=1 cs=1]
              RenderInline {FONT} at (0,0) size 3x13
                RenderText {#text} at (0,0) size 3x13
                  text run at (0,0) width 3: " "
            RenderTableCell {TD} at (248,91) size 8x13 [bgcolor=#848788] [r=7 c=33 rs=1 cs=1]
              RenderInline {FONT} at (0,0) size 3x13
                RenderText {#text} at (0,0) size 3x13
                  text run at (0,0) width 3: " "
            RenderTableCell {TD} at (256,91) size 8x13 [bgcolor=#939494] [r=7 c=34 rs=1 cs=1]
              RenderInline {FONT} at (0,0) size 3x13
                RenderText {#text} at (0,0) size 3x13
                  text run at (0,0) width 3: " "
            RenderTableCell {TD} at (264,91) size 8x13 [bgcolor=#7B918F] [r=7 c=35 rs=1 cs=1]
              RenderInline {FONT} at (0,0) size 3x13
                RenderText {#text} at (0,0) size 3x13
                  text run at (0,0) width 3: " "
            RenderTableCell {TD} at (272,91) size 8x13 [bgcolor=#027777] [r=7 c=36 rs=1 cs=1]
              RenderInline {FONT} at (0,0) size 3x13
                RenderText {#text} at (0,0) size 3x13
                  text run at (0,0) width 3: " "
            RenderTableCell {TD} at (280,91) size 8x13 [bgcolor=#027777] [r=7 c=37 rs=1 cs=1]
              RenderInline {FONT} at (0,0) size 3x13
                RenderText {#text} at (0,0) size 3x13
                  text run at (0,0) width 3: " "
            RenderTableCell {TD} at (288,91) size 8x13 [bgcolor=#026766] [r=7 c=38 rs=1 cs=1]
              RenderInline {FONT} at (0,0) size 3x13
                RenderText {#text} at (0,0) size 3x13
                  text run at (0,0) width 3: " "
            RenderTableCell {TD} at (296,91) size 8x13 [bgcolor=#026766] [r=7 c=39 rs=1 cs=1]
              RenderInline {FONT} at (0,0) size 3x13
                RenderText {#text} at (0,0) size 3x13
                  text run at (0,0) width 3: " "
            RenderTableCell {TD} at (304,91) size 8x13 [bgcolor=#026766] [r=7 c=40 rs=1 cs=1]
              RenderInline {FONT} at (0,0) size 3x13
                RenderText {#text} at (0,0) size 3x13
                  text run at (0,0) width 3: " "
            RenderTableCell {TD} at (312,91) size 8x13 [bgcolor=#026766] [r=7 c=41 rs=1 cs=1]
              RenderInline {FONT} at (0,0) size 3x13
                RenderText {#text} at (0,0) size 3x13
                  text run at (0,0) width 3: " "
            RenderTableCell {TD} at (320,91) size 8x13 [bgcolor=#026766] [r=7 c=42 rs=1 cs=1]
              RenderInline {FONT} at (0,0) size 3x13
                RenderText {#text} at (0,0) size 3x13
                  text run at (0,0) width 3: " "
            RenderTableCell {TD} at (328,91) size 8x13 [bgcolor=#026766] [r=7 c=43 rs=1 cs=1]
              RenderInline {FONT} at (0,0) size 3x13
                RenderText {#text} at (0,0) size 3x13
                  text run at (0,0) width 3: " "
            RenderTableCell {TD} at (336,91) size 8x13 [bgcolor=#026766] [r=7 c=44 rs=1 cs=1]
              RenderInline {FONT} at (0,0) size 3x13
                RenderText {#text} at (0,0) size 3x13
                  text run at (0,0) width 3: " "
            RenderTableCell {TD} at (344,91) size 8x13 [bgcolor=#026766] [r=7 c=45 rs=1 cs=1]
              RenderInline {FONT} at (0,0) size 3x13
                RenderText {#text} at (0,0) size 3x13
                  text run at (0,0) width 3: " "
            RenderTableCell {TD} at (352,91) size 8x13 [bgcolor=#026766] [r=7 c=46 rs=1 cs=1]
              RenderInline {FONT} at (0,0) size 3x13
                RenderText {#text} at (0,0) size 3x13
                  text run at (0,0) width 3: " "
            RenderTableCell {TD} at (360,91) size 8x13 [bgcolor=#1A6B6A] [r=7 c=47 rs=1 cs=1]
              RenderInline {FONT} at (0,0) size 3x13
                RenderText {#text} at (0,0) size 3x13
                  text run at (0,0) width 3: " "
            RenderTableCell {TD} at (368,91) size 8x13 [bgcolor=#B6D0D1] [r=7 c=48 rs=1 cs=1]
              RenderInline {FONT} at (0,0) size 3x13
                RenderText {#text} at (0,0) size 3x13
                  text run at (0,0) width 3: " "
            RenderTableCell {TD} at (376,91) size 8x13 [bgcolor=#FDFDFB] [r=7 c=49 rs=1 cs=1]
              RenderInline {FONT} at (0,0) size 3x13
                RenderText {#text} at (0,0) size 3x13
                  text run at (0,0) width 3: " "
            RenderTableCell {TD} at (384,91) size 8x13 [bgcolor=#7B918F] [r=7 c=50 rs=1 cs=1]
              RenderInline {FONT} at (0,0) size 3x13
                RenderText {#text} at (0,0) size 3x13
                  text run at (0,0) width 3: " "
            RenderTableCell {TD} at (392,91) size 8x13 [bgcolor=#044140] [r=7 c=51 rs=1 cs=1]
              RenderInline {FONT} at (0,0) size 3x13
                RenderText {#text} at (0,0) size 3x13
                  text run at (0,0) width 3: " "
            RenderTableCell {TD} at (400,91) size 8x13 [bgcolor=#083131] [r=7 c=52 rs=1 cs=1]
              RenderInline {FONT} at (0,0) size 3x13
                RenderText {#text} at (0,0) size 3x13
                  text run at (0,0) width 3: " "
            RenderTableCell {TD} at (408,91) size 8x13 [bgcolor=#083131] [r=7 c=53 rs=1 cs=1]
              RenderInline {FONT} at (0,0) size 3x13
                RenderText {#text} at (0,0) size 3x13
                  text run at (0,0) width 3: " "
            RenderTableCell {TD} at (416,91) size 8x13 [bgcolor=#2D3433] [r=7 c=54 rs=1 cs=1]
              RenderInline {FONT} at (0,0) size 3x13
                RenderText {#text} at (0,0) size 3x13
                  text run at (0,0) width 3: " "
            RenderTableCell {TD} at (424,91) size 8x13 [bgcolor=#4D4F4F] [r=7 c=55 rs=1 cs=1]
              RenderInline {FONT} at (0,0) size 3x13
                RenderText {#text} at (0,0) size 3x13
                  text run at (0,0) width 3: " "
            RenderTableCell {TD} at (432,91) size 8x13 [bgcolor=#5E5F60] [r=7 c=56 rs=1 cs=1]
              RenderInline {FONT} at (0,0) size 3x13
                RenderText {#text} at (0,0) size 3x13
                  text run at (0,0) width 3: " "
            RenderTableCell {TD} at (440,91) size 8x13 [bgcolor=#777878] [r=7 c=57 rs=1 cs=1]
              RenderInline {FONT} at (0,0) size 3x13
                RenderText {#text} at (0,0) size 3x13
                  text run at (0,0) width 3: " "
            RenderTableCell {TD} at (448,91) size 8x13 [bgcolor=#848788] [r=7 c=58 rs=1 cs=1]
              RenderInline {FONT} at (0,0) size 3x13
                RenderText {#text} at (0,0) size 3x13
                  text run at (0,0) width 3: " "
            RenderTableCell {TD} at (456,91) size 8x13 [bgcolor=#939494] [r=7 c=59 rs=1 cs=1]
              RenderInline {FONT} at (0,0) size 3x13
                RenderText {#text} at (0,0) size 3x13
                  text run at (0,0) width 3: " "
            RenderTableCell {TD} at (464,91) size 8x13 [bgcolor=#939494] [r=7 c=60 rs=1 cs=1]
              RenderInline {FONT} at (0,0) size 3x13
                RenderText {#text} at (0,0) size 3x13
                  text run at (0,0) width 3: " "
            RenderTableCell {TD} at (472,91) size 8x13 [bgcolor=#1B8685] [r=7 c=61 rs=1 cs=1]
              RenderInline {FONT} at (0,0) size 3x13
                RenderText {#text} at (0,0) size 3x13
                  text run at (0,0) width 3: " "
            RenderTableCell {TD} at (480,91) size 8x13 [bgcolor=#048485] [r=7 c=62 rs=1 cs=1]
              RenderInline {FONT} at (0,0) size 3x13
                RenderText {#text} at (0,0) size 3x13
                  text run at (0,0) width 3: " "
            RenderTableCell {TD} at (488,91) size 8x13 [bgcolor=#027777] [r=7 c=63 rs=1 cs=1]
              RenderInline {FONT} at (0,0) size 3x13
                RenderText {#text} at (0,0) size 3x13
                  text run at (0,0) width 3: " "
            RenderTableCell {TD} at (496,91) size 8x13 [bgcolor=#026766] [r=7 c=64 rs=1 cs=1]
              RenderInline {FONT} at (0,0) size 3x13
                RenderText {#text} at (0,0) size 3x13
                  text run at (0,0) width 3: " "
            RenderTableCell {TD} at (504,91) size 8x13 [bgcolor=#026766] [r=7 c=65 rs=1 cs=1]
              RenderInline {FONT} at (0,0) size 3x13
                RenderText {#text} at (0,0) size 3x13
                  text run at (0,0) width 3: " "
            RenderTableCell {TD} at (512,91) size 8x13 [bgcolor=#026766] [r=7 c=66 rs=1 cs=1]
              RenderInline {FONT} at (0,0) size 3x13
                RenderText {#text} at (0,0) size 3x13
                  text run at (0,0) width 3: " "
            RenderTableCell {TD} at (520,91) size 8x13 [bgcolor=#026766] [r=7 c=67 rs=1 cs=1]
              RenderInline {FONT} at (0,0) size 3x13
                RenderText {#text} at (0,0) size 3x13
                  text run at (0,0) width 3: " "
            RenderTableCell {TD} at (528,91) size 8x13 [bgcolor=#026766] [r=7 c=68 rs=1 cs=1]
              RenderInline {FONT} at (0,0) size 3x13
                RenderText {#text} at (0,0) size 3x13
                  text run at (0,0) width 3: " "
            RenderTableCell {TD} at (536,91) size 8x13 [bgcolor=#026766] [r=7 c=69 rs=1 cs=1]
              RenderInline {FONT} at (0,0) size 3x13
                RenderText {#text} at (0,0) size 3x13
                  text run at (0,0) width 3: " "
            RenderTableCell {TD} at (544,91) size 8x13 [bgcolor=#1E7A79] [r=7 c=70 rs=1 cs=1]
              RenderInline {FONT} at (0,0) size 3x13
                RenderText {#text} at (0,0) size 3x13
                  text run at (0,0) width 3: " "
            RenderTableCell {TD} at (552,91) size 8x13 [bgcolor=#E0EAE9] [r=7 c=71 rs=1 cs=1]
              RenderInline {FONT} at (0,0) size 3x13
                RenderText {#text} at (0,0) size 3x13
                  text run at (0,0) width 3: " "
            RenderTableCell {TD} at (560,91) size 8x13 [bgcolor=#FDFDFB] [r=7 c=72 rs=1 cs=1]
              RenderInline {FONT} at (0,0) size 3x13
                RenderText {#text} at (0,0) size 3x13
                  text run at (0,0) width 3: " "
            RenderTableCell {TD} at (568,91) size 8x13 [bgcolor=#515C5B] [r=7 c=73 rs=1 cs=1]
              RenderInline {FONT} at (0,0) size 3x13
                RenderText {#text} at (0,0) size 3x13
                  text run at (0,0) width 3: " "
            RenderTableCell {TD} at (576,91) size 8x13 [bgcolor=#3D4242] [r=7 c=74 rs=1 cs=1]
              RenderInline {FONT} at (0,0) size 3x13
                RenderText {#text} at (0,0) size 3x13
                  text run at (0,0) width 3: " "
            RenderTableCell {TD} at (584,91) size 8x13 [bgcolor=#515C5B] [r=7 c=75 rs=1 cs=1]
              RenderInline {FONT} at (0,0) size 3x13
                RenderText {#text} at (0,0) size 3x13
                  text run at (0,0) width 3: " "
            RenderTableCell {TD} at (592,91) size 8x13 [bgcolor=#696A69] [r=7 c=76 rs=1 cs=1]
              RenderInline {FONT} at (0,0) size 3x13
                RenderText {#text} at (0,0) size 3x13
                  text run at (0,0) width 3: " "
            RenderTableCell {TD} at (600,91) size 8x13 [bgcolor=#777878] [r=7 c=77 rs=1 cs=1]
              RenderInline {FONT} at (0,0) size 3x13
                RenderText {#text} at (0,0) size 3x13
                  text run at (0,0) width 3: " "
            RenderTableCell {TD} at (608,91) size 8x13 [bgcolor=#1E7A79] [r=7 c=78 rs=1 cs=1]
              RenderInline {FONT} at (0,0) size 3x13
                RenderText {#text} at (0,0) size 3x13
                  text run at (0,0) width 3: " "
            RenderTableCell {TD} at (616,91) size 8x13 [bgcolor=#027777] [r=7 c=79 rs=1 cs=1]
              RenderInline {FONT} at (0,0) size 3x13
                RenderText {#text} at (0,0) size 3x13
                  text run at (0,0) width 3: " "
            RenderTableCell {TD} at (624,91) size 8x13 [bgcolor=#026766] [r=7 c=80 rs=1 cs=1]
              RenderInline {FONT} at (0,0) size 3x13
                RenderText {#text} at (0,0) size 3x13
                  text run at (0,0) width 3: " "
            RenderTableCell {TD} at (632,91) size 8x13 [bgcolor=#026766] [r=7 c=81 rs=1 cs=1]
              RenderInline {FONT} at (0,0) size 3x13
                RenderText {#text} at (0,0) size 3x13
                  text run at (0,0) width 3: " "
            RenderTableCell {TD} at (640,91) size 8x13 [bgcolor=#026766] [r=7 c=82 rs=1 cs=1]
              RenderInline {FONT} at (0,0) size 3x13
                RenderText {#text} at (0,0) size 3x13
                  text run at (0,0) width 3: " "
            RenderTableCell {TD} at (648,91) size 8x13 [bgcolor=#026766] [r=7 c=83 rs=1 cs=1]
              RenderInline {FONT} at (0,0) size 3x13
                RenderText {#text} at (0,0) size 3x13
                  text run at (0,0) width 3: " "
            RenderTableCell {TD} at (656,91) size 8x13 [bgcolor=#026766] [r=7 c=84 rs=1 cs=1]
              RenderInline {FONT} at (0,0) size 3x13
                RenderText {#text} at (0,0) size 3x13
                  text run at (0,0) width 3: " "
            RenderTableCell {TD} at (664,91) size 8x13 [bgcolor=#026766] [r=7 c=85 rs=1 cs=1]
              RenderInline {FONT} at (0,0) size 3x13
                RenderText {#text} at (0,0) size 3x13
                  text run at (0,0) width 3: " "
            RenderTableCell {TD} at (672,91) size 8x13 [bgcolor=#026766] [r=7 c=86 rs=1 cs=1]
              RenderInline {FONT} at (0,0) size 3x13
                RenderText {#text} at (0,0) size 3x13
                  text run at (0,0) width 3: " "
            RenderTableCell {TD} at (680,91) size 8x13 [bgcolor=#026766] [r=7 c=87 rs=1 cs=1]
              RenderInline {FONT} at (0,0) size 3x13
                RenderText {#text} at (0,0) size 3x13
                  text run at (0,0) width 3: " "
            RenderTableCell {TD} at (688,91) size 8x13 [bgcolor=#026766] [r=7 c=88 rs=1 cs=1]
              RenderInline {FONT} at (0,0) size 3x13
                RenderText {#text} at (0,0) size 3x13
                  text run at (0,0) width 3: " "
            RenderTableCell {TD} at (696,91) size 8x13 [bgcolor=#026766] [r=7 c=89 rs=1 cs=1]
              RenderInline {FONT} at (0,0) size 3x13
                RenderText {#text} at (0,0) size 3x13
                  text run at (0,0) width 3: " "
            RenderTableCell {TD} at (704,91) size 8x13 [bgcolor=#1E7A79] [r=7 c=90 rs=1 cs=1]
              RenderInline {FONT} at (0,0) size 3x13
                RenderText {#text} at (0,0) size 3x13
                  text run at (0,0) width 3: " "
            RenderTableCell {TD} at (712,91) size 8x13 [bgcolor=#8DB7B6] [r=7 c=91 rs=1 cs=1]
              RenderInline {FONT} at (0,0) size 3x13
                RenderText {#text} at (0,0) size 3x13
                  text run at (0,0) width 3: " "
            RenderTableCell {TD} at (720,91) size 8x13 [bgcolor=#97C1C0] [r=7 c=92 rs=1 cs=1]
              RenderInline {FONT} at (0,0) size 3x13
                RenderText {#text} at (0,0) size 3x13
                  text run at (0,0) width 3: " "
            RenderTableCell {TD} at (728,91) size 8x13 [bgcolor=#274C4D] [r=7 c=93 rs=1 cs=1]
              RenderInline {FONT} at (0,0) size 3x13
                RenderText {#text} at (0,0) size 3x13
                  text run at (0,0) width 3: " "
            RenderTableCell {TD} at (736,91) size 8x13 [bgcolor=#223C3D] [r=7 c=94 rs=1 cs=1]
              RenderInline {FONT} at (0,0) size 3x13
                RenderText {#text} at (0,0) size 3x13
                  text run at (0,0) width 3: " "
            RenderTableCell {TD} at (744,91) size 8x13 [bgcolor=#5E5F60] [r=7 c=95 rs=1 cs=1]
              RenderInline {FONT} at (0,0) size 3x13
                RenderText {#text} at (0,0) size 3x13
                  text run at (0,0) width 3: " "
            RenderTableCell {TD} at (752,91) size 8x13 [bgcolor=#777878] [r=7 c=96 rs=1 cs=1]
              RenderInline {FONT} at (0,0) size 3x13
                RenderText {#text} at (0,0) size 3x13
                  text run at (0,0) width 3: " "
            RenderTableCell {TD} at (760,91) size 8x13 [bgcolor=#848788] [r=7 c=97 rs=1 cs=1]
              RenderInline {FONT} at (0,0) size 3x13
                RenderText {#text} at (0,0) size 3x13
                  text run at (0,0) width 3: " "
            RenderTableCell {TD} at (768,91) size 8x13 [bgcolor=#777878] [r=7 c=98 rs=1 cs=1]
              RenderInline {FONT} at (0,0) size 3x13
                RenderText {#text} at (0,0) size 3x13
                  text run at (0,0) width 3: " "
            RenderTableCell {TD} at (776,91) size 8x13 [bgcolor=#4D4F4F] [r=7 c=99 rs=1 cs=1]
              RenderInline {FONT} at (0,0) size 3x13
                RenderText {#text} at (0,0) size 3x13
                  text run at (0,0) width 3: " "
          RenderTableRow {TR} at (0,104) size 784x13
            RenderTableCell {TD} at (0,104) size 7x13 [bgcolor=#FDFDFB] [r=8 c=0 rs=1 cs=1]
              RenderInline {FONT} at (0,0) size 3x13
                RenderText {#text} at (0,0) size 3x13
                  text run at (0,0) width 3: " "
            RenderTableCell {TD} at (7,104) size 7x13 [bgcolor=#97C1C0] [r=8 c=1 rs=1 cs=1]
              RenderInline {FONT} at (0,0) size 3x13
                RenderText {#text} at (0,0) size 3x13
                  text run at (0,0) width 3: " "
            RenderTableCell {TD} at (14,104) size 7x13 [bgcolor=#048485] [r=8 c=2 rs=1 cs=1]
              RenderInline {FONT} at (0,0) size 3x13
                RenderText {#text} at (0,0) size 3x13
                  text run at (0,0) width 3: " "
            RenderTableCell {TD} at (21,104) size 7x13 [bgcolor=#027777] [r=8 c=3 rs=1 cs=1]
              RenderInline {FONT} at (0,0) size 3x13
                RenderText {#text} at (0,0) size 3x13
                  text run at (0,0) width 3: " "
            RenderTableCell {TD} at (28,104) size 7x13 [bgcolor=#026766] [r=8 c=4 rs=1 cs=1]
              RenderInline {FONT} at (0,0) size 3x13
                RenderText {#text} at (0,0) size 3x13
                  text run at (0,0) width 3: " "
            RenderTableCell {TD} at (35,104) size 7x13 [bgcolor=#026766] [r=8 c=5 rs=1 cs=1]
              RenderInline {FONT} at (0,0) size 3x13
                RenderText {#text} at (0,0) size 3x13
                  text run at (0,0) width 3: " "
            RenderTableCell {TD} at (42,104) size 7x13 [bgcolor=#026766] [r=8 c=6 rs=1 cs=1]
              RenderInline {FONT} at (0,0) size 3x13
                RenderText {#text} at (0,0) size 3x13
                  text run at (0,0) width 3: " "
            RenderTableCell {TD} at (49,104) size 7x13 [bgcolor=#026766] [r=8 c=7 rs=1 cs=1]
              RenderInline {FONT} at (0,0) size 3x13
                RenderText {#text} at (0,0) size 3x13
                  text run at (0,0) width 3: " "
            RenderTableCell {TD} at (56,104) size 7x13 [bgcolor=#026766] [r=8 c=8 rs=1 cs=1]
              RenderInline {FONT} at (0,0) size 3x13
                RenderText {#text} at (0,0) size 3x13
                  text run at (0,0) width 3: " "
            RenderTableCell {TD} at (63,104) size 7x13 [bgcolor=#026766] [r=8 c=9 rs=1 cs=1]
              RenderInline {FONT} at (0,0) size 3x13
                RenderText {#text} at (0,0) size 3x13
                  text run at (0,0) width 3: " "
            RenderTableCell {TD} at (70,104) size 7x13 [bgcolor=#026766] [r=8 c=10 rs=1 cs=1]
              RenderInline {FONT} at (0,0) size 3x13
                RenderText {#text} at (0,0) size 3x13
                  text run at (0,0) width 3: " "
            RenderTableCell {TD} at (77,104) size 7x13 [bgcolor=#025E5E] [r=8 c=11 rs=1 cs=1]
              RenderInline {FONT} at (0,0) size 3x13
                RenderText {#text} at (0,0) size 3x13
                  text run at (0,0) width 3: " "
            RenderTableCell {TD} at (84,104) size 7x13 [bgcolor=#025E5E] [r=8 c=12 rs=1 cs=1]
              RenderInline {FONT} at (0,0) size 3x13
                RenderText {#text} at (0,0) size 3x13
                  text run at (0,0) width 3: " "
            RenderTableCell {TD} at (91,104) size 7x13 [bgcolor=#044140] [r=8 c=13 rs=1 cs=1]
              RenderInline {FONT} at (0,0) size 3x13
                RenderText {#text} at (0,0) size 3x13
                  text run at (0,0) width 3: " "
            RenderTableCell {TD} at (98,104) size 7x13 [bgcolor=#223C3D] [r=8 c=14 rs=1 cs=1]
              RenderInline {FONT} at (0,0) size 3x13
                RenderText {#text} at (0,0) size 3x13
                  text run at (0,0) width 3: " "
            RenderTableCell {TD} at (105,104) size 7x13 [bgcolor=#848788] [r=8 c=15 rs=1 cs=1]
              RenderInline {FONT} at (0,0) size 3x13
                RenderText {#text} at (0,0) size 3x13
                  text run at (0,0) width 3: " "
            RenderTableCell {TD} at (112,104) size 8x13 [bgcolor=#FDFDFB] [r=8 c=16 rs=1 cs=1]
              RenderInline {FONT} at (0,0) size 3x13
                RenderText {#text} at (0,0) size 3x13
                  text run at (0,0) width 3: " "
            RenderTableCell {TD} at (120,104) size 8x13 [bgcolor=#FDFDFB] [r=8 c=17 rs=1 cs=1]
              RenderInline {FONT} at (0,0) size 3x13
                RenderText {#text} at (0,0) size 3x13
                  text run at (0,0) width 3: " "
            RenderTableCell {TD} at (128,104) size 8x13 [bgcolor=#2D3433] [r=8 c=18 rs=1 cs=1]
              RenderInline {FONT} at (0,0) size 3x13
                RenderText {#text} at (0,0) size 3x13
                  text run at (0,0) width 3: " "
            RenderTableCell {TD} at (136,104) size 8x13 [bgcolor=#1E7A79] [r=8 c=19 rs=1 cs=1]
              RenderInline {FONT} at (0,0) size 3x13
                RenderText {#text} at (0,0) size 3x13
                  text run at (0,0) width 3: " "
            RenderTableCell {TD} at (144,104) size 8x13 [bgcolor=#027777] [r=8 c=20 rs=1 cs=1]
              RenderInline {FONT} at (0,0) size 3x13
                RenderText {#text} at (0,0) size 3x13
                  text run at (0,0) width 3: " "
            RenderTableCell {TD} at (152,104) size 8x13 [bgcolor=#026766] [r=8 c=21 rs=1 cs=1]
              RenderInline {FONT} at (0,0) size 3x13
                RenderText {#text} at (0,0) size 3x13
                  text run at (0,0) width 3: " "
            RenderTableCell {TD} at (160,104) size 8x13 [bgcolor=#026766] [r=8 c=22 rs=1 cs=1]
              RenderInline {FONT} at (0,0) size 3x13
                RenderText {#text} at (0,0) size 3x13
                  text run at (0,0) width 3: " "
            RenderTableCell {TD} at (168,104) size 8x13 [bgcolor=#026766] [r=8 c=23 rs=1 cs=1]
              RenderInline {FONT} at (0,0) size 3x13
                RenderText {#text} at (0,0) size 3x13
                  text run at (0,0) width 3: " "
            RenderTableCell {TD} at (176,104) size 8x13 [bgcolor=#026766] [r=8 c=24 rs=1 cs=1]
              RenderInline {FONT} at (0,0) size 3x13
                RenderText {#text} at (0,0) size 3x13
                  text run at (0,0) width 3: " "
            RenderTableCell {TD} at (184,104) size 8x13 [bgcolor=#026766] [r=8 c=25 rs=1 cs=1]
              RenderInline {FONT} at (0,0) size 3x13
                RenderText {#text} at (0,0) size 3x13
                  text run at (0,0) width 3: " "
            RenderTableCell {TD} at (192,104) size 8x13 [bgcolor=#026766] [r=8 c=26 rs=1 cs=1]
              RenderInline {FONT} at (0,0) size 3x13
                RenderText {#text} at (0,0) size 3x13
                  text run at (0,0) width 3: " "
            RenderTableCell {TD} at (200,104) size 8x13 [bgcolor=#026766] [r=8 c=27 rs=1 cs=1]
              RenderInline {FONT} at (0,0) size 3x13
                RenderText {#text} at (0,0) size 3x13
                  text run at (0,0) width 3: " "
            RenderTableCell {TD} at (208,104) size 8x13 [bgcolor=#026766] [r=8 c=28 rs=1 cs=1]
              RenderInline {FONT} at (0,0) size 3x13
                RenderText {#text} at (0,0) size 3x13
                  text run at (0,0) width 3: " "
            RenderTableCell {TD} at (216,104) size 8x13 [bgcolor=#025E5E] [r=8 c=29 rs=1 cs=1]
              RenderInline {FONT} at (0,0) size 3x13
                RenderText {#text} at (0,0) size 3x13
                  text run at (0,0) width 3: " "
            RenderTableCell {TD} at (224,104) size 8x13 [bgcolor=#044F4F] [r=8 c=30 rs=1 cs=1]
              RenderInline {FONT} at (0,0) size 3x13
                RenderText {#text} at (0,0) size 3x13
                  text run at (0,0) width 3: " "
            RenderTableCell {TD} at (232,104) size 8x13 [bgcolor=#044140] [r=8 c=31 rs=1 cs=1]
              RenderInline {FONT} at (0,0) size 3x13
                RenderText {#text} at (0,0) size 3x13
                  text run at (0,0) width 3: " "
            RenderTableCell {TD} at (240,104) size 8x13 [bgcolor=#515C5B] [r=8 c=32 rs=1 cs=1]
              RenderInline {FONT} at (0,0) size 3x13
                RenderText {#text} at (0,0) size 3x13
                  text run at (0,0) width 3: " "
            RenderTableCell {TD} at (248,104) size 8x13 [bgcolor=#777878] [r=8 c=33 rs=1 cs=1]
              RenderInline {FONT} at (0,0) size 3x13
                RenderText {#text} at (0,0) size 3x13
                  text run at (0,0) width 3: " "
            RenderTableCell {TD} at (256,104) size 8x13 [bgcolor=#939494] [r=8 c=34 rs=1 cs=1]
              RenderInline {FONT} at (0,0) size 3x13
                RenderText {#text} at (0,0) size 3x13
                  text run at (0,0) width 3: " "
            RenderTableCell {TD} at (264,104) size 8x13 [bgcolor=#7B918F] [r=8 c=35 rs=1 cs=1]
              RenderInline {FONT} at (0,0) size 3x13
                RenderText {#text} at (0,0) size 3x13
                  text run at (0,0) width 3: " "
            RenderTableCell {TD} at (272,104) size 8x13 [bgcolor=#027777] [r=8 c=36 rs=1 cs=1]
              RenderInline {FONT} at (0,0) size 3x13
                RenderText {#text} at (0,0) size 3x13
                  text run at (0,0) width 3: " "
            RenderTableCell {TD} at (280,104) size 8x13 [bgcolor=#027777] [r=8 c=37 rs=1 cs=1]
              RenderInline {FONT} at (0,0) size 3x13
                RenderText {#text} at (0,0) size 3x13
                  text run at (0,0) width 3: " "
            RenderTableCell {TD} at (288,104) size 8x13 [bgcolor=#026766] [r=8 c=38 rs=1 cs=1]
              RenderInline {FONT} at (0,0) size 3x13
                RenderText {#text} at (0,0) size 3x13
                  text run at (0,0) width 3: " "
            RenderTableCell {TD} at (296,104) size 8x13 [bgcolor=#026766] [r=8 c=39 rs=1 cs=1]
              RenderInline {FONT} at (0,0) size 3x13
                RenderText {#text} at (0,0) size 3x13
                  text run at (0,0) width 3: " "
            RenderTableCell {TD} at (304,104) size 8x13 [bgcolor=#026766] [r=8 c=40 rs=1 cs=1]
              RenderInline {FONT} at (0,0) size 3x13
                RenderText {#text} at (0,0) size 3x13
                  text run at (0,0) width 3: " "
            RenderTableCell {TD} at (312,104) size 8x13 [bgcolor=#026766] [r=8 c=41 rs=1 cs=1]
              RenderInline {FONT} at (0,0) size 3x13
                RenderText {#text} at (0,0) size 3x13
                  text run at (0,0) width 3: " "
            RenderTableCell {TD} at (320,104) size 8x13 [bgcolor=#026766] [r=8 c=42 rs=1 cs=1]
              RenderInline {FONT} at (0,0) size 3x13
                RenderText {#text} at (0,0) size 3x13
                  text run at (0,0) width 3: " "
            RenderTableCell {TD} at (328,104) size 8x13 [bgcolor=#026766] [r=8 c=43 rs=1 cs=1]
              RenderInline {FONT} at (0,0) size 3x13
                RenderText {#text} at (0,0) size 3x13
                  text run at (0,0) width 3: " "
            RenderTableCell {TD} at (336,104) size 8x13 [bgcolor=#026766] [r=8 c=44 rs=1 cs=1]
              RenderInline {FONT} at (0,0) size 3x13
                RenderText {#text} at (0,0) size 3x13
                  text run at (0,0) width 3: " "
            RenderTableCell {TD} at (344,104) size 8x13 [bgcolor=#026766] [r=8 c=45 rs=1 cs=1]
              RenderInline {FONT} at (0,0) size 3x13
                RenderText {#text} at (0,0) size 3x13
                  text run at (0,0) width 3: " "
            RenderTableCell {TD} at (352,104) size 8x13 [bgcolor=#026766] [r=8 c=46 rs=1 cs=1]
              RenderInline {FONT} at (0,0) size 3x13
                RenderText {#text} at (0,0) size 3x13
                  text run at (0,0) width 3: " "
            RenderTableCell {TD} at (360,104) size 8x13 [bgcolor=#1A6B6A] [r=8 c=47 rs=1 cs=1]
              RenderInline {FONT} at (0,0) size 3x13
                RenderText {#text} at (0,0) size 3x13
                  text run at (0,0) width 3: " "
            RenderTableCell {TD} at (368,104) size 8x13 [bgcolor=#B6D0D1] [r=8 c=48 rs=1 cs=1]
              RenderInline {FONT} at (0,0) size 3x13
                RenderText {#text} at (0,0) size 3x13
                  text run at (0,0) width 3: " "
            RenderTableCell {TD} at (376,104) size 8x13 [bgcolor=#FDFDFB] [r=8 c=49 rs=1 cs=1]
              RenderInline {FONT} at (0,0) size 3x13
                RenderText {#text} at (0,0) size 3x13
                  text run at (0,0) width 3: " "
            RenderTableCell {TD} at (384,104) size 8x13 [bgcolor=#848788] [r=8 c=50 rs=1 cs=1]
              RenderInline {FONT} at (0,0) size 3x13
                RenderText {#text} at (0,0) size 3x13
                  text run at (0,0) width 3: " "
            RenderTableCell {TD} at (392,104) size 8x13 [bgcolor=#083131] [r=8 c=51 rs=1 cs=1]
              RenderInline {FONT} at (0,0) size 3x13
                RenderText {#text} at (0,0) size 3x13
                  text run at (0,0) width 3: " "
            RenderTableCell {TD} at (400,104) size 8x13 [bgcolor=#083131] [r=8 c=52 rs=1 cs=1]
              RenderInline {FONT} at (0,0) size 3x13
                RenderText {#text} at (0,0) size 3x13
                  text run at (0,0) width 3: " "
            RenderTableCell {TD} at (408,104) size 8x13 [bgcolor=#3D4242] [r=8 c=53 rs=1 cs=1]
              RenderInline {FONT} at (0,0) size 3x13
                RenderText {#text} at (0,0) size 3x13
                  text run at (0,0) width 3: " "
            RenderTableCell {TD} at (416,104) size 8x13 [bgcolor=#4D4F4F] [r=8 c=54 rs=1 cs=1]
              RenderInline {FONT} at (0,0) size 3x13
                RenderText {#text} at (0,0) size 3x13
                  text run at (0,0) width 3: " "
            RenderTableCell {TD} at (424,104) size 8x13 [bgcolor=#696A69] [r=8 c=55 rs=1 cs=1]
              RenderInline {FONT} at (0,0) size 3x13
                RenderText {#text} at (0,0) size 3x13
                  text run at (0,0) width 3: " "
            RenderTableCell {TD} at (432,104) size 8x13 [bgcolor=#777878] [r=8 c=56 rs=1 cs=1]
              RenderInline {FONT} at (0,0) size 3x13
                RenderText {#text} at (0,0) size 3x13
                  text run at (0,0) width 3: " "
            RenderTableCell {TD} at (440,104) size 8x13 [bgcolor=#848788] [r=8 c=57 rs=1 cs=1]
              RenderInline {FONT} at (0,0) size 3x13
                RenderText {#text} at (0,0) size 3x13
                  text run at (0,0) width 3: " "
            RenderTableCell {TD} at (448,104) size 8x13 [bgcolor=#939494] [r=8 c=58 rs=1 cs=1]
              RenderInline {FONT} at (0,0) size 3x13
                RenderText {#text} at (0,0) size 3x13
                  text run at (0,0) width 3: " "
            RenderTableCell {TD} at (456,104) size 8x13 [bgcolor=#939494] [r=8 c=59 rs=1 cs=1]
              RenderInline {FONT} at (0,0) size 3x13
                RenderText {#text} at (0,0) size 3x13
                  text run at (0,0) width 3: " "
            RenderTableCell {TD} at (464,104) size 8x13 [bgcolor=#7B918F] [r=8 c=60 rs=1 cs=1]
              RenderInline {FONT} at (0,0) size 3x13
                RenderText {#text} at (0,0) size 3x13
                  text run at (0,0) width 3: " "
            RenderTableCell {TD} at (472,104) size 8x13 [bgcolor=#048485] [r=8 c=61 rs=1 cs=1]
              RenderInline {FONT} at (0,0) size 3x13
                RenderText {#text} at (0,0) size 3x13
                  text run at (0,0) width 3: " "
            RenderTableCell {TD} at (480,104) size 8x13 [bgcolor=#027777] [r=8 c=62 rs=1 cs=1]
              RenderInline {FONT} at (0,0) size 3x13
                RenderText {#text} at (0,0) size 3x13
                  text run at (0,0) width 3: " "
            RenderTableCell {TD} at (488,104) size 8x13 [bgcolor=#026766] [r=8 c=63 rs=1 cs=1]
              RenderInline {FONT} at (0,0) size 3x13
                RenderText {#text} at (0,0) size 3x13
                  text run at (0,0) width 3: " "
            RenderTableCell {TD} at (496,104) size 8x13 [bgcolor=#026766] [r=8 c=64 rs=1 cs=1]
              RenderInline {FONT} at (0,0) size 3x13
                RenderText {#text} at (0,0) size 3x13
                  text run at (0,0) width 3: " "
            RenderTableCell {TD} at (504,104) size 8x13 [bgcolor=#026766] [r=8 c=65 rs=1 cs=1]
              RenderInline {FONT} at (0,0) size 3x13
                RenderText {#text} at (0,0) size 3x13
                  text run at (0,0) width 3: " "
            RenderTableCell {TD} at (512,104) size 8x13 [bgcolor=#026766] [r=8 c=66 rs=1 cs=1]
              RenderInline {FONT} at (0,0) size 3x13
                RenderText {#text} at (0,0) size 3x13
                  text run at (0,0) width 3: " "
            RenderTableCell {TD} at (520,104) size 8x13 [bgcolor=#026766] [r=8 c=67 rs=1 cs=1]
              RenderInline {FONT} at (0,0) size 3x13
                RenderText {#text} at (0,0) size 3x13
                  text run at (0,0) width 3: " "
            RenderTableCell {TD} at (528,104) size 8x13 [bgcolor=#026766] [r=8 c=68 rs=1 cs=1]
              RenderInline {FONT} at (0,0) size 3x13
                RenderText {#text} at (0,0) size 3x13
                  text run at (0,0) width 3: " "
            RenderTableCell {TD} at (536,104) size 8x13 [bgcolor=#026766] [r=8 c=69 rs=1 cs=1]
              RenderInline {FONT} at (0,0) size 3x13
                RenderText {#text} at (0,0) size 3x13
                  text run at (0,0) width 3: " "
            RenderTableCell {TD} at (544,104) size 8x13 [bgcolor=#1E7A79] [r=8 c=70 rs=1 cs=1]
              RenderInline {FONT} at (0,0) size 3x13
                RenderText {#text} at (0,0) size 3x13
                  text run at (0,0) width 3: " "
            RenderTableCell {TD} at (552,104) size 8x13 [bgcolor=#E0EAE9] [r=8 c=71 rs=1 cs=1]
              RenderInline {FONT} at (0,0) size 3x13
                RenderText {#text} at (0,0) size 3x13
                  text run at (0,0) width 3: " "
            RenderTableCell {TD} at (560,104) size 8x13 [bgcolor=#FDFDFB] [r=8 c=72 rs=1 cs=1]
              RenderInline {FONT} at (0,0) size 3x13
                RenderText {#text} at (0,0) size 3x13
                  text run at (0,0) width 3: " "
            RenderTableCell {TD} at (568,104) size 8x13 [bgcolor=#4D4F4F] [r=8 c=73 rs=1 cs=1]
              RenderInline {FONT} at (0,0) size 3x13
                RenderText {#text} at (0,0) size 3x13
                  text run at (0,0) width 3: " "
            RenderTableCell {TD} at (576,104) size 8x13 [bgcolor=#515C5B] [r=8 c=74 rs=1 cs=1]
              RenderInline {FONT} at (0,0) size 3x13
                RenderText {#text} at (0,0) size 3x13
                  text run at (0,0) width 3: " "
            RenderTableCell {TD} at (584,104) size 8x13 [bgcolor=#777878] [r=8 c=75 rs=1 cs=1]
              RenderInline {FONT} at (0,0) size 3x13
                RenderText {#text} at (0,0) size 3x13
                  text run at (0,0) width 3: " "
            RenderTableCell {TD} at (592,104) size 8x13 [bgcolor=#848788] [r=8 c=76 rs=1 cs=1]
              RenderInline {FONT} at (0,0) size 3x13
                RenderText {#text} at (0,0) size 3x13
                  text run at (0,0) width 3: " "
            RenderTableCell {TD} at (600,104) size 8x13 [bgcolor=#848788] [r=8 c=77 rs=1 cs=1]
              RenderInline {FONT} at (0,0) size 3x13
                RenderText {#text} at (0,0) size 3x13
                  text run at (0,0) width 3: " "
            RenderTableCell {TD} at (608,104) size 8x13 [bgcolor=#1E7A79] [r=8 c=78 rs=1 cs=1]
              RenderInline {FONT} at (0,0) size 3x13
                RenderText {#text} at (0,0) size 3x13
                  text run at (0,0) width 3: " "
            RenderTableCell {TD} at (616,104) size 8x13 [bgcolor=#027777] [r=8 c=79 rs=1 cs=1]
              RenderInline {FONT} at (0,0) size 3x13
                RenderText {#text} at (0,0) size 3x13
                  text run at (0,0) width 3: " "
            RenderTableCell {TD} at (624,104) size 8x13 [bgcolor=#026766] [r=8 c=80 rs=1 cs=1]
              RenderInline {FONT} at (0,0) size 3x13
                RenderText {#text} at (0,0) size 3x13
                  text run at (0,0) width 3: " "
            RenderTableCell {TD} at (632,104) size 8x13 [bgcolor=#026766] [r=8 c=81 rs=1 cs=1]
              RenderInline {FONT} at (0,0) size 3x13
                RenderText {#text} at (0,0) size 3x13
                  text run at (0,0) width 3: " "
            RenderTableCell {TD} at (640,104) size 8x13 [bgcolor=#026766] [r=8 c=82 rs=1 cs=1]
              RenderInline {FONT} at (0,0) size 3x13
                RenderText {#text} at (0,0) size 3x13
                  text run at (0,0) width 3: " "
            RenderTableCell {TD} at (648,104) size 8x13 [bgcolor=#026766] [r=8 c=83 rs=1 cs=1]
              RenderInline {FONT} at (0,0) size 3x13
                RenderText {#text} at (0,0) size 3x13
                  text run at (0,0) width 3: " "
            RenderTableCell {TD} at (656,104) size 8x13 [bgcolor=#026766] [r=8 c=84 rs=1 cs=1]
              RenderInline {FONT} at (0,0) size 3x13
                RenderText {#text} at (0,0) size 3x13
                  text run at (0,0) width 3: " "
            RenderTableCell {TD} at (664,104) size 8x13 [bgcolor=#026766] [r=8 c=85 rs=1 cs=1]
              RenderInline {FONT} at (0,0) size 3x13
                RenderText {#text} at (0,0) size 3x13
                  text run at (0,0) width 3: " "
            RenderTableCell {TD} at (672,104) size 8x13 [bgcolor=#026766] [r=8 c=86 rs=1 cs=1]
              RenderInline {FONT} at (0,0) size 3x13
                RenderText {#text} at (0,0) size 3x13
                  text run at (0,0) width 3: " "
            RenderTableCell {TD} at (680,104) size 8x13 [bgcolor=#026766] [r=8 c=87 rs=1 cs=1]
              RenderInline {FONT} at (0,0) size 3x13
                RenderText {#text} at (0,0) size 3x13
                  text run at (0,0) width 3: " "
            RenderTableCell {TD} at (688,104) size 8x13 [bgcolor=#026766] [r=8 c=88 rs=1 cs=1]
              RenderInline {FONT} at (0,0) size 3x13
                RenderText {#text} at (0,0) size 3x13
                  text run at (0,0) width 3: " "
            RenderTableCell {TD} at (696,104) size 8x13 [bgcolor=#026766] [r=8 c=89 rs=1 cs=1]
              RenderInline {FONT} at (0,0) size 3x13
                RenderText {#text} at (0,0) size 3x13
                  text run at (0,0) width 3: " "
            RenderTableCell {TD} at (704,104) size 8x13 [bgcolor=#338686] [r=8 c=90 rs=1 cs=1]
              RenderInline {FONT} at (0,0) size 3x13
                RenderText {#text} at (0,0) size 3x13
                  text run at (0,0) width 3: " "
            RenderTableCell {TD} at (712,104) size 8x13 [bgcolor=#EDEEEF] [r=8 c=91 rs=1 cs=1]
              RenderInline {FONT} at (0,0) size 3x13
                RenderText {#text} at (0,0) size 3x13
                  text run at (0,0) width 3: " "
            RenderTableCell {TD} at (720,104) size 8x13 [bgcolor=#FDFDFB] [r=8 c=92 rs=1 cs=1]
              RenderInline {FONT} at (0,0) size 3x13
                RenderText {#text} at (0,0) size 3x13
                  text run at (0,0) width 3: " "
            RenderTableCell {TD} at (728,104) size 8x13 [bgcolor=#223C3D] [r=8 c=93 rs=1 cs=1]
              RenderInline {FONT} at (0,0) size 3x13
                RenderText {#text} at (0,0) size 3x13
                  text run at (0,0) width 3: " "
            RenderTableCell {TD} at (736,104) size 8x13 [bgcolor=#223C3D] [r=8 c=94 rs=1 cs=1]
              RenderInline {FONT} at (0,0) size 3x13
                RenderText {#text} at (0,0) size 3x13
                  text run at (0,0) width 3: " "
            RenderTableCell {TD} at (744,104) size 8x13 [bgcolor=#5E5F60] [r=8 c=95 rs=1 cs=1]
              RenderInline {FONT} at (0,0) size 3x13
                RenderText {#text} at (0,0) size 3x13
                  text run at (0,0) width 3: " "
            RenderTableCell {TD} at (752,104) size 8x13 [bgcolor=#777878] [r=8 c=96 rs=1 cs=1]
              RenderInline {FONT} at (0,0) size 3x13
                RenderText {#text} at (0,0) size 3x13
                  text run at (0,0) width 3: " "
            RenderTableCell {TD} at (760,104) size 8x13 [bgcolor=#848788] [r=8 c=97 rs=1 cs=1]
              RenderInline {FONT} at (0,0) size 3x13
                RenderText {#text} at (0,0) size 3x13
                  text run at (0,0) width 3: " "
            RenderTableCell {TD} at (768,104) size 8x13 [bgcolor=#777878] [r=8 c=98 rs=1 cs=1]
              RenderInline {FONT} at (0,0) size 3x13
                RenderText {#text} at (0,0) size 3x13
                  text run at (0,0) width 3: " "
            RenderTableCell {TD} at (776,104) size 8x13 [bgcolor=#4D4F4F] [r=8 c=99 rs=1 cs=1]
              RenderInline {FONT} at (0,0) size 3x13
                RenderText {#text} at (0,0) size 3x13
                  text run at (0,0) width 3: " "
          RenderTableRow {TR} at (0,117) size 784x13
            RenderTableCell {TD} at (0,117) size 7x13 [bgcolor=#EDEEEF] [r=9 c=0 rs=1 cs=1]
              RenderInline {FONT} at (0,0) size 3x13
                RenderText {#text} at (0,0) size 3x13
                  text run at (0,0) width 3: " "
            RenderTableCell {TD} at (7,117) size 7x13 [bgcolor=#44A3A2] [r=9 c=1 rs=1 cs=1]
              RenderInline {FONT} at (0,0) size 3x13
                RenderText {#text} at (0,0) size 3x13
                  text run at (0,0) width 3: " "
            RenderTableCell {TD} at (14,117) size 7x13 [bgcolor=#048485] [r=9 c=2 rs=1 cs=1]
              RenderInline {FONT} at (0,0) size 3x13
                RenderText {#text} at (0,0) size 3x13
                  text run at (0,0) width 3: " "
            RenderTableCell {TD} at (21,117) size 7x13 [bgcolor=#027777] [r=9 c=3 rs=1 cs=1]
              RenderInline {FONT} at (0,0) size 3x13
                RenderText {#text} at (0,0) size 3x13
                  text run at (0,0) width 3: " "
            RenderTableCell {TD} at (28,117) size 7x13 [bgcolor=#469191] [r=9 c=4 rs=1 cs=1]
              RenderInline {FONT} at (0,0) size 3x13
                RenderText {#text} at (0,0) size 3x13
                  text run at (0,0) width 3: " "
            RenderTableCell {TD} at (35,117) size 7x13 [bgcolor=#7CAEAF] [r=9 c=5 rs=1 cs=1]
              RenderInline {FONT} at (0,0) size 3x13
                RenderText {#text} at (0,0) size 3x13
                  text run at (0,0) width 3: " "
            RenderTableCell {TD} at (42,117) size 7x13 [bgcolor=#97C1C0] [r=9 c=6 rs=1 cs=1]
              RenderInline {FONT} at (0,0) size 3x13
                RenderText {#text} at (0,0) size 3x13
                  text run at (0,0) width 3: " "
            RenderTableCell {TD} at (49,117) size 7x13 [bgcolor=#97C1C0] [r=9 c=7 rs=1 cs=1]
              RenderInline {FONT} at (0,0) size 3x13
                RenderText {#text} at (0,0) size 3x13
                  text run at (0,0) width 3: " "
            RenderTableCell {TD} at (56,117) size 7x13 [bgcolor=#97C1C0] [r=9 c=8 rs=1 cs=1]
              RenderInline {FONT} at (0,0) size 3x13
                RenderText {#text} at (0,0) size 3x13
                  text run at (0,0) width 3: " "
            RenderTableCell {TD} at (63,117) size 7x13 [bgcolor=#7CAEAF] [r=9 c=9 rs=1 cs=1]
              RenderInline {FONT} at (0,0) size 3x13
                RenderText {#text} at (0,0) size 3x13
                  text run at (0,0) width 3: " "
            RenderTableCell {TD} at (70,117) size 7x13 [bgcolor=#469191] [r=9 c=10 rs=1 cs=1]
              RenderInline {FONT} at (0,0) size 3x13
                RenderText {#text} at (0,0) size 3x13
                  text run at (0,0) width 3: " "
            RenderTableCell {TD} at (77,117) size 7x13 [bgcolor=#1A6B6A] [r=9 c=11 rs=1 cs=1]
              RenderInline {FONT} at (0,0) size 3x13
                RenderText {#text} at (0,0) size 3x13
                  text run at (0,0) width 3: " "
            RenderTableCell {TD} at (84,117) size 7x13 [bgcolor=#025E5E] [r=9 c=12 rs=1 cs=1]
              RenderInline {FONT} at (0,0) size 3x13
                RenderText {#text} at (0,0) size 3x13
                  text run at (0,0) width 3: " "
            RenderTableCell {TD} at (91,117) size 7x13 [bgcolor=#044140] [r=9 c=13 rs=1 cs=1]
              RenderInline {FONT} at (0,0) size 3x13
                RenderText {#text} at (0,0) size 3x13
                  text run at (0,0) width 3: " "
            RenderTableCell {TD} at (98,117) size 7x13 [bgcolor=#223C3D] [r=9 c=14 rs=1 cs=1]
              RenderInline {FONT} at (0,0) size 3x13
                RenderText {#text} at (0,0) size 3x13
                  text run at (0,0) width 3: " "
            RenderTableCell {TD} at (105,117) size 7x13 [bgcolor=#848788] [r=9 c=15 rs=1 cs=1]
              RenderInline {FONT} at (0,0) size 3x13
                RenderText {#text} at (0,0) size 3x13
                  text run at (0,0) width 3: " "
            RenderTableCell {TD} at (112,117) size 8x13 [bgcolor=#FDFDFB] [r=9 c=16 rs=1 cs=1]
              RenderInline {FONT} at (0,0) size 3x13
                RenderText {#text} at (0,0) size 3x13
                  text run at (0,0) width 3: " "
            RenderTableCell {TD} at (120,117) size 8x13 [bgcolor=#FDFDFB] [r=9 c=17 rs=1 cs=1]
              RenderInline {FONT} at (0,0) size 3x13
                RenderText {#text} at (0,0) size 3x13
                  text run at (0,0) width 3: " "
            RenderTableCell {TD} at (128,117) size 8x13 [bgcolor=#2D3433] [r=9 c=18 rs=1 cs=1]
              RenderInline {FONT} at (0,0) size 3x13
                RenderText {#text} at (0,0) size 3x13
                  text run at (0,0) width 3: " "
            RenderTableCell {TD} at (136,117) size 8x13 [bgcolor=#1E7A79] [r=9 c=19 rs=1 cs=1]
              RenderInline {FONT} at (0,0) size 3x13
                RenderText {#text} at (0,0) size 3x13
                  text run at (0,0) width 3: " "
            RenderTableCell {TD} at (144,117) size 8x13 [bgcolor=#027777] [r=9 c=20 rs=1 cs=1]
              RenderInline {FONT} at (0,0) size 3x13
                RenderText {#text} at (0,0) size 3x13
                  text run at (0,0) width 3: " "
            RenderTableCell {TD} at (152,117) size 8x13 [bgcolor=#026766] [r=9 c=21 rs=1 cs=1]
              RenderInline {FONT} at (0,0) size 3x13
                RenderText {#text} at (0,0) size 3x13
                  text run at (0,0) width 3: " "
            RenderTableCell {TD} at (160,117) size 8x13 [bgcolor=#1E7A79] [r=9 c=22 rs=1 cs=1]
              RenderInline {FONT} at (0,0) size 3x13
                RenderText {#text} at (0,0) size 3x13
                  text run at (0,0) width 3: " "
            RenderTableCell {TD} at (168,117) size 8x13 [bgcolor=#469191] [r=9 c=23 rs=1 cs=1]
              RenderInline {FONT} at (0,0) size 3x13
                RenderText {#text} at (0,0) size 3x13
                  text run at (0,0) width 3: " "
            RenderTableCell {TD} at (176,117) size 8x13 [bgcolor=#7CAEAF] [r=9 c=24 rs=1 cs=1]
              RenderInline {FONT} at (0,0) size 3x13
                RenderText {#text} at (0,0) size 3x13
                  text run at (0,0) width 3: " "
            RenderTableCell {TD} at (184,117) size 8x13 [bgcolor=#97C1C0] [r=9 c=25 rs=1 cs=1]
              RenderInline {FONT} at (0,0) size 3x13
                RenderText {#text} at (0,0) size 3x13
                  text run at (0,0) width 3: " "
            RenderTableCell {TD} at (192,117) size 8x13 [bgcolor=#97C1C0] [r=9 c=26 rs=1 cs=1]
              RenderInline {FONT} at (0,0) size 3x13
                RenderText {#text} at (0,0) size 3x13
                  text run at (0,0) width 3: " "
            RenderTableCell {TD} at (200,117) size 8x13 [bgcolor=#97C1C0] [r=9 c=27 rs=1 cs=1]
              RenderInline {FONT} at (0,0) size 3x13
                RenderText {#text} at (0,0) size 3x13
                  text run at (0,0) width 3: " "
            RenderTableCell {TD} at (208,117) size 8x13 [bgcolor=#7CAEAF] [r=9 c=28 rs=1 cs=1]
              RenderInline {FONT} at (0,0) size 3x13
                RenderText {#text} at (0,0) size 3x13
                  text run at (0,0) width 3: " "
            RenderTableCell {TD} at (216,117) size 8x13 [bgcolor=#589594] [r=9 c=29 rs=1 cs=1]
              RenderInline {FONT} at (0,0) size 3x13
                RenderText {#text} at (0,0) size 3x13
                  text run at (0,0) width 3: " "
            RenderTableCell {TD} at (224,117) size 8x13 [bgcolor=#1E7A79] [r=9 c=30 rs=1 cs=1]
              RenderInline {FONT} at (0,0) size 3x13
                RenderText {#text} at (0,0) size 3x13
                  text run at (0,0) width 3: " "
            RenderTableCell {TD} at (232,117) size 8x13 [bgcolor=#044F4F] [r=9 c=31 rs=1 cs=1]
              RenderInline {FONT} at (0,0) size 3x13
                RenderText {#text} at (0,0) size 3x13
                  text run at (0,0) width 3: " "
            RenderTableCell {TD} at (240,117) size 8x13 [bgcolor=#344C4E] [r=9 c=32 rs=1 cs=1]
              RenderInline {FONT} at (0,0) size 3x13
                RenderText {#text} at (0,0) size 3x13
                  text run at (0,0) width 3: " "
            RenderTableCell {TD} at (248,117) size 8x13 [bgcolor=#696A69] [r=9 c=33 rs=1 cs=1]
              RenderInline {FONT} at (0,0) size 3x13
                RenderText {#text} at (0,0) size 3x13
                  text run at (0,0) width 3: " "
            RenderTableCell {TD} at (256,117) size 8x13 [bgcolor=#848788] [r=9 c=34 rs=1 cs=1]
              RenderInline {FONT} at (0,0) size 3x13
                RenderText {#text} at (0,0) size 3x13
                  text run at (0,0) width 3: " "
            RenderTableCell {TD} at (264,117) size 8x13 [bgcolor=#848788] [r=9 c=35 rs=1 cs=1]
              RenderInline {FONT} at (0,0) size 3x13
                RenderText {#text} at (0,0) size 3x13
                  text run at (0,0) width 3: " "
            RenderTableCell {TD} at (272,117) size 8x13 [bgcolor=#249393] [r=9 c=36 rs=1 cs=1]
              RenderInline {FONT} at (0,0) size 3x13
                RenderText {#text} at (0,0) size 3x13
                  text run at (0,0) width 3: " "
            RenderTableCell {TD} at (280,117) size 8x13 [bgcolor=#60A2A3] [r=9 c=37 rs=1 cs=1]
              RenderInline {FONT} at (0,0) size 3x13
                RenderText {#text} at (0,0) size 3x13
                  text run at (0,0) width 3: " "
            RenderTableCell {TD} at (288,117) size 8x13 [bgcolor=#8DB7B6] [r=9 c=38 rs=1 cs=1]
              RenderInline {FONT} at (0,0) size 3x13
                RenderText {#text} at (0,0) size 3x13
                  text run at (0,0) width 3: " "
            RenderTableCell {TD} at (296,117) size 8x13 [bgcolor=#97C1C0] [r=9 c=39 rs=1 cs=1]
              RenderInline {FONT} at (0,0) size 3x13
                RenderText {#text} at (0,0) size 3x13
                  text run at (0,0) width 3: " "
            RenderTableCell {TD} at (304,117) size 8x13 [bgcolor=#97C1C0] [r=9 c=40 rs=1 cs=1]
              RenderInline {FONT} at (0,0) size 3x13
                RenderText {#text} at (0,0) size 3x13
                  text run at (0,0) width 3: " "
            RenderTableCell {TD} at (312,117) size 8x13 [bgcolor=#8DB7B6] [r=9 c=41 rs=1 cs=1]
              RenderInline {FONT} at (0,0) size 3x13
                RenderText {#text} at (0,0) size 3x13
                  text run at (0,0) width 3: " "
            RenderTableCell {TD} at (320,117) size 8x13 [bgcolor=#60A2A3] [r=9 c=42 rs=1 cs=1]
              RenderInline {FONT} at (0,0) size 3x13
                RenderText {#text} at (0,0) size 3x13
                  text run at (0,0) width 3: " "
            RenderTableCell {TD} at (328,117) size 8x13 [bgcolor=#287A7A] [r=9 c=43 rs=1 cs=1]
              RenderInline {FONT} at (0,0) size 3x13
                RenderText {#text} at (0,0) size 3x13
                  text run at (0,0) width 3: " "
            RenderTableCell {TD} at (336,117) size 8x13 [bgcolor=#026766] [r=9 c=44 rs=1 cs=1]
              RenderInline {FONT} at (0,0) size 3x13
                RenderText {#text} at (0,0) size 3x13
                  text run at (0,0) width 3: " "
            RenderTableCell {TD} at (344,117) size 8x13 [bgcolor=#026766] [r=9 c=45 rs=1 cs=1]
              RenderInline {FONT} at (0,0) size 3x13
                RenderText {#text} at (0,0) size 3x13
                  text run at (0,0) width 3: " "
            RenderTableCell {TD} at (352,117) size 8x13 [bgcolor=#026766] [r=9 c=46 rs=1 cs=1]
              RenderInline {FONT} at (0,0) size 3x13
                RenderText {#text} at (0,0) size 3x13
                  text run at (0,0) width 3: " "
            RenderTableCell {TD} at (360,117) size 8x13 [bgcolor=#1A6B6A] [r=9 c=47 rs=1 cs=1]
              RenderInline {FONT} at (0,0) size 3x13
                RenderText {#text} at (0,0) size 3x13
                  text run at (0,0) width 3: " "
            RenderTableCell {TD} at (368,117) size 8x13 [bgcolor=#B6D0D1] [r=9 c=48 rs=1 cs=1]
              RenderInline {FONT} at (0,0) size 3x13
                RenderText {#text} at (0,0) size 3x13
                  text run at (0,0) width 3: " "
            RenderTableCell {TD} at (376,117) size 8x13 [bgcolor=#FDFDFB] [r=9 c=49 rs=1 cs=1]
              RenderInline {FONT} at (0,0) size 3x13
                RenderText {#text} at (0,0) size 3x13
                  text run at (0,0) width 3: " "
            RenderTableCell {TD} at (384,117) size 8x13 [bgcolor=#848788] [r=9 c=50 rs=1 cs=1]
              RenderInline {FONT} at (0,0) size 3x13
                RenderText {#text} at (0,0) size 3x13
                  text run at (0,0) width 3: " "
            RenderTableCell {TD} at (392,117) size 8x13 [bgcolor=#274C4D] [r=9 c=51 rs=1 cs=1]
              RenderInline {FONT} at (0,0) size 3x13
                RenderText {#text} at (0,0) size 3x13
                  text run at (0,0) width 3: " "
            RenderTableCell {TD} at (400,117) size 8x13 [bgcolor=#848788] [r=9 c=52 rs=1 cs=1]
              RenderInline {FONT} at (0,0) size 3x13
                RenderText {#text} at (0,0) size 3x13
                  text run at (0,0) width 3: " "
            RenderTableCell {TD} at (408,117) size 8x13 [bgcolor=#B4B4B4] [r=9 c=53 rs=1 cs=1]
              RenderInline {FONT} at (0,0) size 3x13
                RenderText {#text} at (0,0) size 3x13
                  text run at (0,0) width 3: " "
            RenderTableCell {TD} at (416,117) size 8x13 [bgcolor=#BEC2C2] [r=9 c=54 rs=1 cs=1]
              RenderInline {FONT} at (0,0) size 3x13
                RenderText {#text} at (0,0) size 3x13
                  text run at (0,0) width 3: " "
            RenderTableCell {TD} at (424,117) size 8x13 [bgcolor=#BEC2C2] [r=9 c=55 rs=1 cs=1]
              RenderInline {FONT} at (0,0) size 3x13
                RenderText {#text} at (0,0) size 3x13
                  text run at (0,0) width 3: " "
            RenderTableCell {TD} at (432,117) size 8x13 [bgcolor=#B4B4B4] [r=9 c=56 rs=1 cs=1]
              RenderInline {FONT} at (0,0) size 3x13
                RenderText {#text} at (0,0) size 3x13
                  text run at (0,0) width 3: " "
            RenderTableCell {TD} at (440,117) size 8x13 [bgcolor=#A5A6A6] [r=9 c=57 rs=1 cs=1]
              RenderInline {FONT} at (0,0) size 3x13
                RenderText {#text} at (0,0) size 3x13
                  text run at (0,0) width 3: " "
            RenderTableCell {TD} at (448,117) size 8x13 [bgcolor=#939494] [r=9 c=58 rs=1 cs=1]
              RenderInline {FONT} at (0,0) size 3x13
                RenderText {#text} at (0,0) size 3x13
                  text run at (0,0) width 3: " "
            RenderTableCell {TD} at (456,117) size 8x13 [bgcolor=#939494] [r=9 c=59 rs=1 cs=1]
              RenderInline {FONT} at (0,0) size 3x13
                RenderText {#text} at (0,0) size 3x13
                  text run at (0,0) width 3: " "
            RenderTableCell {TD} at (464,117) size 8x13 [bgcolor=#469191] [r=9 c=60 rs=1 cs=1]
              RenderInline {FONT} at (0,0) size 3x13
                RenderText {#text} at (0,0) size 3x13
                  text run at (0,0) width 3: " "
            RenderTableCell {TD} at (472,117) size 8x13 [bgcolor=#048485] [r=9 c=61 rs=1 cs=1]
              RenderInline {FONT} at (0,0) size 3x13
                RenderText {#text} at (0,0) size 3x13
                  text run at (0,0) width 3: " "
            RenderTableCell {TD} at (480,117) size 8x13 [bgcolor=#027777] [r=9 c=62 rs=1 cs=1]
              RenderInline {FONT} at (0,0) size 3x13
                RenderText {#text} at (0,0) size 3x13
                  text run at (0,0) width 3: " "
            RenderTableCell {TD} at (488,117) size 8x13 [bgcolor=#1A6B6A] [r=9 c=63 rs=1 cs=1]
              RenderInline {FONT} at (0,0) size 3x13
                RenderText {#text} at (0,0) size 3x13
                  text run at (0,0) width 3: " "
            RenderTableCell {TD} at (496,117) size 8x13 [bgcolor=#469191] [r=9 c=64 rs=1 cs=1]
              RenderInline {FONT} at (0,0) size 3x13
                RenderText {#text} at (0,0) size 3x13
                  text run at (0,0) width 3: " "
            RenderTableCell {TD} at (504,117) size 8x13 [bgcolor=#7CAEAF] [r=9 c=65 rs=1 cs=1]
              RenderInline {FONT} at (0,0) size 3x13
                RenderText {#text} at (0,0) size 3x13
                  text run at (0,0) width 3: " "
            RenderTableCell {TD} at (512,117) size 8x13 [bgcolor=#97C1C0] [r=9 c=66 rs=1 cs=1]
              RenderInline {FONT} at (0,0) size 3x13
                RenderText {#text} at (0,0) size 3x13
                  text run at (0,0) width 3: " "
            RenderTableCell {TD} at (520,117) size 8x13 [bgcolor=#97C1C0] [r=9 c=67 rs=1 cs=1]
              RenderInline {FONT} at (0,0) size 3x13
                RenderText {#text} at (0,0) size 3x13
                  text run at (0,0) width 3: " "
            RenderTableCell {TD} at (528,117) size 8x13 [bgcolor=#7CAEAF] [r=9 c=68 rs=1 cs=1]
              RenderInline {FONT} at (0,0) size 3x13
                RenderText {#text} at (0,0) size 3x13
                  text run at (0,0) width 3: " "
            RenderTableCell {TD} at (536,117) size 8x13 [bgcolor=#469191] [r=9 c=69 rs=1 cs=1]
              RenderInline {FONT} at (0,0) size 3x13
                RenderText {#text} at (0,0) size 3x13
                  text run at (0,0) width 3: " "
            RenderTableCell {TD} at (544,117) size 8x13 [bgcolor=#338686] [r=9 c=70 rs=1 cs=1]
              RenderInline {FONT} at (0,0) size 3x13
                RenderText {#text} at (0,0) size 3x13
                  text run at (0,0) width 3: " "
            RenderTableCell {TD} at (552,117) size 8x13 [bgcolor=#E0EAE9] [r=9 c=71 rs=1 cs=1]
              RenderInline {FONT} at (0,0) size 3x13
                RenderText {#text} at (0,0) size 3x13
                  text run at (0,0) width 3: " "
            RenderTableCell {TD} at (560,117) size 8x13 [bgcolor=#FDFDFB] [r=9 c=72 rs=1 cs=1]
              RenderInline {FONT} at (0,0) size 3x13
                RenderText {#text} at (0,0) size 3x13
                  text run at (0,0) width 3: " "
            RenderTableCell {TD} at (568,117) size 8x13 [bgcolor=#4D4F4F] [r=9 c=73 rs=1 cs=1]
              RenderInline {FONT} at (0,0) size 3x13
                RenderText {#text} at (0,0) size 3x13
                  text run at (0,0) width 3: " "
            RenderTableCell {TD} at (576,117) size 8x13 [bgcolor=#5E5F60] [r=9 c=74 rs=1 cs=1]
              RenderInline {FONT} at (0,0) size 3x13
                RenderText {#text} at (0,0) size 3x13
                  text run at (0,0) width 3: " "
            RenderTableCell {TD} at (584,117) size 8x13 [bgcolor=#777878] [r=9 c=75 rs=1 cs=1]
              RenderInline {FONT} at (0,0) size 3x13
                RenderText {#text} at (0,0) size 3x13
                  text run at (0,0) width 3: " "
            RenderTableCell {TD} at (592,117) size 8x13 [bgcolor=#939494] [r=9 c=76 rs=1 cs=1]
              RenderInline {FONT} at (0,0) size 3x13
                RenderText {#text} at (0,0) size 3x13
                  text run at (0,0) width 3: " "
            RenderTableCell {TD} at (600,117) size 8x13 [bgcolor=#939494] [r=9 c=77 rs=1 cs=1]
              RenderInline {FONT} at (0,0) size 3x13
                RenderText {#text} at (0,0) size 3x13
                  text run at (0,0) width 3: " "
            RenderTableCell {TD} at (608,117) size 8x13 [bgcolor=#589594] [r=9 c=78 rs=1 cs=1]
              RenderInline {FONT} at (0,0) size 3x13
                RenderText {#text} at (0,0) size 3x13
                  text run at (0,0) width 3: " "
            RenderTableCell {TD} at (616,117) size 8x13 [bgcolor=#5CADAE] [r=9 c=79 rs=1 cs=1]
              RenderInline {FONT} at (0,0) size 3x13
                RenderText {#text} at (0,0) size 3x13
                  text run at (0,0) width 3: " "
            RenderTableCell {TD} at (624,117) size 8x13 [bgcolor=#7DBAB9] [r=9 c=80 rs=1 cs=1]
              RenderInline {FONT} at (0,0) size 3x13
                RenderText {#text} at (0,0) size 3x13
                  text run at (0,0) width 3: " "
            RenderTableCell {TD} at (632,117) size 8x13 [bgcolor=#97C1C0] [r=9 c=81 rs=1 cs=1]
              RenderInline {FONT} at (0,0) size 3x13
                RenderText {#text} at (0,0) size 3x13
                  text run at (0,0) width 3: " "
            RenderTableCell {TD} at (640,117) size 8x13 [bgcolor=#97C1C0] [r=9 c=82 rs=1 cs=1]
              RenderInline {FONT} at (0,0) size 3x13
                RenderText {#text} at (0,0) size 3x13
                  text run at (0,0) width 3: " "
            RenderTableCell {TD} at (648,117) size 8x13 [bgcolor=#7CAEAF] [r=9 c=83 rs=1 cs=1]
              RenderInline {FONT} at (0,0) size 3x13
                RenderText {#text} at (0,0) size 3x13
                  text run at (0,0) width 3: " "
            RenderTableCell {TD} at (656,117) size 8x13 [bgcolor=#469191] [r=9 c=84 rs=1 cs=1]
              RenderInline {FONT} at (0,0) size 3x13
                RenderText {#text} at (0,0) size 3x13
                  text run at (0,0) width 3: " "
            RenderTableCell {TD} at (664,117) size 8x13 [bgcolor=#1E7A79] [r=9 c=85 rs=1 cs=1]
              RenderInline {FONT} at (0,0) size 3x13
                RenderText {#text} at (0,0) size 3x13
                  text run at (0,0) width 3: " "
            RenderTableCell {TD} at (672,117) size 8x13 [bgcolor=#026766] [r=9 c=86 rs=1 cs=1]
              RenderInline {FONT} at (0,0) size 3x13
                RenderText {#text} at (0,0) size 3x13
                  text run at (0,0) width 3: " "
            RenderTableCell {TD} at (680,117) size 8x13 [bgcolor=#026766] [r=9 c=87 rs=1 cs=1]
              RenderInline {FONT} at (0,0) size 3x13
                RenderText {#text} at (0,0) size 3x13
                  text run at (0,0) width 3: " "
            RenderTableCell {TD} at (688,117) size 8x13 [bgcolor=#026766] [r=9 c=88 rs=1 cs=1]
              RenderInline {FONT} at (0,0) size 3x13
                RenderText {#text} at (0,0) size 3x13
                  text run at (0,0) width 3: " "
            RenderTableCell {TD} at (696,117) size 8x13 [bgcolor=#469191] [r=9 c=89 rs=1 cs=1]
              RenderInline {FONT} at (0,0) size 3x13
                RenderText {#text} at (0,0) size 3x13
                  text run at (0,0) width 3: " "
            RenderTableCell {TD} at (704,117) size 8x13 [bgcolor=#7CAEAF] [r=9 c=90 rs=1 cs=1]
              RenderInline {FONT} at (0,0) size 3x13
                RenderText {#text} at (0,0) size 3x13
                  text run at (0,0) width 3: " "
            RenderTableCell {TD} at (712,117) size 8x13 [bgcolor=#EDEEEF] [r=9 c=91 rs=1 cs=1]
              RenderInline {FONT} at (0,0) size 3x13
                RenderText {#text} at (0,0) size 3x13
                  text run at (0,0) width 3: " "
            RenderTableCell {TD} at (720,117) size 8x13 [bgcolor=#FDFDFB] [r=9 c=92 rs=1 cs=1]
              RenderInline {FONT} at (0,0) size 3x13
                RenderText {#text} at (0,0) size 3x13
                  text run at (0,0) width 3: " "
            RenderTableCell {TD} at (728,117) size 8x13 [bgcolor=#848788] [r=9 c=93 rs=1 cs=1]
              RenderInline {FONT} at (0,0) size 3x13
                RenderText {#text} at (0,0) size 3x13
                  text run at (0,0) width 3: " "
            RenderTableCell {TD} at (736,117) size 8x13 [bgcolor=#848788] [r=9 c=94 rs=1 cs=1]
              RenderInline {FONT} at (0,0) size 3x13
                RenderText {#text} at (0,0) size 3x13
                  text run at (0,0) width 3: " "
            RenderTableCell {TD} at (744,117) size 8x13 [bgcolor=#777878] [r=9 c=95 rs=1 cs=1]
              RenderInline {FONT} at (0,0) size 3x13
                RenderText {#text} at (0,0) size 3x13
                  text run at (0,0) width 3: " "
            RenderTableCell {TD} at (752,117) size 8x13 [bgcolor=#777878] [r=9 c=96 rs=1 cs=1]
              RenderInline {FONT} at (0,0) size 3x13
                RenderText {#text} at (0,0) size 3x13
                  text run at (0,0) width 3: " "
            RenderTableCell {TD} at (760,117) size 8x13 [bgcolor=#848788] [r=9 c=97 rs=1 cs=1]
              RenderInline {FONT} at (0,0) size 3x13
                RenderText {#text} at (0,0) size 3x13
                  text run at (0,0) width 3: " "
            RenderTableCell {TD} at (768,117) size 8x13 [bgcolor=#777878] [r=9 c=98 rs=1 cs=1]
              RenderInline {FONT} at (0,0) size 3x13
                RenderText {#text} at (0,0) size 3x13
                  text run at (0,0) width 3: " "
            RenderTableCell {TD} at (776,117) size 8x13 [bgcolor=#4D4F4F] [r=9 c=99 rs=1 cs=1]
              RenderInline {FONT} at (0,0) size 3x13
                RenderText {#text} at (0,0) size 3x13
                  text run at (0,0) width 3: " "
          RenderTableRow {TR} at (0,130) size 784x13
            RenderTableCell {TD} at (0,130) size 7x13 [bgcolor=#E0EAE9] [r=10 c=0 rs=1 cs=1]
              RenderInline {FONT} at (0,0) size 3x13
                RenderText {#text} at (0,0) size 3x13
                  text run at (0,0) width 3: " "
            RenderTableCell {TD} at (7,130) size 7x13 [bgcolor=#249393] [r=10 c=1 rs=1 cs=1]
              RenderInline {FONT} at (0,0) size 3x13
                RenderText {#text} at (0,0) size 3x13
                  text run at (0,0) width 3: " "
            RenderTableCell {TD} at (14,130) size 7x13 [bgcolor=#1B8685] [r=10 c=2 rs=1 cs=1]
              RenderInline {FONT} at (0,0) size 3x13
                RenderText {#text} at (0,0) size 3x13
                  text run at (0,0) width 3: " "
            RenderTableCell {TD} at (21,130) size 7x13 [bgcolor=#A4CCCC] [r=10 c=3 rs=1 cs=1]
              RenderInline {FONT} at (0,0) size 3x13
                RenderText {#text} at (0,0) size 3x13
                  text run at (0,0) width 3: " "
            RenderTableCell {TD} at (28,130) size 7x13 [bgcolor=#EDEEEF] [r=10 c=4 rs=1 cs=1]
              RenderInline {FONT} at (0,0) size 3x13
                RenderText {#text} at (0,0) size 3x13
                  text run at (0,0) width 3: " "
            RenderTableCell {TD} at (35,130) size 7x13 [bgcolor=#CECFCF] [r=10 c=5 rs=1 cs=1]
              RenderInline {FONT} at (0,0) size 3x13
                RenderText {#text} at (0,0) size 3x13
                  text run at (0,0) width 3: " "
            RenderTableCell {TD} at (42,130) size 7x13 [bgcolor=#939494] [r=10 c=6 rs=1 cs=1]
              RenderInline {FONT} at (0,0) size 3x13
                RenderText {#text} at (0,0) size 3x13
                  text run at (0,0) width 3: " "
            RenderTableCell {TD} at (49,130) size 7x13 [bgcolor=#848788] [r=10 c=7 rs=1 cs=1]
              RenderInline {FONT} at (0,0) size 3x13
                RenderText {#text} at (0,0) size 3x13
                  text run at (0,0) width 3: " "
            RenderTableCell {TD} at (56,130) size 7x13 [bgcolor=#939494] [r=10 c=8 rs=1 cs=1]
              RenderInline {FONT} at (0,0) size 3x13
                RenderText {#text} at (0,0) size 3x13
                  text run at (0,0) width 3: " "
            RenderTableCell {TD} at (63,130) size 7x13 [bgcolor=#CECFCF] [r=10 c=9 rs=1 cs=1]
              RenderInline {FONT} at (0,0) size 3x13
                RenderText {#text} at (0,0) size 3x13
                  text run at (0,0) width 3: " "
            RenderTableCell {TD} at (70,130) size 7x13 [bgcolor=#EDEEEF] [r=10 c=10 rs=1 cs=1]
              RenderInline {FONT} at (0,0) size 3x13
                RenderText {#text} at (0,0) size 3x13
                  text run at (0,0) width 3: " "
            RenderTableCell {TD} at (77,130) size 7x13 [bgcolor=#A4CCCC] [r=10 c=11 rs=1 cs=1]
              RenderInline {FONT} at (0,0) size 3x13
                RenderText {#text} at (0,0) size 3x13
                  text run at (0,0) width 3: " "
            RenderTableCell {TD} at (84,130) size 7x13 [bgcolor=#1A6B6A] [r=10 c=12 rs=1 cs=1]
              RenderInline {FONT} at (0,0) size 3x13
                RenderText {#text} at (0,0) size 3x13
                  text run at (0,0) width 3: " "
            RenderTableCell {TD} at (91,130) size 7x13 [bgcolor=#044140] [r=10 c=13 rs=1 cs=1]
              RenderInline {FONT} at (0,0) size 3x13
                RenderText {#text} at (0,0) size 3x13
                  text run at (0,0) width 3: " "
            RenderTableCell {TD} at (98,130) size 7x13 [bgcolor=#223C3D] [r=10 c=14 rs=1 cs=1]
              RenderInline {FONT} at (0,0) size 3x13
                RenderText {#text} at (0,0) size 3x13
                  text run at (0,0) width 3: " "
            RenderTableCell {TD} at (105,130) size 7x13 [bgcolor=#848788] [r=10 c=15 rs=1 cs=1]
              RenderInline {FONT} at (0,0) size 3x13
                RenderText {#text} at (0,0) size 3x13
                  text run at (0,0) width 3: " "
            RenderTableCell {TD} at (112,130) size 8x13 [bgcolor=#FDFDFB] [r=10 c=16 rs=1 cs=1]
              RenderInline {FONT} at (0,0) size 3x13
                RenderText {#text} at (0,0) size 3x13
                  text run at (0,0) width 3: " "
            RenderTableCell {TD} at (120,130) size 8x13 [bgcolor=#FDFDFB] [r=10 c=17 rs=1 cs=1]
              RenderInline {FONT} at (0,0) size 3x13
                RenderText {#text} at (0,0) size 3x13
                  text run at (0,0) width 3: " "
            RenderTableCell {TD} at (128,130) size 8x13 [bgcolor=#2D3433] [r=10 c=18 rs=1 cs=1]
              RenderInline {FONT} at (0,0) size 3x13
                RenderText {#text} at (0,0) size 3x13
                  text run at (0,0) width 3: " "
            RenderTableCell {TD} at (136,130) size 8x13 [bgcolor=#1E7A79] [r=10 c=19 rs=1 cs=1]
              RenderInline {FONT} at (0,0) size 3x13
                RenderText {#text} at (0,0) size 3x13
                  text run at (0,0) width 3: " "
            RenderTableCell {TD} at (144,130) size 8x13 [bgcolor=#027777] [r=10 c=20 rs=1 cs=1]
              RenderInline {FONT} at (0,0) size 3x13
                RenderText {#text} at (0,0) size 3x13
                  text run at (0,0) width 3: " "
            RenderTableCell {TD} at (152,130) size 8x13 [bgcolor=#349392] [r=10 c=21 rs=1 cs=1]
              RenderInline {FONT} at (0,0) size 3x13
                RenderText {#text} at (0,0) size 3x13
                  text run at (0,0) width 3: " "
            RenderTableCell {TD} at (160,130) size 8x13 [bgcolor=#CADEDD] [r=10 c=22 rs=1 cs=1]
              RenderInline {FONT} at (0,0) size 3x13
                RenderText {#text} at (0,0) size 3x13
                  text run at (0,0) width 3: " "
            RenderTableCell {TD} at (168,130) size 8x13 [bgcolor=#EDEEEF] [r=10 c=23 rs=1 cs=1]
              RenderInline {FONT} at (0,0) size 3x13
                RenderText {#text} at (0,0) size 3x13
                  text run at (0,0) width 3: " "
            RenderTableCell {TD} at (176,130) size 8x13 [bgcolor=#BEC2C2] [r=10 c=24 rs=1 cs=1]
              RenderInline {FONT} at (0,0) size 3x13
                RenderText {#text} at (0,0) size 3x13
                  text run at (0,0) width 3: " "
            RenderTableCell {TD} at (184,130) size 8x13 [bgcolor=#939494] [r=10 c=25 rs=1 cs=1]
              RenderInline {FONT} at (0,0) size 3x13
                RenderText {#text} at (0,0) size 3x13
                  text run at (0,0) width 3: " "
            RenderTableCell {TD} at (192,130) size 8x13 [bgcolor=#848788] [r=10 c=26 rs=1 cs=1]
              RenderInline {FONT} at (0,0) size 3x13
                RenderText {#text} at (0,0) size 3x13
                  text run at (0,0) width 3: " "
            RenderTableCell {TD} at (200,130) size 8x13 [bgcolor=#939494] [r=10 c=27 rs=1 cs=1]
              RenderInline {FONT} at (0,0) size 3x13
                RenderText {#text} at (0,0) size 3x13
                  text run at (0,0) width 3: " "
            RenderTableCell {TD} at (208,130) size 8x13 [bgcolor=#BEC2C2] [r=10 c=28 rs=1 cs=1]
              RenderInline {FONT} at (0,0) size 3x13
                RenderText {#text} at (0,0) size 3x13
                  text run at (0,0) width 3: " "
            RenderTableCell {TD} at (216,130) size 8x13 [bgcolor=#EDEEEF] [r=10 c=29 rs=1 cs=1]
              RenderInline {FONT} at (0,0) size 3x13
                RenderText {#text} at (0,0) size 3x13
                  text run at (0,0) width 3: " "
            RenderTableCell {TD} at (224,130) size 8x13 [bgcolor=#CADEDD] [r=10 c=30 rs=1 cs=1]
              RenderInline {FONT} at (0,0) size 3x13
                RenderText {#text} at (0,0) size 3x13
                  text run at (0,0) width 3: " "
            RenderTableCell {TD} at (232,130) size 8x13 [bgcolor=#447877] [r=10 c=31 rs=1 cs=1]
              RenderInline {FONT} at (0,0) size 3x13
                RenderText {#text} at (0,0) size 3x13
                  text run at (0,0) width 3: " "
            RenderTableCell {TD} at (240,130) size 8x13 [bgcolor=#044140] [r=10 c=32 rs=1 cs=1]
              RenderInline {FONT} at (0,0) size 3x13
                RenderText {#text} at (0,0) size 3x13
                  text run at (0,0) width 3: " "
            RenderTableCell {TD} at (248,130) size 8x13 [bgcolor=#5E5F60] [r=10 c=33 rs=1 cs=1]
              RenderInline {FONT} at (0,0) size 3x13
                RenderText {#text} at (0,0) size 3x13
                  text run at (0,0) width 3: " "
            RenderTableCell {TD} at (256,130) size 8x13 [bgcolor=#777878] [r=10 c=34 rs=1 cs=1]
              RenderInline {FONT} at (0,0) size 3x13
                RenderText {#text} at (0,0) size 3x13
                  text run at (0,0) width 3: " "
            RenderTableCell {TD} at (264,130) size 8x13 [bgcolor=#B4B4B4] [r=10 c=35 rs=1 cs=1]
              RenderInline {FONT} at (0,0) size 3x13
                RenderText {#text} at (0,0) size 3x13
                  text run at (0,0) width 3: " "
            RenderTableCell {TD} at (272,130) size 8x13 [bgcolor=#E0EAE9] [r=10 c=36 rs=1 cs=1]
              RenderInline {FONT} at (0,0) size 3x13
                RenderText {#text} at (0,0) size 3x13
                  text run at (0,0) width 3: " "
            RenderTableCell {TD} at (280,130) size 8x13 [bgcolor=#EDEEEF] [r=10 c=37 rs=1 cs=1]
              RenderInline {FONT} at (0,0) size 3x13
                RenderText {#text} at (0,0) size 3x13
                  text run at (0,0) width 3: " "
            RenderTableCell {TD} at (288,130) size 8x13 [bgcolor=#A5A6A6] [r=10 c=38 rs=1 cs=1]
              RenderInline {FONT} at (0,0) size 3x13
                RenderText {#text} at (0,0) size 3x13
                  text run at (0,0) width 3: " "
            RenderTableCell {TD} at (296,130) size 8x13 [bgcolor=#848788] [r=10 c=39 rs=1 cs=1]
              RenderInline {FONT} at (0,0) size 3x13
                RenderText {#text} at (0,0) size 3x13
                  text run at (0,0) width 3: " "
            RenderTableCell {TD} at (304,130) size 8x13 [bgcolor=#848788] [r=10 c=40 rs=1 cs=1]
              RenderInline {FONT} at (0,0) size 3x13
                RenderText {#text} at (0,0) size 3x13
                  text run at (0,0) width 3: " "
            RenderTableCell {TD} at (312,130) size 8x13 [bgcolor=#A5A6A6] [r=10 c=41 rs=1 cs=1]
              RenderInline {FONT} at (0,0) size 3x13
                RenderText {#text} at (0,0) size 3x13
                  text run at (0,0) width 3: " "
            RenderTableCell {TD} at (320,130) size 8x13 [bgcolor=#E0EAE9] [r=10 c=42 rs=1 cs=1]
              RenderInline {FONT} at (0,0) size 3x13
                RenderText {#text} at (0,0) size 3x13
                  text run at (0,0) width 3: " "
            RenderTableCell {TD} at (328,130) size 8x13 [bgcolor=#E0EAE9] [r=10 c=43 rs=1 cs=1]
              RenderInline {FONT} at (0,0) size 3x13
                RenderText {#text} at (0,0) size 3x13
                  text run at (0,0) width 3: " "
            RenderTableCell {TD} at (336,130) size 8x13 [bgcolor=#589594] [r=10 c=44 rs=1 cs=1]
              RenderInline {FONT} at (0,0) size 3x13
                RenderText {#text} at (0,0) size 3x13
                  text run at (0,0) width 3: " "
            RenderTableCell {TD} at (344,130) size 8x13 [bgcolor=#026766] [r=10 c=45 rs=1 cs=1]
              RenderInline {FONT} at (0,0) size 3x13
                RenderText {#text} at (0,0) size 3x13
                  text run at (0,0) width 3: " "
            RenderTableCell {TD} at (352,130) size 8x13 [bgcolor=#026766] [r=10 c=46 rs=1 cs=1]
              RenderInline {FONT} at (0,0) size 3x13
                RenderText {#text} at (0,0) size 3x13
                  text run at (0,0) width 3: " "
            RenderTableCell {TD} at (360,130) size 8x13 [bgcolor=#1A6B6A] [r=10 c=47 rs=1 cs=1]
              RenderInline {FONT} at (0,0) size 3x13
                RenderText {#text} at (0,0) size 3x13
                  text run at (0,0) width 3: " "
            RenderTableCell {TD} at (368,130) size 8x13 [bgcolor=#B6D0D1] [r=10 c=48 rs=1 cs=1]
              RenderInline {FONT} at (0,0) size 3x13
                RenderText {#text} at (0,0) size 3x13
                  text run at (0,0) width 3: " "
            RenderTableCell {TD} at (376,130) size 8x13 [bgcolor=#FDFDFB] [r=10 c=49 rs=1 cs=1]
              RenderInline {FONT} at (0,0) size 3x13
                RenderText {#text} at (0,0) size 3x13
                  text run at (0,0) width 3: " "
            RenderTableCell {TD} at (384,130) size 8x13 [bgcolor=#CECFCF] [r=10 c=50 rs=1 cs=1]
              RenderInline {FONT} at (0,0) size 3x13
                RenderText {#text} at (0,0) size 3x13
                  text run at (0,0) width 3: " "
            RenderTableCell {TD} at (392,130) size 8x13 [bgcolor=#CECFCF] [r=10 c=51 rs=1 cs=1]
              RenderInline {FONT} at (0,0) size 3x13
                RenderText {#text} at (0,0) size 3x13
                  text run at (0,0) width 3: " "
            RenderTableCell {TD} at (400,130) size 8x13 [bgcolor=#B4B4B4] [r=10 c=52 rs=1 cs=1]
              RenderInline {FONT} at (0,0) size 3x13
                RenderText {#text} at (0,0) size 3x13
                  text run at (0,0) width 3: " "
            RenderTableCell {TD} at (408,130) size 8x13 [bgcolor=#939494] [r=10 c=53 rs=1 cs=1]
              RenderInline {FONT} at (0,0) size 3x13
                RenderText {#text} at (0,0) size 3x13
                  text run at (0,0) width 3: " "
            RenderTableCell {TD} at (416,130) size 8x13 [bgcolor=#848788] [r=10 c=54 rs=1 cs=1]
              RenderInline {FONT} at (0,0) size 3x13
                RenderText {#text} at (0,0) size 3x13
                  text run at (0,0) width 3: " "
            RenderTableCell {TD} at (424,130) size 8x13 [bgcolor=#A5A6A6] [r=10 c=55 rs=1 cs=1]
              RenderInline {FONT} at (0,0) size 3x13
                RenderText {#text} at (0,0) size 3x13
                  text run at (0,0) width 3: " "
            RenderTableCell {TD} at (432,130) size 8x13 [bgcolor=#FDFDFB] [r=10 c=56 rs=1 cs=1]
              RenderInline {FONT} at (0,0) size 3x13
                RenderText {#text} at (0,0) size 3x13
                  text run at (0,0) width 3: " "
            RenderTableCell {TD} at (440,130) size 8x13 [bgcolor=#EDEEEF] [r=10 c=57 rs=1 cs=1]
              RenderInline {FONT} at (0,0) size 3x13
                RenderText {#text} at (0,0) size 3x13
                  text run at (0,0) width 3: " "
            RenderTableCell {TD} at (448,130) size 8x13 [bgcolor=#B4B4B4] [r=10 c=58 rs=1 cs=1]
              RenderInline {FONT} at (0,0) size 3x13
                RenderText {#text} at (0,0) size 3x13
                  text run at (0,0) width 3: " "
            RenderTableCell {TD} at (456,130) size 8x13 [bgcolor=#939494] [r=10 c=59 rs=1 cs=1]
              RenderInline {FONT} at (0,0) size 3x13
                RenderText {#text} at (0,0) size 3x13
                  text run at (0,0) width 3: " "
            RenderTableCell {TD} at (464,130) size 8x13 [bgcolor=#1B8685] [r=10 c=60 rs=1 cs=1]
              RenderInline {FONT} at (0,0) size 3x13
                RenderText {#text} at (0,0) size 3x13
                  text run at (0,0) width 3: " "
            RenderTableCell {TD} at (472,130) size 8x13 [bgcolor=#027777] [r=10 c=61 rs=1 cs=1]
              RenderInline {FONT} at (0,0) size 3x13
                RenderText {#text} at (0,0) size 3x13
                  text run at (0,0) width 3: " "
            RenderTableCell {TD} at (480,130) size 8x13 [bgcolor=#349392] [r=10 c=62 rs=1 cs=1]
              RenderInline {FONT} at (0,0) size 3x13
                RenderText {#text} at (0,0) size 3x13
                  text run at (0,0) width 3: " "
            RenderTableCell {TD} at (488,130) size 8x13 [bgcolor=#B6D0D1] [r=10 c=63 rs=1 cs=1]
              RenderInline {FONT} at (0,0) size 3x13
                RenderText {#text} at (0,0) size 3x13
                  text run at (0,0) width 3: " "
            RenderTableCell {TD} at (496,130) size 8x13 [bgcolor=#EDEEEF] [r=10 c=64 rs=1 cs=1]
              RenderInline {FONT} at (0,0) size 3x13
                RenderText {#text} at (0,0) size 3x13
                  text run at (0,0) width 3: " "
            RenderTableCell {TD} at (504,130) size 8x13 [bgcolor=#CECFCF] [r=10 c=65 rs=1 cs=1]
              RenderInline {FONT} at (0,0) size 3x13
                RenderText {#text} at (0,0) size 3x13
                  text run at (0,0) width 3: " "
            RenderTableCell {TD} at (512,130) size 8x13 [bgcolor=#939494] [r=10 c=66 rs=1 cs=1]
              RenderInline {FONT} at (0,0) size 3x13
                RenderText {#text} at (0,0) size 3x13
                  text run at (0,0) width 3: " "
            RenderTableCell {TD} at (520,130) size 8x13 [bgcolor=#848788] [r=10 c=67 rs=1 cs=1]
              RenderInline {FONT} at (0,0) size 3x13
                RenderText {#text} at (0,0) size 3x13
                  text run at (0,0) width 3: " "
            RenderTableCell {TD} at (528,130) size 8x13 [bgcolor=#939494] [r=10 c=68 rs=1 cs=1]
              RenderInline {FONT} at (0,0) size 3x13
                RenderText {#text} at (0,0) size 3x13
                  text run at (0,0) width 3: " "
            RenderTableCell {TD} at (536,130) size 8x13 [bgcolor=#CECFCF] [r=10 c=69 rs=1 cs=1]
              RenderInline {FONT} at (0,0) size 3x13
                RenderText {#text} at (0,0) size 3x13
                  text run at (0,0) width 3: " "
            RenderTableCell {TD} at (544,130) size 8x13 [bgcolor=#B6D8D7] [r=10 c=70 rs=1 cs=1]
              RenderInline {FONT} at (0,0) size 3x13
                RenderText {#text} at (0,0) size 3x13
                  text run at (0,0) width 3: " "
            RenderTableCell {TD} at (552,130) size 8x13 [bgcolor=#EDEEEF] [r=10 c=71 rs=1 cs=1]
              RenderInline {FONT} at (0,0) size 3x13
                RenderText {#text} at (0,0) size 3x13
                  text run at (0,0) width 3: " "
            RenderTableCell {TD} at (560,130) size 8x13 [bgcolor=#FDFDFB] [r=10 c=72 rs=1 cs=1]
              RenderInline {FONT} at (0,0) size 3x13
                RenderText {#text} at (0,0) size 3x13
                  text run at (0,0) width 3: " "
            RenderTableCell {TD} at (568,130) size 8x13 [bgcolor=#4D4F4F] [r=10 c=73 rs=1 cs=1]
              RenderInline {FONT} at (0,0) size 3x13
                RenderText {#text} at (0,0) size 3x13
                  text run at (0,0) width 3: " "
            RenderTableCell {TD} at (576,130) size 8x13 [bgcolor=#5E5F60] [r=10 c=74 rs=1 cs=1]
              RenderInline {FONT} at (0,0) size 3x13
                RenderText {#text} at (0,0) size 3x13
                  text run at (0,0) width 3: " "
            RenderTableCell {TD} at (584,130) size 8x13 [bgcolor=#848788] [r=10 c=75 rs=1 cs=1]
              RenderInline {FONT} at (0,0) size 3x13
                RenderText {#text} at (0,0) size 3x13
                  text run at (0,0) width 3: " "
            RenderTableCell {TD} at (592,130) size 8x13 [bgcolor=#939494] [r=10 c=76 rs=1 cs=1]
              RenderInline {FONT} at (0,0) size 3x13
                RenderText {#text} at (0,0) size 3x13
                  text run at (0,0) width 3: " "
            RenderTableCell {TD} at (600,130) size 8x13 [bgcolor=#CECFCF] [r=10 c=77 rs=1 cs=1]
              RenderInline {FONT} at (0,0) size 3x13
                RenderText {#text} at (0,0) size 3x13
                  text run at (0,0) width 3: " "
            RenderTableCell {TD} at (608,130) size 8x13 [bgcolor=#EDEEEF] [r=10 c=78 rs=1 cs=1]
              RenderInline {FONT} at (0,0) size 3x13
                RenderText {#text} at (0,0) size 3x13
                  text run at (0,0) width 3: " "
            RenderTableCell {TD} at (616,130) size 8x13 [bgcolor=#DEDFDF] [r=10 c=79 rs=1 cs=1]
              RenderInline {FONT} at (0,0) size 3x13
                RenderText {#text} at (0,0) size 3x13
                  text run at (0,0) width 3: " "
            RenderTableCell {TD} at (624,130) size 8x13 [bgcolor=#A5A6A6] [r=10 c=80 rs=1 cs=1]
              RenderInline {FONT} at (0,0) size 3x13
                RenderText {#text} at (0,0) size 3x13
                  text run at (0,0) width 3: " "
            RenderTableCell {TD} at (632,130) size 8x13 [bgcolor=#848788] [r=10 c=81 rs=1 cs=1]
              RenderInline {FONT} at (0,0) size 3x13
                RenderText {#text} at (0,0) size 3x13
                  text run at (0,0) width 3: " "
            RenderTableCell {TD} at (640,130) size 8x13 [bgcolor=#939494] [r=10 c=82 rs=1 cs=1]
              RenderInline {FONT} at (0,0) size 3x13
                RenderText {#text} at (0,0) size 3x13
                  text run at (0,0) width 3: " "
            RenderTableCell {TD} at (648,130) size 8x13 [bgcolor=#BEC2C2] [r=10 c=83 rs=1 cs=1]
              RenderInline {FONT} at (0,0) size 3x13
                RenderText {#text} at (0,0) size 3x13
                  text run at (0,0) width 3: " "
            RenderTableCell {TD} at (656,130) size 8x13 [bgcolor=#EDEEEF] [r=10 c=84 rs=1 cs=1]
              RenderInline {FONT} at (0,0) size 3x13
                RenderText {#text} at (0,0) size 3x13
                  text run at (0,0) width 3: " "
            RenderTableCell {TD} at (664,130) size 8x13 [bgcolor=#CADEDD] [r=10 c=85 rs=1 cs=1]
              RenderInline {FONT} at (0,0) size 3x13
                RenderText {#text} at (0,0) size 3x13
                  text run at (0,0) width 3: " "
            RenderTableCell {TD} at (672,130) size 8x13 [bgcolor=#589594] [r=10 c=86 rs=1 cs=1]
              RenderInline {FONT} at (0,0) size 3x13
                RenderText {#text} at (0,0) size 3x13
                  text run at (0,0) width 3: " "
            RenderTableCell {TD} at (680,130) size 8x13 [bgcolor=#026766] [r=10 c=87 rs=1 cs=1]
              RenderInline {FONT} at (0,0) size 3x13
                RenderText {#text} at (0,0) size 3x13
                  text run at (0,0) width 3: " "
            RenderTableCell {TD} at (688,130) size 8x13 [bgcolor=#026766] [r=10 c=88 rs=1 cs=1]
              RenderInline {FONT} at (0,0) size 3x13
                RenderText {#text} at (0,0) size 3x13
                  text run at (0,0) width 3: " "
            RenderTableCell {TD} at (696,130) size 8x13 [bgcolor=#7CAEAF] [r=10 c=89 rs=1 cs=1]
              RenderInline {FONT} at (0,0) size 3x13
                RenderText {#text} at (0,0) size 3x13
                  text run at (0,0) width 3: " "
            RenderTableCell {TD} at (704,130) size 8x13 [bgcolor=#CECFCF] [r=10 c=90 rs=1 cs=1]
              RenderInline {FONT} at (0,0) size 3x13
                RenderText {#text} at (0,0) size 3x13
                  text run at (0,0) width 3: " "
            RenderTableCell {TD} at (712,130) size 8x13 [bgcolor=#FDFDFB] [r=10 c=91 rs=1 cs=1]
              RenderInline {FONT} at (0,0) size 3x13
                RenderText {#text} at (0,0) size 3x13
                  text run at (0,0) width 3: " "
            RenderTableCell {TD} at (720,130) size 8x13 [bgcolor=#FDFDFB] [r=10 c=92 rs=1 cs=1]
              RenderInline {FONT} at (0,0) size 3x13
                RenderText {#text} at (0,0) size 3x13
                  text run at (0,0) width 3: " "
            RenderTableCell {TD} at (728,130) size 8x13 [bgcolor=#BEC2C2] [r=10 c=93 rs=1 cs=1]
              RenderInline {FONT} at (0,0) size 3x13
                RenderText {#text} at (0,0) size 3x13
                  text run at (0,0) width 3: " "
            RenderTableCell {TD} at (736,130) size 8x13 [bgcolor=#B4B4B4] [r=10 c=94 rs=1 cs=1]
              RenderInline {FONT} at (0,0) size 3x13
                RenderText {#text} at (0,0) size 3x13
                  text run at (0,0) width 3: " "
            RenderTableCell {TD} at (744,130) size 8x13 [bgcolor=#696A69] [r=10 c=95 rs=1 cs=1]
              RenderInline {FONT} at (0,0) size 3x13
                RenderText {#text} at (0,0) size 3x13
                  text run at (0,0) width 3: " "
            RenderTableCell {TD} at (752,130) size 8x13 [bgcolor=#696A69] [r=10 c=96 rs=1 cs=1]
              RenderInline {FONT} at (0,0) size 3x13
                RenderText {#text} at (0,0) size 3x13
                  text run at (0,0) width 3: " "
            RenderTableCell {TD} at (760,130) size 8x13 [bgcolor=#848788] [r=10 c=97 rs=1 cs=1]
              RenderInline {FONT} at (0,0) size 3x13
                RenderText {#text} at (0,0) size 3x13
                  text run at (0,0) width 3: " "
            RenderTableCell {TD} at (768,130) size 8x13 [bgcolor=#777878] [r=10 c=98 rs=1 cs=1]
              RenderInline {FONT} at (0,0) size 3x13
                RenderText {#text} at (0,0) size 3x13
                  text run at (0,0) width 3: " "
            RenderTableCell {TD} at (776,130) size 8x13 [bgcolor=#4D4F4F] [r=10 c=99 rs=1 cs=1]
              RenderInline {FONT} at (0,0) size 3x13
                RenderText {#text} at (0,0) size 3x13
                  text run at (0,0) width 3: " "
          RenderTableRow {TR} at (0,143) size 784x13
            RenderTableCell {TD} at (0,143) size 7x13 [bgcolor=#A4CCCC] [r=11 c=0 rs=1 cs=1]
              RenderInline {FONT} at (0,0) size 3x13
                RenderText {#text} at (0,0) size 3x13
                  text run at (0,0) width 3: " "
            RenderTableCell {TD} at (7,143) size 7x13 [bgcolor=#048485] [r=11 c=1 rs=1 cs=1]
              RenderInline {FONT} at (0,0) size 3x13
                RenderText {#text} at (0,0) size 3x13
                  text run at (0,0) width 3: " "
            RenderTableCell {TD} at (14,143) size 7x13 [bgcolor=#7DBAB9] [r=11 c=2 rs=1 cs=1]
              RenderInline {FONT} at (0,0) size 3x13
                RenderText {#text} at (0,0) size 3x13
                  text run at (0,0) width 3: " "
            RenderTableCell {TD} at (21,143) size 7x13 [bgcolor=#FDFDFB] [r=11 c=3 rs=1 cs=1]
              RenderInline {FONT} at (0,0) size 3x13
                RenderText {#text} at (0,0) size 3x13
                  text run at (0,0) width 3: " "
            RenderTableCell {TD} at (28,143) size 7x13 [bgcolor=#CECFCF] [r=11 c=4 rs=1 cs=1]
              RenderInline {FONT} at (0,0) size 3x13
                RenderText {#text} at (0,0) size 3x13
                  text run at (0,0) width 3: " "
            RenderTableCell {TD} at (35,143) size 7x13 [bgcolor=#072323] [r=11 c=5 rs=1 cs=1]
              RenderInline {FONT} at (0,0) size 3x13
                RenderText {#text} at (0,0) size 3x13
                  text run at (0,0) width 3: " "
            RenderTableCell {TD} at (42,143) size 7x13 [bgcolor=#044140] [r=11 c=6 rs=1 cs=1]
              RenderInline {FONT} at (0,0) size 3x13
                RenderText {#text} at (0,0) size 3x13
                  text run at (0,0) width 3: " "
            RenderTableCell {TD} at (49,143) size 7x13 [bgcolor=#044F4F] [r=11 c=7 rs=1 cs=1]
              RenderInline {FONT} at (0,0) size 3x13
                RenderText {#text} at (0,0) size 3x13
                  text run at (0,0) width 3: " "
            RenderTableCell {TD} at (56,143) size 7x13 [bgcolor=#044F4F] [r=11 c=8 rs=1 cs=1]
              RenderInline {FONT} at (0,0) size 3x13
                RenderText {#text} at (0,0) size 3x13
                  text run at (0,0) width 3: " "
            RenderTableCell {TD} at (63,143) size 7x13 [bgcolor=#044F4F] [r=11 c=9 rs=1 cs=1]
              RenderInline {FONT} at (0,0) size 3x13
                RenderText {#text} at (0,0) size 3x13
                  text run at (0,0) width 3: " "
            RenderTableCell {TD} at (70,143) size 7x13 [bgcolor=#A2B5B4] [r=11 c=10 rs=1 cs=1]
              RenderInline {FONT} at (0,0) size 3x13
                RenderText {#text} at (0,0) size 3x13
                  text run at (0,0) width 3: " "
            RenderTableCell {TD} at (77,143) size 7x13 [bgcolor=#BEC2C2] [r=11 c=11 rs=1 cs=1]
              RenderInline {FONT} at (0,0) size 3x13
                RenderText {#text} at (0,0) size 3x13
                  text run at (0,0) width 3: " "
            RenderTableCell {TD} at (84,143) size 7x13 [bgcolor=#647979] [r=11 c=12 rs=1 cs=1]
              RenderInline {FONT} at (0,0) size 3x13
                RenderText {#text} at (0,0) size 3x13
                  text run at (0,0) width 3: " "
            RenderTableCell {TD} at (91,143) size 7x13 [bgcolor=#044140] [r=11 c=13 rs=1 cs=1]
              RenderInline {FONT} at (0,0) size 3x13
                RenderText {#text} at (0,0) size 3x13
                  text run at (0,0) width 3: " "
            RenderTableCell {TD} at (98,143) size 7x13 [bgcolor=#223C3D] [r=11 c=14 rs=1 cs=1]
              RenderInline {FONT} at (0,0) size 3x13
                RenderText {#text} at (0,0) size 3x13
                  text run at (0,0) width 3: " "
            RenderTableCell {TD} at (105,143) size 7x13 [bgcolor=#848788] [r=11 c=15 rs=1 cs=1]
              RenderInline {FONT} at (0,0) size 3x13
                RenderText {#text} at (0,0) size 3x13
                  text run at (0,0) width 3: " "
            RenderTableCell {TD} at (112,143) size 8x13 [bgcolor=#FDFDFB] [r=11 c=16 rs=1 cs=1]
              RenderInline {FONT} at (0,0) size 3x13
                RenderText {#text} at (0,0) size 3x13
                  text run at (0,0) width 3: " "
            RenderTableCell {TD} at (120,143) size 8x13 [bgcolor=#FDFDFB] [r=11 c=17 rs=1 cs=1]
              RenderInline {FONT} at (0,0) size 3x13
                RenderText {#text} at (0,0) size 3x13
                  text run at (0,0) width 3: " "
            RenderTableCell {TD} at (128,143) size 8x13 [bgcolor=#2D3433] [r=11 c=18 rs=1 cs=1]
              RenderInline {FONT} at (0,0) size 3x13
                RenderText {#text} at (0,0) size 3x13
                  text run at (0,0) width 3: " "
            RenderTableCell {TD} at (136,143) size 8x13 [bgcolor=#1E7A79] [r=11 c=19 rs=1 cs=1]
              RenderInline {FONT} at (0,0) size 3x13
                RenderText {#text} at (0,0) size 3x13
                  text run at (0,0) width 3: " "
            RenderTableCell {TD} at (144,143) size 8x13 [bgcolor=#027777] [r=11 c=20 rs=1 cs=1]
              RenderInline {FONT} at (0,0) size 3x13
                RenderText {#text} at (0,0) size 3x13
                  text run at (0,0) width 3: " "
            RenderTableCell {TD} at (152,143) size 8x13 [bgcolor=#A4CCCC] [r=11 c=21 rs=1 cs=1]
              RenderInline {FONT} at (0,0) size 3x13
                RenderText {#text} at (0,0) size 3x13
                  text run at (0,0) width 3: " "
            RenderTableCell {TD} at (160,143) size 8x13 [bgcolor=#DEDFDF] [r=11 c=22 rs=1 cs=1]
              RenderInline {FONT} at (0,0) size 3x13
                RenderText {#text} at (0,0) size 3x13
                  text run at (0,0) width 3: " "
            RenderTableCell {TD} at (168,143) size 8x13 [bgcolor=#848788] [r=11 c=23 rs=1 cs=1]
              RenderInline {FONT} at (0,0) size 3x13
                RenderText {#text} at (0,0) size 3x13
                  text run at (0,0) width 3: " "
            RenderTableCell {TD} at (176,143) size 8x13 [bgcolor=#072323] [r=11 c=24 rs=1 cs=1]
              RenderInline {FONT} at (0,0) size 3x13
                RenderText {#text} at (0,0) size 3x13
                  text run at (0,0) width 3: " "
            RenderTableCell {TD} at (184,143) size 8x13 [bgcolor=#044140] [r=11 c=25 rs=1 cs=1]
              RenderInline {FONT} at (0,0) size 3x13
                RenderText {#text} at (0,0) size 3x13
                  text run at (0,0) width 3: " "
            RenderTableCell {TD} at (192,143) size 8x13 [bgcolor=#044F4F] [r=11 c=26 rs=1 cs=1]
              RenderInline {FONT} at (0,0) size 3x13
                RenderText {#text} at (0,0) size 3x13
                  text run at (0,0) width 3: " "
            RenderTableCell {TD} at (200,143) size 8x13 [bgcolor=#044F4F] [r=11 c=27 rs=1 cs=1]
              RenderInline {FONT} at (0,0) size 3x13
                RenderText {#text} at (0,0) size 3x13
                  text run at (0,0) width 3: " "
            RenderTableCell {TD} at (208,143) size 8x13 [bgcolor=#044F4F] [r=11 c=28 rs=1 cs=1]
              RenderInline {FONT} at (0,0) size 3x13
                RenderText {#text} at (0,0) size 3x13
                  text run at (0,0) width 3: " "
            RenderTableCell {TD} at (216,143) size 8x13 [bgcolor=#A2B5B4] [r=11 c=29 rs=1 cs=1]
              RenderInline {FONT} at (0,0) size 3x13
                RenderText {#text} at (0,0) size 3x13
                  text run at (0,0) width 3: " "
            RenderTableCell {TD} at (224,143) size 8x13 [bgcolor=#FDFDFB] [r=11 c=30 rs=1 cs=1]
              RenderInline {FONT} at (0,0) size 3x13
                RenderText {#text} at (0,0) size 3x13
                  text run at (0,0) width 3: " "
            RenderTableCell {TD} at (232,143) size 8x13 [bgcolor=#A2B5B4] [r=11 c=31 rs=1 cs=1]
              RenderInline {FONT} at (0,0) size 3x13
                RenderText {#text} at (0,0) size 3x13
                  text run at (0,0) width 3: " "
            RenderTableCell {TD} at (240,143) size 8x13 [bgcolor=#083131] [r=11 c=32 rs=1 cs=1]
              RenderInline {FONT} at (0,0) size 3x13
                RenderText {#text} at (0,0) size 3x13
                  text run at (0,0) width 3: " "
            RenderTableCell {TD} at (248,143) size 8x13 [bgcolor=#515C5B] [r=11 c=33 rs=1 cs=1]
              RenderInline {FONT} at (0,0) size 3x13
                RenderText {#text} at (0,0) size 3x13
                  text run at (0,0) width 3: " "
            RenderTableCell {TD} at (256,143) size 8x13 [bgcolor=#848788] [r=11 c=34 rs=1 cs=1]
              RenderInline {FONT} at (0,0) size 3x13
                RenderText {#text} at (0,0) size 3x13
                  text run at (0,0) width 3: " "
            RenderTableCell {TD} at (264,143) size 8x13 [bgcolor=#EDEEEF] [r=11 c=35 rs=1 cs=1]
              RenderInline {FONT} at (0,0) size 3x13
                RenderText {#text} at (0,0) size 3x13
                  text run at (0,0) width 3: " "
            RenderTableCell {TD} at (272,143) size 8x13 [bgcolor=#FDFDFB] [r=11 c=36 rs=1 cs=1]
              RenderInline {FONT} at (0,0) size 3x13
                RenderText {#text} at (0,0) size 3x13
                  text run at (0,0) width 3: " "
            RenderTableCell {TD} at (280,143) size 8x13 [bgcolor=#5E5F60] [r=11 c=37 rs=1 cs=1]
              RenderInline {FONT} at (0,0) size 3x13
                RenderText {#text} at (0,0) size 3x13
                  text run at (0,0) width 3: " "
            RenderTableCell {TD} at (288,143) size 8x13 [bgcolor=#083131] [r=11 c=38 rs=1 cs=1]
              RenderInline {FONT} at (0,0) size 3x13
                RenderText {#text} at (0,0) size 3x13
                  text run at (0,0) width 3: " "
            RenderTableCell {TD} at (296,143) size 8x13 [bgcolor=#044F4F] [r=11 c=39 rs=1 cs=1]
              RenderInline {FONT} at (0,0) size 3x13
                RenderText {#text} at (0,0) size 3x13
                  text run at (0,0) width 3: " "
            RenderTableCell {TD} at (304,143) size 8x13 [bgcolor=#044F4F] [r=11 c=40 rs=1 cs=1]
              RenderInline {FONT} at (0,0) size 3x13
                RenderText {#text} at (0,0) size 3x13
                  text run at (0,0) width 3: " "
            RenderTableCell {TD} at (312,143) size 8x13 [bgcolor=#044F4F] [r=11 c=41 rs=1 cs=1]
              RenderInline {FONT} at (0,0) size 3x13
                RenderText {#text} at (0,0) size 3x13
                  text run at (0,0) width 3: " "
            RenderTableCell {TD} at (320,143) size 8x13 [bgcolor=#396B6A] [r=11 c=42 rs=1 cs=1]
              RenderInline {FONT} at (0,0) size 3x13
                RenderText {#text} at (0,0) size 3x13
                  text run at (0,0) width 3: " "
            RenderTableCell {TD} at (328,143) size 8x13 [bgcolor=#CECFCF] [r=11 c=43 rs=1 cs=1]
              RenderInline {FONT} at (0,0) size 3x13
                RenderText {#text} at (0,0) size 3x13
                  text run at (0,0) width 3: " "
            RenderTableCell {TD} at (336,143) size 8x13 [bgcolor=#A5A6A6] [r=11 c=44 rs=1 cs=1]
              RenderInline {FONT} at (0,0) size 3x13
                RenderText {#text} at (0,0) size 3x13
                  text run at (0,0) width 3: " "
            RenderTableCell {TD} at (344,143) size 8x13 [bgcolor=#1A5C5C] [r=11 c=45 rs=1 cs=1]
              RenderInline {FONT} at (0,0) size 3x13
                RenderText {#text} at (0,0) size 3x13
                  text run at (0,0) width 3: " "
            RenderTableCell {TD} at (352,143) size 8x13 [bgcolor=#026766] [r=11 c=46 rs=1 cs=1]
              RenderInline {FONT} at (0,0) size 3x13
                RenderText {#text} at (0,0) size 3x13
                  text run at (0,0) width 3: " "
            RenderTableCell {TD} at (360,143) size 8x13 [bgcolor=#1A6B6A] [r=11 c=47 rs=1 cs=1]
              RenderInline {FONT} at (0,0) size 3x13
                RenderText {#text} at (0,0) size 3x13
                  text run at (0,0) width 3: " "
            RenderTableCell {TD} at (368,143) size 8x13 [bgcolor=#B6D0D1] [r=11 c=48 rs=1 cs=1]
              RenderInline {FONT} at (0,0) size 3x13
                RenderText {#text} at (0,0) size 3x13
                  text run at (0,0) width 3: " "
            RenderTableCell {TD} at (376,143) size 8x13 [bgcolor=#FDFDFB] [r=11 c=49 rs=1 cs=1]
              RenderInline {FONT} at (0,0) size 3x13
                RenderText {#text} at (0,0) size 3x13
                  text run at (0,0) width 3: " "
            RenderTableCell {TD} at (384,143) size 8x13 [bgcolor=#EDEEEF] [r=11 c=50 rs=1 cs=1]
              RenderInline {FONT} at (0,0) size 3x13
                RenderText {#text} at (0,0) size 3x13
                  text run at (0,0) width 3: " "
            RenderTableCell {TD} at (392,143) size 8x13 [bgcolor=#4D4F4F] [r=11 c=51 rs=1 cs=1]
              RenderInline {FONT} at (0,0) size 3x13
                RenderText {#text} at (0,0) size 3x13
                  text run at (0,0) width 3: " "
            RenderTableCell {TD} at (400,143) size 8x13 [bgcolor=#1C2524] [r=11 c=52 rs=1 cs=1]
              RenderInline {FONT} at (0,0) size 3x13
                RenderText {#text} at (0,0) size 3x13
                  text run at (0,0) width 3: " "
            RenderTableCell {TD} at (408,143) size 8x13 [bgcolor=#3D4242] [r=11 c=53 rs=1 cs=1]
              RenderInline {FONT} at (0,0) size 3x13
                RenderText {#text} at (0,0) size 3x13
                  text run at (0,0) width 3: " "
            RenderTableCell {TD} at (416,143) size 8x13 [bgcolor=#696A69] [r=11 c=54 rs=1 cs=1]
              RenderInline {FONT} at (0,0) size 3x13
                RenderText {#text} at (0,0) size 3x13
                  text run at (0,0) width 3: " "
            RenderTableCell {TD} at (424,143) size 8x13 [bgcolor=#777878] [r=11 c=55 rs=1 cs=1]
              RenderInline {FONT} at (0,0) size 3x13
                RenderText {#text} at (0,0) size 3x13
                  text run at (0,0) width 3: " "
            RenderTableCell {TD} at (432,143) size 8x13 [bgcolor=#B4B4B4] [r=11 c=56 rs=1 cs=1]
              RenderInline {FONT} at (0,0) size 3x13
                RenderText {#text} at (0,0) size 3x13
                  text run at (0,0) width 3: " "
            RenderTableCell {TD} at (440,143) size 8x13 [bgcolor=#FDFDFB] [r=11 c=57 rs=1 cs=1]
              RenderInline {FONT} at (0,0) size 3x13
                RenderText {#text} at (0,0) size 3x13
                  text run at (0,0) width 3: " "
            RenderTableCell {TD} at (448,143) size 8x13 [bgcolor=#EDEEEF] [r=11 c=58 rs=1 cs=1]
              RenderInline {FONT} at (0,0) size 3x13
                RenderText {#text} at (0,0) size 3x13
                  text run at (0,0) width 3: " "
            RenderTableCell {TD} at (456,143) size 8x13 [bgcolor=#696A69] [r=11 c=59 rs=1 cs=1]
              RenderInline {FONT} at (0,0) size 3x13
                RenderText {#text} at (0,0) size 3x13
                  text run at (0,0) width 3: " "
            RenderTableCell {TD} at (464,143) size 8x13 [bgcolor=#1B8685] [r=11 c=60 rs=1 cs=1]
              RenderInline {FONT} at (0,0) size 3x13
                RenderText {#text} at (0,0) size 3x13
                  text run at (0,0) width 3: " "
            RenderTableCell {TD} at (472,143) size 8x13 [bgcolor=#1B8685] [r=11 c=61 rs=1 cs=1]
              RenderInline {FONT} at (0,0) size 3x13
                RenderText {#text} at (0,0) size 3x13
                  text run at (0,0) width 3: " "
            RenderTableCell {TD} at (480,143) size 8x13 [bgcolor=#E0EAE9] [r=11 c=62 rs=1 cs=1]
              RenderInline {FONT} at (0,0) size 3x13
                RenderText {#text} at (0,0) size 3x13
                  text run at (0,0) width 3: " "
            RenderTableCell {TD} at (488,143) size 8x13 [bgcolor=#FDFDFB] [r=11 c=63 rs=1 cs=1]
              RenderInline {FONT} at (0,0) size 3x13
                RenderText {#text} at (0,0) size 3x13
                  text run at (0,0) width 3: " "
            RenderTableCell {TD} at (496,143) size 8x13 [bgcolor=#777878] [r=11 c=64 rs=1 cs=1]
              RenderInline {FONT} at (0,0) size 3x13
                RenderText {#text} at (0,0) size 3x13
                  text run at (0,0) width 3: " "
            RenderTableCell {TD} at (504,143) size 8x13 [bgcolor=#072323] [r=11 c=65 rs=1 cs=1]
              RenderInline {FONT} at (0,0) size 3x13
                RenderText {#text} at (0,0) size 3x13
                  text run at (0,0) width 3: " "
            RenderTableCell {TD} at (512,143) size 8x13 [bgcolor=#044140] [r=11 c=66 rs=1 cs=1]
              RenderInline {FONT} at (0,0) size 3x13
                RenderText {#text} at (0,0) size 3x13
                  text run at (0,0) width 3: " "
            RenderTableCell {TD} at (520,143) size 8x13 [bgcolor=#044F4F] [r=11 c=67 rs=1 cs=1]
              RenderInline {FONT} at (0,0) size 3x13
                RenderText {#text} at (0,0) size 3x13
                  text run at (0,0) width 3: " "
            RenderTableCell {TD} at (528,143) size 8x13 [bgcolor=#044F4F] [r=11 c=68 rs=1 cs=1]
              RenderInline {FONT} at (0,0) size 3x13
                RenderText {#text} at (0,0) size 3x13
                  text run at (0,0) width 3: " "
            RenderTableCell {TD} at (536,143) size 8x13 [bgcolor=#1A5C5C] [r=11 c=69 rs=1 cs=1]
              RenderInline {FONT} at (0,0) size 3x13
                RenderText {#text} at (0,0) size 3x13
                  text run at (0,0) width 3: " "
            RenderTableCell {TD} at (544,143) size 8x13 [bgcolor=#A2B5B4] [r=11 c=70 rs=1 cs=1]
              RenderInline {FONT} at (0,0) size 3x13
                RenderText {#text} at (0,0) size 3x13
                  text run at (0,0) width 3: " "
            RenderTableCell {TD} at (552,143) size 8x13 [bgcolor=#FDFDFB] [r=11 c=71 rs=1 cs=1]
              RenderInline {FONT} at (0,0) size 3x13
                RenderText {#text} at (0,0) size 3x13
                  text run at (0,0) width 3: " "
            RenderTableCell {TD} at (560,143) size 8x13 [bgcolor=#FDFDFB] [r=11 c=72 rs=1 cs=1]
              RenderInline {FONT} at (0,0) size 3x13
                RenderText {#text} at (0,0) size 3x13
                  text run at (0,0) width 3: " "
            RenderTableCell {TD} at (568,143) size 8x13 [bgcolor=#4D4F4F] [r=11 c=73 rs=1 cs=1]
              RenderInline {FONT} at (0,0) size 3x13
                RenderText {#text} at (0,0) size 3x13
                  text run at (0,0) width 3: " "
            RenderTableCell {TD} at (576,143) size 8x13 [bgcolor=#5E5F60] [r=11 c=74 rs=1 cs=1]
              RenderInline {FONT} at (0,0) size 3x13
                RenderText {#text} at (0,0) size 3x13
                  text run at (0,0) width 3: " "
            RenderTableCell {TD} at (584,143) size 8x13 [bgcolor=#848788] [r=11 c=75 rs=1 cs=1]
              RenderInline {FONT} at (0,0) size 3x13
                RenderText {#text} at (0,0) size 3x13
                  text run at (0,0) width 3: " "
            RenderTableCell {TD} at (592,143) size 8x13 [bgcolor=#CECFCF] [r=11 c=76 rs=1 cs=1]
              RenderInline {FONT} at (0,0) size 3x13
                RenderText {#text} at (0,0) size 3x13
                  text run at (0,0) width 3: " "
            RenderTableCell {TD} at (600,143) size 8x13 [bgcolor=#FDFDFB] [r=11 c=77 rs=1 cs=1]
              RenderInline {FONT} at (0,0) size 3x13
                RenderText {#text} at (0,0) size 3x13
                  text run at (0,0) width 3: " "
            RenderTableCell {TD} at (608,143) size 8x13 [bgcolor=#B4B4B4] [r=11 c=78 rs=1 cs=1]
              RenderInline {FONT} at (0,0) size 3x13
                RenderText {#text} at (0,0) size 3x13
                  text run at (0,0) width 3: " "
            RenderTableCell {TD} at (616,143) size 8x13 [bgcolor=#1C2524] [r=11 c=79 rs=1 cs=1]
              RenderInline {FONT} at (0,0) size 3x13
                RenderText {#text} at (0,0) size 3x13
                  text run at (0,0) width 3: " "
            RenderTableCell {TD} at (624,143) size 8x13 [bgcolor=#044140] [r=11 c=80 rs=1 cs=1]
              RenderInline {FONT} at (0,0) size 3x13
                RenderText {#text} at (0,0) size 3x13
                  text run at (0,0) width 3: " "
            RenderTableCell {TD} at (632,143) size 8x13 [bgcolor=#044F4F] [r=11 c=81 rs=1 cs=1]
              RenderInline {FONT} at (0,0) size 3x13
                RenderText {#text} at (0,0) size 3x13
                  text run at (0,0) width 3: " "
            RenderTableCell {TD} at (640,143) size 8x13 [bgcolor=#044F4F] [r=11 c=82 rs=1 cs=1]
              RenderInline {FONT} at (0,0) size 3x13
                RenderText {#text} at (0,0) size 3x13
                  text run at (0,0) width 3: " "
            RenderTableCell {TD} at (648,143) size 8x13 [bgcolor=#044F4F] [r=11 c=83 rs=1 cs=1]
              RenderInline {FONT} at (0,0) size 3x13
                RenderText {#text} at (0,0) size 3x13
                  text run at (0,0) width 3: " "
            RenderTableCell {TD} at (656,143) size 8x13 [bgcolor=#447877] [r=11 c=84 rs=1 cs=1]
              RenderInline {FONT} at (0,0) size 3x13
                RenderText {#text} at (0,0) size 3x13
                  text run at (0,0) width 3: " "
            RenderTableCell {TD} at (664,143) size 8x13 [bgcolor=#EDEEEF] [r=11 c=85 rs=1 cs=1]
              RenderInline {FONT} at (0,0) size 3x13
                RenderText {#text} at (0,0) size 3x13
                  text run at (0,0) width 3: " "
            RenderTableCell {TD} at (672,143) size 8x13 [bgcolor=#FDFDFB] [r=11 c=86 rs=1 cs=1]
              RenderInline {FONT} at (0,0) size 3x13
                RenderText {#text} at (0,0) size 3x13
                  text run at (0,0) width 3: " "
            RenderTableCell {TD} at (680,143) size 8x13 [bgcolor=#5A8787] [r=11 c=87 rs=1 cs=1]
              RenderInline {FONT} at (0,0) size 3x13
                RenderText {#text} at (0,0) size 3x13
                  text run at (0,0) width 3: " "
            RenderTableCell {TD} at (688,143) size 8x13 [bgcolor=#025E5E] [r=11 c=88 rs=1 cs=1]
              RenderInline {FONT} at (0,0) size 3x13
                RenderText {#text} at (0,0) size 3x13
                  text run at (0,0) width 3: " "
            RenderTableCell {TD} at (696,143) size 8x13 [bgcolor=#025E5E] [r=11 c=89 rs=1 cs=1]
              RenderInline {FONT} at (0,0) size 3x13
                RenderText {#text} at (0,0) size 3x13
                  text run at (0,0) width 3: " "
            RenderTableCell {TD} at (704,143) size 8x13 [bgcolor=#396B6A] [r=11 c=90 rs=1 cs=1]
              RenderInline {FONT} at (0,0) size 3x13
                RenderText {#text} at (0,0) size 3x13
                  text run at (0,0) width 3: " "
            RenderTableCell {TD} at (712,143) size 8x13 [bgcolor=#E0EAE9] [r=11 c=91 rs=1 cs=1]
              RenderInline {FONT} at (0,0) size 3x13
                RenderText {#text} at (0,0) size 3x13
                  text run at (0,0) width 3: " "
            RenderTableCell {TD} at (720,143) size 8x13 [bgcolor=#FDFDFB] [r=11 c=92 rs=1 cs=1]
              RenderInline {FONT} at (0,0) size 3x13
                RenderText {#text} at (0,0) size 3x13
                  text run at (0,0) width 3: " "
            RenderTableCell {TD} at (728,143) size 8x13 [bgcolor=#2D3433] [r=11 c=93 rs=1 cs=1]
              RenderInline {FONT} at (0,0) size 3x13
                RenderText {#text} at (0,0) size 3x13
                  text run at (0,0) width 3: " "
            RenderTableCell {TD} at (736,143) size 8x13 [bgcolor=#1C2524] [r=11 c=94 rs=1 cs=1]
              RenderInline {FONT} at (0,0) size 3x13
                RenderText {#text} at (0,0) size 3x13
                  text run at (0,0) width 3: " "
            RenderTableCell {TD} at (744,143) size 8x13 [bgcolor=#3D4242] [r=11 c=95 rs=1 cs=1]
              RenderInline {FONT} at (0,0) size 3x13
                RenderText {#text} at (0,0) size 3x13
                  text run at (0,0) width 3: " "
            RenderTableCell {TD} at (752,143) size 8x13 [bgcolor=#777878] [r=11 c=96 rs=1 cs=1]
              RenderInline {FONT} at (0,0) size 3x13
                RenderText {#text} at (0,0) size 3x13
                  text run at (0,0) width 3: " "
            RenderTableCell {TD} at (760,143) size 8x13 [bgcolor=#848788] [r=11 c=97 rs=1 cs=1]
              RenderInline {FONT} at (0,0) size 3x13
                RenderText {#text} at (0,0) size 3x13
                  text run at (0,0) width 3: " "
            RenderTableCell {TD} at (768,143) size 8x13 [bgcolor=#777878] [r=11 c=98 rs=1 cs=1]
              RenderInline {FONT} at (0,0) size 3x13
                RenderText {#text} at (0,0) size 3x13
                  text run at (0,0) width 3: " "
            RenderTableCell {TD} at (776,143) size 8x13 [bgcolor=#4D4F4F] [r=11 c=99 rs=1 cs=1]
              RenderInline {FONT} at (0,0) size 3x13
                RenderText {#text} at (0,0) size 3x13
                  text run at (0,0) width 3: " "
          RenderTableRow {TR} at (0,156) size 784x13
            RenderTableCell {TD} at (0,156) size 7x13 [bgcolor=#97C1C0] [r=12 c=0 rs=1 cs=1]
              RenderInline {FONT} at (0,0) size 3x13
                RenderText {#text} at (0,0) size 3x13
                  text run at (0,0) width 3: " "
            RenderTableCell {TD} at (7,156) size 7x13 [bgcolor=#027777] [r=12 c=1 rs=1 cs=1]
              RenderInline {FONT} at (0,0) size 3x13
                RenderText {#text} at (0,0) size 3x13
                  text run at (0,0) width 3: " "
            RenderTableCell {TD} at (14,156) size 7x13 [bgcolor=#60A2A3] [r=12 c=2 rs=1 cs=1]
              RenderInline {FONT} at (0,0) size 3x13
                RenderText {#text} at (0,0) size 3x13
                  text run at (0,0) width 3: " "
            RenderTableCell {TD} at (21,156) size 7x13 [bgcolor=#EDEEEF] [r=12 c=3 rs=1 cs=1]
              RenderInline {FONT} at (0,0) size 3x13
                RenderText {#text} at (0,0) size 3x13
                  text run at (0,0) width 3: " "
            RenderTableCell {TD} at (28,156) size 7x13 [bgcolor=#FDFDFB] [r=12 c=4 rs=1 cs=1]
              RenderInline {FONT} at (0,0) size 3x13
                RenderText {#text} at (0,0) size 3x13
                  text run at (0,0) width 3: " "
            RenderTableCell {TD} at (35,156) size 7x13 [bgcolor=#A2B5B4] [r=12 c=5 rs=1 cs=1]
              RenderInline {FONT} at (0,0) size 3x13
                RenderText {#text} at (0,0) size 3x13
                  text run at (0,0) width 3: " "
            RenderTableCell {TD} at (42,156) size 7x13 [bgcolor=#72A3A1] [r=12 c=6 rs=1 cs=1]
              RenderInline {FONT} at (0,0) size 3x13
                RenderText {#text} at (0,0) size 3x13
                  text run at (0,0) width 3: " "
            RenderTableCell {TD} at (49,156) size 7x13 [bgcolor=#469191] [r=12 c=7 rs=1 cs=1]
              RenderInline {FONT} at (0,0) size 3x13
                RenderText {#text} at (0,0) size 3x13
                  text run at (0,0) width 3: " "
            RenderTableCell {TD} at (56,156) size 7x13 [bgcolor=#338686] [r=12 c=8 rs=1 cs=1]
              RenderInline {FONT} at (0,0) size 3x13
                RenderText {#text} at (0,0) size 3x13
                  text run at (0,0) width 3: " "
            RenderTableCell {TD} at (63,156) size 7x13 [bgcolor=#1E7A79] [r=12 c=9 rs=1 cs=1]
              RenderInline {FONT} at (0,0) size 3x13
                RenderText {#text} at (0,0) size 3x13
                  text run at (0,0) width 3: " "
            RenderTableCell {TD} at (70,156) size 7x13 [bgcolor=#1A6B6A] [r=12 c=10 rs=1 cs=1]
              RenderInline {FONT} at (0,0) size 3x13
                RenderText {#text} at (0,0) size 3x13
                  text run at (0,0) width 3: " "
            RenderTableCell {TD} at (77,156) size 7x13 [bgcolor=#044F4F] [r=12 c=11 rs=1 cs=1]
              RenderInline {FONT} at (0,0) size 3x13
                RenderText {#text} at (0,0) size 3x13
                  text run at (0,0) width 3: " "
            RenderTableCell {TD} at (84,156) size 7x13 [bgcolor=#044140] [r=12 c=12 rs=1 cs=1]
              RenderInline {FONT} at (0,0) size 3x13
                RenderText {#text} at (0,0) size 3x13
                  text run at (0,0) width 3: " "
            RenderTableCell {TD} at (91,156) size 7x13 [bgcolor=#044140] [r=12 c=13 rs=1 cs=1]
              RenderInline {FONT} at (0,0) size 3x13
                RenderText {#text} at (0,0) size 3x13
                  text run at (0,0) width 3: " "
            RenderTableCell {TD} at (98,156) size 7x13 [bgcolor=#223C3D] [r=12 c=14 rs=1 cs=1]
              RenderInline {FONT} at (0,0) size 3x13
                RenderText {#text} at (0,0) size 3x13
                  text run at (0,0) width 3: " "
            RenderTableCell {TD} at (105,156) size 7x13 [bgcolor=#848788] [r=12 c=15 rs=1 cs=1]
              RenderInline {FONT} at (0,0) size 3x13
                RenderText {#text} at (0,0) size 3x13
                  text run at (0,0) width 3: " "
            RenderTableCell {TD} at (112,156) size 8x13 [bgcolor=#FDFDFB] [r=12 c=16 rs=1 cs=1]
              RenderInline {FONT} at (0,0) size 3x13
                RenderText {#text} at (0,0) size 3x13
                  text run at (0,0) width 3: " "
            RenderTableCell {TD} at (120,156) size 8x13 [bgcolor=#FDFDFB] [r=12 c=17 rs=1 cs=1]
              RenderInline {FONT} at (0,0) size 3x13
                RenderText {#text} at (0,0) size 3x13
                  text run at (0,0) width 3: " "
            RenderTableCell {TD} at (128,156) size 8x13 [bgcolor=#2D3433] [r=12 c=18 rs=1 cs=1]
              RenderInline {FONT} at (0,0) size 3x13
                RenderText {#text} at (0,0) size 3x13
                  text run at (0,0) width 3: " "
            RenderTableCell {TD} at (136,156) size 8x13 [bgcolor=#1E7A79] [r=12 c=19 rs=1 cs=1]
              RenderInline {FONT} at (0,0) size 3x13
                RenderText {#text} at (0,0) size 3x13
                  text run at (0,0) width 3: " "
            RenderTableCell {TD} at (144,156) size 8x13 [bgcolor=#027777] [r=12 c=20 rs=1 cs=1]
              RenderInline {FONT} at (0,0) size 3x13
                RenderText {#text} at (0,0) size 3x13
                  text run at (0,0) width 3: " "
            RenderTableCell {TD} at (152,156) size 8x13 [bgcolor=#1A6B6A] [r=12 c=21 rs=1 cs=1]
              RenderInline {FONT} at (0,0) size 3x13
                RenderText {#text} at (0,0) size 3x13
                  text run at (0,0) width 3: " "
            RenderTableCell {TD} at (160,156) size 8x13 [bgcolor=#274C4D] [r=12 c=22 rs=1 cs=1]
              RenderInline {FONT} at (0,0) size 3x13
                RenderText {#text} at (0,0) size 3x13
                  text run at (0,0) width 3: " "
            RenderTableCell {TD} at (168,156) size 8x13 [bgcolor=#274C4D] [r=12 c=23 rs=1 cs=1]
              RenderInline {FONT} at (0,0) size 3x13
                RenderText {#text} at (0,0) size 3x13
                  text run at (0,0) width 3: " "
            RenderTableCell {TD} at (176,156) size 8x13 [bgcolor=#287A7A] [r=12 c=24 rs=1 cs=1]
              RenderInline {FONT} at (0,0) size 3x13
                RenderText {#text} at (0,0) size 3x13
                  text run at (0,0) width 3: " "
            RenderTableCell {TD} at (184,156) size 8x13 [bgcolor=#338686] [r=12 c=25 rs=1 cs=1]
              RenderInline {FONT} at (0,0) size 3x13
                RenderText {#text} at (0,0) size 3x13
                  text run at (0,0) width 3: " "
            RenderTableCell {TD} at (192,156) size 8x13 [bgcolor=#338686] [r=12 c=26 rs=1 cs=1]
              RenderInline {FONT} at (0,0) size 3x13
                RenderText {#text} at (0,0) size 3x13
                  text run at (0,0) width 3: " "
            RenderTableCell {TD} at (200,156) size 8x13 [bgcolor=#469191] [r=12 c=27 rs=1 cs=1]
              RenderInline {FONT} at (0,0) size 3x13
                RenderText {#text} at (0,0) size 3x13
                  text run at (0,0) width 3: " "
            RenderTableCell {TD} at (208,156) size 8x13 [bgcolor=#60A2A3] [r=12 c=28 rs=1 cs=1]
              RenderInline {FONT} at (0,0) size 3x13
                RenderText {#text} at (0,0) size 3x13
                  text run at (0,0) width 3: " "
            RenderTableCell {TD} at (216,156) size 8x13 [bgcolor=#CADEDD] [r=12 c=29 rs=1 cs=1]
              RenderInline {FONT} at (0,0) size 3x13
                RenderText {#text} at (0,0) size 3x13
                  text run at (0,0) width 3: " "
            RenderTableCell {TD} at (224,156) size 8x13 [bgcolor=#FDFDFB] [r=12 c=30 rs=1 cs=1]
              RenderInline {FONT} at (0,0) size 3x13
                RenderText {#text} at (0,0) size 3x13
                  text run at (0,0) width 3: " "
            RenderTableCell {TD} at (232,156) size 8x13 [bgcolor=#B4B4B4] [r=12 c=31 rs=1 cs=1]
              RenderInline {FONT} at (0,0) size 3x13
                RenderText {#text} at (0,0) size 3x13
                  text run at (0,0) width 3: " "
            RenderTableCell {TD} at (240,156) size 8x13 [bgcolor=#072323] [r=12 c=32 rs=1 cs=1]
              RenderInline {FONT} at (0,0) size 3x13
                RenderText {#text} at (0,0) size 3x13
                  text run at (0,0) width 3: " "
            RenderTableCell {TD} at (248,156) size 8x13 [bgcolor=#4D4F4F] [r=12 c=33 rs=1 cs=1]
              RenderInline {FONT} at (0,0) size 3x13
                RenderText {#text} at (0,0) size 3x13
                  text run at (0,0) width 3: " "
            RenderTableCell {TD} at (256,156) size 8x13 [bgcolor=#777878] [r=12 c=34 rs=1 cs=1]
              RenderInline {FONT} at (0,0) size 3x13
                RenderText {#text} at (0,0) size 3x13
                  text run at (0,0) width 3: " "
            RenderTableCell {TD} at (264,156) size 8x13 [bgcolor=#CECFCF] [r=12 c=35 rs=1 cs=1]
              RenderInline {FONT} at (0,0) size 3x13
                RenderText {#text} at (0,0) size 3x13
                  text run at (0,0) width 3: " "
            RenderTableCell {TD} at (272,156) size 8x13 [bgcolor=#FDFDFB] [r=12 c=36 rs=1 cs=1]
              RenderInline {FONT} at (0,0) size 3x13
                RenderText {#text} at (0,0) size 3x13
                  text run at (0,0) width 3: " "
            RenderTableCell {TD} at (280,156) size 8x13 [bgcolor=#CECFCF] [r=12 c=37 rs=1 cs=1]
              RenderInline {FONT} at (0,0) size 3x13
                RenderText {#text} at (0,0) size 3x13
                  text run at (0,0) width 3: " "
            RenderTableCell {TD} at (288,156) size 8x13 [bgcolor=#8DB7B6] [r=12 c=38 rs=1 cs=1]
              RenderInline {FONT} at (0,0) size 3x13
                RenderText {#text} at (0,0) size 3x13
                  text run at (0,0) width 3: " "
            RenderTableCell {TD} at (296,156) size 8x13 [bgcolor=#589594] [r=12 c=39 rs=1 cs=1]
              RenderInline {FONT} at (0,0) size 3x13
                RenderText {#text} at (0,0) size 3x13
                  text run at (0,0) width 3: " "
            RenderTableCell {TD} at (304,156) size 8x13 [bgcolor=#338686] [r=12 c=40 rs=1 cs=1]
              RenderInline {FONT} at (0,0) size 3x13
                RenderText {#text} at (0,0) size 3x13
                  text run at (0,0) width 3: " "
            RenderTableCell {TD} at (312,156) size 8x13 [bgcolor=#287A7A] [r=12 c=41 rs=1 cs=1]
              RenderInline {FONT} at (0,0) size 3x13
                RenderText {#text} at (0,0) size 3x13
                  text run at (0,0) width 3: " "
            RenderTableCell {TD} at (320,156) size 8x13 [bgcolor=#1E7A79] [r=12 c=42 rs=1 cs=1]
              RenderInline {FONT} at (0,0) size 3x13
                RenderText {#text} at (0,0) size 3x13
                  text run at (0,0) width 3: " "
            RenderTableCell {TD} at (328,156) size 8x13 [bgcolor=#1A5C5C] [r=12 c=43 rs=1 cs=1]
              RenderInline {FONT} at (0,0) size 3x13
                RenderText {#text} at (0,0) size 3x13
                  text run at (0,0) width 3: " "
            RenderTableCell {TD} at (336,156) size 8x13 [bgcolor=#044F4F] [r=12 c=44 rs=1 cs=1]
              RenderInline {FONT} at (0,0) size 3x13
                RenderText {#text} at (0,0) size 3x13
                  text run at (0,0) width 3: " "
            RenderTableCell {TD} at (344,156) size 8x13 [bgcolor=#044F4F] [r=12 c=45 rs=1 cs=1]
              RenderInline {FONT} at (0,0) size 3x13
                RenderText {#text} at (0,0) size 3x13
                  text run at (0,0) width 3: " "
            RenderTableCell {TD} at (352,156) size 8x13 [bgcolor=#026766] [r=12 c=46 rs=1 cs=1]
              RenderInline {FONT} at (0,0) size 3x13
                RenderText {#text} at (0,0) size 3x13
                  text run at (0,0) width 3: " "
            RenderTableCell {TD} at (360,156) size 8x13 [bgcolor=#1A6B6A] [r=12 c=47 rs=1 cs=1]
              RenderInline {FONT} at (0,0) size 3x13
                RenderText {#text} at (0,0) size 3x13
                  text run at (0,0) width 3: " "
            RenderTableCell {TD} at (368,156) size 8x13 [bgcolor=#B6D0D1] [r=12 c=48 rs=1 cs=1]
              RenderInline {FONT} at (0,0) size 3x13
                RenderText {#text} at (0,0) size 3x13
                  text run at (0,0) width 3: " "
            RenderTableCell {TD} at (376,156) size 8x13 [bgcolor=#FDFDFB] [r=12 c=49 rs=1 cs=1]
              RenderInline {FONT} at (0,0) size 3x13
                RenderText {#text} at (0,0) size 3x13
                  text run at (0,0) width 3: " "
            RenderTableCell {TD} at (384,156) size 8x13 [bgcolor=#A5A6A6] [r=12 c=50 rs=1 cs=1]
              RenderInline {FONT} at (0,0) size 3x13
                RenderText {#text} at (0,0) size 3x13
                  text run at (0,0) width 3: " "
            RenderTableCell {TD} at (392,156) size 8x13 [bgcolor=#072323] [r=12 c=51 rs=1 cs=1]
              RenderInline {FONT} at (0,0) size 3x13
                RenderText {#text} at (0,0) size 3x13
                  text run at (0,0) width 3: " "
            RenderTableCell {TD} at (400,156) size 8x13 [bgcolor=#3D4242] [r=12 c=52 rs=1 cs=1]
              RenderInline {FONT} at (0,0) size 3x13
                RenderText {#text} at (0,0) size 3x13
                  text run at (0,0) width 3: " "
            RenderTableCell {TD} at (408,156) size 8x13 [bgcolor=#696A69] [r=12 c=53 rs=1 cs=1]
              RenderInline {FONT} at (0,0) size 3x13
                RenderText {#text} at (0,0) size 3x13
                  text run at (0,0) width 3: " "
            RenderTableCell {TD} at (416,156) size 8x13 [bgcolor=#848788] [r=12 c=54 rs=1 cs=1]
              RenderInline {FONT} at (0,0) size 3x13
                RenderText {#text} at (0,0) size 3x13
                  text run at (0,0) width 3: " "
            RenderTableCell {TD} at (424,156) size 8x13 [bgcolor=#939494] [r=12 c=55 rs=1 cs=1]
              RenderInline {FONT} at (0,0) size 3x13
                RenderText {#text} at (0,0) size 3x13
                  text run at (0,0) width 3: " "
            RenderTableCell {TD} at (432,156) size 8x13 [bgcolor=#B4B4B4] [r=12 c=56 rs=1 cs=1]
              RenderInline {FONT} at (0,0) size 3x13
                RenderText {#text} at (0,0) size 3x13
                  text run at (0,0) width 3: " "
            RenderTableCell {TD} at (440,156) size 8x13 [bgcolor=#FDFDFB] [r=12 c=57 rs=1 cs=1]
              RenderInline {FONT} at (0,0) size 3x13
                RenderText {#text} at (0,0) size 3x13
                  text run at (0,0) width 3: " "
            RenderTableCell {TD} at (448,156) size 8x13 [bgcolor=#FDFDFB] [r=12 c=58 rs=1 cs=1]
              RenderInline {FONT} at (0,0) size 3x13
                RenderText {#text} at (0,0) size 3x13
                  text run at (0,0) width 3: " "
            RenderTableCell {TD} at (456,156) size 8x13 [bgcolor=#2D3433] [r=12 c=59 rs=1 cs=1]
              RenderInline {FONT} at (0,0) size 3x13
                RenderText {#text} at (0,0) size 3x13
                  text run at (0,0) width 3: " "
            RenderTableCell {TD} at (464,156) size 8x13 [bgcolor=#1E7A79] [r=12 c=60 rs=1 cs=1]
              RenderInline {FONT} at (0,0) size 3x13
                RenderText {#text} at (0,0) size 3x13
                  text run at (0,0) width 3: " "
            RenderTableCell {TD} at (472,156) size 8x13 [bgcolor=#66BABC] [r=12 c=61 rs=1 cs=1]
              RenderInline {FONT} at (0,0) size 3x13
                RenderText {#text} at (0,0) size 3x13
                  text run at (0,0) width 3: " "
            RenderTableCell {TD} at (480,156) size 8x13 [bgcolor=#FDFDFB] [r=12 c=62 rs=1 cs=1]
              RenderInline {FONT} at (0,0) size 3x13
                RenderText {#text} at (0,0) size 3x13
                  text run at (0,0) width 3: " "
            RenderTableCell {TD} at (488,156) size 8x13 [bgcolor=#DEDFDF] [r=12 c=63 rs=1 cs=1]
              RenderInline {FONT} at (0,0) size 3x13
                RenderText {#text} at (0,0) size 3x13
                  text run at (0,0) width 3: " "
            RenderTableCell {TD} at (496,156) size 8x13 [bgcolor=#072323] [r=12 c=64 rs=1 cs=1]
              RenderInline {FONT} at (0,0) size 3x13
                RenderText {#text} at (0,0) size 3x13
                  text run at (0,0) width 3: " "
            RenderTableCell {TD} at (504,156) size 8x13 [bgcolor=#025E5E] [r=12 c=65 rs=1 cs=1]
              RenderInline {FONT} at (0,0) size 3x13
                RenderText {#text} at (0,0) size 3x13
                  text run at (0,0) width 3: " "
            RenderTableCell {TD} at (512,156) size 8x13 [bgcolor=#026766] [r=12 c=66 rs=1 cs=1]
              RenderInline {FONT} at (0,0) size 3x13
                RenderText {#text} at (0,0) size 3x13
                  text run at (0,0) width 3: " "
            RenderTableCell {TD} at (520,156) size 8x13 [bgcolor=#026766] [r=12 c=67 rs=1 cs=1]
              RenderInline {FONT} at (0,0) size 3x13
                RenderText {#text} at (0,0) size 3x13
                  text run at (0,0) width 3: " "
            RenderTableCell {TD} at (528,156) size 8x13 [bgcolor=#026766] [r=12 c=68 rs=1 cs=1]
              RenderInline {FONT} at (0,0) size 3x13
                RenderText {#text} at (0,0) size 3x13
                  text run at (0,0) width 3: " "
            RenderTableCell {TD} at (536,156) size 8x13 [bgcolor=#026766] [r=12 c=69 rs=1 cs=1]
              RenderInline {FONT} at (0,0) size 3x13
                RenderText {#text} at (0,0) size 3x13
                  text run at (0,0) width 3: " "
            RenderTableCell {TD} at (544,156) size 8x13 [bgcolor=#287A7A] [r=12 c=70 rs=1 cs=1]
              RenderInline {FONT} at (0,0) size 3x13
                RenderText {#text} at (0,0) size 3x13
                  text run at (0,0) width 3: " "
            RenderTableCell {TD} at (552,156) size 8x13 [bgcolor=#EDEEEF] [r=12 c=71 rs=1 cs=1]
              RenderInline {FONT} at (0,0) size 3x13
                RenderText {#text} at (0,0) size 3x13
                  text run at (0,0) width 3: " "
            RenderTableCell {TD} at (560,156) size 8x13 [bgcolor=#FDFDFB] [r=12 c=72 rs=1 cs=1]
              RenderInline {FONT} at (0,0) size 3x13
                RenderText {#text} at (0,0) size 3x13
                  text run at (0,0) width 3: " "
            RenderTableCell {TD} at (568,156) size 8x13 [bgcolor=#4D4F4F] [r=12 c=73 rs=1 cs=1]
              RenderInline {FONT} at (0,0) size 3x13
                RenderText {#text} at (0,0) size 3x13
                  text run at (0,0) width 3: " "
            RenderTableCell {TD} at (576,156) size 8x13 [bgcolor=#5E5F60] [r=12 c=74 rs=1 cs=1]
              RenderInline {FONT} at (0,0) size 3x13
                RenderText {#text} at (0,0) size 3x13
                  text run at (0,0) width 3: " "
            RenderTableCell {TD} at (584,156) size 8x13 [bgcolor=#91A3A3] [r=12 c=75 rs=1 cs=1]
              RenderInline {FONT} at (0,0) size 3x13
                RenderText {#text} at (0,0) size 3x13
                  text run at (0,0) width 3: " "
            RenderTableCell {TD} at (592,156) size 8x13 [bgcolor=#FDFDFB] [r=12 c=76 rs=1 cs=1]
              RenderInline {FONT} at (0,0) size 3x13
                RenderText {#text} at (0,0) size 3x13
                  text run at (0,0) width 3: " "
            RenderTableCell {TD} at (600,156) size 8x13 [bgcolor=#DEDFDF] [r=12 c=77 rs=1 cs=1]
              RenderInline {FONT} at (0,0) size 3x13
                RenderText {#text} at (0,0) size 3x13
                  text run at (0,0) width 3: " "
            RenderTableCell {TD} at (608,156) size 8x13 [bgcolor=#3D4242] [r=12 c=78 rs=1 cs=1]
              RenderInline {FONT} at (0,0) size 3x13
                RenderText {#text} at (0,0) size 3x13
                  text run at (0,0) width 3: " "
            RenderTableCell {TD} at (616,156) size 8x13 [bgcolor=#025E5E] [r=12 c=79 rs=1 cs=1]
              RenderInline {FONT} at (0,0) size 3x13
                RenderText {#text} at (0,0) size 3x13
                  text run at (0,0) width 3: " "
            RenderTableCell {TD} at (624,156) size 8x13 [bgcolor=#026766] [r=12 c=80 rs=1 cs=1]
              RenderInline {FONT} at (0,0) size 3x13
                RenderText {#text} at (0,0) size 3x13
                  text run at (0,0) width 3: " "
            RenderTableCell {TD} at (632,156) size 8x13 [bgcolor=#026766] [r=12 c=81 rs=1 cs=1]
              RenderInline {FONT} at (0,0) size 3x13
                RenderText {#text} at (0,0) size 3x13
                  text run at (0,0) width 3: " "
            RenderTableCell {TD} at (640,156) size 8x13 [bgcolor=#026766] [r=12 c=82 rs=1 cs=1]
              RenderInline {FONT} at (0,0) size 3x13
                RenderText {#text} at (0,0) size 3x13
                  text run at (0,0) width 3: " "
            RenderTableCell {TD} at (648,156) size 8x13 [bgcolor=#026766] [r=12 c=83 rs=1 cs=1]
              RenderInline {FONT} at (0,0) size 3x13
                RenderText {#text} at (0,0) size 3x13
                  text run at (0,0) width 3: " "
            RenderTableCell {TD} at (656,156) size 8x13 [bgcolor=#026766] [r=12 c=84 rs=1 cs=1]
              RenderInline {FONT} at (0,0) size 3x13
                RenderText {#text} at (0,0) size 3x13
                  text run at (0,0) width 3: " "
            RenderTableCell {TD} at (664,156) size 8x13 [bgcolor=#7CAEAF] [r=12 c=85 rs=1 cs=1]
              RenderInline {FONT} at (0,0) size 3x13
                RenderText {#text} at (0,0) size 3x13
                  text run at (0,0) width 3: " "
            RenderTableCell {TD} at (672,156) size 8x13 [bgcolor=#FDFDFB] [r=12 c=86 rs=1 cs=1]
              RenderInline {FONT} at (0,0) size 3x13
                RenderText {#text} at (0,0) size 3x13
                  text run at (0,0) width 3: " "
            RenderTableCell {TD} at (680,156) size 8x13 [bgcolor=#BEC2C2] [r=12 c=87 rs=1 cs=1]
              RenderInline {FONT} at (0,0) size 3x13
                RenderText {#text} at (0,0) size 3x13
                  text run at (0,0) width 3: " "
            RenderTableCell {TD} at (688,156) size 8x13 [bgcolor=#1A5C5C] [r=12 c=88 rs=1 cs=1]
              RenderInline {FONT} at (0,0) size 3x13
                RenderText {#text} at (0,0) size 3x13
                  text run at (0,0) width 3: " "
            RenderTableCell {TD} at (696,156) size 8x13 [bgcolor=#026766] [r=12 c=89 rs=1 cs=1]
              RenderInline {FONT} at (0,0) size 3x13
                RenderText {#text} at (0,0) size 3x13
                  text run at (0,0) width 3: " "
            RenderTableCell {TD} at (704,156) size 8x13 [bgcolor=#338686] [r=12 c=90 rs=1 cs=1]
              RenderInline {FONT} at (0,0) size 3x13
                RenderText {#text} at (0,0) size 3x13
                  text run at (0,0) width 3: " "
            RenderTableCell {TD} at (712,156) size 8x13 [bgcolor=#EDEEEF] [r=12 c=91 rs=1 cs=1]
              RenderInline {FONT} at (0,0) size 3x13
                RenderText {#text} at (0,0) size 3x13
                  text run at (0,0) width 3: " "
            RenderTableCell {TD} at (720,156) size 8x13 [bgcolor=#FDFDFB] [r=12 c=92 rs=1 cs=1]
              RenderInline {FONT} at (0,0) size 3x13
                RenderText {#text} at (0,0) size 3x13
                  text run at (0,0) width 3: " "
            RenderTableCell {TD} at (728,156) size 8x13 [bgcolor=#2D3433] [r=12 c=93 rs=1 cs=1]
              RenderInline {FONT} at (0,0) size 3x13
                RenderText {#text} at (0,0) size 3x13
                  text run at (0,0) width 3: " "
            RenderTableCell {TD} at (736,156) size 8x13 [bgcolor=#223C3D] [r=12 c=94 rs=1 cs=1]
              RenderInline {FONT} at (0,0) size 3x13
                RenderText {#text} at (0,0) size 3x13
                  text run at (0,0) width 3: " "
            RenderTableCell {TD} at (744,156) size 8x13 [bgcolor=#5E5F60] [r=12 c=95 rs=1 cs=1]
              RenderInline {FONT} at (0,0) size 3x13
                RenderText {#text} at (0,0) size 3x13
                  text run at (0,0) width 3: " "
            RenderTableCell {TD} at (752,156) size 8x13 [bgcolor=#777878] [r=12 c=96 rs=1 cs=1]
              RenderInline {FONT} at (0,0) size 3x13
                RenderText {#text} at (0,0) size 3x13
                  text run at (0,0) width 3: " "
            RenderTableCell {TD} at (760,156) size 8x13 [bgcolor=#848788] [r=12 c=97 rs=1 cs=1]
              RenderInline {FONT} at (0,0) size 3x13
                RenderText {#text} at (0,0) size 3x13
                  text run at (0,0) width 3: " "
            RenderTableCell {TD} at (768,156) size 8x13 [bgcolor=#777878] [r=12 c=98 rs=1 cs=1]
              RenderInline {FONT} at (0,0) size 3x13
                RenderText {#text} at (0,0) size 3x13
                  text run at (0,0) width 3: " "
            RenderTableCell {TD} at (776,156) size 8x13 [bgcolor=#4D4F4F] [r=12 c=99 rs=1 cs=1]
              RenderInline {FONT} at (0,0) size 3x13
                RenderText {#text} at (0,0) size 3x13
                  text run at (0,0) width 3: " "
          RenderTableRow {TR} at (0,169) size 784x13
            RenderTableCell {TD} at (0,169) size 7x13 [bgcolor=#97C1C0] [r=13 c=0 rs=1 cs=1]
              RenderInline {FONT} at (0,0) size 3x13
                RenderText {#text} at (0,0) size 3x13
                  text run at (0,0) width 3: " "
            RenderTableCell {TD} at (7,169) size 7x13 [bgcolor=#027777] [r=13 c=1 rs=1 cs=1]
              RenderInline {FONT} at (0,0) size 3x13
                RenderText {#text} at (0,0) size 3x13
                  text run at (0,0) width 3: " "
            RenderTableCell {TD} at (14,169) size 7x13 [bgcolor=#027777] [r=13 c=2 rs=1 cs=1]
              RenderInline {FONT} at (0,0) size 3x13
                RenderText {#text} at (0,0) size 3x13
                  text run at (0,0) width 3: " "
            RenderTableCell {TD} at (21,169) size 7x13 [bgcolor=#447877] [r=13 c=3 rs=1 cs=1]
              RenderInline {FONT} at (0,0) size 3x13
                RenderText {#text} at (0,0) size 3x13
                  text run at (0,0) width 3: " "
            RenderTableCell {TD} at (28,169) size 7x13 [bgcolor=#939494] [r=13 c=4 rs=1 cs=1]
              RenderInline {FONT} at (0,0) size 3x13
                RenderText {#text} at (0,0) size 3x13
                  text run at (0,0) width 3: " "
            RenderTableCell {TD} at (35,169) size 7x13 [bgcolor=#CECFCF] [r=13 c=5 rs=1 cs=1]
              RenderInline {FONT} at (0,0) size 3x13
                RenderText {#text} at (0,0) size 3x13
                  text run at (0,0) width 3: " "
            RenderTableCell {TD} at (42,169) size 7x13 [bgcolor=#EDEEEF] [r=13 c=6 rs=1 cs=1]
              RenderInline {FONT} at (0,0) size 3x13
                RenderText {#text} at (0,0) size 3x13
                  text run at (0,0) width 3: " "
            RenderTableCell {TD} at (49,169) size 7x13 [bgcolor=#FDFDFB] [r=13 c=7 rs=1 cs=1]
              RenderInline {FONT} at (0,0) size 3x13
                RenderText {#text} at (0,0) size 3x13
                  text run at (0,0) width 3: " "
            RenderTableCell {TD} at (56,169) size 7x13 [bgcolor=#E0EAE9] [r=13 c=8 rs=1 cs=1]
              RenderInline {FONT} at (0,0) size 3x13
                RenderText {#text} at (0,0) size 3x13
                  text run at (0,0) width 3: " "
            RenderTableCell {TD} at (63,169) size 7x13 [bgcolor=#CADEDD] [r=13 c=9 rs=1 cs=1]
              RenderInline {FONT} at (0,0) size 3x13
                RenderText {#text} at (0,0) size 3x13
                  text run at (0,0) width 3: " "
            RenderTableCell {TD} at (70,169) size 7x13 [bgcolor=#B6D0D1] [r=13 c=10 rs=1 cs=1]
              RenderInline {FONT} at (0,0) size 3x13
                RenderText {#text} at (0,0) size 3x13
                  text run at (0,0) width 3: " "
            RenderTableCell {TD} at (77,169) size 7x13 [bgcolor=#7CAEAF] [r=13 c=11 rs=1 cs=1]
              RenderInline {FONT} at (0,0) size 3x13
                RenderText {#text} at (0,0) size 3x13
                  text run at (0,0) width 3: " "
            RenderTableCell {TD} at (84,169) size 7x13 [bgcolor=#1A6B6A] [r=13 c=12 rs=1 cs=1]
              RenderInline {FONT} at (0,0) size 3x13
                RenderText {#text} at (0,0) size 3x13
                  text run at (0,0) width 3: " "
            RenderTableCell {TD} at (91,169) size 7x13 [bgcolor=#044140] [r=13 c=13 rs=1 cs=1]
              RenderInline {FONT} at (0,0) size 3x13
                RenderText {#text} at (0,0) size 3x13
                  text run at (0,0) width 3: " "
            RenderTableCell {TD} at (98,169) size 7x13 [bgcolor=#223C3D] [r=13 c=14 rs=1 cs=1]
              RenderInline {FONT} at (0,0) size 3x13
                RenderText {#text} at (0,0) size 3x13
                  text run at (0,0) width 3: " "
            RenderTableCell {TD} at (105,169) size 7x13 [bgcolor=#848788] [r=13 c=15 rs=1 cs=1]
              RenderInline {FONT} at (0,0) size 3x13
                RenderText {#text} at (0,0) size 3x13
                  text run at (0,0) width 3: " "
            RenderTableCell {TD} at (112,169) size 8x13 [bgcolor=#FDFDFB] [r=13 c=16 rs=1 cs=1]
              RenderInline {FONT} at (0,0) size 3x13
                RenderText {#text} at (0,0) size 3x13
                  text run at (0,0) width 3: " "
            RenderTableCell {TD} at (120,169) size 8x13 [bgcolor=#FDFDFB] [r=13 c=17 rs=1 cs=1]
              RenderInline {FONT} at (0,0) size 3x13
                RenderText {#text} at (0,0) size 3x13
                  text run at (0,0) width 3: " "
            RenderTableCell {TD} at (128,169) size 8x13 [bgcolor=#2D3433] [r=13 c=18 rs=1 cs=1]
              RenderInline {FONT} at (0,0) size 3x13
                RenderText {#text} at (0,0) size 3x13
                  text run at (0,0) width 3: " "
            RenderTableCell {TD} at (136,169) size 8x13 [bgcolor=#1E7A79] [r=13 c=19 rs=1 cs=1]
              RenderInline {FONT} at (0,0) size 3x13
                RenderText {#text} at (0,0) size 3x13
                  text run at (0,0) width 3: " "
            RenderTableCell {TD} at (144,169) size 8x13 [bgcolor=#027777] [r=13 c=20 rs=1 cs=1]
              RenderInline {FONT} at (0,0) size 3x13
                RenderText {#text} at (0,0) size 3x13
                  text run at (0,0) width 3: " "
            RenderTableCell {TD} at (152,169) size 8x13 [bgcolor=#338686] [r=13 c=21 rs=1 cs=1]
              RenderInline {FONT} at (0,0) size 3x13
                RenderText {#text} at (0,0) size 3x13
                  text run at (0,0) width 3: " "
            RenderTableCell {TD} at (160,169) size 8x13 [bgcolor=#97C1C0] [r=13 c=22 rs=1 cs=1]
              RenderInline {FONT} at (0,0) size 3x13
                RenderText {#text} at (0,0) size 3x13
                  text run at (0,0) width 3: " "
            RenderTableCell {TD} at (168,169) size 8x13 [bgcolor=#CADEDD] [r=13 c=23 rs=1 cs=1]
              RenderInline {FONT} at (0,0) size 3x13
                RenderText {#text} at (0,0) size 3x13
                  text run at (0,0) width 3: " "
            RenderTableCell {TD} at (176,169) size 8x13 [bgcolor=#E0EAE9] [r=13 c=24 rs=1 cs=1]
              RenderInline {FONT} at (0,0) size 3x13
                RenderText {#text} at (0,0) size 3x13
                  text run at (0,0) width 3: " "
            RenderTableCell {TD} at (184,169) size 8x13 [bgcolor=#E0EAE9] [r=13 c=25 rs=1 cs=1]
              RenderInline {FONT} at (0,0) size 3x13
                RenderText {#text} at (0,0) size 3x13
                  text run at (0,0) width 3: " "
            RenderTableCell {TD} at (192,169) size 8x13 [bgcolor=#DEDFDF] [r=13 c=26 rs=1 cs=1]
              RenderInline {FONT} at (0,0) size 3x13
                RenderText {#text} at (0,0) size 3x13
                  text run at (0,0) width 3: " "
            RenderTableCell {TD} at (200,169) size 8x13 [bgcolor=#CECFCF] [r=13 c=27 rs=1 cs=1]
              RenderInline {FONT} at (0,0) size 3x13
                RenderText {#text} at (0,0) size 3x13
                  text run at (0,0) width 3: " "
            RenderTableCell {TD} at (208,169) size 8x13 [bgcolor=#B4B4B4] [r=13 c=28 rs=1 cs=1]
              RenderInline {FONT} at (0,0) size 3x13
                RenderText {#text} at (0,0) size 3x13
                  text run at (0,0) width 3: " "
            RenderTableCell {TD} at (216,169) size 8x13 [bgcolor=#CECFCF] [r=13 c=29 rs=1 cs=1]
              RenderInline {FONT} at (0,0) size 3x13
                RenderText {#text} at (0,0) size 3x13
                  text run at (0,0) width 3: " "
            RenderTableCell {TD} at (224,169) size 8x13 [bgcolor=#FDFDFB] [r=13 c=30 rs=1 cs=1]
              RenderInline {FONT} at (0,0) size 3x13
                RenderText {#text} at (0,0) size 3x13
                  text run at (0,0) width 3: " "
            RenderTableCell {TD} at (232,169) size 8x13 [bgcolor=#B4B4B4] [r=13 c=31 rs=1 cs=1]
              RenderInline {FONT} at (0,0) size 3x13
                RenderText {#text} at (0,0) size 3x13
                  text run at (0,0) width 3: " "
            RenderTableCell {TD} at (240,169) size 8x13 [bgcolor=#072323] [r=13 c=32 rs=1 cs=1]
              RenderInline {FONT} at (0,0) size 3x13
                RenderText {#text} at (0,0) size 3x13
                  text run at (0,0) width 3: " "
            RenderTableCell {TD} at (248,169) size 8x13 [bgcolor=#4D4F4F] [r=13 c=33 rs=1 cs=1]
              RenderInline {FONT} at (0,0) size 3x13
                RenderText {#text} at (0,0) size 3x13
                  text run at (0,0) width 3: " "
            RenderTableCell {TD} at (256,169) size 8x13 [bgcolor=#696A69] [r=13 c=34 rs=1 cs=1]
              RenderInline {FONT} at (0,0) size 3x13
                RenderText {#text} at (0,0) size 3x13
                  text run at (0,0) width 3: " "
            RenderTableCell {TD} at (264,169) size 8x13 [bgcolor=#848788] [r=13 c=35 rs=1 cs=1]
              RenderInline {FONT} at (0,0) size 3x13
                RenderText {#text} at (0,0) size 3x13
                  text run at (0,0) width 3: " "
            RenderTableCell {TD} at (272,169) size 8x13 [bgcolor=#7B918F] [r=13 c=36 rs=1 cs=1]
              RenderInline {FONT} at (0,0) size 3x13
                RenderText {#text} at (0,0) size 3x13
                  text run at (0,0) width 3: " "
            RenderTableCell {TD} at (280,169) size 8x13 [bgcolor=#B4B4B4] [r=13 c=37 rs=1 cs=1]
              RenderInline {FONT} at (0,0) size 3x13
                RenderText {#text} at (0,0) size 3x13
                  text run at (0,0) width 3: " "
            RenderTableCell {TD} at (288,169) size 8x13 [bgcolor=#DEDFDF] [r=13 c=38 rs=1 cs=1]
              RenderInline {FONT} at (0,0) size 3x13
                RenderText {#text} at (0,0) size 3x13
                  text run at (0,0) width 3: " "
            RenderTableCell {TD} at (296,169) size 8x13 [bgcolor=#FDFDFB] [r=13 c=39 rs=1 cs=1]
              RenderInline {FONT} at (0,0) size 3x13
                RenderText {#text} at (0,0) size 3x13
                  text run at (0,0) width 3: " "
            RenderTableCell {TD} at (304,169) size 8x13 [bgcolor=#EDEEEF] [r=13 c=40 rs=1 cs=1]
              RenderInline {FONT} at (0,0) size 3x13
                RenderText {#text} at (0,0) size 3x13
                  text run at (0,0) width 3: " "
            RenderTableCell {TD} at (312,169) size 8x13 [bgcolor=#E0EAE9] [r=13 c=41 rs=1 cs=1]
              RenderInline {FONT} at (0,0) size 3x13
                RenderText {#text} at (0,0) size 3x13
                  text run at (0,0) width 3: " "
            RenderTableCell {TD} at (320,169) size 8x13 [bgcolor=#CADEDD] [r=13 c=42 rs=1 cs=1]
              RenderInline {FONT} at (0,0) size 3x13
                RenderText {#text} at (0,0) size 3x13
                  text run at (0,0) width 3: " "
            RenderTableCell {TD} at (328,169) size 8x13 [bgcolor=#97C1C0] [r=13 c=43 rs=1 cs=1]
              RenderInline {FONT} at (0,0) size 3x13
                RenderText {#text} at (0,0) size 3x13
                  text run at (0,0) width 3: " "
            RenderTableCell {TD} at (336,169) size 8x13 [bgcolor=#469191] [r=13 c=44 rs=1 cs=1]
              RenderInline {FONT} at (0,0) size 3x13
                RenderText {#text} at (0,0) size 3x13
                  text run at (0,0) width 3: " "
            RenderTableCell {TD} at (344,169) size 8x13 [bgcolor=#026766] [r=13 c=45 rs=1 cs=1]
              RenderInline {FONT} at (0,0) size 3x13
                RenderText {#text} at (0,0) size 3x13
                  text run at (0,0) width 3: " "
            RenderTableCell {TD} at (352,169) size 8x13 [bgcolor=#026766] [r=13 c=46 rs=1 cs=1]
              RenderInline {FONT} at (0,0) size 3x13
                RenderText {#text} at (0,0) size 3x13
                  text run at (0,0) width 3: " "
            RenderTableCell {TD} at (360,169) size 8x13 [bgcolor=#1A6B6A] [r=13 c=47 rs=1 cs=1]
              RenderInline {FONT} at (0,0) size 3x13
                RenderText {#text} at (0,0) size 3x13
                  text run at (0,0) width 3: " "
            RenderTableCell {TD} at (368,169) size 8x13 [bgcolor=#B6D0D1] [r=13 c=48 rs=1 cs=1]
              RenderInline {FONT} at (0,0) size 3x13
                RenderText {#text} at (0,0) size 3x13
                  text run at (0,0) width 3: " "
            RenderTableCell {TD} at (376,169) size 8x13 [bgcolor=#FDFDFB] [r=13 c=49 rs=1 cs=1]
              RenderInline {FONT} at (0,0) size 3x13
                RenderText {#text} at (0,0) size 3x13
                  text run at (0,0) width 3: " "
            RenderTableCell {TD} at (384,169) size 8x13 [bgcolor=#848788] [r=13 c=50 rs=1 cs=1]
              RenderInline {FONT} at (0,0) size 3x13
                RenderText {#text} at (0,0) size 3x13
                  text run at (0,0) width 3: " "
            RenderTableCell {TD} at (392,169) size 8x13 [bgcolor=#072323] [r=13 c=51 rs=1 cs=1]
              RenderInline {FONT} at (0,0) size 3x13
                RenderText {#text} at (0,0) size 3x13
                  text run at (0,0) width 3: " "
            RenderTableCell {TD} at (400,169) size 8x13 [bgcolor=#3D4242] [r=13 c=52 rs=1 cs=1]
              RenderInline {FONT} at (0,0) size 3x13
                RenderText {#text} at (0,0) size 3x13
                  text run at (0,0) width 3: " "
            RenderTableCell {TD} at (408,169) size 8x13 [bgcolor=#696A69] [r=13 c=53 rs=1 cs=1]
              RenderInline {FONT} at (0,0) size 3x13
                RenderText {#text} at (0,0) size 3x13
                  text run at (0,0) width 3: " "
            RenderTableCell {TD} at (416,169) size 8x13 [bgcolor=#848788] [r=13 c=54 rs=1 cs=1]
              RenderInline {FONT} at (0,0) size 3x13
                RenderText {#text} at (0,0) size 3x13
                  text run at (0,0) width 3: " "
            RenderTableCell {TD} at (424,169) size 8x13 [bgcolor=#939494] [r=13 c=55 rs=1 cs=1]
              RenderInline {FONT} at (0,0) size 3x13
                RenderText {#text} at (0,0) size 3x13
                  text run at (0,0) width 3: " "
            RenderTableCell {TD} at (432,169) size 8x13 [bgcolor=#B4B4B4] [r=13 c=56 rs=1 cs=1]
              RenderInline {FONT} at (0,0) size 3x13
                RenderText {#text} at (0,0) size 3x13
                  text run at (0,0) width 3: " "
            RenderTableCell {TD} at (440,169) size 8x13 [bgcolor=#FDFDFB] [r=13 c=57 rs=1 cs=1]
              RenderInline {FONT} at (0,0) size 3x13
                RenderText {#text} at (0,0) size 3x13
                  text run at (0,0) width 3: " "
            RenderTableCell {TD} at (448,169) size 8x13 [bgcolor=#FDFDFB] [r=13 c=58 rs=1 cs=1]
              RenderInline {FONT} at (0,0) size 3x13
                RenderText {#text} at (0,0) size 3x13
                  text run at (0,0) width 3: " "
            RenderTableCell {TD} at (456,169) size 8x13 [bgcolor=#2D3433] [r=13 c=59 rs=1 cs=1]
              RenderInline {FONT} at (0,0) size 3x13
                RenderText {#text} at (0,0) size 3x13
                  text run at (0,0) width 3: " "
            RenderTableCell {TD} at (464,169) size 8x13 [bgcolor=#1E7A79] [r=13 c=60 rs=1 cs=1]
              RenderInline {FONT} at (0,0) size 3x13
                RenderText {#text} at (0,0) size 3x13
                  text run at (0,0) width 3: " "
            RenderTableCell {TD} at (472,169) size 8x13 [bgcolor=#7DBAB9] [r=13 c=61 rs=1 cs=1]
              RenderInline {FONT} at (0,0) size 3x13
                RenderText {#text} at (0,0) size 3x13
                  text run at (0,0) width 3: " "
            RenderTableCell {TD} at (480,169) size 8x13 [bgcolor=#FDFDFB] [r=13 c=62 rs=1 cs=1]
              RenderInline {FONT} at (0,0) size 3x13
                RenderText {#text} at (0,0) size 3x13
                  text run at (0,0) width 3: " "
            RenderTableCell {TD} at (488,169) size 8x13 [bgcolor=#BEC2C2] [r=13 c=63 rs=1 cs=1]
              RenderInline {FONT} at (0,0) size 3x13
                RenderText {#text} at (0,0) size 3x13
                  text run at (0,0) width 3: " "
            RenderTableCell {TD} at (496,169) size 8x13 [bgcolor=#083131] [r=13 c=64 rs=1 cs=1]
              RenderInline {FONT} at (0,0) size 3x13
                RenderText {#text} at (0,0) size 3x13
                  text run at (0,0) width 3: " "
            RenderTableCell {TD} at (504,169) size 8x13 [bgcolor=#026766] [r=13 c=65 rs=1 cs=1]
              RenderInline {FONT} at (0,0) size 3x13
                RenderText {#text} at (0,0) size 3x13
                  text run at (0,0) width 3: " "
            RenderTableCell {TD} at (512,169) size 8x13 [bgcolor=#026766] [r=13 c=66 rs=1 cs=1]
              RenderInline {FONT} at (0,0) size 3x13
                RenderText {#text} at (0,0) size 3x13
                  text run at (0,0) width 3: " "
            RenderTableCell {TD} at (520,169) size 8x13 [bgcolor=#026766] [r=13 c=67 rs=1 cs=1]
              RenderInline {FONT} at (0,0) size 3x13
                RenderText {#text} at (0,0) size 3x13
                  text run at (0,0) width 3: " "
            RenderTableCell {TD} at (528,169) size 8x13 [bgcolor=#026766] [r=13 c=68 rs=1 cs=1]
              RenderInline {FONT} at (0,0) size 3x13
                RenderText {#text} at (0,0) size 3x13
                  text run at (0,0) width 3: " "
            RenderTableCell {TD} at (536,169) size 8x13 [bgcolor=#026766] [r=13 c=69 rs=1 cs=1]
              RenderInline {FONT} at (0,0) size 3x13
                RenderText {#text} at (0,0) size 3x13
                  text run at (0,0) width 3: " "
            RenderTableCell {TD} at (544,169) size 8x13 [bgcolor=#1E7A79] [r=13 c=70 rs=1 cs=1]
              RenderInline {FONT} at (0,0) size 3x13
                RenderText {#text} at (0,0) size 3x13
                  text run at (0,0) width 3: " "
            RenderTableCell {TD} at (552,169) size 8x13 [bgcolor=#E0EAE9] [r=13 c=71 rs=1 cs=1]
              RenderInline {FONT} at (0,0) size 3x13
                RenderText {#text} at (0,0) size 3x13
                  text run at (0,0) width 3: " "
            RenderTableCell {TD} at (560,169) size 8x13 [bgcolor=#FDFDFB] [r=13 c=72 rs=1 cs=1]
              RenderInline {FONT} at (0,0) size 3x13
                RenderText {#text} at (0,0) size 3x13
                  text run at (0,0) width 3: " "
            RenderTableCell {TD} at (568,169) size 8x13 [bgcolor=#4D4F4F] [r=13 c=73 rs=1 cs=1]
              RenderInline {FONT} at (0,0) size 3x13
                RenderText {#text} at (0,0) size 3x13
                  text run at (0,0) width 3: " "
            RenderTableCell {TD} at (576,169) size 8x13 [bgcolor=#5E5F60] [r=13 c=74 rs=1 cs=1]
              RenderInline {FONT} at (0,0) size 3x13
                RenderText {#text} at (0,0) size 3x13
                  text run at (0,0) width 3: " "
            RenderTableCell {TD} at (584,169) size 8x13 [bgcolor=#B4B4B4] [r=13 c=75 rs=1 cs=1]
              RenderInline {FONT} at (0,0) size 3x13
                RenderText {#text} at (0,0) size 3x13
                  text run at (0,0) width 3: " "
            RenderTableCell {TD} at (592,169) size 8x13 [bgcolor=#FDFDFB] [r=13 c=76 rs=1 cs=1]
              RenderInline {FONT} at (0,0) size 3x13
                RenderText {#text} at (0,0) size 3x13
                  text run at (0,0) width 3: " "
            RenderTableCell {TD} at (600,169) size 8x13 [bgcolor=#BEC2C2] [r=13 c=77 rs=1 cs=1]
              RenderInline {FONT} at (0,0) size 3x13
                RenderText {#text} at (0,0) size 3x13
                  text run at (0,0) width 3: " "
            RenderTableCell {TD} at (608,169) size 8x13 [bgcolor=#274C4D] [r=13 c=78 rs=1 cs=1]
              RenderInline {FONT} at (0,0) size 3x13
                RenderText {#text} at (0,0) size 3x13
                  text run at (0,0) width 3: " "
            RenderTableCell {TD} at (616,169) size 8x13 [bgcolor=#027777] [r=13 c=79 rs=1 cs=1]
              RenderInline {FONT} at (0,0) size 3x13
                RenderText {#text} at (0,0) size 3x13
                  text run at (0,0) width 3: " "
            RenderTableCell {TD} at (624,169) size 8x13 [bgcolor=#026766] [r=13 c=80 rs=1 cs=1]
              RenderInline {FONT} at (0,0) size 3x13
                RenderText {#text} at (0,0) size 3x13
                  text run at (0,0) width 3: " "
            RenderTableCell {TD} at (632,169) size 8x13 [bgcolor=#026766] [r=13 c=81 rs=1 cs=1]
              RenderInline {FONT} at (0,0) size 3x13
                RenderText {#text} at (0,0) size 3x13
                  text run at (0,0) width 3: " "
            RenderTableCell {TD} at (640,169) size 8x13 [bgcolor=#026766] [r=13 c=82 rs=1 cs=1]
              RenderInline {FONT} at (0,0) size 3x13
                RenderText {#text} at (0,0) size 3x13
                  text run at (0,0) width 3: " "
            RenderTableCell {TD} at (648,169) size 8x13 [bgcolor=#026766] [r=13 c=83 rs=1 cs=1]
              RenderInline {FONT} at (0,0) size 3x13
                RenderText {#text} at (0,0) size 3x13
                  text run at (0,0) width 3: " "
            RenderTableCell {TD} at (656,169) size 8x13 [bgcolor=#026766] [r=13 c=84 rs=1 cs=1]
              RenderInline {FONT} at (0,0) size 3x13
                RenderText {#text} at (0,0) size 3x13
                  text run at (0,0) width 3: " "
            RenderTableCell {TD} at (664,169) size 8x13 [bgcolor=#469191] [r=13 c=85 rs=1 cs=1]
              RenderInline {FONT} at (0,0) size 3x13
                RenderText {#text} at (0,0) size 3x13
                  text run at (0,0) width 3: " "
            RenderTableCell {TD} at (672,169) size 8x13 [bgcolor=#FDFDFB] [r=13 c=86 rs=1 cs=1]
              RenderInline {FONT} at (0,0) size 3x13
                RenderText {#text} at (0,0) size 3x13
                  text run at (0,0) width 3: " "
            RenderTableCell {TD} at (680,169) size 8x13 [bgcolor=#DEDFDF] [r=13 c=87 rs=1 cs=1]
              RenderInline {FONT} at (0,0) size 3x13
                RenderText {#text} at (0,0) size 3x13
                  text run at (0,0) width 3: " "
            RenderTableCell {TD} at (688,169) size 8x13 [bgcolor=#274C4D] [r=13 c=88 rs=1 cs=1]
              RenderInline {FONT} at (0,0) size 3x13
                RenderText {#text} at (0,0) size 3x13
                  text run at (0,0) width 3: " "
            RenderTableCell {TD} at (696,169) size 8x13 [bgcolor=#026766] [r=13 c=89 rs=1 cs=1]
              RenderInline {FONT} at (0,0) size 3x13
                RenderText {#text} at (0,0) size 3x13
                  text run at (0,0) width 3: " "
            RenderTableCell {TD} at (704,169) size 8x13 [bgcolor=#338686] [r=13 c=90 rs=1 cs=1]
              RenderInline {FONT} at (0,0) size 3x13
                RenderText {#text} at (0,0) size 3x13
                  text run at (0,0) width 3: " "
            RenderTableCell {TD} at (712,169) size 8x13 [bgcolor=#EDEEEF] [r=13 c=91 rs=1 cs=1]
              RenderInline {FONT} at (0,0) size 3x13
                RenderText {#text} at (0,0) size 3x13
                  text run at (0,0) width 3: " "
            RenderTableCell {TD} at (720,169) size 8x13 [bgcolor=#FDFDFB] [r=13 c=92 rs=1 cs=1]
              RenderInline {FONT} at (0,0) size 3x13
                RenderText {#text} at (0,0) size 3x13
                  text run at (0,0) width 3: " "
            RenderTableCell {TD} at (728,169) size 8x13 [bgcolor=#2D3433] [r=13 c=93 rs=1 cs=1]
              RenderInline {FONT} at (0,0) size 3x13
                RenderText {#text} at (0,0) size 3x13
                  text run at (0,0) width 3: " "
            RenderTableCell {TD} at (736,169) size 8x13 [bgcolor=#223C3D] [r=13 c=94 rs=1 cs=1]
              RenderInline {FONT} at (0,0) size 3x13
                RenderText {#text} at (0,0) size 3x13
                  text run at (0,0) width 3: " "
            RenderTableCell {TD} at (744,169) size 8x13 [bgcolor=#5E5F60] [r=13 c=95 rs=1 cs=1]
              RenderInline {FONT} at (0,0) size 3x13
                RenderText {#text} at (0,0) size 3x13
                  text run at (0,0) width 3: " "
            RenderTableCell {TD} at (752,169) size 8x13 [bgcolor=#777878] [r=13 c=96 rs=1 cs=1]
              RenderInline {FONT} at (0,0) size 3x13
                RenderText {#text} at (0,0) size 3x13
                  text run at (0,0) width 3: " "
            RenderTableCell {TD} at (760,169) size 8x13 [bgcolor=#848788] [r=13 c=97 rs=1 cs=1]
              RenderInline {FONT} at (0,0) size 3x13
                RenderText {#text} at (0,0) size 3x13
                  text run at (0,0) width 3: " "
            RenderTableCell {TD} at (768,169) size 8x13 [bgcolor=#777878] [r=13 c=98 rs=1 cs=1]
              RenderInline {FONT} at (0,0) size 3x13
                RenderText {#text} at (0,0) size 3x13
                  text run at (0,0) width 3: " "
            RenderTableCell {TD} at (776,169) size 8x13 [bgcolor=#4D4F4F] [r=13 c=99 rs=1 cs=1]
              RenderInline {FONT} at (0,0) size 3x13
                RenderText {#text} at (0,0) size 3x13
                  text run at (0,0) width 3: " "
          RenderTableRow {TR} at (0,182) size 784x13
            RenderTableCell {TD} at (0,182) size 7x13 [bgcolor=#CADEDD] [r=14 c=0 rs=1 cs=1]
              RenderInline {FONT} at (0,0) size 3x13
                RenderText {#text} at (0,0) size 3x13
                  text run at (0,0) width 3: " "
            RenderTableCell {TD} at (7,182) size 7x13 [bgcolor=#1B8685] [r=14 c=1 rs=1 cs=1]
              RenderInline {FONT} at (0,0) size 3x13
                RenderText {#text} at (0,0) size 3x13
                  text run at (0,0) width 3: " "
            RenderTableCell {TD} at (14,182) size 7x13 [bgcolor=#1B8685] [r=14 c=2 rs=1 cs=1]
              RenderInline {FONT} at (0,0) size 3x13
                RenderText {#text} at (0,0) size 3x13
                  text run at (0,0) width 3: " "
            RenderTableCell {TD} at (21,182) size 7x13 [bgcolor=#287A7A] [r=14 c=3 rs=1 cs=1]
              RenderInline {FONT} at (0,0) size 3x13
                RenderText {#text} at (0,0) size 3x13
                  text run at (0,0) width 3: " "
            RenderTableCell {TD} at (28,182) size 7x13 [bgcolor=#026766] [r=14 c=4 rs=1 cs=1]
              RenderInline {FONT} at (0,0) size 3x13
                RenderText {#text} at (0,0) size 3x13
                  text run at (0,0) width 3: " "
            RenderTableCell {TD} at (35,182) size 7x13 [bgcolor=#044140] [r=14 c=5 rs=1 cs=1]
              RenderInline {FONT} at (0,0) size 3x13
                RenderText {#text} at (0,0) size 3x13
                  text run at (0,0) width 3: " "
            RenderTableCell {TD} at (42,182) size 7x13 [bgcolor=#044140] [r=14 c=6 rs=1 cs=1]
              RenderInline {FONT} at (0,0) size 3x13
                RenderText {#text} at (0,0) size 3x13
                  text run at (0,0) width 3: " "
            RenderTableCell {TD} at (49,182) size 7x13 [bgcolor=#274C4D] [r=14 c=7 rs=1 cs=1]
              RenderInline {FONT} at (0,0) size 3x13
                RenderText {#text} at (0,0) size 3x13
                  text run at (0,0) width 3: " "
            RenderTableCell {TD} at (56,182) size 7x13 [bgcolor=#425A5A] [r=14 c=8 rs=1 cs=1]
              RenderInline {FONT} at (0,0) size 3x13
                RenderText {#text} at (0,0) size 3x13
                  text run at (0,0) width 3: " "
            RenderTableCell {TD} at (63,182) size 7x13 [bgcolor=#647979] [r=14 c=9 rs=1 cs=1]
              RenderInline {FONT} at (0,0) size 3x13
                RenderText {#text} at (0,0) size 3x13
                  text run at (0,0) width 3: " "
            RenderTableCell {TD} at (70,182) size 7x13 [bgcolor=#CECFCF] [r=14 c=10 rs=1 cs=1]
              RenderInline {FONT} at (0,0) size 3x13
                RenderText {#text} at (0,0) size 3x13
                  text run at (0,0) width 3: " "
            RenderTableCell {TD} at (77,182) size 7x13 [bgcolor=#FDFDFB] [r=14 c=11 rs=1 cs=1]
              RenderInline {FONT} at (0,0) size 3x13
                RenderText {#text} at (0,0) size 3x13
                  text run at (0,0) width 3: " "
            RenderTableCell {TD} at (84,182) size 7x13 [bgcolor=#CADEDD] [r=14 c=12 rs=1 cs=1]
              RenderInline {FONT} at (0,0) size 3x13
                RenderText {#text} at (0,0) size 3x13
                  text run at (0,0) width 3: " "
            RenderTableCell {TD} at (91,182) size 7x13 [bgcolor=#044140] [r=14 c=13 rs=1 cs=1]
              RenderInline {FONT} at (0,0) size 3x13
                RenderText {#text} at (0,0) size 3x13
                  text run at (0,0) width 3: " "
            RenderTableCell {TD} at (98,182) size 7x13 [bgcolor=#223C3D] [r=14 c=14 rs=1 cs=1]
              RenderInline {FONT} at (0,0) size 3x13
                RenderText {#text} at (0,0) size 3x13
                  text run at (0,0) width 3: " "
            RenderTableCell {TD} at (105,182) size 7x13 [bgcolor=#848788] [r=14 c=15 rs=1 cs=1]
              RenderInline {FONT} at (0,0) size 3x13
                RenderText {#text} at (0,0) size 3x13
                  text run at (0,0) width 3: " "
            RenderTableCell {TD} at (112,182) size 8x13 [bgcolor=#FDFDFB] [r=14 c=16 rs=1 cs=1]
              RenderInline {FONT} at (0,0) size 3x13
                RenderText {#text} at (0,0) size 3x13
                  text run at (0,0) width 3: " "
            RenderTableCell {TD} at (120,182) size 8x13 [bgcolor=#FDFDFB] [r=14 c=17 rs=1 cs=1]
              RenderInline {FONT} at (0,0) size 3x13
                RenderText {#text} at (0,0) size 3x13
                  text run at (0,0) width 3: " "
            RenderTableCell {TD} at (128,182) size 8x13 [bgcolor=#2D3433] [r=14 c=18 rs=1 cs=1]
              RenderInline {FONT} at (0,0) size 3x13
                RenderText {#text} at (0,0) size 3x13
                  text run at (0,0) width 3: " "
            RenderTableCell {TD} at (136,182) size 8x13 [bgcolor=#1E7A79] [r=14 c=19 rs=1 cs=1]
              RenderInline {FONT} at (0,0) size 3x13
                RenderText {#text} at (0,0) size 3x13
                  text run at (0,0) width 3: " "
            RenderTableCell {TD} at (144,182) size 8x13 [bgcolor=#1B8685] [r=14 c=20 rs=1 cs=1]
              RenderInline {FONT} at (0,0) size 3x13
                RenderText {#text} at (0,0) size 3x13
                  text run at (0,0) width 3: " "
            RenderTableCell {TD} at (152,182) size 8x13 [bgcolor=#EDEEEF] [r=14 c=21 rs=1 cs=1]
              RenderInline {FONT} at (0,0) size 3x13
                RenderText {#text} at (0,0) size 3x13
                  text run at (0,0) width 3: " "
            RenderTableCell {TD} at (160,182) size 8x13 [bgcolor=#FDFDFB] [r=14 c=22 rs=1 cs=1]
              RenderInline {FONT} at (0,0) size 3x13
                RenderText {#text} at (0,0) size 3x13
                  text run at (0,0) width 3: " "
            RenderTableCell {TD} at (168,182) size 8x13 [bgcolor=#777878] [r=14 c=23 rs=1 cs=1]
              RenderInline {FONT} at (0,0) size 3x13
                RenderText {#text} at (0,0) size 3x13
                  text run at (0,0) width 3: " "
            RenderTableCell {TD} at (176,182) size 8x13 [bgcolor=#223C3D] [r=14 c=24 rs=1 cs=1]
              RenderInline {FONT} at (0,0) size 3x13
                RenderText {#text} at (0,0) size 3x13
                  text run at (0,0) width 3: " "
            RenderTableCell {TD} at (184,182) size 8x13 [bgcolor=#072323] [r=14 c=25 rs=1 cs=1]
              RenderInline {FONT} at (0,0) size 3x13
                RenderText {#text} at (0,0) size 3x13
                  text run at (0,0) width 3: " "
            RenderTableCell {TD} at (192,182) size 8x13 [bgcolor=#083131] [r=14 c=26 rs=1 cs=1]
              RenderInline {FONT} at (0,0) size 3x13
                RenderText {#text} at (0,0) size 3x13
                  text run at (0,0) width 3: " "
            RenderTableCell {TD} at (200,182) size 8x13 [bgcolor=#083131] [r=14 c=27 rs=1 cs=1]
              RenderInline {FONT} at (0,0) size 3x13
                RenderText {#text} at (0,0) size 3x13
                  text run at (0,0) width 3: " "
            RenderTableCell {TD} at (208,182) size 8x13 [bgcolor=#044140] [r=14 c=28 rs=1 cs=1]
              RenderInline {FONT} at (0,0) size 3x13
                RenderText {#text} at (0,0) size 3x13
                  text run at (0,0) width 3: " "
            RenderTableCell {TD} at (216,182) size 8x13 [bgcolor=#A2B5B4] [r=14 c=29 rs=1 cs=1]
              RenderInline {FONT} at (0,0) size 3x13
                RenderText {#text} at (0,0) size 3x13
                  text run at (0,0) width 3: " "
            RenderTableCell {TD} at (224,182) size 8x13 [bgcolor=#FDFDFB] [r=14 c=30 rs=1 cs=1]
              RenderInline {FONT} at (0,0) size 3x13
                RenderText {#text} at (0,0) size 3x13
                  text run at (0,0) width 3: " "
            RenderTableCell {TD} at (232,182) size 8x13 [bgcolor=#B4B4B4] [r=14 c=31 rs=1 cs=1]
              RenderInline {FONT} at (0,0) size 3x13
                RenderText {#text} at (0,0) size 3x13
                  text run at (0,0) width 3: " "
            RenderTableCell {TD} at (240,182) size 8x13 [bgcolor=#072323] [r=14 c=32 rs=1 cs=1]
              RenderInline {FONT} at (0,0) size 3x13
                RenderText {#text} at (0,0) size 3x13
                  text run at (0,0) width 3: " "
            RenderTableCell {TD} at (248,182) size 8x13 [bgcolor=#4D4F4F] [r=14 c=33 rs=1 cs=1]
              RenderInline {FONT} at (0,0) size 3x13
                RenderText {#text} at (0,0) size 3x13
                  text run at (0,0) width 3: " "
            RenderTableCell {TD} at (256,182) size 8x13 [bgcolor=#777878] [r=14 c=34 rs=1 cs=1]
              RenderInline {FONT} at (0,0) size 3x13
                RenderText {#text} at (0,0) size 3x13
                  text run at (0,0) width 3: " "
            RenderTableCell {TD} at (264,182) size 8x13 [bgcolor=#939494] [r=14 c=35 rs=1 cs=1]
              RenderInline {FONT} at (0,0) size 3x13
                RenderText {#text} at (0,0) size 3x13
                  text run at (0,0) width 3: " "
            RenderTableCell {TD} at (272,182) size 8x13 [bgcolor=#1B8685] [r=14 c=36 rs=1 cs=1]
              RenderInline {FONT} at (0,0) size 3x13
                RenderText {#text} at (0,0) size 3x13
                  text run at (0,0) width 3: " "
            RenderTableCell {TD} at (280,182) size 8x13 [bgcolor=#025E5E] [r=14 c=37 rs=1 cs=1]
              RenderInline {FONT} at (0,0) size 3x13
                RenderText {#text} at (0,0) size 3x13
                  text run at (0,0) width 3: " "
            RenderTableCell {TD} at (288,182) size 8x13 [bgcolor=#044140] [r=14 c=38 rs=1 cs=1]
              RenderInline {FONT} at (0,0) size 3x13
                RenderText {#text} at (0,0) size 3x13
                  text run at (0,0) width 3: " "
            RenderTableCell {TD} at (296,182) size 8x13 [bgcolor=#044140] [r=14 c=39 rs=1 cs=1]
              RenderInline {FONT} at (0,0) size 3x13
                RenderText {#text} at (0,0) size 3x13
                  text run at (0,0) width 3: " "
            RenderTableCell {TD} at (304,182) size 8x13 [bgcolor=#274C4D] [r=14 c=40 rs=1 cs=1]
              RenderInline {FONT} at (0,0) size 3x13
                RenderText {#text} at (0,0) size 3x13
                  text run at (0,0) width 3: " "
            RenderTableCell {TD} at (312,182) size 8x13 [bgcolor=#527274] [r=14 c=41 rs=1 cs=1]
              RenderInline {FONT} at (0,0) size 3x13
                RenderText {#text} at (0,0) size 3x13
                  text run at (0,0) width 3: " "
            RenderTableCell {TD} at (320,182) size 8x13 [bgcolor=#91A3A3] [r=14 c=42 rs=1 cs=1]
              RenderInline {FONT} at (0,0) size 3x13
                RenderText {#text} at (0,0) size 3x13
                  text run at (0,0) width 3: " "
            RenderTableCell {TD} at (328,182) size 8x13 [bgcolor=#EDEEEF] [r=14 c=43 rs=1 cs=1]
              RenderInline {FONT} at (0,0) size 3x13
                RenderText {#text} at (0,0) size 3x13
                  text run at (0,0) width 3: " "
            RenderTableCell {TD} at (336,182) size 8x13 [bgcolor=#FDFDFB] [r=14 c=44 rs=1 cs=1]
              RenderInline {FONT} at (0,0) size 3x13
                RenderText {#text} at (0,0) size 3x13
                  text run at (0,0) width 3: " "
            RenderTableCell {TD} at (344,182) size 8x13 [bgcolor=#5A8787] [r=14 c=45 rs=1 cs=1]
              RenderInline {FONT} at (0,0) size 3x13
                RenderText {#text} at (0,0) size 3x13
                  text run at (0,0) width 3: " "
            RenderTableCell {TD} at (352,182) size 8x13 [bgcolor=#026766] [r=14 c=46 rs=1 cs=1]
              RenderInline {FONT} at (0,0) size 3x13
                RenderText {#text} at (0,0) size 3x13
                  text run at (0,0) width 3: " "
            RenderTableCell {TD} at (360,182) size 8x13 [bgcolor=#1A6B6A] [r=14 c=47 rs=1 cs=1]
              RenderInline {FONT} at (0,0) size 3x13
                RenderText {#text} at (0,0) size 3x13
                  text run at (0,0) width 3: " "
            RenderTableCell {TD} at (368,182) size 8x13 [bgcolor=#B6D0D1] [r=14 c=48 rs=1 cs=1]
              RenderInline {FONT} at (0,0) size 3x13
                RenderText {#text} at (0,0) size 3x13
                  text run at (0,0) width 3: " "
            RenderTableCell {TD} at (376,182) size 8x13 [bgcolor=#FDFDFB] [r=14 c=49 rs=1 cs=1]
              RenderInline {FONT} at (0,0) size 3x13
                RenderText {#text} at (0,0) size 3x13
                  text run at (0,0) width 3: " "
            RenderTableCell {TD} at (384,182) size 8x13 [bgcolor=#848788] [r=14 c=50 rs=1 cs=1]
              RenderInline {FONT} at (0,0) size 3x13
                RenderText {#text} at (0,0) size 3x13
                  text run at (0,0) width 3: " "
            RenderTableCell {TD} at (392,182) size 8x13 [bgcolor=#072323] [r=14 c=51 rs=1 cs=1]
              RenderInline {FONT} at (0,0) size 3x13
                RenderText {#text} at (0,0) size 3x13
                  text run at (0,0) width 3: " "
            RenderTableCell {TD} at (400,182) size 8x13 [bgcolor=#3D4242] [r=14 c=52 rs=1 cs=1]
              RenderInline {FONT} at (0,0) size 3x13
                RenderText {#text} at (0,0) size 3x13
                  text run at (0,0) width 3: " "
            RenderTableCell {TD} at (408,182) size 8x13 [bgcolor=#696A69] [r=14 c=53 rs=1 cs=1]
              RenderInline {FONT} at (0,0) size 3x13
                RenderText {#text} at (0,0) size 3x13
                  text run at (0,0) width 3: " "
            RenderTableCell {TD} at (416,182) size 8x13 [bgcolor=#848788] [r=14 c=54 rs=1 cs=1]
              RenderInline {FONT} at (0,0) size 3x13
                RenderText {#text} at (0,0) size 3x13
                  text run at (0,0) width 3: " "
            RenderTableCell {TD} at (424,182) size 8x13 [bgcolor=#939494] [r=14 c=55 rs=1 cs=1]
              RenderInline {FONT} at (0,0) size 3x13
                RenderText {#text} at (0,0) size 3x13
                  text run at (0,0) width 3: " "
            RenderTableCell {TD} at (432,182) size 8x13 [bgcolor=#B4B4B4] [r=14 c=56 rs=1 cs=1]
              RenderInline {FONT} at (0,0) size 3x13
                RenderText {#text} at (0,0) size 3x13
                  text run at (0,0) width 3: " "
            RenderTableCell {TD} at (440,182) size 8x13 [bgcolor=#FDFDFB] [r=14 c=57 rs=1 cs=1]
              RenderInline {FONT} at (0,0) size 3x13
                RenderText {#text} at (0,0) size 3x13
                  text run at (0,0) width 3: " "
            RenderTableCell {TD} at (448,182) size 8x13 [bgcolor=#FDFDFB] [r=14 c=58 rs=1 cs=1]
              RenderInline {FONT} at (0,0) size 3x13
                RenderText {#text} at (0,0) size 3x13
                  text run at (0,0) width 3: " "
            RenderTableCell {TD} at (456,182) size 8x13 [bgcolor=#2D3433] [r=14 c=59 rs=1 cs=1]
              RenderInline {FONT} at (0,0) size 3x13
                RenderText {#text} at (0,0) size 3x13
                  text run at (0,0) width 3: " "
            RenderTableCell {TD} at (464,182) size 8x13 [bgcolor=#1E7A79] [r=14 c=60 rs=1 cs=1]
              RenderInline {FONT} at (0,0) size 3x13
                RenderText {#text} at (0,0) size 3x13
                  text run at (0,0) width 3: " "
            RenderTableCell {TD} at (472,182) size 8x13 [bgcolor=#60A2A3] [r=14 c=61 rs=1 cs=1]
              RenderInline {FONT} at (0,0) size 3x13
                RenderText {#text} at (0,0) size 3x13
                  text run at (0,0) width 3: " "
            RenderTableCell {TD} at (480,182) size 8x13 [bgcolor=#FDFDFB] [r=14 c=62 rs=1 cs=1]
              RenderInline {FONT} at (0,0) size 3x13
                RenderText {#text} at (0,0) size 3x13
                  text run at (0,0) width 3: " "
            RenderTableCell {TD} at (488,182) size 8x13 [bgcolor=#E0EAE9] [r=14 c=63 rs=1 cs=1]
              RenderInline {FONT} at (0,0) size 3x13
                RenderText {#text} at (0,0) size 3x13
                  text run at (0,0) width 3: " "
            RenderTableCell {TD} at (496,182) size 8x13 [bgcolor=#044140] [r=14 c=64 rs=1 cs=1]
              RenderInline {FONT} at (0,0) size 3x13
                RenderText {#text} at (0,0) size 3x13
                  text run at (0,0) width 3: " "
            RenderTableCell {TD} at (504,182) size 8x13 [bgcolor=#026766] [r=14 c=65 rs=1 cs=1]
              RenderInline {FONT} at (0,0) size 3x13
                RenderText {#text} at (0,0) size 3x13
                  text run at (0,0) width 3: " "
            RenderTableCell {TD} at (512,182) size 8x13 [bgcolor=#026766] [r=14 c=66 rs=1 cs=1]
              RenderInline {FONT} at (0,0) size 3x13
                RenderText {#text} at (0,0) size 3x13
                  text run at (0,0) width 3: " "
            RenderTableCell {TD} at (520,182) size 8x13 [bgcolor=#026766] [r=14 c=67 rs=1 cs=1]
              RenderInline {FONT} at (0,0) size 3x13
                RenderText {#text} at (0,0) size 3x13
                  text run at (0,0) width 3: " "
            RenderTableCell {TD} at (528,182) size 8x13 [bgcolor=#026766] [r=14 c=68 rs=1 cs=1]
              RenderInline {FONT} at (0,0) size 3x13
                RenderText {#text} at (0,0) size 3x13
                  text run at (0,0) width 3: " "
            RenderTableCell {TD} at (536,182) size 8x13 [bgcolor=#026766] [r=14 c=69 rs=1 cs=1]
              RenderInline {FONT} at (0,0) size 3x13
                RenderText {#text} at (0,0) size 3x13
                  text run at (0,0) width 3: " "
            RenderTableCell {TD} at (544,182) size 8x13 [bgcolor=#287A7A] [r=14 c=70 rs=1 cs=1]
              RenderInline {FONT} at (0,0) size 3x13
                RenderText {#text} at (0,0) size 3x13
                  text run at (0,0) width 3: " "
            RenderTableCell {TD} at (552,182) size 8x13 [bgcolor=#E0EAE9] [r=14 c=71 rs=1 cs=1]
              RenderInline {FONT} at (0,0) size 3x13
                RenderText {#text} at (0,0) size 3x13
                  text run at (0,0) width 3: " "
            RenderTableCell {TD} at (560,182) size 8x13 [bgcolor=#FDFDFB] [r=14 c=72 rs=1 cs=1]
              RenderInline {FONT} at (0,0) size 3x13
                RenderText {#text} at (0,0) size 3x13
                  text run at (0,0) width 3: " "
            RenderTableCell {TD} at (568,182) size 8x13 [bgcolor=#4D4F4F] [r=14 c=73 rs=1 cs=1]
              RenderInline {FONT} at (0,0) size 3x13
                RenderText {#text} at (0,0) size 3x13
                  text run at (0,0) width 3: " "
            RenderTableCell {TD} at (576,182) size 8x13 [bgcolor=#5E5F60] [r=14 c=74 rs=1 cs=1]
              RenderInline {FONT} at (0,0) size 3x13
                RenderText {#text} at (0,0) size 3x13
                  text run at (0,0) width 3: " "
            RenderTableCell {TD} at (584,182) size 8x13 [bgcolor=#A5A6A6] [r=14 c=75 rs=1 cs=1]
              RenderInline {FONT} at (0,0) size 3x13
                RenderText {#text} at (0,0) size 3x13
                  text run at (0,0) width 3: " "
            RenderTableCell {TD} at (592,182) size 8x13 [bgcolor=#FDFDFB] [r=14 c=76 rs=1 cs=1]
              RenderInline {FONT} at (0,0) size 3x13
                RenderText {#text} at (0,0) size 3x13
                  text run at (0,0) width 3: " "
            RenderTableCell {TD} at (600,182) size 8x13 [bgcolor=#DEDFDF] [r=14 c=77 rs=1 cs=1]
              RenderInline {FONT} at (0,0) size 3x13
                RenderText {#text} at (0,0) size 3x13
                  text run at (0,0) width 3: " "
            RenderTableCell {TD} at (608,182) size 8x13 [bgcolor=#396B6A] [r=14 c=78 rs=1 cs=1]
              RenderInline {FONT} at (0,0) size 3x13
                RenderText {#text} at (0,0) size 3x13
                  text run at (0,0) width 3: " "
            RenderTableCell {TD} at (616,182) size 8x13 [bgcolor=#027777] [r=14 c=79 rs=1 cs=1]
              RenderInline {FONT} at (0,0) size 3x13
                RenderText {#text} at (0,0) size 3x13
                  text run at (0,0) width 3: " "
            RenderTableCell {TD} at (624,182) size 8x13 [bgcolor=#026766] [r=14 c=80 rs=1 cs=1]
              RenderInline {FONT} at (0,0) size 3x13
                RenderText {#text} at (0,0) size 3x13
                  text run at (0,0) width 3: " "
            RenderTableCell {TD} at (632,182) size 8x13 [bgcolor=#026766] [r=14 c=81 rs=1 cs=1]
              RenderInline {FONT} at (0,0) size 3x13
                RenderText {#text} at (0,0) size 3x13
                  text run at (0,0) width 3: " "
            RenderTableCell {TD} at (640,182) size 8x13 [bgcolor=#026766] [r=14 c=82 rs=1 cs=1]
              RenderInline {FONT} at (0,0) size 3x13
                RenderText {#text} at (0,0) size 3x13
                  text run at (0,0) width 3: " "
            RenderTableCell {TD} at (648,182) size 8x13 [bgcolor=#026766] [r=14 c=83 rs=1 cs=1]
              RenderInline {FONT} at (0,0) size 3x13
                RenderText {#text} at (0,0) size 3x13
                  text run at (0,0) width 3: " "
            RenderTableCell {TD} at (656,182) size 8x13 [bgcolor=#026766] [r=14 c=84 rs=1 cs=1]
              RenderInline {FONT} at (0,0) size 3x13
                RenderText {#text} at (0,0) size 3x13
                  text run at (0,0) width 3: " "
            RenderTableCell {TD} at (664,182) size 8x13 [bgcolor=#7CAEAF] [r=14 c=85 rs=1 cs=1]
              RenderInline {FONT} at (0,0) size 3x13
                RenderText {#text} at (0,0) size 3x13
                  text run at (0,0) width 3: " "
            RenderTableCell {TD} at (672,182) size 8x13 [bgcolor=#FDFDFB] [r=14 c=86 rs=1 cs=1]
              RenderInline {FONT} at (0,0) size 3x13
                RenderText {#text} at (0,0) size 3x13
                  text run at (0,0) width 3: " "
            RenderTableCell {TD} at (680,182) size 8x13 [bgcolor=#BEC2C2] [r=14 c=87 rs=1 cs=1]
              RenderInline {FONT} at (0,0) size 3x13
                RenderText {#text} at (0,0) size 3x13
                  text run at (0,0) width 3: " "
            RenderTableCell {TD} at (688,182) size 8x13 [bgcolor=#223C3D] [r=14 c=88 rs=1 cs=1]
              RenderInline {FONT} at (0,0) size 3x13
                RenderText {#text} at (0,0) size 3x13
                  text run at (0,0) width 3: " "
            RenderTableCell {TD} at (696,182) size 8x13 [bgcolor=#026766] [r=14 c=89 rs=1 cs=1]
              RenderInline {FONT} at (0,0) size 3x13
                RenderText {#text} at (0,0) size 3x13
                  text run at (0,0) width 3: " "
            RenderTableCell {TD} at (704,182) size 8x13 [bgcolor=#338686] [r=14 c=90 rs=1 cs=1]
              RenderInline {FONT} at (0,0) size 3x13
                RenderText {#text} at (0,0) size 3x13
                  text run at (0,0) width 3: " "
            RenderTableCell {TD} at (712,182) size 8x13 [bgcolor=#EDEEEF] [r=14 c=91 rs=1 cs=1]
              RenderInline {FONT} at (0,0) size 3x13
                RenderText {#text} at (0,0) size 3x13
                  text run at (0,0) width 3: " "
            RenderTableCell {TD} at (720,182) size 8x13 [bgcolor=#FDFDFB] [r=14 c=92 rs=1 cs=1]
              RenderInline {FONT} at (0,0) size 3x13
                RenderText {#text} at (0,0) size 3x13
                  text run at (0,0) width 3: " "
            RenderTableCell {TD} at (728,182) size 8x13 [bgcolor=#2D3433] [r=14 c=93 rs=1 cs=1]
              RenderInline {FONT} at (0,0) size 3x13
                RenderText {#text} at (0,0) size 3x13
                  text run at (0,0) width 3: " "
            RenderTableCell {TD} at (736,182) size 8x13 [bgcolor=#223C3D] [r=14 c=94 rs=1 cs=1]
              RenderInline {FONT} at (0,0) size 3x13
                RenderText {#text} at (0,0) size 3x13
                  text run at (0,0) width 3: " "
            RenderTableCell {TD} at (744,182) size 8x13 [bgcolor=#5E5F60] [r=14 c=95 rs=1 cs=1]
              RenderInline {FONT} at (0,0) size 3x13
                RenderText {#text} at (0,0) size 3x13
                  text run at (0,0) width 3: " "
            RenderTableCell {TD} at (752,182) size 8x13 [bgcolor=#777878] [r=14 c=96 rs=1 cs=1]
              RenderInline {FONT} at (0,0) size 3x13
                RenderText {#text} at (0,0) size 3x13
                  text run at (0,0) width 3: " "
            RenderTableCell {TD} at (760,182) size 8x13 [bgcolor=#848788] [r=14 c=97 rs=1 cs=1]
              RenderInline {FONT} at (0,0) size 3x13
                RenderText {#text} at (0,0) size 3x13
                  text run at (0,0) width 3: " "
            RenderTableCell {TD} at (768,182) size 8x13 [bgcolor=#777878] [r=14 c=98 rs=1 cs=1]
              RenderInline {FONT} at (0,0) size 3x13
                RenderText {#text} at (0,0) size 3x13
                  text run at (0,0) width 3: " "
            RenderTableCell {TD} at (776,182) size 8x13 [bgcolor=#4D4F4F] [r=14 c=99 rs=1 cs=1]
              RenderInline {FONT} at (0,0) size 3x13
                RenderText {#text} at (0,0) size 3x13
                  text run at (0,0) width 3: " "
          RenderTableRow {TR} at (0,195) size 784x13
            RenderTableCell {TD} at (0,195) size 7x13 [bgcolor=#E0EAE9] [r=15 c=0 rs=1 cs=1]
              RenderInline {FONT} at (0,0) size 3x13
                RenderText {#text} at (0,0) size 3x13
                  text run at (0,0) width 3: " "
            RenderTableCell {TD} at (7,195) size 7x13 [bgcolor=#469191] [r=15 c=1 rs=1 cs=1]
              RenderInline {FONT} at (0,0) size 3x13
                RenderText {#text} at (0,0) size 3x13
                  text run at (0,0) width 3: " "
            RenderTableCell {TD} at (14,195) size 7x13 [bgcolor=#A4CCCC] [r=15 c=2 rs=1 cs=1]
              RenderInline {FONT} at (0,0) size 3x13
                RenderText {#text} at (0,0) size 3x13
                  text run at (0,0) width 3: " "
            RenderTableCell {TD} at (21,195) size 7x13 [bgcolor=#E0EAE9] [r=15 c=3 rs=1 cs=1]
              RenderInline {FONT} at (0,0) size 3x13
                RenderText {#text} at (0,0) size 3x13
                  text run at (0,0) width 3: " "
            RenderTableCell {TD} at (28,195) size 7x13 [bgcolor=#7CAEAF] [r=15 c=4 rs=1 cs=1]
              RenderInline {FONT} at (0,0) size 3x13
                RenderText {#text} at (0,0) size 3x13
                  text run at (0,0) width 3: " "
            RenderTableCell {TD} at (35,195) size 7x13 [bgcolor=#026766] [r=15 c=5 rs=1 cs=1]
              RenderInline {FONT} at (0,0) size 3x13
                RenderText {#text} at (0,0) size 3x13
                  text run at (0,0) width 3: " "
            RenderTableCell {TD} at (42,195) size 7x13 [bgcolor=#026766] [r=15 c=6 rs=1 cs=1]
              RenderInline {FONT} at (0,0) size 3x13
                RenderText {#text} at (0,0) size 3x13
                  text run at (0,0) width 3: " "
            RenderTableCell {TD} at (49,195) size 7x13 [bgcolor=#025E5E] [r=15 c=7 rs=1 cs=1]
              RenderInline {FONT} at (0,0) size 3x13
                RenderText {#text} at (0,0) size 3x13
                  text run at (0,0) width 3: " "
            RenderTableCell {TD} at (56,195) size 7x13 [bgcolor=#025E5E] [r=15 c=8 rs=1 cs=1]
              RenderInline {FONT} at (0,0) size 3x13
                RenderText {#text} at (0,0) size 3x13
                  text run at (0,0) width 3: " "
            RenderTableCell {TD} at (63,195) size 7x13 [bgcolor=#025E5E] [r=15 c=9 rs=1 cs=1]
              RenderInline {FONT} at (0,0) size 3x13
                RenderText {#text} at (0,0) size 3x13
                  text run at (0,0) width 3: " "
            RenderTableCell {TD} at (70,195) size 7x13 [bgcolor=#72A3A1] [r=15 c=10 rs=1 cs=1]
              RenderInline {FONT} at (0,0) size 3x13
                RenderText {#text} at (0,0) size 3x13
                  text run at (0,0) width 3: " "
            RenderTableCell {TD} at (77,195) size 7x13 [bgcolor=#FDFDFB] [r=15 c=11 rs=1 cs=1]
              RenderInline {FONT} at (0,0) size 3x13
                RenderText {#text} at (0,0) size 3x13
                  text run at (0,0) width 3: " "
            RenderTableCell {TD} at (84,195) size 7x13 [bgcolor=#EDEEEF] [r=15 c=12 rs=1 cs=1]
              RenderInline {FONT} at (0,0) size 3x13
                RenderText {#text} at (0,0) size 3x13
                  text run at (0,0) width 3: " "
            RenderTableCell {TD} at (91,195) size 7x13 [bgcolor=#072323] [r=15 c=13 rs=1 cs=1]
              RenderInline {FONT} at (0,0) size 3x13
                RenderText {#text} at (0,0) size 3x13
                  text run at (0,0) width 3: " "
            RenderTableCell {TD} at (98,195) size 7x13 [bgcolor=#223C3D] [r=15 c=14 rs=1 cs=1]
              RenderInline {FONT} at (0,0) size 3x13
                RenderText {#text} at (0,0) size 3x13
                  text run at (0,0) width 3: " "
            RenderTableCell {TD} at (105,195) size 7x13 [bgcolor=#848788] [r=15 c=15 rs=1 cs=1]
              RenderInline {FONT} at (0,0) size 3x13
                RenderText {#text} at (0,0) size 3x13
                  text run at (0,0) width 3: " "
            RenderTableCell {TD} at (112,195) size 8x13 [bgcolor=#FDFDFB] [r=15 c=16 rs=1 cs=1]
              RenderInline {FONT} at (0,0) size 3x13
                RenderText {#text} at (0,0) size 3x13
                  text run at (0,0) width 3: " "
            RenderTableCell {TD} at (120,195) size 8x13 [bgcolor=#FDFDFB] [r=15 c=17 rs=1 cs=1]
              RenderInline {FONT} at (0,0) size 3x13
                RenderText {#text} at (0,0) size 3x13
                  text run at (0,0) width 3: " "
            RenderTableCell {TD} at (128,195) size 8x13 [bgcolor=#2D3433] [r=15 c=18 rs=1 cs=1]
              RenderInline {FONT} at (0,0) size 3x13
                RenderText {#text} at (0,0) size 3x13
                  text run at (0,0) width 3: " "
            RenderTableCell {TD} at (136,195) size 8x13 [bgcolor=#1E7A79] [r=15 c=19 rs=1 cs=1]
              RenderInline {FONT} at (0,0) size 3x13
                RenderText {#text} at (0,0) size 3x13
                  text run at (0,0) width 3: " "
            RenderTableCell {TD} at (144,195) size 8x13 [bgcolor=#44A3A2] [r=15 c=20 rs=1 cs=1]
              RenderInline {FONT} at (0,0) size 3x13
                RenderText {#text} at (0,0) size 3x13
                  text run at (0,0) width 3: " "
            RenderTableCell {TD} at (152,195) size 8x13 [bgcolor=#FDFDFB] [r=15 c=21 rs=1 cs=1]
              RenderInline {FONT} at (0,0) size 3x13
                RenderText {#text} at (0,0) size 3x13
                  text run at (0,0) width 3: " "
            RenderTableCell {TD} at (160,195) size 8x13 [bgcolor=#FDFDFB] [r=15 c=22 rs=1 cs=1]
              RenderInline {FONT} at (0,0) size 3x13
                RenderText {#text} at (0,0) size 3x13
                  text run at (0,0) width 3: " "
            RenderTableCell {TD} at (168,195) size 8x13 [bgcolor=#223C3D] [r=15 c=23 rs=1 cs=1]
              RenderInline {FONT} at (0,0) size 3x13
                RenderText {#text} at (0,0) size 3x13
                  text run at (0,0) width 3: " "
            RenderTableCell {TD} at (176,195) size 8x13 [bgcolor=#025E5E] [r=15 c=24 rs=1 cs=1]
              RenderInline {FONT} at (0,0) size 3x13
                RenderText {#text} at (0,0) size 3x13
                  text run at (0,0) width 3: " "
            RenderTableCell {TD} at (184,195) size 8x13 [bgcolor=#025E5E] [r=15 c=25 rs=1 cs=1]
              RenderInline {FONT} at (0,0) size 3x13
                RenderText {#text} at (0,0) size 3x13
                  text run at (0,0) width 3: " "
            RenderTableCell {TD} at (192,195) size 8x13 [bgcolor=#026766] [r=15 c=26 rs=1 cs=1]
              RenderInline {FONT} at (0,0) size 3x13
                RenderText {#text} at (0,0) size 3x13
                  text run at (0,0) width 3: " "
            RenderTableCell {TD} at (200,195) size 8x13 [bgcolor=#026766] [r=15 c=27 rs=1 cs=1]
              RenderInline {FONT} at (0,0) size 3x13
                RenderText {#text} at (0,0) size 3x13
                  text run at (0,0) width 3: " "
            RenderTableCell {TD} at (208,195) size 8x13 [bgcolor=#338686] [r=15 c=28 rs=1 cs=1]
              RenderInline {FONT} at (0,0) size 3x13
                RenderText {#text} at (0,0) size 3x13
                  text run at (0,0) width 3: " "
            RenderTableCell {TD} at (216,195) size 8x13 [bgcolor=#E0EAE9] [r=15 c=29 rs=1 cs=1]
              RenderInline {FONT} at (0,0) size 3x13
                RenderText {#text} at (0,0) size 3x13
                  text run at (0,0) width 3: " "
            RenderTableCell {TD} at (224,195) size 8x13 [bgcolor=#FDFDFB] [r=15 c=30 rs=1 cs=1]
              RenderInline {FONT} at (0,0) size 3x13
                RenderText {#text} at (0,0) size 3x13
                  text run at (0,0) width 3: " "
            RenderTableCell {TD} at (232,195) size 8x13 [bgcolor=#B4B4B4] [r=15 c=31 rs=1 cs=1]
              RenderInline {FONT} at (0,0) size 3x13
                RenderText {#text} at (0,0) size 3x13
                  text run at (0,0) width 3: " "
            RenderTableCell {TD} at (240,195) size 8x13 [bgcolor=#1C2524] [r=15 c=32 rs=1 cs=1]
              RenderInline {FONT} at (0,0) size 3x13
                RenderText {#text} at (0,0) size 3x13
                  text run at (0,0) width 3: " "
            RenderTableCell {TD} at (248,195) size 8x13 [bgcolor=#4D4F4F] [r=15 c=33 rs=1 cs=1]
              RenderInline {FONT} at (0,0) size 3x13
                RenderText {#text} at (0,0) size 3x13
                  text run at (0,0) width 3: " "
            RenderTableCell {TD} at (256,195) size 8x13 [bgcolor=#939494] [r=15 c=34 rs=1 cs=1]
              RenderInline {FONT} at (0,0) size 3x13
                RenderText {#text} at (0,0) size 3x13
                  text run at (0,0) width 3: " "
            RenderTableCell {TD} at (264,195) size 8x13 [bgcolor=#EDEEEF] [r=15 c=35 rs=1 cs=1]
              RenderInline {FONT} at (0,0) size 3x13
                RenderText {#text} at (0,0) size 3x13
                  text run at (0,0) width 3: " "
            RenderTableCell {TD} at (272,195) size 8x13 [bgcolor=#CADEDD] [r=15 c=36 rs=1 cs=1]
              RenderInline {FONT} at (0,0) size 3x13
                RenderText {#text} at (0,0) size 3x13
                  text run at (0,0) width 3: " "
            RenderTableCell {TD} at (280,195) size 8x13 [bgcolor=#338686] [r=15 c=37 rs=1 cs=1]
              RenderInline {FONT} at (0,0) size 3x13
                RenderText {#text} at (0,0) size 3x13
                  text run at (0,0) width 3: " "
            RenderTableCell {TD} at (288,195) size 8x13 [bgcolor=#026766] [r=15 c=38 rs=1 cs=1]
              RenderInline {FONT} at (0,0) size 3x13
                RenderText {#text} at (0,0) size 3x13
                  text run at (0,0) width 3: " "
            RenderTableCell {TD} at (296,195) size 8x13 [bgcolor=#026766] [r=15 c=39 rs=1 cs=1]
              RenderInline {FONT} at (0,0) size 3x13
                RenderText {#text} at (0,0) size 3x13
                  text run at (0,0) width 3: " "
            RenderTableCell {TD} at (304,195) size 8x13 [bgcolor=#025E5E] [r=15 c=40 rs=1 cs=1]
              RenderInline {FONT} at (0,0) size 3x13
                RenderText {#text} at (0,0) size 3x13
                  text run at (0,0) width 3: " "
            RenderTableCell {TD} at (312,195) size 8x13 [bgcolor=#025E5E] [r=15 c=41 rs=1 cs=1]
              RenderInline {FONT} at (0,0) size 3x13
                RenderText {#text} at (0,0) size 3x13
                  text run at (0,0) width 3: " "
            RenderTableCell {TD} at (320,195) size 8x13 [bgcolor=#1A6B6A] [r=15 c=42 rs=1 cs=1]
              RenderInline {FONT} at (0,0) size 3x13
                RenderText {#text} at (0,0) size 3x13
                  text run at (0,0) width 3: " "
            RenderTableCell {TD} at (328,195) size 8x13 [bgcolor=#CADEDD] [r=15 c=43 rs=1 cs=1]
              RenderInline {FONT} at (0,0) size 3x13
                RenderText {#text} at (0,0) size 3x13
                  text run at (0,0) width 3: " "
            RenderTableCell {TD} at (336,195) size 8x13 [bgcolor=#FDFDFB] [r=15 c=44 rs=1 cs=1]
              RenderInline {FONT} at (0,0) size 3x13
                RenderText {#text} at (0,0) size 3x13
                  text run at (0,0) width 3: " "
            RenderTableCell {TD} at (344,195) size 8x13 [bgcolor=#777878] [r=15 c=45 rs=1 cs=1]
              RenderInline {FONT} at (0,0) size 3x13
                RenderText {#text} at (0,0) size 3x13
                  text run at (0,0) width 3: " "
            RenderTableCell {TD} at (352,195) size 8x13 [bgcolor=#044F4F] [r=15 c=46 rs=1 cs=1]
              RenderInline {FONT} at (0,0) size 3x13
                RenderText {#text} at (0,0) size 3x13
                  text run at (0,0) width 3: " "
            RenderTableCell {TD} at (360,195) size 8x13 [bgcolor=#1A6B6A] [r=15 c=47 rs=1 cs=1]
              RenderInline {FONT} at (0,0) size 3x13
                RenderText {#text} at (0,0) size 3x13
                  text run at (0,0) width 3: " "
            RenderTableCell {TD} at (368,195) size 8x13 [bgcolor=#B6D0D1] [r=15 c=48 rs=1 cs=1]
              RenderInline {FONT} at (0,0) size 3x13
                RenderText {#text} at (0,0) size 3x13
                  text run at (0,0) width 3: " "
            RenderTableCell {TD} at (376,195) size 8x13 [bgcolor=#FDFDFB] [r=15 c=49 rs=1 cs=1]
              RenderInline {FONT} at (0,0) size 3x13
                RenderText {#text} at (0,0) size 3x13
                  text run at (0,0) width 3: " "
            RenderTableCell {TD} at (384,195) size 8x13 [bgcolor=#848788] [r=15 c=50 rs=1 cs=1]
              RenderInline {FONT} at (0,0) size 3x13
                RenderText {#text} at (0,0) size 3x13
                  text run at (0,0) width 3: " "
            RenderTableCell {TD} at (392,195) size 8x13 [bgcolor=#072323] [r=15 c=51 rs=1 cs=1]
              RenderInline {FONT} at (0,0) size 3x13
                RenderText {#text} at (0,0) size 3x13
                  text run at (0,0) width 3: " "
            RenderTableCell {TD} at (400,195) size 8x13 [bgcolor=#3D4242] [r=15 c=52 rs=1 cs=1]
              RenderInline {FONT} at (0,0) size 3x13
                RenderText {#text} at (0,0) size 3x13
                  text run at (0,0) width 3: " "
            RenderTableCell {TD} at (408,195) size 8x13 [bgcolor=#696A69] [r=15 c=53 rs=1 cs=1]
              RenderInline {FONT} at (0,0) size 3x13
                RenderText {#text} at (0,0) size 3x13
                  text run at (0,0) width 3: " "
            RenderTableCell {TD} at (416,195) size 8x13 [bgcolor=#848788] [r=15 c=54 rs=1 cs=1]
              RenderInline {FONT} at (0,0) size 3x13
                RenderText {#text} at (0,0) size 3x13
                  text run at (0,0) width 3: " "
            RenderTableCell {TD} at (424,195) size 8x13 [bgcolor=#939494] [r=15 c=55 rs=1 cs=1]
              RenderInline {FONT} at (0,0) size 3x13
                RenderText {#text} at (0,0) size 3x13
                  text run at (0,0) width 3: " "
            RenderTableCell {TD} at (432,195) size 8x13 [bgcolor=#B4B4B4] [r=15 c=56 rs=1 cs=1]
              RenderInline {FONT} at (0,0) size 3x13
                RenderText {#text} at (0,0) size 3x13
                  text run at (0,0) width 3: " "
            RenderTableCell {TD} at (440,195) size 8x13 [bgcolor=#FDFDFB] [r=15 c=57 rs=1 cs=1]
              RenderInline {FONT} at (0,0) size 3x13
                RenderText {#text} at (0,0) size 3x13
                  text run at (0,0) width 3: " "
            RenderTableCell {TD} at (448,195) size 8x13 [bgcolor=#FDFDFB] [r=15 c=58 rs=1 cs=1]
              RenderInline {FONT} at (0,0) size 3x13
                RenderText {#text} at (0,0) size 3x13
                  text run at (0,0) width 3: " "
            RenderTableCell {TD} at (456,195) size 8x13 [bgcolor=#2D3433] [r=15 c=59 rs=1 cs=1]
              RenderInline {FONT} at (0,0) size 3x13
                RenderText {#text} at (0,0) size 3x13
                  text run at (0,0) width 3: " "
            RenderTableCell {TD} at (464,195) size 8x13 [bgcolor=#287A7A] [r=15 c=60 rs=1 cs=1]
              RenderInline {FONT} at (0,0) size 3x13
                RenderText {#text} at (0,0) size 3x13
                  text run at (0,0) width 3: " "
            RenderTableCell {TD} at (472,195) size 8x13 [bgcolor=#027777] [r=15 c=61 rs=1 cs=1]
              RenderInline {FONT} at (0,0) size 3x13
                RenderText {#text} at (0,0) size 3x13
                  text run at (0,0) width 3: " "
            RenderTableCell {TD} at (480,195) size 8x13 [bgcolor=#B6D8D7] [r=15 c=62 rs=1 cs=1]
              RenderInline {FONT} at (0,0) size 3x13
                RenderText {#text} at (0,0) size 3x13
                  text run at (0,0) width 3: " "
            RenderTableCell {TD} at (488,195) size 8x13 [bgcolor=#FDFDFB] [r=15 c=63 rs=1 cs=1]
              RenderInline {FONT} at (0,0) size 3x13
                RenderText {#text} at (0,0) size 3x13
                  text run at (0,0) width 3: " "
            RenderTableCell {TD} at (496,195) size 8x13 [bgcolor=#91A3A3] [r=15 c=64 rs=1 cs=1]
              RenderInline {FONT} at (0,0) size 3x13
                RenderText {#text} at (0,0) size 3x13
                  text run at (0,0) width 3: " "
            RenderTableCell {TD} at (504,195) size 8x13 [bgcolor=#1A6B6A] [r=15 c=65 rs=1 cs=1]
              RenderInline {FONT} at (0,0) size 3x13
                RenderText {#text} at (0,0) size 3x13
                  text run at (0,0) width 3: " "
            RenderTableCell {TD} at (512,195) size 8x13 [bgcolor=#026766] [r=15 c=66 rs=1 cs=1]
              RenderInline {FONT} at (0,0) size 3x13
                RenderText {#text} at (0,0) size 3x13
                  text run at (0,0) width 3: " "
            RenderTableCell {TD} at (520,195) size 8x13 [bgcolor=#026766] [r=15 c=67 rs=1 cs=1]
              RenderInline {FONT} at (0,0) size 3x13
                RenderText {#text} at (0,0) size 3x13
                  text run at (0,0) width 3: " "
            RenderTableCell {TD} at (528,195) size 8x13 [bgcolor=#026766] [r=15 c=68 rs=1 cs=1]
              RenderInline {FONT} at (0,0) size 3x13
                RenderText {#text} at (0,0) size 3x13
                  text run at (0,0) width 3: " "
            RenderTableCell {TD} at (536,195) size 8x13 [bgcolor=#1A6B6A] [r=15 c=69 rs=1 cs=1]
              RenderInline {FONT} at (0,0) size 3x13
                RenderText {#text} at (0,0) size 3x13
                  text run at (0,0) width 3: " "
            RenderTableCell {TD} at (544,195) size 8x13 [bgcolor=#8DB7B6] [r=15 c=70 rs=1 cs=1]
              RenderInline {FONT} at (0,0) size 3x13
                RenderText {#text} at (0,0) size 3x13
                  text run at (0,0) width 3: " "
            RenderTableCell {TD} at (552,195) size 8x13 [bgcolor=#FDFDFB] [r=15 c=71 rs=1 cs=1]
              RenderInline {FONT} at (0,0) size 3x13
                RenderText {#text} at (0,0) size 3x13
                  text run at (0,0) width 3: " "
            RenderTableCell {TD} at (560,195) size 8x13 [bgcolor=#FDFDFB] [r=15 c=72 rs=1 cs=1]
              RenderInline {FONT} at (0,0) size 3x13
                RenderText {#text} at (0,0) size 3x13
                  text run at (0,0) width 3: " "
            RenderTableCell {TD} at (568,195) size 8x13 [bgcolor=#4D4F4F] [r=15 c=73 rs=1 cs=1]
              RenderInline {FONT} at (0,0) size 3x13
                RenderText {#text} at (0,0) size 3x13
                  text run at (0,0) width 3: " "
            RenderTableCell {TD} at (576,195) size 8x13 [bgcolor=#5E5F60] [r=15 c=74 rs=1 cs=1]
              RenderInline {FONT} at (0,0) size 3x13
                RenderText {#text} at (0,0) size 3x13
                  text run at (0,0) width 3: " "
            RenderTableCell {TD} at (584,195) size 8x13 [bgcolor=#848788] [r=15 c=75 rs=1 cs=1]
              RenderInline {FONT} at (0,0) size 3x13
                RenderText {#text} at (0,0) size 3x13
                  text run at (0,0) width 3: " "
            RenderTableCell {TD} at (592,195) size 8x13 [bgcolor=#CECFCF] [r=15 c=76 rs=1 cs=1]
              RenderInline {FONT} at (0,0) size 3x13
                RenderText {#text} at (0,0) size 3x13
                  text run at (0,0) width 3: " "
            RenderTableCell {TD} at (600,195) size 8x13 [bgcolor=#FDFDFB] [r=15 c=77 rs=1 cs=1]
              RenderInline {FONT} at (0,0) size 3x13
                RenderText {#text} at (0,0) size 3x13
                  text run at (0,0) width 3: " "
            RenderTableCell {TD} at (608,195) size 8x13 [bgcolor=#A2B5B4] [r=15 c=78 rs=1 cs=1]
              RenderInline {FONT} at (0,0) size 3x13
                RenderText {#text} at (0,0) size 3x13
                  text run at (0,0) width 3: " "
            RenderTableCell {TD} at (616,195) size 8x13 [bgcolor=#1B8685] [r=15 c=79 rs=1 cs=1]
              RenderInline {FONT} at (0,0) size 3x13
                RenderText {#text} at (0,0) size 3x13
                  text run at (0,0) width 3: " "
            RenderTableCell {TD} at (624,195) size 8x13 [bgcolor=#026766] [r=15 c=80 rs=1 cs=1]
              RenderInline {FONT} at (0,0) size 3x13
                RenderText {#text} at (0,0) size 3x13
                  text run at (0,0) width 3: " "
            RenderTableCell {TD} at (632,195) size 8x13 [bgcolor=#026766] [r=15 c=81 rs=1 cs=1]
              RenderInline {FONT} at (0,0) size 3x13
                RenderText {#text} at (0,0) size 3x13
                  text run at (0,0) width 3: " "
            RenderTableCell {TD} at (640,195) size 8x13 [bgcolor=#026766] [r=15 c=82 rs=1 cs=1]
              RenderInline {FONT} at (0,0) size 3x13
                RenderText {#text} at (0,0) size 3x13
                  text run at (0,0) width 3: " "
            RenderTableCell {TD} at (648,195) size 8x13 [bgcolor=#026766] [r=15 c=83 rs=1 cs=1]
              RenderInline {FONT} at (0,0) size 3x13
                RenderText {#text} at (0,0) size 3x13
                  text run at (0,0) width 3: " "
            RenderTableCell {TD} at (656,195) size 8x13 [bgcolor=#338686] [r=15 c=84 rs=1 cs=1]
              RenderInline {FONT} at (0,0) size 3x13
                RenderText {#text} at (0,0) size 3x13
                  text run at (0,0) width 3: " "
            RenderTableCell {TD} at (664,195) size 8x13 [bgcolor=#E0EAE9] [r=15 c=85 rs=1 cs=1]
              RenderInline {FONT} at (0,0) size 3x13
                RenderText {#text} at (0,0) size 3x13
                  text run at (0,0) width 3: " "
            RenderTableCell {TD} at (672,195) size 8x13 [bgcolor=#EDEEEF] [r=15 c=86 rs=1 cs=1]
              RenderInline {FONT} at (0,0) size 3x13
                RenderText {#text} at (0,0) size 3x13
                  text run at (0,0) width 3: " "
            RenderTableCell {TD} at (680,195) size 8x13 [bgcolor=#515C5B] [r=15 c=87 rs=1 cs=1]
              RenderInline {FONT} at (0,0) size 3x13
                RenderText {#text} at (0,0) size 3x13
                  text run at (0,0) width 3: " "
            RenderTableCell {TD} at (688,195) size 8x13 [bgcolor=#044140] [r=15 c=88 rs=1 cs=1]
              RenderInline {FONT} at (0,0) size 3x13
                RenderText {#text} at (0,0) size 3x13
                  text run at (0,0) width 3: " "
            RenderTableCell {TD} at (696,195) size 8x13 [bgcolor=#026766] [r=15 c=89 rs=1 cs=1]
              RenderInline {FONT} at (0,0) size 3x13
                RenderText {#text} at (0,0) size 3x13
                  text run at (0,0) width 3: " "
            RenderTableCell {TD} at (704,195) size 8x13 [bgcolor=#338686] [r=15 c=90 rs=1 cs=1]
              RenderInline {FONT} at (0,0) size 3x13
                RenderText {#text} at (0,0) size 3x13
                  text run at (0,0) width 3: " "
            RenderTableCell {TD} at (712,195) size 8x13 [bgcolor=#EDEEEF] [r=15 c=91 rs=1 cs=1]
              RenderInline {FONT} at (0,0) size 3x13
                RenderText {#text} at (0,0) size 3x13
                  text run at (0,0) width 3: " "
            RenderTableCell {TD} at (720,195) size 8x13 [bgcolor=#FDFDFB] [r=15 c=92 rs=1 cs=1]
              RenderInline {FONT} at (0,0) size 3x13
                RenderText {#text} at (0,0) size 3x13
                  text run at (0,0) width 3: " "
            RenderTableCell {TD} at (728,195) size 8x13 [bgcolor=#2D3433] [r=15 c=93 rs=1 cs=1]
              RenderInline {FONT} at (0,0) size 3x13
                RenderText {#text} at (0,0) size 3x13
                  text run at (0,0) width 3: " "
            RenderTableCell {TD} at (736,195) size 8x13 [bgcolor=#223C3D] [r=15 c=94 rs=1 cs=1]
              RenderInline {FONT} at (0,0) size 3x13
                RenderText {#text} at (0,0) size 3x13
                  text run at (0,0) width 3: " "
            RenderTableCell {TD} at (744,195) size 8x13 [bgcolor=#5E5F60] [r=15 c=95 rs=1 cs=1]
              RenderInline {FONT} at (0,0) size 3x13
                RenderText {#text} at (0,0) size 3x13
                  text run at (0,0) width 3: " "
            RenderTableCell {TD} at (752,195) size 8x13 [bgcolor=#777878] [r=15 c=96 rs=1 cs=1]
              RenderInline {FONT} at (0,0) size 3x13
                RenderText {#text} at (0,0) size 3x13
                  text run at (0,0) width 3: " "
            RenderTableCell {TD} at (760,195) size 8x13 [bgcolor=#848788] [r=15 c=97 rs=1 cs=1]
              RenderInline {FONT} at (0,0) size 3x13
                RenderText {#text} at (0,0) size 3x13
                  text run at (0,0) width 3: " "
            RenderTableCell {TD} at (768,195) size 8x13 [bgcolor=#777878] [r=15 c=98 rs=1 cs=1]
              RenderInline {FONT} at (0,0) size 3x13
                RenderText {#text} at (0,0) size 3x13
                  text run at (0,0) width 3: " "
            RenderTableCell {TD} at (776,195) size 8x13 [bgcolor=#4D4F4F] [r=15 c=99 rs=1 cs=1]
              RenderInline {FONT} at (0,0) size 3x13
                RenderText {#text} at (0,0) size 3x13
                  text run at (0,0) width 3: " "
          RenderTableRow {TR} at (0,208) size 784x13
            RenderTableCell {TD} at (0,208) size 7x13 [bgcolor=#FDFDFB] [r=16 c=0 rs=1 cs=1]
              RenderInline {FONT} at (0,0) size 3x13
                RenderText {#text} at (0,0) size 3x13
                  text run at (0,0) width 3: " "
            RenderTableCell {TD} at (7,208) size 7x13 [bgcolor=#7CAEAF] [r=16 c=1 rs=1 cs=1]
              RenderInline {FONT} at (0,0) size 3x13
                RenderText {#text} at (0,0) size 3x13
                  text run at (0,0) width 3: " "
            RenderTableCell {TD} at (14,208) size 7x13 [bgcolor=#469191] [r=16 c=2 rs=1 cs=1]
              RenderInline {FONT} at (0,0) size 3x13
                RenderText {#text} at (0,0) size 3x13
                  text run at (0,0) width 3: " "
            RenderTableCell {TD} at (21,208) size 7x13 [bgcolor=#EDEEEF] [r=16 c=3 rs=1 cs=1]
              RenderInline {FONT} at (0,0) size 3x13
                RenderText {#text} at (0,0) size 3x13
                  text run at (0,0) width 3: " "
            RenderTableCell {TD} at (28,208) size 7x13 [bgcolor=#FDFDFB] [r=16 c=4 rs=1 cs=1]
              RenderInline {FONT} at (0,0) size 3x13
                RenderText {#text} at (0,0) size 3x13
                  text run at (0,0) width 3: " "
            RenderTableCell {TD} at (35,208) size 7x13 [bgcolor=#A4CCCC] [r=16 c=5 rs=1 cs=1]
              RenderInline {FONT} at (0,0) size 3x13
                RenderText {#text} at (0,0) size 3x13
                  text run at (0,0) width 3: " "
            RenderTableCell {TD} at (42,208) size 7x13 [bgcolor=#7CAEAF] [r=16 c=6 rs=1 cs=1]
              RenderInline {FONT} at (0,0) size 3x13
                RenderText {#text} at (0,0) size 3x13
                  text run at (0,0) width 3: " "
            RenderTableCell {TD} at (49,208) size 7x13 [bgcolor=#60A2A3] [r=16 c=7 rs=1 cs=1]
              RenderInline {FONT} at (0,0) size 3x13
                RenderText {#text} at (0,0) size 3x13
                  text run at (0,0) width 3: " "
            RenderTableCell {TD} at (56,208) size 7x13 [bgcolor=#72A3A1] [r=16 c=8 rs=1 cs=1]
              RenderInline {FONT} at (0,0) size 3x13
                RenderText {#text} at (0,0) size 3x13
                  text run at (0,0) width 3: " "
            RenderTableCell {TD} at (63,208) size 7x13 [bgcolor=#97C1C0] [r=16 c=9 rs=1 cs=1]
              RenderInline {FONT} at (0,0) size 3x13
                RenderText {#text} at (0,0) size 3x13
                  text run at (0,0) width 3: " "
            RenderTableCell {TD} at (70,208) size 7x13 [bgcolor=#E0EAE9] [r=16 c=10 rs=1 cs=1]
              RenderInline {FONT} at (0,0) size 3x13
                RenderText {#text} at (0,0) size 3x13
                  text run at (0,0) width 3: " "
            RenderTableCell {TD} at (77,208) size 7x13 [bgcolor=#EDEEEF] [r=16 c=11 rs=1 cs=1]
              RenderInline {FONT} at (0,0) size 3x13
                RenderText {#text} at (0,0) size 3x13
                  text run at (0,0) width 3: " "
            RenderTableCell {TD} at (84,208) size 7x13 [bgcolor=#696A69] [r=16 c=12 rs=1 cs=1]
              RenderInline {FONT} at (0,0) size 3x13
                RenderText {#text} at (0,0) size 3x13
                  text run at (0,0) width 3: " "
            RenderTableCell {TD} at (91,208) size 7x13 [bgcolor=#072323] [r=16 c=13 rs=1 cs=1]
              RenderInline {FONT} at (0,0) size 3x13
                RenderText {#text} at (0,0) size 3x13
                  text run at (0,0) width 3: " "
            RenderTableCell {TD} at (98,208) size 7x13 [bgcolor=#223C3D] [r=16 c=14 rs=1 cs=1]
              RenderInline {FONT} at (0,0) size 3x13
                RenderText {#text} at (0,0) size 3x13
                  text run at (0,0) width 3: " "
            RenderTableCell {TD} at (105,208) size 7x13 [bgcolor=#848788] [r=16 c=15 rs=1 cs=1]
              RenderInline {FONT} at (0,0) size 3x13
                RenderText {#text} at (0,0) size 3x13
                  text run at (0,0) width 3: " "
            RenderTableCell {TD} at (112,208) size 8x13 [bgcolor=#FDFDFB] [r=16 c=16 rs=1 cs=1]
              RenderInline {FONT} at (0,0) size 3x13
                RenderText {#text} at (0,0) size 3x13
                  text run at (0,0) width 3: " "
            RenderTableCell {TD} at (120,208) size 8x13 [bgcolor=#FDFDFB] [r=16 c=17 rs=1 cs=1]
              RenderInline {FONT} at (0,0) size 3x13
                RenderText {#text} at (0,0) size 3x13
                  text run at (0,0) width 3: " "
            RenderTableCell {TD} at (128,208) size 8x13 [bgcolor=#2D3433] [r=16 c=18 rs=1 cs=1]
              RenderInline {FONT} at (0,0) size 3x13
                RenderText {#text} at (0,0) size 3x13
                  text run at (0,0) width 3: " "
            RenderTableCell {TD} at (136,208) size 8x13 [bgcolor=#1E7A79] [r=16 c=19 rs=1 cs=1]
              RenderInline {FONT} at (0,0) size 3x13
                RenderText {#text} at (0,0) size 3x13
                  text run at (0,0) width 3: " "
            RenderTableCell {TD} at (144,208) size 8x13 [bgcolor=#1B8685] [r=16 c=20 rs=1 cs=1]
              RenderInline {FONT} at (0,0) size 3x13
                RenderText {#text} at (0,0) size 3x13
                  text run at (0,0) width 3: " "
            RenderTableCell {TD} at (152,208) size 8x13 [bgcolor=#CADEDD] [r=16 c=21 rs=1 cs=1]
              RenderInline {FONT} at (0,0) size 3x13
                RenderText {#text} at (0,0) size 3x13
                  text run at (0,0) width 3: " "
            RenderTableCell {TD} at (160,208) size 8x13 [bgcolor=#FDFDFB] [r=16 c=22 rs=1 cs=1]
              RenderInline {FONT} at (0,0) size 3x13
                RenderText {#text} at (0,0) size 3x13
                  text run at (0,0) width 3: " "
            RenderTableCell {TD} at (168,208) size 8x13 [bgcolor=#B6D0D1] [r=16 c=23 rs=1 cs=1]
              RenderInline {FONT} at (0,0) size 3x13
                RenderText {#text} at (0,0) size 3x13
                  text run at (0,0) width 3: " "
            RenderTableCell {TD} at (176,208) size 8x13 [bgcolor=#7CAEAF] [r=16 c=24 rs=1 cs=1]
              RenderInline {FONT} at (0,0) size 3x13
                RenderText {#text} at (0,0) size 3x13
                  text run at (0,0) width 3: " "
            RenderTableCell {TD} at (184,208) size 8x13 [bgcolor=#60A2A3] [r=16 c=25 rs=1 cs=1]
              RenderInline {FONT} at (0,0) size 3x13
                RenderText {#text} at (0,0) size 3x13
                  text run at (0,0) width 3: " "
            RenderTableCell {TD} at (192,208) size 8x13 [bgcolor=#7CAEAF] [r=16 c=26 rs=1 cs=1]
              RenderInline {FONT} at (0,0) size 3x13
                RenderText {#text} at (0,0) size 3x13
                  text run at (0,0) width 3: " "
            RenderTableCell {TD} at (200,208) size 8x13 [bgcolor=#A4CCCC] [r=16 c=27 rs=1 cs=1]
              RenderInline {FONT} at (0,0) size 3x13
                RenderText {#text} at (0,0) size 3x13
                  text run at (0,0) width 3: " "
            RenderTableCell {TD} at (208,208) size 8x13 [bgcolor=#DEDFDF] [r=16 c=28 rs=1 cs=1]
              RenderInline {FONT} at (0,0) size 3x13
                RenderText {#text} at (0,0) size 3x13
                  text run at (0,0) width 3: " "
            RenderTableCell {TD} at (216,208) size 8x13 [bgcolor=#BEC2C2] [r=16 c=29 rs=1 cs=1]
              RenderInline {FONT} at (0,0) size 3x13
                RenderText {#text} at (0,0) size 3x13
                  text run at (0,0) width 3: " "
            RenderTableCell {TD} at (224,208) size 8x13 [bgcolor=#FDFDFB] [r=16 c=30 rs=1 cs=1]
              RenderInline {FONT} at (0,0) size 3x13
                RenderText {#text} at (0,0) size 3x13
                  text run at (0,0) width 3: " "
            RenderTableCell {TD} at (232,208) size 8x13 [bgcolor=#DEDFDF] [r=16 c=31 rs=1 cs=1]
              RenderInline {FONT} at (0,0) size 3x13
                RenderText {#text} at (0,0) size 3x13
                  text run at (0,0) width 3: " "
            RenderTableCell {TD} at (240,208) size 8x13 [bgcolor=#939494] [r=16 c=32 rs=1 cs=1]
              RenderInline {FONT} at (0,0) size 3x13
                RenderText {#text} at (0,0) size 3x13
                  text run at (0,0) width 3: " "
            RenderTableCell {TD} at (248,208) size 8x13 [bgcolor=#696A69] [r=16 c=33 rs=1 cs=1]
              RenderInline {FONT} at (0,0) size 3x13
                RenderText {#text} at (0,0) size 3x13
                  text run at (0,0) width 3: " "
            RenderTableCell {TD} at (256,208) size 8x13 [bgcolor=#848788] [r=16 c=34 rs=1 cs=1]
              RenderInline {FONT} at (0,0) size 3x13
                RenderText {#text} at (0,0) size 3x13
                  text run at (0,0) width 3: " "
            RenderTableCell {TD} at (264,208) size 8x13 [bgcolor=#CECFCF] [r=16 c=35 rs=1 cs=1]
              RenderInline {FONT} at (0,0) size 3x13
                RenderText {#text} at (0,0) size 3x13
                  text run at (0,0) width 3: " "
            RenderTableCell {TD} at (272,208) size 8x13 [bgcolor=#FDFDFB] [r=16 c=36 rs=1 cs=1]
              RenderInline {FONT} at (0,0) size 3x13
                RenderText {#text} at (0,0) size 3x13
                  text run at (0,0) width 3: " "
            RenderTableCell {TD} at (280,208) size 8x13 [bgcolor=#DEDFDF] [r=16 c=37 rs=1 cs=1]
              RenderInline {FONT} at (0,0) size 3x13
                RenderText {#text} at (0,0) size 3x13
                  text run at (0,0) width 3: " "
            RenderTableCell {TD} at (288,208) size 8x13 [bgcolor=#8DB7B6] [r=16 c=38 rs=1 cs=1]
              RenderInline {FONT} at (0,0) size 3x13
                RenderText {#text} at (0,0) size 3x13
                  text run at (0,0) width 3: " "
            RenderTableCell {TD} at (296,208) size 8x13 [bgcolor=#72A3A1] [r=16 c=39 rs=1 cs=1]
              RenderInline {FONT} at (0,0) size 3x13
                RenderText {#text} at (0,0) size 3x13
                  text run at (0,0) width 3: " "
            RenderTableCell {TD} at (304,208) size 8x13 [bgcolor=#60A2A3] [r=16 c=40 rs=1 cs=1]
              RenderInline {FONT} at (0,0) size 3x13
                RenderText {#text} at (0,0) size 3x13
                  text run at (0,0) width 3: " "
            RenderTableCell {TD} at (312,208) size 8x13 [bgcolor=#7CAEAF] [r=16 c=41 rs=1 cs=1]
              RenderInline {FONT} at (0,0) size 3x13
                RenderText {#text} at (0,0) size 3x13
                  text run at (0,0) width 3: " "
            RenderTableCell {TD} at (320,208) size 8x13 [bgcolor=#B6D8D7] [r=16 c=42 rs=1 cs=1]
              RenderInline {FONT} at (0,0) size 3x13
                RenderText {#text} at (0,0) size 3x13
                  text run at (0,0) width 3: " "
            RenderTableCell {TD} at (328,208) size 8x13 [bgcolor=#FDFDFB] [r=16 c=43 rs=1 cs=1]
              RenderInline {FONT} at (0,0) size 3x13
                RenderText {#text} at (0,0) size 3x13
                  text run at (0,0) width 3: " "
            RenderTableCell {TD} at (336,208) size 8x13 [bgcolor=#B4B4B4] [r=16 c=44 rs=1 cs=1]
              RenderInline {FONT} at (0,0) size 3x13
                RenderText {#text} at (0,0) size 3x13
                  text run at (0,0) width 3: " "
            RenderTableCell {TD} at (344,208) size 8x13 [bgcolor=#1C2524] [r=16 c=45 rs=1 cs=1]
              RenderInline {FONT} at (0,0) size 3x13
                RenderText {#text} at (0,0) size 3x13
                  text run at (0,0) width 3: " "
            RenderTableCell {TD} at (352,208) size 8x13 [bgcolor=#025E5E] [r=16 c=46 rs=1 cs=1]
              RenderInline {FONT} at (0,0) size 3x13
                RenderText {#text} at (0,0) size 3x13
                  text run at (0,0) width 3: " "
            RenderTableCell {TD} at (360,208) size 8x13 [bgcolor=#1A6B6A] [r=16 c=47 rs=1 cs=1]
              RenderInline {FONT} at (0,0) size 3x13
                RenderText {#text} at (0,0) size 3x13
                  text run at (0,0) width 3: " "
            RenderTableCell {TD} at (368,208) size 8x13 [bgcolor=#B6D0D1] [r=16 c=48 rs=1 cs=1]
              RenderInline {FONT} at (0,0) size 3x13
                RenderText {#text} at (0,0) size 3x13
                  text run at (0,0) width 3: " "
            RenderTableCell {TD} at (376,208) size 8x13 [bgcolor=#FDFDFB] [r=16 c=49 rs=1 cs=1]
              RenderInline {FONT} at (0,0) size 3x13
                RenderText {#text} at (0,0) size 3x13
                  text run at (0,0) width 3: " "
            RenderTableCell {TD} at (384,208) size 8x13 [bgcolor=#848788] [r=16 c=50 rs=1 cs=1]
              RenderInline {FONT} at (0,0) size 3x13
                RenderText {#text} at (0,0) size 3x13
                  text run at (0,0) width 3: " "
            RenderTableCell {TD} at (392,208) size 8x13 [bgcolor=#072323] [r=16 c=51 rs=1 cs=1]
              RenderInline {FONT} at (0,0) size 3x13
                RenderText {#text} at (0,0) size 3x13
                  text run at (0,0) width 3: " "
            RenderTableCell {TD} at (400,208) size 8x13 [bgcolor=#3D4242] [r=16 c=52 rs=1 cs=1]
              RenderInline {FONT} at (0,0) size 3x13
                RenderText {#text} at (0,0) size 3x13
                  text run at (0,0) width 3: " "
            RenderTableCell {TD} at (408,208) size 8x13 [bgcolor=#696A69] [r=16 c=53 rs=1 cs=1]
              RenderInline {FONT} at (0,0) size 3x13
                RenderText {#text} at (0,0) size 3x13
                  text run at (0,0) width 3: " "
            RenderTableCell {TD} at (416,208) size 8x13 [bgcolor=#848788] [r=16 c=54 rs=1 cs=1]
              RenderInline {FONT} at (0,0) size 3x13
                RenderText {#text} at (0,0) size 3x13
                  text run at (0,0) width 3: " "
            RenderTableCell {TD} at (424,208) size 8x13 [bgcolor=#939494] [r=16 c=55 rs=1 cs=1]
              RenderInline {FONT} at (0,0) size 3x13
                RenderText {#text} at (0,0) size 3x13
                  text run at (0,0) width 3: " "
            RenderTableCell {TD} at (432,208) size 8x13 [bgcolor=#B4B4B4] [r=16 c=56 rs=1 cs=1]
              RenderInline {FONT} at (0,0) size 3x13
                RenderText {#text} at (0,0) size 3x13
                  text run at (0,0) width 3: " "
            RenderTableCell {TD} at (440,208) size 8x13 [bgcolor=#FDFDFB] [r=16 c=57 rs=1 cs=1]
              RenderInline {FONT} at (0,0) size 3x13
                RenderText {#text} at (0,0) size 3x13
                  text run at (0,0) width 3: " "
            RenderTableCell {TD} at (448,208) size 8x13 [bgcolor=#FDFDFB] [r=16 c=58 rs=1 cs=1]
              RenderInline {FONT} at (0,0) size 3x13
                RenderText {#text} at (0,0) size 3x13
                  text run at (0,0) width 3: " "
            RenderTableCell {TD} at (456,208) size 8x13 [bgcolor=#2D3433] [r=16 c=59 rs=1 cs=1]
              RenderInline {FONT} at (0,0) size 3x13
                RenderText {#text} at (0,0) size 3x13
                  text run at (0,0) width 3: " "
            RenderTableCell {TD} at (464,208) size 8x13 [bgcolor=#447877] [r=16 c=60 rs=1 cs=1]
              RenderInline {FONT} at (0,0) size 3x13
                RenderText {#text} at (0,0) size 3x13
                  text run at (0,0) width 3: " "
            RenderTableCell {TD} at (472,208) size 8x13 [bgcolor=#027777] [r=16 c=61 rs=1 cs=1]
              RenderInline {FONT} at (0,0) size 3x13
                RenderText {#text} at (0,0) size 3x13
                  text run at (0,0) width 3: " "
            RenderTableCell {TD} at (480,208) size 8x13 [bgcolor=#338686] [r=16 c=62 rs=1 cs=1]
              RenderInline {FONT} at (0,0) size 3x13
                RenderText {#text} at (0,0) size 3x13
                  text run at (0,0) width 3: " "
            RenderTableCell {TD} at (488,208) size 8x13 [bgcolor=#B6D0D1] [r=16 c=63 rs=1 cs=1]
              RenderInline {FONT} at (0,0) size 3x13
                RenderText {#text} at (0,0) size 3x13
                  text run at (0,0) width 3: " "
            RenderTableCell {TD} at (496,208) size 8x13 [bgcolor=#FDFDFB] [r=16 c=64 rs=1 cs=1]
              RenderInline {FONT} at (0,0) size 3x13
                RenderText {#text} at (0,0) size 3x13
                  text run at (0,0) width 3: " "
            RenderTableCell {TD} at (504,208) size 8x13 [bgcolor=#B6D0D1] [r=16 c=65 rs=1 cs=1]
              RenderInline {FONT} at (0,0) size 3x13
                RenderText {#text} at (0,0) size 3x13
                  text run at (0,0) width 3: " "
            RenderTableCell {TD} at (512,208) size 8x13 [bgcolor=#7CAEAF] [r=16 c=66 rs=1 cs=1]
              RenderInline {FONT} at (0,0) size 3x13
                RenderText {#text} at (0,0) size 3x13
                  text run at (0,0) width 3: " "
            RenderTableCell {TD} at (520,208) size 8x13 [bgcolor=#60A2A3] [r=16 c=67 rs=1 cs=1]
              RenderInline {FONT} at (0,0) size 3x13
                RenderText {#text} at (0,0) size 3x13
                  text run at (0,0) width 3: " "
            RenderTableCell {TD} at (528,208) size 8x13 [bgcolor=#7CAEAF] [r=16 c=68 rs=1 cs=1]
              RenderInline {FONT} at (0,0) size 3x13
                RenderText {#text} at (0,0) size 3x13
                  text run at (0,0) width 3: " "
            RenderTableCell {TD} at (536,208) size 8x13 [bgcolor=#CADEDD] [r=16 c=69 rs=1 cs=1]
              RenderInline {FONT} at (0,0) size 3x13
                RenderText {#text} at (0,0) size 3x13
                  text run at (0,0) width 3: " "
            RenderTableCell {TD} at (544,208) size 8x13 [bgcolor=#DEDFDF] [r=16 c=70 rs=1 cs=1]
              RenderInline {FONT} at (0,0) size 3x13
                RenderText {#text} at (0,0) size 3x13
                  text run at (0,0) width 3: " "
            RenderTableCell {TD} at (552,208) size 8x13 [bgcolor=#DEDFDF] [r=16 c=71 rs=1 cs=1]
              RenderInline {FONT} at (0,0) size 3x13
                RenderText {#text} at (0,0) size 3x13
                  text run at (0,0) width 3: " "
            RenderTableCell {TD} at (560,208) size 8x13 [bgcolor=#FDFDFB] [r=16 c=72 rs=1 cs=1]
              RenderInline {FONT} at (0,0) size 3x13
                RenderText {#text} at (0,0) size 3x13
                  text run at (0,0) width 3: " "
            RenderTableCell {TD} at (568,208) size 8x13 [bgcolor=#4D4F4F] [r=16 c=73 rs=1 cs=1]
              RenderInline {FONT} at (0,0) size 3x13
                RenderText {#text} at (0,0) size 3x13
                  text run at (0,0) width 3: " "
            RenderTableCell {TD} at (576,208) size 8x13 [bgcolor=#5E5F60] [r=16 c=74 rs=1 cs=1]
              RenderInline {FONT} at (0,0) size 3x13
                RenderText {#text} at (0,0) size 3x13
                  text run at (0,0) width 3: " "
            RenderTableCell {TD} at (584,208) size 8x13 [bgcolor=#848788] [r=16 c=75 rs=1 cs=1]
              RenderInline {FONT} at (0,0) size 3x13
                RenderText {#text} at (0,0) size 3x13
                  text run at (0,0) width 3: " "
            RenderTableCell {TD} at (592,208) size 8x13 [bgcolor=#939494] [r=16 c=76 rs=1 cs=1]
              RenderInline {FONT} at (0,0) size 3x13
                RenderText {#text} at (0,0) size 3x13
                  text run at (0,0) width 3: " "
            RenderTableCell {TD} at (600,208) size 8x13 [bgcolor=#BEC2C2] [r=16 c=77 rs=1 cs=1]
              RenderInline {FONT} at (0,0) size 3x13
                RenderText {#text} at (0,0) size 3x13
                  text run at (0,0) width 3: " "
            RenderTableCell {TD} at (608,208) size 8x13 [bgcolor=#FDFDFB] [r=16 c=78 rs=1 cs=1]
              RenderInline {FONT} at (0,0) size 3x13
                RenderText {#text} at (0,0) size 3x13
                  text run at (0,0) width 3: " "
            RenderTableCell {TD} at (616,208) size 8x13 [bgcolor=#CADEDD] [r=16 c=79 rs=1 cs=1]
              RenderInline {FONT} at (0,0) size 3x13
                RenderText {#text} at (0,0) size 3x13
                  text run at (0,0) width 3: " "
            RenderTableCell {TD} at (624,208) size 8x13 [bgcolor=#8DB7B6] [r=16 c=80 rs=1 cs=1]
              RenderInline {FONT} at (0,0) size 3x13
                RenderText {#text} at (0,0) size 3x13
                  text run at (0,0) width 3: " "
            RenderTableCell {TD} at (632,208) size 8x13 [bgcolor=#72A3A1] [r=16 c=81 rs=1 cs=1]
              RenderInline {FONT} at (0,0) size 3x13
                RenderText {#text} at (0,0) size 3x13
                  text run at (0,0) width 3: " "
            RenderTableCell {TD} at (640,208) size 8x13 [bgcolor=#72A3A1] [r=16 c=82 rs=1 cs=1]
              RenderInline {FONT} at (0,0) size 3x13
                RenderText {#text} at (0,0) size 3x13
                  text run at (0,0) width 3: " "
            RenderTableCell {TD} at (648,208) size 8x13 [bgcolor=#97C1C0] [r=16 c=83 rs=1 cs=1]
              RenderInline {FONT} at (0,0) size 3x13
                RenderText {#text} at (0,0) size 3x13
                  text run at (0,0) width 3: " "
            RenderTableCell {TD} at (656,208) size 8x13 [bgcolor=#EDEEEF] [r=16 c=84 rs=1 cs=1]
              RenderInline {FONT} at (0,0) size 3x13
                RenderText {#text} at (0,0) size 3x13
                  text run at (0,0) width 3: " "
            RenderTableCell {TD} at (664,208) size 8x13 [bgcolor=#DEDFDF] [r=16 c=85 rs=1 cs=1]
              RenderInline {FONT} at (0,0) size 3x13
                RenderText {#text} at (0,0) size 3x13
                  text run at (0,0) width 3: " "
            RenderTableCell {TD} at (672,208) size 8x13 [bgcolor=#696A69] [r=16 c=86 rs=1 cs=1]
              RenderInline {FONT} at (0,0) size 3x13
                RenderText {#text} at (0,0) size 3x13
                  text run at (0,0) width 3: " "
            RenderTableCell {TD} at (680,208) size 8x13 [bgcolor=#072323] [r=16 c=87 rs=1 cs=1]
              RenderInline {FONT} at (0,0) size 3x13
                RenderText {#text} at (0,0) size 3x13
                  text run at (0,0) width 3: " "
            RenderTableCell {TD} at (688,208) size 8x13 [bgcolor=#025E5E] [r=16 c=88 rs=1 cs=1]
              RenderInline {FONT} at (0,0) size 3x13
                RenderText {#text} at (0,0) size 3x13
                  text run at (0,0) width 3: " "
            RenderTableCell {TD} at (696,208) size 8x13 [bgcolor=#026766] [r=16 c=89 rs=1 cs=1]
              RenderInline {FONT} at (0,0) size 3x13
                RenderText {#text} at (0,0) size 3x13
                  text run at (0,0) width 3: " "
            RenderTableCell {TD} at (704,208) size 8x13 [bgcolor=#287A7A] [r=16 c=90 rs=1 cs=1]
              RenderInline {FONT} at (0,0) size 3x13
                RenderText {#text} at (0,0) size 3x13
                  text run at (0,0) width 3: " "
            RenderTableCell {TD} at (712,208) size 8x13 [bgcolor=#E0EAE9] [r=16 c=91 rs=1 cs=1]
              RenderInline {FONT} at (0,0) size 3x13
                RenderText {#text} at (0,0) size 3x13
                  text run at (0,0) width 3: " "
            RenderTableCell {TD} at (720,208) size 8x13 [bgcolor=#FDFDFB] [r=16 c=92 rs=1 cs=1]
              RenderInline {FONT} at (0,0) size 3x13
                RenderText {#text} at (0,0) size 3x13
                  text run at (0,0) width 3: " "
            RenderTableCell {TD} at (728,208) size 8x13 [bgcolor=#B4B4B4] [r=16 c=93 rs=1 cs=1]
              RenderInline {FONT} at (0,0) size 3x13
                RenderText {#text} at (0,0) size 3x13
                  text run at (0,0) width 3: " "
            RenderTableCell {TD} at (736,208) size 8x13 [bgcolor=#91A3A3] [r=16 c=94 rs=1 cs=1]
              RenderInline {FONT} at (0,0) size 3x13
                RenderText {#text} at (0,0) size 3x13
                  text run at (0,0) width 3: " "
            RenderTableCell {TD} at (744,208) size 8x13 [bgcolor=#848788] [r=16 c=95 rs=1 cs=1]
              RenderInline {FONT} at (0,0) size 3x13
                RenderText {#text} at (0,0) size 3x13
                  text run at (0,0) width 3: " "
            RenderTableCell {TD} at (752,208) size 8x13 [bgcolor=#777878] [r=16 c=96 rs=1 cs=1]
              RenderInline {FONT} at (0,0) size 3x13
                RenderText {#text} at (0,0) size 3x13
                  text run at (0,0) width 3: " "
            RenderTableCell {TD} at (760,208) size 8x13 [bgcolor=#848788] [r=16 c=97 rs=1 cs=1]
              RenderInline {FONT} at (0,0) size 3x13
                RenderText {#text} at (0,0) size 3x13
                  text run at (0,0) width 3: " "
            RenderTableCell {TD} at (768,208) size 8x13 [bgcolor=#777878] [r=16 c=98 rs=1 cs=1]
              RenderInline {FONT} at (0,0) size 3x13
                RenderText {#text} at (0,0) size 3x13
                  text run at (0,0) width 3: " "
            RenderTableCell {TD} at (776,208) size 8x13 [bgcolor=#4D4F4F] [r=16 c=99 rs=1 cs=1]
              RenderInline {FONT} at (0,0) size 3x13
                RenderText {#text} at (0,0) size 3x13
                  text run at (0,0) width 3: " "
          RenderTableRow {TR} at (0,221) size 784x13
            RenderTableCell {TD} at (0,221) size 7x13 [bgcolor=#FDFDFB] [r=17 c=0 rs=1 cs=1]
              RenderInline {FONT} at (0,0) size 3x13
                RenderText {#text} at (0,0) size 3x13
                  text run at (0,0) width 3: " "
            RenderTableCell {TD} at (7,221) size 7x13 [bgcolor=#CADEDD] [r=17 c=1 rs=1 cs=1]
              RenderInline {FONT} at (0,0) size 3x13
                RenderText {#text} at (0,0) size 3x13
                  text run at (0,0) width 3: " "
            RenderTableCell {TD} at (14,221) size 7x13 [bgcolor=#1A6B6A] [r=17 c=2 rs=1 cs=1]
              RenderInline {FONT} at (0,0) size 3x13
                RenderText {#text} at (0,0) size 3x13
                  text run at (0,0) width 3: " "
            RenderTableCell {TD} at (21,221) size 7x13 [bgcolor=#1A5C5C] [r=17 c=3 rs=1 cs=1]
              RenderInline {FONT} at (0,0) size 3x13
                RenderText {#text} at (0,0) size 3x13
                  text run at (0,0) width 3: " "
            RenderTableCell {TD} at (28,221) size 7x13 [bgcolor=#647979] [r=17 c=4 rs=1 cs=1]
              RenderInline {FONT} at (0,0) size 3x13
                RenderText {#text} at (0,0) size 3x13
                  text run at (0,0) width 3: " "
            RenderTableCell {TD} at (35,221) size 7x13 [bgcolor=#939494] [r=17 c=5 rs=1 cs=1]
              RenderInline {FONT} at (0,0) size 3x13
                RenderText {#text} at (0,0) size 3x13
                  text run at (0,0) width 3: " "
            RenderTableCell {TD} at (42,221) size 7x13 [bgcolor=#A5A6A6] [r=17 c=6 rs=1 cs=1]
              RenderInline {FONT} at (0,0) size 3x13
                RenderText {#text} at (0,0) size 3x13
                  text run at (0,0) width 3: " "
            RenderTableCell {TD} at (49,221) size 7x13 [bgcolor=#A5A6A6] [r=17 c=7 rs=1 cs=1]
              RenderInline {FONT} at (0,0) size 3x13
                RenderText {#text} at (0,0) size 3x13
                  text run at (0,0) width 3: " "
            RenderTableCell {TD} at (56,221) size 7x13 [bgcolor=#A5A6A6] [r=17 c=8 rs=1 cs=1]
              RenderInline {FONT} at (0,0) size 3x13
                RenderText {#text} at (0,0) size 3x13
                  text run at (0,0) width 3: " "
            RenderTableCell {TD} at (63,221) size 7x13 [bgcolor=#91A3A3] [r=17 c=9 rs=1 cs=1]
              RenderInline {FONT} at (0,0) size 3x13
                RenderText {#text} at (0,0) size 3x13
                  text run at (0,0) width 3: " "
            RenderTableCell {TD} at (70,221) size 7x13 [bgcolor=#696A69] [r=17 c=10 rs=1 cs=1]
              RenderInline {FONT} at (0,0) size 3x13
                RenderText {#text} at (0,0) size 3x13
                  text run at (0,0) width 3: " "
            RenderTableCell {TD} at (77,221) size 7x13 [bgcolor=#1C2524] [r=17 c=11 rs=1 cs=1]
              RenderInline {FONT} at (0,0) size 3x13
                RenderText {#text} at (0,0) size 3x13
                  text run at (0,0) width 3: " "
            RenderTableCell {TD} at (84,221) size 7x13 [bgcolor=#083131] [r=17 c=12 rs=1 cs=1]
              RenderInline {FONT} at (0,0) size 3x13
                RenderText {#text} at (0,0) size 3x13
                  text run at (0,0) width 3: " "
            RenderTableCell {TD} at (91,221) size 7x13 [bgcolor=#044140] [r=17 c=13 rs=1 cs=1]
              RenderInline {FONT} at (0,0) size 3x13
                RenderText {#text} at (0,0) size 3x13
                  text run at (0,0) width 3: " "
            RenderTableCell {TD} at (98,221) size 7x13 [bgcolor=#223C3D] [r=17 c=14 rs=1 cs=1]
              RenderInline {FONT} at (0,0) size 3x13
                RenderText {#text} at (0,0) size 3x13
                  text run at (0,0) width 3: " "
            RenderTableCell {TD} at (105,221) size 7x13 [bgcolor=#777878] [r=17 c=15 rs=1 cs=1]
              RenderInline {FONT} at (0,0) size 3x13
                RenderText {#text} at (0,0) size 3x13
                  text run at (0,0) width 3: " "
            RenderTableCell {TD} at (112,221) size 8x13 [bgcolor=#939494] [r=17 c=16 rs=1 cs=1]
              RenderInline {FONT} at (0,0) size 3x13
                RenderText {#text} at (0,0) size 3x13
                  text run at (0,0) width 3: " "
            RenderTableCell {TD} at (120,221) size 8x13 [bgcolor=#848788] [r=17 c=17 rs=1 cs=1]
              RenderInline {FONT} at (0,0) size 3x13
                RenderText {#text} at (0,0) size 3x13
                  text run at (0,0) width 3: " "
            RenderTableCell {TD} at (128,221) size 8x13 [bgcolor=#2D3433] [r=17 c=18 rs=1 cs=1]
              RenderInline {FONT} at (0,0) size 3x13
                RenderText {#text} at (0,0) size 3x13
                  text run at (0,0) width 3: " "
            RenderTableCell {TD} at (136,221) size 8x13 [bgcolor=#1E7A79] [r=17 c=19 rs=1 cs=1]
              RenderInline {FONT} at (0,0) size 3x13
                RenderText {#text} at (0,0) size 3x13
                  text run at (0,0) width 3: " "
            RenderTableCell {TD} at (144,221) size 8x13 [bgcolor=#027777] [r=17 c=20 rs=1 cs=1]
              RenderInline {FONT} at (0,0) size 3x13
                RenderText {#text} at (0,0) size 3x13
                  text run at (0,0) width 3: " "
            RenderTableCell {TD} at (152,221) size 8x13 [bgcolor=#1A6B6A] [r=17 c=21 rs=1 cs=1]
              RenderInline {FONT} at (0,0) size 3x13
                RenderText {#text} at (0,0) size 3x13
                  text run at (0,0) width 3: " "
            RenderTableCell {TD} at (160,221) size 8x13 [bgcolor=#5A8787] [r=17 c=22 rs=1 cs=1]
              RenderInline {FONT} at (0,0) size 3x13
                RenderText {#text} at (0,0) size 3x13
                  text run at (0,0) width 3: " "
            RenderTableCell {TD} at (168,221) size 8x13 [bgcolor=#A5A6A6] [r=17 c=23 rs=1 cs=1]
              RenderInline {FONT} at (0,0) size 3x13
                RenderText {#text} at (0,0) size 3x13
                  text run at (0,0) width 3: " "
            RenderTableCell {TD} at (176,221) size 8x13 [bgcolor=#A5A6A6] [r=17 c=24 rs=1 cs=1]
              RenderInline {FONT} at (0,0) size 3x13
                RenderText {#text} at (0,0) size 3x13
                  text run at (0,0) width 3: " "
            RenderTableCell {TD} at (184,221) size 8x13 [bgcolor=#A5A6A6] [r=17 c=25 rs=1 cs=1]
              RenderInline {FONT} at (0,0) size 3x13
                RenderText {#text} at (0,0) size 3x13
                  text run at (0,0) width 3: " "
            RenderTableCell {TD} at (192,221) size 8x13 [bgcolor=#939494] [r=17 c=26 rs=1 cs=1]
              RenderInline {FONT} at (0,0) size 3x13
                RenderText {#text} at (0,0) size 3x13
                  text run at (0,0) width 3: " "
            RenderTableCell {TD} at (200,221) size 8x13 [bgcolor=#696A69] [r=17 c=27 rs=1 cs=1]
              RenderInline {FONT} at (0,0) size 3x13
                RenderText {#text} at (0,0) size 3x13
                  text run at (0,0) width 3: " "
            RenderTableCell {TD} at (208,221) size 8x13 [bgcolor=#072323] [r=17 c=28 rs=1 cs=1]
              RenderInline {FONT} at (0,0) size 3x13
                RenderText {#text} at (0,0) size 3x13
                  text run at (0,0) width 3: " "
            RenderTableCell {TD} at (216,221) size 8x13 [bgcolor=#083131] [r=17 c=29 rs=1 cs=1]
              RenderInline {FONT} at (0,0) size 3x13
                RenderText {#text} at (0,0) size 3x13
                  text run at (0,0) width 3: " "
            RenderTableCell {TD} at (224,221) size 8x13 [bgcolor=#647979] [r=17 c=30 rs=1 cs=1]
              RenderInline {FONT} at (0,0) size 3x13
                RenderText {#text} at (0,0) size 3x13
                  text run at (0,0) width 3: " "
            RenderTableCell {TD} at (232,221) size 8x13 [bgcolor=#939494] [r=17 c=31 rs=1 cs=1]
              RenderInline {FONT} at (0,0) size 3x13
                RenderText {#text} at (0,0) size 3x13
                  text run at (0,0) width 3: " "
            RenderTableCell {TD} at (240,221) size 8x13 [bgcolor=#939494] [r=17 c=32 rs=1 cs=1]
              RenderInline {FONT} at (0,0) size 3x13
                RenderText {#text} at (0,0) size 3x13
                  text run at (0,0) width 3: " "
            RenderTableCell {TD} at (248,221) size 8x13 [bgcolor=#3D4242] [r=17 c=33 rs=1 cs=1]
              RenderInline {FONT} at (0,0) size 3x13
                RenderText {#text} at (0,0) size 3x13
                  text run at (0,0) width 3: " "
            RenderTableCell {TD} at (256,221) size 8x13 [bgcolor=#777878] [r=17 c=34 rs=1 cs=1]
              RenderInline {FONT} at (0,0) size 3x13
                RenderText {#text} at (0,0) size 3x13
                  text run at (0,0) width 3: " "
            RenderTableCell {TD} at (264,221) size 8x13 [bgcolor=#848788] [r=17 c=35 rs=1 cs=1]
              RenderInline {FONT} at (0,0) size 3x13
                RenderText {#text} at (0,0) size 3x13
                  text run at (0,0) width 3: " "
            RenderTableCell {TD} at (272,221) size 8x13 [bgcolor=#447877] [r=17 c=36 rs=1 cs=1]
              RenderInline {FONT} at (0,0) size 3x13
                RenderText {#text} at (0,0) size 3x13
                  text run at (0,0) width 3: " "
            RenderTableCell {TD} at (280,221) size 8x13 [bgcolor=#7B918F] [r=17 c=37 rs=1 cs=1]
              RenderInline {FONT} at (0,0) size 3x13
                RenderText {#text} at (0,0) size 3x13
                  text run at (0,0) width 3: " "
            RenderTableCell {TD} at (288,221) size 8x13 [bgcolor=#A5A6A6] [r=17 c=38 rs=1 cs=1]
              RenderInline {FONT} at (0,0) size 3x13
                RenderText {#text} at (0,0) size 3x13
                  text run at (0,0) width 3: " "
            RenderTableCell {TD} at (296,221) size 8x13 [bgcolor=#A5A6A6] [r=17 c=39 rs=1 cs=1]
              RenderInline {FONT} at (0,0) size 3x13
                RenderText {#text} at (0,0) size 3x13
                  text run at (0,0) width 3: " "
            RenderTableCell {TD} at (304,221) size 8x13 [bgcolor=#A5A6A6] [r=17 c=40 rs=1 cs=1]
              RenderInline {FONT} at (0,0) size 3x13
                RenderText {#text} at (0,0) size 3x13
                  text run at (0,0) width 3: " "
            RenderTableCell {TD} at (312,221) size 8x13 [bgcolor=#A5A6A6] [r=17 c=41 rs=1 cs=1]
              RenderInline {FONT} at (0,0) size 3x13
                RenderText {#text} at (0,0) size 3x13
                  text run at (0,0) width 3: " "
            RenderTableCell {TD} at (320,221) size 8x13 [bgcolor=#848788] [r=17 c=42 rs=1 cs=1]
              RenderInline {FONT} at (0,0) size 3x13
                RenderText {#text} at (0,0) size 3x13
                  text run at (0,0) width 3: " "
            RenderTableCell {TD} at (328,221) size 8x13 [bgcolor=#344C4E] [r=17 c=43 rs=1 cs=1]
              RenderInline {FONT} at (0,0) size 3x13
                RenderText {#text} at (0,0) size 3x13
                  text run at (0,0) width 3: " "
            RenderTableCell {TD} at (336,221) size 8x13 [bgcolor=#072323] [r=17 c=44 rs=1 cs=1]
              RenderInline {FONT} at (0,0) size 3x13
                RenderText {#text} at (0,0) size 3x13
                  text run at (0,0) width 3: " "
            RenderTableCell {TD} at (344,221) size 8x13 [bgcolor=#044F4F] [r=17 c=45 rs=1 cs=1]
              RenderInline {FONT} at (0,0) size 3x13
                RenderText {#text} at (0,0) size 3x13
                  text run at (0,0) width 3: " "
            RenderTableCell {TD} at (352,221) size 8x13 [bgcolor=#026766] [r=17 c=46 rs=1 cs=1]
              RenderInline {FONT} at (0,0) size 3x13
                RenderText {#text} at (0,0) size 3x13
                  text run at (0,0) width 3: " "
            RenderTableCell {TD} at (360,221) size 8x13 [bgcolor=#026766] [r=17 c=47 rs=1 cs=1]
              RenderInline {FONT} at (0,0) size 3x13
                RenderText {#text} at (0,0) size 3x13
                  text run at (0,0) width 3: " "
            RenderTableCell {TD} at (368,221) size 8x13 [bgcolor=#589594] [r=17 c=48 rs=1 cs=1]
              RenderInline {FONT} at (0,0) size 3x13
                RenderText {#text} at (0,0) size 3x13
                  text run at (0,0) width 3: " "
            RenderTableCell {TD} at (376,221) size 8x13 [bgcolor=#848788] [r=17 c=49 rs=1 cs=1]
              RenderInline {FONT} at (0,0) size 3x13
                RenderText {#text} at (0,0) size 3x13
                  text run at (0,0) width 3: " "
            RenderTableCell {TD} at (384,221) size 8x13 [bgcolor=#344C4E] [r=17 c=50 rs=1 cs=1]
              RenderInline {FONT} at (0,0) size 3x13
                RenderText {#text} at (0,0) size 3x13
                  text run at (0,0) width 3: " "
            RenderTableCell {TD} at (392,221) size 8x13 [bgcolor=#083131] [r=17 c=51 rs=1 cs=1]
              RenderInline {FONT} at (0,0) size 3x13
                RenderText {#text} at (0,0) size 3x13
                  text run at (0,0) width 3: " "
            RenderTableCell {TD} at (400,221) size 8x13 [bgcolor=#3D4242] [r=17 c=52 rs=1 cs=1]
              RenderInline {FONT} at (0,0) size 3x13
                RenderText {#text} at (0,0) size 3x13
                  text run at (0,0) width 3: " "
            RenderTableCell {TD} at (408,221) size 8x13 [bgcolor=#696A69] [r=17 c=53 rs=1 cs=1]
              RenderInline {FONT} at (0,0) size 3x13
                RenderText {#text} at (0,0) size 3x13
                  text run at (0,0) width 3: " "
            RenderTableCell {TD} at (416,221) size 8x13 [bgcolor=#848788] [r=17 c=54 rs=1 cs=1]
              RenderInline {FONT} at (0,0) size 3x13
                RenderText {#text} at (0,0) size 3x13
                  text run at (0,0) width 3: " "
            RenderTableCell {TD} at (424,221) size 8x13 [bgcolor=#939494] [r=17 c=55 rs=1 cs=1]
              RenderInline {FONT} at (0,0) size 3x13
                RenderText {#text} at (0,0) size 3x13
                  text run at (0,0) width 3: " "
            RenderTableCell {TD} at (432,221) size 8x13 [bgcolor=#A5A6A6] [r=17 c=56 rs=1 cs=1]
              RenderInline {FONT} at (0,0) size 3x13
                RenderText {#text} at (0,0) size 3x13
                  text run at (0,0) width 3: " "
            RenderTableCell {TD} at (440,221) size 8x13 [bgcolor=#91A3A3] [r=17 c=57 rs=1 cs=1]
              RenderInline {FONT} at (0,0) size 3x13
                RenderText {#text} at (0,0) size 3x13
                  text run at (0,0) width 3: " "
            RenderTableCell {TD} at (448,221) size 8x13 [bgcolor=#848788] [r=17 c=58 rs=1 cs=1]
              RenderInline {FONT} at (0,0) size 3x13
                RenderText {#text} at (0,0) size 3x13
                  text run at (0,0) width 3: " "
            RenderTableCell {TD} at (456,221) size 8x13 [bgcolor=#3D4242] [r=17 c=59 rs=1 cs=1]
              RenderInline {FONT} at (0,0) size 3x13
                RenderText {#text} at (0,0) size 3x13
                  text run at (0,0) width 3: " "
            RenderTableCell {TD} at (464,221) size 8x13 [bgcolor=#848788] [r=17 c=60 rs=1 cs=1]
              RenderInline {FONT} at (0,0) size 3x13
                RenderText {#text} at (0,0) size 3x13
                  text run at (0,0) width 3: " "
            RenderTableCell {TD} at (472,221) size 8x13 [bgcolor=#026766] [r=17 c=61 rs=1 cs=1]
              RenderInline {FONT} at (0,0) size 3x13
                RenderText {#text} at (0,0) size 3x13
                  text run at (0,0) width 3: " "
            RenderTableCell {TD} at (480,221) size 8x13 [bgcolor=#026766] [r=17 c=62 rs=1 cs=1]
              RenderInline {FONT} at (0,0) size 3x13
                RenderText {#text} at (0,0) size 3x13
                  text run at (0,0) width 3: " "
            RenderTableCell {TD} at (488,221) size 8x13 [bgcolor=#025E5E] [r=17 c=63 rs=1 cs=1]
              RenderInline {FONT} at (0,0) size 3x13
                RenderText {#text} at (0,0) size 3x13
                  text run at (0,0) width 3: " "
            RenderTableCell {TD} at (496,221) size 8x13 [bgcolor=#526B6B] [r=17 c=64 rs=1 cs=1]
              RenderInline {FONT} at (0,0) size 3x13
                RenderText {#text} at (0,0) size 3x13
                  text run at (0,0) width 3: " "
            RenderTableCell {TD} at (504,221) size 8x13 [bgcolor=#939494] [r=17 c=65 rs=1 cs=1]
              RenderInline {FONT} at (0,0) size 3x13
                RenderText {#text} at (0,0) size 3x13
                  text run at (0,0) width 3: " "
            RenderTableCell {TD} at (512,221) size 8x13 [bgcolor=#A5A6A6] [r=17 c=66 rs=1 cs=1]
              RenderInline {FONT} at (0,0) size 3x13
                RenderText {#text} at (0,0) size 3x13
                  text run at (0,0) width 3: " "
            RenderTableCell {TD} at (520,221) size 8x13 [bgcolor=#A5A6A6] [r=17 c=67 rs=1 cs=1]
              RenderInline {FONT} at (0,0) size 3x13
                RenderText {#text} at (0,0) size 3x13
                  text run at (0,0) width 3: " "
            RenderTableCell {TD} at (528,221) size 8x13 [bgcolor=#A5A6A6] [r=17 c=68 rs=1 cs=1]
              RenderInline {FONT} at (0,0) size 3x13
                RenderText {#text} at (0,0) size 3x13
                  text run at (0,0) width 3: " "
            RenderTableCell {TD} at (536,221) size 8x13 [bgcolor=#696A69] [r=17 c=69 rs=1 cs=1]
              RenderInline {FONT} at (0,0) size 3x13
                RenderText {#text} at (0,0) size 3x13
                  text run at (0,0) width 3: " "
            RenderTableCell {TD} at (544,221) size 8x13 [bgcolor=#083131] [r=17 c=70 rs=1 cs=1]
              RenderInline {FONT} at (0,0) size 3x13
                RenderText {#text} at (0,0) size 3x13
                  text run at (0,0) width 3: " "
            RenderTableCell {TD} at (552,221) size 8x13 [bgcolor=#647979] [r=17 c=71 rs=1 cs=1]
              RenderInline {FONT} at (0,0) size 3x13
                RenderText {#text} at (0,0) size 3x13
                  text run at (0,0) width 3: " "
            RenderTableCell {TD} at (560,221) size 8x13 [bgcolor=#848788] [r=17 c=72 rs=1 cs=1]
              RenderInline {FONT} at (0,0) size 3x13
                RenderText {#text} at (0,0) size 3x13
                  text run at (0,0) width 3: " "
            RenderTableCell {TD} at (568,221) size 8x13 [bgcolor=#2D3433] [r=17 c=73 rs=1 cs=1]
              RenderInline {FONT} at (0,0) size 3x13
                RenderText {#text} at (0,0) size 3x13
                  text run at (0,0) width 3: " "
            RenderTableCell {TD} at (576,221) size 8x13 [bgcolor=#5E5F60] [r=17 c=74 rs=1 cs=1]
              RenderInline {FONT} at (0,0) size 3x13
                RenderText {#text} at (0,0) size 3x13
                  text run at (0,0) width 3: " "
            RenderTableCell {TD} at (584,221) size 8x13 [bgcolor=#848788] [r=17 c=75 rs=1 cs=1]
              RenderInline {FONT} at (0,0) size 3x13
                RenderText {#text} at (0,0) size 3x13
                  text run at (0,0) width 3: " "
            RenderTableCell {TD} at (592,221) size 8x13 [bgcolor=#939494] [r=17 c=76 rs=1 cs=1]
              RenderInline {FONT} at (0,0) size 3x13
                RenderText {#text} at (0,0) size 3x13
                  text run at (0,0) width 3: " "
            RenderTableCell {TD} at (600,221) size 8x13 [bgcolor=#848788] [r=17 c=77 rs=1 cs=1]
              RenderInline {FONT} at (0,0) size 3x13
                RenderText {#text} at (0,0) size 3x13
                  text run at (0,0) width 3: " "
            RenderTableCell {TD} at (608,221) size 8x13 [bgcolor=#527274] [r=17 c=78 rs=1 cs=1]
              RenderInline {FONT} at (0,0) size 3x13
                RenderText {#text} at (0,0) size 3x13
                  text run at (0,0) width 3: " "
            RenderTableCell {TD} at (616,221) size 8x13 [bgcolor=#7B918F] [r=17 c=79 rs=1 cs=1]
              RenderInline {FONT} at (0,0) size 3x13
                RenderText {#text} at (0,0) size 3x13
                  text run at (0,0) width 3: " "
            RenderTableCell {TD} at (624,221) size 8x13 [bgcolor=#A5A6A6] [r=17 c=80 rs=1 cs=1]
              RenderInline {FONT} at (0,0) size 3x13
                RenderText {#text} at (0,0) size 3x13
                  text run at (0,0) width 3: " "
            RenderTableCell {TD} at (632,221) size 8x13 [bgcolor=#A5A6A6] [r=17 c=81 rs=1 cs=1]
              RenderInline {FONT} at (0,0) size 3x13
                RenderText {#text} at (0,0) size 3x13
                  text run at (0,0) width 3: " "
            RenderTableCell {TD} at (640,221) size 8x13 [bgcolor=#A5A6A6] [r=17 c=82 rs=1 cs=1]
              RenderInline {FONT} at (0,0) size 3x13
                RenderText {#text} at (0,0) size 3x13
                  text run at (0,0) width 3: " "
            RenderTableCell {TD} at (648,221) size 8x13 [bgcolor=#939494] [r=17 c=83 rs=1 cs=1]
              RenderInline {FONT} at (0,0) size 3x13
                RenderText {#text} at (0,0) size 3x13
                  text run at (0,0) width 3: " "
            RenderTableCell {TD} at (656,221) size 8x13 [bgcolor=#5E5F60] [r=17 c=84 rs=1 cs=1]
              RenderInline {FONT} at (0,0) size 3x13
                RenderText {#text} at (0,0) size 3x13
                  text run at (0,0) width 3: " "
            RenderTableCell {TD} at (664,221) size 8x13 [bgcolor=#072323] [r=17 c=85 rs=1 cs=1]
              RenderInline {FONT} at (0,0) size 3x13
                RenderText {#text} at (0,0) size 3x13
                  text run at (0,0) width 3: " "
            RenderTableCell {TD} at (672,221) size 8x13 [bgcolor=#044140] [r=17 c=86 rs=1 cs=1]
              RenderInline {FONT} at (0,0) size 3x13
                RenderText {#text} at (0,0) size 3x13
                  text run at (0,0) width 3: " "
            RenderTableCell {TD} at (680,221) size 8x13 [bgcolor=#026766] [r=17 c=87 rs=1 cs=1]
              RenderInline {FONT} at (0,0) size 3x13
                RenderText {#text} at (0,0) size 3x13
                  text run at (0,0) width 3: " "
            RenderTableCell {TD} at (688,221) size 8x13 [bgcolor=#026766] [r=17 c=88 rs=1 cs=1]
              RenderInline {FONT} at (0,0) size 3x13
                RenderText {#text} at (0,0) size 3x13
                  text run at (0,0) width 3: " "
            RenderTableCell {TD} at (696,221) size 8x13 [bgcolor=#026766] [r=17 c=89 rs=1 cs=1]
              RenderInline {FONT} at (0,0) size 3x13
                RenderText {#text} at (0,0) size 3x13
                  text run at (0,0) width 3: " "
            RenderTableCell {TD} at (704,221) size 8x13 [bgcolor=#026766] [r=17 c=90 rs=1 cs=1]
              RenderInline {FONT} at (0,0) size 3x13
                RenderText {#text} at (0,0) size 3x13
                  text run at (0,0) width 3: " "
            RenderTableCell {TD} at (712,221) size 8x13 [bgcolor=#287A7A] [r=17 c=91 rs=1 cs=1]
              RenderInline {FONT} at (0,0) size 3x13
                RenderText {#text} at (0,0) size 3x13
                  text run at (0,0) width 3: " "
            RenderTableCell {TD} at (720,221) size 8x13 [bgcolor=#939494] [r=17 c=92 rs=1 cs=1]
              RenderInline {FONT} at (0,0) size 3x13
                RenderText {#text} at (0,0) size 3x13
                  text run at (0,0) width 3: " "
            RenderTableCell {TD} at (728,221) size 8x13 [bgcolor=#939494] [r=17 c=93 rs=1 cs=1]
              RenderInline {FONT} at (0,0) size 3x13
                RenderText {#text} at (0,0) size 3x13
                  text run at (0,0) width 3: " "
            RenderTableCell {TD} at (736,221) size 8x13 [bgcolor=#939494] [r=17 c=94 rs=1 cs=1]
              RenderInline {FONT} at (0,0) size 3x13
                RenderText {#text} at (0,0) size 3x13
                  text run at (0,0) width 3: " "
            RenderTableCell {TD} at (744,221) size 8x13 [bgcolor=#4D4F4F] [r=17 c=95 rs=1 cs=1]
              RenderInline {FONT} at (0,0) size 3x13
                RenderText {#text} at (0,0) size 3x13
                  text run at (0,0) width 3: " "
            RenderTableCell {TD} at (752,221) size 8x13 [bgcolor=#696A69] [r=17 c=96 rs=1 cs=1]
              RenderInline {FONT} at (0,0) size 3x13
                RenderText {#text} at (0,0) size 3x13
                  text run at (0,0) width 3: " "
            RenderTableCell {TD} at (760,221) size 8x13 [bgcolor=#848788] [r=17 c=97 rs=1 cs=1]
              RenderInline {FONT} at (0,0) size 3x13
                RenderText {#text} at (0,0) size 3x13
                  text run at (0,0) width 3: " "
            RenderTableCell {TD} at (768,221) size 8x13 [bgcolor=#777878] [r=17 c=98 rs=1 cs=1]
              RenderInline {FONT} at (0,0) size 3x13
                RenderText {#text} at (0,0) size 3x13
                  text run at (0,0) width 3: " "
            RenderTableCell {TD} at (776,221) size 8x13 [bgcolor=#4D4F4F] [r=17 c=99 rs=1 cs=1]
              RenderInline {FONT} at (0,0) size 3x13
                RenderText {#text} at (0,0) size 3x13
                  text run at (0,0) width 3: " "
          RenderTableRow {TR} at (0,234) size 784x13
            RenderTableCell {TD} at (0,234) size 7x13 [bgcolor=#FDFDFB] [r=18 c=0 rs=1 cs=1]
              RenderInline {FONT} at (0,0) size 3x13
                RenderText {#text} at (0,0) size 3x13
                  text run at (0,0) width 3: " "
            RenderTableCell {TD} at (7,234) size 7x13 [bgcolor=#EDEEEF] [r=18 c=1 rs=1 cs=1]
              RenderInline {FONT} at (0,0) size 3x13
                RenderText {#text} at (0,0) size 3x13
                  text run at (0,0) width 3: " "
            RenderTableCell {TD} at (14,234) size 7x13 [bgcolor=#7CAEAF] [r=18 c=2 rs=1 cs=1]
              RenderInline {FONT} at (0,0) size 3x13
                RenderText {#text} at (0,0) size 3x13
                  text run at (0,0) width 3: " "
            RenderTableCell {TD} at (21,234) size 7x13 [bgcolor=#025E5E] [r=18 c=3 rs=1 cs=1]
              RenderInline {FONT} at (0,0) size 3x13
                RenderText {#text} at (0,0) size 3x13
                  text run at (0,0) width 3: " "
            RenderTableCell {TD} at (28,234) size 7x13 [bgcolor=#025E5E] [r=18 c=4 rs=1 cs=1]
              RenderInline {FONT} at (0,0) size 3x13
                RenderText {#text} at (0,0) size 3x13
                  text run at (0,0) width 3: " "
            RenderTableCell {TD} at (35,234) size 7x13 [bgcolor=#044F4F] [r=18 c=5 rs=1 cs=1]
              RenderInline {FONT} at (0,0) size 3x13
                RenderText {#text} at (0,0) size 3x13
                  text run at (0,0) width 3: " "
            RenderTableCell {TD} at (42,234) size 7x13 [bgcolor=#044F4F] [r=18 c=6 rs=1 cs=1]
              RenderInline {FONT} at (0,0) size 3x13
                RenderText {#text} at (0,0) size 3x13
                  text run at (0,0) width 3: " "
            RenderTableCell {TD} at (49,234) size 7x13 [bgcolor=#044F4F] [r=18 c=7 rs=1 cs=1]
              RenderInline {FONT} at (0,0) size 3x13
                RenderText {#text} at (0,0) size 3x13
                  text run at (0,0) width 3: " "
            RenderTableCell {TD} at (56,234) size 7x13 [bgcolor=#044F4F] [r=18 c=8 rs=1 cs=1]
              RenderInline {FONT} at (0,0) size 3x13
                RenderText {#text} at (0,0) size 3x13
                  text run at (0,0) width 3: " "
            RenderTableCell {TD} at (63,234) size 7x13 [bgcolor=#044F4F] [r=18 c=9 rs=1 cs=1]
              RenderInline {FONT} at (0,0) size 3x13
                RenderText {#text} at (0,0) size 3x13
                  text run at (0,0) width 3: " "
            RenderTableCell {TD} at (70,234) size 7x13 [bgcolor=#044F4F] [r=18 c=10 rs=1 cs=1]
              RenderInline {FONT} at (0,0) size 3x13
                RenderText {#text} at (0,0) size 3x13
                  text run at (0,0) width 3: " "
            RenderTableCell {TD} at (77,234) size 7x13 [bgcolor=#025E5E] [r=18 c=11 rs=1 cs=1]
              RenderInline {FONT} at (0,0) size 3x13
                RenderText {#text} at (0,0) size 3x13
                  text run at (0,0) width 3: " "
            RenderTableCell {TD} at (84,234) size 7x13 [bgcolor=#025E5E] [r=18 c=12 rs=1 cs=1]
              RenderInline {FONT} at (0,0) size 3x13
                RenderText {#text} at (0,0) size 3x13
                  text run at (0,0) width 3: " "
            RenderTableCell {TD} at (91,234) size 7x13 [bgcolor=#044140] [r=18 c=13 rs=1 cs=1]
              RenderInline {FONT} at (0,0) size 3x13
                RenderText {#text} at (0,0) size 3x13
                  text run at (0,0) width 3: " "
            RenderTableCell {TD} at (98,234) size 7x13 [bgcolor=#223C3D] [r=18 c=14 rs=1 cs=1]
              RenderInline {FONT} at (0,0) size 3x13
                RenderText {#text} at (0,0) size 3x13
                  text run at (0,0) width 3: " "
            RenderTableCell {TD} at (105,234) size 7x13 [bgcolor=#515C5B] [r=18 c=15 rs=1 cs=1]
              RenderInline {FONT} at (0,0) size 3x13
                RenderText {#text} at (0,0) size 3x13
                  text run at (0,0) width 3: " "
            RenderTableCell {TD} at (112,234) size 8x13 [bgcolor=#696A69] [r=18 c=16 rs=1 cs=1]
              RenderInline {FONT} at (0,0) size 3x13
                RenderText {#text} at (0,0) size 3x13
                  text run at (0,0) width 3: " "
            RenderTableCell {TD} at (120,234) size 8x13 [bgcolor=#777878] [r=18 c=17 rs=1 cs=1]
              RenderInline {FONT} at (0,0) size 3x13
                RenderText {#text} at (0,0) size 3x13
                  text run at (0,0) width 3: " "
            RenderTableCell {TD} at (128,234) size 8x13 [bgcolor=#777878] [r=18 c=18 rs=1 cs=1]
              RenderInline {FONT} at (0,0) size 3x13
                RenderText {#text} at (0,0) size 3x13
                  text run at (0,0) width 3: " "
            RenderTableCell {TD} at (136,234) size 8x13 [bgcolor=#1E7A79] [r=18 c=19 rs=1 cs=1]
              RenderInline {FONT} at (0,0) size 3x13
                RenderText {#text} at (0,0) size 3x13
                  text run at (0,0) width 3: " "
            RenderTableCell {TD} at (144,234) size 8x13 [bgcolor=#027777] [r=18 c=20 rs=1 cs=1]
              RenderInline {FONT} at (0,0) size 3x13
                RenderText {#text} at (0,0) size 3x13
                  text run at (0,0) width 3: " "
            RenderTableCell {TD} at (152,234) size 8x13 [bgcolor=#026766] [r=18 c=21 rs=1 cs=1]
              RenderInline {FONT} at (0,0) size 3x13
                RenderText {#text} at (0,0) size 3x13
                  text run at (0,0) width 3: " "
            RenderTableCell {TD} at (160,234) size 8x13 [bgcolor=#025E5E] [r=18 c=22 rs=1 cs=1]
              RenderInline {FONT} at (0,0) size 3x13
                RenderText {#text} at (0,0) size 3x13
                  text run at (0,0) width 3: " "
            RenderTableCell {TD} at (168,234) size 8x13 [bgcolor=#044F4F] [r=18 c=23 rs=1 cs=1]
              RenderInline {FONT} at (0,0) size 3x13
                RenderText {#text} at (0,0) size 3x13
                  text run at (0,0) width 3: " "
            RenderTableCell {TD} at (176,234) size 8x13 [bgcolor=#044F4F] [r=18 c=24 rs=1 cs=1]
              RenderInline {FONT} at (0,0) size 3x13
                RenderText {#text} at (0,0) size 3x13
                  text run at (0,0) width 3: " "
            RenderTableCell {TD} at (184,234) size 8x13 [bgcolor=#044F4F] [r=18 c=25 rs=1 cs=1]
              RenderInline {FONT} at (0,0) size 3x13
                RenderText {#text} at (0,0) size 3x13
                  text run at (0,0) width 3: " "
            RenderTableCell {TD} at (192,234) size 8x13 [bgcolor=#044140] [r=18 c=26 rs=1 cs=1]
              RenderInline {FONT} at (0,0) size 3x13
                RenderText {#text} at (0,0) size 3x13
                  text run at (0,0) width 3: " "
            RenderTableCell {TD} at (200,234) size 8x13 [bgcolor=#044F4F] [r=18 c=27 rs=1 cs=1]
              RenderInline {FONT} at (0,0) size 3x13
                RenderText {#text} at (0,0) size 3x13
                  text run at (0,0) width 3: " "
            RenderTableCell {TD} at (208,234) size 8x13 [bgcolor=#044F4F] [r=18 c=28 rs=1 cs=1]
              RenderInline {FONT} at (0,0) size 3x13
                RenderText {#text} at (0,0) size 3x13
                  text run at (0,0) width 3: " "
            RenderTableCell {TD} at (216,234) size 8x13 [bgcolor=#044140] [r=18 c=29 rs=1 cs=1]
              RenderInline {FONT} at (0,0) size 3x13
                RenderText {#text} at (0,0) size 3x13
                  text run at (0,0) width 3: " "
            RenderTableCell {TD} at (224,234) size 8x13 [bgcolor=#072323] [r=18 c=30 rs=1 cs=1]
              RenderInline {FONT} at (0,0) size 3x13
                RenderText {#text} at (0,0) size 3x13
                  text run at (0,0) width 3: " "
            RenderTableCell {TD} at (232,234) size 8x13 [bgcolor=#2D3433] [r=18 c=31 rs=1 cs=1]
              RenderInline {FONT} at (0,0) size 3x13
                RenderText {#text} at (0,0) size 3x13
                  text run at (0,0) width 3: " "
            RenderTableCell {TD} at (240,234) size 8x13 [bgcolor=#3D4242] [r=18 c=32 rs=1 cs=1]
              RenderInline {FONT} at (0,0) size 3x13
                RenderText {#text} at (0,0) size 3x13
                  text run at (0,0) width 3: " "
            RenderTableCell {TD} at (248,234) size 8x13 [bgcolor=#696A69] [r=18 c=33 rs=1 cs=1]
              RenderInline {FONT} at (0,0) size 3x13
                RenderText {#text} at (0,0) size 3x13
                  text run at (0,0) width 3: " "
            RenderTableCell {TD} at (256,234) size 8x13 [bgcolor=#848788] [r=18 c=34 rs=1 cs=1]
              RenderInline {FONT} at (0,0) size 3x13
                RenderText {#text} at (0,0) size 3x13
                  text run at (0,0) width 3: " "
            RenderTableCell {TD} at (264,234) size 8x13 [bgcolor=#848788] [r=18 c=35 rs=1 cs=1]
              RenderInline {FONT} at (0,0) size 3x13
                RenderText {#text} at (0,0) size 3x13
                  text run at (0,0) width 3: " "
            RenderTableCell {TD} at (272,234) size 8x13 [bgcolor=#027777] [r=18 c=36 rs=1 cs=1]
              RenderInline {FONT} at (0,0) size 3x13
                RenderText {#text} at (0,0) size 3x13
                  text run at (0,0) width 3: " "
            RenderTableCell {TD} at (280,234) size 8x13 [bgcolor=#026766] [r=18 c=37 rs=1 cs=1]
              RenderInline {FONT} at (0,0) size 3x13
                RenderText {#text} at (0,0) size 3x13
                  text run at (0,0) width 3: " "
            RenderTableCell {TD} at (288,234) size 8x13 [bgcolor=#025E5E] [r=18 c=38 rs=1 cs=1]
              RenderInline {FONT} at (0,0) size 3x13
                RenderText {#text} at (0,0) size 3x13
                  text run at (0,0) width 3: " "
            RenderTableCell {TD} at (296,234) size 8x13 [bgcolor=#044F4F] [r=18 c=39 rs=1 cs=1]
              RenderInline {FONT} at (0,0) size 3x13
                RenderText {#text} at (0,0) size 3x13
                  text run at (0,0) width 3: " "
            RenderTableCell {TD} at (304,234) size 8x13 [bgcolor=#044F4F] [r=18 c=40 rs=1 cs=1]
              RenderInline {FONT} at (0,0) size 3x13
                RenderText {#text} at (0,0) size 3x13
                  text run at (0,0) width 3: " "
            RenderTableCell {TD} at (312,234) size 8x13 [bgcolor=#044F4F] [r=18 c=41 rs=1 cs=1]
              RenderInline {FONT} at (0,0) size 3x13
                RenderText {#text} at (0,0) size 3x13
                  text run at (0,0) width 3: " "
            RenderTableCell {TD} at (320,234) size 8x13 [bgcolor=#044F4F] [r=18 c=42 rs=1 cs=1]
              RenderInline {FONT} at (0,0) size 3x13
                RenderText {#text} at (0,0) size 3x13
                  text run at (0,0) width 3: " "
            RenderTableCell {TD} at (328,234) size 8x13 [bgcolor=#044F4F] [r=18 c=43 rs=1 cs=1]
              RenderInline {FONT} at (0,0) size 3x13
                RenderText {#text} at (0,0) size 3x13
                  text run at (0,0) width 3: " "
            RenderTableCell {TD} at (336,234) size 8x13 [bgcolor=#025E5E] [r=18 c=44 rs=1 cs=1]
              RenderInline {FONT} at (0,0) size 3x13
                RenderText {#text} at (0,0) size 3x13
                  text run at (0,0) width 3: " "
            RenderTableCell {TD} at (344,234) size 8x13 [bgcolor=#026766] [r=18 c=45 rs=1 cs=1]
              RenderInline {FONT} at (0,0) size 3x13
                RenderText {#text} at (0,0) size 3x13
                  text run at (0,0) width 3: " "
            RenderTableCell {TD} at (352,234) size 8x13 [bgcolor=#026766] [r=18 c=46 rs=1 cs=1]
              RenderInline {FONT} at (0,0) size 3x13
                RenderText {#text} at (0,0) size 3x13
                  text run at (0,0) width 3: " "
            RenderTableCell {TD} at (360,234) size 8x13 [bgcolor=#026766] [r=18 c=47 rs=1 cs=1]
              RenderInline {FONT} at (0,0) size 3x13
                RenderText {#text} at (0,0) size 3x13
                  text run at (0,0) width 3: " "
            RenderTableCell {TD} at (368,234) size 8x13 [bgcolor=#025E5E] [r=18 c=48 rs=1 cs=1]
              RenderInline {FONT} at (0,0) size 3x13
                RenderText {#text} at (0,0) size 3x13
                  text run at (0,0) width 3: " "
            RenderTableCell {TD} at (376,234) size 8x13 [bgcolor=#044F4F] [r=18 c=49 rs=1 cs=1]
              RenderInline {FONT} at (0,0) size 3x13
                RenderText {#text} at (0,0) size 3x13
                  text run at (0,0) width 3: " "
            RenderTableCell {TD} at (384,234) size 8x13 [bgcolor=#044140] [r=18 c=50 rs=1 cs=1]
              RenderInline {FONT} at (0,0) size 3x13
                RenderText {#text} at (0,0) size 3x13
                  text run at (0,0) width 3: " "
            RenderTableCell {TD} at (392,234) size 8x13 [bgcolor=#083131] [r=18 c=51 rs=1 cs=1]
              RenderInline {FONT} at (0,0) size 3x13
                RenderText {#text} at (0,0) size 3x13
                  text run at (0,0) width 3: " "
            RenderTableCell {TD} at (400,234) size 8x13 [bgcolor=#3D4242] [r=18 c=52 rs=1 cs=1]
              RenderInline {FONT} at (0,0) size 3x13
                RenderText {#text} at (0,0) size 3x13
                  text run at (0,0) width 3: " "
            RenderTableCell {TD} at (408,234) size 8x13 [bgcolor=#696A69] [r=18 c=53 rs=1 cs=1]
              RenderInline {FONT} at (0,0) size 3x13
                RenderText {#text} at (0,0) size 3x13
                  text run at (0,0) width 3: " "
            RenderTableCell {TD} at (416,234) size 8x13 [bgcolor=#848788] [r=18 c=54 rs=1 cs=1]
              RenderInline {FONT} at (0,0) size 3x13
                RenderText {#text} at (0,0) size 3x13
                  text run at (0,0) width 3: " "
            RenderTableCell {TD} at (424,234) size 8x13 [bgcolor=#939494] [r=18 c=55 rs=1 cs=1]
              RenderInline {FONT} at (0,0) size 3x13
                RenderText {#text} at (0,0) size 3x13
                  text run at (0,0) width 3: " "
            RenderTableCell {TD} at (432,234) size 8x13 [bgcolor=#939494] [r=18 c=56 rs=1 cs=1]
              RenderInline {FONT} at (0,0) size 3x13
                RenderText {#text} at (0,0) size 3x13
                  text run at (0,0) width 3: " "
            RenderTableCell {TD} at (440,234) size 8x13 [bgcolor=#848788] [r=18 c=57 rs=1 cs=1]
              RenderInline {FONT} at (0,0) size 3x13
                RenderText {#text} at (0,0) size 3x13
                  text run at (0,0) width 3: " "
            RenderTableCell {TD} at (448,234) size 8x13 [bgcolor=#777878] [r=18 c=58 rs=1 cs=1]
              RenderInline {FONT} at (0,0) size 3x13
                RenderText {#text} at (0,0) size 3x13
                  text run at (0,0) width 3: " "
            RenderTableCell {TD} at (456,234) size 8x13 [bgcolor=#848788] [r=18 c=59 rs=1 cs=1]
              RenderInline {FONT} at (0,0) size 3x13
                RenderText {#text} at (0,0) size 3x13
                  text run at (0,0) width 3: " "
            RenderTableCell {TD} at (464,234) size 8x13 [bgcolor=#848788] [r=18 c=60 rs=1 cs=1]
              RenderInline {FONT} at (0,0) size 3x13
                RenderText {#text} at (0,0) size 3x13
                  text run at (0,0) width 3: " "
            RenderTableCell {TD} at (472,234) size 8x13 [bgcolor=#1A6B6A] [r=18 c=61 rs=1 cs=1]
              RenderInline {FONT} at (0,0) size 3x13
                RenderText {#text} at (0,0) size 3x13
                  text run at (0,0) width 3: " "
            RenderTableCell {TD} at (480,234) size 8x13 [bgcolor=#026766] [r=18 c=62 rs=1 cs=1]
              RenderInline {FONT} at (0,0) size 3x13
                RenderText {#text} at (0,0) size 3x13
                  text run at (0,0) width 3: " "
            RenderTableCell {TD} at (488,234) size 8x13 [bgcolor=#026766] [r=18 c=63 rs=1 cs=1]
              RenderInline {FONT} at (0,0) size 3x13
                RenderText {#text} at (0,0) size 3x13
                  text run at (0,0) width 3: " "
            RenderTableCell {TD} at (496,234) size 8x13 [bgcolor=#025E5E] [r=18 c=64 rs=1 cs=1]
              RenderInline {FONT} at (0,0) size 3x13
                RenderText {#text} at (0,0) size 3x13
                  text run at (0,0) width 3: " "
            RenderTableCell {TD} at (504,234) size 8x13 [bgcolor=#044F4F] [r=18 c=65 rs=1 cs=1]
              RenderInline {FONT} at (0,0) size 3x13
                RenderText {#text} at (0,0) size 3x13
                  text run at (0,0) width 3: " "
            RenderTableCell {TD} at (512,234) size 8x13 [bgcolor=#044F4F] [r=18 c=66 rs=1 cs=1]
              RenderInline {FONT} at (0,0) size 3x13
                RenderText {#text} at (0,0) size 3x13
                  text run at (0,0) width 3: " "
            RenderTableCell {TD} at (520,234) size 8x13 [bgcolor=#044F4F] [r=18 c=67 rs=1 cs=1]
              RenderInline {FONT} at (0,0) size 3x13
                RenderText {#text} at (0,0) size 3x13
                  text run at (0,0) width 3: " "
            RenderTableCell {TD} at (528,234) size 8x13 [bgcolor=#044F4F] [r=18 c=68 rs=1 cs=1]
              RenderInline {FONT} at (0,0) size 3x13
                RenderText {#text} at (0,0) size 3x13
                  text run at (0,0) width 3: " "
            RenderTableCell {TD} at (536,234) size 8x13 [bgcolor=#044F4F] [r=18 c=69 rs=1 cs=1]
              RenderInline {FONT} at (0,0) size 3x13
                RenderText {#text} at (0,0) size 3x13
                  text run at (0,0) width 3: " "
            RenderTableCell {TD} at (544,234) size 8x13 [bgcolor=#025E5E] [r=18 c=70 rs=1 cs=1]
              RenderInline {FONT} at (0,0) size 3x13
                RenderText {#text} at (0,0) size 3x13
                  text run at (0,0) width 3: " "
            RenderTableCell {TD} at (552,234) size 8x13 [bgcolor=#025E5E] [r=18 c=71 rs=1 cs=1]
              RenderInline {FONT} at (0,0) size 3x13
                RenderText {#text} at (0,0) size 3x13
                  text run at (0,0) width 3: " "
            RenderTableCell {TD} at (560,234) size 8x13 [bgcolor=#044140] [r=18 c=72 rs=1 cs=1]
              RenderInline {FONT} at (0,0) size 3x13
                RenderText {#text} at (0,0) size 3x13
                  text run at (0,0) width 3: " "
            RenderTableCell {TD} at (568,234) size 8x13 [bgcolor=#223C3D] [r=18 c=73 rs=1 cs=1]
              RenderInline {FONT} at (0,0) size 3x13
                RenderText {#text} at (0,0) size 3x13
                  text run at (0,0) width 3: " "
            RenderTableCell {TD} at (576,234) size 8x13 [bgcolor=#5E5F60] [r=18 c=74 rs=1 cs=1]
              RenderInline {FONT} at (0,0) size 3x13
                RenderText {#text} at (0,0) size 3x13
                  text run at (0,0) width 3: " "
            RenderTableCell {TD} at (584,234) size 8x13 [bgcolor=#777878] [r=18 c=75 rs=1 cs=1]
              RenderInline {FONT} at (0,0) size 3x13
                RenderText {#text} at (0,0) size 3x13
                  text run at (0,0) width 3: " "
            RenderTableCell {TD} at (592,234) size 8x13 [bgcolor=#939494] [r=18 c=76 rs=1 cs=1]
              RenderInline {FONT} at (0,0) size 3x13
                RenderText {#text} at (0,0) size 3x13
                  text run at (0,0) width 3: " "
            RenderTableCell {TD} at (600,234) size 8x13 [bgcolor=#939494] [r=18 c=77 rs=1 cs=1]
              RenderInline {FONT} at (0,0) size 3x13
                RenderText {#text} at (0,0) size 3x13
                  text run at (0,0) width 3: " "
            RenderTableCell {TD} at (608,234) size 8x13 [bgcolor=#1B8685] [r=18 c=78 rs=1 cs=1]
              RenderInline {FONT} at (0,0) size 3x13
                RenderText {#text} at (0,0) size 3x13
                  text run at (0,0) width 3: " "
            RenderTableCell {TD} at (616,234) size 8x13 [bgcolor=#026766] [r=18 c=79 rs=1 cs=1]
              RenderInline {FONT} at (0,0) size 3x13
                RenderText {#text} at (0,0) size 3x13
                  text run at (0,0) width 3: " "
            RenderTableCell {TD} at (624,234) size 8x13 [bgcolor=#025E5E] [r=18 c=80 rs=1 cs=1]
              RenderInline {FONT} at (0,0) size 3x13
                RenderText {#text} at (0,0) size 3x13
                  text run at (0,0) width 3: " "
            RenderTableCell {TD} at (632,234) size 8x13 [bgcolor=#044F4F] [r=18 c=81 rs=1 cs=1]
              RenderInline {FONT} at (0,0) size 3x13
                RenderText {#text} at (0,0) size 3x13
                  text run at (0,0) width 3: " "
            RenderTableCell {TD} at (640,234) size 8x13 [bgcolor=#044F4F] [r=18 c=82 rs=1 cs=1]
              RenderInline {FONT} at (0,0) size 3x13
                RenderText {#text} at (0,0) size 3x13
                  text run at (0,0) width 3: " "
            RenderTableCell {TD} at (648,234) size 8x13 [bgcolor=#044F4F] [r=18 c=83 rs=1 cs=1]
              RenderInline {FONT} at (0,0) size 3x13
                RenderText {#text} at (0,0) size 3x13
                  text run at (0,0) width 3: " "
            RenderTableCell {TD} at (656,234) size 8x13 [bgcolor=#044F4F] [r=18 c=84 rs=1 cs=1]
              RenderInline {FONT} at (0,0) size 3x13
                RenderText {#text} at (0,0) size 3x13
                  text run at (0,0) width 3: " "
            RenderTableCell {TD} at (664,234) size 8x13 [bgcolor=#025E5E] [r=18 c=85 rs=1 cs=1]
              RenderInline {FONT} at (0,0) size 3x13
                RenderText {#text} at (0,0) size 3x13
                  text run at (0,0) width 3: " "
            RenderTableCell {TD} at (672,234) size 8x13 [bgcolor=#026766] [r=18 c=86 rs=1 cs=1]
              RenderInline {FONT} at (0,0) size 3x13
                RenderText {#text} at (0,0) size 3x13
                  text run at (0,0) width 3: " "
            RenderTableCell {TD} at (680,234) size 8x13 [bgcolor=#026766] [r=18 c=87 rs=1 cs=1]
              RenderInline {FONT} at (0,0) size 3x13
                RenderText {#text} at (0,0) size 3x13
                  text run at (0,0) width 3: " "
            RenderTableCell {TD} at (688,234) size 8x13 [bgcolor=#026766] [r=18 c=88 rs=1 cs=1]
              RenderInline {FONT} at (0,0) size 3x13
                RenderText {#text} at (0,0) size 3x13
                  text run at (0,0) width 3: " "
            RenderTableCell {TD} at (696,234) size 8x13 [bgcolor=#026766] [r=18 c=89 rs=1 cs=1]
              RenderInline {FONT} at (0,0) size 3x13
                RenderText {#text} at (0,0) size 3x13
                  text run at (0,0) width 3: " "
            RenderTableCell {TD} at (704,234) size 8x13 [bgcolor=#026766] [r=18 c=90 rs=1 cs=1]
              RenderInline {FONT} at (0,0) size 3x13
                RenderText {#text} at (0,0) size 3x13
                  text run at (0,0) width 3: " "
            RenderTableCell {TD} at (712,234) size 8x13 [bgcolor=#025E5E] [r=18 c=91 rs=1 cs=1]
              RenderInline {FONT} at (0,0) size 3x13
                RenderText {#text} at (0,0) size 3x13
                  text run at (0,0) width 3: " "
            RenderTableCell {TD} at (720,234) size 8x13 [bgcolor=#044F4F] [r=18 c=92 rs=1 cs=1]
              RenderInline {FONT} at (0,0) size 3x13
                RenderText {#text} at (0,0) size 3x13
                  text run at (0,0) width 3: " "
            RenderTableCell {TD} at (728,234) size 8x13 [bgcolor=#083131] [r=18 c=93 rs=1 cs=1]
              RenderInline {FONT} at (0,0) size 3x13
                RenderText {#text} at (0,0) size 3x13
                  text run at (0,0) width 3: " "
            RenderTableCell {TD} at (736,234) size 8x13 [bgcolor=#1C2524] [r=18 c=94 rs=1 cs=1]
              RenderInline {FONT} at (0,0) size 3x13
                RenderText {#text} at (0,0) size 3x13
                  text run at (0,0) width 3: " "
            RenderTableCell {TD} at (744,234) size 8x13 [bgcolor=#4D4F4F] [r=18 c=95 rs=1 cs=1]
              RenderInline {FONT} at (0,0) size 3x13
                RenderText {#text} at (0,0) size 3x13
                  text run at (0,0) width 3: " "
            RenderTableCell {TD} at (752,234) size 8x13 [bgcolor=#777878] [r=18 c=96 rs=1 cs=1]
              RenderInline {FONT} at (0,0) size 3x13
                RenderText {#text} at (0,0) size 3x13
                  text run at (0,0) width 3: " "
            RenderTableCell {TD} at (760,234) size 8x13 [bgcolor=#848788] [r=18 c=97 rs=1 cs=1]
              RenderInline {FONT} at (0,0) size 3x13
                RenderText {#text} at (0,0) size 3x13
                  text run at (0,0) width 3: " "
            RenderTableCell {TD} at (768,234) size 8x13 [bgcolor=#777878] [r=18 c=98 rs=1 cs=1]
              RenderInline {FONT} at (0,0) size 3x13
                RenderText {#text} at (0,0) size 3x13
                  text run at (0,0) width 3: " "
            RenderTableCell {TD} at (776,234) size 8x13 [bgcolor=#4D4F4F] [r=18 c=99 rs=1 cs=1]
              RenderInline {FONT} at (0,0) size 3x13
                RenderText {#text} at (0,0) size 3x13
                  text run at (0,0) width 3: " "
          RenderTableRow {TR} at (0,247) size 784x13
            RenderTableCell {TD} at (0,247) size 7x13 [bgcolor=#FDFDFB] [r=19 c=0 rs=1 cs=1]
              RenderInline {FONT} at (0,0) size 3x13
                RenderText {#text} at (0,0) size 3x13
                  text run at (0,0) width 3: " "
            RenderTableCell {TD} at (7,247) size 7x13 [bgcolor=#FDFDFB] [r=19 c=1 rs=1 cs=1]
              RenderInline {FONT} at (0,0) size 3x13
                RenderText {#text} at (0,0) size 3x13
                  text run at (0,0) width 3: " "
            RenderTableCell {TD} at (14,247) size 7x13 [bgcolor=#DEDFDF] [r=19 c=2 rs=1 cs=1]
              RenderInline {FONT} at (0,0) size 3x13
                RenderText {#text} at (0,0) size 3x13
                  text run at (0,0) width 3: " "
            RenderTableCell {TD} at (21,247) size 7x13 [bgcolor=#5A8787] [r=19 c=3 rs=1 cs=1]
              RenderInline {FONT} at (0,0) size 3x13
                RenderText {#text} at (0,0) size 3x13
                  text run at (0,0) width 3: " "
            RenderTableCell {TD} at (28,247) size 7x13 [bgcolor=#025E5E] [r=19 c=4 rs=1 cs=1]
              RenderInline {FONT} at (0,0) size 3x13
                RenderText {#text} at (0,0) size 3x13
                  text run at (0,0) width 3: " "
            RenderTableCell {TD} at (35,247) size 7x13 [bgcolor=#025E5E] [r=19 c=5 rs=1 cs=1]
              RenderInline {FONT} at (0,0) size 3x13
                RenderText {#text} at (0,0) size 3x13
                  text run at (0,0) width 3: " "
            RenderTableCell {TD} at (42,247) size 7x13 [bgcolor=#025E5E] [r=19 c=6 rs=1 cs=1]
              RenderInline {FONT} at (0,0) size 3x13
                RenderText {#text} at (0,0) size 3x13
                  text run at (0,0) width 3: " "
            RenderTableCell {TD} at (49,247) size 7x13 [bgcolor=#026766] [r=19 c=7 rs=1 cs=1]
              RenderInline {FONT} at (0,0) size 3x13
                RenderText {#text} at (0,0) size 3x13
                  text run at (0,0) width 3: " "
            RenderTableCell {TD} at (56,247) size 7x13 [bgcolor=#026766] [r=19 c=8 rs=1 cs=1]
              RenderInline {FONT} at (0,0) size 3x13
                RenderText {#text} at (0,0) size 3x13
                  text run at (0,0) width 3: " "
            RenderTableCell {TD} at (63,247) size 7x13 [bgcolor=#026766] [r=19 c=9 rs=1 cs=1]
              RenderInline {FONT} at (0,0) size 3x13
                RenderText {#text} at (0,0) size 3x13
                  text run at (0,0) width 3: " "
            RenderTableCell {TD} at (70,247) size 7x13 [bgcolor=#026766] [r=19 c=10 rs=1 cs=1]
              RenderInline {FONT} at (0,0) size 3x13
                RenderText {#text} at (0,0) size 3x13
                  text run at (0,0) width 3: " "
            RenderTableCell {TD} at (77,247) size 7x13 [bgcolor=#025E5E] [r=19 c=11 rs=1 cs=1]
              RenderInline {FONT} at (0,0) size 3x13
                RenderText {#text} at (0,0) size 3x13
                  text run at (0,0) width 3: " "
            RenderTableCell {TD} at (84,247) size 7x13 [bgcolor=#025E5E] [r=19 c=12 rs=1 cs=1]
              RenderInline {FONT} at (0,0) size 3x13
                RenderText {#text} at (0,0) size 3x13
                  text run at (0,0) width 3: " "
            RenderTableCell {TD} at (91,247) size 7x13 [bgcolor=#044140] [r=19 c=13 rs=1 cs=1]
              RenderInline {FONT} at (0,0) size 3x13
                RenderText {#text} at (0,0) size 3x13
                  text run at (0,0) width 3: " "
            RenderTableCell {TD} at (98,247) size 7x13 [bgcolor=#223C3D] [r=19 c=14 rs=1 cs=1]
              RenderInline {FONT} at (0,0) size 3x13
                RenderText {#text} at (0,0) size 3x13
                  text run at (0,0) width 3: " "
            RenderTableCell {TD} at (105,247) size 7x13 [bgcolor=#4D4F4F] [r=19 c=15 rs=1 cs=1]
              RenderInline {FONT} at (0,0) size 3x13
                RenderText {#text} at (0,0) size 3x13
                  text run at (0,0) width 3: " "
            RenderTableCell {TD} at (112,247) size 8x13 [bgcolor=#777878] [r=19 c=16 rs=1 cs=1]
              RenderInline {FONT} at (0,0) size 3x13
                RenderText {#text} at (0,0) size 3x13
                  text run at (0,0) width 3: " "
            RenderTableCell {TD} at (120,247) size 8x13 [bgcolor=#848788] [r=19 c=17 rs=1 cs=1]
              RenderInline {FONT} at (0,0) size 3x13
                RenderText {#text} at (0,0) size 3x13
                  text run at (0,0) width 3: " "
            RenderTableCell {TD} at (128,247) size 8x13 [bgcolor=#848788] [r=19 c=18 rs=1 cs=1]
              RenderInline {FONT} at (0,0) size 3x13
                RenderText {#text} at (0,0) size 3x13
                  text run at (0,0) width 3: " "
            RenderTableCell {TD} at (136,247) size 8x13 [bgcolor=#1B8685] [r=19 c=19 rs=1 cs=1]
              RenderInline {FONT} at (0,0) size 3x13
                RenderText {#text} at (0,0) size 3x13
                  text run at (0,0) width 3: " "
            RenderTableCell {TD} at (144,247) size 8x13 [bgcolor=#027777] [r=19 c=20 rs=1 cs=1]
              RenderInline {FONT} at (0,0) size 3x13
                RenderText {#text} at (0,0) size 3x13
                  text run at (0,0) width 3: " "
            RenderTableCell {TD} at (152,247) size 8x13 [bgcolor=#026766] [r=19 c=21 rs=1 cs=1]
              RenderInline {FONT} at (0,0) size 3x13
                RenderText {#text} at (0,0) size 3x13
                  text run at (0,0) width 3: " "
            RenderTableCell {TD} at (160,247) size 8x13 [bgcolor=#026766] [r=19 c=22 rs=1 cs=1]
              RenderInline {FONT} at (0,0) size 3x13
                RenderText {#text} at (0,0) size 3x13
                  text run at (0,0) width 3: " "
            RenderTableCell {TD} at (168,247) size 8x13 [bgcolor=#026766] [r=19 c=23 rs=1 cs=1]
              RenderInline {FONT} at (0,0) size 3x13
                RenderText {#text} at (0,0) size 3x13
                  text run at (0,0) width 3: " "
            RenderTableCell {TD} at (176,247) size 8x13 [bgcolor=#025E5E] [r=19 c=24 rs=1 cs=1]
              RenderInline {FONT} at (0,0) size 3x13
                RenderText {#text} at (0,0) size 3x13
                  text run at (0,0) width 3: " "
            RenderTableCell {TD} at (184,247) size 8x13 [bgcolor=#025E5E] [r=19 c=25 rs=1 cs=1]
              RenderInline {FONT} at (0,0) size 3x13
                RenderText {#text} at (0,0) size 3x13
                  text run at (0,0) width 3: " "
            RenderTableCell {TD} at (192,247) size 8x13 [bgcolor=#025E5E] [r=19 c=26 rs=1 cs=1]
              RenderInline {FONT} at (0,0) size 3x13
                RenderText {#text} at (0,0) size 3x13
                  text run at (0,0) width 3: " "
            RenderTableCell {TD} at (200,247) size 8x13 [bgcolor=#044F4F] [r=19 c=27 rs=1 cs=1]
              RenderInline {FONT} at (0,0) size 3x13
                RenderText {#text} at (0,0) size 3x13
                  text run at (0,0) width 3: " "
            RenderTableCell {TD} at (208,247) size 8x13 [bgcolor=#044140] [r=19 c=28 rs=1 cs=1]
              RenderInline {FONT} at (0,0) size 3x13
                RenderText {#text} at (0,0) size 3x13
                  text run at (0,0) width 3: " "
            RenderTableCell {TD} at (216,247) size 8x13 [bgcolor=#072323] [r=19 c=29 rs=1 cs=1]
              RenderInline {FONT} at (0,0) size 3x13
                RenderText {#text} at (0,0) size 3x13
                  text run at (0,0) width 3: " "
            RenderTableCell {TD} at (224,247) size 8x13 [bgcolor=#2D3433] [r=19 c=30 rs=1 cs=1]
              RenderInline {FONT} at (0,0) size 3x13
                RenderText {#text} at (0,0) size 3x13
                  text run at (0,0) width 3: " "
            RenderTableCell {TD} at (232,247) size 8x13 [bgcolor=#4D4F4F] [r=19 c=31 rs=1 cs=1]
              RenderInline {FONT} at (0,0) size 3x13
                RenderText {#text} at (0,0) size 3x13
                  text run at (0,0) width 3: " "
            RenderTableCell {TD} at (240,247) size 8x13 [bgcolor=#5E5F60] [r=19 c=32 rs=1 cs=1]
              RenderInline {FONT} at (0,0) size 3x13
                RenderText {#text} at (0,0) size 3x13
                  text run at (0,0) width 3: " "
            RenderTableCell {TD} at (248,247) size 8x13 [bgcolor=#777878] [r=19 c=33 rs=1 cs=1]
              RenderInline {FONT} at (0,0) size 3x13
                RenderText {#text} at (0,0) size 3x13
                  text run at (0,0) width 3: " "
            RenderTableCell {TD} at (256,247) size 8x13 [bgcolor=#848788] [r=19 c=34 rs=1 cs=1]
              RenderInline {FONT} at (0,0) size 3x13
                RenderText {#text} at (0,0) size 3x13
                  text run at (0,0) width 3: " "
            RenderTableCell {TD} at (264,247) size 8x13 [bgcolor=#848788] [r=19 c=35 rs=1 cs=1]
              RenderInline {FONT} at (0,0) size 3x13
                RenderText {#text} at (0,0) size 3x13
                  text run at (0,0) width 3: " "
            RenderTableCell {TD} at (272,247) size 8x13 [bgcolor=#027777] [r=19 c=36 rs=1 cs=1]
              RenderInline {FONT} at (0,0) size 3x13
                RenderText {#text} at (0,0) size 3x13
                  text run at (0,0) width 3: " "
            RenderTableCell {TD} at (280,247) size 8x13 [bgcolor=#027777] [r=19 c=37 rs=1 cs=1]
              RenderInline {FONT} at (0,0) size 3x13
                RenderText {#text} at (0,0) size 3x13
                  text run at (0,0) width 3: " "
            RenderTableCell {TD} at (288,247) size 8x13 [bgcolor=#026766] [r=19 c=38 rs=1 cs=1]
              RenderInline {FONT} at (0,0) size 3x13
                RenderText {#text} at (0,0) size 3x13
                  text run at (0,0) width 3: " "
            RenderTableCell {TD} at (296,247) size 8x13 [bgcolor=#026766] [r=19 c=39 rs=1 cs=1]
              RenderInline {FONT} at (0,0) size 3x13
                RenderText {#text} at (0,0) size 3x13
                  text run at (0,0) width 3: " "
            RenderTableCell {TD} at (304,247) size 8x13 [bgcolor=#026766] [r=19 c=40 rs=1 cs=1]
              RenderInline {FONT} at (0,0) size 3x13
                RenderText {#text} at (0,0) size 3x13
                  text run at (0,0) width 3: " "
            RenderTableCell {TD} at (312,247) size 8x13 [bgcolor=#026766] [r=19 c=41 rs=1 cs=1]
              RenderInline {FONT} at (0,0) size 3x13
                RenderText {#text} at (0,0) size 3x13
                  text run at (0,0) width 3: " "
            RenderTableCell {TD} at (320,247) size 8x13 [bgcolor=#026766] [r=19 c=42 rs=1 cs=1]
              RenderInline {FONT} at (0,0) size 3x13
                RenderText {#text} at (0,0) size 3x13
                  text run at (0,0) width 3: " "
            RenderTableCell {TD} at (328,247) size 8x13 [bgcolor=#026766] [r=19 c=43 rs=1 cs=1]
              RenderInline {FONT} at (0,0) size 3x13
                RenderText {#text} at (0,0) size 3x13
                  text run at (0,0) width 3: " "
            RenderTableCell {TD} at (336,247) size 8x13 [bgcolor=#026766] [r=19 c=44 rs=1 cs=1]
              RenderInline {FONT} at (0,0) size 3x13
                RenderText {#text} at (0,0) size 3x13
                  text run at (0,0) width 3: " "
            RenderTableCell {TD} at (344,247) size 8x13 [bgcolor=#026766] [r=19 c=45 rs=1 cs=1]
              RenderInline {FONT} at (0,0) size 3x13
                RenderText {#text} at (0,0) size 3x13
                  text run at (0,0) width 3: " "
            RenderTableCell {TD} at (352,247) size 8x13 [bgcolor=#026766] [r=19 c=46 rs=1 cs=1]
              RenderInline {FONT} at (0,0) size 3x13
                RenderText {#text} at (0,0) size 3x13
                  text run at (0,0) width 3: " "
            RenderTableCell {TD} at (360,247) size 8x13 [bgcolor=#026766] [r=19 c=47 rs=1 cs=1]
              RenderInline {FONT} at (0,0) size 3x13
                RenderText {#text} at (0,0) size 3x13
                  text run at (0,0) width 3: " "
            RenderTableCell {TD} at (368,247) size 8x13 [bgcolor=#026766] [r=19 c=48 rs=1 cs=1]
              RenderInline {FONT} at (0,0) size 3x13
                RenderText {#text} at (0,0) size 3x13
                  text run at (0,0) width 3: " "
            RenderTableCell {TD} at (376,247) size 8x13 [bgcolor=#025E5E] [r=19 c=49 rs=1 cs=1]
              RenderInline {FONT} at (0,0) size 3x13
                RenderText {#text} at (0,0) size 3x13
                  text run at (0,0) width 3: " "
            RenderTableCell {TD} at (384,247) size 8x13 [bgcolor=#044F4F] [r=19 c=50 rs=1 cs=1]
              RenderInline {FONT} at (0,0) size 3x13
                RenderText {#text} at (0,0) size 3x13
                  text run at (0,0) width 3: " "
            RenderTableCell {TD} at (392,247) size 8x13 [bgcolor=#083131] [r=19 c=51 rs=1 cs=1]
              RenderInline {FONT} at (0,0) size 3x13
                RenderText {#text} at (0,0) size 3x13
                  text run at (0,0) width 3: " "
            RenderTableCell {TD} at (400,247) size 8x13 [bgcolor=#3D4242] [r=19 c=52 rs=1 cs=1]
              RenderInline {FONT} at (0,0) size 3x13
                RenderText {#text} at (0,0) size 3x13
                  text run at (0,0) width 3: " "
            RenderTableCell {TD} at (408,247) size 8x13 [bgcolor=#5E5F60] [r=19 c=53 rs=1 cs=1]
              RenderInline {FONT} at (0,0) size 3x13
                RenderText {#text} at (0,0) size 3x13
                  text run at (0,0) width 3: " "
            RenderTableCell {TD} at (416,247) size 8x13 [bgcolor=#777878] [r=19 c=54 rs=1 cs=1]
              RenderInline {FONT} at (0,0) size 3x13
                RenderText {#text} at (0,0) size 3x13
                  text run at (0,0) width 3: " "
            RenderTableCell {TD} at (424,247) size 8x13 [bgcolor=#848788] [r=19 c=55 rs=1 cs=1]
              RenderInline {FONT} at (0,0) size 3x13
                RenderText {#text} at (0,0) size 3x13
                  text run at (0,0) width 3: " "
            RenderTableCell {TD} at (432,247) size 8x13 [bgcolor=#939494] [r=19 c=56 rs=1 cs=1]
              RenderInline {FONT} at (0,0) size 3x13
                RenderText {#text} at (0,0) size 3x13
                  text run at (0,0) width 3: " "
            RenderTableCell {TD} at (440,247) size 8x13 [bgcolor=#939494] [r=19 c=57 rs=1 cs=1]
              RenderInline {FONT} at (0,0) size 3x13
                RenderText {#text} at (0,0) size 3x13
                  text run at (0,0) width 3: " "
            RenderTableCell {TD} at (448,247) size 8x13 [bgcolor=#939494] [r=19 c=58 rs=1 cs=1]
              RenderInline {FONT} at (0,0) size 3x13
                RenderText {#text} at (0,0) size 3x13
                  text run at (0,0) width 3: " "
            RenderTableCell {TD} at (456,247) size 8x13 [bgcolor=#939494] [r=19 c=59 rs=1 cs=1]
              RenderInline {FONT} at (0,0) size 3x13
                RenderText {#text} at (0,0) size 3x13
                  text run at (0,0) width 3: " "
            RenderTableCell {TD} at (464,247) size 8x13 [bgcolor=#848788] [r=19 c=60 rs=1 cs=1]
              RenderInline {FONT} at (0,0) size 3x13
                RenderText {#text} at (0,0) size 3x13
                  text run at (0,0) width 3: " "
            RenderTableCell {TD} at (472,247) size 8x13 [bgcolor=#527274] [r=19 c=61 rs=1 cs=1]
              RenderInline {FONT} at (0,0) size 3x13
                RenderText {#text} at (0,0) size 3x13
                  text run at (0,0) width 3: " "
            RenderTableCell {TD} at (480,247) size 8x13 [bgcolor=#026766] [r=19 c=62 rs=1 cs=1]
              RenderInline {FONT} at (0,0) size 3x13
                RenderText {#text} at (0,0) size 3x13
                  text run at (0,0) width 3: " "
            RenderTableCell {TD} at (488,247) size 8x13 [bgcolor=#026766] [r=19 c=63 rs=1 cs=1]
              RenderInline {FONT} at (0,0) size 3x13
                RenderText {#text} at (0,0) size 3x13
                  text run at (0,0) width 3: " "
            RenderTableCell {TD} at (496,247) size 8x13 [bgcolor=#026766] [r=19 c=64 rs=1 cs=1]
              RenderInline {FONT} at (0,0) size 3x13
                RenderText {#text} at (0,0) size 3x13
                  text run at (0,0) width 3: " "
            RenderTableCell {TD} at (504,247) size 8x13 [bgcolor=#026766] [r=19 c=65 rs=1 cs=1]
              RenderInline {FONT} at (0,0) size 3x13
                RenderText {#text} at (0,0) size 3x13
                  text run at (0,0) width 3: " "
            RenderTableCell {TD} at (512,247) size 8x13 [bgcolor=#026766] [r=19 c=66 rs=1 cs=1]
              RenderInline {FONT} at (0,0) size 3x13
                RenderText {#text} at (0,0) size 3x13
                  text run at (0,0) width 3: " "
            RenderTableCell {TD} at (520,247) size 8x13 [bgcolor=#026766] [r=19 c=67 rs=1 cs=1]
              RenderInline {FONT} at (0,0) size 3x13
                RenderText {#text} at (0,0) size 3x13
                  text run at (0,0) width 3: " "
            RenderTableCell {TD} at (528,247) size 8x13 [bgcolor=#026766] [r=19 c=68 rs=1 cs=1]
              RenderInline {FONT} at (0,0) size 3x13
                RenderText {#text} at (0,0) size 3x13
                  text run at (0,0) width 3: " "
            RenderTableCell {TD} at (536,247) size 8x13 [bgcolor=#026766] [r=19 c=69 rs=1 cs=1]
              RenderInline {FONT} at (0,0) size 3x13
                RenderText {#text} at (0,0) size 3x13
                  text run at (0,0) width 3: " "
            RenderTableCell {TD} at (544,247) size 8x13 [bgcolor=#026766] [r=19 c=70 rs=1 cs=1]
              RenderInline {FONT} at (0,0) size 3x13
                RenderText {#text} at (0,0) size 3x13
                  text run at (0,0) width 3: " "
            RenderTableCell {TD} at (552,247) size 8x13 [bgcolor=#025E5E] [r=19 c=71 rs=1 cs=1]
              RenderInline {FONT} at (0,0) size 3x13
                RenderText {#text} at (0,0) size 3x13
                  text run at (0,0) width 3: " "
            RenderTableCell {TD} at (560,247) size 8x13 [bgcolor=#025E5E] [r=19 c=72 rs=1 cs=1]
              RenderInline {FONT} at (0,0) size 3x13
                RenderText {#text} at (0,0) size 3x13
                  text run at (0,0) width 3: " "
            RenderTableCell {TD} at (568,247) size 8x13 [bgcolor=#044F4F] [r=19 c=73 rs=1 cs=1]
              RenderInline {FONT} at (0,0) size 3x13
                RenderText {#text} at (0,0) size 3x13
                  text run at (0,0) width 3: " "
            RenderTableCell {TD} at (576,247) size 8x13 [bgcolor=#425A5A] [r=19 c=74 rs=1 cs=1]
              RenderInline {FONT} at (0,0) size 3x13
                RenderText {#text} at (0,0) size 3x13
                  text run at (0,0) width 3: " "
            RenderTableCell {TD} at (584,247) size 8x13 [bgcolor=#777878] [r=19 c=75 rs=1 cs=1]
              RenderInline {FONT} at (0,0) size 3x13
                RenderText {#text} at (0,0) size 3x13
                  text run at (0,0) width 3: " "
            RenderTableCell {TD} at (592,247) size 8x13 [bgcolor=#848788] [r=19 c=76 rs=1 cs=1]
              RenderInline {FONT} at (0,0) size 3x13
                RenderText {#text} at (0,0) size 3x13
                  text run at (0,0) width 3: " "
            RenderTableCell {TD} at (600,247) size 8x13 [bgcolor=#848788] [r=19 c=77 rs=1 cs=1]
              RenderInline {FONT} at (0,0) size 3x13
                RenderText {#text} at (0,0) size 3x13
                  text run at (0,0) width 3: " "
            RenderTableCell {TD} at (608,247) size 8x13 [bgcolor=#1B8685] [r=19 c=78 rs=1 cs=1]
              RenderInline {FONT} at (0,0) size 3x13
                RenderText {#text} at (0,0) size 3x13
                  text run at (0,0) width 3: " "
            RenderTableCell {TD} at (616,247) size 8x13 [bgcolor=#027777] [r=19 c=79 rs=1 cs=1]
              RenderInline {FONT} at (0,0) size 3x13
                RenderText {#text} at (0,0) size 3x13
                  text run at (0,0) width 3: " "
            RenderTableCell {TD} at (624,247) size 8x13 [bgcolor=#026766] [r=19 c=80 rs=1 cs=1]
              RenderInline {FONT} at (0,0) size 3x13
                RenderText {#text} at (0,0) size 3x13
                  text run at (0,0) width 3: " "
            RenderTableCell {TD} at (632,247) size 8x13 [bgcolor=#026766] [r=19 c=81 rs=1 cs=1]
              RenderInline {FONT} at (0,0) size 3x13
                RenderText {#text} at (0,0) size 3x13
                  text run at (0,0) width 3: " "
            RenderTableCell {TD} at (640,247) size 8x13 [bgcolor=#026766] [r=19 c=82 rs=1 cs=1]
              RenderInline {FONT} at (0,0) size 3x13
                RenderText {#text} at (0,0) size 3x13
                  text run at (0,0) width 3: " "
            RenderTableCell {TD} at (648,247) size 8x13 [bgcolor=#026766] [r=19 c=83 rs=1 cs=1]
              RenderInline {FONT} at (0,0) size 3x13
                RenderText {#text} at (0,0) size 3x13
                  text run at (0,0) width 3: " "
            RenderTableCell {TD} at (656,247) size 8x13 [bgcolor=#026766] [r=19 c=84 rs=1 cs=1]
              RenderInline {FONT} at (0,0) size 3x13
                RenderText {#text} at (0,0) size 3x13
                  text run at (0,0) width 3: " "
            RenderTableCell {TD} at (664,247) size 8x13 [bgcolor=#026766] [r=19 c=85 rs=1 cs=1]
              RenderInline {FONT} at (0,0) size 3x13
                RenderText {#text} at (0,0) size 3x13
                  text run at (0,0) width 3: " "
            RenderTableCell {TD} at (672,247) size 8x13 [bgcolor=#026766] [r=19 c=86 rs=1 cs=1]
              RenderInline {FONT} at (0,0) size 3x13
                RenderText {#text} at (0,0) size 3x13
                  text run at (0,0) width 3: " "
            RenderTableCell {TD} at (680,247) size 8x13 [bgcolor=#026766] [r=19 c=87 rs=1 cs=1]
              RenderInline {FONT} at (0,0) size 3x13
                RenderText {#text} at (0,0) size 3x13
                  text run at (0,0) width 3: " "
            RenderTableCell {TD} at (688,247) size 8x13 [bgcolor=#026766] [r=19 c=88 rs=1 cs=1]
              RenderInline {FONT} at (0,0) size 3x13
                RenderText {#text} at (0,0) size 3x13
                  text run at (0,0) width 3: " "
            RenderTableCell {TD} at (696,247) size 8x13 [bgcolor=#026766] [r=19 c=89 rs=1 cs=1]
              RenderInline {FONT} at (0,0) size 3x13
                RenderText {#text} at (0,0) size 3x13
                  text run at (0,0) width 3: " "
            RenderTableCell {TD} at (704,247) size 8x13 [bgcolor=#026766] [r=19 c=90 rs=1 cs=1]
              RenderInline {FONT} at (0,0) size 3x13
                RenderText {#text} at (0,0) size 3x13
                  text run at (0,0) width 3: " "
            RenderTableCell {TD} at (712,247) size 8x13 [bgcolor=#025E5E] [r=19 c=91 rs=1 cs=1]
              RenderInline {FONT} at (0,0) size 3x13
                RenderText {#text} at (0,0) size 3x13
                  text run at (0,0) width 3: " "
            RenderTableCell {TD} at (720,247) size 8x13 [bgcolor=#044F4F] [r=19 c=92 rs=1 cs=1]
              RenderInline {FONT} at (0,0) size 3x13
                RenderText {#text} at (0,0) size 3x13
                  text run at (0,0) width 3: " "
            RenderTableCell {TD} at (728,247) size 8x13 [bgcolor=#044140] [r=19 c=93 rs=1 cs=1]
              RenderInline {FONT} at (0,0) size 3x13
                RenderText {#text} at (0,0) size 3x13
                  text run at (0,0) width 3: " "
            RenderTableCell {TD} at (736,247) size 8x13 [bgcolor=#223C3D] [r=19 c=94 rs=1 cs=1]
              RenderInline {FONT} at (0,0) size 3x13
                RenderText {#text} at (0,0) size 3x13
                  text run at (0,0) width 3: " "
            RenderTableCell {TD} at (744,247) size 8x13 [bgcolor=#515C5B] [r=19 c=95 rs=1 cs=1]
              RenderInline {FONT} at (0,0) size 3x13
                RenderText {#text} at (0,0) size 3x13
                  text run at (0,0) width 3: " "
            RenderTableCell {TD} at (752,247) size 8x13 [bgcolor=#777878] [r=19 c=96 rs=1 cs=1]
              RenderInline {FONT} at (0,0) size 3x13
                RenderText {#text} at (0,0) size 3x13
                  text run at (0,0) width 3: " "
            RenderTableCell {TD} at (760,247) size 8x13 [bgcolor=#848788] [r=19 c=97 rs=1 cs=1]
              RenderInline {FONT} at (0,0) size 3x13
                RenderText {#text} at (0,0) size 3x13
                  text run at (0,0) width 3: " "
            RenderTableCell {TD} at (768,247) size 8x13 [bgcolor=#696A69] [r=19 c=98 rs=1 cs=1]
              RenderInline {FONT} at (0,0) size 3x13
                RenderText {#text} at (0,0) size 3x13
                  text run at (0,0) width 3: " "
            RenderTableCell {TD} at (776,247) size 8x13 [bgcolor=#4D4F4F] [r=19 c=99 rs=1 cs=1]
              RenderInline {FONT} at (0,0) size 3x13
                RenderText {#text} at (0,0) size 3x13
                  text run at (0,0) width 3: " "
          RenderTableRow {TR} at (0,260) size 784x13
            RenderTableCell {TD} at (0,260) size 7x13 [bgcolor=#FDFDFB] [r=20 c=0 rs=1 cs=1]
              RenderInline {FONT} at (0,0) size 3x13
                RenderText {#text} at (0,0) size 3x13
                  text run at (0,0) width 3: " "
            RenderTableCell {TD} at (7,260) size 7x13 [bgcolor=#FDFDFB] [r=20 c=1 rs=1 cs=1]
              RenderInline {FONT} at (0,0) size 3x13
                RenderText {#text} at (0,0) size 3x13
                  text run at (0,0) width 3: " "
            RenderTableCell {TD} at (14,260) size 7x13 [bgcolor=#EDEEEF] [r=20 c=2 rs=1 cs=1]
              RenderInline {FONT} at (0,0) size 3x13
                RenderText {#text} at (0,0) size 3x13
                  text run at (0,0) width 3: " "
            RenderTableCell {TD} at (21,260) size 7x13 [bgcolor=#CECFCF] [r=20 c=3 rs=1 cs=1]
              RenderInline {FONT} at (0,0) size 3x13
                RenderText {#text} at (0,0) size 3x13
                  text run at (0,0) width 3: " "
            RenderTableCell {TD} at (28,260) size 7x13 [bgcolor=#5A8787] [r=20 c=4 rs=1 cs=1]
              RenderInline {FONT} at (0,0) size 3x13
                RenderText {#text} at (0,0) size 3x13
                  text run at (0,0) width 3: " "
            RenderTableCell {TD} at (35,260) size 7x13 [bgcolor=#044F4F] [r=20 c=5 rs=1 cs=1]
              RenderInline {FONT} at (0,0) size 3x13
                RenderText {#text} at (0,0) size 3x13
                  text run at (0,0) width 3: " "
            RenderTableCell {TD} at (42,260) size 7x13 [bgcolor=#025E5E] [r=20 c=6 rs=1 cs=1]
              RenderInline {FONT} at (0,0) size 3x13
                RenderText {#text} at (0,0) size 3x13
                  text run at (0,0) width 3: " "
            RenderTableCell {TD} at (49,260) size 7x13 [bgcolor=#025E5E] [r=20 c=7 rs=1 cs=1]
              RenderInline {FONT} at (0,0) size 3x13
                RenderText {#text} at (0,0) size 3x13
                  text run at (0,0) width 3: " "
            RenderTableCell {TD} at (56,260) size 7x13 [bgcolor=#025E5E] [r=20 c=8 rs=1 cs=1]
              RenderInline {FONT} at (0,0) size 3x13
                RenderText {#text} at (0,0) size 3x13
                  text run at (0,0) width 3: " "
            RenderTableCell {TD} at (63,260) size 7x13 [bgcolor=#026766] [r=20 c=9 rs=1 cs=1]
              RenderInline {FONT} at (0,0) size 3x13
                RenderText {#text} at (0,0) size 3x13
                  text run at (0,0) width 3: " "
            RenderTableCell {TD} at (70,260) size 7x13 [bgcolor=#026766] [r=20 c=10 rs=1 cs=1]
              RenderInline {FONT} at (0,0) size 3x13
                RenderText {#text} at (0,0) size 3x13
                  text run at (0,0) width 3: " "
            RenderTableCell {TD} at (77,260) size 7x13 [bgcolor=#025E5E] [r=20 c=11 rs=1 cs=1]
              RenderInline {FONT} at (0,0) size 3x13
                RenderText {#text} at (0,0) size 3x13
                  text run at (0,0) width 3: " "
            RenderTableCell {TD} at (84,260) size 7x13 [bgcolor=#025E5E] [r=20 c=12 rs=1 cs=1]
              RenderInline {FONT} at (0,0) size 3x13
                RenderText {#text} at (0,0) size 3x13
                  text run at (0,0) width 3: " "
            RenderTableCell {TD} at (91,260) size 7x13 [bgcolor=#044F4F] [r=20 c=13 rs=1 cs=1]
              RenderInline {FONT} at (0,0) size 3x13
                RenderText {#text} at (0,0) size 3x13
                  text run at (0,0) width 3: " "
            RenderTableCell {TD} at (98,260) size 7x13 [bgcolor=#044140] [r=20 c=14 rs=1 cs=1]
              RenderInline {FONT} at (0,0) size 3x13
                RenderText {#text} at (0,0) size 3x13
                  text run at (0,0) width 3: " "
            RenderTableCell {TD} at (105,260) size 7x13 [bgcolor=#3D4242] [r=20 c=15 rs=1 cs=1]
              RenderInline {FONT} at (0,0) size 3x13
                RenderText {#text} at (0,0) size 3x13
                  text run at (0,0) width 3: " "
            RenderTableCell {TD} at (112,260) size 8x13 [bgcolor=#515C5B] [r=20 c=16 rs=1 cs=1]
              RenderInline {FONT} at (0,0) size 3x13
                RenderText {#text} at (0,0) size 3x13
                  text run at (0,0) width 3: " "
            RenderTableCell {TD} at (120,260) size 8x13 [bgcolor=#696A69] [r=20 c=17 rs=1 cs=1]
              RenderInline {FONT} at (0,0) size 3x13
                RenderText {#text} at (0,0) size 3x13
                  text run at (0,0) width 3: " "
            RenderTableCell {TD} at (128,260) size 8x13 [bgcolor=#526B6B] [r=20 c=18 rs=1 cs=1]
              RenderInline {FONT} at (0,0) size 3x13
                RenderText {#text} at (0,0) size 3x13
                  text run at (0,0) width 3: " "
            RenderTableCell {TD} at (136,260) size 8x13 [bgcolor=#048485] [r=20 c=19 rs=1 cs=1]
              RenderInline {FONT} at (0,0) size 3x13
                RenderText {#text} at (0,0) size 3x13
                  text run at (0,0) width 3: " "
            RenderTableCell {TD} at (144,260) size 8x13 [bgcolor=#027777] [r=20 c=20 rs=1 cs=1]
              RenderInline {FONT} at (0,0) size 3x13
                RenderText {#text} at (0,0) size 3x13
                  text run at (0,0) width 3: " "
            RenderTableCell {TD} at (152,260) size 8x13 [bgcolor=#026766] [r=20 c=21 rs=1 cs=1]
              RenderInline {FONT} at (0,0) size 3x13
                RenderText {#text} at (0,0) size 3x13
                  text run at (0,0) width 3: " "
            RenderTableCell {TD} at (160,260) size 8x13 [bgcolor=#026766] [r=20 c=22 rs=1 cs=1]
              RenderInline {FONT} at (0,0) size 3x13
                RenderText {#text} at (0,0) size 3x13
                  text run at (0,0) width 3: " "
            RenderTableCell {TD} at (168,260) size 8x13 [bgcolor=#025E5E] [r=20 c=23 rs=1 cs=1]
              RenderInline {FONT} at (0,0) size 3x13
                RenderText {#text} at (0,0) size 3x13
                  text run at (0,0) width 3: " "
            RenderTableCell {TD} at (176,260) size 8x13 [bgcolor=#025E5E] [r=20 c=24 rs=1 cs=1]
              RenderInline {FONT} at (0,0) size 3x13
                RenderText {#text} at (0,0) size 3x13
                  text run at (0,0) width 3: " "
            RenderTableCell {TD} at (184,260) size 8x13 [bgcolor=#025E5E] [r=20 c=25 rs=1 cs=1]
              RenderInline {FONT} at (0,0) size 3x13
                RenderText {#text} at (0,0) size 3x13
                  text run at (0,0) width 3: " "
            RenderTableCell {TD} at (192,260) size 8x13 [bgcolor=#044F4F] [r=20 c=26 rs=1 cs=1]
              RenderInline {FONT} at (0,0) size 3x13
                RenderText {#text} at (0,0) size 3x13
                  text run at (0,0) width 3: " "
            RenderTableCell {TD} at (200,260) size 8x13 [bgcolor=#044140] [r=20 c=27 rs=1 cs=1]
              RenderInline {FONT} at (0,0) size 3x13
                RenderText {#text} at (0,0) size 3x13
                  text run at (0,0) width 3: " "
            RenderTableCell {TD} at (208,260) size 8x13 [bgcolor=#072323] [r=20 c=28 rs=1 cs=1]
              RenderInline {FONT} at (0,0) size 3x13
                RenderText {#text} at (0,0) size 3x13
                  text run at (0,0) width 3: " "
            RenderTableCell {TD} at (216,260) size 8x13 [bgcolor=#1C2524] [r=20 c=29 rs=1 cs=1]
              RenderInline {FONT} at (0,0) size 3x13
                RenderText {#text} at (0,0) size 3x13
                  text run at (0,0) width 3: " "
            RenderTableCell {TD} at (224,260) size 8x13 [bgcolor=#2D3433] [r=20 c=30 rs=1 cs=1]
              RenderInline {FONT} at (0,0) size 3x13
                RenderText {#text} at (0,0) size 3x13
                  text run at (0,0) width 3: " "
            RenderTableCell {TD} at (232,260) size 8x13 [bgcolor=#3D4242] [r=20 c=31 rs=1 cs=1]
              RenderInline {FONT} at (0,0) size 3x13
                RenderText {#text} at (0,0) size 3x13
                  text run at (0,0) width 3: " "
            RenderTableCell {TD} at (240,260) size 8x13 [bgcolor=#515C5B] [r=20 c=32 rs=1 cs=1]
              RenderInline {FONT} at (0,0) size 3x13
                RenderText {#text} at (0,0) size 3x13
                  text run at (0,0) width 3: " "
            RenderTableCell {TD} at (248,260) size 8x13 [bgcolor=#696A69] [r=20 c=33 rs=1 cs=1]
              RenderInline {FONT} at (0,0) size 3x13
                RenderText {#text} at (0,0) size 3x13
                  text run at (0,0) width 3: " "
            RenderTableCell {TD} at (256,260) size 8x13 [bgcolor=#696A69] [r=20 c=34 rs=1 cs=1]
              RenderInline {FONT} at (0,0) size 3x13
                RenderText {#text} at (0,0) size 3x13
                  text run at (0,0) width 3: " "
            RenderTableCell {TD} at (264,260) size 8x13 [bgcolor=#696A69] [r=20 c=35 rs=1 cs=1]
              RenderInline {FONT} at (0,0) size 3x13
                RenderText {#text} at (0,0) size 3x13
                  text run at (0,0) width 3: " "
            RenderTableCell {TD} at (272,260) size 8x13 [bgcolor=#027777] [r=20 c=36 rs=1 cs=1]
              RenderInline {FONT} at (0,0) size 3x13
                RenderText {#text} at (0,0) size 3x13
                  text run at (0,0) width 3: " "
            RenderTableCell {TD} at (280,260) size 8x13 [bgcolor=#027777] [r=20 c=37 rs=1 cs=1]
              RenderInline {FONT} at (0,0) size 3x13
                RenderText {#text} at (0,0) size 3x13
                  text run at (0,0) width 3: " "
            RenderTableCell {TD} at (288,260) size 8x13 [bgcolor=#026766] [r=20 c=38 rs=1 cs=1]
              RenderInline {FONT} at (0,0) size 3x13
                RenderText {#text} at (0,0) size 3x13
                  text run at (0,0) width 3: " "
            RenderTableCell {TD} at (296,260) size 8x13 [bgcolor=#026766] [r=20 c=39 rs=1 cs=1]
              RenderInline {FONT} at (0,0) size 3x13
                RenderText {#text} at (0,0) size 3x13
                  text run at (0,0) width 3: " "
            RenderTableCell {TD} at (304,260) size 8x13 [bgcolor=#026766] [r=20 c=40 rs=1 cs=1]
              RenderInline {FONT} at (0,0) size 3x13
                RenderText {#text} at (0,0) size 3x13
                  text run at (0,0) width 3: " "
            RenderTableCell {TD} at (312,260) size 8x13 [bgcolor=#026766] [r=20 c=41 rs=1 cs=1]
              RenderInline {FONT} at (0,0) size 3x13
                RenderText {#text} at (0,0) size 3x13
                  text run at (0,0) width 3: " "
            RenderTableCell {TD} at (320,260) size 8x13 [bgcolor=#026766] [r=20 c=42 rs=1 cs=1]
              RenderInline {FONT} at (0,0) size 3x13
                RenderText {#text} at (0,0) size 3x13
                  text run at (0,0) width 3: " "
            RenderTableCell {TD} at (328,260) size 8x13 [bgcolor=#026766] [r=20 c=43 rs=1 cs=1]
              RenderInline {FONT} at (0,0) size 3x13
                RenderText {#text} at (0,0) size 3x13
                  text run at (0,0) width 3: " "
            RenderTableCell {TD} at (336,260) size 8x13 [bgcolor=#026766] [r=20 c=44 rs=1 cs=1]
              RenderInline {FONT} at (0,0) size 3x13
                RenderText {#text} at (0,0) size 3x13
                  text run at (0,0) width 3: " "
            RenderTableCell {TD} at (344,260) size 8x13 [bgcolor=#026766] [r=20 c=45 rs=1 cs=1]
              RenderInline {FONT} at (0,0) size 3x13
                RenderText {#text} at (0,0) size 3x13
                  text run at (0,0) width 3: " "
            RenderTableCell {TD} at (352,260) size 8x13 [bgcolor=#026766] [r=20 c=46 rs=1 cs=1]
              RenderInline {FONT} at (0,0) size 3x13
                RenderText {#text} at (0,0) size 3x13
                  text run at (0,0) width 3: " "
            RenderTableCell {TD} at (360,260) size 8x13 [bgcolor=#026766] [r=20 c=47 rs=1 cs=1]
              RenderInline {FONT} at (0,0) size 3x13
                RenderText {#text} at (0,0) size 3x13
                  text run at (0,0) width 3: " "
            RenderTableCell {TD} at (368,260) size 8x13 [bgcolor=#025E5E] [r=20 c=48 rs=1 cs=1]
              RenderInline {FONT} at (0,0) size 3x13
                RenderText {#text} at (0,0) size 3x13
                  text run at (0,0) width 3: " "
            RenderTableCell {TD} at (376,260) size 8x13 [bgcolor=#025E5E] [r=20 c=49 rs=1 cs=1]
              RenderInline {FONT} at (0,0) size 3x13
                RenderText {#text} at (0,0) size 3x13
                  text run at (0,0) width 3: " "
            RenderTableCell {TD} at (384,260) size 8x13 [bgcolor=#044F4F] [r=20 c=50 rs=1 cs=1]
              RenderInline {FONT} at (0,0) size 3x13
                RenderText {#text} at (0,0) size 3x13
                  text run at (0,0) width 3: " "
            RenderTableCell {TD} at (392,260) size 8x13 [bgcolor=#083131] [r=20 c=51 rs=1 cs=1]
              RenderInline {FONT} at (0,0) size 3x13
                RenderText {#text} at (0,0) size 3x13
                  text run at (0,0) width 3: " "
            RenderTableCell {TD} at (400,260) size 8x13 [bgcolor=#2D3433] [r=20 c=52 rs=1 cs=1]
              RenderInline {FONT} at (0,0) size 3x13
                RenderText {#text} at (0,0) size 3x13
                  text run at (0,0) width 3: " "
            RenderTableCell {TD} at (408,260) size 8x13 [bgcolor=#4D4F4F] [r=20 c=53 rs=1 cs=1]
              RenderInline {FONT} at (0,0) size 3x13
                RenderText {#text} at (0,0) size 3x13
                  text run at (0,0) width 3: " "
            RenderTableCell {TD} at (416,260) size 8x13 [bgcolor=#5E5F60] [r=20 c=54 rs=1 cs=1]
              RenderInline {FONT} at (0,0) size 3x13
                RenderText {#text} at (0,0) size 3x13
                  text run at (0,0) width 3: " "
            RenderTableCell {TD} at (424,260) size 8x13 [bgcolor=#696A69] [r=20 c=55 rs=1 cs=1]
              RenderInline {FONT} at (0,0) size 3x13
                RenderText {#text} at (0,0) size 3x13
                  text run at (0,0) width 3: " "
            RenderTableCell {TD} at (432,260) size 8x13 [bgcolor=#696A69] [r=20 c=56 rs=1 cs=1]
              RenderInline {FONT} at (0,0) size 3x13
                RenderText {#text} at (0,0) size 3x13
                  text run at (0,0) width 3: " "
            RenderTableCell {TD} at (440,260) size 8x13 [bgcolor=#696A69] [r=20 c=57 rs=1 cs=1]
              RenderInline {FONT} at (0,0) size 3x13
                RenderText {#text} at (0,0) size 3x13
                  text run at (0,0) width 3: " "
            RenderTableCell {TD} at (448,260) size 8x13 [bgcolor=#696A69] [r=20 c=58 rs=1 cs=1]
              RenderInline {FONT} at (0,0) size 3x13
                RenderText {#text} at (0,0) size 3x13
                  text run at (0,0) width 3: " "
            RenderTableCell {TD} at (456,260) size 8x13 [bgcolor=#696A69] [r=20 c=59 rs=1 cs=1]
              RenderInline {FONT} at (0,0) size 3x13
                RenderText {#text} at (0,0) size 3x13
                  text run at (0,0) width 3: " "
            RenderTableCell {TD} at (464,260) size 8x13 [bgcolor=#696A69] [r=20 c=60 rs=1 cs=1]
              RenderInline {FONT} at (0,0) size 3x13
                RenderText {#text} at (0,0) size 3x13
                  text run at (0,0) width 3: " "
            RenderTableCell {TD} at (472,260) size 8x13 [bgcolor=#5E5F60] [r=20 c=61 rs=1 cs=1]
              RenderInline {FONT} at (0,0) size 3x13
                RenderText {#text} at (0,0) size 3x13
                  text run at (0,0) width 3: " "
            RenderTableCell {TD} at (480,260) size 8x13 [bgcolor=#1A5C5C] [r=20 c=62 rs=1 cs=1]
              RenderInline {FONT} at (0,0) size 3x13
                RenderText {#text} at (0,0) size 3x13
                  text run at (0,0) width 3: " "
            RenderTableCell {TD} at (488,260) size 8x13 [bgcolor=#025E5E] [r=20 c=63 rs=1 cs=1]
              RenderInline {FONT} at (0,0) size 3x13
                RenderText {#text} at (0,0) size 3x13
                  text run at (0,0) width 3: " "
            RenderTableCell {TD} at (496,260) size 8x13 [bgcolor=#025E5E] [r=20 c=64 rs=1 cs=1]
              RenderInline {FONT} at (0,0) size 3x13
                RenderText {#text} at (0,0) size 3x13
                  text run at (0,0) width 3: " "
            RenderTableCell {TD} at (504,260) size 8x13 [bgcolor=#025E5E] [r=20 c=65 rs=1 cs=1]
              RenderInline {FONT} at (0,0) size 3x13
                RenderText {#text} at (0,0) size 3x13
                  text run at (0,0) width 3: " "
            RenderTableCell {TD} at (512,260) size 8x13 [bgcolor=#026766] [r=20 c=66 rs=1 cs=1]
              RenderInline {FONT} at (0,0) size 3x13
                RenderText {#text} at (0,0) size 3x13
                  text run at (0,0) width 3: " "
            RenderTableCell {TD} at (520,260) size 8x13 [bgcolor=#026766] [r=20 c=67 rs=1 cs=1]
              RenderInline {FONT} at (0,0) size 3x13
                RenderText {#text} at (0,0) size 3x13
                  text run at (0,0) width 3: " "
            RenderTableCell {TD} at (528,260) size 8x13 [bgcolor=#026766] [r=20 c=68 rs=1 cs=1]
              RenderInline {FONT} at (0,0) size 3x13
                RenderText {#text} at (0,0) size 3x13
                  text run at (0,0) width 3: " "
            RenderTableCell {TD} at (536,260) size 8x13 [bgcolor=#026766] [r=20 c=69 rs=1 cs=1]
              RenderInline {FONT} at (0,0) size 3x13
                RenderText {#text} at (0,0) size 3x13
                  text run at (0,0) width 3: " "
            RenderTableCell {TD} at (544,260) size 8x13 [bgcolor=#026766] [r=20 c=70 rs=1 cs=1]
              RenderInline {FONT} at (0,0) size 3x13
                RenderText {#text} at (0,0) size 3x13
                  text run at (0,0) width 3: " "
            RenderTableCell {TD} at (552,260) size 8x13 [bgcolor=#026766] [r=20 c=71 rs=1 cs=1]
              RenderInline {FONT} at (0,0) size 3x13
                RenderText {#text} at (0,0) size 3x13
                  text run at (0,0) width 3: " "
            RenderTableCell {TD} at (560,260) size 8x13 [bgcolor=#025E5E] [r=20 c=72 rs=1 cs=1]
              RenderInline {FONT} at (0,0) size 3x13
                RenderText {#text} at (0,0) size 3x13
                  text run at (0,0) width 3: " "
            RenderTableCell {TD} at (568,260) size 8x13 [bgcolor=#025E5E] [r=20 c=73 rs=1 cs=1]
              RenderInline {FONT} at (0,0) size 3x13
                RenderText {#text} at (0,0) size 3x13
                  text run at (0,0) width 3: " "
            RenderTableCell {TD} at (576,260) size 8x13 [bgcolor=#026766] [r=20 c=74 rs=1 cs=1]
              RenderInline {FONT} at (0,0) size 3x13
                RenderText {#text} at (0,0) size 3x13
                  text run at (0,0) width 3: " "
            RenderTableCell {TD} at (584,260) size 8x13 [bgcolor=#026766] [r=20 c=75 rs=1 cs=1]
              RenderInline {FONT} at (0,0) size 3x13
                RenderText {#text} at (0,0) size 3x13
                  text run at (0,0) width 3: " "
            RenderTableCell {TD} at (592,260) size 8x13 [bgcolor=#1E7A79] [r=20 c=76 rs=1 cs=1]
              RenderInline {FONT} at (0,0) size 3x13
                RenderText {#text} at (0,0) size 3x13
                  text run at (0,0) width 3: " "
            RenderTableCell {TD} at (600,260) size 8x13 [bgcolor=#287A7A] [r=20 c=77 rs=1 cs=1]
              RenderInline {FONT} at (0,0) size 3x13
                RenderText {#text} at (0,0) size 3x13
                  text run at (0,0) width 3: " "
            RenderTableCell {TD} at (608,260) size 8x13 [bgcolor=#048485] [r=20 c=78 rs=1 cs=1]
              RenderInline {FONT} at (0,0) size 3x13
                RenderText {#text} at (0,0) size 3x13
                  text run at (0,0) width 3: " "
            RenderTableCell {TD} at (616,260) size 8x13 [bgcolor=#027777] [r=20 c=79 rs=1 cs=1]
              RenderInline {FONT} at (0,0) size 3x13
                RenderText {#text} at (0,0) size 3x13
                  text run at (0,0) width 3: " "
            RenderTableCell {TD} at (624,260) size 8x13 [bgcolor=#026766] [r=20 c=80 rs=1 cs=1]
              RenderInline {FONT} at (0,0) size 3x13
                RenderText {#text} at (0,0) size 3x13
                  text run at (0,0) width 3: " "
            RenderTableCell {TD} at (632,260) size 8x13 [bgcolor=#026766] [r=20 c=81 rs=1 cs=1]
              RenderInline {FONT} at (0,0) size 3x13
                RenderText {#text} at (0,0) size 3x13
                  text run at (0,0) width 3: " "
            RenderTableCell {TD} at (640,260) size 8x13 [bgcolor=#026766] [r=20 c=82 rs=1 cs=1]
              RenderInline {FONT} at (0,0) size 3x13
                RenderText {#text} at (0,0) size 3x13
                  text run at (0,0) width 3: " "
            RenderTableCell {TD} at (648,260) size 8x13 [bgcolor=#026766] [r=20 c=83 rs=1 cs=1]
              RenderInline {FONT} at (0,0) size 3x13
                RenderText {#text} at (0,0) size 3x13
                  text run at (0,0) width 3: " "
            RenderTableCell {TD} at (656,260) size 8x13 [bgcolor=#026766] [r=20 c=84 rs=1 cs=1]
              RenderInline {FONT} at (0,0) size 3x13
                RenderText {#text} at (0,0) size 3x13
                  text run at (0,0) width 3: " "
            RenderTableCell {TD} at (664,260) size 8x13 [bgcolor=#026766] [r=20 c=85 rs=1 cs=1]
              RenderInline {FONT} at (0,0) size 3x13
                RenderText {#text} at (0,0) size 3x13
                  text run at (0,0) width 3: " "
            RenderTableCell {TD} at (672,260) size 8x13 [bgcolor=#026766] [r=20 c=86 rs=1 cs=1]
              RenderInline {FONT} at (0,0) size 3x13
                RenderText {#text} at (0,0) size 3x13
                  text run at (0,0) width 3: " "
            RenderTableCell {TD} at (680,260) size 8x13 [bgcolor=#026766] [r=20 c=87 rs=1 cs=1]
              RenderInline {FONT} at (0,0) size 3x13
                RenderText {#text} at (0,0) size 3x13
                  text run at (0,0) width 3: " "
            RenderTableCell {TD} at (688,260) size 8x13 [bgcolor=#026766] [r=20 c=88 rs=1 cs=1]
              RenderInline {FONT} at (0,0) size 3x13
                RenderText {#text} at (0,0) size 3x13
                  text run at (0,0) width 3: " "
            RenderTableCell {TD} at (696,260) size 8x13 [bgcolor=#026766] [r=20 c=89 rs=1 cs=1]
              RenderInline {FONT} at (0,0) size 3x13
                RenderText {#text} at (0,0) size 3x13
                  text run at (0,0) width 3: " "
            RenderTableCell {TD} at (704,260) size 8x13 [bgcolor=#026766] [r=20 c=90 rs=1 cs=1]
              RenderInline {FONT} at (0,0) size 3x13
                RenderText {#text} at (0,0) size 3x13
                  text run at (0,0) width 3: " "
            RenderTableCell {TD} at (712,260) size 8x13 [bgcolor=#025E5E] [r=20 c=91 rs=1 cs=1]
              RenderInline {FONT} at (0,0) size 3x13
                RenderText {#text} at (0,0) size 3x13
                  text run at (0,0) width 3: " "
            RenderTableCell {TD} at (720,260) size 8x13 [bgcolor=#044F4F] [r=20 c=92 rs=1 cs=1]
              RenderInline {FONT} at (0,0) size 3x13
                RenderText {#text} at (0,0) size 3x13
                  text run at (0,0) width 3: " "
            RenderTableCell {TD} at (728,260) size 8x13 [bgcolor=#044140] [r=20 c=93 rs=1 cs=1]
              RenderInline {FONT} at (0,0) size 3x13
                RenderText {#text} at (0,0) size 3x13
                  text run at (0,0) width 3: " "
            RenderTableCell {TD} at (736,260) size 8x13 [bgcolor=#2D3433] [r=20 c=94 rs=1 cs=1]
              RenderInline {FONT} at (0,0) size 3x13
                RenderText {#text} at (0,0) size 3x13
                  text run at (0,0) width 3: " "
            RenderTableCell {TD} at (744,260) size 8x13 [bgcolor=#3D4242] [r=20 c=95 rs=1 cs=1]
              RenderInline {FONT} at (0,0) size 3x13
                RenderText {#text} at (0,0) size 3x13
                  text run at (0,0) width 3: " "
            RenderTableCell {TD} at (752,260) size 8x13 [bgcolor=#515C5B] [r=20 c=96 rs=1 cs=1]
              RenderInline {FONT} at (0,0) size 3x13
                RenderText {#text} at (0,0) size 3x13
                  text run at (0,0) width 3: " "
            RenderTableCell {TD} at (760,260) size 8x13 [bgcolor=#696A69] [r=20 c=97 rs=1 cs=1]
              RenderInline {FONT} at (0,0) size 3x13
                RenderText {#text} at (0,0) size 3x13
                  text run at (0,0) width 3: " "
            RenderTableCell {TD} at (768,260) size 8x13 [bgcolor=#515C5B] [r=20 c=98 rs=1 cs=1]
              RenderInline {FONT} at (0,0) size 3x13
                RenderText {#text} at (0,0) size 3x13
                  text run at (0,0) width 3: " "
            RenderTableCell {TD} at (776,260) size 8x13 [bgcolor=#3D4242] [r=20 c=99 rs=1 cs=1]
              RenderInline {FONT} at (0,0) size 3x13
                RenderText {#text} at (0,0) size 3x13
                  text run at (0,0) width 3: " "
          RenderTableRow {TR} at (0,273) size 784x13
            RenderTableCell {TD} at (0,273) size 7x13 [bgcolor=#FDFDFB] [r=21 c=0 rs=1 cs=1]
              RenderInline {FONT} at (0,0) size 3x13
                RenderText {#text} at (0,0) size 3x13
                  text run at (0,0) width 3: " "
            RenderTableCell {TD} at (7,273) size 7x13 [bgcolor=#FDFDFB] [r=21 c=1 rs=1 cs=1]
              RenderInline {FONT} at (0,0) size 3x13
                RenderText {#text} at (0,0) size 3x13
                  text run at (0,0) width 3: " "
            RenderTableCell {TD} at (14,273) size 7x13 [bgcolor=#FDFDFB] [r=21 c=2 rs=1 cs=1]
              RenderInline {FONT} at (0,0) size 3x13
                RenderText {#text} at (0,0) size 3x13
                  text run at (0,0) width 3: " "
            RenderTableCell {TD} at (21,273) size 7x13 [bgcolor=#EDEEEF] [r=21 c=3 rs=1 cs=1]
              RenderInline {FONT} at (0,0) size 3x13
                RenderText {#text} at (0,0) size 3x13
                  text run at (0,0) width 3: " "
            RenderTableCell {TD} at (28,273) size 7x13 [bgcolor=#CECFCF] [r=21 c=4 rs=1 cs=1]
              RenderInline {FONT} at (0,0) size 3x13
                RenderText {#text} at (0,0) size 3x13
                  text run at (0,0) width 3: " "
            RenderTableCell {TD} at (35,273) size 7x13 [bgcolor=#5A8787] [r=21 c=5 rs=1 cs=1]
              RenderInline {FONT} at (0,0) size 3x13
                RenderText {#text} at (0,0) size 3x13
                  text run at (0,0) width 3: " "
            RenderTableCell {TD} at (42,273) size 7x13 [bgcolor=#1A5C5C] [r=21 c=6 rs=1 cs=1]
              RenderInline {FONT} at (0,0) size 3x13
                RenderText {#text} at (0,0) size 3x13
                  text run at (0,0) width 3: " "
            RenderTableCell {TD} at (49,273) size 7x13 [bgcolor=#044F4F] [r=21 c=7 rs=1 cs=1]
              RenderInline {FONT} at (0,0) size 3x13
                RenderText {#text} at (0,0) size 3x13
                  text run at (0,0) width 3: " "
            RenderTableCell {TD} at (56,273) size 7x13 [bgcolor=#025E5E] [r=21 c=8 rs=1 cs=1]
              RenderInline {FONT} at (0,0) size 3x13
                RenderText {#text} at (0,0) size 3x13
                  text run at (0,0) width 3: " "
            RenderTableCell {TD} at (63,273) size 7x13 [bgcolor=#025E5E] [r=21 c=9 rs=1 cs=1]
              RenderInline {FONT} at (0,0) size 3x13
                RenderText {#text} at (0,0) size 3x13
                  text run at (0,0) width 3: " "
            RenderTableCell {TD} at (70,273) size 7x13 [bgcolor=#025E5E] [r=21 c=10 rs=1 cs=1]
              RenderInline {FONT} at (0,0) size 3x13
                RenderText {#text} at (0,0) size 3x13
                  text run at (0,0) width 3: " "
            RenderTableCell {TD} at (77,273) size 7x13 [bgcolor=#025E5E] [r=21 c=11 rs=1 cs=1]
              RenderInline {FONT} at (0,0) size 3x13
                RenderText {#text} at (0,0) size 3x13
                  text run at (0,0) width 3: " "
            RenderTableCell {TD} at (84,273) size 7x13 [bgcolor=#025E5E] [r=21 c=12 rs=1 cs=1]
              RenderInline {FONT} at (0,0) size 3x13
                RenderText {#text} at (0,0) size 3x13
                  text run at (0,0) width 3: " "
            RenderTableCell {TD} at (91,273) size 7x13 [bgcolor=#025E5E] [r=21 c=13 rs=1 cs=1]
              RenderInline {FONT} at (0,0) size 3x13
                RenderText {#text} at (0,0) size 3x13
                  text run at (0,0) width 3: " "
            RenderTableCell {TD} at (98,273) size 7x13 [bgcolor=#044F4F] [r=21 c=14 rs=1 cs=1]
              RenderInline {FONT} at (0,0) size 3x13
                RenderText {#text} at (0,0) size 3x13
                  text run at (0,0) width 3: " "
            RenderTableCell {TD} at (105,273) size 7x13 [bgcolor=#223C3D] [r=21 c=15 rs=1 cs=1]
              RenderInline {FONT} at (0,0) size 3x13
                RenderText {#text} at (0,0) size 3x13
                  text run at (0,0) width 3: " "
            RenderTableCell {TD} at (112,273) size 8x13 [bgcolor=#344C4E] [r=21 c=16 rs=1 cs=1]
              RenderInline {FONT} at (0,0) size 3x13
                RenderText {#text} at (0,0) size 3x13
                  text run at (0,0) width 3: " "
            RenderTableCell {TD} at (120,273) size 8x13 [bgcolor=#344C4E] [r=21 c=17 rs=1 cs=1]
              RenderInline {FONT} at (0,0) size 3x13
                RenderText {#text} at (0,0) size 3x13
                  text run at (0,0) width 3: " "
            RenderTableCell {TD} at (128,273) size 8x13 [bgcolor=#1A6B6A] [r=21 c=18 rs=1 cs=1]
              RenderInline {FONT} at (0,0) size 3x13
                RenderText {#text} at (0,0) size 3x13
                  text run at (0,0) width 3: " "
            RenderTableCell {TD} at (136,273) size 8x13 [bgcolor=#048485] [r=21 c=19 rs=1 cs=1]
              RenderInline {FONT} at (0,0) size 3x13
                RenderText {#text} at (0,0) size 3x13
                  text run at (0,0) width 3: " "
            RenderTableCell {TD} at (144,273) size 8x13 [bgcolor=#027777] [r=21 c=20 rs=1 cs=1]
              RenderInline {FONT} at (0,0) size 3x13
                RenderText {#text} at (0,0) size 3x13
                  text run at (0,0) width 3: " "
            RenderTableCell {TD} at (152,273) size 8x13 [bgcolor=#026766] [r=21 c=21 rs=1 cs=1]
              RenderInline {FONT} at (0,0) size 3x13
                RenderText {#text} at (0,0) size 3x13
                  text run at (0,0) width 3: " "
            RenderTableCell {TD} at (160,273) size 8x13 [bgcolor=#025E5E] [r=21 c=22 rs=1 cs=1]
              RenderInline {FONT} at (0,0) size 3x13
                RenderText {#text} at (0,0) size 3x13
                  text run at (0,0) width 3: " "
            RenderTableCell {TD} at (168,273) size 8x13 [bgcolor=#025E5E] [r=21 c=23 rs=1 cs=1]
              RenderInline {FONT} at (0,0) size 3x13
                RenderText {#text} at (0,0) size 3x13
                  text run at (0,0) width 3: " "
            RenderTableCell {TD} at (176,273) size 8x13 [bgcolor=#044F4F] [r=21 c=24 rs=1 cs=1]
              RenderInline {FONT} at (0,0) size 3x13
                RenderText {#text} at (0,0) size 3x13
                  text run at (0,0) width 3: " "
            RenderTableCell {TD} at (184,273) size 8x13 [bgcolor=#044140] [r=21 c=25 rs=1 cs=1]
              RenderInline {FONT} at (0,0) size 3x13
                RenderText {#text} at (0,0) size 3x13
                  text run at (0,0) width 3: " "
            RenderTableCell {TD} at (192,273) size 8x13 [bgcolor=#083131] [r=21 c=26 rs=1 cs=1]
              RenderInline {FONT} at (0,0) size 3x13
                RenderText {#text} at (0,0) size 3x13
                  text run at (0,0) width 3: " "
            RenderTableCell {TD} at (200,273) size 8x13 [bgcolor=#083131] [r=21 c=27 rs=1 cs=1]
              RenderInline {FONT} at (0,0) size 3x13
                RenderText {#text} at (0,0) size 3x13
                  text run at (0,0) width 3: " "
            RenderTableCell {TD} at (208,273) size 8x13 [bgcolor=#1C2524] [r=21 c=28 rs=1 cs=1]
              RenderInline {FONT} at (0,0) size 3x13
                RenderText {#text} at (0,0) size 3x13
                  text run at (0,0) width 3: " "
            RenderTableCell {TD} at (216,273) size 8x13 [bgcolor=#2D3433] [r=21 c=29 rs=1 cs=1]
              RenderInline {FONT} at (0,0) size 3x13
                RenderText {#text} at (0,0) size 3x13
                  text run at (0,0) width 3: " "
            RenderTableCell {TD} at (224,273) size 8x13 [bgcolor=#3D4242] [r=21 c=30 rs=1 cs=1]
              RenderInline {FONT} at (0,0) size 3x13
                RenderText {#text} at (0,0) size 3x13
                  text run at (0,0) width 3: " "
            RenderTableCell {TD} at (232,273) size 8x13 [bgcolor=#4D4F4F] [r=21 c=31 rs=1 cs=1]
              RenderInline {FONT} at (0,0) size 3x13
                RenderText {#text} at (0,0) size 3x13
                  text run at (0,0) width 3: " "
            RenderTableCell {TD} at (240,273) size 8x13 [bgcolor=#5E5F60] [r=21 c=32 rs=1 cs=1]
              RenderInline {FONT} at (0,0) size 3x13
                RenderText {#text} at (0,0) size 3x13
                  text run at (0,0) width 3: " "
            RenderTableCell {TD} at (248,273) size 8x13 [bgcolor=#696A69] [r=21 c=33 rs=1 cs=1]
              RenderInline {FONT} at (0,0) size 3x13
                RenderText {#text} at (0,0) size 3x13
                  text run at (0,0) width 3: " "
            RenderTableCell {TD} at (256,273) size 8x13 [bgcolor=#696A69] [r=21 c=34 rs=1 cs=1]
              RenderInline {FONT} at (0,0) size 3x13
                RenderText {#text} at (0,0) size 3x13
                  text run at (0,0) width 3: " "
            RenderTableCell {TD} at (264,273) size 8x13 [bgcolor=#5E5F60] [r=21 c=35 rs=1 cs=1]
              RenderInline {FONT} at (0,0) size 3x13
                RenderText {#text} at (0,0) size 3x13
                  text run at (0,0) width 3: " "
            RenderTableCell {TD} at (272,273) size 8x13 [bgcolor=#027777] [r=21 c=36 rs=1 cs=1]
              RenderInline {FONT} at (0,0) size 3x13
                RenderText {#text} at (0,0) size 3x13
                  text run at (0,0) width 3: " "
            RenderTableCell {TD} at (280,273) size 8x13 [bgcolor=#027777] [r=21 c=37 rs=1 cs=1]
              RenderInline {FONT} at (0,0) size 3x13
                RenderText {#text} at (0,0) size 3x13
                  text run at (0,0) width 3: " "
            RenderTableCell {TD} at (288,273) size 8x13 [bgcolor=#026766] [r=21 c=38 rs=1 cs=1]
              RenderInline {FONT} at (0,0) size 3x13
                RenderText {#text} at (0,0) size 3x13
                  text run at (0,0) width 3: " "
            RenderTableCell {TD} at (296,273) size 8x13 [bgcolor=#025E5E] [r=21 c=39 rs=1 cs=1]
              RenderInline {FONT} at (0,0) size 3x13
                RenderText {#text} at (0,0) size 3x13
                  text run at (0,0) width 3: " "
            RenderTableCell {TD} at (304,273) size 8x13 [bgcolor=#025E5E] [r=21 c=40 rs=1 cs=1]
              RenderInline {FONT} at (0,0) size 3x13
                RenderText {#text} at (0,0) size 3x13
                  text run at (0,0) width 3: " "
            RenderTableCell {TD} at (312,273) size 8x13 [bgcolor=#025E5E] [r=21 c=41 rs=1 cs=1]
              RenderInline {FONT} at (0,0) size 3x13
                RenderText {#text} at (0,0) size 3x13
                  text run at (0,0) width 3: " "
            RenderTableCell {TD} at (320,273) size 8x13 [bgcolor=#025E5E] [r=21 c=42 rs=1 cs=1]
              RenderInline {FONT} at (0,0) size 3x13
                RenderText {#text} at (0,0) size 3x13
                  text run at (0,0) width 3: " "
            RenderTableCell {TD} at (328,273) size 8x13 [bgcolor=#025E5E] [r=21 c=43 rs=1 cs=1]
              RenderInline {FONT} at (0,0) size 3x13
                RenderText {#text} at (0,0) size 3x13
                  text run at (0,0) width 3: " "
            RenderTableCell {TD} at (336,273) size 8x13 [bgcolor=#025E5E] [r=21 c=44 rs=1 cs=1]
              RenderInline {FONT} at (0,0) size 3x13
                RenderText {#text} at (0,0) size 3x13
                  text run at (0,0) width 3: " "
            RenderTableCell {TD} at (344,273) size 8x13 [bgcolor=#025E5E] [r=21 c=45 rs=1 cs=1]
              RenderInline {FONT} at (0,0) size 3x13
                RenderText {#text} at (0,0) size 3x13
                  text run at (0,0) width 3: " "
            RenderTableCell {TD} at (352,273) size 8x13 [bgcolor=#025E5E] [r=21 c=46 rs=1 cs=1]
              RenderInline {FONT} at (0,0) size 3x13
                RenderText {#text} at (0,0) size 3x13
                  text run at (0,0) width 3: " "
            RenderTableCell {TD} at (360,273) size 8x13 [bgcolor=#025E5E] [r=21 c=47 rs=1 cs=1]
              RenderInline {FONT} at (0,0) size 3x13
                RenderText {#text} at (0,0) size 3x13
                  text run at (0,0) width 3: " "
            RenderTableCell {TD} at (368,273) size 8x13 [bgcolor=#025E5E] [r=21 c=48 rs=1 cs=1]
              RenderInline {FONT} at (0,0) size 3x13
                RenderText {#text} at (0,0) size 3x13
                  text run at (0,0) width 3: " "
            RenderTableCell {TD} at (376,273) size 8x13 [bgcolor=#025E5E] [r=21 c=49 rs=1 cs=1]
              RenderInline {FONT} at (0,0) size 3x13
                RenderText {#text} at (0,0) size 3x13
                  text run at (0,0) width 3: " "
            RenderTableCell {TD} at (384,273) size 8x13 [bgcolor=#044F4F] [r=21 c=50 rs=1 cs=1]
              RenderInline {FONT} at (0,0) size 3x13
                RenderText {#text} at (0,0) size 3x13
                  text run at (0,0) width 3: " "
            RenderTableCell {TD} at (392,273) size 8x13 [bgcolor=#083131] [r=21 c=51 rs=1 cs=1]
              RenderInline {FONT} at (0,0) size 3x13
                RenderText {#text} at (0,0) size 3x13
                  text run at (0,0) width 3: " "
            RenderTableCell {TD} at (400,273) size 8x13 [bgcolor=#2D3433] [r=21 c=52 rs=1 cs=1]
              RenderInline {FONT} at (0,0) size 3x13
                RenderText {#text} at (0,0) size 3x13
                  text run at (0,0) width 3: " "
            RenderTableCell {TD} at (408,273) size 8x13 [bgcolor=#3D4242] [r=21 c=53 rs=1 cs=1]
              RenderInline {FONT} at (0,0) size 3x13
                RenderText {#text} at (0,0) size 3x13
                  text run at (0,0) width 3: " "
            RenderTableCell {TD} at (416,273) size 8x13 [bgcolor=#515C5B] [r=21 c=54 rs=1 cs=1]
              RenderInline {FONT} at (0,0) size 3x13
                RenderText {#text} at (0,0) size 3x13
                  text run at (0,0) width 3: " "
            RenderTableCell {TD} at (424,273) size 8x13 [bgcolor=#5E5F60] [r=21 c=55 rs=1 cs=1]
              RenderInline {FONT} at (0,0) size 3x13
                RenderText {#text} at (0,0) size 3x13
                  text run at (0,0) width 3: " "
            RenderTableCell {TD} at (432,273) size 8x13 [bgcolor=#696A69] [r=21 c=56 rs=1 cs=1]
              RenderInline {FONT} at (0,0) size 3x13
                RenderText {#text} at (0,0) size 3x13
                  text run at (0,0) width 3: " "
            RenderTableCell {TD} at (440,273) size 8x13 [bgcolor=#696A69] [r=21 c=57 rs=1 cs=1]
              RenderInline {FONT} at (0,0) size 3x13
                RenderText {#text} at (0,0) size 3x13
                  text run at (0,0) width 3: " "
            RenderTableCell {TD} at (448,273) size 8x13 [bgcolor=#696A69] [r=21 c=58 rs=1 cs=1]
              RenderInline {FONT} at (0,0) size 3x13
                RenderText {#text} at (0,0) size 3x13
                  text run at (0,0) width 3: " "
            RenderTableCell {TD} at (456,273) size 8x13 [bgcolor=#696A69] [r=21 c=59 rs=1 cs=1]
              RenderInline {FONT} at (0,0) size 3x13
                RenderText {#text} at (0,0) size 3x13
                  text run at (0,0) width 3: " "
            RenderTableCell {TD} at (464,273) size 8x13 [bgcolor=#696A69] [r=21 c=60 rs=1 cs=1]
              RenderInline {FONT} at (0,0) size 3x13
                RenderText {#text} at (0,0) size 3x13
                  text run at (0,0) width 3: " "
            RenderTableCell {TD} at (472,273) size 8x13 [bgcolor=#5E5F60] [r=21 c=61 rs=1 cs=1]
              RenderInline {FONT} at (0,0) size 3x13
                RenderText {#text} at (0,0) size 3x13
                  text run at (0,0) width 3: " "
            RenderTableCell {TD} at (480,273) size 8x13 [bgcolor=#425A5A] [r=21 c=62 rs=1 cs=1]
              RenderInline {FONT} at (0,0) size 3x13
                RenderText {#text} at (0,0) size 3x13
                  text run at (0,0) width 3: " "
            RenderTableCell {TD} at (488,273) size 8x13 [bgcolor=#1A5C5C] [r=21 c=63 rs=1 cs=1]
              RenderInline {FONT} at (0,0) size 3x13
                RenderText {#text} at (0,0) size 3x13
                  text run at (0,0) width 3: " "
            RenderTableCell {TD} at (496,273) size 8x13 [bgcolor=#044F4F] [r=21 c=64 rs=1 cs=1]
              RenderInline {FONT} at (0,0) size 3x13
                RenderText {#text} at (0,0) size 3x13
                  text run at (0,0) width 3: " "
            RenderTableCell {TD} at (504,273) size 8x13 [bgcolor=#025E5E] [r=21 c=65 rs=1 cs=1]
              RenderInline {FONT} at (0,0) size 3x13
                RenderText {#text} at (0,0) size 3x13
                  text run at (0,0) width 3: " "
            RenderTableCell {TD} at (512,273) size 8x13 [bgcolor=#025E5E] [r=21 c=66 rs=1 cs=1]
              RenderInline {FONT} at (0,0) size 3x13
                RenderText {#text} at (0,0) size 3x13
                  text run at (0,0) width 3: " "
            RenderTableCell {TD} at (520,273) size 8x13 [bgcolor=#025E5E] [r=21 c=67 rs=1 cs=1]
              RenderInline {FONT} at (0,0) size 3x13
                RenderText {#text} at (0,0) size 3x13
                  text run at (0,0) width 3: " "
            RenderTableCell {TD} at (528,273) size 8x13 [bgcolor=#025E5E] [r=21 c=68 rs=1 cs=1]
              RenderInline {FONT} at (0,0) size 3x13
                RenderText {#text} at (0,0) size 3x13
                  text run at (0,0) width 3: " "
            RenderTableCell {TD} at (536,273) size 8x13 [bgcolor=#025E5E] [r=21 c=69 rs=1 cs=1]
              RenderInline {FONT} at (0,0) size 3x13
                RenderText {#text} at (0,0) size 3x13
                  text run at (0,0) width 3: " "
            RenderTableCell {TD} at (544,273) size 8x13 [bgcolor=#026766] [r=21 c=70 rs=1 cs=1]
              RenderInline {FONT} at (0,0) size 3x13
                RenderText {#text} at (0,0) size 3x13
                  text run at (0,0) width 3: " "
            RenderTableCell {TD} at (552,273) size 8x13 [bgcolor=#026766] [r=21 c=71 rs=1 cs=1]
              RenderInline {FONT} at (0,0) size 3x13
                RenderText {#text} at (0,0) size 3x13
                  text run at (0,0) width 3: " "
            RenderTableCell {TD} at (560,273) size 8x13 [bgcolor=#026766] [r=21 c=72 rs=1 cs=1]
              RenderInline {FONT} at (0,0) size 3x13
                RenderText {#text} at (0,0) size 3x13
                  text run at (0,0) width 3: " "
            RenderTableCell {TD} at (568,273) size 8x13 [bgcolor=#026766] [r=21 c=73 rs=1 cs=1]
              RenderInline {FONT} at (0,0) size 3x13
                RenderText {#text} at (0,0) size 3x13
                  text run at (0,0) width 3: " "
            RenderTableCell {TD} at (576,273) size 8x13 [bgcolor=#026766] [r=21 c=74 rs=1 cs=1]
              RenderInline {FONT} at (0,0) size 3x13
                RenderText {#text} at (0,0) size 3x13
                  text run at (0,0) width 3: " "
            RenderTableCell {TD} at (584,273) size 8x13 [bgcolor=#026766] [r=21 c=75 rs=1 cs=1]
              RenderInline {FONT} at (0,0) size 3x13
                RenderText {#text} at (0,0) size 3x13
                  text run at (0,0) width 3: " "
            RenderTableCell {TD} at (592,273) size 8x13 [bgcolor=#027777] [r=21 c=76 rs=1 cs=1]
              RenderInline {FONT} at (0,0) size 3x13
                RenderText {#text} at (0,0) size 3x13
                  text run at (0,0) width 3: " "
            RenderTableCell {TD} at (600,273) size 8x13 [bgcolor=#027777] [r=21 c=77 rs=1 cs=1]
              RenderInline {FONT} at (0,0) size 3x13
                RenderText {#text} at (0,0) size 3x13
                  text run at (0,0) width 3: " "
            RenderTableCell {TD} at (608,273) size 8x13 [bgcolor=#027777] [r=21 c=78 rs=1 cs=1]
              RenderInline {FONT} at (0,0) size 3x13
                RenderText {#text} at (0,0) size 3x13
                  text run at (0,0) width 3: " "
            RenderTableCell {TD} at (616,273) size 8x13 [bgcolor=#026766] [r=21 c=79 rs=1 cs=1]
              RenderInline {FONT} at (0,0) size 3x13
                RenderText {#text} at (0,0) size 3x13
                  text run at (0,0) width 3: " "
            RenderTableCell {TD} at (624,273) size 8x13 [bgcolor=#026766] [r=21 c=80 rs=1 cs=1]
              RenderInline {FONT} at (0,0) size 3x13
                RenderText {#text} at (0,0) size 3x13
                  text run at (0,0) width 3: " "
            RenderTableCell {TD} at (632,273) size 8x13 [bgcolor=#026766] [r=21 c=81 rs=1 cs=1]
              RenderInline {FONT} at (0,0) size 3x13
                RenderText {#text} at (0,0) size 3x13
                  text run at (0,0) width 3: " "
            RenderTableCell {TD} at (640,273) size 8x13 [bgcolor=#026766] [r=21 c=82 rs=1 cs=1]
              RenderInline {FONT} at (0,0) size 3x13
                RenderText {#text} at (0,0) size 3x13
                  text run at (0,0) width 3: " "
            RenderTableCell {TD} at (648,273) size 8x13 [bgcolor=#026766] [r=21 c=83 rs=1 cs=1]
              RenderInline {FONT} at (0,0) size 3x13
                RenderText {#text} at (0,0) size 3x13
                  text run at (0,0) width 3: " "
            RenderTableCell {TD} at (656,273) size 8x13 [bgcolor=#026766] [r=21 c=84 rs=1 cs=1]
              RenderInline {FONT} at (0,0) size 3x13
                RenderText {#text} at (0,0) size 3x13
                  text run at (0,0) width 3: " "
            RenderTableCell {TD} at (664,273) size 8x13 [bgcolor=#026766] [r=21 c=85 rs=1 cs=1]
              RenderInline {FONT} at (0,0) size 3x13
                RenderText {#text} at (0,0) size 3x13
                  text run at (0,0) width 3: " "
            RenderTableCell {TD} at (672,273) size 8x13 [bgcolor=#026766] [r=21 c=86 rs=1 cs=1]
              RenderInline {FONT} at (0,0) size 3x13
                RenderText {#text} at (0,0) size 3x13
                  text run at (0,0) width 3: " "
            RenderTableCell {TD} at (680,273) size 8x13 [bgcolor=#026766] [r=21 c=87 rs=1 cs=1]
              RenderInline {FONT} at (0,0) size 3x13
                RenderText {#text} at (0,0) size 3x13
                  text run at (0,0) width 3: " "
            RenderTableCell {TD} at (688,273) size 8x13 [bgcolor=#026766] [r=21 c=88 rs=1 cs=1]
              RenderInline {FONT} at (0,0) size 3x13
                RenderText {#text} at (0,0) size 3x13
                  text run at (0,0) width 3: " "
            RenderTableCell {TD} at (696,273) size 8x13 [bgcolor=#026766] [r=21 c=89 rs=1 cs=1]
              RenderInline {FONT} at (0,0) size 3x13
                RenderText {#text} at (0,0) size 3x13
                  text run at (0,0) width 3: " "
            RenderTableCell {TD} at (704,273) size 8x13 [bgcolor=#026766] [r=21 c=90 rs=1 cs=1]
              RenderInline {FONT} at (0,0) size 3x13
                RenderText {#text} at (0,0) size 3x13
                  text run at (0,0) width 3: " "
            RenderTableCell {TD} at (712,273) size 8x13 [bgcolor=#025E5E] [r=21 c=91 rs=1 cs=1]
              RenderInline {FONT} at (0,0) size 3x13
                RenderText {#text} at (0,0) size 3x13
                  text run at (0,0) width 3: " "
            RenderTableCell {TD} at (720,273) size 8x13 [bgcolor=#044F4F] [r=21 c=92 rs=1 cs=1]
              RenderInline {FONT} at (0,0) size 3x13
                RenderText {#text} at (0,0) size 3x13
                  text run at (0,0) width 3: " "
            RenderTableCell {TD} at (728,273) size 8x13 [bgcolor=#044140] [r=21 c=93 rs=1 cs=1]
              RenderInline {FONT} at (0,0) size 3x13
                RenderText {#text} at (0,0) size 3x13
                  text run at (0,0) width 3: " "
            RenderTableCell {TD} at (736,273) size 8x13 [bgcolor=#1C2524] [r=21 c=94 rs=1 cs=1]
              RenderInline {FONT} at (0,0) size 3x13
                RenderText {#text} at (0,0) size 3x13
                  text run at (0,0) width 3: " "
            RenderTableCell {TD} at (744,273) size 8x13 [bgcolor=#3D4242] [r=21 c=95 rs=1 cs=1]
              RenderInline {FONT} at (0,0) size 3x13
                RenderText {#text} at (0,0) size 3x13
                  text run at (0,0) width 3: " "
            RenderTableCell {TD} at (752,273) size 8x13 [bgcolor=#515C5B] [r=21 c=96 rs=1 cs=1]
              RenderInline {FONT} at (0,0) size 3x13
                RenderText {#text} at (0,0) size 3x13
                  text run at (0,0) width 3: " "
            RenderTableCell {TD} at (760,273) size 8x13 [bgcolor=#5E5F60] [r=21 c=97 rs=1 cs=1]
              RenderInline {FONT} at (0,0) size 3x13
                RenderText {#text} at (0,0) size 3x13
                  text run at (0,0) width 3: " "
            RenderTableCell {TD} at (768,273) size 8x13 [bgcolor=#5E5F60] [r=21 c=98 rs=1 cs=1]
              RenderInline {FONT} at (0,0) size 3x13
                RenderText {#text} at (0,0) size 3x13
                  text run at (0,0) width 3: " "
            RenderTableCell {TD} at (776,273) size 8x13 [bgcolor=#515C5B] [r=21 c=99 rs=1 cs=1]
              RenderInline {FONT} at (0,0) size 3x13
                RenderText {#text} at (0,0) size 3x13
                  text run at (0,0) width 3: " "
          RenderTableRow {TR} at (0,286) size 784x13
            RenderTableCell {TD} at (0,286) size 7x13 [bgcolor=#FDFDFB] [r=22 c=0 rs=1 cs=1]
              RenderInline {FONT} at (0,0) size 3x13
                RenderText {#text} at (0,0) size 3x13
                  text run at (0,0) width 3: " "
            RenderTableCell {TD} at (7,286) size 7x13 [bgcolor=#FDFDFB] [r=22 c=1 rs=1 cs=1]
              RenderInline {FONT} at (0,0) size 3x13
                RenderText {#text} at (0,0) size 3x13
                  text run at (0,0) width 3: " "
            RenderTableCell {TD} at (14,286) size 7x13 [bgcolor=#FDFDFB] [r=22 c=2 rs=1 cs=1]
              RenderInline {FONT} at (0,0) size 3x13
                RenderText {#text} at (0,0) size 3x13
                  text run at (0,0) width 3: " "
            RenderTableCell {TD} at (21,286) size 7x13 [bgcolor=#FDFDFB] [r=22 c=3 rs=1 cs=1]
              RenderInline {FONT} at (0,0) size 3x13
                RenderText {#text} at (0,0) size 3x13
                  text run at (0,0) width 3: " "
            RenderTableCell {TD} at (28,286) size 7x13 [bgcolor=#EDEEEF] [r=22 c=4 rs=1 cs=1]
              RenderInline {FONT} at (0,0) size 3x13
                RenderText {#text} at (0,0) size 3x13
                  text run at (0,0) width 3: " "
            RenderTableCell {TD} at (35,286) size 7x13 [bgcolor=#CECFCF] [r=22 c=5 rs=1 cs=1]
              RenderInline {FONT} at (0,0) size 3x13
                RenderText {#text} at (0,0) size 3x13
                  text run at (0,0) width 3: " "
            RenderTableCell {TD} at (42,286) size 7x13 [bgcolor=#91A3A3] [r=22 c=6 rs=1 cs=1]
              RenderInline {FONT} at (0,0) size 3x13
                RenderText {#text} at (0,0) size 3x13
                  text run at (0,0) width 3: " "
            RenderTableCell {TD} at (49,286) size 7x13 [bgcolor=#305D5D] [r=22 c=7 rs=1 cs=1]
              RenderInline {FONT} at (0,0) size 3x13
                RenderText {#text} at (0,0) size 3x13
                  text run at (0,0) width 3: " "
            RenderTableCell {TD} at (56,286) size 7x13 [bgcolor=#044F4F] [r=22 c=8 rs=1 cs=1]
              RenderInline {FONT} at (0,0) size 3x13
                RenderText {#text} at (0,0) size 3x13
                  text run at (0,0) width 3: " "
            RenderTableCell {TD} at (63,286) size 7x13 [bgcolor=#044F4F] [r=22 c=9 rs=1 cs=1]
              RenderInline {FONT} at (0,0) size 3x13
                RenderText {#text} at (0,0) size 3x13
                  text run at (0,0) width 3: " "
            RenderTableCell {TD} at (70,286) size 7x13 [bgcolor=#044F4F] [r=22 c=10 rs=1 cs=1]
              RenderInline {FONT} at (0,0) size 3x13
                RenderText {#text} at (0,0) size 3x13
                  text run at (0,0) width 3: " "
            RenderTableCell {TD} at (77,286) size 7x13 [bgcolor=#025E5E] [r=22 c=11 rs=1 cs=1]
              RenderInline {FONT} at (0,0) size 3x13
                RenderText {#text} at (0,0) size 3x13
                  text run at (0,0) width 3: " "
            RenderTableCell {TD} at (84,286) size 7x13 [bgcolor=#025E5E] [r=22 c=12 rs=1 cs=1]
              RenderInline {FONT} at (0,0) size 3x13
                RenderText {#text} at (0,0) size 3x13
                  text run at (0,0) width 3: " "
            RenderTableCell {TD} at (91,286) size 7x13 [bgcolor=#025E5E] [r=22 c=13 rs=1 cs=1]
              RenderInline {FONT} at (0,0) size 3x13
                RenderText {#text} at (0,0) size 3x13
                  text run at (0,0) width 3: " "
            RenderTableCell {TD} at (98,286) size 7x13 [bgcolor=#025E5E] [r=22 c=14 rs=1 cs=1]
              RenderInline {FONT} at (0,0) size 3x13
                RenderText {#text} at (0,0) size 3x13
                  text run at (0,0) width 3: " "
            RenderTableCell {TD} at (105,286) size 7x13 [bgcolor=#026766] [r=22 c=15 rs=1 cs=1]
              RenderInline {FONT} at (0,0) size 3x13
                RenderText {#text} at (0,0) size 3x13
                  text run at (0,0) width 3: " "
            RenderTableCell {TD} at (112,286) size 8x13 [bgcolor=#027777] [r=22 c=16 rs=1 cs=1]
              RenderInline {FONT} at (0,0) size 3x13
                RenderText {#text} at (0,0) size 3x13
                  text run at (0,0) width 3: " "
            RenderTableCell {TD} at (120,286) size 8x13 [bgcolor=#027777] [r=22 c=17 rs=1 cs=1]
              RenderInline {FONT} at (0,0) size 3x13
                RenderText {#text} at (0,0) size 3x13
                  text run at (0,0) width 3: " "
            RenderTableCell {TD} at (128,286) size 8x13 [bgcolor=#027777] [r=22 c=18 rs=1 cs=1]
              RenderInline {FONT} at (0,0) size 3x13
                RenderText {#text} at (0,0) size 3x13
                  text run at (0,0) width 3: " "
            RenderTableCell {TD} at (136,286) size 8x13 [bgcolor=#027777] [r=22 c=19 rs=1 cs=1]
              RenderInline {FONT} at (0,0) size 3x13
                RenderText {#text} at (0,0) size 3x13
                  text run at (0,0) width 3: " "
            RenderTableCell {TD} at (144,286) size 8x13 [bgcolor=#025E5E] [r=22 c=20 rs=1 cs=1]
              RenderInline {FONT} at (0,0) size 3x13
                RenderText {#text} at (0,0) size 3x13
                  text run at (0,0) width 3: " "
            RenderTableCell {TD} at (152,286) size 8x13 [bgcolor=#044F4F] [r=22 c=21 rs=1 cs=1]
              RenderInline {FONT} at (0,0) size 3x13
                RenderText {#text} at (0,0) size 3x13
                  text run at (0,0) width 3: " "
            RenderTableCell {TD} at (160,286) size 8x13 [bgcolor=#044F4F] [r=22 c=22 rs=1 cs=1]
              RenderInline {FONT} at (0,0) size 3x13
                RenderText {#text} at (0,0) size 3x13
                  text run at (0,0) width 3: " "
            RenderTableCell {TD} at (168,286) size 8x13 [bgcolor=#044140] [r=22 c=23 rs=1 cs=1]
              RenderInline {FONT} at (0,0) size 3x13
                RenderText {#text} at (0,0) size 3x13
                  text run at (0,0) width 3: " "
            RenderTableCell {TD} at (176,286) size 8x13 [bgcolor=#083131] [r=22 c=24 rs=1 cs=1]
              RenderInline {FONT} at (0,0) size 3x13
                RenderText {#text} at (0,0) size 3x13
                  text run at (0,0) width 3: " "
            RenderTableCell {TD} at (184,286) size 8x13 [bgcolor=#083131] [r=22 c=25 rs=1 cs=1]
              RenderInline {FONT} at (0,0) size 3x13
                RenderText {#text} at (0,0) size 3x13
                  text run at (0,0) width 3: " "
            RenderTableCell {TD} at (192,286) size 8x13 [bgcolor=#3D4242] [r=22 c=26 rs=1 cs=1]
              RenderInline {FONT} at (0,0) size 3x13
                RenderText {#text} at (0,0) size 3x13
                  text run at (0,0) width 3: " "
            RenderTableCell {TD} at (200,286) size 8x13 [bgcolor=#5E5F60] [r=22 c=27 rs=1 cs=1]
              RenderInline {FONT} at (0,0) size 3x13
                RenderText {#text} at (0,0) size 3x13
                  text run at (0,0) width 3: " "
            RenderTableCell {TD} at (208,286) size 8x13 [bgcolor=#848788] [r=22 c=28 rs=1 cs=1]
              RenderInline {FONT} at (0,0) size 3x13
                RenderText {#text} at (0,0) size 3x13
                  text run at (0,0) width 3: " "
            RenderTableCell {TD} at (216,286) size 8x13 [bgcolor=#A5A6A6] [r=22 c=29 rs=1 cs=1]
              RenderInline {FONT} at (0,0) size 3x13
                RenderText {#text} at (0,0) size 3x13
                  text run at (0,0) width 3: " "
            RenderTableCell {TD} at (224,286) size 8x13 [bgcolor=#CECFCF] [r=22 c=30 rs=1 cs=1]
              RenderInline {FONT} at (0,0) size 3x13
                RenderText {#text} at (0,0) size 3x13
                  text run at (0,0) width 3: " "
            RenderTableCell {TD} at (232,286) size 8x13 [bgcolor=#EDEEEF] [r=22 c=31 rs=1 cs=1]
              RenderInline {FONT} at (0,0) size 3x13
                RenderText {#text} at (0,0) size 3x13
                  text run at (0,0) width 3: " "
            RenderTableCell {TD} at (240,286) size 8x13 [bgcolor=#FDFDFB] [r=22 c=32 rs=1 cs=1]
              RenderInline {FONT} at (0,0) size 3x13
                RenderText {#text} at (0,0) size 3x13
                  text run at (0,0) width 3: " "
            RenderTableCell {TD} at (248,286) size 8x13 [bgcolor=#FDFDFB] [r=22 c=33 rs=1 cs=1]
              RenderInline {FONT} at (0,0) size 3x13
                RenderText {#text} at (0,0) size 3x13
                  text run at (0,0) width 3: " "
            RenderTableCell {TD} at (256,286) size 8x13 [bgcolor=#FDFDFB] [r=22 c=34 rs=1 cs=1]
              RenderInline {FONT} at (0,0) size 3x13
                RenderText {#text} at (0,0) size 3x13
                  text run at (0,0) width 3: " "
            RenderTableCell {TD} at (264,286) size 8x13 [bgcolor=#EDEEEF] [r=22 c=35 rs=1 cs=1]
              RenderInline {FONT} at (0,0) size 3x13
                RenderText {#text} at (0,0) size 3x13
                  text run at (0,0) width 3: " "
            RenderTableCell {TD} at (272,286) size 8x13 [bgcolor=#027777] [r=22 c=36 rs=1 cs=1]
              RenderInline {FONT} at (0,0) size 3x13
                RenderText {#text} at (0,0) size 3x13
                  text run at (0,0) width 3: " "
            RenderTableCell {TD} at (280,286) size 8x13 [bgcolor=#026766] [r=22 c=37 rs=1 cs=1]
              RenderInline {FONT} at (0,0) size 3x13
                RenderText {#text} at (0,0) size 3x13
                  text run at (0,0) width 3: " "
            RenderTableCell {TD} at (288,286) size 8x13 [bgcolor=#025E5E] [r=22 c=38 rs=1 cs=1]
              RenderInline {FONT} at (0,0) size 3x13
                RenderText {#text} at (0,0) size 3x13
                  text run at (0,0) width 3: " "
            RenderTableCell {TD} at (296,286) size 8x13 [bgcolor=#044F4F] [r=22 c=39 rs=1 cs=1]
              RenderInline {FONT} at (0,0) size 3x13
                RenderText {#text} at (0,0) size 3x13
                  text run at (0,0) width 3: " "
            RenderTableCell {TD} at (304,286) size 8x13 [bgcolor=#044F4F] [r=22 c=40 rs=1 cs=1]
              RenderInline {FONT} at (0,0) size 3x13
                RenderText {#text} at (0,0) size 3x13
                  text run at (0,0) width 3: " "
            RenderTableCell {TD} at (312,286) size 8x13 [bgcolor=#044F4F] [r=22 c=41 rs=1 cs=1]
              RenderInline {FONT} at (0,0) size 3x13
                RenderText {#text} at (0,0) size 3x13
                  text run at (0,0) width 3: " "
            RenderTableCell {TD} at (320,286) size 8x13 [bgcolor=#044F4F] [r=22 c=42 rs=1 cs=1]
              RenderInline {FONT} at (0,0) size 3x13
                RenderText {#text} at (0,0) size 3x13
                  text run at (0,0) width 3: " "
            RenderTableCell {TD} at (328,286) size 8x13 [bgcolor=#044F4F] [r=22 c=43 rs=1 cs=1]
              RenderInline {FONT} at (0,0) size 3x13
                RenderText {#text} at (0,0) size 3x13
                  text run at (0,0) width 3: " "
            RenderTableCell {TD} at (336,286) size 8x13 [bgcolor=#044F4F] [r=22 c=44 rs=1 cs=1]
              RenderInline {FONT} at (0,0) size 3x13
                RenderText {#text} at (0,0) size 3x13
                  text run at (0,0) width 3: " "
            RenderTableCell {TD} at (344,286) size 8x13 [bgcolor=#044F4F] [r=22 c=45 rs=1 cs=1]
              RenderInline {FONT} at (0,0) size 3x13
                RenderText {#text} at (0,0) size 3x13
                  text run at (0,0) width 3: " "
            RenderTableCell {TD} at (352,286) size 8x13 [bgcolor=#044F4F] [r=22 c=46 rs=1 cs=1]
              RenderInline {FONT} at (0,0) size 3x13
                RenderText {#text} at (0,0) size 3x13
                  text run at (0,0) width 3: " "
            RenderTableCell {TD} at (360,286) size 8x13 [bgcolor=#044F4F] [r=22 c=47 rs=1 cs=1]
              RenderInline {FONT} at (0,0) size 3x13
                RenderText {#text} at (0,0) size 3x13
                  text run at (0,0) width 3: " "
            RenderTableCell {TD} at (368,286) size 8x13 [bgcolor=#044F4F] [r=22 c=48 rs=1 cs=1]
              RenderInline {FONT} at (0,0) size 3x13
                RenderText {#text} at (0,0) size 3x13
                  text run at (0,0) width 3: " "
            RenderTableCell {TD} at (376,286) size 8x13 [bgcolor=#044F4F] [r=22 c=49 rs=1 cs=1]
              RenderInline {FONT} at (0,0) size 3x13
                RenderText {#text} at (0,0) size 3x13
                  text run at (0,0) width 3: " "
            RenderTableCell {TD} at (384,286) size 8x13 [bgcolor=#044140] [r=22 c=50 rs=1 cs=1]
              RenderInline {FONT} at (0,0) size 3x13
                RenderText {#text} at (0,0) size 3x13
                  text run at (0,0) width 3: " "
            RenderTableCell {TD} at (392,286) size 8x13 [bgcolor=#083131] [r=22 c=51 rs=1 cs=1]
              RenderInline {FONT} at (0,0) size 3x13
                RenderText {#text} at (0,0) size 3x13
                  text run at (0,0) width 3: " "
            RenderTableCell {TD} at (400,286) size 8x13 [bgcolor=#696A69] [r=22 c=52 rs=1 cs=1]
              RenderInline {FONT} at (0,0) size 3x13
                RenderText {#text} at (0,0) size 3x13
                  text run at (0,0) width 3: " "
            RenderTableCell {TD} at (408,286) size 8x13 [bgcolor=#B4B4B4] [r=22 c=53 rs=1 cs=1]
              RenderInline {FONT} at (0,0) size 3x13
                RenderText {#text} at (0,0) size 3x13
                  text run at (0,0) width 3: " "
            RenderTableCell {TD} at (416,286) size 8x13 [bgcolor=#DEDFDF] [r=22 c=54 rs=1 cs=1]
              RenderInline {FONT} at (0,0) size 3x13
                RenderText {#text} at (0,0) size 3x13
                  text run at (0,0) width 3: " "
            RenderTableCell {TD} at (424,286) size 8x13 [bgcolor=#FDFDFB] [r=22 c=55 rs=1 cs=1]
              RenderInline {FONT} at (0,0) size 3x13
                RenderText {#text} at (0,0) size 3x13
                  text run at (0,0) width 3: " "
            RenderTableCell {TD} at (432,286) size 8x13 [bgcolor=#FDFDFB] [r=22 c=56 rs=1 cs=1]
              RenderInline {FONT} at (0,0) size 3x13
                RenderText {#text} at (0,0) size 3x13
                  text run at (0,0) width 3: " "
            RenderTableCell {TD} at (440,286) size 8x13 [bgcolor=#FDFDFB] [r=22 c=57 rs=1 cs=1]
              RenderInline {FONT} at (0,0) size 3x13
                RenderText {#text} at (0,0) size 3x13
                  text run at (0,0) width 3: " "
            RenderTableCell {TD} at (448,286) size 8x13 [bgcolor=#FDFDFB] [r=22 c=58 rs=1 cs=1]
              RenderInline {FONT} at (0,0) size 3x13
                RenderText {#text} at (0,0) size 3x13
                  text run at (0,0) width 3: " "
            RenderTableCell {TD} at (456,286) size 8x13 [bgcolor=#FDFDFB] [r=22 c=59 rs=1 cs=1]
              RenderInline {FONT} at (0,0) size 3x13
                RenderText {#text} at (0,0) size 3x13
                  text run at (0,0) width 3: " "
            RenderTableCell {TD} at (464,286) size 8x13 [bgcolor=#FDFDFB] [r=22 c=60 rs=1 cs=1]
              RenderInline {FONT} at (0,0) size 3x13
                RenderText {#text} at (0,0) size 3x13
                  text run at (0,0) width 3: " "
            RenderTableCell {TD} at (472,286) size 8x13 [bgcolor=#FDFDFB] [r=22 c=61 rs=1 cs=1]
              RenderInline {FONT} at (0,0) size 3x13
                RenderText {#text} at (0,0) size 3x13
                  text run at (0,0) width 3: " "
            RenderTableCell {TD} at (480,286) size 8x13 [bgcolor=#EDEEEF] [r=22 c=62 rs=1 cs=1]
              RenderInline {FONT} at (0,0) size 3x13
                RenderText {#text} at (0,0) size 3x13
                  text run at (0,0) width 3: " "
            RenderTableCell {TD} at (488,286) size 8x13 [bgcolor=#BEC2C2] [r=22 c=63 rs=1 cs=1]
              RenderInline {FONT} at (0,0) size 3x13
                RenderText {#text} at (0,0) size 3x13
                  text run at (0,0) width 3: " "
            RenderTableCell {TD} at (496,286) size 8x13 [bgcolor=#396B6A] [r=22 c=64 rs=1 cs=1]
              RenderInline {FONT} at (0,0) size 3x13
                RenderText {#text} at (0,0) size 3x13
                  text run at (0,0) width 3: " "
            RenderTableCell {TD} at (504,286) size 8x13 [bgcolor=#044F4F] [r=22 c=65 rs=1 cs=1]
              RenderInline {FONT} at (0,0) size 3x13
                RenderText {#text} at (0,0) size 3x13
                  text run at (0,0) width 3: " "
            RenderTableCell {TD} at (512,286) size 8x13 [bgcolor=#044F4F] [r=22 c=66 rs=1 cs=1]
              RenderInline {FONT} at (0,0) size 3x13
                RenderText {#text} at (0,0) size 3x13
                  text run at (0,0) width 3: " "
            RenderTableCell {TD} at (520,286) size 8x13 [bgcolor=#025E5E] [r=22 c=67 rs=1 cs=1]
              RenderInline {FONT} at (0,0) size 3x13
                RenderText {#text} at (0,0) size 3x13
                  text run at (0,0) width 3: " "
            RenderTableCell {TD} at (528,286) size 8x13 [bgcolor=#025E5E] [r=22 c=68 rs=1 cs=1]
              RenderInline {FONT} at (0,0) size 3x13
                RenderText {#text} at (0,0) size 3x13
                  text run at (0,0) width 3: " "
            RenderTableCell {TD} at (536,286) size 8x13 [bgcolor=#025E5E] [r=22 c=69 rs=1 cs=1]
              RenderInline {FONT} at (0,0) size 3x13
                RenderText {#text} at (0,0) size 3x13
                  text run at (0,0) width 3: " "
            RenderTableCell {TD} at (544,286) size 8x13 [bgcolor=#025E5E] [r=22 c=70 rs=1 cs=1]
              RenderInline {FONT} at (0,0) size 3x13
                RenderText {#text} at (0,0) size 3x13
                  text run at (0,0) width 3: " "
            RenderTableCell {TD} at (552,286) size 8x13 [bgcolor=#025E5E] [r=22 c=71 rs=1 cs=1]
              RenderInline {FONT} at (0,0) size 3x13
                RenderText {#text} at (0,0) size 3x13
                  text run at (0,0) width 3: " "
            RenderTableCell {TD} at (560,286) size 8x13 [bgcolor=#025E5E] [r=22 c=72 rs=1 cs=1]
              RenderInline {FONT} at (0,0) size 3x13
                RenderText {#text} at (0,0) size 3x13
                  text run at (0,0) width 3: " "
            RenderTableCell {TD} at (568,286) size 8x13 [bgcolor=#025E5E] [r=22 c=73 rs=1 cs=1]
              RenderInline {FONT} at (0,0) size 3x13
                RenderText {#text} at (0,0) size 3x13
                  text run at (0,0) width 3: " "
            RenderTableCell {TD} at (576,286) size 8x13 [bgcolor=#026766] [r=22 c=74 rs=1 cs=1]
              RenderInline {FONT} at (0,0) size 3x13
                RenderText {#text} at (0,0) size 3x13
                  text run at (0,0) width 3: " "
            RenderTableCell {TD} at (584,286) size 8x13 [bgcolor=#026766] [r=22 c=75 rs=1 cs=1]
              RenderInline {FONT} at (0,0) size 3x13
                RenderText {#text} at (0,0) size 3x13
                  text run at (0,0) width 3: " "
            RenderTableCell {TD} at (592,286) size 8x13 [bgcolor=#026766] [r=22 c=76 rs=1 cs=1]
              RenderInline {FONT} at (0,0) size 3x13
                RenderText {#text} at (0,0) size 3x13
                  text run at (0,0) width 3: " "
            RenderTableCell {TD} at (600,286) size 8x13 [bgcolor=#026766] [r=22 c=77 rs=1 cs=1]
              RenderInline {FONT} at (0,0) size 3x13
                RenderText {#text} at (0,0) size 3x13
                  text run at (0,0) width 3: " "
            RenderTableCell {TD} at (608,286) size 8x13 [bgcolor=#026766] [r=22 c=78 rs=1 cs=1]
              RenderInline {FONT} at (0,0) size 3x13
                RenderText {#text} at (0,0) size 3x13
                  text run at (0,0) width 3: " "
            RenderTableCell {TD} at (616,286) size 8x13 [bgcolor=#026766] [r=22 c=79 rs=1 cs=1]
              RenderInline {FONT} at (0,0) size 3x13
                RenderText {#text} at (0,0) size 3x13
                  text run at (0,0) width 3: " "
            RenderTableCell {TD} at (624,286) size 8x13 [bgcolor=#026766] [r=22 c=80 rs=1 cs=1]
              RenderInline {FONT} at (0,0) size 3x13
                RenderText {#text} at (0,0) size 3x13
                  text run at (0,0) width 3: " "
            RenderTableCell {TD} at (632,286) size 8x13 [bgcolor=#026766] [r=22 c=81 rs=1 cs=1]
              RenderInline {FONT} at (0,0) size 3x13
                RenderText {#text} at (0,0) size 3x13
                  text run at (0,0) width 3: " "
            RenderTableCell {TD} at (640,286) size 8x13 [bgcolor=#026766] [r=22 c=82 rs=1 cs=1]
              RenderInline {FONT} at (0,0) size 3x13
                RenderText {#text} at (0,0) size 3x13
                  text run at (0,0) width 3: " "
            RenderTableCell {TD} at (648,286) size 8x13 [bgcolor=#026766] [r=22 c=83 rs=1 cs=1]
              RenderInline {FONT} at (0,0) size 3x13
                RenderText {#text} at (0,0) size 3x13
                  text run at (0,0) width 3: " "
            RenderTableCell {TD} at (656,286) size 8x13 [bgcolor=#026766] [r=22 c=84 rs=1 cs=1]
              RenderInline {FONT} at (0,0) size 3x13
                RenderText {#text} at (0,0) size 3x13
                  text run at (0,0) width 3: " "
            RenderTableCell {TD} at (664,286) size 8x13 [bgcolor=#026766] [r=22 c=85 rs=1 cs=1]
              RenderInline {FONT} at (0,0) size 3x13
                RenderText {#text} at (0,0) size 3x13
                  text run at (0,0) width 3: " "
            RenderTableCell {TD} at (672,286) size 8x13 [bgcolor=#026766] [r=22 c=86 rs=1 cs=1]
              RenderInline {FONT} at (0,0) size 3x13
                RenderText {#text} at (0,0) size 3x13
                  text run at (0,0) width 3: " "
            RenderTableCell {TD} at (680,286) size 8x13 [bgcolor=#026766] [r=22 c=87 rs=1 cs=1]
              RenderInline {FONT} at (0,0) size 3x13
                RenderText {#text} at (0,0) size 3x13
                  text run at (0,0) width 3: " "
            RenderTableCell {TD} at (688,286) size 8x13 [bgcolor=#026766] [r=22 c=88 rs=1 cs=1]
              RenderInline {FONT} at (0,0) size 3x13
                RenderText {#text} at (0,0) size 3x13
                  text run at (0,0) width 3: " "
            RenderTableCell {TD} at (696,286) size 8x13 [bgcolor=#026766] [r=22 c=89 rs=1 cs=1]
              RenderInline {FONT} at (0,0) size 3x13
                RenderText {#text} at (0,0) size 3x13
                  text run at (0,0) width 3: " "
            RenderTableCell {TD} at (704,286) size 8x13 [bgcolor=#026766] [r=22 c=90 rs=1 cs=1]
              RenderInline {FONT} at (0,0) size 3x13
                RenderText {#text} at (0,0) size 3x13
                  text run at (0,0) width 3: " "
            RenderTableCell {TD} at (712,286) size 8x13 [bgcolor=#025E5E] [r=22 c=91 rs=1 cs=1]
              RenderInline {FONT} at (0,0) size 3x13
                RenderText {#text} at (0,0) size 3x13
                  text run at (0,0) width 3: " "
            RenderTableCell {TD} at (720,286) size 8x13 [bgcolor=#044F4F] [r=22 c=92 rs=1 cs=1]
              RenderInline {FONT} at (0,0) size 3x13
                RenderText {#text} at (0,0) size 3x13
                  text run at (0,0) width 3: " "
            RenderTableCell {TD} at (728,286) size 8x13 [bgcolor=#044140] [r=22 c=93 rs=1 cs=1]
              RenderInline {FONT} at (0,0) size 3x13
                RenderText {#text} at (0,0) size 3x13
                  text run at (0,0) width 3: " "
            RenderTableCell {TD} at (736,286) size 8x13 [bgcolor=#425A5A] [r=22 c=94 rs=1 cs=1]
              RenderInline {FONT} at (0,0) size 3x13
                RenderText {#text} at (0,0) size 3x13
                  text run at (0,0) width 3: " "
            RenderTableCell {TD} at (744,286) size 8x13 [bgcolor=#A5A6A6] [r=22 c=95 rs=1 cs=1]
              RenderInline {FONT} at (0,0) size 3x13
                RenderText {#text} at (0,0) size 3x13
                  text run at (0,0) width 3: " "
            RenderTableCell {TD} at (752,286) size 8x13 [bgcolor=#CECFCF] [r=22 c=96 rs=1 cs=1]
              RenderInline {FONT} at (0,0) size 3x13
                RenderText {#text} at (0,0) size 3x13
                  text run at (0,0) width 3: " "
            RenderTableCell {TD} at (760,286) size 8x13 [bgcolor=#FDFDFB] [r=22 c=97 rs=1 cs=1]
              RenderInline {FONT} at (0,0) size 3x13
                RenderText {#text} at (0,0) size 3x13
                  text run at (0,0) width 3: " "
            RenderTableCell {TD} at (768,286) size 8x13 [bgcolor=#FDFDFB] [r=22 c=98 rs=1 cs=1]
              RenderInline {FONT} at (0,0) size 3x13
                RenderText {#text} at (0,0) size 3x13
                  text run at (0,0) width 3: " "
            RenderTableCell {TD} at (776,286) size 8x13 [bgcolor=#FDFDFB] [r=22 c=99 rs=1 cs=1]
              RenderInline {FONT} at (0,0) size 3x13
                RenderText {#text} at (0,0) size 3x13
                  text run at (0,0) width 3: " "
          RenderTableRow {TR} at (0,299) size 784x13
            RenderTableCell {TD} at (0,299) size 7x13 [bgcolor=#FDFDFB] [r=23 c=0 rs=1 cs=1]
              RenderInline {FONT} at (0,0) size 3x13
                RenderText {#text} at (0,0) size 3x13
                  text run at (0,0) width 3: " "
            RenderTableCell {TD} at (7,299) size 7x13 [bgcolor=#FDFDFB] [r=23 c=1 rs=1 cs=1]
              RenderInline {FONT} at (0,0) size 3x13
                RenderText {#text} at (0,0) size 3x13
                  text run at (0,0) width 3: " "
            RenderTableCell {TD} at (14,299) size 7x13 [bgcolor=#FDFDFB] [r=23 c=2 rs=1 cs=1]
              RenderInline {FONT} at (0,0) size 3x13
                RenderText {#text} at (0,0) size 3x13
                  text run at (0,0) width 3: " "
            RenderTableCell {TD} at (21,299) size 7x13 [bgcolor=#FDFDFB] [r=23 c=3 rs=1 cs=1]
              RenderInline {FONT} at (0,0) size 3x13
                RenderText {#text} at (0,0) size 3x13
                  text run at (0,0) width 3: " "
            RenderTableCell {TD} at (28,299) size 7x13 [bgcolor=#FDFDFB] [r=23 c=4 rs=1 cs=1]
              RenderInline {FONT} at (0,0) size 3x13
                RenderText {#text} at (0,0) size 3x13
                  text run at (0,0) width 3: " "
            RenderTableCell {TD} at (35,299) size 7x13 [bgcolor=#EDEEEF] [r=23 c=5 rs=1 cs=1]
              RenderInline {FONT} at (0,0) size 3x13
                RenderText {#text} at (0,0) size 3x13
                  text run at (0,0) width 3: " "
            RenderTableCell {TD} at (42,299) size 7x13 [bgcolor=#DEDFDF] [r=23 c=6 rs=1 cs=1]
              RenderInline {FONT} at (0,0) size 3x13
                RenderText {#text} at (0,0) size 3x13
                  text run at (0,0) width 3: " "
            RenderTableCell {TD} at (49,299) size 7x13 [bgcolor=#B4B4B4] [r=23 c=7 rs=1 cs=1]
              RenderInline {FONT} at (0,0) size 3x13
                RenderText {#text} at (0,0) size 3x13
                  text run at (0,0) width 3: " "
            RenderTableCell {TD} at (56,299) size 7x13 [bgcolor=#848788] [r=23 c=8 rs=1 cs=1]
              RenderInline {FONT} at (0,0) size 3x13
                RenderText {#text} at (0,0) size 3x13
                  text run at (0,0) width 3: " "
            RenderTableCell {TD} at (63,299) size 7x13 [bgcolor=#305D5D] [r=23 c=9 rs=1 cs=1]
              RenderInline {FONT} at (0,0) size 3x13
                RenderText {#text} at (0,0) size 3x13
                  text run at (0,0) width 3: " "
            RenderTableCell {TD} at (70,299) size 7x13 [bgcolor=#044F4F] [r=23 c=10 rs=1 cs=1]
              RenderInline {FONT} at (0,0) size 3x13
                RenderText {#text} at (0,0) size 3x13
                  text run at (0,0) width 3: " "
            RenderTableCell {TD} at (77,299) size 7x13 [bgcolor=#044140] [r=23 c=11 rs=1 cs=1]
              RenderInline {FONT} at (0,0) size 3x13
                RenderText {#text} at (0,0) size 3x13
                  text run at (0,0) width 3: " "
            RenderTableCell {TD} at (84,299) size 7x13 [bgcolor=#044F4F] [r=23 c=12 rs=1 cs=1]
              RenderInline {FONT} at (0,0) size 3x13
                RenderText {#text} at (0,0) size 3x13
                  text run at (0,0) width 3: " "
            RenderTableCell {TD} at (91,299) size 7x13 [bgcolor=#044F4F] [r=23 c=13 rs=1 cs=1]
              RenderInline {FONT} at (0,0) size 3x13
                RenderText {#text} at (0,0) size 3x13
                  text run at (0,0) width 3: " "
            RenderTableCell {TD} at (98,299) size 7x13 [bgcolor=#044F4F] [r=23 c=14 rs=1 cs=1]
              RenderInline {FONT} at (0,0) size 3x13
                RenderText {#text} at (0,0) size 3x13
                  text run at (0,0) width 3: " "
            RenderTableCell {TD} at (105,299) size 7x13 [bgcolor=#044F4F] [r=23 c=15 rs=1 cs=1]
              RenderInline {FONT} at (0,0) size 3x13
                RenderText {#text} at (0,0) size 3x13
                  text run at (0,0) width 3: " "
            RenderTableCell {TD} at (112,299) size 8x13 [bgcolor=#025E5E] [r=23 c=16 rs=1 cs=1]
              RenderInline {FONT} at (0,0) size 3x13
                RenderText {#text} at (0,0) size 3x13
                  text run at (0,0) width 3: " "
            RenderTableCell {TD} at (120,299) size 8x13 [bgcolor=#025E5E] [r=23 c=17 rs=1 cs=1]
              RenderInline {FONT} at (0,0) size 3x13
                RenderText {#text} at (0,0) size 3x13
                  text run at (0,0) width 3: " "
            RenderTableCell {TD} at (128,299) size 8x13 [bgcolor=#044F4F] [r=23 c=18 rs=1 cs=1]
              RenderInline {FONT} at (0,0) size 3x13
                RenderText {#text} at (0,0) size 3x13
                  text run at (0,0) width 3: " "
            RenderTableCell {TD} at (136,299) size 8x13 [bgcolor=#044F4F] [r=23 c=19 rs=1 cs=1]
              RenderInline {FONT} at (0,0) size 3x13
                RenderText {#text} at (0,0) size 3x13
                  text run at (0,0) width 3: " "
            RenderTableCell {TD} at (144,299) size 8x13 [bgcolor=#044140] [r=23 c=20 rs=1 cs=1]
              RenderInline {FONT} at (0,0) size 3x13
                RenderText {#text} at (0,0) size 3x13
                  text run at (0,0) width 3: " "
            RenderTableCell {TD} at (152,299) size 8x13 [bgcolor=#044140] [r=23 c=21 rs=1 cs=1]
              RenderInline {FONT} at (0,0) size 3x13
                RenderText {#text} at (0,0) size 3x13
                  text run at (0,0) width 3: " "
            RenderTableCell {TD} at (160,299) size 8x13 [bgcolor=#083131] [r=23 c=22 rs=1 cs=1]
              RenderInline {FONT} at (0,0) size 3x13
                RenderText {#text} at (0,0) size 3x13
                  text run at (0,0) width 3: " "
            RenderTableCell {TD} at (168,299) size 8x13 [bgcolor=#083131] [r=23 c=23 rs=1 cs=1]
              RenderInline {FONT} at (0,0) size 3x13
                RenderText {#text} at (0,0) size 3x13
                  text run at (0,0) width 3: " "
            RenderTableCell {TD} at (176,299) size 8x13 [bgcolor=#344C4E] [r=23 c=24 rs=1 cs=1]
              RenderInline {FONT} at (0,0) size 3x13
                RenderText {#text} at (0,0) size 3x13
                  text run at (0,0) width 3: " "
            RenderTableCell {TD} at (184,299) size 8x13 [bgcolor=#5E5F60] [r=23 c=25 rs=1 cs=1]
              RenderInline {FONT} at (0,0) size 3x13
                RenderText {#text} at (0,0) size 3x13
                  text run at (0,0) width 3: " "
            RenderTableCell {TD} at (192,299) size 8x13 [bgcolor=#777878] [r=23 c=26 rs=1 cs=1]
              RenderInline {FONT} at (0,0) size 3x13
                RenderText {#text} at (0,0) size 3x13
                  text run at (0,0) width 3: " "
            RenderTableCell {TD} at (200,299) size 8x13 [bgcolor=#939494] [r=23 c=27 rs=1 cs=1]
              RenderInline {FONT} at (0,0) size 3x13
                RenderText {#text} at (0,0) size 3x13
                  text run at (0,0) width 3: " "
            RenderTableCell {TD} at (208,299) size 8x13 [bgcolor=#B4B4B4] [r=23 c=28 rs=1 cs=1]
              RenderInline {FONT} at (0,0) size 3x13
                RenderText {#text} at (0,0) size 3x13
                  text run at (0,0) width 3: " "
            RenderTableCell {TD} at (216,299) size 8x13 [bgcolor=#CECFCF] [r=23 c=29 rs=1 cs=1]
              RenderInline {FONT} at (0,0) size 3x13
                RenderText {#text} at (0,0) size 3x13
                  text run at (0,0) width 3: " "
            RenderTableCell {TD} at (224,299) size 8x13 [bgcolor=#EDEEEF] [r=23 c=30 rs=1 cs=1]
              RenderInline {FONT} at (0,0) size 3x13
                RenderText {#text} at (0,0) size 3x13
                  text run at (0,0) width 3: " "
            RenderTableCell {TD} at (232,299) size 8x13 [bgcolor=#FDFDFB] [r=23 c=31 rs=1 cs=1]
              RenderInline {FONT} at (0,0) size 3x13
                RenderText {#text} at (0,0) size 3x13
                  text run at (0,0) width 3: " "
            RenderTableCell {TD} at (240,299) size 8x13 [bgcolor=#FDFDFB] [r=23 c=32 rs=1 cs=1]
              RenderInline {FONT} at (0,0) size 3x13
                RenderText {#text} at (0,0) size 3x13
                  text run at (0,0) width 3: " "
            RenderTableCell {TD} at (248,299) size 8x13 [bgcolor=#FDFDFB] [r=23 c=33 rs=1 cs=1]
              RenderInline {FONT} at (0,0) size 3x13
                RenderText {#text} at (0,0) size 3x13
                  text run at (0,0) width 3: " "
            RenderTableCell {TD} at (256,299) size 8x13 [bgcolor=#FDFDFB] [r=23 c=34 rs=1 cs=1]
              RenderInline {FONT} at (0,0) size 3x13
                RenderText {#text} at (0,0) size 3x13
                  text run at (0,0) width 3: " "
            RenderTableCell {TD} at (264,299) size 8x13 [bgcolor=#E0EAE9] [r=23 c=35 rs=1 cs=1]
              RenderInline {FONT} at (0,0) size 3x13
                RenderText {#text} at (0,0) size 3x13
                  text run at (0,0) width 3: " "
            RenderTableCell {TD} at (272,299) size 8x13 [bgcolor=#025E5E] [r=23 c=36 rs=1 cs=1]
              RenderInline {FONT} at (0,0) size 3x13
                RenderText {#text} at (0,0) size 3x13
                  text run at (0,0) width 3: " "
            RenderTableCell {TD} at (280,299) size 8x13 [bgcolor=#044F4F] [r=23 c=37 rs=1 cs=1]
              RenderInline {FONT} at (0,0) size 3x13
                RenderText {#text} at (0,0) size 3x13
                  text run at (0,0) width 3: " "
            RenderTableCell {TD} at (288,299) size 8x13 [bgcolor=#044140] [r=23 c=38 rs=1 cs=1]
              RenderInline {FONT} at (0,0) size 3x13
                RenderText {#text} at (0,0) size 3x13
                  text run at (0,0) width 3: " "
            RenderTableCell {TD} at (296,299) size 8x13 [bgcolor=#044140] [r=23 c=39 rs=1 cs=1]
              RenderInline {FONT} at (0,0) size 3x13
                RenderText {#text} at (0,0) size 3x13
                  text run at (0,0) width 3: " "
            RenderTableCell {TD} at (304,299) size 8x13 [bgcolor=#044140] [r=23 c=40 rs=1 cs=1]
              RenderInline {FONT} at (0,0) size 3x13
                RenderText {#text} at (0,0) size 3x13
                  text run at (0,0) width 3: " "
            RenderTableCell {TD} at (312,299) size 8x13 [bgcolor=#044140] [r=23 c=41 rs=1 cs=1]
              RenderInline {FONT} at (0,0) size 3x13
                RenderText {#text} at (0,0) size 3x13
                  text run at (0,0) width 3: " "
            RenderTableCell {TD} at (320,299) size 8x13 [bgcolor=#044140] [r=23 c=42 rs=1 cs=1]
              RenderInline {FONT} at (0,0) size 3x13
                RenderText {#text} at (0,0) size 3x13
                  text run at (0,0) width 3: " "
            RenderTableCell {TD} at (328,299) size 8x13 [bgcolor=#044140] [r=23 c=43 rs=1 cs=1]
              RenderInline {FONT} at (0,0) size 3x13
                RenderText {#text} at (0,0) size 3x13
                  text run at (0,0) width 3: " "
            RenderTableCell {TD} at (336,299) size 8x13 [bgcolor=#044140] [r=23 c=44 rs=1 cs=1]
              RenderInline {FONT} at (0,0) size 3x13
                RenderText {#text} at (0,0) size 3x13
                  text run at (0,0) width 3: " "
            RenderTableCell {TD} at (344,299) size 8x13 [bgcolor=#044140] [r=23 c=45 rs=1 cs=1]
              RenderInline {FONT} at (0,0) size 3x13
                RenderText {#text} at (0,0) size 3x13
                  text run at (0,0) width 3: " "
            RenderTableCell {TD} at (352,299) size 8x13 [bgcolor=#044140] [r=23 c=46 rs=1 cs=1]
              RenderInline {FONT} at (0,0) size 3x13
                RenderText {#text} at (0,0) size 3x13
                  text run at (0,0) width 3: " "
            RenderTableCell {TD} at (360,299) size 8x13 [bgcolor=#044140] [r=23 c=47 rs=1 cs=1]
              RenderInline {FONT} at (0,0) size 3x13
                RenderText {#text} at (0,0) size 3x13
                  text run at (0,0) width 3: " "
            RenderTableCell {TD} at (368,299) size 8x13 [bgcolor=#044140] [r=23 c=48 rs=1 cs=1]
              RenderInline {FONT} at (0,0) size 3x13
                RenderText {#text} at (0,0) size 3x13
                  text run at (0,0) width 3: " "
            RenderTableCell {TD} at (376,299) size 8x13 [bgcolor=#044140] [r=23 c=49 rs=1 cs=1]
              RenderInline {FONT} at (0,0) size 3x13
                RenderText {#text} at (0,0) size 3x13
                  text run at (0,0) width 3: " "
            RenderTableCell {TD} at (384,299) size 8x13 [bgcolor=#083131] [r=23 c=50 rs=1 cs=1]
              RenderInline {FONT} at (0,0) size 3x13
                RenderText {#text} at (0,0) size 3x13
                  text run at (0,0) width 3: " "
            RenderTableCell {TD} at (392,299) size 8x13 [bgcolor=#072323] [r=23 c=51 rs=1 cs=1]
              RenderInline {FONT} at (0,0) size 3x13
                RenderText {#text} at (0,0) size 3x13
                  text run at (0,0) width 3: " "
            RenderTableCell {TD} at (400,299) size 8x13 [bgcolor=#647979] [r=23 c=52 rs=1 cs=1]
              RenderInline {FONT} at (0,0) size 3x13
                RenderText {#text} at (0,0) size 3x13
                  text run at (0,0) width 3: " "
            RenderTableCell {TD} at (408,299) size 8x13 [bgcolor=#B4B4B4] [r=23 c=53 rs=1 cs=1]
              RenderInline {FONT} at (0,0) size 3x13
                RenderText {#text} at (0,0) size 3x13
                  text run at (0,0) width 3: " "
            RenderTableCell {TD} at (416,299) size 8x13 [bgcolor=#E0EAE9] [r=23 c=54 rs=1 cs=1]
              RenderInline {FONT} at (0,0) size 3x13
                RenderText {#text} at (0,0) size 3x13
                  text run at (0,0) width 3: " "
            RenderTableCell {TD} at (424,299) size 8x13 [bgcolor=#FDFDFB] [r=23 c=55 rs=1 cs=1]
              RenderInline {FONT} at (0,0) size 3x13
                RenderText {#text} at (0,0) size 3x13
                  text run at (0,0) width 3: " "
            RenderTableCell {TD} at (432,299) size 8x13 [bgcolor=#FDFDFB] [r=23 c=56 rs=1 cs=1]
              RenderInline {FONT} at (0,0) size 3x13
                RenderText {#text} at (0,0) size 3x13
                  text run at (0,0) width 3: " "
            RenderTableCell {TD} at (440,299) size 8x13 [bgcolor=#FDFDFB] [r=23 c=57 rs=1 cs=1]
              RenderInline {FONT} at (0,0) size 3x13
                RenderText {#text} at (0,0) size 3x13
                  text run at (0,0) width 3: " "
            RenderTableCell {TD} at (448,299) size 8x13 [bgcolor=#FDFDFB] [r=23 c=58 rs=1 cs=1]
              RenderInline {FONT} at (0,0) size 3x13
                RenderText {#text} at (0,0) size 3x13
                  text run at (0,0) width 3: " "
            RenderTableCell {TD} at (456,299) size 8x13 [bgcolor=#FDFDFB] [r=23 c=59 rs=1 cs=1]
              RenderInline {FONT} at (0,0) size 3x13
                RenderText {#text} at (0,0) size 3x13
                  text run at (0,0) width 3: " "
            RenderTableCell {TD} at (464,299) size 8x13 [bgcolor=#FDFDFB] [r=23 c=60 rs=1 cs=1]
              RenderInline {FONT} at (0,0) size 3x13
                RenderText {#text} at (0,0) size 3x13
                  text run at (0,0) width 3: " "
            RenderTableCell {TD} at (472,299) size 8x13 [bgcolor=#FDFDFB] [r=23 c=61 rs=1 cs=1]
              RenderInline {FONT} at (0,0) size 3x13
                RenderText {#text} at (0,0) size 3x13
                  text run at (0,0) width 3: " "
            RenderTableCell {TD} at (480,299) size 8x13 [bgcolor=#FDFDFB] [r=23 c=62 rs=1 cs=1]
              RenderInline {FONT} at (0,0) size 3x13
                RenderText {#text} at (0,0) size 3x13
                  text run at (0,0) width 3: " "
            RenderTableCell {TD} at (488,299) size 8x13 [bgcolor=#E0EAE9] [r=23 c=63 rs=1 cs=1]
              RenderInline {FONT} at (0,0) size 3x13
                RenderText {#text} at (0,0) size 3x13
                  text run at (0,0) width 3: " "
            RenderTableCell {TD} at (496,299) size 8x13 [bgcolor=#BEC2C2] [r=23 c=64 rs=1 cs=1]
              RenderInline {FONT} at (0,0) size 3x13
                RenderText {#text} at (0,0) size 3x13
                  text run at (0,0) width 3: " "
            RenderTableCell {TD} at (504,299) size 8x13 [bgcolor=#7B918F] [r=23 c=65 rs=1 cs=1]
              RenderInline {FONT} at (0,0) size 3x13
                RenderText {#text} at (0,0) size 3x13
                  text run at (0,0) width 3: " "
            RenderTableCell {TD} at (512,299) size 8x13 [bgcolor=#305D5D] [r=23 c=66 rs=1 cs=1]
              RenderInline {FONT} at (0,0) size 3x13
                RenderText {#text} at (0,0) size 3x13
                  text run at (0,0) width 3: " "
            RenderTableCell {TD} at (520,299) size 8x13 [bgcolor=#044F4F] [r=23 c=67 rs=1 cs=1]
              RenderInline {FONT} at (0,0) size 3x13
                RenderText {#text} at (0,0) size 3x13
                  text run at (0,0) width 3: " "
            RenderTableCell {TD} at (528,299) size 8x13 [bgcolor=#044F4F] [r=23 c=68 rs=1 cs=1]
              RenderInline {FONT} at (0,0) size 3x13
                RenderText {#text} at (0,0) size 3x13
                  text run at (0,0) width 3: " "
            RenderTableCell {TD} at (536,299) size 8x13 [bgcolor=#044F4F] [r=23 c=69 rs=1 cs=1]
              RenderInline {FONT} at (0,0) size 3x13
                RenderText {#text} at (0,0) size 3x13
                  text run at (0,0) width 3: " "
            RenderTableCell {TD} at (544,299) size 8x13 [bgcolor=#044F4F] [r=23 c=70 rs=1 cs=1]
              RenderInline {FONT} at (0,0) size 3x13
                RenderText {#text} at (0,0) size 3x13
                  text run at (0,0) width 3: " "
            RenderTableCell {TD} at (552,299) size 8x13 [bgcolor=#044F4F] [r=23 c=71 rs=1 cs=1]
              RenderInline {FONT} at (0,0) size 3x13
                RenderText {#text} at (0,0) size 3x13
                  text run at (0,0) width 3: " "
            RenderTableCell {TD} at (560,299) size 8x13 [bgcolor=#044F4F] [r=23 c=72 rs=1 cs=1]
              RenderInline {FONT} at (0,0) size 3x13
                RenderText {#text} at (0,0) size 3x13
                  text run at (0,0) width 3: " "
            RenderTableCell {TD} at (568,299) size 8x13 [bgcolor=#025E5E] [r=23 c=73 rs=1 cs=1]
              RenderInline {FONT} at (0,0) size 3x13
                RenderText {#text} at (0,0) size 3x13
                  text run at (0,0) width 3: " "
            RenderTableCell {TD} at (576,299) size 8x13 [bgcolor=#025E5E] [r=23 c=74 rs=1 cs=1]
              RenderInline {FONT} at (0,0) size 3x13
                RenderText {#text} at (0,0) size 3x13
                  text run at (0,0) width 3: " "
            RenderTableCell {TD} at (584,299) size 8x13 [bgcolor=#025E5E] [r=23 c=75 rs=1 cs=1]
              RenderInline {FONT} at (0,0) size 3x13
                RenderText {#text} at (0,0) size 3x13
                  text run at (0,0) width 3: " "
            RenderTableCell {TD} at (592,299) size 8x13 [bgcolor=#025E5E] [r=23 c=76 rs=1 cs=1]
              RenderInline {FONT} at (0,0) size 3x13
                RenderText {#text} at (0,0) size 3x13
                  text run at (0,0) width 3: " "
            RenderTableCell {TD} at (600,299) size 8x13 [bgcolor=#025E5E] [r=23 c=77 rs=1 cs=1]
              RenderInline {FONT} at (0,0) size 3x13
                RenderText {#text} at (0,0) size 3x13
                  text run at (0,0) width 3: " "
            RenderTableCell {TD} at (608,299) size 8x13 [bgcolor=#026766] [r=23 c=78 rs=1 cs=1]
              RenderInline {FONT} at (0,0) size 3x13
                RenderText {#text} at (0,0) size 3x13
                  text run at (0,0) width 3: " "
            RenderTableCell {TD} at (616,299) size 8x13 [bgcolor=#026766] [r=23 c=79 rs=1 cs=1]
              RenderInline {FONT} at (0,0) size 3x13
                RenderText {#text} at (0,0) size 3x13
                  text run at (0,0) width 3: " "
            RenderTableCell {TD} at (624,299) size 8x13 [bgcolor=#026766] [r=23 c=80 rs=1 cs=1]
              RenderInline {FONT} at (0,0) size 3x13
                RenderText {#text} at (0,0) size 3x13
                  text run at (0,0) width 3: " "
            RenderTableCell {TD} at (632,299) size 8x13 [bgcolor=#026766] [r=23 c=81 rs=1 cs=1]
              RenderInline {FONT} at (0,0) size 3x13
                RenderText {#text} at (0,0) size 3x13
                  text run at (0,0) width 3: " "
            RenderTableCell {TD} at (640,299) size 8x13 [bgcolor=#026766] [r=23 c=82 rs=1 cs=1]
              RenderInline {FONT} at (0,0) size 3x13
                RenderText {#text} at (0,0) size 3x13
                  text run at (0,0) width 3: " "
            RenderTableCell {TD} at (648,299) size 8x13 [bgcolor=#026766] [r=23 c=83 rs=1 cs=1]
              RenderInline {FONT} at (0,0) size 3x13
                RenderText {#text} at (0,0) size 3x13
                  text run at (0,0) width 3: " "
            RenderTableCell {TD} at (656,299) size 8x13 [bgcolor=#026766] [r=23 c=84 rs=1 cs=1]
              RenderInline {FONT} at (0,0) size 3x13
                RenderText {#text} at (0,0) size 3x13
                  text run at (0,0) width 3: " "
            RenderTableCell {TD} at (664,299) size 8x13 [bgcolor=#026766] [r=23 c=85 rs=1 cs=1]
              RenderInline {FONT} at (0,0) size 3x13
                RenderText {#text} at (0,0) size 3x13
                  text run at (0,0) width 3: " "
            RenderTableCell {TD} at (672,299) size 8x13 [bgcolor=#026766] [r=23 c=86 rs=1 cs=1]
              RenderInline {FONT} at (0,0) size 3x13
                RenderText {#text} at (0,0) size 3x13
                  text run at (0,0) width 3: " "
            RenderTableCell {TD} at (680,299) size 8x13 [bgcolor=#026766] [r=23 c=87 rs=1 cs=1]
              RenderInline {FONT} at (0,0) size 3x13
                RenderText {#text} at (0,0) size 3x13
                  text run at (0,0) width 3: " "
            RenderTableCell {TD} at (688,299) size 8x13 [bgcolor=#026766] [r=23 c=88 rs=1 cs=1]
              RenderInline {FONT} at (0,0) size 3x13
                RenderText {#text} at (0,0) size 3x13
                  text run at (0,0) width 3: " "
            RenderTableCell {TD} at (696,299) size 8x13 [bgcolor=#026766] [r=23 c=89 rs=1 cs=1]
              RenderInline {FONT} at (0,0) size 3x13
                RenderText {#text} at (0,0) size 3x13
                  text run at (0,0) width 3: " "
            RenderTableCell {TD} at (704,299) size 8x13 [bgcolor=#026766] [r=23 c=90 rs=1 cs=1]
              RenderInline {FONT} at (0,0) size 3x13
                RenderText {#text} at (0,0) size 3x13
                  text run at (0,0) width 3: " "
            RenderTableCell {TD} at (712,299) size 8x13 [bgcolor=#025E5E] [r=23 c=91 rs=1 cs=1]
              RenderInline {FONT} at (0,0) size 3x13
                RenderText {#text} at (0,0) size 3x13
                  text run at (0,0) width 3: " "
            RenderTableCell {TD} at (720,299) size 8x13 [bgcolor=#044F4F] [r=23 c=92 rs=1 cs=1]
              RenderInline {FONT} at (0,0) size 3x13
                RenderText {#text} at (0,0) size 3x13
                  text run at (0,0) width 3: " "
            RenderTableCell {TD} at (728,299) size 8x13 [bgcolor=#044140] [r=23 c=93 rs=1 cs=1]
              RenderInline {FONT} at (0,0) size 3x13
                RenderText {#text} at (0,0) size 3x13
                  text run at (0,0) width 3: " "
            RenderTableCell {TD} at (736,299) size 8x13 [bgcolor=#425A5A] [r=23 c=94 rs=1 cs=1]
              RenderInline {FONT} at (0,0) size 3x13
                RenderText {#text} at (0,0) size 3x13
                  text run at (0,0) width 3: " "
            RenderTableCell {TD} at (744,299) size 8x13 [bgcolor=#A5A6A6] [r=23 c=95 rs=1 cs=1]
              RenderInline {FONT} at (0,0) size 3x13
                RenderText {#text} at (0,0) size 3x13
                  text run at (0,0) width 3: " "
            RenderTableCell {TD} at (752,299) size 8x13 [bgcolor=#CECFCF] [r=23 c=96 rs=1 cs=1]
              RenderInline {FONT} at (0,0) size 3x13
                RenderText {#text} at (0,0) size 3x13
                  text run at (0,0) width 3: " "
            RenderTableCell {TD} at (760,299) size 8x13 [bgcolor=#FDFDFB] [r=23 c=97 rs=1 cs=1]
              RenderInline {FONT} at (0,0) size 3x13
                RenderText {#text} at (0,0) size 3x13
                  text run at (0,0) width 3: " "
            RenderTableCell {TD} at (768,299) size 8x13 [bgcolor=#FDFDFB] [r=23 c=98 rs=1 cs=1]
              RenderInline {FONT} at (0,0) size 3x13
                RenderText {#text} at (0,0) size 3x13
                  text run at (0,0) width 3: " "
            RenderTableCell {TD} at (776,299) size 8x13 [bgcolor=#FDFDFB] [r=23 c=99 rs=1 cs=1]
              RenderInline {FONT} at (0,0) size 3x13
                RenderText {#text} at (0,0) size 3x13
                  text run at (0,0) width 3: " "
          RenderTableRow {TR} at (0,312) size 784x13
            RenderTableCell {TD} at (0,312) size 7x13 [bgcolor=#FDFDFB] [r=24 c=0 rs=1 cs=1]
              RenderInline {FONT} at (0,0) size 3x13
                RenderText {#text} at (0,0) size 3x13
                  text run at (0,0) width 3: " "
            RenderTableCell {TD} at (7,312) size 7x13 [bgcolor=#FDFDFB] [r=24 c=1 rs=1 cs=1]
              RenderInline {FONT} at (0,0) size 3x13
                RenderText {#text} at (0,0) size 3x13
                  text run at (0,0) width 3: " "
            RenderTableCell {TD} at (14,312) size 7x13 [bgcolor=#FDFDFB] [r=24 c=2 rs=1 cs=1]
              RenderInline {FONT} at (0,0) size 3x13
                RenderText {#text} at (0,0) size 3x13
                  text run at (0,0) width 3: " "
            RenderTableCell {TD} at (21,312) size 7x13 [bgcolor=#FDFDFB] [r=24 c=3 rs=1 cs=1]
              RenderInline {FONT} at (0,0) size 3x13
                RenderText {#text} at (0,0) size 3x13
                  text run at (0,0) width 3: " "
            RenderTableCell {TD} at (28,312) size 7x13 [bgcolor=#FDFDFB] [r=24 c=4 rs=1 cs=1]
              RenderInline {FONT} at (0,0) size 3x13
                RenderText {#text} at (0,0) size 3x13
                  text run at (0,0) width 3: " "
            RenderTableCell {TD} at (35,312) size 7x13 [bgcolor=#FDFDFB] [r=24 c=5 rs=1 cs=1]
              RenderInline {FONT} at (0,0) size 3x13
                RenderText {#text} at (0,0) size 3x13
                  text run at (0,0) width 3: " "
            RenderTableCell {TD} at (42,312) size 7x13 [bgcolor=#EDEEEF] [r=24 c=6 rs=1 cs=1]
              RenderInline {FONT} at (0,0) size 3x13
                RenderText {#text} at (0,0) size 3x13
                  text run at (0,0) width 3: " "
            RenderTableCell {TD} at (49,312) size 7x13 [bgcolor=#DEDFDF] [r=24 c=7 rs=1 cs=1]
              RenderInline {FONT} at (0,0) size 3x13
                RenderText {#text} at (0,0) size 3x13
                  text run at (0,0) width 3: " "
            RenderTableCell {TD} at (56,312) size 7x13 [bgcolor=#CECFCF] [r=24 c=8 rs=1 cs=1]
              RenderInline {FONT} at (0,0) size 3x13
                RenderText {#text} at (0,0) size 3x13
                  text run at (0,0) width 3: " "
            RenderTableCell {TD} at (63,312) size 7x13 [bgcolor=#B4B4B4] [r=24 c=9 rs=1 cs=1]
              RenderInline {FONT} at (0,0) size 3x13
                RenderText {#text} at (0,0) size 3x13
                  text run at (0,0) width 3: " "
            RenderTableCell {TD} at (70,312) size 7x13 [bgcolor=#848788] [r=24 c=10 rs=1 cs=1]
              RenderInline {FONT} at (0,0) size 3x13
                RenderText {#text} at (0,0) size 3x13
                  text run at (0,0) width 3: " "
            RenderTableCell {TD} at (77,312) size 7x13 [bgcolor=#527274] [r=24 c=11 rs=1 cs=1]
              RenderInline {FONT} at (0,0) size 3x13
                RenderText {#text} at (0,0) size 3x13
                  text run at (0,0) width 3: " "
            RenderTableCell {TD} at (84,312) size 7x13 [bgcolor=#305D5D] [r=24 c=12 rs=1 cs=1]
              RenderInline {FONT} at (0,0) size 3x13
                RenderText {#text} at (0,0) size 3x13
                  text run at (0,0) width 3: " "
            RenderTableCell {TD} at (91,312) size 7x13 [bgcolor=#044140] [r=24 c=13 rs=1 cs=1]
              RenderInline {FONT} at (0,0) size 3x13
                RenderText {#text} at (0,0) size 3x13
                  text run at (0,0) width 3: " "
            RenderTableCell {TD} at (98,312) size 7x13 [bgcolor=#044140] [r=24 c=14 rs=1 cs=1]
              RenderInline {FONT} at (0,0) size 3x13
                RenderText {#text} at (0,0) size 3x13
                  text run at (0,0) width 3: " "
            RenderTableCell {TD} at (105,312) size 7x13 [bgcolor=#044140] [r=24 c=15 rs=1 cs=1]
              RenderInline {FONT} at (0,0) size 3x13
                RenderText {#text} at (0,0) size 3x13
                  text run at (0,0) width 3: " "
            RenderTableCell {TD} at (112,312) size 8x13 [bgcolor=#044140] [r=24 c=16 rs=1 cs=1]
              RenderInline {FONT} at (0,0) size 3x13
                RenderText {#text} at (0,0) size 3x13
                  text run at (0,0) width 3: " "
            RenderTableCell {TD} at (120,312) size 8x13 [bgcolor=#044140] [r=24 c=17 rs=1 cs=1]
              RenderInline {FONT} at (0,0) size 3x13
                RenderText {#text} at (0,0) size 3x13
                  text run at (0,0) width 3: " "
            RenderTableCell {TD} at (128,312) size 8x13 [bgcolor=#044140] [r=24 c=18 rs=1 cs=1]
              RenderInline {FONT} at (0,0) size 3x13
                RenderText {#text} at (0,0) size 3x13
                  text run at (0,0) width 3: " "
            RenderTableCell {TD} at (136,312) size 8x13 [bgcolor=#044140] [r=24 c=19 rs=1 cs=1]
              RenderInline {FONT} at (0,0) size 3x13
                RenderText {#text} at (0,0) size 3x13
                  text run at (0,0) width 3: " "
            RenderTableCell {TD} at (144,312) size 8x13 [bgcolor=#223C3D] [r=24 c=20 rs=1 cs=1]
              RenderInline {FONT} at (0,0) size 3x13
                RenderText {#text} at (0,0) size 3x13
                  text run at (0,0) width 3: " "
            RenderTableCell {TD} at (152,312) size 8x13 [bgcolor=#344C4E] [r=24 c=21 rs=1 cs=1]
              RenderInline {FONT} at (0,0) size 3x13
                RenderText {#text} at (0,0) size 3x13
                  text run at (0,0) width 3: " "
            RenderTableCell {TD} at (160,312) size 8x13 [bgcolor=#515C5B] [r=24 c=22 rs=1 cs=1]
              RenderInline {FONT} at (0,0) size 3x13
                RenderText {#text} at (0,0) size 3x13
                  text run at (0,0) width 3: " "
            RenderTableCell {TD} at (168,312) size 8x13 [bgcolor=#696A69] [r=24 c=23 rs=1 cs=1]
              RenderInline {FONT} at (0,0) size 3x13
                RenderText {#text} at (0,0) size 3x13
                  text run at (0,0) width 3: " "
            RenderTableCell {TD} at (176,312) size 8x13 [bgcolor=#848788] [r=24 c=24 rs=1 cs=1]
              RenderInline {FONT} at (0,0) size 3x13
                RenderText {#text} at (0,0) size 3x13
                  text run at (0,0) width 3: " "
            RenderTableCell {TD} at (184,312) size 8x13 [bgcolor=#939494] [r=24 c=25 rs=1 cs=1]
              RenderInline {FONT} at (0,0) size 3x13
                RenderText {#text} at (0,0) size 3x13
                  text run at (0,0) width 3: " "
            RenderTableCell {TD} at (192,312) size 8x13 [bgcolor=#B4B4B4] [r=24 c=26 rs=1 cs=1]
              RenderInline {FONT} at (0,0) size 3x13
                RenderText {#text} at (0,0) size 3x13
                  text run at (0,0) width 3: " "
            RenderTableCell {TD} at (200,312) size 8x13 [bgcolor=#BEC2C2] [r=24 c=27 rs=1 cs=1]
              RenderInline {FONT} at (0,0) size 3x13
                RenderText {#text} at (0,0) size 3x13
                  text run at (0,0) width 3: " "
            RenderTableCell {TD} at (208,312) size 8x13 [bgcolor=#DEDFDF] [r=24 c=28 rs=1 cs=1]
              RenderInline {FONT} at (0,0) size 3x13
                RenderText {#text} at (0,0) size 3x13
                  text run at (0,0) width 3: " "
            RenderTableCell {TD} at (216,312) size 8x13 [bgcolor=#EDEEEF] [r=24 c=29 rs=1 cs=1]
              RenderInline {FONT} at (0,0) size 3x13
                RenderText {#text} at (0,0) size 3x13
                  text run at (0,0) width 3: " "
            RenderTableCell {TD} at (224,312) size 8x13 [bgcolor=#FDFDFB] [r=24 c=30 rs=1 cs=1]
              RenderInline {FONT} at (0,0) size 3x13
                RenderText {#text} at (0,0) size 3x13
                  text run at (0,0) width 3: " "
            RenderTableCell {TD} at (232,312) size 8x13 [bgcolor=#FDFDFB] [r=24 c=31 rs=1 cs=1]
              RenderInline {FONT} at (0,0) size 3x13
                RenderText {#text} at (0,0) size 3x13
                  text run at (0,0) width 3: " "
            RenderTableCell {TD} at (240,312) size 8x13 [bgcolor=#FDFDFB] [r=24 c=32 rs=1 cs=1]
              RenderInline {FONT} at (0,0) size 3x13
                RenderText {#text} at (0,0) size 3x13
                  text run at (0,0) width 3: " "
            RenderTableCell {TD} at (248,312) size 8x13 [bgcolor=#FDFDFB] [r=24 c=33 rs=1 cs=1]
              RenderInline {FONT} at (0,0) size 3x13
                RenderText {#text} at (0,0) size 3x13
                  text run at (0,0) width 3: " "
            RenderTableCell {TD} at (256,312) size 8x13 [bgcolor=#FDFDFB] [r=24 c=34 rs=1 cs=1]
              RenderInline {FONT} at (0,0) size 3x13
                RenderText {#text} at (0,0) size 3x13
                  text run at (0,0) width 3: " "
            RenderTableCell {TD} at (264,312) size 8x13 [bgcolor=#EDEEEF] [r=24 c=35 rs=1 cs=1]
              RenderInline {FONT} at (0,0) size 3x13
                RenderText {#text} at (0,0) size 3x13
                  text run at (0,0) width 3: " "
            RenderTableCell {TD} at (272,312) size 8x13 [bgcolor=#91A3A3] [r=24 c=36 rs=1 cs=1]
              RenderInline {FONT} at (0,0) size 3x13
                RenderText {#text} at (0,0) size 3x13
                  text run at (0,0) width 3: " "
            RenderTableCell {TD} at (280,312) size 8x13 [bgcolor=#7B918F] [r=24 c=37 rs=1 cs=1]
              RenderInline {FONT} at (0,0) size 3x13
                RenderText {#text} at (0,0) size 3x13
                  text run at (0,0) width 3: " "
            RenderTableCell {TD} at (288,312) size 8x13 [bgcolor=#526B6B] [r=24 c=38 rs=1 cs=1]
              RenderInline {FONT} at (0,0) size 3x13
                RenderText {#text} at (0,0) size 3x13
                  text run at (0,0) width 3: " "
            RenderTableCell {TD} at (296,312) size 8x13 [bgcolor=#515C5B] [r=24 c=39 rs=1 cs=1]
              RenderInline {FONT} at (0,0) size 3x13
                RenderText {#text} at (0,0) size 3x13
                  text run at (0,0) width 3: " "
            RenderTableCell {TD} at (304,312) size 8x13 [bgcolor=#515C5B] [r=24 c=40 rs=1 cs=1]
              RenderInline {FONT} at (0,0) size 3x13
                RenderText {#text} at (0,0) size 3x13
                  text run at (0,0) width 3: " "
            RenderTableCell {TD} at (312,312) size 8x13 [bgcolor=#515C5B] [r=24 c=41 rs=1 cs=1]
              RenderInline {FONT} at (0,0) size 3x13
                RenderText {#text} at (0,0) size 3x13
                  text run at (0,0) width 3: " "
            RenderTableCell {TD} at (320,312) size 8x13 [bgcolor=#515C5B] [r=24 c=42 rs=1 cs=1]
              RenderInline {FONT} at (0,0) size 3x13
                RenderText {#text} at (0,0) size 3x13
                  text run at (0,0) width 3: " "
            RenderTableCell {TD} at (328,312) size 8x13 [bgcolor=#515C5B] [r=24 c=43 rs=1 cs=1]
              RenderInline {FONT} at (0,0) size 3x13
                RenderText {#text} at (0,0) size 3x13
                  text run at (0,0) width 3: " "
            RenderTableCell {TD} at (336,312) size 8x13 [bgcolor=#515C5B] [r=24 c=44 rs=1 cs=1]
              RenderInline {FONT} at (0,0) size 3x13
                RenderText {#text} at (0,0) size 3x13
                  text run at (0,0) width 3: " "
            RenderTableCell {TD} at (344,312) size 8x13 [bgcolor=#515C5B] [r=24 c=45 rs=1 cs=1]
              RenderInline {FONT} at (0,0) size 3x13
                RenderText {#text} at (0,0) size 3x13
                  text run at (0,0) width 3: " "
            RenderTableCell {TD} at (352,312) size 8x13 [bgcolor=#515C5B] [r=24 c=46 rs=1 cs=1]
              RenderInline {FONT} at (0,0) size 3x13
                RenderText {#text} at (0,0) size 3x13
                  text run at (0,0) width 3: " "
            RenderTableCell {TD} at (360,312) size 8x13 [bgcolor=#515C5B] [r=24 c=47 rs=1 cs=1]
              RenderInline {FONT} at (0,0) size 3x13
                RenderText {#text} at (0,0) size 3x13
                  text run at (0,0) width 3: " "
            RenderTableCell {TD} at (368,312) size 8x13 [bgcolor=#515C5B] [r=24 c=48 rs=1 cs=1]
              RenderInline {FONT} at (0,0) size 3x13
                RenderText {#text} at (0,0) size 3x13
                  text run at (0,0) width 3: " "
            RenderTableCell {TD} at (376,312) size 8x13 [bgcolor=#515C5B] [r=24 c=49 rs=1 cs=1]
              RenderInline {FONT} at (0,0) size 3x13
                RenderText {#text} at (0,0) size 3x13
                  text run at (0,0) width 3: " "
            RenderTableCell {TD} at (384,312) size 8x13 [bgcolor=#515C5B] [r=24 c=50 rs=1 cs=1]
              RenderInline {FONT} at (0,0) size 3x13
                RenderText {#text} at (0,0) size 3x13
                  text run at (0,0) width 3: " "
            RenderTableCell {TD} at (392,312) size 8x13 [bgcolor=#515C5B] [r=24 c=51 rs=1 cs=1]
              RenderInline {FONT} at (0,0) size 3x13
                RenderText {#text} at (0,0) size 3x13
                  text run at (0,0) width 3: " "
            RenderTableCell {TD} at (400,312) size 8x13 [bgcolor=#848788] [r=24 c=52 rs=1 cs=1]
              RenderInline {FONT} at (0,0) size 3x13
                RenderText {#text} at (0,0) size 3x13
                  text run at (0,0) width 3: " "
            RenderTableCell {TD} at (408,312) size 8x13 [bgcolor=#B4B4B4] [r=24 c=53 rs=1 cs=1]
              RenderInline {FONT} at (0,0) size 3x13
                RenderText {#text} at (0,0) size 3x13
                  text run at (0,0) width 3: " "
            RenderTableCell {TD} at (416,312) size 8x13 [bgcolor=#EDEEEF] [r=24 c=54 rs=1 cs=1]
              RenderInline {FONT} at (0,0) size 3x13
                RenderText {#text} at (0,0) size 3x13
                  text run at (0,0) width 3: " "
            RenderTableCell {TD} at (424,312) size 8x13 [bgcolor=#FDFDFB] [r=24 c=55 rs=1 cs=1]
              RenderInline {FONT} at (0,0) size 3x13
                RenderText {#text} at (0,0) size 3x13
                  text run at (0,0) width 3: " "
            RenderTableCell {TD} at (432,312) size 8x13 [bgcolor=#FDFDFB] [r=24 c=56 rs=1 cs=1]
              RenderInline {FONT} at (0,0) size 3x13
                RenderText {#text} at (0,0) size 3x13
                  text run at (0,0) width 3: " "
            RenderTableCell {TD} at (440,312) size 8x13 [bgcolor=#FDFDFB] [r=24 c=57 rs=1 cs=1]
              RenderInline {FONT} at (0,0) size 3x13
                RenderText {#text} at (0,0) size 3x13
                  text run at (0,0) width 3: " "
            RenderTableCell {TD} at (448,312) size 8x13 [bgcolor=#FDFDFB] [r=24 c=58 rs=1 cs=1]
              RenderInline {FONT} at (0,0) size 3x13
                RenderText {#text} at (0,0) size 3x13
                  text run at (0,0) width 3: " "
            RenderTableCell {TD} at (456,312) size 8x13 [bgcolor=#FDFDFB] [r=24 c=59 rs=1 cs=1]
              RenderInline {FONT} at (0,0) size 3x13
                RenderText {#text} at (0,0) size 3x13
                  text run at (0,0) width 3: " "
            RenderTableCell {TD} at (464,312) size 8x13 [bgcolor=#FDFDFB] [r=24 c=60 rs=1 cs=1]
              RenderInline {FONT} at (0,0) size 3x13
                RenderText {#text} at (0,0) size 3x13
                  text run at (0,0) width 3: " "
            RenderTableCell {TD} at (472,312) size 8x13 [bgcolor=#FDFDFB] [r=24 c=61 rs=1 cs=1]
              RenderInline {FONT} at (0,0) size 3x13
                RenderText {#text} at (0,0) size 3x13
                  text run at (0,0) width 3: " "
            RenderTableCell {TD} at (480,312) size 8x13 [bgcolor=#FDFDFB] [r=24 c=62 rs=1 cs=1]
              RenderInline {FONT} at (0,0) size 3x13
                RenderText {#text} at (0,0) size 3x13
                  text run at (0,0) width 3: " "
            RenderTableCell {TD} at (488,312) size 8x13 [bgcolor=#FDFDFB] [r=24 c=63 rs=1 cs=1]
              RenderInline {FONT} at (0,0) size 3x13
                RenderText {#text} at (0,0) size 3x13
                  text run at (0,0) width 3: " "
            RenderTableCell {TD} at (496,312) size 8x13 [bgcolor=#E0EAE9] [r=24 c=64 rs=1 cs=1]
              RenderInline {FONT} at (0,0) size 3x13
                RenderText {#text} at (0,0) size 3x13
                  text run at (0,0) width 3: " "
            RenderTableCell {TD} at (504,312) size 8x13 [bgcolor=#CECFCF] [r=24 c=65 rs=1 cs=1]
              RenderInline {FONT} at (0,0) size 3x13
                RenderText {#text} at (0,0) size 3x13
                  text run at (0,0) width 3: " "
            RenderTableCell {TD} at (512,312) size 8x13 [bgcolor=#B4B4B4] [r=24 c=66 rs=1 cs=1]
              RenderInline {FONT} at (0,0) size 3x13
                RenderText {#text} at (0,0) size 3x13
                  text run at (0,0) width 3: " "
            RenderTableCell {TD} at (520,312) size 8x13 [bgcolor=#848788] [r=24 c=67 rs=1 cs=1]
              RenderInline {FONT} at (0,0) size 3x13
                RenderText {#text} at (0,0) size 3x13
                  text run at (0,0) width 3: " "
            RenderTableCell {TD} at (528,312) size 8x13 [bgcolor=#526B6B] [r=24 c=68 rs=1 cs=1]
              RenderInline {FONT} at (0,0) size 3x13
                RenderText {#text} at (0,0) size 3x13
                  text run at (0,0) width 3: " "
            RenderTableCell {TD} at (536,312) size 8x13 [bgcolor=#044140] [r=24 c=69 rs=1 cs=1]
              RenderInline {FONT} at (0,0) size 3x13
                RenderText {#text} at (0,0) size 3x13
                  text run at (0,0) width 3: " "
            RenderTableCell {TD} at (544,312) size 8x13 [bgcolor=#044140] [r=24 c=70 rs=1 cs=1]
              RenderInline {FONT} at (0,0) size 3x13
                RenderText {#text} at (0,0) size 3x13
                  text run at (0,0) width 3: " "
            RenderTableCell {TD} at (552,312) size 8x13 [bgcolor=#044140] [r=24 c=71 rs=1 cs=1]
              RenderInline {FONT} at (0,0) size 3x13
                RenderText {#text} at (0,0) size 3x13
                  text run at (0,0) width 3: " "
            RenderTableCell {TD} at (560,312) size 8x13 [bgcolor=#044140] [r=24 c=72 rs=1 cs=1]
              RenderInline {FONT} at (0,0) size 3x13
                RenderText {#text} at (0,0) size 3x13
                  text run at (0,0) width 3: " "
            RenderTableCell {TD} at (568,312) size 8x13 [bgcolor=#044140] [r=24 c=73 rs=1 cs=1]
              RenderInline {FONT} at (0,0) size 3x13
                RenderText {#text} at (0,0) size 3x13
                  text run at (0,0) width 3: " "
            RenderTableCell {TD} at (576,312) size 8x13 [bgcolor=#044140] [r=24 c=74 rs=1 cs=1]
              RenderInline {FONT} at (0,0) size 3x13
                RenderText {#text} at (0,0) size 3x13
                  text run at (0,0) width 3: " "
            RenderTableCell {TD} at (584,312) size 8x13 [bgcolor=#044140] [r=24 c=75 rs=1 cs=1]
              RenderInline {FONT} at (0,0) size 3x13
                RenderText {#text} at (0,0) size 3x13
                  text run at (0,0) width 3: " "
            RenderTableCell {TD} at (592,312) size 8x13 [bgcolor=#044F4F] [r=24 c=76 rs=1 cs=1]
              RenderInline {FONT} at (0,0) size 3x13
                RenderText {#text} at (0,0) size 3x13
                  text run at (0,0) width 3: " "
            RenderTableCell {TD} at (600,312) size 8x13 [bgcolor=#025E5E] [r=24 c=77 rs=1 cs=1]
              RenderInline {FONT} at (0,0) size 3x13
                RenderText {#text} at (0,0) size 3x13
                  text run at (0,0) width 3: " "
            RenderTableCell {TD} at (608,312) size 8x13 [bgcolor=#025E5E] [r=24 c=78 rs=1 cs=1]
              RenderInline {FONT} at (0,0) size 3x13
                RenderText {#text} at (0,0) size 3x13
                  text run at (0,0) width 3: " "
            RenderTableCell {TD} at (616,312) size 8x13 [bgcolor=#026766] [r=24 c=79 rs=1 cs=1]
              RenderInline {FONT} at (0,0) size 3x13
                RenderText {#text} at (0,0) size 3x13
                  text run at (0,0) width 3: " "
            RenderTableCell {TD} at (624,312) size 8x13 [bgcolor=#026766] [r=24 c=80 rs=1 cs=1]
              RenderInline {FONT} at (0,0) size 3x13
                RenderText {#text} at (0,0) size 3x13
                  text run at (0,0) width 3: " "
            RenderTableCell {TD} at (632,312) size 8x13 [bgcolor=#026766] [r=24 c=81 rs=1 cs=1]
              RenderInline {FONT} at (0,0) size 3x13
                RenderText {#text} at (0,0) size 3x13
                  text run at (0,0) width 3: " "
            RenderTableCell {TD} at (640,312) size 8x13 [bgcolor=#026766] [r=24 c=82 rs=1 cs=1]
              RenderInline {FONT} at (0,0) size 3x13
                RenderText {#text} at (0,0) size 3x13
                  text run at (0,0) width 3: " "
            RenderTableCell {TD} at (648,312) size 8x13 [bgcolor=#026766] [r=24 c=83 rs=1 cs=1]
              RenderInline {FONT} at (0,0) size 3x13
                RenderText {#text} at (0,0) size 3x13
                  text run at (0,0) width 3: " "
            RenderTableCell {TD} at (656,312) size 8x13 [bgcolor=#026766] [r=24 c=84 rs=1 cs=1]
              RenderInline {FONT} at (0,0) size 3x13
                RenderText {#text} at (0,0) size 3x13
                  text run at (0,0) width 3: " "
            RenderTableCell {TD} at (664,312) size 8x13 [bgcolor=#026766] [r=24 c=85 rs=1 cs=1]
              RenderInline {FONT} at (0,0) size 3x13
                RenderText {#text} at (0,0) size 3x13
                  text run at (0,0) width 3: " "
            RenderTableCell {TD} at (672,312) size 8x13 [bgcolor=#026766] [r=24 c=86 rs=1 cs=1]
              RenderInline {FONT} at (0,0) size 3x13
                RenderText {#text} at (0,0) size 3x13
                  text run at (0,0) width 3: " "
            RenderTableCell {TD} at (680,312) size 8x13 [bgcolor=#026766] [r=24 c=87 rs=1 cs=1]
              RenderInline {FONT} at (0,0) size 3x13
                RenderText {#text} at (0,0) size 3x13
                  text run at (0,0) width 3: " "
            RenderTableCell {TD} at (688,312) size 8x13 [bgcolor=#026766] [r=24 c=88 rs=1 cs=1]
              RenderInline {FONT} at (0,0) size 3x13
                RenderText {#text} at (0,0) size 3x13
                  text run at (0,0) width 3: " "
            RenderTableCell {TD} at (696,312) size 8x13 [bgcolor=#026766] [r=24 c=89 rs=1 cs=1]
              RenderInline {FONT} at (0,0) size 3x13
                RenderText {#text} at (0,0) size 3x13
                  text run at (0,0) width 3: " "
            RenderTableCell {TD} at (704,312) size 8x13 [bgcolor=#026766] [r=24 c=90 rs=1 cs=1]
              RenderInline {FONT} at (0,0) size 3x13
                RenderText {#text} at (0,0) size 3x13
                  text run at (0,0) width 3: " "
            RenderTableCell {TD} at (712,312) size 8x13 [bgcolor=#025E5E] [r=24 c=91 rs=1 cs=1]
              RenderInline {FONT} at (0,0) size 3x13
                RenderText {#text} at (0,0) size 3x13
                  text run at (0,0) width 3: " "
            RenderTableCell {TD} at (720,312) size 8x13 [bgcolor=#044F4F] [r=24 c=92 rs=1 cs=1]
              RenderInline {FONT} at (0,0) size 3x13
                RenderText {#text} at (0,0) size 3x13
                  text run at (0,0) width 3: " "
            RenderTableCell {TD} at (728,312) size 8x13 [bgcolor=#083131] [r=24 c=93 rs=1 cs=1]
              RenderInline {FONT} at (0,0) size 3x13
                RenderText {#text} at (0,0) size 3x13
                  text run at (0,0) width 3: " "
            RenderTableCell {TD} at (736,312) size 8x13 [bgcolor=#425A5A] [r=24 c=94 rs=1 cs=1]
              RenderInline {FONT} at (0,0) size 3x13
                RenderText {#text} at (0,0) size 3x13
                  text run at (0,0) width 3: " "
            RenderTableCell {TD} at (744,312) size 8x13 [bgcolor=#A5A6A6] [r=24 c=95 rs=1 cs=1]
              RenderInline {FONT} at (0,0) size 3x13
                RenderText {#text} at (0,0) size 3x13
                  text run at (0,0) width 3: " "
            RenderTableCell {TD} at (752,312) size 8x13 [bgcolor=#CECFCF] [r=24 c=96 rs=1 cs=1]
              RenderInline {FONT} at (0,0) size 3x13
                RenderText {#text} at (0,0) size 3x13
                  text run at (0,0) width 3: " "
            RenderTableCell {TD} at (760,312) size 8x13 [bgcolor=#FDFDFB] [r=24 c=97 rs=1 cs=1]
              RenderInline {FONT} at (0,0) size 3x13
                RenderText {#text} at (0,0) size 3x13
                  text run at (0,0) width 3: " "
            RenderTableCell {TD} at (768,312) size 8x13 [bgcolor=#FDFDFB] [r=24 c=98 rs=1 cs=1]
              RenderInline {FONT} at (0,0) size 3x13
                RenderText {#text} at (0,0) size 3x13
                  text run at (0,0) width 3: " "
            RenderTableCell {TD} at (776,312) size 8x13 [bgcolor=#FDFDFB] [r=24 c=99 rs=1 cs=1]
              RenderInline {FONT} at (0,0) size 3x13
                RenderText {#text} at (0,0) size 3x13
                  text run at (0,0) width 3: " "
          RenderTableRow {TR} at (0,325) size 784x13
            RenderTableCell {TD} at (0,325) size 7x13 [bgcolor=#FDFDFB] [r=25 c=0 rs=1 cs=1]
              RenderInline {FONT} at (0,0) size 3x13
                RenderText {#text} at (0,0) size 3x13
                  text run at (0,0) width 3: " "
            RenderTableCell {TD} at (7,325) size 7x13 [bgcolor=#FDFDFB] [r=25 c=1 rs=1 cs=1]
              RenderInline {FONT} at (0,0) size 3x13
                RenderText {#text} at (0,0) size 3x13
                  text run at (0,0) width 3: " "
            RenderTableCell {TD} at (14,325) size 7x13 [bgcolor=#FDFDFB] [r=25 c=2 rs=1 cs=1]
              RenderInline {FONT} at (0,0) size 3x13
                RenderText {#text} at (0,0) size 3x13
                  text run at (0,0) width 3: " "
            RenderTableCell {TD} at (21,325) size 7x13 [bgcolor=#FDFDFB] [r=25 c=3 rs=1 cs=1]
              RenderInline {FONT} at (0,0) size 3x13
                RenderText {#text} at (0,0) size 3x13
                  text run at (0,0) width 3: " "
            RenderTableCell {TD} at (28,325) size 7x13 [bgcolor=#FDFDFB] [r=25 c=4 rs=1 cs=1]
              RenderInline {FONT} at (0,0) size 3x13
                RenderText {#text} at (0,0) size 3x13
                  text run at (0,0) width 3: " "
            RenderTableCell {TD} at (35,325) size 7x13 [bgcolor=#FDFDFB] [r=25 c=5 rs=1 cs=1]
              RenderInline {FONT} at (0,0) size 3x13
                RenderText {#text} at (0,0) size 3x13
                  text run at (0,0) width 3: " "
            RenderTableCell {TD} at (42,325) size 7x13 [bgcolor=#FDFDFB] [r=25 c=6 rs=1 cs=1]
              RenderInline {FONT} at (0,0) size 3x13
                RenderText {#text} at (0,0) size 3x13
                  text run at (0,0) width 3: " "
            RenderTableCell {TD} at (49,325) size 7x13 [bgcolor=#FDFDFB] [r=25 c=7 rs=1 cs=1]
              RenderInline {FONT} at (0,0) size 3x13
                RenderText {#text} at (0,0) size 3x13
                  text run at (0,0) width 3: " "
            RenderTableCell {TD} at (56,325) size 7x13 [bgcolor=#EDEEEF] [r=25 c=8 rs=1 cs=1]
              RenderInline {FONT} at (0,0) size 3x13
                RenderText {#text} at (0,0) size 3x13
                  text run at (0,0) width 3: " "
            RenderTableCell {TD} at (63,325) size 7x13 [bgcolor=#DEDFDF] [r=25 c=9 rs=1 cs=1]
              RenderInline {FONT} at (0,0) size 3x13
                RenderText {#text} at (0,0) size 3x13
                  text run at (0,0) width 3: " "
            RenderTableCell {TD} at (70,325) size 7x13 [bgcolor=#CECFCF] [r=25 c=10 rs=1 cs=1]
              RenderInline {FONT} at (0,0) size 3x13
                RenderText {#text} at (0,0) size 3x13
                  text run at (0,0) width 3: " "
            RenderTableCell {TD} at (77,325) size 7x13 [bgcolor=#BEC2C2] [r=25 c=11 rs=1 cs=1]
              RenderInline {FONT} at (0,0) size 3x13
                RenderText {#text} at (0,0) size 3x13
                  text run at (0,0) width 3: " "
            RenderTableCell {TD} at (84,325) size 7x13 [bgcolor=#A5A6A6] [r=25 c=12 rs=1 cs=1]
              RenderInline {FONT} at (0,0) size 3x13
                RenderText {#text} at (0,0) size 3x13
                  text run at (0,0) width 3: " "
            RenderTableCell {TD} at (91,325) size 7x13 [bgcolor=#939494] [r=25 c=13 rs=1 cs=1]
              RenderInline {FONT} at (0,0) size 3x13
                RenderText {#text} at (0,0) size 3x13
                  text run at (0,0) width 3: " "
            RenderTableCell {TD} at (98,325) size 7x13 [bgcolor=#848788] [r=25 c=14 rs=1 cs=1]
              RenderInline {FONT} at (0,0) size 3x13
                RenderText {#text} at (0,0) size 3x13
                  text run at (0,0) width 3: " "
            RenderTableCell {TD} at (105,325) size 7x13 [bgcolor=#848788] [r=25 c=15 rs=1 cs=1]
              RenderInline {FONT} at (0,0) size 3x13
                RenderText {#text} at (0,0) size 3x13
                  text run at (0,0) width 3: " "
            RenderTableCell {TD} at (112,325) size 8x13 [bgcolor=#848788] [r=25 c=16 rs=1 cs=1]
              RenderInline {FONT} at (0,0) size 3x13
                RenderText {#text} at (0,0) size 3x13
                  text run at (0,0) width 3: " "
            RenderTableCell {TD} at (120,325) size 8x13 [bgcolor=#848788] [r=25 c=17 rs=1 cs=1]
              RenderInline {FONT} at (0,0) size 3x13
                RenderText {#text} at (0,0) size 3x13
                  text run at (0,0) width 3: " "
            RenderTableCell {TD} at (128,325) size 8x13 [bgcolor=#848788] [r=25 c=18 rs=1 cs=1]
              RenderInline {FONT} at (0,0) size 3x13
                RenderText {#text} at (0,0) size 3x13
                  text run at (0,0) width 3: " "
            RenderTableCell {TD} at (136,325) size 8x13 [bgcolor=#848788] [r=25 c=19 rs=1 cs=1]
              RenderInline {FONT} at (0,0) size 3x13
                RenderText {#text} at (0,0) size 3x13
                  text run at (0,0) width 3: " "
            RenderTableCell {TD} at (144,325) size 8x13 [bgcolor=#848788] [r=25 c=20 rs=1 cs=1]
              RenderInline {FONT} at (0,0) size 3x13
                RenderText {#text} at (0,0) size 3x13
                  text run at (0,0) width 3: " "
            RenderTableCell {TD} at (152,325) size 8x13 [bgcolor=#939494] [r=25 c=21 rs=1 cs=1]
              RenderInline {FONT} at (0,0) size 3x13
                RenderText {#text} at (0,0) size 3x13
                  text run at (0,0) width 3: " "
            RenderTableCell {TD} at (160,325) size 8x13 [bgcolor=#939494] [r=25 c=22 rs=1 cs=1]
              RenderInline {FONT} at (0,0) size 3x13
                RenderText {#text} at (0,0) size 3x13
                  text run at (0,0) width 3: " "
            RenderTableCell {TD} at (168,325) size 8x13 [bgcolor=#A5A6A6] [r=25 c=23 rs=1 cs=1]
              RenderInline {FONT} at (0,0) size 3x13
                RenderText {#text} at (0,0) size 3x13
                  text run at (0,0) width 3: " "
            RenderTableCell {TD} at (176,325) size 8x13 [bgcolor=#B4B4B4] [r=25 c=24 rs=1 cs=1]
              RenderInline {FONT} at (0,0) size 3x13
                RenderText {#text} at (0,0) size 3x13
                  text run at (0,0) width 3: " "
            RenderTableCell {TD} at (184,325) size 8x13 [bgcolor=#CECFCF] [r=25 c=25 rs=1 cs=1]
              RenderInline {FONT} at (0,0) size 3x13
                RenderText {#text} at (0,0) size 3x13
                  text run at (0,0) width 3: " "
            RenderTableCell {TD} at (192,325) size 8x13 [bgcolor=#DEDFDF] [r=25 c=26 rs=1 cs=1]
              RenderInline {FONT} at (0,0) size 3x13
                RenderText {#text} at (0,0) size 3x13
                  text run at (0,0) width 3: " "
            RenderTableCell {TD} at (200,325) size 8x13 [bgcolor=#EDEEEF] [r=25 c=27 rs=1 cs=1]
              RenderInline {FONT} at (0,0) size 3x13
                RenderText {#text} at (0,0) size 3x13
                  text run at (0,0) width 3: " "
            RenderTableCell {TD} at (208,325) size 8x13 [bgcolor=#FDFDFB] [r=25 c=28 rs=1 cs=1]
              RenderInline {FONT} at (0,0) size 3x13
                RenderText {#text} at (0,0) size 3x13
                  text run at (0,0) width 3: " "
            RenderTableCell {TD} at (216,325) size 8x13 [bgcolor=#FDFDFB] [r=25 c=29 rs=1 cs=1]
              RenderInline {FONT} at (0,0) size 3x13
                RenderText {#text} at (0,0) size 3x13
                  text run at (0,0) width 3: " "
            RenderTableCell {TD} at (224,325) size 8x13 [bgcolor=#FDFDFB] [r=25 c=30 rs=1 cs=1]
              RenderInline {FONT} at (0,0) size 3x13
                RenderText {#text} at (0,0) size 3x13
                  text run at (0,0) width 3: " "
            RenderTableCell {TD} at (232,325) size 8x13 [bgcolor=#FDFDFB] [r=25 c=31 rs=1 cs=1]
              RenderInline {FONT} at (0,0) size 3x13
                RenderText {#text} at (0,0) size 3x13
                  text run at (0,0) width 3: " "
            RenderTableCell {TD} at (240,325) size 8x13 [bgcolor=#FDFDFB] [r=25 c=32 rs=1 cs=1]
              RenderInline {FONT} at (0,0) size 3x13
                RenderText {#text} at (0,0) size 3x13
                  text run at (0,0) width 3: " "
            RenderTableCell {TD} at (248,325) size 8x13 [bgcolor=#FDFDFB] [r=25 c=33 rs=1 cs=1]
              RenderInline {FONT} at (0,0) size 3x13
                RenderText {#text} at (0,0) size 3x13
                  text run at (0,0) width 3: " "
            RenderTableCell {TD} at (256,325) size 8x13 [bgcolor=#FDFDFB] [r=25 c=34 rs=1 cs=1]
              RenderInline {FONT} at (0,0) size 3x13
                RenderText {#text} at (0,0) size 3x13
                  text run at (0,0) width 3: " "
            RenderTableCell {TD} at (264,325) size 8x13 [bgcolor=#FDFDFB] [r=25 c=35 rs=1 cs=1]
              RenderInline {FONT} at (0,0) size 3x13
                RenderText {#text} at (0,0) size 3x13
                  text run at (0,0) width 3: " "
            RenderTableCell {TD} at (272,325) size 8x13 [bgcolor=#E0EAE9] [r=25 c=36 rs=1 cs=1]
              RenderInline {FONT} at (0,0) size 3x13
                RenderText {#text} at (0,0) size 3x13
                  text run at (0,0) width 3: " "
            RenderTableCell {TD} at (280,325) size 8x13 [bgcolor=#CECFCF] [r=25 c=37 rs=1 cs=1]
              RenderInline {FONT} at (0,0) size 3x13
                RenderText {#text} at (0,0) size 3x13
                  text run at (0,0) width 3: " "
            RenderTableCell {TD} at (288,325) size 8x13 [bgcolor=#B4B4B4] [r=25 c=38 rs=1 cs=1]
              RenderInline {FONT} at (0,0) size 3x13
                RenderText {#text} at (0,0) size 3x13
                  text run at (0,0) width 3: " "
            RenderTableCell {TD} at (296,325) size 8x13 [bgcolor=#A5A6A6] [r=25 c=39 rs=1 cs=1]
              RenderInline {FONT} at (0,0) size 3x13
                RenderText {#text} at (0,0) size 3x13
                  text run at (0,0) width 3: " "
            RenderTableCell {TD} at (304,325) size 8x13 [bgcolor=#A5A6A6] [r=25 c=40 rs=1 cs=1]
              RenderInline {FONT} at (0,0) size 3x13
                RenderText {#text} at (0,0) size 3x13
                  text run at (0,0) width 3: " "
            RenderTableCell {TD} at (312,325) size 8x13 [bgcolor=#A5A6A6] [r=25 c=41 rs=1 cs=1]
              RenderInline {FONT} at (0,0) size 3x13
                RenderText {#text} at (0,0) size 3x13
                  text run at (0,0) width 3: " "
            RenderTableCell {TD} at (320,325) size 8x13 [bgcolor=#A5A6A6] [r=25 c=42 rs=1 cs=1]
              RenderInline {FONT} at (0,0) size 3x13
                RenderText {#text} at (0,0) size 3x13
                  text run at (0,0) width 3: " "
            RenderTableCell {TD} at (328,325) size 8x13 [bgcolor=#A5A6A6] [r=25 c=43 rs=1 cs=1]
              RenderInline {FONT} at (0,0) size 3x13
                RenderText {#text} at (0,0) size 3x13
                  text run at (0,0) width 3: " "
            RenderTableCell {TD} at (336,325) size 8x13 [bgcolor=#A5A6A6] [r=25 c=44 rs=1 cs=1]
              RenderInline {FONT} at (0,0) size 3x13
                RenderText {#text} at (0,0) size 3x13
                  text run at (0,0) width 3: " "
            RenderTableCell {TD} at (344,325) size 8x13 [bgcolor=#A5A6A6] [r=25 c=45 rs=1 cs=1]
              RenderInline {FONT} at (0,0) size 3x13
                RenderText {#text} at (0,0) size 3x13
                  text run at (0,0) width 3: " "
            RenderTableCell {TD} at (352,325) size 8x13 [bgcolor=#A5A6A6] [r=25 c=46 rs=1 cs=1]
              RenderInline {FONT} at (0,0) size 3x13
                RenderText {#text} at (0,0) size 3x13
                  text run at (0,0) width 3: " "
            RenderTableCell {TD} at (360,325) size 8x13 [bgcolor=#A5A6A6] [r=25 c=47 rs=1 cs=1]
              RenderInline {FONT} at (0,0) size 3x13
                RenderText {#text} at (0,0) size 3x13
                  text run at (0,0) width 3: " "
            RenderTableCell {TD} at (368,325) size 8x13 [bgcolor=#A5A6A6] [r=25 c=48 rs=1 cs=1]
              RenderInline {FONT} at (0,0) size 3x13
                RenderText {#text} at (0,0) size 3x13
                  text run at (0,0) width 3: " "
            RenderTableCell {TD} at (376,325) size 8x13 [bgcolor=#A5A6A6] [r=25 c=49 rs=1 cs=1]
              RenderInline {FONT} at (0,0) size 3x13
                RenderText {#text} at (0,0) size 3x13
                  text run at (0,0) width 3: " "
            RenderTableCell {TD} at (384,325) size 8x13 [bgcolor=#A5A6A6] [r=25 c=50 rs=1 cs=1]
              RenderInline {FONT} at (0,0) size 3x13
                RenderText {#text} at (0,0) size 3x13
                  text run at (0,0) width 3: " "
            RenderTableCell {TD} at (392,325) size 8x13 [bgcolor=#A5A6A6] [r=25 c=51 rs=1 cs=1]
              RenderInline {FONT} at (0,0) size 3x13
                RenderText {#text} at (0,0) size 3x13
                  text run at (0,0) width 3: " "
            RenderTableCell {TD} at (400,325) size 8x13 [bgcolor=#B4B4B4] [r=25 c=52 rs=1 cs=1]
              RenderInline {FONT} at (0,0) size 3x13
                RenderText {#text} at (0,0) size 3x13
                  text run at (0,0) width 3: " "
            RenderTableCell {TD} at (408,325) size 8x13 [bgcolor=#CECFCF] [r=25 c=53 rs=1 cs=1]
              RenderInline {FONT} at (0,0) size 3x13
                RenderText {#text} at (0,0) size 3x13
                  text run at (0,0) width 3: " "
            RenderTableCell {TD} at (416,325) size 8x13 [bgcolor=#EDEEEF] [r=25 c=54 rs=1 cs=1]
              RenderInline {FONT} at (0,0) size 3x13
                RenderText {#text} at (0,0) size 3x13
                  text run at (0,0) width 3: " "
            RenderTableCell {TD} at (424,325) size 8x13 [bgcolor=#FDFDFB] [r=25 c=55 rs=1 cs=1]
              RenderInline {FONT} at (0,0) size 3x13
                RenderText {#text} at (0,0) size 3x13
                  text run at (0,0) width 3: " "
            RenderTableCell {TD} at (432,325) size 8x13 [bgcolor=#FDFDFB] [r=25 c=56 rs=1 cs=1]
              RenderInline {FONT} at (0,0) size 3x13
                RenderText {#text} at (0,0) size 3x13
                  text run at (0,0) width 3: " "
            RenderTableCell {TD} at (440,325) size 8x13 [bgcolor=#FDFDFB] [r=25 c=57 rs=1 cs=1]
              RenderInline {FONT} at (0,0) size 3x13
                RenderText {#text} at (0,0) size 3x13
                  text run at (0,0) width 3: " "
            RenderTableCell {TD} at (448,325) size 8x13 [bgcolor=#FDFDFB] [r=25 c=58 rs=1 cs=1]
              RenderInline {FONT} at (0,0) size 3x13
                RenderText {#text} at (0,0) size 3x13
                  text run at (0,0) width 3: " "
            RenderTableCell {TD} at (456,325) size 8x13 [bgcolor=#FDFDFB] [r=25 c=59 rs=1 cs=1]
              RenderInline {FONT} at (0,0) size 3x13
                RenderText {#text} at (0,0) size 3x13
                  text run at (0,0) width 3: " "
            RenderTableCell {TD} at (464,325) size 8x13 [bgcolor=#FDFDFB] [r=25 c=60 rs=1 cs=1]
              RenderInline {FONT} at (0,0) size 3x13
                RenderText {#text} at (0,0) size 3x13
                  text run at (0,0) width 3: " "
            RenderTableCell {TD} at (472,325) size 8x13 [bgcolor=#FDFDFB] [r=25 c=61 rs=1 cs=1]
              RenderInline {FONT} at (0,0) size 3x13
                RenderText {#text} at (0,0) size 3x13
                  text run at (0,0) width 3: " "
            RenderTableCell {TD} at (480,325) size 8x13 [bgcolor=#FDFDFB] [r=25 c=62 rs=1 cs=1]
              RenderInline {FONT} at (0,0) size 3x13
                RenderText {#text} at (0,0) size 3x13
                  text run at (0,0) width 3: " "
            RenderTableCell {TD} at (488,325) size 8x13 [bgcolor=#FDFDFB] [r=25 c=63 rs=1 cs=1]
              RenderInline {FONT} at (0,0) size 3x13
                RenderText {#text} at (0,0) size 3x13
                  text run at (0,0) width 3: " "
            RenderTableCell {TD} at (496,325) size 8x13 [bgcolor=#FDFDFB] [r=25 c=64 rs=1 cs=1]
              RenderInline {FONT} at (0,0) size 3x13
                RenderText {#text} at (0,0) size 3x13
                  text run at (0,0) width 3: " "
            RenderTableCell {TD} at (504,325) size 8x13 [bgcolor=#EDEEEF] [r=25 c=65 rs=1 cs=1]
              RenderInline {FONT} at (0,0) size 3x13
                RenderText {#text} at (0,0) size 3x13
                  text run at (0,0) width 3: " "
            RenderTableCell {TD} at (512,325) size 8x13 [bgcolor=#DEDFDF] [r=25 c=66 rs=1 cs=1]
              RenderInline {FONT} at (0,0) size 3x13
                RenderText {#text} at (0,0) size 3x13
                  text run at (0,0) width 3: " "
            RenderTableCell {TD} at (520,325) size 8x13 [bgcolor=#CECFCF] [r=25 c=67 rs=1 cs=1]
              RenderInline {FONT} at (0,0) size 3x13
                RenderText {#text} at (0,0) size 3x13
                  text run at (0,0) width 3: " "
            RenderTableCell {TD} at (528,325) size 8x13 [bgcolor=#B4B4B4] [r=25 c=68 rs=1 cs=1]
              RenderInline {FONT} at (0,0) size 3x13
                RenderText {#text} at (0,0) size 3x13
                  text run at (0,0) width 3: " "
            RenderTableCell {TD} at (536,325) size 8x13 [bgcolor=#91A3A3] [r=25 c=69 rs=1 cs=1]
              RenderInline {FONT} at (0,0) size 3x13
                RenderText {#text} at (0,0) size 3x13
                  text run at (0,0) width 3: " "
            RenderTableCell {TD} at (544,325) size 8x13 [bgcolor=#848788] [r=25 c=70 rs=1 cs=1]
              RenderInline {FONT} at (0,0) size 3x13
                RenderText {#text} at (0,0) size 3x13
                  text run at (0,0) width 3: " "
            RenderTableCell {TD} at (552,325) size 8x13 [bgcolor=#777878] [r=25 c=71 rs=1 cs=1]
              RenderInline {FONT} at (0,0) size 3x13
                RenderText {#text} at (0,0) size 3x13
                  text run at (0,0) width 3: " "
            RenderTableCell {TD} at (560,325) size 8x13 [bgcolor=#526B6B] [r=25 c=72 rs=1 cs=1]
              RenderInline {FONT} at (0,0) size 3x13
                RenderText {#text} at (0,0) size 3x13
                  text run at (0,0) width 3: " "
            RenderTableCell {TD} at (568,325) size 8x13 [bgcolor=#425A5A] [r=25 c=73 rs=1 cs=1]
              RenderInline {FONT} at (0,0) size 3x13
                RenderText {#text} at (0,0) size 3x13
                  text run at (0,0) width 3: " "
            RenderTableCell {TD} at (576,325) size 8x13 [bgcolor=#425A5A] [r=25 c=74 rs=1 cs=1]
              RenderInline {FONT} at (0,0) size 3x13
                RenderText {#text} at (0,0) size 3x13
                  text run at (0,0) width 3: " "
            RenderTableCell {TD} at (584,325) size 8x13 [bgcolor=#305D5D] [r=25 c=75 rs=1 cs=1]
              RenderInline {FONT} at (0,0) size 3x13
                RenderText {#text} at (0,0) size 3x13
                  text run at (0,0) width 3: " "
            RenderTableCell {TD} at (592,325) size 8x13 [bgcolor=#305D5D] [r=25 c=76 rs=1 cs=1]
              RenderInline {FONT} at (0,0) size 3x13
                RenderText {#text} at (0,0) size 3x13
                  text run at (0,0) width 3: " "
            RenderTableCell {TD} at (600,325) size 8x13 [bgcolor=#305D5D] [r=25 c=77 rs=1 cs=1]
              RenderInline {FONT} at (0,0) size 3x13
                RenderText {#text} at (0,0) size 3x13
                  text run at (0,0) width 3: " "
            RenderTableCell {TD} at (608,325) size 8x13 [bgcolor=#026766] [r=25 c=78 rs=1 cs=1]
              RenderInline {FONT} at (0,0) size 3x13
                RenderText {#text} at (0,0) size 3x13
                  text run at (0,0) width 3: " "
            RenderTableCell {TD} at (616,325) size 8x13 [bgcolor=#026766] [r=25 c=79 rs=1 cs=1]
              RenderInline {FONT} at (0,0) size 3x13
                RenderText {#text} at (0,0) size 3x13
                  text run at (0,0) width 3: " "
            RenderTableCell {TD} at (624,325) size 8x13 [bgcolor=#026766] [r=25 c=80 rs=1 cs=1]
              RenderInline {FONT} at (0,0) size 3x13
                RenderText {#text} at (0,0) size 3x13
                  text run at (0,0) width 3: " "
            RenderTableCell {TD} at (632,325) size 8x13 [bgcolor=#026766] [r=25 c=81 rs=1 cs=1]
              RenderInline {FONT} at (0,0) size 3x13
                RenderText {#text} at (0,0) size 3x13
                  text run at (0,0) width 3: " "
            RenderTableCell {TD} at (640,325) size 8x13 [bgcolor=#026766] [r=25 c=82 rs=1 cs=1]
              RenderInline {FONT} at (0,0) size 3x13
                RenderText {#text} at (0,0) size 3x13
                  text run at (0,0) width 3: " "
            RenderTableCell {TD} at (648,325) size 8x13 [bgcolor=#026766] [r=25 c=83 rs=1 cs=1]
              RenderInline {FONT} at (0,0) size 3x13
                RenderText {#text} at (0,0) size 3x13
                  text run at (0,0) width 3: " "
            RenderTableCell {TD} at (656,325) size 8x13 [bgcolor=#026766] [r=25 c=84 rs=1 cs=1]
              RenderInline {FONT} at (0,0) size 3x13
                RenderText {#text} at (0,0) size 3x13
                  text run at (0,0) width 3: " "
            RenderTableCell {TD} at (664,325) size 8x13 [bgcolor=#026766] [r=25 c=85 rs=1 cs=1]
              RenderInline {FONT} at (0,0) size 3x13
                RenderText {#text} at (0,0) size 3x13
                  text run at (0,0) width 3: " "
            RenderTableCell {TD} at (672,325) size 8x13 [bgcolor=#026766] [r=25 c=86 rs=1 cs=1]
              RenderInline {FONT} at (0,0) size 3x13
                RenderText {#text} at (0,0) size 3x13
                  text run at (0,0) width 3: " "
            RenderTableCell {TD} at (680,325) size 8x13 [bgcolor=#026766] [r=25 c=87 rs=1 cs=1]
              RenderInline {FONT} at (0,0) size 3x13
                RenderText {#text} at (0,0) size 3x13
                  text run at (0,0) width 3: " "
            RenderTableCell {TD} at (688,325) size 8x13 [bgcolor=#026766] [r=25 c=88 rs=1 cs=1]
              RenderInline {FONT} at (0,0) size 3x13
                RenderText {#text} at (0,0) size 3x13
                  text run at (0,0) width 3: " "
            RenderTableCell {TD} at (696,325) size 8x13 [bgcolor=#026766] [r=25 c=89 rs=1 cs=1]
              RenderInline {FONT} at (0,0) size 3x13
                RenderText {#text} at (0,0) size 3x13
                  text run at (0,0) width 3: " "
            RenderTableCell {TD} at (704,325) size 8x13 [bgcolor=#025E5E] [r=25 c=90 rs=1 cs=1]
              RenderInline {FONT} at (0,0) size 3x13
                RenderText {#text} at (0,0) size 3x13
                  text run at (0,0) width 3: " "
            RenderTableCell {TD} at (712,325) size 8x13 [bgcolor=#025E5E] [r=25 c=91 rs=1 cs=1]
              RenderInline {FONT} at (0,0) size 3x13
                RenderText {#text} at (0,0) size 3x13
                  text run at (0,0) width 3: " "
            RenderTableCell {TD} at (720,325) size 8x13 [bgcolor=#044140] [r=25 c=92 rs=1 cs=1]
              RenderInline {FONT} at (0,0) size 3x13
                RenderText {#text} at (0,0) size 3x13
                  text run at (0,0) width 3: " "
            RenderTableCell {TD} at (728,325) size 8x13 [bgcolor=#083131] [r=25 c=93 rs=1 cs=1]
              RenderInline {FONT} at (0,0) size 3x13
                RenderText {#text} at (0,0) size 3x13
                  text run at (0,0) width 3: " "
            RenderTableCell {TD} at (736,325) size 8x13 [bgcolor=#5E5F60] [r=25 c=94 rs=1 cs=1]
              RenderInline {FONT} at (0,0) size 3x13
                RenderText {#text} at (0,0) size 3x13
                  text run at (0,0) width 3: " "
            RenderTableCell {TD} at (744,325) size 8x13 [bgcolor=#A5A6A6] [r=25 c=95 rs=1 cs=1]
              RenderInline {FONT} at (0,0) size 3x13
                RenderText {#text} at (0,0) size 3x13
                  text run at (0,0) width 3: " "
            RenderTableCell {TD} at (752,325) size 8x13 [bgcolor=#DEDFDF] [r=25 c=96 rs=1 cs=1]
              RenderInline {FONT} at (0,0) size 3x13
                RenderText {#text} at (0,0) size 3x13
                  text run at (0,0) width 3: " "
            RenderTableCell {TD} at (760,325) size 8x13 [bgcolor=#FDFDFB] [r=25 c=97 rs=1 cs=1]
              RenderInline {FONT} at (0,0) size 3x13
                RenderText {#text} at (0,0) size 3x13
                  text run at (0,0) width 3: " "
            RenderTableCell {TD} at (768,325) size 8x13 [bgcolor=#FDFDFB] [r=25 c=98 rs=1 cs=1]
              RenderInline {FONT} at (0,0) size 3x13
                RenderText {#text} at (0,0) size 3x13
                  text run at (0,0) width 3: " "
            RenderTableCell {TD} at (776,325) size 8x13 [bgcolor=#FDFDFB] [r=25 c=99 rs=1 cs=1]
              RenderInline {FONT} at (0,0) size 3x13
                RenderText {#text} at (0,0) size 3x13
                  text run at (0,0) width 3: " "
          RenderTableRow {TR} at (0,338) size 784x13
            RenderTableCell {TD} at (0,338) size 7x13 [bgcolor=#FDFDFB] [r=26 c=0 rs=1 cs=1]
              RenderInline {FONT} at (0,0) size 3x13
                RenderText {#text} at (0,0) size 3x13
                  text run at (0,0) width 3: " "
            RenderTableCell {TD} at (7,338) size 7x13 [bgcolor=#FDFDFB] [r=26 c=1 rs=1 cs=1]
              RenderInline {FONT} at (0,0) size 3x13
                RenderText {#text} at (0,0) size 3x13
                  text run at (0,0) width 3: " "
            RenderTableCell {TD} at (14,338) size 7x13 [bgcolor=#FDFDFB] [r=26 c=2 rs=1 cs=1]
              RenderInline {FONT} at (0,0) size 3x13
                RenderText {#text} at (0,0) size 3x13
                  text run at (0,0) width 3: " "
            RenderTableCell {TD} at (21,338) size 7x13 [bgcolor=#FDFDFB] [r=26 c=3 rs=1 cs=1]
              RenderInline {FONT} at (0,0) size 3x13
                RenderText {#text} at (0,0) size 3x13
                  text run at (0,0) width 3: " "
            RenderTableCell {TD} at (28,338) size 7x13 [bgcolor=#FDFDFB] [r=26 c=4 rs=1 cs=1]
              RenderInline {FONT} at (0,0) size 3x13
                RenderText {#text} at (0,0) size 3x13
                  text run at (0,0) width 3: " "
            RenderTableCell {TD} at (35,338) size 7x13 [bgcolor=#FDFDFB] [r=26 c=5 rs=1 cs=1]
              RenderInline {FONT} at (0,0) size 3x13
                RenderText {#text} at (0,0) size 3x13
                  text run at (0,0) width 3: " "
            RenderTableCell {TD} at (42,338) size 7x13 [bgcolor=#FDFDFB] [r=26 c=6 rs=1 cs=1]
              RenderInline {FONT} at (0,0) size 3x13
                RenderText {#text} at (0,0) size 3x13
                  text run at (0,0) width 3: " "
            RenderTableCell {TD} at (49,338) size 7x13 [bgcolor=#FDFDFB] [r=26 c=7 rs=1 cs=1]
              RenderInline {FONT} at (0,0) size 3x13
                RenderText {#text} at (0,0) size 3x13
                  text run at (0,0) width 3: " "
            RenderTableCell {TD} at (56,338) size 7x13 [bgcolor=#FDFDFB] [r=26 c=8 rs=1 cs=1]
              RenderInline {FONT} at (0,0) size 3x13
                RenderText {#text} at (0,0) size 3x13
                  text run at (0,0) width 3: " "
            RenderTableCell {TD} at (63,338) size 7x13 [bgcolor=#FDFDFB] [r=26 c=9 rs=1 cs=1]
              RenderInline {FONT} at (0,0) size 3x13
                RenderText {#text} at (0,0) size 3x13
                  text run at (0,0) width 3: " "
            RenderTableCell {TD} at (70,338) size 7x13 [bgcolor=#EDEEEF] [r=26 c=10 rs=1 cs=1]
              RenderInline {FONT} at (0,0) size 3x13
                RenderText {#text} at (0,0) size 3x13
                  text run at (0,0) width 3: " "
            RenderTableCell {TD} at (77,338) size 7x13 [bgcolor=#EDEEEF] [r=26 c=11 rs=1 cs=1]
              RenderInline {FONT} at (0,0) size 3x13
                RenderText {#text} at (0,0) size 3x13
                  text run at (0,0) width 3: " "
            RenderTableCell {TD} at (84,338) size 7x13 [bgcolor=#DEDFDF] [r=26 c=12 rs=1 cs=1]
              RenderInline {FONT} at (0,0) size 3x13
                RenderText {#text} at (0,0) size 3x13
                  text run at (0,0) width 3: " "
            RenderTableCell {TD} at (91,338) size 7x13 [bgcolor=#CECFCF] [r=26 c=13 rs=1 cs=1]
              RenderInline {FONT} at (0,0) size 3x13
                RenderText {#text} at (0,0) size 3x13
                  text run at (0,0) width 3: " "
            RenderTableCell {TD} at (98,338) size 7x13 [bgcolor=#CECFCF] [r=26 c=14 rs=1 cs=1]
              RenderInline {FONT} at (0,0) size 3x13
                RenderText {#text} at (0,0) size 3x13
                  text run at (0,0) width 3: " "
            RenderTableCell {TD} at (105,338) size 7x13 [bgcolor=#BEC2C2] [r=26 c=15 rs=1 cs=1]
              RenderInline {FONT} at (0,0) size 3x13
                RenderText {#text} at (0,0) size 3x13
                  text run at (0,0) width 3: " "
            RenderTableCell {TD} at (112,338) size 8x13 [bgcolor=#BEC2C2] [r=26 c=16 rs=1 cs=1]
              RenderInline {FONT} at (0,0) size 3x13
                RenderText {#text} at (0,0) size 3x13
                  text run at (0,0) width 3: " "
            RenderTableCell {TD} at (120,338) size 8x13 [bgcolor=#BEC2C2] [r=26 c=17 rs=1 cs=1]
              RenderInline {FONT} at (0,0) size 3x13
                RenderText {#text} at (0,0) size 3x13
                  text run at (0,0) width 3: " "
            RenderTableCell {TD} at (128,338) size 8x13 [bgcolor=#BEC2C2] [r=26 c=18 rs=1 cs=1]
              RenderInline {FONT} at (0,0) size 3x13
                RenderText {#text} at (0,0) size 3x13
                  text run at (0,0) width 3: " "
            RenderTableCell {TD} at (136,338) size 8x13 [bgcolor=#BEC2C2] [r=26 c=19 rs=1 cs=1]
              RenderInline {FONT} at (0,0) size 3x13
                RenderText {#text} at (0,0) size 3x13
                  text run at (0,0) width 3: " "
            RenderTableCell {TD} at (144,338) size 8x13 [bgcolor=#BEC2C2] [r=26 c=20 rs=1 cs=1]
              RenderInline {FONT} at (0,0) size 3x13
                RenderText {#text} at (0,0) size 3x13
                  text run at (0,0) width 3: " "
            RenderTableCell {TD} at (152,338) size 8x13 [bgcolor=#CECFCF] [r=26 c=21 rs=1 cs=1]
              RenderInline {FONT} at (0,0) size 3x13
                RenderText {#text} at (0,0) size 3x13
                  text run at (0,0) width 3: " "
            RenderTableCell {TD} at (160,338) size 8x13 [bgcolor=#CECFCF] [r=26 c=22 rs=1 cs=1]
              RenderInline {FONT} at (0,0) size 3x13
                RenderText {#text} at (0,0) size 3x13
                  text run at (0,0) width 3: " "
            RenderTableCell {TD} at (168,338) size 8x13 [bgcolor=#DEDFDF] [r=26 c=23 rs=1 cs=1]
              RenderInline {FONT} at (0,0) size 3x13
                RenderText {#text} at (0,0) size 3x13
                  text run at (0,0) width 3: " "
            RenderTableCell {TD} at (176,338) size 8x13 [bgcolor=#E0EAE9] [r=26 c=24 rs=1 cs=1]
              RenderInline {FONT} at (0,0) size 3x13
                RenderText {#text} at (0,0) size 3x13
                  text run at (0,0) width 3: " "
            RenderTableCell {TD} at (184,338) size 8x13 [bgcolor=#EDEEEF] [r=26 c=25 rs=1 cs=1]
              RenderInline {FONT} at (0,0) size 3x13
                RenderText {#text} at (0,0) size 3x13
                  text run at (0,0) width 3: " "
            RenderTableCell {TD} at (192,338) size 8x13 [bgcolor=#FDFDFB] [r=26 c=26 rs=1 cs=1]
              RenderInline {FONT} at (0,0) size 3x13
                RenderText {#text} at (0,0) size 3x13
                  text run at (0,0) width 3: " "
            RenderTableCell {TD} at (200,338) size 8x13 [bgcolor=#FDFDFB] [r=26 c=27 rs=1 cs=1]
              RenderInline {FONT} at (0,0) size 3x13
                RenderText {#text} at (0,0) size 3x13
                  text run at (0,0) width 3: " "
            RenderTableCell {TD} at (208,338) size 8x13 [bgcolor=#FDFDFB] [r=26 c=28 rs=1 cs=1]
              RenderInline {FONT} at (0,0) size 3x13
                RenderText {#text} at (0,0) size 3x13
                  text run at (0,0) width 3: " "
            RenderTableCell {TD} at (216,338) size 8x13 [bgcolor=#FDFDFB] [r=26 c=29 rs=1 cs=1]
              RenderInline {FONT} at (0,0) size 3x13
                RenderText {#text} at (0,0) size 3x13
                  text run at (0,0) width 3: " "
            RenderTableCell {TD} at (224,338) size 8x13 [bgcolor=#FDFDFB] [r=26 c=30 rs=1 cs=1]
              RenderInline {FONT} at (0,0) size 3x13
                RenderText {#text} at (0,0) size 3x13
                  text run at (0,0) width 3: " "
            RenderTableCell {TD} at (232,338) size 8x13 [bgcolor=#FDFDFB] [r=26 c=31 rs=1 cs=1]
              RenderInline {FONT} at (0,0) size 3x13
                RenderText {#text} at (0,0) size 3x13
                  text run at (0,0) width 3: " "
            RenderTableCell {TD} at (240,338) size 8x13 [bgcolor=#FDFDFB] [r=26 c=32 rs=1 cs=1]
              RenderInline {FONT} at (0,0) size 3x13
                RenderText {#text} at (0,0) size 3x13
                  text run at (0,0) width 3: " "
            RenderTableCell {TD} at (248,338) size 8x13 [bgcolor=#FDFDFB] [r=26 c=33 rs=1 cs=1]
              RenderInline {FONT} at (0,0) size 3x13
                RenderText {#text} at (0,0) size 3x13
                  text run at (0,0) width 3: " "
            RenderTableCell {TD} at (256,338) size 8x13 [bgcolor=#FDFDFB] [r=26 c=34 rs=1 cs=1]
              RenderInline {FONT} at (0,0) size 3x13
                RenderText {#text} at (0,0) size 3x13
                  text run at (0,0) width 3: " "
            RenderTableCell {TD} at (264,338) size 8x13 [bgcolor=#FDFDFB] [r=26 c=35 rs=1 cs=1]
              RenderInline {FONT} at (0,0) size 3x13
                RenderText {#text} at (0,0) size 3x13
                  text run at (0,0) width 3: " "
            RenderTableCell {TD} at (272,338) size 8x13 [bgcolor=#FDFDFB] [r=26 c=36 rs=1 cs=1]
              RenderInline {FONT} at (0,0) size 3x13
                RenderText {#text} at (0,0) size 3x13
                  text run at (0,0) width 3: " "
            RenderTableCell {TD} at (280,338) size 8x13 [bgcolor=#EDEEEF] [r=26 c=37 rs=1 cs=1]
              RenderInline {FONT} at (0,0) size 3x13
                RenderText {#text} at (0,0) size 3x13
                  text run at (0,0) width 3: " "
            RenderTableCell {TD} at (288,338) size 8x13 [bgcolor=#DEDFDF] [r=26 c=38 rs=1 cs=1]
              RenderInline {FONT} at (0,0) size 3x13
                RenderText {#text} at (0,0) size 3x13
                  text run at (0,0) width 3: " "
            RenderTableCell {TD} at (296,338) size 8x13 [bgcolor=#DEDFDF] [r=26 c=39 rs=1 cs=1]
              RenderInline {FONT} at (0,0) size 3x13
                RenderText {#text} at (0,0) size 3x13
                  text run at (0,0) width 3: " "
            RenderTableCell {TD} at (304,338) size 8x13 [bgcolor=#DEDFDF] [r=26 c=40 rs=1 cs=1]
              RenderInline {FONT} at (0,0) size 3x13
                RenderText {#text} at (0,0) size 3x13
                  text run at (0,0) width 3: " "
            RenderTableCell {TD} at (312,338) size 8x13 [bgcolor=#DEDFDF] [r=26 c=41 rs=1 cs=1]
              RenderInline {FONT} at (0,0) size 3x13
                RenderText {#text} at (0,0) size 3x13
                  text run at (0,0) width 3: " "
            RenderTableCell {TD} at (320,338) size 8x13 [bgcolor=#DEDFDF] [r=26 c=42 rs=1 cs=1]
              RenderInline {FONT} at (0,0) size 3x13
                RenderText {#text} at (0,0) size 3x13
                  text run at (0,0) width 3: " "
            RenderTableCell {TD} at (328,338) size 8x13 [bgcolor=#DEDFDF] [r=26 c=43 rs=1 cs=1]
              RenderInline {FONT} at (0,0) size 3x13
                RenderText {#text} at (0,0) size 3x13
                  text run at (0,0) width 3: " "
            RenderTableCell {TD} at (336,338) size 8x13 [bgcolor=#DEDFDF] [r=26 c=44 rs=1 cs=1]
              RenderInline {FONT} at (0,0) size 3x13
                RenderText {#text} at (0,0) size 3x13
                  text run at (0,0) width 3: " "
            RenderTableCell {TD} at (344,338) size 8x13 [bgcolor=#DEDFDF] [r=26 c=45 rs=1 cs=1]
              RenderInline {FONT} at (0,0) size 3x13
                RenderText {#text} at (0,0) size 3x13
                  text run at (0,0) width 3: " "
            RenderTableCell {TD} at (352,338) size 8x13 [bgcolor=#DEDFDF] [r=26 c=46 rs=1 cs=1]
              RenderInline {FONT} at (0,0) size 3x13
                RenderText {#text} at (0,0) size 3x13
                  text run at (0,0) width 3: " "
            RenderTableCell {TD} at (360,338) size 8x13 [bgcolor=#DEDFDF] [r=26 c=47 rs=1 cs=1]
              RenderInline {FONT} at (0,0) size 3x13
                RenderText {#text} at (0,0) size 3x13
                  text run at (0,0) width 3: " "
            RenderTableCell {TD} at (368,338) size 8x13 [bgcolor=#DEDFDF] [r=26 c=48 rs=1 cs=1]
              RenderInline {FONT} at (0,0) size 3x13
                RenderText {#text} at (0,0) size 3x13
                  text run at (0,0) width 3: " "
            RenderTableCell {TD} at (376,338) size 8x13 [bgcolor=#DEDFDF] [r=26 c=49 rs=1 cs=1]
              RenderInline {FONT} at (0,0) size 3x13
                RenderText {#text} at (0,0) size 3x13
                  text run at (0,0) width 3: " "
            RenderTableCell {TD} at (384,338) size 8x13 [bgcolor=#DEDFDF] [r=26 c=50 rs=1 cs=1]
              RenderInline {FONT} at (0,0) size 3x13
                RenderText {#text} at (0,0) size 3x13
                  text run at (0,0) width 3: " "
            RenderTableCell {TD} at (392,338) size 8x13 [bgcolor=#DEDFDF] [r=26 c=51 rs=1 cs=1]
              RenderInline {FONT} at (0,0) size 3x13
                RenderText {#text} at (0,0) size 3x13
                  text run at (0,0) width 3: " "
            RenderTableCell {TD} at (400,338) size 8x13 [bgcolor=#DEDFDF] [r=26 c=52 rs=1 cs=1]
              RenderInline {FONT} at (0,0) size 3x13
                RenderText {#text} at (0,0) size 3x13
                  text run at (0,0) width 3: " "
            RenderTableCell {TD} at (408,338) size 8x13 [bgcolor=#EDEEEF] [r=26 c=53 rs=1 cs=1]
              RenderInline {FONT} at (0,0) size 3x13
                RenderText {#text} at (0,0) size 3x13
                  text run at (0,0) width 3: " "
            RenderTableCell {TD} at (416,338) size 8x13 [bgcolor=#FDFDFB] [r=26 c=54 rs=1 cs=1]
              RenderInline {FONT} at (0,0) size 3x13
                RenderText {#text} at (0,0) size 3x13
                  text run at (0,0) width 3: " "
            RenderTableCell {TD} at (424,338) size 8x13 [bgcolor=#FDFDFB] [r=26 c=55 rs=1 cs=1]
              RenderInline {FONT} at (0,0) size 3x13
                RenderText {#text} at (0,0) size 3x13
                  text run at (0,0) width 3: " "
            RenderTableCell {TD} at (432,338) size 8x13 [bgcolor=#FDFDFB] [r=26 c=56 rs=1 cs=1]
              RenderInline {FONT} at (0,0) size 3x13
                RenderText {#text} at (0,0) size 3x13
                  text run at (0,0) width 3: " "
            RenderTableCell {TD} at (440,338) size 8x13 [bgcolor=#FDFDFB] [r=26 c=57 rs=1 cs=1]
              RenderInline {FONT} at (0,0) size 3x13
                RenderText {#text} at (0,0) size 3x13
                  text run at (0,0) width 3: " "
            RenderTableCell {TD} at (448,338) size 8x13 [bgcolor=#FDFDFB] [r=26 c=58 rs=1 cs=1]
              RenderInline {FONT} at (0,0) size 3x13
                RenderText {#text} at (0,0) size 3x13
                  text run at (0,0) width 3: " "
            RenderTableCell {TD} at (456,338) size 8x13 [bgcolor=#FDFDFB] [r=26 c=59 rs=1 cs=1]
              RenderInline {FONT} at (0,0) size 3x13
                RenderText {#text} at (0,0) size 3x13
                  text run at (0,0) width 3: " "
            RenderTableCell {TD} at (464,338) size 8x13 [bgcolor=#FDFDFB] [r=26 c=60 rs=1 cs=1]
              RenderInline {FONT} at (0,0) size 3x13
                RenderText {#text} at (0,0) size 3x13
                  text run at (0,0) width 3: " "
            RenderTableCell {TD} at (472,338) size 8x13 [bgcolor=#FDFDFB] [r=26 c=61 rs=1 cs=1]
              RenderInline {FONT} at (0,0) size 3x13
                RenderText {#text} at (0,0) size 3x13
                  text run at (0,0) width 3: " "
            RenderTableCell {TD} at (480,338) size 8x13 [bgcolor=#FDFDFB] [r=26 c=62 rs=1 cs=1]
              RenderInline {FONT} at (0,0) size 3x13
                RenderText {#text} at (0,0) size 3x13
                  text run at (0,0) width 3: " "
            RenderTableCell {TD} at (488,338) size 8x13 [bgcolor=#FDFDFB] [r=26 c=63 rs=1 cs=1]
              RenderInline {FONT} at (0,0) size 3x13
                RenderText {#text} at (0,0) size 3x13
                  text run at (0,0) width 3: " "
            RenderTableCell {TD} at (496,338) size 8x13 [bgcolor=#FDFDFB] [r=26 c=64 rs=1 cs=1]
              RenderInline {FONT} at (0,0) size 3x13
                RenderText {#text} at (0,0) size 3x13
                  text run at (0,0) width 3: " "
            RenderTableCell {TD} at (504,338) size 8x13 [bgcolor=#FDFDFB] [r=26 c=65 rs=1 cs=1]
              RenderInline {FONT} at (0,0) size 3x13
                RenderText {#text} at (0,0) size 3x13
                  text run at (0,0) width 3: " "
            RenderTableCell {TD} at (512,338) size 8x13 [bgcolor=#FDFDFB] [r=26 c=66 rs=1 cs=1]
              RenderInline {FONT} at (0,0) size 3x13
                RenderText {#text} at (0,0) size 3x13
                  text run at (0,0) width 3: " "
            RenderTableCell {TD} at (520,338) size 8x13 [bgcolor=#EDEEEF] [r=26 c=67 rs=1 cs=1]
              RenderInline {FONT} at (0,0) size 3x13
                RenderText {#text} at (0,0) size 3x13
                  text run at (0,0) width 3: " "
            RenderTableCell {TD} at (528,338) size 8x13 [bgcolor=#DEDFDF] [r=26 c=68 rs=1 cs=1]
              RenderInline {FONT} at (0,0) size 3x13
                RenderText {#text} at (0,0) size 3x13
                  text run at (0,0) width 3: " "
            RenderTableCell {TD} at (536,338) size 8x13 [bgcolor=#CECFCF] [r=26 c=69 rs=1 cs=1]
              RenderInline {FONT} at (0,0) size 3x13
                RenderText {#text} at (0,0) size 3x13
                  text run at (0,0) width 3: " "
            RenderTableCell {TD} at (544,338) size 8x13 [bgcolor=#BEC2C2] [r=26 c=70 rs=1 cs=1]
              RenderInline {FONT} at (0,0) size 3x13
                RenderText {#text} at (0,0) size 3x13
                  text run at (0,0) width 3: " "
            RenderTableCell {TD} at (552,338) size 8x13 [bgcolor=#B4B4B4] [r=26 c=71 rs=1 cs=1]
              RenderInline {FONT} at (0,0) size 3x13
                RenderText {#text} at (0,0) size 3x13
                  text run at (0,0) width 3: " "
            RenderTableCell {TD} at (560,338) size 8x13 [bgcolor=#B4B4B4] [r=26 c=72 rs=1 cs=1]
              RenderInline {FONT} at (0,0) size 3x13
                RenderText {#text} at (0,0) size 3x13
                  text run at (0,0) width 3: " "
            RenderTableCell {TD} at (568,338) size 8x13 [bgcolor=#A5A6A6] [r=26 c=73 rs=1 cs=1]
              RenderInline {FONT} at (0,0) size 3x13
                RenderText {#text} at (0,0) size 3x13
                  text run at (0,0) width 3: " "
            RenderTableCell {TD} at (576,338) size 8x13 [bgcolor=#91A3A3] [r=26 c=74 rs=1 cs=1]
              RenderInline {FONT} at (0,0) size 3x13
                RenderText {#text} at (0,0) size 3x13
                  text run at (0,0) width 3: " "
            RenderTableCell {TD} at (584,338) size 8x13 [bgcolor=#939494] [r=26 c=75 rs=1 cs=1]
              RenderInline {FONT} at (0,0) size 3x13
                RenderText {#text} at (0,0) size 3x13
                  text run at (0,0) width 3: " "
            RenderTableCell {TD} at (592,338) size 8x13 [bgcolor=#939494] [r=26 c=76 rs=1 cs=1]
              RenderInline {FONT} at (0,0) size 3x13
                RenderText {#text} at (0,0) size 3x13
                  text run at (0,0) width 3: " "
            RenderTableCell {TD} at (600,338) size 8x13 [bgcolor=#5A8787] [r=26 c=77 rs=1 cs=1]
              RenderInline {FONT} at (0,0) size 3x13
                RenderText {#text} at (0,0) size 3x13
                  text run at (0,0) width 3: " "
            RenderTableCell {TD} at (608,338) size 8x13 [bgcolor=#027777] [r=26 c=78 rs=1 cs=1]
              RenderInline {FONT} at (0,0) size 3x13
                RenderText {#text} at (0,0) size 3x13
                  text run at (0,0) width 3: " "
            RenderTableCell {TD} at (616,338) size 8x13 [bgcolor=#026766] [r=26 c=79 rs=1 cs=1]
              RenderInline {FONT} at (0,0) size 3x13
                RenderText {#text} at (0,0) size 3x13
                  text run at (0,0) width 3: " "
            RenderTableCell {TD} at (624,338) size 8x13 [bgcolor=#026766] [r=26 c=80 rs=1 cs=1]
              RenderInline {FONT} at (0,0) size 3x13
                RenderText {#text} at (0,0) size 3x13
                  text run at (0,0) width 3: " "
            RenderTableCell {TD} at (632,338) size 8x13 [bgcolor=#026766] [r=26 c=81 rs=1 cs=1]
              RenderInline {FONT} at (0,0) size 3x13
                RenderText {#text} at (0,0) size 3x13
                  text run at (0,0) width 3: " "
            RenderTableCell {TD} at (640,338) size 8x13 [bgcolor=#026766] [r=26 c=82 rs=1 cs=1]
              RenderInline {FONT} at (0,0) size 3x13
                RenderText {#text} at (0,0) size 3x13
                  text run at (0,0) width 3: " "
            RenderTableCell {TD} at (648,338) size 8x13 [bgcolor=#026766] [r=26 c=83 rs=1 cs=1]
              RenderInline {FONT} at (0,0) size 3x13
                RenderText {#text} at (0,0) size 3x13
                  text run at (0,0) width 3: " "
            RenderTableCell {TD} at (656,338) size 8x13 [bgcolor=#026766] [r=26 c=84 rs=1 cs=1]
              RenderInline {FONT} at (0,0) size 3x13
                RenderText {#text} at (0,0) size 3x13
                  text run at (0,0) width 3: " "
            RenderTableCell {TD} at (664,338) size 8x13 [bgcolor=#026766] [r=26 c=85 rs=1 cs=1]
              RenderInline {FONT} at (0,0) size 3x13
                RenderText {#text} at (0,0) size 3x13
                  text run at (0,0) width 3: " "
            RenderTableCell {TD} at (672,338) size 8x13 [bgcolor=#026766] [r=26 c=86 rs=1 cs=1]
              RenderInline {FONT} at (0,0) size 3x13
                RenderText {#text} at (0,0) size 3x13
                  text run at (0,0) width 3: " "
            RenderTableCell {TD} at (680,338) size 8x13 [bgcolor=#026766] [r=26 c=87 rs=1 cs=1]
              RenderInline {FONT} at (0,0) size 3x13
                RenderText {#text} at (0,0) size 3x13
                  text run at (0,0) width 3: " "
            RenderTableCell {TD} at (688,338) size 8x13 [bgcolor=#026766] [r=26 c=88 rs=1 cs=1]
              RenderInline {FONT} at (0,0) size 3x13
                RenderText {#text} at (0,0) size 3x13
                  text run at (0,0) width 3: " "
            RenderTableCell {TD} at (696,338) size 8x13 [bgcolor=#025E5E] [r=26 c=89 rs=1 cs=1]
              RenderInline {FONT} at (0,0) size 3x13
                RenderText {#text} at (0,0) size 3x13
                  text run at (0,0) width 3: " "
            RenderTableCell {TD} at (704,338) size 8x13 [bgcolor=#025E5E] [r=26 c=90 rs=1 cs=1]
              RenderInline {FONT} at (0,0) size 3x13
                RenderText {#text} at (0,0) size 3x13
                  text run at (0,0) width 3: " "
            RenderTableCell {TD} at (712,338) size 8x13 [bgcolor=#044F4F] [r=26 c=91 rs=1 cs=1]
              RenderInline {FONT} at (0,0) size 3x13
                RenderText {#text} at (0,0) size 3x13
                  text run at (0,0) width 3: " "
            RenderTableCell {TD} at (720,338) size 8x13 [bgcolor=#044140] [r=26 c=92 rs=1 cs=1]
              RenderInline {FONT} at (0,0) size 3x13
                RenderText {#text} at (0,0) size 3x13
                  text run at (0,0) width 3: " "
            RenderTableCell {TD} at (728,338) size 8x13 [bgcolor=#083131] [r=26 c=93 rs=1 cs=1]
              RenderInline {FONT} at (0,0) size 3x13
                RenderText {#text} at (0,0) size 3x13
                  text run at (0,0) width 3: " "
            RenderTableCell {TD} at (736,338) size 8x13 [bgcolor=#777878] [r=26 c=94 rs=1 cs=1]
              RenderInline {FONT} at (0,0) size 3x13
                RenderText {#text} at (0,0) size 3x13
                  text run at (0,0) width 3: " "
            RenderTableCell {TD} at (744,338) size 8x13 [bgcolor=#B4B4B4] [r=26 c=95 rs=1 cs=1]
              RenderInline {FONT} at (0,0) size 3x13
                RenderText {#text} at (0,0) size 3x13
                  text run at (0,0) width 3: " "
            RenderTableCell {TD} at (752,338) size 8x13 [bgcolor=#DEDFDF] [r=26 c=96 rs=1 cs=1]
              RenderInline {FONT} at (0,0) size 3x13
                RenderText {#text} at (0,0) size 3x13
                  text run at (0,0) width 3: " "
            RenderTableCell {TD} at (760,338) size 8x13 [bgcolor=#FDFDFB] [r=26 c=97 rs=1 cs=1]
              RenderInline {FONT} at (0,0) size 3x13
                RenderText {#text} at (0,0) size 3x13
                  text run at (0,0) width 3: " "
            RenderTableCell {TD} at (768,338) size 8x13 [bgcolor=#FDFDFB] [r=26 c=98 rs=1 cs=1]
              RenderInline {FONT} at (0,0) size 3x13
                RenderText {#text} at (0,0) size 3x13
                  text run at (0,0) width 3: " "
            RenderTableCell {TD} at (776,338) size 8x13 [bgcolor=#FDFDFB] [r=26 c=99 rs=1 cs=1]
              RenderInline {FONT} at (0,0) size 3x13
                RenderText {#text} at (0,0) size 3x13
                  text run at (0,0) width 3: " "
          RenderTableRow {TR} at (0,351) size 784x13
            RenderTableCell {TD} at (0,351) size 7x13 [bgcolor=#FDFDFB] [r=27 c=0 rs=1 cs=1]
              RenderInline {FONT} at (0,0) size 3x13
                RenderText {#text} at (0,0) size 3x13
                  text run at (0,0) width 3: " "
            RenderTableCell {TD} at (7,351) size 7x13 [bgcolor=#FDFDFB] [r=27 c=1 rs=1 cs=1]
              RenderInline {FONT} at (0,0) size 3x13
                RenderText {#text} at (0,0) size 3x13
                  text run at (0,0) width 3: " "
            RenderTableCell {TD} at (14,351) size 7x13 [bgcolor=#FDFDFB] [r=27 c=2 rs=1 cs=1]
              RenderInline {FONT} at (0,0) size 3x13
                RenderText {#text} at (0,0) size 3x13
                  text run at (0,0) width 3: " "
            RenderTableCell {TD} at (21,351) size 7x13 [bgcolor=#FDFDFB] [r=27 c=3 rs=1 cs=1]
              RenderInline {FONT} at (0,0) size 3x13
                RenderText {#text} at (0,0) size 3x13
                  text run at (0,0) width 3: " "
            RenderTableCell {TD} at (28,351) size 7x13 [bgcolor=#FDFDFB] [r=27 c=4 rs=1 cs=1]
              RenderInline {FONT} at (0,0) size 3x13
                RenderText {#text} at (0,0) size 3x13
                  text run at (0,0) width 3: " "
            RenderTableCell {TD} at (35,351) size 7x13 [bgcolor=#FDFDFB] [r=27 c=5 rs=1 cs=1]
              RenderInline {FONT} at (0,0) size 3x13
                RenderText {#text} at (0,0) size 3x13
                  text run at (0,0) width 3: " "
            RenderTableCell {TD} at (42,351) size 7x13 [bgcolor=#FDFDFB] [r=27 c=6 rs=1 cs=1]
              RenderInline {FONT} at (0,0) size 3x13
                RenderText {#text} at (0,0) size 3x13
                  text run at (0,0) width 3: " "
            RenderTableCell {TD} at (49,351) size 7x13 [bgcolor=#FDFDFB] [r=27 c=7 rs=1 cs=1]
              RenderInline {FONT} at (0,0) size 3x13
                RenderText {#text} at (0,0) size 3x13
                  text run at (0,0) width 3: " "
            RenderTableCell {TD} at (56,351) size 7x13 [bgcolor=#FDFDFB] [r=27 c=8 rs=1 cs=1]
              RenderInline {FONT} at (0,0) size 3x13
                RenderText {#text} at (0,0) size 3x13
                  text run at (0,0) width 3: " "
            RenderTableCell {TD} at (63,351) size 7x13 [bgcolor=#FDFDFB] [r=27 c=9 rs=1 cs=1]
              RenderInline {FONT} at (0,0) size 3x13
                RenderText {#text} at (0,0) size 3x13
                  text run at (0,0) width 3: " "
            RenderTableCell {TD} at (70,351) size 7x13 [bgcolor=#FDFDFB] [r=27 c=10 rs=1 cs=1]
              RenderInline {FONT} at (0,0) size 3x13
                RenderText {#text} at (0,0) size 3x13
                  text run at (0,0) width 3: " "
            RenderTableCell {TD} at (77,351) size 7x13 [bgcolor=#FDFDFB] [r=27 c=11 rs=1 cs=1]
              RenderInline {FONT} at (0,0) size 3x13
                RenderText {#text} at (0,0) size 3x13
                  text run at (0,0) width 3: " "
            RenderTableCell {TD} at (84,351) size 7x13 [bgcolor=#FDFDFB] [r=27 c=12 rs=1 cs=1]
              RenderInline {FONT} at (0,0) size 3x13
                RenderText {#text} at (0,0) size 3x13
                  text run at (0,0) width 3: " "
            RenderTableCell {TD} at (91,351) size 7x13 [bgcolor=#EDEEEF] [r=27 c=13 rs=1 cs=1]
              RenderInline {FONT} at (0,0) size 3x13
                RenderText {#text} at (0,0) size 3x13
                  text run at (0,0) width 3: " "
            RenderTableCell {TD} at (98,351) size 7x13 [bgcolor=#EDEEEF] [r=27 c=14 rs=1 cs=1]
              RenderInline {FONT} at (0,0) size 3x13
                RenderText {#text} at (0,0) size 3x13
                  text run at (0,0) width 3: " "
            RenderTableCell {TD} at (105,351) size 7x13 [bgcolor=#EDEEEF] [r=27 c=15 rs=1 cs=1]
              RenderInline {FONT} at (0,0) size 3x13
                RenderText {#text} at (0,0) size 3x13
                  text run at (0,0) width 3: " "
            RenderTableCell {TD} at (112,351) size 8x13 [bgcolor=#EDEEEF] [r=27 c=16 rs=1 cs=1]
              RenderInline {FONT} at (0,0) size 3x13
                RenderText {#text} at (0,0) size 3x13
                  text run at (0,0) width 3: " "
            RenderTableCell {TD} at (120,351) size 8x13 [bgcolor=#EDEEEF] [r=27 c=17 rs=1 cs=1]
              RenderInline {FONT} at (0,0) size 3x13
                RenderText {#text} at (0,0) size 3x13
                  text run at (0,0) width 3: " "
            RenderTableCell {TD} at (128,351) size 8x13 [bgcolor=#EDEEEF] [r=27 c=18 rs=1 cs=1]
              RenderInline {FONT} at (0,0) size 3x13
                RenderText {#text} at (0,0) size 3x13
                  text run at (0,0) width 3: " "
            RenderTableCell {TD} at (136,351) size 8x13 [bgcolor=#EDEEEF] [r=27 c=19 rs=1 cs=1]
              RenderInline {FONT} at (0,0) size 3x13
                RenderText {#text} at (0,0) size 3x13
                  text run at (0,0) width 3: " "
            RenderTableCell {TD} at (144,351) size 8x13 [bgcolor=#EDEEEF] [r=27 c=20 rs=1 cs=1]
              RenderInline {FONT} at (0,0) size 3x13
                RenderText {#text} at (0,0) size 3x13
                  text run at (0,0) width 3: " "
            RenderTableCell {TD} at (152,351) size 8x13 [bgcolor=#EDEEEF] [r=27 c=21 rs=1 cs=1]
              RenderInline {FONT} at (0,0) size 3x13
                RenderText {#text} at (0,0) size 3x13
                  text run at (0,0) width 3: " "
            RenderTableCell {TD} at (160,351) size 8x13 [bgcolor=#EDEEEF] [r=27 c=22 rs=1 cs=1]
              RenderInline {FONT} at (0,0) size 3x13
                RenderText {#text} at (0,0) size 3x13
                  text run at (0,0) width 3: " "
            RenderTableCell {TD} at (168,351) size 8x13 [bgcolor=#FDFDFB] [r=27 c=23 rs=1 cs=1]
              RenderInline {FONT} at (0,0) size 3x13
                RenderText {#text} at (0,0) size 3x13
                  text run at (0,0) width 3: " "
            RenderTableCell {TD} at (176,351) size 8x13 [bgcolor=#FDFDFB] [r=27 c=24 rs=1 cs=1]
              RenderInline {FONT} at (0,0) size 3x13
                RenderText {#text} at (0,0) size 3x13
                  text run at (0,0) width 3: " "
            RenderTableCell {TD} at (184,351) size 8x13 [bgcolor=#FDFDFB] [r=27 c=25 rs=1 cs=1]
              RenderInline {FONT} at (0,0) size 3x13
                RenderText {#text} at (0,0) size 3x13
                  text run at (0,0) width 3: " "
            RenderTableCell {TD} at (192,351) size 8x13 [bgcolor=#FDFDFB] [r=27 c=26 rs=1 cs=1]
              RenderInline {FONT} at (0,0) size 3x13
                RenderText {#text} at (0,0) size 3x13
                  text run at (0,0) width 3: " "
            RenderTableCell {TD} at (200,351) size 8x13 [bgcolor=#FDFDFB] [r=27 c=27 rs=1 cs=1]
              RenderInline {FONT} at (0,0) size 3x13
                RenderText {#text} at (0,0) size 3x13
                  text run at (0,0) width 3: " "
            RenderTableCell {TD} at (208,351) size 8x13 [bgcolor=#FDFDFB] [r=27 c=28 rs=1 cs=1]
              RenderInline {FONT} at (0,0) size 3x13
                RenderText {#text} at (0,0) size 3x13
                  text run at (0,0) width 3: " "
            RenderTableCell {TD} at (216,351) size 8x13 [bgcolor=#FDFDFB] [r=27 c=29 rs=1 cs=1]
              RenderInline {FONT} at (0,0) size 3x13
                RenderText {#text} at (0,0) size 3x13
                  text run at (0,0) width 3: " "
            RenderTableCell {TD} at (224,351) size 8x13 [bgcolor=#FDFDFB] [r=27 c=30 rs=1 cs=1]
              RenderInline {FONT} at (0,0) size 3x13
                RenderText {#text} at (0,0) size 3x13
                  text run at (0,0) width 3: " "
            RenderTableCell {TD} at (232,351) size 8x13 [bgcolor=#FDFDFB] [r=27 c=31 rs=1 cs=1]
              RenderInline {FONT} at (0,0) size 3x13
                RenderText {#text} at (0,0) size 3x13
                  text run at (0,0) width 3: " "
            RenderTableCell {TD} at (240,351) size 8x13 [bgcolor=#FDFDFB] [r=27 c=32 rs=1 cs=1]
              RenderInline {FONT} at (0,0) size 3x13
                RenderText {#text} at (0,0) size 3x13
                  text run at (0,0) width 3: " "
            RenderTableCell {TD} at (248,351) size 8x13 [bgcolor=#FDFDFB] [r=27 c=33 rs=1 cs=1]
              RenderInline {FONT} at (0,0) size 3x13
                RenderText {#text} at (0,0) size 3x13
                  text run at (0,0) width 3: " "
            RenderTableCell {TD} at (256,351) size 8x13 [bgcolor=#FDFDFB] [r=27 c=34 rs=1 cs=1]
              RenderInline {FONT} at (0,0) size 3x13
                RenderText {#text} at (0,0) size 3x13
                  text run at (0,0) width 3: " "
            RenderTableCell {TD} at (264,351) size 8x13 [bgcolor=#FDFDFB] [r=27 c=35 rs=1 cs=1]
              RenderInline {FONT} at (0,0) size 3x13
                RenderText {#text} at (0,0) size 3x13
                  text run at (0,0) width 3: " "
            RenderTableCell {TD} at (272,351) size 8x13 [bgcolor=#FDFDFB] [r=27 c=36 rs=1 cs=1]
              RenderInline {FONT} at (0,0) size 3x13
                RenderText {#text} at (0,0) size 3x13
                  text run at (0,0) width 3: " "
            RenderTableCell {TD} at (280,351) size 8x13 [bgcolor=#FDFDFB] [r=27 c=37 rs=1 cs=1]
              RenderInline {FONT} at (0,0) size 3x13
                RenderText {#text} at (0,0) size 3x13
                  text run at (0,0) width 3: " "
            RenderTableCell {TD} at (288,351) size 8x13 [bgcolor=#FDFDFB] [r=27 c=38 rs=1 cs=1]
              RenderInline {FONT} at (0,0) size 3x13
                RenderText {#text} at (0,0) size 3x13
                  text run at (0,0) width 3: " "
            RenderTableCell {TD} at (296,351) size 8x13 [bgcolor=#FDFDFB] [r=27 c=39 rs=1 cs=1]
              RenderInline {FONT} at (0,0) size 3x13
                RenderText {#text} at (0,0) size 3x13
                  text run at (0,0) width 3: " "
            RenderTableCell {TD} at (304,351) size 8x13 [bgcolor=#FDFDFB] [r=27 c=40 rs=1 cs=1]
              RenderInline {FONT} at (0,0) size 3x13
                RenderText {#text} at (0,0) size 3x13
                  text run at (0,0) width 3: " "
            RenderTableCell {TD} at (312,351) size 8x13 [bgcolor=#FDFDFB] [r=27 c=41 rs=1 cs=1]
              RenderInline {FONT} at (0,0) size 3x13
                RenderText {#text} at (0,0) size 3x13
                  text run at (0,0) width 3: " "
            RenderTableCell {TD} at (320,351) size 8x13 [bgcolor=#FDFDFB] [r=27 c=42 rs=1 cs=1]
              RenderInline {FONT} at (0,0) size 3x13
                RenderText {#text} at (0,0) size 3x13
                  text run at (0,0) width 3: " "
            RenderTableCell {TD} at (328,351) size 8x13 [bgcolor=#FDFDFB] [r=27 c=43 rs=1 cs=1]
              RenderInline {FONT} at (0,0) size 3x13
                RenderText {#text} at (0,0) size 3x13
                  text run at (0,0) width 3: " "
            RenderTableCell {TD} at (336,351) size 8x13 [bgcolor=#FDFDFB] [r=27 c=44 rs=1 cs=1]
              RenderInline {FONT} at (0,0) size 3x13
                RenderText {#text} at (0,0) size 3x13
                  text run at (0,0) width 3: " "
            RenderTableCell {TD} at (344,351) size 8x13 [bgcolor=#FDFDFB] [r=27 c=45 rs=1 cs=1]
              RenderInline {FONT} at (0,0) size 3x13
                RenderText {#text} at (0,0) size 3x13
                  text run at (0,0) width 3: " "
            RenderTableCell {TD} at (352,351) size 8x13 [bgcolor=#FDFDFB] [r=27 c=46 rs=1 cs=1]
              RenderInline {FONT} at (0,0) size 3x13
                RenderText {#text} at (0,0) size 3x13
                  text run at (0,0) width 3: " "
            RenderTableCell {TD} at (360,351) size 8x13 [bgcolor=#FDFDFB] [r=27 c=47 rs=1 cs=1]
              RenderInline {FONT} at (0,0) size 3x13
                RenderText {#text} at (0,0) size 3x13
                  text run at (0,0) width 3: " "
            RenderTableCell {TD} at (368,351) size 8x13 [bgcolor=#FDFDFB] [r=27 c=48 rs=1 cs=1]
              RenderInline {FONT} at (0,0) size 3x13
                RenderText {#text} at (0,0) size 3x13
                  text run at (0,0) width 3: " "
            RenderTableCell {TD} at (376,351) size 8x13 [bgcolor=#FDFDFB] [r=27 c=49 rs=1 cs=1]
              RenderInline {FONT} at (0,0) size 3x13
                RenderText {#text} at (0,0) size 3x13
                  text run at (0,0) width 3: " "
            RenderTableCell {TD} at (384,351) size 8x13 [bgcolor=#FDFDFB] [r=27 c=50 rs=1 cs=1]
              RenderInline {FONT} at (0,0) size 3x13
                RenderText {#text} at (0,0) size 3x13
                  text run at (0,0) width 3: " "
            RenderTableCell {TD} at (392,351) size 8x13 [bgcolor=#FDFDFB] [r=27 c=51 rs=1 cs=1]
              RenderInline {FONT} at (0,0) size 3x13
                RenderText {#text} at (0,0) size 3x13
                  text run at (0,0) width 3: " "
            RenderTableCell {TD} at (400,351) size 8x13 [bgcolor=#FDFDFB] [r=27 c=52 rs=1 cs=1]
              RenderInline {FONT} at (0,0) size 3x13
                RenderText {#text} at (0,0) size 3x13
                  text run at (0,0) width 3: " "
            RenderTableCell {TD} at (408,351) size 8x13 [bgcolor=#FDFDFB] [r=27 c=53 rs=1 cs=1]
              RenderInline {FONT} at (0,0) size 3x13
                RenderText {#text} at (0,0) size 3x13
                  text run at (0,0) width 3: " "
            RenderTableCell {TD} at (416,351) size 8x13 [bgcolor=#FDFDFB] [r=27 c=54 rs=1 cs=1]
              RenderInline {FONT} at (0,0) size 3x13
                RenderText {#text} at (0,0) size 3x13
                  text run at (0,0) width 3: " "
            RenderTableCell {TD} at (424,351) size 8x13 [bgcolor=#FDFDFB] [r=27 c=55 rs=1 cs=1]
              RenderInline {FONT} at (0,0) size 3x13
                RenderText {#text} at (0,0) size 3x13
                  text run at (0,0) width 3: " "
            RenderTableCell {TD} at (432,351) size 8x13 [bgcolor=#FDFDFB] [r=27 c=56 rs=1 cs=1]
              RenderInline {FONT} at (0,0) size 3x13
                RenderText {#text} at (0,0) size 3x13
                  text run at (0,0) width 3: " "
            RenderTableCell {TD} at (440,351) size 8x13 [bgcolor=#FDFDFB] [r=27 c=57 rs=1 cs=1]
              RenderInline {FONT} at (0,0) size 3x13
                RenderText {#text} at (0,0) size 3x13
                  text run at (0,0) width 3: " "
            RenderTableCell {TD} at (448,351) size 8x13 [bgcolor=#FDFDFB] [r=27 c=58 rs=1 cs=1]
              RenderInline {FONT} at (0,0) size 3x13
                RenderText {#text} at (0,0) size 3x13
                  text run at (0,0) width 3: " "
            RenderTableCell {TD} at (456,351) size 8x13 [bgcolor=#FDFDFB] [r=27 c=59 rs=1 cs=1]
              RenderInline {FONT} at (0,0) size 3x13
                RenderText {#text} at (0,0) size 3x13
                  text run at (0,0) width 3: " "
            RenderTableCell {TD} at (464,351) size 8x13 [bgcolor=#FDFDFB] [r=27 c=60 rs=1 cs=1]
              RenderInline {FONT} at (0,0) size 3x13
                RenderText {#text} at (0,0) size 3x13
                  text run at (0,0) width 3: " "
            RenderTableCell {TD} at (472,351) size 8x13 [bgcolor=#FDFDFB] [r=27 c=61 rs=1 cs=1]
              RenderInline {FONT} at (0,0) size 3x13
                RenderText {#text} at (0,0) size 3x13
                  text run at (0,0) width 3: " "
            RenderTableCell {TD} at (480,351) size 8x13 [bgcolor=#FDFDFB] [r=27 c=62 rs=1 cs=1]
              RenderInline {FONT} at (0,0) size 3x13
                RenderText {#text} at (0,0) size 3x13
                  text run at (0,0) width 3: " "
            RenderTableCell {TD} at (488,351) size 8x13 [bgcolor=#FDFDFB] [r=27 c=63 rs=1 cs=1]
              RenderInline {FONT} at (0,0) size 3x13
                RenderText {#text} at (0,0) size 3x13
                  text run at (0,0) width 3: " "
            RenderTableCell {TD} at (496,351) size 8x13 [bgcolor=#FDFDFB] [r=27 c=64 rs=1 cs=1]
              RenderInline {FONT} at (0,0) size 3x13
                RenderText {#text} at (0,0) size 3x13
                  text run at (0,0) width 3: " "
            RenderTableCell {TD} at (504,351) size 8x13 [bgcolor=#B6D8D7] [r=27 c=65 rs=1 cs=1]
              RenderInline {FONT} at (0,0) size 3x13
                RenderText {#text} at (0,0) size 3x13
                  text run at (0,0) width 3: " "
            RenderTableCell {TD} at (512,351) size 8x13 [bgcolor=#5CADAE] [r=27 c=66 rs=1 cs=1]
              RenderInline {FONT} at (0,0) size 3x13
                RenderText {#text} at (0,0) size 3x13
                  text run at (0,0) width 3: " "
            RenderTableCell {TD} at (520,351) size 8x13 [bgcolor=#7DBAB9] [r=27 c=67 rs=1 cs=1]
              RenderInline {FONT} at (0,0) size 3x13
                RenderText {#text} at (0,0) size 3x13
                  text run at (0,0) width 3: " "
            RenderTableCell {TD} at (528,351) size 8x13 [bgcolor=#97C1C0] [r=27 c=68 rs=1 cs=1]
              RenderInline {FONT} at (0,0) size 3x13
                RenderText {#text} at (0,0) size 3x13
                  text run at (0,0) width 3: " "
            RenderTableCell {TD} at (536,351) size 8x13 [bgcolor=#A4CCCC] [r=27 c=69 rs=1 cs=1]
              RenderInline {FONT} at (0,0) size 3x13
                RenderText {#text} at (0,0) size 3x13
                  text run at (0,0) width 3: " "
            RenderTableCell {TD} at (544,351) size 8x13 [bgcolor=#B6D0D1] [r=27 c=70 rs=1 cs=1]
              RenderInline {FONT} at (0,0) size 3x13
                RenderText {#text} at (0,0) size 3x13
                  text run at (0,0) width 3: " "
            RenderTableCell {TD} at (552,351) size 8x13 [bgcolor=#B6D0D1] [r=27 c=71 rs=1 cs=1]
              RenderInline {FONT} at (0,0) size 3x13
                RenderText {#text} at (0,0) size 3x13
                  text run at (0,0) width 3: " "
            RenderTableCell {TD} at (560,351) size 8x13 [bgcolor=#B6D0D1] [r=27 c=72 rs=1 cs=1]
              RenderInline {FONT} at (0,0) size 3x13
                RenderText {#text} at (0,0) size 3x13
                  text run at (0,0) width 3: " "
            RenderTableCell {TD} at (568,351) size 8x13 [bgcolor=#B6D0D1] [r=27 c=73 rs=1 cs=1]
              RenderInline {FONT} at (0,0) size 3x13
                RenderText {#text} at (0,0) size 3x13
                  text run at (0,0) width 3: " "
            RenderTableCell {TD} at (576,351) size 8x13 [bgcolor=#BEC2C2] [r=27 c=74 rs=1 cs=1]
              RenderInline {FONT} at (0,0) size 3x13
                RenderText {#text} at (0,0) size 3x13
                  text run at (0,0) width 3: " "
            RenderTableCell {TD} at (584,351) size 8x13 [bgcolor=#A2B5B4] [r=27 c=75 rs=1 cs=1]
              RenderInline {FONT} at (0,0) size 3x13
                RenderText {#text} at (0,0) size 3x13
                  text run at (0,0) width 3: " "
            RenderTableCell {TD} at (592,351) size 8x13 [bgcolor=#60A2A3] [r=27 c=76 rs=1 cs=1]
              RenderInline {FONT} at (0,0) size 3x13
                RenderText {#text} at (0,0) size 3x13
                  text run at (0,0) width 3: " "
            RenderTableCell {TD} at (600,351) size 8x13 [bgcolor=#1B8685] [r=27 c=77 rs=1 cs=1]
              RenderInline {FONT} at (0,0) size 3x13
                RenderText {#text} at (0,0) size 3x13
                  text run at (0,0) width 3: " "
            RenderTableCell {TD} at (608,351) size 8x13 [bgcolor=#027777] [r=27 c=78 rs=1 cs=1]
              RenderInline {FONT} at (0,0) size 3x13
                RenderText {#text} at (0,0) size 3x13
                  text run at (0,0) width 3: " "
            RenderTableCell {TD} at (616,351) size 8x13 [bgcolor=#026766] [r=27 c=79 rs=1 cs=1]
              RenderInline {FONT} at (0,0) size 3x13
                RenderText {#text} at (0,0) size 3x13
                  text run at (0,0) width 3: " "
            RenderTableCell {TD} at (624,351) size 8x13 [bgcolor=#026766] [r=27 c=80 rs=1 cs=1]
              RenderInline {FONT} at (0,0) size 3x13
                RenderText {#text} at (0,0) size 3x13
                  text run at (0,0) width 3: " "
            RenderTableCell {TD} at (632,351) size 8x13 [bgcolor=#026766] [r=27 c=81 rs=1 cs=1]
              RenderInline {FONT} at (0,0) size 3x13
                RenderText {#text} at (0,0) size 3x13
                  text run at (0,0) width 3: " "
            RenderTableCell {TD} at (640,351) size 8x13 [bgcolor=#026766] [r=27 c=82 rs=1 cs=1]
              RenderInline {FONT} at (0,0) size 3x13
                RenderText {#text} at (0,0) size 3x13
                  text run at (0,0) width 3: " "
            RenderTableCell {TD} at (648,351) size 8x13 [bgcolor=#026766] [r=27 c=83 rs=1 cs=1]
              RenderInline {FONT} at (0,0) size 3x13
                RenderText {#text} at (0,0) size 3x13
                  text run at (0,0) width 3: " "
            RenderTableCell {TD} at (656,351) size 8x13 [bgcolor=#026766] [r=27 c=84 rs=1 cs=1]
              RenderInline {FONT} at (0,0) size 3x13
                RenderText {#text} at (0,0) size 3x13
                  text run at (0,0) width 3: " "
            RenderTableCell {TD} at (664,351) size 8x13 [bgcolor=#026766] [r=27 c=85 rs=1 cs=1]
              RenderInline {FONT} at (0,0) size 3x13
                RenderText {#text} at (0,0) size 3x13
                  text run at (0,0) width 3: " "
            RenderTableCell {TD} at (672,351) size 8x13 [bgcolor=#025E5E] [r=27 c=86 rs=1 cs=1]
              RenderInline {FONT} at (0,0) size 3x13
                RenderText {#text} at (0,0) size 3x13
                  text run at (0,0) width 3: " "
            RenderTableCell {TD} at (680,351) size 8x13 [bgcolor=#025E5E] [r=27 c=87 rs=1 cs=1]
              RenderInline {FONT} at (0,0) size 3x13
                RenderText {#text} at (0,0) size 3x13
                  text run at (0,0) width 3: " "
            RenderTableCell {TD} at (688,351) size 8x13 [bgcolor=#025E5E] [r=27 c=88 rs=1 cs=1]
              RenderInline {FONT} at (0,0) size 3x13
                RenderText {#text} at (0,0) size 3x13
                  text run at (0,0) width 3: " "
            RenderTableCell {TD} at (696,351) size 8x13 [bgcolor=#025E5E] [r=27 c=89 rs=1 cs=1]
              RenderInline {FONT} at (0,0) size 3x13
                RenderText {#text} at (0,0) size 3x13
                  text run at (0,0) width 3: " "
            RenderTableCell {TD} at (704,351) size 8x13 [bgcolor=#044F4F] [r=27 c=90 rs=1 cs=1]
              RenderInline {FONT} at (0,0) size 3x13
                RenderText {#text} at (0,0) size 3x13
                  text run at (0,0) width 3: " "
            RenderTableCell {TD} at (712,351) size 8x13 [bgcolor=#044140] [r=27 c=91 rs=1 cs=1]
              RenderInline {FONT} at (0,0) size 3x13
                RenderText {#text} at (0,0) size 3x13
                  text run at (0,0) width 3: " "
            RenderTableCell {TD} at (720,351) size 8x13 [bgcolor=#072323] [r=27 c=92 rs=1 cs=1]
              RenderInline {FONT} at (0,0) size 3x13
                RenderText {#text} at (0,0) size 3x13
                  text run at (0,0) width 3: " "
            RenderTableCell {TD} at (728,351) size 8x13 [bgcolor=#4D4F4F] [r=27 c=93 rs=1 cs=1]
              RenderInline {FONT} at (0,0) size 3x13
                RenderText {#text} at (0,0) size 3x13
                  text run at (0,0) width 3: " "
            RenderTableCell {TD} at (736,351) size 8x13 [bgcolor=#848788] [r=27 c=94 rs=1 cs=1]
              RenderInline {FONT} at (0,0) size 3x13
                RenderText {#text} at (0,0) size 3x13
                  text run at (0,0) width 3: " "
            RenderTableCell {TD} at (744,351) size 8x13 [bgcolor=#BEC2C2] [r=27 c=95 rs=1 cs=1]
              RenderInline {FONT} at (0,0) size 3x13
                RenderText {#text} at (0,0) size 3x13
                  text run at (0,0) width 3: " "
            RenderTableCell {TD} at (752,351) size 8x13 [bgcolor=#EDEEEF] [r=27 c=96 rs=1 cs=1]
              RenderInline {FONT} at (0,0) size 3x13
                RenderText {#text} at (0,0) size 3x13
                  text run at (0,0) width 3: " "
            RenderTableCell {TD} at (760,351) size 8x13 [bgcolor=#FDFDFB] [r=27 c=97 rs=1 cs=1]
              RenderInline {FONT} at (0,0) size 3x13
                RenderText {#text} at (0,0) size 3x13
                  text run at (0,0) width 3: " "
            RenderTableCell {TD} at (768,351) size 8x13 [bgcolor=#FDFDFB] [r=27 c=98 rs=1 cs=1]
              RenderInline {FONT} at (0,0) size 3x13
                RenderText {#text} at (0,0) size 3x13
                  text run at (0,0) width 3: " "
            RenderTableCell {TD} at (776,351) size 8x13 [bgcolor=#FDFDFB] [r=27 c=99 rs=1 cs=1]
              RenderInline {FONT} at (0,0) size 3x13
                RenderText {#text} at (0,0) size 3x13
                  text run at (0,0) width 3: " "
          RenderTableRow {TR} at (0,364) size 784x13
            RenderTableCell {TD} at (0,364) size 7x13 [bgcolor=#FDFDFB] [r=28 c=0 rs=1 cs=1]
              RenderInline {FONT} at (0,0) size 3x13
                RenderText {#text} at (0,0) size 3x13
                  text run at (0,0) width 3: " "
            RenderTableCell {TD} at (7,364) size 7x13 [bgcolor=#FDFDFB] [r=28 c=1 rs=1 cs=1]
              RenderInline {FONT} at (0,0) size 3x13
                RenderText {#text} at (0,0) size 3x13
                  text run at (0,0) width 3: " "
            RenderTableCell {TD} at (14,364) size 7x13 [bgcolor=#FDFDFB] [r=28 c=2 rs=1 cs=1]
              RenderInline {FONT} at (0,0) size 3x13
                RenderText {#text} at (0,0) size 3x13
                  text run at (0,0) width 3: " "
            RenderTableCell {TD} at (21,364) size 7x13 [bgcolor=#FDFDFB] [r=28 c=3 rs=1 cs=1]
              RenderInline {FONT} at (0,0) size 3x13
                RenderText {#text} at (0,0) size 3x13
                  text run at (0,0) width 3: " "
            RenderTableCell {TD} at (28,364) size 7x13 [bgcolor=#FDFDFB] [r=28 c=4 rs=1 cs=1]
              RenderInline {FONT} at (0,0) size 3x13
                RenderText {#text} at (0,0) size 3x13
                  text run at (0,0) width 3: " "
            RenderTableCell {TD} at (35,364) size 7x13 [bgcolor=#FDFDFB] [r=28 c=5 rs=1 cs=1]
              RenderInline {FONT} at (0,0) size 3x13
                RenderText {#text} at (0,0) size 3x13
                  text run at (0,0) width 3: " "
            RenderTableCell {TD} at (42,364) size 7x13 [bgcolor=#FDFDFB] [r=28 c=6 rs=1 cs=1]
              RenderInline {FONT} at (0,0) size 3x13
                RenderText {#text} at (0,0) size 3x13
                  text run at (0,0) width 3: " "
            RenderTableCell {TD} at (49,364) size 7x13 [bgcolor=#FDFDFB] [r=28 c=7 rs=1 cs=1]
              RenderInline {FONT} at (0,0) size 3x13
                RenderText {#text} at (0,0) size 3x13
                  text run at (0,0) width 3: " "
            RenderTableCell {TD} at (56,364) size 7x13 [bgcolor=#FDFDFB] [r=28 c=8 rs=1 cs=1]
              RenderInline {FONT} at (0,0) size 3x13
                RenderText {#text} at (0,0) size 3x13
                  text run at (0,0) width 3: " "
            RenderTableCell {TD} at (63,364) size 7x13 [bgcolor=#FDFDFB] [r=28 c=9 rs=1 cs=1]
              RenderInline {FONT} at (0,0) size 3x13
                RenderText {#text} at (0,0) size 3x13
                  text run at (0,0) width 3: " "
            RenderTableCell {TD} at (70,364) size 7x13 [bgcolor=#FDFDFB] [r=28 c=10 rs=1 cs=1]
              RenderInline {FONT} at (0,0) size 3x13
                RenderText {#text} at (0,0) size 3x13
                  text run at (0,0) width 3: " "
            RenderTableCell {TD} at (77,364) size 7x13 [bgcolor=#FDFDFB] [r=28 c=11 rs=1 cs=1]
              RenderInline {FONT} at (0,0) size 3x13
                RenderText {#text} at (0,0) size 3x13
                  text run at (0,0) width 3: " "
            RenderTableCell {TD} at (84,364) size 7x13 [bgcolor=#FDFDFB] [r=28 c=12 rs=1 cs=1]
              RenderInline {FONT} at (0,0) size 3x13
                RenderText {#text} at (0,0) size 3x13
                  text run at (0,0) width 3: " "
            RenderTableCell {TD} at (91,364) size 7x13 [bgcolor=#FDFDFB] [r=28 c=13 rs=1 cs=1]
              RenderInline {FONT} at (0,0) size 3x13
                RenderText {#text} at (0,0) size 3x13
                  text run at (0,0) width 3: " "
            RenderTableCell {TD} at (98,364) size 7x13 [bgcolor=#FDFDFB] [r=28 c=14 rs=1 cs=1]
              RenderInline {FONT} at (0,0) size 3x13
                RenderText {#text} at (0,0) size 3x13
                  text run at (0,0) width 3: " "
            RenderTableCell {TD} at (105,364) size 7x13 [bgcolor=#FDFDFB] [r=28 c=15 rs=1 cs=1]
              RenderInline {FONT} at (0,0) size 3x13
                RenderText {#text} at (0,0) size 3x13
                  text run at (0,0) width 3: " "
            RenderTableCell {TD} at (112,364) size 8x13 [bgcolor=#FDFDFB] [r=28 c=16 rs=1 cs=1]
              RenderInline {FONT} at (0,0) size 3x13
                RenderText {#text} at (0,0) size 3x13
                  text run at (0,0) width 3: " "
            RenderTableCell {TD} at (120,364) size 8x13 [bgcolor=#FDFDFB] [r=28 c=17 rs=1 cs=1]
              RenderInline {FONT} at (0,0) size 3x13
                RenderText {#text} at (0,0) size 3x13
                  text run at (0,0) width 3: " "
            RenderTableCell {TD} at (128,364) size 8x13 [bgcolor=#FDFDFB] [r=28 c=18 rs=1 cs=1]
              RenderInline {FONT} at (0,0) size 3x13
                RenderText {#text} at (0,0) size 3x13
                  text run at (0,0) width 3: " "
            RenderTableCell {TD} at (136,364) size 8x13 [bgcolor=#FDFDFB] [r=28 c=19 rs=1 cs=1]
              RenderInline {FONT} at (0,0) size 3x13
                RenderText {#text} at (0,0) size 3x13
                  text run at (0,0) width 3: " "
            RenderTableCell {TD} at (144,364) size 8x13 [bgcolor=#FDFDFB] [r=28 c=20 rs=1 cs=1]
              RenderInline {FONT} at (0,0) size 3x13
                RenderText {#text} at (0,0) size 3x13
                  text run at (0,0) width 3: " "
            RenderTableCell {TD} at (152,364) size 8x13 [bgcolor=#FDFDFB] [r=28 c=21 rs=1 cs=1]
              RenderInline {FONT} at (0,0) size 3x13
                RenderText {#text} at (0,0) size 3x13
                  text run at (0,0) width 3: " "
            RenderTableCell {TD} at (160,364) size 8x13 [bgcolor=#FDFDFB] [r=28 c=22 rs=1 cs=1]
              RenderInline {FONT} at (0,0) size 3x13
                RenderText {#text} at (0,0) size 3x13
                  text run at (0,0) width 3: " "
            RenderTableCell {TD} at (168,364) size 8x13 [bgcolor=#FDFDFB] [r=28 c=23 rs=1 cs=1]
              RenderInline {FONT} at (0,0) size 3x13
                RenderText {#text} at (0,0) size 3x13
                  text run at (0,0) width 3: " "
            RenderTableCell {TD} at (176,364) size 8x13 [bgcolor=#FDFDFB] [r=28 c=24 rs=1 cs=1]
              RenderInline {FONT} at (0,0) size 3x13
                RenderText {#text} at (0,0) size 3x13
                  text run at (0,0) width 3: " "
            RenderTableCell {TD} at (184,364) size 8x13 [bgcolor=#FDFDFB] [r=28 c=25 rs=1 cs=1]
              RenderInline {FONT} at (0,0) size 3x13
                RenderText {#text} at (0,0) size 3x13
                  text run at (0,0) width 3: " "
            RenderTableCell {TD} at (192,364) size 8x13 [bgcolor=#FDFDFB] [r=28 c=26 rs=1 cs=1]
              RenderInline {FONT} at (0,0) size 3x13
                RenderText {#text} at (0,0) size 3x13
                  text run at (0,0) width 3: " "
            RenderTableCell {TD} at (200,364) size 8x13 [bgcolor=#FDFDFB] [r=28 c=27 rs=1 cs=1]
              RenderInline {FONT} at (0,0) size 3x13
                RenderText {#text} at (0,0) size 3x13
                  text run at (0,0) width 3: " "
            RenderTableCell {TD} at (208,364) size 8x13 [bgcolor=#FDFDFB] [r=28 c=28 rs=1 cs=1]
              RenderInline {FONT} at (0,0) size 3x13
                RenderText {#text} at (0,0) size 3x13
                  text run at (0,0) width 3: " "
            RenderTableCell {TD} at (216,364) size 8x13 [bgcolor=#FDFDFB] [r=28 c=29 rs=1 cs=1]
              RenderInline {FONT} at (0,0) size 3x13
                RenderText {#text} at (0,0) size 3x13
                  text run at (0,0) width 3: " "
            RenderTableCell {TD} at (224,364) size 8x13 [bgcolor=#FDFDFB] [r=28 c=30 rs=1 cs=1]
              RenderInline {FONT} at (0,0) size 3x13
                RenderText {#text} at (0,0) size 3x13
                  text run at (0,0) width 3: " "
            RenderTableCell {TD} at (232,364) size 8x13 [bgcolor=#FDFDFB] [r=28 c=31 rs=1 cs=1]
              RenderInline {FONT} at (0,0) size 3x13
                RenderText {#text} at (0,0) size 3x13
                  text run at (0,0) width 3: " "
            RenderTableCell {TD} at (240,364) size 8x13 [bgcolor=#FDFDFB] [r=28 c=32 rs=1 cs=1]
              RenderInline {FONT} at (0,0) size 3x13
                RenderText {#text} at (0,0) size 3x13
                  text run at (0,0) width 3: " "
            RenderTableCell {TD} at (248,364) size 8x13 [bgcolor=#FDFDFB] [r=28 c=33 rs=1 cs=1]
              RenderInline {FONT} at (0,0) size 3x13
                RenderText {#text} at (0,0) size 3x13
                  text run at (0,0) width 3: " "
            RenderTableCell {TD} at (256,364) size 8x13 [bgcolor=#FDFDFB] [r=28 c=34 rs=1 cs=1]
              RenderInline {FONT} at (0,0) size 3x13
                RenderText {#text} at (0,0) size 3x13
                  text run at (0,0) width 3: " "
            RenderTableCell {TD} at (264,364) size 8x13 [bgcolor=#FDFDFB] [r=28 c=35 rs=1 cs=1]
              RenderInline {FONT} at (0,0) size 3x13
                RenderText {#text} at (0,0) size 3x13
                  text run at (0,0) width 3: " "
            RenderTableCell {TD} at (272,364) size 8x13 [bgcolor=#FDFDFB] [r=28 c=36 rs=1 cs=1]
              RenderInline {FONT} at (0,0) size 3x13
                RenderText {#text} at (0,0) size 3x13
                  text run at (0,0) width 3: " "
            RenderTableCell {TD} at (280,364) size 8x13 [bgcolor=#FDFDFB] [r=28 c=37 rs=1 cs=1]
              RenderInline {FONT} at (0,0) size 3x13
                RenderText {#text} at (0,0) size 3x13
                  text run at (0,0) width 3: " "
            RenderTableCell {TD} at (288,364) size 8x13 [bgcolor=#FDFDFB] [r=28 c=38 rs=1 cs=1]
              RenderInline {FONT} at (0,0) size 3x13
                RenderText {#text} at (0,0) size 3x13
                  text run at (0,0) width 3: " "
            RenderTableCell {TD} at (296,364) size 8x13 [bgcolor=#FDFDFB] [r=28 c=39 rs=1 cs=1]
              RenderInline {FONT} at (0,0) size 3x13
                RenderText {#text} at (0,0) size 3x13
                  text run at (0,0) width 3: " "
            RenderTableCell {TD} at (304,364) size 8x13 [bgcolor=#FDFDFB] [r=28 c=40 rs=1 cs=1]
              RenderInline {FONT} at (0,0) size 3x13
                RenderText {#text} at (0,0) size 3x13
                  text run at (0,0) width 3: " "
            RenderTableCell {TD} at (312,364) size 8x13 [bgcolor=#FDFDFB] [r=28 c=41 rs=1 cs=1]
              RenderInline {FONT} at (0,0) size 3x13
                RenderText {#text} at (0,0) size 3x13
                  text run at (0,0) width 3: " "
            RenderTableCell {TD} at (320,364) size 8x13 [bgcolor=#FDFDFB] [r=28 c=42 rs=1 cs=1]
              RenderInline {FONT} at (0,0) size 3x13
                RenderText {#text} at (0,0) size 3x13
                  text run at (0,0) width 3: " "
            RenderTableCell {TD} at (328,364) size 8x13 [bgcolor=#FDFDFB] [r=28 c=43 rs=1 cs=1]
              RenderInline {FONT} at (0,0) size 3x13
                RenderText {#text} at (0,0) size 3x13
                  text run at (0,0) width 3: " "
            RenderTableCell {TD} at (336,364) size 8x13 [bgcolor=#FDFDFB] [r=28 c=44 rs=1 cs=1]
              RenderInline {FONT} at (0,0) size 3x13
                RenderText {#text} at (0,0) size 3x13
                  text run at (0,0) width 3: " "
            RenderTableCell {TD} at (344,364) size 8x13 [bgcolor=#FDFDFB] [r=28 c=45 rs=1 cs=1]
              RenderInline {FONT} at (0,0) size 3x13
                RenderText {#text} at (0,0) size 3x13
                  text run at (0,0) width 3: " "
            RenderTableCell {TD} at (352,364) size 8x13 [bgcolor=#FDFDFB] [r=28 c=46 rs=1 cs=1]
              RenderInline {FONT} at (0,0) size 3x13
                RenderText {#text} at (0,0) size 3x13
                  text run at (0,0) width 3: " "
            RenderTableCell {TD} at (360,364) size 8x13 [bgcolor=#FDFDFB] [r=28 c=47 rs=1 cs=1]
              RenderInline {FONT} at (0,0) size 3x13
                RenderText {#text} at (0,0) size 3x13
                  text run at (0,0) width 3: " "
            RenderTableCell {TD} at (368,364) size 8x13 [bgcolor=#FDFDFB] [r=28 c=48 rs=1 cs=1]
              RenderInline {FONT} at (0,0) size 3x13
                RenderText {#text} at (0,0) size 3x13
                  text run at (0,0) width 3: " "
            RenderTableCell {TD} at (376,364) size 8x13 [bgcolor=#FDFDFB] [r=28 c=49 rs=1 cs=1]
              RenderInline {FONT} at (0,0) size 3x13
                RenderText {#text} at (0,0) size 3x13
                  text run at (0,0) width 3: " "
            RenderTableCell {TD} at (384,364) size 8x13 [bgcolor=#FDFDFB] [r=28 c=50 rs=1 cs=1]
              RenderInline {FONT} at (0,0) size 3x13
                RenderText {#text} at (0,0) size 3x13
                  text run at (0,0) width 3: " "
            RenderTableCell {TD} at (392,364) size 8x13 [bgcolor=#FDFDFB] [r=28 c=51 rs=1 cs=1]
              RenderInline {FONT} at (0,0) size 3x13
                RenderText {#text} at (0,0) size 3x13
                  text run at (0,0) width 3: " "
            RenderTableCell {TD} at (400,364) size 8x13 [bgcolor=#FDFDFB] [r=28 c=52 rs=1 cs=1]
              RenderInline {FONT} at (0,0) size 3x13
                RenderText {#text} at (0,0) size 3x13
                  text run at (0,0) width 3: " "
            RenderTableCell {TD} at (408,364) size 8x13 [bgcolor=#FDFDFB] [r=28 c=53 rs=1 cs=1]
              RenderInline {FONT} at (0,0) size 3x13
                RenderText {#text} at (0,0) size 3x13
                  text run at (0,0) width 3: " "
            RenderTableCell {TD} at (416,364) size 8x13 [bgcolor=#FDFDFB] [r=28 c=54 rs=1 cs=1]
              RenderInline {FONT} at (0,0) size 3x13
                RenderText {#text} at (0,0) size 3x13
                  text run at (0,0) width 3: " "
            RenderTableCell {TD} at (424,364) size 8x13 [bgcolor=#FDFDFB] [r=28 c=55 rs=1 cs=1]
              RenderInline {FONT} at (0,0) size 3x13
                RenderText {#text} at (0,0) size 3x13
                  text run at (0,0) width 3: " "
            RenderTableCell {TD} at (432,364) size 8x13 [bgcolor=#FDFDFB] [r=28 c=56 rs=1 cs=1]
              RenderInline {FONT} at (0,0) size 3x13
                RenderText {#text} at (0,0) size 3x13
                  text run at (0,0) width 3: " "
            RenderTableCell {TD} at (440,364) size 8x13 [bgcolor=#FDFDFB] [r=28 c=57 rs=1 cs=1]
              RenderInline {FONT} at (0,0) size 3x13
                RenderText {#text} at (0,0) size 3x13
                  text run at (0,0) width 3: " "
            RenderTableCell {TD} at (448,364) size 8x13 [bgcolor=#FDFDFB] [r=28 c=58 rs=1 cs=1]
              RenderInline {FONT} at (0,0) size 3x13
                RenderText {#text} at (0,0) size 3x13
                  text run at (0,0) width 3: " "
            RenderTableCell {TD} at (456,364) size 8x13 [bgcolor=#FDFDFB] [r=28 c=59 rs=1 cs=1]
              RenderInline {FONT} at (0,0) size 3x13
                RenderText {#text} at (0,0) size 3x13
                  text run at (0,0) width 3: " "
            RenderTableCell {TD} at (464,364) size 8x13 [bgcolor=#FDFDFB] [r=28 c=60 rs=1 cs=1]
              RenderInline {FONT} at (0,0) size 3x13
                RenderText {#text} at (0,0) size 3x13
                  text run at (0,0) width 3: " "
            RenderTableCell {TD} at (472,364) size 8x13 [bgcolor=#FDFDFB] [r=28 c=61 rs=1 cs=1]
              RenderInline {FONT} at (0,0) size 3x13
                RenderText {#text} at (0,0) size 3x13
                  text run at (0,0) width 3: " "
            RenderTableCell {TD} at (480,364) size 8x13 [bgcolor=#FDFDFB] [r=28 c=62 rs=1 cs=1]
              RenderInline {FONT} at (0,0) size 3x13
                RenderText {#text} at (0,0) size 3x13
                  text run at (0,0) width 3: " "
            RenderTableCell {TD} at (488,364) size 8x13 [bgcolor=#FDFDFB] [r=28 c=63 rs=1 cs=1]
              RenderInline {FONT} at (0,0) size 3x13
                RenderText {#text} at (0,0) size 3x13
                  text run at (0,0) width 3: " "
            RenderTableCell {TD} at (496,364) size 8x13 [bgcolor=#FDFDFB] [r=28 c=64 rs=1 cs=1]
              RenderInline {FONT} at (0,0) size 3x13
                RenderText {#text} at (0,0) size 3x13
                  text run at (0,0) width 3: " "
            RenderTableCell {TD} at (504,364) size 8x13 [bgcolor=#97C1C0] [r=28 c=65 rs=1 cs=1]
              RenderInline {FONT} at (0,0) size 3x13
                RenderText {#text} at (0,0) size 3x13
                  text run at (0,0) width 3: " "
            RenderTableCell {TD} at (512,364) size 8x13 [bgcolor=#048485] [r=28 c=66 rs=1 cs=1]
              RenderInline {FONT} at (0,0) size 3x13
                RenderText {#text} at (0,0) size 3x13
                  text run at (0,0) width 3: " "
            RenderTableCell {TD} at (520,364) size 8x13 [bgcolor=#027777] [r=28 c=67 rs=1 cs=1]
              RenderInline {FONT} at (0,0) size 3x13
                RenderText {#text} at (0,0) size 3x13
                  text run at (0,0) width 3: " "
            RenderTableCell {TD} at (528,364) size 8x13 [bgcolor=#027777] [r=28 c=68 rs=1 cs=1]
              RenderInline {FONT} at (0,0) size 3x13
                RenderText {#text} at (0,0) size 3x13
                  text run at (0,0) width 3: " "
            RenderTableCell {TD} at (536,364) size 8x13 [bgcolor=#027777] [r=28 c=69 rs=1 cs=1]
              RenderInline {FONT} at (0,0) size 3x13
                RenderText {#text} at (0,0) size 3x13
                  text run at (0,0) width 3: " "
            RenderTableCell {TD} at (544,364) size 8x13 [bgcolor=#027777] [r=28 c=70 rs=1 cs=1]
              RenderInline {FONT} at (0,0) size 3x13
                RenderText {#text} at (0,0) size 3x13
                  text run at (0,0) width 3: " "
            RenderTableCell {TD} at (552,364) size 8x13 [bgcolor=#027777] [r=28 c=71 rs=1 cs=1]
              RenderInline {FONT} at (0,0) size 3x13
                RenderText {#text} at (0,0) size 3x13
                  text run at (0,0) width 3: " "
            RenderTableCell {TD} at (560,364) size 8x13 [bgcolor=#027777] [r=28 c=72 rs=1 cs=1]
              RenderInline {FONT} at (0,0) size 3x13
                RenderText {#text} at (0,0) size 3x13
                  text run at (0,0) width 3: " "
            RenderTableCell {TD} at (568,364) size 8x13 [bgcolor=#027777] [r=28 c=73 rs=1 cs=1]
              RenderInline {FONT} at (0,0) size 3x13
                RenderText {#text} at (0,0) size 3x13
                  text run at (0,0) width 3: " "
            RenderTableCell {TD} at (576,364) size 8x13 [bgcolor=#048485] [r=28 c=74 rs=1 cs=1]
              RenderInline {FONT} at (0,0) size 3x13
                RenderText {#text} at (0,0) size 3x13
                  text run at (0,0) width 3: " "
            RenderTableCell {TD} at (584,364) size 8x13 [bgcolor=#048485] [r=28 c=75 rs=1 cs=1]
              RenderInline {FONT} at (0,0) size 3x13
                RenderText {#text} at (0,0) size 3x13
                  text run at (0,0) width 3: " "
            RenderTableCell {TD} at (592,364) size 8x13 [bgcolor=#048485] [r=28 c=76 rs=1 cs=1]
              RenderInline {FONT} at (0,0) size 3x13
                RenderText {#text} at (0,0) size 3x13
                  text run at (0,0) width 3: " "
            RenderTableCell {TD} at (600,364) size 8x13 [bgcolor=#027777] [r=28 c=77 rs=1 cs=1]
              RenderInline {FONT} at (0,0) size 3x13
                RenderText {#text} at (0,0) size 3x13
                  text run at (0,0) width 3: " "
            RenderTableCell {TD} at (608,364) size 8x13 [bgcolor=#026766] [r=28 c=78 rs=1 cs=1]
              RenderInline {FONT} at (0,0) size 3x13
                RenderText {#text} at (0,0) size 3x13
                  text run at (0,0) width 3: " "
            RenderTableCell {TD} at (616,364) size 8x13 [bgcolor=#026766] [r=28 c=79 rs=1 cs=1]
              RenderInline {FONT} at (0,0) size 3x13
                RenderText {#text} at (0,0) size 3x13
                  text run at (0,0) width 3: " "
            RenderTableCell {TD} at (624,364) size 8x13 [bgcolor=#026766] [r=28 c=80 rs=1 cs=1]
              RenderInline {FONT} at (0,0) size 3x13
                RenderText {#text} at (0,0) size 3x13
                  text run at (0,0) width 3: " "
            RenderTableCell {TD} at (632,364) size 8x13 [bgcolor=#025E5E] [r=28 c=81 rs=1 cs=1]
              RenderInline {FONT} at (0,0) size 3x13
                RenderText {#text} at (0,0) size 3x13
                  text run at (0,0) width 3: " "
            RenderTableCell {TD} at (640,364) size 8x13 [bgcolor=#025E5E] [r=28 c=82 rs=1 cs=1]
              RenderInline {FONT} at (0,0) size 3x13
                RenderText {#text} at (0,0) size 3x13
                  text run at (0,0) width 3: " "
            RenderTableCell {TD} at (648,364) size 8x13 [bgcolor=#025E5E] [r=28 c=83 rs=1 cs=1]
              RenderInline {FONT} at (0,0) size 3x13
                RenderText {#text} at (0,0) size 3x13
                  text run at (0,0) width 3: " "
            RenderTableCell {TD} at (656,364) size 8x13 [bgcolor=#025E5E] [r=28 c=84 rs=1 cs=1]
              RenderInline {FONT} at (0,0) size 3x13
                RenderText {#text} at (0,0) size 3x13
                  text run at (0,0) width 3: " "
            RenderTableCell {TD} at (664,364) size 8x13 [bgcolor=#025E5E] [r=28 c=85 rs=1 cs=1]
              RenderInline {FONT} at (0,0) size 3x13
                RenderText {#text} at (0,0) size 3x13
                  text run at (0,0) width 3: " "
            RenderTableCell {TD} at (672,364) size 8x13 [bgcolor=#025E5E] [r=28 c=86 rs=1 cs=1]
              RenderInline {FONT} at (0,0) size 3x13
                RenderText {#text} at (0,0) size 3x13
                  text run at (0,0) width 3: " "
            RenderTableCell {TD} at (680,364) size 8x13 [bgcolor=#025E5E] [r=28 c=87 rs=1 cs=1]
              RenderInline {FONT} at (0,0) size 3x13
                RenderText {#text} at (0,0) size 3x13
                  text run at (0,0) width 3: " "
            RenderTableCell {TD} at (688,364) size 8x13 [bgcolor=#044F4F] [r=28 c=88 rs=1 cs=1]
              RenderInline {FONT} at (0,0) size 3x13
                RenderText {#text} at (0,0) size 3x13
                  text run at (0,0) width 3: " "
            RenderTableCell {TD} at (696,364) size 8x13 [bgcolor=#044140] [r=28 c=89 rs=1 cs=1]
              RenderInline {FONT} at (0,0) size 3x13
                RenderText {#text} at (0,0) size 3x13
                  text run at (0,0) width 3: " "
            RenderTableCell {TD} at (704,364) size 8x13 [bgcolor=#083131] [r=28 c=90 rs=1 cs=1]
              RenderInline {FONT} at (0,0) size 3x13
                RenderText {#text} at (0,0) size 3x13
                  text run at (0,0) width 3: " "
            RenderTableCell {TD} at (712,364) size 8x13 [bgcolor=#072323] [r=28 c=91 rs=1 cs=1]
              RenderInline {FONT} at (0,0) size 3x13
                RenderText {#text} at (0,0) size 3x13
                  text run at (0,0) width 3: " "
            RenderTableCell {TD} at (720,364) size 8x13 [bgcolor=#4D4F4F] [r=28 c=92 rs=1 cs=1]
              RenderInline {FONT} at (0,0) size 3x13
                RenderText {#text} at (0,0) size 3x13
                  text run at (0,0) width 3: " "
            RenderTableCell {TD} at (728,364) size 8x13 [bgcolor=#777878] [r=28 c=93 rs=1 cs=1]
              RenderInline {FONT} at (0,0) size 3x13
                RenderText {#text} at (0,0) size 3x13
                  text run at (0,0) width 3: " "
            RenderTableCell {TD} at (736,364) size 8x13 [bgcolor=#A5A6A6] [r=28 c=94 rs=1 cs=1]
              RenderInline {FONT} at (0,0) size 3x13
                RenderText {#text} at (0,0) size 3x13
                  text run at (0,0) width 3: " "
            RenderTableCell {TD} at (744,364) size 8x13 [bgcolor=#DEDFDF] [r=28 c=95 rs=1 cs=1]
              RenderInline {FONT} at (0,0) size 3x13
                RenderText {#text} at (0,0) size 3x13
                  text run at (0,0) width 3: " "
            RenderTableCell {TD} at (752,364) size 8x13 [bgcolor=#EDEEEF] [r=28 c=96 rs=1 cs=1]
              RenderInline {FONT} at (0,0) size 3x13
                RenderText {#text} at (0,0) size 3x13
                  text run at (0,0) width 3: " "
            RenderTableCell {TD} at (760,364) size 8x13 [bgcolor=#FDFDFB] [r=28 c=97 rs=1 cs=1]
              RenderInline {FONT} at (0,0) size 3x13
                RenderText {#text} at (0,0) size 3x13
                  text run at (0,0) width 3: " "
            RenderTableCell {TD} at (768,364) size 8x13 [bgcolor=#FDFDFB] [r=28 c=98 rs=1 cs=1]
              RenderInline {FONT} at (0,0) size 3x13
                RenderText {#text} at (0,0) size 3x13
                  text run at (0,0) width 3: " "
            RenderTableCell {TD} at (776,364) size 8x13 [bgcolor=#FDFDFB] [r=28 c=99 rs=1 cs=1]
              RenderInline {FONT} at (0,0) size 3x13
                RenderText {#text} at (0,0) size 3x13
                  text run at (0,0) width 3: " "
          RenderTableRow {TR} at (0,377) size 784x13
            RenderTableCell {TD} at (0,377) size 7x13 [bgcolor=#FDFDFB] [r=29 c=0 rs=1 cs=1]
              RenderInline {FONT} at (0,0) size 3x13
                RenderText {#text} at (0,0) size 3x13
                  text run at (0,0) width 3: " "
            RenderTableCell {TD} at (7,377) size 7x13 [bgcolor=#FDFDFB] [r=29 c=1 rs=1 cs=1]
              RenderInline {FONT} at (0,0) size 3x13
                RenderText {#text} at (0,0) size 3x13
                  text run at (0,0) width 3: " "
            RenderTableCell {TD} at (14,377) size 7x13 [bgcolor=#FDFDFB] [r=29 c=2 rs=1 cs=1]
              RenderInline {FONT} at (0,0) size 3x13
                RenderText {#text} at (0,0) size 3x13
                  text run at (0,0) width 3: " "
            RenderTableCell {TD} at (21,377) size 7x13 [bgcolor=#FDFDFB] [r=29 c=3 rs=1 cs=1]
              RenderInline {FONT} at (0,0) size 3x13
                RenderText {#text} at (0,0) size 3x13
                  text run at (0,0) width 3: " "
            RenderTableCell {TD} at (28,377) size 7x13 [bgcolor=#FDFDFB] [r=29 c=4 rs=1 cs=1]
              RenderInline {FONT} at (0,0) size 3x13
                RenderText {#text} at (0,0) size 3x13
                  text run at (0,0) width 3: " "
            RenderTableCell {TD} at (35,377) size 7x13 [bgcolor=#FDFDFB] [r=29 c=5 rs=1 cs=1]
              RenderInline {FONT} at (0,0) size 3x13
                RenderText {#text} at (0,0) size 3x13
                  text run at (0,0) width 3: " "
            RenderTableCell {TD} at (42,377) size 7x13 [bgcolor=#FDFDFB] [r=29 c=6 rs=1 cs=1]
              RenderInline {FONT} at (0,0) size 3x13
                RenderText {#text} at (0,0) size 3x13
                  text run at (0,0) width 3: " "
            RenderTableCell {TD} at (49,377) size 7x13 [bgcolor=#FDFDFB] [r=29 c=7 rs=1 cs=1]
              RenderInline {FONT} at (0,0) size 3x13
                RenderText {#text} at (0,0) size 3x13
                  text run at (0,0) width 3: " "
            RenderTableCell {TD} at (56,377) size 7x13 [bgcolor=#FDFDFB] [r=29 c=8 rs=1 cs=1]
              RenderInline {FONT} at (0,0) size 3x13
                RenderText {#text} at (0,0) size 3x13
                  text run at (0,0) width 3: " "
            RenderTableCell {TD} at (63,377) size 7x13 [bgcolor=#FDFDFB] [r=29 c=9 rs=1 cs=1]
              RenderInline {FONT} at (0,0) size 3x13
                RenderText {#text} at (0,0) size 3x13
                  text run at (0,0) width 3: " "
            RenderTableCell {TD} at (70,377) size 7x13 [bgcolor=#FDFDFB] [r=29 c=10 rs=1 cs=1]
              RenderInline {FONT} at (0,0) size 3x13
                RenderText {#text} at (0,0) size 3x13
                  text run at (0,0) width 3: " "
            RenderTableCell {TD} at (77,377) size 7x13 [bgcolor=#FDFDFB] [r=29 c=11 rs=1 cs=1]
              RenderInline {FONT} at (0,0) size 3x13
                RenderText {#text} at (0,0) size 3x13
                  text run at (0,0) width 3: " "
            RenderTableCell {TD} at (84,377) size 7x13 [bgcolor=#FDFDFB] [r=29 c=12 rs=1 cs=1]
              RenderInline {FONT} at (0,0) size 3x13
                RenderText {#text} at (0,0) size 3x13
                  text run at (0,0) width 3: " "
            RenderTableCell {TD} at (91,377) size 7x13 [bgcolor=#FDFDFB] [r=29 c=13 rs=1 cs=1]
              RenderInline {FONT} at (0,0) size 3x13
                RenderText {#text} at (0,0) size 3x13
                  text run at (0,0) width 3: " "
            RenderTableCell {TD} at (98,377) size 7x13 [bgcolor=#FDFDFB] [r=29 c=14 rs=1 cs=1]
              RenderInline {FONT} at (0,0) size 3x13
                RenderText {#text} at (0,0) size 3x13
                  text run at (0,0) width 3: " "
            RenderTableCell {TD} at (105,377) size 7x13 [bgcolor=#FDFDFB] [r=29 c=15 rs=1 cs=1]
              RenderInline {FONT} at (0,0) size 3x13
                RenderText {#text} at (0,0) size 3x13
                  text run at (0,0) width 3: " "
            RenderTableCell {TD} at (112,377) size 8x13 [bgcolor=#FDFDFB] [r=29 c=16 rs=1 cs=1]
              RenderInline {FONT} at (0,0) size 3x13
                RenderText {#text} at (0,0) size 3x13
                  text run at (0,0) width 3: " "
            RenderTableCell {TD} at (120,377) size 8x13 [bgcolor=#FDFDFB] [r=29 c=17 rs=1 cs=1]
              RenderInline {FONT} at (0,0) size 3x13
                RenderText {#text} at (0,0) size 3x13
                  text run at (0,0) width 3: " "
            RenderTableCell {TD} at (128,377) size 8x13 [bgcolor=#FDFDFB] [r=29 c=18 rs=1 cs=1]
              RenderInline {FONT} at (0,0) size 3x13
                RenderText {#text} at (0,0) size 3x13
                  text run at (0,0) width 3: " "
            RenderTableCell {TD} at (136,377) size 8x13 [bgcolor=#FDFDFB] [r=29 c=19 rs=1 cs=1]
              RenderInline {FONT} at (0,0) size 3x13
                RenderText {#text} at (0,0) size 3x13
                  text run at (0,0) width 3: " "
            RenderTableCell {TD} at (144,377) size 8x13 [bgcolor=#FDFDFB] [r=29 c=20 rs=1 cs=1]
              RenderInline {FONT} at (0,0) size 3x13
                RenderText {#text} at (0,0) size 3x13
                  text run at (0,0) width 3: " "
            RenderTableCell {TD} at (152,377) size 8x13 [bgcolor=#FDFDFB] [r=29 c=21 rs=1 cs=1]
              RenderInline {FONT} at (0,0) size 3x13
                RenderText {#text} at (0,0) size 3x13
                  text run at (0,0) width 3: " "
            RenderTableCell {TD} at (160,377) size 8x13 [bgcolor=#FDFDFB] [r=29 c=22 rs=1 cs=1]
              RenderInline {FONT} at (0,0) size 3x13
                RenderText {#text} at (0,0) size 3x13
                  text run at (0,0) width 3: " "
            RenderTableCell {TD} at (168,377) size 8x13 [bgcolor=#FDFDFB] [r=29 c=23 rs=1 cs=1]
              RenderInline {FONT} at (0,0) size 3x13
                RenderText {#text} at (0,0) size 3x13
                  text run at (0,0) width 3: " "
            RenderTableCell {TD} at (176,377) size 8x13 [bgcolor=#FDFDFB] [r=29 c=24 rs=1 cs=1]
              RenderInline {FONT} at (0,0) size 3x13
                RenderText {#text} at (0,0) size 3x13
                  text run at (0,0) width 3: " "
            RenderTableCell {TD} at (184,377) size 8x13 [bgcolor=#FDFDFB] [r=29 c=25 rs=1 cs=1]
              RenderInline {FONT} at (0,0) size 3x13
                RenderText {#text} at (0,0) size 3x13
                  text run at (0,0) width 3: " "
            RenderTableCell {TD} at (192,377) size 8x13 [bgcolor=#FDFDFB] [r=29 c=26 rs=1 cs=1]
              RenderInline {FONT} at (0,0) size 3x13
                RenderText {#text} at (0,0) size 3x13
                  text run at (0,0) width 3: " "
            RenderTableCell {TD} at (200,377) size 8x13 [bgcolor=#FDFDFB] [r=29 c=27 rs=1 cs=1]
              RenderInline {FONT} at (0,0) size 3x13
                RenderText {#text} at (0,0) size 3x13
                  text run at (0,0) width 3: " "
            RenderTableCell {TD} at (208,377) size 8x13 [bgcolor=#FDFDFB] [r=29 c=28 rs=1 cs=1]
              RenderInline {FONT} at (0,0) size 3x13
                RenderText {#text} at (0,0) size 3x13
                  text run at (0,0) width 3: " "
            RenderTableCell {TD} at (216,377) size 8x13 [bgcolor=#FDFDFB] [r=29 c=29 rs=1 cs=1]
              RenderInline {FONT} at (0,0) size 3x13
                RenderText {#text} at (0,0) size 3x13
                  text run at (0,0) width 3: " "
            RenderTableCell {TD} at (224,377) size 8x13 [bgcolor=#FDFDFB] [r=29 c=30 rs=1 cs=1]
              RenderInline {FONT} at (0,0) size 3x13
                RenderText {#text} at (0,0) size 3x13
                  text run at (0,0) width 3: " "
            RenderTableCell {TD} at (232,377) size 8x13 [bgcolor=#FDFDFB] [r=29 c=31 rs=1 cs=1]
              RenderInline {FONT} at (0,0) size 3x13
                RenderText {#text} at (0,0) size 3x13
                  text run at (0,0) width 3: " "
            RenderTableCell {TD} at (240,377) size 8x13 [bgcolor=#FDFDFB] [r=29 c=32 rs=1 cs=1]
              RenderInline {FONT} at (0,0) size 3x13
                RenderText {#text} at (0,0) size 3x13
                  text run at (0,0) width 3: " "
            RenderTableCell {TD} at (248,377) size 8x13 [bgcolor=#FDFDFB] [r=29 c=33 rs=1 cs=1]
              RenderInline {FONT} at (0,0) size 3x13
                RenderText {#text} at (0,0) size 3x13
                  text run at (0,0) width 3: " "
            RenderTableCell {TD} at (256,377) size 8x13 [bgcolor=#FDFDFB] [r=29 c=34 rs=1 cs=1]
              RenderInline {FONT} at (0,0) size 3x13
                RenderText {#text} at (0,0) size 3x13
                  text run at (0,0) width 3: " "
            RenderTableCell {TD} at (264,377) size 8x13 [bgcolor=#FDFDFB] [r=29 c=35 rs=1 cs=1]
              RenderInline {FONT} at (0,0) size 3x13
                RenderText {#text} at (0,0) size 3x13
                  text run at (0,0) width 3: " "
            RenderTableCell {TD} at (272,377) size 8x13 [bgcolor=#FDFDFB] [r=29 c=36 rs=1 cs=1]
              RenderInline {FONT} at (0,0) size 3x13
                RenderText {#text} at (0,0) size 3x13
                  text run at (0,0) width 3: " "
            RenderTableCell {TD} at (280,377) size 8x13 [bgcolor=#FDFDFB] [r=29 c=37 rs=1 cs=1]
              RenderInline {FONT} at (0,0) size 3x13
                RenderText {#text} at (0,0) size 3x13
                  text run at (0,0) width 3: " "
            RenderTableCell {TD} at (288,377) size 8x13 [bgcolor=#FDFDFB] [r=29 c=38 rs=1 cs=1]
              RenderInline {FONT} at (0,0) size 3x13
                RenderText {#text} at (0,0) size 3x13
                  text run at (0,0) width 3: " "
            RenderTableCell {TD} at (296,377) size 8x13 [bgcolor=#FDFDFB] [r=29 c=39 rs=1 cs=1]
              RenderInline {FONT} at (0,0) size 3x13
                RenderText {#text} at (0,0) size 3x13
                  text run at (0,0) width 3: " "
            RenderTableCell {TD} at (304,377) size 8x13 [bgcolor=#FDFDFB] [r=29 c=40 rs=1 cs=1]
              RenderInline {FONT} at (0,0) size 3x13
                RenderText {#text} at (0,0) size 3x13
                  text run at (0,0) width 3: " "
            RenderTableCell {TD} at (312,377) size 8x13 [bgcolor=#FDFDFB] [r=29 c=41 rs=1 cs=1]
              RenderInline {FONT} at (0,0) size 3x13
                RenderText {#text} at (0,0) size 3x13
                  text run at (0,0) width 3: " "
            RenderTableCell {TD} at (320,377) size 8x13 [bgcolor=#FDFDFB] [r=29 c=42 rs=1 cs=1]
              RenderInline {FONT} at (0,0) size 3x13
                RenderText {#text} at (0,0) size 3x13
                  text run at (0,0) width 3: " "
            RenderTableCell {TD} at (328,377) size 8x13 [bgcolor=#FDFDFB] [r=29 c=43 rs=1 cs=1]
              RenderInline {FONT} at (0,0) size 3x13
                RenderText {#text} at (0,0) size 3x13
                  text run at (0,0) width 3: " "
            RenderTableCell {TD} at (336,377) size 8x13 [bgcolor=#FDFDFB] [r=29 c=44 rs=1 cs=1]
              RenderInline {FONT} at (0,0) size 3x13
                RenderText {#text} at (0,0) size 3x13
                  text run at (0,0) width 3: " "
            RenderTableCell {TD} at (344,377) size 8x13 [bgcolor=#FDFDFB] [r=29 c=45 rs=1 cs=1]
              RenderInline {FONT} at (0,0) size 3x13
                RenderText {#text} at (0,0) size 3x13
                  text run at (0,0) width 3: " "
            RenderTableCell {TD} at (352,377) size 8x13 [bgcolor=#FDFDFB] [r=29 c=46 rs=1 cs=1]
              RenderInline {FONT} at (0,0) size 3x13
                RenderText {#text} at (0,0) size 3x13
                  text run at (0,0) width 3: " "
            RenderTableCell {TD} at (360,377) size 8x13 [bgcolor=#FDFDFB] [r=29 c=47 rs=1 cs=1]
              RenderInline {FONT} at (0,0) size 3x13
                RenderText {#text} at (0,0) size 3x13
                  text run at (0,0) width 3: " "
            RenderTableCell {TD} at (368,377) size 8x13 [bgcolor=#FDFDFB] [r=29 c=48 rs=1 cs=1]
              RenderInline {FONT} at (0,0) size 3x13
                RenderText {#text} at (0,0) size 3x13
                  text run at (0,0) width 3: " "
            RenderTableCell {TD} at (376,377) size 8x13 [bgcolor=#FDFDFB] [r=29 c=49 rs=1 cs=1]
              RenderInline {FONT} at (0,0) size 3x13
                RenderText {#text} at (0,0) size 3x13
                  text run at (0,0) width 3: " "
            RenderTableCell {TD} at (384,377) size 8x13 [bgcolor=#FDFDFB] [r=29 c=50 rs=1 cs=1]
              RenderInline {FONT} at (0,0) size 3x13
                RenderText {#text} at (0,0) size 3x13
                  text run at (0,0) width 3: " "
            RenderTableCell {TD} at (392,377) size 8x13 [bgcolor=#FDFDFB] [r=29 c=51 rs=1 cs=1]
              RenderInline {FONT} at (0,0) size 3x13
                RenderText {#text} at (0,0) size 3x13
                  text run at (0,0) width 3: " "
            RenderTableCell {TD} at (400,377) size 8x13 [bgcolor=#FDFDFB] [r=29 c=52 rs=1 cs=1]
              RenderInline {FONT} at (0,0) size 3x13
                RenderText {#text} at (0,0) size 3x13
                  text run at (0,0) width 3: " "
            RenderTableCell {TD} at (408,377) size 8x13 [bgcolor=#FDFDFB] [r=29 c=53 rs=1 cs=1]
              RenderInline {FONT} at (0,0) size 3x13
                RenderText {#text} at (0,0) size 3x13
                  text run at (0,0) width 3: " "
            RenderTableCell {TD} at (416,377) size 8x13 [bgcolor=#FDFDFB] [r=29 c=54 rs=1 cs=1]
              RenderInline {FONT} at (0,0) size 3x13
                RenderText {#text} at (0,0) size 3x13
                  text run at (0,0) width 3: " "
            RenderTableCell {TD} at (424,377) size 8x13 [bgcolor=#FDFDFB] [r=29 c=55 rs=1 cs=1]
              RenderInline {FONT} at (0,0) size 3x13
                RenderText {#text} at (0,0) size 3x13
                  text run at (0,0) width 3: " "
            RenderTableCell {TD} at (432,377) size 8x13 [bgcolor=#FDFDFB] [r=29 c=56 rs=1 cs=1]
              RenderInline {FONT} at (0,0) size 3x13
                RenderText {#text} at (0,0) size 3x13
                  text run at (0,0) width 3: " "
            RenderTableCell {TD} at (440,377) size 8x13 [bgcolor=#FDFDFB] [r=29 c=57 rs=1 cs=1]
              RenderInline {FONT} at (0,0) size 3x13
                RenderText {#text} at (0,0) size 3x13
                  text run at (0,0) width 3: " "
            RenderTableCell {TD} at (448,377) size 8x13 [bgcolor=#FDFDFB] [r=29 c=58 rs=1 cs=1]
              RenderInline {FONT} at (0,0) size 3x13
                RenderText {#text} at (0,0) size 3x13
                  text run at (0,0) width 3: " "
            RenderTableCell {TD} at (456,377) size 8x13 [bgcolor=#FDFDFB] [r=29 c=59 rs=1 cs=1]
              RenderInline {FONT} at (0,0) size 3x13
                RenderText {#text} at (0,0) size 3x13
                  text run at (0,0) width 3: " "
            RenderTableCell {TD} at (464,377) size 8x13 [bgcolor=#FDFDFB] [r=29 c=60 rs=1 cs=1]
              RenderInline {FONT} at (0,0) size 3x13
                RenderText {#text} at (0,0) size 3x13
                  text run at (0,0) width 3: " "
            RenderTableCell {TD} at (472,377) size 8x13 [bgcolor=#FDFDFB] [r=29 c=61 rs=1 cs=1]
              RenderInline {FONT} at (0,0) size 3x13
                RenderText {#text} at (0,0) size 3x13
                  text run at (0,0) width 3: " "
            RenderTableCell {TD} at (480,377) size 8x13 [bgcolor=#FDFDFB] [r=29 c=62 rs=1 cs=1]
              RenderInline {FONT} at (0,0) size 3x13
                RenderText {#text} at (0,0) size 3x13
                  text run at (0,0) width 3: " "
            RenderTableCell {TD} at (488,377) size 8x13 [bgcolor=#FDFDFB] [r=29 c=63 rs=1 cs=1]
              RenderInline {FONT} at (0,0) size 3x13
                RenderText {#text} at (0,0) size 3x13
                  text run at (0,0) width 3: " "
            RenderTableCell {TD} at (496,377) size 8x13 [bgcolor=#FDFDFB] [r=29 c=64 rs=1 cs=1]
              RenderInline {FONT} at (0,0) size 3x13
                RenderText {#text} at (0,0) size 3x13
                  text run at (0,0) width 3: " "
            RenderTableCell {TD} at (504,377) size 8x13 [bgcolor=#8DB7B6] [r=29 c=65 rs=1 cs=1]
              RenderInline {FONT} at (0,0) size 3x13
                RenderText {#text} at (0,0) size 3x13
                  text run at (0,0) width 3: " "
            RenderTableCell {TD} at (512,377) size 8x13 [bgcolor=#026766] [r=29 c=66 rs=1 cs=1]
              RenderInline {FONT} at (0,0) size 3x13
                RenderText {#text} at (0,0) size 3x13
                  text run at (0,0) width 3: " "
            RenderTableCell {TD} at (520,377) size 8x13 [bgcolor=#025E5E] [r=29 c=67 rs=1 cs=1]
              RenderInline {FONT} at (0,0) size 3x13
                RenderText {#text} at (0,0) size 3x13
                  text run at (0,0) width 3: " "
            RenderTableCell {TD} at (528,377) size 8x13 [bgcolor=#025E5E] [r=29 c=68 rs=1 cs=1]
              RenderInline {FONT} at (0,0) size 3x13
                RenderText {#text} at (0,0) size 3x13
                  text run at (0,0) width 3: " "
            RenderTableCell {TD} at (536,377) size 8x13 [bgcolor=#025E5E] [r=29 c=69 rs=1 cs=1]
              RenderInline {FONT} at (0,0) size 3x13
                RenderText {#text} at (0,0) size 3x13
                  text run at (0,0) width 3: " "
            RenderTableCell {TD} at (544,377) size 8x13 [bgcolor=#026766] [r=29 c=70 rs=1 cs=1]
              RenderInline {FONT} at (0,0) size 3x13
                RenderText {#text} at (0,0) size 3x13
                  text run at (0,0) width 3: " "
            RenderTableCell {TD} at (552,377) size 8x13 [bgcolor=#026766] [r=29 c=71 rs=1 cs=1]
              RenderInline {FONT} at (0,0) size 3x13
                RenderText {#text} at (0,0) size 3x13
                  text run at (0,0) width 3: " "
            RenderTableCell {TD} at (560,377) size 8x13 [bgcolor=#026766] [r=29 c=72 rs=1 cs=1]
              RenderInline {FONT} at (0,0) size 3x13
                RenderText {#text} at (0,0) size 3x13
                  text run at (0,0) width 3: " "
            RenderTableCell {TD} at (568,377) size 8x13 [bgcolor=#026766] [r=29 c=73 rs=1 cs=1]
              RenderInline {FONT} at (0,0) size 3x13
                RenderText {#text} at (0,0) size 3x13
                  text run at (0,0) width 3: " "
            RenderTableCell {TD} at (576,377) size 8x13 [bgcolor=#026766] [r=29 c=74 rs=1 cs=1]
              RenderInline {FONT} at (0,0) size 3x13
                RenderText {#text} at (0,0) size 3x13
                  text run at (0,0) width 3: " "
            RenderTableCell {TD} at (584,377) size 8x13 [bgcolor=#026766] [r=29 c=75 rs=1 cs=1]
              RenderInline {FONT} at (0,0) size 3x13
                RenderText {#text} at (0,0) size 3x13
                  text run at (0,0) width 3: " "
            RenderTableCell {TD} at (592,377) size 8x13 [bgcolor=#026766] [r=29 c=76 rs=1 cs=1]
              RenderInline {FONT} at (0,0) size 3x13
                RenderText {#text} at (0,0) size 3x13
                  text run at (0,0) width 3: " "
            RenderTableCell {TD} at (600,377) size 8x13 [bgcolor=#026766] [r=29 c=77 rs=1 cs=1]
              RenderInline {FONT} at (0,0) size 3x13
                RenderText {#text} at (0,0) size 3x13
                  text run at (0,0) width 3: " "
            RenderTableCell {TD} at (608,377) size 8x13 [bgcolor=#025E5E] [r=29 c=78 rs=1 cs=1]
              RenderInline {FONT} at (0,0) size 3x13
                RenderText {#text} at (0,0) size 3x13
                  text run at (0,0) width 3: " "
            RenderTableCell {TD} at (616,377) size 8x13 [bgcolor=#025E5E] [r=29 c=79 rs=1 cs=1]
              RenderInline {FONT} at (0,0) size 3x13
                RenderText {#text} at (0,0) size 3x13
                  text run at (0,0) width 3: " "
            RenderTableCell {TD} at (624,377) size 8x13 [bgcolor=#025E5E] [r=29 c=80 rs=1 cs=1]
              RenderInline {FONT} at (0,0) size 3x13
                RenderText {#text} at (0,0) size 3x13
                  text run at (0,0) width 3: " "
            RenderTableCell {TD} at (632,377) size 8x13 [bgcolor=#025E5E] [r=29 c=81 rs=1 cs=1]
              RenderInline {FONT} at (0,0) size 3x13
                RenderText {#text} at (0,0) size 3x13
                  text run at (0,0) width 3: " "
            RenderTableCell {TD} at (640,377) size 8x13 [bgcolor=#025E5E] [r=29 c=82 rs=1 cs=1]
              RenderInline {FONT} at (0,0) size 3x13
                RenderText {#text} at (0,0) size 3x13
                  text run at (0,0) width 3: " "
            RenderTableCell {TD} at (648,377) size 8x13 [bgcolor=#044F4F] [r=29 c=83 rs=1 cs=1]
              RenderInline {FONT} at (0,0) size 3x13
                RenderText {#text} at (0,0) size 3x13
                  text run at (0,0) width 3: " "
            RenderTableCell {TD} at (656,377) size 8x13 [bgcolor=#044F4F] [r=29 c=84 rs=1 cs=1]
              RenderInline {FONT} at (0,0) size 3x13
                RenderText {#text} at (0,0) size 3x13
                  text run at (0,0) width 3: " "
            RenderTableCell {TD} at (664,377) size 8x13 [bgcolor=#044F4F] [r=29 c=85 rs=1 cs=1]
              RenderInline {FONT} at (0,0) size 3x13
                RenderText {#text} at (0,0) size 3x13
                  text run at (0,0) width 3: " "
            RenderTableCell {TD} at (672,377) size 8x13 [bgcolor=#044F4F] [r=29 c=86 rs=1 cs=1]
              RenderInline {FONT} at (0,0) size 3x13
                RenderText {#text} at (0,0) size 3x13
                  text run at (0,0) width 3: " "
            RenderTableCell {TD} at (680,377) size 8x13 [bgcolor=#044140] [r=29 c=87 rs=1 cs=1]
              RenderInline {FONT} at (0,0) size 3x13
                RenderText {#text} at (0,0) size 3x13
                  text run at (0,0) width 3: " "
            RenderTableCell {TD} at (688,377) size 8x13 [bgcolor=#083131] [r=29 c=88 rs=1 cs=1]
              RenderInline {FONT} at (0,0) size 3x13
                RenderText {#text} at (0,0) size 3x13
                  text run at (0,0) width 3: " "
            RenderTableCell {TD} at (696,377) size 8x13 [bgcolor=#083131] [r=29 c=89 rs=1 cs=1]
              RenderInline {FONT} at (0,0) size 3x13
                RenderText {#text} at (0,0) size 3x13
                  text run at (0,0) width 3: " "
            RenderTableCell {TD} at (704,377) size 8x13 [bgcolor=#223C3D] [r=29 c=90 rs=1 cs=1]
              RenderInline {FONT} at (0,0) size 3x13
                RenderText {#text} at (0,0) size 3x13
                  text run at (0,0) width 3: " "
            RenderTableCell {TD} at (712,377) size 8x13 [bgcolor=#515C5B] [r=29 c=91 rs=1 cs=1]
              RenderInline {FONT} at (0,0) size 3x13
                RenderText {#text} at (0,0) size 3x13
                  text run at (0,0) width 3: " "
            RenderTableCell {TD} at (720,377) size 8x13 [bgcolor=#777878] [r=29 c=92 rs=1 cs=1]
              RenderInline {FONT} at (0,0) size 3x13
                RenderText {#text} at (0,0) size 3x13
                  text run at (0,0) width 3: " "
            RenderTableCell {TD} at (728,377) size 8x13 [bgcolor=#A5A6A6] [r=29 c=93 rs=1 cs=1]
              RenderInline {FONT} at (0,0) size 3x13
                RenderText {#text} at (0,0) size 3x13
                  text run at (0,0) width 3: " "
            RenderTableCell {TD} at (736,377) size 8x13 [bgcolor=#CECFCF] [r=29 c=94 rs=1 cs=1]
              RenderInline {FONT} at (0,0) size 3x13
                RenderText {#text} at (0,0) size 3x13
                  text run at (0,0) width 3: " "
            RenderTableCell {TD} at (744,377) size 8x13 [bgcolor=#EDEEEF] [r=29 c=95 rs=1 cs=1]
              RenderInline {FONT} at (0,0) size 3x13
                RenderText {#text} at (0,0) size 3x13
                  text run at (0,0) width 3: " "
            RenderTableCell {TD} at (752,377) size 8x13 [bgcolor=#FDFDFB] [r=29 c=96 rs=1 cs=1]
              RenderInline {FONT} at (0,0) size 3x13
                RenderText {#text} at (0,0) size 3x13
                  text run at (0,0) width 3: " "
            RenderTableCell {TD} at (760,377) size 8x13 [bgcolor=#FDFDFB] [r=29 c=97 rs=1 cs=1]
              RenderInline {FONT} at (0,0) size 3x13
                RenderText {#text} at (0,0) size 3x13
                  text run at (0,0) width 3: " "
            RenderTableCell {TD} at (768,377) size 8x13 [bgcolor=#FDFDFB] [r=29 c=98 rs=1 cs=1]
              RenderInline {FONT} at (0,0) size 3x13
                RenderText {#text} at (0,0) size 3x13
                  text run at (0,0) width 3: " "
            RenderTableCell {TD} at (776,377) size 8x13 [bgcolor=#FDFDFB] [r=29 c=99 rs=1 cs=1]
              RenderInline {FONT} at (0,0) size 3x13
                RenderText {#text} at (0,0) size 3x13
                  text run at (0,0) width 3: " "
          RenderTableRow {TR} at (0,390) size 784x13
            RenderTableCell {TD} at (0,390) size 7x13 [bgcolor=#FDFDFB] [r=30 c=0 rs=1 cs=1]
              RenderInline {FONT} at (0,0) size 3x13
                RenderText {#text} at (0,0) size 3x13
                  text run at (0,0) width 3: " "
            RenderTableCell {TD} at (7,390) size 7x13 [bgcolor=#FDFDFB] [r=30 c=1 rs=1 cs=1]
              RenderInline {FONT} at (0,0) size 3x13
                RenderText {#text} at (0,0) size 3x13
                  text run at (0,0) width 3: " "
            RenderTableCell {TD} at (14,390) size 7x13 [bgcolor=#FDFDFB] [r=30 c=2 rs=1 cs=1]
              RenderInline {FONT} at (0,0) size 3x13
                RenderText {#text} at (0,0) size 3x13
                  text run at (0,0) width 3: " "
            RenderTableCell {TD} at (21,390) size 7x13 [bgcolor=#FDFDFB] [r=30 c=3 rs=1 cs=1]
              RenderInline {FONT} at (0,0) size 3x13
                RenderText {#text} at (0,0) size 3x13
                  text run at (0,0) width 3: " "
            RenderTableCell {TD} at (28,390) size 7x13 [bgcolor=#FDFDFB] [r=30 c=4 rs=1 cs=1]
              RenderInline {FONT} at (0,0) size 3x13
                RenderText {#text} at (0,0) size 3x13
                  text run at (0,0) width 3: " "
            RenderTableCell {TD} at (35,390) size 7x13 [bgcolor=#FDFDFB] [r=30 c=5 rs=1 cs=1]
              RenderInline {FONT} at (0,0) size 3x13
                RenderText {#text} at (0,0) size 3x13
                  text run at (0,0) width 3: " "
            RenderTableCell {TD} at (42,390) size 7x13 [bgcolor=#FDFDFB] [r=30 c=6 rs=1 cs=1]
              RenderInline {FONT} at (0,0) size 3x13
                RenderText {#text} at (0,0) size 3x13
                  text run at (0,0) width 3: " "
            RenderTableCell {TD} at (49,390) size 7x13 [bgcolor=#FDFDFB] [r=30 c=7 rs=1 cs=1]
              RenderInline {FONT} at (0,0) size 3x13
                RenderText {#text} at (0,0) size 3x13
                  text run at (0,0) width 3: " "
            RenderTableCell {TD} at (56,390) size 7x13 [bgcolor=#FDFDFB] [r=30 c=8 rs=1 cs=1]
              RenderInline {FONT} at (0,0) size 3x13
                RenderText {#text} at (0,0) size 3x13
                  text run at (0,0) width 3: " "
            RenderTableCell {TD} at (63,390) size 7x13 [bgcolor=#FDFDFB] [r=30 c=9 rs=1 cs=1]
              RenderInline {FONT} at (0,0) size 3x13
                RenderText {#text} at (0,0) size 3x13
                  text run at (0,0) width 3: " "
            RenderTableCell {TD} at (70,390) size 7x13 [bgcolor=#FDFDFB] [r=30 c=10 rs=1 cs=1]
              RenderInline {FONT} at (0,0) size 3x13
                RenderText {#text} at (0,0) size 3x13
                  text run at (0,0) width 3: " "
            RenderTableCell {TD} at (77,390) size 7x13 [bgcolor=#FDFDFB] [r=30 c=11 rs=1 cs=1]
              RenderInline {FONT} at (0,0) size 3x13
                RenderText {#text} at (0,0) size 3x13
                  text run at (0,0) width 3: " "
            RenderTableCell {TD} at (84,390) size 7x13 [bgcolor=#FDFDFB] [r=30 c=12 rs=1 cs=1]
              RenderInline {FONT} at (0,0) size 3x13
                RenderText {#text} at (0,0) size 3x13
                  text run at (0,0) width 3: " "
            RenderTableCell {TD} at (91,390) size 7x13 [bgcolor=#FDFDFB] [r=30 c=13 rs=1 cs=1]
              RenderInline {FONT} at (0,0) size 3x13
                RenderText {#text} at (0,0) size 3x13
                  text run at (0,0) width 3: " "
            RenderTableCell {TD} at (98,390) size 7x13 [bgcolor=#FDFDFB] [r=30 c=14 rs=1 cs=1]
              RenderInline {FONT} at (0,0) size 3x13
                RenderText {#text} at (0,0) size 3x13
                  text run at (0,0) width 3: " "
            RenderTableCell {TD} at (105,390) size 7x13 [bgcolor=#FDFDFB] [r=30 c=15 rs=1 cs=1]
              RenderInline {FONT} at (0,0) size 3x13
                RenderText {#text} at (0,0) size 3x13
                  text run at (0,0) width 3: " "
            RenderTableCell {TD} at (112,390) size 8x13 [bgcolor=#FDFDFB] [r=30 c=16 rs=1 cs=1]
              RenderInline {FONT} at (0,0) size 3x13
                RenderText {#text} at (0,0) size 3x13
                  text run at (0,0) width 3: " "
            RenderTableCell {TD} at (120,390) size 8x13 [bgcolor=#FDFDFB] [r=30 c=17 rs=1 cs=1]
              RenderInline {FONT} at (0,0) size 3x13
                RenderText {#text} at (0,0) size 3x13
                  text run at (0,0) width 3: " "
            RenderTableCell {TD} at (128,390) size 8x13 [bgcolor=#FDFDFB] [r=30 c=18 rs=1 cs=1]
              RenderInline {FONT} at (0,0) size 3x13
                RenderText {#text} at (0,0) size 3x13
                  text run at (0,0) width 3: " "
            RenderTableCell {TD} at (136,390) size 8x13 [bgcolor=#FDFDFB] [r=30 c=19 rs=1 cs=1]
              RenderInline {FONT} at (0,0) size 3x13
                RenderText {#text} at (0,0) size 3x13
                  text run at (0,0) width 3: " "
            RenderTableCell {TD} at (144,390) size 8x13 [bgcolor=#FDFDFB] [r=30 c=20 rs=1 cs=1]
              RenderInline {FONT} at (0,0) size 3x13
                RenderText {#text} at (0,0) size 3x13
                  text run at (0,0) width 3: " "
            RenderTableCell {TD} at (152,390) size 8x13 [bgcolor=#FDFDFB] [r=30 c=21 rs=1 cs=1]
              RenderInline {FONT} at (0,0) size 3x13
                RenderText {#text} at (0,0) size 3x13
                  text run at (0,0) width 3: " "
            RenderTableCell {TD} at (160,390) size 8x13 [bgcolor=#FDFDFB] [r=30 c=22 rs=1 cs=1]
              RenderInline {FONT} at (0,0) size 3x13
                RenderText {#text} at (0,0) size 3x13
                  text run at (0,0) width 3: " "
            RenderTableCell {TD} at (168,390) size 8x13 [bgcolor=#FDFDFB] [r=30 c=23 rs=1 cs=1]
              RenderInline {FONT} at (0,0) size 3x13
                RenderText {#text} at (0,0) size 3x13
                  text run at (0,0) width 3: " "
            RenderTableCell {TD} at (176,390) size 8x13 [bgcolor=#FDFDFB] [r=30 c=24 rs=1 cs=1]
              RenderInline {FONT} at (0,0) size 3x13
                RenderText {#text} at (0,0) size 3x13
                  text run at (0,0) width 3: " "
            RenderTableCell {TD} at (184,390) size 8x13 [bgcolor=#FDFDFB] [r=30 c=25 rs=1 cs=1]
              RenderInline {FONT} at (0,0) size 3x13
                RenderText {#text} at (0,0) size 3x13
                  text run at (0,0) width 3: " "
            RenderTableCell {TD} at (192,390) size 8x13 [bgcolor=#FDFDFB] [r=30 c=26 rs=1 cs=1]
              RenderInline {FONT} at (0,0) size 3x13
                RenderText {#text} at (0,0) size 3x13
                  text run at (0,0) width 3: " "
            RenderTableCell {TD} at (200,390) size 8x13 [bgcolor=#FDFDFB] [r=30 c=27 rs=1 cs=1]
              RenderInline {FONT} at (0,0) size 3x13
                RenderText {#text} at (0,0) size 3x13
                  text run at (0,0) width 3: " "
            RenderTableCell {TD} at (208,390) size 8x13 [bgcolor=#FDFDFB] [r=30 c=28 rs=1 cs=1]
              RenderInline {FONT} at (0,0) size 3x13
                RenderText {#text} at (0,0) size 3x13
                  text run at (0,0) width 3: " "
            RenderTableCell {TD} at (216,390) size 8x13 [bgcolor=#FDFDFB] [r=30 c=29 rs=1 cs=1]
              RenderInline {FONT} at (0,0) size 3x13
                RenderText {#text} at (0,0) size 3x13
                  text run at (0,0) width 3: " "
            RenderTableCell {TD} at (224,390) size 8x13 [bgcolor=#FDFDFB] [r=30 c=30 rs=1 cs=1]
              RenderInline {FONT} at (0,0) size 3x13
                RenderText {#text} at (0,0) size 3x13
                  text run at (0,0) width 3: " "
            RenderTableCell {TD} at (232,390) size 8x13 [bgcolor=#FDFDFB] [r=30 c=31 rs=1 cs=1]
              RenderInline {FONT} at (0,0) size 3x13
                RenderText {#text} at (0,0) size 3x13
                  text run at (0,0) width 3: " "
            RenderTableCell {TD} at (240,390) size 8x13 [bgcolor=#FDFDFB] [r=30 c=32 rs=1 cs=1]
              RenderInline {FONT} at (0,0) size 3x13
                RenderText {#text} at (0,0) size 3x13
                  text run at (0,0) width 3: " "
            RenderTableCell {TD} at (248,390) size 8x13 [bgcolor=#FDFDFB] [r=30 c=33 rs=1 cs=1]
              RenderInline {FONT} at (0,0) size 3x13
                RenderText {#text} at (0,0) size 3x13
                  text run at (0,0) width 3: " "
            RenderTableCell {TD} at (256,390) size 8x13 [bgcolor=#FDFDFB] [r=30 c=34 rs=1 cs=1]
              RenderInline {FONT} at (0,0) size 3x13
                RenderText {#text} at (0,0) size 3x13
                  text run at (0,0) width 3: " "
            RenderTableCell {TD} at (264,390) size 8x13 [bgcolor=#FDFDFB] [r=30 c=35 rs=1 cs=1]
              RenderInline {FONT} at (0,0) size 3x13
                RenderText {#text} at (0,0) size 3x13
                  text run at (0,0) width 3: " "
            RenderTableCell {TD} at (272,390) size 8x13 [bgcolor=#FDFDFB] [r=30 c=36 rs=1 cs=1]
              RenderInline {FONT} at (0,0) size 3x13
                RenderText {#text} at (0,0) size 3x13
                  text run at (0,0) width 3: " "
            RenderTableCell {TD} at (280,390) size 8x13 [bgcolor=#FDFDFB] [r=30 c=37 rs=1 cs=1]
              RenderInline {FONT} at (0,0) size 3x13
                RenderText {#text} at (0,0) size 3x13
                  text run at (0,0) width 3: " "
            RenderTableCell {TD} at (288,390) size 8x13 [bgcolor=#FDFDFB] [r=30 c=38 rs=1 cs=1]
              RenderInline {FONT} at (0,0) size 3x13
                RenderText {#text} at (0,0) size 3x13
                  text run at (0,0) width 3: " "
            RenderTableCell {TD} at (296,390) size 8x13 [bgcolor=#FDFDFB] [r=30 c=39 rs=1 cs=1]
              RenderInline {FONT} at (0,0) size 3x13
                RenderText {#text} at (0,0) size 3x13
                  text run at (0,0) width 3: " "
            RenderTableCell {TD} at (304,390) size 8x13 [bgcolor=#FDFDFB] [r=30 c=40 rs=1 cs=1]
              RenderInline {FONT} at (0,0) size 3x13
                RenderText {#text} at (0,0) size 3x13
                  text run at (0,0) width 3: " "
            RenderTableCell {TD} at (312,390) size 8x13 [bgcolor=#FDFDFB] [r=30 c=41 rs=1 cs=1]
              RenderInline {FONT} at (0,0) size 3x13
                RenderText {#text} at (0,0) size 3x13
                  text run at (0,0) width 3: " "
            RenderTableCell {TD} at (320,390) size 8x13 [bgcolor=#FDFDFB] [r=30 c=42 rs=1 cs=1]
              RenderInline {FONT} at (0,0) size 3x13
                RenderText {#text} at (0,0) size 3x13
                  text run at (0,0) width 3: " "
            RenderTableCell {TD} at (328,390) size 8x13 [bgcolor=#FDFDFB] [r=30 c=43 rs=1 cs=1]
              RenderInline {FONT} at (0,0) size 3x13
                RenderText {#text} at (0,0) size 3x13
                  text run at (0,0) width 3: " "
            RenderTableCell {TD} at (336,390) size 8x13 [bgcolor=#FDFDFB] [r=30 c=44 rs=1 cs=1]
              RenderInline {FONT} at (0,0) size 3x13
                RenderText {#text} at (0,0) size 3x13
                  text run at (0,0) width 3: " "
            RenderTableCell {TD} at (344,390) size 8x13 [bgcolor=#FDFDFB] [r=30 c=45 rs=1 cs=1]
              RenderInline {FONT} at (0,0) size 3x13
                RenderText {#text} at (0,0) size 3x13
                  text run at (0,0) width 3: " "
            RenderTableCell {TD} at (352,390) size 8x13 [bgcolor=#FDFDFB] [r=30 c=46 rs=1 cs=1]
              RenderInline {FONT} at (0,0) size 3x13
                RenderText {#text} at (0,0) size 3x13
                  text run at (0,0) width 3: " "
            RenderTableCell {TD} at (360,390) size 8x13 [bgcolor=#FDFDFB] [r=30 c=47 rs=1 cs=1]
              RenderInline {FONT} at (0,0) size 3x13
                RenderText {#text} at (0,0) size 3x13
                  text run at (0,0) width 3: " "
            RenderTableCell {TD} at (368,390) size 8x13 [bgcolor=#FDFDFB] [r=30 c=48 rs=1 cs=1]
              RenderInline {FONT} at (0,0) size 3x13
                RenderText {#text} at (0,0) size 3x13
                  text run at (0,0) width 3: " "
            RenderTableCell {TD} at (376,390) size 8x13 [bgcolor=#FDFDFB] [r=30 c=49 rs=1 cs=1]
              RenderInline {FONT} at (0,0) size 3x13
                RenderText {#text} at (0,0) size 3x13
                  text run at (0,0) width 3: " "
            RenderTableCell {TD} at (384,390) size 8x13 [bgcolor=#FDFDFB] [r=30 c=50 rs=1 cs=1]
              RenderInline {FONT} at (0,0) size 3x13
                RenderText {#text} at (0,0) size 3x13
                  text run at (0,0) width 3: " "
            RenderTableCell {TD} at (392,390) size 8x13 [bgcolor=#FDFDFB] [r=30 c=51 rs=1 cs=1]
              RenderInline {FONT} at (0,0) size 3x13
                RenderText {#text} at (0,0) size 3x13
                  text run at (0,0) width 3: " "
            RenderTableCell {TD} at (400,390) size 8x13 [bgcolor=#FDFDFB] [r=30 c=52 rs=1 cs=1]
              RenderInline {FONT} at (0,0) size 3x13
                RenderText {#text} at (0,0) size 3x13
                  text run at (0,0) width 3: " "
            RenderTableCell {TD} at (408,390) size 8x13 [bgcolor=#FDFDFB] [r=30 c=53 rs=1 cs=1]
              RenderInline {FONT} at (0,0) size 3x13
                RenderText {#text} at (0,0) size 3x13
                  text run at (0,0) width 3: " "
            RenderTableCell {TD} at (416,390) size 8x13 [bgcolor=#FDFDFB] [r=30 c=54 rs=1 cs=1]
              RenderInline {FONT} at (0,0) size 3x13
                RenderText {#text} at (0,0) size 3x13
                  text run at (0,0) width 3: " "
            RenderTableCell {TD} at (424,390) size 8x13 [bgcolor=#FDFDFB] [r=30 c=55 rs=1 cs=1]
              RenderInline {FONT} at (0,0) size 3x13
                RenderText {#text} at (0,0) size 3x13
                  text run at (0,0) width 3: " "
            RenderTableCell {TD} at (432,390) size 8x13 [bgcolor=#FDFDFB] [r=30 c=56 rs=1 cs=1]
              RenderInline {FONT} at (0,0) size 3x13
                RenderText {#text} at (0,0) size 3x13
                  text run at (0,0) width 3: " "
            RenderTableCell {TD} at (440,390) size 8x13 [bgcolor=#FDFDFB] [r=30 c=57 rs=1 cs=1]
              RenderInline {FONT} at (0,0) size 3x13
                RenderText {#text} at (0,0) size 3x13
                  text run at (0,0) width 3: " "
            RenderTableCell {TD} at (448,390) size 8x13 [bgcolor=#FDFDFB] [r=30 c=58 rs=1 cs=1]
              RenderInline {FONT} at (0,0) size 3x13
                RenderText {#text} at (0,0) size 3x13
                  text run at (0,0) width 3: " "
            RenderTableCell {TD} at (456,390) size 8x13 [bgcolor=#FDFDFB] [r=30 c=59 rs=1 cs=1]
              RenderInline {FONT} at (0,0) size 3x13
                RenderText {#text} at (0,0) size 3x13
                  text run at (0,0) width 3: " "
            RenderTableCell {TD} at (464,390) size 8x13 [bgcolor=#FDFDFB] [r=30 c=60 rs=1 cs=1]
              RenderInline {FONT} at (0,0) size 3x13
                RenderText {#text} at (0,0) size 3x13
                  text run at (0,0) width 3: " "
            RenderTableCell {TD} at (472,390) size 8x13 [bgcolor=#FDFDFB] [r=30 c=61 rs=1 cs=1]
              RenderInline {FONT} at (0,0) size 3x13
                RenderText {#text} at (0,0) size 3x13
                  text run at (0,0) width 3: " "
            RenderTableCell {TD} at (480,390) size 8x13 [bgcolor=#FDFDFB] [r=30 c=62 rs=1 cs=1]
              RenderInline {FONT} at (0,0) size 3x13
                RenderText {#text} at (0,0) size 3x13
                  text run at (0,0) width 3: " "
            RenderTableCell {TD} at (488,390) size 8x13 [bgcolor=#FDFDFB] [r=30 c=63 rs=1 cs=1]
              RenderInline {FONT} at (0,0) size 3x13
                RenderText {#text} at (0,0) size 3x13
                  text run at (0,0) width 3: " "
            RenderTableCell {TD} at (496,390) size 8x13 [bgcolor=#FDFDFB] [r=30 c=64 rs=1 cs=1]
              RenderInline {FONT} at (0,0) size 3x13
                RenderText {#text} at (0,0) size 3x13
                  text run at (0,0) width 3: " "
            RenderTableCell {TD} at (504,390) size 8x13 [bgcolor=#CECFCF] [r=30 c=65 rs=1 cs=1]
              RenderInline {FONT} at (0,0) size 3x13
                RenderText {#text} at (0,0) size 3x13
                  text run at (0,0) width 3: " "
            RenderTableCell {TD} at (512,390) size 8x13 [bgcolor=#7B918F] [r=30 c=66 rs=1 cs=1]
              RenderInline {FONT} at (0,0) size 3x13
                RenderText {#text} at (0,0) size 3x13
                  text run at (0,0) width 3: " "
            RenderTableCell {TD} at (520,390) size 8x13 [bgcolor=#305D5D] [r=30 c=67 rs=1 cs=1]
              RenderInline {FONT} at (0,0) size 3x13
                RenderText {#text} at (0,0) size 3x13
                  text run at (0,0) width 3: " "
            RenderTableCell {TD} at (528,390) size 8x13 [bgcolor=#044140] [r=30 c=68 rs=1 cs=1]
              RenderInline {FONT} at (0,0) size 3x13
                RenderText {#text} at (0,0) size 3x13
                  text run at (0,0) width 3: " "
            RenderTableCell {TD} at (536,390) size 8x13 [bgcolor=#044140] [r=30 c=69 rs=1 cs=1]
              RenderInline {FONT} at (0,0) size 3x13
                RenderText {#text} at (0,0) size 3x13
                  text run at (0,0) width 3: " "
            RenderTableCell {TD} at (544,390) size 8x13 [bgcolor=#044140] [r=30 c=70 rs=1 cs=1]
              RenderInline {FONT} at (0,0) size 3x13
                RenderText {#text} at (0,0) size 3x13
                  text run at (0,0) width 3: " "
            RenderTableCell {TD} at (552,390) size 8x13 [bgcolor=#044F4F] [r=30 c=71 rs=1 cs=1]
              RenderInline {FONT} at (0,0) size 3x13
                RenderText {#text} at (0,0) size 3x13
                  text run at (0,0) width 3: " "
            RenderTableCell {TD} at (560,390) size 8x13 [bgcolor=#044F4F] [r=30 c=72 rs=1 cs=1]
              RenderInline {FONT} at (0,0) size 3x13
                RenderText {#text} at (0,0) size 3x13
                  text run at (0,0) width 3: " "
            RenderTableCell {TD} at (568,390) size 8x13 [bgcolor=#044F4F] [r=30 c=73 rs=1 cs=1]
              RenderInline {FONT} at (0,0) size 3x13
                RenderText {#text} at (0,0) size 3x13
                  text run at (0,0) width 3: " "
            RenderTableCell {TD} at (576,390) size 8x13 [bgcolor=#044F4F] [r=30 c=74 rs=1 cs=1]
              RenderInline {FONT} at (0,0) size 3x13
                RenderText {#text} at (0,0) size 3x13
                  text run at (0,0) width 3: " "
            RenderTableCell {TD} at (584,390) size 8x13 [bgcolor=#044F4F] [r=30 c=75 rs=1 cs=1]
              RenderInline {FONT} at (0,0) size 3x13
                RenderText {#text} at (0,0) size 3x13
                  text run at (0,0) width 3: " "
            RenderTableCell {TD} at (592,390) size 8x13 [bgcolor=#044F4F] [r=30 c=76 rs=1 cs=1]
              RenderInline {FONT} at (0,0) size 3x13
                RenderText {#text} at (0,0) size 3x13
                  text run at (0,0) width 3: " "
            RenderTableCell {TD} at (600,390) size 8x13 [bgcolor=#044F4F] [r=30 c=77 rs=1 cs=1]
              RenderInline {FONT} at (0,0) size 3x13
                RenderText {#text} at (0,0) size 3x13
                  text run at (0,0) width 3: " "
            RenderTableCell {TD} at (608,390) size 8x13 [bgcolor=#044140] [r=30 c=78 rs=1 cs=1]
              RenderInline {FONT} at (0,0) size 3x13
                RenderText {#text} at (0,0) size 3x13
                  text run at (0,0) width 3: " "
            RenderTableCell {TD} at (616,390) size 8x13 [bgcolor=#044140] [r=30 c=79 rs=1 cs=1]
              RenderInline {FONT} at (0,0) size 3x13
                RenderText {#text} at (0,0) size 3x13
                  text run at (0,0) width 3: " "
            RenderTableCell {TD} at (624,390) size 8x13 [bgcolor=#044140] [r=30 c=80 rs=1 cs=1]
              RenderInline {FONT} at (0,0) size 3x13
                RenderText {#text} at (0,0) size 3x13
                  text run at (0,0) width 3: " "
            RenderTableCell {TD} at (632,390) size 8x13 [bgcolor=#044140] [r=30 c=81 rs=1 cs=1]
              RenderInline {FONT} at (0,0) size 3x13
                RenderText {#text} at (0,0) size 3x13
                  text run at (0,0) width 3: " "
            RenderTableCell {TD} at (640,390) size 8x13 [bgcolor=#044140] [r=30 c=82 rs=1 cs=1]
              RenderInline {FONT} at (0,0) size 3x13
                RenderText {#text} at (0,0) size 3x13
                  text run at (0,0) width 3: " "
            RenderTableCell {TD} at (648,390) size 8x13 [bgcolor=#044140] [r=30 c=83 rs=1 cs=1]
              RenderInline {FONT} at (0,0) size 3x13
                RenderText {#text} at (0,0) size 3x13
                  text run at (0,0) width 3: " "
            RenderTableCell {TD} at (656,390) size 8x13 [bgcolor=#044140] [r=30 c=84 rs=1 cs=1]
              RenderInline {FONT} at (0,0) size 3x13
                RenderText {#text} at (0,0) size 3x13
                  text run at (0,0) width 3: " "
            RenderTableCell {TD} at (664,390) size 8x13 [bgcolor=#083131] [r=30 c=85 rs=1 cs=1]
              RenderInline {FONT} at (0,0) size 3x13
                RenderText {#text} at (0,0) size 3x13
                  text run at (0,0) width 3: " "
            RenderTableCell {TD} at (672,390) size 8x13 [bgcolor=#083131] [r=30 c=86 rs=1 cs=1]
              RenderInline {FONT} at (0,0) size 3x13
                RenderText {#text} at (0,0) size 3x13
                  text run at (0,0) width 3: " "
            RenderTableCell {TD} at (680,390) size 8x13 [bgcolor=#083131] [r=30 c=87 rs=1 cs=1]
              RenderInline {FONT} at (0,0) size 3x13
                RenderText {#text} at (0,0) size 3x13
                  text run at (0,0) width 3: " "
            RenderTableCell {TD} at (688,390) size 8x13 [bgcolor=#344C4E] [r=30 c=88 rs=1 cs=1]
              RenderInline {FONT} at (0,0) size 3x13
                RenderText {#text} at (0,0) size 3x13
                  text run at (0,0) width 3: " "
            RenderTableCell {TD} at (696,390) size 8x13 [bgcolor=#515C5B] [r=30 c=89 rs=1 cs=1]
              RenderInline {FONT} at (0,0) size 3x13
                RenderText {#text} at (0,0) size 3x13
                  text run at (0,0) width 3: " "
            RenderTableCell {TD} at (704,390) size 8x13 [bgcolor=#777878] [r=30 c=90 rs=1 cs=1]
              RenderInline {FONT} at (0,0) size 3x13
                RenderText {#text} at (0,0) size 3x13
                  text run at (0,0) width 3: " "
            RenderTableCell {TD} at (712,390) size 8x13 [bgcolor=#939494] [r=30 c=91 rs=1 cs=1]
              RenderInline {FONT} at (0,0) size 3x13
                RenderText {#text} at (0,0) size 3x13
                  text run at (0,0) width 3: " "
            RenderTableCell {TD} at (720,390) size 8x13 [bgcolor=#A5A6A6] [r=30 c=92 rs=1 cs=1]
              RenderInline {FONT} at (0,0) size 3x13
                RenderText {#text} at (0,0) size 3x13
                  text run at (0,0) width 3: " "
            RenderTableCell {TD} at (728,390) size 8x13 [bgcolor=#CECFCF] [r=30 c=93 rs=1 cs=1]
              RenderInline {FONT} at (0,0) size 3x13
                RenderText {#text} at (0,0) size 3x13
                  text run at (0,0) width 3: " "
            RenderTableCell {TD} at (736,390) size 8x13 [bgcolor=#E0EAE9] [r=30 c=94 rs=1 cs=1]
              RenderInline {FONT} at (0,0) size 3x13
                RenderText {#text} at (0,0) size 3x13
                  text run at (0,0) width 3: " "
            RenderTableCell {TD} at (744,390) size 8x13 [bgcolor=#FDFDFB] [r=30 c=95 rs=1 cs=1]
              RenderInline {FONT} at (0,0) size 3x13
                RenderText {#text} at (0,0) size 3x13
                  text run at (0,0) width 3: " "
            RenderTableCell {TD} at (752,390) size 8x13 [bgcolor=#FDFDFB] [r=30 c=96 rs=1 cs=1]
              RenderInline {FONT} at (0,0) size 3x13
                RenderText {#text} at (0,0) size 3x13
                  text run at (0,0) width 3: " "
            RenderTableCell {TD} at (760,390) size 8x13 [bgcolor=#FDFDFB] [r=30 c=97 rs=1 cs=1]
              RenderInline {FONT} at (0,0) size 3x13
                RenderText {#text} at (0,0) size 3x13
                  text run at (0,0) width 3: " "
            RenderTableCell {TD} at (768,390) size 8x13 [bgcolor=#FDFDFB] [r=30 c=98 rs=1 cs=1]
              RenderInline {FONT} at (0,0) size 3x13
                RenderText {#text} at (0,0) size 3x13
                  text run at (0,0) width 3: " "
            RenderTableCell {TD} at (776,390) size 8x13 [bgcolor=#FDFDFB] [r=30 c=99 rs=1 cs=1]
              RenderInline {FONT} at (0,0) size 3x13
                RenderText {#text} at (0,0) size 3x13
                  text run at (0,0) width 3: " "
          RenderTableRow {TR} at (0,403) size 784x13
            RenderTableCell {TD} at (0,403) size 7x13 [bgcolor=#FDFDFB] [r=31 c=0 rs=1 cs=1]
              RenderInline {FONT} at (0,0) size 3x13
                RenderText {#text} at (0,0) size 3x13
                  text run at (0,0) width 3: " "
            RenderTableCell {TD} at (7,403) size 7x13 [bgcolor=#FDFDFB] [r=31 c=1 rs=1 cs=1]
              RenderInline {FONT} at (0,0) size 3x13
                RenderText {#text} at (0,0) size 3x13
                  text run at (0,0) width 3: " "
            RenderTableCell {TD} at (14,403) size 7x13 [bgcolor=#FDFDFB] [r=31 c=2 rs=1 cs=1]
              RenderInline {FONT} at (0,0) size 3x13
                RenderText {#text} at (0,0) size 3x13
                  text run at (0,0) width 3: " "
            RenderTableCell {TD} at (21,403) size 7x13 [bgcolor=#FDFDFB] [r=31 c=3 rs=1 cs=1]
              RenderInline {FONT} at (0,0) size 3x13
                RenderText {#text} at (0,0) size 3x13
                  text run at (0,0) width 3: " "
            RenderTableCell {TD} at (28,403) size 7x13 [bgcolor=#FDFDFB] [r=31 c=4 rs=1 cs=1]
              RenderInline {FONT} at (0,0) size 3x13
                RenderText {#text} at (0,0) size 3x13
                  text run at (0,0) width 3: " "
            RenderTableCell {TD} at (35,403) size 7x13 [bgcolor=#FDFDFB] [r=31 c=5 rs=1 cs=1]
              RenderInline {FONT} at (0,0) size 3x13
                RenderText {#text} at (0,0) size 3x13
                  text run at (0,0) width 3: " "
            RenderTableCell {TD} at (42,403) size 7x13 [bgcolor=#FDFDFB] [r=31 c=6 rs=1 cs=1]
              RenderInline {FONT} at (0,0) size 3x13
                RenderText {#text} at (0,0) size 3x13
                  text run at (0,0) width 3: " "
            RenderTableCell {TD} at (49,403) size 7x13 [bgcolor=#FDFDFB] [r=31 c=7 rs=1 cs=1]
              RenderInline {FONT} at (0,0) size 3x13
                RenderText {#text} at (0,0) size 3x13
                  text run at (0,0) width 3: " "
            RenderTableCell {TD} at (56,403) size 7x13 [bgcolor=#FDFDFB] [r=31 c=8 rs=1 cs=1]
              RenderInline {FONT} at (0,0) size 3x13
                RenderText {#text} at (0,0) size 3x13
                  text run at (0,0) width 3: " "
            RenderTableCell {TD} at (63,403) size 7x13 [bgcolor=#FDFDFB] [r=31 c=9 rs=1 cs=1]
              RenderInline {FONT} at (0,0) size 3x13
                RenderText {#text} at (0,0) size 3x13
                  text run at (0,0) width 3: " "
            RenderTableCell {TD} at (70,403) size 7x13 [bgcolor=#FDFDFB] [r=31 c=10 rs=1 cs=1]
              RenderInline {FONT} at (0,0) size 3x13
                RenderText {#text} at (0,0) size 3x13
                  text run at (0,0) width 3: " "
            RenderTableCell {TD} at (77,403) size 7x13 [bgcolor=#FDFDFB] [r=31 c=11 rs=1 cs=1]
              RenderInline {FONT} at (0,0) size 3x13
                RenderText {#text} at (0,0) size 3x13
                  text run at (0,0) width 3: " "
            RenderTableCell {TD} at (84,403) size 7x13 [bgcolor=#FDFDFB] [r=31 c=12 rs=1 cs=1]
              RenderInline {FONT} at (0,0) size 3x13
                RenderText {#text} at (0,0) size 3x13
                  text run at (0,0) width 3: " "
            RenderTableCell {TD} at (91,403) size 7x13 [bgcolor=#FDFDFB] [r=31 c=13 rs=1 cs=1]
              RenderInline {FONT} at (0,0) size 3x13
                RenderText {#text} at (0,0) size 3x13
                  text run at (0,0) width 3: " "
            RenderTableCell {TD} at (98,403) size 7x13 [bgcolor=#FDFDFB] [r=31 c=14 rs=1 cs=1]
              RenderInline {FONT} at (0,0) size 3x13
                RenderText {#text} at (0,0) size 3x13
                  text run at (0,0) width 3: " "
            RenderTableCell {TD} at (105,403) size 7x13 [bgcolor=#FDFDFB] [r=31 c=15 rs=1 cs=1]
              RenderInline {FONT} at (0,0) size 3x13
                RenderText {#text} at (0,0) size 3x13
                  text run at (0,0) width 3: " "
            RenderTableCell {TD} at (112,403) size 8x13 [bgcolor=#FDFDFB] [r=31 c=16 rs=1 cs=1]
              RenderInline {FONT} at (0,0) size 3x13
                RenderText {#text} at (0,0) size 3x13
                  text run at (0,0) width 3: " "
            RenderTableCell {TD} at (120,403) size 8x13 [bgcolor=#FDFDFB] [r=31 c=17 rs=1 cs=1]
              RenderInline {FONT} at (0,0) size 3x13
                RenderText {#text} at (0,0) size 3x13
                  text run at (0,0) width 3: " "
            RenderTableCell {TD} at (128,403) size 8x13 [bgcolor=#FDFDFB] [r=31 c=18 rs=1 cs=1]
              RenderInline {FONT} at (0,0) size 3x13
                RenderText {#text} at (0,0) size 3x13
                  text run at (0,0) width 3: " "
            RenderTableCell {TD} at (136,403) size 8x13 [bgcolor=#FDFDFB] [r=31 c=19 rs=1 cs=1]
              RenderInline {FONT} at (0,0) size 3x13
                RenderText {#text} at (0,0) size 3x13
                  text run at (0,0) width 3: " "
            RenderTableCell {TD} at (144,403) size 8x13 [bgcolor=#FDFDFB] [r=31 c=20 rs=1 cs=1]
              RenderInline {FONT} at (0,0) size 3x13
                RenderText {#text} at (0,0) size 3x13
                  text run at (0,0) width 3: " "
            RenderTableCell {TD} at (152,403) size 8x13 [bgcolor=#FDFDFB] [r=31 c=21 rs=1 cs=1]
              RenderInline {FONT} at (0,0) size 3x13
                RenderText {#text} at (0,0) size 3x13
                  text run at (0,0) width 3: " "
            RenderTableCell {TD} at (160,403) size 8x13 [bgcolor=#FDFDFB] [r=31 c=22 rs=1 cs=1]
              RenderInline {FONT} at (0,0) size 3x13
                RenderText {#text} at (0,0) size 3x13
                  text run at (0,0) width 3: " "
            RenderTableCell {TD} at (168,403) size 8x13 [bgcolor=#FDFDFB] [r=31 c=23 rs=1 cs=1]
              RenderInline {FONT} at (0,0) size 3x13
                RenderText {#text} at (0,0) size 3x13
                  text run at (0,0) width 3: " "
            RenderTableCell {TD} at (176,403) size 8x13 [bgcolor=#FDFDFB] [r=31 c=24 rs=1 cs=1]
              RenderInline {FONT} at (0,0) size 3x13
                RenderText {#text} at (0,0) size 3x13
                  text run at (0,0) width 3: " "
            RenderTableCell {TD} at (184,403) size 8x13 [bgcolor=#FDFDFB] [r=31 c=25 rs=1 cs=1]
              RenderInline {FONT} at (0,0) size 3x13
                RenderText {#text} at (0,0) size 3x13
                  text run at (0,0) width 3: " "
            RenderTableCell {TD} at (192,403) size 8x13 [bgcolor=#FDFDFB] [r=31 c=26 rs=1 cs=1]
              RenderInline {FONT} at (0,0) size 3x13
                RenderText {#text} at (0,0) size 3x13
                  text run at (0,0) width 3: " "
            RenderTableCell {TD} at (200,403) size 8x13 [bgcolor=#FDFDFB] [r=31 c=27 rs=1 cs=1]
              RenderInline {FONT} at (0,0) size 3x13
                RenderText {#text} at (0,0) size 3x13
                  text run at (0,0) width 3: " "
            RenderTableCell {TD} at (208,403) size 8x13 [bgcolor=#FDFDFB] [r=31 c=28 rs=1 cs=1]
              RenderInline {FONT} at (0,0) size 3x13
                RenderText {#text} at (0,0) size 3x13
                  text run at (0,0) width 3: " "
            RenderTableCell {TD} at (216,403) size 8x13 [bgcolor=#FDFDFB] [r=31 c=29 rs=1 cs=1]
              RenderInline {FONT} at (0,0) size 3x13
                RenderText {#text} at (0,0) size 3x13
                  text run at (0,0) width 3: " "
            RenderTableCell {TD} at (224,403) size 8x13 [bgcolor=#FDFDFB] [r=31 c=30 rs=1 cs=1]
              RenderInline {FONT} at (0,0) size 3x13
                RenderText {#text} at (0,0) size 3x13
                  text run at (0,0) width 3: " "
            RenderTableCell {TD} at (232,403) size 8x13 [bgcolor=#FDFDFB] [r=31 c=31 rs=1 cs=1]
              RenderInline {FONT} at (0,0) size 3x13
                RenderText {#text} at (0,0) size 3x13
                  text run at (0,0) width 3: " "
            RenderTableCell {TD} at (240,403) size 8x13 [bgcolor=#FDFDFB] [r=31 c=32 rs=1 cs=1]
              RenderInline {FONT} at (0,0) size 3x13
                RenderText {#text} at (0,0) size 3x13
                  text run at (0,0) width 3: " "
            RenderTableCell {TD} at (248,403) size 8x13 [bgcolor=#FDFDFB] [r=31 c=33 rs=1 cs=1]
              RenderInline {FONT} at (0,0) size 3x13
                RenderText {#text} at (0,0) size 3x13
                  text run at (0,0) width 3: " "
            RenderTableCell {TD} at (256,403) size 8x13 [bgcolor=#FDFDFB] [r=31 c=34 rs=1 cs=1]
              RenderInline {FONT} at (0,0) size 3x13
                RenderText {#text} at (0,0) size 3x13
                  text run at (0,0) width 3: " "
            RenderTableCell {TD} at (264,403) size 8x13 [bgcolor=#FDFDFB] [r=31 c=35 rs=1 cs=1]
              RenderInline {FONT} at (0,0) size 3x13
                RenderText {#text} at (0,0) size 3x13
                  text run at (0,0) width 3: " "
            RenderTableCell {TD} at (272,403) size 8x13 [bgcolor=#FDFDFB] [r=31 c=36 rs=1 cs=1]
              RenderInline {FONT} at (0,0) size 3x13
                RenderText {#text} at (0,0) size 3x13
                  text run at (0,0) width 3: " "
            RenderTableCell {TD} at (280,403) size 8x13 [bgcolor=#FDFDFB] [r=31 c=37 rs=1 cs=1]
              RenderInline {FONT} at (0,0) size 3x13
                RenderText {#text} at (0,0) size 3x13
                  text run at (0,0) width 3: " "
            RenderTableCell {TD} at (288,403) size 8x13 [bgcolor=#FDFDFB] [r=31 c=38 rs=1 cs=1]
              RenderInline {FONT} at (0,0) size 3x13
                RenderText {#text} at (0,0) size 3x13
                  text run at (0,0) width 3: " "
            RenderTableCell {TD} at (296,403) size 8x13 [bgcolor=#FDFDFB] [r=31 c=39 rs=1 cs=1]
              RenderInline {FONT} at (0,0) size 3x13
                RenderText {#text} at (0,0) size 3x13
                  text run at (0,0) width 3: " "
            RenderTableCell {TD} at (304,403) size 8x13 [bgcolor=#FDFDFB] [r=31 c=40 rs=1 cs=1]
              RenderInline {FONT} at (0,0) size 3x13
                RenderText {#text} at (0,0) size 3x13
                  text run at (0,0) width 3: " "
            RenderTableCell {TD} at (312,403) size 8x13 [bgcolor=#FDFDFB] [r=31 c=41 rs=1 cs=1]
              RenderInline {FONT} at (0,0) size 3x13
                RenderText {#text} at (0,0) size 3x13
                  text run at (0,0) width 3: " "
            RenderTableCell {TD} at (320,403) size 8x13 [bgcolor=#FDFDFB] [r=31 c=42 rs=1 cs=1]
              RenderInline {FONT} at (0,0) size 3x13
                RenderText {#text} at (0,0) size 3x13
                  text run at (0,0) width 3: " "
            RenderTableCell {TD} at (328,403) size 8x13 [bgcolor=#FDFDFB] [r=31 c=43 rs=1 cs=1]
              RenderInline {FONT} at (0,0) size 3x13
                RenderText {#text} at (0,0) size 3x13
                  text run at (0,0) width 3: " "
            RenderTableCell {TD} at (336,403) size 8x13 [bgcolor=#FDFDFB] [r=31 c=44 rs=1 cs=1]
              RenderInline {FONT} at (0,0) size 3x13
                RenderText {#text} at (0,0) size 3x13
                  text run at (0,0) width 3: " "
            RenderTableCell {TD} at (344,403) size 8x13 [bgcolor=#FDFDFB] [r=31 c=45 rs=1 cs=1]
              RenderInline {FONT} at (0,0) size 3x13
                RenderText {#text} at (0,0) size 3x13
                  text run at (0,0) width 3: " "
            RenderTableCell {TD} at (352,403) size 8x13 [bgcolor=#FDFDFB] [r=31 c=46 rs=1 cs=1]
              RenderInline {FONT} at (0,0) size 3x13
                RenderText {#text} at (0,0) size 3x13
                  text run at (0,0) width 3: " "
            RenderTableCell {TD} at (360,403) size 8x13 [bgcolor=#FDFDFB] [r=31 c=47 rs=1 cs=1]
              RenderInline {FONT} at (0,0) size 3x13
                RenderText {#text} at (0,0) size 3x13
                  text run at (0,0) width 3: " "
            RenderTableCell {TD} at (368,403) size 8x13 [bgcolor=#FDFDFB] [r=31 c=48 rs=1 cs=1]
              RenderInline {FONT} at (0,0) size 3x13
                RenderText {#text} at (0,0) size 3x13
                  text run at (0,0) width 3: " "
            RenderTableCell {TD} at (376,403) size 8x13 [bgcolor=#FDFDFB] [r=31 c=49 rs=1 cs=1]
              RenderInline {FONT} at (0,0) size 3x13
                RenderText {#text} at (0,0) size 3x13
                  text run at (0,0) width 3: " "
            RenderTableCell {TD} at (384,403) size 8x13 [bgcolor=#FDFDFB] [r=31 c=50 rs=1 cs=1]
              RenderInline {FONT} at (0,0) size 3x13
                RenderText {#text} at (0,0) size 3x13
                  text run at (0,0) width 3: " "
            RenderTableCell {TD} at (392,403) size 8x13 [bgcolor=#FDFDFB] [r=31 c=51 rs=1 cs=1]
              RenderInline {FONT} at (0,0) size 3x13
                RenderText {#text} at (0,0) size 3x13
                  text run at (0,0) width 3: " "
            RenderTableCell {TD} at (400,403) size 8x13 [bgcolor=#FDFDFB] [r=31 c=52 rs=1 cs=1]
              RenderInline {FONT} at (0,0) size 3x13
                RenderText {#text} at (0,0) size 3x13
                  text run at (0,0) width 3: " "
            RenderTableCell {TD} at (408,403) size 8x13 [bgcolor=#FDFDFB] [r=31 c=53 rs=1 cs=1]
              RenderInline {FONT} at (0,0) size 3x13
                RenderText {#text} at (0,0) size 3x13
                  text run at (0,0) width 3: " "
            RenderTableCell {TD} at (416,403) size 8x13 [bgcolor=#FDFDFB] [r=31 c=54 rs=1 cs=1]
              RenderInline {FONT} at (0,0) size 3x13
                RenderText {#text} at (0,0) size 3x13
                  text run at (0,0) width 3: " "
            RenderTableCell {TD} at (424,403) size 8x13 [bgcolor=#FDFDFB] [r=31 c=55 rs=1 cs=1]
              RenderInline {FONT} at (0,0) size 3x13
                RenderText {#text} at (0,0) size 3x13
                  text run at (0,0) width 3: " "
            RenderTableCell {TD} at (432,403) size 8x13 [bgcolor=#FDFDFB] [r=31 c=56 rs=1 cs=1]
              RenderInline {FONT} at (0,0) size 3x13
                RenderText {#text} at (0,0) size 3x13
                  text run at (0,0) width 3: " "
            RenderTableCell {TD} at (440,403) size 8x13 [bgcolor=#FDFDFB] [r=31 c=57 rs=1 cs=1]
              RenderInline {FONT} at (0,0) size 3x13
                RenderText {#text} at (0,0) size 3x13
                  text run at (0,0) width 3: " "
            RenderTableCell {TD} at (448,403) size 8x13 [bgcolor=#FDFDFB] [r=31 c=58 rs=1 cs=1]
              RenderInline {FONT} at (0,0) size 3x13
                RenderText {#text} at (0,0) size 3x13
                  text run at (0,0) width 3: " "
            RenderTableCell {TD} at (456,403) size 8x13 [bgcolor=#FDFDFB] [r=31 c=59 rs=1 cs=1]
              RenderInline {FONT} at (0,0) size 3x13
                RenderText {#text} at (0,0) size 3x13
                  text run at (0,0) width 3: " "
            RenderTableCell {TD} at (464,403) size 8x13 [bgcolor=#FDFDFB] [r=31 c=60 rs=1 cs=1]
              RenderInline {FONT} at (0,0) size 3x13
                RenderText {#text} at (0,0) size 3x13
                  text run at (0,0) width 3: " "
            RenderTableCell {TD} at (472,403) size 8x13 [bgcolor=#FDFDFB] [r=31 c=61 rs=1 cs=1]
              RenderInline {FONT} at (0,0) size 3x13
                RenderText {#text} at (0,0) size 3x13
                  text run at (0,0) width 3: " "
            RenderTableCell {TD} at (480,403) size 8x13 [bgcolor=#FDFDFB] [r=31 c=62 rs=1 cs=1]
              RenderInline {FONT} at (0,0) size 3x13
                RenderText {#text} at (0,0) size 3x13
                  text run at (0,0) width 3: " "
            RenderTableCell {TD} at (488,403) size 8x13 [bgcolor=#FDFDFB] [r=31 c=63 rs=1 cs=1]
              RenderInline {FONT} at (0,0) size 3x13
                RenderText {#text} at (0,0) size 3x13
                  text run at (0,0) width 3: " "
            RenderTableCell {TD} at (496,403) size 8x13 [bgcolor=#FDFDFB] [r=31 c=64 rs=1 cs=1]
              RenderInline {FONT} at (0,0) size 3x13
                RenderText {#text} at (0,0) size 3x13
                  text run at (0,0) width 3: " "
            RenderTableCell {TD} at (504,403) size 8x13 [bgcolor=#EDEEEF] [r=31 c=65 rs=1 cs=1]
              RenderInline {FONT} at (0,0) size 3x13
                RenderText {#text} at (0,0) size 3x13
                  text run at (0,0) width 3: " "
            RenderTableCell {TD} at (512,403) size 8x13 [bgcolor=#DEDFDF] [r=31 c=66 rs=1 cs=1]
              RenderInline {FONT} at (0,0) size 3x13
                RenderText {#text} at (0,0) size 3x13
                  text run at (0,0) width 3: " "
            RenderTableCell {TD} at (520,403) size 8x13 [bgcolor=#B4B4B4] [r=31 c=67 rs=1 cs=1]
              RenderInline {FONT} at (0,0) size 3x13
                RenderText {#text} at (0,0) size 3x13
                  text run at (0,0) width 3: " "
            RenderTableCell {TD} at (528,403) size 8x13 [bgcolor=#91A3A3] [r=31 c=68 rs=1 cs=1]
              RenderInline {FONT} at (0,0) size 3x13
                RenderText {#text} at (0,0) size 3x13
                  text run at (0,0) width 3: " "
            RenderTableCell {TD} at (536,403) size 8x13 [bgcolor=#848788] [r=31 c=69 rs=1 cs=1]
              RenderInline {FONT} at (0,0) size 3x13
                RenderText {#text} at (0,0) size 3x13
                  text run at (0,0) width 3: " "
            RenderTableCell {TD} at (544,403) size 8x13 [bgcolor=#647979] [r=31 c=70 rs=1 cs=1]
              RenderInline {FONT} at (0,0) size 3x13
                RenderText {#text} at (0,0) size 3x13
                  text run at (0,0) width 3: " "
            RenderTableCell {TD} at (552,403) size 8x13 [bgcolor=#515C5B] [r=31 c=71 rs=1 cs=1]
              RenderInline {FONT} at (0,0) size 3x13
                RenderText {#text} at (0,0) size 3x13
                  text run at (0,0) width 3: " "
            RenderTableCell {TD} at (560,403) size 8x13 [bgcolor=#425A5A] [r=31 c=72 rs=1 cs=1]
              RenderInline {FONT} at (0,0) size 3x13
                RenderText {#text} at (0,0) size 3x13
                  text run at (0,0) width 3: " "
            RenderTableCell {TD} at (568,403) size 8x13 [bgcolor=#344C4E] [r=31 c=73 rs=1 cs=1]
              RenderInline {FONT} at (0,0) size 3x13
                RenderText {#text} at (0,0) size 3x13
                  text run at (0,0) width 3: " "
            RenderTableCell {TD} at (576,403) size 8x13 [bgcolor=#344C4E] [r=31 c=74 rs=1 cs=1]
              RenderInline {FONT} at (0,0) size 3x13
                RenderText {#text} at (0,0) size 3x13
                  text run at (0,0) width 3: " "
            RenderTableCell {TD} at (584,403) size 8x13 [bgcolor=#344C4E] [r=31 c=75 rs=1 cs=1]
              RenderInline {FONT} at (0,0) size 3x13
                RenderText {#text} at (0,0) size 3x13
                  text run at (0,0) width 3: " "
            RenderTableCell {TD} at (592,403) size 8x13 [bgcolor=#274C4D] [r=31 c=76 rs=1 cs=1]
              RenderInline {FONT} at (0,0) size 3x13
                RenderText {#text} at (0,0) size 3x13
                  text run at (0,0) width 3: " "
            RenderTableCell {TD} at (600,403) size 8x13 [bgcolor=#274C4D] [r=31 c=77 rs=1 cs=1]
              RenderInline {FONT} at (0,0) size 3x13
                RenderText {#text} at (0,0) size 3x13
                  text run at (0,0) width 3: " "
            RenderTableCell {TD} at (608,403) size 8x13 [bgcolor=#223C3D] [r=31 c=78 rs=1 cs=1]
              RenderInline {FONT} at (0,0) size 3x13
                RenderText {#text} at (0,0) size 3x13
                  text run at (0,0) width 3: " "
            RenderTableCell {TD} at (616,403) size 8x13 [bgcolor=#274C4D] [r=31 c=79 rs=1 cs=1]
              RenderInline {FONT} at (0,0) size 3x13
                RenderText {#text} at (0,0) size 3x13
                  text run at (0,0) width 3: " "
            RenderTableCell {TD} at (624,403) size 8x13 [bgcolor=#274C4D] [r=31 c=80 rs=1 cs=1]
              RenderInline {FONT} at (0,0) size 3x13
                RenderText {#text} at (0,0) size 3x13
                  text run at (0,0) width 3: " "
            RenderTableCell {TD} at (632,403) size 8x13 [bgcolor=#274C4D] [r=31 c=81 rs=1 cs=1]
              RenderInline {FONT} at (0,0) size 3x13
                RenderText {#text} at (0,0) size 3x13
                  text run at (0,0) width 3: " "
            RenderTableCell {TD} at (640,403) size 8x13 [bgcolor=#344C4E] [r=31 c=82 rs=1 cs=1]
              RenderInline {FONT} at (0,0) size 3x13
                RenderText {#text} at (0,0) size 3x13
                  text run at (0,0) width 3: " "
            RenderTableCell {TD} at (648,403) size 8x13 [bgcolor=#344C4E] [r=31 c=83 rs=1 cs=1]
              RenderInline {FONT} at (0,0) size 3x13
                RenderText {#text} at (0,0) size 3x13
                  text run at (0,0) width 3: " "
            RenderTableCell {TD} at (656,403) size 8x13 [bgcolor=#344C4E] [r=31 c=84 rs=1 cs=1]
              RenderInline {FONT} at (0,0) size 3x13
                RenderText {#text} at (0,0) size 3x13
                  text run at (0,0) width 3: " "
            RenderTableCell {TD} at (664,403) size 8x13 [bgcolor=#5E5F60] [r=31 c=85 rs=1 cs=1]
              RenderInline {FONT} at (0,0) size 3x13
                RenderText {#text} at (0,0) size 3x13
                  text run at (0,0) width 3: " "
            RenderTableCell {TD} at (672,403) size 8x13 [bgcolor=#777878] [r=31 c=86 rs=1 cs=1]
              RenderInline {FONT} at (0,0) size 3x13
                RenderText {#text} at (0,0) size 3x13
                  text run at (0,0) width 3: " "
            RenderTableCell {TD} at (680,403) size 8x13 [bgcolor=#848788] [r=31 c=87 rs=1 cs=1]
              RenderInline {FONT} at (0,0) size 3x13
                RenderText {#text} at (0,0) size 3x13
                  text run at (0,0) width 3: " "
            RenderTableCell {TD} at (688,403) size 8x13 [bgcolor=#848788] [r=31 c=88 rs=1 cs=1]
              RenderInline {FONT} at (0,0) size 3x13
                RenderText {#text} at (0,0) size 3x13
                  text run at (0,0) width 3: " "
            RenderTableCell {TD} at (696,403) size 8x13 [bgcolor=#939494] [r=31 c=89 rs=1 cs=1]
              RenderInline {FONT} at (0,0) size 3x13
                RenderText {#text} at (0,0) size 3x13
                  text run at (0,0) width 3: " "
            RenderTableCell {TD} at (704,403) size 8x13 [bgcolor=#B4B4B4] [r=31 c=90 rs=1 cs=1]
              RenderInline {FONT} at (0,0) size 3x13
                RenderText {#text} at (0,0) size 3x13
                  text run at (0,0) width 3: " "
            RenderTableCell {TD} at (712,403) size 8x13 [bgcolor=#BEC2C2] [r=31 c=91 rs=1 cs=1]
              RenderInline {FONT} at (0,0) size 3x13
                RenderText {#text} at (0,0) size 3x13
                  text run at (0,0) width 3: " "
            RenderTableCell {TD} at (720,403) size 8x13 [bgcolor=#DEDFDF] [r=31 c=92 rs=1 cs=1]
              RenderInline {FONT} at (0,0) size 3x13
                RenderText {#text} at (0,0) size 3x13
                  text run at (0,0) width 3: " "
            RenderTableCell {TD} at (728,403) size 8x13 [bgcolor=#EDEEEF] [r=31 c=93 rs=1 cs=1]
              RenderInline {FONT} at (0,0) size 3x13
                RenderText {#text} at (0,0) size 3x13
                  text run at (0,0) width 3: " "
            RenderTableCell {TD} at (736,403) size 8x13 [bgcolor=#FDFDFB] [r=31 c=94 rs=1 cs=1]
              RenderInline {FONT} at (0,0) size 3x13
                RenderText {#text} at (0,0) size 3x13
                  text run at (0,0) width 3: " "
            RenderTableCell {TD} at (744,403) size 8x13 [bgcolor=#FDFDFB] [r=31 c=95 rs=1 cs=1]
              RenderInline {FONT} at (0,0) size 3x13
                RenderText {#text} at (0,0) size 3x13
                  text run at (0,0) width 3: " "
            RenderTableCell {TD} at (752,403) size 8x13 [bgcolor=#FDFDFB] [r=31 c=96 rs=1 cs=1]
              RenderInline {FONT} at (0,0) size 3x13
                RenderText {#text} at (0,0) size 3x13
                  text run at (0,0) width 3: " "
            RenderTableCell {TD} at (760,403) size 8x13 [bgcolor=#FDFDFB] [r=31 c=97 rs=1 cs=1]
              RenderInline {FONT} at (0,0) size 3x13
                RenderText {#text} at (0,0) size 3x13
                  text run at (0,0) width 3: " "
            RenderTableCell {TD} at (768,403) size 8x13 [bgcolor=#FDFDFB] [r=31 c=98 rs=1 cs=1]
              RenderInline {FONT} at (0,0) size 3x13
                RenderText {#text} at (0,0) size 3x13
                  text run at (0,0) width 3: " "
            RenderTableCell {TD} at (776,403) size 8x13 [bgcolor=#FDFDFB] [r=31 c=99 rs=1 cs=1]
              RenderInline {FONT} at (0,0) size 3x13
                RenderText {#text} at (0,0) size 3x13
                  text run at (0,0) width 3: " "
          RenderTableRow {TR} at (0,416) size 784x13
            RenderTableCell {TD} at (0,416) size 7x13 [bgcolor=#FDFDFB] [r=32 c=0 rs=1 cs=1]
              RenderInline {FONT} at (0,0) size 3x13
                RenderText {#text} at (0,0) size 3x13
                  text run at (0,0) width 3: " "
            RenderTableCell {TD} at (7,416) size 7x13 [bgcolor=#FDFDFB] [r=32 c=1 rs=1 cs=1]
              RenderInline {FONT} at (0,0) size 3x13
                RenderText {#text} at (0,0) size 3x13
                  text run at (0,0) width 3: " "
            RenderTableCell {TD} at (14,416) size 7x13 [bgcolor=#FDFDFB] [r=32 c=2 rs=1 cs=1]
              RenderInline {FONT} at (0,0) size 3x13
                RenderText {#text} at (0,0) size 3x13
                  text run at (0,0) width 3: " "
            RenderTableCell {TD} at (21,416) size 7x13 [bgcolor=#FDFDFB] [r=32 c=3 rs=1 cs=1]
              RenderInline {FONT} at (0,0) size 3x13
                RenderText {#text} at (0,0) size 3x13
                  text run at (0,0) width 3: " "
            RenderTableCell {TD} at (28,416) size 7x13 [bgcolor=#FDFDFB] [r=32 c=4 rs=1 cs=1]
              RenderInline {FONT} at (0,0) size 3x13
                RenderText {#text} at (0,0) size 3x13
                  text run at (0,0) width 3: " "
            RenderTableCell {TD} at (35,416) size 7x13 [bgcolor=#FDFDFB] [r=32 c=5 rs=1 cs=1]
              RenderInline {FONT} at (0,0) size 3x13
                RenderText {#text} at (0,0) size 3x13
                  text run at (0,0) width 3: " "
            RenderTableCell {TD} at (42,416) size 7x13 [bgcolor=#FDFDFB] [r=32 c=6 rs=1 cs=1]
              RenderInline {FONT} at (0,0) size 3x13
                RenderText {#text} at (0,0) size 3x13
                  text run at (0,0) width 3: " "
            RenderTableCell {TD} at (49,416) size 7x13 [bgcolor=#FDFDFB] [r=32 c=7 rs=1 cs=1]
              RenderInline {FONT} at (0,0) size 3x13
                RenderText {#text} at (0,0) size 3x13
                  text run at (0,0) width 3: " "
            RenderTableCell {TD} at (56,416) size 7x13 [bgcolor=#FDFDFB] [r=32 c=8 rs=1 cs=1]
              RenderInline {FONT} at (0,0) size 3x13
                RenderText {#text} at (0,0) size 3x13
                  text run at (0,0) width 3: " "
            RenderTableCell {TD} at (63,416) size 7x13 [bgcolor=#FDFDFB] [r=32 c=9 rs=1 cs=1]
              RenderInline {FONT} at (0,0) size 3x13
                RenderText {#text} at (0,0) size 3x13
                  text run at (0,0) width 3: " "
            RenderTableCell {TD} at (70,416) size 7x13 [bgcolor=#FDFDFB] [r=32 c=10 rs=1 cs=1]
              RenderInline {FONT} at (0,0) size 3x13
                RenderText {#text} at (0,0) size 3x13
                  text run at (0,0) width 3: " "
            RenderTableCell {TD} at (77,416) size 7x13 [bgcolor=#FDFDFB] [r=32 c=11 rs=1 cs=1]
              RenderInline {FONT} at (0,0) size 3x13
                RenderText {#text} at (0,0) size 3x13
                  text run at (0,0) width 3: " "
            RenderTableCell {TD} at (84,416) size 7x13 [bgcolor=#FDFDFB] [r=32 c=12 rs=1 cs=1]
              RenderInline {FONT} at (0,0) size 3x13
                RenderText {#text} at (0,0) size 3x13
                  text run at (0,0) width 3: " "
            RenderTableCell {TD} at (91,416) size 7x13 [bgcolor=#FDFDFB] [r=32 c=13 rs=1 cs=1]
              RenderInline {FONT} at (0,0) size 3x13
                RenderText {#text} at (0,0) size 3x13
                  text run at (0,0) width 3: " "
            RenderTableCell {TD} at (98,416) size 7x13 [bgcolor=#FDFDFB] [r=32 c=14 rs=1 cs=1]
              RenderInline {FONT} at (0,0) size 3x13
                RenderText {#text} at (0,0) size 3x13
                  text run at (0,0) width 3: " "
            RenderTableCell {TD} at (105,416) size 7x13 [bgcolor=#FDFDFB] [r=32 c=15 rs=1 cs=1]
              RenderInline {FONT} at (0,0) size 3x13
                RenderText {#text} at (0,0) size 3x13
                  text run at (0,0) width 3: " "
            RenderTableCell {TD} at (112,416) size 8x13 [bgcolor=#FDFDFB] [r=32 c=16 rs=1 cs=1]
              RenderInline {FONT} at (0,0) size 3x13
                RenderText {#text} at (0,0) size 3x13
                  text run at (0,0) width 3: " "
            RenderTableCell {TD} at (120,416) size 8x13 [bgcolor=#FDFDFB] [r=32 c=17 rs=1 cs=1]
              RenderInline {FONT} at (0,0) size 3x13
                RenderText {#text} at (0,0) size 3x13
                  text run at (0,0) width 3: " "
            RenderTableCell {TD} at (128,416) size 8x13 [bgcolor=#FDFDFB] [r=32 c=18 rs=1 cs=1]
              RenderInline {FONT} at (0,0) size 3x13
                RenderText {#text} at (0,0) size 3x13
                  text run at (0,0) width 3: " "
            RenderTableCell {TD} at (136,416) size 8x13 [bgcolor=#FDFDFB] [r=32 c=19 rs=1 cs=1]
              RenderInline {FONT} at (0,0) size 3x13
                RenderText {#text} at (0,0) size 3x13
                  text run at (0,0) width 3: " "
            RenderTableCell {TD} at (144,416) size 8x13 [bgcolor=#FDFDFB] [r=32 c=20 rs=1 cs=1]
              RenderInline {FONT} at (0,0) size 3x13
                RenderText {#text} at (0,0) size 3x13
                  text run at (0,0) width 3: " "
            RenderTableCell {TD} at (152,416) size 8x13 [bgcolor=#FDFDFB] [r=32 c=21 rs=1 cs=1]
              RenderInline {FONT} at (0,0) size 3x13
                RenderText {#text} at (0,0) size 3x13
                  text run at (0,0) width 3: " "
            RenderTableCell {TD} at (160,416) size 8x13 [bgcolor=#FDFDFB] [r=32 c=22 rs=1 cs=1]
              RenderInline {FONT} at (0,0) size 3x13
                RenderText {#text} at (0,0) size 3x13
                  text run at (0,0) width 3: " "
            RenderTableCell {TD} at (168,416) size 8x13 [bgcolor=#FDFDFB] [r=32 c=23 rs=1 cs=1]
              RenderInline {FONT} at (0,0) size 3x13
                RenderText {#text} at (0,0) size 3x13
                  text run at (0,0) width 3: " "
            RenderTableCell {TD} at (176,416) size 8x13 [bgcolor=#FDFDFB] [r=32 c=24 rs=1 cs=1]
              RenderInline {FONT} at (0,0) size 3x13
                RenderText {#text} at (0,0) size 3x13
                  text run at (0,0) width 3: " "
            RenderTableCell {TD} at (184,416) size 8x13 [bgcolor=#FDFDFB] [r=32 c=25 rs=1 cs=1]
              RenderInline {FONT} at (0,0) size 3x13
                RenderText {#text} at (0,0) size 3x13
                  text run at (0,0) width 3: " "
            RenderTableCell {TD} at (192,416) size 8x13 [bgcolor=#FDFDFB] [r=32 c=26 rs=1 cs=1]
              RenderInline {FONT} at (0,0) size 3x13
                RenderText {#text} at (0,0) size 3x13
                  text run at (0,0) width 3: " "
            RenderTableCell {TD} at (200,416) size 8x13 [bgcolor=#FDFDFB] [r=32 c=27 rs=1 cs=1]
              RenderInline {FONT} at (0,0) size 3x13
                RenderText {#text} at (0,0) size 3x13
                  text run at (0,0) width 3: " "
            RenderTableCell {TD} at (208,416) size 8x13 [bgcolor=#FDFDFB] [r=32 c=28 rs=1 cs=1]
              RenderInline {FONT} at (0,0) size 3x13
                RenderText {#text} at (0,0) size 3x13
                  text run at (0,0) width 3: " "
            RenderTableCell {TD} at (216,416) size 8x13 [bgcolor=#FDFDFB] [r=32 c=29 rs=1 cs=1]
              RenderInline {FONT} at (0,0) size 3x13
                RenderText {#text} at (0,0) size 3x13
                  text run at (0,0) width 3: " "
            RenderTableCell {TD} at (224,416) size 8x13 [bgcolor=#FDFDFB] [r=32 c=30 rs=1 cs=1]
              RenderInline {FONT} at (0,0) size 3x13
                RenderText {#text} at (0,0) size 3x13
                  text run at (0,0) width 3: " "
            RenderTableCell {TD} at (232,416) size 8x13 [bgcolor=#FDFDFB] [r=32 c=31 rs=1 cs=1]
              RenderInline {FONT} at (0,0) size 3x13
                RenderText {#text} at (0,0) size 3x13
                  text run at (0,0) width 3: " "
            RenderTableCell {TD} at (240,416) size 8x13 [bgcolor=#FDFDFB] [r=32 c=32 rs=1 cs=1]
              RenderInline {FONT} at (0,0) size 3x13
                RenderText {#text} at (0,0) size 3x13
                  text run at (0,0) width 3: " "
            RenderTableCell {TD} at (248,416) size 8x13 [bgcolor=#FDFDFB] [r=32 c=33 rs=1 cs=1]
              RenderInline {FONT} at (0,0) size 3x13
                RenderText {#text} at (0,0) size 3x13
                  text run at (0,0) width 3: " "
            RenderTableCell {TD} at (256,416) size 8x13 [bgcolor=#FDFDFB] [r=32 c=34 rs=1 cs=1]
              RenderInline {FONT} at (0,0) size 3x13
                RenderText {#text} at (0,0) size 3x13
                  text run at (0,0) width 3: " "
            RenderTableCell {TD} at (264,416) size 8x13 [bgcolor=#FDFDFB] [r=32 c=35 rs=1 cs=1]
              RenderInline {FONT} at (0,0) size 3x13
                RenderText {#text} at (0,0) size 3x13
                  text run at (0,0) width 3: " "
            RenderTableCell {TD} at (272,416) size 8x13 [bgcolor=#FDFDFB] [r=32 c=36 rs=1 cs=1]
              RenderInline {FONT} at (0,0) size 3x13
                RenderText {#text} at (0,0) size 3x13
                  text run at (0,0) width 3: " "
            RenderTableCell {TD} at (280,416) size 8x13 [bgcolor=#FDFDFB] [r=32 c=37 rs=1 cs=1]
              RenderInline {FONT} at (0,0) size 3x13
                RenderText {#text} at (0,0) size 3x13
                  text run at (0,0) width 3: " "
            RenderTableCell {TD} at (288,416) size 8x13 [bgcolor=#FDFDFB] [r=32 c=38 rs=1 cs=1]
              RenderInline {FONT} at (0,0) size 3x13
                RenderText {#text} at (0,0) size 3x13
                  text run at (0,0) width 3: " "
            RenderTableCell {TD} at (296,416) size 8x13 [bgcolor=#FDFDFB] [r=32 c=39 rs=1 cs=1]
              RenderInline {FONT} at (0,0) size 3x13
                RenderText {#text} at (0,0) size 3x13
                  text run at (0,0) width 3: " "
            RenderTableCell {TD} at (304,416) size 8x13 [bgcolor=#FDFDFB] [r=32 c=40 rs=1 cs=1]
              RenderInline {FONT} at (0,0) size 3x13
                RenderText {#text} at (0,0) size 3x13
                  text run at (0,0) width 3: " "
            RenderTableCell {TD} at (312,416) size 8x13 [bgcolor=#FDFDFB] [r=32 c=41 rs=1 cs=1]
              RenderInline {FONT} at (0,0) size 3x13
                RenderText {#text} at (0,0) size 3x13
                  text run at (0,0) width 3: " "
            RenderTableCell {TD} at (320,416) size 8x13 [bgcolor=#FDFDFB] [r=32 c=42 rs=1 cs=1]
              RenderInline {FONT} at (0,0) size 3x13
                RenderText {#text} at (0,0) size 3x13
                  text run at (0,0) width 3: " "
            RenderTableCell {TD} at (328,416) size 8x13 [bgcolor=#FDFDFB] [r=32 c=43 rs=1 cs=1]
              RenderInline {FONT} at (0,0) size 3x13
                RenderText {#text} at (0,0) size 3x13
                  text run at (0,0) width 3: " "
            RenderTableCell {TD} at (336,416) size 8x13 [bgcolor=#FDFDFB] [r=32 c=44 rs=1 cs=1]
              RenderInline {FONT} at (0,0) size 3x13
                RenderText {#text} at (0,0) size 3x13
                  text run at (0,0) width 3: " "
            RenderTableCell {TD} at (344,416) size 8x13 [bgcolor=#FDFDFB] [r=32 c=45 rs=1 cs=1]
              RenderInline {FONT} at (0,0) size 3x13
                RenderText {#text} at (0,0) size 3x13
                  text run at (0,0) width 3: " "
            RenderTableCell {TD} at (352,416) size 8x13 [bgcolor=#FDFDFB] [r=32 c=46 rs=1 cs=1]
              RenderInline {FONT} at (0,0) size 3x13
                RenderText {#text} at (0,0) size 3x13
                  text run at (0,0) width 3: " "
            RenderTableCell {TD} at (360,416) size 8x13 [bgcolor=#FDFDFB] [r=32 c=47 rs=1 cs=1]
              RenderInline {FONT} at (0,0) size 3x13
                RenderText {#text} at (0,0) size 3x13
                  text run at (0,0) width 3: " "
            RenderTableCell {TD} at (368,416) size 8x13 [bgcolor=#FDFDFB] [r=32 c=48 rs=1 cs=1]
              RenderInline {FONT} at (0,0) size 3x13
                RenderText {#text} at (0,0) size 3x13
                  text run at (0,0) width 3: " "
            RenderTableCell {TD} at (376,416) size 8x13 [bgcolor=#FDFDFB] [r=32 c=49 rs=1 cs=1]
              RenderInline {FONT} at (0,0) size 3x13
                RenderText {#text} at (0,0) size 3x13
                  text run at (0,0) width 3: " "
            RenderTableCell {TD} at (384,416) size 8x13 [bgcolor=#FDFDFB] [r=32 c=50 rs=1 cs=1]
              RenderInline {FONT} at (0,0) size 3x13
                RenderText {#text} at (0,0) size 3x13
                  text run at (0,0) width 3: " "
            RenderTableCell {TD} at (392,416) size 8x13 [bgcolor=#FDFDFB] [r=32 c=51 rs=1 cs=1]
              RenderInline {FONT} at (0,0) size 3x13
                RenderText {#text} at (0,0) size 3x13
                  text run at (0,0) width 3: " "
            RenderTableCell {TD} at (400,416) size 8x13 [bgcolor=#FDFDFB] [r=32 c=52 rs=1 cs=1]
              RenderInline {FONT} at (0,0) size 3x13
                RenderText {#text} at (0,0) size 3x13
                  text run at (0,0) width 3: " "
            RenderTableCell {TD} at (408,416) size 8x13 [bgcolor=#FDFDFB] [r=32 c=53 rs=1 cs=1]
              RenderInline {FONT} at (0,0) size 3x13
                RenderText {#text} at (0,0) size 3x13
                  text run at (0,0) width 3: " "
            RenderTableCell {TD} at (416,416) size 8x13 [bgcolor=#FDFDFB] [r=32 c=54 rs=1 cs=1]
              RenderInline {FONT} at (0,0) size 3x13
                RenderText {#text} at (0,0) size 3x13
                  text run at (0,0) width 3: " "
            RenderTableCell {TD} at (424,416) size 8x13 [bgcolor=#FDFDFB] [r=32 c=55 rs=1 cs=1]
              RenderInline {FONT} at (0,0) size 3x13
                RenderText {#text} at (0,0) size 3x13
                  text run at (0,0) width 3: " "
            RenderTableCell {TD} at (432,416) size 8x13 [bgcolor=#FDFDFB] [r=32 c=56 rs=1 cs=1]
              RenderInline {FONT} at (0,0) size 3x13
                RenderText {#text} at (0,0) size 3x13
                  text run at (0,0) width 3: " "
            RenderTableCell {TD} at (440,416) size 8x13 [bgcolor=#FDFDFB] [r=32 c=57 rs=1 cs=1]
              RenderInline {FONT} at (0,0) size 3x13
                RenderText {#text} at (0,0) size 3x13
                  text run at (0,0) width 3: " "
            RenderTableCell {TD} at (448,416) size 8x13 [bgcolor=#FDFDFB] [r=32 c=58 rs=1 cs=1]
              RenderInline {FONT} at (0,0) size 3x13
                RenderText {#text} at (0,0) size 3x13
                  text run at (0,0) width 3: " "
            RenderTableCell {TD} at (456,416) size 8x13 [bgcolor=#FDFDFB] [r=32 c=59 rs=1 cs=1]
              RenderInline {FONT} at (0,0) size 3x13
                RenderText {#text} at (0,0) size 3x13
                  text run at (0,0) width 3: " "
            RenderTableCell {TD} at (464,416) size 8x13 [bgcolor=#FDFDFB] [r=32 c=60 rs=1 cs=1]
              RenderInline {FONT} at (0,0) size 3x13
                RenderText {#text} at (0,0) size 3x13
                  text run at (0,0) width 3: " "
            RenderTableCell {TD} at (472,416) size 8x13 [bgcolor=#FDFDFB] [r=32 c=61 rs=1 cs=1]
              RenderInline {FONT} at (0,0) size 3x13
                RenderText {#text} at (0,0) size 3x13
                  text run at (0,0) width 3: " "
            RenderTableCell {TD} at (480,416) size 8x13 [bgcolor=#FDFDFB] [r=32 c=62 rs=1 cs=1]
              RenderInline {FONT} at (0,0) size 3x13
                RenderText {#text} at (0,0) size 3x13
                  text run at (0,0) width 3: " "
            RenderTableCell {TD} at (488,416) size 8x13 [bgcolor=#FDFDFB] [r=32 c=63 rs=1 cs=1]
              RenderInline {FONT} at (0,0) size 3x13
                RenderText {#text} at (0,0) size 3x13
                  text run at (0,0) width 3: " "
            RenderTableCell {TD} at (496,416) size 8x13 [bgcolor=#FDFDFB] [r=32 c=64 rs=1 cs=1]
              RenderInline {FONT} at (0,0) size 3x13
                RenderText {#text} at (0,0) size 3x13
                  text run at (0,0) width 3: " "
            RenderTableCell {TD} at (504,416) size 8x13 [bgcolor=#FDFDFB] [r=32 c=65 rs=1 cs=1]
              RenderInline {FONT} at (0,0) size 3x13
                RenderText {#text} at (0,0) size 3x13
                  text run at (0,0) width 3: " "
            RenderTableCell {TD} at (512,416) size 8x13 [bgcolor=#EDEEEF] [r=32 c=66 rs=1 cs=1]
              RenderInline {FONT} at (0,0) size 3x13
                RenderText {#text} at (0,0) size 3x13
                  text run at (0,0) width 3: " "
            RenderTableCell {TD} at (520,416) size 8x13 [bgcolor=#DEDFDF] [r=32 c=67 rs=1 cs=1]
              RenderInline {FONT} at (0,0) size 3x13
                RenderText {#text} at (0,0) size 3x13
                  text run at (0,0) width 3: " "
            RenderTableCell {TD} at (528,416) size 8x13 [bgcolor=#CECFCF] [r=32 c=68 rs=1 cs=1]
              RenderInline {FONT} at (0,0) size 3x13
                RenderText {#text} at (0,0) size 3x13
                  text run at (0,0) width 3: " "
            RenderTableCell {TD} at (536,416) size 8x13 [bgcolor=#BEC2C2] [r=32 c=69 rs=1 cs=1]
              RenderInline {FONT} at (0,0) size 3x13
                RenderText {#text} at (0,0) size 3x13
                  text run at (0,0) width 3: " "
            RenderTableCell {TD} at (544,416) size 8x13 [bgcolor=#B4B4B4] [r=32 c=70 rs=1 cs=1]
              RenderInline {FONT} at (0,0) size 3x13
                RenderText {#text} at (0,0) size 3x13
                  text run at (0,0) width 3: " "
            RenderTableCell {TD} at (552,416) size 8x13 [bgcolor=#B4B4B4] [r=32 c=71 rs=1 cs=1]
              RenderInline {FONT} at (0,0) size 3x13
                RenderText {#text} at (0,0) size 3x13
                  text run at (0,0) width 3: " "
            RenderTableCell {TD} at (560,416) size 8x13 [bgcolor=#A5A6A6] [r=32 c=72 rs=1 cs=1]
              RenderInline {FONT} at (0,0) size 3x13
                RenderText {#text} at (0,0) size 3x13
                  text run at (0,0) width 3: " "
            RenderTableCell {TD} at (568,416) size 8x13 [bgcolor=#91A3A3] [r=32 c=73 rs=1 cs=1]
              RenderInline {FONT} at (0,0) size 3x13
                RenderText {#text} at (0,0) size 3x13
                  text run at (0,0) width 3: " "
            RenderTableCell {TD} at (576,416) size 8x13 [bgcolor=#939494] [r=32 c=74 rs=1 cs=1]
              RenderInline {FONT} at (0,0) size 3x13
                RenderText {#text} at (0,0) size 3x13
                  text run at (0,0) width 3: " "
            RenderTableCell {TD} at (584,416) size 8x13 [bgcolor=#939494] [r=32 c=75 rs=1 cs=1]
              RenderInline {FONT} at (0,0) size 3x13
                RenderText {#text} at (0,0) size 3x13
                  text run at (0,0) width 3: " "
            RenderTableCell {TD} at (592,416) size 8x13 [bgcolor=#939494] [r=32 c=76 rs=1 cs=1]
              RenderInline {FONT} at (0,0) size 3x13
                RenderText {#text} at (0,0) size 3x13
                  text run at (0,0) width 3: " "
            RenderTableCell {TD} at (600,416) size 8x13 [bgcolor=#939494] [r=32 c=77 rs=1 cs=1]
              RenderInline {FONT} at (0,0) size 3x13
                RenderText {#text} at (0,0) size 3x13
                  text run at (0,0) width 3: " "
            RenderTableCell {TD} at (608,416) size 8x13 [bgcolor=#848788] [r=32 c=78 rs=1 cs=1]
              RenderInline {FONT} at (0,0) size 3x13
                RenderText {#text} at (0,0) size 3x13
                  text run at (0,0) width 3: " "
            RenderTableCell {TD} at (616,416) size 8x13 [bgcolor=#939494] [r=32 c=79 rs=1 cs=1]
              RenderInline {FONT} at (0,0) size 3x13
                RenderText {#text} at (0,0) size 3x13
                  text run at (0,0) width 3: " "
            RenderTableCell {TD} at (624,416) size 8x13 [bgcolor=#939494] [r=32 c=80 rs=1 cs=1]
              RenderInline {FONT} at (0,0) size 3x13
                RenderText {#text} at (0,0) size 3x13
                  text run at (0,0) width 3: " "
            RenderTableCell {TD} at (632,416) size 8x13 [bgcolor=#939494] [r=32 c=81 rs=1 cs=1]
              RenderInline {FONT} at (0,0) size 3x13
                RenderText {#text} at (0,0) size 3x13
                  text run at (0,0) width 3: " "
            RenderTableCell {TD} at (640,416) size 8x13 [bgcolor=#939494] [r=32 c=82 rs=1 cs=1]
              RenderInline {FONT} at (0,0) size 3x13
                RenderText {#text} at (0,0) size 3x13
                  text run at (0,0) width 3: " "
            RenderTableCell {TD} at (648,416) size 8x13 [bgcolor=#939494] [r=32 c=83 rs=1 cs=1]
              RenderInline {FONT} at (0,0) size 3x13
                RenderText {#text} at (0,0) size 3x13
                  text run at (0,0) width 3: " "
            RenderTableCell {TD} at (656,416) size 8x13 [bgcolor=#939494] [r=32 c=84 rs=1 cs=1]
              RenderInline {FONT} at (0,0) size 3x13
                RenderText {#text} at (0,0) size 3x13
                  text run at (0,0) width 3: " "
            RenderTableCell {TD} at (664,416) size 8x13 [bgcolor=#A5A6A6] [r=32 c=85 rs=1 cs=1]
              RenderInline {FONT} at (0,0) size 3x13
                RenderText {#text} at (0,0) size 3x13
                  text run at (0,0) width 3: " "
            RenderTableCell {TD} at (672,416) size 8x13 [bgcolor=#A5A6A6] [r=32 c=86 rs=1 cs=1]
              RenderInline {FONT} at (0,0) size 3x13
                RenderText {#text} at (0,0) size 3x13
                  text run at (0,0) width 3: " "
            RenderTableCell {TD} at (680,416) size 8x13 [bgcolor=#B4B4B4] [r=32 c=87 rs=1 cs=1]
              RenderInline {FONT} at (0,0) size 3x13
                RenderText {#text} at (0,0) size 3x13
                  text run at (0,0) width 3: " "
            RenderTableCell {TD} at (688,416) size 8x13 [bgcolor=#BEC2C2] [r=32 c=88 rs=1 cs=1]
              RenderInline {FONT} at (0,0) size 3x13
                RenderText {#text} at (0,0) size 3x13
                  text run at (0,0) width 3: " "
            RenderTableCell {TD} at (696,416) size 8x13 [bgcolor=#CECFCF] [r=32 c=89 rs=1 cs=1]
              RenderInline {FONT} at (0,0) size 3x13
                RenderText {#text} at (0,0) size 3x13
                  text run at (0,0) width 3: " "
            RenderTableCell {TD} at (704,416) size 8x13 [bgcolor=#DEDFDF] [r=32 c=90 rs=1 cs=1]
              RenderInline {FONT} at (0,0) size 3x13
                RenderText {#text} at (0,0) size 3x13
                  text run at (0,0) width 3: " "
            RenderTableCell {TD} at (712,416) size 8x13 [bgcolor=#EDEEEF] [r=32 c=91 rs=1 cs=1]
              RenderInline {FONT} at (0,0) size 3x13
                RenderText {#text} at (0,0) size 3x13
                  text run at (0,0) width 3: " "
            RenderTableCell {TD} at (720,416) size 8x13 [bgcolor=#FDFDFB] [r=32 c=92 rs=1 cs=1]
              RenderInline {FONT} at (0,0) size 3x13
                RenderText {#text} at (0,0) size 3x13
                  text run at (0,0) width 3: " "
            RenderTableCell {TD} at (728,416) size 8x13 [bgcolor=#FDFDFB] [r=32 c=93 rs=1 cs=1]
              RenderInline {FONT} at (0,0) size 3x13
                RenderText {#text} at (0,0) size 3x13
                  text run at (0,0) width 3: " "
            RenderTableCell {TD} at (736,416) size 8x13 [bgcolor=#FDFDFB] [r=32 c=94 rs=1 cs=1]
              RenderInline {FONT} at (0,0) size 3x13
                RenderText {#text} at (0,0) size 3x13
                  text run at (0,0) width 3: " "
            RenderTableCell {TD} at (744,416) size 8x13 [bgcolor=#FDFDFB] [r=32 c=95 rs=1 cs=1]
              RenderInline {FONT} at (0,0) size 3x13
                RenderText {#text} at (0,0) size 3x13
                  text run at (0,0) width 3: " "
            RenderTableCell {TD} at (752,416) size 8x13 [bgcolor=#FDFDFB] [r=32 c=96 rs=1 cs=1]
              RenderInline {FONT} at (0,0) size 3x13
                RenderText {#text} at (0,0) size 3x13
                  text run at (0,0) width 3: " "
            RenderTableCell {TD} at (760,416) size 8x13 [bgcolor=#FDFDFB] [r=32 c=97 rs=1 cs=1]
              RenderInline {FONT} at (0,0) size 3x13
                RenderText {#text} at (0,0) size 3x13
                  text run at (0,0) width 3: " "
            RenderTableCell {TD} at (768,416) size 8x13 [bgcolor=#FDFDFB] [r=32 c=98 rs=1 cs=1]
              RenderInline {FONT} at (0,0) size 3x13
                RenderText {#text} at (0,0) size 3x13
                  text run at (0,0) width 3: " "
            RenderTableCell {TD} at (776,416) size 8x13 [bgcolor=#FDFDFB] [r=32 c=99 rs=1 cs=1]
              RenderInline {FONT} at (0,0) size 3x13
                RenderText {#text} at (0,0) size 3x13
                  text run at (0,0) width 3: " "
          RenderTableRow {TR} at (0,429) size 784x13
            RenderTableCell {TD} at (0,429) size 7x13 [bgcolor=#FDFDFB] [r=33 c=0 rs=1 cs=1]
              RenderInline {FONT} at (0,0) size 3x13
                RenderText {#text} at (0,0) size 3x13
                  text run at (0,0) width 3: " "
            RenderTableCell {TD} at (7,429) size 7x13 [bgcolor=#FDFDFB] [r=33 c=1 rs=1 cs=1]
              RenderInline {FONT} at (0,0) size 3x13
                RenderText {#text} at (0,0) size 3x13
                  text run at (0,0) width 3: " "
            RenderTableCell {TD} at (14,429) size 7x13 [bgcolor=#FDFDFB] [r=33 c=2 rs=1 cs=1]
              RenderInline {FONT} at (0,0) size 3x13
                RenderText {#text} at (0,0) size 3x13
                  text run at (0,0) width 3: " "
            RenderTableCell {TD} at (21,429) size 7x13 [bgcolor=#FDFDFB] [r=33 c=3 rs=1 cs=1]
              RenderInline {FONT} at (0,0) size 3x13
                RenderText {#text} at (0,0) size 3x13
                  text run at (0,0) width 3: " "
            RenderTableCell {TD} at (28,429) size 7x13 [bgcolor=#FDFDFB] [r=33 c=4 rs=1 cs=1]
              RenderInline {FONT} at (0,0) size 3x13
                RenderText {#text} at (0,0) size 3x13
                  text run at (0,0) width 3: " "
            RenderTableCell {TD} at (35,429) size 7x13 [bgcolor=#FDFDFB] [r=33 c=5 rs=1 cs=1]
              RenderInline {FONT} at (0,0) size 3x13
                RenderText {#text} at (0,0) size 3x13
                  text run at (0,0) width 3: " "
            RenderTableCell {TD} at (42,429) size 7x13 [bgcolor=#FDFDFB] [r=33 c=6 rs=1 cs=1]
              RenderInline {FONT} at (0,0) size 3x13
                RenderText {#text} at (0,0) size 3x13
                  text run at (0,0) width 3: " "
            RenderTableCell {TD} at (49,429) size 7x13 [bgcolor=#FDFDFB] [r=33 c=7 rs=1 cs=1]
              RenderInline {FONT} at (0,0) size 3x13
                RenderText {#text} at (0,0) size 3x13
                  text run at (0,0) width 3: " "
            RenderTableCell {TD} at (56,429) size 7x13 [bgcolor=#FDFDFB] [r=33 c=8 rs=1 cs=1]
              RenderInline {FONT} at (0,0) size 3x13
                RenderText {#text} at (0,0) size 3x13
                  text run at (0,0) width 3: " "
            RenderTableCell {TD} at (63,429) size 7x13 [bgcolor=#FDFDFB] [r=33 c=9 rs=1 cs=1]
              RenderInline {FONT} at (0,0) size 3x13
                RenderText {#text} at (0,0) size 3x13
                  text run at (0,0) width 3: " "
            RenderTableCell {TD} at (70,429) size 7x13 [bgcolor=#FDFDFB] [r=33 c=10 rs=1 cs=1]
              RenderInline {FONT} at (0,0) size 3x13
                RenderText {#text} at (0,0) size 3x13
                  text run at (0,0) width 3: " "
            RenderTableCell {TD} at (77,429) size 7x13 [bgcolor=#FDFDFB] [r=33 c=11 rs=1 cs=1]
              RenderInline {FONT} at (0,0) size 3x13
                RenderText {#text} at (0,0) size 3x13
                  text run at (0,0) width 3: " "
            RenderTableCell {TD} at (84,429) size 7x13 [bgcolor=#FDFDFB] [r=33 c=12 rs=1 cs=1]
              RenderInline {FONT} at (0,0) size 3x13
                RenderText {#text} at (0,0) size 3x13
                  text run at (0,0) width 3: " "
            RenderTableCell {TD} at (91,429) size 7x13 [bgcolor=#FDFDFB] [r=33 c=13 rs=1 cs=1]
              RenderInline {FONT} at (0,0) size 3x13
                RenderText {#text} at (0,0) size 3x13
                  text run at (0,0) width 3: " "
            RenderTableCell {TD} at (98,429) size 7x13 [bgcolor=#FDFDFB] [r=33 c=14 rs=1 cs=1]
              RenderInline {FONT} at (0,0) size 3x13
                RenderText {#text} at (0,0) size 3x13
                  text run at (0,0) width 3: " "
            RenderTableCell {TD} at (105,429) size 7x13 [bgcolor=#FDFDFB] [r=33 c=15 rs=1 cs=1]
              RenderInline {FONT} at (0,0) size 3x13
                RenderText {#text} at (0,0) size 3x13
                  text run at (0,0) width 3: " "
            RenderTableCell {TD} at (112,429) size 8x13 [bgcolor=#FDFDFB] [r=33 c=16 rs=1 cs=1]
              RenderInline {FONT} at (0,0) size 3x13
                RenderText {#text} at (0,0) size 3x13
                  text run at (0,0) width 3: " "
            RenderTableCell {TD} at (120,429) size 8x13 [bgcolor=#FDFDFB] [r=33 c=17 rs=1 cs=1]
              RenderInline {FONT} at (0,0) size 3x13
                RenderText {#text} at (0,0) size 3x13
                  text run at (0,0) width 3: " "
            RenderTableCell {TD} at (128,429) size 8x13 [bgcolor=#FDFDFB] [r=33 c=18 rs=1 cs=1]
              RenderInline {FONT} at (0,0) size 3x13
                RenderText {#text} at (0,0) size 3x13
                  text run at (0,0) width 3: " "
            RenderTableCell {TD} at (136,429) size 8x13 [bgcolor=#FDFDFB] [r=33 c=19 rs=1 cs=1]
              RenderInline {FONT} at (0,0) size 3x13
                RenderText {#text} at (0,0) size 3x13
                  text run at (0,0) width 3: " "
            RenderTableCell {TD} at (144,429) size 8x13 [bgcolor=#FDFDFB] [r=33 c=20 rs=1 cs=1]
              RenderInline {FONT} at (0,0) size 3x13
                RenderText {#text} at (0,0) size 3x13
                  text run at (0,0) width 3: " "
            RenderTableCell {TD} at (152,429) size 8x13 [bgcolor=#FDFDFB] [r=33 c=21 rs=1 cs=1]
              RenderInline {FONT} at (0,0) size 3x13
                RenderText {#text} at (0,0) size 3x13
                  text run at (0,0) width 3: " "
            RenderTableCell {TD} at (160,429) size 8x13 [bgcolor=#FDFDFB] [r=33 c=22 rs=1 cs=1]
              RenderInline {FONT} at (0,0) size 3x13
                RenderText {#text} at (0,0) size 3x13
                  text run at (0,0) width 3: " "
            RenderTableCell {TD} at (168,429) size 8x13 [bgcolor=#FDFDFB] [r=33 c=23 rs=1 cs=1]
              RenderInline {FONT} at (0,0) size 3x13
                RenderText {#text} at (0,0) size 3x13
                  text run at (0,0) width 3: " "
            RenderTableCell {TD} at (176,429) size 8x13 [bgcolor=#FDFDFB] [r=33 c=24 rs=1 cs=1]
              RenderInline {FONT} at (0,0) size 3x13
                RenderText {#text} at (0,0) size 3x13
                  text run at (0,0) width 3: " "
            RenderTableCell {TD} at (184,429) size 8x13 [bgcolor=#FDFDFB] [r=33 c=25 rs=1 cs=1]
              RenderInline {FONT} at (0,0) size 3x13
                RenderText {#text} at (0,0) size 3x13
                  text run at (0,0) width 3: " "
            RenderTableCell {TD} at (192,429) size 8x13 [bgcolor=#FDFDFB] [r=33 c=26 rs=1 cs=1]
              RenderInline {FONT} at (0,0) size 3x13
                RenderText {#text} at (0,0) size 3x13
                  text run at (0,0) width 3: " "
            RenderTableCell {TD} at (200,429) size 8x13 [bgcolor=#FDFDFB] [r=33 c=27 rs=1 cs=1]
              RenderInline {FONT} at (0,0) size 3x13
                RenderText {#text} at (0,0) size 3x13
                  text run at (0,0) width 3: " "
            RenderTableCell {TD} at (208,429) size 8x13 [bgcolor=#FDFDFB] [r=33 c=28 rs=1 cs=1]
              RenderInline {FONT} at (0,0) size 3x13
                RenderText {#text} at (0,0) size 3x13
                  text run at (0,0) width 3: " "
            RenderTableCell {TD} at (216,429) size 8x13 [bgcolor=#FDFDFB] [r=33 c=29 rs=1 cs=1]
              RenderInline {FONT} at (0,0) size 3x13
                RenderText {#text} at (0,0) size 3x13
                  text run at (0,0) width 3: " "
            RenderTableCell {TD} at (224,429) size 8x13 [bgcolor=#FDFDFB] [r=33 c=30 rs=1 cs=1]
              RenderInline {FONT} at (0,0) size 3x13
                RenderText {#text} at (0,0) size 3x13
                  text run at (0,0) width 3: " "
            RenderTableCell {TD} at (232,429) size 8x13 [bgcolor=#FDFDFB] [r=33 c=31 rs=1 cs=1]
              RenderInline {FONT} at (0,0) size 3x13
                RenderText {#text} at (0,0) size 3x13
                  text run at (0,0) width 3: " "
            RenderTableCell {TD} at (240,429) size 8x13 [bgcolor=#FDFDFB] [r=33 c=32 rs=1 cs=1]
              RenderInline {FONT} at (0,0) size 3x13
                RenderText {#text} at (0,0) size 3x13
                  text run at (0,0) width 3: " "
            RenderTableCell {TD} at (248,429) size 8x13 [bgcolor=#FDFDFB] [r=33 c=33 rs=1 cs=1]
              RenderInline {FONT} at (0,0) size 3x13
                RenderText {#text} at (0,0) size 3x13
                  text run at (0,0) width 3: " "
            RenderTableCell {TD} at (256,429) size 8x13 [bgcolor=#FDFDFB] [r=33 c=34 rs=1 cs=1]
              RenderInline {FONT} at (0,0) size 3x13
                RenderText {#text} at (0,0) size 3x13
                  text run at (0,0) width 3: " "
            RenderTableCell {TD} at (264,429) size 8x13 [bgcolor=#FDFDFB] [r=33 c=35 rs=1 cs=1]
              RenderInline {FONT} at (0,0) size 3x13
                RenderText {#text} at (0,0) size 3x13
                  text run at (0,0) width 3: " "
            RenderTableCell {TD} at (272,429) size 8x13 [bgcolor=#FDFDFB] [r=33 c=36 rs=1 cs=1]
              RenderInline {FONT} at (0,0) size 3x13
                RenderText {#text} at (0,0) size 3x13
                  text run at (0,0) width 3: " "
            RenderTableCell {TD} at (280,429) size 8x13 [bgcolor=#FDFDFB] [r=33 c=37 rs=1 cs=1]
              RenderInline {FONT} at (0,0) size 3x13
                RenderText {#text} at (0,0) size 3x13
                  text run at (0,0) width 3: " "
            RenderTableCell {TD} at (288,429) size 8x13 [bgcolor=#FDFDFB] [r=33 c=38 rs=1 cs=1]
              RenderInline {FONT} at (0,0) size 3x13
                RenderText {#text} at (0,0) size 3x13
                  text run at (0,0) width 3: " "
            RenderTableCell {TD} at (296,429) size 8x13 [bgcolor=#FDFDFB] [r=33 c=39 rs=1 cs=1]
              RenderInline {FONT} at (0,0) size 3x13
                RenderText {#text} at (0,0) size 3x13
                  text run at (0,0) width 3: " "
            RenderTableCell {TD} at (304,429) size 8x13 [bgcolor=#FDFDFB] [r=33 c=40 rs=1 cs=1]
              RenderInline {FONT} at (0,0) size 3x13
                RenderText {#text} at (0,0) size 3x13
                  text run at (0,0) width 3: " "
            RenderTableCell {TD} at (312,429) size 8x13 [bgcolor=#FDFDFB] [r=33 c=41 rs=1 cs=1]
              RenderInline {FONT} at (0,0) size 3x13
                RenderText {#text} at (0,0) size 3x13
                  text run at (0,0) width 3: " "
            RenderTableCell {TD} at (320,429) size 8x13 [bgcolor=#FDFDFB] [r=33 c=42 rs=1 cs=1]
              RenderInline {FONT} at (0,0) size 3x13
                RenderText {#text} at (0,0) size 3x13
                  text run at (0,0) width 3: " "
            RenderTableCell {TD} at (328,429) size 8x13 [bgcolor=#FDFDFB] [r=33 c=43 rs=1 cs=1]
              RenderInline {FONT} at (0,0) size 3x13
                RenderText {#text} at (0,0) size 3x13
                  text run at (0,0) width 3: " "
            RenderTableCell {TD} at (336,429) size 8x13 [bgcolor=#FDFDFB] [r=33 c=44 rs=1 cs=1]
              RenderInline {FONT} at (0,0) size 3x13
                RenderText {#text} at (0,0) size 3x13
                  text run at (0,0) width 3: " "
            RenderTableCell {TD} at (344,429) size 8x13 [bgcolor=#FDFDFB] [r=33 c=45 rs=1 cs=1]
              RenderInline {FONT} at (0,0) size 3x13
                RenderText {#text} at (0,0) size 3x13
                  text run at (0,0) width 3: " "
            RenderTableCell {TD} at (352,429) size 8x13 [bgcolor=#FDFDFB] [r=33 c=46 rs=1 cs=1]
              RenderInline {FONT} at (0,0) size 3x13
                RenderText {#text} at (0,0) size 3x13
                  text run at (0,0) width 3: " "
            RenderTableCell {TD} at (360,429) size 8x13 [bgcolor=#FDFDFB] [r=33 c=47 rs=1 cs=1]
              RenderInline {FONT} at (0,0) size 3x13
                RenderText {#text} at (0,0) size 3x13
                  text run at (0,0) width 3: " "
            RenderTableCell {TD} at (368,429) size 8x13 [bgcolor=#FDFDFB] [r=33 c=48 rs=1 cs=1]
              RenderInline {FONT} at (0,0) size 3x13
                RenderText {#text} at (0,0) size 3x13
                  text run at (0,0) width 3: " "
            RenderTableCell {TD} at (376,429) size 8x13 [bgcolor=#FDFDFB] [r=33 c=49 rs=1 cs=1]
              RenderInline {FONT} at (0,0) size 3x13
                RenderText {#text} at (0,0) size 3x13
                  text run at (0,0) width 3: " "
            RenderTableCell {TD} at (384,429) size 8x13 [bgcolor=#FDFDFB] [r=33 c=50 rs=1 cs=1]
              RenderInline {FONT} at (0,0) size 3x13
                RenderText {#text} at (0,0) size 3x13
                  text run at (0,0) width 3: " "
            RenderTableCell {TD} at (392,429) size 8x13 [bgcolor=#FDFDFB] [r=33 c=51 rs=1 cs=1]
              RenderInline {FONT} at (0,0) size 3x13
                RenderText {#text} at (0,0) size 3x13
                  text run at (0,0) width 3: " "
            RenderTableCell {TD} at (400,429) size 8x13 [bgcolor=#FDFDFB] [r=33 c=52 rs=1 cs=1]
              RenderInline {FONT} at (0,0) size 3x13
                RenderText {#text} at (0,0) size 3x13
                  text run at (0,0) width 3: " "
            RenderTableCell {TD} at (408,429) size 8x13 [bgcolor=#FDFDFB] [r=33 c=53 rs=1 cs=1]
              RenderInline {FONT} at (0,0) size 3x13
                RenderText {#text} at (0,0) size 3x13
                  text run at (0,0) width 3: " "
            RenderTableCell {TD} at (416,429) size 8x13 [bgcolor=#FDFDFB] [r=33 c=54 rs=1 cs=1]
              RenderInline {FONT} at (0,0) size 3x13
                RenderText {#text} at (0,0) size 3x13
                  text run at (0,0) width 3: " "
            RenderTableCell {TD} at (424,429) size 8x13 [bgcolor=#FDFDFB] [r=33 c=55 rs=1 cs=1]
              RenderInline {FONT} at (0,0) size 3x13
                RenderText {#text} at (0,0) size 3x13
                  text run at (0,0) width 3: " "
            RenderTableCell {TD} at (432,429) size 8x13 [bgcolor=#FDFDFB] [r=33 c=56 rs=1 cs=1]
              RenderInline {FONT} at (0,0) size 3x13
                RenderText {#text} at (0,0) size 3x13
                  text run at (0,0) width 3: " "
            RenderTableCell {TD} at (440,429) size 8x13 [bgcolor=#FDFDFB] [r=33 c=57 rs=1 cs=1]
              RenderInline {FONT} at (0,0) size 3x13
                RenderText {#text} at (0,0) size 3x13
                  text run at (0,0) width 3: " "
            RenderTableCell {TD} at (448,429) size 8x13 [bgcolor=#FDFDFB] [r=33 c=58 rs=1 cs=1]
              RenderInline {FONT} at (0,0) size 3x13
                RenderText {#text} at (0,0) size 3x13
                  text run at (0,0) width 3: " "
            RenderTableCell {TD} at (456,429) size 8x13 [bgcolor=#FDFDFB] [r=33 c=59 rs=1 cs=1]
              RenderInline {FONT} at (0,0) size 3x13
                RenderText {#text} at (0,0) size 3x13
                  text run at (0,0) width 3: " "
            RenderTableCell {TD} at (464,429) size 8x13 [bgcolor=#FDFDFB] [r=33 c=60 rs=1 cs=1]
              RenderInline {FONT} at (0,0) size 3x13
                RenderText {#text} at (0,0) size 3x13
                  text run at (0,0) width 3: " "
            RenderTableCell {TD} at (472,429) size 8x13 [bgcolor=#FDFDFB] [r=33 c=61 rs=1 cs=1]
              RenderInline {FONT} at (0,0) size 3x13
                RenderText {#text} at (0,0) size 3x13
                  text run at (0,0) width 3: " "
            RenderTableCell {TD} at (480,429) size 8x13 [bgcolor=#FDFDFB] [r=33 c=62 rs=1 cs=1]
              RenderInline {FONT} at (0,0) size 3x13
                RenderText {#text} at (0,0) size 3x13
                  text run at (0,0) width 3: " "
            RenderTableCell {TD} at (488,429) size 8x13 [bgcolor=#FDFDFB] [r=33 c=63 rs=1 cs=1]
              RenderInline {FONT} at (0,0) size 3x13
                RenderText {#text} at (0,0) size 3x13
                  text run at (0,0) width 3: " "
            RenderTableCell {TD} at (496,429) size 8x13 [bgcolor=#FDFDFB] [r=33 c=64 rs=1 cs=1]
              RenderInline {FONT} at (0,0) size 3x13
                RenderText {#text} at (0,0) size 3x13
                  text run at (0,0) width 3: " "
            RenderTableCell {TD} at (504,429) size 8x13 [bgcolor=#FDFDFB] [r=33 c=65 rs=1 cs=1]
              RenderInline {FONT} at (0,0) size 3x13
                RenderText {#text} at (0,0) size 3x13
                  text run at (0,0) width 3: " "
            RenderTableCell {TD} at (512,429) size 8x13 [bgcolor=#FDFDFB] [r=33 c=66 rs=1 cs=1]
              RenderInline {FONT} at (0,0) size 3x13
                RenderText {#text} at (0,0) size 3x13
                  text run at (0,0) width 3: " "
            RenderTableCell {TD} at (520,429) size 8x13 [bgcolor=#FDFDFB] [r=33 c=67 rs=1 cs=1]
              RenderInline {FONT} at (0,0) size 3x13
                RenderText {#text} at (0,0) size 3x13
                  text run at (0,0) width 3: " "
            RenderTableCell {TD} at (528,429) size 8x13 [bgcolor=#EDEEEF] [r=33 c=68 rs=1 cs=1]
              RenderInline {FONT} at (0,0) size 3x13
                RenderText {#text} at (0,0) size 3x13
                  text run at (0,0) width 3: " "
            RenderTableCell {TD} at (536,429) size 8x13 [bgcolor=#EDEEEF] [r=33 c=69 rs=1 cs=1]
              RenderInline {FONT} at (0,0) size 3x13
                RenderText {#text} at (0,0) size 3x13
                  text run at (0,0) width 3: " "
            RenderTableCell {TD} at (544,429) size 8x13 [bgcolor=#E0EAE9] [r=33 c=70 rs=1 cs=1]
              RenderInline {FONT} at (0,0) size 3x13
                RenderText {#text} at (0,0) size 3x13
                  text run at (0,0) width 3: " "
            RenderTableCell {TD} at (552,429) size 8x13 [bgcolor=#DEDFDF] [r=33 c=71 rs=1 cs=1]
              RenderInline {FONT} at (0,0) size 3x13
                RenderText {#text} at (0,0) size 3x13
                  text run at (0,0) width 3: " "
            RenderTableCell {TD} at (560,429) size 8x13 [bgcolor=#DEDFDF] [r=33 c=72 rs=1 cs=1]
              RenderInline {FONT} at (0,0) size 3x13
                RenderText {#text} at (0,0) size 3x13
                  text run at (0,0) width 3: " "
            RenderTableCell {TD} at (568,429) size 8x13 [bgcolor=#CECFCF] [r=33 c=73 rs=1 cs=1]
              RenderInline {FONT} at (0,0) size 3x13
                RenderText {#text} at (0,0) size 3x13
                  text run at (0,0) width 3: " "
            RenderTableCell {TD} at (576,429) size 8x13 [bgcolor=#CECFCF] [r=33 c=74 rs=1 cs=1]
              RenderInline {FONT} at (0,0) size 3x13
                RenderText {#text} at (0,0) size 3x13
                  text run at (0,0) width 3: " "
            RenderTableCell {TD} at (584,429) size 8x13 [bgcolor=#CECFCF] [r=33 c=75 rs=1 cs=1]
              RenderInline {FONT} at (0,0) size 3x13
                RenderText {#text} at (0,0) size 3x13
                  text run at (0,0) width 3: " "
            RenderTableCell {TD} at (592,429) size 8x13 [bgcolor=#CECFCF] [r=33 c=76 rs=1 cs=1]
              RenderInline {FONT} at (0,0) size 3x13
                RenderText {#text} at (0,0) size 3x13
                  text run at (0,0) width 3: " "
            RenderTableCell {TD} at (600,429) size 8x13 [bgcolor=#CECFCF] [r=33 c=77 rs=1 cs=1]
              RenderInline {FONT} at (0,0) size 3x13
                RenderText {#text} at (0,0) size 3x13
                  text run at (0,0) width 3: " "
            RenderTableCell {TD} at (608,429) size 8x13 [bgcolor=#CECFCF] [r=33 c=78 rs=1 cs=1]
              RenderInline {FONT} at (0,0) size 3x13
                RenderText {#text} at (0,0) size 3x13
                  text run at (0,0) width 3: " "
            RenderTableCell {TD} at (616,429) size 8x13 [bgcolor=#CECFCF] [r=33 c=79 rs=1 cs=1]
              RenderInline {FONT} at (0,0) size 3x13
                RenderText {#text} at (0,0) size 3x13
                  text run at (0,0) width 3: " "
            RenderTableCell {TD} at (624,429) size 8x13 [bgcolor=#CECFCF] [r=33 c=80 rs=1 cs=1]
              RenderInline {FONT} at (0,0) size 3x13
                RenderText {#text} at (0,0) size 3x13
                  text run at (0,0) width 3: " "
            RenderTableCell {TD} at (632,429) size 8x13 [bgcolor=#CECFCF] [r=33 c=81 rs=1 cs=1]
              RenderInline {FONT} at (0,0) size 3x13
                RenderText {#text} at (0,0) size 3x13
                  text run at (0,0) width 3: " "
            RenderTableCell {TD} at (640,429) size 8x13 [bgcolor=#CECFCF] [r=33 c=82 rs=1 cs=1]
              RenderInline {FONT} at (0,0) size 3x13
                RenderText {#text} at (0,0) size 3x13
                  text run at (0,0) width 3: " "
            RenderTableCell {TD} at (648,429) size 8x13 [bgcolor=#CECFCF] [r=33 c=83 rs=1 cs=1]
              RenderInline {FONT} at (0,0) size 3x13
                RenderText {#text} at (0,0) size 3x13
                  text run at (0,0) width 3: " "
            RenderTableCell {TD} at (656,429) size 8x13 [bgcolor=#CECFCF] [r=33 c=84 rs=1 cs=1]
              RenderInline {FONT} at (0,0) size 3x13
                RenderText {#text} at (0,0) size 3x13
                  text run at (0,0) width 3: " "
            RenderTableCell {TD} at (664,429) size 8x13 [bgcolor=#CECFCF] [r=33 c=85 rs=1 cs=1]
              RenderInline {FONT} at (0,0) size 3x13
                RenderText {#text} at (0,0) size 3x13
                  text run at (0,0) width 3: " "
            RenderTableCell {TD} at (672,429) size 8x13 [bgcolor=#DEDFDF] [r=33 c=86 rs=1 cs=1]
              RenderInline {FONT} at (0,0) size 3x13
                RenderText {#text} at (0,0) size 3x13
                  text run at (0,0) width 3: " "
            RenderTableCell {TD} at (680,429) size 8x13 [bgcolor=#E0EAE9] [r=33 c=87 rs=1 cs=1]
              RenderInline {FONT} at (0,0) size 3x13
                RenderText {#text} at (0,0) size 3x13
                  text run at (0,0) width 3: " "
            RenderTableCell {TD} at (688,429) size 8x13 [bgcolor=#EDEEEF] [r=33 c=88 rs=1 cs=1]
              RenderInline {FONT} at (0,0) size 3x13
                RenderText {#text} at (0,0) size 3x13
                  text run at (0,0) width 3: " "
            RenderTableCell {TD} at (696,429) size 8x13 [bgcolor=#EDEEEF] [r=33 c=89 rs=1 cs=1]
              RenderInline {FONT} at (0,0) size 3x13
                RenderText {#text} at (0,0) size 3x13
                  text run at (0,0) width 3: " "
            RenderTableCell {TD} at (704,429) size 8x13 [bgcolor=#FDFDFB] [r=33 c=90 rs=1 cs=1]
              RenderInline {FONT} at (0,0) size 3x13
                RenderText {#text} at (0,0) size 3x13
                  text run at (0,0) width 3: " "
            RenderTableCell {TD} at (712,429) size 8x13 [bgcolor=#FDFDFB] [r=33 c=91 rs=1 cs=1]
              RenderInline {FONT} at (0,0) size 3x13
                RenderText {#text} at (0,0) size 3x13
                  text run at (0,0) width 3: " "
            RenderTableCell {TD} at (720,429) size 8x13 [bgcolor=#FDFDFB] [r=33 c=92 rs=1 cs=1]
              RenderInline {FONT} at (0,0) size 3x13
                RenderText {#text} at (0,0) size 3x13
                  text run at (0,0) width 3: " "
            RenderTableCell {TD} at (728,429) size 8x13 [bgcolor=#FDFDFB] [r=33 c=93 rs=1 cs=1]
              RenderInline {FONT} at (0,0) size 3x13
                RenderText {#text} at (0,0) size 3x13
                  text run at (0,0) width 3: " "
            RenderTableCell {TD} at (736,429) size 8x13 [bgcolor=#FDFDFB] [r=33 c=94 rs=1 cs=1]
              RenderInline {FONT} at (0,0) size 3x13
                RenderText {#text} at (0,0) size 3x13
                  text run at (0,0) width 3: " "
            RenderTableCell {TD} at (744,429) size 8x13 [bgcolor=#FDFDFB] [r=33 c=95 rs=1 cs=1]
              RenderInline {FONT} at (0,0) size 3x13
                RenderText {#text} at (0,0) size 3x13
                  text run at (0,0) width 3: " "
            RenderTableCell {TD} at (752,429) size 8x13 [bgcolor=#FDFDFB] [r=33 c=96 rs=1 cs=1]
              RenderInline {FONT} at (0,0) size 3x13
                RenderText {#text} at (0,0) size 3x13
                  text run at (0,0) width 3: " "
            RenderTableCell {TD} at (760,429) size 8x13 [bgcolor=#FDFDFB] [r=33 c=97 rs=1 cs=1]
              RenderInline {FONT} at (0,0) size 3x13
                RenderText {#text} at (0,0) size 3x13
                  text run at (0,0) width 3: " "
            RenderTableCell {TD} at (768,429) size 8x13 [bgcolor=#FDFDFB] [r=33 c=98 rs=1 cs=1]
              RenderInline {FONT} at (0,0) size 3x13
                RenderText {#text} at (0,0) size 3x13
                  text run at (0,0) width 3: " "
            RenderTableCell {TD} at (776,429) size 8x13 [bgcolor=#FDFDFB] [r=33 c=99 rs=1 cs=1]
              RenderInline {FONT} at (0,0) size 3x13
                RenderText {#text} at (0,0) size 3x13
                  text run at (0,0) width 3: " "
