layer at (0,0) size 785x2612
  RenderView at (0,0) size 785x600
layer at (0,0) size 785x2612
  RenderBlock {HTML} at (0,0) size 785x2612
    RenderBody {BODY} at (8,16) size 769x2580
layer at (8,16) size 760x383
  RenderBlock {DIV} at (0,0) size 760x383 [border: (5px solid #800000)]
    RenderBlock (anonymous multi-column span) at (5,5) size 750x66
      RenderBlock {H2} at (0,19) size 750x28 [bgcolor=#EEEEEE]
        RenderText {#text} at (0,0) size 276x28
          text run at (0,0) width 276: "This is a spanning element."
layer at (13,87) size 750x307
  RenderBlock (anonymous multi-column) at (5,71) size 750x307
    RenderText {#text} at (0,0) size 363x614
      text run at (0,0) width 354: "Lorem ipsum dolor sit amet, consectetuer adipiscing elit."
      text run at (0,18) width 351: "Nulla varius enim ac mi. Curabitur sollicitudin felis quis"
      text run at (0,36) width 325: "lectus. Quisque adipiscing rhoncus sem. Proin nulla"
      text run at (0,54) width 358: "purus, vulputate vel, varius ut, euismod et, nisi. Sed vitae"
      text run at (0,72) width 343: "felis vel orci sagittis aliquam. Cras convallis adipiscing"
      text run at (0,90) width 340: "sem. Nam nonummy enim. Nullam bibendum lobortis"
      text run at (0,108) width 344: "neque. Vestibulum velit orci, tempus euismod, pretium"
      text run at (0,126) width 343: "quis, interdum vitae, nulla. Phasellus eget ante et tortor"
      text run at (0,144) width 343: "condimentum vestibulum. Suspendisse hendrerit quam"
      text run at (0,162) width 362: "nec felis. Sed varius turpis vitae pede. Lorem ipsum dolor"
      text run at (0,180) width 233: "sit amet, consectetuer adipiscing elit. "
      text run at (233,180) width 121: "Lorem ipsum dolor"
      text run at (0,198) width 363: "sit amet, consectetuer adipiscing elit. Nulla varius enim ac"
      text run at (0,216) width 318: "mi. Curabitur sollicitudin felis quis lectus. Quisque"
      text run at (0,234) width 356: "adipiscing rhoncus sem. Proin nulla purus, vulputate vel,"
      text run at (0,252) width 354: "varius ut, euismod et, nisi. Sed vitae felis vel orci sagittis"
      text run at (0,270) width 351: "aliquam. Cras convallis adipiscing sem. Nam nonummy"
      text run at (0,288) width 358: "enim. Nullam bibendum lobortis neque. Vestibulum velit"
      text run at (0,307) width 361: "orci, tempus euismod, pretium quis, interdum vitae, nulla."
      text run at (0,325) width 339: "Phasellus eget ante et tortor condimentum vestibulum."
      text run at (0,343) width 345: "Suspendisse hendrerit quam nec felis. Sed varius turpis"
      text run at (0,361) width 331: "vitae pede. Lorem ipsum dolor sit amet, consectetuer"
      text run at (0,379) width 95: "adipiscing elit. "
      text run at (95,379) width 259: "Lorem ipsum dolor sit amet, consectetuer"
      text run at (0,397) width 313: "adipiscing elit. Nulla varius enim ac mi. Curabitur"
      text run at (0,415) width 352: "sollicitudin felis quis lectus. Quisque adipiscing rhoncus"
      text run at (0,433) width 353: "sem. Proin nulla purus, vulputate vel, varius ut, euismod"
      text run at (0,451) width 326: "et, nisi. Sed vitae felis vel orci sagittis aliquam. Cras"
      text run at (0,469) width 350: "convallis adipiscing sem. Nam nonummy enim. Nullam"
      text run at (0,487) width 349: "bibendum lobortis neque. Vestibulum velit orci, tempus"
      text run at (0,505) width 343: "euismod, pretium quis, interdum vitae, nulla. Phasellus"
      text run at (0,523) width 357: "eget ante et tortor condimentum vestibulum. Suspendisse"
      text run at (0,541) width 336: "hendrerit quam nec felis. Sed varius turpis vitae pede."
      text run at (0,559) width 354: "Lorem ipsum dolor sit amet, consectetuer adipiscing elit."
      text run at (0,577) width 354: "Lorem ipsum dolor sit amet, consectetuer adipiscing elit."
      text run at (0,595) width 154: "Nulla varius enim ac mi."
layer at (8,415) size 760x383
  RenderBlock {DIV} at (0,399) size 760x383 [border: (5px solid #800000)]
    RenderBlock (anonymous multi-column span) at (5,312) size 750x66
      RenderBlock {H2} at (0,19) size 750x28 [bgcolor=#EEEEEE]
        RenderText {#text} at (0,0) size 276x28
          text run at (0,0) width 276: "This is a spanning element."
layer at (13,420) size 750x307
  RenderBlock (anonymous multi-column) at (5,5) size 750x307
    RenderText {#text} at (0,0) size 363x614
      text run at (0,0) width 354: "Lorem ipsum dolor sit amet, consectetuer adipiscing elit."
      text run at (0,18) width 351: "Nulla varius enim ac mi. Curabitur sollicitudin felis quis"
      text run at (0,36) width 325: "lectus. Quisque adipiscing rhoncus sem. Proin nulla"
      text run at (0,54) width 358: "purus, vulputate vel, varius ut, euismod et, nisi. Sed vitae"
      text run at (0,72) width 343: "felis vel orci sagittis aliquam. Cras convallis adipiscing"
      text run at (0,90) width 340: "sem. Nam nonummy enim. Nullam bibendum lobortis"
      text run at (0,108) width 344: "neque. Vestibulum velit orci, tempus euismod, pretium"
      text run at (0,126) width 343: "quis, interdum vitae, nulla. Phasellus eget ante et tortor"
      text run at (0,144) width 343: "condimentum vestibulum. Suspendisse hendrerit quam"
      text run at (0,162) width 362: "nec felis. Sed varius turpis vitae pede. Lorem ipsum dolor"
      text run at (0,180) width 233: "sit amet, consectetuer adipiscing elit. "
      text run at (233,180) width 121: "Lorem ipsum dolor"
      text run at (0,198) width 363: "sit amet, consectetuer adipiscing elit. Nulla varius enim ac"
      text run at (0,216) width 318: "mi. Curabitur sollicitudin felis quis lectus. Quisque"
      text run at (0,234) width 356: "adipiscing rhoncus sem. Proin nulla purus, vulputate vel,"
      text run at (0,252) width 354: "varius ut, euismod et, nisi. Sed vitae felis vel orci sagittis"
      text run at (0,270) width 351: "aliquam. Cras convallis adipiscing sem. Nam nonummy"
      text run at (0,288) width 358: "enim. Nullam bibendum lobortis neque. Vestibulum velit"
      text run at (0,307) width 361: "orci, tempus euismod, pretium quis, interdum vitae, nulla."
      text run at (0,325) width 339: "Phasellus eget ante et tortor condimentum vestibulum."
      text run at (0,343) width 345: "Suspendisse hendrerit quam nec felis. Sed varius turpis"
      text run at (0,361) width 331: "vitae pede. Lorem ipsum dolor sit amet, consectetuer"
      text run at (0,379) width 95: "adipiscing elit. "
      text run at (95,379) width 259: "Lorem ipsum dolor sit amet, consectetuer"
      text run at (0,397) width 313: "adipiscing elit. Nulla varius enim ac mi. Curabitur"
      text run at (0,415) width 352: "sollicitudin felis quis lectus. Quisque adipiscing rhoncus"
      text run at (0,433) width 353: "sem. Proin nulla purus, vulputate vel, varius ut, euismod"
      text run at (0,451) width 326: "et, nisi. Sed vitae felis vel orci sagittis aliquam. Cras"
      text run at (0,469) width 350: "convallis adipiscing sem. Nam nonummy enim. Nullam"
      text run at (0,487) width 349: "bibendum lobortis neque. Vestibulum velit orci, tempus"
      text run at (0,505) width 343: "euismod, pretium quis, interdum vitae, nulla. Phasellus"
      text run at (0,523) width 357: "eget ante et tortor condimentum vestibulum. Suspendisse"
      text run at (0,541) width 336: "hendrerit quam nec felis. Sed varius turpis vitae pede."
      text run at (0,559) width 354: "Lorem ipsum dolor sit amet, consectetuer adipiscing elit."
      text run at (0,577) width 354: "Lorem ipsum dolor sit amet, consectetuer adipiscing elit."
      text run at (0,595) width 154: "Nulla varius enim ac mi."
layer at (8,814) size 760x449
  RenderBlock {DIV} at (0,798) size 760x449 [border: (5px solid #800000)]
    RenderBlock (anonymous multi-column span) at (5,147) size 750x66
      RenderBlock {H2} at (0,19) size 750x28 [bgcolor=#EEEEEE]
        RenderText {#text} at (0,0) size 276x28
          text run at (0,0) width 276: "This is a spanning element."
layer at (13,819) size 750x142
  RenderBlock (anonymous multi-column) at (5,5) size 750x142
    RenderBlock {P} at (0,16) size 367x252
      RenderText {#text} at (0,0) size 363x253
        text run at (0,0) width 354: "Lorem ipsum dolor sit amet, consectetuer adipiscing elit."
        text run at (0,18) width 351: "Nulla varius enim ac mi. Curabitur sollicitudin felis quis"
        text run at (0,36) width 325: "lectus. Quisque adipiscing rhoncus sem. Proin nulla"
        text run at (0,54) width 358: "purus, vulputate vel, varius ut, euismod et, nisi. Sed vitae"
        text run at (0,72) width 343: "felis vel orci sagittis aliquam. Cras convallis adipiscing"
        text run at (0,90) width 340: "sem. Nam nonummy enim. Nullam bibendum lobortis"
        text run at (0,126) width 344: "neque. Vestibulum velit orci, tempus euismod, pretium"
        text run at (0,144) width 343: "quis, interdum vitae, nulla. Phasellus eget ante et tortor"
        text run at (0,162) width 343: "condimentum vestibulum. Suspendisse hendrerit quam"
        text run at (0,180) width 362: "nec felis. Sed varius turpis vitae pede. Lorem ipsum dolor"
        text run at (0,198) width 233: "sit amet, consectetuer adipiscing elit. "
        text run at (233,198) width 121: "Lorem ipsum dolor"
        text run at (0,216) width 363: "sit amet, consectetuer adipiscing elit. Nulla varius enim ac"
        text run at (0,234) width 20: "mi."
layer at (13,1027) size 750x231
  RenderBlock (anonymous multi-column) at (5,213) size 750x231
    RenderBlock {P} at (0,16) size 367x413
      RenderText {#text} at (0,0) size 363x414
        text run at (0,0) width 354: "Lorem ipsum dolor sit amet, consectetuer adipiscing elit."
        text run at (0,18) width 351: "Nulla varius enim ac mi. Curabitur sollicitudin felis quis"
        text run at (0,36) width 325: "lectus. Quisque adipiscing rhoncus sem. Proin nulla"
        text run at (0,54) width 358: "purus, vulputate vel, varius ut, euismod et, nisi. Sed vitae"
        text run at (0,72) width 343: "felis vel orci sagittis aliquam. Cras convallis adipiscing"
        text run at (0,90) width 340: "sem. Nam nonummy enim. Nullam bibendum lobortis"
        text run at (0,108) width 344: "neque. Vestibulum velit orci, tempus euismod, pretium"
        text run at (0,126) width 343: "quis, interdum vitae, nulla. Phasellus eget ante et tortor"
        text run at (0,144) width 343: "condimentum vestibulum. Suspendisse hendrerit quam"
        text run at (0,162) width 362: "nec felis. Sed varius turpis vitae pede. Lorem ipsum dolor"
        text run at (0,180) width 233: "sit amet, consectetuer adipiscing elit. "
        text run at (233,180) width 121: "Lorem ipsum dolor"
        text run at (0,215) width 363: "sit amet, consectetuer adipiscing elit. Nulla varius enim ac"
        text run at (0,233) width 318: "mi. Curabitur sollicitudin felis quis lectus. Quisque"
        text run at (0,251) width 356: "adipiscing rhoncus sem. Proin nulla purus, vulputate vel,"
        text run at (0,269) width 354: "varius ut, euismod et, nisi. Sed vitae felis vel orci sagittis"
        text run at (0,287) width 351: "aliquam. Cras convallis adipiscing sem. Nam nonummy"
        text run at (0,305) width 358: "enim. Nullam bibendum lobortis neque. Vestibulum velit"
        text run at (0,323) width 361: "orci, tempus euismod, pretium quis, interdum vitae, nulla."
        text run at (0,341) width 339: "Phasellus eget ante et tortor condimentum vestibulum."
        text run at (0,359) width 345: "Suspendisse hendrerit quam nec felis. Sed varius turpis"
        text run at (0,377) width 331: "vitae pede. Lorem ipsum dolor sit amet, consectetuer"
        text run at (0,395) width 91: "adipiscing elit."
layer at (8,1279) size 760x418
  RenderBlock {DIV} at (0,1263) size 760x418 [border: (5px solid #800000)]
    RenderBlock (anonymous multi-column span) at (5,133) size 750x66
      RenderBlock {H2} at (0,19) size 750x28 [bgcolor=#EEEEEE]
        RenderText {#text} at (0,0) size 276x28
          text run at (0,0) width 276: "This is a spanning element."
layer at (13,1284) size 750x128
  RenderBlock (anonymous multi-column) at (5,5) size 750x128
    RenderBlock (anonymous) at (0,0) size 367x236
      RenderText {#text} at (0,0) size 363x237
        text run at (0,0) width 354: "Lorem ipsum dolor sit amet, consectetuer adipiscing elit."
        text run at (0,18) width 351: "Nulla varius enim ac mi. Curabitur sollicitudin felis quis"
        text run at (0,36) width 325: "lectus. Quisque adipiscing rhoncus sem. Proin nulla"
        text run at (0,54) width 358: "purus, vulputate vel, varius ut, euismod et, nisi. Sed vitae"
        text run at (0,72) width 343: "felis vel orci sagittis aliquam. Cras convallis adipiscing"
        text run at (0,90) width 340: "sem. Nam nonummy enim. Nullam bibendum lobortis"
        text run at (0,108) width 344: "neque. Vestibulum velit orci, tempus euismod, pretium"
        text run at (0,128) width 343: "quis, interdum vitae, nulla. Phasellus eget ante et tortor"
        text run at (0,146) width 343: "condimentum vestibulum. Suspendisse hendrerit quam"
        text run at (0,164) width 362: "nec felis. Sed varius turpis vitae pede. Lorem ipsum dolor"
        text run at (0,182) width 233: "sit amet, consectetuer adipiscing elit. "
        text run at (233,182) width 121: "Lorem ipsum dolor"
        text run at (0,200) width 363: "sit amet, consectetuer adipiscing elit. Nulla varius enim ac"
        text run at (0,218) width 20: "mi."
layer at (13,1478) size 750x214
  RenderBlock (anonymous multi-column) at (5,199) size 750x214
    RenderBlock (anonymous) at (0,0) size 367x198
      RenderInline {SPAN} at (0,0) size 42x19
        RenderText {#text} at (0,0) size 42x19
          text run at (0,0) width 42: "Lorem"
      RenderText {#text} at (42,0) size 362x199
        text run at (42,0) width 312: " ipsum dolor sit amet, consectetuer adipiscing elit."
        text run at (0,18) width 351: "Nulla varius enim ac mi. Curabitur sollicitudin felis quis"
        text run at (0,36) width 325: "lectus. Quisque adipiscing rhoncus sem. Proin nulla"
        text run at (0,54) width 358: "purus, vulputate vel, varius ut, euismod et, nisi. Sed vitae"
        text run at (0,72) width 343: "felis vel orci sagittis aliquam. Cras convallis adipiscing"
        text run at (0,90) width 340: "sem. Nam nonummy enim. Nullam bibendum lobortis"
        text run at (0,108) width 344: "neque. Vestibulum velit orci, tempus euismod, pretium"
        text run at (0,126) width 343: "quis, interdum vitae, nulla. Phasellus eget ante et tortor"
        text run at (0,144) width 343: "condimentum vestibulum. Suspendisse hendrerit quam"
        text run at (0,162) width 362: "nec felis. Sed varius turpis vitae pede. Lorem ipsum dolor"
        text run at (0,180) width 229: "sit amet, consectetuer adipiscing elit."
    RenderBlock {P} at (0,214) size 367x198
      RenderText {#text} at (0,0) size 362x199
        text run at (0,0) width 354: "Lorem ipsum dolor sit amet, consectetuer adipiscing elit."
        text run at (0,18) width 351: "Nulla varius enim ac mi. Curabitur sollicitudin felis quis"
        text run at (0,36) width 325: "lectus. Quisque adipiscing rhoncus sem. Proin nulla"
        text run at (0,54) width 358: "purus, vulputate vel, varius ut, euismod et, nisi. Sed vitae"
        text run at (0,72) width 343: "felis vel orci sagittis aliquam. Cras convallis adipiscing"
        text run at (0,90) width 340: "sem. Nam nonummy enim. Nullam bibendum lobortis"
        text run at (0,108) width 344: "neque. Vestibulum velit orci, tempus euismod, pretium"
        text run at (0,126) width 343: "quis, interdum vitae, nulla. Phasellus eget ante et tortor"
        text run at (0,144) width 343: "condimentum vestibulum. Suspendisse hendrerit quam"
        text run at (0,162) width 362: "nec felis. Sed varius turpis vitae pede. Lorem ipsum dolor"
        text run at (0,180) width 229: "sit amet, consectetuer adipiscing elit."
layer at (8,1713) size 760x417
  RenderBlock {DIV} at (0,1697) size 760x417 [border: (5px solid #800000)]
    RenderBlock (anonymous multi-column span) at (5,222) size 750x66
      RenderBlock {H2} at (0,19) size 750x28 [bgcolor=#EEEEEE]
        RenderText {#text} at (0,0) size 276x28
          text run at (0,0) width 276: "This is a spanning element."
layer at (13,1718) size 750x217
  RenderBlock (anonymous multi-column) at (5,5) size 750x217
    RenderBlock (anonymous) at (0,0) size 367x198
      RenderInline {SPAN} at (0,0) size 362x199
        RenderText {#text} at (0,0) size 362x199
          text run at (0,0) width 354: "Lorem ipsum dolor sit amet, consectetuer adipiscing elit."
          text run at (0,18) width 351: "Nulla varius enim ac mi. Curabitur sollicitudin felis quis"
          text run at (0,36) width 325: "lectus. Quisque adipiscing rhoncus sem. Proin nulla"
          text run at (0,54) width 358: "purus, vulputate vel, varius ut, euismod et, nisi. Sed vitae"
          text run at (0,72) width 343: "felis vel orci sagittis aliquam. Cras convallis adipiscing"
          text run at (0,90) width 340: "sem. Nam nonummy enim. Nullam bibendum lobortis"
          text run at (0,108) width 344: "neque. Vestibulum velit orci, tempus euismod, pretium"
          text run at (0,126) width 343: "quis, interdum vitae, nulla. Phasellus eget ante et tortor"
          text run at (0,144) width 343: "condimentum vestibulum. Suspendisse hendrerit quam"
          text run at (0,162) width 362: "nec felis. Sed varius turpis vitae pede. Lorem ipsum dolor"
          text run at (0,180) width 229: "sit amet, consectetuer adipiscing elit."
    RenderBlock (anonymous) at (0,198) size 367x37
      RenderBlock {SPAN} at (0,0) size 367x37
        RenderText {#text} at (0,0) size 354x38
          text run at (0,0) width 354: "Lorem ipsum dolor sit amet, consectetuer adipiscing elit."
          text run at (0,19) width 154: "Nulla varius enim ac mi."
    RenderBlock (anonymous) at (0,235) size 367x198
      RenderInline {SPAN} at (0,0) size 42x19
        RenderText {#text} at (0,0) size 42x19
          text run at (0,0) width 42: "Lorem"
      RenderText {#text} at (42,0) size 362x199
        text run at (42,0) width 312: " ipsum dolor sit amet, consectetuer adipiscing elit."
        text run at (0,18) width 351: "Nulla varius enim ac mi. Curabitur sollicitudin felis quis"
        text run at (0,36) width 325: "lectus. Quisque adipiscing rhoncus sem. Proin nulla"
        text run at (0,54) width 358: "purus, vulputate vel, varius ut, euismod et, nisi. Sed vitae"
        text run at (0,72) width 343: "felis vel orci sagittis aliquam. Cras convallis adipiscing"
        text run at (0,90) width 340: "sem. Nam nonummy enim. Nullam bibendum lobortis"
        text run at (0,108) width 344: "neque. Vestibulum velit orci, tempus euismod, pretium"
        text run at (0,126) width 343: "quis, interdum vitae, nulla. Phasellus eget ante et tortor"
        text run at (0,144) width 343: "condimentum vestibulum. Suspendisse hendrerit quam"
        text run at (0,162) width 362: "nec felis. Sed varius turpis vitae pede. Lorem ipsum dolor"
        text run at (0,180) width 229: "sit amet, consectetuer adipiscing elit."
layer at (13,2001) size 750x124
  RenderBlock (anonymous multi-column) at (5,288) size 750x124
    RenderBlock {P} at (0,16) size 367x216
      RenderText {#text} at (0,0) size 362x217
        text run at (0,0) width 354: "Lorem ipsum dolor sit amet, consectetuer adipiscing elit."
        text run at (0,18) width 351: "Nulla varius enim ac mi. Curabitur sollicitudin felis quis"
        text run at (0,36) width 325: "lectus. Quisque adipiscing rhoncus sem. Proin nulla"
        text run at (0,54) width 358: "purus, vulputate vel, varius ut, euismod et, nisi. Sed vitae"
        text run at (0,72) width 343: "felis vel orci sagittis aliquam. Cras convallis adipiscing"
        text run at (0,108) width 340: "sem. Nam nonummy enim. Nullam bibendum lobortis"
        text run at (0,126) width 344: "neque. Vestibulum velit orci, tempus euismod, pretium"
        text run at (0,144) width 343: "quis, interdum vitae, nulla. Phasellus eget ante et tortor"
        text run at (0,162) width 343: "condimentum vestibulum. Suspendisse hendrerit quam"
        text run at (0,180) width 362: "nec felis. Sed varius turpis vitae pede. Lorem ipsum dolor"
        text run at (0,198) width 229: "sit amet, consectetuer adipiscing elit."
layer at (8,2146) size 760x450
  RenderBlock {DIV} at (0,2130) size 760x450 [border: (5px solid #800000)]
    RenderBlock (anonymous multi-column span) at (5,270) size 750x66
      RenderBlock {H2} at (0,19) size 750x28 [bgcolor=#EEEEEE]
        RenderText {#text} at (0,0) size 276x28
          text run at (0,0) width 276: "This is a spanning element."
layer at (13,2151) size 750x265
  RenderBlock (anonymous multi-column) at (5,5) size 750x265
    RenderBlock {P} at (0,16) size 367x198
      RenderText {#text} at (0,0) size 362x199
        text run at (0,0) width 354: "Lorem ipsum dolor sit amet, consectetuer adipiscing elit."
        text run at (0,18) width 351: "Nulla varius enim ac mi. Curabitur sollicitudin felis quis"
        text run at (0,36) width 325: "lectus. Quisque adipiscing rhoncus sem. Proin nulla"
        text run at (0,54) width 358: "purus, vulputate vel, varius ut, euismod et, nisi. Sed vitae"
        text run at (0,72) width 343: "felis vel orci sagittis aliquam. Cras convallis adipiscing"
        text run at (0,90) width 340: "sem. Nam nonummy enim. Nullam bibendum lobortis"
        text run at (0,108) width 344: "neque. Vestibulum velit orci, tempus euismod, pretium"
        text run at (0,126) width 343: "quis, interdum vitae, nulla. Phasellus eget ante et tortor"
        text run at (0,144) width 343: "condimentum vestibulum. Suspendisse hendrerit quam"
        text run at (0,162) width 362: "nec felis. Sed varius turpis vitae pede. Lorem ipsum dolor"
        text run at (0,180) width 229: "sit amet, consectetuer adipiscing elit."
    RenderBlock {P} at (0,230) size 367x53
      RenderText {#text} at (0,0) size 354x54
        text run at (0,0) width 354: "Lorem ipsum dolor sit amet, consectetuer adipiscing elit."
        text run at (0,35) width 154: "Nulla varius enim ac mi."
    RenderBlock {P} at (0,299) size 367x198
      RenderText {#text} at (0,0) size 362x199
        text run at (0,0) width 354: "Lorem ipsum dolor sit amet, consectetuer adipiscing elit."
        text run at (0,18) width 351: "Nulla varius enim ac mi. Curabitur sollicitudin felis quis"
        text run at (0,36) width 325: "lectus. Quisque adipiscing rhoncus sem. Proin nulla"
        text run at (0,54) width 358: "purus, vulputate vel, varius ut, euismod et, nisi. Sed vitae"
        text run at (0,72) width 343: "felis vel orci sagittis aliquam. Cras convallis adipiscing"
        text run at (0,90) width 340: "sem. Nam nonummy enim. Nullam bibendum lobortis"
        text run at (0,108) width 344: "neque. Vestibulum velit orci, tempus euismod, pretium"
        text run at (0,126) width 343: "quis, interdum vitae, nulla. Phasellus eget ante et tortor"
        text run at (0,144) width 343: "condimentum vestibulum. Suspendisse hendrerit quam"
        text run at (0,162) width 362: "nec felis. Sed varius turpis vitae pede. Lorem ipsum dolor"
        text run at (0,180) width 229: "sit amet, consectetuer adipiscing elit."
layer at (13,2482) size 750x109
  RenderBlock (anonymous multi-column) at (5,336) size 750x109
    RenderBlock (anonymous) at (0,0) size 367x18
      RenderInline {SPAN} at (0,0) size 354x19
        RenderText {#text} at (0,0) size 354x19
          text run at (0,0) width 354: "Lorem ipsum dolor sit amet, consectetuer adipiscing elit."
    RenderBlock (anonymous) at (0,18) size 367x18
      RenderBlock {SPAN} at (0,0) size 367x18
        RenderText {#text} at (0,0) size 154x19
          text run at (0,0) width 154: "Nulla varius enim ac mi."
    RenderBlock (anonymous) at (0,36) size 367x181
      RenderInline {SPAN} at (0,0) size 362x182
        RenderText {#text} at (0,0) size 362x182
          text run at (0,0) width 362: "Curabitur sollicitudin felis quis lectus. Quisque adipiscing"
          text run at (0,18) width 350: "rhoncus sem. Proin nulla purus, vulputate vel, varius ut,"
          text run at (0,36) width 350: "euismod et, nisi. Sed vitae felis vel orci sagittis aliquam."
          text run at (0,54) width 332: "Cras convallis adipiscing sem. Nam nonummy enim."
          text run at (0,73) width 351: "Nullam bibendum lobortis neque. Vestibulum velit orci,"
          text run at (0,91) width 329: "tempus euismod, pretium quis, interdum vitae, nulla."
          text run at (0,109) width 339: "Phasellus eget ante et tortor condimentum vestibulum."
          text run at (0,127) width 345: "Suspendisse hendrerit quam nec felis. Sed varius turpis"
          text run at (0,145) width 331: "vitae pede. Lorem ipsum dolor sit amet, consectetuer"
          text run at (0,163) width 91: "adipiscing elit."
      RenderText {#text} at (0,0) size 0x0
