layer at (0,0) size 785x1574
  RenderView at (0,0) size 785x600
layer at (0,0) size 785x1574
  RenderBlock {HTML} at (0,0) size 785x1574
    RenderBody {BODY} at (8,16) size 769x1542
layer at (8,16) size 760x488
  RenderBlock {DIV} at (0,0) size 760x488 [border: (5px solid #800000)]
    RenderBlock (anonymous multi-column span) at (5,204) size 750x66
      RenderBlock {H2} at (0,19) size 750x28 [bgcolor=#EEEEEE]
        RenderText {#text} at (0,0) size 193x28
          text run at (0,0) width 193: "This is a first span."
    RenderBlock (anonymous multi-column span) at (5,289) size 750x66
      RenderBlock {H2} at (0,19) size 750x28 [bgcolor=#EEEEEE]
        RenderText {#text} at (0,0) size 219x28
          text run at (0,0) width 219: "This is a second span."
layer at (13,21) size 750x199
  RenderBlock (anonymous multi-column) at (5,5) size 750x199
    RenderText {#text} at (0,0) size 363x398
      text run at (0,0) width 354: "Lorem ipsum dolor sit amet, consectetuer adipiscing elit."
      text run at (0,18) width 351: "Nulla varius enim ac mi. Curabitur sollicitudin felis quis"
      text run at (0,36) width 325: "lectus. Quisque adipiscing rhoncus sem. Proin nulla"
      text run at (0,54) width 358: "purus, vulputate vel, varius ut, euismod et, nisi. Sed vitae"
      text run at (0,72) width 343: "felis vel orci sagittis aliquam. Cras convallis adipiscing"
      text run at (0,90) width 340: "sem. Nam nonummy enim. Nullam bibendum lobortis"
      text run at (0,108) width 344: "neque. Vestibulum velit orci, tempus euismod, pretium"
      text run at (0,126) width 343: "quis, interdum vitae, nulla. Phasellus eget ante et tortor"
      text run at (0,144) width 343: "condimentum vestibulum. Suspendisse hendrerit quam"
      text run at (0,162) width 362: "nec felis. Sed varius turpis vitae pede. Lorem ipsum dolor"
      text run at (0,180) width 233: "sit amet, consectetuer adipiscing elit. "
      text run at (233,180) width 121: "Lorem ipsum dolor"
      text run at (0,199) width 363: "sit amet, consectetuer adipiscing elit. Nulla varius enim ac"
      text run at (0,217) width 318: "mi. Curabitur sollicitudin felis quis lectus. Quisque"
      text run at (0,235) width 356: "adipiscing rhoncus sem. Proin nulla purus, vulputate vel,"
      text run at (0,253) width 354: "varius ut, euismod et, nisi. Sed vitae felis vel orci sagittis"
      text run at (0,271) width 351: "aliquam. Cras convallis adipiscing sem. Nam nonummy"
      text run at (0,289) width 358: "enim. Nullam bibendum lobortis neque. Vestibulum velit"
      text run at (0,307) width 361: "orci, tempus euismod, pretium quis, interdum vitae, nulla."
      text run at (0,325) width 339: "Phasellus eget ante et tortor condimentum vestibulum."
      text run at (0,343) width 345: "Suspendisse hendrerit quam nec felis. Sed varius turpis"
      text run at (0,361) width 331: "vitae pede. Lorem ipsum dolor sit amet, consectetuer"
      text run at (0,379) width 91: "adipiscing elit."
layer at (13,286) size 750x19
  RenderBlock (anonymous multi-column) at (5,270) size 750x19
    RenderText {#text} at (0,0) size 308x38
      text run at (0,0) width 308: "This text should be sitting between two spanning"
      text run at (0,19) width 59: "elements."
layer at (13,371) size 750x128
  RenderBlock (anonymous multi-column) at (5,355) size 750x128
    RenderText {#text} at (0,0) size 363x237
      text run at (0,0) width 354: "Lorem ipsum dolor sit amet, consectetuer adipiscing elit."
      text run at (0,18) width 351: "Nulla varius enim ac mi. Curabitur sollicitudin felis quis"
      text run at (0,36) width 325: "lectus. Quisque adipiscing rhoncus sem. Proin nulla"
      text run at (0,54) width 358: "purus, vulputate vel, varius ut, euismod et, nisi. Sed vitae"
      text run at (0,72) width 343: "felis vel orci sagittis aliquam. Cras convallis adipiscing"
      text run at (0,90) width 340: "sem. Nam nonummy enim. Nullam bibendum lobortis"
      text run at (0,108) width 344: "neque. Vestibulum velit orci, tempus euismod, pretium"
      text run at (0,128) width 343: "quis, interdum vitae, nulla. Phasellus eget ante et tortor"
      text run at (0,146) width 343: "condimentum vestibulum. Suspendisse hendrerit quam"
      text run at (0,164) width 362: "nec felis. Sed varius turpis vitae pede. Lorem ipsum dolor"
      text run at (0,182) width 233: "sit amet, consectetuer adipiscing elit. "
      text run at (233,182) width 121: "Lorem ipsum dolor"
      text run at (0,200) width 363: "sit amet, consectetuer adipiscing elit. Nulla varius enim ac"
      text run at (0,218) width 20: "mi."
layer at (8,520) size 760x518
  RenderBlock {DIV} at (0,504) size 760x518 [border: (5px solid #800000)]
    RenderBlock (anonymous multi-column span) at (5,129) size 750x66
      RenderBlock {H2} at (0,19) size 750x28 [bgcolor=#EEEEEE]
        RenderText {#text} at (0,0) size 193x28
          text run at (0,0) width 193: "This is a first span."
    RenderBlock (anonymous multi-column span) at (5,319) size 750x66
      RenderBlock {H2} at (0,19) size 750x28 [bgcolor=#EEEEEE]
        RenderText {#text} at (0,0) size 219x28
          text run at (0,0) width 219: "This is a second span."
layer at (13,525) size 750x124
  RenderBlock (anonymous multi-column) at (5,5) size 750x124
    RenderBlock {P} at (0,16) size 367x216
      RenderText {#text} at (0,0) size 362x217
        text run at (0,0) width 354: "Lorem ipsum dolor sit amet, consectetuer adipiscing elit."
        text run at (0,18) width 351: "Nulla varius enim ac mi. Curabitur sollicitudin felis quis"
        text run at (0,36) width 325: "lectus. Quisque adipiscing rhoncus sem. Proin nulla"
        text run at (0,54) width 358: "purus, vulputate vel, varius ut, euismod et, nisi. Sed vitae"
        text run at (0,72) width 343: "felis vel orci sagittis aliquam. Cras convallis adipiscing"
        text run at (0,108) width 340: "sem. Nam nonummy enim. Nullam bibendum lobortis"
        text run at (0,126) width 344: "neque. Vestibulum velit orci, tempus euismod, pretium"
        text run at (0,144) width 343: "quis, interdum vitae, nulla. Phasellus eget ante et tortor"
        text run at (0,162) width 343: "condimentum vestibulum. Suspendisse hendrerit quam"
        text run at (0,180) width 362: "nec felis. Sed varius turpis vitae pede. Lorem ipsum dolor"
        text run at (0,198) width 229: "sit amet, consectetuer adipiscing elit."
layer at (13,715) size 750x124
  RenderBlock (anonymous multi-column) at (5,195) size 750x124
    RenderBlock {P} at (0,16) size 367x216
      RenderText {#text} at (0,0) size 362x217
        text run at (0,0) width 354: "Lorem ipsum dolor sit amet, consectetuer adipiscing elit."
        text run at (0,18) width 351: "Nulla varius enim ac mi. Curabitur sollicitudin felis quis"
        text run at (0,36) width 325: "lectus. Quisque adipiscing rhoncus sem. Proin nulla"
        text run at (0,54) width 358: "purus, vulputate vel, varius ut, euismod et, nisi. Sed vitae"
        text run at (0,72) width 343: "felis vel orci sagittis aliquam. Cras convallis adipiscing"
        text run at (0,108) width 340: "sem. Nam nonummy enim. Nullam bibendum lobortis"
        text run at (0,126) width 344: "neque. Vestibulum velit orci, tempus euismod, pretium"
        text run at (0,144) width 343: "quis, interdum vitae, nulla. Phasellus eget ante et tortor"
        text run at (0,162) width 343: "condimentum vestibulum. Suspendisse hendrerit quam"
        text run at (0,180) width 362: "nec felis. Sed varius turpis vitae pede. Lorem ipsum dolor"
        text run at (0,198) width 229: "sit amet, consectetuer adipiscing elit."
layer at (13,905) size 750x128
  RenderBlock (anonymous multi-column) at (5,385) size 750x128
    RenderText {#text} at (0,0) size 363x237
      text run at (0,0) width 354: "Lorem ipsum dolor sit amet, consectetuer adipiscing elit."
      text run at (0,18) width 351: "Nulla varius enim ac mi. Curabitur sollicitudin felis quis"
      text run at (0,36) width 325: "lectus. Quisque adipiscing rhoncus sem. Proin nulla"
      text run at (0,54) width 358: "purus, vulputate vel, varius ut, euismod et, nisi. Sed vitae"
      text run at (0,72) width 343: "felis vel orci sagittis aliquam. Cras convallis adipiscing"
      text run at (0,90) width 340: "sem. Nam nonummy enim. Nullam bibendum lobortis"
      text run at (0,108) width 344: "neque. Vestibulum velit orci, tempus euismod, pretium"
      text run at (0,128) width 343: "quis, interdum vitae, nulla. Phasellus eget ante et tortor"
      text run at (0,146) width 343: "condimentum vestibulum. Suspendisse hendrerit quam"
      text run at (0,164) width 362: "nec felis. Sed varius turpis vitae pede. Lorem ipsum dolor"
      text run at (0,182) width 233: "sit amet, consectetuer adipiscing elit. "
      text run at (233,182) width 121: "Lorem ipsum dolor"
      text run at (0,200) width 363: "sit amet, consectetuer adipiscing elit. Nulla varius enim ac"
      text run at (0,218) width 20: "mi."
layer at (8,1054) size 760x504
  RenderBlock {DIV} at (0,1038) size 760x504 [border: (5px solid #800000)]
    RenderBlock (anonymous multi-column span) at (5,115) size 750x66
      RenderBlock {H2} at (0,19) size 750x28 [bgcolor=#EEEEEE]
        RenderText {#text} at (0,0) size 193x28
          text run at (0,0) width 193: "This is a first span."
    RenderBlock (anonymous multi-column span) at (5,305) size 750x66
      RenderBlock {H2} at (0,19) size 750x28 [bgcolor=#EEEEEE]
        RenderText {#text} at (0,0) size 219x28
          text run at (0,0) width 219: "This is a second span."
layer at (13,1059) size 750x110
  RenderBlock (anonymous multi-column) at (5,5) size 750x110
    RenderBlock (anonymous) at (0,0) size 367x0
      RenderInline {SPAN} at (0,0) size 0x0
        RenderText {#text} at (0,0) size 0x0
    RenderBlock (anonymous) at (0,0) size 367x200
      RenderBlock {SPAN} at (0,0) size 367x200
        RenderText {#text} at (0,0) size 362x201
          text run at (0,0) width 354: "Lorem ipsum dolor sit amet, consectetuer adipiscing elit."
          text run at (0,18) width 351: "Nulla varius enim ac mi. Curabitur sollicitudin felis quis"
          text run at (0,36) width 325: "lectus. Quisque adipiscing rhoncus sem. Proin nulla"
          text run at (0,54) width 358: "purus, vulputate vel, varius ut, euismod et, nisi. Sed vitae"
          text run at (0,72) width 343: "felis vel orci sagittis aliquam. Cras convallis adipiscing"
          text run at (0,90) width 340: "sem. Nam nonummy enim. Nullam bibendum lobortis"
          text run at (0,110) width 344: "neque. Vestibulum velit orci, tempus euismod, pretium"
          text run at (0,128) width 343: "quis, interdum vitae, nulla. Phasellus eget ante et tortor"
          text run at (0,146) width 343: "condimentum vestibulum. Suspendisse hendrerit quam"
          text run at (0,164) width 362: "nec felis. Sed varius turpis vitae pede. Lorem ipsum dolor"
          text run at (0,182) width 229: "sit amet, consectetuer adipiscing elit."
    RenderBlock (anonymous) at (0,200) size 367x0
      RenderInline {SPAN} at (0,0) size 0x0
      RenderText {#text} at (0,0) size 0x0
layer at (13,1235) size 750x124
  RenderBlock (anonymous multi-column) at (5,181) size 750x124
    RenderBlock {P} at (0,16) size 367x216
      RenderText {#text} at (0,0) size 362x217
        text run at (0,0) width 354: "Lorem ipsum dolor sit amet, consectetuer adipiscing elit."
        text run at (0,18) width 351: "Nulla varius enim ac mi. Curabitur sollicitudin felis quis"
        text run at (0,36) width 325: "lectus. Quisque adipiscing rhoncus sem. Proin nulla"
        text run at (0,54) width 358: "purus, vulputate vel, varius ut, euismod et, nisi. Sed vitae"
        text run at (0,72) width 343: "felis vel orci sagittis aliquam. Cras convallis adipiscing"
        text run at (0,108) width 340: "sem. Nam nonummy enim. Nullam bibendum lobortis"
        text run at (0,126) width 344: "neque. Vestibulum velit orci, tempus euismod, pretium"
        text run at (0,144) width 343: "quis, interdum vitae, nulla. Phasellus eget ante et tortor"
        text run at (0,162) width 343: "condimentum vestibulum. Suspendisse hendrerit quam"
        text run at (0,180) width 362: "nec felis. Sed varius turpis vitae pede. Lorem ipsum dolor"
        text run at (0,198) width 229: "sit amet, consectetuer adipiscing elit."
layer at (13,1425) size 750x128
  RenderBlock (anonymous multi-column) at (5,371) size 750x128
    RenderText {#text} at (0,0) size 363x237
      text run at (0,0) width 354: "Lorem ipsum dolor sit amet, consectetuer adipiscing elit."
      text run at (0,18) width 351: "Nulla varius enim ac mi. Curabitur sollicitudin felis quis"
      text run at (0,36) width 325: "lectus. Quisque adipiscing rhoncus sem. Proin nulla"
      text run at (0,54) width 358: "purus, vulputate vel, varius ut, euismod et, nisi. Sed vitae"
      text run at (0,72) width 343: "felis vel orci sagittis aliquam. Cras convallis adipiscing"
      text run at (0,90) width 340: "sem. Nam nonummy enim. Nullam bibendum lobortis"
      text run at (0,108) width 344: "neque. Vestibulum velit orci, tempus euismod, pretium"
      text run at (0,128) width 343: "quis, interdum vitae, nulla. Phasellus eget ante et tortor"
      text run at (0,146) width 343: "condimentum vestibulum. Suspendisse hendrerit quam"
      text run at (0,164) width 362: "nec felis. Sed varius turpis vitae pede. Lorem ipsum dolor"
      text run at (0,182) width 233: "sit amet, consectetuer adipiscing elit. "
      text run at (233,182) width 121: "Lorem ipsum dolor"
      text run at (0,200) width 363: "sit amet, consectetuer adipiscing elit. Nulla varius enim ac"
      text run at (0,218) width 20: "mi."
