layer at (0,0) size 800x600
  RenderView at (0,0) size 800x600
layer at (0,0) size 800x600
  RenderBlock {HTML} at (0,0) size 800x600
    RenderBody {BODY} at (8,8) size 776x584
      RenderBlock {P} at (0,0) size 57x584
        RenderText {#text} at (0,0) size 57x568
          text run at (0,0) width 538: "In this test, you should see three blocks that are aligned to the bottom within a black box. "
          text run at (0,538) width 30: "They"
          text run at (19,0) width 472: "should be stacked horizontally with the green box in between two olive boxes. "
          text run at (19,472) width 95: "The olive boxes"
          text run at (38,0) width 233: "and the green box should be 100x100."
layer at (81,8) size 340x240
  RenderBlock (positioned) {DIV} at (81,8) size 340x240 [border: (20px solid #000000)]
    RenderBlock {DIV} at (70,120) size 0x100
layer at (201,128) size 100x100
  RenderBlock (positioned) {DIV} at (120,120) size 100x100 [bgcolor=#008000]
layer at (101,128) size 100x100
  RenderBlock (positioned) {DIV} at (20,120) size 100x100 [bgcolor=#808000]
layer at (301,128) size 100x100
  RenderBlock (positioned) {DIV} at (220,120) size 100x100 [bgcolor=#808000]
