layer at (0,0) size 1700x584
  RenderView at (0,0) size 800x584
layer at (0,0) size 800x584
  RenderBlock {HTML} at (0,0) size 800x584
    RenderBody {BODY} at (8,8) size 784x568
layer at (8,8) size 1692x208
  RenderBlock (positioned) {DIV} at (8,8) size 1692x208
    RenderBlock {P} at (72,0) size 90x208
      RenderInline {A} at (0,0) size 90x168 [color=#0000EE]
        RenderText {#text} at (0,0) size 90x168
          text run at (0,0) width 168: "link 1"
    RenderBlock {P} at (234,0) size 90x208
      RenderInline {A} at (0,0) size 90x168 [color=#0000EE]
        RenderText {#text} at (0,0) size 90x168
          text run at (0,0) width 168: "link 2"
    RenderBlock {P} at (396,0) size 90x208
      RenderInline {A} at (0,0) size 90x168 [color=#0000EE]
        RenderText {#text} at (0,0) size 90x168
          text run at (0,0) width 168: "link 3"
    RenderBlock {P} at (558,0) size 90x208
      RenderInline {A} at (0,0) size 90x168 [color=#0000EE]
        RenderText {#text} at (0,0) size 90x168
          text run at (0,0) width 168: "link 4"
    RenderBlock {P} at (720,0) size 90x208
      RenderInline {A} at (0,0) size 90x168 [color=#0000EE]
        RenderText {#text} at (0,0) size 90x168
          text run at (0,0) width 168: "link 5"
    RenderBlock {P} at (882,0) size 90x208
      RenderInline {A} at (0,0) size 90x168 [color=#0000EE]
        RenderText {#text} at (0,0) size 90x168
          text run at (0,0) width 168: "link 6"
    RenderBlock {P} at (1044,0) size 90x208
      RenderInline {A} at (0,0) size 90x168 [color=#0000EE]
        RenderText {#text} at (0,0) size 90x168
          text run at (0,0) width 168: "link 7"
    RenderBlock {P} at (1206,0) size 90x208
      RenderInline {A} at (0,0) size 90x168 [color=#0000EE]
        RenderText {#text} at (0,0) size 90x168
          text run at (0,0) width 168: "link 8"
    RenderBlock {P} at (1368,0) size 90x208
      RenderInline {A} at (0,0) size 90x168 [color=#0000EE]
        RenderText {#text} at (0,0) size 90x168
          text run at (0,0) width 168: "link 9"
    RenderBlock {P} at (1530,0) size 90x208
      RenderInline {A} at (0,0) size 90x208 [color=#0000EE]
        RenderText {#text} at (0,0) size 90x208
          text run at (0,0) width 208: "link 10"
