layer at (0,0) size 784x954
  RenderView at (0,0) size 784x600
layer at (0,0) size 784x954
  RenderBlock {HTML} at (0,0) size 784x954
    RenderBody {BODY} at (8,8) size 768x938 [bgcolor=#CCCCCC]
      RenderBlock {P} at (0,0) size 768x21
        RenderText {#text} at (0,0) size 395x21
          text run at (0,0) width 395: "The style declarations which apply to the text below are:"
      RenderBlock {PRE} at (0,37) size 768x255
        RenderText {#text} at (0,0) size 242x255
          text run at (0,0) width 176: "/* This is a CSS1 comment. */"
          text run at (176,0) width 0: " "
          text run at (0,17) width 242: ".one {color: green;} /* Another comment */"
          text run at (242,17) width 0: " "
          text run at (0,34) width 207: "/* The following should not be used:"
          text run at (207,34) width 0: " "
          text run at (0,51) width 107: ".two {color: red;} */"
          text run at (107,51) width 0: " "
          text run at (0,68) width 205: ".three {color: green; /* color: red; */}"
          text run at (205,68) width 0: " "
          text run at (0,85) width 14: "/**"
          text run at (14,85) width 0: " "
          text run at (0,102) width 109: ".four {color: red;} */"
          text run at (109,102) width 0: " "
          text run at (0,119) width 109: ".five {color: green;}"
          text run at (109,119) width 0: " "
          text run at (0,136) width 18: "/**/"
          text run at (18,136) width 0: " "
          text run at (0,153) width 105: ".six {color: green;}"
          text run at (105,153) width 0: " "
          text run at (0,170) width 53: "/*********/"
          text run at (53,170) width 0: " "
          text run at (0,187) width 123: ".seven {color: green;}"
          text run at (123,187) width 0: " "
          text run at (0,204) width 96: "/* a comment **/"
          text run at (96,204) width 0: " "
          text run at (0,221) width 116: ".eight {color: green;}"
          text run at (116,221) width 0: " "
          text run at (0,238) width 0: " "
      RenderBlock {HR} at (0,305) size 768x2 [border: (1px inset #000000)]
      RenderBlock {P} at (0,323) size 768x21 [color=#008000]
        RenderText {#text} at (0,0) size 223x21
          text run at (0,0) width 223: "This sentence should be green."
      RenderBlock {P} at (0,360) size 768x21
        RenderText {#text} at (0,0) size 220x21
          text run at (0,0) width 220: "This sentence should be black."
      RenderBlock {P} at (0,397) size 768x21 [color=#008000]
        RenderText {#text} at (0,0) size 223x21
          text run at (0,0) width 223: "This sentence should be green."
      RenderBlock {P} at (0,434) size 768x21
        RenderText {#text} at (0,0) size 220x21
          text run at (0,0) width 220: "This sentence should be black."
      RenderBlock {P} at (0,471) size 768x21 [color=#008000]
        RenderText {#text} at (0,0) size 223x21
          text run at (0,0) width 223: "This sentence should be green."
      RenderBlock {P} at (0,508) size 768x21 [color=#008000]
        RenderText {#text} at (0,0) size 223x21
          text run at (0,0) width 223: "This sentence should be green."
      RenderBlock {P} at (0,545) size 768x21 [color=#008000]
        RenderText {#text} at (0,0) size 223x21
          text run at (0,0) width 223: "This sentence should be green."
      RenderBlock {P} at (0,582) size 768x21 [color=#008000]
        RenderText {#text} at (0,0) size 223x21
          text run at (0,0) width 223: "This sentence should be green."
      RenderTable {TABLE} at (0,619) size 245x319 [border: (1px outset #808080)]
        RenderTableSection {TBODY} at (1,1) size 243x317
          RenderTableRow {TR} at (0,0) size 243x29
            RenderTableCell {TD} at (0,0) size 243x29 [bgcolor=#C0C0C0] [border: (1px inset #808080)] [r=0 c=0 rs=1 cs=2]
              RenderInline {STRONG} at (0,0) size 178x21
                RenderText {#text} at (4,4) size 178x21
                  text run at (4,4) width 178: "TABLE Testing Section"
          RenderTableRow {TR} at (0,29) size 243x288
            RenderTableCell {TD} at (0,158) size 12x29 [bgcolor=#C0C0C0] [border: (1px inset #808080)] [r=1 c=0 rs=1 cs=1]
              RenderText {#text} at (4,4) size 4x21
                text run at (4,4) width 4: " "
            RenderTableCell {TD} at (12,29) size 231x288 [border: (1px inset #808080)] [r=1 c=1 rs=1 cs=1]
              RenderBlock {P} at (4,4) size 223x21 [color=#008000]
                RenderText {#text} at (0,0) size 223x21
                  text run at (0,0) width 223: "This sentence should be green."
              RenderBlock {P} at (4,41) size 223x21
                RenderText {#text} at (0,0) size 220x21
                  text run at (0,0) width 220: "This sentence should be black."
              RenderBlock {P} at (4,78) size 223x21 [color=#008000]
                RenderText {#text} at (0,0) size 223x21
                  text run at (0,0) width 223: "This sentence should be green."
              RenderBlock {P} at (4,115) size 223x21
                RenderText {#text} at (0,0) size 220x21
                  text run at (0,0) width 220: "This sentence should be black."
              RenderBlock {P} at (4,152) size 223x21 [color=#008000]
                RenderText {#text} at (0,0) size 223x21
                  text run at (0,0) width 223: "This sentence should be green."
              RenderBlock {P} at (4,189) size 223x21 [color=#008000]
                RenderText {#text} at (0,0) size 223x21
                  text run at (0,0) width 223: "This sentence should be green."
              RenderBlock {P} at (4,226) size 223x21 [color=#008000]
                RenderText {#text} at (0,0) size 223x21
                  text run at (0,0) width 223: "This sentence should be green."
              RenderBlock {P} at (4,263) size 223x21 [color=#008000]
                RenderText {#text} at (0,0) size 223x21
                  text run at (0,0) width 223: "This sentence should be green."
