layer at (0,0) size 784x1089
  RenderView at (0,0) size 784x600
layer at (0,0) size 784x1089
  RenderBlock {HTML} at (0,0) size 784x1089
    RenderBody {BODY} at (8,8) size 768x1073 [bgcolor=#CCCCCC]
      RenderBlock {P} at (0,0) size 768x21
        RenderText {#text} at (0,0) size 395x21
          text run at (0,0) width 395: "The style declarations which apply to the text below are:"
      RenderBlock {PRE} at (0,37) size 768x170
        RenderText {#text} at (0,0) size 524x170
          text run at (0,0) width 452: "<LINK rel=\"stylesheet\" type=\"text/css\" href=\"linktest.css\" title=\"Default SS\">"
          text run at (452,0) width 0: " "
          text run at (0,17) width 524: "<LINK rel=\"alternate stylesheet\" type=\"text/css\" href=\"linktest2.css\" title=\"Alternate SS\">"
          text run at (524,17) width 0: " "
          text run at (0,34) width 154: "@import url(imptest1.css);"
          text run at (154,34) width 0: " "
          text run at (0,51) width 149: "@import \"imptest1a.css\";"
          text run at (149,51) width 0: " "
          text run at (0,68) width 86: "UL {color: red;}"
          text run at (86,68) width 0: " "
          text run at (0,85) width 113: ".four {color: purple;}"
          text run at (113,85) width 0: " "
          text run at (0,102) width 154: "@import url(imptest2.css);"
          text run at (154,102) width 0: " "
          text run at (0,119) width 20: "<!--"
          text run at (20,119) width 0: " "
          text run at (0,136) width 114: "P.six {color: green;}"
          text run at (114,136) width 0: " "
          text run at (0,153) width 16: "-->"
          text run at (16,153) width 0: " "
      RenderBlock {HR} at (0,220) size 768x2 [border: (1px inset #000000)]
      RenderBlock {P} at (0,238) size 768x42
        RenderText {#text} at (0,0) size 459x21
          text run at (0,0) width 459: "This sentence should be underlined due to the linked style sheet "
        RenderInline {CODE} at (0,0) size 67x17
          RenderText {#text} at (459,3) size 67x17
            text run at (459,3) width 67: "linktest.css"
        RenderText {#text} at (526,0) size 757x42
          text run at (526,0) width 231: ", the reference to which is shown"
          text run at (0,21) width 48: "above."
      RenderBlock {P} at (0,296) size 768x42
        RenderText {#text} at (0,0) size 497x21
          text run at (0,0) width 497: "This sentence should NOT be underlined due to the linked style sheet "
        RenderInline {CODE} at (0,0) size 74x17
          RenderText {#text} at (497,3) size 74x17
            text run at (497,3) width 74: "linktest2.css"
        RenderText {#text} at (571,0) size 8x21
          text run at (571,0) width 8: ", "
        RenderInline {STRONG} at (0,0) size 51x21
          RenderText {#text} at (579,0) size 51x21
            text run at (579,0) width 51: "unless"
        RenderText {#text} at (630,0) size 754x42
          text run at (630,0) width 124: " the external style"
          text run at (0,21) width 413: "sheet \"Alternate SS\" has been selected via the user agent."
      RenderBlock {UL} at (0,354) size 768x63 [color=#FF0000]
        RenderListItem {LI} at (40,0) size 728x21 [color=#008000]
          RenderListMarker at (-18,0) size 7x21: bullet
          RenderText {#text} at (0,0) size 443x21
            text run at (0,0) width 443: "This sentence should be green due to an imported style sheet ["
          RenderInline {CODE} at (0,0) size 154x17
            RenderText {#text} at (443,3) size 154x17
              text run at (443,3) width 154: "@import url(imptest1.css);"
          RenderText {#text} at (597,0) size 8x21
            text run at (597,0) width 8: "]."
        RenderListItem {LI} at (40,21) size 728x21 [color=#800080]
          RenderListMarker at (-18,0) size 7x21: bullet
          RenderText {#text} at (0,0) size 447x21
            text run at (0,0) width 447: "This sentence should be purple due to an imported style sheet ["
          RenderInline {CODE} at (0,0) size 145x17
            RenderText {#text} at (447,3) size 145x17
              text run at (447,3) width 145: "@import \"imptest1a.css\""
          RenderText {#text} at (592,0) size 8x21
            text run at (592,0) width 8: "]."
        RenderListItem {LI} at (40,42) size 728x21 [color=#008000]
          RenderListMarker at (-18,0) size 7x21: bullet
          RenderText {#text} at (0,0) size 438x21
            text run at (0,0) width 438: "This sentence should be green thanks to the STYLE attribute ["
          RenderInline {CODE} at (0,0) size 132x17
            RenderText {#text} at (438,3) size 132x17
              text run at (438,3) width 132: "STYLE=\"color: green;\""
          RenderText {#text} at (570,0) size 8x21
            text run at (570,0) width 8: "]."
      RenderBlock {P} at (0,433) size 768x21 [color=#800080]
        RenderText {#text} at (0,0) size 567x21
          text run at (0,0) width 567: "This sentence should be purple, and it doesn't have a terminating paragraph tag."
      RenderBlock {OL} at (0,470) size 768x63
        RenderListItem {LI} at (40,0) size 728x21
          RenderListMarker at (-22,0) size 17x21: "1"
          RenderText {#text} at (0,0) size 220x21
            text run at (0,0) width 220: "This list should NOT be purple."
        RenderListItem {LI} at (40,21) size 728x21
          RenderListMarker at (-22,0) size 17x21: "2"
          RenderText {#text} at (0,0) size 192x21
            text run at (0,0) width 192: "It should, instead, be black."
        RenderListItem {LI} at (40,42) size 728x21
          RenderListMarker at (-22,0) size 17x21: "3"
          RenderText {#text} at (0,0) size 559x21
            text run at (0,0) width 559: "If it IS purple, then the browser hasn't correctly parsed the preceding paragraph."
      RenderBlock {P} at (0,549) size 768x42
        RenderText {#text} at (0,0) size 751x42
          text run at (0,0) width 224: "This sentence should be black. "
          text run at (224,0) width 527: "If it is red, then the browser has inappropriately imported the styles from the"
          text run at (0,21) width 25: "file "
        RenderInline {TT} at (0,0) size 75x17
          RenderText {#text} at (25,24) size 75x17
            text run at (25,24) width 75: "imptest2.css"
        RenderText {#text} at (100,21) size 39x21
          text run at (100,21) width 39: " (see "
        RenderInline {A} at (0,0) size 77x21 [color=#0000FF]
          RenderText {#text} at (139,21) size 77x21
            text run at (139,21) width 77: "section 3.0"
        RenderText {#text} at (216,21) size 305x21
          text run at (216,21) width 305: " of the CSS1 specification for more details)."
      RenderBlock {P} at (0,607) size 768x21 [color=#008000]
        RenderText {#text} at (0,0) size 231x21
          text run at (0,0) width 231: "This paragraph should be green."
      RenderTable {TABLE} at (0,644) size 768x429 [border: (1px outset #808080)]
        RenderTableSection {TBODY} at (1,1) size 766x427
          RenderTableRow {TR} at (0,0) size 766x29
            RenderTableCell {TD} at (0,0) size 766x29 [bgcolor=#C0C0C0] [border: (1px inset #808080)] [r=0 c=0 rs=1 cs=2]
              RenderInline {STRONG} at (0,0) size 178x21
                RenderText {#text} at (4,4) size 178x21
                  text run at (4,4) width 178: "TABLE Testing Section"
          RenderTableRow {TR} at (0,29) size 766x398
            RenderTableCell {TD} at (0,213) size 12x29 [bgcolor=#C0C0C0] [border: (1px inset #808080)] [r=1 c=0 rs=1 cs=1]
              RenderText {#text} at (4,4) size 4x21
                text run at (4,4) width 4: " "
            RenderTableCell {TD} at (12,29) size 754x398 [border: (1px inset #808080)] [r=1 c=1 rs=1 cs=1]
              RenderBlock {P} at (4,4) size 746x42
                RenderText {#text} at (0,0) size 459x21
                  text run at (0,0) width 459: "This sentence should be underlined due to the linked style sheet "
                RenderInline {CODE} at (0,0) size 67x17
                  RenderText {#text} at (459,3) size 67x17
                    text run at (459,3) width 67: "linktest.css"
                RenderText {#text} at (526,0) size 706x42
                  text run at (526,0) width 180: ", the reference to which is"
                  text run at (0,21) width 99: "shown above."
              RenderBlock {P} at (4,62) size 746x42
                RenderText {#text} at (0,0) size 497x21
                  text run at (0,0) width 497: "This sentence should NOT be underlined due to the linked style sheet "
                RenderInline {CODE} at (0,0) size 74x17
                  RenderText {#text} at (497,3) size 74x17
                    text run at (497,3) width 74: "linktest2.css"
                RenderText {#text} at (571,0) size 8x21
                  text run at (571,0) width 8: ", "
                RenderInline {STRONG} at (0,0) size 51x21
                  RenderText {#text} at (579,0) size 51x21
                    text run at (579,0) width 51: "unless"
                RenderText {#text} at (630,0) size 717x42
                  text run at (630,0) width 87: " the external"
                  text run at (0,21) width 450: "style sheet \"Alternate SS\" has been selected via the user agent."
              RenderBlock {UL} at (4,120) size 746x63 [color=#FF0000]
                RenderListItem {LI} at (40,0) size 706x21 [color=#008000]
                  RenderListMarker at (-18,0) size 7x21: bullet
                  RenderText {#text} at (0,0) size 443x21
                    text run at (0,0) width 443: "This sentence should be green due to an imported style sheet ["
                  RenderInline {CODE} at (0,0) size 154x17
                    RenderText {#text} at (443,3) size 154x17
                      text run at (443,3) width 154: "@import url(imptest1.css);"
                  RenderText {#text} at (597,0) size 8x21
                    text run at (597,0) width 8: "]."
                RenderListItem {LI} at (40,21) size 706x21 [color=#800080]
                  RenderListMarker at (-18,0) size 7x21: bullet
                  RenderText {#text} at (0,0) size 447x21
                    text run at (0,0) width 447: "This sentence should be purple due to an imported style sheet ["
                  RenderInline {CODE} at (0,0) size 145x17
                    RenderText {#text} at (447,3) size 145x17
                      text run at (447,3) width 145: "@import \"imptest1a.css\""
                  RenderText {#text} at (592,0) size 8x21
                    text run at (592,0) width 8: "]."
                RenderListItem {LI} at (40,42) size 706x21 [color=#008000]
                  RenderListMarker at (-18,0) size 7x21: bullet
                  RenderText {#text} at (0,0) size 438x21
                    text run at (0,0) width 438: "This sentence should be green thanks to the STYLE attribute ["
                  RenderInline {CODE} at (0,0) size 132x17
                    RenderText {#text} at (438,3) size 132x17
                      text run at (438,3) width 132: "STYLE=\"color: green;\""
                  RenderText {#text} at (570,0) size 8x21
                    text run at (570,0) width 8: "]."
              RenderBlock {P} at (4,199) size 746x21 [color=#800080]
                RenderText {#text} at (0,0) size 567x21
                  text run at (0,0) width 567: "This sentence should be purple, and it doesn't have a terminating paragraph tag."
              RenderBlock {OL} at (4,236) size 746x63
                RenderListItem {LI} at (40,0) size 706x21
                  RenderListMarker at (-22,0) size 17x21: "1"
                  RenderText {#text} at (0,0) size 220x21
                    text run at (0,0) width 220: "This list should NOT be purple."
                RenderListItem {LI} at (40,21) size 706x21
                  RenderListMarker at (-22,0) size 17x21: "2"
                  RenderText {#text} at (0,0) size 192x21
                    text run at (0,0) width 192: "It should, instead, be black."
                RenderListItem {LI} at (40,42) size 706x21
                  RenderListMarker at (-22,0) size 17x21: "3"
                  RenderText {#text} at (0,0) size 559x21
                    text run at (0,0) width 559: "If it IS purple, then the browser hasn't correctly parsed the preceding paragraph."
              RenderBlock {P} at (4,315) size 746x42
                RenderText {#text} at (0,0) size 725x42
                  text run at (0,0) width 224: "This sentence should be black. "
                  text run at (224,0) width 501: "If it is red, then the browser has inappropriately imported the styles from"
                  text run at (0,21) width 51: "the file "
                RenderInline {TT} at (0,0) size 75x17
                  RenderText {#text} at (51,24) size 75x17
                    text run at (51,24) width 75: "imptest2.css"
                RenderText {#text} at (126,21) size 39x21
                  text run at (126,21) width 39: " (see "
                RenderInline {A} at (0,0) size 77x21 [color=#0000FF]
                  RenderText {#text} at (165,21) size 77x21
                    text run at (165,21) width 77: "section 3.0"
                RenderText {#text} at (242,21) size 305x21
                  text run at (242,21) width 305: " of the CSS1 specification for more details)."
              RenderBlock {P} at (4,373) size 746x21 [color=#008000]
                RenderText {#text} at (0,0) size 231x21
                  text run at (0,0) width 231: "This paragraph should be green."
