layer at (0,0) size 800x600
  RenderView at (0,0) size 800x600
layer at (0,0) size 800x600
  RenderBlock {HTML} at (0,0) size 800x600
    RenderBody {BODY} at (8,8) size 784x584 [bgcolor=#CCCCCC]
      RenderBlock {P} at (0,0) size 784x21
        RenderText {#text} at (0,0) size 395x21
          text run at (0,0) width 395: "The style declarations which apply to the text below are:"
      RenderBlock {PRE} at (0,37) size 784x34
        RenderText {#text} at (0,0) size 182x34
          text run at (0,0) width 182: ".one, .two, .three {color: green;}"
          text run at (182,0) width 0: " "
          text run at (0,17) width 0: " "
      RenderBlock {HR} at (0,84) size 784x2 [border: (1px inset #000000)]
      RenderBlock {P} at (0,102) size 784x21 [color=#008000]
        RenderText {#text} at (0,0) size 223x21
          text run at (0,0) width 223: "This sentence should be green."
      RenderBlock {P} at (0,139) size 784x21 [color=#008000]
        RenderText {#text} at (0,0) size 223x21
          text run at (0,0) width 223: "This sentence should be green."
      RenderBlock {P} at (0,176) size 784x21 [color=#008000]
        RenderText {#text} at (0,0) size 223x21
          text run at (0,0) width 223: "This sentence should be green."
      RenderTable {TABLE} at (0,213) size 245x134 [border: (1px outset #808080)]
        RenderTableSection {TBODY} at (1,1) size 243x132
          RenderTableRow {TR} at (0,0) size 243x29
            RenderTableCell {TD} at (0,0) size 243x29 [bgcolor=#C0C0C0] [border: (1px inset #808080)] [r=0 c=0 rs=1 cs=2]
              RenderInline {STRONG} at (0,0) size 178x21
                RenderText {#text} at (4,4) size 178x21
                  text run at (4,4) width 178: "TABLE Testing Section"
          RenderTableRow {TR} at (0,29) size 243x103
            RenderTableCell {TD} at (0,66) size 12x29 [bgcolor=#C0C0C0] [border: (1px inset #808080)] [r=1 c=0 rs=1 cs=1]
              RenderText {#text} at (4,4) size 4x21
                text run at (4,4) width 4: " "
            RenderTableCell {TD} at (12,29) size 231x103 [border: (1px inset #808080)] [r=1 c=1 rs=1 cs=1]
              RenderBlock {P} at (4,4) size 223x21 [color=#008000]
                RenderText {#text} at (0,0) size 223x21
                  text run at (0,0) width 223: "This sentence should be green."
              RenderBlock {P} at (4,41) size 223x21 [color=#008000]
                RenderText {#text} at (0,0) size 223x21
                  text run at (0,0) width 223: "This sentence should be green."
              RenderBlock {P} at (4,78) size 223x21 [color=#008000]
                RenderText {#text} at (0,0) size 223x21
                  text run at (0,0) width 223: "This sentence should be green."
