layer at (0,0) size 800x600
  RenderView at (0,0) size 800x600
layer at (0,0) size 800x600
  RenderBlock {HTML} at (0,0) size 800x600
    RenderBody {BODY} at (8,8) size 784x576
      RenderBlock {P} at (0,0) size 784x84
        RenderText {#text} at (0,0) size 301x63
          text run at (0,0) width 301: "BigAndGreen"
        RenderBR {BR} at (301,48) size 0x0
        RenderText {#text} at (0,63) size 110x21
          text run at (0,63) width 110: "SmallAndBlack"
