layer at (0,0) size 800x600
  RenderView at (0,0) size 800x600
layer at (0,0) size 800x600
  RenderBlock {HTML} at (0,0) size 800x600
    RenderBody {BODY} at (8,8) size 784x576
      RenderBlock {FORM} at (0,0) size 784x29
        RenderTable {TABLE} at (0,0) size 639x29 [bgcolor=#FFE030] [border: (1px outset #808080)]
          RenderTableSection {TBODY} at (1,1) size 637x27
            RenderTableRow {TR} at (0,0) size 637x27
              RenderTableCell {TD} at (0,0) size 637x27 [border: (1px inset #808080)] [r=0 c=0 rs=1 cs=1]
                RenderInline {NOBR} at (0,0) size 635x19
                  RenderTextControl {INPUT} at (3,3) size 199x22 [bgcolor=#FFFFFF] [border: (1px solid #4C4C4C)]
                  RenderText {#text} at (203,2) size 14x19
                    text run at (203,2) width 14: " - "
                  RenderTextControl {INPUT} at (218,3) size 200x22 [bgcolor=#FFFFFF] [border: (1px solid #4C4C4C)]
                  RenderText {#text} at (419,2) size 14x19
                    text run at (419,2) width 14: " - "
                  RenderTextControl {INPUT} at (434,3) size 200x22 [bgcolor=#FFFFFF] [border: (1px solid #4C4C4C)]
                RenderText {#text} at (0,0) size 0x0
            RenderTableRow {TR} at (0,27) size 637x0
layer at (19,15) size 185x14
  RenderBlock {DIV} at (6,3) size 187x15
layer at (234,15) size 185x14
  RenderBlock {DIV} at (6,3) size 187x15
layer at (450,15) size 185x14
  RenderBlock {DIV} at (6,3) size 187x15
