layer at (0,0) size 800x600
  RenderView at (0,0) size 800x600
layer at (0,0) size 800x600
  RenderBlock {HTML} at (0,0) size 800x600
    RenderBody {BODY} at (8,8) size 784x584
      RenderBlock {H3} at (0,0) size 784x23
        RenderText {#text} at (0,0) size 197x22
          text run at (0,0) width 197: "With long hidden values"
      RenderTable {TABLE} at (0,41) size 198x72 [border: (1px solid #FF0000)]
        RenderTableSection {TBODY} at (1,1) size 196x69
          RenderTableRow {TR} at (0,2) size 196x63
            RenderTableCell {TD} at (2,2) size 192x63 [r=0 c=0 rs=1 cs=1]
              RenderBlock {FORM} at (1,1) size 190x45
                RenderTextControl {INPUT} at (2,2) size 95x22 [bgcolor=#FFFFFF] [border: (1px solid #4C4C4C)]
                RenderText {#text} at (98,1) size 5x19
                  text run at (98,1) width 5: " "
                RenderButton {INPUT} at (104,2) size 46x20 [bgcolor=#FFFFFF03] [border: (1px solid #4C4C4C)]
                  RenderBlock (anonymous) at (12,3) size 21x14
                    RenderText at (0,0) size 21x14
                      text run at (0,0) width 21: " Go "
                RenderText {#text} at (151,1) size 5x19
                  text run at (151,1) width 5: " "
                RenderBR {BR} at (155,16) size 1x0
                RenderText {#text} at (0,25) size 190x19
                  text run at (0,25) width 190: "Enter City Name or Zip Code"
          RenderTableRow {TR} at (0,67) size 196x0
      RenderBlock {HR} at (0,120) size 784x3 [border: (1px inset #000000)]
      RenderBlock {H3} at (0,141) size 784x24
        RenderText {#text} at (0,0) size 204x22
          text run at (0,0) width 204: "With short hidden values"
      RenderTable {TABLE} at (0,183) size 198x72 [border: (1px solid #FF0000)]
        RenderTableSection {TBODY} at (1,1) size 196x69
          RenderTableRow {TR} at (0,2) size 196x63
            RenderTableCell {TD} at (2,2) size 192x63 [r=0 c=0 rs=1 cs=1]
              RenderBlock {FORM} at (1,1) size 190x45
                RenderTextControl {INPUT} at (2,2) size 95x22 [bgcolor=#FFFFFF] [border: (1px solid #4C4C4C)]
                RenderText {#text} at (98,1) size 5x19
                  text run at (98,1) width 5: " "
                RenderButton {INPUT} at (104,2) size 46x20 [bgcolor=#FFFFFF03] [border: (1px solid #4C4C4C)]
                  RenderBlock (anonymous) at (12,3) size 21x14
                    RenderText at (0,0) size 21x14
                      text run at (0,0) width 21: " Go "
                RenderText {#text} at (151,1) size 5x19
                  text run at (151,1) width 5: " "
                RenderBR {BR} at (155,16) size 1x0
                RenderText {#text} at (0,25) size 190x19
                  text run at (0,25) width 190: "Enter City Name or Zip Code"
          RenderTableRow {TR} at (0,67) size 196x0
layer at (21,59) size 81x14
  RenderBlock {DIV} at (6,3) size 83x15
layer at (21,200) size 81x14
  RenderBlock {DIV} at (6,3) size 83x15
