layer at (0,0) size 800x600
  RenderView at (0,0) size 800x600
layer at (0,0) size 800x600
  RenderBlock {HTML} at (0,0) size 800x600
    RenderBody {BODY} at (8,8) size 784x584
      RenderTable {TABLE} at (0,0) size 784x68 [bgcolor=#00FFFF] [border: (1px outset #808080)]
        RenderTableSection {TBODY} at (1,1) size 782x66
          RenderTableRow {TR} at (0,2) size 782x62
            RenderTableCell {TD} at (2,2) size 304x62 [border: (1px inset #808080)] [r=0 c=0 rs=1 cs=1]
              RenderInline {FONT} at (0,0) size 100x36 [color=#0000FF]
                RenderText {#text} at (2,3) size 100x36
                  text run at (2,3) width 100: "Mozilla"
              RenderText {#text} at (101,17) size 279x42
                text run at (101,17) width 153: " code available under a "
                text run at (253,17) width 28: "dual"
                text run at (2,40) width 124: "MPL/GPL license. "
                text run at (125,40) width 141: "See the for more info."
              RenderBR {BR} at (265,55) size 1x0
            RenderTableCell {TD} at (308,21) size 472x24 [border: (1px inset #808080)] [r=0 c=1 rs=1 cs=1]
              RenderText {#text} at (2,2) size 245x19
                text run at (2,2) width 245: "foo bar foo bar foo bar foo bar foo bar"
      RenderBlock (anonymous) at (0,68) size 784x45
        RenderBR {BR} at (0,0) size 0x19
        RenderButton {INPUT} at (2,22) size 59x20 [bgcolor=#FFFFFF03] [border: (1px solid #4C4C4C)]
          RenderBlock (anonymous) at (12,3) size 35x14
            RenderText at (0,0) size 35x14
              text run at (0,0) width 35: "Reload"
        RenderText {#text} at (62,21) size 9x19
          text run at (62,21) width 9: "  "
        RenderButton {INPUT} at (72,22) size 89x20 [bgcolor=#FFFFFF03] [border: (1px solid #4C4C4C)]
          RenderBlock (anonymous) at (12,3) size 64x14
            RenderText at (0,0) size 64x14
              text run at (0,0) width 64: "Change Font"
        RenderText {#text} at (162,21) size 9x19
          text run at (162,21) width 9: "  "
        RenderTextControl {INPUT} at (172,22) size 138x22 [bgcolor=#FFFFFF] [border: (1px solid #4C4C4C)]
        RenderText {#text} at (0,0) size 0x0
layer at (187,101) size 124x14
  RenderBlock {DIV} at (6,3) size 125x15
    RenderText {#text} at (0,0) size 7x14
      text run at (0,0) width 7: "6"
