layer at (0,0) size 800x600
  RenderView at (0,0) size 800x600
layer at (0,0) size 800x576
  RenderBlock {html} at (0,0) size 800x576
    RenderBody {body} at (8,8) size 784x560
      RenderBlock {div} at (10,10) size 220x540
        RenderBlock {h2} at (0,19) size 220x27
          RenderText {#text} at (0,0) size 119x26
            text run at (0,0) width 119: "SVG nested"
        RenderBlock {h2} at (0,284) size 220x27
          RenderText {#text} at (0,0) size 114x26
            text run at (0,0) width 114: "CSS nested"
      RenderText {#text} at (240,0) size 4x19
        text run at (240,0) width 4: " "
      RenderBlock {div} at (254,10) size 220x540
        RenderBlock {h2} at (0,19) size 220x27
          RenderText {#text} at (0,0) size 160x26
            text run at (0,0) width 160: "SVG compound"
        RenderBlock {h2} at (0,284) size 220x27
          RenderText {#text} at (0,0) size 155x26
            text run at (0,0) width 155: "CSS compound"
      RenderText {#text} at (484,0) size 4x19
        text run at (484,0) width 4: " "
      RenderBlock {div} at (498,10) size 220x540
        RenderBlock {h2} at (0,19) size 220x27
          RenderText {#text} at (0,0) size 127x26
            text run at (0,0) width 127: "SVG Matrix"
        RenderBlock {h2} at (0,284) size 220x27
          RenderText {#text} at (0,0) size 116x26
            text run at (0,0) width 116: "CSSMatrix"
      RenderText {#text} at (0,0) size 0x0
layer at (28,83) size 200x200
  RenderBlock (relative positioned) {div} at (10,65) size 200x200 [bgcolor=#C0C0C0] [border: (1px solid #000000)]
    RenderSVGRoot {svg} at (29,107) size 196x174
      RenderSVGContainer {g} at (29,107) size 196x174 [transform={m=((1.00,0.00)(0.00,1.00)) t=(75.00,25.00)}]
        RenderSVGRect {rect} at (103,108) size 62x62 [stroke={[type=SOLID] [color=#000000] [dash array={1.00, 1.00}]}] [x=0.00] [y=0.00] [width=60.00] [height=60.00]
        RenderSVGContainer {g} at (29,107) size 196x174 [transform={m=((2.00,0.00)(0.00,2.00)) t=(0.00,0.00)}]
          RenderSVGRect {rect} at (103,108) size 122x122 [stroke={[type=SOLID] [color=#000000] [dash array={1.00, 1.00}]}] [x=0.00] [y=0.00] [width=60.00] [height=60.00]
          RenderSVGRect {rect} at (29,107) size 162x174 [transform={m=((0.71,0.71)(-0.71,0.71)) t=(0.00,0.00)}] [stroke={[type=SOLID] [color=#0000FF]}] [x=0.00] [y=0.00] [width=60.00] [height=60.00]
    RenderText {#text} at (0,0) size 0x0
layer at (28,348) size 200x200
  RenderBlock (relative positioned) {div} at (10,330) size 200x200 [bgcolor=#C0C0C0] [border: (1px solid #000000)]
layer at (29,349) size 60x60
  RenderBlock (positioned) {div} at (1,1) size 60x60 [border: (1px dotted #000000)]
layer at (30,350) size 60x60
  RenderBlock (positioned) {div} at (1,1) size 60x60 [border: (1px dotted #000000)]
layer at (31,351) size 60x60
  RenderBlock (positioned) {div} at (1,1) size 60x60 [border: (1px solid #0000FF)]
layer at (272,83) size 200x200
  RenderBlock (relative positioned) {div} at (10,65) size 200x200 [bgcolor=#C0C0C0] [border: (1px solid #000000)]
    RenderSVGRoot {svg} at (273,107) size 162x174
      RenderSVGRect {rect} at (273,107) size 162x174 [transform={m=((1.41,1.41)(-1.41,1.41)) t=(75.00,25.00)}] [stroke={[type=SOLID] [color=#0000FF]}] [x=0.00] [y=0.00] [width=60.00] [height=60.00]
    RenderText {#text} at (0,0) size 0x0
layer at (272,348) size 200x200
  RenderBlock (relative positioned) {div} at (10,330) size 200x200 [bgcolor=#C0C0C0] [border: (1px solid #000000)]
layer at (273,349) size 60x60
  RenderBlock (positioned) {div} at (1,1) size 60x60 [border: (1px solid #0000FF)]
layer at (516,83) size 200x200
  RenderBlock (relative positioned) {div} at (10,65) size 200x200 [bgcolor=#C0C0C0] [border: (1px solid #000000)]
    RenderSVGRoot {svg} at (517,107) size 162x174
      RenderSVGRect {rect} at (517,107) size 162x174 [transform={m=((1.41,1.41)(-1.41,1.41)) t=(75.00,25.00)}] [stroke={[type=SOLID] [color=#0000FF]}] [x=0.00] [y=0.00] [width=60.00] [height=60.00]
    RenderText {#text} at (0,0) size 0x0
layer at (516,348) size 200x200
  RenderBlock (relative positioned) {div} at (10,330) size 200x200 [bgcolor=#C0C0C0] [border: (1px solid #000000)]
layer at (517,349) size 60x60
  RenderBlock (positioned) {div} at (1,1) size 60x60 [border: (1px solid #0000FF)]
