layer at (0,0) size 991x585
  RenderView at (0,0) size 800x585
layer at (0,0) size 800x585
  RenderBlock {HTML} at (0,0) size 800x585
    RenderBody {BODY} at (8,8) size 784x569
      RenderTable {TABLE} at (0,0) size 983x156 [border: (2px solid #0000FF)]
        RenderTableSection {TBODY} at (2,2) size 979x152
          RenderTableRow {TR} at (0,2) size 979x148
            RenderTableCell {TD} at (2,2) size 239x148 [border: (1px solid #C0C0C0)] [r=0 c=0 rs=1 cs=1]
              RenderTable {TABLE} at (2,2) size 235x144 [border: (2px solid #008000)]
                RenderTableSection {TBODY} at (2,2) size 231x140
                  RenderTableRow {TR} at (0,2) size 231x94
                    RenderTableCell {TD} at (2,2) size 227x94 [border: (1px solid #C0C0C0)] [r=0 c=0 rs=1 cs=1]
                      RenderTable {TABLE} at (2,2) size 169x38 [border: (2px solid #FF0000)]
                        RenderTableSection {TBODY} at (2,2) size 165x34
                          RenderTableRow {TR} at (0,2) size 165x30
                            RenderTableCell {TD} at (2,2) size 161x30 [border: (1px solid #C0C0C0)] [r=0 c=0 rs=1 cs=1]
                              RenderTextControl {INPUT} at (4,4) size 153x22 [bgcolor=#FFFFFF] [border: (2px inset #000000)]
                              RenderText {#text} at (0,0) size 0x0
                      RenderTable {TABLE} at (2,40) size 223x52 [border: (2px solid #FF0000)]
                        RenderTableSection {TBODY} at (2,2) size 219x48
                          RenderTableRow {TR} at (0,2) size 219x44
                            RenderTableCell {TD} at (2,2) size 215x44 [border: (1px solid #C0C0C0)] [r=0 c=0 rs=1 cs=1]
                              RenderText {#text} at (2,2) size 188x39
                                text run at (2,2) width 188: "THIS TABLE NEEDS TO BE"
                                text run at (2,22) width 39: "HERE"
                  RenderTableRow {TR} at (0,98) size 231x40
                    RenderTableCell {TD} at (2,98) size 227x40 [border: (1px solid #C0C0C0)] [r=1 c=0 rs=1 cs=1]
                      RenderTable {TABLE} at (2,2) size 223x36 [border: (2px solid #FF0000)]
                        RenderTableSection {TBODY} at (2,2) size 219x32
                          RenderTableRow {TR} at (0,2) size 219x28
                            RenderTableCell {TD} at (2,2) size 215x28 [border: (1px solid #C0C0C0)] [r=0 c=0 rs=1 cs=1]
                              RenderMenuList {SELECT} at (4,4) size 207x20 [bgcolor=#DDDDDD] [border: (1px solid #000000)]
                                RenderBlock (anonymous) at (1,1) size 205x18
                                  RenderText at (4,1) size 182x16
                                    text run at (4,1) width 182: "USE THIS JAVASCRIPT HERE"
                              RenderText {#text} at (0,0) size 0x0
            RenderTableCell {TD} at (243,2) size 734x44 [border: (1px solid #C0C0C0)] [r=0 c=1 rs=1 cs=1]
              RenderText {#text} at (2,2) size 730x39
                text run at (2,2) width 730: "KEEPoTHEoTEXToHEREoASoLONGoASoPOSSIBLEooKEEPoTHEoTEXToHEREoASoLONGoASoPOSSIBLE"
                text run at (2,22) width 586: "THIS SIMULATES THE PROBLEM ON THE WWW.MAPBLAST.COM/ \"CREATE MAP\""
layer at (30,31) size 149x16 scrollWidth 157
  RenderBlock {DIV} at (2,3) size 149x16
    RenderText {#text} at (0,0) size 156x16
      text run at (0,0) width 156: "THIS NEEDS THIS VALUE"
