layer at (0,0) size 800x600
  RenderView at (0,0) size 800x600
layer at (0,0) size 800x500
  RenderBlock {HTML} at (0,0) size 800x500
    RenderBody {BODY} at (8,8) size 784x484
      RenderText {#text} at (0,0) size 777x36
        text run at (0,0) width 777: "The outlines should be a consistent color all the way around the outline. There should be no dark pixels or blocks at corners"
        text run at (0,18) width 107: "or between lines."
      RenderBR {BR} at (107,18) size 0x18
      RenderBR {BR} at (0,36) size 0x18
      RenderBlock {DIV} at (20,74) size 100x54
        RenderInline {SPAN} at (0,0) size 90x54
          RenderText {#text} at (0,0) size 90x54
            text run at (0,0) width 90: "Text spanning"
            text run at (0,18) width 90: "more than one"
            text run at (0,36) width 27: "line."
        RenderText {#text} at (0,0) size 0x0
      RenderText {#text} at (140,110) size 38x18
        text run at (140,110) width 38: " solid "
      RenderBlock {DIV} at (198,74) size 100x54
        RenderInline {SPAN} at (0,0) size 90x54
          RenderText {#text} at (0,0) size 90x54
            text run at (0,0) width 90: "Text spanning"
            text run at (0,18) width 90: "more than one"
            text run at (0,36) width 27: "line."
        RenderText {#text} at (0,0) size 0x0
      RenderText {#text} at (318,110) size 47x18
        text run at (318,110) width 47: " double"
      RenderBR {BR} at (365,110) size 0x18
      RenderBR {BR} at (0,148) size 0x18
      RenderBlock {DIV} at (20,186) size 100x54
        RenderInline {SPAN} at (0,0) size 90x54
          RenderText {#text} at (0,0) size 90x54
            text run at (0,0) width 90: "Text spanning"
            text run at (0,18) width 90: "more than one"
            text run at (0,36) width 27: "line."
        RenderText {#text} at (0,0) size 0x0
      RenderText {#text} at (140,222) size 47x18
        text run at (140,222) width 47: " dotted "
      RenderBlock {DIV} at (207,186) size 100x54
        RenderInline {SPAN} at (0,0) size 90x54
          RenderText {#text} at (0,0) size 90x54
            text run at (0,0) width 90: "Text spanning"
            text run at (0,18) width 90: "more than one"
            text run at (0,36) width 27: "line."
        RenderText {#text} at (0,0) size 0x0
      RenderText {#text} at (327,222) size 48x18
        text run at (327,222) width 48: " dashed"
      RenderBR {BR} at (375,222) size 0x18
      RenderBR {BR} at (0,260) size 0x18
      RenderBlock {DIV} at (20,298) size 100x54
        RenderInline {SPAN} at (0,0) size 90x54
          RenderText {#text} at (0,0) size 90x54
            text run at (0,0) width 90: "Text spanning"
            text run at (0,18) width 90: "more than one"
            text run at (0,36) width 27: "line."
        RenderText {#text} at (0,0) size 0x0
      RenderText {#text} at (140,334) size 40x18
        text run at (140,334) width 40: " ridge "
      RenderBlock {DIV} at (200,298) size 100x54
        RenderInline {SPAN} at (0,0) size 90x54
          RenderText {#text} at (0,0) size 90x54
            text run at (0,0) width 90: "Text spanning"
            text run at (0,18) width 90: "more than one"
            text run at (0,36) width 27: "line."
        RenderText {#text} at (0,0) size 0x0
      RenderText {#text} at (320,334) size 48x18
        text run at (320,334) width 48: " groove"
      RenderBR {BR} at (368,334) size 0x18
      RenderBR {BR} at (0,372) size 0x18
      RenderBlock {DIV} at (20,410) size 100x54
        RenderInline {SPAN} at (0,0) size 90x54
          RenderText {#text} at (0,0) size 90x54
            text run at (0,0) width 90: "Text spanning"
            text run at (0,18) width 90: "more than one"
            text run at (0,36) width 27: "line."
        RenderText {#text} at (0,0) size 0x0
      RenderText {#text} at (140,446) size 37x18
        text run at (140,446) width 37: " inset "
      RenderBlock {DIV} at (197,410) size 100x54
        RenderInline {SPAN} at (0,0) size 90x54
          RenderText {#text} at (0,0) size 90x54
            text run at (0,0) width 90: "Text spanning"
            text run at (0,18) width 90: "more than one"
            text run at (0,36) width 27: "line."
        RenderText {#text} at (0,0) size 0x0
      RenderText {#text} at (317,446) size 41x18
        text run at (317,446) width 41: " outset"
