layer at (0,0) size 800x600
  RenderView at (0,0) size 800x600
layer at (0,0) size 800x338
  RenderBlock {HTML} at (0,0) size 800x338
    RenderBody {BODY} at (8,8) size 784x322
      RenderText {#text} at (0,0) size 781x18
        text run at (0,0) width 781: "The outlines should be a consistent color all the way around the outline. There should be no dark pixels or blocks at corners."
      RenderBR {BR} at (781,0) size 0x18
      RenderBR {BR} at (0,18) size 0x18
      RenderBlock {DIV} at (20,38) size 20x4
      RenderText {#text} at (60,38) size 4x18
        text run at (60,38) width 4: " "
      RenderBlock {DIV} at (84,38) size 20x4
      RenderText {#text} at (124,38) size 4x18
        text run at (124,38) width 4: " "
      RenderBlock {DIV} at (148,38) size 20x4
      RenderText {#text} at (188,38) size 4x18
        text run at (188,38) width 4: " "
      RenderBlock {DIV} at (212,38) size 20x4
      RenderText {#text} at (252,38) size 4x18
        text run at (252,38) width 4: " "
      RenderBlock {DIV} at (276,38) size 20x4
      RenderText {#text} at (316,38) size 4x18
        text run at (316,38) width 4: " "
      RenderBlock {DIV} at (340,38) size 20x4
      RenderText {#text} at (380,38) size 4x18
        text run at (380,38) width 4: " "
      RenderBlock {DIV} at (404,38) size 20x4
      RenderText {#text} at (444,38) size 4x18
        text run at (444,38) width 4: " "
      RenderBlock {DIV} at (468,38) size 20x4
      RenderText {#text} at (508,38) size 34x18
        text run at (508,38) width 34: " solid"
      RenderBR {BR} at (542,38) size 0x18
      RenderBR {BR} at (0,56) size 0x18
      RenderBlock {DIV} at (20,76) size 20x4
      RenderText {#text} at (60,76) size 4x18
        text run at (60,76) width 4: " "
      RenderBlock {DIV} at (84,76) size 20x4
      RenderText {#text} at (124,76) size 4x18
        text run at (124,76) width 4: " "
      RenderBlock {DIV} at (148,76) size 20x4
      RenderText {#text} at (188,76) size 4x18
        text run at (188,76) width 4: " "
      RenderBlock {DIV} at (212,76) size 20x4
      RenderText {#text} at (252,76) size 4x18
        text run at (252,76) width 4: " "
      RenderBlock {DIV} at (276,76) size 20x4
      RenderText {#text} at (316,76) size 4x18
        text run at (316,76) width 4: " "
      RenderBlock {DIV} at (340,76) size 20x4
      RenderText {#text} at (380,76) size 4x18
        text run at (380,76) width 4: " "
      RenderBlock {DIV} at (404,76) size 20x4
      RenderText {#text} at (444,76) size 4x18
        text run at (444,76) width 4: " "
      RenderBlock {DIV} at (468,76) size 20x4
      RenderText {#text} at (508,76) size 47x18
        text run at (508,76) width 47: " double"
      RenderBR {BR} at (555,76) size 0x18
      RenderBR {BR} at (0,94) size 0x18
      RenderBlock {DIV} at (20,114) size 20x4
      RenderText {#text} at (60,114) size 4x18
        text run at (60,114) width 4: " "
      RenderBlock {DIV} at (84,114) size 20x4
      RenderText {#text} at (124,114) size 4x18
        text run at (124,114) width 4: " "
      RenderBlock {DIV} at (148,114) size 20x4
      RenderText {#text} at (188,114) size 4x18
        text run at (188,114) width 4: " "
      RenderBlock {DIV} at (212,114) size 20x4
      RenderText {#text} at (252,114) size 4x18
        text run at (252,114) width 4: " "
      RenderBlock {DIV} at (276,114) size 20x4
      RenderText {#text} at (316,114) size 4x18
        text run at (316,114) width 4: " "
      RenderBlock {DIV} at (340,114) size 20x4
      RenderText {#text} at (380,114) size 4x18
        text run at (380,114) width 4: " "
      RenderBlock {DIV} at (404,114) size 20x4
      RenderText {#text} at (444,114) size 4x18
        text run at (444,114) width 4: " "
      RenderBlock {DIV} at (468,114) size 20x4
      RenderText {#text} at (508,114) size 43x18
        text run at (508,114) width 43: " dotted"
      RenderBR {BR} at (551,114) size 0x18
      RenderBR {BR} at (0,132) size 0x18
      RenderBlock {DIV} at (20,152) size 20x4
      RenderText {#text} at (60,152) size 4x18
        text run at (60,152) width 4: " "
      RenderBlock {DIV} at (84,152) size 20x4
      RenderText {#text} at (124,152) size 4x18
        text run at (124,152) width 4: " "
      RenderBlock {DIV} at (148,152) size 20x4
      RenderText {#text} at (188,152) size 4x18
        text run at (188,152) width 4: " "
      RenderBlock {DIV} at (212,152) size 20x4
      RenderText {#text} at (252,152) size 4x18
        text run at (252,152) width 4: " "
      RenderBlock {DIV} at (276,152) size 20x4
      RenderText {#text} at (316,152) size 4x18
        text run at (316,152) width 4: " "
      RenderBlock {DIV} at (340,152) size 20x4
      RenderText {#text} at (380,152) size 4x18
        text run at (380,152) width 4: " "
      RenderBlock {DIV} at (404,152) size 20x4
      RenderText {#text} at (444,152) size 4x18
        text run at (444,152) width 4: " "
      RenderBlock {DIV} at (468,152) size 20x4
      RenderText {#text} at (508,152) size 48x18
        text run at (508,152) width 48: " dashed"
      RenderBR {BR} at (556,152) size 0x18
      RenderBR {BR} at (0,170) size 0x18
      RenderBlock {DIV} at (20,190) size 20x4
      RenderText {#text} at (60,190) size 4x18
        text run at (60,190) width 4: " "
      RenderBlock {DIV} at (84,190) size 20x4
      RenderText {#text} at (124,190) size 4x18
        text run at (124,190) width 4: " "
      RenderBlock {DIV} at (148,190) size 20x4
      RenderText {#text} at (188,190) size 4x18
        text run at (188,190) width 4: " "
      RenderBlock {DIV} at (212,190) size 20x4
      RenderText {#text} at (252,190) size 4x18
        text run at (252,190) width 4: " "
      RenderBlock {DIV} at (276,190) size 20x4
      RenderText {#text} at (316,190) size 4x18
        text run at (316,190) width 4: " "
      RenderBlock {DIV} at (340,190) size 20x4
      RenderText {#text} at (380,190) size 4x18
        text run at (380,190) width 4: " "
      RenderBlock {DIV} at (404,190) size 20x4
      RenderText {#text} at (444,190) size 4x18
        text run at (444,190) width 4: " "
      RenderBlock {DIV} at (468,190) size 20x4
      RenderText {#text} at (508,190) size 36x18
        text run at (508,190) width 36: " ridge"
      RenderBR {BR} at (544,190) size 0x18
      RenderBR {BR} at (0,208) size 0x18
      RenderBlock {DIV} at (20,228) size 20x4
      RenderText {#text} at (60,228) size 4x18
        text run at (60,228) width 4: " "
      RenderBlock {DIV} at (84,228) size 20x4
      RenderText {#text} at (124,228) size 4x18
        text run at (124,228) width 4: " "
      RenderBlock {DIV} at (148,228) size 20x4
      RenderText {#text} at (188,228) size 4x18
        text run at (188,228) width 4: " "
      RenderBlock {DIV} at (212,228) size 20x4
      RenderText {#text} at (252,228) size 4x18
        text run at (252,228) width 4: " "
      RenderBlock {DIV} at (276,228) size 20x4
      RenderText {#text} at (316,228) size 4x18
        text run at (316,228) width 4: " "
      RenderBlock {DIV} at (340,228) size 20x4
      RenderText {#text} at (380,228) size 4x18
        text run at (380,228) width 4: " "
      RenderBlock {DIV} at (404,228) size 20x4
      RenderText {#text} at (444,228) size 4x18
        text run at (444,228) width 4: " "
      RenderBlock {DIV} at (468,228) size 20x4
      RenderText {#text} at (508,228) size 48x18
        text run at (508,228) width 48: " groove"
      RenderBR {BR} at (556,228) size 0x18
      RenderBR {BR} at (0,246) size 0x18
      RenderBlock {DIV} at (20,266) size 20x4
      RenderText {#text} at (60,266) size 4x18
        text run at (60,266) width 4: " "
      RenderBlock {DIV} at (84,266) size 20x4
      RenderText {#text} at (124,266) size 4x18
        text run at (124,266) width 4: " "
      RenderBlock {DIV} at (148,266) size 20x4
      RenderText {#text} at (188,266) size 4x18
        text run at (188,266) width 4: " "
      RenderBlock {DIV} at (212,266) size 20x4
      RenderText {#text} at (252,266) size 4x18
        text run at (252,266) width 4: " "
      RenderBlock {DIV} at (276,266) size 20x4
      RenderText {#text} at (316,266) size 4x18
        text run at (316,266) width 4: " "
      RenderBlock {DIV} at (340,266) size 20x4
      RenderText {#text} at (380,266) size 4x18
        text run at (380,266) width 4: " "
      RenderBlock {DIV} at (404,266) size 20x4
      RenderText {#text} at (444,266) size 4x18
        text run at (444,266) width 4: " "
      RenderBlock {DIV} at (468,266) size 20x4
      RenderText {#text} at (508,266) size 33x18
        text run at (508,266) width 33: " inset"
      RenderBR {BR} at (541,266) size 0x18
      RenderBR {BR} at (0,284) size 0x18
      RenderBlock {DIV} at (20,304) size 20x4
      RenderText {#text} at (60,304) size 4x18
        text run at (60,304) width 4: " "
      RenderBlock {DIV} at (84,304) size 20x4
      RenderText {#text} at (124,304) size 4x18
        text run at (124,304) width 4: " "
      RenderBlock {DIV} at (148,304) size 20x4
      RenderText {#text} at (188,304) size 4x18
        text run at (188,304) width 4: " "
      RenderBlock {DIV} at (212,304) size 20x4
      RenderText {#text} at (252,304) size 4x18
        text run at (252,304) width 4: " "
      RenderBlock {DIV} at (276,304) size 20x4
      RenderText {#text} at (316,304) size 4x18
        text run at (316,304) width 4: " "
      RenderBlock {DIV} at (340,304) size 20x4
      RenderText {#text} at (380,304) size 4x18
        text run at (380,304) width 4: " "
      RenderBlock {DIV} at (404,304) size 20x4
      RenderText {#text} at (444,304) size 4x18
        text run at (444,304) width 4: " "
      RenderBlock {DIV} at (468,304) size 20x4
      RenderText {#text} at (508,304) size 41x18
        text run at (508,304) width 41: " outset"
