layer at (0,0) size 784x1282
  RenderView at (0,0) size 784x600
layer at (0,0) size 784x600
  RenderBlock {HTML} at (0,0) size 784x600
    RenderBody {BODY} at (8,8) size 760x584
layer at (8,8) size 160x584
  RenderBlock {P} at (0,0) size 160x584 [border: (10px solid #800000)]
    RenderText {#text} at (30,30) size 42x146
      text run at (30,30) width 146: "This is some column"
      text run at (51,30) width 29: "text."
    RenderBR {BR} at (56,59) size 0x0
    RenderText {#text} at (72,30) size 42x146
      text run at (72,30) width 146: "This is some column"
      text run at (93,30) width 29: "text."
    RenderBR {BR} at (98,59) size 0x0
    RenderText {#text} at (130,30) size 42x146
      text run at (130,30) width 146: "This is some column"
      text run at (151,30) width 29: "text."
    RenderBR {BR} at (156,59) size 0x0
    RenderText {#text} at (172,30) size 42x146
      text run at (172,30) width 146: "This is some column"
      text run at (193,30) width 29: "text."
    RenderBR {BR} at (198,59) size 0x0
    RenderText {#text} at (230,30) size 42x146
      text run at (230,30) width 146: "This is some column"
      text run at (251,30) width 29: "text."
    RenderBR {BR} at (256,59) size 0x0
    RenderText {#text} at (272,30) size 42x146
      text run at (272,30) width 146: "This is some column"
      text run at (293,30) width 29: "text."
    RenderBR {BR} at (298,59) size 0x0
    RenderText {#text} at (330,30) size 42x146
      text run at (330,30) width 146: "This is some column"
      text run at (351,30) width 29: "text."
    RenderBR {BR} at (356,59) size 0x0
    RenderText {#text} at (372,30) size 42x146
      text run at (372,30) width 146: "This is some column"
      text run at (393,30) width 29: "text."
    RenderBR {BR} at (398,59) size 0x0
    RenderText {#text} at (430,30) size 42x146
      text run at (430,30) width 146: "This is some column"
      text run at (451,30) width 29: "text."
    RenderBR {BR} at (456,59) size 0x0
    RenderText {#text} at (472,30) size 42x146
      text run at (472,30) width 146: "This is some column"
      text run at (493,30) width 29: "text."
    RenderBR {BR} at (498,59) size 0x0
    RenderText {#text} at (530,30) size 42x146
      text run at (530,30) width 146: "This is some column"
      text run at (551,30) width 29: "text."
    RenderBR {BR} at (556,59) size 0x0
    RenderText {#text} at (572,30) size 42x146
      text run at (572,30) width 146: "This is some column"
      text run at (593,30) width 29: "text."
    RenderBR {BR} at (598,59) size 0x0
    RenderText {#text} at (630,30) size 42x146
      text run at (630,30) width 146: "This is some column"
      text run at (651,30) width 29: "text."
    RenderBR {BR} at (656,59) size 0x0
layer at (184,8) size 160x584
  RenderBlock {P} at (176,0) size 160x584 [border: (10px solid #800000)]
    RenderText {#text} at (30,48) size 42x146
      text run at (30,48) width 146: "This is some column"
      text run at (51,165) width 4 RTL: "."
      text run at (51,169) width 25: "text"
    RenderBR {BR} at (56,165) size 0x0
    RenderText {#text} at (72,48) size 42x146
      text run at (72,48) width 146: "This is some column"
      text run at (93,165) width 4 RTL: "."
      text run at (93,169) width 25: "text"
    RenderBR {BR} at (98,165) size 0x0
    RenderText {#text} at (130,48) size 42x146
      text run at (130,48) width 146: "This is some column"
      text run at (151,165) width 4 RTL: "."
      text run at (151,169) width 25: "text"
    RenderBR {BR} at (156,165) size 0x0
    RenderText {#text} at (172,48) size 42x146
      text run at (172,48) width 146: "This is some column"
      text run at (193,165) width 4 RTL: "."
      text run at (193,169) width 25: "text"
    RenderBR {BR} at (198,165) size 0x0
    RenderText {#text} at (230,48) size 42x146
      text run at (230,48) width 146: "This is some column"
      text run at (251,165) width 4 RTL: "."
      text run at (251,169) width 25: "text"
    RenderBR {BR} at (256,165) size 0x0
    RenderText {#text} at (272,48) size 42x146
      text run at (272,48) width 146: "This is some column"
      text run at (293,165) width 4 RTL: "."
      text run at (293,169) width 25: "text"
    RenderBR {BR} at (298,165) size 0x0
    RenderText {#text} at (330,48) size 42x146
      text run at (330,48) width 146: "This is some column"
      text run at (351,165) width 4 RTL: "."
      text run at (351,169) width 25: "text"
    RenderBR {BR} at (356,165) size 0x0
    RenderText {#text} at (372,48) size 42x146
      text run at (372,48) width 146: "This is some column"
      text run at (393,165) width 4 RTL: "."
      text run at (393,169) width 25: "text"
    RenderBR {BR} at (398,165) size 0x0
    RenderText {#text} at (430,48) size 42x146
      text run at (430,48) width 146: "This is some column"
      text run at (451,165) width 4 RTL: "."
      text run at (451,169) width 25: "text"
    RenderBR {BR} at (456,165) size 0x0
    RenderText {#text} at (472,48) size 42x146
      text run at (472,48) width 146: "This is some column"
      text run at (493,165) width 4 RTL: "."
      text run at (493,169) width 25: "text"
    RenderBR {BR} at (498,165) size 0x0
    RenderText {#text} at (530,48) size 42x146
      text run at (530,48) width 146: "This is some column"
      text run at (551,165) width 4 RTL: "."
      text run at (551,169) width 25: "text"
    RenderBR {BR} at (556,165) size 0x0
    RenderText {#text} at (572,48) size 42x146
      text run at (572,48) width 146: "This is some column"
      text run at (593,165) width 4 RTL: "."
      text run at (593,169) width 25: "text"
    RenderBR {BR} at (598,165) size 0x0
    RenderText {#text} at (630,48) size 42x146
      text run at (630,48) width 146: "This is some column"
      text run at (651,165) width 4 RTL: "."
      text run at (651,169) width 25: "text"
    RenderBR {BR} at (656,165) size 0x0
