layer at (0,0) size 784x1508
  RenderView at (0,0) size 784x600
layer at (0,0) size 409x600
  RenderBlock {HTML} at (0,0) size 409x600
layer at (8,8) size 393x1500
  RenderBody {BODY} at (8,8) size 393x1500
    RenderBlock {DIV} at (19,0) size 66x478 [bgcolor=#00FFFF]
      RenderBlock (floating) {DIV} at (4,4) size 598x239 [bgcolor=#FFFF00]
        RenderImage {IMG} at (0,0) size 133x70
        RenderText {#text} at (0,70) size 198x238
          text run at (0,70) width 103: "You've already"
          text run at (22,70) width 162: "downloaded a build. All"
          text run at (44,70) width 152: "you have to do is use it"
          text run at (66,70) width 116: "as your everyday"
          text run at (88,70) width 157: "browser and mail/news"
          text run at (110,70) width 93: "reader. If you"
          text run at (132,70) width 168: "downloaded a build with"
          text run at (154,0) width 236: "Talkback, please turn it on when it"
          text run at (176,0) width 37: "asks. "
        RenderBlock (floating) {DIV} at (176,154) size 422x85 [bgcolor=#FF0000]
          RenderBlock {P} at (16,0) size 22x85
            RenderText {#text} at (0,0) size 22x77
              text run at (0,0) width 77: "Hola hola 1"
          RenderBlock {P} at (54,0) size 22x85
            RenderText {#text} at (0,0) size 22x77
              text run at (0,0) width 77: "Hola hola 2"
          RenderBlock {P} at (92,0) size 22x85
            RenderText {#text} at (0,0) size 22x77
              text run at (0,0) width 77: "Hola hola 3"
          RenderBlock {P} at (130,0) size 22x85
            RenderText {#text} at (0,0) size 22x77
              text run at (0,0) width 77: "Hola hola 4"
          RenderBlock {P} at (168,0) size 22x85
            RenderText {#text} at (0,0) size 22x77
              text run at (0,0) width 77: "Hola hola 5"
          RenderBlock {P} at (194,0) size 22x85
            RenderText {#text} at (0,0) size 22x77
              text run at (0,0) width 77: "Hola hola 6"
          RenderBlock {P} at (232,0) size 22x85
            RenderText {#text} at (0,0) size 22x77
              text run at (0,0) width 77: "Hola hola 7"
          RenderBlock {P} at (270,0) size 22x85
            RenderText {#text} at (0,0) size 22x77
              text run at (0,0) width 77: "Hola hola 8"
          RenderBlock {P} at (308,0) size 22x85
            RenderText {#text} at (0,0) size 22x77
              text run at (0,0) width 77: "Hola hola 9"
          RenderBlock {P} at (346,0) size 22x85
            RenderText {#text} at (0,0) size 22x85
              text run at (0,0) width 85: "Hola hola 10"
          RenderBlock {P} at (384,0) size 22x85
            RenderText {#text} at (0,0) size 22x85
              text run at (0,0) width 85: "Hola hola 11"
        RenderText {#text} at (176,37) size 154x150
          text run at (176,37) width 65: "Talkback"
          text run at (198,0) width 141: "reports give us really"
          text run at (220,0) width 112: "valuable data on"
          text run at (242,0) width 146: "which crashes are the"
          text run at (264,0) width 150: "most serious, and how"
          text run at (286,0) width 108: "often people are"
          text run at (308,0) width 131: "encountering them."
      RenderBlock (floating) {DIV} at (0,393) size 358x85 [bgcolor=#FF00FF]
        RenderBlock {P} at (16,0) size 22x85
          RenderText {#text} at (0,0) size 22x85
            text run at (0,0) width 85: "Hello Kitty 1"
        RenderBlock {P} at (54,0) size 22x85
          RenderText {#text} at (0,0) size 22x85
            text run at (0,0) width 85: "Hello Kitty 2"
        RenderBlock {P} at (92,0) size 22x85
          RenderText {#text} at (0,0) size 22x85
            text run at (0,0) width 85: "Hello Kitty 3"
        RenderBlock {P} at (130,0) size 22x85
          RenderText {#text} at (0,0) size 22x85
            text run at (0,0) width 85: "Hello Kitty 4"
        RenderBlock {P} at (168,0) size 22x85
          RenderText {#text} at (0,0) size 22x85
            text run at (0,0) width 85: "Hello Kitty 5"
        RenderBlock {P} at (206,0) size 22x85
          RenderText {#text} at (0,0) size 22x85
            text run at (0,0) width 85: "Hello Kitty 6"
        RenderBlock {P} at (244,0) size 22x85
          RenderText {#text} at (0,0) size 22x85
            text run at (0,0) width 85: "Hello Kitty 7"
        RenderBlock {P} at (282,0) size 22x85
          RenderText {#text} at (0,0) size 22x85
            text run at (0,0) width 85: "Hello Kitty 8"
        RenderBlock {P} at (320,0) size 22x85
          RenderText {#text} at (0,0) size 22x85
            text run at (0,0) width 85: "Hello Kitty 9"
      RenderBlock {H2} at (0,0) size 66x478
        RenderText {#text} at (0,247) size 66x132
          text run at (0,247) width 124: "What Needs"
          text run at (33,247) width 132: "To Be Done?"
    RenderBlock (floating) {DIV} at (104,247) size 441x85 [bgcolor=#808080]
      RenderBlock {P} at (16,0) size 22x85
        RenderText {#text} at (0,0) size 22x77
          text run at (0,0) width 77: "Hola hola 1"
      RenderBlock {P} at (54,0) size 22x85
        RenderText {#text} at (0,0) size 22x77
          text run at (0,0) width 77: "Hola hola 2"
      RenderBlock {P} at (92,0) size 22x85
        RenderText {#text} at (0,0) size 22x77
          text run at (0,0) width 77: "Hola hola 3"
      RenderBlock {P} at (130,0) size 22x85
        RenderText {#text} at (0,0) size 22x77
          text run at (0,0) width 77: "Hola hola 4"
      RenderBlock {P} at (168,0) size 22x85
        RenderText {#text} at (0,0) size 22x77
          text run at (0,0) width 77: "Hola hola 5"
      RenderBlock {P} at (206,0) size 22x85
        RenderText {#text} at (0,0) size 22x77
          text run at (0,0) width 77: "Hola hola 6"
      RenderBlock {P} at (244,0) size 22x85
        RenderText {#text} at (0,0) size 22x77
          text run at (0,0) width 77: "Hola hola 7"
      RenderBlock {P} at (289,0) size 22x85
        RenderText {#text} at (0,0) size 22x77
          text run at (0,0) width 77: "Hola hola 8"
      RenderBlock {P} at (327,0) size 22x85
        RenderText {#text} at (0,0) size 22x77
          text run at (0,0) width 77: "Hola hola 9"
      RenderBlock {P} at (365,0) size 22x85
        RenderText {#text} at (0,0) size 22x85
          text run at (0,0) width 85: "Hola hola 10"
      RenderBlock {P} at (403,0) size 22x85
        RenderText {#text} at (0,0) size 22x85
          text run at (0,0) width 85: "Hola hola 11"
    RenderBlock {DL} at (104,0) size 836x478
      RenderBlock {DT} at (0,0) size 44x478
        RenderText {#text} at (0,332) size 44x48
          text run at (0,332) width 48: "Report"
          text run at (22,332) width 34: "Bugs"
      RenderBlock {DD} at (60,40) size 559x438
        RenderBlock {P} at (0,0) size 559x438
          RenderText {#text} at (0,292) size 405x223
            text run at (0,292) width 48: "You've"
            text run at (22,292) width 51: "already"
            text run at (229,292) width 138: "downloaded a build."
            text run at (251,292) width 137: "All you have to do is"
            text run at (273,292) width 39: "use it "
            text run at (273,331) width 18: "as "
            text run at (273,349) width 32: "your"
            text run at (295,292) width 122: "everyday browser"
            text run at (317,292) width 97: "and mail/news"
            text run at (339,292) width 93: "reader. If you"
            text run at (361,292) width 134: "downloaded a build"
            text run at (383,207) width 34: "with "
            text run at (383,241) width 73: "Talkback, "
          RenderInline {EM} at (0,0) size 22x105
            RenderText {#text} at (383,314) size 22x105
              text run at (383,314) width 44: "please "
              text run at (383,358) width 61: "turn it on"
          RenderText {#text} at (405,207) size 132x429
            text run at (405,207) width 209: "when it asks. Talkback reports"
            text run at (427,207) width 31: "give "
            text run at (427,238) width 156: "us really valuable data "
            text run at (427,394) width 17: "on"
            text run at (449,207) width 182: "which crashes are the most"
            text run at (471,0) width 118: "serious, and how "
            text run at (471,118) width 205: "often people are encountering "
            text run at (471,323) width 92: "them. And all"
            text run at (493,0) width 202: "you have to do is click \"OK\". "
            text run at (493,202) width 227: "If you find something you think is"
            text run at (515,0) width 247: "a bug, check to see if it's not already "
          RenderInline {A} at (0,0) size 22x90 [color=#0000EE]
            RenderText {#text} at (515,247) size 22x90
              text run at (515,247) width 90: "known about"
          RenderText {#text} at (515,337) size 44x405
            text run at (515,337) width 68: ", and then"
            text run at (537,0) width 45: "please "
            text run at (537,45) width 70: "follow the "
          RenderInline {A} at (0,0) size 22x178 [color=#0000EE]
            RenderText {#text} at (537,115) size 22x178
              text run at (537,115) width 178: "bug submission procedure"
          RenderText {#text} at (537,293) size 22x4
            text run at (537,293) width 4: "."
      RenderBlock (floating) {DIV} at (635,0) size 427x85 [bgcolor=#008000]
        RenderBlock {P} at (16,0) size 22x85
          RenderText {#text} at (0,0) size 22x77
            text run at (0,0) width 77: "Hola hola 1"
        RenderBlock {P} at (47,0) size 22x85
          RenderText {#text} at (0,0) size 22x77
            text run at (0,0) width 77: "Hola hola 2"
        RenderBlock {P} at (85,0) size 22x85
          RenderText {#text} at (0,0) size 22x77
            text run at (0,0) width 77: "Hola hola 3"
        RenderBlock {P} at (123,0) size 22x85
          RenderText {#text} at (0,0) size 22x77
            text run at (0,0) width 77: "Hola hola 4"
        RenderBlock {P} at (161,0) size 22x85
          RenderText {#text} at (0,0) size 22x77
            text run at (0,0) width 77: "Hola hola 5"
        RenderBlock {P} at (199,0) size 22x85
          RenderText {#text} at (0,0) size 22x77
            text run at (0,0) width 77: "Hola hola 6"
        RenderBlock {P} at (237,0) size 22x85
          RenderText {#text} at (0,0) size 22x77
            text run at (0,0) width 77: "Hola hola 7"
        RenderBlock {P} at (275,0) size 22x85
          RenderText {#text} at (0,0) size 22x77
            text run at (0,0) width 77: "Hola hola 8"
        RenderBlock {P} at (313,0) size 22x85
          RenderText {#text} at (0,0) size 22x77
            text run at (0,0) width 77: "Hola hola 9"
        RenderBlock {P} at (351,0) size 22x85
          RenderText {#text} at (0,0) size 22x85
            text run at (0,0) width 85: "Hola hola 10"
        RenderBlock {P} at (389,0) size 22x85
          RenderText {#text} at (0,0) size 22x85
            text run at (0,0) width 85: "Hola hola 11"
      RenderBlock {DT} at (635,0) size 22x478
        RenderText {#text} at (0,85) size 22x125
          text run at (0,85) width 125: "Quality Assurance"
      RenderBlock {DD} at (682,40) size 154x438
        RenderBlock {P} at (0,0) size 154x438
          RenderInline {A} at (0,0) size 22x78 [color=#0000EE]
            RenderText {#text} at (0,45) size 22x78
              text run at (0,45) width 78: "Mozilla QA"
          RenderText {#text} at (0,123) size 22x43
            text run at (0,123) width 4: " "
            text run at (0,127) width 39: "has a "
          RenderInline {A} at (0,0) size 22x32 [color=#0000EE]
            RenderText {#text} at (0,166) size 22x32
              text run at (0,166) width 32: "page"
          RenderText {#text} at (0,198) size 132x383
            text run at (0,198) width 4: " "
            text run at (0,202) width 222: "dedicated to ways to get involved"
            text run at (22,45) width 230: "with helping. This doesn't involve "
            text run at (22,275) width 148: "knowing how to code,"
            text run at (44,45) width 364: "although a little knowledge of HTML is helpful. Being"
            text run at (66,45) width 137: "involved with QA is "
            text run at (66,182) width 244: "good for people wanting to get more"
            text run at (88,45) width 91: "familiar with "
            text run at (88,136) width 292: "Mozilla, and there's a strong community. A"
            text run at (110,45) width 255: "particularly good way to get involved "
            text run at (110,300) width 82: "is to join the"
          RenderInline {A} at (0,0) size 22x77 [color=#0000EE]
            RenderText {#text} at (132,45) size 22x77
              text run at (132,45) width 77: "BugAThon"
          RenderText {#text} at (132,122) size 22x4
            text run at (132,122) width 4: "."
