layer at (0,0) size 862x584
  RenderView at (0,0) size 800x584
layer at (0,0) size 862x584
  RenderBlock {HTML} at (0,0) size 862x584
    RenderBody {BODY} at (8,8) size 846x568
      RenderBlock (floating) {DIV} at (0,0) size 100x200 [bgcolor=#00FF00]
layer at (108,8) size 178x435
  RenderBlock {DIV} at (100,0) size 178x435 [border: (10px solid #000000)]
    RenderBlock {P} at (26,10) size 126x415
      RenderText {#text} at (0,0) size 126x415
        text run at (0,0) width 415: "This technology preview of our award winning next"
        text run at (21,0) width 153: "generation browser "
        text run at (21,153) width 262: "is a sign of things to come from"
        text run at (42,0) width 323: "Mozilla. Powerful yet easy to use. This "
        text run at (42,323) width 92: "maintenance"
        text run at (63,0) width 415: "release provides a few updates based on user feedback -"
        text run at (84,0) width 75: "including "
        text run at (84,75) width 340: "changes to the Extension System and icon"
        text run at (105,0) width 104: "improvements."
