layer at (0,0) size 784x1141
  RenderView at (0,0) size 784x600
layer at (0,0) size 784x600
  RenderBlock {HTML} at (0,0) size 784x600
layer at (8,8) size 500x750
  RenderBody {BODY} at (8,8) size 500x750
    RenderBlock {H1} at (0,0) size 42x367
      RenderText {#text} at (0,0) size 42x181
        text run at (0,0) width 181: "Header One"
    RenderBlock (anonymous) at (63,0) size 252x367
      RenderText {#text} at (0,0) size 252x367
        text run at (0,0) width 367: "Lorem ipsum dolor sit amet, consectetuer adipiscing"
        text run at (21,0) width 349: "elit. Nulla varius enim ac mi. Curabitur sollicitudin"
        text run at (42,0) width 353: "felis quis lectus. Quisque adipiscing rhoncus sem."
        text run at (63,0) width 356: "Proin nulla purus, vulputate vel, varius ut, euismod"
        text run at (84,0) width 366: "et, nisi. Sed vitae felis vel orci sagittis aliquam. Cras"
        text run at (105,0) width 333: "convallis adipiscing sem. Nam nonummy enim."
        text run at (126,0) width 352: "Nullam bibendum lobortis neque. Vestibulum velit"
        text run at (147,0) width 358: "orci, tempus euismod, pretium quis, interdum vitae,"
        text run at (168,0) width 341: "nulla. Phasellus eget ante et tortor condimentum"
        text run at (189,0) width 356: "vestibulum. Suspendisse hendrerit quam nec felis."
        text run at (210,0) width 357: "Sed varius turpis vitae pede. Lorem ipsum dolor sit"
        text run at (231,0) width 240: "amet, consectetuer adipiscing elit."
    RenderBlock {H1} at (336,0) size 42x367
      RenderText {#text} at (0,0) size 42x183
        text run at (0,0) width 183: "Header Two"
    RenderBlock (anonymous) at (399,0) size 269x367
      RenderText {#text} at (0,0) size 269x367
        text run at (0,0) width 367: "Lorem ipsum dolor sit amet, consectetuer adipiscing"
        text run at (21,0) width 349: "elit. Nulla varius enim ac mi. Curabitur sollicitudin"
        text run at (42,0) width 353: "felis quis lectus. Quisque adipiscing rhoncus sem."
        text run at (63,0) width 356: "Proin nulla purus, vulputate vel, varius ut, euismod"
        text run at (101,0) width 366: "et, nisi. Sed vitae felis vel orci sagittis aliquam. Cras"
        text run at (122,0) width 333: "convallis adipiscing sem. Nam nonummy enim."
        text run at (143,0) width 352: "Nullam bibendum lobortis neque. Vestibulum velit"
        text run at (164,0) width 358: "orci, tempus euismod, pretium quis, interdum vitae,"
        text run at (185,0) width 341: "nulla. Phasellus eget ante et tortor condimentum"
        text run at (206,0) width 356: "vestibulum. Suspendisse hendrerit quam nec felis."
        text run at (227,0) width 357: "Sed varius turpis vitae pede. Lorem ipsum dolor sit"
        text run at (248,0) width 240: "amet, consectetuer adipiscing elit."
    RenderBlock {H1} at (689,0) size 42x367
      RenderText {#text} at (0,0) size 42x206
        text run at (0,0) width 206: "Header Three"
    RenderBlock {H1} at (1089,0) size 42x367
      RenderText {#text} at (0,0) size 42x190
        text run at (0,0) width 190: "Header Four"
    RenderBlock (anonymous) at (1152,0) size 42x367
      RenderText {#text} at (0,0) size 42x367
        text run at (0,0) width 367: "Lorem ipsum dolor sit amet, consectetuer adipiscing"
        text run at (21,0) width 199: "elit. Nulla varius enim ac mi."
layer at (760,8) size 316x367 backgroundClip at (0,0) size 784x1141 clip at (0,0) size 784x1141 outlineClip at (0,0) size 784x1141
  RenderBlock {DIV} at (752,0) size 316x367
    RenderText {#text} at (0,0) size 547x170
      text run at (0,0) width 152: "Lorem ipsum dolor sit"
      text run at (21,0) width 134: "amet, consectetuer"
      text run at (42,0) width 144: "adipiscing elit. Nulla"
      text run at (63,0) width 128: "varius enim ac mi."
      text run at (84,0) width 146: "Curabitur sollicitudin"
      text run at (105,0) width 113: "felis quis lectus."
      text run at (126,0) width 137: "Quisque adipiscing"
      text run at (147,0) width 137: "rhoncus sem. Proin"
      text run at (168,0) width 152: "nulla purus, vulputate"
      text run at (189,0) width 158: "vel, varius ut, euismod"
      text run at (210,0) width 154: "et, nisi. Sed vitae felis"
      text run at (231,0) width 170: "vel orci sagittis aliquam."
      text run at (252,0) width 101: "Cras convallis"
      text run at (273,0) width 149: "adipiscing sem. Nam"
      text run at (294,0) width 168: "nonummy enim. Nullam"
      text run at (316,0) width 127: "bibendum lobortis"
      text run at (337,0) width 166: "neque. Vestibulum velit"
      text run at (358,0) width 155: "orci, tempus euismod,"
      text run at (379,0) width 157: "pretium quis, interdum"
      text run at (400,0) width 156: "vitae, nulla. Phasellus"
      text run at (421,0) width 123: "eget ante et tortor"
      text run at (442,0) width 96: "condimentum"
      text run at (463,0) width 81: "vestibulum."
      text run at (484,0) width 160: "Suspendisse hendrerit"
      text run at (505,0) width 140: "quam nec felis. Sed"
      text run at (526,0) width 168: "varius turpis vitae pede."
    RenderText {#text} at (0,0) size 0x0
