layer at (0,0) size 784x778
  RenderView at (0,0) size 784x600
layer at (0,0) size 784x600
  RenderBlock {HTML} at (0,0) size 784x600
    RenderBody {BODY} at (8,8) size 768x584
layer at (8,8) size 320x770
  RenderBlock {DIV} at (0,0) size 320x770 [border: (5px solid #000000)]
    RenderBlock {DIV} at (10,10) size 250x367
    RenderBlock (anonymous) at (310,10) size 235x367
      RenderBlock {DIV} at (0,0) size 235x331 [border: (2px solid #008000)]
        RenderText {#text} at (2,2) size 21x327
          text run at (2,2) width 327: "All of this text should be in the second column."
        RenderBR {BR} at (7,329) size 0x0
        RenderText {#text} at (23,2) size 21x327
          text run at (23,2) width 327: "All of this text should be in the second column."
        RenderBR {BR} at (28,329) size 0x0
        RenderText {#text} at (44,2) size 21x327
          text run at (44,2) width 327: "All of this text should be in the second column."
        RenderBR {BR} at (49,329) size 0x0
        RenderText {#text} at (65,2) size 21x327
          text run at (65,2) width 327: "All of this text should be in the second column."
        RenderBR {BR} at (70,329) size 0x0
        RenderText {#text} at (86,2) size 21x327
          text run at (86,2) width 327: "All of this text should be in the second column."
        RenderBR {BR} at (91,329) size 0x0
        RenderText {#text} at (107,2) size 21x327
          text run at (107,2) width 327: "All of this text should be in the second column."
        RenderBR {BR} at (112,329) size 0x0
        RenderText {#text} at (128,2) size 21x327
          text run at (128,2) width 327: "All of this text should be in the second column."
        RenderBR {BR} at (133,329) size 0x0
        RenderText {#text} at (149,2) size 21x327
          text run at (149,2) width 327: "All of this text should be in the second column."
        RenderBR {BR} at (154,329) size 0x0
        RenderText {#text} at (170,2) size 21x327
          text run at (170,2) width 327: "All of this text should be in the second column."
        RenderBR {BR} at (175,329) size 0x0
        RenderText {#text} at (191,2) size 21x327
          text run at (191,2) width 327: "All of this text should be in the second column."
        RenderBR {BR} at (196,329) size 0x0
        RenderText {#text} at (212,2) size 21x327
          text run at (212,2) width 327: "All of this text should be in the second column."
        RenderBR {BR} at (217,329) size 0x0
      RenderText {#text} at (0,0) size 0x0
