layer at (0,0) size 800x600
  RenderView at (0,0) size 800x600
layer at (0,0) size 800x407
  RenderBlock {HTML} at (0,0) size 800x408
    RenderBody {BODY} at (8,16) size 784x20
      RenderBlock {P} at (0,0) size 784x20
        RenderText {#text} at (0,0) size 470x19
          text run at (0,0) width 470: "In all the following boxes, the fuchsia diamond should be surrounded by a ring."
      RenderBlock (floating) {DIV} at (1,37) size 82x57 [border: (3px solid #000000)]
        RenderBlock {DIV} at (3,3) size 75x50 [bgcolor=#FFFFCC]
          RenderBlock {DIV} at (8,8) size 59x34
      RenderBlock (floating) {DIV} at (86,37) size 82x57 [border: (3px solid #000000)]
        RenderBlock {DIV} at (3,3) size 75x50 [bgcolor=#FFFFCC]
          RenderBlock {DIV} at (8,8) size 59x34
      RenderBlock (floating) {DIV} at (170,37) size 82x57 [border: (3px solid #000000)]
        RenderBlock {DIV} at (3,3) size 75x50 [bgcolor=#FFFFCC]
          RenderBlock {DIV} at (8,8) size 59x34
      RenderBlock (floating) {DIV} at (255,37) size 82x57 [border: (3px solid #000000)]
        RenderBlock {DIV} at (3,3) size 75x50 [bgcolor=#FFFFCC]
          RenderBlock {DIV} at (8,8) size 59x34
      RenderBlock (floating) {DIV} at (340,37) size 82x57 [border: (3px solid #000000)]
        RenderBlock {DIV} at (3,3) size 75x50 [bgcolor=#FFFFCC]
          RenderBlock {DIV} at (8,8) size 59x34
      RenderBlock (floating) {DIV} at (424,37) size 82x57 [border: (3px solid #000000)]
        RenderBlock {DIV} at (3,3) size 75x50 [bgcolor=#FFFFCC]
          RenderBlock {DIV} at (8,8) size 59x34
      RenderBlock (floating) {DIV} at (509,37) size 82x57 [border: (3px solid #000000)]
        RenderBlock {DIV} at (3,3) size 75x50 [bgcolor=#FFFFCC]
          RenderBlock {DIV} at (8,8) size 59x34
      RenderBlock (floating) {DIV} at (593,37) size 82x57 [border: (3px solid #000000)]
        RenderBlock {DIV} at (3,3) size 75x50 [bgcolor=#FFFFCC]
          RenderBlock {DIV} at (8,8) size 59x34
      RenderBlock (floating) {DIV} at (678,37) size 82x57 [border: (3px solid #000000)]
        RenderBlock {DIV} at (3,3) size 75x50 [bgcolor=#FFFFCC]
          RenderBlock {DIV} at (8,8) size 59x34
      RenderBlock (floating) {DIV} at (1,97) size 82x57 [border: (3px solid #000000)]
        RenderBlock {DIV} at (3,3) size 75x50 [bgcolor=#FFFFCC]
          RenderBlock {DIV} at (8,8) size 59x34
      RenderBlock (floating) {DIV} at (86,97) size 82x57 [border: (3px solid #000000)]
        RenderBlock {DIV} at (3,3) size 75x50 [bgcolor=#FFFFCC]
          RenderBlock {DIV} at (8,8) size 59x34
      RenderBlock (floating) {DIV} at (170,97) size 82x57 [border: (3px solid #000000)]
        RenderBlock {DIV} at (3,3) size 75x50 [bgcolor=#FFFFCC]
          RenderBlock {DIV} at (8,8) size 59x34
      RenderBlock (floating) {DIV} at (255,97) size 82x57 [border: (3px solid #000000)]
        RenderBlock {DIV} at (3,3) size 75x50 [bgcolor=#FFFFCC]
          RenderBlock {DIV} at (8,8) size 59x34
      RenderBlock (floating) {DIV} at (340,97) size 82x57 [border: (3px solid #000000)]
        RenderBlock {DIV} at (3,3) size 75x50 [bgcolor=#FFFFCC]
          RenderBlock {DIV} at (8,8) size 59x34
      RenderBlock (floating) {DIV} at (424,97) size 82x57 [border: (3px solid #000000)]
        RenderBlock {DIV} at (3,3) size 75x50 [bgcolor=#FFFFCC]
          RenderBlock {DIV} at (8,8) size 59x34
      RenderBlock (floating) {DIV} at (509,97) size 82x57 [border: (3px solid #000000)]
        RenderBlock {DIV} at (3,3) size 75x50 [bgcolor=#FFFFCC]
          RenderBlock {DIV} at (8,8) size 59x34
      RenderBlock (floating) {DIV} at (593,97) size 82x57 [border: (3px solid #000000)]
        RenderBlock {DIV} at (3,3) size 75x50 [bgcolor=#FFFFCC]
          RenderBlock {DIV} at (8,8) size 59x34
      RenderBlock (floating) {DIV} at (678,97) size 82x57 [border: (3px solid #000000)]
        RenderBlock {DIV} at (3,3) size 75x50 [bgcolor=#FFFFCC]
          RenderBlock {DIV} at (8,8) size 59x34
      RenderBlock (floating) {DIV} at (1,156) size 82x57 [border: (3px solid #000000)]
        RenderBlock {DIV} at (3,3) size 75x50 [bgcolor=#FFFFCC]
          RenderBlock {DIV} at (8,8) size 59x34
      RenderBlock (floating) {DIV} at (86,156) size 82x57 [border: (3px solid #000000)]
        RenderBlock {DIV} at (3,3) size 75x50 [bgcolor=#FFFFCC]
          RenderBlock {DIV} at (8,8) size 59x34
      RenderBlock (floating) {DIV} at (170,156) size 82x57 [border: (3px solid #000000)]
        RenderBlock {DIV} at (3,3) size 75x50 [bgcolor=#FFFFCC]
          RenderBlock {DIV} at (8,8) size 59x34
      RenderBlock (floating) {DIV} at (255,156) size 82x57 [border: (3px solid #000000)]
        RenderBlock {DIV} at (3,3) size 75x50 [bgcolor=#FFFFCC]
          RenderBlock {DIV} at (8,8) size 59x34
      RenderBlock (floating) {DIV} at (340,156) size 82x57 [border: (3px solid #000000)]
        RenderBlock {DIV} at (3,3) size 75x50 [bgcolor=#FFFFCC]
          RenderBlock {DIV} at (8,8) size 59x34
      RenderBlock (floating) {DIV} at (424,156) size 82x57 [border: (3px solid #000000)]
        RenderBlock {DIV} at (3,3) size 75x50 [bgcolor=#FFFFCC]
          RenderBlock {DIV} at (8,8) size 59x34
      RenderBlock (floating) {DIV} at (509,156) size 82x57 [border: (3px solid #000000)]
        RenderBlock {DIV} at (3,3) size 75x50 [bgcolor=#FFFFCC]
          RenderBlock {DIV} at (8,8) size 59x34
      RenderBlock (floating) {DIV} at (593,156) size 82x57 [border: (3px solid #000000)]
        RenderBlock {DIV} at (3,3) size 75x50 [bgcolor=#FFFFCC]
          RenderBlock {DIV} at (8,8) size 59x34
      RenderBlock (floating) {DIV} at (678,156) size 82x57 [border: (3px solid #000000)]
        RenderBlock {DIV} at (3,3) size 75x50 [bgcolor=#FFFFCC]
          RenderBlock {DIV} at (8,8) size 59x34
      RenderBlock (floating) {DIV} at (1,215) size 82x57 [border: (3px solid #000000)]
        RenderBlock {DIV} at (3,3) size 75x50 [bgcolor=#FFFFCC]
          RenderBlock {DIV} at (8,8) size 59x34
      RenderBlock (floating) {DIV} at (86,215) size 82x57 [border: (3px solid #000000)]
        RenderBlock {DIV} at (3,3) size 75x50 [bgcolor=#FFFFCC]
          RenderBlock {DIV} at (8,8) size 59x34
      RenderBlock (floating) {DIV} at (170,215) size 82x57 [border: (3px solid #000000)]
        RenderBlock {DIV} at (3,3) size 75x50 [bgcolor=#FFFFCC]
          RenderBlock {DIV} at (8,8) size 59x34
      RenderBlock (floating) {DIV} at (255,215) size 82x57 [border: (3px solid #000000)]
        RenderBlock {DIV} at (3,3) size 75x50 [bgcolor=#FFFFCC]
          RenderBlock {DIV} at (8,8) size 59x34
      RenderBlock (floating) {DIV} at (340,215) size 82x57 [border: (3px solid #000000)]
        RenderBlock {DIV} at (3,3) size 75x50 [bgcolor=#FFFFCC]
          RenderBlock {DIV} at (8,8) size 59x34
      RenderBlock (floating) {DIV} at (424,215) size 82x57 [border: (3px solid #000000)]
        RenderBlock {DIV} at (3,3) size 75x50 [bgcolor=#FFFFCC]
          RenderBlock {DIV} at (8,8) size 59x34
      RenderBlock (floating) {DIV} at (509,215) size 82x57 [border: (3px solid #000000)]
        RenderBlock {DIV} at (3,3) size 75x50 [bgcolor=#FFFFCC]
          RenderBlock {DIV} at (8,8) size 59x34
      RenderBlock (floating) {DIV} at (593,215) size 82x57 [border: (3px solid #000000)]
        RenderBlock {DIV} at (3,3) size 75x50 [bgcolor=#FFFFCC]
          RenderBlock {DIV} at (8,8) size 59x34
      RenderBlock (floating) {DIV} at (678,215) size 82x57 [border: (3px solid #000000)]
        RenderBlock {DIV} at (3,3) size 75x50 [bgcolor=#FFFFCC]
          RenderBlock {DIV} at (8,8) size 59x34
      RenderBlock (floating) {DIV} at (1,274) size 82x57 [border: (3px solid #000000)]
        RenderBlock {DIV} at (3,3) size 75x50 [bgcolor=#FFFFCC]
          RenderBlock {DIV} at (8,8) size 59x34
      RenderBlock (floating) {DIV} at (86,274) size 82x57 [border: (3px solid #000000)]
        RenderBlock {DIV} at (3,3) size 75x50 [bgcolor=#FFFFCC]
          RenderBlock {DIV} at (8,8) size 59x34
      RenderBlock (floating) {DIV} at (170,274) size 82x57 [border: (3px solid #000000)]
        RenderBlock {DIV} at (3,3) size 75x50 [bgcolor=#FFFFCC]
          RenderBlock {DIV} at (8,8) size 59x34
      RenderBlock (floating) {DIV} at (255,274) size 82x57 [border: (3px solid #000000)]
        RenderBlock {DIV} at (3,3) size 75x50 [bgcolor=#FFFFCC]
          RenderBlock {DIV} at (8,8) size 59x34
      RenderBlock (floating) {DIV} at (340,274) size 82x57 [border: (3px solid #000000)]
        RenderBlock {DIV} at (3,3) size 75x50 [bgcolor=#FFFFCC]
          RenderBlock {DIV} at (8,8) size 59x34
      RenderBlock (floating) {DIV} at (424,274) size 82x57 [border: (3px solid #000000)]
        RenderBlock {DIV} at (3,3) size 75x50 [bgcolor=#FFFFCC]
          RenderBlock {DIV} at (8,8) size 59x34
      RenderBlock (floating) {DIV} at (509,274) size 82x57 [border: (3px solid #000000)]
        RenderBlock {DIV} at (3,3) size 75x50 [bgcolor=#FFFFCC]
          RenderBlock {DIV} at (8,8) size 59x34
      RenderBlock (floating) {DIV} at (593,274) size 82x57 [border: (3px solid #000000)]
        RenderBlock {DIV} at (3,3) size 75x50 [bgcolor=#FFFFCC]
          RenderBlock {DIV} at (8,8) size 59x34
      RenderBlock (floating) {DIV} at (678,274) size 82x57 [border: (3px solid #000000)]
        RenderBlock {DIV} at (3,3) size 75x50 [bgcolor=#FFFFCC]
          RenderBlock {DIV} at (8,8) size 59x34
      RenderBlock (floating) {DIV} at (1,333) size 82x57 [border: (3px solid #000000)]
        RenderBlock {DIV} at (3,3) size 75x50 [bgcolor=#FFFFCC]
          RenderBlock {DIV} at (8,8) size 59x34
      RenderBlock (floating) {DIV} at (86,333) size 82x57 [border: (3px solid #000000)]
        RenderBlock {DIV} at (3,3) size 75x50 [bgcolor=#FFFFCC]
          RenderBlock {DIV} at (8,8) size 59x34
      RenderBlock (floating) {DIV} at (170,333) size 82x57 [border: (3px solid #000000)]
        RenderBlock {DIV} at (3,3) size 75x50 [bgcolor=#FFFFCC]
          RenderBlock {DIV} at (8,8) size 59x34
      RenderBlock (floating) {DIV} at (255,333) size 82x57 [border: (3px solid #000000)]
        RenderBlock {DIV} at (3,3) size 75x50 [bgcolor=#FFFFCC]
          RenderBlock {DIV} at (8,8) size 59x34
      RenderBlock (floating) {DIV} at (340,333) size 82x57 [border: (3px solid #000000)]
        RenderBlock {DIV} at (3,3) size 75x50 [bgcolor=#FFFFCC]
          RenderBlock {DIV} at (8,8) size 59x34
