layer at (0,0) size 800x600
  RenderView at (0,0) size 800x600
layer at (0,0) size 800x505
  RenderBlock {HTML} at (0,0) size 800x505
    RenderBody {BODY} at (8,8) size 784x489
      RenderTable {TABLE} at (0,0) size 708x489
        RenderTableSection {TBODY} at (0,0) size 708x489
          RenderTableRow {TR} at (0,2) size 708x21
            RenderTableCell {TH} at (2,2) size 105x21 [bgcolor=#DDDD99] [r=0 c=0 rs=1 cs=1]
              RenderText {#text} at (11,1) size 83x19
                text run at (11,1) width 83: "viewBox?"
            RenderTableCell {TH} at (109,2) size 189x21 [bgcolor=#DDDD99] [r=0 c=1 rs=1 cs=1]
              RenderText {#text} at (1,1) size 187x19
                text run at (1,1) width 187: "preserve\x{AD}Aspect\x{AD}Ratio"
            RenderTableCell {TH} at (300,2) size 202x21 [bgcolor=#DDDD99] [r=0 c=2 rs=1 cs=1]
              RenderText {#text} at (72,1) size 58x19
                text run at (72,1) width 58: "<img>"
            RenderTableCell {TH} at (504,2) size 202x21 [bgcolor=#DDDD99] [r=0 c=3 rs=1 cs=1]
              RenderText {#text} at (75,1) size 52x19
                text run at (75,1) width 52: "<div>"
          RenderTableRow {TR} at (0,25) size 708x56
            RenderTableCell {TH} at (2,129) size 105x21 [bgcolor=#DDDD99] [r=1 c=0 rs=4 cs=1]
              RenderText {#text} at (1,1) size 103x19
                text run at (1,1) width 103: "No viewBox"
            RenderTableCell {TH} at (109,52) size 189x2 [bgcolor=#DDDD99] [r=1 c=1 rs=1 cs=1]
            RenderTableCell {TD} at (300,25) size 202x56 [r=1 c=2 rs=1 cs=1]
              RenderImage {IMG} at (1,1) size 200x50 [border: (2px dashed #800000)]
              RenderText {#text} at (0,0) size 0x0
            RenderTableCell {TD} at (504,27) size 202x52 [r=1 c=3 rs=1 cs=1]
              RenderBlock {DIV} at (1,1) size 200x50 [border: (2px dashed #800000)]
          RenderTableRow {TR} at (0,83) size 708x56
            RenderTableCell {TH} at (109,100) size 189x21 [bgcolor=#DDDD99] [r=2 c=1 rs=1 cs=1]
              RenderText {#text} at (72,1) size 45x19
                text run at (72,1) width 45: "none"
            RenderTableCell {TD} at (300,83) size 202x56 [r=2 c=2 rs=1 cs=1]
              RenderImage {IMG} at (1,1) size 200x50 [border: (2px dashed #800000)]
              RenderText {#text} at (0,0) size 0x0
            RenderTableCell {TD} at (504,85) size 202x52 [r=2 c=3 rs=1 cs=1]
              RenderBlock {DIV} at (1,1) size 200x50 [border: (2px dashed #800000)]
          RenderTableRow {TR} at (0,141) size 708x56
            RenderTableCell {TH} at (109,158) size 189x21 [bgcolor=#DDDD99] [r=3 c=1 rs=1 cs=1]
              RenderText {#text} at (71,1) size 47x19
                text run at (71,1) width 47: "meet"
            RenderTableCell {TD} at (300,141) size 202x56 [r=3 c=2 rs=1 cs=1]
              RenderImage {IMG} at (1,1) size 200x50 [border: (2px dashed #800000)]
              RenderText {#text} at (0,0) size 0x0
            RenderTableCell {TD} at (504,143) size 202x52 [r=3 c=3 rs=1 cs=1]
              RenderBlock {DIV} at (1,1) size 200x50 [border: (2px dashed #800000)]
          RenderTableRow {TR} at (0,199) size 708x56
            RenderTableCell {TH} at (109,216) size 189x21 [bgcolor=#DDDD99] [r=4 c=1 rs=1 cs=1]
              RenderText {#text} at (75,1) size 39x19
                text run at (75,1) width 39: "slice"
            RenderTableCell {TD} at (300,199) size 202x56 [r=4 c=2 rs=1 cs=1]
              RenderImage {IMG} at (1,1) size 200x50 [border: (2px dashed #800000)]
              RenderText {#text} at (0,0) size 0x0
            RenderTableCell {TD} at (504,201) size 202x52 [r=4 c=3 rs=1 cs=1]
              RenderBlock {DIV} at (1,1) size 200x50 [border: (2px dashed #800000)]
          RenderTableRow {TR} at (0,257) size 708x56
            RenderTableCell {TH} at (2,361) size 105x21 [bgcolor=#DDDD99] [r=5 c=0 rs=4 cs=1]
              RenderText {#text} at (16,1) size 73x19
                text run at (16,1) width 73: "viewBox"
            RenderTableCell {TH} at (109,284) size 189x2 [bgcolor=#DDDD99] [r=5 c=1 rs=1 cs=1]
            RenderTableCell {TD} at (300,257) size 202x56 [r=5 c=2 rs=1 cs=1]
              RenderImage {IMG} at (1,1) size 200x50 [border: (2px dashed #800000)]
              RenderText {#text} at (0,0) size 0x0
            RenderTableCell {TD} at (504,259) size 202x52 [r=5 c=3 rs=1 cs=1]
              RenderBlock {DIV} at (1,1) size 200x50 [border: (2px dashed #800000)]
          RenderTableRow {TR} at (0,315) size 708x56
            RenderTableCell {TH} at (109,332) size 189x21 [bgcolor=#DDDD99] [r=6 c=1 rs=1 cs=1]
              RenderText {#text} at (72,1) size 45x19
                text run at (72,1) width 45: "none"
            RenderTableCell {TD} at (300,315) size 202x56 [r=6 c=2 rs=1 cs=1]
              RenderImage {IMG} at (1,1) size 200x50 [border: (2px dashed #800000)]
              RenderText {#text} at (0,0) size 0x0
            RenderTableCell {TD} at (504,317) size 202x52 [r=6 c=3 rs=1 cs=1]
              RenderBlock {DIV} at (1,1) size 200x50 [border: (2px dashed #800000)]
          RenderTableRow {TR} at (0,373) size 708x56
            RenderTableCell {TH} at (109,390) size 189x21 [bgcolor=#DDDD99] [r=7 c=1 rs=1 cs=1]
              RenderText {#text} at (71,1) size 47x19
                text run at (71,1) width 47: "meet"
            RenderTableCell {TD} at (300,373) size 202x56 [r=7 c=2 rs=1 cs=1]
              RenderImage {IMG} at (1,1) size 200x50 [border: (2px dashed #800000)]
              RenderText {#text} at (0,0) size 0x0
            RenderTableCell {TD} at (504,375) size 202x52 [r=7 c=3 rs=1 cs=1]
              RenderBlock {DIV} at (1,1) size 200x50 [border: (2px dashed #800000)]
          RenderTableRow {TR} at (0,431) size 708x56
            RenderTableCell {TH} at (109,448) size 189x21 [bgcolor=#DDDD99] [r=8 c=1 rs=1 cs=1]
              RenderText {#text} at (75,1) size 39x19
                text run at (75,1) width 39: "slice"
            RenderTableCell {TD} at (300,431) size 202x56 [r=8 c=2 rs=1 cs=1]
              RenderImage {IMG} at (1,1) size 200x50 [border: (2px dashed #800000)]
              RenderText {#text} at (0,0) size 0x0
            RenderTableCell {TD} at (504,433) size 202x52 [r=8 c=3 rs=1 cs=1]
              RenderBlock {DIV} at (1,1) size 200x50 [border: (2px dashed #800000)]
