layer at (0,0) size 800x600
  RenderView at (0,0) size 800x600
layer at (0,0) size 800x289
  RenderBlock {HTML} at (0,0) size 800x289
    RenderBody {BODY} at (8,8) size 784x273
      RenderBlock {DIV} at (0,0) size 784x23
        RenderTextControl {INPUT} at (2,2) size 125x19 [bgcolor=#FFFFFF] [border: (2px inset #000000)]
          RenderBlock {DIV} at (3,3) size 119x13
            RenderText {#text} at (1,0) size 69x13
              text run at (1,0) width 69: "2012-04-02"
      RenderBlock {DIV} at (0,23) size 784x23
        RenderTextControl {INPUT} at (2,2) size 125x19 [bgcolor=#FFFFFF] [border: (2px inset #000000)]
          RenderBlock {DIV} at (3,3) size 119x13
            RenderText {#text} at (1,0) size 69x13
              text run at (1,0) width 69: "2012-04-02"
      RenderBlock {DIV} at (0,46) size 784x23
        RenderTextControl {INPUT} at (2,2) size 125x19 [color=#545454] [bgcolor=#FFFFFF] [border: (2px inset #545454)]
          RenderBlock {DIV} at (3,3) size 119x13
            RenderText {#text} at (1,0) size 69x13
              text run at (1,0) width 69: "2012-04-02"
      RenderBlock {DIV} at (0,69) size 784x23
        RenderTextControl {INPUT} at (2,2) size 125x19 [color=#FFFFFF] [bgcolor=#000000] [border: (2px inset #FFFFFF)]
          RenderBlock {DIV} at (3,3) size 119x13
            RenderText {#text} at (1,0) size 69x13
              text run at (1,0) width 69: "2012-04-02"
      RenderBlock {DIV} at (0,92) size 784x23
        RenderTextControl {INPUT} at (2,2) size 125x19 [color=#FFFFFF] [bgcolor=#000000] [border: (2px inset #FFFFFF)]
          RenderBlock {DIV} at (3,3) size 119x13
            RenderText {#text} at (1,0) size 69x13
              text run at (1,0) width 69: "2012-04-02"
      RenderBlock {DIV} at (0,115) size 784x23
        RenderTextControl {INPUT} at (2,2) size 125x19 [color=#FFFFFF] [bgcolor=#000000] [border: (2px inset #FFFFFF)]
          RenderBlock {DIV} at (3,3) size 119x13
            RenderText {#text} at (1,0) size 69x13
              text run at (1,0) width 69: "2012-04-02"
      RenderBlock {DIV} at (0,138) size 784x45
        RenderTextControl {INPUT} at (2,2) size 314x41 [bgcolor=#FFFFFF] [border: (2px inset #000000)]
          RenderBlock {DIV} at (3,3) size 308x35
            RenderText {#text} at (1,0) size 187x35
              text run at (1,0) width 187: "2012-04-02"
      RenderBlock {DIV} at (0,183) size 784x45
        RenderTextControl {INPUT} at (2,2) size 314x41 [bgcolor=#FFFFFF] [border: (2px inset #000000)]
          RenderBlock {DIV} at (3,3) size 308x35
            RenderText {#text} at (1,0) size 187x35
              text run at (1,0) width 187: "2012-04-02"
      RenderBlock {DIV} at (0,228) size 784x45
        RenderTextControl {INPUT} at (2,2) size 314x41 [color=#545454] [bgcolor=#FFFFFF] [border: (2px inset #545454)]
          RenderBlock {DIV} at (3,3) size 308x35
            RenderText {#text} at (1,0) size 187x35
              text run at (1,0) width 187: "2012-04-02"
