layer at (0,0) size 800x600
  RenderView at (0,0) size 800x600
layer at (0,0) size 800x600
  RenderBlock {HTML} at (0,0) size 800x600
    RenderBody {BODY} at (8,8) size 784x584
      RenderBlock {P} at (0,0) size 784x38
        RenderText {#text} at (0,0) size 765x38
          text run at (0,0) width 304: "You should see a 100x100 green square below. "
          text run at (304,0) width 268: "If you see any red, then the test has failed. "
          text run at (572,0) width 193: "This test is ensuring that boxes"
          text run at (0,19) width 330: "can act as containing blocks for positioned elements."
layer at (8,62) size 100x100
  RenderDeprecatedFlexibleBox (relative positioned) {DIV} at (0,54) size 100x100 [bgcolor=#FF0000]
layer at (8,62) size 100x100
  RenderBlock (positioned) {DIV} at (0,0) size 100x100 [bgcolor=#008000]
