layer at (0,0) size 800x600
  RenderView at (0,0) size 800x600
layer at (0,0) size 800x398
  RenderBlock {HTML} at (0,0) size 800x398
    RenderBody {BODY} at (8,16) size 784x18
      RenderBlock {P} at (0,0) size 784x18
        RenderText {#text} at (0,0) size 500x19
          text run at (0,0) width 500: "In all the following boxes, the fuchsia diamond should be surrounded by a ring."
      RenderBlock (floating) {DIV} at (1,35) size 81x56 [border: (3px solid #000000)]
        RenderBlock {DIV} at (3,3) size 75x50 [bgcolor=#FFFFCC]
          RenderBlock {DIV} at (8,8) size 59x34
      RenderBlock (floating) {DIV} at (84,35) size 81x56 [border: (3px solid #000000)]
        RenderBlock {DIV} at (3,3) size 75x50 [bgcolor=#FFFFCC]
          RenderBlock {DIV} at (8,8) size 59x34
      RenderBlock (floating) {DIV} at (167,35) size 81x56 [border: (3px solid #000000)]
        RenderBlock {DIV} at (3,3) size 75x50 [bgcolor=#FFFFCC]
          RenderBlock {DIV} at (8,8) size 59x34
      RenderBlock (floating) {DIV} at (250,35) size 81x56 [border: (3px solid #000000)]
        RenderBlock {DIV} at (3,3) size 75x50 [bgcolor=#FFFFCC]
          RenderBlock {DIV} at (8,8) size 59x34
      RenderBlock (floating) {DIV} at (333,35) size 81x56 [border: (3px solid #000000)]
        RenderBlock {DIV} at (3,3) size 75x50 [bgcolor=#FFFFCC]
          RenderBlock {DIV} at (8,8) size 59x34
      RenderBlock (floating) {DIV} at (416,35) size 81x56 [border: (3px solid #000000)]
        RenderBlock {DIV} at (3,3) size 75x50 [bgcolor=#FFFFCC]
          RenderBlock {DIV} at (8,8) size 59x34
      RenderBlock (floating) {DIV} at (499,35) size 81x56 [border: (3px solid #000000)]
        RenderBlock {DIV} at (3,3) size 75x50 [bgcolor=#FFFFCC]
          RenderBlock {DIV} at (8,8) size 59x34
      RenderBlock (floating) {DIV} at (582,35) size 81x56 [border: (3px solid #000000)]
        RenderBlock {DIV} at (3,3) size 75x50 [bgcolor=#FFFFCC]
          RenderBlock {DIV} at (8,8) size 59x34
      RenderBlock (floating) {DIV} at (665,35) size 81x56 [border: (3px solid #000000)]
        RenderBlock {DIV} at (3,3) size 75x50 [bgcolor=#FFFFCC]
          RenderBlock {DIV} at (8,8) size 59x34
      RenderBlock (floating) {DIV} at (1,93) size 81x56 [border: (3px solid #000000)]
        RenderBlock {DIV} at (3,3) size 75x50 [bgcolor=#FFFFCC]
          RenderBlock {DIV} at (8,8) size 59x34
      RenderBlock (floating) {DIV} at (84,93) size 81x56 [border: (3px solid #000000)]
        RenderBlock {DIV} at (3,3) size 75x50 [bgcolor=#FFFFCC]
          RenderBlock {DIV} at (8,8) size 59x34
      RenderBlock (floating) {DIV} at (167,93) size 81x56 [border: (3px solid #000000)]
        RenderBlock {DIV} at (3,3) size 75x50 [bgcolor=#FFFFCC]
          RenderBlock {DIV} at (8,8) size 59x34
      RenderBlock (floating) {DIV} at (250,93) size 81x56 [border: (3px solid #000000)]
        RenderBlock {DIV} at (3,3) size 75x50 [bgcolor=#FFFFCC]
          RenderBlock {DIV} at (8,8) size 59x34
      RenderBlock (floating) {DIV} at (333,93) size 81x56 [border: (3px solid #000000)]
        RenderBlock {DIV} at (3,3) size 75x50 [bgcolor=#FFFFCC]
          RenderBlock {DIV} at (8,8) size 59x34
      RenderBlock (floating) {DIV} at (416,93) size 81x56 [border: (3px solid #000000)]
        RenderBlock {DIV} at (3,3) size 75x50 [bgcolor=#FFFFCC]
          RenderBlock {DIV} at (8,8) size 59x34
      RenderBlock (floating) {DIV} at (499,93) size 81x56 [border: (3px solid #000000)]
        RenderBlock {DIV} at (3,3) size 75x50 [bgcolor=#FFFFCC]
          RenderBlock {DIV} at (8,8) size 59x34
      RenderBlock (floating) {DIV} at (582,93) size 81x56 [border: (3px solid #000000)]
        RenderBlock {DIV} at (3,3) size 75x50 [bgcolor=#FFFFCC]
          RenderBlock {DIV} at (8,8) size 59x34
      RenderBlock (floating) {DIV} at (665,93) size 81x56 [border: (3px solid #000000)]
        RenderBlock {DIV} at (3,3) size 75x50 [bgcolor=#FFFFCC]
          RenderBlock {DIV} at (8,8) size 59x34
      RenderBlock (floating) {DIV} at (1,151) size 81x56 [border: (3px solid #000000)]
        RenderBlock {DIV} at (3,3) size 75x50 [bgcolor=#FFFFCC]
          RenderBlock {DIV} at (8,8) size 59x34
      RenderBlock (floating) {DIV} at (84,151) size 81x56 [border: (3px solid #000000)]
        RenderBlock {DIV} at (3,3) size 75x50 [bgcolor=#FFFFCC]
          RenderBlock {DIV} at (8,8) size 59x34
      RenderBlock (floating) {DIV} at (167,151) size 81x56 [border: (3px solid #000000)]
        RenderBlock {DIV} at (3,3) size 75x50 [bgcolor=#FFFFCC]
          RenderBlock {DIV} at (8,8) size 59x34
      RenderBlock (floating) {DIV} at (250,151) size 81x56 [border: (3px solid #000000)]
        RenderBlock {DIV} at (3,3) size 75x50 [bgcolor=#FFFFCC]
          RenderBlock {DIV} at (8,8) size 59x34
      RenderBlock (floating) {DIV} at (333,151) size 81x56 [border: (3px solid #000000)]
        RenderBlock {DIV} at (3,3) size 75x50 [bgcolor=#FFFFCC]
          RenderBlock {DIV} at (8,8) size 59x34
      RenderBlock (floating) {DIV} at (416,151) size 81x56 [border: (3px solid #000000)]
        RenderBlock {DIV} at (3,3) size 75x50 [bgcolor=#FFFFCC]
          RenderBlock {DIV} at (8,8) size 59x34
      RenderBlock (floating) {DIV} at (499,151) size 81x56 [border: (3px solid #000000)]
        RenderBlock {DIV} at (3,3) size 75x50 [bgcolor=#FFFFCC]
          RenderBlock {DIV} at (8,8) size 59x34
      RenderBlock (floating) {DIV} at (582,151) size 81x56 [border: (3px solid #000000)]
        RenderBlock {DIV} at (3,3) size 75x50 [bgcolor=#FFFFCC]
          RenderBlock {DIV} at (8,8) size 59x34
      RenderBlock (floating) {DIV} at (665,151) size 81x56 [border: (3px solid #000000)]
        RenderBlock {DIV} at (3,3) size 75x50 [bgcolor=#FFFFCC]
          RenderBlock {DIV} at (8,8) size 59x34
      RenderBlock (floating) {DIV} at (1,209) size 81x56 [border: (3px solid #000000)]
        RenderBlock {DIV} at (3,3) size 75x50 [bgcolor=#FFFFCC]
          RenderBlock {DIV} at (8,8) size 59x34
      RenderBlock (floating) {DIV} at (84,209) size 81x56 [border: (3px solid #000000)]
        RenderBlock {DIV} at (3,3) size 75x50 [bgcolor=#FFFFCC]
          RenderBlock {DIV} at (8,8) size 59x34
      RenderBlock (floating) {DIV} at (167,209) size 81x56 [border: (3px solid #000000)]
        RenderBlock {DIV} at (3,3) size 75x50 [bgcolor=#FFFFCC]
          RenderBlock {DIV} at (8,8) size 59x34
      RenderBlock (floating) {DIV} at (250,209) size 81x56 [border: (3px solid #000000)]
        RenderBlock {DIV} at (3,3) size 75x50 [bgcolor=#FFFFCC]
          RenderBlock {DIV} at (8,8) size 59x34
      RenderBlock (floating) {DIV} at (333,209) size 81x56 [border: (3px solid #000000)]
        RenderBlock {DIV} at (3,3) size 75x50 [bgcolor=#FFFFCC]
          RenderBlock {DIV} at (8,8) size 59x34
      RenderBlock (floating) {DIV} at (416,209) size 81x56 [border: (3px solid #000000)]
        RenderBlock {DIV} at (3,3) size 75x50 [bgcolor=#FFFFCC]
          RenderBlock {DIV} at (8,8) size 59x34
      RenderBlock (floating) {DIV} at (499,209) size 81x56 [border: (3px solid #000000)]
        RenderBlock {DIV} at (3,3) size 75x50 [bgcolor=#FFFFCC]
          RenderBlock {DIV} at (8,8) size 59x34
      RenderBlock (floating) {DIV} at (582,209) size 81x56 [border: (3px solid #000000)]
        RenderBlock {DIV} at (3,3) size 75x50 [bgcolor=#FFFFCC]
          RenderBlock {DIV} at (8,8) size 59x34
      RenderBlock (floating) {DIV} at (665,209) size 81x56 [border: (3px solid #000000)]
        RenderBlock {DIV} at (3,3) size 75x50 [bgcolor=#FFFFCC]
          RenderBlock {DIV} at (8,8) size 59x34
      RenderBlock (floating) {DIV} at (1,267) size 81x56 [border: (3px solid #000000)]
        RenderBlock {DIV} at (3,3) size 75x50 [bgcolor=#FFFFCC]
          RenderBlock {DIV} at (8,8) size 59x34
      RenderBlock (floating) {DIV} at (84,267) size 81x56 [border: (3px solid #000000)]
        RenderBlock {DIV} at (3,3) size 75x50 [bgcolor=#FFFFCC]
          RenderBlock {DIV} at (8,8) size 59x34
      RenderBlock (floating) {DIV} at (167,267) size 81x56 [border: (3px solid #000000)]
        RenderBlock {DIV} at (3,3) size 75x50 [bgcolor=#FFFFCC]
          RenderBlock {DIV} at (8,8) size 59x34
      RenderBlock (floating) {DIV} at (250,267) size 81x56 [border: (3px solid #000000)]
        RenderBlock {DIV} at (3,3) size 75x50 [bgcolor=#FFFFCC]
          RenderBlock {DIV} at (8,8) size 59x34
      RenderBlock (floating) {DIV} at (333,267) size 81x56 [border: (3px solid #000000)]
        RenderBlock {DIV} at (3,3) size 75x50 [bgcolor=#FFFFCC]
          RenderBlock {DIV} at (8,8) size 59x34
      RenderBlock (floating) {DIV} at (416,267) size 81x56 [border: (3px solid #000000)]
        RenderBlock {DIV} at (3,3) size 75x50 [bgcolor=#FFFFCC]
          RenderBlock {DIV} at (8,8) size 59x34
      RenderBlock (floating) {DIV} at (499,267) size 81x56 [border: (3px solid #000000)]
        RenderBlock {DIV} at (3,3) size 75x50 [bgcolor=#FFFFCC]
          RenderBlock {DIV} at (8,8) size 59x34
      RenderBlock (floating) {DIV} at (582,267) size 81x56 [border: (3px solid #000000)]
        RenderBlock {DIV} at (3,3) size 75x50 [bgcolor=#FFFFCC]
          RenderBlock {DIV} at (8,8) size 59x34
      RenderBlock (floating) {DIV} at (665,267) size 81x56 [border: (3px solid #000000)]
        RenderBlock {DIV} at (3,3) size 75x50 [bgcolor=#FFFFCC]
          RenderBlock {DIV} at (8,8) size 59x34
      RenderBlock (floating) {DIV} at (1,325) size 81x56 [border: (3px solid #000000)]
        RenderBlock {DIV} at (3,3) size 75x50 [bgcolor=#FFFFCC]
          RenderBlock {DIV} at (8,8) size 59x34
      RenderBlock (floating) {DIV} at (84,325) size 81x56 [border: (3px solid #000000)]
        RenderBlock {DIV} at (3,3) size 75x50 [bgcolor=#FFFFCC]
          RenderBlock {DIV} at (8,8) size 59x34
      RenderBlock (floating) {DIV} at (167,325) size 81x56 [border: (3px solid #000000)]
        RenderBlock {DIV} at (3,3) size 75x50 [bgcolor=#FFFFCC]
          RenderBlock {DIV} at (8,8) size 59x34
      RenderBlock (floating) {DIV} at (250,325) size 81x56 [border: (3px solid #000000)]
        RenderBlock {DIV} at (3,3) size 75x50 [bgcolor=#FFFFCC]
          RenderBlock {DIV} at (8,8) size 59x34
      RenderBlock (floating) {DIV} at (333,325) size 81x56 [border: (3px solid #000000)]
        RenderBlock {DIV} at (3,3) size 75x50 [bgcolor=#FFFFCC]
          RenderBlock {DIV} at (8,8) size 59x34
