layer at (0,0) size 800x600
  RenderView at (0,0) size 800x600
layer at (0,0) size 800x600
  RenderBlock {HTML} at (0,0) size 800x600
    RenderBody {BODY} at (8,8) size 784x584 [bgcolor=#CCCCCC]
      RenderBlock {P} at (0,0) size 784x21
        RenderText {#text} at (0,0) size 395x21
          text run at (0,0) width 395: "The style declarations which apply to the text below are:"
      RenderBlock {PRE} at (0,37) size 784x51
        RenderText {#text} at (0,0) size 177x51
          text run at (0,0) width 177: ".one {font-variant: small-caps;}"
          text run at (177,0) width 0: " "
          text run at (0,17) width 152: ".two {font-variant: normal;}"
          text run at (152,17) width 0: " "
          text run at (0,34) width 0: " "
      RenderBlock {HR} at (0,101) size 784x2 [border: (1px inset #000000)]
      RenderBlock {P} at (0,119) size 784x21
        RenderText {#text} at (0,0) size 271x21
          text run at (0,0) width 271: "This Paragraph should be in Small Caps."
      RenderBlock {P} at (0,156) size 784x21
        RenderText {#text} at (0,0) size 581x21
          text run at (0,0) width 581: "This Paragraph should be in Small Caps, but the Last Word in the Sentence should be "
        RenderInline {SPAN} at (0,0) size 52x21
          RenderText {#text} at (581,0) size 52x21
            text run at (581,0) width 52: "Normal"
        RenderText {#text} at (633,0) size 4x21
          text run at (633,0) width 4: "."
      RenderTable {TABLE} at (0,193) size 659x97 [border: (1px outset #808080)]
        RenderTableSection {TBODY} at (1,1) size 657x95
          RenderTableRow {TR} at (0,0) size 657x29
            RenderTableCell {TD} at (0,0) size 657x29 [bgcolor=#C0C0C0] [border: (1px inset #808080)] [r=0 c=0 rs=1 cs=2]
              RenderInline {STRONG} at (0,0) size 178x21
                RenderText {#text} at (4,4) size 178x21
                  text run at (4,4) width 178: "TABLE Testing Section"
          RenderTableRow {TR} at (0,29) size 657x66
            RenderTableCell {TD} at (0,47) size 12x29 [bgcolor=#C0C0C0] [border: (1px inset #808080)] [r=1 c=0 rs=1 cs=1]
              RenderText {#text} at (4,4) size 4x21
                text run at (4,4) width 4: " "
            RenderTableCell {TD} at (12,29) size 645x66 [border: (1px inset #808080)] [r=1 c=1 rs=1 cs=1]
              RenderBlock {P} at (4,4) size 637x21
                RenderText {#text} at (0,0) size 271x21
                  text run at (0,0) width 271: "This Paragraph should be in Small Caps."
              RenderBlock {P} at (4,41) size 637x21
                RenderText {#text} at (0,0) size 581x21
                  text run at (0,0) width 581: "This Paragraph should be in Small Caps, but the Last Word in the Sentence should be "
                RenderInline {SPAN} at (0,0) size 52x21
                  RenderText {#text} at (581,0) size 52x21
                    text run at (581,0) width 52: "Normal"
                RenderText {#text} at (633,0) size 4x21
                  text run at (633,0) width 4: "."
