layer at (0,0) size 800x600
  RenderView at (0,0) size 800x600
layer at (0,0) size 800x600
  RenderBlock {HTML} at (0,0) size 800x600
    RenderBody {BODY} at (8,8) size 784x584 [bgcolor=#CCCCCC]
      RenderBlock {P} at (0,0) size 784x21
        RenderText {#text} at (0,0) size 395x21
          text run at (0,0) width 395: "The style declarations which apply to the text below are:"
      RenderBlock {PRE} at (0,37) size 784x68
        RenderText {#text} at (0,0) size 162x68
          text run at (0,0) width 130: ".one {font-style: italic;}"
          text run at (130,0) width 0: " "
          text run at (0,17) width 143: ".two {font-style: oblique;}"
          text run at (143,17) width 0: " "
          text run at (0,34) width 162: ".three, I {font-style: normal;}"
          text run at (162,34) width 0: " "
          text run at (0,51) width 0: " "
      RenderBlock {HR} at (0,118) size 784x2 [border: (1px inset #000000)]
      RenderBlock {P} at (0,136) size 784x21
        RenderText {#text} at (0,0) size 558x21
          text run at (0,0) width 558: "This paragraph should be in italics, but the last word of the sentence should be "
        RenderInline {SPAN} at (0,0) size 49x21
          RenderText {#text} at (558,0) size 49x21
            text run at (558,0) width 49: "normal"
        RenderText {#text} at (607,0) size 4x21
          text run at (607,0) width 4: "."
      RenderBlock {P} at (0,173) size 784x21
        RenderText {#text} at (0,0) size 243x21
          text run at (0,0) width 243: "This paragraph should be oblique."
      RenderBlock {P} at (0,210) size 784x21
        RenderInline {I} at (0,0) size 239x21
          RenderText {#text} at (0,0) size 239x21
            text run at (0,0) width 239: "This paragraph should be normal."
        RenderText {#text} at (0,0) size 0x0
      RenderTable {TABLE} at (0,247) size 633x134 [border: (1px outset #808080)]
        RenderTableSection {TBODY} at (1,1) size 631x132
          RenderTableRow {TR} at (0,0) size 631x29
            RenderTableCell {TD} at (0,0) size 631x29 [bgcolor=#C0C0C0] [border: (1px inset #808080)] [r=0 c=0 rs=1 cs=2]
              RenderInline {STRONG} at (0,0) size 178x21
                RenderText {#text} at (4,4) size 178x21
                  text run at (4,4) width 178: "TABLE Testing Section"
          RenderTableRow {TR} at (0,29) size 631x103
            RenderTableCell {TD} at (0,66) size 12x29 [bgcolor=#C0C0C0] [border: (1px inset #808080)] [r=1 c=0 rs=1 cs=1]
              RenderText {#text} at (4,4) size 4x21
                text run at (4,4) width 4: " "
            RenderTableCell {TD} at (12,29) size 619x103 [border: (1px inset #808080)] [r=1 c=1 rs=1 cs=1]
              RenderBlock {P} at (4,4) size 611x21
                RenderText {#text} at (0,0) size 558x21
                  text run at (0,0) width 558: "This paragraph should be in italics, but the last word of the sentence should be "
                RenderInline {SPAN} at (0,0) size 49x21
                  RenderText {#text} at (558,0) size 49x21
                    text run at (558,0) width 49: "normal"
                RenderText {#text} at (607,0) size 4x21
                  text run at (607,0) width 4: "."
              RenderBlock {P} at (4,41) size 611x21
                RenderText {#text} at (0,0) size 243x21
                  text run at (0,0) width 243: "This paragraph should be oblique."
              RenderBlock {P} at (4,78) size 611x21
                RenderInline {I} at (0,0) size 239x21
                  RenderText {#text} at (0,0) size 239x21
                    text run at (0,0) width 239: "This paragraph should be normal."
                RenderText {#text} at (0,0) size 0x0
