layer at (0,0) size 800x600
  RenderView at (0,0) size 800x600
layer at (0,0) size 800x600
  RenderBlock {HTML} at (0,0) size 800x600
    RenderBody {BODY} at (8,8) size 784x584
      RenderInline {SPAN} at (0,0) size 781x336
        RenderText {#text} at (0,0) size 781x336
          text run at (0,0) width 513: "I am typing a lot of text so that this goes onto many lines. I am still typing. "
          text run at (513,0) width 237: "I am typing a lot of text so that this"
          text run at (0,21) width 781: "goes onto many lines. I am still typing. I am typing a lot of text so that this goes onto many lines. I am still typing."
          text run at (0,42) width 750: "I am typing a lot of text so that this goes onto many lines. I am still typing. I am typing a lot of text so that this"
          text run at (0,63) width 781: "goes onto many lines. I am still typing. I am typing a lot of text so that this goes onto many lines. I am still typing."
          text run at (0,84) width 750: "I am typing a lot of text so that this goes onto many lines. I am still typing. I am typing a lot of text so that this"
          text run at (0,105) width 781: "goes onto many lines. I am still typing. I am typing a lot of text so that this goes onto many lines. I am still typing."
          text run at (0,126) width 750: "I am typing a lot of text so that this goes onto many lines. I am still typing. I am typing a lot of text so that this"
          text run at (0,147) width 781: "goes onto many lines. I am still typing. I am typing a lot of text so that this goes onto many lines. I am still typing."
          text run at (0,168) width 750: "I am typing a lot of text so that this goes onto many lines. I am still typing. I am typing a lot of text so that this"
          text run at (0,189) width 781: "goes onto many lines. I am still typing. I am typing a lot of text so that this goes onto many lines. I am still typing."
          text run at (0,210) width 750: "I am typing a lot of text so that this goes onto many lines. I am still typing. I am typing a lot of text so that this"
          text run at (0,231) width 781: "goes onto many lines. I am still typing. I am typing a lot of text so that this goes onto many lines. I am still typing."
          text run at (0,252) width 750: "I am typing a lot of text so that this goes onto many lines. I am still typing. I am typing a lot of text so that this"
          text run at (0,273) width 781: "goes onto many lines. I am still typing. I am typing a lot of text so that this goes onto many lines. I am still typing."
          text run at (0,294) width 750: "I am typing a lot of text so that this goes onto many lines. I am still typing. I am typing a lot of text so that this"
          text run at (0,315) width 781: "goes onto many lines. I am still typing. I am typing a lot of text so that this goes onto many lines. I am still typing."
      RenderText {#text} at (0,0) size 0x0
