layer at (0,0) size 800x600
  RenderView at (0,0) size 800x600
layer at (0,0) size 800x600
  RenderBlock {HTML} at (0,0) size 800x600
    RenderBody {BODY} at (8,8) size 784x584
      RenderBlock {P} at (0,0) size 784x40
        RenderInline {A} at (0,0) size 291x19 [color=#0000EE]
          RenderText {#text} at (0,0) size 291x19
            text run at (0,0) width 291: "https://bugs.webkit.org/show_bug.cgi?id=25066"
        RenderBR {BR} at (291,15) size 0x0
        RenderText {#text} at (0,20) size 396x19
          text run at (0,20) width 396: "controls should not be misplaced when video gets a RenderLayer."
      RenderBlock (anonymous) at (0,56) size 784x252
        RenderText {#text} at (0,0) size 0x0
        RenderText {#text} at (0,0) size 0x0
layer at (58,114) size 302x152
  RenderVideo {VIDEO} at (50,50) size 302x152 [border: (1px solid #000000)]
layer at (59,115) size 300x150
  RenderBlock (relative positioned) {DIV} at (1,1) size 300x150
layer at (59,233) size 300x32
  RenderFlexibleBox (positioned) {DIV} at (0,118) size 300x32 [bgcolor=#00000099]
layer at (66,239) size 18x19
  RenderButton {INPUT} at (7,6) size 18x19
layer at (89,233) size 236x32
  RenderFlexibleBox (positioned) {DIV} at (30,0) size 236x32 [border: (1px solid #FFFFFF33) none (1px solid #FFFFFF33)]
    RenderSlider {INPUT} at (7,7) size 164x18 [color=#328CDF] [bgcolor=#FFFFFF14] [border: (1px solid #FFFFFF33)]
      RenderBlock {DIV} at (1,-5) size 9x29
layer at (266,239) size 58x20 scrollHeight 21
  RenderFlexibleBox {DIV} at (177,6) size 58x20 [color=#FFFFFF]
    RenderBlock (anonymous) at (8,0) size 42x21
      RenderText {#text} at (0,1) size 42x19
        text run at (0,1) width 42: "00:00"
layer at (325,233) size 34x32
  RenderButton {INPUT} at (266,0) size 34x32
