layer at (0,0) size 800x600
  RenderView at (0,0) size 800x600
layer at (754,0) size 46x600
  RenderBlock {HTML} at (0,0) size 46x600 [border: (10px solid #800000)]
    RenderBody {BODY} at (18,18) size 10x564 [border: (5px solid #000000)]
layer at (296,100) size 404x404
  RenderRegion {DIV} at (100,100) size 404x404 [border: (2px solid #000000)]
Flow Threads
  Thread with flow-name 'thread'
    layer at (400,0) size 400x400
      RenderFlowThread at (0,0) size 400x400
        RenderBlock {DIV} at (0,0) size 1248x400
          RenderText {#text} at (5,0) size 1237x388
            text run at (5,0) width 381: "\x{305B}\x{3063}\x{304B}\x{304F}\x{898B}\x{3064}\x{3051}\x{305F}\x{3059}\x{3070}\x{3089}\x{3057}\x{3044}\x{8A18}\x{4E8B}\x{304C}\x{3069}\x{3053}"
            text run at (37,0) width 381: "\x{306B}\x{3042}\x{3063}\x{305F}\x{304B}\x{5FD8}\x{308C}\x{3066}\x{3057}\x{307E}\x{3063}\x{305F}\x{7D4C}\x{9A13}\x{306F}\x{3042}\x{308A}\x{307E}"
            text run at (69,0) width 360: "\x{3059}\x{304B}\x{306A}\x{3089}\x{30BF}\x{30A4}\x{30C8}\x{30EB}\x{3068}\x{30A2}\x{30C9}\x{30EC}\x{30B9}\x{3060}\x{3051}\x{3067}\x{306A}"
            text run at (101,0) width 381: "\x{304F}\x{3001}\x{8A2A}\x{554F}\x{3057}\x{305F}\x{30A6}\x{30A7}\x{30D6}\x{30DA}\x{30FC}\x{30B8}\x{306E}\x{30B3}\x{30F3}\x{30C6}\x{30F3}\x{30C4}"
            text run at (133,0) width 381: "\x{304B}\x{3089}\x{3082}\x{691C}\x{7D22}\x{3059}\x{308B}\x{3053}\x{3068}\x{304C}\x{3067}\x{304D}\x{307E}\x{3059}\x{3002}\x{305B}\x{3063}\x{304B}"
            text run at (165,0) width 381: "\x{304F}\x{898B}\x{3064}\x{3051}\x{305F}\x{3059}\x{3070}\x{3089}\x{3057}\x{3044}\x{8A18}\x{4E8B}\x{304C}\x{3069}\x{3053}\x{306B}\x{3042}\x{3063}"
            text run at (197,0) width 388: "\x{305F}\x{304B}\x{5FD8}\x{308C}\x{3066}\x{3057}\x{307E}\x{3063}\x{305F}\x{7D4C}\x{9A13}\x{306F}\x{3042}\x{308A}\x{307E}\x{3059}\x{304B} \x{306A}"
            text run at (229,0) width 381: "\x{3089}\x{30BF}\x{30A4}\x{30C8}\x{30EB}\x{3068}\x{30A2}\x{30C9}\x{30EC}\x{30B9}\x{3060}\x{3051}\x{3067}\x{306A}\x{304F}\x{3001}\x{8A2A}\x{554F}"
            text run at (261,0) width 381: "\x{3057}\x{305F}\x{30A6}\x{30A7}\x{30D6}\x{30DA}\x{30FC}\x{30B8}\x{306E}\x{30B3}\x{30F3}\x{30C6}\x{30F3}\x{30C4}\x{304B}\x{3089}\x{3082}\x{691C}"
            text run at (293,0) width 381: "\x{7D22}\x{3059}\x{308B}\x{3053}\x{3068}\x{304C}\x{3067}\x{304D}\x{307E}\x{3059}\x{3002}\x{8A2A}\x{554F}\x{3057}\x{305F}\x{30A6}\x{30A7}\x{30D6}"
            text run at (325,0) width 381: "\x{30DA}\x{30FC}\x{30B8}\x{306E}\x{30B3}\x{30F3}\x{30C6}\x{30F3}\x{30C4}\x{304B}\x{3089}\x{3082}\x{691C}\x{7D22}\x{3059}\x{308B}\x{3053}\x{3068}"
            text run at (357,0) width 381: "\x{304C}\x{3067}\x{304D}\x{307E}\x{3059}\x{3002}\x{305B}\x{3063}\x{304B}\x{304F}\x{898B}\x{3064}\x{3051}\x{305F}\x{3059}\x{3070}\x{3089}\x{3057}"
            text run at (389,0) width 381: "\x{3044}\x{8A18}\x{4E8B}\x{304C}\x{3069}\x{3053}\x{306B}\x{3042}\x{3063}\x{305F}\x{304B}\x{5FD8}\x{308C}\x{3066}\x{3057}\x{307E}\x{3063}\x{305F}"
            text run at (421,0) width 22: "\x{7D4C}"
            text run at (453,0) width 22: "\x{9A13}"
            text run at (485,0) width 22: "\x{306F}"
            text run at (517,0) width 22: "\x{3042}"
            text run at (549,0) width 22: "\x{308A}"
            text run at (581,0) width 22: "\x{307E}"
            text run at (613,0) width 22: "\x{3059}"
            text run at (645,0) width 22: "\x{304B}"
            text run at (677,0) width 22: "\x{306A}"
            text run at (709,0) width 22: "\x{3089}"
            text run at (741,0) width 22: "\x{30BF}"
            text run at (773,0) width 22: "\x{30A4}"
            text run at (805,0) width 22: "\x{30C8}"
            text run at (837,0) width 22: "\x{30EB}"
            text run at (869,0) width 22: "\x{3068}"
            text run at (901,0) width 22: "\x{30A2}"
            text run at (933,0) width 22: "\x{30C9}"
            text run at (965,0) width 22: "\x{30EC}"
            text run at (997,0) width 22: "\x{30B9}"
            text run at (1029,0) width 22: "\x{3060}"
            text run at (1061,0) width 22: "\x{3051}"
            text run at (1093,0) width 22: "\x{3067}"
            text run at (1125,0) width 22: "\x{306A}"
            text run at (1157,0) width 43: "\x{304F}\x{3001}"
            text run at (1189,0) width 22: "\x{8A2A}"
            text run at (1221,0) width 22: "\x{554F}"
  Regions for flow 'thread'
    RenderRegion {DIV} with index 0
selection start: position 28 of child 0 {#text} of child 1 {DIV} of body
selection end:   position 226 of child 0 {#text} of child 1 {DIV} of body
