ALERT: Plugin Loaded!
layer at (0,0) size 800x600
  RenderView at (0,0) size 800x600
layer at (0,0) size 800x600
  RenderBlock {HTML} at (0,0) size 800x600
    RenderBody {BODY} at (8,8) size 784x584
      RenderInline {A} at (0,0) size 81x18 [color=#0000EE]
        RenderText {#text} at (0,136) size 81x18
          text run at (0,136) width 81: "go fullscreen"
      RenderText {#text} at (81,136) size 4x18
        text run at (81,136) width 4: " "
      RenderBlock (generated) at (85,0) size 300x150
      RenderText {#text} at (0,0) size 0x0
      RenderText {#text} at (0,0) size 0x0
layer at (0,0) size 800x600
  RenderFullScreen zI: 2147483647 at (0,0) size 800x600 [bgcolor=#000000]
    RenderBlock (anonymous) at (250,225) size 300x150
      RenderEmbeddedObject {EMBED} at (0,0) size 300x150 [bgcolor=#FFFFFF]
