layer at (0,0) size 800x600
  RenderView at (0,0) size 800x600
layer at (0,0) size 800x130
  RenderBlock {HTML} at (0,0) size 800x130
    RenderBody {BODY} at (8,16) size 784x98
      RenderBlock {P} at (0,0) size 784x22
        RenderText {#text} at (0,0) size 311x22
          text run at (0,0) width 311: "The following paragraphs should be identical:"
      RenderBlock {P} at (0,38) size 784x22
        RenderText {#text} at (0,0) size 197x22
          text run at (0,0) width 197: "This should be in a bold font."
      RenderBlock {P} at (0,76) size 784x22
        RenderText {#text} at (0,0) size 197x22
          text run at (0,0) width 197: "This should be in a bold font."
