layer at (0,0) size 800x600
  RenderView at (0,0) size 800x600
layer at (0,0) size 800x225
  RenderBlock {HTML} at (0,0) size 800x225
    RenderBody {BODY} at (8,16) size 784x193 [color=#000080]
      RenderBlock {P} at (0,0) size 784x21
        RenderText {#text} at (0,0) size 382x21
          text run at (0,0) width 382: "The next four blocks should look identical, to the pixel."
      RenderBlock {P} at (0,37) size 784x27 [border: (3px solid #000080)]
        RenderText {#text} at (3,3) size 31x21
          text run at (3,3) width 31: "Test"
      RenderBlock {P} at (0,80) size 784x27 [border: (3px solid #000080)]
        RenderText {#text} at (3,3) size 31x21
          text run at (3,3) width 31: "Test"
      RenderBlock {P} at (0,123) size 784x27 [border: (3px solid #000080)]
        RenderText {#text} at (3,3) size 31x21
          text run at (3,3) width 31: "Test"
      RenderBlock {P} at (0,166) size 784x27 [border: (3px solid #000080)]
        RenderText {#text} at (3,3) size 31x21
          text run at (3,3) width 31: "Test"
