layer at (0,0) size 800x600
  RenderView at (0,0) size 800x600
layer at (0,0) size 800x349
  RenderBlock {HTML} at (0,0) size 800x349
    RenderBody {BODY} at (8,16) size 784x317
      RenderBlock {P} at (0,0) size 784x21 [color=#008000]
        RenderText {#text} at (0,0) size 150x21
          text run at (0,0) width 150: "This should be green"
      RenderBlock {P} at (0,37) size 784x21 [color=#008000]
        RenderText {#text} at (0,0) size 150x21
          text run at (0,0) width 150: "This should be green"
      RenderBlock {P} at (0,74) size 784x21 [color=#008000]
        RenderText {#text} at (0,0) size 150x21
          text run at (0,0) width 150: "This should be green"
      RenderBlock {P} at (0,111) size 784x21 [color=#008000]
        RenderText {#text} at (0,0) size 150x21
          text run at (0,0) width 150: "This should be green"
      RenderBlock {P} at (0,148) size 784x21 [color=#008000]
        RenderText {#text} at (0,0) size 150x21
          text run at (0,0) width 150: "This should be green"
      RenderBlock {P} at (0,185) size 784x21 [color=#008000]
        RenderText {#text} at (0,0) size 150x21
          text run at (0,0) width 150: "This should be green"
      RenderBlock {P} at (0,222) size 784x21 [color=#008000]
        RenderText {#text} at (0,0) size 150x21
          text run at (0,0) width 150: "This should be green"
      RenderBlock {P} at (0,259) size 784x21 [color=#008000]
        RenderText {#text} at (0,0) size 150x21
          text run at (0,0) width 150: "This should be green"
      RenderBlock {P} at (0,296) size 784x21 [color=#007F00]
        RenderText {#text} at (0,0) size 150x21
          text run at (0,0) width 150: "This should be green"
