layer at (0,0) size 800x600
  RenderView at (0,0) size 800x600
layer at (0,0) size 800x53
  RenderBlock {HTML} at (0,0) size 800x53
    RenderBody {BODY} at (8,16) size 784x21
      RenderBlock {P} at (0,0) size 784x21 [color=#FFFFFF] [bgcolor=#008000]
        RenderText {#text} at (0,0) size 272x21
          text run at (0,0) width 272: "This should have a green background."
