layer at (0,0) size 800x600
  RenderView at (0,0) size 800x600
layer at (0,0) size 800x111
  RenderBlock {HTML} at (0,0) size 800x111
    RenderBody {BODY} at (8,16) size 784x79 [color=#FF0000]
      RenderBlock {P} at (0,0) size 784x21 [color=#008000]
        RenderText {#text} at (0,0) size 184x21
          text run at (0,0) width 184: "This line should be green."
      RenderBlock {UL} at (0,37) size 784x42
        RenderListItem {LI} at (40,0) size 744x42
          RenderBlock (anonymous) at (0,0) size 744x21
            RenderInline {SPAN} at (0,0) size 184x21 [color=#008000]
              RenderText {#text} at (0,0) size 184x21
                text run at (0,0) width 184: "This line should be green."
            RenderText {#text} at (0,0) size 0x0
          RenderBlock {UL} at (0,21) size 744x21
            RenderListItem {LI} at (40,0) size 704x21 [color=#008000]
              RenderText {#text} at (0,0) size 184x21
                text run at (0,0) width 184: "This line should be green."
