layer at (0,0) size 800x600
  RenderView at (0,0) size 800x600
layer at (0,0) size 800x125
  RenderBlock {HTML} at (0,0) size 800x125
    RenderBody {BODY} at (8,16) size 784x93 [color=#008000]
      RenderBlock {P} at (0,0) size 784x22 [color=#FF0000]
        RenderInline {SPAN} at (0,0) size 173x22 [color=#008000]
          RenderText {#text} at (0,0) size 173x22
            text run at (0,0) width 173: "This line should be green."
        RenderText {#text} at (0,0) size 0x0
      RenderBlock {PRE} at (0,38) size 784x17
        RenderText {#text} at (0,0) size 175x17
          text run at (0,0) width 175: " This line should be green. "
      RenderBlock {UL} at (0,71) size 784x22
        RenderListItem {LI} at (40,0) size 744x22
          RenderListMarker at (-18,0) size 7x22: bullet
          RenderText {#text} at (0,0) size 173x22
            text run at (0,0) width 173: "This line should be green."
