layer at (0,0) size 800x600
  RenderView at (0,0) size 800x600
layer at (0,0) size 800x53
  RenderBlock {HTML} at (0,0) size 800x53
    RenderBody {BODY} at (8,16) size 784x21
      RenderBlock {P} at (0,0) size 784x21
        RenderInline {A} at (0,0) size 223x21 [color=#008000]
          RenderText {#text} at (0,0) size 223x21
            text run at (0,0) width 223: "This sentence should be green."
        RenderText {#text} at (223,0) size 292x21
          text run at (223,0) width 292: " Check that it remains green if you click it."
