layer at (0,0) size 800x600
  RenderView at (0,0) size 800x600
layer at (0,0) size 800x79
  RenderBlock {HTML} at (0,0) size 800x79
    RenderBody {BODY} at (8,8) size 784x63
      RenderBlock {DIV} at (0,0) size 784x42
        RenderBlock (anonymous) at (0,0) size 784x21
          RenderText {#text} at (0,0) size 180x21
            text run at (0,0) width 180: "Dummy text. Dummy text."
        RenderBlock {DIV} at (0,21) size 784x21
          RenderInline {SPAN} at (0,0) size 547x21
            RenderText {#text} at (0,0) size 547x21
              text run at (0,0) width 109: "Hover this text, "
              text run at (109,0) width 187: "then wait till it disappears. "
              text run at (296,0) width 251: "At that point there should be no red."
          RenderText {#text} at (0,0) size 0x0
      RenderBlock {DIV} at (0,42) size 784x21 [color=#008000]
        RenderText {#text} at (0,0) size 180x21
          text run at (0,0) width 180: "Dummy text. Dummy text."
