layer at (0,0) size 800x600
  RenderView at (0,0) size 800x600
layer at (0,0) size 800x386
  RenderBlock {HTML} at (0,0) size 800x386
    RenderBody {BODY} at (8,16) size 784x354 [color=#0000FF]
      RenderBlock {P} at (0,0) size 784x95
        RenderText {#text} at (0,0) size 27x19
          text run at (0,0) width 27: "The "
        RenderInline {STRONG} at (0,0) size 55x19
          RenderText {#text} at (27,0) size 55x19
            text run at (27,0) width 55: "first line"
        RenderText {#text} at (82,0) size 286x19
          text run at (82,0) width 194: " of this paragraph, and only that "
          text run at (276,0) width 92: "one, should be "
        RenderInline {STRONG} at (0,0) size 38x19
          RenderText {#text} at (368,0) size 38x19
            text run at (368,0) width 38: "green"
        RenderText {#text} at (406,0) size 776x95
          text run at (406,0) width 169: ". If this precise combination "
          text run at (575,0) width 174: "does not occur, then the user"
          text run at (0,19) width 219: "agent has failed this test. Remember "
          text run at (219,19) width 373: "that in order to ensure a complete test, the paragraph must be "
          text run at (592,19) width 166: "displayed on more than one"
          text run at (0,38) width 241: "line. Dummy text. Dummy text. Dummy "
          text run at (241,38) width 435: "text. Dummy text. Dummy text. Dummy text. Dummy text. Dummy text. "
          text run at (676,38) width 77: "Dummy text."
          text run at (0,57) width 375: "Dummy text. Dummy text. Dummy text. Dummy text. Dummy "
          text run at (375,57) width 401: "text. Dummy text. Dummy text. Dummy text. Dummy text. Dummy"
          text run at (0,76) width 30: "text. "
          text run at (30,76) width 456: "Dummy text. Dummy text. Dummy text. Dummy text. Dummy text. Dummy "
          text run at (486,76) width 269: "text. Dummy text. Dummy text. Dummy text."
      RenderBlock {P} at (0,111) size 784x132
        RenderText {#text} at (0,0) size 56x36
          text run at (0,0) width 56: "The "
        RenderInline {STRONG} at (0,0) size 116x36
          RenderText {#text} at (56,0) size 116x36
            text run at (56,0) width 116: "first line"
        RenderText {#text} at (172,0) size 610x36
          text run at (172,0) width 407: " of this paragraph, and only that "
          text run at (579,0) width 203: "one, should be a"
        RenderInline {STRONG} at (0,0) size 40x19
          RenderText {#text} at (0,37) size 40x19
            text run at (0,37) width 40: "larger"
        RenderText {#text} at (40,37) size 119x19
          text run at (40,37) width 119: " font size as well as "
        RenderInline {STRONG} at (0,0) size 38x19
          RenderText {#text} at (159,37) size 38x19
            text run at (159,37) width 38: "green"
        RenderText {#text} at (197,37) size 780x95
          text run at (197,37) width 267: ". If this precise combination does not occur, "
          text run at (464,37) width 295: "then the user agent has failed this test. Remember"
          text run at (0,56) width 93: "that in order to "
          text run at (93,56) width 395: "ensure a complete test, the paragraph must be displayed on more "
          text run at (488,56) width 292: "than one line. Dummy text. Dummy text. Dummy"
          text run at (0,75) width 111: "text. Dummy text. "
          text run at (111,75) width 456: "Dummy text. Dummy text. Dummy text. Dummy text. Dummy text. Dummy "
          text run at (567,75) width 188: "text. Dummy text. Dummy text."
          text run at (0,94) width 243: "Dummy text. Dummy text. Dummy text. "
          text run at (243,94) width 456: "Dummy text. Dummy text. Dummy text. Dummy text. Dummy text. Dummy "
          text run at (699,94) width 77: "text. Dummy"
          text run at (0,113) width 354: "text. Dummy text. Dummy text. Dummy text. Dummy text. "
          text run at (354,113) width 158: "Dummy text. Dummy text."
      RenderBlock {P} at (0,259) size 784x95
        RenderText {#text} at (0,0) size 28x19
          text run at (0,0) width 28: "The "
        RenderInline {STRONG} at (0,0) size 60x19
          RenderText {#text} at (28,0) size 60x19
            text run at (28,0) width 60: "first line"
        RenderText {#text} at (88,0) size 404x19
          text run at (88,0) width 225: " of this paragraph, and only that "
          text run at (313,0) width 179: "one, should be displayed in "
        RenderInline {STRONG} at (0,0) size 75x19
          RenderText {#text} at (492,0) size 75x19
            text run at (492,0) width 75: "small-caps"
        RenderText {#text} at (567,0) size 113x19
          text run at (567,0) width 60: " style as "
          text run at (627,0) width 53: "well as "
        RenderInline {STRONG} at (0,0) size 37x19
          RenderText {#text} at (680,0) size 37x19
            text run at (680,0) width 37: "green"
        RenderText {#text} at (717,0) size 776x95
          text run at (717,0) width 56: ". Thus, if"
          text run at (0,19) width 122: "the first line is not in "
          text run at (122,19) width 325: "small-caps style, or if the entire paragraph turns out in "
          text run at (447,19) width 297: "small-caps, then the user agent has failed this test."
          text run at (0,38) width 81: "Dummy text. "
          text run at (81,38) width 456: "Dummy text. Dummy text. Dummy text. Dummy text. Dummy text. Dummy "
          text run at (537,38) width 239: "text. Dummy text. Dummy text. Dummy"
          text run at (0,57) width 192: "text. Dummy text. Dummy text. "
          text run at (192,57) width 456: "Dummy text. Dummy text. Dummy text. Dummy text. Dummy text. Dummy "
          text run at (648,57) width 107: "text. Dummy text."
          text run at (0,76) width 324: "Dummy text. Dummy text. Dummy text. Dummy text. "
          text run at (324,76) width 401: "Dummy text. Dummy text. Dummy text. Dummy text. Dummy text."
