layer at (0,0) size 800x600
  RenderView at (0,0) size 800x600
layer at (0,0) size 800x280
  RenderBlock {HTML} at (0,0) size 800x280
    RenderBody {BODY} at (8,16) size 784x248 [color=#0000FF]
      RenderBlock {P} at (0,0) size 784x42
        RenderInline (generated) at (0,0) size 10x21 [color=#008000]
          RenderText {#text} at (0,0) size 10x21
            text run at (0,0) width 10: "T"
        RenderText {#text} at (10,0) size 22x21
          text run at (10,0) width 22: "he "
        RenderInline {STRONG} at (0,0) size 71x21
          RenderText {#text} at (32,0) size 71x21
            text run at (32,0) width 71: "first letter"
        RenderText {#text} at (103,0) size 335x21
          text run at (103,0) width 226: " of this paragraph, and only that "
          text run at (329,0) width 109: "one, should be "
        RenderInline {STRONG} at (0,0) size 44x21
          RenderText {#text} at (438,0) size 44x21
            text run at (438,0) width 44: "green"
        RenderText {#text} at (482,0) size 739x42
          text run at (482,0) width 196: ". If this precise combination "
          text run at (678,0) width 61: "does not"
          text run at (0,21) width 318: "occur, then the user agent has failed this test."
      RenderBlock {P} at (0,58) size 784x62
        RenderInline (generated) at (0,0) size 20x41 [color=#008000]
          RenderText {#text} at (0,0) size 20x41
            text run at (0,0) width 20: "T"
        RenderText {#text} at (20,15) size 22x21
          text run at (20,15) width 22: "he "
        RenderInline {STRONG} at (0,0) size 71x21
          RenderText {#text} at (42,15) size 71x21
            text run at (42,15) width 71: "first letter"
        RenderText {#text} at (113,15) size 365x21
          text run at (113,15) width 226: " of this paragraph, and only that "
          text run at (339,15) width 139: "one, should be in a "
        RenderInline {STRONG} at (0,0) size 44x21
          RenderText {#text} at (478,15) size 44x21
            text run at (478,15) width 44: "larger"
        RenderText {#text} at (522,15) size 146x21
          text run at (522,15) width 146: " font size, as well as "
        RenderInline {STRONG} at (0,0) size 44x21
          RenderText {#text} at (668,15) size 44x21
            text run at (668,15) width 44: "green"
        RenderText {#text} at (712,15) size 757x47
          text run at (712,15) width 45: ". If this"
          text run at (0,41) width 259: "precise combination does not occur, "
          text run at (259,41) width 271: "then the user agent has failed this test."
      RenderBlock {P} at (0,136) size 784x112
        RenderInline (generated) at (0,0) size 54x70 [color=#008000]
          RenderText {#text} at (0,0) size 54x70
            text run at (0,0) width 54: "\"T"
        RenderText {#text} at (54,38) size 22x21
          text run at (54,38) width 22: "he "
        RenderInline {STRONG} at (0,0) size 145x21
          RenderText {#text} at (76,38) size 145x21
            text run at (76,38) width 145: "first two characters"
        RenderText {#text} at (221,38) size 506x21
          text run at (221,38) width 145: " in this paragraph (a "
          text run at (366,38) width 361: "double-quote mark and a capital 'T') should be in a "
        RenderInline {STRONG} at (0,0) size 770x53
          RenderText {#text} at (727,38) size 770x53
            text run at (727,38) width 43: "much"
            text run at (0,70) width 44: "larger"
        RenderText {#text} at (44,70) size 313x21
          text run at (44,70) width 313: " font size than the rest of the paragraph, and "
        RenderInline {STRONG} at (0,0) size 44x21
          RenderText {#text} at (357,70) size 44x21
            text run at (357,70) width 44: "green"
        RenderText {#text} at (401,70) size 766x42
          text run at (401,70) width 308: ". If this precise combination does not occur, "
          text run at (709,70) width 57: "then the"
          text run at (0,91) width 210: "user agent has failed this test."
