layer at (0,0) size 800x600
  RenderView at (0,0) size 800x600
layer at (0,0) size 800x168
  RenderBlock {HTML} at (0,0) size 800x168
    RenderBody {BODY} at (8,16) size 784x136 [color=#000080]
      RenderBlock {P} at (0,0) size 784x22
        RenderText {#text} at (0,0) size 244x22
          text run at (0,0) width 244: "This should be blue and underlined."
      RenderBlock {P} at (0,38) size 784x22
        RenderText {#text} at (0,0) size 313x22
          text run at (0,0) width 313: "This sentence should be underlined, including "
        RenderInline {CODE} at (0,0) size 47x17
          RenderText {#text} at (313,3) size 47x17
            text run at (313,3) width 47: "this part"
        RenderText {#text} at (360,0) size 8x22
          text run at (360,0) width 8: ", "
        RenderInline {CITE} at (0,0) size 53x22
          RenderText {#text} at (368,0) size 53x22
            text run at (368,0) width 53: "this part"
        RenderText {#text} at (421,0) size 8x22
          text run at (421,0) width 8: ", "
        RenderInline {EM} at (0,0) size 53x22
          RenderText {#text} at (429,0) size 53x22
            text run at (429,0) width 53: "this part"
        RenderText {#text} at (482,0) size 38x22
          text run at (482,0) width 8: ", "
          text run at (490,0) width 30: "and "
        RenderInline {STRONG} at (0,0) size 57x22
          RenderText {#text} at (520,0) size 57x22
            text run at (520,0) width 57: "this part"
        RenderText {#text} at (577,0) size 4x22
          text run at (577,0) width 4: "."
      RenderBlock {P} at (0,76) size 784x22
        RenderText {#text} at (0,0) size 380x22
          text run at (0,0) width 287: "This sentence should also be underlined, as "
          text run at (287,0) width 93: "well as italics, "
        RenderInline {STRONG} at (0,0) size 119x22
          RenderText {#text} at (380,0) size 119x22
            text run at (380,0) width 119: "including this part"
        RenderText {#text} at (499,0) size 4x22
          text run at (499,0) width 4: "."
      RenderBlock {P} at (0,114) size 784x22
        RenderText {#text} at (0,0) size 360x22
          text run at (0,0) width 360: "This sentence should be blue but not underlined, like "
        RenderInline {STRONG} at (0,0) size 57x22
          RenderText {#text} at (360,0) size 57x22
            text run at (360,0) width 57: "this part"
        RenderText {#text} at (417,0) size 35x22
          text run at (417,0) width 35: ", but "
        RenderInline {EM} at (0,0) size 195x22
          RenderText {#text} at (452,0) size 195x22
            text run at (452,0) width 195: "this part should be underlined"
        RenderText {#text} at (647,0) size 4x22
          text run at (647,0) width 4: "."
