layer at (0,0) size 800x600
  RenderView at (0,0) size 800x600
layer at (0,0) size 800x90
  RenderBlock {HTML} at (0,0) size 800x90
    RenderBody {BODY} at (8,16) size 784x58
      RenderBlock {P} at (0,0) size 784x21
        RenderText {#text} at (0,0) size 271x21
          text run at (0,0) width 271: "This sentence should have no border. "
        RenderInline {SPAN} at (0,0) size 313x31 [border: (5px solid #00FF00)]
          RenderText {#text} at (276,0) size 303x21
            text run at (276,0) width 303: "This sentence should have a green border."
        RenderText {#text} at (0,0) size 0x0
      RenderBlock {P} at (0,37) size 784x21
        RenderInline {SPAN} at (0,0) size 423x37 [bgcolor=#FF0000]
          RenderInline {SPAN} at (0,0) size 423x37 [bgcolor=#00FF00]
            RenderText {#text} at (0,0) size 423x21
              text run at (0,0) width 423: "This sentence should be in a green bar, with no red present."
        RenderText {#text} at (0,0) size 0x0
