layer at (0,0) size 800x600
  RenderView at (0,0) size 800x600
layer at (0,0) size 800x247
  RenderBlock {HTML} at (0,0) size 800x247
    RenderBody {BODY} at (8,8) size 784x231
      RenderBlock {UL} at (0,0) size 784x168 [color=#FF0000]
        RenderListItem {LI} at (0,0) size 784x21
          RenderInline {SPAN} at (0,0) size 154x21 [color=#008000]
            RenderText {#text} at (0,0) size 154x21
              text run at (0,0) width 154: "This should be green."
          RenderText {#text} at (0,0) size 0x0
        RenderListItem {LI} at (0,21) size 784x84
          RenderBlock (anonymous) at (0,0) size 784x21
            RenderInline {SPAN} at (0,0) size 154x21 [color=#008000]
              RenderText {#text} at (0,0) size 154x21
                text run at (0,0) width 154: "This should be green."
            RenderText {#text} at (0,0) size 0x0
          RenderBlock {UL} at (0,21) size 784x63
            RenderListItem {LI} at (0,0) size 784x21
              RenderInline {SPAN} at (0,0) size 154x21 [color=#008000]
                RenderText {#text} at (0,0) size 154x21
                  text run at (0,0) width 154: "This should be green."
              RenderText {#text} at (0,0) size 0x0
            RenderListItem {LI} at (0,21) size 784x21
              RenderInline {SPAN} at (0,0) size 154x21 [color=#008000]
                RenderText {#text} at (0,0) size 154x21
                  text run at (0,0) width 154: "This should be green."
              RenderText {#text} at (0,0) size 0x0
            RenderListItem {LI} at (0,42) size 784x21
              RenderInline {SPAN} at (0,0) size 154x21 [color=#008000]
                RenderText {#text} at (0,0) size 154x21
                  text run at (0,0) width 154: "This should be green."
              RenderText {#text} at (0,0) size 0x0
        RenderListItem {LI} at (0,105) size 784x21
          RenderInline {SPAN} at (0,0) size 154x21 [color=#008000]
            RenderText {#text} at (0,0) size 154x21
              text run at (0,0) width 154: "This should be green."
          RenderText {#text} at (0,0) size 0x0
        RenderListItem {LI} at (0,126) size 784x21
          RenderInline {SPAN} at (0,0) size 154x21 [color=#008000]
            RenderText {#text} at (0,0) size 154x21
              text run at (0,0) width 154: "This should be green."
          RenderText {#text} at (0,0) size 0x0
        RenderListItem {LI} at (0,147) size 784x21
          RenderInline {SPAN} at (0,0) size 154x21 [color=#008000]
            RenderText {#text} at (0,0) size 154x21
              text run at (0,0) width 154: "This should be green."
          RenderText {#text} at (0,0) size 0x0
      RenderBlock {P} at (0,168) size 784x21 [color=#008000]
        RenderText {#text} at (0,0) size 154x21
          text run at (0,0) width 154: "This should be green."
      RenderBlock {P} at (0,189) size 784x21 [color=#008000]
        RenderText {#text} at (0,0) size 154x21
          text run at (0,0) width 154: "This should be green."
      RenderBlock {P} at (0,210) size 784x21 [color=#008000]
        RenderText {#text} at (0,0) size 154x21
          text run at (0,0) width 154: "This should be green."
