layer at (0,0) size 800x600
  RenderView at (0,0) size 800x600
layer at (0,0) size 800x182
  RenderBlock {HTML} at (0,0) size 800x182
    RenderBody {BODY} at (8,16) size 784x150
      RenderBlock {P} at (0,0) size 784x21
        RenderText {#text} at (0,0) size 492x21
          text run at (0,0) width 492: "The three boxes below should have progressively thinner left borders."
      RenderBlock {P} at (0,37) size 784x27 [border: (3px solid #000000) (5px solid #000000)]
        RenderText {#text} at (5,3) size 11x21
          text run at (5,3) width 11: "A"
      RenderBlock {P} at (0,80) size 784x27 [border: (3px solid #000000)]
        RenderText {#text} at (3,3) size 11x21
          text run at (3,3) width 11: "B"
      RenderBlock {P} at (0,123) size 784x27 [border: (3px solid #000000) (1px solid #000000)]
        RenderText {#text} at (1,3) size 12x21
          text run at (1,3) width 12: "C"
