layer at (0,0) size 800x600
  RenderView at (0,0) size 800x600
layer at (0,0) size 800x90
  RenderBlock {HTML} at (0,0) size 800x90
    RenderBody {BODY} at (8,16) size 784x58
      RenderBlock {P} at (0,0) size 784x21
        RenderInline {SPAN} at (0,0) size 307x25 [border: (3px solid #000000) (1px solid #000000) (3px solid #000000)]
          RenderText {#text} at (3,0) size 301x21
            text run at (3,0) width 301: "This box should have a thin bottom border."
        RenderText {#text} at (0,0) size 0x0
      RenderBlock {P} at (0,37) size 784x21
        RenderText {#text} at (0,0) size 254x21
          text run at (0,0) width 254: "There should be no red on this line. "
        RenderInline {SPAN} at (0,0) size 12x21 [color=#FF0000]
          RenderText {#text} at (254,0) size 12x21
            text run at (254,0) width 12: "   "
        RenderText {#text} at (0,0) size 0x0
