layer at (0,0) size 800x600
  RenderView at (0,0) size 800x600
layer at (0,0) size 800x426
  RenderBlock {HTML} at (0,0) size 800x426
    RenderBody {BODY} at (8,16) size 784x394 [color=#0000FF]
      RenderBlock {P} at (0,0) size 784x42
        RenderText {#text} at (0,0) size 762x42
          text run at (0,0) width 402: "There should be a solid line to the right of the text below, "
          text run at (402,0) width 360: "having three segments each of a different colour as"
          text run at (0,21) width 69: "indicated."
      RenderBlock {UL} at (0,58) size 588x336
        RenderListItem {LI} at (40,0) size 548x84 [border: (3px solid #FFA500) none]
          RenderBlock (anonymous) at (0,0) size 545x21
            RenderListMarker at (-18,0) size 7x21: bullet
            RenderText {#text} at (0,0) size 119x21
              text run at (0,0) width 119: "Orange orange..."
          RenderBlock {UL} at (0,21) size 409x63
            RenderListItem {LI} at (40,0) size 369x21
              RenderListMarker at (-18,0) size 7x21: white bullet
              RenderText {#text} at (0,0) size 128x21
                text run at (0,0) width 128: "...orange orange..."
            RenderListItem {LI} at (40,21) size 369x21
              RenderListMarker at (-18,0) size 7x21: white bullet
              RenderText {#text} at (0,0) size 128x21
                text run at (0,0) width 128: "...orange orange..."
            RenderListItem {LI} at (40,42) size 369x21
              RenderListMarker at (-18,0) size 7x21: white bullet
              RenderText {#text} at (0,0) size 120x21
                text run at (0,0) width 120: "...orange orange."
        RenderListItem {LI} at (40,84) size 548x21 [border: (3px solid #00FF00) none]
          RenderListMarker at (-18,0) size 7x21: bullet
          RenderText {#text} at (0,0) size 39x21
            text run at (0,0) width 39: "Lime."
        RenderListItem {LI} at (40,105) size 548x231 [border: (3px solid #FFFF00) none]
          RenderListMarker at (-18,0) size 7x21: bullet
          RenderText {#text} at (0,0) size 499x231
            text run at (0,0) width 353: "Yellow yellow yellow yellow yellow yellow yellow "
            text run at (353,0) width 146: "yellow yellow yellow"
            text run at (0,21) width 300: "yellow yellow yellow yellow yellow yellow "
            text run at (300,21) width 196: "yellow yellow yellow yellow"
            text run at (0,42) width 250: "yellow yellow yellow yellow yellow "
            text run at (250,42) width 246: "yellow yellow yellow yellow yellow"
            text run at (0,63) width 200: "yellow yellow yellow yellow "
            text run at (200,63) width 296: "yellow yellow yellow yellow yellow yellow"
            text run at (0,84) width 150: "yellow yellow yellow "
            text run at (150,84) width 346: "yellow yellow yellow yellow yellow yellow yellow"
            text run at (0,105) width 100: "yellow yellow "
            text run at (100,105) width 396: "yellow yellow yellow yellow yellow yellow yellow yellow"
            text run at (0,126) width 50: "yellow "
            text run at (50,126) width 446: "yellow yellow yellow yellow yellow yellow yellow yellow yellow"
            text run at (0,147) width 450: "yellow yellow yellow yellow yellow yellow yellow yellow yellow "
            text run at (450,147) width 46: "yellow"
            text run at (0,168) width 400: "yellow yellow yellow yellow yellow yellow yellow yellow "
            text run at (400,168) width 96: "yellow yellow"
            text run at (0,189) width 350: "yellow yellow yellow yellow yellow yellow yellow "
            text run at (350,189) width 146: "yellow yellow yellow"
            text run at (0,210) width 250: "yellow yellow yellow yellow yellow."
