layer at (0,0) size 800x600
  RenderView at (0,0) size 800x600
layer at (0,0) size 800x384
  RenderBlock {HTML} at (0,0) size 800x384
    RenderBody {BODY} at (8,8) size 784x368
      RenderBlock {DIV} at (0,0) size 784x21
        RenderText {#text} at (0,0) size 386x21
          text run at (0,0) width 386: "The blue bits of text should be decorated as described."
      RenderBlock {P} at (0,37) size 784x294 [color=#C0C0C0]
        RenderText {#text} at (0,0) size 761x63
          text run at (0,0) width 510: "dummy text dummy text dummy text dummy text dummy text dummy text "
          text run at (510,0) width 251: "dummy text dummy text dummy text"
          text run at (0,21) width 255: "dummy text dummy text dummy text "
          text run at (255,21) width 506: "dummy text dummy text dummy text dummy text dummy text dummy text"
          text run at (0,42) width 510: "dummy text dummy text dummy text dummy text dummy text dummy text "
        RenderInline {SPAN} at (0,0) size 761x63 [color=#0000FF] [border: (10px double #0000FF) none]
          RenderInline {SPAN} at (0,0) size 761x42 [color=#C0C0C0]
            RenderText {#text} at (510,42) size 761x42
              text run at (510,42) width 251: "dummy text dummy text dummy text"
              text run at (0,63) width 85: "dummy text "
              text run at (85,63) width 510: "dummy text dummy text dummy text dummy text dummy text dummy text "
              text run at (595,63) width 166: "dummy text dummy text"
          RenderText {#text} at (0,84) size 142x21
            text run at (0,84) width 142: "two blue lines here: "
        RenderText {#text} at (152,84) size 761x105
          text run at (152,84) width 56: "dummy "
          text run at (208,84) width 510: "text dummy text dummy text dummy text dummy text dummy text dummy "
          text run at (718,84) width 25: "text"
          text run at (0,105) width 481: "dummy text dummy text dummy text dummy text dummy text dummy "
          text run at (481,105) width 280: "text dummy text dummy text dummy text"
          text run at (0,126) width 226: "dummy text dummy text dummy "
          text run at (226,126) width 510: "text dummy text dummy text dummy text dummy text dummy text dummy "
          text run at (736,126) width 25: "text"
          text run at (0,147) width 481: "dummy text dummy text dummy text dummy text dummy text dummy "
          text run at (481,147) width 280: "text dummy text dummy text dummy text"
          text run at (0,168) width 226: "dummy text dummy text dummy "
          text run at (226,168) width 284: "text dummy text dummy text dummy text "
        RenderInline {SPAN} at (0,0) size 167x21 [color=#0000FF] [border: (1px solid #0000FF) none]
          RenderText {#text} at (510,168) size 166x21
            text run at (510,168) width 61: "one thin "
            text run at (571,168) width 105: "blue line here: "
        RenderText {#text} at (677,168) size 761x126
          text run at (677,168) width 81: "dummy text"
          text run at (0,189) width 255: "dummy text dummy text dummy text "
          text run at (255,189) width 506: "dummy text dummy text dummy text dummy text dummy text dummy text"
          text run at (0,210) width 510: "dummy text dummy text dummy text dummy text dummy text dummy text "
          text run at (510,210) width 251: "dummy text dummy text dummy text"
          text run at (0,231) width 255: "dummy text dummy text dummy text "
          text run at (255,231) width 506: "dummy text dummy text dummy text dummy text dummy text dummy text"
          text run at (0,252) width 510: "dummy text dummy text dummy text dummy text dummy text dummy text "
          text run at (510,252) width 251: "dummy text dummy text dummy text"
          text run at (0,273) width 166: "dummy text dummy text"
      RenderBlock {DIV} at (0,347) size 784x21
        RenderText {#text} at (0,0) size 462x21
          text run at (0,0) width 462: "(All the lines of text in the block above should be equally spaced.)"
