layer at (0,0) size 800x600
  RenderView at (0,0) size 800x600
layer at (0,0) size 800x182
  RenderBlock {HTML} at (0,0) size 800x182
    RenderBody {BODY} at (8,16) size 784x150
      RenderBlock {P} at (0,0) size 784x21
        RenderText {#text} at (0,0) size 467x21
          text run at (0,0) width 467: "The three boxes below should have progressively thinner borders."
      RenderBlock {P} at (0,37) size 784x31 [border: (5px solid #000000)]
        RenderText {#text} at (5,5) size 11x21
          text run at (5,5) width 11: "A"
      RenderBlock {P} at (0,84) size 784x27 [border: (3px solid #000000)]
        RenderText {#text} at (3,3) size 11x21
          text run at (3,3) width 11: "B"
      RenderBlock {P} at (0,127) size 784x23 [border: (1px solid #000000)]
        RenderText {#text} at (1,1) size 12x21
          text run at (1,1) width 12: "C"
