layer at (0,0) size 800x600
  RenderView at (0,0) size 800x600
layer at (0,0) size 800x255
  RenderBlock {HTML} at (0,0) size 800x255
    RenderBody {BODY} at (8,48) size 784x159
      RenderBlock {P} at (48,0) size 688x21
        RenderInline {SPAN} at (0,0) size 270x27 [border: (3px solid #008000)]
          RenderText {#text} at (3,0) size 264x21
            text run at (3,0) width 264: "This box should have a green border."
        RenderText {#text} at (0,0) size 0x0
      RenderBlock {P} at (48,69) size 688x21
        RenderInline {SPAN} at (0,0) size 270x27 [border: (3px solid #008000)]
          RenderText {#text} at (3,0) size 264x21
            text run at (3,0) width 264: "This box should have a green border."
        RenderText {#text} at (0,0) size 0x0
      RenderBlock {P} at (48,138) size 688x21
        RenderInline {SPAN} at (0,0) size 631x85 [border: (32px solid #800080) (32px solid #008000) (32px solid #0000FF) (32px solid #FFFF00)]
          RenderText {#text} at (32,0) size 567x21
            text run at (32,0) width 567: "Clockwise from top, the borders should be: PURPLE, GREEN, BLUE, YELLOW."
        RenderText {#text} at (0,0) size 0x0
