layer at (0,0) size 800x600
  RenderView at (0,0) size 800x600
layer at (0,0) size 800x112
  RenderBlock {HTML} at (0,0) size 800x112
    RenderBody {BODY} at (8,16) size 784x88
      RenderBlock {P} at (0,0) size 784x21 [color=#000080]
        RenderText {#text} at (0,0) size 302x21
          text run at (0,0) width 302: "The following two bars should be identical:"
      RenderBlock {DIV} at (30,37) size 75x15
        RenderBlock {P} at (0,0) size 75x15 [color=#00FF00] [bgcolor=#FFFF00]
          RenderInline {SPAN} at (0,0) size 30x15 [color=#FFA500] [bgcolor=#FF0000]
            RenderText {#text} at (0,0) size 30x15
              text run at (0,0) width 30: "xx"
          RenderText {#text} at (-30,0) size 45x15
            text run at (-30,0) width 45: " xx"
      RenderBlock {DIV} at (0,67) size 784x21
        RenderImage {IMG} at (0,1) size 15x15
        RenderImage {IMG} at (15,1) size 15x15
        RenderImage {IMG} at (30,1) size 15x15
        RenderImage {IMG} at (45,1) size 15x15
        RenderImage {IMG} at (60,1) size 15x15
        RenderImage {IMG} at (75,1) size 15x15
        RenderImage {IMG} at (90,1) size 15x15
        RenderText {#text} at (0,0) size 0x0
