layer at (0,0) size 800x600
  RenderView at (0,0) size 800x600
layer at (0,0) size 800x127
  RenderBlock {HTML} at (0,0) size 800x127
    RenderBody {BODY} at (8,16) size 784x95
      RenderBlock {P} at (0,0) size 784x21
        RenderText {#text} at (0,0) size 268x21
          text run at (0,0) width 268: "The next two bars should be identical:"
      RenderBlock {DIV} at (16,37) size 192x21 [color=#FFFF00] [bgcolor=#000080]
        RenderText {#text} at (32,0) size 42x21
          text run at (32,0) width 42: "TEST"
      RenderBlock {DIV} at (16,74) size 192x21 [color=#FFFF00] [bgcolor=#000080]
        RenderImage {IMG} at (0,15) size 32x1
        RenderText {#text} at (32,0) size 42x21
          text run at (32,0) width 42: "TEST"
