layer at (0,0) size 800x600
  RenderView at (0,0) size 800x600
layer at (0,0) size 800x95
  RenderBlock {HTML} at (0,0) size 800x95
    RenderBody {BODY} at (8,16) size 784x63
      RenderBlock {P} at (0,0) size 176x63 [bgcolor=#FFFFFF] [border: (16px solid #008000)]
        RenderText {#text} at (16,0) size 151x63
          text run at (16,0) width 129: "There should be a"
          text run at (16,21) width 151: "green block to the left"
          text run at (16,42) width 75: "of this text."
