layer at (0,0) size 800x600
  RenderView at (0,0) size 800x600
layer at (0,0) size 800x40
  RenderBlock {HTML} at (0,0) size 800x40
    RenderBody {BODY} at (8,8) size 784x24
      RenderBlock {DIV} at (0,0) size 784x24 [color=#000080]
        RenderBlock {DIV} at (0,0) size 784x24 [border: none (3px solid #000080)]
          RenderText {#text} at (3,0) size 297x21
            text run at (3,0) width 297: "This box should be open ended at the top."
