layer at (0,0) size 800x600
  RenderView at (0,0) size 800x600
layer at (0,0) size 800x129
  RenderBlock {HTML} at (0,0) size 800x129
    RenderBody {BODY} at (8,16) size 784x98
      RenderBlock {P} at (0,0) size 784x22
        RenderText {#text} at (0,0) size 263x22
          text run at (0,0) width 263: "There should be a green square below:"
      RenderBlock {DIV} at (15,38) size 754x60
        RenderBlock {DIV} at (0,0) size 75x60 [bgcolor=#FF0000]
          RenderBlock {P} at (0,0) size 75x60 [color=#FFFFFF] [bgcolor=#FFFFFF]
            RenderText {#text} at (0,0) size 75x15
              text run at (0,0) width 75: "xx xx"
            RenderInline {SPAN} at (0,0) size 90x30 [color=#008000]
              RenderText {#text} at (0,15) size 30x30
                text run at (0,15) width 30: "xx"
                text run at (0,30) width 30: "xx"
            RenderText {#text} at (0,45) size 75x15
              text run at (0,45) width 75: "xx xx"
