layer at (0,0) size 800x600
  RenderView at (0,0) size 800x600
layer at (0,0) size 800x88
  RenderBlock {HTML} at (0,0) size 800x88
    RenderBody {BODY} at (8,8) size 784x72 [color=#0000FF]
      RenderTable {TABLE} at (0,0) size 755x72
        RenderTableSection {TBODY} at (0,0) size 755x72
          RenderTableRow {TR} at (0,2) size 755x28
            RenderTableCell {TD} at (2,2) size 751x28 [border: (2px solid #0000FF)] [r=0 c=0 rs=1 cs=2]
              RenderText {#text} at (3,3) size 353x22
                text run at (3,3) width 353: "There should be a blue border around this sentence."
          RenderTableRow {TR} at (0,32) size 755x38
            RenderTableCell {TD} at (2,37) size 359x28 [border: (2px solid #0000FF)] [r=1 c=0 rs=1 cs=1]
              RenderText {#text} at (3,3) size 353x22
                text run at (3,3) width 353: "There should be a blue border around this sentence."
            RenderTableCell {TD} at (363,32) size 390x38 [border: (2px solid #0000FF)] [r=1 c=1 rs=1 cs=1]
              RenderTable {TABLE} at (3,3) size 384x32
                RenderTableSection {TBODY} at (0,0) size 384x32
                  RenderTableRow {TR} at (0,2) size 384x28
                    RenderTableCell {TD} at (2,2) size 380x28 [border: (2px solid #0000FF)] [r=0 c=0 rs=1 cs=1]
                      RenderText {#text} at (3,3) size 114x22
                        text run at (3,3) width 114: "There should be "
                      RenderInline {STRONG} at (0,0) size 113x22
                        RenderInline {EM} at (0,0) size 23x22
                          RenderText {#text} at (117,3) size 23x22
                            text run at (117,3) width 23: "two"
                        RenderText {#text} at (140,3) size 90x22
                          text run at (140,3) width 90: " blue borders"
                      RenderText {#text} at (230,3) size 147x22
                        text run at (230,3) width 147: " around this sentence."
