layer at (0,0) size 800x600
  RenderView at (0,0) size 800x600
layer at (0,0) size 800x196
  RenderBlock {HTML} at (0,0) size 800x196
    RenderBody {BODY} at (8,16) size 784x148
      RenderBlock {P} at (0,0) size 784x21 [color=#000080]
        RenderText {#text} at (0,0) size 300x21
          text run at (0,0) width 300: "The two sweets below should be identical:"
      RenderBlock {DIV} at (0,51) size 105x15 [bgcolor=#FF0000]
        RenderBlock {P} at (0,0) size 105x15 [color=#008000] [bgcolor=#00FF00]
          RenderText {#text} at (0,0) size 30x15
            text run at (0,0) width 30: "x "
          RenderInline {SPAN} at (0,0) size 45x45 [color=#FFFF00] [bgcolor=#FFA500]
            RenderText {#text} at (45,0) size 15x15
              text run at (45,0) width 15: "x"
          RenderText {#text} at (75,0) size 30x15
            text run at (75,0) width 30: " x"
      RenderBlock {DIV} at (0,98) size 784x50
        RenderImage {IMG} at (0,0) size 105x45
