layer at (0,0) size 800x600
  RenderView at (0,0) size 800x600
layer at (0,0) size 800x121
  RenderBlock {HTML} at (0,0) size 800x121
    RenderBody {BODY} at (8,16) size 784x89
      RenderBlock {P} at (0,0) size 784x21 [color=#000080]
        RenderText {#text} at (0,0) size 281x21
          text run at (0,0) width 281: "The two bars below should be identical:"
      RenderBlock {DIV} at (15,37) size 105x15 [bgcolor=#FF0000]
        RenderBlock {DIV} at (0,0) size 105x15 [color=#008000] [bgcolor=#00FF00]
          RenderText {#text} at (0,0) size 15x15
            text run at (0,0) width 15: "x"
          RenderInline {SPAN} at (0,0) size 45x15 [color=#FFFF00] [bgcolor=#FFA500]
            RenderText {#text} at (30,0) size 45x15
              text run at (30,0) width 45: " x "
          RenderText {#text} at (90,0) size 15x15
            text run at (90,0) width 15: "x"
      RenderBlock {DIV} at (16,68) size 752x21
        RenderImage {IMG} at (0,1) size 15x15
        RenderImage {IMG} at (15,1) size 15x15
        RenderImage {IMG} at (30,1) size 15x15
        RenderImage {IMG} at (45,1) size 15x15
        RenderImage {IMG} at (60,1) size 15x15
        RenderImage {IMG} at (75,1) size 15x15
        RenderImage {IMG} at (90,1) size 15x15
        RenderText {#text} at (0,0) size 0x0
