layer at (0,0) size 800x600
  RenderView at (0,0) size 800x600
layer at (0,0) size 800x60
  RenderBlock {HTML} at (0,0) size 800x60
    RenderBody {BODY} at (8,8) size 784x18
      RenderBlock {DIV} at (0,0) size 784x18
        RenderBlock (floating) {P} at (0,0) size 392x52
          RenderText {#text} at (0,0) size 365x52
            text run at (0,0) width 342: "There should be a green square to the"
            text run at (0,26) width 365: "right, roughly in the middle, horizontally. \x{21E8}"
        RenderImage {IMG} at (392,0) size 15x15 [color=#FF0000]
        RenderText {#text} at (0,0) size 0x0
