layer at (0,0) size 800x600
  RenderView at (0,0) size 800x600
layer at (0,0) size 800x221
  RenderBlock {HTML} at (0,0) size 800x221
    RenderBody {BODY} at (8,16) size 784x158
      RenderBlock {P} at (0,0) size 784x21 [color=#000080]
        RenderText {#text} at (0,0) size 670x21
          text run at (0,0) width 423: "In the following test, the teal squares must be just inside the "
          text run at (423,0) width 247: "top and sides of the blue rectangle."
      RenderBlock {DIV} at (0,37) size 784x121
        RenderBlock {DIV} at (16,0) size 752x121 [color=#0000FF] [bgcolor=#000080] [border: (8px solid #0000FF) none (8px solid #0000FF)]
          RenderImage {IMG} at (8,8) size 160x160 [color=#FFFF00] [bgcolor=#FF0000]
          RenderImage {IMG} at (584,8) size 160x160 [color=#FFFF00] [bgcolor=#FF0000]
          RenderText {#text} at (168,8) size 403x105
            text run at (168,8) width 366: "Blue rectangle. Blue rectangle. Blue rectangle. Blue"
            text run at (168,29) width 403: "rectangle. Blue rectangle. Blue rectangle. Blue rectangle."
            text run at (168,50) width 111: "Blue rectangle. "
            text run at (279,50) width 255: "Blue rectangle. Blue rectangle. Blue"
            text run at (168,71) width 403: "rectangle. Blue rectangle. Blue rectangle. Blue rectangle."
            text run at (168,92) width 218: "Blue rectangle. Blue rectangle."
