layer at (0,0) size 800x600
  RenderView at (0,0) size 800x600
layer at (0,0) size 800x169
  RenderBlock {HTML} at (0,0) size 800x169
    RenderBody {BODY} at (8,16) size 784x137
      RenderBlock {P} at (0,0) size 784x21 [color=#000080]
        RenderText {#text} at (0,0) size 605x21
          text run at (0,0) width 605: "In the following test, the blue blocks should be on the given sides of the teal rectangle."
      RenderBlock {DIV} at (0,37) size 784x100
        RenderBlock {DIV} at (16,0) size 752x100 [color=#00FFFF] [bgcolor=#008080]
          RenderBlock (floating) {P} at (8,8) size 176x58 [color=#FFFFFF] [bgcolor=#000080] [border: (4px solid #0000FF)]
            RenderText {#text} at (8,8) size 147x42
              text run at (8,8) width 116: "\x{21E6} This blue block"
              text run at (8,29) width 147: "should be on the left."
          RenderBlock (floating) {P} at (568,8) size 176x58 [color=#FFFFFF] [bgcolor=#000080] [border: (4px solid #0000FF)]
            RenderText {#text} at (8,8) size 157x42
              text run at (8,8) width 116: "\x{21E8} This blue block"
              text run at (8,29) width 157: "should be on the right."
          RenderText {#text} at (184,8) size 538x84
            text run at (184,8) width 362: "Teal rectangle. Teal rectangle. Teal rectangle. Teal"
            text run at (184,29) width 294: "rectangle. Teal rectangle. Teal rectangle. "
            text run at (478,29) width 32: "Teal"
            text run at (184,50) width 326: "rectangle. Teal rectangle. Teal rectangle. Teal"
            text run at (8,71) width 290: "rectangle. Teal rectangle. Teal rectangle."
