layer at (0,0) size 800x600
  RenderView at (0,0) size 800x600
layer at (0,0) size 800x57
  RenderBlock {HTML} at (0,0) size 800x57
    RenderBody {BODY} at (8,8) size 784x41
      RenderBlock {DIV} at (0,0) size 784x41
        RenderBlock (floating) {P} at (0,0) size 784x26
          RenderText {#text} at (0,0) size 418x26
            text run at (0,0) width 418: "There should be a green block on the next line:"
        RenderImage {IMG} at (0,26) size 15x15 [color=#FF0000]
        RenderText {#text} at (0,0) size 0x0
