layer at (0,0) size 800x600
  RenderView at (0,0) size 800x600
layer at (0,0) size 800x279
  RenderBlock {HTML} at (0,0) size 800x279
    RenderBody {BODY} at (8,16) size 784x247
      RenderBlock {P} at (0,0) size 784x247 [color=#000080]
        RenderImage {IMG} at (734,0) size 50x50
        RenderText {#text} at (0,0) size 302x19
          text run at (0,0) width 302: "This text should flow around the box on the right. \x{21E8} "
        RenderInline {SPAN} at (0,0) size 784x247 [color=#C0C0C0]
          RenderText {#text} at (302,0) size 784x247
            text run at (302,0) width 414: "dummy text dummy text dummy text dummy text dummy text dummy"
            text run at (0,19) width 444: "text dummy text dummy text dummy text dummy text dummy text dummy "
            text run at (444,19) width 244: "text dummy text dummy text dummy text"
            text run at (0,38) width 196: "dummy text dummy text dummy "
            text run at (196,38) width 444: "text dummy text dummy text dummy text dummy text dummy text dummy "
            text run at (640,38) width 70: "text dummy"
            text run at (0,57) width 370: "text dummy text dummy text dummy text dummy text dummy "
            text run at (370,57) width 392: "text dummy text dummy text dummy text dummy text dummy text"
            text run at (0,76) width 48: "dummy "
            text run at (48,76) width 444: "text dummy text dummy text dummy text dummy text dummy text dummy "
            text run at (492,76) width 292: "text dummy text dummy text dummy text dummy"
            text run at (0,95) width 148: "text dummy text dummy "
            text run at (148,95) width 444: "text dummy text dummy text dummy text dummy text dummy text dummy "
            text run at (592,95) width 170: "text dummy text dummy text"
            text run at (0,114) width 270: "dummy text dummy text dummy text dummy "
            text run at (270,114) width 444: "text dummy text dummy text dummy text dummy text dummy text dummy "
            text run at (714,114) width 70: "text dummy"
            text run at (0,133) width 370: "text dummy text dummy text dummy text dummy text dummy "
            text run at (370,133) width 392: "text dummy text dummy text dummy text dummy text dummy text"
            text run at (0,152) width 48: "dummy "
            text run at (48,152) width 444: "text dummy text dummy text dummy text dummy text dummy text dummy "
            text run at (492,152) width 292: "text dummy text dummy text dummy text dummy"
            text run at (0,171) width 148: "text dummy text dummy "
            text run at (148,171) width 444: "text dummy text dummy text dummy text dummy text dummy text dummy "
            text run at (592,171) width 170: "text dummy text dummy text"
            text run at (0,190) width 270: "dummy text dummy text dummy text dummy "
            text run at (270,190) width 444: "text dummy text dummy text dummy text dummy text dummy text dummy "
            text run at (714,190) width 70: "text dummy"
            text run at (0,209) width 370: "text dummy text dummy text dummy text dummy text dummy "
            text run at (370,209) width 392: "text dummy text dummy text dummy text dummy text dummy text"
            text run at (0,228) width 48: "dummy "
            text run at (48,228) width 392: "text dummy text dummy text dummy text dummy text dummy text"
        RenderText {#text} at (0,0) size 0x0
