layer at (0,0) size 800x600
  RenderView at (0,0) size 800x600
layer at (0,0) size 800x302
  RenderBlock {HTML} at (0,0) size 800x302
    RenderBody {BODY} at (8,8) size 784x0
      RenderBlock (floating) {DIV} at (0,0) size 588x294 [color=#FFFFFF] [bgcolor=#000080]
        RenderBlock (floating) {DIV} at (277,0) size 294x84 [color=#00FFFF] [bgcolor=#008080]
          RenderBlock {P} at (0,0) size 294x84
            RenderText {#text} at (0,0) size 294x84
              text run at (0,0) width 294: "To the right of this teal box there should"
              text run at (0,21) width 154: "be a purple square, "
              text run at (154,21) width 140: "tightly squeezed in"
              text run at (0,42) width 294: "between the edge of the teal box and the"
              text run at (0,63) width 224: "outside edge of the blue block. \x{21E8}"
        RenderBlock {P} at (0,0) size 588x294
          RenderText {#text} at (0,0) size 277x42
            text run at (0,0) width 277: "Inside this blue block on the right there"
            text run at (0,21) width 165: "should be a teal box. \x{21E8} "
          RenderInline {SPAN} at (0,0) size 588x273 [color=#000080]
            RenderText {#text} at (165,21) size 588x273
              text run at (165,21) width 112: "FAIL FAIL FAIL"
              text run at (0,42) width 277: "FAIL FAIL FAIL FAIL FAIL FAIL FAIL"
              text run at (0,63) width 81: "FAIL FAIL "
              text run at (81,63) width 196: "FAIL FAIL FAIL FAIL FAIL"
              text run at (0,84) width 277: "FAIL FAIL FAIL FAIL FAIL FAIL FAIL "
              text run at (277,84) width 311: "FAIL FAIL FAIL FAIL FAIL FAIL FAIL FAIL"
              text run at (0,105) width 158: "FAIL FAIL FAIL FAIL "
              text run at (158,105) width 430: "FAIL FAIL FAIL FAIL FAIL FAIL FAIL FAIL FAIL FAIL FAIL"
              text run at (0,126) width 39: "FAIL "
              text run at (39,126) width 475: "FAIL FAIL FAIL FAIL FAIL FAIL FAIL FAIL FAIL FAIL FAIL FAIL "
              text run at (514,126) width 74: "FAIL FAIL"
              text run at (0,147) width 395: "FAIL FAIL FAIL FAIL FAIL FAIL FAIL FAIL FAIL FAIL "
              text run at (395,147) width 193: "FAIL FAIL FAIL FAIL FAIL"
              text run at (0,168) width 277: "FAIL FAIL FAIL FAIL FAIL FAIL FAIL "
              text run at (277,168) width 311: "FAIL FAIL FAIL FAIL FAIL FAIL FAIL FAIL"
              text run at (0,189) width 158: "FAIL FAIL FAIL FAIL "
              text run at (158,189) width 430: "FAIL FAIL FAIL FAIL FAIL FAIL FAIL FAIL FAIL FAIL FAIL"
              text run at (0,210) width 39: "FAIL "
              text run at (39,210) width 475: "FAIL FAIL FAIL FAIL FAIL FAIL FAIL FAIL FAIL FAIL FAIL FAIL "
              text run at (514,210) width 74: "FAIL FAIL"
              text run at (0,231) width 395: "FAIL FAIL FAIL FAIL FAIL FAIL FAIL FAIL FAIL FAIL "
              text run at (395,231) width 193: "FAIL FAIL FAIL FAIL FAIL"
              text run at (0,252) width 277: "FAIL FAIL FAIL FAIL FAIL FAIL FAIL "
              text run at (277,252) width 311: "FAIL FAIL FAIL FAIL FAIL FAIL FAIL FAIL"
              text run at (0,273) width 148: "FAIL FAIL FAIL FAIL"
          RenderText {#text} at (0,0) size 0x0
