layer at (0,0) size 800x600
  RenderView at (0,0) size 800x600
layer at (0,0) size 800x167
  RenderBlock {HTML} at (0,0) size 800x167
    RenderBody {BODY} at (8,16) size 784x135
      RenderBlock {P} at (0,0) size 784x21 [color=#000080]
        RenderText {#text} at (0,0) size 420x21
          text run at (0,0) width 420: "The word \"fail\" should not appear below, just a green block."
      RenderBlock {DIV} at (16,37) size 240x98 [color=#FFFFFF] [bgcolor=#FFFFFF]
        RenderImage {IMG} at (0,0) size 1x1
        RenderImage {IMG} at (0,1) size 240x112
        RenderInline {SPAN} at (0,0) size 165x98
          RenderText {#text} at (1,0) size 165x98
            text run at (1,0) width 165: "FAIL"
        RenderText {#text} at (0,0) size 0x0
