layer at (0,0) size 784x921
  RenderView at (0,0) size 784x600
layer at (0,0) size 784x921
  RenderBlock {HTML} at (0,0) size 784x921
    RenderBody {BODY} at (8,32) size 768x857
      RenderBlock {P} at (32,0) size 704x123 [color=#000080]
        RenderText {#text} at (0,0) size 671x123
          text run at (0,0) width 658: "\x{21E9} The following blue box should be exactly half"
          text run at (0,41) width 138: "the width "
          text run at (138,41) width 533: "of the viewport, on the left of the 50%"
          text run at (0,82) width 155: "ruler mark."
      RenderBlock (floating) {DIV} at (0,155) size 384x399 [color=#FFFFFF] [bgcolor=#0000FF]
        RenderText {#text} at (0,0) size 384x399
          text run at (0,0) width 384: "ignore this float text ignore this float text ignore this"
          text run at (0,21) width 42: "float "
          text run at (42,21) width 342: "text ignore this float text ignore this float text"
          text run at (0,42) width 79: "ignore this "
          text run at (79,42) width 305: "float text ignore this float text ignore this"
          text run at (0,63) width 126: "float text ignore "
          text run at (126,63) width 258: "this float text ignore this float text"
          text run at (0,84) width 154: "ignore this float text "
          text run at (154,84) width 230: "ignore this float text ignore this"
          text run at (0,105) width 199: "float text ignore this float "
          text run at (199,105) width 185: "text ignore this float text"
          text run at (0,126) width 234: "ignore this float text ignore this "
          text run at (234,126) width 150: "float text ignore this"
          text run at (0,147) width 283: "float text ignore this float text ignore "
          text run at (283,147) width 101: "this float text"
          text run at (0,168) width 309: "ignore this float text ignore this float text "
          text run at (309,168) width 75: "ignore this"
          text run at (0,189) width 356: "float text ignore this float text ignore this float "
          text run at (356,189) width 28: "text"
          text run at (0,210) width 384: "ignore this float text ignore this float text ignore this"
          text run at (0,231) width 384: "float text ignore this float text ignore this float text"
          text run at (0,252) width 49: "ignore "
          text run at (49,252) width 335: "this float text ignore this float text ignore this"
          text run at (0,273) width 76: "float text "
          text run at (76,273) width 308: "ignore this float text ignore this float text"
          text run at (0,294) width 121: "ignore this float "
          text run at (121,294) width 263: "text ignore this float text ignore this"
          text run at (0,315) width 157: "float text ignore this "
          text run at (157,315) width 227: "float text ignore this float text"
          text run at (0,336) width 204: "ignore this float text ignore "
          text run at (204,336) width 180: "this float text ignore this"
          text run at (0,357) width 233: "float text ignore this float text "
          text run at (233,357) width 151: "ignore this float text"
          text run at (0,378) width 262: "ignore this float text ignore this float"
      RenderBlock {DIV} at (0,155) size 768x588 [color=#C0C0C0]
        RenderText {#text} at (384,0) size 768x588
          text run at (384,0) width 384: "this is some dummy text this is some dummy text this"
          text run at (384,21) width 122: "is some dummy "
          text run at (506,21) width 262: "text this is some dummy text this is"
          text run at (384,42) width 244: "some dummy text this is some "
          text run at (628,42) width 140: "dummy text this is"
          text run at (384,63) width 384: "some dummy text this is some dummy text this is"
          text run at (384,84) width 384: "some dummy text this is some dummy text this is"
          text run at (384,105) width 142: "some dummy text "
          text run at (526,105) width 242: "this is some dummy text this is"
          text run at (384,126) width 304: "some dummy text this is some dummy "
          text run at (688,126) width 80: "text this is"
          text run at (384,147) width 384: "some dummy text this is some dummy text this is"
          text run at (384,168) width 47: "some "
          text run at (431,168) width 337: "dummy text this is some dummy text this is"
          text run at (384,189) width 196: "some dummy text this is "
          text run at (580,189) width 188: "some dummy text this is"
          text run at (384,210) width 338: "some dummy text this is some dummy text "
          text run at (722,210) width 46: "this is"
          text run at (384,231) width 384: "some dummy text this is some dummy text this is"
          text run at (384,252) width 108: "some dummy "
          text run at (492,252) width 276: "text this is some dummy text this is"
          text run at (384,273) width 244: "some dummy text this is some "
          text run at (628,273) width 140: "dummy text this is"
          text run at (384,294) width 384: "some dummy text this is some dummy text this is"
          text run at (384,315) width 384: "some dummy text this is some dummy text this is"
          text run at (384,336) width 142: "some dummy text "
          text run at (526,336) width 242: "this is some dummy text this is"
          text run at (384,357) width 304: "some dummy text this is some dummy "
          text run at (688,357) width 80: "text this is"
          text run at (384,378) width 384: "some dummy text this is some dummy text this is"
          text run at (0,399) width 44: "some "
          text run at (44,399) width 502: "dummy text this is some dummy text this is some dummy text this is "
          text run at (546,399) width 222: "some dummy text this is some"
          text run at (0,420) width 266: "dummy text this is some dummy text "
          text run at (266,420) width 502: "this is some dummy text this is some dummy text this is some dummy"
          text run at (0,441) width 466: "text this is some dummy text this is some dummy text this is some "
          text run at (466,441) width 302: "dummy text this is some dummy text this is"
          text run at (0,462) width 182: "some dummy text this is "
          text run at (182,462) width 498: "some dummy text this is some dummy text this is some dummy text "
          text run at (680,462) width 88: "this is some"
          text run at (0,483) width 415: "dummy text this is some dummy text this is some dummy "
          text run at (415,483) width 353: "text this is some dummy text this is some dummy"
          text run at (0,504) width 118: "text this is some "
          text run at (118,504) width 479: "dummy text this is some dummy text this is some dummy text this is "
          text run at (597,504) width 171: "some dummy text this is"
          text run at (0,525) width 315: "some dummy text this is some dummy text "
          text run at (315,525) width 453: "this is some dummy text this is some dummy text this is some"
          text run at (0,546) width 57: "dummy "
          text run at (57,546) width 479: "text this is some dummy text this is some dummy text this is some "
          text run at (536,546) width 232: "dummy text this is some dummy"
          text run at (0,567) width 247: "text this is some dummy text this is "
          text run at (247,567) width 297: "some dummy text this is some dummy text"
      RenderBlock {P} at (32,775) size 704x82 [color=#000080]
        RenderText {#text} at (14,0) size 690x82
          text run at (14,0) width 690: "The above gray text should flow around the blue"
          text run at (625,41) width 70: "box. "
          text run at (695,41) width 9: "\x{21E7}"
