layer at (0,0) size 800x600
  RenderView at (0,0) size 800x600
layer at (0,0) size 800x513
  RenderBlock {HTML} at (0,0) size 800x513
    RenderBody {BODY} at (8,16) size 784x481
      RenderBlock {P} at (0,0) size 784x63 [color=#000080]
        RenderText {#text} at (0,0) size 783x63
          text run at (0,0) width 453: "The big coloured boxes should be level with the top of the small "
          text run at (453,0) width 330: "coloured boxes of the same color (unless there"
          text run at (0,21) width 140: "is not enough room "
          text run at (140,21) width 435: "for the big box to fit on the small box's line after the small box, "
          text run at (575,21) width 179: "in which case the big box"
          text run at (0,42) width 266: "should be level with the bottom of the "
          text run at (266,42) width 154: "respective small box)."
      RenderBlock {DIV} at (16,79) size 752x402 [color=#C0C0C0] [border: (5px solid #800080)]
        RenderText {#text} at (171,21) size 510x21
          text run at (171,21) width 510: "dummy text dummy text dummy text dummy text dummy text dummy text "
        RenderInline {SPAN} at (0,0) size 17x27 [color=#FFFFFF] [bgcolor=#008080] [border: (3px solid #00FFFF)]
          RenderText {#text} at (684,21) size 11x21
            text run at (684,21) width 11: "A"
        RenderText {#text} at (0,0) size 0x0
        RenderBlock (floating) {P} at (21,21) size 150x58 [color=#FFFFFF] [bgcolor=#008080] [border: (3px solid #00FFFF)]
          RenderText {#text} at (19,19) size 44x21
            text run at (19,19) width 44: "AAAA"
        RenderText {#text} at (171,41) size 510x21
          text run at (171,41) width 510: "dummy text dummy text dummy text dummy text dummy text dummy text "
        RenderInline {SPAN} at (0,0) size 17x27 [color=#FFFFFF] [bgcolor=#800080] [border: (3px solid #FF00FF)]
          RenderText {#text} at (684,41) size 11x21
            text run at (684,41) width 11: "B"
        RenderText {#text} at (0,0) size 0x0
        RenderBlock (floating) {P} at (581,61) size 150x58 [color=#FFFFFF] [bgcolor=#800080] [border: (3px solid #FF00FF)]
          RenderText {#text} at (19,19) size 44x21
            text run at (19,19) width 44: "BBBB"
        RenderText {#text} at (171,61) size 676x321
          text run at (171,61) width 392: "dummy text dummy text dummy text dummy text dummy"
          text run at (21,81) width 114: "text dummy text "
          text run at (135,81) width 421: "dummy text dummy text dummy text dummy text dummy text"
          text run at (21,101) width 85: "dummy text "
          text run at (106,101) width 421: "dummy text dummy text dummy text dummy text dummy text"
          text run at (21,121) width 85: "dummy text "
          text run at (106,121) width 510: "dummy text dummy text dummy text dummy text dummy text dummy text "
          text run at (616,121) width 81: "dummy text"
          text run at (21,141) width 425: "dummy text dummy text dummy text dummy text dummy text "
          text run at (446,141) width 251: "dummy text dummy text dummy text"
          text run at (21,161) width 255: "dummy text dummy text dummy text "
          text run at (276,161) width 421: "dummy text dummy text dummy text dummy text dummy text"
          text run at (21,181) width 85: "dummy text "
          text run at (106,181) width 510: "dummy text dummy text dummy text dummy text dummy text dummy text "
          text run at (616,181) width 81: "dummy text"
          text run at (21,201) width 425: "dummy text dummy text dummy text dummy text dummy text "
          text run at (446,201) width 251: "dummy text dummy text dummy text"
          text run at (21,221) width 255: "dummy text dummy text dummy text "
          text run at (276,221) width 421: "dummy text dummy text dummy text dummy text dummy text"
          text run at (21,241) width 85: "dummy text "
          text run at (106,241) width 510: "dummy text dummy text dummy text dummy text dummy text dummy text "
          text run at (616,241) width 81: "dummy text"
          text run at (21,261) width 425: "dummy text dummy text dummy text dummy text dummy text "
          text run at (446,261) width 251: "dummy text dummy text dummy text"
          text run at (21,281) width 255: "dummy text dummy text dummy text "
          text run at (276,281) width 421: "dummy text dummy text dummy text dummy text dummy text"
          text run at (21,301) width 85: "dummy text "
          text run at (106,301) width 510: "dummy text dummy text dummy text dummy text dummy text dummy text "
          text run at (616,301) width 81: "dummy text"
          text run at (21,321) width 425: "dummy text dummy text dummy text dummy text dummy text "
          text run at (446,321) width 251: "dummy text dummy text dummy text"
          text run at (21,341) width 255: "dummy text dummy text dummy text "
          text run at (276,341) width 421: "dummy text dummy text dummy text dummy text dummy text"
          text run at (21,361) width 85: "dummy text "
          text run at (106,361) width 506: "dummy text dummy text dummy text dummy text dummy text dummy text"
