layer at (0,0) size 800x600
  RenderView at (0,0) size 800x600
layer at (0,0) size 800x237
  RenderBlock {HTML} at (0,0) size 800x237
    RenderBody {BODY} at (8,16) size 784x211
      RenderBlock {P} at (0,0) size 784x21 [color=#000080]
        RenderText {#text} at (0,0) size 719x21
          text run at (0,0) width 429: "Below you should see four blocks side by side followed by a "
          text run at (429,0) width 290: "matching cross section of the four blocks."
      RenderBlock (floating) {DIV} at (0,47) size 140x133 [bgcolor=#FFFF00] [border: (20px solid #000000)]
        RenderBlock {P} at (40,56) size 60x21
          RenderText {#text} at (5,0) size 50x21
            text run at (5,0) width 50: "Yellow"
      RenderBlock (floating) {DIV} at (160,47) size 140x133 [color=#FFFFFF] [bgcolor=#0000FF] [border: (20px solid #000000)]
        RenderBlock {P} at (40,56) size 60x21
          RenderText {#text} at (13,0) size 34x21
            text run at (13,0) width 34: "Blue"
      RenderBlock (floating) {DIV} at (320,47) size 140x133 [bgcolor=#FF0000] [border: (20px solid #000000)]
        RenderBlock {P} at (40,56) size 60x21
          RenderText {#text} at (15,0) size 30x21
            text run at (15,0) width 30: "Red"
      RenderBlock (floating) {DIV} at (480,47) size 140x133 [color=#FFFFFF] [bgcolor=#008000] [border: (20px solid #000000)]
        RenderBlock {P} at (40,56) size 60x21
          RenderText {#text} at (8,0) size 44x21
            text run at (8,0) width 44: "Green"
      RenderBlock {DIV} at (0,190) size 784x21
        RenderTable {TABLE} at (0,0) size 620x21
          RenderTableSection {TBODY} at (0,0) size 620x21
            RenderTableRow {TR} at (0,0) size 620x21
              RenderTableCell {TD} at (0,0) size 20x21 [bgcolor=#000000] [r=0 c=0 rs=1 cs=1]
                RenderText {#text} at (0,0) size 4x21
                  text run at (0,0) width 4: " "
              RenderTableCell {TD} at (20,0) size 100x21 [bgcolor=#FFFF00] [r=0 c=1 rs=1 cs=1]
                RenderText {#text} at (0,0) size 4x21
                  text run at (0,0) width 4: " "
              RenderTableCell {TD} at (120,0) size 20x21 [bgcolor=#000000] [r=0 c=2 rs=1 cs=1]
                RenderText {#text} at (0,0) size 4x21
                  text run at (0,0) width 4: " "
              RenderTableCell {TD} at (140,0) size 20x21 [bgcolor=#FFFFFF] [r=0 c=3 rs=1 cs=1]
                RenderText {#text} at (0,0) size 4x21
                  text run at (0,0) width 4: " "
              RenderTableCell {TD} at (160,0) size 20x21 [bgcolor=#000000] [r=0 c=4 rs=1 cs=1]
                RenderText {#text} at (0,0) size 4x21
                  text run at (0,0) width 4: " "
              RenderTableCell {TD} at (180,0) size 100x21 [bgcolor=#0000FF] [r=0 c=5 rs=1 cs=1]
                RenderText {#text} at (0,0) size 4x21
                  text run at (0,0) width 4: " "
              RenderTableCell {TD} at (280,0) size 20x21 [bgcolor=#000000] [r=0 c=6 rs=1 cs=1]
                RenderText {#text} at (0,0) size 4x21
                  text run at (0,0) width 4: " "
              RenderTableCell {TD} at (300,0) size 20x21 [bgcolor=#FFFFFF] [r=0 c=7 rs=1 cs=1]
                RenderText {#text} at (0,0) size 4x21
                  text run at (0,0) width 4: " "
              RenderTableCell {TD} at (320,0) size 20x21 [bgcolor=#000000] [r=0 c=8 rs=1 cs=1]
                RenderText {#text} at (0,0) size 4x21
                  text run at (0,0) width 4: " "
              RenderTableCell {TD} at (340,0) size 100x21 [bgcolor=#FF0000] [r=0 c=9 rs=1 cs=1]
                RenderText {#text} at (0,0) size 4x21
                  text run at (0,0) width 4: " "
              RenderTableCell {TD} at (440,0) size 20x21 [bgcolor=#000000] [r=0 c=10 rs=1 cs=1]
                RenderText {#text} at (0,0) size 4x21
                  text run at (0,0) width 4: " "
              RenderTableCell {TD} at (460,0) size 20x21 [bgcolor=#FFFFFF] [r=0 c=11 rs=1 cs=1]
                RenderText {#text} at (0,0) size 4x21
                  text run at (0,0) width 4: " "
              RenderTableCell {TD} at (480,0) size 20x21 [bgcolor=#000000] [r=0 c=12 rs=1 cs=1]
                RenderText {#text} at (0,0) size 4x21
                  text run at (0,0) width 4: " "
              RenderTableCell {TD} at (500,0) size 100x21 [bgcolor=#008000] [r=0 c=13 rs=1 cs=1]
                RenderText {#text} at (0,0) size 4x21
                  text run at (0,0) width 4: " "
              RenderTableCell {TD} at (600,0) size 20x21 [bgcolor=#000000] [r=0 c=14 rs=1 cs=1]
                RenderText {#text} at (0,0) size 4x21
                  text run at (0,0) width 4: " "
