layer at (0,0) size 800x600
  RenderView at (0,0) size 800x600
layer at (0,0) size 800x513
  RenderBlock {HTML} at (0,0) size 800x513
    RenderBody {BODY} at (8,16) size 784x481
      RenderBlock {P} at (0,0) size 784x63 [color=#000080]
        RenderText {#text} at (0,0) size 783x63
          text run at (0,0) width 453: "The big coloured boxes should be level with the top of the small "
          text run at (453,0) width 330: "coloured boxes of the same color (unless there"
          text run at (0,21) width 140: "is not enough room "
          text run at (140,21) width 429: "for the big box to fit on the small box's line, in which case the "
          text run at (569,21) width 197: "big box should be level with"
          text run at (0,42) width 240: "the bottom of the respective small "
          text run at (240,42) width 35: "box)."
      RenderBlock {DIV} at (16,79) size 752x402 [color=#C0C0C0] [border: (5px solid #800080)]
        RenderText {#text} at (133,21) size 510x21
          text run at (133,21) width 510: "dummy text dummy text dummy text dummy text dummy text dummy text "
        RenderInline {SPAN} at (0,0) size 10x27 [color=#FFFFFF] [bgcolor=#008080] [border: (3px solid #00FFFF)]
          RenderText {#text} at (646,21) size 4x21
            text run at (646,21) width 4: "\x{21E6}"
        RenderText {#text} at (653,21) size 4x21
          text run at (653,21) width 4: " "
        RenderImage {IMG} at (21,21) size 112x112 [color=#FF0000]
        RenderText {#text} at (657,21) size 576x41
          text run at (657,21) width 52: "dummy"
          text run at (133,41) width 454: "text dummy text dummy text dummy text dummy text dummy text "
        RenderInline {SPAN} at (0,0) size 10x27 [color=#FFFFFF] [bgcolor=#800080] [border: (3px solid #FF00FF)]
          RenderText {#text} at (590,41) size 4x21
            text run at (590,41) width 4: "\x{21E8}"
        RenderText {#text} at (0,0) size 0x0
        RenderImage {IMG} at (619,41) size 112x112 [color=#FF0000]
        RenderText {#text} at (133,61) size 676x321
          text run at (133,61) width 477: "dummy text dummy text dummy text dummy text dummy text dummy"
          text run at (133,81) width 29: "text "
          text run at (162,81) width 421: "dummy text dummy text dummy text dummy text dummy text"
          text run at (133,101) width 85: "dummy text "
          text run at (218,101) width 392: "dummy text dummy text dummy text dummy text dummy"
          text run at (133,121) width 114: "text dummy text "
          text run at (247,121) width 336: "dummy text dummy text dummy text dummy text"
          text run at (21,141) width 170: "dummy text dummy text "
          text run at (191,141) width 421: "dummy text dummy text dummy text dummy text dummy text"
          text run at (21,161) width 85: "dummy text "
          text run at (106,161) width 510: "dummy text dummy text dummy text dummy text dummy text dummy text "
          text run at (616,161) width 81: "dummy text"
          text run at (21,181) width 425: "dummy text dummy text dummy text dummy text dummy text "
          text run at (446,181) width 251: "dummy text dummy text dummy text"
          text run at (21,201) width 255: "dummy text dummy text dummy text "
          text run at (276,201) width 421: "dummy text dummy text dummy text dummy text dummy text"
          text run at (21,221) width 85: "dummy text "
          text run at (106,221) width 510: "dummy text dummy text dummy text dummy text dummy text dummy text "
          text run at (616,221) width 81: "dummy text"
          text run at (21,241) width 425: "dummy text dummy text dummy text dummy text dummy text "
          text run at (446,241) width 251: "dummy text dummy text dummy text"
          text run at (21,261) width 255: "dummy text dummy text dummy text "
          text run at (276,261) width 421: "dummy text dummy text dummy text dummy text dummy text"
          text run at (21,281) width 85: "dummy text "
          text run at (106,281) width 510: "dummy text dummy text dummy text dummy text dummy text dummy text "
          text run at (616,281) width 81: "dummy text"
          text run at (21,301) width 425: "dummy text dummy text dummy text dummy text dummy text "
          text run at (446,301) width 251: "dummy text dummy text dummy text"
          text run at (21,321) width 255: "dummy text dummy text dummy text "
          text run at (276,321) width 421: "dummy text dummy text dummy text dummy text dummy text"
          text run at (21,341) width 85: "dummy text "
          text run at (106,341) width 510: "dummy text dummy text dummy text dummy text dummy text dummy text "
          text run at (616,341) width 81: "dummy text"
          text run at (21,361) width 421: "dummy text dummy text dummy text dummy text dummy text"
