layer at (0,0) size 800x600
  RenderView at (0,0) size 800x600
layer at (0,0) size 800x267
  RenderBlock {HTML} at (0,0) size 800x267
    RenderBody {BODY} at (8,16) size 784x243
      RenderBlock {P} at (0,0) size 784x21
        RenderText {#text} at (0,0) size 456x21
          text run at (0,0) width 456: "The square below should be exactly 100 pixels high on the ruler."
      RenderBlock {DIV} at (0,37) size 784x206
        RenderImage {IMG} at (45,0) size 100x100
