layer at (0,0) size 800x600
  RenderView at (0,0) size 800x600
layer at (0,0) size 800x461
  RenderBlock {HTML} at (0,0) size 800x461
    RenderBody {BODY} at (8,16) size 784x429
      RenderBlock {P} at (0,0) size 784x21 [color=#000080]
        RenderText {#text} at (0,0) size 688x21
          text run at (0,0) width 447: "Below this paragraph there should be a big teal square half the "
          text run at (447,0) width 241: "width of the window and centered."
      RenderBlock {P} at (0,37) size 784x392 [color=#000080]
        RenderImage {IMG} at (196,0) size 392x392
