layer at (0,0) size 800x600
  RenderView at (0,0) size 800x600
layer at (0,0) size 800x329
  RenderBlock {HTML} at (0,0) size 800x329
    RenderBody {BODY} at (8,16) size 784x301
      RenderBlock {P} at (0,0) size 784x21
        RenderText {#text} at (0,0) size 296x21
          text run at (0,0) width 296: "The two blocks below should be identical:"
      RenderBlock {DIV} at (12,37) size 126x126 [color=#00FFFF] [bgcolor=#008080] [border: (3px solid #000080)]
        RenderText {#text} at (27,26) size 72x73
          text run at (27,26) width 72: "X X"
          text run at (27,74) width 72: "X X"
      RenderBlock {PRE} at (12,175) size 126x126 [color=#00FFFF] [bgcolor=#008080] [border: (3px solid #000080)]
        RenderText {#text} at (3,3) size 120x121
          text run at (3,3) width 120: "     "
          text run at (123,3) width 0: " "
          text run at (3,27) width 120: " X X "
          text run at (123,27) width 0: " "
          text run at (3,51) width 120: "     "
          text run at (123,51) width 0: " "
          text run at (3,75) width 120: " X X "
          text run at (123,75) width 0: " "
          text run at (3,99) width 120: "     "
