layer at (0,0) size 784x773
  RenderView at (0,0) size 784x600
layer at (0,0) size 784x773
  RenderBlock {HTML} at (0,0) size 784x773
    RenderBody {BODY} at (8,16) size 768x749
      RenderBlock {P} at (0,0) size 768x21
        RenderText {#text} at (0,0) size 462x21
          text run at (0,0) width 415: "The blue text should not go past the 50% mark on the ruler "
          text run at (415,0) width 47: "below."
      RenderBlock {DIV} at (0,37) size 384x672 [color=#0000FF]
        RenderText {#text} at (0,0) size 375x672
          text run at (0,0) width 375: "a bit of dummy text a bit of dummy text a bit of dummy"
          text run at (0,21) width 42: "text a "
          text run at (42,21) width 306: "bit of dummy text a bit of dummy text a bit of"
          text run at (0,42) width 136: "dummy text a bit of "
          text run at (136,42) width 230: "dummy text a bit of dummy text a"
          text run at (0,63) width 230: "bit of dummy text a bit of dummy "
          text run at (230,63) width 132: "text a bit of dummy"
          text run at (0,84) width 314: "text a bit of dummy text a bit of dummy text a "
          text run at (314,84) width 34: "bit of"
          text run at (0,105) width 366: "dummy text a bit of dummy text a bit of dummy text a"
          text run at (0,126) width 38: "bit of "
          text run at (38,126) width 324: "dummy text a bit of dummy text a bit of dummy"
          text run at (0,147) width 136: "text a bit of dummy "
          text run at (136,147) width 212: "text a bit of dummy text a bit of"
          text run at (0,168) width 234: "dummy text a bit of dummy text a "
          text run at (234,168) width 132: "bit of dummy text a"
          text run at (0,189) width 310: "bit of dummy text a bit of dummy text a bit of "
          text run at (310,189) width 52: "dummy"
          text run at (0,210) width 348: "text a bit of dummy text a bit of dummy text a bit of"
          text run at (0,231) width 56: "dummy "
          text run at (56,231) width 310: "text a bit of dummy text a bit of dummy text a"
          text run at (0,252) width 136: "bit of dummy text a "
          text run at (136,252) width 226: "bit of dummy text a bit of dummy"
          text run at (0,273) width 216: "text a bit of dummy text a bit of "
          text run at (216,273) width 132: "dummy text a bit of"
          text run at (0,294) width 328: "dummy text a bit of dummy text a bit of dummy "
          text run at (328,294) width 38: "text a"
          text run at (0,315) width 362: "bit of dummy text a bit of dummy text a bit of dummy"
          text run at (0,336) width 42: "text a "
          text run at (42,336) width 306: "bit of dummy text a bit of dummy text a bit of"
          text run at (0,357) width 136: "dummy text a bit of "
          text run at (136,357) width 230: "dummy text a bit of dummy text a"
          text run at (0,378) width 230: "bit of dummy text a bit of dummy "
          text run at (230,378) width 132: "text a bit of dummy"
          text run at (0,399) width 314: "text a bit of dummy text a bit of dummy text a "
          text run at (314,399) width 34: "bit of"
          text run at (0,420) width 366: "dummy text a bit of dummy text a bit of dummy text a"
          text run at (0,441) width 38: "bit of "
          text run at (38,441) width 324: "dummy text a bit of dummy text a bit of dummy"
          text run at (0,462) width 136: "text a bit of dummy "
          text run at (136,462) width 212: "text a bit of dummy text a bit of"
          text run at (0,483) width 234: "dummy text a bit of dummy text a "
          text run at (234,483) width 132: "bit of dummy text a"
          text run at (0,504) width 310: "bit of dummy text a bit of dummy text a bit of "
          text run at (310,504) width 52: "dummy"
          text run at (0,525) width 348: "text a bit of dummy text a bit of dummy text a bit of"
          text run at (0,546) width 56: "dummy "
          text run at (56,546) width 310: "text a bit of dummy text a bit of dummy text a"
          text run at (0,567) width 136: "bit of dummy text a "
          text run at (136,567) width 226: "bit of dummy text a bit of dummy"
          text run at (0,588) width 216: "text a bit of dummy text a bit of "
          text run at (216,588) width 132: "dummy text a bit of"
          text run at (0,609) width 328: "dummy text a bit of dummy text a bit of dummy "
          text run at (328,609) width 38: "text a"
          text run at (0,630) width 362: "bit of dummy text a bit of dummy text a bit of dummy"
          text run at (0,651) width 25: "text"
