layer at (0,0) size 800x600
  RenderView at (0,0) size 800x600
layer at (0,0) size 800x103
  RenderBlock {HTML} at (0,0) size 800x103
    RenderBody {BODY} at (8,16) size 784x79
      RenderBlock {P} at (0,0) size 784x21
        RenderText {#text} at (0,0) size 322x21
          text run at (0,0) width 322: "The following two lines should look the same:"
      RenderBlock {DIV} at (0,37) size 784x21
        RenderInline {SPAN} at (0,0) size 35x21
          RenderInline (generated) at (0,0) size 35x21
            RenderCounter at (0,0) size 22x21
              text run at (0,0) width 22: "1.1"
            RenderText at (22,0) size 13x21
              text run at (22,0) width 13: " - "
        RenderInline {SPAN} at (0,0) size 31x21
          RenderInline (generated) at (0,0) size 31x21
            RenderCounter at (35,0) size 18x21
              text run at (35,0) width 18: "12"
            RenderText at (53,0) size 13x21
              text run at (53,0) width 13: " - "
        RenderInline {SPAN} at (0,0) size 123x21
          RenderInline (generated) at (0,0) size 123x21
            RenderCounter at (66,0) size 22x21
              text run at (66,0) width 22: "1.3"
            RenderText at (88,0) size 48x21
              text run at (88,0) width 48: "--       --"
            RenderCounter at (136,0) size 53x21
              text run at (136,0) width 53: "1-------3"
      RenderBlock {DIV} at (0,58) size 784x21
        RenderText {#text} at (0,0) size 189x21
          text run at (0,0) width 189: "1.1 - 12 - 1.3--       --1-------3"
