layer at (0,0) size 800x600
  RenderView at (0,0) size 800x600
layer at (0,0) size 800x103
  RenderBlock {HTML} at (0,0) size 800x103
    RenderBody {BODY} at (8,16) size 784x79
      RenderBlock {P} at (0,0) size 784x21
        RenderText {#text} at (0,0) size 255x21
          text run at (0,0) width 255: "The next 2 lines should be identical:"
      RenderBlock {DIV} at (0,37) size 784x21
        RenderInline {SPAN} at (0,0) size 45x21
          RenderInline (generated) at (0,0) size 9x21
            RenderCounter at (0,0) size 9x21
              text run at (0,0) width 9: "1"
          RenderInline {SPAN} at (0,0) size 18x21
            RenderInline (generated) at (0,0) size 9x21
              RenderCounter at (9,0) size 9x21
                text run at (9,0) width 9: "2"
            RenderInline {SPAN} at (0,0) size 9x21
              RenderInline (generated) at (0,0) size 9x21
                RenderCounter at (18,0) size 9x21
                  text run at (18,0) width 9: "2"
          RenderInline {SPAN} at (0,0) size 9x21
            RenderInline (generated) at (0,0) size 9x21
              RenderCounter at (27,0) size 9x21
                text run at (27,0) width 9: "1"
          RenderInline (generated) at (0,0) size 9x21
            RenderCounter at (36,0) size 9x21
              text run at (36,0) width 9: "1"
        RenderInline {SPAN} at (0,0) size 9x21
          RenderInline (generated) at (0,0) size 9x21
            RenderCounter at (45,0) size 9x21
              text run at (45,0) width 9: "1"
        RenderText {#text} at (54,0) size 4x21
          text run at (54,0) width 4: " "
        RenderInline {SPAN} at (0,0) size 45x21
          RenderInline (generated) at (0,0) size 9x21
            RenderCounter at (58,0) size 9x21
              text run at (58,0) width 9: "1"
          RenderInline {SPAN} at (0,0) size 18x21
            RenderInline (generated) at (0,0) size 9x21
              RenderCounter at (67,0) size 9x21
                text run at (67,0) width 9: "3"
            RenderInline {SPAN} at (0,0) size 9x21
              RenderInline (generated) at (0,0) size 9x21
                RenderCounter at (76,0) size 9x21
                  text run at (76,0) width 9: "3"
          RenderInline {SPAN} at (0,0) size 9x21
            RenderInline (generated) at (0,0) size 9x21
              RenderCounter at (85,0) size 9x21
                text run at (85,0) width 9: "3"
          RenderInline (generated) at (0,0) size 9x21
            RenderCounter at (94,0) size 9x21
              text run at (94,0) width 9: "3"
        RenderInline {SPAN} at (0,0) size 9x21
          RenderInline (generated) at (0,0) size 9x21
            RenderCounter at (103,0) size 9x21
              text run at (103,0) width 9: "1"
        RenderText {#text} at (0,0) size 0x0
      RenderBlock {DIV} at (0,58) size 784x21
        RenderText {#text} at (0,0) size 112x21
          text run at (0,0) width 58: "122111 "
          text run at (58,0) width 54: "133331"
