layer at (0,0) size 800x600
  RenderView at (0,0) size 800x600
layer at (0,0) size 800x103
  RenderBlock {HTML} at (0,0) size 800x103
    RenderBody {BODY} at (8,16) size 784x79
      RenderBlock {P} at (0,0) size 784x21
        RenderText {#text} at (0,0) size 238x21
          text run at (0,0) width 238: "The following should be identical:"
      RenderBlock {DIV} at (0,37) size 784x21
        RenderInline {SPAN} at (0,0) size 9x21
          RenderInline (generated) at (0,0) size 9x21
            RenderCounter at (0,0) size 9x21
              text run at (0,0) width 9: "1"
        RenderInline {SPAN} at (0,0) size 9x21
          RenderInline (generated) at (0,0) size 9x21
            RenderCounter at (9,0) size 9x21
              text run at (9,0) width 9: "2"
      RenderBlock {DIV} at (0,58) size 784x21
        RenderText {#text} at (0,0) size 18x21
          text run at (0,0) width 18: "12"
