layer at (0,0) size 800x600
  RenderView at (0,0) size 800x600
layer at (0,0) size 800x103
  RenderBlock {HTML} at (0,0) size 800x103
    RenderBody {BODY} at (8,16) size 784x79
      RenderBlock {P} at (0,0) size 784x21
        RenderText {#text} at (0,0) size 253x21
          text run at (0,0) width 253: "The following two lines should look "
        RenderInline {EM} at (0,0) size 100x21
          RenderText {#text} at (253,0) size 100x21
            text run at (253,0) width 100: "approximately"
        RenderText {#text} at (353,0) size 73x21
          text run at (353,0) width 73: " the same:"
      RenderBlock {DIV} at (0,37) size 784x21
        RenderInline {SPAN} at (0,0) size 6x21
          RenderInline (generated) at (0,0) size 6x21
            RenderCounter at (0,0) size 6x21
              text run at (0,0) width 6: "\x{2022}"
        RenderText {#text} at (6,0) size 4x21
          text run at (6,0) width 4: " "
        RenderInline {SPAN} at (0,0) size 6x21
          RenderInline (generated) at (0,0) size 6x21
            RenderCounter at (10,0) size 6x21
              text run at (10,0) width 6: "\x{2022}"
        RenderText {#text} at (16,0) size 4x21
          text run at (16,0) width 4: " "
        RenderInline {SPAN} at (0,0) size 6x21
          RenderInline (generated) at (0,0) size 6x21
            RenderCounter at (20,0) size 6x21
              text run at (20,0) width 6: "\x{2022}"
        RenderText {#text} at (26,0) size 4x21
          text run at (26,0) width 4: " "
        RenderInline {SPAN} at (0,0) size 6x21
          RenderInline (generated) at (0,0) size 6x21
            RenderCounter at (30,0) size 6x21
              text run at (30,0) width 6: "\x{2022}"
        RenderText {#text} at (36,0) size 4x21
          text run at (36,0) width 4: " "
        RenderInline {SPAN} at (0,0) size 6x21
          RenderInline (generated) at (0,0) size 6x21
            RenderCounter at (40,0) size 6x21
              text run at (40,0) width 6: "\x{2022}"
        RenderText {#text} at (46,0) size 4x21
          text run at (46,0) width 4: " "
        RenderInline {SPAN} at (0,0) size 6x21
          RenderInline (generated) at (0,0) size 6x21
            RenderCounter at (50,0) size 6x21
              text run at (50,0) width 6: "\x{2022}"
        RenderText {#text} at (56,0) size 4x21
          text run at (56,0) width 4: " "
        RenderInline {SPAN} at (0,0) size 6x21
          RenderInline (generated) at (0,0) size 6x21
            RenderCounter at (60,0) size 6x21
              text run at (60,0) width 6: "\x{2022}"
        RenderText {#text} at (66,0) size 4x21
          text run at (66,0) width 4: " "
        RenderInline {SPAN} at (0,0) size 6x21
          RenderInline (generated) at (0,0) size 6x21
            RenderCounter at (70,0) size 6x21
              text run at (70,0) width 6: "\x{2022}"
        RenderText {#text} at (76,0) size 4x21
          text run at (76,0) width 4: " "
        RenderInline {SPAN} at (0,0) size 6x21
          RenderInline (generated) at (0,0) size 6x21
            RenderCounter at (80,0) size 6x21
              text run at (80,0) width 6: "\x{2022}"
        RenderText {#text} at (86,0) size 4x21
          text run at (86,0) width 4: " "
        RenderInline {SPAN} at (0,0) size 6x21
          RenderInline (generated) at (0,0) size 6x21
            RenderCounter at (90,0) size 6x21
              text run at (90,0) width 6: "\x{2022}"
        RenderText {#text} at (96,0) size 4x21
          text run at (96,0) width 4: " "
        RenderInline {SPAN} at (0,0) size 6x21
          RenderInline (generated) at (0,0) size 6x21
            RenderCounter at (100,0) size 6x21
              text run at (100,0) width 6: "\x{2022}"
        RenderText {#text} at (106,0) size 4x21
          text run at (106,0) width 4: " "
        RenderInline {SPAN} at (0,0) size 6x21
          RenderInline (generated) at (0,0) size 6x21
            RenderCounter at (110,0) size 6x21
              text run at (110,0) width 6: "\x{2022}"
        RenderText {#text} at (0,0) size 0x0
      RenderBlock {DIV} at (0,58) size 784x21
        RenderText {#text} at (0,0) size 116x21
          text run at (0,0) width 10: "\x{2022} "
          text run at (10,0) width 10: "\x{2022} "
          text run at (20,0) width 10: "\x{2022} "
          text run at (30,0) width 10: "\x{2022} "
          text run at (40,0) width 10: "\x{2022} "
          text run at (50,0) width 10: "\x{2022} "
          text run at (60,0) width 10: "\x{2022} "
          text run at (70,0) width 10: "\x{2022} "
          text run at (80,0) width 10: "\x{2022} "
          text run at (90,0) width 10: "\x{2022} "
          text run at (100,0) width 10: "\x{2022} "
          text run at (110,0) width 6: "\x{2022}"
