layer at (0,0) size 800x600
  RenderView at (0,0) size 800x600
layer at (0,0) size 800x448
  RenderBlock {HTML} at (0,0) size 800x448
    RenderBody {BODY} at (8,16) size 784x416 [color=#000080]
      RenderBlock {P} at (0,0) size 784x21
        RenderText {#text} at (0,0) size 431x21
          text run at (0,0) width 431: "The two columns should look the same, except for alignment."
      RenderBlock {OL} at (0,37) size 784x63
        RenderListItem {LI} at (40,0) size 744x21
          RenderListMarker at (-17,0) size 12x21: "i"
          RenderText {#text} at (0,0) size 8x21
            text run at (0,0) width 8: "i."
        RenderListItem {LI} at (40,21) size 744x21
          RenderListMarker at (-21,0) size 16x21: "ii"
          RenderText {#text} at (0,0) size 12x21
            text run at (0,0) width 12: "ii."
        RenderListItem {LI} at (40,42) size 744x21
          RenderListMarker at (-25,0) size 20x21: "iii"
          RenderText {#text} at (0,0) size 16x21
            text run at (0,0) width 16: "iii."
      RenderBlock {OL} at (0,116) size 784x63
        RenderListItem {LI} at (40,0) size 744x21
          RenderListMarker at (-17,0) size 12x21: "I"
          RenderText {#text} at (0,0) size 8x21
            text run at (0,0) width 8: "I."
        RenderListItem {LI} at (40,21) size 744x21
          RenderListMarker at (-21,0) size 16x21: "II"
          RenderText {#text} at (0,0) size 12x21
            text run at (0,0) width 12: "II."
        RenderListItem {LI} at (40,42) size 744x21
          RenderListMarker at (-25,0) size 20x21: "III"
          RenderText {#text} at (0,0) size 16x21
            text run at (0,0) width 16: "III."
      RenderBlock {OL} at (0,195) size 784x63
        RenderListItem {LI} at (40,0) size 744x21
          RenderListMarker at (-22,0) size 17x21: "a"
          RenderText {#text} at (0,0) size 13x21
            text run at (0,0) width 13: "a."
        RenderListItem {LI} at (40,21) size 744x21
          RenderListMarker at (-22,0) size 17x21: "b"
          RenderText {#text} at (0,0) size 13x21
            text run at (0,0) width 13: "b."
        RenderListItem {LI} at (40,42) size 744x21
          RenderListMarker at (-21,0) size 16x21: "c"
          RenderText {#text} at (0,0) size 12x21
            text run at (0,0) width 12: "c."
      RenderBlock {OL} at (0,274) size 784x63
        RenderListItem {LI} at (40,0) size 744x21
          RenderListMarker at (-24,0) size 19x21: "A"
          RenderText {#text} at (0,0) size 15x21
            text run at (0,0) width 15: "A."
        RenderListItem {LI} at (40,21) size 744x21
          RenderListMarker at (-24,0) size 19x21: "B"
          RenderText {#text} at (0,0) size 15x21
            text run at (0,0) width 15: "B."
        RenderListItem {LI} at (40,42) size 744x21
          RenderListMarker at (-25,0) size 20x21: "C"
          RenderText {#text} at (0,0) size 16x21
            text run at (0,0) width 16: "C."
      RenderBlock {OL} at (0,353) size 784x63
        RenderListItem {LI} at (40,0) size 744x21
          RenderListMarker at (-24,0) size 19x21: "A"
          RenderText {#text} at (0,0) size 15x21
            text run at (0,0) width 15: "A."
        RenderListItem {LI} at (40,21) size 744x21
          RenderListMarker at (-24,0) size 19x21: "B"
          RenderText {#text} at (0,0) size 15x21
            text run at (0,0) width 15: "B."
        RenderListItem {LI} at (40,42) size 744x21
          RenderListMarker at (-22,0) size 17x21: "3"
          RenderText {#text} at (0,0) size 13x21
            text run at (0,0) width 13: "3."
