layer at (0,0) size 800x600
  RenderView at (0,0) size 800x600
layer at (0,0) size 800x103
  RenderBlock {HTML} at (0,0) size 800x103
    RenderBody {BODY} at (8,16) size 784x79
      RenderBlock {P} at (0,0) size 784x21
        RenderText {#text} at (0,0) size 322x21
          text run at (0,0) width 322: "The following two lines should look the same:"
      RenderBlock {DIV} at (0,37) size 784x21
        RenderInline {SPAN} at (0,0) size 4x21
          RenderInline (generated) at (0,0) size 4x21
            RenderCounter at (0,0) size 4x21
              text run at (0,0) width 4: "i"
        RenderText {#text} at (4,0) size 4x21
          text run at (4,0) width 4: " "
        RenderInline {SPAN} at (0,0) size 8x21
          RenderInline (generated) at (0,0) size 8x21
            RenderCounter at (8,0) size 8x21
              text run at (8,0) width 8: "ii"
        RenderText {#text} at (16,0) size 4x21
          text run at (16,0) width 4: " "
        RenderInline {SPAN} at (0,0) size 12x21
          RenderInline (generated) at (0,0) size 12x21
            RenderCounter at (20,0) size 12x21
              text run at (20,0) width 12: "iii"
        RenderText {#text} at (32,0) size 4x21
          text run at (32,0) width 4: " "
        RenderInline {SPAN} at (0,0) size 12x21
          RenderInline (generated) at (0,0) size 12x21
            RenderCounter at (36,0) size 12x21
              text run at (36,0) width 12: "iv"
        RenderText {#text} at (48,0) size 4x21
          text run at (48,0) width 4: " "
        RenderInline {SPAN} at (0,0) size 8x21
          RenderInline (generated) at (0,0) size 8x21
            RenderCounter at (52,0) size 8x21
              text run at (52,0) width 8: "v"
        RenderText {#text} at (60,0) size 4x21
          text run at (60,0) width 4: " "
        RenderInline {SPAN} at (0,0) size 12x21
          RenderInline (generated) at (0,0) size 12x21
            RenderCounter at (64,0) size 12x21
              text run at (64,0) width 12: "vi"
        RenderText {#text} at (76,0) size 4x21
          text run at (76,0) width 4: " "
        RenderInline {SPAN} at (0,0) size 16x21
          RenderInline (generated) at (0,0) size 16x21
            RenderCounter at (80,0) size 16x21
              text run at (80,0) width 16: "vii"
        RenderText {#text} at (96,0) size 4x21
          text run at (96,0) width 4: " "
        RenderInline {SPAN} at (0,0) size 20x21
          RenderInline (generated) at (0,0) size 20x21
            RenderCounter at (100,0) size 20x21
              text run at (100,0) width 20: "viii"
        RenderText {#text} at (120,0) size 4x21
          text run at (120,0) width 4: " "
        RenderInline {SPAN} at (0,0) size 12x21
          RenderInline (generated) at (0,0) size 12x21
            RenderCounter at (124,0) size 12x21
              text run at (124,0) width 12: "ix"
        RenderText {#text} at (136,0) size 4x21
          text run at (136,0) width 4: " "
        RenderInline {SPAN} at (0,0) size 8x21
          RenderInline (generated) at (0,0) size 8x21
            RenderCounter at (140,0) size 8x21
              text run at (140,0) width 8: "x"
        RenderText {#text} at (148,0) size 4x21
          text run at (148,0) width 4: " "
        RenderInline {SPAN} at (0,0) size 12x21
          RenderInline (generated) at (0,0) size 12x21
            RenderCounter at (152,0) size 12x21
              text run at (152,0) width 12: "xi"
        RenderText {#text} at (164,0) size 4x21
          text run at (164,0) width 4: " "
        RenderInline {SPAN} at (0,0) size 16x21
          RenderInline (generated) at (0,0) size 16x21
            RenderCounter at (168,0) size 16x21
              text run at (168,0) width 16: "xii"
        RenderText {#text} at (184,0) size 4x21
          text run at (184,0) width 4: " "
        RenderInline {SPAN} at (0,0) size 24x21
          RenderInline (generated) at (0,0) size 24x21
            RenderCounter at (188,0) size 24x21
              text run at (188,0) width 24: "xlix"
        RenderText {#text} at (212,0) size 4x21
          text run at (212,0) width 4: " "
        RenderInline {SPAN} at (0,0) size 4x21
          RenderInline (generated) at (0,0) size 4x21
            RenderCounter at (216,0) size 4x21
              text run at (216,0) width 4: "l"
        RenderText {#text} at (220,0) size 4x21
          text run at (220,0) width 4: " "
        RenderInline {SPAN} at (0,0) size 64x21
          RenderInline (generated) at (0,0) size 64x21
            RenderCounter at (224,0) size 64x21
              text run at (224,0) width 64: "ccclxxxix"
        RenderText {#text} at (288,0) size 4x21
          text run at (288,0) width 4: " "
        RenderInline {SPAN} at (0,0) size 40x21
          RenderInline (generated) at (0,0) size 40x21
            RenderCounter at (292,0) size 40x21
              text run at (292,0) width 40: "cccxc"
        RenderText {#text} at (332,0) size 4x21
          text run at (332,0) width 4: " "
        RenderInline {SPAN} at (0,0) size 96x21
          RenderInline (generated) at (0,0) size 96x21
            RenderCounter at (336,0) size 96x21
              text run at (336,0) width 96: "mmmcdlxxxix"
        RenderText {#text} at (432,0) size 4x21
          text run at (432,0) width 4: " "
        RenderInline {SPAN} at (0,0) size 72x21
          RenderInline (generated) at (0,0) size 72x21
            RenderCounter at (436,0) size 72x21
              text run at (436,0) width 72: "mmmcdxc"
        RenderText {#text} at (508,0) size 4x21
          text run at (508,0) width 4: " "
        RenderInline {SPAN} at (0,0) size 76x21
          RenderInline (generated) at (0,0) size 76x21
            RenderCounter at (512,0) size 76x21
              text run at (512,0) width 76: "mmmcdxci"
        RenderText {#text} at (0,0) size 0x0
      RenderBlock {DIV} at (0,58) size 784x21
        RenderText {#text} at (0,0) size 588x21
          text run at (0,0) width 8: "i "
          text run at (8,0) width 12: "ii "
          text run at (20,0) width 16: "iii "
          text run at (36,0) width 16: "iv "
          text run at (52,0) width 12: "v "
          text run at (64,0) width 16: "vi "
          text run at (80,0) width 20: "vii "
          text run at (100,0) width 24: "viii "
          text run at (124,0) width 16: "ix "
          text run at (140,0) width 12: "x "
          text run at (152,0) width 16: "xi "
          text run at (168,0) width 20: "xii "
          text run at (188,0) width 28: "xlix "
          text run at (216,0) width 8: "l "
          text run at (224,0) width 68: "ccclxxxix "
          text run at (292,0) width 44: "cccxc "
          text run at (336,0) width 100: "mmmcdlxxxix "
          text run at (436,0) width 76: "mmmcdxc "
          text run at (512,0) width 76: "mmmcdxci"
