layer at (0,0) size 800x600
  RenderView at (0,0) size 800x600
layer at (0,0) size 800x103
  RenderBlock {HTML} at (0,0) size 800x103
    RenderBody {BODY} at (8,16) size 784x79
      RenderBlock {P} at (0,0) size 784x21
        RenderText {#text} at (0,0) size 305x21
          text run at (0,0) width 305: "The following two lines should be identical:"
      RenderBlock {DIV} at (0,37) size 784x21
        RenderInline {SPAN} at (0,0) size 13x21
          RenderInline (generated) at (0,0) size 13x21
            RenderCounter at (0,0) size 9x21
              text run at (0,0) width 9: "0"
            RenderText at (9,0) size 4x21
              text run at (9,0) width 4: " "
        RenderInline {SPAN} at (0,0) size 9x21
          RenderInline {SPAN} at (0,0) size 9x21
            RenderInline (generated) at (0,0) size 9x21
              RenderCounter at (13,0) size 9x21
                text run at (13,0) width 9: "1"
              RenderText at (0,0) size 0x0
      RenderBlock {DIV} at (0,58) size 784x21
        RenderText {#text} at (0,0) size 22x21
          text run at (0,0) width 22: "0 1"
