layer at (0,0) size 800x600
  RenderView at (0,0) size 800x600
layer at (0,0) size 800x103
  RenderBlock {HTML} at (0,0) size 800x103
    RenderBody {BODY} at (8,16) size 784x79
      RenderBlock {P} at (0,0) size 784x21
        RenderText {#text} at (0,0) size 253x21
          text run at (0,0) width 253: "The following two lines should look "
        RenderInline {EM} at (0,0) size 100x21
          RenderText {#text} at (253,0) size 100x21
            text run at (253,0) width 100: "approximately"
        RenderText {#text} at (353,0) size 73x21
          text run at (353,0) width 73: " the same:"
      RenderBlock {DIV} at (0,37) size 784x21
        RenderInline {SPAN} at (0,0) size 8x21
          RenderInline (generated) at (0,0) size 8x21
            RenderCounter at (0,0) size 0x0
            RenderText at (0,0) size 8x21
              text run at (0,0) width 8: "z"
        RenderText {#text} at (8,0) size 4x21
          text run at (8,0) width 4: " "
        RenderInline {SPAN} at (0,0) size 8x21
          RenderInline (generated) at (0,0) size 8x21
            RenderCounter at (0,0) size 0x0
            RenderText at (12,0) size 8x21
              text run at (12,0) width 8: "z"
        RenderText {#text} at (20,0) size 4x21
          text run at (20,0) width 4: " "
        RenderInline {SPAN} at (0,0) size 8x21
          RenderInline (generated) at (0,0) size 8x21
            RenderCounter at (0,0) size 0x0
            RenderText at (24,0) size 8x21
              text run at (24,0) width 8: "z"
        RenderText {#text} at (32,0) size 4x21
          text run at (32,0) width 4: " "
        RenderInline {SPAN} at (0,0) size 8x21
          RenderInline (generated) at (0,0) size 8x21
            RenderCounter at (0,0) size 0x0
            RenderText at (36,0) size 8x21
              text run at (36,0) width 8: "z"
        RenderText {#text} at (44,0) size 4x21
          text run at (44,0) width 4: " "
        RenderInline {SPAN} at (0,0) size 8x21
          RenderInline (generated) at (0,0) size 8x21
            RenderCounter at (0,0) size 0x0
            RenderText at (48,0) size 8x21
              text run at (48,0) width 8: "z"
        RenderText {#text} at (56,0) size 4x21
          text run at (56,0) width 4: " "
        RenderInline {SPAN} at (0,0) size 8x21
          RenderInline (generated) at (0,0) size 8x21
            RenderCounter at (0,0) size 0x0
            RenderText at (60,0) size 8x21
              text run at (60,0) width 8: "z"
        RenderText {#text} at (68,0) size 4x21
          text run at (68,0) width 4: " "
        RenderInline {SPAN} at (0,0) size 8x21
          RenderInline (generated) at (0,0) size 8x21
            RenderCounter at (0,0) size 0x0
            RenderText at (72,0) size 8x21
              text run at (72,0) width 8: "z"
        RenderText {#text} at (80,0) size 4x21
          text run at (80,0) width 4: " "
        RenderInline {SPAN} at (0,0) size 8x21
          RenderInline (generated) at (0,0) size 8x21
            RenderCounter at (0,0) size 0x0
            RenderText at (84,0) size 8x21
              text run at (84,0) width 8: "z"
        RenderText {#text} at (92,0) size 4x21
          text run at (92,0) width 4: " "
        RenderInline {SPAN} at (0,0) size 8x21
          RenderInline (generated) at (0,0) size 8x21
            RenderCounter at (0,0) size 0x0
            RenderText at (96,0) size 8x21
              text run at (96,0) width 8: "z"
        RenderText {#text} at (104,0) size 4x21
          text run at (104,0) width 4: " "
        RenderInline {SPAN} at (0,0) size 8x21
          RenderInline (generated) at (0,0) size 8x21
            RenderCounter at (0,0) size 0x0
            RenderText at (108,0) size 8x21
              text run at (108,0) width 8: "z"
        RenderText {#text} at (116,0) size 4x21
          text run at (116,0) width 4: " "
        RenderInline {SPAN} at (0,0) size 8x21
          RenderInline (generated) at (0,0) size 8x21
            RenderCounter at (0,0) size 0x0
            RenderText at (120,0) size 8x21
              text run at (120,0) width 8: "z"
        RenderText {#text} at (128,0) size 4x21
          text run at (128,0) width 4: " "
        RenderInline {SPAN} at (0,0) size 8x21
          RenderInline (generated) at (0,0) size 8x21
            RenderCounter at (0,0) size 0x0
            RenderText at (132,0) size 8x21
              text run at (132,0) width 8: "z"
        RenderText {#text} at (0,0) size 0x0
      RenderBlock {DIV} at (0,58) size 784x21
        RenderText {#text} at (0,0) size 140x21
          text run at (0,0) width 12: "z "
          text run at (12,0) width 12: "z "
          text run at (24,0) width 12: "z "
          text run at (36,0) width 12: "z "
          text run at (48,0) width 12: "z "
          text run at (60,0) width 12: "z "
          text run at (72,0) width 12: "z "
          text run at (84,0) width 12: "z "
          text run at (96,0) width 12: "z "
          text run at (108,0) width 12: "z "
          text run at (120,0) width 12: "z "
          text run at (132,0) width 8: "z"
