layer at (0,0) size 800x600
  RenderView at (0,0) size 800x600
layer at (0,0) size 800x103
  RenderBlock {HTML} at (0,0) size 800x103
    RenderBody {BODY} at (8,16) size 784x79
      RenderBlock {P} at (0,0) size 784x21
        RenderText {#text} at (0,0) size 322x21
          text run at (0,0) width 322: "The following two lines should look the same:"
      RenderBlock {DIV} at (0,37) size 784x21
        RenderInline {SPAN} at (0,0) size 12x21
          RenderInline (generated) at (0,0) size 12x21
            RenderCounter at (0,0) size 12x21
              text run at (0,0) width 12: "i.i"
        RenderText {#text} at (12,0) size 4x21
          text run at (12,0) width 4: " "
        RenderInline {SPAN} at (0,0) size 16x21
          RenderInline (generated) at (0,0) size 16x21
            RenderCounter at (16,0) size 16x21
              text run at (16,0) width 16: "i.ii"
        RenderText {#text} at (32,0) size 4x21
          text run at (32,0) width 4: " "
        RenderInline {SPAN} at (0,0) size 20x21
          RenderInline (generated) at (0,0) size 20x21
            RenderCounter at (36,0) size 20x21
              text run at (36,0) width 20: "i.iii"
        RenderText {#text} at (56,0) size 4x21
          text run at (56,0) width 4: " "
        RenderInline {SPAN} at (0,0) size 20x21
          RenderInline (generated) at (0,0) size 20x21
            RenderCounter at (60,0) size 20x21
              text run at (60,0) width 20: "i.iv"
        RenderText {#text} at (80,0) size 4x21
          text run at (80,0) width 4: " "
        RenderInline {SPAN} at (0,0) size 16x21
          RenderInline (generated) at (0,0) size 16x21
            RenderCounter at (84,0) size 16x21
              text run at (84,0) width 16: "i.v"
        RenderText {#text} at (100,0) size 4x21
          text run at (100,0) width 4: " "
        RenderInline {SPAN} at (0,0) size 20x21
          RenderInline (generated) at (0,0) size 20x21
            RenderCounter at (104,0) size 20x21
              text run at (104,0) width 20: "i.vi"
        RenderText {#text} at (124,0) size 4x21
          text run at (124,0) width 4: " "
        RenderInline {SPAN} at (0,0) size 24x21
          RenderInline (generated) at (0,0) size 24x21
            RenderCounter at (128,0) size 24x21
              text run at (128,0) width 24: "i.vii"
        RenderText {#text} at (152,0) size 4x21
          text run at (152,0) width 4: " "
        RenderInline {SPAN} at (0,0) size 28x21
          RenderInline (generated) at (0,0) size 28x21
            RenderCounter at (156,0) size 28x21
              text run at (156,0) width 28: "i.viii"
        RenderText {#text} at (184,0) size 4x21
          text run at (184,0) width 4: " "
        RenderInline {SPAN} at (0,0) size 20x21
          RenderInline (generated) at (0,0) size 20x21
            RenderCounter at (188,0) size 20x21
              text run at (188,0) width 20: "i.ix"
        RenderText {#text} at (208,0) size 4x21
          text run at (208,0) width 4: " "
        RenderInline {SPAN} at (0,0) size 16x21
          RenderInline (generated) at (0,0) size 16x21
            RenderCounter at (212,0) size 16x21
              text run at (212,0) width 16: "i.x"
        RenderText {#text} at (228,0) size 4x21
          text run at (228,0) width 4: " "
        RenderInline {SPAN} at (0,0) size 20x21
          RenderInline (generated) at (0,0) size 20x21
            RenderCounter at (232,0) size 20x21
              text run at (232,0) width 20: "i.xi"
        RenderText {#text} at (252,0) size 4x21
          text run at (252,0) width 4: " "
        RenderInline {SPAN} at (0,0) size 24x21
          RenderInline (generated) at (0,0) size 24x21
            RenderCounter at (256,0) size 24x21
              text run at (256,0) width 24: "i.xii"
        RenderText {#text} at (280,0) size 4x21
          text run at (280,0) width 4: " "
        RenderInline {SPAN} at (0,0) size 32x21
          RenderInline (generated) at (0,0) size 32x21
            RenderCounter at (284,0) size 32x21
              text run at (284,0) width 32: "i.xlix"
        RenderText {#text} at (316,0) size 4x21
          text run at (316,0) width 4: " "
        RenderInline {SPAN} at (0,0) size 12x21
          RenderInline (generated) at (0,0) size 12x21
            RenderCounter at (320,0) size 12x21
              text run at (320,0) width 12: "i.l"
        RenderText {#text} at (332,0) size 4x21
          text run at (332,0) width 4: " "
        RenderInline {SPAN} at (0,0) size 72x21
          RenderInline (generated) at (0,0) size 72x21
            RenderCounter at (336,0) size 72x21
              text run at (336,0) width 72: "i.ccclxxxix"
        RenderText {#text} at (408,0) size 4x21
          text run at (408,0) width 4: " "
        RenderInline {SPAN} at (0,0) size 48x21
          RenderInline (generated) at (0,0) size 48x21
            RenderCounter at (412,0) size 48x21
              text run at (412,0) width 48: "i.cccxc"
        RenderText {#text} at (460,0) size 4x21
          text run at (460,0) width 4: " "
        RenderInline {SPAN} at (0,0) size 104x21
          RenderInline (generated) at (0,0) size 104x21
            RenderCounter at (464,0) size 104x21
              text run at (464,0) width 104: "i.mmmcdlxxxix"
        RenderText {#text} at (568,0) size 4x21
          text run at (568,0) width 4: " "
        RenderInline {SPAN} at (0,0) size 80x21
          RenderInline (generated) at (0,0) size 80x21
            RenderCounter at (572,0) size 80x21
              text run at (572,0) width 80: "i.mmmcdxc"
        RenderText {#text} at (652,0) size 4x21
          text run at (652,0) width 4: " "
        RenderInline {SPAN} at (0,0) size 84x21
          RenderInline (generated) at (0,0) size 84x21
            RenderCounter at (656,0) size 84x21
              text run at (656,0) width 84: "i.mmmcdxci"
        RenderText {#text} at (0,0) size 0x0
      RenderBlock {DIV} at (0,58) size 784x21
        RenderText {#text} at (0,0) size 740x21
          text run at (0,0) width 16: "i.i "
          text run at (16,0) width 20: "i.ii "
          text run at (36,0) width 24: "i.iii "
          text run at (60,0) width 24: "i.iv "
          text run at (84,0) width 20: "i.v "
          text run at (104,0) width 24: "i.vi "
          text run at (128,0) width 28: "i.vii "
          text run at (156,0) width 32: "i.viii "
          text run at (188,0) width 24: "i.ix "
          text run at (212,0) width 20: "i.x "
          text run at (232,0) width 24: "i.xi "
          text run at (256,0) width 28: "i.xii "
          text run at (284,0) width 36: "i.xlix "
          text run at (320,0) width 16: "i.l "
          text run at (336,0) width 76: "i.ccclxxxix "
          text run at (412,0) width 52: "i.cccxc "
          text run at (464,0) width 108: "i.mmmcdlxxxix "
          text run at (572,0) width 84: "i.mmmcdxc "
          text run at (656,0) width 84: "i.mmmcdxci"
