layer at (0,0) size 800x600
  RenderView at (0,0) size 800x600
layer at (0,0) size 800x103
  RenderBlock {HTML} at (0,0) size 800x103
    RenderBody {BODY} at (8,16) size 784x79
      RenderBlock {P} at (0,0) size 784x21
        RenderText {#text} at (0,0) size 310x21
          text run at (0,0) width 310: "The following two lines should be the same:"
      RenderBlock {DIV} at (0,37) size 784x21
        RenderInline {SPAN} at (0,0) size 202x21
          RenderInline (generated) at (0,0) size 25x21
            RenderText at (0,0) size 11x21
              text run at (0,0) width 11: "B"
            RenderCounter at (11,0) size 9x21
              text run at (11,0) width 9: "1"
            RenderText at (20,0) size 5x21
              text run at (20,0) width 5: "-"
          RenderInline {SPAN} at (0,0) size 152x21
            RenderInline (generated) at (0,0) size 38x21
              RenderText at (25,0) size 11x21
                text run at (25,0) width 11: "B"
              RenderCounter at (36,0) size 22x21
                text run at (36,0) width 22: "1.1"
              RenderText at (58,0) size 5x21
                text run at (58,0) width 5: "-"
            RenderInline {SPAN} at (0,0) size 76x21
              RenderInline (generated) at (0,0) size 38x21
                RenderText at (63,0) size 11x21
                  text run at (63,0) width 11: "B"
                RenderCounter at (74,0) size 22x21
                  text run at (74,0) width 22: "1.2"
                RenderText at (96,0) size 5x21
                  text run at (96,0) width 5: "-"
              RenderInline (generated) at (0,0) size 38x21
                RenderText at (101,0) size 11x21
                  text run at (101,0) width 11: "A"
                RenderCounter at (112,0) size 22x21
                  text run at (112,0) width 22: "1.3"
                RenderText at (134,0) size 5x21
                  text run at (134,0) width 5: "-"
            RenderInline (generated) at (0,0) size 38x21
              RenderText at (139,0) size 11x21
                text run at (139,0) width 11: "A"
              RenderCounter at (150,0) size 22x21
                text run at (150,0) width 22: "1.4"
              RenderText at (172,0) size 5x21
                text run at (172,0) width 5: "-"
          RenderInline (generated) at (0,0) size 25x21
            RenderText at (177,0) size 11x21
              text run at (177,0) width 11: "A"
            RenderCounter at (188,0) size 9x21
              text run at (188,0) width 9: "2"
            RenderText at (197,0) size 5x21
              text run at (197,0) width 5: "-"
      RenderBlock {DIV} at (0,58) size 784x21
        RenderText {#text} at (0,0) size 202x21
          text run at (0,0) width 202: "B1-B1.1-B1.2-A1.3-A1.4-A2-"
