layer at (0,0) size 800x600
  RenderView at (0,0) size 800x600
layer at (0,0) size 800x103
  RenderBlock {HTML} at (0,0) size 800x103
    RenderBody {BODY} at (8,16) size 784x79
      RenderBlock {P} at (0,0) size 784x21
        RenderText {#text} at (0,0) size 310x21
          text run at (0,0) width 310: "The following two lines should be the same:"
      RenderBlock {DIV} at (0,37) size 784x21
        RenderInline {SPAN} at (0,0) size 511x21
          RenderInline (generated) at (0,0) size 25x21
            RenderText at (0,0) size 11x21
              text run at (0,0) width 11: "B"
            RenderCounter at (11,0) size 9x21
              text run at (11,0) width 9: "1"
            RenderText at (20,0) size 5x21
              text run at (20,0) width 5: "-"
          RenderInline {SPAN} at (0,0) size 461x21
            RenderInline (generated) at (0,0) size 25x21
              RenderText at (25,0) size 11x21
                text run at (25,0) width 11: "B"
              RenderCounter at (36,0) size 9x21
                text run at (36,0) width 9: "2"
              RenderText at (45,0) size 5x21
                text run at (45,0) width 5: "-"
            RenderInline {SPAN} at (0,0) size 228x21
              RenderInline (generated) at (0,0) size 38x21
                RenderText at (50,0) size 11x21
                  text run at (50,0) width 11: "B"
                RenderCounter at (61,0) size 22x21
                  text run at (61,0) width 22: "2.1"
                RenderText at (83,0) size 5x21
                  text run at (83,0) width 5: "-"
              RenderInline {SPAN} at (0,0) size 76x21
                RenderInline (generated) at (0,0) size 38x21
                  RenderText at (88,0) size 11x21
                    text run at (88,0) width 11: "B"
                  RenderCounter at (99,0) size 22x21
                    text run at (99,0) width 22: "2.2"
                  RenderText at (121,0) size 5x21
                    text run at (121,0) width 5: "-"
                RenderInline (generated) at (0,0) size 38x21
                  RenderText at (126,0) size 11x21
                    text run at (126,0) width 11: "A"
                  RenderCounter at (137,0) size 22x21
                    text run at (137,0) width 22: "2.3"
                  RenderText at (159,0) size 5x21
                    text run at (159,0) width 5: "-"
              RenderInline {SPAN} at (0,0) size 76x21
                RenderInline (generated) at (0,0) size 38x21
                  RenderText at (164,0) size 11x21
                    text run at (164,0) width 11: "B"
                  RenderCounter at (175,0) size 22x21
                    text run at (175,0) width 22: "2.4"
                  RenderText at (197,0) size 5x21
                    text run at (197,0) width 5: "-"
                RenderInline (generated) at (0,0) size 38x21
                  RenderText at (202,0) size 11x21
                    text run at (202,0) width 11: "A"
                  RenderCounter at (213,0) size 22x21
                    text run at (213,0) width 22: "2.5"
                  RenderText at (235,0) size 5x21
                    text run at (235,0) width 5: "-"
              RenderInline (generated) at (0,0) size 38x21
                RenderText at (240,0) size 11x21
                  text run at (240,0) width 11: "A"
                RenderCounter at (251,0) size 22x21
                  text run at (251,0) width 22: "2.6"
                RenderText at (273,0) size 5x21
                  text run at (273,0) width 5: "-"
            RenderInline {SPAN} at (0,0) size 161x21
              RenderInline (generated) at (0,0) size 38x21
                RenderText at (278,0) size 11x21
                  text run at (278,0) width 11: "B"
                RenderCounter at (289,0) size 22x21
                  text run at (289,0) width 22: "2.7"
                RenderText at (311,0) size 5x21
                  text run at (311,0) width 5: "-"
              RenderInline {SPAN} at (0,0) size 76x21
                RenderInline (generated) at (0,0) size 38x21
                  RenderText at (316,0) size 11x21
                    text run at (316,0) width 11: "B"
                  RenderCounter at (327,0) size 22x21
                    text run at (327,0) width 22: "2.8"
                  RenderText at (349,0) size 5x21
                    text run at (349,0) width 5: "-"
                RenderInline (generated) at (0,0) size 38x21
                  RenderText at (354,0) size 11x21
                    text run at (354,0) width 11: "A"
                  RenderCounter at (365,0) size 22x21
                    text run at (365,0) width 22: "2.9"
                  RenderText at (387,0) size 5x21
                    text run at (387,0) width 5: "-"
              RenderInline (generated) at (0,0) size 47x21
                RenderText at (392,0) size 11x21
                  text run at (392,0) width 11: "A"
                RenderCounter at (403,0) size 31x21
                  text run at (403,0) width 31: "2.10"
                RenderText at (434,0) size 5x21
                  text run at (434,0) width 5: "-"
            RenderInline (generated) at (0,0) size 47x21
              RenderText at (439,0) size 11x21
                text run at (439,0) width 11: "A"
              RenderCounter at (450,0) size 31x21
                text run at (450,0) width 31: "2.11"
              RenderText at (481,0) size 5x21
                text run at (481,0) width 5: "-"
          RenderInline (generated) at (0,0) size 25x21
            RenderText at (486,0) size 11x21
              text run at (486,0) width 11: "A"
            RenderCounter at (497,0) size 9x21
              text run at (497,0) width 9: "3"
            RenderText at (506,0) size 5x21
              text run at (506,0) width 5: "-"
      RenderBlock {DIV} at (0,58) size 784x21
        RenderText {#text} at (0,0) size 511x21
          text run at (0,0) width 511: "B1-B2-B2.1-B2.2-A2.3-B2.4-A2.5-A2.6-B2.7-B2.8-A2.9-A2.10-A2.11-A3-"
