layer at (0,0) size 800x600
  RenderView at (0,0) size 800x600
layer at (0,0) size 800x97
  RenderBlock {HTML} at (0,0) size 800x97
    RenderBody {BODY} at (8,16) size 784x73
      RenderBlock {P} at (0,0) size 784x19
        RenderText {#text} at (0,0) size 216x19
          text run at (0,0) width 216: "The following two lines should look "
        RenderInline {EM} at (0,0) size 93x19
          RenderText {#text} at (216,0) size 93x19
            text run at (216,0) width 93: "approximately"
        RenderText {#text} at (309,0) size 60x19
          text run at (309,0) width 60: " the same:"
      RenderBlock {DIV} at (0,35) size 784x19
        RenderInline {SPAN} at (0,0) size 9x19
          RenderInline (generated) at (0,0) size 9x19
            RenderCounter at (0,0) size 9x19
              text run at (0,0) width 9: "\x{25A0}"
        RenderText {#text} at (9,0) size 4x19
          text run at (9,0) width 4: " "
        RenderInline {SPAN} at (0,0) size 9x19
          RenderInline (generated) at (0,0) size 9x19
            RenderCounter at (13,0) size 9x19
              text run at (13,0) width 9: "\x{25A0}"
        RenderText {#text} at (22,0) size 4x19
          text run at (22,0) width 4: " "
        RenderInline {SPAN} at (0,0) size 9x19
          RenderInline (generated) at (0,0) size 9x19
            RenderCounter at (26,0) size 9x19
              text run at (26,0) width 9: "\x{25A0}"
        RenderText {#text} at (35,0) size 4x19
          text run at (35,0) width 4: " "
        RenderInline {SPAN} at (0,0) size 9x19
          RenderInline (generated) at (0,0) size 9x19
            RenderCounter at (39,0) size 9x19
              text run at (39,0) width 9: "\x{25A0}"
        RenderText {#text} at (48,0) size 4x19
          text run at (48,0) width 4: " "
        RenderInline {SPAN} at (0,0) size 9x19
          RenderInline (generated) at (0,0) size 9x19
            RenderCounter at (52,0) size 9x19
              text run at (52,0) width 9: "\x{25A0}"
        RenderText {#text} at (61,0) size 4x19
          text run at (61,0) width 4: " "
        RenderInline {SPAN} at (0,0) size 9x19
          RenderInline (generated) at (0,0) size 9x19
            RenderCounter at (65,0) size 9x19
              text run at (65,0) width 9: "\x{25A0}"
        RenderText {#text} at (74,0) size 4x19
          text run at (74,0) width 4: " "
        RenderInline {SPAN} at (0,0) size 9x19
          RenderInline (generated) at (0,0) size 9x19
            RenderCounter at (78,0) size 9x19
              text run at (78,0) width 9: "\x{25A0}"
        RenderText {#text} at (87,0) size 4x19
          text run at (87,0) width 4: " "
        RenderInline {SPAN} at (0,0) size 9x19
          RenderInline (generated) at (0,0) size 9x19
            RenderCounter at (91,0) size 9x19
              text run at (91,0) width 9: "\x{25A0}"
        RenderText {#text} at (100,0) size 4x19
          text run at (100,0) width 4: " "
        RenderInline {SPAN} at (0,0) size 9x19
          RenderInline (generated) at (0,0) size 9x19
            RenderCounter at (104,0) size 9x19
              text run at (104,0) width 9: "\x{25A0}"
        RenderText {#text} at (113,0) size 4x19
          text run at (113,0) width 4: " "
        RenderInline {SPAN} at (0,0) size 9x19
          RenderInline (generated) at (0,0) size 9x19
            RenderCounter at (117,0) size 9x19
              text run at (117,0) width 9: "\x{25A0}"
        RenderText {#text} at (126,0) size 4x19
          text run at (126,0) width 4: " "
        RenderInline {SPAN} at (0,0) size 9x19
          RenderInline (generated) at (0,0) size 9x19
            RenderCounter at (130,0) size 9x19
              text run at (130,0) width 9: "\x{25A0}"
        RenderText {#text} at (139,0) size 4x19
          text run at (139,0) width 4: " "
        RenderInline {SPAN} at (0,0) size 9x19
          RenderInline (generated) at (0,0) size 9x19
            RenderCounter at (143,0) size 9x19
              text run at (143,0) width 9: "\x{25A0}"
        RenderText {#text} at (0,0) size 0x0
      RenderBlock {DIV} at (0,54) size 784x19
        RenderText {#text} at (0,0) size 44x19
          text run at (0,0) width 4: "\x{25FE} "
          text run at (4,0) width 4: "\x{25FE} "
          text run at (8,0) width 4: "\x{25FE} "
          text run at (12,0) width 4: "\x{25FE} "
          text run at (16,0) width 4: "\x{25FE} "
          text run at (20,0) width 4: "\x{25FE} "
          text run at (24,0) width 4: "\x{25FE} "
          text run at (28,0) width 4: "\x{25FE} "
          text run at (32,0) width 4: "\x{25FE} "
          text run at (36,0) width 4: "\x{25FE} "
          text run at (40,0) width 4: "\x{25FE} "
          text run at (44,0) width 0: "\x{25FE}"
