layer at (0,0) size 800x600
  RenderView at (0,0) size 800x600
layer at (0,0) size 800x103
  RenderBlock {HTML} at (0,0) size 800x103
    RenderBody {BODY} at (8,16) size 784x79
      RenderBlock {P} at (0,0) size 784x21
        RenderText {#text} at (0,0) size 322x21
          text run at (0,0) width 322: "The following two lines should look the same:"
      RenderBlock {DIV} at (0,37) size 784x21
        RenderInline {SPAN} at (0,0) size 26x21
          RenderInline (generated) at (0,0) size 26x21
            RenderCounter at (0,0) size 26x21
              text run at (0,0) width 26: "A.A"
        RenderText {#text} at (26,0) size 4x21
          text run at (26,0) width 4: " "
        RenderInline {SPAN} at (0,0) size 26x21
          RenderInline (generated) at (0,0) size 26x21
            RenderCounter at (30,0) size 26x21
              text run at (30,0) width 26: "A.B"
        RenderText {#text} at (56,0) size 4x21
          text run at (56,0) width 4: " "
        RenderInline {SPAN} at (0,0) size 27x21
          RenderInline (generated) at (0,0) size 27x21
            RenderCounter at (60,0) size 27x21
              text run at (60,0) width 27: "A.C"
        RenderText {#text} at (87,0) size 4x21
          text run at (87,0) width 4: " "
        RenderInline {SPAN} at (0,0) size 27x21
          RenderInline (generated) at (0,0) size 27x21
            RenderCounter at (91,0) size 27x21
              text run at (91,0) width 27: "A.D"
        RenderText {#text} at (118,0) size 4x21
          text run at (118,0) width 4: " "
        RenderInline {SPAN} at (0,0) size 26x21
          RenderInline (generated) at (0,0) size 26x21
            RenderCounter at (122,0) size 26x21
              text run at (122,0) width 26: "A.E"
        RenderText {#text} at (148,0) size 4x21
          text run at (148,0) width 4: " "
        RenderInline {SPAN} at (0,0) size 25x21
          RenderInline (generated) at (0,0) size 25x21
            RenderCounter at (152,0) size 25x21
              text run at (152,0) width 25: "A.F"
        RenderText {#text} at (177,0) size 4x21
          text run at (177,0) width 4: " "
        RenderInline {SPAN} at (0,0) size 27x21
          RenderInline (generated) at (0,0) size 27x21
            RenderCounter at (181,0) size 27x21
              text run at (181,0) width 27: "A.G"
        RenderText {#text} at (208,0) size 4x21
          text run at (208,0) width 4: " "
        RenderInline {SPAN} at (0,0) size 27x21
          RenderInline (generated) at (0,0) size 27x21
            RenderCounter at (212,0) size 27x21
              text run at (212,0) width 27: "A.H"
        RenderText {#text} at (239,0) size 4x21
          text run at (239,0) width 4: " "
        RenderInline {SPAN} at (0,0) size 19x21
          RenderInline (generated) at (0,0) size 19x21
            RenderCounter at (243,0) size 19x21
              text run at (243,0) width 19: "A.I"
        RenderText {#text} at (262,0) size 4x21
          text run at (262,0) width 4: " "
        RenderInline {SPAN} at (0,0) size 23x21
          RenderInline (generated) at (0,0) size 23x21
            RenderCounter at (266,0) size 23x21
              text run at (266,0) width 23: "A.J"
        RenderText {#text} at (289,0) size 4x21
          text run at (289,0) width 4: " "
        RenderInline {SPAN} at (0,0) size 26x21
          RenderInline (generated) at (0,0) size 26x21
            RenderCounter at (293,0) size 26x21
              text run at (293,0) width 26: "A.K"
        RenderText {#text} at (319,0) size 4x21
          text run at (319,0) width 4: " "
        RenderInline {SPAN} at (0,0) size 24x21
          RenderInline (generated) at (0,0) size 24x21
            RenderCounter at (323,0) size 24x21
              text run at (323,0) width 24: "A.L"
        RenderText {#text} at (0,0) size 0x0
      RenderBlock {DIV} at (0,58) size 784x21
        RenderText {#text} at (0,0) size 347x21
          text run at (0,0) width 30: "A.A "
          text run at (30,0) width 30: "A.B "
          text run at (60,0) width 31: "A.C "
          text run at (91,0) width 31: "A.D "
          text run at (122,0) width 30: "A.E "
          text run at (152,0) width 29: "A.F "
          text run at (181,0) width 31: "A.G "
          text run at (212,0) width 31: "A.H "
          text run at (243,0) width 23: "A.I "
          text run at (266,0) width 27: "A.J "
          text run at (293,0) width 30: "A.K "
          text run at (323,0) width 24: "A.L"
