layer at (0,0) size 784x2141
  RenderView at (0,0) size 784x600
layer at (0,0) size 784x2141
  RenderBlock {HTML} at (0,0) size 784x2141
    RenderBody {BODY} at (8,16) size 768x2109
      RenderBlock {P} at (0,0) size 768x22 [color=#C0C0C0]
        RenderText {#text} at (0,0) size 88x22
          text run at (0,0) width 88: "Dummy text."
      RenderBlock {P} at (0,38) size 768x22 [color=#C0C0C0]
        RenderText {#text} at (0,0) size 88x22
          text run at (0,0) width 88: "Dummy text."
      RenderBlock {P} at (0,76) size 768x22 [color=#C0C0C0]
        RenderText {#text} at (0,0) size 88x22
          text run at (0,0) width 88: "Dummy text."
      RenderBlock {P} at (0,114) size 768x44
        RenderText {#text} at (0,0) size 726x44
          text run at (0,0) width 423: "Scroll this document. A line of blue should remain stuck at the "
          text run at (423,0) width 303: "top of the viewport the whole time, and there"
          text run at (0,22) width 117: "should be no red "
          text run at (117,22) width 189: "below, just a block of green."
      RenderBlock {DIV} at (30,174) size 165x75 [color=#008000] [bgcolor=#008000]
        RenderText {#text} at (0,0) size 165x75
          text run at (0,0) width 165: "          X"
          text run at (0,15) width 165: "          X"
          text run at (0,30) width 165: "          X"
          text run at (0,45) width 165: "          X"
          text run at (0,60) width 165: "          X"
      RenderBlock {DIV} at (30,249) size 165x75 [color=#008000] [bgcolor=#008000]
        RenderText {#text} at (0,0) size 165x75
          text run at (0,0) width 165: "     X     "
          text run at (0,15) width 165: "     X     "
          text run at (0,30) width 165: "     X     "
          text run at (0,45) width 165: "     X     "
          text run at (0,60) width 165: "     X     "
      RenderBlock {DIV} at (30,324) size 165x75 [color=#008000] [bgcolor=#008000]
        RenderText {#text} at (0,0) size 165x75
          text run at (0,0) width 165: "XXXXXXXXXXX"
          text run at (0,15) width 165: "           "
          text run at (0,30) width 165: "           "
          text run at (0,45) width 165: "           "
          text run at (0,60) width 165: "           "
      RenderBlock {P} at (0,415) size 768x22 [color=#C0C0C0]
        RenderText {#text} at (0,0) size 88x22
          text run at (0,0) width 88: "Dummy text."
      RenderBlock {P} at (0,453) size 768x22 [color=#C0C0C0]
        RenderText {#text} at (0,0) size 88x22
          text run at (0,0) width 88: "Dummy text."
      RenderBlock {P} at (0,491) size 768x22 [color=#C0C0C0]
        RenderText {#text} at (0,0) size 88x22
          text run at (0,0) width 88: "Dummy text."
      RenderBlock {P} at (0,529) size 768x22 [color=#C0C0C0]
        RenderText {#text} at (0,0) size 88x22
          text run at (0,0) width 88: "Dummy text."
      RenderBlock {P} at (0,567) size 768x22 [color=#C0C0C0]
        RenderText {#text} at (0,0) size 88x22
          text run at (0,0) width 88: "Dummy text."
      RenderBlock {P} at (0,605) size 768x22 [color=#C0C0C0]
        RenderText {#text} at (0,0) size 88x22
          text run at (0,0) width 88: "Dummy text."
      RenderBlock {P} at (0,643) size 768x22 [color=#C0C0C0]
        RenderText {#text} at (0,0) size 88x22
          text run at (0,0) width 88: "Dummy text."
      RenderBlock {P} at (0,681) size 768x22 [color=#C0C0C0]
        RenderText {#text} at (0,0) size 88x22
          text run at (0,0) width 88: "Dummy text."
      RenderBlock {P} at (0,719) size 768x22 [color=#C0C0C0]
        RenderText {#text} at (0,0) size 88x22
          text run at (0,0) width 88: "Dummy text."
      RenderBlock {P} at (0,757) size 768x22 [color=#C0C0C0]
        RenderText {#text} at (0,0) size 88x22
          text run at (0,0) width 88: "Dummy text."
      RenderBlock {P} at (0,795) size 768x22 [color=#C0C0C0]
        RenderText {#text} at (0,0) size 88x22
          text run at (0,0) width 88: "Dummy text."
      RenderBlock {P} at (0,833) size 768x22 [color=#C0C0C0]
        RenderText {#text} at (0,0) size 88x22
          text run at (0,0) width 88: "Dummy text."
      RenderBlock {P} at (0,871) size 768x22 [color=#C0C0C0]
        RenderText {#text} at (0,0) size 88x22
          text run at (0,0) width 88: "Dummy text."
      RenderBlock {P} at (0,909) size 768x22 [color=#C0C0C0]
        RenderText {#text} at (0,0) size 88x22
          text run at (0,0) width 88: "Dummy text."
      RenderBlock {P} at (0,947) size 768x22 [color=#C0C0C0]
        RenderText {#text} at (0,0) size 88x22
          text run at (0,0) width 88: "Dummy text."
      RenderBlock {P} at (0,985) size 768x22 [color=#C0C0C0]
        RenderText {#text} at (0,0) size 88x22
          text run at (0,0) width 88: "Dummy text."
      RenderBlock {P} at (0,1023) size 768x22 [color=#C0C0C0]
        RenderText {#text} at (0,0) size 88x22
          text run at (0,0) width 88: "Dummy text."
      RenderBlock {P} at (0,1061) size 768x22 [color=#C0C0C0]
        RenderText {#text} at (0,0) size 88x22
          text run at (0,0) width 88: "Dummy text."
      RenderBlock {P} at (0,1099) size 768x22 [color=#C0C0C0]
        RenderText {#text} at (0,0) size 88x22
          text run at (0,0) width 88: "Dummy text."
      RenderBlock {P} at (0,1137) size 768x22 [color=#C0C0C0]
        RenderText {#text} at (0,0) size 88x22
          text run at (0,0) width 88: "Dummy text."
      RenderBlock {P} at (0,1175) size 768x22 [color=#C0C0C0]
        RenderText {#text} at (0,0) size 88x22
          text run at (0,0) width 88: "Dummy text."
      RenderBlock {P} at (0,1213) size 768x22 [color=#C0C0C0]
        RenderText {#text} at (0,0) size 88x22
          text run at (0,0) width 88: "Dummy text."
      RenderBlock {P} at (0,1251) size 768x22 [color=#C0C0C0]
        RenderText {#text} at (0,0) size 88x22
          text run at (0,0) width 88: "Dummy text."
      RenderBlock {P} at (0,1289) size 768x22 [color=#C0C0C0]
        RenderText {#text} at (0,0) size 88x22
          text run at (0,0) width 88: "Dummy text."
      RenderBlock {P} at (0,1327) size 768x22 [color=#C0C0C0]
        RenderText {#text} at (0,0) size 88x22
          text run at (0,0) width 88: "Dummy text."
      RenderBlock {P} at (0,1365) size 768x22 [color=#C0C0C0]
        RenderText {#text} at (0,0) size 88x22
          text run at (0,0) width 88: "Dummy text."
      RenderBlock {P} at (0,1403) size 768x22 [color=#C0C0C0]
        RenderText {#text} at (0,0) size 88x22
          text run at (0,0) width 88: "Dummy text."
      RenderBlock {P} at (0,1441) size 768x22 [color=#C0C0C0]
        RenderText {#text} at (0,0) size 88x22
          text run at (0,0) width 88: "Dummy text."
      RenderBlock {P} at (0,1479) size 768x22 [color=#C0C0C0]
        RenderText {#text} at (0,0) size 88x22
          text run at (0,0) width 88: "Dummy text."
      RenderBlock {P} at (0,1517) size 768x22 [color=#C0C0C0]
        RenderText {#text} at (0,0) size 88x22
          text run at (0,0) width 88: "Dummy text."
      RenderBlock {P} at (0,1555) size 768x22 [color=#C0C0C0]
        RenderText {#text} at (0,0) size 88x22
          text run at (0,0) width 88: "Dummy text."
      RenderBlock {P} at (0,1593) size 768x22 [color=#C0C0C0]
        RenderText {#text} at (0,0) size 88x22
          text run at (0,0) width 88: "Dummy text."
      RenderBlock {P} at (0,1631) size 768x22 [color=#C0C0C0]
        RenderText {#text} at (0,0) size 88x22
          text run at (0,0) width 88: "Dummy text."
      RenderBlock {P} at (0,1669) size 768x22 [color=#C0C0C0]
        RenderText {#text} at (0,0) size 88x22
          text run at (0,0) width 88: "Dummy text."
      RenderBlock {P} at (0,1707) size 768x22 [color=#C0C0C0]
        RenderText {#text} at (0,0) size 88x22
          text run at (0,0) width 88: "Dummy text."
      RenderBlock {P} at (0,1745) size 768x22 [color=#C0C0C0]
        RenderText {#text} at (0,0) size 88x22
          text run at (0,0) width 88: "Dummy text."
      RenderBlock {P} at (0,1783) size 768x22 [color=#C0C0C0]
        RenderText {#text} at (0,0) size 88x22
          text run at (0,0) width 88: "Dummy text."
      RenderBlock {P} at (0,1821) size 768x22 [color=#C0C0C0]
        RenderText {#text} at (0,0) size 88x22
          text run at (0,0) width 88: "Dummy text."
      RenderBlock {P} at (0,1859) size 768x22 [color=#C0C0C0]
        RenderText {#text} at (0,0) size 88x22
          text run at (0,0) width 88: "Dummy text."
      RenderBlock {P} at (0,1897) size 768x22 [color=#C0C0C0]
        RenderText {#text} at (0,0) size 88x22
          text run at (0,0) width 88: "Dummy text."
      RenderBlock {P} at (0,1935) size 768x22 [color=#C0C0C0]
        RenderText {#text} at (0,0) size 88x22
          text run at (0,0) width 88: "Dummy text."
      RenderBlock {P} at (0,1973) size 768x22 [color=#C0C0C0]
        RenderText {#text} at (0,0) size 88x22
          text run at (0,0) width 88: "Dummy text."
      RenderBlock {P} at (0,2011) size 768x22 [color=#C0C0C0]
        RenderText {#text} at (0,0) size 88x22
          text run at (0,0) width 88: "Dummy text."
      RenderBlock {P} at (0,2049) size 768x22 [color=#C0C0C0]
        RenderText {#text} at (0,0) size 88x22
          text run at (0,0) width 88: "Dummy text."
      RenderBlock {P} at (0,2087) size 768x22 [color=#C0C0C0]
        RenderText {#text} at (0,0) size 88x22
          text run at (0,0) width 88: "Dummy text."
