layer at (0,0) size 800x600
  RenderView at (0,0) size 800x600
layer at (0,0) size 800x298
  RenderBlock {HTML} at (0,0) size 800x298
    RenderBody {BODY} at (8,8) size 784x282
      RenderBlock {DIV} at (0,0) size 784x122
        RenderBlock {P} at (0,0) size 784x21 [color=#000080]
          RenderText {#text} at (0,0) size 272x21
            text run at (0,0) width 272: "This sentence should be in a serif font."
        RenderBlock {P} at (0,21) size 784x21 [color=#000080]
          RenderText {#text} at (0,0) size 272x21
            text run at (0,0) width 272: "This sentence should be in a serif font."
        RenderBlock {P} at (0,42) size 784x21 [color=#000080]
          RenderText {#text} at (0,0) size 311x21
            text run at (0,0) width 311: "This sentence should be in a sans-serif font."
        RenderBlock {P} at (0,63) size 784x21 [color=#000080]
          RenderText {#text} at (0,0) size 293x21
            text run at (0,0) width 293: "This sentence should be in a cursive font."
        RenderBlock {P} at (0,84) size 784x21 [color=#000080]
          RenderText {#text} at (0,0) size 293x21
            text run at (0,0) width 293: "This sentence should be in a fantasy font."
        RenderBlock {P} at (0,105) size 784x17 [color=#000080]
          RenderText {#text} at (0,0) size 268x17
            text run at (0,0) width 268: "This sentence should be in a monospace font."
      RenderBlock {P} at (0,122) size 784x21 [color=#000080]
        RenderText {#text} at (0,0) size 311x21
          text run at (0,0) width 311: "This sentence should be in a sans-serif font."
      RenderBlock {P} at (0,143) size 784x21 [color=#000080]
        RenderText {#text} at (0,0) size 325x21
          text run at (0,0) width 325: "This sentence should be in a monospace font."
      RenderBlock {DIV} at (0,164) size 784x118
        RenderBlock {P} at (0,0) size 784x17 [color=#000080]
          RenderText {#text} at (0,0) size 268x17
            text run at (0,0) width 268: "This sentence should be in a monospace font."
        RenderBlock {P} at (0,17) size 784x21 [color=#000080]
          RenderText {#text} at (0,0) size 272x21
            text run at (0,0) width 272: "This sentence should be in a serif font."
        RenderBlock {P} at (0,38) size 784x21 [color=#000080]
          RenderText {#text} at (0,0) size 311x21
            text run at (0,0) width 311: "This sentence should be in a sans-serif font."
        RenderBlock {P} at (0,59) size 784x21 [color=#000080]
          RenderText {#text} at (0,0) size 293x21
            text run at (0,0) width 293: "This sentence should be in a cursive font."
        RenderBlock {P} at (0,80) size 784x21 [color=#000080]
          RenderText {#text} at (0,0) size 293x21
            text run at (0,0) width 293: "This sentence should be in a fantasy font."
        RenderBlock {P} at (0,101) size 784x17 [color=#000080]
          RenderText {#text} at (0,0) size 268x17
            text run at (0,0) width 268: "This sentence should be in a monospace font."
