layer at (0,0) size 800x600
  RenderView at (0,0) size 800x600
layer at (0,0) size 800x206
  RenderBlock {HTML} at (0,0) size 800x206
    RenderBody {BODY} at (8,16) size 784x182
      RenderBlock {P} at (0,0) size 784x22
        RenderText {#text} at (0,0) size 766x22
          text run at (0,0) width 766: "There should be a stripy pattern of yellow and aqua below (each vertical stripe should be straight and unbroken)."
      RenderBlock {DIV} at (48,38) size 288x24 [color=#00FFFF] [bgcolor=#FFFF00]
        RenderText {#text} at (0,0) size 264x25
          text run at (0,0) width 264: "x  x  xx xx"
      RenderBlock {DIV} at (48,62) size 288x24 [color=#00FFFF] [bgcolor=#FFFF00]
        RenderText {#text} at (0,0) size 264x25
          text run at (0,0) width 264: "x  x  xx xx"
      RenderBlock {DIV} at (48,86) size 288x24 [color=#00FFFF] [bgcolor=#FFFF00]
        RenderText {#text} at (0,0) size 264x25
          text run at (0,0) width 264: "x  x  xx xx"
      RenderBlock {DIV} at (48,110) size 288x24 [color=#00FFFF] [bgcolor=#FFFF00]
        RenderText {#text} at (0,0) size 144x25
          text run at (0,0) width 144: "x x "
        RenderInline {SPAN} at (0,0) size 120x25
          RenderText {#text} at (144,0) size 120x25
            text run at (144,0) width 120: "xx xx"
        RenderText {#text} at (0,0) size 0x0
      RenderBlock {DIV} at (48,134) size 288x24 [color=#00FFFF] [bgcolor=#FFFF00]
        RenderText {#text} at (0,0) size 264x25
          text run at (0,0) width 264: "x  x  xx xx"
      RenderBlock {DIV} at (48,158) size 288x24 [color=#00FFFF] [bgcolor=#FFFF00]
        RenderText {#text} at (0,0) size 264x25
          text run at (0,0) width 264: "x   x   xx  xx"
