layer at (0,0) size 800x600
  RenderView at (0,0) size 800x600
layer at (0,0) size 800x241
  RenderBlock {HTML} at (0,0) size 800x241
    RenderBody {BODY} at (8,16) size 784x217
      RenderBlock {P} at (0,0) size 784x21
        RenderText {#text} at (0,0) size 357x21
          text run at (0,0) width 357: "There should be no red borders on the table below"
      RenderTable {TABLE} at (0,37) size 153x180 [border: (2px none #808080)]
        RenderTableSection {TBODY} at (2,2) size 148x175
          RenderTableRow {TR} at (0,0) size 148x58
            RenderTableCell {TD} at (0,15) size 44x28 [border: (3px inset #00FF00)] [r=0 c=0 rs=1 cs=1]
              RenderText {#text} at (4,4) size 34x21
                text run at (4,4) width 34: "inset"
            RenderTableCell {TD} at (44,13) size 61x31 [border: (3px inset #00FF00) (5px inset #FF0000) (3px inset #00FF00)] [r=0 c=1 rs=1 cs=1]
              RenderText {#text} at (4,4) size 34x21
                text run at (4,4) width 34: "inset"
            RenderTableCell {TD} at (105,15) size 43x28 [border: (3px inset #00FF00)] [r=0 c=2 rs=1 cs=1]
              RenderText {#text} at (4,4) size 34x21
                text run at (4,4) width 34: "inset"
          RenderTableRow {TR} at (0,58) size 148x60
            RenderTableCell {TD} at (0,74) size 44x28 [border: (3px inset #00FF00) (5px inset #FF0000) (2px inset #00FF00)] [r=1 c=0 rs=1 cs=1]
              RenderText {#text} at (4,4) size 34x21
                text run at (4,4) width 34: "inset"
            RenderTableCell {TD} at (44,71) size 61x33 [border: (5px double #00FF00)] [r=1 c=1 rs=1 cs=1]
              RenderText {#text} at (6,6) size 49x21
                text run at (6,6) width 49: "double"
            RenderTableCell {TD} at (105,74) size 43x28 [border: (3px inset #00FF00) (5px inset #FF0000)] [r=1 c=2 rs=1 cs=1]
              RenderText {#text} at (6,4) size 34x21
                text run at (6,4) width 34: "inset"
          RenderTableRow {TR} at (0,118) size 148x57
            RenderTableCell {TD} at (0,132) size 44x28 [border: (3px inset #00FF00)] [r=2 c=0 rs=1 cs=1]
              RenderText {#text} at (4,4) size 34x21
                text run at (4,4) width 34: "inset"
            RenderTableCell {TD} at (44,131) size 61x30 [border: (5px inset #FF0000) (2px inset #00FF00)] [r=2 c=1 rs=1 cs=1]
              RenderText {#text} at (4,6) size 34x21
                text run at (4,6) width 34: "inset"
            RenderTableCell {TD} at (105,132) size 43x28 [border: (3px inset #00FF00)] [r=2 c=2 rs=1 cs=1]
              RenderText {#text} at (4,4) size 34x21
                text run at (4,4) width 34: "inset"
