layer at (0,0) size 800x600
  RenderView at (0,0) size 800x600
layer at (0,0) size 800x239
  RenderBlock {HTML} at (0,0) size 800x239
    RenderBody {BODY} at (8,16) size 784x215
      RenderBlock {P} at (0,0) size 784x19
        RenderText {#text} at (0,0) size 306x19
          text run at (0,0) width 306: "There should be no red borders on the table below"
      RenderTable {TABLE} at (0,35) size 160x180 [border: (2px none #808080)]
        RenderTableSection {TBODY} at (2,2) size 155x175
          RenderTableRow {TR} at (0,0) size 155x58
            RenderTableCell {TD} at (0,16) size 51x26 [border: (3px double #00FF00)] [r=0 c=0 rs=1 cs=1]
              RenderText {#text} at (4,4) size 41x19
                text run at (4,4) width 41: "double"
            RenderTableCell {TD} at (51,14) size 54x29 [border: (3px double #00FF00) (5px double #FF0000) (3px double #00FF00)] [r=0 c=1 rs=1 cs=1]
              RenderText {#text} at (4,4) size 41x19
                text run at (4,4) width 41: "double"
            RenderTableCell {TD} at (105,16) size 50x26 [border: (3px double #00FF00)] [r=0 c=2 rs=1 cs=1]
              RenderText {#text} at (4,4) size 41x19
                text run at (4,4) width 41: "double"
          RenderTableRow {TR} at (0,58) size 155x60
            RenderTableCell {TD} at (0,75) size 51x26 [border: (3px double #00FF00) (5px double #FF0000) (2px double #00FF00)] [r=1 c=0 rs=1 cs=1]
              RenderText {#text} at (4,4) size 41x19
                text run at (4,4) width 41: "double"
            RenderTableCell {TD} at (51,72) size 54x31 [border: (5px groove #00FF00)] [r=1 c=1 rs=1 cs=1]
              RenderText {#text} at (6,6) size 42x19
                text run at (6,6) width 42: "groove"
            RenderTableCell {TD} at (105,75) size 50x26 [border: (3px double #00FF00) (5px double #FF0000)] [r=1 c=2 rs=1 cs=1]
              RenderText {#text} at (6,4) size 41x19
                text run at (6,4) width 41: "double"
          RenderTableRow {TR} at (0,118) size 155x57
            RenderTableCell {TD} at (0,133) size 51x26 [border: (3px double #00FF00)] [r=2 c=0 rs=1 cs=1]
              RenderText {#text} at (4,4) size 41x19
                text run at (4,4) width 41: "double"
            RenderTableCell {TD} at (51,132) size 54x28 [border: (5px double #FF0000) (2px double #00FF00)] [r=2 c=1 rs=1 cs=1]
              RenderText {#text} at (4,6) size 41x19
                text run at (4,6) width 41: "double"
            RenderTableCell {TD} at (105,133) size 50x26 [border: (3px double #00FF00)] [r=2 c=2 rs=1 cs=1]
              RenderText {#text} at (4,4) size 41x19
                text run at (4,4) width 41: "double"
