layer at (0,0) size 800x600
  RenderView at (0,0) size 800x600
layer at (0,0) size 800x241
  RenderBlock {HTML} at (0,0) size 800x241
    RenderBody {BODY} at (8,16) size 784x217
      RenderBlock {P} at (0,0) size 784x21
        RenderText {#text} at (0,0) size 357x21
          text run at (0,0) width 357: "There should be no red borders on the table below"
      RenderTable {TABLE} at (0,37) size 183x180 [border: (2px none #808080)]
        RenderTableSection {TBODY} at (2,2) size 178x175
          RenderTableRow {TR} at (0,0) size 178x58
            RenderTableCell {TD} at (0,15) size 59x28 [border: (3px groove #00FF00)] [r=0 c=0 rs=1 cs=1]
              RenderText {#text} at (4,4) size 49x21
                text run at (4,4) width 49: "groove"
            RenderTableCell {TD} at (59,13) size 61x31 [border: (3px groove #00FF00) (5px groove #FF0000) (3px groove #00FF00)] [r=0 c=1 rs=1 cs=1]
              RenderText {#text} at (4,4) size 49x21
                text run at (4,4) width 49: "groove"
            RenderTableCell {TD} at (120,15) size 58x28 [border: (3px groove #00FF00)] [r=0 c=2 rs=1 cs=1]
              RenderText {#text} at (4,4) size 49x21
                text run at (4,4) width 49: "groove"
          RenderTableRow {TR} at (0,58) size 178x60
            RenderTableCell {TD} at (0,74) size 59x28 [border: (3px groove #00FF00) (5px groove #FF0000) (2px groove #00FF00)] [r=1 c=0 rs=1 cs=1]
              RenderText {#text} at (4,4) size 49x21
                text run at (4,4) width 49: "groove"
            RenderTableCell {TD} at (59,71) size 61x33 [border: (5px groove #00FF00)] [r=1 c=1 rs=1 cs=1]
              RenderText {#text} at (6,6) size 49x21
                text run at (6,6) width 49: "groove"
            RenderTableCell {TD} at (120,74) size 58x28 [border: (3px groove #00FF00) (5px groove #FF0000)] [r=1 c=2 rs=1 cs=1]
              RenderText {#text} at (6,4) size 49x21
                text run at (6,4) width 49: "groove"
          RenderTableRow {TR} at (0,118) size 178x57
            RenderTableCell {TD} at (0,132) size 59x28 [border: (3px groove #00FF00)] [r=2 c=0 rs=1 cs=1]
              RenderText {#text} at (4,4) size 49x21
                text run at (4,4) width 49: "groove"
            RenderTableCell {TD} at (59,131) size 61x30 [border: (5px groove #FF0000) (2px groove #00FF00)] [r=2 c=1 rs=1 cs=1]
              RenderText {#text} at (4,6) size 49x21
                text run at (4,6) width 49: "groove"
            RenderTableCell {TD} at (120,132) size 58x28 [border: (3px groove #00FF00)] [r=2 c=2 rs=1 cs=1]
              RenderText {#text} at (4,4) size 49x21
                text run at (4,4) width 49: "groove"
