layer at (0,0) size 800x600
  RenderView at (0,0) size 800x600
layer at (0,0) size 800x231
  RenderBlock {HTML} at (0,0) size 800x231
    RenderBody {BODY} at (8,16) size 784x207
      RenderBlock {P} at (0,0) size 784x21
        RenderText {#text} at (0,0) size 357x21
          text run at (0,0) width 357: "There should be no red borders on the table below"
      RenderTable {TABLE} at (0,37) size 142x170
        RenderTableSection {TBODY} at (0,0) size 142x170
          RenderTableRow {TR} at (0,0) size 142x55
            RenderTableCell {TD} at (0,16) size 43x23 [r=0 c=0 rs=1 cs=1]
              RenderText {#text} at (1,1) size 36x21
                text run at (1,1) width 36: "none"
            RenderTableCell {TD} at (43,13) size 56x28 [border: none] [r=0 c=1 rs=1 cs=1]
              RenderText {#text} at (1,1) size 36x21
                text run at (1,1) width 36: "none"
            RenderTableCell {TD} at (99,16) size 43x23 [r=0 c=2 rs=1 cs=1]
              RenderText {#text} at (1,1) size 36x21
                text run at (1,1) width 36: "none"
          RenderTableRow {TR} at (0,55) size 142x60
            RenderTableCell {TD} at (0,73) size 43x23 [border: none] [r=1 c=0 rs=1 cs=1]
              RenderText {#text} at (1,1) size 36x21
                text run at (1,1) width 36: "none"
            RenderTableCell {TD} at (43,68) size 56x33 [border: (5px dotted #00FF00)] [r=1 c=1 rs=1 cs=1]
              RenderText {#text} at (6,6) size 44x21
                text run at (6,6) width 44: "dotted"
            RenderTableCell {TD} at (99,73) size 43x23 [border: none] [r=1 c=2 rs=1 cs=1]
              RenderText {#text} at (6,1) size 36x21
                text run at (6,1) width 36: "none"
          RenderTableRow {TR} at (0,115) size 142x55
            RenderTableCell {TD} at (0,131) size 43x23 [r=2 c=0 rs=1 cs=1]
              RenderText {#text} at (1,1) size 36x21
                text run at (1,1) width 36: "none"
            RenderTableCell {TD} at (43,128) size 56x28 [border: (5px none #FF0000)] [r=2 c=1 rs=1 cs=1]
              RenderText {#text} at (1,6) size 36x21
                text run at (1,6) width 36: "none"
            RenderTableCell {TD} at (99,131) size 43x23 [r=2 c=2 rs=1 cs=1]
              RenderText {#text} at (1,1) size 36x21
                text run at (1,1) width 36: "none"
