layer at (0,0) size 800x600
  RenderView at (0,0) size 800x600
layer at (0,0) size 800x229
  RenderBlock {HTML} at (0,0) size 800x229
    RenderBody {BODY} at (8,16) size 784x205
      RenderBlock {P} at (0,0) size 784x19
        RenderText {#text} at (0,0) size 306x19
          text run at (0,0) width 306: "There should be no red borders on the table below"
      RenderTable {TABLE} at (0,35) size 117x170 [border: (2px none #808080)]
        RenderTableSection {TBODY} at (2,2) size 112x165
          RenderTableRow {TR} at (0,0) size 112x55
            RenderTableCell {TD} at (0,14) size 35x26 [border: (3px solid #00FF00)] [r=0 c=0 rs=1 cs=1]
              RenderText {#text} at (4,4) size 28x19
                text run at (4,4) width 28: "solid"
            RenderTableCell {TD} at (35,15) size 42x24 [border: (3px solid #00FF00) none (3px solid #00FF00)] [r=0 c=1 rs=1 cs=1]
              RenderText {#text} at (4,4) size 28x19
                text run at (4,4) width 28: "solid"
            RenderTableCell {TD} at (77,14) size 35x26 [border: (3px solid #00FF00)] [r=0 c=2 rs=1 cs=1]
              RenderText {#text} at (4,4) size 28x19
                text run at (4,4) width 28: "solid"
          RenderTableRow {TR} at (0,55) size 112x55
            RenderTableCell {TD} at (0,69) size 35x26 [border: (3px solid #00FF00) none (2px solid #00FF00)] [r=1 c=0 rs=1 cs=1]
              RenderText {#text} at (4,4) size 28x19
                text run at (4,4) width 28: "solid"
            RenderTableCell {TD} at (35,72) size 42x21 [r=1 c=1 rs=1 cs=1]
              RenderText {#text} at (1,1) size 40x19
                text run at (1,1) width 40: "hidden"
            RenderTableCell {TD} at (77,69) size 35x26 [border: (3px solid #00FF00) none] [r=1 c=2 rs=1 cs=1]
              RenderText {#text} at (1,4) size 28x19
                text run at (1,4) width 28: "solid"
          RenderTableRow {TR} at (0,110) size 112x55
            RenderTableCell {TD} at (0,124) size 35x26 [border: (3px solid #00FF00)] [r=2 c=0 rs=1 cs=1]
              RenderText {#text} at (4,4) size 28x19
                text run at (4,4) width 28: "solid"
            RenderTableCell {TD} at (35,126) size 42x23 [border: none (2px solid #00FF00)] [r=2 c=1 rs=1 cs=1]
              RenderText {#text} at (4,1) size 28x19
                text run at (4,1) width 28: "solid"
            RenderTableCell {TD} at (77,124) size 35x26 [border: (3px solid #00FF00)] [r=2 c=2 rs=1 cs=1]
              RenderText {#text} at (4,4) size 28x19
                text run at (4,4) width 28: "solid"
