layer at (0,0) size 800x600
  RenderView at (0,0) size 800x600
layer at (0,0) size 800x229
  RenderBlock {HTML} at (0,0) size 800x229
    RenderBody {BODY} at (8,16) size 784x205
      RenderBlock {P} at (0,0) size 784x19
        RenderText {#text} at (0,0) size 306x19
          text run at (0,0) width 306: "There should be no red borders on the table below"
      RenderTable {TABLE} at (0,35) size 112x170
        RenderTableSection {TBODY} at (0,0) size 112x170
          RenderTableRow {TR} at (0,0) size 112x55
            RenderTableCell {TD} at (0,17) size 36x21 [r=0 c=0 rs=1 cs=1]
              RenderText {#text} at (1,1) size 29x19
                text run at (1,1) width 29: "none"
            RenderTableCell {TD} at (36,14) size 40x26 [border: none] [r=0 c=1 rs=1 cs=1]
              RenderText {#text} at (1,1) size 29x19
                text run at (1,1) width 29: "none"
            RenderTableCell {TD} at (76,17) size 36x21 [r=0 c=2 rs=1 cs=1]
              RenderText {#text} at (1,1) size 29x19
                text run at (1,1) width 29: "none"
          RenderTableRow {TR} at (0,55) size 112x60
            RenderTableCell {TD} at (0,74) size 36x21 [border: none] [r=1 c=0 rs=1 cs=1]
              RenderText {#text} at (1,1) size 29x19
                text run at (1,1) width 29: "none"
            RenderTableCell {TD} at (36,69) size 40x31 [border: (5px solid #00FF00)] [r=1 c=1 rs=1 cs=1]
              RenderText {#text} at (6,6) size 28x19
                text run at (6,6) width 28: "solid"
            RenderTableCell {TD} at (76,74) size 36x21 [border: none] [r=1 c=2 rs=1 cs=1]
              RenderText {#text} at (6,1) size 29x19
                text run at (6,1) width 29: "none"
          RenderTableRow {TR} at (0,115) size 112x55
            RenderTableCell {TD} at (0,132) size 36x21 [r=2 c=0 rs=1 cs=1]
              RenderText {#text} at (1,1) size 29x19
                text run at (1,1) width 29: "none"
            RenderTableCell {TD} at (36,129) size 40x26 [border: (5px none #FF0000)] [r=2 c=1 rs=1 cs=1]
              RenderText {#text} at (1,6) size 29x19
                text run at (1,6) width 29: "none"
            RenderTableCell {TD} at (76,132) size 36x21 [r=2 c=2 rs=1 cs=1]
              RenderText {#text} at (1,1) size 29x19
                text run at (1,1) width 29: "none"
