layer at (0,0) size 800x600
  RenderView at (0,0) size 800x600
layer at (0,0) size 800x239
  RenderBlock {HTML} at (0,0) size 800x239
    RenderBody {BODY} at (8,16) size 784x215
      RenderBlock {P} at (0,0) size 784x19
        RenderText {#text} at (0,0) size 306x19
          text run at (0,0) width 306: "There should be no red borders on the table below"
      RenderTable {TABLE} at (0,35) size 139x180 [border: (2px none #808080)]
        RenderTableSection {TBODY} at (2,2) size 134x175
          RenderTableRow {TR} at (0,0) size 134x58
            RenderTableCell {TD} at (0,16) size 40x26 [border: (3px ridge #00FF00)] [r=0 c=0 rs=1 cs=1]
              RenderText {#text} at (4,4) size 30x19
                text run at (4,4) width 30: "ridge"
            RenderTableCell {TD} at (40,14) size 55x29 [border: (3px ridge #00FF00) (5px ridge #FF0000) (3px ridge #00FF00)] [r=0 c=1 rs=1 cs=1]
              RenderText {#text} at (4,4) size 30x19
                text run at (4,4) width 30: "ridge"
            RenderTableCell {TD} at (95,16) size 39x26 [border: (3px ridge #00FF00)] [r=0 c=2 rs=1 cs=1]
              RenderText {#text} at (4,4) size 30x19
                text run at (4,4) width 30: "ridge"
          RenderTableRow {TR} at (0,58) size 134x60
            RenderTableCell {TD} at (0,75) size 40x26 [border: (3px ridge #00FF00) (5px ridge #FF0000) (2px ridge #00FF00)] [r=1 c=0 rs=1 cs=1]
              RenderText {#text} at (4,4) size 30x19
                text run at (4,4) width 30: "ridge"
            RenderTableCell {TD} at (40,72) size 55x31 [border: (5px dashed #00FF00)] [r=1 c=1 rs=1 cs=1]
              RenderText {#text} at (6,6) size 43x19
                text run at (6,6) width 43: "dashed"
            RenderTableCell {TD} at (95,75) size 39x26 [border: (3px ridge #00FF00) (5px ridge #FF0000)] [r=1 c=2 rs=1 cs=1]
              RenderText {#text} at (6,4) size 30x19
                text run at (6,4) width 30: "ridge"
          RenderTableRow {TR} at (0,118) size 134x57
            RenderTableCell {TD} at (0,133) size 40x26 [border: (3px ridge #00FF00)] [r=2 c=0 rs=1 cs=1]
              RenderText {#text} at (4,4) size 30x19
                text run at (4,4) width 30: "ridge"
            RenderTableCell {TD} at (40,132) size 55x28 [border: (5px ridge #FF0000) (2px ridge #00FF00)] [r=2 c=1 rs=1 cs=1]
              RenderText {#text} at (4,6) size 30x19
                text run at (4,6) width 30: "ridge"
            RenderTableCell {TD} at (95,133) size 39x26 [border: (3px ridge #00FF00)] [r=2 c=2 rs=1 cs=1]
              RenderText {#text} at (4,4) size 30x19
                text run at (4,4) width 30: "ridge"
