layer at (0,0) size 360x1600
  RenderView at (0,0) size 360x240
layer at (0,0) size 360x1600
  RenderBlock {HTML} at (0,0) size 360x1600
    RenderBody {BODY} at (8,8) size 344x1584
      RenderBlock {DIV} at (0,0) size 344x792 [border: (1px solid #000000)]
        RenderBlock {H2} at (1,20) size 342x28
          RenderText {#text} at (0,0) size 196x28
            text run at (0,0) width 196: "SVG border-image"
        RenderBlock (anonymous) at (1,67) size 342x724
          RenderBlock {DIV} at (10,10) size 160x160 [border: (30px none #000000)]
          RenderText {#text} at (0,0) size 0x0
          RenderBlock {DIV} at (10,190) size 160x160 [border: (30px none #000000)]
          RenderText {#text} at (180,346) size 4x18
            text run at (180,346) width 4: " "
          RenderBR {BR} at (0,0) size 0x0
          RenderBlock {DIV} at (10,374) size 160x160 [border: (30px none #000000)]
          RenderText {#text} at (0,0) size 0x0
          RenderBlock {DIV} at (10,554) size 160x160 [border: (30px none #000000)]
          RenderText {#text} at (0,0) size 0x0
      RenderText {#text} at (0,0) size 0x0
      RenderBlock {DIV} at (0,792) size 344x792 [border: (1px solid #000000)]
        RenderBlock {H2} at (1,20) size 342x28
          RenderText {#text} at (0,0) size 198x28
            text run at (0,0) width 198: "PNG border-image"
        RenderBlock (anonymous) at (1,67) size 342x724
          RenderBlock {DIV} at (10,10) size 160x160 [border: (30px none #000000)]
          RenderText {#text} at (0,0) size 0x0
          RenderBlock {DIV} at (10,190) size 160x160 [border: (30px none #000000)]
          RenderText {#text} at (180,346) size 4x18
            text run at (180,346) width 4: " "
          RenderBR {BR} at (0,0) size 0x0
          RenderBlock {DIV} at (10,374) size 160x160 [border: (30px none #000000)]
          RenderText {#text} at (0,0) size 0x0
          RenderBlock {DIV} at (10,554) size 160x160 [border: (30px none #000000)]
          RenderText {#text} at (0,0) size 0x0
      RenderText {#text} at (0,0) size 0x0
