layer at (0,0) size 800x600
  RenderView at (0,0) size 800x600
layer at (0,0) size 800x600
  RenderBlock {HTML} at (0,0) size 800x600
    RenderBody {BODY} at (8,8) size 784x576
      RenderBlock (anonymous) at (0,0) size 784x42
        RenderText {#text} at (0,0) size 755x42
          text run at (0,0) width 755: "The box below should be solid green. If there are 10 pixels of red visible on the top and left, the background"
          text run at (0,21) width 254: "image is being repeated improperly."
      RenderBlock {P} at (0,58) size 784x0
      RenderBlock {P} at (0,58) size 50x50 [bgcolor=#008000]
