layer at (0,0) size 784x854
  RenderView at (0,0) size 784x600
layer at (0,0) size 784x854
  RenderBlock {HTML} at (0,0) size 784x854
    RenderBody {BODY} at (8,8) size 768x838
      RenderBlock {DIV} at (0,0) size 768x149
        RenderBlock {DIV} at (10,10) size 268x129
          RenderBlock {DIV} at (12,12) size 110x100 [bgcolor=#000000] [border: (20px solid #FFFFFF)]
          RenderText {#text} at (132,106) size 4x21
            text run at (132,106) width 4: " "
          RenderBlock {DIV} at (146,12) size 110x100 [bgcolor=#000000] [border: (20px double #FFFFFF)]
          RenderText {#text} at (0,0) size 0x0
        RenderText {#text} at (288,116) size 4x21
          text run at (288,116) width 4: " "
        RenderBlock {DIV} at (302,10) size 268x129 [bgcolor=#808080]
          RenderBlock {DIV} at (12,12) size 110x100 [bgcolor=#FFFFFF] [border: (20px solid #0000FF7F)]
          RenderText {#text} at (132,106) size 4x21
            text run at (132,106) width 4: " "
          RenderBlock {DIV} at (146,12) size 110x100 [bgcolor=#FFFFFF] [border: (20px double #0000FF7F)]
          RenderText {#text} at (0,0) size 0x0
        RenderText {#text} at (0,0) size 0x0
layer at (8,157) size 768x149
  RenderBlock {DIV} at (0,149) size 768x149
    RenderBlock {DIV} at (10,10) size 268x129
      RenderBlock {DIV} at (12,12) size 110x100 [bgcolor=#000000] [border: (20px solid #FFFFFF)]
      RenderText {#text} at (132,106) size 4x21
        text run at (132,106) width 4: " "
      RenderBlock {DIV} at (146,12) size 110x100 [bgcolor=#000000] [border: (20px double #FFFFFF)]
      RenderText {#text} at (0,0) size 0x0
    RenderText {#text} at (288,116) size 4x21
      text run at (288,116) width 4: " "
    RenderBlock {DIV} at (302,10) size 268x129 [bgcolor=#808080]
      RenderBlock {DIV} at (12,12) size 110x100 [bgcolor=#FFFFFF] [border: (20px solid #0000FF7F)]
      RenderText {#text} at (132,106) size 4x21
        text run at (132,106) width 4: " "
      RenderBlock {DIV} at (146,12) size 110x100 [bgcolor=#FFFFFF] [border: (20px double #0000FF7F)]
      RenderText {#text} at (0,0) size 0x0
    RenderText {#text} at (0,0) size 0x0
layer at (8,306) size 159x540
  RenderBlock {DIV} at (0,298) size 159x540
    RenderBlock {DIV} at (10,10) size 139x248
      RenderBlock {DIV} at (17,12) size 110x100 [bgcolor=#000000] [border: (20px solid #FFFFFF)]
      RenderText {#text} at (2,122) size 21x4
        text run at (2,122) width 4: " "
      RenderBlock {DIV} at (17,136) size 110x100 [bgcolor=#000000] [border: (20px double #FFFFFF)]
      RenderText {#text} at (0,0) size 0x0
    RenderText {#text} at (126,268) size 21x4
      text run at (126,268) width 4: " "
    RenderBlock {DIV} at (10,282) size 139x248 [bgcolor=#808080]
      RenderBlock {DIV} at (17,12) size 110x100 [bgcolor=#FFFFFF] [border: (20px solid #0000FF7F)]
      RenderText {#text} at (2,122) size 21x4
        text run at (2,122) width 4: " "
      RenderBlock {DIV} at (17,136) size 110x100 [bgcolor=#FFFFFF] [border: (20px double #0000FF7F)]
      RenderText {#text} at (0,0) size 0x0
    RenderText {#text} at (0,0) size 0x0
