layer at (0,0) size 800x600
  RenderView at (0,0) size 800x600
layer at (0,0) size 800x144
  RenderBlock {HTML} at (0,0) size 800x144 [bgcolor=#008000]
    RenderBody {BODY} at (50,50) size 700x44 [bgcolor=#808080]
      RenderBlock {P} at (0,0) size 700x44
        RenderText {#text} at (0,0) size 697x44
          text run at (0,0) width 697: "The document background should be red, and the body gray. The rest of the viewport should be white."
          text run at (0,22) width 349: "The document and body should have opacity of 0.3."
