layer at (0,0) size 800x600
  RenderView at (0,0) size 800x600
layer at (0,0) size 800x600
  RenderBlock {HTML} at (0,0) size 800x600
    RenderBody {BODY} at (8,8) size 784x584
      RenderBlock {DIV} at (0,0) size 784x20
        RenderText {#text} at (0,0) size 514x19
          text run at (0,0) width 514: "This test passes if the video controls are non-blurry and properly positioned in HiDPI."
      RenderBlock (anonymous) at (0,20) size 784x150
        RenderText {#text} at (0,0) size 0x0
layer at (8,28) size 300x150
  RenderVideo {VIDEO} at (0,0) size 300x150
layer at (8,28) size 300x150
  RenderDeprecatedFlexibleBox (relative positioned) {DIV} at (0,0) size 300x150
    RenderBlock {DIV} at (0,115) size 300x35
layer at (13,143) size 290x30 scrollHeight 36
  RenderDeprecatedFlexibleBox (relative positioned) {DIV} at (5,0) size 290x30 [bgcolor=#141414CC]
    RenderButton {INPUT} at (9,0) size 30x30
    RenderSlider {INPUT} at (48,11) size 152x8
      RenderDeprecatedFlexibleBox {DIV} at (0,0) size 152x8 [border: (1px solid #E6E6E659)]
        RenderBlock {DIV} at (1,1) size 132x24
        RenderBlock {DIV} at (126,1) size 32x24
    RenderDeprecatedFlexibleBox {DIV} at (215,0) size 25x30 [color=#FFFFFF]
      RenderBlock (anonymous) at (0,0) size 25x30
        RenderText {#text} at (0,7) size 25x16
          text run at (0,7) width 25: "0:00"
    RenderButton {INPUT} at (249,0) size 35x30
layer at (55,146) size 32x24
  RenderBlock (relative positioned) {DIV} at (-7,-8) size 32x24
