layer at (0,0) size 785x4619
  RenderView at (0,0) size 785x600
layer at (0,0) size 785x4619
  RenderBlock {HTML} at (0,0) size 785x4619
    RenderBody {BODY} at (8,8) size 769x4603
      RenderBlock {DIV} at (0,0) size 769x4587
        RenderBlock (anonymous) at (0,0) size 769x18
          RenderText {#text} at (0,0) size 4x18
            text run at (0,0) width 4: " "
        RenderTable {TABLE} at (67,18) size 474x4521
          RenderTableSection {TBODY} at (0,0) size 473x4521
            RenderTableRow {TR} at (0,0) size 473x21
              RenderTableCell {TD} at (0,0) size 469x21 [r=0 c=0 rs=1 cs=4]
                RenderBlock {P} at (7,0) size 456x0
                  RenderInline {B} at (0,0) size 0x0
                    RenderInline {SPAN} at (0,0) size 0x0
                      RenderInline {O:P} at (0,0) size 0x0
                RenderBlock {P} at (7,0) size 456x21
                  RenderInline {B} at (0,0) size 405x15
                    RenderInline {SPAN} at (0,0) size 405x15
                      RenderInline {FONT} at (0,0) size 405x20 [color=#008080]
                        RenderText {#text} at (25,0) size 405x20
                          text run at (25,0) width 190: "Radio Channel usage at "
                          text run at (214,0) width 216: "Bayside.    Rev date 6-25-01"
                RenderBlock {P} at (7,21) size 456x0
                  RenderInline {B} at (0,0) size 0x0
                    RenderInline {SPAN} at (0,0) size 0x0
                      RenderInline {O:P} at (0,0) size 0x0
            RenderTableRow {TR} at (0,21) size 473x34
              RenderTableCell {TD} at (0,21) size 97x34 [r=1 c=0 rs=1 cs=1]
                RenderInline {B} at (0,0) size 55x35
                  RenderInline {SPAN} at (0,0) size 55x34
                    RenderText {#text} at (21,0) size 55x34
                      text run at (21,0) width 55: "Channel"
                      text run at (23,17) width 51: "number"
                RenderText {#text} at (0,0) size 0x0
              RenderTableCell {TD} at (97,21) size 169x17 [r=1 c=1 rs=1 cs=1]
                RenderInline {B} at (0,0) size 95x18
                  RenderInline {SPAN} at (0,0) size 95x17
                    RenderText {#text} at (37,0) size 95x17
                      text run at (37,0) width 95: "Member name"
                RenderText {#text} at (0,0) size 0x0
              RenderTableCell {TD} at (266,21) size 98x34 [r=1 c=2 rs=1 cs=1]
                RenderBlock {P} at (7,0) size 85x17
                  RenderInline {B} at (0,0) size 46x15
                    RenderInline {SPAN} at (0,0) size 46x16
                      RenderText {#text} at (19,0) size 46x16
                        text run at (19,0) width 46: "Proper"
                      RenderInline {SPAN} at (0,0) size 0x16
                        RenderInline {O:P} at (0,0) size 0x16
                RenderBlock {P} at (7,17) size 85x17
                  RenderInline {B} at (0,0) size 36x15
                    RenderInline {SPAN} at (0,0) size 36x16
                      RenderText {#text} at (24,0) size 36x16
                        text run at (24,0) width 36: "Plane"
              RenderTableCell {TD} at (364,21) size 105x34 [r=1 c=3 rs=1 cs=1]
                RenderBlock {P} at (7,0) size 92x17
                  RenderInline {B} at (0,0) size 69x15
                    RenderInline {SPAN} at (0,0) size 69x16
                      RenderText {#text} at (11,0) size 69x16
                        text run at (11,0) width 69: "Helicopter"
                      RenderInline {SPAN} at (0,0) size 0x16
                        RenderInline {O:P} at (0,0) size 0x16
                RenderBlock {P} at (7,17) size 92x17
                  RenderInline {B} at (0,0) size 51x15
                    RenderInline {SPAN} at (0,0) size 51x16
                      RenderText {#text} at (20,0) size 51x16
                        text run at (20,0) width 51: "thingy.-"
            RenderTableRow {TR} at (0,55) size 473x32
              RenderTableCell {TD} at (0,55) size 97x16 [r=2 c=0 rs=1 cs=1]
                RenderBlock {P} at (7,0) size 84x16
                  RenderText {#text} at (34,0) size 15x15
                    text run at (34,0) width 15: "00"
                  RenderInline {SPAN} at (0,0) size 1x15
                    RenderInline {O:P} at (0,0) size 1x15
              RenderTableCell {TD} at (97,55) size 169x32 [r=2 c=1 rs=1 cs=1]
                RenderBlock {P} at (7,0) size 156x16
                  RenderText {#text} at (0,0) size 55x15
                    text run at (0,0) width 55: "Paul Scott"
                RenderBlock {P} at (7,16) size 156x16
                  RenderText {#text} at (0,0) size 93x15
                    text run at (0,0) width 93: "Donald Carvalho"
                  RenderInline {SPAN} at (0,0) size 0x15
                    RenderInline {O:P} at (0,0) size 0x15
              RenderTableCell {TD} at (266,55) size 98x16 [r=2 c=2 rs=1 cs=1]
                RenderBlock {P} at (7,0) size 85x16
                  RenderText {#text} at (34,0) size 16x15
                    text run at (34,0) width 16: "No"
                  RenderInline {SPAN} at (0,0) size 0x15
                    RenderInline {O:P} at (0,0) size 0x15
              RenderTableCell {TD} at (364,55) size 105x16 [r=2 c=3 rs=1 cs=1]
                RenderBlock {P} at (7,0) size 92x16
                  RenderText {#text} at (35,0) size 21x15
                    text run at (35,0) width 21: "Yes"
                  RenderInline {SPAN} at (0,0) size 1x15
                    RenderInline {O:P} at (0,0) size 1x15
            RenderTableRow {TR} at (0,87) size 473x16
              RenderTableCell {TD} at (0,87) size 97x16 [r=3 c=0 rs=1 cs=1]
                RenderBlock {P} at (7,0) size 84x16
                  RenderText {#text} at (34,0) size 15x15
                    text run at (34,0) width 15: "01"
                  RenderInline {SPAN} at (0,0) size 1x15
                    RenderInline {O:P} at (0,0) size 1x15
              RenderTableCell {TD} at (97,87) size 169x16 [r=3 c=1 rs=1 cs=1]
                RenderBlock {P} at (7,0) size 156x16
                  RenderText {#text} at (0,0) size 55x15
                    text run at (0,0) width 55: "Paul Scott"
                  RenderInline {SPAN} at (0,0) size 0x15
                    RenderInline {O:P} at (0,0) size 0x15
              RenderTableCell {TD} at (266,87) size 98x16 [r=3 c=2 rs=1 cs=1]
                RenderBlock {P} at (7,0) size 85x16
                  RenderText {#text} at (34,0) size 16x15
                    text run at (34,0) width 16: "No"
                  RenderInline {SPAN} at (0,0) size 0x15
                    RenderInline {O:P} at (0,0) size 0x15
              RenderTableCell {TD} at (364,87) size 105x16 [r=3 c=3 rs=1 cs=1]
                RenderBlock {P} at (7,0) size 92x16
                  RenderText {#text} at (35,0) size 21x15
                    text run at (35,0) width 21: "Yes"
                  RenderInline {SPAN} at (0,0) size 1x15
                    RenderInline {O:P} at (0,0) size 1x15
            RenderTableRow {TR} at (0,103) size 473x18
              RenderTableCell {TD} at (0,103) size 97x16 [r=4 c=0 rs=1 cs=1]
                RenderBlock {P} at (7,0) size 84x16
                  RenderInline {FONT} at (0,0) size 15x15
                    RenderText {#text} at (34,0) size 15x15
                      text run at (34,0) width 15: "02"
                  RenderText {#text} at (0,0) size 0x0
              RenderTableCell {TD} at (97,103) size 169x16 [r=4 c=1 rs=1 cs=1]
                RenderInline {FONT} at (0,0) size 56x15
                  RenderText {#text} at (7,0) size 56x15
                    text run at (7,0) width 56: "Don Coon"
                RenderText {#text} at (0,0) size 0x0
              RenderTableCell {TD} at (266,103) size 98x18 [r=4 c=2 rs=1 cs=1]
                RenderText {#text} at (7,0) size 4x18
                  text run at (7,0) width 4: " "
              RenderTableCell {TD} at (364,103) size 105x18 [r=4 c=3 rs=1 cs=1]
                RenderText {#text} at (7,0) size 4x18
                  text run at (7,0) width 4: " "
            RenderTableRow {TR} at (0,121) size 473x32
              RenderTableCell {TD} at (0,121) size 97x16 [r=5 c=0 rs=1 cs=1]
                RenderInline {FONT} at (0,0) size 15x15
                  RenderText {#text} at (41,0) size 15x15
                    text run at (41,0) width 15: "05"
                RenderText {#text} at (0,0) size 0x0
              RenderTableCell {TD} at (97,121) size 169x32 [r=5 c=1 rs=1 cs=1]
                RenderBlock {P} at (7,0) size 156x16
                  RenderInline {FONT} at (0,0) size 55x15
                    RenderText {#text} at (0,0) size 55x15
                      text run at (0,0) width 55: "Paul Scott"
                RenderBlock {P} at (7,16) size 156x16
                  RenderInline {FONT} at (0,0) size 51x15
                    RenderText {#text} at (0,0) size 51x15
                      text run at (0,0) width 51: "Bill Hunt"
                    RenderInline {SPAN} at (0,0) size 0x15
                      RenderInline {O:P} at (0,0) size 0x15
              RenderTableCell {TD} at (266,121) size 98x16 [r=5 c=2 rs=1 cs=1]
                RenderBlock {P} at (7,0) size 85x16
                  RenderInline {FONT} at (0,0) size 16x15
                    RenderText {#text} at (34,0) size 16x15
                      text run at (34,0) width 16: "No"
                    RenderInline {SPAN} at (0,0) size 0x15
                      RenderInline {O:P} at (0,0) size 0x15
              RenderTableCell {TD} at (364,121) size 105x16 [r=5 c=3 rs=1 cs=1]
                RenderBlock {P} at (7,0) size 92x16
                  RenderInline {FONT} at (0,0) size 21x15
                    RenderText {#text} at (35,0) size 21x15
                      text run at (35,0) width 21: "Yes"
                    RenderInline {SPAN} at (0,0) size 1x15
                      RenderInline {O:P} at (0,0) size 1x15
            RenderTableRow {TR} at (0,153) size 473x32
              RenderTableCell {TD} at (0,153) size 97x16 [r=6 c=0 rs=1 cs=1]
                RenderInline {FONT} at (0,0) size 15x15
                  RenderText {#text} at (41,0) size 15x15
                    text run at (41,0) width 15: "06"
                RenderText {#text} at (0,0) size 0x0
              RenderTableCell {TD} at (97,153) size 169x32 [r=6 c=1 rs=1 cs=1]
                RenderInline {FONT} at (0,0) size 130x31
                  RenderText {#text} at (7,0) size 130x31
                    text run at (7,0) width 130: "Gene Pheiffer                   "
                    text run at (7,16) width 82: "Alberto Lanzas"
                RenderText {#text} at (0,0) size 0x0
              RenderTableCell {TD} at (266,153) size 98x32 [r=6 c=2 rs=1 cs=1]
                RenderBlock {P} at (7,0) size 85x16
                  RenderText {#text} at (32,0) size 20x15
                    text run at (32,0) width 20: "Yes"
                RenderBlock {P} at (7,16) size 85x16
                  RenderText {#text} at (32,0) size 20x15
                    text run at (32,0) width 20: "Yes"
              RenderTableCell {TD} at (364,153) size 105x32 [r=6 c=3 rs=1 cs=1]
                RenderBlock (anonymous) at (7,0) size 92x16
                  RenderInline {SPAN} at (0,0) size 17x18
                    RenderInline {FONT} at (0,0) size 17x15
                      RenderText {#text} at (37,0) size 17x15
                        text run at (37,0) width 17: "No"
                  RenderText {#text} at (0,0) size 0x0
                RenderBlock {P} at (7,16) size 92x16
                  RenderText {#text} at (35,0) size 21x15
                    text run at (35,0) width 21: "Yes"
            RenderTableRow {TR} at (0,185) size 473x16
              RenderTableCell {TD} at (0,185) size 97x16 [r=7 c=0 rs=1 cs=1]
                RenderBlock {P} at (7,0) size 84x16
                  RenderInline {FONT} at (0,0) size 15x15
                    RenderText {#text} at (34,0) size 15x15
                      text run at (34,0) width 15: "07"
                  RenderText {#text} at (0,0) size 0x0
              RenderTableCell {TD} at (97,185) size 169x16 [r=7 c=1 rs=1 cs=1]
                RenderInline {FONT} at (0,0) size 51x15
                  RenderText {#text} at (7,0) size 51x15
                    text run at (7,0) width 51: "Phil Cole"
                RenderText {#text} at (0,0) size 0x0
              RenderTableCell {TD} at (266,185) size 98x16 [r=7 c=2 rs=1 cs=1]
                RenderBlock {P} at (7,0) size 85x16
                  RenderInline {FONT} at (0,0) size 20x15
                    RenderText {#text} at (32,0) size 20x15
                      text run at (32,0) width 20: "Yes"
                  RenderText {#text} at (0,0) size 0x0
              RenderTableCell {TD} at (364,185) size 105x16 [r=7 c=3 rs=1 cs=1]
                RenderBlock {P} at (7,0) size 92x16
                  RenderInline {FONT} at (0,0) size 21x15
                    RenderText {#text} at (35,0) size 21x15
                      text run at (35,0) width 21: "Yes"
                  RenderText {#text} at (0,0) size 0x0
            RenderTableRow {TR} at (0,201) size 473x32
              RenderTableCell {TD} at (0,201) size 97x16 [r=8 c=0 rs=1 cs=1]
                RenderBlock {P} at (7,0) size 84x16
                  RenderText {#text} at (34,0) size 15x15
                    text run at (34,0) width 15: "08"
                  RenderInline {SPAN} at (0,0) size 1x15
                    RenderInline {O:P} at (0,0) size 1x15
              RenderTableCell {TD} at (97,201) size 169x32 [r=8 c=1 rs=1 cs=1]
                RenderBlock {P} at (7,0) size 156x16
                  RenderText {#text} at (0,0) size 55x15
                    text run at (0,0) width 55: "Paul Scott"
                RenderBlock {P} at (7,16) size 156x16
                  RenderText {#text} at (0,0) size 73x15
                    text run at (0,0) width 73: "Gene Pheiffer"
                  RenderInline {SPAN} at (0,0) size 0x15
                    RenderInline {O:P} at (0,0) size 0x15
              RenderTableCell {TD} at (266,201) size 98x32 [r=8 c=2 rs=1 cs=1]
                RenderBlock {P} at (7,0) size 85x16
                  RenderText {#text} at (34,0) size 16x15
                    text run at (34,0) width 16: "No"
                RenderBlock {P} at (7,16) size 85x16
                  RenderText {#text} at (32,0) size 20x15
                    text run at (32,0) width 20: "Yes"
                  RenderInline {SPAN} at (0,0) size 0x15
                    RenderInline {O:P} at (0,0) size 0x15
              RenderTableCell {TD} at (364,201) size 105x32 [r=8 c=3 rs=1 cs=1]
                RenderBlock {P} at (7,0) size 92x16
                  RenderText {#text} at (35,0) size 21x15
                    text run at (35,0) width 21: "Yes"
                RenderBlock {P} at (7,16) size 92x16
                  RenderText {#text} at (37,0) size 17x15
                    text run at (37,0) width 17: "No"
                  RenderInline {SPAN} at (0,0) size 1x15
                    RenderInline {O:P} at (0,0) size 1x15
            RenderTableRow {TR} at (0,233) size 473x48
              RenderTableCell {TD} at (0,233) size 97x16 [r=9 c=0 rs=1 cs=1]
                RenderBlock {P} at (7,0) size 84x16
                  RenderText {#text} at (2,0) size 79x15
                    text run at (2,0) width 79: "Programmable"
                  RenderInline {SPAN} at (0,0) size 1x15
                    RenderInline {O:P} at (0,0) size 1x15
              RenderTableCell {TD} at (97,233) size 169x48 [r=9 c=1 rs=1 cs=1]
                RenderBlock {P} at (7,0) size 156x16
                  RenderText {#text} at (0,0) size 104x15
                    text run at (0,0) width 104: "Richard Pevehouse"
                  RenderInline {SPAN} at (0,0) size 0x15
                    RenderInline {O:P} at (0,0) size 0x15
                RenderBlock {P} at (7,16) size 156x16
                  RenderText {#text} at (0,0) size 61x15
                    text run at (0,0) width 61: "Gary Heath"
                RenderBlock {P} at (7,32) size 156x16
                  RenderText {#text} at (0,0) size 62x15
                    text run at (0,0) width 62: "Scott Hersh"
                  RenderInline {SPAN} at (0,0) size 0x15
                    RenderInline {O:P} at (0,0) size 0x15
              RenderTableCell {TD} at (266,233) size 98x32 [r=9 c=2 rs=1 cs=1]
                RenderBlock {P} at (7,0) size 85x16
                  RenderText {#text} at (32,0) size 20x15
                    text run at (32,0) width 20: "Yes"
                  RenderInline {SPAN} at (0,0) size 0x15
                    RenderInline {O:P} at (0,0) size 0x15
                RenderBlock {P} at (7,16) size 85x16
                  RenderText {#text} at (34,0) size 16x15
                    text run at (34,0) width 16: "No"
                  RenderInline {SPAN} at (0,0) size 0x15
                    RenderInline {O:P} at (0,0) size 0x15
              RenderTableCell {TD} at (364,233) size 105x32 [r=9 c=3 rs=1 cs=1]
                RenderBlock {P} at (7,0) size 92x16
                  RenderText {#text} at (37,0) size 17x15
                    text run at (37,0) width 17: "No"
                  RenderInline {SPAN} at (0,0) size 1x15
                    RenderInline {O:P} at (0,0) size 1x15
                RenderBlock {P} at (7,16) size 92x16
                  RenderText {#text} at (35,0) size 21x15
                    text run at (35,0) width 21: "Yes"
                  RenderInline {SPAN} at (0,0) size 1x15
                    RenderInline {O:P} at (0,0) size 1x15
            RenderTableRow {TR} at (0,281) size 473x112
              RenderTableCell {TD} at (0,281) size 97x16 [r=10 c=0 rs=1 cs=1]
                RenderBlock {P} at (7,0) size 84x16
                  RenderText {#text} at (34,0) size 15x15
                    text run at (34,0) width 15: "11"
                  RenderInline {SPAN} at (0,0) size 1x15
                    RenderInline {O:P} at (0,0) size 1x15
              RenderTableCell {TD} at (97,281) size 169x112 [r=10 c=1 rs=1 cs=1]
                RenderBlock {P} at (7,0) size 156x16
                  RenderText {#text} at (0,0) size 80x15
                    text run at (0,0) width 80: "George Cowan"
                  RenderInline {SPAN} at (0,0) size 0x15
                    RenderInline {O:P} at (0,0) size 0x15
                RenderBlock {P} at (7,16) size 156x16
                  RenderText {#text} at (0,0) size 75x15
                    text run at (0,0) width 75: "Rick Klement"
                  RenderInline {SPAN} at (0,0) size 0x15
                    RenderInline {O:P} at (0,0) size 0x15
                RenderBlock {P} at (7,32) size 156x16
                  RenderText {#text} at (0,0) size 78x15
                    text run at (0,0) width 78: "John Mathews"
                RenderBlock {P} at (7,48) size 156x16
                  RenderText {#text} at (0,0) size 55x15
                    text run at (0,0) width 55: "Ed Cypret"
                RenderBlock {P} at (7,64) size 156x16
                  RenderText {#text} at (0,0) size 83x15
                    text run at (0,0) width 83: "John Chamorro"
                RenderBlock {P} at (7,80) size 156x16
                  RenderText {#text} at (0,0) size 84x15
                    text run at (0,0) width 84: "John Yearwood"
                RenderBlock {P} at (7,96) size 156x16
                  RenderText {#text} at (0,0) size 85x15
                    text run at (0,0) width 85: "Jason Anderson"
                  RenderInline {SPAN} at (0,0) size 0x15
                    RenderInline {O:P} at (0,0) size 0x15
              RenderTableCell {TD} at (266,281) size 98x112 [r=10 c=2 rs=1 cs=1]
                RenderBlock {P} at (7,0) size 85x16
                  RenderText {#text} at (32,0) size 20x15
                    text run at (32,0) width 20: "Yes"
                  RenderInline {SPAN} at (0,0) size 0x15
                    RenderInline {O:P} at (0,0) size 0x15
                RenderBlock {P} at (7,16) size 85x16
                  RenderText {#text} at (32,0) size 20x15
                    text run at (32,0) width 20: "Yes"
                  RenderInline {SPAN} at (0,0) size 0x15
                    RenderInline {O:P} at (0,0) size 0x15
                RenderBlock {P} at (7,32) size 85x16
                  RenderText {#text} at (32,0) size 20x15
                    text run at (32,0) width 20: "Yes"
                RenderBlock {P} at (7,48) size 85x16
                  RenderText {#text} at (40,0) size 4x15
                    text run at (40,0) width 4: " "
                RenderBlock {P} at (7,64) size 85x16
                  RenderText {#text} at (40,0) size 4x15
                    text run at (40,0) width 4: " "
                RenderBlock {P} at (7,80) size 85x16
                  RenderText {#text} at (32,0) size 20x15
                    text run at (32,0) width 20: "Yes"
                RenderBlock {P} at (7,96) size 85x16
                  RenderText {#text} at (32,0) size 20x15
                    text run at (32,0) width 20: "Yes"
                  RenderInline {SPAN} at (0,0) size 0x15
                    RenderInline {O:P} at (0,0) size 0x15
              RenderTableCell {TD} at (364,281) size 105x112 [r=10 c=3 rs=1 cs=1]
                RenderBlock {P} at (7,0) size 92x16
                  RenderText {#text} at (37,0) size 17x15
                    text run at (37,0) width 17: "No"
                  RenderInline {SPAN} at (0,0) size 1x15
                    RenderInline {O:P} at (0,0) size 1x15
                RenderBlock {P} at (7,16) size 92x16
                  RenderText {#text} at (35,0) size 21x15
                    text run at (35,0) width 21: "Yes"
                  RenderInline {SPAN} at (0,0) size 1x15
                    RenderInline {O:P} at (0,0) size 1x15
                RenderBlock {P} at (7,32) size 92x16
                  RenderText {#text} at (37,0) size 17x15
                    text run at (37,0) width 17: "No"
                RenderBlock {P} at (7,48) size 92x16
                  RenderText {#text} at (44,0) size 3x15
                    text run at (44,0) width 3: " "
                RenderBlock {P} at (7,64) size 92x16
                  RenderText {#text} at (44,0) size 3x15
                    text run at (44,0) width 3: " "
                RenderBlock {P} at (7,80) size 92x16
                  RenderText {#text} at (37,0) size 17x15
                    text run at (37,0) width 17: "No"
                RenderBlock {P} at (7,96) size 92x16
                  RenderText {#text} at (37,0) size 17x15
                    text run at (37,0) width 17: "No"
                  RenderInline {SPAN} at (0,0) size 1x15
                    RenderInline {O:P} at (0,0) size 1x15
            RenderTableRow {TR} at (0,393) size 473x80
              RenderTableCell {TD} at (0,393) size 97x16 [r=11 c=0 rs=1 cs=1]
                RenderBlock {P} at (7,0) size 84x16
                  RenderText {#text} at (34,0) size 15x15
                    text run at (34,0) width 15: "12"
                  RenderInline {SPAN} at (0,0) size 1x15
                    RenderInline {O:P} at (0,0) size 1x15
              RenderTableCell {TD} at (97,393) size 169x80 [r=11 c=1 rs=1 cs=1]
                RenderBlock {P} at (7,0) size 156x16
                  RenderText {#text} at (0,0) size 75x15
                    text run at (0,0) width 75: "Rick Klement"
                RenderBlock {P} at (7,16) size 156x16
                  RenderText {#text} at (0,0) size 84x15
                    text run at (0,0) width 84: "George Coward"
                RenderBlock {P} at (7,32) size 156x16
                  RenderText {#text} at (0,0) size 86x15
                    text run at (0,0) width 86: "Gerald Cardinal"
                RenderBlock {P} at (7,48) size 156x16
                  RenderText {#text} at (0,0) size 72x15
                    text run at (0,0) width 72: "Brock Brown"
                RenderBlock {P} at (7,64) size 156x16
                  RenderText {#text} at (0,0) size 98x15
                    text run at (0,0) width 98: "Ellsworth Crowell"
              RenderTableCell {TD} at (266,393) size 98x80 [r=11 c=2 rs=1 cs=1]
                RenderBlock {P} at (7,0) size 85x16
                  RenderText {#text} at (32,0) size 20x15
                    text run at (32,0) width 20: "Yes"
                RenderBlock {P} at (7,16) size 85x16
                  RenderText {#text} at (32,0) size 20x15
                    text run at (32,0) width 20: "Yes"
                RenderBlock {P} at (7,32) size 85x16
                  RenderText {#text} at (40,0) size 4x15
                    text run at (40,0) width 4: " "
                RenderBlock {P} at (7,48) size 85x16
                  RenderText {#text} at (32,0) size 20x15
                    text run at (32,0) width 20: "Yes"
                RenderBlock {P} at (7,64) size 85x16
                  RenderText {#text} at (32,0) size 20x15
                    text run at (32,0) width 20: "Yes"
                  RenderInline {SPAN} at (0,0) size 0x15
                    RenderInline {O:P} at (0,0) size 0x15
              RenderTableCell {TD} at (364,393) size 105x80 [r=11 c=3 rs=1 cs=1]
                RenderBlock {P} at (7,0) size 92x16
                  RenderText {#text} at (35,0) size 21x15
                    text run at (35,0) width 21: "Yes"
                RenderBlock {P} at (7,16) size 92x16
                  RenderText {#text} at (37,0) size 17x15
                    text run at (37,0) width 17: "No"
                RenderBlock {P} at (7,32) size 92x16
                  RenderText {#text} at (44,0) size 3x15
                    text run at (44,0) width 3: " "
                RenderBlock {P} at (7,48) size 92x16
                  RenderText {#text} at (37,0) size 17x15
                    text run at (37,0) width 17: "No"
                RenderBlock {P} at (7,64) size 92x16
                  RenderText {#text} at (37,0) size 17x15
                    text run at (37,0) width 17: "No"
                  RenderInline {SPAN} at (0,0) size 1x15
                    RenderInline {O:P} at (0,0) size 1x15
            RenderTableRow {TR} at (0,473) size 473x64
              RenderTableCell {TD} at (0,473) size 97x16 [r=12 c=0 rs=1 cs=1]
                RenderBlock {P} at (7,0) size 84x16
                  RenderText {#text} at (34,0) size 15x15
                    text run at (34,0) width 15: "13"
                  RenderInline {SPAN} at (0,0) size 1x15
                    RenderInline {O:P} at (0,0) size 1x15
              RenderTableCell {TD} at (97,473) size 169x64 [r=12 c=1 rs=1 cs=1]
                RenderBlock {P} at (7,0) size 156x16
                  RenderText {#text} at (0,0) size 65x15
                    text run at (0,0) width 65: " Oliver Baer"
                RenderBlock {P} at (7,16) size 156x16
                  RenderText {#text} at (0,0) size 58x15
                    text run at (0,0) width 58: "Joe Araujo"
                RenderBlock {P} at (7,32) size 156x16
                  RenderText {#text} at (0,0) size 74x15
                    text run at (0,0) width 74: "Jim Mirowski"
                RenderBlock {P} at (7,48) size 156x16
                  RenderText {#text} at (0,0) size 62x15
                    text run at (0,0) width 62: "Scott Hersh"
                  RenderInline {SPAN} at (0,0) size 0x15
                    RenderInline {O:P} at (0,0) size 0x15
              RenderTableCell {TD} at (266,473) size 98x64 [r=12 c=2 rs=1 cs=1]
                RenderBlock {P} at (7,0) size 85x16
                  RenderText {#text} at (30,0) size 24x15
                    text run at (30,0) width 24: " Yes"
                RenderBlock {P} at (7,16) size 85x16
                  RenderText {#text} at (40,0) size 4x15
                    text run at (40,0) width 4: " "
                RenderBlock {P} at (7,32) size 85x16
                  RenderText {#text} at (40,0) size 4x15
                    text run at (40,0) width 4: " "
                RenderBlock {P} at (7,48) size 85x16
                  RenderText {#text} at (32,0) size 20x15
                    text run at (32,0) width 20: "Yes"
                  RenderInline {SPAN} at (0,0) size 0x15
                    RenderInline {O:P} at (0,0) size 0x15
              RenderTableCell {TD} at (364,473) size 105x64 [r=12 c=3 rs=1 cs=1]
                RenderBlock {P} at (7,0) size 92x16
                  RenderText {#text} at (36,0) size 19x15
                    text run at (36,0) width 19: " No"
                RenderBlock {P} at (7,16) size 92x16
                  RenderText {#text} at (44,0) size 3x15
                    text run at (44,0) width 3: " "
                RenderBlock {P} at (7,32) size 92x16
                  RenderText {#text} at (44,0) size 3x15
                    text run at (44,0) width 3: " "
                RenderBlock {P} at (7,48) size 92x16
                  RenderText {#text} at (37,0) size 17x15
                    text run at (37,0) width 17: "No"
                  RenderInline {SPAN} at (0,0) size 1x15
                    RenderInline {O:P} at (0,0) size 1x15
            RenderTableRow {TR} at (0,537) size 473x48
              RenderTableCell {TD} at (0,537) size 97x16 [r=13 c=0 rs=1 cs=1]
                RenderBlock {P} at (7,0) size 84x16
                  RenderText {#text} at (34,0) size 15x15
                    text run at (34,0) width 15: "14"
                  RenderInline {SPAN} at (0,0) size 1x15
                    RenderInline {O:P} at (0,0) size 1x15
              RenderTableCell {TD} at (97,537) size 169x48 [r=13 c=1 rs=1 cs=1]
                RenderBlock {P} at (7,0) size 156x16
                  RenderText {#text} at (0,0) size 61x15
                    text run at (0,0) width 61: " Joe Araujo"
                RenderBlock {P} at (7,16) size 156x16
                  RenderText {#text} at (0,0) size 71x15
                    text run at (0,0) width 71: "Steve Gilbert"
                RenderBlock {P} at (7,32) size 156x16
                  RenderText {#text} at (0,0) size 78x15
                    text run at (0,0) width 78: "Gary Williams"
                  RenderInline {SPAN} at (0,0) size 0x15
                    RenderInline {O:P} at (0,0) size 0x15
              RenderTableCell {TD} at (266,537) size 98x32 [r=13 c=2 rs=1 cs=1]
                RenderBlock {P} at (7,0) size 85x16
                  RenderText {#text} at (40,0) size 4x15
                    text run at (40,0) width 4: " "
                RenderBlock {P} at (7,16) size 85x16
                  RenderText {#text} at (32,0) size 20x15
                    text run at (32,0) width 20: "Yes"
                  RenderInline {SPAN} at (0,0) size 0x15
                    RenderInline {O:P} at (0,0) size 0x15
              RenderTableCell {TD} at (364,537) size 105x32 [r=13 c=3 rs=1 cs=1]
                RenderBlock {P} at (7,0) size 92x16
                  RenderText {#text} at (44,0) size 3x15
                    text run at (44,0) width 3: " "
                RenderBlock {P} at (7,16) size 92x16
                  RenderText {#text} at (37,0) size 17x15
                    text run at (37,0) width 17: "No"
                  RenderInline {SPAN} at (0,0) size 1x15
                    RenderInline {O:P} at (0,0) size 1x15
            RenderTableRow {TR} at (0,585) size 473x80
              RenderTableCell {TD} at (0,585) size 97x16 [r=14 c=0 rs=1 cs=1]
                RenderBlock {P} at (7,0) size 84x16
                  RenderText {#text} at (34,0) size 15x15
                    text run at (34,0) width 15: "15"
                  RenderInline {SPAN} at (0,0) size 1x15
                    RenderInline {O:P} at (0,0) size 1x15
              RenderTableCell {TD} at (97,585) size 169x80 [r=14 c=1 rs=1 cs=1]
                RenderBlock {P} at (7,0) size 156x16
                  RenderText {#text} at (0,0) size 65x15
                    text run at (0,0) width 65: " Oliver Baer"
                RenderBlock {P} at (7,16) size 156x16
                  RenderText {#text} at (0,0) size 53x15
                    text run at (0,0) width 53: "Joe Smith"
                RenderBlock {P} at (7,32) size 156x16
                  RenderText {#text} at (0,0) size 55x15
                    text run at (0,0) width 55: "John Paye"
                RenderBlock {P} at (7,48) size 156x16
                  RenderText {#text} at (0,0) size 84x15
                    text run at (0,0) width 84: "John Yearwood"
                RenderBlock {P} at (7,64) size 156x16
                  RenderText {#text} at (0,0) size 70x15
                    text run at (0,0) width 70: "Harald Close"
                  RenderInline {SPAN} at (0,0) size 0x15
                    RenderInline {O:P} at (0,0) size 0x15
              RenderTableCell {TD} at (266,585) size 98x80 [r=14 c=2 rs=1 cs=1]
                RenderBlock {P} at (7,0) size 85x16
                  RenderText {#text} at (30,0) size 24x15
                    text run at (30,0) width 24: " Yes"
                RenderBlock {P} at (7,16) size 85x16
                  RenderText {#text} at (40,0) size 4x15
                    text run at (40,0) width 4: " "
                RenderBlock {P} at (7,32) size 85x16
                  RenderText {#text} at (40,0) size 4x15
                    text run at (40,0) width 4: " "
                RenderBlock {P} at (7,48) size 85x16
                  RenderText {#text} at (32,0) size 20x15
                    text run at (32,0) width 20: "Yes"
                RenderBlock {P} at (7,64) size 85x16
                  RenderText {#text} at (32,0) size 20x15
                    text run at (32,0) width 20: "Yes"
                  RenderInline {SPAN} at (0,0) size 0x15
                    RenderInline {O:P} at (0,0) size 0x15
              RenderTableCell {TD} at (364,585) size 105x80 [r=14 c=3 rs=1 cs=1]
                RenderBlock {P} at (7,0) size 92x16
                  RenderText {#text} at (36,0) size 19x15
                    text run at (36,0) width 19: " No"
                RenderBlock {P} at (7,16) size 92x16
                  RenderText {#text} at (44,0) size 3x15
                    text run at (44,0) width 3: " "
                RenderBlock {P} at (7,32) size 92x16
                  RenderText {#text} at (44,0) size 3x15
                    text run at (44,0) width 3: " "
                RenderBlock {P} at (7,48) size 92x16
                  RenderText {#text} at (37,0) size 17x15
                    text run at (37,0) width 17: "No"
                RenderBlock {P} at (7,64) size 92x16
                  RenderText {#text} at (37,0) size 17x15
                    text run at (37,0) width 17: "No"
                  RenderInline {SPAN} at (0,0) size 1x15
                    RenderInline {O:P} at (0,0) size 1x15
            RenderTableRow {TR} at (0,665) size 473x32
              RenderTableCell {TD} at (0,665) size 97x16 [r=15 c=0 rs=1 cs=1]
                RenderBlock {P} at (7,0) size 84x16
                  RenderText {#text} at (34,0) size 15x15
                    text run at (34,0) width 15: "16"
                  RenderInline {SPAN} at (0,0) size 1x15
                    RenderInline {O:P} at (0,0) size 1x15
              RenderTableCell {TD} at (97,665) size 169x32 [r=15 c=1 rs=1 cs=1]
                RenderBlock {P} at (7,0) size 156x16
                  RenderText {#text} at (0,0) size 82x15
                    text run at (0,0) width 82: " James Haladus"
                RenderBlock {P} at (7,16) size 156x16
                  RenderText {#text} at (0,0) size 53x15
                    text run at (0,0) width 53: "Joe Smith"
                  RenderInline {SPAN} at (0,0) size 0x15
                    RenderInline {O:P} at (0,0) size 0x15
              RenderTableCell {TD} at (266,665) size 98x16 [r=15 c=2 rs=1 cs=1]
                RenderBlock {P} at (7,0) size 85x16
                  RenderText {#text} at (30,0) size 24x15
                    text run at (30,0) width 24: " Yes"
                  RenderInline {SPAN} at (0,0) size 1x15
                    RenderInline {O:P} at (0,0) size 1x15
              RenderTableCell {TD} at (364,665) size 105x16 [r=15 c=3 rs=1 cs=1]
                RenderBlock {P} at (7,0) size 92x16
                  RenderText {#text} at (36,0) size 19x15
                    text run at (36,0) width 19: " No"
                  RenderInline {SPAN} at (0,0) size 0x15
                    RenderInline {O:P} at (0,0) size 0x15
            RenderTableRow {TR} at (0,697) size 473x80
              RenderTableCell {TD} at (0,697) size 97x16 [r=16 c=0 rs=1 cs=1]
                RenderBlock {P} at (7,0) size 84x16
                  RenderText {#text} at (34,0) size 15x15
                    text run at (34,0) width 15: "17"
                  RenderInline {SPAN} at (0,0) size 1x15
                    RenderInline {O:P} at (0,0) size 1x15
              RenderTableCell {TD} at (97,697) size 169x80 [r=16 c=1 rs=1 cs=1]
                RenderBlock {P} at (7,0) size 156x16
                  RenderText {#text} at (0,0) size 61x15
                    text run at (0,0) width 61: "Doug Field"
                  RenderInline {SPAN} at (0,0) size 0x15
                    RenderInline {O:P} at (0,0) size 0x15
                RenderBlock {P} at (7,16) size 156x16
                  RenderText {#text} at (0,0) size 64x15
                    text run at (0,0) width 64: "Dave Neves"
                RenderBlock {P} at (7,32) size 156x16
                  RenderText {#text} at (0,0) size 62x15
                    text run at (0,0) width 62: "Oliver Baer"
                RenderBlock {P} at (7,48) size 156x16
                  RenderText {#text} at (0,0) size 58x15
                    text run at (0,0) width 58: "John Todd"
                RenderBlock {P} at (7,64) size 156x16
                  RenderText {#text} at (0,0) size 99x15
                    text run at (0,0) width 99: "Dave Christiansen"
                  RenderInline {SPAN} at (0,0) size 0x15
                    RenderInline {O:P} at (0,0) size 0x15
              RenderTableCell {TD} at (266,697) size 98x80 [r=16 c=2 rs=1 cs=1]
                RenderBlock {P} at (7,0) size 85x16
                  RenderText {#text} at (32,0) size 20x15
                    text run at (32,0) width 20: "Yes"
                  RenderInline {SPAN} at (0,0) size 0x15
                    RenderInline {O:P} at (0,0) size 0x15
                RenderBlock {P} at (7,16) size 85x16
                  RenderText {#text} at (32,0) size 20x15
                    text run at (32,0) width 20: "Yes"
                RenderBlock {P} at (7,32) size 85x16
                  RenderText {#text} at (32,0) size 20x15
                    text run at (32,0) width 20: "Yes"
                RenderBlock {P} at (7,48) size 85x16
                  RenderText {#text} at (40,0) size 4x15
                    text run at (40,0) width 4: " "
                RenderBlock {P} at (7,64) size 85x16
                  RenderText {#text} at (32,0) size 20x15
                    text run at (32,0) width 20: "Yes"
                  RenderInline {SPAN} at (0,0) size 0x15
                    RenderInline {O:P} at (0,0) size 0x15
              RenderTableCell {TD} at (364,697) size 105x80 [r=16 c=3 rs=1 cs=1]
                RenderBlock {P} at (7,0) size 92x16
                  RenderText {#text} at (37,0) size 17x15
                    text run at (37,0) width 17: "No"
                  RenderInline {SPAN} at (0,0) size 1x15
                    RenderInline {O:P} at (0,0) size 1x15
                RenderBlock {P} at (7,16) size 92x16
                  RenderText {#text} at (35,0) size 21x15
                    text run at (35,0) width 21: "Yes"
                RenderBlock {P} at (7,32) size 92x16
                  RenderText {#text} at (37,0) size 17x15
                    text run at (37,0) width 17: "No"
                RenderBlock {P} at (7,48) size 92x16
                  RenderText {#text} at (44,0) size 3x15
                    text run at (44,0) width 3: " "
                RenderBlock {P} at (7,64) size 92x16
                  RenderText {#text} at (37,0) size 17x15
                    text run at (37,0) width 17: "No"
                  RenderInline {SPAN} at (0,0) size 1x15
                    RenderInline {O:P} at (0,0) size 1x15
            RenderTableRow {TR} at (0,777) size 473x112
              RenderTableCell {TD} at (0,777) size 97x16 [r=17 c=0 rs=1 cs=1]
                RenderBlock {P} at (7,0) size 84x16
                  RenderText {#text} at (34,0) size 15x15
                    text run at (34,0) width 15: "18"
                  RenderInline {SPAN} at (0,0) size 1x15
                    RenderInline {O:P} at (0,0) size 1x15
              RenderTableCell {TD} at (97,777) size 169x112 [r=17 c=1 rs=1 cs=1]
                RenderBlock {P} at (7,0) size 156x16
                  RenderText {#text} at (0,0) size 80x15
                    text run at (0,0) width 80: "Robert Barnett"
                RenderBlock {P} at (7,16) size 156x16
                  RenderText {#text} at (0,0) size 74x15
                    text run at (0,0) width 74: "Jim Mahoney"
                RenderBlock {P} at (7,32) size 156x16
                  RenderText {#text} at (0,0) size 79x15
                    text run at (0,0) width 79: "Dave Marshall"
                RenderBlock {P} at (7,48) size 156x16
                  RenderText {#text} at (0,0) size 86x15
                    text run at (0,0) width 86: "Gerald Cardinal"
                RenderBlock {P} at (7,64) size 156x16
                  RenderText {#text} at (0,0) size 103x15
                    text run at (0,0) width 103: "Dan & Will Sievert"
                RenderBlock {P} at (7,80) size 156x16
                  RenderText {#text} at (0,0) size 98x15
                    text run at (0,0) width 98: "Ellsworth Crowell"
                RenderBlock {P} at (7,96) size 156x16
                  RenderText {#text} at (0,0) size 60x15
                    text run at (0,0) width 60: "Jim Colvin"
                  RenderInline {SPAN} at (0,0) size 0x15
                    RenderInline {O:P} at (0,0) size 0x15
              RenderTableCell {TD} at (266,777) size 98x96 [r=17 c=2 rs=1 cs=1]
                RenderBlock {P} at (7,0) size 85x16
                  RenderText {#text} at (32,0) size 20x15
                    text run at (32,0) width 20: "Yes"
                RenderBlock {P} at (7,16) size 85x16
                  RenderText {#text} at (32,0) size 20x15
                    text run at (32,0) width 20: "Yes"
                RenderBlock {P} at (7,32) size 85x16
                  RenderText {#text} at (32,0) size 20x15
                    text run at (32,0) width 20: "Yes"
                RenderBlock {P} at (7,48) size 85x16
                  RenderText {#text} at (40,0) size 4x15
                    text run at (40,0) width 4: " "
                RenderBlock {P} at (7,64) size 85x16
                  RenderText {#text} at (32,0) size 20x15
                    text run at (32,0) width 20: "Yes"
                RenderBlock {P} at (7,80) size 85x16
                  RenderText {#text} at (32,0) size 20x15
                    text run at (32,0) width 20: "Yes"
                  RenderInline {SPAN} at (0,0) size 0x15
                    RenderInline {O:P} at (0,0) size 0x15
              RenderTableCell {TD} at (364,777) size 105x96 [r=17 c=3 rs=1 cs=1]
                RenderBlock {P} at (7,0) size 92x16
                  RenderText {#text} at (37,0) size 17x15
                    text run at (37,0) width 17: "No"
                RenderBlock {P} at (7,16) size 92x16
                  RenderText {#text} at (35,0) size 21x15
                    text run at (35,0) width 21: "Yes"
                RenderBlock {P} at (7,32) size 92x16
                  RenderText {#text} at (37,0) size 17x15
                    text run at (37,0) width 17: "No"
                RenderBlock {P} at (7,48) size 92x16
                  RenderText {#text} at (44,0) size 3x15
                    text run at (44,0) width 3: " "
                RenderBlock {P} at (7,64) size 92x16
                  RenderText {#text} at (37,0) size 17x15
                    text run at (37,0) width 17: "No"
                RenderBlock {P} at (7,80) size 92x16
                  RenderText {#text} at (37,0) size 17x15
                    text run at (37,0) width 17: "No"
                  RenderInline {SPAN} at (0,0) size 1x15
                    RenderInline {O:P} at (0,0) size 1x15
            RenderTableRow {TR} at (0,889) size 473x64
              RenderTableCell {TD} at (0,889) size 97x16 [r=18 c=0 rs=1 cs=1]
                RenderBlock {P} at (7,0) size 84x16
                  RenderText {#text} at (34,0) size 15x15
                    text run at (34,0) width 15: "19"
                  RenderInline {SPAN} at (0,0) size 1x15
                    RenderInline {O:P} at (0,0) size 1x15
              RenderTableCell {TD} at (97,889) size 169x64 [r=18 c=1 rs=1 cs=1]
                RenderBlock {P} at (7,0) size 156x16
                  RenderInline {SPAN} at (0,0) size 66x15
                    RenderText {#text} at (0,0) size 66x15
                      text run at (0,0) width 40: "Noriya "
                      text run at (40,0) width 26: "Kato"
                RenderBlock {P} at (7,16) size 156x16
                  RenderText {#text} at (0,0) size 58x15
                    text run at (0,0) width 58: "John Todd"
                RenderBlock {P} at (7,32) size 156x16
                  RenderText {#text} at (0,0) size 71x15
                    text run at (0,0) width 71: "James Brown"
                RenderBlock {P} at (7,48) size 156x16
                  RenderText {#text} at (0,0) size 84x15
                    text run at (0,0) width 84: "Mike Anderson"
                  RenderInline {SPAN} at (0,0) size 0x15
                    RenderInline {O:P} at (0,0) size 0x15
              RenderTableCell {TD} at (266,889) size 98x64 [r=18 c=2 rs=1 cs=1]
                RenderBlock {P} at (7,0) size 85x16
                  RenderInline {SPAN} at (0,0) size 20x15
                    RenderText {#text} at (32,0) size 20x15
                      text run at (32,0) width 20: "Yes"
                RenderBlock {P} at (7,16) size 85x16
                  RenderText {#text} at (40,0) size 4x15
                    text run at (40,0) width 4: " "
                RenderBlock {P} at (7,32) size 85x16
                  RenderInline {SPAN} at (0,0) size 20x15
                    RenderText {#text} at (32,0) size 20x15
                      text run at (32,0) width 20: "Yes"
                RenderBlock {P} at (7,48) size 85x16
                  RenderInline {SPAN} at (0,0) size 20x15
                    RenderText {#text} at (32,0) size 20x15
                      text run at (32,0) width 20: "Yes"
                  RenderInline {SPAN} at (0,0) size 0x15
                    RenderInline {O:P} at (0,0) size 0x15
              RenderTableCell {TD} at (364,889) size 105x64 [r=18 c=3 rs=1 cs=1]
                RenderBlock {P} at (7,0) size 92x16
                  RenderInline {SPAN} at (0,0) size 17x15
                    RenderText {#text} at (37,0) size 17x15
                      text run at (37,0) width 17: "No"
                RenderBlock {P} at (7,16) size 92x16
                  RenderText {#text} at (44,0) size 3x15
                    text run at (44,0) width 3: " "
                RenderBlock {P} at (7,32) size 92x16
                  RenderInline {SPAN} at (0,0) size 17x15
                    RenderText {#text} at (37,0) size 17x15
                      text run at (37,0) width 17: "No"
                RenderBlock {P} at (7,48) size 92x16
                  RenderInline {SPAN} at (0,0) size 17x15
                    RenderText {#text} at (37,0) size 17x15
                      text run at (37,0) width 17: "No"
                  RenderInline {SPAN} at (0,0) size 1x15
                    RenderInline {O:P} at (0,0) size 1x15
            RenderTableRow {TR} at (0,953) size 473x48
              RenderTableCell {TD} at (0,953) size 97x16 [r=19 c=0 rs=1 cs=1]
                RenderBlock {P} at (7,0) size 84x16
                  RenderText {#text} at (34,0) size 15x15
                    text run at (34,0) width 15: "20"
                  RenderInline {SPAN} at (0,0) size 1x15
                    RenderInline {O:P} at (0,0) size 1x15
              RenderTableCell {TD} at (97,953) size 169x48 [r=19 c=1 rs=1 cs=1]
                RenderBlock {P} at (7,0) size 156x16
                  RenderText {#text} at (0,0) size 69x15
                    text run at (0,0) width 69: "Bill Johnson"
                RenderBlock {P} at (7,16) size 156x16
                  RenderText {#text} at (0,0) size 89x15
                    text run at (0,0) width 89: "Dominic Bayani"
                RenderBlock {P} at (7,32) size 156x16
                  RenderText {#text} at (0,0) size 70x15
                    text run at (0,0) width 70: "Rick Latham"
                  RenderInline {SPAN} at (0,0) size 0x15
                    RenderInline {O:P} at (0,0) size 0x15
              RenderTableCell {TD} at (266,953) size 98x48 [r=19 c=2 rs=1 cs=1]
                RenderBlock {P} at (7,0) size 85x16
                  RenderText {#text} at (32,0) size 20x15
                    text run at (32,0) width 20: "Yes"
                RenderBlock {P} at (7,16) size 85x16
                  RenderText {#text} at (40,0) size 4x15
                    text run at (40,0) width 4: " "
                RenderBlock {P} at (7,32) size 85x16
                  RenderText {#text} at (32,0) size 20x15
                    text run at (32,0) width 20: "Yes"
                  RenderInline {SPAN} at (0,0) size 0x15
                    RenderInline {O:P} at (0,0) size 0x15
              RenderTableCell {TD} at (364,953) size 105x48 [r=19 c=3 rs=1 cs=1]
                RenderBlock {P} at (7,0) size 92x16
                  RenderText {#text} at (37,0) size 17x15
                    text run at (37,0) width 17: "No"
                RenderBlock {P} at (7,16) size 92x16
                  RenderText {#text} at (44,0) size 3x15
                    text run at (44,0) width 3: " "
                RenderBlock {P} at (7,32) size 92x16
                  RenderText {#text} at (37,0) size 17x15
                    text run at (37,0) width 17: "No"
                  RenderInline {SPAN} at (0,0) size 1x15
                    RenderInline {O:P} at (0,0) size 1x15
            RenderTableRow {TR} at (0,1001) size 473x16
              RenderTableCell {TD} at (0,1001) size 97x16 [r=20 c=0 rs=1 cs=1]
                RenderBlock {P} at (7,0) size 84x16
                  RenderText {#text} at (34,0) size 15x15
                    text run at (34,0) width 15: "21"
                  RenderInline {SPAN} at (0,0) size 1x15
                    RenderInline {O:P} at (0,0) size 1x15
              RenderTableCell {TD} at (97,1001) size 169x16 [r=20 c=1 rs=1 cs=1]
                RenderBlock {P} at (7,0) size 156x16
                  RenderText {#text} at (0,0) size 65x15
                    text run at (0,0) width 65: " Simon Tam"
                  RenderInline {SPAN} at (0,0) size 0x15
                    RenderInline {O:P} at (0,0) size 0x15
              RenderTableCell {TD} at (266,1001) size 98x16 [r=20 c=2 rs=1 cs=1]
                RenderBlock {P} at (7,0) size 85x16
                  RenderText {#text} at (40,0) size 4x15
                    text run at (40,0) width 4: " "
                  RenderInline {SPAN} at (0,0) size 1x15
                    RenderInline {O:P} at (0,0) size 1x15
              RenderTableCell {TD} at (364,1001) size 105x16 [r=20 c=3 rs=1 cs=1]
                RenderBlock {P} at (7,0) size 92x16
                  RenderText {#text} at (44,0) size 3x15
                    text run at (44,0) width 3: " "
                  RenderInline {SPAN} at (0,0) size 0x15
                    RenderInline {O:P} at (0,0) size 0x15
            RenderTableRow {TR} at (0,1017) size 473x80
              RenderTableCell {TD} at (0,1017) size 97x16 [r=21 c=0 rs=1 cs=1]
                RenderBlock {P} at (7,0) size 84x16
                  RenderText {#text} at (34,0) size 15x15
                    text run at (34,0) width 15: "22"
                  RenderInline {SPAN} at (0,0) size 1x15
                    RenderInline {O:P} at (0,0) size 1x15
              RenderTableCell {TD} at (97,1017) size 169x80 [r=21 c=1 rs=1 cs=1]
                RenderBlock {P} at (7,0) size 156x16
                  RenderText {#text} at (0,0) size 64x15
                    text run at (0,0) width 64: "Dave Neves"
                  RenderInline {SPAN} at (0,0) size 0x15
                    RenderInline {O:P} at (0,0) size 0x15
                RenderBlock {P} at (7,16) size 156x16
                  RenderText {#text} at (0,0) size 89x15
                    text run at (0,0) width 89: "Grant Sanderson"
                  RenderInline {SPAN} at (0,0) size 0x15
                    RenderInline {O:P} at (0,0) size 0x15
                RenderBlock {P} at (7,32) size 156x16
                  RenderText {#text} at (0,0) size 86x15
                    text run at (0,0) width 86: "Maurice Burton"
                RenderBlock {P} at (7,48) size 156x16
                  RenderText {#text} at (0,0) size 117x15
                    text run at (0,0) width 117: "Mike Gilmartin ?????"
                RenderBlock {P} at (7,64) size 156x16
                  RenderText {#text} at (0,0) size 66x15
                    text run at (0,0) width 66: "Chris Walsh"
                  RenderInline {SPAN} at (0,0) size 0x15
                    RenderInline {O:P} at (0,0) size 0x15
              RenderTableCell {TD} at (266,1017) size 98x80 [r=21 c=2 rs=1 cs=1]
                RenderBlock {P} at (7,0) size 85x16
                  RenderText {#text} at (32,0) size 20x15
                    text run at (32,0) width 20: "Yes"
                  RenderInline {SPAN} at (0,0) size 0x15
                    RenderInline {O:P} at (0,0) size 0x15
                RenderBlock {P} at (7,16) size 85x16
                  RenderText {#text} at (32,0) size 20x15
                    text run at (32,0) width 20: "Yes"
                  RenderInline {SPAN} at (0,0) size 0x15
                    RenderInline {O:P} at (0,0) size 0x15
                RenderBlock {P} at (7,32) size 85x16
                  RenderText {#text} at (32,0) size 20x15
                    text run at (32,0) width 20: "Yes"
                RenderBlock {P} at (7,48) size 85x16
                  RenderText {#text} at (32,0) size 20x15
                    text run at (32,0) width 20: "Yes"
                RenderBlock {P} at (7,64) size 85x16
                  RenderText {#text} at (32,0) size 20x15
                    text run at (32,0) width 20: "Yes"
                  RenderInline {SPAN} at (0,0) size 0x15
                    RenderInline {O:P} at (0,0) size 0x15
              RenderTableCell {TD} at (364,1017) size 105x80 [r=21 c=3 rs=1 cs=1]
                RenderBlock {P} at (7,0) size 92x16
                  RenderText {#text} at (35,0) size 21x15
                    text run at (35,0) width 21: "Yes"
                  RenderInline {SPAN} at (0,0) size 1x15
                    RenderInline {O:P} at (0,0) size 1x15
                RenderBlock {P} at (7,16) size 92x16
                  RenderText {#text} at (37,0) size 17x15
                    text run at (37,0) width 17: "No"
                  RenderInline {SPAN} at (0,0) size 1x15
                    RenderInline {O:P} at (0,0) size 1x15
                RenderBlock {P} at (7,32) size 92x16
                  RenderText {#text} at (37,0) size 17x15
                    text run at (37,0) width 17: "No"
                RenderBlock {P} at (7,48) size 92x16
                  RenderText {#text} at (35,0) size 21x15
                    text run at (35,0) width 21: "Yes"
                RenderBlock {P} at (7,64) size 92x16
                  RenderText {#text} at (37,0) size 17x15
                    text run at (37,0) width 17: "No"
                  RenderInline {SPAN} at (0,0) size 1x15
                    RenderInline {O:P} at (0,0) size 1x15
            RenderTableRow {TR} at (0,1097) size 473x80
              RenderTableCell {TD} at (0,1097) size 97x16 [r=22 c=0 rs=1 cs=1]
                RenderBlock {P} at (7,0) size 84x16
                  RenderText {#text} at (34,0) size 15x15
                    text run at (34,0) width 15: "23"
                  RenderInline {SPAN} at (0,0) size 1x15
                    RenderInline {O:P} at (0,0) size 1x15
              RenderTableCell {TD} at (97,1097) size 169x80 [r=22 c=1 rs=1 cs=1]
                RenderBlock {P} at (7,0) size 156x16
                  RenderText {#text} at (0,0) size 64x15
                    text run at (0,0) width 64: "Dave Neves"
                  RenderInline {SPAN} at (0,0) size 0x15
                    RenderInline {O:P} at (0,0) size 0x15
                RenderBlock {P} at (7,16) size 156x16
                  RenderText {#text} at (0,0) size 86x15
                    text run at (0,0) width 86: "Maurice Burton"
                RenderBlock {P} at (7,32) size 156x16
                  RenderText {#text} at (0,0) size 62x15
                    text run at (0,0) width 62: "Oliver Baer"
                RenderBlock {P} at (7,48) size 156x16
                  RenderText {#text} at (0,0) size 58x15
                    text run at (0,0) width 58: "John Todd"
                RenderBlock {P} at (7,64) size 156x16
                  RenderText {#text} at (0,0) size 66x15
                    text run at (0,0) width 66: "Rich Saunef"
                  RenderInline {SPAN} at (0,0) size 0x15
                    RenderInline {O:P} at (0,0) size 0x15
              RenderTableCell {TD} at (266,1097) size 98x80 [r=22 c=2 rs=1 cs=1]
                RenderBlock {P} at (7,0) size 85x16
                  RenderText {#text} at (32,0) size 20x15
                    text run at (32,0) width 20: "Yes"
                  RenderInline {SPAN} at (0,0) size 0x15
                    RenderInline {O:P} at (0,0) size 0x15
                RenderBlock {P} at (7,16) size 85x16
                  RenderText {#text} at (32,0) size 20x15
                    text run at (32,0) width 20: "Yes"
                RenderBlock {P} at (7,32) size 85x16
                  RenderText {#text} at (32,0) size 20x15
                    text run at (32,0) width 20: "Yes"
                RenderBlock {P} at (7,48) size 85x16
                  RenderText {#text} at (40,0) size 4x15
                    text run at (40,0) width 4: " "
                RenderBlock {P} at (7,64) size 85x16
                  RenderText {#text} at (32,0) size 20x15
                    text run at (32,0) width 20: "Yes"
                  RenderInline {SPAN} at (0,0) size 0x15
                    RenderInline {O:P} at (0,0) size 0x15
              RenderTableCell {TD} at (364,1097) size 105x80 [r=22 c=3 rs=1 cs=1]
                RenderBlock {P} at (7,0) size 92x16
                  RenderText {#text} at (35,0) size 21x15
                    text run at (35,0) width 21: "Yes"
                  RenderInline {SPAN} at (0,0) size 1x15
                    RenderInline {O:P} at (0,0) size 1x15
                RenderBlock {P} at (7,16) size 92x16
                  RenderText {#text} at (37,0) size 17x15
                    text run at (37,0) width 17: "No"
                RenderBlock {P} at (7,32) size 92x16
                  RenderText {#text} at (37,0) size 17x15
                    text run at (37,0) width 17: "No"
                RenderBlock {P} at (7,48) size 92x16
                  RenderText {#text} at (44,0) size 3x15
                    text run at (44,0) width 3: " "
                RenderBlock {P} at (7,64) size 92x16
                  RenderText {#text} at (37,0) size 17x15
                    text run at (37,0) width 17: "No"
                  RenderInline {SPAN} at (0,0) size 1x15
                    RenderInline {O:P} at (0,0) size 1x15
            RenderTableRow {TR} at (0,1177) size 473x80
              RenderTableCell {TD} at (0,1177) size 97x16 [r=23 c=0 rs=1 cs=1]
                RenderBlock {P} at (7,0) size 84x16
                  RenderText {#text} at (34,0) size 15x15
                    text run at (34,0) width 15: "24"
                  RenderInline {SPAN} at (0,0) size 1x15
                    RenderInline {O:P} at (0,0) size 1x15
              RenderTableCell {TD} at (97,1177) size 169x80 [r=23 c=1 rs=1 cs=1]
                RenderBlock {P} at (7,0) size 156x16
                  RenderText {#text} at (0,0) size 66x15
                    text run at (0,0) width 66: " Dan Sievert"
                RenderBlock {P} at (7,16) size 156x16
                  RenderText {#text} at (0,0) size 60x15
                    text run at (0,0) width 60: "Jerry Davis"
                RenderBlock {P} at (7,32) size 156x16
                  RenderText {#text} at (0,0) size 62x15
                    text run at (0,0) width 62: "Scott Hersh"
                RenderBlock {P} at (7,48) size 156x16
                  RenderText {#text} at (0,0) size 52x15
                    text run at (0,0) width 52: "Rick Bell"
                RenderBlock {P} at (7,64) size 156x16
                  RenderText {#text} at (0,0) size 56x15
                    text run at (0,0) width 56: "Eric Shum"
                  RenderInline {SPAN} at (0,0) size 0x15
                    RenderInline {O:P} at (0,0) size 0x15
              RenderTableCell {TD} at (266,1177) size 98x80 [r=23 c=2 rs=1 cs=1]
                RenderBlock {P} at (7,0) size 85x16
                  RenderText {#text} at (30,0) size 24x15
                    text run at (30,0) width 24: " Yes"
                RenderBlock {P} at (7,16) size 85x16
                  RenderText {#text} at (32,0) size 20x15
                    text run at (32,0) width 20: "Yes"
                RenderBlock {P} at (7,32) size 85x16
                  RenderText {#text} at (32,0) size 20x15
                    text run at (32,0) width 20: "Yes"
                RenderBlock {P} at (7,48) size 85x16
                  RenderText {#text} at (32,0) size 20x15
                    text run at (32,0) width 20: "Yes"
                RenderBlock {P} at (7,64) size 85x16
                  RenderText {#text} at (32,0) size 20x15
                    text run at (32,0) width 20: "Yes"
                  RenderInline {SPAN} at (0,0) size 0x15
                    RenderInline {O:P} at (0,0) size 0x15
              RenderTableCell {TD} at (364,1177) size 105x80 [r=23 c=3 rs=1 cs=1]
                RenderBlock {P} at (7,0) size 92x16
                  RenderText {#text} at (36,0) size 19x15
                    text run at (36,0) width 19: " No"
                RenderBlock {P} at (7,16) size 92x16
                  RenderText {#text} at (37,0) size 17x15
                    text run at (37,0) width 17: "No"
                RenderBlock {P} at (7,32) size 92x16
                  RenderText {#text} at (37,0) size 17x15
                    text run at (37,0) width 17: "No"
                RenderBlock {P} at (7,48) size 92x16
                  RenderText {#text} at (37,0) size 17x15
                    text run at (37,0) width 17: "No"
                RenderBlock {P} at (7,64) size 92x16
                  RenderText {#text} at (37,0) size 17x15
                    text run at (37,0) width 17: "No"
                  RenderInline {SPAN} at (0,0) size 1x15
                    RenderInline {O:P} at (0,0) size 1x15
            RenderTableRow {TR} at (0,1257) size 473x32
              RenderTableCell {TD} at (0,1257) size 97x16 [r=24 c=0 rs=1 cs=1]
                RenderBlock {P} at (7,0) size 84x16
                  RenderText {#text} at (34,0) size 15x15
                    text run at (34,0) width 15: "25"
                  RenderInline {SPAN} at (0,0) size 1x15
                    RenderInline {O:P} at (0,0) size 1x15
              RenderTableCell {TD} at (97,1257) size 169x32 [r=24 c=1 rs=1 cs=1]
                RenderBlock {P} at (7,0) size 156x16
                  RenderText {#text} at (0,0) size 70x15
                    text run at (0,0) width 70: "James Davey"
                RenderBlock {P} at (7,16) size 156x16
                  RenderText {#text} at (0,0) size 93x15
                    text run at (0,0) width 93: "Ruenjoe (Joe) Lu"
                  RenderInline {SPAN} at (0,0) size 0x15
                    RenderInline {O:P} at (0,0) size 0x15
              RenderTableCell {TD} at (266,1257) size 98x16 [r=24 c=2 rs=1 cs=1]
                RenderBlock {P} at (7,0) size 85x16
                  RenderText {#text} at (32,0) size 20x15
                    text run at (32,0) width 20: "Yes"
                  RenderInline {SPAN} at (0,0) size 0x15
                    RenderInline {O:P} at (0,0) size 0x15
              RenderTableCell {TD} at (364,1257) size 105x16 [r=24 c=3 rs=1 cs=1]
                RenderBlock {P} at (7,0) size 92x16
                  RenderText {#text} at (35,0) size 21x15
                    text run at (35,0) width 21: "Yes"
                  RenderInline {SPAN} at (0,0) size 1x15
                    RenderInline {O:P} at (0,0) size 1x15
            RenderTableRow {TR} at (0,1289) size 473x160
              RenderTableCell {TD} at (0,1289) size 97x16 [r=25 c=0 rs=1 cs=1]
                RenderBlock {P} at (7,0) size 84x16
                  RenderText {#text} at (34,0) size 15x15
                    text run at (34,0) width 15: "26"
                  RenderInline {SPAN} at (0,0) size 1x15
                    RenderInline {O:P} at (0,0) size 1x15
              RenderTableCell {TD} at (97,1289) size 169x160 [r=25 c=1 rs=1 cs=1]
                RenderBlock {P} at (7,0) size 156x16
                  RenderText {#text} at (0,0) size 89x15
                    text run at (0,0) width 89: "Alan Littlewood"
                  RenderInline {SPAN} at (0,0) size 0x15
                    RenderInline {O:P} at (0,0) size 0x15
                RenderBlock {P} at (7,16) size 156x16
                  RenderText {#text} at (0,0) size 72x15
                    text run at (0,0) width 72: "Darren Braun"
                  RenderInline {SPAN} at (0,0) size 0x15
                    RenderInline {O:P} at (0,0) size 0x15
                RenderBlock {P} at (7,32) size 156x16
                  RenderText {#text} at (0,0) size 62x15
                    text run at (0,0) width 62: "Simon Tam"
                RenderBlock {P} at (7,48) size 156x16
                  RenderText {#text} at (0,0) size 78x15
                    text run at (0,0) width 78: "Chuck Pringle"
                RenderBlock {P} at (7,64) size 156x16
                  RenderText {#text} at (0,0) size 88x15
                    text run at (0,0) width 88: "Gary Pendergras"
                RenderBlock {P} at (7,80) size 156x16
                  RenderText {#text} at (0,0) size 79x15
                    text run at (0,0) width 79: "Peter Mazanec"
                RenderBlock {P} at (7,96) size 156x16
                  RenderText {#text} at (0,0) size 80x15
                    text run at (0,0) width 80: "Harry Imamura"
                RenderBlock {P} at (7,112) size 156x16
                  RenderText {#text} at (0,0) size 58x15
                    text run at (0,0) width 58: "Joe Araujo"
                RenderBlock {P} at (7,128) size 156x16
                  RenderText {#text} at (0,0) size 78x15
                    text run at (0,0) width 78: "Gary Williams"
                RenderBlock {P} at (7,144) size 156x16
                  RenderText {#text} at (0,0) size 89x15
                    text run at (0,0) width 89: "Jack Goodfriend"
                  RenderInline {SPAN} at (0,0) size 0x15
                    RenderInline {O:P} at (0,0) size 0x15
              RenderTableCell {TD} at (266,1289) size 98x112 [r=25 c=2 rs=1 cs=1]
                RenderBlock {P} at (7,0) size 85x16
                  RenderText {#text} at (32,0) size 20x15
                    text run at (32,0) width 20: "Yes"
                  RenderInline {SPAN} at (0,0) size 0x15
                    RenderInline {O:P} at (0,0) size 0x15
                RenderBlock {P} at (7,16) size 85x16
                  RenderText {#text} at (32,0) size 20x15
                    text run at (32,0) width 20: "Yes"
                  RenderInline {SPAN} at (0,0) size 0x15
                    RenderInline {O:P} at (0,0) size 0x15
                RenderBlock {P} at (7,32) size 85x16
                  RenderText {#text} at (32,0) size 20x15
                    text run at (32,0) width 20: "Yes"
                RenderBlock {P} at (7,48) size 85x16
                  RenderText {#text} at (32,0) size 20x15
                    text run at (32,0) width 20: "Yes"
                RenderBlock {P} at (7,64) size 85x16
                  RenderText {#text} at (32,0) size 20x15
                    text run at (32,0) width 20: "Yes"
                RenderBlock {P} at (7,80) size 85x16
                  RenderText {#text} at (32,0) size 20x15
                    text run at (32,0) width 20: "Yes"
                RenderBlock {P} at (7,96) size 85x16
                  RenderText {#text} at (34,0) size 16x15
                    text run at (34,0) width 16: "No"
                  RenderInline {SPAN} at (0,0) size 0x15
                    RenderInline {O:P} at (0,0) size 0x15
              RenderTableCell {TD} at (364,1289) size 105x112 [r=25 c=3 rs=1 cs=1]
                RenderBlock {P} at (7,0) size 92x16
                  RenderText {#text} at (37,0) size 17x15
                    text run at (37,0) width 17: "No"
                  RenderInline {SPAN} at (0,0) size 1x15
                    RenderInline {O:P} at (0,0) size 1x15
                RenderBlock {P} at (7,16) size 92x16
                  RenderText {#text} at (37,0) size 17x15
                    text run at (37,0) width 17: "No"
                  RenderInline {SPAN} at (0,0) size 1x15
                    RenderInline {O:P} at (0,0) size 1x15
                RenderBlock {P} at (7,32) size 92x16
                  RenderText {#text} at (37,0) size 17x15
                    text run at (37,0) width 17: "No"
                RenderBlock {P} at (7,48) size 92x16
                  RenderText {#text} at (37,0) size 17x15
                    text run at (37,0) width 17: "No"
                RenderBlock {P} at (7,64) size 92x16
                  RenderText {#text} at (37,0) size 17x15
                    text run at (37,0) width 17: "No"
                RenderBlock {P} at (7,80) size 92x16
                  RenderText {#text} at (37,0) size 17x15
                    text run at (37,0) width 17: "No"
                RenderBlock {P} at (7,96) size 92x16
                  RenderText {#text} at (35,0) size 21x15
                    text run at (35,0) width 21: "Yes"
                  RenderInline {SPAN} at (0,0) size 1x15
                    RenderInline {O:P} at (0,0) size 1x15
            RenderTableRow {TR} at (0,1449) size 473x96
              RenderTableCell {TD} at (0,1449) size 97x16 [r=26 c=0 rs=1 cs=1]
                RenderBlock {P} at (7,0) size 84x16
                  RenderText {#text} at (34,0) size 15x15
                    text run at (34,0) width 15: "27"
                  RenderInline {SPAN} at (0,0) size 1x15
                    RenderInline {O:P} at (0,0) size 1x15
              RenderTableCell {TD} at (97,1449) size 169x96 [r=26 c=1 rs=1 cs=1]
                RenderBlock {P} at (7,0) size 156x16
                  RenderText {#text} at (0,0) size 72x15
                    text run at (0,0) width 72: "Darren Braun"
                  RenderInline {SPAN} at (0,0) size 0x15
                    RenderInline {O:P} at (0,0) size 0x15
                RenderBlock {P} at (7,16) size 156x16
                  RenderText {#text} at (0,0) size 92x15
                    text run at (0,0) width 92: "Ian + Brad Carter"
                  RenderInline {SPAN} at (0,0) size 0x15
                    RenderInline {O:P} at (0,0) size 0x15
                RenderBlock {P} at (7,32) size 156x16
                  RenderText {#text} at (0,0) size 72x15
                    text run at (0,0) width 72: "Pete Peterson"
                RenderBlock {P} at (7,48) size 156x16
                  RenderText {#text} at (0,0) size 83x15
                    text run at (0,0) width 83: "John Chamorro"
                RenderBlock {P} at (7,64) size 156x16
                  RenderText {#text} at (0,0) size 69x15
                    text run at (0,0) width 69: "Ali Erdengiz"
                RenderBlock {P} at (7,80) size 156x16
                  RenderText {#text} at (0,0) size 57x15
                    text run at (0,0) width 57: "Saibal Sen"
                  RenderInline {SPAN} at (0,0) size 0x15
                    RenderInline {O:P} at (0,0) size 0x15
              RenderTableCell {TD} at (266,1449) size 98x96 [r=26 c=2 rs=1 cs=1]
                RenderBlock {P} at (7,0) size 85x16
                  RenderText {#text} at (32,0) size 20x15
                    text run at (32,0) width 20: "Yes"
                  RenderInline {SPAN} at (0,0) size 0x15
                    RenderInline {O:P} at (0,0) size 0x15
                RenderBlock {P} at (7,16) size 85x16
                  RenderText {#text} at (32,0) size 20x15
                    text run at (32,0) width 20: "Yes"
                  RenderInline {SPAN} at (0,0) size 0x15
                    RenderInline {O:P} at (0,0) size 0x15
                RenderBlock {P} at (7,32) size 85x16
                  RenderText {#text} at (32,0) size 20x15
                    text run at (32,0) width 20: "Yes"
                RenderBlock {P} at (7,48) size 85x16
                  RenderText {#text} at (40,0) size 4x15
                    text run at (40,0) width 4: " "
                RenderBlock {P} at (7,64) size 85x16
                  RenderText {#text} at (40,0) size 4x15
                    text run at (40,0) width 4: " "
                RenderBlock {P} at (7,80) size 85x16
                  RenderText {#text} at (32,0) size 20x15
                    text run at (32,0) width 20: "Yes"
                  RenderInline {SPAN} at (0,0) size 0x15
                    RenderInline {O:P} at (0,0) size 0x15
              RenderTableCell {TD} at (364,1449) size 105x96 [r=26 c=3 rs=1 cs=1]
                RenderBlock {P} at (7,0) size 92x16
                  RenderText {#text} at (37,0) size 17x15
                    text run at (37,0) width 17: "No"
                  RenderInline {SPAN} at (0,0) size 1x15
                    RenderInline {O:P} at (0,0) size 1x15
                RenderBlock {P} at (7,16) size 92x16
                  RenderText {#text} at (37,0) size 17x15
                    text run at (37,0) width 17: "No"
                  RenderInline {SPAN} at (0,0) size 1x15
                    RenderInline {O:P} at (0,0) size 1x15
                RenderBlock {P} at (7,32) size 92x16
                  RenderText {#text} at (37,0) size 17x15
                    text run at (37,0) width 17: "No"
                RenderBlock {P} at (7,48) size 92x16
                  RenderText {#text} at (44,0) size 3x15
                    text run at (44,0) width 3: " "
                RenderBlock {P} at (7,64) size 92x16
                  RenderText {#text} at (44,0) size 3x15
                    text run at (44,0) width 3: " "
                RenderBlock {P} at (7,80) size 92x16
                  RenderText {#text} at (37,0) size 17x15
                    text run at (37,0) width 17: "No"
                  RenderInline {SPAN} at (0,0) size 1x15
                    RenderInline {O:P} at (0,0) size 1x15
            RenderTableRow {TR} at (0,1545) size 473x144
              RenderTableCell {TD} at (0,1545) size 97x16 [r=27 c=0 rs=1 cs=1]
                RenderBlock {P} at (7,0) size 84x16
                  RenderText {#text} at (34,0) size 15x15
                    text run at (34,0) width 15: "28"
                  RenderInline {SPAN} at (0,0) size 1x15
                    RenderInline {O:P} at (0,0) size 1x15
              RenderTableCell {TD} at (97,1545) size 169x144 [r=27 c=1 rs=1 cs=1]
                RenderBlock {P} at (7,0) size 156x16
                  RenderText {#text} at (0,0) size 93x15
                    text run at (0,0) width 93: "Zak + Mike West"
                  RenderInline {SPAN} at (0,0) size 0x15
                    RenderInline {O:P} at (0,0) size 0x15
                RenderBlock {P} at (7,16) size 156x16
                  RenderText {#text} at (0,0) size 64x15
                    text run at (0,0) width 64: "Dave Neves"
                  RenderInline {SPAN} at (0,0) size 0x15
                    RenderInline {O:P} at (0,0) size 0x15
                RenderBlock {P} at (7,32) size 156x16
                  RenderText {#text} at (0,0) size 78x15
                    text run at (0,0) width 78: "Richard Green"
                  RenderInline {SPAN} at (0,0) size 0x15
                    RenderInline {O:P} at (0,0) size 0x15
                RenderBlock {P} at (7,48) size 156x16
                  RenderText {#text} at (0,0) size 68x15
                    text run at (0,0) width 68: "Javier Flores"
                RenderBlock {P} at (7,64) size 156x16
                  RenderText {#text} at (0,0) size 86x15
                    text run at (0,0) width 86: "Gerald Cardinal"
                RenderBlock {P} at (7,80) size 156x16
                  RenderText {#text} at (0,0) size 63x15
                    text run at (0,0) width 63: "Dan Sievert"
                RenderBlock {P} at (7,96) size 156x16
                  RenderText {#text} at (0,0) size 69x15
                    text run at (0,0) width 69: "Ali Erdengiz"
                RenderBlock {P} at (7,112) size 156x16
                  RenderText {#text} at (0,0) size 63x15
                    text run at (0,0) width 63: "Paul Walter"
                RenderBlock {P} at (7,128) size 156x16
                  RenderText {#text} at (0,0) size 60x15
                    text run at (0,0) width 60: "Jerry Davis"
                  RenderInline {SPAN} at (0,0) size 0x15
                    RenderInline {O:P} at (0,0) size 0x15
              RenderTableCell {TD} at (266,1545) size 98x144 [r=27 c=2 rs=1 cs=1]
                RenderBlock {P} at (7,0) size 85x16
                  RenderText {#text} at (32,0) size 20x15
                    text run at (32,0) width 20: "Yes"
                  RenderInline {SPAN} at (0,0) size 0x15
                    RenderInline {O:P} at (0,0) size 0x15
                RenderBlock {P} at (7,16) size 85x16
                  RenderText {#text} at (32,0) size 20x15
                    text run at (32,0) width 20: "Yes"
                  RenderInline {SPAN} at (0,0) size 0x15
                    RenderInline {O:P} at (0,0) size 0x15
                RenderBlock {P} at (7,32) size 85x16
                  RenderText {#text} at (32,0) size 20x15
                    text run at (32,0) width 20: "Yes"
                  RenderInline {SPAN} at (0,0) size 0x15
                    RenderInline {O:P} at (0,0) size 0x15
                RenderBlock {P} at (7,48) size 85x16
                  RenderText {#text} at (32,0) size 20x15
                    text run at (32,0) width 20: "Yes"
                RenderBlock {P} at (7,64) size 85x16
                  RenderText {#text} at (40,0) size 4x15
                    text run at (40,0) width 4: " "
                RenderBlock {P} at (7,80) size 85x16
                  RenderText {#text} at (32,0) size 20x15
                    text run at (32,0) width 20: "Yes"
                RenderBlock {P} at (7,96) size 85x16
                  RenderText {#text} at (40,0) size 4x15
                    text run at (40,0) width 4: " "
                RenderBlock {P} at (7,112) size 85x16
                  RenderText {#text} at (40,0) size 4x15
                    text run at (40,0) width 4: " "
                RenderBlock {P} at (7,128) size 85x16
                  RenderText {#text} at (32,0) size 20x15
                    text run at (32,0) width 20: "Yes"
                  RenderInline {SPAN} at (0,0) size 0x15
                    RenderInline {O:P} at (0,0) size 0x15
              RenderTableCell {TD} at (364,1545) size 105x144 [r=27 c=3 rs=1 cs=1]
                RenderBlock {P} at (7,0) size 92x16
                  RenderText {#text} at (35,0) size 21x15
                    text run at (35,0) width 21: "Yes"
                  RenderInline {SPAN} at (0,0) size 1x15
                    RenderInline {O:P} at (0,0) size 1x15
                RenderBlock {P} at (7,16) size 92x16
                  RenderText {#text} at (35,0) size 21x15
                    text run at (35,0) width 21: "Yes"
                  RenderInline {SPAN} at (0,0) size 1x15
                    RenderInline {O:P} at (0,0) size 1x15
                RenderBlock {P} at (7,32) size 92x16
                  RenderText {#text} at (37,0) size 17x15
                    text run at (37,0) width 17: "No"
                  RenderInline {SPAN} at (0,0) size 1x15
                    RenderInline {O:P} at (0,0) size 1x15
                RenderBlock {P} at (7,48) size 92x16
                  RenderText {#text} at (37,0) size 17x15
                    text run at (37,0) width 17: "No"
                RenderBlock {P} at (7,64) size 92x16
                  RenderText {#text} at (44,0) size 3x15
                    text run at (44,0) width 3: " "
                RenderBlock {P} at (7,80) size 92x16
                  RenderText {#text} at (37,0) size 17x15
                    text run at (37,0) width 17: "No"
                RenderBlock {P} at (7,96) size 92x16
                  RenderText {#text} at (44,0) size 3x15
                    text run at (44,0) width 3: " "
                RenderBlock {P} at (7,112) size 92x16
                  RenderText {#text} at (44,0) size 3x15
                    text run at (44,0) width 3: " "
                RenderBlock {P} at (7,128) size 92x16
                  RenderText {#text} at (37,0) size 17x15
                    text run at (37,0) width 17: "No"
                  RenderInline {SPAN} at (0,0) size 1x15
                    RenderInline {O:P} at (0,0) size 1x15
            RenderTableRow {TR} at (0,1689) size 473x48
              RenderTableCell {TD} at (0,1689) size 97x16 [r=28 c=0 rs=1 cs=1]
                RenderBlock {P} at (7,0) size 84x16
                  RenderText {#text} at (34,0) size 15x15
                    text run at (34,0) width 15: "29"
                  RenderInline {SPAN} at (0,0) size 1x15
                    RenderInline {O:P} at (0,0) size 1x15
              RenderTableCell {TD} at (97,1689) size 169x48 [r=28 c=1 rs=1 cs=1]
                RenderBlock {P} at (7,0) size 156x16
                  RenderText {#text} at (0,0) size 68x15
                    text run at (0,0) width 68: "Javier Flores"
                  RenderInline {SPAN} at (0,0) size 0x15
                    RenderInline {O:P} at (0,0) size 0x15
                RenderBlock {P} at (7,16) size 156x16
                  RenderText {#text} at (0,0) size 69x15
                    text run at (0,0) width 69: "Bill Johnson"
                RenderBlock {P} at (7,32) size 156x16
                  RenderText {#text} at (0,0) size 58x15
                    text run at (0,0) width 58: "John Todd"
                  RenderInline {SPAN} at (0,0) size 0x15
                    RenderInline {O:P} at (0,0) size 0x15
              RenderTableCell {TD} at (266,1689) size 98x32 [r=28 c=2 rs=1 cs=1]
                RenderBlock {P} at (7,0) size 85x16
                  RenderText {#text} at (32,0) size 20x15
                    text run at (32,0) width 20: "Yes"
                  RenderInline {SPAN} at (0,0) size 0x15
                    RenderInline {O:P} at (0,0) size 0x15
                RenderBlock {P} at (7,16) size 85x16
                  RenderText {#text} at (32,0) size 20x15
                    text run at (32,0) width 20: "Yes"
                  RenderInline {SPAN} at (0,0) size 0x15
                    RenderInline {O:P} at (0,0) size 0x15
              RenderTableCell {TD} at (364,1689) size 105x32 [r=28 c=3 rs=1 cs=1]
                RenderBlock {P} at (7,0) size 92x16
                  RenderText {#text} at (37,0) size 17x15
                    text run at (37,0) width 17: "No"
                  RenderInline {SPAN} at (0,0) size 1x15
                    RenderInline {O:P} at (0,0) size 1x15
                RenderBlock {P} at (7,16) size 92x16
                  RenderText {#text} at (37,0) size 17x15
                    text run at (37,0) width 17: "No"
                  RenderInline {SPAN} at (0,0) size 1x15
                    RenderInline {O:P} at (0,0) size 1x15
            RenderTableRow {TR} at (0,1737) size 473x112
              RenderTableCell {TD} at (0,1737) size 97x16 [r=29 c=0 rs=1 cs=1]
                RenderBlock {P} at (7,0) size 84x16
                  RenderText {#text} at (34,0) size 15x15
                    text run at (34,0) width 15: "30"
                  RenderInline {SPAN} at (0,0) size 1x15
                    RenderInline {O:P} at (0,0) size 1x15
              RenderTableCell {TD} at (97,1737) size 169x112 [r=29 c=1 rs=1 cs=1]
                RenderBlock {P} at (7,0) size 156x16
                  RenderText {#text} at (0,0) size 89x15
                    text run at (0,0) width 89: "Alan Littlewood"
                  RenderInline {SPAN} at (0,0) size 0x15
                    RenderInline {O:P} at (0,0) size 0x15
                RenderBlock {P} at (7,16) size 156x16
                  RenderText {#text} at (0,0) size 84x15
                    text run at (0,0) width 84: "George Coward"
                  RenderInline {SPAN} at (0,0) size 0x15
                    RenderInline {O:P} at (0,0) size 0x15
                RenderBlock {P} at (7,32) size 156x16
                  RenderText {#text} at (0,0) size 86x15
                    text run at (0,0) width 86: "Maurice Burton"
                RenderBlock {P} at (7,48) size 156x16
                  RenderText {#text} at (0,0) size 63x15
                    text run at (0,0) width 63: "Dan Sievert"
                RenderBlock {P} at (7,64) size 156x16
                  RenderText {#text} at (0,0) size 114x15
                    text run at (0,0) width 114: "Michael DeGiovanni"
                RenderBlock {P} at (7,80) size 156x16
                  RenderText {#text} at (0,0) size 89x15
                    text run at (0,0) width 89: "Jack Goodfriend"
                RenderBlock {P} at (7,96) size 156x16
                  RenderText {#text} at (0,0) size 91x15
                    text run at (0,0) width 91: "Richard Sanchez"
                  RenderInline {SPAN} at (0,0) size 0x15
                    RenderInline {O:P} at (0,0) size 0x15
              RenderTableCell {TD} at (266,1737) size 98x112 [r=29 c=2 rs=1 cs=1]
                RenderBlock {P} at (7,0) size 85x16
                  RenderText {#text} at (32,0) size 20x15
                    text run at (32,0) width 20: "Yes"
                  RenderInline {SPAN} at (0,0) size 0x15
                    RenderInline {O:P} at (0,0) size 0x15
                RenderBlock {P} at (7,16) size 85x16
                  RenderText {#text} at (32,0) size 20x15
                    text run at (32,0) width 20: "Yes"
                  RenderInline {SPAN} at (0,0) size 0x15
                    RenderInline {O:P} at (0,0) size 0x15
                RenderBlock {P} at (7,32) size 85x16
                  RenderText {#text} at (32,0) size 20x15
                    text run at (32,0) width 20: "Yes"
                RenderBlock {P} at (7,48) size 85x16
                  RenderText {#text} at (32,0) size 20x15
                    text run at (32,0) width 20: "Yes"
                RenderBlock {P} at (7,64) size 85x16
                  RenderText {#text} at (40,0) size 4x15
                    text run at (40,0) width 4: " "
                RenderBlock {P} at (7,80) size 85x16
                  RenderText {#text} at (40,0) size 4x15
                    text run at (40,0) width 4: " "
                RenderBlock {P} at (7,96) size 85x16
                  RenderText {#text} at (34,0) size 16x15
                    text run at (34,0) width 16: "No"
                  RenderInline {SPAN} at (0,0) size 0x15
                    RenderInline {O:P} at (0,0) size 0x15
              RenderTableCell {TD} at (364,1737) size 105x112 [r=29 c=3 rs=1 cs=1]
                RenderBlock {P} at (7,0) size 92x16
                  RenderText {#text} at (37,0) size 17x15
                    text run at (37,0) width 17: "No"
                  RenderInline {SPAN} at (0,0) size 1x15
                    RenderInline {O:P} at (0,0) size 1x15
                RenderBlock {P} at (7,16) size 92x16
                  RenderText {#text} at (37,0) size 17x15
                    text run at (37,0) width 17: "No"
                  RenderInline {SPAN} at (0,0) size 1x15
                    RenderInline {O:P} at (0,0) size 1x15
                RenderBlock {P} at (7,32) size 92x16
                  RenderText {#text} at (37,0) size 17x15
                    text run at (37,0) width 17: "No"
                RenderBlock {P} at (7,48) size 92x16
                  RenderText {#text} at (37,0) size 17x15
                    text run at (37,0) width 17: "No"
                RenderBlock {P} at (7,64) size 92x16
                  RenderText {#text} at (44,0) size 3x15
                    text run at (44,0) width 3: " "
                RenderBlock {P} at (7,80) size 92x16
                  RenderText {#text} at (44,0) size 3x15
                    text run at (44,0) width 3: " "
                RenderBlock {P} at (7,96) size 92x16
                  RenderText {#text} at (35,0) size 21x15
                    text run at (35,0) width 21: "Yes"
                  RenderInline {SPAN} at (0,0) size 1x15
                    RenderInline {O:P} at (0,0) size 1x15
            RenderTableRow {TR} at (0,1849) size 473x48
              RenderTableCell {TD} at (0,1849) size 97x16 [r=30 c=0 rs=1 cs=1]
                RenderBlock {P} at (7,0) size 84x16
                  RenderText {#text} at (34,0) size 15x15
                    text run at (34,0) width 15: "31"
                  RenderInline {SPAN} at (0,0) size 1x15
                    RenderInline {O:P} at (0,0) size 1x15
              RenderTableCell {TD} at (97,1849) size 169x48 [r=30 c=1 rs=1 cs=1]
                RenderBlock {P} at (7,0) size 156x16
                  RenderText {#text} at (0,0) size 64x15
                    text run at (0,0) width 64: "Dave Neves"
                RenderBlock {P} at (7,16) size 156x16
                  RenderText {#text} at (0,0) size 79x15
                    text run at (0,0) width 79: "James Haladus"
                RenderBlock {P} at (7,32) size 156x16
                  RenderText {#text} at (0,0) size 65x15
                    text run at (0,0) width 65: "Randy Reid"
                  RenderInline {SPAN} at (0,0) size 0x15
                    RenderInline {O:P} at (0,0) size 0x15
              RenderTableCell {TD} at (266,1849) size 98x32 [r=30 c=2 rs=1 cs=1]
                RenderBlock {P} at (7,0) size 85x16
                  RenderText {#text} at (32,0) size 20x15
                    text run at (32,0) width 20: "Yes"
                RenderBlock {P} at (7,16) size 85x16
                  RenderText {#text} at (32,0) size 20x15
                    text run at (32,0) width 20: "Yes"
                  RenderInline {SPAN} at (0,0) size 0x15
                    RenderInline {O:P} at (0,0) size 0x15
              RenderTableCell {TD} at (364,1849) size 105x32 [r=30 c=3 rs=1 cs=1]
                RenderBlock {P} at (7,0) size 92x16
                  RenderText {#text} at (35,0) size 21x15
                    text run at (35,0) width 21: "Yes"
                RenderBlock {P} at (7,16) size 92x16
                  RenderText {#text} at (37,0) size 17x15
                    text run at (37,0) width 17: "No"
                  RenderInline {SPAN} at (0,0) size 1x15
                    RenderInline {O:P} at (0,0) size 1x15
            RenderTableRow {TR} at (0,1897) size 473x64
              RenderTableCell {TD} at (0,1897) size 97x16 [r=31 c=0 rs=1 cs=1]
                RenderBlock {P} at (7,0) size 84x16
                  RenderText {#text} at (34,0) size 15x15
                    text run at (34,0) width 15: "32"
                  RenderInline {SPAN} at (0,0) size 1x15
                    RenderInline {O:P} at (0,0) size 1x15
              RenderTableCell {TD} at (97,1897) size 169x64 [r=31 c=1 rs=1 cs=1]
                RenderBlock {P} at (7,0) size 156x16
                  RenderText {#text} at (0,0) size 65x15
                    text run at (0,0) width 65: " Oliver Baer"
                RenderBlock {P} at (7,16) size 156x16
                  RenderText {#text} at (0,0) size 68x15
                    text run at (0,0) width 68: "Dale Barnett"
                RenderBlock {P} at (7,32) size 156x16
                  RenderText {#text} at (0,0) size 58x15
                    text run at (0,0) width 58: "John Todd"
                RenderBlock {P} at (7,48) size 156x16
                  RenderText {#text} at (0,0) size 89x15
                    text run at (0,0) width 89: "Dominic Bayani"
                  RenderInline {SPAN} at (0,0) size 0x15
                    RenderInline {O:P} at (0,0) size 0x15
              RenderTableCell {TD} at (266,1897) size 98x32 [r=31 c=2 rs=1 cs=1]
                RenderBlock {P} at (7,0) size 85x16
                  RenderText {#text} at (30,0) size 24x15
                    text run at (30,0) width 24: " Yes"
                RenderBlock {P} at (7,16) size 85x16
                  RenderText {#text} at (32,0) size 20x15
                    text run at (32,0) width 20: "Yes"
                  RenderInline {SPAN} at (0,0) size 0x15
                    RenderInline {O:P} at (0,0) size 0x15
              RenderTableCell {TD} at (364,1897) size 105x32 [r=31 c=3 rs=1 cs=1]
                RenderBlock {P} at (7,0) size 92x16
                  RenderText {#text} at (36,0) size 19x15
                    text run at (36,0) width 19: " No"
                RenderBlock {P} at (7,16) size 92x16
                  RenderText {#text} at (37,0) size 17x15
                    text run at (37,0) width 17: "No"
                  RenderInline {SPAN} at (0,0) size 1x15
                    RenderInline {O:P} at (0,0) size 1x15
            RenderTableRow {TR} at (0,1961) size 473x144
              RenderTableCell {TD} at (0,1961) size 97x16 [r=32 c=0 rs=1 cs=1]
                RenderBlock {P} at (7,0) size 84x16
                  RenderText {#text} at (34,0) size 15x15
                    text run at (34,0) width 15: "33"
                  RenderInline {SPAN} at (0,0) size 1x15
                    RenderInline {O:P} at (0,0) size 1x15
              RenderTableCell {TD} at (97,1961) size 169x144 [r=32 c=1 rs=1 cs=1]
                RenderBlock {P} at (7,0) size 156x16
                  RenderText {#text} at (0,0) size 70x15
                    text run at (0,0) width 70: "Tom Wagner"
                  RenderInline {SPAN} at (0,0) size 0x15
                    RenderInline {O:P} at (0,0) size 0x15
                RenderBlock {P} at (7,16) size 156x16
                  RenderText {#text} at (0,0) size 76x15
                    text run at (0,0) width 76: "Gene Langley"
                RenderBlock {P} at (7,32) size 156x16
                  RenderText {#text} at (0,0) size 79x15
                    text run at (0,0) width 79: "James Haladus"
                RenderBlock {P} at (7,48) size 156x16
                  RenderText {#text} at (0,0) size 85x15
                    text run at (0,0) width 85: "Daniel Buckley"
                RenderBlock {P} at (7,64) size 156x16
                  RenderText {#text} at (0,0) size 68x15
                    text run at (0,0) width 68: "Chris Larsen"
                RenderBlock {P} at (7,80) size 156x16
                  RenderText {#text} at (0,0) size 73x15
                    text run at (0,0) width 73: "Mike Chansu"
                RenderBlock {P} at (7,96) size 156x16
                  RenderText {#text} at (0,0) size 71x15
                    text run at (0,0) width 71: "James Brown"
                RenderBlock {P} at (7,112) size 156x16
                  RenderText {#text} at (0,0) size 65x15
                    text run at (0,0) width 65: "Will Sievert"
                RenderBlock {P} at (7,128) size 156x16
                  RenderText {#text} at (0,0) size 69x15
                    text run at (0,0) width 69: "Terry Chong"
                  RenderInline {SPAN} at (0,0) size 0x15
                    RenderInline {O:P} at (0,0) size 0x15
              RenderTableCell {TD} at (266,1961) size 98x144 [r=32 c=2 rs=1 cs=1]
                RenderBlock {P} at (7,0) size 85x16
                  RenderText {#text} at (32,0) size 20x15
                    text run at (32,0) width 20: "Yes"
                  RenderInline {SPAN} at (0,0) size 0x15
                    RenderInline {O:P} at (0,0) size 0x15
                RenderBlock {P} at (7,16) size 85x16
                  RenderText {#text} at (32,0) size 20x15
                    text run at (32,0) width 20: "Yes"
                RenderBlock {P} at (7,32) size 85x16
                  RenderText {#text} at (32,0) size 20x15
                    text run at (32,0) width 20: "Yes"
                RenderBlock {P} at (7,48) size 85x16
                  RenderText {#text} at (32,0) size 20x15
                    text run at (32,0) width 20: "Yes"
                RenderBlock {P} at (7,64) size 85x16
                  RenderText {#text} at (40,0) size 4x15
                    text run at (40,0) width 4: " "
                RenderBlock {P} at (7,80) size 85x16
                  RenderText {#text} at (32,0) size 20x15
                    text run at (32,0) width 20: "Yes"
                RenderBlock {P} at (7,96) size 85x16
                  RenderText {#text} at (32,0) size 20x15
                    text run at (32,0) width 20: "Yes"
                RenderBlock {P} at (7,112) size 85x16
                  RenderText {#text} at (32,0) size 20x15
                    text run at (32,0) width 20: "Yes"
                RenderBlock {P} at (7,128) size 85x16
                  RenderText {#text} at (32,0) size 20x15
                    text run at (32,0) width 20: "Yes"
                  RenderInline {SPAN} at (0,0) size 0x15
                    RenderInline {O:P} at (0,0) size 0x15
              RenderTableCell {TD} at (364,1961) size 105x144 [r=32 c=3 rs=1 cs=1]
                RenderBlock {P} at (7,0) size 92x16
                  RenderText {#text} at (37,0) size 17x15
                    text run at (37,0) width 17: "No"
                  RenderInline {SPAN} at (0,0) size 1x15
                    RenderInline {O:P} at (0,0) size 1x15
                RenderBlock {P} at (7,16) size 92x16
                  RenderText {#text} at (6,0) size 79x15
                    text run at (6,0) width 79: "Gyro wannabe"
                RenderBlock {P} at (7,32) size 92x16
                  RenderText {#text} at (37,0) size 17x15
                    text run at (37,0) width 17: "No"
                RenderBlock {P} at (7,48) size 92x16
                  RenderText {#text} at (37,0) size 17x15
                    text run at (37,0) width 17: "No"
                RenderBlock {P} at (7,64) size 92x16
                  RenderText {#text} at (44,0) size 3x15
                    text run at (44,0) width 3: " "
                RenderBlock {P} at (7,80) size 92x16
                  RenderText {#text} at (37,0) size 17x15
                    text run at (37,0) width 17: "No"
                RenderBlock {P} at (7,96) size 92x16
                  RenderText {#text} at (37,0) size 17x15
                    text run at (37,0) width 17: "No"
                RenderBlock {P} at (7,112) size 92x16
                  RenderText {#text} at (37,0) size 17x15
                    text run at (37,0) width 17: "No"
                RenderBlock {P} at (7,128) size 92x16
                  RenderText {#text} at (37,0) size 17x15
                    text run at (37,0) width 17: "No"
                  RenderInline {SPAN} at (0,0) size 1x15
                    RenderInline {O:P} at (0,0) size 1x15
            RenderTableRow {TR} at (0,2105) size 473x128
              RenderTableCell {TD} at (0,2105) size 97x16 [r=33 c=0 rs=1 cs=1]
                RenderBlock {P} at (7,0) size 84x16
                  RenderText {#text} at (34,0) size 15x15
                    text run at (34,0) width 15: "34"
                  RenderInline {SPAN} at (0,0) size 1x15
                    RenderInline {O:P} at (0,0) size 1x15
              RenderTableCell {TD} at (97,2105) size 169x128 [r=33 c=1 rs=1 cs=1]
                RenderBlock {P} at (7,0) size 156x16
                  RenderText {#text} at (0,0) size 57x15
                    text run at (0,0) width 57: "Jay Ribera"
                RenderBlock {P} at (7,16) size 156x16
                  RenderText {#text} at (0,0) size 86x15
                    text run at (0,0) width 86: "Gerald Cardinal"
                RenderBlock {P} at (7,32) size 156x16
                  RenderText {#text} at (0,0) size 68x15
                    text run at (0,0) width 68: "Dale Barnett"
                RenderBlock {P} at (7,48) size 156x16
                  RenderText {#text} at (0,0) size 63x15
                    text run at (0,0) width 63: "Paul Walter"
                RenderBlock {P} at (7,64) size 156x16
                  RenderText {#text} at (0,0) size 89x15
                    text run at (0,0) width 89: "Dominic Bayani"
                RenderBlock {P} at (7,80) size 156x16
                  RenderText {#text} at (0,0) size 93x15
                    text run at (0,0) width 93: "Donald Carvalho"
                RenderBlock {P} at (7,96) size 156x16
                  RenderText {#text} at (0,0) size 73x15
                    text run at (0,0) width 73: "Jack Peterson"
                RenderBlock {P} at (7,112) size 156x16
                  RenderText {#text} at (0,0) size 62x15
                    text run at (0,0) width 62: "Scott Hersh"
                  RenderInline {SPAN} at (0,0) size 0x15
                    RenderInline {O:P} at (0,0) size 0x15
              RenderTableCell {TD} at (266,2105) size 98x128 [r=33 c=2 rs=1 cs=1]
                RenderBlock {P} at (7,0) size 85x16
                  RenderText {#text} at (32,0) size 20x15
                    text run at (32,0) width 20: "Yes"
                RenderBlock {P} at (7,16) size 85x16
                  RenderText {#text} at (40,0) size 4x15
                    text run at (40,0) width 4: " "
                RenderBlock {P} at (7,32) size 85x16
                  RenderText {#text} at (32,0) size 20x15
                    text run at (32,0) width 20: "Yes"
                RenderBlock {P} at (7,48) size 85x16
                  RenderText {#text} at (40,0) size 4x15
                    text run at (40,0) width 4: " "
                RenderBlock {P} at (7,64) size 85x16
                  RenderText {#text} at (40,0) size 4x15
                    text run at (40,0) width 4: " "
                RenderBlock {P} at (7,80) size 85x16
                  RenderText {#text} at (40,0) size 4x15
                    text run at (40,0) width 4: " "
                RenderBlock {P} at (7,96) size 85x16
                  RenderText {#text} at (40,0) size 4x15
                    text run at (40,0) width 4: " "
                RenderBlock {P} at (7,112) size 85x16
                  RenderText {#text} at (32,0) size 20x15
                    text run at (32,0) width 20: "Yes"
                  RenderInline {SPAN} at (0,0) size 0x15
                    RenderInline {O:P} at (0,0) size 0x15
              RenderTableCell {TD} at (364,2105) size 105x128 [r=33 c=3 rs=1 cs=1]
                RenderBlock {P} at (7,0) size 92x16
                  RenderText {#text} at (37,0) size 17x15
                    text run at (37,0) width 17: "No"
                RenderBlock {P} at (7,16) size 92x16
                  RenderText {#text} at (44,0) size 3x15
                    text run at (44,0) width 3: " "
                RenderBlock {P} at (7,32) size 92x16
                  RenderText {#text} at (37,0) size 17x15
                    text run at (37,0) width 17: "No"
                RenderBlock {P} at (7,48) size 92x16
                  RenderText {#text} at (44,0) size 3x15
                    text run at (44,0) width 3: " "
                RenderBlock {P} at (7,64) size 92x16
                  RenderText {#text} at (44,0) size 3x15
                    text run at (44,0) width 3: " "
                RenderBlock {P} at (7,80) size 92x16
                  RenderText {#text} at (44,0) size 3x15
                    text run at (44,0) width 3: " "
                RenderBlock {P} at (7,96) size 92x16
                  RenderText {#text} at (44,0) size 3x15
                    text run at (44,0) width 3: " "
                RenderBlock {P} at (7,112) size 92x16
                  RenderText {#text} at (37,0) size 17x15
                    text run at (37,0) width 17: "No"
                  RenderInline {SPAN} at (0,0) size 1x15
                    RenderInline {O:P} at (0,0) size 1x15
            RenderTableRow {TR} at (0,2233) size 473x80
              RenderTableCell {TD} at (0,2233) size 97x16 [r=34 c=0 rs=1 cs=1]
                RenderBlock {P} at (7,0) size 84x16
                  RenderText {#text} at (34,0) size 15x15
                    text run at (34,0) width 15: "35"
                  RenderInline {SPAN} at (0,0) size 1x15
                    RenderInline {O:P} at (0,0) size 1x15
              RenderTableCell {TD} at (97,2233) size 169x80 [r=34 c=1 rs=1 cs=1]
                RenderBlock {P} at (7,0) size 156x16
                  RenderText {#text} at (0,0) size 81x15
                    text run at (0,0) width 81: " Richard Green"
                RenderBlock {P} at (7,16) size 156x16
                  RenderText {#text} at (0,0) size 66x15
                    text run at (0,0) width 66: "David Allen"
                RenderBlock {P} at (7,32) size 156x16
                  RenderText {#text} at (0,0) size 60x15
                    text run at (0,0) width 60: "Jim Colvin"
                RenderBlock {P} at (7,48) size 156x16
                  RenderText {#text} at (0,0) size 70x15
                    text run at (0,0) width 70: "Harald Close"
                RenderBlock {P} at (7,64) size 156x16
                  RenderText {#text} at (0,0) size 62x15
                    text run at (0,0) width 62: "Oliver Baer"
                  RenderInline {SPAN} at (0,0) size 0x15
                    RenderInline {O:P} at (0,0) size 0x15
              RenderTableCell {TD} at (266,2233) size 98x80 [r=34 c=2 rs=1 cs=1]
                RenderBlock {P} at (7,0) size 85x16
                  RenderText {#text} at (40,0) size 4x15
                    text run at (40,0) width 4: " "
                RenderBlock {P} at (7,16) size 85x16
                  RenderText {#text} at (40,0) size 4x15
                    text run at (40,0) width 4: " "
                RenderBlock {P} at (7,32) size 85x16
                  RenderText {#text} at (40,0) size 4x15
                    text run at (40,0) width 4: " "
                RenderBlock {P} at (7,48) size 85x16
                  RenderText {#text} at (32,0) size 20x15
                    text run at (32,0) width 20: "Yes"
                RenderBlock {P} at (7,64) size 85x16
                  RenderText {#text} at (32,0) size 20x15
                    text run at (32,0) width 20: "Yes"
                  RenderInline {SPAN} at (0,0) size 0x15
                    RenderInline {O:P} at (0,0) size 0x15
              RenderTableCell {TD} at (364,2233) size 105x80 [r=34 c=3 rs=1 cs=1]
                RenderBlock {P} at (7,0) size 92x16
                  RenderText {#text} at (44,0) size 3x15
                    text run at (44,0) width 3: " "
                RenderBlock {P} at (7,16) size 92x16
                  RenderText {#text} at (44,0) size 3x15
                    text run at (44,0) width 3: " "
                RenderBlock {P} at (7,32) size 92x16
                  RenderText {#text} at (44,0) size 3x15
                    text run at (44,0) width 3: " "
                RenderBlock {P} at (7,48) size 92x16
                  RenderText {#text} at (35,0) size 21x15
                    text run at (35,0) width 21: "Yes"
                RenderBlock {P} at (7,64) size 92x16
                  RenderText {#text} at (37,0) size 17x15
                    text run at (37,0) width 17: "No"
                  RenderInline {SPAN} at (0,0) size 1x15
                    RenderInline {O:P} at (0,0) size 1x15
            RenderTableRow {TR} at (0,2313) size 473x80
              RenderTableCell {TD} at (0,2313) size 97x16 [r=35 c=0 rs=1 cs=1]
                RenderBlock {P} at (7,0) size 84x16
                  RenderText {#text} at (34,0) size 15x15
                    text run at (34,0) width 15: "36"
                  RenderInline {SPAN} at (0,0) size 1x15
                    RenderInline {O:P} at (0,0) size 1x15
              RenderTableCell {TD} at (97,2313) size 169x80 [r=35 c=1 rs=1 cs=1]
                RenderBlock {P} at (7,0) size 156x16
                  RenderText {#text} at (0,0) size 71x15
                    text run at (0,0) width 71: "Jason Beehm"
                RenderBlock {P} at (7,16) size 156x16
                  RenderText {#text} at (0,0) size 93x15
                    text run at (0,0) width 93: "Darrell Carpenter"
                RenderBlock {P} at (7,32) size 156x16
                  RenderText {#text} at (0,0) size 82x15
                    text run at (0,0) width 82: "Stefan Kiritzov"
                RenderBlock {P} at (7,48) size 156x16
                  RenderText {#text} at (0,0) size 68x15
                    text run at (0,0) width 68: "Dale Barnett"
                RenderBlock {P} at (7,64) size 156x16
                  RenderText {#text} at (0,0) size 63x15
                    text run at (0,0) width 63: "Dan Sievert"
                  RenderInline {SPAN} at (0,0) size 0x15
                    RenderInline {O:P} at (0,0) size 0x15
              RenderTableCell {TD} at (266,2313) size 98x80 [r=35 c=2 rs=1 cs=1]
                RenderBlock {P} at (7,0) size 85x16
                  RenderText {#text} at (32,0) size 20x15
                    text run at (32,0) width 20: "Yes"
                RenderBlock {P} at (7,16) size 85x16
                  RenderText {#text} at (32,0) size 20x15
                    text run at (32,0) width 20: "Yes"
                RenderBlock {P} at (7,32) size 85x16
                  RenderText {#text} at (32,0) size 20x15
                    text run at (32,0) width 20: "Yes"
                RenderBlock {P} at (7,48) size 85x16
                  RenderText {#text} at (32,0) size 20x15
                    text run at (32,0) width 20: "Yes"
                RenderBlock {P} at (7,64) size 85x16
                  RenderText {#text} at (32,0) size 20x15
                    text run at (32,0) width 20: "Yes"
                  RenderInline {SPAN} at (0,0) size 0x15
                    RenderInline {O:P} at (0,0) size 0x15
              RenderTableCell {TD} at (364,2313) size 105x80 [r=35 c=3 rs=1 cs=1]
                RenderBlock {P} at (7,0) size 92x16
                  RenderText {#text} at (37,0) size 17x15
                    text run at (37,0) width 17: "No"
                RenderBlock {P} at (7,16) size 92x16
                  RenderText {#text} at (37,0) size 17x15
                    text run at (37,0) width 17: "No"
                RenderBlock {P} at (7,32) size 92x16
                  RenderText {#text} at (35,0) size 21x15
                    text run at (35,0) width 21: "Yes"
                RenderBlock {P} at (7,48) size 92x16
                  RenderText {#text} at (37,0) size 17x15
                    text run at (37,0) width 17: "No"
                RenderBlock {P} at (7,64) size 92x16
                  RenderText {#text} at (37,0) size 17x15
                    text run at (37,0) width 17: "No"
                  RenderInline {SPAN} at (0,0) size 1x15
                    RenderInline {O:P} at (0,0) size 1x15
            RenderTableRow {TR} at (0,2393) size 473x64
              RenderTableCell {TD} at (0,2393) size 97x16 [r=36 c=0 rs=1 cs=1]
                RenderBlock {P} at (7,0) size 84x16
                  RenderText {#text} at (34,0) size 15x15
                    text run at (34,0) width 15: "37"
                  RenderInline {SPAN} at (0,0) size 1x15
                    RenderInline {O:P} at (0,0) size 1x15
              RenderTableCell {TD} at (97,2393) size 169x64 [r=36 c=1 rs=1 cs=1]
                RenderBlock {P} at (7,0) size 156x16
                  RenderText {#text} at (0,0) size 96x15
                    text run at (0,0) width 96: "Dominic Civiletti"
                RenderBlock {P} at (7,16) size 156x16
                  RenderText {#text} at (0,0) size 83x15
                    text run at (0,0) width 83: "John Chamorro"
                RenderBlock {P} at (7,32) size 156x16
                  RenderText {#text} at (0,0) size 74x15
                    text run at (0,0) width 74: "Jim Mirowski"
                RenderBlock {P} at (7,48) size 156x16
                  RenderText {#text} at (0,0) size 78x15
                    text run at (0,0) width 78: "Soohong  Kim"
                  RenderInline {SPAN} at (0,0) size 0x15
                    RenderInline {O:P} at (0,0) size 0x15
              RenderTableCell {TD} at (266,2393) size 98x64 [r=36 c=2 rs=1 cs=1]
                RenderBlock {P} at (7,0) size 85x16
                  RenderText {#text} at (32,0) size 20x15
                    text run at (32,0) width 20: "Yes"
                RenderBlock {P} at (7,16) size 85x16
                  RenderText {#text} at (40,0) size 4x15
                    text run at (40,0) width 4: " "
                RenderBlock {P} at (7,32) size 85x16
                  RenderText {#text} at (40,0) size 4x15
                    text run at (40,0) width 4: " "
                RenderBlock {P} at (7,48) size 85x16
                  RenderText {#text} at (32,0) size 20x15
                    text run at (32,0) width 20: "Yes"
                  RenderInline {SPAN} at (0,0) size 0x15
                    RenderInline {O:P} at (0,0) size 0x15
              RenderTableCell {TD} at (364,2393) size 105x64 [r=36 c=3 rs=1 cs=1]
                RenderBlock {P} at (7,0) size 92x16
                  RenderText {#text} at (37,0) size 17x15
                    text run at (37,0) width 17: "No"
                RenderBlock {P} at (7,16) size 92x16
                  RenderText {#text} at (44,0) size 3x15
                    text run at (44,0) width 3: " "
                RenderBlock {P} at (7,32) size 92x16
                  RenderText {#text} at (44,0) size 3x15
                    text run at (44,0) width 3: " "
                RenderBlock {P} at (7,48) size 92x16
                  RenderText {#text} at (37,0) size 17x15
                    text run at (37,0) width 17: "No"
                  RenderInline {SPAN} at (0,0) size 1x15
                    RenderInline {O:P} at (0,0) size 1x15
            RenderTableRow {TR} at (0,2457) size 473x96
              RenderTableCell {TD} at (0,2457) size 97x16 [r=37 c=0 rs=1 cs=1]
                RenderBlock {P} at (7,0) size 84x16
                  RenderText {#text} at (34,0) size 15x15
                    text run at (34,0) width 15: "38"
                  RenderInline {SPAN} at (0,0) size 1x15
                    RenderInline {O:P} at (0,0) size 1x15
              RenderTableCell {TD} at (97,2457) size 169x96 [r=37 c=1 rs=1 cs=1]
                RenderBlock {P} at (7,0) size 156x16
                  RenderText {#text} at (0,0) size 101x15
                    text run at (0,0) width 101: "Karl Allmendinger"
                  RenderInline {SPAN} at (0,0) size 0x15
                    RenderInline {O:P} at (0,0) size 0x15
                RenderBlock {P} at (7,16) size 156x16
                  RenderText {#text} at (0,0) size 65x15
                    text run at (0,0) width 65: "John Bernal"
                  RenderInline {SPAN} at (0,0) size 0x15
                    RenderInline {O:P} at (0,0) size 0x15
                RenderBlock {P} at (7,32) size 156x16
                  RenderText {#text} at (0,0) size 76x15
                    text run at (0,0) width 76: "Gene Langley"
                RenderBlock {P} at (7,48) size 156x16
                  RenderText {#text} at (0,0) size 78x15
                    text run at (0,0) width 78: "Chuck Pringle"
                RenderBlock {P} at (7,64) size 156x16
                  RenderText {#text} at (0,0) size 57x15
                    text run at (0,0) width 57: "Jimmy Lei"
                RenderBlock {P} at (7,80) size 156x16
                  RenderText {#text} at (0,0) size 93x15
                    text run at (0,0) width 93: "Ruenjoe (Joe) Lu"
                  RenderInline {SPAN} at (0,0) size 0x15
                    RenderInline {O:P} at (0,0) size 0x15
              RenderTableCell {TD} at (266,2457) size 98x64 [r=37 c=2 rs=1 cs=1]
                RenderBlock {P} at (7,0) size 85x16
                  RenderText {#text} at (32,0) size 20x15
                    text run at (32,0) width 20: "Yes"
                  RenderInline {SPAN} at (0,0) size 0x15
                    RenderInline {O:P} at (0,0) size 0x15
                RenderBlock {P} at (7,16) size 85x16
                  RenderText {#text} at (32,0) size 20x15
                    text run at (32,0) width 20: "Yes"
                  RenderInline {SPAN} at (0,0) size 0x15
                    RenderInline {O:P} at (0,0) size 0x15
                RenderBlock {P} at (7,32) size 85x16
                  RenderText {#text} at (32,0) size 20x15
                    text run at (32,0) width 20: "Yes"
                RenderBlock {P} at (7,48) size 85x16
                  RenderText {#text} at (32,0) size 20x15
                    text run at (32,0) width 20: "Yes"
                  RenderInline {SPAN} at (0,0) size 0x15
                    RenderInline {O:P} at (0,0) size 0x15
              RenderTableCell {TD} at (364,2457) size 105x64 [r=37 c=3 rs=1 cs=1]
                RenderBlock {P} at (7,0) size 92x16
                  RenderText {#text} at (37,0) size 17x15
                    text run at (37,0) width 17: "No"
                  RenderInline {SPAN} at (0,0) size 1x15
                    RenderInline {O:P} at (0,0) size 1x15
                RenderBlock {P} at (7,16) size 92x16
                  RenderText {#text} at (37,0) size 17x15
                    text run at (37,0) width 17: "No"
                  RenderInline {SPAN} at (0,0) size 1x15
                    RenderInline {O:P} at (0,0) size 1x15
                RenderBlock {P} at (7,32) size 92x16
                  RenderText {#text} at (6,0) size 79x15
                    text run at (6,0) width 79: "Gyro wannabe"
                RenderBlock {P} at (7,48) size 92x16
                  RenderText {#text} at (37,0) size 17x15
                    text run at (37,0) width 17: "No"
                  RenderInline {SPAN} at (0,0) size 1x15
                    RenderInline {O:P} at (0,0) size 1x15
            RenderTableRow {TR} at (0,2553) size 473x48
              RenderTableCell {TD} at (0,2553) size 97x16 [r=38 c=0 rs=1 cs=1]
                RenderBlock {P} at (7,0) size 84x16
                  RenderText {#text} at (34,0) size 15x15
                    text run at (34,0) width 15: "39"
                  RenderInline {SPAN} at (0,0) size 1x15
                    RenderInline {O:P} at (0,0) size 1x15
              RenderTableCell {TD} at (97,2553) size 169x48 [r=38 c=1 rs=1 cs=1]
                RenderBlock {P} at (7,0) size 156x16
                  RenderText {#text} at (0,0) size 70x15
                    text run at (0,0) width 70: "Tom Wagner"
                RenderBlock {P} at (7,16) size 156x16
                  RenderText {#text} at (0,0) size 62x15
                    text run at (0,0) width 62: "Oliver Baer"
                RenderBlock {P} at (7,32) size 156x16
                  RenderText {#text} at (0,0) size 65x15
                    text run at (0,0) width 65: "Will Sievert"
                  RenderInline {SPAN} at (0,0) size 0x15
                    RenderInline {O:P} at (0,0) size 0x15
              RenderTableCell {TD} at (266,2553) size 98x48 [r=38 c=2 rs=1 cs=1]
                RenderBlock {P} at (7,0) size 85x16
                  RenderText {#text} at (32,0) size 20x15
                    text run at (32,0) width 20: "Yes"
                RenderBlock {P} at (7,16) size 85x16
                  RenderText {#text} at (32,0) size 20x15
                    text run at (32,0) width 20: "Yes"
                RenderBlock {P} at (7,32) size 85x16
                  RenderText {#text} at (32,0) size 20x15
                    text run at (32,0) width 20: "Yes"
                  RenderInline {SPAN} at (0,0) size 0x15
                    RenderInline {O:P} at (0,0) size 0x15
              RenderTableCell {TD} at (364,2553) size 105x48 [r=38 c=3 rs=1 cs=1]
                RenderBlock {P} at (7,0) size 92x16
                  RenderText {#text} at (37,0) size 17x15
                    text run at (37,0) width 17: "No"
                RenderBlock {P} at (7,16) size 92x16
                  RenderText {#text} at (37,0) size 17x15
                    text run at (37,0) width 17: "No"
                RenderBlock {P} at (7,32) size 92x16
                  RenderText {#text} at (37,0) size 17x15
                    text run at (37,0) width 17: "No"
                  RenderInline {SPAN} at (0,0) size 1x15
                    RenderInline {O:P} at (0,0) size 1x15
            RenderTableRow {TR} at (0,2601) size 473x128
              RenderTableCell {TD} at (0,2601) size 97x16 [r=39 c=0 rs=1 cs=1]
                RenderBlock {P} at (7,0) size 84x16
                  RenderText {#text} at (34,0) size 15x15
                    text run at (34,0) width 15: "40"
                  RenderInline {SPAN} at (0,0) size 1x15
                    RenderInline {O:P} at (0,0) size 1x15
              RenderTableCell {TD} at (97,2601) size 169x128 [r=39 c=1 rs=1 cs=1]
                RenderBlock {P} at (7,0) size 156x16
                  RenderText {#text} at (0,0) size 82x15
                    text run at (0,0) width 82: "Alberto Lanzas"
                  RenderInline {SPAN} at (0,0) size 0x15
                    RenderInline {O:P} at (0,0) size 0x15
                RenderBlock {P} at (7,16) size 156x16
                  RenderText {#text} at (0,0) size 93x15
                    text run at (0,0) width 93: "Zak + Mike West"
                  RenderInline {SPAN} at (0,0) size 0x15
                    RenderInline {O:P} at (0,0) size 0x15
                RenderBlock {P} at (7,32) size 156x16
                  RenderText {#text} at (0,0) size 68x15
                    text run at (0,0) width 68: "Javier Flores"
                  RenderInline {SPAN} at (0,0) size 0x15
                    RenderInline {O:P} at (0,0) size 0x15
                RenderBlock {P} at (7,48) size 156x16
                  RenderText {#text} at (0,0) size 69x15
                    text run at (0,0) width 69: "Bill Johnson"
                  RenderInline {SPAN} at (0,0) size 0x15
                    RenderInline {O:P} at (0,0) size 0x15
                RenderBlock {P} at (7,64) size 156x16
                  RenderText {#text} at (0,0) size 76x15
                    text run at (0,0) width 76: "Gene Langley"
                RenderBlock {P} at (7,80) size 156x16
                  RenderText {#text} at (0,0) size 70x15
                    text run at (0,0) width 70: "Rich Burnett"
                RenderBlock {P} at (7,96) size 156x16
                  RenderText {#text} at (0,0) size 89x15
                    text run at (0,0) width 89: "Jack Goodfriend"
                RenderBlock {P} at (7,112) size 156x16
                  RenderText {#text} at (0,0) size 70x15
                    text run at (0,0) width 70: "Harald Close"
                  RenderInline {SPAN} at (0,0) size 0x15
                    RenderInline {O:P} at (0,0) size 0x15
              RenderTableCell {TD} at (266,2601) size 98x128 [r=39 c=2 rs=1 cs=1]
                RenderBlock {P} at (7,0) size 85x16
                  RenderText {#text} at (32,0) size 20x15
                    text run at (32,0) width 20: "Yes"
                  RenderInline {SPAN} at (0,0) size 0x15
                    RenderInline {O:P} at (0,0) size 0x15
                RenderBlock {P} at (7,16) size 85x16
                  RenderText {#text} at (32,0) size 20x15
                    text run at (32,0) width 20: "Yes"
                  RenderInline {SPAN} at (0,0) size 0x15
                    RenderInline {O:P} at (0,0) size 0x15
                RenderBlock {P} at (7,32) size 85x16
                  RenderText {#text} at (32,0) size 20x15
                    text run at (32,0) width 20: "Yes"
                  RenderInline {SPAN} at (0,0) size 0x15
                    RenderInline {O:P} at (0,0) size 0x15
                RenderBlock {P} at (7,48) size 85x16
                  RenderText {#text} at (32,0) size 20x15
                    text run at (32,0) width 20: "Yes"
                  RenderInline {SPAN} at (0,0) size 0x15
                    RenderInline {O:P} at (0,0) size 0x15
                RenderBlock {P} at (7,64) size 85x16
                  RenderText {#text} at (32,0) size 20x15
                    text run at (32,0) width 20: "Yes"
                RenderBlock {P} at (7,80) size 85x16
                  RenderText {#text} at (40,0) size 4x15
                    text run at (40,0) width 4: " "
                RenderBlock {P} at (7,96) size 85x16
                  RenderText {#text} at (40,0) size 4x15
                    text run at (40,0) width 4: " "
                RenderBlock {P} at (7,112) size 85x16
                  RenderText {#text} at (32,0) size 20x15
                    text run at (32,0) width 20: "Yes"
                  RenderInline {SPAN} at (0,0) size 0x15
                    RenderInline {O:P} at (0,0) size 0x15
              RenderTableCell {TD} at (364,2601) size 105x128 [r=39 c=3 rs=1 cs=1]
                RenderBlock {P} at (7,0) size 92x16
                  RenderText {#text} at (35,0) size 21x15
                    text run at (35,0) width 21: "Yes"
                  RenderInline {SPAN} at (0,0) size 1x15
                    RenderInline {O:P} at (0,0) size 1x15
                RenderBlock {P} at (7,16) size 92x16
                  RenderText {#text} at (35,0) size 21x15
                    text run at (35,0) width 21: "Yes"
                  RenderInline {SPAN} at (0,0) size 1x15
                    RenderInline {O:P} at (0,0) size 1x15
                RenderBlock {P} at (7,32) size 92x16
                  RenderText {#text} at (37,0) size 17x15
                    text run at (37,0) width 17: "No"
                  RenderInline {SPAN} at (0,0) size 1x15
                    RenderInline {O:P} at (0,0) size 1x15
                RenderBlock {P} at (7,48) size 92x16
                  RenderText {#text} at (37,0) size 17x15
                    text run at (37,0) width 17: "No"
                  RenderInline {SPAN} at (0,0) size 1x15
                    RenderInline {O:P} at (0,0) size 1x15
                RenderBlock {P} at (7,64) size 92x16
                  RenderText {#text} at (28,0) size 35x15
                    text run at (28,0) width 35: "Glider"
                RenderBlock {P} at (7,80) size 92x16
                  RenderText {#text} at (44,0) size 3x15
                    text run at (44,0) width 3: " "
                RenderBlock {P} at (7,96) size 92x16
                  RenderText {#text} at (44,0) size 3x15
                    text run at (44,0) width 3: " "
                RenderBlock {P} at (7,112) size 92x16
                  RenderText {#text} at (37,0) size 17x15
                    text run at (37,0) width 17: "No"
                  RenderInline {SPAN} at (0,0) size 1x15
                    RenderInline {O:P} at (0,0) size 1x15
            RenderTableRow {TR} at (0,2729) size 473x128
              RenderTableCell {TD} at (0,2729) size 97x16 [r=40 c=0 rs=1 cs=1]
                RenderBlock {P} at (7,0) size 84x16
                  RenderText {#text} at (34,0) size 15x15
                    text run at (34,0) width 15: "41"
                  RenderInline {SPAN} at (0,0) size 1x15
                    RenderInline {O:P} at (0,0) size 1x15
              RenderTableCell {TD} at (97,2729) size 169x128 [r=40 c=1 rs=1 cs=1]
                RenderBlock {P} at (7,0) size 156x16
                  RenderText {#text} at (0,0) size 96x15
                    text run at (0,0) width 96: "Dominic Civiletti"
                  RenderInline {SPAN} at (0,0) size 0x15
                    RenderInline {O:P} at (0,0) size 0x15
                RenderBlock {P} at (7,16) size 156x16
                  RenderText {#text} at (0,0) size 105x15
                    text run at (0,0) width 105: "Corbin Christensen"
                  RenderInline {SPAN} at (0,0) size 0x15
                    RenderInline {O:P} at (0,0) size 0x15
                RenderBlock {P} at (7,32) size 156x16
                  RenderText {#text} at (0,0) size 57x15
                    text run at (0,0) width 57: "Hal Hirsch"
                  RenderInline {SPAN} at (0,0) size 0x15
                    RenderInline {O:P} at (0,0) size 0x15
                RenderBlock {P} at (7,48) size 156x16
                  RenderText {#text} at (0,0) size 91x15
                    text run at (0,0) width 91: "Richard Sanchez"
                RenderBlock {P} at (7,64) size 156x16
                  RenderText {#text} at (0,0) size 65x15
                    text run at (0,0) width 65: "John Bernal"
                RenderBlock {P} at (7,80) size 156x16
                  RenderText {#text} at (0,0) size 70x15
                    text run at (0,0) width 70: "Rich Burnett"
                RenderBlock {P} at (7,96) size 156x16
                  RenderText {#text} at (0,0) size 72x15
                    text run at (0,0) width 72: "Brock Brown"
                RenderBlock {P} at (7,112) size 156x16
                  RenderText {#text} at (0,0) size 55x15
                    text run at (0,0) width 55: "John Paye"
                  RenderInline {SPAN} at (0,0) size 0x15
                    RenderInline {O:P} at (0,0) size 0x15
              RenderTableCell {TD} at (266,2729) size 98x112 [r=40 c=2 rs=1 cs=1]
                RenderBlock {P} at (7,0) size 85x16
                  RenderText {#text} at (32,0) size 20x15
                    text run at (32,0) width 20: "Yes"
                  RenderInline {SPAN} at (0,0) size 0x15
                    RenderInline {O:P} at (0,0) size 0x15
                RenderBlock {P} at (7,16) size 85x16
                  RenderText {#text} at (32,0) size 20x15
                    text run at (32,0) width 20: "Yes"
                  RenderInline {SPAN} at (0,0) size 0x15
                    RenderInline {O:P} at (0,0) size 0x15
                RenderBlock {P} at (7,32) size 85x16
                  RenderText {#text} at (32,0) size 20x15
                    text run at (32,0) width 20: "Yes"
                  RenderInline {SPAN} at (0,0) size 0x15
                    RenderInline {O:P} at (0,0) size 0x15
                RenderBlock {P} at (7,48) size 85x16
                  RenderText {#text} at (34,0) size 16x15
                    text run at (34,0) width 16: "No"
                RenderBlock {P} at (7,64) size 85x16
                  RenderText {#text} at (32,0) size 20x15
                    text run at (32,0) width 20: "Yes"
                RenderBlock {P} at (7,80) size 85x16
                  RenderText {#text} at (40,0) size 4x15
                    text run at (40,0) width 4: " "
                RenderBlock {P} at (7,96) size 85x16
                  RenderText {#text} at (32,0) size 20x15
                    text run at (32,0) width 20: "Yes"
                  RenderInline {SPAN} at (0,0) size 0x15
                    RenderInline {O:P} at (0,0) size 0x15
              RenderTableCell {TD} at (364,2729) size 105x112 [r=40 c=3 rs=1 cs=1]
                RenderBlock {P} at (7,0) size 92x16
                  RenderText {#text} at (37,0) size 17x15
                    text run at (37,0) width 17: "No"
                  RenderInline {SPAN} at (0,0) size 1x15
                    RenderInline {O:P} at (0,0) size 1x15
                RenderBlock {P} at (7,16) size 92x16
                  RenderText {#text} at (37,0) size 17x15
                    text run at (37,0) width 17: "No"
                  RenderInline {SPAN} at (0,0) size 1x15
                    RenderInline {O:P} at (0,0) size 1x15
                RenderBlock {P} at (7,32) size 92x16
                  RenderText {#text} at (37,0) size 17x15
                    text run at (37,0) width 17: "No"
                  RenderInline {SPAN} at (0,0) size 1x15
                    RenderInline {O:P} at (0,0) size 1x15
                RenderBlock {P} at (7,48) size 92x16
                  RenderText {#text} at (35,0) size 21x15
                    text run at (35,0) width 21: "Yes"
                RenderBlock {P} at (7,64) size 92x16
                  RenderText {#text} at (37,0) size 17x15
                    text run at (37,0) width 17: "No"
                RenderBlock {P} at (7,80) size 92x16
                  RenderText {#text} at (44,0) size 3x15
                    text run at (44,0) width 3: " "
                RenderBlock {P} at (7,96) size 92x16
                  RenderText {#text} at (37,0) size 17x15
                    text run at (37,0) width 17: "No"
                  RenderInline {SPAN} at (0,0) size 1x15
                    RenderInline {O:P} at (0,0) size 1x15
            RenderTableRow {TR} at (0,2857) size 473x128
              RenderTableCell {TD} at (0,2857) size 97x16 [r=41 c=0 rs=1 cs=1]
                RenderBlock {P} at (7,0) size 84x16
                  RenderText {#text} at (34,0) size 15x15
                    text run at (34,0) width 15: "42"
                  RenderInline {SPAN} at (0,0) size 1x15
                    RenderInline {O:P} at (0,0) size 1x15
              RenderTableCell {TD} at (97,2857) size 169x128 [r=41 c=1 rs=1 cs=1]
                RenderBlock {P} at (7,0) size 156x16
                  RenderText {#text} at (0,0) size 48x15
                    text run at (0,0) width 48: "Tony Yu"
                  RenderInline {SPAN} at (0,0) size 0x15
                    RenderInline {O:P} at (0,0) size 0x15
                RenderBlock {P} at (7,16) size 156x16
                  RenderText {#text} at (0,0) size 67x15
                    text run at (0,0) width 67: "Jason Miller"
                  RenderInline {SPAN} at (0,0) size 0x15
                    RenderInline {O:P} at (0,0) size 0x15
                RenderBlock {P} at (7,32) size 156x16
                  RenderText {#text} at (0,0) size 86x15
                    text run at (0,0) width 86: "Maurice Burton"
                RenderBlock {P} at (7,48) size 156x16
                  RenderText {#text} at (0,0) size 63x15
                    text run at (0,0) width 63: "Dan Sievert"
                RenderBlock {P} at (7,64) size 156x16
                  RenderText {#text} at (0,0) size 60x15
                    text run at (0,0) width 60: "Jerry Davis"
                RenderBlock {P} at (7,80) size 156x16
                  RenderText {#text} at (0,0) size 55x15
                    text run at (0,0) width 55: "John Paye"
                RenderBlock {P} at (7,96) size 156x16
                  RenderText {#text} at (0,0) size 71x15
                    text run at (0,0) width 71: "Gordon Frost"
                RenderBlock {P} at (7,112) size 156x16
                  RenderText {#text} at (0,0) size 66x15
                    text run at (0,0) width 66: "Chris Walsh"
                  RenderInline {SPAN} at (0,0) size 0x15
                    RenderInline {O:P} at (0,0) size 0x15
              RenderTableCell {TD} at (266,2857) size 98x80 [r=41 c=2 rs=1 cs=1]
                RenderBlock {P} at (7,0) size 85x16
                  RenderText {#text} at (32,0) size 20x15
                    text run at (32,0) width 20: "Yes"
                  RenderInline {SPAN} at (0,0) size 0x15
                    RenderInline {O:P} at (0,0) size 0x15
                RenderBlock {P} at (7,16) size 85x16
                  RenderText {#text} at (32,0) size 20x15
                    text run at (32,0) width 20: "Yes"
                  RenderInline {SPAN} at (0,0) size 0x15
                    RenderInline {O:P} at (0,0) size 0x15
                RenderBlock {P} at (7,32) size 85x16
                  RenderText {#text} at (32,0) size 20x15
                    text run at (32,0) width 20: "Yes"
                RenderBlock {P} at (7,48) size 85x16
                  RenderText {#text} at (32,0) size 20x15
                    text run at (32,0) width 20: "Yes"
                RenderBlock {P} at (7,64) size 85x16
                  RenderText {#text} at (32,0) size 20x15
                    text run at (32,0) width 20: "Yes"
                  RenderInline {SPAN} at (0,0) size 0x15
                    RenderInline {O:P} at (0,0) size 0x15
              RenderTableCell {TD} at (364,2857) size 105x80 [r=41 c=3 rs=1 cs=1]
                RenderBlock {P} at (7,0) size 92x16
                  RenderText {#text} at (37,0) size 17x15
                    text run at (37,0) width 17: "No"
                  RenderInline {SPAN} at (0,0) size 1x15
                    RenderInline {O:P} at (0,0) size 1x15
                RenderBlock {P} at (7,16) size 92x16
                  RenderText {#text} at (37,0) size 17x15
                    text run at (37,0) width 17: "No"
                  RenderInline {SPAN} at (0,0) size 1x15
                    RenderInline {O:P} at (0,0) size 1x15
                RenderBlock {P} at (7,32) size 92x16
                  RenderText {#text} at (37,0) size 17x15
                    text run at (37,0) width 17: "No"
                RenderBlock {P} at (7,48) size 92x16
                  RenderText {#text} at (37,0) size 17x15
                    text run at (37,0) width 17: "No"
                RenderBlock {P} at (7,64) size 92x16
                  RenderText {#text} at (37,0) size 17x15
                    text run at (37,0) width 17: "No"
                  RenderInline {SPAN} at (0,0) size 1x15
                    RenderInline {O:P} at (0,0) size 1x15
            RenderTableRow {TR} at (0,2985) size 473x112
              RenderTableCell {TD} at (0,2985) size 97x16 [r=42 c=0 rs=1 cs=1]
                RenderBlock {P} at (7,0) size 84x16
                  RenderText {#text} at (34,0) size 15x15
                    text run at (34,0) width 15: "43"
                  RenderInline {SPAN} at (0,0) size 1x15
                    RenderInline {O:P} at (0,0) size 1x15
              RenderTableCell {TD} at (97,2985) size 169x112 [r=42 c=1 rs=1 cs=1]
                RenderBlock {P} at (7,0) size 156x16
                  RenderText {#text} at (0,0) size 96x15
                    text run at (0,0) width 96: "Dominic Civiletti"
                  RenderInline {SPAN} at (0,0) size 0x15
                    RenderInline {O:P} at (0,0) size 0x15
                RenderBlock {P} at (7,16) size 156x16
                  RenderText {#text} at (0,0) size 67x15
                    text run at (0,0) width 67: "Ken Gullion"
                  RenderInline {SPAN} at (0,0) size 0x15
                    RenderInline {O:P} at (0,0) size 0x15
                RenderBlock {P} at (7,32) size 156x16
                  RenderText {#text} at (0,0) size 65x15
                    text run at (0,0) width 65: "Will Sievert"
                RenderBlock {P} at (7,48) size 156x16
                  RenderText {#text} at (0,0) size 74x15
                    text run at (0,0) width 74: "Jim Mahoney"
                RenderBlock {P} at (7,64) size 156x16
                  RenderText {#text} at (0,0) size 67x15
                    text run at (0,0) width 67: "Ken Manuel"
                RenderBlock {P} at (7,80) size 156x16
                  RenderText {#text} at (0,0) size 58x15
                    text run at (0,0) width 58: "John Todd"
                RenderBlock {P} at (7,96) size 156x16
                  RenderText {#text} at (0,0) size 89x15
                    text run at (0,0) width 89: "Rick Rasmussen"
                  RenderInline {SPAN} at (0,0) size 0x15
                    RenderInline {O:P} at (0,0) size 0x15
              RenderTableCell {TD} at (266,2985) size 98x80 [r=42 c=2 rs=1 cs=1]
                RenderBlock {P} at (7,0) size 85x16
                  RenderText {#text} at (32,0) size 20x15
                    text run at (32,0) width 20: "Yes"
                  RenderInline {SPAN} at (0,0) size 0x15
                    RenderInline {O:P} at (0,0) size 0x15
                RenderBlock {P} at (7,16) size 85x16
                  RenderText {#text} at (32,0) size 20x15
                    text run at (32,0) width 20: "Yes"
                  RenderInline {SPAN} at (0,0) size 0x15
                    RenderInline {O:P} at (0,0) size 0x15
                RenderBlock {P} at (7,32) size 85x16
                  RenderText {#text} at (32,0) size 20x15
                    text run at (32,0) width 20: "Yes"
                RenderBlock {P} at (7,48) size 85x16
                  RenderText {#text} at (32,0) size 20x15
                    text run at (32,0) width 20: "Yes"
                RenderBlock {P} at (7,64) size 85x16
                  RenderText {#text} at (32,0) size 20x15
                    text run at (32,0) width 20: "Yes"
                  RenderInline {SPAN} at (0,0) size 0x15
                    RenderInline {O:P} at (0,0) size 0x15
              RenderTableCell {TD} at (364,2985) size 105x80 [r=42 c=3 rs=1 cs=1]
                RenderBlock {P} at (7,0) size 92x16
                  RenderText {#text} at (37,0) size 17x15
                    text run at (37,0) width 17: "No"
                  RenderInline {SPAN} at (0,0) size 1x15
                    RenderInline {O:P} at (0,0) size 1x15
                RenderBlock {P} at (7,16) size 92x16
                  RenderText {#text} at (37,0) size 17x15
                    text run at (37,0) width 17: "No"
                  RenderInline {SPAN} at (0,0) size 1x15
                    RenderInline {O:P} at (0,0) size 1x15
                RenderBlock {P} at (7,32) size 92x16
                  RenderText {#text} at (20,0) size 51x15
                    text run at (20,0) width 51: "Someday"
                RenderBlock {P} at (7,48) size 92x16
                  RenderText {#text} at (35,0) size 21x15
                    text run at (35,0) width 21: "Yes"
                RenderBlock {P} at (7,64) size 92x16
                  RenderText {#text} at (37,0) size 17x15
                    text run at (37,0) width 17: "No"
                  RenderInline {SPAN} at (0,0) size 1x15
                    RenderInline {O:P} at (0,0) size 1x15
            RenderTableRow {TR} at (0,3097) size 473x64
              RenderTableCell {TD} at (0,3097) size 97x16 [r=43 c=0 rs=1 cs=1]
                RenderBlock {P} at (7,0) size 84x16
                  RenderText {#text} at (34,0) size 15x15
                    text run at (34,0) width 15: "44"
                  RenderInline {SPAN} at (0,0) size 1x15
                    RenderInline {O:P} at (0,0) size 1x15
              RenderTableCell {TD} at (97,3097) size 169x64 [r=43 c=1 rs=1 cs=1]
                RenderBlock {P} at (7,0) size 156x16
                  RenderText {#text} at (0,0) size 61x15
                    text run at (0,0) width 61: "Gary Heath"
                  RenderInline {SPAN} at (0,0) size 0x15
                    RenderInline {O:P} at (0,0) size 0x15
                RenderBlock {P} at (7,16) size 156x16
                  RenderText {#text} at (0,0) size 81x15
                    text run at (0,0) width 81: "Quinn Chuong"
                RenderBlock {P} at (7,32) size 156x16
                  RenderText {#text} at (0,0) size 63x15
                    text run at (0,0) width 63: "Dan Sievert"
                RenderBlock {P} at (7,48) size 156x16
                  RenderText {#text} at (0,0) size 85x15
                    text run at (0,0) width 85: "Alexander Wert"
                  RenderInline {SPAN} at (0,0) size 0x15
                    RenderInline {O:P} at (0,0) size 0x15
              RenderTableCell {TD} at (266,3097) size 98x64 [r=43 c=2 rs=1 cs=1]
                RenderBlock {P} at (7,0) size 85x16
                  RenderText {#text} at (34,0) size 16x15
                    text run at (34,0) width 16: "No"
                  RenderInline {SPAN} at (0,0) size 0x15
                    RenderInline {O:P} at (0,0) size 0x15
                RenderBlock {P} at (7,16) size 85x16
                  RenderText {#text} at (32,0) size 20x15
                    text run at (32,0) width 20: "Yes"
                RenderBlock {P} at (7,32) size 85x16
                  RenderText {#text} at (32,0) size 20x15
                    text run at (32,0) width 20: "Yes"
                RenderBlock {P} at (7,48) size 85x16
                  RenderText {#text} at (34,0) size 16x15
                    text run at (34,0) width 16: "No"
                  RenderInline {SPAN} at (0,0) size 0x15
                    RenderInline {O:P} at (0,0) size 0x15
              RenderTableCell {TD} at (364,3097) size 105x64 [r=43 c=3 rs=1 cs=1]
                RenderBlock {P} at (7,0) size 92x16
                  RenderText {#text} at (35,0) size 21x15
                    text run at (35,0) width 21: "Yes"
                  RenderInline {SPAN} at (0,0) size 1x15
                    RenderInline {O:P} at (0,0) size 1x15
                RenderBlock {P} at (7,16) size 92x16
                  RenderText {#text} at (35,0) size 21x15
                    text run at (35,0) width 21: "Yes"
                RenderBlock {P} at (7,32) size 92x16
                  RenderText {#text} at (37,0) size 17x15
                    text run at (37,0) width 17: "No"
                RenderBlock {P} at (7,48) size 92x16
                  RenderText {#text} at (35,0) size 21x15
                    text run at (35,0) width 21: "Yes"
                  RenderInline {SPAN} at (0,0) size 1x15
                    RenderInline {O:P} at (0,0) size 1x15
            RenderTableRow {TR} at (0,3161) size 473x48
              RenderTableCell {TD} at (0,3161) size 97x16 [r=44 c=0 rs=1 cs=1]
                RenderBlock {P} at (7,0) size 84x16
                  RenderText {#text} at (34,0) size 15x15
                    text run at (34,0) width 15: "45"
                  RenderInline {SPAN} at (0,0) size 1x15
                    RenderInline {O:P} at (0,0) size 1x15
              RenderTableCell {TD} at (97,3161) size 169x48 [r=44 c=1 rs=1 cs=1]
                RenderBlock {P} at (7,0) size 156x16
                  RenderText {#text} at (0,0) size 81x15
                    text run at (0,0) width 81: "James Holaduz"
                RenderBlock {P} at (7,16) size 156x16
                  RenderInline {FONT} at (0,0) size 56x15
                    RenderText {#text} at (0,0) size 56x15
                      text run at (0,0) width 56: "Don Coon"
                RenderBlock {P} at (7,32) size 156x16
                  RenderText {#text} at (0,0) size 84x15
                    text run at (0,0) width 84: "John Yearwood"
                  RenderInline {SPAN} at (0,0) size 0x15
                    RenderInline {O:P} at (0,0) size 0x15
              RenderTableCell {TD} at (266,3161) size 98x48 [r=44 c=2 rs=1 cs=1]
                RenderBlock {P} at (7,0) size 85x16
                  RenderText {#text} at (32,0) size 20x15
                    text run at (32,0) width 20: "Yes"
                RenderBlock {P} at (7,16) size 85x16
                  RenderText {#text} at (40,0) size 4x15
                    text run at (40,0) width 4: " "
                RenderBlock {P} at (7,32) size 85x16
                  RenderText {#text} at (32,0) size 20x15
                    text run at (32,0) width 20: "Yes"
                  RenderInline {SPAN} at (0,0) size 0x15
                    RenderInline {O:P} at (0,0) size 0x15
              RenderTableCell {TD} at (364,3161) size 105x48 [r=44 c=3 rs=1 cs=1]
                RenderBlock {P} at (7,0) size 92x16
                  RenderText {#text} at (37,0) size 17x15
                    text run at (37,0) width 17: "No"
                RenderBlock {P} at (7,16) size 92x16
                  RenderText {#text} at (44,0) size 3x15
                    text run at (44,0) width 3: " "
                RenderBlock {P} at (7,32) size 92x16
                  RenderText {#text} at (37,0) size 17x15
                    text run at (37,0) width 17: "No"
                  RenderInline {SPAN} at (0,0) size 1x15
                    RenderInline {O:P} at (0,0) size 1x15
            RenderTableRow {TR} at (0,3209) size 473x128
              RenderTableCell {TD} at (0,3209) size 97x16 [r=45 c=0 rs=1 cs=1]
                RenderBlock {P} at (7,0) size 84x16
                  RenderText {#text} at (34,0) size 15x15
                    text run at (34,0) width 15: "46"
                  RenderInline {SPAN} at (0,0) size 1x15
                    RenderInline {O:P} at (0,0) size 1x15
              RenderTableCell {TD} at (97,3209) size 169x128 [r=45 c=1 rs=1 cs=1]
                RenderBlock {P} at (7,0) size 156x16
                  RenderText {#text} at (0,0) size 51x15
                    text run at (0,0) width 51: "Zak West"
                  RenderInline {SPAN} at (0,0) size 0x15
                    RenderInline {O:P} at (0,0) size 0x15
                RenderBlock {P} at (7,16) size 156x16
                  RenderText {#text} at (0,0) size 101x15
                    text run at (0,0) width 101: "Karl Allmendinger"
                RenderBlock {P} at (7,32) size 156x16
                  RenderText {#text} at (0,0) size 84x15
                    text run at (0,0) width 84: "John Espectzde"
                RenderBlock {P} at (7,48) size 156x16
                  RenderText {#text} at (0,0) size 73x15
                    text run at (0,0) width 73: "Gene Pheiffer"
                RenderBlock {P} at (7,64) size 156x16
                  RenderText {#text} at (0,0) size 69x15
                    text run at (0,0) width 69: "Harold Todd"
                RenderBlock {P} at (7,80) size 156x16
                  RenderText {#text} at (0,0) size 86x15
                    text run at (0,0) width 86: "Gerald Cardinal"
                RenderBlock {P} at (7,96) size 156x16
                  RenderText {#text} at (0,0) size 69x15
                    text run at (0,0) width 69: "Ali Erdengiz"
                RenderBlock {P} at (7,112) size 156x16
                  RenderText {#text} at (0,0) size 85x15
                    text run at (0,0) width 85: "Jason Anderson"
                  RenderInline {SPAN} at (0,0) size 0x15
                    RenderInline {O:P} at (0,0) size 0x15
              RenderTableCell {TD} at (266,3209) size 98x128 [r=45 c=2 rs=1 cs=1]
                RenderBlock {P} at (7,0) size 85x16
                  RenderText {#text} at (32,0) size 20x15
                    text run at (32,0) width 20: "Yes"
                  RenderInline {SPAN} at (0,0) size 0x15
                    RenderInline {O:P} at (0,0) size 0x15
                RenderBlock {P} at (7,16) size 85x16
                  RenderText {#text} at (32,0) size 20x15
                    text run at (32,0) width 20: "Yes"
                RenderBlock {P} at (7,32) size 85x16
                  RenderText {#text} at (40,0) size 4x15
                    text run at (40,0) width 4: " "
                RenderBlock {P} at (7,48) size 85x16
                  RenderText {#text} at (32,0) size 20x15
                    text run at (32,0) width 20: "Yes"
                RenderBlock {P} at (7,64) size 85x16
                  RenderText {#text} at (40,0) size 4x15
                    text run at (40,0) width 4: " "
                RenderBlock {P} at (7,80) size 85x16
                  RenderText {#text} at (40,0) size 4x15
                    text run at (40,0) width 4: " "
                RenderBlock {P} at (7,96) size 85x16
                  RenderText {#text} at (40,0) size 4x15
                    text run at (40,0) width 4: " "
                RenderBlock {P} at (7,112) size 85x16
                  RenderText {#text} at (32,0) size 20x15
                    text run at (32,0) width 20: "Yes"
                  RenderInline {SPAN} at (0,0) size 0x15
                    RenderInline {O:P} at (0,0) size 0x15
              RenderTableCell {TD} at (364,3209) size 105x128 [r=45 c=3 rs=1 cs=1]
                RenderBlock {P} at (7,0) size 92x16
                  RenderText {#text} at (35,0) size 21x15
                    text run at (35,0) width 21: "Yes"
                  RenderInline {SPAN} at (0,0) size 1x15
                    RenderInline {O:P} at (0,0) size 1x15
                RenderBlock {P} at (7,16) size 92x16
                  RenderText {#text} at (37,0) size 17x15
                    text run at (37,0) width 17: "No"
                RenderBlock {P} at (7,32) size 92x16
                  RenderText {#text} at (44,0) size 3x15
                    text run at (44,0) width 3: " "
                RenderBlock {P} at (7,48) size 92x16
                  RenderText {#text} at (37,0) size 17x15
                    text run at (37,0) width 17: "No"
                RenderBlock {P} at (7,64) size 92x16
                  RenderText {#text} at (44,0) size 3x15
                    text run at (44,0) width 3: " "
                RenderBlock {P} at (7,80) size 92x16
                  RenderText {#text} at (44,0) size 3x15
                    text run at (44,0) width 3: " "
                RenderBlock {P} at (7,96) size 92x16
                  RenderText {#text} at (44,0) size 3x15
                    text run at (44,0) width 3: " "
                RenderBlock {P} at (7,112) size 92x16
                  RenderText {#text} at (37,0) size 17x15
                    text run at (37,0) width 17: "No"
                  RenderInline {SPAN} at (0,0) size 1x15
                    RenderInline {O:P} at (0,0) size 1x15
            RenderTableRow {TR} at (0,3337) size 473x176
              RenderTableCell {TD} at (0,3337) size 97x16 [r=46 c=0 rs=1 cs=1]
                RenderBlock {P} at (7,0) size 84x16
                  RenderText {#text} at (34,0) size 15x15
                    text run at (34,0) width 15: "47"
                  RenderInline {SPAN} at (0,0) size 1x15
                    RenderInline {O:P} at (0,0) size 1x15
              RenderTableCell {TD} at (97,3337) size 169x176 [r=46 c=1 rs=1 cs=1]
                RenderBlock {P} at (7,0) size 156x16
                  RenderText {#text} at (0,0) size 81x15
                    text run at (0,0) width 81: "James Holaduz"
                  RenderInline {SPAN} at (0,0) size 0x15
                    RenderInline {O:P} at (0,0) size 0x15
                RenderBlock {P} at (7,16) size 156x16
                  RenderText {#text} at (0,0) size 48x15
                    text run at (0,0) width 48: "Tony Yu"
                  RenderInline {SPAN} at (0,0) size 0x15
                    RenderInline {O:P} at (0,0) size 0x15
                RenderBlock {P} at (7,32) size 156x16
                  RenderText {#text} at (0,0) size 82x15
                    text run at (0,0) width 82: "Quang Nguyen"
                  RenderInline {SPAN} at (0,0) size 0x15
                    RenderInline {O:P} at (0,0) size 0x15
                RenderBlock {P} at (7,48) size 156x16
                  RenderText {#text} at (0,0) size 75x15
                    text run at (0,0) width 75: "Rick Klement"
                  RenderInline {SPAN} at (0,0) size 0x15
                    RenderInline {O:P} at (0,0) size 0x15
                RenderBlock {P} at (7,64) size 156x16
                  RenderText {#text} at (0,0) size 83x15
                    text run at (0,0) width 83: "Mark Glanville"
                  RenderInline {SPAN} at (0,0) size 0x15
                    RenderInline {O:P} at (0,0) size 0x15
                RenderBlock {P} at (7,80) size 156x16
                  RenderText {#text} at (0,0) size 89x15
                    text run at (0,0) width 89: "Michael Chansu"
                RenderBlock {P} at (7,96) size 156x16
                  RenderText {#text} at (0,0) size 69x15
                    text run at (0,0) width 69: "Harold Todd"
                RenderBlock {P} at (7,112) size 156x16
                  RenderInline {FONT} at (0,0) size 56x15
                    RenderText {#text} at (0,0) size 56x15
                      text run at (0,0) width 56: "Don Coon"
                RenderBlock {P} at (7,128) size 156x16
                  RenderText {#text} at (0,0) size 55x15
                    text run at (0,0) width 55: "John Paye"
                RenderBlock {P} at (7,144) size 156x16
                  RenderText {#text} at (0,0) size 66x15
                    text run at (0,0) width 66: "David Allen"
                RenderBlock {P} at (7,160) size 156x16
                  RenderText {#text} at (0,0) size 108x15
                    text run at (0,0) width 108: "Raymund Leonardo"
                  RenderInline {SPAN} at (0,0) size 0x15
                    RenderInline {O:P} at (0,0) size 0x15
              RenderTableCell {TD} at (266,3337) size 98x176 [r=46 c=2 rs=1 cs=1]
                RenderBlock {P} at (7,0) size 85x16
                  RenderText {#text} at (32,0) size 20x15
                    text run at (32,0) width 20: "Yes"
                  RenderInline {SPAN} at (0,0) size 0x15
                    RenderInline {O:P} at (0,0) size 0x15
                RenderBlock {P} at (7,16) size 85x16
                  RenderText {#text} at (32,0) size 20x15
                    text run at (32,0) width 20: "Yes"
                  RenderInline {SPAN} at (0,0) size 0x15
                    RenderInline {O:P} at (0,0) size 0x15
                RenderBlock {P} at (7,32) size 85x16
                  RenderText {#text} at (32,0) size 20x15
                    text run at (32,0) width 20: "Yes"
                  RenderInline {SPAN} at (0,0) size 0x15
                    RenderInline {O:P} at (0,0) size 0x15
                RenderBlock {P} at (7,48) size 85x16
                  RenderText {#text} at (32,0) size 20x15
                    text run at (32,0) width 20: "Yes"
                  RenderInline {SPAN} at (0,0) size 0x15
                    RenderInline {O:P} at (0,0) size 0x15
                RenderBlock {P} at (7,64) size 85x16
                  RenderText {#text} at (32,0) size 20x15
                    text run at (32,0) width 20: "Yes"
                  RenderInline {SPAN} at (0,0) size 0x15
                    RenderInline {O:P} at (0,0) size 0x15
                RenderBlock {P} at (7,80) size 85x16
                  RenderText {#text} at (32,0) size 20x15
                    text run at (32,0) width 20: "Yes"
                RenderBlock {P} at (7,96) size 85x16
                  RenderText {#text} at (40,0) size 4x15
                    text run at (40,0) width 4: " "
                RenderBlock {P} at (7,112) size 85x16
                  RenderText {#text} at (40,0) size 4x15
                    text run at (40,0) width 4: " "
                RenderBlock {P} at (7,128) size 85x16
                  RenderText {#text} at (40,0) size 4x15
                    text run at (40,0) width 4: " "
                RenderBlock {P} at (7,144) size 85x16
                  RenderText {#text} at (40,0) size 4x15
                    text run at (40,0) width 4: " "
                RenderBlock {P} at (7,160) size 85x16
                  RenderText {#text} at (34,0) size 16x15
                    text run at (34,0) width 16: "No"
                  RenderInline {SPAN} at (0,0) size 0x15
                    RenderInline {O:P} at (0,0) size 0x15
              RenderTableCell {TD} at (364,3337) size 105x176 [r=46 c=3 rs=1 cs=1]
                RenderBlock {P} at (7,0) size 92x16
                  RenderText {#text} at (37,0) size 17x15
                    text run at (37,0) width 17: "No"
                  RenderInline {SPAN} at (0,0) size 1x15
                    RenderInline {O:P} at (0,0) size 1x15
                RenderBlock {P} at (7,16) size 92x16
                  RenderText {#text} at (37,0) size 17x15
                    text run at (37,0) width 17: "No"
                  RenderInline {SPAN} at (0,0) size 1x15
                    RenderInline {O:P} at (0,0) size 1x15
                RenderBlock {P} at (7,32) size 92x16
                  RenderText {#text} at (37,0) size 17x15
                    text run at (37,0) width 17: "No"
                  RenderInline {SPAN} at (0,0) size 1x15
                    RenderInline {O:P} at (0,0) size 1x15
                RenderBlock {P} at (7,48) size 92x16
                  RenderText {#text} at (35,0) size 21x15
                    text run at (35,0) width 21: "Yes"
                  RenderInline {SPAN} at (0,0) size 1x15
                    RenderInline {O:P} at (0,0) size 1x15
                RenderBlock {P} at (7,64) size 92x16
                  RenderText {#text} at (37,0) size 17x15
                    text run at (37,0) width 17: "No"
                  RenderInline {SPAN} at (0,0) size 1x15
                    RenderInline {O:P} at (0,0) size 1x15
                RenderBlock {P} at (7,80) size 92x16
                  RenderText {#text} at (37,0) size 17x15
                    text run at (37,0) width 17: "No"
                RenderBlock {P} at (7,96) size 92x16
                  RenderText {#text} at (44,0) size 3x15
                    text run at (44,0) width 3: " "
                RenderBlock {P} at (7,112) size 92x16
                  RenderText {#text} at (44,0) size 3x15
                    text run at (44,0) width 3: " "
                RenderBlock {P} at (7,128) size 92x16
                  RenderText {#text} at (44,0) size 3x15
                    text run at (44,0) width 3: " "
                RenderBlock {P} at (7,144) size 92x16
                  RenderText {#text} at (44,0) size 3x15
                    text run at (44,0) width 3: " "
                RenderBlock {P} at (7,160) size 92x16
                  RenderText {#text} at (35,0) size 21x15
                    text run at (35,0) width 21: "Yes"
                  RenderInline {SPAN} at (0,0) size 1x15
                    RenderInline {O:P} at (0,0) size 1x15
            RenderTableRow {TR} at (0,3513) size 473x144
              RenderTableCell {TD} at (0,3513) size 97x16 [r=47 c=0 rs=1 cs=1]
                RenderBlock {P} at (7,0) size 84x16
                  RenderText {#text} at (34,0) size 15x15
                    text run at (34,0) width 15: "48"
                  RenderInline {SPAN} at (0,0) size 1x15
                    RenderInline {O:P} at (0,0) size 1x15
              RenderTableCell {TD} at (97,3513) size 169x144 [r=47 c=1 rs=1 cs=1]
                RenderBlock {P} at (7,0) size 156x16
                  RenderText {#text} at (0,0) size 83x15
                    text run at (0,0) width 83: "Mark Glanville"
                  RenderInline {SPAN} at (0,0) size 0x15
                    RenderInline {O:P} at (0,0) size 0x15
                RenderBlock {P} at (7,16) size 156x16
                  RenderText {#text} at (0,0) size 92x15
                    text run at (0,0) width 92: "Ian + Brad Carter"
                RenderBlock {P} at (7,32) size 156x16
                  RenderText {#text} at (0,0) size 82x15
                    text run at (0,0) width 82: "Stefan Kiritzov"
                RenderBlock {P} at (7,48) size 156x16
                  RenderText {#text} at (0,0) size 58x15
                    text run at (0,0) width 58: "Joe Araujo"
                RenderBlock {P} at (7,64) size 156x16
                  RenderText {#text} at (0,0) size 69x15
                    text run at (0,0) width 69: "Harold Todd"
                RenderBlock {P} at (7,80) size 156x16
                  RenderText {#text} at (0,0) size 71x15
                    text run at (0,0) width 71: "Steve Gilbert"
                RenderBlock {P} at (7,96) size 156x16
                  RenderText {#text} at (0,0) size 55x15
                    text run at (0,0) width 55: "Mark Diel"
                RenderBlock {P} at (7,112) size 156x16
                  RenderText {#text} at (0,0) size 89x15
                    text run at (0,0) width 89: "Jack Goodfriend"
                RenderBlock {P} at (7,128) size 156x16
                  RenderText {#text} at (0,0) size 93x15
                    text run at (0,0) width 93: "Ruenjoe (Joe) Lu"
                  RenderInline {SPAN} at (0,0) size 0x15
                    RenderInline {O:P} at (0,0) size 0x15
              RenderTableCell {TD} at (266,3513) size 98x96 [r=47 c=2 rs=1 cs=1]
                RenderBlock {P} at (7,0) size 85x16
                  RenderText {#text} at (32,0) size 20x15
                    text run at (32,0) width 20: "Yes"
                  RenderInline {SPAN} at (0,0) size 0x15
                    RenderInline {O:P} at (0,0) size 0x15
                RenderBlock {P} at (7,16) size 85x16
                  RenderText {#text} at (32,0) size 20x15
                    text run at (32,0) width 20: "Yes"
                RenderBlock {P} at (7,32) size 85x16
                  RenderText {#text} at (32,0) size 20x15
                    text run at (32,0) width 20: "Yes"
                RenderBlock {P} at (7,48) size 85x16
                  RenderText {#text} at (40,0) size 4x15
                    text run at (40,0) width 4: " "
                RenderBlock {P} at (7,64) size 85x16
                  RenderText {#text} at (40,0) size 4x15
                    text run at (40,0) width 4: " "
                RenderBlock {P} at (7,80) size 85x16
                  RenderText {#text} at (32,0) size 20x15
                    text run at (32,0) width 20: "Yes"
                  RenderInline {SPAN} at (0,0) size 0x15
                    RenderInline {O:P} at (0,0) size 0x15
              RenderTableCell {TD} at (364,3513) size 105x96 [r=47 c=3 rs=1 cs=1]
                RenderBlock {P} at (7,0) size 92x16
                  RenderText {#text} at (37,0) size 17x15
                    text run at (37,0) width 17: "No"
                  RenderInline {SPAN} at (0,0) size 1x15
                    RenderInline {O:P} at (0,0) size 1x15
                RenderBlock {P} at (7,16) size 92x16
                  RenderText {#text} at (37,0) size 17x15
                    text run at (37,0) width 17: "No"
                RenderBlock {P} at (7,32) size 92x16
                  RenderText {#text} at (35,0) size 21x15
                    text run at (35,0) width 21: "Yes"
                RenderBlock {P} at (7,48) size 92x16
                  RenderText {#text} at (44,0) size 3x15
                    text run at (44,0) width 3: " "
                RenderBlock {P} at (7,64) size 92x16
                  RenderText {#text} at (44,0) size 3x15
                    text run at (44,0) width 3: " "
                RenderBlock {P} at (7,80) size 92x16
                  RenderText {#text} at (37,0) size 17x15
                    text run at (37,0) width 17: "No"
                  RenderInline {SPAN} at (0,0) size 1x15
                    RenderInline {O:P} at (0,0) size 1x15
            RenderTableRow {TR} at (0,3657) size 473x64
              RenderTableCell {TD} at (0,3657) size 97x16 [r=48 c=0 rs=1 cs=1]
                RenderBlock {P} at (7,0) size 84x16
                  RenderText {#text} at (34,0) size 15x15
                    text run at (34,0) width 15: "49"
                  RenderInline {SPAN} at (0,0) size 1x15
                    RenderInline {O:P} at (0,0) size 1x15
              RenderTableCell {TD} at (97,3657) size 169x64 [r=48 c=1 rs=1 cs=1]
                RenderBlock {P} at (7,0) size 156x16
                  RenderText {#text} at (0,0) size 69x15
                    text run at (0,0) width 69: "Ali Erdengiz"
                RenderBlock {P} at (7,16) size 156x16
                  RenderText {#text} at (0,0) size 66x15
                    text run at (0,0) width 66: "David Allen"
                RenderBlock {P} at (7,32) size 156x16
                  RenderInline {SPAN} at (0,0) size 74x15
                    RenderInline {O:P} at (0,0) size 0x0
                    RenderText {#text} at (0,0) size 74x15
                      text run at (0,0) width 74: "Narayen Raju"
                RenderBlock {P} at (7,48) size 156x16
                  RenderInline {SPAN} at (0,0) size 85x15
                    RenderText {#text} at (0,0) size 85x15
                      text run at (0,0) width 33: "Jason "
                      text run at (33,0) width 52: "Anderson"
              RenderTableCell {TD} at (266,3657) size 98x64 [r=48 c=2 rs=1 cs=1]
                RenderBlock {P} at (7,0) size 85x16
                  RenderText {#text} at (40,0) size 4x15
                    text run at (40,0) width 4: " "
                RenderBlock {P} at (7,16) size 85x16
                  RenderText {#text} at (40,0) size 4x15
                    text run at (40,0) width 4: " "
                RenderBlock {P} at (7,32) size 85x16
                  RenderText {#text} at (40,0) size 4x15
                    text run at (40,0) width 4: " "
                RenderBlock {P} at (7,48) size 85x16
                  RenderText {#text} at (32,0) size 20x15
                    text run at (32,0) width 20: "Yes"
                  RenderInline {SPAN} at (0,0) size 0x15
                    RenderInline {O:P} at (0,0) size 0x15
              RenderTableCell {TD} at (364,3657) size 105x64 [r=48 c=3 rs=1 cs=1]
                RenderBlock {P} at (7,0) size 92x16
                  RenderText {#text} at (44,0) size 3x15
                    text run at (44,0) width 3: " "
                RenderBlock {P} at (7,16) size 92x16
                  RenderText {#text} at (44,0) size 3x15
                    text run at (44,0) width 3: " "
                RenderBlock {P} at (7,32) size 92x16
                  RenderText {#text} at (44,0) size 3x15
                    text run at (44,0) width 3: " "
                RenderBlock {P} at (7,48) size 92x16
                  RenderText {#text} at (37,0) size 17x15
                    text run at (37,0) width 17: "No"
                  RenderInline {SPAN} at (0,0) size 1x15
                    RenderInline {O:P} at (0,0) size 1x15
            RenderTableRow {TR} at (0,3721) size 473x144
              RenderTableCell {TD} at (0,3721) size 97x16 [r=49 c=0 rs=1 cs=1]
                RenderBlock {P} at (7,0) size 84x16
                  RenderText {#text} at (34,0) size 15x15
                    text run at (34,0) width 15: "50"
                  RenderInline {SPAN} at (0,0) size 1x15
                    RenderInline {O:P} at (0,0) size 1x15
              RenderTableCell {TD} at (97,3721) size 169x144 [r=49 c=1 rs=1 cs=1]
                RenderBlock {P} at (7,0) size 156x16
                  RenderText {#text} at (0,0) size 51x15
                    text run at (0,0) width 51: "Zak West"
                  RenderInline {SPAN} at (0,0) size 0x15
                    RenderInline {O:P} at (0,0) size 0x15
                RenderBlock {P} at (7,16) size 156x16
                  RenderText {#text} at (0,0) size 75x15
                    text run at (0,0) width 75: "Rick Klement"
                  RenderInline {SPAN} at (0,0) size 0x15
                    RenderInline {O:P} at (0,0) size 0x15
                RenderBlock {P} at (7,32) size 156x16
                  RenderText {#text} at (0,0) size 58x15
                    text run at (0,0) width 58: "Jim Bernal"
                RenderBlock {P} at (7,48) size 156x16
                  RenderText {#text} at (0,0) size 89x15
                    text run at (0,0) width 89: "Alan Littlewood"
                RenderBlock {P} at (7,64) size 156x16
                  RenderText {#text} at (0,0) size 60x15
                    text run at (0,0) width 60: "Jerry Davis"
                RenderBlock {P} at (7,80) size 156x16
                  RenderText {#text} at (0,0) size 84x15
                    text run at (0,0) width 84: "Lauren Bussard"
                RenderBlock {P} at (7,96) size 156x16
                  RenderText {#text} at (0,0) size 84x15
                    text run at (0,0) width 84: "John Yearwood"
                RenderBlock {P} at (7,112) size 156x16
                  RenderText {#text} at (0,0) size 74x15
                    text run at (0,0) width 74: "Narayan Raju"
                RenderBlock {P} at (7,128) size 156x16
                  RenderText {#text} at (0,0) size 67x15
                    text run at (0,0) width 67: "Ken Manuel"
                  RenderInline {SPAN} at (0,0) size 0x15
                    RenderInline {O:P} at (0,0) size 0x15
              RenderTableCell {TD} at (266,3721) size 98x112 [r=49 c=2 rs=1 cs=1]
                RenderBlock {P} at (7,0) size 85x16
                  RenderText {#text} at (32,0) size 20x15
                    text run at (32,0) width 20: "Yes"
                  RenderInline {SPAN} at (0,0) size 0x15
                    RenderInline {O:P} at (0,0) size 0x15
                RenderBlock {P} at (7,16) size 85x16
                  RenderText {#text} at (32,0) size 20x15
                    text run at (32,0) width 20: "Yes"
                  RenderInline {SPAN} at (0,0) size 0x15
                    RenderInline {O:P} at (0,0) size 0x15
                RenderBlock {P} at (7,32) size 85x16
                  RenderText {#text} at (32,0) size 20x15
                    text run at (32,0) width 20: "Yes"
                RenderBlock {P} at (7,48) size 85x16
                  RenderText {#text} at (32,0) size 20x15
                    text run at (32,0) width 20: "Yes"
                RenderBlock {P} at (7,64) size 85x16
                  RenderText {#text} at (32,0) size 20x15
                    text run at (32,0) width 20: "Yes"
                RenderBlock {P} at (7,80) size 85x16
                  RenderText {#text} at (40,0) size 4x15
                    text run at (40,0) width 4: " "
                RenderBlock {P} at (7,96) size 85x16
                  RenderText {#text} at (32,0) size 20x15
                    text run at (32,0) width 20: "Yes"
                  RenderInline {SPAN} at (0,0) size 0x15
                    RenderInline {O:P} at (0,0) size 0x15
              RenderTableCell {TD} at (364,3721) size 105x112 [r=49 c=3 rs=1 cs=1]
                RenderBlock {P} at (7,0) size 92x16
                  RenderText {#text} at (35,0) size 21x15
                    text run at (35,0) width 21: "Yes"
                  RenderInline {SPAN} at (0,0) size 1x15
                    RenderInline {O:P} at (0,0) size 1x15
                RenderBlock {P} at (7,16) size 92x16
                  RenderText {#text} at (35,0) size 21x15
                    text run at (35,0) width 21: "Yes"
                  RenderInline {SPAN} at (0,0) size 1x15
                    RenderInline {O:P} at (0,0) size 1x15
                RenderBlock {P} at (7,32) size 92x16
                  RenderText {#text} at (37,0) size 17x15
                    text run at (37,0) width 17: "No"
                RenderBlock {P} at (7,48) size 92x16
                  RenderText {#text} at (37,0) size 17x15
                    text run at (37,0) width 17: "No"
                RenderBlock {P} at (7,64) size 92x16
                  RenderText {#text} at (35,0) size 21x15
                    text run at (35,0) width 21: "Yes"
                RenderBlock {P} at (7,80) size 92x16
                  RenderText {#text} at (44,0) size 3x15
                    text run at (44,0) width 3: " "
                RenderBlock {P} at (7,96) size 92x16
                  RenderText {#text} at (37,0) size 17x15
                    text run at (37,0) width 17: "No"
                  RenderInline {SPAN} at (0,0) size 1x15
                    RenderInline {O:P} at (0,0) size 1x15
            RenderTableRow {TR} at (0,3865) size 473x48
              RenderTableCell {TD} at (0,3865) size 97x16 [r=50 c=0 rs=1 cs=1]
                RenderBlock {P} at (7,0) size 84x16
                  RenderText {#text} at (34,0) size 15x15
                    text run at (34,0) width 15: "51"
                  RenderInline {SPAN} at (0,0) size 1x15
                    RenderInline {O:P} at (0,0) size 1x15
              RenderTableCell {TD} at (97,3865) size 169x48 [r=50 c=1 rs=1 cs=1]
                RenderBlock {P} at (7,0) size 156x16
                  RenderText {#text} at (0,0) size 80x15
                    text run at (0,0) width 80: "Robert Barnett"
                RenderBlock {P} at (7,16) size 156x16
                  RenderText {#text} at (0,0) size 74x15
                    text run at (0,0) width 74: "Jim Mahoney"
                RenderBlock {P} at (7,32) size 156x16
                  RenderText {#text} at (0,0) size 85x15
                    text run at (0,0) width 85: "Jason Anderson"
                  RenderInline {SPAN} at (0,0) size 0x15
                    RenderInline {O:P} at (0,0) size 0x15
              RenderTableCell {TD} at (266,3865) size 98x48 [r=50 c=2 rs=1 cs=1]
                RenderBlock {P} at (7,0) size 85x16
                  RenderText {#text} at (32,0) size 20x15
                    text run at (32,0) width 20: "Yes"
                RenderBlock {P} at (7,16) size 85x16
                  RenderText {#text} at (32,0) size 20x15
                    text run at (32,0) width 20: "Yes"
                RenderBlock {P} at (7,32) size 85x16
                  RenderText {#text} at (32,0) size 20x15
                    text run at (32,0) width 20: "Yes"
                  RenderInline {SPAN} at (0,0) size 0x15
                    RenderInline {O:P} at (0,0) size 0x15
              RenderTableCell {TD} at (364,3865) size 105x48 [r=50 c=3 rs=1 cs=1]
                RenderBlock {P} at (7,0) size 92x16
                  RenderInline {SPAN} at (0,0) size 17x15
                    RenderText {#text} at (37,0) size 17x15
                      text run at (37,0) width 17: "No"
                    RenderInline {O:P} at (0,0) size 1x15
                RenderBlock {P} at (7,16) size 92x16
                  RenderInline {SPAN} at (0,0) size 21x15
                    RenderText {#text} at (35,0) size 21x15
                      text run at (35,0) width 21: "Yes"
                RenderBlock {P} at (7,32) size 92x16
                  RenderInline {SPAN} at (0,0) size 17x15
                    RenderText {#text} at (37,0) size 17x15
                      text run at (37,0) width 17: "No"
                  RenderInline {SPAN} at (0,0) size 1x15
                    RenderInline {O:P} at (0,0) size 1x15
            RenderTableRow {TR} at (0,3913) size 473x80
              RenderTableCell {TD} at (0,3913) size 97x16 [r=51 c=0 rs=1 cs=1]
                RenderBlock {P} at (7,0) size 84x16
                  RenderText {#text} at (34,0) size 15x15
                    text run at (34,0) width 15: "52"
                  RenderInline {SPAN} at (0,0) size 1x15
                    RenderInline {O:P} at (0,0) size 1x15
              RenderTableCell {TD} at (97,3913) size 169x80 [r=51 c=1 rs=1 cs=1]
                RenderBlock {P} at (7,0) size 156x16
                  RenderText {#text} at (0,0) size 59x15
                    text run at (0,0) width 59: "Mike West"
                  RenderInline {SPAN} at (0,0) size 0x15
                    RenderInline {O:P} at (0,0) size 0x15
                RenderBlock {P} at (7,16) size 156x16
                  RenderText {#text} at (0,0) size 82x15
                    text run at (0,0) width 82: "Robert Frogner"
                RenderBlock {P} at (7,32) size 156x16
                  RenderText {#text} at (0,0) size 89x15
                    text run at (0,0) width 89: "Chris McDowell"
                RenderBlock {P} at (7,48) size 156x16
                  RenderText {#text} at (0,0) size 55x15
                    text run at (0,0) width 55: "Ed Cypret"
                RenderBlock {P} at (7,64) size 156x16
                  RenderText {#text} at (0,0) size 68x15
                    text run at (0,0) width 68: "Dale Barnett"
                  RenderInline {SPAN} at (0,0) size 0x15
                    RenderInline {O:P} at (0,0) size 0x15
              RenderTableCell {TD} at (266,3913) size 98x80 [r=51 c=2 rs=1 cs=1]
                RenderBlock {P} at (7,0) size 85x16
                  RenderText {#text} at (32,0) size 20x15
                    text run at (32,0) width 20: "Yes"
                  RenderInline {SPAN} at (0,0) size 0x15
                    RenderInline {O:P} at (0,0) size 0x15
                RenderBlock {P} at (7,16) size 85x16
                  RenderText {#text} at (32,0) size 20x15
                    text run at (32,0) width 20: "Yes"
                RenderBlock {P} at (7,32) size 85x16
                  RenderText {#text} at (32,0) size 20x15
                    text run at (32,0) width 20: "Yes"
                RenderBlock {P} at (7,48) size 85x16
                  RenderText {#text} at (40,0) size 4x15
                    text run at (40,0) width 4: " "
                RenderBlock {P} at (7,64) size 85x16
                  RenderText {#text} at (32,0) size 20x15
                    text run at (32,0) width 20: "Yes"
                  RenderInline {SPAN} at (0,0) size 0x15
                    RenderInline {O:P} at (0,0) size 0x15
              RenderTableCell {TD} at (364,3913) size 105x80 [r=51 c=3 rs=1 cs=1]
                RenderBlock {P} at (7,0) size 92x16
                  RenderText {#text} at (35,0) size 21x15
                    text run at (35,0) width 21: "Yes"
                  RenderInline {SPAN} at (0,0) size 1x15
                    RenderInline {O:P} at (0,0) size 1x15
                RenderBlock {P} at (7,16) size 92x16
                  RenderText {#text} at (37,0) size 17x15
                    text run at (37,0) width 17: "No"
                RenderBlock {P} at (7,32) size 92x16
                  RenderText {#text} at (37,0) size 17x15
                    text run at (37,0) width 17: "No"
                RenderBlock {P} at (7,48) size 92x16
                  RenderText {#text} at (44,0) size 3x15
                    text run at (44,0) width 3: " "
                RenderBlock {P} at (7,64) size 92x16
                  RenderText {#text} at (37,0) size 17x15
                    text run at (37,0) width 17: "No"
                  RenderInline {SPAN} at (0,0) size 1x15
                    RenderInline {O:P} at (0,0) size 1x15
            RenderTableRow {TR} at (0,3993) size 473x80
              RenderTableCell {TD} at (0,3993) size 97x16 [r=52 c=0 rs=1 cs=1]
                RenderBlock {P} at (7,0) size 84x16
                  RenderText {#text} at (34,0) size 15x15
                    text run at (34,0) width 15: "53"
                  RenderInline {SPAN} at (0,0) size 1x15
                    RenderInline {O:P} at (0,0) size 1x15
              RenderTableCell {TD} at (97,3993) size 169x80 [r=52 c=1 rs=1 cs=1]
                RenderBlock {P} at (7,0) size 156x16
                  RenderText {#text} at (0,0) size 82x15
                    text run at (0,0) width 82: "Alberto Lanzas"
                  RenderInline {SPAN} at (0,0) size 0x15
                    RenderInline {O:P} at (0,0) size 0x15
                RenderBlock {P} at (7,16) size 156x16
                  RenderText {#text} at (0,0) size 69x15
                    text run at (0,0) width 69: "Bill Johnson"
                RenderBlock {P} at (7,32) size 156x16
                  RenderText {#text} at (0,0) size 42x15
                    text run at (0,0) width 42: "Al Wert"
                RenderBlock {P} at (7,48) size 156x16
                  RenderText {#text} at (0,0) size 68x15
                    text run at (0,0) width 68: "Dale Barnett"
                RenderBlock {P} at (7,64) size 156x16
                  RenderText {#text} at (0,0) size 103x15
                    text run at (0,0) width 103: "Ramin Khoshnevis"
                  RenderInline {SPAN} at (0,0) size 0x15
                    RenderInline {O:P} at (0,0) size 0x15
              RenderTableCell {TD} at (266,3993) size 98x80 [r=52 c=2 rs=1 cs=1]
                RenderBlock {P} at (7,0) size 85x16
                  RenderText {#text} at (32,0) size 20x15
                    text run at (32,0) width 20: "Yes"
                  RenderInline {SPAN} at (0,0) size 0x15
                    RenderInline {O:P} at (0,0) size 0x15
                RenderBlock {P} at (7,16) size 85x16
                  RenderText {#text} at (32,0) size 20x15
                    text run at (32,0) width 20: "Yes"
                RenderBlock {P} at (7,32) size 85x16
                  RenderText {#text} at (34,0) size 16x15
                    text run at (34,0) width 16: "No"
                RenderBlock {P} at (7,48) size 85x16
                  RenderText {#text} at (32,0) size 20x15
                    text run at (32,0) width 20: "Yes"
                RenderBlock {P} at (7,64) size 85x16
                  RenderText {#text} at (32,0) size 20x15
                    text run at (32,0) width 20: "Yes"
                  RenderInline {SPAN} at (0,0) size 0x15
                    RenderInline {O:P} at (0,0) size 0x15
              RenderTableCell {TD} at (364,3993) size 105x80 [r=52 c=3 rs=1 cs=1]
                RenderBlock {P} at (7,0) size 92x16
                  RenderText {#text} at (35,0) size 21x15
                    text run at (35,0) width 21: "Yes"
                  RenderInline {SPAN} at (0,0) size 1x15
                    RenderInline {O:P} at (0,0) size 1x15
                RenderBlock {P} at (7,16) size 92x16
                  RenderText {#text} at (37,0) size 17x15
                    text run at (37,0) width 17: "No"
                RenderBlock {P} at (7,32) size 92x16
                  RenderText {#text} at (35,0) size 21x15
                    text run at (35,0) width 21: "Yes"
                RenderBlock {P} at (7,48) size 92x16
                  RenderText {#text} at (37,0) size 17x15
                    text run at (37,0) width 17: "No"
                RenderBlock {P} at (7,64) size 92x16
                  RenderText {#text} at (37,0) size 17x15
                    text run at (37,0) width 17: "No"
                  RenderInline {SPAN} at (0,0) size 1x15
                    RenderInline {O:P} at (0,0) size 1x15
            RenderTableRow {TR} at (0,4073) size 473x112
              RenderTableCell {TD} at (0,4073) size 97x16 [r=53 c=0 rs=1 cs=1]
                RenderBlock {P} at (7,0) size 84x16
                  RenderText {#text} at (34,0) size 15x15
                    text run at (34,0) width 15: "54"
                  RenderInline {SPAN} at (0,0) size 1x15
                    RenderInline {O:P} at (0,0) size 1x15
              RenderTableCell {TD} at (97,4073) size 169x112 [r=53 c=1 rs=1 cs=1]
                RenderBlock {P} at (7,0) size 156x16
                  RenderText {#text} at (0,0) size 76x15
                    text run at (0,0) width 76: "Gene Langley"
                RenderBlock {P} at (7,16) size 156x16
                  RenderText {#text} at (0,0) size 69x15
                    text run at (0,0) width 69: "Bill Johnson"
                RenderBlock {P} at (7,32) size 156x16
                  RenderText {#text} at (0,0) size 55x15
                    text run at (0,0) width 55: "Mark Diel"
                RenderBlock {P} at (7,48) size 156x16
                  RenderText {#text} at (0,0) size 60x15
                    text run at (0,0) width 60: "Jerry Davis"
                RenderBlock {P} at (7,64) size 156x16
                  RenderText {#text} at (0,0) size 55x15
                    text run at (0,0) width 55: "Peter Starr"
                RenderBlock {P} at (7,80) size 156x16
                  RenderText {#text} at (0,0) size 84x15
                    text run at (0,0) width 84: "John Yearwood"
                RenderBlock {P} at (7,96) size 156x16
                  RenderText {#text} at (0,0) size 62x15
                    text run at (0,0) width 62: "Scott Hersh"
                  RenderInline {SPAN} at (0,0) size 0x15
                    RenderInline {O:P} at (0,0) size 0x15
              RenderTableCell {TD} at (266,4073) size 98x112 [r=53 c=2 rs=1 cs=1]
                RenderBlock {P} at (7,0) size 85x16
                  RenderText {#text} at (32,0) size 20x15
                    text run at (32,0) width 20: "Yes"
                RenderBlock {P} at (7,16) size 85x16
                  RenderText {#text} at (32,0) size 20x15
                    text run at (32,0) width 20: "Yes"
                RenderBlock {P} at (7,32) size 85x16
                  RenderText {#text} at (40,0) size 4x15
                    text run at (40,0) width 4: " "
                RenderBlock {P} at (7,48) size 85x16
                  RenderText {#text} at (32,0) size 20x15
                    text run at (32,0) width 20: "Yes"
                RenderBlock {P} at (7,64) size 85x16
                  RenderText {#text} at (40,0) size 4x15
                    text run at (40,0) width 4: " "
                RenderBlock {P} at (7,80) size 85x16
                  RenderText {#text} at (32,0) size 20x15
                    text run at (32,0) width 20: "Yes"
                RenderBlock {P} at (7,96) size 85x16
                  RenderText {#text} at (32,0) size 20x15
                    text run at (32,0) width 20: "Yes"
                  RenderInline {SPAN} at (0,0) size 0x15
                    RenderInline {O:P} at (0,0) size 0x15
              RenderTableCell {TD} at (364,4073) size 105x112 [r=53 c=3 rs=1 cs=1]
                RenderBlock {P} at (7,0) size 92x16
                  RenderText {#text} at (6,0) size 79x15
                    text run at (6,0) width 79: "Gyro wannabe"
                RenderBlock {P} at (7,16) size 92x16
                  RenderText {#text} at (37,0) size 17x15
                    text run at (37,0) width 17: "No"
                RenderBlock {P} at (7,32) size 92x16
                  RenderText {#text} at (44,0) size 3x15
                    text run at (44,0) width 3: " "
                RenderBlock {P} at (7,48) size 92x16
                  RenderText {#text} at (37,0) size 17x15
                    text run at (37,0) width 17: "No"
                RenderBlock {P} at (7,64) size 92x16
                  RenderText {#text} at (44,0) size 3x15
                    text run at (44,0) width 3: " "
                RenderBlock {P} at (7,80) size 92x16
                  RenderText {#text} at (37,0) size 17x15
                    text run at (37,0) width 17: "No"
                RenderBlock {P} at (7,96) size 92x16
                  RenderText {#text} at (37,0) size 17x15
                    text run at (37,0) width 17: "No"
                  RenderInline {SPAN} at (0,0) size 1x15
                    RenderInline {O:P} at (0,0) size 1x15
            RenderTableRow {TR} at (0,4185) size 473x48
              RenderTableCell {TD} at (0,4185) size 97x16 [r=54 c=0 rs=1 cs=1]
                RenderBlock {P} at (7,0) size 84x16
                  RenderText {#text} at (34,0) size 15x15
                    text run at (34,0) width 15: "55"
                  RenderInline {SPAN} at (0,0) size 1x15
                    RenderInline {O:P} at (0,0) size 1x15
              RenderTableCell {TD} at (97,4185) size 169x48 [r=54 c=1 rs=1 cs=1]
                RenderBlock {P} at (7,0) size 156x16
                  RenderText {#text} at (0,0) size 82x15
                    text run at (0,0) width 82: "Alberto Lanzas"
                  RenderInline {SPAN} at (0,0) size 0x15
                    RenderInline {O:P} at (0,0) size 0x15
                RenderBlock {P} at (7,16) size 156x16
                  RenderText {#text} at (0,0) size 59x15
                    text run at (0,0) width 59: "Bob Roger"
                RenderBlock {P} at (7,32) size 156x16
                  RenderText {#text} at (0,0) size 77x15
                    text run at (0,0) width 77: "Randy StClair"
                  RenderInline {SPAN} at (0,0) size 0x15
                    RenderInline {O:P} at (0,0) size 0x15
              RenderTableCell {TD} at (266,4185) size 98x48 [r=54 c=2 rs=1 cs=1]
                RenderBlock {P} at (7,0) size 85x16
                  RenderText {#text} at (32,0) size 20x15
                    text run at (32,0) width 20: "Yes"
                  RenderInline {SPAN} at (0,0) size 0x15
                    RenderInline {O:P} at (0,0) size 0x15
                RenderBlock {P} at (7,16) size 85x16
                  RenderText {#text} at (32,0) size 20x15
                    text run at (32,0) width 20: "Yes"
                RenderBlock {P} at (7,32) size 85x16
                  RenderText {#text} at (32,0) size 20x15
                    text run at (32,0) width 20: "Yes"
                  RenderInline {SPAN} at (0,0) size 0x15
                    RenderInline {O:P} at (0,0) size 0x15
              RenderTableCell {TD} at (364,4185) size 105x48 [r=54 c=3 rs=1 cs=1]
                RenderBlock {P} at (7,0) size 92x16
                  RenderText {#text} at (35,0) size 21x15
                    text run at (35,0) width 21: "Yes"
                  RenderInline {SPAN} at (0,0) size 1x15
                    RenderInline {O:P} at (0,0) size 1x15
                RenderBlock {P} at (7,16) size 92x16
                  RenderText {#text} at (37,0) size 17x15
                    text run at (37,0) width 17: "No"
                RenderBlock {P} at (7,32) size 92x16
                  RenderText {#text} at (37,0) size 17x15
                    text run at (37,0) width 17: "No"
                  RenderInline {SPAN} at (0,0) size 1x15
                    RenderInline {O:P} at (0,0) size 1x15
            RenderTableRow {TR} at (0,4233) size 473x80
              RenderTableCell {TD} at (0,4233) size 97x16 [r=55 c=0 rs=1 cs=1]
                RenderBlock {P} at (7,0) size 84x16
                  RenderText {#text} at (34,0) size 15x15
                    text run at (34,0) width 15: "56"
                  RenderInline {SPAN} at (0,0) size 1x15
                    RenderInline {O:P} at (0,0) size 1x15
              RenderTableCell {TD} at (97,4233) size 169x80 [r=55 c=1 rs=1 cs=1]
                RenderBlock {P} at (7,0) size 156x16
                  RenderText {#text} at (0,0) size 83x15
                    text run at (0,0) width 83: "Mark Glanville"
                RenderBlock {P} at (7,16) size 156x16
                  RenderText {#text} at (0,0) size 71x15
                    text run at (0,0) width 71: "Steve Gilbert"
                RenderBlock {P} at (7,32) size 156x16
                  RenderText {#text} at (0,0) size 60x15
                    text run at (0,0) width 60: "Jerry Davis"
                RenderBlock {P} at (7,48) size 156x16
                  RenderText {#text} at (0,0) size 66x15
                    text run at (0,0) width 66: "Rich Saunef"
                RenderBlock {P} at (7,64) size 156x16
                  RenderText {#text} at (0,0) size 70x15
                    text run at (0,0) width 70: "Harald Close"
                  RenderInline {SPAN} at (0,0) size 0x15
                    RenderInline {O:P} at (0,0) size 0x15
              RenderTableCell {TD} at (266,4233) size 98x80 [r=55 c=2 rs=1 cs=1]
                RenderBlock {P} at (7,0) size 85x16
                  RenderText {#text} at (32,0) size 20x15
                    text run at (32,0) width 20: "Yes"
                RenderBlock {P} at (7,16) size 85x16
                  RenderText {#text} at (32,0) size 20x15
                    text run at (32,0) width 20: "Yes"
                RenderBlock {P} at (7,32) size 85x16
                  RenderText {#text} at (32,0) size 20x15
                    text run at (32,0) width 20: "Yes"
                RenderBlock {P} at (7,48) size 85x16
                  RenderText {#text} at (32,0) size 20x15
                    text run at (32,0) width 20: "Yes"
                RenderBlock {P} at (7,64) size 85x16
                  RenderText {#text} at (32,0) size 20x15
                    text run at (32,0) width 20: "Yes"
                  RenderInline {SPAN} at (0,0) size 0x15
                    RenderInline {O:P} at (0,0) size 0x15
              RenderTableCell {TD} at (364,4233) size 105x80 [r=55 c=3 rs=1 cs=1]
                RenderBlock {P} at (7,0) size 92x16
                  RenderText {#text} at (37,0) size 17x15
                    text run at (37,0) width 17: "No"
                RenderBlock {P} at (7,16) size 92x16
                  RenderText {#text} at (37,0) size 17x15
                    text run at (37,0) width 17: "No"
                RenderBlock {P} at (7,32) size 92x16
                  RenderText {#text} at (37,0) size 17x15
                    text run at (37,0) width 17: "No"
                RenderBlock {P} at (7,48) size 92x16
                  RenderText {#text} at (37,0) size 17x15
                    text run at (37,0) width 17: "No"
                RenderBlock {P} at (7,64) size 92x16
                  RenderText {#text} at (37,0) size 17x15
                    text run at (37,0) width 17: "No"
                  RenderInline {SPAN} at (0,0) size 1x15
                    RenderInline {O:P} at (0,0) size 1x15
            RenderTableRow {TR} at (0,4313) size 473x48
              RenderTableCell {TD} at (0,4313) size 97x16 [r=56 c=0 rs=1 cs=1]
                RenderBlock {P} at (7,0) size 84x16
                  RenderText {#text} at (34,0) size 15x15
                    text run at (34,0) width 15: "57"
                  RenderInline {SPAN} at (0,0) size 1x15
                    RenderInline {O:P} at (0,0) size 1x15
              RenderTableCell {TD} at (97,4313) size 169x48 [r=56 c=1 rs=1 cs=1]
                RenderBlock {P} at (7,0) size 156x16
                  RenderText {#text} at (0,0) size 59x15
                    text run at (0,0) width 59: "Bob Roger"
                RenderBlock {P} at (7,16) size 156x16
                  RenderText {#text} at (0,0) size 70x15
                    text run at (0,0) width 70: "Rich Burnett"
                RenderBlock {P} at (7,32) size 156x16
                  RenderText {#text} at (0,0) size 66x15
                    text run at (0,0) width 66: "David Dunn"
                  RenderInline {SPAN} at (0,0) size 0x15
                    RenderInline {O:P} at (0,0) size 0x15
              RenderTableCell {TD} at (266,4313) size 98x16 [r=56 c=2 rs=1 cs=1]
                RenderBlock {P} at (7,0) size 85x16
                  RenderText {#text} at (32,0) size 20x15
                    text run at (32,0) width 20: "Yes"
                  RenderInline {SPAN} at (0,0) size 0x15
                    RenderInline {O:P} at (0,0) size 0x15
              RenderTableCell {TD} at (364,4313) size 105x16 [r=56 c=3 rs=1 cs=1]
                RenderBlock {P} at (7,0) size 92x16
                  RenderText {#text} at (37,0) size 17x15
                    text run at (37,0) width 17: "No"
                  RenderInline {SPAN} at (0,0) size 1x15
                    RenderInline {O:P} at (0,0) size 1x15
            RenderTableRow {TR} at (0,4361) size 473x64
              RenderTableCell {TD} at (0,4361) size 97x16 [r=57 c=0 rs=1 cs=1]
                RenderBlock {P} at (7,0) size 84x16
                  RenderText {#text} at (34,0) size 15x15
                    text run at (34,0) width 15: "58"
                  RenderInline {SPAN} at (0,0) size 1x15
                    RenderInline {O:P} at (0,0) size 1x15
              RenderTableCell {TD} at (97,4361) size 169x64 [r=57 c=1 rs=1 cs=1]
                RenderBlock {P} at (7,0) size 156x16
                  RenderText {#text} at (0,0) size 92x15
                    text run at (0,0) width 92: "Ian + Brad Carter"
                  RenderInline {SPAN} at (0,0) size 0x15
                    RenderInline {O:P} at (0,0) size 0x15
                RenderBlock {P} at (7,16) size 156x16
                  RenderText {#text} at (0,0) size 69x15
                    text run at (0,0) width 69: "Bill Johnson"
                RenderBlock {P} at (7,32) size 156x16
                  RenderText {#text} at (0,0) size 78x15
                    text run at (0,0) width 78: "Chuck Pringle"
                RenderBlock {P} at (7,48) size 156x16
                  RenderText {#text} at (0,0) size 66x15
                    text run at (0,0) width 66: "David Dunn"
                  RenderInline {SPAN} at (0,0) size 0x15
                    RenderInline {O:P} at (0,0) size 0x15
              RenderTableCell {TD} at (266,4361) size 98x48 [r=57 c=2 rs=1 cs=1]
                RenderBlock {P} at (7,0) size 85x16
                  RenderText {#text} at (32,0) size 20x15
                    text run at (32,0) width 20: "Yes"
                  RenderInline {SPAN} at (0,0) size 0x15
                    RenderInline {O:P} at (0,0) size 0x15
                RenderBlock {P} at (7,16) size 85x16
                  RenderText {#text} at (32,0) size 20x15
                    text run at (32,0) width 20: "Yes"
                RenderBlock {P} at (7,32) size 85x16
                  RenderText {#text} at (32,0) size 20x15
                    text run at (32,0) width 20: "Yes"
                  RenderInline {SPAN} at (0,0) size 0x15
                    RenderInline {O:P} at (0,0) size 0x15
              RenderTableCell {TD} at (364,4361) size 105x48 [r=57 c=3 rs=1 cs=1]
                RenderBlock {P} at (7,0) size 92x16
                  RenderText {#text} at (37,0) size 17x15
                    text run at (37,0) width 17: "No"
                  RenderInline {SPAN} at (0,0) size 1x15
                    RenderInline {O:P} at (0,0) size 1x15
                RenderBlock {P} at (7,16) size 92x16
                  RenderText {#text} at (37,0) size 17x15
                    text run at (37,0) width 17: "No"
                RenderBlock {P} at (7,32) size 92x16
                  RenderText {#text} at (37,0) size 17x15
                    text run at (37,0) width 17: "No"
                  RenderInline {SPAN} at (0,0) size 1x15
                    RenderInline {O:P} at (0,0) size 1x15
            RenderTableRow {TR} at (0,4425) size 473x32
              RenderTableCell {TD} at (0,4425) size 97x16 [r=58 c=0 rs=1 cs=1]
                RenderBlock {P} at (7,0) size 84x16
                  RenderText {#text} at (34,0) size 15x15
                    text run at (34,0) width 15: "59"
                  RenderInline {SPAN} at (0,0) size 1x15
                    RenderInline {O:P} at (0,0) size 1x15
              RenderTableCell {TD} at (97,4425) size 169x32 [r=58 c=1 rs=1 cs=1]
                RenderBlock {P} at (7,0) size 156x16
                  RenderText {#text} at (0,0) size 59x15
                    text run at (0,0) width 59: "Bob Roger"
                RenderBlock {P} at (7,16) size 156x16
                  RenderText {#text} at (0,0) size 70x15
                    text run at (0,0) width 70: "Rich Burnett"
                  RenderInline {SPAN} at (0,0) size 0x15
                    RenderInline {O:P} at (0,0) size 0x15
              RenderTableCell {TD} at (266,4425) size 98x16 [r=58 c=2 rs=1 cs=1]
                RenderBlock {P} at (7,0) size 85x16
                  RenderText {#text} at (32,0) size 20x15
                    text run at (32,0) width 20: "Yes"
                  RenderInline {SPAN} at (0,0) size 0x15
                    RenderInline {O:P} at (0,0) size 0x15
              RenderTableCell {TD} at (364,4425) size 105x16 [r=58 c=3 rs=1 cs=1]
                RenderBlock {P} at (7,0) size 92x16
                  RenderText {#text} at (37,0) size 17x15
                    text run at (37,0) width 17: "No"
                  RenderInline {SPAN} at (0,0) size 1x15
                    RenderInline {O:P} at (0,0) size 1x15
            RenderTableRow {TR} at (0,4457) size 473x64
              RenderTableCell {TD} at (0,4457) size 97x16 [r=59 c=0 rs=1 cs=1]
                RenderBlock {P} at (7,0) size 84x16
                  RenderText {#text} at (34,0) size 15x15
                    text run at (34,0) width 15: "60"
                  RenderInline {SPAN} at (0,0) size 1x15
                    RenderInline {O:P} at (0,0) size 1x15
              RenderTableCell {TD} at (97,4457) size 169x64 [r=59 c=1 rs=1 cs=1]
                RenderBlock {P} at (7,0) size 156x16
                  RenderText {#text} at (0,0) size 69x15
                    text run at (0,0) width 69: "Bill Johnson"
                RenderBlock {P} at (7,16) size 156x16
                  RenderText {#text} at (0,0) size 96x15
                    text run at (0,0) width 96: "Vladimir Dvorkin"
                RenderBlock {P} at (7,32) size 156x16
                  RenderText {#text} at (0,0) size 52x15
                    text run at (0,0) width 52: "Ken Price"
                RenderBlock {P} at (7,48) size 156x16
                  RenderText {#text} at (0,0) size 89x15
                    text run at (0,0) width 89: "Rick Rasmussen"
                  RenderInline {SPAN} at (0,0) size 0x15
                    RenderInline {O:P} at (0,0) size 0x15
              RenderTableCell {TD} at (266,4457) size 98x32 [r=59 c=2 rs=1 cs=1]
                RenderBlock {P} at (7,0) size 85x16
                  RenderText {#text} at (32,0) size 20x15
                    text run at (32,0) width 20: "Yes"
                RenderBlock {P} at (7,16) size 85x16
                  RenderText {#text} at (34,0) size 16x15
                    text run at (34,0) width 16: "No"
                  RenderInline {SPAN} at (0,0) size 0x15
                    RenderInline {O:P} at (0,0) size 0x15
              RenderTableCell {TD} at (364,4457) size 105x32 [r=59 c=3 rs=1 cs=1]
                RenderBlock {P} at (7,0) size 92x16
                  RenderText {#text} at (37,0) size 17x15
                    text run at (37,0) width 17: "No"
                RenderBlock {P} at (7,16) size 92x16
                  RenderText {#text} at (35,0) size 21x15
                    text run at (35,0) width 21: "Yes"
                  RenderInline {SPAN} at (0,0) size 1x15
                    RenderInline {O:P} at (0,0) size 1x15
        RenderBlock {P} at (0,4539) size 769x16
          RenderInline {SPAN} at (0,0) size 3x15
            RenderText {#text} at (0,0) size 3x15
              text run at (0,0) width 3: " "
        RenderBlock {P} at (0,4555) size 769x16
          RenderText {#text} at (0,0) size 3x15
            text run at (0,0) width 3: " "
        RenderBlock {P} at (0,4571) size 769x16
          RenderText {#text} at (0,0) size 3x15
            text run at (0,0) width 3: " "
      RenderBlock {P} at (0,4587) size 769x16
        RenderText {#text} at (383,0) size 3x15
          text run at (383,0) width 3: " "
