layer at (0,0) size 800x600
  RenderView at (0,0) size 800x600
layer at (0,0) size 800x172
  RenderBlock {HTML} at (0,0) size 800x172
    RenderBody {BODY} at (8,16) size 784x140
      RenderBlock {P} at (0,0) size 784x20
        RenderInline {B} at (0,0) size 61x19
          RenderText {#text} at (0,0) size 61x19
            text run at (0,0) width 61: "BUG ID:"
        RenderText {#text} at (61,0) size 4x19
          text run at (61,0) width 4: " "
        RenderInline {A} at (0,0) size 108x19 [color=#0000EE]
          RenderText {#text} at (65,0) size 108x19
            text run at (65,0) width 108: "Bugzilla bug 6473"
        RenderText {#text} at (173,0) size 454x19
          text run at (173,0) width 454: " REGRESSION: Serious painting problems on new iLife and iWorks pages"
      RenderBlock {P} at (0,36) size 784x26 [bgcolor=#98FB98]
        RenderInline {B} at (0,0) size 86x19
          RenderText {#text} at (3,3) size 86x19
            text run at (3,3) width 86: "TEST PASS:"
        RenderText {#text} at (89,3) size 410x19
          text run at (89,3) width 4: " "
          text run at (93,3) width 406: "A green rectangle containing the word SUCCESS will show below."
      RenderBlock {P} at (0,78) size 784x26 [bgcolor=#FF3300]
        RenderInline {B} at (0,0) size 84x19
          RenderText {#text} at (3,3) size 84x19
            text run at (3,3) width 84: "TEST FAIL:"
        RenderText {#text} at (87,3) size 238x19
          text run at (87,3) width 4: " "
          text run at (91,3) width 234: "A green rectangle will not show below."
      RenderBlock {DIV} at (0,120) size 784x20
        RenderBlock {DIV} at (0,0) size 784x20
layer at (8,136) size 784x20
  RenderBlock (relative positioned) {P} at (0,0) size 784x20 [bgcolor=#00FF00]
    RenderText {#text} at (0,0) size 69x19
      text run at (0,0) width 69: "SUCCESS"
