layer at (0,0) size 800x600
  RenderView at (0,0) size 800x600
layer at (0,0) size 800x600
  RenderBlock {HTML} at (0,0) size 800x600
    RenderBody {BODY} at (0,0) size 800x600
      RenderPartObject {IFRAME} at (0,0) size 500x600
        layer at (0,0) size 485x622
          RenderView at (0,0) size 485x600
        layer at (0,0) size 485x622
          RenderBlock {HTML} at (0,0) size 485x622
            RenderBody {BODY} at (8,8) size 469x598
              RenderBlock {DIV} at (0,0) size 450x50
                RenderBlock (floating) {DIV} at (370,10) size 70x150 [bgcolor=#FFC0CB]
              RenderBlock {P} at (0,66) size 418x532 [border: (3px solid #800000)]
                RenderText {#text} at (6,6) size 354x119
                  text run at (6,6) width 354: "The chief difficulty Alice found at first was in managing her"
                  text run at (6,26) width 354: "flamingo: she succeeded in getting its body tucked away,"
                  text run at (6,46) width 354: "comfortably enough, under her arm, with its legs hanging"
                  text run at (6,66) width 44: "down, "
                  text run at (50,66) width 310: "but generally, just as she had got its neck nicely"
                  text run at (6,86) width 78: "straightened "
                  text run at (84,86) width 276: "out, and was going to give the hedgehog a"
                  text run at (6,106) width 137: "blow with its head, it "
                RenderInline {I} at (0,0) size 39x19
                  RenderText {#text} at (143,106) size 39x19
                    text run at (143,106) width 39: "would"
                RenderText {#text} at (182,106) size 406x79
                  text run at (182,106) width 230: " twist itself round and look up in her"
                  text run at (6,126) width 72: "face, with "
                  text run at (78,126) width 334: "such a puzzled expression that she could not help"
                  text run at (6,146) width 74: "bursting out "
                  text run at (80,146) width 332: "laughing: and when she had got its head down, and was"
                  text run at (6,166) width 62: "going to "
                RenderText {#text} at (68,166) size 406x139
                  text run at (68,166) width 344: "begin again, it was very provoking to find that the"
                  text run at (6,186) width 90: "hedgehog had "
                  text run at (96,186) width 316: "unrolled itself, and was in the act of crawling away:"
                  text run at (6,206) width 70: "besides all "
                  text run at (76,206) width 336: "this, there was generally a ridge or furrow in the way"
                  text run at (6,226) width 65: "wherever "
                  text run at (71,226) width 341: "she wanted to send the hedgehog to, and, as the"
                  text run at (6,246) width 77: "doubled-up "
                  text run at (83,246) width 329: "soldiers were always getting up and walking off to"
                  text run at (6,266) width 86: "other parts of "
                  text run at (92,266) width 320: "the ground, Alice soon came to the conclusion that it"
                  text run at (41,286) width 69: "was a very "
                RenderBlock (floating) {SPAN} at (6,289) size 32x64 [bgcolor=#ADD8E6]
                RenderText {#text} at (110,286) size 131x19
                  text run at (110,286) width 131: "difficult game indeed. "
                RenderBR {BR} at (0,0) size 0x0
                RenderText {#text} at (41,306) size 303x19
                  text run at (41,306) width 303: "The players all played at once without waiting "
                RenderBlock (floating) {SPAN} at (364,309) size 48x80 [bgcolor=#90EE90]
                RenderText {#text} at (344,306) size 320x59
                  text run at (344,306) width 17: "for"
                  text run at (41,326) width 40: "turns, "
                  text run at (81,326) width 280: "quarrelling all the while, and fighting for the"
                  text run at (41,346) width 112: "hedgehogs; and in "
                  text run at (153,346) width 104: "a very short time "
                RenderInline {SPAN} at (0,0) size 62x19
                  RenderText {#text} at (257,346) size 62x19
                    text run at (257,346) width 62: "the Queen"
                RenderText {#text} at (319,346) size 355x79
                  text run at (319,346) width 42: " was in"
                  text run at (6,366) width 175: "a furious passion, and went "
                  text run at (181,366) width 180: "stamping about, and shouting"
                  text run at (6,386) width 196: "\x{2018}Off with his head!\x{2019} or \x{2018}Off with "
                  text run at (202,386) width 159: "her head!\x{2019} about once in a"
                  text run at (6,406) width 47: "minute. "
                RenderBR {BR} at (0,0) size 0x0
                RenderText {#text} at (6,426) size 406x99
                  text run at (6,426) width 361: "Alice began to feel very uneasy: to be sure, she had not as "
                  text run at (367,426) width 45: "yet had"
                  text run at (6,446) width 336: "any dispute with the Queen, but she knew that it might "
                  text run at (342,446) width 70: "happen any"
                  text run at (6,466) width 381: "minute, \x{2018}and then,\x{2019} thought she, \x{2018}what would become of "
                  text run at (387,466) width 25: "me?"
                  text run at (6,486) width 406: "They\x{2019}re dreadfully fond of beheading people here; the great"
                  text run at (6,506) width 248: "wonder is, that there\x{2018}s any one left alive!\x{2019}"
      RenderText {#text} at (0,0) size 0x0
