layer at (0,0) size 329x4018
  RenderView at (0,0) size 329x573
layer at (0,0) size 329x4018
  RenderBlock {HTML} at (0,0) size 329x4018
    RenderBody {BODY} at (8,8) size 313x4002
      RenderBlock {DIV} at (-689,0) size 1002x4002 [border: (1px solid #FF0000)]
        RenderText {#text} at (-491,1) size 1492x18
          text run at (-491,1) width 1492: "BEGINddddddddddddddddddddddddddddddddddddddddddddddddddddddddddddddddddddddddddddddddddddddddddddddddddddddddddddddddddddddddddddddddddddddddddddddddddddddddddddddddddddddddddddddddEND"
