layer at (0,0) size 785x850
  RenderView at (0,0) size 785x600
layer at (0,0) size 785x850
  RenderBlock {html} at (0,0) size 785x850
    RenderBody {body} at (47,30) size 737x812
      RenderBlock {div} at (0,0) size 737x812
        RenderBlock {h1} at (0,0) size 678x31
          RenderText {#text} at (0,0) size 387x30
            text run at (0,0) width 387: "rightsizing to percentage width"
        RenderBlock {h4} at (0,31) size 737x16
          RenderText {#text} at (0,0) size 138x16
            text run at (0,0) width 138: "WICD Core 1.0 #20-2"
        RenderBlock (anonymous) at (0,66) size 737x298
          RenderEmbeddedObject {object} at (0,0) size 294x294 [bgcolor=#FF0000]
            layer at (0,0) size 294x294
              RenderView at (0,0) size 294x294
            layer at (0,0) size 294x294
              RenderSVGRoot {svg} at (0,0) size 294x294
                RenderSVGHiddenContainer {defs} at (0,0) size 0x0
                RenderSVGRect {rect} at (0,0) size 294x294 [fill={[type=SOLID] [color=#5588FF]}] [x=-3000.00] [y=-1000.00] [width=6200.00] [height=2200.00]
                RenderSVGPath {circle} at (0,0) size 294x294 [fill={[type=SOLID] [color=#0000FF]}] [cx=100.00] [cy=100.00] [r=100.00]
                RenderSVGContainer {g} at (38,86) size 218x123
                  RenderSVGText {text} at (26,59) size 148x83 contains 1 chunk(s)
                    RenderSVGInlineText {#text} at (0,0) size 148x83
                      chunk 1 (middle anchor) text run 1 at (26.72,125.00) startOffset 0 endOffset 3 width 146.56: "SVG"
          RenderText {#text} at (294,279) size 4x18
            text run at (294,279) width 4: " "
          RenderEmbeddedObject {object} at (298,147) size 147x147 [bgcolor=#FF0000]
            layer at (0,0) size 147x147
              RenderView at (0,0) size 147x147
            layer at (0,0) size 147x147
              RenderSVGRoot {svg} at (0,0) size 147x147
                RenderSVGHiddenContainer {defs} at (0,0) size 0x0
                RenderSVGRect {rect} at (0,0) size 147x147 [fill={[type=SOLID] [color=#5588FF]}] [x=-3000.00] [y=-1000.00] [width=6200.00] [height=2200.00]
                RenderSVGPath {circle} at (0,0) size 147x147 [fill={[type=SOLID] [color=#0000FF]}] [cx=100.00] [cy=100.00] [r=100.00]
                RenderSVGContainer {g} at (19,44) size 109x61
                  RenderSVGText {text} at (26,60) size 148x82 contains 1 chunk(s)
                    RenderSVGInlineText {#text} at (0,0) size 148x82
                      chunk 1 (middle anchor) text run 1 at (26.72,125.00) startOffset 0 endOffset 3 width 146.56: "SVG"
          RenderText {#text} at (445,279) size 4x18
            text run at (445,279) width 4: " "
          RenderEmbeddedObject {object} at (449,221) size 73x73 [bgcolor=#FF0000]
            layer at (0,0) size 73x73
              RenderView at (0,0) size 73x73
            layer at (0,0) size 73x73
              RenderSVGRoot {svg} at (0,0) size 73x73
                RenderSVGHiddenContainer {defs} at (0,0) size 0x0
                RenderSVGRect {rect} at (0,0) size 73x73 [fill={[type=SOLID] [color=#5588FF]}] [x=-3000.00] [y=-1000.00] [width=6200.00] [height=2200.00]
                RenderSVGPath {circle} at (0,0) size 73x73 [fill={[type=SOLID] [color=#0000FF]}] [cx=100.00] [cy=100.00] [r=100.00]
                RenderSVGContainer {g} at (9,21) size 55x31
                  RenderSVGText {text} at (26,58) size 148x84 contains 1 chunk(s)
                    RenderSVGInlineText {#text} at (0,0) size 148x84
                      chunk 1 (middle anchor) text run 1 at (26.72,125.00) startOffset 0 endOffset 3 width 146.56: "SVG"
          RenderText {#text} at (522,279) size 4x18
            text run at (522,279) width 4: " "
          RenderEmbeddedObject {object} at (526,258) size 36x36 [bgcolor=#FF0000]
            layer at (0,0) size 36x36
              RenderView at (0,0) size 36x36
            layer at (0,0) size 36x36
              RenderSVGRoot {svg} at (0,0) size 36x36
                RenderSVGHiddenContainer {defs} at (0,0) size 0x0
                RenderSVGRect {rect} at (0,0) size 36x36 [fill={[type=SOLID] [color=#5588FF]}] [x=-3000.00] [y=-1000.00] [width=6200.00] [height=2200.00]
                RenderSVGPath {circle} at (0,0) size 36x36 [fill={[type=SOLID] [color=#0000FF]}] [cx=100.00] [cy=100.00] [r=100.00]
                RenderSVGContainer {g} at (4,10) size 28x16
                  RenderSVGText {text} at (26,57) size 148x86 contains 1 chunk(s)
                    RenderSVGInlineText {#text} at (0,0) size 148x86
                      chunk 1 (middle anchor) text run 1 at (26.72,125.00) startOffset 0 endOffset 3 width 146.56: "SVG"
          RenderText {#text} at (0,0) size 0x0
        RenderBlock {p} at (0,366) size 678x68
          RenderText {#text} at (0,0) size 651x34
            text run at (0,0) width 651: "Above there must be four times the same, square SVG child visible, each referenced by an object element"
            text run at (0,17) width 414: "with different widths (40%, 20%, 10%, 5%) and no height defined. "
          RenderBR {br} at (0,0) size 0x0
          RenderBR {br} at (0,34) size 0x17
          RenderText {#text} at (0,51) size 398x17
            text run at (0,51) width 398: "Beyond there is the same, only with PNG images instead of SVG."
        RenderBlock (anonymous) at (0,439) size 737x298
          RenderImage {object} at (0,0) size 294x294 [bgcolor=#FF0000]
          RenderText {#text} at (294,279) size 4x18
            text run at (294,279) width 4: " "
          RenderImage {object} at (298,147) size 147x147 [bgcolor=#FF0000]
          RenderText {#text} at (445,279) size 4x18
            text run at (445,279) width 4: " "
          RenderImage {object} at (449,221) size 73x73 [bgcolor=#FF0000]
          RenderText {#text} at (522,279) size 4x18
            text run at (522,279) width 4: " "
          RenderImage {object} at (526,258) size 36x36 [bgcolor=#FF0000]
          RenderText {#text} at (0,0) size 0x0
        RenderBlock {p} at (0,739) size 678x34
          RenderText {#text} at (0,0) size 661x34
            text run at (0,0) width 661: "This test has succeeded, if both rows look exactly the same (SVGs must be square!) and no red background"
            text run at (0,17) width 94: "color is visible."
        RenderBlock {p} at (0,778) size 678x34
          RenderBR {br} at (0,0) size 0x17
          RenderInline {a} at (0,0) size 31x17 [color=#000066]
            RenderText {#text} at (0,17) size 31x17
              text run at (0,17) width 31: "Back"
