layer at (0,0) size 800x600
  RenderView at (0,0) size 800x600
layer at (0,0) size 800x600
  RenderSVGRoot {svg} at (0,0) size 800x600
    RenderSVGForeignObject {foreignObject} at (0,0) size 800x600
      RenderBlock {html} at (0,0) size 800x231
        RenderBlock {div} at (0,0) size 800x231
          RenderBlock (anonymous) at (0,0) size 800x21
            RenderText {#text} at (0,0) size 592x21
              text run at (0,0) width 592: "This tests assures dynamic SVGDocument creation via DOMParser interface works."
          RenderBlock {div} at (0,21) size 800x21
            RenderText {#text} at (0,0) size 684x21
              text run at (0,0) width 684: "DOMParser.parseFromString returned: [object SVGDocument] should be: [object SVGDocument]"
          RenderBlock {div} at (0,42) size 800x21
            RenderText {#text} at (0,0) size 662x21
              text run at (0,0) width 662: "SVGDocument's rootElement: [object SVGSVGElement] should be: [object SVGSVGElement]"
          RenderBlock {div} at (0,63) size 800x21
            RenderText {#text} at (0,0) size 394x21
              text run at (0,0) width 394: "SVGDocument's rootElement width: 400 should be: 400"
          RenderBlock {div} at (0,84) size 800x21
            RenderText {#text} at (0,0) size 400x21
              text run at (0,0) width 400: "SVGDocument's rootElement height: 400 should be: 400"
          RenderBlock {div} at (0,105) size 800x21
            RenderText {#text} at (0,0) size 685x21
              text run at (0,0) width 685: "SVGDocument's rootElement first child: [object SVGGElement] should be: [object SVGGElement]"
          RenderBlock {div} at (0,126) size 800x84
            RenderText {#text} at (0,0) size 788x84
              text run at (0,0) width 788: "XMLSerializer.serializeToString returned: <svg xmlns=\"http://www.w3.org/2000/svg\" width=\"400\" height=\"400\">"
              text run at (0,21) width 669: "<g transform=\"translate(-50, -50)\"><path id=\"path\" onclick=\"mouseHandler(evt)\" fill=\"#FF0000\""
              text run at (0,42) width 787: "stroke=\"#00C000\" d=\"M 250 130 C 185 130 150 80 150 80 S 115 25 50 25 m 0 105 c 65 0 100 -50 100 -50 s 35"
              text run at (0,63) width 178: "-55 100 -55\"/></g></svg>"
          RenderBlock {div} at (0,210) size 800x21
            RenderText {#text} at (0,0) size 738x21
              text run at (0,0) width 738: "Imported the SVGGElement into our document: [object SVGGElement] should be: [object SVGGElement]"
    RenderSVGContainer {g} at (193,231) size 217x218 [transform={m=((0.71,0.71)(-0.71,0.71)) t=(250.00,250.00)}]
      RenderSVGContainer {g} at (193,231) size 217x218 [transform={m=((1.00,0.00)(0.00,1.00)) t=(-50.00,-50.00)}]
        RenderSVGPath {path} at (193,231) size 217x218 [stroke={[type=SOLID] [color=#00C000]}] [fill={[type=SOLID] [color=#FF0000]}] [data="M 250 130 C 185 130 150 80 150 80 C 150 80 115 25 50 25 M 50 130 C 115 130 150 80 150 80 C 150 80 185 25 250 25"]
