layer at (0,0) size 800x600
  RenderView at (0,0) size 800x600
layer at (0,0) size 800x340
  RenderBlock {html} at (0,0) size 800x340
    RenderBody {body} at (0,16) size 800x308 [bgcolor=#BBBBBB]
      RenderBlock {p} at (50,0) size 750x46
        RenderText {#text} at (0,24) size 262x22
          text run at (0,24) width 262: "SVG in a \"transparent\" EMBED tag: "
        RenderEmbeddedObject {embed} at (262,0) size 40x40
          layer at (0,0) size 40x40
            RenderView at (0,0) size 40x40
          layer at (0,0) size 40x40
            RenderSVGRoot {svg} at (0,0) size 40x40
              RenderSVGContainer {g} at (0,0) size 40x40
                RenderSVGContainer {use} at (17,0) size 6x12
                  RenderSVGContainer {g} at (17,0) size 6x12
                    RenderSVGViewportContainer {svg} at (17,0) size 6x12
                      RenderSVGPath {polygon} at (17,0) size 6x12 [fill={[type=SOLID] [color=#000000] [opacity=0.50]}] [points="22 0 28 0 23 15 23 15"]
                RenderSVGContainer {use} at (21,0) size 12x15 [transform={m=((0.87,0.50)(-0.50,0.87)) t=(15.85,-9.15)}]
                  RenderSVGContainer {g} at (21,0) size 12x15
                    RenderSVGViewportContainer {svg} at (21,0) size 12x15
                      RenderSVGPath {polygon} at (21,0) size 12x15 [fill={[type=SOLID] [color=#000000] [opacity=0.08]}] [points="22 0 28 0 23 15 23 15"]
                RenderSVGContainer {use} at (25,7) size 15x12 [transform={m=((0.50,0.87)(-0.87,0.50)) t=(34.15,-9.15)}]
                  RenderSVGContainer {g} at (25,7) size 15x12
                    RenderSVGViewportContainer {svg} at (25,7) size 15x12
                      RenderSVGPath {polygon} at (25,7) size 15x12 [fill={[type=SOLID] [color=#000000] [opacity=0.12]}] [points="22 0 28 0 23 15 23 15"]
                RenderSVGContainer {use} at (28,17) size 12x6 [transform={m=((0.00,1.00)(-1.00,0.00)) t=(50.00,-0.00)}]
                  RenderSVGContainer {g} at (28,17) size 12x6
                    RenderSVGViewportContainer {svg} at (28,17) size 12x6
                      RenderSVGPath {polygon} at (28,17) size 12x6 [fill={[type=SOLID] [color=#000000] [opacity=0.16]}] [points="22 0 28 0 23 15 23 15"]
                RenderSVGContainer {use} at (25,21) size 15x12 [transform={m=((-0.50,0.87)(-0.87,-0.50)) t=(59.15,15.85)}]
                  RenderSVGContainer {g} at (25,21) size 15x12
                    RenderSVGViewportContainer {svg} at (25,21) size 15x12
                      RenderSVGPath {polygon} at (25,21) size 15x12 [fill={[type=SOLID] [color=#000000] [opacity=0.20]}] [points="22 0 28 0 23 15 23 15"]
                RenderSVGContainer {use} at (21,25) size 12x15 [transform={m=((-0.87,0.50)(-0.50,-0.87)) t=(59.15,34.15)}]
                  RenderSVGContainer {g} at (21,25) size 12x15
                    RenderSVGViewportContainer {svg} at (21,25) size 12x15
                      RenderSVGPath {polygon} at (21,25) size 12x15 [fill={[type=SOLID] [color=#000000] [opacity=0.24]}] [points="22 0 28 0 23 15 23 15"]
                RenderSVGContainer {use} at (17,28) size 6x12 [transform={m=((-1.00,0.00)(-0.00,-1.00)) t=(50.00,50.00)}]
                  RenderSVGContainer {g} at (17,28) size 6x12
                    RenderSVGViewportContainer {svg} at (17,28) size 6x12
                      RenderSVGPath {polygon} at (17,28) size 6x12 [fill={[type=SOLID] [color=#000000] [opacity=0.29]}] [points="22 0 28 0 23 15 23 15"]
                RenderSVGContainer {use} at (7,25) size 12x15 [transform={m=((-0.87,-0.50)(0.50,-0.87)) t=(34.15,59.15)}]
                  RenderSVGContainer {g} at (7,25) size 12x15
                    RenderSVGViewportContainer {svg} at (7,25) size 12x15
                      RenderSVGPath {polygon} at (7,25) size 12x15 [fill={[type=SOLID] [color=#000000] [opacity=0.33]}] [points="22 0 28 0 23 15 23 15"]
                RenderSVGContainer {use} at (0,21) size 15x12 [transform={m=((-0.50,-0.87)(0.87,-0.50)) t=(15.85,59.15)}]
                  RenderSVGContainer {g} at (0,21) size 15x12
                    RenderSVGViewportContainer {svg} at (0,21) size 15x12
                      RenderSVGPath {polygon} at (0,21) size 15x12 [fill={[type=SOLID] [color=#000000] [opacity=0.37]}] [points="22 0 28 0 23 15 23 15"]
                RenderSVGContainer {use} at (0,17) size 12x6 [transform={m=((-0.00,-1.00)(1.00,-0.00)) t=(0.00,50.00)}]
                  RenderSVGContainer {g} at (0,17) size 12x6
                    RenderSVGViewportContainer {svg} at (0,17) size 12x6
                      RenderSVGPath {polygon} at (0,17) size 12x6 [fill={[type=SOLID] [color=#000000] [opacity=0.41]}] [points="22 0 28 0 23 15 23 15"]
                RenderSVGContainer {use} at (0,7) size 15x12 [transform={m=((0.50,-0.87)(0.87,0.50)) t=(-9.15,34.15)}]
                  RenderSVGContainer {g} at (0,7) size 15x12
                    RenderSVGViewportContainer {svg} at (0,7) size 15x12
                      RenderSVGPath {polygon} at (0,7) size 15x12 [fill={[type=SOLID] [color=#000000] [opacity=0.45]}] [points="22 0 28 0 23 15 23 15"]
                RenderSVGContainer {use} at (7,0) size 12x15 [transform={m=((0.87,-0.50)(0.50,0.87)) t=(-9.15,15.85)}]
                  RenderSVGContainer {g} at (7,0) size 12x15
                    RenderSVGViewportContainer {svg} at (7,0) size 12x15
                      RenderSVGPath {polygon} at (7,0) size 12x15 [fill={[type=SOLID] [color=#000000] [opacity=0.50]}] [points="22 0 28 0 23 15 23 15"]
      RenderBlock {p} at (50,62) size 750x36
        RenderText {#text} at (0,14) size 142x22
          text run at (0,14) width 142: "SVG in an IMG tag: "
        RenderImage {img} at (142,0) size 30x30
      RenderBlock {p} at (50,114) size 750x22
        RenderText {#text} at (0,0) size 199x22
          text run at (0,0) width 199: "SVG in a background-image:"
      RenderBlock {p} at (50,210) size 750x46
        RenderText {#text} at (0,24) size 221x22
          text run at (0,24) width 221: "SVG in a \"transparent\" iframe: "
        RenderPartObject {iframe} at (221,0) size 40x40
          layer at (0,0) size 40x40
            RenderView at (0,0) size 40x40
          layer at (0,0) size 40x40
            RenderSVGRoot {svg} at (0,0) size 40x40
              RenderSVGContainer {g} at (0,0) size 40x40
                RenderSVGContainer {use} at (17,0) size 6x12
                  RenderSVGContainer {g} at (17,0) size 6x12
                    RenderSVGViewportContainer {svg} at (17,0) size 6x12
                      RenderSVGPath {polygon} at (17,0) size 6x12 [fill={[type=SOLID] [color=#000000] [opacity=0.50]}] [points="22 0 28 0 23 15 23 15"]
                RenderSVGContainer {use} at (21,0) size 12x15 [transform={m=((0.87,0.50)(-0.50,0.87)) t=(15.85,-9.15)}]
                  RenderSVGContainer {g} at (21,0) size 12x15
                    RenderSVGViewportContainer {svg} at (21,0) size 12x15
                      RenderSVGPath {polygon} at (21,0) size 12x15 [fill={[type=SOLID] [color=#000000] [opacity=0.08]}] [points="22 0 28 0 23 15 23 15"]
                RenderSVGContainer {use} at (25,7) size 15x12 [transform={m=((0.50,0.87)(-0.87,0.50)) t=(34.15,-9.15)}]
                  RenderSVGContainer {g} at (25,7) size 15x12
                    RenderSVGViewportContainer {svg} at (25,7) size 15x12
                      RenderSVGPath {polygon} at (25,7) size 15x12 [fill={[type=SOLID] [color=#000000] [opacity=0.12]}] [points="22 0 28 0 23 15 23 15"]
                RenderSVGContainer {use} at (28,17) size 12x6 [transform={m=((0.00,1.00)(-1.00,0.00)) t=(50.00,-0.00)}]
                  RenderSVGContainer {g} at (28,17) size 12x6
                    RenderSVGViewportContainer {svg} at (28,17) size 12x6
                      RenderSVGPath {polygon} at (28,17) size 12x6 [fill={[type=SOLID] [color=#000000] [opacity=0.16]}] [points="22 0 28 0 23 15 23 15"]
                RenderSVGContainer {use} at (25,21) size 15x12 [transform={m=((-0.50,0.87)(-0.87,-0.50)) t=(59.15,15.85)}]
                  RenderSVGContainer {g} at (25,21) size 15x12
                    RenderSVGViewportContainer {svg} at (25,21) size 15x12
                      RenderSVGPath {polygon} at (25,21) size 15x12 [fill={[type=SOLID] [color=#000000] [opacity=0.20]}] [points="22 0 28 0 23 15 23 15"]
                RenderSVGContainer {use} at (21,25) size 12x15 [transform={m=((-0.87,0.50)(-0.50,-0.87)) t=(59.15,34.15)}]
                  RenderSVGContainer {g} at (21,25) size 12x15
                    RenderSVGViewportContainer {svg} at (21,25) size 12x15
                      RenderSVGPath {polygon} at (21,25) size 12x15 [fill={[type=SOLID] [color=#000000] [opacity=0.24]}] [points="22 0 28 0 23 15 23 15"]
                RenderSVGContainer {use} at (17,28) size 6x12 [transform={m=((-1.00,0.00)(-0.00,-1.00)) t=(50.00,50.00)}]
                  RenderSVGContainer {g} at (17,28) size 6x12
                    RenderSVGViewportContainer {svg} at (17,28) size 6x12
                      RenderSVGPath {polygon} at (17,28) size 6x12 [fill={[type=SOLID] [color=#000000] [opacity=0.29]}] [points="22 0 28 0 23 15 23 15"]
                RenderSVGContainer {use} at (7,25) size 12x15 [transform={m=((-0.87,-0.50)(0.50,-0.87)) t=(34.15,59.15)}]
                  RenderSVGContainer {g} at (7,25) size 12x15
                    RenderSVGViewportContainer {svg} at (7,25) size 12x15
                      RenderSVGPath {polygon} at (7,25) size 12x15 [fill={[type=SOLID] [color=#000000] [opacity=0.33]}] [points="22 0 28 0 23 15 23 15"]
                RenderSVGContainer {use} at (0,21) size 15x12 [transform={m=((-0.50,-0.87)(0.87,-0.50)) t=(15.85,59.15)}]
                  RenderSVGContainer {g} at (0,21) size 15x12
                    RenderSVGViewportContainer {svg} at (0,21) size 15x12
                      RenderSVGPath {polygon} at (0,21) size 15x12 [fill={[type=SOLID] [color=#000000] [opacity=0.37]}] [points="22 0 28 0 23 15 23 15"]
                RenderSVGContainer {use} at (0,17) size 12x6 [transform={m=((-0.00,-1.00)(1.00,-0.00)) t=(0.00,50.00)}]
                  RenderSVGContainer {g} at (0,17) size 12x6
                    RenderSVGViewportContainer {svg} at (0,17) size 12x6
                      RenderSVGPath {polygon} at (0,17) size 12x6 [fill={[type=SOLID] [color=#000000] [opacity=0.41]}] [points="22 0 28 0 23 15 23 15"]
                RenderSVGContainer {use} at (0,7) size 15x12 [transform={m=((0.50,-0.87)(0.87,0.50)) t=(-9.15,34.15)}]
                  RenderSVGContainer {g} at (0,7) size 15x12
                    RenderSVGViewportContainer {svg} at (0,7) size 15x12
                      RenderSVGPath {polygon} at (0,7) size 15x12 [fill={[type=SOLID] [color=#000000] [opacity=0.45]}] [points="22 0 28 0 23 15 23 15"]
                RenderSVGContainer {use} at (7,0) size 12x15 [transform={m=((0.87,-0.50)(0.50,0.87)) t=(-9.15,15.85)}]
                  RenderSVGContainer {g} at (7,0) size 12x15
                    RenderSVGViewportContainer {svg} at (7,0) size 12x15
                      RenderSVGPath {polygon} at (7,0) size 12x15 [fill={[type=SOLID] [color=#000000] [opacity=0.50]}] [points="22 0 28 0 23 15 23 15"]
      RenderBlock {p} at (50,272) size 750x36
        RenderText {#text} at (0,14) size 43x22
          text run at (0,14) width 43: "Inline "
        RenderSVGRoot {svg:svg} at (93,288) size 30x30
          RenderSVGContainer {svg:g} at (93,288) size 30x30
            RenderSVGPath {svg:polygon} at (106,288) size 4x8 [fill={[type=SOLID] [color=#000000] [opacity=0.04]}] [points="22 0 28 0 27 12 23 12"]
            RenderSVGPath {svg:polygon} at (109,288) size 9x10 [transform={m=((0.87,0.50)(-0.50,0.87)) t=(15.85,-9.15)}] [fill={[type=SOLID] [color=#000000] [opacity=0.08]}] [points="22 0 28 0 27 12 23 12"]
            RenderSVGPath {svg:polygon} at (113,293) size 10x9 [transform={m=((0.50,0.87)(-0.87,0.50)) t=(34.15,-9.15)}] [fill={[type=SOLID] [color=#000000] [opacity=0.12]}] [points="22 0 28 0 27 12 23 12"]
            RenderSVGPath {svg:polygon} at (115,301) size 8x4 [transform={m=((0.00,1.00)(-1.00,0.00)) t=(50.00,-0.00)}] [fill={[type=SOLID] [color=#000000] [opacity=0.16]}] [points="22 0 28 0 27 12 23 12"]
            RenderSVGPath {svg:polygon} at (113,304) size 10x9 [transform={m=((-0.50,0.87)(-0.87,-0.50)) t=(59.15,15.85)}] [fill={[type=SOLID] [color=#000000] [opacity=0.20]}] [points="22 0 28 0 27 12 23 12"]
            RenderSVGPath {svg:polygon} at (109,308) size 9x10 [transform={m=((-0.87,0.50)(-0.50,-0.87)) t=(59.15,34.15)}] [fill={[type=SOLID] [color=#000000] [opacity=0.24]}] [points="22 0 28 0 27 12 23 12"]
            RenderSVGPath {svg:polygon} at (106,310) size 4x8 [transform={m=((-1.00,0.00)(-0.00,-1.00)) t=(50.00,50.00)}] [fill={[type=SOLID] [color=#000000] [opacity=0.29]}] [points="22 0 28 0 27 12 23 12"]
            RenderSVGPath {svg:polygon} at (98,308) size 9x10 [transform={m=((-0.87,-0.50)(0.50,-0.87)) t=(34.15,59.15)}] [fill={[type=SOLID] [color=#000000] [opacity=0.33]}] [points="22 0 28 0 27 12 23 12"]
            RenderSVGPath {svg:polygon} at (93,304) size 10x9 [transform={m=((-0.50,-0.87)(0.87,-0.50)) t=(15.85,59.15)}] [fill={[type=SOLID] [color=#000000] [opacity=0.37]}] [points="22 0 28 0 27 12 23 12"]
            RenderSVGPath {svg:polygon} at (93,301) size 8x4 [transform={m=((-0.00,-1.00)(1.00,-0.00)) t=(0.00,50.00)}] [fill={[type=SOLID] [color=#000000] [opacity=0.41]}] [points="22 0 28 0 27 12 23 12"]
            RenderSVGPath {svg:polygon} at (93,293) size 10x9 [transform={m=((0.50,-0.87)(0.87,0.50)) t=(-9.15,34.15)}] [fill={[type=SOLID] [color=#000000] [opacity=0.45]}] [points="22 0 28 0 27 12 23 12"]
            RenderSVGPath {svg:polygon} at (98,288) size 9x10 [transform={m=((0.87,-0.50)(0.50,0.87)) t=(-9.15,15.85)}] [fill={[type=SOLID] [color=#000000] [opacity=0.50]}] [points="22 0 28 0 27 12 23 12"]
        RenderText {#text} at (0,0) size 0x0
layer at (250,120) size 42x42
  RenderBlock (relative positioned) {div} at (0,152) size 42x42 [border: (1px solid #AAAAAA)]
