layer at (0,0) size 800x600
  RenderView at (0,0) size 800x600
layer at (0,0) size 800x58
  RenderBlock {html} at (0,0) size 800x58
    RenderBody {body} at (8,8) size 784x42
      RenderText {#text} at (0,0) size 190x21
        text run at (0,0) width 190: "This tests the behaviour of "
      RenderInline {code} at (0,0) size 187x17
        RenderText {#text} at (190,3) size 187x17
          text run at (190,3) width 187: "SVGLocatable::getScreenCTM()"
      RenderText {#text} at (377,0) size 124x21
        text run at (377,0) width 124: " in mixed content "
      RenderBR {br} at (501,0) size 0x21
      RenderText {#text} at (0,21) size 362x21
        text run at (0,21) width 362: "If the test passes you should see a green rectangle."
layer at (30,100) size 400x200
  RenderBlock (positioned) {div} at (30,100) size 400x200
    RenderSVGRoot {svg} at (30,100) size 400x200
      RenderSVGPath {rect} at (30,100) size 400x200 [fill={[type=SOLID] [color=#008000]}] [x=0.00] [y=0.00] [width=200.00] [height=100.00]
    RenderText {#text} at (0,0) size 0x0
