layer at (0,0) size 800x600
  RenderView at (0,0) size 800x600
layer at (0,0) size 800x0
  RenderBlock {html} at (0,0) size 800x0
layer at (48,38) size 722x542 layerType: background only
layer at (49,39) size 720x540
  RenderSVGRoot {svg} at (49,39) size 720x540
    RenderSVGResourceLinearGradient {linearGradient} [id="gradient"] [gradientUnits=objectBoundingBox] [start=(0,0)] [end=(1,0)]
      RenderSVGGradientStop {stop} [offset=0.00] [color=#FFFF00]
      RenderSVGGradientStop {stop} [offset=1.00] [color=#008000]
    RenderSVGPath {rect} at (49,39) size 720x540 [fill={[type=LINEAR-GRADIENT] [id="gradient"]}] [x=0.00] [y=0.00] [width=100.00] [height=100.00]
    RenderSVGPath {circle} at (193,93) size 432x432 [fill={[type=LINEAR-GRADIENT] [id="gradient"]}] [cx=50.00] [cy=50.00] [r=30.00]
layer at (48,38) size 722x542 layerType: foreground only
  RenderBody {body} at (48,38) size 722x542 [border: (1px solid #000000)]
    RenderBlock {form} at (1,1) size 720x152
      RenderFieldSet {fieldset} at (2,0) size 716x152 [border: (2px groove #C0C0C0)]
        RenderBlock {legend} at (14,0) size 89x21
          RenderText {#text} at (2,0) size 85x21
            text run at (2,0) width 85: "HTML Form"
        RenderBlock {p} at (14,42) size 688x29
          RenderInline {label} at (0,0) size 120x21
            RenderText {#text} at (0,4) size 120x21
              text run at (0,4) width 120: "Enter something:"
          RenderText {#text} at (120,4) size 4x21
            text run at (120,4) width 4: " "
          RenderTextControl {input} at (126,2) size 186x25
          RenderText {#text} at (0,0) size 0x0
        RenderBlock {p} at (14,87) size 688x37
          RenderButton {button} at (2,2) size 73x33 [bgcolor=#C0C0C0]
            RenderBlock (anonymous) at (6,6) size 61x21
              RenderText {#text} at (0,0) size 61x21
                text run at (0,0) width 61: "Activate!"
layer at (193,85) size 182x21
  RenderBlock {div} at (2,2) size 182x21
