layer at (0,0) size 800x600
  RenderView at (0,0) size 800x600
layer at (0,0) size 800x74
  RenderBlock {html} at (0,0) size 800x74
    RenderBody {body} at (8,16) size 784x42
      RenderBlock {p} at (0,0) size 784x42
        RenderText {#text} at (0,0) size 761x42
          text run at (0,0) width 761: "In the div below the text is distributed over the whole SVG area. But when you scroll around the invisible text"
          text run at (0,21) width 211: "does not appear (Bug 12163)."
layer at (10,74) size 502x502 clip at (11,75) size 484x484 scrollY 550 scrollWidth 5000 scrollHeight 5005
  RenderBlock (positioned) {div} at (10,74) size 502x502 [border: (1px solid #AAAAAA)]
    RenderSVGRoot {svg} at (11,74) size 501x502
      RenderSVGText {text} at (0,0) size 87x26 contains 1 chunk(s)
        RenderSVGInlineText {#text} at (0,0) size 87x26
          chunk 1 text run 1 at (0.00,20.00) startOffset 0 endOffset 11 width 87.00: "just a text"
      RenderSVGText {text} at (100,0) size 87x26 contains 1 chunk(s)
        RenderSVGInlineText {#text} at (0,0) size 87x26
          chunk 1 text run 1 at (100.00,20.00) startOffset 0 endOffset 11 width 87.00: "just a text"
      RenderSVGText {text} at (200,0) size 87x26 contains 1 chunk(s)
        RenderSVGInlineText {#text} at (0,0) size 87x26
          chunk 1 text run 1 at (200.00,20.00) startOffset 0 endOffset 11 width 87.00: "just a text"
      RenderSVGText {text} at (300,0) size 87x26 contains 1 chunk(s)
        RenderSVGInlineText {#text} at (0,0) size 87x26
          chunk 1 text run 1 at (300.00,20.00) startOffset 0 endOffset 11 width 87.00: "just a text"
      RenderSVGText {text} at (400,0) size 87x26 contains 1 chunk(s)
        RenderSVGInlineText {#text} at (0,0) size 87x26
          chunk 1 text run 1 at (400.00,20.00) startOffset 0 endOffset 11 width 87.00: "just a text"
      RenderSVGText {text} at (500,0) size 87x26 contains 1 chunk(s)
        RenderSVGInlineText {#text} at (0,0) size 87x26
          chunk 1 text run 1 at (500.00,20.00) startOffset 0 endOffset 11 width 87.00: "just a text"
      RenderSVGText {text} at (600,0) size 87x26 contains 1 chunk(s)
        RenderSVGInlineText {#text} at (0,0) size 87x26
          chunk 1 text run 1 at (600.00,20.00) startOffset 0 endOffset 11 width 87.00: "just a text"
      RenderSVGText {text} at (700,0) size 87x26 contains 1 chunk(s)
        RenderSVGInlineText {#text} at (0,0) size 87x26
          chunk 1 text run 1 at (700.00,20.00) startOffset 0 endOffset 11 width 87.00: "just a text"
      RenderSVGText {text} at (800,0) size 87x26 contains 1 chunk(s)
        RenderSVGInlineText {#text} at (0,0) size 87x26
          chunk 1 text run 1 at (800.00,20.00) startOffset 0 endOffset 11 width 87.00: "just a text"
      RenderSVGText {text} at (900,0) size 87x26 contains 1 chunk(s)
        RenderSVGInlineText {#text} at (0,0) size 87x26
          chunk 1 text run 1 at (900.00,20.00) startOffset 0 endOffset 11 width 87.00: "just a text"
      RenderSVGText {text} at (1000,0) size 87x26 contains 1 chunk(s)
        RenderSVGInlineText {#text} at (0,0) size 87x26
          chunk 1 text run 1 at (1000.00,20.00) startOffset 0 endOffset 11 width 87.00: "just a text"
      RenderSVGText {text} at (1100,0) size 87x26 contains 1 chunk(s)
        RenderSVGInlineText {#text} at (0,0) size 87x26
          chunk 1 text run 1 at (1100.00,20.00) startOffset 0 endOffset 11 width 87.00: "just a text"
      RenderSVGText {text} at (1200,0) size 87x26 contains 1 chunk(s)
        RenderSVGInlineText {#text} at (0,0) size 87x26
          chunk 1 text run 1 at (1200.00,20.00) startOffset 0 endOffset 11 width 87.00: "just a text"
      RenderSVGText {text} at (1300,0) size 87x26 contains 1 chunk(s)
        RenderSVGInlineText {#text} at (0,0) size 87x26
          chunk 1 text run 1 at (1300.00,20.00) startOffset 0 endOffset 11 width 87.00: "just a text"
      RenderSVGText {text} at (1400,0) size 87x26 contains 1 chunk(s)
        RenderSVGInlineText {#text} at (0,0) size 87x26
          chunk 1 text run 1 at (1400.00,20.00) startOffset 0 endOffset 11 width 87.00: "just a text"
      RenderSVGText {text} at (1500,0) size 87x26 contains 1 chunk(s)
        RenderSVGInlineText {#text} at (0,0) size 87x26
          chunk 1 text run 1 at (1500.00,20.00) startOffset 0 endOffset 11 width 87.00: "just a text"
      RenderSVGText {text} at (1600,0) size 87x26 contains 1 chunk(s)
        RenderSVGInlineText {#text} at (0,0) size 87x26
          chunk 1 text run 1 at (1600.00,20.00) startOffset 0 endOffset 11 width 87.00: "just a text"
      RenderSVGText {text} at (1700,0) size 87x26 contains 1 chunk(s)
        RenderSVGInlineText {#text} at (0,0) size 87x26
          chunk 1 text run 1 at (1700.00,20.00) startOffset 0 endOffset 11 width 87.00: "just a text"
      RenderSVGText {text} at (1800,0) size 87x26 contains 1 chunk(s)
        RenderSVGInlineText {#text} at (0,0) size 87x26
          chunk 1 text run 1 at (1800.00,20.00) startOffset 0 endOffset 11 width 87.00: "just a text"
      RenderSVGText {text} at (1900,0) size 87x26 contains 1 chunk(s)
        RenderSVGInlineText {#text} at (0,0) size 87x26
          chunk 1 text run 1 at (1900.00,20.00) startOffset 0 endOffset 11 width 87.00: "just a text"
      RenderSVGText {text} at (2000,0) size 87x26 contains 1 chunk(s)
        RenderSVGInlineText {#text} at (0,0) size 87x26
          chunk 1 text run 1 at (2000.00,20.00) startOffset 0 endOffset 11 width 87.00: "just a text"
      RenderSVGText {text} at (2100,0) size 87x26 contains 1 chunk(s)
        RenderSVGInlineText {#text} at (0,0) size 87x26
          chunk 1 text run 1 at (2100.00,20.00) startOffset 0 endOffset 11 width 87.00: "just a text"
      RenderSVGText {text} at (2200,0) size 87x26 contains 1 chunk(s)
        RenderSVGInlineText {#text} at (0,0) size 87x26
          chunk 1 text run 1 at (2200.00,20.00) startOffset 0 endOffset 11 width 87.00: "just a text"
      RenderSVGText {text} at (2300,0) size 87x26 contains 1 chunk(s)
        RenderSVGInlineText {#text} at (0,0) size 87x26
          chunk 1 text run 1 at (2300.00,20.00) startOffset 0 endOffset 11 width 87.00: "just a text"
      RenderSVGText {text} at (2400,0) size 87x26 contains 1 chunk(s)
        RenderSVGInlineText {#text} at (0,0) size 87x26
          chunk 1 text run 1 at (2400.00,20.00) startOffset 0 endOffset 11 width 87.00: "just a text"
      RenderSVGText {text} at (2500,0) size 87x26 contains 1 chunk(s)
        RenderSVGInlineText {#text} at (0,0) size 87x26
          chunk 1 text run 1 at (2500.00,20.00) startOffset 0 endOffset 11 width 87.00: "just a text"
      RenderSVGText {text} at (2600,0) size 87x26 contains 1 chunk(s)
        RenderSVGInlineText {#text} at (0,0) size 87x26
          chunk 1 text run 1 at (2600.00,20.00) startOffset 0 endOffset 11 width 87.00: "just a text"
      RenderSVGText {text} at (2700,0) size 87x26 contains 1 chunk(s)
        RenderSVGInlineText {#text} at (0,0) size 87x26
          chunk 1 text run 1 at (2700.00,20.00) startOffset 0 endOffset 11 width 87.00: "just a text"
      RenderSVGText {text} at (2800,0) size 87x26 contains 1 chunk(s)
        RenderSVGInlineText {#text} at (0,0) size 87x26
          chunk 1 text run 1 at (2800.00,20.00) startOffset 0 endOffset 11 width 87.00: "just a text"
      RenderSVGText {text} at (2900,0) size 87x26 contains 1 chunk(s)
        RenderSVGInlineText {#text} at (0,0) size 87x26
          chunk 1 text run 1 at (2900.00,20.00) startOffset 0 endOffset 11 width 87.00: "just a text"
      RenderSVGText {text} at (3000,0) size 87x26 contains 1 chunk(s)
        RenderSVGInlineText {#text} at (0,0) size 87x26
          chunk 1 text run 1 at (3000.00,20.00) startOffset 0 endOffset 11 width 87.00: "just a text"
      RenderSVGText {text} at (3100,0) size 87x26 contains 1 chunk(s)
        RenderSVGInlineText {#text} at (0,0) size 87x26
          chunk 1 text run 1 at (3100.00,20.00) startOffset 0 endOffset 11 width 87.00: "just a text"
      RenderSVGText {text} at (3200,0) size 87x26 contains 1 chunk(s)
        RenderSVGInlineText {#text} at (0,0) size 87x26
          chunk 1 text run 1 at (3200.00,20.00) startOffset 0 endOffset 11 width 87.00: "just a text"
      RenderSVGText {text} at (3300,0) size 87x26 contains 1 chunk(s)
        RenderSVGInlineText {#text} at (0,0) size 87x26
          chunk 1 text run 1 at (3300.00,20.00) startOffset 0 endOffset 11 width 87.00: "just a text"
      RenderSVGText {text} at (3400,0) size 87x26 contains 1 chunk(s)
        RenderSVGInlineText {#text} at (0,0) size 87x26
          chunk 1 text run 1 at (3400.00,20.00) startOffset 0 endOffset 11 width 87.00: "just a text"
      RenderSVGText {text} at (3500,0) size 87x26 contains 1 chunk(s)
        RenderSVGInlineText {#text} at (0,0) size 87x26
          chunk 1 text run 1 at (3500.00,20.00) startOffset 0 endOffset 11 width 87.00: "just a text"
      RenderSVGText {text} at (3600,0) size 87x26 contains 1 chunk(s)
        RenderSVGInlineText {#text} at (0,0) size 87x26
          chunk 1 text run 1 at (3600.00,20.00) startOffset 0 endOffset 11 width 87.00: "just a text"
      RenderSVGText {text} at (3700,0) size 87x26 contains 1 chunk(s)
        RenderSVGInlineText {#text} at (0,0) size 87x26
          chunk 1 text run 1 at (3700.00,20.00) startOffset 0 endOffset 11 width 87.00: "just a text"
      RenderSVGText {text} at (3800,0) size 87x26 contains 1 chunk(s)
        RenderSVGInlineText {#text} at (0,0) size 87x26
          chunk 1 text run 1 at (3800.00,20.00) startOffset 0 endOffset 11 width 87.00: "just a text"
      RenderSVGText {text} at (3900,0) size 87x26 contains 1 chunk(s)
        RenderSVGInlineText {#text} at (0,0) size 87x26
          chunk 1 text run 1 at (3900.00,20.00) startOffset 0 endOffset 11 width 87.00: "just a text"
      RenderSVGText {text} at (4000,0) size 87x26 contains 1 chunk(s)
        RenderSVGInlineText {#text} at (0,0) size 87x26
          chunk 1 text run 1 at (4000.00,20.00) startOffset 0 endOffset 11 width 87.00: "just a text"
      RenderSVGText {text} at (4100,0) size 87x26 contains 1 chunk(s)
        RenderSVGInlineText {#text} at (0,0) size 87x26
          chunk 1 text run 1 at (4100.00,20.00) startOffset 0 endOffset 11 width 87.00: "just a text"
      RenderSVGText {text} at (4200,0) size 87x26 contains 1 chunk(s)
        RenderSVGInlineText {#text} at (0,0) size 87x26
          chunk 1 text run 1 at (4200.00,20.00) startOffset 0 endOffset 11 width 87.00: "just a text"
      RenderSVGText {text} at (4300,0) size 87x26 contains 1 chunk(s)
        RenderSVGInlineText {#text} at (0,0) size 87x26
          chunk 1 text run 1 at (4300.00,20.00) startOffset 0 endOffset 11 width 87.00: "just a text"
      RenderSVGText {text} at (4400,0) size 87x26 contains 1 chunk(s)
        RenderSVGInlineText {#text} at (0,0) size 87x26
          chunk 1 text run 1 at (4400.00,20.00) startOffset 0 endOffset 11 width 87.00: "just a text"
      RenderSVGText {text} at (4500,0) size 87x26 contains 1 chunk(s)
        RenderSVGInlineText {#text} at (0,0) size 87x26
          chunk 1 text run 1 at (4500.00,20.00) startOffset 0 endOffset 11 width 87.00: "just a text"
      RenderSVGText {text} at (4600,0) size 87x26 contains 1 chunk(s)
        RenderSVGInlineText {#text} at (0,0) size 87x26
          chunk 1 text run 1 at (4600.00,20.00) startOffset 0 endOffset 11 width 87.00: "just a text"
      RenderSVGText {text} at (4700,0) size 87x26 contains 1 chunk(s)
        RenderSVGInlineText {#text} at (0,0) size 87x26
          chunk 1 text run 1 at (4700.00,20.00) startOffset 0 endOffset 11 width 87.00: "just a text"
      RenderSVGText {text} at (4800,0) size 87x26 contains 1 chunk(s)
        RenderSVGInlineText {#text} at (0,0) size 87x26
          chunk 1 text run 1 at (4800.00,20.00) startOffset 0 endOffset 11 width 87.00: "just a text"
      RenderSVGText {text} at (4900,0) size 87x26 contains 1 chunk(s)
        RenderSVGInlineText {#text} at (0,0) size 87x26
          chunk 1 text run 1 at (4900.00,20.00) startOffset 0 endOffset 11 width 87.00: "just a text"
      RenderSVGText {text} at (0,100) size 87x26 contains 1 chunk(s)
        RenderSVGInlineText {#text} at (0,0) size 87x26
          chunk 1 text run 1 at (0.00,120.00) startOffset 0 endOffset 11 width 87.00: "just a text"
      RenderSVGText {text} at (100,100) size 87x26 contains 1 chunk(s)
        RenderSVGInlineText {#text} at (0,0) size 87x26
          chunk 1 text run 1 at (100.00,120.00) startOffset 0 endOffset 11 width 87.00: "just a text"
      RenderSVGText {text} at (200,100) size 87x26 contains 1 chunk(s)
        RenderSVGInlineText {#text} at (0,0) size 87x26
          chunk 1 text run 1 at (200.00,120.00) startOffset 0 endOffset 11 width 87.00: "just a text"
      RenderSVGText {text} at (300,100) size 87x26 contains 1 chunk(s)
        RenderSVGInlineText {#text} at (0,0) size 87x26
          chunk 1 text run 1 at (300.00,120.00) startOffset 0 endOffset 11 width 87.00: "just a text"
      RenderSVGText {text} at (400,100) size 87x26 contains 1 chunk(s)
        RenderSVGInlineText {#text} at (0,0) size 87x26
          chunk 1 text run 1 at (400.00,120.00) startOffset 0 endOffset 11 width 87.00: "just a text"
      RenderSVGText {text} at (500,100) size 87x26 contains 1 chunk(s)
        RenderSVGInlineText {#text} at (0,0) size 87x26
          chunk 1 text run 1 at (500.00,120.00) startOffset 0 endOffset 11 width 87.00: "just a text"
      RenderSVGText {text} at (600,100) size 87x26 contains 1 chunk(s)
        RenderSVGInlineText {#text} at (0,0) size 87x26
          chunk 1 text run 1 at (600.00,120.00) startOffset 0 endOffset 11 width 87.00: "just a text"
      RenderSVGText {text} at (700,100) size 87x26 contains 1 chunk(s)
        RenderSVGInlineText {#text} at (0,0) size 87x26
          chunk 1 text run 1 at (700.00,120.00) startOffset 0 endOffset 11 width 87.00: "just a text"
      RenderSVGText {text} at (800,100) size 87x26 contains 1 chunk(s)
        RenderSVGInlineText {#text} at (0,0) size 87x26
          chunk 1 text run 1 at (800.00,120.00) startOffset 0 endOffset 11 width 87.00: "just a text"
      RenderSVGText {text} at (900,100) size 87x26 contains 1 chunk(s)
        RenderSVGInlineText {#text} at (0,0) size 87x26
          chunk 1 text run 1 at (900.00,120.00) startOffset 0 endOffset 11 width 87.00: "just a text"
      RenderSVGText {text} at (1000,100) size 87x26 contains 1 chunk(s)
        RenderSVGInlineText {#text} at (0,0) size 87x26
          chunk 1 text run 1 at (1000.00,120.00) startOffset 0 endOffset 11 width 87.00: "just a text"
      RenderSVGText {text} at (1100,100) size 87x26 contains 1 chunk(s)
        RenderSVGInlineText {#text} at (0,0) size 87x26
          chunk 1 text run 1 at (1100.00,120.00) startOffset 0 endOffset 11 width 87.00: "just a text"
      RenderSVGText {text} at (1200,100) size 87x26 contains 1 chunk(s)
        RenderSVGInlineText {#text} at (0,0) size 87x26
          chunk 1 text run 1 at (1200.00,120.00) startOffset 0 endOffset 11 width 87.00: "just a text"
      RenderSVGText {text} at (1300,100) size 87x26 contains 1 chunk(s)
        RenderSVGInlineText {#text} at (0,0) size 87x26
          chunk 1 text run 1 at (1300.00,120.00) startOffset 0 endOffset 11 width 87.00: "just a text"
      RenderSVGText {text} at (1400,100) size 87x26 contains 1 chunk(s)
        RenderSVGInlineText {#text} at (0,0) size 87x26
          chunk 1 text run 1 at (1400.00,120.00) startOffset 0 endOffset 11 width 87.00: "just a text"
      RenderSVGText {text} at (1500,100) size 87x26 contains 1 chunk(s)
        RenderSVGInlineText {#text} at (0,0) size 87x26
          chunk 1 text run 1 at (1500.00,120.00) startOffset 0 endOffset 11 width 87.00: "just a text"
      RenderSVGText {text} at (1600,100) size 87x26 contains 1 chunk(s)
        RenderSVGInlineText {#text} at (0,0) size 87x26
          chunk 1 text run 1 at (1600.00,120.00) startOffset 0 endOffset 11 width 87.00: "just a text"
      RenderSVGText {text} at (1700,100) size 87x26 contains 1 chunk(s)
        RenderSVGInlineText {#text} at (0,0) size 87x26
          chunk 1 text run 1 at (1700.00,120.00) startOffset 0 endOffset 11 width 87.00: "just a text"
      RenderSVGText {text} at (1800,100) size 87x26 contains 1 chunk(s)
        RenderSVGInlineText {#text} at (0,0) size 87x26
          chunk 1 text run 1 at (1800.00,120.00) startOffset 0 endOffset 11 width 87.00: "just a text"
      RenderSVGText {text} at (1900,100) size 87x26 contains 1 chunk(s)
        RenderSVGInlineText {#text} at (0,0) size 87x26
          chunk 1 text run 1 at (1900.00,120.00) startOffset 0 endOffset 11 width 87.00: "just a text"
      RenderSVGText {text} at (2000,100) size 87x26 contains 1 chunk(s)
        RenderSVGInlineText {#text} at (0,0) size 87x26
          chunk 1 text run 1 at (2000.00,120.00) startOffset 0 endOffset 11 width 87.00: "just a text"
      RenderSVGText {text} at (2100,100) size 87x26 contains 1 chunk(s)
        RenderSVGInlineText {#text} at (0,0) size 87x26
          chunk 1 text run 1 at (2100.00,120.00) startOffset 0 endOffset 11 width 87.00: "just a text"
      RenderSVGText {text} at (2200,100) size 87x26 contains 1 chunk(s)
        RenderSVGInlineText {#text} at (0,0) size 87x26
          chunk 1 text run 1 at (2200.00,120.00) startOffset 0 endOffset 11 width 87.00: "just a text"
      RenderSVGText {text} at (2300,100) size 87x26 contains 1 chunk(s)
        RenderSVGInlineText {#text} at (0,0) size 87x26
          chunk 1 text run 1 at (2300.00,120.00) startOffset 0 endOffset 11 width 87.00: "just a text"
      RenderSVGText {text} at (2400,100) size 87x26 contains 1 chunk(s)
        RenderSVGInlineText {#text} at (0,0) size 87x26
          chunk 1 text run 1 at (2400.00,120.00) startOffset 0 endOffset 11 width 87.00: "just a text"
      RenderSVGText {text} at (2500,100) size 87x26 contains 1 chunk(s)
        RenderSVGInlineText {#text} at (0,0) size 87x26
          chunk 1 text run 1 at (2500.00,120.00) startOffset 0 endOffset 11 width 87.00: "just a text"
      RenderSVGText {text} at (2600,100) size 87x26 contains 1 chunk(s)
        RenderSVGInlineText {#text} at (0,0) size 87x26
          chunk 1 text run 1 at (2600.00,120.00) startOffset 0 endOffset 11 width 87.00: "just a text"
      RenderSVGText {text} at (2700,100) size 87x26 contains 1 chunk(s)
        RenderSVGInlineText {#text} at (0,0) size 87x26
          chunk 1 text run 1 at (2700.00,120.00) startOffset 0 endOffset 11 width 87.00: "just a text"
      RenderSVGText {text} at (2800,100) size 87x26 contains 1 chunk(s)
        RenderSVGInlineText {#text} at (0,0) size 87x26
          chunk 1 text run 1 at (2800.00,120.00) startOffset 0 endOffset 11 width 87.00: "just a text"
      RenderSVGText {text} at (2900,100) size 87x26 contains 1 chunk(s)
        RenderSVGInlineText {#text} at (0,0) size 87x26
          chunk 1 text run 1 at (2900.00,120.00) startOffset 0 endOffset 11 width 87.00: "just a text"
      RenderSVGText {text} at (3000,100) size 87x26 contains 1 chunk(s)
        RenderSVGInlineText {#text} at (0,0) size 87x26
          chunk 1 text run 1 at (3000.00,120.00) startOffset 0 endOffset 11 width 87.00: "just a text"
      RenderSVGText {text} at (3100,100) size 87x26 contains 1 chunk(s)
        RenderSVGInlineText {#text} at (0,0) size 87x26
          chunk 1 text run 1 at (3100.00,120.00) startOffset 0 endOffset 11 width 87.00: "just a text"
      RenderSVGText {text} at (3200,100) size 87x26 contains 1 chunk(s)
        RenderSVGInlineText {#text} at (0,0) size 87x26
          chunk 1 text run 1 at (3200.00,120.00) startOffset 0 endOffset 11 width 87.00: "just a text"
      RenderSVGText {text} at (3300,100) size 87x26 contains 1 chunk(s)
        RenderSVGInlineText {#text} at (0,0) size 87x26
          chunk 1 text run 1 at (3300.00,120.00) startOffset 0 endOffset 11 width 87.00: "just a text"
      RenderSVGText {text} at (3400,100) size 87x26 contains 1 chunk(s)
        RenderSVGInlineText {#text} at (0,0) size 87x26
          chunk 1 text run 1 at (3400.00,120.00) startOffset 0 endOffset 11 width 87.00: "just a text"
      RenderSVGText {text} at (3500,100) size 87x26 contains 1 chunk(s)
        RenderSVGInlineText {#text} at (0,0) size 87x26
          chunk 1 text run 1 at (3500.00,120.00) startOffset 0 endOffset 11 width 87.00: "just a text"
      RenderSVGText {text} at (3600,100) size 87x26 contains 1 chunk(s)
        RenderSVGInlineText {#text} at (0,0) size 87x26
          chunk 1 text run 1 at (3600.00,120.00) startOffset 0 endOffset 11 width 87.00: "just a text"
      RenderSVGText {text} at (3700,100) size 87x26 contains 1 chunk(s)
        RenderSVGInlineText {#text} at (0,0) size 87x26
          chunk 1 text run 1 at (3700.00,120.00) startOffset 0 endOffset 11 width 87.00: "just a text"
      RenderSVGText {text} at (3800,100) size 87x26 contains 1 chunk(s)
        RenderSVGInlineText {#text} at (0,0) size 87x26
          chunk 1 text run 1 at (3800.00,120.00) startOffset 0 endOffset 11 width 87.00: "just a text"
      RenderSVGText {text} at (3900,100) size 87x26 contains 1 chunk(s)
        RenderSVGInlineText {#text} at (0,0) size 87x26
          chunk 1 text run 1 at (3900.00,120.00) startOffset 0 endOffset 11 width 87.00: "just a text"
      RenderSVGText {text} at (4000,100) size 87x26 contains 1 chunk(s)
        RenderSVGInlineText {#text} at (0,0) size 87x26
          chunk 1 text run 1 at (4000.00,120.00) startOffset 0 endOffset 11 width 87.00: "just a text"
      RenderSVGText {text} at (4100,100) size 87x26 contains 1 chunk(s)
        RenderSVGInlineText {#text} at (0,0) size 87x26
          chunk 1 text run 1 at (4100.00,120.00) startOffset 0 endOffset 11 width 87.00: "just a text"
      RenderSVGText {text} at (4200,100) size 87x26 contains 1 chunk(s)
        RenderSVGInlineText {#text} at (0,0) size 87x26
          chunk 1 text run 1 at (4200.00,120.00) startOffset 0 endOffset 11 width 87.00: "just a text"
      RenderSVGText {text} at (4300,100) size 87x26 contains 1 chunk(s)
        RenderSVGInlineText {#text} at (0,0) size 87x26
          chunk 1 text run 1 at (4300.00,120.00) startOffset 0 endOffset 11 width 87.00: "just a text"
      RenderSVGText {text} at (4400,100) size 87x26 contains 1 chunk(s)
        RenderSVGInlineText {#text} at (0,0) size 87x26
          chunk 1 text run 1 at (4400.00,120.00) startOffset 0 endOffset 11 width 87.00: "just a text"
      RenderSVGText {text} at (4500,100) size 87x26 contains 1 chunk(s)
        RenderSVGInlineText {#text} at (0,0) size 87x26
          chunk 1 text run 1 at (4500.00,120.00) startOffset 0 endOffset 11 width 87.00: "just a text"
      RenderSVGText {text} at (4600,100) size 87x26 contains 1 chunk(s)
        RenderSVGInlineText {#text} at (0,0) size 87x26
          chunk 1 text run 1 at (4600.00,120.00) startOffset 0 endOffset 11 width 87.00: "just a text"
      RenderSVGText {text} at (4700,100) size 87x26 contains 1 chunk(s)
        RenderSVGInlineText {#text} at (0,0) size 87x26
          chunk 1 text run 1 at (4700.00,120.00) startOffset 0 endOffset 11 width 87.00: "just a text"
      RenderSVGText {text} at (4800,100) size 87x26 contains 1 chunk(s)
        RenderSVGInlineText {#text} at (0,0) size 87x26
          chunk 1 text run 1 at (4800.00,120.00) startOffset 0 endOffset 11 width 87.00: "just a text"
      RenderSVGText {text} at (4900,100) size 87x26 contains 1 chunk(s)
        RenderSVGInlineText {#text} at (0,0) size 87x26
          chunk 1 text run 1 at (4900.00,120.00) startOffset 0 endOffset 11 width 87.00: "just a text"
      RenderSVGText {text} at (0,200) size 87x26 contains 1 chunk(s)
        RenderSVGInlineText {#text} at (0,0) size 87x26
          chunk 1 text run 1 at (0.00,220.00) startOffset 0 endOffset 11 width 87.00: "just a text"
      RenderSVGText {text} at (100,200) size 87x26 contains 1 chunk(s)
        RenderSVGInlineText {#text} at (0,0) size 87x26
          chunk 1 text run 1 at (100.00,220.00) startOffset 0 endOffset 11 width 87.00: "just a text"
      RenderSVGText {text} at (200,200) size 87x26 contains 1 chunk(s)
        RenderSVGInlineText {#text} at (0,0) size 87x26
          chunk 1 text run 1 at (200.00,220.00) startOffset 0 endOffset 11 width 87.00: "just a text"
      RenderSVGText {text} at (300,200) size 87x26 contains 1 chunk(s)
        RenderSVGInlineText {#text} at (0,0) size 87x26
          chunk 1 text run 1 at (300.00,220.00) startOffset 0 endOffset 11 width 87.00: "just a text"
      RenderSVGText {text} at (400,200) size 87x26 contains 1 chunk(s)
        RenderSVGInlineText {#text} at (0,0) size 87x26
          chunk 1 text run 1 at (400.00,220.00) startOffset 0 endOffset 11 width 87.00: "just a text"
      RenderSVGText {text} at (500,200) size 87x26 contains 1 chunk(s)
        RenderSVGInlineText {#text} at (0,0) size 87x26
          chunk 1 text run 1 at (500.00,220.00) startOffset 0 endOffset 11 width 87.00: "just a text"
      RenderSVGText {text} at (600,200) size 87x26 contains 1 chunk(s)
        RenderSVGInlineText {#text} at (0,0) size 87x26
          chunk 1 text run 1 at (600.00,220.00) startOffset 0 endOffset 11 width 87.00: "just a text"
      RenderSVGText {text} at (700,200) size 87x26 contains 1 chunk(s)
        RenderSVGInlineText {#text} at (0,0) size 87x26
          chunk 1 text run 1 at (700.00,220.00) startOffset 0 endOffset 11 width 87.00: "just a text"
      RenderSVGText {text} at (800,200) size 87x26 contains 1 chunk(s)
        RenderSVGInlineText {#text} at (0,0) size 87x26
          chunk 1 text run 1 at (800.00,220.00) startOffset 0 endOffset 11 width 87.00: "just a text"
      RenderSVGText {text} at (900,200) size 87x26 contains 1 chunk(s)
        RenderSVGInlineText {#text} at (0,0) size 87x26
          chunk 1 text run 1 at (900.00,220.00) startOffset 0 endOffset 11 width 87.00: "just a text"
      RenderSVGText {text} at (1000,200) size 87x26 contains 1 chunk(s)
        RenderSVGInlineText {#text} at (0,0) size 87x26
          chunk 1 text run 1 at (1000.00,220.00) startOffset 0 endOffset 11 width 87.00: "just a text"
      RenderSVGText {text} at (1100,200) size 87x26 contains 1 chunk(s)
        RenderSVGInlineText {#text} at (0,0) size 87x26
          chunk 1 text run 1 at (1100.00,220.00) startOffset 0 endOffset 11 width 87.00: "just a text"
      RenderSVGText {text} at (1200,200) size 87x26 contains 1 chunk(s)
        RenderSVGInlineText {#text} at (0,0) size 87x26
          chunk 1 text run 1 at (1200.00,220.00) startOffset 0 endOffset 11 width 87.00: "just a text"
      RenderSVGText {text} at (1300,200) size 87x26 contains 1 chunk(s)
        RenderSVGInlineText {#text} at (0,0) size 87x26
          chunk 1 text run 1 at (1300.00,220.00) startOffset 0 endOffset 11 width 87.00: "just a text"
      RenderSVGText {text} at (1400,200) size 87x26 contains 1 chunk(s)
        RenderSVGInlineText {#text} at (0,0) size 87x26
          chunk 1 text run 1 at (1400.00,220.00) startOffset 0 endOffset 11 width 87.00: "just a text"
      RenderSVGText {text} at (1500,200) size 87x26 contains 1 chunk(s)
        RenderSVGInlineText {#text} at (0,0) size 87x26
          chunk 1 text run 1 at (1500.00,220.00) startOffset 0 endOffset 11 width 87.00: "just a text"
      RenderSVGText {text} at (1600,200) size 87x26 contains 1 chunk(s)
        RenderSVGInlineText {#text} at (0,0) size 87x26
          chunk 1 text run 1 at (1600.00,220.00) startOffset 0 endOffset 11 width 87.00: "just a text"
      RenderSVGText {text} at (1700,200) size 87x26 contains 1 chunk(s)
        RenderSVGInlineText {#text} at (0,0) size 87x26
          chunk 1 text run 1 at (1700.00,220.00) startOffset 0 endOffset 11 width 87.00: "just a text"
      RenderSVGText {text} at (1800,200) size 87x26 contains 1 chunk(s)
        RenderSVGInlineText {#text} at (0,0) size 87x26
          chunk 1 text run 1 at (1800.00,220.00) startOffset 0 endOffset 11 width 87.00: "just a text"
      RenderSVGText {text} at (1900,200) size 87x26 contains 1 chunk(s)
        RenderSVGInlineText {#text} at (0,0) size 87x26
          chunk 1 text run 1 at (1900.00,220.00) startOffset 0 endOffset 11 width 87.00: "just a text"
      RenderSVGText {text} at (2000,200) size 87x26 contains 1 chunk(s)
        RenderSVGInlineText {#text} at (0,0) size 87x26
          chunk 1 text run 1 at (2000.00,220.00) startOffset 0 endOffset 11 width 87.00: "just a text"
      RenderSVGText {text} at (2100,200) size 87x26 contains 1 chunk(s)
        RenderSVGInlineText {#text} at (0,0) size 87x26
          chunk 1 text run 1 at (2100.00,220.00) startOffset 0 endOffset 11 width 87.00: "just a text"
      RenderSVGText {text} at (2200,200) size 87x26 contains 1 chunk(s)
        RenderSVGInlineText {#text} at (0,0) size 87x26
          chunk 1 text run 1 at (2200.00,220.00) startOffset 0 endOffset 11 width 87.00: "just a text"
      RenderSVGText {text} at (2300,200) size 87x26 contains 1 chunk(s)
        RenderSVGInlineText {#text} at (0,0) size 87x26
          chunk 1 text run 1 at (2300.00,220.00) startOffset 0 endOffset 11 width 87.00: "just a text"
      RenderSVGText {text} at (2400,200) size 87x26 contains 1 chunk(s)
        RenderSVGInlineText {#text} at (0,0) size 87x26
          chunk 1 text run 1 at (2400.00,220.00) startOffset 0 endOffset 11 width 87.00: "just a text"
      RenderSVGText {text} at (2500,200) size 87x26 contains 1 chunk(s)
        RenderSVGInlineText {#text} at (0,0) size 87x26
          chunk 1 text run 1 at (2500.00,220.00) startOffset 0 endOffset 11 width 87.00: "just a text"
      RenderSVGText {text} at (2600,200) size 87x26 contains 1 chunk(s)
        RenderSVGInlineText {#text} at (0,0) size 87x26
          chunk 1 text run 1 at (2600.00,220.00) startOffset 0 endOffset 11 width 87.00: "just a text"
      RenderSVGText {text} at (2700,200) size 87x26 contains 1 chunk(s)
        RenderSVGInlineText {#text} at (0,0) size 87x26
          chunk 1 text run 1 at (2700.00,220.00) startOffset 0 endOffset 11 width 87.00: "just a text"
      RenderSVGText {text} at (2800,200) size 87x26 contains 1 chunk(s)
        RenderSVGInlineText {#text} at (0,0) size 87x26
          chunk 1 text run 1 at (2800.00,220.00) startOffset 0 endOffset 11 width 87.00: "just a text"
      RenderSVGText {text} at (2900,200) size 87x26 contains 1 chunk(s)
        RenderSVGInlineText {#text} at (0,0) size 87x26
          chunk 1 text run 1 at (2900.00,220.00) startOffset 0 endOffset 11 width 87.00: "just a text"
      RenderSVGText {text} at (3000,200) size 87x26 contains 1 chunk(s)
        RenderSVGInlineText {#text} at (0,0) size 87x26
          chunk 1 text run 1 at (3000.00,220.00) startOffset 0 endOffset 11 width 87.00: "just a text"
      RenderSVGText {text} at (3100,200) size 87x26 contains 1 chunk(s)
        RenderSVGInlineText {#text} at (0,0) size 87x26
          chunk 1 text run 1 at (3100.00,220.00) startOffset 0 endOffset 11 width 87.00: "just a text"
      RenderSVGText {text} at (3200,200) size 87x26 contains 1 chunk(s)
        RenderSVGInlineText {#text} at (0,0) size 87x26
          chunk 1 text run 1 at (3200.00,220.00) startOffset 0 endOffset 11 width 87.00: "just a text"
      RenderSVGText {text} at (3300,200) size 87x26 contains 1 chunk(s)
        RenderSVGInlineText {#text} at (0,0) size 87x26
          chunk 1 text run 1 at (3300.00,220.00) startOffset 0 endOffset 11 width 87.00: "just a text"
      RenderSVGText {text} at (3400,200) size 87x26 contains 1 chunk(s)
        RenderSVGInlineText {#text} at (0,0) size 87x26
          chunk 1 text run 1 at (3400.00,220.00) startOffset 0 endOffset 11 width 87.00: "just a text"
      RenderSVGText {text} at (3500,200) size 87x26 contains 1 chunk(s)
        RenderSVGInlineText {#text} at (0,0) size 87x26
          chunk 1 text run 1 at (3500.00,220.00) startOffset 0 endOffset 11 width 87.00: "just a text"
      RenderSVGText {text} at (3600,200) size 87x26 contains 1 chunk(s)
        RenderSVGInlineText {#text} at (0,0) size 87x26
          chunk 1 text run 1 at (3600.00,220.00) startOffset 0 endOffset 11 width 87.00: "just a text"
      RenderSVGText {text} at (3700,200) size 87x26 contains 1 chunk(s)
        RenderSVGInlineText {#text} at (0,0) size 87x26
          chunk 1 text run 1 at (3700.00,220.00) startOffset 0 endOffset 11 width 87.00: "just a text"
      RenderSVGText {text} at (3800,200) size 87x26 contains 1 chunk(s)
        RenderSVGInlineText {#text} at (0,0) size 87x26
          chunk 1 text run 1 at (3800.00,220.00) startOffset 0 endOffset 11 width 87.00: "just a text"
      RenderSVGText {text} at (3900,200) size 87x26 contains 1 chunk(s)
        RenderSVGInlineText {#text} at (0,0) size 87x26
          chunk 1 text run 1 at (3900.00,220.00) startOffset 0 endOffset 11 width 87.00: "just a text"
      RenderSVGText {text} at (4000,200) size 87x26 contains 1 chunk(s)
        RenderSVGInlineText {#text} at (0,0) size 87x26
          chunk 1 text run 1 at (4000.00,220.00) startOffset 0 endOffset 11 width 87.00: "just a text"
      RenderSVGText {text} at (4100,200) size 87x26 contains 1 chunk(s)
        RenderSVGInlineText {#text} at (0,0) size 87x26
          chunk 1 text run 1 at (4100.00,220.00) startOffset 0 endOffset 11 width 87.00: "just a text"
      RenderSVGText {text} at (4200,200) size 87x26 contains 1 chunk(s)
        RenderSVGInlineText {#text} at (0,0) size 87x26
          chunk 1 text run 1 at (4200.00,220.00) startOffset 0 endOffset 11 width 87.00: "just a text"
      RenderSVGText {text} at (4300,200) size 87x26 contains 1 chunk(s)
        RenderSVGInlineText {#text} at (0,0) size 87x26
          chunk 1 text run 1 at (4300.00,220.00) startOffset 0 endOffset 11 width 87.00: "just a text"
      RenderSVGText {text} at (4400,200) size 87x26 contains 1 chunk(s)
        RenderSVGInlineText {#text} at (0,0) size 87x26
          chunk 1 text run 1 at (4400.00,220.00) startOffset 0 endOffset 11 width 87.00: "just a text"
      RenderSVGText {text} at (4500,200) size 87x26 contains 1 chunk(s)
        RenderSVGInlineText {#text} at (0,0) size 87x26
          chunk 1 text run 1 at (4500.00,220.00) startOffset 0 endOffset 11 width 87.00: "just a text"
      RenderSVGText {text} at (4600,200) size 87x26 contains 1 chunk(s)
        RenderSVGInlineText {#text} at (0,0) size 87x26
          chunk 1 text run 1 at (4600.00,220.00) startOffset 0 endOffset 11 width 87.00: "just a text"
      RenderSVGText {text} at (4700,200) size 87x26 contains 1 chunk(s)
        RenderSVGInlineText {#text} at (0,0) size 87x26
          chunk 1 text run 1 at (4700.00,220.00) startOffset 0 endOffset 11 width 87.00: "just a text"
      RenderSVGText {text} at (4800,200) size 87x26 contains 1 chunk(s)
        RenderSVGInlineText {#text} at (0,0) size 87x26
          chunk 1 text run 1 at (4800.00,220.00) startOffset 0 endOffset 11 width 87.00: "just a text"
      RenderSVGText {text} at (4900,200) size 87x26 contains 1 chunk(s)
        RenderSVGInlineText {#text} at (0,0) size 87x26
          chunk 1 text run 1 at (4900.00,220.00) startOffset 0 endOffset 11 width 87.00: "just a text"
      RenderSVGText {text} at (0,300) size 87x26 contains 1 chunk(s)
        RenderSVGInlineText {#text} at (0,0) size 87x26
          chunk 1 text run 1 at (0.00,320.00) startOffset 0 endOffset 11 width 87.00: "just a text"
      RenderSVGText {text} at (100,300) size 87x26 contains 1 chunk(s)
        RenderSVGInlineText {#text} at (0,0) size 87x26
          chunk 1 text run 1 at (100.00,320.00) startOffset 0 endOffset 11 width 87.00: "just a text"
      RenderSVGText {text} at (200,300) size 87x26 contains 1 chunk(s)
        RenderSVGInlineText {#text} at (0,0) size 87x26
          chunk 1 text run 1 at (200.00,320.00) startOffset 0 endOffset 11 width 87.00: "just a text"
      RenderSVGText {text} at (300,300) size 87x26 contains 1 chunk(s)
        RenderSVGInlineText {#text} at (0,0) size 87x26
          chunk 1 text run 1 at (300.00,320.00) startOffset 0 endOffset 11 width 87.00: "just a text"
      RenderSVGText {text} at (400,300) size 87x26 contains 1 chunk(s)
        RenderSVGInlineText {#text} at (0,0) size 87x26
          chunk 1 text run 1 at (400.00,320.00) startOffset 0 endOffset 11 width 87.00: "just a text"
      RenderSVGText {text} at (500,300) size 87x26 contains 1 chunk(s)
        RenderSVGInlineText {#text} at (0,0) size 87x26
          chunk 1 text run 1 at (500.00,320.00) startOffset 0 endOffset 11 width 87.00: "just a text"
      RenderSVGText {text} at (600,300) size 87x26 contains 1 chunk(s)
        RenderSVGInlineText {#text} at (0,0) size 87x26
          chunk 1 text run 1 at (600.00,320.00) startOffset 0 endOffset 11 width 87.00: "just a text"
      RenderSVGText {text} at (700,300) size 87x26 contains 1 chunk(s)
        RenderSVGInlineText {#text} at (0,0) size 87x26
          chunk 1 text run 1 at (700.00,320.00) startOffset 0 endOffset 11 width 87.00: "just a text"
      RenderSVGText {text} at (800,300) size 87x26 contains 1 chunk(s)
        RenderSVGInlineText {#text} at (0,0) size 87x26
          chunk 1 text run 1 at (800.00,320.00) startOffset 0 endOffset 11 width 87.00: "just a text"
      RenderSVGText {text} at (900,300) size 87x26 contains 1 chunk(s)
        RenderSVGInlineText {#text} at (0,0) size 87x26
          chunk 1 text run 1 at (900.00,320.00) startOffset 0 endOffset 11 width 87.00: "just a text"
      RenderSVGText {text} at (1000,300) size 87x26 contains 1 chunk(s)
        RenderSVGInlineText {#text} at (0,0) size 87x26
          chunk 1 text run 1 at (1000.00,320.00) startOffset 0 endOffset 11 width 87.00: "just a text"
      RenderSVGText {text} at (1100,300) size 87x26 contains 1 chunk(s)
        RenderSVGInlineText {#text} at (0,0) size 87x26
          chunk 1 text run 1 at (1100.00,320.00) startOffset 0 endOffset 11 width 87.00: "just a text"
      RenderSVGText {text} at (1200,300) size 87x26 contains 1 chunk(s)
        RenderSVGInlineText {#text} at (0,0) size 87x26
          chunk 1 text run 1 at (1200.00,320.00) startOffset 0 endOffset 11 width 87.00: "just a text"
      RenderSVGText {text} at (1300,300) size 87x26 contains 1 chunk(s)
        RenderSVGInlineText {#text} at (0,0) size 87x26
          chunk 1 text run 1 at (1300.00,320.00) startOffset 0 endOffset 11 width 87.00: "just a text"
      RenderSVGText {text} at (1400,300) size 87x26 contains 1 chunk(s)
        RenderSVGInlineText {#text} at (0,0) size 87x26
          chunk 1 text run 1 at (1400.00,320.00) startOffset 0 endOffset 11 width 87.00: "just a text"
      RenderSVGText {text} at (1500,300) size 87x26 contains 1 chunk(s)
        RenderSVGInlineText {#text} at (0,0) size 87x26
          chunk 1 text run 1 at (1500.00,320.00) startOffset 0 endOffset 11 width 87.00: "just a text"
      RenderSVGText {text} at (1600,300) size 87x26 contains 1 chunk(s)
        RenderSVGInlineText {#text} at (0,0) size 87x26
          chunk 1 text run 1 at (1600.00,320.00) startOffset 0 endOffset 11 width 87.00: "just a text"
      RenderSVGText {text} at (1700,300) size 87x26 contains 1 chunk(s)
        RenderSVGInlineText {#text} at (0,0) size 87x26
          chunk 1 text run 1 at (1700.00,320.00) startOffset 0 endOffset 11 width 87.00: "just a text"
      RenderSVGText {text} at (1800,300) size 87x26 contains 1 chunk(s)
        RenderSVGInlineText {#text} at (0,0) size 87x26
          chunk 1 text run 1 at (1800.00,320.00) startOffset 0 endOffset 11 width 87.00: "just a text"
      RenderSVGText {text} at (1900,300) size 87x26 contains 1 chunk(s)
        RenderSVGInlineText {#text} at (0,0) size 87x26
          chunk 1 text run 1 at (1900.00,320.00) startOffset 0 endOffset 11 width 87.00: "just a text"
      RenderSVGText {text} at (2000,300) size 87x26 contains 1 chunk(s)
        RenderSVGInlineText {#text} at (0,0) size 87x26
          chunk 1 text run 1 at (2000.00,320.00) startOffset 0 endOffset 11 width 87.00: "just a text"
      RenderSVGText {text} at (2100,300) size 87x26 contains 1 chunk(s)
        RenderSVGInlineText {#text} at (0,0) size 87x26
          chunk 1 text run 1 at (2100.00,320.00) startOffset 0 endOffset 11 width 87.00: "just a text"
      RenderSVGText {text} at (2200,300) size 87x26 contains 1 chunk(s)
        RenderSVGInlineText {#text} at (0,0) size 87x26
          chunk 1 text run 1 at (2200.00,320.00) startOffset 0 endOffset 11 width 87.00: "just a text"
      RenderSVGText {text} at (2300,300) size 87x26 contains 1 chunk(s)
        RenderSVGInlineText {#text} at (0,0) size 87x26
          chunk 1 text run 1 at (2300.00,320.00) startOffset 0 endOffset 11 width 87.00: "just a text"
      RenderSVGText {text} at (2400,300) size 87x26 contains 1 chunk(s)
        RenderSVGInlineText {#text} at (0,0) size 87x26
          chunk 1 text run 1 at (2400.00,320.00) startOffset 0 endOffset 11 width 87.00: "just a text"
      RenderSVGText {text} at (2500,300) size 87x26 contains 1 chunk(s)
        RenderSVGInlineText {#text} at (0,0) size 87x26
          chunk 1 text run 1 at (2500.00,320.00) startOffset 0 endOffset 11 width 87.00: "just a text"
      RenderSVGText {text} at (2600,300) size 87x26 contains 1 chunk(s)
        RenderSVGInlineText {#text} at (0,0) size 87x26
          chunk 1 text run 1 at (2600.00,320.00) startOffset 0 endOffset 11 width 87.00: "just a text"
      RenderSVGText {text} at (2700,300) size 87x26 contains 1 chunk(s)
        RenderSVGInlineText {#text} at (0,0) size 87x26
          chunk 1 text run 1 at (2700.00,320.00) startOffset 0 endOffset 11 width 87.00: "just a text"
      RenderSVGText {text} at (2800,300) size 87x26 contains 1 chunk(s)
        RenderSVGInlineText {#text} at (0,0) size 87x26
          chunk 1 text run 1 at (2800.00,320.00) startOffset 0 endOffset 11 width 87.00: "just a text"
      RenderSVGText {text} at (2900,300) size 87x26 contains 1 chunk(s)
        RenderSVGInlineText {#text} at (0,0) size 87x26
          chunk 1 text run 1 at (2900.00,320.00) startOffset 0 endOffset 11 width 87.00: "just a text"
      RenderSVGText {text} at (3000,300) size 87x26 contains 1 chunk(s)
        RenderSVGInlineText {#text} at (0,0) size 87x26
          chunk 1 text run 1 at (3000.00,320.00) startOffset 0 endOffset 11 width 87.00: "just a text"
      RenderSVGText {text} at (3100,300) size 87x26 contains 1 chunk(s)
        RenderSVGInlineText {#text} at (0,0) size 87x26
          chunk 1 text run 1 at (3100.00,320.00) startOffset 0 endOffset 11 width 87.00: "just a text"
      RenderSVGText {text} at (3200,300) size 87x26 contains 1 chunk(s)
        RenderSVGInlineText {#text} at (0,0) size 87x26
          chunk 1 text run 1 at (3200.00,320.00) startOffset 0 endOffset 11 width 87.00: "just a text"
      RenderSVGText {text} at (3300,300) size 87x26 contains 1 chunk(s)
        RenderSVGInlineText {#text} at (0,0) size 87x26
          chunk 1 text run 1 at (3300.00,320.00) startOffset 0 endOffset 11 width 87.00: "just a text"
      RenderSVGText {text} at (3400,300) size 87x26 contains 1 chunk(s)
        RenderSVGInlineText {#text} at (0,0) size 87x26
          chunk 1 text run 1 at (3400.00,320.00) startOffset 0 endOffset 11 width 87.00: "just a text"
      RenderSVGText {text} at (3500,300) size 87x26 contains 1 chunk(s)
        RenderSVGInlineText {#text} at (0,0) size 87x26
          chunk 1 text run 1 at (3500.00,320.00) startOffset 0 endOffset 11 width 87.00: "just a text"
      RenderSVGText {text} at (3600,300) size 87x26 contains 1 chunk(s)
        RenderSVGInlineText {#text} at (0,0) size 87x26
          chunk 1 text run 1 at (3600.00,320.00) startOffset 0 endOffset 11 width 87.00: "just a text"
      RenderSVGText {text} at (3700,300) size 87x26 contains 1 chunk(s)
        RenderSVGInlineText {#text} at (0,0) size 87x26
          chunk 1 text run 1 at (3700.00,320.00) startOffset 0 endOffset 11 width 87.00: "just a text"
      RenderSVGText {text} at (3800,300) size 87x26 contains 1 chunk(s)
        RenderSVGInlineText {#text} at (0,0) size 87x26
          chunk 1 text run 1 at (3800.00,320.00) startOffset 0 endOffset 11 width 87.00: "just a text"
      RenderSVGText {text} at (3900,300) size 87x26 contains 1 chunk(s)
        RenderSVGInlineText {#text} at (0,0) size 87x26
          chunk 1 text run 1 at (3900.00,320.00) startOffset 0 endOffset 11 width 87.00: "just a text"
      RenderSVGText {text} at (4000,300) size 87x26 contains 1 chunk(s)
        RenderSVGInlineText {#text} at (0,0) size 87x26
          chunk 1 text run 1 at (4000.00,320.00) startOffset 0 endOffset 11 width 87.00: "just a text"
      RenderSVGText {text} at (4100,300) size 87x26 contains 1 chunk(s)
        RenderSVGInlineText {#text} at (0,0) size 87x26
          chunk 1 text run 1 at (4100.00,320.00) startOffset 0 endOffset 11 width 87.00: "just a text"
      RenderSVGText {text} at (4200,300) size 87x26 contains 1 chunk(s)
        RenderSVGInlineText {#text} at (0,0) size 87x26
          chunk 1 text run 1 at (4200.00,320.00) startOffset 0 endOffset 11 width 87.00: "just a text"
      RenderSVGText {text} at (4300,300) size 87x26 contains 1 chunk(s)
        RenderSVGInlineText {#text} at (0,0) size 87x26
          chunk 1 text run 1 at (4300.00,320.00) startOffset 0 endOffset 11 width 87.00: "just a text"
      RenderSVGText {text} at (4400,300) size 87x26 contains 1 chunk(s)
        RenderSVGInlineText {#text} at (0,0) size 87x26
          chunk 1 text run 1 at (4400.00,320.00) startOffset 0 endOffset 11 width 87.00: "just a text"
      RenderSVGText {text} at (4500,300) size 87x26 contains 1 chunk(s)
        RenderSVGInlineText {#text} at (0,0) size 87x26
          chunk 1 text run 1 at (4500.00,320.00) startOffset 0 endOffset 11 width 87.00: "just a text"
      RenderSVGText {text} at (4600,300) size 87x26 contains 1 chunk(s)
        RenderSVGInlineText {#text} at (0,0) size 87x26
          chunk 1 text run 1 at (4600.00,320.00) startOffset 0 endOffset 11 width 87.00: "just a text"
      RenderSVGText {text} at (4700,300) size 87x26 contains 1 chunk(s)
        RenderSVGInlineText {#text} at (0,0) size 87x26
          chunk 1 text run 1 at (4700.00,320.00) startOffset 0 endOffset 11 width 87.00: "just a text"
      RenderSVGText {text} at (4800,300) size 87x26 contains 1 chunk(s)
        RenderSVGInlineText {#text} at (0,0) size 87x26
          chunk 1 text run 1 at (4800.00,320.00) startOffset 0 endOffset 11 width 87.00: "just a text"
      RenderSVGText {text} at (4900,300) size 87x26 contains 1 chunk(s)
        RenderSVGInlineText {#text} at (0,0) size 87x26
          chunk 1 text run 1 at (4900.00,320.00) startOffset 0 endOffset 11 width 87.00: "just a text"
      RenderSVGText {text} at (0,400) size 87x26 contains 1 chunk(s)
        RenderSVGInlineText {#text} at (0,0) size 87x26
          chunk 1 text run 1 at (0.00,420.00) startOffset 0 endOffset 11 width 87.00: "just a text"
      RenderSVGText {text} at (100,400) size 87x26 contains 1 chunk(s)
        RenderSVGInlineText {#text} at (0,0) size 87x26
          chunk 1 text run 1 at (100.00,420.00) startOffset 0 endOffset 11 width 87.00: "just a text"
      RenderSVGText {text} at (200,400) size 87x26 contains 1 chunk(s)
        RenderSVGInlineText {#text} at (0,0) size 87x26
          chunk 1 text run 1 at (200.00,420.00) startOffset 0 endOffset 11 width 87.00: "just a text"
      RenderSVGText {text} at (300,400) size 87x26 contains 1 chunk(s)
        RenderSVGInlineText {#text} at (0,0) size 87x26
          chunk 1 text run 1 at (300.00,420.00) startOffset 0 endOffset 11 width 87.00: "just a text"
      RenderSVGText {text} at (400,400) size 87x26 contains 1 chunk(s)
        RenderSVGInlineText {#text} at (0,0) size 87x26
          chunk 1 text run 1 at (400.00,420.00) startOffset 0 endOffset 11 width 87.00: "just a text"
      RenderSVGText {text} at (500,400) size 87x26 contains 1 chunk(s)
        RenderSVGInlineText {#text} at (0,0) size 87x26
          chunk 1 text run 1 at (500.00,420.00) startOffset 0 endOffset 11 width 87.00: "just a text"
      RenderSVGText {text} at (600,400) size 87x26 contains 1 chunk(s)
        RenderSVGInlineText {#text} at (0,0) size 87x26
          chunk 1 text run 1 at (600.00,420.00) startOffset 0 endOffset 11 width 87.00: "just a text"
      RenderSVGText {text} at (700,400) size 87x26 contains 1 chunk(s)
        RenderSVGInlineText {#text} at (0,0) size 87x26
          chunk 1 text run 1 at (700.00,420.00) startOffset 0 endOffset 11 width 87.00: "just a text"
      RenderSVGText {text} at (800,400) size 87x26 contains 1 chunk(s)
        RenderSVGInlineText {#text} at (0,0) size 87x26
          chunk 1 text run 1 at (800.00,420.00) startOffset 0 endOffset 11 width 87.00: "just a text"
      RenderSVGText {text} at (900,400) size 87x26 contains 1 chunk(s)
        RenderSVGInlineText {#text} at (0,0) size 87x26
          chunk 1 text run 1 at (900.00,420.00) startOffset 0 endOffset 11 width 87.00: "just a text"
      RenderSVGText {text} at (1000,400) size 87x26 contains 1 chunk(s)
        RenderSVGInlineText {#text} at (0,0) size 87x26
          chunk 1 text run 1 at (1000.00,420.00) startOffset 0 endOffset 11 width 87.00: "just a text"
      RenderSVGText {text} at (1100,400) size 87x26 contains 1 chunk(s)
        RenderSVGInlineText {#text} at (0,0) size 87x26
          chunk 1 text run 1 at (1100.00,420.00) startOffset 0 endOffset 11 width 87.00: "just a text"
      RenderSVGText {text} at (1200,400) size 87x26 contains 1 chunk(s)
        RenderSVGInlineText {#text} at (0,0) size 87x26
          chunk 1 text run 1 at (1200.00,420.00) startOffset 0 endOffset 11 width 87.00: "just a text"
      RenderSVGText {text} at (1300,400) size 87x26 contains 1 chunk(s)
        RenderSVGInlineText {#text} at (0,0) size 87x26
          chunk 1 text run 1 at (1300.00,420.00) startOffset 0 endOffset 11 width 87.00: "just a text"
      RenderSVGText {text} at (1400,400) size 87x26 contains 1 chunk(s)
        RenderSVGInlineText {#text} at (0,0) size 87x26
          chunk 1 text run 1 at (1400.00,420.00) startOffset 0 endOffset 11 width 87.00: "just a text"
      RenderSVGText {text} at (1500,400) size 87x26 contains 1 chunk(s)
        RenderSVGInlineText {#text} at (0,0) size 87x26
          chunk 1 text run 1 at (1500.00,420.00) startOffset 0 endOffset 11 width 87.00: "just a text"
      RenderSVGText {text} at (1600,400) size 87x26 contains 1 chunk(s)
        RenderSVGInlineText {#text} at (0,0) size 87x26
          chunk 1 text run 1 at (1600.00,420.00) startOffset 0 endOffset 11 width 87.00: "just a text"
      RenderSVGText {text} at (1700,400) size 87x26 contains 1 chunk(s)
        RenderSVGInlineText {#text} at (0,0) size 87x26
          chunk 1 text run 1 at (1700.00,420.00) startOffset 0 endOffset 11 width 87.00: "just a text"
      RenderSVGText {text} at (1800,400) size 87x26 contains 1 chunk(s)
        RenderSVGInlineText {#text} at (0,0) size 87x26
          chunk 1 text run 1 at (1800.00,420.00) startOffset 0 endOffset 11 width 87.00: "just a text"
      RenderSVGText {text} at (1900,400) size 87x26 contains 1 chunk(s)
        RenderSVGInlineText {#text} at (0,0) size 87x26
          chunk 1 text run 1 at (1900.00,420.00) startOffset 0 endOffset 11 width 87.00: "just a text"
      RenderSVGText {text} at (2000,400) size 87x26 contains 1 chunk(s)
        RenderSVGInlineText {#text} at (0,0) size 87x26
          chunk 1 text run 1 at (2000.00,420.00) startOffset 0 endOffset 11 width 87.00: "just a text"
      RenderSVGText {text} at (2100,400) size 87x26 contains 1 chunk(s)
        RenderSVGInlineText {#text} at (0,0) size 87x26
          chunk 1 text run 1 at (2100.00,420.00) startOffset 0 endOffset 11 width 87.00: "just a text"
      RenderSVGText {text} at (2200,400) size 87x26 contains 1 chunk(s)
        RenderSVGInlineText {#text} at (0,0) size 87x26
          chunk 1 text run 1 at (2200.00,420.00) startOffset 0 endOffset 11 width 87.00: "just a text"
      RenderSVGText {text} at (2300,400) size 87x26 contains 1 chunk(s)
        RenderSVGInlineText {#text} at (0,0) size 87x26
          chunk 1 text run 1 at (2300.00,420.00) startOffset 0 endOffset 11 width 87.00: "just a text"
      RenderSVGText {text} at (2400,400) size 87x26 contains 1 chunk(s)
        RenderSVGInlineText {#text} at (0,0) size 87x26
          chunk 1 text run 1 at (2400.00,420.00) startOffset 0 endOffset 11 width 87.00: "just a text"
      RenderSVGText {text} at (2500,400) size 87x26 contains 1 chunk(s)
        RenderSVGInlineText {#text} at (0,0) size 87x26
          chunk 1 text run 1 at (2500.00,420.00) startOffset 0 endOffset 11 width 87.00: "just a text"
      RenderSVGText {text} at (2600,400) size 87x26 contains 1 chunk(s)
        RenderSVGInlineText {#text} at (0,0) size 87x26
          chunk 1 text run 1 at (2600.00,420.00) startOffset 0 endOffset 11 width 87.00: "just a text"
      RenderSVGText {text} at (2700,400) size 87x26 contains 1 chunk(s)
        RenderSVGInlineText {#text} at (0,0) size 87x26
          chunk 1 text run 1 at (2700.00,420.00) startOffset 0 endOffset 11 width 87.00: "just a text"
      RenderSVGText {text} at (2800,400) size 87x26 contains 1 chunk(s)
        RenderSVGInlineText {#text} at (0,0) size 87x26
          chunk 1 text run 1 at (2800.00,420.00) startOffset 0 endOffset 11 width 87.00: "just a text"
      RenderSVGText {text} at (2900,400) size 87x26 contains 1 chunk(s)
        RenderSVGInlineText {#text} at (0,0) size 87x26
          chunk 1 text run 1 at (2900.00,420.00) startOffset 0 endOffset 11 width 87.00: "just a text"
      RenderSVGText {text} at (3000,400) size 87x26 contains 1 chunk(s)
        RenderSVGInlineText {#text} at (0,0) size 87x26
          chunk 1 text run 1 at (3000.00,420.00) startOffset 0 endOffset 11 width 87.00: "just a text"
      RenderSVGText {text} at (3100,400) size 87x26 contains 1 chunk(s)
        RenderSVGInlineText {#text} at (0,0) size 87x26
          chunk 1 text run 1 at (3100.00,420.00) startOffset 0 endOffset 11 width 87.00: "just a text"
      RenderSVGText {text} at (3200,400) size 87x26 contains 1 chunk(s)
        RenderSVGInlineText {#text} at (0,0) size 87x26
          chunk 1 text run 1 at (3200.00,420.00) startOffset 0 endOffset 11 width 87.00: "just a text"
      RenderSVGText {text} at (3300,400) size 87x26 contains 1 chunk(s)
        RenderSVGInlineText {#text} at (0,0) size 87x26
          chunk 1 text run 1 at (3300.00,420.00) startOffset 0 endOffset 11 width 87.00: "just a text"
      RenderSVGText {text} at (3400,400) size 87x26 contains 1 chunk(s)
        RenderSVGInlineText {#text} at (0,0) size 87x26
          chunk 1 text run 1 at (3400.00,420.00) startOffset 0 endOffset 11 width 87.00: "just a text"
      RenderSVGText {text} at (3500,400) size 87x26 contains 1 chunk(s)
        RenderSVGInlineText {#text} at (0,0) size 87x26
          chunk 1 text run 1 at (3500.00,420.00) startOffset 0 endOffset 11 width 87.00: "just a text"
      RenderSVGText {text} at (3600,400) size 87x26 contains 1 chunk(s)
        RenderSVGInlineText {#text} at (0,0) size 87x26
          chunk 1 text run 1 at (3600.00,420.00) startOffset 0 endOffset 11 width 87.00: "just a text"
      RenderSVGText {text} at (3700,400) size 87x26 contains 1 chunk(s)
        RenderSVGInlineText {#text} at (0,0) size 87x26
          chunk 1 text run 1 at (3700.00,420.00) startOffset 0 endOffset 11 width 87.00: "just a text"
      RenderSVGText {text} at (3800,400) size 87x26 contains 1 chunk(s)
        RenderSVGInlineText {#text} at (0,0) size 87x26
          chunk 1 text run 1 at (3800.00,420.00) startOffset 0 endOffset 11 width 87.00: "just a text"
      RenderSVGText {text} at (3900,400) size 87x26 contains 1 chunk(s)
        RenderSVGInlineText {#text} at (0,0) size 87x26
          chunk 1 text run 1 at (3900.00,420.00) startOffset 0 endOffset 11 width 87.00: "just a text"
      RenderSVGText {text} at (4000,400) size 87x26 contains 1 chunk(s)
        RenderSVGInlineText {#text} at (0,0) size 87x26
          chunk 1 text run 1 at (4000.00,420.00) startOffset 0 endOffset 11 width 87.00: "just a text"
      RenderSVGText {text} at (4100,400) size 87x26 contains 1 chunk(s)
        RenderSVGInlineText {#text} at (0,0) size 87x26
          chunk 1 text run 1 at (4100.00,420.00) startOffset 0 endOffset 11 width 87.00: "just a text"
      RenderSVGText {text} at (4200,400) size 87x26 contains 1 chunk(s)
        RenderSVGInlineText {#text} at (0,0) size 87x26
          chunk 1 text run 1 at (4200.00,420.00) startOffset 0 endOffset 11 width 87.00: "just a text"
      RenderSVGText {text} at (4300,400) size 87x26 contains 1 chunk(s)
        RenderSVGInlineText {#text} at (0,0) size 87x26
          chunk 1 text run 1 at (4300.00,420.00) startOffset 0 endOffset 11 width 87.00: "just a text"
      RenderSVGText {text} at (4400,400) size 87x26 contains 1 chunk(s)
        RenderSVGInlineText {#text} at (0,0) size 87x26
          chunk 1 text run 1 at (4400.00,420.00) startOffset 0 endOffset 11 width 87.00: "just a text"
      RenderSVGText {text} at (4500,400) size 87x26 contains 1 chunk(s)
        RenderSVGInlineText {#text} at (0,0) size 87x26
          chunk 1 text run 1 at (4500.00,420.00) startOffset 0 endOffset 11 width 87.00: "just a text"
      RenderSVGText {text} at (4600,400) size 87x26 contains 1 chunk(s)
        RenderSVGInlineText {#text} at (0,0) size 87x26
          chunk 1 text run 1 at (4600.00,420.00) startOffset 0 endOffset 11 width 87.00: "just a text"
      RenderSVGText {text} at (4700,400) size 87x26 contains 1 chunk(s)
        RenderSVGInlineText {#text} at (0,0) size 87x26
          chunk 1 text run 1 at (4700.00,420.00) startOffset 0 endOffset 11 width 87.00: "just a text"
      RenderSVGText {text} at (4800,400) size 87x26 contains 1 chunk(s)
        RenderSVGInlineText {#text} at (0,0) size 87x26
          chunk 1 text run 1 at (4800.00,420.00) startOffset 0 endOffset 11 width 87.00: "just a text"
      RenderSVGText {text} at (4900,400) size 87x26 contains 1 chunk(s)
        RenderSVGInlineText {#text} at (0,0) size 87x26
          chunk 1 text run 1 at (4900.00,420.00) startOffset 0 endOffset 11 width 87.00: "just a text"
      RenderSVGText {text} at (0,500) size 87x26 contains 1 chunk(s)
        RenderSVGInlineText {#text} at (0,0) size 87x26
          chunk 1 text run 1 at (0.00,520.00) startOffset 0 endOffset 11 width 87.00: "just a text"
      RenderSVGText {text} at (100,500) size 87x26 contains 1 chunk(s)
        RenderSVGInlineText {#text} at (0,0) size 87x26
          chunk 1 text run 1 at (100.00,520.00) startOffset 0 endOffset 11 width 87.00: "just a text"
      RenderSVGText {text} at (200,500) size 87x26 contains 1 chunk(s)
        RenderSVGInlineText {#text} at (0,0) size 87x26
          chunk 1 text run 1 at (200.00,520.00) startOffset 0 endOffset 11 width 87.00: "just a text"
      RenderSVGText {text} at (300,500) size 87x26 contains 1 chunk(s)
        RenderSVGInlineText {#text} at (0,0) size 87x26
          chunk 1 text run 1 at (300.00,520.00) startOffset 0 endOffset 11 width 87.00: "just a text"
      RenderSVGText {text} at (400,500) size 87x26 contains 1 chunk(s)
        RenderSVGInlineText {#text} at (0,0) size 87x26
          chunk 1 text run 1 at (400.00,520.00) startOffset 0 endOffset 11 width 87.00: "just a text"
      RenderSVGText {text} at (500,500) size 87x26 contains 1 chunk(s)
        RenderSVGInlineText {#text} at (0,0) size 87x26
          chunk 1 text run 1 at (500.00,520.00) startOffset 0 endOffset 11 width 87.00: "just a text"
      RenderSVGText {text} at (600,500) size 87x26 contains 1 chunk(s)
        RenderSVGInlineText {#text} at (0,0) size 87x26
          chunk 1 text run 1 at (600.00,520.00) startOffset 0 endOffset 11 width 87.00: "just a text"
      RenderSVGText {text} at (700,500) size 87x26 contains 1 chunk(s)
        RenderSVGInlineText {#text} at (0,0) size 87x26
          chunk 1 text run 1 at (700.00,520.00) startOffset 0 endOffset 11 width 87.00: "just a text"
      RenderSVGText {text} at (800,500) size 87x26 contains 1 chunk(s)
        RenderSVGInlineText {#text} at (0,0) size 87x26
          chunk 1 text run 1 at (800.00,520.00) startOffset 0 endOffset 11 width 87.00: "just a text"
      RenderSVGText {text} at (900,500) size 87x26 contains 1 chunk(s)
        RenderSVGInlineText {#text} at (0,0) size 87x26
          chunk 1 text run 1 at (900.00,520.00) startOffset 0 endOffset 11 width 87.00: "just a text"
      RenderSVGText {text} at (1000,500) size 87x26 contains 1 chunk(s)
        RenderSVGInlineText {#text} at (0,0) size 87x26
          chunk 1 text run 1 at (1000.00,520.00) startOffset 0 endOffset 11 width 87.00: "just a text"
      RenderSVGText {text} at (1100,500) size 87x26 contains 1 chunk(s)
        RenderSVGInlineText {#text} at (0,0) size 87x26
          chunk 1 text run 1 at (1100.00,520.00) startOffset 0 endOffset 11 width 87.00: "just a text"
      RenderSVGText {text} at (1200,500) size 87x26 contains 1 chunk(s)
        RenderSVGInlineText {#text} at (0,0) size 87x26
          chunk 1 text run 1 at (1200.00,520.00) startOffset 0 endOffset 11 width 87.00: "just a text"
      RenderSVGText {text} at (1300,500) size 87x26 contains 1 chunk(s)
        RenderSVGInlineText {#text} at (0,0) size 87x26
          chunk 1 text run 1 at (1300.00,520.00) startOffset 0 endOffset 11 width 87.00: "just a text"
      RenderSVGText {text} at (1400,500) size 87x26 contains 1 chunk(s)
        RenderSVGInlineText {#text} at (0,0) size 87x26
          chunk 1 text run 1 at (1400.00,520.00) startOffset 0 endOffset 11 width 87.00: "just a text"
      RenderSVGText {text} at (1500,500) size 87x26 contains 1 chunk(s)
        RenderSVGInlineText {#text} at (0,0) size 87x26
          chunk 1 text run 1 at (1500.00,520.00) startOffset 0 endOffset 11 width 87.00: "just a text"
      RenderSVGText {text} at (1600,500) size 87x26 contains 1 chunk(s)
        RenderSVGInlineText {#text} at (0,0) size 87x26
          chunk 1 text run 1 at (1600.00,520.00) startOffset 0 endOffset 11 width 87.00: "just a text"
      RenderSVGText {text} at (1700,500) size 87x26 contains 1 chunk(s)
        RenderSVGInlineText {#text} at (0,0) size 87x26
          chunk 1 text run 1 at (1700.00,520.00) startOffset 0 endOffset 11 width 87.00: "just a text"
      RenderSVGText {text} at (1800,500) size 87x26 contains 1 chunk(s)
        RenderSVGInlineText {#text} at (0,0) size 87x26
          chunk 1 text run 1 at (1800.00,520.00) startOffset 0 endOffset 11 width 87.00: "just a text"
      RenderSVGText {text} at (1900,500) size 87x26 contains 1 chunk(s)
        RenderSVGInlineText {#text} at (0,0) size 87x26
          chunk 1 text run 1 at (1900.00,520.00) startOffset 0 endOffset 11 width 87.00: "just a text"
      RenderSVGText {text} at (2000,500) size 87x26 contains 1 chunk(s)
        RenderSVGInlineText {#text} at (0,0) size 87x26
          chunk 1 text run 1 at (2000.00,520.00) startOffset 0 endOffset 11 width 87.00: "just a text"
      RenderSVGText {text} at (2100,500) size 87x26 contains 1 chunk(s)
        RenderSVGInlineText {#text} at (0,0) size 87x26
          chunk 1 text run 1 at (2100.00,520.00) startOffset 0 endOffset 11 width 87.00: "just a text"
      RenderSVGText {text} at (2200,500) size 87x26 contains 1 chunk(s)
        RenderSVGInlineText {#text} at (0,0) size 87x26
          chunk 1 text run 1 at (2200.00,520.00) startOffset 0 endOffset 11 width 87.00: "just a text"
      RenderSVGText {text} at (2300,500) size 87x26 contains 1 chunk(s)
        RenderSVGInlineText {#text} at (0,0) size 87x26
          chunk 1 text run 1 at (2300.00,520.00) startOffset 0 endOffset 11 width 87.00: "just a text"
      RenderSVGText {text} at (2400,500) size 87x26 contains 1 chunk(s)
        RenderSVGInlineText {#text} at (0,0) size 87x26
          chunk 1 text run 1 at (2400.00,520.00) startOffset 0 endOffset 11 width 87.00: "just a text"
      RenderSVGText {text} at (2500,500) size 87x26 contains 1 chunk(s)
        RenderSVGInlineText {#text} at (0,0) size 87x26
          chunk 1 text run 1 at (2500.00,520.00) startOffset 0 endOffset 11 width 87.00: "just a text"
      RenderSVGText {text} at (2600,500) size 87x26 contains 1 chunk(s)
        RenderSVGInlineText {#text} at (0,0) size 87x26
          chunk 1 text run 1 at (2600.00,520.00) startOffset 0 endOffset 11 width 87.00: "just a text"
      RenderSVGText {text} at (2700,500) size 87x26 contains 1 chunk(s)
        RenderSVGInlineText {#text} at (0,0) size 87x26
          chunk 1 text run 1 at (2700.00,520.00) startOffset 0 endOffset 11 width 87.00: "just a text"
      RenderSVGText {text} at (2800,500) size 87x26 contains 1 chunk(s)
        RenderSVGInlineText {#text} at (0,0) size 87x26
          chunk 1 text run 1 at (2800.00,520.00) startOffset 0 endOffset 11 width 87.00: "just a text"
      RenderSVGText {text} at (2900,500) size 87x26 contains 1 chunk(s)
        RenderSVGInlineText {#text} at (0,0) size 87x26
          chunk 1 text run 1 at (2900.00,520.00) startOffset 0 endOffset 11 width 87.00: "just a text"
      RenderSVGText {text} at (3000,500) size 87x26 contains 1 chunk(s)
        RenderSVGInlineText {#text} at (0,0) size 87x26
          chunk 1 text run 1 at (3000.00,520.00) startOffset 0 endOffset 11 width 87.00: "just a text"
      RenderSVGText {text} at (3100,500) size 87x26 contains 1 chunk(s)
        RenderSVGInlineText {#text} at (0,0) size 87x26
          chunk 1 text run 1 at (3100.00,520.00) startOffset 0 endOffset 11 width 87.00: "just a text"
      RenderSVGText {text} at (3200,500) size 87x26 contains 1 chunk(s)
        RenderSVGInlineText {#text} at (0,0) size 87x26
          chunk 1 text run 1 at (3200.00,520.00) startOffset 0 endOffset 11 width 87.00: "just a text"
      RenderSVGText {text} at (3300,500) size 87x26 contains 1 chunk(s)
        RenderSVGInlineText {#text} at (0,0) size 87x26
          chunk 1 text run 1 at (3300.00,520.00) startOffset 0 endOffset 11 width 87.00: "just a text"
      RenderSVGText {text} at (3400,500) size 87x26 contains 1 chunk(s)
        RenderSVGInlineText {#text} at (0,0) size 87x26
          chunk 1 text run 1 at (3400.00,520.00) startOffset 0 endOffset 11 width 87.00: "just a text"
      RenderSVGText {text} at (3500,500) size 87x26 contains 1 chunk(s)
        RenderSVGInlineText {#text} at (0,0) size 87x26
          chunk 1 text run 1 at (3500.00,520.00) startOffset 0 endOffset 11 width 87.00: "just a text"
      RenderSVGText {text} at (3600,500) size 87x26 contains 1 chunk(s)
        RenderSVGInlineText {#text} at (0,0) size 87x26
          chunk 1 text run 1 at (3600.00,520.00) startOffset 0 endOffset 11 width 87.00: "just a text"
      RenderSVGText {text} at (3700,500) size 87x26 contains 1 chunk(s)
        RenderSVGInlineText {#text} at (0,0) size 87x26
          chunk 1 text run 1 at (3700.00,520.00) startOffset 0 endOffset 11 width 87.00: "just a text"
      RenderSVGText {text} at (3800,500) size 87x26 contains 1 chunk(s)
        RenderSVGInlineText {#text} at (0,0) size 87x26
          chunk 1 text run 1 at (3800.00,520.00) startOffset 0 endOffset 11 width 87.00: "just a text"
      RenderSVGText {text} at (3900,500) size 87x26 contains 1 chunk(s)
        RenderSVGInlineText {#text} at (0,0) size 87x26
          chunk 1 text run 1 at (3900.00,520.00) startOffset 0 endOffset 11 width 87.00: "just a text"
      RenderSVGText {text} at (4000,500) size 87x26 contains 1 chunk(s)
        RenderSVGInlineText {#text} at (0,0) size 87x26
          chunk 1 text run 1 at (4000.00,520.00) startOffset 0 endOffset 11 width 87.00: "just a text"
      RenderSVGText {text} at (4100,500) size 87x26 contains 1 chunk(s)
        RenderSVGInlineText {#text} at (0,0) size 87x26
          chunk 1 text run 1 at (4100.00,520.00) startOffset 0 endOffset 11 width 87.00: "just a text"
      RenderSVGText {text} at (4200,500) size 87x26 contains 1 chunk(s)
        RenderSVGInlineText {#text} at (0,0) size 87x26
          chunk 1 text run 1 at (4200.00,520.00) startOffset 0 endOffset 11 width 87.00: "just a text"
      RenderSVGText {text} at (4300,500) size 87x26 contains 1 chunk(s)
        RenderSVGInlineText {#text} at (0,0) size 87x26
          chunk 1 text run 1 at (4300.00,520.00) startOffset 0 endOffset 11 width 87.00: "just a text"
      RenderSVGText {text} at (4400,500) size 87x26 contains 1 chunk(s)
        RenderSVGInlineText {#text} at (0,0) size 87x26
          chunk 1 text run 1 at (4400.00,520.00) startOffset 0 endOffset 11 width 87.00: "just a text"
      RenderSVGText {text} at (4500,500) size 87x26 contains 1 chunk(s)
        RenderSVGInlineText {#text} at (0,0) size 87x26
          chunk 1 text run 1 at (4500.00,520.00) startOffset 0 endOffset 11 width 87.00: "just a text"
      RenderSVGText {text} at (4600,500) size 87x26 contains 1 chunk(s)
        RenderSVGInlineText {#text} at (0,0) size 87x26
          chunk 1 text run 1 at (4600.00,520.00) startOffset 0 endOffset 11 width 87.00: "just a text"
      RenderSVGText {text} at (4700,500) size 87x26 contains 1 chunk(s)
        RenderSVGInlineText {#text} at (0,0) size 87x26
          chunk 1 text run 1 at (4700.00,520.00) startOffset 0 endOffset 11 width 87.00: "just a text"
      RenderSVGText {text} at (4800,500) size 87x26 contains 1 chunk(s)
        RenderSVGInlineText {#text} at (0,0) size 87x26
          chunk 1 text run 1 at (4800.00,520.00) startOffset 0 endOffset 11 width 87.00: "just a text"
      RenderSVGText {text} at (4900,500) size 87x26 contains 1 chunk(s)
        RenderSVGInlineText {#text} at (0,0) size 87x26
          chunk 1 text run 1 at (4900.00,520.00) startOffset 0 endOffset 11 width 87.00: "just a text"
      RenderSVGText {text} at (0,600) size 87x26 contains 1 chunk(s)
        RenderSVGInlineText {#text} at (0,0) size 87x26
          chunk 1 text run 1 at (0.00,620.00) startOffset 0 endOffset 11 width 87.00: "just a text"
      RenderSVGText {text} at (100,600) size 87x26 contains 1 chunk(s)
        RenderSVGInlineText {#text} at (0,0) size 87x26
          chunk 1 text run 1 at (100.00,620.00) startOffset 0 endOffset 11 width 87.00: "just a text"
      RenderSVGText {text} at (200,600) size 87x26 contains 1 chunk(s)
        RenderSVGInlineText {#text} at (0,0) size 87x26
          chunk 1 text run 1 at (200.00,620.00) startOffset 0 endOffset 11 width 87.00: "just a text"
      RenderSVGText {text} at (300,600) size 87x26 contains 1 chunk(s)
        RenderSVGInlineText {#text} at (0,0) size 87x26
          chunk 1 text run 1 at (300.00,620.00) startOffset 0 endOffset 11 width 87.00: "just a text"
      RenderSVGText {text} at (400,600) size 87x26 contains 1 chunk(s)
        RenderSVGInlineText {#text} at (0,0) size 87x26
          chunk 1 text run 1 at (400.00,620.00) startOffset 0 endOffset 11 width 87.00: "just a text"
      RenderSVGText {text} at (500,600) size 87x26 contains 1 chunk(s)
        RenderSVGInlineText {#text} at (0,0) size 87x26
          chunk 1 text run 1 at (500.00,620.00) startOffset 0 endOffset 11 width 87.00: "just a text"
      RenderSVGText {text} at (600,600) size 87x26 contains 1 chunk(s)
        RenderSVGInlineText {#text} at (0,0) size 87x26
          chunk 1 text run 1 at (600.00,620.00) startOffset 0 endOffset 11 width 87.00: "just a text"
      RenderSVGText {text} at (700,600) size 87x26 contains 1 chunk(s)
        RenderSVGInlineText {#text} at (0,0) size 87x26
          chunk 1 text run 1 at (700.00,620.00) startOffset 0 endOffset 11 width 87.00: "just a text"
      RenderSVGText {text} at (800,600) size 87x26 contains 1 chunk(s)
        RenderSVGInlineText {#text} at (0,0) size 87x26
          chunk 1 text run 1 at (800.00,620.00) startOffset 0 endOffset 11 width 87.00: "just a text"
      RenderSVGText {text} at (900,600) size 87x26 contains 1 chunk(s)
        RenderSVGInlineText {#text} at (0,0) size 87x26
          chunk 1 text run 1 at (900.00,620.00) startOffset 0 endOffset 11 width 87.00: "just a text"
      RenderSVGText {text} at (1000,600) size 87x26 contains 1 chunk(s)
        RenderSVGInlineText {#text} at (0,0) size 87x26
          chunk 1 text run 1 at (1000.00,620.00) startOffset 0 endOffset 11 width 87.00: "just a text"
      RenderSVGText {text} at (1100,600) size 87x26 contains 1 chunk(s)
        RenderSVGInlineText {#text} at (0,0) size 87x26
          chunk 1 text run 1 at (1100.00,620.00) startOffset 0 endOffset 11 width 87.00: "just a text"
      RenderSVGText {text} at (1200,600) size 87x26 contains 1 chunk(s)
        RenderSVGInlineText {#text} at (0,0) size 87x26
          chunk 1 text run 1 at (1200.00,620.00) startOffset 0 endOffset 11 width 87.00: "just a text"
      RenderSVGText {text} at (1300,600) size 87x26 contains 1 chunk(s)
        RenderSVGInlineText {#text} at (0,0) size 87x26
          chunk 1 text run 1 at (1300.00,620.00) startOffset 0 endOffset 11 width 87.00: "just a text"
      RenderSVGText {text} at (1400,600) size 87x26 contains 1 chunk(s)
        RenderSVGInlineText {#text} at (0,0) size 87x26
          chunk 1 text run 1 at (1400.00,620.00) startOffset 0 endOffset 11 width 87.00: "just a text"
      RenderSVGText {text} at (1500,600) size 87x26 contains 1 chunk(s)
        RenderSVGInlineText {#text} at (0,0) size 87x26
          chunk 1 text run 1 at (1500.00,620.00) startOffset 0 endOffset 11 width 87.00: "just a text"
      RenderSVGText {text} at (1600,600) size 87x26 contains 1 chunk(s)
        RenderSVGInlineText {#text} at (0,0) size 87x26
          chunk 1 text run 1 at (1600.00,620.00) startOffset 0 endOffset 11 width 87.00: "just a text"
      RenderSVGText {text} at (1700,600) size 87x26 contains 1 chunk(s)
        RenderSVGInlineText {#text} at (0,0) size 87x26
          chunk 1 text run 1 at (1700.00,620.00) startOffset 0 endOffset 11 width 87.00: "just a text"
      RenderSVGText {text} at (1800,600) size 87x26 contains 1 chunk(s)
        RenderSVGInlineText {#text} at (0,0) size 87x26
          chunk 1 text run 1 at (1800.00,620.00) startOffset 0 endOffset 11 width 87.00: "just a text"
      RenderSVGText {text} at (1900,600) size 87x26 contains 1 chunk(s)
        RenderSVGInlineText {#text} at (0,0) size 87x26
          chunk 1 text run 1 at (1900.00,620.00) startOffset 0 endOffset 11 width 87.00: "just a text"
      RenderSVGText {text} at (2000,600) size 87x26 contains 1 chunk(s)
        RenderSVGInlineText {#text} at (0,0) size 87x26
          chunk 1 text run 1 at (2000.00,620.00) startOffset 0 endOffset 11 width 87.00: "just a text"
      RenderSVGText {text} at (2100,600) size 87x26 contains 1 chunk(s)
        RenderSVGInlineText {#text} at (0,0) size 87x26
          chunk 1 text run 1 at (2100.00,620.00) startOffset 0 endOffset 11 width 87.00: "just a text"
      RenderSVGText {text} at (2200,600) size 87x26 contains 1 chunk(s)
        RenderSVGInlineText {#text} at (0,0) size 87x26
          chunk 1 text run 1 at (2200.00,620.00) startOffset 0 endOffset 11 width 87.00: "just a text"
      RenderSVGText {text} at (2300,600) size 87x26 contains 1 chunk(s)
        RenderSVGInlineText {#text} at (0,0) size 87x26
          chunk 1 text run 1 at (2300.00,620.00) startOffset 0 endOffset 11 width 87.00: "just a text"
      RenderSVGText {text} at (2400,600) size 87x26 contains 1 chunk(s)
        RenderSVGInlineText {#text} at (0,0) size 87x26
          chunk 1 text run 1 at (2400.00,620.00) startOffset 0 endOffset 11 width 87.00: "just a text"
      RenderSVGText {text} at (2500,600) size 87x26 contains 1 chunk(s)
        RenderSVGInlineText {#text} at (0,0) size 87x26
          chunk 1 text run 1 at (2500.00,620.00) startOffset 0 endOffset 11 width 87.00: "just a text"
      RenderSVGText {text} at (2600,600) size 87x26 contains 1 chunk(s)
        RenderSVGInlineText {#text} at (0,0) size 87x26
          chunk 1 text run 1 at (2600.00,620.00) startOffset 0 endOffset 11 width 87.00: "just a text"
      RenderSVGText {text} at (2700,600) size 87x26 contains 1 chunk(s)
        RenderSVGInlineText {#text} at (0,0) size 87x26
          chunk 1 text run 1 at (2700.00,620.00) startOffset 0 endOffset 11 width 87.00: "just a text"
      RenderSVGText {text} at (2800,600) size 87x26 contains 1 chunk(s)
        RenderSVGInlineText {#text} at (0,0) size 87x26
          chunk 1 text run 1 at (2800.00,620.00) startOffset 0 endOffset 11 width 87.00: "just a text"
      RenderSVGText {text} at (2900,600) size 87x26 contains 1 chunk(s)
        RenderSVGInlineText {#text} at (0,0) size 87x26
          chunk 1 text run 1 at (2900.00,620.00) startOffset 0 endOffset 11 width 87.00: "just a text"
      RenderSVGText {text} at (3000,600) size 87x26 contains 1 chunk(s)
        RenderSVGInlineText {#text} at (0,0) size 87x26
          chunk 1 text run 1 at (3000.00,620.00) startOffset 0 endOffset 11 width 87.00: "just a text"
      RenderSVGText {text} at (3100,600) size 87x26 contains 1 chunk(s)
        RenderSVGInlineText {#text} at (0,0) size 87x26
          chunk 1 text run 1 at (3100.00,620.00) startOffset 0 endOffset 11 width 87.00: "just a text"
      RenderSVGText {text} at (3200,600) size 87x26 contains 1 chunk(s)
        RenderSVGInlineText {#text} at (0,0) size 87x26
          chunk 1 text run 1 at (3200.00,620.00) startOffset 0 endOffset 11 width 87.00: "just a text"
      RenderSVGText {text} at (3300,600) size 87x26 contains 1 chunk(s)
        RenderSVGInlineText {#text} at (0,0) size 87x26
          chunk 1 text run 1 at (3300.00,620.00) startOffset 0 endOffset 11 width 87.00: "just a text"
      RenderSVGText {text} at (3400,600) size 87x26 contains 1 chunk(s)
        RenderSVGInlineText {#text} at (0,0) size 87x26
          chunk 1 text run 1 at (3400.00,620.00) startOffset 0 endOffset 11 width 87.00: "just a text"
      RenderSVGText {text} at (3500,600) size 87x26 contains 1 chunk(s)
        RenderSVGInlineText {#text} at (0,0) size 87x26
          chunk 1 text run 1 at (3500.00,620.00) startOffset 0 endOffset 11 width 87.00: "just a text"
      RenderSVGText {text} at (3600,600) size 87x26 contains 1 chunk(s)
        RenderSVGInlineText {#text} at (0,0) size 87x26
          chunk 1 text run 1 at (3600.00,620.00) startOffset 0 endOffset 11 width 87.00: "just a text"
      RenderSVGText {text} at (3700,600) size 87x26 contains 1 chunk(s)
        RenderSVGInlineText {#text} at (0,0) size 87x26
          chunk 1 text run 1 at (3700.00,620.00) startOffset 0 endOffset 11 width 87.00: "just a text"
      RenderSVGText {text} at (3800,600) size 87x26 contains 1 chunk(s)
        RenderSVGInlineText {#text} at (0,0) size 87x26
          chunk 1 text run 1 at (3800.00,620.00) startOffset 0 endOffset 11 width 87.00: "just a text"
      RenderSVGText {text} at (3900,600) size 87x26 contains 1 chunk(s)
        RenderSVGInlineText {#text} at (0,0) size 87x26
          chunk 1 text run 1 at (3900.00,620.00) startOffset 0 endOffset 11 width 87.00: "just a text"
      RenderSVGText {text} at (4000,600) size 87x26 contains 1 chunk(s)
        RenderSVGInlineText {#text} at (0,0) size 87x26
          chunk 1 text run 1 at (4000.00,620.00) startOffset 0 endOffset 11 width 87.00: "just a text"
      RenderSVGText {text} at (4100,600) size 87x26 contains 1 chunk(s)
        RenderSVGInlineText {#text} at (0,0) size 87x26
          chunk 1 text run 1 at (4100.00,620.00) startOffset 0 endOffset 11 width 87.00: "just a text"
      RenderSVGText {text} at (4200,600) size 87x26 contains 1 chunk(s)
        RenderSVGInlineText {#text} at (0,0) size 87x26
          chunk 1 text run 1 at (4200.00,620.00) startOffset 0 endOffset 11 width 87.00: "just a text"
      RenderSVGText {text} at (4300,600) size 87x26 contains 1 chunk(s)
        RenderSVGInlineText {#text} at (0,0) size 87x26
          chunk 1 text run 1 at (4300.00,620.00) startOffset 0 endOffset 11 width 87.00: "just a text"
      RenderSVGText {text} at (4400,600) size 87x26 contains 1 chunk(s)
        RenderSVGInlineText {#text} at (0,0) size 87x26
          chunk 1 text run 1 at (4400.00,620.00) startOffset 0 endOffset 11 width 87.00: "just a text"
      RenderSVGText {text} at (4500,600) size 87x26 contains 1 chunk(s)
        RenderSVGInlineText {#text} at (0,0) size 87x26
          chunk 1 text run 1 at (4500.00,620.00) startOffset 0 endOffset 11 width 87.00: "just a text"
      RenderSVGText {text} at (4600,600) size 87x26 contains 1 chunk(s)
        RenderSVGInlineText {#text} at (0,0) size 87x26
          chunk 1 text run 1 at (4600.00,620.00) startOffset 0 endOffset 11 width 87.00: "just a text"
      RenderSVGText {text} at (4700,600) size 87x26 contains 1 chunk(s)
        RenderSVGInlineText {#text} at (0,0) size 87x26
          chunk 1 text run 1 at (4700.00,620.00) startOffset 0 endOffset 11 width 87.00: "just a text"
      RenderSVGText {text} at (4800,600) size 87x26 contains 1 chunk(s)
        RenderSVGInlineText {#text} at (0,0) size 87x26
          chunk 1 text run 1 at (4800.00,620.00) startOffset 0 endOffset 11 width 87.00: "just a text"
      RenderSVGText {text} at (4900,600) size 87x26 contains 1 chunk(s)
        RenderSVGInlineText {#text} at (0,0) size 87x26
          chunk 1 text run 1 at (4900.00,620.00) startOffset 0 endOffset 11 width 87.00: "just a text"
      RenderSVGText {text} at (0,700) size 87x26 contains 1 chunk(s)
        RenderSVGInlineText {#text} at (0,0) size 87x26
          chunk 1 text run 1 at (0.00,720.00) startOffset 0 endOffset 11 width 87.00: "just a text"
      RenderSVGText {text} at (100,700) size 87x26 contains 1 chunk(s)
        RenderSVGInlineText {#text} at (0,0) size 87x26
          chunk 1 text run 1 at (100.00,720.00) startOffset 0 endOffset 11 width 87.00: "just a text"
      RenderSVGText {text} at (200,700) size 87x26 contains 1 chunk(s)
        RenderSVGInlineText {#text} at (0,0) size 87x26
          chunk 1 text run 1 at (200.00,720.00) startOffset 0 endOffset 11 width 87.00: "just a text"
      RenderSVGText {text} at (300,700) size 87x26 contains 1 chunk(s)
        RenderSVGInlineText {#text} at (0,0) size 87x26
          chunk 1 text run 1 at (300.00,720.00) startOffset 0 endOffset 11 width 87.00: "just a text"
      RenderSVGText {text} at (400,700) size 87x26 contains 1 chunk(s)
        RenderSVGInlineText {#text} at (0,0) size 87x26
          chunk 1 text run 1 at (400.00,720.00) startOffset 0 endOffset 11 width 87.00: "just a text"
      RenderSVGText {text} at (500,700) size 87x26 contains 1 chunk(s)
        RenderSVGInlineText {#text} at (0,0) size 87x26
          chunk 1 text run 1 at (500.00,720.00) startOffset 0 endOffset 11 width 87.00: "just a text"
      RenderSVGText {text} at (600,700) size 87x26 contains 1 chunk(s)
        RenderSVGInlineText {#text} at (0,0) size 87x26
          chunk 1 text run 1 at (600.00,720.00) startOffset 0 endOffset 11 width 87.00: "just a text"
      RenderSVGText {text} at (700,700) size 87x26 contains 1 chunk(s)
        RenderSVGInlineText {#text} at (0,0) size 87x26
          chunk 1 text run 1 at (700.00,720.00) startOffset 0 endOffset 11 width 87.00: "just a text"
      RenderSVGText {text} at (800,700) size 87x26 contains 1 chunk(s)
        RenderSVGInlineText {#text} at (0,0) size 87x26
          chunk 1 text run 1 at (800.00,720.00) startOffset 0 endOffset 11 width 87.00: "just a text"
      RenderSVGText {text} at (900,700) size 87x26 contains 1 chunk(s)
        RenderSVGInlineText {#text} at (0,0) size 87x26
          chunk 1 text run 1 at (900.00,720.00) startOffset 0 endOffset 11 width 87.00: "just a text"
      RenderSVGText {text} at (1000,700) size 87x26 contains 1 chunk(s)
        RenderSVGInlineText {#text} at (0,0) size 87x26
          chunk 1 text run 1 at (1000.00,720.00) startOffset 0 endOffset 11 width 87.00: "just a text"
      RenderSVGText {text} at (1100,700) size 87x26 contains 1 chunk(s)
        RenderSVGInlineText {#text} at (0,0) size 87x26
          chunk 1 text run 1 at (1100.00,720.00) startOffset 0 endOffset 11 width 87.00: "just a text"
      RenderSVGText {text} at (1200,700) size 87x26 contains 1 chunk(s)
        RenderSVGInlineText {#text} at (0,0) size 87x26
          chunk 1 text run 1 at (1200.00,720.00) startOffset 0 endOffset 11 width 87.00: "just a text"
      RenderSVGText {text} at (1300,700) size 87x26 contains 1 chunk(s)
        RenderSVGInlineText {#text} at (0,0) size 87x26
          chunk 1 text run 1 at (1300.00,720.00) startOffset 0 endOffset 11 width 87.00: "just a text"
      RenderSVGText {text} at (1400,700) size 87x26 contains 1 chunk(s)
        RenderSVGInlineText {#text} at (0,0) size 87x26
          chunk 1 text run 1 at (1400.00,720.00) startOffset 0 endOffset 11 width 87.00: "just a text"
      RenderSVGText {text} at (1500,700) size 87x26 contains 1 chunk(s)
        RenderSVGInlineText {#text} at (0,0) size 87x26
          chunk 1 text run 1 at (1500.00,720.00) startOffset 0 endOffset 11 width 87.00: "just a text"
      RenderSVGText {text} at (1600,700) size 87x26 contains 1 chunk(s)
        RenderSVGInlineText {#text} at (0,0) size 87x26
          chunk 1 text run 1 at (1600.00,720.00) startOffset 0 endOffset 11 width 87.00: "just a text"
      RenderSVGText {text} at (1700,700) size 87x26 contains 1 chunk(s)
        RenderSVGInlineText {#text} at (0,0) size 87x26
          chunk 1 text run 1 at (1700.00,720.00) startOffset 0 endOffset 11 width 87.00: "just a text"
      RenderSVGText {text} at (1800,700) size 87x26 contains 1 chunk(s)
        RenderSVGInlineText {#text} at (0,0) size 87x26
          chunk 1 text run 1 at (1800.00,720.00) startOffset 0 endOffset 11 width 87.00: "just a text"
      RenderSVGText {text} at (1900,700) size 87x26 contains 1 chunk(s)
        RenderSVGInlineText {#text} at (0,0) size 87x26
          chunk 1 text run 1 at (1900.00,720.00) startOffset 0 endOffset 11 width 87.00: "just a text"
      RenderSVGText {text} at (2000,700) size 87x26 contains 1 chunk(s)
        RenderSVGInlineText {#text} at (0,0) size 87x26
          chunk 1 text run 1 at (2000.00,720.00) startOffset 0 endOffset 11 width 87.00: "just a text"
      RenderSVGText {text} at (2100,700) size 87x26 contains 1 chunk(s)
        RenderSVGInlineText {#text} at (0,0) size 87x26
          chunk 1 text run 1 at (2100.00,720.00) startOffset 0 endOffset 11 width 87.00: "just a text"
      RenderSVGText {text} at (2200,700) size 87x26 contains 1 chunk(s)
        RenderSVGInlineText {#text} at (0,0) size 87x26
          chunk 1 text run 1 at (2200.00,720.00) startOffset 0 endOffset 11 width 87.00: "just a text"
      RenderSVGText {text} at (2300,700) size 87x26 contains 1 chunk(s)
        RenderSVGInlineText {#text} at (0,0) size 87x26
          chunk 1 text run 1 at (2300.00,720.00) startOffset 0 endOffset 11 width 87.00: "just a text"
      RenderSVGText {text} at (2400,700) size 87x26 contains 1 chunk(s)
        RenderSVGInlineText {#text} at (0,0) size 87x26
          chunk 1 text run 1 at (2400.00,720.00) startOffset 0 endOffset 11 width 87.00: "just a text"
      RenderSVGText {text} at (2500,700) size 87x26 contains 1 chunk(s)
        RenderSVGInlineText {#text} at (0,0) size 87x26
          chunk 1 text run 1 at (2500.00,720.00) startOffset 0 endOffset 11 width 87.00: "just a text"
      RenderSVGText {text} at (2600,700) size 87x26 contains 1 chunk(s)
        RenderSVGInlineText {#text} at (0,0) size 87x26
          chunk 1 text run 1 at (2600.00,720.00) startOffset 0 endOffset 11 width 87.00: "just a text"
      RenderSVGText {text} at (2700,700) size 87x26 contains 1 chunk(s)
        RenderSVGInlineText {#text} at (0,0) size 87x26
          chunk 1 text run 1 at (2700.00,720.00) startOffset 0 endOffset 11 width 87.00: "just a text"
      RenderSVGText {text} at (2800,700) size 87x26 contains 1 chunk(s)
        RenderSVGInlineText {#text} at (0,0) size 87x26
          chunk 1 text run 1 at (2800.00,720.00) startOffset 0 endOffset 11 width 87.00: "just a text"
      RenderSVGText {text} at (2900,700) size 87x26 contains 1 chunk(s)
        RenderSVGInlineText {#text} at (0,0) size 87x26
          chunk 1 text run 1 at (2900.00,720.00) startOffset 0 endOffset 11 width 87.00: "just a text"
      RenderSVGText {text} at (3000,700) size 87x26 contains 1 chunk(s)
        RenderSVGInlineText {#text} at (0,0) size 87x26
          chunk 1 text run 1 at (3000.00,720.00) startOffset 0 endOffset 11 width 87.00: "just a text"
      RenderSVGText {text} at (3100,700) size 87x26 contains 1 chunk(s)
        RenderSVGInlineText {#text} at (0,0) size 87x26
          chunk 1 text run 1 at (3100.00,720.00) startOffset 0 endOffset 11 width 87.00: "just a text"
      RenderSVGText {text} at (3200,700) size 87x26 contains 1 chunk(s)
        RenderSVGInlineText {#text} at (0,0) size 87x26
          chunk 1 text run 1 at (3200.00,720.00) startOffset 0 endOffset 11 width 87.00: "just a text"
      RenderSVGText {text} at (3300,700) size 87x26 contains 1 chunk(s)
        RenderSVGInlineText {#text} at (0,0) size 87x26
          chunk 1 text run 1 at (3300.00,720.00) startOffset 0 endOffset 11 width 87.00: "just a text"
      RenderSVGText {text} at (3400,700) size 87x26 contains 1 chunk(s)
        RenderSVGInlineText {#text} at (0,0) size 87x26
          chunk 1 text run 1 at (3400.00,720.00) startOffset 0 endOffset 11 width 87.00: "just a text"
      RenderSVGText {text} at (3500,700) size 87x26 contains 1 chunk(s)
        RenderSVGInlineText {#text} at (0,0) size 87x26
          chunk 1 text run 1 at (3500.00,720.00) startOffset 0 endOffset 11 width 87.00: "just a text"
      RenderSVGText {text} at (3600,700) size 87x26 contains 1 chunk(s)
        RenderSVGInlineText {#text} at (0,0) size 87x26
          chunk 1 text run 1 at (3600.00,720.00) startOffset 0 endOffset 11 width 87.00: "just a text"
      RenderSVGText {text} at (3700,700) size 87x26 contains 1 chunk(s)
        RenderSVGInlineText {#text} at (0,0) size 87x26
          chunk 1 text run 1 at (3700.00,720.00) startOffset 0 endOffset 11 width 87.00: "just a text"
      RenderSVGText {text} at (3800,700) size 87x26 contains 1 chunk(s)
        RenderSVGInlineText {#text} at (0,0) size 87x26
          chunk 1 text run 1 at (3800.00,720.00) startOffset 0 endOffset 11 width 87.00: "just a text"
      RenderSVGText {text} at (3900,700) size 87x26 contains 1 chunk(s)
        RenderSVGInlineText {#text} at (0,0) size 87x26
          chunk 1 text run 1 at (3900.00,720.00) startOffset 0 endOffset 11 width 87.00: "just a text"
      RenderSVGText {text} at (4000,700) size 87x26 contains 1 chunk(s)
        RenderSVGInlineText {#text} at (0,0) size 87x26
          chunk 1 text run 1 at (4000.00,720.00) startOffset 0 endOffset 11 width 87.00: "just a text"
      RenderSVGText {text} at (4100,700) size 87x26 contains 1 chunk(s)
        RenderSVGInlineText {#text} at (0,0) size 87x26
          chunk 1 text run 1 at (4100.00,720.00) startOffset 0 endOffset 11 width 87.00: "just a text"
      RenderSVGText {text} at (4200,700) size 87x26 contains 1 chunk(s)
        RenderSVGInlineText {#text} at (0,0) size 87x26
          chunk 1 text run 1 at (4200.00,720.00) startOffset 0 endOffset 11 width 87.00: "just a text"
      RenderSVGText {text} at (4300,700) size 87x26 contains 1 chunk(s)
        RenderSVGInlineText {#text} at (0,0) size 87x26
          chunk 1 text run 1 at (4300.00,720.00) startOffset 0 endOffset 11 width 87.00: "just a text"
      RenderSVGText {text} at (4400,700) size 87x26 contains 1 chunk(s)
        RenderSVGInlineText {#text} at (0,0) size 87x26
          chunk 1 text run 1 at (4400.00,720.00) startOffset 0 endOffset 11 width 87.00: "just a text"
      RenderSVGText {text} at (4500,700) size 87x26 contains 1 chunk(s)
        RenderSVGInlineText {#text} at (0,0) size 87x26
          chunk 1 text run 1 at (4500.00,720.00) startOffset 0 endOffset 11 width 87.00: "just a text"
      RenderSVGText {text} at (4600,700) size 87x26 contains 1 chunk(s)
        RenderSVGInlineText {#text} at (0,0) size 87x26
          chunk 1 text run 1 at (4600.00,720.00) startOffset 0 endOffset 11 width 87.00: "just a text"
      RenderSVGText {text} at (4700,700) size 87x26 contains 1 chunk(s)
        RenderSVGInlineText {#text} at (0,0) size 87x26
          chunk 1 text run 1 at (4700.00,720.00) startOffset 0 endOffset 11 width 87.00: "just a text"
      RenderSVGText {text} at (4800,700) size 87x26 contains 1 chunk(s)
        RenderSVGInlineText {#text} at (0,0) size 87x26
          chunk 1 text run 1 at (4800.00,720.00) startOffset 0 endOffset 11 width 87.00: "just a text"
      RenderSVGText {text} at (4900,700) size 87x26 contains 1 chunk(s)
        RenderSVGInlineText {#text} at (0,0) size 87x26
          chunk 1 text run 1 at (4900.00,720.00) startOffset 0 endOffset 11 width 87.00: "just a text"
      RenderSVGText {text} at (0,800) size 87x26 contains 1 chunk(s)
        RenderSVGInlineText {#text} at (0,0) size 87x26
          chunk 1 text run 1 at (0.00,820.00) startOffset 0 endOffset 11 width 87.00: "just a text"
      RenderSVGText {text} at (100,800) size 87x26 contains 1 chunk(s)
        RenderSVGInlineText {#text} at (0,0) size 87x26
          chunk 1 text run 1 at (100.00,820.00) startOffset 0 endOffset 11 width 87.00: "just a text"
      RenderSVGText {text} at (200,800) size 87x26 contains 1 chunk(s)
        RenderSVGInlineText {#text} at (0,0) size 87x26
          chunk 1 text run 1 at (200.00,820.00) startOffset 0 endOffset 11 width 87.00: "just a text"
      RenderSVGText {text} at (300,800) size 87x26 contains 1 chunk(s)
        RenderSVGInlineText {#text} at (0,0) size 87x26
          chunk 1 text run 1 at (300.00,820.00) startOffset 0 endOffset 11 width 87.00: "just a text"
      RenderSVGText {text} at (400,800) size 87x26 contains 1 chunk(s)
        RenderSVGInlineText {#text} at (0,0) size 87x26
          chunk 1 text run 1 at (400.00,820.00) startOffset 0 endOffset 11 width 87.00: "just a text"
      RenderSVGText {text} at (500,800) size 87x26 contains 1 chunk(s)
        RenderSVGInlineText {#text} at (0,0) size 87x26
          chunk 1 text run 1 at (500.00,820.00) startOffset 0 endOffset 11 width 87.00: "just a text"
      RenderSVGText {text} at (600,800) size 87x26 contains 1 chunk(s)
        RenderSVGInlineText {#text} at (0,0) size 87x26
          chunk 1 text run 1 at (600.00,820.00) startOffset 0 endOffset 11 width 87.00: "just a text"
      RenderSVGText {text} at (700,800) size 87x26 contains 1 chunk(s)
        RenderSVGInlineText {#text} at (0,0) size 87x26
          chunk 1 text run 1 at (700.00,820.00) startOffset 0 endOffset 11 width 87.00: "just a text"
      RenderSVGText {text} at (800,800) size 87x26 contains 1 chunk(s)
        RenderSVGInlineText {#text} at (0,0) size 87x26
          chunk 1 text run 1 at (800.00,820.00) startOffset 0 endOffset 11 width 87.00: "just a text"
      RenderSVGText {text} at (900,800) size 87x26 contains 1 chunk(s)
        RenderSVGInlineText {#text} at (0,0) size 87x26
          chunk 1 text run 1 at (900.00,820.00) startOffset 0 endOffset 11 width 87.00: "just a text"
      RenderSVGText {text} at (1000,800) size 87x26 contains 1 chunk(s)
        RenderSVGInlineText {#text} at (0,0) size 87x26
          chunk 1 text run 1 at (1000.00,820.00) startOffset 0 endOffset 11 width 87.00: "just a text"
      RenderSVGText {text} at (1100,800) size 87x26 contains 1 chunk(s)
        RenderSVGInlineText {#text} at (0,0) size 87x26
          chunk 1 text run 1 at (1100.00,820.00) startOffset 0 endOffset 11 width 87.00: "just a text"
      RenderSVGText {text} at (1200,800) size 87x26 contains 1 chunk(s)
        RenderSVGInlineText {#text} at (0,0) size 87x26
          chunk 1 text run 1 at (1200.00,820.00) startOffset 0 endOffset 11 width 87.00: "just a text"
      RenderSVGText {text} at (1300,800) size 87x26 contains 1 chunk(s)
        RenderSVGInlineText {#text} at (0,0) size 87x26
          chunk 1 text run 1 at (1300.00,820.00) startOffset 0 endOffset 11 width 87.00: "just a text"
      RenderSVGText {text} at (1400,800) size 87x26 contains 1 chunk(s)
        RenderSVGInlineText {#text} at (0,0) size 87x26
          chunk 1 text run 1 at (1400.00,820.00) startOffset 0 endOffset 11 width 87.00: "just a text"
      RenderSVGText {text} at (1500,800) size 87x26 contains 1 chunk(s)
        RenderSVGInlineText {#text} at (0,0) size 87x26
          chunk 1 text run 1 at (1500.00,820.00) startOffset 0 endOffset 11 width 87.00: "just a text"
      RenderSVGText {text} at (1600,800) size 87x26 contains 1 chunk(s)
        RenderSVGInlineText {#text} at (0,0) size 87x26
          chunk 1 text run 1 at (1600.00,820.00) startOffset 0 endOffset 11 width 87.00: "just a text"
      RenderSVGText {text} at (1700,800) size 87x26 contains 1 chunk(s)
        RenderSVGInlineText {#text} at (0,0) size 87x26
          chunk 1 text run 1 at (1700.00,820.00) startOffset 0 endOffset 11 width 87.00: "just a text"
      RenderSVGText {text} at (1800,800) size 87x26 contains 1 chunk(s)
        RenderSVGInlineText {#text} at (0,0) size 87x26
          chunk 1 text run 1 at (1800.00,820.00) startOffset 0 endOffset 11 width 87.00: "just a text"
      RenderSVGText {text} at (1900,800) size 87x26 contains 1 chunk(s)
        RenderSVGInlineText {#text} at (0,0) size 87x26
          chunk 1 text run 1 at (1900.00,820.00) startOffset 0 endOffset 11 width 87.00: "just a text"
      RenderSVGText {text} at (2000,800) size 87x26 contains 1 chunk(s)
        RenderSVGInlineText {#text} at (0,0) size 87x26
          chunk 1 text run 1 at (2000.00,820.00) startOffset 0 endOffset 11 width 87.00: "just a text"
      RenderSVGText {text} at (2100,800) size 87x26 contains 1 chunk(s)
        RenderSVGInlineText {#text} at (0,0) size 87x26
          chunk 1 text run 1 at (2100.00,820.00) startOffset 0 endOffset 11 width 87.00: "just a text"
      RenderSVGText {text} at (2200,800) size 87x26 contains 1 chunk(s)
        RenderSVGInlineText {#text} at (0,0) size 87x26
          chunk 1 text run 1 at (2200.00,820.00) startOffset 0 endOffset 11 width 87.00: "just a text"
      RenderSVGText {text} at (2300,800) size 87x26 contains 1 chunk(s)
        RenderSVGInlineText {#text} at (0,0) size 87x26
          chunk 1 text run 1 at (2300.00,820.00) startOffset 0 endOffset 11 width 87.00: "just a text"
      RenderSVGText {text} at (2400,800) size 87x26 contains 1 chunk(s)
        RenderSVGInlineText {#text} at (0,0) size 87x26
          chunk 1 text run 1 at (2400.00,820.00) startOffset 0 endOffset 11 width 87.00: "just a text"
      RenderSVGText {text} at (2500,800) size 87x26 contains 1 chunk(s)
        RenderSVGInlineText {#text} at (0,0) size 87x26
          chunk 1 text run 1 at (2500.00,820.00) startOffset 0 endOffset 11 width 87.00: "just a text"
      RenderSVGText {text} at (2600,800) size 87x26 contains 1 chunk(s)
        RenderSVGInlineText {#text} at (0,0) size 87x26
          chunk 1 text run 1 at (2600.00,820.00) startOffset 0 endOffset 11 width 87.00: "just a text"
      RenderSVGText {text} at (2700,800) size 87x26 contains 1 chunk(s)
        RenderSVGInlineText {#text} at (0,0) size 87x26
          chunk 1 text run 1 at (2700.00,820.00) startOffset 0 endOffset 11 width 87.00: "just a text"
      RenderSVGText {text} at (2800,800) size 87x26 contains 1 chunk(s)
        RenderSVGInlineText {#text} at (0,0) size 87x26
          chunk 1 text run 1 at (2800.00,820.00) startOffset 0 endOffset 11 width 87.00: "just a text"
      RenderSVGText {text} at (2900,800) size 87x26 contains 1 chunk(s)
        RenderSVGInlineText {#text} at (0,0) size 87x26
          chunk 1 text run 1 at (2900.00,820.00) startOffset 0 endOffset 11 width 87.00: "just a text"
      RenderSVGText {text} at (3000,800) size 87x26 contains 1 chunk(s)
        RenderSVGInlineText {#text} at (0,0) size 87x26
          chunk 1 text run 1 at (3000.00,820.00) startOffset 0 endOffset 11 width 87.00: "just a text"
      RenderSVGText {text} at (3100,800) size 87x26 contains 1 chunk(s)
        RenderSVGInlineText {#text} at (0,0) size 87x26
          chunk 1 text run 1 at (3100.00,820.00) startOffset 0 endOffset 11 width 87.00: "just a text"
      RenderSVGText {text} at (3200,800) size 87x26 contains 1 chunk(s)
        RenderSVGInlineText {#text} at (0,0) size 87x26
          chunk 1 text run 1 at (3200.00,820.00) startOffset 0 endOffset 11 width 87.00: "just a text"
      RenderSVGText {text} at (3300,800) size 87x26 contains 1 chunk(s)
        RenderSVGInlineText {#text} at (0,0) size 87x26
          chunk 1 text run 1 at (3300.00,820.00) startOffset 0 endOffset 11 width 87.00: "just a text"
      RenderSVGText {text} at (3400,800) size 87x26 contains 1 chunk(s)
        RenderSVGInlineText {#text} at (0,0) size 87x26
          chunk 1 text run 1 at (3400.00,820.00) startOffset 0 endOffset 11 width 87.00: "just a text"
      RenderSVGText {text} at (3500,800) size 87x26 contains 1 chunk(s)
        RenderSVGInlineText {#text} at (0,0) size 87x26
          chunk 1 text run 1 at (3500.00,820.00) startOffset 0 endOffset 11 width 87.00: "just a text"
      RenderSVGText {text} at (3600,800) size 87x26 contains 1 chunk(s)
        RenderSVGInlineText {#text} at (0,0) size 87x26
          chunk 1 text run 1 at (3600.00,820.00) startOffset 0 endOffset 11 width 87.00: "just a text"
      RenderSVGText {text} at (3700,800) size 87x26 contains 1 chunk(s)
        RenderSVGInlineText {#text} at (0,0) size 87x26
          chunk 1 text run 1 at (3700.00,820.00) startOffset 0 endOffset 11 width 87.00: "just a text"
      RenderSVGText {text} at (3800,800) size 87x26 contains 1 chunk(s)
        RenderSVGInlineText {#text} at (0,0) size 87x26
          chunk 1 text run 1 at (3800.00,820.00) startOffset 0 endOffset 11 width 87.00: "just a text"
      RenderSVGText {text} at (3900,800) size 87x26 contains 1 chunk(s)
        RenderSVGInlineText {#text} at (0,0) size 87x26
          chunk 1 text run 1 at (3900.00,820.00) startOffset 0 endOffset 11 width 87.00: "just a text"
      RenderSVGText {text} at (4000,800) size 87x26 contains 1 chunk(s)
        RenderSVGInlineText {#text} at (0,0) size 87x26
          chunk 1 text run 1 at (4000.00,820.00) startOffset 0 endOffset 11 width 87.00: "just a text"
      RenderSVGText {text} at (4100,800) size 87x26 contains 1 chunk(s)
        RenderSVGInlineText {#text} at (0,0) size 87x26
          chunk 1 text run 1 at (4100.00,820.00) startOffset 0 endOffset 11 width 87.00: "just a text"
      RenderSVGText {text} at (4200,800) size 87x26 contains 1 chunk(s)
        RenderSVGInlineText {#text} at (0,0) size 87x26
          chunk 1 text run 1 at (4200.00,820.00) startOffset 0 endOffset 11 width 87.00: "just a text"
      RenderSVGText {text} at (4300,800) size 87x26 contains 1 chunk(s)
        RenderSVGInlineText {#text} at (0,0) size 87x26
          chunk 1 text run 1 at (4300.00,820.00) startOffset 0 endOffset 11 width 87.00: "just a text"
      RenderSVGText {text} at (4400,800) size 87x26 contains 1 chunk(s)
        RenderSVGInlineText {#text} at (0,0) size 87x26
          chunk 1 text run 1 at (4400.00,820.00) startOffset 0 endOffset 11 width 87.00: "just a text"
      RenderSVGText {text} at (4500,800) size 87x26 contains 1 chunk(s)
        RenderSVGInlineText {#text} at (0,0) size 87x26
          chunk 1 text run 1 at (4500.00,820.00) startOffset 0 endOffset 11 width 87.00: "just a text"
      RenderSVGText {text} at (4600,800) size 87x26 contains 1 chunk(s)
        RenderSVGInlineText {#text} at (0,0) size 87x26
          chunk 1 text run 1 at (4600.00,820.00) startOffset 0 endOffset 11 width 87.00: "just a text"
      RenderSVGText {text} at (4700,800) size 87x26 contains 1 chunk(s)
        RenderSVGInlineText {#text} at (0,0) size 87x26
          chunk 1 text run 1 at (4700.00,820.00) startOffset 0 endOffset 11 width 87.00: "just a text"
      RenderSVGText {text} at (4800,800) size 87x26 contains 1 chunk(s)
        RenderSVGInlineText {#text} at (0,0) size 87x26
          chunk 1 text run 1 at (4800.00,820.00) startOffset 0 endOffset 11 width 87.00: "just a text"
      RenderSVGText {text} at (4900,800) size 87x26 contains 1 chunk(s)
        RenderSVGInlineText {#text} at (0,0) size 87x26
          chunk 1 text run 1 at (4900.00,820.00) startOffset 0 endOffset 11 width 87.00: "just a text"
      RenderSVGText {text} at (0,900) size 87x26 contains 1 chunk(s)
        RenderSVGInlineText {#text} at (0,0) size 87x26
          chunk 1 text run 1 at (0.00,920.00) startOffset 0 endOffset 11 width 87.00: "just a text"
      RenderSVGText {text} at (100,900) size 87x26 contains 1 chunk(s)
        RenderSVGInlineText {#text} at (0,0) size 87x26
          chunk 1 text run 1 at (100.00,920.00) startOffset 0 endOffset 11 width 87.00: "just a text"
      RenderSVGText {text} at (200,900) size 87x26 contains 1 chunk(s)
        RenderSVGInlineText {#text} at (0,0) size 87x26
          chunk 1 text run 1 at (200.00,920.00) startOffset 0 endOffset 11 width 87.00: "just a text"
      RenderSVGText {text} at (300,900) size 87x26 contains 1 chunk(s)
        RenderSVGInlineText {#text} at (0,0) size 87x26
          chunk 1 text run 1 at (300.00,920.00) startOffset 0 endOffset 11 width 87.00: "just a text"
      RenderSVGText {text} at (400,900) size 87x26 contains 1 chunk(s)
        RenderSVGInlineText {#text} at (0,0) size 87x26
          chunk 1 text run 1 at (400.00,920.00) startOffset 0 endOffset 11 width 87.00: "just a text"
      RenderSVGText {text} at (500,900) size 87x26 contains 1 chunk(s)
        RenderSVGInlineText {#text} at (0,0) size 87x26
          chunk 1 text run 1 at (500.00,920.00) startOffset 0 endOffset 11 width 87.00: "just a text"
      RenderSVGText {text} at (600,900) size 87x26 contains 1 chunk(s)
        RenderSVGInlineText {#text} at (0,0) size 87x26
          chunk 1 text run 1 at (600.00,920.00) startOffset 0 endOffset 11 width 87.00: "just a text"
      RenderSVGText {text} at (700,900) size 87x26 contains 1 chunk(s)
        RenderSVGInlineText {#text} at (0,0) size 87x26
          chunk 1 text run 1 at (700.00,920.00) startOffset 0 endOffset 11 width 87.00: "just a text"
      RenderSVGText {text} at (800,900) size 87x26 contains 1 chunk(s)
        RenderSVGInlineText {#text} at (0,0) size 87x26
          chunk 1 text run 1 at (800.00,920.00) startOffset 0 endOffset 11 width 87.00: "just a text"
      RenderSVGText {text} at (900,900) size 87x26 contains 1 chunk(s)
        RenderSVGInlineText {#text} at (0,0) size 87x26
          chunk 1 text run 1 at (900.00,920.00) startOffset 0 endOffset 11 width 87.00: "just a text"
      RenderSVGText {text} at (1000,900) size 87x26 contains 1 chunk(s)
        RenderSVGInlineText {#text} at (0,0) size 87x26
          chunk 1 text run 1 at (1000.00,920.00) startOffset 0 endOffset 11 width 87.00: "just a text"
      RenderSVGText {text} at (1100,900) size 87x26 contains 1 chunk(s)
        RenderSVGInlineText {#text} at (0,0) size 87x26
          chunk 1 text run 1 at (1100.00,920.00) startOffset 0 endOffset 11 width 87.00: "just a text"
      RenderSVGText {text} at (1200,900) size 87x26 contains 1 chunk(s)
        RenderSVGInlineText {#text} at (0,0) size 87x26
          chunk 1 text run 1 at (1200.00,920.00) startOffset 0 endOffset 11 width 87.00: "just a text"
      RenderSVGText {text} at (1300,900) size 87x26 contains 1 chunk(s)
        RenderSVGInlineText {#text} at (0,0) size 87x26
          chunk 1 text run 1 at (1300.00,920.00) startOffset 0 endOffset 11 width 87.00: "just a text"
      RenderSVGText {text} at (1400,900) size 87x26 contains 1 chunk(s)
        RenderSVGInlineText {#text} at (0,0) size 87x26
          chunk 1 text run 1 at (1400.00,920.00) startOffset 0 endOffset 11 width 87.00: "just a text"
      RenderSVGText {text} at (1500,900) size 87x26 contains 1 chunk(s)
        RenderSVGInlineText {#text} at (0,0) size 87x26
          chunk 1 text run 1 at (1500.00,920.00) startOffset 0 endOffset 11 width 87.00: "just a text"
      RenderSVGText {text} at (1600,900) size 87x26 contains 1 chunk(s)
        RenderSVGInlineText {#text} at (0,0) size 87x26
          chunk 1 text run 1 at (1600.00,920.00) startOffset 0 endOffset 11 width 87.00: "just a text"
      RenderSVGText {text} at (1700,900) size 87x26 contains 1 chunk(s)
        RenderSVGInlineText {#text} at (0,0) size 87x26
          chunk 1 text run 1 at (1700.00,920.00) startOffset 0 endOffset 11 width 87.00: "just a text"
      RenderSVGText {text} at (1800,900) size 87x26 contains 1 chunk(s)
        RenderSVGInlineText {#text} at (0,0) size 87x26
          chunk 1 text run 1 at (1800.00,920.00) startOffset 0 endOffset 11 width 87.00: "just a text"
      RenderSVGText {text} at (1900,900) size 87x26 contains 1 chunk(s)
        RenderSVGInlineText {#text} at (0,0) size 87x26
          chunk 1 text run 1 at (1900.00,920.00) startOffset 0 endOffset 11 width 87.00: "just a text"
      RenderSVGText {text} at (2000,900) size 87x26 contains 1 chunk(s)
        RenderSVGInlineText {#text} at (0,0) size 87x26
          chunk 1 text run 1 at (2000.00,920.00) startOffset 0 endOffset 11 width 87.00: "just a text"
      RenderSVGText {text} at (2100,900) size 87x26 contains 1 chunk(s)
        RenderSVGInlineText {#text} at (0,0) size 87x26
          chunk 1 text run 1 at (2100.00,920.00) startOffset 0 endOffset 11 width 87.00: "just a text"
      RenderSVGText {text} at (2200,900) size 87x26 contains 1 chunk(s)
        RenderSVGInlineText {#text} at (0,0) size 87x26
          chunk 1 text run 1 at (2200.00,920.00) startOffset 0 endOffset 11 width 87.00: "just a text"
      RenderSVGText {text} at (2300,900) size 87x26 contains 1 chunk(s)
        RenderSVGInlineText {#text} at (0,0) size 87x26
          chunk 1 text run 1 at (2300.00,920.00) startOffset 0 endOffset 11 width 87.00: "just a text"
      RenderSVGText {text} at (2400,900) size 87x26 contains 1 chunk(s)
        RenderSVGInlineText {#text} at (0,0) size 87x26
          chunk 1 text run 1 at (2400.00,920.00) startOffset 0 endOffset 11 width 87.00: "just a text"
      RenderSVGText {text} at (2500,900) size 87x26 contains 1 chunk(s)
        RenderSVGInlineText {#text} at (0,0) size 87x26
          chunk 1 text run 1 at (2500.00,920.00) startOffset 0 endOffset 11 width 87.00: "just a text"
      RenderSVGText {text} at (2600,900) size 87x26 contains 1 chunk(s)
        RenderSVGInlineText {#text} at (0,0) size 87x26
          chunk 1 text run 1 at (2600.00,920.00) startOffset 0 endOffset 11 width 87.00: "just a text"
      RenderSVGText {text} at (2700,900) size 87x26 contains 1 chunk(s)
        RenderSVGInlineText {#text} at (0,0) size 87x26
          chunk 1 text run 1 at (2700.00,920.00) startOffset 0 endOffset 11 width 87.00: "just a text"
      RenderSVGText {text} at (2800,900) size 87x26 contains 1 chunk(s)
        RenderSVGInlineText {#text} at (0,0) size 87x26
          chunk 1 text run 1 at (2800.00,920.00) startOffset 0 endOffset 11 width 87.00: "just a text"
      RenderSVGText {text} at (2900,900) size 87x26 contains 1 chunk(s)
        RenderSVGInlineText {#text} at (0,0) size 87x26
          chunk 1 text run 1 at (2900.00,920.00) startOffset 0 endOffset 11 width 87.00: "just a text"
      RenderSVGText {text} at (3000,900) size 87x26 contains 1 chunk(s)
        RenderSVGInlineText {#text} at (0,0) size 87x26
          chunk 1 text run 1 at (3000.00,920.00) startOffset 0 endOffset 11 width 87.00: "just a text"
      RenderSVGText {text} at (3100,900) size 87x26 contains 1 chunk(s)
        RenderSVGInlineText {#text} at (0,0) size 87x26
          chunk 1 text run 1 at (3100.00,920.00) startOffset 0 endOffset 11 width 87.00: "just a text"
      RenderSVGText {text} at (3200,900) size 87x26 contains 1 chunk(s)
        RenderSVGInlineText {#text} at (0,0) size 87x26
          chunk 1 text run 1 at (3200.00,920.00) startOffset 0 endOffset 11 width 87.00: "just a text"
      RenderSVGText {text} at (3300,900) size 87x26 contains 1 chunk(s)
        RenderSVGInlineText {#text} at (0,0) size 87x26
          chunk 1 text run 1 at (3300.00,920.00) startOffset 0 endOffset 11 width 87.00: "just a text"
      RenderSVGText {text} at (3400,900) size 87x26 contains 1 chunk(s)
        RenderSVGInlineText {#text} at (0,0) size 87x26
          chunk 1 text run 1 at (3400.00,920.00) startOffset 0 endOffset 11 width 87.00: "just a text"
      RenderSVGText {text} at (3500,900) size 87x26 contains 1 chunk(s)
        RenderSVGInlineText {#text} at (0,0) size 87x26
          chunk 1 text run 1 at (3500.00,920.00) startOffset 0 endOffset 11 width 87.00: "just a text"
      RenderSVGText {text} at (3600,900) size 87x26 contains 1 chunk(s)
        RenderSVGInlineText {#text} at (0,0) size 87x26
          chunk 1 text run 1 at (3600.00,920.00) startOffset 0 endOffset 11 width 87.00: "just a text"
      RenderSVGText {text} at (3700,900) size 87x26 contains 1 chunk(s)
        RenderSVGInlineText {#text} at (0,0) size 87x26
          chunk 1 text run 1 at (3700.00,920.00) startOffset 0 endOffset 11 width 87.00: "just a text"
      RenderSVGText {text} at (3800,900) size 87x26 contains 1 chunk(s)
        RenderSVGInlineText {#text} at (0,0) size 87x26
          chunk 1 text run 1 at (3800.00,920.00) startOffset 0 endOffset 11 width 87.00: "just a text"
      RenderSVGText {text} at (3900,900) size 87x26 contains 1 chunk(s)
        RenderSVGInlineText {#text} at (0,0) size 87x26
          chunk 1 text run 1 at (3900.00,920.00) startOffset 0 endOffset 11 width 87.00: "just a text"
      RenderSVGText {text} at (4000,900) size 87x26 contains 1 chunk(s)
        RenderSVGInlineText {#text} at (0,0) size 87x26
          chunk 1 text run 1 at (4000.00,920.00) startOffset 0 endOffset 11 width 87.00: "just a text"
      RenderSVGText {text} at (4100,900) size 87x26 contains 1 chunk(s)
        RenderSVGInlineText {#text} at (0,0) size 87x26
          chunk 1 text run 1 at (4100.00,920.00) startOffset 0 endOffset 11 width 87.00: "just a text"
      RenderSVGText {text} at (4200,900) size 87x26 contains 1 chunk(s)
        RenderSVGInlineText {#text} at (0,0) size 87x26
          chunk 1 text run 1 at (4200.00,920.00) startOffset 0 endOffset 11 width 87.00: "just a text"
      RenderSVGText {text} at (4300,900) size 87x26 contains 1 chunk(s)
        RenderSVGInlineText {#text} at (0,0) size 87x26
          chunk 1 text run 1 at (4300.00,920.00) startOffset 0 endOffset 11 width 87.00: "just a text"
      RenderSVGText {text} at (4400,900) size 87x26 contains 1 chunk(s)
        RenderSVGInlineText {#text} at (0,0) size 87x26
          chunk 1 text run 1 at (4400.00,920.00) startOffset 0 endOffset 11 width 87.00: "just a text"
      RenderSVGText {text} at (4500,900) size 87x26 contains 1 chunk(s)
        RenderSVGInlineText {#text} at (0,0) size 87x26
          chunk 1 text run 1 at (4500.00,920.00) startOffset 0 endOffset 11 width 87.00: "just a text"
      RenderSVGText {text} at (4600,900) size 87x26 contains 1 chunk(s)
        RenderSVGInlineText {#text} at (0,0) size 87x26
          chunk 1 text run 1 at (4600.00,920.00) startOffset 0 endOffset 11 width 87.00: "just a text"
      RenderSVGText {text} at (4700,900) size 87x26 contains 1 chunk(s)
        RenderSVGInlineText {#text} at (0,0) size 87x26
          chunk 1 text run 1 at (4700.00,920.00) startOffset 0 endOffset 11 width 87.00: "just a text"
      RenderSVGText {text} at (4800,900) size 87x26 contains 1 chunk(s)
        RenderSVGInlineText {#text} at (0,0) size 87x26
          chunk 1 text run 1 at (4800.00,920.00) startOffset 0 endOffset 11 width 87.00: "just a text"
      RenderSVGText {text} at (4900,900) size 87x26 contains 1 chunk(s)
        RenderSVGInlineText {#text} at (0,0) size 87x26
          chunk 1 text run 1 at (4900.00,920.00) startOffset 0 endOffset 11 width 87.00: "just a text"
      RenderSVGText {text} at (0,1000) size 87x26 contains 1 chunk(s)
        RenderSVGInlineText {#text} at (0,0) size 87x26
          chunk 1 text run 1 at (0.00,1020.00) startOffset 0 endOffset 11 width 87.00: "just a text"
      RenderSVGText {text} at (100,1000) size 87x26 contains 1 chunk(s)
        RenderSVGInlineText {#text} at (0,0) size 87x26
          chunk 1 text run 1 at (100.00,1020.00) startOffset 0 endOffset 11 width 87.00: "just a text"
      RenderSVGText {text} at (200,1000) size 87x26 contains 1 chunk(s)
        RenderSVGInlineText {#text} at (0,0) size 87x26
          chunk 1 text run 1 at (200.00,1020.00) startOffset 0 endOffset 11 width 87.00: "just a text"
      RenderSVGText {text} at (300,1000) size 87x26 contains 1 chunk(s)
        RenderSVGInlineText {#text} at (0,0) size 87x26
          chunk 1 text run 1 at (300.00,1020.00) startOffset 0 endOffset 11 width 87.00: "just a text"
      RenderSVGText {text} at (400,1000) size 87x26 contains 1 chunk(s)
        RenderSVGInlineText {#text} at (0,0) size 87x26
          chunk 1 text run 1 at (400.00,1020.00) startOffset 0 endOffset 11 width 87.00: "just a text"
      RenderSVGText {text} at (500,1000) size 87x26 contains 1 chunk(s)
        RenderSVGInlineText {#text} at (0,0) size 87x26
          chunk 1 text run 1 at (500.00,1020.00) startOffset 0 endOffset 11 width 87.00: "just a text"
      RenderSVGText {text} at (600,1000) size 87x26 contains 1 chunk(s)
        RenderSVGInlineText {#text} at (0,0) size 87x26
          chunk 1 text run 1 at (600.00,1020.00) startOffset 0 endOffset 11 width 87.00: "just a text"
      RenderSVGText {text} at (700,1000) size 87x26 contains 1 chunk(s)
        RenderSVGInlineText {#text} at (0,0) size 87x26
          chunk 1 text run 1 at (700.00,1020.00) startOffset 0 endOffset 11 width 87.00: "just a text"
      RenderSVGText {text} at (800,1000) size 87x26 contains 1 chunk(s)
        RenderSVGInlineText {#text} at (0,0) size 87x26
          chunk 1 text run 1 at (800.00,1020.00) startOffset 0 endOffset 11 width 87.00: "just a text"
      RenderSVGText {text} at (900,1000) size 87x26 contains 1 chunk(s)
        RenderSVGInlineText {#text} at (0,0) size 87x26
          chunk 1 text run 1 at (900.00,1020.00) startOffset 0 endOffset 11 width 87.00: "just a text"
      RenderSVGText {text} at (1000,1000) size 87x26 contains 1 chunk(s)
        RenderSVGInlineText {#text} at (0,0) size 87x26
          chunk 1 text run 1 at (1000.00,1020.00) startOffset 0 endOffset 11 width 87.00: "just a text"
      RenderSVGText {text} at (1100,1000) size 87x26 contains 1 chunk(s)
        RenderSVGInlineText {#text} at (0,0) size 87x26
          chunk 1 text run 1 at (1100.00,1020.00) startOffset 0 endOffset 11 width 87.00: "just a text"
      RenderSVGText {text} at (1200,1000) size 87x26 contains 1 chunk(s)
        RenderSVGInlineText {#text} at (0,0) size 87x26
          chunk 1 text run 1 at (1200.00,1020.00) startOffset 0 endOffset 11 width 87.00: "just a text"
      RenderSVGText {text} at (1300,1000) size 87x26 contains 1 chunk(s)
        RenderSVGInlineText {#text} at (0,0) size 87x26
          chunk 1 text run 1 at (1300.00,1020.00) startOffset 0 endOffset 11 width 87.00: "just a text"
      RenderSVGText {text} at (1400,1000) size 87x26 contains 1 chunk(s)
        RenderSVGInlineText {#text} at (0,0) size 87x26
          chunk 1 text run 1 at (1400.00,1020.00) startOffset 0 endOffset 11 width 87.00: "just a text"
      RenderSVGText {text} at (1500,1000) size 87x26 contains 1 chunk(s)
        RenderSVGInlineText {#text} at (0,0) size 87x26
          chunk 1 text run 1 at (1500.00,1020.00) startOffset 0 endOffset 11 width 87.00: "just a text"
      RenderSVGText {text} at (1600,1000) size 87x26 contains 1 chunk(s)
        RenderSVGInlineText {#text} at (0,0) size 87x26
          chunk 1 text run 1 at (1600.00,1020.00) startOffset 0 endOffset 11 width 87.00: "just a text"
      RenderSVGText {text} at (1700,1000) size 87x26 contains 1 chunk(s)
        RenderSVGInlineText {#text} at (0,0) size 87x26
          chunk 1 text run 1 at (1700.00,1020.00) startOffset 0 endOffset 11 width 87.00: "just a text"
      RenderSVGText {text} at (1800,1000) size 87x26 contains 1 chunk(s)
        RenderSVGInlineText {#text} at (0,0) size 87x26
          chunk 1 text run 1 at (1800.00,1020.00) startOffset 0 endOffset 11 width 87.00: "just a text"
      RenderSVGText {text} at (1900,1000) size 87x26 contains 1 chunk(s)
        RenderSVGInlineText {#text} at (0,0) size 87x26
          chunk 1 text run 1 at (1900.00,1020.00) startOffset 0 endOffset 11 width 87.00: "just a text"
      RenderSVGText {text} at (2000,1000) size 87x26 contains 1 chunk(s)
        RenderSVGInlineText {#text} at (0,0) size 87x26
          chunk 1 text run 1 at (2000.00,1020.00) startOffset 0 endOffset 11 width 87.00: "just a text"
      RenderSVGText {text} at (2100,1000) size 87x26 contains 1 chunk(s)
        RenderSVGInlineText {#text} at (0,0) size 87x26
          chunk 1 text run 1 at (2100.00,1020.00) startOffset 0 endOffset 11 width 87.00: "just a text"
      RenderSVGText {text} at (2200,1000) size 87x26 contains 1 chunk(s)
        RenderSVGInlineText {#text} at (0,0) size 87x26
          chunk 1 text run 1 at (2200.00,1020.00) startOffset 0 endOffset 11 width 87.00: "just a text"
      RenderSVGText {text} at (2300,1000) size 87x26 contains 1 chunk(s)
        RenderSVGInlineText {#text} at (0,0) size 87x26
          chunk 1 text run 1 at (2300.00,1020.00) startOffset 0 endOffset 11 width 87.00: "just a text"
      RenderSVGText {text} at (2400,1000) size 87x26 contains 1 chunk(s)
        RenderSVGInlineText {#text} at (0,0) size 87x26
          chunk 1 text run 1 at (2400.00,1020.00) startOffset 0 endOffset 11 width 87.00: "just a text"
      RenderSVGText {text} at (2500,1000) size 87x26 contains 1 chunk(s)
        RenderSVGInlineText {#text} at (0,0) size 87x26
          chunk 1 text run 1 at (2500.00,1020.00) startOffset 0 endOffset 11 width 87.00: "just a text"
      RenderSVGText {text} at (2600,1000) size 87x26 contains 1 chunk(s)
        RenderSVGInlineText {#text} at (0,0) size 87x26
          chunk 1 text run 1 at (2600.00,1020.00) startOffset 0 endOffset 11 width 87.00: "just a text"
      RenderSVGText {text} at (2700,1000) size 87x26 contains 1 chunk(s)
        RenderSVGInlineText {#text} at (0,0) size 87x26
          chunk 1 text run 1 at (2700.00,1020.00) startOffset 0 endOffset 11 width 87.00: "just a text"
      RenderSVGText {text} at (2800,1000) size 87x26 contains 1 chunk(s)
        RenderSVGInlineText {#text} at (0,0) size 87x26
          chunk 1 text run 1 at (2800.00,1020.00) startOffset 0 endOffset 11 width 87.00: "just a text"
      RenderSVGText {text} at (2900,1000) size 87x26 contains 1 chunk(s)
        RenderSVGInlineText {#text} at (0,0) size 87x26
          chunk 1 text run 1 at (2900.00,1020.00) startOffset 0 endOffset 11 width 87.00: "just a text"
      RenderSVGText {text} at (3000,1000) size 87x26 contains 1 chunk(s)
        RenderSVGInlineText {#text} at (0,0) size 87x26
          chunk 1 text run 1 at (3000.00,1020.00) startOffset 0 endOffset 11 width 87.00: "just a text"
      RenderSVGText {text} at (3100,1000) size 87x26 contains 1 chunk(s)
        RenderSVGInlineText {#text} at (0,0) size 87x26
          chunk 1 text run 1 at (3100.00,1020.00) startOffset 0 endOffset 11 width 87.00: "just a text"
      RenderSVGText {text} at (3200,1000) size 87x26 contains 1 chunk(s)
        RenderSVGInlineText {#text} at (0,0) size 87x26
          chunk 1 text run 1 at (3200.00,1020.00) startOffset 0 endOffset 11 width 87.00: "just a text"
      RenderSVGText {text} at (3300,1000) size 87x26 contains 1 chunk(s)
        RenderSVGInlineText {#text} at (0,0) size 87x26
          chunk 1 text run 1 at (3300.00,1020.00) startOffset 0 endOffset 11 width 87.00: "just a text"
      RenderSVGText {text} at (3400,1000) size 87x26 contains 1 chunk(s)
        RenderSVGInlineText {#text} at (0,0) size 87x26
          chunk 1 text run 1 at (3400.00,1020.00) startOffset 0 endOffset 11 width 87.00: "just a text"
      RenderSVGText {text} at (3500,1000) size 87x26 contains 1 chunk(s)
        RenderSVGInlineText {#text} at (0,0) size 87x26
          chunk 1 text run 1 at (3500.00,1020.00) startOffset 0 endOffset 11 width 87.00: "just a text"
      RenderSVGText {text} at (3600,1000) size 87x26 contains 1 chunk(s)
        RenderSVGInlineText {#text} at (0,0) size 87x26
          chunk 1 text run 1 at (3600.00,1020.00) startOffset 0 endOffset 11 width 87.00: "just a text"
      RenderSVGText {text} at (3700,1000) size 87x26 contains 1 chunk(s)
        RenderSVGInlineText {#text} at (0,0) size 87x26
          chunk 1 text run 1 at (3700.00,1020.00) startOffset 0 endOffset 11 width 87.00: "just a text"
      RenderSVGText {text} at (3800,1000) size 87x26 contains 1 chunk(s)
        RenderSVGInlineText {#text} at (0,0) size 87x26
          chunk 1 text run 1 at (3800.00,1020.00) startOffset 0 endOffset 11 width 87.00: "just a text"
      RenderSVGText {text} at (3900,1000) size 87x26 contains 1 chunk(s)
        RenderSVGInlineText {#text} at (0,0) size 87x26
          chunk 1 text run 1 at (3900.00,1020.00) startOffset 0 endOffset 11 width 87.00: "just a text"
      RenderSVGText {text} at (4000,1000) size 87x26 contains 1 chunk(s)
        RenderSVGInlineText {#text} at (0,0) size 87x26
          chunk 1 text run 1 at (4000.00,1020.00) startOffset 0 endOffset 11 width 87.00: "just a text"
      RenderSVGText {text} at (4100,1000) size 87x26 contains 1 chunk(s)
        RenderSVGInlineText {#text} at (0,0) size 87x26
          chunk 1 text run 1 at (4100.00,1020.00) startOffset 0 endOffset 11 width 87.00: "just a text"
      RenderSVGText {text} at (4200,1000) size 87x26 contains 1 chunk(s)
        RenderSVGInlineText {#text} at (0,0) size 87x26
          chunk 1 text run 1 at (4200.00,1020.00) startOffset 0 endOffset 11 width 87.00: "just a text"
      RenderSVGText {text} at (4300,1000) size 87x26 contains 1 chunk(s)
        RenderSVGInlineText {#text} at (0,0) size 87x26
          chunk 1 text run 1 at (4300.00,1020.00) startOffset 0 endOffset 11 width 87.00: "just a text"
      RenderSVGText {text} at (4400,1000) size 87x26 contains 1 chunk(s)
        RenderSVGInlineText {#text} at (0,0) size 87x26
          chunk 1 text run 1 at (4400.00,1020.00) startOffset 0 endOffset 11 width 87.00: "just a text"
      RenderSVGText {text} at (4500,1000) size 87x26 contains 1 chunk(s)
        RenderSVGInlineText {#text} at (0,0) size 87x26
          chunk 1 text run 1 at (4500.00,1020.00) startOffset 0 endOffset 11 width 87.00: "just a text"
      RenderSVGText {text} at (4600,1000) size 87x26 contains 1 chunk(s)
        RenderSVGInlineText {#text} at (0,0) size 87x26
          chunk 1 text run 1 at (4600.00,1020.00) startOffset 0 endOffset 11 width 87.00: "just a text"
      RenderSVGText {text} at (4700,1000) size 87x26 contains 1 chunk(s)
        RenderSVGInlineText {#text} at (0,0) size 87x26
          chunk 1 text run 1 at (4700.00,1020.00) startOffset 0 endOffset 11 width 87.00: "just a text"
      RenderSVGText {text} at (4800,1000) size 87x26 contains 1 chunk(s)
        RenderSVGInlineText {#text} at (0,0) size 87x26
          chunk 1 text run 1 at (4800.00,1020.00) startOffset 0 endOffset 11 width 87.00: "just a text"
      RenderSVGText {text} at (4900,1000) size 87x26 contains 1 chunk(s)
        RenderSVGInlineText {#text} at (0,0) size 87x26
          chunk 1 text run 1 at (4900.00,1020.00) startOffset 0 endOffset 11 width 87.00: "just a text"
      RenderSVGText {text} at (0,1100) size 87x26 contains 1 chunk(s)
        RenderSVGInlineText {#text} at (0,0) size 87x26
          chunk 1 text run 1 at (0.00,1120.00) startOffset 0 endOffset 11 width 87.00: "just a text"
      RenderSVGText {text} at (100,1100) size 87x26 contains 1 chunk(s)
        RenderSVGInlineText {#text} at (0,0) size 87x26
          chunk 1 text run 1 at (100.00,1120.00) startOffset 0 endOffset 11 width 87.00: "just a text"
      RenderSVGText {text} at (200,1100) size 87x26 contains 1 chunk(s)
        RenderSVGInlineText {#text} at (0,0) size 87x26
          chunk 1 text run 1 at (200.00,1120.00) startOffset 0 endOffset 11 width 87.00: "just a text"
      RenderSVGText {text} at (300,1100) size 87x26 contains 1 chunk(s)
        RenderSVGInlineText {#text} at (0,0) size 87x26
          chunk 1 text run 1 at (300.00,1120.00) startOffset 0 endOffset 11 width 87.00: "just a text"
      RenderSVGText {text} at (400,1100) size 87x26 contains 1 chunk(s)
        RenderSVGInlineText {#text} at (0,0) size 87x26
          chunk 1 text run 1 at (400.00,1120.00) startOffset 0 endOffset 11 width 87.00: "just a text"
      RenderSVGText {text} at (500,1100) size 87x26 contains 1 chunk(s)
        RenderSVGInlineText {#text} at (0,0) size 87x26
          chunk 1 text run 1 at (500.00,1120.00) startOffset 0 endOffset 11 width 87.00: "just a text"
      RenderSVGText {text} at (600,1100) size 87x26 contains 1 chunk(s)
        RenderSVGInlineText {#text} at (0,0) size 87x26
          chunk 1 text run 1 at (600.00,1120.00) startOffset 0 endOffset 11 width 87.00: "just a text"
      RenderSVGText {text} at (700,1100) size 87x26 contains 1 chunk(s)
        RenderSVGInlineText {#text} at (0,0) size 87x26
          chunk 1 text run 1 at (700.00,1120.00) startOffset 0 endOffset 11 width 87.00: "just a text"
      RenderSVGText {text} at (800,1100) size 87x26 contains 1 chunk(s)
        RenderSVGInlineText {#text} at (0,0) size 87x26
          chunk 1 text run 1 at (800.00,1120.00) startOffset 0 endOffset 11 width 87.00: "just a text"
      RenderSVGText {text} at (900,1100) size 87x26 contains 1 chunk(s)
        RenderSVGInlineText {#text} at (0,0) size 87x26
          chunk 1 text run 1 at (900.00,1120.00) startOffset 0 endOffset 11 width 87.00: "just a text"
      RenderSVGText {text} at (1000,1100) size 87x26 contains 1 chunk(s)
        RenderSVGInlineText {#text} at (0,0) size 87x26
          chunk 1 text run 1 at (1000.00,1120.00) startOffset 0 endOffset 11 width 87.00: "just a text"
      RenderSVGText {text} at (1100,1100) size 87x26 contains 1 chunk(s)
        RenderSVGInlineText {#text} at (0,0) size 87x26
          chunk 1 text run 1 at (1100.00,1120.00) startOffset 0 endOffset 11 width 87.00: "just a text"
      RenderSVGText {text} at (1200,1100) size 87x26 contains 1 chunk(s)
        RenderSVGInlineText {#text} at (0,0) size 87x26
          chunk 1 text run 1 at (1200.00,1120.00) startOffset 0 endOffset 11 width 87.00: "just a text"
      RenderSVGText {text} at (1300,1100) size 87x26 contains 1 chunk(s)
        RenderSVGInlineText {#text} at (0,0) size 87x26
          chunk 1 text run 1 at (1300.00,1120.00) startOffset 0 endOffset 11 width 87.00: "just a text"
      RenderSVGText {text} at (1400,1100) size 87x26 contains 1 chunk(s)
        RenderSVGInlineText {#text} at (0,0) size 87x26
          chunk 1 text run 1 at (1400.00,1120.00) startOffset 0 endOffset 11 width 87.00: "just a text"
      RenderSVGText {text} at (1500,1100) size 87x26 contains 1 chunk(s)
        RenderSVGInlineText {#text} at (0,0) size 87x26
          chunk 1 text run 1 at (1500.00,1120.00) startOffset 0 endOffset 11 width 87.00: "just a text"
      RenderSVGText {text} at (1600,1100) size 87x26 contains 1 chunk(s)
        RenderSVGInlineText {#text} at (0,0) size 87x26
          chunk 1 text run 1 at (1600.00,1120.00) startOffset 0 endOffset 11 width 87.00: "just a text"
      RenderSVGText {text} at (1700,1100) size 87x26 contains 1 chunk(s)
        RenderSVGInlineText {#text} at (0,0) size 87x26
          chunk 1 text run 1 at (1700.00,1120.00) startOffset 0 endOffset 11 width 87.00: "just a text"
      RenderSVGText {text} at (1800,1100) size 87x26 contains 1 chunk(s)
        RenderSVGInlineText {#text} at (0,0) size 87x26
          chunk 1 text run 1 at (1800.00,1120.00) startOffset 0 endOffset 11 width 87.00: "just a text"
      RenderSVGText {text} at (1900,1100) size 87x26 contains 1 chunk(s)
        RenderSVGInlineText {#text} at (0,0) size 87x26
          chunk 1 text run 1 at (1900.00,1120.00) startOffset 0 endOffset 11 width 87.00: "just a text"
      RenderSVGText {text} at (2000,1100) size 87x26 contains 1 chunk(s)
        RenderSVGInlineText {#text} at (0,0) size 87x26
          chunk 1 text run 1 at (2000.00,1120.00) startOffset 0 endOffset 11 width 87.00: "just a text"
      RenderSVGText {text} at (2100,1100) size 87x26 contains 1 chunk(s)
        RenderSVGInlineText {#text} at (0,0) size 87x26
          chunk 1 text run 1 at (2100.00,1120.00) startOffset 0 endOffset 11 width 87.00: "just a text"
      RenderSVGText {text} at (2200,1100) size 87x26 contains 1 chunk(s)
        RenderSVGInlineText {#text} at (0,0) size 87x26
          chunk 1 text run 1 at (2200.00,1120.00) startOffset 0 endOffset 11 width 87.00: "just a text"
      RenderSVGText {text} at (2300,1100) size 87x26 contains 1 chunk(s)
        RenderSVGInlineText {#text} at (0,0) size 87x26
          chunk 1 text run 1 at (2300.00,1120.00) startOffset 0 endOffset 11 width 87.00: "just a text"
      RenderSVGText {text} at (2400,1100) size 87x26 contains 1 chunk(s)
        RenderSVGInlineText {#text} at (0,0) size 87x26
          chunk 1 text run 1 at (2400.00,1120.00) startOffset 0 endOffset 11 width 87.00: "just a text"
      RenderSVGText {text} at (2500,1100) size 87x26 contains 1 chunk(s)
        RenderSVGInlineText {#text} at (0,0) size 87x26
          chunk 1 text run 1 at (2500.00,1120.00) startOffset 0 endOffset 11 width 87.00: "just a text"
      RenderSVGText {text} at (2600,1100) size 87x26 contains 1 chunk(s)
        RenderSVGInlineText {#text} at (0,0) size 87x26
          chunk 1 text run 1 at (2600.00,1120.00) startOffset 0 endOffset 11 width 87.00: "just a text"
      RenderSVGText {text} at (2700,1100) size 87x26 contains 1 chunk(s)
        RenderSVGInlineText {#text} at (0,0) size 87x26
          chunk 1 text run 1 at (2700.00,1120.00) startOffset 0 endOffset 11 width 87.00: "just a text"
      RenderSVGText {text} at (2800,1100) size 87x26 contains 1 chunk(s)
        RenderSVGInlineText {#text} at (0,0) size 87x26
          chunk 1 text run 1 at (2800.00,1120.00) startOffset 0 endOffset 11 width 87.00: "just a text"
      RenderSVGText {text} at (2900,1100) size 87x26 contains 1 chunk(s)
        RenderSVGInlineText {#text} at (0,0) size 87x26
          chunk 1 text run 1 at (2900.00,1120.00) startOffset 0 endOffset 11 width 87.00: "just a text"
      RenderSVGText {text} at (3000,1100) size 87x26 contains 1 chunk(s)
        RenderSVGInlineText {#text} at (0,0) size 87x26
          chunk 1 text run 1 at (3000.00,1120.00) startOffset 0 endOffset 11 width 87.00: "just a text"
      RenderSVGText {text} at (3100,1100) size 87x26 contains 1 chunk(s)
        RenderSVGInlineText {#text} at (0,0) size 87x26
          chunk 1 text run 1 at (3100.00,1120.00) startOffset 0 endOffset 11 width 87.00: "just a text"
      RenderSVGText {text} at (3200,1100) size 87x26 contains 1 chunk(s)
        RenderSVGInlineText {#text} at (0,0) size 87x26
          chunk 1 text run 1 at (3200.00,1120.00) startOffset 0 endOffset 11 width 87.00: "just a text"
      RenderSVGText {text} at (3300,1100) size 87x26 contains 1 chunk(s)
        RenderSVGInlineText {#text} at (0,0) size 87x26
          chunk 1 text run 1 at (3300.00,1120.00) startOffset 0 endOffset 11 width 87.00: "just a text"
      RenderSVGText {text} at (3400,1100) size 87x26 contains 1 chunk(s)
        RenderSVGInlineText {#text} at (0,0) size 87x26
          chunk 1 text run 1 at (3400.00,1120.00) startOffset 0 endOffset 11 width 87.00: "just a text"
      RenderSVGText {text} at (3500,1100) size 87x26 contains 1 chunk(s)
        RenderSVGInlineText {#text} at (0,0) size 87x26
          chunk 1 text run 1 at (3500.00,1120.00) startOffset 0 endOffset 11 width 87.00: "just a text"
      RenderSVGText {text} at (3600,1100) size 87x26 contains 1 chunk(s)
        RenderSVGInlineText {#text} at (0,0) size 87x26
          chunk 1 text run 1 at (3600.00,1120.00) startOffset 0 endOffset 11 width 87.00: "just a text"
      RenderSVGText {text} at (3700,1100) size 87x26 contains 1 chunk(s)
        RenderSVGInlineText {#text} at (0,0) size 87x26
          chunk 1 text run 1 at (3700.00,1120.00) startOffset 0 endOffset 11 width 87.00: "just a text"
      RenderSVGText {text} at (3800,1100) size 87x26 contains 1 chunk(s)
        RenderSVGInlineText {#text} at (0,0) size 87x26
          chunk 1 text run 1 at (3800.00,1120.00) startOffset 0 endOffset 11 width 87.00: "just a text"
      RenderSVGText {text} at (3900,1100) size 87x26 contains 1 chunk(s)
        RenderSVGInlineText {#text} at (0,0) size 87x26
          chunk 1 text run 1 at (3900.00,1120.00) startOffset 0 endOffset 11 width 87.00: "just a text"
      RenderSVGText {text} at (4000,1100) size 87x26 contains 1 chunk(s)
        RenderSVGInlineText {#text} at (0,0) size 87x26
          chunk 1 text run 1 at (4000.00,1120.00) startOffset 0 endOffset 11 width 87.00: "just a text"
      RenderSVGText {text} at (4100,1100) size 87x26 contains 1 chunk(s)
        RenderSVGInlineText {#text} at (0,0) size 87x26
          chunk 1 text run 1 at (4100.00,1120.00) startOffset 0 endOffset 11 width 87.00: "just a text"
      RenderSVGText {text} at (4200,1100) size 87x26 contains 1 chunk(s)
        RenderSVGInlineText {#text} at (0,0) size 87x26
          chunk 1 text run 1 at (4200.00,1120.00) startOffset 0 endOffset 11 width 87.00: "just a text"
      RenderSVGText {text} at (4300,1100) size 87x26 contains 1 chunk(s)
        RenderSVGInlineText {#text} at (0,0) size 87x26
          chunk 1 text run 1 at (4300.00,1120.00) startOffset 0 endOffset 11 width 87.00: "just a text"
      RenderSVGText {text} at (4400,1100) size 87x26 contains 1 chunk(s)
        RenderSVGInlineText {#text} at (0,0) size 87x26
          chunk 1 text run 1 at (4400.00,1120.00) startOffset 0 endOffset 11 width 87.00: "just a text"
      RenderSVGText {text} at (4500,1100) size 87x26 contains 1 chunk(s)
        RenderSVGInlineText {#text} at (0,0) size 87x26
          chunk 1 text run 1 at (4500.00,1120.00) startOffset 0 endOffset 11 width 87.00: "just a text"
      RenderSVGText {text} at (4600,1100) size 87x26 contains 1 chunk(s)
        RenderSVGInlineText {#text} at (0,0) size 87x26
          chunk 1 text run 1 at (4600.00,1120.00) startOffset 0 endOffset 11 width 87.00: "just a text"
      RenderSVGText {text} at (4700,1100) size 87x26 contains 1 chunk(s)
        RenderSVGInlineText {#text} at (0,0) size 87x26
          chunk 1 text run 1 at (4700.00,1120.00) startOffset 0 endOffset 11 width 87.00: "just a text"
      RenderSVGText {text} at (4800,1100) size 87x26 contains 1 chunk(s)
        RenderSVGInlineText {#text} at (0,0) size 87x26
          chunk 1 text run 1 at (4800.00,1120.00) startOffset 0 endOffset 11 width 87.00: "just a text"
      RenderSVGText {text} at (4900,1100) size 87x26 contains 1 chunk(s)
        RenderSVGInlineText {#text} at (0,0) size 87x26
          chunk 1 text run 1 at (4900.00,1120.00) startOffset 0 endOffset 11 width 87.00: "just a text"
      RenderSVGText {text} at (0,1200) size 87x26 contains 1 chunk(s)
        RenderSVGInlineText {#text} at (0,0) size 87x26
          chunk 1 text run 1 at (0.00,1220.00) startOffset 0 endOffset 11 width 87.00: "just a text"
      RenderSVGText {text} at (100,1200) size 87x26 contains 1 chunk(s)
        RenderSVGInlineText {#text} at (0,0) size 87x26
          chunk 1 text run 1 at (100.00,1220.00) startOffset 0 endOffset 11 width 87.00: "just a text"
      RenderSVGText {text} at (200,1200) size 87x26 contains 1 chunk(s)
        RenderSVGInlineText {#text} at (0,0) size 87x26
          chunk 1 text run 1 at (200.00,1220.00) startOffset 0 endOffset 11 width 87.00: "just a text"
      RenderSVGText {text} at (300,1200) size 87x26 contains 1 chunk(s)
        RenderSVGInlineText {#text} at (0,0) size 87x26
          chunk 1 text run 1 at (300.00,1220.00) startOffset 0 endOffset 11 width 87.00: "just a text"
      RenderSVGText {text} at (400,1200) size 87x26 contains 1 chunk(s)
        RenderSVGInlineText {#text} at (0,0) size 87x26
          chunk 1 text run 1 at (400.00,1220.00) startOffset 0 endOffset 11 width 87.00: "just a text"
      RenderSVGText {text} at (500,1200) size 87x26 contains 1 chunk(s)
        RenderSVGInlineText {#text} at (0,0) size 87x26
          chunk 1 text run 1 at (500.00,1220.00) startOffset 0 endOffset 11 width 87.00: "just a text"
      RenderSVGText {text} at (600,1200) size 87x26 contains 1 chunk(s)
        RenderSVGInlineText {#text} at (0,0) size 87x26
          chunk 1 text run 1 at (600.00,1220.00) startOffset 0 endOffset 11 width 87.00: "just a text"
      RenderSVGText {text} at (700,1200) size 87x26 contains 1 chunk(s)
        RenderSVGInlineText {#text} at (0,0) size 87x26
          chunk 1 text run 1 at (700.00,1220.00) startOffset 0 endOffset 11 width 87.00: "just a text"
      RenderSVGText {text} at (800,1200) size 87x26 contains 1 chunk(s)
        RenderSVGInlineText {#text} at (0,0) size 87x26
          chunk 1 text run 1 at (800.00,1220.00) startOffset 0 endOffset 11 width 87.00: "just a text"
      RenderSVGText {text} at (900,1200) size 87x26 contains 1 chunk(s)
        RenderSVGInlineText {#text} at (0,0) size 87x26
          chunk 1 text run 1 at (900.00,1220.00) startOffset 0 endOffset 11 width 87.00: "just a text"
      RenderSVGText {text} at (1000,1200) size 87x26 contains 1 chunk(s)
        RenderSVGInlineText {#text} at (0,0) size 87x26
          chunk 1 text run 1 at (1000.00,1220.00) startOffset 0 endOffset 11 width 87.00: "just a text"
      RenderSVGText {text} at (1100,1200) size 87x26 contains 1 chunk(s)
        RenderSVGInlineText {#text} at (0,0) size 87x26
          chunk 1 text run 1 at (1100.00,1220.00) startOffset 0 endOffset 11 width 87.00: "just a text"
      RenderSVGText {text} at (1200,1200) size 87x26 contains 1 chunk(s)
        RenderSVGInlineText {#text} at (0,0) size 87x26
          chunk 1 text run 1 at (1200.00,1220.00) startOffset 0 endOffset 11 width 87.00: "just a text"
      RenderSVGText {text} at (1300,1200) size 87x26 contains 1 chunk(s)
        RenderSVGInlineText {#text} at (0,0) size 87x26
          chunk 1 text run 1 at (1300.00,1220.00) startOffset 0 endOffset 11 width 87.00: "just a text"
      RenderSVGText {text} at (1400,1200) size 87x26 contains 1 chunk(s)
        RenderSVGInlineText {#text} at (0,0) size 87x26
          chunk 1 text run 1 at (1400.00,1220.00) startOffset 0 endOffset 11 width 87.00: "just a text"
      RenderSVGText {text} at (1500,1200) size 87x26 contains 1 chunk(s)
        RenderSVGInlineText {#text} at (0,0) size 87x26
          chunk 1 text run 1 at (1500.00,1220.00) startOffset 0 endOffset 11 width 87.00: "just a text"
      RenderSVGText {text} at (1600,1200) size 87x26 contains 1 chunk(s)
        RenderSVGInlineText {#text} at (0,0) size 87x26
          chunk 1 text run 1 at (1600.00,1220.00) startOffset 0 endOffset 11 width 87.00: "just a text"
      RenderSVGText {text} at (1700,1200) size 87x26 contains 1 chunk(s)
        RenderSVGInlineText {#text} at (0,0) size 87x26
          chunk 1 text run 1 at (1700.00,1220.00) startOffset 0 endOffset 11 width 87.00: "just a text"
      RenderSVGText {text} at (1800,1200) size 87x26 contains 1 chunk(s)
        RenderSVGInlineText {#text} at (0,0) size 87x26
          chunk 1 text run 1 at (1800.00,1220.00) startOffset 0 endOffset 11 width 87.00: "just a text"
      RenderSVGText {text} at (1900,1200) size 87x26 contains 1 chunk(s)
        RenderSVGInlineText {#text} at (0,0) size 87x26
          chunk 1 text run 1 at (1900.00,1220.00) startOffset 0 endOffset 11 width 87.00: "just a text"
      RenderSVGText {text} at (2000,1200) size 87x26 contains 1 chunk(s)
        RenderSVGInlineText {#text} at (0,0) size 87x26
          chunk 1 text run 1 at (2000.00,1220.00) startOffset 0 endOffset 11 width 87.00: "just a text"
      RenderSVGText {text} at (2100,1200) size 87x26 contains 1 chunk(s)
        RenderSVGInlineText {#text} at (0,0) size 87x26
          chunk 1 text run 1 at (2100.00,1220.00) startOffset 0 endOffset 11 width 87.00: "just a text"
      RenderSVGText {text} at (2200,1200) size 87x26 contains 1 chunk(s)
        RenderSVGInlineText {#text} at (0,0) size 87x26
          chunk 1 text run 1 at (2200.00,1220.00) startOffset 0 endOffset 11 width 87.00: "just a text"
      RenderSVGText {text} at (2300,1200) size 87x26 contains 1 chunk(s)
        RenderSVGInlineText {#text} at (0,0) size 87x26
          chunk 1 text run 1 at (2300.00,1220.00) startOffset 0 endOffset 11 width 87.00: "just a text"
      RenderSVGText {text} at (2400,1200) size 87x26 contains 1 chunk(s)
        RenderSVGInlineText {#text} at (0,0) size 87x26
          chunk 1 text run 1 at (2400.00,1220.00) startOffset 0 endOffset 11 width 87.00: "just a text"
      RenderSVGText {text} at (2500,1200) size 87x26 contains 1 chunk(s)
        RenderSVGInlineText {#text} at (0,0) size 87x26
          chunk 1 text run 1 at (2500.00,1220.00) startOffset 0 endOffset 11 width 87.00: "just a text"
      RenderSVGText {text} at (2600,1200) size 87x26 contains 1 chunk(s)
        RenderSVGInlineText {#text} at (0,0) size 87x26
          chunk 1 text run 1 at (2600.00,1220.00) startOffset 0 endOffset 11 width 87.00: "just a text"
      RenderSVGText {text} at (2700,1200) size 87x26 contains 1 chunk(s)
        RenderSVGInlineText {#text} at (0,0) size 87x26
          chunk 1 text run 1 at (2700.00,1220.00) startOffset 0 endOffset 11 width 87.00: "just a text"
      RenderSVGText {text} at (2800,1200) size 87x26 contains 1 chunk(s)
        RenderSVGInlineText {#text} at (0,0) size 87x26
          chunk 1 text run 1 at (2800.00,1220.00) startOffset 0 endOffset 11 width 87.00: "just a text"
      RenderSVGText {text} at (2900,1200) size 87x26 contains 1 chunk(s)
        RenderSVGInlineText {#text} at (0,0) size 87x26
          chunk 1 text run 1 at (2900.00,1220.00) startOffset 0 endOffset 11 width 87.00: "just a text"
      RenderSVGText {text} at (3000,1200) size 87x26 contains 1 chunk(s)
        RenderSVGInlineText {#text} at (0,0) size 87x26
          chunk 1 text run 1 at (3000.00,1220.00) startOffset 0 endOffset 11 width 87.00: "just a text"
      RenderSVGText {text} at (3100,1200) size 87x26 contains 1 chunk(s)
        RenderSVGInlineText {#text} at (0,0) size 87x26
          chunk 1 text run 1 at (3100.00,1220.00) startOffset 0 endOffset 11 width 87.00: "just a text"
      RenderSVGText {text} at (3200,1200) size 87x26 contains 1 chunk(s)
        RenderSVGInlineText {#text} at (0,0) size 87x26
          chunk 1 text run 1 at (3200.00,1220.00) startOffset 0 endOffset 11 width 87.00: "just a text"
      RenderSVGText {text} at (3300,1200) size 87x26 contains 1 chunk(s)
        RenderSVGInlineText {#text} at (0,0) size 87x26
          chunk 1 text run 1 at (3300.00,1220.00) startOffset 0 endOffset 11 width 87.00: "just a text"
      RenderSVGText {text} at (3400,1200) size 87x26 contains 1 chunk(s)
        RenderSVGInlineText {#text} at (0,0) size 87x26
          chunk 1 text run 1 at (3400.00,1220.00) startOffset 0 endOffset 11 width 87.00: "just a text"
      RenderSVGText {text} at (3500,1200) size 87x26 contains 1 chunk(s)
        RenderSVGInlineText {#text} at (0,0) size 87x26
          chunk 1 text run 1 at (3500.00,1220.00) startOffset 0 endOffset 11 width 87.00: "just a text"
      RenderSVGText {text} at (3600,1200) size 87x26 contains 1 chunk(s)
        RenderSVGInlineText {#text} at (0,0) size 87x26
          chunk 1 text run 1 at (3600.00,1220.00) startOffset 0 endOffset 11 width 87.00: "just a text"
      RenderSVGText {text} at (3700,1200) size 87x26 contains 1 chunk(s)
        RenderSVGInlineText {#text} at (0,0) size 87x26
          chunk 1 text run 1 at (3700.00,1220.00) startOffset 0 endOffset 11 width 87.00: "just a text"
      RenderSVGText {text} at (3800,1200) size 87x26 contains 1 chunk(s)
        RenderSVGInlineText {#text} at (0,0) size 87x26
          chunk 1 text run 1 at (3800.00,1220.00) startOffset 0 endOffset 11 width 87.00: "just a text"
      RenderSVGText {text} at (3900,1200) size 87x26 contains 1 chunk(s)
        RenderSVGInlineText {#text} at (0,0) size 87x26
          chunk 1 text run 1 at (3900.00,1220.00) startOffset 0 endOffset 11 width 87.00: "just a text"
      RenderSVGText {text} at (4000,1200) size 87x26 contains 1 chunk(s)
        RenderSVGInlineText {#text} at (0,0) size 87x26
          chunk 1 text run 1 at (4000.00,1220.00) startOffset 0 endOffset 11 width 87.00: "just a text"
      RenderSVGText {text} at (4100,1200) size 87x26 contains 1 chunk(s)
        RenderSVGInlineText {#text} at (0,0) size 87x26
          chunk 1 text run 1 at (4100.00,1220.00) startOffset 0 endOffset 11 width 87.00: "just a text"
      RenderSVGText {text} at (4200,1200) size 87x26 contains 1 chunk(s)
        RenderSVGInlineText {#text} at (0,0) size 87x26
          chunk 1 text run 1 at (4200.00,1220.00) startOffset 0 endOffset 11 width 87.00: "just a text"
      RenderSVGText {text} at (4300,1200) size 87x26 contains 1 chunk(s)
        RenderSVGInlineText {#text} at (0,0) size 87x26
          chunk 1 text run 1 at (4300.00,1220.00) startOffset 0 endOffset 11 width 87.00: "just a text"
      RenderSVGText {text} at (4400,1200) size 87x26 contains 1 chunk(s)
        RenderSVGInlineText {#text} at (0,0) size 87x26
          chunk 1 text run 1 at (4400.00,1220.00) startOffset 0 endOffset 11 width 87.00: "just a text"
      RenderSVGText {text} at (4500,1200) size 87x26 contains 1 chunk(s)
        RenderSVGInlineText {#text} at (0,0) size 87x26
          chunk 1 text run 1 at (4500.00,1220.00) startOffset 0 endOffset 11 width 87.00: "just a text"
      RenderSVGText {text} at (4600,1200) size 87x26 contains 1 chunk(s)
        RenderSVGInlineText {#text} at (0,0) size 87x26
          chunk 1 text run 1 at (4600.00,1220.00) startOffset 0 endOffset 11 width 87.00: "just a text"
      RenderSVGText {text} at (4700,1200) size 87x26 contains 1 chunk(s)
        RenderSVGInlineText {#text} at (0,0) size 87x26
          chunk 1 text run 1 at (4700.00,1220.00) startOffset 0 endOffset 11 width 87.00: "just a text"
      RenderSVGText {text} at (4800,1200) size 87x26 contains 1 chunk(s)
        RenderSVGInlineText {#text} at (0,0) size 87x26
          chunk 1 text run 1 at (4800.00,1220.00) startOffset 0 endOffset 11 width 87.00: "just a text"
      RenderSVGText {text} at (4900,1200) size 87x26 contains 1 chunk(s)
        RenderSVGInlineText {#text} at (0,0) size 87x26
          chunk 1 text run 1 at (4900.00,1220.00) startOffset 0 endOffset 11 width 87.00: "just a text"
      RenderSVGText {text} at (0,1300) size 87x26 contains 1 chunk(s)
        RenderSVGInlineText {#text} at (0,0) size 87x26
          chunk 1 text run 1 at (0.00,1320.00) startOffset 0 endOffset 11 width 87.00: "just a text"
      RenderSVGText {text} at (100,1300) size 87x26 contains 1 chunk(s)
        RenderSVGInlineText {#text} at (0,0) size 87x26
          chunk 1 text run 1 at (100.00,1320.00) startOffset 0 endOffset 11 width 87.00: "just a text"
      RenderSVGText {text} at (200,1300) size 87x26 contains 1 chunk(s)
        RenderSVGInlineText {#text} at (0,0) size 87x26
          chunk 1 text run 1 at (200.00,1320.00) startOffset 0 endOffset 11 width 87.00: "just a text"
      RenderSVGText {text} at (300,1300) size 87x26 contains 1 chunk(s)
        RenderSVGInlineText {#text} at (0,0) size 87x26
          chunk 1 text run 1 at (300.00,1320.00) startOffset 0 endOffset 11 width 87.00: "just a text"
      RenderSVGText {text} at (400,1300) size 87x26 contains 1 chunk(s)
        RenderSVGInlineText {#text} at (0,0) size 87x26
          chunk 1 text run 1 at (400.00,1320.00) startOffset 0 endOffset 11 width 87.00: "just a text"
      RenderSVGText {text} at (500,1300) size 87x26 contains 1 chunk(s)
        RenderSVGInlineText {#text} at (0,0) size 87x26
          chunk 1 text run 1 at (500.00,1320.00) startOffset 0 endOffset 11 width 87.00: "just a text"
      RenderSVGText {text} at (600,1300) size 87x26 contains 1 chunk(s)
        RenderSVGInlineText {#text} at (0,0) size 87x26
          chunk 1 text run 1 at (600.00,1320.00) startOffset 0 endOffset 11 width 87.00: "just a text"
      RenderSVGText {text} at (700,1300) size 87x26 contains 1 chunk(s)
        RenderSVGInlineText {#text} at (0,0) size 87x26
          chunk 1 text run 1 at (700.00,1320.00) startOffset 0 endOffset 11 width 87.00: "just a text"
      RenderSVGText {text} at (800,1300) size 87x26 contains 1 chunk(s)
        RenderSVGInlineText {#text} at (0,0) size 87x26
          chunk 1 text run 1 at (800.00,1320.00) startOffset 0 endOffset 11 width 87.00: "just a text"
      RenderSVGText {text} at (900,1300) size 87x26 contains 1 chunk(s)
        RenderSVGInlineText {#text} at (0,0) size 87x26
          chunk 1 text run 1 at (900.00,1320.00) startOffset 0 endOffset 11 width 87.00: "just a text"
      RenderSVGText {text} at (1000,1300) size 87x26 contains 1 chunk(s)
        RenderSVGInlineText {#text} at (0,0) size 87x26
          chunk 1 text run 1 at (1000.00,1320.00) startOffset 0 endOffset 11 width 87.00: "just a text"
      RenderSVGText {text} at (1100,1300) size 87x26 contains 1 chunk(s)
        RenderSVGInlineText {#text} at (0,0) size 87x26
          chunk 1 text run 1 at (1100.00,1320.00) startOffset 0 endOffset 11 width 87.00: "just a text"
      RenderSVGText {text} at (1200,1300) size 87x26 contains 1 chunk(s)
        RenderSVGInlineText {#text} at (0,0) size 87x26
          chunk 1 text run 1 at (1200.00,1320.00) startOffset 0 endOffset 11 width 87.00: "just a text"
      RenderSVGText {text} at (1300,1300) size 87x26 contains 1 chunk(s)
        RenderSVGInlineText {#text} at (0,0) size 87x26
          chunk 1 text run 1 at (1300.00,1320.00) startOffset 0 endOffset 11 width 87.00: "just a text"
      RenderSVGText {text} at (1400,1300) size 87x26 contains 1 chunk(s)
        RenderSVGInlineText {#text} at (0,0) size 87x26
          chunk 1 text run 1 at (1400.00,1320.00) startOffset 0 endOffset 11 width 87.00: "just a text"
      RenderSVGText {text} at (1500,1300) size 87x26 contains 1 chunk(s)
        RenderSVGInlineText {#text} at (0,0) size 87x26
          chunk 1 text run 1 at (1500.00,1320.00) startOffset 0 endOffset 11 width 87.00: "just a text"
      RenderSVGText {text} at (1600,1300) size 87x26 contains 1 chunk(s)
        RenderSVGInlineText {#text} at (0,0) size 87x26
          chunk 1 text run 1 at (1600.00,1320.00) startOffset 0 endOffset 11 width 87.00: "just a text"
      RenderSVGText {text} at (1700,1300) size 87x26 contains 1 chunk(s)
        RenderSVGInlineText {#text} at (0,0) size 87x26
          chunk 1 text run 1 at (1700.00,1320.00) startOffset 0 endOffset 11 width 87.00: "just a text"
      RenderSVGText {text} at (1800,1300) size 87x26 contains 1 chunk(s)
        RenderSVGInlineText {#text} at (0,0) size 87x26
          chunk 1 text run 1 at (1800.00,1320.00) startOffset 0 endOffset 11 width 87.00: "just a text"
      RenderSVGText {text} at (1900,1300) size 87x26 contains 1 chunk(s)
        RenderSVGInlineText {#text} at (0,0) size 87x26
          chunk 1 text run 1 at (1900.00,1320.00) startOffset 0 endOffset 11 width 87.00: "just a text"
      RenderSVGText {text} at (2000,1300) size 87x26 contains 1 chunk(s)
        RenderSVGInlineText {#text} at (0,0) size 87x26
          chunk 1 text run 1 at (2000.00,1320.00) startOffset 0 endOffset 11 width 87.00: "just a text"
      RenderSVGText {text} at (2100,1300) size 87x26 contains 1 chunk(s)
        RenderSVGInlineText {#text} at (0,0) size 87x26
          chunk 1 text run 1 at (2100.00,1320.00) startOffset 0 endOffset 11 width 87.00: "just a text"
      RenderSVGText {text} at (2200,1300) size 87x26 contains 1 chunk(s)
        RenderSVGInlineText {#text} at (0,0) size 87x26
          chunk 1 text run 1 at (2200.00,1320.00) startOffset 0 endOffset 11 width 87.00: "just a text"
      RenderSVGText {text} at (2300,1300) size 87x26 contains 1 chunk(s)
        RenderSVGInlineText {#text} at (0,0) size 87x26
          chunk 1 text run 1 at (2300.00,1320.00) startOffset 0 endOffset 11 width 87.00: "just a text"
      RenderSVGText {text} at (2400,1300) size 87x26 contains 1 chunk(s)
        RenderSVGInlineText {#text} at (0,0) size 87x26
          chunk 1 text run 1 at (2400.00,1320.00) startOffset 0 endOffset 11 width 87.00: "just a text"
      RenderSVGText {text} at (2500,1300) size 87x26 contains 1 chunk(s)
        RenderSVGInlineText {#text} at (0,0) size 87x26
          chunk 1 text run 1 at (2500.00,1320.00) startOffset 0 endOffset 11 width 87.00: "just a text"
      RenderSVGText {text} at (2600,1300) size 87x26 contains 1 chunk(s)
        RenderSVGInlineText {#text} at (0,0) size 87x26
          chunk 1 text run 1 at (2600.00,1320.00) startOffset 0 endOffset 11 width 87.00: "just a text"
      RenderSVGText {text} at (2700,1300) size 87x26 contains 1 chunk(s)
        RenderSVGInlineText {#text} at (0,0) size 87x26
          chunk 1 text run 1 at (2700.00,1320.00) startOffset 0 endOffset 11 width 87.00: "just a text"
      RenderSVGText {text} at (2800,1300) size 87x26 contains 1 chunk(s)
        RenderSVGInlineText {#text} at (0,0) size 87x26
          chunk 1 text run 1 at (2800.00,1320.00) startOffset 0 endOffset 11 width 87.00: "just a text"
      RenderSVGText {text} at (2900,1300) size 87x26 contains 1 chunk(s)
        RenderSVGInlineText {#text} at (0,0) size 87x26
          chunk 1 text run 1 at (2900.00,1320.00) startOffset 0 endOffset 11 width 87.00: "just a text"
      RenderSVGText {text} at (3000,1300) size 87x26 contains 1 chunk(s)
        RenderSVGInlineText {#text} at (0,0) size 87x26
          chunk 1 text run 1 at (3000.00,1320.00) startOffset 0 endOffset 11 width 87.00: "just a text"
      RenderSVGText {text} at (3100,1300) size 87x26 contains 1 chunk(s)
        RenderSVGInlineText {#text} at (0,0) size 87x26
          chunk 1 text run 1 at (3100.00,1320.00) startOffset 0 endOffset 11 width 87.00: "just a text"
      RenderSVGText {text} at (3200,1300) size 87x26 contains 1 chunk(s)
        RenderSVGInlineText {#text} at (0,0) size 87x26
          chunk 1 text run 1 at (3200.00,1320.00) startOffset 0 endOffset 11 width 87.00: "just a text"
      RenderSVGText {text} at (3300,1300) size 87x26 contains 1 chunk(s)
        RenderSVGInlineText {#text} at (0,0) size 87x26
          chunk 1 text run 1 at (3300.00,1320.00) startOffset 0 endOffset 11 width 87.00: "just a text"
      RenderSVGText {text} at (3400,1300) size 87x26 contains 1 chunk(s)
        RenderSVGInlineText {#text} at (0,0) size 87x26
          chunk 1 text run 1 at (3400.00,1320.00) startOffset 0 endOffset 11 width 87.00: "just a text"
      RenderSVGText {text} at (3500,1300) size 87x26 contains 1 chunk(s)
        RenderSVGInlineText {#text} at (0,0) size 87x26
          chunk 1 text run 1 at (3500.00,1320.00) startOffset 0 endOffset 11 width 87.00: "just a text"
      RenderSVGText {text} at (3600,1300) size 87x26 contains 1 chunk(s)
        RenderSVGInlineText {#text} at (0,0) size 87x26
          chunk 1 text run 1 at (3600.00,1320.00) startOffset 0 endOffset 11 width 87.00: "just a text"
      RenderSVGText {text} at (3700,1300) size 87x26 contains 1 chunk(s)
        RenderSVGInlineText {#text} at (0,0) size 87x26
          chunk 1 text run 1 at (3700.00,1320.00) startOffset 0 endOffset 11 width 87.00: "just a text"
      RenderSVGText {text} at (3800,1300) size 87x26 contains 1 chunk(s)
        RenderSVGInlineText {#text} at (0,0) size 87x26
          chunk 1 text run 1 at (3800.00,1320.00) startOffset 0 endOffset 11 width 87.00: "just a text"
      RenderSVGText {text} at (3900,1300) size 87x26 contains 1 chunk(s)
        RenderSVGInlineText {#text} at (0,0) size 87x26
          chunk 1 text run 1 at (3900.00,1320.00) startOffset 0 endOffset 11 width 87.00: "just a text"
      RenderSVGText {text} at (4000,1300) size 87x26 contains 1 chunk(s)
        RenderSVGInlineText {#text} at (0,0) size 87x26
          chunk 1 text run 1 at (4000.00,1320.00) startOffset 0 endOffset 11 width 87.00: "just a text"
      RenderSVGText {text} at (4100,1300) size 87x26 contains 1 chunk(s)
        RenderSVGInlineText {#text} at (0,0) size 87x26
          chunk 1 text run 1 at (4100.00,1320.00) startOffset 0 endOffset 11 width 87.00: "just a text"
      RenderSVGText {text} at (4200,1300) size 87x26 contains 1 chunk(s)
        RenderSVGInlineText {#text} at (0,0) size 87x26
          chunk 1 text run 1 at (4200.00,1320.00) startOffset 0 endOffset 11 width 87.00: "just a text"
      RenderSVGText {text} at (4300,1300) size 87x26 contains 1 chunk(s)
        RenderSVGInlineText {#text} at (0,0) size 87x26
          chunk 1 text run 1 at (4300.00,1320.00) startOffset 0 endOffset 11 width 87.00: "just a text"
      RenderSVGText {text} at (4400,1300) size 87x26 contains 1 chunk(s)
        RenderSVGInlineText {#text} at (0,0) size 87x26
          chunk 1 text run 1 at (4400.00,1320.00) startOffset 0 endOffset 11 width 87.00: "just a text"
      RenderSVGText {text} at (4500,1300) size 87x26 contains 1 chunk(s)
        RenderSVGInlineText {#text} at (0,0) size 87x26
          chunk 1 text run 1 at (4500.00,1320.00) startOffset 0 endOffset 11 width 87.00: "just a text"
      RenderSVGText {text} at (4600,1300) size 87x26 contains 1 chunk(s)
        RenderSVGInlineText {#text} at (0,0) size 87x26
          chunk 1 text run 1 at (4600.00,1320.00) startOffset 0 endOffset 11 width 87.00: "just a text"
      RenderSVGText {text} at (4700,1300) size 87x26 contains 1 chunk(s)
        RenderSVGInlineText {#text} at (0,0) size 87x26
          chunk 1 text run 1 at (4700.00,1320.00) startOffset 0 endOffset 11 width 87.00: "just a text"
      RenderSVGText {text} at (4800,1300) size 87x26 contains 1 chunk(s)
        RenderSVGInlineText {#text} at (0,0) size 87x26
          chunk 1 text run 1 at (4800.00,1320.00) startOffset 0 endOffset 11 width 87.00: "just a text"
      RenderSVGText {text} at (4900,1300) size 87x26 contains 1 chunk(s)
        RenderSVGInlineText {#text} at (0,0) size 87x26
          chunk 1 text run 1 at (4900.00,1320.00) startOffset 0 endOffset 11 width 87.00: "just a text"
      RenderSVGText {text} at (0,1400) size 87x26 contains 1 chunk(s)
        RenderSVGInlineText {#text} at (0,0) size 87x26
          chunk 1 text run 1 at (0.00,1420.00) startOffset 0 endOffset 11 width 87.00: "just a text"
      RenderSVGText {text} at (100,1400) size 87x26 contains 1 chunk(s)
        RenderSVGInlineText {#text} at (0,0) size 87x26
          chunk 1 text run 1 at (100.00,1420.00) startOffset 0 endOffset 11 width 87.00: "just a text"
      RenderSVGText {text} at (200,1400) size 87x26 contains 1 chunk(s)
        RenderSVGInlineText {#text} at (0,0) size 87x26
          chunk 1 text run 1 at (200.00,1420.00) startOffset 0 endOffset 11 width 87.00: "just a text"
      RenderSVGText {text} at (300,1400) size 87x26 contains 1 chunk(s)
        RenderSVGInlineText {#text} at (0,0) size 87x26
          chunk 1 text run 1 at (300.00,1420.00) startOffset 0 endOffset 11 width 87.00: "just a text"
      RenderSVGText {text} at (400,1400) size 87x26 contains 1 chunk(s)
        RenderSVGInlineText {#text} at (0,0) size 87x26
          chunk 1 text run 1 at (400.00,1420.00) startOffset 0 endOffset 11 width 87.00: "just a text"
      RenderSVGText {text} at (500,1400) size 87x26 contains 1 chunk(s)
        RenderSVGInlineText {#text} at (0,0) size 87x26
          chunk 1 text run 1 at (500.00,1420.00) startOffset 0 endOffset 11 width 87.00: "just a text"
      RenderSVGText {text} at (600,1400) size 87x26 contains 1 chunk(s)
        RenderSVGInlineText {#text} at (0,0) size 87x26
          chunk 1 text run 1 at (600.00,1420.00) startOffset 0 endOffset 11 width 87.00: "just a text"
      RenderSVGText {text} at (700,1400) size 87x26 contains 1 chunk(s)
        RenderSVGInlineText {#text} at (0,0) size 87x26
          chunk 1 text run 1 at (700.00,1420.00) startOffset 0 endOffset 11 width 87.00: "just a text"
      RenderSVGText {text} at (800,1400) size 87x26 contains 1 chunk(s)
        RenderSVGInlineText {#text} at (0,0) size 87x26
          chunk 1 text run 1 at (800.00,1420.00) startOffset 0 endOffset 11 width 87.00: "just a text"
      RenderSVGText {text} at (900,1400) size 87x26 contains 1 chunk(s)
        RenderSVGInlineText {#text} at (0,0) size 87x26
          chunk 1 text run 1 at (900.00,1420.00) startOffset 0 endOffset 11 width 87.00: "just a text"
      RenderSVGText {text} at (1000,1400) size 87x26 contains 1 chunk(s)
        RenderSVGInlineText {#text} at (0,0) size 87x26
          chunk 1 text run 1 at (1000.00,1420.00) startOffset 0 endOffset 11 width 87.00: "just a text"
      RenderSVGText {text} at (1100,1400) size 87x26 contains 1 chunk(s)
        RenderSVGInlineText {#text} at (0,0) size 87x26
          chunk 1 text run 1 at (1100.00,1420.00) startOffset 0 endOffset 11 width 87.00: "just a text"
      RenderSVGText {text} at (1200,1400) size 87x26 contains 1 chunk(s)
        RenderSVGInlineText {#text} at (0,0) size 87x26
          chunk 1 text run 1 at (1200.00,1420.00) startOffset 0 endOffset 11 width 87.00: "just a text"
      RenderSVGText {text} at (1300,1400) size 87x26 contains 1 chunk(s)
        RenderSVGInlineText {#text} at (0,0) size 87x26
          chunk 1 text run 1 at (1300.00,1420.00) startOffset 0 endOffset 11 width 87.00: "just a text"
      RenderSVGText {text} at (1400,1400) size 87x26 contains 1 chunk(s)
        RenderSVGInlineText {#text} at (0,0) size 87x26
          chunk 1 text run 1 at (1400.00,1420.00) startOffset 0 endOffset 11 width 87.00: "just a text"
      RenderSVGText {text} at (1500,1400) size 87x26 contains 1 chunk(s)
        RenderSVGInlineText {#text} at (0,0) size 87x26
          chunk 1 text run 1 at (1500.00,1420.00) startOffset 0 endOffset 11 width 87.00: "just a text"
      RenderSVGText {text} at (1600,1400) size 87x26 contains 1 chunk(s)
        RenderSVGInlineText {#text} at (0,0) size 87x26
          chunk 1 text run 1 at (1600.00,1420.00) startOffset 0 endOffset 11 width 87.00: "just a text"
      RenderSVGText {text} at (1700,1400) size 87x26 contains 1 chunk(s)
        RenderSVGInlineText {#text} at (0,0) size 87x26
          chunk 1 text run 1 at (1700.00,1420.00) startOffset 0 endOffset 11 width 87.00: "just a text"
      RenderSVGText {text} at (1800,1400) size 87x26 contains 1 chunk(s)
        RenderSVGInlineText {#text} at (0,0) size 87x26
          chunk 1 text run 1 at (1800.00,1420.00) startOffset 0 endOffset 11 width 87.00: "just a text"
      RenderSVGText {text} at (1900,1400) size 87x26 contains 1 chunk(s)
        RenderSVGInlineText {#text} at (0,0) size 87x26
          chunk 1 text run 1 at (1900.00,1420.00) startOffset 0 endOffset 11 width 87.00: "just a text"
      RenderSVGText {text} at (2000,1400) size 87x26 contains 1 chunk(s)
        RenderSVGInlineText {#text} at (0,0) size 87x26
          chunk 1 text run 1 at (2000.00,1420.00) startOffset 0 endOffset 11 width 87.00: "just a text"
      RenderSVGText {text} at (2100,1400) size 87x26 contains 1 chunk(s)
        RenderSVGInlineText {#text} at (0,0) size 87x26
          chunk 1 text run 1 at (2100.00,1420.00) startOffset 0 endOffset 11 width 87.00: "just a text"
      RenderSVGText {text} at (2200,1400) size 87x26 contains 1 chunk(s)
        RenderSVGInlineText {#text} at (0,0) size 87x26
          chunk 1 text run 1 at (2200.00,1420.00) startOffset 0 endOffset 11 width 87.00: "just a text"
      RenderSVGText {text} at (2300,1400) size 87x26 contains 1 chunk(s)
        RenderSVGInlineText {#text} at (0,0) size 87x26
          chunk 1 text run 1 at (2300.00,1420.00) startOffset 0 endOffset 11 width 87.00: "just a text"
      RenderSVGText {text} at (2400,1400) size 87x26 contains 1 chunk(s)
        RenderSVGInlineText {#text} at (0,0) size 87x26
          chunk 1 text run 1 at (2400.00,1420.00) startOffset 0 endOffset 11 width 87.00: "just a text"
      RenderSVGText {text} at (2500,1400) size 87x26 contains 1 chunk(s)
        RenderSVGInlineText {#text} at (0,0) size 87x26
          chunk 1 text run 1 at (2500.00,1420.00) startOffset 0 endOffset 11 width 87.00: "just a text"
      RenderSVGText {text} at (2600,1400) size 87x26 contains 1 chunk(s)
        RenderSVGInlineText {#text} at (0,0) size 87x26
          chunk 1 text run 1 at (2600.00,1420.00) startOffset 0 endOffset 11 width 87.00: "just a text"
      RenderSVGText {text} at (2700,1400) size 87x26 contains 1 chunk(s)
        RenderSVGInlineText {#text} at (0,0) size 87x26
          chunk 1 text run 1 at (2700.00,1420.00) startOffset 0 endOffset 11 width 87.00: "just a text"
      RenderSVGText {text} at (2800,1400) size 87x26 contains 1 chunk(s)
        RenderSVGInlineText {#text} at (0,0) size 87x26
          chunk 1 text run 1 at (2800.00,1420.00) startOffset 0 endOffset 11 width 87.00: "just a text"
      RenderSVGText {text} at (2900,1400) size 87x26 contains 1 chunk(s)
        RenderSVGInlineText {#text} at (0,0) size 87x26
          chunk 1 text run 1 at (2900.00,1420.00) startOffset 0 endOffset 11 width 87.00: "just a text"
      RenderSVGText {text} at (3000,1400) size 87x26 contains 1 chunk(s)
        RenderSVGInlineText {#text} at (0,0) size 87x26
          chunk 1 text run 1 at (3000.00,1420.00) startOffset 0 endOffset 11 width 87.00: "just a text"
      RenderSVGText {text} at (3100,1400) size 87x26 contains 1 chunk(s)
        RenderSVGInlineText {#text} at (0,0) size 87x26
          chunk 1 text run 1 at (3100.00,1420.00) startOffset 0 endOffset 11 width 87.00: "just a text"
      RenderSVGText {text} at (3200,1400) size 87x26 contains 1 chunk(s)
        RenderSVGInlineText {#text} at (0,0) size 87x26
          chunk 1 text run 1 at (3200.00,1420.00) startOffset 0 endOffset 11 width 87.00: "just a text"
      RenderSVGText {text} at (3300,1400) size 87x26 contains 1 chunk(s)
        RenderSVGInlineText {#text} at (0,0) size 87x26
          chunk 1 text run 1 at (3300.00,1420.00) startOffset 0 endOffset 11 width 87.00: "just a text"
      RenderSVGText {text} at (3400,1400) size 87x26 contains 1 chunk(s)
        RenderSVGInlineText {#text} at (0,0) size 87x26
          chunk 1 text run 1 at (3400.00,1420.00) startOffset 0 endOffset 11 width 87.00: "just a text"
      RenderSVGText {text} at (3500,1400) size 87x26 contains 1 chunk(s)
        RenderSVGInlineText {#text} at (0,0) size 87x26
          chunk 1 text run 1 at (3500.00,1420.00) startOffset 0 endOffset 11 width 87.00: "just a text"
      RenderSVGText {text} at (3600,1400) size 87x26 contains 1 chunk(s)
        RenderSVGInlineText {#text} at (0,0) size 87x26
          chunk 1 text run 1 at (3600.00,1420.00) startOffset 0 endOffset 11 width 87.00: "just a text"
      RenderSVGText {text} at (3700,1400) size 87x26 contains 1 chunk(s)
        RenderSVGInlineText {#text} at (0,0) size 87x26
          chunk 1 text run 1 at (3700.00,1420.00) startOffset 0 endOffset 11 width 87.00: "just a text"
      RenderSVGText {text} at (3800,1400) size 87x26 contains 1 chunk(s)
        RenderSVGInlineText {#text} at (0,0) size 87x26
          chunk 1 text run 1 at (3800.00,1420.00) startOffset 0 endOffset 11 width 87.00: "just a text"
      RenderSVGText {text} at (3900,1400) size 87x26 contains 1 chunk(s)
        RenderSVGInlineText {#text} at (0,0) size 87x26
          chunk 1 text run 1 at (3900.00,1420.00) startOffset 0 endOffset 11 width 87.00: "just a text"
      RenderSVGText {text} at (4000,1400) size 87x26 contains 1 chunk(s)
        RenderSVGInlineText {#text} at (0,0) size 87x26
          chunk 1 text run 1 at (4000.00,1420.00) startOffset 0 endOffset 11 width 87.00: "just a text"
      RenderSVGText {text} at (4100,1400) size 87x26 contains 1 chunk(s)
        RenderSVGInlineText {#text} at (0,0) size 87x26
          chunk 1 text run 1 at (4100.00,1420.00) startOffset 0 endOffset 11 width 87.00: "just a text"
      RenderSVGText {text} at (4200,1400) size 87x26 contains 1 chunk(s)
        RenderSVGInlineText {#text} at (0,0) size 87x26
          chunk 1 text run 1 at (4200.00,1420.00) startOffset 0 endOffset 11 width 87.00: "just a text"
      RenderSVGText {text} at (4300,1400) size 87x26 contains 1 chunk(s)
        RenderSVGInlineText {#text} at (0,0) size 87x26
          chunk 1 text run 1 at (4300.00,1420.00) startOffset 0 endOffset 11 width 87.00: "just a text"
      RenderSVGText {text} at (4400,1400) size 87x26 contains 1 chunk(s)
        RenderSVGInlineText {#text} at (0,0) size 87x26
          chunk 1 text run 1 at (4400.00,1420.00) startOffset 0 endOffset 11 width 87.00: "just a text"
      RenderSVGText {text} at (4500,1400) size 87x26 contains 1 chunk(s)
        RenderSVGInlineText {#text} at (0,0) size 87x26
          chunk 1 text run 1 at (4500.00,1420.00) startOffset 0 endOffset 11 width 87.00: "just a text"
      RenderSVGText {text} at (4600,1400) size 87x26 contains 1 chunk(s)
        RenderSVGInlineText {#text} at (0,0) size 87x26
          chunk 1 text run 1 at (4600.00,1420.00) startOffset 0 endOffset 11 width 87.00: "just a text"
      RenderSVGText {text} at (4700,1400) size 87x26 contains 1 chunk(s)
        RenderSVGInlineText {#text} at (0,0) size 87x26
          chunk 1 text run 1 at (4700.00,1420.00) startOffset 0 endOffset 11 width 87.00: "just a text"
      RenderSVGText {text} at (4800,1400) size 87x26 contains 1 chunk(s)
        RenderSVGInlineText {#text} at (0,0) size 87x26
          chunk 1 text run 1 at (4800.00,1420.00) startOffset 0 endOffset 11 width 87.00: "just a text"
      RenderSVGText {text} at (4900,1400) size 87x26 contains 1 chunk(s)
        RenderSVGInlineText {#text} at (0,0) size 87x26
          chunk 1 text run 1 at (4900.00,1420.00) startOffset 0 endOffset 11 width 87.00: "just a text"
      RenderSVGText {text} at (0,1500) size 87x26 contains 1 chunk(s)
        RenderSVGInlineText {#text} at (0,0) size 87x26
          chunk 1 text run 1 at (0.00,1520.00) startOffset 0 endOffset 11 width 87.00: "just a text"
      RenderSVGText {text} at (100,1500) size 87x26 contains 1 chunk(s)
        RenderSVGInlineText {#text} at (0,0) size 87x26
          chunk 1 text run 1 at (100.00,1520.00) startOffset 0 endOffset 11 width 87.00: "just a text"
      RenderSVGText {text} at (200,1500) size 87x26 contains 1 chunk(s)
        RenderSVGInlineText {#text} at (0,0) size 87x26
          chunk 1 text run 1 at (200.00,1520.00) startOffset 0 endOffset 11 width 87.00: "just a text"
      RenderSVGText {text} at (300,1500) size 87x26 contains 1 chunk(s)
        RenderSVGInlineText {#text} at (0,0) size 87x26
          chunk 1 text run 1 at (300.00,1520.00) startOffset 0 endOffset 11 width 87.00: "just a text"
      RenderSVGText {text} at (400,1500) size 87x26 contains 1 chunk(s)
        RenderSVGInlineText {#text} at (0,0) size 87x26
          chunk 1 text run 1 at (400.00,1520.00) startOffset 0 endOffset 11 width 87.00: "just a text"
      RenderSVGText {text} at (500,1500) size 87x26 contains 1 chunk(s)
        RenderSVGInlineText {#text} at (0,0) size 87x26
          chunk 1 text run 1 at (500.00,1520.00) startOffset 0 endOffset 11 width 87.00: "just a text"
      RenderSVGText {text} at (600,1500) size 87x26 contains 1 chunk(s)
        RenderSVGInlineText {#text} at (0,0) size 87x26
          chunk 1 text run 1 at (600.00,1520.00) startOffset 0 endOffset 11 width 87.00: "just a text"
      RenderSVGText {text} at (700,1500) size 87x26 contains 1 chunk(s)
        RenderSVGInlineText {#text} at (0,0) size 87x26
          chunk 1 text run 1 at (700.00,1520.00) startOffset 0 endOffset 11 width 87.00: "just a text"
      RenderSVGText {text} at (800,1500) size 87x26 contains 1 chunk(s)
        RenderSVGInlineText {#text} at (0,0) size 87x26
          chunk 1 text run 1 at (800.00,1520.00) startOffset 0 endOffset 11 width 87.00: "just a text"
      RenderSVGText {text} at (900,1500) size 87x26 contains 1 chunk(s)
        RenderSVGInlineText {#text} at (0,0) size 87x26
          chunk 1 text run 1 at (900.00,1520.00) startOffset 0 endOffset 11 width 87.00: "just a text"
      RenderSVGText {text} at (1000,1500) size 87x26 contains 1 chunk(s)
        RenderSVGInlineText {#text} at (0,0) size 87x26
          chunk 1 text run 1 at (1000.00,1520.00) startOffset 0 endOffset 11 width 87.00: "just a text"
      RenderSVGText {text} at (1100,1500) size 87x26 contains 1 chunk(s)
        RenderSVGInlineText {#text} at (0,0) size 87x26
          chunk 1 text run 1 at (1100.00,1520.00) startOffset 0 endOffset 11 width 87.00: "just a text"
      RenderSVGText {text} at (1200,1500) size 87x26 contains 1 chunk(s)
        RenderSVGInlineText {#text} at (0,0) size 87x26
          chunk 1 text run 1 at (1200.00,1520.00) startOffset 0 endOffset 11 width 87.00: "just a text"
      RenderSVGText {text} at (1300,1500) size 87x26 contains 1 chunk(s)
        RenderSVGInlineText {#text} at (0,0) size 87x26
          chunk 1 text run 1 at (1300.00,1520.00) startOffset 0 endOffset 11 width 87.00: "just a text"
      RenderSVGText {text} at (1400,1500) size 87x26 contains 1 chunk(s)
        RenderSVGInlineText {#text} at (0,0) size 87x26
          chunk 1 text run 1 at (1400.00,1520.00) startOffset 0 endOffset 11 width 87.00: "just a text"
      RenderSVGText {text} at (1500,1500) size 87x26 contains 1 chunk(s)
        RenderSVGInlineText {#text} at (0,0) size 87x26
          chunk 1 text run 1 at (1500.00,1520.00) startOffset 0 endOffset 11 width 87.00: "just a text"
      RenderSVGText {text} at (1600,1500) size 87x26 contains 1 chunk(s)
        RenderSVGInlineText {#text} at (0,0) size 87x26
          chunk 1 text run 1 at (1600.00,1520.00) startOffset 0 endOffset 11 width 87.00: "just a text"
      RenderSVGText {text} at (1700,1500) size 87x26 contains 1 chunk(s)
        RenderSVGInlineText {#text} at (0,0) size 87x26
          chunk 1 text run 1 at (1700.00,1520.00) startOffset 0 endOffset 11 width 87.00: "just a text"
      RenderSVGText {text} at (1800,1500) size 87x26 contains 1 chunk(s)
        RenderSVGInlineText {#text} at (0,0) size 87x26
          chunk 1 text run 1 at (1800.00,1520.00) startOffset 0 endOffset 11 width 87.00: "just a text"
      RenderSVGText {text} at (1900,1500) size 87x26 contains 1 chunk(s)
        RenderSVGInlineText {#text} at (0,0) size 87x26
          chunk 1 text run 1 at (1900.00,1520.00) startOffset 0 endOffset 11 width 87.00: "just a text"
      RenderSVGText {text} at (2000,1500) size 87x26 contains 1 chunk(s)
        RenderSVGInlineText {#text} at (0,0) size 87x26
          chunk 1 text run 1 at (2000.00,1520.00) startOffset 0 endOffset 11 width 87.00: "just a text"
      RenderSVGText {text} at (2100,1500) size 87x26 contains 1 chunk(s)
        RenderSVGInlineText {#text} at (0,0) size 87x26
          chunk 1 text run 1 at (2100.00,1520.00) startOffset 0 endOffset 11 width 87.00: "just a text"
      RenderSVGText {text} at (2200,1500) size 87x26 contains 1 chunk(s)
        RenderSVGInlineText {#text} at (0,0) size 87x26
          chunk 1 text run 1 at (2200.00,1520.00) startOffset 0 endOffset 11 width 87.00: "just a text"
      RenderSVGText {text} at (2300,1500) size 87x26 contains 1 chunk(s)
        RenderSVGInlineText {#text} at (0,0) size 87x26
          chunk 1 text run 1 at (2300.00,1520.00) startOffset 0 endOffset 11 width 87.00: "just a text"
      RenderSVGText {text} at (2400,1500) size 87x26 contains 1 chunk(s)
        RenderSVGInlineText {#text} at (0,0) size 87x26
          chunk 1 text run 1 at (2400.00,1520.00) startOffset 0 endOffset 11 width 87.00: "just a text"
      RenderSVGText {text} at (2500,1500) size 87x26 contains 1 chunk(s)
        RenderSVGInlineText {#text} at (0,0) size 87x26
          chunk 1 text run 1 at (2500.00,1520.00) startOffset 0 endOffset 11 width 87.00: "just a text"
      RenderSVGText {text} at (2600,1500) size 87x26 contains 1 chunk(s)
        RenderSVGInlineText {#text} at (0,0) size 87x26
          chunk 1 text run 1 at (2600.00,1520.00) startOffset 0 endOffset 11 width 87.00: "just a text"
      RenderSVGText {text} at (2700,1500) size 87x26 contains 1 chunk(s)
        RenderSVGInlineText {#text} at (0,0) size 87x26
          chunk 1 text run 1 at (2700.00,1520.00) startOffset 0 endOffset 11 width 87.00: "just a text"
      RenderSVGText {text} at (2800,1500) size 87x26 contains 1 chunk(s)
        RenderSVGInlineText {#text} at (0,0) size 87x26
          chunk 1 text run 1 at (2800.00,1520.00) startOffset 0 endOffset 11 width 87.00: "just a text"
      RenderSVGText {text} at (2900,1500) size 87x26 contains 1 chunk(s)
        RenderSVGInlineText {#text} at (0,0) size 87x26
          chunk 1 text run 1 at (2900.00,1520.00) startOffset 0 endOffset 11 width 87.00: "just a text"
      RenderSVGText {text} at (3000,1500) size 87x26 contains 1 chunk(s)
        RenderSVGInlineText {#text} at (0,0) size 87x26
          chunk 1 text run 1 at (3000.00,1520.00) startOffset 0 endOffset 11 width 87.00: "just a text"
      RenderSVGText {text} at (3100,1500) size 87x26 contains 1 chunk(s)
        RenderSVGInlineText {#text} at (0,0) size 87x26
          chunk 1 text run 1 at (3100.00,1520.00) startOffset 0 endOffset 11 width 87.00: "just a text"
      RenderSVGText {text} at (3200,1500) size 87x26 contains 1 chunk(s)
        RenderSVGInlineText {#text} at (0,0) size 87x26
          chunk 1 text run 1 at (3200.00,1520.00) startOffset 0 endOffset 11 width 87.00: "just a text"
      RenderSVGText {text} at (3300,1500) size 87x26 contains 1 chunk(s)
        RenderSVGInlineText {#text} at (0,0) size 87x26
          chunk 1 text run 1 at (3300.00,1520.00) startOffset 0 endOffset 11 width 87.00: "just a text"
      RenderSVGText {text} at (3400,1500) size 87x26 contains 1 chunk(s)
        RenderSVGInlineText {#text} at (0,0) size 87x26
          chunk 1 text run 1 at (3400.00,1520.00) startOffset 0 endOffset 11 width 87.00: "just a text"
      RenderSVGText {text} at (3500,1500) size 87x26 contains 1 chunk(s)
        RenderSVGInlineText {#text} at (0,0) size 87x26
          chunk 1 text run 1 at (3500.00,1520.00) startOffset 0 endOffset 11 width 87.00: "just a text"
      RenderSVGText {text} at (3600,1500) size 87x26 contains 1 chunk(s)
        RenderSVGInlineText {#text} at (0,0) size 87x26
          chunk 1 text run 1 at (3600.00,1520.00) startOffset 0 endOffset 11 width 87.00: "just a text"
      RenderSVGText {text} at (3700,1500) size 87x26 contains 1 chunk(s)
        RenderSVGInlineText {#text} at (0,0) size 87x26
          chunk 1 text run 1 at (3700.00,1520.00) startOffset 0 endOffset 11 width 87.00: "just a text"
      RenderSVGText {text} at (3800,1500) size 87x26 contains 1 chunk(s)
        RenderSVGInlineText {#text} at (0,0) size 87x26
          chunk 1 text run 1 at (3800.00,1520.00) startOffset 0 endOffset 11 width 87.00: "just a text"
      RenderSVGText {text} at (3900,1500) size 87x26 contains 1 chunk(s)
        RenderSVGInlineText {#text} at (0,0) size 87x26
          chunk 1 text run 1 at (3900.00,1520.00) startOffset 0 endOffset 11 width 87.00: "just a text"
      RenderSVGText {text} at (4000,1500) size 87x26 contains 1 chunk(s)
        RenderSVGInlineText {#text} at (0,0) size 87x26
          chunk 1 text run 1 at (4000.00,1520.00) startOffset 0 endOffset 11 width 87.00: "just a text"
      RenderSVGText {text} at (4100,1500) size 87x26 contains 1 chunk(s)
        RenderSVGInlineText {#text} at (0,0) size 87x26
          chunk 1 text run 1 at (4100.00,1520.00) startOffset 0 endOffset 11 width 87.00: "just a text"
      RenderSVGText {text} at (4200,1500) size 87x26 contains 1 chunk(s)
        RenderSVGInlineText {#text} at (0,0) size 87x26
          chunk 1 text run 1 at (4200.00,1520.00) startOffset 0 endOffset 11 width 87.00: "just a text"
      RenderSVGText {text} at (4300,1500) size 87x26 contains 1 chunk(s)
        RenderSVGInlineText {#text} at (0,0) size 87x26
          chunk 1 text run 1 at (4300.00,1520.00) startOffset 0 endOffset 11 width 87.00: "just a text"
      RenderSVGText {text} at (4400,1500) size 87x26 contains 1 chunk(s)
        RenderSVGInlineText {#text} at (0,0) size 87x26
          chunk 1 text run 1 at (4400.00,1520.00) startOffset 0 endOffset 11 width 87.00: "just a text"
      RenderSVGText {text} at (4500,1500) size 87x26 contains 1 chunk(s)
        RenderSVGInlineText {#text} at (0,0) size 87x26
          chunk 1 text run 1 at (4500.00,1520.00) startOffset 0 endOffset 11 width 87.00: "just a text"
      RenderSVGText {text} at (4600,1500) size 87x26 contains 1 chunk(s)
        RenderSVGInlineText {#text} at (0,0) size 87x26
          chunk 1 text run 1 at (4600.00,1520.00) startOffset 0 endOffset 11 width 87.00: "just a text"
      RenderSVGText {text} at (4700,1500) size 87x26 contains 1 chunk(s)
        RenderSVGInlineText {#text} at (0,0) size 87x26
          chunk 1 text run 1 at (4700.00,1520.00) startOffset 0 endOffset 11 width 87.00: "just a text"
      RenderSVGText {text} at (4800,1500) size 87x26 contains 1 chunk(s)
        RenderSVGInlineText {#text} at (0,0) size 87x26
          chunk 1 text run 1 at (4800.00,1520.00) startOffset 0 endOffset 11 width 87.00: "just a text"
      RenderSVGText {text} at (4900,1500) size 87x26 contains 1 chunk(s)
        RenderSVGInlineText {#text} at (0,0) size 87x26
          chunk 1 text run 1 at (4900.00,1520.00) startOffset 0 endOffset 11 width 87.00: "just a text"
      RenderSVGText {text} at (0,1600) size 87x26 contains 1 chunk(s)
        RenderSVGInlineText {#text} at (0,0) size 87x26
          chunk 1 text run 1 at (0.00,1620.00) startOffset 0 endOffset 11 width 87.00: "just a text"
      RenderSVGText {text} at (100,1600) size 87x26 contains 1 chunk(s)
        RenderSVGInlineText {#text} at (0,0) size 87x26
          chunk 1 text run 1 at (100.00,1620.00) startOffset 0 endOffset 11 width 87.00: "just a text"
      RenderSVGText {text} at (200,1600) size 87x26 contains 1 chunk(s)
        RenderSVGInlineText {#text} at (0,0) size 87x26
          chunk 1 text run 1 at (200.00,1620.00) startOffset 0 endOffset 11 width 87.00: "just a text"
      RenderSVGText {text} at (300,1600) size 87x26 contains 1 chunk(s)
        RenderSVGInlineText {#text} at (0,0) size 87x26
          chunk 1 text run 1 at (300.00,1620.00) startOffset 0 endOffset 11 width 87.00: "just a text"
      RenderSVGText {text} at (400,1600) size 87x26 contains 1 chunk(s)
        RenderSVGInlineText {#text} at (0,0) size 87x26
          chunk 1 text run 1 at (400.00,1620.00) startOffset 0 endOffset 11 width 87.00: "just a text"
      RenderSVGText {text} at (500,1600) size 87x26 contains 1 chunk(s)
        RenderSVGInlineText {#text} at (0,0) size 87x26
          chunk 1 text run 1 at (500.00,1620.00) startOffset 0 endOffset 11 width 87.00: "just a text"
      RenderSVGText {text} at (600,1600) size 87x26 contains 1 chunk(s)
        RenderSVGInlineText {#text} at (0,0) size 87x26
          chunk 1 text run 1 at (600.00,1620.00) startOffset 0 endOffset 11 width 87.00: "just a text"
      RenderSVGText {text} at (700,1600) size 87x26 contains 1 chunk(s)
        RenderSVGInlineText {#text} at (0,0) size 87x26
          chunk 1 text run 1 at (700.00,1620.00) startOffset 0 endOffset 11 width 87.00: "just a text"
      RenderSVGText {text} at (800,1600) size 87x26 contains 1 chunk(s)
        RenderSVGInlineText {#text} at (0,0) size 87x26
          chunk 1 text run 1 at (800.00,1620.00) startOffset 0 endOffset 11 width 87.00: "just a text"
      RenderSVGText {text} at (900,1600) size 87x26 contains 1 chunk(s)
        RenderSVGInlineText {#text} at (0,0) size 87x26
          chunk 1 text run 1 at (900.00,1620.00) startOffset 0 endOffset 11 width 87.00: "just a text"
      RenderSVGText {text} at (1000,1600) size 87x26 contains 1 chunk(s)
        RenderSVGInlineText {#text} at (0,0) size 87x26
          chunk 1 text run 1 at (1000.00,1620.00) startOffset 0 endOffset 11 width 87.00: "just a text"
      RenderSVGText {text} at (1100,1600) size 87x26 contains 1 chunk(s)
        RenderSVGInlineText {#text} at (0,0) size 87x26
          chunk 1 text run 1 at (1100.00,1620.00) startOffset 0 endOffset 11 width 87.00: "just a text"
      RenderSVGText {text} at (1200,1600) size 87x26 contains 1 chunk(s)
        RenderSVGInlineText {#text} at (0,0) size 87x26
          chunk 1 text run 1 at (1200.00,1620.00) startOffset 0 endOffset 11 width 87.00: "just a text"
      RenderSVGText {text} at (1300,1600) size 87x26 contains 1 chunk(s)
        RenderSVGInlineText {#text} at (0,0) size 87x26
          chunk 1 text run 1 at (1300.00,1620.00) startOffset 0 endOffset 11 width 87.00: "just a text"
      RenderSVGText {text} at (1400,1600) size 87x26 contains 1 chunk(s)
        RenderSVGInlineText {#text} at (0,0) size 87x26
          chunk 1 text run 1 at (1400.00,1620.00) startOffset 0 endOffset 11 width 87.00: "just a text"
      RenderSVGText {text} at (1500,1600) size 87x26 contains 1 chunk(s)
        RenderSVGInlineText {#text} at (0,0) size 87x26
          chunk 1 text run 1 at (1500.00,1620.00) startOffset 0 endOffset 11 width 87.00: "just a text"
      RenderSVGText {text} at (1600,1600) size 87x26 contains 1 chunk(s)
        RenderSVGInlineText {#text} at (0,0) size 87x26
          chunk 1 text run 1 at (1600.00,1620.00) startOffset 0 endOffset 11 width 87.00: "just a text"
      RenderSVGText {text} at (1700,1600) size 87x26 contains 1 chunk(s)
        RenderSVGInlineText {#text} at (0,0) size 87x26
          chunk 1 text run 1 at (1700.00,1620.00) startOffset 0 endOffset 11 width 87.00: "just a text"
      RenderSVGText {text} at (1800,1600) size 87x26 contains 1 chunk(s)
        RenderSVGInlineText {#text} at (0,0) size 87x26
          chunk 1 text run 1 at (1800.00,1620.00) startOffset 0 endOffset 11 width 87.00: "just a text"
      RenderSVGText {text} at (1900,1600) size 87x26 contains 1 chunk(s)
        RenderSVGInlineText {#text} at (0,0) size 87x26
          chunk 1 text run 1 at (1900.00,1620.00) startOffset 0 endOffset 11 width 87.00: "just a text"
      RenderSVGText {text} at (2000,1600) size 87x26 contains 1 chunk(s)
        RenderSVGInlineText {#text} at (0,0) size 87x26
          chunk 1 text run 1 at (2000.00,1620.00) startOffset 0 endOffset 11 width 87.00: "just a text"
      RenderSVGText {text} at (2100,1600) size 87x26 contains 1 chunk(s)
        RenderSVGInlineText {#text} at (0,0) size 87x26
          chunk 1 text run 1 at (2100.00,1620.00) startOffset 0 endOffset 11 width 87.00: "just a text"
      RenderSVGText {text} at (2200,1600) size 87x26 contains 1 chunk(s)
        RenderSVGInlineText {#text} at (0,0) size 87x26
          chunk 1 text run 1 at (2200.00,1620.00) startOffset 0 endOffset 11 width 87.00: "just a text"
      RenderSVGText {text} at (2300,1600) size 87x26 contains 1 chunk(s)
        RenderSVGInlineText {#text} at (0,0) size 87x26
          chunk 1 text run 1 at (2300.00,1620.00) startOffset 0 endOffset 11 width 87.00: "just a text"
      RenderSVGText {text} at (2400,1600) size 87x26 contains 1 chunk(s)
        RenderSVGInlineText {#text} at (0,0) size 87x26
          chunk 1 text run 1 at (2400.00,1620.00) startOffset 0 endOffset 11 width 87.00: "just a text"
      RenderSVGText {text} at (2500,1600) size 87x26 contains 1 chunk(s)
        RenderSVGInlineText {#text} at (0,0) size 87x26
          chunk 1 text run 1 at (2500.00,1620.00) startOffset 0 endOffset 11 width 87.00: "just a text"
      RenderSVGText {text} at (2600,1600) size 87x26 contains 1 chunk(s)
        RenderSVGInlineText {#text} at (0,0) size 87x26
          chunk 1 text run 1 at (2600.00,1620.00) startOffset 0 endOffset 11 width 87.00: "just a text"
      RenderSVGText {text} at (2700,1600) size 87x26 contains 1 chunk(s)
        RenderSVGInlineText {#text} at (0,0) size 87x26
          chunk 1 text run 1 at (2700.00,1620.00) startOffset 0 endOffset 11 width 87.00: "just a text"
      RenderSVGText {text} at (2800,1600) size 87x26 contains 1 chunk(s)
        RenderSVGInlineText {#text} at (0,0) size 87x26
          chunk 1 text run 1 at (2800.00,1620.00) startOffset 0 endOffset 11 width 87.00: "just a text"
      RenderSVGText {text} at (2900,1600) size 87x26 contains 1 chunk(s)
        RenderSVGInlineText {#text} at (0,0) size 87x26
          chunk 1 text run 1 at (2900.00,1620.00) startOffset 0 endOffset 11 width 87.00: "just a text"
      RenderSVGText {text} at (3000,1600) size 87x26 contains 1 chunk(s)
        RenderSVGInlineText {#text} at (0,0) size 87x26
          chunk 1 text run 1 at (3000.00,1620.00) startOffset 0 endOffset 11 width 87.00: "just a text"
      RenderSVGText {text} at (3100,1600) size 87x26 contains 1 chunk(s)
        RenderSVGInlineText {#text} at (0,0) size 87x26
          chunk 1 text run 1 at (3100.00,1620.00) startOffset 0 endOffset 11 width 87.00: "just a text"
      RenderSVGText {text} at (3200,1600) size 87x26 contains 1 chunk(s)
        RenderSVGInlineText {#text} at (0,0) size 87x26
          chunk 1 text run 1 at (3200.00,1620.00) startOffset 0 endOffset 11 width 87.00: "just a text"
      RenderSVGText {text} at (3300,1600) size 87x26 contains 1 chunk(s)
        RenderSVGInlineText {#text} at (0,0) size 87x26
          chunk 1 text run 1 at (3300.00,1620.00) startOffset 0 endOffset 11 width 87.00: "just a text"
      RenderSVGText {text} at (3400,1600) size 87x26 contains 1 chunk(s)
        RenderSVGInlineText {#text} at (0,0) size 87x26
          chunk 1 text run 1 at (3400.00,1620.00) startOffset 0 endOffset 11 width 87.00: "just a text"
      RenderSVGText {text} at (3500,1600) size 87x26 contains 1 chunk(s)
        RenderSVGInlineText {#text} at (0,0) size 87x26
          chunk 1 text run 1 at (3500.00,1620.00) startOffset 0 endOffset 11 width 87.00: "just a text"
      RenderSVGText {text} at (3600,1600) size 87x26 contains 1 chunk(s)
        RenderSVGInlineText {#text} at (0,0) size 87x26
          chunk 1 text run 1 at (3600.00,1620.00) startOffset 0 endOffset 11 width 87.00: "just a text"
      RenderSVGText {text} at (3700,1600) size 87x26 contains 1 chunk(s)
        RenderSVGInlineText {#text} at (0,0) size 87x26
          chunk 1 text run 1 at (3700.00,1620.00) startOffset 0 endOffset 11 width 87.00: "just a text"
      RenderSVGText {text} at (3800,1600) size 87x26 contains 1 chunk(s)
        RenderSVGInlineText {#text} at (0,0) size 87x26
          chunk 1 text run 1 at (3800.00,1620.00) startOffset 0 endOffset 11 width 87.00: "just a text"
      RenderSVGText {text} at (3900,1600) size 87x26 contains 1 chunk(s)
        RenderSVGInlineText {#text} at (0,0) size 87x26
          chunk 1 text run 1 at (3900.00,1620.00) startOffset 0 endOffset 11 width 87.00: "just a text"
      RenderSVGText {text} at (4000,1600) size 87x26 contains 1 chunk(s)
        RenderSVGInlineText {#text} at (0,0) size 87x26
          chunk 1 text run 1 at (4000.00,1620.00) startOffset 0 endOffset 11 width 87.00: "just a text"
      RenderSVGText {text} at (4100,1600) size 87x26 contains 1 chunk(s)
        RenderSVGInlineText {#text} at (0,0) size 87x26
          chunk 1 text run 1 at (4100.00,1620.00) startOffset 0 endOffset 11 width 87.00: "just a text"
      RenderSVGText {text} at (4200,1600) size 87x26 contains 1 chunk(s)
        RenderSVGInlineText {#text} at (0,0) size 87x26
          chunk 1 text run 1 at (4200.00,1620.00) startOffset 0 endOffset 11 width 87.00: "just a text"
      RenderSVGText {text} at (4300,1600) size 87x26 contains 1 chunk(s)
        RenderSVGInlineText {#text} at (0,0) size 87x26
          chunk 1 text run 1 at (4300.00,1620.00) startOffset 0 endOffset 11 width 87.00: "just a text"
      RenderSVGText {text} at (4400,1600) size 87x26 contains 1 chunk(s)
        RenderSVGInlineText {#text} at (0,0) size 87x26
          chunk 1 text run 1 at (4400.00,1620.00) startOffset 0 endOffset 11 width 87.00: "just a text"
      RenderSVGText {text} at (4500,1600) size 87x26 contains 1 chunk(s)
        RenderSVGInlineText {#text} at (0,0) size 87x26
          chunk 1 text run 1 at (4500.00,1620.00) startOffset 0 endOffset 11 width 87.00: "just a text"
      RenderSVGText {text} at (4600,1600) size 87x26 contains 1 chunk(s)
        RenderSVGInlineText {#text} at (0,0) size 87x26
          chunk 1 text run 1 at (4600.00,1620.00) startOffset 0 endOffset 11 width 87.00: "just a text"
      RenderSVGText {text} at (4700,1600) size 87x26 contains 1 chunk(s)
        RenderSVGInlineText {#text} at (0,0) size 87x26
          chunk 1 text run 1 at (4700.00,1620.00) startOffset 0 endOffset 11 width 87.00: "just a text"
      RenderSVGText {text} at (4800,1600) size 87x26 contains 1 chunk(s)
        RenderSVGInlineText {#text} at (0,0) size 87x26
          chunk 1 text run 1 at (4800.00,1620.00) startOffset 0 endOffset 11 width 87.00: "just a text"
      RenderSVGText {text} at (4900,1600) size 87x26 contains 1 chunk(s)
        RenderSVGInlineText {#text} at (0,0) size 87x26
          chunk 1 text run 1 at (4900.00,1620.00) startOffset 0 endOffset 11 width 87.00: "just a text"
      RenderSVGText {text} at (0,1700) size 87x26 contains 1 chunk(s)
        RenderSVGInlineText {#text} at (0,0) size 87x26
          chunk 1 text run 1 at (0.00,1720.00) startOffset 0 endOffset 11 width 87.00: "just a text"
      RenderSVGText {text} at (100,1700) size 87x26 contains 1 chunk(s)
        RenderSVGInlineText {#text} at (0,0) size 87x26
          chunk 1 text run 1 at (100.00,1720.00) startOffset 0 endOffset 11 width 87.00: "just a text"
      RenderSVGText {text} at (200,1700) size 87x26 contains 1 chunk(s)
        RenderSVGInlineText {#text} at (0,0) size 87x26
          chunk 1 text run 1 at (200.00,1720.00) startOffset 0 endOffset 11 width 87.00: "just a text"
      RenderSVGText {text} at (300,1700) size 87x26 contains 1 chunk(s)
        RenderSVGInlineText {#text} at (0,0) size 87x26
          chunk 1 text run 1 at (300.00,1720.00) startOffset 0 endOffset 11 width 87.00: "just a text"
      RenderSVGText {text} at (400,1700) size 87x26 contains 1 chunk(s)
        RenderSVGInlineText {#text} at (0,0) size 87x26
          chunk 1 text run 1 at (400.00,1720.00) startOffset 0 endOffset 11 width 87.00: "just a text"
      RenderSVGText {text} at (500,1700) size 87x26 contains 1 chunk(s)
        RenderSVGInlineText {#text} at (0,0) size 87x26
          chunk 1 text run 1 at (500.00,1720.00) startOffset 0 endOffset 11 width 87.00: "just a text"
      RenderSVGText {text} at (600,1700) size 87x26 contains 1 chunk(s)
        RenderSVGInlineText {#text} at (0,0) size 87x26
          chunk 1 text run 1 at (600.00,1720.00) startOffset 0 endOffset 11 width 87.00: "just a text"
      RenderSVGText {text} at (700,1700) size 87x26 contains 1 chunk(s)
        RenderSVGInlineText {#text} at (0,0) size 87x26
          chunk 1 text run 1 at (700.00,1720.00) startOffset 0 endOffset 11 width 87.00: "just a text"
      RenderSVGText {text} at (800,1700) size 87x26 contains 1 chunk(s)
        RenderSVGInlineText {#text} at (0,0) size 87x26
          chunk 1 text run 1 at (800.00,1720.00) startOffset 0 endOffset 11 width 87.00: "just a text"
      RenderSVGText {text} at (900,1700) size 87x26 contains 1 chunk(s)
        RenderSVGInlineText {#text} at (0,0) size 87x26
          chunk 1 text run 1 at (900.00,1720.00) startOffset 0 endOffset 11 width 87.00: "just a text"
      RenderSVGText {text} at (1000,1700) size 87x26 contains 1 chunk(s)
        RenderSVGInlineText {#text} at (0,0) size 87x26
          chunk 1 text run 1 at (1000.00,1720.00) startOffset 0 endOffset 11 width 87.00: "just a text"
      RenderSVGText {text} at (1100,1700) size 87x26 contains 1 chunk(s)
        RenderSVGInlineText {#text} at (0,0) size 87x26
          chunk 1 text run 1 at (1100.00,1720.00) startOffset 0 endOffset 11 width 87.00: "just a text"
      RenderSVGText {text} at (1200,1700) size 87x26 contains 1 chunk(s)
        RenderSVGInlineText {#text} at (0,0) size 87x26
          chunk 1 text run 1 at (1200.00,1720.00) startOffset 0 endOffset 11 width 87.00: "just a text"
      RenderSVGText {text} at (1300,1700) size 87x26 contains 1 chunk(s)
        RenderSVGInlineText {#text} at (0,0) size 87x26
          chunk 1 text run 1 at (1300.00,1720.00) startOffset 0 endOffset 11 width 87.00: "just a text"
      RenderSVGText {text} at (1400,1700) size 87x26 contains 1 chunk(s)
        RenderSVGInlineText {#text} at (0,0) size 87x26
          chunk 1 text run 1 at (1400.00,1720.00) startOffset 0 endOffset 11 width 87.00: "just a text"
      RenderSVGText {text} at (1500,1700) size 87x26 contains 1 chunk(s)
        RenderSVGInlineText {#text} at (0,0) size 87x26
          chunk 1 text run 1 at (1500.00,1720.00) startOffset 0 endOffset 11 width 87.00: "just a text"
      RenderSVGText {text} at (1600,1700) size 87x26 contains 1 chunk(s)
        RenderSVGInlineText {#text} at (0,0) size 87x26
          chunk 1 text run 1 at (1600.00,1720.00) startOffset 0 endOffset 11 width 87.00: "just a text"
      RenderSVGText {text} at (1700,1700) size 87x26 contains 1 chunk(s)
        RenderSVGInlineText {#text} at (0,0) size 87x26
          chunk 1 text run 1 at (1700.00,1720.00) startOffset 0 endOffset 11 width 87.00: "just a text"
      RenderSVGText {text} at (1800,1700) size 87x26 contains 1 chunk(s)
        RenderSVGInlineText {#text} at (0,0) size 87x26
          chunk 1 text run 1 at (1800.00,1720.00) startOffset 0 endOffset 11 width 87.00: "just a text"
      RenderSVGText {text} at (1900,1700) size 87x26 contains 1 chunk(s)
        RenderSVGInlineText {#text} at (0,0) size 87x26
          chunk 1 text run 1 at (1900.00,1720.00) startOffset 0 endOffset 11 width 87.00: "just a text"
      RenderSVGText {text} at (2000,1700) size 87x26 contains 1 chunk(s)
        RenderSVGInlineText {#text} at (0,0) size 87x26
          chunk 1 text run 1 at (2000.00,1720.00) startOffset 0 endOffset 11 width 87.00: "just a text"
      RenderSVGText {text} at (2100,1700) size 87x26 contains 1 chunk(s)
        RenderSVGInlineText {#text} at (0,0) size 87x26
          chunk 1 text run 1 at (2100.00,1720.00) startOffset 0 endOffset 11 width 87.00: "just a text"
      RenderSVGText {text} at (2200,1700) size 87x26 contains 1 chunk(s)
        RenderSVGInlineText {#text} at (0,0) size 87x26
          chunk 1 text run 1 at (2200.00,1720.00) startOffset 0 endOffset 11 width 87.00: "just a text"
      RenderSVGText {text} at (2300,1700) size 87x26 contains 1 chunk(s)
        RenderSVGInlineText {#text} at (0,0) size 87x26
          chunk 1 text run 1 at (2300.00,1720.00) startOffset 0 endOffset 11 width 87.00: "just a text"
      RenderSVGText {text} at (2400,1700) size 87x26 contains 1 chunk(s)
        RenderSVGInlineText {#text} at (0,0) size 87x26
          chunk 1 text run 1 at (2400.00,1720.00) startOffset 0 endOffset 11 width 87.00: "just a text"
      RenderSVGText {text} at (2500,1700) size 87x26 contains 1 chunk(s)
        RenderSVGInlineText {#text} at (0,0) size 87x26
          chunk 1 text run 1 at (2500.00,1720.00) startOffset 0 endOffset 11 width 87.00: "just a text"
      RenderSVGText {text} at (2600,1700) size 87x26 contains 1 chunk(s)
        RenderSVGInlineText {#text} at (0,0) size 87x26
          chunk 1 text run 1 at (2600.00,1720.00) startOffset 0 endOffset 11 width 87.00: "just a text"
      RenderSVGText {text} at (2700,1700) size 87x26 contains 1 chunk(s)
        RenderSVGInlineText {#text} at (0,0) size 87x26
          chunk 1 text run 1 at (2700.00,1720.00) startOffset 0 endOffset 11 width 87.00: "just a text"
      RenderSVGText {text} at (2800,1700) size 87x26 contains 1 chunk(s)
        RenderSVGInlineText {#text} at (0,0) size 87x26
          chunk 1 text run 1 at (2800.00,1720.00) startOffset 0 endOffset 11 width 87.00: "just a text"
      RenderSVGText {text} at (2900,1700) size 87x26 contains 1 chunk(s)
        RenderSVGInlineText {#text} at (0,0) size 87x26
          chunk 1 text run 1 at (2900.00,1720.00) startOffset 0 endOffset 11 width 87.00: "just a text"
      RenderSVGText {text} at (3000,1700) size 87x26 contains 1 chunk(s)
        RenderSVGInlineText {#text} at (0,0) size 87x26
          chunk 1 text run 1 at (3000.00,1720.00) startOffset 0 endOffset 11 width 87.00: "just a text"
      RenderSVGText {text} at (3100,1700) size 87x26 contains 1 chunk(s)
        RenderSVGInlineText {#text} at (0,0) size 87x26
          chunk 1 text run 1 at (3100.00,1720.00) startOffset 0 endOffset 11 width 87.00: "just a text"
      RenderSVGText {text} at (3200,1700) size 87x26 contains 1 chunk(s)
        RenderSVGInlineText {#text} at (0,0) size 87x26
          chunk 1 text run 1 at (3200.00,1720.00) startOffset 0 endOffset 11 width 87.00: "just a text"
      RenderSVGText {text} at (3300,1700) size 87x26 contains 1 chunk(s)
        RenderSVGInlineText {#text} at (0,0) size 87x26
          chunk 1 text run 1 at (3300.00,1720.00) startOffset 0 endOffset 11 width 87.00: "just a text"
      RenderSVGText {text} at (3400,1700) size 87x26 contains 1 chunk(s)
        RenderSVGInlineText {#text} at (0,0) size 87x26
          chunk 1 text run 1 at (3400.00,1720.00) startOffset 0 endOffset 11 width 87.00: "just a text"
      RenderSVGText {text} at (3500,1700) size 87x26 contains 1 chunk(s)
        RenderSVGInlineText {#text} at (0,0) size 87x26
          chunk 1 text run 1 at (3500.00,1720.00) startOffset 0 endOffset 11 width 87.00: "just a text"
      RenderSVGText {text} at (3600,1700) size 87x26 contains 1 chunk(s)
        RenderSVGInlineText {#text} at (0,0) size 87x26
          chunk 1 text run 1 at (3600.00,1720.00) startOffset 0 endOffset 11 width 87.00: "just a text"
      RenderSVGText {text} at (3700,1700) size 87x26 contains 1 chunk(s)
        RenderSVGInlineText {#text} at (0,0) size 87x26
          chunk 1 text run 1 at (3700.00,1720.00) startOffset 0 endOffset 11 width 87.00: "just a text"
      RenderSVGText {text} at (3800,1700) size 87x26 contains 1 chunk(s)
        RenderSVGInlineText {#text} at (0,0) size 87x26
          chunk 1 text run 1 at (3800.00,1720.00) startOffset 0 endOffset 11 width 87.00: "just a text"
      RenderSVGText {text} at (3900,1700) size 87x26 contains 1 chunk(s)
        RenderSVGInlineText {#text} at (0,0) size 87x26
          chunk 1 text run 1 at (3900.00,1720.00) startOffset 0 endOffset 11 width 87.00: "just a text"
      RenderSVGText {text} at (4000,1700) size 87x26 contains 1 chunk(s)
        RenderSVGInlineText {#text} at (0,0) size 87x26
          chunk 1 text run 1 at (4000.00,1720.00) startOffset 0 endOffset 11 width 87.00: "just a text"
      RenderSVGText {text} at (4100,1700) size 87x26 contains 1 chunk(s)
        RenderSVGInlineText {#text} at (0,0) size 87x26
          chunk 1 text run 1 at (4100.00,1720.00) startOffset 0 endOffset 11 width 87.00: "just a text"
      RenderSVGText {text} at (4200,1700) size 87x26 contains 1 chunk(s)
        RenderSVGInlineText {#text} at (0,0) size 87x26
          chunk 1 text run 1 at (4200.00,1720.00) startOffset 0 endOffset 11 width 87.00: "just a text"
      RenderSVGText {text} at (4300,1700) size 87x26 contains 1 chunk(s)
        RenderSVGInlineText {#text} at (0,0) size 87x26
          chunk 1 text run 1 at (4300.00,1720.00) startOffset 0 endOffset 11 width 87.00: "just a text"
      RenderSVGText {text} at (4400,1700) size 87x26 contains 1 chunk(s)
        RenderSVGInlineText {#text} at (0,0) size 87x26
          chunk 1 text run 1 at (4400.00,1720.00) startOffset 0 endOffset 11 width 87.00: "just a text"
      RenderSVGText {text} at (4500,1700) size 87x26 contains 1 chunk(s)
        RenderSVGInlineText {#text} at (0,0) size 87x26
          chunk 1 text run 1 at (4500.00,1720.00) startOffset 0 endOffset 11 width 87.00: "just a text"
      RenderSVGText {text} at (4600,1700) size 87x26 contains 1 chunk(s)
        RenderSVGInlineText {#text} at (0,0) size 87x26
          chunk 1 text run 1 at (4600.00,1720.00) startOffset 0 endOffset 11 width 87.00: "just a text"
      RenderSVGText {text} at (4700,1700) size 87x26 contains 1 chunk(s)
        RenderSVGInlineText {#text} at (0,0) size 87x26
          chunk 1 text run 1 at (4700.00,1720.00) startOffset 0 endOffset 11 width 87.00: "just a text"
      RenderSVGText {text} at (4800,1700) size 87x26 contains 1 chunk(s)
        RenderSVGInlineText {#text} at (0,0) size 87x26
          chunk 1 text run 1 at (4800.00,1720.00) startOffset 0 endOffset 11 width 87.00: "just a text"
      RenderSVGText {text} at (4900,1700) size 87x26 contains 1 chunk(s)
        RenderSVGInlineText {#text} at (0,0) size 87x26
          chunk 1 text run 1 at (4900.00,1720.00) startOffset 0 endOffset 11 width 87.00: "just a text"
      RenderSVGText {text} at (0,1800) size 87x26 contains 1 chunk(s)
        RenderSVGInlineText {#text} at (0,0) size 87x26
          chunk 1 text run 1 at (0.00,1820.00) startOffset 0 endOffset 11 width 87.00: "just a text"
      RenderSVGText {text} at (100,1800) size 87x26 contains 1 chunk(s)
        RenderSVGInlineText {#text} at (0,0) size 87x26
          chunk 1 text run 1 at (100.00,1820.00) startOffset 0 endOffset 11 width 87.00: "just a text"
      RenderSVGText {text} at (200,1800) size 87x26 contains 1 chunk(s)
        RenderSVGInlineText {#text} at (0,0) size 87x26
          chunk 1 text run 1 at (200.00,1820.00) startOffset 0 endOffset 11 width 87.00: "just a text"
      RenderSVGText {text} at (300,1800) size 87x26 contains 1 chunk(s)
        RenderSVGInlineText {#text} at (0,0) size 87x26
          chunk 1 text run 1 at (300.00,1820.00) startOffset 0 endOffset 11 width 87.00: "just a text"
      RenderSVGText {text} at (400,1800) size 87x26 contains 1 chunk(s)
        RenderSVGInlineText {#text} at (0,0) size 87x26
          chunk 1 text run 1 at (400.00,1820.00) startOffset 0 endOffset 11 width 87.00: "just a text"
      RenderSVGText {text} at (500,1800) size 87x26 contains 1 chunk(s)
        RenderSVGInlineText {#text} at (0,0) size 87x26
          chunk 1 text run 1 at (500.00,1820.00) startOffset 0 endOffset 11 width 87.00: "just a text"
      RenderSVGText {text} at (600,1800) size 87x26 contains 1 chunk(s)
        RenderSVGInlineText {#text} at (0,0) size 87x26
          chunk 1 text run 1 at (600.00,1820.00) startOffset 0 endOffset 11 width 87.00: "just a text"
      RenderSVGText {text} at (700,1800) size 87x26 contains 1 chunk(s)
        RenderSVGInlineText {#text} at (0,0) size 87x26
          chunk 1 text run 1 at (700.00,1820.00) startOffset 0 endOffset 11 width 87.00: "just a text"
      RenderSVGText {text} at (800,1800) size 87x26 contains 1 chunk(s)
        RenderSVGInlineText {#text} at (0,0) size 87x26
          chunk 1 text run 1 at (800.00,1820.00) startOffset 0 endOffset 11 width 87.00: "just a text"
      RenderSVGText {text} at (900,1800) size 87x26 contains 1 chunk(s)
        RenderSVGInlineText {#text} at (0,0) size 87x26
          chunk 1 text run 1 at (900.00,1820.00) startOffset 0 endOffset 11 width 87.00: "just a text"
      RenderSVGText {text} at (1000,1800) size 87x26 contains 1 chunk(s)
        RenderSVGInlineText {#text} at (0,0) size 87x26
          chunk 1 text run 1 at (1000.00,1820.00) startOffset 0 endOffset 11 width 87.00: "just a text"
      RenderSVGText {text} at (1100,1800) size 87x26 contains 1 chunk(s)
        RenderSVGInlineText {#text} at (0,0) size 87x26
          chunk 1 text run 1 at (1100.00,1820.00) startOffset 0 endOffset 11 width 87.00: "just a text"
      RenderSVGText {text} at (1200,1800) size 87x26 contains 1 chunk(s)
        RenderSVGInlineText {#text} at (0,0) size 87x26
          chunk 1 text run 1 at (1200.00,1820.00) startOffset 0 endOffset 11 width 87.00: "just a text"
      RenderSVGText {text} at (1300,1800) size 87x26 contains 1 chunk(s)
        RenderSVGInlineText {#text} at (0,0) size 87x26
          chunk 1 text run 1 at (1300.00,1820.00) startOffset 0 endOffset 11 width 87.00: "just a text"
      RenderSVGText {text} at (1400,1800) size 87x26 contains 1 chunk(s)
        RenderSVGInlineText {#text} at (0,0) size 87x26
          chunk 1 text run 1 at (1400.00,1820.00) startOffset 0 endOffset 11 width 87.00: "just a text"
      RenderSVGText {text} at (1500,1800) size 87x26 contains 1 chunk(s)
        RenderSVGInlineText {#text} at (0,0) size 87x26
          chunk 1 text run 1 at (1500.00,1820.00) startOffset 0 endOffset 11 width 87.00: "just a text"
      RenderSVGText {text} at (1600,1800) size 87x26 contains 1 chunk(s)
        RenderSVGInlineText {#text} at (0,0) size 87x26
          chunk 1 text run 1 at (1600.00,1820.00) startOffset 0 endOffset 11 width 87.00: "just a text"
      RenderSVGText {text} at (1700,1800) size 87x26 contains 1 chunk(s)
        RenderSVGInlineText {#text} at (0,0) size 87x26
          chunk 1 text run 1 at (1700.00,1820.00) startOffset 0 endOffset 11 width 87.00: "just a text"
      RenderSVGText {text} at (1800,1800) size 87x26 contains 1 chunk(s)
        RenderSVGInlineText {#text} at (0,0) size 87x26
          chunk 1 text run 1 at (1800.00,1820.00) startOffset 0 endOffset 11 width 87.00: "just a text"
      RenderSVGText {text} at (1900,1800) size 87x26 contains 1 chunk(s)
        RenderSVGInlineText {#text} at (0,0) size 87x26
          chunk 1 text run 1 at (1900.00,1820.00) startOffset 0 endOffset 11 width 87.00: "just a text"
      RenderSVGText {text} at (2000,1800) size 87x26 contains 1 chunk(s)
        RenderSVGInlineText {#text} at (0,0) size 87x26
          chunk 1 text run 1 at (2000.00,1820.00) startOffset 0 endOffset 11 width 87.00: "just a text"
      RenderSVGText {text} at (2100,1800) size 87x26 contains 1 chunk(s)
        RenderSVGInlineText {#text} at (0,0) size 87x26
          chunk 1 text run 1 at (2100.00,1820.00) startOffset 0 endOffset 11 width 87.00: "just a text"
      RenderSVGText {text} at (2200,1800) size 87x26 contains 1 chunk(s)
        RenderSVGInlineText {#text} at (0,0) size 87x26
          chunk 1 text run 1 at (2200.00,1820.00) startOffset 0 endOffset 11 width 87.00: "just a text"
      RenderSVGText {text} at (2300,1800) size 87x26 contains 1 chunk(s)
        RenderSVGInlineText {#text} at (0,0) size 87x26
          chunk 1 text run 1 at (2300.00,1820.00) startOffset 0 endOffset 11 width 87.00: "just a text"
      RenderSVGText {text} at (2400,1800) size 87x26 contains 1 chunk(s)
        RenderSVGInlineText {#text} at (0,0) size 87x26
          chunk 1 text run 1 at (2400.00,1820.00) startOffset 0 endOffset 11 width 87.00: "just a text"
      RenderSVGText {text} at (2500,1800) size 87x26 contains 1 chunk(s)
        RenderSVGInlineText {#text} at (0,0) size 87x26
          chunk 1 text run 1 at (2500.00,1820.00) startOffset 0 endOffset 11 width 87.00: "just a text"
      RenderSVGText {text} at (2600,1800) size 87x26 contains 1 chunk(s)
        RenderSVGInlineText {#text} at (0,0) size 87x26
          chunk 1 text run 1 at (2600.00,1820.00) startOffset 0 endOffset 11 width 87.00: "just a text"
      RenderSVGText {text} at (2700,1800) size 87x26 contains 1 chunk(s)
        RenderSVGInlineText {#text} at (0,0) size 87x26
          chunk 1 text run 1 at (2700.00,1820.00) startOffset 0 endOffset 11 width 87.00: "just a text"
      RenderSVGText {text} at (2800,1800) size 87x26 contains 1 chunk(s)
        RenderSVGInlineText {#text} at (0,0) size 87x26
          chunk 1 text run 1 at (2800.00,1820.00) startOffset 0 endOffset 11 width 87.00: "just a text"
      RenderSVGText {text} at (2900,1800) size 87x26 contains 1 chunk(s)
        RenderSVGInlineText {#text} at (0,0) size 87x26
          chunk 1 text run 1 at (2900.00,1820.00) startOffset 0 endOffset 11 width 87.00: "just a text"
      RenderSVGText {text} at (3000,1800) size 87x26 contains 1 chunk(s)
        RenderSVGInlineText {#text} at (0,0) size 87x26
          chunk 1 text run 1 at (3000.00,1820.00) startOffset 0 endOffset 11 width 87.00: "just a text"
      RenderSVGText {text} at (3100,1800) size 87x26 contains 1 chunk(s)
        RenderSVGInlineText {#text} at (0,0) size 87x26
          chunk 1 text run 1 at (3100.00,1820.00) startOffset 0 endOffset 11 width 87.00: "just a text"
      RenderSVGText {text} at (3200,1800) size 87x26 contains 1 chunk(s)
        RenderSVGInlineText {#text} at (0,0) size 87x26
          chunk 1 text run 1 at (3200.00,1820.00) startOffset 0 endOffset 11 width 87.00: "just a text"
      RenderSVGText {text} at (3300,1800) size 87x26 contains 1 chunk(s)
        RenderSVGInlineText {#text} at (0,0) size 87x26
          chunk 1 text run 1 at (3300.00,1820.00) startOffset 0 endOffset 11 width 87.00: "just a text"
      RenderSVGText {text} at (3400,1800) size 87x26 contains 1 chunk(s)
        RenderSVGInlineText {#text} at (0,0) size 87x26
          chunk 1 text run 1 at (3400.00,1820.00) startOffset 0 endOffset 11 width 87.00: "just a text"
      RenderSVGText {text} at (3500,1800) size 87x26 contains 1 chunk(s)
        RenderSVGInlineText {#text} at (0,0) size 87x26
          chunk 1 text run 1 at (3500.00,1820.00) startOffset 0 endOffset 11 width 87.00: "just a text"
      RenderSVGText {text} at (3600,1800) size 87x26 contains 1 chunk(s)
        RenderSVGInlineText {#text} at (0,0) size 87x26
          chunk 1 text run 1 at (3600.00,1820.00) startOffset 0 endOffset 11 width 87.00: "just a text"
      RenderSVGText {text} at (3700,1800) size 87x26 contains 1 chunk(s)
        RenderSVGInlineText {#text} at (0,0) size 87x26
          chunk 1 text run 1 at (3700.00,1820.00) startOffset 0 endOffset 11 width 87.00: "just a text"
      RenderSVGText {text} at (3800,1800) size 87x26 contains 1 chunk(s)
        RenderSVGInlineText {#text} at (0,0) size 87x26
          chunk 1 text run 1 at (3800.00,1820.00) startOffset 0 endOffset 11 width 87.00: "just a text"
      RenderSVGText {text} at (3900,1800) size 87x26 contains 1 chunk(s)
        RenderSVGInlineText {#text} at (0,0) size 87x26
          chunk 1 text run 1 at (3900.00,1820.00) startOffset 0 endOffset 11 width 87.00: "just a text"
      RenderSVGText {text} at (4000,1800) size 87x26 contains 1 chunk(s)
        RenderSVGInlineText {#text} at (0,0) size 87x26
          chunk 1 text run 1 at (4000.00,1820.00) startOffset 0 endOffset 11 width 87.00: "just a text"
      RenderSVGText {text} at (4100,1800) size 87x26 contains 1 chunk(s)
        RenderSVGInlineText {#text} at (0,0) size 87x26
          chunk 1 text run 1 at (4100.00,1820.00) startOffset 0 endOffset 11 width 87.00: "just a text"
      RenderSVGText {text} at (4200,1800) size 87x26 contains 1 chunk(s)
        RenderSVGInlineText {#text} at (0,0) size 87x26
          chunk 1 text run 1 at (4200.00,1820.00) startOffset 0 endOffset 11 width 87.00: "just a text"
      RenderSVGText {text} at (4300,1800) size 87x26 contains 1 chunk(s)
        RenderSVGInlineText {#text} at (0,0) size 87x26
          chunk 1 text run 1 at (4300.00,1820.00) startOffset 0 endOffset 11 width 87.00: "just a text"
      RenderSVGText {text} at (4400,1800) size 87x26 contains 1 chunk(s)
        RenderSVGInlineText {#text} at (0,0) size 87x26
          chunk 1 text run 1 at (4400.00,1820.00) startOffset 0 endOffset 11 width 87.00: "just a text"
      RenderSVGText {text} at (4500,1800) size 87x26 contains 1 chunk(s)
        RenderSVGInlineText {#text} at (0,0) size 87x26
          chunk 1 text run 1 at (4500.00,1820.00) startOffset 0 endOffset 11 width 87.00: "just a text"
      RenderSVGText {text} at (4600,1800) size 87x26 contains 1 chunk(s)
        RenderSVGInlineText {#text} at (0,0) size 87x26
          chunk 1 text run 1 at (4600.00,1820.00) startOffset 0 endOffset 11 width 87.00: "just a text"
      RenderSVGText {text} at (4700,1800) size 87x26 contains 1 chunk(s)
        RenderSVGInlineText {#text} at (0,0) size 87x26
          chunk 1 text run 1 at (4700.00,1820.00) startOffset 0 endOffset 11 width 87.00: "just a text"
      RenderSVGText {text} at (4800,1800) size 87x26 contains 1 chunk(s)
        RenderSVGInlineText {#text} at (0,0) size 87x26
          chunk 1 text run 1 at (4800.00,1820.00) startOffset 0 endOffset 11 width 87.00: "just a text"
      RenderSVGText {text} at (4900,1800) size 87x26 contains 1 chunk(s)
        RenderSVGInlineText {#text} at (0,0) size 87x26
          chunk 1 text run 1 at (4900.00,1820.00) startOffset 0 endOffset 11 width 87.00: "just a text"
      RenderSVGText {text} at (0,1900) size 87x26 contains 1 chunk(s)
        RenderSVGInlineText {#text} at (0,0) size 87x26
          chunk 1 text run 1 at (0.00,1920.00) startOffset 0 endOffset 11 width 87.00: "just a text"
      RenderSVGText {text} at (100,1900) size 87x26 contains 1 chunk(s)
        RenderSVGInlineText {#text} at (0,0) size 87x26
          chunk 1 text run 1 at (100.00,1920.00) startOffset 0 endOffset 11 width 87.00: "just a text"
      RenderSVGText {text} at (200,1900) size 87x26 contains 1 chunk(s)
        RenderSVGInlineText {#text} at (0,0) size 87x26
          chunk 1 text run 1 at (200.00,1920.00) startOffset 0 endOffset 11 width 87.00: "just a text"
      RenderSVGText {text} at (300,1900) size 87x26 contains 1 chunk(s)
        RenderSVGInlineText {#text} at (0,0) size 87x26
          chunk 1 text run 1 at (300.00,1920.00) startOffset 0 endOffset 11 width 87.00: "just a text"
      RenderSVGText {text} at (400,1900) size 87x26 contains 1 chunk(s)
        RenderSVGInlineText {#text} at (0,0) size 87x26
          chunk 1 text run 1 at (400.00,1920.00) startOffset 0 endOffset 11 width 87.00: "just a text"
      RenderSVGText {text} at (500,1900) size 87x26 contains 1 chunk(s)
        RenderSVGInlineText {#text} at (0,0) size 87x26
          chunk 1 text run 1 at (500.00,1920.00) startOffset 0 endOffset 11 width 87.00: "just a text"
      RenderSVGText {text} at (600,1900) size 87x26 contains 1 chunk(s)
        RenderSVGInlineText {#text} at (0,0) size 87x26
          chunk 1 text run 1 at (600.00,1920.00) startOffset 0 endOffset 11 width 87.00: "just a text"
      RenderSVGText {text} at (700,1900) size 87x26 contains 1 chunk(s)
        RenderSVGInlineText {#text} at (0,0) size 87x26
          chunk 1 text run 1 at (700.00,1920.00) startOffset 0 endOffset 11 width 87.00: "just a text"
      RenderSVGText {text} at (800,1900) size 87x26 contains 1 chunk(s)
        RenderSVGInlineText {#text} at (0,0) size 87x26
          chunk 1 text run 1 at (800.00,1920.00) startOffset 0 endOffset 11 width 87.00: "just a text"
      RenderSVGText {text} at (900,1900) size 87x26 contains 1 chunk(s)
        RenderSVGInlineText {#text} at (0,0) size 87x26
          chunk 1 text run 1 at (900.00,1920.00) startOffset 0 endOffset 11 width 87.00: "just a text"
      RenderSVGText {text} at (1000,1900) size 87x26 contains 1 chunk(s)
        RenderSVGInlineText {#text} at (0,0) size 87x26
          chunk 1 text run 1 at (1000.00,1920.00) startOffset 0 endOffset 11 width 87.00: "just a text"
      RenderSVGText {text} at (1100,1900) size 87x26 contains 1 chunk(s)
        RenderSVGInlineText {#text} at (0,0) size 87x26
          chunk 1 text run 1 at (1100.00,1920.00) startOffset 0 endOffset 11 width 87.00: "just a text"
      RenderSVGText {text} at (1200,1900) size 87x26 contains 1 chunk(s)
        RenderSVGInlineText {#text} at (0,0) size 87x26
          chunk 1 text run 1 at (1200.00,1920.00) startOffset 0 endOffset 11 width 87.00: "just a text"
      RenderSVGText {text} at (1300,1900) size 87x26 contains 1 chunk(s)
        RenderSVGInlineText {#text} at (0,0) size 87x26
          chunk 1 text run 1 at (1300.00,1920.00) startOffset 0 endOffset 11 width 87.00: "just a text"
      RenderSVGText {text} at (1400,1900) size 87x26 contains 1 chunk(s)
        RenderSVGInlineText {#text} at (0,0) size 87x26
          chunk 1 text run 1 at (1400.00,1920.00) startOffset 0 endOffset 11 width 87.00: "just a text"
      RenderSVGText {text} at (1500,1900) size 87x26 contains 1 chunk(s)
        RenderSVGInlineText {#text} at (0,0) size 87x26
          chunk 1 text run 1 at (1500.00,1920.00) startOffset 0 endOffset 11 width 87.00: "just a text"
      RenderSVGText {text} at (1600,1900) size 87x26 contains 1 chunk(s)
        RenderSVGInlineText {#text} at (0,0) size 87x26
          chunk 1 text run 1 at (1600.00,1920.00) startOffset 0 endOffset 11 width 87.00: "just a text"
      RenderSVGText {text} at (1700,1900) size 87x26 contains 1 chunk(s)
        RenderSVGInlineText {#text} at (0,0) size 87x26
          chunk 1 text run 1 at (1700.00,1920.00) startOffset 0 endOffset 11 width 87.00: "just a text"
      RenderSVGText {text} at (1800,1900) size 87x26 contains 1 chunk(s)
        RenderSVGInlineText {#text} at (0,0) size 87x26
          chunk 1 text run 1 at (1800.00,1920.00) startOffset 0 endOffset 11 width 87.00: "just a text"
      RenderSVGText {text} at (1900,1900) size 87x26 contains 1 chunk(s)
        RenderSVGInlineText {#text} at (0,0) size 87x26
          chunk 1 text run 1 at (1900.00,1920.00) startOffset 0 endOffset 11 width 87.00: "just a text"
      RenderSVGText {text} at (2000,1900) size 87x26 contains 1 chunk(s)
        RenderSVGInlineText {#text} at (0,0) size 87x26
          chunk 1 text run 1 at (2000.00,1920.00) startOffset 0 endOffset 11 width 87.00: "just a text"
      RenderSVGText {text} at (2100,1900) size 87x26 contains 1 chunk(s)
        RenderSVGInlineText {#text} at (0,0) size 87x26
          chunk 1 text run 1 at (2100.00,1920.00) startOffset 0 endOffset 11 width 87.00: "just a text"
      RenderSVGText {text} at (2200,1900) size 87x26 contains 1 chunk(s)
        RenderSVGInlineText {#text} at (0,0) size 87x26
          chunk 1 text run 1 at (2200.00,1920.00) startOffset 0 endOffset 11 width 87.00: "just a text"
      RenderSVGText {text} at (2300,1900) size 87x26 contains 1 chunk(s)
        RenderSVGInlineText {#text} at (0,0) size 87x26
          chunk 1 text run 1 at (2300.00,1920.00) startOffset 0 endOffset 11 width 87.00: "just a text"
      RenderSVGText {text} at (2400,1900) size 87x26 contains 1 chunk(s)
        RenderSVGInlineText {#text} at (0,0) size 87x26
          chunk 1 text run 1 at (2400.00,1920.00) startOffset 0 endOffset 11 width 87.00: "just a text"
      RenderSVGText {text} at (2500,1900) size 87x26 contains 1 chunk(s)
        RenderSVGInlineText {#text} at (0,0) size 87x26
          chunk 1 text run 1 at (2500.00,1920.00) startOffset 0 endOffset 11 width 87.00: "just a text"
      RenderSVGText {text} at (2600,1900) size 87x26 contains 1 chunk(s)
        RenderSVGInlineText {#text} at (0,0) size 87x26
          chunk 1 text run 1 at (2600.00,1920.00) startOffset 0 endOffset 11 width 87.00: "just a text"
      RenderSVGText {text} at (2700,1900) size 87x26 contains 1 chunk(s)
        RenderSVGInlineText {#text} at (0,0) size 87x26
          chunk 1 text run 1 at (2700.00,1920.00) startOffset 0 endOffset 11 width 87.00: "just a text"
      RenderSVGText {text} at (2800,1900) size 87x26 contains 1 chunk(s)
        RenderSVGInlineText {#text} at (0,0) size 87x26
          chunk 1 text run 1 at (2800.00,1920.00) startOffset 0 endOffset 11 width 87.00: "just a text"
      RenderSVGText {text} at (2900,1900) size 87x26 contains 1 chunk(s)
        RenderSVGInlineText {#text} at (0,0) size 87x26
          chunk 1 text run 1 at (2900.00,1920.00) startOffset 0 endOffset 11 width 87.00: "just a text"
      RenderSVGText {text} at (3000,1900) size 87x26 contains 1 chunk(s)
        RenderSVGInlineText {#text} at (0,0) size 87x26
          chunk 1 text run 1 at (3000.00,1920.00) startOffset 0 endOffset 11 width 87.00: "just a text"
      RenderSVGText {text} at (3100,1900) size 87x26 contains 1 chunk(s)
        RenderSVGInlineText {#text} at (0,0) size 87x26
          chunk 1 text run 1 at (3100.00,1920.00) startOffset 0 endOffset 11 width 87.00: "just a text"
      RenderSVGText {text} at (3200,1900) size 87x26 contains 1 chunk(s)
        RenderSVGInlineText {#text} at (0,0) size 87x26
          chunk 1 text run 1 at (3200.00,1920.00) startOffset 0 endOffset 11 width 87.00: "just a text"
      RenderSVGText {text} at (3300,1900) size 87x26 contains 1 chunk(s)
        RenderSVGInlineText {#text} at (0,0) size 87x26
          chunk 1 text run 1 at (3300.00,1920.00) startOffset 0 endOffset 11 width 87.00: "just a text"
      RenderSVGText {text} at (3400,1900) size 87x26 contains 1 chunk(s)
        RenderSVGInlineText {#text} at (0,0) size 87x26
          chunk 1 text run 1 at (3400.00,1920.00) startOffset 0 endOffset 11 width 87.00: "just a text"
      RenderSVGText {text} at (3500,1900) size 87x26 contains 1 chunk(s)
        RenderSVGInlineText {#text} at (0,0) size 87x26
          chunk 1 text run 1 at (3500.00,1920.00) startOffset 0 endOffset 11 width 87.00: "just a text"
      RenderSVGText {text} at (3600,1900) size 87x26 contains 1 chunk(s)
        RenderSVGInlineText {#text} at (0,0) size 87x26
          chunk 1 text run 1 at (3600.00,1920.00) startOffset 0 endOffset 11 width 87.00: "just a text"
      RenderSVGText {text} at (3700,1900) size 87x26 contains 1 chunk(s)
        RenderSVGInlineText {#text} at (0,0) size 87x26
          chunk 1 text run 1 at (3700.00,1920.00) startOffset 0 endOffset 11 width 87.00: "just a text"
      RenderSVGText {text} at (3800,1900) size 87x26 contains 1 chunk(s)
        RenderSVGInlineText {#text} at (0,0) size 87x26
          chunk 1 text run 1 at (3800.00,1920.00) startOffset 0 endOffset 11 width 87.00: "just a text"
      RenderSVGText {text} at (3900,1900) size 87x26 contains 1 chunk(s)
        RenderSVGInlineText {#text} at (0,0) size 87x26
          chunk 1 text run 1 at (3900.00,1920.00) startOffset 0 endOffset 11 width 87.00: "just a text"
      RenderSVGText {text} at (4000,1900) size 87x26 contains 1 chunk(s)
        RenderSVGInlineText {#text} at (0,0) size 87x26
          chunk 1 text run 1 at (4000.00,1920.00) startOffset 0 endOffset 11 width 87.00: "just a text"
      RenderSVGText {text} at (4100,1900) size 87x26 contains 1 chunk(s)
        RenderSVGInlineText {#text} at (0,0) size 87x26
          chunk 1 text run 1 at (4100.00,1920.00) startOffset 0 endOffset 11 width 87.00: "just a text"
      RenderSVGText {text} at (4200,1900) size 87x26 contains 1 chunk(s)
        RenderSVGInlineText {#text} at (0,0) size 87x26
          chunk 1 text run 1 at (4200.00,1920.00) startOffset 0 endOffset 11 width 87.00: "just a text"
      RenderSVGText {text} at (4300,1900) size 87x26 contains 1 chunk(s)
        RenderSVGInlineText {#text} at (0,0) size 87x26
          chunk 1 text run 1 at (4300.00,1920.00) startOffset 0 endOffset 11 width 87.00: "just a text"
      RenderSVGText {text} at (4400,1900) size 87x26 contains 1 chunk(s)
        RenderSVGInlineText {#text} at (0,0) size 87x26
          chunk 1 text run 1 at (4400.00,1920.00) startOffset 0 endOffset 11 width 87.00: "just a text"
      RenderSVGText {text} at (4500,1900) size 87x26 contains 1 chunk(s)
        RenderSVGInlineText {#text} at (0,0) size 87x26
          chunk 1 text run 1 at (4500.00,1920.00) startOffset 0 endOffset 11 width 87.00: "just a text"
      RenderSVGText {text} at (4600,1900) size 87x26 contains 1 chunk(s)
        RenderSVGInlineText {#text} at (0,0) size 87x26
          chunk 1 text run 1 at (4600.00,1920.00) startOffset 0 endOffset 11 width 87.00: "just a text"
      RenderSVGText {text} at (4700,1900) size 87x26 contains 1 chunk(s)
        RenderSVGInlineText {#text} at (0,0) size 87x26
          chunk 1 text run 1 at (4700.00,1920.00) startOffset 0 endOffset 11 width 87.00: "just a text"
      RenderSVGText {text} at (4800,1900) size 87x26 contains 1 chunk(s)
        RenderSVGInlineText {#text} at (0,0) size 87x26
          chunk 1 text run 1 at (4800.00,1920.00) startOffset 0 endOffset 11 width 87.00: "just a text"
      RenderSVGText {text} at (4900,1900) size 87x26 contains 1 chunk(s)
        RenderSVGInlineText {#text} at (0,0) size 87x26
          chunk 1 text run 1 at (4900.00,1920.00) startOffset 0 endOffset 11 width 87.00: "just a text"
      RenderSVGText {text} at (0,2000) size 87x26 contains 1 chunk(s)
        RenderSVGInlineText {#text} at (0,0) size 87x26
          chunk 1 text run 1 at (0.00,2020.00) startOffset 0 endOffset 11 width 87.00: "just a text"
      RenderSVGText {text} at (100,2000) size 87x26 contains 1 chunk(s)
        RenderSVGInlineText {#text} at (0,0) size 87x26
          chunk 1 text run 1 at (100.00,2020.00) startOffset 0 endOffset 11 width 87.00: "just a text"
      RenderSVGText {text} at (200,2000) size 87x26 contains 1 chunk(s)
        RenderSVGInlineText {#text} at (0,0) size 87x26
          chunk 1 text run 1 at (200.00,2020.00) startOffset 0 endOffset 11 width 87.00: "just a text"
      RenderSVGText {text} at (300,2000) size 87x26 contains 1 chunk(s)
        RenderSVGInlineText {#text} at (0,0) size 87x26
          chunk 1 text run 1 at (300.00,2020.00) startOffset 0 endOffset 11 width 87.00: "just a text"
      RenderSVGText {text} at (400,2000) size 87x26 contains 1 chunk(s)
        RenderSVGInlineText {#text} at (0,0) size 87x26
          chunk 1 text run 1 at (400.00,2020.00) startOffset 0 endOffset 11 width 87.00: "just a text"
      RenderSVGText {text} at (500,2000) size 87x26 contains 1 chunk(s)
        RenderSVGInlineText {#text} at (0,0) size 87x26
          chunk 1 text run 1 at (500.00,2020.00) startOffset 0 endOffset 11 width 87.00: "just a text"
      RenderSVGText {text} at (600,2000) size 87x26 contains 1 chunk(s)
        RenderSVGInlineText {#text} at (0,0) size 87x26
          chunk 1 text run 1 at (600.00,2020.00) startOffset 0 endOffset 11 width 87.00: "just a text"
      RenderSVGText {text} at (700,2000) size 87x26 contains 1 chunk(s)
        RenderSVGInlineText {#text} at (0,0) size 87x26
          chunk 1 text run 1 at (700.00,2020.00) startOffset 0 endOffset 11 width 87.00: "just a text"
      RenderSVGText {text} at (800,2000) size 87x26 contains 1 chunk(s)
        RenderSVGInlineText {#text} at (0,0) size 87x26
          chunk 1 text run 1 at (800.00,2020.00) startOffset 0 endOffset 11 width 87.00: "just a text"
      RenderSVGText {text} at (900,2000) size 87x26 contains 1 chunk(s)
        RenderSVGInlineText {#text} at (0,0) size 87x26
          chunk 1 text run 1 at (900.00,2020.00) startOffset 0 endOffset 11 width 87.00: "just a text"
      RenderSVGText {text} at (1000,2000) size 87x26 contains 1 chunk(s)
        RenderSVGInlineText {#text} at (0,0) size 87x26
          chunk 1 text run 1 at (1000.00,2020.00) startOffset 0 endOffset 11 width 87.00: "just a text"
      RenderSVGText {text} at (1100,2000) size 87x26 contains 1 chunk(s)
        RenderSVGInlineText {#text} at (0,0) size 87x26
          chunk 1 text run 1 at (1100.00,2020.00) startOffset 0 endOffset 11 width 87.00: "just a text"
      RenderSVGText {text} at (1200,2000) size 87x26 contains 1 chunk(s)
        RenderSVGInlineText {#text} at (0,0) size 87x26
          chunk 1 text run 1 at (1200.00,2020.00) startOffset 0 endOffset 11 width 87.00: "just a text"
      RenderSVGText {text} at (1300,2000) size 87x26 contains 1 chunk(s)
        RenderSVGInlineText {#text} at (0,0) size 87x26
          chunk 1 text run 1 at (1300.00,2020.00) startOffset 0 endOffset 11 width 87.00: "just a text"
      RenderSVGText {text} at (1400,2000) size 87x26 contains 1 chunk(s)
        RenderSVGInlineText {#text} at (0,0) size 87x26
          chunk 1 text run 1 at (1400.00,2020.00) startOffset 0 endOffset 11 width 87.00: "just a text"
      RenderSVGText {text} at (1500,2000) size 87x26 contains 1 chunk(s)
        RenderSVGInlineText {#text} at (0,0) size 87x26
          chunk 1 text run 1 at (1500.00,2020.00) startOffset 0 endOffset 11 width 87.00: "just a text"
      RenderSVGText {text} at (1600,2000) size 87x26 contains 1 chunk(s)
        RenderSVGInlineText {#text} at (0,0) size 87x26
          chunk 1 text run 1 at (1600.00,2020.00) startOffset 0 endOffset 11 width 87.00: "just a text"
      RenderSVGText {text} at (1700,2000) size 87x26 contains 1 chunk(s)
        RenderSVGInlineText {#text} at (0,0) size 87x26
          chunk 1 text run 1 at (1700.00,2020.00) startOffset 0 endOffset 11 width 87.00: "just a text"
      RenderSVGText {text} at (1800,2000) size 87x26 contains 1 chunk(s)
        RenderSVGInlineText {#text} at (0,0) size 87x26
          chunk 1 text run 1 at (1800.00,2020.00) startOffset 0 endOffset 11 width 87.00: "just a text"
      RenderSVGText {text} at (1900,2000) size 87x26 contains 1 chunk(s)
        RenderSVGInlineText {#text} at (0,0) size 87x26
          chunk 1 text run 1 at (1900.00,2020.00) startOffset 0 endOffset 11 width 87.00: "just a text"
      RenderSVGText {text} at (2000,2000) size 87x26 contains 1 chunk(s)
        RenderSVGInlineText {#text} at (0,0) size 87x26
          chunk 1 text run 1 at (2000.00,2020.00) startOffset 0 endOffset 11 width 87.00: "just a text"
      RenderSVGText {text} at (2100,2000) size 87x26 contains 1 chunk(s)
        RenderSVGInlineText {#text} at (0,0) size 87x26
          chunk 1 text run 1 at (2100.00,2020.00) startOffset 0 endOffset 11 width 87.00: "just a text"
      RenderSVGText {text} at (2200,2000) size 87x26 contains 1 chunk(s)
        RenderSVGInlineText {#text} at (0,0) size 87x26
          chunk 1 text run 1 at (2200.00,2020.00) startOffset 0 endOffset 11 width 87.00: "just a text"
      RenderSVGText {text} at (2300,2000) size 87x26 contains 1 chunk(s)
        RenderSVGInlineText {#text} at (0,0) size 87x26
          chunk 1 text run 1 at (2300.00,2020.00) startOffset 0 endOffset 11 width 87.00: "just a text"
      RenderSVGText {text} at (2400,2000) size 87x26 contains 1 chunk(s)
        RenderSVGInlineText {#text} at (0,0) size 87x26
          chunk 1 text run 1 at (2400.00,2020.00) startOffset 0 endOffset 11 width 87.00: "just a text"
      RenderSVGText {text} at (2500,2000) size 87x26 contains 1 chunk(s)
        RenderSVGInlineText {#text} at (0,0) size 87x26
          chunk 1 text run 1 at (2500.00,2020.00) startOffset 0 endOffset 11 width 87.00: "just a text"
      RenderSVGText {text} at (2600,2000) size 87x26 contains 1 chunk(s)
        RenderSVGInlineText {#text} at (0,0) size 87x26
          chunk 1 text run 1 at (2600.00,2020.00) startOffset 0 endOffset 11 width 87.00: "just a text"
      RenderSVGText {text} at (2700,2000) size 87x26 contains 1 chunk(s)
        RenderSVGInlineText {#text} at (0,0) size 87x26
          chunk 1 text run 1 at (2700.00,2020.00) startOffset 0 endOffset 11 width 87.00: "just a text"
      RenderSVGText {text} at (2800,2000) size 87x26 contains 1 chunk(s)
        RenderSVGInlineText {#text} at (0,0) size 87x26
          chunk 1 text run 1 at (2800.00,2020.00) startOffset 0 endOffset 11 width 87.00: "just a text"
      RenderSVGText {text} at (2900,2000) size 87x26 contains 1 chunk(s)
        RenderSVGInlineText {#text} at (0,0) size 87x26
          chunk 1 text run 1 at (2900.00,2020.00) startOffset 0 endOffset 11 width 87.00: "just a text"
      RenderSVGText {text} at (3000,2000) size 87x26 contains 1 chunk(s)
        RenderSVGInlineText {#text} at (0,0) size 87x26
          chunk 1 text run 1 at (3000.00,2020.00) startOffset 0 endOffset 11 width 87.00: "just a text"
      RenderSVGText {text} at (3100,2000) size 87x26 contains 1 chunk(s)
        RenderSVGInlineText {#text} at (0,0) size 87x26
          chunk 1 text run 1 at (3100.00,2020.00) startOffset 0 endOffset 11 width 87.00: "just a text"
      RenderSVGText {text} at (3200,2000) size 87x26 contains 1 chunk(s)
        RenderSVGInlineText {#text} at (0,0) size 87x26
          chunk 1 text run 1 at (3200.00,2020.00) startOffset 0 endOffset 11 width 87.00: "just a text"
      RenderSVGText {text} at (3300,2000) size 87x26 contains 1 chunk(s)
        RenderSVGInlineText {#text} at (0,0) size 87x26
          chunk 1 text run 1 at (3300.00,2020.00) startOffset 0 endOffset 11 width 87.00: "just a text"
      RenderSVGText {text} at (3400,2000) size 87x26 contains 1 chunk(s)
        RenderSVGInlineText {#text} at (0,0) size 87x26
          chunk 1 text run 1 at (3400.00,2020.00) startOffset 0 endOffset 11 width 87.00: "just a text"
      RenderSVGText {text} at (3500,2000) size 87x26 contains 1 chunk(s)
        RenderSVGInlineText {#text} at (0,0) size 87x26
          chunk 1 text run 1 at (3500.00,2020.00) startOffset 0 endOffset 11 width 87.00: "just a text"
      RenderSVGText {text} at (3600,2000) size 87x26 contains 1 chunk(s)
        RenderSVGInlineText {#text} at (0,0) size 87x26
          chunk 1 text run 1 at (3600.00,2020.00) startOffset 0 endOffset 11 width 87.00: "just a text"
      RenderSVGText {text} at (3700,2000) size 87x26 contains 1 chunk(s)
        RenderSVGInlineText {#text} at (0,0) size 87x26
          chunk 1 text run 1 at (3700.00,2020.00) startOffset 0 endOffset 11 width 87.00: "just a text"
      RenderSVGText {text} at (3800,2000) size 87x26 contains 1 chunk(s)
        RenderSVGInlineText {#text} at (0,0) size 87x26
          chunk 1 text run 1 at (3800.00,2020.00) startOffset 0 endOffset 11 width 87.00: "just a text"
      RenderSVGText {text} at (3900,2000) size 87x26 contains 1 chunk(s)
        RenderSVGInlineText {#text} at (0,0) size 87x26
          chunk 1 text run 1 at (3900.00,2020.00) startOffset 0 endOffset 11 width 87.00: "just a text"
      RenderSVGText {text} at (4000,2000) size 87x26 contains 1 chunk(s)
        RenderSVGInlineText {#text} at (0,0) size 87x26
          chunk 1 text run 1 at (4000.00,2020.00) startOffset 0 endOffset 11 width 87.00: "just a text"
      RenderSVGText {text} at (4100,2000) size 87x26 contains 1 chunk(s)
        RenderSVGInlineText {#text} at (0,0) size 87x26
          chunk 1 text run 1 at (4100.00,2020.00) startOffset 0 endOffset 11 width 87.00: "just a text"
      RenderSVGText {text} at (4200,2000) size 87x26 contains 1 chunk(s)
        RenderSVGInlineText {#text} at (0,0) size 87x26
          chunk 1 text run 1 at (4200.00,2020.00) startOffset 0 endOffset 11 width 87.00: "just a text"
      RenderSVGText {text} at (4300,2000) size 87x26 contains 1 chunk(s)
        RenderSVGInlineText {#text} at (0,0) size 87x26
          chunk 1 text run 1 at (4300.00,2020.00) startOffset 0 endOffset 11 width 87.00: "just a text"
      RenderSVGText {text} at (4400,2000) size 87x26 contains 1 chunk(s)
        RenderSVGInlineText {#text} at (0,0) size 87x26
          chunk 1 text run 1 at (4400.00,2020.00) startOffset 0 endOffset 11 width 87.00: "just a text"
      RenderSVGText {text} at (4500,2000) size 87x26 contains 1 chunk(s)
        RenderSVGInlineText {#text} at (0,0) size 87x26
          chunk 1 text run 1 at (4500.00,2020.00) startOffset 0 endOffset 11 width 87.00: "just a text"
      RenderSVGText {text} at (4600,2000) size 87x26 contains 1 chunk(s)
        RenderSVGInlineText {#text} at (0,0) size 87x26
          chunk 1 text run 1 at (4600.00,2020.00) startOffset 0 endOffset 11 width 87.00: "just a text"
      RenderSVGText {text} at (4700,2000) size 87x26 contains 1 chunk(s)
        RenderSVGInlineText {#text} at (0,0) size 87x26
          chunk 1 text run 1 at (4700.00,2020.00) startOffset 0 endOffset 11 width 87.00: "just a text"
      RenderSVGText {text} at (4800,2000) size 87x26 contains 1 chunk(s)
        RenderSVGInlineText {#text} at (0,0) size 87x26
          chunk 1 text run 1 at (4800.00,2020.00) startOffset 0 endOffset 11 width 87.00: "just a text"
      RenderSVGText {text} at (4900,2000) size 87x26 contains 1 chunk(s)
        RenderSVGInlineText {#text} at (0,0) size 87x26
          chunk 1 text run 1 at (4900.00,2020.00) startOffset 0 endOffset 11 width 87.00: "just a text"
      RenderSVGText {text} at (0,2100) size 87x26 contains 1 chunk(s)
        RenderSVGInlineText {#text} at (0,0) size 87x26
          chunk 1 text run 1 at (0.00,2120.00) startOffset 0 endOffset 11 width 87.00: "just a text"
      RenderSVGText {text} at (100,2100) size 87x26 contains 1 chunk(s)
        RenderSVGInlineText {#text} at (0,0) size 87x26
          chunk 1 text run 1 at (100.00,2120.00) startOffset 0 endOffset 11 width 87.00: "just a text"
      RenderSVGText {text} at (200,2100) size 87x26 contains 1 chunk(s)
        RenderSVGInlineText {#text} at (0,0) size 87x26
          chunk 1 text run 1 at (200.00,2120.00) startOffset 0 endOffset 11 width 87.00: "just a text"
      RenderSVGText {text} at (300,2100) size 87x26 contains 1 chunk(s)
        RenderSVGInlineText {#text} at (0,0) size 87x26
          chunk 1 text run 1 at (300.00,2120.00) startOffset 0 endOffset 11 width 87.00: "just a text"
      RenderSVGText {text} at (400,2100) size 87x26 contains 1 chunk(s)
        RenderSVGInlineText {#text} at (0,0) size 87x26
          chunk 1 text run 1 at (400.00,2120.00) startOffset 0 endOffset 11 width 87.00: "just a text"
      RenderSVGText {text} at (500,2100) size 87x26 contains 1 chunk(s)
        RenderSVGInlineText {#text} at (0,0) size 87x26
          chunk 1 text run 1 at (500.00,2120.00) startOffset 0 endOffset 11 width 87.00: "just a text"
      RenderSVGText {text} at (600,2100) size 87x26 contains 1 chunk(s)
        RenderSVGInlineText {#text} at (0,0) size 87x26
          chunk 1 text run 1 at (600.00,2120.00) startOffset 0 endOffset 11 width 87.00: "just a text"
      RenderSVGText {text} at (700,2100) size 87x26 contains 1 chunk(s)
        RenderSVGInlineText {#text} at (0,0) size 87x26
          chunk 1 text run 1 at (700.00,2120.00) startOffset 0 endOffset 11 width 87.00: "just a text"
      RenderSVGText {text} at (800,2100) size 87x26 contains 1 chunk(s)
        RenderSVGInlineText {#text} at (0,0) size 87x26
          chunk 1 text run 1 at (800.00,2120.00) startOffset 0 endOffset 11 width 87.00: "just a text"
      RenderSVGText {text} at (900,2100) size 87x26 contains 1 chunk(s)
        RenderSVGInlineText {#text} at (0,0) size 87x26
          chunk 1 text run 1 at (900.00,2120.00) startOffset 0 endOffset 11 width 87.00: "just a text"
      RenderSVGText {text} at (1000,2100) size 87x26 contains 1 chunk(s)
        RenderSVGInlineText {#text} at (0,0) size 87x26
          chunk 1 text run 1 at (1000.00,2120.00) startOffset 0 endOffset 11 width 87.00: "just a text"
      RenderSVGText {text} at (1100,2100) size 87x26 contains 1 chunk(s)
        RenderSVGInlineText {#text} at (0,0) size 87x26
          chunk 1 text run 1 at (1100.00,2120.00) startOffset 0 endOffset 11 width 87.00: "just a text"
      RenderSVGText {text} at (1200,2100) size 87x26 contains 1 chunk(s)
        RenderSVGInlineText {#text} at (0,0) size 87x26
          chunk 1 text run 1 at (1200.00,2120.00) startOffset 0 endOffset 11 width 87.00: "just a text"
      RenderSVGText {text} at (1300,2100) size 87x26 contains 1 chunk(s)
        RenderSVGInlineText {#text} at (0,0) size 87x26
          chunk 1 text run 1 at (1300.00,2120.00) startOffset 0 endOffset 11 width 87.00: "just a text"
      RenderSVGText {text} at (1400,2100) size 87x26 contains 1 chunk(s)
        RenderSVGInlineText {#text} at (0,0) size 87x26
          chunk 1 text run 1 at (1400.00,2120.00) startOffset 0 endOffset 11 width 87.00: "just a text"
      RenderSVGText {text} at (1500,2100) size 87x26 contains 1 chunk(s)
        RenderSVGInlineText {#text} at (0,0) size 87x26
          chunk 1 text run 1 at (1500.00,2120.00) startOffset 0 endOffset 11 width 87.00: "just a text"
      RenderSVGText {text} at (1600,2100) size 87x26 contains 1 chunk(s)
        RenderSVGInlineText {#text} at (0,0) size 87x26
          chunk 1 text run 1 at (1600.00,2120.00) startOffset 0 endOffset 11 width 87.00: "just a text"
      RenderSVGText {text} at (1700,2100) size 87x26 contains 1 chunk(s)
        RenderSVGInlineText {#text} at (0,0) size 87x26
          chunk 1 text run 1 at (1700.00,2120.00) startOffset 0 endOffset 11 width 87.00: "just a text"
      RenderSVGText {text} at (1800,2100) size 87x26 contains 1 chunk(s)
        RenderSVGInlineText {#text} at (0,0) size 87x26
          chunk 1 text run 1 at (1800.00,2120.00) startOffset 0 endOffset 11 width 87.00: "just a text"
      RenderSVGText {text} at (1900,2100) size 87x26 contains 1 chunk(s)
        RenderSVGInlineText {#text} at (0,0) size 87x26
          chunk 1 text run 1 at (1900.00,2120.00) startOffset 0 endOffset 11 width 87.00: "just a text"
      RenderSVGText {text} at (2000,2100) size 87x26 contains 1 chunk(s)
        RenderSVGInlineText {#text} at (0,0) size 87x26
          chunk 1 text run 1 at (2000.00,2120.00) startOffset 0 endOffset 11 width 87.00: "just a text"
      RenderSVGText {text} at (2100,2100) size 87x26 contains 1 chunk(s)
        RenderSVGInlineText {#text} at (0,0) size 87x26
          chunk 1 text run 1 at (2100.00,2120.00) startOffset 0 endOffset 11 width 87.00: "just a text"
      RenderSVGText {text} at (2200,2100) size 87x26 contains 1 chunk(s)
        RenderSVGInlineText {#text} at (0,0) size 87x26
          chunk 1 text run 1 at (2200.00,2120.00) startOffset 0 endOffset 11 width 87.00: "just a text"
      RenderSVGText {text} at (2300,2100) size 87x26 contains 1 chunk(s)
        RenderSVGInlineText {#text} at (0,0) size 87x26
          chunk 1 text run 1 at (2300.00,2120.00) startOffset 0 endOffset 11 width 87.00: "just a text"
      RenderSVGText {text} at (2400,2100) size 87x26 contains 1 chunk(s)
        RenderSVGInlineText {#text} at (0,0) size 87x26
          chunk 1 text run 1 at (2400.00,2120.00) startOffset 0 endOffset 11 width 87.00: "just a text"
      RenderSVGText {text} at (2500,2100) size 87x26 contains 1 chunk(s)
        RenderSVGInlineText {#text} at (0,0) size 87x26
          chunk 1 text run 1 at (2500.00,2120.00) startOffset 0 endOffset 11 width 87.00: "just a text"
      RenderSVGText {text} at (2600,2100) size 87x26 contains 1 chunk(s)
        RenderSVGInlineText {#text} at (0,0) size 87x26
          chunk 1 text run 1 at (2600.00,2120.00) startOffset 0 endOffset 11 width 87.00: "just a text"
      RenderSVGText {text} at (2700,2100) size 87x26 contains 1 chunk(s)
        RenderSVGInlineText {#text} at (0,0) size 87x26
          chunk 1 text run 1 at (2700.00,2120.00) startOffset 0 endOffset 11 width 87.00: "just a text"
      RenderSVGText {text} at (2800,2100) size 87x26 contains 1 chunk(s)
        RenderSVGInlineText {#text} at (0,0) size 87x26
          chunk 1 text run 1 at (2800.00,2120.00) startOffset 0 endOffset 11 width 87.00: "just a text"
      RenderSVGText {text} at (2900,2100) size 87x26 contains 1 chunk(s)
        RenderSVGInlineText {#text} at (0,0) size 87x26
          chunk 1 text run 1 at (2900.00,2120.00) startOffset 0 endOffset 11 width 87.00: "just a text"
      RenderSVGText {text} at (3000,2100) size 87x26 contains 1 chunk(s)
        RenderSVGInlineText {#text} at (0,0) size 87x26
          chunk 1 text run 1 at (3000.00,2120.00) startOffset 0 endOffset 11 width 87.00: "just a text"
      RenderSVGText {text} at (3100,2100) size 87x26 contains 1 chunk(s)
        RenderSVGInlineText {#text} at (0,0) size 87x26
          chunk 1 text run 1 at (3100.00,2120.00) startOffset 0 endOffset 11 width 87.00: "just a text"
      RenderSVGText {text} at (3200,2100) size 87x26 contains 1 chunk(s)
        RenderSVGInlineText {#text} at (0,0) size 87x26
          chunk 1 text run 1 at (3200.00,2120.00) startOffset 0 endOffset 11 width 87.00: "just a text"
      RenderSVGText {text} at (3300,2100) size 87x26 contains 1 chunk(s)
        RenderSVGInlineText {#text} at (0,0) size 87x26
          chunk 1 text run 1 at (3300.00,2120.00) startOffset 0 endOffset 11 width 87.00: "just a text"
      RenderSVGText {text} at (3400,2100) size 87x26 contains 1 chunk(s)
        RenderSVGInlineText {#text} at (0,0) size 87x26
          chunk 1 text run 1 at (3400.00,2120.00) startOffset 0 endOffset 11 width 87.00: "just a text"
      RenderSVGText {text} at (3500,2100) size 87x26 contains 1 chunk(s)
        RenderSVGInlineText {#text} at (0,0) size 87x26
          chunk 1 text run 1 at (3500.00,2120.00) startOffset 0 endOffset 11 width 87.00: "just a text"
      RenderSVGText {text} at (3600,2100) size 87x26 contains 1 chunk(s)
        RenderSVGInlineText {#text} at (0,0) size 87x26
          chunk 1 text run 1 at (3600.00,2120.00) startOffset 0 endOffset 11 width 87.00: "just a text"
      RenderSVGText {text} at (3700,2100) size 87x26 contains 1 chunk(s)
        RenderSVGInlineText {#text} at (0,0) size 87x26
          chunk 1 text run 1 at (3700.00,2120.00) startOffset 0 endOffset 11 width 87.00: "just a text"
      RenderSVGText {text} at (3800,2100) size 87x26 contains 1 chunk(s)
        RenderSVGInlineText {#text} at (0,0) size 87x26
          chunk 1 text run 1 at (3800.00,2120.00) startOffset 0 endOffset 11 width 87.00: "just a text"
      RenderSVGText {text} at (3900,2100) size 87x26 contains 1 chunk(s)
        RenderSVGInlineText {#text} at (0,0) size 87x26
          chunk 1 text run 1 at (3900.00,2120.00) startOffset 0 endOffset 11 width 87.00: "just a text"
      RenderSVGText {text} at (4000,2100) size 87x26 contains 1 chunk(s)
        RenderSVGInlineText {#text} at (0,0) size 87x26
          chunk 1 text run 1 at (4000.00,2120.00) startOffset 0 endOffset 11 width 87.00: "just a text"
      RenderSVGText {text} at (4100,2100) size 87x26 contains 1 chunk(s)
        RenderSVGInlineText {#text} at (0,0) size 87x26
          chunk 1 text run 1 at (4100.00,2120.00) startOffset 0 endOffset 11 width 87.00: "just a text"
      RenderSVGText {text} at (4200,2100) size 87x26 contains 1 chunk(s)
        RenderSVGInlineText {#text} at (0,0) size 87x26
          chunk 1 text run 1 at (4200.00,2120.00) startOffset 0 endOffset 11 width 87.00: "just a text"
      RenderSVGText {text} at (4300,2100) size 87x26 contains 1 chunk(s)
        RenderSVGInlineText {#text} at (0,0) size 87x26
          chunk 1 text run 1 at (4300.00,2120.00) startOffset 0 endOffset 11 width 87.00: "just a text"
      RenderSVGText {text} at (4400,2100) size 87x26 contains 1 chunk(s)
        RenderSVGInlineText {#text} at (0,0) size 87x26
          chunk 1 text run 1 at (4400.00,2120.00) startOffset 0 endOffset 11 width 87.00: "just a text"
      RenderSVGText {text} at (4500,2100) size 87x26 contains 1 chunk(s)
        RenderSVGInlineText {#text} at (0,0) size 87x26
          chunk 1 text run 1 at (4500.00,2120.00) startOffset 0 endOffset 11 width 87.00: "just a text"
      RenderSVGText {text} at (4600,2100) size 87x26 contains 1 chunk(s)
        RenderSVGInlineText {#text} at (0,0) size 87x26
          chunk 1 text run 1 at (4600.00,2120.00) startOffset 0 endOffset 11 width 87.00: "just a text"
      RenderSVGText {text} at (4700,2100) size 87x26 contains 1 chunk(s)
        RenderSVGInlineText {#text} at (0,0) size 87x26
          chunk 1 text run 1 at (4700.00,2120.00) startOffset 0 endOffset 11 width 87.00: "just a text"
      RenderSVGText {text} at (4800,2100) size 87x26 contains 1 chunk(s)
        RenderSVGInlineText {#text} at (0,0) size 87x26
          chunk 1 text run 1 at (4800.00,2120.00) startOffset 0 endOffset 11 width 87.00: "just a text"
      RenderSVGText {text} at (4900,2100) size 87x26 contains 1 chunk(s)
        RenderSVGInlineText {#text} at (0,0) size 87x26
          chunk 1 text run 1 at (4900.00,2120.00) startOffset 0 endOffset 11 width 87.00: "just a text"
      RenderSVGText {text} at (0,2200) size 87x26 contains 1 chunk(s)
        RenderSVGInlineText {#text} at (0,0) size 87x26
          chunk 1 text run 1 at (0.00,2220.00) startOffset 0 endOffset 11 width 87.00: "just a text"
      RenderSVGText {text} at (100,2200) size 87x26 contains 1 chunk(s)
        RenderSVGInlineText {#text} at (0,0) size 87x26
          chunk 1 text run 1 at (100.00,2220.00) startOffset 0 endOffset 11 width 87.00: "just a text"
      RenderSVGText {text} at (200,2200) size 87x26 contains 1 chunk(s)
        RenderSVGInlineText {#text} at (0,0) size 87x26
          chunk 1 text run 1 at (200.00,2220.00) startOffset 0 endOffset 11 width 87.00: "just a text"
      RenderSVGText {text} at (300,2200) size 87x26 contains 1 chunk(s)
        RenderSVGInlineText {#text} at (0,0) size 87x26
          chunk 1 text run 1 at (300.00,2220.00) startOffset 0 endOffset 11 width 87.00: "just a text"
      RenderSVGText {text} at (400,2200) size 87x26 contains 1 chunk(s)
        RenderSVGInlineText {#text} at (0,0) size 87x26
          chunk 1 text run 1 at (400.00,2220.00) startOffset 0 endOffset 11 width 87.00: "just a text"
      RenderSVGText {text} at (500,2200) size 87x26 contains 1 chunk(s)
        RenderSVGInlineText {#text} at (0,0) size 87x26
          chunk 1 text run 1 at (500.00,2220.00) startOffset 0 endOffset 11 width 87.00: "just a text"
      RenderSVGText {text} at (600,2200) size 87x26 contains 1 chunk(s)
        RenderSVGInlineText {#text} at (0,0) size 87x26
          chunk 1 text run 1 at (600.00,2220.00) startOffset 0 endOffset 11 width 87.00: "just a text"
      RenderSVGText {text} at (700,2200) size 87x26 contains 1 chunk(s)
        RenderSVGInlineText {#text} at (0,0) size 87x26
          chunk 1 text run 1 at (700.00,2220.00) startOffset 0 endOffset 11 width 87.00: "just a text"
      RenderSVGText {text} at (800,2200) size 87x26 contains 1 chunk(s)
        RenderSVGInlineText {#text} at (0,0) size 87x26
          chunk 1 text run 1 at (800.00,2220.00) startOffset 0 endOffset 11 width 87.00: "just a text"
      RenderSVGText {text} at (900,2200) size 87x26 contains 1 chunk(s)
        RenderSVGInlineText {#text} at (0,0) size 87x26
          chunk 1 text run 1 at (900.00,2220.00) startOffset 0 endOffset 11 width 87.00: "just a text"
      RenderSVGText {text} at (1000,2200) size 87x26 contains 1 chunk(s)
        RenderSVGInlineText {#text} at (0,0) size 87x26
          chunk 1 text run 1 at (1000.00,2220.00) startOffset 0 endOffset 11 width 87.00: "just a text"
      RenderSVGText {text} at (1100,2200) size 87x26 contains 1 chunk(s)
        RenderSVGInlineText {#text} at (0,0) size 87x26
          chunk 1 text run 1 at (1100.00,2220.00) startOffset 0 endOffset 11 width 87.00: "just a text"
      RenderSVGText {text} at (1200,2200) size 87x26 contains 1 chunk(s)
        RenderSVGInlineText {#text} at (0,0) size 87x26
          chunk 1 text run 1 at (1200.00,2220.00) startOffset 0 endOffset 11 width 87.00: "just a text"
      RenderSVGText {text} at (1300,2200) size 87x26 contains 1 chunk(s)
        RenderSVGInlineText {#text} at (0,0) size 87x26
          chunk 1 text run 1 at (1300.00,2220.00) startOffset 0 endOffset 11 width 87.00: "just a text"
      RenderSVGText {text} at (1400,2200) size 87x26 contains 1 chunk(s)
        RenderSVGInlineText {#text} at (0,0) size 87x26
          chunk 1 text run 1 at (1400.00,2220.00) startOffset 0 endOffset 11 width 87.00: "just a text"
      RenderSVGText {text} at (1500,2200) size 87x26 contains 1 chunk(s)
        RenderSVGInlineText {#text} at (0,0) size 87x26
          chunk 1 text run 1 at (1500.00,2220.00) startOffset 0 endOffset 11 width 87.00: "just a text"
      RenderSVGText {text} at (1600,2200) size 87x26 contains 1 chunk(s)
        RenderSVGInlineText {#text} at (0,0) size 87x26
          chunk 1 text run 1 at (1600.00,2220.00) startOffset 0 endOffset 11 width 87.00: "just a text"
      RenderSVGText {text} at (1700,2200) size 87x26 contains 1 chunk(s)
        RenderSVGInlineText {#text} at (0,0) size 87x26
          chunk 1 text run 1 at (1700.00,2220.00) startOffset 0 endOffset 11 width 87.00: "just a text"
      RenderSVGText {text} at (1800,2200) size 87x26 contains 1 chunk(s)
        RenderSVGInlineText {#text} at (0,0) size 87x26
          chunk 1 text run 1 at (1800.00,2220.00) startOffset 0 endOffset 11 width 87.00: "just a text"
      RenderSVGText {text} at (1900,2200) size 87x26 contains 1 chunk(s)
        RenderSVGInlineText {#text} at (0,0) size 87x26
          chunk 1 text run 1 at (1900.00,2220.00) startOffset 0 endOffset 11 width 87.00: "just a text"
      RenderSVGText {text} at (2000,2200) size 87x26 contains 1 chunk(s)
        RenderSVGInlineText {#text} at (0,0) size 87x26
          chunk 1 text run 1 at (2000.00,2220.00) startOffset 0 endOffset 11 width 87.00: "just a text"
      RenderSVGText {text} at (2100,2200) size 87x26 contains 1 chunk(s)
        RenderSVGInlineText {#text} at (0,0) size 87x26
          chunk 1 text run 1 at (2100.00,2220.00) startOffset 0 endOffset 11 width 87.00: "just a text"
      RenderSVGText {text} at (2200,2200) size 87x26 contains 1 chunk(s)
        RenderSVGInlineText {#text} at (0,0) size 87x26
          chunk 1 text run 1 at (2200.00,2220.00) startOffset 0 endOffset 11 width 87.00: "just a text"
      RenderSVGText {text} at (2300,2200) size 87x26 contains 1 chunk(s)
        RenderSVGInlineText {#text} at (0,0) size 87x26
          chunk 1 text run 1 at (2300.00,2220.00) startOffset 0 endOffset 11 width 87.00: "just a text"
      RenderSVGText {text} at (2400,2200) size 87x26 contains 1 chunk(s)
        RenderSVGInlineText {#text} at (0,0) size 87x26
          chunk 1 text run 1 at (2400.00,2220.00) startOffset 0 endOffset 11 width 87.00: "just a text"
      RenderSVGText {text} at (2500,2200) size 87x26 contains 1 chunk(s)
        RenderSVGInlineText {#text} at (0,0) size 87x26
          chunk 1 text run 1 at (2500.00,2220.00) startOffset 0 endOffset 11 width 87.00: "just a text"
      RenderSVGText {text} at (2600,2200) size 87x26 contains 1 chunk(s)
        RenderSVGInlineText {#text} at (0,0) size 87x26
          chunk 1 text run 1 at (2600.00,2220.00) startOffset 0 endOffset 11 width 87.00: "just a text"
      RenderSVGText {text} at (2700,2200) size 87x26 contains 1 chunk(s)
        RenderSVGInlineText {#text} at (0,0) size 87x26
          chunk 1 text run 1 at (2700.00,2220.00) startOffset 0 endOffset 11 width 87.00: "just a text"
      RenderSVGText {text} at (2800,2200) size 87x26 contains 1 chunk(s)
        RenderSVGInlineText {#text} at (0,0) size 87x26
          chunk 1 text run 1 at (2800.00,2220.00) startOffset 0 endOffset 11 width 87.00: "just a text"
      RenderSVGText {text} at (2900,2200) size 87x26 contains 1 chunk(s)
        RenderSVGInlineText {#text} at (0,0) size 87x26
          chunk 1 text run 1 at (2900.00,2220.00) startOffset 0 endOffset 11 width 87.00: "just a text"
      RenderSVGText {text} at (3000,2200) size 87x26 contains 1 chunk(s)
        RenderSVGInlineText {#text} at (0,0) size 87x26
          chunk 1 text run 1 at (3000.00,2220.00) startOffset 0 endOffset 11 width 87.00: "just a text"
      RenderSVGText {text} at (3100,2200) size 87x26 contains 1 chunk(s)
        RenderSVGInlineText {#text} at (0,0) size 87x26
          chunk 1 text run 1 at (3100.00,2220.00) startOffset 0 endOffset 11 width 87.00: "just a text"
      RenderSVGText {text} at (3200,2200) size 87x26 contains 1 chunk(s)
        RenderSVGInlineText {#text} at (0,0) size 87x26
          chunk 1 text run 1 at (3200.00,2220.00) startOffset 0 endOffset 11 width 87.00: "just a text"
      RenderSVGText {text} at (3300,2200) size 87x26 contains 1 chunk(s)
        RenderSVGInlineText {#text} at (0,0) size 87x26
          chunk 1 text run 1 at (3300.00,2220.00) startOffset 0 endOffset 11 width 87.00: "just a text"
      RenderSVGText {text} at (3400,2200) size 87x26 contains 1 chunk(s)
        RenderSVGInlineText {#text} at (0,0) size 87x26
          chunk 1 text run 1 at (3400.00,2220.00) startOffset 0 endOffset 11 width 87.00: "just a text"
      RenderSVGText {text} at (3500,2200) size 87x26 contains 1 chunk(s)
        RenderSVGInlineText {#text} at (0,0) size 87x26
          chunk 1 text run 1 at (3500.00,2220.00) startOffset 0 endOffset 11 width 87.00: "just a text"
      RenderSVGText {text} at (3600,2200) size 87x26 contains 1 chunk(s)
        RenderSVGInlineText {#text} at (0,0) size 87x26
          chunk 1 text run 1 at (3600.00,2220.00) startOffset 0 endOffset 11 width 87.00: "just a text"
      RenderSVGText {text} at (3700,2200) size 87x26 contains 1 chunk(s)
        RenderSVGInlineText {#text} at (0,0) size 87x26
          chunk 1 text run 1 at (3700.00,2220.00) startOffset 0 endOffset 11 width 87.00: "just a text"
      RenderSVGText {text} at (3800,2200) size 87x26 contains 1 chunk(s)
        RenderSVGInlineText {#text} at (0,0) size 87x26
          chunk 1 text run 1 at (3800.00,2220.00) startOffset 0 endOffset 11 width 87.00: "just a text"
      RenderSVGText {text} at (3900,2200) size 87x26 contains 1 chunk(s)
        RenderSVGInlineText {#text} at (0,0) size 87x26
          chunk 1 text run 1 at (3900.00,2220.00) startOffset 0 endOffset 11 width 87.00: "just a text"
      RenderSVGText {text} at (4000,2200) size 87x26 contains 1 chunk(s)
        RenderSVGInlineText {#text} at (0,0) size 87x26
          chunk 1 text run 1 at (4000.00,2220.00) startOffset 0 endOffset 11 width 87.00: "just a text"
      RenderSVGText {text} at (4100,2200) size 87x26 contains 1 chunk(s)
        RenderSVGInlineText {#text} at (0,0) size 87x26
          chunk 1 text run 1 at (4100.00,2220.00) startOffset 0 endOffset 11 width 87.00: "just a text"
      RenderSVGText {text} at (4200,2200) size 87x26 contains 1 chunk(s)
        RenderSVGInlineText {#text} at (0,0) size 87x26
          chunk 1 text run 1 at (4200.00,2220.00) startOffset 0 endOffset 11 width 87.00: "just a text"
      RenderSVGText {text} at (4300,2200) size 87x26 contains 1 chunk(s)
        RenderSVGInlineText {#text} at (0,0) size 87x26
          chunk 1 text run 1 at (4300.00,2220.00) startOffset 0 endOffset 11 width 87.00: "just a text"
      RenderSVGText {text} at (4400,2200) size 87x26 contains 1 chunk(s)
        RenderSVGInlineText {#text} at (0,0) size 87x26
          chunk 1 text run 1 at (4400.00,2220.00) startOffset 0 endOffset 11 width 87.00: "just a text"
      RenderSVGText {text} at (4500,2200) size 87x26 contains 1 chunk(s)
        RenderSVGInlineText {#text} at (0,0) size 87x26
          chunk 1 text run 1 at (4500.00,2220.00) startOffset 0 endOffset 11 width 87.00: "just a text"
      RenderSVGText {text} at (4600,2200) size 87x26 contains 1 chunk(s)
        RenderSVGInlineText {#text} at (0,0) size 87x26
          chunk 1 text run 1 at (4600.00,2220.00) startOffset 0 endOffset 11 width 87.00: "just a text"
      RenderSVGText {text} at (4700,2200) size 87x26 contains 1 chunk(s)
        RenderSVGInlineText {#text} at (0,0) size 87x26
          chunk 1 text run 1 at (4700.00,2220.00) startOffset 0 endOffset 11 width 87.00: "just a text"
      RenderSVGText {text} at (4800,2200) size 87x26 contains 1 chunk(s)
        RenderSVGInlineText {#text} at (0,0) size 87x26
          chunk 1 text run 1 at (4800.00,2220.00) startOffset 0 endOffset 11 width 87.00: "just a text"
      RenderSVGText {text} at (4900,2200) size 87x26 contains 1 chunk(s)
        RenderSVGInlineText {#text} at (0,0) size 87x26
          chunk 1 text run 1 at (4900.00,2220.00) startOffset 0 endOffset 11 width 87.00: "just a text"
      RenderSVGText {text} at (0,2300) size 87x26 contains 1 chunk(s)
        RenderSVGInlineText {#text} at (0,0) size 87x26
          chunk 1 text run 1 at (0.00,2320.00) startOffset 0 endOffset 11 width 87.00: "just a text"
      RenderSVGText {text} at (100,2300) size 87x26 contains 1 chunk(s)
        RenderSVGInlineText {#text} at (0,0) size 87x26
          chunk 1 text run 1 at (100.00,2320.00) startOffset 0 endOffset 11 width 87.00: "just a text"
      RenderSVGText {text} at (200,2300) size 87x26 contains 1 chunk(s)
        RenderSVGInlineText {#text} at (0,0) size 87x26
          chunk 1 text run 1 at (200.00,2320.00) startOffset 0 endOffset 11 width 87.00: "just a text"
      RenderSVGText {text} at (300,2300) size 87x26 contains 1 chunk(s)
        RenderSVGInlineText {#text} at (0,0) size 87x26
          chunk 1 text run 1 at (300.00,2320.00) startOffset 0 endOffset 11 width 87.00: "just a text"
      RenderSVGText {text} at (400,2300) size 87x26 contains 1 chunk(s)
        RenderSVGInlineText {#text} at (0,0) size 87x26
          chunk 1 text run 1 at (400.00,2320.00) startOffset 0 endOffset 11 width 87.00: "just a text"
      RenderSVGText {text} at (500,2300) size 87x26 contains 1 chunk(s)
        RenderSVGInlineText {#text} at (0,0) size 87x26
          chunk 1 text run 1 at (500.00,2320.00) startOffset 0 endOffset 11 width 87.00: "just a text"
      RenderSVGText {text} at (600,2300) size 87x26 contains 1 chunk(s)
        RenderSVGInlineText {#text} at (0,0) size 87x26
          chunk 1 text run 1 at (600.00,2320.00) startOffset 0 endOffset 11 width 87.00: "just a text"
      RenderSVGText {text} at (700,2300) size 87x26 contains 1 chunk(s)
        RenderSVGInlineText {#text} at (0,0) size 87x26
          chunk 1 text run 1 at (700.00,2320.00) startOffset 0 endOffset 11 width 87.00: "just a text"
      RenderSVGText {text} at (800,2300) size 87x26 contains 1 chunk(s)
        RenderSVGInlineText {#text} at (0,0) size 87x26
          chunk 1 text run 1 at (800.00,2320.00) startOffset 0 endOffset 11 width 87.00: "just a text"
      RenderSVGText {text} at (900,2300) size 87x26 contains 1 chunk(s)
        RenderSVGInlineText {#text} at (0,0) size 87x26
          chunk 1 text run 1 at (900.00,2320.00) startOffset 0 endOffset 11 width 87.00: "just a text"
      RenderSVGText {text} at (1000,2300) size 87x26 contains 1 chunk(s)
        RenderSVGInlineText {#text} at (0,0) size 87x26
          chunk 1 text run 1 at (1000.00,2320.00) startOffset 0 endOffset 11 width 87.00: "just a text"
      RenderSVGText {text} at (1100,2300) size 87x26 contains 1 chunk(s)
        RenderSVGInlineText {#text} at (0,0) size 87x26
          chunk 1 text run 1 at (1100.00,2320.00) startOffset 0 endOffset 11 width 87.00: "just a text"
      RenderSVGText {text} at (1200,2300) size 87x26 contains 1 chunk(s)
        RenderSVGInlineText {#text} at (0,0) size 87x26
          chunk 1 text run 1 at (1200.00,2320.00) startOffset 0 endOffset 11 width 87.00: "just a text"
      RenderSVGText {text} at (1300,2300) size 87x26 contains 1 chunk(s)
        RenderSVGInlineText {#text} at (0,0) size 87x26
          chunk 1 text run 1 at (1300.00,2320.00) startOffset 0 endOffset 11 width 87.00: "just a text"
      RenderSVGText {text} at (1400,2300) size 87x26 contains 1 chunk(s)
        RenderSVGInlineText {#text} at (0,0) size 87x26
          chunk 1 text run 1 at (1400.00,2320.00) startOffset 0 endOffset 11 width 87.00: "just a text"
      RenderSVGText {text} at (1500,2300) size 87x26 contains 1 chunk(s)
        RenderSVGInlineText {#text} at (0,0) size 87x26
          chunk 1 text run 1 at (1500.00,2320.00) startOffset 0 endOffset 11 width 87.00: "just a text"
      RenderSVGText {text} at (1600,2300) size 87x26 contains 1 chunk(s)
        RenderSVGInlineText {#text} at (0,0) size 87x26
          chunk 1 text run 1 at (1600.00,2320.00) startOffset 0 endOffset 11 width 87.00: "just a text"
      RenderSVGText {text} at (1700,2300) size 87x26 contains 1 chunk(s)
        RenderSVGInlineText {#text} at (0,0) size 87x26
          chunk 1 text run 1 at (1700.00,2320.00) startOffset 0 endOffset 11 width 87.00: "just a text"
      RenderSVGText {text} at (1800,2300) size 87x26 contains 1 chunk(s)
        RenderSVGInlineText {#text} at (0,0) size 87x26
          chunk 1 text run 1 at (1800.00,2320.00) startOffset 0 endOffset 11 width 87.00: "just a text"
      RenderSVGText {text} at (1900,2300) size 87x26 contains 1 chunk(s)
        RenderSVGInlineText {#text} at (0,0) size 87x26
          chunk 1 text run 1 at (1900.00,2320.00) startOffset 0 endOffset 11 width 87.00: "just a text"
      RenderSVGText {text} at (2000,2300) size 87x26 contains 1 chunk(s)
        RenderSVGInlineText {#text} at (0,0) size 87x26
          chunk 1 text run 1 at (2000.00,2320.00) startOffset 0 endOffset 11 width 87.00: "just a text"
      RenderSVGText {text} at (2100,2300) size 87x26 contains 1 chunk(s)
        RenderSVGInlineText {#text} at (0,0) size 87x26
          chunk 1 text run 1 at (2100.00,2320.00) startOffset 0 endOffset 11 width 87.00: "just a text"
      RenderSVGText {text} at (2200,2300) size 87x26 contains 1 chunk(s)
        RenderSVGInlineText {#text} at (0,0) size 87x26
          chunk 1 text run 1 at (2200.00,2320.00) startOffset 0 endOffset 11 width 87.00: "just a text"
      RenderSVGText {text} at (2300,2300) size 87x26 contains 1 chunk(s)
        RenderSVGInlineText {#text} at (0,0) size 87x26
          chunk 1 text run 1 at (2300.00,2320.00) startOffset 0 endOffset 11 width 87.00: "just a text"
      RenderSVGText {text} at (2400,2300) size 87x26 contains 1 chunk(s)
        RenderSVGInlineText {#text} at (0,0) size 87x26
          chunk 1 text run 1 at (2400.00,2320.00) startOffset 0 endOffset 11 width 87.00: "just a text"
      RenderSVGText {text} at (2500,2300) size 87x26 contains 1 chunk(s)
        RenderSVGInlineText {#text} at (0,0) size 87x26
          chunk 1 text run 1 at (2500.00,2320.00) startOffset 0 endOffset 11 width 87.00: "just a text"
      RenderSVGText {text} at (2600,2300) size 87x26 contains 1 chunk(s)
        RenderSVGInlineText {#text} at (0,0) size 87x26
          chunk 1 text run 1 at (2600.00,2320.00) startOffset 0 endOffset 11 width 87.00: "just a text"
      RenderSVGText {text} at (2700,2300) size 87x26 contains 1 chunk(s)
        RenderSVGInlineText {#text} at (0,0) size 87x26
          chunk 1 text run 1 at (2700.00,2320.00) startOffset 0 endOffset 11 width 87.00: "just a text"
      RenderSVGText {text} at (2800,2300) size 87x26 contains 1 chunk(s)
        RenderSVGInlineText {#text} at (0,0) size 87x26
          chunk 1 text run 1 at (2800.00,2320.00) startOffset 0 endOffset 11 width 87.00: "just a text"
      RenderSVGText {text} at (2900,2300) size 87x26 contains 1 chunk(s)
        RenderSVGInlineText {#text} at (0,0) size 87x26
          chunk 1 text run 1 at (2900.00,2320.00) startOffset 0 endOffset 11 width 87.00: "just a text"
      RenderSVGText {text} at (3000,2300) size 87x26 contains 1 chunk(s)
        RenderSVGInlineText {#text} at (0,0) size 87x26
          chunk 1 text run 1 at (3000.00,2320.00) startOffset 0 endOffset 11 width 87.00: "just a text"
      RenderSVGText {text} at (3100,2300) size 87x26 contains 1 chunk(s)
        RenderSVGInlineText {#text} at (0,0) size 87x26
          chunk 1 text run 1 at (3100.00,2320.00) startOffset 0 endOffset 11 width 87.00: "just a text"
      RenderSVGText {text} at (3200,2300) size 87x26 contains 1 chunk(s)
        RenderSVGInlineText {#text} at (0,0) size 87x26
          chunk 1 text run 1 at (3200.00,2320.00) startOffset 0 endOffset 11 width 87.00: "just a text"
      RenderSVGText {text} at (3300,2300) size 87x26 contains 1 chunk(s)
        RenderSVGInlineText {#text} at (0,0) size 87x26
          chunk 1 text run 1 at (3300.00,2320.00) startOffset 0 endOffset 11 width 87.00: "just a text"
      RenderSVGText {text} at (3400,2300) size 87x26 contains 1 chunk(s)
        RenderSVGInlineText {#text} at (0,0) size 87x26
          chunk 1 text run 1 at (3400.00,2320.00) startOffset 0 endOffset 11 width 87.00: "just a text"
      RenderSVGText {text} at (3500,2300) size 87x26 contains 1 chunk(s)
        RenderSVGInlineText {#text} at (0,0) size 87x26
          chunk 1 text run 1 at (3500.00,2320.00) startOffset 0 endOffset 11 width 87.00: "just a text"
      RenderSVGText {text} at (3600,2300) size 87x26 contains 1 chunk(s)
        RenderSVGInlineText {#text} at (0,0) size 87x26
          chunk 1 text run 1 at (3600.00,2320.00) startOffset 0 endOffset 11 width 87.00: "just a text"
      RenderSVGText {text} at (3700,2300) size 87x26 contains 1 chunk(s)
        RenderSVGInlineText {#text} at (0,0) size 87x26
          chunk 1 text run 1 at (3700.00,2320.00) startOffset 0 endOffset 11 width 87.00: "just a text"
      RenderSVGText {text} at (3800,2300) size 87x26 contains 1 chunk(s)
        RenderSVGInlineText {#text} at (0,0) size 87x26
          chunk 1 text run 1 at (3800.00,2320.00) startOffset 0 endOffset 11 width 87.00: "just a text"
      RenderSVGText {text} at (3900,2300) size 87x26 contains 1 chunk(s)
        RenderSVGInlineText {#text} at (0,0) size 87x26
          chunk 1 text run 1 at (3900.00,2320.00) startOffset 0 endOffset 11 width 87.00: "just a text"
      RenderSVGText {text} at (4000,2300) size 87x26 contains 1 chunk(s)
        RenderSVGInlineText {#text} at (0,0) size 87x26
          chunk 1 text run 1 at (4000.00,2320.00) startOffset 0 endOffset 11 width 87.00: "just a text"
      RenderSVGText {text} at (4100,2300) size 87x26 contains 1 chunk(s)
        RenderSVGInlineText {#text} at (0,0) size 87x26
          chunk 1 text run 1 at (4100.00,2320.00) startOffset 0 endOffset 11 width 87.00: "just a text"
      RenderSVGText {text} at (4200,2300) size 87x26 contains 1 chunk(s)
        RenderSVGInlineText {#text} at (0,0) size 87x26
          chunk 1 text run 1 at (4200.00,2320.00) startOffset 0 endOffset 11 width 87.00: "just a text"
      RenderSVGText {text} at (4300,2300) size 87x26 contains 1 chunk(s)
        RenderSVGInlineText {#text} at (0,0) size 87x26
          chunk 1 text run 1 at (4300.00,2320.00) startOffset 0 endOffset 11 width 87.00: "just a text"
      RenderSVGText {text} at (4400,2300) size 87x26 contains 1 chunk(s)
        RenderSVGInlineText {#text} at (0,0) size 87x26
          chunk 1 text run 1 at (4400.00,2320.00) startOffset 0 endOffset 11 width 87.00: "just a text"
      RenderSVGText {text} at (4500,2300) size 87x26 contains 1 chunk(s)
        RenderSVGInlineText {#text} at (0,0) size 87x26
          chunk 1 text run 1 at (4500.00,2320.00) startOffset 0 endOffset 11 width 87.00: "just a text"
      RenderSVGText {text} at (4600,2300) size 87x26 contains 1 chunk(s)
        RenderSVGInlineText {#text} at (0,0) size 87x26
          chunk 1 text run 1 at (4600.00,2320.00) startOffset 0 endOffset 11 width 87.00: "just a text"
      RenderSVGText {text} at (4700,2300) size 87x26 contains 1 chunk(s)
        RenderSVGInlineText {#text} at (0,0) size 87x26
          chunk 1 text run 1 at (4700.00,2320.00) startOffset 0 endOffset 11 width 87.00: "just a text"
      RenderSVGText {text} at (4800,2300) size 87x26 contains 1 chunk(s)
        RenderSVGInlineText {#text} at (0,0) size 87x26
          chunk 1 text run 1 at (4800.00,2320.00) startOffset 0 endOffset 11 width 87.00: "just a text"
      RenderSVGText {text} at (4900,2300) size 87x26 contains 1 chunk(s)
        RenderSVGInlineText {#text} at (0,0) size 87x26
          chunk 1 text run 1 at (4900.00,2320.00) startOffset 0 endOffset 11 width 87.00: "just a text"
      RenderSVGText {text} at (0,2400) size 87x26 contains 1 chunk(s)
        RenderSVGInlineText {#text} at (0,0) size 87x26
          chunk 1 text run 1 at (0.00,2420.00) startOffset 0 endOffset 11 width 87.00: "just a text"
      RenderSVGText {text} at (100,2400) size 87x26 contains 1 chunk(s)
        RenderSVGInlineText {#text} at (0,0) size 87x26
          chunk 1 text run 1 at (100.00,2420.00) startOffset 0 endOffset 11 width 87.00: "just a text"
      RenderSVGText {text} at (200,2400) size 87x26 contains 1 chunk(s)
        RenderSVGInlineText {#text} at (0,0) size 87x26
          chunk 1 text run 1 at (200.00,2420.00) startOffset 0 endOffset 11 width 87.00: "just a text"
      RenderSVGText {text} at (300,2400) size 87x26 contains 1 chunk(s)
        RenderSVGInlineText {#text} at (0,0) size 87x26
          chunk 1 text run 1 at (300.00,2420.00) startOffset 0 endOffset 11 width 87.00: "just a text"
      RenderSVGText {text} at (400,2400) size 87x26 contains 1 chunk(s)
        RenderSVGInlineText {#text} at (0,0) size 87x26
          chunk 1 text run 1 at (400.00,2420.00) startOffset 0 endOffset 11 width 87.00: "just a text"
      RenderSVGText {text} at (500,2400) size 87x26 contains 1 chunk(s)
        RenderSVGInlineText {#text} at (0,0) size 87x26
          chunk 1 text run 1 at (500.00,2420.00) startOffset 0 endOffset 11 width 87.00: "just a text"
      RenderSVGText {text} at (600,2400) size 87x26 contains 1 chunk(s)
        RenderSVGInlineText {#text} at (0,0) size 87x26
          chunk 1 text run 1 at (600.00,2420.00) startOffset 0 endOffset 11 width 87.00: "just a text"
      RenderSVGText {text} at (700,2400) size 87x26 contains 1 chunk(s)
        RenderSVGInlineText {#text} at (0,0) size 87x26
          chunk 1 text run 1 at (700.00,2420.00) startOffset 0 endOffset 11 width 87.00: "just a text"
      RenderSVGText {text} at (800,2400) size 87x26 contains 1 chunk(s)
        RenderSVGInlineText {#text} at (0,0) size 87x26
          chunk 1 text run 1 at (800.00,2420.00) startOffset 0 endOffset 11 width 87.00: "just a text"
      RenderSVGText {text} at (900,2400) size 87x26 contains 1 chunk(s)
        RenderSVGInlineText {#text} at (0,0) size 87x26
          chunk 1 text run 1 at (900.00,2420.00) startOffset 0 endOffset 11 width 87.00: "just a text"
      RenderSVGText {text} at (1000,2400) size 87x26 contains 1 chunk(s)
        RenderSVGInlineText {#text} at (0,0) size 87x26
          chunk 1 text run 1 at (1000.00,2420.00) startOffset 0 endOffset 11 width 87.00: "just a text"
      RenderSVGText {text} at (1100,2400) size 87x26 contains 1 chunk(s)
        RenderSVGInlineText {#text} at (0,0) size 87x26
          chunk 1 text run 1 at (1100.00,2420.00) startOffset 0 endOffset 11 width 87.00: "just a text"
      RenderSVGText {text} at (1200,2400) size 87x26 contains 1 chunk(s)
        RenderSVGInlineText {#text} at (0,0) size 87x26
          chunk 1 text run 1 at (1200.00,2420.00) startOffset 0 endOffset 11 width 87.00: "just a text"
      RenderSVGText {text} at (1300,2400) size 87x26 contains 1 chunk(s)
        RenderSVGInlineText {#text} at (0,0) size 87x26
          chunk 1 text run 1 at (1300.00,2420.00) startOffset 0 endOffset 11 width 87.00: "just a text"
      RenderSVGText {text} at (1400,2400) size 87x26 contains 1 chunk(s)
        RenderSVGInlineText {#text} at (0,0) size 87x26
          chunk 1 text run 1 at (1400.00,2420.00) startOffset 0 endOffset 11 width 87.00: "just a text"
      RenderSVGText {text} at (1500,2400) size 87x26 contains 1 chunk(s)
        RenderSVGInlineText {#text} at (0,0) size 87x26
          chunk 1 text run 1 at (1500.00,2420.00) startOffset 0 endOffset 11 width 87.00: "just a text"
      RenderSVGText {text} at (1600,2400) size 87x26 contains 1 chunk(s)
        RenderSVGInlineText {#text} at (0,0) size 87x26
          chunk 1 text run 1 at (1600.00,2420.00) startOffset 0 endOffset 11 width 87.00: "just a text"
      RenderSVGText {text} at (1700,2400) size 87x26 contains 1 chunk(s)
        RenderSVGInlineText {#text} at (0,0) size 87x26
          chunk 1 text run 1 at (1700.00,2420.00) startOffset 0 endOffset 11 width 87.00: "just a text"
      RenderSVGText {text} at (1800,2400) size 87x26 contains 1 chunk(s)
        RenderSVGInlineText {#text} at (0,0) size 87x26
          chunk 1 text run 1 at (1800.00,2420.00) startOffset 0 endOffset 11 width 87.00: "just a text"
      RenderSVGText {text} at (1900,2400) size 87x26 contains 1 chunk(s)
        RenderSVGInlineText {#text} at (0,0) size 87x26
          chunk 1 text run 1 at (1900.00,2420.00) startOffset 0 endOffset 11 width 87.00: "just a text"
      RenderSVGText {text} at (2000,2400) size 87x26 contains 1 chunk(s)
        RenderSVGInlineText {#text} at (0,0) size 87x26
          chunk 1 text run 1 at (2000.00,2420.00) startOffset 0 endOffset 11 width 87.00: "just a text"
      RenderSVGText {text} at (2100,2400) size 87x26 contains 1 chunk(s)
        RenderSVGInlineText {#text} at (0,0) size 87x26
          chunk 1 text run 1 at (2100.00,2420.00) startOffset 0 endOffset 11 width 87.00: "just a text"
      RenderSVGText {text} at (2200,2400) size 87x26 contains 1 chunk(s)
        RenderSVGInlineText {#text} at (0,0) size 87x26
          chunk 1 text run 1 at (2200.00,2420.00) startOffset 0 endOffset 11 width 87.00: "just a text"
      RenderSVGText {text} at (2300,2400) size 87x26 contains 1 chunk(s)
        RenderSVGInlineText {#text} at (0,0) size 87x26
          chunk 1 text run 1 at (2300.00,2420.00) startOffset 0 endOffset 11 width 87.00: "just a text"
      RenderSVGText {text} at (2400,2400) size 87x26 contains 1 chunk(s)
        RenderSVGInlineText {#text} at (0,0) size 87x26
          chunk 1 text run 1 at (2400.00,2420.00) startOffset 0 endOffset 11 width 87.00: "just a text"
      RenderSVGText {text} at (2500,2400) size 87x26 contains 1 chunk(s)
        RenderSVGInlineText {#text} at (0,0) size 87x26
          chunk 1 text run 1 at (2500.00,2420.00) startOffset 0 endOffset 11 width 87.00: "just a text"
      RenderSVGText {text} at (2600,2400) size 87x26 contains 1 chunk(s)
        RenderSVGInlineText {#text} at (0,0) size 87x26
          chunk 1 text run 1 at (2600.00,2420.00) startOffset 0 endOffset 11 width 87.00: "just a text"
      RenderSVGText {text} at (2700,2400) size 87x26 contains 1 chunk(s)
        RenderSVGInlineText {#text} at (0,0) size 87x26
          chunk 1 text run 1 at (2700.00,2420.00) startOffset 0 endOffset 11 width 87.00: "just a text"
      RenderSVGText {text} at (2800,2400) size 87x26 contains 1 chunk(s)
        RenderSVGInlineText {#text} at (0,0) size 87x26
          chunk 1 text run 1 at (2800.00,2420.00) startOffset 0 endOffset 11 width 87.00: "just a text"
      RenderSVGText {text} at (2900,2400) size 87x26 contains 1 chunk(s)
        RenderSVGInlineText {#text} at (0,0) size 87x26
          chunk 1 text run 1 at (2900.00,2420.00) startOffset 0 endOffset 11 width 87.00: "just a text"
      RenderSVGText {text} at (3000,2400) size 87x26 contains 1 chunk(s)
        RenderSVGInlineText {#text} at (0,0) size 87x26
          chunk 1 text run 1 at (3000.00,2420.00) startOffset 0 endOffset 11 width 87.00: "just a text"
      RenderSVGText {text} at (3100,2400) size 87x26 contains 1 chunk(s)
        RenderSVGInlineText {#text} at (0,0) size 87x26
          chunk 1 text run 1 at (3100.00,2420.00) startOffset 0 endOffset 11 width 87.00: "just a text"
      RenderSVGText {text} at (3200,2400) size 87x26 contains 1 chunk(s)
        RenderSVGInlineText {#text} at (0,0) size 87x26
          chunk 1 text run 1 at (3200.00,2420.00) startOffset 0 endOffset 11 width 87.00: "just a text"
      RenderSVGText {text} at (3300,2400) size 87x26 contains 1 chunk(s)
        RenderSVGInlineText {#text} at (0,0) size 87x26
          chunk 1 text run 1 at (3300.00,2420.00) startOffset 0 endOffset 11 width 87.00: "just a text"
      RenderSVGText {text} at (3400,2400) size 87x26 contains 1 chunk(s)
        RenderSVGInlineText {#text} at (0,0) size 87x26
          chunk 1 text run 1 at (3400.00,2420.00) startOffset 0 endOffset 11 width 87.00: "just a text"
      RenderSVGText {text} at (3500,2400) size 87x26 contains 1 chunk(s)
        RenderSVGInlineText {#text} at (0,0) size 87x26
          chunk 1 text run 1 at (3500.00,2420.00) startOffset 0 endOffset 11 width 87.00: "just a text"
      RenderSVGText {text} at (3600,2400) size 87x26 contains 1 chunk(s)
        RenderSVGInlineText {#text} at (0,0) size 87x26
          chunk 1 text run 1 at (3600.00,2420.00) startOffset 0 endOffset 11 width 87.00: "just a text"
      RenderSVGText {text} at (3700,2400) size 87x26 contains 1 chunk(s)
        RenderSVGInlineText {#text} at (0,0) size 87x26
          chunk 1 text run 1 at (3700.00,2420.00) startOffset 0 endOffset 11 width 87.00: "just a text"
      RenderSVGText {text} at (3800,2400) size 87x26 contains 1 chunk(s)
        RenderSVGInlineText {#text} at (0,0) size 87x26
          chunk 1 text run 1 at (3800.00,2420.00) startOffset 0 endOffset 11 width 87.00: "just a text"
      RenderSVGText {text} at (3900,2400) size 87x26 contains 1 chunk(s)
        RenderSVGInlineText {#text} at (0,0) size 87x26
          chunk 1 text run 1 at (3900.00,2420.00) startOffset 0 endOffset 11 width 87.00: "just a text"
      RenderSVGText {text} at (4000,2400) size 87x26 contains 1 chunk(s)
        RenderSVGInlineText {#text} at (0,0) size 87x26
          chunk 1 text run 1 at (4000.00,2420.00) startOffset 0 endOffset 11 width 87.00: "just a text"
      RenderSVGText {text} at (4100,2400) size 87x26 contains 1 chunk(s)
        RenderSVGInlineText {#text} at (0,0) size 87x26
          chunk 1 text run 1 at (4100.00,2420.00) startOffset 0 endOffset 11 width 87.00: "just a text"
      RenderSVGText {text} at (4200,2400) size 87x26 contains 1 chunk(s)
        RenderSVGInlineText {#text} at (0,0) size 87x26
          chunk 1 text run 1 at (4200.00,2420.00) startOffset 0 endOffset 11 width 87.00: "just a text"
      RenderSVGText {text} at (4300,2400) size 87x26 contains 1 chunk(s)
        RenderSVGInlineText {#text} at (0,0) size 87x26
          chunk 1 text run 1 at (4300.00,2420.00) startOffset 0 endOffset 11 width 87.00: "just a text"
      RenderSVGText {text} at (4400,2400) size 87x26 contains 1 chunk(s)
        RenderSVGInlineText {#text} at (0,0) size 87x26
          chunk 1 text run 1 at (4400.00,2420.00) startOffset 0 endOffset 11 width 87.00: "just a text"
      RenderSVGText {text} at (4500,2400) size 87x26 contains 1 chunk(s)
        RenderSVGInlineText {#text} at (0,0) size 87x26
          chunk 1 text run 1 at (4500.00,2420.00) startOffset 0 endOffset 11 width 87.00: "just a text"
      RenderSVGText {text} at (4600,2400) size 87x26 contains 1 chunk(s)
        RenderSVGInlineText {#text} at (0,0) size 87x26
          chunk 1 text run 1 at (4600.00,2420.00) startOffset 0 endOffset 11 width 87.00: "just a text"
      RenderSVGText {text} at (4700,2400) size 87x26 contains 1 chunk(s)
        RenderSVGInlineText {#text} at (0,0) size 87x26
          chunk 1 text run 1 at (4700.00,2420.00) startOffset 0 endOffset 11 width 87.00: "just a text"
      RenderSVGText {text} at (4800,2400) size 87x26 contains 1 chunk(s)
        RenderSVGInlineText {#text} at (0,0) size 87x26
          chunk 1 text run 1 at (4800.00,2420.00) startOffset 0 endOffset 11 width 87.00: "just a text"
      RenderSVGText {text} at (4900,2400) size 87x26 contains 1 chunk(s)
        RenderSVGInlineText {#text} at (0,0) size 87x26
          chunk 1 text run 1 at (4900.00,2420.00) startOffset 0 endOffset 11 width 87.00: "just a text"
      RenderSVGText {text} at (0,2500) size 87x26 contains 1 chunk(s)
        RenderSVGInlineText {#text} at (0,0) size 87x26
          chunk 1 text run 1 at (0.00,2520.00) startOffset 0 endOffset 11 width 87.00: "just a text"
      RenderSVGText {text} at (100,2500) size 87x26 contains 1 chunk(s)
        RenderSVGInlineText {#text} at (0,0) size 87x26
          chunk 1 text run 1 at (100.00,2520.00) startOffset 0 endOffset 11 width 87.00: "just a text"
      RenderSVGText {text} at (200,2500) size 87x26 contains 1 chunk(s)
        RenderSVGInlineText {#text} at (0,0) size 87x26
          chunk 1 text run 1 at (200.00,2520.00) startOffset 0 endOffset 11 width 87.00: "just a text"
      RenderSVGText {text} at (300,2500) size 87x26 contains 1 chunk(s)
        RenderSVGInlineText {#text} at (0,0) size 87x26
          chunk 1 text run 1 at (300.00,2520.00) startOffset 0 endOffset 11 width 87.00: "just a text"
      RenderSVGText {text} at (400,2500) size 87x26 contains 1 chunk(s)
        RenderSVGInlineText {#text} at (0,0) size 87x26
          chunk 1 text run 1 at (400.00,2520.00) startOffset 0 endOffset 11 width 87.00: "just a text"
      RenderSVGText {text} at (500,2500) size 87x26 contains 1 chunk(s)
        RenderSVGInlineText {#text} at (0,0) size 87x26
          chunk 1 text run 1 at (500.00,2520.00) startOffset 0 endOffset 11 width 87.00: "just a text"
      RenderSVGText {text} at (600,2500) size 87x26 contains 1 chunk(s)
        RenderSVGInlineText {#text} at (0,0) size 87x26
          chunk 1 text run 1 at (600.00,2520.00) startOffset 0 endOffset 11 width 87.00: "just a text"
      RenderSVGText {text} at (700,2500) size 87x26 contains 1 chunk(s)
        RenderSVGInlineText {#text} at (0,0) size 87x26
          chunk 1 text run 1 at (700.00,2520.00) startOffset 0 endOffset 11 width 87.00: "just a text"
      RenderSVGText {text} at (800,2500) size 87x26 contains 1 chunk(s)
        RenderSVGInlineText {#text} at (0,0) size 87x26
          chunk 1 text run 1 at (800.00,2520.00) startOffset 0 endOffset 11 width 87.00: "just a text"
      RenderSVGText {text} at (900,2500) size 87x26 contains 1 chunk(s)
        RenderSVGInlineText {#text} at (0,0) size 87x26
          chunk 1 text run 1 at (900.00,2520.00) startOffset 0 endOffset 11 width 87.00: "just a text"
      RenderSVGText {text} at (1000,2500) size 87x26 contains 1 chunk(s)
        RenderSVGInlineText {#text} at (0,0) size 87x26
          chunk 1 text run 1 at (1000.00,2520.00) startOffset 0 endOffset 11 width 87.00: "just a text"
      RenderSVGText {text} at (1100,2500) size 87x26 contains 1 chunk(s)
        RenderSVGInlineText {#text} at (0,0) size 87x26
          chunk 1 text run 1 at (1100.00,2520.00) startOffset 0 endOffset 11 width 87.00: "just a text"
      RenderSVGText {text} at (1200,2500) size 87x26 contains 1 chunk(s)
        RenderSVGInlineText {#text} at (0,0) size 87x26
          chunk 1 text run 1 at (1200.00,2520.00) startOffset 0 endOffset 11 width 87.00: "just a text"
      RenderSVGText {text} at (1300,2500) size 87x26 contains 1 chunk(s)
        RenderSVGInlineText {#text} at (0,0) size 87x26
          chunk 1 text run 1 at (1300.00,2520.00) startOffset 0 endOffset 11 width 87.00: "just a text"
      RenderSVGText {text} at (1400,2500) size 87x26 contains 1 chunk(s)
        RenderSVGInlineText {#text} at (0,0) size 87x26
          chunk 1 text run 1 at (1400.00,2520.00) startOffset 0 endOffset 11 width 87.00: "just a text"
      RenderSVGText {text} at (1500,2500) size 87x26 contains 1 chunk(s)
        RenderSVGInlineText {#text} at (0,0) size 87x26
          chunk 1 text run 1 at (1500.00,2520.00) startOffset 0 endOffset 11 width 87.00: "just a text"
      RenderSVGText {text} at (1600,2500) size 87x26 contains 1 chunk(s)
        RenderSVGInlineText {#text} at (0,0) size 87x26
          chunk 1 text run 1 at (1600.00,2520.00) startOffset 0 endOffset 11 width 87.00: "just a text"
      RenderSVGText {text} at (1700,2500) size 87x26 contains 1 chunk(s)
        RenderSVGInlineText {#text} at (0,0) size 87x26
          chunk 1 text run 1 at (1700.00,2520.00) startOffset 0 endOffset 11 width 87.00: "just a text"
      RenderSVGText {text} at (1800,2500) size 87x26 contains 1 chunk(s)
        RenderSVGInlineText {#text} at (0,0) size 87x26
          chunk 1 text run 1 at (1800.00,2520.00) startOffset 0 endOffset 11 width 87.00: "just a text"
      RenderSVGText {text} at (1900,2500) size 87x26 contains 1 chunk(s)
        RenderSVGInlineText {#text} at (0,0) size 87x26
          chunk 1 text run 1 at (1900.00,2520.00) startOffset 0 endOffset 11 width 87.00: "just a text"
      RenderSVGText {text} at (2000,2500) size 87x26 contains 1 chunk(s)
        RenderSVGInlineText {#text} at (0,0) size 87x26
          chunk 1 text run 1 at (2000.00,2520.00) startOffset 0 endOffset 11 width 87.00: "just a text"
      RenderSVGText {text} at (2100,2500) size 87x26 contains 1 chunk(s)
        RenderSVGInlineText {#text} at (0,0) size 87x26
          chunk 1 text run 1 at (2100.00,2520.00) startOffset 0 endOffset 11 width 87.00: "just a text"
      RenderSVGText {text} at (2200,2500) size 87x26 contains 1 chunk(s)
        RenderSVGInlineText {#text} at (0,0) size 87x26
          chunk 1 text run 1 at (2200.00,2520.00) startOffset 0 endOffset 11 width 87.00: "just a text"
      RenderSVGText {text} at (2300,2500) size 87x26 contains 1 chunk(s)
        RenderSVGInlineText {#text} at (0,0) size 87x26
          chunk 1 text run 1 at (2300.00,2520.00) startOffset 0 endOffset 11 width 87.00: "just a text"
      RenderSVGText {text} at (2400,2500) size 87x26 contains 1 chunk(s)
        RenderSVGInlineText {#text} at (0,0) size 87x26
          chunk 1 text run 1 at (2400.00,2520.00) startOffset 0 endOffset 11 width 87.00: "just a text"
      RenderSVGText {text} at (2500,2500) size 87x26 contains 1 chunk(s)
        RenderSVGInlineText {#text} at (0,0) size 87x26
          chunk 1 text run 1 at (2500.00,2520.00) startOffset 0 endOffset 11 width 87.00: "just a text"
      RenderSVGText {text} at (2600,2500) size 87x26 contains 1 chunk(s)
        RenderSVGInlineText {#text} at (0,0) size 87x26
          chunk 1 text run 1 at (2600.00,2520.00) startOffset 0 endOffset 11 width 87.00: "just a text"
      RenderSVGText {text} at (2700,2500) size 87x26 contains 1 chunk(s)
        RenderSVGInlineText {#text} at (0,0) size 87x26
          chunk 1 text run 1 at (2700.00,2520.00) startOffset 0 endOffset 11 width 87.00: "just a text"
      RenderSVGText {text} at (2800,2500) size 87x26 contains 1 chunk(s)
        RenderSVGInlineText {#text} at (0,0) size 87x26
          chunk 1 text run 1 at (2800.00,2520.00) startOffset 0 endOffset 11 width 87.00: "just a text"
      RenderSVGText {text} at (2900,2500) size 87x26 contains 1 chunk(s)
        RenderSVGInlineText {#text} at (0,0) size 87x26
          chunk 1 text run 1 at (2900.00,2520.00) startOffset 0 endOffset 11 width 87.00: "just a text"
      RenderSVGText {text} at (3000,2500) size 87x26 contains 1 chunk(s)
        RenderSVGInlineText {#text} at (0,0) size 87x26
          chunk 1 text run 1 at (3000.00,2520.00) startOffset 0 endOffset 11 width 87.00: "just a text"
      RenderSVGText {text} at (3100,2500) size 87x26 contains 1 chunk(s)
        RenderSVGInlineText {#text} at (0,0) size 87x26
          chunk 1 text run 1 at (3100.00,2520.00) startOffset 0 endOffset 11 width 87.00: "just a text"
      RenderSVGText {text} at (3200,2500) size 87x26 contains 1 chunk(s)
        RenderSVGInlineText {#text} at (0,0) size 87x26
          chunk 1 text run 1 at (3200.00,2520.00) startOffset 0 endOffset 11 width 87.00: "just a text"
      RenderSVGText {text} at (3300,2500) size 87x26 contains 1 chunk(s)
        RenderSVGInlineText {#text} at (0,0) size 87x26
          chunk 1 text run 1 at (3300.00,2520.00) startOffset 0 endOffset 11 width 87.00: "just a text"
      RenderSVGText {text} at (3400,2500) size 87x26 contains 1 chunk(s)
        RenderSVGInlineText {#text} at (0,0) size 87x26
          chunk 1 text run 1 at (3400.00,2520.00) startOffset 0 endOffset 11 width 87.00: "just a text"
      RenderSVGText {text} at (3500,2500) size 87x26 contains 1 chunk(s)
        RenderSVGInlineText {#text} at (0,0) size 87x26
          chunk 1 text run 1 at (3500.00,2520.00) startOffset 0 endOffset 11 width 87.00: "just a text"
      RenderSVGText {text} at (3600,2500) size 87x26 contains 1 chunk(s)
        RenderSVGInlineText {#text} at (0,0) size 87x26
          chunk 1 text run 1 at (3600.00,2520.00) startOffset 0 endOffset 11 width 87.00: "just a text"
      RenderSVGText {text} at (3700,2500) size 87x26 contains 1 chunk(s)
        RenderSVGInlineText {#text} at (0,0) size 87x26
          chunk 1 text run 1 at (3700.00,2520.00) startOffset 0 endOffset 11 width 87.00: "just a text"
      RenderSVGText {text} at (3800,2500) size 87x26 contains 1 chunk(s)
        RenderSVGInlineText {#text} at (0,0) size 87x26
          chunk 1 text run 1 at (3800.00,2520.00) startOffset 0 endOffset 11 width 87.00: "just a text"
      RenderSVGText {text} at (3900,2500) size 87x26 contains 1 chunk(s)
        RenderSVGInlineText {#text} at (0,0) size 87x26
          chunk 1 text run 1 at (3900.00,2520.00) startOffset 0 endOffset 11 width 87.00: "just a text"
      RenderSVGText {text} at (4000,2500) size 87x26 contains 1 chunk(s)
        RenderSVGInlineText {#text} at (0,0) size 87x26
          chunk 1 text run 1 at (4000.00,2520.00) startOffset 0 endOffset 11 width 87.00: "just a text"
      RenderSVGText {text} at (4100,2500) size 87x26 contains 1 chunk(s)
        RenderSVGInlineText {#text} at (0,0) size 87x26
          chunk 1 text run 1 at (4100.00,2520.00) startOffset 0 endOffset 11 width 87.00: "just a text"
      RenderSVGText {text} at (4200,2500) size 87x26 contains 1 chunk(s)
        RenderSVGInlineText {#text} at (0,0) size 87x26
          chunk 1 text run 1 at (4200.00,2520.00) startOffset 0 endOffset 11 width 87.00: "just a text"
      RenderSVGText {text} at (4300,2500) size 87x26 contains 1 chunk(s)
        RenderSVGInlineText {#text} at (0,0) size 87x26
          chunk 1 text run 1 at (4300.00,2520.00) startOffset 0 endOffset 11 width 87.00: "just a text"
      RenderSVGText {text} at (4400,2500) size 87x26 contains 1 chunk(s)
        RenderSVGInlineText {#text} at (0,0) size 87x26
          chunk 1 text run 1 at (4400.00,2520.00) startOffset 0 endOffset 11 width 87.00: "just a text"
      RenderSVGText {text} at (4500,2500) size 87x26 contains 1 chunk(s)
        RenderSVGInlineText {#text} at (0,0) size 87x26
          chunk 1 text run 1 at (4500.00,2520.00) startOffset 0 endOffset 11 width 87.00: "just a text"
      RenderSVGText {text} at (4600,2500) size 87x26 contains 1 chunk(s)
        RenderSVGInlineText {#text} at (0,0) size 87x26
          chunk 1 text run 1 at (4600.00,2520.00) startOffset 0 endOffset 11 width 87.00: "just a text"
      RenderSVGText {text} at (4700,2500) size 87x26 contains 1 chunk(s)
        RenderSVGInlineText {#text} at (0,0) size 87x26
          chunk 1 text run 1 at (4700.00,2520.00) startOffset 0 endOffset 11 width 87.00: "just a text"
      RenderSVGText {text} at (4800,2500) size 87x26 contains 1 chunk(s)
        RenderSVGInlineText {#text} at (0,0) size 87x26
          chunk 1 text run 1 at (4800.00,2520.00) startOffset 0 endOffset 11 width 87.00: "just a text"
      RenderSVGText {text} at (4900,2500) size 87x26 contains 1 chunk(s)
        RenderSVGInlineText {#text} at (0,0) size 87x26
          chunk 1 text run 1 at (4900.00,2520.00) startOffset 0 endOffset 11 width 87.00: "just a text"
      RenderSVGText {text} at (0,2600) size 87x26 contains 1 chunk(s)
        RenderSVGInlineText {#text} at (0,0) size 87x26
          chunk 1 text run 1 at (0.00,2620.00) startOffset 0 endOffset 11 width 87.00: "just a text"
      RenderSVGText {text} at (100,2600) size 87x26 contains 1 chunk(s)
        RenderSVGInlineText {#text} at (0,0) size 87x26
          chunk 1 text run 1 at (100.00,2620.00) startOffset 0 endOffset 11 width 87.00: "just a text"
      RenderSVGText {text} at (200,2600) size 87x26 contains 1 chunk(s)
        RenderSVGInlineText {#text} at (0,0) size 87x26
          chunk 1 text run 1 at (200.00,2620.00) startOffset 0 endOffset 11 width 87.00: "just a text"
      RenderSVGText {text} at (300,2600) size 87x26 contains 1 chunk(s)
        RenderSVGInlineText {#text} at (0,0) size 87x26
          chunk 1 text run 1 at (300.00,2620.00) startOffset 0 endOffset 11 width 87.00: "just a text"
      RenderSVGText {text} at (400,2600) size 87x26 contains 1 chunk(s)
        RenderSVGInlineText {#text} at (0,0) size 87x26
          chunk 1 text run 1 at (400.00,2620.00) startOffset 0 endOffset 11 width 87.00: "just a text"
      RenderSVGText {text} at (500,2600) size 87x26 contains 1 chunk(s)
        RenderSVGInlineText {#text} at (0,0) size 87x26
          chunk 1 text run 1 at (500.00,2620.00) startOffset 0 endOffset 11 width 87.00: "just a text"
      RenderSVGText {text} at (600,2600) size 87x26 contains 1 chunk(s)
        RenderSVGInlineText {#text} at (0,0) size 87x26
          chunk 1 text run 1 at (600.00,2620.00) startOffset 0 endOffset 11 width 87.00: "just a text"
      RenderSVGText {text} at (700,2600) size 87x26 contains 1 chunk(s)
        RenderSVGInlineText {#text} at (0,0) size 87x26
          chunk 1 text run 1 at (700.00,2620.00) startOffset 0 endOffset 11 width 87.00: "just a text"
      RenderSVGText {text} at (800,2600) size 87x26 contains 1 chunk(s)
        RenderSVGInlineText {#text} at (0,0) size 87x26
          chunk 1 text run 1 at (800.00,2620.00) startOffset 0 endOffset 11 width 87.00: "just a text"
      RenderSVGText {text} at (900,2600) size 87x26 contains 1 chunk(s)
        RenderSVGInlineText {#text} at (0,0) size 87x26
          chunk 1 text run 1 at (900.00,2620.00) startOffset 0 endOffset 11 width 87.00: "just a text"
      RenderSVGText {text} at (1000,2600) size 87x26 contains 1 chunk(s)
        RenderSVGInlineText {#text} at (0,0) size 87x26
          chunk 1 text run 1 at (1000.00,2620.00) startOffset 0 endOffset 11 width 87.00: "just a text"
      RenderSVGText {text} at (1100,2600) size 87x26 contains 1 chunk(s)
        RenderSVGInlineText {#text} at (0,0) size 87x26
          chunk 1 text run 1 at (1100.00,2620.00) startOffset 0 endOffset 11 width 87.00: "just a text"
      RenderSVGText {text} at (1200,2600) size 87x26 contains 1 chunk(s)
        RenderSVGInlineText {#text} at (0,0) size 87x26
          chunk 1 text run 1 at (1200.00,2620.00) startOffset 0 endOffset 11 width 87.00: "just a text"
      RenderSVGText {text} at (1300,2600) size 87x26 contains 1 chunk(s)
        RenderSVGInlineText {#text} at (0,0) size 87x26
          chunk 1 text run 1 at (1300.00,2620.00) startOffset 0 endOffset 11 width 87.00: "just a text"
      RenderSVGText {text} at (1400,2600) size 87x26 contains 1 chunk(s)
        RenderSVGInlineText {#text} at (0,0) size 87x26
          chunk 1 text run 1 at (1400.00,2620.00) startOffset 0 endOffset 11 width 87.00: "just a text"
      RenderSVGText {text} at (1500,2600) size 87x26 contains 1 chunk(s)
        RenderSVGInlineText {#text} at (0,0) size 87x26
          chunk 1 text run 1 at (1500.00,2620.00) startOffset 0 endOffset 11 width 87.00: "just a text"
      RenderSVGText {text} at (1600,2600) size 87x26 contains 1 chunk(s)
        RenderSVGInlineText {#text} at (0,0) size 87x26
          chunk 1 text run 1 at (1600.00,2620.00) startOffset 0 endOffset 11 width 87.00: "just a text"
      RenderSVGText {text} at (1700,2600) size 87x26 contains 1 chunk(s)
        RenderSVGInlineText {#text} at (0,0) size 87x26
          chunk 1 text run 1 at (1700.00,2620.00) startOffset 0 endOffset 11 width 87.00: "just a text"
      RenderSVGText {text} at (1800,2600) size 87x26 contains 1 chunk(s)
        RenderSVGInlineText {#text} at (0,0) size 87x26
          chunk 1 text run 1 at (1800.00,2620.00) startOffset 0 endOffset 11 width 87.00: "just a text"
      RenderSVGText {text} at (1900,2600) size 87x26 contains 1 chunk(s)
        RenderSVGInlineText {#text} at (0,0) size 87x26
          chunk 1 text run 1 at (1900.00,2620.00) startOffset 0 endOffset 11 width 87.00: "just a text"
      RenderSVGText {text} at (2000,2600) size 87x26 contains 1 chunk(s)
        RenderSVGInlineText {#text} at (0,0) size 87x26
          chunk 1 text run 1 at (2000.00,2620.00) startOffset 0 endOffset 11 width 87.00: "just a text"
      RenderSVGText {text} at (2100,2600) size 87x26 contains 1 chunk(s)
        RenderSVGInlineText {#text} at (0,0) size 87x26
          chunk 1 text run 1 at (2100.00,2620.00) startOffset 0 endOffset 11 width 87.00: "just a text"
      RenderSVGText {text} at (2200,2600) size 87x26 contains 1 chunk(s)
        RenderSVGInlineText {#text} at (0,0) size 87x26
          chunk 1 text run 1 at (2200.00,2620.00) startOffset 0 endOffset 11 width 87.00: "just a text"
      RenderSVGText {text} at (2300,2600) size 87x26 contains 1 chunk(s)
        RenderSVGInlineText {#text} at (0,0) size 87x26
          chunk 1 text run 1 at (2300.00,2620.00) startOffset 0 endOffset 11 width 87.00: "just a text"
      RenderSVGText {text} at (2400,2600) size 87x26 contains 1 chunk(s)
        RenderSVGInlineText {#text} at (0,0) size 87x26
          chunk 1 text run 1 at (2400.00,2620.00) startOffset 0 endOffset 11 width 87.00: "just a text"
      RenderSVGText {text} at (2500,2600) size 87x26 contains 1 chunk(s)
        RenderSVGInlineText {#text} at (0,0) size 87x26
          chunk 1 text run 1 at (2500.00,2620.00) startOffset 0 endOffset 11 width 87.00: "just a text"
      RenderSVGText {text} at (2600,2600) size 87x26 contains 1 chunk(s)
        RenderSVGInlineText {#text} at (0,0) size 87x26
          chunk 1 text run 1 at (2600.00,2620.00) startOffset 0 endOffset 11 width 87.00: "just a text"
      RenderSVGText {text} at (2700,2600) size 87x26 contains 1 chunk(s)
        RenderSVGInlineText {#text} at (0,0) size 87x26
          chunk 1 text run 1 at (2700.00,2620.00) startOffset 0 endOffset 11 width 87.00: "just a text"
      RenderSVGText {text} at (2800,2600) size 87x26 contains 1 chunk(s)
        RenderSVGInlineText {#text} at (0,0) size 87x26
          chunk 1 text run 1 at (2800.00,2620.00) startOffset 0 endOffset 11 width 87.00: "just a text"
      RenderSVGText {text} at (2900,2600) size 87x26 contains 1 chunk(s)
        RenderSVGInlineText {#text} at (0,0) size 87x26
          chunk 1 text run 1 at (2900.00,2620.00) startOffset 0 endOffset 11 width 87.00: "just a text"
      RenderSVGText {text} at (3000,2600) size 87x26 contains 1 chunk(s)
        RenderSVGInlineText {#text} at (0,0) size 87x26
          chunk 1 text run 1 at (3000.00,2620.00) startOffset 0 endOffset 11 width 87.00: "just a text"
      RenderSVGText {text} at (3100,2600) size 87x26 contains 1 chunk(s)
        RenderSVGInlineText {#text} at (0,0) size 87x26
          chunk 1 text run 1 at (3100.00,2620.00) startOffset 0 endOffset 11 width 87.00: "just a text"
      RenderSVGText {text} at (3200,2600) size 87x26 contains 1 chunk(s)
        RenderSVGInlineText {#text} at (0,0) size 87x26
          chunk 1 text run 1 at (3200.00,2620.00) startOffset 0 endOffset 11 width 87.00: "just a text"
      RenderSVGText {text} at (3300,2600) size 87x26 contains 1 chunk(s)
        RenderSVGInlineText {#text} at (0,0) size 87x26
          chunk 1 text run 1 at (3300.00,2620.00) startOffset 0 endOffset 11 width 87.00: "just a text"
      RenderSVGText {text} at (3400,2600) size 87x26 contains 1 chunk(s)
        RenderSVGInlineText {#text} at (0,0) size 87x26
          chunk 1 text run 1 at (3400.00,2620.00) startOffset 0 endOffset 11 width 87.00: "just a text"
      RenderSVGText {text} at (3500,2600) size 87x26 contains 1 chunk(s)
        RenderSVGInlineText {#text} at (0,0) size 87x26
          chunk 1 text run 1 at (3500.00,2620.00) startOffset 0 endOffset 11 width 87.00: "just a text"
      RenderSVGText {text} at (3600,2600) size 87x26 contains 1 chunk(s)
        RenderSVGInlineText {#text} at (0,0) size 87x26
          chunk 1 text run 1 at (3600.00,2620.00) startOffset 0 endOffset 11 width 87.00: "just a text"
      RenderSVGText {text} at (3700,2600) size 87x26 contains 1 chunk(s)
        RenderSVGInlineText {#text} at (0,0) size 87x26
          chunk 1 text run 1 at (3700.00,2620.00) startOffset 0 endOffset 11 width 87.00: "just a text"
      RenderSVGText {text} at (3800,2600) size 87x26 contains 1 chunk(s)
        RenderSVGInlineText {#text} at (0,0) size 87x26
          chunk 1 text run 1 at (3800.00,2620.00) startOffset 0 endOffset 11 width 87.00: "just a text"
      RenderSVGText {text} at (3900,2600) size 87x26 contains 1 chunk(s)
        RenderSVGInlineText {#text} at (0,0) size 87x26
          chunk 1 text run 1 at (3900.00,2620.00) startOffset 0 endOffset 11 width 87.00: "just a text"
      RenderSVGText {text} at (4000,2600) size 87x26 contains 1 chunk(s)
        RenderSVGInlineText {#text} at (0,0) size 87x26
          chunk 1 text run 1 at (4000.00,2620.00) startOffset 0 endOffset 11 width 87.00: "just a text"
      RenderSVGText {text} at (4100,2600) size 87x26 contains 1 chunk(s)
        RenderSVGInlineText {#text} at (0,0) size 87x26
          chunk 1 text run 1 at (4100.00,2620.00) startOffset 0 endOffset 11 width 87.00: "just a text"
      RenderSVGText {text} at (4200,2600) size 87x26 contains 1 chunk(s)
        RenderSVGInlineText {#text} at (0,0) size 87x26
          chunk 1 text run 1 at (4200.00,2620.00) startOffset 0 endOffset 11 width 87.00: "just a text"
      RenderSVGText {text} at (4300,2600) size 87x26 contains 1 chunk(s)
        RenderSVGInlineText {#text} at (0,0) size 87x26
          chunk 1 text run 1 at (4300.00,2620.00) startOffset 0 endOffset 11 width 87.00: "just a text"
      RenderSVGText {text} at (4400,2600) size 87x26 contains 1 chunk(s)
        RenderSVGInlineText {#text} at (0,0) size 87x26
          chunk 1 text run 1 at (4400.00,2620.00) startOffset 0 endOffset 11 width 87.00: "just a text"
      RenderSVGText {text} at (4500,2600) size 87x26 contains 1 chunk(s)
        RenderSVGInlineText {#text} at (0,0) size 87x26
          chunk 1 text run 1 at (4500.00,2620.00) startOffset 0 endOffset 11 width 87.00: "just a text"
      RenderSVGText {text} at (4600,2600) size 87x26 contains 1 chunk(s)
        RenderSVGInlineText {#text} at (0,0) size 87x26
          chunk 1 text run 1 at (4600.00,2620.00) startOffset 0 endOffset 11 width 87.00: "just a text"
      RenderSVGText {text} at (4700,2600) size 87x26 contains 1 chunk(s)
        RenderSVGInlineText {#text} at (0,0) size 87x26
          chunk 1 text run 1 at (4700.00,2620.00) startOffset 0 endOffset 11 width 87.00: "just a text"
      RenderSVGText {text} at (4800,2600) size 87x26 contains 1 chunk(s)
        RenderSVGInlineText {#text} at (0,0) size 87x26
          chunk 1 text run 1 at (4800.00,2620.00) startOffset 0 endOffset 11 width 87.00: "just a text"
      RenderSVGText {text} at (4900,2600) size 87x26 contains 1 chunk(s)
        RenderSVGInlineText {#text} at (0,0) size 87x26
          chunk 1 text run 1 at (4900.00,2620.00) startOffset 0 endOffset 11 width 87.00: "just a text"
      RenderSVGText {text} at (0,2700) size 87x26 contains 1 chunk(s)
        RenderSVGInlineText {#text} at (0,0) size 87x26
          chunk 1 text run 1 at (0.00,2720.00) startOffset 0 endOffset 11 width 87.00: "just a text"
      RenderSVGText {text} at (100,2700) size 87x26 contains 1 chunk(s)
        RenderSVGInlineText {#text} at (0,0) size 87x26
          chunk 1 text run 1 at (100.00,2720.00) startOffset 0 endOffset 11 width 87.00: "just a text"
      RenderSVGText {text} at (200,2700) size 87x26 contains 1 chunk(s)
        RenderSVGInlineText {#text} at (0,0) size 87x26
          chunk 1 text run 1 at (200.00,2720.00) startOffset 0 endOffset 11 width 87.00: "just a text"
      RenderSVGText {text} at (300,2700) size 87x26 contains 1 chunk(s)
        RenderSVGInlineText {#text} at (0,0) size 87x26
          chunk 1 text run 1 at (300.00,2720.00) startOffset 0 endOffset 11 width 87.00: "just a text"
      RenderSVGText {text} at (400,2700) size 87x26 contains 1 chunk(s)
        RenderSVGInlineText {#text} at (0,0) size 87x26
          chunk 1 text run 1 at (400.00,2720.00) startOffset 0 endOffset 11 width 87.00: "just a text"
      RenderSVGText {text} at (500,2700) size 87x26 contains 1 chunk(s)
        RenderSVGInlineText {#text} at (0,0) size 87x26
          chunk 1 text run 1 at (500.00,2720.00) startOffset 0 endOffset 11 width 87.00: "just a text"
      RenderSVGText {text} at (600,2700) size 87x26 contains 1 chunk(s)
        RenderSVGInlineText {#text} at (0,0) size 87x26
          chunk 1 text run 1 at (600.00,2720.00) startOffset 0 endOffset 11 width 87.00: "just a text"
      RenderSVGText {text} at (700,2700) size 87x26 contains 1 chunk(s)
        RenderSVGInlineText {#text} at (0,0) size 87x26
          chunk 1 text run 1 at (700.00,2720.00) startOffset 0 endOffset 11 width 87.00: "just a text"
      RenderSVGText {text} at (800,2700) size 87x26 contains 1 chunk(s)
        RenderSVGInlineText {#text} at (0,0) size 87x26
          chunk 1 text run 1 at (800.00,2720.00) startOffset 0 endOffset 11 width 87.00: "just a text"
      RenderSVGText {text} at (900,2700) size 87x26 contains 1 chunk(s)
        RenderSVGInlineText {#text} at (0,0) size 87x26
          chunk 1 text run 1 at (900.00,2720.00) startOffset 0 endOffset 11 width 87.00: "just a text"
      RenderSVGText {text} at (1000,2700) size 87x26 contains 1 chunk(s)
        RenderSVGInlineText {#text} at (0,0) size 87x26
          chunk 1 text run 1 at (1000.00,2720.00) startOffset 0 endOffset 11 width 87.00: "just a text"
      RenderSVGText {text} at (1100,2700) size 87x26 contains 1 chunk(s)
        RenderSVGInlineText {#text} at (0,0) size 87x26
          chunk 1 text run 1 at (1100.00,2720.00) startOffset 0 endOffset 11 width 87.00: "just a text"
      RenderSVGText {text} at (1200,2700) size 87x26 contains 1 chunk(s)
        RenderSVGInlineText {#text} at (0,0) size 87x26
          chunk 1 text run 1 at (1200.00,2720.00) startOffset 0 endOffset 11 width 87.00: "just a text"
      RenderSVGText {text} at (1300,2700) size 87x26 contains 1 chunk(s)
        RenderSVGInlineText {#text} at (0,0) size 87x26
          chunk 1 text run 1 at (1300.00,2720.00) startOffset 0 endOffset 11 width 87.00: "just a text"
      RenderSVGText {text} at (1400,2700) size 87x26 contains 1 chunk(s)
        RenderSVGInlineText {#text} at (0,0) size 87x26
          chunk 1 text run 1 at (1400.00,2720.00) startOffset 0 endOffset 11 width 87.00: "just a text"
      RenderSVGText {text} at (1500,2700) size 87x26 contains 1 chunk(s)
        RenderSVGInlineText {#text} at (0,0) size 87x26
          chunk 1 text run 1 at (1500.00,2720.00) startOffset 0 endOffset 11 width 87.00: "just a text"
      RenderSVGText {text} at (1600,2700) size 87x26 contains 1 chunk(s)
        RenderSVGInlineText {#text} at (0,0) size 87x26
          chunk 1 text run 1 at (1600.00,2720.00) startOffset 0 endOffset 11 width 87.00: "just a text"
      RenderSVGText {text} at (1700,2700) size 87x26 contains 1 chunk(s)
        RenderSVGInlineText {#text} at (0,0) size 87x26
          chunk 1 text run 1 at (1700.00,2720.00) startOffset 0 endOffset 11 width 87.00: "just a text"
      RenderSVGText {text} at (1800,2700) size 87x26 contains 1 chunk(s)
        RenderSVGInlineText {#text} at (0,0) size 87x26
          chunk 1 text run 1 at (1800.00,2720.00) startOffset 0 endOffset 11 width 87.00: "just a text"
      RenderSVGText {text} at (1900,2700) size 87x26 contains 1 chunk(s)
        RenderSVGInlineText {#text} at (0,0) size 87x26
          chunk 1 text run 1 at (1900.00,2720.00) startOffset 0 endOffset 11 width 87.00: "just a text"
      RenderSVGText {text} at (2000,2700) size 87x26 contains 1 chunk(s)
        RenderSVGInlineText {#text} at (0,0) size 87x26
          chunk 1 text run 1 at (2000.00,2720.00) startOffset 0 endOffset 11 width 87.00: "just a text"
      RenderSVGText {text} at (2100,2700) size 87x26 contains 1 chunk(s)
        RenderSVGInlineText {#text} at (0,0) size 87x26
          chunk 1 text run 1 at (2100.00,2720.00) startOffset 0 endOffset 11 width 87.00: "just a text"
      RenderSVGText {text} at (2200,2700) size 87x26 contains 1 chunk(s)
        RenderSVGInlineText {#text} at (0,0) size 87x26
          chunk 1 text run 1 at (2200.00,2720.00) startOffset 0 endOffset 11 width 87.00: "just a text"
      RenderSVGText {text} at (2300,2700) size 87x26 contains 1 chunk(s)
        RenderSVGInlineText {#text} at (0,0) size 87x26
          chunk 1 text run 1 at (2300.00,2720.00) startOffset 0 endOffset 11 width 87.00: "just a text"
      RenderSVGText {text} at (2400,2700) size 87x26 contains 1 chunk(s)
        RenderSVGInlineText {#text} at (0,0) size 87x26
          chunk 1 text run 1 at (2400.00,2720.00) startOffset 0 endOffset 11 width 87.00: "just a text"
      RenderSVGText {text} at (2500,2700) size 87x26 contains 1 chunk(s)
        RenderSVGInlineText {#text} at (0,0) size 87x26
          chunk 1 text run 1 at (2500.00,2720.00) startOffset 0 endOffset 11 width 87.00: "just a text"
      RenderSVGText {text} at (2600,2700) size 87x26 contains 1 chunk(s)
        RenderSVGInlineText {#text} at (0,0) size 87x26
          chunk 1 text run 1 at (2600.00,2720.00) startOffset 0 endOffset 11 width 87.00: "just a text"
      RenderSVGText {text} at (2700,2700) size 87x26 contains 1 chunk(s)
        RenderSVGInlineText {#text} at (0,0) size 87x26
          chunk 1 text run 1 at (2700.00,2720.00) startOffset 0 endOffset 11 width 87.00: "just a text"
      RenderSVGText {text} at (2800,2700) size 87x26 contains 1 chunk(s)
        RenderSVGInlineText {#text} at (0,0) size 87x26
          chunk 1 text run 1 at (2800.00,2720.00) startOffset 0 endOffset 11 width 87.00: "just a text"
      RenderSVGText {text} at (2900,2700) size 87x26 contains 1 chunk(s)
        RenderSVGInlineText {#text} at (0,0) size 87x26
          chunk 1 text run 1 at (2900.00,2720.00) startOffset 0 endOffset 11 width 87.00: "just a text"
      RenderSVGText {text} at (3000,2700) size 87x26 contains 1 chunk(s)
        RenderSVGInlineText {#text} at (0,0) size 87x26
          chunk 1 text run 1 at (3000.00,2720.00) startOffset 0 endOffset 11 width 87.00: "just a text"
      RenderSVGText {text} at (3100,2700) size 87x26 contains 1 chunk(s)
        RenderSVGInlineText {#text} at (0,0) size 87x26
          chunk 1 text run 1 at (3100.00,2720.00) startOffset 0 endOffset 11 width 87.00: "just a text"
      RenderSVGText {text} at (3200,2700) size 87x26 contains 1 chunk(s)
        RenderSVGInlineText {#text} at (0,0) size 87x26
          chunk 1 text run 1 at (3200.00,2720.00) startOffset 0 endOffset 11 width 87.00: "just a text"
      RenderSVGText {text} at (3300,2700) size 87x26 contains 1 chunk(s)
        RenderSVGInlineText {#text} at (0,0) size 87x26
          chunk 1 text run 1 at (3300.00,2720.00) startOffset 0 endOffset 11 width 87.00: "just a text"
      RenderSVGText {text} at (3400,2700) size 87x26 contains 1 chunk(s)
        RenderSVGInlineText {#text} at (0,0) size 87x26
          chunk 1 text run 1 at (3400.00,2720.00) startOffset 0 endOffset 11 width 87.00: "just a text"
      RenderSVGText {text} at (3500,2700) size 87x26 contains 1 chunk(s)
        RenderSVGInlineText {#text} at (0,0) size 87x26
          chunk 1 text run 1 at (3500.00,2720.00) startOffset 0 endOffset 11 width 87.00: "just a text"
      RenderSVGText {text} at (3600,2700) size 87x26 contains 1 chunk(s)
        RenderSVGInlineText {#text} at (0,0) size 87x26
          chunk 1 text run 1 at (3600.00,2720.00) startOffset 0 endOffset 11 width 87.00: "just a text"
      RenderSVGText {text} at (3700,2700) size 87x26 contains 1 chunk(s)
        RenderSVGInlineText {#text} at (0,0) size 87x26
          chunk 1 text run 1 at (3700.00,2720.00) startOffset 0 endOffset 11 width 87.00: "just a text"
      RenderSVGText {text} at (3800,2700) size 87x26 contains 1 chunk(s)
        RenderSVGInlineText {#text} at (0,0) size 87x26
          chunk 1 text run 1 at (3800.00,2720.00) startOffset 0 endOffset 11 width 87.00: "just a text"
      RenderSVGText {text} at (3900,2700) size 87x26 contains 1 chunk(s)
        RenderSVGInlineText {#text} at (0,0) size 87x26
          chunk 1 text run 1 at (3900.00,2720.00) startOffset 0 endOffset 11 width 87.00: "just a text"
      RenderSVGText {text} at (4000,2700) size 87x26 contains 1 chunk(s)
        RenderSVGInlineText {#text} at (0,0) size 87x26
          chunk 1 text run 1 at (4000.00,2720.00) startOffset 0 endOffset 11 width 87.00: "just a text"
      RenderSVGText {text} at (4100,2700) size 87x26 contains 1 chunk(s)
        RenderSVGInlineText {#text} at (0,0) size 87x26
          chunk 1 text run 1 at (4100.00,2720.00) startOffset 0 endOffset 11 width 87.00: "just a text"
      RenderSVGText {text} at (4200,2700) size 87x26 contains 1 chunk(s)
        RenderSVGInlineText {#text} at (0,0) size 87x26
          chunk 1 text run 1 at (4200.00,2720.00) startOffset 0 endOffset 11 width 87.00: "just a text"
      RenderSVGText {text} at (4300,2700) size 87x26 contains 1 chunk(s)
        RenderSVGInlineText {#text} at (0,0) size 87x26
          chunk 1 text run 1 at (4300.00,2720.00) startOffset 0 endOffset 11 width 87.00: "just a text"
      RenderSVGText {text} at (4400,2700) size 87x26 contains 1 chunk(s)
        RenderSVGInlineText {#text} at (0,0) size 87x26
          chunk 1 text run 1 at (4400.00,2720.00) startOffset 0 endOffset 11 width 87.00: "just a text"
      RenderSVGText {text} at (4500,2700) size 87x26 contains 1 chunk(s)
        RenderSVGInlineText {#text} at (0,0) size 87x26
          chunk 1 text run 1 at (4500.00,2720.00) startOffset 0 endOffset 11 width 87.00: "just a text"
      RenderSVGText {text} at (4600,2700) size 87x26 contains 1 chunk(s)
        RenderSVGInlineText {#text} at (0,0) size 87x26
          chunk 1 text run 1 at (4600.00,2720.00) startOffset 0 endOffset 11 width 87.00: "just a text"
      RenderSVGText {text} at (4700,2700) size 87x26 contains 1 chunk(s)
        RenderSVGInlineText {#text} at (0,0) size 87x26
          chunk 1 text run 1 at (4700.00,2720.00) startOffset 0 endOffset 11 width 87.00: "just a text"
      RenderSVGText {text} at (4800,2700) size 87x26 contains 1 chunk(s)
        RenderSVGInlineText {#text} at (0,0) size 87x26
          chunk 1 text run 1 at (4800.00,2720.00) startOffset 0 endOffset 11 width 87.00: "just a text"
      RenderSVGText {text} at (4900,2700) size 87x26 contains 1 chunk(s)
        RenderSVGInlineText {#text} at (0,0) size 87x26
          chunk 1 text run 1 at (4900.00,2720.00) startOffset 0 endOffset 11 width 87.00: "just a text"
      RenderSVGText {text} at (0,2800) size 87x26 contains 1 chunk(s)
        RenderSVGInlineText {#text} at (0,0) size 87x26
          chunk 1 text run 1 at (0.00,2820.00) startOffset 0 endOffset 11 width 87.00: "just a text"
      RenderSVGText {text} at (100,2800) size 87x26 contains 1 chunk(s)
        RenderSVGInlineText {#text} at (0,0) size 87x26
          chunk 1 text run 1 at (100.00,2820.00) startOffset 0 endOffset 11 width 87.00: "just a text"
      RenderSVGText {text} at (200,2800) size 87x26 contains 1 chunk(s)
        RenderSVGInlineText {#text} at (0,0) size 87x26
          chunk 1 text run 1 at (200.00,2820.00) startOffset 0 endOffset 11 width 87.00: "just a text"
      RenderSVGText {text} at (300,2800) size 87x26 contains 1 chunk(s)
        RenderSVGInlineText {#text} at (0,0) size 87x26
          chunk 1 text run 1 at (300.00,2820.00) startOffset 0 endOffset 11 width 87.00: "just a text"
      RenderSVGText {text} at (400,2800) size 87x26 contains 1 chunk(s)
        RenderSVGInlineText {#text} at (0,0) size 87x26
          chunk 1 text run 1 at (400.00,2820.00) startOffset 0 endOffset 11 width 87.00: "just a text"
      RenderSVGText {text} at (500,2800) size 87x26 contains 1 chunk(s)
        RenderSVGInlineText {#text} at (0,0) size 87x26
          chunk 1 text run 1 at (500.00,2820.00) startOffset 0 endOffset 11 width 87.00: "just a text"
      RenderSVGText {text} at (600,2800) size 87x26 contains 1 chunk(s)
        RenderSVGInlineText {#text} at (0,0) size 87x26
          chunk 1 text run 1 at (600.00,2820.00) startOffset 0 endOffset 11 width 87.00: "just a text"
      RenderSVGText {text} at (700,2800) size 87x26 contains 1 chunk(s)
        RenderSVGInlineText {#text} at (0,0) size 87x26
          chunk 1 text run 1 at (700.00,2820.00) startOffset 0 endOffset 11 width 87.00: "just a text"
      RenderSVGText {text} at (800,2800) size 87x26 contains 1 chunk(s)
        RenderSVGInlineText {#text} at (0,0) size 87x26
          chunk 1 text run 1 at (800.00,2820.00) startOffset 0 endOffset 11 width 87.00: "just a text"
      RenderSVGText {text} at (900,2800) size 87x26 contains 1 chunk(s)
        RenderSVGInlineText {#text} at (0,0) size 87x26
          chunk 1 text run 1 at (900.00,2820.00) startOffset 0 endOffset 11 width 87.00: "just a text"
      RenderSVGText {text} at (1000,2800) size 87x26 contains 1 chunk(s)
        RenderSVGInlineText {#text} at (0,0) size 87x26
          chunk 1 text run 1 at (1000.00,2820.00) startOffset 0 endOffset 11 width 87.00: "just a text"
      RenderSVGText {text} at (1100,2800) size 87x26 contains 1 chunk(s)
        RenderSVGInlineText {#text} at (0,0) size 87x26
          chunk 1 text run 1 at (1100.00,2820.00) startOffset 0 endOffset 11 width 87.00: "just a text"
      RenderSVGText {text} at (1200,2800) size 87x26 contains 1 chunk(s)
        RenderSVGInlineText {#text} at (0,0) size 87x26
          chunk 1 text run 1 at (1200.00,2820.00) startOffset 0 endOffset 11 width 87.00: "just a text"
      RenderSVGText {text} at (1300,2800) size 87x26 contains 1 chunk(s)
        RenderSVGInlineText {#text} at (0,0) size 87x26
          chunk 1 text run 1 at (1300.00,2820.00) startOffset 0 endOffset 11 width 87.00: "just a text"
      RenderSVGText {text} at (1400,2800) size 87x26 contains 1 chunk(s)
        RenderSVGInlineText {#text} at (0,0) size 87x26
          chunk 1 text run 1 at (1400.00,2820.00) startOffset 0 endOffset 11 width 87.00: "just a text"
      RenderSVGText {text} at (1500,2800) size 87x26 contains 1 chunk(s)
        RenderSVGInlineText {#text} at (0,0) size 87x26
          chunk 1 text run 1 at (1500.00,2820.00) startOffset 0 endOffset 11 width 87.00: "just a text"
      RenderSVGText {text} at (1600,2800) size 87x26 contains 1 chunk(s)
        RenderSVGInlineText {#text} at (0,0) size 87x26
          chunk 1 text run 1 at (1600.00,2820.00) startOffset 0 endOffset 11 width 87.00: "just a text"
      RenderSVGText {text} at (1700,2800) size 87x26 contains 1 chunk(s)
        RenderSVGInlineText {#text} at (0,0) size 87x26
          chunk 1 text run 1 at (1700.00,2820.00) startOffset 0 endOffset 11 width 87.00: "just a text"
      RenderSVGText {text} at (1800,2800) size 87x26 contains 1 chunk(s)
        RenderSVGInlineText {#text} at (0,0) size 87x26
          chunk 1 text run 1 at (1800.00,2820.00) startOffset 0 endOffset 11 width 87.00: "just a text"
      RenderSVGText {text} at (1900,2800) size 87x26 contains 1 chunk(s)
        RenderSVGInlineText {#text} at (0,0) size 87x26
          chunk 1 text run 1 at (1900.00,2820.00) startOffset 0 endOffset 11 width 87.00: "just a text"
      RenderSVGText {text} at (2000,2800) size 87x26 contains 1 chunk(s)
        RenderSVGInlineText {#text} at (0,0) size 87x26
          chunk 1 text run 1 at (2000.00,2820.00) startOffset 0 endOffset 11 width 87.00: "just a text"
      RenderSVGText {text} at (2100,2800) size 87x26 contains 1 chunk(s)
        RenderSVGInlineText {#text} at (0,0) size 87x26
          chunk 1 text run 1 at (2100.00,2820.00) startOffset 0 endOffset 11 width 87.00: "just a text"
      RenderSVGText {text} at (2200,2800) size 87x26 contains 1 chunk(s)
        RenderSVGInlineText {#text} at (0,0) size 87x26
          chunk 1 text run 1 at (2200.00,2820.00) startOffset 0 endOffset 11 width 87.00: "just a text"
      RenderSVGText {text} at (2300,2800) size 87x26 contains 1 chunk(s)
        RenderSVGInlineText {#text} at (0,0) size 87x26
          chunk 1 text run 1 at (2300.00,2820.00) startOffset 0 endOffset 11 width 87.00: "just a text"
      RenderSVGText {text} at (2400,2800) size 87x26 contains 1 chunk(s)
        RenderSVGInlineText {#text} at (0,0) size 87x26
          chunk 1 text run 1 at (2400.00,2820.00) startOffset 0 endOffset 11 width 87.00: "just a text"
      RenderSVGText {text} at (2500,2800) size 87x26 contains 1 chunk(s)
        RenderSVGInlineText {#text} at (0,0) size 87x26
          chunk 1 text run 1 at (2500.00,2820.00) startOffset 0 endOffset 11 width 87.00: "just a text"
      RenderSVGText {text} at (2600,2800) size 87x26 contains 1 chunk(s)
        RenderSVGInlineText {#text} at (0,0) size 87x26
          chunk 1 text run 1 at (2600.00,2820.00) startOffset 0 endOffset 11 width 87.00: "just a text"
      RenderSVGText {text} at (2700,2800) size 87x26 contains 1 chunk(s)
        RenderSVGInlineText {#text} at (0,0) size 87x26
          chunk 1 text run 1 at (2700.00,2820.00) startOffset 0 endOffset 11 width 87.00: "just a text"
      RenderSVGText {text} at (2800,2800) size 87x26 contains 1 chunk(s)
        RenderSVGInlineText {#text} at (0,0) size 87x26
          chunk 1 text run 1 at (2800.00,2820.00) startOffset 0 endOffset 11 width 87.00: "just a text"
      RenderSVGText {text} at (2900,2800) size 87x26 contains 1 chunk(s)
        RenderSVGInlineText {#text} at (0,0) size 87x26
          chunk 1 text run 1 at (2900.00,2820.00) startOffset 0 endOffset 11 width 87.00: "just a text"
      RenderSVGText {text} at (3000,2800) size 87x26 contains 1 chunk(s)
        RenderSVGInlineText {#text} at (0,0) size 87x26
          chunk 1 text run 1 at (3000.00,2820.00) startOffset 0 endOffset 11 width 87.00: "just a text"
      RenderSVGText {text} at (3100,2800) size 87x26 contains 1 chunk(s)
        RenderSVGInlineText {#text} at (0,0) size 87x26
          chunk 1 text run 1 at (3100.00,2820.00) startOffset 0 endOffset 11 width 87.00: "just a text"
      RenderSVGText {text} at (3200,2800) size 87x26 contains 1 chunk(s)
        RenderSVGInlineText {#text} at (0,0) size 87x26
          chunk 1 text run 1 at (3200.00,2820.00) startOffset 0 endOffset 11 width 87.00: "just a text"
      RenderSVGText {text} at (3300,2800) size 87x26 contains 1 chunk(s)
        RenderSVGInlineText {#text} at (0,0) size 87x26
          chunk 1 text run 1 at (3300.00,2820.00) startOffset 0 endOffset 11 width 87.00: "just a text"
      RenderSVGText {text} at (3400,2800) size 87x26 contains 1 chunk(s)
        RenderSVGInlineText {#text} at (0,0) size 87x26
          chunk 1 text run 1 at (3400.00,2820.00) startOffset 0 endOffset 11 width 87.00: "just a text"
      RenderSVGText {text} at (3500,2800) size 87x26 contains 1 chunk(s)
        RenderSVGInlineText {#text} at (0,0) size 87x26
          chunk 1 text run 1 at (3500.00,2820.00) startOffset 0 endOffset 11 width 87.00: "just a text"
      RenderSVGText {text} at (3600,2800) size 87x26 contains 1 chunk(s)
        RenderSVGInlineText {#text} at (0,0) size 87x26
          chunk 1 text run 1 at (3600.00,2820.00) startOffset 0 endOffset 11 width 87.00: "just a text"
      RenderSVGText {text} at (3700,2800) size 87x26 contains 1 chunk(s)
        RenderSVGInlineText {#text} at (0,0) size 87x26
          chunk 1 text run 1 at (3700.00,2820.00) startOffset 0 endOffset 11 width 87.00: "just a text"
      RenderSVGText {text} at (3800,2800) size 87x26 contains 1 chunk(s)
        RenderSVGInlineText {#text} at (0,0) size 87x26
          chunk 1 text run 1 at (3800.00,2820.00) startOffset 0 endOffset 11 width 87.00: "just a text"
      RenderSVGText {text} at (3900,2800) size 87x26 contains 1 chunk(s)
        RenderSVGInlineText {#text} at (0,0) size 87x26
          chunk 1 text run 1 at (3900.00,2820.00) startOffset 0 endOffset 11 width 87.00: "just a text"
      RenderSVGText {text} at (4000,2800) size 87x26 contains 1 chunk(s)
        RenderSVGInlineText {#text} at (0,0) size 87x26
          chunk 1 text run 1 at (4000.00,2820.00) startOffset 0 endOffset 11 width 87.00: "just a text"
      RenderSVGText {text} at (4100,2800) size 87x26 contains 1 chunk(s)
        RenderSVGInlineText {#text} at (0,0) size 87x26
          chunk 1 text run 1 at (4100.00,2820.00) startOffset 0 endOffset 11 width 87.00: "just a text"
      RenderSVGText {text} at (4200,2800) size 87x26 contains 1 chunk(s)
        RenderSVGInlineText {#text} at (0,0) size 87x26
          chunk 1 text run 1 at (4200.00,2820.00) startOffset 0 endOffset 11 width 87.00: "just a text"
      RenderSVGText {text} at (4300,2800) size 87x26 contains 1 chunk(s)
        RenderSVGInlineText {#text} at (0,0) size 87x26
          chunk 1 text run 1 at (4300.00,2820.00) startOffset 0 endOffset 11 width 87.00: "just a text"
      RenderSVGText {text} at (4400,2800) size 87x26 contains 1 chunk(s)
        RenderSVGInlineText {#text} at (0,0) size 87x26
          chunk 1 text run 1 at (4400.00,2820.00) startOffset 0 endOffset 11 width 87.00: "just a text"
      RenderSVGText {text} at (4500,2800) size 87x26 contains 1 chunk(s)
        RenderSVGInlineText {#text} at (0,0) size 87x26
          chunk 1 text run 1 at (4500.00,2820.00) startOffset 0 endOffset 11 width 87.00: "just a text"
      RenderSVGText {text} at (4600,2800) size 87x26 contains 1 chunk(s)
        RenderSVGInlineText {#text} at (0,0) size 87x26
          chunk 1 text run 1 at (4600.00,2820.00) startOffset 0 endOffset 11 width 87.00: "just a text"
      RenderSVGText {text} at (4700,2800) size 87x26 contains 1 chunk(s)
        RenderSVGInlineText {#text} at (0,0) size 87x26
          chunk 1 text run 1 at (4700.00,2820.00) startOffset 0 endOffset 11 width 87.00: "just a text"
      RenderSVGText {text} at (4800,2800) size 87x26 contains 1 chunk(s)
        RenderSVGInlineText {#text} at (0,0) size 87x26
          chunk 1 text run 1 at (4800.00,2820.00) startOffset 0 endOffset 11 width 87.00: "just a text"
      RenderSVGText {text} at (4900,2800) size 87x26 contains 1 chunk(s)
        RenderSVGInlineText {#text} at (0,0) size 87x26
          chunk 1 text run 1 at (4900.00,2820.00) startOffset 0 endOffset 11 width 87.00: "just a text"
      RenderSVGText {text} at (0,2900) size 87x26 contains 1 chunk(s)
        RenderSVGInlineText {#text} at (0,0) size 87x26
          chunk 1 text run 1 at (0.00,2920.00) startOffset 0 endOffset 11 width 87.00: "just a text"
      RenderSVGText {text} at (100,2900) size 87x26 contains 1 chunk(s)
        RenderSVGInlineText {#text} at (0,0) size 87x26
          chunk 1 text run 1 at (100.00,2920.00) startOffset 0 endOffset 11 width 87.00: "just a text"
      RenderSVGText {text} at (200,2900) size 87x26 contains 1 chunk(s)
        RenderSVGInlineText {#text} at (0,0) size 87x26
          chunk 1 text run 1 at (200.00,2920.00) startOffset 0 endOffset 11 width 87.00: "just a text"
      RenderSVGText {text} at (300,2900) size 87x26 contains 1 chunk(s)
        RenderSVGInlineText {#text} at (0,0) size 87x26
          chunk 1 text run 1 at (300.00,2920.00) startOffset 0 endOffset 11 width 87.00: "just a text"
      RenderSVGText {text} at (400,2900) size 87x26 contains 1 chunk(s)
        RenderSVGInlineText {#text} at (0,0) size 87x26
          chunk 1 text run 1 at (400.00,2920.00) startOffset 0 endOffset 11 width 87.00: "just a text"
      RenderSVGText {text} at (500,2900) size 87x26 contains 1 chunk(s)
        RenderSVGInlineText {#text} at (0,0) size 87x26
          chunk 1 text run 1 at (500.00,2920.00) startOffset 0 endOffset 11 width 87.00: "just a text"
      RenderSVGText {text} at (600,2900) size 87x26 contains 1 chunk(s)
        RenderSVGInlineText {#text} at (0,0) size 87x26
          chunk 1 text run 1 at (600.00,2920.00) startOffset 0 endOffset 11 width 87.00: "just a text"
      RenderSVGText {text} at (700,2900) size 87x26 contains 1 chunk(s)
        RenderSVGInlineText {#text} at (0,0) size 87x26
          chunk 1 text run 1 at (700.00,2920.00) startOffset 0 endOffset 11 width 87.00: "just a text"
      RenderSVGText {text} at (800,2900) size 87x26 contains 1 chunk(s)
        RenderSVGInlineText {#text} at (0,0) size 87x26
          chunk 1 text run 1 at (800.00,2920.00) startOffset 0 endOffset 11 width 87.00: "just a text"
      RenderSVGText {text} at (900,2900) size 87x26 contains 1 chunk(s)
        RenderSVGInlineText {#text} at (0,0) size 87x26
          chunk 1 text run 1 at (900.00,2920.00) startOffset 0 endOffset 11 width 87.00: "just a text"
      RenderSVGText {text} at (1000,2900) size 87x26 contains 1 chunk(s)
        RenderSVGInlineText {#text} at (0,0) size 87x26
          chunk 1 text run 1 at (1000.00,2920.00) startOffset 0 endOffset 11 width 87.00: "just a text"
      RenderSVGText {text} at (1100,2900) size 87x26 contains 1 chunk(s)
        RenderSVGInlineText {#text} at (0,0) size 87x26
          chunk 1 text run 1 at (1100.00,2920.00) startOffset 0 endOffset 11 width 87.00: "just a text"
      RenderSVGText {text} at (1200,2900) size 87x26 contains 1 chunk(s)
        RenderSVGInlineText {#text} at (0,0) size 87x26
          chunk 1 text run 1 at (1200.00,2920.00) startOffset 0 endOffset 11 width 87.00: "just a text"
      RenderSVGText {text} at (1300,2900) size 87x26 contains 1 chunk(s)
        RenderSVGInlineText {#text} at (0,0) size 87x26
          chunk 1 text run 1 at (1300.00,2920.00) startOffset 0 endOffset 11 width 87.00: "just a text"
      RenderSVGText {text} at (1400,2900) size 87x26 contains 1 chunk(s)
        RenderSVGInlineText {#text} at (0,0) size 87x26
          chunk 1 text run 1 at (1400.00,2920.00) startOffset 0 endOffset 11 width 87.00: "just a text"
      RenderSVGText {text} at (1500,2900) size 87x26 contains 1 chunk(s)
        RenderSVGInlineText {#text} at (0,0) size 87x26
          chunk 1 text run 1 at (1500.00,2920.00) startOffset 0 endOffset 11 width 87.00: "just a text"
      RenderSVGText {text} at (1600,2900) size 87x26 contains 1 chunk(s)
        RenderSVGInlineText {#text} at (0,0) size 87x26
          chunk 1 text run 1 at (1600.00,2920.00) startOffset 0 endOffset 11 width 87.00: "just a text"
      RenderSVGText {text} at (1700,2900) size 87x26 contains 1 chunk(s)
        RenderSVGInlineText {#text} at (0,0) size 87x26
          chunk 1 text run 1 at (1700.00,2920.00) startOffset 0 endOffset 11 width 87.00: "just a text"
      RenderSVGText {text} at (1800,2900) size 87x26 contains 1 chunk(s)
        RenderSVGInlineText {#text} at (0,0) size 87x26
          chunk 1 text run 1 at (1800.00,2920.00) startOffset 0 endOffset 11 width 87.00: "just a text"
      RenderSVGText {text} at (1900,2900) size 87x26 contains 1 chunk(s)
        RenderSVGInlineText {#text} at (0,0) size 87x26
          chunk 1 text run 1 at (1900.00,2920.00) startOffset 0 endOffset 11 width 87.00: "just a text"
      RenderSVGText {text} at (2000,2900) size 87x26 contains 1 chunk(s)
        RenderSVGInlineText {#text} at (0,0) size 87x26
          chunk 1 text run 1 at (2000.00,2920.00) startOffset 0 endOffset 11 width 87.00: "just a text"
      RenderSVGText {text} at (2100,2900) size 87x26 contains 1 chunk(s)
        RenderSVGInlineText {#text} at (0,0) size 87x26
          chunk 1 text run 1 at (2100.00,2920.00) startOffset 0 endOffset 11 width 87.00: "just a text"
      RenderSVGText {text} at (2200,2900) size 87x26 contains 1 chunk(s)
        RenderSVGInlineText {#text} at (0,0) size 87x26
          chunk 1 text run 1 at (2200.00,2920.00) startOffset 0 endOffset 11 width 87.00: "just a text"
      RenderSVGText {text} at (2300,2900) size 87x26 contains 1 chunk(s)
        RenderSVGInlineText {#text} at (0,0) size 87x26
          chunk 1 text run 1 at (2300.00,2920.00) startOffset 0 endOffset 11 width 87.00: "just a text"
      RenderSVGText {text} at (2400,2900) size 87x26 contains 1 chunk(s)
        RenderSVGInlineText {#text} at (0,0) size 87x26
          chunk 1 text run 1 at (2400.00,2920.00) startOffset 0 endOffset 11 width 87.00: "just a text"
      RenderSVGText {text} at (2500,2900) size 87x26 contains 1 chunk(s)
        RenderSVGInlineText {#text} at (0,0) size 87x26
          chunk 1 text run 1 at (2500.00,2920.00) startOffset 0 endOffset 11 width 87.00: "just a text"
      RenderSVGText {text} at (2600,2900) size 87x26 contains 1 chunk(s)
        RenderSVGInlineText {#text} at (0,0) size 87x26
          chunk 1 text run 1 at (2600.00,2920.00) startOffset 0 endOffset 11 width 87.00: "just a text"
      RenderSVGText {text} at (2700,2900) size 87x26 contains 1 chunk(s)
        RenderSVGInlineText {#text} at (0,0) size 87x26
          chunk 1 text run 1 at (2700.00,2920.00) startOffset 0 endOffset 11 width 87.00: "just a text"
      RenderSVGText {text} at (2800,2900) size 87x26 contains 1 chunk(s)
        RenderSVGInlineText {#text} at (0,0) size 87x26
          chunk 1 text run 1 at (2800.00,2920.00) startOffset 0 endOffset 11 width 87.00: "just a text"
      RenderSVGText {text} at (2900,2900) size 87x26 contains 1 chunk(s)
        RenderSVGInlineText {#text} at (0,0) size 87x26
          chunk 1 text run 1 at (2900.00,2920.00) startOffset 0 endOffset 11 width 87.00: "just a text"
      RenderSVGText {text} at (3000,2900) size 87x26 contains 1 chunk(s)
        RenderSVGInlineText {#text} at (0,0) size 87x26
          chunk 1 text run 1 at (3000.00,2920.00) startOffset 0 endOffset 11 width 87.00: "just a text"
      RenderSVGText {text} at (3100,2900) size 87x26 contains 1 chunk(s)
        RenderSVGInlineText {#text} at (0,0) size 87x26
          chunk 1 text run 1 at (3100.00,2920.00) startOffset 0 endOffset 11 width 87.00: "just a text"
      RenderSVGText {text} at (3200,2900) size 87x26 contains 1 chunk(s)
        RenderSVGInlineText {#text} at (0,0) size 87x26
          chunk 1 text run 1 at (3200.00,2920.00) startOffset 0 endOffset 11 width 87.00: "just a text"
      RenderSVGText {text} at (3300,2900) size 87x26 contains 1 chunk(s)
        RenderSVGInlineText {#text} at (0,0) size 87x26
          chunk 1 text run 1 at (3300.00,2920.00) startOffset 0 endOffset 11 width 87.00: "just a text"
      RenderSVGText {text} at (3400,2900) size 87x26 contains 1 chunk(s)
        RenderSVGInlineText {#text} at (0,0) size 87x26
          chunk 1 text run 1 at (3400.00,2920.00) startOffset 0 endOffset 11 width 87.00: "just a text"
      RenderSVGText {text} at (3500,2900) size 87x26 contains 1 chunk(s)
        RenderSVGInlineText {#text} at (0,0) size 87x26
          chunk 1 text run 1 at (3500.00,2920.00) startOffset 0 endOffset 11 width 87.00: "just a text"
      RenderSVGText {text} at (3600,2900) size 87x26 contains 1 chunk(s)
        RenderSVGInlineText {#text} at (0,0) size 87x26
          chunk 1 text run 1 at (3600.00,2920.00) startOffset 0 endOffset 11 width 87.00: "just a text"
      RenderSVGText {text} at (3700,2900) size 87x26 contains 1 chunk(s)
        RenderSVGInlineText {#text} at (0,0) size 87x26
          chunk 1 text run 1 at (3700.00,2920.00) startOffset 0 endOffset 11 width 87.00: "just a text"
      RenderSVGText {text} at (3800,2900) size 87x26 contains 1 chunk(s)
        RenderSVGInlineText {#text} at (0,0) size 87x26
          chunk 1 text run 1 at (3800.00,2920.00) startOffset 0 endOffset 11 width 87.00: "just a text"
      RenderSVGText {text} at (3900,2900) size 87x26 contains 1 chunk(s)
        RenderSVGInlineText {#text} at (0,0) size 87x26
          chunk 1 text run 1 at (3900.00,2920.00) startOffset 0 endOffset 11 width 87.00: "just a text"
      RenderSVGText {text} at (4000,2900) size 87x26 contains 1 chunk(s)
        RenderSVGInlineText {#text} at (0,0) size 87x26
          chunk 1 text run 1 at (4000.00,2920.00) startOffset 0 endOffset 11 width 87.00: "just a text"
      RenderSVGText {text} at (4100,2900) size 87x26 contains 1 chunk(s)
        RenderSVGInlineText {#text} at (0,0) size 87x26
          chunk 1 text run 1 at (4100.00,2920.00) startOffset 0 endOffset 11 width 87.00: "just a text"
      RenderSVGText {text} at (4200,2900) size 87x26 contains 1 chunk(s)
        RenderSVGInlineText {#text} at (0,0) size 87x26
          chunk 1 text run 1 at (4200.00,2920.00) startOffset 0 endOffset 11 width 87.00: "just a text"
      RenderSVGText {text} at (4300,2900) size 87x26 contains 1 chunk(s)
        RenderSVGInlineText {#text} at (0,0) size 87x26
          chunk 1 text run 1 at (4300.00,2920.00) startOffset 0 endOffset 11 width 87.00: "just a text"
      RenderSVGText {text} at (4400,2900) size 87x26 contains 1 chunk(s)
        RenderSVGInlineText {#text} at (0,0) size 87x26
          chunk 1 text run 1 at (4400.00,2920.00) startOffset 0 endOffset 11 width 87.00: "just a text"
      RenderSVGText {text} at (4500,2900) size 87x26 contains 1 chunk(s)
        RenderSVGInlineText {#text} at (0,0) size 87x26
          chunk 1 text run 1 at (4500.00,2920.00) startOffset 0 endOffset 11 width 87.00: "just a text"
      RenderSVGText {text} at (4600,2900) size 87x26 contains 1 chunk(s)
        RenderSVGInlineText {#text} at (0,0) size 87x26
          chunk 1 text run 1 at (4600.00,2920.00) startOffset 0 endOffset 11 width 87.00: "just a text"
      RenderSVGText {text} at (4700,2900) size 87x26 contains 1 chunk(s)
        RenderSVGInlineText {#text} at (0,0) size 87x26
          chunk 1 text run 1 at (4700.00,2920.00) startOffset 0 endOffset 11 width 87.00: "just a text"
      RenderSVGText {text} at (4800,2900) size 87x26 contains 1 chunk(s)
        RenderSVGInlineText {#text} at (0,0) size 87x26
          chunk 1 text run 1 at (4800.00,2920.00) startOffset 0 endOffset 11 width 87.00: "just a text"
      RenderSVGText {text} at (4900,2900) size 87x26 contains 1 chunk(s)
        RenderSVGInlineText {#text} at (0,0) size 87x26
          chunk 1 text run 1 at (4900.00,2920.00) startOffset 0 endOffset 11 width 87.00: "just a text"
      RenderSVGText {text} at (0,3000) size 87x26 contains 1 chunk(s)
        RenderSVGInlineText {#text} at (0,0) size 87x26
          chunk 1 text run 1 at (0.00,3020.00) startOffset 0 endOffset 11 width 87.00: "just a text"
      RenderSVGText {text} at (100,3000) size 87x26 contains 1 chunk(s)
        RenderSVGInlineText {#text} at (0,0) size 87x26
          chunk 1 text run 1 at (100.00,3020.00) startOffset 0 endOffset 11 width 87.00: "just a text"
      RenderSVGText {text} at (200,3000) size 87x26 contains 1 chunk(s)
        RenderSVGInlineText {#text} at (0,0) size 87x26
          chunk 1 text run 1 at (200.00,3020.00) startOffset 0 endOffset 11 width 87.00: "just a text"
      RenderSVGText {text} at (300,3000) size 87x26 contains 1 chunk(s)
        RenderSVGInlineText {#text} at (0,0) size 87x26
          chunk 1 text run 1 at (300.00,3020.00) startOffset 0 endOffset 11 width 87.00: "just a text"
      RenderSVGText {text} at (400,3000) size 87x26 contains 1 chunk(s)
        RenderSVGInlineText {#text} at (0,0) size 87x26
          chunk 1 text run 1 at (400.00,3020.00) startOffset 0 endOffset 11 width 87.00: "just a text"
      RenderSVGText {text} at (500,3000) size 87x26 contains 1 chunk(s)
        RenderSVGInlineText {#text} at (0,0) size 87x26
          chunk 1 text run 1 at (500.00,3020.00) startOffset 0 endOffset 11 width 87.00: "just a text"
      RenderSVGText {text} at (600,3000) size 87x26 contains 1 chunk(s)
        RenderSVGInlineText {#text} at (0,0) size 87x26
          chunk 1 text run 1 at (600.00,3020.00) startOffset 0 endOffset 11 width 87.00: "just a text"
      RenderSVGText {text} at (700,3000) size 87x26 contains 1 chunk(s)
        RenderSVGInlineText {#text} at (0,0) size 87x26
          chunk 1 text run 1 at (700.00,3020.00) startOffset 0 endOffset 11 width 87.00: "just a text"
      RenderSVGText {text} at (800,3000) size 87x26 contains 1 chunk(s)
        RenderSVGInlineText {#text} at (0,0) size 87x26
          chunk 1 text run 1 at (800.00,3020.00) startOffset 0 endOffset 11 width 87.00: "just a text"
      RenderSVGText {text} at (900,3000) size 87x26 contains 1 chunk(s)
        RenderSVGInlineText {#text} at (0,0) size 87x26
          chunk 1 text run 1 at (900.00,3020.00) startOffset 0 endOffset 11 width 87.00: "just a text"
      RenderSVGText {text} at (1000,3000) size 87x26 contains 1 chunk(s)
        RenderSVGInlineText {#text} at (0,0) size 87x26
          chunk 1 text run 1 at (1000.00,3020.00) startOffset 0 endOffset 11 width 87.00: "just a text"
      RenderSVGText {text} at (1100,3000) size 87x26 contains 1 chunk(s)
        RenderSVGInlineText {#text} at (0,0) size 87x26
          chunk 1 text run 1 at (1100.00,3020.00) startOffset 0 endOffset 11 width 87.00: "just a text"
      RenderSVGText {text} at (1200,3000) size 87x26 contains 1 chunk(s)
        RenderSVGInlineText {#text} at (0,0) size 87x26
          chunk 1 text run 1 at (1200.00,3020.00) startOffset 0 endOffset 11 width 87.00: "just a text"
      RenderSVGText {text} at (1300,3000) size 87x26 contains 1 chunk(s)
        RenderSVGInlineText {#text} at (0,0) size 87x26
          chunk 1 text run 1 at (1300.00,3020.00) startOffset 0 endOffset 11 width 87.00: "just a text"
      RenderSVGText {text} at (1400,3000) size 87x26 contains 1 chunk(s)
        RenderSVGInlineText {#text} at (0,0) size 87x26
          chunk 1 text run 1 at (1400.00,3020.00) startOffset 0 endOffset 11 width 87.00: "just a text"
      RenderSVGText {text} at (1500,3000) size 87x26 contains 1 chunk(s)
        RenderSVGInlineText {#text} at (0,0) size 87x26
          chunk 1 text run 1 at (1500.00,3020.00) startOffset 0 endOffset 11 width 87.00: "just a text"
      RenderSVGText {text} at (1600,3000) size 87x26 contains 1 chunk(s)
        RenderSVGInlineText {#text} at (0,0) size 87x26
          chunk 1 text run 1 at (1600.00,3020.00) startOffset 0 endOffset 11 width 87.00: "just a text"
      RenderSVGText {text} at (1700,3000) size 87x26 contains 1 chunk(s)
        RenderSVGInlineText {#text} at (0,0) size 87x26
          chunk 1 text run 1 at (1700.00,3020.00) startOffset 0 endOffset 11 width 87.00: "just a text"
      RenderSVGText {text} at (1800,3000) size 87x26 contains 1 chunk(s)
        RenderSVGInlineText {#text} at (0,0) size 87x26
          chunk 1 text run 1 at (1800.00,3020.00) startOffset 0 endOffset 11 width 87.00: "just a text"
      RenderSVGText {text} at (1900,3000) size 87x26 contains 1 chunk(s)
        RenderSVGInlineText {#text} at (0,0) size 87x26
          chunk 1 text run 1 at (1900.00,3020.00) startOffset 0 endOffset 11 width 87.00: "just a text"
      RenderSVGText {text} at (2000,3000) size 87x26 contains 1 chunk(s)
        RenderSVGInlineText {#text} at (0,0) size 87x26
          chunk 1 text run 1 at (2000.00,3020.00) startOffset 0 endOffset 11 width 87.00: "just a text"
      RenderSVGText {text} at (2100,3000) size 87x26 contains 1 chunk(s)
        RenderSVGInlineText {#text} at (0,0) size 87x26
          chunk 1 text run 1 at (2100.00,3020.00) startOffset 0 endOffset 11 width 87.00: "just a text"
      RenderSVGText {text} at (2200,3000) size 87x26 contains 1 chunk(s)
        RenderSVGInlineText {#text} at (0,0) size 87x26
          chunk 1 text run 1 at (2200.00,3020.00) startOffset 0 endOffset 11 width 87.00: "just a text"
      RenderSVGText {text} at (2300,3000) size 87x26 contains 1 chunk(s)
        RenderSVGInlineText {#text} at (0,0) size 87x26
          chunk 1 text run 1 at (2300.00,3020.00) startOffset 0 endOffset 11 width 87.00: "just a text"
      RenderSVGText {text} at (2400,3000) size 87x26 contains 1 chunk(s)
        RenderSVGInlineText {#text} at (0,0) size 87x26
          chunk 1 text run 1 at (2400.00,3020.00) startOffset 0 endOffset 11 width 87.00: "just a text"
      RenderSVGText {text} at (2500,3000) size 87x26 contains 1 chunk(s)
        RenderSVGInlineText {#text} at (0,0) size 87x26
          chunk 1 text run 1 at (2500.00,3020.00) startOffset 0 endOffset 11 width 87.00: "just a text"
      RenderSVGText {text} at (2600,3000) size 87x26 contains 1 chunk(s)
        RenderSVGInlineText {#text} at (0,0) size 87x26
          chunk 1 text run 1 at (2600.00,3020.00) startOffset 0 endOffset 11 width 87.00: "just a text"
      RenderSVGText {text} at (2700,3000) size 87x26 contains 1 chunk(s)
        RenderSVGInlineText {#text} at (0,0) size 87x26
          chunk 1 text run 1 at (2700.00,3020.00) startOffset 0 endOffset 11 width 87.00: "just a text"
      RenderSVGText {text} at (2800,3000) size 87x26 contains 1 chunk(s)
        RenderSVGInlineText {#text} at (0,0) size 87x26
          chunk 1 text run 1 at (2800.00,3020.00) startOffset 0 endOffset 11 width 87.00: "just a text"
      RenderSVGText {text} at (2900,3000) size 87x26 contains 1 chunk(s)
        RenderSVGInlineText {#text} at (0,0) size 87x26
          chunk 1 text run 1 at (2900.00,3020.00) startOffset 0 endOffset 11 width 87.00: "just a text"
      RenderSVGText {text} at (3000,3000) size 87x26 contains 1 chunk(s)
        RenderSVGInlineText {#text} at (0,0) size 87x26
          chunk 1 text run 1 at (3000.00,3020.00) startOffset 0 endOffset 11 width 87.00: "just a text"
      RenderSVGText {text} at (3100,3000) size 87x26 contains 1 chunk(s)
        RenderSVGInlineText {#text} at (0,0) size 87x26
          chunk 1 text run 1 at (3100.00,3020.00) startOffset 0 endOffset 11 width 87.00: "just a text"
      RenderSVGText {text} at (3200,3000) size 87x26 contains 1 chunk(s)
        RenderSVGInlineText {#text} at (0,0) size 87x26
          chunk 1 text run 1 at (3200.00,3020.00) startOffset 0 endOffset 11 width 87.00: "just a text"
      RenderSVGText {text} at (3300,3000) size 87x26 contains 1 chunk(s)
        RenderSVGInlineText {#text} at (0,0) size 87x26
          chunk 1 text run 1 at (3300.00,3020.00) startOffset 0 endOffset 11 width 87.00: "just a text"
      RenderSVGText {text} at (3400,3000) size 87x26 contains 1 chunk(s)
        RenderSVGInlineText {#text} at (0,0) size 87x26
          chunk 1 text run 1 at (3400.00,3020.00) startOffset 0 endOffset 11 width 87.00: "just a text"
      RenderSVGText {text} at (3500,3000) size 87x26 contains 1 chunk(s)
        RenderSVGInlineText {#text} at (0,0) size 87x26
          chunk 1 text run 1 at (3500.00,3020.00) startOffset 0 endOffset 11 width 87.00: "just a text"
      RenderSVGText {text} at (3600,3000) size 87x26 contains 1 chunk(s)
        RenderSVGInlineText {#text} at (0,0) size 87x26
          chunk 1 text run 1 at (3600.00,3020.00) startOffset 0 endOffset 11 width 87.00: "just a text"
      RenderSVGText {text} at (3700,3000) size 87x26 contains 1 chunk(s)
        RenderSVGInlineText {#text} at (0,0) size 87x26
          chunk 1 text run 1 at (3700.00,3020.00) startOffset 0 endOffset 11 width 87.00: "just a text"
      RenderSVGText {text} at (3800,3000) size 87x26 contains 1 chunk(s)
        RenderSVGInlineText {#text} at (0,0) size 87x26
          chunk 1 text run 1 at (3800.00,3020.00) startOffset 0 endOffset 11 width 87.00: "just a text"
      RenderSVGText {text} at (3900,3000) size 87x26 contains 1 chunk(s)
        RenderSVGInlineText {#text} at (0,0) size 87x26
          chunk 1 text run 1 at (3900.00,3020.00) startOffset 0 endOffset 11 width 87.00: "just a text"
      RenderSVGText {text} at (4000,3000) size 87x26 contains 1 chunk(s)
        RenderSVGInlineText {#text} at (0,0) size 87x26
          chunk 1 text run 1 at (4000.00,3020.00) startOffset 0 endOffset 11 width 87.00: "just a text"
      RenderSVGText {text} at (4100,3000) size 87x26 contains 1 chunk(s)
        RenderSVGInlineText {#text} at (0,0) size 87x26
          chunk 1 text run 1 at (4100.00,3020.00) startOffset 0 endOffset 11 width 87.00: "just a text"
      RenderSVGText {text} at (4200,3000) size 87x26 contains 1 chunk(s)
        RenderSVGInlineText {#text} at (0,0) size 87x26
          chunk 1 text run 1 at (4200.00,3020.00) startOffset 0 endOffset 11 width 87.00: "just a text"
      RenderSVGText {text} at (4300,3000) size 87x26 contains 1 chunk(s)
        RenderSVGInlineText {#text} at (0,0) size 87x26
          chunk 1 text run 1 at (4300.00,3020.00) startOffset 0 endOffset 11 width 87.00: "just a text"
      RenderSVGText {text} at (4400,3000) size 87x26 contains 1 chunk(s)
        RenderSVGInlineText {#text} at (0,0) size 87x26
          chunk 1 text run 1 at (4400.00,3020.00) startOffset 0 endOffset 11 width 87.00: "just a text"
      RenderSVGText {text} at (4500,3000) size 87x26 contains 1 chunk(s)
        RenderSVGInlineText {#text} at (0,0) size 87x26
          chunk 1 text run 1 at (4500.00,3020.00) startOffset 0 endOffset 11 width 87.00: "just a text"
      RenderSVGText {text} at (4600,3000) size 87x26 contains 1 chunk(s)
        RenderSVGInlineText {#text} at (0,0) size 87x26
          chunk 1 text run 1 at (4600.00,3020.00) startOffset 0 endOffset 11 width 87.00: "just a text"
      RenderSVGText {text} at (4700,3000) size 87x26 contains 1 chunk(s)
        RenderSVGInlineText {#text} at (0,0) size 87x26
          chunk 1 text run 1 at (4700.00,3020.00) startOffset 0 endOffset 11 width 87.00: "just a text"
      RenderSVGText {text} at (4800,3000) size 87x26 contains 1 chunk(s)
        RenderSVGInlineText {#text} at (0,0) size 87x26
          chunk 1 text run 1 at (4800.00,3020.00) startOffset 0 endOffset 11 width 87.00: "just a text"
      RenderSVGText {text} at (4900,3000) size 87x26 contains 1 chunk(s)
        RenderSVGInlineText {#text} at (0,0) size 87x26
          chunk 1 text run 1 at (4900.00,3020.00) startOffset 0 endOffset 11 width 87.00: "just a text"
      RenderSVGText {text} at (0,3100) size 87x26 contains 1 chunk(s)
        RenderSVGInlineText {#text} at (0,0) size 87x26
          chunk 1 text run 1 at (0.00,3120.00) startOffset 0 endOffset 11 width 87.00: "just a text"
      RenderSVGText {text} at (100,3100) size 87x26 contains 1 chunk(s)
        RenderSVGInlineText {#text} at (0,0) size 87x26
          chunk 1 text run 1 at (100.00,3120.00) startOffset 0 endOffset 11 width 87.00: "just a text"
      RenderSVGText {text} at (200,3100) size 87x26 contains 1 chunk(s)
        RenderSVGInlineText {#text} at (0,0) size 87x26
          chunk 1 text run 1 at (200.00,3120.00) startOffset 0 endOffset 11 width 87.00: "just a text"
      RenderSVGText {text} at (300,3100) size 87x26 contains 1 chunk(s)
        RenderSVGInlineText {#text} at (0,0) size 87x26
          chunk 1 text run 1 at (300.00,3120.00) startOffset 0 endOffset 11 width 87.00: "just a text"
      RenderSVGText {text} at (400,3100) size 87x26 contains 1 chunk(s)
        RenderSVGInlineText {#text} at (0,0) size 87x26
          chunk 1 text run 1 at (400.00,3120.00) startOffset 0 endOffset 11 width 87.00: "just a text"
      RenderSVGText {text} at (500,3100) size 87x26 contains 1 chunk(s)
        RenderSVGInlineText {#text} at (0,0) size 87x26
          chunk 1 text run 1 at (500.00,3120.00) startOffset 0 endOffset 11 width 87.00: "just a text"
      RenderSVGText {text} at (600,3100) size 87x26 contains 1 chunk(s)
        RenderSVGInlineText {#text} at (0,0) size 87x26
          chunk 1 text run 1 at (600.00,3120.00) startOffset 0 endOffset 11 width 87.00: "just a text"
      RenderSVGText {text} at (700,3100) size 87x26 contains 1 chunk(s)
        RenderSVGInlineText {#text} at (0,0) size 87x26
          chunk 1 text run 1 at (700.00,3120.00) startOffset 0 endOffset 11 width 87.00: "just a text"
      RenderSVGText {text} at (800,3100) size 87x26 contains 1 chunk(s)
        RenderSVGInlineText {#text} at (0,0) size 87x26
          chunk 1 text run 1 at (800.00,3120.00) startOffset 0 endOffset 11 width 87.00: "just a text"
      RenderSVGText {text} at (900,3100) size 87x26 contains 1 chunk(s)
        RenderSVGInlineText {#text} at (0,0) size 87x26
          chunk 1 text run 1 at (900.00,3120.00) startOffset 0 endOffset 11 width 87.00: "just a text"
      RenderSVGText {text} at (1000,3100) size 87x26 contains 1 chunk(s)
        RenderSVGInlineText {#text} at (0,0) size 87x26
          chunk 1 text run 1 at (1000.00,3120.00) startOffset 0 endOffset 11 width 87.00: "just a text"
      RenderSVGText {text} at (1100,3100) size 87x26 contains 1 chunk(s)
        RenderSVGInlineText {#text} at (0,0) size 87x26
          chunk 1 text run 1 at (1100.00,3120.00) startOffset 0 endOffset 11 width 87.00: "just a text"
      RenderSVGText {text} at (1200,3100) size 87x26 contains 1 chunk(s)
        RenderSVGInlineText {#text} at (0,0) size 87x26
          chunk 1 text run 1 at (1200.00,3120.00) startOffset 0 endOffset 11 width 87.00: "just a text"
      RenderSVGText {text} at (1300,3100) size 87x26 contains 1 chunk(s)
        RenderSVGInlineText {#text} at (0,0) size 87x26
          chunk 1 text run 1 at (1300.00,3120.00) startOffset 0 endOffset 11 width 87.00: "just a text"
      RenderSVGText {text} at (1400,3100) size 87x26 contains 1 chunk(s)
        RenderSVGInlineText {#text} at (0,0) size 87x26
          chunk 1 text run 1 at (1400.00,3120.00) startOffset 0 endOffset 11 width 87.00: "just a text"
      RenderSVGText {text} at (1500,3100) size 87x26 contains 1 chunk(s)
        RenderSVGInlineText {#text} at (0,0) size 87x26
          chunk 1 text run 1 at (1500.00,3120.00) startOffset 0 endOffset 11 width 87.00: "just a text"
      RenderSVGText {text} at (1600,3100) size 87x26 contains 1 chunk(s)
        RenderSVGInlineText {#text} at (0,0) size 87x26
          chunk 1 text run 1 at (1600.00,3120.00) startOffset 0 endOffset 11 width 87.00: "just a text"
      RenderSVGText {text} at (1700,3100) size 87x26 contains 1 chunk(s)
        RenderSVGInlineText {#text} at (0,0) size 87x26
          chunk 1 text run 1 at (1700.00,3120.00) startOffset 0 endOffset 11 width 87.00: "just a text"
      RenderSVGText {text} at (1800,3100) size 87x26 contains 1 chunk(s)
        RenderSVGInlineText {#text} at (0,0) size 87x26
          chunk 1 text run 1 at (1800.00,3120.00) startOffset 0 endOffset 11 width 87.00: "just a text"
      RenderSVGText {text} at (1900,3100) size 87x26 contains 1 chunk(s)
        RenderSVGInlineText {#text} at (0,0) size 87x26
          chunk 1 text run 1 at (1900.00,3120.00) startOffset 0 endOffset 11 width 87.00: "just a text"
      RenderSVGText {text} at (2000,3100) size 87x26 contains 1 chunk(s)
        RenderSVGInlineText {#text} at (0,0) size 87x26
          chunk 1 text run 1 at (2000.00,3120.00) startOffset 0 endOffset 11 width 87.00: "just a text"
      RenderSVGText {text} at (2100,3100) size 87x26 contains 1 chunk(s)
        RenderSVGInlineText {#text} at (0,0) size 87x26
          chunk 1 text run 1 at (2100.00,3120.00) startOffset 0 endOffset 11 width 87.00: "just a text"
      RenderSVGText {text} at (2200,3100) size 87x26 contains 1 chunk(s)
        RenderSVGInlineText {#text} at (0,0) size 87x26
          chunk 1 text run 1 at (2200.00,3120.00) startOffset 0 endOffset 11 width 87.00: "just a text"
      RenderSVGText {text} at (2300,3100) size 87x26 contains 1 chunk(s)
        RenderSVGInlineText {#text} at (0,0) size 87x26
          chunk 1 text run 1 at (2300.00,3120.00) startOffset 0 endOffset 11 width 87.00: "just a text"
      RenderSVGText {text} at (2400,3100) size 87x26 contains 1 chunk(s)
        RenderSVGInlineText {#text} at (0,0) size 87x26
          chunk 1 text run 1 at (2400.00,3120.00) startOffset 0 endOffset 11 width 87.00: "just a text"
      RenderSVGText {text} at (2500,3100) size 87x26 contains 1 chunk(s)
        RenderSVGInlineText {#text} at (0,0) size 87x26
          chunk 1 text run 1 at (2500.00,3120.00) startOffset 0 endOffset 11 width 87.00: "just a text"
      RenderSVGText {text} at (2600,3100) size 87x26 contains 1 chunk(s)
        RenderSVGInlineText {#text} at (0,0) size 87x26
          chunk 1 text run 1 at (2600.00,3120.00) startOffset 0 endOffset 11 width 87.00: "just a text"
      RenderSVGText {text} at (2700,3100) size 87x26 contains 1 chunk(s)
        RenderSVGInlineText {#text} at (0,0) size 87x26
          chunk 1 text run 1 at (2700.00,3120.00) startOffset 0 endOffset 11 width 87.00: "just a text"
      RenderSVGText {text} at (2800,3100) size 87x26 contains 1 chunk(s)
        RenderSVGInlineText {#text} at (0,0) size 87x26
          chunk 1 text run 1 at (2800.00,3120.00) startOffset 0 endOffset 11 width 87.00: "just a text"
      RenderSVGText {text} at (2900,3100) size 87x26 contains 1 chunk(s)
        RenderSVGInlineText {#text} at (0,0) size 87x26
          chunk 1 text run 1 at (2900.00,3120.00) startOffset 0 endOffset 11 width 87.00: "just a text"
      RenderSVGText {text} at (3000,3100) size 87x26 contains 1 chunk(s)
        RenderSVGInlineText {#text} at (0,0) size 87x26
          chunk 1 text run 1 at (3000.00,3120.00) startOffset 0 endOffset 11 width 87.00: "just a text"
      RenderSVGText {text} at (3100,3100) size 87x26 contains 1 chunk(s)
        RenderSVGInlineText {#text} at (0,0) size 87x26
          chunk 1 text run 1 at (3100.00,3120.00) startOffset 0 endOffset 11 width 87.00: "just a text"
      RenderSVGText {text} at (3200,3100) size 87x26 contains 1 chunk(s)
        RenderSVGInlineText {#text} at (0,0) size 87x26
          chunk 1 text run 1 at (3200.00,3120.00) startOffset 0 endOffset 11 width 87.00: "just a text"
      RenderSVGText {text} at (3300,3100) size 87x26 contains 1 chunk(s)
        RenderSVGInlineText {#text} at (0,0) size 87x26
          chunk 1 text run 1 at (3300.00,3120.00) startOffset 0 endOffset 11 width 87.00: "just a text"
      RenderSVGText {text} at (3400,3100) size 87x26 contains 1 chunk(s)
        RenderSVGInlineText {#text} at (0,0) size 87x26
          chunk 1 text run 1 at (3400.00,3120.00) startOffset 0 endOffset 11 width 87.00: "just a text"
      RenderSVGText {text} at (3500,3100) size 87x26 contains 1 chunk(s)
        RenderSVGInlineText {#text} at (0,0) size 87x26
          chunk 1 text run 1 at (3500.00,3120.00) startOffset 0 endOffset 11 width 87.00: "just a text"
      RenderSVGText {text} at (3600,3100) size 87x26 contains 1 chunk(s)
        RenderSVGInlineText {#text} at (0,0) size 87x26
          chunk 1 text run 1 at (3600.00,3120.00) startOffset 0 endOffset 11 width 87.00: "just a text"
      RenderSVGText {text} at (3700,3100) size 87x26 contains 1 chunk(s)
        RenderSVGInlineText {#text} at (0,0) size 87x26
          chunk 1 text run 1 at (3700.00,3120.00) startOffset 0 endOffset 11 width 87.00: "just a text"
      RenderSVGText {text} at (3800,3100) size 87x26 contains 1 chunk(s)
        RenderSVGInlineText {#text} at (0,0) size 87x26
          chunk 1 text run 1 at (3800.00,3120.00) startOffset 0 endOffset 11 width 87.00: "just a text"
      RenderSVGText {text} at (3900,3100) size 87x26 contains 1 chunk(s)
        RenderSVGInlineText {#text} at (0,0) size 87x26
          chunk 1 text run 1 at (3900.00,3120.00) startOffset 0 endOffset 11 width 87.00: "just a text"
      RenderSVGText {text} at (4000,3100) size 87x26 contains 1 chunk(s)
        RenderSVGInlineText {#text} at (0,0) size 87x26
          chunk 1 text run 1 at (4000.00,3120.00) startOffset 0 endOffset 11 width 87.00: "just a text"
      RenderSVGText {text} at (4100,3100) size 87x26 contains 1 chunk(s)
        RenderSVGInlineText {#text} at (0,0) size 87x26
          chunk 1 text run 1 at (4100.00,3120.00) startOffset 0 endOffset 11 width 87.00: "just a text"
      RenderSVGText {text} at (4200,3100) size 87x26 contains 1 chunk(s)
        RenderSVGInlineText {#text} at (0,0) size 87x26
          chunk 1 text run 1 at (4200.00,3120.00) startOffset 0 endOffset 11 width 87.00: "just a text"
      RenderSVGText {text} at (4300,3100) size 87x26 contains 1 chunk(s)
        RenderSVGInlineText {#text} at (0,0) size 87x26
          chunk 1 text run 1 at (4300.00,3120.00) startOffset 0 endOffset 11 width 87.00: "just a text"
      RenderSVGText {text} at (4400,3100) size 87x26 contains 1 chunk(s)
        RenderSVGInlineText {#text} at (0,0) size 87x26
          chunk 1 text run 1 at (4400.00,3120.00) startOffset 0 endOffset 11 width 87.00: "just a text"
      RenderSVGText {text} at (4500,3100) size 87x26 contains 1 chunk(s)
        RenderSVGInlineText {#text} at (0,0) size 87x26
          chunk 1 text run 1 at (4500.00,3120.00) startOffset 0 endOffset 11 width 87.00: "just a text"
      RenderSVGText {text} at (4600,3100) size 87x26 contains 1 chunk(s)
        RenderSVGInlineText {#text} at (0,0) size 87x26
          chunk 1 text run 1 at (4600.00,3120.00) startOffset 0 endOffset 11 width 87.00: "just a text"
      RenderSVGText {text} at (4700,3100) size 87x26 contains 1 chunk(s)
        RenderSVGInlineText {#text} at (0,0) size 87x26
          chunk 1 text run 1 at (4700.00,3120.00) startOffset 0 endOffset 11 width 87.00: "just a text"
      RenderSVGText {text} at (4800,3100) size 87x26 contains 1 chunk(s)
        RenderSVGInlineText {#text} at (0,0) size 87x26
          chunk 1 text run 1 at (4800.00,3120.00) startOffset 0 endOffset 11 width 87.00: "just a text"
      RenderSVGText {text} at (4900,3100) size 87x26 contains 1 chunk(s)
        RenderSVGInlineText {#text} at (0,0) size 87x26
          chunk 1 text run 1 at (4900.00,3120.00) startOffset 0 endOffset 11 width 87.00: "just a text"
      RenderSVGText {text} at (0,3200) size 87x26 contains 1 chunk(s)
        RenderSVGInlineText {#text} at (0,0) size 87x26
          chunk 1 text run 1 at (0.00,3220.00) startOffset 0 endOffset 11 width 87.00: "just a text"
      RenderSVGText {text} at (100,3200) size 87x26 contains 1 chunk(s)
        RenderSVGInlineText {#text} at (0,0) size 87x26
          chunk 1 text run 1 at (100.00,3220.00) startOffset 0 endOffset 11 width 87.00: "just a text"
      RenderSVGText {text} at (200,3200) size 87x26 contains 1 chunk(s)
        RenderSVGInlineText {#text} at (0,0) size 87x26
          chunk 1 text run 1 at (200.00,3220.00) startOffset 0 endOffset 11 width 87.00: "just a text"
      RenderSVGText {text} at (300,3200) size 87x26 contains 1 chunk(s)
        RenderSVGInlineText {#text} at (0,0) size 87x26
          chunk 1 text run 1 at (300.00,3220.00) startOffset 0 endOffset 11 width 87.00: "just a text"
      RenderSVGText {text} at (400,3200) size 87x26 contains 1 chunk(s)
        RenderSVGInlineText {#text} at (0,0) size 87x26
          chunk 1 text run 1 at (400.00,3220.00) startOffset 0 endOffset 11 width 87.00: "just a text"
      RenderSVGText {text} at (500,3200) size 87x26 contains 1 chunk(s)
        RenderSVGInlineText {#text} at (0,0) size 87x26
          chunk 1 text run 1 at (500.00,3220.00) startOffset 0 endOffset 11 width 87.00: "just a text"
      RenderSVGText {text} at (600,3200) size 87x26 contains 1 chunk(s)
        RenderSVGInlineText {#text} at (0,0) size 87x26
          chunk 1 text run 1 at (600.00,3220.00) startOffset 0 endOffset 11 width 87.00: "just a text"
      RenderSVGText {text} at (700,3200) size 87x26 contains 1 chunk(s)
        RenderSVGInlineText {#text} at (0,0) size 87x26
          chunk 1 text run 1 at (700.00,3220.00) startOffset 0 endOffset 11 width 87.00: "just a text"
      RenderSVGText {text} at (800,3200) size 87x26 contains 1 chunk(s)
        RenderSVGInlineText {#text} at (0,0) size 87x26
          chunk 1 text run 1 at (800.00,3220.00) startOffset 0 endOffset 11 width 87.00: "just a text"
      RenderSVGText {text} at (900,3200) size 87x26 contains 1 chunk(s)
        RenderSVGInlineText {#text} at (0,0) size 87x26
          chunk 1 text run 1 at (900.00,3220.00) startOffset 0 endOffset 11 width 87.00: "just a text"
      RenderSVGText {text} at (1000,3200) size 87x26 contains 1 chunk(s)
        RenderSVGInlineText {#text} at (0,0) size 87x26
          chunk 1 text run 1 at (1000.00,3220.00) startOffset 0 endOffset 11 width 87.00: "just a text"
      RenderSVGText {text} at (1100,3200) size 87x26 contains 1 chunk(s)
        RenderSVGInlineText {#text} at (0,0) size 87x26
          chunk 1 text run 1 at (1100.00,3220.00) startOffset 0 endOffset 11 width 87.00: "just a text"
      RenderSVGText {text} at (1200,3200) size 87x26 contains 1 chunk(s)
        RenderSVGInlineText {#text} at (0,0) size 87x26
          chunk 1 text run 1 at (1200.00,3220.00) startOffset 0 endOffset 11 width 87.00: "just a text"
      RenderSVGText {text} at (1300,3200) size 87x26 contains 1 chunk(s)
        RenderSVGInlineText {#text} at (0,0) size 87x26
          chunk 1 text run 1 at (1300.00,3220.00) startOffset 0 endOffset 11 width 87.00: "just a text"
      RenderSVGText {text} at (1400,3200) size 87x26 contains 1 chunk(s)
        RenderSVGInlineText {#text} at (0,0) size 87x26
          chunk 1 text run 1 at (1400.00,3220.00) startOffset 0 endOffset 11 width 87.00: "just a text"
      RenderSVGText {text} at (1500,3200) size 87x26 contains 1 chunk(s)
        RenderSVGInlineText {#text} at (0,0) size 87x26
          chunk 1 text run 1 at (1500.00,3220.00) startOffset 0 endOffset 11 width 87.00: "just a text"
      RenderSVGText {text} at (1600,3200) size 87x26 contains 1 chunk(s)
        RenderSVGInlineText {#text} at (0,0) size 87x26
          chunk 1 text run 1 at (1600.00,3220.00) startOffset 0 endOffset 11 width 87.00: "just a text"
      RenderSVGText {text} at (1700,3200) size 87x26 contains 1 chunk(s)
        RenderSVGInlineText {#text} at (0,0) size 87x26
          chunk 1 text run 1 at (1700.00,3220.00) startOffset 0 endOffset 11 width 87.00: "just a text"
      RenderSVGText {text} at (1800,3200) size 87x26 contains 1 chunk(s)
        RenderSVGInlineText {#text} at (0,0) size 87x26
          chunk 1 text run 1 at (1800.00,3220.00) startOffset 0 endOffset 11 width 87.00: "just a text"
      RenderSVGText {text} at (1900,3200) size 87x26 contains 1 chunk(s)
        RenderSVGInlineText {#text} at (0,0) size 87x26
          chunk 1 text run 1 at (1900.00,3220.00) startOffset 0 endOffset 11 width 87.00: "just a text"
      RenderSVGText {text} at (2000,3200) size 87x26 contains 1 chunk(s)
        RenderSVGInlineText {#text} at (0,0) size 87x26
          chunk 1 text run 1 at (2000.00,3220.00) startOffset 0 endOffset 11 width 87.00: "just a text"
      RenderSVGText {text} at (2100,3200) size 87x26 contains 1 chunk(s)
        RenderSVGInlineText {#text} at (0,0) size 87x26
          chunk 1 text run 1 at (2100.00,3220.00) startOffset 0 endOffset 11 width 87.00: "just a text"
      RenderSVGText {text} at (2200,3200) size 87x26 contains 1 chunk(s)
        RenderSVGInlineText {#text} at (0,0) size 87x26
          chunk 1 text run 1 at (2200.00,3220.00) startOffset 0 endOffset 11 width 87.00: "just a text"
      RenderSVGText {text} at (2300,3200) size 87x26 contains 1 chunk(s)
        RenderSVGInlineText {#text} at (0,0) size 87x26
          chunk 1 text run 1 at (2300.00,3220.00) startOffset 0 endOffset 11 width 87.00: "just a text"
      RenderSVGText {text} at (2400,3200) size 87x26 contains 1 chunk(s)
        RenderSVGInlineText {#text} at (0,0) size 87x26
          chunk 1 text run 1 at (2400.00,3220.00) startOffset 0 endOffset 11 width 87.00: "just a text"
      RenderSVGText {text} at (2500,3200) size 87x26 contains 1 chunk(s)
        RenderSVGInlineText {#text} at (0,0) size 87x26
          chunk 1 text run 1 at (2500.00,3220.00) startOffset 0 endOffset 11 width 87.00: "just a text"
      RenderSVGText {text} at (2600,3200) size 87x26 contains 1 chunk(s)
        RenderSVGInlineText {#text} at (0,0) size 87x26
          chunk 1 text run 1 at (2600.00,3220.00) startOffset 0 endOffset 11 width 87.00: "just a text"
      RenderSVGText {text} at (2700,3200) size 87x26 contains 1 chunk(s)
        RenderSVGInlineText {#text} at (0,0) size 87x26
          chunk 1 text run 1 at (2700.00,3220.00) startOffset 0 endOffset 11 width 87.00: "just a text"
      RenderSVGText {text} at (2800,3200) size 87x26 contains 1 chunk(s)
        RenderSVGInlineText {#text} at (0,0) size 87x26
          chunk 1 text run 1 at (2800.00,3220.00) startOffset 0 endOffset 11 width 87.00: "just a text"
      RenderSVGText {text} at (2900,3200) size 87x26 contains 1 chunk(s)
        RenderSVGInlineText {#text} at (0,0) size 87x26
          chunk 1 text run 1 at (2900.00,3220.00) startOffset 0 endOffset 11 width 87.00: "just a text"
      RenderSVGText {text} at (3000,3200) size 87x26 contains 1 chunk(s)
        RenderSVGInlineText {#text} at (0,0) size 87x26
          chunk 1 text run 1 at (3000.00,3220.00) startOffset 0 endOffset 11 width 87.00: "just a text"
      RenderSVGText {text} at (3100,3200) size 87x26 contains 1 chunk(s)
        RenderSVGInlineText {#text} at (0,0) size 87x26
          chunk 1 text run 1 at (3100.00,3220.00) startOffset 0 endOffset 11 width 87.00: "just a text"
      RenderSVGText {text} at (3200,3200) size 87x26 contains 1 chunk(s)
        RenderSVGInlineText {#text} at (0,0) size 87x26
          chunk 1 text run 1 at (3200.00,3220.00) startOffset 0 endOffset 11 width 87.00: "just a text"
      RenderSVGText {text} at (3300,3200) size 87x26 contains 1 chunk(s)
        RenderSVGInlineText {#text} at (0,0) size 87x26
          chunk 1 text run 1 at (3300.00,3220.00) startOffset 0 endOffset 11 width 87.00: "just a text"
      RenderSVGText {text} at (3400,3200) size 87x26 contains 1 chunk(s)
        RenderSVGInlineText {#text} at (0,0) size 87x26
          chunk 1 text run 1 at (3400.00,3220.00) startOffset 0 endOffset 11 width 87.00: "just a text"
      RenderSVGText {text} at (3500,3200) size 87x26 contains 1 chunk(s)
        RenderSVGInlineText {#text} at (0,0) size 87x26
          chunk 1 text run 1 at (3500.00,3220.00) startOffset 0 endOffset 11 width 87.00: "just a text"
      RenderSVGText {text} at (3600,3200) size 87x26 contains 1 chunk(s)
        RenderSVGInlineText {#text} at (0,0) size 87x26
          chunk 1 text run 1 at (3600.00,3220.00) startOffset 0 endOffset 11 width 87.00: "just a text"
      RenderSVGText {text} at (3700,3200) size 87x26 contains 1 chunk(s)
        RenderSVGInlineText {#text} at (0,0) size 87x26
          chunk 1 text run 1 at (3700.00,3220.00) startOffset 0 endOffset 11 width 87.00: "just a text"
      RenderSVGText {text} at (3800,3200) size 87x26 contains 1 chunk(s)
        RenderSVGInlineText {#text} at (0,0) size 87x26
          chunk 1 text run 1 at (3800.00,3220.00) startOffset 0 endOffset 11 width 87.00: "just a text"
      RenderSVGText {text} at (3900,3200) size 87x26 contains 1 chunk(s)
        RenderSVGInlineText {#text} at (0,0) size 87x26
          chunk 1 text run 1 at (3900.00,3220.00) startOffset 0 endOffset 11 width 87.00: "just a text"
      RenderSVGText {text} at (4000,3200) size 87x26 contains 1 chunk(s)
        RenderSVGInlineText {#text} at (0,0) size 87x26
          chunk 1 text run 1 at (4000.00,3220.00) startOffset 0 endOffset 11 width 87.00: "just a text"
      RenderSVGText {text} at (4100,3200) size 87x26 contains 1 chunk(s)
        RenderSVGInlineText {#text} at (0,0) size 87x26
          chunk 1 text run 1 at (4100.00,3220.00) startOffset 0 endOffset 11 width 87.00: "just a text"
      RenderSVGText {text} at (4200,3200) size 87x26 contains 1 chunk(s)
        RenderSVGInlineText {#text} at (0,0) size 87x26
          chunk 1 text run 1 at (4200.00,3220.00) startOffset 0 endOffset 11 width 87.00: "just a text"
      RenderSVGText {text} at (4300,3200) size 87x26 contains 1 chunk(s)
        RenderSVGInlineText {#text} at (0,0) size 87x26
          chunk 1 text run 1 at (4300.00,3220.00) startOffset 0 endOffset 11 width 87.00: "just a text"
      RenderSVGText {text} at (4400,3200) size 87x26 contains 1 chunk(s)
        RenderSVGInlineText {#text} at (0,0) size 87x26
          chunk 1 text run 1 at (4400.00,3220.00) startOffset 0 endOffset 11 width 87.00: "just a text"
      RenderSVGText {text} at (4500,3200) size 87x26 contains 1 chunk(s)
        RenderSVGInlineText {#text} at (0,0) size 87x26
          chunk 1 text run 1 at (4500.00,3220.00) startOffset 0 endOffset 11 width 87.00: "just a text"
      RenderSVGText {text} at (4600,3200) size 87x26 contains 1 chunk(s)
        RenderSVGInlineText {#text} at (0,0) size 87x26
          chunk 1 text run 1 at (4600.00,3220.00) startOffset 0 endOffset 11 width 87.00: "just a text"
      RenderSVGText {text} at (4700,3200) size 87x26 contains 1 chunk(s)
        RenderSVGInlineText {#text} at (0,0) size 87x26
          chunk 1 text run 1 at (4700.00,3220.00) startOffset 0 endOffset 11 width 87.00: "just a text"
      RenderSVGText {text} at (4800,3200) size 87x26 contains 1 chunk(s)
        RenderSVGInlineText {#text} at (0,0) size 87x26
          chunk 1 text run 1 at (4800.00,3220.00) startOffset 0 endOffset 11 width 87.00: "just a text"
      RenderSVGText {text} at (4900,3200) size 87x26 contains 1 chunk(s)
        RenderSVGInlineText {#text} at (0,0) size 87x26
          chunk 1 text run 1 at (4900.00,3220.00) startOffset 0 endOffset 11 width 87.00: "just a text"
      RenderSVGText {text} at (0,3300) size 87x26 contains 1 chunk(s)
        RenderSVGInlineText {#text} at (0,0) size 87x26
          chunk 1 text run 1 at (0.00,3320.00) startOffset 0 endOffset 11 width 87.00: "just a text"
      RenderSVGText {text} at (100,3300) size 87x26 contains 1 chunk(s)
        RenderSVGInlineText {#text} at (0,0) size 87x26
          chunk 1 text run 1 at (100.00,3320.00) startOffset 0 endOffset 11 width 87.00: "just a text"
      RenderSVGText {text} at (200,3300) size 87x26 contains 1 chunk(s)
        RenderSVGInlineText {#text} at (0,0) size 87x26
          chunk 1 text run 1 at (200.00,3320.00) startOffset 0 endOffset 11 width 87.00: "just a text"
      RenderSVGText {text} at (300,3300) size 87x26 contains 1 chunk(s)
        RenderSVGInlineText {#text} at (0,0) size 87x26
          chunk 1 text run 1 at (300.00,3320.00) startOffset 0 endOffset 11 width 87.00: "just a text"
      RenderSVGText {text} at (400,3300) size 87x26 contains 1 chunk(s)
        RenderSVGInlineText {#text} at (0,0) size 87x26
          chunk 1 text run 1 at (400.00,3320.00) startOffset 0 endOffset 11 width 87.00: "just a text"
      RenderSVGText {text} at (500,3300) size 87x26 contains 1 chunk(s)
        RenderSVGInlineText {#text} at (0,0) size 87x26
          chunk 1 text run 1 at (500.00,3320.00) startOffset 0 endOffset 11 width 87.00: "just a text"
      RenderSVGText {text} at (600,3300) size 87x26 contains 1 chunk(s)
        RenderSVGInlineText {#text} at (0,0) size 87x26
          chunk 1 text run 1 at (600.00,3320.00) startOffset 0 endOffset 11 width 87.00: "just a text"
      RenderSVGText {text} at (700,3300) size 87x26 contains 1 chunk(s)
        RenderSVGInlineText {#text} at (0,0) size 87x26
          chunk 1 text run 1 at (700.00,3320.00) startOffset 0 endOffset 11 width 87.00: "just a text"
      RenderSVGText {text} at (800,3300) size 87x26 contains 1 chunk(s)
        RenderSVGInlineText {#text} at (0,0) size 87x26
          chunk 1 text run 1 at (800.00,3320.00) startOffset 0 endOffset 11 width 87.00: "just a text"
      RenderSVGText {text} at (900,3300) size 87x26 contains 1 chunk(s)
        RenderSVGInlineText {#text} at (0,0) size 87x26
          chunk 1 text run 1 at (900.00,3320.00) startOffset 0 endOffset 11 width 87.00: "just a text"
      RenderSVGText {text} at (1000,3300) size 87x26 contains 1 chunk(s)
        RenderSVGInlineText {#text} at (0,0) size 87x26
          chunk 1 text run 1 at (1000.00,3320.00) startOffset 0 endOffset 11 width 87.00: "just a text"
      RenderSVGText {text} at (1100,3300) size 87x26 contains 1 chunk(s)
        RenderSVGInlineText {#text} at (0,0) size 87x26
          chunk 1 text run 1 at (1100.00,3320.00) startOffset 0 endOffset 11 width 87.00: "just a text"
      RenderSVGText {text} at (1200,3300) size 87x26 contains 1 chunk(s)
        RenderSVGInlineText {#text} at (0,0) size 87x26
          chunk 1 text run 1 at (1200.00,3320.00) startOffset 0 endOffset 11 width 87.00: "just a text"
      RenderSVGText {text} at (1300,3300) size 87x26 contains 1 chunk(s)
        RenderSVGInlineText {#text} at (0,0) size 87x26
          chunk 1 text run 1 at (1300.00,3320.00) startOffset 0 endOffset 11 width 87.00: "just a text"
      RenderSVGText {text} at (1400,3300) size 87x26 contains 1 chunk(s)
        RenderSVGInlineText {#text} at (0,0) size 87x26
          chunk 1 text run 1 at (1400.00,3320.00) startOffset 0 endOffset 11 width 87.00: "just a text"
      RenderSVGText {text} at (1500,3300) size 87x26 contains 1 chunk(s)
        RenderSVGInlineText {#text} at (0,0) size 87x26
          chunk 1 text run 1 at (1500.00,3320.00) startOffset 0 endOffset 11 width 87.00: "just a text"
      RenderSVGText {text} at (1600,3300) size 87x26 contains 1 chunk(s)
        RenderSVGInlineText {#text} at (0,0) size 87x26
          chunk 1 text run 1 at (1600.00,3320.00) startOffset 0 endOffset 11 width 87.00: "just a text"
      RenderSVGText {text} at (1700,3300) size 87x26 contains 1 chunk(s)
        RenderSVGInlineText {#text} at (0,0) size 87x26
          chunk 1 text run 1 at (1700.00,3320.00) startOffset 0 endOffset 11 width 87.00: "just a text"
      RenderSVGText {text} at (1800,3300) size 87x26 contains 1 chunk(s)
        RenderSVGInlineText {#text} at (0,0) size 87x26
          chunk 1 text run 1 at (1800.00,3320.00) startOffset 0 endOffset 11 width 87.00: "just a text"
      RenderSVGText {text} at (1900,3300) size 87x26 contains 1 chunk(s)
        RenderSVGInlineText {#text} at (0,0) size 87x26
          chunk 1 text run 1 at (1900.00,3320.00) startOffset 0 endOffset 11 width 87.00: "just a text"
      RenderSVGText {text} at (2000,3300) size 87x26 contains 1 chunk(s)
        RenderSVGInlineText {#text} at (0,0) size 87x26
          chunk 1 text run 1 at (2000.00,3320.00) startOffset 0 endOffset 11 width 87.00: "just a text"
      RenderSVGText {text} at (2100,3300) size 87x26 contains 1 chunk(s)
        RenderSVGInlineText {#text} at (0,0) size 87x26
          chunk 1 text run 1 at (2100.00,3320.00) startOffset 0 endOffset 11 width 87.00: "just a text"
      RenderSVGText {text} at (2200,3300) size 87x26 contains 1 chunk(s)
        RenderSVGInlineText {#text} at (0,0) size 87x26
          chunk 1 text run 1 at (2200.00,3320.00) startOffset 0 endOffset 11 width 87.00: "just a text"
      RenderSVGText {text} at (2300,3300) size 87x26 contains 1 chunk(s)
        RenderSVGInlineText {#text} at (0,0) size 87x26
          chunk 1 text run 1 at (2300.00,3320.00) startOffset 0 endOffset 11 width 87.00: "just a text"
      RenderSVGText {text} at (2400,3300) size 87x26 contains 1 chunk(s)
        RenderSVGInlineText {#text} at (0,0) size 87x26
          chunk 1 text run 1 at (2400.00,3320.00) startOffset 0 endOffset 11 width 87.00: "just a text"
      RenderSVGText {text} at (2500,3300) size 87x26 contains 1 chunk(s)
        RenderSVGInlineText {#text} at (0,0) size 87x26
          chunk 1 text run 1 at (2500.00,3320.00) startOffset 0 endOffset 11 width 87.00: "just a text"
      RenderSVGText {text} at (2600,3300) size 87x26 contains 1 chunk(s)
        RenderSVGInlineText {#text} at (0,0) size 87x26
          chunk 1 text run 1 at (2600.00,3320.00) startOffset 0 endOffset 11 width 87.00: "just a text"
      RenderSVGText {text} at (2700,3300) size 87x26 contains 1 chunk(s)
        RenderSVGInlineText {#text} at (0,0) size 87x26
          chunk 1 text run 1 at (2700.00,3320.00) startOffset 0 endOffset 11 width 87.00: "just a text"
      RenderSVGText {text} at (2800,3300) size 87x26 contains 1 chunk(s)
        RenderSVGInlineText {#text} at (0,0) size 87x26
          chunk 1 text run 1 at (2800.00,3320.00) startOffset 0 endOffset 11 width 87.00: "just a text"
      RenderSVGText {text} at (2900,3300) size 87x26 contains 1 chunk(s)
        RenderSVGInlineText {#text} at (0,0) size 87x26
          chunk 1 text run 1 at (2900.00,3320.00) startOffset 0 endOffset 11 width 87.00: "just a text"
      RenderSVGText {text} at (3000,3300) size 87x26 contains 1 chunk(s)
        RenderSVGInlineText {#text} at (0,0) size 87x26
          chunk 1 text run 1 at (3000.00,3320.00) startOffset 0 endOffset 11 width 87.00: "just a text"
      RenderSVGText {text} at (3100,3300) size 87x26 contains 1 chunk(s)
        RenderSVGInlineText {#text} at (0,0) size 87x26
          chunk 1 text run 1 at (3100.00,3320.00) startOffset 0 endOffset 11 width 87.00: "just a text"
      RenderSVGText {text} at (3200,3300) size 87x26 contains 1 chunk(s)
        RenderSVGInlineText {#text} at (0,0) size 87x26
          chunk 1 text run 1 at (3200.00,3320.00) startOffset 0 endOffset 11 width 87.00: "just a text"
      RenderSVGText {text} at (3300,3300) size 87x26 contains 1 chunk(s)
        RenderSVGInlineText {#text} at (0,0) size 87x26
          chunk 1 text run 1 at (3300.00,3320.00) startOffset 0 endOffset 11 width 87.00: "just a text"
      RenderSVGText {text} at (3400,3300) size 87x26 contains 1 chunk(s)
        RenderSVGInlineText {#text} at (0,0) size 87x26
          chunk 1 text run 1 at (3400.00,3320.00) startOffset 0 endOffset 11 width 87.00: "just a text"
      RenderSVGText {text} at (3500,3300) size 87x26 contains 1 chunk(s)
        RenderSVGInlineText {#text} at (0,0) size 87x26
          chunk 1 text run 1 at (3500.00,3320.00) startOffset 0 endOffset 11 width 87.00: "just a text"
      RenderSVGText {text} at (3600,3300) size 87x26 contains 1 chunk(s)
        RenderSVGInlineText {#text} at (0,0) size 87x26
          chunk 1 text run 1 at (3600.00,3320.00) startOffset 0 endOffset 11 width 87.00: "just a text"
      RenderSVGText {text} at (3700,3300) size 87x26 contains 1 chunk(s)
        RenderSVGInlineText {#text} at (0,0) size 87x26
          chunk 1 text run 1 at (3700.00,3320.00) startOffset 0 endOffset 11 width 87.00: "just a text"
      RenderSVGText {text} at (3800,3300) size 87x26 contains 1 chunk(s)
        RenderSVGInlineText {#text} at (0,0) size 87x26
          chunk 1 text run 1 at (3800.00,3320.00) startOffset 0 endOffset 11 width 87.00: "just a text"
      RenderSVGText {text} at (3900,3300) size 87x26 contains 1 chunk(s)
        RenderSVGInlineText {#text} at (0,0) size 87x26
          chunk 1 text run 1 at (3900.00,3320.00) startOffset 0 endOffset 11 width 87.00: "just a text"
      RenderSVGText {text} at (4000,3300) size 87x26 contains 1 chunk(s)
        RenderSVGInlineText {#text} at (0,0) size 87x26
          chunk 1 text run 1 at (4000.00,3320.00) startOffset 0 endOffset 11 width 87.00: "just a text"
      RenderSVGText {text} at (4100,3300) size 87x26 contains 1 chunk(s)
        RenderSVGInlineText {#text} at (0,0) size 87x26
          chunk 1 text run 1 at (4100.00,3320.00) startOffset 0 endOffset 11 width 87.00: "just a text"
      RenderSVGText {text} at (4200,3300) size 87x26 contains 1 chunk(s)
        RenderSVGInlineText {#text} at (0,0) size 87x26
          chunk 1 text run 1 at (4200.00,3320.00) startOffset 0 endOffset 11 width 87.00: "just a text"
      RenderSVGText {text} at (4300,3300) size 87x26 contains 1 chunk(s)
        RenderSVGInlineText {#text} at (0,0) size 87x26
          chunk 1 text run 1 at (4300.00,3320.00) startOffset 0 endOffset 11 width 87.00: "just a text"
      RenderSVGText {text} at (4400,3300) size 87x26 contains 1 chunk(s)
        RenderSVGInlineText {#text} at (0,0) size 87x26
          chunk 1 text run 1 at (4400.00,3320.00) startOffset 0 endOffset 11 width 87.00: "just a text"
      RenderSVGText {text} at (4500,3300) size 87x26 contains 1 chunk(s)
        RenderSVGInlineText {#text} at (0,0) size 87x26
          chunk 1 text run 1 at (4500.00,3320.00) startOffset 0 endOffset 11 width 87.00: "just a text"
      RenderSVGText {text} at (4600,3300) size 87x26 contains 1 chunk(s)
        RenderSVGInlineText {#text} at (0,0) size 87x26
          chunk 1 text run 1 at (4600.00,3320.00) startOffset 0 endOffset 11 width 87.00: "just a text"
      RenderSVGText {text} at (4700,3300) size 87x26 contains 1 chunk(s)
        RenderSVGInlineText {#text} at (0,0) size 87x26
          chunk 1 text run 1 at (4700.00,3320.00) startOffset 0 endOffset 11 width 87.00: "just a text"
      RenderSVGText {text} at (4800,3300) size 87x26 contains 1 chunk(s)
        RenderSVGInlineText {#text} at (0,0) size 87x26
          chunk 1 text run 1 at (4800.00,3320.00) startOffset 0 endOffset 11 width 87.00: "just a text"
      RenderSVGText {text} at (4900,3300) size 87x26 contains 1 chunk(s)
        RenderSVGInlineText {#text} at (0,0) size 87x26
          chunk 1 text run 1 at (4900.00,3320.00) startOffset 0 endOffset 11 width 87.00: "just a text"
      RenderSVGText {text} at (0,3400) size 87x26 contains 1 chunk(s)
        RenderSVGInlineText {#text} at (0,0) size 87x26
          chunk 1 text run 1 at (0.00,3420.00) startOffset 0 endOffset 11 width 87.00: "just a text"
      RenderSVGText {text} at (100,3400) size 87x26 contains 1 chunk(s)
        RenderSVGInlineText {#text} at (0,0) size 87x26
          chunk 1 text run 1 at (100.00,3420.00) startOffset 0 endOffset 11 width 87.00: "just a text"
      RenderSVGText {text} at (200,3400) size 87x26 contains 1 chunk(s)
        RenderSVGInlineText {#text} at (0,0) size 87x26
          chunk 1 text run 1 at (200.00,3420.00) startOffset 0 endOffset 11 width 87.00: "just a text"
      RenderSVGText {text} at (300,3400) size 87x26 contains 1 chunk(s)
        RenderSVGInlineText {#text} at (0,0) size 87x26
          chunk 1 text run 1 at (300.00,3420.00) startOffset 0 endOffset 11 width 87.00: "just a text"
      RenderSVGText {text} at (400,3400) size 87x26 contains 1 chunk(s)
        RenderSVGInlineText {#text} at (0,0) size 87x26
          chunk 1 text run 1 at (400.00,3420.00) startOffset 0 endOffset 11 width 87.00: "just a text"
      RenderSVGText {text} at (500,3400) size 87x26 contains 1 chunk(s)
        RenderSVGInlineText {#text} at (0,0) size 87x26
          chunk 1 text run 1 at (500.00,3420.00) startOffset 0 endOffset 11 width 87.00: "just a text"
      RenderSVGText {text} at (600,3400) size 87x26 contains 1 chunk(s)
        RenderSVGInlineText {#text} at (0,0) size 87x26
          chunk 1 text run 1 at (600.00,3420.00) startOffset 0 endOffset 11 width 87.00: "just a text"
      RenderSVGText {text} at (700,3400) size 87x26 contains 1 chunk(s)
        RenderSVGInlineText {#text} at (0,0) size 87x26
          chunk 1 text run 1 at (700.00,3420.00) startOffset 0 endOffset 11 width 87.00: "just a text"
      RenderSVGText {text} at (800,3400) size 87x26 contains 1 chunk(s)
        RenderSVGInlineText {#text} at (0,0) size 87x26
          chunk 1 text run 1 at (800.00,3420.00) startOffset 0 endOffset 11 width 87.00: "just a text"
      RenderSVGText {text} at (900,3400) size 87x26 contains 1 chunk(s)
        RenderSVGInlineText {#text} at (0,0) size 87x26
          chunk 1 text run 1 at (900.00,3420.00) startOffset 0 endOffset 11 width 87.00: "just a text"
      RenderSVGText {text} at (1000,3400) size 87x26 contains 1 chunk(s)
        RenderSVGInlineText {#text} at (0,0) size 87x26
          chunk 1 text run 1 at (1000.00,3420.00) startOffset 0 endOffset 11 width 87.00: "just a text"
      RenderSVGText {text} at (1100,3400) size 87x26 contains 1 chunk(s)
        RenderSVGInlineText {#text} at (0,0) size 87x26
          chunk 1 text run 1 at (1100.00,3420.00) startOffset 0 endOffset 11 width 87.00: "just a text"
      RenderSVGText {text} at (1200,3400) size 87x26 contains 1 chunk(s)
        RenderSVGInlineText {#text} at (0,0) size 87x26
          chunk 1 text run 1 at (1200.00,3420.00) startOffset 0 endOffset 11 width 87.00: "just a text"
      RenderSVGText {text} at (1300,3400) size 87x26 contains 1 chunk(s)
        RenderSVGInlineText {#text} at (0,0) size 87x26
          chunk 1 text run 1 at (1300.00,3420.00) startOffset 0 endOffset 11 width 87.00: "just a text"
      RenderSVGText {text} at (1400,3400) size 87x26 contains 1 chunk(s)
        RenderSVGInlineText {#text} at (0,0) size 87x26
          chunk 1 text run 1 at (1400.00,3420.00) startOffset 0 endOffset 11 width 87.00: "just a text"
      RenderSVGText {text} at (1500,3400) size 87x26 contains 1 chunk(s)
        RenderSVGInlineText {#text} at (0,0) size 87x26
          chunk 1 text run 1 at (1500.00,3420.00) startOffset 0 endOffset 11 width 87.00: "just a text"
      RenderSVGText {text} at (1600,3400) size 87x26 contains 1 chunk(s)
        RenderSVGInlineText {#text} at (0,0) size 87x26
          chunk 1 text run 1 at (1600.00,3420.00) startOffset 0 endOffset 11 width 87.00: "just a text"
      RenderSVGText {text} at (1700,3400) size 87x26 contains 1 chunk(s)
        RenderSVGInlineText {#text} at (0,0) size 87x26
          chunk 1 text run 1 at (1700.00,3420.00) startOffset 0 endOffset 11 width 87.00: "just a text"
      RenderSVGText {text} at (1800,3400) size 87x26 contains 1 chunk(s)
        RenderSVGInlineText {#text} at (0,0) size 87x26
          chunk 1 text run 1 at (1800.00,3420.00) startOffset 0 endOffset 11 width 87.00: "just a text"
      RenderSVGText {text} at (1900,3400) size 87x26 contains 1 chunk(s)
        RenderSVGInlineText {#text} at (0,0) size 87x26
          chunk 1 text run 1 at (1900.00,3420.00) startOffset 0 endOffset 11 width 87.00: "just a text"
      RenderSVGText {text} at (2000,3400) size 87x26 contains 1 chunk(s)
        RenderSVGInlineText {#text} at (0,0) size 87x26
          chunk 1 text run 1 at (2000.00,3420.00) startOffset 0 endOffset 11 width 87.00: "just a text"
      RenderSVGText {text} at (2100,3400) size 87x26 contains 1 chunk(s)
        RenderSVGInlineText {#text} at (0,0) size 87x26
          chunk 1 text run 1 at (2100.00,3420.00) startOffset 0 endOffset 11 width 87.00: "just a text"
      RenderSVGText {text} at (2200,3400) size 87x26 contains 1 chunk(s)
        RenderSVGInlineText {#text} at (0,0) size 87x26
          chunk 1 text run 1 at (2200.00,3420.00) startOffset 0 endOffset 11 width 87.00: "just a text"
      RenderSVGText {text} at (2300,3400) size 87x26 contains 1 chunk(s)
        RenderSVGInlineText {#text} at (0,0) size 87x26
          chunk 1 text run 1 at (2300.00,3420.00) startOffset 0 endOffset 11 width 87.00: "just a text"
      RenderSVGText {text} at (2400,3400) size 87x26 contains 1 chunk(s)
        RenderSVGInlineText {#text} at (0,0) size 87x26
          chunk 1 text run 1 at (2400.00,3420.00) startOffset 0 endOffset 11 width 87.00: "just a text"
      RenderSVGText {text} at (2500,3400) size 87x26 contains 1 chunk(s)
        RenderSVGInlineText {#text} at (0,0) size 87x26
          chunk 1 text run 1 at (2500.00,3420.00) startOffset 0 endOffset 11 width 87.00: "just a text"
      RenderSVGText {text} at (2600,3400) size 87x26 contains 1 chunk(s)
        RenderSVGInlineText {#text} at (0,0) size 87x26
          chunk 1 text run 1 at (2600.00,3420.00) startOffset 0 endOffset 11 width 87.00: "just a text"
      RenderSVGText {text} at (2700,3400) size 87x26 contains 1 chunk(s)
        RenderSVGInlineText {#text} at (0,0) size 87x26
          chunk 1 text run 1 at (2700.00,3420.00) startOffset 0 endOffset 11 width 87.00: "just a text"
      RenderSVGText {text} at (2800,3400) size 87x26 contains 1 chunk(s)
        RenderSVGInlineText {#text} at (0,0) size 87x26
          chunk 1 text run 1 at (2800.00,3420.00) startOffset 0 endOffset 11 width 87.00: "just a text"
      RenderSVGText {text} at (2900,3400) size 87x26 contains 1 chunk(s)
        RenderSVGInlineText {#text} at (0,0) size 87x26
          chunk 1 text run 1 at (2900.00,3420.00) startOffset 0 endOffset 11 width 87.00: "just a text"
      RenderSVGText {text} at (3000,3400) size 87x26 contains 1 chunk(s)
        RenderSVGInlineText {#text} at (0,0) size 87x26
          chunk 1 text run 1 at (3000.00,3420.00) startOffset 0 endOffset 11 width 87.00: "just a text"
      RenderSVGText {text} at (3100,3400) size 87x26 contains 1 chunk(s)
        RenderSVGInlineText {#text} at (0,0) size 87x26
          chunk 1 text run 1 at (3100.00,3420.00) startOffset 0 endOffset 11 width 87.00: "just a text"
      RenderSVGText {text} at (3200,3400) size 87x26 contains 1 chunk(s)
        RenderSVGInlineText {#text} at (0,0) size 87x26
          chunk 1 text run 1 at (3200.00,3420.00) startOffset 0 endOffset 11 width 87.00: "just a text"
      RenderSVGText {text} at (3300,3400) size 87x26 contains 1 chunk(s)
        RenderSVGInlineText {#text} at (0,0) size 87x26
          chunk 1 text run 1 at (3300.00,3420.00) startOffset 0 endOffset 11 width 87.00: "just a text"
      RenderSVGText {text} at (3400,3400) size 87x26 contains 1 chunk(s)
        RenderSVGInlineText {#text} at (0,0) size 87x26
          chunk 1 text run 1 at (3400.00,3420.00) startOffset 0 endOffset 11 width 87.00: "just a text"
      RenderSVGText {text} at (3500,3400) size 87x26 contains 1 chunk(s)
        RenderSVGInlineText {#text} at (0,0) size 87x26
          chunk 1 text run 1 at (3500.00,3420.00) startOffset 0 endOffset 11 width 87.00: "just a text"
      RenderSVGText {text} at (3600,3400) size 87x26 contains 1 chunk(s)
        RenderSVGInlineText {#text} at (0,0) size 87x26
          chunk 1 text run 1 at (3600.00,3420.00) startOffset 0 endOffset 11 width 87.00: "just a text"
      RenderSVGText {text} at (3700,3400) size 87x26 contains 1 chunk(s)
        RenderSVGInlineText {#text} at (0,0) size 87x26
          chunk 1 text run 1 at (3700.00,3420.00) startOffset 0 endOffset 11 width 87.00: "just a text"
      RenderSVGText {text} at (3800,3400) size 87x26 contains 1 chunk(s)
        RenderSVGInlineText {#text} at (0,0) size 87x26
          chunk 1 text run 1 at (3800.00,3420.00) startOffset 0 endOffset 11 width 87.00: "just a text"
      RenderSVGText {text} at (3900,3400) size 87x26 contains 1 chunk(s)
        RenderSVGInlineText {#text} at (0,0) size 87x26
          chunk 1 text run 1 at (3900.00,3420.00) startOffset 0 endOffset 11 width 87.00: "just a text"
      RenderSVGText {text} at (4000,3400) size 87x26 contains 1 chunk(s)
        RenderSVGInlineText {#text} at (0,0) size 87x26
          chunk 1 text run 1 at (4000.00,3420.00) startOffset 0 endOffset 11 width 87.00: "just a text"
      RenderSVGText {text} at (4100,3400) size 87x26 contains 1 chunk(s)
        RenderSVGInlineText {#text} at (0,0) size 87x26
          chunk 1 text run 1 at (4100.00,3420.00) startOffset 0 endOffset 11 width 87.00: "just a text"
      RenderSVGText {text} at (4200,3400) size 87x26 contains 1 chunk(s)
        RenderSVGInlineText {#text} at (0,0) size 87x26
          chunk 1 text run 1 at (4200.00,3420.00) startOffset 0 endOffset 11 width 87.00: "just a text"
      RenderSVGText {text} at (4300,3400) size 87x26 contains 1 chunk(s)
        RenderSVGInlineText {#text} at (0,0) size 87x26
          chunk 1 text run 1 at (4300.00,3420.00) startOffset 0 endOffset 11 width 87.00: "just a text"
      RenderSVGText {text} at (4400,3400) size 87x26 contains 1 chunk(s)
        RenderSVGInlineText {#text} at (0,0) size 87x26
          chunk 1 text run 1 at (4400.00,3420.00) startOffset 0 endOffset 11 width 87.00: "just a text"
      RenderSVGText {text} at (4500,3400) size 87x26 contains 1 chunk(s)
        RenderSVGInlineText {#text} at (0,0) size 87x26
          chunk 1 text run 1 at (4500.00,3420.00) startOffset 0 endOffset 11 width 87.00: "just a text"
      RenderSVGText {text} at (4600,3400) size 87x26 contains 1 chunk(s)
        RenderSVGInlineText {#text} at (0,0) size 87x26
          chunk 1 text run 1 at (4600.00,3420.00) startOffset 0 endOffset 11 width 87.00: "just a text"
      RenderSVGText {text} at (4700,3400) size 87x26 contains 1 chunk(s)
        RenderSVGInlineText {#text} at (0,0) size 87x26
          chunk 1 text run 1 at (4700.00,3420.00) startOffset 0 endOffset 11 width 87.00: "just a text"
      RenderSVGText {text} at (4800,3400) size 87x26 contains 1 chunk(s)
        RenderSVGInlineText {#text} at (0,0) size 87x26
          chunk 1 text run 1 at (4800.00,3420.00) startOffset 0 endOffset 11 width 87.00: "just a text"
      RenderSVGText {text} at (4900,3400) size 87x26 contains 1 chunk(s)
        RenderSVGInlineText {#text} at (0,0) size 87x26
          chunk 1 text run 1 at (4900.00,3420.00) startOffset 0 endOffset 11 width 87.00: "just a text"
      RenderSVGText {text} at (0,3500) size 87x26 contains 1 chunk(s)
        RenderSVGInlineText {#text} at (0,0) size 87x26
          chunk 1 text run 1 at (0.00,3520.00) startOffset 0 endOffset 11 width 87.00: "just a text"
      RenderSVGText {text} at (100,3500) size 87x26 contains 1 chunk(s)
        RenderSVGInlineText {#text} at (0,0) size 87x26
          chunk 1 text run 1 at (100.00,3520.00) startOffset 0 endOffset 11 width 87.00: "just a text"
      RenderSVGText {text} at (200,3500) size 87x26 contains 1 chunk(s)
        RenderSVGInlineText {#text} at (0,0) size 87x26
          chunk 1 text run 1 at (200.00,3520.00) startOffset 0 endOffset 11 width 87.00: "just a text"
      RenderSVGText {text} at (300,3500) size 87x26 contains 1 chunk(s)
        RenderSVGInlineText {#text} at (0,0) size 87x26
          chunk 1 text run 1 at (300.00,3520.00) startOffset 0 endOffset 11 width 87.00: "just a text"
      RenderSVGText {text} at (400,3500) size 87x26 contains 1 chunk(s)
        RenderSVGInlineText {#text} at (0,0) size 87x26
          chunk 1 text run 1 at (400.00,3520.00) startOffset 0 endOffset 11 width 87.00: "just a text"
      RenderSVGText {text} at (500,3500) size 87x26 contains 1 chunk(s)
        RenderSVGInlineText {#text} at (0,0) size 87x26
          chunk 1 text run 1 at (500.00,3520.00) startOffset 0 endOffset 11 width 87.00: "just a text"
      RenderSVGText {text} at (600,3500) size 87x26 contains 1 chunk(s)
        RenderSVGInlineText {#text} at (0,0) size 87x26
          chunk 1 text run 1 at (600.00,3520.00) startOffset 0 endOffset 11 width 87.00: "just a text"
      RenderSVGText {text} at (700,3500) size 87x26 contains 1 chunk(s)
        RenderSVGInlineText {#text} at (0,0) size 87x26
          chunk 1 text run 1 at (700.00,3520.00) startOffset 0 endOffset 11 width 87.00: "just a text"
      RenderSVGText {text} at (800,3500) size 87x26 contains 1 chunk(s)
        RenderSVGInlineText {#text} at (0,0) size 87x26
          chunk 1 text run 1 at (800.00,3520.00) startOffset 0 endOffset 11 width 87.00: "just a text"
      RenderSVGText {text} at (900,3500) size 87x26 contains 1 chunk(s)
        RenderSVGInlineText {#text} at (0,0) size 87x26
          chunk 1 text run 1 at (900.00,3520.00) startOffset 0 endOffset 11 width 87.00: "just a text"
      RenderSVGText {text} at (1000,3500) size 87x26 contains 1 chunk(s)
        RenderSVGInlineText {#text} at (0,0) size 87x26
          chunk 1 text run 1 at (1000.00,3520.00) startOffset 0 endOffset 11 width 87.00: "just a text"
      RenderSVGText {text} at (1100,3500) size 87x26 contains 1 chunk(s)
        RenderSVGInlineText {#text} at (0,0) size 87x26
          chunk 1 text run 1 at (1100.00,3520.00) startOffset 0 endOffset 11 width 87.00: "just a text"
      RenderSVGText {text} at (1200,3500) size 87x26 contains 1 chunk(s)
        RenderSVGInlineText {#text} at (0,0) size 87x26
          chunk 1 text run 1 at (1200.00,3520.00) startOffset 0 endOffset 11 width 87.00: "just a text"
      RenderSVGText {text} at (1300,3500) size 87x26 contains 1 chunk(s)
        RenderSVGInlineText {#text} at (0,0) size 87x26
          chunk 1 text run 1 at (1300.00,3520.00) startOffset 0 endOffset 11 width 87.00: "just a text"
      RenderSVGText {text} at (1400,3500) size 87x26 contains 1 chunk(s)
        RenderSVGInlineText {#text} at (0,0) size 87x26
          chunk 1 text run 1 at (1400.00,3520.00) startOffset 0 endOffset 11 width 87.00: "just a text"
      RenderSVGText {text} at (1500,3500) size 87x26 contains 1 chunk(s)
        RenderSVGInlineText {#text} at (0,0) size 87x26
          chunk 1 text run 1 at (1500.00,3520.00) startOffset 0 endOffset 11 width 87.00: "just a text"
      RenderSVGText {text} at (1600,3500) size 87x26 contains 1 chunk(s)
        RenderSVGInlineText {#text} at (0,0) size 87x26
          chunk 1 text run 1 at (1600.00,3520.00) startOffset 0 endOffset 11 width 87.00: "just a text"
      RenderSVGText {text} at (1700,3500) size 87x26 contains 1 chunk(s)
        RenderSVGInlineText {#text} at (0,0) size 87x26
          chunk 1 text run 1 at (1700.00,3520.00) startOffset 0 endOffset 11 width 87.00: "just a text"
      RenderSVGText {text} at (1800,3500) size 87x26 contains 1 chunk(s)
        RenderSVGInlineText {#text} at (0,0) size 87x26
          chunk 1 text run 1 at (1800.00,3520.00) startOffset 0 endOffset 11 width 87.00: "just a text"
      RenderSVGText {text} at (1900,3500) size 87x26 contains 1 chunk(s)
        RenderSVGInlineText {#text} at (0,0) size 87x26
          chunk 1 text run 1 at (1900.00,3520.00) startOffset 0 endOffset 11 width 87.00: "just a text"
      RenderSVGText {text} at (2000,3500) size 87x26 contains 1 chunk(s)
        RenderSVGInlineText {#text} at (0,0) size 87x26
          chunk 1 text run 1 at (2000.00,3520.00) startOffset 0 endOffset 11 width 87.00: "just a text"
      RenderSVGText {text} at (2100,3500) size 87x26 contains 1 chunk(s)
        RenderSVGInlineText {#text} at (0,0) size 87x26
          chunk 1 text run 1 at (2100.00,3520.00) startOffset 0 endOffset 11 width 87.00: "just a text"
      RenderSVGText {text} at (2200,3500) size 87x26 contains 1 chunk(s)
        RenderSVGInlineText {#text} at (0,0) size 87x26
          chunk 1 text run 1 at (2200.00,3520.00) startOffset 0 endOffset 11 width 87.00: "just a text"
      RenderSVGText {text} at (2300,3500) size 87x26 contains 1 chunk(s)
        RenderSVGInlineText {#text} at (0,0) size 87x26
          chunk 1 text run 1 at (2300.00,3520.00) startOffset 0 endOffset 11 width 87.00: "just a text"
      RenderSVGText {text} at (2400,3500) size 87x26 contains 1 chunk(s)
        RenderSVGInlineText {#text} at (0,0) size 87x26
          chunk 1 text run 1 at (2400.00,3520.00) startOffset 0 endOffset 11 width 87.00: "just a text"
      RenderSVGText {text} at (2500,3500) size 87x26 contains 1 chunk(s)
        RenderSVGInlineText {#text} at (0,0) size 87x26
          chunk 1 text run 1 at (2500.00,3520.00) startOffset 0 endOffset 11 width 87.00: "just a text"
      RenderSVGText {text} at (2600,3500) size 87x26 contains 1 chunk(s)
        RenderSVGInlineText {#text} at (0,0) size 87x26
          chunk 1 text run 1 at (2600.00,3520.00) startOffset 0 endOffset 11 width 87.00: "just a text"
      RenderSVGText {text} at (2700,3500) size 87x26 contains 1 chunk(s)
        RenderSVGInlineText {#text} at (0,0) size 87x26
          chunk 1 text run 1 at (2700.00,3520.00) startOffset 0 endOffset 11 width 87.00: "just a text"
      RenderSVGText {text} at (2800,3500) size 87x26 contains 1 chunk(s)
        RenderSVGInlineText {#text} at (0,0) size 87x26
          chunk 1 text run 1 at (2800.00,3520.00) startOffset 0 endOffset 11 width 87.00: "just a text"
      RenderSVGText {text} at (2900,3500) size 87x26 contains 1 chunk(s)
        RenderSVGInlineText {#text} at (0,0) size 87x26
          chunk 1 text run 1 at (2900.00,3520.00) startOffset 0 endOffset 11 width 87.00: "just a text"
      RenderSVGText {text} at (3000,3500) size 87x26 contains 1 chunk(s)
        RenderSVGInlineText {#text} at (0,0) size 87x26
          chunk 1 text run 1 at (3000.00,3520.00) startOffset 0 endOffset 11 width 87.00: "just a text"
      RenderSVGText {text} at (3100,3500) size 87x26 contains 1 chunk(s)
        RenderSVGInlineText {#text} at (0,0) size 87x26
          chunk 1 text run 1 at (3100.00,3520.00) startOffset 0 endOffset 11 width 87.00: "just a text"
      RenderSVGText {text} at (3200,3500) size 87x26 contains 1 chunk(s)
        RenderSVGInlineText {#text} at (0,0) size 87x26
          chunk 1 text run 1 at (3200.00,3520.00) startOffset 0 endOffset 11 width 87.00: "just a text"
      RenderSVGText {text} at (3300,3500) size 87x26 contains 1 chunk(s)
        RenderSVGInlineText {#text} at (0,0) size 87x26
          chunk 1 text run 1 at (3300.00,3520.00) startOffset 0 endOffset 11 width 87.00: "just a text"
      RenderSVGText {text} at (3400,3500) size 87x26 contains 1 chunk(s)
        RenderSVGInlineText {#text} at (0,0) size 87x26
          chunk 1 text run 1 at (3400.00,3520.00) startOffset 0 endOffset 11 width 87.00: "just a text"
      RenderSVGText {text} at (3500,3500) size 87x26 contains 1 chunk(s)
        RenderSVGInlineText {#text} at (0,0) size 87x26
          chunk 1 text run 1 at (3500.00,3520.00) startOffset 0 endOffset 11 width 87.00: "just a text"
      RenderSVGText {text} at (3600,3500) size 87x26 contains 1 chunk(s)
        RenderSVGInlineText {#text} at (0,0) size 87x26
          chunk 1 text run 1 at (3600.00,3520.00) startOffset 0 endOffset 11 width 87.00: "just a text"
      RenderSVGText {text} at (3700,3500) size 87x26 contains 1 chunk(s)
        RenderSVGInlineText {#text} at (0,0) size 87x26
          chunk 1 text run 1 at (3700.00,3520.00) startOffset 0 endOffset 11 width 87.00: "just a text"
      RenderSVGText {text} at (3800,3500) size 87x26 contains 1 chunk(s)
        RenderSVGInlineText {#text} at (0,0) size 87x26
          chunk 1 text run 1 at (3800.00,3520.00) startOffset 0 endOffset 11 width 87.00: "just a text"
      RenderSVGText {text} at (3900,3500) size 87x26 contains 1 chunk(s)
        RenderSVGInlineText {#text} at (0,0) size 87x26
          chunk 1 text run 1 at (3900.00,3520.00) startOffset 0 endOffset 11 width 87.00: "just a text"
      RenderSVGText {text} at (4000,3500) size 87x26 contains 1 chunk(s)
        RenderSVGInlineText {#text} at (0,0) size 87x26
          chunk 1 text run 1 at (4000.00,3520.00) startOffset 0 endOffset 11 width 87.00: "just a text"
      RenderSVGText {text} at (4100,3500) size 87x26 contains 1 chunk(s)
        RenderSVGInlineText {#text} at (0,0) size 87x26
          chunk 1 text run 1 at (4100.00,3520.00) startOffset 0 endOffset 11 width 87.00: "just a text"
      RenderSVGText {text} at (4200,3500) size 87x26 contains 1 chunk(s)
        RenderSVGInlineText {#text} at (0,0) size 87x26
          chunk 1 text run 1 at (4200.00,3520.00) startOffset 0 endOffset 11 width 87.00: "just a text"
      RenderSVGText {text} at (4300,3500) size 87x26 contains 1 chunk(s)
        RenderSVGInlineText {#text} at (0,0) size 87x26
          chunk 1 text run 1 at (4300.00,3520.00) startOffset 0 endOffset 11 width 87.00: "just a text"
      RenderSVGText {text} at (4400,3500) size 87x26 contains 1 chunk(s)
        RenderSVGInlineText {#text} at (0,0) size 87x26
          chunk 1 text run 1 at (4400.00,3520.00) startOffset 0 endOffset 11 width 87.00: "just a text"
      RenderSVGText {text} at (4500,3500) size 87x26 contains 1 chunk(s)
        RenderSVGInlineText {#text} at (0,0) size 87x26
          chunk 1 text run 1 at (4500.00,3520.00) startOffset 0 endOffset 11 width 87.00: "just a text"
      RenderSVGText {text} at (4600,3500) size 87x26 contains 1 chunk(s)
        RenderSVGInlineText {#text} at (0,0) size 87x26
          chunk 1 text run 1 at (4600.00,3520.00) startOffset 0 endOffset 11 width 87.00: "just a text"
      RenderSVGText {text} at (4700,3500) size 87x26 contains 1 chunk(s)
        RenderSVGInlineText {#text} at (0,0) size 87x26
          chunk 1 text run 1 at (4700.00,3520.00) startOffset 0 endOffset 11 width 87.00: "just a text"
      RenderSVGText {text} at (4800,3500) size 87x26 contains 1 chunk(s)
        RenderSVGInlineText {#text} at (0,0) size 87x26
          chunk 1 text run 1 at (4800.00,3520.00) startOffset 0 endOffset 11 width 87.00: "just a text"
      RenderSVGText {text} at (4900,3500) size 87x26 contains 1 chunk(s)
        RenderSVGInlineText {#text} at (0,0) size 87x26
          chunk 1 text run 1 at (4900.00,3520.00) startOffset 0 endOffset 11 width 87.00: "just a text"
      RenderSVGText {text} at (0,3600) size 87x26 contains 1 chunk(s)
        RenderSVGInlineText {#text} at (0,0) size 87x26
          chunk 1 text run 1 at (0.00,3620.00) startOffset 0 endOffset 11 width 87.00: "just a text"
      RenderSVGText {text} at (100,3600) size 87x26 contains 1 chunk(s)
        RenderSVGInlineText {#text} at (0,0) size 87x26
          chunk 1 text run 1 at (100.00,3620.00) startOffset 0 endOffset 11 width 87.00: "just a text"
      RenderSVGText {text} at (200,3600) size 87x26 contains 1 chunk(s)
        RenderSVGInlineText {#text} at (0,0) size 87x26
          chunk 1 text run 1 at (200.00,3620.00) startOffset 0 endOffset 11 width 87.00: "just a text"
      RenderSVGText {text} at (300,3600) size 87x26 contains 1 chunk(s)
        RenderSVGInlineText {#text} at (0,0) size 87x26
          chunk 1 text run 1 at (300.00,3620.00) startOffset 0 endOffset 11 width 87.00: "just a text"
      RenderSVGText {text} at (400,3600) size 87x26 contains 1 chunk(s)
        RenderSVGInlineText {#text} at (0,0) size 87x26
          chunk 1 text run 1 at (400.00,3620.00) startOffset 0 endOffset 11 width 87.00: "just a text"
      RenderSVGText {text} at (500,3600) size 87x26 contains 1 chunk(s)
        RenderSVGInlineText {#text} at (0,0) size 87x26
          chunk 1 text run 1 at (500.00,3620.00) startOffset 0 endOffset 11 width 87.00: "just a text"
      RenderSVGText {text} at (600,3600) size 87x26 contains 1 chunk(s)
        RenderSVGInlineText {#text} at (0,0) size 87x26
          chunk 1 text run 1 at (600.00,3620.00) startOffset 0 endOffset 11 width 87.00: "just a text"
      RenderSVGText {text} at (700,3600) size 87x26 contains 1 chunk(s)
        RenderSVGInlineText {#text} at (0,0) size 87x26
          chunk 1 text run 1 at (700.00,3620.00) startOffset 0 endOffset 11 width 87.00: "just a text"
      RenderSVGText {text} at (800,3600) size 87x26 contains 1 chunk(s)
        RenderSVGInlineText {#text} at (0,0) size 87x26
          chunk 1 text run 1 at (800.00,3620.00) startOffset 0 endOffset 11 width 87.00: "just a text"
      RenderSVGText {text} at (900,3600) size 87x26 contains 1 chunk(s)
        RenderSVGInlineText {#text} at (0,0) size 87x26
          chunk 1 text run 1 at (900.00,3620.00) startOffset 0 endOffset 11 width 87.00: "just a text"
      RenderSVGText {text} at (1000,3600) size 87x26 contains 1 chunk(s)
        RenderSVGInlineText {#text} at (0,0) size 87x26
          chunk 1 text run 1 at (1000.00,3620.00) startOffset 0 endOffset 11 width 87.00: "just a text"
      RenderSVGText {text} at (1100,3600) size 87x26 contains 1 chunk(s)
        RenderSVGInlineText {#text} at (0,0) size 87x26
          chunk 1 text run 1 at (1100.00,3620.00) startOffset 0 endOffset 11 width 87.00: "just a text"
      RenderSVGText {text} at (1200,3600) size 87x26 contains 1 chunk(s)
        RenderSVGInlineText {#text} at (0,0) size 87x26
          chunk 1 text run 1 at (1200.00,3620.00) startOffset 0 endOffset 11 width 87.00: "just a text"
      RenderSVGText {text} at (1300,3600) size 87x26 contains 1 chunk(s)
        RenderSVGInlineText {#text} at (0,0) size 87x26
          chunk 1 text run 1 at (1300.00,3620.00) startOffset 0 endOffset 11 width 87.00: "just a text"
      RenderSVGText {text} at (1400,3600) size 87x26 contains 1 chunk(s)
        RenderSVGInlineText {#text} at (0,0) size 87x26
          chunk 1 text run 1 at (1400.00,3620.00) startOffset 0 endOffset 11 width 87.00: "just a text"
      RenderSVGText {text} at (1500,3600) size 87x26 contains 1 chunk(s)
        RenderSVGInlineText {#text} at (0,0) size 87x26
          chunk 1 text run 1 at (1500.00,3620.00) startOffset 0 endOffset 11 width 87.00: "just a text"
      RenderSVGText {text} at (1600,3600) size 87x26 contains 1 chunk(s)
        RenderSVGInlineText {#text} at (0,0) size 87x26
          chunk 1 text run 1 at (1600.00,3620.00) startOffset 0 endOffset 11 width 87.00: "just a text"
      RenderSVGText {text} at (1700,3600) size 87x26 contains 1 chunk(s)
        RenderSVGInlineText {#text} at (0,0) size 87x26
          chunk 1 text run 1 at (1700.00,3620.00) startOffset 0 endOffset 11 width 87.00: "just a text"
      RenderSVGText {text} at (1800,3600) size 87x26 contains 1 chunk(s)
        RenderSVGInlineText {#text} at (0,0) size 87x26
          chunk 1 text run 1 at (1800.00,3620.00) startOffset 0 endOffset 11 width 87.00: "just a text"
      RenderSVGText {text} at (1900,3600) size 87x26 contains 1 chunk(s)
        RenderSVGInlineText {#text} at (0,0) size 87x26
          chunk 1 text run 1 at (1900.00,3620.00) startOffset 0 endOffset 11 width 87.00: "just a text"
      RenderSVGText {text} at (2000,3600) size 87x26 contains 1 chunk(s)
        RenderSVGInlineText {#text} at (0,0) size 87x26
          chunk 1 text run 1 at (2000.00,3620.00) startOffset 0 endOffset 11 width 87.00: "just a text"
      RenderSVGText {text} at (2100,3600) size 87x26 contains 1 chunk(s)
        RenderSVGInlineText {#text} at (0,0) size 87x26
          chunk 1 text run 1 at (2100.00,3620.00) startOffset 0 endOffset 11 width 87.00: "just a text"
      RenderSVGText {text} at (2200,3600) size 87x26 contains 1 chunk(s)
        RenderSVGInlineText {#text} at (0,0) size 87x26
          chunk 1 text run 1 at (2200.00,3620.00) startOffset 0 endOffset 11 width 87.00: "just a text"
      RenderSVGText {text} at (2300,3600) size 87x26 contains 1 chunk(s)
        RenderSVGInlineText {#text} at (0,0) size 87x26
          chunk 1 text run 1 at (2300.00,3620.00) startOffset 0 endOffset 11 width 87.00: "just a text"
      RenderSVGText {text} at (2400,3600) size 87x26 contains 1 chunk(s)
        RenderSVGInlineText {#text} at (0,0) size 87x26
          chunk 1 text run 1 at (2400.00,3620.00) startOffset 0 endOffset 11 width 87.00: "just a text"
      RenderSVGText {text} at (2500,3600) size 87x26 contains 1 chunk(s)
        RenderSVGInlineText {#text} at (0,0) size 87x26
          chunk 1 text run 1 at (2500.00,3620.00) startOffset 0 endOffset 11 width 87.00: "just a text"
      RenderSVGText {text} at (2600,3600) size 87x26 contains 1 chunk(s)
        RenderSVGInlineText {#text} at (0,0) size 87x26
          chunk 1 text run 1 at (2600.00,3620.00) startOffset 0 endOffset 11 width 87.00: "just a text"
      RenderSVGText {text} at (2700,3600) size 87x26 contains 1 chunk(s)
        RenderSVGInlineText {#text} at (0,0) size 87x26
          chunk 1 text run 1 at (2700.00,3620.00) startOffset 0 endOffset 11 width 87.00: "just a text"
      RenderSVGText {text} at (2800,3600) size 87x26 contains 1 chunk(s)
        RenderSVGInlineText {#text} at (0,0) size 87x26
          chunk 1 text run 1 at (2800.00,3620.00) startOffset 0 endOffset 11 width 87.00: "just a text"
      RenderSVGText {text} at (2900,3600) size 87x26 contains 1 chunk(s)
        RenderSVGInlineText {#text} at (0,0) size 87x26
          chunk 1 text run 1 at (2900.00,3620.00) startOffset 0 endOffset 11 width 87.00: "just a text"
      RenderSVGText {text} at (3000,3600) size 87x26 contains 1 chunk(s)
        RenderSVGInlineText {#text} at (0,0) size 87x26
          chunk 1 text run 1 at (3000.00,3620.00) startOffset 0 endOffset 11 width 87.00: "just a text"
      RenderSVGText {text} at (3100,3600) size 87x26 contains 1 chunk(s)
        RenderSVGInlineText {#text} at (0,0) size 87x26
          chunk 1 text run 1 at (3100.00,3620.00) startOffset 0 endOffset 11 width 87.00: "just a text"
      RenderSVGText {text} at (3200,3600) size 87x26 contains 1 chunk(s)
        RenderSVGInlineText {#text} at (0,0) size 87x26
          chunk 1 text run 1 at (3200.00,3620.00) startOffset 0 endOffset 11 width 87.00: "just a text"
      RenderSVGText {text} at (3300,3600) size 87x26 contains 1 chunk(s)
        RenderSVGInlineText {#text} at (0,0) size 87x26
          chunk 1 text run 1 at (3300.00,3620.00) startOffset 0 endOffset 11 width 87.00: "just a text"
      RenderSVGText {text} at (3400,3600) size 87x26 contains 1 chunk(s)
        RenderSVGInlineText {#text} at (0,0) size 87x26
          chunk 1 text run 1 at (3400.00,3620.00) startOffset 0 endOffset 11 width 87.00: "just a text"
      RenderSVGText {text} at (3500,3600) size 87x26 contains 1 chunk(s)
        RenderSVGInlineText {#text} at (0,0) size 87x26
          chunk 1 text run 1 at (3500.00,3620.00) startOffset 0 endOffset 11 width 87.00: "just a text"
      RenderSVGText {text} at (3600,3600) size 87x26 contains 1 chunk(s)
        RenderSVGInlineText {#text} at (0,0) size 87x26
          chunk 1 text run 1 at (3600.00,3620.00) startOffset 0 endOffset 11 width 87.00: "just a text"
      RenderSVGText {text} at (3700,3600) size 87x26 contains 1 chunk(s)
        RenderSVGInlineText {#text} at (0,0) size 87x26
          chunk 1 text run 1 at (3700.00,3620.00) startOffset 0 endOffset 11 width 87.00: "just a text"
      RenderSVGText {text} at (3800,3600) size 87x26 contains 1 chunk(s)
        RenderSVGInlineText {#text} at (0,0) size 87x26
          chunk 1 text run 1 at (3800.00,3620.00) startOffset 0 endOffset 11 width 87.00: "just a text"
      RenderSVGText {text} at (3900,3600) size 87x26 contains 1 chunk(s)
        RenderSVGInlineText {#text} at (0,0) size 87x26
          chunk 1 text run 1 at (3900.00,3620.00) startOffset 0 endOffset 11 width 87.00: "just a text"
      RenderSVGText {text} at (4000,3600) size 87x26 contains 1 chunk(s)
        RenderSVGInlineText {#text} at (0,0) size 87x26
          chunk 1 text run 1 at (4000.00,3620.00) startOffset 0 endOffset 11 width 87.00: "just a text"
      RenderSVGText {text} at (4100,3600) size 87x26 contains 1 chunk(s)
        RenderSVGInlineText {#text} at (0,0) size 87x26
          chunk 1 text run 1 at (4100.00,3620.00) startOffset 0 endOffset 11 width 87.00: "just a text"
      RenderSVGText {text} at (4200,3600) size 87x26 contains 1 chunk(s)
        RenderSVGInlineText {#text} at (0,0) size 87x26
          chunk 1 text run 1 at (4200.00,3620.00) startOffset 0 endOffset 11 width 87.00: "just a text"
      RenderSVGText {text} at (4300,3600) size 87x26 contains 1 chunk(s)
        RenderSVGInlineText {#text} at (0,0) size 87x26
          chunk 1 text run 1 at (4300.00,3620.00) startOffset 0 endOffset 11 width 87.00: "just a text"
      RenderSVGText {text} at (4400,3600) size 87x26 contains 1 chunk(s)
        RenderSVGInlineText {#text} at (0,0) size 87x26
          chunk 1 text run 1 at (4400.00,3620.00) startOffset 0 endOffset 11 width 87.00: "just a text"
      RenderSVGText {text} at (4500,3600) size 87x26 contains 1 chunk(s)
        RenderSVGInlineText {#text} at (0,0) size 87x26
          chunk 1 text run 1 at (4500.00,3620.00) startOffset 0 endOffset 11 width 87.00: "just a text"
      RenderSVGText {text} at (4600,3600) size 87x26 contains 1 chunk(s)
        RenderSVGInlineText {#text} at (0,0) size 87x26
          chunk 1 text run 1 at (4600.00,3620.00) startOffset 0 endOffset 11 width 87.00: "just a text"
      RenderSVGText {text} at (4700,3600) size 87x26 contains 1 chunk(s)
        RenderSVGInlineText {#text} at (0,0) size 87x26
          chunk 1 text run 1 at (4700.00,3620.00) startOffset 0 endOffset 11 width 87.00: "just a text"
      RenderSVGText {text} at (4800,3600) size 87x26 contains 1 chunk(s)
        RenderSVGInlineText {#text} at (0,0) size 87x26
          chunk 1 text run 1 at (4800.00,3620.00) startOffset 0 endOffset 11 width 87.00: "just a text"
      RenderSVGText {text} at (4900,3600) size 87x26 contains 1 chunk(s)
        RenderSVGInlineText {#text} at (0,0) size 87x26
          chunk 1 text run 1 at (4900.00,3620.00) startOffset 0 endOffset 11 width 87.00: "just a text"
      RenderSVGText {text} at (0,3700) size 87x26 contains 1 chunk(s)
        RenderSVGInlineText {#text} at (0,0) size 87x26
          chunk 1 text run 1 at (0.00,3720.00) startOffset 0 endOffset 11 width 87.00: "just a text"
      RenderSVGText {text} at (100,3700) size 87x26 contains 1 chunk(s)
        RenderSVGInlineText {#text} at (0,0) size 87x26
          chunk 1 text run 1 at (100.00,3720.00) startOffset 0 endOffset 11 width 87.00: "just a text"
      RenderSVGText {text} at (200,3700) size 87x26 contains 1 chunk(s)
        RenderSVGInlineText {#text} at (0,0) size 87x26
          chunk 1 text run 1 at (200.00,3720.00) startOffset 0 endOffset 11 width 87.00: "just a text"
      RenderSVGText {text} at (300,3700) size 87x26 contains 1 chunk(s)
        RenderSVGInlineText {#text} at (0,0) size 87x26
          chunk 1 text run 1 at (300.00,3720.00) startOffset 0 endOffset 11 width 87.00: "just a text"
      RenderSVGText {text} at (400,3700) size 87x26 contains 1 chunk(s)
        RenderSVGInlineText {#text} at (0,0) size 87x26
          chunk 1 text run 1 at (400.00,3720.00) startOffset 0 endOffset 11 width 87.00: "just a text"
      RenderSVGText {text} at (500,3700) size 87x26 contains 1 chunk(s)
        RenderSVGInlineText {#text} at (0,0) size 87x26
          chunk 1 text run 1 at (500.00,3720.00) startOffset 0 endOffset 11 width 87.00: "just a text"
      RenderSVGText {text} at (600,3700) size 87x26 contains 1 chunk(s)
        RenderSVGInlineText {#text} at (0,0) size 87x26
          chunk 1 text run 1 at (600.00,3720.00) startOffset 0 endOffset 11 width 87.00: "just a text"
      RenderSVGText {text} at (700,3700) size 87x26 contains 1 chunk(s)
        RenderSVGInlineText {#text} at (0,0) size 87x26
          chunk 1 text run 1 at (700.00,3720.00) startOffset 0 endOffset 11 width 87.00: "just a text"
      RenderSVGText {text} at (800,3700) size 87x26 contains 1 chunk(s)
        RenderSVGInlineText {#text} at (0,0) size 87x26
          chunk 1 text run 1 at (800.00,3720.00) startOffset 0 endOffset 11 width 87.00: "just a text"
      RenderSVGText {text} at (900,3700) size 87x26 contains 1 chunk(s)
        RenderSVGInlineText {#text} at (0,0) size 87x26
          chunk 1 text run 1 at (900.00,3720.00) startOffset 0 endOffset 11 width 87.00: "just a text"
      RenderSVGText {text} at (1000,3700) size 87x26 contains 1 chunk(s)
        RenderSVGInlineText {#text} at (0,0) size 87x26
          chunk 1 text run 1 at (1000.00,3720.00) startOffset 0 endOffset 11 width 87.00: "just a text"
      RenderSVGText {text} at (1100,3700) size 87x26 contains 1 chunk(s)
        RenderSVGInlineText {#text} at (0,0) size 87x26
          chunk 1 text run 1 at (1100.00,3720.00) startOffset 0 endOffset 11 width 87.00: "just a text"
      RenderSVGText {text} at (1200,3700) size 87x26 contains 1 chunk(s)
        RenderSVGInlineText {#text} at (0,0) size 87x26
          chunk 1 text run 1 at (1200.00,3720.00) startOffset 0 endOffset 11 width 87.00: "just a text"
      RenderSVGText {text} at (1300,3700) size 87x26 contains 1 chunk(s)
        RenderSVGInlineText {#text} at (0,0) size 87x26
          chunk 1 text run 1 at (1300.00,3720.00) startOffset 0 endOffset 11 width 87.00: "just a text"
      RenderSVGText {text} at (1400,3700) size 87x26 contains 1 chunk(s)
        RenderSVGInlineText {#text} at (0,0) size 87x26
          chunk 1 text run 1 at (1400.00,3720.00) startOffset 0 endOffset 11 width 87.00: "just a text"
      RenderSVGText {text} at (1500,3700) size 87x26 contains 1 chunk(s)
        RenderSVGInlineText {#text} at (0,0) size 87x26
          chunk 1 text run 1 at (1500.00,3720.00) startOffset 0 endOffset 11 width 87.00: "just a text"
      RenderSVGText {text} at (1600,3700) size 87x26 contains 1 chunk(s)
        RenderSVGInlineText {#text} at (0,0) size 87x26
          chunk 1 text run 1 at (1600.00,3720.00) startOffset 0 endOffset 11 width 87.00: "just a text"
      RenderSVGText {text} at (1700,3700) size 87x26 contains 1 chunk(s)
        RenderSVGInlineText {#text} at (0,0) size 87x26
          chunk 1 text run 1 at (1700.00,3720.00) startOffset 0 endOffset 11 width 87.00: "just a text"
      RenderSVGText {text} at (1800,3700) size 87x26 contains 1 chunk(s)
        RenderSVGInlineText {#text} at (0,0) size 87x26
          chunk 1 text run 1 at (1800.00,3720.00) startOffset 0 endOffset 11 width 87.00: "just a text"
      RenderSVGText {text} at (1900,3700) size 87x26 contains 1 chunk(s)
        RenderSVGInlineText {#text} at (0,0) size 87x26
          chunk 1 text run 1 at (1900.00,3720.00) startOffset 0 endOffset 11 width 87.00: "just a text"
      RenderSVGText {text} at (2000,3700) size 87x26 contains 1 chunk(s)
        RenderSVGInlineText {#text} at (0,0) size 87x26
          chunk 1 text run 1 at (2000.00,3720.00) startOffset 0 endOffset 11 width 87.00: "just a text"
      RenderSVGText {text} at (2100,3700) size 87x26 contains 1 chunk(s)
        RenderSVGInlineText {#text} at (0,0) size 87x26
          chunk 1 text run 1 at (2100.00,3720.00) startOffset 0 endOffset 11 width 87.00: "just a text"
      RenderSVGText {text} at (2200,3700) size 87x26 contains 1 chunk(s)
        RenderSVGInlineText {#text} at (0,0) size 87x26
          chunk 1 text run 1 at (2200.00,3720.00) startOffset 0 endOffset 11 width 87.00: "just a text"
      RenderSVGText {text} at (2300,3700) size 87x26 contains 1 chunk(s)
        RenderSVGInlineText {#text} at (0,0) size 87x26
          chunk 1 text run 1 at (2300.00,3720.00) startOffset 0 endOffset 11 width 87.00: "just a text"
      RenderSVGText {text} at (2400,3700) size 87x26 contains 1 chunk(s)
        RenderSVGInlineText {#text} at (0,0) size 87x26
          chunk 1 text run 1 at (2400.00,3720.00) startOffset 0 endOffset 11 width 87.00: "just a text"
      RenderSVGText {text} at (2500,3700) size 87x26 contains 1 chunk(s)
        RenderSVGInlineText {#text} at (0,0) size 87x26
          chunk 1 text run 1 at (2500.00,3720.00) startOffset 0 endOffset 11 width 87.00: "just a text"
      RenderSVGText {text} at (2600,3700) size 87x26 contains 1 chunk(s)
        RenderSVGInlineText {#text} at (0,0) size 87x26
          chunk 1 text run 1 at (2600.00,3720.00) startOffset 0 endOffset 11 width 87.00: "just a text"
      RenderSVGText {text} at (2700,3700) size 87x26 contains 1 chunk(s)
        RenderSVGInlineText {#text} at (0,0) size 87x26
          chunk 1 text run 1 at (2700.00,3720.00) startOffset 0 endOffset 11 width 87.00: "just a text"
      RenderSVGText {text} at (2800,3700) size 87x26 contains 1 chunk(s)
        RenderSVGInlineText {#text} at (0,0) size 87x26
          chunk 1 text run 1 at (2800.00,3720.00) startOffset 0 endOffset 11 width 87.00: "just a text"
      RenderSVGText {text} at (2900,3700) size 87x26 contains 1 chunk(s)
        RenderSVGInlineText {#text} at (0,0) size 87x26
          chunk 1 text run 1 at (2900.00,3720.00) startOffset 0 endOffset 11 width 87.00: "just a text"
      RenderSVGText {text} at (3000,3700) size 87x26 contains 1 chunk(s)
        RenderSVGInlineText {#text} at (0,0) size 87x26
          chunk 1 text run 1 at (3000.00,3720.00) startOffset 0 endOffset 11 width 87.00: "just a text"
      RenderSVGText {text} at (3100,3700) size 87x26 contains 1 chunk(s)
        RenderSVGInlineText {#text} at (0,0) size 87x26
          chunk 1 text run 1 at (3100.00,3720.00) startOffset 0 endOffset 11 width 87.00: "just a text"
      RenderSVGText {text} at (3200,3700) size 87x26 contains 1 chunk(s)
        RenderSVGInlineText {#text} at (0,0) size 87x26
          chunk 1 text run 1 at (3200.00,3720.00) startOffset 0 endOffset 11 width 87.00: "just a text"
      RenderSVGText {text} at (3300,3700) size 87x26 contains 1 chunk(s)
        RenderSVGInlineText {#text} at (0,0) size 87x26
          chunk 1 text run 1 at (3300.00,3720.00) startOffset 0 endOffset 11 width 87.00: "just a text"
      RenderSVGText {text} at (3400,3700) size 87x26 contains 1 chunk(s)
        RenderSVGInlineText {#text} at (0,0) size 87x26
          chunk 1 text run 1 at (3400.00,3720.00) startOffset 0 endOffset 11 width 87.00: "just a text"
      RenderSVGText {text} at (3500,3700) size 87x26 contains 1 chunk(s)
        RenderSVGInlineText {#text} at (0,0) size 87x26
          chunk 1 text run 1 at (3500.00,3720.00) startOffset 0 endOffset 11 width 87.00: "just a text"
      RenderSVGText {text} at (3600,3700) size 87x26 contains 1 chunk(s)
        RenderSVGInlineText {#text} at (0,0) size 87x26
          chunk 1 text run 1 at (3600.00,3720.00) startOffset 0 endOffset 11 width 87.00: "just a text"
      RenderSVGText {text} at (3700,3700) size 87x26 contains 1 chunk(s)
        RenderSVGInlineText {#text} at (0,0) size 87x26
          chunk 1 text run 1 at (3700.00,3720.00) startOffset 0 endOffset 11 width 87.00: "just a text"
      RenderSVGText {text} at (3800,3700) size 87x26 contains 1 chunk(s)
        RenderSVGInlineText {#text} at (0,0) size 87x26
          chunk 1 text run 1 at (3800.00,3720.00) startOffset 0 endOffset 11 width 87.00: "just a text"
      RenderSVGText {text} at (3900,3700) size 87x26 contains 1 chunk(s)
        RenderSVGInlineText {#text} at (0,0) size 87x26
          chunk 1 text run 1 at (3900.00,3720.00) startOffset 0 endOffset 11 width 87.00: "just a text"
      RenderSVGText {text} at (4000,3700) size 87x26 contains 1 chunk(s)
        RenderSVGInlineText {#text} at (0,0) size 87x26
          chunk 1 text run 1 at (4000.00,3720.00) startOffset 0 endOffset 11 width 87.00: "just a text"
      RenderSVGText {text} at (4100,3700) size 87x26 contains 1 chunk(s)
        RenderSVGInlineText {#text} at (0,0) size 87x26
          chunk 1 text run 1 at (4100.00,3720.00) startOffset 0 endOffset 11 width 87.00: "just a text"
      RenderSVGText {text} at (4200,3700) size 87x26 contains 1 chunk(s)
        RenderSVGInlineText {#text} at (0,0) size 87x26
          chunk 1 text run 1 at (4200.00,3720.00) startOffset 0 endOffset 11 width 87.00: "just a text"
      RenderSVGText {text} at (4300,3700) size 87x26 contains 1 chunk(s)
        RenderSVGInlineText {#text} at (0,0) size 87x26
          chunk 1 text run 1 at (4300.00,3720.00) startOffset 0 endOffset 11 width 87.00: "just a text"
      RenderSVGText {text} at (4400,3700) size 87x26 contains 1 chunk(s)
        RenderSVGInlineText {#text} at (0,0) size 87x26
          chunk 1 text run 1 at (4400.00,3720.00) startOffset 0 endOffset 11 width 87.00: "just a text"
      RenderSVGText {text} at (4500,3700) size 87x26 contains 1 chunk(s)
        RenderSVGInlineText {#text} at (0,0) size 87x26
          chunk 1 text run 1 at (4500.00,3720.00) startOffset 0 endOffset 11 width 87.00: "just a text"
      RenderSVGText {text} at (4600,3700) size 87x26 contains 1 chunk(s)
        RenderSVGInlineText {#text} at (0,0) size 87x26
          chunk 1 text run 1 at (4600.00,3720.00) startOffset 0 endOffset 11 width 87.00: "just a text"
      RenderSVGText {text} at (4700,3700) size 87x26 contains 1 chunk(s)
        RenderSVGInlineText {#text} at (0,0) size 87x26
          chunk 1 text run 1 at (4700.00,3720.00) startOffset 0 endOffset 11 width 87.00: "just a text"
      RenderSVGText {text} at (4800,3700) size 87x26 contains 1 chunk(s)
        RenderSVGInlineText {#text} at (0,0) size 87x26
          chunk 1 text run 1 at (4800.00,3720.00) startOffset 0 endOffset 11 width 87.00: "just a text"
      RenderSVGText {text} at (4900,3700) size 87x26 contains 1 chunk(s)
        RenderSVGInlineText {#text} at (0,0) size 87x26
          chunk 1 text run 1 at (4900.00,3720.00) startOffset 0 endOffset 11 width 87.00: "just a text"
      RenderSVGText {text} at (0,3800) size 87x26 contains 1 chunk(s)
        RenderSVGInlineText {#text} at (0,0) size 87x26
          chunk 1 text run 1 at (0.00,3820.00) startOffset 0 endOffset 11 width 87.00: "just a text"
      RenderSVGText {text} at (100,3800) size 87x26 contains 1 chunk(s)
        RenderSVGInlineText {#text} at (0,0) size 87x26
          chunk 1 text run 1 at (100.00,3820.00) startOffset 0 endOffset 11 width 87.00: "just a text"
      RenderSVGText {text} at (200,3800) size 87x26 contains 1 chunk(s)
        RenderSVGInlineText {#text} at (0,0) size 87x26
          chunk 1 text run 1 at (200.00,3820.00) startOffset 0 endOffset 11 width 87.00: "just a text"
      RenderSVGText {text} at (300,3800) size 87x26 contains 1 chunk(s)
        RenderSVGInlineText {#text} at (0,0) size 87x26
          chunk 1 text run 1 at (300.00,3820.00) startOffset 0 endOffset 11 width 87.00: "just a text"
      RenderSVGText {text} at (400,3800) size 87x26 contains 1 chunk(s)
        RenderSVGInlineText {#text} at (0,0) size 87x26
          chunk 1 text run 1 at (400.00,3820.00) startOffset 0 endOffset 11 width 87.00: "just a text"
      RenderSVGText {text} at (500,3800) size 87x26 contains 1 chunk(s)
        RenderSVGInlineText {#text} at (0,0) size 87x26
          chunk 1 text run 1 at (500.00,3820.00) startOffset 0 endOffset 11 width 87.00: "just a text"
      RenderSVGText {text} at (600,3800) size 87x26 contains 1 chunk(s)
        RenderSVGInlineText {#text} at (0,0) size 87x26
          chunk 1 text run 1 at (600.00,3820.00) startOffset 0 endOffset 11 width 87.00: "just a text"
      RenderSVGText {text} at (700,3800) size 87x26 contains 1 chunk(s)
        RenderSVGInlineText {#text} at (0,0) size 87x26
          chunk 1 text run 1 at (700.00,3820.00) startOffset 0 endOffset 11 width 87.00: "just a text"
      RenderSVGText {text} at (800,3800) size 87x26 contains 1 chunk(s)
        RenderSVGInlineText {#text} at (0,0) size 87x26
          chunk 1 text run 1 at (800.00,3820.00) startOffset 0 endOffset 11 width 87.00: "just a text"
      RenderSVGText {text} at (900,3800) size 87x26 contains 1 chunk(s)
        RenderSVGInlineText {#text} at (0,0) size 87x26
          chunk 1 text run 1 at (900.00,3820.00) startOffset 0 endOffset 11 width 87.00: "just a text"
      RenderSVGText {text} at (1000,3800) size 87x26 contains 1 chunk(s)
        RenderSVGInlineText {#text} at (0,0) size 87x26
          chunk 1 text run 1 at (1000.00,3820.00) startOffset 0 endOffset 11 width 87.00: "just a text"
      RenderSVGText {text} at (1100,3800) size 87x26 contains 1 chunk(s)
        RenderSVGInlineText {#text} at (0,0) size 87x26
          chunk 1 text run 1 at (1100.00,3820.00) startOffset 0 endOffset 11 width 87.00: "just a text"
      RenderSVGText {text} at (1200,3800) size 87x26 contains 1 chunk(s)
        RenderSVGInlineText {#text} at (0,0) size 87x26
          chunk 1 text run 1 at (1200.00,3820.00) startOffset 0 endOffset 11 width 87.00: "just a text"
      RenderSVGText {text} at (1300,3800) size 87x26 contains 1 chunk(s)
        RenderSVGInlineText {#text} at (0,0) size 87x26
          chunk 1 text run 1 at (1300.00,3820.00) startOffset 0 endOffset 11 width 87.00: "just a text"
      RenderSVGText {text} at (1400,3800) size 87x26 contains 1 chunk(s)
        RenderSVGInlineText {#text} at (0,0) size 87x26
          chunk 1 text run 1 at (1400.00,3820.00) startOffset 0 endOffset 11 width 87.00: "just a text"
      RenderSVGText {text} at (1500,3800) size 87x26 contains 1 chunk(s)
        RenderSVGInlineText {#text} at (0,0) size 87x26
          chunk 1 text run 1 at (1500.00,3820.00) startOffset 0 endOffset 11 width 87.00: "just a text"
      RenderSVGText {text} at (1600,3800) size 87x26 contains 1 chunk(s)
        RenderSVGInlineText {#text} at (0,0) size 87x26
          chunk 1 text run 1 at (1600.00,3820.00) startOffset 0 endOffset 11 width 87.00: "just a text"
      RenderSVGText {text} at (1700,3800) size 87x26 contains 1 chunk(s)
        RenderSVGInlineText {#text} at (0,0) size 87x26
          chunk 1 text run 1 at (1700.00,3820.00) startOffset 0 endOffset 11 width 87.00: "just a text"
      RenderSVGText {text} at (1800,3800) size 87x26 contains 1 chunk(s)
        RenderSVGInlineText {#text} at (0,0) size 87x26
          chunk 1 text run 1 at (1800.00,3820.00) startOffset 0 endOffset 11 width 87.00: "just a text"
      RenderSVGText {text} at (1900,3800) size 87x26 contains 1 chunk(s)
        RenderSVGInlineText {#text} at (0,0) size 87x26
          chunk 1 text run 1 at (1900.00,3820.00) startOffset 0 endOffset 11 width 87.00: "just a text"
      RenderSVGText {text} at (2000,3800) size 87x26 contains 1 chunk(s)
        RenderSVGInlineText {#text} at (0,0) size 87x26
          chunk 1 text run 1 at (2000.00,3820.00) startOffset 0 endOffset 11 width 87.00: "just a text"
      RenderSVGText {text} at (2100,3800) size 87x26 contains 1 chunk(s)
        RenderSVGInlineText {#text} at (0,0) size 87x26
          chunk 1 text run 1 at (2100.00,3820.00) startOffset 0 endOffset 11 width 87.00: "just a text"
      RenderSVGText {text} at (2200,3800) size 87x26 contains 1 chunk(s)
        RenderSVGInlineText {#text} at (0,0) size 87x26
          chunk 1 text run 1 at (2200.00,3820.00) startOffset 0 endOffset 11 width 87.00: "just a text"
      RenderSVGText {text} at (2300,3800) size 87x26 contains 1 chunk(s)
        RenderSVGInlineText {#text} at (0,0) size 87x26
          chunk 1 text run 1 at (2300.00,3820.00) startOffset 0 endOffset 11 width 87.00: "just a text"
      RenderSVGText {text} at (2400,3800) size 87x26 contains 1 chunk(s)
        RenderSVGInlineText {#text} at (0,0) size 87x26
          chunk 1 text run 1 at (2400.00,3820.00) startOffset 0 endOffset 11 width 87.00: "just a text"
      RenderSVGText {text} at (2500,3800) size 87x26 contains 1 chunk(s)
        RenderSVGInlineText {#text} at (0,0) size 87x26
          chunk 1 text run 1 at (2500.00,3820.00) startOffset 0 endOffset 11 width 87.00: "just a text"
      RenderSVGText {text} at (2600,3800) size 87x26 contains 1 chunk(s)
        RenderSVGInlineText {#text} at (0,0) size 87x26
          chunk 1 text run 1 at (2600.00,3820.00) startOffset 0 endOffset 11 width 87.00: "just a text"
      RenderSVGText {text} at (2700,3800) size 87x26 contains 1 chunk(s)
        RenderSVGInlineText {#text} at (0,0) size 87x26
          chunk 1 text run 1 at (2700.00,3820.00) startOffset 0 endOffset 11 width 87.00: "just a text"
      RenderSVGText {text} at (2800,3800) size 87x26 contains 1 chunk(s)
        RenderSVGInlineText {#text} at (0,0) size 87x26
          chunk 1 text run 1 at (2800.00,3820.00) startOffset 0 endOffset 11 width 87.00: "just a text"
      RenderSVGText {text} at (2900,3800) size 87x26 contains 1 chunk(s)
        RenderSVGInlineText {#text} at (0,0) size 87x26
          chunk 1 text run 1 at (2900.00,3820.00) startOffset 0 endOffset 11 width 87.00: "just a text"
      RenderSVGText {text} at (3000,3800) size 87x26 contains 1 chunk(s)
        RenderSVGInlineText {#text} at (0,0) size 87x26
          chunk 1 text run 1 at (3000.00,3820.00) startOffset 0 endOffset 11 width 87.00: "just a text"
      RenderSVGText {text} at (3100,3800) size 87x26 contains 1 chunk(s)
        RenderSVGInlineText {#text} at (0,0) size 87x26
          chunk 1 text run 1 at (3100.00,3820.00) startOffset 0 endOffset 11 width 87.00: "just a text"
      RenderSVGText {text} at (3200,3800) size 87x26 contains 1 chunk(s)
        RenderSVGInlineText {#text} at (0,0) size 87x26
          chunk 1 text run 1 at (3200.00,3820.00) startOffset 0 endOffset 11 width 87.00: "just a text"
      RenderSVGText {text} at (3300,3800) size 87x26 contains 1 chunk(s)
        RenderSVGInlineText {#text} at (0,0) size 87x26
          chunk 1 text run 1 at (3300.00,3820.00) startOffset 0 endOffset 11 width 87.00: "just a text"
      RenderSVGText {text} at (3400,3800) size 87x26 contains 1 chunk(s)
        RenderSVGInlineText {#text} at (0,0) size 87x26
          chunk 1 text run 1 at (3400.00,3820.00) startOffset 0 endOffset 11 width 87.00: "just a text"
      RenderSVGText {text} at (3500,3800) size 87x26 contains 1 chunk(s)
        RenderSVGInlineText {#text} at (0,0) size 87x26
          chunk 1 text run 1 at (3500.00,3820.00) startOffset 0 endOffset 11 width 87.00: "just a text"
      RenderSVGText {text} at (3600,3800) size 87x26 contains 1 chunk(s)
        RenderSVGInlineText {#text} at (0,0) size 87x26
          chunk 1 text run 1 at (3600.00,3820.00) startOffset 0 endOffset 11 width 87.00: "just a text"
      RenderSVGText {text} at (3700,3800) size 87x26 contains 1 chunk(s)
        RenderSVGInlineText {#text} at (0,0) size 87x26
          chunk 1 text run 1 at (3700.00,3820.00) startOffset 0 endOffset 11 width 87.00: "just a text"
      RenderSVGText {text} at (3800,3800) size 87x26 contains 1 chunk(s)
        RenderSVGInlineText {#text} at (0,0) size 87x26
          chunk 1 text run 1 at (3800.00,3820.00) startOffset 0 endOffset 11 width 87.00: "just a text"
      RenderSVGText {text} at (3900,3800) size 87x26 contains 1 chunk(s)
        RenderSVGInlineText {#text} at (0,0) size 87x26
          chunk 1 text run 1 at (3900.00,3820.00) startOffset 0 endOffset 11 width 87.00: "just a text"
      RenderSVGText {text} at (4000,3800) size 87x26 contains 1 chunk(s)
        RenderSVGInlineText {#text} at (0,0) size 87x26
          chunk 1 text run 1 at (4000.00,3820.00) startOffset 0 endOffset 11 width 87.00: "just a text"
      RenderSVGText {text} at (4100,3800) size 87x26 contains 1 chunk(s)
        RenderSVGInlineText {#text} at (0,0) size 87x26
          chunk 1 text run 1 at (4100.00,3820.00) startOffset 0 endOffset 11 width 87.00: "just a text"
      RenderSVGText {text} at (4200,3800) size 87x26 contains 1 chunk(s)
        RenderSVGInlineText {#text} at (0,0) size 87x26
          chunk 1 text run 1 at (4200.00,3820.00) startOffset 0 endOffset 11 width 87.00: "just a text"
      RenderSVGText {text} at (4300,3800) size 87x26 contains 1 chunk(s)
        RenderSVGInlineText {#text} at (0,0) size 87x26
          chunk 1 text run 1 at (4300.00,3820.00) startOffset 0 endOffset 11 width 87.00: "just a text"
      RenderSVGText {text} at (4400,3800) size 87x26 contains 1 chunk(s)
        RenderSVGInlineText {#text} at (0,0) size 87x26
          chunk 1 text run 1 at (4400.00,3820.00) startOffset 0 endOffset 11 width 87.00: "just a text"
      RenderSVGText {text} at (4500,3800) size 87x26 contains 1 chunk(s)
        RenderSVGInlineText {#text} at (0,0) size 87x26
          chunk 1 text run 1 at (4500.00,3820.00) startOffset 0 endOffset 11 width 87.00: "just a text"
      RenderSVGText {text} at (4600,3800) size 87x26 contains 1 chunk(s)
        RenderSVGInlineText {#text} at (0,0) size 87x26
          chunk 1 text run 1 at (4600.00,3820.00) startOffset 0 endOffset 11 width 87.00: "just a text"
      RenderSVGText {text} at (4700,3800) size 87x26 contains 1 chunk(s)
        RenderSVGInlineText {#text} at (0,0) size 87x26
          chunk 1 text run 1 at (4700.00,3820.00) startOffset 0 endOffset 11 width 87.00: "just a text"
      RenderSVGText {text} at (4800,3800) size 87x26 contains 1 chunk(s)
        RenderSVGInlineText {#text} at (0,0) size 87x26
          chunk 1 text run 1 at (4800.00,3820.00) startOffset 0 endOffset 11 width 87.00: "just a text"
      RenderSVGText {text} at (4900,3800) size 87x26 contains 1 chunk(s)
        RenderSVGInlineText {#text} at (0,0) size 87x26
          chunk 1 text run 1 at (4900.00,3820.00) startOffset 0 endOffset 11 width 87.00: "just a text"
      RenderSVGText {text} at (0,3900) size 87x26 contains 1 chunk(s)
        RenderSVGInlineText {#text} at (0,0) size 87x26
          chunk 1 text run 1 at (0.00,3920.00) startOffset 0 endOffset 11 width 87.00: "just a text"
      RenderSVGText {text} at (100,3900) size 87x26 contains 1 chunk(s)
        RenderSVGInlineText {#text} at (0,0) size 87x26
          chunk 1 text run 1 at (100.00,3920.00) startOffset 0 endOffset 11 width 87.00: "just a text"
      RenderSVGText {text} at (200,3900) size 87x26 contains 1 chunk(s)
        RenderSVGInlineText {#text} at (0,0) size 87x26
          chunk 1 text run 1 at (200.00,3920.00) startOffset 0 endOffset 11 width 87.00: "just a text"
      RenderSVGText {text} at (300,3900) size 87x26 contains 1 chunk(s)
        RenderSVGInlineText {#text} at (0,0) size 87x26
          chunk 1 text run 1 at (300.00,3920.00) startOffset 0 endOffset 11 width 87.00: "just a text"
      RenderSVGText {text} at (400,3900) size 87x26 contains 1 chunk(s)
        RenderSVGInlineText {#text} at (0,0) size 87x26
          chunk 1 text run 1 at (400.00,3920.00) startOffset 0 endOffset 11 width 87.00: "just a text"
      RenderSVGText {text} at (500,3900) size 87x26 contains 1 chunk(s)
        RenderSVGInlineText {#text} at (0,0) size 87x26
          chunk 1 text run 1 at (500.00,3920.00) startOffset 0 endOffset 11 width 87.00: "just a text"
      RenderSVGText {text} at (600,3900) size 87x26 contains 1 chunk(s)
        RenderSVGInlineText {#text} at (0,0) size 87x26
          chunk 1 text run 1 at (600.00,3920.00) startOffset 0 endOffset 11 width 87.00: "just a text"
      RenderSVGText {text} at (700,3900) size 87x26 contains 1 chunk(s)
        RenderSVGInlineText {#text} at (0,0) size 87x26
          chunk 1 text run 1 at (700.00,3920.00) startOffset 0 endOffset 11 width 87.00: "just a text"
      RenderSVGText {text} at (800,3900) size 87x26 contains 1 chunk(s)
        RenderSVGInlineText {#text} at (0,0) size 87x26
          chunk 1 text run 1 at (800.00,3920.00) startOffset 0 endOffset 11 width 87.00: "just a text"
      RenderSVGText {text} at (900,3900) size 87x26 contains 1 chunk(s)
        RenderSVGInlineText {#text} at (0,0) size 87x26
          chunk 1 text run 1 at (900.00,3920.00) startOffset 0 endOffset 11 width 87.00: "just a text"
      RenderSVGText {text} at (1000,3900) size 87x26 contains 1 chunk(s)
        RenderSVGInlineText {#text} at (0,0) size 87x26
          chunk 1 text run 1 at (1000.00,3920.00) startOffset 0 endOffset 11 width 87.00: "just a text"
      RenderSVGText {text} at (1100,3900) size 87x26 contains 1 chunk(s)
        RenderSVGInlineText {#text} at (0,0) size 87x26
          chunk 1 text run 1 at (1100.00,3920.00) startOffset 0 endOffset 11 width 87.00: "just a text"
      RenderSVGText {text} at (1200,3900) size 87x26 contains 1 chunk(s)
        RenderSVGInlineText {#text} at (0,0) size 87x26
          chunk 1 text run 1 at (1200.00,3920.00) startOffset 0 endOffset 11 width 87.00: "just a text"
      RenderSVGText {text} at (1300,3900) size 87x26 contains 1 chunk(s)
        RenderSVGInlineText {#text} at (0,0) size 87x26
          chunk 1 text run 1 at (1300.00,3920.00) startOffset 0 endOffset 11 width 87.00: "just a text"
      RenderSVGText {text} at (1400,3900) size 87x26 contains 1 chunk(s)
        RenderSVGInlineText {#text} at (0,0) size 87x26
          chunk 1 text run 1 at (1400.00,3920.00) startOffset 0 endOffset 11 width 87.00: "just a text"
      RenderSVGText {text} at (1500,3900) size 87x26 contains 1 chunk(s)
        RenderSVGInlineText {#text} at (0,0) size 87x26
          chunk 1 text run 1 at (1500.00,3920.00) startOffset 0 endOffset 11 width 87.00: "just a text"
      RenderSVGText {text} at (1600,3900) size 87x26 contains 1 chunk(s)
        RenderSVGInlineText {#text} at (0,0) size 87x26
          chunk 1 text run 1 at (1600.00,3920.00) startOffset 0 endOffset 11 width 87.00: "just a text"
      RenderSVGText {text} at (1700,3900) size 87x26 contains 1 chunk(s)
        RenderSVGInlineText {#text} at (0,0) size 87x26
          chunk 1 text run 1 at (1700.00,3920.00) startOffset 0 endOffset 11 width 87.00: "just a text"
      RenderSVGText {text} at (1800,3900) size 87x26 contains 1 chunk(s)
        RenderSVGInlineText {#text} at (0,0) size 87x26
          chunk 1 text run 1 at (1800.00,3920.00) startOffset 0 endOffset 11 width 87.00: "just a text"
      RenderSVGText {text} at (1900,3900) size 87x26 contains 1 chunk(s)
        RenderSVGInlineText {#text} at (0,0) size 87x26
          chunk 1 text run 1 at (1900.00,3920.00) startOffset 0 endOffset 11 width 87.00: "just a text"
      RenderSVGText {text} at (2000,3900) size 87x26 contains 1 chunk(s)
        RenderSVGInlineText {#text} at (0,0) size 87x26
          chunk 1 text run 1 at (2000.00,3920.00) startOffset 0 endOffset 11 width 87.00: "just a text"
      RenderSVGText {text} at (2100,3900) size 87x26 contains 1 chunk(s)
        RenderSVGInlineText {#text} at (0,0) size 87x26
          chunk 1 text run 1 at (2100.00,3920.00) startOffset 0 endOffset 11 width 87.00: "just a text"
      RenderSVGText {text} at (2200,3900) size 87x26 contains 1 chunk(s)
        RenderSVGInlineText {#text} at (0,0) size 87x26
          chunk 1 text run 1 at (2200.00,3920.00) startOffset 0 endOffset 11 width 87.00: "just a text"
      RenderSVGText {text} at (2300,3900) size 87x26 contains 1 chunk(s)
        RenderSVGInlineText {#text} at (0,0) size 87x26
          chunk 1 text run 1 at (2300.00,3920.00) startOffset 0 endOffset 11 width 87.00: "just a text"
      RenderSVGText {text} at (2400,3900) size 87x26 contains 1 chunk(s)
        RenderSVGInlineText {#text} at (0,0) size 87x26
          chunk 1 text run 1 at (2400.00,3920.00) startOffset 0 endOffset 11 width 87.00: "just a text"
      RenderSVGText {text} at (2500,3900) size 87x26 contains 1 chunk(s)
        RenderSVGInlineText {#text} at (0,0) size 87x26
          chunk 1 text run 1 at (2500.00,3920.00) startOffset 0 endOffset 11 width 87.00: "just a text"
      RenderSVGText {text} at (2600,3900) size 87x26 contains 1 chunk(s)
        RenderSVGInlineText {#text} at (0,0) size 87x26
          chunk 1 text run 1 at (2600.00,3920.00) startOffset 0 endOffset 11 width 87.00: "just a text"
      RenderSVGText {text} at (2700,3900) size 87x26 contains 1 chunk(s)
        RenderSVGInlineText {#text} at (0,0) size 87x26
          chunk 1 text run 1 at (2700.00,3920.00) startOffset 0 endOffset 11 width 87.00: "just a text"
      RenderSVGText {text} at (2800,3900) size 87x26 contains 1 chunk(s)
        RenderSVGInlineText {#text} at (0,0) size 87x26
          chunk 1 text run 1 at (2800.00,3920.00) startOffset 0 endOffset 11 width 87.00: "just a text"
      RenderSVGText {text} at (2900,3900) size 87x26 contains 1 chunk(s)
        RenderSVGInlineText {#text} at (0,0) size 87x26
          chunk 1 text run 1 at (2900.00,3920.00) startOffset 0 endOffset 11 width 87.00: "just a text"
      RenderSVGText {text} at (3000,3900) size 87x26 contains 1 chunk(s)
        RenderSVGInlineText {#text} at (0,0) size 87x26
          chunk 1 text run 1 at (3000.00,3920.00) startOffset 0 endOffset 11 width 87.00: "just a text"
      RenderSVGText {text} at (3100,3900) size 87x26 contains 1 chunk(s)
        RenderSVGInlineText {#text} at (0,0) size 87x26
          chunk 1 text run 1 at (3100.00,3920.00) startOffset 0 endOffset 11 width 87.00: "just a text"
      RenderSVGText {text} at (3200,3900) size 87x26 contains 1 chunk(s)
        RenderSVGInlineText {#text} at (0,0) size 87x26
          chunk 1 text run 1 at (3200.00,3920.00) startOffset 0 endOffset 11 width 87.00: "just a text"
      RenderSVGText {text} at (3300,3900) size 87x26 contains 1 chunk(s)
        RenderSVGInlineText {#text} at (0,0) size 87x26
          chunk 1 text run 1 at (3300.00,3920.00) startOffset 0 endOffset 11 width 87.00: "just a text"
      RenderSVGText {text} at (3400,3900) size 87x26 contains 1 chunk(s)
        RenderSVGInlineText {#text} at (0,0) size 87x26
          chunk 1 text run 1 at (3400.00,3920.00) startOffset 0 endOffset 11 width 87.00: "just a text"
      RenderSVGText {text} at (3500,3900) size 87x26 contains 1 chunk(s)
        RenderSVGInlineText {#text} at (0,0) size 87x26
          chunk 1 text run 1 at (3500.00,3920.00) startOffset 0 endOffset 11 width 87.00: "just a text"
      RenderSVGText {text} at (3600,3900) size 87x26 contains 1 chunk(s)
        RenderSVGInlineText {#text} at (0,0) size 87x26
          chunk 1 text run 1 at (3600.00,3920.00) startOffset 0 endOffset 11 width 87.00: "just a text"
      RenderSVGText {text} at (3700,3900) size 87x26 contains 1 chunk(s)
        RenderSVGInlineText {#text} at (0,0) size 87x26
          chunk 1 text run 1 at (3700.00,3920.00) startOffset 0 endOffset 11 width 87.00: "just a text"
      RenderSVGText {text} at (3800,3900) size 87x26 contains 1 chunk(s)
        RenderSVGInlineText {#text} at (0,0) size 87x26
          chunk 1 text run 1 at (3800.00,3920.00) startOffset 0 endOffset 11 width 87.00: "just a text"
      RenderSVGText {text} at (3900,3900) size 87x26 contains 1 chunk(s)
        RenderSVGInlineText {#text} at (0,0) size 87x26
          chunk 1 text run 1 at (3900.00,3920.00) startOffset 0 endOffset 11 width 87.00: "just a text"
      RenderSVGText {text} at (4000,3900) size 87x26 contains 1 chunk(s)
        RenderSVGInlineText {#text} at (0,0) size 87x26
          chunk 1 text run 1 at (4000.00,3920.00) startOffset 0 endOffset 11 width 87.00: "just a text"
      RenderSVGText {text} at (4100,3900) size 87x26 contains 1 chunk(s)
        RenderSVGInlineText {#text} at (0,0) size 87x26
          chunk 1 text run 1 at (4100.00,3920.00) startOffset 0 endOffset 11 width 87.00: "just a text"
      RenderSVGText {text} at (4200,3900) size 87x26 contains 1 chunk(s)
        RenderSVGInlineText {#text} at (0,0) size 87x26
          chunk 1 text run 1 at (4200.00,3920.00) startOffset 0 endOffset 11 width 87.00: "just a text"
      RenderSVGText {text} at (4300,3900) size 87x26 contains 1 chunk(s)
        RenderSVGInlineText {#text} at (0,0) size 87x26
          chunk 1 text run 1 at (4300.00,3920.00) startOffset 0 endOffset 11 width 87.00: "just a text"
      RenderSVGText {text} at (4400,3900) size 87x26 contains 1 chunk(s)
        RenderSVGInlineText {#text} at (0,0) size 87x26
          chunk 1 text run 1 at (4400.00,3920.00) startOffset 0 endOffset 11 width 87.00: "just a text"
      RenderSVGText {text} at (4500,3900) size 87x26 contains 1 chunk(s)
        RenderSVGInlineText {#text} at (0,0) size 87x26
          chunk 1 text run 1 at (4500.00,3920.00) startOffset 0 endOffset 11 width 87.00: "just a text"
      RenderSVGText {text} at (4600,3900) size 87x26 contains 1 chunk(s)
        RenderSVGInlineText {#text} at (0,0) size 87x26
          chunk 1 text run 1 at (4600.00,3920.00) startOffset 0 endOffset 11 width 87.00: "just a text"
      RenderSVGText {text} at (4700,3900) size 87x26 contains 1 chunk(s)
        RenderSVGInlineText {#text} at (0,0) size 87x26
          chunk 1 text run 1 at (4700.00,3920.00) startOffset 0 endOffset 11 width 87.00: "just a text"
      RenderSVGText {text} at (4800,3900) size 87x26 contains 1 chunk(s)
        RenderSVGInlineText {#text} at (0,0) size 87x26
          chunk 1 text run 1 at (4800.00,3920.00) startOffset 0 endOffset 11 width 87.00: "just a text"
      RenderSVGText {text} at (4900,3900) size 87x26 contains 1 chunk(s)
        RenderSVGInlineText {#text} at (0,0) size 87x26
          chunk 1 text run 1 at (4900.00,3920.00) startOffset 0 endOffset 11 width 87.00: "just a text"
      RenderSVGText {text} at (0,4000) size 87x26 contains 1 chunk(s)
        RenderSVGInlineText {#text} at (0,0) size 87x26
          chunk 1 text run 1 at (0.00,4020.00) startOffset 0 endOffset 11 width 87.00: "just a text"
      RenderSVGText {text} at (100,4000) size 87x26 contains 1 chunk(s)
        RenderSVGInlineText {#text} at (0,0) size 87x26
          chunk 1 text run 1 at (100.00,4020.00) startOffset 0 endOffset 11 width 87.00: "just a text"
      RenderSVGText {text} at (200,4000) size 87x26 contains 1 chunk(s)
        RenderSVGInlineText {#text} at (0,0) size 87x26
          chunk 1 text run 1 at (200.00,4020.00) startOffset 0 endOffset 11 width 87.00: "just a text"
      RenderSVGText {text} at (300,4000) size 87x26 contains 1 chunk(s)
        RenderSVGInlineText {#text} at (0,0) size 87x26
          chunk 1 text run 1 at (300.00,4020.00) startOffset 0 endOffset 11 width 87.00: "just a text"
      RenderSVGText {text} at (400,4000) size 87x26 contains 1 chunk(s)
        RenderSVGInlineText {#text} at (0,0) size 87x26
          chunk 1 text run 1 at (400.00,4020.00) startOffset 0 endOffset 11 width 87.00: "just a text"
      RenderSVGText {text} at (500,4000) size 87x26 contains 1 chunk(s)
        RenderSVGInlineText {#text} at (0,0) size 87x26
          chunk 1 text run 1 at (500.00,4020.00) startOffset 0 endOffset 11 width 87.00: "just a text"
      RenderSVGText {text} at (600,4000) size 87x26 contains 1 chunk(s)
        RenderSVGInlineText {#text} at (0,0) size 87x26
          chunk 1 text run 1 at (600.00,4020.00) startOffset 0 endOffset 11 width 87.00: "just a text"
      RenderSVGText {text} at (700,4000) size 87x26 contains 1 chunk(s)
        RenderSVGInlineText {#text} at (0,0) size 87x26
          chunk 1 text run 1 at (700.00,4020.00) startOffset 0 endOffset 11 width 87.00: "just a text"
      RenderSVGText {text} at (800,4000) size 87x26 contains 1 chunk(s)
        RenderSVGInlineText {#text} at (0,0) size 87x26
          chunk 1 text run 1 at (800.00,4020.00) startOffset 0 endOffset 11 width 87.00: "just a text"
      RenderSVGText {text} at (900,4000) size 87x26 contains 1 chunk(s)
        RenderSVGInlineText {#text} at (0,0) size 87x26
          chunk 1 text run 1 at (900.00,4020.00) startOffset 0 endOffset 11 width 87.00: "just a text"
      RenderSVGText {text} at (1000,4000) size 87x26 contains 1 chunk(s)
        RenderSVGInlineText {#text} at (0,0) size 87x26
          chunk 1 text run 1 at (1000.00,4020.00) startOffset 0 endOffset 11 width 87.00: "just a text"
      RenderSVGText {text} at (1100,4000) size 87x26 contains 1 chunk(s)
        RenderSVGInlineText {#text} at (0,0) size 87x26
          chunk 1 text run 1 at (1100.00,4020.00) startOffset 0 endOffset 11 width 87.00: "just a text"
      RenderSVGText {text} at (1200,4000) size 87x26 contains 1 chunk(s)
        RenderSVGInlineText {#text} at (0,0) size 87x26
          chunk 1 text run 1 at (1200.00,4020.00) startOffset 0 endOffset 11 width 87.00: "just a text"
      RenderSVGText {text} at (1300,4000) size 87x26 contains 1 chunk(s)
        RenderSVGInlineText {#text} at (0,0) size 87x26
          chunk 1 text run 1 at (1300.00,4020.00) startOffset 0 endOffset 11 width 87.00: "just a text"
      RenderSVGText {text} at (1400,4000) size 87x26 contains 1 chunk(s)
        RenderSVGInlineText {#text} at (0,0) size 87x26
          chunk 1 text run 1 at (1400.00,4020.00) startOffset 0 endOffset 11 width 87.00: "just a text"
      RenderSVGText {text} at (1500,4000) size 87x26 contains 1 chunk(s)
        RenderSVGInlineText {#text} at (0,0) size 87x26
          chunk 1 text run 1 at (1500.00,4020.00) startOffset 0 endOffset 11 width 87.00: "just a text"
      RenderSVGText {text} at (1600,4000) size 87x26 contains 1 chunk(s)
        RenderSVGInlineText {#text} at (0,0) size 87x26
          chunk 1 text run 1 at (1600.00,4020.00) startOffset 0 endOffset 11 width 87.00: "just a text"
      RenderSVGText {text} at (1700,4000) size 87x26 contains 1 chunk(s)
        RenderSVGInlineText {#text} at (0,0) size 87x26
          chunk 1 text run 1 at (1700.00,4020.00) startOffset 0 endOffset 11 width 87.00: "just a text"
      RenderSVGText {text} at (1800,4000) size 87x26 contains 1 chunk(s)
        RenderSVGInlineText {#text} at (0,0) size 87x26
          chunk 1 text run 1 at (1800.00,4020.00) startOffset 0 endOffset 11 width 87.00: "just a text"
      RenderSVGText {text} at (1900,4000) size 87x26 contains 1 chunk(s)
        RenderSVGInlineText {#text} at (0,0) size 87x26
          chunk 1 text run 1 at (1900.00,4020.00) startOffset 0 endOffset 11 width 87.00: "just a text"
      RenderSVGText {text} at (2000,4000) size 87x26 contains 1 chunk(s)
        RenderSVGInlineText {#text} at (0,0) size 87x26
          chunk 1 text run 1 at (2000.00,4020.00) startOffset 0 endOffset 11 width 87.00: "just a text"
      RenderSVGText {text} at (2100,4000) size 87x26 contains 1 chunk(s)
        RenderSVGInlineText {#text} at (0,0) size 87x26
          chunk 1 text run 1 at (2100.00,4020.00) startOffset 0 endOffset 11 width 87.00: "just a text"
      RenderSVGText {text} at (2200,4000) size 87x26 contains 1 chunk(s)
        RenderSVGInlineText {#text} at (0,0) size 87x26
          chunk 1 text run 1 at (2200.00,4020.00) startOffset 0 endOffset 11 width 87.00: "just a text"
      RenderSVGText {text} at (2300,4000) size 87x26 contains 1 chunk(s)
        RenderSVGInlineText {#text} at (0,0) size 87x26
          chunk 1 text run 1 at (2300.00,4020.00) startOffset 0 endOffset 11 width 87.00: "just a text"
      RenderSVGText {text} at (2400,4000) size 87x26 contains 1 chunk(s)
        RenderSVGInlineText {#text} at (0,0) size 87x26
          chunk 1 text run 1 at (2400.00,4020.00) startOffset 0 endOffset 11 width 87.00: "just a text"
      RenderSVGText {text} at (2500,4000) size 87x26 contains 1 chunk(s)
        RenderSVGInlineText {#text} at (0,0) size 87x26
          chunk 1 text run 1 at (2500.00,4020.00) startOffset 0 endOffset 11 width 87.00: "just a text"
      RenderSVGText {text} at (2600,4000) size 87x26 contains 1 chunk(s)
        RenderSVGInlineText {#text} at (0,0) size 87x26
          chunk 1 text run 1 at (2600.00,4020.00) startOffset 0 endOffset 11 width 87.00: "just a text"
      RenderSVGText {text} at (2700,4000) size 87x26 contains 1 chunk(s)
        RenderSVGInlineText {#text} at (0,0) size 87x26
          chunk 1 text run 1 at (2700.00,4020.00) startOffset 0 endOffset 11 width 87.00: "just a text"
      RenderSVGText {text} at (2800,4000) size 87x26 contains 1 chunk(s)
        RenderSVGInlineText {#text} at (0,0) size 87x26
          chunk 1 text run 1 at (2800.00,4020.00) startOffset 0 endOffset 11 width 87.00: "just a text"
      RenderSVGText {text} at (2900,4000) size 87x26 contains 1 chunk(s)
        RenderSVGInlineText {#text} at (0,0) size 87x26
          chunk 1 text run 1 at (2900.00,4020.00) startOffset 0 endOffset 11 width 87.00: "just a text"
      RenderSVGText {text} at (3000,4000) size 87x26 contains 1 chunk(s)
        RenderSVGInlineText {#text} at (0,0) size 87x26
          chunk 1 text run 1 at (3000.00,4020.00) startOffset 0 endOffset 11 width 87.00: "just a text"
      RenderSVGText {text} at (3100,4000) size 87x26 contains 1 chunk(s)
        RenderSVGInlineText {#text} at (0,0) size 87x26
          chunk 1 text run 1 at (3100.00,4020.00) startOffset 0 endOffset 11 width 87.00: "just a text"
      RenderSVGText {text} at (3200,4000) size 87x26 contains 1 chunk(s)
        RenderSVGInlineText {#text} at (0,0) size 87x26
          chunk 1 text run 1 at (3200.00,4020.00) startOffset 0 endOffset 11 width 87.00: "just a text"
      RenderSVGText {text} at (3300,4000) size 87x26 contains 1 chunk(s)
        RenderSVGInlineText {#text} at (0,0) size 87x26
          chunk 1 text run 1 at (3300.00,4020.00) startOffset 0 endOffset 11 width 87.00: "just a text"
      RenderSVGText {text} at (3400,4000) size 87x26 contains 1 chunk(s)
        RenderSVGInlineText {#text} at (0,0) size 87x26
          chunk 1 text run 1 at (3400.00,4020.00) startOffset 0 endOffset 11 width 87.00: "just a text"
      RenderSVGText {text} at (3500,4000) size 87x26 contains 1 chunk(s)
        RenderSVGInlineText {#text} at (0,0) size 87x26
          chunk 1 text run 1 at (3500.00,4020.00) startOffset 0 endOffset 11 width 87.00: "just a text"
      RenderSVGText {text} at (3600,4000) size 87x26 contains 1 chunk(s)
        RenderSVGInlineText {#text} at (0,0) size 87x26
          chunk 1 text run 1 at (3600.00,4020.00) startOffset 0 endOffset 11 width 87.00: "just a text"
      RenderSVGText {text} at (3700,4000) size 87x26 contains 1 chunk(s)
        RenderSVGInlineText {#text} at (0,0) size 87x26
          chunk 1 text run 1 at (3700.00,4020.00) startOffset 0 endOffset 11 width 87.00: "just a text"
      RenderSVGText {text} at (3800,4000) size 87x26 contains 1 chunk(s)
        RenderSVGInlineText {#text} at (0,0) size 87x26
          chunk 1 text run 1 at (3800.00,4020.00) startOffset 0 endOffset 11 width 87.00: "just a text"
      RenderSVGText {text} at (3900,4000) size 87x26 contains 1 chunk(s)
        RenderSVGInlineText {#text} at (0,0) size 87x26
          chunk 1 text run 1 at (3900.00,4020.00) startOffset 0 endOffset 11 width 87.00: "just a text"
      RenderSVGText {text} at (4000,4000) size 87x26 contains 1 chunk(s)
        RenderSVGInlineText {#text} at (0,0) size 87x26
          chunk 1 text run 1 at (4000.00,4020.00) startOffset 0 endOffset 11 width 87.00: "just a text"
      RenderSVGText {text} at (4100,4000) size 87x26 contains 1 chunk(s)
        RenderSVGInlineText {#text} at (0,0) size 87x26
          chunk 1 text run 1 at (4100.00,4020.00) startOffset 0 endOffset 11 width 87.00: "just a text"
      RenderSVGText {text} at (4200,4000) size 87x26 contains 1 chunk(s)
        RenderSVGInlineText {#text} at (0,0) size 87x26
          chunk 1 text run 1 at (4200.00,4020.00) startOffset 0 endOffset 11 width 87.00: "just a text"
      RenderSVGText {text} at (4300,4000) size 87x26 contains 1 chunk(s)
        RenderSVGInlineText {#text} at (0,0) size 87x26
          chunk 1 text run 1 at (4300.00,4020.00) startOffset 0 endOffset 11 width 87.00: "just a text"
      RenderSVGText {text} at (4400,4000) size 87x26 contains 1 chunk(s)
        RenderSVGInlineText {#text} at (0,0) size 87x26
          chunk 1 text run 1 at (4400.00,4020.00) startOffset 0 endOffset 11 width 87.00: "just a text"
      RenderSVGText {text} at (4500,4000) size 87x26 contains 1 chunk(s)
        RenderSVGInlineText {#text} at (0,0) size 87x26
          chunk 1 text run 1 at (4500.00,4020.00) startOffset 0 endOffset 11 width 87.00: "just a text"
      RenderSVGText {text} at (4600,4000) size 87x26 contains 1 chunk(s)
        RenderSVGInlineText {#text} at (0,0) size 87x26
          chunk 1 text run 1 at (4600.00,4020.00) startOffset 0 endOffset 11 width 87.00: "just a text"
      RenderSVGText {text} at (4700,4000) size 87x26 contains 1 chunk(s)
        RenderSVGInlineText {#text} at (0,0) size 87x26
          chunk 1 text run 1 at (4700.00,4020.00) startOffset 0 endOffset 11 width 87.00: "just a text"
      RenderSVGText {text} at (4800,4000) size 87x26 contains 1 chunk(s)
        RenderSVGInlineText {#text} at (0,0) size 87x26
          chunk 1 text run 1 at (4800.00,4020.00) startOffset 0 endOffset 11 width 87.00: "just a text"
      RenderSVGText {text} at (4900,4000) size 87x26 contains 1 chunk(s)
        RenderSVGInlineText {#text} at (0,0) size 87x26
          chunk 1 text run 1 at (4900.00,4020.00) startOffset 0 endOffset 11 width 87.00: "just a text"
      RenderSVGText {text} at (0,4100) size 87x26 contains 1 chunk(s)
        RenderSVGInlineText {#text} at (0,0) size 87x26
          chunk 1 text run 1 at (0.00,4120.00) startOffset 0 endOffset 11 width 87.00: "just a text"
      RenderSVGText {text} at (100,4100) size 87x26 contains 1 chunk(s)
        RenderSVGInlineText {#text} at (0,0) size 87x26
          chunk 1 text run 1 at (100.00,4120.00) startOffset 0 endOffset 11 width 87.00: "just a text"
      RenderSVGText {text} at (200,4100) size 87x26 contains 1 chunk(s)
        RenderSVGInlineText {#text} at (0,0) size 87x26
          chunk 1 text run 1 at (200.00,4120.00) startOffset 0 endOffset 11 width 87.00: "just a text"
      RenderSVGText {text} at (300,4100) size 87x26 contains 1 chunk(s)
        RenderSVGInlineText {#text} at (0,0) size 87x26
          chunk 1 text run 1 at (300.00,4120.00) startOffset 0 endOffset 11 width 87.00: "just a text"
      RenderSVGText {text} at (400,4100) size 87x26 contains 1 chunk(s)
        RenderSVGInlineText {#text} at (0,0) size 87x26
          chunk 1 text run 1 at (400.00,4120.00) startOffset 0 endOffset 11 width 87.00: "just a text"
      RenderSVGText {text} at (500,4100) size 87x26 contains 1 chunk(s)
        RenderSVGInlineText {#text} at (0,0) size 87x26
          chunk 1 text run 1 at (500.00,4120.00) startOffset 0 endOffset 11 width 87.00: "just a text"
      RenderSVGText {text} at (600,4100) size 87x26 contains 1 chunk(s)
        RenderSVGInlineText {#text} at (0,0) size 87x26
          chunk 1 text run 1 at (600.00,4120.00) startOffset 0 endOffset 11 width 87.00: "just a text"
      RenderSVGText {text} at (700,4100) size 87x26 contains 1 chunk(s)
        RenderSVGInlineText {#text} at (0,0) size 87x26
          chunk 1 text run 1 at (700.00,4120.00) startOffset 0 endOffset 11 width 87.00: "just a text"
      RenderSVGText {text} at (800,4100) size 87x26 contains 1 chunk(s)
        RenderSVGInlineText {#text} at (0,0) size 87x26
          chunk 1 text run 1 at (800.00,4120.00) startOffset 0 endOffset 11 width 87.00: "just a text"
      RenderSVGText {text} at (900,4100) size 87x26 contains 1 chunk(s)
        RenderSVGInlineText {#text} at (0,0) size 87x26
          chunk 1 text run 1 at (900.00,4120.00) startOffset 0 endOffset 11 width 87.00: "just a text"
      RenderSVGText {text} at (1000,4100) size 87x26 contains 1 chunk(s)
        RenderSVGInlineText {#text} at (0,0) size 87x26
          chunk 1 text run 1 at (1000.00,4120.00) startOffset 0 endOffset 11 width 87.00: "just a text"
      RenderSVGText {text} at (1100,4100) size 87x26 contains 1 chunk(s)
        RenderSVGInlineText {#text} at (0,0) size 87x26
          chunk 1 text run 1 at (1100.00,4120.00) startOffset 0 endOffset 11 width 87.00: "just a text"
      RenderSVGText {text} at (1200,4100) size 87x26 contains 1 chunk(s)
        RenderSVGInlineText {#text} at (0,0) size 87x26
          chunk 1 text run 1 at (1200.00,4120.00) startOffset 0 endOffset 11 width 87.00: "just a text"
      RenderSVGText {text} at (1300,4100) size 87x26 contains 1 chunk(s)
        RenderSVGInlineText {#text} at (0,0) size 87x26
          chunk 1 text run 1 at (1300.00,4120.00) startOffset 0 endOffset 11 width 87.00: "just a text"
      RenderSVGText {text} at (1400,4100) size 87x26 contains 1 chunk(s)
        RenderSVGInlineText {#text} at (0,0) size 87x26
          chunk 1 text run 1 at (1400.00,4120.00) startOffset 0 endOffset 11 width 87.00: "just a text"
      RenderSVGText {text} at (1500,4100) size 87x26 contains 1 chunk(s)
        RenderSVGInlineText {#text} at (0,0) size 87x26
          chunk 1 text run 1 at (1500.00,4120.00) startOffset 0 endOffset 11 width 87.00: "just a text"
      RenderSVGText {text} at (1600,4100) size 87x26 contains 1 chunk(s)
        RenderSVGInlineText {#text} at (0,0) size 87x26
          chunk 1 text run 1 at (1600.00,4120.00) startOffset 0 endOffset 11 width 87.00: "just a text"
      RenderSVGText {text} at (1700,4100) size 87x26 contains 1 chunk(s)
        RenderSVGInlineText {#text} at (0,0) size 87x26
          chunk 1 text run 1 at (1700.00,4120.00) startOffset 0 endOffset 11 width 87.00: "just a text"
      RenderSVGText {text} at (1800,4100) size 87x26 contains 1 chunk(s)
        RenderSVGInlineText {#text} at (0,0) size 87x26
          chunk 1 text run 1 at (1800.00,4120.00) startOffset 0 endOffset 11 width 87.00: "just a text"
      RenderSVGText {text} at (1900,4100) size 87x26 contains 1 chunk(s)
        RenderSVGInlineText {#text} at (0,0) size 87x26
          chunk 1 text run 1 at (1900.00,4120.00) startOffset 0 endOffset 11 width 87.00: "just a text"
      RenderSVGText {text} at (2000,4100) size 87x26 contains 1 chunk(s)
        RenderSVGInlineText {#text} at (0,0) size 87x26
          chunk 1 text run 1 at (2000.00,4120.00) startOffset 0 endOffset 11 width 87.00: "just a text"
      RenderSVGText {text} at (2100,4100) size 87x26 contains 1 chunk(s)
        RenderSVGInlineText {#text} at (0,0) size 87x26
          chunk 1 text run 1 at (2100.00,4120.00) startOffset 0 endOffset 11 width 87.00: "just a text"
      RenderSVGText {text} at (2200,4100) size 87x26 contains 1 chunk(s)
        RenderSVGInlineText {#text} at (0,0) size 87x26
          chunk 1 text run 1 at (2200.00,4120.00) startOffset 0 endOffset 11 width 87.00: "just a text"
      RenderSVGText {text} at (2300,4100) size 87x26 contains 1 chunk(s)
        RenderSVGInlineText {#text} at (0,0) size 87x26
          chunk 1 text run 1 at (2300.00,4120.00) startOffset 0 endOffset 11 width 87.00: "just a text"
      RenderSVGText {text} at (2400,4100) size 87x26 contains 1 chunk(s)
        RenderSVGInlineText {#text} at (0,0) size 87x26
          chunk 1 text run 1 at (2400.00,4120.00) startOffset 0 endOffset 11 width 87.00: "just a text"
      RenderSVGText {text} at (2500,4100) size 87x26 contains 1 chunk(s)
        RenderSVGInlineText {#text} at (0,0) size 87x26
          chunk 1 text run 1 at (2500.00,4120.00) startOffset 0 endOffset 11 width 87.00: "just a text"
      RenderSVGText {text} at (2600,4100) size 87x26 contains 1 chunk(s)
        RenderSVGInlineText {#text} at (0,0) size 87x26
          chunk 1 text run 1 at (2600.00,4120.00) startOffset 0 endOffset 11 width 87.00: "just a text"
      RenderSVGText {text} at (2700,4100) size 87x26 contains 1 chunk(s)
        RenderSVGInlineText {#text} at (0,0) size 87x26
          chunk 1 text run 1 at (2700.00,4120.00) startOffset 0 endOffset 11 width 87.00: "just a text"
      RenderSVGText {text} at (2800,4100) size 87x26 contains 1 chunk(s)
        RenderSVGInlineText {#text} at (0,0) size 87x26
          chunk 1 text run 1 at (2800.00,4120.00) startOffset 0 endOffset 11 width 87.00: "just a text"
      RenderSVGText {text} at (2900,4100) size 87x26 contains 1 chunk(s)
        RenderSVGInlineText {#text} at (0,0) size 87x26
          chunk 1 text run 1 at (2900.00,4120.00) startOffset 0 endOffset 11 width 87.00: "just a text"
      RenderSVGText {text} at (3000,4100) size 87x26 contains 1 chunk(s)
        RenderSVGInlineText {#text} at (0,0) size 87x26
          chunk 1 text run 1 at (3000.00,4120.00) startOffset 0 endOffset 11 width 87.00: "just a text"
      RenderSVGText {text} at (3100,4100) size 87x26 contains 1 chunk(s)
        RenderSVGInlineText {#text} at (0,0) size 87x26
          chunk 1 text run 1 at (3100.00,4120.00) startOffset 0 endOffset 11 width 87.00: "just a text"
      RenderSVGText {text} at (3200,4100) size 87x26 contains 1 chunk(s)
        RenderSVGInlineText {#text} at (0,0) size 87x26
          chunk 1 text run 1 at (3200.00,4120.00) startOffset 0 endOffset 11 width 87.00: "just a text"
      RenderSVGText {text} at (3300,4100) size 87x26 contains 1 chunk(s)
        RenderSVGInlineText {#text} at (0,0) size 87x26
          chunk 1 text run 1 at (3300.00,4120.00) startOffset 0 endOffset 11 width 87.00: "just a text"
      RenderSVGText {text} at (3400,4100) size 87x26 contains 1 chunk(s)
        RenderSVGInlineText {#text} at (0,0) size 87x26
          chunk 1 text run 1 at (3400.00,4120.00) startOffset 0 endOffset 11 width 87.00: "just a text"
      RenderSVGText {text} at (3500,4100) size 87x26 contains 1 chunk(s)
        RenderSVGInlineText {#text} at (0,0) size 87x26
          chunk 1 text run 1 at (3500.00,4120.00) startOffset 0 endOffset 11 width 87.00: "just a text"
      RenderSVGText {text} at (3600,4100) size 87x26 contains 1 chunk(s)
        RenderSVGInlineText {#text} at (0,0) size 87x26
          chunk 1 text run 1 at (3600.00,4120.00) startOffset 0 endOffset 11 width 87.00: "just a text"
      RenderSVGText {text} at (3700,4100) size 87x26 contains 1 chunk(s)
        RenderSVGInlineText {#text} at (0,0) size 87x26
          chunk 1 text run 1 at (3700.00,4120.00) startOffset 0 endOffset 11 width 87.00: "just a text"
      RenderSVGText {text} at (3800,4100) size 87x26 contains 1 chunk(s)
        RenderSVGInlineText {#text} at (0,0) size 87x26
          chunk 1 text run 1 at (3800.00,4120.00) startOffset 0 endOffset 11 width 87.00: "just a text"
      RenderSVGText {text} at (3900,4100) size 87x26 contains 1 chunk(s)
        RenderSVGInlineText {#text} at (0,0) size 87x26
          chunk 1 text run 1 at (3900.00,4120.00) startOffset 0 endOffset 11 width 87.00: "just a text"
      RenderSVGText {text} at (4000,4100) size 87x26 contains 1 chunk(s)
        RenderSVGInlineText {#text} at (0,0) size 87x26
          chunk 1 text run 1 at (4000.00,4120.00) startOffset 0 endOffset 11 width 87.00: "just a text"
      RenderSVGText {text} at (4100,4100) size 87x26 contains 1 chunk(s)
        RenderSVGInlineText {#text} at (0,0) size 87x26
          chunk 1 text run 1 at (4100.00,4120.00) startOffset 0 endOffset 11 width 87.00: "just a text"
      RenderSVGText {text} at (4200,4100) size 87x26 contains 1 chunk(s)
        RenderSVGInlineText {#text} at (0,0) size 87x26
          chunk 1 text run 1 at (4200.00,4120.00) startOffset 0 endOffset 11 width 87.00: "just a text"
      RenderSVGText {text} at (4300,4100) size 87x26 contains 1 chunk(s)
        RenderSVGInlineText {#text} at (0,0) size 87x26
          chunk 1 text run 1 at (4300.00,4120.00) startOffset 0 endOffset 11 width 87.00: "just a text"
      RenderSVGText {text} at (4400,4100) size 87x26 contains 1 chunk(s)
        RenderSVGInlineText {#text} at (0,0) size 87x26
          chunk 1 text run 1 at (4400.00,4120.00) startOffset 0 endOffset 11 width 87.00: "just a text"
      RenderSVGText {text} at (4500,4100) size 87x26 contains 1 chunk(s)
        RenderSVGInlineText {#text} at (0,0) size 87x26
          chunk 1 text run 1 at (4500.00,4120.00) startOffset 0 endOffset 11 width 87.00: "just a text"
      RenderSVGText {text} at (4600,4100) size 87x26 contains 1 chunk(s)
        RenderSVGInlineText {#text} at (0,0) size 87x26
          chunk 1 text run 1 at (4600.00,4120.00) startOffset 0 endOffset 11 width 87.00: "just a text"
      RenderSVGText {text} at (4700,4100) size 87x26 contains 1 chunk(s)
        RenderSVGInlineText {#text} at (0,0) size 87x26
          chunk 1 text run 1 at (4700.00,4120.00) startOffset 0 endOffset 11 width 87.00: "just a text"
      RenderSVGText {text} at (4800,4100) size 87x26 contains 1 chunk(s)
        RenderSVGInlineText {#text} at (0,0) size 87x26
          chunk 1 text run 1 at (4800.00,4120.00) startOffset 0 endOffset 11 width 87.00: "just a text"
      RenderSVGText {text} at (4900,4100) size 87x26 contains 1 chunk(s)
        RenderSVGInlineText {#text} at (0,0) size 87x26
          chunk 1 text run 1 at (4900.00,4120.00) startOffset 0 endOffset 11 width 87.00: "just a text"
      RenderSVGText {text} at (0,4200) size 87x26 contains 1 chunk(s)
        RenderSVGInlineText {#text} at (0,0) size 87x26
          chunk 1 text run 1 at (0.00,4220.00) startOffset 0 endOffset 11 width 87.00: "just a text"
      RenderSVGText {text} at (100,4200) size 87x26 contains 1 chunk(s)
        RenderSVGInlineText {#text} at (0,0) size 87x26
          chunk 1 text run 1 at (100.00,4220.00) startOffset 0 endOffset 11 width 87.00: "just a text"
      RenderSVGText {text} at (200,4200) size 87x26 contains 1 chunk(s)
        RenderSVGInlineText {#text} at (0,0) size 87x26
          chunk 1 text run 1 at (200.00,4220.00) startOffset 0 endOffset 11 width 87.00: "just a text"
      RenderSVGText {text} at (300,4200) size 87x26 contains 1 chunk(s)
        RenderSVGInlineText {#text} at (0,0) size 87x26
          chunk 1 text run 1 at (300.00,4220.00) startOffset 0 endOffset 11 width 87.00: "just a text"
      RenderSVGText {text} at (400,4200) size 87x26 contains 1 chunk(s)
        RenderSVGInlineText {#text} at (0,0) size 87x26
          chunk 1 text run 1 at (400.00,4220.00) startOffset 0 endOffset 11 width 87.00: "just a text"
      RenderSVGText {text} at (500,4200) size 87x26 contains 1 chunk(s)
        RenderSVGInlineText {#text} at (0,0) size 87x26
          chunk 1 text run 1 at (500.00,4220.00) startOffset 0 endOffset 11 width 87.00: "just a text"
      RenderSVGText {text} at (600,4200) size 87x26 contains 1 chunk(s)
        RenderSVGInlineText {#text} at (0,0) size 87x26
          chunk 1 text run 1 at (600.00,4220.00) startOffset 0 endOffset 11 width 87.00: "just a text"
      RenderSVGText {text} at (700,4200) size 87x26 contains 1 chunk(s)
        RenderSVGInlineText {#text} at (0,0) size 87x26
          chunk 1 text run 1 at (700.00,4220.00) startOffset 0 endOffset 11 width 87.00: "just a text"
      RenderSVGText {text} at (800,4200) size 87x26 contains 1 chunk(s)
        RenderSVGInlineText {#text} at (0,0) size 87x26
          chunk 1 text run 1 at (800.00,4220.00) startOffset 0 endOffset 11 width 87.00: "just a text"
      RenderSVGText {text} at (900,4200) size 87x26 contains 1 chunk(s)
        RenderSVGInlineText {#text} at (0,0) size 87x26
          chunk 1 text run 1 at (900.00,4220.00) startOffset 0 endOffset 11 width 87.00: "just a text"
      RenderSVGText {text} at (1000,4200) size 87x26 contains 1 chunk(s)
        RenderSVGInlineText {#text} at (0,0) size 87x26
          chunk 1 text run 1 at (1000.00,4220.00) startOffset 0 endOffset 11 width 87.00: "just a text"
      RenderSVGText {text} at (1100,4200) size 87x26 contains 1 chunk(s)
        RenderSVGInlineText {#text} at (0,0) size 87x26
          chunk 1 text run 1 at (1100.00,4220.00) startOffset 0 endOffset 11 width 87.00: "just a text"
      RenderSVGText {text} at (1200,4200) size 87x26 contains 1 chunk(s)
        RenderSVGInlineText {#text} at (0,0) size 87x26
          chunk 1 text run 1 at (1200.00,4220.00) startOffset 0 endOffset 11 width 87.00: "just a text"
      RenderSVGText {text} at (1300,4200) size 87x26 contains 1 chunk(s)
        RenderSVGInlineText {#text} at (0,0) size 87x26
          chunk 1 text run 1 at (1300.00,4220.00) startOffset 0 endOffset 11 width 87.00: "just a text"
      RenderSVGText {text} at (1400,4200) size 87x26 contains 1 chunk(s)
        RenderSVGInlineText {#text} at (0,0) size 87x26
          chunk 1 text run 1 at (1400.00,4220.00) startOffset 0 endOffset 11 width 87.00: "just a text"
      RenderSVGText {text} at (1500,4200) size 87x26 contains 1 chunk(s)
        RenderSVGInlineText {#text} at (0,0) size 87x26
          chunk 1 text run 1 at (1500.00,4220.00) startOffset 0 endOffset 11 width 87.00: "just a text"
      RenderSVGText {text} at (1600,4200) size 87x26 contains 1 chunk(s)
        RenderSVGInlineText {#text} at (0,0) size 87x26
          chunk 1 text run 1 at (1600.00,4220.00) startOffset 0 endOffset 11 width 87.00: "just a text"
      RenderSVGText {text} at (1700,4200) size 87x26 contains 1 chunk(s)
        RenderSVGInlineText {#text} at (0,0) size 87x26
          chunk 1 text run 1 at (1700.00,4220.00) startOffset 0 endOffset 11 width 87.00: "just a text"
      RenderSVGText {text} at (1800,4200) size 87x26 contains 1 chunk(s)
        RenderSVGInlineText {#text} at (0,0) size 87x26
          chunk 1 text run 1 at (1800.00,4220.00) startOffset 0 endOffset 11 width 87.00: "just a text"
      RenderSVGText {text} at (1900,4200) size 87x26 contains 1 chunk(s)
        RenderSVGInlineText {#text} at (0,0) size 87x26
          chunk 1 text run 1 at (1900.00,4220.00) startOffset 0 endOffset 11 width 87.00: "just a text"
      RenderSVGText {text} at (2000,4200) size 87x26 contains 1 chunk(s)
        RenderSVGInlineText {#text} at (0,0) size 87x26
          chunk 1 text run 1 at (2000.00,4220.00) startOffset 0 endOffset 11 width 87.00: "just a text"
      RenderSVGText {text} at (2100,4200) size 87x26 contains 1 chunk(s)
        RenderSVGInlineText {#text} at (0,0) size 87x26
          chunk 1 text run 1 at (2100.00,4220.00) startOffset 0 endOffset 11 width 87.00: "just a text"
      RenderSVGText {text} at (2200,4200) size 87x26 contains 1 chunk(s)
        RenderSVGInlineText {#text} at (0,0) size 87x26
          chunk 1 text run 1 at (2200.00,4220.00) startOffset 0 endOffset 11 width 87.00: "just a text"
      RenderSVGText {text} at (2300,4200) size 87x26 contains 1 chunk(s)
        RenderSVGInlineText {#text} at (0,0) size 87x26
          chunk 1 text run 1 at (2300.00,4220.00) startOffset 0 endOffset 11 width 87.00: "just a text"
      RenderSVGText {text} at (2400,4200) size 87x26 contains 1 chunk(s)
        RenderSVGInlineText {#text} at (0,0) size 87x26
          chunk 1 text run 1 at (2400.00,4220.00) startOffset 0 endOffset 11 width 87.00: "just a text"
      RenderSVGText {text} at (2500,4200) size 87x26 contains 1 chunk(s)
        RenderSVGInlineText {#text} at (0,0) size 87x26
          chunk 1 text run 1 at (2500.00,4220.00) startOffset 0 endOffset 11 width 87.00: "just a text"
      RenderSVGText {text} at (2600,4200) size 87x26 contains 1 chunk(s)
        RenderSVGInlineText {#text} at (0,0) size 87x26
          chunk 1 text run 1 at (2600.00,4220.00) startOffset 0 endOffset 11 width 87.00: "just a text"
      RenderSVGText {text} at (2700,4200) size 87x26 contains 1 chunk(s)
        RenderSVGInlineText {#text} at (0,0) size 87x26
          chunk 1 text run 1 at (2700.00,4220.00) startOffset 0 endOffset 11 width 87.00: "just a text"
      RenderSVGText {text} at (2800,4200) size 87x26 contains 1 chunk(s)
        RenderSVGInlineText {#text} at (0,0) size 87x26
          chunk 1 text run 1 at (2800.00,4220.00) startOffset 0 endOffset 11 width 87.00: "just a text"
      RenderSVGText {text} at (2900,4200) size 87x26 contains 1 chunk(s)
        RenderSVGInlineText {#text} at (0,0) size 87x26
          chunk 1 text run 1 at (2900.00,4220.00) startOffset 0 endOffset 11 width 87.00: "just a text"
      RenderSVGText {text} at (3000,4200) size 87x26 contains 1 chunk(s)
        RenderSVGInlineText {#text} at (0,0) size 87x26
          chunk 1 text run 1 at (3000.00,4220.00) startOffset 0 endOffset 11 width 87.00: "just a text"
      RenderSVGText {text} at (3100,4200) size 87x26 contains 1 chunk(s)
        RenderSVGInlineText {#text} at (0,0) size 87x26
          chunk 1 text run 1 at (3100.00,4220.00) startOffset 0 endOffset 11 width 87.00: "just a text"
      RenderSVGText {text} at (3200,4200) size 87x26 contains 1 chunk(s)
        RenderSVGInlineText {#text} at (0,0) size 87x26
          chunk 1 text run 1 at (3200.00,4220.00) startOffset 0 endOffset 11 width 87.00: "just a text"
      RenderSVGText {text} at (3300,4200) size 87x26 contains 1 chunk(s)
        RenderSVGInlineText {#text} at (0,0) size 87x26
          chunk 1 text run 1 at (3300.00,4220.00) startOffset 0 endOffset 11 width 87.00: "just a text"
      RenderSVGText {text} at (3400,4200) size 87x26 contains 1 chunk(s)
        RenderSVGInlineText {#text} at (0,0) size 87x26
          chunk 1 text run 1 at (3400.00,4220.00) startOffset 0 endOffset 11 width 87.00: "just a text"
      RenderSVGText {text} at (3500,4200) size 87x26 contains 1 chunk(s)
        RenderSVGInlineText {#text} at (0,0) size 87x26
          chunk 1 text run 1 at (3500.00,4220.00) startOffset 0 endOffset 11 width 87.00: "just a text"
      RenderSVGText {text} at (3600,4200) size 87x26 contains 1 chunk(s)
        RenderSVGInlineText {#text} at (0,0) size 87x26
          chunk 1 text run 1 at (3600.00,4220.00) startOffset 0 endOffset 11 width 87.00: "just a text"
      RenderSVGText {text} at (3700,4200) size 87x26 contains 1 chunk(s)
        RenderSVGInlineText {#text} at (0,0) size 87x26
          chunk 1 text run 1 at (3700.00,4220.00) startOffset 0 endOffset 11 width 87.00: "just a text"
      RenderSVGText {text} at (3800,4200) size 87x26 contains 1 chunk(s)
        RenderSVGInlineText {#text} at (0,0) size 87x26
          chunk 1 text run 1 at (3800.00,4220.00) startOffset 0 endOffset 11 width 87.00: "just a text"
      RenderSVGText {text} at (3900,4200) size 87x26 contains 1 chunk(s)
        RenderSVGInlineText {#text} at (0,0) size 87x26
          chunk 1 text run 1 at (3900.00,4220.00) startOffset 0 endOffset 11 width 87.00: "just a text"
      RenderSVGText {text} at (4000,4200) size 87x26 contains 1 chunk(s)
        RenderSVGInlineText {#text} at (0,0) size 87x26
          chunk 1 text run 1 at (4000.00,4220.00) startOffset 0 endOffset 11 width 87.00: "just a text"
      RenderSVGText {text} at (4100,4200) size 87x26 contains 1 chunk(s)
        RenderSVGInlineText {#text} at (0,0) size 87x26
          chunk 1 text run 1 at (4100.00,4220.00) startOffset 0 endOffset 11 width 87.00: "just a text"
      RenderSVGText {text} at (4200,4200) size 87x26 contains 1 chunk(s)
        RenderSVGInlineText {#text} at (0,0) size 87x26
          chunk 1 text run 1 at (4200.00,4220.00) startOffset 0 endOffset 11 width 87.00: "just a text"
      RenderSVGText {text} at (4300,4200) size 87x26 contains 1 chunk(s)
        RenderSVGInlineText {#text} at (0,0) size 87x26
          chunk 1 text run 1 at (4300.00,4220.00) startOffset 0 endOffset 11 width 87.00: "just a text"
      RenderSVGText {text} at (4400,4200) size 87x26 contains 1 chunk(s)
        RenderSVGInlineText {#text} at (0,0) size 87x26
          chunk 1 text run 1 at (4400.00,4220.00) startOffset 0 endOffset 11 width 87.00: "just a text"
      RenderSVGText {text} at (4500,4200) size 87x26 contains 1 chunk(s)
        RenderSVGInlineText {#text} at (0,0) size 87x26
          chunk 1 text run 1 at (4500.00,4220.00) startOffset 0 endOffset 11 width 87.00: "just a text"
      RenderSVGText {text} at (4600,4200) size 87x26 contains 1 chunk(s)
        RenderSVGInlineText {#text} at (0,0) size 87x26
          chunk 1 text run 1 at (4600.00,4220.00) startOffset 0 endOffset 11 width 87.00: "just a text"
      RenderSVGText {text} at (4700,4200) size 87x26 contains 1 chunk(s)
        RenderSVGInlineText {#text} at (0,0) size 87x26
          chunk 1 text run 1 at (4700.00,4220.00) startOffset 0 endOffset 11 width 87.00: "just a text"
      RenderSVGText {text} at (4800,4200) size 87x26 contains 1 chunk(s)
        RenderSVGInlineText {#text} at (0,0) size 87x26
          chunk 1 text run 1 at (4800.00,4220.00) startOffset 0 endOffset 11 width 87.00: "just a text"
      RenderSVGText {text} at (4900,4200) size 87x26 contains 1 chunk(s)
        RenderSVGInlineText {#text} at (0,0) size 87x26
          chunk 1 text run 1 at (4900.00,4220.00) startOffset 0 endOffset 11 width 87.00: "just a text"
      RenderSVGText {text} at (0,4300) size 87x26 contains 1 chunk(s)
        RenderSVGInlineText {#text} at (0,0) size 87x26
          chunk 1 text run 1 at (0.00,4320.00) startOffset 0 endOffset 11 width 87.00: "just a text"
      RenderSVGText {text} at (100,4300) size 87x26 contains 1 chunk(s)
        RenderSVGInlineText {#text} at (0,0) size 87x26
          chunk 1 text run 1 at (100.00,4320.00) startOffset 0 endOffset 11 width 87.00: "just a text"
      RenderSVGText {text} at (200,4300) size 87x26 contains 1 chunk(s)
        RenderSVGInlineText {#text} at (0,0) size 87x26
          chunk 1 text run 1 at (200.00,4320.00) startOffset 0 endOffset 11 width 87.00: "just a text"
      RenderSVGText {text} at (300,4300) size 87x26 contains 1 chunk(s)
        RenderSVGInlineText {#text} at (0,0) size 87x26
          chunk 1 text run 1 at (300.00,4320.00) startOffset 0 endOffset 11 width 87.00: "just a text"
      RenderSVGText {text} at (400,4300) size 87x26 contains 1 chunk(s)
        RenderSVGInlineText {#text} at (0,0) size 87x26
          chunk 1 text run 1 at (400.00,4320.00) startOffset 0 endOffset 11 width 87.00: "just a text"
      RenderSVGText {text} at (500,4300) size 87x26 contains 1 chunk(s)
        RenderSVGInlineText {#text} at (0,0) size 87x26
          chunk 1 text run 1 at (500.00,4320.00) startOffset 0 endOffset 11 width 87.00: "just a text"
      RenderSVGText {text} at (600,4300) size 87x26 contains 1 chunk(s)
        RenderSVGInlineText {#text} at (0,0) size 87x26
          chunk 1 text run 1 at (600.00,4320.00) startOffset 0 endOffset 11 width 87.00: "just a text"
      RenderSVGText {text} at (700,4300) size 87x26 contains 1 chunk(s)
        RenderSVGInlineText {#text} at (0,0) size 87x26
          chunk 1 text run 1 at (700.00,4320.00) startOffset 0 endOffset 11 width 87.00: "just a text"
      RenderSVGText {text} at (800,4300) size 87x26 contains 1 chunk(s)
        RenderSVGInlineText {#text} at (0,0) size 87x26
          chunk 1 text run 1 at (800.00,4320.00) startOffset 0 endOffset 11 width 87.00: "just a text"
      RenderSVGText {text} at (900,4300) size 87x26 contains 1 chunk(s)
        RenderSVGInlineText {#text} at (0,0) size 87x26
          chunk 1 text run 1 at (900.00,4320.00) startOffset 0 endOffset 11 width 87.00: "just a text"
      RenderSVGText {text} at (1000,4300) size 87x26 contains 1 chunk(s)
        RenderSVGInlineText {#text} at (0,0) size 87x26
          chunk 1 text run 1 at (1000.00,4320.00) startOffset 0 endOffset 11 width 87.00: "just a text"
      RenderSVGText {text} at (1100,4300) size 87x26 contains 1 chunk(s)
        RenderSVGInlineText {#text} at (0,0) size 87x26
          chunk 1 text run 1 at (1100.00,4320.00) startOffset 0 endOffset 11 width 87.00: "just a text"
      RenderSVGText {text} at (1200,4300) size 87x26 contains 1 chunk(s)
        RenderSVGInlineText {#text} at (0,0) size 87x26
          chunk 1 text run 1 at (1200.00,4320.00) startOffset 0 endOffset 11 width 87.00: "just a text"
      RenderSVGText {text} at (1300,4300) size 87x26 contains 1 chunk(s)
        RenderSVGInlineText {#text} at (0,0) size 87x26
          chunk 1 text run 1 at (1300.00,4320.00) startOffset 0 endOffset 11 width 87.00: "just a text"
      RenderSVGText {text} at (1400,4300) size 87x26 contains 1 chunk(s)
        RenderSVGInlineText {#text} at (0,0) size 87x26
          chunk 1 text run 1 at (1400.00,4320.00) startOffset 0 endOffset 11 width 87.00: "just a text"
      RenderSVGText {text} at (1500,4300) size 87x26 contains 1 chunk(s)
        RenderSVGInlineText {#text} at (0,0) size 87x26
          chunk 1 text run 1 at (1500.00,4320.00) startOffset 0 endOffset 11 width 87.00: "just a text"
      RenderSVGText {text} at (1600,4300) size 87x26 contains 1 chunk(s)
        RenderSVGInlineText {#text} at (0,0) size 87x26
          chunk 1 text run 1 at (1600.00,4320.00) startOffset 0 endOffset 11 width 87.00: "just a text"
      RenderSVGText {text} at (1700,4300) size 87x26 contains 1 chunk(s)
        RenderSVGInlineText {#text} at (0,0) size 87x26
          chunk 1 text run 1 at (1700.00,4320.00) startOffset 0 endOffset 11 width 87.00: "just a text"
      RenderSVGText {text} at (1800,4300) size 87x26 contains 1 chunk(s)
        RenderSVGInlineText {#text} at (0,0) size 87x26
          chunk 1 text run 1 at (1800.00,4320.00) startOffset 0 endOffset 11 width 87.00: "just a text"
      RenderSVGText {text} at (1900,4300) size 87x26 contains 1 chunk(s)
        RenderSVGInlineText {#text} at (0,0) size 87x26
          chunk 1 text run 1 at (1900.00,4320.00) startOffset 0 endOffset 11 width 87.00: "just a text"
      RenderSVGText {text} at (2000,4300) size 87x26 contains 1 chunk(s)
        RenderSVGInlineText {#text} at (0,0) size 87x26
          chunk 1 text run 1 at (2000.00,4320.00) startOffset 0 endOffset 11 width 87.00: "just a text"
      RenderSVGText {text} at (2100,4300) size 87x26 contains 1 chunk(s)
        RenderSVGInlineText {#text} at (0,0) size 87x26
          chunk 1 text run 1 at (2100.00,4320.00) startOffset 0 endOffset 11 width 87.00: "just a text"
      RenderSVGText {text} at (2200,4300) size 87x26 contains 1 chunk(s)
        RenderSVGInlineText {#text} at (0,0) size 87x26
          chunk 1 text run 1 at (2200.00,4320.00) startOffset 0 endOffset 11 width 87.00: "just a text"
      RenderSVGText {text} at (2300,4300) size 87x26 contains 1 chunk(s)
        RenderSVGInlineText {#text} at (0,0) size 87x26
          chunk 1 text run 1 at (2300.00,4320.00) startOffset 0 endOffset 11 width 87.00: "just a text"
      RenderSVGText {text} at (2400,4300) size 87x26 contains 1 chunk(s)
        RenderSVGInlineText {#text} at (0,0) size 87x26
          chunk 1 text run 1 at (2400.00,4320.00) startOffset 0 endOffset 11 width 87.00: "just a text"
      RenderSVGText {text} at (2500,4300) size 87x26 contains 1 chunk(s)
        RenderSVGInlineText {#text} at (0,0) size 87x26
          chunk 1 text run 1 at (2500.00,4320.00) startOffset 0 endOffset 11 width 87.00: "just a text"
      RenderSVGText {text} at (2600,4300) size 87x26 contains 1 chunk(s)
        RenderSVGInlineText {#text} at (0,0) size 87x26
          chunk 1 text run 1 at (2600.00,4320.00) startOffset 0 endOffset 11 width 87.00: "just a text"
      RenderSVGText {text} at (2700,4300) size 87x26 contains 1 chunk(s)
        RenderSVGInlineText {#text} at (0,0) size 87x26
          chunk 1 text run 1 at (2700.00,4320.00) startOffset 0 endOffset 11 width 87.00: "just a text"
      RenderSVGText {text} at (2800,4300) size 87x26 contains 1 chunk(s)
        RenderSVGInlineText {#text} at (0,0) size 87x26
          chunk 1 text run 1 at (2800.00,4320.00) startOffset 0 endOffset 11 width 87.00: "just a text"
      RenderSVGText {text} at (2900,4300) size 87x26 contains 1 chunk(s)
        RenderSVGInlineText {#text} at (0,0) size 87x26
          chunk 1 text run 1 at (2900.00,4320.00) startOffset 0 endOffset 11 width 87.00: "just a text"
      RenderSVGText {text} at (3000,4300) size 87x26 contains 1 chunk(s)
        RenderSVGInlineText {#text} at (0,0) size 87x26
          chunk 1 text run 1 at (3000.00,4320.00) startOffset 0 endOffset 11 width 87.00: "just a text"
      RenderSVGText {text} at (3100,4300) size 87x26 contains 1 chunk(s)
        RenderSVGInlineText {#text} at (0,0) size 87x26
          chunk 1 text run 1 at (3100.00,4320.00) startOffset 0 endOffset 11 width 87.00: "just a text"
      RenderSVGText {text} at (3200,4300) size 87x26 contains 1 chunk(s)
        RenderSVGInlineText {#text} at (0,0) size 87x26
          chunk 1 text run 1 at (3200.00,4320.00) startOffset 0 endOffset 11 width 87.00: "just a text"
      RenderSVGText {text} at (3300,4300) size 87x26 contains 1 chunk(s)
        RenderSVGInlineText {#text} at (0,0) size 87x26
          chunk 1 text run 1 at (3300.00,4320.00) startOffset 0 endOffset 11 width 87.00: "just a text"
      RenderSVGText {text} at (3400,4300) size 87x26 contains 1 chunk(s)
        RenderSVGInlineText {#text} at (0,0) size 87x26
          chunk 1 text run 1 at (3400.00,4320.00) startOffset 0 endOffset 11 width 87.00: "just a text"
      RenderSVGText {text} at (3500,4300) size 87x26 contains 1 chunk(s)
        RenderSVGInlineText {#text} at (0,0) size 87x26
          chunk 1 text run 1 at (3500.00,4320.00) startOffset 0 endOffset 11 width 87.00: "just a text"
      RenderSVGText {text} at (3600,4300) size 87x26 contains 1 chunk(s)
        RenderSVGInlineText {#text} at (0,0) size 87x26
          chunk 1 text run 1 at (3600.00,4320.00) startOffset 0 endOffset 11 width 87.00: "just a text"
      RenderSVGText {text} at (3700,4300) size 87x26 contains 1 chunk(s)
        RenderSVGInlineText {#text} at (0,0) size 87x26
          chunk 1 text run 1 at (3700.00,4320.00) startOffset 0 endOffset 11 width 87.00: "just a text"
      RenderSVGText {text} at (3800,4300) size 87x26 contains 1 chunk(s)
        RenderSVGInlineText {#text} at (0,0) size 87x26
          chunk 1 text run 1 at (3800.00,4320.00) startOffset 0 endOffset 11 width 87.00: "just a text"
      RenderSVGText {text} at (3900,4300) size 87x26 contains 1 chunk(s)
        RenderSVGInlineText {#text} at (0,0) size 87x26
          chunk 1 text run 1 at (3900.00,4320.00) startOffset 0 endOffset 11 width 87.00: "just a text"
      RenderSVGText {text} at (4000,4300) size 87x26 contains 1 chunk(s)
        RenderSVGInlineText {#text} at (0,0) size 87x26
          chunk 1 text run 1 at (4000.00,4320.00) startOffset 0 endOffset 11 width 87.00: "just a text"
      RenderSVGText {text} at (4100,4300) size 87x26 contains 1 chunk(s)
        RenderSVGInlineText {#text} at (0,0) size 87x26
          chunk 1 text run 1 at (4100.00,4320.00) startOffset 0 endOffset 11 width 87.00: "just a text"
      RenderSVGText {text} at (4200,4300) size 87x26 contains 1 chunk(s)
        RenderSVGInlineText {#text} at (0,0) size 87x26
          chunk 1 text run 1 at (4200.00,4320.00) startOffset 0 endOffset 11 width 87.00: "just a text"
      RenderSVGText {text} at (4300,4300) size 87x26 contains 1 chunk(s)
        RenderSVGInlineText {#text} at (0,0) size 87x26
          chunk 1 text run 1 at (4300.00,4320.00) startOffset 0 endOffset 11 width 87.00: "just a text"
      RenderSVGText {text} at (4400,4300) size 87x26 contains 1 chunk(s)
        RenderSVGInlineText {#text} at (0,0) size 87x26
          chunk 1 text run 1 at (4400.00,4320.00) startOffset 0 endOffset 11 width 87.00: "just a text"
      RenderSVGText {text} at (4500,4300) size 87x26 contains 1 chunk(s)
        RenderSVGInlineText {#text} at (0,0) size 87x26
          chunk 1 text run 1 at (4500.00,4320.00) startOffset 0 endOffset 11 width 87.00: "just a text"
      RenderSVGText {text} at (4600,4300) size 87x26 contains 1 chunk(s)
        RenderSVGInlineText {#text} at (0,0) size 87x26
          chunk 1 text run 1 at (4600.00,4320.00) startOffset 0 endOffset 11 width 87.00: "just a text"
      RenderSVGText {text} at (4700,4300) size 87x26 contains 1 chunk(s)
        RenderSVGInlineText {#text} at (0,0) size 87x26
          chunk 1 text run 1 at (4700.00,4320.00) startOffset 0 endOffset 11 width 87.00: "just a text"
      RenderSVGText {text} at (4800,4300) size 87x26 contains 1 chunk(s)
        RenderSVGInlineText {#text} at (0,0) size 87x26
          chunk 1 text run 1 at (4800.00,4320.00) startOffset 0 endOffset 11 width 87.00: "just a text"
      RenderSVGText {text} at (4900,4300) size 87x26 contains 1 chunk(s)
        RenderSVGInlineText {#text} at (0,0) size 87x26
          chunk 1 text run 1 at (4900.00,4320.00) startOffset 0 endOffset 11 width 87.00: "just a text"
      RenderSVGText {text} at (0,4400) size 87x26 contains 1 chunk(s)
        RenderSVGInlineText {#text} at (0,0) size 87x26
          chunk 1 text run 1 at (0.00,4420.00) startOffset 0 endOffset 11 width 87.00: "just a text"
      RenderSVGText {text} at (100,4400) size 87x26 contains 1 chunk(s)
        RenderSVGInlineText {#text} at (0,0) size 87x26
          chunk 1 text run 1 at (100.00,4420.00) startOffset 0 endOffset 11 width 87.00: "just a text"
      RenderSVGText {text} at (200,4400) size 87x26 contains 1 chunk(s)
        RenderSVGInlineText {#text} at (0,0) size 87x26
          chunk 1 text run 1 at (200.00,4420.00) startOffset 0 endOffset 11 width 87.00: "just a text"
      RenderSVGText {text} at (300,4400) size 87x26 contains 1 chunk(s)
        RenderSVGInlineText {#text} at (0,0) size 87x26
          chunk 1 text run 1 at (300.00,4420.00) startOffset 0 endOffset 11 width 87.00: "just a text"
      RenderSVGText {text} at (400,4400) size 87x26 contains 1 chunk(s)
        RenderSVGInlineText {#text} at (0,0) size 87x26
          chunk 1 text run 1 at (400.00,4420.00) startOffset 0 endOffset 11 width 87.00: "just a text"
      RenderSVGText {text} at (500,4400) size 87x26 contains 1 chunk(s)
        RenderSVGInlineText {#text} at (0,0) size 87x26
          chunk 1 text run 1 at (500.00,4420.00) startOffset 0 endOffset 11 width 87.00: "just a text"
      RenderSVGText {text} at (600,4400) size 87x26 contains 1 chunk(s)
        RenderSVGInlineText {#text} at (0,0) size 87x26
          chunk 1 text run 1 at (600.00,4420.00) startOffset 0 endOffset 11 width 87.00: "just a text"
      RenderSVGText {text} at (700,4400) size 87x26 contains 1 chunk(s)
        RenderSVGInlineText {#text} at (0,0) size 87x26
          chunk 1 text run 1 at (700.00,4420.00) startOffset 0 endOffset 11 width 87.00: "just a text"
      RenderSVGText {text} at (800,4400) size 87x26 contains 1 chunk(s)
        RenderSVGInlineText {#text} at (0,0) size 87x26
          chunk 1 text run 1 at (800.00,4420.00) startOffset 0 endOffset 11 width 87.00: "just a text"
      RenderSVGText {text} at (900,4400) size 87x26 contains 1 chunk(s)
        RenderSVGInlineText {#text} at (0,0) size 87x26
          chunk 1 text run 1 at (900.00,4420.00) startOffset 0 endOffset 11 width 87.00: "just a text"
      RenderSVGText {text} at (1000,4400) size 87x26 contains 1 chunk(s)
        RenderSVGInlineText {#text} at (0,0) size 87x26
          chunk 1 text run 1 at (1000.00,4420.00) startOffset 0 endOffset 11 width 87.00: "just a text"
      RenderSVGText {text} at (1100,4400) size 87x26 contains 1 chunk(s)
        RenderSVGInlineText {#text} at (0,0) size 87x26
          chunk 1 text run 1 at (1100.00,4420.00) startOffset 0 endOffset 11 width 87.00: "just a text"
      RenderSVGText {text} at (1200,4400) size 87x26 contains 1 chunk(s)
        RenderSVGInlineText {#text} at (0,0) size 87x26
          chunk 1 text run 1 at (1200.00,4420.00) startOffset 0 endOffset 11 width 87.00: "just a text"
      RenderSVGText {text} at (1300,4400) size 87x26 contains 1 chunk(s)
        RenderSVGInlineText {#text} at (0,0) size 87x26
          chunk 1 text run 1 at (1300.00,4420.00) startOffset 0 endOffset 11 width 87.00: "just a text"
      RenderSVGText {text} at (1400,4400) size 87x26 contains 1 chunk(s)
        RenderSVGInlineText {#text} at (0,0) size 87x26
          chunk 1 text run 1 at (1400.00,4420.00) startOffset 0 endOffset 11 width 87.00: "just a text"
      RenderSVGText {text} at (1500,4400) size 87x26 contains 1 chunk(s)
        RenderSVGInlineText {#text} at (0,0) size 87x26
          chunk 1 text run 1 at (1500.00,4420.00) startOffset 0 endOffset 11 width 87.00: "just a text"
      RenderSVGText {text} at (1600,4400) size 87x26 contains 1 chunk(s)
        RenderSVGInlineText {#text} at (0,0) size 87x26
          chunk 1 text run 1 at (1600.00,4420.00) startOffset 0 endOffset 11 width 87.00: "just a text"
      RenderSVGText {text} at (1700,4400) size 87x26 contains 1 chunk(s)
        RenderSVGInlineText {#text} at (0,0) size 87x26
          chunk 1 text run 1 at (1700.00,4420.00) startOffset 0 endOffset 11 width 87.00: "just a text"
      RenderSVGText {text} at (1800,4400) size 87x26 contains 1 chunk(s)
        RenderSVGInlineText {#text} at (0,0) size 87x26
          chunk 1 text run 1 at (1800.00,4420.00) startOffset 0 endOffset 11 width 87.00: "just a text"
      RenderSVGText {text} at (1900,4400) size 87x26 contains 1 chunk(s)
        RenderSVGInlineText {#text} at (0,0) size 87x26
          chunk 1 text run 1 at (1900.00,4420.00) startOffset 0 endOffset 11 width 87.00: "just a text"
      RenderSVGText {text} at (2000,4400) size 87x26 contains 1 chunk(s)
        RenderSVGInlineText {#text} at (0,0) size 87x26
          chunk 1 text run 1 at (2000.00,4420.00) startOffset 0 endOffset 11 width 87.00: "just a text"
      RenderSVGText {text} at (2100,4400) size 87x26 contains 1 chunk(s)
        RenderSVGInlineText {#text} at (0,0) size 87x26
          chunk 1 text run 1 at (2100.00,4420.00) startOffset 0 endOffset 11 width 87.00: "just a text"
      RenderSVGText {text} at (2200,4400) size 87x26 contains 1 chunk(s)
        RenderSVGInlineText {#text} at (0,0) size 87x26
          chunk 1 text run 1 at (2200.00,4420.00) startOffset 0 endOffset 11 width 87.00: "just a text"
      RenderSVGText {text} at (2300,4400) size 87x26 contains 1 chunk(s)
        RenderSVGInlineText {#text} at (0,0) size 87x26
          chunk 1 text run 1 at (2300.00,4420.00) startOffset 0 endOffset 11 width 87.00: "just a text"
      RenderSVGText {text} at (2400,4400) size 87x26 contains 1 chunk(s)
        RenderSVGInlineText {#text} at (0,0) size 87x26
          chunk 1 text run 1 at (2400.00,4420.00) startOffset 0 endOffset 11 width 87.00: "just a text"
      RenderSVGText {text} at (2500,4400) size 87x26 contains 1 chunk(s)
        RenderSVGInlineText {#text} at (0,0) size 87x26
          chunk 1 text run 1 at (2500.00,4420.00) startOffset 0 endOffset 11 width 87.00: "just a text"
      RenderSVGText {text} at (2600,4400) size 87x26 contains 1 chunk(s)
        RenderSVGInlineText {#text} at (0,0) size 87x26
          chunk 1 text run 1 at (2600.00,4420.00) startOffset 0 endOffset 11 width 87.00: "just a text"
      RenderSVGText {text} at (2700,4400) size 87x26 contains 1 chunk(s)
        RenderSVGInlineText {#text} at (0,0) size 87x26
          chunk 1 text run 1 at (2700.00,4420.00) startOffset 0 endOffset 11 width 87.00: "just a text"
      RenderSVGText {text} at (2800,4400) size 87x26 contains 1 chunk(s)
        RenderSVGInlineText {#text} at (0,0) size 87x26
          chunk 1 text run 1 at (2800.00,4420.00) startOffset 0 endOffset 11 width 87.00: "just a text"
      RenderSVGText {text} at (2900,4400) size 87x26 contains 1 chunk(s)
        RenderSVGInlineText {#text} at (0,0) size 87x26
          chunk 1 text run 1 at (2900.00,4420.00) startOffset 0 endOffset 11 width 87.00: "just a text"
      RenderSVGText {text} at (3000,4400) size 87x26 contains 1 chunk(s)
        RenderSVGInlineText {#text} at (0,0) size 87x26
          chunk 1 text run 1 at (3000.00,4420.00) startOffset 0 endOffset 11 width 87.00: "just a text"
      RenderSVGText {text} at (3100,4400) size 87x26 contains 1 chunk(s)
        RenderSVGInlineText {#text} at (0,0) size 87x26
          chunk 1 text run 1 at (3100.00,4420.00) startOffset 0 endOffset 11 width 87.00: "just a text"
      RenderSVGText {text} at (3200,4400) size 87x26 contains 1 chunk(s)
        RenderSVGInlineText {#text} at (0,0) size 87x26
          chunk 1 text run 1 at (3200.00,4420.00) startOffset 0 endOffset 11 width 87.00: "just a text"
      RenderSVGText {text} at (3300,4400) size 87x26 contains 1 chunk(s)
        RenderSVGInlineText {#text} at (0,0) size 87x26
          chunk 1 text run 1 at (3300.00,4420.00) startOffset 0 endOffset 11 width 87.00: "just a text"
      RenderSVGText {text} at (3400,4400) size 87x26 contains 1 chunk(s)
        RenderSVGInlineText {#text} at (0,0) size 87x26
          chunk 1 text run 1 at (3400.00,4420.00) startOffset 0 endOffset 11 width 87.00: "just a text"
      RenderSVGText {text} at (3500,4400) size 87x26 contains 1 chunk(s)
        RenderSVGInlineText {#text} at (0,0) size 87x26
          chunk 1 text run 1 at (3500.00,4420.00) startOffset 0 endOffset 11 width 87.00: "just a text"
      RenderSVGText {text} at (3600,4400) size 87x26 contains 1 chunk(s)
        RenderSVGInlineText {#text} at (0,0) size 87x26
          chunk 1 text run 1 at (3600.00,4420.00) startOffset 0 endOffset 11 width 87.00: "just a text"
      RenderSVGText {text} at (3700,4400) size 87x26 contains 1 chunk(s)
        RenderSVGInlineText {#text} at (0,0) size 87x26
          chunk 1 text run 1 at (3700.00,4420.00) startOffset 0 endOffset 11 width 87.00: "just a text"
      RenderSVGText {text} at (3800,4400) size 87x26 contains 1 chunk(s)
        RenderSVGInlineText {#text} at (0,0) size 87x26
          chunk 1 text run 1 at (3800.00,4420.00) startOffset 0 endOffset 11 width 87.00: "just a text"
      RenderSVGText {text} at (3900,4400) size 87x26 contains 1 chunk(s)
        RenderSVGInlineText {#text} at (0,0) size 87x26
          chunk 1 text run 1 at (3900.00,4420.00) startOffset 0 endOffset 11 width 87.00: "just a text"
      RenderSVGText {text} at (4000,4400) size 87x26 contains 1 chunk(s)
        RenderSVGInlineText {#text} at (0,0) size 87x26
          chunk 1 text run 1 at (4000.00,4420.00) startOffset 0 endOffset 11 width 87.00: "just a text"
      RenderSVGText {text} at (4100,4400) size 87x26 contains 1 chunk(s)
        RenderSVGInlineText {#text} at (0,0) size 87x26
          chunk 1 text run 1 at (4100.00,4420.00) startOffset 0 endOffset 11 width 87.00: "just a text"
      RenderSVGText {text} at (4200,4400) size 87x26 contains 1 chunk(s)
        RenderSVGInlineText {#text} at (0,0) size 87x26
          chunk 1 text run 1 at (4200.00,4420.00) startOffset 0 endOffset 11 width 87.00: "just a text"
      RenderSVGText {text} at (4300,4400) size 87x26 contains 1 chunk(s)
        RenderSVGInlineText {#text} at (0,0) size 87x26
          chunk 1 text run 1 at (4300.00,4420.00) startOffset 0 endOffset 11 width 87.00: "just a text"
      RenderSVGText {text} at (4400,4400) size 87x26 contains 1 chunk(s)
        RenderSVGInlineText {#text} at (0,0) size 87x26
          chunk 1 text run 1 at (4400.00,4420.00) startOffset 0 endOffset 11 width 87.00: "just a text"
      RenderSVGText {text} at (4500,4400) size 87x26 contains 1 chunk(s)
        RenderSVGInlineText {#text} at (0,0) size 87x26
          chunk 1 text run 1 at (4500.00,4420.00) startOffset 0 endOffset 11 width 87.00: "just a text"
      RenderSVGText {text} at (4600,4400) size 87x26 contains 1 chunk(s)
        RenderSVGInlineText {#text} at (0,0) size 87x26
          chunk 1 text run 1 at (4600.00,4420.00) startOffset 0 endOffset 11 width 87.00: "just a text"
      RenderSVGText {text} at (4700,4400) size 87x26 contains 1 chunk(s)
        RenderSVGInlineText {#text} at (0,0) size 87x26
          chunk 1 text run 1 at (4700.00,4420.00) startOffset 0 endOffset 11 width 87.00: "just a text"
      RenderSVGText {text} at (4800,4400) size 87x26 contains 1 chunk(s)
        RenderSVGInlineText {#text} at (0,0) size 87x26
          chunk 1 text run 1 at (4800.00,4420.00) startOffset 0 endOffset 11 width 87.00: "just a text"
      RenderSVGText {text} at (4900,4400) size 87x26 contains 1 chunk(s)
        RenderSVGInlineText {#text} at (0,0) size 87x26
          chunk 1 text run 1 at (4900.00,4420.00) startOffset 0 endOffset 11 width 87.00: "just a text"
      RenderSVGText {text} at (0,4500) size 87x26 contains 1 chunk(s)
        RenderSVGInlineText {#text} at (0,0) size 87x26
          chunk 1 text run 1 at (0.00,4520.00) startOffset 0 endOffset 11 width 87.00: "just a text"
      RenderSVGText {text} at (100,4500) size 87x26 contains 1 chunk(s)
        RenderSVGInlineText {#text} at (0,0) size 87x26
          chunk 1 text run 1 at (100.00,4520.00) startOffset 0 endOffset 11 width 87.00: "just a text"
      RenderSVGText {text} at (200,4500) size 87x26 contains 1 chunk(s)
        RenderSVGInlineText {#text} at (0,0) size 87x26
          chunk 1 text run 1 at (200.00,4520.00) startOffset 0 endOffset 11 width 87.00: "just a text"
      RenderSVGText {text} at (300,4500) size 87x26 contains 1 chunk(s)
        RenderSVGInlineText {#text} at (0,0) size 87x26
          chunk 1 text run 1 at (300.00,4520.00) startOffset 0 endOffset 11 width 87.00: "just a text"
      RenderSVGText {text} at (400,4500) size 87x26 contains 1 chunk(s)
        RenderSVGInlineText {#text} at (0,0) size 87x26
          chunk 1 text run 1 at (400.00,4520.00) startOffset 0 endOffset 11 width 87.00: "just a text"
      RenderSVGText {text} at (500,4500) size 87x26 contains 1 chunk(s)
        RenderSVGInlineText {#text} at (0,0) size 87x26
          chunk 1 text run 1 at (500.00,4520.00) startOffset 0 endOffset 11 width 87.00: "just a text"
      RenderSVGText {text} at (600,4500) size 87x26 contains 1 chunk(s)
        RenderSVGInlineText {#text} at (0,0) size 87x26
          chunk 1 text run 1 at (600.00,4520.00) startOffset 0 endOffset 11 width 87.00: "just a text"
      RenderSVGText {text} at (700,4500) size 87x26 contains 1 chunk(s)
        RenderSVGInlineText {#text} at (0,0) size 87x26
          chunk 1 text run 1 at (700.00,4520.00) startOffset 0 endOffset 11 width 87.00: "just a text"
      RenderSVGText {text} at (800,4500) size 87x26 contains 1 chunk(s)
        RenderSVGInlineText {#text} at (0,0) size 87x26
          chunk 1 text run 1 at (800.00,4520.00) startOffset 0 endOffset 11 width 87.00: "just a text"
      RenderSVGText {text} at (900,4500) size 87x26 contains 1 chunk(s)
        RenderSVGInlineText {#text} at (0,0) size 87x26
          chunk 1 text run 1 at (900.00,4520.00) startOffset 0 endOffset 11 width 87.00: "just a text"
      RenderSVGText {text} at (1000,4500) size 87x26 contains 1 chunk(s)
        RenderSVGInlineText {#text} at (0,0) size 87x26
          chunk 1 text run 1 at (1000.00,4520.00) startOffset 0 endOffset 11 width 87.00: "just a text"
      RenderSVGText {text} at (1100,4500) size 87x26 contains 1 chunk(s)
        RenderSVGInlineText {#text} at (0,0) size 87x26
          chunk 1 text run 1 at (1100.00,4520.00) startOffset 0 endOffset 11 width 87.00: "just a text"
      RenderSVGText {text} at (1200,4500) size 87x26 contains 1 chunk(s)
        RenderSVGInlineText {#text} at (0,0) size 87x26
          chunk 1 text run 1 at (1200.00,4520.00) startOffset 0 endOffset 11 width 87.00: "just a text"
      RenderSVGText {text} at (1300,4500) size 87x26 contains 1 chunk(s)
        RenderSVGInlineText {#text} at (0,0) size 87x26
          chunk 1 text run 1 at (1300.00,4520.00) startOffset 0 endOffset 11 width 87.00: "just a text"
      RenderSVGText {text} at (1400,4500) size 87x26 contains 1 chunk(s)
        RenderSVGInlineText {#text} at (0,0) size 87x26
          chunk 1 text run 1 at (1400.00,4520.00) startOffset 0 endOffset 11 width 87.00: "just a text"
      RenderSVGText {text} at (1500,4500) size 87x26 contains 1 chunk(s)
        RenderSVGInlineText {#text} at (0,0) size 87x26
          chunk 1 text run 1 at (1500.00,4520.00) startOffset 0 endOffset 11 width 87.00: "just a text"
      RenderSVGText {text} at (1600,4500) size 87x26 contains 1 chunk(s)
        RenderSVGInlineText {#text} at (0,0) size 87x26
          chunk 1 text run 1 at (1600.00,4520.00) startOffset 0 endOffset 11 width 87.00: "just a text"
      RenderSVGText {text} at (1700,4500) size 87x26 contains 1 chunk(s)
        RenderSVGInlineText {#text} at (0,0) size 87x26
          chunk 1 text run 1 at (1700.00,4520.00) startOffset 0 endOffset 11 width 87.00: "just a text"
      RenderSVGText {text} at (1800,4500) size 87x26 contains 1 chunk(s)
        RenderSVGInlineText {#text} at (0,0) size 87x26
          chunk 1 text run 1 at (1800.00,4520.00) startOffset 0 endOffset 11 width 87.00: "just a text"
      RenderSVGText {text} at (1900,4500) size 87x26 contains 1 chunk(s)
        RenderSVGInlineText {#text} at (0,0) size 87x26
          chunk 1 text run 1 at (1900.00,4520.00) startOffset 0 endOffset 11 width 87.00: "just a text"
      RenderSVGText {text} at (2000,4500) size 87x26 contains 1 chunk(s)
        RenderSVGInlineText {#text} at (0,0) size 87x26
          chunk 1 text run 1 at (2000.00,4520.00) startOffset 0 endOffset 11 width 87.00: "just a text"
      RenderSVGText {text} at (2100,4500) size 87x26 contains 1 chunk(s)
        RenderSVGInlineText {#text} at (0,0) size 87x26
          chunk 1 text run 1 at (2100.00,4520.00) startOffset 0 endOffset 11 width 87.00: "just a text"
      RenderSVGText {text} at (2200,4500) size 87x26 contains 1 chunk(s)
        RenderSVGInlineText {#text} at (0,0) size 87x26
          chunk 1 text run 1 at (2200.00,4520.00) startOffset 0 endOffset 11 width 87.00: "just a text"
      RenderSVGText {text} at (2300,4500) size 87x26 contains 1 chunk(s)
        RenderSVGInlineText {#text} at (0,0) size 87x26
          chunk 1 text run 1 at (2300.00,4520.00) startOffset 0 endOffset 11 width 87.00: "just a text"
      RenderSVGText {text} at (2400,4500) size 87x26 contains 1 chunk(s)
        RenderSVGInlineText {#text} at (0,0) size 87x26
          chunk 1 text run 1 at (2400.00,4520.00) startOffset 0 endOffset 11 width 87.00: "just a text"
      RenderSVGText {text} at (2500,4500) size 87x26 contains 1 chunk(s)
        RenderSVGInlineText {#text} at (0,0) size 87x26
          chunk 1 text run 1 at (2500.00,4520.00) startOffset 0 endOffset 11 width 87.00: "just a text"
      RenderSVGText {text} at (2600,4500) size 87x26 contains 1 chunk(s)
        RenderSVGInlineText {#text} at (0,0) size 87x26
          chunk 1 text run 1 at (2600.00,4520.00) startOffset 0 endOffset 11 width 87.00: "just a text"
      RenderSVGText {text} at (2700,4500) size 87x26 contains 1 chunk(s)
        RenderSVGInlineText {#text} at (0,0) size 87x26
          chunk 1 text run 1 at (2700.00,4520.00) startOffset 0 endOffset 11 width 87.00: "just a text"
      RenderSVGText {text} at (2800,4500) size 87x26 contains 1 chunk(s)
        RenderSVGInlineText {#text} at (0,0) size 87x26
          chunk 1 text run 1 at (2800.00,4520.00) startOffset 0 endOffset 11 width 87.00: "just a text"
      RenderSVGText {text} at (2900,4500) size 87x26 contains 1 chunk(s)
        RenderSVGInlineText {#text} at (0,0) size 87x26
          chunk 1 text run 1 at (2900.00,4520.00) startOffset 0 endOffset 11 width 87.00: "just a text"
      RenderSVGText {text} at (3000,4500) size 87x26 contains 1 chunk(s)
        RenderSVGInlineText {#text} at (0,0) size 87x26
          chunk 1 text run 1 at (3000.00,4520.00) startOffset 0 endOffset 11 width 87.00: "just a text"
      RenderSVGText {text} at (3100,4500) size 87x26 contains 1 chunk(s)
        RenderSVGInlineText {#text} at (0,0) size 87x26
          chunk 1 text run 1 at (3100.00,4520.00) startOffset 0 endOffset 11 width 87.00: "just a text"
      RenderSVGText {text} at (3200,4500) size 87x26 contains 1 chunk(s)
        RenderSVGInlineText {#text} at (0,0) size 87x26
          chunk 1 text run 1 at (3200.00,4520.00) startOffset 0 endOffset 11 width 87.00: "just a text"
      RenderSVGText {text} at (3300,4500) size 87x26 contains 1 chunk(s)
        RenderSVGInlineText {#text} at (0,0) size 87x26
          chunk 1 text run 1 at (3300.00,4520.00) startOffset 0 endOffset 11 width 87.00: "just a text"
      RenderSVGText {text} at (3400,4500) size 87x26 contains 1 chunk(s)
        RenderSVGInlineText {#text} at (0,0) size 87x26
          chunk 1 text run 1 at (3400.00,4520.00) startOffset 0 endOffset 11 width 87.00: "just a text"
      RenderSVGText {text} at (3500,4500) size 87x26 contains 1 chunk(s)
        RenderSVGInlineText {#text} at (0,0) size 87x26
          chunk 1 text run 1 at (3500.00,4520.00) startOffset 0 endOffset 11 width 87.00: "just a text"
      RenderSVGText {text} at (3600,4500) size 87x26 contains 1 chunk(s)
        RenderSVGInlineText {#text} at (0,0) size 87x26
          chunk 1 text run 1 at (3600.00,4520.00) startOffset 0 endOffset 11 width 87.00: "just a text"
      RenderSVGText {text} at (3700,4500) size 87x26 contains 1 chunk(s)
        RenderSVGInlineText {#text} at (0,0) size 87x26
          chunk 1 text run 1 at (3700.00,4520.00) startOffset 0 endOffset 11 width 87.00: "just a text"
      RenderSVGText {text} at (3800,4500) size 87x26 contains 1 chunk(s)
        RenderSVGInlineText {#text} at (0,0) size 87x26
          chunk 1 text run 1 at (3800.00,4520.00) startOffset 0 endOffset 11 width 87.00: "just a text"
      RenderSVGText {text} at (3900,4500) size 87x26 contains 1 chunk(s)
        RenderSVGInlineText {#text} at (0,0) size 87x26
          chunk 1 text run 1 at (3900.00,4520.00) startOffset 0 endOffset 11 width 87.00: "just a text"
      RenderSVGText {text} at (4000,4500) size 87x26 contains 1 chunk(s)
        RenderSVGInlineText {#text} at (0,0) size 87x26
          chunk 1 text run 1 at (4000.00,4520.00) startOffset 0 endOffset 11 width 87.00: "just a text"
      RenderSVGText {text} at (4100,4500) size 87x26 contains 1 chunk(s)
        RenderSVGInlineText {#text} at (0,0) size 87x26
          chunk 1 text run 1 at (4100.00,4520.00) startOffset 0 endOffset 11 width 87.00: "just a text"
      RenderSVGText {text} at (4200,4500) size 87x26 contains 1 chunk(s)
        RenderSVGInlineText {#text} at (0,0) size 87x26
          chunk 1 text run 1 at (4200.00,4520.00) startOffset 0 endOffset 11 width 87.00: "just a text"
      RenderSVGText {text} at (4300,4500) size 87x26 contains 1 chunk(s)
        RenderSVGInlineText {#text} at (0,0) size 87x26
          chunk 1 text run 1 at (4300.00,4520.00) startOffset 0 endOffset 11 width 87.00: "just a text"
      RenderSVGText {text} at (4400,4500) size 87x26 contains 1 chunk(s)
        RenderSVGInlineText {#text} at (0,0) size 87x26
          chunk 1 text run 1 at (4400.00,4520.00) startOffset 0 endOffset 11 width 87.00: "just a text"
      RenderSVGText {text} at (4500,4500) size 87x26 contains 1 chunk(s)
        RenderSVGInlineText {#text} at (0,0) size 87x26
          chunk 1 text run 1 at (4500.00,4520.00) startOffset 0 endOffset 11 width 87.00: "just a text"
      RenderSVGText {text} at (4600,4500) size 87x26 contains 1 chunk(s)
        RenderSVGInlineText {#text} at (0,0) size 87x26
          chunk 1 text run 1 at (4600.00,4520.00) startOffset 0 endOffset 11 width 87.00: "just a text"
      RenderSVGText {text} at (4700,4500) size 87x26 contains 1 chunk(s)
        RenderSVGInlineText {#text} at (0,0) size 87x26
          chunk 1 text run 1 at (4700.00,4520.00) startOffset 0 endOffset 11 width 87.00: "just a text"
      RenderSVGText {text} at (4800,4500) size 87x26 contains 1 chunk(s)
        RenderSVGInlineText {#text} at (0,0) size 87x26
          chunk 1 text run 1 at (4800.00,4520.00) startOffset 0 endOffset 11 width 87.00: "just a text"
      RenderSVGText {text} at (4900,4500) size 87x26 contains 1 chunk(s)
        RenderSVGInlineText {#text} at (0,0) size 87x26
          chunk 1 text run 1 at (4900.00,4520.00) startOffset 0 endOffset 11 width 87.00: "just a text"
      RenderSVGText {text} at (0,4600) size 87x26 contains 1 chunk(s)
        RenderSVGInlineText {#text} at (0,0) size 87x26
          chunk 1 text run 1 at (0.00,4620.00) startOffset 0 endOffset 11 width 87.00: "just a text"
      RenderSVGText {text} at (100,4600) size 87x26 contains 1 chunk(s)
        RenderSVGInlineText {#text} at (0,0) size 87x26
          chunk 1 text run 1 at (100.00,4620.00) startOffset 0 endOffset 11 width 87.00: "just a text"
      RenderSVGText {text} at (200,4600) size 87x26 contains 1 chunk(s)
        RenderSVGInlineText {#text} at (0,0) size 87x26
          chunk 1 text run 1 at (200.00,4620.00) startOffset 0 endOffset 11 width 87.00: "just a text"
      RenderSVGText {text} at (300,4600) size 87x26 contains 1 chunk(s)
        RenderSVGInlineText {#text} at (0,0) size 87x26
          chunk 1 text run 1 at (300.00,4620.00) startOffset 0 endOffset 11 width 87.00: "just a text"
      RenderSVGText {text} at (400,4600) size 87x26 contains 1 chunk(s)
        RenderSVGInlineText {#text} at (0,0) size 87x26
          chunk 1 text run 1 at (400.00,4620.00) startOffset 0 endOffset 11 width 87.00: "just a text"
      RenderSVGText {text} at (500,4600) size 87x26 contains 1 chunk(s)
        RenderSVGInlineText {#text} at (0,0) size 87x26
          chunk 1 text run 1 at (500.00,4620.00) startOffset 0 endOffset 11 width 87.00: "just a text"
      RenderSVGText {text} at (600,4600) size 87x26 contains 1 chunk(s)
        RenderSVGInlineText {#text} at (0,0) size 87x26
          chunk 1 text run 1 at (600.00,4620.00) startOffset 0 endOffset 11 width 87.00: "just a text"
      RenderSVGText {text} at (700,4600) size 87x26 contains 1 chunk(s)
        RenderSVGInlineText {#text} at (0,0) size 87x26
          chunk 1 text run 1 at (700.00,4620.00) startOffset 0 endOffset 11 width 87.00: "just a text"
      RenderSVGText {text} at (800,4600) size 87x26 contains 1 chunk(s)
        RenderSVGInlineText {#text} at (0,0) size 87x26
          chunk 1 text run 1 at (800.00,4620.00) startOffset 0 endOffset 11 width 87.00: "just a text"
      RenderSVGText {text} at (900,4600) size 87x26 contains 1 chunk(s)
        RenderSVGInlineText {#text} at (0,0) size 87x26
          chunk 1 text run 1 at (900.00,4620.00) startOffset 0 endOffset 11 width 87.00: "just a text"
      RenderSVGText {text} at (1000,4600) size 87x26 contains 1 chunk(s)
        RenderSVGInlineText {#text} at (0,0) size 87x26
          chunk 1 text run 1 at (1000.00,4620.00) startOffset 0 endOffset 11 width 87.00: "just a text"
      RenderSVGText {text} at (1100,4600) size 87x26 contains 1 chunk(s)
        RenderSVGInlineText {#text} at (0,0) size 87x26
          chunk 1 text run 1 at (1100.00,4620.00) startOffset 0 endOffset 11 width 87.00: "just a text"
      RenderSVGText {text} at (1200,4600) size 87x26 contains 1 chunk(s)
        RenderSVGInlineText {#text} at (0,0) size 87x26
          chunk 1 text run 1 at (1200.00,4620.00) startOffset 0 endOffset 11 width 87.00: "just a text"
      RenderSVGText {text} at (1300,4600) size 87x26 contains 1 chunk(s)
        RenderSVGInlineText {#text} at (0,0) size 87x26
          chunk 1 text run 1 at (1300.00,4620.00) startOffset 0 endOffset 11 width 87.00: "just a text"
      RenderSVGText {text} at (1400,4600) size 87x26 contains 1 chunk(s)
        RenderSVGInlineText {#text} at (0,0) size 87x26
          chunk 1 text run 1 at (1400.00,4620.00) startOffset 0 endOffset 11 width 87.00: "just a text"
      RenderSVGText {text} at (1500,4600) size 87x26 contains 1 chunk(s)
        RenderSVGInlineText {#text} at (0,0) size 87x26
          chunk 1 text run 1 at (1500.00,4620.00) startOffset 0 endOffset 11 width 87.00: "just a text"
      RenderSVGText {text} at (1600,4600) size 87x26 contains 1 chunk(s)
        RenderSVGInlineText {#text} at (0,0) size 87x26
          chunk 1 text run 1 at (1600.00,4620.00) startOffset 0 endOffset 11 width 87.00: "just a text"
      RenderSVGText {text} at (1700,4600) size 87x26 contains 1 chunk(s)
        RenderSVGInlineText {#text} at (0,0) size 87x26
          chunk 1 text run 1 at (1700.00,4620.00) startOffset 0 endOffset 11 width 87.00: "just a text"
      RenderSVGText {text} at (1800,4600) size 87x26 contains 1 chunk(s)
        RenderSVGInlineText {#text} at (0,0) size 87x26
          chunk 1 text run 1 at (1800.00,4620.00) startOffset 0 endOffset 11 width 87.00: "just a text"
      RenderSVGText {text} at (1900,4600) size 87x26 contains 1 chunk(s)
        RenderSVGInlineText {#text} at (0,0) size 87x26
          chunk 1 text run 1 at (1900.00,4620.00) startOffset 0 endOffset 11 width 87.00: "just a text"
      RenderSVGText {text} at (2000,4600) size 87x26 contains 1 chunk(s)
        RenderSVGInlineText {#text} at (0,0) size 87x26
          chunk 1 text run 1 at (2000.00,4620.00) startOffset 0 endOffset 11 width 87.00: "just a text"
      RenderSVGText {text} at (2100,4600) size 87x26 contains 1 chunk(s)
        RenderSVGInlineText {#text} at (0,0) size 87x26
          chunk 1 text run 1 at (2100.00,4620.00) startOffset 0 endOffset 11 width 87.00: "just a text"
      RenderSVGText {text} at (2200,4600) size 87x26 contains 1 chunk(s)
        RenderSVGInlineText {#text} at (0,0) size 87x26
          chunk 1 text run 1 at (2200.00,4620.00) startOffset 0 endOffset 11 width 87.00: "just a text"
      RenderSVGText {text} at (2300,4600) size 87x26 contains 1 chunk(s)
        RenderSVGInlineText {#text} at (0,0) size 87x26
          chunk 1 text run 1 at (2300.00,4620.00) startOffset 0 endOffset 11 width 87.00: "just a text"
      RenderSVGText {text} at (2400,4600) size 87x26 contains 1 chunk(s)
        RenderSVGInlineText {#text} at (0,0) size 87x26
          chunk 1 text run 1 at (2400.00,4620.00) startOffset 0 endOffset 11 width 87.00: "just a text"
      RenderSVGText {text} at (2500,4600) size 87x26 contains 1 chunk(s)
        RenderSVGInlineText {#text} at (0,0) size 87x26
          chunk 1 text run 1 at (2500.00,4620.00) startOffset 0 endOffset 11 width 87.00: "just a text"
      RenderSVGText {text} at (2600,4600) size 87x26 contains 1 chunk(s)
        RenderSVGInlineText {#text} at (0,0) size 87x26
          chunk 1 text run 1 at (2600.00,4620.00) startOffset 0 endOffset 11 width 87.00: "just a text"
      RenderSVGText {text} at (2700,4600) size 87x26 contains 1 chunk(s)
        RenderSVGInlineText {#text} at (0,0) size 87x26
          chunk 1 text run 1 at (2700.00,4620.00) startOffset 0 endOffset 11 width 87.00: "just a text"
      RenderSVGText {text} at (2800,4600) size 87x26 contains 1 chunk(s)
        RenderSVGInlineText {#text} at (0,0) size 87x26
          chunk 1 text run 1 at (2800.00,4620.00) startOffset 0 endOffset 11 width 87.00: "just a text"
      RenderSVGText {text} at (2900,4600) size 87x26 contains 1 chunk(s)
        RenderSVGInlineText {#text} at (0,0) size 87x26
          chunk 1 text run 1 at (2900.00,4620.00) startOffset 0 endOffset 11 width 87.00: "just a text"
      RenderSVGText {text} at (3000,4600) size 87x26 contains 1 chunk(s)
        RenderSVGInlineText {#text} at (0,0) size 87x26
          chunk 1 text run 1 at (3000.00,4620.00) startOffset 0 endOffset 11 width 87.00: "just a text"
      RenderSVGText {text} at (3100,4600) size 87x26 contains 1 chunk(s)
        RenderSVGInlineText {#text} at (0,0) size 87x26
          chunk 1 text run 1 at (3100.00,4620.00) startOffset 0 endOffset 11 width 87.00: "just a text"
      RenderSVGText {text} at (3200,4600) size 87x26 contains 1 chunk(s)
        RenderSVGInlineText {#text} at (0,0) size 87x26
          chunk 1 text run 1 at (3200.00,4620.00) startOffset 0 endOffset 11 width 87.00: "just a text"
      RenderSVGText {text} at (3300,4600) size 87x26 contains 1 chunk(s)
        RenderSVGInlineText {#text} at (0,0) size 87x26
          chunk 1 text run 1 at (3300.00,4620.00) startOffset 0 endOffset 11 width 87.00: "just a text"
      RenderSVGText {text} at (3400,4600) size 87x26 contains 1 chunk(s)
        RenderSVGInlineText {#text} at (0,0) size 87x26
          chunk 1 text run 1 at (3400.00,4620.00) startOffset 0 endOffset 11 width 87.00: "just a text"
      RenderSVGText {text} at (3500,4600) size 87x26 contains 1 chunk(s)
        RenderSVGInlineText {#text} at (0,0) size 87x26
          chunk 1 text run 1 at (3500.00,4620.00) startOffset 0 endOffset 11 width 87.00: "just a text"
      RenderSVGText {text} at (3600,4600) size 87x26 contains 1 chunk(s)
        RenderSVGInlineText {#text} at (0,0) size 87x26
          chunk 1 text run 1 at (3600.00,4620.00) startOffset 0 endOffset 11 width 87.00: "just a text"
      RenderSVGText {text} at (3700,4600) size 87x26 contains 1 chunk(s)
        RenderSVGInlineText {#text} at (0,0) size 87x26
          chunk 1 text run 1 at (3700.00,4620.00) startOffset 0 endOffset 11 width 87.00: "just a text"
      RenderSVGText {text} at (3800,4600) size 87x26 contains 1 chunk(s)
        RenderSVGInlineText {#text} at (0,0) size 87x26
          chunk 1 text run 1 at (3800.00,4620.00) startOffset 0 endOffset 11 width 87.00: "just a text"
      RenderSVGText {text} at (3900,4600) size 87x26 contains 1 chunk(s)
        RenderSVGInlineText {#text} at (0,0) size 87x26
          chunk 1 text run 1 at (3900.00,4620.00) startOffset 0 endOffset 11 width 87.00: "just a text"
      RenderSVGText {text} at (4000,4600) size 87x26 contains 1 chunk(s)
        RenderSVGInlineText {#text} at (0,0) size 87x26
          chunk 1 text run 1 at (4000.00,4620.00) startOffset 0 endOffset 11 width 87.00: "just a text"
      RenderSVGText {text} at (4100,4600) size 87x26 contains 1 chunk(s)
        RenderSVGInlineText {#text} at (0,0) size 87x26
          chunk 1 text run 1 at (4100.00,4620.00) startOffset 0 endOffset 11 width 87.00: "just a text"
      RenderSVGText {text} at (4200,4600) size 87x26 contains 1 chunk(s)
        RenderSVGInlineText {#text} at (0,0) size 87x26
          chunk 1 text run 1 at (4200.00,4620.00) startOffset 0 endOffset 11 width 87.00: "just a text"
      RenderSVGText {text} at (4300,4600) size 87x26 contains 1 chunk(s)
        RenderSVGInlineText {#text} at (0,0) size 87x26
          chunk 1 text run 1 at (4300.00,4620.00) startOffset 0 endOffset 11 width 87.00: "just a text"
      RenderSVGText {text} at (4400,4600) size 87x26 contains 1 chunk(s)
        RenderSVGInlineText {#text} at (0,0) size 87x26
          chunk 1 text run 1 at (4400.00,4620.00) startOffset 0 endOffset 11 width 87.00: "just a text"
      RenderSVGText {text} at (4500,4600) size 87x26 contains 1 chunk(s)
        RenderSVGInlineText {#text} at (0,0) size 87x26
          chunk 1 text run 1 at (4500.00,4620.00) startOffset 0 endOffset 11 width 87.00: "just a text"
      RenderSVGText {text} at (4600,4600) size 87x26 contains 1 chunk(s)
        RenderSVGInlineText {#text} at (0,0) size 87x26
          chunk 1 text run 1 at (4600.00,4620.00) startOffset 0 endOffset 11 width 87.00: "just a text"
      RenderSVGText {text} at (4700,4600) size 87x26 contains 1 chunk(s)
        RenderSVGInlineText {#text} at (0,0) size 87x26
          chunk 1 text run 1 at (4700.00,4620.00) startOffset 0 endOffset 11 width 87.00: "just a text"
      RenderSVGText {text} at (4800,4600) size 87x26 contains 1 chunk(s)
        RenderSVGInlineText {#text} at (0,0) size 87x26
          chunk 1 text run 1 at (4800.00,4620.00) startOffset 0 endOffset 11 width 87.00: "just a text"
      RenderSVGText {text} at (4900,4600) size 87x26 contains 1 chunk(s)
        RenderSVGInlineText {#text} at (0,0) size 87x26
          chunk 1 text run 1 at (4900.00,4620.00) startOffset 0 endOffset 11 width 87.00: "just a text"
      RenderSVGText {text} at (0,4700) size 87x26 contains 1 chunk(s)
        RenderSVGInlineText {#text} at (0,0) size 87x26
          chunk 1 text run 1 at (0.00,4720.00) startOffset 0 endOffset 11 width 87.00: "just a text"
      RenderSVGText {text} at (100,4700) size 87x26 contains 1 chunk(s)
        RenderSVGInlineText {#text} at (0,0) size 87x26
          chunk 1 text run 1 at (100.00,4720.00) startOffset 0 endOffset 11 width 87.00: "just a text"
      RenderSVGText {text} at (200,4700) size 87x26 contains 1 chunk(s)
        RenderSVGInlineText {#text} at (0,0) size 87x26
          chunk 1 text run 1 at (200.00,4720.00) startOffset 0 endOffset 11 width 87.00: "just a text"
      RenderSVGText {text} at (300,4700) size 87x26 contains 1 chunk(s)
        RenderSVGInlineText {#text} at (0,0) size 87x26
          chunk 1 text run 1 at (300.00,4720.00) startOffset 0 endOffset 11 width 87.00: "just a text"
      RenderSVGText {text} at (400,4700) size 87x26 contains 1 chunk(s)
        RenderSVGInlineText {#text} at (0,0) size 87x26
          chunk 1 text run 1 at (400.00,4720.00) startOffset 0 endOffset 11 width 87.00: "just a text"
      RenderSVGText {text} at (500,4700) size 87x26 contains 1 chunk(s)
        RenderSVGInlineText {#text} at (0,0) size 87x26
          chunk 1 text run 1 at (500.00,4720.00) startOffset 0 endOffset 11 width 87.00: "just a text"
      RenderSVGText {text} at (600,4700) size 87x26 contains 1 chunk(s)
        RenderSVGInlineText {#text} at (0,0) size 87x26
          chunk 1 text run 1 at (600.00,4720.00) startOffset 0 endOffset 11 width 87.00: "just a text"
      RenderSVGText {text} at (700,4700) size 87x26 contains 1 chunk(s)
        RenderSVGInlineText {#text} at (0,0) size 87x26
          chunk 1 text run 1 at (700.00,4720.00) startOffset 0 endOffset 11 width 87.00: "just a text"
      RenderSVGText {text} at (800,4700) size 87x26 contains 1 chunk(s)
        RenderSVGInlineText {#text} at (0,0) size 87x26
          chunk 1 text run 1 at (800.00,4720.00) startOffset 0 endOffset 11 width 87.00: "just a text"
      RenderSVGText {text} at (900,4700) size 87x26 contains 1 chunk(s)
        RenderSVGInlineText {#text} at (0,0) size 87x26
          chunk 1 text run 1 at (900.00,4720.00) startOffset 0 endOffset 11 width 87.00: "just a text"
      RenderSVGText {text} at (1000,4700) size 87x26 contains 1 chunk(s)
        RenderSVGInlineText {#text} at (0,0) size 87x26
          chunk 1 text run 1 at (1000.00,4720.00) startOffset 0 endOffset 11 width 87.00: "just a text"
      RenderSVGText {text} at (1100,4700) size 87x26 contains 1 chunk(s)
        RenderSVGInlineText {#text} at (0,0) size 87x26
          chunk 1 text run 1 at (1100.00,4720.00) startOffset 0 endOffset 11 width 87.00: "just a text"
      RenderSVGText {text} at (1200,4700) size 87x26 contains 1 chunk(s)
        RenderSVGInlineText {#text} at (0,0) size 87x26
          chunk 1 text run 1 at (1200.00,4720.00) startOffset 0 endOffset 11 width 87.00: "just a text"
      RenderSVGText {text} at (1300,4700) size 87x26 contains 1 chunk(s)
        RenderSVGInlineText {#text} at (0,0) size 87x26
          chunk 1 text run 1 at (1300.00,4720.00) startOffset 0 endOffset 11 width 87.00: "just a text"
      RenderSVGText {text} at (1400,4700) size 87x26 contains 1 chunk(s)
        RenderSVGInlineText {#text} at (0,0) size 87x26
          chunk 1 text run 1 at (1400.00,4720.00) startOffset 0 endOffset 11 width 87.00: "just a text"
      RenderSVGText {text} at (1500,4700) size 87x26 contains 1 chunk(s)
        RenderSVGInlineText {#text} at (0,0) size 87x26
          chunk 1 text run 1 at (1500.00,4720.00) startOffset 0 endOffset 11 width 87.00: "just a text"
      RenderSVGText {text} at (1600,4700) size 87x26 contains 1 chunk(s)
        RenderSVGInlineText {#text} at (0,0) size 87x26
          chunk 1 text run 1 at (1600.00,4720.00) startOffset 0 endOffset 11 width 87.00: "just a text"
      RenderSVGText {text} at (1700,4700) size 87x26 contains 1 chunk(s)
        RenderSVGInlineText {#text} at (0,0) size 87x26
          chunk 1 text run 1 at (1700.00,4720.00) startOffset 0 endOffset 11 width 87.00: "just a text"
      RenderSVGText {text} at (1800,4700) size 87x26 contains 1 chunk(s)
        RenderSVGInlineText {#text} at (0,0) size 87x26
          chunk 1 text run 1 at (1800.00,4720.00) startOffset 0 endOffset 11 width 87.00: "just a text"
      RenderSVGText {text} at (1900,4700) size 87x26 contains 1 chunk(s)
        RenderSVGInlineText {#text} at (0,0) size 87x26
          chunk 1 text run 1 at (1900.00,4720.00) startOffset 0 endOffset 11 width 87.00: "just a text"
      RenderSVGText {text} at (2000,4700) size 87x26 contains 1 chunk(s)
        RenderSVGInlineText {#text} at (0,0) size 87x26
          chunk 1 text run 1 at (2000.00,4720.00) startOffset 0 endOffset 11 width 87.00: "just a text"
      RenderSVGText {text} at (2100,4700) size 87x26 contains 1 chunk(s)
        RenderSVGInlineText {#text} at (0,0) size 87x26
          chunk 1 text run 1 at (2100.00,4720.00) startOffset 0 endOffset 11 width 87.00: "just a text"
      RenderSVGText {text} at (2200,4700) size 87x26 contains 1 chunk(s)
        RenderSVGInlineText {#text} at (0,0) size 87x26
          chunk 1 text run 1 at (2200.00,4720.00) startOffset 0 endOffset 11 width 87.00: "just a text"
      RenderSVGText {text} at (2300,4700) size 87x26 contains 1 chunk(s)
        RenderSVGInlineText {#text} at (0,0) size 87x26
          chunk 1 text run 1 at (2300.00,4720.00) startOffset 0 endOffset 11 width 87.00: "just a text"
      RenderSVGText {text} at (2400,4700) size 87x26 contains 1 chunk(s)
        RenderSVGInlineText {#text} at (0,0) size 87x26
          chunk 1 text run 1 at (2400.00,4720.00) startOffset 0 endOffset 11 width 87.00: "just a text"
      RenderSVGText {text} at (2500,4700) size 87x26 contains 1 chunk(s)
        RenderSVGInlineText {#text} at (0,0) size 87x26
          chunk 1 text run 1 at (2500.00,4720.00) startOffset 0 endOffset 11 width 87.00: "just a text"
      RenderSVGText {text} at (2600,4700) size 87x26 contains 1 chunk(s)
        RenderSVGInlineText {#text} at (0,0) size 87x26
          chunk 1 text run 1 at (2600.00,4720.00) startOffset 0 endOffset 11 width 87.00: "just a text"
      RenderSVGText {text} at (2700,4700) size 87x26 contains 1 chunk(s)
        RenderSVGInlineText {#text} at (0,0) size 87x26
          chunk 1 text run 1 at (2700.00,4720.00) startOffset 0 endOffset 11 width 87.00: "just a text"
      RenderSVGText {text} at (2800,4700) size 87x26 contains 1 chunk(s)
        RenderSVGInlineText {#text} at (0,0) size 87x26
          chunk 1 text run 1 at (2800.00,4720.00) startOffset 0 endOffset 11 width 87.00: "just a text"
      RenderSVGText {text} at (2900,4700) size 87x26 contains 1 chunk(s)
        RenderSVGInlineText {#text} at (0,0) size 87x26
          chunk 1 text run 1 at (2900.00,4720.00) startOffset 0 endOffset 11 width 87.00: "just a text"
      RenderSVGText {text} at (3000,4700) size 87x26 contains 1 chunk(s)
        RenderSVGInlineText {#text} at (0,0) size 87x26
          chunk 1 text run 1 at (3000.00,4720.00) startOffset 0 endOffset 11 width 87.00: "just a text"
      RenderSVGText {text} at (3100,4700) size 87x26 contains 1 chunk(s)
        RenderSVGInlineText {#text} at (0,0) size 87x26
          chunk 1 text run 1 at (3100.00,4720.00) startOffset 0 endOffset 11 width 87.00: "just a text"
      RenderSVGText {text} at (3200,4700) size 87x26 contains 1 chunk(s)
        RenderSVGInlineText {#text} at (0,0) size 87x26
          chunk 1 text run 1 at (3200.00,4720.00) startOffset 0 endOffset 11 width 87.00: "just a text"
      RenderSVGText {text} at (3300,4700) size 87x26 contains 1 chunk(s)
        RenderSVGInlineText {#text} at (0,0) size 87x26
          chunk 1 text run 1 at (3300.00,4720.00) startOffset 0 endOffset 11 width 87.00: "just a text"
      RenderSVGText {text} at (3400,4700) size 87x26 contains 1 chunk(s)
        RenderSVGInlineText {#text} at (0,0) size 87x26
          chunk 1 text run 1 at (3400.00,4720.00) startOffset 0 endOffset 11 width 87.00: "just a text"
      RenderSVGText {text} at (3500,4700) size 87x26 contains 1 chunk(s)
        RenderSVGInlineText {#text} at (0,0) size 87x26
          chunk 1 text run 1 at (3500.00,4720.00) startOffset 0 endOffset 11 width 87.00: "just a text"
      RenderSVGText {text} at (3600,4700) size 87x26 contains 1 chunk(s)
        RenderSVGInlineText {#text} at (0,0) size 87x26
          chunk 1 text run 1 at (3600.00,4720.00) startOffset 0 endOffset 11 width 87.00: "just a text"
      RenderSVGText {text} at (3700,4700) size 87x26 contains 1 chunk(s)
        RenderSVGInlineText {#text} at (0,0) size 87x26
          chunk 1 text run 1 at (3700.00,4720.00) startOffset 0 endOffset 11 width 87.00: "just a text"
      RenderSVGText {text} at (3800,4700) size 87x26 contains 1 chunk(s)
        RenderSVGInlineText {#text} at (0,0) size 87x26
          chunk 1 text run 1 at (3800.00,4720.00) startOffset 0 endOffset 11 width 87.00: "just a text"
      RenderSVGText {text} at (3900,4700) size 87x26 contains 1 chunk(s)
        RenderSVGInlineText {#text} at (0,0) size 87x26
          chunk 1 text run 1 at (3900.00,4720.00) startOffset 0 endOffset 11 width 87.00: "just a text"
      RenderSVGText {text} at (4000,4700) size 87x26 contains 1 chunk(s)
        RenderSVGInlineText {#text} at (0,0) size 87x26
          chunk 1 text run 1 at (4000.00,4720.00) startOffset 0 endOffset 11 width 87.00: "just a text"
      RenderSVGText {text} at (4100,4700) size 87x26 contains 1 chunk(s)
        RenderSVGInlineText {#text} at (0,0) size 87x26
          chunk 1 text run 1 at (4100.00,4720.00) startOffset 0 endOffset 11 width 87.00: "just a text"
      RenderSVGText {text} at (4200,4700) size 87x26 contains 1 chunk(s)
        RenderSVGInlineText {#text} at (0,0) size 87x26
          chunk 1 text run 1 at (4200.00,4720.00) startOffset 0 endOffset 11 width 87.00: "just a text"
      RenderSVGText {text} at (4300,4700) size 87x26 contains 1 chunk(s)
        RenderSVGInlineText {#text} at (0,0) size 87x26
          chunk 1 text run 1 at (4300.00,4720.00) startOffset 0 endOffset 11 width 87.00: "just a text"
      RenderSVGText {text} at (4400,4700) size 87x26 contains 1 chunk(s)
        RenderSVGInlineText {#text} at (0,0) size 87x26
          chunk 1 text run 1 at (4400.00,4720.00) startOffset 0 endOffset 11 width 87.00: "just a text"
      RenderSVGText {text} at (4500,4700) size 87x26 contains 1 chunk(s)
        RenderSVGInlineText {#text} at (0,0) size 87x26
          chunk 1 text run 1 at (4500.00,4720.00) startOffset 0 endOffset 11 width 87.00: "just a text"
      RenderSVGText {text} at (4600,4700) size 87x26 contains 1 chunk(s)
        RenderSVGInlineText {#text} at (0,0) size 87x26
          chunk 1 text run 1 at (4600.00,4720.00) startOffset 0 endOffset 11 width 87.00: "just a text"
      RenderSVGText {text} at (4700,4700) size 87x26 contains 1 chunk(s)
        RenderSVGInlineText {#text} at (0,0) size 87x26
          chunk 1 text run 1 at (4700.00,4720.00) startOffset 0 endOffset 11 width 87.00: "just a text"
      RenderSVGText {text} at (4800,4700) size 87x26 contains 1 chunk(s)
        RenderSVGInlineText {#text} at (0,0) size 87x26
          chunk 1 text run 1 at (4800.00,4720.00) startOffset 0 endOffset 11 width 87.00: "just a text"
      RenderSVGText {text} at (4900,4700) size 87x26 contains 1 chunk(s)
        RenderSVGInlineText {#text} at (0,0) size 87x26
          chunk 1 text run 1 at (4900.00,4720.00) startOffset 0 endOffset 11 width 87.00: "just a text"
      RenderSVGText {text} at (0,4800) size 87x26 contains 1 chunk(s)
        RenderSVGInlineText {#text} at (0,0) size 87x26
          chunk 1 text run 1 at (0.00,4820.00) startOffset 0 endOffset 11 width 87.00: "just a text"
      RenderSVGText {text} at (100,4800) size 87x26 contains 1 chunk(s)
        RenderSVGInlineText {#text} at (0,0) size 87x26
          chunk 1 text run 1 at (100.00,4820.00) startOffset 0 endOffset 11 width 87.00: "just a text"
      RenderSVGText {text} at (200,4800) size 87x26 contains 1 chunk(s)
        RenderSVGInlineText {#text} at (0,0) size 87x26
          chunk 1 text run 1 at (200.00,4820.00) startOffset 0 endOffset 11 width 87.00: "just a text"
      RenderSVGText {text} at (300,4800) size 87x26 contains 1 chunk(s)
        RenderSVGInlineText {#text} at (0,0) size 87x26
          chunk 1 text run 1 at (300.00,4820.00) startOffset 0 endOffset 11 width 87.00: "just a text"
      RenderSVGText {text} at (400,4800) size 87x26 contains 1 chunk(s)
        RenderSVGInlineText {#text} at (0,0) size 87x26
          chunk 1 text run 1 at (400.00,4820.00) startOffset 0 endOffset 11 width 87.00: "just a text"
      RenderSVGText {text} at (500,4800) size 87x26 contains 1 chunk(s)
        RenderSVGInlineText {#text} at (0,0) size 87x26
          chunk 1 text run 1 at (500.00,4820.00) startOffset 0 endOffset 11 width 87.00: "just a text"
      RenderSVGText {text} at (600,4800) size 87x26 contains 1 chunk(s)
        RenderSVGInlineText {#text} at (0,0) size 87x26
          chunk 1 text run 1 at (600.00,4820.00) startOffset 0 endOffset 11 width 87.00: "just a text"
      RenderSVGText {text} at (700,4800) size 87x26 contains 1 chunk(s)
        RenderSVGInlineText {#text} at (0,0) size 87x26
          chunk 1 text run 1 at (700.00,4820.00) startOffset 0 endOffset 11 width 87.00: "just a text"
      RenderSVGText {text} at (800,4800) size 87x26 contains 1 chunk(s)
        RenderSVGInlineText {#text} at (0,0) size 87x26
          chunk 1 text run 1 at (800.00,4820.00) startOffset 0 endOffset 11 width 87.00: "just a text"
      RenderSVGText {text} at (900,4800) size 87x26 contains 1 chunk(s)
        RenderSVGInlineText {#text} at (0,0) size 87x26
          chunk 1 text run 1 at (900.00,4820.00) startOffset 0 endOffset 11 width 87.00: "just a text"
      RenderSVGText {text} at (1000,4800) size 87x26 contains 1 chunk(s)
        RenderSVGInlineText {#text} at (0,0) size 87x26
          chunk 1 text run 1 at (1000.00,4820.00) startOffset 0 endOffset 11 width 87.00: "just a text"
      RenderSVGText {text} at (1100,4800) size 87x26 contains 1 chunk(s)
        RenderSVGInlineText {#text} at (0,0) size 87x26
          chunk 1 text run 1 at (1100.00,4820.00) startOffset 0 endOffset 11 width 87.00: "just a text"
      RenderSVGText {text} at (1200,4800) size 87x26 contains 1 chunk(s)
        RenderSVGInlineText {#text} at (0,0) size 87x26
          chunk 1 text run 1 at (1200.00,4820.00) startOffset 0 endOffset 11 width 87.00: "just a text"
      RenderSVGText {text} at (1300,4800) size 87x26 contains 1 chunk(s)
        RenderSVGInlineText {#text} at (0,0) size 87x26
          chunk 1 text run 1 at (1300.00,4820.00) startOffset 0 endOffset 11 width 87.00: "just a text"
      RenderSVGText {text} at (1400,4800) size 87x26 contains 1 chunk(s)
        RenderSVGInlineText {#text} at (0,0) size 87x26
          chunk 1 text run 1 at (1400.00,4820.00) startOffset 0 endOffset 11 width 87.00: "just a text"
      RenderSVGText {text} at (1500,4800) size 87x26 contains 1 chunk(s)
        RenderSVGInlineText {#text} at (0,0) size 87x26
          chunk 1 text run 1 at (1500.00,4820.00) startOffset 0 endOffset 11 width 87.00: "just a text"
      RenderSVGText {text} at (1600,4800) size 87x26 contains 1 chunk(s)
        RenderSVGInlineText {#text} at (0,0) size 87x26
          chunk 1 text run 1 at (1600.00,4820.00) startOffset 0 endOffset 11 width 87.00: "just a text"
      RenderSVGText {text} at (1700,4800) size 87x26 contains 1 chunk(s)
        RenderSVGInlineText {#text} at (0,0) size 87x26
          chunk 1 text run 1 at (1700.00,4820.00) startOffset 0 endOffset 11 width 87.00: "just a text"
      RenderSVGText {text} at (1800,4800) size 87x26 contains 1 chunk(s)
        RenderSVGInlineText {#text} at (0,0) size 87x26
          chunk 1 text run 1 at (1800.00,4820.00) startOffset 0 endOffset 11 width 87.00: "just a text"
      RenderSVGText {text} at (1900,4800) size 87x26 contains 1 chunk(s)
        RenderSVGInlineText {#text} at (0,0) size 87x26
          chunk 1 text run 1 at (1900.00,4820.00) startOffset 0 endOffset 11 width 87.00: "just a text"
      RenderSVGText {text} at (2000,4800) size 87x26 contains 1 chunk(s)
        RenderSVGInlineText {#text} at (0,0) size 87x26
          chunk 1 text run 1 at (2000.00,4820.00) startOffset 0 endOffset 11 width 87.00: "just a text"
      RenderSVGText {text} at (2100,4800) size 87x26 contains 1 chunk(s)
        RenderSVGInlineText {#text} at (0,0) size 87x26
          chunk 1 text run 1 at (2100.00,4820.00) startOffset 0 endOffset 11 width 87.00: "just a text"
      RenderSVGText {text} at (2200,4800) size 87x26 contains 1 chunk(s)
        RenderSVGInlineText {#text} at (0,0) size 87x26
          chunk 1 text run 1 at (2200.00,4820.00) startOffset 0 endOffset 11 width 87.00: "just a text"
      RenderSVGText {text} at (2300,4800) size 87x26 contains 1 chunk(s)
        RenderSVGInlineText {#text} at (0,0) size 87x26
          chunk 1 text run 1 at (2300.00,4820.00) startOffset 0 endOffset 11 width 87.00: "just a text"
      RenderSVGText {text} at (2400,4800) size 87x26 contains 1 chunk(s)
        RenderSVGInlineText {#text} at (0,0) size 87x26
          chunk 1 text run 1 at (2400.00,4820.00) startOffset 0 endOffset 11 width 87.00: "just a text"
      RenderSVGText {text} at (2500,4800) size 87x26 contains 1 chunk(s)
        RenderSVGInlineText {#text} at (0,0) size 87x26
          chunk 1 text run 1 at (2500.00,4820.00) startOffset 0 endOffset 11 width 87.00: "just a text"
      RenderSVGText {text} at (2600,4800) size 87x26 contains 1 chunk(s)
        RenderSVGInlineText {#text} at (0,0) size 87x26
          chunk 1 text run 1 at (2600.00,4820.00) startOffset 0 endOffset 11 width 87.00: "just a text"
      RenderSVGText {text} at (2700,4800) size 87x26 contains 1 chunk(s)
        RenderSVGInlineText {#text} at (0,0) size 87x26
          chunk 1 text run 1 at (2700.00,4820.00) startOffset 0 endOffset 11 width 87.00: "just a text"
      RenderSVGText {text} at (2800,4800) size 87x26 contains 1 chunk(s)
        RenderSVGInlineText {#text} at (0,0) size 87x26
          chunk 1 text run 1 at (2800.00,4820.00) startOffset 0 endOffset 11 width 87.00: "just a text"
      RenderSVGText {text} at (2900,4800) size 87x26 contains 1 chunk(s)
        RenderSVGInlineText {#text} at (0,0) size 87x26
          chunk 1 text run 1 at (2900.00,4820.00) startOffset 0 endOffset 11 width 87.00: "just a text"
      RenderSVGText {text} at (3000,4800) size 87x26 contains 1 chunk(s)
        RenderSVGInlineText {#text} at (0,0) size 87x26
          chunk 1 text run 1 at (3000.00,4820.00) startOffset 0 endOffset 11 width 87.00: "just a text"
      RenderSVGText {text} at (3100,4800) size 87x26 contains 1 chunk(s)
        RenderSVGInlineText {#text} at (0,0) size 87x26
          chunk 1 text run 1 at (3100.00,4820.00) startOffset 0 endOffset 11 width 87.00: "just a text"
      RenderSVGText {text} at (3200,4800) size 87x26 contains 1 chunk(s)
        RenderSVGInlineText {#text} at (0,0) size 87x26
          chunk 1 text run 1 at (3200.00,4820.00) startOffset 0 endOffset 11 width 87.00: "just a text"
      RenderSVGText {text} at (3300,4800) size 87x26 contains 1 chunk(s)
        RenderSVGInlineText {#text} at (0,0) size 87x26
          chunk 1 text run 1 at (3300.00,4820.00) startOffset 0 endOffset 11 width 87.00: "just a text"
      RenderSVGText {text} at (3400,4800) size 87x26 contains 1 chunk(s)
        RenderSVGInlineText {#text} at (0,0) size 87x26
          chunk 1 text run 1 at (3400.00,4820.00) startOffset 0 endOffset 11 width 87.00: "just a text"
      RenderSVGText {text} at (3500,4800) size 87x26 contains 1 chunk(s)
        RenderSVGInlineText {#text} at (0,0) size 87x26
          chunk 1 text run 1 at (3500.00,4820.00) startOffset 0 endOffset 11 width 87.00: "just a text"
      RenderSVGText {text} at (3600,4800) size 87x26 contains 1 chunk(s)
        RenderSVGInlineText {#text} at (0,0) size 87x26
          chunk 1 text run 1 at (3600.00,4820.00) startOffset 0 endOffset 11 width 87.00: "just a text"
      RenderSVGText {text} at (3700,4800) size 87x26 contains 1 chunk(s)
        RenderSVGInlineText {#text} at (0,0) size 87x26
          chunk 1 text run 1 at (3700.00,4820.00) startOffset 0 endOffset 11 width 87.00: "just a text"
      RenderSVGText {text} at (3800,4800) size 87x26 contains 1 chunk(s)
        RenderSVGInlineText {#text} at (0,0) size 87x26
          chunk 1 text run 1 at (3800.00,4820.00) startOffset 0 endOffset 11 width 87.00: "just a text"
      RenderSVGText {text} at (3900,4800) size 87x26 contains 1 chunk(s)
        RenderSVGInlineText {#text} at (0,0) size 87x26
          chunk 1 text run 1 at (3900.00,4820.00) startOffset 0 endOffset 11 width 87.00: "just a text"
      RenderSVGText {text} at (4000,4800) size 87x26 contains 1 chunk(s)
        RenderSVGInlineText {#text} at (0,0) size 87x26
          chunk 1 text run 1 at (4000.00,4820.00) startOffset 0 endOffset 11 width 87.00: "just a text"
      RenderSVGText {text} at (4100,4800) size 87x26 contains 1 chunk(s)
        RenderSVGInlineText {#text} at (0,0) size 87x26
          chunk 1 text run 1 at (4100.00,4820.00) startOffset 0 endOffset 11 width 87.00: "just a text"
      RenderSVGText {text} at (4200,4800) size 87x26 contains 1 chunk(s)
        RenderSVGInlineText {#text} at (0,0) size 87x26
          chunk 1 text run 1 at (4200.00,4820.00) startOffset 0 endOffset 11 width 87.00: "just a text"
      RenderSVGText {text} at (4300,4800) size 87x26 contains 1 chunk(s)
        RenderSVGInlineText {#text} at (0,0) size 87x26
          chunk 1 text run 1 at (4300.00,4820.00) startOffset 0 endOffset 11 width 87.00: "just a text"
      RenderSVGText {text} at (4400,4800) size 87x26 contains 1 chunk(s)
        RenderSVGInlineText {#text} at (0,0) size 87x26
          chunk 1 text run 1 at (4400.00,4820.00) startOffset 0 endOffset 11 width 87.00: "just a text"
      RenderSVGText {text} at (4500,4800) size 87x26 contains 1 chunk(s)
        RenderSVGInlineText {#text} at (0,0) size 87x26
          chunk 1 text run 1 at (4500.00,4820.00) startOffset 0 endOffset 11 width 87.00: "just a text"
      RenderSVGText {text} at (4600,4800) size 87x26 contains 1 chunk(s)
        RenderSVGInlineText {#text} at (0,0) size 87x26
          chunk 1 text run 1 at (4600.00,4820.00) startOffset 0 endOffset 11 width 87.00: "just a text"
      RenderSVGText {text} at (4700,4800) size 87x26 contains 1 chunk(s)
        RenderSVGInlineText {#text} at (0,0) size 87x26
          chunk 1 text run 1 at (4700.00,4820.00) startOffset 0 endOffset 11 width 87.00: "just a text"
      RenderSVGText {text} at (4800,4800) size 87x26 contains 1 chunk(s)
        RenderSVGInlineText {#text} at (0,0) size 87x26
          chunk 1 text run 1 at (4800.00,4820.00) startOffset 0 endOffset 11 width 87.00: "just a text"
      RenderSVGText {text} at (4900,4800) size 87x26 contains 1 chunk(s)
        RenderSVGInlineText {#text} at (0,0) size 87x26
          chunk 1 text run 1 at (4900.00,4820.00) startOffset 0 endOffset 11 width 87.00: "just a text"
      RenderSVGText {text} at (0,4900) size 87x26 contains 1 chunk(s)
        RenderSVGInlineText {#text} at (0,0) size 87x26
          chunk 1 text run 1 at (0.00,4920.00) startOffset 0 endOffset 11 width 87.00: "just a text"
      RenderSVGText {text} at (100,4900) size 87x26 contains 1 chunk(s)
        RenderSVGInlineText {#text} at (0,0) size 87x26
          chunk 1 text run 1 at (100.00,4920.00) startOffset 0 endOffset 11 width 87.00: "just a text"
      RenderSVGText {text} at (200,4900) size 87x26 contains 1 chunk(s)
        RenderSVGInlineText {#text} at (0,0) size 87x26
          chunk 1 text run 1 at (200.00,4920.00) startOffset 0 endOffset 11 width 87.00: "just a text"
      RenderSVGText {text} at (300,4900) size 87x26 contains 1 chunk(s)
        RenderSVGInlineText {#text} at (0,0) size 87x26
          chunk 1 text run 1 at (300.00,4920.00) startOffset 0 endOffset 11 width 87.00: "just a text"
      RenderSVGText {text} at (400,4900) size 87x26 contains 1 chunk(s)
        RenderSVGInlineText {#text} at (0,0) size 87x26
          chunk 1 text run 1 at (400.00,4920.00) startOffset 0 endOffset 11 width 87.00: "just a text"
      RenderSVGText {text} at (500,4900) size 87x26 contains 1 chunk(s)
        RenderSVGInlineText {#text} at (0,0) size 87x26
          chunk 1 text run 1 at (500.00,4920.00) startOffset 0 endOffset 11 width 87.00: "just a text"
      RenderSVGText {text} at (600,4900) size 87x26 contains 1 chunk(s)
        RenderSVGInlineText {#text} at (0,0) size 87x26
          chunk 1 text run 1 at (600.00,4920.00) startOffset 0 endOffset 11 width 87.00: "just a text"
      RenderSVGText {text} at (700,4900) size 87x26 contains 1 chunk(s)
        RenderSVGInlineText {#text} at (0,0) size 87x26
          chunk 1 text run 1 at (700.00,4920.00) startOffset 0 endOffset 11 width 87.00: "just a text"
      RenderSVGText {text} at (800,4900) size 87x26 contains 1 chunk(s)
        RenderSVGInlineText {#text} at (0,0) size 87x26
          chunk 1 text run 1 at (800.00,4920.00) startOffset 0 endOffset 11 width 87.00: "just a text"
      RenderSVGText {text} at (900,4900) size 87x26 contains 1 chunk(s)
        RenderSVGInlineText {#text} at (0,0) size 87x26
          chunk 1 text run 1 at (900.00,4920.00) startOffset 0 endOffset 11 width 87.00: "just a text"
      RenderSVGText {text} at (1000,4900) size 87x26 contains 1 chunk(s)
        RenderSVGInlineText {#text} at (0,0) size 87x26
          chunk 1 text run 1 at (1000.00,4920.00) startOffset 0 endOffset 11 width 87.00: "just a text"
      RenderSVGText {text} at (1100,4900) size 87x26 contains 1 chunk(s)
        RenderSVGInlineText {#text} at (0,0) size 87x26
          chunk 1 text run 1 at (1100.00,4920.00) startOffset 0 endOffset 11 width 87.00: "just a text"
      RenderSVGText {text} at (1200,4900) size 87x26 contains 1 chunk(s)
        RenderSVGInlineText {#text} at (0,0) size 87x26
          chunk 1 text run 1 at (1200.00,4920.00) startOffset 0 endOffset 11 width 87.00: "just a text"
      RenderSVGText {text} at (1300,4900) size 87x26 contains 1 chunk(s)
        RenderSVGInlineText {#text} at (0,0) size 87x26
          chunk 1 text run 1 at (1300.00,4920.00) startOffset 0 endOffset 11 width 87.00: "just a text"
      RenderSVGText {text} at (1400,4900) size 87x26 contains 1 chunk(s)
        RenderSVGInlineText {#text} at (0,0) size 87x26
          chunk 1 text run 1 at (1400.00,4920.00) startOffset 0 endOffset 11 width 87.00: "just a text"
      RenderSVGText {text} at (1500,4900) size 87x26 contains 1 chunk(s)
        RenderSVGInlineText {#text} at (0,0) size 87x26
          chunk 1 text run 1 at (1500.00,4920.00) startOffset 0 endOffset 11 width 87.00: "just a text"
      RenderSVGText {text} at (1600,4900) size 87x26 contains 1 chunk(s)
        RenderSVGInlineText {#text} at (0,0) size 87x26
          chunk 1 text run 1 at (1600.00,4920.00) startOffset 0 endOffset 11 width 87.00: "just a text"
      RenderSVGText {text} at (1700,4900) size 87x26 contains 1 chunk(s)
        RenderSVGInlineText {#text} at (0,0) size 87x26
          chunk 1 text run 1 at (1700.00,4920.00) startOffset 0 endOffset 11 width 87.00: "just a text"
      RenderSVGText {text} at (1800,4900) size 87x26 contains 1 chunk(s)
        RenderSVGInlineText {#text} at (0,0) size 87x26
          chunk 1 text run 1 at (1800.00,4920.00) startOffset 0 endOffset 11 width 87.00: "just a text"
      RenderSVGText {text} at (1900,4900) size 87x26 contains 1 chunk(s)
        RenderSVGInlineText {#text} at (0,0) size 87x26
          chunk 1 text run 1 at (1900.00,4920.00) startOffset 0 endOffset 11 width 87.00: "just a text"
      RenderSVGText {text} at (2000,4900) size 87x26 contains 1 chunk(s)
        RenderSVGInlineText {#text} at (0,0) size 87x26
          chunk 1 text run 1 at (2000.00,4920.00) startOffset 0 endOffset 11 width 87.00: "just a text"
      RenderSVGText {text} at (2100,4900) size 87x26 contains 1 chunk(s)
        RenderSVGInlineText {#text} at (0,0) size 87x26
          chunk 1 text run 1 at (2100.00,4920.00) startOffset 0 endOffset 11 width 87.00: "just a text"
      RenderSVGText {text} at (2200,4900) size 87x26 contains 1 chunk(s)
        RenderSVGInlineText {#text} at (0,0) size 87x26
          chunk 1 text run 1 at (2200.00,4920.00) startOffset 0 endOffset 11 width 87.00: "just a text"
      RenderSVGText {text} at (2300,4900) size 87x26 contains 1 chunk(s)
        RenderSVGInlineText {#text} at (0,0) size 87x26
          chunk 1 text run 1 at (2300.00,4920.00) startOffset 0 endOffset 11 width 87.00: "just a text"
      RenderSVGText {text} at (2400,4900) size 87x26 contains 1 chunk(s)
        RenderSVGInlineText {#text} at (0,0) size 87x26
          chunk 1 text run 1 at (2400.00,4920.00) startOffset 0 endOffset 11 width 87.00: "just a text"
      RenderSVGText {text} at (2500,4900) size 87x26 contains 1 chunk(s)
        RenderSVGInlineText {#text} at (0,0) size 87x26
          chunk 1 text run 1 at (2500.00,4920.00) startOffset 0 endOffset 11 width 87.00: "just a text"
      RenderSVGText {text} at (2600,4900) size 87x26 contains 1 chunk(s)
        RenderSVGInlineText {#text} at (0,0) size 87x26
          chunk 1 text run 1 at (2600.00,4920.00) startOffset 0 endOffset 11 width 87.00: "just a text"
      RenderSVGText {text} at (2700,4900) size 87x26 contains 1 chunk(s)
        RenderSVGInlineText {#text} at (0,0) size 87x26
          chunk 1 text run 1 at (2700.00,4920.00) startOffset 0 endOffset 11 width 87.00: "just a text"
      RenderSVGText {text} at (2800,4900) size 87x26 contains 1 chunk(s)
        RenderSVGInlineText {#text} at (0,0) size 87x26
          chunk 1 text run 1 at (2800.00,4920.00) startOffset 0 endOffset 11 width 87.00: "just a text"
      RenderSVGText {text} at (2900,4900) size 87x26 contains 1 chunk(s)
        RenderSVGInlineText {#text} at (0,0) size 87x26
          chunk 1 text run 1 at (2900.00,4920.00) startOffset 0 endOffset 11 width 87.00: "just a text"
      RenderSVGText {text} at (3000,4900) size 87x26 contains 1 chunk(s)
        RenderSVGInlineText {#text} at (0,0) size 87x26
          chunk 1 text run 1 at (3000.00,4920.00) startOffset 0 endOffset 11 width 87.00: "just a text"
      RenderSVGText {text} at (3100,4900) size 87x26 contains 1 chunk(s)
        RenderSVGInlineText {#text} at (0,0) size 87x26
          chunk 1 text run 1 at (3100.00,4920.00) startOffset 0 endOffset 11 width 87.00: "just a text"
      RenderSVGText {text} at (3200,4900) size 87x26 contains 1 chunk(s)
        RenderSVGInlineText {#text} at (0,0) size 87x26
          chunk 1 text run 1 at (3200.00,4920.00) startOffset 0 endOffset 11 width 87.00: "just a text"
      RenderSVGText {text} at (3300,4900) size 87x26 contains 1 chunk(s)
        RenderSVGInlineText {#text} at (0,0) size 87x26
          chunk 1 text run 1 at (3300.00,4920.00) startOffset 0 endOffset 11 width 87.00: "just a text"
      RenderSVGText {text} at (3400,4900) size 87x26 contains 1 chunk(s)
        RenderSVGInlineText {#text} at (0,0) size 87x26
          chunk 1 text run 1 at (3400.00,4920.00) startOffset 0 endOffset 11 width 87.00: "just a text"
      RenderSVGText {text} at (3500,4900) size 87x26 contains 1 chunk(s)
        RenderSVGInlineText {#text} at (0,0) size 87x26
          chunk 1 text run 1 at (3500.00,4920.00) startOffset 0 endOffset 11 width 87.00: "just a text"
      RenderSVGText {text} at (3600,4900) size 87x26 contains 1 chunk(s)
        RenderSVGInlineText {#text} at (0,0) size 87x26
          chunk 1 text run 1 at (3600.00,4920.00) startOffset 0 endOffset 11 width 87.00: "just a text"
      RenderSVGText {text} at (3700,4900) size 87x26 contains 1 chunk(s)
        RenderSVGInlineText {#text} at (0,0) size 87x26
          chunk 1 text run 1 at (3700.00,4920.00) startOffset 0 endOffset 11 width 87.00: "just a text"
      RenderSVGText {text} at (3800,4900) size 87x26 contains 1 chunk(s)
        RenderSVGInlineText {#text} at (0,0) size 87x26
          chunk 1 text run 1 at (3800.00,4920.00) startOffset 0 endOffset 11 width 87.00: "just a text"
      RenderSVGText {text} at (3900,4900) size 87x26 contains 1 chunk(s)
        RenderSVGInlineText {#text} at (0,0) size 87x26
          chunk 1 text run 1 at (3900.00,4920.00) startOffset 0 endOffset 11 width 87.00: "just a text"
      RenderSVGText {text} at (4000,4900) size 87x26 contains 1 chunk(s)
        RenderSVGInlineText {#text} at (0,0) size 87x26
          chunk 1 text run 1 at (4000.00,4920.00) startOffset 0 endOffset 11 width 87.00: "just a text"
      RenderSVGText {text} at (4100,4900) size 87x26 contains 1 chunk(s)
        RenderSVGInlineText {#text} at (0,0) size 87x26
          chunk 1 text run 1 at (4100.00,4920.00) startOffset 0 endOffset 11 width 87.00: "just a text"
      RenderSVGText {text} at (4200,4900) size 87x26 contains 1 chunk(s)
        RenderSVGInlineText {#text} at (0,0) size 87x26
          chunk 1 text run 1 at (4200.00,4920.00) startOffset 0 endOffset 11 width 87.00: "just a text"
      RenderSVGText {text} at (4300,4900) size 87x26 contains 1 chunk(s)
        RenderSVGInlineText {#text} at (0,0) size 87x26
          chunk 1 text run 1 at (4300.00,4920.00) startOffset 0 endOffset 11 width 87.00: "just a text"
      RenderSVGText {text} at (4400,4900) size 87x26 contains 1 chunk(s)
        RenderSVGInlineText {#text} at (0,0) size 87x26
          chunk 1 text run 1 at (4400.00,4920.00) startOffset 0 endOffset 11 width 87.00: "just a text"
      RenderSVGText {text} at (4500,4900) size 87x26 contains 1 chunk(s)
        RenderSVGInlineText {#text} at (0,0) size 87x26
          chunk 1 text run 1 at (4500.00,4920.00) startOffset 0 endOffset 11 width 87.00: "just a text"
      RenderSVGText {text} at (4600,4900) size 87x26 contains 1 chunk(s)
        RenderSVGInlineText {#text} at (0,0) size 87x26
          chunk 1 text run 1 at (4600.00,4920.00) startOffset 0 endOffset 11 width 87.00: "just a text"
      RenderSVGText {text} at (4700,4900) size 87x26 contains 1 chunk(s)
        RenderSVGInlineText {#text} at (0,0) size 87x26
          chunk 1 text run 1 at (4700.00,4920.00) startOffset 0 endOffset 11 width 87.00: "just a text"
      RenderSVGText {text} at (4800,4900) size 87x26 contains 1 chunk(s)
        RenderSVGInlineText {#text} at (0,0) size 87x26
          chunk 1 text run 1 at (4800.00,4920.00) startOffset 0 endOffset 11 width 87.00: "just a text"
      RenderSVGText {text} at (4900,4900) size 87x26 contains 1 chunk(s)
        RenderSVGInlineText {#text} at (0,0) size 87x26
          chunk 1 text run 1 at (4900.00,4920.00) startOffset 0 endOffset 11 width 87.00: "just a text"
    RenderText {#text} at (0,0) size 0x0
