layer at (0,0) size 784x787
  RenderView at (0,0) size 784x600
layer at (0,0) size 784x787
  RenderBlock {html} at (0,0) size 784x787
    RenderBody {body} at (8,16) size 768x763
      RenderBlock {parsererror} at (16,0) size 736x142 [bgcolor=#FFDDDD] [border: (2px solid #CC7777)]
        RenderBlock {h3} at (18,20) size 700x25
          RenderText {#text} at (0,0) size 365x25
            text run at (0,0) width 365: "This page contains the following errors:"
        RenderBlock {div} at (18,63) size 700x16
          RenderText {#text} at (0,0) size 471x16
            text run at (0,0) width 471: "error on line 6 at column 14: Namespace prefix xlink for href on a is not defined"
            text run at (471,0) width 0: " "
        RenderBlock {h3} at (18,97) size 700x25
          RenderText {#text} at (0,0) size 476x25
            text run at (0,0) width 476: "Below is a rendering of the page up to the first error."
      RenderBlock (anonymous) at (0,158) size 768x605
        RenderSVGRoot {svg} at (8,174) size 218x125
          RenderSVGText {text} at (0,104) size 218x21 contains 1 chunk(s)
            RenderSVGInlineText {#text} at (0,0) size 218x21
              chunk 1 text run 1 at (0.00,120.00) startOffset 0 endOffset 29 width 218.00: "You should see an error above"
          RenderSVGRect {rect} at (8,174) size 100x100 [fill={[type=SOLID] [color=#000000]}] [x=0.00] [y=0.00] [width=100.00] [height=100.00]
