layer at (0,0) size 800x600
  RenderView at (0,0) size 800x600
layer at (0,0) size 800x171
  RenderBlock {html} at (0,0) size 800x171
    RenderBody {body} at (8,8) size 784x155
      RenderBlock {div} at (0,0) size 784x50 [border: (4px dotted #000000)]
        RenderText {#text} at (4,4) size 478x21
          text run at (4,4) width 478: "The SVG rect below this should have a solid red stroke and blue fill."
        RenderBR {br} at (482,4) size 0x21
        RenderText {#text} at (4,25) size 337x21
          text run at (4,25) width 337: "https://bugs.webkit.org/show_bug.cgi?id=25738"
      RenderBlock (anonymous) at (0,50) size 784x105
        RenderSVGRoot {svg} at (8,58) size 100x100
          RenderSVGRect {rect} at (8,58) size 100x100 [stroke={[type=SOLID] [color=#FF0000] [stroke width=5.00]}] [fill={[type=SOLID] [color=#0000FF]}] [x=0.00] [y=0.00] [width=100.00] [height=100.00]
        RenderText {#text} at (0,0) size 0x0
