layer at (0,0) size 800x600
  RenderView at (0,0) size 800x600
layer at (0,0) size 800x374
  RenderBlock {html} at (0,0) size 800x374
    RenderBody {body} at (8,8) size 784x358
      RenderEmbeddedObject {object} at (0,0) size 175x175
        layer at (0,0) size 175x175
          RenderView at (0,0) size 175x175
        layer at (0,0) size 175x175
          RenderSVGRoot {svg} at (0,0) size 175x175
            RenderSVGRect {rect} at (0,0) size 175x175 [fill={[type=SOLID] [color=#0000FF]}] [x=0.00] [y=0.00] [width=300.00] [height=300.00]
            RenderSVGEllipse {circle} at (70,70) size 35x35 [fill={[type=SOLID] [color=#008000]}] [cx=150.00] [cy=150.00] [r=30.00]
      RenderText {#text} at (175,160) size 4x19
        text run at (175,160) width 4: " "
      RenderEmbeddedObject {object} at (179,0) size 175x175
        layer at (0,0) size 175x175
          RenderView at (0,0) size 175x175
        layer at (0,0) size 175x175
          RenderSVGRoot {svg} at (0,0) size 175x175
            RenderSVGRect {rect} at (0,0) size 175x175 [fill={[type=SOLID] [color=#0000FF]}] [x=0.00] [y=0.00] [width=300.00] [height=300.00]
            RenderSVGEllipse {circle} at (70,70) size 35x35 [fill={[type=SOLID] [color=#008000]}] [cx=150.00] [cy=150.00] [r=30.00]
      RenderText {#text} at (354,160) size 4x19
        text run at (354,160) width 4: " "
      RenderEmbeddedObject {object} at (358,0) size 175x175
        layer at (0,0) size 175x175
          RenderView at (0,0) size 175x175
        layer at (0,0) size 175x175
          RenderSVGRoot {svg} at (0,0) size 175x175
            RenderSVGRect {rect} at (0,0) size 175x175 [fill={[type=SOLID] [color=#0000FF]}] [x=0.00] [y=0.00] [width=300.00] [height=300.00]
            RenderSVGEllipse {circle} at (70,70) size 35x35 [fill={[type=SOLID] [color=#008000]}] [cx=150.00] [cy=150.00] [r=30.00]
      RenderText {#text} at (533,160) size 4x19
        text run at (533,160) width 4: " "
      RenderEmbeddedObject {object} at (537,0) size 175x175
        layer at (0,0) size 175x175
          RenderView at (0,0) size 175x175
        layer at (0,0) size 175x175
          RenderSVGRoot {svg} at (0,0) size 175x175
            RenderSVGRect {rect} at (0,0) size 175x175 [fill={[type=SOLID] [color=#0000FF]}] [x=0.00] [y=0.00] [width=300.00] [height=300.00]
            RenderSVGEllipse {circle} at (70,70) size 35x35 [fill={[type=SOLID] [color=#008000]}] [cx=150.00] [cy=150.00] [r=30.00]
      RenderText {#text} at (0,0) size 0x0
      RenderEmbeddedObject {object} at (0,179) size 175x175
        layer at (0,0) size 175x175
          RenderView at (0,0) size 175x175
        layer at (0,0) size 175x175
          RenderSVGRoot {svg} at (0,0) size 175x175
            RenderSVGRect {rect} at (0,0) size 175x175 [fill={[type=SOLID] [color=#0000FF]}] [x=0.00] [y=0.00] [width=300.00] [height=300.00]
            RenderSVGEllipse {circle} at (70,70) size 35x35 [fill={[type=SOLID] [color=#008000]}] [cx=150.00] [cy=150.00] [r=30.00]
      RenderText {#text} at (175,339) size 4x19
        text run at (175,339) width 4: " "
      RenderEmbeddedObject {object} at (179,179) size 175x175
        layer at (0,0) size 175x175
          RenderView at (0,0) size 175x175
        layer at (0,0) size 175x175
          RenderSVGRoot {svg} at (0,0) size 175x175
            RenderSVGRect {rect} at (0,0) size 175x175 [fill={[type=SOLID] [color=#0000FF]}] [x=0.00] [y=0.00] [width=300.00] [height=300.00]
            RenderSVGEllipse {circle} at (70,70) size 35x35 [fill={[type=SOLID] [color=#008000]}] [cx=150.00] [cy=150.00] [r=30.00]
      RenderText {#text} at (354,339) size 4x19
        text run at (354,339) width 4: " "
      RenderEmbeddedObject {object} at (358,179) size 175x175
        layer at (0,0) size 175x175
          RenderView at (0,0) size 175x175
        layer at (0,0) size 175x175
          RenderSVGRoot {svg} at (0,0) size 175x175
            RenderSVGRect {rect} at (0,0) size 175x175 [fill={[type=SOLID] [color=#0000FF]}] [x=0.00] [y=0.00] [width=300.00] [height=300.00]
            RenderSVGEllipse {circle} at (70,70) size 35x35 [fill={[type=SOLID] [color=#008000]}] [cx=150.00] [cy=150.00] [r=30.00]
      RenderText {#text} at (533,339) size 4x19
        text run at (533,339) width 4: " "
      RenderEmbeddedObject {object} at (537,179) size 175x175
        layer at (0,0) size 175x175
          RenderView at (0,0) size 175x175
        layer at (0,0) size 175x175
          RenderSVGRoot {svg} at (0,0) size 175x175
            RenderSVGRect {rect} at (0,0) size 175x175 [fill={[type=SOLID] [color=#0000FF]}] [x=0.00] [y=0.00] [width=300.00] [height=300.00]
            RenderSVGEllipse {circle} at (70,70) size 35x35 [fill={[type=SOLID] [color=#008000]}] [cx=150.00] [cy=150.00] [r=30.00]
      RenderText {#text} at (0,0) size 0x0
