layer at (0,0) size 800x600
  RenderView at (0,0) size 800x600
layer at (0,0) size 800x413
  RenderBlock {html} at (0,0) size 800x413
    RenderBody {body} at (8,8) size 784x389
      RenderBlock {div} at (0,0) size 784x214 [bgcolor=#008000]
        RenderEmbeddedObject {object} at (0,0) size 208x208 [bgcolor=#FFA500]
          layer at (0,0) size 208x208
            RenderView at (0,0) size 208x208
          layer at (0,0) size 208x208
            RenderSVGRoot {svg} at (20,20) size 168x168
              RenderSVGPath {circle} at (20,20) size 168x168 [fill={[type=SOLID] [color=#FF0000]}] [cx=25.00] [cy=25.00] [r=20.00]
        RenderText {#text} at (0,0) size 0x0
      RenderBlock {p} at (0,230) size 208x22 [bgcolor=#0000FF]
        RenderText {#text} at (0,0) size 13x22
          text run at (0,0) width 13: "hi"
      RenderBlock {h2} at (0,271) size 784x33
        RenderText {#text} at (0,0) size 169x33
          text run at (0,0) width 169: "Expected results"
      RenderBlock {ul} at (0,323) size 784x66
        RenderListItem {li} at (40,0) size 744x22
          RenderListMarker at (-18,0) size 7x22: bullet
          RenderText {#text} at (0,0) size 31x22
            text run at (0,0) width 31: "The "
          RenderInline {code} at (0,0) size 17x17
            RenderText {#text} at (31,3) size 17x17
              text run at (31,3) width 17: "div"
          RenderText {#text} at (48,0) size 262x22
            text run at (48,0) width 262: " containing the object appears in green"
        RenderListItem {li} at (40,22) size 744x22
          RenderListMarker at (-18,0) size 7x22: bullet
          RenderText {#text} at (0,0) size 31x22
            text run at (0,0) width 31: "The "
          RenderInline {code} at (0,0) size 35x17
            RenderText {#text} at (31,3) size 35x17
              text run at (31,3) width 35: "object"
          RenderText {#text} at (66,0) size 290x22
            text run at (66,0) width 290: " appears in orange. Its height is set at 13em"
        RenderListItem {li} at (40,44) size 744x22
          RenderListMarker at (-18,0) size 7x22: bullet
          RenderText {#text} at (0,0) size 178x22
            text run at (0,0) width 178: "The blue line is 13em wide"
