layer at (0,0) size 800x600
  RenderView at (0,0) size 800x600
layer at (0,0) size 800x284
  RenderBlock {html} at (0,0) size 800x284
    RenderBody {body} at (8,16) size 784x260
      RenderBlock {p} at (0,0) size 784x44
        RenderText {#text} at (0,0) size 784x44
          text run at (0,0) width 784: "Below there is a div with an embedded green svg in it. Since the dimensions of the svg are 100%/100% of the parent,"
          text run at (0,22) width 283: "the green should cover the red(Bug 9752)."
      RenderBlock {div} at (0,60) size 200x200 [bgcolor=#FF0000]
        RenderSVGRoot {svg} at (8,76) size 200x200
          RenderSVGPath {rect} at (8,76) size 200x200 [fill={[type=SOLID] [color=#008000]}] [x=0.00] [y=0.00] [width=200.00] [height=200.00]
        RenderText {#text} at (0,0) size 0x0
