layer at (0,0) size 800x600
  RenderView at (0,0) size 800x600
layer at (0,0) size 800x484
  RenderBlock {html} at (0,0) size 800x484
    RenderBody {body} at (8,16) size 784x460
      RenderBlock {p} at (0,0) size 784x42
        RenderText {#text} at (0,0) size 776x42
          text run at (0,0) width 776: "The svg area contained in the div element (red box), should fill out the whole area with a circle, which contains"
          text run at (0,21) width 200: "a radial gradient in its center"
      RenderBlock {div} at (0,58) size 402x402 [border: (1px solid #FF0000)]
        RenderSVGRoot {svg} at (48,114) size 322x322
          RenderSVGHiddenContainer {defs} at (0,0) size 0x0
            RenderSVGResourceRadialGradient {radialGradient} [id="grad"] [gradientUnits=userSpaceOnUse] [center=(200,200)] [focal=(200,200)] [radius=160.00]
              RenderSVGGradientStop {stop} [offset=0.00] [color=#000000]
              RenderSVGGradientStop {stop} [offset=1.00] [color=#FFFFFF]
          RenderSVGPath {circle} at (48,114) size 322x322 [stroke={[type=SOLID] [color=#808080]}] [fill={[type=RADIAL-GRADIENT] [id="grad"]}] [cx=200.00] [cy=200.00] [r=160.00]
        RenderText {#text} at (0,0) size 0x0
caret: position 145 of child 0 {#text} of child 1 {p} of body
