layer at (0,0) size 800x600
  RenderView at (0,0) size 800x600
layer at (0,0) size 800x381
  RenderBlock {html} at (0,0) size 800x381
    RenderBody {body} at (8,21) size 784x352
      RenderBlock {h1} at (0,0) size 784x84
        RenderText {#text} at (0,0) size 723x84
          text run at (0,0) width 723: "Test case for x/y attributes on root-most <svg>"
          text run at (0,42) width 122: "element"
      RenderBlock {p} at (0,105) size 784x84
        RenderText {#text} at (0,0) size 32x21
          text run at (0,0) width 32: "The "
        RenderInline {code} at (0,0) size 7x17
          RenderText {#text} at (32,3) size 7x17
            text run at (32,3) width 7: "x"
        RenderText {#text} at (39,0) size 35x21
          text run at (39,0) width 35: " and "
        RenderInline {code} at (0,0) size 7x17
          RenderText {#text} at (74,3) size 7x17
            text run at (74,3) width 7: "y"
        RenderText {#text} at (81,0) size 178x21
          text run at (81,0) width 178: " attributes on a root-most "
        RenderInline {code} at (0,0) size 37x17
          RenderText {#text} at (259,3) size 37x17
            text run at (259,3) width 37: "<svg>"
        RenderText {#text} at (296,0) size 477x21
          text run at (296,0) width 477: " element should be ignored, as specified by SVG 1.1. The root-most"
        RenderInline {code} at (0,0) size 37x17
          RenderText {#text} at (0,24) size 37x17
            text run at (0,24) width 37: "<svg>"
        RenderText {#text} at (37,21) size 781x63
          text run at (37,21) width 704: " element is the element at the root of an SVG fragment. For the following test to pass, the green SVG"
          text run at (0,42) width 781: "square should be rendered aligned to the top-left of the red CSS-rendered square, which is 10 pixels wider and"
          text run at (0,63) width 39: "taller."
      RenderBlock {p} at (0,205) size 784x21
        RenderText {#text} at (0,0) size 33x21
          text run at (0,0) width 33: "See "
        RenderInline {a} at (0,0) size 78x21 [color=#0000EE]
          RenderText {#text} at (33,0) size 78x21
            text run at (33,0) width 78: "Bug 13828"
        RenderText {#text} at (111,0) size 4x21
          text run at (111,0) width 4: "."
      RenderBlock {div} at (0,242) size 110x110 [bgcolor=#FF0000]
        RenderSVGRoot {svg} at (8,263) size 100x100
          RenderSVGPath {rect} at (8,263) size 100x100 [fill={[type=SOLID] [color=#008000]}] [x=0.00] [y=0.00] [width=100.00] [height=100.00]
        RenderText {#text} at (0,0) size 0x0
