layer at (0,0) size 1026x975
  RenderView at (0,0) size 784x584
layer at (0,0) size 784x975
  RenderBlock {HTML} at (0,0) size 784x975
    RenderBody {BODY} at (8,16) size 768x955
      RenderBlock {DIV} at (16,0) size 736x60
        RenderBlock {P} at (0,0) size 736x20
          RenderInline {A} at (0,0) size 78x19 [color=#0000EE]
            RenderText {#text} at (278,0) size 78x19
              text run at (278,0) width 78: "Full version"
          RenderText {#text} at (356,0) size 8x19
            text run at (356,0) width 8: ", "
          RenderInline {A} at (0,0) size 94x19 [color=#0000EE]
            RenderText {#text} at (364,0) size 94x19
              text run at (364,0) width 94: "Basic version"
        RenderBlock {P} at (0,20) size 736x20
          RenderText {#text} at (203,0) size 127x19
            text run at (203,0) width 127: "Specification link: "
          RenderInline {A} at (0,0) size 204x19 [color=#0000EE]
            RenderText {#text} at (329,0) size 204x19
              text run at (329,0) width 204: "3.4 How groups are rendered"
        RenderBlock {P} at (0,40) size 736x20
          RenderInline {A} at (0,0) size 171x19 [color=#0000EE]
            RenderText {#text} at (187,0) size 171x19
              text run at (187,0) width 171: "pservers-pattern-01-b \x{2190}"
          RenderText {#text} at (357,0) size 5x19
            text run at (357,0) width 5: " "
          RenderInline {A} at (0,0) size 38x19 [color=#0000EE]
            RenderText {#text} at (361,0) size 38x19
              text run at (361,0) width 38: "index"
          RenderText {#text} at (398,0) size 5x19
            text run at (398,0) width 5: " "
          RenderInline {A} at (0,0) size 147x19 [color=#0000EE]
            RenderText {#text} at (402,0) size 147x19
              text run at (402,0) width 147: "\x{2192} script-handle-01-b"
          RenderText {#text} at (0,0) size 0x0
      RenderTable {TABLE} at (0,64) size 1018x551
        RenderTableSection {TBODY} at (0,0) size 1018x551
          RenderTableRow {TR} at (0,0) size 1018x551
            RenderTableCell {TD} at (0,0) size 1018x551 [r=0 c=0 rs=1 cs=3]
              RenderTable {TABLE} at (10,10) size 998x531
                RenderTableSection {TBODY} at (0,0) size 998x531
                  RenderTableRow {TR} at (0,2) size 998x106
                    RenderTableCell {TD} at (2,2) size 994x106 [r=0 c=0 rs=1 cs=2]
                      RenderBlock {H1} at (8,29) size 978x48
                        RenderText {#text} at (341,6) size 296x36
                          text run at (341,6) width 296: "render-groups-01-b"
                  RenderTableRow {TR} at (0,110) size 998x36 [color=#FFFFFF] [bgcolor=#000000]
                    RenderTableCell {TD} at (2,110) size 496x36 [r=1 c=0 rs=1 cs=1]
                      RenderText {#text} at (206,8) size 84x19
                        text run at (206,8) width 84: "SVG Image"
                    RenderTableCell {TD} at (500,110) size 496x36 [r=1 c=1 rs=1 cs=1]
                      RenderText {#text} at (205,8) size 86x19
                        text run at (205,8) width 86: "PNG Image"
                  RenderTableRow {TR} at (0,148) size 998x381
                    RenderTableCell {TD} at (2,148) size 496x381 [r=2 c=0 rs=1 cs=1]
                      RenderEmbeddedObject {EMBED} at (8,8) size 480x360
                        layer at (0,0) size 480x360
                          RenderView at (0,0) size 480x360
                        layer at (0,0) size 480x360
                          RenderSVGRoot {svg} at (0,0) size 480x360
                            RenderSVGContainer {g} at (35,9) size 429x306
                              RenderSVGHiddenContainer {defs} at (0,0) size 0x0
                              RenderSVGContainer {g} at (35,9) size 429x306 [transform={m=((1.80,0.00)(0.00,1.80)) t=(0.00,0.00)}]
                                RenderSVGRect {rect} at (36,18) size 414x279 [fill={[type=SOLID] [color=#C0C0C0]}] [x=20.00] [y=10.00] [width=230.00] [height=155.00]
                                RenderSVGPath {line} at (58,18) size 28x297 [stroke={[type=SOLID] [color=#FFFFFF] [stroke width=15.00]}] [fill={[type=SOLID] [color=#000000]}] [x1=40.00] [y1=10.00] [x2=40.00] [y2=175.00]
                                RenderSVGPath {line} at (112,18) size 28x297 [stroke={[type=SOLID] [color=#FFFFFF] [stroke width=15.00]}] [fill={[type=SOLID] [color=#000000]}] [x1=70.00] [y1=10.00] [x2=70.00] [y2=175.00]
                                RenderSVGPath {line} at (166,18) size 28x297 [stroke={[type=SOLID] [color=#FFFFFF] [stroke width=15.00]}] [fill={[type=SOLID] [color=#000000]}] [x1=100.00] [y1=10.00] [x2=100.00] [y2=175.00]
                                RenderSVGPath {line} at (220,18) size 28x297 [stroke={[type=SOLID] [color=#FFFFFF] [stroke width=15.00]}] [fill={[type=SOLID] [color=#000000]}] [x1=130.00] [y1=10.00] [x2=130.00] [y2=175.00]
                                RenderSVGPath {line} at (274,18) size 28x297 [stroke={[type=SOLID] [color=#FFFFFF] [stroke width=15.00]}] [fill={[type=SOLID] [color=#000000]}] [x1=160.00] [y1=10.00] [x2=160.00] [y2=175.00]
                                RenderSVGPath {line} at (328,18) size 28x297 [stroke={[type=SOLID] [color=#FFFFFF] [stroke width=15.00]}] [fill={[type=SOLID] [color=#000000]}] [x1=190.00] [y1=10.00] [x2=190.00] [y2=175.00]
                                RenderSVGPath {line} at (382,18) size 28x297 [stroke={[type=SOLID] [color=#FFFFFF] [stroke width=15.00]}] [fill={[type=SOLID] [color=#000000]}] [x1=220.00] [y1=10.00] [x2=220.00] [y2=175.00]
                                RenderSVGPath {line} at (436,18) size 28x297 [stroke={[type=SOLID] [color=#FFFFFF] [stroke width=15.00]}] [fill={[type=SOLID] [color=#000000]}] [x1=250.00] [y1=10.00] [x2=250.00] [y2=175.00]
                                RenderSVGRect {rect} at (35,17) size 416x281 [stroke={[type=SOLID] [color=#000000]}] [x=20.00] [y=10.00] [width=230.00] [height=155.00]
                                RenderSVGContainer {g} at (54,9) size 382x270 [opacity=0.50]
                                  RenderSVGText {text} at (30,5) size 138x121 contains 1 chunk(s)
                                    RenderSVGInlineText {#text} at (0,0) size 138x121
                                      chunk 1 text run 1 at (30.00,90.00) startOffset 0 endOffset 2 width 88.32: "SV"
                                      chunk 1 text run 2 at (123.12,90.00) startOffset 2 endOffset 3 width 44.04: "G"
                                  RenderSVGRect {rect} at (126,99) size 234x126 [fill={[type=SOLID] [color=#820032]}] [x=70.00] [y=55.00] [width=130.00] [height=70.00]
                                  RenderSVGImage {image} at (291,135) size 145x144
                            RenderSVGText {text} at (10,304) size 261x45 contains 1 chunk(s)
                              RenderSVGInlineText {#text} at (0,0) size 261x45
                                chunk 1 text run 1 at (10.00,340.00) startOffset 0 endOffset 16 width 261.00: "$Revision: 1.6 $"
                            RenderSVGRect {rect} at (0,0) size 480x360 [stroke={[type=SOLID] [color=#000000]}] [x=1.00] [y=1.00] [width=478.00] [height=358.00]
                      RenderText {#text} at (0,0) size 0x0
                    RenderTableCell {TD} at (500,148) size 496x381 [r=2 c=1 rs=1 cs=1]
                      RenderImage {IMG} at (8,8) size 480x360
                      RenderText {#text} at (0,0) size 0x0
      RenderBlock {DIV} at (23,626) size 722x293
        RenderBlock {P} at (0,0) size 722x40
          RenderText {#text} at (0,0) size 677x39
            text run at (0,0) width 637: "Verifies implicit rendering order (paragraph 3.3) and grouping mechanism (paragraphs 3.4). "
            text run at (637,0) width 40: "It also"
            text run at (0,20) width 337: "validates basic Shape, Image and text rendering."
        RenderBlock {P} at (0,51) size 722x120
          RenderText {#text} at (0,0) size 716x119
            text run at (0,0) width 132: "This test renders 3 "
            text run at (132,0) width 241: "elements: a text string \"SVG\", then "
            text run at (373,0) width 283: "a shape, then an image. Because of their"
            text run at (0,20) width 301: "definition order and coordinates, the image "
            text run at (301,20) width 411: "should be on top of the rectangle and the rectangle on top of"
            text run at (0,40) width 87: "the text. The "
            text run at (87,40) width 519: "test validates that groups are conceptually rendered offscreen before being "
            text run at (606,40) width 109: "rendered on the"
            text run at (0,60) width 467: "canvas. This is done by grouping the same overlapping objects and "
            text run at (467,60) width 238: "rendering the group at half opacity."
            text run at (0,80) width 331: "The background pattern (vertical stripes) should "
            text run at (331,80) width 385: "show throw all the group elements. However, none of the"
            text run at (0,100) width 219: "\"SVG\" should show through the "
            text run at (219,100) width 463: "rectangle and none of the rectangle should show through the image."
        RenderBlock {P} at (0,182) size 722x80
          RenderText {#text} at (0,0) size 706x79
            text run at (0,0) width 537: "Prerequisites: the test assumes proper handling of the fill stroke, stroke-width, "
            text run at (537,0) width 116: "opacity, font-size"
            text run at (0,20) width 486: "rendering properties. It uses the rect, line, text and image elements, as "
            text run at (486,20) width 220: "well as all the elements required"
            text run at (0,40) width 357: "for the test template. To ensure that the text string is "
            text run at (357,40) width 331: "overlapped by the other elements and to avoid a"
            text run at (0,60) width 346: "dependency on system fonts, an SVG font is used."
        RenderBlock {P} at (0,273) size 722x20
          RenderText {#text} at (0,0) size 434x19
            text run at (0,0) width 434: "The rendered image should match the reference image exactly."
      RenderBlock {DIV} at (16,935) size 736x20
        RenderBlock {P} at (0,0) size 736x20
          RenderInline {A} at (0,0) size 171x19 [color=#0000EE]
            RenderText {#text} at (187,0) size 171x19
              text run at (187,0) width 171: "pservers-pattern-01-b \x{2190}"
          RenderText {#text} at (357,0) size 5x19
            text run at (357,0) width 5: " "
          RenderInline {A} at (0,0) size 38x19 [color=#0000EE]
            RenderText {#text} at (361,0) size 38x19
              text run at (361,0) width 38: "index"
          RenderText {#text} at (398,0) size 5x19
            text run at (398,0) width 5: " "
          RenderInline {A} at (0,0) size 147x19 [color=#0000EE]
            RenderText {#text} at (402,0) size 147x19
              text run at (402,0) width 147: "\x{2192} script-handle-01-b"
          RenderText {#text} at (0,0) size 0x0
scrolled to 0,391
