layer at (0,0) size 800x600
  RenderView at (0,0) size 800x600
layer at (0,0) size 800x600
  RenderBlock {HTML} at (0,0) size 800x600
    RenderBody {BODY} at (8,8) size 784x574
      RenderBlock (anonymous) at (0,0) size 784x21
        RenderText {#text} at (0,0) size 82x21
          text run at (0,0) width 82: "no spacing:"
      RenderBlock {P} at (0,39) size 784x20
        RenderText {#text} at (0,1) size 70x18
          text run at (0,1) width 70: "abc abc abc"
      RenderBlock (anonymous) at (0,77) size 784x21
        RenderText {#text} at (0,0) size 328x21
          text run at (0,0) width 328: "word-spacing: 100px, all should look the same"
      RenderBlock {P} at (0,116) size 784x20
        RenderText {#text} at (0,1) size 270x18
          text run at (0,1) width 270: "abc abc abc"
      RenderBlock {P} at (0,154) size 784x20
        RenderText {#text} at (0,1) size 126x18
          text run at (0,1) width 126: "abc "
        RenderInline {SPAN} at (0,0) size 14x18
          RenderText {#text} at (125,1) size 14x18
            text run at (125,1) width 14: "ab"
        RenderText {#text} at (138,1) size 132x18
          text run at (138,1) width 132: "c abc"
      RenderBlock {P} at (0,192) size 784x20
        RenderText {#text} at (0,1) size 126x18
          text run at (0,1) width 126: "abc "
        RenderInline {SPAN} at (0,0) size 8x18
          RenderText {#text} at (125,1) size 8x18
            text run at (125,1) width 8: "a"
        RenderInline {SPAN} at (0,0) size 7x18
          RenderText {#text} at (132,1) size 7x18
            text run at (132,1) width 7: "b"
        RenderText {#text} at (138,1) size 132x18
          text run at (138,1) width 132: "c abc"
      RenderBlock {P} at (0,230) size 784x20
        RenderText {#text} at (0,1) size 126x18
          text run at (0,1) width 126: "abc "
        RenderInline {SPAN} at (0,0) size 8x18
          RenderText {#text} at (125,1) size 8x18
            text run at (125,1) width 8: "a"
        RenderText {#text} at (132,1) size 7x18
          text run at (132,1) width 7: "b"
        RenderInline {SPAN} at (0,0) size 7x18
          RenderText {#text} at (138,1) size 7x18
            text run at (138,1) width 7: "c"
        RenderText {#text} at (244,1) size 26x18
          text run at (244,1) width 26: " abc"
      RenderBlock {P} at (0,268) size 784x20
        RenderText {#text} at (0,1) size 133x18
          text run at (0,1) width 133: "abc a"
        RenderInline {SPAN} at (0,0) size 7x18
          RenderText {#text} at (132,1) size 7x18
            text run at (132,1) width 7: "b"
        RenderInline {SPAN} at (0,0) size 7x18
          RenderText {#text} at (138,1) size 7x18
            text run at (138,1) width 7: "c"
        RenderText {#text} at (244,1) size 26x18
          text run at (244,1) width 26: " abc"
      RenderBlock {P} at (0,306) size 784x20
        RenderText {#text} at (0,1) size 133x18
          text run at (0,1) width 133: "abc a"
        RenderInline {SPAN} at (0,0) size 7x18
          RenderText {#text} at (132,1) size 7x18
            text run at (132,1) width 7: "b"
        RenderText {#text} at (138,1) size 132x18
          text run at (138,1) width 132: "c abc"
      RenderBlock {P} at (0,344) size 784x20
        RenderText {#text} at (0,1) size 126x18
          text run at (0,1) width 126: "abc "
        RenderInline {SPAN} at (0,0) size 1x18
        RenderText {#text} at (125,1) size 126x18
          text run at (125,1) width 126: "abc "
        RenderInline {SPAN} at (0,0) size 1x18
        RenderText {#text} at (250,1) size 20x18
          text run at (250,1) width 20: "abc"
