layer at (0,0) size 800x600
  RenderView at (0,0) size 800x600
layer at (0,0) size 800x291
  RenderBlock {html} at (0,0) size 800x291
    RenderBody {body} at (8,21) size 784x254
      RenderBlock {h1} at (0,0) size 784x42
        RenderText {#text} at (0,0) size 128x42
          text run at (0,0) width 128: "Test for "
        RenderInline {a} at (0,0) size 162x42 [color=#0000EE]
          RenderText {#text} at (128,0) size 162x42
            text run at (128,0) width 162: "Bug 42352"
      RenderBlock {p} at (0,63) size 784x21
        RenderText {#text} at (0,0) size 554x21
          text run at (0,0) width 554: "Following text should be rendered as usual. Only \"A\" has a glyph in SVG Font."
      RenderBlock {p} at (0,100) size 784x18
        RenderText {#text} at (0,1) size 35x16
          text run at (0,1) width 35: "XXA"
      RenderBlock {p} at (0,134) size 784x18
        RenderText {#text} at (0,1) size 35x16
          text run at (0,1) width 35: "XAX"
      RenderBlock {p} at (0,168) size 784x18
        RenderText {#text} at (0,1) size 35x16
          text run at (0,1) width 35: "AXX"
      RenderBlock {p} at (0,202) size 784x18
        RenderText {#text} at (0,1) size 33x16
          text run at (0,1) width 33: "XXX"
      RenderBlock {p} at (0,236) size 784x18
        RenderText {#text} at (0,1) size 39x16
          text run at (0,1) width 39: "AAA"
