layer at (0,0) size 800x600
  RenderView at (0,0) size 800x600
layer at (0,0) size 800x230
  RenderBlock {HTML} at (0,0) size 800x230
    RenderBody {BODY} at (8,8) size 784x214
      RenderBlock (anonymous) at (0,0) size 784x22
        RenderText {#text} at (0,0) size 522x22
          text run at (0,0) width 274: "You should see a green rectangle below. "
          text run at (274,0) width 248: "If you see any red, the test has failed."
      RenderBlock {DIV} at (0,22) size 384x192 [bgcolor=#FF0000]
        RenderInline {SPAN} at (0,0) size 384x97 [bgcolor=#008000]
        RenderBR {BR} at (384,32) size 0x65
        RenderBlock {DIV} at (0,66) size 384x128 [bgcolor=#008000]
