layer at (0,0) size 800x600
  RenderView at (0,0) size 800x600
layer at (0,0) size 800x166
  RenderBlock {HTML} at (0,0) size 800x166
    RenderBody {BODY} at (8,8) size 784x150
      RenderBlock (anonymous) at (0,0) size 784x22
        RenderText {#text} at (0,0) size 522x22
          text run at (0,0) width 274: "You should see a green rectangle below. "
          text run at (274,0) width 248: "If you see any red, the test has failed."
      RenderBlock {DIV} at (0,22) size 320x128 [bgcolor=#FF0000]
        RenderBlock {DIV} at (0,0) size 320x128 [bgcolor=#008000]
        RenderText {#text} at (0,0) size 0x0
