layer at (0,0) size 800x600
  RenderView at (0,0) size 800x600
layer at (0,0) size 800x132
  RenderBlock {html} at (0,0) size 800x132
    RenderBody {body} at (8,16) size 784x108
      RenderBlock {p} at (0,0) size 784x19
        RenderText {#text} at (0,0) size 295x19
          text run at (0,0) width 295: "The table caption should be aligned at the right"
      RenderTable {table} at (0,35) size 124x73 [border: (1px outset #808080)]
        RenderBlock {caption} at (0,0) size 122x19
          RenderText {#text} at (25,0) size 72x19
            text run at (25,0) width 72: "CAPTION"
        RenderTableSection (anonymous) at (1,20) size 122x52
          RenderTableRow {tr} at (0,2) size 122x23
            RenderTableCell {td} at (2,2) size 38x23 [border: (1px inset #808080)] [r=0 c=0 rs=1 cs=1]
              RenderText {#text} at (2,2) size 34x19
                text run at (2,2) width 34: "cell 1"
            RenderTableCell {td} at (42,2) size 38x23 [border: (1px inset #808080)] [r=0 c=1 rs=1 cs=1]
              RenderText {#text} at (2,2) size 34x19
                text run at (2,2) width 34: "cell 2"
            RenderTableCell {td} at (82,2) size 38x23 [border: (1px inset #808080)] [r=0 c=2 rs=1 cs=1]
              RenderText {#text} at (2,2) size 34x19
                text run at (2,2) width 34: "cell 3"
          RenderTableRow {tr} at (0,27) size 122x23
            RenderTableCell {td} at (2,27) size 38x23 [border: (1px inset #808080)] [r=1 c=0 rs=1 cs=1]
              RenderText {#text} at (2,2) size 34x19
                text run at (2,2) width 34: "cell 4"
            RenderTableCell {td} at (42,27) size 38x23 [border: (1px inset #808080)] [r=1 c=1 rs=1 cs=1]
              RenderText {#text} at (2,2) size 34x19
                text run at (2,2) width 34: "cell 5"
            RenderTableCell {td} at (82,27) size 38x23 [border: (1px inset #808080)] [r=1 c=2 rs=1 cs=1]
              RenderText {#text} at (2,2) size 34x19
                text run at (2,2) width 34: "cell 6"
