layer at (0,0) size 800x600
  RenderView at (0,0) size 800x600
layer at (0,0) size 800x157
  RenderBlock {html} at (0,0) size 800x157
    RenderBody {body} at (8,16) size 784x133
      RenderBlock {p} at (0,0) size 784x19
        RenderText {#text} at (0,0) size 482x19
          text run at (0,0) width 372: "Only the left side of the frame surrounding the table below "
          text run at (372,0) width 110: "should be visible."
      RenderTable {table} at (0,35) size 189x98 [border: none (1px solid #808080)]
        RenderTableCol {colgroup} at (0,0) size 0x0
          RenderTableCol {col} at (0,0) size 0x0
        RenderTableCol {colgroup} at (0,0) size 0x0
          RenderTableCol {col} at (0,0) size 0x0
        RenderTableCol {colgroup} at (0,0) size 0x0
          RenderTableCol {col} at (0,0) size 0x0
        RenderTableSection {thead} at (1,0) size 188x25
          RenderTableRow {tr} at (0,2) size 188x21
            RenderTableCell {th} at (2,2) size 60x21 [r=0 c=0 rs=1 cs=1]
              RenderText {#text} at (1,1) size 58x19
                text run at (1,1) width 58: "THEAD"
            RenderTableCell {th} at (64,2) size 60x21 [r=0 c=1 rs=1 cs=1]
              RenderText {#text} at (1,1) size 58x19
                text run at (1,1) width 58: "THEAD"
            RenderTableCell {th} at (126,2) size 60x21 [r=0 c=2 rs=1 cs=1]
              RenderText {#text} at (1,1) size 58x19
                text run at (1,1) width 58: "THEAD"
        RenderTableSection {tfoot} at (1,73) size 188x25
          RenderTableRow {tr} at (0,2) size 188x21
            RenderTableCell {td} at (2,2) size 60x21 [r=0 c=0 rs=1 cs=1]
              RenderText {#text} at (1,1) size 53x19
                text run at (1,1) width 53: "TFOOT"
            RenderTableCell {td} at (64,2) size 60x21 [r=0 c=1 rs=1 cs=1]
              RenderText {#text} at (1,1) size 53x19
                text run at (1,1) width 53: "TFOOT"
            RenderTableCell {td} at (126,2) size 60x21 [r=0 c=2 rs=1 cs=1]
              RenderText {#text} at (1,1) size 53x19
                text run at (1,1) width 53: "TFOOT"
        RenderTableSection {tbody} at (1,25) size 188x48
          RenderTableRow {tr} at (0,2) size 188x21
            RenderTableCell {td} at (2,2) size 60x21 [r=0 c=0 rs=1 cs=1]
              RenderText {#text} at (1,1) size 57x19
                text run at (1,1) width 57: "TBODY"
            RenderTableCell {td} at (64,2) size 60x21 [r=0 c=1 rs=1 cs=1]
              RenderText {#text} at (1,1) size 57x19
                text run at (1,1) width 57: "TBODY"
            RenderTableCell {td} at (126,2) size 60x21 [r=0 c=2 rs=1 cs=1]
              RenderText {#text} at (1,1) size 57x19
                text run at (1,1) width 57: "TBODY"
          RenderTableRow {tr} at (0,25) size 188x21
            RenderTableCell {td} at (2,25) size 60x21 [r=1 c=0 rs=1 cs=1]
              RenderText {#text} at (1,1) size 57x19
                text run at (1,1) width 57: "TBODY"
            RenderTableCell {td} at (64,25) size 60x21 [r=1 c=1 rs=1 cs=1]
              RenderText {#text} at (1,1) size 57x19
                text run at (1,1) width 57: "TBODY"
            RenderTableCell {td} at (126,25) size 60x21 [r=1 c=2 rs=1 cs=1]
              RenderText {#text} at (1,1) size 57x19
                text run at (1,1) width 57: "TBODY"
