layer at (0,0) size 800x600
  RenderView at (0,0) size 800x600
layer at (0,0) size 800x600
  RenderBlock {HTML} at (0,0) size 800x600
    RenderBody {BODY} at (8,8) size 784x576
      RenderBlock {P} at (0,0) size 784x22
        RenderText {#text} at (0,0) size 57x22
          text run at (0,0) width 57: "Test for "
        RenderInline {A} at (0,0) size 70x22 [color=#0000EE]
          RenderText {#text} at (57,0) size 70x22
            text run at (57,0) width 70: "bug 11141"
        RenderText {#text} at (127,0) size 365x22
          text run at (127,0) width 9: ": "
          text run at (136,0) width 356: "CSS '@import' doesn't respect HTML Base element."
      RenderBlock {P} at (0,38) size 784x22 [color=#008000]
        RenderText {#text} at (0,0) size 174x22
          text run at (0,0) width 174: "This text should be green."
      RenderBlock {P} at (0,76) size 784x66
        RenderText {#text} at (0,0) size 749x66
          text run at (0,0) width 404: "If it is red, the css has been loaded relative to the document. "
          text run at (404,0) width 345: "If it is black, no stylesheet has been rendered, if it is"
          text run at (0,22) width 112: "rendered green, "
          text run at (112,22) width 502: "the stylesheet has been rendered correctly from the HREF attribute of the "
          text run at (614,22) width 130: "Base element in the"
          text run at (0,44) width 217: "HEAD section of this document."
      RenderBlock {P} at (0,158) size 784x22 [color=#008000]
        RenderText {#text} at (0,0) size 204x22
          text run at (0,0) width 204: "This text should also be green."
