layer at (0,0) size 800x600
  RenderView at (0,0) size 800x600
layer at (0,0) size 800x600
  RenderBlock {HTML} at (0,0) size 800x600
    RenderBody {BODY} at (8,8) size 784x584
      RenderBlock {P} at (0,0) size 784x20
        RenderText {#text} at (0,0) size 267x19
          text run at (0,0) width 267: "Test appearances of input-speech-button."
      RenderBlock {DIV} at (0,36) size 784x0
      RenderBlock {DIV} at (0,36) size 784x352
        RenderTable {TABLE} at (0,0) size 716x352
          RenderTableSection {TBODY} at (0,0) size 716x352
            RenderTableRow {TR} at (0,2) size 716x348
              RenderTableCell {TD} at (2,14) size 180x324 [r=0 c=0 rs=1 cs=1]
                RenderBlock {DIV} at (1,1) size 178x322
                  RenderTextControl {INPUT} at (0,0) size 101x16 [bgcolor=#FFFFFF] [border: (1px solid #4C4C4C)]
                  RenderBR {BR} at (101,11) size 0x0
                  RenderTextControl {INPUT} at (0,16) size 101x16 [bgcolor=#FFFFFF] [border: (1px solid #4C4C4C)]
                  RenderBR {BR} at (101,27) size 0x0
                  RenderTextControl {INPUT} at (0,32) size 113x17 [bgcolor=#FFFFFF] [border: (1px solid #4C4C4C)]
                  RenderBR {BR} at (113,43) size 0x0
                  RenderTextControl {INPUT} at (0,49) size 113x17 [bgcolor=#FFFFFF] [border: (1px solid #4C4C4C)]
                  RenderBR {BR} at (113,60) size 0x0
                  RenderTextControl {INPUT} at (0,66) size 126x20 [bgcolor=#FFFFFF] [border: (1px solid #4C4C4C)]
                  RenderBR {BR} at (126,79) size 0x0
                  RenderTextControl {INPUT} at (0,86) size 126x20 [bgcolor=#FFFFFF] [border: (1px solid #4C4C4C)]
                  RenderBR {BR} at (126,99) size 0x0
                  RenderTextControl {INPUT} at (2,108) size 137x21 [bgcolor=#FFFFFF] [border: (1px solid #4C4C4C)]
                  RenderBR {BR} at (141,122) size 0x0
                  RenderTextControl {INPUT} at (2,133) size 137x21 [bgcolor=#FFFFFF] [border: (1px solid #4C4C4C)]
                  RenderBR {BR} at (141,147) size 0x0
                  RenderTextControl {INPUT} at (2,158) size 150x22 [bgcolor=#FFFFFF] [border: (1px solid #4C4C4C)]
                  RenderBR {BR} at (154,173) size 0x0
                  RenderTextControl {INPUT} at (2,184) size 150x22 [bgcolor=#FFFFFF] [border: (1px solid #4C4C4C)]
                  RenderBR {BR} at (154,199) size 0x0
                  RenderTextControl {INPUT} at (2,210) size 161x23 [bgcolor=#FFFFFF] [border: (1px solid #4C4C4C)]
                  RenderBR {BR} at (165,226) size 0x0
                  RenderTextControl {INPUT} at (2,237) size 161x23 [bgcolor=#FFFFFF] [border: (1px solid #4C4C4C)]
                  RenderBR {BR} at (165,253) size 0x0
                  RenderTextControl {INPUT} at (2,264) size 174x26 [bgcolor=#FFFFFF] [border: (1px solid #4C4C4C)]
                  RenderBR {BR} at (178,282) size 0x0
                  RenderTextControl {INPUT} at (2,294) size 174x26 [bgcolor=#FFFFFF] [border: (1px solid #4C4C4C)]
                  RenderBR {BR} at (178,312) size 0x0
              RenderTableCell {TD} at (184,2) size 240x348 [r=0 c=1 rs=1 cs=1]
                RenderBlock {DIV} at (1,1) size 238x346
                  RenderTextControl {INPUT} at (2,2) size 185x28 [bgcolor=#FFFFFF] [border: (1px solid #4C4C4C)]
                  RenderBR {BR} at (189,21) size 0x0
                  RenderTextControl {INPUT} at (2,34) size 185x28 [bgcolor=#FFFFFF] [border: (1px solid #4C4C4C)]
                  RenderBR {BR} at (189,53) size 0x0
                  RenderTextControl {INPUT} at (2,66) size 198x29 [bgcolor=#FFFFFF] [border: (1px solid #4C4C4C)]
                  RenderBR {BR} at (202,86) size 0x0
                  RenderTextControl {INPUT} at (2,99) size 198x29 [bgcolor=#FFFFFF] [border: (1px solid #4C4C4C)]
                  RenderBR {BR} at (202,119) size 0x0
                  RenderTextControl {INPUT} at (2,132) size 210x31 [bgcolor=#FFFFFF] [border: (1px solid #4C4C4C)]
                  RenderBR {BR} at (214,154) size 0x0
                  RenderTextControl {INPUT} at (2,167) size 210x31 [bgcolor=#FFFFFF] [border: (1px solid #4C4C4C)]
                  RenderBR {BR} at (214,189) size 0x0
                  RenderTextControl {INPUT} at (2,202) size 223x32 [bgcolor=#FFFFFF] [border: (1px solid #4C4C4C)]
                  RenderBR {BR} at (227,224) size 0x0
                  RenderTextControl {INPUT} at (2,238) size 223x32 [bgcolor=#FFFFFF] [border: (1px solid #4C4C4C)]
                  RenderBR {BR} at (227,260) size 0x0
                  RenderTextControl {INPUT} at (2,274) size 234x33 [bgcolor=#FFFFFF] [border: (1px solid #4C4C4C)]
                  RenderBR {BR} at (238,297) size 0x0
                  RenderTextControl {INPUT} at (2,311) size 234x33 [bgcolor=#FFFFFF] [border: (1px solid #4C4C4C)]
                  RenderBR {BR} at (238,334) size 0x0
              RenderTableCell {TD} at (426,6) size 288x340 [r=0 c=2 rs=1 cs=1]
                RenderBlock {DIV} at (1,1) size 286x338
                  RenderTextControl {INPUT} at (2,2) size 247x36 [bgcolor=#FFFFFF] [border: (1px solid #4C4C4C)]
                  RenderBR {BR} at (251,27) size 0x0
                  RenderTextControl {INPUT} at (2,42) size 247x36 [bgcolor=#FFFFFF] [border: (1px solid #4C4C4C)]
                  RenderBR {BR} at (251,67) size 0x0
                  RenderTextControl {INPUT} at (2,82) size 258x38 [bgcolor=#FFFFFF] [border: (1px solid #4C4C4C)]
                  RenderBR {BR} at (262,109) size 0x0
                  RenderTextControl {INPUT} at (2,124) size 258x38 [bgcolor=#FFFFFF] [border: (1px solid #4C4C4C)]
                  RenderBR {BR} at (262,151) size 0x0
                  RenderTextControl {INPUT} at (2,166) size 271x39 [bgcolor=#FFFFFF] [border: (1px solid #4C4C4C)]
                  RenderBR {BR} at (275,193) size 0x0
                  RenderTextControl {INPUT} at (2,209) size 271x39 [bgcolor=#FFFFFF] [border: (1px solid #4C4C4C)]
                  RenderBR {BR} at (275,236) size 0x0
                  RenderTextControl {INPUT} at (2,252) size 282x40 [bgcolor=#FFFFFF] [border: (1px solid #4C4C4C)]
                  RenderBR {BR} at (286,280) size 0x0
                  RenderTextControl {INPUT} at (2,296) size 282x40 [bgcolor=#FFFFFF] [border: (1px solid #4C4C4C)]
                  RenderBR {BR} at (286,324) size 0x0
layer at (16,61) size 91x11 scrollWidth 155
  RenderBlock {DIV} at (5,2) size 91x11
    RenderText {#text} at (1,0) size 153x11
      text run at (1,0) width 153: "A quick brown fox jumps over the lazy dog"
layer at (16,77) size 91x11 scrollWidth 155
  RenderBlock {DIV} at (5,2) size 91x11
    RenderText {#text} at (1,0) size 153x11
      text run at (1,0) width 153: "A quick brown fox jumps over the lazy dog"
layer at (16,93) size 103x12 scrollWidth 182
  RenderBlock {DIV} at (5,2) size 103x12
    RenderText {#text} at (1,0) size 180x12
      text run at (1,0) width 180: "A quick brown fox jumps over the lazy dog"
layer at (16,110) size 103x12 scrollWidth 182
  RenderBlock {DIV} at (5,2) size 103x12
    RenderText {#text} at (1,0) size 180x12
      text run at (1,0) width 180: "A quick brown fox jumps over the lazy dog"
layer at (17,128) size 114x13 scrollWidth 195
  RenderBlock {DIV} at (6,3) size 114x13
    RenderText {#text} at (1,0) size 193x13
      text run at (1,0) width 193: "A quick brown fox jumps over the lazy dog"
layer at (17,148) size 114x13 scrollWidth 195
  RenderBlock {DIV} at (6,3) size 114x13
    RenderText {#text} at (1,0) size 193x13
      text run at (1,0) width 193: "A quick brown fox jumps over the lazy dog"
layer at (19,170) size 125x14 scrollWidth 212
  RenderBlock {DIV} at (6,3) size 125x14
    RenderText {#text} at (1,0) size 210x14
      text run at (1,0) width 210: "A quick brown fox jumps over the lazy dog"
layer at (19,195) size 125x14 scrollWidth 212
  RenderBlock {DIV} at (6,3) size 125x14
    RenderText {#text} at (1,0) size 210x14
      text run at (1,0) width 210: "A quick brown fox jumps over the lazy dog"
layer at (20,220) size 136x15 scrollWidth 231
  RenderBlock {DIV} at (7,3) size 136x15
    RenderText {#text} at (1,0) size 229x15
      text run at (1,0) width 229: "A quick brown fox jumps over the lazy dog"
layer at (20,246) size 136x15 scrollWidth 231
  RenderBlock {DIV} at (7,3) size 136x15
    RenderText {#text} at (1,0) size 229x15
      text run at (1,0) width 229: "A quick brown fox jumps over the lazy dog"
layer at (20,272) size 147x16 scrollWidth 254
  RenderBlock {DIV} at (7,3) size 147x16
    RenderText {#text} at (1,0) size 252x16
      text run at (1,0) width 252: "A quick brown fox jumps over the lazy dog"
layer at (20,299) size 147x16 scrollWidth 254
  RenderBlock {DIV} at (7,3) size 147x16
    RenderText {#text} at (1,0) size 252x16
      text run at (1,0) width 252: "A quick brown fox jumps over the lazy dog"
layer at (21,327) size 158x18 scrollWidth 270
  RenderBlock {DIV} at (8,4) size 158x18
    RenderText {#text} at (1,0) size 268x18
      text run at (1,0) width 268: "A quick brown fox jumps over the lazy dog"
layer at (21,357) size 158x18 scrollWidth 270
  RenderBlock {DIV} at (8,4) size 158x18
    RenderText {#text} at (1,0) size 268x18
      text run at (1,0) width 268: "A quick brown fox jumps over the lazy dog"
layer at (203,53) size 169x19 scrollWidth 288
  RenderBlock {DIV} at (8,4) size 169x19
    RenderText {#text} at (1,0) size 286x19
      text run at (1,0) width 286: "A quick brown fox jumps over the lazy dog"
layer at (203,85) size 169x19 scrollWidth 288
  RenderBlock {DIV} at (8,4) size 169x19
    RenderText {#text} at (1,0) size 286x19
      text run at (1,0) width 286: "A quick brown fox jumps over the lazy dog"
layer at (204,117) size 180x20 scrollWidth 303
  RenderBlock {DIV} at (9,4) size 180x20
    RenderText {#text} at (1,0) size 301x20
      text run at (1,0) width 301: "A quick brown fox jumps over the lazy dog"
layer at (204,150) size 180x20 scrollWidth 303
  RenderBlock {DIV} at (9,4) size 180x20
    RenderText {#text} at (1,0) size 301x20
      text run at (1,0) width 301: "A quick brown fox jumps over the lazy dog"
layer at (204,184) size 192x21 scrollWidth 328
  RenderBlock {DIV} at (9,5) size 192x21
    RenderText {#text} at (1,0) size 326x21
      text run at (1,0) width 326: "A quick brown fox jumps over the lazy dog"
layer at (204,219) size 192x21 scrollWidth 328
  RenderBlock {DIV} at (9,5) size 192x21
    RenderText {#text} at (1,0) size 326x21
      text run at (1,0) width 326: "A quick brown fox jumps over the lazy dog"
layer at (205,254) size 203x22 scrollWidth 348
  RenderBlock {DIV} at (10,5) size 203x22
    RenderText {#text} at (1,0) size 346x22
      text run at (1,0) width 346: "A quick brown fox jumps over the lazy dog"
layer at (205,290) size 203x22 scrollWidth 348
  RenderBlock {DIV} at (10,5) size 203x22
    RenderText {#text} at (1,0) size 346x22
      text run at (1,0) width 346: "A quick brown fox jumps over the lazy dog"
layer at (205,326) size 214x23 scrollWidth 359
  RenderBlock {DIV} at (10,5) size 214x23
    RenderText {#text} at (1,0) size 357x23
      text run at (1,0) width 357: "A quick brown fox jumps over the lazy dog"
layer at (205,363) size 214x23 scrollWidth 359
  RenderBlock {DIV} at (10,5) size 214x23
    RenderText {#text} at (1,0) size 357x23
      text run at (1,0) width 357: "A quick brown fox jumps over the lazy dog"
layer at (448,59) size 225x24 scrollWidth 384
  RenderBlock {DIV} at (11,6) size 225x24
    RenderText {#text} at (1,0) size 382x24
      text run at (1,0) width 382: "A quick brown fox jumps over the lazy dog"
layer at (448,99) size 225x24 scrollWidth 384
  RenderBlock {DIV} at (11,6) size 225x24
    RenderText {#text} at (1,0) size 382x24
      text run at (1,0) width 382: "A quick brown fox jumps over the lazy dog"
layer at (448,139) size 236x26 scrollWidth 404
  RenderBlock {DIV} at (11,6) size 236x26
    RenderText {#text} at (1,0) size 402x26
      text run at (1,0) width 402: "A quick brown fox jumps over the lazy dog"
layer at (448,181) size 236x26 scrollWidth 404
  RenderBlock {DIV} at (11,6) size 236x26
    RenderText {#text} at (1,0) size 402x26
      text run at (1,0) width 402: "A quick brown fox jumps over the lazy dog"
layer at (449,223) size 247x27 scrollWidth 417
  RenderBlock {DIV} at (12,6) size 247x27
    RenderText {#text} at (1,0) size 415x27
      text run at (1,0) width 415: "A quick brown fox jumps over the lazy dog"
layer at (449,266) size 247x27 scrollWidth 417
  RenderBlock {DIV} at (12,6) size 247x27
    RenderText {#text} at (1,0) size 415x27
      text run at (1,0) width 415: "A quick brown fox jumps over the lazy dog"
layer at (449,309) size 258x28 scrollWidth 433
  RenderBlock {DIV} at (12,6) size 258x28
    RenderText {#text} at (1,0) size 431x28
      text run at (1,0) width 431: "A quick brown fox jumps over the lazy dog"
layer at (449,353) size 258x28 scrollWidth 433
  RenderBlock {DIV} at (12,6) size 258x28
    RenderText {#text} at (1,0) size 431x28
      text run at (1,0) width 431: "A quick brown fox jumps over the lazy dog"
