layer at (0,0) size 800x600
  RenderView at (0,0) size 800x600
layer at (0,0) size 800x600
  RenderBlock {HTML} at (0,0) size 800x600
    RenderBody {BODY} at (8,8) size 784x584
      RenderBlock {P} at (0,0) size 784x20
        RenderText {#text} at (0,0) size 427x19
          text run at (0,0) width 427: "Test appearances of input-speech-button in <input type='search'>."
      RenderBlock {DIV} at (0,36) size 784x0
      RenderBlock {DIV} at (0,36) size 784x525
        RenderTable {TABLE} at (0,0) size 716x525
          RenderTableSection {TBODY} at (0,0) size 716x525
            RenderTableRow {TR} at (0,2) size 716x521
              RenderTableCell {TD} at (2,20) size 180x485 [r=0 c=0 rs=1 cs=1]
                RenderBlock {DIV} at (1,1) size 178x483
                  RenderTextControl {INPUT} at (0,0) size 101x16 [bgcolor=#FFFFFF] [border: (1px solid #4C4C4C)]
                    RenderBlock {DIV} at (5,2) size 91x11
                      RenderBlock {DIV} at (0,9) size 0x0
                      RenderBlock {DIV} at (91,9) size 0x0
                  RenderBR {BR} at (101,11) size 0x0
                  RenderTextControl {INPUT} at (0,16) size 101x16 [bgcolor=#FFFFFF] [border: (1px solid #4C4C4C)]
                    RenderBlock {DIV} at (5,2) size 91x11
                      RenderBlock {DIV} at (0,9) size 0x0
                      RenderBlock {DIV} at (91,9) size 0x0
                  RenderBR {BR} at (101,27) size 0x0
                  RenderTextControl {INPUT} at (0,32) size 101x16 [bgcolor=#FFFFFF] [border: (1px solid #4C4C4C)]
                    RenderBlock {DIV} at (5,2) size 91x11
                      RenderBlock {DIV} at (0,9) size 0x0
                      RenderBlock {DIV} at (91,9) size 0x0
                  RenderBR {BR} at (101,43) size 0x0
                  RenderTextControl {INPUT} at (0,48) size 113x17 [bgcolor=#FFFFFF] [border: (1px solid #4C4C4C)]
                    RenderBlock {DIV} at (5,2) size 103x12
                      RenderBlock {DIV} at (0,9) size 0x0
                      RenderBlock {DIV} at (103,9) size 0x0
                  RenderBR {BR} at (113,59) size 0x0
                  RenderTextControl {INPUT} at (0,65) size 113x17 [bgcolor=#FFFFFF] [border: (1px solid #4C4C4C)]
                    RenderBlock {DIV} at (5,2) size 103x12
                      RenderBlock {DIV} at (0,9) size 0x0
                      RenderBlock {DIV} at (103,9) size 0x0
                  RenderBR {BR} at (113,76) size 0x0
                  RenderTextControl {INPUT} at (0,82) size 113x17 [bgcolor=#FFFFFF] [border: (1px solid #4C4C4C)]
                    RenderBlock {DIV} at (5,2) size 103x12
                      RenderBlock {DIV} at (0,9) size 0x0
                      RenderBlock {DIV} at (103,9) size 0x0
                  RenderBR {BR} at (113,93) size 0x0
                  RenderTextControl {INPUT} at (0,99) size 126x20 [bgcolor=#FFFFFF] [border: (1px solid #4C4C4C)]
                    RenderBlock {DIV} at (6,3) size 114x13
                      RenderBlock {DIV} at (0,10) size 0x0
                      RenderBlock {DIV} at (114,10) size 0x0
                  RenderBR {BR} at (126,112) size 0x0
                  RenderTextControl {INPUT} at (0,119) size 126x20 [bgcolor=#FFFFFF] [border: (1px solid #4C4C4C)]
                    RenderBlock {DIV} at (6,3) size 114x13
                      RenderBlock {DIV} at (0,10) size 0x0
                      RenderBlock {DIV} at (114,10) size 0x0
                  RenderBR {BR} at (126,132) size 0x0
                  RenderTextControl {INPUT} at (0,139) size 126x20 [bgcolor=#FFFFFF] [border: (1px solid #4C4C4C)]
                    RenderBlock {DIV} at (6,3) size 114x13
                      RenderBlock {DIV} at (0,10) size 0x0
                      RenderBlock {DIV} at (114,10) size 0x0
                  RenderBR {BR} at (126,152) size 0x0
                  RenderTextControl {INPUT} at (2,161) size 137x21 [bgcolor=#FFFFFF] [border: (1px solid #4C4C4C)]
                    RenderBlock {DIV} at (6,3) size 125x14
                      RenderBlock {DIV} at (0,11) size 0x0
                      RenderBlock {DIV} at (125,11) size 0x0
                  RenderBR {BR} at (141,175) size 0x0
                  RenderTextControl {INPUT} at (2,186) size 137x21 [bgcolor=#FFFFFF] [border: (1px solid #4C4C4C)]
                    RenderBlock {DIV} at (6,3) size 125x14
                      RenderBlock {DIV} at (0,11) size 0x0
                      RenderBlock {DIV} at (125,11) size 0x0
                  RenderBR {BR} at (141,200) size 0x0
                  RenderTextControl {INPUT} at (2,211) size 137x21 [bgcolor=#FFFFFF] [border: (1px solid #4C4C4C)]
                    RenderBlock {DIV} at (6,3) size 125x14
                      RenderBlock {DIV} at (0,11) size 0x0
                      RenderBlock {DIV} at (125,11) size 0x0
                  RenderBR {BR} at (141,225) size 0x0
                  RenderTextControl {INPUT} at (2,236) size 150x22 [bgcolor=#FFFFFF] [border: (1px solid #4C4C4C)]
                    RenderBlock {DIV} at (7,3) size 136x15
                      RenderBlock {DIV} at (0,12) size 0x0
                      RenderBlock {DIV} at (136,12) size 0x0
                  RenderBR {BR} at (154,251) size 0x0
                  RenderTextControl {INPUT} at (2,262) size 150x22 [bgcolor=#FFFFFF] [border: (1px solid #4C4C4C)]
                    RenderBlock {DIV} at (7,3) size 136x15
                      RenderBlock {DIV} at (0,12) size 0x0
                      RenderBlock {DIV} at (136,12) size 0x0
                  RenderBR {BR} at (154,277) size 0x0
                  RenderTextControl {INPUT} at (2,288) size 150x22 [bgcolor=#FFFFFF] [border: (1px solid #4C4C4C)]
                    RenderBlock {DIV} at (7,3) size 136x15
                      RenderBlock {DIV} at (0,12) size 0x0
                      RenderBlock {DIV} at (136,12) size 0x0
                  RenderBR {BR} at (154,303) size 0x0
                  RenderTextControl {INPUT} at (2,314) size 161x23 [bgcolor=#FFFFFF] [border: (1px solid #4C4C4C)]
                    RenderBlock {DIV} at (7,3) size 147x16
                      RenderBlock {DIV} at (0,13) size 0x0
                      RenderBlock {DIV} at (147,13) size 0x0
                  RenderBR {BR} at (165,330) size 0x0
                  RenderTextControl {INPUT} at (2,341) size 161x23 [bgcolor=#FFFFFF] [border: (1px solid #4C4C4C)]
                    RenderBlock {DIV} at (7,3) size 147x16
                      RenderBlock {DIV} at (0,13) size 0x0
                      RenderBlock {DIV} at (147,13) size 0x0
                  RenderBR {BR} at (165,357) size 0x0
                  RenderTextControl {INPUT} at (2,368) size 161x23 [bgcolor=#FFFFFF] [border: (1px solid #4C4C4C)]
                    RenderBlock {DIV} at (7,3) size 147x16
                      RenderBlock {DIV} at (0,13) size 0x0
                      RenderBlock {DIV} at (147,13) size 0x0
                  RenderBR {BR} at (165,384) size 0x0
                  RenderTextControl {INPUT} at (2,395) size 174x26 [bgcolor=#FFFFFF] [border: (1px solid #4C4C4C)]
                    RenderBlock {DIV} at (8,4) size 158x18
                      RenderBlock {DIV} at (0,14) size 0x0
                      RenderBlock {DIV} at (158,14) size 0x0
                  RenderBR {BR} at (178,413) size 0x0
                  RenderTextControl {INPUT} at (2,425) size 174x26 [bgcolor=#FFFFFF] [border: (1px solid #4C4C4C)]
                    RenderBlock {DIV} at (8,4) size 158x18
                      RenderBlock {DIV} at (0,14) size 0x0
                      RenderBlock {DIV} at (158,14) size 0x0
                  RenderBR {BR} at (178,443) size 0x0
                  RenderTextControl {INPUT} at (2,455) size 174x26 [bgcolor=#FFFFFF] [border: (1px solid #4C4C4C)]
                    RenderBlock {DIV} at (8,4) size 158x18
                      RenderBlock {DIV} at (0,14) size 0x0
                      RenderBlock {DIV} at (158,14) size 0x0
                  RenderBR {BR} at (178,473) size 0x0
              RenderTableCell {TD} at (184,2) size 240x521 [r=0 c=1 rs=1 cs=1]
                RenderBlock {DIV} at (1,1) size 238x519
                  RenderTextControl {INPUT} at (2,2) size 185x28 [bgcolor=#FFFFFF] [border: (1px solid #4C4C4C)]
                    RenderBlock {DIV} at (8,4) size 169x19
                      RenderBlock {DIV} at (0,15) size 0x0
                      RenderBlock {DIV} at (169,15) size 0x0
                  RenderBR {BR} at (189,21) size 0x0
                  RenderTextControl {INPUT} at (2,34) size 185x28 [bgcolor=#FFFFFF] [border: (1px solid #4C4C4C)]
                    RenderBlock {DIV} at (8,4) size 169x19
                      RenderBlock {DIV} at (0,15) size 0x0
                      RenderBlock {DIV} at (169,15) size 0x0
                  RenderBR {BR} at (189,53) size 0x0
                  RenderTextControl {INPUT} at (2,66) size 185x28 [bgcolor=#FFFFFF] [border: (1px solid #4C4C4C)]
                    RenderBlock {DIV} at (8,4) size 169x19
                      RenderBlock {DIV} at (0,15) size 0x0
                      RenderBlock {DIV} at (169,15) size 0x0
                  RenderBR {BR} at (189,85) size 0x0
                  RenderTextControl {INPUT} at (2,98) size 198x29 [bgcolor=#FFFFFF] [border: (1px solid #4C4C4C)]
                    RenderBlock {DIV} at (9,4) size 180x20
                      RenderBlock {DIV} at (0,16) size 0x0
                      RenderBlock {DIV} at (180,16) size 0x0
                  RenderBR {BR} at (202,118) size 0x0
                  RenderTextControl {INPUT} at (2,131) size 198x29 [bgcolor=#FFFFFF] [border: (1px solid #4C4C4C)]
                    RenderBlock {DIV} at (9,4) size 180x20
                      RenderBlock {DIV} at (0,16) size 0x0
                      RenderBlock {DIV} at (180,16) size 0x0
                  RenderBR {BR} at (202,151) size 0x0
                  RenderTextControl {INPUT} at (2,164) size 198x29 [bgcolor=#FFFFFF] [border: (1px solid #4C4C4C)]
                    RenderBlock {DIV} at (9,4) size 180x20
                      RenderBlock {DIV} at (0,16) size 0x0
                      RenderBlock {DIV} at (180,16) size 0x0
                  RenderBR {BR} at (202,184) size 0x0
                  RenderTextControl {INPUT} at (2,197) size 210x31 [bgcolor=#FFFFFF] [border: (1px solid #4C4C4C)]
                    RenderBlock {DIV} at (9,5) size 192x21
                      RenderBlock {DIV} at (0,17) size 0x0
                      RenderBlock {DIV} at (192,17) size 0x0
                  RenderBR {BR} at (214,219) size 0x0
                  RenderTextControl {INPUT} at (2,232) size 210x31 [bgcolor=#FFFFFF] [border: (1px solid #4C4C4C)]
                    RenderBlock {DIV} at (9,5) size 192x21
                      RenderBlock {DIV} at (0,17) size 0x0
                      RenderBlock {DIV} at (192,17) size 0x0
                  RenderBR {BR} at (214,254) size 0x0
                  RenderTextControl {INPUT} at (2,267) size 210x31 [bgcolor=#FFFFFF] [border: (1px solid #4C4C4C)]
                    RenderBlock {DIV} at (9,5) size 192x21
                      RenderBlock {DIV} at (0,17) size 0x0
                      RenderBlock {DIV} at (192,17) size 0x0
                  RenderBR {BR} at (214,289) size 0x0
                  RenderTextControl {INPUT} at (2,302) size 223x32 [bgcolor=#FFFFFF] [border: (1px solid #4C4C4C)]
                    RenderBlock {DIV} at (10,5) size 203x22
                      RenderBlock {DIV} at (0,17) size 0x0
                      RenderBlock {DIV} at (203,17) size 0x0
                  RenderBR {BR} at (227,324) size 0x0
                  RenderTextControl {INPUT} at (2,338) size 223x32 [bgcolor=#FFFFFF] [border: (1px solid #4C4C4C)]
                    RenderBlock {DIV} at (10,5) size 203x22
                      RenderBlock {DIV} at (0,17) size 0x0
                      RenderBlock {DIV} at (203,17) size 0x0
                  RenderBR {BR} at (227,360) size 0x0
                  RenderTextControl {INPUT} at (2,374) size 223x32 [bgcolor=#FFFFFF] [border: (1px solid #4C4C4C)]
                    RenderBlock {DIV} at (10,5) size 203x22
                      RenderBlock {DIV} at (0,17) size 0x0
                      RenderBlock {DIV} at (203,17) size 0x0
                  RenderBR {BR} at (227,396) size 0x0
                  RenderTextControl {INPUT} at (2,410) size 234x33 [bgcolor=#FFFFFF] [border: (1px solid #4C4C4C)]
                    RenderBlock {DIV} at (10,5) size 214x23
                      RenderBlock {DIV} at (0,18) size 0x0
                      RenderBlock {DIV} at (214,18) size 0x0
                  RenderBR {BR} at (238,433) size 0x0
                  RenderTextControl {INPUT} at (2,447) size 234x33 [bgcolor=#FFFFFF] [border: (1px solid #4C4C4C)]
                    RenderBlock {DIV} at (10,5) size 214x23
                      RenderBlock {DIV} at (0,18) size 0x0
                      RenderBlock {DIV} at (214,18) size 0x0
                  RenderBR {BR} at (238,470) size 0x0
                  RenderTextControl {INPUT} at (2,484) size 234x33 [bgcolor=#FFFFFF] [border: (1px solid #4C4C4C)]
                    RenderBlock {DIV} at (10,5) size 214x23
                      RenderBlock {DIV} at (0,18) size 0x0
                      RenderBlock {DIV} at (214,18) size 0x0
                  RenderBR {BR} at (238,507) size 0x0
              RenderTableCell {TD} at (426,8) size 288x509 [r=0 c=2 rs=1 cs=1]
                RenderBlock {DIV} at (1,1) size 286x507
                  RenderTextControl {INPUT} at (2,2) size 247x36 [bgcolor=#FFFFFF] [border: (1px solid #4C4C4C)]
                    RenderBlock {DIV} at (11,6) size 225x24
                      RenderBlock {DIV} at (0,19) size 0x0
                      RenderBlock {DIV} at (225,19) size 0x0
                  RenderBR {BR} at (251,27) size 0x0
                  RenderTextControl {INPUT} at (2,42) size 247x36 [bgcolor=#FFFFFF] [border: (1px solid #4C4C4C)]
                    RenderBlock {DIV} at (11,6) size 225x24
                      RenderBlock {DIV} at (0,19) size 0x0
                      RenderBlock {DIV} at (225,19) size 0x0
                  RenderBR {BR} at (251,67) size 0x0
                  RenderTextControl {INPUT} at (2,82) size 247x36 [bgcolor=#FFFFFF] [border: (1px solid #4C4C4C)]
                    RenderBlock {DIV} at (11,6) size 225x24
                      RenderBlock {DIV} at (0,19) size 0x0
                      RenderBlock {DIV} at (225,19) size 0x0
                  RenderBR {BR} at (251,107) size 0x0
                  RenderTextControl {INPUT} at (2,122) size 258x38 [bgcolor=#FFFFFF] [border: (1px solid #4C4C4C)]
                    RenderBlock {DIV} at (11,6) size 236x26
                      RenderBlock {DIV} at (0,21) size 0x0
                      RenderBlock {DIV} at (236,21) size 0x0
                  RenderBR {BR} at (262,149) size 0x0
                  RenderTextControl {INPUT} at (2,164) size 258x38 [bgcolor=#FFFFFF] [border: (1px solid #4C4C4C)]
                    RenderBlock {DIV} at (11,6) size 236x26
                      RenderBlock {DIV} at (0,21) size 0x0
                      RenderBlock {DIV} at (236,21) size 0x0
                  RenderBR {BR} at (262,191) size 0x0
                  RenderTextControl {INPUT} at (2,206) size 258x38 [bgcolor=#FFFFFF] [border: (1px solid #4C4C4C)]
                    RenderBlock {DIV} at (11,6) size 236x26
                      RenderBlock {DIV} at (0,21) size 0x0
                      RenderBlock {DIV} at (236,21) size 0x0
                  RenderBR {BR} at (262,233) size 0x0
                  RenderTextControl {INPUT} at (2,248) size 271x39 [bgcolor=#FFFFFF] [border: (1px solid #4C4C4C)]
                    RenderBlock {DIV} at (12,6) size 247x27
                      RenderBlock {DIV} at (0,21) size 0x0
                      RenderBlock {DIV} at (247,21) size 0x0
                  RenderBR {BR} at (275,275) size 0x0
                  RenderTextControl {INPUT} at (2,291) size 271x39 [bgcolor=#FFFFFF] [border: (1px solid #4C4C4C)]
                    RenderBlock {DIV} at (12,6) size 247x27
                      RenderBlock {DIV} at (0,21) size 0x0
                      RenderBlock {DIV} at (247,21) size 0x0
                  RenderBR {BR} at (275,318) size 0x0
                  RenderTextControl {INPUT} at (2,334) size 271x39 [bgcolor=#FFFFFF] [border: (1px solid #4C4C4C)]
                    RenderBlock {DIV} at (12,6) size 247x27
                      RenderBlock {DIV} at (0,21) size 0x0
                      RenderBlock {DIV} at (247,21) size 0x0
                  RenderBR {BR} at (275,361) size 0x0
                  RenderTextControl {INPUT} at (2,377) size 282x40 [bgcolor=#FFFFFF] [border: (1px solid #4C4C4C)]
                    RenderBlock {DIV} at (12,6) size 258x28
                      RenderBlock {DIV} at (0,22) size 0x0
                      RenderBlock {DIV} at (258,22) size 0x0
                  RenderBR {BR} at (286,405) size 0x0
                  RenderTextControl {INPUT} at (2,421) size 282x40 [bgcolor=#FFFFFF] [border: (1px solid #4C4C4C)]
                    RenderBlock {DIV} at (12,6) size 258x28
                      RenderBlock {DIV} at (0,22) size 0x0
                      RenderBlock {DIV} at (258,22) size 0x0
                  RenderBR {BR} at (286,449) size 0x0
                  RenderTextControl {INPUT} at (2,465) size 282x40 [bgcolor=#FFFFFF] [border: (1px solid #4C4C4C)]
                    RenderBlock {DIV} at (12,6) size 258x28
                      RenderBlock {DIV} at (0,22) size 0x0
                      RenderBlock {DIV} at (258,22) size 0x0
                  RenderBR {BR} at (286,493) size 0x0
layer at (16,67) size 91x11
  RenderBlock {DIV} at (0,0) size 91x11
layer at (16,83) size 91x11 scrollWidth 136
  RenderBlock {DIV} at (0,0) size 91x11
    RenderText {#text} at (1,0) size 134x11
      text run at (1,0) width 134: "012345678901234567890123456789"
layer at (16,99) size 91x11 scrollWidth 136
  RenderBlock {DIV} at (0,0) size 91x11
    RenderText {#text} at (1,0) size 134x11
      text run at (1,0) width 134: "012345678901234567890123456789"
layer at (16,115) size 103x12
  RenderBlock {DIV} at (0,0) size 103x12
layer at (16,132) size 103x12 scrollWidth 153
  RenderBlock {DIV} at (0,0) size 103x12
    RenderText {#text} at (1,0) size 151x12
      text run at (1,0) width 151: "012345678901234567890123456789"
layer at (16,149) size 103x12 scrollWidth 153
  RenderBlock {DIV} at (0,0) size 103x12
    RenderText {#text} at (1,0) size 151x12
      text run at (1,0) width 151: "012345678901234567890123456789"
layer at (17,167) size 114x13
  RenderBlock {DIV} at (0,0) size 114x13
layer at (17,187) size 114x13 scrollWidth 169
  RenderBlock {DIV} at (0,0) size 114x13
    RenderText {#text} at (1,0) size 167x13
      text run at (1,0) width 167: "012345678901234567890123456789"
layer at (17,207) size 114x13 scrollWidth 169
  RenderBlock {DIV} at (0,0) size 114x13
    RenderText {#text} at (1,0) size 167x13
      text run at (1,0) width 167: "012345678901234567890123456789"
layer at (19,229) size 125x14
  RenderBlock {DIV} at (0,0) size 125x14
layer at (19,254) size 125x14 scrollWidth 186
  RenderBlock {DIV} at (0,0) size 125x14
    RenderText {#text} at (1,0) size 184x14
      text run at (1,0) width 184: "012345678901234567890123456789"
layer at (19,279) size 125x14 scrollWidth 186
  RenderBlock {DIV} at (0,0) size 125x14
    RenderText {#text} at (1,0) size 184x14
      text run at (1,0) width 184: "012345678901234567890123456789"
layer at (20,304) size 136x15
  RenderBlock {DIV} at (0,0) size 136x15
layer at (20,330) size 136x15 scrollWidth 203
  RenderBlock {DIV} at (0,0) size 136x15
    RenderText {#text} at (1,0) size 201x15
      text run at (1,0) width 201: "012345678901234567890123456789"
layer at (20,356) size 136x15 scrollWidth 203
  RenderBlock {DIV} at (0,0) size 136x15
    RenderText {#text} at (1,0) size 201x15
      text run at (1,0) width 201: "012345678901234567890123456789"
layer at (20,382) size 147x16
  RenderBlock {DIV} at (0,0) size 147x16
layer at (20,409) size 147x16 scrollWidth 219
  RenderBlock {DIV} at (0,0) size 147x16
    RenderText {#text} at (1,0) size 217x16
      text run at (1,0) width 217: "012345678901234567890123456789"
layer at (20,436) size 147x16 scrollWidth 219
  RenderBlock {DIV} at (0,0) size 147x16
    RenderText {#text} at (1,0) size 217x16
      text run at (1,0) width 217: "012345678901234567890123456789"
layer at (21,464) size 158x18
  RenderBlock {DIV} at (0,0) size 158x18
layer at (21,494) size 158x18 scrollWidth 236
  RenderBlock {DIV} at (0,0) size 158x18
    RenderText {#text} at (1,0) size 234x18
      text run at (1,0) width 234: "012345678901234567890123456789"
layer at (21,524) size 158x18 scrollWidth 236
  RenderBlock {DIV} at (0,0) size 158x18
    RenderText {#text} at (1,0) size 234x18
      text run at (1,0) width 234: "012345678901234567890123456789"
layer at (203,53) size 169x19
  RenderBlock {DIV} at (0,0) size 169x19
layer at (203,85) size 169x19 scrollWidth 253
  RenderBlock {DIV} at (0,0) size 169x19
    RenderText {#text} at (1,0) size 251x19
      text run at (1,0) width 251: "012345678901234567890123456789"
layer at (203,117) size 169x19 scrollWidth 253
  RenderBlock {DIV} at (0,0) size 169x19
    RenderText {#text} at (1,0) size 251x19
      text run at (1,0) width 251: "012345678901234567890123456789"
layer at (204,149) size 180x20
  RenderBlock {DIV} at (0,0) size 180x20
layer at (204,182) size 180x20 scrollWidth 269
  RenderBlock {DIV} at (0,0) size 180x20
    RenderText {#text} at (1,0) size 267x20
      text run at (1,0) width 267: "012345678901234567890123456789"
layer at (204,215) size 180x20 scrollWidth 269
  RenderBlock {DIV} at (0,0) size 180x20
    RenderText {#text} at (1,0) size 267x20
      text run at (1,0) width 267: "012345678901234567890123456789"
layer at (204,249) size 192x21
  RenderBlock {DIV} at (0,0) size 192x21
layer at (204,284) size 192x21 scrollWidth 286
  RenderBlock {DIV} at (0,0) size 192x21
    RenderText {#text} at (1,0) size 284x21
      text run at (1,0) width 284: "012345678901234567890123456789"
layer at (204,319) size 192x21 scrollWidth 286
  RenderBlock {DIV} at (0,0) size 192x21
    RenderText {#text} at (1,0) size 284x21
      text run at (1,0) width 284: "012345678901234567890123456789"
layer at (205,354) size 203x22
  RenderBlock {DIV} at (0,0) size 203x22
layer at (205,390) size 203x22 scrollWidth 303
  RenderBlock {DIV} at (0,0) size 203x22
    RenderText {#text} at (1,0) size 301x22
      text run at (1,0) width 301: "012345678901234567890123456789"
layer at (205,426) size 203x22 scrollWidth 303
  RenderBlock {DIV} at (0,0) size 203x22
    RenderText {#text} at (1,0) size 301x22
      text run at (1,0) width 301: "012345678901234567890123456789"
layer at (205,462) size 214x23
  RenderBlock {DIV} at (0,0) size 214x23
layer at (205,499) size 214x23 scrollWidth 320
  RenderBlock {DIV} at (0,0) size 214x23
    RenderText {#text} at (1,0) size 318x23
      text run at (1,0) width 318: "012345678901234567890123456789"
layer at (205,536) size 214x23 scrollWidth 320
  RenderBlock {DIV} at (0,0) size 214x23
    RenderText {#text} at (1,0) size 318x23
      text run at (1,0) width 318: "012345678901234567890123456789"
layer at (448,61) size 225x24
  RenderBlock {DIV} at (0,0) size 225x24
layer at (448,101) size 225x24 scrollWidth 336
  RenderBlock {DIV} at (0,0) size 225x24
    RenderText {#text} at (1,0) size 334x24
      text run at (1,0) width 334: "012345678901234567890123456789"
layer at (448,141) size 225x24 scrollWidth 336
  RenderBlock {DIV} at (0,0) size 225x24
    RenderText {#text} at (1,0) size 334x24
      text run at (1,0) width 334: "012345678901234567890123456789"
layer at (448,181) size 236x26
  RenderBlock {DIV} at (0,0) size 236x26
layer at (448,223) size 236x26 scrollWidth 353
  RenderBlock {DIV} at (0,0) size 236x26
    RenderText {#text} at (1,0) size 351x26
      text run at (1,0) width 351: "012345678901234567890123456789"
layer at (448,265) size 236x26 scrollWidth 353
  RenderBlock {DIV} at (0,0) size 236x26
    RenderText {#text} at (1,0) size 351x26
      text run at (1,0) width 351: "012345678901234567890123456789"
layer at (449,307) size 247x27
  RenderBlock {DIV} at (0,0) size 247x27
layer at (449,350) size 247x27 scrollWidth 370
  RenderBlock {DIV} at (0,0) size 247x27
    RenderText {#text} at (1,0) size 368x27
      text run at (1,0) width 368: "012345678901234567890123456789"
layer at (449,393) size 247x27 scrollWidth 370
  RenderBlock {DIV} at (0,0) size 247x27
    RenderText {#text} at (1,0) size 368x27
      text run at (1,0) width 368: "012345678901234567890123456789"
layer at (449,436) size 258x28
  RenderBlock {DIV} at (0,0) size 258x28
layer at (449,480) size 258x28 scrollWidth 386
  RenderBlock {DIV} at (0,0) size 258x28
    RenderText {#text} at (1,0) size 384x28
      text run at (1,0) width 384: "012345678901234567890123456789"
layer at (449,524) size 258x28 scrollWidth 386
  RenderBlock {DIV} at (0,0) size 258x28
    RenderText {#text} at (1,0) size 384x28
      text run at (1,0) width 384: "012345678901234567890123456789"
