layer at (0,0) size 785x585
  RenderView at (0,0) size 785x585
layer at (0,0) size 785x585
  RenderBlock {HTML} at (0,0) size 785x585
    RenderBody {BODY} at (8,8) size 769x569
      RenderBlock {P} at (0,0) size 769x18
        RenderText {#text} at (0,0) size 361x18
          text run at (0,0) width 361: "The green box should always obscure the red box below."
layer at (8,42) size 402x202 clip at (9,43) size 400x200
  RenderBlock (relative positioned) {DIV} at (0,34) size 402x202 [border: (1px solid #000000)]
layer at (9,43) size 200x200
  RenderBlock (positioned) zI: 3 {DIV} at (1,1) size 200x200 [bgcolor=#BBBBBB]
layer at (9,43) size 100x100
  RenderBlock (positioned) {DIV} at (0,0) size 100x100 [bgcolor=#FF0000]
layer at (9,43) size 100x100
  RenderBlock {DIV} at (0,0) size 100x100 [bgcolor=#008000]
