layer at (0,0) size 800x600
  RenderView at (0,0) size 800x600
layer at (8,8) size 150x175
  RenderBlock {HTML} at (8,8) size 150x175
    RenderBody {BODY} at (0,0) size 150x175
      RenderBlock {P} at (0,0) size 150x175
        RenderText {#text} at (0,0) size 359x19
          text run at (0,0) width 359: "There should be an exact square of green below this line:"
        RenderEmbeddedObject {OBJECT} at (0,20) size 150x150
          layer at (0,0) size 150x150
            RenderView at (0,0) size 150x150
          layer at (0,0) size 150x150
            RenderSVGRoot {svg} at (0,0) size 150x150
              RenderSVGRect {rect} at (0,0) size 150x150 [fill={[type=SOLID] [color=#008000]}] [x=0.00] [y=0.00] [width=300.00] [height=200.00]
        RenderText {#text} at (0,0) size 0x0
