layer at (0,0) size 800x600
  RenderView at (0,0) size 800x600
layer at (0,0) size 800x600
  RenderBlock {HTML} at (0,0) size 800x600
    RenderBody {BODY} at (8,8) size 784x584
      RenderBlock {H1} at (0,0) size 784x37
        RenderText {#text} at (0,0) size 440x36
          text run at (0,0) width 440: "DOMParser/XMLSerializer test"
      RenderBlock {DIV} at (0,58) size 784x36
        RenderText {#text} at (0,0) size 719x35
          text run at (0,0) width 719: "The \"text to parse\" and \"document object serialized\" boxes should show the same text, and it should be an XML"
          text run at (0,18) width 231: "document, not \"@@No result@@\"."
      RenderBlock {DIV} at (0,94) size 784x181 [border: (1px solid #000000)]
        RenderBlock (anonymous) at (1,1) size 782x18
          RenderInline {SPAN} at (0,0) size 85x17 [color=#800000]
            RenderText {#text} at (0,0) size 85x17
              text run at (0,0) width 85: "text to parse"
          RenderText {#text} at (0,0) size 0x0
        RenderBlock {PRE} at (27,32) size 756x135
          RenderText {#text} at (0,0) size 523x135
            text run at (0,0) width 164: "<?xml version=\"1.0\"?>"
            text run at (163,0) width 1: " "
            text run at (0,15) width 414: "<?xml-stylesheet href=\"display.css\" type=\"text/css\"?>"
            text run at (413,15) width 1: " "
            text run at (0,30) width 118: "<!DOCTYPE doc ["
            text run at (117,30) width 1: " "
            text run at (0,45) width 211: "<!ATTLIST d id ID #IMPLIED>"
            text run at (210,45) width 1: " "
            text run at (0,60) width 16: "]>"
            text run at (15,60) width 1: " "
            text run at (0,75) width 40: "<doc>"
            text run at (39,75) width 1: " "
            text run at (0,90) width 523: "  <foo xmlns=\"foobar\">One</foo> <x:bar xmlns:x=\"barfoo\">Two</x:bar>"
            text run at (522,90) width 1: " "
            text run at (0,105) width 180: "  <d id=\"id3\">Three</d>"
            text run at (179,105) width 1: " "
            text run at (0,120) width 47: "</doc>"
            text run at (46,120) width 1: " "
      RenderBlock {DIV} at (0,283) size 784x61 [border: (1px solid #000000)]
        RenderBlock (anonymous) at (1,1) size 782x18
          RenderInline {SPAN} at (0,0) size 114x17 [color=#800000]
            RenderText {#text} at (0,0) size 114x17
              text run at (0,0) width 114: "document object"
          RenderText {#text} at (0,0) size 0x0
        RenderBlock {PRE} at (27,32) size 756x15
          RenderText {#text} at (0,0) size 133x15
            text run at (0,0) width 133: "[object Document]"
      RenderBlock {DIV} at (0,352) size 784x106 [border: (1px solid #000000)]
        RenderBlock (anonymous) at (1,1) size 782x18
          RenderInline {SPAN} at (0,0) size 183x17 [color=#800000]
            RenderText {#text} at (0,0) size 183x17
              text run at (0,0) width 183: "document object serialized"
          RenderText {#text} at (0,0) size 0x0
        RenderBlock {PRE} at (27,32) size 756x60
          RenderText {#text} at (0,0) size 562x60
            text run at (0,0) width 562: "<?xml-stylesheet href=\"display.css\" type=\"text/css\"?><!DOCTYPE doc><doc>"
            text run at (561,0) width 1: " "
            text run at (0,15) width 523: "  <foo xmlns=\"foobar\">One</foo> <x:bar xmlns:x=\"barfoo\">Two</x:bar>"
            text run at (522,15) width 1: " "
            text run at (0,30) width 180: "  <d id=\"id3\">Three</d>"
            text run at (179,30) width 1: " "
            text run at (0,45) width 47: "</doc>"
