layer at (0,0) size 784x894
  RenderView at (0,0) size 784x600
layer at (0,0) size 784x894
  RenderBlock {HTML} at (0,0) size 784x894
    RenderBody {BODY} at (8,8) size 768x878
      RenderBlock (anonymous) at (0,0) size 768x36
        RenderText {#text} at (0,0) size 511x17
          text run at (0,0) width 511: "This test will try to call focus() on a contenteditable div, and then a normal div. "
        RenderBR {BR} at (0,0) size 0x0
        RenderText {#text} at (0,18) size 380x17
          text run at (0,18) width 380: "The window should scroll to reveal the contenteditable div."
      RenderBlock {DIV} at (0,36) size 500x800
      RenderBlock {DIV} at (0,836) size 768x24 [border: (3px solid #000000)]
        RenderText {#text} at (3,3) size 125x17
          text run at (3,3) width 125: "contentEditable div"
      RenderBlock {DIV} at (0,860) size 768x18
        RenderText {#text} at (0,0) size 80x17
          text run at (0,0) width 80: "Test Passed."
      RenderBlock {DIV} at (0,878) size 768x0
caret: position 0 of child 0 {#text} of child 5 {DIV} of body
