layer at (0,0) size 800x600
  RenderView at (0,0) size 800x600
layer at (0,0) size 800x600
  RenderBlock {HTML} at (0,0) size 800x600
    RenderBody {BODY} at (8,8) size 784x584
      RenderBlock {P} at (0,0) size 784x36
        RenderText {#text} at (0,0) size 762x35
          text run at (0,0) width 762: "This page tests to make sure that the refresh of a page which holds a document reference in its DOM wrapper tree does"
          text run at (0,18) width 250: "not leak all of its associated JS objects."
      RenderBlock {P} at (0,52) size 784x18
        RenderText {#text} at (0,0) size 381x17
          text run at (0,0) width 381: "If the test passes, you'll see a single 'PASS' message below."
      RenderBlock {HR} at (0,86) size 784x2 [border: (1px inset #000000)]
      RenderBlock {DIV} at (0,96) size 784x15
        RenderBlock {DIV} at (0,0) size 784x15 [color=#008000]
          RenderText {#text} at (0,0) size 297x15
            text run at (0,0) width 297: "PASS: Refresh did not leak JS objects."
      RenderBlock (anonymous) at (0,111) size 784x154
        RenderPartObject {IFRAME} at (0,0) size 304x154 [border: (2px inset #000000)]
          layer at (0,0) size 300x150
            RenderView at (0,0) size 300x150
          layer at (0,0) size 300x150
            RenderBlock {HTML} at (0,0) size 300x150
              RenderBody {BODY} at (8,8) size 284x134
