layer at (0,0) size 800x600
  RenderView at (0,0) size 800x600
layer at (0,0) size 800x600
  RenderBlock {HTML} at (0,0) size 800x600
    RenderBody {BODY} at (8,8) size 784x576
      RenderBlock {FORM} at (0,0) size 784x48
        RenderBlock {HR} at (0,0) size 784x2 [border: (1px inset #000000)]
        RenderBlock (anonymous) at (0,10) size 784x28
          RenderInline {LABEL} at (0,0) size 525x17
            RenderText {#text} at (0,5) size 328x17
              text run at (0,5) width 328: "This is a searchable index. Enter search keywords: "
            RenderTextControl {INPUT} at (329,2) size 193x24 [bgcolor=#FFFFFF] [border: (2px inset #000000)]
        RenderBlock {HR} at (0,46) size 784x2 [border: (1px inset #000000)]
layer at (340,23) size 187x18
  RenderBlock {DIV} at (3,3) size 187x18
