layer at (0,0) size 800x600
  RenderView at (0,0) size 800x600
layer at (0,0) size 800x600
  RenderBlock {HTML} at (0,0) size 800x600
    RenderBody {BODY} at (8,8) size 784x584
      RenderBlock {P} at (0,0) size 784x42
        RenderText {#text} at (0,0) size 771x42
          text run at (0,0) width 464: "This tests smart paste of a fragment that ends in a select element. "
          text run at (464,0) width 307: "There should be no spaces added because"
          text run at (0,21) width 324: "the paste is performed in an empty paragraph."
      RenderBlock {DIV} at (0,58) size 784x30
        RenderText {#text} at (0,4) size 22x21
          text run at (0,4) width 22: "foo"
        RenderMenuList {SELECT} at (24,2) size 37x26 [bgcolor=#FFFFFF]
          RenderBlock (anonymous) at (4,2) size 9x21
            RenderText at (0,0) size 9x21
              text run at (0,0) width 9: "1"
      RenderBlock {DIV} at (0,88) size 784x30
        RenderText {#text} at (0,4) size 22x21
          text run at (0,4) width 22: "foo"
        RenderMenuList {SELECT} at (24,2) size 37x26 [bgcolor=#FFFFFF]
          RenderBlock (anonymous) at (4,2) size 9x21
            RenderText at (0,0) size 9x21
              text run at (0,0) width 9: "1"
caret: position 3 of child 1 {SELECT} of child 4 {DIV} of body
