layer at (0,0) size 800x600
  RenderView at (0,0) size 800x600
layer at (0,0) size 800x600
  RenderBlock {HTML} at (0,0) size 800x600
    RenderBody {BODY} at (8,8) size 784x584
      RenderBlock {P} at (0,0) size 784x44
        RenderText {#text} at (0,0) size 780x44
          text run at (0,0) width 439: "This tests smart paste of a fragment that ends in a select element. "
          text run at (439,0) width 341: "There should be spaces added before and after the"
          text run at (0,22) width 112: "inserted content."
      RenderBlock {DIV} at (0,60) size 784x31
        RenderMenuList {SELECT} at (2,2) size 36x27 [bgcolor=#FFFFFF]
          RenderBlock (anonymous) at (4,2) size 8x22
            RenderText at (0,0) size 8x22
              text run at (0,0) width 8: "1"
      RenderBlock {DIV} at (0,91) size 784x31
        RenderText {#text} at (0,4) size 8x22
          text run at (0,4) width 8: "x"
        RenderText {#text} at (8,4) size 4x22
          text run at (8,4) width 4: " "
        RenderMenuList {SELECT} at (14,2) size 36x27 [bgcolor=#FFFFFF]
          RenderBlock (anonymous) at (4,2) size 8x22
            RenderText at (0,0) size 8x22
              text run at (0,0) width 8: "1"
        RenderText {#text} at (52,4) size 4x22
          text run at (52,4) width 4: " "
        RenderText {#text} at (56,4) size 8x22
          text run at (56,4) width 8: "x"
caret: position 1 of child 3 {#text} of child 4 {DIV} of body
