layer at (0,0) size 800x600
  RenderView at (0,0) size 800x600
layer at (0,0) size 800x600
  RenderBlock {HTML} at (0,0) size 800x600
    RenderBody {BODY} at (8,8) size 784x584
      RenderBlock {P} at (0,0) size 784x21
        RenderText {#text} at (0,0) size 607x21
          text run at (0,0) width 607: "This tests for a bug where copied links wouldn't be pasted as links at certain positions."
      RenderBlock {DIV} at (0,37) size 784x42
        RenderBlock (anonymous) at (0,0) size 784x21
          RenderText {#text} at (0,0) size 177x21
            text run at (0,0) width 177: "This should be plain text."
        RenderBlock {DIV} at (0,21) size 784x21
          RenderText {#text} at (0,0) size 177x21
            text run at (0,0) width 177: "This should be plain text."
          RenderInline {A} at (0,0) size 151x21 [color=#0000EE]
            RenderText {#text} at (177,0) size 151x21
              text run at (177,0) width 151: "This should be a link."
        RenderBlock (anonymous) at (0,42) size 784x0
caret: position 22 of child 0 {#text} of child 1 {A} of child 1 {DIV} of child 2 {DIV} of body
