layer at (0,0) size 800x600
  RenderView at (0,0) size 800x600
layer at (0,0) size 800x600
  RenderBlock {HTML} at (0,0) size 800x600
    RenderBody {BODY} at (8,8) size 784x584
      RenderBlock {P} at (0,0) size 784x42
        RenderText {#text} at (0,0) size 727x21
          text run at (0,0) width 567: "This tests for a hang when pasting underlined content at the end of a paragraph. "
          text run at (567,0) width 160: "You should see 'Hello "
        RenderInline {U} at (0,0) size 46x21
          RenderText {#text} at (727,0) size 46x21
            text run at (727,0) width 46: "World!"
        RenderText {#text} at (773,0) size 776x42
          text run at (773,0) width 3: "'"
          text run at (0,21) width 47: "below."
      RenderBlock {DIV} at (0,58) size 784x21
        RenderBlock {DIV} at (0,0) size 784x21
          RenderText {#text} at (0,0) size 42x21
            text run at (0,0) width 42: "Hello "
          RenderInline {SPAN} at (0,0) size 46x21
            RenderInline {DIV} at (0,0) size 46x21
              RenderText {#text} at (42,0) size 46x21
                text run at (42,0) width 46: "World!"
        RenderBlock (anonymous) at (0,21) size 784x0
caret: position 6 of child 0 {#text} of child 0 {DIV} of child 1 {SPAN} of child 0 {DIV} of child 2 {DIV} of body
