layer at (0,0) size 800x600
  RenderView at (0,0) size 800x600
layer at (0,0) size 800x600
  RenderBlock {HTML} at (0,0) size 800x600
    RenderBody {BODY} at (8,8) size 784x584
      RenderBlock {P} at (0,0) size 784x42
        RenderText {#text} at (0,0) size 744x42
          text run at (0,0) width 744: "This tests for a bug where newlines would not be preserved during copy/paste. Below you should see two"
          text run at (0,21) width 601: "paragaphs containing \"Hello World!\" and an empty third paragraph with the caret in it."
      RenderBlock {DIV} at (0,58) size 784x63
        RenderBlock (anonymous) at (0,0) size 784x21
          RenderText {#text} at (0,0) size 88x21
            text run at (0,0) width 88: "Hello World!"
        RenderBlock {DIV} at (0,21) size 784x21
          RenderText {#text} at (0,0) size 88x21
            text run at (0,0) width 88: "Hello World!"
        RenderBlock {DIV} at (0,42) size 784x21
          RenderBR {BR} at (0,0) size 0x21
caret: position 0 of child 0 {BR} of child 2 {DIV} of child 2 {DIV} of body
