layer at (0,0) size 800x600
  RenderView at (0,0) size 800x600
layer at (0,0) size 800x600
  RenderBlock {HTML} at (0,0) size 800x600
    RenderBody {BODY} at (8,8) size 784x584
      RenderBlock {P} at (0,0) size 784x44
        RenderText {#text} at (0,0) size 771x44
          text run at (0,0) width 401: "This tests for a crash when pasting content into a table cell. "
          text run at (401,0) width 370: "The table cell has some collapsed whitespace at the end"
          text run at (0,22) width 180: "of it that tickled the crash. "
          text run at (180,22) width 350: "You should see 'Hello World' in the table cell below."
      RenderBlock {DIV} at (0,60) size 784x32
        RenderTable {TABLE} at (0,0) size 93x32 [border: (1px outset #808080)]
          RenderTableSection {TBODY} at (1,1) size 91x30
            RenderTableRow {TR} at (0,2) size 91x26
              RenderTableCell {TD} at (2,2) size 87x26 [border: (1px inset #808080)] [r=0 c=0 rs=1 cs=1]
                RenderText {#text} at (2,2) size 83x22
                  text run at (2,2) width 83: "Hello World"
                  text run at (85,2) width 0: " \x{9}\x{9} \x{9}\x{9}"
caret: position 11 of child 0 {#text} of child 1 {TD} of child 0 {TR} of child 1 {TBODY} of child 1 {TABLE} of child 2 {DIV} of body
