layer at (0,0) size 800x600
  RenderView at (0,0) size 800x600
layer at (0,0) size 800x600
  RenderBlock {HTML} at (0,0) size 800x600
    RenderBody {BODY} at (8,8) size 784x584
      RenderBlock {P} at (0,0) size 784x21
        RenderText {#text} at (0,0) size 575x21
          text run at (0,0) width 575: "This tests that inherited block properties do not propigate to the editing style span."
      RenderBlock {DIV} at (50,37) size 734x21
        RenderText {#text} at (258,0) size 168x21
          text run at (258,0) width 168: "Some text that is bold."
      RenderBlock {DIV} at (0,58) size 784x42
        RenderBlock (anonymous) at (0,0) size 784x21
          RenderText {#text} at (0,0) size 121x21
            text run at (0,0) width 121: "Some text that is "
          RenderInline {SPAN} at (0,0) size 38x21
            RenderText {#text} at (121,0) size 38x21
              text run at (121,0) width 38: "bold."
        RenderBlock {DIV} at (0,21) size 784x21
          RenderInline {SPAN} at (0,0) size 431x21
            RenderText {#text} at (0,0) size 431x21
              text run at (0,0) width 431: "This text should bold and left justified with \"Some text...\"."
caret: position 61 of child 0 {#text} of child 0 {SPAN} of child 2 {DIV} of child 4 {DIV} of body
