EDITING DELEGATE: shouldBeginEditingInDOMRange:range from 0 of DIV > BODY > HTML > #document to 3 of DIV > BODY > HTML > #document
EDITING DELEGATE: webViewDidBeginEditing:WebViewDidBeginEditingNotification
EDITING DELEGATE: webViewDidChangeSelection:WebViewDidChangeSelectionNotification
EDITING DELEGATE: webViewDidChangeSelection:WebViewDidChangeSelectionNotification
EDITING DELEGATE: shouldChangeSelectedDOMRange:range from 5 of #text > DIV > BODY > HTML > #document to 5 of #text > DIV > BODY > HTML > #document toDOMRange:range from 16 of #text > DIV > BODY > HTML > #document to 16 of #text > DIV > BODY > HTML > #document affinity:NSSelectionAffinityDownstream stillSelecting:FALSE
EDITING DELEGATE: webViewDidChangeSelection:WebViewDidChangeSelectionNotification
EDITING DELEGATE: webViewDidChange:WebViewDidChangeNotification
layer at (0,0) size 800x600
  RenderView at (0,0) size 800x600
layer at (0,0) size 800x600
  RenderBlock {HTML} at (0,0) size 800x600
    RenderBody {BODY} at (8,8) size 784x584
      RenderBlock {P} at (0,0) size 784x44
        RenderText {#text} at (0,0) size 764x44
          text run at (0,0) width 764: "This is a test to make sure that a placeholder, even one without our special class on it, is removed only when it has"
          text run at (0,22) width 468: "been collapsed away or when it has been displaced by pasted content."
      RenderBlock {P} at (0,60) size 784x66
        RenderText {#text} at (0,0) size 779x66
          text run at (0,0) width 744: "Placeholders with our special class can, through bugs in deletion, be inserted into the document unnecessarily. "
          text run at (744,0) width 35: "Once"
          text run at (0,22) width 758: "that happens, we don't want to make matters worse by removing them if they are acting as line breaks instead of"
          text run at (0,44) width 89: "placeholders."
      RenderBlock {DIV} at (0,142) size 784x44
        RenderText {#text} at (0,0) size 113x22
          text run at (0,0) width 113: "First paragraph."
        RenderBR {BR} at (113,16) size 0x0
        RenderText {#text} at (0,22) size 130x22
          text run at (0,22) width 130: "Second paragraph."
caret: position 16 of child 0 {#text} of child 4 {DIV} of body
