EDITING DELEGATE: shouldBeginEditingInDOMRange:range from 0 of DIV > BODY > HTML > #document to 0 of DIV > BODY > HTML > #document
EDITING DELEGATE: webViewDidBeginEditing:WebViewDidBeginEditingNotification
EDITING DELEGATE: webViewDidChangeSelection:WebViewDidChangeSelectionNotification
EDITING DELEGATE: shouldChangeSelectedDOMRange:range from 0 of DIV > BODY > HTML > #document to 0 of DIV > BODY > HTML > #document toDOMRange:range from 3 of #text > BLOCKQUOTE > DIV > BODY > HTML > #document to 3 of #text > BLOCKQUOTE > DIV > BODY > HTML > #document affinity:NSSelectionAffinityDownstream stillSelecting:FALSE
EDITING DELEGATE: webViewDidChangeSelection:WebViewDidChangeSelectionNotification
EDITING DELEGATE: webViewDidChange:WebViewDidChangeNotification
layer at (0,0) size 800x600
  RenderView at (0,0) size 800x600
layer at (0,0) size 800x600
  RenderBlock {HTML} at (0,0) size 800x600
    RenderBody {BODY} at (8,8) size 784x576
      RenderBlock {P} at (0,0) size 784x42
        RenderText {#text} at (0,0) size 731x42
          text run at (0,0) width 731: "This test makes sure that content inside a Mail blockquote in an incoming fragment isn't pulled out of the"
          text run at (0,21) width 174: "blockquote during paste."
      RenderBlock {P} at (0,58) size 784x21
        RenderInline {B} at (0,0) size 625x21
          RenderText {#text} at (0,0) size 625x21
            text run at (0,0) width 625: "You should see 'bar' inside a blockquote (it will have a blue border around it if it is)."
      RenderBlock {DIV} at (0,95) size 784x23
        RenderBlock {BLOCKQUOTE} at (40,0) size 704x23 [border: (1px solid #0000FF)]
          RenderText {#text} at (1,1) size 23x21
            text run at (1,1) width 23: "bar"
caret: position 3 of child 0 {#text} of child 0 {BLOCKQUOTE} of child 4 {DIV} of body
