EDITING DELEGATE: shouldBeginEditingInDOMRange:range from 0 of BODY > HTML > #document to 5 of BODY > HTML > #document
EDITING DELEGATE: webViewDidBeginEditing:WebViewDidBeginEditingNotification
EDITING DELEGATE: webViewDidChangeSelection:WebViewDidChangeSelectionNotification
EDITING DELEGATE: shouldChangeSelectedDOMRange:range from 0 of BODY > HTML > #document to 0 of BODY > HTML > #document toDOMRange:range from 1 of #text > BODY > HTML > #document to 2 of BODY > HTML > #document affinity:NSSelectionAffinityDownstream stillSelecting:FALSE
EDITING DELEGATE: webViewDidChangeSelection:WebViewDidChangeSelectionNotification
EDITING DELEGATE: webViewDidChangeSelection:WebViewDidChangeSelectionNotification
EDITING DELEGATE: webViewDidChangeSelection:WebViewDidChangeSelectionNotification
EDITING DELEGATE: shouldChangeSelectedDOMRange:(null) toDOMRange:range from 1 of #text > SPAN > DIV > DIV > BODY > HTML > #document to 1 of #text > SPAN > DIV > DIV > BODY > HTML > #document affinity:NSSelectionAffinityDownstream stillSelecting:FALSE
EDITING DELEGATE: webViewDidChangeSelection:WebViewDidChangeSelectionNotification
EDITING DELEGATE: webViewDidChange:WebViewDidChangeNotification
layer at (0,0) size 800x600
  RenderView at (0,0) size 800x600
layer at (0,0) size 800x600
  RenderBlock {HTML} at (0,0) size 800x600
    RenderBody {BODY} at (8,8) size 784x584
      RenderBlock (anonymous) at (0,0) size 784x22
        RenderText {#text} at (0,0) size 569x22
          text run at (0,0) width 569: "These demonstrate 11475: the '\\n's at the end of the fragment should be unrendered."
        RenderBR {BR} at (569,16) size 0x0
      RenderBlock {DIV} at (0,22) size 784x44
        RenderText {#text} at (5,0) size 778x44
          text run at (5,0) width 774: "This test checks that pasing in a combination of nested blocks where one starts with a text field doesn't crash or fail"
          text run at (778,0) width 5: " "
          text run at (357,22) width 70: "assertions."
      RenderBlock {DIV} at (0,66) size 784x58
        RenderBlock {DIV} at (0,0) size 784x58
          RenderText {#text} at (478,36) size 4x22
            text run at (478,36) width 4: " "
          RenderInline {SPAN} at (0,0) size 8x22
            RenderText {#text} at (482,36) size 8x22
              text run at (482,36) width 8: "x"
          RenderText {#text} at (0,0) size 0x0
      RenderBlock (anonymous) at (0,124) size 784x0
layer at (304,76) size 180x48
  RenderTextControl {TEXTAREA} at (296,2) size 180x48
    RenderBlock {DIV} at (2,2) size 176x22
      RenderText {#text} at (0,0) size 4x22
        text run at (0,0) width 4: " "
caret: position 1 of child 0 {#text} of child 3 {SPAN} of child 1 {DIV} of child 4 {DIV} of body
