EDITING DELEGATE: shouldBeginEditingInDOMRange:range from 0 of DIV > BODY > HTML > #document to 3 of DIV > BODY > HTML > #document
EDITING DELEGATE: webViewDidBeginEditing:WebViewDidBeginEditingNotification
EDITING DELEGATE: webViewDidChangeSelection:WebViewDidChangeSelectionNotification
EDITING DELEGATE: webViewDidChangeSelection:WebViewDidChangeSelectionNotification
EDITING DELEGATE: webViewDidChangeSelection:WebViewDidChangeSelectionNotification
EDITING DELEGATE: webViewDidChangeSelection:WebViewDidChangeSelectionNotification
EDITING DELEGATE: webViewDidChangeSelection:WebViewDidChangeSelectionNotification
EDITING DELEGATE: webViewDidChangeSelection:WebViewDidChangeSelectionNotification
EDITING DELEGATE: webViewDidChangeSelection:WebViewDidChangeSelectionNotification
EDITING DELEGATE: webViewDidChangeSelection:WebViewDidChangeSelectionNotification
EDITING DELEGATE: webViewDidChangeSelection:WebViewDidChangeSelectionNotification
EDITING DELEGATE: webViewDidChangeSelection:WebViewDidChangeSelectionNotification
EDITING DELEGATE: webViewDidChangeSelection:WebViewDidChangeSelectionNotification
EDITING DELEGATE: webViewDidChangeSelection:WebViewDidChangeSelectionNotification
EDITING DELEGATE: webViewDidChangeSelection:WebViewDidChangeSelectionNotification
EDITING DELEGATE: shouldInsertText:Bar replacingDOMRange:range from 4 of #text > SPAN > DIV > BODY > HTML > #document to 4 of #text > SPAN > DIV > BODY > HTML > #document givenAction:WebViewInsertActionPasted
EDITING DELEGATE: shouldChangeSelectedDOMRange:range from 4 of #text > SPAN > DIV > BODY > HTML > #document to 4 of #text > SPAN > DIV > BODY > HTML > #document toDOMRange:range from 7 of #text > SPAN > DIV > BODY > HTML > #document to 7 of #text > SPAN > DIV > BODY > HTML > #document affinity:NSSelectionAffinityDownstream stillSelecting:FALSE
EDITING DELEGATE: webViewDidChangeSelection:WebViewDidChangeSelectionNotification
EDITING DELEGATE: webViewDidChange:WebViewDidChangeNotification
layer at (0,0) size 800x600
  RenderView at (0,0) size 800x600
layer at (0,0) size 800x600
  RenderBlock {HTML} at (0,0) size 800x600
    RenderBody {BODY} at (8,8) size 784x584
      RenderBlock {DIV} at (0,0) size 784x336 [border: (2px solid #0000FF)]
        RenderBlock {DIV} at (14,14) size 756x122
          RenderText {#text} at (0,0) size 77x32
            text run at (0,0) width 77: "Tests: "
          RenderBR {BR} at (0,0) size 0x0
          RenderText {#text} at (0,32) size 171x30
            text run at (0,32) width 171: "Fix for this bug: "
          RenderInline {A} at (0,0) size 585x30 [color=#0000EE]
            RenderText {#text} at (171,32) size 585x30
              text run at (171,32) width 585: "<http://bugzilla.opendarwin.org/show_bug.cgi?id=3429>"
          RenderText {#text} at (0,62) size 697x60
            text run at (0,62) width 697: "Text transformed with text-transform does not copy with transform"
            text run at (0,92) width 75: "applied"
        RenderBlock {DIV} at (14,152) size 756x170
          RenderBlock (anonymous) at (0,0) size 756x62
            RenderText {#text} at (0,0) size 214x32
              text run at (0,0) width 214: "Expected Results: "
            RenderBR {BR} at (214,24) size 0x0
            RenderText {#text} at (0,32) size 223x30
              text run at (0,32) width 223: "Should see the string"
          RenderBlock {PRE} at (0,86) size 756x30
            RenderText {#text} at (0,0) size 174x30
              text run at (0,0) width 174: "Foo Bar baz Bar"
          RenderBlock (anonymous) at (0,140) size 756x30
            RenderText {#text} at (0,0) size 172x30
              text run at (0,0) width 172: "(case sensitive)."
      RenderBlock {DIV} at (0,360) size 784x34 [border: (2px solid #FF0000)]
        RenderInline {SPAN} at (0,0) size 167x30
          RenderInline {SPAN} at (0,0) size 85x30
            RenderText {#text} at (2,2) size 85x30
              text run at (2,2) width 85: "Foo Bar"
          RenderText {#text} at (87,2) size 82x30
            text run at (87,2) width 82: " bazBar"
        RenderText {#text} at (0,0) size 0x0
caret: position 7 of child 1 {#text} of child 1 {SPAN} of child 3 {DIV} of body
