EDITING DELEGATE: shouldBeginEditingInDOMRange:range from 0 of BODY > HTML > #document to 10 of BODY > HTML > #document
EDITING DELEGATE: webViewDidBeginEditing:WebViewDidBeginEditingNotification
EDITING DELEGATE: webViewDidChangeSelection:WebViewDidChangeSelectionNotification
EDITING DELEGATE: webViewDidChangeSelection:WebViewDidChangeSelectionNotification
EDITING DELEGATE: webViewDidChangeSelection:WebViewDidChangeSelectionNotification
EDITING DELEGATE: webViewDidChangeSelection:WebViewDidChangeSelectionNotification
EDITING DELEGATE: webViewDidChangeSelection:WebViewDidChangeSelectionNotification
EDITING DELEGATE: webViewDidChangeSelection:WebViewDidChangeSelectionNotification
EDITING DELEGATE: webViewDidChangeSelection:WebViewDidChangeSelectionNotification
EDITING DELEGATE: shouldDeleteDOMRange:range from 0 of #text > P > DIV > DIV > BODY > HTML > #document to 0 of P > DIV > DIV > BODY > HTML > #document
EDITING DELEGATE: shouldChangeSelectedDOMRange:range from 0 of P > DIV > DIV > BODY > HTML > #document to 6 of DIV > DIV > BODY > HTML > #document toDOMRange:range from 0 of P > DIV > DIV > BODY > HTML > #document to 0 of P > DIV > DIV > BODY > HTML > #document affinity:NSSelectionAffinityDownstream stillSelecting:FALSE
EDITING DELEGATE: webViewDidChangeSelection:WebViewDidChangeSelectionNotification
EDITING DELEGATE: webViewDidChange:WebViewDidChangeNotification
EDITING DELEGATE: webViewDidChangeSelection:WebViewDidChangeSelectionNotification
EDITING DELEGATE: webViewDidChangeSelection:WebViewDidChangeSelectionNotification
EDITING DELEGATE: webViewDidChangeSelection:WebViewDidChangeSelectionNotification
EDITING DELEGATE: webViewDidChangeSelection:WebViewDidChangeSelectionNotification
EDITING DELEGATE: webViewDidChangeSelection:WebViewDidChangeSelectionNotification
EDITING DELEGATE: webViewDidChangeSelection:WebViewDidChangeSelectionNotification
EDITING DELEGATE: shouldInsertNode:#document-fragment replacingDOMRange:range from 2 of P > DIV > DIV > BODY > HTML > #document to 2 of P > DIV > DIV > BODY > HTML > #document givenAction:WebViewInsertActionPasted
EDITING DELEGATE: shouldChangeSelectedDOMRange:range from 3 of P > DIV > DIV > BODY > HTML > #document to 3 of P > DIV > DIV > BODY > HTML > #document toDOMRange:range from 0 of DIV > P > DIV > DIV > BODY > HTML > #document to 0 of DIV > P > DIV > DIV > BODY > HTML > #document affinity:NSSelectionAffinityDownstream stillSelecting:FALSE
EDITING DELEGATE: webViewDidChangeSelection:WebViewDidChangeSelectionNotification
EDITING DELEGATE: webViewDidChange:WebViewDidChangeNotification
layer at (0,0) size 800x600
  RenderView at (0,0) size 800x600
layer at (0,0) size 800x600
  RenderBlock {HTML} at (0,0) size 800x600
    RenderBody {BODY} at (8,8) size 784x584
      RenderBlock (anonymous) at (0,0) size 784x42
        RenderText {#text} at (0,0) size 107x21
          text run at (0,0) width 107: "Fixes this bug: "
        RenderInline {A} at (0,0) size 183x21 [color=#0000EE]
          RenderText {#text} at (107,0) size 183x21
            text run at (107,0) width 183: "<rdar://problem/3927554>"
        RenderText {#text} at (290,0) size 424x21
          text run at (290,0) width 424: " REGRESSION (Mail): Paste inserts content in wrong place "
        RenderBR {BR} at (0,0) size 0x0
        RenderText {#text} at (0,21) size 399x21
          text run at (0,21) width 399: "***TEST*** line should be second, following the first line."
      RenderBlock {DIV} at (0,42) size 784x12
      RenderBlock {DIV} at (0,54) size 784x238
        RenderBlock {DIV} at (0,0) size 784x238 [border: (2px solid #FF0000)]
          RenderBlock {P} at (14,14) size 756x120
            RenderBlock (anonymous) at (0,0) size 756x30
              RenderText {#text} at (0,0) size 340x30
                text run at (0,0) width 340: "Should be first line of document."
              RenderBR {BR} at (340,23) size 0x0
            RenderBlock {P} at (0,30) size 756x30
              RenderText {#text} at (0,0) size 116x30
                text run at (0,0) width 116: "***TEST***"
            RenderBlock {DIV} at (0,60) size 756x30
              RenderBR {BR} at (0,0) size 0x30
            RenderBlock (anonymous) at (0,90) size 756x30
              RenderText {#text} at (0,0) size 133x30
                text run at (0,0) width 133: "Another line."
          RenderBlock {P} at (14,134) size 756x0
          RenderBlock (anonymous) at (14,134) size 756x30
            RenderText {#text} at (0,0) size 7x30
              text run at (0,0) width 7: " "
          RenderBlock {P} at (14,164) size 756x0
          RenderBlock (anonymous) at (14,164) size 756x30
            RenderText {#text} at (0,0) size 7x30
              text run at (0,0) width 7: " "
          RenderBlock {P} at (14,194) size 756x30
            RenderBR {BR} at (0,0) size 0x30
caret: position 0 of child 0 {BR} of child 3 {DIV} of child 0 {P} of child 1 {DIV} of child 7 {DIV} of body
