EDITING DELEGATE: shouldBeginEditingInDOMRange:range from 0 of BODY > HTML > #document to 10 of BODY > HTML > #document
EDITING DELEGATE: webViewDidBeginEditing:WebViewDidBeginEditingNotification
EDITING DELEGATE: webViewDidChangeSelection:WebViewDidChangeSelectionNotification
EDITING DELEGATE: webViewDidChangeSelection:WebViewDidChangeSelectionNotification
EDITING DELEGATE: webViewDidChangeSelection:WebViewDidChangeSelectionNotification
EDITING DELEGATE: webViewDidChangeSelection:WebViewDidChangeSelectionNotification
EDITING DELEGATE: webViewDidChangeSelection:WebViewDidChangeSelectionNotification
EDITING DELEGATE: webViewDidChangeSelection:WebViewDidChangeSelectionNotification
EDITING DELEGATE: shouldChangeSelectedDOMRange:range from 0 of DIV > BODY > HTML > #document to 0 of DIV > BODY > HTML > #document toDOMRange:range from 1 of #text > DIV > BODY > HTML > #document to 1 of #text > DIV > BODY > HTML > #document affinity:NSSelectionAffinityDownstream stillSelecting:FALSE
EDITING DELEGATE: webViewDidChangeSelection:WebViewDidChangeSelectionNotification
EDITING DELEGATE: webViewDidChange:WebViewDidChangeNotification
EDITING DELEGATE: shouldInsertNode:#document-fragment replacingDOMRange:range from 1 of #text > DIV > BODY > HTML > #document to 1 of #text > DIV > BODY > HTML > #document givenAction:WebViewInsertActionPasted
EDITING DELEGATE: shouldChangeSelectedDOMRange:range from 1 of #text > DIV > BODY > HTML > #document to 1 of #text > DIV > BODY > HTML > #document toDOMRange:range from 0 of DIV > DIV > BODY > HTML > #document to 0 of DIV > DIV > BODY > HTML > #document affinity:NSSelectionAffinityDownstream stillSelecting:FALSE
EDITING DELEGATE: webViewDidChangeSelection:WebViewDidChangeSelectionNotification
EDITING DELEGATE: webViewDidChange:WebViewDidChangeNotification
layer at (0,0) size 800x600
  RenderView at (0,0) size 800x600
layer at (0,0) size 800x600
  RenderBlock {HTML} at (0,0) size 800x600
    RenderBody {BODY} at (8,8) size 784x584
      RenderBlock (anonymous) at (0,0) size 784x63
        RenderText {#text} at (0,0) size 97x21
          text run at (0,0) width 97: "See this bug: "
        RenderInline {A} at (0,0) size 183x21 [color=#0000EE]
          RenderText {#text} at (97,0) size 183x21
            text run at (97,0) width 183: "<rdar://problem/3918712>"
        RenderText {#text} at (280,0) size 784x63
          text run at (280,0) width 503: " \"Paste as Quotation\" in Mail just pastes (<blockquote> tag seems to be"
          text run at (783,0) width 1: " "
          text run at (0,21) width 775: "lost). Should see one box with blockquoted \"foo\" text, followed by another box with an \"x\" (not in a blockquote)"
          text run at (775,21) width 4: " "
          text run at (0,42) width 191: "and \"foo\" (in a blockquote)."
      RenderBlock {DIV} at (0,63) size 784x24
      RenderBlock {DIV} at (0,87) size 784x106 [border: (2px solid #FF0000)]
        RenderBlock {DIV} at (14,38) size 756x30
          RenderBlock {BLOCKQUOTE} at (40,0) size 676x30
            RenderText {#text} at (0,0) size 33x30
              text run at (0,0) width 33: "foo"
      RenderBlock {DIV} at (0,193) size 784x58 [border: (2px solid #FF0000)]
        RenderText {#text} at (14,14) size 12x30
          text run at (14,14) width 12: "x"
      RenderBlock {DIV} at (0,251) size 784x136 [border: (2px solid #FF0000)]
        RenderBlock {BLOCKQUOTE} at (54,38) size 676x30
          RenderText {#text} at (0,0) size 33x30
            text run at (0,0) width 33: "foo"
        RenderBlock {DIV} at (14,92) size 756x30
          RenderBR {BR} at (0,0) size 0x30
caret: position 0 of child 0 {BR} of child 1 {DIV} of child 8 {DIV} of body
