EDITING DELEGATE: shouldBeginEditingInDOMRange:range from 0 of BODY > HTML > #document to 8 of BODY > HTML > #document
EDITING DELEGATE: webViewDidBeginEditing:WebViewDidBeginEditingNotification
EDITING DELEGATE: webViewDidChangeSelection:WebViewDidChangeSelectionNotification
EDITING DELEGATE: webViewDidChangeSelection:WebViewDidChangeSelectionNotification
EDITING DELEGATE: webViewDidChangeSelection:WebViewDidChangeSelectionNotification
EDITING DELEGATE: shouldInsertNode:#document-fragment replacingDOMRange:range from 0 of #text > DIV > BODY > HTML > #document to 9 of #text > DIV > BODY > HTML > #document givenAction:WebViewInsertActionPasted
EDITING DELEGATE: webViewDidChangeSelection:WebViewDidChangeSelectionNotification
EDITING DELEGATE: shouldChangeSelectedDOMRange:range from 0 of DIV > BODY > HTML > #document to 0 of DIV > BODY > HTML > #document toDOMRange:range from 2 of TD > TR > TBODY > TABLE > DIV > BODY > HTML > #document to 2 of TD > TR > TBODY > TABLE > DIV > BODY > HTML > #document affinity:NSSelectionAffinityDownstream stillSelecting:FALSE
EDITING DELEGATE: webViewDidChangeSelection:WebViewDidChangeSelectionNotification
EDITING DELEGATE: webViewDidChange:WebViewDidChangeNotification
layer at (0,0) size 800x600
  RenderView at (0,0) size 800x600
layer at (0,0) size 800x600
  RenderBlock {HTML} at (0,0) size 800x600
    RenderBody {BODY} at (8,8) size 784x584
      RenderBlock {P} at (0,0) size 784x105
        RenderText {#text} at (0,0) size 330x21
          text run at (0,0) width 330: "This tests pasting a table to replace some text. "
        RenderInline {B} at (0,0) size 778x105
          RenderText {#text} at (330,0) size 778x105
            text run at (330,0) width 438: "It demonstrates two bugs: 1) selecting a table without also"
            text run at (768,0) width 4: " "
            text run at (0,21) width 767: "selecting the line break after programmatically is impossible when its followed by a div because of the"
            text run at (767,21) width 4: " "
            text run at (0,42) width 761: "way DOM positions are mapped to visible positions, 2) pasting content that ends in a table places the"
            text run at (761,42) width 4: " "
            text run at (0,63) width 774: "caret in the last table cell instead of after the table, so the interchange newline is placed in the last table"
            text run at (774,63) width 4: " "
            text run at (0,84) width 199: "cell and not after the table."
      RenderTable {TABLE} at (0,121) size 62x27
        RenderTableSection {TBODY} at (0,0) size 62x27
          RenderTableRow {TR} at (0,2) size 62x23
            RenderTableCell {TD} at (2,2) size 29x23 [r=0 c=0 rs=1 cs=1]
              RenderText {#text} at (1,1) size 27x21
                text run at (1,1) width 27: "one"
            RenderTableCell {TD} at (33,2) size 27x23 [r=0 c=1 rs=1 cs=1]
              RenderText {#text} at (1,1) size 25x21
                text run at (1,1) width 25: "two"
      RenderBlock {DIV} at (0,148) size 784x48
        RenderTable {TABLE} at (0,0) size 62x48
          RenderTableSection {TBODY} at (0,0) size 62x48
            RenderTableRow {TR} at (0,2) size 62x44
              RenderTableCell {TD} at (2,12) size 29x23 [r=0 c=0 rs=1 cs=1]
                RenderText {#text} at (1,1) size 27x21
                  text run at (1,1) width 27: "one"
              RenderTableCell {TD} at (33,2) size 27x44 [r=0 c=1 rs=1 cs=1]
                RenderText {#text} at (1,1) size 25x21
                  text run at (1,1) width 25: "two"
                RenderBR {BR} at (26,17) size 0x0
                RenderBR {BR} at (1,22) size 0x21
        RenderBlock (anonymous) at (0,48) size 784x0
caret: position 0 of child 2 {BR} of child 1 {TD} of child 0 {TR} of child 0 {TBODY} of child 0 {TABLE} of child 5 {DIV} of body
