layer at (0,0) size 800x600
  RenderView at (0,0) size 800x600
layer at (0,0) size 800x600
  RenderBlock {HTML} at (0,0) size 800x600
    RenderBody {BODY} at (8,8) size 784x584
      RenderBlock {P} at (0,0) size 784x22
        RenderText {#text} at (0,0) size 597x22
          text run at (0,0) width 597: "This test passes if nothing is double-quoted, and \"Two\" and \"Four\" aren't quoted at all."
      RenderBlock {DIV} at (0,38) size 784x110
        RenderBlock {BLOCKQUOTE} at (0,0) size 784x44 [color=#0000FF] [border: (2px solid #0000FF)]
          RenderText {#text} at (22,0) size 36x22
            text run at (22,0) width 36: "Paste"
          RenderBR {BR} at (58,16) size 0x0
          RenderText {#text} at (22,22) size 61x22
            text run at (22,22) width 61: "HereOne"
        RenderBlock (anonymous) at (0,44) size 784x22
          RenderText {#text} at (0,0) size 31x22
            text run at (0,0) width 31: "Two"
        RenderBlock {BLOCKQUOTE} at (0,66) size 784x22 [color=#0000FF] [border: (2px solid #0000FF)]
          RenderText {#text} at (22,0) size 41x22
            text run at (22,0) width 41: "Three"
        RenderBlock (anonymous) at (0,88) size 784x22
          RenderText {#text} at (0,0) size 34x22
            text run at (0,0) width 34: "Four"
caret: position 4 of child 3 {#text} of child 3 {DIV} of body
