EDITING DELEGATE: shouldBeginEditingInDOMRange:range from 0 of DIV > BODY > HTML > #document to 3 of DIV > BODY > HTML > #document
EDITING DELEGATE: webViewDidBeginEditing:WebViewDidBeginEditingNotification
EDITING DELEGATE: webViewDidChangeSelection:WebViewDidChangeSelectionNotification
EDITING DELEGATE: webViewDidChangeSelection:WebViewDidChangeSelectionNotification
EDITING DELEGATE: webViewDidChangeSelection:WebViewDidChangeSelectionNotification
EDITING DELEGATE: webViewDidChangeSelection:WebViewDidChangeSelectionNotification
EDITING DELEGATE: shouldDeleteDOMRange:range from 1 of DIV > DIV > BODY > HTML > #document to 6 of #text > DIV > DIV > BODY > HTML > #document
EDITING DELEGATE: shouldChangeSelectedDOMRange:range from 0 of DIV > DIV > BODY > HTML > #document to 0 of DIV > DIV > BODY > HTML > #document toDOMRange:range from 0 of DIV > DIV > BODY > HTML > #document to 0 of DIV > DIV > BODY > HTML > #document affinity:NSSelectionAffinityDownstream stillSelecting:FALSE
EDITING DELEGATE: webViewDidChangeSelection:WebViewDidChangeSelectionNotification
EDITING DELEGATE: webViewDidChange:WebViewDidChangeNotification
EDITING DELEGATE: shouldInsertNode:#document-fragment replacingDOMRange:range from 0 of DIV > DIV > BODY > HTML > #document to 0 of DIV > DIV > BODY > HTML > #document givenAction:WebViewInsertActionPasted
EDITING DELEGATE: shouldChangeSelectedDOMRange:range from 5 of #text > DIV > DIV > BODY > HTML > #document to 5 of #text > DIV > DIV > BODY > HTML > #document toDOMRange:range from 5 of #text > DIV > DIV > BODY > HTML > #document to 5 of #text > DIV > DIV > BODY > HTML > #document affinity:NSSelectionAffinityDownstream stillSelecting:FALSE
EDITING DELEGATE: webViewDidChangeSelection:WebViewDidChangeSelectionNotification
EDITING DELEGATE: webViewDidChange:WebViewDidChangeNotification
layer at (0,0) size 800x600
  RenderView at (0,0) size 800x600
layer at (0,0) size 800x600
  RenderBlock {HTML} at (0,0) size 800x600
    RenderBody {BODY} at (8,8) size 784x584
      RenderBlock {DIV} at (0,0) size 784x260 [border: (2px solid #0000FF)]
        RenderBlock {DIV} at (14,14) size 756x92
          RenderText {#text} at (0,0) size 77x32
            text run at (0,0) width 77: "Tests: "
          RenderBR {BR} at (0,0) size 0x0
          RenderText {#text} at (0,32) size 115x30
            text run at (0,32) width 115: "Bug fix for "
          RenderInline {A} at (0,0) size 274x30 [color=#0000EE]
            RenderText {#text} at (115,32) size 274x30
              text run at (115,32) width 274: "<rdar://problem/4035648>"
          RenderText {#text} at (389,32) size 750x60
            text run at (389,32) width 361: " REGRESSION (Mail): line feed in"
            text run at (0,62) width 527: "source HTML file causes bad copy/paste behavior"
        RenderBlock {DIV} at (14,122) size 756x124
          RenderText {#text} at (0,0) size 214x32
            text run at (0,0) width 214: "Expected Results: "
          RenderBR {BR} at (214,24) size 0x0
          RenderText {#text} at (0,32) size 558x30
            text run at (0,32) width 558: "Should see the text self-documenting itself correctly: "
          RenderBR {BR} at (558,55) size 0x0
          RenderInline {B} at (0,0) size 52x32
            RenderText {#text} at (0,62) size 52x32
              text run at (0,62) width 52: "bold"
            RenderBR {BR} at (52,86) size 0x0
          RenderText {#text} at (0,94) size 49x30
            text run at (0,94) width 49: "plain"
      RenderBlock {DIV} at (0,284) size 784x96
        RenderBlock {DIV} at (0,0) size 784x96 [border: (2px solid #FF0000)]
          RenderBR {BR} at (2,2) size 0x30
          RenderInline {B} at (0,0) size 52x32
            RenderText {#text} at (2,32) size 52x32
              text run at (2,32) width 52: "bold"
            RenderBR {BR} at (54,56) size 0x0
          RenderText {#text} at (2,64) size 49x30
            text run at (2,64) width 49: "plain"
caret: position 5 of child 2 {#text} of child 1 {DIV} of child 3 {DIV} of body
