EDITING DELEGATE: webViewDidChangeSelection:WebViewDidChangeSelectionNotification
EDITING DELEGATE: shouldChangeSelectedDOMRange:range from 0 of DIV > #shadow-root to 0 of DIV > #shadow-root toDOMRange:range from 0 of #text > DIV > #shadow-root to 11 of #text > DIV > #shadow-root affinity:NSSelectionAffinityDownstream stillSelecting:FALSE
EDITING DELEGATE: webViewDidChangeSelection:WebViewDidChangeSelectionNotification
EDITING DELEGATE: shouldBeginEditingInDOMRange:range from 0 of DIV > BODY > HTML > #document to 0 of DIV > BODY > HTML > #document
EDITING DELEGATE: webViewDidBeginEditing:WebViewDidBeginEditingNotification
EDITING DELEGATE: webViewDidChangeSelection:WebViewDidChangeSelectionNotification
EDITING DELEGATE: shouldInsertText:Tab->	<-Tab replacingDOMRange:range from 0 of DIV > BODY > HTML > #document to 0 of DIV > BODY > HTML > #document givenAction:WebViewInsertActionPasted
EDITING DELEGATE: shouldChangeSelectedDOMRange:range from 0 of DIV > BODY > HTML > #document to 0 of DIV > BODY > HTML > #document toDOMRange:range from 5 of #text > DIV > BODY > HTML > #document to 5 of #text > DIV > BODY > HTML > #document affinity:NSSelectionAffinityDownstream stillSelecting:FALSE
EDITING DELEGATE: webViewDidChangeSelection:WebViewDidChangeSelectionNotification
EDITING DELEGATE: webViewDidChange:WebViewDidChangeNotification
layer at (0,0) size 800x600
  RenderView at (0,0) size 800x600
layer at (0,0) size 800x600
  RenderBlock {HTML} at (0,0) size 800x600
    RenderBody {BODY} at (8,8) size 784x584
      RenderBlock {P} at (0,0) size 784x38
        RenderText {#text} at (0,0) size 773x38
          text run at (0,0) width 651: "This tests copying plain text with tabs and pasting it into an editable region using paste and match tyle. "
          text run at (651,0) width 122: "The tabs should be"
          text run at (0,19) width 68: "preserved."
      RenderBlock (anonymous) at (0,52) size 784x44
        RenderTextControl {TEXTAREA} at (2,2) size 184x40 [border: (1px solid #000000)]
        RenderText {#text} at (0,0) size 0x0
      RenderBlock {DIV} at (0,96) size 784x19
        RenderText {#text} at (0,0) size 38x19
          text run at (0,0) width 38: "Tab->"
        RenderInline {SPAN} at (0,0) size 4x19
          RenderText {#text} at (38,0) size 4x19
            text run at (38,0) width 4: "\x{9}"
        RenderText {#text} at (42,0) size 38x19
          text run at (42,0) width 38: "<-Tab"
layer at (11,63) size 182x38
  RenderBlock {DIV} at (1,1) size 182x38
    RenderText {#text} at (3,0) size 80x19
      text run at (3,0) width 80: "Tab->\x{9}<-Tab"
caret: position 5 of child 2 {#text} of child 4 {DIV} of body
