EDITING DELEGATE: shouldBeginEditingInDOMRange:range from 0 of DIV > BODY > HTML > #document to 3 of DIV > BODY > HTML > #document
EDITING DELEGATE: webViewDidBeginEditing:WebViewDidBeginEditingNotification
EDITING DELEGATE: webViewDidChangeSelection:WebViewDidChangeSelectionNotification
EDITING DELEGATE: webViewDidChangeSelection:WebViewDidChangeSelectionNotification
EDITING DELEGATE: webViewDidChangeSelection:WebViewDidChangeSelectionNotification
EDITING DELEGATE: webViewDidChangeSelection:WebViewDidChangeSelectionNotification
EDITING DELEGATE: webViewDidChangeSelection:WebViewDidChangeSelectionNotification
EDITING DELEGATE: webViewDidChangeSelection:WebViewDidChangeSelectionNotification
EDITING DELEGATE: webViewDidChangeSelection:WebViewDidChangeSelectionNotification
EDITING DELEGATE: webViewDidChangeSelection:WebViewDidChangeSelectionNotification
EDITING DELEGATE: webViewDidChangeSelection:WebViewDidChangeSelectionNotification
EDITING DELEGATE: webViewDidChangeSelection:WebViewDidChangeSelectionNotification
EDITING DELEGATE: webViewDidChangeSelection:WebViewDidChangeSelectionNotification
EDITING DELEGATE: shouldInsertNode:#document-fragment replacingDOMRange:range from 1 of DIV > DIV > BODY > HTML > #document to 1 of #text > DIV > DIV > BODY > HTML > #document givenAction:WebViewInsertActionPasted
EDITING DELEGATE: webViewDidChangeSelection:WebViewDidChangeSelectionNotification
EDITING DELEGATE: shouldChangeSelectedDOMRange:range from 1 of DIV > DIV > BODY > HTML > #document to 1 of #text > DIV > DIV > BODY > HTML > #document toDOMRange:range from 1 of #text > DIV > DIV > BODY > HTML > #document to 1 of #text > DIV > DIV > BODY > HTML > #document affinity:NSSelectionAffinityDownstream stillSelecting:FALSE
EDITING DELEGATE: webViewDidChangeSelection:WebViewDidChangeSelectionNotification
EDITING DELEGATE: webViewDidChange:WebViewDidChangeNotification
layer at (0,0) size 800x600
  RenderView at (0,0) size 800x600
layer at (0,0) size 800x600
  RenderBlock {HTML} at (0,0) size 800x600
    RenderBody {BODY} at (8,8) size 784x584
      RenderBlock {DIV} at (0,0) size 784x258 [border: (2px solid #0000FF)]
        RenderBlock {DIV} at (14,14) size 756x92
          RenderText {#text} at (0,0) size 77x32
            text run at (0,0) width 77: "Tests: "
          RenderBR {BR} at (0,0) size 0x0
          RenderText {#text} at (0,32) size 171x30
            text run at (0,32) width 171: "Fix for this bug: "
          RenderInline {A} at (0,0) size 274x30 [color=#0000EE]
            RenderText {#text} at (171,32) size 274x30
              text run at (171,32) width 274: "<rdar://problem/4045513>"
          RenderText {#text} at (445,32) size 747x60
            text run at (445,32) width 222: " Copying and pasting"
            text run at (0,62) width 747: "selection starting at end of paragraph can incorrectly remove line break"
        RenderBlock {DIV} at (14,122) size 756x122
          RenderText {#text} at (0,0) size 214x32
            text run at (0,0) width 214: "Expected Results: "
          RenderBR {BR} at (214,24) size 0x0
          RenderText {#text} at (0,32) size 711x90
            text run at (0,32) width 711: "Should see two lines of text below, self-documenting themselves as"
            text run at (0,62) width 693: "\"line one\" and \"line two\". The insertion point must be after the first"
            text run at (0,92) width 284: "character (\"l\") of \"line two\"."
      RenderBlock {DIV} at (0,282) size 784x64
        RenderBlock {DIV} at (0,0) size 784x64 [border: (2px solid #FF0000)]
          RenderText {#text} at (2,2) size 82x30
            text run at (2,2) width 82: "line one"
          RenderBR {BR} at (84,25) size 0x0
          RenderText {#text} at (2,32) size 5x30
            text run at (2,32) width 5: "l"
          RenderText {#text} at (7,32) size 75x30
            text run at (7,32) width 75: "ine two"
caret: position 1 of child 2 {#text} of child 1 {DIV} of child 3 {DIV} of body
