EDITING DELEGATE: shouldBeginEditingInDOMRange:range from 0 of DIV > BODY > HTML > #document to 3 of DIV > BODY > HTML > #document
EDITING DELEGATE: webViewDidBeginEditing:WebViewDidBeginEditingNotification
EDITING DELEGATE: webViewDidChangeSelection:WebViewDidChangeSelectionNotification
EDITING DELEGATE: webViewDidChangeSelection:WebViewDidChangeSelectionNotification
EDITING DELEGATE: webViewDidChangeSelection:WebViewDidChangeSelectionNotification
EDITING DELEGATE: webViewDidChangeSelection:WebViewDidChangeSelectionNotification
EDITING DELEGATE: webViewDidChangeSelection:WebViewDidChangeSelectionNotification
EDITING DELEGATE: webViewDidChangeSelection:WebViewDidChangeSelectionNotification
EDITING DELEGATE: webViewDidChangeSelection:WebViewDidChangeSelectionNotification
EDITING DELEGATE: webViewDidChangeSelection:WebViewDidChangeSelectionNotification
EDITING DELEGATE: webViewDidChangeSelection:WebViewDidChangeSelectionNotification
EDITING DELEGATE: webViewDidChangeSelection:WebViewDidChangeSelectionNotification
EDITING DELEGATE: shouldInsertNode:#document-fragment replacingDOMRange:range from 1 of DIV > DIV > BODY > HTML > #document to 2 of DIV > DIV > BODY > HTML > #document givenAction:WebViewInsertActionPasted
EDITING DELEGATE: shouldChangeSelectedDOMRange:range from 1 of DIV > DIV > BODY > HTML > #document to 2 of DIV > DIV > BODY > HTML > #document toDOMRange:range from 2 of DIV > DIV > BODY > HTML > #document to 2 of DIV > DIV > BODY > HTML > #document affinity:NSSelectionAffinityDownstream stillSelecting:FALSE
EDITING DELEGATE: webViewDidChangeSelection:WebViewDidChangeSelectionNotification
EDITING DELEGATE: webViewDidChange:WebViewDidChangeNotification
layer at (0,0) size 800x600
  RenderView at (0,0) size 800x600
layer at (0,0) size 800x600
  RenderBlock {HTML} at (0,0) size 800x600
    RenderBody {BODY} at (8,8) size 784x584
      RenderBlock {DIV} at (0,0) size 784x275 [border: (2px solid #0000FF)]
        RenderBlock {DIV} at (14,14) size 756x99
          RenderText {#text} at (0,0) size 67x33
            text run at (0,0) width 67: "Tests: "
          RenderBR {BR} at (0,0) size 0x0
          RenderText {#text} at (0,33) size 172x33
            text run at (0,33) width 172: "Fix for this bug: "
          RenderInline {A} at (0,0) size 275x33 [color=#0000EE]
            RenderText {#text} at (172,33) size 275x33
              text run at (172,33) width 275: "<rdar://problem/4045511>"
          RenderText {#text} at (447,33) size 742x66
            text run at (447,33) width 295: " Copying and pasting end-of-"
            text run at (0,66) width 566: "paragraph selection puts insertion point in wrong place"
        RenderBlock {DIV} at (14,129) size 756x132
          RenderText {#text} at (0,0) size 189x33
            text run at (0,0) width 189: "Expected Results: "
          RenderBR {BR} at (189,24) size 0x0
          RenderText {#text} at (0,33) size 730x99
            text run at (0,33) width 730: "Should see two lines of text below, self-documenting themselves as \"line"
            text run at (0,66) width 701: "one\" and \"line two\". The insertion point must be at the start of \"line"
            text run at (0,99) width 56: "two\"."
      RenderBlock {DIV} at (0,299) size 784x70
        RenderBlock {DIV} at (0,0) size 784x70 [border: (2px solid #FF0000)]
          RenderText {#text} at (2,2) size 80x33
            text run at (2,2) width 80: "line one"
          RenderBR {BR} at (82,26) size 0x0
          RenderText {#text} at (2,35) size 81x33
            text run at (2,35) width 81: "line two"
caret: position 0 of child 2 {#text} of child 1 {DIV} of child 3 {DIV} of body
