layer at (0,0) size 800x600
  RenderView at (0,0) size 800x600
layer at (0,0) size 800x600
  RenderBlock {HTML} at (0,0) size 800x600
    RenderBody {BODY} at (8,8) size 784x584
      RenderBlock {P} at (0,0) size 784x21
        RenderText {#text} at (0,0) size 398x21
          text run at (0,0) width 398: "This tests pasting a blockquote after another blockquote."
      RenderBlock {DIV} at (0,37) size 784x42
        RenderBlock {BLOCKQUOTE} at (0,0) size 784x21 [color=#0000FF] [border: (2px solid #0000FF)]
          RenderText {#text} at (22,0) size 44x21
            text run at (22,0) width 44: "Line 1"
        RenderBlock {BLOCKQUOTE} at (0,21) size 784x21 [color=#0000FF] [border: (2px solid #0000FF)]
          RenderText {#text} at (22,0) size 44x21
            text run at (22,0) width 44: "Line 2"
        RenderBlock (anonymous) at (0,42) size 784x0
caret: position 6 of child 0 {#text} of child 1 {BLOCKQUOTE} of child 2 {DIV} of body
