layer at (0,0) size 1188x600
  RenderView at (0,0) size 800x600
layer at (0,0) size 800x600
  RenderBlock {HTML} at (0,0) size 800x600
    RenderBody {BODY} at (8,8) size 784x584
layer at (8,8) size 784x404
  RenderBlock {DIV} at (0,0) size 784x404 [border: (2px solid #000000)]
    RenderText {#text} at (2,2) size 104x19
      text run at (2,2) width 104: "This is some text."
    RenderBR {BR} at (106,17) size 0x0
    RenderText {#text} at (2,22) size 104x19
      text run at (2,22) width 104: "This is some text."
    RenderBR {BR} at (106,37) size 0x0
    RenderText {#text} at (2,42) size 104x19
      text run at (2,42) width 104: "This is some text."
    RenderBR {BR} at (106,57) size 0x0
    RenderText {#text} at (2,62) size 104x19
      text run at (2,62) width 104: "This is some text."
    RenderBR {BR} at (106,77) size 0x0
    RenderText {#text} at (2,82) size 104x19
      text run at (2,82) width 104: "This is some text."
    RenderBR {BR} at (106,97) size 0x0
    RenderText {#text} at (2,102) size 104x19
      text run at (2,102) width 104: "This is some text."
    RenderBR {BR} at (106,117) size 0x0
    RenderText {#text} at (2,122) size 104x19
      text run at (2,122) width 104: "This is some text."
    RenderBR {BR} at (106,137) size 0x0
    RenderText {#text} at (2,142) size 104x19
      text run at (2,142) width 104: "This is some text."
    RenderBR {BR} at (106,157) size 0x0
    RenderText {#text} at (2,162) size 104x19
      text run at (2,162) width 104: "This is some text."
    RenderBR {BR} at (106,177) size 0x0
    RenderText {#text} at (2,182) size 104x19
      text run at (2,182) width 104: "This is some text."
    RenderBR {BR} at (106,197) size 0x0
    RenderImage {IMG} at (2,402) size 250x300 [bgcolor=#008000]
    RenderText {#text} at (252,402) size 104x19
      text run at (252,402) width 104: "This is some text."
    RenderBR {BR} at (356,417) size 0x0
    RenderText {#text} at (252,422) size 104x19
      text run at (252,422) width 104: "This is some text."
    RenderBR {BR} at (356,437) size 0x0
    RenderText {#text} at (252,442) size 104x19
      text run at (252,442) width 104: "This is some text."
    RenderBR {BR} at (356,457) size 0x0
    RenderText {#text} at (252,462) size 104x19
      text run at (252,462) width 104: "This is some text."
    RenderBR {BR} at (356,477) size 0x0
    RenderText {#text} at (252,482) size 104x19
      text run at (252,482) width 104: "This is some text."
    RenderBR {BR} at (356,497) size 0x0
    RenderText {#text} at (252,502) size 104x19
      text run at (252,502) width 104: "This is some text."
    RenderBR {BR} at (356,517) size 0x0
    RenderText {#text} at (252,522) size 104x19
      text run at (252,522) width 104: "This is some text."
    RenderBR {BR} at (356,537) size 0x0
    RenderText {#text} at (252,542) size 104x19
      text run at (252,542) width 104: "This is some text."
    RenderBR {BR} at (356,557) size 0x0
    RenderText {#text} at (252,562) size 104x19
      text run at (252,562) width 104: "This is some text."
    RenderBR {BR} at (356,577) size 0x0
    RenderText {#text} at (252,582) size 104x19
      text run at (252,582) width 104: "This is some text."
    RenderBR {BR} at (356,597) size 0x0
    RenderText {#text} at (252,602) size 104x19
      text run at (252,602) width 104: "This is some text."
    RenderBR {BR} at (356,617) size 0x0
    RenderText {#text} at (252,622) size 104x19
      text run at (252,622) width 104: "This is some text."
    RenderBR {BR} at (356,637) size 0x0
    RenderText {#text} at (252,642) size 104x19
      text run at (252,642) width 104: "This is some text."
    RenderBR {BR} at (356,657) size 0x0
    RenderText {#text} at (252,662) size 104x19
      text run at (252,662) width 104: "This is some text."
    RenderBR {BR} at (356,677) size 0x0
    RenderText {#text} at (252,682) size 104x19
      text run at (252,682) width 104: "This is some text."
    RenderBR {BR} at (356,697) size 0x0
    RenderText {#text} at (2,702) size 104x19
      text run at (2,702) width 104: "This is some text."
    RenderBR {BR} at (106,717) size 0x0
    RenderText {#text} at (2,722) size 104x19
      text run at (2,722) width 104: "This is some text."
    RenderBR {BR} at (106,737) size 0x0
    RenderText {#text} at (2,742) size 104x19
      text run at (2,742) width 104: "This is some text."
    RenderBR {BR} at (106,757) size 0x0
    RenderText {#text} at (2,762) size 104x19
      text run at (2,762) width 104: "This is some text."
    RenderBR {BR} at (106,777) size 0x0
    RenderText {#text} at (2,782) size 104x19
      text run at (2,782) width 104: "This is some text."
    RenderBR {BR} at (106,797) size 0x0
    RenderText {#text} at (2,802) size 104x19
      text run at (2,802) width 104: "This is some text."
    RenderBR {BR} at (106,817) size 0x0
    RenderText {#text} at (2,822) size 104x19
      text run at (2,822) width 104: "This is some text."
    RenderBR {BR} at (106,837) size 0x0
    RenderText {#text} at (2,842) size 104x19
      text run at (2,842) width 104: "This is some text."
    RenderBR {BR} at (106,857) size 0x0
    RenderText {#text} at (2,862) size 104x19
      text run at (2,862) width 104: "This is some text."
    RenderBR {BR} at (106,877) size 0x0
    RenderText {#text} at (2,882) size 104x19
      text run at (2,882) width 104: "This is some text."
    RenderBR {BR} at (106,897) size 0x0
    RenderText {#text} at (2,902) size 104x19
      text run at (2,902) width 104: "This is some text."
    RenderBR {BR} at (106,917) size 0x0
    RenderText {#text} at (2,922) size 104x19
      text run at (2,922) width 104: "This is some text."
    RenderBR {BR} at (106,937) size 0x0
    RenderText {#text} at (2,942) size 104x19
      text run at (2,942) width 104: "This is some text."
    RenderBR {BR} at (106,957) size 0x0
    RenderText {#text} at (2,962) size 104x19
      text run at (2,962) width 104: "This is some text."
    RenderBR {BR} at (106,977) size 0x0
    RenderText {#text} at (2,982) size 104x19
      text run at (2,982) width 104: "This is some text."
    RenderBR {BR} at (106,997) size 0x0
