layer at (0,0) size 1314x676
  RenderView at (0,0) size 800x600
layer at (0,0) size 800x676
  RenderBlock {HTML} at (0,0) size 800x676
    RenderBody {BODY} at (8,8) size 784x660
      RenderBlock (anonymous) at (0,0) size 784x20
        RenderText {#text} at (0,0) size 82x19
          text run at (0,0) width 82: "LTR Version:"
      RenderBlock (anonymous) at (0,330) size 784x20
        RenderText {#text} at (0,0) size 82x19
          text run at (0,0) width 82: "RTL Version:"
layer at (8,28) size 784x310
  RenderBlock {DIV} at (0,20) size 784x310 [border: (5px solid #800000)]
    RenderBlock (anonymous) at (5,5) size 248x260
      RenderText {#text} at (0,0) size 100x19
        text run at (0,0) width 100: "This is some text"
      RenderBR {BR} at (100,15) size 0x0
      RenderText {#text} at (0,20) size 100x19
        text run at (0,20) width 100: "This is some text"
      RenderBR {BR} at (100,35) size 0x0
      RenderText {#text} at (0,40) size 100x19
        text run at (0,40) width 100: "This is some text"
      RenderBR {BR} at (100,55) size 0x0
      RenderText {#text} at (0,60) size 100x19
        text run at (0,60) width 100: "This is some text"
      RenderBR {BR} at (100,75) size 0x0
      RenderText {#text} at (0,80) size 100x19
        text run at (0,80) width 100: "This is some text"
      RenderBR {BR} at (100,95) size 0x0
      RenderText {#text} at (0,100) size 100x19
        text run at (0,100) width 100: "This is some text"
      RenderBR {BR} at (100,115) size 0x0
      RenderText {#text} at (0,120) size 100x19
        text run at (0,120) width 100: "This is some text"
      RenderBR {BR} at (100,135) size 0x0
      RenderText {#text} at (0,140) size 100x19
        text run at (0,140) width 100: "This is some text"
      RenderBR {BR} at (100,155) size 0x0
      RenderText {#text} at (0,160) size 100x19
        text run at (0,160) width 100: "This is some text"
      RenderBR {BR} at (100,175) size 0x0
      RenderText {#text} at (0,180) size 100x19
        text run at (0,180) width 100: "This is some text"
      RenderBR {BR} at (100,195) size 0x0
      RenderText {#text} at (0,200) size 100x19
        text run at (0,200) width 100: "This is some text"
      RenderBR {BR} at (100,215) size 0x0
      RenderText {#text} at (0,220) size 100x19
        text run at (0,220) width 100: "This is some text"
      RenderBR {BR} at (100,235) size 0x0
      RenderText {#text} at (0,240) size 100x19
        text run at (0,240) width 100: "This is some text"
      RenderBR {BR} at (100,255) size 0x0
    RenderBlock {DIV} at (5,305) size 248x270
      RenderText {#text} at (0,0) size 0x0
    RenderBlock (anonymous) at (5,575) size 248x570
      RenderText {#text} at (0,0) size 100x19
        text run at (0,0) width 100: "This is some text"
      RenderBR {BR} at (100,15) size 0x0
      RenderText {#text} at (0,30) size 100x19
        text run at (0,30) width 100: "This is some text"
      RenderBR {BR} at (100,45) size 0x0
      RenderText {#text} at (0,50) size 100x19
        text run at (0,50) width 100: "This is some text"
      RenderBR {BR} at (100,65) size 0x0
      RenderText {#text} at (0,70) size 100x19
        text run at (0,70) width 100: "This is some text"
      RenderBR {BR} at (100,85) size 0x0
      RenderText {#text} at (0,90) size 100x19
        text run at (0,90) width 100: "This is some text"
      RenderBR {BR} at (100,105) size 0x0
      RenderText {#text} at (0,110) size 100x19
        text run at (0,110) width 100: "This is some text"
      RenderBR {BR} at (100,125) size 0x0
      RenderText {#text} at (0,130) size 100x19
        text run at (0,130) width 100: "This is some text"
      RenderBR {BR} at (100,145) size 0x0
      RenderText {#text} at (0,150) size 100x19
        text run at (0,150) width 100: "This is some text"
      RenderBR {BR} at (100,165) size 0x0
      RenderText {#text} at (0,170) size 100x19
        text run at (0,170) width 100: "This is some text"
      RenderBR {BR} at (100,185) size 0x0
      RenderText {#text} at (0,190) size 100x19
        text run at (0,190) width 100: "This is some text"
      RenderBR {BR} at (100,205) size 0x0
      RenderText {#text} at (0,210) size 100x19
        text run at (0,210) width 100: "This is some text"
      RenderBR {BR} at (100,225) size 0x0
      RenderText {#text} at (0,230) size 100x19
        text run at (0,230) width 100: "This is some text"
      RenderBR {BR} at (100,245) size 0x0
      RenderText {#text} at (0,250) size 100x19
        text run at (0,250) width 100: "This is some text"
      RenderBR {BR} at (100,265) size 0x0
      RenderText {#text} at (0,270) size 100x19
        text run at (0,270) width 100: "This is some text"
      RenderBR {BR} at (100,285) size 0x0
      RenderText {#text} at (0,290) size 100x19
        text run at (0,290) width 100: "This is some text"
      RenderBR {BR} at (100,305) size 0x0
      RenderText {#text} at (0,310) size 100x19
        text run at (0,310) width 100: "This is some text"
      RenderBR {BR} at (100,325) size 0x0
      RenderText {#text} at (0,330) size 100x19
        text run at (0,330) width 100: "This is some text"
      RenderBR {BR} at (100,345) size 0x0
      RenderText {#text} at (0,350) size 100x19
        text run at (0,350) width 100: "This is some text"
      RenderBR {BR} at (100,365) size 0x0
      RenderText {#text} at (0,370) size 100x19
        text run at (0,370) width 100: "This is some text"
      RenderBR {BR} at (100,385) size 0x0
      RenderText {#text} at (0,390) size 100x19
        text run at (0,390) width 100: "This is some text"
      RenderBR {BR} at (100,405) size 0x0
      RenderText {#text} at (0,410) size 100x19
        text run at (0,410) width 100: "This is some text"
      RenderBR {BR} at (100,425) size 0x0
      RenderText {#text} at (0,430) size 100x19
        text run at (0,430) width 100: "This is some text"
      RenderBR {BR} at (100,445) size 0x0
      RenderText {#text} at (0,450) size 100x19
        text run at (0,450) width 100: "This is some text"
      RenderBR {BR} at (100,465) size 0x0
      RenderText {#text} at (0,470) size 100x19
        text run at (0,470) width 100: "This is some text"
      RenderBR {BR} at (100,485) size 0x0
      RenderText {#text} at (0,490) size 100x19
        text run at (0,490) width 100: "This is some text"
      RenderBR {BR} at (100,505) size 0x0
      RenderText {#text} at (0,510) size 100x19
        text run at (0,510) width 100: "This is some text"
      RenderBR {BR} at (100,525) size 0x0
      RenderText {#text} at (0,530) size 100x19
        text run at (0,530) width 100: "This is some text"
      RenderBR {BR} at (100,545) size 0x0
      RenderText {#text} at (0,0) size 0x0
    RenderBlock (anonymous) at (5,1165) size 248x280
      RenderText {#text} at (0,0) size 100x19
        text run at (0,0) width 100: "This is some text"
      RenderBR {BR} at (100,15) size 0x0
      RenderText {#text} at (0,20) size 100x19
        text run at (0,20) width 100: "This is some text"
      RenderBR {BR} at (100,35) size 0x0
      RenderText {#text} at (0,40) size 100x19
        text run at (0,40) width 100: "This is some text"
      RenderBR {BR} at (100,55) size 0x0
      RenderText {#text} at (0,60) size 100x19
        text run at (0,60) width 100: "This is some text"
      RenderBR {BR} at (100,75) size 0x0
      RenderText {#text} at (0,80) size 100x19
        text run at (0,80) width 100: "This is some text"
      RenderBR {BR} at (100,95) size 0x0
      RenderText {#text} at (0,100) size 100x19
        text run at (0,100) width 100: "This is some text"
      RenderBR {BR} at (100,115) size 0x0
      RenderText {#text} at (0,120) size 100x19
        text run at (0,120) width 100: "This is some text"
      RenderBR {BR} at (100,135) size 0x0
      RenderText {#text} at (0,140) size 100x19
        text run at (0,140) width 100: "This is some text"
      RenderBR {BR} at (100,155) size 0x0
      RenderText {#text} at (0,160) size 100x19
        text run at (0,160) width 100: "This is some text"
      RenderBR {BR} at (100,175) size 0x0
      RenderText {#text} at (0,180) size 100x19
        text run at (0,180) width 100: "This is some text"
      RenderBR {BR} at (100,195) size 0x0
      RenderText {#text} at (0,200) size 100x19
        text run at (0,200) width 100: "This is some text"
      RenderBR {BR} at (100,215) size 0x0
      RenderText {#text} at (0,220) size 100x19
        text run at (0,220) width 100: "This is some text"
      RenderBR {BR} at (100,235) size 0x0
      RenderText {#text} at (0,240) size 100x19
        text run at (0,240) width 100: "This is some text"
      RenderBR {BR} at (100,255) size 0x0
      RenderText {#text} at (0,260) size 100x19
        text run at (0,260) width 100: "This is some text"
      RenderBR {BR} at (100,275) size 0x0
layer at (8,358) size 784x310
  RenderBlock {DIV} at (0,350) size 784x310 [border: (5px solid #800000)]
    RenderBlock (anonymous) at (5,5) size 248x260
      RenderText {#text} at (147,0) size 100x19
        text run at (147,0) width 100: "This is some text"
      RenderBR {BR} at (147,15) size 0x0
      RenderText {#text} at (147,20) size 100x19
        text run at (147,20) width 100: "This is some text"
      RenderBR {BR} at (147,35) size 0x0
      RenderText {#text} at (147,40) size 100x19
        text run at (147,40) width 100: "This is some text"
      RenderBR {BR} at (147,55) size 0x0
      RenderText {#text} at (147,60) size 100x19
        text run at (147,60) width 100: "This is some text"
      RenderBR {BR} at (147,75) size 0x0
      RenderText {#text} at (147,80) size 100x19
        text run at (147,80) width 100: "This is some text"
      RenderBR {BR} at (147,95) size 0x0
      RenderText {#text} at (147,100) size 100x19
        text run at (147,100) width 100: "This is some text"
      RenderBR {BR} at (147,115) size 0x0
      RenderText {#text} at (147,120) size 100x19
        text run at (147,120) width 100: "This is some text"
      RenderBR {BR} at (147,135) size 0x0
      RenderText {#text} at (147,140) size 100x19
        text run at (147,140) width 100: "This is some text"
      RenderBR {BR} at (147,155) size 0x0
      RenderText {#text} at (147,160) size 100x19
        text run at (147,160) width 100: "This is some text"
      RenderBR {BR} at (147,175) size 0x0
      RenderText {#text} at (147,180) size 100x19
        text run at (147,180) width 100: "This is some text"
      RenderBR {BR} at (147,195) size 0x0
      RenderText {#text} at (147,200) size 100x19
        text run at (147,200) width 100: "This is some text"
      RenderBR {BR} at (147,215) size 0x0
      RenderText {#text} at (147,220) size 100x19
        text run at (147,220) width 100: "This is some text"
      RenderBR {BR} at (147,235) size 0x0
      RenderText {#text} at (147,240) size 100x19
        text run at (147,240) width 100: "This is some text"
      RenderBR {BR} at (147,255) size 0x0
    RenderBlock {DIV} at (5,305) size 248x270
      RenderText {#text} at (0,0) size 0x0
    RenderBlock (anonymous) at (5,575) size 248x570
      RenderText {#text} at (147,0) size 100x19
        text run at (147,0) width 100: "This is some text"
      RenderBR {BR} at (147,15) size 0x0
      RenderText {#text} at (147,30) size 100x19
        text run at (147,30) width 100: "This is some text"
      RenderBR {BR} at (147,45) size 0x0
      RenderText {#text} at (147,50) size 100x19
        text run at (147,50) width 100: "This is some text"
      RenderBR {BR} at (147,65) size 0x0
      RenderText {#text} at (147,70) size 100x19
        text run at (147,70) width 100: "This is some text"
      RenderBR {BR} at (147,85) size 0x0
      RenderText {#text} at (147,90) size 100x19
        text run at (147,90) width 100: "This is some text"
      RenderBR {BR} at (147,105) size 0x0
      RenderText {#text} at (147,110) size 100x19
        text run at (147,110) width 100: "This is some text"
      RenderBR {BR} at (147,125) size 0x0
      RenderText {#text} at (147,130) size 100x19
        text run at (147,130) width 100: "This is some text"
      RenderBR {BR} at (147,145) size 0x0
      RenderText {#text} at (147,150) size 100x19
        text run at (147,150) width 100: "This is some text"
      RenderBR {BR} at (147,165) size 0x0
      RenderText {#text} at (147,170) size 100x19
        text run at (147,170) width 100: "This is some text"
      RenderBR {BR} at (147,185) size 0x0
      RenderText {#text} at (147,190) size 100x19
        text run at (147,190) width 100: "This is some text"
      RenderBR {BR} at (147,205) size 0x0
      RenderText {#text} at (147,210) size 100x19
        text run at (147,210) width 100: "This is some text"
      RenderBR {BR} at (147,225) size 0x0
      RenderText {#text} at (147,230) size 100x19
        text run at (147,230) width 100: "This is some text"
      RenderBR {BR} at (147,245) size 0x0
      RenderText {#text} at (147,250) size 100x19
        text run at (147,250) width 100: "This is some text"
      RenderBR {BR} at (147,265) size 0x0
      RenderText {#text} at (147,270) size 100x19
        text run at (147,270) width 100: "This is some text"
      RenderBR {BR} at (147,285) size 0x0
      RenderText {#text} at (147,290) size 100x19
        text run at (147,290) width 100: "This is some text"
      RenderBR {BR} at (147,305) size 0x0
      RenderText {#text} at (147,310) size 100x19
        text run at (147,310) width 100: "This is some text"
      RenderBR {BR} at (147,325) size 0x0
      RenderText {#text} at (147,330) size 100x19
        text run at (147,330) width 100: "This is some text"
      RenderBR {BR} at (147,345) size 0x0
      RenderText {#text} at (147,350) size 100x19
        text run at (147,350) width 100: "This is some text"
      RenderBR {BR} at (147,365) size 0x0
      RenderText {#text} at (147,370) size 100x19
        text run at (147,370) width 100: "This is some text"
      RenderBR {BR} at (147,385) size 0x0
      RenderText {#text} at (147,390) size 100x19
        text run at (147,390) width 100: "This is some text"
      RenderBR {BR} at (147,405) size 0x0
      RenderText {#text} at (147,410) size 100x19
        text run at (147,410) width 100: "This is some text"
      RenderBR {BR} at (147,425) size 0x0
      RenderText {#text} at (147,430) size 100x19
        text run at (147,430) width 100: "This is some text"
      RenderBR {BR} at (147,445) size 0x0
      RenderText {#text} at (147,450) size 100x19
        text run at (147,450) width 100: "This is some text"
      RenderBR {BR} at (147,465) size 0x0
      RenderText {#text} at (147,470) size 100x19
        text run at (147,470) width 100: "This is some text"
      RenderBR {BR} at (147,485) size 0x0
      RenderText {#text} at (147,490) size 100x19
        text run at (147,490) width 100: "This is some text"
      RenderBR {BR} at (147,505) size 0x0
      RenderText {#text} at (147,510) size 100x19
        text run at (147,510) width 100: "This is some text"
      RenderBR {BR} at (147,525) size 0x0
      RenderText {#text} at (147,530) size 100x19
        text run at (147,530) width 100: "This is some text"
      RenderBR {BR} at (147,545) size 0x0
      RenderText {#text} at (0,0) size 0x0
    RenderBlock (anonymous) at (5,1165) size 248x280
      RenderText {#text} at (147,0) size 100x19
        text run at (147,0) width 100: "This is some text"
      RenderBR {BR} at (147,15) size 0x0
      RenderText {#text} at (147,20) size 100x19
        text run at (147,20) width 100: "This is some text"
      RenderBR {BR} at (147,35) size 0x0
      RenderText {#text} at (147,40) size 100x19
        text run at (147,40) width 100: "This is some text"
      RenderBR {BR} at (147,55) size 0x0
      RenderText {#text} at (147,60) size 100x19
        text run at (147,60) width 100: "This is some text"
      RenderBR {BR} at (147,75) size 0x0
      RenderText {#text} at (147,80) size 100x19
        text run at (147,80) width 100: "This is some text"
      RenderBR {BR} at (147,95) size 0x0
      RenderText {#text} at (147,100) size 100x19
        text run at (147,100) width 100: "This is some text"
      RenderBR {BR} at (147,115) size 0x0
      RenderText {#text} at (147,120) size 100x19
        text run at (147,120) width 100: "This is some text"
      RenderBR {BR} at (147,135) size 0x0
      RenderText {#text} at (147,140) size 100x19
        text run at (147,140) width 100: "This is some text"
      RenderBR {BR} at (147,155) size 0x0
      RenderText {#text} at (147,160) size 100x19
        text run at (147,160) width 100: "This is some text"
      RenderBR {BR} at (147,175) size 0x0
      RenderText {#text} at (147,180) size 100x19
        text run at (147,180) width 100: "This is some text"
      RenderBR {BR} at (147,195) size 0x0
      RenderText {#text} at (147,200) size 100x19
        text run at (147,200) width 100: "This is some text"
      RenderBR {BR} at (147,215) size 0x0
      RenderText {#text} at (147,220) size 100x19
        text run at (147,220) width 100: "This is some text"
      RenderBR {BR} at (147,235) size 0x0
      RenderText {#text} at (147,240) size 100x19
        text run at (147,240) width 100: "This is some text"
      RenderBR {BR} at (147,255) size 0x0
      RenderText {#text} at (147,260) size 100x19
        text run at (147,260) width 100: "This is some text"
      RenderBR {BR} at (147,275) size 0x0
layer at (13,333) size 100x270
  RenderBlock (relative positioned) {DIV} at (0,0) size 100x270 [bgcolor=#008000]
layer at (160,663) size 100x270 backgroundClip at (0,0) size 1314x676 clip at (0,0) size 1314x676 outlineClip at (0,0) size 1314x676
  RenderBlock (relative positioned) {DIV} at (147,0) size 100x270 [bgcolor=#008000]
