layer at (0,0) size 800x681
  RenderView at (0,0) size 800x600
layer at (0,0) size 800x681
  RenderBlock {HTML} at (0,0) size 800x681
    RenderBody {BODY} at (8,8) size 784x665
      RenderBlock {DIV} at (0,0) size 220x330
        RenderBlock (anonymous) at (0,0) size 220x20
          RenderText {#text} at (0,0) size 60x19
            text run at (0,0) width 60: "Overflow:"
      RenderText {#text} at (220,315) size 4x19
        text run at (220,315) width 4: " "
      RenderBlock {DIV} at (224,0) size 220x330
        RenderBlock (anonymous) at (0,0) size 220x20
          RenderText {#text} at (0,0) size 71x19
            text run at (0,0) width 71: "Transforms:"
      RenderText {#text} at (444,315) size 4x19
        text run at (444,315) width 4: " "
      RenderBlock {DIV} at (448,0) size 220x330
        RenderBlock (anonymous) at (0,0) size 220x20
          RenderText {#text} at (0,0) size 120x19
            text run at (0,0) width 120: "Relative Positioning:"
      RenderText {#text} at (0,0) size 0x0
      RenderBlock {DIV} at (0,335) size 220x330
        RenderBlock (anonymous) at (0,0) size 220x20
          RenderText {#text} at (0,0) size 51x19
            text run at (0,0) width 51: "Opacity:"
layer at (8,28) size 220x310
  RenderBlock {DIV} at (0,20) size 220x310 [border: (5px solid #000000)]
    RenderBlock (anonymous) at (5,5) size 100x100
      RenderBlock {DIV} at (0,0) size 100x100 [bgcolor=#000000]
      RenderText {#text} at (0,0) size 0x0
    RenderBlock (anonymous) at (5,505) size 100x100
      RenderBlock {DIV} at (0,0) size 100x100 [bgcolor=#000000]
      RenderText {#text} at (0,0) size 0x0
layer at (13,133) size 100x400
  RenderBlock {DIV} at (5,105) size 100x400
    RenderBlock {DIV} at (0,0) size 100x100 [bgcolor=#0000F0]
    RenderBlock {DIV} at (0,100) size 100x100 [bgcolor=#0000D0]
    RenderBlock {DIV} at (0,200) size 100x100 [bgcolor=#0000B0]
    RenderBlock {DIV} at (0,300) size 100x100 [bgcolor=#000090]
layer at (232,28) size 220x310
  RenderBlock {DIV} at (0,20) size 220x310 [border: (5px solid #000000)]
    RenderBlock (anonymous) at (5,5) size 100x100
      RenderBlock {DIV} at (0,0) size 100x100 [bgcolor=#000000]
      RenderText {#text} at (0,0) size 0x0
    RenderBlock (anonymous) at (5,505) size 100x100
      RenderBlock {DIV} at (0,0) size 100x100 [bgcolor=#000000]
      RenderText {#text} at (0,0) size 0x0
layer at (456,28) size 220x310
  RenderBlock {DIV} at (0,20) size 220x310 [border: (5px solid #000000)]
    RenderBlock (anonymous) at (5,5) size 100x100
      RenderBlock {DIV} at (0,0) size 100x100 [bgcolor=#000000]
      RenderText {#text} at (0,0) size 0x0
    RenderBlock (anonymous) at (5,505) size 100x100
      RenderBlock {DIV} at (0,0) size 100x100 [bgcolor=#000000]
      RenderText {#text} at (0,0) size 0x0
layer at (8,363) size 220x310
  RenderBlock {DIV} at (0,20) size 220x310 [border: (5px solid #000000)]
    RenderBlock (anonymous) at (5,5) size 100x100
      RenderBlock {DIV} at (0,0) size 100x100 [bgcolor=#000000]
      RenderText {#text} at (0,0) size 0x0
    RenderBlock (anonymous) at (5,505) size 100x100
      RenderBlock {DIV} at (0,0) size 100x100 [bgcolor=#000000]
      RenderText {#text} at (0,0) size 0x0
layer at (137,133) size 100x400
  RenderBlock {DIV} at (-95,105) size 100x400
    RenderBlock {DIV} at (0,0) size 100x100 [bgcolor=#0000F0]
    RenderBlock {DIV} at (0,100) size 100x100 [bgcolor=#0000D0]
    RenderBlock {DIV} at (0,200) size 100x100 [bgcolor=#0000B0]
    RenderBlock {DIV} at (0,300) size 100x100 [bgcolor=#000090]
layer at (461,133) size 100x400
  RenderBlock (relative positioned) {DIV} at (-95,105) size 100x400
    RenderBlock {DIV} at (0,0) size 100x100 [bgcolor=#0000F0]
    RenderBlock {DIV} at (0,100) size 100x100 [bgcolor=#0000D0]
    RenderBlock {DIV} at (0,200) size 100x100 [bgcolor=#0000B0]
    RenderBlock {DIV} at (0,300) size 100x100 [bgcolor=#000090]
layer at (13,468) size 100x400 backgroundClip at (0,0) size 800x681 clip at (0,0) size 800x681 outlineClip at (0,0) size 800x681
  RenderBlock {DIV} at (5,105) size 100x400
    RenderBlock {DIV} at (0,0) size 100x100 [bgcolor=#0000F0]
    RenderBlock {DIV} at (0,100) size 100x100 [bgcolor=#0000D0]
    RenderBlock {DIV} at (0,200) size 100x100 [bgcolor=#0000B0]
    RenderBlock {DIV} at (0,300) size 100x100 [bgcolor=#000090]
