layer at (0,0) size 1992x1010
  RenderView at (0,0) size 800x600
layer at (0,0) size 800x1010
  RenderBlock {HTML} at (0,0) size 800x1010
    RenderBody {BODY} at (8,8) size 784x994
      RenderBlock {HR} at (0,358) size 784x2 [border: (1px inset #000000)]
      RenderBlock {HR} at (0,676) size 784x2 [border: (1px inset #000000)]
layer at (8,8) size 784x350
  RenderBlock {DIV} at (0,0) size 784x350
    RenderTable {TABLE} at (0,0) size 384x1307 [border: (1px outset #808080)]
      RenderTableSection {TBODY} at (1,1) size 382x1305
        RenderTableRow {TR} at (0,0) size 382x1305
          RenderTableCell {TD} at (0,44) size 139x1261 [border: (1px inset #808080)] [r=0 c=0 rs=1 cs=1]
            RenderText {#text} at (11,11) size 114x39
              text run at (11,11) width 114: "This cell has lots of"
              text run at (11,31) width 26: "text."
            RenderBR {BR} at (37,46) size 0x0
            RenderText {#text} at (11,51) size 114x39
              text run at (11,51) width 114: "This cell has lots of"
              text run at (11,71) width 26: "text."
            RenderBR {BR} at (37,86) size 0x0
            RenderText {#text} at (11,91) size 114x39
              text run at (11,91) width 114: "This cell has lots of"
              text run at (11,111) width 26: "text."
            RenderBR {BR} at (37,126) size 0x0
            RenderText {#text} at (11,131) size 114x39
              text run at (11,131) width 114: "This cell has lots of"
              text run at (11,151) width 26: "text."
            RenderBR {BR} at (37,166) size 0x0
            RenderText {#text} at (11,171) size 114x39
              text run at (11,171) width 114: "This cell has lots of"
              text run at (11,191) width 26: "text."
            RenderBR {BR} at (37,206) size 0x0
            RenderText {#text} at (11,211) size 114x39
              text run at (11,211) width 114: "This cell has lots of"
              text run at (11,231) width 26: "text."
            RenderBR {BR} at (37,246) size 0x0
            RenderText {#text} at (11,251) size 114x39
              text run at (11,251) width 114: "This cell has lots of"
              text run at (11,271) width 26: "text."
            RenderBR {BR} at (37,286) size 0x0
            RenderText {#text} at (11,306) size 114x39
              text run at (11,306) width 114: "This cell has lots of"
              text run at (11,326) width 26: "text."
            RenderBR {BR} at (37,341) size 0x0
            RenderText {#text} at (11,346) size 114x39
              text run at (11,346) width 114: "This cell has lots of"
              text run at (11,366) width 26: "text."
            RenderBR {BR} at (37,381) size 0x0
            RenderText {#text} at (11,386) size 114x39
              text run at (11,386) width 114: "This cell has lots of"
              text run at (11,406) width 26: "text."
            RenderBR {BR} at (37,421) size 0x0
            RenderText {#text} at (11,426) size 114x39
              text run at (11,426) width 114: "This cell has lots of"
              text run at (11,446) width 26: "text."
            RenderBR {BR} at (37,461) size 0x0
            RenderText {#text} at (11,466) size 114x39
              text run at (11,466) width 114: "This cell has lots of"
              text run at (11,486) width 26: "text."
            RenderBR {BR} at (37,501) size 0x0
            RenderText {#text} at (11,506) size 114x39
              text run at (11,506) width 114: "This cell has lots of"
              text run at (11,526) width 26: "text."
            RenderBR {BR} at (37,541) size 0x0
            RenderText {#text} at (11,546) size 114x39
              text run at (11,546) width 114: "This cell has lots of"
              text run at (11,566) width 26: "text."
            RenderBR {BR} at (37,581) size 0x0
            RenderText {#text} at (11,586) size 114x39
              text run at (11,586) width 114: "This cell has lots of"
              text run at (11,606) width 26: "text."
            RenderBR {BR} at (37,621) size 0x0
            RenderText {#text} at (11,626) size 114x49
              text run at (11,626) width 114: "This cell has lots of"
              text run at (11,656) width 26: "text."
            RenderBR {BR} at (37,671) size 0x0
            RenderText {#text} at (11,676) size 114x39
              text run at (11,676) width 114: "This cell has lots of"
              text run at (11,696) width 26: "text."
            RenderBR {BR} at (37,711) size 0x0
            RenderText {#text} at (11,716) size 114x39
              text run at (11,716) width 114: "This cell has lots of"
              text run at (11,736) width 26: "text."
            RenderBR {BR} at (37,751) size 0x0
            RenderText {#text} at (11,756) size 114x39
              text run at (11,756) width 114: "This cell has lots of"
              text run at (11,776) width 26: "text."
            RenderBR {BR} at (37,791) size 0x0
            RenderText {#text} at (11,796) size 114x39
              text run at (11,796) width 114: "This cell has lots of"
              text run at (11,816) width 26: "text."
            RenderBR {BR} at (37,831) size 0x0
            RenderText {#text} at (11,836) size 114x39
              text run at (11,836) width 114: "This cell has lots of"
              text run at (11,856) width 26: "text."
            RenderBR {BR} at (37,871) size 0x0
            RenderText {#text} at (11,876) size 114x39
              text run at (11,876) width 114: "This cell has lots of"
              text run at (11,896) width 26: "text."
            RenderBR {BR} at (37,911) size 0x0
            RenderText {#text} at (11,916) size 114x39
              text run at (11,916) width 114: "This cell has lots of"
              text run at (11,936) width 26: "text."
            RenderBR {BR} at (37,951) size 0x0
            RenderText {#text} at (11,956) size 114x39
              text run at (11,956) width 114: "This cell has lots of"
              text run at (11,976) width 26: "text."
            RenderBR {BR} at (37,991) size 0x0
            RenderText {#text} at (11,1006) size 114x39
              text run at (11,1006) width 114: "This cell has lots of"
              text run at (11,1026) width 26: "text."
            RenderBR {BR} at (37,1041) size 0x0
            RenderText {#text} at (11,1046) size 114x39
              text run at (11,1046) width 114: "This cell has lots of"
              text run at (11,1066) width 26: "text."
            RenderBR {BR} at (37,1081) size 0x0
            RenderText {#text} at (11,1086) size 114x39
              text run at (11,1086) width 114: "This cell has lots of"
              text run at (11,1106) width 26: "text."
            RenderBR {BR} at (37,1121) size 0x0
            RenderText {#text} at (11,1126) size 114x39
              text run at (11,1126) width 114: "This cell has lots of"
              text run at (11,1146) width 26: "text."
            RenderBR {BR} at (37,1161) size 0x0
            RenderText {#text} at (11,1166) size 114x39
              text run at (11,1166) width 114: "This cell has lots of"
              text run at (11,1186) width 26: "text."
            RenderBR {BR} at (37,1201) size 0x0
            RenderText {#text} at (11,1206) size 114x39
              text run at (11,1206) width 114: "This cell has lots of"
              text run at (11,1226) width 26: "text."
            RenderBR {BR} at (37,1241) size 0x0
          RenderTableCell {TD} at (139,0) size 243x174 [border: (1px inset #808080)] [r=0 c=1 rs=1 cs=1]
            RenderInline {SPAN} at (0,0) size 145x149
              RenderText {#text} at (11,12) size 145x149
                text run at (11,12) width 145: "Other"
                text run at (11,88) width 106: "cell."
layer at (8,376) size 784x300
  RenderBlock {DIV} at (0,368) size 784x300
    RenderTable {TABLE} at (0,0) size 384x1294 [border: (1px outset #808080)]
      RenderTableSection {TBODY} at (1,1) size 382x1292
        RenderTableRow {TR} at (0,0) size 382x1231
          RenderTableCell {TD} at (0,0) size 139x1292 [border: (1px inset #808080)] [r=0 c=0 rs=1 cs=1]
            RenderText {#text} at (11,11) size 114x39
              text run at (11,11) width 114: "This cell has lots of"
              text run at (11,31) width 26: "text."
            RenderBR {BR} at (37,46) size 0x0
            RenderText {#text} at (11,51) size 114x39
              text run at (11,51) width 114: "This cell has lots of"
              text run at (11,71) width 26: "text."
            RenderBR {BR} at (37,86) size 0x0
            RenderText {#text} at (11,91) size 114x39
              text run at (11,91) width 114: "This cell has lots of"
              text run at (11,111) width 26: "text."
            RenderBR {BR} at (37,126) size 0x0
            RenderText {#text} at (11,131) size 114x39
              text run at (11,131) width 114: "This cell has lots of"
              text run at (11,151) width 26: "text."
            RenderBR {BR} at (37,166) size 0x0
            RenderText {#text} at (11,171) size 114x39
              text run at (11,171) width 114: "This cell has lots of"
              text run at (11,191) width 26: "text."
            RenderBR {BR} at (37,206) size 0x0
            RenderText {#text} at (11,211) size 114x39
              text run at (11,211) width 114: "This cell has lots of"
              text run at (11,231) width 26: "text."
            RenderBR {BR} at (37,246) size 0x0
            RenderText {#text} at (11,251) size 114x39
              text run at (11,251) width 114: "This cell has lots of"
              text run at (11,271) width 26: "text."
            RenderBR {BR} at (37,286) size 0x0
            RenderText {#text} at (11,300) size 114x39
              text run at (11,300) width 114: "This cell has lots of"
              text run at (11,320) width 26: "text."
            RenderBR {BR} at (37,335) size 0x0
            RenderText {#text} at (11,340) size 114x39
              text run at (11,340) width 114: "This cell has lots of"
              text run at (11,360) width 26: "text."
            RenderBR {BR} at (37,375) size 0x0
            RenderText {#text} at (11,380) size 114x39
              text run at (11,380) width 114: "This cell has lots of"
              text run at (11,400) width 26: "text."
            RenderBR {BR} at (37,415) size 0x0
            RenderText {#text} at (11,420) size 114x39
              text run at (11,420) width 114: "This cell has lots of"
              text run at (11,440) width 26: "text."
            RenderBR {BR} at (37,455) size 0x0
            RenderText {#text} at (11,460) size 114x39
              text run at (11,460) width 114: "This cell has lots of"
              text run at (11,480) width 26: "text."
            RenderBR {BR} at (37,495) size 0x0
            RenderText {#text} at (11,500) size 114x39
              text run at (11,500) width 114: "This cell has lots of"
              text run at (11,520) width 26: "text."
            RenderBR {BR} at (37,535) size 0x0
            RenderText {#text} at (11,540) size 114x39
              text run at (11,540) width 114: "This cell has lots of"
              text run at (11,560) width 26: "text."
            RenderBR {BR} at (37,575) size 0x0
            RenderText {#text} at (11,580) size 114x39
              text run at (11,580) width 114: "This cell has lots of"
              text run at (11,600) width 26: "text."
            RenderBR {BR} at (37,615) size 0x0
            RenderText {#text} at (11,620) size 114x39
              text run at (11,620) width 114: "This cell has lots of"
              text run at (11,640) width 26: "text."
            RenderBR {BR} at (37,655) size 0x0
            RenderText {#text} at (11,660) size 114x39
              text run at (11,660) width 114: "This cell has lots of"
              text run at (11,680) width 26: "text."
            RenderBR {BR} at (37,695) size 0x0
            RenderText {#text} at (11,700) size 114x39
              text run at (11,700) width 114: "This cell has lots of"
              text run at (11,720) width 26: "text."
            RenderBR {BR} at (37,735) size 0x0
            RenderText {#text} at (11,740) size 114x39
              text run at (11,740) width 114: "This cell has lots of"
              text run at (11,760) width 26: "text."
            RenderBR {BR} at (37,775) size 0x0
            RenderText {#text} at (11,780) size 114x39
              text run at (11,780) width 114: "This cell has lots of"
              text run at (11,800) width 26: "text."
            RenderBR {BR} at (37,815) size 0x0
            RenderText {#text} at (11,820) size 114x39
              text run at (11,820) width 114: "This cell has lots of"
              text run at (11,840) width 26: "text."
            RenderBR {BR} at (37,855) size 0x0
            RenderText {#text} at (11,860) size 114x39
              text run at (11,860) width 114: "This cell has lots of"
              text run at (11,880) width 26: "text."
            RenderBR {BR} at (37,895) size 0x0
            RenderText {#text} at (11,900) size 114x39
              text run at (11,900) width 114: "This cell has lots of"
              text run at (11,920) width 26: "text."
            RenderBR {BR} at (37,935) size 0x0
            RenderText {#text} at (11,940) size 114x39
              text run at (11,940) width 114: "This cell has lots of"
              text run at (11,960) width 26: "text."
            RenderBR {BR} at (37,975) size 0x0
            RenderText {#text} at (11,980) size 114x39
              text run at (11,980) width 114: "This cell has lots of"
              text run at (11,1000) width 26: "text."
            RenderBR {BR} at (37,1015) size 0x0
            RenderText {#text} at (11,1020) size 114x39
              text run at (11,1020) width 114: "This cell has lots of"
              text run at (11,1040) width 26: "text."
            RenderBR {BR} at (37,1055) size 0x0
            RenderText {#text} at (11,1060) size 114x39
              text run at (11,1060) width 114: "This cell has lots of"
              text run at (11,1080) width 26: "text."
            RenderBR {BR} at (37,1095) size 0x0
            RenderText {#text} at (11,1100) size 114x39
              text run at (11,1100) width 114: "This cell has lots of"
              text run at (11,1120) width 26: "text."
            RenderBR {BR} at (37,1135) size 0x0
            RenderText {#text} at (11,1140) size 114x39
              text run at (11,1140) width 114: "This cell has lots of"
              text run at (11,1160) width 26: "text."
            RenderBR {BR} at (37,1175) size 0x0
            RenderText {#text} at (11,1180) size 114x39
              text run at (11,1180) width 114: "This cell has lots of"
              text run at (11,1200) width 26: "text."
            RenderBR {BR} at (37,1215) size 0x0
          RenderTableCell {TD} at (139,528) size 243x235 [border: (1px inset #808080)] [r=0 c=1 rs=1 cs=1]
            RenderInline {SPAN} at (0,0) size 145x149
              RenderText {#text} at (11,73) size 145x149
                text run at (11,73) width 145: "Other"
                text run at (11,149) width 106: "cell."
layer at (8,702) size 784x300
  RenderBlock {DIV} at (0,694) size 784x300
    RenderTable {TABLE} at (0,0) size 384x1289 [border: (1px outset #808080)]
      RenderTableSection {TBODY} at (1,1) size 382x1287
        RenderTableRow {TR} at (0,0) size 382x1231
          RenderTableCell {TD} at (0,0) size 139x1287 [border: (1px inset #808080)] [r=0 c=0 rs=1 cs=1]
            RenderText {#text} at (11,11) size 114x40
              text run at (11,11) width 114: "This cell has lots of"
              text run at (11,31) width 26: "text."
            RenderBR {BR} at (37,46) size 0x0
            RenderText {#text} at (11,51) size 114x40
              text run at (11,51) width 114: "This cell has lots of"
              text run at (11,71) width 26: "text."
            RenderBR {BR} at (37,86) size 0x0
            RenderText {#text} at (11,91) size 114x40
              text run at (11,91) width 114: "This cell has lots of"
              text run at (11,111) width 26: "text."
            RenderBR {BR} at (37,126) size 0x0
            RenderText {#text} at (11,131) size 114x40
              text run at (11,131) width 114: "This cell has lots of"
              text run at (11,151) width 26: "text."
            RenderBR {BR} at (37,166) size 0x0
            RenderText {#text} at (11,171) size 114x40
              text run at (11,171) width 114: "This cell has lots of"
              text run at (11,191) width 26: "text."
            RenderBR {BR} at (37,206) size 0x0
            RenderText {#text} at (11,211) size 114x40
              text run at (11,211) width 114: "This cell has lots of"
              text run at (11,231) width 26: "text."
            RenderBR {BR} at (37,246) size 0x0
            RenderText {#text} at (11,251) size 114x40
              text run at (11,251) width 114: "This cell has lots of"
              text run at (11,271) width 26: "text."
            RenderBR {BR} at (37,286) size 0x0
            RenderText {#text} at (11,300) size 114x40
              text run at (11,300) width 114: "This cell has lots of"
              text run at (11,320) width 26: "text."
            RenderBR {BR} at (37,335) size 0x0
            RenderText {#text} at (11,340) size 114x40
              text run at (11,340) width 114: "This cell has lots of"
              text run at (11,360) width 26: "text."
            RenderBR {BR} at (37,375) size 0x0
            RenderText {#text} at (11,380) size 114x40
              text run at (11,380) width 114: "This cell has lots of"
              text run at (11,400) width 26: "text."
            RenderBR {BR} at (37,415) size 0x0
            RenderText {#text} at (11,420) size 114x40
              text run at (11,420) width 114: "This cell has lots of"
              text run at (11,440) width 26: "text."
            RenderBR {BR} at (37,455) size 0x0
            RenderText {#text} at (11,460) size 114x40
              text run at (11,460) width 114: "This cell has lots of"
              text run at (11,480) width 26: "text."
            RenderBR {BR} at (37,495) size 0x0
            RenderText {#text} at (11,500) size 114x40
              text run at (11,500) width 114: "This cell has lots of"
              text run at (11,520) width 26: "text."
            RenderBR {BR} at (37,535) size 0x0
            RenderText {#text} at (11,540) size 114x40
              text run at (11,540) width 114: "This cell has lots of"
              text run at (11,560) width 26: "text."
            RenderBR {BR} at (37,575) size 0x0
            RenderText {#text} at (11,580) size 114x40
              text run at (11,580) width 114: "This cell has lots of"
              text run at (11,600) width 26: "text."
            RenderBR {BR} at (37,615) size 0x0
            RenderText {#text} at (11,620) size 114x40
              text run at (11,620) width 114: "This cell has lots of"
              text run at (11,640) width 26: "text."
            RenderBR {BR} at (37,655) size 0x0
            RenderText {#text} at (11,660) size 114x40
              text run at (11,660) width 114: "This cell has lots of"
              text run at (11,680) width 26: "text."
            RenderBR {BR} at (37,695) size 0x0
            RenderText {#text} at (11,700) size 114x40
              text run at (11,700) width 114: "This cell has lots of"
              text run at (11,720) width 26: "text."
            RenderBR {BR} at (37,735) size 0x0
            RenderText {#text} at (11,740) size 114x40
              text run at (11,740) width 114: "This cell has lots of"
              text run at (11,760) width 26: "text."
            RenderBR {BR} at (37,775) size 0x0
            RenderText {#text} at (11,780) size 114x40
              text run at (11,780) width 114: "This cell has lots of"
              text run at (11,800) width 26: "text."
            RenderBR {BR} at (37,815) size 0x0
            RenderText {#text} at (11,820) size 114x40
              text run at (11,820) width 114: "This cell has lots of"
              text run at (11,840) width 26: "text."
            RenderBR {BR} at (37,855) size 0x0
            RenderText {#text} at (11,860) size 114x40
              text run at (11,860) width 114: "This cell has lots of"
              text run at (11,880) width 26: "text."
            RenderBR {BR} at (37,895) size 0x0
            RenderText {#text} at (11,900) size 114x40
              text run at (11,900) width 114: "This cell has lots of"
              text run at (11,920) width 26: "text."
            RenderBR {BR} at (37,935) size 0x0
            RenderText {#text} at (11,940) size 114x40
              text run at (11,940) width 114: "This cell has lots of"
              text run at (11,960) width 26: "text."
            RenderBR {BR} at (37,975) size 0x0
            RenderText {#text} at (11,980) size 114x40
              text run at (11,980) width 114: "This cell has lots of"
              text run at (11,1000) width 26: "text."
            RenderBR {BR} at (37,1015) size 0x0
            RenderText {#text} at (11,1020) size 114x40
              text run at (11,1020) width 114: "This cell has lots of"
              text run at (11,1040) width 26: "text."
            RenderBR {BR} at (37,1055) size 0x0
            RenderText {#text} at (11,1060) size 114x40
              text run at (11,1060) width 114: "This cell has lots of"
              text run at (11,1080) width 26: "text."
            RenderBR {BR} at (37,1095) size 0x0
            RenderText {#text} at (11,1100) size 114x40
              text run at (11,1100) width 114: "This cell has lots of"
              text run at (11,1120) width 26: "text."
            RenderBR {BR} at (37,1135) size 0x0
            RenderText {#text} at (11,1140) size 114x40
              text run at (11,1140) width 114: "This cell has lots of"
              text run at (11,1160) width 26: "text."
            RenderBR {BR} at (37,1175) size 0x0
            RenderText {#text} at (11,1180) size 114x40
              text run at (11,1180) width 114: "This cell has lots of"
              text run at (11,1200) width 26: "text."
            RenderBR {BR} at (37,1215) size 0x0
          RenderTableCell {TD} at (139,1057) size 243x230 [border: (1px inset #808080)] [r=0 c=1 rs=1 cs=1]
            RenderInline {SPAN} at (0,0) size 145x205
              RenderText {#text} at (11,12) size 145x205
                text run at (11,12) width 145: "Other"
                text run at (11,144) width 106: "cell."
