layer at (0,0) size 785x7106
  RenderView at (0,0) size 785x600
layer at (0,0) size 785x7106
  RenderBlock {HTML} at (0,0) size 785x7106
    RenderBody {BODY} at (8,8) size 769x7082
      RenderBlock {P} at (0,0) size 769x18
        RenderText {#text} at (0,0) size 300x18
          text run at (0,0) width 300: "Tests the resolved level of runs of neutral types."
      RenderBlock {DIV} at (0,34) size 769x3516
        RenderBlock {P} at (0,0) size 769x18
          RenderText {#text} at (0,0) size 43x18
            text run at (0,0) width 43: "ab(^cd"
        RenderBlock {P} at (0,34) size 769x19
          RenderText {#text} at (0,1) size 48x18
            text run at (0,1) width 20 RTL: "\x{5D0}\x{5D1}"
            text run at (19,1) width 29: "(^cd"
        RenderBlock {P} at (0,69) size 769x28
          RenderText {#text} at (0,2) size 43x18
            text run at (0,2) width 15 RTL: "\x{627}\x{628}"
            text run at (15,2) width 28: "(^cd"
        RenderBlock {P} at (0,113) size 769x18
          RenderText {#text} at (0,0) size 59x18
            text run at (0,0) width 59: "ab12(^cd"
        RenderBlock {P} at (0,147) size 769x19
          RenderText {#text} at (0,1) size 64x18
            text run at (0,1) width 16: "12"
            text run at (16,1) width 20 RTL: "\x{5D0}\x{5D1}"
            text run at (35,1) width 29: "(^cd"
        RenderBlock {P} at (0,182) size 769x28
          RenderText {#text} at (0,2) size 59x18
            text run at (0,2) width 16: "12"
            text run at (16,2) width 15 RTL: "\x{627}\x{628}"
            text run at (31,2) width 28: "(^cd"
        RenderBlock {P} at (0,226) size 769x28
          RenderText {#text} at (0,2) size 59x18
            text run at (0,2) width 15: "ab"
            text run at (15,2) width 16: "\x{661}\x{662}"
            text run at (31,2) width 28: "(^cd"
        RenderBlock {P} at (0,270) size 769x28
          RenderText {#text} at (0,2) size 64x18
            text run at (0,2) width 16: "\x{661}\x{662}"
            text run at (16,2) width 20 RTL: "\x{5D0}\x{5D1}"
            text run at (35,2) width 29: "(^cd"
        RenderBlock {P} at (0,314) size 769x28
          RenderText {#text} at (0,2) size 59x18
            text run at (0,2) width 16: "\x{661}\x{662}"
            text run at (16,2) width 15 RTL: "\x{627}\x{628}"
            text run at (31,2) width 28: "(^cd"
        RenderBlock {P} at (0,358) size 769x18
          RenderText {#text} at (0,0) size 35x18
            text run at (0,0) width 7: "\x{202A}?"
            text run at (7,0) width 28: "\x{202C}(^cd"
        RenderBlock {P} at (0,392) size 769x18
          RenderText {#text} at (0,0) size 35x18
            text run at (0,0) width 7 RTL: "\x{202B}?"
            text run at (7,0) width 28: "\x{202C}(^cd"
        RenderBlock {P} at (0,426) size 769x19
          RenderText {#text} at (0,1) size 43x18
            text run at (0,1) width 28: "ab(^"
            text run at (28,1) width 15 RTL: "\x{5D2}\x{5D3}"
        RenderBlock {P} at (0,461) size 769x19
          RenderText {#text} at (0,1) size 48x18
            text run at (0,1) width 48 RTL: "\x{5D0}\x{5D1}(^\x{5D2}\x{5D3}"
        RenderBlock {P} at (0,496) size 769x28
          RenderText {#text} at (0,2) size 43x18
            text run at (0,2) width 43 RTL: "\x{627}\x{628}(^\x{5D2}\x{5D3}"
        RenderBlock {P} at (0,540) size 769x19
          RenderText {#text} at (0,1) size 59x18
            text run at (0,1) width 44: "ab12(^"
            text run at (44,1) width 15 RTL: "\x{5D2}\x{5D3}"
        RenderBlock {P} at (0,575) size 769x19
          RenderText {#text} at (0,1) size 64x18
            text run at (0,1) width 28 RTL: "(^\x{5D2}\x{5D3}"
            text run at (27,1) width 17: "12"
            text run at (43,1) width 21 RTL: "\x{5D0}\x{5D1}"
        RenderBlock {P} at (0,610) size 769x28
          RenderText {#text} at (0,2) size 59x18
            text run at (0,2) width 28 RTL: "(^\x{5D2}\x{5D3}"
            text run at (27,2) width 17: "12"
            text run at (43,2) width 16 RTL: "\x{627}\x{628}"
        RenderBlock {P} at (0,654) size 769x28
          RenderText {#text} at (0,2) size 59x18
            text run at (0,2) width 15: "ab"
            text run at (15,2) width 28 RTL: "(^\x{5D2}\x{5D3}"
            text run at (42,2) width 17: "\x{661}\x{662}"
        RenderBlock {P} at (0,698) size 769x28
          RenderText {#text} at (0,2) size 64x18
            text run at (0,2) width 28 RTL: "(^\x{5D2}\x{5D3}"
            text run at (27,2) width 17: "\x{661}\x{662}"
            text run at (43,2) width 21 RTL: "\x{5D0}\x{5D1}"
        RenderBlock {P} at (0,742) size 769x28
          RenderText {#text} at (0,2) size 59x18
            text run at (0,2) width 28 RTL: "(^\x{5D2}\x{5D3}"
            text run at (27,2) width 17: "\x{661}\x{662}"
            text run at (43,2) width 16 RTL: "\x{627}\x{628}"
        RenderBlock {P} at (0,786) size 769x19
          RenderText {#text} at (0,1) size 35x18
            text run at (0,1) width 7: "\x{202A}?"
            text run at (7,1) width 13: "\x{202C}(^"
            text run at (20,1) width 15 RTL: "\x{5D2}\x{5D3}"
        RenderBlock {P} at (0,821) size 769x19
          RenderText {#text} at (0,1) size 35x18
            text run at (0,1) width 28 RTL: "\x{202C}(^\x{5D2}\x{5D3}"
            text run at (27,1) width 8 RTL: "\x{202B}?"
        RenderBlock {P} at (0,856) size 769x28
          RenderText {#text} at (0,2) size 45x18
            text run at (0,2) width 28: "ab(^"
            text run at (28,2) width 17 RTL: "\x{62C}\x{62F}"
        RenderBlock {P} at (0,900) size 769x28
          RenderText {#text} at (0,2) size 50x18
            text run at (0,2) width 50 RTL: "\x{5D0}\x{5D1}(^\x{62C}\x{62F}"
        RenderBlock {P} at (0,944) size 769x28
          RenderText {#text} at (0,2) size 45x18
            text run at (0,2) width 45 RTL: "\x{627}\x{628}(^\x{62C}\x{62F}"
        RenderBlock {P} at (0,988) size 769x28
          RenderText {#text} at (0,2) size 61x18
            text run at (0,2) width 44: "ab12(^"
            text run at (44,2) width 17 RTL: "\x{62C}\x{62F}"
        RenderBlock {P} at (0,1032) size 769x28
          RenderText {#text} at (0,2) size 66x18
            text run at (0,2) width 30 RTL: "(^\x{62C}\x{62F}"
            text run at (30,2) width 16: "12"
            text run at (46,2) width 20 RTL: "\x{5D0}\x{5D1}"
        RenderBlock {P} at (0,1076) size 769x28
          RenderText {#text} at (0,2) size 61x18
            text run at (0,2) width 30 RTL: "(^\x{62C}\x{62F}"
            text run at (30,2) width 16: "12"
            text run at (46,2) width 15 RTL: "\x{627}\x{628}"
        RenderBlock {P} at (0,1120) size 769x28
          RenderText {#text} at (0,2) size 61x18
            text run at (0,2) width 15: "ab"
            text run at (15,2) width 30 RTL: "(^\x{62C}\x{62F}"
            text run at (45,2) width 16: "\x{661}\x{662}"
        RenderBlock {P} at (0,1164) size 769x28
          RenderText {#text} at (0,2) size 66x18
            text run at (0,2) width 30 RTL: "(^\x{62C}\x{62F}"
            text run at (30,2) width 16: "\x{661}\x{662}"
            text run at (46,2) width 20 RTL: "\x{5D0}\x{5D1}"
        RenderBlock {P} at (0,1208) size 769x28
          RenderText {#text} at (0,2) size 61x18
            text run at (0,2) width 30 RTL: "(^\x{62C}\x{62F}"
            text run at (30,2) width 16: "\x{661}\x{662}"
            text run at (46,2) width 15 RTL: "\x{627}\x{628}"
        RenderBlock {P} at (0,1252) size 769x28
          RenderText {#text} at (0,2) size 37x18
            text run at (0,2) width 7: "\x{202A}?"
            text run at (7,2) width 13: "\x{202C}(^"
            text run at (20,2) width 17 RTL: "\x{62C}\x{62F}"
        RenderBlock {P} at (0,1296) size 769x28
          RenderText {#text} at (0,2) size 37x18
            text run at (0,2) width 30 RTL: "\x{202C}(^\x{62C}\x{62F}"
            text run at (30,2) width 7 RTL: "\x{202B}?"
        RenderBlock {P} at (0,1340) size 769x19
          RenderText {#text} at (0,1) size 63x18
            text run at (0,1) width 44: "ab(^34"
            text run at (44,1) width 12 RTL: "\x{5E9}"
            text run at (55,1) width 8: "z"
        RenderBlock {P} at (0,1375) size 769x19
          RenderText {#text} at (0,1) size 67x18
            text run at (0,1) width 12 RTL: "\x{5E9}"
            text run at (11,1) width 17: "34"
            text run at (27,1) width 33 RTL: "\x{5D0}\x{5D1}(^"
            text run at (59,1) width 8: "z"
        RenderBlock {P} at (0,1410) size 769x28
          RenderText {#text} at (0,2) size 63x18
            text run at (0,2) width 12 RTL: "\x{5E9}"
            text run at (11,2) width 17: "34"
            text run at (27,2) width 29 RTL: "\x{627}\x{628}(^"
            text run at (55,2) width 8: "z"
        RenderBlock {P} at (0,1454) size 769x19
          RenderText {#text} at (0,1) size 79x18
            text run at (0,1) width 60: "ab12(^34"
            text run at (60,1) width 12 RTL: "\x{5E9}"
            text run at (71,1) width 8: "z"
        RenderBlock {P} at (0,1489) size 769x19
          RenderText {#text} at (0,1) size 83x18
            text run at (0,1) width 12 RTL: "\x{5E9}"
            text run at (11,1) width 17: "34"
            text run at (27,1) width 14 RTL: "(^"
            text run at (40,1) width 17: "12"
            text run at (56,1) width 20 RTL: "\x{5D0}\x{5D1}"
            text run at (75,1) width 8: "z"
        RenderBlock {P} at (0,1524) size 769x28
          RenderText {#text} at (0,2) size 79x18
            text run at (0,2) width 12 RTL: "\x{5E9}"
            text run at (11,2) width 17: "34"
            text run at (27,2) width 14 RTL: "(^"
            text run at (40,2) width 17: "12"
            text run at (56,2) width 16 RTL: "\x{627}\x{628}"
            text run at (71,2) width 8: "z"
        RenderBlock {P} at (0,1568) size 769x28
          RenderText {#text} at (0,2) size 79x18
            text run at (0,2) width 15: "ab"
            text run at (15,2) width 16: "\x{661}\x{662}"
            text run at (31,2) width 29: "(^34"
            text run at (60,2) width 12 RTL: "\x{5E9}"
            text run at (71,2) width 8: "z"
        RenderBlock {P} at (0,1612) size 769x28
          RenderText {#text} at (0,2) size 83x18
            text run at (0,2) width 12 RTL: "\x{5E9}"
            text run at (11,2) width 17: "34"
            text run at (27,2) width 14 RTL: "(^"
            text run at (40,2) width 17: "\x{661}\x{662}"
            text run at (56,2) width 20 RTL: "\x{5D0}\x{5D1}"
            text run at (75,2) width 8: "z"
        RenderBlock {P} at (0,1656) size 769x28
          RenderText {#text} at (0,2) size 79x18
            text run at (0,2) width 12 RTL: "\x{5E9}"
            text run at (11,2) width 17: "34"
            text run at (27,2) width 14 RTL: "(^"
            text run at (40,2) width 17: "\x{661}\x{662}"
            text run at (56,2) width 16 RTL: "\x{627}\x{628}"
            text run at (71,2) width 8: "z"
        RenderBlock {P} at (0,1700) size 769x19
          RenderText {#text} at (0,1) size 55x18
            text run at (0,1) width 7: "\x{202A}?"
            text run at (7,1) width 29: "\x{202C}(^34"
            text run at (36,1) width 12 RTL: "\x{5E9}"
            text run at (47,1) width 8: "z"
        RenderBlock {P} at (0,1735) size 769x19
          RenderText {#text} at (0,1) size 55x18
            text run at (0,1) width 12 RTL: "\x{5E9}"
            text run at (11,1) width 17: "34"
            text run at (27,1) width 14 RTL: "\x{202C}(^"
            text run at (40,1) width 8 RTL: "\x{202B}?"
            text run at (47,1) width 8: "z"
        RenderBlock {P} at (0,1770) size 769x28
          RenderText {#text} at (0,2) size 63x18
            text run at (0,2) width 28: "ab(^"
            text run at (28,2) width 12 RTL: "\x{5E9}"
            text run at (39,2) width 17: "\x{663}\x{664}"
            text run at (55,2) width 8: "z"
        RenderBlock {P} at (0,1814) size 769x28
          RenderText {#text} at (0,2) size 67x18
            text run at (0,2) width 12 RTL: "\x{5E9}"
            text run at (11,2) width 17: "\x{663}\x{664}"
            text run at (27,2) width 33 RTL: "\x{5D0}\x{5D1}(^"
            text run at (59,2) width 8: "z"
        RenderBlock {P} at (0,1858) size 769x28
          RenderText {#text} at (0,2) size 63x18
            text run at (0,2) width 12 RTL: "\x{5E9}"
            text run at (11,2) width 17: "\x{663}\x{664}"
            text run at (27,2) width 29 RTL: "\x{627}\x{628}(^"
            text run at (55,2) width 8: "z"
        RenderBlock {P} at (0,1902) size 769x28
          RenderText {#text} at (0,2) size 79x18
            text run at (0,2) width 44: "ab12(^"
            text run at (44,2) width 12 RTL: "\x{5E9}"
            text run at (55,2) width 17: "\x{663}\x{664}"
            text run at (71,2) width 8: "z"
        RenderBlock {P} at (0,1946) size 769x28
          RenderText {#text} at (0,2) size 83x18
            text run at (0,2) width 12 RTL: "\x{5E9}"
            text run at (11,2) width 17: "\x{663}\x{664}"
            text run at (27,2) width 14 RTL: "(^"
            text run at (40,2) width 17: "12"
            text run at (56,2) width 20 RTL: "\x{5D0}\x{5D1}"
            text run at (75,2) width 8: "z"
        RenderBlock {P} at (0,1990) size 769x28
          RenderText {#text} at (0,2) size 79x18
            text run at (0,2) width 12 RTL: "\x{5E9}"
            text run at (11,2) width 17: "\x{663}\x{664}"
            text run at (27,2) width 14 RTL: "(^"
            text run at (40,2) width 17: "12"
            text run at (56,2) width 16 RTL: "\x{627}\x{628}"
            text run at (71,2) width 8: "z"
        RenderBlock {P} at (0,2034) size 769x28
          RenderText {#text} at (0,2) size 79x18
            text run at (0,2) width 15: "ab"
            text run at (15,2) width 12 RTL: "\x{5E9}"
            text run at (26,2) width 17: "\x{663}\x{664}"
            text run at (42,2) width 14 RTL: "(^"
            text run at (55,2) width 17: "\x{661}\x{662}"
            text run at (71,2) width 8: "z"
        RenderBlock {P} at (0,2078) size 769x28
          RenderText {#text} at (0,2) size 83x18
            text run at (0,2) width 12 RTL: "\x{5E9}"
            text run at (11,2) width 17: "\x{663}\x{664}"
            text run at (27,2) width 14 RTL: "(^"
            text run at (40,2) width 17: "\x{661}\x{662}"
            text run at (56,2) width 20 RTL: "\x{5D0}\x{5D1}"
            text run at (75,2) width 8: "z"
        RenderBlock {P} at (0,2122) size 769x28
          RenderText {#text} at (0,2) size 79x18
            text run at (0,2) width 12 RTL: "\x{5E9}"
            text run at (11,2) width 17: "\x{663}\x{664}"
            text run at (27,2) width 14 RTL: "(^"
            text run at (40,2) width 17: "\x{661}\x{662}"
            text run at (56,2) width 16 RTL: "\x{627}\x{628}"
            text run at (71,2) width 8: "z"
        RenderBlock {P} at (0,2166) size 769x28
          RenderText {#text} at (0,2) size 55x18
            text run at (0,2) width 7: "\x{202A}?"
            text run at (7,2) width 13: "\x{202C}(^"
            text run at (20,2) width 12 RTL: "\x{5E9}"
            text run at (31,2) width 17: "\x{663}\x{664}"
            text run at (47,2) width 8: "z"
        RenderBlock {P} at (0,2210) size 769x28
          RenderText {#text} at (0,2) size 55x18
            text run at (0,2) width 12 RTL: "\x{5E9}"
            text run at (11,2) width 17: "\x{663}\x{664}"
            text run at (27,2) width 14 RTL: "\x{202C}(^"
            text run at (40,2) width 8 RTL: "\x{202B}?"
            text run at (47,2) width 8: "z"
        RenderBlock {P} at (0,2254) size 769x18
          RenderText {#text} at (0,0) size 33x18
            text run at (0,0) width 28: "ab(^"
            text run at (28,0) width 5: "\x{202A}!"
            text run at (33,0) width 0: "\x{202C}"
        RenderBlock {P} at (0,2288) size 769x19
          RenderText {#text} at (0,1) size 38x18
            text run at (0,1) width 20 RTL: "\x{5D0}\x{5D1}"
            text run at (19,1) width 14: "(^"
            text run at (32,1) width 6: "\x{202A}!"
            text run at (37,1) width 1: "\x{202C}"
        RenderBlock {P} at (0,2323) size 769x28
          RenderText {#text} at (0,2) size 33x18
            text run at (0,2) width 15 RTL: "\x{627}\x{628}"
            text run at (15,2) width 13: "(^"
            text run at (28,2) width 5: "\x{202A}!"
            text run at (33,2) width 0: "\x{202C}"
        RenderBlock {P} at (0,2367) size 769x18
          RenderText {#text} at (0,0) size 49x18
            text run at (0,0) width 44: "ab12(^"
            text run at (44,0) width 5: "\x{202A}!"
            text run at (49,0) width 0: "\x{202C}"
        RenderBlock {P} at (0,2401) size 769x19
          RenderText {#text} at (0,1) size 54x18
            text run at (0,1) width 16: "12"
            text run at (16,1) width 20 RTL: "\x{5D0}\x{5D1}"
            text run at (35,1) width 14: "(^"
            text run at (48,1) width 6: "\x{202A}!"
            text run at (53,1) width 1: "\x{202C}"
        RenderBlock {P} at (0,2436) size 769x28
          RenderText {#text} at (0,2) size 49x18
            text run at (0,2) width 16: "12"
            text run at (16,2) width 15 RTL: "\x{627}\x{628}"
            text run at (31,2) width 13: "(^"
            text run at (44,2) width 5: "\x{202A}!"
            text run at (49,2) width 0: "\x{202C}"
        RenderBlock {P} at (0,2480) size 769x28
          RenderText {#text} at (0,2) size 49x18
            text run at (0,2) width 15: "ab"
            text run at (15,2) width 16: "\x{661}\x{662}"
            text run at (31,2) width 13: "(^"
            text run at (44,2) width 5: "\x{202A}!"
            text run at (49,2) width 0: "\x{202C}"
        RenderBlock {P} at (0,2524) size 769x28
          RenderText {#text} at (0,2) size 54x18
            text run at (0,2) width 16: "\x{661}\x{662}"
            text run at (16,2) width 20 RTL: "\x{5D0}\x{5D1}"
            text run at (35,2) width 14: "(^"
            text run at (48,2) width 6: "\x{202A}!"
            text run at (53,2) width 1: "\x{202C}"
        RenderBlock {P} at (0,2568) size 769x28
          RenderText {#text} at (0,2) size 49x18
            text run at (0,2) width 16: "\x{661}\x{662}"
            text run at (16,2) width 15 RTL: "\x{627}\x{628}"
            text run at (31,2) width 13: "(^"
            text run at (44,2) width 5: "\x{202A}!"
            text run at (49,2) width 0: "\x{202C}"
        RenderBlock {P} at (0,2612) size 769x18
          RenderText {#text} at (0,0) size 25x18
            text run at (0,0) width 7: "\x{202A}?"
            text run at (7,0) width 13: "\x{202C}(^"
            text run at (20,0) width 5: "\x{202A}!"
            text run at (25,0) width 0: "\x{202C}"
        RenderBlock {P} at (0,2646) size 769x18
          RenderText {#text} at (0,0) size 25x18
            text run at (0,0) width 7 RTL: "\x{202B}?"
            text run at (7,0) width 13: "\x{202C}(^"
            text run at (20,0) width 5: "\x{202A}!"
            text run at (25,0) width 0: "\x{202C}"
        RenderBlock {P} at (0,2680) size 769x18
          RenderText {#text} at (0,0) size 33x18
            text run at (0,0) width 28: "ab(^"
            text run at (28,0) width 5 RTL: "\x{202B}!"
            text run at (33,0) width 0: "\x{202C}"
        RenderBlock {P} at (0,2714) size 769x19
          RenderText {#text} at (0,1) size 38x18
            text run at (0,1) width 5 RTL: "\x{202B}!"
            text run at (5,1) width 33 RTL: "\x{5D0}\x{5D1}(^"
            text run at (37,1) width 1: "\x{202C}"
        RenderBlock {P} at (0,2749) size 769x28
          RenderText {#text} at (0,2) size 33x18
            text run at (0,2) width 5 RTL: "\x{202B}!"
            text run at (5,2) width 28 RTL: "\x{627}\x{628}(^"
            text run at (33,2) width 0: "\x{202C}"
        RenderBlock {P} at (0,2793) size 769x18
          RenderText {#text} at (0,0) size 49x18
            text run at (0,0) width 44: "ab12(^"
            text run at (44,0) width 5 RTL: "\x{202B}!"
            text run at (49,0) width 0: "\x{202C}"
        RenderBlock {P} at (0,2827) size 769x19
          RenderText {#text} at (0,1) size 54x18
            text run at (0,1) width 5 RTL: "\x{202B}!"
            text run at (5,1) width 13 RTL: "(^"
            text run at (18,1) width 16: "12"
            text run at (34,1) width 20 RTL: "\x{5D0}\x{5D1}"
            text run at (53,1) width 1: "\x{202C}"
        RenderBlock {P} at (0,2862) size 769x28
          RenderText {#text} at (0,2) size 49x18
            text run at (0,2) width 5 RTL: "\x{202B}!"
            text run at (5,2) width 13 RTL: "(^"
            text run at (18,2) width 16: "12"
            text run at (34,2) width 15 RTL: "\x{627}\x{628}"
            text run at (49,2) width 0: "\x{202C}"
        RenderBlock {P} at (0,2906) size 769x28
          RenderText {#text} at (0,2) size 49x18
            text run at (0,2) width 15: "ab"
            text run at (15,2) width 5 RTL: "\x{202B}!"
            text run at (20,2) width 13 RTL: "(^"
            text run at (33,2) width 16: "\x{661}\x{662}"
            text run at (49,2) width 0: "\x{202C}"
        RenderBlock {P} at (0,2950) size 769x28
          RenderText {#text} at (0,2) size 54x18
            text run at (0,2) width 5 RTL: "\x{202B}!"
            text run at (5,2) width 13 RTL: "(^"
            text run at (18,2) width 16: "\x{661}\x{662}"
            text run at (34,2) width 20 RTL: "\x{5D0}\x{5D1}"
            text run at (53,2) width 1: "\x{202C}"
        RenderBlock {P} at (0,2994) size 769x28
          RenderText {#text} at (0,2) size 49x18
            text run at (0,2) width 5 RTL: "\x{202B}!"
            text run at (5,2) width 13 RTL: "(^"
            text run at (18,2) width 16: "\x{661}\x{662}"
            text run at (34,2) width 15 RTL: "\x{627}\x{628}"
            text run at (49,2) width 0: "\x{202C}"
        RenderBlock {P} at (0,3038) size 769x18
          RenderText {#text} at (0,0) size 25x18
            text run at (0,0) width 7: "\x{202A}?"
            text run at (7,0) width 13: "\x{202C}(^"
            text run at (20,0) width 5 RTL: "\x{202B}!"
            text run at (25,0) width 0: "\x{202C}"
        RenderBlock {P} at (0,3072) size 769x18
          RenderText {#text} at (0,0) size 25x18
            text run at (0,0) width 5 RTL: "\x{202B}!"
            text run at (5,0) width 13 RTL: "\x{202C}(^"
            text run at (18,0) width 7 RTL: "\x{202B}?"
            text run at (25,0) width 0: "\x{202C}"
        RenderBlock {P} at (0,3106) size 769x18
          RenderText {#text} at (0,0) size 28x18
            text run at (0,0) width 28: "\x{202A}ab(^"
            text run at (28,0) width 0: "\x{202C}"
        RenderBlock {P} at (0,3140) size 769x19
          RenderText {#text} at (0,1) size 33x18
            text run at (0,1) width 20 RTL: "\x{202A}\x{5D0}\x{5D1}"
            text run at (19,1) width 14: "(^"
            text run at (32,1) width 1: "\x{202C}"
        RenderBlock {P} at (0,3175) size 769x28
          RenderText {#text} at (0,2) size 28x18
            text run at (0,2) width 15 RTL: "\x{202A}\x{627}\x{628}"
            text run at (15,2) width 13: "(^"
            text run at (28,2) width 0: "\x{202C}"
        RenderBlock {P} at (0,3219) size 769x18
          RenderText {#text} at (0,0) size 44x18
            text run at (0,0) width 44: "\x{202A}ab12(^"
            text run at (44,0) width 0: "\x{202C}"
        RenderBlock {P} at (0,3253) size 769x19
          RenderText {#text} at (0,1) size 49x18
            text run at (0,1) width 16: "12"
            text run at (16,1) width 20 RTL: "\x{202A}\x{5D0}\x{5D1}"
            text run at (35,1) width 14: "(^"
            text run at (48,1) width 1: "\x{202C}"
        RenderBlock {P} at (0,3288) size 769x28
          RenderText {#text} at (0,2) size 44x18
            text run at (0,2) width 16: "12"
            text run at (16,2) width 15 RTL: "\x{202A}\x{627}\x{628}"
            text run at (31,2) width 13: "(^"
            text run at (44,2) width 0: "\x{202C}"
        RenderBlock {P} at (0,3332) size 769x28
          RenderText {#text} at (0,2) size 44x18
            text run at (0,2) width 15: "\x{202A}ab"
            text run at (15,2) width 16: "\x{661}\x{662}"
            text run at (31,2) width 13: "(^"
            text run at (44,2) width 0: "\x{202C}"
        RenderBlock {P} at (0,3376) size 769x28
          RenderText {#text} at (0,2) size 49x18
            text run at (0,2) width 16: "\x{661}\x{662}"
            text run at (16,2) width 20 RTL: "\x{202A}\x{5D0}\x{5D1}"
            text run at (35,2) width 14: "(^"
            text run at (48,2) width 1: "\x{202C}"
        RenderBlock {P} at (0,3420) size 769x28
          RenderText {#text} at (0,2) size 44x18
            text run at (0,2) width 16: "\x{661}\x{662}"
            text run at (16,2) width 15 RTL: "\x{202A}\x{627}\x{628}"
            text run at (31,2) width 13: "(^"
            text run at (44,2) width 0: "\x{202C}"
        RenderBlock {P} at (0,3464) size 769x18
          RenderText {#text} at (0,0) size 20x18
            text run at (0,0) width 0: "\x{202A}"
            text run at (0,0) width 7: "\x{202A}?"
            text run at (7,0) width 13: "\x{202C}(^"
            text run at (20,0) width 0: "\x{202C}"
        RenderBlock {P} at (0,3498) size 769x18
          RenderText {#text} at (0,0) size 20x18
            text run at (0,0) width 0: "\x{202A}"
            text run at (0,0) width 7 RTL: "\x{202B}?"
            text run at (7,0) width 13: "\x{202C}(^"
            text run at (20,0) width 0: "\x{202C}"
      RenderBlock {DIV} at (0,3566) size 769x3516
        RenderBlock {P} at (0,0) size 769x18
          RenderText {#text} at (0,0) size 43x18
            text run at (0,0) width 43: "ab(^cd"
        RenderBlock {P} at (0,34) size 769x19
          RenderText {#text} at (0,1) size 48x18
            text run at (0,1) width 15: "cd"
            text run at (15,1) width 33 RTL: "\x{5D0}\x{5D1}(^"
        RenderBlock {P} at (0,69) size 769x28
          RenderText {#text} at (0,2) size 43x18
            text run at (0,2) width 15: "cd"
            text run at (15,2) width 28 RTL: "\x{627}\x{628}(^"
        RenderBlock {P} at (0,113) size 769x18
          RenderText {#text} at (0,0) size 59x18
            text run at (0,0) width 59: "ab12(^cd"
        RenderBlock {P} at (0,147) size 769x19
          RenderText {#text} at (0,1) size 64x18
            text run at (0,1) width 15: "cd"
            text run at (15,1) width 13 RTL: "(^"
            text run at (28,1) width 16: "12"
            text run at (44,1) width 20 RTL: "\x{5D0}\x{5D1}"
        RenderBlock {P} at (0,182) size 769x28
          RenderText {#text} at (0,2) size 59x18
            text run at (0,2) width 15: "cd"
            text run at (15,2) width 13 RTL: "(^"
            text run at (28,2) width 16: "12"
            text run at (44,2) width 15 RTL: "\x{627}\x{628}"
        RenderBlock {P} at (0,226) size 769x28
          RenderText {#text} at (0,2) size 59x18
            text run at (0,2) width 15: "cd"
            text run at (15,2) width 13 RTL: "(^"
            text run at (28,2) width 31: "ab\x{661}\x{662}"
        RenderBlock {P} at (0,270) size 769x28
          RenderText {#text} at (0,2) size 64x18
            text run at (0,2) width 15: "cd"
            text run at (15,2) width 13 RTL: "(^"
            text run at (28,2) width 16: "\x{661}\x{662}"
            text run at (44,2) width 20 RTL: "\x{5D0}\x{5D1}"
        RenderBlock {P} at (0,314) size 769x28
          RenderText {#text} at (0,2) size 59x18
            text run at (0,2) width 15: "cd"
            text run at (15,2) width 13 RTL: "(^"
            text run at (28,2) width 16: "\x{661}\x{662}"
            text run at (44,2) width 15 RTL: "\x{627}\x{628}"
        RenderBlock {P} at (0,358) size 769x18
          RenderText {#text} at (0,0) size 35x18
            text run at (0,0) width 7: "\x{202A}?"
            text run at (7,0) width 28: "\x{202C}(^cd"
        RenderBlock {P} at (0,392) size 769x18
          RenderText {#text} at (0,0) size 35x18
            text run at (0,0) width 15: "cd"
            text run at (15,0) width 13 RTL: "\x{202C}(^"
            text run at (28,0) width 7 RTL: "\x{202B}?"
        RenderBlock {P} at (0,426) size 769x19
          RenderText {#text} at (0,1) size 43x18
            text run at (0,1) width 28 RTL: "(^\x{5D2}\x{5D3}"
            text run at (27,1) width 16: "ab"
        RenderBlock {P} at (0,461) size 769x19
          RenderText {#text} at (0,1) size 48x18
            text run at (0,1) width 48 RTL: "\x{5D0}\x{5D1}(^\x{5D2}\x{5D3}"
        RenderBlock {P} at (0,496) size 769x28
          RenderText {#text} at (0,2) size 43x18
            text run at (0,2) width 43 RTL: "\x{627}\x{628}(^\x{5D2}\x{5D3}"
        RenderBlock {P} at (0,540) size 769x19
          RenderText {#text} at (0,1) size 59x18
            text run at (0,1) width 28 RTL: "(^\x{5D2}\x{5D3}"
            text run at (27,1) width 32: "ab12"
        RenderBlock {P} at (0,575) size 769x19
          RenderText {#text} at (0,1) size 64x18
            text run at (0,1) width 28 RTL: "(^\x{5D2}\x{5D3}"
            text run at (27,1) width 17: "12"
            text run at (43,1) width 21 RTL: "\x{5D0}\x{5D1}"
        RenderBlock {P} at (0,610) size 769x28
          RenderText {#text} at (0,2) size 59x18
            text run at (0,2) width 28 RTL: "(^\x{5D2}\x{5D3}"
            text run at (27,2) width 17: "12"
            text run at (43,2) width 16 RTL: "\x{627}\x{628}"
        RenderBlock {P} at (0,654) size 769x28
          RenderText {#text} at (0,2) size 59x18
            text run at (0,2) width 28 RTL: "(^\x{5D2}\x{5D3}"
            text run at (27,2) width 32: "ab\x{661}\x{662}"
        RenderBlock {P} at (0,698) size 769x28
          RenderText {#text} at (0,2) size 64x18
            text run at (0,2) width 28 RTL: "(^\x{5D2}\x{5D3}"
            text run at (27,2) width 17: "\x{661}\x{662}"
            text run at (43,2) width 21 RTL: "\x{5D0}\x{5D1}"
        RenderBlock {P} at (0,742) size 769x28
          RenderText {#text} at (0,2) size 59x18
            text run at (0,2) width 28 RTL: "(^\x{5D2}\x{5D3}"
            text run at (27,2) width 17: "\x{661}\x{662}"
            text run at (43,2) width 16 RTL: "\x{627}\x{628}"
        RenderBlock {P} at (0,786) size 769x19
          RenderText {#text} at (0,1) size 35x18
            text run at (0,1) width 28 RTL: "\x{202C}(^\x{5D2}\x{5D3}"
            text run at (27,1) width 8: "\x{202A}?"
        RenderBlock {P} at (0,821) size 769x19
          RenderText {#text} at (0,1) size 35x18
            text run at (0,1) width 28 RTL: "\x{202C}(^\x{5D2}\x{5D3}"
            text run at (27,1) width 8 RTL: "\x{202B}?"
        RenderBlock {P} at (0,856) size 769x28
          RenderText {#text} at (0,2) size 45x18
            text run at (0,2) width 30 RTL: "(^\x{62C}\x{62F}"
            text run at (30,2) width 15: "ab"
        RenderBlock {P} at (0,900) size 769x28
          RenderText {#text} at (0,2) size 50x18
            text run at (0,2) width 50 RTL: "\x{5D0}\x{5D1}(^\x{62C}\x{62F}"
        RenderBlock {P} at (0,944) size 769x28
          RenderText {#text} at (0,2) size 45x18
            text run at (0,2) width 45 RTL: "\x{627}\x{628}(^\x{62C}\x{62F}"
        RenderBlock {P} at (0,988) size 769x28
          RenderText {#text} at (0,2) size 61x18
            text run at (0,2) width 30 RTL: "(^\x{62C}\x{62F}"
            text run at (30,2) width 31: "ab12"
        RenderBlock {P} at (0,1032) size 769x28
          RenderText {#text} at (0,2) size 66x18
            text run at (0,2) width 30 RTL: "(^\x{62C}\x{62F}"
            text run at (30,2) width 16: "12"
            text run at (46,2) width 20 RTL: "\x{5D0}\x{5D1}"
        RenderBlock {P} at (0,1076) size 769x28
          RenderText {#text} at (0,2) size 61x18
            text run at (0,2) width 30 RTL: "(^\x{62C}\x{62F}"
            text run at (30,2) width 16: "12"
            text run at (46,2) width 15 RTL: "\x{627}\x{628}"
        RenderBlock {P} at (0,1120) size 769x28
          RenderText {#text} at (0,2) size 61x18
            text run at (0,2) width 30 RTL: "(^\x{62C}\x{62F}"
            text run at (30,2) width 31: "ab\x{661}\x{662}"
        RenderBlock {P} at (0,1164) size 769x28
          RenderText {#text} at (0,2) size 66x18
            text run at (0,2) width 30 RTL: "(^\x{62C}\x{62F}"
            text run at (30,2) width 16: "\x{661}\x{662}"
            text run at (46,2) width 20 RTL: "\x{5D0}\x{5D1}"
        RenderBlock {P} at (0,1208) size 769x28
          RenderText {#text} at (0,2) size 61x18
            text run at (0,2) width 30 RTL: "(^\x{62C}\x{62F}"
            text run at (30,2) width 16: "\x{661}\x{662}"
            text run at (46,2) width 15 RTL: "\x{627}\x{628}"
        RenderBlock {P} at (0,1252) size 769x28
          RenderText {#text} at (0,2) size 37x18
            text run at (0,2) width 30 RTL: "\x{202C}(^\x{62C}\x{62F}"
            text run at (30,2) width 7: "\x{202A}?"
        RenderBlock {P} at (0,1296) size 769x28
          RenderText {#text} at (0,2) size 37x18
            text run at (0,2) width 30 RTL: "\x{202C}(^\x{62C}\x{62F}"
            text run at (30,2) width 7 RTL: "\x{202B}?"
        RenderBlock {P} at (0,1340) size 769x19
          RenderText {#text} at (0,1) size 63x18
            text run at (0,1) width 7: "z"
            text run at (7,1) width 12 RTL: "\x{5E9}"
            text run at (18,1) width 45: "ab(^34"
        RenderBlock {P} at (0,1375) size 769x19
          RenderText {#text} at (0,1) size 67x18
            text run at (0,1) width 7: "z"
            text run at (7,1) width 12 RTL: "\x{5E9}"
            text run at (18,1) width 17: "34"
            text run at (34,1) width 33 RTL: "\x{5D0}\x{5D1}(^"
        RenderBlock {P} at (0,1410) size 769x28
          RenderText {#text} at (0,2) size 63x18
            text run at (0,2) width 7: "z"
            text run at (7,2) width 12 RTL: "\x{5E9}"
            text run at (18,2) width 17: "34"
            text run at (34,2) width 29 RTL: "\x{627}\x{628}(^"
        RenderBlock {P} at (0,1454) size 769x19
          RenderText {#text} at (0,1) size 79x18
            text run at (0,1) width 7: "z"
            text run at (7,1) width 12 RTL: "\x{5E9}"
            text run at (18,1) width 61: "ab12(^34"
        RenderBlock {P} at (0,1489) size 769x19
          RenderText {#text} at (0,1) size 83x18
            text run at (0,1) width 7: "z"
            text run at (7,1) width 12 RTL: "\x{5E9}"
            text run at (18,1) width 17: "34"
            text run at (34,1) width 14 RTL: "(^"
            text run at (47,1) width 17: "12"
            text run at (63,1) width 20 RTL: "\x{5D0}\x{5D1}"
        RenderBlock {P} at (0,1524) size 769x28
          RenderText {#text} at (0,2) size 79x18
            text run at (0,2) width 7: "z"
            text run at (7,2) width 12 RTL: "\x{5E9}"
            text run at (18,2) width 17: "34"
            text run at (34,2) width 14 RTL: "(^"
            text run at (47,2) width 17: "12"
            text run at (63,2) width 16 RTL: "\x{627}\x{628}"
        RenderBlock {P} at (0,1568) size 769x28
          RenderText {#text} at (0,2) size 79x18
            text run at (0,2) width 7: "z"
            text run at (7,2) width 12 RTL: "\x{5E9}"
            text run at (18,2) width 17: "34"
            text run at (34,2) width 14 RTL: "(^"
            text run at (47,2) width 32: "ab\x{661}\x{662}"
        RenderBlock {P} at (0,1612) size 769x28
          RenderText {#text} at (0,2) size 83x18
            text run at (0,2) width 7: "z"
            text run at (7,2) width 12 RTL: "\x{5E9}"
            text run at (18,2) width 17: "34"
            text run at (34,2) width 14 RTL: "(^"
            text run at (47,2) width 17: "\x{661}\x{662}"
            text run at (63,2) width 20 RTL: "\x{5D0}\x{5D1}"
        RenderBlock {P} at (0,1656) size 769x28
          RenderText {#text} at (0,2) size 79x18
            text run at (0,2) width 7: "z"
            text run at (7,2) width 12 RTL: "\x{5E9}"
            text run at (18,2) width 17: "34"
            text run at (34,2) width 14 RTL: "(^"
            text run at (47,2) width 17: "\x{661}\x{662}"
            text run at (63,2) width 16 RTL: "\x{627}\x{628}"
        RenderBlock {P} at (0,1700) size 769x19
          RenderText {#text} at (0,1) size 55x18
            text run at (0,1) width 7: "z"
            text run at (7,1) width 12 RTL: "\x{5E9}"
            text run at (18,1) width 8: "\x{202A}?"
            text run at (25,1) width 30: "\x{202C}(^34"
        RenderBlock {P} at (0,1735) size 769x19
          RenderText {#text} at (0,1) size 55x18
            text run at (0,1) width 7: "z"
            text run at (7,1) width 12 RTL: "\x{5E9}"
            text run at (18,1) width 17: "34"
            text run at (34,1) width 14 RTL: "\x{202C}(^"
            text run at (47,1) width 8 RTL: "\x{202B}?"
        RenderBlock {P} at (0,1770) size 769x28
          RenderText {#text} at (0,2) size 63x18
            text run at (0,2) width 7: "z"
            text run at (7,2) width 12 RTL: "\x{5E9}"
            text run at (18,2) width 17: "\x{663}\x{664}"
            text run at (34,2) width 14 RTL: "(^"
            text run at (47,2) width 16: "ab"
        RenderBlock {P} at (0,1814) size 769x28
          RenderText {#text} at (0,2) size 67x18
            text run at (0,2) width 7: "z"
            text run at (7,2) width 12 RTL: "\x{5E9}"
            text run at (18,2) width 17: "\x{663}\x{664}"
            text run at (34,2) width 33 RTL: "\x{5D0}\x{5D1}(^"
        RenderBlock {P} at (0,1858) size 769x28
          RenderText {#text} at (0,2) size 63x18
            text run at (0,2) width 7: "z"
            text run at (7,2) width 12 RTL: "\x{5E9}"
            text run at (18,2) width 17: "\x{663}\x{664}"
            text run at (34,2) width 29 RTL: "\x{627}\x{628}(^"
        RenderBlock {P} at (0,1902) size 769x28
          RenderText {#text} at (0,2) size 79x18
            text run at (0,2) width 7: "z"
            text run at (7,2) width 12 RTL: "\x{5E9}"
            text run at (18,2) width 17: "\x{663}\x{664}"
            text run at (34,2) width 14 RTL: "(^"
            text run at (47,2) width 32: "ab12"
        RenderBlock {P} at (0,1946) size 769x28
          RenderText {#text} at (0,2) size 83x18
            text run at (0,2) width 7: "z"
            text run at (7,2) width 12 RTL: "\x{5E9}"
            text run at (18,2) width 17: "\x{663}\x{664}"
            text run at (34,2) width 14 RTL: "(^"
            text run at (47,2) width 17: "12"
            text run at (63,2) width 20 RTL: "\x{5D0}\x{5D1}"
        RenderBlock {P} at (0,1990) size 769x28
          RenderText {#text} at (0,2) size 79x18
            text run at (0,2) width 7: "z"
            text run at (7,2) width 12 RTL: "\x{5E9}"
            text run at (18,2) width 17: "\x{663}\x{664}"
            text run at (34,2) width 14 RTL: "(^"
            text run at (47,2) width 17: "12"
            text run at (63,2) width 16 RTL: "\x{627}\x{628}"
        RenderBlock {P} at (0,2034) size 769x28
          RenderText {#text} at (0,2) size 79x18
            text run at (0,2) width 7: "z"
            text run at (7,2) width 12 RTL: "\x{5E9}"
            text run at (18,2) width 17: "\x{663}\x{664}"
            text run at (34,2) width 14 RTL: "(^"
            text run at (47,2) width 32: "ab\x{661}\x{662}"
        RenderBlock {P} at (0,2078) size 769x28
          RenderText {#text} at (0,2) size 83x18
            text run at (0,2) width 7: "z"
            text run at (7,2) width 12 RTL: "\x{5E9}"
            text run at (18,2) width 17: "\x{663}\x{664}"
            text run at (34,2) width 14 RTL: "(^"
            text run at (47,2) width 17: "\x{661}\x{662}"
            text run at (63,2) width 20 RTL: "\x{5D0}\x{5D1}"
        RenderBlock {P} at (0,2122) size 769x28
          RenderText {#text} at (0,2) size 79x18
            text run at (0,2) width 7: "z"
            text run at (7,2) width 12 RTL: "\x{5E9}"
            text run at (18,2) width 17: "\x{663}\x{664}"
            text run at (34,2) width 14 RTL: "(^"
            text run at (47,2) width 17: "\x{661}\x{662}"
            text run at (63,2) width 16 RTL: "\x{627}\x{628}"
        RenderBlock {P} at (0,2166) size 769x28
          RenderText {#text} at (0,2) size 55x18
            text run at (0,2) width 7: "z"
            text run at (7,2) width 12 RTL: "\x{5E9}"
            text run at (18,2) width 17: "\x{663}\x{664}"
            text run at (34,2) width 14 RTL: "\x{202C}(^"
            text run at (47,2) width 8: "\x{202A}?"
        RenderBlock {P} at (0,2210) size 769x28
          RenderText {#text} at (0,2) size 55x18
            text run at (0,2) width 7: "z"
            text run at (7,2) width 12 RTL: "\x{5E9}"
            text run at (18,2) width 17: "\x{663}\x{664}"
            text run at (34,2) width 14 RTL: "\x{202C}(^"
            text run at (47,2) width 8 RTL: "\x{202B}?"
        RenderBlock {P} at (0,2254) size 769x18
          RenderText {#text} at (0,0) size 33x18
            text run at (0,0) width 0 RTL: "\x{202C}"
            text run at (0,0) width 28: "ab(^"
            text run at (28,0) width 5: "\x{202A}!"
        RenderBlock {P} at (0,2288) size 769x19
          RenderText {#text} at (0,1) size 38x18
            text run at (0,1) width 0 RTL: "\x{202C}"
            text run at (0,1) width 5: "\x{202A}!"
            text run at (5,1) width 33 RTL: "\x{5D0}\x{5D1}(^"
        RenderBlock {P} at (0,2323) size 769x28
          RenderText {#text} at (0,2) size 33x18
            text run at (0,2) width 0 RTL: "\x{202C}"
            text run at (0,2) width 5: "\x{202A}!"
            text run at (5,2) width 28 RTL: "\x{627}\x{628}(^"
        RenderBlock {P} at (0,2367) size 769x18
          RenderText {#text} at (0,0) size 49x18
            text run at (0,0) width 0 RTL: "\x{202C}"
            text run at (0,0) width 44: "ab12(^"
            text run at (44,0) width 5: "\x{202A}!"
        RenderBlock {P} at (0,2401) size 769x19
          RenderText {#text} at (0,1) size 54x18
            text run at (0,1) width 0 RTL: "\x{202C}"
            text run at (0,1) width 5: "\x{202A}!"
            text run at (5,1) width 13 RTL: "(^"
            text run at (18,1) width 16: "12"
            text run at (34,1) width 20 RTL: "\x{5D0}\x{5D1}"
        RenderBlock {P} at (0,2436) size 769x28
          RenderText {#text} at (0,2) size 49x18
            text run at (0,2) width 0 RTL: "\x{202C}"
            text run at (0,2) width 5: "\x{202A}!"
            text run at (5,2) width 13 RTL: "(^"
            text run at (18,2) width 16: "12"
            text run at (34,2) width 15 RTL: "\x{627}\x{628}"
        RenderBlock {P} at (0,2480) size 769x28
          RenderText {#text} at (0,2) size 49x18
            text run at (0,2) width 0 RTL: "\x{202C}"
            text run at (0,2) width 5: "\x{202A}!"
            text run at (5,2) width 13 RTL: "(^"
            text run at (18,2) width 31: "ab\x{661}\x{662}"
        RenderBlock {P} at (0,2524) size 769x28
          RenderText {#text} at (0,2) size 54x18
            text run at (0,2) width 0 RTL: "\x{202C}"
            text run at (0,2) width 5: "\x{202A}!"
            text run at (5,2) width 13 RTL: "(^"
            text run at (18,2) width 16: "\x{661}\x{662}"
            text run at (34,2) width 20 RTL: "\x{5D0}\x{5D1}"
        RenderBlock {P} at (0,2568) size 769x28
          RenderText {#text} at (0,2) size 49x18
            text run at (0,2) width 0 RTL: "\x{202C}"
            text run at (0,2) width 5: "\x{202A}!"
            text run at (5,2) width 13 RTL: "(^"
            text run at (18,2) width 16: "\x{661}\x{662}"
            text run at (34,2) width 15 RTL: "\x{627}\x{628}"
        RenderBlock {P} at (0,2612) size 769x18
          RenderText {#text} at (0,0) size 25x18
            text run at (0,0) width 0 RTL: "\x{202C}"
            text run at (0,0) width 7: "\x{202A}?"
            text run at (7,0) width 13: "\x{202C}(^"
            text run at (20,0) width 5: "\x{202A}!"
        RenderBlock {P} at (0,2646) size 769x18
          RenderText {#text} at (0,0) size 25x18
            text run at (0,0) width 0 RTL: "\x{202C}"
            text run at (0,0) width 5: "\x{202A}!"
            text run at (5,0) width 13 RTL: "\x{202C}(^"
            text run at (18,0) width 7 RTL: "\x{202B}?"
        RenderBlock {P} at (0,2680) size 769x18
          RenderText {#text} at (0,0) size 33x18
            text run at (0,0) width 0 RTL: "\x{202C}"
            text run at (0,0) width 5 RTL: "\x{202B}!"
            text run at (5,0) width 13 RTL: "(^"
            text run at (18,0) width 15: "ab"
        RenderBlock {P} at (0,2714) size 769x19
          RenderText {#text} at (0,1) size 38x18
            text run at (0,1) width 0 RTL: "\x{202C}"
            text run at (0,1) width 5 RTL: "\x{202B}!"
            text run at (5,1) width 33 RTL: "\x{5D0}\x{5D1}(^"
        RenderBlock {P} at (0,2749) size 769x28
          RenderText {#text} at (0,2) size 33x18
            text run at (0,2) width 0 RTL: "\x{202C}"
            text run at (0,2) width 5 RTL: "\x{202B}!"
            text run at (5,2) width 28 RTL: "\x{627}\x{628}(^"
        RenderBlock {P} at (0,2793) size 769x18
          RenderText {#text} at (0,0) size 49x18
            text run at (0,0) width 0 RTL: "\x{202C}"
            text run at (0,0) width 5 RTL: "\x{202B}!"
            text run at (5,0) width 13 RTL: "(^"
            text run at (18,0) width 31: "ab12"
        RenderBlock {P} at (0,2827) size 769x19
          RenderText {#text} at (0,1) size 54x18
            text run at (0,1) width 0 RTL: "\x{202C}"
            text run at (0,1) width 5 RTL: "\x{202B}!"
            text run at (5,1) width 13 RTL: "(^"
            text run at (18,1) width 16: "12"
            text run at (34,1) width 20 RTL: "\x{5D0}\x{5D1}"
        RenderBlock {P} at (0,2862) size 769x28
          RenderText {#text} at (0,2) size 49x18
            text run at (0,2) width 0 RTL: "\x{202C}"
            text run at (0,2) width 5 RTL: "\x{202B}!"
            text run at (5,2) width 13 RTL: "(^"
            text run at (18,2) width 16: "12"
            text run at (34,2) width 15 RTL: "\x{627}\x{628}"
        RenderBlock {P} at (0,2906) size 769x28
          RenderText {#text} at (0,2) size 49x18
            text run at (0,2) width 0 RTL: "\x{202C}"
            text run at (0,2) width 5 RTL: "\x{202B}!"
            text run at (5,2) width 13 RTL: "(^"
            text run at (18,2) width 31: "ab\x{661}\x{662}"
        RenderBlock {P} at (0,2950) size 769x28
          RenderText {#text} at (0,2) size 54x18
            text run at (0,2) width 0 RTL: "\x{202C}"
            text run at (0,2) width 5 RTL: "\x{202B}!"
            text run at (5,2) width 13 RTL: "(^"
            text run at (18,2) width 16: "\x{661}\x{662}"
            text run at (34,2) width 20 RTL: "\x{5D0}\x{5D1}"
        RenderBlock {P} at (0,2994) size 769x28
          RenderText {#text} at (0,2) size 49x18
            text run at (0,2) width 0 RTL: "\x{202C}"
            text run at (0,2) width 5 RTL: "\x{202B}!"
            text run at (5,2) width 13 RTL: "(^"
            text run at (18,2) width 16: "\x{661}\x{662}"
            text run at (34,2) width 15 RTL: "\x{627}\x{628}"
        RenderBlock {P} at (0,3038) size 769x18
          RenderText {#text} at (0,0) size 25x18
            text run at (0,0) width 0 RTL: "\x{202C}"
            text run at (0,0) width 5 RTL: "\x{202B}!"
            text run at (5,0) width 13 RTL: "\x{202C}(^"
            text run at (18,0) width 7: "\x{202A}?"
        RenderBlock {P} at (0,3072) size 769x18
          RenderText {#text} at (0,0) size 25x18
            text run at (0,0) width 0 RTL: "\x{202C}"
            text run at (0,0) width 5 RTL: "\x{202B}!"
            text run at (5,0) width 13 RTL: "\x{202C}(^"
            text run at (18,0) width 7 RTL: "\x{202B}?"
        RenderBlock {P} at (0,3106) size 769x18
          RenderText {#text} at (0,0) size 28x18
            text run at (0,0) width 0 RTL: "\x{202C}"
            text run at (0,0) width 28: "\x{202A}ab(^"
        RenderBlock {P} at (0,3140) size 769x19
          RenderText {#text} at (0,1) size 33x18
            text run at (0,1) width 0 RTL: "\x{202C}"
            text run at (0,1) width 20 RTL: "\x{202A}\x{5D0}\x{5D1}"
            text run at (19,1) width 14: "(^"
        RenderBlock {P} at (0,3175) size 769x28
          RenderText {#text} at (0,2) size 28x18
            text run at (0,2) width 0 RTL: "\x{202C}"
            text run at (0,2) width 15 RTL: "\x{202A}\x{627}\x{628}"
            text run at (15,2) width 13: "(^"
        RenderBlock {P} at (0,3219) size 769x18
          RenderText {#text} at (0,0) size 44x18
            text run at (0,0) width 0 RTL: "\x{202C}"
            text run at (0,0) width 44: "\x{202A}ab12(^"
        RenderBlock {P} at (0,3253) size 769x19
          RenderText {#text} at (0,1) size 49x18
            text run at (0,1) width 0 RTL: "\x{202C}"
            text run at (0,1) width 16: "12"
            text run at (16,1) width 20 RTL: "\x{202A}\x{5D0}\x{5D1}"
            text run at (35,1) width 14: "(^"
        RenderBlock {P} at (0,3288) size 769x28
          RenderText {#text} at (0,2) size 44x18
            text run at (0,2) width 0 RTL: "\x{202C}"
            text run at (0,2) width 16: "12"
            text run at (16,2) width 15 RTL: "\x{202A}\x{627}\x{628}"
            text run at (31,2) width 13: "(^"
        RenderBlock {P} at (0,3332) size 769x28
          RenderText {#text} at (0,2) size 44x18
            text run at (0,2) width 0 RTL: "\x{202C}"
            text run at (0,2) width 15: "\x{202A}ab"
            text run at (15,2) width 16: "\x{661}\x{662}"
            text run at (31,2) width 13: "(^"
        RenderBlock {P} at (0,3376) size 769x28
          RenderText {#text} at (0,2) size 49x18
            text run at (0,2) width 0 RTL: "\x{202C}"
            text run at (0,2) width 16: "\x{661}\x{662}"
            text run at (16,2) width 20 RTL: "\x{202A}\x{5D0}\x{5D1}"
            text run at (35,2) width 14: "(^"
        RenderBlock {P} at (0,3420) size 769x28
          RenderText {#text} at (0,2) size 44x18
            text run at (0,2) width 0 RTL: "\x{202C}"
            text run at (0,2) width 16: "\x{661}\x{662}"
            text run at (16,2) width 15 RTL: "\x{202A}\x{627}\x{628}"
            text run at (31,2) width 13: "(^"
        RenderBlock {P} at (0,3464) size 769x18
          RenderText {#text} at (0,0) size 20x18
            text run at (0,0) width 0 RTL: "\x{202C}"
            text run at (0,0) width 0: "\x{202A}"
            text run at (0,0) width 7: "\x{202A}?"
            text run at (7,0) width 13: "\x{202C}(^"
        RenderBlock {P} at (0,3498) size 769x18
          RenderText {#text} at (0,0) size 20x18
            text run at (0,0) width 0 RTL: "\x{202C}"
            text run at (0,0) width 0: "\x{202A}"
            text run at (0,0) width 7 RTL: "\x{202B}?"
            text run at (7,0) width 13: "\x{202C}(^"
