layer at (0,0) size 800x600
  RenderView at (0,0) size 800x600
layer at (0,0) size 800x338
  RenderBlock {HTML} at (0,0) size 800x338
    RenderBody {BODY} at (8,16) size 784x314
      RenderBlock {P} at (0,0) size 784x18
        RenderText {#text} at (0,0) size 311x18
          text run at (0,0) width 311: "All rows should be identical to the reference row."
      RenderTable {TABLE} at (0,34) size 578x109 [border: none]
        RenderTableSection {TBODY} at (0,0) size 577x108
          RenderTableRow {TR} at (0,0) size 577x27
            RenderTableCell {TD} at (0,0) size 97x27 [border: (1px solid #008000)] [r=0 c=0 rs=1 cs=1]
              RenderText {#text} at (29,5) size 64x18
                text run at (29,5) width 64: "Reference"
            RenderTableCell {TD} at (97,0) size 240x27 [border: (1px solid #008000)] [r=0 c=1 rs=1 cs=1]
              RenderText {#text} at (5,5) size 231x18
                text run at (5,5) width 43: "abcdef"
                text run at (47,5) width 27 RTL: "\x{5D0}\x{5D1}\x{5D2}"
                text run at (73,5) width 41: "ghijkl "
                text run at (113,5) width 51 RTL: "\x{5D6}\x{5D7}\x{5D8}\x{5D9}\x{5DB}\x{5DC}"
                text run at (163,5) width 23: "abc"
                text run at (185,5) width 51 RTL: "\x{5D0}\x{5D1}\x{5D2}\x{5D3}\x{5D4}\x{5D5}"
            RenderTableCell {TD} at (337,0) size 240x27 [border: (1px solid #008000)] [r=0 c=2 rs=1 cs=1]
              RenderText {#text} at (5,5) size 231x18
                text run at (5,5) width 51 RTL: "\x{5D6}\x{5D7}\x{5D8}\x{5D9}\x{5DB}\x{5DC}"
                text run at (55,5) width 23: "abc"
                text run at (77,5) width 51 RTL: "\x{5D0}\x{5D1}\x{5D2}\x{5D3}\x{5D4}\x{5D5}"
                text run at (127,5) width 5 RTL: " "
                text run at (131,5) width 43: "abcdef"
                text run at (173,5) width 27 RTL: "\x{5D0}\x{5D1}\x{5D2}"
                text run at (199,5) width 37: "ghijkl"
          RenderTableRow {TR} at (0,27) size 577x27
            RenderTableCell {TD} at (0,27) size 97x27 [border: (1px solid #008000)] [r=1 c=0 rs=1 cs=1]
              RenderText {#text} at (8,5) size 85x18
                text run at (8,5) width 85: "CSS, siblings"
            RenderTableCell {TD} at (97,27) size 240x27 [border: (1px solid #008000)] [r=1 c=1 rs=1 cs=1]
              RenderText {#text} at (5,5) size 23x18
                text run at (5,5) width 23: "abc"
              RenderInline {SPAN} at (0,0) size 67x18
                RenderText {#text} at (27,5) size 67x18
                  text run at (27,5) width 67 RTL override: "ihg\x{5D0}\x{5D1}\x{5D2}fed"
              RenderText {#text} at (93,5) size 143x18
                text run at (93,5) width 21: "jkl "
                text run at (209,5) width 27 RTL: "\x{5D0}\x{5D1}\x{5D2}"
              RenderInline {SPAN} at (0,0) size 74x18
                RenderText {#text} at (136,5) size 74x18
                  text run at (136,5) width 74 LTR override: "\x{5D8}\x{5D7}\x{5D6}abc\x{5D5}\x{5D4}\x{5D3}"
              RenderText {#text} at (113,5) size 24x18
                text run at (113,5) width 24 RTL: "\x{5D9}\x{5DB}\x{5DC}"
            RenderTableCell {TD} at (337,27) size 240x27 [border: (1px solid #008000)] [r=1 c=2 rs=1 cs=1]
              RenderText {#text} at (131,5) size 23x18
                text run at (131,5) width 23: "abc"
              RenderInline {SPAN} at (0,0) size 67x18
                RenderText {#text} at (153,5) size 67x18
                  text run at (153,5) width 67 RTL override: "ihg\x{5D0}\x{5D1}\x{5D2}fed"
              RenderText {#text} at (101,5) size 135x18
                text run at (101,5) width 31 RTL: " \x{5D0}\x{5D1}\x{5D2}"
                text run at (219,5) width 17: "jkl"
              RenderInline {SPAN} at (0,0) size 75x18
                RenderText {#text} at (27,5) size 75x18
                  text run at (27,5) width 75 LTR override: "\x{5D8}\x{5D7}\x{5D6}abc\x{5D5}\x{5D4}\x{5D3}"
              RenderText {#text} at (5,5) size 23x18
                text run at (5,5) width 23 RTL: "\x{5D9}\x{5DB}\x{5DC}"
          RenderTableRow {TR} at (0,54) size 577x27
            RenderTableCell {TD} at (0,54) size 97x27 [border: (1px solid #008000)] [r=2 c=0 rs=1 cs=1]
              RenderText {#text} at (5,5) size 88x18
                text run at (5,5) width 88: "CSS, children"
            RenderTableCell {TD} at (97,54) size 240x27 [border: (1px solid #008000)] [r=2 c=1 rs=1 cs=1]
              RenderInline {SPAN} at (0,0) size 105x18
                RenderText {#text} at (5,5) size 23x18
                  text run at (5,5) width 23: "abc"
                RenderInline {SPAN} at (0,0) size 67x18
                  RenderText {#text} at (27,5) size 67x18
                    text run at (27,5) width 67 RTL override: "ihg\x{5D0}\x{5D1}\x{5D2}fed"
                RenderText {#text} at (93,5) size 17x18
                  text run at (93,5) width 17: "jkl"
              RenderText {#text} at (109,5) size 5x18
                text run at (109,5) width 5: " "
              RenderInline {SPAN} at (0,0) size 123x18
                RenderText {#text} at (209,5) size 27x18
                  text run at (209,5) width 27 RTL: "\x{5D0}\x{5D1}\x{5D2}"
                RenderInline {SPAN} at (0,0) size 74x18
                  RenderText {#text} at (136,5) size 74x18
                    text run at (136,5) width 74 LTR override: "\x{5D8}\x{5D7}\x{5D6}abc\x{5D5}\x{5D4}\x{5D3}"
                RenderText {#text} at (113,5) size 24x18
                  text run at (113,5) width 24 RTL: "\x{5D9}\x{5DB}\x{5DC}"
            RenderTableCell {TD} at (337,54) size 240x27 [border: (1px solid #008000)] [r=2 c=2 rs=1 cs=1]
              RenderInline {SPAN} at (0,0) size 105x18
                RenderText {#text} at (131,5) size 23x18
                  text run at (131,5) width 23: "abc"
                RenderInline {SPAN} at (0,0) size 67x18
                  RenderText {#text} at (153,5) size 67x18
                    text run at (153,5) width 67 RTL override: "ihg\x{5D0}\x{5D1}\x{5D2}fed"
                RenderText {#text} at (219,5) size 17x18
                  text run at (219,5) width 17: "jkl"
              RenderText {#text} at (127,5) size 5x18
                text run at (127,5) width 5 RTL: " "
              RenderInline {SPAN} at (0,0) size 123x18
                RenderText {#text} at (101,5) size 27x18
                  text run at (101,5) width 27 RTL: "\x{5D0}\x{5D1}\x{5D2}"
                RenderInline {SPAN} at (0,0) size 75x18
                  RenderText {#text} at (27,5) size 75x18
                    text run at (27,5) width 75 LTR override: "\x{5D8}\x{5D7}\x{5D6}abc\x{5D5}\x{5D4}\x{5D3}"
                RenderText {#text} at (5,5) size 23x18
                  text run at (5,5) width 23 RTL: "\x{5D9}\x{5DB}\x{5DC}"
          RenderTableRow {TR} at (0,81) size 577x27
            RenderTableCell {TD} at (0,81) size 97x27 [border: (1px solid #008000)] [r=3 c=0 rs=1 cs=1]
              RenderText {#text} at (39,5) size 54x18
                text run at (39,5) width 54: "Unicode"
            RenderTableCell {TD} at (97,81) size 240x27 [border: (1px solid #008000)] [r=3 c=1 rs=1 cs=1]
              RenderText {#text} at (5,5) size 231x18
                text run at (5,5) width 23: "abc"
                text run at (27,5) width 67 RTL override: "\x{202E}ihg\x{5D0}\x{5D1}\x{5D2}fed"
                text run at (93,5) width 21: "\x{202C}jkl "
                text run at (113,5) width 24 RTL: "\x{202C}\x{5D9}\x{5DB}\x{5DC}"
                text run at (136,5) width 74 LTR override: "\x{202D}\x{5D8}\x{5D7}\x{5D6}abc\x{5D5}\x{5D4}\x{5D3}"
                text run at (209,5) width 27 RTL: "\x{5D0}\x{5D1}\x{5D2}"
            RenderTableCell {TD} at (337,81) size 240x27 [border: (1px solid #008000)] [r=3 c=2 rs=1 cs=1]
              RenderText {#text} at (5,5) size 231x18
                text run at (5,5) width 23 RTL: "\x{202C}\x{5D9}\x{5DB}\x{5DC}"
                text run at (27,5) width 75 LTR override: "\x{202D}\x{5D8}\x{5D7}\x{5D6}abc\x{5D5}\x{5D4}\x{5D3}"
                text run at (101,5) width 27 RTL: "\x{5D0}\x{5D1}\x{5D2}"
                text run at (127,5) width 5 RTL: " "
                text run at (131,5) width 23: "abc"
                text run at (153,5) width 67 RTL override: "\x{202E}ihg\x{5D0}\x{5D1}\x{5D2}fed"
                text run at (219,5) width 17: "\x{202C}jkl"
      RenderBlock {P} at (0,159) size 784x18
        RenderText {#text} at (0,0) size 387x18
          text run at (0,0) width 387: "The CSS column should be identical to the reference column."
      RenderTable {TABLE} at (0,193) size 265x121 [border: none]
        RenderTableSection {TBODY} at (0,0) size 264x120
          RenderTableRow {TR} at (0,0) size 264x27
            RenderTableCell {TD} at (0,0) size 132x27 [border: (1px solid #008000)] [r=0 c=0 rs=1 cs=1]
              RenderText {#text} at (34,5) size 65x18
                text run at (34,5) width 65: "Reference"
            RenderTableCell {TD} at (132,0) size 132x27 [border: (1px solid #008000)] [r=0 c=1 rs=1 cs=1]
              RenderText {#text} at (52,5) size 29x18
                text run at (52,5) width 29: "CSS"
          RenderTableRow {TR} at (0,27) size 264x93
            RenderTableCell {TD} at (0,27) size 132x93 [border: (1px solid #008000)] [r=1 c=0 rs=1 cs=1]
              RenderBlock {P} at (5,21) size 123x18
                RenderText {#text} at (9,0) size 105x18
                  text run at (9,0) width 43: "abcdef"
                  text run at (51,0) width 27 RTL: "\x{5D0}\x{5D1}\x{5D2}"
                  text run at (77,0) width 37: "ghijkl"
              RenderBlock {P} at (5,55) size 123x18
                RenderText {#text} at (0,0) size 123x18
                  text run at (0,0) width 51 RTL: "\x{5D6}\x{5D7}\x{5D8}\x{5D9}\x{5DB}\x{5DC}"
                  text run at (50,0) width 23: "abc"
                  text run at (72,0) width 51 RTL: "\x{5D0}\x{5D1}\x{5D2}\x{5D3}\x{5D4}\x{5D5}"
            RenderTableCell {TD} at (132,27) size 132x93 [border: (1px solid #008000)] [r=1 c=1 rs=1 cs=1]
              RenderBlock {P} at (5,21) size 123x18
                RenderText {#text} at (9,0) size 105x18
                  text run at (9,0) width 105 RTL override: "lkjihg\x{5D0}\x{5D1}\x{5D2}fedcba"
              RenderBlock {P} at (5,55) size 123x18
                RenderText {#text} at (0,0) size 123x18
                  text run at (0,0) width 123 LTR override: "\x{5DC}\x{5DB}\x{5D9}\x{5D8}\x{5D7}\x{5D6}abc\x{5D5}\x{5D4}\x{5D3}\x{5D2}\x{5D1}\x{5D0}"
