layer at (0,0) size 800x600
  RenderView at (0,0) size 800x600
layer at (0,0) size 800x34
  RenderBlock {HTML} at (0,0) size 800x34
    RenderBody {BODY} at (8,8) size 784x18
      RenderBlock {DIV} at (0,0) size 784x18
        RenderText {#text} at (0,0) size 510x18
          text run at (0,0) width 510: "This tests proper handling of unicode-bidi: plaintext. You should not see any red."
layer at (8,26) size 102x400
  RenderBlock (positioned) {DIV} at (0,0) size 102x400
    RenderBlock {DIV} at (0,0) size 102x72 [color=#FF0000]
      RenderText {#text} at (0,0) size 44x18
        text run at (0,0) width 44: "!hello. "
      RenderBR {BR} at (44,0) size 0x18
      RenderText {#text} at (0,18) size 50x18
        text run at (0,18) width 50 RTL: "!\x{5E9}\x{5DC}\x{5D5}\x{5DD}. "
      RenderBR {BR} at (0,18) size 0x18
      RenderText {#text} at (0,36) size 67x18
        text run at (0,36) width 39: "hello, "
        text run at (39,36) width 19 RTL: "\x{5DC}\x{5D5}\x{5D9}"
        text run at (57,36) width 10: "! "
      RenderBR {BR} at (66,36) size 1x18
      RenderText {#text} at (0,54) size 100x18
        text run at (0,54) width 5 RTL: "!"
        text run at (5,54) width 50: "WebKit"
        text run at (55,54) width 45 RTL: "\x{5E9}\x{5DC}\x{5D5}\x{5DD}, "
    RenderBlock {PRE} at (0,72) size 102x75 [color=#FF0000]
      RenderText {#text} at (0,0) size 102x75
        text run at (0,0) width 8: "a"
        text run at (8,0) width 0: " "
        text run at (0,15) width 8: "("
        text run at (8,15) width 0: " "
        text run at (0,30) width 0 RTL: " "
        text run at (0,30) width 8 RTL: "!"
        text run at (8,30) width 48: "WebKit"
        text run at (56,30) width 46 RTL: "\x{5E9}\x{5DC}\x{5D5}\x{5DD}, "
        text run at (0,45) width 56: "hello, "
        text run at (56,45) width 16 RTL: "\x{5DC}\x{5D5}\x{5D9}"
        text run at (71,45) width 9: "!"
        text run at (79,45) width 1: " "
        text run at (0,60) width 8: ")"
        text run at (8,60) width 0: " "
layer at (8,26) size 102x400
  RenderBlock (positioned) {DIV} at (0,0) size 102x400 [color=#008000]
    RenderBlock (anonymous) at (0,0) size 102x72
      RenderText {#text} at (0,0) size 40x18
        text run at (0,0) width 40: "!hello."
      RenderBR {BR} at (40,0) size 0x18
      RenderInline {SPAN} at (0,0) size 50x18
        RenderText {#text} at (0,18) size 50x18
          text run at (0,18) width 50 RTL: "!\x{5E9}\x{5DC}\x{5D5}\x{5DD}. "
      RenderBR {BR} at (49,18) size 1x18
      RenderInline {SPAN} at (0,0) size 67x18
        RenderText {#text} at (0,36) size 67x18
          text run at (0,36) width 39: "hello, "
          text run at (39,36) width 19 RTL: "\x{5DC}\x{5D5}\x{5D9}"
          text run at (57,36) width 10: "! "
      RenderBR {BR} at (66,36) size 1x18
      RenderInline {SPAN} at (0,0) size 100x18
        RenderText {#text} at (0,54) size 100x18
          text run at (0,54) width 5 RTL: "!"
          text run at (5,54) width 50: "WebKit"
          text run at (55,54) width 45 RTL: "\x{5E9}\x{5DC}\x{5D5}\x{5DD}, "
      RenderBR {BR} at (99,54) size 1x18
    RenderBlock {PRE} at (0,72) size 102x75
      RenderText {#text} at (0,0) size 102x75
        text run at (0,0) width 8: "a"
        text run at (8,0) width 0: " "
        text run at (0,15) width 8: "("
        text run at (8,15) width 0: " "
        text run at (0,30) width 72: "!WebKit ,"
        text run at (72,30) width 30 RTL: "\x{5E9}\x{5DC}\x{5D5}\x{5DD}"
        text run at (101,30) width 1: " "
        text run at (0,45) width 56: "hello, "
        text run at (56,45) width 16 RTL: "\x{5DC}\x{5D5}\x{5D9}"
        text run at (71,45) width 9: "!"
        text run at (79,45) width 1: " "
        text run at (0,60) width 8: ")"
        text run at (8,60) width 0: " "
