layer at (0,0) size 800x600
  RenderView at (0,0) size 800x600
layer at (0,0) size 800x73
  RenderBlock {HTML} at (0,0) size 800x73
    RenderBody {BODY} at (8,8) size 784x57
      RenderText {#text} at (0,0) size 766x38
        text run at (0,0) width 567: "Simple test of composited iframe content. There should be a blue box with a gray background "
        text run at (567,0) width 199: "inside the black border. The gray"
        text run at (0,19) width 334: "background should fit perfectly within the block border "
        text run at (334,19) width 84: "with no gaps. "
      RenderBR {BR} at (0,0) size 0x0
      RenderBR {BR} at (0,38) size 0x19
      RenderText {#text} at (0,0) size 0x0
layer at (100,100) size 440x340
  RenderPartObject {IFRAME} at (100,100) size 440x340 [border: (20px solid #000000)]
    layer at (0,0) size 400x300
      RenderView at (0,0) size 400x300
    layer at (0,0) size 400x230
      RenderBlock {HTML} at (0,0) size 400x230
        RenderBody {BODY} at (8,10) size 384x210 [bgcolor=#C0C0C0]
    layer at (18,10) size 210x210
      RenderBlock {DIV} at (10,0) size 210x210 [bgcolor=#0000FF]
