layer at (0,0) size 784x755
  RenderView at (0,0) size 784x600
layer at (0,0) size 784x755
  RenderBlock {HTML} at (0,0) size 784x755
    RenderBody {BODY} at (8,8) size 768x731 [color=#333333] [bgcolor=#FFFFFF]
      RenderTable {TABLE} at (0,0) size 636x702 [border: (1px outset #808080)]
        RenderTableSection {TBODY} at (1,1) size 634x700
          RenderTableRow {TR} at (0,0) size 634x24
            RenderTableCell {TD} at (0,0) size 148x700 [bgcolor=#660000] [border: (1px inset #808080)] [r=0 c=0 rs=6 cs=1]
              RenderInline {B} at (0,0) size 64x21
                RenderInline {A} at (0,0) size 64x21
                  RenderInline {FONT} at (0,0) size 64x17 [color=#FFFFFF]
                    RenderText {#text} at (4,4) size 64x17
                      text run at (4,4) width 64: "MARKETS"
                  RenderBR {BR} at (68,17) size 0x0
              RenderText {#text} at (0,0) size 0x0
              RenderInline {A} at (0,0) size 32x21
                RenderInline {FONT} at (0,0) size 32x17 [color=#FFFFFF]
                  RenderText {#text} at (4,21) size 32x17
                    text run at (4,21) width 32: "News"
                RenderBR {BR} at (36,34) size 0x0
              RenderText {#text} at (0,0) size 0x0
              RenderInline {A} at (0,0) size 41x21
                RenderInline {FONT} at (0,0) size 41x17 [color=#FFFFFF]
                  RenderText {#text} at (4,38) size 41x17
                    text run at (4,38) width 41: "Stocks"
                RenderBR {BR} at (45,51) size 0x0
              RenderText {#text} at (0,0) size 0x0
              RenderInline {A} at (0,0) size 74x21
                RenderInline {FONT} at (0,0) size 74x17 [color=#FFFFFF]
                  RenderText {#text} at (4,55) size 74x17
                    text run at (4,55) width 74: "Tech Stocks"
                RenderBR {BR} at (78,68) size 0x0
              RenderText {#text} at (0,0) size 0x0
              RenderInline {A} at (0,0) size 117x21
                RenderInline {FONT} at (0,0) size 117x17 [color=#FFFFFF]
                  RenderText {#text} at (4,72) size 117x17
                    text run at (4,72) width 117: "Stocks on the Move"
                RenderBR {BR} at (121,85) size 0x0
              RenderText {#text} at (0,0) size 0x0
              RenderInline {A} at (0,0) size 65x21
                RenderInline {FONT} at (0,0) size 65x17 [color=#FFFFFF]
                  RenderText {#text} at (4,89) size 65x17
                    text run at (4,89) width 65: "IPO Center"
                RenderBR {BR} at (69,102) size 0x0
              RenderText {#text} at (0,0) size 0x0
              RenderInline {A} at (0,0) size 79x21
                RenderInline {FONT} at (0,0) size 79x17 [color=#FFFFFF]
                  RenderText {#text} at (4,106) size 79x17
                    text run at (4,106) width 79: "World Indices"
                RenderBR {BR} at (83,119) size 0x0
              RenderText {#text} at (0,0) size 0x0
              RenderInline {A} at (0,0) size 88x21
                RenderInline {FONT} at (0,0) size 88x17 [color=#FFFFFF]
                  RenderInline {NOBR} at (0,0) size 88x17
                    RenderText {#text} at (4,123) size 88x17
                      text run at (4,123) width 88: "Rates & Bonds"
                RenderBR {BR} at (92,136) size 0x0
              RenderText {#text} at (0,0) size 0x0
              RenderInline {A} at (0,0) size 91x21
                RenderInline {FONT} at (0,0) size 91x17 [color=#FFFFFF]
                  RenderText {#text} at (4,140) size 91x17
                    text run at (4,140) width 91: "U.S. Treasuries"
                RenderBR {BR} at (95,153) size 0x0
              RenderText {#text} at (0,0) size 0x0
              RenderInline {A} at (0,0) size 62x21
                RenderInline {FONT} at (0,0) size 62x17 [color=#FFFFFF]
                  RenderText {#text} at (4,157) size 62x17
                    text run at (4,157) width 62: "Currencies"
                RenderBR {BR} at (66,170) size 0x0
              RenderText {#text} at (0,0) size 0x0
              RenderInline {A} at (0,0) size 114x21
                RenderInline {FONT} at (0,0) size 114x17 [color=#FFFFFF]
                  RenderText {#text} at (4,174) size 114x17
                    text run at (4,174) width 114: "Currency Calculator"
                RenderBR {BR} at (118,187) size 0x0
              RenderText {#text} at (0,0) size 0x0
              RenderInline {A} at (0,0) size 76x21
                RenderInline {FONT} at (0,0) size 76x17 [color=#FFFFFF]
                  RenderText {#text} at (4,191) size 76x17
                    text run at (4,191) width 76: "Commodities"
                RenderBR {BR} at (80,204) size 0x0
              RenderText {#text} at (0,0) size 0x0
              RenderBR {BR} at (4,208) size 0x21
              RenderInline {B} at (0,0) size 48x21
                RenderInline {A} at (0,0) size 48x21
                  RenderInline {FONT} at (0,0) size 48x17 [color=#FFFFFF]
                    RenderText {#text} at (4,229) size 48x17
                      text run at (4,229) width 48: "MONEY"
                  RenderBR {BR} at (52,242) size 0x0
              RenderText {#text} at (0,0) size 0x0
              RenderInline {A} at (0,0) size 79x21
                RenderInline {FONT} at (0,0) size 79x17 [color=#FFFFFF]
                  RenderText {#text} at (4,246) size 79x17
                    text run at (4,246) width 79: "Mutual Funds"
                RenderBR {BR} at (83,259) size 0x0
              RenderText {#text} at (0,0) size 0x0
              RenderInline {A} at (0,0) size 48x21
                RenderInline {FONT} at (0,0) size 48x17 [color=#FFFFFF]
                  RenderText {#text} at (4,263) size 48x17
                    text run at (4,263) width 48: "Portfolio"
                RenderBR {BR} at (52,276) size 0x0
              RenderText {#text} at (0,0) size 0x0
              RenderInline {A} at (0,0) size 70x21
                RenderInline {FONT} at (0,0) size 70x17 [color=#FFFFFF]
                  RenderText {#text} at (4,280) size 70x17
                    text run at (4,280) width 70: "Loan Center"
                RenderBR {BR} at (74,293) size 0x0
              RenderText {#text} at (0,0) size 0x0
              RenderInline {A} at (0,0) size 116x21
                RenderInline {FONT} at (0,0) size 116x17 [color=#FFFFFF]
                  RenderText {#text} at (4,297) size 116x17
                    text run at (4,297) width 116: "Mortgage Calculator"
                RenderBR {BR} at (120,310) size 0x0
              RenderText {#text} at (0,0) size 0x0
              RenderInline {A} at (0,0) size 53x21
                RenderInline {FONT} at (0,0) size 53x17 [color=#FFFFFF]
                  RenderText {#text} at (4,314) size 53x17
                    text run at (4,314) width 53: "Investing"
                RenderBR {BR} at (57,327) size 0x0
              RenderText {#text} at (0,0) size 0x0
              RenderInline {A} at (0,0) size 63x21
                RenderInline {FONT} at (0,0) size 63x17 [color=#FFFFFF]
                  RenderText {#text} at (4,331) size 63x17
                    text run at (4,331) width 63: "Retirement"
                RenderBR {BR} at (67,344) size 0x0
              RenderText {#text} at (0,0) size 0x0
              RenderInline {A} at (0,0) size 120x21
                RenderInline {FONT} at (0,0) size 120x17 [color=#FFFFFF]
                  RenderText {#text} at (4,348) size 120x17
                    text run at (4,348) width 120: "Negocios Bloomberg"
                RenderBR {BR} at (124,361) size 0x0
              RenderText {#text} at (0,0) size 0x0
              RenderBR {BR} at (4,365) size 0x21
              RenderInline {B} at (0,0) size 78x21
                RenderInline {A} at (0,0) size 78x21
                  RenderInline {FONT} at (0,0) size 78x17 [color=#FFFFFF]
                    RenderText {#text} at (4,386) size 78x17
                      text run at (4,386) width 78: "MAGAZINES"
                  RenderBR {BR} at (82,399) size 0x0
              RenderText {#text} at (0,0) size 0x0
              RenderInline {A} at (0,0) size 101x21
                RenderInline {FONT} at (0,0) size 101x17 [color=#FFFFFF]
                  RenderText {#text} at (4,403) size 101x17
                    text run at (4,403) width 101: "Personal Finance"
                RenderBR {BR} at (105,416) size 0x0
              RenderText {#text} at (0,0) size 0x0
              RenderInline {A} at (0,0) size 94x21
                RenderInline {FONT} at (0,0) size 94x17 [color=#FFFFFF]
                  RenderText {#text} at (4,420) size 94x17
                    text run at (4,420) width 94: "Wealth Manager"
                RenderBR {BR} at (98,433) size 0x0
              RenderText {#text} at (0,0) size 0x0
              RenderBR {BR} at (4,437) size 0x21
              RenderInline {FONT} at (0,0) size 124x17 [color=#FFFFFF]
                RenderInline {B} at (0,0) size 124x17
                  RenderText {#text} at (4,458) size 124x17
                    text run at (4,458) width 124: "BUSINESS CENTER"
                RenderBR {BR} at (128,471) size 0x0
              RenderText {#text} at (0,0) size 0x0
              RenderInline {A} at (0,0) size 91x21
                RenderInline {FONT} at (0,0) size 91x17 [color=#FFFFFF]
                  RenderText {#text} at (4,475) size 91x17
                    text run at (4,475) width 91: "Small Business"
                RenderBR {BR} at (95,488) size 0x0
              RenderText {#text} at (0,0) size 0x0
              RenderBR {BR} at (4,492) size 0x21
              RenderInline {B} at (0,0) size 63x21
                RenderInline {A} at (0,0) size 63x21
                  RenderInline {FONT} at (0,0) size 63x17 [color=#FFFFFF]
                    RenderText {#text} at (4,513) size 63x17
                      text run at (4,513) width 63: "CAREERS"
                  RenderBR {BR} at (67,526) size 0x0
              RenderText {#text} at (0,0) size 0x0
              RenderBR {BR} at (4,530) size 0x21
              RenderInline {B} at (0,0) size 29x21
                RenderInline {A} at (0,0) size 29x21
                  RenderInline {FONT} at (0,0) size 29x17 [color=#FFFFFF]
                    RenderText {#text} at (4,551) size 29x17
                      text run at (4,551) width 29: "LIFE"
                  RenderBR {BR} at (33,564) size 0x0
              RenderText {#text} at (0,0) size 0x0
              RenderInline {A} at (0,0) size 98x21
                RenderInline {FONT} at (0,0) size 98x17 [color=#FFFFFF]
                  RenderText {#text} at (4,568) size 98x17
                    text run at (4,568) width 98: "The Finer Things"
                RenderBR {BR} at (102,581) size 0x0
              RenderText {#text} at (0,0) size 0x0
              RenderInline {A} at (0,0) size 38x21
                RenderInline {FONT} at (0,0) size 38x17 [color=#FFFFFF]
                  RenderText {#text} at (4,585) size 38x17
                    text run at (4,585) width 38: "Sports"
                RenderBR {BR} at (42,598) size 0x0
              RenderText {#text} at (0,0) size 0x0
              RenderInline {A} at (0,0) size 74x21
                RenderInline {FONT} at (0,0) size 74x17 [color=#FFFFFF]
                  RenderText {#text} at (4,602) size 74x17
                    text run at (4,602) width 74: "Charlie Rose"
                RenderBR {BR} at (78,615) size 0x0
              RenderText {#text} at (0,0) size 0x0
              RenderInline {A} at (0,0) size 76x21
                RenderInline {FONT} at (0,0) size 76x17 [color=#FFFFFF]
                  RenderText {#text} at (4,619) size 76x17
                    text run at (4,619) width 76: "B-Commerce"
                RenderBR {BR} at (80,632) size 0x0
              RenderBR {BR} at (4,636) size 0x21
              RenderImage {IMG} at (4,657) size 140x1
              RenderBR {BR} at (144,658) size 0x0
              RenderInline {A} at (0,0) size 74x21
                RenderInline {FONT} at (0,0) size 74x17 [color=#FFFFFF]
                  RenderText {#text} at (4,658) size 74x17
                    text run at (4,658) width 74: "To Advertise"
                RenderBR {BR} at (78,671) size 0x0
              RenderBR {BR} at (4,675) size 0x21
            RenderTableCell {TD} at (148,0) size 486x24 [bgcolor=#660000] [border: (1px inset #808080)] [r=0 c=1 rs=1 cs=3]
              RenderImage {IMG} at (11,4) size 465x16
          RenderTableRow {TR} at (0,24) size 634x69
            RenderTableCell {TD} at (148,24) size 128x69 [border: (1px inset #808080)] [r=1 c=1 rs=1 cs=1]
              RenderInline {A} at (0,0) size 120x21
                RenderText {#text} at (0,0) size 0x0
                RenderImage {IMG} at (4,4) size 120x60
              RenderText {#text} at (0,0) size 0x0
              RenderText {#text} at (0,0) size 0x0
              RenderImage {IMG} at (4,64) size 120x1
            RenderTableCell {TD} at (276,24) size 175x69 [border: (1px inset #808080)] [r=1 c=2 rs=1 cs=1]
              RenderInline {A} at (0,0) size 167x21
                RenderText {#text} at (0,0) size 0x0
                RenderImage {IMG} at (4,4) size 167x60
              RenderText {#text} at (0,0) size 0x0
              RenderText {#text} at (0,0) size 0x0
              RenderImage {IMG} at (4,64) size 167x1
            RenderTableCell {TD} at (451,24) size 183x535 [bgcolor=#CCCC99] [border: (1px inset #808080)] [r=1 c=3 rs=6 cs=1]
              RenderBlock (anonymous) at (4,4) size 175x30
                RenderInline {FONT} at (0,0) size 143x13
                  RenderInline {FONT} at (0,0) size 143x13
                    RenderInline {SPAN} at (0,0) size 143x13
                      RenderText {#text} at (16,0) size 143x13
                        text run at (16,0) width 143: "Tue, 27 Jul 1999, 2:47pm EDT"
                      RenderBR {BR} at (159,10) size 0x0
                RenderText {#text} at (0,0) size 0x0
                RenderInline {FONT} at (0,0) size 105x17 [color=#000000]
                  RenderInline {B} at (0,0) size 105x17
                    RenderInline {SPAN} at (0,0) size 105x17
                      RenderText {#text} at (35,13) size 105x17
                        text run at (35,13) width 105: "Market Snapshot"
                      RenderBR {BR} at (139,26) size 1x0
                RenderText {#text} at (0,0) size 0x0
              RenderBlock {CENTER} at (4,34) size 175x497
                RenderInline {A} at (0,0) size 175x21
                  RenderImage {IMG} at (0,0) size 175x270
                RenderText {#text} at (0,0) size 0x0
                RenderText {#text} at (0,0) size 0x0
                RenderInline {A} at (0,0) size 161x21
                  RenderText {#text} at (0,0) size 0x0
                  RenderImage {IMG} at (7,270) size 161x30
                RenderText {#text} at (0,0) size 0x0
                RenderText {#text} at (0,0) size 0x0
                RenderInline {FONT} at (0,0) size 149x17 [color=#000000]
                  RenderInline {B} at (0,0) size 149x17
                    RenderInline {SPAN} at (0,0) size 149x17
                      RenderText {#text} at (13,300) size 149x17
                        text run at (13,300) width 149: "Financial Market Update"
                      RenderBR {BR} at (162,313) size 0x0
                RenderText {#text} at (0,0) size 0x0
                RenderInline {FONT} at (0,0) size 85x13
                  RenderInline {A} at (0,0) size 32x13
                    RenderText {#text} at (45,317) size 32x13
                      text run at (45,317) width 32: "AUDIO"
                  RenderText {#text} at (77,317) size 18x13
                    text run at (77,317) width 18: "  |   "
                  RenderInline {A} at (0,0) size 32x13
                    RenderText {#text} at (95,317) size 32x13
                      text run at (95,317) width 32: "VIDEO"
                  RenderText {#text} at (127,317) size 3x13
                    text run at (127,317) width 3: " "
                RenderText {#text} at (0,0) size 0x0
                RenderBR {BR} at (0,0) size 0x0
                RenderBR {BR} at (87,330) size 1x21
                RenderBR {BR} at (87,351) size 1x21
                RenderInline {A} at (0,0) size 125x21
                  RenderText {#text} at (0,0) size 0x0
                  RenderImage {IMG} at (25,372) size 125x125
                RenderText {#text} at (0,0) size 0x0
                RenderText {#text} at (0,0) size 0x0
          RenderTableRow {TR} at (0,93) size 634x134
            RenderTableCell {TD} at (148,93) size 303x134 [bgcolor=#FFFFFF] [border: (1px inset #808080)] [r=2 c=1 rs=1 cs=2]
              RenderInline {A} at (0,0) size 0x0
                RenderImage {IMG} at (4,4) size 288x26
              RenderBR {BR} at (295,4) size 0x21
              RenderBR {BR} at (295,25) size 0x21
              RenderInline {A} at (0,0) size 291x63
                RenderInline {SPAN} at (0,0) size 291x63
                  RenderText {#text} at (4,46) size 291x63
                    text run at (4,46) width 291: "Looking for a new approach to investing?"
                    text run at (4,67) width 242: "How about a portfolio where every"
                    text run at (4,88) width 286: "holding has a word for its stock symbol? "
              RenderBR {BR} at (0,0) size 0x0
              RenderInline {SPAN} at (0,0) size 48x21
                RenderInline {A} at (0,0) size 48x21
                  RenderText {#text} at (4,109) size 48x21
                    text run at (4,109) width 48: "More..."
              RenderText {#text} at (0,0) size 0x0
          RenderTableRow {TR} at (0,227) size 634x349
            RenderTableCell {TD} at (148,227) size 303x349 [bgcolor=#C0C0C0] [border: (1px inset #808080)] [r=3 c=1 rs=1 cs=2]
              RenderImage {IMG} at (4,4) size 290x35
              RenderBR {BR} at (294,39) size 0x0
              RenderInline {A} at (0,0) size 249x21
                RenderInline {FONT} at (0,0) size 249x17
                  RenderInline {SPAN} at (0,0) size 249x17
                    RenderInline {STRON} at (0,0) size 249x17
                      RenderInline {U} at (0,0) size 249x17
                        RenderText {#text} at (4,39) size 249x17
                          text run at (4,39) width 249: "Use BLOOMBERG.com to Find a New Job"
              RenderBR {BR} at (253,52) size 0x0
              RenderInline {FONT} at (0,0) size 282x68
                RenderInline {SPAN} at (0,0) size 282x68
                  RenderText {#text} at (4,56) size 282x68
                    text run at (4,56) width 280: "Whether you know what you're looking for or just"
                    text run at (4,73) width 275: "know you're looking, the new career page offers"
                    text run at (4,90) width 282: "better searches, news, and calculators than ever"
                    text run at (4,107) width 40: "before."
              RenderBR {BR} at (44,120) size 0x0
              RenderInline {A} at (0,0) size 215x21
                RenderInline {FONT} at (0,0) size 215x17
                  RenderInline {SPAN} at (0,0) size 215x17
                    RenderInline {STRONG} at (0,0) size 215x17
                      RenderInline {U} at (0,0) size 215x17
                        RenderText {#text} at (4,124) size 215x17
                          text run at (4,124) width 215: "Bloomberg News on Rocket eBook"
              RenderBR {BR} at (219,137) size 0x0
              RenderInline {FONT} at (0,0) size 292x85
                RenderInline {SPAN} at (0,0) size 292x85
                  RenderText {#text} at (4,141) size 292x85
                    text run at (4,141) width 285: "Bloomberg's Top Financial News is now available"
                    text run at (4,158) width 235: "for download on your Rocket eBook. Get"
                    text run at (4,175) width 292: "tomorrow's news today with Bloomberg's summary"
                    text run at (4,192) width 233: "of the day's top stories. Bloomberg daily"
                    text run at (4,209) width 259: "RocketEditions are FREE until September 1."
              RenderBR {BR} at (263,222) size 0x0
              RenderInline {A} at (0,0) size 144x21
                RenderInline {FONT} at (0,0) size 144x17
                  RenderInline {SPAN} at (0,0) size 144x17
                    RenderInline {STRONG} at (0,0) size 144x17
                      RenderInline {U} at (0,0) size 144x17
                        RenderText {#text} at (4,226) size 144x17
                          text run at (4,226) width 144: "Bloomberg News to Go"
              RenderBR {BR} at (148,239) size 0x0
              RenderInline {FONT} at (0,0) size 294x51
                RenderInline {SPAN} at (0,0) size 294x51
                  RenderText {#text} at (4,243) size 294x51
                    text run at (4,243) width 165: "Get tomorrow's news today. "
                    text run at (169,243) width 125: "FREE weekday email"
                    text run at (4,260) width 294: "report of the top stories in business & finance from"
                    text run at (4,277) width 205: "BLOOMBERG NEWS at 5pm EST."
              RenderBR {BR} at (209,290) size 0x0
              RenderInline {A} at (0,0) size 179x21
                RenderInline {FONT} at (0,0) size 179x17
                  RenderInline {SPAN} at (0,0) size 179x17
                    RenderInline {STRONG} at (0,0) size 179x17
                      RenderInline {U} at (0,0) size 179x17
                        RenderText {#text} at (4,294) size 179x17
                          text run at (4,294) width 179: "Bloomberg Year 2000 Letters"
              RenderBR {BR} at (183,307) size 0x0
              RenderInline {FONT} at (0,0) size 284x34
                RenderInline {SPAN} at (0,0) size 284x34
                  RenderText {#text} at (4,311) size 284x34
                    text run at (4,311) width 284: "For Y2K information on BLOOMBERG, download"
                    text run at (4,328) width 147: "our customer letters now."
              RenderBR {BR} at (151,341) size 0x0
      RenderBlock {P} at (0,718) size 768x13
        RenderInline {FONT} at (0,0) size 424x13
          RenderText {#text} at (0,0) size 197x13
            text run at (0,0) width 197: "\x{A9}1999 Bloomberg L.P. All rights reserved. "
          RenderInline {A} at (0,0) size 77x13
            RenderText {#text} at (197,0) size 77x13
              text run at (197,0) width 77: "Terms of Service"
          RenderText {#text} at (274,0) size 6x13
            text run at (274,0) width 6: ", "
          RenderInline {A} at (0,0) size 63x13
            RenderText {#text} at (280,0) size 63x13
              text run at (280,0) width 63: "Privacy Policy"
          RenderText {#text} at (343,0) size 24x13
            text run at (343,0) width 24: " and "
          RenderInline {A} at (0,0) size 54x13
            RenderText {#text} at (367,0) size 54x13
              text run at (367,0) width 54: "Trademarks"
          RenderText {#text} at (421,0) size 3x13
            text run at (421,0) width 3: "."
        RenderText {#text} at (0,0) size 0x0
