layer at (0,0) size 784x643
  RenderView at (0,0) size 784x600
layer at (0,0) size 784x643
  RenderBlock {HTML} at (0,0) size 784x643
    RenderBody {BODY} at (8,8) size 768x627
      RenderTable {TABLE} at (0,0) size 79x33 [border: (2px solid #FF0000)]
        RenderTableSection {TBODY} at (2,2) size 75x29
          RenderTableRow {TR} at (0,2) size 75x25
            RenderTableCell {TD} at (2,2) size 34x25 [border: (1px inset #FF0000)] [r=0 c=0 rs=1 cs=1]
              RenderText {#text} at (2,2) size 30x21
                text run at (2,2) width 30: "One"
            RenderTableCell {TD} at (38,2) size 35x25 [border: (1px inset #FF0000)] [r=0 c=1 rs=1 cs=1]
              RenderText {#text} at (2,2) size 31x21
                text run at (2,2) width 31: "Two"
      RenderBlock (anonymous) at (0,33) size 768x21
        RenderBR {BR} at (0,0) size 0x21
      RenderTable {TABLE} at (0,54) size 81x35 [border: (3px solid #FF0000)]
        RenderTableSection {TBODY} at (3,3) size 75x29
          RenderTableRow {TR} at (0,2) size 75x25
            RenderTableCell {TD} at (2,2) size 34x25 [border: (1px inset #FF0000)] [r=0 c=0 rs=1 cs=1]
              RenderText {#text} at (2,2) size 30x21
                text run at (2,2) width 30: "One"
            RenderTableCell {TD} at (38,2) size 35x25 [border: (1px inset #FF0000)] [r=0 c=1 rs=1 cs=1]
              RenderText {#text} at (2,2) size 31x21
                text run at (2,2) width 31: "Two"
      RenderTable {TABLE} at (0,89) size 68x31 [border: (1px outset #808080)]
        RenderTableSection {TBODY} at (1,1) size 66x29
          RenderTableRow {TR} at (0,2) size 66x25
            RenderTableCell {TD} at (2,2) size 31x25 [border: (1px inset #808080)] [r=0 c=0 rs=1 cs=1]
              RenderText {#text} at (2,2) size 27x21
                text run at (2,2) width 27: "one"
            RenderTableCell {TD} at (35,2) size 29x25 [border: (1px inset #808080)] [r=0 c=1 rs=1 cs=1]
              RenderText {#text} at (2,2) size 25x21
                text run at (2,2) width 25: "two"
      RenderBlock (anonymous) at (0,120) size 768x21
        RenderBR {BR} at (0,0) size 0x21
      RenderTable {TABLE} at (0,141) size 74x27
        RenderTableSection {TBODY} at (0,0) size 74x27
          RenderTableRow {TR} at (0,2) size 74x23
            RenderTableCell {TD} at (2,2) size 20x23 [r=0 c=0 rs=1 cs=1]
              RenderText {#text} at (1,1) size 18x21
                text run at (1,1) width 18: "no"
            RenderTableCell {TD} at (24,2) size 48x23 [r=0 c=1 rs=1 cs=1]
              RenderText {#text} at (1,1) size 46x21
                text run at (1,1) width 46: "border"
      RenderBlock (anonymous) at (0,168) size 768x21
        RenderText {#text} at (0,0) size 74x21
          text run at (0,0) width 74: "This table:"
      RenderTable {TABLE} at (0,189) size 77x31 [border: (1px solid #FF0000)]
        RenderTableSection {TBODY} at (1,1) size 75x29
          RenderTableRow {TR} at (0,2) size 75x25
            RenderTableCell {TD} at (2,2) size 34x25 [border: (1px inset #FF0000)] [r=0 c=0 rs=1 cs=1]
              RenderText {#text} at (2,2) size 30x21
                text run at (2,2) width 30: "One"
            RenderTableCell {TD} at (38,2) size 35x25 [border: (1px inset #FF0000)] [r=0 c=1 rs=1 cs=1]
              RenderText {#text} at (2,2) size 31x21
                text run at (2,2) width 31: "Two"
      RenderBlock (anonymous) at (0,220) size 768x42
        RenderBR {BR} at (0,0) size 0x21
        RenderText {#text} at (0,21) size 207x21
          text run at (0,21) width 207: "Should look just like this one:"
      RenderTable {TABLE} at (0,262) size 79x33 [border: (2px outset #808080)]
        RenderTableSection {TBODY} at (2,2) size 75x29
          RenderTableRow {TR} at (0,2) size 75x25
            RenderTableCell {TD} at (2,2) size 34x25 [border: (1px inset #808080)] [r=0 c=0 rs=1 cs=1]
              RenderText {#text} at (2,2) size 30x21
                text run at (2,2) width 30: "One"
            RenderTableCell {TD} at (38,2) size 35x25 [border: (1px inset #808080)] [r=0 c=1 rs=1 cs=1]
              RenderText {#text} at (2,2) size 31x21
                text run at (2,2) width 31: "Two"
      RenderBlock (anonymous) at (0,295) size 768x21
        RenderBR {BR} at (0,0) size 0x21
      RenderTable {TABLE} at (0,316) size 68x31 [border: (1px solid #FF0000)]
        RenderTableSection {TBODY} at (1,1) size 66x29
          RenderTableRow {TR} at (0,2) size 66x25
            RenderTableCell {TD} at (2,2) size 31x25 [border: (1px solid #008000)] [r=0 c=0 rs=1 cs=1]
              RenderText {#text} at (2,2) size 27x21
                text run at (2,2) width 27: "one"
            RenderTableCell {TD} at (35,2) size 29x25 [border: (1px solid #FF0000)] [r=0 c=1 rs=1 cs=1]
              RenderText {#text} at (2,2) size 25x21
                text run at (2,2) width 25: "two"
      RenderBlock (anonymous) at (0,347) size 768x21
        RenderBR {BR} at (0,0) size 0x21
      RenderTable {TABLE} at (0,368) size 110x58 [border: (1px solid #FF0000)]
        RenderTableSection {TBODY} at (1,1) size 108x56
          RenderTableRow {TR} at (0,2) size 108x25
            RenderTableCell {TD} at (2,2) size 31x25 [border: (1px solid #008000)] [r=0 c=0 rs=1 cs=1]
              RenderText {#text} at (2,2) size 27x21
                text run at (2,2) width 27: "one"
            RenderTableCell {TD} at (35,2) size 29x25 [border: (1px solid #FF0000)] [r=0 c=1 rs=1 cs=1]
              RenderText {#text} at (2,2) size 25x21
                text run at (2,2) width 25: "two"
            RenderTableCell {TD} at (66,2) size 40x25 [border: (1px solid #0000FF)] [r=0 c=2 rs=1 cs=1]
              RenderText {#text} at (2,2) size 36x21
                text run at (2,2) width 36: "three"
          RenderTableRow {TR} at (0,29) size 108x25
            RenderTableCell {TD} at (2,29) size 31x25 [border: (1px solid #008000)] [r=1 c=0 rs=1 cs=1]
              RenderText {#text} at (2,2) size 27x21
                text run at (2,2) width 27: "four"
            RenderTableCell {TD} at (35,29) size 29x25 [border: (1px solid #FFFF00)] [r=1 c=1 rs=1 cs=1]
              RenderText {#text} at (2,2) size 25x21
                text run at (2,2) width 25: "five"
            RenderTableCell {TD} at (66,29) size 40x25 [border: (1px solid #FFA500)] [r=1 c=2 rs=1 cs=1]
              RenderText {#text} at (2,2) size 20x21
                text run at (2,2) width 20: "six"
      RenderBlock (anonymous) at (0,426) size 768x21
        RenderBR {BR} at (0,0) size 0x21
      RenderTable {TABLE} at (0,447) size 110x58 [border: (1px solid #FF0000)]
        RenderTableSection {TBODY} at (1,1) size 108x56
          RenderTableRow {TR} at (0,2) size 108x25
            RenderTableCell {TD} at (2,2) size 31x25 [border: (1px solid #008000)] [r=0 c=0 rs=1 cs=1]
              RenderText {#text} at (2,2) size 27x21
                text run at (2,2) width 27: "one"
            RenderTableCell {TD} at (35,2) size 29x25 [border: (1px solid #FF0000)] [r=0 c=1 rs=1 cs=1]
              RenderText {#text} at (2,2) size 25x21
                text run at (2,2) width 25: "two"
            RenderTableCell {TD} at (66,2) size 40x25 [border: (1px solid #0000FF)] [r=0 c=2 rs=1 cs=1]
              RenderText {#text} at (2,2) size 36x21
                text run at (2,2) width 36: "three"
          RenderTableRow {TR} at (0,29) size 108x25
            RenderTableCell {TD} at (2,29) size 31x25 [border: (1px solid #008000)] [r=1 c=0 rs=1 cs=1]
              RenderText {#text} at (2,2) size 27x21
                text run at (2,2) width 27: "four"
            RenderTableCell {TD} at (35,29) size 29x25 [border: (1px solid #FFFF00)] [r=1 c=1 rs=1 cs=1]
              RenderText {#text} at (2,2) size 25x21
                text run at (2,2) width 25: "five"
            RenderTableCell {TD} at (66,29) size 40x25 [border: (1px solid #FFA500)] [r=1 c=2 rs=1 cs=1]
              RenderText {#text} at (2,2) size 20x21
                text run at (2,2) width 20: "six"
      RenderBlock (anonymous) at (0,505) size 768x21
        RenderBR {BR} at (0,0) size 0x21
      RenderTable {TABLE} at (0,526) size 69x39 [border: (5px outset #808080)]
        RenderTableSection {TBODY} at (5,5) size 59x29
          RenderTableRow {TR} at (0,2) size 59x25
            RenderTableCell {TD} at (2,2) size 26x25 [border: (1px inset #808080)] [r=0 c=0 rs=1 cs=1]
              RenderText {#text} at (2,2) size 22x21
                text run at (2,2) width 22: "foo"
            RenderTableCell {TD} at (30,2) size 27x25 [border: (1px inset #808080)] [r=0 c=1 rs=1 cs=1]
              RenderText {#text} at (2,2) size 23x21
                text run at (2,2) width 23: "bar"
      RenderBlock (anonymous) at (0,565) size 768x21
        RenderBR {BR} at (0,0) size 0x21
      RenderTable {TABLE} at (0,586) size 73x41 [border: (5px outset #808080)]
        RenderTableSection {TBODY} at (5,5) size 63x31
          RenderTableRow {TR} at (0,2) size 63x27
            RenderTableCell {TD} at (2,2) size 28x27 [border: (2px solid #FF0000)] [r=0 c=0 rs=1 cs=1]
              RenderText {#text} at (3,3) size 22x21
                text run at (3,3) width 22: "foo"
            RenderTableCell {TD} at (32,2) size 29x27 [border: (2px solid #FF0000)] [r=0 c=1 rs=1 cs=1]
              RenderText {#text} at (3,3) size 23x21
                text run at (3,3) width 23: "bar"
