layer at (0,0) size 800x600
  RenderView at (0,0) size 800x600
layer at (0,0) size 800x600
  RenderBlock {HTML} at (0,0) size 800x600
    RenderBody {BODY} at (8,8) size 784x584
      RenderTable {TABLE} at (0,0) size 100x116 [bgcolor=#0000FF] [border: (20px solid #000000)]
        RenderTableSection {TBODY} at (30,30) size 40x56
          RenderTableRow {TR} at (0,2) size 40x25
            RenderTableCell {TD} at (2,2) size 36x25 [border: (1px inset #000000)] [r=0 c=0 rs=1 cs=1]
              RenderText {#text} at (2,2) size 22x21
                text run at (2,2) width 22: "foo"
          RenderTableRow {TR} at (0,29) size 40x25
            RenderTableCell {TD} at (2,29) size 36x25 [border: (1px inset #000000)] [r=1 c=0 rs=1 cs=1]
              RenderText {#text} at (2,2) size 23x21
                text run at (2,2) width 23: "bar"
      RenderBlock (anonymous) at (0,116) size 784x21
        RenderBR {BR} at (0,0) size 0x21
      RenderTable {TABLE} at (0,137) size 100x116 [bgcolor=#0000FF] [border: (20px solid #000000)]
        RenderTableSection {TBODY} at (30,30) size 40x56
          RenderTableRow {TR} at (0,2) size 40x25
            RenderTableCell {TD} at (2,2) size 36x25 [border: (1px inset #000000)] [r=0 c=0 rs=1 cs=1]
              RenderText {#text} at (2,2) size 22x21
                text run at (2,2) width 22: "foo"
          RenderTableRow {TR} at (0,29) size 40x25
            RenderTableCell {TD} at (2,29) size 36x25 [border: (1px inset #000000)] [r=1 c=0 rs=1 cs=1]
              RenderText {#text} at (2,2) size 23x21
                text run at (2,2) width 23: "bar"
      RenderBlock (anonymous) at (0,253) size 784x21
        RenderBR {BR} at (0,0) size 0x21
      RenderTable {TABLE} at (0,274) size 100x116 [bgcolor=#0000FF] [border: (20px solid #000000)]
        RenderTableSection {TBODY} at (30,30) size 40x56
          RenderTableRow {TR} at (0,2) size 40x25
            RenderTableCell {TD} at (2,2) size 36x25 [border: (1px inset #000000)] [r=0 c=0 rs=1 cs=1]
              RenderText {#text} at (2,2) size 22x21
                text run at (2,2) width 22: "foo"
          RenderTableRow {TR} at (0,29) size 40x25
            RenderTableCell {TD} at (2,29) size 36x25 [border: (1px inset #000000)] [r=1 c=0 rs=1 cs=1]
              RenderText {#text} at (2,2) size 23x21
                text run at (2,2) width 23: "bar"
