layer at (0,0) size 784x15935
  RenderView at (0,0) size 784x600
layer at (0,0) size 784x15935
  RenderBlock {HTML} at (0,0) size 784x15935
    RenderBody {BODY} at (8,8) size 768x15919
      RenderTable {TABLE} at (0,0) size 42x584 [bgcolor=#0000FF] [border: (1px outset #808080)]
        RenderTableSection {TBODY} at (1,1) size 40x582
          RenderTableRow {TR} at (0,2) size 40x114
            RenderTableCell {TD} at (2,46) size 36x25 [border: (1px inset #808080)] [r=0 c=0 rs=1 cs=1]
              RenderText {#text} at (2,2) size 32x21
                text run at (2,2) width 32: "20%"
          RenderTableRow {TR} at (0,118) size 40x462
            RenderTableCell {TD} at (2,336) size 36x25 [border: (1px inset #808080)] [r=1 c=0 rs=1 cs=1]
              RenderText {#text} at (2,2) size 32x21
                text run at (2,2) width 32: "80%"
      RenderBlock (anonymous) at (0,584) size 768x21
        RenderBR {BR} at (0,0) size 0x21
      RenderTable {TABLE} at (0,605) size 58x108 [bgcolor=#0000FF] [border: (1px outset #808080)]
        RenderTableSection {TBODY} at (1,1) size 56x106
          RenderTableRow {TR} at (0,2) size 56x50
            RenderTableCell {TD} at (2,14) size 52x25 [border: (1px inset #808080)] [r=0 c=0 rs=1 cs=1]
              RenderText {#text} at (2,2) size 48x21
                text run at (2,2) width 48: "row 50"
          RenderTableRow {TR} at (0,54) size 56x50
            RenderTableCell {TD} at (2,66) size 52x25 [border: (1px inset #808080)] [r=1 c=0 rs=1 cs=1]
              RenderText {#text} at (2,2) size 18x21
                text run at (2,2) width 18: "50"
      RenderBlock (anonymous) at (0,713) size 768x21
        RenderBR {BR} at (0,0) size 0x21
      RenderTable {TABLE} at (0,734) size 28x125 [bgcolor=#0000FF] [border: (1px outset #808080)]
        RenderTableSection {TBODY} at (1,1) size 26x123
          RenderTableRow {TR} at (0,2) size 26x67
            RenderTableCell {TD} at (2,2) size 22x67 [border: (1px inset #808080)] [r=0 c=0 rs=1 cs=1]
              RenderText {#text} at (2,2) size 9x63
                text run at (2,2) width 9: "5"
                text run at (2,23) width 9: "5"
                text run at (2,44) width 9: "5"
          RenderTableRow {TR} at (0,71) size 26x50
            RenderTableCell {TD} at (2,83) size 22x25 [border: (1px inset #808080)] [r=1 c=0 rs=1 cs=1]
              RenderText {#text} at (2,2) size 18x21
                text run at (2,2) width 18: "50"
      RenderTable {TABLE} at (0,859) size 37x258 [bgcolor=#0000FF] [border: (1px outset #808080)]
        RenderTableSection {TBODY} at (1,1) size 35x256
          RenderTableRow {TR} at (0,2) size 35x200
            RenderTableCell {TD} at (2,89) size 31x25 [border: (1px inset #808080)] [r=0 c=0 rs=1 cs=1]
              RenderText {#text} at (2,2) size 27x21
                text run at (2,2) width 27: "200"
          RenderTableRow {TR} at (0,204) size 35x50
            RenderTableCell {TD} at (2,216) size 31x25 [border: (1px inset #808080)] [r=1 c=0 rs=1 cs=1]
              RenderText {#text} at (2,2) size 18x21
                text run at (2,2) width 18: "50"
      RenderBlock (anonymous) at (0,1117) size 768x21
        RenderBR {BR} at (0,0) size 0x21
      RenderTable {TABLE} at (0,1138) size 37x258 [bgcolor=#0000FF] [border: (1px outset #808080)]
        RenderTableSection {TBODY} at (1,1) size 35x256
          RenderTableRow {TR} at (0,2) size 35x200
            RenderTableCell {TD} at (2,89) size 31x25 [border: (1px inset #808080)] [r=0 c=0 rs=1 cs=1]
              RenderText {#text} at (2,2) size 27x21
                text run at (2,2) width 27: "200"
          RenderTableRow {TR} at (0,204) size 35x50
            RenderTableCell {TD} at (2,216) size 31x25 [border: (1px inset #808080)] [r=1 c=0 rs=1 cs=1]
              RenderText {#text} at (2,2) size 18x21
                text run at (2,2) width 18: "50"
      RenderBlock (anonymous) at (0,1396) size 768x21
        RenderBR {BR} at (0,0) size 0x21
      RenderTable {TABLE} at (0,1417) size 70x208 [bgcolor=#FFA500] [border: (1px outset #808080)]
        RenderTableSection {TBODY} at (1,1) size 68x206
          RenderTableRow {TR} at (0,2) size 68x100
            RenderTableCell {TD} at (2,90) size 31x25 [border: (1px inset #808080)] [r=0 c=0 rs=2 cs=1]
              RenderText {#text} at (2,2) size 27x21
                text run at (2,2) width 27: "100"
            RenderTableCell {TD} at (35,39) size 31x25 [border: (1px inset #808080)] [r=0 c=1 rs=1 cs=1]
              RenderText {#text} at (2,2) size 27x21
                text run at (2,2) width 27: "100"
          RenderTableRow {TR} at (0,104) size 68x100
            RenderTableCell {TD} at (35,120) size 31x67 [border: (1px inset #808080)] [r=1 c=1 rs=1 cs=1]
              RenderText {#text} at (2,2) size 27x63
                text run at (2,2) width 27: "100"
                text run at (2,23) width 27: "100"
                text run at (2,44) width 27: "100"
      RenderBlock (anonymous) at (0,1625) size 768x21
        RenderBR {BR} at (0,0) size 0x21
      RenderTable {TABLE} at (0,1646) size 51x31 [bgcolor=#FFFF00] [border: (1px outset #808080)]
        RenderTableSection {TBODY} at (1,1) size 49x29
          RenderTableRow {TR} at (0,2) size 49x25
            RenderTableCell {TD} at (2,2) size 45x25 [border: (1px inset #808080)] [r=0 c=0 rs=1 cs=1]
              RenderText {#text} at (2,2) size 41x21
                text run at (2,2) width 41: "100%"
      RenderBlock (anonymous) at (0,1677) size 768x21
        RenderBR {BR} at (0,0) size 0x21
      RenderTable {TABLE} at (0,1698) size 42x1698 [bgcolor=#FFA500] [border: (1px outset #808080)]
        RenderTableSection {TBODY} at (1,1) size 40x1696
          RenderTableRow {TR} at (0,2) size 40x337
            RenderTableCell {TD} at (2,158) size 36x25 [border: (1px inset #808080)] [r=0 c=0 rs=1 cs=1]
              RenderText {#text} at (2,2) size 32x21
                text run at (2,2) width 32: "20%"
          RenderTableRow {TR} at (0,341) size 40x1353
            RenderTableCell {TD} at (2,1005) size 36x25 [border: (1px inset #808080)] [r=1 c=0 rs=1 cs=1]
              RenderText {#text} at (2,2) size 32x21
                text run at (2,2) width 32: "80%"
      RenderBlock (anonymous) at (0,3396) size 768x21
        RenderBR {BR} at (0,0) size 0x21
      RenderTable {TABLE} at (0,3417) size 66x206 [bgcolor=#808080] [border: (1px outset #808080)]
        RenderTableSection {TBODY} at (1,1) size 64x204
          RenderTableRow {TR} at (0,2) size 64x200
            RenderTableCell {TD} at (2,89) size 27x25 [border: (1px inset #808080)] [r=0 c=0 rs=1 cs=1]
              RenderText {#text} at (2,2) size 23x21
                text run at (2,2) width 23: "5%"
            RenderTableCell {TD} at (31,89) size 31x25 [border: (1px inset #808080)] [r=0 c=1 rs=1 cs=1]
              RenderText {#text} at (2,2) size 27x21
                text run at (2,2) width 27: "200"
      RenderBlock (anonymous) at (0,3623) size 768x21
        RenderBR {BR} at (0,0) size 0x21
      RenderTable {TABLE} at (0,3644) size 66x198 [bgcolor=#FFA500] [border: (1px outset #808080)]
        RenderTableSection {TBODY} at (1,1) size 64x196
          RenderTableRow {TR} at (0,2) size 64x192
            RenderTableCell {TD} at (2,85) size 36x25 [border: (1px inset #808080)] [r=0 c=0 rs=1 cs=1]
              RenderText {#text} at (2,2) size 32x21
                text run at (2,2) width 32: "50%"
            RenderTableCell {TD} at (40,85) size 22x25 [border: (1px inset #808080)] [r=0 c=1 rs=1 cs=1]
              RenderText {#text} at (2,2) size 18x21
                text run at (2,2) width 18: "20"
      RenderBlock (anonymous) at (0,3842) size 768x21
        RenderBR {BR} at (0,0) size 0x21
      RenderTable {TABLE} at (0,3863) size 42x3862 [border: (1px outset #808080)]
        RenderTableSection {TBODY} at (1,1) size 40x3860
          RenderTableRow {TR} at (0,2) size 40x537
            RenderTableCell {TD} at (2,258) size 36x25 [border: (1px inset #808080)] [r=0 c=0 rs=1 cs=1]
              RenderText {#text} at (2,2) size 27x21
                text run at (2,2) width 27: "500"
          RenderTableRow {TR} at (0,541) size 40x3317
            RenderTableCell {TD} at (2,2187) size 36x25 [border: (1px inset #808080)] [r=1 c=0 rs=1 cs=1]
              RenderText {#text} at (2,2) size 32x21
                text run at (2,2) width 32: "80%"
      RenderBlock (anonymous) at (0,7725) size 768x21
        RenderBR {BR} at (0,0) size 0x21
      RenderTable {TABLE} at (0,7746) size 115x7746 [bgcolor=#FF0000] [border: (1px outset #808080)]
        RenderTableSection {TBODY} at (1,1) size 113x7744
          RenderTableRow {TR} at (0,2) size 113x2429
            RenderTableCell {TD} at (2,2643) size 35x25 [border: (1px inset #808080)] [r=0 c=0 rs=2 cs=1]
              RenderText {#text} at (2,2) size 27x21
                text run at (2,2) width 27: "500"
            RenderTableCell {TD} at (39,1204) size 35x25 [border: (1px inset #808080)] [r=0 c=1 rs=1 cs=1]
              RenderText {#text} at (2,2) size 31x21
                text run at (2,2) width 31: "auto"
          RenderTableRow {TR} at (0,2433) size 113x2877
            RenderTableCell {TD} at (39,3859) size 35x25 [border: (1px inset #808080)] [r=1 c=1 rs=1 cs=1]
              RenderText {#text} at (2,2) size 31x21
                text run at (2,2) width 31: "auto"
            RenderTableCell {TD} at (76,3859) size 35x25 [border: (1px inset #808080)] [r=1 c=2 rs=1 cs=1]
              RenderText {#text} at (2,2) size 31x21
                text run at (2,2) width 31: "auto"
          RenderTableRow {TR} at (0,5312) size 113x2430
            RenderTableCell {TD} at (2,6514) size 35x25 [border: (1px inset #808080)] [r=2 c=0 rs=1 cs=1]
              RenderText {#text} at (2,2) size 31x21
                text run at (2,2) width 31: "auto"
            RenderTableCell {TD} at (39,6514) size 35x25 [border: (1px inset #808080)] [r=2 c=1 rs=1 cs=1]
              RenderText {#text} at (2,2) size 31x21
                text run at (2,2) width 31: "auto"
      RenderBlock (anonymous) at (0,15492) size 768x21
        RenderBR {BR} at (0,0) size 0x21
      RenderTable {TABLE} at (0,15513) size 57x406 [bgcolor=#FFA500] [border: (1px outset #808080)]
        RenderTableSection {TBODY} at (1,1) size 55x404
          RenderTableRow {TR} at (0,2) size 55x400
            RenderTableCell {TD} at (2,2) size 51x400 [border: (1px inset #808080)] [r=0 c=0 rs=1 cs=1]
              RenderTable {TABLE} at (2,2) size 47x396 [bgcolor=#0000FF]
                RenderTableSection {TBODY} at (0,0) size 47x396
                  RenderTableRow {TR} at (0,2) size 47x392
                    RenderTableCell {TD} at (2,186) size 43x23 [r=0 c=0 rs=1 cs=1]
                      RenderText {#text} at (1,1) size 41x21
                        text run at (1,1) width 41: "100%"
