layer at (0,0) size 784x687
  RenderView at (0,0) size 784x600
layer at (0,0) size 784x687
  RenderBlock {HTML} at (0,0) size 784x687
    RenderBody {BODY} at (8,8) size 768x671
      RenderTable {TABLE} at (0,0) size 268x31 [border: (1px outset #808080)]
        RenderTableSection {TBODY} at (1,1) size 266x29
          RenderTableRow {TR} at (0,2) size 266x25
            RenderTableCell {TD} at (2,2) size 182x25 [border: (1px inset #808080)] [r=0 c=0 rs=1 cs=1]
              RenderText {#text} at (2,2) size 27x21
                text run at (2,2) width 27: "100"
            RenderTableCell {TD} at (186,2) size 78x25 [border: (1px inset #808080)] [r=0 c=1 rs=1 cs=1]
              RenderText {#text} at (2,2) size 74x21
                text run at (2,2) width 74: "30% width"
      RenderBlock (anonymous) at (0,31) size 768x21
        RenderBR {BR} at (0,0) size 0x21
      RenderTable {TABLE} at (0,52) size 216x52 [border: (1px outset #808080)]
        RenderTableSection {TBODY} at (1,1) size 214x50
          RenderTableRow {TR} at (0,2) size 214x46
            RenderTableCell {TD} at (2,2) size 104x46 [border: (1px inset #808080)] [r=0 c=0 rs=1 cs=1]
              RenderText {#text} at (2,2) size 89x42
                text run at (2,2) width 89: "100 100 100"
                text run at (2,23) width 89: "100 100 100"
            RenderTableCell {TD} at (108,12) size 104x25 [border: (1px inset #808080)] [r=0 c=1 rs=1 cs=1]
              RenderText {#text} at (2,2) size 74x21
                text run at (2,2) width 74: "50% width"
      RenderBlock (anonymous) at (0,104) size 768x21
        RenderBR {BR} at (0,0) size 0x21
      RenderTable {TABLE} at (0,125) size 530x58 [border: (1px outset #808080)]
        RenderTableSection {TBODY} at (1,1) size 528x56
          RenderTableRow {TR} at (0,2) size 528x25
            RenderTableCell {TD} at (2,2) size 104x25 [border: (1px inset #808080)] [r=0 c=0 rs=1 cs=1]
              RenderText {#text} at (2,2) size 27x21
                text run at (2,2) width 27: "100"
            RenderTableCell {TD} at (108,2) size 260x25 [border: (1px inset #808080)] [r=0 c=1 rs=1 cs=1]
              RenderText {#text} at (2,2) size 103x21
                text run at (2,2) width 103: "no width given"
            RenderTableCell {TD} at (370,2) size 156x25 [border: (1px inset #808080)] [r=0 c=2 rs=1 cs=1]
              RenderText {#text} at (2,2) size 74x21
                text run at (2,2) width 74: "30% width"
          RenderTableRow {TR} at (0,29) size 528x25
            RenderTableCell {TD} at (2,29) size 524x25 [border: (1px inset #808080)] [r=1 c=0 rs=1 cs=3]
              RenderText {#text} at (2,2) size 105x21
                text run at (2,2) width 105: "500 colspan=3"
      RenderBlock (anonymous) at (0,183) size 768x21
        RenderBR {BR} at (0,0) size 0x21
      RenderTable {TABLE} at (0,204) size 436x85 [border: (1px outset #808080)]
        RenderTableSection {TBODY} at (1,1) size 434x83
          RenderTableRow {TR} at (0,2) size 434x25
            RenderTableCell {TD} at (2,2) size 104x25 [border: (1px inset #808080)] [r=0 c=0 rs=1 cs=1]
              RenderText {#text} at (2,2) size 22x21
                text run at (2,2) width 22: "foo"
            RenderTableCell {TD} at (108,2) size 195x25 [border: (1px inset #808080)] [r=0 c=1 rs=1 cs=1]
              RenderText {#text} at (2,2) size 103x21
                text run at (2,2) width 103: "no width given"
            RenderTableCell {TD} at (305,2) size 127x25 [border: (1px inset #808080)] [r=0 c=2 rs=1 cs=1]
              RenderText {#text} at (2,2) size 74x21
                text run at (2,2) width 74: "30% width"
          RenderTableRow {TR} at (0,29) size 434x25
            RenderTableCell {TD} at (2,29) size 301x25 [border: (1px inset #808080)] [r=1 c=0 rs=1 cs=2]
              RenderText {#text} at (2,2) size 126x21
                text run at (2,2) width 126: "200 spans col 1-2"
            RenderTableCell {TD} at (305,29) size 127x25 [border: (1px inset #808080)] [r=1 c=2 rs=1 cs=1]
              RenderText {#text} at (2,2) size 54x21
                text run at (2,2) width 54: "last cell"
          RenderTableRow {TR} at (0,56) size 434x25
            RenderTableCell {TD} at (2,56) size 104x25 [border: (1px inset #808080)] [r=2 c=0 rs=1 cs=1]
              RenderText {#text} at (2,2) size 54x21
                text run at (2,2) width 54: "first cell"
            RenderTableCell {TD} at (108,56) size 324x25 [border: (1px inset #808080)] [r=2 c=1 rs=1 cs=2]
              RenderText {#text} at (2,2) size 126x21
                text run at (2,2) width 126: "300 spans col 2-3"
      RenderBlock (anonymous) at (0,289) size 768x21
        RenderBR {BR} at (0,0) size 0x21
      RenderTable {TABLE} at (0,310) size 700x115 [border: (1px outset #808080)]
        RenderTableSection {TBODY} at (1,1) size 698x113
          RenderTableRow {TR} at (0,2) size 698x109
            RenderTableCell {TD} at (2,2) size 104x109 [border: (1px inset #808080)] [r=0 c=0 rs=1 cs=1]
              RenderText {#text} at (2,2) size 54x105
                text run at (2,2) width 49: "fooooo"
                text run at (2,23) width 54: "oooooo"
                text run at (2,44) width 54: "oooooo"
                text run at (2,65) width 54: "oooooo"
                text run at (2,86) width 54: "oooooo"
            RenderTableCell {TD} at (108,44) size 588x25 [border: (1px inset #808080)] [r=0 c=1 rs=1 cs=1]
              RenderText {#text} at (2,2) size 23x21
                text run at (2,2) width 23: "bar"
      RenderBlock (anonymous) at (0,425) size 768x21
        RenderBR {BR} at (0,0) size 0x21
      RenderTable {TABLE} at (0,446) size 400x102 [border: (1px outset #808080)]
        RenderTableSection {TBODY} at (1,1) size 398x100
          RenderTableRow {TR} at (0,0) size 398x50
            RenderTableCell {TD} at (0,0) size 117x50 [border: (1px inset #808080)] [r=0 c=0 rs=1 cs=2]
              RenderBlock {P} at (4,4) size 109x42
                RenderInline {B} at (0,0) size 79x42
                  RenderText {#text} at (0,0) size 79x42
                    text run at (0,0) width 50: "This is"
                    text run at (0,21) width 79: "colspan=2"
            RenderTableCell {TD} at (117,0) size 281x50 [border: (1px inset #808080)] [r=0 c=2 rs=1 cs=1]
              RenderText {#text} at (4,4) size 255x42
                text run at (4,4) width 255: "Blah Blah Blah Blah Blah Blah Blah"
                text run at (4,25) width 70: "Blah Blah"
          RenderTableRow {TR} at (0,50) size 398x50
            RenderTableCell {TD} at (0,50) size 398x50 [border: (1px inset #808080)] [r=1 c=0 rs=1 cs=3]
              RenderBlock {P} at (4,4) size 390x42
                RenderInline {B} at (0,0) size 133x21
                  RenderText {#text} at (0,0) size 133x21
                    text run at (0,0) width 133: "This is colspan=3"
                RenderText {#text} at (133,0) size 378x42
                  text run at (133,0) width 179: " blah blah blah blah blah "
                  text run at (312,0) width 66: "blah blah"
                  text run at (0,21) width 276: "blah blah blah blah blah blah blah blah"
      RenderBlock (anonymous) at (0,548) size 768x42
        RenderBR {BR} at (0,0) size 0x21
        RenderBR {BR} at (0,21) size 0x21
      RenderTable {TABLE} at (0,590) size 400x81 [border: (1px outset #808080)]
        RenderTableSection {TBODY} at (1,1) size 398x79
          RenderTableRow {TR} at (0,0) size 398x29
            RenderTableCell {TD} at (0,0) size 166x29 [border: (1px inset #808080)] [r=0 c=0 rs=1 cs=1]
              RenderBlock {P} at (4,4) size 158x21
                RenderInline {B} at (0,0) size 155x21
                  RenderText {#text} at (0,0) size 155x21
                    text run at (0,0) width 155: "no colspan declared"
            RenderTableCell {TD} at (166,0) size 232x29 [border: (1px inset #808080)] [r=0 c=1 rs=1 cs=1]
              RenderText {#text} at (4,4) size 218x21
                text run at (4,4) width 218: "Blah Blah Blah Blah Blah Blah"
          RenderTableRow {TR} at (0,29) size 398x50
            RenderTableCell {TD} at (0,29) size 398x50 [border: (1px inset #808080)] [r=1 c=0 rs=1 cs=2]
              RenderBlock {P} at (4,4) size 390x42
                RenderInline {B} at (0,0) size 133x21
                  RenderText {#text} at (0,0) size 133x21
                    text run at (0,0) width 133: "This is colspan=2"
                RenderText {#text} at (133,0) size 378x42
                  text run at (133,0) width 179: " blah blah blah blah blah "
                  text run at (312,0) width 66: "blah blah"
                  text run at (0,21) width 276: "blah blah blah blah blah blah blah blah"
