layer at (0,0) size 800x600
  RenderView at (0,0) size 800x600
layer at (0,0) size 800x600
  RenderBlock {HTML} at (0,0) size 800x600
    RenderBody {BODY} at (8,8) size 784x584
      RenderBlock (anonymous) at (0,0) size 784x21
        RenderText {#text} at (0,0) size 70x21
          text run at (0,0) width 70: "auto table"
      RenderTable {TABLE} at (0,21) size 95x31 [border: (1px outset #808080)]
        RenderTableSection {TBODY} at (1,1) size 93x29
          RenderTableRow {TR} at (0,2) size 93x25
            RenderTableCell {TD} at (2,2) size 52x25 [border: (1px inset #808080)] [r=0 c=0 rs=1 cs=1]
              RenderText {#text} at (2,2) size 48x21
                text run at (2,2) width 48: "0 0 0 0"
            RenderTableCell {TD} at (56,2) size 35x25 [border: (1px inset #808080)] [r=0 c=1 rs=1 cs=1]
              RenderText {#text} at (2,2) size 31x21
                text run at (2,2) width 31: "auto"
      RenderBlock (anonymous) at (0,52) size 784x42
        RenderBR {BR} at (0,0) size 0x21
        RenderText {#text} at (0,21) size 217x21
          text run at (0,21) width 217: "auto table - fixed cells honored"
      RenderTable {TABLE} at (0,94) size 147x31 [border: (1px outset #808080)]
        RenderTableSection {TBODY} at (1,1) size 145x29
          RenderTableRow {TR} at (0,2) size 145x25
            RenderTableCell {TD} at (2,2) size 104x25 [border: (1px inset #808080)] [r=0 c=0 rs=1 cs=1]
              RenderText {#text} at (2,2) size 92x21
                text run at (2,2) width 92: "100px 100px"
            RenderTableCell {TD} at (108,2) size 35x25 [border: (1px inset #808080)] [r=0 c=1 rs=1 cs=1]
              RenderText {#text} at (2,2) size 31x21
                text run at (2,2) width 31: "auto"
      RenderBlock (anonymous) at (0,125) size 784x42
        RenderBR {BR} at (0,0) size 0x21
        RenderText {#text} at (0,21) size 93x21
          text run at (0,21) width 93: "COLSPANS "
        RenderBR {BR} at (93,37) size 0x0
      RenderTable {TABLE} at (0,167) size 639x137 [border: (1px outset #808080)]
        RenderTableSection {TBODY} at (1,1) size 637x135
          RenderTableRow {TR} at (0,2) size 637x104
            RenderTableCell {TD} at (2,2) size 604x104 [border: (1px inset #808080)] [r=0 c=0 rs=1 cs=3]
              RenderImage {IMG} at (2,2) size 600x100
            RenderTableCell {TD} at (608,41) size 27x25 [border: (1px inset #808080)] [r=0 c=3 rs=1 cs=1]
              RenderText {#text} at (2,2) size 22x21
                text run at (2,2) width 22: "foo"
          RenderTableRow {TR} at (0,108) size 637x25
            RenderTableCell {TD} at (2,108) size 26x25 [border: (1px inset #808080)] [r=1 c=0 rs=1 cs=1]
              RenderText {#text} at (2,2) size 22x21
                text run at (2,2) width 22: "foo"
            RenderTableCell {TD} at (30,108) size 27x25 [border: (1px inset #808080)] [r=1 c=1 rs=1 cs=1]
              RenderText {#text} at (2,2) size 23x21
                text run at (2,2) width 23: "bar"
            RenderTableCell {TD} at (59,108) size 547x25 [border: (1px inset #808080)] [r=1 c=2 rs=1 cs=1]
              RenderText {#text} at (2,2) size 22x21
                text run at (2,2) width 22: "foo"
            RenderTableCell {TD} at (608,108) size 27x25 [border: (1px inset #808080)] [r=1 c=3 rs=1 cs=1]
              RenderText {#text} at (2,2) size 23x21
                text run at (2,2) width 23: "bar"
      RenderBlock (anonymous) at (0,304) size 784x21
        RenderBR {BR} at (0,0) size 0x21
      RenderTable {TABLE} at (0,325) size 534x67 [border: (1px outset #808080)]
        RenderTableSection {TBODY} at (1,1) size 532x65
          RenderTableRow {TR} at (0,5) size 532x25
            RenderTableCell {TD} at (5,5) size 413x25 [border: (1px inset #808080)] [r=0 c=0 rs=1 cs=2]
              RenderText {#text} at (2,2) size 31x21
                text run at (2,2) width 31: "auto"
            RenderTableCell {TD} at (423,5) size 104x25 [border: (1px inset #808080)] [r=0 c=2 rs=1 cs=1]
              RenderText {#text} at (2,2) size 27x21
                text run at (2,2) width 27: "100"
          RenderTableRow {TR} at (0,35) size 532x25
            RenderTableCell {TD} at (5,35) size 104x25 [border: (1px inset #808080)] [r=1 c=0 rs=1 cs=1]
              RenderText {#text} at (2,2) size 27x21
                text run at (2,2) width 27: "100"
            RenderTableCell {TD} at (114,35) size 304x25 [border: (1px inset #808080)] [r=1 c=1 rs=1 cs=1]
              RenderText {#text} at (2,2) size 27x21
                text run at (2,2) width 27: "300"
            RenderTableCell {TD} at (423,35) size 104x25 [border: (1px inset #808080)] [r=1 c=2 rs=1 cs=1]
              RenderText {#text} at (2,2) size 31x21
                text run at (2,2) width 31: "auto"
