layer at (0,0) size 800x600
  RenderView at (0,0) size 800x600
layer at (0,0) size 800x600
  RenderBlock {HTML} at (0,0) size 800x600
    RenderBody {BODY} at (8,8) size 784x584
      RenderBlock (anonymous) at (0,0) size 784x21
        RenderText {#text} at (0,0) size 402x21
          text run at (0,0) width 402: "fixed table - 0 percentage width cell is not honored to min"
      RenderTable {TABLE} at (0,21) size 300x31 [border: (1px outset #808080)]
        RenderTableSection {TBODY} at (1,1) size 298x29
          RenderTableRow {TR} at (0,2) size 298x25
            RenderTableCell {TD} at (2,2) size 146x25 [border: (1px inset #808080)] [r=0 c=0 rs=1 cs=1]
              RenderText {#text} at (2,2) size 22x21
                text run at (2,2) width 22: "foo"
            RenderTableCell {TD} at (150,2) size 146x25 [border: (1px inset #808080)] [r=0 c=1 rs=1 cs=1]
              RenderText {#text} at (2,2) size 22x21
                text run at (2,2) width 22: "foo"
      RenderBlock (anonymous) at (0,52) size 784x42
        RenderBR {BR} at (0,0) size 0x21
        RenderText {#text} at (0,21) size 444x21
          text run at (0,21) width 444: "fixed table - too small a percentage width cell is honored to min"
      RenderTable {TABLE} at (0,94) size 300x31 [border: (1px outset #808080)]
        RenderTableSection {TBODY} at (1,1) size 298x29
          RenderTableRow {TR} at (0,2) size 298x25
            RenderTableCell {TD} at (2,2) size 26x25 [border: (1px inset #808080)] [r=0 c=0 rs=1 cs=1]
              RenderText {#text} at (2,2) size 22x21
                text run at (2,2) width 22: "foo"
            RenderTableCell {TD} at (30,2) size 266x25 [border: (1px inset #808080)] [r=0 c=1 rs=1 cs=1]
              RenderText {#text} at (2,2) size 22x21
                text run at (2,2) width 22: "foo"
      RenderBlock (anonymous) at (0,125) size 784x42
        RenderBR {BR} at (0,0) size 0x21
        RenderText {#text} at (0,21) size 363x21
          text run at (0,21) width 363: "fixed table - percentage cell width includes padding"
      RenderTable {TABLE} at (0,167) size 300x69 [border: (1px outset #808080)]
        RenderTableSection {TBODY} at (1,1) size 298x67
          RenderTableRow {TR} at (0,2) size 298x63
            RenderTableCell {TD} at (2,2) size 146x63 [border: (1px inset #808080)] [r=0 c=0 rs=1 cs=1]
              RenderText {#text} at (21,21) size 66x21
                text run at (21,21) width 66: "cell=50%"
            RenderTableCell {TD} at (150,2) size 146x63 [border: (1px inset #808080)] [r=0 c=1 rs=1 cs=1]
              RenderText {#text} at (21,21) size 65x21
                text run at (21,21) width 65: "cell=auto"
      RenderBlock (anonymous) at (0,236) size 784x21
        RenderBR {BR} at (0,0) size 0x21
      RenderTable {TABLE} at (0,257) size 300x31 [border: (1px outset #808080)]
        RenderTableSection {TBODY} at (1,1) size 298x29
          RenderTableRow {TR} at (0,2) size 298x25
            RenderTableCell {TD} at (2,2) size 146x25 [border: (1px inset #808080)] [r=0 c=0 rs=1 cs=1]
              RenderText {#text} at (2,2) size 66x21
                text run at (2,2) width 66: "cell=50%"
            RenderTableCell {TD} at (150,2) size 146x25 [border: (1px inset #808080)] [r=0 c=1 rs=1 cs=1]
              RenderText {#text} at (2,2) size 65x21
                text run at (2,2) width 65: "cell=auto"
      RenderBlock (anonymous) at (0,288) size 784x42
        RenderBR {BR} at (0,0) size 0x21
        RenderText {#text} at (0,21) size 276x21
          text run at (0,21) width 276: "fixed table - % cells don't get expanded"
      RenderTable {TABLE} at (0,330) size 200x31 [border: (1px outset #808080)]
        RenderTableSection {TBODY} at (1,1) size 198x29
          RenderTableRow {TR} at (0,2) size 198x25
            RenderTableCell {TD} at (2,2) size 47x25 [border: (1px inset #808080)] [r=0 c=0 rs=1 cs=1]
              RenderText {#text} at (2,2) size 32x21
                text run at (2,2) width 32: "25%"
            RenderTableCell {TD} at (51,2) size 47x25 [border: (1px inset #808080)] [r=0 c=1 rs=1 cs=1]
              RenderText {#text} at (2,2) size 32x21
                text run at (2,2) width 32: "25%"
            RenderTableCell {TD} at (100,2) size 96x25 [border: (1px inset #808080)] [r=0 c=2 rs=1 cs=1]
              RenderText {#text} at (2,2) size 31x21
                text run at (2,2) width 31: "auto"
      RenderBlock (anonymous) at (0,361) size 784x42
        RenderBR {BR} at (0,0) size 0x21
        RenderText {#text} at (0,21) size 227x21
          text run at (0,21) width 227: "fixed table - % cells are honored"
      RenderTable {TABLE} at (0,403) size 200x52 [border: (1px outset #808080)]
        RenderTableSection {TBODY} at (1,1) size 198x50
          RenderTableRow {TR} at (0,2) size 198x46
            RenderTableCell {TD} at (2,2) size 96x46 [border: (1px inset #808080)] [r=0 c=0 rs=1 cs=1]
              RenderText {#text} at (2,2) size 68x42
                text run at (2,2) width 68: "50% 50%"
                text run at (2,23) width 32: "50%"
            RenderTableCell {TD} at (100,12) size 96x25 [border: (1px inset #808080)] [r=0 c=1 rs=1 cs=1]
              RenderText {#text} at (2,2) size 31x21
                text run at (2,2) width 31: "auto"
