layer at (0,0) size 808x584
  RenderView at (0,0) size 800x584
layer at (0,0) size 800x584
  RenderBlock {HTML} at (0,0) size 800x584
    RenderBody {BODY} at (8,8) size 784x568
      RenderTable {TABLE} at (0,0) size 212x37 [border: (1px outset #808080)]
        RenderTableSection {TBODY} at (1,1) size 210x35
          RenderTableRow {TR} at (0,2) size 210x31
            RenderTableCell {TD} at (2,2) size 206x31 [border: (1px inset #808080)] [r=0 c=0 rs=1 cs=1]
              RenderTable {TABLE} at (2,2) size 202x27 [bgcolor=#FFA500]
                RenderTableSection {TBODY} at (0,0) size 202x27
                  RenderTableRow {TR} at (0,2) size 202x23
                    RenderTableCell {TD} at (2,2) size 198x23 [r=0 c=0 rs=1 cs=1]
                      RenderText {#text} at (1,1) size 196x21
                        text run at (1,1) width 196: "nested in auto, width=100%"
      RenderBlock (anonymous) at (0,37) size 784x21
        RenderBR {BR} at (0,0) size 0x21
      RenderTable {TABLE} at (0,58) size 200x58 [border: (1px outset #808080)]
        RenderTableSection {TBODY} at (1,1) size 198x56
          RenderTableRow {TR} at (0,2) size 198x52
            RenderTableCell {TD} at (2,2) size 194x52 [border: (1px inset #808080)] [r=0 c=0 rs=1 cs=1]
              RenderTable {TABLE} at (2,2) size 190x48 [bgcolor=#00FF00]
                RenderTableSection {TBODY} at (0,0) size 190x48
                  RenderTableRow {TR} at (0,2) size 190x44
                    RenderTableCell {TD} at (2,2) size 186x44 [r=0 c=0 rs=1 cs=1]
                      RenderText {#text} at (1,1) size 107x42
                        text run at (1,1) width 107: "nested in fixed,"
                        text run at (1,22) width 88: "width=100%"
      RenderBlock (anonymous) at (0,116) size 784x21
        RenderBR {BR} at (0,0) size 0x21
      RenderTable {TABLE} at (0,137) size 800x37 [border: (1px outset #808080)]
        RenderTableSection {TBODY} at (1,1) size 798x35
          RenderTableRow {TR} at (0,2) size 798x31
            RenderTableCell {TD} at (2,2) size 794x31 [border: (1px inset #808080)] [r=0 c=0 rs=1 cs=1]
              RenderTable {TABLE} at (2,2) size 790x27 [bgcolor=#00FF00]
                RenderTableSection {TBODY} at (0,0) size 790x27
                  RenderTableRow {TR} at (0,2) size 790x23
                    RenderTableCell {TD} at (2,2) size 786x23 [r=0 c=0 rs=1 cs=1]
                      RenderText {#text} at (1,1) size 199x21
                        text run at (1,1) width 199: "nested in fixed, width=100%"
      RenderBlock (anonymous) at (0,174) size 784x21
        RenderBR {BR} at (0,0) size 0x21
      RenderTable {TABLE} at (0,195) size 249x37 [border: (1px outset #808080)]
        RenderTableSection {TBODY} at (1,1) size 247x35
          RenderTableRow {TR} at (0,2) size 247x31
            RenderTableCell {TD} at (2,2) size 206x31 [border: (1px inset #808080)] [r=0 c=0 rs=1 cs=1]
              RenderTable {TABLE} at (2,2) size 202x27
                RenderTableSection {TBODY} at (0,0) size 202x27
                  RenderTableRow {TR} at (0,2) size 202x23
                    RenderTableCell {TD} at (2,2) size 198x23 [r=0 c=0 rs=1 cs=1]
                      RenderText {#text} at (1,1) size 196x21
                        text run at (1,1) width 196: "nested in auto, width=100%"
            RenderTableCell {TD} at (210,5) size 35x25 [border: (1px inset #808080)] [r=0 c=1 rs=1 cs=1]
              RenderText {#text} at (2,2) size 31x21
                text run at (2,2) width 31: "auto"
      RenderBlock (anonymous) at (0,232) size 784x21
        RenderBR {BR} at (0,0) size 0x21
      RenderTable {TABLE} at (0,253) size 784x37 [border: (1px outset #808080)]
        RenderTableSection {TBODY} at (1,1) size 782x35
          RenderTableRow {TR} at (0,2) size 782x31
            RenderTableCell {TD} at (2,2) size 689x31 [border: (1px inset #808080)] [r=0 c=0 rs=1 cs=1]
              RenderTable {TABLE} at (2,2) size 342x27 [bgcolor=#00FF00]
                RenderTableSection {TBODY} at (0,0) size 342x27
                  RenderTableRow {TR} at (0,2) size 342x23
                    RenderTableCell {TD} at (2,2) size 338x23 [r=0 c=0 rs=1 cs=1]
                      RenderText {#text} at (1,1) size 197x21
                        text run at (1,1) width 197: "nested in 100%, width=50%"
            RenderTableCell {TD} at (693,5) size 87x25 [border: (1px inset #808080)] [r=0 c=1 rs=1 cs=1]
              RenderText {#text} at (2,2) size 22x21
                text run at (2,2) width 22: "foo"
      RenderBlock (anonymous) at (0,290) size 784x21
        RenderBR {BR} at (0,0) size 0x21
      RenderTable {TABLE} at (0,311) size 784x43 [border: (1px outset #808080)]
        RenderTableSection {TBODY} at (1,1) size 782x41
          RenderTableRow {TR} at (0,2) size 782x37
            RenderTableCell {TD} at (2,2) size 556x37 [border: (1px inset #808080)] [r=0 c=0 rs=1 cs=1]
              RenderTable {TABLE} at (2,2) size 276x33 [bgcolor=#00FF00]
                RenderTableSection {TBODY} at (0,0) size 276x33
                  RenderTableRow {TR} at (0,2) size 276x29
                    RenderTableCell {TD} at (2,2) size 272x29 [r=0 c=0 rs=1 cs=1]
                      RenderTable {TABLE} at (1,1) size 135x27 [bgcolor=#FF0000]
                        RenderTableSection {TBODY} at (0,0) size 135x27
                          RenderTableRow {TR} at (0,2) size 135x23
                            RenderTableCell {TD} at (2,2) size 131x23 [r=0 c=0 rs=1 cs=1]
                              RenderText {#text} at (1,1) size 50x21
                                text run at (1,1) width 50: "2n50%"
            RenderTableCell {TD} at (560,8) size 220x25 [border: (1px inset #808080)] [r=0 c=1 rs=1 cs=1]
              RenderText {#text} at (2,2) size 22x21
                text run at (2,2) width 22: "foo"
