layer at (0,0) size 800x600
  RenderView at (0,0) size 800x600
layer at (0,0) size 800x50
  RenderBlock {HTML} at (0,0) size 800x50
    RenderBody {BODY} at (8,16) size 784x18
      RenderBlock {P} at (0,0) size 784x18
        RenderInline {A} at (0,0) size 388x17 [color=#000080]
          RenderText {#text} at (0,0) size 44x17
            text run at (0,0) width 44: "Hover "
          RenderInline {STRONG} at (0,0) size 32x17
            RenderText {#text} at (43,0) size 32x17
              text run at (43,0) width 32: "here"
          RenderText {#text} at (74,0) size 152x17
            text run at (74,0) width 152: " and the background of "
          RenderInline {SPAN} at (0,0) size 159x17
            RenderText {#text} at (225,0) size 159x17
              text run at (225,0) width 159: "this text should go green"
          RenderText {#text} at (383,0) size 5x17
            text run at (383,0) width 5: "."
