layer at (0,0) size 800x600
  RenderView at (0,0) size 800x600
layer at (0,0) size 800x121
  RenderBlock {HTML} at (0,0) size 800x121
    RenderBody {BODY} at (8,16) size 784x89
      RenderBlock {DIV} at (0,0) size 784x89
        RenderBlock {DIV} at (0,0) size 784x89
          RenderBlock {P} at (0,0) size 784x19 [bgcolor=#FF0000]
            RenderText {#text} at (0,0) size 203x19
              text run at (0,0) width 203: "This line should be unstyled. (2)"
          RenderBlock {P} at (0,35) size 784x19
            RenderText {#text} at (0,0) size 290x19
              text run at (0,0) width 290: "This line should have a green background. (3)"
          RenderBlock {P} at (0,70) size 784x19
            RenderText {#text} at (0,0) size 283x19
              text run at (0,0) width 283: "This line should be unstyled. (4 moving to 1)"
