layer at (0,0) size 800x600
  RenderView at (0,0) size 800x600
layer at (0,0) size 800x84
  RenderBlock {HTML} at (0,0) size 800x84 [color=#00FF00]
    RenderBody {BODY} at (8,16) size 784x52
      RenderBlock {P} at (0,0) size 784x18 [color=#FF0000]
        RenderInline {SPAN} at (0,0) size 473x17 [color=#00FF00]
          RenderText {#text} at (0,0) size 473x17
            text run at (0,0) width 368: "This paragraph, and all textual contents in the document, "
            text run at (367,0) width 106: "should be green."
        RenderText {#text} at (0,0) size 0x0
      RenderBlock {UL} at (0,34) size 784x18 [color=#FF0000]
        RenderListItem {LI} at (40,0) size 744x18 [color=#00FF00]
          RenderListMarker at (-17,0) size 7x17: bullet
          RenderText {#text} at (0,0) size 171x17
            text run at (0,0) width 171: "This item should be green."
