layer at (0,0) size 800x600
  RenderView at (0,0) size 800x600
layer at (0,0) size 800x91
  RenderBlock {HTML} at (0,0) size 800x91
    RenderBody {BODY} at (8,16) size 784x59
      RenderBlock {P} at (0,0) size 784x59
        RenderButton {BUTTON} at (2,2) size 317x27 [color=#808080] [bgcolor=#00FF00] [border: (2px outset #C0C0C0)]
          RenderBlock (anonymous) at (8,4) size 301x18
            RenderText {#text} at (0,0) size 301x17
              text run at (0,0) width 301: "A button (disabled) with green background"
        RenderText {#text} at (321,6) size 4x17
          text run at (321,6) width 4: " "
        RenderBR {BR} at (0,0) size 0x0
        RenderTextControl {INPUT} at (2,33) size 337x24 [bgcolor=#00FF00] [border: (2px inset #000000)]
        RenderText {#text} at (0,0) size 0x0
layer at (13,52) size 331x18
  RenderBlock {DIV} at (3,3) size 331x18 [color=#545454]
    RenderText {#text} at (1,0) size 317x17
      text run at (1,0) width 317: "a text area (disabled) with green background"
