layer at (0,0) size 800x600
  RenderView at (0,0) size 800x600
layer at (0,0) size 800x512
  RenderBlock {HTML} at (0,0) size 800x512
    RenderBody {BODY} at (8,16) size 784x488
      RenderBlock {UL} at (0,0) size 784x108
        RenderListItem {LI} at (40,0) size 744x18
          RenderListMarker at (-17,0) size 7x17: bullet
          RenderText {#text} at (0,0) size 86x17
            text run at (0,0) width 86: "First list item"
        RenderListItem {LI} at (40,18) size 744x18 [bgcolor=#008000]
          RenderListMarker at (-17,0) size 7x17: bullet
          RenderText {#text} at (0,0) size 344x17
            text run at (0,0) width 344: "This second list item should have a green background"
        RenderListItem {LI} at (40,36) size 744x18
          RenderListMarker at (-17,0) size 7x17: bullet
          RenderText {#text} at (0,0) size 92x17
            text run at (0,0) width 92: "Third list item"
        RenderListItem {LI} at (40,54) size 744x18 [bgcolor=#008000]
          RenderListMarker at (-17,0) size 7x17: bullet
          RenderText {#text} at (0,0) size 339x17
            text run at (0,0) width 339: "This fourth list item should have a green background"
        RenderListItem {LI} at (40,72) size 744x18
          RenderListMarker at (-17,0) size 7x17: bullet
          RenderText {#text} at (0,0) size 88x17
            text run at (0,0) width 88: "Fifth list item"
        RenderListItem {LI} at (40,90) size 744x18 [bgcolor=#008000]
          RenderListMarker at (-17,0) size 7x17: bullet
          RenderText {#text} at (0,0) size 331x17
            text run at (0,0) width 331: "This sixth list item should have a green background"
      RenderBlock {OL} at (0,124) size 784x108
        RenderListItem {LI} at (40,0) size 744x18 [bgcolor=#008000]
          RenderListMarker at (-20,0) size 16x17: "1"
          RenderText {#text} at (0,0) size 326x17
            text run at (0,0) width 326: "This first list item should have a green background"
        RenderListItem {LI} at (40,18) size 744x18
          RenderListMarker at (-20,0) size 16x17: "2"
          RenderText {#text} at (0,0) size 104x17
            text run at (0,0) width 104: "Second list item"
        RenderListItem {LI} at (40,36) size 744x18 [bgcolor=#008000]
          RenderListMarker at (-20,0) size 16x17: "3"
          RenderText {#text} at (0,0) size 330x17
            text run at (0,0) width 330: "This third list item should have a green background"
        RenderListItem {LI} at (40,54) size 744x18
          RenderListMarker at (-20,0) size 16x17: "4"
          RenderText {#text} at (0,0) size 99x17
            text run at (0,0) width 99: "Fourth list item"
        RenderListItem {LI} at (40,72) size 744x18 [bgcolor=#008000]
          RenderListMarker at (-20,0) size 16x17: "5"
          RenderText {#text} at (0,0) size 328x17
            text run at (0,0) width 328: "This fifth list item should have a green background"
        RenderListItem {LI} at (40,90) size 744x18
          RenderListMarker at (-20,0) size 16x17: "6"
          RenderText {#text} at (0,0) size 90x17
            text run at (0,0) width 90: "Sixth list item"
      RenderBlock {DIV} at (0,248) size 784x240
        RenderTable {TABLE} at (0,0) size 163x148 [border: (1px outset #808080)]
          RenderTableSection {TBODY} at (1,1) size 161x146
            RenderTableRow {TR} at (0,2) size 161x22
              RenderTableCell {TD} at (2,2) size 105x22 [border: (1px inset #808080)] [r=0 c=0 rs=1 cs=1]
                RenderText {#text} at (2,2) size 20x17
                  text run at (2,2) width 20: "1.1"
              RenderTableCell {TD} at (109,2) size 24x22 [border: (1px inset #808080)] [r=0 c=1 rs=1 cs=1]
                RenderText {#text} at (2,2) size 20x17
                  text run at (2,2) width 20: "1.2"
              RenderTableCell {TD} at (135,2) size 24x22 [border: (1px inset #808080)] [r=0 c=2 rs=1 cs=1]
                RenderText {#text} at (2,2) size 20x17
                  text run at (2,2) width 20: "1.3"
            RenderTableRow {TR} at (0,26) size 161x22
              RenderTableCell {TD} at (2,26) size 105x22 [border: (1px inset #808080)] [r=1 c=0 rs=1 cs=1]
                RenderText {#text} at (2,2) size 20x17
                  text run at (2,2) width 20: "2.1"
              RenderTableCell {TD} at (109,26) size 24x22 [border: (1px inset #808080)] [r=1 c=1 rs=1 cs=1]
                RenderText {#text} at (2,2) size 20x17
                  text run at (2,2) width 20: "2.2"
              RenderTableCell {TD} at (135,26) size 24x22 [border: (1px inset #808080)] [r=1 c=2 rs=1 cs=1]
                RenderText {#text} at (2,2) size 20x17
                  text run at (2,2) width 20: "2.3"
            RenderTableRow {TR} at (0,50) size 161x22 [bgcolor=#008000]
              RenderTableCell {TD} at (2,50) size 105x22 [border: (1px inset #808080)] [r=2 c=0 rs=1 cs=1]
                RenderText {#text} at (2,2) size 101x17
                  text run at (2,2) width 101: "Green row : 3.1"
              RenderTableCell {TD} at (109,50) size 24x22 [border: (1px inset #808080)] [r=2 c=1 rs=1 cs=1]
                RenderText {#text} at (2,2) size 20x17
                  text run at (2,2) width 20: "3.2"
              RenderTableCell {TD} at (135,50) size 24x22 [border: (1px inset #808080)] [r=2 c=2 rs=1 cs=1]
                RenderText {#text} at (2,2) size 20x17
                  text run at (2,2) width 20: "3.3"
            RenderTableRow {TR} at (0,74) size 161x22 [bgcolor=#008000]
              RenderTableCell {TD} at (2,74) size 105x22 [border: (1px inset #808080)] [r=3 c=0 rs=1 cs=1]
                RenderText {#text} at (2,2) size 101x17
                  text run at (2,2) width 101: "Green row : 4.1"
              RenderTableCell {TD} at (109,74) size 24x22 [border: (1px inset #808080)] [r=3 c=1 rs=1 cs=1]
                RenderText {#text} at (2,2) size 20x17
                  text run at (2,2) width 20: "4.2"
              RenderTableCell {TD} at (135,74) size 24x22 [border: (1px inset #808080)] [r=3 c=2 rs=1 cs=1]
                RenderText {#text} at (2,2) size 20x17
                  text run at (2,2) width 20: "4.3"
            RenderTableRow {TR} at (0,98) size 161x22 [bgcolor=#008000]
              RenderTableCell {TD} at (2,98) size 105x22 [border: (1px inset #808080)] [r=4 c=0 rs=1 cs=1]
                RenderText {#text} at (2,2) size 101x17
                  text run at (2,2) width 101: "Green row : 5.1"
              RenderTableCell {TD} at (109,98) size 24x22 [border: (1px inset #808080)] [r=4 c=1 rs=1 cs=1]
                RenderText {#text} at (2,2) size 20x17
                  text run at (2,2) width 20: "5.2"
              RenderTableCell {TD} at (135,98) size 24x22 [border: (1px inset #808080)] [r=4 c=2 rs=1 cs=1]
                RenderText {#text} at (2,2) size 20x17
                  text run at (2,2) width 20: "5.3"
            RenderTableRow {TR} at (0,122) size 161x22 [bgcolor=#008000]
              RenderTableCell {TD} at (2,122) size 105x22 [border: (1px inset #808080)] [r=5 c=0 rs=1 cs=1]
                RenderText {#text} at (2,2) size 101x17
                  text run at (2,2) width 101: "Green row : 6.1"
              RenderTableCell {TD} at (109,122) size 24x22 [border: (1px inset #808080)] [r=5 c=1 rs=1 cs=1]
                RenderText {#text} at (2,2) size 20x17
                  text run at (2,2) width 20: "6.2"
              RenderTableCell {TD} at (135,122) size 24x22 [border: (1px inset #808080)] [r=5 c=2 rs=1 cs=1]
                RenderText {#text} at (2,2) size 20x17
                  text run at (2,2) width 20: "6.3"
        RenderBlock {P} at (0,164) size 784x0
        RenderTable {TABLE} at (0,164) size 341x76 [border: (1px outset #808080)]
          RenderTableSection {TBODY} at (1,1) size 339x74
            RenderTableRow {TR} at (0,2) size 339x22
              RenderTableCell {TD} at (2,2) size 24x22 [border: (1px inset #808080)] [r=0 c=0 rs=1 cs=1]
                RenderText {#text} at (2,2) size 20x17
                  text run at (2,2) width 20: "1.1"
              RenderTableCell {TD} at (28,2) size 67x22 [bgcolor=#008000] [border: (1px inset #808080)] [r=0 c=1 rs=1 cs=1]
                RenderText {#text} at (2,2) size 63x17
                  text run at (2,2) width 63: "green cell"
              RenderTableCell {TD} at (97,2) size 24x22 [border: (1px inset #808080)] [r=0 c=2 rs=1 cs=1]
                RenderText {#text} at (2,2) size 20x17
                  text run at (2,2) width 20: "1.3"
              RenderTableCell {TD} at (123,2) size 24x22 [border: (1px inset #808080)] [r=0 c=3 rs=1 cs=1]
                RenderText {#text} at (2,2) size 20x17
                  text run at (2,2) width 20: "1.4"
              RenderTableCell {TD} at (149,2) size 67x22 [bgcolor=#008000] [border: (1px inset #808080)] [r=0 c=4 rs=1 cs=1]
                RenderText {#text} at (2,2) size 63x17
                  text run at (2,2) width 63: "green cell"
              RenderTableCell {TD} at (218,2) size 24x22 [border: (1px inset #808080)] [r=0 c=5 rs=1 cs=1]
                RenderText {#text} at (2,2) size 20x17
                  text run at (2,2) width 20: "1.6"
              RenderTableCell {TD} at (244,2) size 24x22 [border: (1px inset #808080)] [r=0 c=6 rs=1 cs=1]
                RenderText {#text} at (2,2) size 20x17
                  text run at (2,2) width 20: "1.7"
              RenderTableCell {TD} at (270,2) size 67x22 [bgcolor=#008000] [border: (1px inset #808080)] [r=0 c=7 rs=1 cs=1]
                RenderText {#text} at (2,2) size 63x17
                  text run at (2,2) width 63: "green cell"
            RenderTableRow {TR} at (0,26) size 339x22
              RenderTableCell {TD} at (2,26) size 24x22 [border: (1px inset #808080)] [r=1 c=0 rs=1 cs=1]
                RenderText {#text} at (2,2) size 20x17
                  text run at (2,2) width 20: "2.1"
              RenderTableCell {TD} at (28,26) size 67x22 [bgcolor=#008000] [border: (1px inset #808080)] [r=1 c=1 rs=1 cs=1]
                RenderText {#text} at (2,2) size 63x17
                  text run at (2,2) width 63: "green cell"
              RenderTableCell {TD} at (97,26) size 24x22 [border: (1px inset #808080)] [r=1 c=2 rs=1 cs=1]
                RenderText {#text} at (2,2) size 20x17
                  text run at (2,2) width 20: "2.3"
              RenderTableCell {TD} at (123,26) size 24x22 [border: (1px inset #808080)] [r=1 c=3 rs=1 cs=1]
                RenderText {#text} at (2,2) size 20x17
                  text run at (2,2) width 20: "2.4"
              RenderTableCell {TD} at (149,26) size 67x22 [bgcolor=#008000] [border: (1px inset #808080)] [r=1 c=4 rs=1 cs=1]
                RenderText {#text} at (2,2) size 63x17
                  text run at (2,2) width 63: "green cell"
              RenderTableCell {TD} at (218,26) size 24x22 [border: (1px inset #808080)] [r=1 c=5 rs=1 cs=1]
                RenderText {#text} at (2,2) size 20x17
                  text run at (2,2) width 20: "2.6"
              RenderTableCell {TD} at (244,26) size 24x22 [border: (1px inset #808080)] [r=1 c=6 rs=1 cs=1]
                RenderText {#text} at (2,2) size 20x17
                  text run at (2,2) width 20: "2.7"
              RenderTableCell {TD} at (270,26) size 67x22 [bgcolor=#008000] [border: (1px inset #808080)] [r=1 c=7 rs=1 cs=1]
                RenderText {#text} at (2,2) size 63x17
                  text run at (2,2) width 63: "green cell"
            RenderTableRow {TR} at (0,50) size 339x22
              RenderTableCell {TD} at (2,50) size 24x22 [border: (1px inset #808080)] [r=2 c=0 rs=1 cs=1]
                RenderText {#text} at (2,2) size 20x17
                  text run at (2,2) width 20: "3.1"
              RenderTableCell {TD} at (28,50) size 67x22 [bgcolor=#008000] [border: (1px inset #808080)] [r=2 c=1 rs=1 cs=1]
                RenderText {#text} at (2,2) size 63x17
                  text run at (2,2) width 63: "green cell"
              RenderTableCell {TD} at (97,50) size 24x22 [border: (1px inset #808080)] [r=2 c=2 rs=1 cs=1]
                RenderText {#text} at (2,2) size 20x17
                  text run at (2,2) width 20: "3.3"
              RenderTableCell {TD} at (123,50) size 24x22 [border: (1px inset #808080)] [r=2 c=3 rs=1 cs=1]
                RenderText {#text} at (2,2) size 20x17
                  text run at (2,2) width 20: "3.4"
              RenderTableCell {TD} at (149,50) size 67x22 [bgcolor=#008000] [border: (1px inset #808080)] [r=2 c=4 rs=1 cs=1]
                RenderText {#text} at (2,2) size 63x17
                  text run at (2,2) width 63: "green cell"
              RenderTableCell {TD} at (218,50) size 24x22 [border: (1px inset #808080)] [r=2 c=5 rs=1 cs=1]
                RenderText {#text} at (2,2) size 20x17
                  text run at (2,2) width 20: "3.6"
              RenderTableCell {TD} at (244,50) size 24x22 [border: (1px inset #808080)] [r=2 c=6 rs=1 cs=1]
                RenderText {#text} at (2,2) size 20x17
                  text run at (2,2) width 20: "3.7"
              RenderTableCell {TD} at (270,50) size 67x22 [bgcolor=#008000] [border: (1px inset #808080)] [r=2 c=7 rs=1 cs=1]
                RenderText {#text} at (2,2) size 63x17
                  text run at (2,2) width 63: "green cell"
