layer at (0,0) size 800x600
  RenderView at (0,0) size 800x600
layer at (0,0) size 800x151
  RenderBlock {HTML} at (0,0) size 800x151
    RenderBody {BODY} at (8,16) size 784x127
      RenderBlock {DIV} at (0,0) size 784x54
        RenderBlock {P} at (0,0) size 784x19
          RenderText {#text} at (0,0) size 221x19
            text run at (0,0) width 221: "This paragraph should be unstyled."
        RenderBlock {DIV} at (0,35) size 784x19
          RenderBlock {P} at (0,0) size 784x19
            RenderText {#text} at (0,0) size 221x19
              text run at (0,0) width 221: "This paragraph should be unstyled."
      RenderTable {TABLE} at (0,70) size 314x57
        RenderTableSection {TBODY} at (0,0) size 314x57
          RenderTableRow {TR} at (0,2) size 314x53
            RenderTableCell {TD} at (2,2) size 310x53 [r=0 c=0 rs=1 cs=1]
              RenderBlock {P} at (1,17) size 308x19 [bgcolor=#00FF00]
                RenderText {#text} at (0,0) size 308x19
                  text run at (0,0) width 308: "This paragraph should have a green background."
