layer at (0,0) size 800x600
  RenderView at (0,0) size 800x600
layer at (0,0) size 800x34
  RenderBlock {HTML} at (0,0) size 800x34
    RenderBody {BODY} at (8,8) size 784x18
      RenderBlock {ADDRESS} at (0,0) size 784x16 [bgcolor=#00FF00]
      RenderBlock {DIV} at (0,0) size 784x18
        RenderText {#text} at (0,0) size 272x17
          text run at (0,0) width 272: "This line should have a green background."
