layer at (0,0) size 800x600
  RenderView at (0,0) size 800x600
layer at (0,0) size 800x35
  RenderBlock {HTML} at (0,0) size 800x35
    RenderBody {BODY} at (8,8) size 784x19
      RenderBlock {DIV} at (0,0) size 784x19
        RenderInline {A} at (0,0) size 284x19 [color=#0000EE] [bgcolor=#FF0000]
          RenderText {#text} at (0,0) size 284x19
            text run at (0,0) width 284: "This anchor should have a green background"
        RenderText {#text} at (284,0) size 470x19
          text run at (284,0) width 470: " (Note: You must have visited http://www.w3.org/ for this test to be valid.)"
