layer at (0,0) size 800x600
  RenderView at (0,0) size 800x600
layer at (0,0) size 800x274
  RenderBlock {HTML} at (0,0) size 800x274
    RenderBody {BODY} at (8,16) size 784x250
      RenderBlock {P} at (0,0) size 784x36
        RenderText {#text} at (0,0) size 687x17
          text run at (0,0) width 429: "The background color of this paragraph should turn to green when "
          text run at (428,0) width 259: "the mouse pointer hovers either its text ("
        RenderInline {STRONG} at (0,0) size 32x17
          RenderText {#text} at (686,0) size 32x17
            text run at (686,0) width 32: "here"
        RenderText {#text} at (717,0) size 759x35
          text run at (717,0) width 42: ") or its"
          text run at (0,18) width 159: "whitespace background, "
        RenderInline {STRONG} at (0,0) size 31x17
          RenderText {#text} at (158,18) size 31x17
            text run at (158,18) width 31: "here"
        RenderText {#text} at (188,18) size 6x17
          text run at (188,18) width 6: ":"
      RenderBlock {ADDRESS} at (0,52) size 784x18
        RenderText {#text} at (0,0) size 163x17
          text run at (0,0) width 163: "The background color of "
        RenderInline {A} at (0,0) size 118x17 [color=#0000EE]
          RenderText {#text} at (162,0) size 83x17
            text run at (162,0) width 83: "this anchor ("
          RenderInline {STRONG} at (0,0) size 30x17
            RenderText {#text} at (244,0) size 30x17
              text run at (244,0) width 30: "here"
          RenderText {#text} at (273,0) size 7x17
            text run at (273,0) width 7: ")"
        RenderText {#text} at (279,0) size 394x17
          text run at (279,0) width 394: " should turn to green when the pointing device hovers over it."
      RenderTable {TABLE} at (0,70) size 284x180
        RenderTableSection {TBODY} at (0,0) size 284x180
          RenderTableRow {TR} at (0,5) size 284x20
            RenderTableCell {TD} at (5,5) size 79x20 [r=0 c=0 rs=1 cs=1]
              RenderText {#text} at (1,1) size 75x17
                text run at (1,1) width 75: "The cells in"
            RenderTableCell {TD} at (89,5) size 83x20 [r=0 c=1 rs=1 cs=1]
              RenderText {#text} at (1,1) size 59x17
                text run at (1,1) width 59: "this table"
            RenderTableCell {TD} at (177,5) size 102x20 [r=0 c=2 rs=1 cs=1]
              RenderText {#text} at (1,1) size 63x17
                text run at (1,1) width 63: "should go"
          RenderTableRow {TR} at (0,30) size 284x20
            RenderTableCell {TD} at (5,30) size 79x20 [r=1 c=0 rs=1 cs=1]
              RenderText {#text} at (1,1) size 75x17
                text run at (1,1) width 75: "green when"
            RenderTableCell {TD} at (89,30) size 83x20 [r=1 c=1 rs=1 cs=1]
              RenderText {#text} at (1,1) size 65x17
                text run at (1,1) width 65: "you hover"
            RenderTableCell {TD} at (177,30) size 102x20 [r=1 c=2 rs=1 cs=1]
              RenderText {#text} at (1,1) size 77x17
                text run at (1,1) width 77: "the pointing"
          RenderTableRow {TR} at (0,55) size 284x20
            RenderTableCell {TD} at (5,55) size 79x20 [r=2 c=0 rs=1 cs=1]
              RenderText {#text} at (1,1) size 75x17
                text run at (1,1) width 75: "device over"
            RenderTableCell {TD} at (89,55) size 83x20 [r=2 c=1 rs=1 cs=1]
              RenderText {#text} at (1,1) size 42x17
                text run at (1,1) width 42: "them ("
              RenderInline {STRONG} at (0,0) size 31x17
                RenderText {#text} at (42,1) size 31x17
                  text run at (42,1) width 31: "here"
              RenderText {#text} at (72,1) size 10x17
                text run at (72,1) width 10: ")."
            RenderTableCell {TD} at (177,64) size 102x2 [r=2 c=2 rs=1 cs=1]
          RenderTableRow {TR} at (0,80) size 284x20
            RenderTableCell {TD} at (5,80) size 79x20 [r=3 c=0 rs=1 cs=1]
              RenderText {#text} at (1,1) size 77x17
                text run at (1,1) width 77: "The rows in"
            RenderTableCell {TD} at (89,80) size 83x20 [r=3 c=1 rs=1 cs=1]
              RenderText {#text} at (1,1) size 59x17
                text run at (1,1) width 59: "this table"
            RenderTableCell {TD} at (177,80) size 102x20 [r=3 c=2 rs=1 cs=1]
              RenderText {#text} at (1,1) size 63x17
                text run at (1,1) width 63: "should go"
          RenderTableRow {TR} at (0,105) size 284x20
            RenderTableCell {TD} at (5,105) size 79x20 [r=4 c=0 rs=1 cs=1]
              RenderText {#text} at (1,1) size 68x17
                text run at (1,1) width 68: "dark green"
            RenderTableCell {TD} at (89,105) size 83x20 [r=4 c=1 rs=1 cs=1]
              RenderText {#text} at (1,1) size 59x17
                text run at (1,1) width 59: "when the"
            RenderTableCell {TD} at (177,105) size 102x20 [r=4 c=2 rs=1 cs=1]
              RenderText {#text} at (1,1) size 100x17
                text run at (1,1) width 100: "pointing device"
          RenderTableRow {TR} at (0,130) size 284x20
            RenderTableCell {TD} at (5,130) size 79x20 [r=5 c=0 rs=1 cs=1]
              RenderText {#text} at (1,1) size 67x17
                text run at (1,1) width 67: "is over the"
            RenderTableCell {TD} at (89,130) size 83x20 [r=5 c=1 rs=1 cs=1]
              RenderText {#text} at (1,1) size 34x17
                text run at (1,1) width 34: "cells "
              RenderInline {STRONG} at (0,0) size 36x17
                RenderText {#text} at (34,1) size 36x17
                  text run at (34,1) width 36: "there"
              RenderText {#text} at (69,1) size 6x17
                text run at (69,1) width 6: ":"
            RenderTableCell {TD} at (177,139) size 102x2 [r=5 c=2 rs=1 cs=1]
          RenderTableRow {TR} at (0,155) size 284x20
            RenderTableCell {TD} at (5,155) size 79x20 [r=6 c=0 rs=1 cs=1]
              RenderText {#text} at (1,1) size 32x17
                text run at (1,1) width 32: "And "
              RenderInline {STRONG} at (0,0) size 31x17
                RenderText {#text} at (32,1) size 31x17
                  text run at (32,1) width 31: "here"
              RenderText {#text} at (62,1) size 6x17
                text run at (62,1) width 6: ":"
            RenderTableCell {TD} at (89,164) size 83x2 [r=6 c=1 rs=1 cs=1]
            RenderTableCell {TD} at (177,155) size 102x20 [r=6 c=2 rs=1 cs=1]
              RenderText {#text} at (1,1) size 84x17
                text run at (1,1) width 84: "(blank cells)."
