layer at (0,0) size 800x600
  RenderView at (0,0) size 800x600
layer at (0,0) size 800x63
  RenderBlock {HTML} at (0,0) size 800x63
    RenderBody {BODY} at (8,16) size 784x31
      RenderBlock {P} at (0,0) size 784x31
        RenderButton {BUTTON} at (2,2) size 635x27 [bgcolor=#C0C0C0] [border: (2px outset #C0C0C0)]
          RenderBlock (anonymous) at (8,4) size 619x18
            RenderText {#text} at (0,0) size 619x17
              text run at (0,0) width 619: "Activating (e.g. holding the mouse button down on) this button should make it go green."
