layer at (0,0) size 785x1553
  RenderView at (0,0) size 785x600
layer at (0,0) size 785x1553
  RenderBlock {html} at (0,0) size 785x1553
    RenderBody {body} at (8,8) size 769x0
      RenderBlock (floating) {div} at (0,0) size 769x1545
        RenderBlock {h1} at (0,30) size 769x53
          RenderText {#text} at (0,1) size 638x51
            text run at (0,1) width 638: "SVG grid with percentage width"
        RenderBlock {h4} at (0,113) size 769x26
          RenderText {#text} at (0,0) size 219x26
            text run at (0,0) width 219: "WICD Core 1.0 #20-3"
        RenderBlock {p} at (0,169) size 769x0
          RenderEmbeddedObject {object} at (0,0) size 384x128
            layer at (0,0) size 384x128
              RenderView at (0,0) size 384x128
            layer at (0,0) size 384x128
              RenderSVGRoot {svg} at (0,0) size 384x128
                RenderSVGHiddenContainer {defs} at (0,0) size 0x0
                  RenderSVGResourceLinearGradient {linearGradient} [id="surface"] [gradientUnits=objectBoundingBox] [start=(1,0)] [end=(1,1)]
                    RenderSVGGradientStop {stop} [offset=0.00] [color=#FFFFFF]
                    RenderSVGGradientStop {stop} [offset=1.00] [color=#FFEEAA]
                RenderSVGRect {rect} at (0,0) size 384x128 [stroke={[type=SOLID] [color=#FFCC33] [stroke width=2.00]}] [fill={[type=LINEAR-GRADIENT] [id="surface"]}] [x=1.00] [y=1.00] [width=118.00] [height=38.00]
                RenderSVGText {text} at (52,8) size 15x23 contains 1 chunk(s)
                  RenderSVGInlineText {#text} at (0,0) size 15x23
                    chunk 1 (middle anchor) text run 1 at (52.81,27.00) startOffset 0 endOffset 1 width 14.38: "A"
          RenderEmbeddedObject {object} at (384,0) size 384x128
            layer at (0,0) size 384x128
              RenderView at (0,0) size 384x128
            layer at (0,0) size 384x128
              RenderSVGRoot {svg} at (0,0) size 384x128
                RenderSVGHiddenContainer {defs} at (0,0) size 0x0
                  RenderSVGResourceLinearGradient {linearGradient} [id="surface"] [gradientUnits=objectBoundingBox] [start=(1,0)] [end=(1,1)]
                    RenderSVGGradientStop {stop} [offset=0.00] [color=#FFFFFF]
                    RenderSVGGradientStop {stop} [offset=1.00] [color=#FFEEAA]
                RenderSVGRect {rect} at (0,0) size 384x128 [stroke={[type=SOLID] [color=#FFCC33] [stroke width=2.00]}] [fill={[type=LINEAR-GRADIENT] [id="surface"]}] [x=1.00] [y=1.00] [width=118.00] [height=38.00]
                RenderSVGText {text} at (53,8) size 13x23 contains 1 chunk(s)
                  RenderSVGInlineText {#text} at (0,0) size 13x23
                    chunk 1 (middle anchor) text run 1 at (53.91,27.00) startOffset 0 endOffset 1 width 12.19: "L"
          RenderEmbeddedObject {object} at (0,128) size 256x448
            layer at (0,0) size 256x448
              RenderView at (0,0) size 256x448
            layer at (0,0) size 256x448
              RenderSVGRoot {svg} at (0,0) size 256x448
                RenderSVGHiddenContainer {defs} at (0,0) size 0x0
                  RenderSVGResourceLinearGradient {linearGradient} [id="surface"] [gradientUnits=objectBoundingBox] [start=(1,0)] [end=(1,1)]
                    RenderSVGGradientStop {stop} [offset=0.00] [color=#FFFFFF]
                    RenderSVGGradientStop {stop} [offset=1.00] [color=#FFEEAA]
                RenderSVGContainer {a} at (0,0) size 128x128
                  RenderSVGRect {rect} at (0,0) size 128x128 [stroke={[type=SOLID] [color=#FFCC33] [stroke width=2.00]}] [fill={[type=LINEAR-GRADIENT] [id="surface"]}] [x=1.00] [y=1.00] [width=38.00] [height=38.00]
                  RenderSVGText {text} at (13,8) size 14x23 contains 1 chunk(s)
                    RenderSVGInlineText {#text} at (0,0) size 14x23
                      chunk 1 (middle anchor) text run 1 at (13.28,27.00) startOffset 0 endOffset 1 width 13.44: "B"
                RenderSVGContainer {a} at (128,0) size 128x128
                  RenderSVGRect {rect} at (128,0) size 128x128 [stroke={[type=SOLID] [color=#FFCC33] [stroke width=2.00]}] [fill={[type=LINEAR-GRADIENT] [id="surface"]}] [x=41.00] [y=1.00] [width=38.00] [height=38.00]
                RenderSVGContainer {a} at (0,160) size 128x128
                  RenderSVGPath {circle} at (0,160) size 128x128 [stroke={[type=SOLID] [color=#FFCC33] [stroke width=2.00]}] [fill={[type=LINEAR-GRADIENT] [id="surface"]}] [cx=20.00] [cy=70.00] [r=19.00]
                  RenderSVGText {text} at (13,58) size 14x23 contains 1 chunk(s)
                    RenderSVGInlineText {#text} at (0,0) size 14x23
                      chunk 1 (middle anchor) text run 1 at (13.28,77.00) startOffset 0 endOffset 1 width 13.44: "C"
                RenderSVGContainer {a} at (128,160) size 128x128
                  RenderSVGPath {circle} at (128,160) size 128x128 [stroke={[type=SOLID] [color=#FFCC33] [stroke width=2.00]}] [fill={[type=LINEAR-GRADIENT] [id="surface"]}] [cx=60.00] [cy=70.00] [r=19.00]
                RenderSVGContainer {a} at (0,320) size 128x128
                  RenderSVGPath {circle} at (0,320) size 128x128 [stroke={[type=SOLID] [color=#FFCC33] [stroke width=2.00]}] [fill={[type=LINEAR-GRADIENT] [id="surface"]}] [cx=20.00] [cy=120.00] [r=19.00]
                  RenderSVGText {text} at (12,108) size 15x23 contains 1 chunk(s)
                    RenderSVGInlineText {#text} at (0,0) size 15x23
                      chunk 1 (middle anchor) text run 1 at (12.81,127.00) startOffset 0 endOffset 1 width 14.38: "D"
                RenderSVGContainer {a} at (128,320) size 128x128
                  RenderSVGPath {circle} at (128,320) size 128x128 [stroke={[type=SOLID] [color=#FFCC33] [stroke width=2.00]}] [fill={[type=LINEAR-GRADIENT] [id="surface"]}] [cx=60.00] [cy=120.00] [r=19.00]
                  RenderSVGText {text} at (53,108) size 13x23 contains 1 chunk(s)
                    RenderSVGInlineText {#text} at (0,0) size 13x23
                      chunk 1 (middle anchor) text run 1 at (53.91,127.00) startOffset 0 endOffset 1 width 12.19: "E"
          RenderBlock (floating) {div} at (256,128) size 256x448
            RenderEmbeddedObject {object} at (0,0) size 256x256
              layer at (0,0) size 256x256
                RenderView at (0,0) size 256x256
              layer at (0,0) size 256x256
                RenderSVGRoot {svg} at (0,0) size 256x256
                  RenderSVGHiddenContainer {defs} at (0,0) size 0x0
                    RenderSVGResourceLinearGradient {linearGradient} [id="surface"] [gradientUnits=objectBoundingBox] [start=(1,0)] [end=(1,1)]
                      RenderSVGGradientStop {stop} [offset=0.00] [color=#FFFFFF]
                      RenderSVGGradientStop {stop} [offset=1.00] [color=#FFEEAA]
                  RenderSVGRect {rect} at (0,0) size 256x256 [stroke={[type=SOLID] [color=#FFCC33] [stroke width=2.00]}] [fill={[type=LINEAR-GRADIENT] [id="surface"]}] [x=1.00] [y=1.00] [width=78.00] [height=78.00]
                  RenderSVGText {text} at (32,28) size 15x23 contains 1 chunk(s)
                    RenderSVGInlineText {#text} at (0,0) size 15x23
                      chunk 1 (middle anchor) text run 1 at (32.81,47.00) startOffset 0 endOffset 1 width 14.38: "K"
            RenderBR {br} at (256,0) size 0x26
            RenderEmbeddedObject {object} at (0,256) size 256x192
              layer at (0,0) size 256x192
                RenderView at (0,0) size 256x192
              layer at (0,0) size 256x192
                RenderSVGRoot {svg} at (0,0) size 256x192
                  RenderSVGHiddenContainer {defs} at (0,0) size 0x0
                    RenderSVGResourceLinearGradient {linearGradient} [id="surface"] [gradientUnits=objectBoundingBox] [start=(1,0)] [end=(1,1)]
                      RenderSVGGradientStop {stop} [offset=0.00] [color=#FFFFFF]
                      RenderSVGGradientStop {stop} [offset=1.00] [color=#FFEEAA]
                  RenderSVGRect {rect} at (0,0) size 256x192 [stroke={[type=SOLID] [color=#FFCC33] [stroke width=2.00]}] [fill={[type=LINEAR-GRADIENT] [id="surface"]}] [x=1.00] [y=1.00] [width=78.00] [height=58.00]
                  RenderSVGText {text} at (36,18) size 8x23 contains 1 chunk(s)
                    RenderSVGInlineText {#text} at (0,0) size 8x23
                      chunk 1 (middle anchor) text run 1 at (36.09,37.00) startOffset 0 endOffset 1 width 7.81: "J"
          RenderBlock (floating) {div} at (512,128) size 256x448
            RenderEmbeddedObject {object} at (0,0) size 256x256
              layer at (0,0) size 256x256
                RenderView at (0,0) size 256x256
              layer at (0,0) size 256x256
                RenderSVGRoot {svg} at (0,0) size 256x256
                  RenderSVGHiddenContainer {defs} at (0,0) size 0x0
                    RenderSVGResourceLinearGradient {linearGradient} [id="surface"] [gradientUnits=objectBoundingBox] [start=(1,0)] [end=(1,1)]
                      RenderSVGGradientStop {stop} [offset=0.00] [color=#FFFFFF]
                      RenderSVGGradientStop {stop} [offset=1.00] [color=#FFEEAA]
                  RenderSVGContainer {a} at (0,0) size 128x128
                    RenderSVGRect {rect} at (0,0) size 128x128 [stroke={[type=SOLID] [color=#FFCC33] [stroke width=2.00]}] [fill={[type=LINEAR-GRADIENT] [id="surface"]}] [x=1.00] [y=1.00] [width=38.00] [height=38.00]
                    RenderSVGText {text} at (11,8) size 18x23 contains 1 chunk(s)
                      RenderSVGInlineText {#text} at (0,0) size 18x23
                        chunk 1 (middle anchor) text run 1 at (11.09,27.00) startOffset 0 endOffset 1 width 17.81: "M"
                  RenderSVGContainer {a} at (128,0) size 128x128
                    RenderSVGRect {rect} at (128,0) size 128x128 [stroke={[type=SOLID] [color=#FFCC33] [stroke width=2.00]}] [fill={[type=LINEAR-GRADIENT] [id="surface"]}] [x=41.00] [y=1.00] [width=38.00] [height=38.00]
                    RenderSVGText {text} at (52,8) size 15x23 contains 1 chunk(s)
                      RenderSVGInlineText {#text} at (0,0) size 15x23
                        chunk 1 (middle anchor) text run 1 at (52.81,27.00) startOffset 0 endOffset 1 width 14.38: "N"
                  RenderSVGContainer {a} at (0,128) size 128x128
                    RenderSVGRect {rect} at (0,128) size 128x128 [stroke={[type=SOLID] [color=#FFCC33] [stroke width=2.00]}] [fill={[type=LINEAR-GRADIENT] [id="surface"]}] [x=1.00] [y=41.00] [width=38.00] [height=38.00]
                    RenderSVGText {text} at (14,48) size 12x23 contains 1 chunk(s)
                      RenderSVGInlineText {#text} at (0,0) size 12x23
                        chunk 1 (middle anchor) text run 1 at (14.38,67.00) startOffset 0 endOffset 1 width 11.25: "P"
                  RenderSVGContainer {a} at (128,128) size 128x128
                    RenderSVGRect {rect} at (128,128) size 128x128 [stroke={[type=SOLID] [color=#FFCC33] [stroke width=2.00]}] [fill={[type=LINEAR-GRADIENT] [id="surface"]}] [x=41.00] [y=41.00] [width=38.00] [height=38.00]
                    RenderSVGText {text} at (52,48) size 15x23 contains 1 chunk(s)
                      RenderSVGInlineText {#text} at (0,0) size 15x23
                        chunk 1 (middle anchor) text run 1 at (52.81,67.00) startOffset 0 endOffset 1 width 14.38: "O"
            RenderEmbeddedObject {object} at (0,256) size 256x192
              layer at (0,0) size 256x192
                RenderView at (0,0) size 256x192
              layer at (0,0) size 256x192
                RenderSVGRoot {svg} at (0,0) size 256x192
                  RenderSVGHiddenContainer {defs} at (0,0) size 0x0
                    RenderSVGResourceLinearGradient {linearGradient} [id="surface"] [gradientUnits=objectBoundingBox] [start=(1,0)] [end=(1,1)]
                      RenderSVGGradientStop {stop} [offset=0.00] [color=#FFFFFF]
                      RenderSVGGradientStop {stop} [offset=1.00] [color=#FFEEAA]
                  RenderSVGPath {ellipse} at (0,0) size 256x192 [stroke={[type=SOLID] [color=#FFCC33] [stroke width=2.00]}] [fill={[type=LINEAR-GRADIENT] [id="surface"]}] [cx=40.00] [cy=30.00] [rx=39.00] [ry=29.00]
                  RenderSVGText {text} at (32,18) size 15x23 contains 1 chunk(s)
                    RenderSVGInlineText {#text} at (0,0) size 15x23
                      chunk 1 (middle anchor) text run 1 at (32.81,37.00) startOffset 0 endOffset 1 width 14.38: "Q"
          RenderEmbeddedObject {object} at (0,576) size 384x128
            layer at (0,0) size 384x128
              RenderView at (0,0) size 384x128
            layer at (0,0) size 384x128
              RenderSVGRoot {svg} at (0,0) size 384x128
                RenderSVGHiddenContainer {defs} at (0,0) size 0x0
                  RenderSVGResourceLinearGradient {linearGradient} [id="surface"] [gradientUnits=objectBoundingBox] [start=(1,0)] [end=(1,1)]
                    RenderSVGGradientStop {stop} [offset=0.00] [color=#FFFFFF]
                    RenderSVGGradientStop {stop} [offset=1.00] [color=#FFEEAA]
                RenderSVGRect {rect} at (0,0) size 384x128 [stroke={[type=SOLID] [color=#FFCC33] [stroke width=2.00]}] [fill={[type=LINEAR-GRADIENT] [id="surface"]}] [x=1.00] [y=1.00] [width=118.00] [height=38.00]
                RenderSVGText {text} at (54,8) size 12x23 contains 1 chunk(s)
                  RenderSVGInlineText {#text} at (0,0) size 12x23
                    chunk 1 (middle anchor) text run 1 at (54.38,27.00) startOffset 0 endOffset 1 width 11.25: "F"
          RenderEmbeddedObject {object} at (384,576) size 384x128
            layer at (0,0) size 384x128
              RenderView at (0,0) size 384x128
            layer at (0,0) size 384x128
              RenderSVGRoot {svg} at (0,0) size 384x128
                RenderSVGHiddenContainer {defs} at (0,0) size 0x0
                  RenderSVGResourceLinearGradient {linearGradient} [id="surface"] [gradientUnits=objectBoundingBox] [start=(1,0)] [end=(1,1)]
                    RenderSVGGradientStop {stop} [offset=0.00] [color=#FFFFFF]
                    RenderSVGGradientStop {stop} [offset=1.00] [color=#FFEEAA]
                RenderSVGRect {rect} at (0,0) size 384x128 [stroke={[type=SOLID] [color=#FFCC33] [stroke width=2.00]}] [fill={[type=LINEAR-GRADIENT] [id="surface"]}] [x=1.00] [y=1.00] [width=118.00] [height=38.00]
                RenderSVGText {text} at (56,8) size 7x23 contains 1 chunk(s)
                  RenderSVGInlineText {#text} at (0,0) size 7x23
                    chunk 1 (middle anchor) text run 1 at (56.72,27.00) startOffset 0 endOffset 1 width 6.56: "I"
          RenderBlock (floating) {div} at (0,704) size 384x192
            RenderEmbeddedObject {object} at (0,0) size 96x192
              layer at (0,0) size 96x192
                RenderView at (0,0) size 96x192
              layer at (0,0) size 96x192
                RenderSVGRoot {svg} at (0,0) size 96x192
                  RenderSVGHiddenContainer {defs} at (0,0) size 0x0
                    RenderSVGResourceLinearGradient {linearGradient} [id="surface"] [gradientUnits=objectBoundingBox] [start=(1,0)] [end=(1,1)]
                      RenderSVGGradientStop {stop} [offset=0.00] [color=#FFFFFF]
                      RenderSVGGradientStop {stop} [offset=1.00] [color=#FFEEAA]
                  RenderSVGRect {rect} at (0,0) size 96x192 [stroke={[type=SOLID] [color=#FFCC33] [stroke width=2.00]}] [fill={[type=LINEAR-GRADIENT] [id="surface"]}] [x=1.00] [y=1.00] [width=28.00] [height=58.00]
            RenderEmbeddedObject {object} at (96,0) size 288x192
              layer at (0,0) size 288x192
                RenderView at (0,0) size 288x192
              layer at (0,0) size 288x192
                RenderSVGRoot {svg} at (0,0) size 288x192
                  RenderSVGHiddenContainer {defs} at (0,0) size 0x0
                    RenderSVGResourceLinearGradient {linearGradient} [id="surface"] [gradientUnits=objectBoundingBox] [start=(1,0)] [end=(1,1)]
                      RenderSVGGradientStop {stop} [offset=0.00] [color=#FFFFFF]
                      RenderSVGGradientStop {stop} [offset=1.00] [color=#FFEEAA]
                  RenderSVGRect {rect} at (0,0) size 288x192 [stroke={[type=SOLID] [color=#FFCC33] [stroke width=2.00]}] [fill={[type=LINEAR-GRADIENT] [id="surface"]}] [x=1.00] [y=1.00] [width=88.00] [height=58.00]
                  RenderSVGText {text} at (37,18) size 15x23 contains 1 chunk(s)
                    RenderSVGInlineText {#text} at (0,0) size 15x23
                      chunk 1 (middle anchor) text run 1 at (37.81,37.00) startOffset 0 endOffset 1 width 14.38: "G"
          RenderBlock (floating) {div} at (384,704) size 384x192
            RenderEmbeddedObject {object} at (0,0) size 192x192
              layer at (0,0) size 192x192
                RenderView at (0,0) size 192x192
              layer at (0,0) size 192x192
                RenderSVGRoot {svg} at (0,0) size 192x192
                  RenderSVGHiddenContainer {defs} at (0,0) size 0x0
                    RenderSVGResourceLinearGradient {linearGradient} [id="surface"] [gradientUnits=objectBoundingBox] [start=(1,0)] [end=(1,1)]
                      RenderSVGGradientStop {stop} [offset=0.00] [color=#FFFFFF]
                      RenderSVGGradientStop {stop} [offset=1.00] [color=#FFEEAA]
                  RenderSVGPath {ellipse} at (0,0) size 192x192 [stroke={[type=SOLID] [color=#FFCC33] [stroke width=2.00]}] [fill={[type=LINEAR-GRADIENT] [id="surface"]}] [cx=30.00] [cy=30.00] [rx=29.00] [ry=29.00]
                  RenderSVGText {text} at (22,18) size 15x23 contains 1 chunk(s)
                    RenderSVGInlineText {#text} at (0,0) size 15x23
                      chunk 1 (middle anchor) text run 1 at (22.81,37.00) startOffset 0 endOffset 1 width 14.38: "H"
            RenderEmbeddedObject {object} at (192,0) size 192x192
              layer at (0,0) size 192x192
                RenderView at (0,0) size 192x192
              layer at (0,0) size 192x192
                RenderSVGRoot {svg} at (0,0) size 192x192
                  RenderSVGHiddenContainer {defs} at (0,0) size 0x0
                    RenderSVGResourceLinearGradient {linearGradient} [id="surface"] [gradientUnits=objectBoundingBox] [start=(1,0)] [end=(1,1)]
                      RenderSVGGradientStop {stop} [offset=0.00] [color=#FFFFFF]
                      RenderSVGGradientStop {stop} [offset=1.00] [color=#FFEEAA]
                  RenderSVGRect {rect} at (0,0) size 192x192 [stroke={[type=SOLID] [color=#FFCC33] [stroke width=2.00]}] [fill={[type=LINEAR-GRADIENT] [id="surface"]}] [x=1.00] [y=1.00] [width=58.00] [height=58.00]
                  RenderSVGText {text} at (23,18) size 14x23 contains 1 chunk(s)
                    RenderSVGInlineText {#text} at (0,0) size 14x23
                      chunk 1 (middle anchor) text run 1 at (23.28,37.00) startOffset 0 endOffset 1 width 13.44: "R"
          RenderEmbeddedObject {object} at (0,896) size 192x128
            layer at (0,0) size 192x128
              RenderView at (0,0) size 192x128
            layer at (0,0) size 192x128
              RenderSVGRoot {svg} at (0,0) size 192x128
                RenderSVGHiddenContainer {defs} at (0,0) size 0x0
                  RenderSVGResourceLinearGradient {linearGradient} [id="surface"] [gradientUnits=objectBoundingBox] [start=(1,0)] [end=(1,1)]
                    RenderSVGGradientStop {stop} [offset=0.00] [color=#FFFFFF]
                    RenderSVGGradientStop {stop} [offset=1.00] [color=#FFEEAA]
                RenderSVGPath {ellipse} at (0,0) size 192x128 [stroke={[type=SOLID] [color=#FFCC33] [stroke width=2.00]}] [fill={[type=LINEAR-GRADIENT] [id="surface"]}] [cx=30.00] [cy=20.00] [rx=29.00] [ry=19.00]
          RenderEmbeddedObject {object} at (192,896) size 192x128
            layer at (0,0) size 192x128
              RenderView at (0,0) size 192x128
            layer at (0,0) size 192x128
              RenderSVGRoot {svg} at (0,0) size 192x128
                RenderSVGHiddenContainer {defs} at (0,0) size 0x0
                  RenderSVGResourceLinearGradient {linearGradient} [id="surface"] [gradientUnits=objectBoundingBox] [start=(1,0)] [end=(1,1)]
                    RenderSVGGradientStop {stop} [offset=0.00] [color=#FFFFFF]
                    RenderSVGGradientStop {stop} [offset=1.00] [color=#FFEEAA]
                RenderSVGPath {ellipse} at (0,0) size 192x128 [stroke={[type=SOLID] [color=#FFCC33] [stroke width=2.00]}] [fill={[type=LINEAR-GRADIENT] [id="surface"]}] [cx=30.00] [cy=20.00] [rx=29.00] [ry=19.00]
          RenderBlock (floating) {div} at (384,896) size 384x128
            RenderEmbeddedObject {object} at (0,0) size 288x128
              layer at (0,0) size 288x128
                RenderView at (0,0) size 288x128
              layer at (0,0) size 288x128
                RenderSVGRoot {svg} at (0,0) size 288x128
                  RenderSVGHiddenContainer {defs} at (0,0) size 0x0
                    RenderSVGResourceLinearGradient {linearGradient} [id="surface"] [gradientUnits=objectBoundingBox] [start=(1,0)] [end=(1,1)]
                      RenderSVGGradientStop {stop} [offset=0.00] [color=#FFFFFF]
                      RenderSVGGradientStop {stop} [offset=1.00] [color=#FFEEAA]
                  RenderSVGRect {rect} at (0,0) size 288x128 [stroke={[type=SOLID] [color=#FFCC33] [stroke width=2.00]}] [fill={[type=LINEAR-GRADIENT] [id="surface"]}] [x=1.00] [y=1.00] [width=88.00] [height=38.00]
                  RenderSVGText {text} at (39,8) size 12x23 contains 1 chunk(s)
                    RenderSVGInlineText {#text} at (0,0) size 12x23
                      chunk 1 (middle anchor) text run 1 at (39.38,27.00) startOffset 0 endOffset 1 width 11.25: "S"
            RenderEmbeddedObject {object} at (288,0) size 96x128
              layer at (0,0) size 96x128
                RenderView at (0,0) size 96x128
              layer at (0,0) size 96x128
                RenderSVGRoot {svg} at (0,0) size 96x128
                  RenderSVGHiddenContainer {defs} at (0,0) size 0x0
                    RenderSVGResourceLinearGradient {linearGradient} [id="surface"] [gradientUnits=objectBoundingBox] [start=(1,0)] [end=(1,1)]
                      RenderSVGGradientStop {stop} [offset=0.00] [color=#FFFFFF]
                      RenderSVGGradientStop {stop} [offset=1.00] [color=#FFEEAA]
                  RenderSVGRect {rect} at (0,0) size 96x128 [stroke={[type=SOLID] [color=#FFCC33] [stroke width=2.00]}] [fill={[type=LINEAR-GRADIENT] [id="surface"]}] [x=1.00] [y=1.00] [width=28.00] [height=38.00]
                  RenderSVGText {text} at (8,8) size 13x23 contains 1 chunk(s)
                    RenderSVGInlineText {#text} at (0,0) size 13x23
                      chunk 1 (middle anchor) text run 1 at (8.91,27.00) startOffset 0 endOffset 1 width 12.19: "T"
        RenderBlock {p} at (0,169) size 769x1050 [color=#FFFFFF]
          RenderBR {br} at (768,0) size 0x26
          RenderText {#text} at (0,1024) size 12x26
            text run at (0,1024) width 12: ".."
        RenderBlock {p} at (0,1242) size 769x104
          RenderText {#text} at (0,0) size 754x104
            text run at (0,0) width 754: "Above, you should see a grid of 17 SVG child elements sticked together to build"
            text run at (0,26) width 180: "one rectangle grid. "
            text run at (180,26) width 553: "You should be able to resize your browser window and the"
            text run at (0,52) width 745: "grid rendering should adjust to it. The outcome should look like in these sample"
            text run at (0,78) width 119: "screenshots: "
          RenderInline {a} at (0,0) size 49x26 [color=#0000EE]
            RenderText {#text} at (119,78) size 49x26
              text run at (119,78) width 49: "small"
          RenderText {#text} at (168,78) size 12x26
            text run at (168,78) width 12: ", "
          RenderInline {a} at (0,0) size 60x26 [color=#0000EE]
            RenderText {#text} at (180,78) size 60x26
              text run at (180,78) width 60: "bigger"
          RenderText {#text} at (240,78) size 46x26
            text run at (240,78) width 46: " and "
          RenderInline {a} at (0,0) size 30x26 [color=#0000EE]
            RenderText {#text} at (286,78) size 30x26
              text run at (286,78) width 30: "big"
          RenderText {#text} at (316,78) size 6x26
            text run at (316,78) width 6: "."
        RenderBlock {p} at (0,1369) size 769x78
          RenderText {#text} at (0,0) size 745x78
            text run at (0,0) width 745: "The test is successful, if all SVG elements resize exacly dependend on the width"
            text run at (0,26) width 712: "of the browser window, but keep their aspect ratio and relative position. The"
            text run at (0,52) width 567: "complete grid should always show a perfect rectangle object."
        RenderBlock {p} at (0,1470) size 769x52
          RenderBR {br} at (0,0) size 0x26
          RenderInline {a} at (0,0) size 47x26 [color=#0000EE]
            RenderText {#text} at (0,26) size 47x26
              text run at (0,26) width 47: "Back"
