layer at (0,0) size 785x742
  RenderView at (0,0) size 785x600
layer at (0,0) size 785x742
  RenderBlock {html} at (0,0) size 785x742
    RenderBody {body} at (47,44) size 737x690
      RenderBlock {div} at (0,0) size 737x690
        RenderBlock {h1} at (0,0) size 678x43
          RenderText {#text} at (0,0) size 310x42
            text run at (0,0) width 310: "rightsizing to box"
        RenderBlock {h4} at (0,43) size 737x24
          RenderText {#text} at (0,0) size 207x25
            text run at (0,0) width 207: "WICD Core 1.0 #20-1"
        RenderBlock {div} at (0,94) size 176x62 [bgcolor=#FF0000]
          RenderImage {object} at (0,0) size 176x62
          RenderText {#text} at (0,0) size 0x0
        RenderBlock (anonymous) at (0,156) size 737x26
          RenderBR {br} at (0,0) size 0x26
        RenderBlock {div} at (0,182) size 176x62 [bgcolor=#FF0000]
          RenderEmbeddedObject {object} at (0,0) size 176x62
            layer at (0,0) size 176x62
              RenderView at (0,0) size 176x62
            layer at (0,0) size 176x62
              RenderSVGRoot {svg} at (0,0) size 176x62
                RenderSVGRect {rect} at (0,0) size 176x62 [fill={[type=SOLID] [color=#CCCCCC]}] [x=0.00] [y=0.00] [width=176.00] [height=62.00]
                RenderSVGRect {rect} at (2,2) size 174x60 [fill={[type=SOLID] [color=#333333]}] [x=2.00] [y=2.00] [width=174.00] [height=60.00]
                RenderSVGRect {rect} at (2,2) size 172x58 [fill={[type=SOLID] [color=#FFFFFF]}] [x=2.00] [y=2.00] [width=172.00] [height=58.00]
                RenderSVGRect {rect} at (86,2) size 88x58 [fill={[type=SOLID] [color=#FFCC33]}] [x=86.00] [y=2.00] [width=88.00] [height=58.00]
                RenderSVGText {text} at (46,10) size 80x45 contains 1 chunk(s)
                  RenderSVGInlineText {#text} at (0,0) size 80x45
                    chunk 1 (middle anchor) text run 1 at (46.00,46.00) startOffset 0 endOffset 3 width 80.00: "SVG"
          RenderText {#text} at (0,0) size 0x0
        RenderBlock {p} at (0,248) size 678x72
          RenderText {#text} at (0,0) size 657x72
            text run at (0,0) width 654: "Above there must be a GIF- and a SVG-image visible. Both are referenced by"
            text run at (0,24) width 657: "an object element (width:100%, no defined height) and each nested into a div"
            text run at (0,48) width 314: "element (width:176px, height:62px)."
        RenderBlock {div} at (0,328) size 176x62 [bgcolor=#FF0000]
          RenderImage {object} at (0,0) size 176x62
          RenderText {#text} at (0,0) size 0x0
        RenderBlock (anonymous) at (0,390) size 737x26
          RenderBR {br} at (0,0) size 0x26
        RenderBlock {div} at (0,416) size 176x62 [bgcolor=#FF0000]
          RenderEmbeddedObject {object} at (0,0) size 176x62
            layer at (0,0) size 176x62
              RenderView at (0,0) size 176x62
            layer at (0,0) size 176x62
              RenderSVGRoot {svg} at (0,0) size 176x62
                RenderSVGRect {rect} at (0,0) size 176x62 [fill={[type=SOLID] [color=#CCCCCC]}] [x=0.00] [y=0.00] [width=176.00] [height=62.00]
                RenderSVGRect {rect} at (2,2) size 174x60 [fill={[type=SOLID] [color=#333333]}] [x=2.00] [y=2.00] [width=174.00] [height=60.00]
                RenderSVGRect {rect} at (2,2) size 172x58 [fill={[type=SOLID] [color=#FFFFFF]}] [x=2.00] [y=2.00] [width=172.00] [height=58.00]
                RenderSVGRect {rect} at (86,2) size 88x58 [fill={[type=SOLID] [color=#FFCC33]}] [x=86.00] [y=2.00] [width=88.00] [height=58.00]
                RenderSVGText {text} at (46,10) size 80x45 contains 1 chunk(s)
                  RenderSVGInlineText {#text} at (0,0) size 80x45
                    chunk 1 (middle anchor) text run 1 at (46.00,46.00) startOffset 0 endOffset 3 width 80.00: "SVG"
          RenderText {#text} at (0,0) size 0x0
        RenderBlock {p} at (0,482) size 678x72
          RenderText {#text} at (0,0) size 657x72
            text run at (0,0) width 654: "Above there must be a GIF- and a SVG-image visible. Both are referenced by"
            text run at (0,24) width 657: "an object element (no defined width, height:100%) and each nested into a div"
            text run at (0,48) width 314: "element (width:176px, height:62px)."
        RenderBlock {p} at (0,562) size 678x72
          RenderText {#text} at (0,0) size 650x72
            text run at (0,0) width 650: "This tests have succeeded, if in both cases, the look (dimensions) of the SVG"
            text run at (0,24) width 607: "and the GIF are exactly the same (except the text apparently) and no red"
            text run at (0,48) width 237: "background color is visible."
        RenderBlock {p} at (0,642) size 678x48
          RenderBR {br} at (0,0) size 0x24
          RenderInline {a} at (0,0) size 43x24 [color=#000066]
            RenderText {#text} at (0,24) size 43x24
              text run at (0,24) width 43: "Back"
