layer at (0,0) size 785x984
  RenderView at (0,0) size 785x600
layer at (0,0) size 785x984
  RenderBlock {html} at (0,0) size 785x984
    RenderBody {body} at (47,44) size 737x932
      RenderBlock {div} at (0,0) size 737x932
        RenderBlock {h1} at (0,0) size 678x43
          RenderText {#text} at (0,0) size 550x42
            text run at (0,0) width 550: "rightsizing to percentage width"
        RenderBlock {h4} at (0,43) size 737x24
          RenderText {#text} at (0,0) size 207x25
            text run at (0,0) width 207: "WICD Core 1.0 #20-2"
        RenderBlock (anonymous) at (0,94) size 737x299
          RenderEmbeddedObject {object} at (0,0) size 294x294 [bgcolor=#FF0000]
            layer at (0,0) size 294x294
              RenderView at (0,0) size 294x294
            layer at (0,0) size 294x294
              RenderSVGRoot {svg} at (0,0) size 294x294
                RenderSVGHiddenContainer {defs} at (0,0) size 0x0
                RenderSVGRect {rect} at (0,0) size 294x294 [fill={[type=SOLID] [color=#5588FF]}] [x=-3000.00] [y=-1000.00] [width=6200.00] [height=2200.00]
                RenderSVGPath {circle} at (0,0) size 294x294 [fill={[type=SOLID] [color=#0000FF]}] [cx=100.00] [cy=100.00] [r=100.00]
                RenderSVGContainer {g} at (44,91) size 206x117
                  RenderSVGText {text} at (30,62) size 140x79 contains 1 chunk(s)
                    RenderSVGInlineText {#text} at (0,0) size 140x79
                      chunk 1 (middle anchor) text run 1 at (30.27,125.00) startOffset 0 endOffset 3 width 139.46: "SVG"
          RenderText {#text} at (294,273) size 6x26
            text run at (294,273) width 6: " "
          RenderEmbeddedObject {object} at (300,147) size 147x147 [bgcolor=#FF0000]
            layer at (0,0) size 147x147
              RenderView at (0,0) size 147x147
            layer at (0,0) size 147x147
              RenderSVGRoot {svg} at (0,0) size 147x147
                RenderSVGHiddenContainer {defs} at (0,0) size 0x0
                RenderSVGRect {rect} at (0,0) size 147x147 [fill={[type=SOLID] [color=#5588FF]}] [x=-3000.00] [y=-1000.00] [width=6200.00] [height=2200.00]
                RenderSVGPath {circle} at (0,0) size 147x147 [fill={[type=SOLID] [color=#0000FF]}] [cx=100.00] [cy=100.00] [r=100.00]
                RenderSVGContainer {g} at (22,45) size 103x60
                  RenderSVGText {text} at (30,62) size 139x79 contains 1 chunk(s)
                    RenderSVGInlineText {#text} at (0,0) size 139x79
                      chunk 1 (middle anchor) text run 1 at (30.61,125.00) startOffset 0 endOffset 3 width 138.78: "SVG"
          RenderText {#text} at (447,273) size 6x26
            text run at (447,273) width 6: " "
          RenderEmbeddedObject {object} at (453,221) size 73x73 [bgcolor=#FF0000]
            layer at (0,0) size 73x73
              RenderView at (0,0) size 73x73
            layer at (0,0) size 73x73
              RenderSVGRoot {svg} at (0,0) size 73x73
                RenderSVGHiddenContainer {defs} at (0,0) size 0x0
                RenderSVGRect {rect} at (0,0) size 73x73 [fill={[type=SOLID] [color=#5588FF]}] [x=-3000.00] [y=-1000.00] [width=6200.00] [height=2200.00]
                RenderSVGPath {circle} at (0,0) size 73x73 [fill={[type=SOLID] [color=#0000FF]}] [cx=100.00] [cy=100.00] [r=100.00]
                RenderSVGContainer {g} at (10,21) size 53x31
                  RenderSVGText {text} at (28,59) size 143x83 contains 1 chunk(s)
                    RenderSVGInlineText {#text} at (0,0) size 143x83
                      chunk 1 (middle anchor) text run 1 at (28.77,125.00) startOffset 0 endOffset 3 width 142.47: "SVG"
          RenderText {#text} at (526,273) size 6x26
            text run at (526,273) width 6: " "
          RenderEmbeddedObject {object} at (532,258) size 36x36 [bgcolor=#FF0000]
            layer at (0,0) size 36x36
              RenderView at (0,0) size 36x36
            layer at (0,0) size 36x36
              RenderSVGRoot {svg} at (0,0) size 36x36
                RenderSVGHiddenContainer {defs} at (0,0) size 0x0
                RenderSVGRect {rect} at (0,0) size 36x36 [fill={[type=SOLID] [color=#5588FF]}] [x=-3000.00] [y=-1000.00] [width=6200.00] [height=2200.00]
                RenderSVGPath {circle} at (0,0) size 36x36 [fill={[type=SOLID] [color=#0000FF]}] [cx=100.00] [cy=100.00] [r=100.00]
                RenderSVGContainer {g} at (5,10) size 26x16
                  RenderSVGText {text} at (30,58) size 139x84 contains 1 chunk(s)
                    RenderSVGInlineText {#text} at (0,0) size 139x84
                      chunk 1 (middle anchor) text run 1 at (30.56,125.00) startOffset 0 endOffset 3 width 138.89: "SVG"
          RenderText {#text} at (0,0) size 0x0
        RenderBlock {p} at (0,397) size 678x120
          RenderText {#text} at (0,0) size 649x72
            text run at (0,0) width 614: "Above there must be four times the same, square SVG child visible, each"
            text run at (0,24) width 649: "referenced by an object element with different widths (40%, 20%, 10%, 5%)"
            text run at (0,48) width 196: "and no height defined. "
          RenderBR {br} at (0,0) size 0x0
          RenderBR {br} at (0,72) size 0x24
          RenderText {#text} at (0,96) size 554x24
            text run at (0,96) width 554: "Beyond there is the same, only with PNG images instead of SVG."
        RenderBlock (anonymous) at (0,525) size 737x299
          RenderImage {object} at (0,0) size 294x294 [bgcolor=#FF0000]
          RenderText {#text} at (294,273) size 6x26
            text run at (294,273) width 6: " "
          RenderImage {object} at (300,147) size 147x147 [bgcolor=#FF0000]
          RenderText {#text} at (447,273) size 6x26
            text run at (447,273) width 6: " "
          RenderImage {object} at (453,221) size 73x73 [bgcolor=#FF0000]
          RenderText {#text} at (526,273) size 6x26
            text run at (526,273) width 6: " "
          RenderImage {object} at (532,258) size 36x36 [bgcolor=#FF0000]
          RenderText {#text} at (0,0) size 0x0
        RenderBlock {p} at (0,828) size 678x48
          RenderText {#text} at (0,0) size 630x48
            text run at (0,0) width 630: "This test has succeeded, if both rows look exactly the same (SVGs must be"
            text run at (0,24) width 406: "square!) and no red background color is visible."
        RenderBlock {p} at (0,884) size 678x48
          RenderBR {br} at (0,0) size 0x24
          RenderInline {a} at (0,0) size 43x24 [color=#000066]
            RenderText {#text} at (0,24) size 43x24
              text run at (0,24) width 43: "Back"
