layer at (0,0) size 800x600
  RenderView at (0,0) size 800x600
layer at (0,0) size 800x600
  RenderBlock {HTML} at (0,0) size 800x600
    RenderBody {BODY} at (8,8) size 784x584
      RenderBlock {DIV} at (0,0) size 100x100 [bgcolor=#FF0000]
      RenderBlock {DIV} at (0,100) size 784x21
        RenderBlock (anonymous) at (0,0) size 784x21
          RenderText {#text} at (0,0) size 235x21
            text run at (0,0) width 235: "This should be below the red box"
        RenderBlock {DIV} at (0,21) size 784x0
