CONSOLE MESSAGE: line 1: SyntaxError: Unexpected token '<'
layer at (0,0) size 800x600
  RenderView at (0,0) size 800x600
layer at (0,0) size 800x600
  RenderBlock {HTML} at (0,0) size 800x600
    RenderBody {BODY} at (8,8) size 784x584
      RenderText {#text} at (0,0) size 290x22
        text run at (0,0) width 117: "TEST PASSED. "
        text run at (117,0) width 173: "This text should show up."
