CONSOLE MESSAGE: line 1: SyntaxError: Unexpected token '<'
layer at (0,0) size 800x600
  RenderView at (0,0) size 800x600
layer at (0,0) size 800x600
  RenderBlock {HTML} at (0,0) size 800x600
    RenderBody {BODY} at (8,8) size 784x584
      RenderText {#text} at (0,0) size 58x22
        text run at (0,0) width 58: "TEST...\x{9}"
      RenderText {#text} at (0,0) size 0x0
      RenderText {#text} at (58,0) size 244x22
        text run at (58,0) width 71: "PASSED. "
        text run at (129,0) width 173: "This text should show up."
