layer at (0,0) size 800x600
  RenderView at (0,0) size 800x600
layer at (0,0) size 800x600
  RenderBlock {HTML} at (0,0) size 800x600
    RenderBody {BODY} at (8,8) size 784x584
      RenderTable {TABLE} at (0,0) size 785x355
        RenderTableSection {TBODY} at (0,0) size 785x355
          RenderTableRow {TR} at (0,0) size 785x27
            RenderTableCell {TD} at (0,0) size 785x27 [border: (1px solid #008000)] [r=0 c=0 rs=1 cs=3]
              RenderText {#text} at (4,4) size 236x19
                text run at (4,4) width 144: "   Join Now   Sign In   "
                text run at (148,4) width 92: "   Personalize: "
              RenderInline {A} at (0,0) size 50x19
                RenderText {#text} at (240,4) size 50x19
                  text run at (240,4) width 50: "Settings"
              RenderText {#text} at (290,4) size 14x19
                text run at (290,4) width 14: " \x{2022} "
              RenderInline {A} at (0,0) size 50x19
                RenderText {#text} at (304,4) size 50x19
                  text run at (304,4) width 50: "Content"
              RenderText {#text} at (354,4) size 14x19
                text run at (354,4) width 14: " \x{2022} "
              RenderInline {A} at (0,0) size 45x19
                RenderText {#text} at (368,4) size 45x19
                  text run at (368,4) width 45: "Layout"
              RenderText {#text} at (413,4) size 14x19
                text run at (413,4) width 14: " \x{2022} "
              RenderInline {A} at (0,0) size 112x19
                RenderText {#text} at (427,4) size 112x19
                  text run at (427,4) width 112: "Colors & Themes"
              RenderText {#text} at (539,4) size 14x19
                text run at (539,4) width 14: " \x{2022} "
              RenderInline {A} at (0,0) size 46x19
                RenderText {#text} at (553,4) size 46x19
                  text run at (553,4) width 46: "Sign In"
              RenderText {#text} at (599,4) size 182x19
                text run at (599,4) width 8: "  "
                text run at (607,4) width 90: "   My Links:   "
                text run at (697,4) width 84: "  Lite \x{2022} Email"
          RenderTableRow {TR} at (0,27) size 785x328
            RenderTableCell {TD} at (0,187) size 8x8 [border: (1px solid #008000)] [r=1 c=0 rs=1 cs=1]
            RenderTableCell {TD} at (8,27) size 557x328 [border: (1px solid #008000)] [r=1 c=1 rs=1 cs=1]
              RenderTable {TABLE} at (4,4) size 549x320
                RenderTableSection {TBODY} at (0,0) size 549x320
                  RenderTableRow {TR} at (0,2) size 549x316
                    RenderTableCell {TD} at (2,2) size 545x316 [border: (1px solid #008000)] [r=0 c=0 rs=1 cs=1]
                      RenderTable {TABLE} at (2,2) size 541x312
                        RenderTableSection {TBODY} at (0,0) size 541x312
                          RenderTableRow {TR} at (0,2) size 541x308
                            RenderTableCell {TD} at (2,154) size 231x4 [border: (1px solid #008000)] [r=0 c=0 rs=1 cs=1]
                            RenderTableCell {TD} at (235,2) size 71x308 [border: (1px solid #008000)] [r=0 c=1 rs=1 cs=1]
                              RenderText {#text} at (2,2) size 67x304
                                text run at (2,2) width 56: "This guy"
                                text run at (2,21) width 42: "should"
                                text run at (2,40) width 53: "have the"
                                text run at (2,59) width 59: "really big"
                                text run at (2,78) width 67: "maxwidth."
                                text run at (2,97) width 13: "It "
                                text run at (15,97) width 42: "should"
                                text run at (2,116) width 39: "be big"
                                text run at (2,135) width 63: "enough to"
                                text run at (2,154) width 35: "really"
                                text run at (2,173) width 35: "really"
                                text run at (2,192) width 37: "screw"
                                text run at (2,211) width 62: "things up."
                                text run at (2,230) width 43: "That is"
                                text run at (2,249) width 40: "what I"
                                text run at (2,268) width 60: "think will"
                                text run at (2,287) width 37: "work."
                            RenderTableCell {TD} at (308,154) size 231x4 [border: (1px solid #008000)] [r=0 c=2 rs=1 cs=1]
            RenderTableCell {TD} at (565,178) size 220x26 [border: (1px solid #008000)] [r=1 c=2 rs=1 cs=1]
              RenderImage {IMG} at (4,4) size 212x18
              RenderText {#text} at (0,0) size 0x0
