layer at (0,0) size 785x801
  RenderView at (0,0) size 785x600
layer at (0,0) size 785x801
  RenderBlock {HTML} at (0,0) size 785x801
    RenderBody {BODY} at (8,8) size 769x785
      RenderTable {TABLE} at (0,0) size 355x785
        RenderTableSection {TBODY} at (0,0) size 355x785
          RenderTableRow {TR} at (0,0) size 27x785
            RenderTableCell {TD} at (0,0) size 27x785 [border: (1px solid #008000)] [r=0 c=0 rs=1 cs=3]
              RenderText {#text} at (4,4) size 19x236
                text run at (4,4) width 144: "   Join Now   Sign In   "
                text run at (4,148) width 92: "   Personalize: "
              RenderInline {A} at (0,0) size 19x50
                RenderText {#text} at (4,240) size 19x50
                  text run at (4,240) width 50: "Settings"
              RenderText {#text} at (4,290) size 19x14
                text run at (4,290) width 14: " \x{2022} "
              RenderInline {A} at (0,0) size 19x50
                RenderText {#text} at (4,304) size 19x50
                  text run at (4,304) width 50: "Content"
              RenderText {#text} at (4,354) size 19x14
                text run at (4,354) width 14: " \x{2022} "
              RenderInline {A} at (0,0) size 19x45
                RenderText {#text} at (4,368) size 19x45
                  text run at (4,368) width 45: "Layout"
              RenderText {#text} at (4,413) size 19x14
                text run at (4,413) width 14: " \x{2022} "
              RenderInline {A} at (0,0) size 19x112
                RenderText {#text} at (4,427) size 19x112
                  text run at (4,427) width 112: "Colors & Themes"
              RenderText {#text} at (4,539) size 19x14
                text run at (4,539) width 14: " \x{2022} "
              RenderInline {A} at (0,0) size 19x46
                RenderText {#text} at (4,553) size 19x46
                  text run at (4,553) width 46: "Sign In"
              RenderText {#text} at (4,599) size 19x182
                text run at (4,599) width 8: "  "
                text run at (4,607) width 90: "   My Links:   "
                text run at (4,697) width 84: "  Lite \x{2022} Email"
          RenderTableRow {TR} at (0,27) size 328x785
            RenderTableCell {TD} at (27,160) size 328x-312 [border: (1px solid #008000)] [r=1 c=0 rs=1 cs=1]
            RenderTableCell {TD} at (27,8) size 328x557 [border: (1px solid #008000)] [r=1 c=1 rs=1 cs=1]
              RenderTable {TABLE} at (4,4) size 320x549
                RenderTableSection {TBODY} at (0,0) size 320x549
                  RenderTableRow {TR} at (0,2) size 316x549
                    RenderTableCell {TD} at (2,2) size 316x545 [border: (1px solid #008000)] [r=0 c=0 rs=1 cs=1]
                      RenderTable {TABLE} at (2,2) size 312x541
                        RenderTableSection {TBODY} at (0,0) size 312x541
                          RenderTableRow {TR} at (0,2) size 308x541
                            RenderTableCell {TD} at (2,154) size 308x-73 [border: (1px solid #008000)] [r=0 c=0 rs=1 cs=1]
                            RenderTableCell {TD} at (2,235) size 308x71 [border: (1px solid #008000)] [r=0 c=1 rs=1 cs=1]
                              RenderText {#text} at (2,2) size 304x67
                                text run at (2,2) width 56: "This guy"
                                text run at (21,2) width 42: "should"
                                text run at (40,2) width 53: "have the"
                                text run at (59,2) width 59: "really big"
                                text run at (78,2) width 67: "maxwidth."
                                text run at (97,2) width 13: "It "
                                text run at (97,15) width 42: "should"
                                text run at (116,2) width 39: "be big"
                                text run at (135,2) width 63: "enough to"
                                text run at (154,2) width 35: "really"
                                text run at (173,2) width 35: "really"
                                text run at (192,2) width 37: "screw"
                                text run at (211,2) width 62: "things up."
                                text run at (230,2) width 43: "That is"
                                text run at (249,2) width 40: "what I"
                                text run at (268,2) width 60: "think will"
                                text run at (287,2) width 37: "work."
                            RenderTableCell {TD} at (2,460) size 308x-73 [border: (1px solid #008000)] [r=0 c=2 rs=1 cs=1]
            RenderTableCell {TD} at (27,716) size 328x-82 [border: (1px solid #008000)] [r=1 c=2 rs=1 cs=1]
              RenderImage {IMG} at (155,-147) size 18x212
              RenderText {#text} at (0,0) size 0x0
