layer at (0,0) size 800x600
  RenderView at (0,0) size 800x600
layer at (0,0) size 800x119
  RenderBlock {HTML} at (0,0) size 800x119
    RenderBody {BODY} at (8,8) size 784x103
      RenderBlock (anonymous) at (0,0) size 784x19
        RenderText {#text} at (0,0) size 404x19
          text run at (0,0) width 404: "This test should have two centered tables and two centered divs."
      RenderTable {TABLE} at (299,19) size 186x23 [border: (1px outset #808080)]
        RenderTableSection {TBODY} at (1,1) size 184x21
          RenderTableRow {TR} at (0,0) size 184x21
            RenderTableCell {TD} at (0,0) size 184x21 [border: (1px inset #808080)] [r=0 c=0 rs=1 cs=1]
              RenderText {#text} at (1,1) size 182x19
                text run at (1,1) width 182: "This table is aligned \"center\""
      RenderTable {TABLE} at (286,42) size 212x23 [border: (1px outset #808080)]
        RenderTableSection {TBODY} at (1,1) size 210x21
          RenderTableRow {TR} at (0,0) size 210x21
            RenderTableCell {TD} at (0,0) size 210x21 [border: (1px inset #808080)] [r=0 c=0 rs=1 cs=1]
              RenderText {#text} at (1,1) size 208x19
                text run at (1,1) width 208: "This table is aligned \"CENTER\""
      RenderBlock {DIV} at (0,65) size 784x19
        RenderText {#text} at (306,0) size 172x19
          text run at (306,0) width 172: "This div is aligned \"center\""
      RenderBlock {DIV} at (0,84) size 784x19
        RenderText {#text} at (293,0) size 198x19
          text run at (293,0) width 198: "This div is aligned \"CENTER\""
