layer at (0,0) size 800x600
  RenderView at (0,0) size 800x600
layer at (0,0) size 800x190
  RenderBlock {HTML} at (0,0) size 800x190
    RenderBody {BODY} at (8,8) size 784x174
      RenderBlock {P} at (0,0) size 784x19
        RenderText {#text} at (0,0) size 108x19
          text run at (0,0) width 108: "Testcase for bug "
        RenderInline {A} at (0,0) size 32x19 [color=#0000EE]
          RenderText {#text} at (108,0) size 32x19
            text run at (108,0) width 32: "4874"
        RenderText {#text} at (140,0) size 417x19
          text run at (140,0) width 417: " - Table with absolute bottom positioning is positioned incorrectly."
      RenderBlock {H1} at (0,40) size 784x37
        RenderText {#text} at (0,0) size 170x36
          text run at (0,0) width 170: "Look Down!"
      RenderBlock {P} at (0,98) size 784x76
        RenderText {#text} at (0,0) size 783x76
          text run at (0,0) width 507: "At the bottom of the window you should see the word \"Paragraph\" followed by "
          text run at (507,0) width 265: "three boxes containing text. The entire red"
          text run at (0,19) width 200: "border around each box should "
          text run at (200,19) width 454: "be visible without scrolling (the window should not be scrollable at all). "
          text run at (654,19) width 101: "The three boxes"
          text run at (0,38) width 344: "should be aligned at the bottom with the bottom of the "
          text run at (344,38) width 439: "window. The text \"Tall table\" should be vertically centered in its box,"
          text run at (0,57) width 480: "which should be 50px tall. The other two boxes should both be shorter than "
          text run at (480,57) width 203: "50px, and have the same height."
layer at (120,550) size 120x50
  RenderTable {TABLE} at (120,550) size 120x50 [border: (1px solid #FF0000)]
    RenderTableSection {TBODY} at (1,1) size 118x48
      RenderTableRow {TR} at (0,2) size 118x44
        RenderTableCell {TD} at (2,13) size 114x21 [r=0 c=0 rs=1 cs=1]
          RenderText {#text} at (1,1) size 59x19
            text run at (1,1) width 59: "Tall table"
layer at (240,573) size 120x27
  RenderTable {TABLE} at (240,573) size 120x27 [border: (1px solid #FF0000)]
    RenderTableSection {TBODY} at (1,1) size 118x25
      RenderTableRow {TR} at (0,2) size 118x21
        RenderTableCell {TD} at (2,2) size 114x21 [r=0 c=0 rs=1 cs=1]
          RenderText {#text} at (1,1) size 82x19
            text run at (1,1) width 82: "Normal table"
layer at (360,573) size 120x27
  RenderTable {TABLE} at (360,573) size 120x27 [border: (1px solid #FF0000)]
    RenderTableSection {TBODY} at (1,1) size 118x25
      RenderTableRow {TR} at (0,2) size 118x21
        RenderTableCell {TD} at (2,2) size 114x21 [r=0 c=0 rs=1 cs=1]
          RenderText {#text} at (1,1) size 68x19
            text run at (1,1) width 68: "Short table"
layer at (0,581) size 64x19
  RenderBlock (positioned) {P} at (0,581) size 64x19
    RenderText {#text} at (0,0) size 64x19
      text run at (0,0) width 64: "Paragraph"
