layer at (0,0) size 800x600
  RenderView at (0,0) size 800x600
layer at (0,0) size 800x206
  RenderBlock {HTML} at (0,0) size 800x206
    RenderBody {BODY} at (8,16) size 784x174
      RenderTable {TABLE} at (16,0) size 62x88 [border: (3px solid #FF0000)]
        RenderTableSection {TBODY} at (3,3) size 56x82
          RenderTableRow {TR} at (0,2) size 52x82
            RenderTableCell {TD} at (2,2) size 52x78 [r=0 c=0 rs=1 cs=1]
              RenderTable {TABLE} at (1,1) size 25x73 [color=#FFFFFF] [bgcolor=#800080]
                RenderTableSection {TBODY} at (0,0) size 25x73
                  RenderTableRow {TR} at (0,2) size 21x73
                    RenderTableCell {TD} at (2,2) size 21x69 [r=0 c=0 rs=1 cs=1]
                      RenderText {#text} at (1,1) size 19x67
                        text run at (1,1) width 67: "Table One"
              RenderTable {TABLE} at (26,1) size 25x76 [color=#FFFFFF] [bgcolor=#800080]
                RenderTableSection {TBODY} at (0,0) size 25x76
                  RenderTableRow {TR} at (0,2) size 21x76
                    RenderTableCell {TD} at (2,2) size 21x72 [r=0 c=0 rs=1 cs=1]
                      RenderText {#text} at (1,1) size 19x70
                        text run at (1,1) width 70: "Table Two"
      RenderTable {TABLE} at (16,104) size 50x70 [border: (3px solid #FF0000)]
        RenderTableSection {TBODY} at (3,3) size 44x64
          RenderTableRow {TR} at (0,2) size 40x64
            RenderTableCell {TD} at (2,2) size 40x60 [r=0 c=0 rs=1 cs=1]
              RenderBlock {DIV} at (1,1) size 19x58 [color=#FFFFFF] [bgcolor=#800080]
                RenderText {#text} at (0,0) size 19x55
                  text run at (0,0) width 55: "Div One"
              RenderBlock {DIV} at (20,1) size 19x58 [color=#FFFFFF] [bgcolor=#800080]
                RenderText {#text} at (0,0) size 19x58
                  text run at (0,0) width 58: "Div Two"
