layer at (0,0) size 800x600
  RenderView at (0,0) size 800x600
layer at (0,0) size 800x499
  RenderBlock {HTML} at (0,0) size 800x499
    RenderBody {BODY} at (8,16) size 784x475
      RenderBlock {DIV} at (0,0) size 600x475
        RenderBlock {P} at (0,0) size 600x19
          RenderText {#text} at (0,0) size 286x19
            text run at (0,0) width 286: "The following two tables should be the same."
        RenderBlock {P} at (0,35) size 600x19
          RenderText {#text} at (0,0) size 163x19
            text run at (0,0) width 163: "Table 1: width in <COL>"
        RenderTable {TABLE} at (0,70) size 256x177
          RenderTableCol {COLGROUP} at (0,0) size 0x0
            RenderTableCol {COL} at (0,0) size 0x0
            RenderTableCol {COL} at (0,0) size 0x0
          RenderTableSection {TBODY} at (0,0) size 256x177
            RenderTableRow {TR} at (0,2) size 256x173
              RenderTableCell {TD} at (2,2) size 150x173 [bgcolor=#FFFF00] [r=0 c=0 rs=1 cs=1]
                RenderText {#text} at (1,1) size 148x171
                  text run at (1,1) width 88: "Cras tincidunt"
                  text run at (1,20) width 145: "bibendum nunc. Morbi"
                  text run at (1,39) width 132: "condimentum aliquet"
                  text run at (1,58) width 98: "diam. Phasellus"
                  text run at (1,77) width 145: "pulvinar, nisl at tempor"
                  text run at (1,96) width 114: "auctor, dolor pede"
                  text run at (1,115) width 106: "vestibulum risus,"
                  text run at (1,134) width 143: "placerat malesuada dui"
                  text run at (1,153) width 148: "enim nec est. Nulla leo."
              RenderTableCell {TD} at (154,78) size 100x21 [bgcolor=#008000] [r=0 c=1 rs=1 cs=1]
                RenderText {#text} at (1,1) size 84x19
                  text run at (1,1) width 84: "Lorem ipsum"
        RenderBlock {P} at (0,263) size 600x19
          RenderText {#text} at (0,0) size 152x19
            text run at (0,0) width 152: "Table 2: width in <TD>"
        RenderTable {TABLE} at (0,298) size 260x177
          RenderTableSection {TBODY} at (0,0) size 260x177
            RenderTableRow {TR} at (0,2) size 260x173
              RenderTableCell {TD} at (2,2) size 152x173 [bgcolor=#FFFF00] [r=0 c=0 rs=1 cs=1]
                RenderText {#text} at (1,1) size 148x171
                  text run at (1,1) width 88: "Cras tincidunt"
                  text run at (1,20) width 145: "bibendum nunc. Morbi"
                  text run at (1,39) width 132: "condimentum aliquet"
                  text run at (1,58) width 98: "diam. Phasellus"
                  text run at (1,77) width 145: "pulvinar, nisl at tempor"
                  text run at (1,96) width 114: "auctor, dolor pede"
                  text run at (1,115) width 106: "vestibulum risus,"
                  text run at (1,134) width 143: "placerat malesuada dui"
                  text run at (1,153) width 148: "enim nec est. Nulla leo."
              RenderTableCell {TD} at (156,78) size 102x21 [bgcolor=#008000] [r=0 c=1 rs=1 cs=1]
                RenderText {#text} at (1,1) size 84x19
                  text run at (1,1) width 84: "Lorem ipsum"
