layer at (0,0) size 800x600
  RenderView at (0,0) size 800x600
layer at (0,0) size 800x142
  RenderBlock {HTML} at (0,0) size 800x142
    RenderBody {BODY} at (8,8) size 784x126
      RenderTable {TABLE} at (0,0) size 271x63
        RenderBlock {CAPTION} at (0,0) size 271x38
          RenderText {#text} at (30,0) size 211x38
            text run at (30,0) width 211: "The next line should have yellow"
            text run at (96,19) width 79: "background."
        RenderTableCol {COLGROUP} at (0,0) size 0x0
          RenderTableCol {COL} at (0,0) size 0x0 [bgcolor=#FFFF00]
        RenderTableSection {TBODY} at (0,38) size 271x25
          RenderTableRow {TR} at (0,2) size 271x21
            RenderTableCell {TD} at (2,2) size 267x21 [r=0 c=0 rs=1 cs=1]
              RenderText {#text} at (1,1) size 265x19
                text run at (1,1) width 265: "This line should have yellow background."
      RenderTable {TABLE} at (0,63) size 271x63
        RenderBlock {CAPTION} at (0,0) size 271x38
          RenderText {#text} at (30,0) size 211x38
            text run at (30,0) width 211: "The next line should have yellow"
            text run at (96,19) width 79: "background."
        RenderTableCol {COLGROUP} at (0,0) size 0x0
          RenderTableCol {COL} at (0,0) size 0x0 [bgcolor=#FFFF00]
        RenderTableSection {TBODY} at (0,38) size 271x25
          RenderTableRow {TR} at (0,2) size 271x21
            RenderTableCell {TD} at (2,2) size 267x21 [r=0 c=0 rs=1 cs=1]
              RenderText {#text} at (1,1) size 265x19
                text run at (1,1) width 265: "This line should have yellow background."
