layer at (0,0) size 800x600
  RenderView at (0,0) size 800x600
layer at (0,0) size 800x92
  RenderBlock {html} at (0,0) size 800x92
    RenderBody {body} at (8,8) size 784x76
      RenderTable {table} at (0,0) size 46x76
        RenderBlock {caption} at (0,0) size 46x76
          RenderText {#text} at (1,0) size 46x76
            text run at (1,0) width 44: "PASS:"
            text run at (0,19) width 46: "Text in"
            text run at (0,38) width 46: "caption"
            text run at (19,57) width 8: "1"
