layer at (0,0) size 800x600
  RenderView at (0,0) size 800x600
layer at (0,0) size 800x600
  RenderBlock {HTML} at (0,0) size 800x600
    RenderBody {BODY} at (8,8) size 784x584
      RenderBlock {P} at (0,0) size 784x38
        RenderText {#text} at (0,0) size 212x19
          text run at (0,0) width 212: "This tests for a regression against "
        RenderInline {I} at (0,0) size 778x38
          RenderInline {A} at (0,0) size 348x19 [color=#0000EE]
            RenderText {#text} at (212,0) size 348x19
              text run at (212,0) width 348: "http://bugzilla.opendarwin.org/show_bug.cgi?id=7054"
          RenderText {#text} at (560,0) size 778x38
            text run at (560,0) width 4: " "
            text run at (564,0) width 214: "Vertical scroll bars do not appear"
            text run at (0,19) width 169: "or do not scroll completely"
        RenderText {#text} at (169,19) size 4x19
          text run at (169,19) width 4: "."
      RenderBlock {P} at (0,54) size 784x19
        RenderText {#text} at (0,0) size 649x19
          text run at (0,0) width 649: "The top two boxes should have horizontal scroll bars. The bottom box should have a vertical scroll bar."
      RenderBlock {HR} at (0,89) size 784x2 [border: (1px inset #000000)]
      RenderBlock (anonymous) at (0,201) size 784x19
        RenderBR {BR} at (0,0) size 0x19
      RenderBlock (anonymous) at (0,322) size 784x19
        RenderBR {BR} at (0,0) size 0x19
layer at (8,107) size 102x102 clip at (9,108) size 100x85 scrollWidth 133
  RenderBlock {DIV} at (0,99) size 102x102 [border: (1px solid #0000FF)]
    RenderTable {TABLE} at (1,1) size 6x6
      RenderTableSection {TBODY} at (0,0) size 6x6
        RenderTableRow {TR} at (0,2) size 6x2
          RenderTableCell {TD} at (2,2) size 2x2 [r=0 c=0 rs=1 cs=1]
layer at (8,228) size 102x102 clip at (9,229) size 100x85 scrollX 33 scrollWidth 133
  RenderBlock {DIV} at (0,220) size 102x102 [border: (1px solid #0000FF)]
    RenderTable {TABLE} at (95,1) size 6x6
      RenderTableSection {TBODY} at (0,0) size 6x6
        RenderTableRow {TR} at (0,2) size 6x2
          RenderTableCell {TD} at (2,2) size 2x2 [r=0 c=0 rs=1 cs=1]
layer at (8,349) size 102x102 clip at (9,350) size 85x100 scrollHeight 133
  RenderBlock {DIV} at (0,341) size 102x102 [border: (1px solid #0000FF)]
    RenderTable {TABLE} at (1,1) size 6x6
      RenderTableSection {TBODY} at (0,0) size 6x6
        RenderTableRow {TR} at (0,2) size 6x2
          RenderTableCell {TD} at (2,2) size 2x2 [r=0 c=0 rs=1 cs=1]
layer at (82,111) size 60x60 backgroundClip at (9,108) size 100x85 clip at (9,108) size 100x85 outlineClip at (9,108) size 100x85
  RenderBlock (positioned) {DIV} at (70,0) size 60x60 [bgcolor=#C0C0C0]
layer at (-24,232) size 60x60 backgroundClip at (9,229) size 100x85 clip at (9,229) size 100x85 outlineClip at (9,229) size 100x85
  RenderBlock (positioned) {DIV} at (-130,0) size 60x60 [bgcolor=#C0C0C0]
layer at (12,423) size 60x60 backgroundClip at (9,350) size 85x100 clip at (9,350) size 85x100 outlineClip at (9,350) size 85x100
  RenderBlock (positioned) {DIV} at (0,70) size 60x60 [bgcolor=#C0C0C0]
