layer at (0,0) size 785x7878
  RenderView at (0,0) size 785x600
layer at (0,0) size 785x7878
  RenderBlock {HTML} at (0,0) size 785x7878
    RenderBody {BODY} at (8,8) size 769x7822
      RenderTable {TABLE} at (0,0) size 273x124
        RenderBlock {CAPTION} at (0,0) size 273x19
          RenderInline {A} at (0,0) size 224x19
            RenderText {#text} at (22,0) size 224x19
              text run at (22,0) width 224: "Frame=\x{201C}void\x{201D} and Rules=\x{201C}none\x{201D}"
          RenderInline (generated) at (0,0) size 5x19
            RenderText at (246,0) size 5x19
              text run at (246,0) width 5: ":"
        RenderTableSection {THEAD} at (0,19) size 273x21
          RenderTableRow {TR} at (0,0) size 273x21
            RenderTableCell {TD} at (0,0) size 91x21 [r=0 c=0 rs=1 cs=1]
              RenderText {#text} at (1,1) size 89x19
                text run at (1,1) width 89: "Row 1, Cell 1"
            RenderTableCell {TD} at (91,0) size 91x21 [r=0 c=1 rs=1 cs=1]
              RenderText {#text} at (1,1) size 89x19
                text run at (1,1) width 89: "Row 1, Cell 2"
            RenderTableCell {TD} at (182,0) size 91x21 [r=0 c=2 rs=1 cs=1]
              RenderText {#text} at (1,1) size 89x19
                text run at (1,1) width 89: "Row 1, Cell 3"
        RenderTableSection {TBODY} at (0,40) size 273x63
          RenderTableRow {TR} at (0,0) size 273x21
            RenderTableCell {TD} at (0,10) size 91x21 [r=0 c=0 rs=2 cs=1]
              RenderText {#text} at (1,1) size 89x19
                text run at (1,1) width 89: "Row 2, Cell 1"
            RenderTableCell {TD} at (91,0) size 182x21 [r=0 c=1 rs=1 cs=2]
              RenderText {#text} at (1,1) size 89x19
                text run at (1,1) width 89: "Row 2, Cell 2"
          RenderTableRow {TR} at (0,21) size 273x21
            RenderTableCell {TD} at (91,21) size 91x21 [r=1 c=1 rs=1 cs=1]
              RenderText {#text} at (1,1) size 89x19
                text run at (1,1) width 89: "Row 3, Cell 2"
            RenderTableCell {TD} at (182,31) size 91x21 [r=1 c=2 rs=2 cs=1]
              RenderText {#text} at (1,1) size 89x19
                text run at (1,1) width 89: "Row 3, Cell 3"
          RenderTableRow {TR} at (0,42) size 273x21
            RenderTableCell {TD} at (0,42) size 182x21 [r=2 c=0 rs=1 cs=2]
              RenderText {#text} at (1,1) size 89x19
                text run at (1,1) width 89: "Row 4, Cell 1"
        RenderTableSection {TFOOT} at (0,103) size 273x21
          RenderTableRow {TR} at (0,0) size 273x21
            RenderTableCell {TD} at (0,0) size 91x21 [r=0 c=0 rs=1 cs=1]
              RenderText {#text} at (1,1) size 89x19
                text run at (1,1) width 89: "Row 5, Cell 1"
            RenderTableCell {TD} at (91,0) size 91x21 [r=0 c=1 rs=1 cs=1]
              RenderText {#text} at (1,1) size 89x19
                text run at (1,1) width 89: "Row 5, Cell 2"
            RenderTableCell {TD} at (182,0) size 91x21 [r=0 c=2 rs=1 cs=1]
              RenderText {#text} at (1,1) size 89x19
                text run at (1,1) width 89: "Row 5, Cell 3"
      RenderTable {TABLE} at (0,172) size 273x125
        RenderBlock {CAPTION} at (0,0) size 273x19
          RenderInline {A} at (0,0) size 236x19
            RenderText {#text} at (16,0) size 236x19
              text run at (16,0) width 236: "Frame=\x{201C}above\x{201D} and Rules=\x{201C}none\x{201D}"
          RenderInline (generated) at (0,0) size 6x19
            RenderText at (251,0) size 6x19
              text run at (251,0) width 6: ":"
        RenderTableSection {THEAD} at (0,19) size 273x22
          RenderTableRow {TR} at (0,0) size 273x22
            RenderTableCell {TD} at (0,0) size 91x22 [border: (1px none #000000)] [r=0 c=0 rs=1 cs=1]
              RenderText {#text} at (1,2) size 89x19
                text run at (1,2) width 89: "Row 1, Cell 1"
            RenderTableCell {TD} at (91,0) size 91x22 [border: (1px none #000000)] [r=0 c=1 rs=1 cs=1]
              RenderText {#text} at (1,2) size 89x19
                text run at (1,2) width 89: "Row 1, Cell 2"
            RenderTableCell {TD} at (182,0) size 91x22 [border: (1px none #000000)] [r=0 c=2 rs=1 cs=1]
              RenderText {#text} at (1,2) size 89x19
                text run at (1,2) width 89: "Row 1, Cell 3"
        RenderTableSection {TBODY} at (0,41) size 273x63
          RenderTableRow {TR} at (0,0) size 273x21
            RenderTableCell {TD} at (0,10) size 91x21 [r=0 c=0 rs=2 cs=1]
              RenderText {#text} at (1,1) size 89x19
                text run at (1,1) width 89: "Row 2, Cell 1"
            RenderTableCell {TD} at (91,0) size 182x21 [r=0 c=1 rs=1 cs=2]
              RenderText {#text} at (1,1) size 89x19
                text run at (1,1) width 89: "Row 2, Cell 2"
          RenderTableRow {TR} at (0,21) size 273x21
            RenderTableCell {TD} at (91,21) size 91x21 [r=1 c=1 rs=1 cs=1]
              RenderText {#text} at (1,1) size 89x19
                text run at (1,1) width 89: "Row 3, Cell 2"
            RenderTableCell {TD} at (182,31) size 91x21 [r=1 c=2 rs=2 cs=1]
              RenderText {#text} at (1,1) size 89x19
                text run at (1,1) width 89: "Row 3, Cell 3"
          RenderTableRow {TR} at (0,42) size 273x21
            RenderTableCell {TD} at (0,42) size 182x21 [r=2 c=0 rs=1 cs=2]
              RenderText {#text} at (1,1) size 89x19
                text run at (1,1) width 89: "Row 4, Cell 1"
        RenderTableSection {TFOOT} at (0,104) size 273x21
          RenderTableRow {TR} at (0,0) size 273x21
            RenderTableCell {TD} at (0,0) size 91x21 [r=0 c=0 rs=1 cs=1]
              RenderText {#text} at (1,1) size 89x19
                text run at (1,1) width 89: "Row 5, Cell 1"
            RenderTableCell {TD} at (91,0) size 91x21 [r=0 c=1 rs=1 cs=1]
              RenderText {#text} at (1,1) size 89x19
                text run at (1,1) width 89: "Row 5, Cell 2"
            RenderTableCell {TD} at (182,0) size 91x21 [r=0 c=2 rs=1 cs=1]
              RenderText {#text} at (1,1) size 89x19
                text run at (1,1) width 89: "Row 5, Cell 3"
      RenderTable {TABLE} at (0,345) size 273x125 [border: none (1px solid #808080) none]
        RenderBlock {CAPTION} at (0,0) size 273x19
          RenderInline {A} at (0,0) size 236x19
            RenderText {#text} at (16,0) size 236x19
              text run at (16,0) width 236: "Frame=\x{201C}below\x{201D} and Rules=\x{201C}none\x{201D}"
          RenderInline (generated) at (0,0) size 6x19
            RenderText at (251,0) size 6x19
              text run at (251,0) width 6: ":"
        RenderTableSection {THEAD} at (0,19) size 273x21
          RenderTableRow {TR} at (0,0) size 273x21
            RenderTableCell {TD} at (0,0) size 91x21 [r=0 c=0 rs=1 cs=1]
              RenderText {#text} at (1,1) size 89x19
                text run at (1,1) width 89: "Row 1, Cell 1"
            RenderTableCell {TD} at (91,0) size 91x21 [r=0 c=1 rs=1 cs=1]
              RenderText {#text} at (1,1) size 89x19
                text run at (1,1) width 89: "Row 1, Cell 2"
            RenderTableCell {TD} at (182,0) size 91x21 [r=0 c=2 rs=1 cs=1]
              RenderText {#text} at (1,1) size 89x19
                text run at (1,1) width 89: "Row 1, Cell 3"
        RenderTableSection {TBODY} at (0,40) size 273x63
          RenderTableRow {TR} at (0,0) size 273x21
            RenderTableCell {TD} at (0,10) size 91x21 [r=0 c=0 rs=2 cs=1]
              RenderText {#text} at (1,1) size 89x19
                text run at (1,1) width 89: "Row 2, Cell 1"
            RenderTableCell {TD} at (91,0) size 182x21 [r=0 c=1 rs=1 cs=2]
              RenderText {#text} at (1,1) size 89x19
                text run at (1,1) width 89: "Row 2, Cell 2"
          RenderTableRow {TR} at (0,21) size 273x21
            RenderTableCell {TD} at (91,21) size 91x21 [r=1 c=1 rs=1 cs=1]
              RenderText {#text} at (1,1) size 89x19
                text run at (1,1) width 89: "Row 3, Cell 2"
            RenderTableCell {TD} at (182,31) size 91x21 [r=1 c=2 rs=2 cs=1]
              RenderText {#text} at (1,1) size 89x19
                text run at (1,1) width 89: "Row 3, Cell 3"
          RenderTableRow {TR} at (0,42) size 273x21
            RenderTableCell {TD} at (0,42) size 182x21 [r=2 c=0 rs=1 cs=2]
              RenderText {#text} at (1,1) size 89x19
                text run at (1,1) width 89: "Row 4, Cell 1"
        RenderTableSection {TFOOT} at (0,103) size 273x21
          RenderTableRow {TR} at (0,0) size 273x21
            RenderTableCell {TD} at (0,0) size 91x21 [r=0 c=0 rs=1 cs=1]
              RenderText {#text} at (1,1) size 89x19
                text run at (1,1) width 89: "Row 5, Cell 1"
            RenderTableCell {TD} at (91,0) size 91x21 [r=0 c=1 rs=1 cs=1]
              RenderText {#text} at (1,1) size 89x19
                text run at (1,1) width 89: "Row 5, Cell 2"
            RenderTableCell {TD} at (182,0) size 91x21 [r=0 c=2 rs=1 cs=1]
              RenderText {#text} at (1,1) size 89x19
                text run at (1,1) width 89: "Row 5, Cell 3"
      RenderTable {TABLE} at (0,518) size 273x126 [border: none none (1px solid #808080) none]
        RenderBlock {CAPTION} at (0,0) size 273x19
          RenderInline {A} at (0,0) size 238x19
            RenderText {#text} at (15,0) size 238x19
              text run at (15,0) width 238: "Frame=\x{201C}hsides\x{201D} and Rules=\x{201C}none\x{201D}"
          RenderInline (generated) at (0,0) size 6x19
            RenderText at (252,0) size 6x19
              text run at (252,0) width 6: ":"
        RenderTableSection {THEAD} at (0,19) size 273x22
          RenderTableRow {TR} at (0,0) size 273x22
            RenderTableCell {TD} at (0,0) size 91x22 [border: (1px none #000000)] [r=0 c=0 rs=1 cs=1]
              RenderText {#text} at (1,2) size 89x19
                text run at (1,2) width 89: "Row 1, Cell 1"
            RenderTableCell {TD} at (91,0) size 91x22 [border: (1px none #000000)] [r=0 c=1 rs=1 cs=1]
              RenderText {#text} at (1,2) size 89x19
                text run at (1,2) width 89: "Row 1, Cell 2"
            RenderTableCell {TD} at (182,0) size 91x22 [border: (1px none #000000)] [r=0 c=2 rs=1 cs=1]
              RenderText {#text} at (1,2) size 89x19
                text run at (1,2) width 89: "Row 1, Cell 3"
        RenderTableSection {TBODY} at (0,41) size 273x63
          RenderTableRow {TR} at (0,0) size 273x21
            RenderTableCell {TD} at (0,10) size 91x21 [r=0 c=0 rs=2 cs=1]
              RenderText {#text} at (1,1) size 89x19
                text run at (1,1) width 89: "Row 2, Cell 1"
            RenderTableCell {TD} at (91,0) size 182x21 [r=0 c=1 rs=1 cs=2]
              RenderText {#text} at (1,1) size 89x19
                text run at (1,1) width 89: "Row 2, Cell 2"
          RenderTableRow {TR} at (0,21) size 273x21
            RenderTableCell {TD} at (91,21) size 91x21 [r=1 c=1 rs=1 cs=1]
              RenderText {#text} at (1,1) size 89x19
                text run at (1,1) width 89: "Row 3, Cell 2"
            RenderTableCell {TD} at (182,31) size 91x21 [r=1 c=2 rs=2 cs=1]
              RenderText {#text} at (1,1) size 89x19
                text run at (1,1) width 89: "Row 3, Cell 3"
          RenderTableRow {TR} at (0,42) size 273x21
            RenderTableCell {TD} at (0,42) size 182x21 [r=2 c=0 rs=1 cs=2]
              RenderText {#text} at (1,1) size 89x19
                text run at (1,1) width 89: "Row 4, Cell 1"
        RenderTableSection {TFOOT} at (0,104) size 273x21
          RenderTableRow {TR} at (0,0) size 273x21
            RenderTableCell {TD} at (0,0) size 91x21 [r=0 c=0 rs=1 cs=1]
              RenderText {#text} at (1,1) size 89x19
                text run at (1,1) width 89: "Row 5, Cell 1"
            RenderTableCell {TD} at (91,0) size 91x21 [r=0 c=1 rs=1 cs=1]
              RenderText {#text} at (1,1) size 89x19
                text run at (1,1) width 89: "Row 5, Cell 2"
            RenderTableCell {TD} at (182,0) size 91x21 [r=0 c=2 rs=1 cs=1]
              RenderText {#text} at (1,1) size 89x19
                text run at (1,1) width 89: "Row 5, Cell 3"
      RenderTable {TABLE} at (0,692) size 275x124 [border: none (1px solid #808080) none none]
        RenderBlock {CAPTION} at (0,0) size 274x19
          RenderInline {A} at (0,0) size 235x19
            RenderText {#text} at (17,0) size 235x19
              text run at (17,0) width 235: "Frame=\x{201C}vsides\x{201D} and Rules=\x{201C}none\x{201D}"
          RenderInline (generated) at (0,0) size 5x19
            RenderText at (252,0) size 5x19
              text run at (252,0) width 5: ":"
        RenderTableSection {THEAD} at (0,19) size 274x21
          RenderTableRow {TR} at (0,0) size 274x21
            RenderTableCell {TD} at (0,0) size 92x21 [border: none] [r=0 c=0 rs=1 cs=1]
              RenderText {#text} at (2,1) size 89x19
                text run at (2,1) width 89: "Row 1, Cell 1"
            RenderTableCell {TD} at (92,0) size 91x21 [r=0 c=1 rs=1 cs=1]
              RenderText {#text} at (1,1) size 89x19
                text run at (1,1) width 89: "Row 1, Cell 2"
            RenderTableCell {TD} at (183,0) size 91x21 [r=0 c=2 rs=1 cs=1]
              RenderText {#text} at (1,1) size 89x19
                text run at (1,1) width 89: "Row 1, Cell 3"
        RenderTableSection {TBODY} at (0,40) size 274x63
          RenderTableRow {TR} at (0,0) size 274x21
            RenderTableCell {TD} at (0,10) size 92x21 [border: none] [r=0 c=0 rs=2 cs=1]
              RenderText {#text} at (2,1) size 89x19
                text run at (2,1) width 89: "Row 2, Cell 1"
            RenderTableCell {TD} at (92,0) size 182x21 [r=0 c=1 rs=1 cs=2]
              RenderText {#text} at (1,1) size 89x19
                text run at (1,1) width 89: "Row 2, Cell 2"
          RenderTableRow {TR} at (0,21) size 274x21
            RenderTableCell {TD} at (92,21) size 91x21 [r=1 c=1 rs=1 cs=1]
              RenderText {#text} at (1,1) size 89x19
                text run at (1,1) width 89: "Row 3, Cell 2"
            RenderTableCell {TD} at (183,31) size 91x21 [r=1 c=2 rs=2 cs=1]
              RenderText {#text} at (1,1) size 89x19
                text run at (1,1) width 89: "Row 3, Cell 3"
          RenderTableRow {TR} at (0,42) size 274x21
            RenderTableCell {TD} at (0,42) size 183x21 [border: none] [r=2 c=0 rs=1 cs=2]
              RenderText {#text} at (2,1) size 89x19
                text run at (2,1) width 89: "Row 4, Cell 1"
        RenderTableSection {TFOOT} at (0,103) size 274x21
          RenderTableRow {TR} at (0,0) size 274x21
            RenderTableCell {TD} at (0,0) size 92x21 [border: none] [r=0 c=0 rs=1 cs=1]
              RenderText {#text} at (2,1) size 89x19
                text run at (2,1) width 89: "Row 5, Cell 1"
            RenderTableCell {TD} at (92,0) size 91x21 [r=0 c=1 rs=1 cs=1]
              RenderText {#text} at (1,1) size 89x19
                text run at (1,1) width 89: "Row 5, Cell 2"
            RenderTableCell {TD} at (183,0) size 91x21 [r=0 c=2 rs=1 cs=1]
              RenderText {#text} at (1,1) size 89x19
                text run at (1,1) width 89: "Row 5, Cell 3"
      RenderTable {TABLE} at (0,864) size 274x124
        RenderBlock {CAPTION} at (0,0) size 274x19
          RenderInline {A} at (0,0) size 217x19
            RenderText {#text} at (26,0) size 217x19
              text run at (26,0) width 217: "Frame=\x{201C}lhs\x{201D} and Rules=\x{201C}none\x{201D}"
          RenderInline (generated) at (0,0) size 6x19
            RenderText at (242,0) size 6x19
              text run at (242,0) width 6: ":"
        RenderTableSection {THEAD} at (0,19) size 274x21
          RenderTableRow {TR} at (0,0) size 274x21
            RenderTableCell {TD} at (0,0) size 92x21 [border: none] [r=0 c=0 rs=1 cs=1]
              RenderText {#text} at (2,1) size 89x19
                text run at (2,1) width 89: "Row 1, Cell 1"
            RenderTableCell {TD} at (92,0) size 91x21 [r=0 c=1 rs=1 cs=1]
              RenderText {#text} at (1,1) size 89x19
                text run at (1,1) width 89: "Row 1, Cell 2"
            RenderTableCell {TD} at (183,0) size 91x21 [r=0 c=2 rs=1 cs=1]
              RenderText {#text} at (1,1) size 89x19
                text run at (1,1) width 89: "Row 1, Cell 3"
        RenderTableSection {TBODY} at (0,40) size 274x63
          RenderTableRow {TR} at (0,0) size 274x21
            RenderTableCell {TD} at (0,10) size 92x21 [border: none] [r=0 c=0 rs=2 cs=1]
              RenderText {#text} at (2,1) size 89x19
                text run at (2,1) width 89: "Row 2, Cell 1"
            RenderTableCell {TD} at (92,0) size 182x21 [r=0 c=1 rs=1 cs=2]
              RenderText {#text} at (1,1) size 89x19
                text run at (1,1) width 89: "Row 2, Cell 2"
          RenderTableRow {TR} at (0,21) size 274x21
            RenderTableCell {TD} at (92,21) size 91x21 [r=1 c=1 rs=1 cs=1]
              RenderText {#text} at (1,1) size 89x19
                text run at (1,1) width 89: "Row 3, Cell 2"
            RenderTableCell {TD} at (183,31) size 91x21 [r=1 c=2 rs=2 cs=1]
              RenderText {#text} at (1,1) size 89x19
                text run at (1,1) width 89: "Row 3, Cell 3"
          RenderTableRow {TR} at (0,42) size 274x21
            RenderTableCell {TD} at (0,42) size 183x21 [border: none] [r=2 c=0 rs=1 cs=2]
              RenderText {#text} at (2,1) size 89x19
                text run at (2,1) width 89: "Row 4, Cell 1"
        RenderTableSection {TFOOT} at (0,103) size 274x21
          RenderTableRow {TR} at (0,0) size 274x21
            RenderTableCell {TD} at (0,0) size 92x21 [border: none] [r=0 c=0 rs=1 cs=1]
              RenderText {#text} at (2,1) size 89x19
                text run at (2,1) width 89: "Row 5, Cell 1"
            RenderTableCell {TD} at (92,0) size 91x21 [r=0 c=1 rs=1 cs=1]
              RenderText {#text} at (1,1) size 89x19
                text run at (1,1) width 89: "Row 5, Cell 2"
            RenderTableCell {TD} at (183,0) size 91x21 [r=0 c=2 rs=1 cs=1]
              RenderText {#text} at (1,1) size 89x19
                text run at (1,1) width 89: "Row 5, Cell 3"
      RenderTable {TABLE} at (0,1036) size 274x124 [border: none (1px solid #808080) none]
        RenderBlock {CAPTION} at (0,0) size 273x19
          RenderInline {A} at (0,0) size 218x19
            RenderText {#text} at (25,0) size 218x19
              text run at (25,0) width 218: "Frame=\x{201C}rhs\x{201D} and Rules=\x{201C}none\x{201D}"
          RenderInline (generated) at (0,0) size 5x19
            RenderText at (243,0) size 5x19
              text run at (243,0) width 5: ":"
        RenderTableSection {THEAD} at (0,19) size 273x21
          RenderTableRow {TR} at (0,0) size 273x21
            RenderTableCell {TD} at (0,0) size 91x21 [r=0 c=0 rs=1 cs=1]
              RenderText {#text} at (1,1) size 89x19
                text run at (1,1) width 89: "Row 1, Cell 1"
            RenderTableCell {TD} at (91,0) size 91x21 [r=0 c=1 rs=1 cs=1]
              RenderText {#text} at (1,1) size 89x19
                text run at (1,1) width 89: "Row 1, Cell 2"
            RenderTableCell {TD} at (182,0) size 91x21 [r=0 c=2 rs=1 cs=1]
              RenderText {#text} at (1,1) size 89x19
                text run at (1,1) width 89: "Row 1, Cell 3"
        RenderTableSection {TBODY} at (0,40) size 273x63
          RenderTableRow {TR} at (0,0) size 273x21
            RenderTableCell {TD} at (0,10) size 91x21 [r=0 c=0 rs=2 cs=1]
              RenderText {#text} at (1,1) size 89x19
                text run at (1,1) width 89: "Row 2, Cell 1"
            RenderTableCell {TD} at (91,0) size 182x21 [r=0 c=1 rs=1 cs=2]
              RenderText {#text} at (1,1) size 89x19
                text run at (1,1) width 89: "Row 2, Cell 2"
          RenderTableRow {TR} at (0,21) size 273x21
            RenderTableCell {TD} at (91,21) size 91x21 [r=1 c=1 rs=1 cs=1]
              RenderText {#text} at (1,1) size 89x19
                text run at (1,1) width 89: "Row 3, Cell 2"
            RenderTableCell {TD} at (182,31) size 91x21 [r=1 c=2 rs=2 cs=1]
              RenderText {#text} at (1,1) size 89x19
                text run at (1,1) width 89: "Row 3, Cell 3"
          RenderTableRow {TR} at (0,42) size 273x21
            RenderTableCell {TD} at (0,42) size 182x21 [r=2 c=0 rs=1 cs=2]
              RenderText {#text} at (1,1) size 89x19
                text run at (1,1) width 89: "Row 4, Cell 1"
        RenderTableSection {TFOOT} at (0,103) size 273x21
          RenderTableRow {TR} at (0,0) size 273x21
            RenderTableCell {TD} at (0,0) size 91x21 [r=0 c=0 rs=1 cs=1]
              RenderText {#text} at (1,1) size 89x19
                text run at (1,1) width 89: "Row 5, Cell 1"
            RenderTableCell {TD} at (91,0) size 91x21 [r=0 c=1 rs=1 cs=1]
              RenderText {#text} at (1,1) size 89x19
                text run at (1,1) width 89: "Row 5, Cell 2"
            RenderTableCell {TD} at (182,0) size 91x21 [r=0 c=2 rs=1 cs=1]
              RenderText {#text} at (1,1) size 89x19
                text run at (1,1) width 89: "Row 5, Cell 3"
      RenderTable {TABLE} at (0,1208) size 275x126 [border: none]
        RenderBlock {CAPTION} at (0,0) size 274x19
          RenderInline {A} at (0,0) size 221x19
            RenderText {#text} at (24,0) size 221x19
              text run at (24,0) width 221: "Frame=\x{201C}box\x{201D} and Rules=\x{201C}none\x{201D}"
          RenderInline (generated) at (0,0) size 5x19
            RenderText at (245,0) size 5x19
              text run at (245,0) width 5: ":"
        RenderTableSection {THEAD} at (0,19) size 274x22
          RenderTableRow {TR} at (0,0) size 274x22
            RenderTableCell {TD} at (0,0) size 92x22 [border: (1px none #000000)] [r=0 c=0 rs=1 cs=1]
              RenderText {#text} at (2,2) size 89x19
                text run at (2,2) width 89: "Row 1, Cell 1"
            RenderTableCell {TD} at (92,0) size 91x22 [border: (1px none #000000)] [r=0 c=1 rs=1 cs=1]
              RenderText {#text} at (1,2) size 89x19
                text run at (1,2) width 89: "Row 1, Cell 2"
            RenderTableCell {TD} at (183,0) size 91x22 [border: (1px none #000000)] [r=0 c=2 rs=1 cs=1]
              RenderText {#text} at (1,2) size 89x19
                text run at (1,2) width 89: "Row 1, Cell 3"
        RenderTableSection {TBODY} at (0,41) size 274x63
          RenderTableRow {TR} at (0,0) size 274x21
            RenderTableCell {TD} at (0,10) size 92x21 [border: none] [r=0 c=0 rs=2 cs=1]
              RenderText {#text} at (2,1) size 89x19
                text run at (2,1) width 89: "Row 2, Cell 1"
            RenderTableCell {TD} at (92,0) size 182x21 [r=0 c=1 rs=1 cs=2]
              RenderText {#text} at (1,1) size 89x19
                text run at (1,1) width 89: "Row 2, Cell 2"
          RenderTableRow {TR} at (0,21) size 274x21
            RenderTableCell {TD} at (92,21) size 91x21 [r=1 c=1 rs=1 cs=1]
              RenderText {#text} at (1,1) size 89x19
                text run at (1,1) width 89: "Row 3, Cell 2"
            RenderTableCell {TD} at (183,31) size 91x21 [r=1 c=2 rs=2 cs=1]
              RenderText {#text} at (1,1) size 89x19
                text run at (1,1) width 89: "Row 3, Cell 3"
          RenderTableRow {TR} at (0,42) size 274x21
            RenderTableCell {TD} at (0,42) size 183x21 [border: none] [r=2 c=0 rs=1 cs=2]
              RenderText {#text} at (2,1) size 89x19
                text run at (2,1) width 89: "Row 4, Cell 1"
        RenderTableSection {TFOOT} at (0,104) size 274x21
          RenderTableRow {TR} at (0,0) size 274x21
            RenderTableCell {TD} at (0,0) size 92x21 [border: none] [r=0 c=0 rs=1 cs=1]
              RenderText {#text} at (2,1) size 89x19
                text run at (2,1) width 89: "Row 5, Cell 1"
            RenderTableCell {TD} at (92,0) size 91x21 [r=0 c=1 rs=1 cs=1]
              RenderText {#text} at (1,1) size 89x19
                text run at (1,1) width 89: "Row 5, Cell 2"
            RenderTableCell {TD} at (183,0) size 91x21 [r=0 c=2 rs=1 cs=1]
              RenderText {#text} at (1,1) size 89x19
                text run at (1,1) width 89: "Row 5, Cell 3"
      RenderTable {TABLE} at (0,1382) size 275x126 [border: none]
        RenderBlock {CAPTION} at (0,0) size 274x19
          RenderInline {A} at (0,0) size 241x19
            RenderText {#text} at (14,0) size 241x19
              text run at (14,0) width 241: "Frame=\x{201C}border\x{201D} and Rules=\x{201C}none\x{201D}"
          RenderInline (generated) at (0,0) size 6x19
            RenderText at (254,0) size 6x19
              text run at (254,0) width 6: ":"
        RenderTableSection {THEAD} at (0,19) size 274x22
          RenderTableRow {TR} at (0,0) size 274x22
            RenderTableCell {TD} at (0,0) size 92x22 [border: (1px none #000000)] [r=0 c=0 rs=1 cs=1]
              RenderText {#text} at (2,2) size 89x19
                text run at (2,2) width 89: "Row 1, Cell 1"
            RenderTableCell {TD} at (92,0) size 91x22 [border: (1px none #000000)] [r=0 c=1 rs=1 cs=1]
              RenderText {#text} at (1,2) size 89x19
                text run at (1,2) width 89: "Row 1, Cell 2"
            RenderTableCell {TD} at (183,0) size 91x22 [border: (1px none #000000)] [r=0 c=2 rs=1 cs=1]
              RenderText {#text} at (1,2) size 89x19
                text run at (1,2) width 89: "Row 1, Cell 3"
        RenderTableSection {TBODY} at (0,41) size 274x63
          RenderTableRow {TR} at (0,0) size 274x21
            RenderTableCell {TD} at (0,10) size 92x21 [border: none] [r=0 c=0 rs=2 cs=1]
              RenderText {#text} at (2,1) size 89x19
                text run at (2,1) width 89: "Row 2, Cell 1"
            RenderTableCell {TD} at (92,0) size 182x21 [r=0 c=1 rs=1 cs=2]
              RenderText {#text} at (1,1) size 89x19
                text run at (1,1) width 89: "Row 2, Cell 2"
          RenderTableRow {TR} at (0,21) size 274x21
            RenderTableCell {TD} at (92,21) size 91x21 [r=1 c=1 rs=1 cs=1]
              RenderText {#text} at (1,1) size 89x19
                text run at (1,1) width 89: "Row 3, Cell 2"
            RenderTableCell {TD} at (183,31) size 91x21 [r=1 c=2 rs=2 cs=1]
              RenderText {#text} at (1,1) size 89x19
                text run at (1,1) width 89: "Row 3, Cell 3"
          RenderTableRow {TR} at (0,42) size 274x21
            RenderTableCell {TD} at (0,42) size 183x21 [border: none] [r=2 c=0 rs=1 cs=2]
              RenderText {#text} at (2,1) size 89x19
                text run at (2,1) width 89: "Row 4, Cell 1"
        RenderTableSection {TFOOT} at (0,104) size 274x21
          RenderTableRow {TR} at (0,0) size 274x21
            RenderTableCell {TD} at (0,0) size 92x21 [border: none] [r=0 c=0 rs=1 cs=1]
              RenderText {#text} at (2,1) size 89x19
                text run at (2,1) width 89: "Row 5, Cell 1"
            RenderTableCell {TD} at (92,0) size 91x21 [r=0 c=1 rs=1 cs=1]
              RenderText {#text} at (1,1) size 89x19
                text run at (1,1) width 89: "Row 5, Cell 2"
            RenderTableCell {TD} at (183,0) size 91x21 [r=0 c=2 rs=1 cs=1]
              RenderText {#text} at (1,1) size 89x19
                text run at (1,1) width 89: "Row 5, Cell 3"
      RenderTable {TABLE} at (0,1556) size 273x126
        RenderBlock {CAPTION} at (0,0) size 273x19
          RenderInline {A} at (0,0) size 236x19
            RenderText {#text} at (16,0) size 236x19
              text run at (16,0) width 236: "Frame=\x{201C}void\x{201D} and Rules=\x{201C}groups\x{201D}"
          RenderInline (generated) at (0,0) size 5x19
            RenderText at (252,0) size 5x19
              text run at (252,0) width 5: ":"
        RenderTableSection {THEAD} at (0,19) size 273x21 [border: (1px solid #808080) none (1px solid #808080) none]
          RenderTableRow {TR} at (0,0) size 273x21
            RenderTableCell {TD} at (0,0) size 91x21 [r=0 c=0 rs=1 cs=1]
              RenderText {#text} at (1,1) size 89x19
                text run at (1,1) width 89: "Row 1, Cell 1"
            RenderTableCell {TD} at (91,0) size 91x21 [r=0 c=1 rs=1 cs=1]
              RenderText {#text} at (1,1) size 89x19
                text run at (1,1) width 89: "Row 1, Cell 2"
            RenderTableCell {TD} at (182,0) size 91x21 [r=0 c=2 rs=1 cs=1]
              RenderText {#text} at (1,1) size 89x19
                text run at (1,1) width 89: "Row 1, Cell 3"
        RenderTableSection {TBODY} at (0,40) size 273x64 [border: (1px solid #808080) none (1px solid #808080) none]
          RenderTableRow {TR} at (0,0) size 273x22
            RenderTableCell {TD} at (0,10) size 91x22 [border: (1px none #000000)] [r=0 c=0 rs=2 cs=1]
              RenderText {#text} at (1,2) size 89x19
                text run at (1,2) width 89: "Row 2, Cell 1"
            RenderTableCell {TD} at (91,0) size 182x22 [border: (1px none #000000)] [r=0 c=1 rs=1 cs=2]
              RenderText {#text} at (1,2) size 89x19
                text run at (1,2) width 89: "Row 2, Cell 2"
          RenderTableRow {TR} at (0,22) size 273x21
            RenderTableCell {TD} at (91,22) size 91x21 [r=1 c=1 rs=1 cs=1]
              RenderText {#text} at (1,1) size 89x19
                text run at (1,1) width 89: "Row 3, Cell 2"
            RenderTableCell {TD} at (182,32) size 91x21 [r=1 c=2 rs=2 cs=1]
              RenderText {#text} at (1,1) size 89x19
                text run at (1,1) width 89: "Row 3, Cell 3"
          RenderTableRow {TR} at (0,43) size 273x21
            RenderTableCell {TD} at (0,43) size 182x21 [r=2 c=0 rs=1 cs=2]
              RenderText {#text} at (1,1) size 89x19
                text run at (1,1) width 89: "Row 4, Cell 1"
        RenderTableSection {TFOOT} at (0,104) size 273x22 [border: (1px solid #808080) none (1px solid #808080) none]
          RenderTableRow {TR} at (0,0) size 273x22
            RenderTableCell {TD} at (0,0) size 91x22 [border: (1px none #000000)] [r=0 c=0 rs=1 cs=1]
              RenderText {#text} at (1,2) size 89x19
                text run at (1,2) width 89: "Row 5, Cell 1"
            RenderTableCell {TD} at (91,0) size 91x22 [border: (1px none #000000)] [r=0 c=1 rs=1 cs=1]
              RenderText {#text} at (1,2) size 89x19
                text run at (1,2) width 89: "Row 5, Cell 2"
            RenderTableCell {TD} at (182,0) size 91x22 [border: (1px none #000000)] [r=0 c=2 rs=1 cs=1]
              RenderText {#text} at (1,2) size 89x19
                text run at (1,2) width 89: "Row 5, Cell 3"
      RenderTable {TABLE} at (0,1730) size 273x127
        RenderBlock {CAPTION} at (0,0) size 273x19
          RenderInline {A} at (0,0) size 248x19
            RenderText {#text} at (10,0) size 248x19
              text run at (10,0) width 248: "Frame=\x{201C}above\x{201D} and Rules=\x{201C}groups\x{201D}"
          RenderInline (generated) at (0,0) size 6x19
            RenderText at (257,0) size 6x19
              text run at (257,0) width 6: ":"
        RenderTableSection {THEAD} at (0,19) size 273x22 [border: (1px solid #808080) none (1px solid #808080) none]
          RenderTableRow {TR} at (0,0) size 273x22
            RenderTableCell {TD} at (0,0) size 91x22 [border: (1px none #000000)] [r=0 c=0 rs=1 cs=1]
              RenderText {#text} at (1,2) size 89x19
                text run at (1,2) width 89: "Row 1, Cell 1"
            RenderTableCell {TD} at (91,0) size 91x22 [border: (1px none #000000)] [r=0 c=1 rs=1 cs=1]
              RenderText {#text} at (1,2) size 89x19
                text run at (1,2) width 89: "Row 1, Cell 2"
            RenderTableCell {TD} at (182,0) size 91x22 [border: (1px none #000000)] [r=0 c=2 rs=1 cs=1]
              RenderText {#text} at (1,2) size 89x19
                text run at (1,2) width 89: "Row 1, Cell 3"
        RenderTableSection {TBODY} at (0,41) size 273x64 [border: (1px solid #808080) none (1px solid #808080) none]
          RenderTableRow {TR} at (0,0) size 273x22
            RenderTableCell {TD} at (0,10) size 91x22 [border: (1px none #000000)] [r=0 c=0 rs=2 cs=1]
              RenderText {#text} at (1,2) size 89x19
                text run at (1,2) width 89: "Row 2, Cell 1"
            RenderTableCell {TD} at (91,0) size 182x22 [border: (1px none #000000)] [r=0 c=1 rs=1 cs=2]
              RenderText {#text} at (1,2) size 89x19
                text run at (1,2) width 89: "Row 2, Cell 2"
          RenderTableRow {TR} at (0,22) size 273x21
            RenderTableCell {TD} at (91,22) size 91x21 [r=1 c=1 rs=1 cs=1]
              RenderText {#text} at (1,1) size 89x19
                text run at (1,1) width 89: "Row 3, Cell 2"
            RenderTableCell {TD} at (182,32) size 91x21 [r=1 c=2 rs=2 cs=1]
              RenderText {#text} at (1,1) size 89x19
                text run at (1,1) width 89: "Row 3, Cell 3"
          RenderTableRow {TR} at (0,43) size 273x21
            RenderTableCell {TD} at (0,43) size 182x21 [r=2 c=0 rs=1 cs=2]
              RenderText {#text} at (1,1) size 89x19
                text run at (1,1) width 89: "Row 4, Cell 1"
        RenderTableSection {TFOOT} at (0,105) size 273x22 [border: (1px solid #808080) none (1px solid #808080) none]
          RenderTableRow {TR} at (0,0) size 273x22
            RenderTableCell {TD} at (0,0) size 91x22 [border: (1px none #000000)] [r=0 c=0 rs=1 cs=1]
              RenderText {#text} at (1,2) size 89x19
                text run at (1,2) width 89: "Row 5, Cell 1"
            RenderTableCell {TD} at (91,0) size 91x22 [border: (1px none #000000)] [r=0 c=1 rs=1 cs=1]
              RenderText {#text} at (1,2) size 89x19
                text run at (1,2) width 89: "Row 5, Cell 2"
            RenderTableCell {TD} at (182,0) size 91x22 [border: (1px none #000000)] [r=0 c=2 rs=1 cs=1]
              RenderText {#text} at (1,2) size 89x19
                text run at (1,2) width 89: "Row 5, Cell 3"
      RenderTable {TABLE} at (0,1905) size 273x127 [border: none (1px solid #808080) none]
        RenderBlock {CAPTION} at (0,0) size 273x19
          RenderInline {A} at (0,0) size 248x19
            RenderText {#text} at (10,0) size 248x19
              text run at (10,0) width 248: "Frame=\x{201C}below\x{201D} and Rules=\x{201C}groups\x{201D}"
          RenderInline (generated) at (0,0) size 6x19
            RenderText at (257,0) size 6x19
              text run at (257,0) width 6: ":"
        RenderTableSection {THEAD} at (0,19) size 273x21 [border: (1px solid #808080) none (1px solid #808080) none]
          RenderTableRow {TR} at (0,0) size 273x21
            RenderTableCell {TD} at (0,0) size 91x21 [r=0 c=0 rs=1 cs=1]
              RenderText {#text} at (1,1) size 89x19
                text run at (1,1) width 89: "Row 1, Cell 1"
            RenderTableCell {TD} at (91,0) size 91x21 [r=0 c=1 rs=1 cs=1]
              RenderText {#text} at (1,1) size 89x19
                text run at (1,1) width 89: "Row 1, Cell 2"
            RenderTableCell {TD} at (182,0) size 91x21 [r=0 c=2 rs=1 cs=1]
              RenderText {#text} at (1,1) size 89x19
                text run at (1,1) width 89: "Row 1, Cell 3"
        RenderTableSection {TBODY} at (0,40) size 273x64 [border: (1px solid #808080) none (1px solid #808080) none]
          RenderTableRow {TR} at (0,0) size 273x22
            RenderTableCell {TD} at (0,10) size 91x22 [border: (1px none #000000)] [r=0 c=0 rs=2 cs=1]
              RenderText {#text} at (1,2) size 89x19
                text run at (1,2) width 89: "Row 2, Cell 1"
            RenderTableCell {TD} at (91,0) size 182x22 [border: (1px none #000000)] [r=0 c=1 rs=1 cs=2]
              RenderText {#text} at (1,2) size 89x19
                text run at (1,2) width 89: "Row 2, Cell 2"
          RenderTableRow {TR} at (0,22) size 273x21
            RenderTableCell {TD} at (91,22) size 91x21 [r=1 c=1 rs=1 cs=1]
              RenderText {#text} at (1,1) size 89x19
                text run at (1,1) width 89: "Row 3, Cell 2"
            RenderTableCell {TD} at (182,32) size 91x21 [r=1 c=2 rs=2 cs=1]
              RenderText {#text} at (1,1) size 89x19
                text run at (1,1) width 89: "Row 3, Cell 3"
          RenderTableRow {TR} at (0,43) size 273x21
            RenderTableCell {TD} at (0,43) size 182x21 [r=2 c=0 rs=1 cs=2]
              RenderText {#text} at (1,1) size 89x19
                text run at (1,1) width 89: "Row 4, Cell 1"
        RenderTableSection {TFOOT} at (0,104) size 273x22 [border: (1px solid #808080) none (1px solid #808080) none]
          RenderTableRow {TR} at (0,0) size 273x22
            RenderTableCell {TD} at (0,0) size 91x22 [border: (1px none #000000)] [r=0 c=0 rs=1 cs=1]
              RenderText {#text} at (1,2) size 89x19
                text run at (1,2) width 89: "Row 5, Cell 1"
            RenderTableCell {TD} at (91,0) size 91x22 [border: (1px none #000000)] [r=0 c=1 rs=1 cs=1]
              RenderText {#text} at (1,2) size 89x19
                text run at (1,2) width 89: "Row 5, Cell 2"
            RenderTableCell {TD} at (182,0) size 91x22 [border: (1px none #000000)] [r=0 c=2 rs=1 cs=1]
              RenderText {#text} at (1,2) size 89x19
                text run at (1,2) width 89: "Row 5, Cell 3"
      RenderTable {TABLE} at (0,2080) size 273x128 [border: none none (1px solid #808080) none]
        RenderBlock {CAPTION} at (0,0) size 273x19
          RenderInline {A} at (0,0) size 250x19
            RenderText {#text} at (9,0) size 250x19
              text run at (9,0) width 250: "Frame=\x{201C}hsides\x{201D} and Rules=\x{201C}groups\x{201D}"
          RenderInline (generated) at (0,0) size 6x19
            RenderText at (258,0) size 6x19
              text run at (258,0) width 6: ":"
        RenderTableSection {THEAD} at (0,19) size 273x22 [border: (1px solid #808080) none (1px solid #808080) none]
          RenderTableRow {TR} at (0,0) size 273x22
            RenderTableCell {TD} at (0,0) size 91x22 [border: (1px none #000000)] [r=0 c=0 rs=1 cs=1]
              RenderText {#text} at (1,2) size 89x19
                text run at (1,2) width 89: "Row 1, Cell 1"
            RenderTableCell {TD} at (91,0) size 91x22 [border: (1px none #000000)] [r=0 c=1 rs=1 cs=1]
              RenderText {#text} at (1,2) size 89x19
                text run at (1,2) width 89: "Row 1, Cell 2"
            RenderTableCell {TD} at (182,0) size 91x22 [border: (1px none #000000)] [r=0 c=2 rs=1 cs=1]
              RenderText {#text} at (1,2) size 89x19
                text run at (1,2) width 89: "Row 1, Cell 3"
        RenderTableSection {TBODY} at (0,41) size 273x64 [border: (1px solid #808080) none (1px solid #808080) none]
          RenderTableRow {TR} at (0,0) size 273x22
            RenderTableCell {TD} at (0,10) size 91x22 [border: (1px none #000000)] [r=0 c=0 rs=2 cs=1]
              RenderText {#text} at (1,2) size 89x19
                text run at (1,2) width 89: "Row 2, Cell 1"
            RenderTableCell {TD} at (91,0) size 182x22 [border: (1px none #000000)] [r=0 c=1 rs=1 cs=2]
              RenderText {#text} at (1,2) size 89x19
                text run at (1,2) width 89: "Row 2, Cell 2"
          RenderTableRow {TR} at (0,22) size 273x21
            RenderTableCell {TD} at (91,22) size 91x21 [r=1 c=1 rs=1 cs=1]
              RenderText {#text} at (1,1) size 89x19
                text run at (1,1) width 89: "Row 3, Cell 2"
            RenderTableCell {TD} at (182,32) size 91x21 [r=1 c=2 rs=2 cs=1]
              RenderText {#text} at (1,1) size 89x19
                text run at (1,1) width 89: "Row 3, Cell 3"
          RenderTableRow {TR} at (0,43) size 273x21
            RenderTableCell {TD} at (0,43) size 182x21 [r=2 c=0 rs=1 cs=2]
              RenderText {#text} at (1,1) size 89x19
                text run at (1,1) width 89: "Row 4, Cell 1"
        RenderTableSection {TFOOT} at (0,105) size 273x22 [border: (1px solid #808080) none (1px solid #808080) none]
          RenderTableRow {TR} at (0,0) size 273x22
            RenderTableCell {TD} at (0,0) size 91x22 [border: (1px none #000000)] [r=0 c=0 rs=1 cs=1]
              RenderText {#text} at (1,2) size 89x19
                text run at (1,2) width 89: "Row 5, Cell 1"
            RenderTableCell {TD} at (91,0) size 91x22 [border: (1px none #000000)] [r=0 c=1 rs=1 cs=1]
              RenderText {#text} at (1,2) size 89x19
                text run at (1,2) width 89: "Row 5, Cell 2"
            RenderTableCell {TD} at (182,0) size 91x22 [border: (1px none #000000)] [r=0 c=2 rs=1 cs=1]
              RenderText {#text} at (1,2) size 89x19
                text run at (1,2) width 89: "Row 5, Cell 3"
      RenderTable {TABLE} at (0,2256) size 275x126 [border: none (1px solid #808080) none none]
        RenderBlock {CAPTION} at (0,0) size 274x19
          RenderInline {A} at (0,0) size 247x19
            RenderText {#text} at (11,0) size 247x19
              text run at (11,0) width 247: "Frame=\x{201C}vsides\x{201D} and Rules=\x{201C}groups\x{201D}"
          RenderInline (generated) at (0,0) size 5x19
            RenderText at (258,0) size 5x19
              text run at (258,0) width 5: ":"
        RenderTableSection {THEAD} at (0,19) size 274x21 [border: (1px solid #808080) none (1px solid #808080) none]
          RenderTableRow {TR} at (0,0) size 274x21
            RenderTableCell {TD} at (0,0) size 92x21 [border: none] [r=0 c=0 rs=1 cs=1]
              RenderText {#text} at (2,1) size 89x19
                text run at (2,1) width 89: "Row 1, Cell 1"
            RenderTableCell {TD} at (92,0) size 91x21 [r=0 c=1 rs=1 cs=1]
              RenderText {#text} at (1,1) size 89x19
                text run at (1,1) width 89: "Row 1, Cell 2"
            RenderTableCell {TD} at (183,0) size 91x21 [r=0 c=2 rs=1 cs=1]
              RenderText {#text} at (1,1) size 89x19
                text run at (1,1) width 89: "Row 1, Cell 3"
        RenderTableSection {TBODY} at (0,40) size 274x64 [border: (1px solid #808080) none (1px solid #808080) none]
          RenderTableRow {TR} at (0,0) size 274x22
            RenderTableCell {TD} at (0,10) size 92x22 [border: (1px none #000000)] [r=0 c=0 rs=2 cs=1]
              RenderText {#text} at (2,2) size 89x19
                text run at (2,2) width 89: "Row 2, Cell 1"
            RenderTableCell {TD} at (92,0) size 182x22 [border: (1px none #000000)] [r=0 c=1 rs=1 cs=2]
              RenderText {#text} at (1,2) size 89x19
                text run at (1,2) width 89: "Row 2, Cell 2"
          RenderTableRow {TR} at (0,22) size 274x21
            RenderTableCell {TD} at (92,22) size 91x21 [r=1 c=1 rs=1 cs=1]
              RenderText {#text} at (1,1) size 89x19
                text run at (1,1) width 89: "Row 3, Cell 2"
            RenderTableCell {TD} at (183,32) size 91x21 [r=1 c=2 rs=2 cs=1]
              RenderText {#text} at (1,1) size 89x19
                text run at (1,1) width 89: "Row 3, Cell 3"
          RenderTableRow {TR} at (0,43) size 274x21
            RenderTableCell {TD} at (0,43) size 183x21 [border: none] [r=2 c=0 rs=1 cs=2]
              RenderText {#text} at (2,1) size 89x19
                text run at (2,1) width 89: "Row 4, Cell 1"
        RenderTableSection {TFOOT} at (0,104) size 274x22 [border: (1px solid #808080) none (1px solid #808080) none]
          RenderTableRow {TR} at (0,0) size 274x22
            RenderTableCell {TD} at (0,0) size 92x22 [border: (1px none #000000)] [r=0 c=0 rs=1 cs=1]
              RenderText {#text} at (2,2) size 89x19
                text run at (2,2) width 89: "Row 5, Cell 1"
            RenderTableCell {TD} at (92,0) size 91x22 [border: (1px none #000000)] [r=0 c=1 rs=1 cs=1]
              RenderText {#text} at (1,2) size 89x19
                text run at (1,2) width 89: "Row 5, Cell 2"
            RenderTableCell {TD} at (183,0) size 91x22 [border: (1px none #000000)] [r=0 c=2 rs=1 cs=1]
              RenderText {#text} at (1,2) size 89x19
                text run at (1,2) width 89: "Row 5, Cell 3"
      RenderTable {TABLE} at (0,2430) size 274x126
        RenderBlock {CAPTION} at (0,0) size 274x19
          RenderInline {A} at (0,0) size 229x19
            RenderText {#text} at (20,0) size 229x19
              text run at (20,0) width 229: "Frame=\x{201C}lhs\x{201D} and Rules=\x{201C}groups\x{201D}"
          RenderInline (generated) at (0,0) size 6x19
            RenderText at (248,0) size 6x19
              text run at (248,0) width 6: ":"
        RenderTableSection {THEAD} at (0,19) size 274x21 [border: (1px solid #808080) none (1px solid #808080) none]
          RenderTableRow {TR} at (0,0) size 274x21
            RenderTableCell {TD} at (0,0) size 92x21 [border: none] [r=0 c=0 rs=1 cs=1]
              RenderText {#text} at (2,1) size 89x19
                text run at (2,1) width 89: "Row 1, Cell 1"
            RenderTableCell {TD} at (92,0) size 91x21 [r=0 c=1 rs=1 cs=1]
              RenderText {#text} at (1,1) size 89x19
                text run at (1,1) width 89: "Row 1, Cell 2"
            RenderTableCell {TD} at (183,0) size 91x21 [r=0 c=2 rs=1 cs=1]
              RenderText {#text} at (1,1) size 89x19
                text run at (1,1) width 89: "Row 1, Cell 3"
        RenderTableSection {TBODY} at (0,40) size 274x64 [border: (1px solid #808080) none (1px solid #808080) none]
          RenderTableRow {TR} at (0,0) size 274x22
            RenderTableCell {TD} at (0,10) size 92x22 [border: (1px none #000000)] [r=0 c=0 rs=2 cs=1]
              RenderText {#text} at (2,2) size 89x19
                text run at (2,2) width 89: "Row 2, Cell 1"
            RenderTableCell {TD} at (92,0) size 182x22 [border: (1px none #000000)] [r=0 c=1 rs=1 cs=2]
              RenderText {#text} at (1,2) size 89x19
                text run at (1,2) width 89: "Row 2, Cell 2"
          RenderTableRow {TR} at (0,22) size 274x21
            RenderTableCell {TD} at (92,22) size 91x21 [r=1 c=1 rs=1 cs=1]
              RenderText {#text} at (1,1) size 89x19
                text run at (1,1) width 89: "Row 3, Cell 2"
            RenderTableCell {TD} at (183,32) size 91x21 [r=1 c=2 rs=2 cs=1]
              RenderText {#text} at (1,1) size 89x19
                text run at (1,1) width 89: "Row 3, Cell 3"
          RenderTableRow {TR} at (0,43) size 274x21
            RenderTableCell {TD} at (0,43) size 183x21 [border: none] [r=2 c=0 rs=1 cs=2]
              RenderText {#text} at (2,1) size 89x19
                text run at (2,1) width 89: "Row 4, Cell 1"
        RenderTableSection {TFOOT} at (0,104) size 274x22 [border: (1px solid #808080) none (1px solid #808080) none]
          RenderTableRow {TR} at (0,0) size 274x22
            RenderTableCell {TD} at (0,0) size 92x22 [border: (1px none #000000)] [r=0 c=0 rs=1 cs=1]
              RenderText {#text} at (2,2) size 89x19
                text run at (2,2) width 89: "Row 5, Cell 1"
            RenderTableCell {TD} at (92,0) size 91x22 [border: (1px none #000000)] [r=0 c=1 rs=1 cs=1]
              RenderText {#text} at (1,2) size 89x19
                text run at (1,2) width 89: "Row 5, Cell 2"
            RenderTableCell {TD} at (183,0) size 91x22 [border: (1px none #000000)] [r=0 c=2 rs=1 cs=1]
              RenderText {#text} at (1,2) size 89x19
                text run at (1,2) width 89: "Row 5, Cell 3"
      RenderTable {TABLE} at (0,2604) size 274x126 [border: none (1px solid #808080) none]
        RenderBlock {CAPTION} at (0,0) size 273x19
          RenderInline {A} at (0,0) size 230x19
            RenderText {#text} at (19,0) size 230x19
              text run at (19,0) width 230: "Frame=\x{201C}rhs\x{201D} and Rules=\x{201C}groups\x{201D}"
          RenderInline (generated) at (0,0) size 5x19
            RenderText at (249,0) size 5x19
              text run at (249,0) width 5: ":"
        RenderTableSection {THEAD} at (0,19) size 273x21 [border: (1px solid #808080) none (1px solid #808080) none]
          RenderTableRow {TR} at (0,0) size 273x21
            RenderTableCell {TD} at (0,0) size 91x21 [r=0 c=0 rs=1 cs=1]
              RenderText {#text} at (1,1) size 89x19
                text run at (1,1) width 89: "Row 1, Cell 1"
            RenderTableCell {TD} at (91,0) size 91x21 [r=0 c=1 rs=1 cs=1]
              RenderText {#text} at (1,1) size 89x19
                text run at (1,1) width 89: "Row 1, Cell 2"
            RenderTableCell {TD} at (182,0) size 91x21 [r=0 c=2 rs=1 cs=1]
              RenderText {#text} at (1,1) size 89x19
                text run at (1,1) width 89: "Row 1, Cell 3"
        RenderTableSection {TBODY} at (0,40) size 273x64 [border: (1px solid #808080) none (1px solid #808080) none]
          RenderTableRow {TR} at (0,0) size 273x22
            RenderTableCell {TD} at (0,10) size 91x22 [border: (1px none #000000)] [r=0 c=0 rs=2 cs=1]
              RenderText {#text} at (1,2) size 89x19
                text run at (1,2) width 89: "Row 2, Cell 1"
            RenderTableCell {TD} at (91,0) size 182x22 [border: (1px none #000000)] [r=0 c=1 rs=1 cs=2]
              RenderText {#text} at (1,2) size 89x19
                text run at (1,2) width 89: "Row 2, Cell 2"
          RenderTableRow {TR} at (0,22) size 273x21
            RenderTableCell {TD} at (91,22) size 91x21 [r=1 c=1 rs=1 cs=1]
              RenderText {#text} at (1,1) size 89x19
                text run at (1,1) width 89: "Row 3, Cell 2"
            RenderTableCell {TD} at (182,32) size 91x21 [r=1 c=2 rs=2 cs=1]
              RenderText {#text} at (1,1) size 89x19
                text run at (1,1) width 89: "Row 3, Cell 3"
          RenderTableRow {TR} at (0,43) size 273x21
            RenderTableCell {TD} at (0,43) size 182x21 [r=2 c=0 rs=1 cs=2]
              RenderText {#text} at (1,1) size 89x19
                text run at (1,1) width 89: "Row 4, Cell 1"
        RenderTableSection {TFOOT} at (0,104) size 273x22 [border: (1px solid #808080) none (1px solid #808080) none]
          RenderTableRow {TR} at (0,0) size 273x22
            RenderTableCell {TD} at (0,0) size 91x22 [border: (1px none #000000)] [r=0 c=0 rs=1 cs=1]
              RenderText {#text} at (1,2) size 89x19
                text run at (1,2) width 89: "Row 5, Cell 1"
            RenderTableCell {TD} at (91,0) size 91x22 [border: (1px none #000000)] [r=0 c=1 rs=1 cs=1]
              RenderText {#text} at (1,2) size 89x19
                text run at (1,2) width 89: "Row 5, Cell 2"
            RenderTableCell {TD} at (182,0) size 91x22 [border: (1px none #000000)] [r=0 c=2 rs=1 cs=1]
              RenderText {#text} at (1,2) size 89x19
                text run at (1,2) width 89: "Row 5, Cell 3"
      RenderTable {TABLE} at (0,2778) size 275x128 [border: none]
        RenderBlock {CAPTION} at (0,0) size 274x19
          RenderInline {A} at (0,0) size 233x19
            RenderText {#text} at (18,0) size 233x19
              text run at (18,0) width 233: "Frame=\x{201C}box\x{201D} and Rules=\x{201C}groups\x{201D}"
          RenderInline (generated) at (0,0) size 5x19
            RenderText at (251,0) size 5x19
              text run at (251,0) width 5: ":"
        RenderTableSection {THEAD} at (0,19) size 274x22 [border: (1px solid #808080) none (1px solid #808080) none]
          RenderTableRow {TR} at (0,0) size 274x22
            RenderTableCell {TD} at (0,0) size 92x22 [border: (1px none #000000)] [r=0 c=0 rs=1 cs=1]
              RenderText {#text} at (2,2) size 89x19
                text run at (2,2) width 89: "Row 1, Cell 1"
            RenderTableCell {TD} at (92,0) size 91x22 [border: (1px none #000000)] [r=0 c=1 rs=1 cs=1]
              RenderText {#text} at (1,2) size 89x19
                text run at (1,2) width 89: "Row 1, Cell 2"
            RenderTableCell {TD} at (183,0) size 91x22 [border: (1px none #000000)] [r=0 c=2 rs=1 cs=1]
              RenderText {#text} at (1,2) size 89x19
                text run at (1,2) width 89: "Row 1, Cell 3"
        RenderTableSection {TBODY} at (0,41) size 274x64 [border: (1px solid #808080) none (1px solid #808080) none]
          RenderTableRow {TR} at (0,0) size 274x22
            RenderTableCell {TD} at (0,10) size 92x22 [border: (1px none #000000)] [r=0 c=0 rs=2 cs=1]
              RenderText {#text} at (2,2) size 89x19
                text run at (2,2) width 89: "Row 2, Cell 1"
            RenderTableCell {TD} at (92,0) size 182x22 [border: (1px none #000000)] [r=0 c=1 rs=1 cs=2]
              RenderText {#text} at (1,2) size 89x19
                text run at (1,2) width 89: "Row 2, Cell 2"
          RenderTableRow {TR} at (0,22) size 274x21
            RenderTableCell {TD} at (92,22) size 91x21 [r=1 c=1 rs=1 cs=1]
              RenderText {#text} at (1,1) size 89x19
                text run at (1,1) width 89: "Row 3, Cell 2"
            RenderTableCell {TD} at (183,32) size 91x21 [r=1 c=2 rs=2 cs=1]
              RenderText {#text} at (1,1) size 89x19
                text run at (1,1) width 89: "Row 3, Cell 3"
          RenderTableRow {TR} at (0,43) size 274x21
            RenderTableCell {TD} at (0,43) size 183x21 [border: none] [r=2 c=0 rs=1 cs=2]
              RenderText {#text} at (2,1) size 89x19
                text run at (2,1) width 89: "Row 4, Cell 1"
        RenderTableSection {TFOOT} at (0,105) size 274x22 [border: (1px solid #808080) none (1px solid #808080) none]
          RenderTableRow {TR} at (0,0) size 274x22
            RenderTableCell {TD} at (0,0) size 92x22 [border: (1px none #000000)] [r=0 c=0 rs=1 cs=1]
              RenderText {#text} at (2,2) size 89x19
                text run at (2,2) width 89: "Row 5, Cell 1"
            RenderTableCell {TD} at (92,0) size 91x22 [border: (1px none #000000)] [r=0 c=1 rs=1 cs=1]
              RenderText {#text} at (1,2) size 89x19
                text run at (1,2) width 89: "Row 5, Cell 2"
            RenderTableCell {TD} at (183,0) size 91x22 [border: (1px none #000000)] [r=0 c=2 rs=1 cs=1]
              RenderText {#text} at (1,2) size 89x19
                text run at (1,2) width 89: "Row 5, Cell 3"
      RenderTable {TABLE} at (0,2954) size 275x128 [border: none]
        RenderBlock {CAPTION} at (0,0) size 274x19
          RenderInline {A} at (0,0) size 253x19
            RenderText {#text} at (8,0) size 253x19
              text run at (8,0) width 253: "Frame=\x{201C}border\x{201D} and Rules=\x{201C}groups\x{201D}"
          RenderInline (generated) at (0,0) size 6x19
            RenderText at (260,0) size 6x19
              text run at (260,0) width 6: ":"
        RenderTableSection {THEAD} at (0,19) size 274x22 [border: (1px solid #808080) none (1px solid #808080) none]
          RenderTableRow {TR} at (0,0) size 274x22
            RenderTableCell {TD} at (0,0) size 92x22 [border: (1px none #000000)] [r=0 c=0 rs=1 cs=1]
              RenderText {#text} at (2,2) size 89x19
                text run at (2,2) width 89: "Row 1, Cell 1"
            RenderTableCell {TD} at (92,0) size 91x22 [border: (1px none #000000)] [r=0 c=1 rs=1 cs=1]
              RenderText {#text} at (1,2) size 89x19
                text run at (1,2) width 89: "Row 1, Cell 2"
            RenderTableCell {TD} at (183,0) size 91x22 [border: (1px none #000000)] [r=0 c=2 rs=1 cs=1]
              RenderText {#text} at (1,2) size 89x19
                text run at (1,2) width 89: "Row 1, Cell 3"
        RenderTableSection {TBODY} at (0,41) size 274x64 [border: (1px solid #808080) none (1px solid #808080) none]
          RenderTableRow {TR} at (0,0) size 274x22
            RenderTableCell {TD} at (0,10) size 92x22 [border: (1px none #000000)] [r=0 c=0 rs=2 cs=1]
              RenderText {#text} at (2,2) size 89x19
                text run at (2,2) width 89: "Row 2, Cell 1"
            RenderTableCell {TD} at (92,0) size 182x22 [border: (1px none #000000)] [r=0 c=1 rs=1 cs=2]
              RenderText {#text} at (1,2) size 89x19
                text run at (1,2) width 89: "Row 2, Cell 2"
          RenderTableRow {TR} at (0,22) size 274x21
            RenderTableCell {TD} at (92,22) size 91x21 [r=1 c=1 rs=1 cs=1]
              RenderText {#text} at (1,1) size 89x19
                text run at (1,1) width 89: "Row 3, Cell 2"
            RenderTableCell {TD} at (183,32) size 91x21 [r=1 c=2 rs=2 cs=1]
              RenderText {#text} at (1,1) size 89x19
                text run at (1,1) width 89: "Row 3, Cell 3"
          RenderTableRow {TR} at (0,43) size 274x21
            RenderTableCell {TD} at (0,43) size 183x21 [border: none] [r=2 c=0 rs=1 cs=2]
              RenderText {#text} at (2,1) size 89x19
                text run at (2,1) width 89: "Row 4, Cell 1"
        RenderTableSection {TFOOT} at (0,105) size 274x22 [border: (1px solid #808080) none (1px solid #808080) none]
          RenderTableRow {TR} at (0,0) size 274x22
            RenderTableCell {TD} at (0,0) size 92x22 [border: (1px none #000000)] [r=0 c=0 rs=1 cs=1]
              RenderText {#text} at (2,2) size 89x19
                text run at (2,2) width 89: "Row 5, Cell 1"
            RenderTableCell {TD} at (92,0) size 91x22 [border: (1px none #000000)] [r=0 c=1 rs=1 cs=1]
              RenderText {#text} at (1,2) size 89x19
                text run at (1,2) width 89: "Row 5, Cell 2"
            RenderTableCell {TD} at (183,0) size 91x22 [border: (1px none #000000)] [r=0 c=2 rs=1 cs=1]
              RenderText {#text} at (1,2) size 89x19
                text run at (1,2) width 89: "Row 5, Cell 3"
      RenderTable {TABLE} at (0,3130) size 273x128
        RenderBlock {CAPTION} at (0,0) size 273x19
          RenderInline {A} at (0,0) size 222x19
            RenderText {#text} at (23,0) size 222x19
              text run at (23,0) width 222: "Frame=\x{201C}void\x{201D} and Rules=\x{201C}rows\x{201D}"
          RenderInline (generated) at (0,0) size 5x19
            RenderText at (245,0) size 5x19
              text run at (245,0) width 5: ":"
        RenderTableSection {THEAD} at (0,19) size 273x21
          RenderTableRow {TR} at (0,0) size 273x21
            RenderTableCell {TD} at (0,0) size 91x21 [r=0 c=0 rs=1 cs=1]
              RenderText {#text} at (1,1) size 89x19
                text run at (1,1) width 89: "Row 1, Cell 1"
            RenderTableCell {TD} at (91,0) size 91x21 [r=0 c=1 rs=1 cs=1]
              RenderText {#text} at (1,1) size 89x19
                text run at (1,1) width 89: "Row 1, Cell 2"
            RenderTableCell {TD} at (182,0) size 91x21 [r=0 c=2 rs=1 cs=1]
              RenderText {#text} at (1,1) size 89x19
                text run at (1,1) width 89: "Row 1, Cell 3"
        RenderTableSection {TBODY} at (0,40) size 273x66
          RenderTableRow {TR} at (0,0) size 273x22
            RenderTableCell {TD} at (0,11) size 91x22 [border: (1px solid #808080) none none none] [r=0 c=0 rs=2 cs=1]
              RenderText {#text} at (1,2) size 89x19
                text run at (1,2) width 89: "Row 2, Cell 1"
            RenderTableCell {TD} at (91,0) size 182x22 [border: (1px solid #808080) none none none] [r=0 c=1 rs=1 cs=2]
              RenderText {#text} at (1,2) size 89x19
                text run at (1,2) width 89: "Row 2, Cell 2"
          RenderTableRow {TR} at (0,22) size 273x22
            RenderTableCell {TD} at (91,22) size 91x22 [border: (1px solid #808080) none none none] [r=1 c=1 rs=1 cs=1]
              RenderText {#text} at (1,2) size 89x19
                text run at (1,2) width 89: "Row 3, Cell 2"
            RenderTableCell {TD} at (182,33) size 91x22 [border: (1px solid #808080) none none none] [r=1 c=2 rs=2 cs=1]
              RenderText {#text} at (1,2) size 89x19
                text run at (1,2) width 89: "Row 3, Cell 3"
          RenderTableRow {TR} at (0,44) size 273x22
            RenderTableCell {TD} at (0,44) size 182x22 [border: (1px solid #808080) none none none] [r=2 c=0 rs=1 cs=2]
              RenderText {#text} at (1,2) size 89x19
                text run at (1,2) width 89: "Row 4, Cell 1"
        RenderTableSection {TFOOT} at (0,106) size 273x22
          RenderTableRow {TR} at (0,0) size 273x22
            RenderTableCell {TD} at (0,0) size 91x22 [border: (1px solid #808080) none none none] [r=0 c=0 rs=1 cs=1]
              RenderText {#text} at (1,2) size 89x19
                text run at (1,2) width 89: "Row 5, Cell 1"
            RenderTableCell {TD} at (91,0) size 91x22 [border: (1px solid #808080) none none none] [r=0 c=1 rs=1 cs=1]
              RenderText {#text} at (1,2) size 89x19
                text run at (1,2) width 89: "Row 5, Cell 2"
            RenderTableCell {TD} at (182,0) size 91x22 [border: (1px solid #808080) none none none] [r=0 c=2 rs=1 cs=1]
              RenderText {#text} at (1,2) size 89x19
                text run at (1,2) width 89: "Row 5, Cell 3"
      RenderTable {TABLE} at (0,3306) size 273x129
        RenderBlock {CAPTION} at (0,0) size 273x19
          RenderInline {A} at (0,0) size 234x19
            RenderText {#text} at (17,0) size 234x19
              text run at (17,0) width 234: "Frame=\x{201C}above\x{201D} and Rules=\x{201C}rows\x{201D}"
          RenderInline (generated) at (0,0) size 6x19
            RenderText at (250,0) size 6x19
              text run at (250,0) width 6: ":"
        RenderTableSection {THEAD} at (0,19) size 273x22
          RenderTableRow {TR} at (0,0) size 273x22
            RenderTableCell {TD} at (0,0) size 91x22 [border: (1px solid #808080) none none none] [r=0 c=0 rs=1 cs=1]
              RenderText {#text} at (1,2) size 89x19
                text run at (1,2) width 89: "Row 1, Cell 1"
            RenderTableCell {TD} at (91,0) size 91x22 [border: (1px solid #808080) none none none] [r=0 c=1 rs=1 cs=1]
              RenderText {#text} at (1,2) size 89x19
                text run at (1,2) width 89: "Row 1, Cell 2"
            RenderTableCell {TD} at (182,0) size 91x22 [border: (1px solid #808080) none none none] [r=0 c=2 rs=1 cs=1]
              RenderText {#text} at (1,2) size 89x19
                text run at (1,2) width 89: "Row 1, Cell 3"
        RenderTableSection {TBODY} at (0,41) size 273x66
          RenderTableRow {TR} at (0,0) size 273x22
            RenderTableCell {TD} at (0,11) size 91x22 [border: (1px solid #808080) none none none] [r=0 c=0 rs=2 cs=1]
              RenderText {#text} at (1,2) size 89x19
                text run at (1,2) width 89: "Row 2, Cell 1"
            RenderTableCell {TD} at (91,0) size 182x22 [border: (1px solid #808080) none none none] [r=0 c=1 rs=1 cs=2]
              RenderText {#text} at (1,2) size 89x19
                text run at (1,2) width 89: "Row 2, Cell 2"
          RenderTableRow {TR} at (0,22) size 273x22
            RenderTableCell {TD} at (91,22) size 91x22 [border: (1px solid #808080) none none none] [r=1 c=1 rs=1 cs=1]
              RenderText {#text} at (1,2) size 89x19
                text run at (1,2) width 89: "Row 3, Cell 2"
            RenderTableCell {TD} at (182,33) size 91x22 [border: (1px solid #808080) none none none] [r=1 c=2 rs=2 cs=1]
              RenderText {#text} at (1,2) size 89x19
                text run at (1,2) width 89: "Row 3, Cell 3"
          RenderTableRow {TR} at (0,44) size 273x22
            RenderTableCell {TD} at (0,44) size 182x22 [border: (1px solid #808080) none none none] [r=2 c=0 rs=1 cs=2]
              RenderText {#text} at (1,2) size 89x19
                text run at (1,2) width 89: "Row 4, Cell 1"
        RenderTableSection {TFOOT} at (0,107) size 273x22
          RenderTableRow {TR} at (0,0) size 273x22
            RenderTableCell {TD} at (0,0) size 91x22 [border: (1px solid #808080) none none none] [r=0 c=0 rs=1 cs=1]
              RenderText {#text} at (1,2) size 89x19
                text run at (1,2) width 89: "Row 5, Cell 1"
            RenderTableCell {TD} at (91,0) size 91x22 [border: (1px solid #808080) none none none] [r=0 c=1 rs=1 cs=1]
              RenderText {#text} at (1,2) size 89x19
                text run at (1,2) width 89: "Row 5, Cell 2"
            RenderTableCell {TD} at (182,0) size 91x22 [border: (1px solid #808080) none none none] [r=0 c=2 rs=1 cs=1]
              RenderText {#text} at (1,2) size 89x19
                text run at (1,2) width 89: "Row 5, Cell 3"
      RenderTable {TABLE} at (0,3483) size 273x129 [border: none (1px solid #808080) none]
        RenderBlock {CAPTION} at (0,0) size 273x19
          RenderInline {A} at (0,0) size 234x19
            RenderText {#text} at (17,0) size 234x19
              text run at (17,0) width 234: "Frame=\x{201C}below\x{201D} and Rules=\x{201C}rows\x{201D}"
          RenderInline (generated) at (0,0) size 6x19
            RenderText at (250,0) size 6x19
              text run at (250,0) width 6: ":"
        RenderTableSection {THEAD} at (0,19) size 273x21
          RenderTableRow {TR} at (0,0) size 273x21
            RenderTableCell {TD} at (0,0) size 91x21 [r=0 c=0 rs=1 cs=1]
              RenderText {#text} at (1,1) size 89x19
                text run at (1,1) width 89: "Row 1, Cell 1"
            RenderTableCell {TD} at (91,0) size 91x21 [r=0 c=1 rs=1 cs=1]
              RenderText {#text} at (1,1) size 89x19
                text run at (1,1) width 89: "Row 1, Cell 2"
            RenderTableCell {TD} at (182,0) size 91x21 [r=0 c=2 rs=1 cs=1]
              RenderText {#text} at (1,1) size 89x19
                text run at (1,1) width 89: "Row 1, Cell 3"
        RenderTableSection {TBODY} at (0,40) size 273x66
          RenderTableRow {TR} at (0,0) size 273x22
            RenderTableCell {TD} at (0,11) size 91x22 [border: (1px solid #808080) none none none] [r=0 c=0 rs=2 cs=1]
              RenderText {#text} at (1,2) size 89x19
                text run at (1,2) width 89: "Row 2, Cell 1"
            RenderTableCell {TD} at (91,0) size 182x22 [border: (1px solid #808080) none none none] [r=0 c=1 rs=1 cs=2]
              RenderText {#text} at (1,2) size 89x19
                text run at (1,2) width 89: "Row 2, Cell 2"
          RenderTableRow {TR} at (0,22) size 273x22
            RenderTableCell {TD} at (91,22) size 91x22 [border: (1px solid #808080) none none none] [r=1 c=1 rs=1 cs=1]
              RenderText {#text} at (1,2) size 89x19
                text run at (1,2) width 89: "Row 3, Cell 2"
            RenderTableCell {TD} at (182,33) size 91x22 [border: (1px solid #808080) none none none] [r=1 c=2 rs=2 cs=1]
              RenderText {#text} at (1,2) size 89x19
                text run at (1,2) width 89: "Row 3, Cell 3"
          RenderTableRow {TR} at (0,44) size 273x22
            RenderTableCell {TD} at (0,44) size 182x22 [border: (1px solid #808080) none none none] [r=2 c=0 rs=1 cs=2]
              RenderText {#text} at (1,2) size 89x19
                text run at (1,2) width 89: "Row 4, Cell 1"
        RenderTableSection {TFOOT} at (0,106) size 273x22
          RenderTableRow {TR} at (0,0) size 273x22
            RenderTableCell {TD} at (0,0) size 91x22 [border: (1px solid #808080) none none none] [r=0 c=0 rs=1 cs=1]
              RenderText {#text} at (1,2) size 89x19
                text run at (1,2) width 89: "Row 5, Cell 1"
            RenderTableCell {TD} at (91,0) size 91x22 [border: (1px solid #808080) none none none] [r=0 c=1 rs=1 cs=1]
              RenderText {#text} at (1,2) size 89x19
                text run at (1,2) width 89: "Row 5, Cell 2"
            RenderTableCell {TD} at (182,0) size 91x22 [border: (1px solid #808080) none none none] [r=0 c=2 rs=1 cs=1]
              RenderText {#text} at (1,2) size 89x19
                text run at (1,2) width 89: "Row 5, Cell 3"
      RenderTable {TABLE} at (0,3660) size 273x130 [border: none none (1px solid #808080) none]
        RenderBlock {CAPTION} at (0,0) size 273x19
          RenderInline {A} at (0,0) size 236x19
            RenderText {#text} at (16,0) size 236x19
              text run at (16,0) width 236: "Frame=\x{201C}hsides\x{201D} and Rules=\x{201C}rows\x{201D}"
          RenderInline (generated) at (0,0) size 6x19
            RenderText at (251,0) size 6x19
              text run at (251,0) width 6: ":"
        RenderTableSection {THEAD} at (0,19) size 273x22
          RenderTableRow {TR} at (0,0) size 273x22
            RenderTableCell {TD} at (0,0) size 91x22 [border: (1px solid #808080) none none none] [r=0 c=0 rs=1 cs=1]
              RenderText {#text} at (1,2) size 89x19
                text run at (1,2) width 89: "Row 1, Cell 1"
            RenderTableCell {TD} at (91,0) size 91x22 [border: (1px solid #808080) none none none] [r=0 c=1 rs=1 cs=1]
              RenderText {#text} at (1,2) size 89x19
                text run at (1,2) width 89: "Row 1, Cell 2"
            RenderTableCell {TD} at (182,0) size 91x22 [border: (1px solid #808080) none none none] [r=0 c=2 rs=1 cs=1]
              RenderText {#text} at (1,2) size 89x19
                text run at (1,2) width 89: "Row 1, Cell 3"
        RenderTableSection {TBODY} at (0,41) size 273x66
          RenderTableRow {TR} at (0,0) size 273x22
            RenderTableCell {TD} at (0,11) size 91x22 [border: (1px solid #808080) none none none] [r=0 c=0 rs=2 cs=1]
              RenderText {#text} at (1,2) size 89x19
                text run at (1,2) width 89: "Row 2, Cell 1"
            RenderTableCell {TD} at (91,0) size 182x22 [border: (1px solid #808080) none none none] [r=0 c=1 rs=1 cs=2]
              RenderText {#text} at (1,2) size 89x19
                text run at (1,2) width 89: "Row 2, Cell 2"
          RenderTableRow {TR} at (0,22) size 273x22
            RenderTableCell {TD} at (91,22) size 91x22 [border: (1px solid #808080) none none none] [r=1 c=1 rs=1 cs=1]
              RenderText {#text} at (1,2) size 89x19
                text run at (1,2) width 89: "Row 3, Cell 2"
            RenderTableCell {TD} at (182,33) size 91x22 [border: (1px solid #808080) none none none] [r=1 c=2 rs=2 cs=1]
              RenderText {#text} at (1,2) size 89x19
                text run at (1,2) width 89: "Row 3, Cell 3"
          RenderTableRow {TR} at (0,44) size 273x22
            RenderTableCell {TD} at (0,44) size 182x22 [border: (1px solid #808080) none none none] [r=2 c=0 rs=1 cs=2]
              RenderText {#text} at (1,2) size 89x19
                text run at (1,2) width 89: "Row 4, Cell 1"
        RenderTableSection {TFOOT} at (0,107) size 273x22
          RenderTableRow {TR} at (0,0) size 273x22
            RenderTableCell {TD} at (0,0) size 91x22 [border: (1px solid #808080) none none none] [r=0 c=0 rs=1 cs=1]
              RenderText {#text} at (1,2) size 89x19
                text run at (1,2) width 89: "Row 5, Cell 1"
            RenderTableCell {TD} at (91,0) size 91x22 [border: (1px solid #808080) none none none] [r=0 c=1 rs=1 cs=1]
              RenderText {#text} at (1,2) size 89x19
                text run at (1,2) width 89: "Row 5, Cell 2"
            RenderTableCell {TD} at (182,0) size 91x22 [border: (1px solid #808080) none none none] [r=0 c=2 rs=1 cs=1]
              RenderText {#text} at (1,2) size 89x19
                text run at (1,2) width 89: "Row 5, Cell 3"
      RenderTable {TABLE} at (0,3838) size 275x128 [border: none (1px solid #808080) none none]
        RenderBlock {CAPTION} at (0,0) size 274x19
          RenderInline {A} at (0,0) size 233x19
            RenderText {#text} at (18,0) size 233x19
              text run at (18,0) width 233: "Frame=\x{201C}vsides\x{201D} and Rules=\x{201C}rows\x{201D}"
          RenderInline (generated) at (0,0) size 5x19
            RenderText at (251,0) size 5x19
              text run at (251,0) width 5: ":"
        RenderTableSection {THEAD} at (0,19) size 274x21
          RenderTableRow {TR} at (0,0) size 274x21
            RenderTableCell {TD} at (0,0) size 92x21 [border: none none none (1px none #808080)] [r=0 c=0 rs=1 cs=1]
              RenderText {#text} at (2,1) size 89x19
                text run at (2,1) width 89: "Row 1, Cell 1"
            RenderTableCell {TD} at (92,0) size 91x21 [r=0 c=1 rs=1 cs=1]
              RenderText {#text} at (1,1) size 89x19
                text run at (1,1) width 89: "Row 1, Cell 2"
            RenderTableCell {TD} at (183,0) size 91x21 [r=0 c=2 rs=1 cs=1]
              RenderText {#text} at (1,1) size 89x19
                text run at (1,1) width 89: "Row 1, Cell 3"
        RenderTableSection {TBODY} at (0,40) size 274x66
          RenderTableRow {TR} at (0,0) size 274x22
            RenderTableCell {TD} at (0,11) size 92x22 [border: (1px solid #808080) none none (1px none #808080)] [r=0 c=0 rs=2 cs=1]
              RenderText {#text} at (2,2) size 89x19
                text run at (2,2) width 89: "Row 2, Cell 1"
            RenderTableCell {TD} at (92,0) size 182x22 [border: (1px solid #808080) none none none] [r=0 c=1 rs=1 cs=2]
              RenderText {#text} at (1,2) size 89x19
                text run at (1,2) width 89: "Row 2, Cell 2"
          RenderTableRow {TR} at (0,22) size 274x22
            RenderTableCell {TD} at (92,22) size 91x22 [border: (1px solid #808080) none none none] [r=1 c=1 rs=1 cs=1]
              RenderText {#text} at (1,2) size 89x19
                text run at (1,2) width 89: "Row 3, Cell 2"
            RenderTableCell {TD} at (183,33) size 91x22 [border: (1px solid #808080) none none none] [r=1 c=2 rs=2 cs=1]
              RenderText {#text} at (1,2) size 89x19
                text run at (1,2) width 89: "Row 3, Cell 3"
          RenderTableRow {TR} at (0,44) size 274x22
            RenderTableCell {TD} at (0,44) size 183x22 [border: (1px solid #808080) none none (1px none #808080)] [r=2 c=0 rs=1 cs=2]
              RenderText {#text} at (2,2) size 89x19
                text run at (2,2) width 89: "Row 4, Cell 1"
        RenderTableSection {TFOOT} at (0,106) size 274x22
          RenderTableRow {TR} at (0,0) size 274x22
            RenderTableCell {TD} at (0,0) size 92x22 [border: (1px solid #808080) none none (1px none #808080)] [r=0 c=0 rs=1 cs=1]
              RenderText {#text} at (2,2) size 89x19
                text run at (2,2) width 89: "Row 5, Cell 1"
            RenderTableCell {TD} at (92,0) size 91x22 [border: (1px solid #808080) none none none] [r=0 c=1 rs=1 cs=1]
              RenderText {#text} at (1,2) size 89x19
                text run at (1,2) width 89: "Row 5, Cell 2"
            RenderTableCell {TD} at (183,0) size 91x22 [border: (1px solid #808080) none none none] [r=0 c=2 rs=1 cs=1]
              RenderText {#text} at (1,2) size 89x19
                text run at (1,2) width 89: "Row 5, Cell 3"
      RenderTable {TABLE} at (0,4014) size 274x128
        RenderBlock {CAPTION} at (0,0) size 274x19
          RenderInline {A} at (0,0) size 215x19
            RenderText {#text} at (27,0) size 215x19
              text run at (27,0) width 215: "Frame=\x{201C}lhs\x{201D} and Rules=\x{201C}rows\x{201D}"
          RenderInline (generated) at (0,0) size 6x19
            RenderText at (241,0) size 6x19
              text run at (241,0) width 6: ":"
        RenderTableSection {THEAD} at (0,19) size 274x21
          RenderTableRow {TR} at (0,0) size 274x21
            RenderTableCell {TD} at (0,0) size 92x21 [border: none none none (1px none #808080)] [r=0 c=0 rs=1 cs=1]
              RenderText {#text} at (2,1) size 89x19
                text run at (2,1) width 89: "Row 1, Cell 1"
            RenderTableCell {TD} at (92,0) size 91x21 [r=0 c=1 rs=1 cs=1]
              RenderText {#text} at (1,1) size 89x19
                text run at (1,1) width 89: "Row 1, Cell 2"
            RenderTableCell {TD} at (183,0) size 91x21 [r=0 c=2 rs=1 cs=1]
              RenderText {#text} at (1,1) size 89x19
                text run at (1,1) width 89: "Row 1, Cell 3"
        RenderTableSection {TBODY} at (0,40) size 274x66
          RenderTableRow {TR} at (0,0) size 274x22
            RenderTableCell {TD} at (0,11) size 92x22 [border: (1px solid #808080) none none (1px none #808080)] [r=0 c=0 rs=2 cs=1]
              RenderText {#text} at (2,2) size 89x19
                text run at (2,2) width 89: "Row 2, Cell 1"
            RenderTableCell {TD} at (92,0) size 182x22 [border: (1px solid #808080) none none none] [r=0 c=1 rs=1 cs=2]
              RenderText {#text} at (1,2) size 89x19
                text run at (1,2) width 89: "Row 2, Cell 2"
          RenderTableRow {TR} at (0,22) size 274x22
            RenderTableCell {TD} at (92,22) size 91x22 [border: (1px solid #808080) none none none] [r=1 c=1 rs=1 cs=1]
              RenderText {#text} at (1,2) size 89x19
                text run at (1,2) width 89: "Row 3, Cell 2"
            RenderTableCell {TD} at (183,33) size 91x22 [border: (1px solid #808080) none none none] [r=1 c=2 rs=2 cs=1]
              RenderText {#text} at (1,2) size 89x19
                text run at (1,2) width 89: "Row 3, Cell 3"
          RenderTableRow {TR} at (0,44) size 274x22
            RenderTableCell {TD} at (0,44) size 183x22 [border: (1px solid #808080) none none (1px none #808080)] [r=2 c=0 rs=1 cs=2]
              RenderText {#text} at (2,2) size 89x19
                text run at (2,2) width 89: "Row 4, Cell 1"
        RenderTableSection {TFOOT} at (0,106) size 274x22
          RenderTableRow {TR} at (0,0) size 274x22
            RenderTableCell {TD} at (0,0) size 92x22 [border: (1px solid #808080) none none (1px none #808080)] [r=0 c=0 rs=1 cs=1]
              RenderText {#text} at (2,2) size 89x19
                text run at (2,2) width 89: "Row 5, Cell 1"
            RenderTableCell {TD} at (92,0) size 91x22 [border: (1px solid #808080) none none none] [r=0 c=1 rs=1 cs=1]
              RenderText {#text} at (1,2) size 89x19
                text run at (1,2) width 89: "Row 5, Cell 2"
            RenderTableCell {TD} at (183,0) size 91x22 [border: (1px solid #808080) none none none] [r=0 c=2 rs=1 cs=1]
              RenderText {#text} at (1,2) size 89x19
                text run at (1,2) width 89: "Row 5, Cell 3"
      RenderTable {TABLE} at (0,4190) size 274x128 [border: none (1px solid #808080) none]
        RenderBlock {CAPTION} at (0,0) size 273x19
          RenderInline {A} at (0,0) size 216x19
            RenderText {#text} at (26,0) size 216x19
              text run at (26,0) width 216: "Frame=\x{201C}rhs\x{201D} and Rules=\x{201C}rows\x{201D}"
          RenderInline (generated) at (0,0) size 5x19
            RenderText at (242,0) size 5x19
              text run at (242,0) width 5: ":"
        RenderTableSection {THEAD} at (0,19) size 273x21
          RenderTableRow {TR} at (0,0) size 273x21
            RenderTableCell {TD} at (0,0) size 91x21 [r=0 c=0 rs=1 cs=1]
              RenderText {#text} at (1,1) size 89x19
                text run at (1,1) width 89: "Row 1, Cell 1"
            RenderTableCell {TD} at (91,0) size 91x21 [r=0 c=1 rs=1 cs=1]
              RenderText {#text} at (1,1) size 89x19
                text run at (1,1) width 89: "Row 1, Cell 2"
            RenderTableCell {TD} at (182,0) size 91x21 [r=0 c=2 rs=1 cs=1]
              RenderText {#text} at (1,1) size 89x19
                text run at (1,1) width 89: "Row 1, Cell 3"
        RenderTableSection {TBODY} at (0,40) size 273x66
          RenderTableRow {TR} at (0,0) size 273x22
            RenderTableCell {TD} at (0,11) size 91x22 [border: (1px solid #808080) none none none] [r=0 c=0 rs=2 cs=1]
              RenderText {#text} at (1,2) size 89x19
                text run at (1,2) width 89: "Row 2, Cell 1"
            RenderTableCell {TD} at (91,0) size 182x22 [border: (1px solid #808080) none none none] [r=0 c=1 rs=1 cs=2]
              RenderText {#text} at (1,2) size 89x19
                text run at (1,2) width 89: "Row 2, Cell 2"
          RenderTableRow {TR} at (0,22) size 273x22
            RenderTableCell {TD} at (91,22) size 91x22 [border: (1px solid #808080) none none none] [r=1 c=1 rs=1 cs=1]
              RenderText {#text} at (1,2) size 89x19
                text run at (1,2) width 89: "Row 3, Cell 2"
            RenderTableCell {TD} at (182,33) size 91x22 [border: (1px solid #808080) none none none] [r=1 c=2 rs=2 cs=1]
              RenderText {#text} at (1,2) size 89x19
                text run at (1,2) width 89: "Row 3, Cell 3"
          RenderTableRow {TR} at (0,44) size 273x22
            RenderTableCell {TD} at (0,44) size 182x22 [border: (1px solid #808080) none none none] [r=2 c=0 rs=1 cs=2]
              RenderText {#text} at (1,2) size 89x19
                text run at (1,2) width 89: "Row 4, Cell 1"
        RenderTableSection {TFOOT} at (0,106) size 273x22
          RenderTableRow {TR} at (0,0) size 273x22
            RenderTableCell {TD} at (0,0) size 91x22 [border: (1px solid #808080) none none none] [r=0 c=0 rs=1 cs=1]
              RenderText {#text} at (1,2) size 89x19
                text run at (1,2) width 89: "Row 5, Cell 1"
            RenderTableCell {TD} at (91,0) size 91x22 [border: (1px solid #808080) none none none] [r=0 c=1 rs=1 cs=1]
              RenderText {#text} at (1,2) size 89x19
                text run at (1,2) width 89: "Row 5, Cell 2"
            RenderTableCell {TD} at (182,0) size 91x22 [border: (1px solid #808080) none none none] [r=0 c=2 rs=1 cs=1]
              RenderText {#text} at (1,2) size 89x19
                text run at (1,2) width 89: "Row 5, Cell 3"
      RenderTable {TABLE} at (0,4366) size 275x130 [border: none]
        RenderBlock {CAPTION} at (0,0) size 274x19
          RenderInline {A} at (0,0) size 219x19
            RenderText {#text} at (25,0) size 219x19
              text run at (25,0) width 219: "Frame=\x{201C}box\x{201D} and Rules=\x{201C}rows\x{201D}"
          RenderInline (generated) at (0,0) size 5x19
            RenderText at (244,0) size 5x19
              text run at (244,0) width 5: ":"
        RenderTableSection {THEAD} at (0,19) size 274x22
          RenderTableRow {TR} at (0,0) size 274x22
            RenderTableCell {TD} at (0,0) size 92x22 [border: (1px solid #808080) none none (1px none #808080)] [r=0 c=0 rs=1 cs=1]
              RenderText {#text} at (2,2) size 89x19
                text run at (2,2) width 89: "Row 1, Cell 1"
            RenderTableCell {TD} at (92,0) size 91x22 [border: (1px solid #808080) none none none] [r=0 c=1 rs=1 cs=1]
              RenderText {#text} at (1,2) size 89x19
                text run at (1,2) width 89: "Row 1, Cell 2"
            RenderTableCell {TD} at (183,0) size 91x22 [border: (1px solid #808080) none none none] [r=0 c=2 rs=1 cs=1]
              RenderText {#text} at (1,2) size 89x19
                text run at (1,2) width 89: "Row 1, Cell 3"
        RenderTableSection {TBODY} at (0,41) size 274x66
          RenderTableRow {TR} at (0,0) size 274x22
            RenderTableCell {TD} at (0,11) size 92x22 [border: (1px solid #808080) none none (1px none #808080)] [r=0 c=0 rs=2 cs=1]
              RenderText {#text} at (2,2) size 89x19
                text run at (2,2) width 89: "Row 2, Cell 1"
            RenderTableCell {TD} at (92,0) size 182x22 [border: (1px solid #808080) none none none] [r=0 c=1 rs=1 cs=2]
              RenderText {#text} at (1,2) size 89x19
                text run at (1,2) width 89: "Row 2, Cell 2"
          RenderTableRow {TR} at (0,22) size 274x22
            RenderTableCell {TD} at (92,22) size 91x22 [border: (1px solid #808080) none none none] [r=1 c=1 rs=1 cs=1]
              RenderText {#text} at (1,2) size 89x19
                text run at (1,2) width 89: "Row 3, Cell 2"
            RenderTableCell {TD} at (183,33) size 91x22 [border: (1px solid #808080) none none none] [r=1 c=2 rs=2 cs=1]
              RenderText {#text} at (1,2) size 89x19
                text run at (1,2) width 89: "Row 3, Cell 3"
          RenderTableRow {TR} at (0,44) size 274x22
            RenderTableCell {TD} at (0,44) size 183x22 [border: (1px solid #808080) none none (1px none #808080)] [r=2 c=0 rs=1 cs=2]
              RenderText {#text} at (2,2) size 89x19
                text run at (2,2) width 89: "Row 4, Cell 1"
        RenderTableSection {TFOOT} at (0,107) size 274x22
          RenderTableRow {TR} at (0,0) size 274x22
            RenderTableCell {TD} at (0,0) size 92x22 [border: (1px solid #808080) none none (1px none #808080)] [r=0 c=0 rs=1 cs=1]
              RenderText {#text} at (2,2) size 89x19
                text run at (2,2) width 89: "Row 5, Cell 1"
            RenderTableCell {TD} at (92,0) size 91x22 [border: (1px solid #808080) none none none] [r=0 c=1 rs=1 cs=1]
              RenderText {#text} at (1,2) size 89x19
                text run at (1,2) width 89: "Row 5, Cell 2"
            RenderTableCell {TD} at (183,0) size 91x22 [border: (1px solid #808080) none none none] [r=0 c=2 rs=1 cs=1]
              RenderText {#text} at (1,2) size 89x19
                text run at (1,2) width 89: "Row 5, Cell 3"
      RenderTable {TABLE} at (0,4544) size 275x130 [border: none]
        RenderBlock {CAPTION} at (0,0) size 274x19
          RenderInline {A} at (0,0) size 239x19
            RenderText {#text} at (15,0) size 239x19
              text run at (15,0) width 239: "Frame=\x{201C}border\x{201D} and Rules=\x{201C}rows\x{201D}"
          RenderInline (generated) at (0,0) size 6x19
            RenderText at (253,0) size 6x19
              text run at (253,0) width 6: ":"
        RenderTableSection {THEAD} at (0,19) size 274x22
          RenderTableRow {TR} at (0,0) size 274x22
            RenderTableCell {TD} at (0,0) size 92x22 [border: (1px solid #808080) none none (1px none #808080)] [r=0 c=0 rs=1 cs=1]
              RenderText {#text} at (2,2) size 89x19
                text run at (2,2) width 89: "Row 1, Cell 1"
            RenderTableCell {TD} at (92,0) size 91x22 [border: (1px solid #808080) none none none] [r=0 c=1 rs=1 cs=1]
              RenderText {#text} at (1,2) size 89x19
                text run at (1,2) width 89: "Row 1, Cell 2"
            RenderTableCell {TD} at (183,0) size 91x22 [border: (1px solid #808080) none none none] [r=0 c=2 rs=1 cs=1]
              RenderText {#text} at (1,2) size 89x19
                text run at (1,2) width 89: "Row 1, Cell 3"
        RenderTableSection {TBODY} at (0,41) size 274x66
          RenderTableRow {TR} at (0,0) size 274x22
            RenderTableCell {TD} at (0,11) size 92x22 [border: (1px solid #808080) none none (1px none #808080)] [r=0 c=0 rs=2 cs=1]
              RenderText {#text} at (2,2) size 89x19
                text run at (2,2) width 89: "Row 2, Cell 1"
            RenderTableCell {TD} at (92,0) size 182x22 [border: (1px solid #808080) none none none] [r=0 c=1 rs=1 cs=2]
              RenderText {#text} at (1,2) size 89x19
                text run at (1,2) width 89: "Row 2, Cell 2"
          RenderTableRow {TR} at (0,22) size 274x22
            RenderTableCell {TD} at (92,22) size 91x22 [border: (1px solid #808080) none none none] [r=1 c=1 rs=1 cs=1]
              RenderText {#text} at (1,2) size 89x19
                text run at (1,2) width 89: "Row 3, Cell 2"
            RenderTableCell {TD} at (183,33) size 91x22 [border: (1px solid #808080) none none none] [r=1 c=2 rs=2 cs=1]
              RenderText {#text} at (1,2) size 89x19
                text run at (1,2) width 89: "Row 3, Cell 3"
          RenderTableRow {TR} at (0,44) size 274x22
            RenderTableCell {TD} at (0,44) size 183x22 [border: (1px solid #808080) none none (1px none #808080)] [r=2 c=0 rs=1 cs=2]
              RenderText {#text} at (2,2) size 89x19
                text run at (2,2) width 89: "Row 4, Cell 1"
        RenderTableSection {TFOOT} at (0,107) size 274x22
          RenderTableRow {TR} at (0,0) size 274x22
            RenderTableCell {TD} at (0,0) size 92x22 [border: (1px solid #808080) none none (1px none #808080)] [r=0 c=0 rs=1 cs=1]
              RenderText {#text} at (2,2) size 89x19
                text run at (2,2) width 89: "Row 5, Cell 1"
            RenderTableCell {TD} at (92,0) size 91x22 [border: (1px solid #808080) none none none] [r=0 c=1 rs=1 cs=1]
              RenderText {#text} at (1,2) size 89x19
                text run at (1,2) width 89: "Row 5, Cell 2"
            RenderTableCell {TD} at (183,0) size 91x22 [border: (1px solid #808080) none none none] [r=0 c=2 rs=1 cs=1]
              RenderText {#text} at (1,2) size 89x19
                text run at (1,2) width 89: "Row 5, Cell 3"
      RenderTable {TABLE} at (0,4722) size 275x124
        RenderBlock {CAPTION} at (0,0) size 275x19
          RenderInline {A} at (0,0) size 216x19
            RenderText {#text} at (27,0) size 216x19
              text run at (27,0) width 216: "Frame=\x{201C}void\x{201D} and Rules=\x{201C}cols\x{201D}"
          RenderInline (generated) at (0,0) size 5x19
            RenderText at (243,0) size 5x19
              text run at (243,0) width 5: ":"
        RenderTableSection {THEAD} at (0,19) size 275x21
          RenderTableRow {TR} at (0,0) size 275x21
            RenderTableCell {TD} at (0,0) size 91x21 [r=0 c=0 rs=1 cs=1]
              RenderText {#text} at (1,1) size 89x19
                text run at (1,1) width 89: "Row 1, Cell 1"
            RenderTableCell {TD} at (91,0) size 92x21 [border: none none none (1px solid #808080)] [r=0 c=1 rs=1 cs=1]
              RenderText {#text} at (2,1) size 89x19
                text run at (2,1) width 89: "Row 1, Cell 2"
            RenderTableCell {TD} at (183,0) size 92x21 [border: none none none (1px solid #808080)] [r=0 c=2 rs=1 cs=1]
              RenderText {#text} at (2,1) size 89x19
                text run at (2,1) width 89: "Row 1, Cell 3"
        RenderTableSection {TBODY} at (0,40) size 275x63
          RenderTableRow {TR} at (0,0) size 275x21
            RenderTableCell {TD} at (0,10) size 91x21 [r=0 c=0 rs=2 cs=1]
              RenderText {#text} at (1,1) size 89x19
                text run at (1,1) width 89: "Row 2, Cell 1"
            RenderTableCell {TD} at (91,0) size 184x21 [border: none none none (1px solid #808080)] [r=0 c=1 rs=1 cs=2]
              RenderText {#text} at (2,1) size 89x19
                text run at (2,1) width 89: "Row 2, Cell 2"
          RenderTableRow {TR} at (0,21) size 275x21
            RenderTableCell {TD} at (91,21) size 92x21 [border: none none none (1px solid #808080)] [r=1 c=1 rs=1 cs=1]
              RenderText {#text} at (2,1) size 89x19
                text run at (2,1) width 89: "Row 3, Cell 2"
            RenderTableCell {TD} at (183,31) size 92x21 [border: none none none (1px solid #808080)] [r=1 c=2 rs=2 cs=1]
              RenderText {#text} at (2,1) size 89x19
                text run at (2,1) width 89: "Row 3, Cell 3"
          RenderTableRow {TR} at (0,42) size 275x21
            RenderTableCell {TD} at (0,42) size 183x21 [r=2 c=0 rs=1 cs=2]
              RenderText {#text} at (1,1) size 89x19
                text run at (1,1) width 89: "Row 4, Cell 1"
        RenderTableSection {TFOOT} at (0,103) size 275x21
          RenderTableRow {TR} at (0,0) size 275x21
            RenderTableCell {TD} at (0,0) size 91x21 [r=0 c=0 rs=1 cs=1]
              RenderText {#text} at (1,1) size 89x19
                text run at (1,1) width 89: "Row 5, Cell 1"
            RenderTableCell {TD} at (91,0) size 92x21 [border: none none none (1px solid #808080)] [r=0 c=1 rs=1 cs=1]
              RenderText {#text} at (2,1) size 89x19
                text run at (2,1) width 89: "Row 5, Cell 2"
            RenderTableCell {TD} at (183,0) size 92x21 [border: none none none (1px solid #808080)] [r=0 c=2 rs=1 cs=1]
              RenderText {#text} at (2,1) size 89x19
                text run at (2,1) width 89: "Row 5, Cell 3"
      RenderTable {TABLE} at (0,4894) size 275x125
        RenderBlock {CAPTION} at (0,0) size 275x19
          RenderInline {A} at (0,0) size 228x19
            RenderText {#text} at (21,0) size 228x19
              text run at (21,0) width 228: "Frame=\x{201C}above\x{201D} and Rules=\x{201C}cols\x{201D}"
          RenderInline (generated) at (0,0) size 6x19
            RenderText at (248,0) size 6x19
              text run at (248,0) width 6: ":"
        RenderTableSection {THEAD} at (0,19) size 275x22
          RenderTableRow {TR} at (0,0) size 275x22
            RenderTableCell {TD} at (0,0) size 91x22 [border: (1px none #808080) none none none] [r=0 c=0 rs=1 cs=1]
              RenderText {#text} at (1,2) size 89x19
                text run at (1,2) width 89: "Row 1, Cell 1"
            RenderTableCell {TD} at (91,0) size 92x22 [border: (1px none #808080) none none (1px solid #808080)] [r=0 c=1 rs=1 cs=1]
              RenderText {#text} at (2,2) size 89x19
                text run at (2,2) width 89: "Row 1, Cell 2"
            RenderTableCell {TD} at (183,0) size 92x22 [border: (1px none #808080) none none (1px solid #808080)] [r=0 c=2 rs=1 cs=1]
              RenderText {#text} at (2,2) size 89x19
                text run at (2,2) width 89: "Row 1, Cell 3"
        RenderTableSection {TBODY} at (0,41) size 275x63
          RenderTableRow {TR} at (0,0) size 275x21
            RenderTableCell {TD} at (0,10) size 91x21 [r=0 c=0 rs=2 cs=1]
              RenderText {#text} at (1,1) size 89x19
                text run at (1,1) width 89: "Row 2, Cell 1"
            RenderTableCell {TD} at (91,0) size 184x21 [border: none none none (1px solid #808080)] [r=0 c=1 rs=1 cs=2]
              RenderText {#text} at (2,1) size 89x19
                text run at (2,1) width 89: "Row 2, Cell 2"
          RenderTableRow {TR} at (0,21) size 275x21
            RenderTableCell {TD} at (91,21) size 92x21 [border: none none none (1px solid #808080)] [r=1 c=1 rs=1 cs=1]
              RenderText {#text} at (2,1) size 89x19
                text run at (2,1) width 89: "Row 3, Cell 2"
            RenderTableCell {TD} at (183,31) size 92x21 [border: none none none (1px solid #808080)] [r=1 c=2 rs=2 cs=1]
              RenderText {#text} at (2,1) size 89x19
                text run at (2,1) width 89: "Row 3, Cell 3"
          RenderTableRow {TR} at (0,42) size 275x21
            RenderTableCell {TD} at (0,42) size 183x21 [r=2 c=0 rs=1 cs=2]
              RenderText {#text} at (1,1) size 89x19
                text run at (1,1) width 89: "Row 4, Cell 1"
        RenderTableSection {TFOOT} at (0,104) size 275x21
          RenderTableRow {TR} at (0,0) size 275x21
            RenderTableCell {TD} at (0,0) size 91x21 [r=0 c=0 rs=1 cs=1]
              RenderText {#text} at (1,1) size 89x19
                text run at (1,1) width 89: "Row 5, Cell 1"
            RenderTableCell {TD} at (91,0) size 92x21 [border: none none none (1px solid #808080)] [r=0 c=1 rs=1 cs=1]
              RenderText {#text} at (2,1) size 89x19
                text run at (2,1) width 89: "Row 5, Cell 2"
            RenderTableCell {TD} at (183,0) size 92x21 [border: none none none (1px solid #808080)] [r=0 c=2 rs=1 cs=1]
              RenderText {#text} at (2,1) size 89x19
                text run at (2,1) width 89: "Row 5, Cell 3"
      RenderTable {TABLE} at (0,5067) size 275x125 [border: none (1px solid #808080) none]
        RenderBlock {CAPTION} at (0,0) size 275x19
          RenderInline {A} at (0,0) size 228x19
            RenderText {#text} at (21,0) size 228x19
              text run at (21,0) width 228: "Frame=\x{201C}below\x{201D} and Rules=\x{201C}cols\x{201D}"
          RenderInline (generated) at (0,0) size 6x19
            RenderText at (248,0) size 6x19
              text run at (248,0) width 6: ":"
        RenderTableSection {THEAD} at (0,19) size 275x21
          RenderTableRow {TR} at (0,0) size 275x21
            RenderTableCell {TD} at (0,0) size 91x21 [r=0 c=0 rs=1 cs=1]
              RenderText {#text} at (1,1) size 89x19
                text run at (1,1) width 89: "Row 1, Cell 1"
            RenderTableCell {TD} at (91,0) size 92x21 [border: none none none (1px solid #808080)] [r=0 c=1 rs=1 cs=1]
              RenderText {#text} at (2,1) size 89x19
                text run at (2,1) width 89: "Row 1, Cell 2"
            RenderTableCell {TD} at (183,0) size 92x21 [border: none none none (1px solid #808080)] [r=0 c=2 rs=1 cs=1]
              RenderText {#text} at (2,1) size 89x19
                text run at (2,1) width 89: "Row 1, Cell 3"
        RenderTableSection {TBODY} at (0,40) size 275x63
          RenderTableRow {TR} at (0,0) size 275x21
            RenderTableCell {TD} at (0,10) size 91x21 [r=0 c=0 rs=2 cs=1]
              RenderText {#text} at (1,1) size 89x19
                text run at (1,1) width 89: "Row 2, Cell 1"
            RenderTableCell {TD} at (91,0) size 184x21 [border: none none none (1px solid #808080)] [r=0 c=1 rs=1 cs=2]
              RenderText {#text} at (2,1) size 89x19
                text run at (2,1) width 89: "Row 2, Cell 2"
          RenderTableRow {TR} at (0,21) size 275x21
            RenderTableCell {TD} at (91,21) size 92x21 [border: none none none (1px solid #808080)] [r=1 c=1 rs=1 cs=1]
              RenderText {#text} at (2,1) size 89x19
                text run at (2,1) width 89: "Row 3, Cell 2"
            RenderTableCell {TD} at (183,31) size 92x21 [border: none none none (1px solid #808080)] [r=1 c=2 rs=2 cs=1]
              RenderText {#text} at (2,1) size 89x19
                text run at (2,1) width 89: "Row 3, Cell 3"
          RenderTableRow {TR} at (0,42) size 275x21
            RenderTableCell {TD} at (0,42) size 183x21 [r=2 c=0 rs=1 cs=2]
              RenderText {#text} at (1,1) size 89x19
                text run at (1,1) width 89: "Row 4, Cell 1"
        RenderTableSection {TFOOT} at (0,103) size 275x21
          RenderTableRow {TR} at (0,0) size 275x21
            RenderTableCell {TD} at (0,0) size 91x21 [r=0 c=0 rs=1 cs=1]
              RenderText {#text} at (1,1) size 89x19
                text run at (1,1) width 89: "Row 5, Cell 1"
            RenderTableCell {TD} at (91,0) size 92x21 [border: none none none (1px solid #808080)] [r=0 c=1 rs=1 cs=1]
              RenderText {#text} at (2,1) size 89x19
                text run at (2,1) width 89: "Row 5, Cell 2"
            RenderTableCell {TD} at (183,0) size 92x21 [border: none none none (1px solid #808080)] [r=0 c=2 rs=1 cs=1]
              RenderText {#text} at (2,1) size 89x19
                text run at (2,1) width 89: "Row 5, Cell 3"
      RenderTable {TABLE} at (0,5240) size 275x126 [border: none none (1px solid #808080) none]
        RenderBlock {CAPTION} at (0,0) size 275x19
          RenderInline {A} at (0,0) size 230x19
            RenderText {#text} at (20,0) size 230x19
              text run at (20,0) width 230: "Frame=\x{201C}hsides\x{201D} and Rules=\x{201C}cols\x{201D}"
          RenderInline (generated) at (0,0) size 6x19
            RenderText at (249,0) size 6x19
              text run at (249,0) width 6: ":"
        RenderTableSection {THEAD} at (0,19) size 275x22
          RenderTableRow {TR} at (0,0) size 275x22
            RenderTableCell {TD} at (0,0) size 91x22 [border: (1px none #808080) none none none] [r=0 c=0 rs=1 cs=1]
              RenderText {#text} at (1,2) size 89x19
                text run at (1,2) width 89: "Row 1, Cell 1"
            RenderTableCell {TD} at (91,0) size 92x22 [border: (1px none #808080) none none (1px solid #808080)] [r=0 c=1 rs=1 cs=1]
              RenderText {#text} at (2,2) size 89x19
                text run at (2,2) width 89: "Row 1, Cell 2"
            RenderTableCell {TD} at (183,0) size 92x22 [border: (1px none #808080) none none (1px solid #808080)] [r=0 c=2 rs=1 cs=1]
              RenderText {#text} at (2,2) size 89x19
                text run at (2,2) width 89: "Row 1, Cell 3"
        RenderTableSection {TBODY} at (0,41) size 275x63
          RenderTableRow {TR} at (0,0) size 275x21
            RenderTableCell {TD} at (0,10) size 91x21 [r=0 c=0 rs=2 cs=1]
              RenderText {#text} at (1,1) size 89x19
                text run at (1,1) width 89: "Row 2, Cell 1"
            RenderTableCell {TD} at (91,0) size 184x21 [border: none none none (1px solid #808080)] [r=0 c=1 rs=1 cs=2]
              RenderText {#text} at (2,1) size 89x19
                text run at (2,1) width 89: "Row 2, Cell 2"
          RenderTableRow {TR} at (0,21) size 275x21
            RenderTableCell {TD} at (91,21) size 92x21 [border: none none none (1px solid #808080)] [r=1 c=1 rs=1 cs=1]
              RenderText {#text} at (2,1) size 89x19
                text run at (2,1) width 89: "Row 3, Cell 2"
            RenderTableCell {TD} at (183,31) size 92x21 [border: none none none (1px solid #808080)] [r=1 c=2 rs=2 cs=1]
              RenderText {#text} at (2,1) size 89x19
                text run at (2,1) width 89: "Row 3, Cell 3"
          RenderTableRow {TR} at (0,42) size 275x21
            RenderTableCell {TD} at (0,42) size 183x21 [r=2 c=0 rs=1 cs=2]
              RenderText {#text} at (1,1) size 89x19
                text run at (1,1) width 89: "Row 4, Cell 1"
        RenderTableSection {TFOOT} at (0,104) size 275x21
          RenderTableRow {TR} at (0,0) size 275x21
            RenderTableCell {TD} at (0,0) size 91x21 [r=0 c=0 rs=1 cs=1]
              RenderText {#text} at (1,1) size 89x19
                text run at (1,1) width 89: "Row 5, Cell 1"
            RenderTableCell {TD} at (91,0) size 92x21 [border: none none none (1px solid #808080)] [r=0 c=1 rs=1 cs=1]
              RenderText {#text} at (2,1) size 89x19
                text run at (2,1) width 89: "Row 5, Cell 2"
            RenderTableCell {TD} at (183,0) size 92x21 [border: none none none (1px solid #808080)] [r=0 c=2 rs=1 cs=1]
              RenderText {#text} at (2,1) size 89x19
                text run at (2,1) width 89: "Row 5, Cell 3"
      RenderTable {TABLE} at (0,5414) size 277x124 [border: none (1px solid #808080) none none]
        RenderBlock {CAPTION} at (0,0) size 276x19
          RenderInline {A} at (0,0) size 227x19
            RenderText {#text} at (22,0) size 227x19
              text run at (22,0) width 227: "Frame=\x{201C}vsides\x{201D} and Rules=\x{201C}cols\x{201D}"
          RenderInline (generated) at (0,0) size 5x19
            RenderText at (249,0) size 5x19
              text run at (249,0) width 5: ":"
        RenderTableSection {THEAD} at (0,19) size 276x21
          RenderTableRow {TR} at (0,0) size 276x21
            RenderTableCell {TD} at (0,0) size 92x21 [border: none none none (1px solid #808080)] [r=0 c=0 rs=1 cs=1]
              RenderText {#text} at (2,1) size 89x19
                text run at (2,1) width 89: "Row 1, Cell 1"
            RenderTableCell {TD} at (92,0) size 92x21 [border: none none none (1px solid #808080)] [r=0 c=1 rs=1 cs=1]
              RenderText {#text} at (2,1) size 89x19
                text run at (2,1) width 89: "Row 1, Cell 2"
            RenderTableCell {TD} at (184,0) size 92x21 [border: none none none (1px solid #808080)] [r=0 c=2 rs=1 cs=1]
              RenderText {#text} at (2,1) size 89x19
                text run at (2,1) width 89: "Row 1, Cell 3"
        RenderTableSection {TBODY} at (0,40) size 276x63
          RenderTableRow {TR} at (0,0) size 276x21
            RenderTableCell {TD} at (0,10) size 92x21 [border: none none none (1px solid #808080)] [r=0 c=0 rs=2 cs=1]
              RenderText {#text} at (2,1) size 89x19
                text run at (2,1) width 89: "Row 2, Cell 1"
            RenderTableCell {TD} at (92,0) size 184x21 [border: none none none (1px solid #808080)] [r=0 c=1 rs=1 cs=2]
              RenderText {#text} at (2,1) size 89x19
                text run at (2,1) width 89: "Row 2, Cell 2"
          RenderTableRow {TR} at (0,21) size 276x21
            RenderTableCell {TD} at (92,21) size 92x21 [border: none none none (1px solid #808080)] [r=1 c=1 rs=1 cs=1]
              RenderText {#text} at (2,1) size 89x19
                text run at (2,1) width 89: "Row 3, Cell 2"
            RenderTableCell {TD} at (184,31) size 92x21 [border: none none none (1px solid #808080)] [r=1 c=2 rs=2 cs=1]
              RenderText {#text} at (2,1) size 89x19
                text run at (2,1) width 89: "Row 3, Cell 3"
          RenderTableRow {TR} at (0,42) size 276x21
            RenderTableCell {TD} at (0,42) size 184x21 [border: none none none (1px solid #808080)] [r=2 c=0 rs=1 cs=2]
              RenderText {#text} at (2,1) size 89x19
                text run at (2,1) width 89: "Row 4, Cell 1"
        RenderTableSection {TFOOT} at (0,103) size 276x21
          RenderTableRow {TR} at (0,0) size 276x21
            RenderTableCell {TD} at (0,0) size 92x21 [border: none none none (1px solid #808080)] [r=0 c=0 rs=1 cs=1]
              RenderText {#text} at (2,1) size 89x19
                text run at (2,1) width 89: "Row 5, Cell 1"
            RenderTableCell {TD} at (92,0) size 92x21 [border: none none none (1px solid #808080)] [r=0 c=1 rs=1 cs=1]
              RenderText {#text} at (2,1) size 89x19
                text run at (2,1) width 89: "Row 5, Cell 2"
            RenderTableCell {TD} at (184,0) size 92x21 [border: none none none (1px solid #808080)] [r=0 c=2 rs=1 cs=1]
              RenderText {#text} at (2,1) size 89x19
                text run at (2,1) width 89: "Row 5, Cell 3"
      RenderTable {TABLE} at (0,5586) size 276x124
        RenderBlock {CAPTION} at (0,0) size 276x19
          RenderInline {A} at (0,0) size 209x19
            RenderText {#text} at (31,0) size 209x19
              text run at (31,0) width 209: "Frame=\x{201C}lhs\x{201D} and Rules=\x{201C}cols\x{201D}"
          RenderInline (generated) at (0,0) size 6x19
            RenderText at (239,0) size 6x19
              text run at (239,0) width 6: ":"
        RenderTableSection {THEAD} at (0,19) size 276x21
          RenderTableRow {TR} at (0,0) size 276x21
            RenderTableCell {TD} at (0,0) size 92x21 [border: none none none (1px solid #808080)] [r=0 c=0 rs=1 cs=1]
              RenderText {#text} at (2,1) size 89x19
                text run at (2,1) width 89: "Row 1, Cell 1"
            RenderTableCell {TD} at (92,0) size 92x21 [border: none none none (1px solid #808080)] [r=0 c=1 rs=1 cs=1]
              RenderText {#text} at (2,1) size 89x19
                text run at (2,1) width 89: "Row 1, Cell 2"
            RenderTableCell {TD} at (184,0) size 92x21 [border: none none none (1px solid #808080)] [r=0 c=2 rs=1 cs=1]
              RenderText {#text} at (2,1) size 89x19
                text run at (2,1) width 89: "Row 1, Cell 3"
        RenderTableSection {TBODY} at (0,40) size 276x63
          RenderTableRow {TR} at (0,0) size 276x21
            RenderTableCell {TD} at (0,10) size 92x21 [border: none none none (1px solid #808080)] [r=0 c=0 rs=2 cs=1]
              RenderText {#text} at (2,1) size 89x19
                text run at (2,1) width 89: "Row 2, Cell 1"
            RenderTableCell {TD} at (92,0) size 184x21 [border: none none none (1px solid #808080)] [r=0 c=1 rs=1 cs=2]
              RenderText {#text} at (2,1) size 89x19
                text run at (2,1) width 89: "Row 2, Cell 2"
          RenderTableRow {TR} at (0,21) size 276x21
            RenderTableCell {TD} at (92,21) size 92x21 [border: none none none (1px solid #808080)] [r=1 c=1 rs=1 cs=1]
              RenderText {#text} at (2,1) size 89x19
                text run at (2,1) width 89: "Row 3, Cell 2"
            RenderTableCell {TD} at (184,31) size 92x21 [border: none none none (1px solid #808080)] [r=1 c=2 rs=2 cs=1]
              RenderText {#text} at (2,1) size 89x19
                text run at (2,1) width 89: "Row 3, Cell 3"
          RenderTableRow {TR} at (0,42) size 276x21
            RenderTableCell {TD} at (0,42) size 184x21 [border: none none none (1px solid #808080)] [r=2 c=0 rs=1 cs=2]
              RenderText {#text} at (2,1) size 89x19
                text run at (2,1) width 89: "Row 4, Cell 1"
        RenderTableSection {TFOOT} at (0,103) size 276x21
          RenderTableRow {TR} at (0,0) size 276x21
            RenderTableCell {TD} at (0,0) size 92x21 [border: none none none (1px solid #808080)] [r=0 c=0 rs=1 cs=1]
              RenderText {#text} at (2,1) size 89x19
                text run at (2,1) width 89: "Row 5, Cell 1"
            RenderTableCell {TD} at (92,0) size 92x21 [border: none none none (1px solid #808080)] [r=0 c=1 rs=1 cs=1]
              RenderText {#text} at (2,1) size 89x19
                text run at (2,1) width 89: "Row 5, Cell 2"
            RenderTableCell {TD} at (184,0) size 92x21 [border: none none none (1px solid #808080)] [r=0 c=2 rs=1 cs=1]
              RenderText {#text} at (2,1) size 89x19
                text run at (2,1) width 89: "Row 5, Cell 3"
      RenderTable {TABLE} at (0,5758) size 276x124 [border: none (1px solid #808080) none]
        RenderBlock {CAPTION} at (0,0) size 275x19
          RenderInline {A} at (0,0) size 210x19
            RenderText {#text} at (30,0) size 210x19
              text run at (30,0) width 210: "Frame=\x{201C}rhs\x{201D} and Rules=\x{201C}cols\x{201D}"
          RenderInline (generated) at (0,0) size 5x19
            RenderText at (240,0) size 5x19
              text run at (240,0) width 5: ":"
        RenderTableSection {THEAD} at (0,19) size 275x21
          RenderTableRow {TR} at (0,0) size 275x21
            RenderTableCell {TD} at (0,0) size 91x21 [r=0 c=0 rs=1 cs=1]
              RenderText {#text} at (1,1) size 89x19
                text run at (1,1) width 89: "Row 1, Cell 1"
            RenderTableCell {TD} at (91,0) size 92x21 [border: none none none (1px solid #808080)] [r=0 c=1 rs=1 cs=1]
              RenderText {#text} at (2,1) size 89x19
                text run at (2,1) width 89: "Row 1, Cell 2"
            RenderTableCell {TD} at (183,0) size 92x21 [border: none none none (1px solid #808080)] [r=0 c=2 rs=1 cs=1]
              RenderText {#text} at (2,1) size 89x19
                text run at (2,1) width 89: "Row 1, Cell 3"
        RenderTableSection {TBODY} at (0,40) size 275x63
          RenderTableRow {TR} at (0,0) size 275x21
            RenderTableCell {TD} at (0,10) size 91x21 [r=0 c=0 rs=2 cs=1]
              RenderText {#text} at (1,1) size 89x19
                text run at (1,1) width 89: "Row 2, Cell 1"
            RenderTableCell {TD} at (91,0) size 184x21 [border: none none none (1px solid #808080)] [r=0 c=1 rs=1 cs=2]
              RenderText {#text} at (2,1) size 89x19
                text run at (2,1) width 89: "Row 2, Cell 2"
          RenderTableRow {TR} at (0,21) size 275x21
            RenderTableCell {TD} at (91,21) size 92x21 [border: none none none (1px solid #808080)] [r=1 c=1 rs=1 cs=1]
              RenderText {#text} at (2,1) size 89x19
                text run at (2,1) width 89: "Row 3, Cell 2"
            RenderTableCell {TD} at (183,31) size 92x21 [border: none none none (1px solid #808080)] [r=1 c=2 rs=2 cs=1]
              RenderText {#text} at (2,1) size 89x19
                text run at (2,1) width 89: "Row 3, Cell 3"
          RenderTableRow {TR} at (0,42) size 275x21
            RenderTableCell {TD} at (0,42) size 183x21 [r=2 c=0 rs=1 cs=2]
              RenderText {#text} at (1,1) size 89x19
                text run at (1,1) width 89: "Row 4, Cell 1"
        RenderTableSection {TFOOT} at (0,103) size 275x21
          RenderTableRow {TR} at (0,0) size 275x21
            RenderTableCell {TD} at (0,0) size 91x21 [r=0 c=0 rs=1 cs=1]
              RenderText {#text} at (1,1) size 89x19
                text run at (1,1) width 89: "Row 5, Cell 1"
            RenderTableCell {TD} at (91,0) size 92x21 [border: none none none (1px solid #808080)] [r=0 c=1 rs=1 cs=1]
              RenderText {#text} at (2,1) size 89x19
                text run at (2,1) width 89: "Row 5, Cell 2"
            RenderTableCell {TD} at (183,0) size 92x21 [border: none none none (1px solid #808080)] [r=0 c=2 rs=1 cs=1]
              RenderText {#text} at (2,1) size 89x19
                text run at (2,1) width 89: "Row 5, Cell 3"
      RenderTable {TABLE} at (0,5930) size 277x126 [border: none]
        RenderBlock {CAPTION} at (0,0) size 276x19
          RenderInline {A} at (0,0) size 213x19
            RenderText {#text} at (29,0) size 213x19
              text run at (29,0) width 213: "Frame=\x{201C}box\x{201D} and Rules=\x{201C}cols\x{201D}"
          RenderInline (generated) at (0,0) size 5x19
            RenderText at (242,0) size 5x19
              text run at (242,0) width 5: ":"
        RenderTableSection {THEAD} at (0,19) size 276x22
          RenderTableRow {TR} at (0,0) size 276x22
            RenderTableCell {TD} at (0,0) size 92x22 [border: (1px none #808080) none none (1px solid #808080)] [r=0 c=0 rs=1 cs=1]
              RenderText {#text} at (2,2) size 89x19
                text run at (2,2) width 89: "Row 1, Cell 1"
            RenderTableCell {TD} at (92,0) size 92x22 [border: (1px none #808080) none none (1px solid #808080)] [r=0 c=1 rs=1 cs=1]
              RenderText {#text} at (2,2) size 89x19
                text run at (2,2) width 89: "Row 1, Cell 2"
            RenderTableCell {TD} at (184,0) size 92x22 [border: (1px none #808080) none none (1px solid #808080)] [r=0 c=2 rs=1 cs=1]
              RenderText {#text} at (2,2) size 89x19
                text run at (2,2) width 89: "Row 1, Cell 3"
        RenderTableSection {TBODY} at (0,41) size 276x63
          RenderTableRow {TR} at (0,0) size 276x21
            RenderTableCell {TD} at (0,10) size 92x21 [border: none none none (1px solid #808080)] [r=0 c=0 rs=2 cs=1]
              RenderText {#text} at (2,1) size 89x19
                text run at (2,1) width 89: "Row 2, Cell 1"
            RenderTableCell {TD} at (92,0) size 184x21 [border: none none none (1px solid #808080)] [r=0 c=1 rs=1 cs=2]
              RenderText {#text} at (2,1) size 89x19
                text run at (2,1) width 89: "Row 2, Cell 2"
          RenderTableRow {TR} at (0,21) size 276x21
            RenderTableCell {TD} at (92,21) size 92x21 [border: none none none (1px solid #808080)] [r=1 c=1 rs=1 cs=1]
              RenderText {#text} at (2,1) size 89x19
                text run at (2,1) width 89: "Row 3, Cell 2"
            RenderTableCell {TD} at (184,31) size 92x21 [border: none none none (1px solid #808080)] [r=1 c=2 rs=2 cs=1]
              RenderText {#text} at (2,1) size 89x19
                text run at (2,1) width 89: "Row 3, Cell 3"
          RenderTableRow {TR} at (0,42) size 276x21
            RenderTableCell {TD} at (0,42) size 184x21 [border: none none none (1px solid #808080)] [r=2 c=0 rs=1 cs=2]
              RenderText {#text} at (2,1) size 89x19
                text run at (2,1) width 89: "Row 4, Cell 1"
        RenderTableSection {TFOOT} at (0,104) size 276x21
          RenderTableRow {TR} at (0,0) size 276x21
            RenderTableCell {TD} at (0,0) size 92x21 [border: none none none (1px solid #808080)] [r=0 c=0 rs=1 cs=1]
              RenderText {#text} at (2,1) size 89x19
                text run at (2,1) width 89: "Row 5, Cell 1"
            RenderTableCell {TD} at (92,0) size 92x21 [border: none none none (1px solid #808080)] [r=0 c=1 rs=1 cs=1]
              RenderText {#text} at (2,1) size 89x19
                text run at (2,1) width 89: "Row 5, Cell 2"
            RenderTableCell {TD} at (184,0) size 92x21 [border: none none none (1px solid #808080)] [r=0 c=2 rs=1 cs=1]
              RenderText {#text} at (2,1) size 89x19
                text run at (2,1) width 89: "Row 5, Cell 3"
      RenderTable {TABLE} at (0,6104) size 277x126 [border: none]
        RenderBlock {CAPTION} at (0,0) size 276x19
          RenderInline {A} at (0,0) size 233x19
            RenderText {#text} at (19,0) size 233x19
              text run at (19,0) width 233: "Frame=\x{201C}border\x{201D} and Rules=\x{201C}cols\x{201D}"
          RenderInline (generated) at (0,0) size 6x19
            RenderText at (251,0) size 6x19
              text run at (251,0) width 6: ":"
        RenderTableSection {THEAD} at (0,19) size 276x22
          RenderTableRow {TR} at (0,0) size 276x22
            RenderTableCell {TD} at (0,0) size 92x22 [border: (1px none #808080) none none (1px solid #808080)] [r=0 c=0 rs=1 cs=1]
              RenderText {#text} at (2,2) size 89x19
                text run at (2,2) width 89: "Row 1, Cell 1"
            RenderTableCell {TD} at (92,0) size 92x22 [border: (1px none #808080) none none (1px solid #808080)] [r=0 c=1 rs=1 cs=1]
              RenderText {#text} at (2,2) size 89x19
                text run at (2,2) width 89: "Row 1, Cell 2"
            RenderTableCell {TD} at (184,0) size 92x22 [border: (1px none #808080) none none (1px solid #808080)] [r=0 c=2 rs=1 cs=1]
              RenderText {#text} at (2,2) size 89x19
                text run at (2,2) width 89: "Row 1, Cell 3"
        RenderTableSection {TBODY} at (0,41) size 276x63
          RenderTableRow {TR} at (0,0) size 276x21
            RenderTableCell {TD} at (0,10) size 92x21 [border: none none none (1px solid #808080)] [r=0 c=0 rs=2 cs=1]
              RenderText {#text} at (2,1) size 89x19
                text run at (2,1) width 89: "Row 2, Cell 1"
            RenderTableCell {TD} at (92,0) size 184x21 [border: none none none (1px solid #808080)] [r=0 c=1 rs=1 cs=2]
              RenderText {#text} at (2,1) size 89x19
                text run at (2,1) width 89: "Row 2, Cell 2"
          RenderTableRow {TR} at (0,21) size 276x21
            RenderTableCell {TD} at (92,21) size 92x21 [border: none none none (1px solid #808080)] [r=1 c=1 rs=1 cs=1]
              RenderText {#text} at (2,1) size 89x19
                text run at (2,1) width 89: "Row 3, Cell 2"
            RenderTableCell {TD} at (184,31) size 92x21 [border: none none none (1px solid #808080)] [r=1 c=2 rs=2 cs=1]
              RenderText {#text} at (2,1) size 89x19
                text run at (2,1) width 89: "Row 3, Cell 3"
          RenderTableRow {TR} at (0,42) size 276x21
            RenderTableCell {TD} at (0,42) size 184x21 [border: none none none (1px solid #808080)] [r=2 c=0 rs=1 cs=2]
              RenderText {#text} at (2,1) size 89x19
                text run at (2,1) width 89: "Row 4, Cell 1"
        RenderTableSection {TFOOT} at (0,104) size 276x21
          RenderTableRow {TR} at (0,0) size 276x21
            RenderTableCell {TD} at (0,0) size 92x21 [border: none none none (1px solid #808080)] [r=0 c=0 rs=1 cs=1]
              RenderText {#text} at (2,1) size 89x19
                text run at (2,1) width 89: "Row 5, Cell 1"
            RenderTableCell {TD} at (92,0) size 92x21 [border: none none none (1px solid #808080)] [r=0 c=1 rs=1 cs=1]
              RenderText {#text} at (2,1) size 89x19
                text run at (2,1) width 89: "Row 5, Cell 2"
            RenderTableCell {TD} at (184,0) size 92x21 [border: none none none (1px solid #808080)] [r=0 c=2 rs=1 cs=1]
              RenderText {#text} at (2,1) size 89x19
                text run at (2,1) width 89: "Row 5, Cell 3"
      RenderTable {TABLE} at (0,6278) size 275x128
        RenderBlock {CAPTION} at (0,0) size 275x19
          RenderInline {A} at (0,0) size 208x19
            RenderText {#text} at (31,0) size 208x19
              text run at (31,0) width 208: "Frame=\x{201C}void\x{201D} and Rules=\x{201C}all\x{201D}"
          RenderInline (generated) at (0,0) size 6x19
            RenderText at (238,0) size 6x19
              text run at (238,0) width 6: ":"
        RenderTableSection {THEAD} at (0,19) size 275x21
          RenderTableRow {TR} at (0,0) size 275x21
            RenderTableCell {TD} at (0,0) size 91x21 [r=0 c=0 rs=1 cs=1]
              RenderText {#text} at (1,1) size 89x19
                text run at (1,1) width 89: "Row 1, Cell 1"
            RenderTableCell {TD} at (91,0) size 92x21 [border: none] [r=0 c=1 rs=1 cs=1]
              RenderText {#text} at (2,1) size 89x19
                text run at (2,1) width 89: "Row 1, Cell 2"
            RenderTableCell {TD} at (183,0) size 92x21 [border: none] [r=0 c=2 rs=1 cs=1]
              RenderText {#text} at (2,1) size 89x19
                text run at (2,1) width 89: "Row 1, Cell 3"
        RenderTableSection {TBODY} at (0,40) size 275x66
          RenderTableRow {TR} at (0,0) size 275x22
            RenderTableCell {TD} at (0,11) size 91x22 [border: (1px solid #808080)] [r=0 c=0 rs=2 cs=1]
              RenderText {#text} at (1,2) size 89x19
                text run at (1,2) width 89: "Row 2, Cell 1"
            RenderTableCell {TD} at (91,0) size 184x22 [border: (1px solid #808080)] [r=0 c=1 rs=1 cs=2]
              RenderText {#text} at (2,2) size 89x19
                text run at (2,2) width 89: "Row 2, Cell 2"
          RenderTableRow {TR} at (0,22) size 275x22
            RenderTableCell {TD} at (91,22) size 92x22 [border: (1px solid #808080)] [r=1 c=1 rs=1 cs=1]
              RenderText {#text} at (2,2) size 89x19
                text run at (2,2) width 89: "Row 3, Cell 2"
            RenderTableCell {TD} at (183,33) size 92x22 [border: (1px solid #808080)] [r=1 c=2 rs=2 cs=1]
              RenderText {#text} at (2,2) size 89x19
                text run at (2,2) width 89: "Row 3, Cell 3"
          RenderTableRow {TR} at (0,44) size 275x22
            RenderTableCell {TD} at (0,44) size 183x22 [border: (1px solid #808080)] [r=2 c=0 rs=1 cs=2]
              RenderText {#text} at (1,2) size 89x19
                text run at (1,2) width 89: "Row 4, Cell 1"
        RenderTableSection {TFOOT} at (0,106) size 275x22
          RenderTableRow {TR} at (0,0) size 275x22
            RenderTableCell {TD} at (0,0) size 91x22 [border: (1px solid #808080)] [r=0 c=0 rs=1 cs=1]
              RenderText {#text} at (1,2) size 89x19
                text run at (1,2) width 89: "Row 5, Cell 1"
            RenderTableCell {TD} at (91,0) size 92x22 [border: (1px solid #808080)] [r=0 c=1 rs=1 cs=1]
              RenderText {#text} at (2,2) size 89x19
                text run at (2,2) width 89: "Row 5, Cell 2"
            RenderTableCell {TD} at (183,0) size 92x22 [border: (1px solid #808080)] [r=0 c=2 rs=1 cs=1]
              RenderText {#text} at (2,2) size 89x19
                text run at (2,2) width 89: "Row 5, Cell 3"
      RenderTable {TABLE} at (0,6454) size 275x129
        RenderBlock {CAPTION} at (0,0) size 275x19
          RenderInline {A} at (0,0) size 218x19
            RenderText {#text} at (26,0) size 218x19
              text run at (26,0) width 218: "Frame=\x{201C}above\x{201D} and Rules=\x{201C}all\x{201D}"
          RenderInline (generated) at (0,0) size 5x19
            RenderText at (244,0) size 5x19
              text run at (244,0) width 5: ":"
        RenderTableSection {THEAD} at (0,19) size 275x22
          RenderTableRow {TR} at (0,0) size 275x22
            RenderTableCell {TD} at (0,0) size 91x22 [border: (1px solid #808080)] [r=0 c=0 rs=1 cs=1]
              RenderText {#text} at (1,2) size 89x19
                text run at (1,2) width 89: "Row 1, Cell 1"
            RenderTableCell {TD} at (91,0) size 92x22 [border: (1px solid #808080)] [r=0 c=1 rs=1 cs=1]
              RenderText {#text} at (2,2) size 89x19
                text run at (2,2) width 89: "Row 1, Cell 2"
            RenderTableCell {TD} at (183,0) size 92x22 [border: (1px solid #808080)] [r=0 c=2 rs=1 cs=1]
              RenderText {#text} at (2,2) size 89x19
                text run at (2,2) width 89: "Row 1, Cell 3"
        RenderTableSection {TBODY} at (0,41) size 275x66
          RenderTableRow {TR} at (0,0) size 275x22
            RenderTableCell {TD} at (0,11) size 91x22 [border: (1px solid #808080)] [r=0 c=0 rs=2 cs=1]
              RenderText {#text} at (1,2) size 89x19
                text run at (1,2) width 89: "Row 2, Cell 1"
            RenderTableCell {TD} at (91,0) size 184x22 [border: (1px solid #808080)] [r=0 c=1 rs=1 cs=2]
              RenderText {#text} at (2,2) size 89x19
                text run at (2,2) width 89: "Row 2, Cell 2"
          RenderTableRow {TR} at (0,22) size 275x22
            RenderTableCell {TD} at (91,22) size 92x22 [border: (1px solid #808080)] [r=1 c=1 rs=1 cs=1]
              RenderText {#text} at (2,2) size 89x19
                text run at (2,2) width 89: "Row 3, Cell 2"
            RenderTableCell {TD} at (183,33) size 92x22 [border: (1px solid #808080)] [r=1 c=2 rs=2 cs=1]
              RenderText {#text} at (2,2) size 89x19
                text run at (2,2) width 89: "Row 3, Cell 3"
          RenderTableRow {TR} at (0,44) size 275x22
            RenderTableCell {TD} at (0,44) size 183x22 [border: (1px solid #808080)] [r=2 c=0 rs=1 cs=2]
              RenderText {#text} at (1,2) size 89x19
                text run at (1,2) width 89: "Row 4, Cell 1"
        RenderTableSection {TFOOT} at (0,107) size 275x22
          RenderTableRow {TR} at (0,0) size 275x22
            RenderTableCell {TD} at (0,0) size 91x22 [border: (1px solid #808080)] [r=0 c=0 rs=1 cs=1]
              RenderText {#text} at (1,2) size 89x19
                text run at (1,2) width 89: "Row 5, Cell 1"
            RenderTableCell {TD} at (91,0) size 92x22 [border: (1px solid #808080)] [r=0 c=1 rs=1 cs=1]
              RenderText {#text} at (2,2) size 89x19
                text run at (2,2) width 89: "Row 5, Cell 2"
            RenderTableCell {TD} at (183,0) size 92x22 [border: (1px solid #808080)] [r=0 c=2 rs=1 cs=1]
              RenderText {#text} at (2,2) size 89x19
                text run at (2,2) width 89: "Row 5, Cell 3"
      RenderTable {TABLE} at (0,6631) size 275x129 [border: none (1px solid #808080) none]
        RenderBlock {CAPTION} at (0,0) size 275x19
          RenderInline {A} at (0,0) size 218x19
            RenderText {#text} at (26,0) size 218x19
              text run at (26,0) width 218: "Frame=\x{201C}below\x{201D} and Rules=\x{201C}all\x{201D}"
          RenderInline (generated) at (0,0) size 5x19
            RenderText at (244,0) size 5x19
              text run at (244,0) width 5: ":"
        RenderTableSection {THEAD} at (0,19) size 275x21
          RenderTableRow {TR} at (0,0) size 275x21
            RenderTableCell {TD} at (0,0) size 91x21 [r=0 c=0 rs=1 cs=1]
              RenderText {#text} at (1,1) size 89x19
                text run at (1,1) width 89: "Row 1, Cell 1"
            RenderTableCell {TD} at (91,0) size 92x21 [border: none] [r=0 c=1 rs=1 cs=1]
              RenderText {#text} at (2,1) size 89x19
                text run at (2,1) width 89: "Row 1, Cell 2"
            RenderTableCell {TD} at (183,0) size 92x21 [border: none] [r=0 c=2 rs=1 cs=1]
              RenderText {#text} at (2,1) size 89x19
                text run at (2,1) width 89: "Row 1, Cell 3"
        RenderTableSection {TBODY} at (0,40) size 275x66
          RenderTableRow {TR} at (0,0) size 275x22
            RenderTableCell {TD} at (0,11) size 91x22 [border: (1px solid #808080)] [r=0 c=0 rs=2 cs=1]
              RenderText {#text} at (1,2) size 89x19
                text run at (1,2) width 89: "Row 2, Cell 1"
            RenderTableCell {TD} at (91,0) size 184x22 [border: (1px solid #808080)] [r=0 c=1 rs=1 cs=2]
              RenderText {#text} at (2,2) size 89x19
                text run at (2,2) width 89: "Row 2, Cell 2"
          RenderTableRow {TR} at (0,22) size 275x22
            RenderTableCell {TD} at (91,22) size 92x22 [border: (1px solid #808080)] [r=1 c=1 rs=1 cs=1]
              RenderText {#text} at (2,2) size 89x19
                text run at (2,2) width 89: "Row 3, Cell 2"
            RenderTableCell {TD} at (183,33) size 92x22 [border: (1px solid #808080)] [r=1 c=2 rs=2 cs=1]
              RenderText {#text} at (2,2) size 89x19
                text run at (2,2) width 89: "Row 3, Cell 3"
          RenderTableRow {TR} at (0,44) size 275x22
            RenderTableCell {TD} at (0,44) size 183x22 [border: (1px solid #808080)] [r=2 c=0 rs=1 cs=2]
              RenderText {#text} at (1,2) size 89x19
                text run at (1,2) width 89: "Row 4, Cell 1"
        RenderTableSection {TFOOT} at (0,106) size 275x22
          RenderTableRow {TR} at (0,0) size 275x22
            RenderTableCell {TD} at (0,0) size 91x22 [border: (1px solid #808080)] [r=0 c=0 rs=1 cs=1]
              RenderText {#text} at (1,2) size 89x19
                text run at (1,2) width 89: "Row 5, Cell 1"
            RenderTableCell {TD} at (91,0) size 92x22 [border: (1px solid #808080)] [r=0 c=1 rs=1 cs=1]
              RenderText {#text} at (2,2) size 89x19
                text run at (2,2) width 89: "Row 5, Cell 2"
            RenderTableCell {TD} at (183,0) size 92x22 [border: (1px solid #808080)] [r=0 c=2 rs=1 cs=1]
              RenderText {#text} at (2,2) size 89x19
                text run at (2,2) width 89: "Row 5, Cell 3"
      RenderTable {TABLE} at (0,6808) size 275x130 [border: none none (1px solid #808080) none]
        RenderBlock {CAPTION} at (0,0) size 275x19
          RenderInline {A} at (0,0) size 220x19
            RenderText {#text} at (25,0) size 220x19
              text run at (25,0) width 220: "Frame=\x{201C}hsides\x{201D} and Rules=\x{201C}all\x{201D}"
          RenderInline (generated) at (0,0) size 5x19
            RenderText at (245,0) size 5x19
              text run at (245,0) width 5: ":"
        RenderTableSection {THEAD} at (0,19) size 275x22
          RenderTableRow {TR} at (0,0) size 275x22
            RenderTableCell {TD} at (0,0) size 91x22 [border: (1px solid #808080)] [r=0 c=0 rs=1 cs=1]
              RenderText {#text} at (1,2) size 89x19
                text run at (1,2) width 89: "Row 1, Cell 1"
            RenderTableCell {TD} at (91,0) size 92x22 [border: (1px solid #808080)] [r=0 c=1 rs=1 cs=1]
              RenderText {#text} at (2,2) size 89x19
                text run at (2,2) width 89: "Row 1, Cell 2"
            RenderTableCell {TD} at (183,0) size 92x22 [border: (1px solid #808080)] [r=0 c=2 rs=1 cs=1]
              RenderText {#text} at (2,2) size 89x19
                text run at (2,2) width 89: "Row 1, Cell 3"
        RenderTableSection {TBODY} at (0,41) size 275x66
          RenderTableRow {TR} at (0,0) size 275x22
            RenderTableCell {TD} at (0,11) size 91x22 [border: (1px solid #808080)] [r=0 c=0 rs=2 cs=1]
              RenderText {#text} at (1,2) size 89x19
                text run at (1,2) width 89: "Row 2, Cell 1"
            RenderTableCell {TD} at (91,0) size 184x22 [border: (1px solid #808080)] [r=0 c=1 rs=1 cs=2]
              RenderText {#text} at (2,2) size 89x19
                text run at (2,2) width 89: "Row 2, Cell 2"
          RenderTableRow {TR} at (0,22) size 275x22
            RenderTableCell {TD} at (91,22) size 92x22 [border: (1px solid #808080)] [r=1 c=1 rs=1 cs=1]
              RenderText {#text} at (2,2) size 89x19
                text run at (2,2) width 89: "Row 3, Cell 2"
            RenderTableCell {TD} at (183,33) size 92x22 [border: (1px solid #808080)] [r=1 c=2 rs=2 cs=1]
              RenderText {#text} at (2,2) size 89x19
                text run at (2,2) width 89: "Row 3, Cell 3"
          RenderTableRow {TR} at (0,44) size 275x22
            RenderTableCell {TD} at (0,44) size 183x22 [border: (1px solid #808080)] [r=2 c=0 rs=1 cs=2]
              RenderText {#text} at (1,2) size 89x19
                text run at (1,2) width 89: "Row 4, Cell 1"
        RenderTableSection {TFOOT} at (0,107) size 275x22
          RenderTableRow {TR} at (0,0) size 275x22
            RenderTableCell {TD} at (0,0) size 91x22 [border: (1px solid #808080)] [r=0 c=0 rs=1 cs=1]
              RenderText {#text} at (1,2) size 89x19
                text run at (1,2) width 89: "Row 5, Cell 1"
            RenderTableCell {TD} at (91,0) size 92x22 [border: (1px solid #808080)] [r=0 c=1 rs=1 cs=1]
              RenderText {#text} at (2,2) size 89x19
                text run at (2,2) width 89: "Row 5, Cell 2"
            RenderTableCell {TD} at (183,0) size 92x22 [border: (1px solid #808080)] [r=0 c=2 rs=1 cs=1]
              RenderText {#text} at (2,2) size 89x19
                text run at (2,2) width 89: "Row 5, Cell 3"
      RenderTable {TABLE} at (0,6986) size 277x128 [border: none (1px solid #808080) none none]
        RenderBlock {CAPTION} at (0,0) size 276x19
          RenderInline {A} at (0,0) size 219x19
            RenderText {#text} at (26,0) size 219x19
              text run at (26,0) width 219: "Frame=\x{201C}vsides\x{201D} and Rules=\x{201C}all\x{201D}"
          RenderInline (generated) at (0,0) size 6x19
            RenderText at (244,0) size 6x19
              text run at (244,0) width 6: ":"
        RenderTableSection {THEAD} at (0,19) size 276x21
          RenderTableRow {TR} at (0,0) size 276x21
            RenderTableCell {TD} at (0,0) size 92x21 [border: none] [r=0 c=0 rs=1 cs=1]
              RenderText {#text} at (2,1) size 89x19
                text run at (2,1) width 89: "Row 1, Cell 1"
            RenderTableCell {TD} at (92,0) size 92x21 [border: none] [r=0 c=1 rs=1 cs=1]
              RenderText {#text} at (2,1) size 89x19
                text run at (2,1) width 89: "Row 1, Cell 2"
            RenderTableCell {TD} at (184,0) size 92x21 [border: none] [r=0 c=2 rs=1 cs=1]
              RenderText {#text} at (2,1) size 89x19
                text run at (2,1) width 89: "Row 1, Cell 3"
        RenderTableSection {TBODY} at (0,40) size 276x66
          RenderTableRow {TR} at (0,0) size 276x22
            RenderTableCell {TD} at (0,11) size 92x22 [border: (1px solid #808080)] [r=0 c=0 rs=2 cs=1]
              RenderText {#text} at (2,2) size 89x19
                text run at (2,2) width 89: "Row 2, Cell 1"
            RenderTableCell {TD} at (92,0) size 184x22 [border: (1px solid #808080)] [r=0 c=1 rs=1 cs=2]
              RenderText {#text} at (2,2) size 89x19
                text run at (2,2) width 89: "Row 2, Cell 2"
          RenderTableRow {TR} at (0,22) size 276x22
            RenderTableCell {TD} at (92,22) size 92x22 [border: (1px solid #808080)] [r=1 c=1 rs=1 cs=1]
              RenderText {#text} at (2,2) size 89x19
                text run at (2,2) width 89: "Row 3, Cell 2"
            RenderTableCell {TD} at (184,33) size 92x22 [border: (1px solid #808080)] [r=1 c=2 rs=2 cs=1]
              RenderText {#text} at (2,2) size 89x19
                text run at (2,2) width 89: "Row 3, Cell 3"
          RenderTableRow {TR} at (0,44) size 276x22
            RenderTableCell {TD} at (0,44) size 184x22 [border: (1px solid #808080)] [r=2 c=0 rs=1 cs=2]
              RenderText {#text} at (2,2) size 89x19
                text run at (2,2) width 89: "Row 4, Cell 1"
        RenderTableSection {TFOOT} at (0,106) size 276x22
          RenderTableRow {TR} at (0,0) size 276x22
            RenderTableCell {TD} at (0,0) size 92x22 [border: (1px solid #808080)] [r=0 c=0 rs=1 cs=1]
              RenderText {#text} at (2,2) size 89x19
                text run at (2,2) width 89: "Row 5, Cell 1"
            RenderTableCell {TD} at (92,0) size 92x22 [border: (1px solid #808080)] [r=0 c=1 rs=1 cs=1]
              RenderText {#text} at (2,2) size 89x19
                text run at (2,2) width 89: "Row 5, Cell 2"
            RenderTableCell {TD} at (184,0) size 92x22 [border: (1px solid #808080)] [r=0 c=2 rs=1 cs=1]
              RenderText {#text} at (2,2) size 89x19
                text run at (2,2) width 89: "Row 5, Cell 3"
      RenderTable {TABLE} at (0,7162) size 276x128
        RenderBlock {CAPTION} at (0,0) size 276x19
          RenderInline {A} at (0,0) size 199x19
            RenderText {#text} at (36,0) size 199x19
              text run at (36,0) width 199: "Frame=\x{201C}lhs\x{201D} and Rules=\x{201C}all\x{201D}"
          RenderInline (generated) at (0,0) size 5x19
            RenderText at (235,0) size 5x19
              text run at (235,0) width 5: ":"
        RenderTableSection {THEAD} at (0,19) size 276x21
          RenderTableRow {TR} at (0,0) size 276x21
            RenderTableCell {TD} at (0,0) size 92x21 [border: none] [r=0 c=0 rs=1 cs=1]
              RenderText {#text} at (2,1) size 89x19
                text run at (2,1) width 89: "Row 1, Cell 1"
            RenderTableCell {TD} at (92,0) size 92x21 [border: none] [r=0 c=1 rs=1 cs=1]
              RenderText {#text} at (2,1) size 89x19
                text run at (2,1) width 89: "Row 1, Cell 2"
            RenderTableCell {TD} at (184,0) size 92x21 [border: none] [r=0 c=2 rs=1 cs=1]
              RenderText {#text} at (2,1) size 89x19
                text run at (2,1) width 89: "Row 1, Cell 3"
        RenderTableSection {TBODY} at (0,40) size 276x66
          RenderTableRow {TR} at (0,0) size 276x22
            RenderTableCell {TD} at (0,11) size 92x22 [border: (1px solid #808080)] [r=0 c=0 rs=2 cs=1]
              RenderText {#text} at (2,2) size 89x19
                text run at (2,2) width 89: "Row 2, Cell 1"
            RenderTableCell {TD} at (92,0) size 184x22 [border: (1px solid #808080)] [r=0 c=1 rs=1 cs=2]
              RenderText {#text} at (2,2) size 89x19
                text run at (2,2) width 89: "Row 2, Cell 2"
          RenderTableRow {TR} at (0,22) size 276x22
            RenderTableCell {TD} at (92,22) size 92x22 [border: (1px solid #808080)] [r=1 c=1 rs=1 cs=1]
              RenderText {#text} at (2,2) size 89x19
                text run at (2,2) width 89: "Row 3, Cell 2"
            RenderTableCell {TD} at (184,33) size 92x22 [border: (1px solid #808080)] [r=1 c=2 rs=2 cs=1]
              RenderText {#text} at (2,2) size 89x19
                text run at (2,2) width 89: "Row 3, Cell 3"
          RenderTableRow {TR} at (0,44) size 276x22
            RenderTableCell {TD} at (0,44) size 184x22 [border: (1px solid #808080)] [r=2 c=0 rs=1 cs=2]
              RenderText {#text} at (2,2) size 89x19
                text run at (2,2) width 89: "Row 4, Cell 1"
        RenderTableSection {TFOOT} at (0,106) size 276x22
          RenderTableRow {TR} at (0,0) size 276x22
            RenderTableCell {TD} at (0,0) size 92x22 [border: (1px solid #808080)] [r=0 c=0 rs=1 cs=1]
              RenderText {#text} at (2,2) size 89x19
                text run at (2,2) width 89: "Row 5, Cell 1"
            RenderTableCell {TD} at (92,0) size 92x22 [border: (1px solid #808080)] [r=0 c=1 rs=1 cs=1]
              RenderText {#text} at (2,2) size 89x19
                text run at (2,2) width 89: "Row 5, Cell 2"
            RenderTableCell {TD} at (184,0) size 92x22 [border: (1px solid #808080)] [r=0 c=2 rs=1 cs=1]
              RenderText {#text} at (2,2) size 89x19
                text run at (2,2) width 89: "Row 5, Cell 3"
      RenderTable {TABLE} at (0,7338) size 276x128 [border: none (1px solid #808080) none]
        RenderBlock {CAPTION} at (0,0) size 275x19
          RenderInline {A} at (0,0) size 202x19
            RenderText {#text} at (34,0) size 202x19
              text run at (34,0) width 202: "Frame=\x{201C}rhs\x{201D} and Rules=\x{201C}all\x{201D}"
          RenderInline (generated) at (0,0) size 6x19
            RenderText at (235,0) size 6x19
              text run at (235,0) width 6: ":"
        RenderTableSection {THEAD} at (0,19) size 275x21
          RenderTableRow {TR} at (0,0) size 275x21
            RenderTableCell {TD} at (0,0) size 91x21 [r=0 c=0 rs=1 cs=1]
              RenderText {#text} at (1,1) size 89x19
                text run at (1,1) width 89: "Row 1, Cell 1"
            RenderTableCell {TD} at (91,0) size 92x21 [border: none] [r=0 c=1 rs=1 cs=1]
              RenderText {#text} at (2,1) size 89x19
                text run at (2,1) width 89: "Row 1, Cell 2"
            RenderTableCell {TD} at (183,0) size 92x21 [border: none] [r=0 c=2 rs=1 cs=1]
              RenderText {#text} at (2,1) size 89x19
                text run at (2,1) width 89: "Row 1, Cell 3"
        RenderTableSection {TBODY} at (0,40) size 275x66
          RenderTableRow {TR} at (0,0) size 275x22
            RenderTableCell {TD} at (0,11) size 91x22 [border: (1px solid #808080)] [r=0 c=0 rs=2 cs=1]
              RenderText {#text} at (1,2) size 89x19
                text run at (1,2) width 89: "Row 2, Cell 1"
            RenderTableCell {TD} at (91,0) size 184x22 [border: (1px solid #808080)] [r=0 c=1 rs=1 cs=2]
              RenderText {#text} at (2,2) size 89x19
                text run at (2,2) width 89: "Row 2, Cell 2"
          RenderTableRow {TR} at (0,22) size 275x22
            RenderTableCell {TD} at (91,22) size 92x22 [border: (1px solid #808080)] [r=1 c=1 rs=1 cs=1]
              RenderText {#text} at (2,2) size 89x19
                text run at (2,2) width 89: "Row 3, Cell 2"
            RenderTableCell {TD} at (183,33) size 92x22 [border: (1px solid #808080)] [r=1 c=2 rs=2 cs=1]
              RenderText {#text} at (2,2) size 89x19
                text run at (2,2) width 89: "Row 3, Cell 3"
          RenderTableRow {TR} at (0,44) size 275x22
            RenderTableCell {TD} at (0,44) size 183x22 [border: (1px solid #808080)] [r=2 c=0 rs=1 cs=2]
              RenderText {#text} at (1,2) size 89x19
                text run at (1,2) width 89: "Row 4, Cell 1"
        RenderTableSection {TFOOT} at (0,106) size 275x22
          RenderTableRow {TR} at (0,0) size 275x22
            RenderTableCell {TD} at (0,0) size 91x22 [border: (1px solid #808080)] [r=0 c=0 rs=1 cs=1]
              RenderText {#text} at (1,2) size 89x19
                text run at (1,2) width 89: "Row 5, Cell 1"
            RenderTableCell {TD} at (91,0) size 92x22 [border: (1px solid #808080)] [r=0 c=1 rs=1 cs=1]
              RenderText {#text} at (2,2) size 89x19
                text run at (2,2) width 89: "Row 5, Cell 2"
            RenderTableCell {TD} at (183,0) size 92x22 [border: (1px solid #808080)] [r=0 c=2 rs=1 cs=1]
              RenderText {#text} at (2,2) size 89x19
                text run at (2,2) width 89: "Row 5, Cell 3"
      RenderTable {TABLE} at (0,7514) size 277x130 [border: none]
        RenderBlock {CAPTION} at (0,0) size 276x19
          RenderInline {A} at (0,0) size 205x19
            RenderText {#text} at (33,0) size 205x19
              text run at (33,0) width 205: "Frame=\x{201C}box\x{201D} and Rules=\x{201C}all\x{201D}"
          RenderInline (generated) at (0,0) size 6x19
            RenderText at (237,0) size 6x19
              text run at (237,0) width 6: ":"
        RenderTableSection {THEAD} at (0,19) size 276x22
          RenderTableRow {TR} at (0,0) size 276x22
            RenderTableCell {TD} at (0,0) size 92x22 [border: (1px solid #808080)] [r=0 c=0 rs=1 cs=1]
              RenderText {#text} at (2,2) size 89x19
                text run at (2,2) width 89: "Row 1, Cell 1"
            RenderTableCell {TD} at (92,0) size 92x22 [border: (1px solid #808080)] [r=0 c=1 rs=1 cs=1]
              RenderText {#text} at (2,2) size 89x19
                text run at (2,2) width 89: "Row 1, Cell 2"
            RenderTableCell {TD} at (184,0) size 92x22 [border: (1px solid #808080)] [r=0 c=2 rs=1 cs=1]
              RenderText {#text} at (2,2) size 89x19
                text run at (2,2) width 89: "Row 1, Cell 3"
        RenderTableSection {TBODY} at (0,41) size 276x66
          RenderTableRow {TR} at (0,0) size 276x22
            RenderTableCell {TD} at (0,11) size 92x22 [border: (1px solid #808080)] [r=0 c=0 rs=2 cs=1]
              RenderText {#text} at (2,2) size 89x19
                text run at (2,2) width 89: "Row 2, Cell 1"
            RenderTableCell {TD} at (92,0) size 184x22 [border: (1px solid #808080)] [r=0 c=1 rs=1 cs=2]
              RenderText {#text} at (2,2) size 89x19
                text run at (2,2) width 89: "Row 2, Cell 2"
          RenderTableRow {TR} at (0,22) size 276x22
            RenderTableCell {TD} at (92,22) size 92x22 [border: (1px solid #808080)] [r=1 c=1 rs=1 cs=1]
              RenderText {#text} at (2,2) size 89x19
                text run at (2,2) width 89: "Row 3, Cell 2"
            RenderTableCell {TD} at (184,33) size 92x22 [border: (1px solid #808080)] [r=1 c=2 rs=2 cs=1]
              RenderText {#text} at (2,2) size 89x19
                text run at (2,2) width 89: "Row 3, Cell 3"
          RenderTableRow {TR} at (0,44) size 276x22
            RenderTableCell {TD} at (0,44) size 184x22 [border: (1px solid #808080)] [r=2 c=0 rs=1 cs=2]
              RenderText {#text} at (2,2) size 89x19
                text run at (2,2) width 89: "Row 4, Cell 1"
        RenderTableSection {TFOOT} at (0,107) size 276x22
          RenderTableRow {TR} at (0,0) size 276x22
            RenderTableCell {TD} at (0,0) size 92x22 [border: (1px solid #808080)] [r=0 c=0 rs=1 cs=1]
              RenderText {#text} at (2,2) size 89x19
                text run at (2,2) width 89: "Row 5, Cell 1"
            RenderTableCell {TD} at (92,0) size 92x22 [border: (1px solid #808080)] [r=0 c=1 rs=1 cs=1]
              RenderText {#text} at (2,2) size 89x19
                text run at (2,2) width 89: "Row 5, Cell 2"
            RenderTableCell {TD} at (184,0) size 92x22 [border: (1px solid #808080)] [r=0 c=2 rs=1 cs=1]
              RenderText {#text} at (2,2) size 89x19
                text run at (2,2) width 89: "Row 5, Cell 3"
      RenderTable {TABLE} at (0,7692) size 277x130 [border: none]
        RenderBlock {CAPTION} at (0,0) size 276x19
          RenderInline {A} at (0,0) size 223x19
            RenderText {#text} at (24,0) size 223x19
              text run at (24,0) width 223: "Frame=\x{201C}border\x{201D} and Rules=\x{201C}all\x{201D}"
          RenderInline (generated) at (0,0) size 5x19
            RenderText at (247,0) size 5x19
              text run at (247,0) width 5: ":"
        RenderTableSection {THEAD} at (0,19) size 276x22
          RenderTableRow {TR} at (0,0) size 276x22
            RenderTableCell {TD} at (0,0) size 92x22 [border: (1px solid #808080)] [r=0 c=0 rs=1 cs=1]
              RenderText {#text} at (2,2) size 89x19
                text run at (2,2) width 89: "Row 1, Cell 1"
            RenderTableCell {TD} at (92,0) size 92x22 [border: (1px solid #808080)] [r=0 c=1 rs=1 cs=1]
              RenderText {#text} at (2,2) size 89x19
                text run at (2,2) width 89: "Row 1, Cell 2"
            RenderTableCell {TD} at (184,0) size 92x22 [border: (1px solid #808080)] [r=0 c=2 rs=1 cs=1]
              RenderText {#text} at (2,2) size 89x19
                text run at (2,2) width 89: "Row 1, Cell 3"
        RenderTableSection {TBODY} at (0,41) size 276x66
          RenderTableRow {TR} at (0,0) size 276x22
            RenderTableCell {TD} at (0,11) size 92x22 [border: (1px solid #808080)] [r=0 c=0 rs=2 cs=1]
              RenderText {#text} at (2,2) size 89x19
                text run at (2,2) width 89: "Row 2, Cell 1"
            RenderTableCell {TD} at (92,0) size 184x22 [border: (1px solid #808080)] [r=0 c=1 rs=1 cs=2]
              RenderText {#text} at (2,2) size 89x19
                text run at (2,2) width 89: "Row 2, Cell 2"
          RenderTableRow {TR} at (0,22) size 276x22
            RenderTableCell {TD} at (92,22) size 92x22 [border: (1px solid #808080)] [r=1 c=1 rs=1 cs=1]
              RenderText {#text} at (2,2) size 89x19
                text run at (2,2) width 89: "Row 3, Cell 2"
            RenderTableCell {TD} at (184,33) size 92x22 [border: (1px solid #808080)] [r=1 c=2 rs=2 cs=1]
              RenderText {#text} at (2,2) size 89x19
                text run at (2,2) width 89: "Row 3, Cell 3"
          RenderTableRow {TR} at (0,44) size 276x22
            RenderTableCell {TD} at (0,44) size 184x22 [border: (1px solid #808080)] [r=2 c=0 rs=1 cs=2]
              RenderText {#text} at (2,2) size 89x19
                text run at (2,2) width 89: "Row 4, Cell 1"
        RenderTableSection {TFOOT} at (0,107) size 276x22
          RenderTableRow {TR} at (0,0) size 276x22
            RenderTableCell {TD} at (0,0) size 92x22 [border: (1px solid #808080)] [r=0 c=0 rs=1 cs=1]
              RenderText {#text} at (2,2) size 89x19
                text run at (2,2) width 89: "Row 5, Cell 1"
            RenderTableCell {TD} at (92,0) size 92x22 [border: (1px solid #808080)] [r=0 c=1 rs=1 cs=1]
              RenderText {#text} at (2,2) size 89x19
                text run at (2,2) width 89: "Row 5, Cell 2"
            RenderTableCell {TD} at (184,0) size 92x22 [border: (1px solid #808080)] [r=0 c=2 rs=1 cs=1]
              RenderText {#text} at (2,2) size 89x19
                text run at (2,2) width 89: "Row 5, Cell 3"
layer at (393,24) size 392x150
  RenderBlock (positioned) {TABLE} at (393,24) size 392x150
    RenderTable at (0,0) size 361x156
      RenderBlock {CAPTION} at (0,0) size 361x19
        RenderText {#text} at (61,0) size 234x19
          text run at (61,0) width 234: "Local links to specific testcase tables"
        RenderInline (generated) at (0,0) size 5x19
          RenderText at (295,0) size 5x19
            text run at (295,0) width 5: ":"
      RenderTableCol {COLGROUP} at (0,0) size 0x0
      RenderTableCol {COLGROUP} at (0,0) size 0x0
      RenderTableSection {THEAD} at (0,19) size 361x40
        RenderTableRow {TR} at (0,2) size 361x17
          RenderTableCell {TH} at (2,19) size 74x2 [r=0 c=0 rs=2 cs=2]
          RenderTableCell {TH} at (78,2) size 281x17 [r=0 c=2 rs=1 cs=9]
            RenderText {#text} at (124,1) size 33x15
              text run at (124,1) width 33: "Frame"
        RenderTableRow {TR} at (0,21) size 361x17
          RenderTableCell {TH} at (78,21) size 27x17 [r=1 c=2 rs=1 cs=1]
            RenderText {#text} at (1,1) size 25x15
              text run at (1,1) width 25: "void"
          RenderTableCell {TH} at (107,21) size 35x17 [r=1 c=3 rs=1 cs=1]
            RenderText {#text} at (1,1) size 33x15
              text run at (1,1) width 33: "above"
          RenderTableCell {TH} at (144,21) size 35x17 [r=1 c=4 rs=1 cs=1]
            RenderText {#text} at (1,1) size 33x15
              text run at (1,1) width 33: "below"
          RenderTableCell {TH} at (181,21) size 36x17 [r=1 c=5 rs=1 cs=1]
            RenderText {#text} at (1,1) size 34x15
              text run at (1,1) width 34: "hsides"
          RenderTableCell {TH} at (219,21) size 36x17 [r=1 c=6 rs=1 cs=1]
            RenderText {#text} at (1,1) size 34x15
              text run at (1,1) width 34: "vsides"
          RenderTableCell {TH} at (257,21) size 18x17 [r=1 c=7 rs=1 cs=1]
            RenderText {#text} at (1,1) size 16x15
              text run at (1,1) width 16: "lhs"
          RenderTableCell {TH} at (277,21) size 18x17 [r=1 c=8 rs=1 cs=1]
            RenderText {#text} at (1,1) size 16x15
              text run at (1,1) width 16: "rhs"
          RenderTableCell {TH} at (297,21) size 23x17 [r=1 c=9 rs=1 cs=1]
            RenderText {#text} at (1,1) size 21x15
              text run at (1,1) width 21: "box"
          RenderTableCell {TH} at (322,21) size 37x17 [r=1 c=10 rs=1 cs=1]
            RenderText {#text} at (1,1) size 35x15
              text run at (1,1) width 35: "border"
      RenderTableSection {TBODY} at (0,59) size 361x97
        RenderTableRow {TR} at (0,2) size 361x17
          RenderTableCell {TH} at (2,40) size 33x17 [r=0 c=0 rs=5 cs=1]
            RenderText {#text} at (1,1) size 31x15
              text run at (1,1) width 31: "Rules"
          RenderTableCell {TH} at (37,2) size 39x17 [r=0 c=1 rs=1 cs=1]
            RenderText {#text} at (11,1) size 27x15
              text run at (11,1) width 27: "none"
          RenderTableCell {TD} at (78,2) size 27x16 [bgcolor=#CCCCCC] [r=0 c=2 rs=1 cs=1]
            RenderInline {A} at (0,0) size 15x14 [color=#0000EE]
              RenderText {#text} at (6,1) size 15x14
                text run at (6,1) width 15: "Go"
          RenderTableCell {TD} at (107,2) size 35x16 [bgcolor=#CCCCCC] [r=0 c=3 rs=1 cs=1]
            RenderInline {A} at (0,0) size 15x14 [color=#0000EE]
              RenderText {#text} at (10,1) size 15x14
                text run at (10,1) width 15: "Go"
          RenderTableCell {TD} at (144,2) size 35x16 [bgcolor=#CCCCCC] [r=0 c=4 rs=1 cs=1]
            RenderInline {A} at (0,0) size 15x14 [color=#0000EE]
              RenderText {#text} at (10,1) size 15x14
                text run at (10,1) width 15: "Go"
          RenderTableCell {TD} at (181,2) size 36x16 [bgcolor=#CCCCCC] [r=0 c=5 rs=1 cs=1]
            RenderInline {A} at (0,0) size 16x14 [color=#0000EE]
              RenderText {#text} at (10,1) size 16x14
                text run at (10,1) width 16: "Go"
          RenderTableCell {TD} at (219,2) size 36x16 [bgcolor=#CCCCCC] [r=0 c=6 rs=1 cs=1]
            RenderInline {A} at (0,0) size 16x14 [color=#0000EE]
              RenderText {#text} at (10,1) size 16x14
                text run at (10,1) width 16: "Go"
          RenderTableCell {TD} at (257,2) size 18x16 [bgcolor=#CCCCCC] [r=0 c=7 rs=1 cs=1]
            RenderInline {A} at (0,0) size 16x14 [color=#0000EE]
              RenderText {#text} at (1,1) size 16x14
                text run at (1,1) width 16: "Go"
          RenderTableCell {TD} at (277,2) size 18x16 [bgcolor=#CCCCCC] [r=0 c=8 rs=1 cs=1]
            RenderInline {A} at (0,0) size 16x14 [color=#0000EE]
              RenderText {#text} at (1,1) size 16x14
                text run at (1,1) width 16: "Go"
          RenderTableCell {TD} at (297,2) size 23x16 [bgcolor=#CCCCCC] [r=0 c=9 rs=1 cs=1]
            RenderInline {A} at (0,0) size 15x14 [color=#0000EE]
              RenderText {#text} at (4,1) size 15x14
                text run at (4,1) width 15: "Go"
          RenderTableCell {TD} at (322,2) size 37x16 [bgcolor=#CCCCCC] [r=0 c=10 rs=1 cs=1]
            RenderInline {A} at (0,0) size 15x14 [color=#0000EE]
              RenderText {#text} at (11,1) size 15x14
                text run at (11,1) width 15: "Go"
        RenderTableRow {TR} at (0,21) size 361x17
          RenderTableCell {TH} at (37,21) size 39x17 [r=1 c=1 rs=1 cs=1]
            RenderText {#text} at (1,1) size 37x15
              text run at (1,1) width 37: "groups"
          RenderTableCell {TD} at (78,21) size 27x16 [bgcolor=#CCCCCC] [r=1 c=2 rs=1 cs=1]
            RenderInline {A} at (0,0) size 15x14 [color=#0000EE]
              RenderText {#text} at (6,1) size 15x14
                text run at (6,1) width 15: "Go"
          RenderTableCell {TD} at (107,21) size 35x16 [bgcolor=#CCCCCC] [r=1 c=3 rs=1 cs=1]
            RenderInline {A} at (0,0) size 15x14 [color=#0000EE]
              RenderText {#text} at (10,1) size 15x14
                text run at (10,1) width 15: "Go"
          RenderTableCell {TD} at (144,21) size 35x16 [bgcolor=#CCCCCC] [r=1 c=4 rs=1 cs=1]
            RenderInline {A} at (0,0) size 15x14 [color=#0000EE]
              RenderText {#text} at (10,1) size 15x14
                text run at (10,1) width 15: "Go"
          RenderTableCell {TD} at (181,21) size 36x16 [bgcolor=#CCCCCC] [r=1 c=5 rs=1 cs=1]
            RenderInline {A} at (0,0) size 16x14 [color=#0000EE]
              RenderText {#text} at (10,1) size 16x14
                text run at (10,1) width 16: "Go"
          RenderTableCell {TD} at (219,21) size 36x16 [bgcolor=#CCCCCC] [r=1 c=6 rs=1 cs=1]
            RenderInline {A} at (0,0) size 16x14 [color=#0000EE]
              RenderText {#text} at (10,1) size 16x14
                text run at (10,1) width 16: "Go"
          RenderTableCell {TD} at (257,21) size 18x16 [bgcolor=#CCCCCC] [r=1 c=7 rs=1 cs=1]
            RenderInline {A} at (0,0) size 16x14 [color=#0000EE]
              RenderText {#text} at (1,1) size 16x14
                text run at (1,1) width 16: "Go"
          RenderTableCell {TD} at (277,21) size 18x16 [bgcolor=#CCCCCC] [r=1 c=8 rs=1 cs=1]
            RenderInline {A} at (0,0) size 16x14 [color=#0000EE]
              RenderText {#text} at (1,1) size 16x14
                text run at (1,1) width 16: "Go"
          RenderTableCell {TD} at (297,21) size 23x16 [bgcolor=#CCCCCC] [r=1 c=9 rs=1 cs=1]
            RenderInline {A} at (0,0) size 15x14 [color=#0000EE]
              RenderText {#text} at (4,1) size 15x14
                text run at (4,1) width 15: "Go"
          RenderTableCell {TD} at (322,21) size 37x16 [bgcolor=#CCCCCC] [r=1 c=10 rs=1 cs=1]
            RenderInline {A} at (0,0) size 15x14 [color=#0000EE]
              RenderText {#text} at (11,1) size 15x14
                text run at (11,1) width 15: "Go"
        RenderTableRow {TR} at (0,40) size 361x17
          RenderTableCell {TH} at (37,40) size 39x17 [r=2 c=1 rs=1 cs=1]
            RenderText {#text} at (13,1) size 25x15
              text run at (13,1) width 25: "rows"
          RenderTableCell {TD} at (78,40) size 27x16 [bgcolor=#CCCCCC] [r=2 c=2 rs=1 cs=1]
            RenderInline {A} at (0,0) size 15x14 [color=#0000EE]
              RenderText {#text} at (6,1) size 15x14
                text run at (6,1) width 15: "Go"
          RenderTableCell {TD} at (107,40) size 35x16 [bgcolor=#CCCCCC] [r=2 c=3 rs=1 cs=1]
            RenderInline {A} at (0,0) size 15x14 [color=#0000EE]
              RenderText {#text} at (10,1) size 15x14
                text run at (10,1) width 15: "Go"
          RenderTableCell {TD} at (144,40) size 35x16 [bgcolor=#CCCCCC] [r=2 c=4 rs=1 cs=1]
            RenderInline {A} at (0,0) size 15x14 [color=#0000EE]
              RenderText {#text} at (10,1) size 15x14
                text run at (10,1) width 15: "Go"
          RenderTableCell {TD} at (181,40) size 36x16 [bgcolor=#CCCCCC] [r=2 c=5 rs=1 cs=1]
            RenderInline {A} at (0,0) size 16x14 [color=#0000EE]
              RenderText {#text} at (10,1) size 16x14
                text run at (10,1) width 16: "Go"
          RenderTableCell {TD} at (219,40) size 36x16 [bgcolor=#CCCCCC] [r=2 c=6 rs=1 cs=1]
            RenderInline {A} at (0,0) size 16x14 [color=#0000EE]
              RenderText {#text} at (10,1) size 16x14
                text run at (10,1) width 16: "Go"
          RenderTableCell {TD} at (257,40) size 18x16 [bgcolor=#CCCCCC] [r=2 c=7 rs=1 cs=1]
            RenderInline {A} at (0,0) size 16x14 [color=#0000EE]
              RenderText {#text} at (1,1) size 16x14
                text run at (1,1) width 16: "Go"
          RenderTableCell {TD} at (277,40) size 18x16 [bgcolor=#CCCCCC] [r=2 c=8 rs=1 cs=1]
            RenderInline {A} at (0,0) size 16x14 [color=#0000EE]
              RenderText {#text} at (1,1) size 16x14
                text run at (1,1) width 16: "Go"
          RenderTableCell {TD} at (297,40) size 23x16 [bgcolor=#CCCCCC] [r=2 c=9 rs=1 cs=1]
            RenderInline {A} at (0,0) size 15x14 [color=#0000EE]
              RenderText {#text} at (4,1) size 15x14
                text run at (4,1) width 15: "Go"
          RenderTableCell {TD} at (322,40) size 37x16 [bgcolor=#CCCCCC] [r=2 c=10 rs=1 cs=1]
            RenderInline {A} at (0,0) size 15x14 [color=#0000EE]
              RenderText {#text} at (11,1) size 15x14
                text run at (11,1) width 15: "Go"
        RenderTableRow {TR} at (0,59) size 361x17
          RenderTableCell {TH} at (37,59) size 39x17 [r=3 c=1 rs=1 cs=1]
            RenderText {#text} at (16,1) size 22x15
              text run at (16,1) width 22: "cols"
          RenderTableCell {TD} at (78,59) size 27x16 [bgcolor=#CCCCCC] [r=3 c=2 rs=1 cs=1]
            RenderInline {A} at (0,0) size 15x14 [color=#0000EE]
              RenderText {#text} at (6,1) size 15x14
                text run at (6,1) width 15: "Go"
          RenderTableCell {TD} at (107,59) size 35x16 [bgcolor=#CCCCCC] [r=3 c=3 rs=1 cs=1]
            RenderInline {A} at (0,0) size 15x14 [color=#0000EE]
              RenderText {#text} at (10,1) size 15x14
                text run at (10,1) width 15: "Go"
          RenderTableCell {TD} at (144,59) size 35x16 [bgcolor=#CCCCCC] [r=3 c=4 rs=1 cs=1]
            RenderInline {A} at (0,0) size 15x14 [color=#0000EE]
              RenderText {#text} at (10,1) size 15x14
                text run at (10,1) width 15: "Go"
          RenderTableCell {TD} at (181,59) size 36x16 [bgcolor=#CCCCCC] [r=3 c=5 rs=1 cs=1]
            RenderInline {A} at (0,0) size 16x14 [color=#0000EE]
              RenderText {#text} at (10,1) size 16x14
                text run at (10,1) width 16: "Go"
          RenderTableCell {TD} at (219,59) size 36x16 [bgcolor=#CCCCCC] [r=3 c=6 rs=1 cs=1]
            RenderInline {A} at (0,0) size 16x14 [color=#0000EE]
              RenderText {#text} at (10,1) size 16x14
                text run at (10,1) width 16: "Go"
          RenderTableCell {TD} at (257,59) size 18x16 [bgcolor=#CCCCCC] [r=3 c=7 rs=1 cs=1]
            RenderInline {A} at (0,0) size 16x14 [color=#0000EE]
              RenderText {#text} at (1,1) size 16x14
                text run at (1,1) width 16: "Go"
          RenderTableCell {TD} at (277,59) size 18x16 [bgcolor=#CCCCCC] [r=3 c=8 rs=1 cs=1]
            RenderInline {A} at (0,0) size 16x14 [color=#0000EE]
              RenderText {#text} at (1,1) size 16x14
                text run at (1,1) width 16: "Go"
          RenderTableCell {TD} at (297,59) size 23x16 [bgcolor=#CCCCCC] [r=3 c=9 rs=1 cs=1]
            RenderInline {A} at (0,0) size 15x14 [color=#0000EE]
              RenderText {#text} at (4,1) size 15x14
                text run at (4,1) width 15: "Go"
          RenderTableCell {TD} at (322,59) size 37x16 [bgcolor=#CCCCCC] [r=3 c=10 rs=1 cs=1]
            RenderInline {A} at (0,0) size 15x14 [color=#0000EE]
              RenderText {#text} at (11,1) size 15x14
                text run at (11,1) width 15: "Go"
        RenderTableRow {TR} at (0,78) size 361x17
          RenderTableCell {TH} at (37,78) size 39x17 [r=4 c=1 rs=1 cs=1]
            RenderText {#text} at (24,1) size 14x15
              text run at (24,1) width 14: "all"
          RenderTableCell {TD} at (78,78) size 27x16 [bgcolor=#CCCCCC] [r=4 c=2 rs=1 cs=1]
            RenderInline {A} at (0,0) size 15x14 [color=#0000EE]
              RenderText {#text} at (6,1) size 15x14
                text run at (6,1) width 15: "Go"
          RenderTableCell {TD} at (107,78) size 35x16 [bgcolor=#CCCCCC] [r=4 c=3 rs=1 cs=1]
            RenderInline {A} at (0,0) size 15x14 [color=#0000EE]
              RenderText {#text} at (10,1) size 15x14
                text run at (10,1) width 15: "Go"
          RenderTableCell {TD} at (144,78) size 35x16 [bgcolor=#CCCCCC] [r=4 c=4 rs=1 cs=1]
            RenderInline {A} at (0,0) size 15x14 [color=#0000EE]
              RenderText {#text} at (10,1) size 15x14
                text run at (10,1) width 15: "Go"
          RenderTableCell {TD} at (181,78) size 36x16 [bgcolor=#CCCCCC] [r=4 c=5 rs=1 cs=1]
            RenderInline {A} at (0,0) size 16x14 [color=#0000EE]
              RenderText {#text} at (10,1) size 16x14
                text run at (10,1) width 16: "Go"
          RenderTableCell {TD} at (219,78) size 36x16 [bgcolor=#CCCCCC] [r=4 c=6 rs=1 cs=1]
            RenderInline {A} at (0,0) size 16x14 [color=#0000EE]
              RenderText {#text} at (10,1) size 16x14
                text run at (10,1) width 16: "Go"
          RenderTableCell {TD} at (257,78) size 18x16 [bgcolor=#CCCCCC] [r=4 c=7 rs=1 cs=1]
            RenderInline {A} at (0,0) size 16x14 [color=#0000EE]
              RenderText {#text} at (1,1) size 16x14
                text run at (1,1) width 16: "Go"
          RenderTableCell {TD} at (277,78) size 18x16 [bgcolor=#CCCCCC] [r=4 c=8 rs=1 cs=1]
            RenderInline {A} at (0,0) size 16x14 [color=#0000EE]
              RenderText {#text} at (1,1) size 16x14
                text run at (1,1) width 16: "Go"
          RenderTableCell {TD} at (297,78) size 23x16 [bgcolor=#CCCCCC] [r=4 c=9 rs=1 cs=1]
            RenderInline {A} at (0,0) size 15x14 [color=#0000EE]
              RenderText {#text} at (4,1) size 15x14
                text run at (4,1) width 15: "Go"
          RenderTableCell {TD} at (322,78) size 37x16 [bgcolor=#CCCCCC] [r=4 c=10 rs=1 cs=1]
            RenderInline {A} at (0,0) size 15x14 [color=#0000EE]
              RenderText {#text} at (11,1) size 15x14
                text run at (11,1) width 15: "Go"
