layer at (0,0) size 800x600
  RenderView at (0,0) size 800x600
layer at (0,0) size 800x600
  RenderBlock {HTML} at (0,0) size 800x600
    RenderBody {BODY} at (8,8) size 784x584
      RenderBlock {P} at (0,0) size 784x19
        RenderText {#text} at (0,0) size 53x19
          text run at (0,0) width 53: "Test for "
        RenderInline {I} at (0,0) size 652x19
          RenderInline {A} at (0,0) size 154x19 [color=#0000EE]
            RenderText {#text} at (53,0) size 154x19
              text run at (53,0) width 154: "rdar://problem/5615307"
          RenderText {#text} at (207,0) size 498x19
            text run at (207,0) width 498: " Repro crash in WebKit!WebCore::RenderContainer::destroyLeftoverChildren"
        RenderText {#text} at (705,0) size 4x19
          text run at (705,0) width 4: "."
      RenderBlock {P} at (0,35) size 784x19
        RenderText {#text} at (0,0) size 270x19
          text run at (0,0) width 270: "There should be a line of green text below."
      RenderTable {TABLE} at (0,70) size 148x31 [color=#FF0000]
        RenderTableSection {TBODY} at (0,0) size 148x31
          RenderTableRow {TR} at (0,2) size 148x27
            RenderTableCell {TD} at (2,2) size 144x27 [r=0 c=0 rs=1 cs=1]
              RenderTable {TABLE} at (1,1) size 142x25 [color=#000000]
                RenderTableSection {TBODY} at (0,0) size 142x25
                  RenderTableRow {TR} at (0,2) size 142x21 [color=#008000]
                    RenderTableCell {TD} at (2,2) size 138x21 [r=0 c=0 rs=1 cs=1]
                      RenderText {#text} at (1,1) size 136x19
                        text run at (1,1) width 136: "This should be green."
