layer at (0,0) size 800x600
  RenderView at (0,0) size 800x600
layer at (0,0) size 800x600
  RenderBlock {HTML} at (0,0) size 800x600
    RenderBody {BODY} at (8,8) size 784x584
      RenderBlock (anonymous) at (0,0) size 784x0
        RenderInline {NOBR} at (0,0) size 0x0
          RenderText {#text} at (0,0) size 0x0
      RenderBlock (anonymous) at (0,0) size 784x371
        RenderTable {TABLE} at (0,0) size 70x371 [border: (1px outset #808080)]
          RenderTableSection {TBODY} at (1,1) size 68x369
            RenderTableRow {TR} at (0,2) size 68x365
              RenderTableCell {TD} at (2,2) size 64x365 [border: (1px inset #808080)] [r=0 c=0 rs=1 cs=1]
                RenderText {#text} at (2,2) size 60x361
                  text run at (2,2) width 53: "This is a"
                  text run at (2,21) width 52: "test case"
                  text run at (2,40) width 18: "for"
                  text run at (2,59) width 60: "3190580."
                  text run at (2,78) width 33: "Even"
                  text run at (2,97) width 44: "though"
                  text run at (2,116) width 56: "this table"
                  text run at (2,135) width 10: "is"
                  text run at (2,154) width 55: "enclosed"
                  text run at (2,173) width 56: "in a nobr"
                  text run at (2,192) width 49: "tag, this"
                  text run at (2,211) width 23: "text"
                  text run at (2,230) width 42: "should"
                  text run at (2,249) width 32: "wrap"
                  text run at (2,268) width 54: "anyway."
                  text run at (2,287) width 59: "The table"
                  text run at (2,306) width 42: "is only"
                  text run at (2,325) width 57: "50 pixels"
                  text run at (2,344) width 35: "wide."
      RenderBlock (anonymous) at (0,371) size 784x0
        RenderInline {NOBR} at (0,0) size 0x0
        RenderText {#text} at (0,0) size 0x0
