layer at (0,0) size 785x1214
  RenderView at (0,0) size 785x600
layer at (0,0) size 785x1214
  RenderBlock {HTML} at (0,0) size 785x1214
    RenderBody {BODY} at (8,10) size 769x1196
      RenderTable {TABLE} at (10,0) size 100x118 [border: (1px solid #000000)]
        RenderTableSection {THEAD} at (1,1) size 25x116
          RenderTableRow {TR} at (0,2) size 21x116
            RenderTableCell {TD} at (2,2) size 21x55 [r=0 c=0 rs=1 cs=1]
              RenderText {#text} at (1,1) size 19x46
                text run at (1,1) width 46: "Head 1"
            RenderTableCell {TD} at (2,59) size 21x55 [r=0 c=1 rs=1 cs=1]
              RenderText {#text} at (1,1) size 19x46
                text run at (1,1) width 46: "Head 2"
        RenderTableSection {TFOOT} at (74,1) size 25x116
          RenderTableRow {TR} at (0,2) size 21x116
            RenderTableCell {TD} at (2,2) size 21x55 [r=0 c=0 rs=1 cs=1]
              RenderText {#text} at (1,1) size 19x53
                text run at (1,1) width 53: "Footer 1"
            RenderTableCell {TD} at (2,59) size 21x55 [r=0 c=1 rs=1 cs=1]
              RenderText {#text} at (1,1) size 19x53
                text run at (1,1) width 53: "Footer 2"
        RenderTableSection {TBODY} at (26,1) size 48x116
          RenderTableRow {TR} at (0,2) size 21x116
            RenderTableCell {TD} at (2,2) size 21x55 [r=0 c=0 rs=1 cs=1]
              RenderText {#text} at (1,1) size 19x38
                text run at (1,1) width 38: "Cell 1"
            RenderTableCell {TD} at (2,59) size 21x55 [r=0 c=1 rs=1 cs=1]
              RenderText {#text} at (1,1) size 19x38
                text run at (1,1) width 38: "Cell 2"
          RenderTableRow {TR} at (0,25) size 21x116
            RenderTableCell {TD} at (25,2) size 21x55 [r=1 c=0 rs=1 cs=1]
              RenderText {#text} at (1,1) size 19x38
                text run at (1,1) width 38: "Cell 3"
            RenderTableCell {TD} at (25,59) size 21x55 [r=1 c=1 rs=1 cs=1]
              RenderText {#text} at (1,1) size 19x38
                text run at (1,1) width 38: "Cell 4"
      RenderBlock {P} at (0,134) size 769x19
        RenderText {#text} at (0,0) size 222x19
          text run at (0,0) width 222: "Row groups have display:table-cell"
      RenderTable {TABLE} at (10,169) size 64x234 [border: (1px solid #000000)]
        RenderTableSection (anonymous) at (1,1) size 33x232
          RenderTableRow (anonymous) at (0,2) size 29x232
            RenderTableCell {THEAD} at (2,2) size 29x106 [r=0 c=0 rs=1 cs=1]
              RenderTable at (0,0) size 29x106
                RenderTableSection (anonymous) at (0,0) size 29x106
                  RenderTableRow (anonymous) at (0,2) size 25x106
                    RenderTableCell {TR} at (2,2) size 25x102 [r=0 c=0 rs=1 cs=1]
                      RenderTable at (0,0) size 25x102
                        RenderTableSection (anonymous) at (0,0) size 25x102
                          RenderTableRow (anonymous) at (0,2) size 21x102
                            RenderTableCell {TD} at (2,2) size 21x48 [r=0 c=0 rs=1 cs=1]
                              RenderText {#text} at (1,1) size 19x46
                                text run at (1,1) width 46: "Head 1"
                            RenderTableCell {TD} at (2,52) size 21x48 [r=0 c=1 rs=1 cs=1]
                              RenderText {#text} at (1,1) size 19x46
                                text run at (1,1) width 46: "Head 2"
            RenderTableCell {TFOOT} at (2,110) size 29x120 [r=0 c=1 rs=1 cs=1]
              RenderTable at (0,0) size 29x120
                RenderTableSection (anonymous) at (0,0) size 29x120
                  RenderTableRow (anonymous) at (0,2) size 25x120
                    RenderTableCell {TR} at (2,2) size 25x116 [r=0 c=0 rs=1 cs=1]
                      RenderTable at (0,0) size 25x116
                        RenderTableSection (anonymous) at (0,0) size 25x116
                          RenderTableRow (anonymous) at (0,2) size 21x116
                            RenderTableCell {TD} at (2,2) size 21x55 [r=0 c=0 rs=1 cs=1]
                              RenderText {#text} at (1,1) size 19x53
                                text run at (1,1) width 53: "Footer 1"
                            RenderTableCell {TD} at (2,59) size 21x55 [r=0 c=1 rs=1 cs=1]
                              RenderText {#text} at (1,1) size 19x53
                                text run at (1,1) width 53: "Footer 2"
        RenderTableSection {TBODY} at (34,1) size 29x232
          RenderTableRow (anonymous) at (0,2) size 25x232
            RenderTableCell {TR} at (2,2) size 25x106 [r=0 c=0 rs=1 cs=1]
              RenderTable at (0,0) size 25x86
                RenderTableSection (anonymous) at (0,0) size 25x86
                  RenderTableRow (anonymous) at (0,2) size 21x86
                    RenderTableCell {TD} at (2,2) size 21x40 [r=0 c=0 rs=1 cs=1]
                      RenderText {#text} at (1,1) size 19x38
                        text run at (1,1) width 38: "Cell 1"
                    RenderTableCell {TD} at (2,44) size 21x40 [r=0 c=1 rs=1 cs=1]
                      RenderText {#text} at (1,1) size 19x38
                        text run at (1,1) width 38: "Cell 2"
            RenderTableCell {TR} at (2,110) size 25x120 [r=0 c=1 rs=1 cs=1]
              RenderTable at (0,0) size 25x86
                RenderTableSection (anonymous) at (0,0) size 25x86
                  RenderTableRow (anonymous) at (0,2) size 21x86
                    RenderTableCell {TD} at (2,2) size 21x40 [r=0 c=0 rs=1 cs=1]
                      RenderText {#text} at (1,1) size 19x38
                        text run at (1,1) width 38: "Cell 3"
                    RenderTableCell {TD} at (2,44) size 21x40 [r=0 c=1 rs=1 cs=1]
                      RenderText {#text} at (1,1) size 19x38
                        text run at (1,1) width 38: "Cell 4"
      RenderBlock {P} at (0,419) size 769x19
        RenderText {#text} at (0,0) size 200x19
          text run at (0,0) width 200: "Row groups have display:block"
      RenderTable {TABLE} at (10,454) size 110x122 [border: (1px solid #000000)]
        RenderTableSection (anonymous) at (1,1) size 54x120
          RenderTableRow (anonymous) at (0,2) size 50x120
            RenderTableCell (anonymous) at (2,2) size 50x116 [r=0 c=0 rs=1 cs=1]
              RenderBlock {THEAD} at (0,0) size 25x116
                RenderBlock {TR} at (0,0) size 25x116
                  RenderTable at (0,0) size 25x102
                    RenderTableSection (anonymous) at (0,0) size 25x102
                      RenderTableRow (anonymous) at (0,2) size 21x102
                        RenderTableCell {TD} at (2,2) size 21x48 [r=0 c=0 rs=1 cs=1]
                          RenderText {#text} at (1,1) size 19x46
                            text run at (1,1) width 46: "Head 1"
                        RenderTableCell {TD} at (2,52) size 21x48 [r=0 c=1 rs=1 cs=1]
                          RenderText {#text} at (1,1) size 19x46
                            text run at (1,1) width 46: "Head 2"
              RenderBlock {TFOOT} at (25,0) size 25x116
                RenderBlock {TR} at (0,0) size 25x116
                  RenderTable at (0,0) size 25x116
                    RenderTableSection (anonymous) at (0,0) size 25x116
                      RenderTableRow (anonymous) at (0,2) size 21x116
                        RenderTableCell {TD} at (2,2) size 21x55 [r=0 c=0 rs=1 cs=1]
                          RenderText {#text} at (1,1) size 19x53
                            text run at (1,1) width 53: "Footer 1"
                        RenderTableCell {TD} at (2,59) size 21x55 [r=0 c=1 rs=1 cs=1]
                          RenderText {#text} at (1,1) size 19x53
                            text run at (1,1) width 53: "Footer 2"
        RenderTableSection {TBODY} at (55,1) size 54x120
          RenderTableRow (anonymous) at (0,2) size 50x120
            RenderTableCell (anonymous) at (2,2) size 50x116 [r=0 c=0 rs=1 cs=1]
              RenderBlock {TR} at (0,0) size 25x116
                RenderTable at (0,0) size 25x86
                  RenderTableSection (anonymous) at (0,0) size 25x86
                    RenderTableRow (anonymous) at (0,2) size 21x86
                      RenderTableCell {TD} at (2,2) size 21x40 [r=0 c=0 rs=1 cs=1]
                        RenderText {#text} at (1,1) size 19x38
                          text run at (1,1) width 38: "Cell 1"
                      RenderTableCell {TD} at (2,44) size 21x40 [r=0 c=1 rs=1 cs=1]
                        RenderText {#text} at (1,1) size 19x38
                          text run at (1,1) width 38: "Cell 2"
              RenderBlock {TR} at (25,0) size 25x116
                RenderTable at (0,0) size 25x86
                  RenderTableSection (anonymous) at (0,0) size 25x86
                    RenderTableRow (anonymous) at (0,2) size 21x86
                      RenderTableCell {TD} at (2,2) size 21x40 [r=0 c=0 rs=1 cs=1]
                        RenderText {#text} at (1,1) size 19x38
                          text run at (1,1) width 38: "Cell 3"
                      RenderTableCell {TD} at (2,44) size 21x40 [r=0 c=1 rs=1 cs=1]
                        RenderText {#text} at (1,1) size 19x38
                          text run at (1,1) width 38: "Cell 4"
      RenderTable at (0,586) size 102x610
        RenderTableSection (anonymous) at (0,0) size 102x610
          RenderTableRow (anonymous) at (0,0) size 102x610
            RenderTableCell {P} at (0,0) size 102x610 [border: (1px solid #000000)] [r=0 c=0 rs=1 cs=1]
              RenderText {#text} at (1,1) size 100x608
                text run at (1,1) width 84: "Lorem ipsum"
                text run at (1,20) width 89: "dolor sit amet,"
                text run at (1,39) width 71: "consectetur"
                text run at (1,58) width 95: "adipisicing elit,"
                text run at (1,77) width 98: "sed do eiusmod"
                text run at (1,96) width 44: "tempor"
                text run at (1,115) width 79: "incididunt ut"
                text run at (1,134) width 98: "labore et dolore"
                text run at (1,153) width 88: "magna aliqua."
                text run at (1,172) width 70: "Ut enim ad"
                text run at (1,191) width 94: "minim veniam,"
                text run at (1,210) width 77: "quis nostrud"
                text run at (1,229) width 73: "exercitation"
                text run at (1,248) width 96: "ullamco laboris"
                text run at (1,267) width 85: "nisi ut aliquip"
                text run at (1,286) width 100: "ex ea commodo"
                text run at (1,305) width 67: "consequat."
                text run at (1,324) width 93: "Duis aute irure"
                text run at (1,343) width 49: "dolor in"
                text run at (1,362) width 99: "reprehenderit in"
                text run at (1,381) width 89: "voluptate velit"
                text run at (1,400) width 69: "esse cillum"
                text run at (1,419) width 99: "dolore eu fugiat"
                text run at (1,438) width 87: "nulla pariatur."
                text run at (1,457) width 90: "Excepteur sint"
                text run at (1,476) width 54: "occaecat"
                text run at (1,495) width 85: "cupidatat non"
                text run at (1,514) width 86: "proident, sunt"
                text run at (1,533) width 74: "in culpa qui"
                text run at (1,552) width 97: "officia deserunt"
                text run at (1,571) width 87: "mollit anim id"
                text run at (1,590) width 77: "est laborum."
