layer at (0,0) size 800x600
  RenderView at (0,0) size 800x600
layer at (0,0) size 800x502
  RenderBlock {HTML} at (0,0) size 800x502
    RenderBody {BODY} at (8,10) size 784x484
      RenderBlock {TABLE} at (10,0) size 764x100 [border: (1px solid #000000)]
        RenderTable at (1,1) size 116x98
          RenderTableSection {THEAD} at (0,0) size 116x25
            RenderTableRow {TR} at (0,2) size 116x21
              RenderTableCell {TD} at (2,2) size 55x21 [r=0 c=0 rs=1 cs=1]
                RenderText {#text} at (1,1) size 46x19
                  text run at (1,1) width 46: "Head 1"
              RenderTableCell {TD} at (59,2) size 55x21 [r=0 c=1 rs=1 cs=1]
                RenderText {#text} at (1,1) size 46x19
                  text run at (1,1) width 46: "Head 2"
          RenderTableSection {TFOOT} at (0,73) size 116x25
            RenderTableRow {TR} at (0,2) size 116x21
              RenderTableCell {TD} at (2,2) size 55x21 [r=0 c=0 rs=1 cs=1]
                RenderText {#text} at (1,1) size 53x19
                  text run at (1,1) width 53: "Footer 1"
              RenderTableCell {TD} at (59,2) size 55x21 [r=0 c=1 rs=1 cs=1]
                RenderText {#text} at (1,1) size 53x19
                  text run at (1,1) width 53: "Footer 2"
          RenderTableSection {TBODY} at (0,25) size 116x48
            RenderTableRow {TR} at (0,2) size 116x21
              RenderTableCell {TD} at (2,2) size 55x21 [r=0 c=0 rs=1 cs=1]
                RenderText {#text} at (1,1) size 38x19
                  text run at (1,1) width 38: "Cell 1"
              RenderTableCell {TD} at (59,2) size 55x21 [r=0 c=1 rs=1 cs=1]
                RenderText {#text} at (1,1) size 38x19
                  text run at (1,1) width 38: "Cell 2"
            RenderTableRow {TR} at (0,25) size 116x21
              RenderTableCell {TD} at (2,25) size 55x21 [r=1 c=0 rs=1 cs=1]
                RenderText {#text} at (1,1) size 38x19
                  text run at (1,1) width 38: "Cell 3"
              RenderTableCell {TD} at (59,25) size 55x21 [r=1 c=1 rs=1 cs=1]
                RenderText {#text} at (1,1) size 38x19
                  text run at (1,1) width 38: "Cell 4"
      RenderBlock {TABLE} at (10,110) size 764x56 [border: (1px solid #000000)]
        RenderTable at (1,1) size 220x54
          RenderTableSection (anonymous) at (0,0) size 220x29
            RenderTableRow (anonymous) at (0,2) size 220x25
              RenderTableCell {THEAD} at (2,2) size 100x25 [r=0 c=0 rs=1 cs=1]
                RenderTable at (0,0) size 100x25
                  RenderTableSection (anonymous) at (0,0) size 100x25
                    RenderTableRow (anonymous) at (0,2) size 100x21
                      RenderTableCell {TR} at (2,2) size 96x21 [r=0 c=0 rs=1 cs=1]
                        RenderInline {TD} at (0,0) size 48x21
                          RenderText {#text} at (1,2) size 46x19
                            text run at (1,2) width 46: "Head 1"
                        RenderInline {TD} at (0,0) size 48x21
                          RenderText {#text} at (49,2) size 46x19
                            text run at (49,2) width 46: "Head 2"
              RenderTableCell {TFOOT} at (104,2) size 114x25 [r=0 c=1 rs=1 cs=1]
                RenderTable at (0,0) size 114x25
                  RenderTableSection (anonymous) at (0,0) size 114x25
                    RenderTableRow (anonymous) at (0,2) size 114x21
                      RenderTableCell {TR} at (2,2) size 110x21 [r=0 c=0 rs=1 cs=1]
                        RenderInline {TD} at (0,0) size 55x21
                          RenderText {#text} at (1,2) size 53x19
                            text run at (1,2) width 53: "Footer 1"
                        RenderInline {TD} at (0,0) size 55x21
                          RenderText {#text} at (56,2) size 53x19
                            text run at (56,2) width 53: "Footer 2"
          RenderTableSection {TBODY} at (0,29) size 220x25
            RenderTableRow (anonymous) at (0,2) size 220x21
              RenderTableCell {TR} at (2,2) size 100x21 [r=0 c=0 rs=1 cs=1]
                RenderInline {TD} at (0,0) size 40x21
                  RenderText {#text} at (1,2) size 38x19
                    text run at (1,2) width 38: "Cell 1"
                RenderInline {TD} at (0,0) size 40x21
                  RenderText {#text} at (41,2) size 38x19
                    text run at (41,2) width 38: "Cell 2"
              RenderTableCell {TR} at (104,2) size 114x21 [r=0 c=1 rs=1 cs=1]
                RenderInline {TD} at (0,0) size 40x21
                  RenderText {#text} at (1,2) size 38x19
                    text run at (1,2) width 38: "Cell 3"
                RenderInline {TD} at (0,0) size 40x21
                  RenderText {#text} at (41,2) size 38x19
                    text run at (41,2) width 38: "Cell 4"
      RenderBlock {TABLE} at (10,176) size 764x106 [border: (1px solid #000000)]
        RenderBlock {THEAD} at (1,1) size 762x25
          RenderBlock {TR} at (0,0) size 762x25
            RenderTable at (0,0) size 102x25
              RenderTableSection (anonymous) at (0,0) size 102x25
                RenderTableRow (anonymous) at (0,2) size 102x21
                  RenderTableCell {TD} at (2,2) size 48x21 [r=0 c=0 rs=1 cs=1]
                    RenderText {#text} at (1,1) size 46x19
                      text run at (1,1) width 46: "Head 1"
                  RenderTableCell {TD} at (52,2) size 48x21 [r=0 c=1 rs=1 cs=1]
                    RenderText {#text} at (1,1) size 46x19
                      text run at (1,1) width 46: "Head 2"
        RenderBlock {TFOOT} at (1,26) size 762x25
          RenderBlock {TR} at (0,0) size 762x25
            RenderTable at (0,0) size 116x25
              RenderTableSection (anonymous) at (0,0) size 116x25
                RenderTableRow (anonymous) at (0,2) size 116x21
                  RenderTableCell {TD} at (2,2) size 55x21 [r=0 c=0 rs=1 cs=1]
                    RenderText {#text} at (1,1) size 53x19
                      text run at (1,1) width 53: "Footer 1"
                  RenderTableCell {TD} at (59,2) size 55x21 [r=0 c=1 rs=1 cs=1]
                    RenderText {#text} at (1,1) size 53x19
                      text run at (1,1) width 53: "Footer 2"
        RenderTable at (1,51) size 90x54
          RenderTableSection {TBODY} at (0,0) size 90x54
            RenderTableRow (anonymous) at (0,2) size 90x50
              RenderTableCell (anonymous) at (2,2) size 86x50 [r=0 c=0 rs=1 cs=1]
                RenderBlock {TR} at (0,0) size 86x25
                  RenderTable at (0,0) size 86x25
                    RenderTableSection (anonymous) at (0,0) size 86x25
                      RenderTableRow (anonymous) at (0,2) size 86x21
                        RenderTableCell {TD} at (2,2) size 40x21 [r=0 c=0 rs=1 cs=1]
                          RenderText {#text} at (1,1) size 38x19
                            text run at (1,1) width 38: "Cell 1"
                        RenderTableCell {TD} at (44,2) size 40x21 [r=0 c=1 rs=1 cs=1]
                          RenderText {#text} at (1,1) size 38x19
                            text run at (1,1) width 38: "Cell 2"
                RenderBlock {TR} at (0,25) size 86x25
                  RenderTable at (0,0) size 86x25
                    RenderTableSection (anonymous) at (0,0) size 86x25
                      RenderTableRow (anonymous) at (0,2) size 86x21
                        RenderTableCell {TD} at (2,2) size 40x21 [r=0 c=0 rs=1 cs=1]
                          RenderText {#text} at (1,1) size 38x19
                            text run at (1,1) width 38: "Cell 3"
                        RenderTableCell {TD} at (44,2) size 40x21 [r=0 c=1 rs=1 cs=1]
                          RenderText {#text} at (1,1) size 38x19
                            text run at (1,1) width 38: "Cell 4"
      RenderTable at (0,292) size 302x192
        RenderTableSection (anonymous) at (0,0) size 302x192
          RenderTableRow (anonymous) at (0,0) size 302x192
            RenderTableCell {P} at (0,0) size 302x192 [border: (1px solid #000000)] [r=0 c=0 rs=1 cs=1]
              RenderText {#text} at (1,1) size 299x190
                text run at (1,1) width 252: "Lorem ipsum dolor sit amet, consectetur"
                text run at (1,20) width 245: "adipisicing elit, sed do eiusmod tempor"
                text run at (1,39) width 293: "incididunt ut labore et dolore magna aliqua. Ut"
                text run at (1,58) width 229: "enim ad minim veniam, quis nostrud"
                text run at (1,77) width 299: "exercitation ullamco laboris nisi ut aliquip ex ea"
                text run at (1,96) width 284: "commodo consequat. Duis aute irure dolor in"
                text run at (1,115) width 265: "reprehenderit in voluptate velit esse cillum"
                text run at (1,134) width 284: "dolore eu fugiat nulla pariatur. Excepteur sint"
                text run at (1,153) width 287: "occaecat cupidatat non proident, sunt in culpa"
                text run at (1,172) width 293: "qui officia deserunt mollit anim id est laborum."
