layer at (0,0) size 800x600
  RenderView at (0,0) size 800x600
layer at (0,0) size 800x600
  RenderBlock {HTML} at (0,0) size 800x600
    RenderBody {BODY} at (8,10) size 784x582
      RenderTable {TABLE} at (10,0) size 118x100 [border: (1px solid #000000)]
        RenderTableSection {THEAD} at (1,1) size 116x25
          RenderTableRow {TR} at (0,2) size 116x21
            RenderTableCell {TD} at (2,2) size 55x21 [r=0 c=0 rs=1 cs=1]
              RenderText {#text} at (1,1) size 46x19
                text run at (1,1) width 46: "Head 1"
            RenderTableCell {TD} at (59,2) size 55x21 [r=0 c=1 rs=1 cs=1]
              RenderText {#text} at (1,1) size 46x19
                text run at (1,1) width 46: "Head 2"
        RenderTableSection {TFOOT} at (1,74) size 116x25
          RenderTableRow {TR} at (0,2) size 116x21
            RenderTableCell {TD} at (2,2) size 55x21 [r=0 c=0 rs=1 cs=1]
              RenderText {#text} at (1,1) size 53x19
                text run at (1,1) width 53: "Footer 1"
            RenderTableCell {TD} at (59,2) size 55x21 [r=0 c=1 rs=1 cs=1]
              RenderText {#text} at (1,1) size 53x19
                text run at (1,1) width 53: "Footer 2"
        RenderTableSection {TBODY} at (1,26) size 116x48
          RenderTableRow {TR} at (0,2) size 116x21
            RenderTableCell {TD} at (2,2) size 55x21 [r=0 c=0 rs=1 cs=1]
              RenderText {#text} at (1,1) size 38x19
                text run at (1,1) width 38: "Cell 1"
            RenderTableCell {TD} at (59,2) size 55x21 [r=0 c=1 rs=1 cs=1]
              RenderText {#text} at (1,1) size 38x19
                text run at (1,1) width 38: "Cell 2"
          RenderTableRow {TR} at (0,25) size 116x21
            RenderTableCell {TD} at (2,25) size 55x21 [r=1 c=0 rs=1 cs=1]
              RenderText {#text} at (1,1) size 38x19
                text run at (1,1) width 38: "Cell 3"
            RenderTableCell {TD} at (59,25) size 55x21 [r=1 c=1 rs=1 cs=1]
              RenderText {#text} at (1,1) size 38x19
                text run at (1,1) width 38: "Cell 4"
      RenderBlock {P} at (0,116) size 784x19
        RenderText {#text} at (0,0) size 222x19
          text run at (0,0) width 222: "Row groups have display:table-cell"
      RenderTable {TABLE} at (10,151) size 234x64 [border: (1px solid #000000)]
        RenderTableSection (anonymous) at (1,1) size 232x33
          RenderTableRow (anonymous) at (0,2) size 232x29
            RenderTableCell {THEAD} at (2,2) size 106x29 [r=0 c=0 rs=1 cs=1]
              RenderTable at (0,0) size 106x29
                RenderTableSection (anonymous) at (0,0) size 106x29
                  RenderTableRow (anonymous) at (0,2) size 106x25
                    RenderTableCell {TR} at (2,2) size 102x25 [r=0 c=0 rs=1 cs=1]
                      RenderTable at (0,0) size 102x25
                        RenderTableSection (anonymous) at (0,0) size 102x25
                          RenderTableRow (anonymous) at (0,2) size 102x21
                            RenderTableCell {TD} at (2,2) size 48x21 [r=0 c=0 rs=1 cs=1]
                              RenderText {#text} at (1,1) size 46x19
                                text run at (1,1) width 46: "Head 1"
                            RenderTableCell {TD} at (52,2) size 48x21 [r=0 c=1 rs=1 cs=1]
                              RenderText {#text} at (1,1) size 46x19
                                text run at (1,1) width 46: "Head 2"
            RenderTableCell {TFOOT} at (110,2) size 120x29 [r=0 c=1 rs=1 cs=1]
              RenderTable at (0,0) size 120x29
                RenderTableSection (anonymous) at (0,0) size 120x29
                  RenderTableRow (anonymous) at (0,2) size 120x25
                    RenderTableCell {TR} at (2,2) size 116x25 [r=0 c=0 rs=1 cs=1]
                      RenderTable at (0,0) size 116x25
                        RenderTableSection (anonymous) at (0,0) size 116x25
                          RenderTableRow (anonymous) at (0,2) size 116x21
                            RenderTableCell {TD} at (2,2) size 55x21 [r=0 c=0 rs=1 cs=1]
                              RenderText {#text} at (1,1) size 53x19
                                text run at (1,1) width 53: "Footer 1"
                            RenderTableCell {TD} at (59,2) size 55x21 [r=0 c=1 rs=1 cs=1]
                              RenderText {#text} at (1,1) size 53x19
                                text run at (1,1) width 53: "Footer 2"
        RenderTableSection {TBODY} at (1,34) size 232x29
          RenderTableRow (anonymous) at (0,2) size 232x25
            RenderTableCell {TR} at (2,2) size 106x25 [r=0 c=0 rs=1 cs=1]
              RenderTable at (0,0) size 86x25
                RenderTableSection (anonymous) at (0,0) size 86x25
                  RenderTableRow (anonymous) at (0,2) size 86x21
                    RenderTableCell {TD} at (2,2) size 40x21 [r=0 c=0 rs=1 cs=1]
                      RenderText {#text} at (1,1) size 38x19
                        text run at (1,1) width 38: "Cell 1"
                    RenderTableCell {TD} at (44,2) size 40x21 [r=0 c=1 rs=1 cs=1]
                      RenderText {#text} at (1,1) size 38x19
                        text run at (1,1) width 38: "Cell 2"
            RenderTableCell {TR} at (110,2) size 120x25 [r=0 c=1 rs=1 cs=1]
              RenderTable at (0,0) size 86x25
                RenderTableSection (anonymous) at (0,0) size 86x25
                  RenderTableRow (anonymous) at (0,2) size 86x21
                    RenderTableCell {TD} at (2,2) size 40x21 [r=0 c=0 rs=1 cs=1]
                      RenderText {#text} at (1,1) size 38x19
                        text run at (1,1) width 38: "Cell 3"
                    RenderTableCell {TD} at (44,2) size 40x21 [r=0 c=1 rs=1 cs=1]
                      RenderText {#text} at (1,1) size 38x19
                        text run at (1,1) width 38: "Cell 4"
      RenderBlock {P} at (0,231) size 784x19
        RenderText {#text} at (0,0) size 200x19
          text run at (0,0) width 200: "Row groups have display:block"
      RenderTable {TABLE} at (10,266) size 122x110 [border: (1px solid #000000)]
        RenderTableSection (anonymous) at (1,1) size 120x54
          RenderTableRow (anonymous) at (0,2) size 120x50
            RenderTableCell (anonymous) at (2,2) size 116x50 [r=0 c=0 rs=1 cs=1]
              RenderBlock {THEAD} at (0,0) size 116x25
                RenderBlock {TR} at (0,0) size 116x25
                  RenderTable at (0,0) size 102x25
                    RenderTableSection (anonymous) at (0,0) size 102x25
                      RenderTableRow (anonymous) at (0,2) size 102x21
                        RenderTableCell {TD} at (2,2) size 48x21 [r=0 c=0 rs=1 cs=1]
                          RenderText {#text} at (1,1) size 46x19
                            text run at (1,1) width 46: "Head 1"
                        RenderTableCell {TD} at (52,2) size 48x21 [r=0 c=1 rs=1 cs=1]
                          RenderText {#text} at (1,1) size 46x19
                            text run at (1,1) width 46: "Head 2"
              RenderBlock {TFOOT} at (0,25) size 116x25
                RenderBlock {TR} at (0,0) size 116x25
                  RenderTable at (0,0) size 116x25
                    RenderTableSection (anonymous) at (0,0) size 116x25
                      RenderTableRow (anonymous) at (0,2) size 116x21
                        RenderTableCell {TD} at (2,2) size 55x21 [r=0 c=0 rs=1 cs=1]
                          RenderText {#text} at (1,1) size 53x19
                            text run at (1,1) width 53: "Footer 1"
                        RenderTableCell {TD} at (59,2) size 55x21 [r=0 c=1 rs=1 cs=1]
                          RenderText {#text} at (1,1) size 53x19
                            text run at (1,1) width 53: "Footer 2"
        RenderTableSection {TBODY} at (1,55) size 120x54
          RenderTableRow (anonymous) at (0,2) size 120x50
            RenderTableCell (anonymous) at (2,2) size 116x50 [r=0 c=0 rs=1 cs=1]
              RenderBlock {TR} at (0,0) size 116x25
                RenderTable at (0,0) size 86x25
                  RenderTableSection (anonymous) at (0,0) size 86x25
                    RenderTableRow (anonymous) at (0,2) size 86x21
                      RenderTableCell {TD} at (2,2) size 40x21 [r=0 c=0 rs=1 cs=1]
                        RenderText {#text} at (1,1) size 38x19
                          text run at (1,1) width 38: "Cell 1"
                      RenderTableCell {TD} at (44,2) size 40x21 [r=0 c=1 rs=1 cs=1]
                        RenderText {#text} at (1,1) size 38x19
                          text run at (1,1) width 38: "Cell 2"
              RenderBlock {TR} at (0,25) size 116x25
                RenderTable at (0,0) size 86x25
                  RenderTableSection (anonymous) at (0,0) size 86x25
                    RenderTableRow (anonymous) at (0,2) size 86x21
                      RenderTableCell {TD} at (2,2) size 40x21 [r=0 c=0 rs=1 cs=1]
                        RenderText {#text} at (1,1) size 38x19
                          text run at (1,1) width 38: "Cell 3"
                      RenderTableCell {TD} at (44,2) size 40x21 [r=0 c=1 rs=1 cs=1]
                        RenderText {#text} at (1,1) size 38x19
                          text run at (1,1) width 38: "Cell 4"
      RenderTable at (0,386) size 302x192
        RenderTableSection (anonymous) at (0,0) size 302x192
          RenderTableRow (anonymous) at (0,0) size 302x192
            RenderTableCell {P} at (0,0) size 302x192 [border: (1px solid #000000)] [r=0 c=0 rs=1 cs=1]
              RenderText {#text} at (1,1) size 299x190
                text run at (1,1) width 252: "Lorem ipsum dolor sit amet, consectetur"
                text run at (1,20) width 245: "adipisicing elit, sed do eiusmod tempor"
                text run at (1,39) width 293: "incididunt ut labore et dolore magna aliqua. Ut"
                text run at (1,58) width 229: "enim ad minim veniam, quis nostrud"
                text run at (1,77) width 299: "exercitation ullamco laboris nisi ut aliquip ex ea"
                text run at (1,96) width 284: "commodo consequat. Duis aute irure dolor in"
                text run at (1,115) width 265: "reprehenderit in voluptate velit esse cillum"
                text run at (1,134) width 284: "dolore eu fugiat nulla pariatur. Excepteur sint"
                text run at (1,153) width 287: "occaecat cupidatat non proident, sunt in culpa"
                text run at (1,172) width 293: "qui officia deserunt mollit anim id est laborum."
