layer at (0,0) size 800x600
  RenderView at (0,0) size 800x600
layer at (0,0) size 800x497
  RenderBlock {HTML} at (0,0) size 800x497
    RenderBody {BODY} at (8,16) size 784x465
      RenderBlock {P} at (0,0) size 784x38
        RenderText {#text} at (0,0) size 172x19
          text run at (0,0) width 172: "This is a regression test for "
        RenderInline {I} at (0,0) size 738x38
          RenderInline {A} at (0,0) size 348x19 [color=#0000EE]
            RenderText {#text} at (172,0) size 348x19
              text run at (172,0) width 348: "http://bugzilla.opendarwin.org/show_bug.cgi?id=9122"
          RenderText {#text} at (520,0) size 738x38
            text run at (520,0) width 4: " "
            text run at (524,0) width 214: "REGRESSION: Incorrect vertical"
            text run at (0,19) width 304: "position for text fields in a \"display: table\" block"
        RenderText {#text} at (304,19) size 4x19
          text run at (304,19) width 4: "."
      RenderBlock {P} at (0,54) size 784x38
        RenderText {#text} at (0,0) size 745x38
          text run at (0,0) width 745: "Type something in the text field. Resize the window. The text field should not jump down. Delete what you typed and"
          text run at (0,19) width 320: "resize the window. The text field should not move."
      RenderBlock {FORM} at (0,108) size 784x357
        RenderTable {DL} at (0,0) size 224x33
          RenderTableSection (anonymous) at (0,0) size 224x33
            RenderTableRow {DIV} at (0,0) size 224x33
              RenderTableCell {DT} at (0,8) size 25x19 [r=0 c=0 rs=1 cs=1]
                RenderText {#text} at (0,0) size 25x19
                  text run at (0,0) width 25: "Foo"
              RenderTableCell {DD} at (25,0) size 199x33 [r=0 c=1 rs=1 cs=1]
                RenderTextControl {INPUT} at (2,2) size 195x29 [color=#202020]
        RenderBlock {HR} at (0,49) size 784x2 [border: (1px inset #000000)]
        RenderBlock {P} at (0,67) size 784x38
          RenderText {#text} at (0,0) size 781x38
            text run at (0,0) width 781: "And here's more. There should not be a difference in distance between the labels, nor any difference in distance between the"
            text run at (0,19) width 65: "text fields."
        RenderTable {DL} at (0,121) size 234x236
          RenderTableSection (anonymous) at (0,0) size 234x236
            RenderTableRow {DIV} at (0,0) size 234x33
              RenderTableCell {DT} at (0,8) size 25x19 [r=0 c=0 rs=1 cs=1]
                RenderText {#text} at (0,0) size 25x19
                  text run at (0,0) width 25: "Foo"
              RenderTableCell {DD} at (25,0) size 209x33 [r=0 c=1 rs=1 cs=1]
                RenderTextControl {INPUT} at (2,2) size 195x29 [color=#202020]
            RenderTableRow {DIV} at (0,33) size 234x33
              RenderTableCell {DT} at (0,41) size 25x19 [r=1 c=0 rs=1 cs=1]
                RenderText {#text} at (0,0) size 25x19
                  text run at (0,0) width 25: "Foo"
              RenderTableCell {DD} at (25,33) size 209x33 [r=1 c=1 rs=1 cs=1]
                RenderTextControl {INPUT} at (2,2) size 195x29 [color=#202020]
            RenderTableRow {DIV} at (0,66) size 234x33
              RenderTableCell {DT} at (0,74) size 25x19 [r=2 c=0 rs=1 cs=1]
                RenderText {#text} at (0,0) size 25x19
                  text run at (0,0) width 25: "Foo"
              RenderTableCell {DD} at (25,66) size 209x33 [r=2 c=1 rs=1 cs=1]
                RenderTextControl {INPUT} at (2,2) size 195x29 [color=#202020]
            RenderTableRow {DIV} at (0,99) size 234x33
              RenderTableCell {DT} at (0,107) size 25x19 [r=3 c=0 rs=1 cs=1]
                RenderText {#text} at (0,0) size 25x19
                  text run at (0,0) width 25: "Foo"
              RenderTableCell {DD} at (25,99) size 209x33 [r=3 c=1 rs=1 cs=1]
                RenderTextControl {INPUT} at (2,2) size 195x29 [color=#202020]
            RenderTableRow {DIV} at (0,132) size 234x33
              RenderTableCell {DT} at (0,140) size 25x19 [r=4 c=0 rs=1 cs=1]
                RenderText {#text} at (0,0) size 25x19
                  text run at (0,0) width 25: "Foo"
              RenderTableCell {DD} at (25,132) size 209x33 [r=4 c=1 rs=1 cs=1]
                RenderTextControl {INPUT} at (2,2) size 195x29 [color=#202020]
            RenderTableRow {DIV} at (0,165) size 234x33
              RenderTableCell {DT} at (0,173) size 25x19 [r=5 c=0 rs=1 cs=1]
                RenderText {#text} at (0,0) size 25x19
                  text run at (0,0) width 25: "Foo"
              RenderTableCell {DD} at (25,165) size 209x33 [r=5 c=1 rs=1 cs=1]
                RenderTextControl {INPUT} at (2,2) size 195x29 [color=#202020]
            RenderTableRow {DIV} at (0,198) size 234x38
              RenderTableCell {DT} at (0,217) size 25x19 [r=6 c=0 rs=1 cs=1]
                RenderText {#text} at (0,0) size 25x19
                  text run at (0,0) width 25: "Foo"
              RenderTableCell {DD} at (25,198) size 209x38 [r=6 c=1 rs=1 cs=1]
                RenderBlock {DIV} at (0,0) size 209x38
                  RenderBR {BR} at (0,0) size 0x19
                  RenderText {#text} at (0,19) size 209x19
                    text run at (0,19) width 209: "Bar (should be aligned with Foo)"
layer at (39,132) size 188x19
  RenderBlock {DIV} at (4,6) size 188x19
layer at (39,253) size 188x19
  RenderBlock {DIV} at (4,6) size 188x19
layer at (39,286) size 188x19
  RenderBlock {DIV} at (4,6) size 188x19
layer at (39,319) size 188x19
  RenderBlock {DIV} at (4,6) size 188x19
    RenderText {#text} at (1,0) size 25x19
      text run at (1,0) width 25: "Bar"
layer at (39,352) size 188x19
  RenderBlock {DIV} at (4,6) size 188x19
    RenderText {#text} at (1,0) size 25x19
      text run at (1,0) width 25: "Bar"
layer at (39,385) size 188x19
  RenderBlock {DIV} at (4,6) size 188x19
layer at (39,418) size 188x19
  RenderBlock {DIV} at (4,6) size 188x19
