layer at (0,0) size 800x600
  RenderView at (0,0) size 800x600
layer at (0,0) size 800x53
  RenderBlock {html} at (0,0) size 800x53
    RenderBody {body} at (8,16) size 784x21
      RenderBlock {p} at (0,0) size 784x21
        RenderText {#text} at (0,0) size 307x17
          text run at (0,0) width 307: "The green square should be vertically centered: "
        RenderMathMLMath {math} at (307,1) size 30x20
          RenderInline {mi} at (0,0) size 8x24
            RenderText {#text} at (1,-4) size 8x24
              text run at (1,-4) width 8: "x"
          RenderBlock {div} at (8,0) size 20x20 [bgcolor=#00FF00]
        RenderText {#text} at (0,0) size 0x0
