layer at (0,0) size 800x600
  RenderView at (0,0) size 800x600
layer at (0,0) size 800x422
  RenderBlock {HTML} at (0,0) size 800x422
    RenderBody {BODY} at (8,16) size 784x390
      RenderBlock {P} at (0,0) size 784x22
        RenderText {#text} at (0,0) size 644x22
          text run at (0,0) width 644: "The following two blocks should look identical (to the pixel), and they should both say \"PASS\":"
      RenderBlock {P} at (0,38) size 784x168
        RenderEmbeddedObject {OBJECT} at (0,0) size 784x162 [border: (3px inset #000080)]
          layer at (0,0) size 778x156
            RenderView at (0,0) size 778x156
          layer at (0,0) size 778x156
            RenderSVGRoot {svg} at (0,0) size 467x156
              RenderSVGText {text} at (0,-1) size 3x3 contains 1 chunk(s)
                RenderSVGInlineText {#text} at (0,0) size 3x3
                  chunk 1 text run 1 at (0.00,0.80) startOffset 0 endOffset 4 width 2.46: "PASS"
      RenderBlock {P} at (0,222) size 784x168
        RenderEmbeddedObject {OBJECT} at (0,0) size 784x162 [border: (3px inset #000080)]
          layer at (0,0) size 778x156
            RenderView at (0,0) size 778x156
          layer at (0,0) size 778x156
            RenderSVGRoot {svg} at (0,0) size 383x156
              RenderSVGText {text} at (0,-165) size 2456x1313 contains 1 chunk(s)
                RenderSVGInlineText {#text} at (0,0) size 2456x1313
                  chunk 1 text run 1 at (0.00,800.00) startOffset 0 endOffset 4 width 2455.01: "PASS"
