layer at (0,0) size 800x600
  RenderView at (0,0) size 800x600
layer at (0,0) size 800x600
  RenderBlock {HTML} at (0,0) size 800x600
    RenderBody {BODY} at (8,8) size 784x584
      RenderBlock {P} at (0,0) size 784x36
        RenderText {#text} at (0,0) size 508x17
          text run at (0,0) width 508: "This tests the correct placement of inline spelling and grammar markers in text."
        RenderBR {BR} at (507,14) size 1x0
        RenderText {#text} at (0,18) size 488x17
          text run at (0,18) width 488: "Spelling markers should line up exactly under misspelled words in all cases."
      RenderBlock (anonymous) at (0,52) size 784x18
        RenderText {#text} at (0,0) size 31x17
          text run at (0,0) width 31: "LTR"
      RenderBlock (anonymous) at (0,92) size 784x18
        RenderText {#text} at (0,0) size 31x17
          text run at (0,0) width 31: "RTL"
      RenderBlock (anonymous) at (0,132) size 784x18
        RenderText {#text} at (0,0) size 189x17
          text run at (0,0) width 189: "LTR (text-overflow:ellipses):"
      RenderBlock (anonymous) at (0,172) size 784x18
        RenderText {#text} at (0,0) size 189x17
          text run at (0,0) width 189: "RTL (text-overflow:ellipses):"
layer at (8,78) size 202x22 clip at (9,79) size 200x20 scrollWidth 228
  RenderBlock {DIV} at (0,70) size 202x22 [border: (1px solid #000000)]
    RenderText {#text} at (1,1) size 227x17
      text run at (1,1) width 227: "the the adlj adaasj sdklj. there there"
layer at (8,118) size 202x22 clip at (9,119) size 200x20 scrollX 27 scrollWidth 227
  RenderBlock {DIV} at (0,110) size 202x22 [border: (1px solid #000000)]
    RenderText {#text} at (-25,1) size 227x17
      text run at (-25,1) width 226 RTL override: "the the adlj adaasj sdklj. there there"
layer at (8,158) size 202x22 clip at (9,159) size 200x20 scrollWidth 228
  RenderBlock {DIV} at (0,150) size 202x22 [border: (1px solid #000000)]
    RenderText {#text} at (1,1) size 227x17
      text run at (1,1) width 227: "the the adlj adaasj sdklj. there there"
layer at (8,198) size 202x22 clip at (9,199) size 200x20 scrollX 27 scrollWidth 227
  RenderBlock {DIV} at (0,190) size 202x22 [border: (1px solid #000000)]
    RenderText {#text} at (-25,1) size 227x17
      text run at (-25,1) width 226 RTL override: "the the adlj adaasj sdklj. there there"
