layer at (0,0) size 1188x600
  RenderView at (0,0) size 800x600
layer at (0,0) size 800x600
  RenderBlock {HTML} at (0,0) size 800x600
    RenderBody {BODY} at (8,8) size 784x584
layer at (8,8) size 784x504
  RenderBlock {DIV} at (0,0) size 784x504 [border: (2px solid #FF0000)]
    RenderBlock {DIV} at (2,2) size 382x1468
      RenderBlock {DIV} at (0,0) size 382x253
        RenderText {#text} at (0,18) size 363x62
          text run at (0,18) width 363: "All of this text even though it's smaller should be on the 36px"
          text run at (0,61) width 354: "grid. The grid should reset at the top of the second column."
        RenderBR {BR} at (354,76) size 0x0
        RenderText {#text} at (0,104) size 363x62
          text run at (0,104) width 363: "All of this text even though it's smaller should be on the 36px"
          text run at (0,147) width 354: "grid. The grid should reset at the top of the second column."
        RenderBR {BR} at (354,162) size 0x0
        RenderText {#text} at (0,190) size 363x62
          text run at (0,190) width 363: "All of this text even though it's smaller should be on the 36px"
          text run at (0,233) width 354: "grid. The grid should reset at the top of the second column."
        RenderBR {BR} at (354,248) size 0x0
      RenderBlock {DIV} at (0,253) size 382x545
        RenderText {#text} at (0,17) size 369x156
          text run at (0,17) width 369: "All of this text even though it's smaller"
          text run at (0,60) width 347: "should be on the 36px grid. The grid"
          text run at (0,103) width 347: "should reset at the top of the second"
          text run at (0,146) width 77: "column."
        RenderBR {BR} at (77,167) size 0x0
        RenderText {#text} at (0,189) size 369x183
          text run at (0,189) width 369: "All of this text even though it's smaller"
          text run at (0,259) width 347: "should be on the 36px grid. The grid"
          text run at (0,302) width 347: "should reset at the top of the second"
          text run at (0,345) width 77: "column."
        RenderBR {BR} at (77,366) size 0x0
        RenderText {#text} at (0,388) size 369x156
          text run at (0,388) width 369: "All of this text even though it's smaller"
          text run at (0,431) width 347: "should be on the 36px grid. The grid"
          text run at (0,474) width 347: "should reset at the top of the second"
          text run at (0,517) width 77: "column."
        RenderBR {BR} at (77,538) size 0x0
      RenderBlock {DIV} at (0,798) size 382x280
        RenderText {#text} at (0,26) size 372x55
          text run at (0,26) width 372: "All of this text even though it's smaller should be on the 36px grid. The grid should reset at"
          text run at (0,69) width 119: "the top of the second column."
        RenderBR {BR} at (119,79) size 0x0
        RenderText {#text} at (0,112) size 372x55
          text run at (0,112) width 372: "All of this text even though it's smaller should be on the 36px grid. The grid should reset at"
          text run at (0,155) width 119: "the top of the second column."
        RenderBR {BR} at (119,165) size 0x0
        RenderText {#text} at (0,225) size 372x55
          text run at (0,225) width 372: "All of this text even though it's smaller should be on the 36px grid. The grid should reset at"
          text run at (0,268) width 119: "the top of the second column."
        RenderBR {BR} at (119,278) size 0x0
      RenderBlock {DIV} at (0,1078) size 382x390
        RenderText {#text} at (0,25) size 376x106
          text run at (0,25) width 372: "All of this text even though it's smaller should be on"
          text run at (0,68) width 376: "the 36px grid. The grid should reset at the top of the"
          text run at (0,111) width 113: "second column."
        RenderBR {BR} at (113,127) size 0x0
        RenderText {#text} at (0,154) size 376x106
          text run at (0,154) width 372: "All of this text even though it's smaller should be on"
          text run at (0,197) width 376: "the 36px grid. The grid should reset at the top of the"
          text run at (0,240) width 113: "second column."
        RenderBR {BR} at (113,256) size 0x0
        RenderText {#text} at (0,283) size 376x106
          text run at (0,283) width 372: "All of this text even though it's smaller should be on"
          text run at (0,326) width 376: "the 36px grid. The grid should reset at the top of the"
          text run at (0,369) width 113: "second column."
        RenderBR {BR} at (113,385) size 0x0
