layer at (0,0) size 800x600
  RenderView at (0,0) size 800x600
layer at (0,0) size 800x569 layerType: background only
layer at (8,26) size 784x0
  RenderBlock (relative positioned) zI: -1 {DIV} at (0,0) size 784x0 [color=#FF0000]
    RenderInline {SPAN} at (0,0) size 11x18
      RenderText {#text} at (0,1) size 11x18
        text run at (0,1) width 11 RTL: "\x{5D0}"
    RenderText zI: -1 {#text} at (10,1) size 76x18
      text run at (10,1) width 76: " (3 reviews)"
layer at (8,81) size 784x0
  RenderBlock (relative positioned) zI: -1 {DIV} at (0,0) size 784x0 [color=#FF0000]
    RenderText zI: -1 {#text} at (0,1) size 19x18
      text run at (0,1) width 11 RTL: "\x{5D0}"
      text run at (10,1) width 9: ": "
    RenderInline {SPAN} at (0,0) size 10x18
      RenderText {#text} at (18,1) size 10x18
        text run at (18,1) width 10 RTL: "\x{5D1}"
    RenderText zI: -1 {#text} at (0,0) size 0x0
layer at (8,136) size 784x0
  RenderBlock (relative positioned) zI: -1 {DIV} at (0,0) size 784x0 [color=#FF0000]
    RenderText zI: -1 {#text} at (0,1) size 11x18
      text run at (0,1) width 11 RTL: "\x{5D0}"
    RenderInline {SPAN} at (0,0) size 10x18
      RenderText {#text} at (10,1) size 10x18
        text run at (10,1) width 10 RTL: "\x{5D1}"
    RenderText zI: -1 {#text} at (0,0) size 0x0
layer at (8,191) size 784x0
  RenderBlock (relative positioned) zI: -1 {DIV} at (0,0) size 784x0 [color=#FF0000]
    RenderInline {SPAN} at (0,0) size 11x18
      RenderText {#text} at (0,1) size 11x18
        text run at (0,1) width 11 RTL: "\x{5D0}"
    RenderText zI: -1 {#text} at (10,1) size 18x18
      text run at (10,1) width 18: " = "
    RenderInline {SPAN} at (0,0) size 10x18
      RenderText {#text} at (27,1) size 10x18
        text run at (27,1) width 10 RTL: "\x{5D1}"
    RenderText zI: -1 {#text} at (0,0) size 0x0
layer at (8,246) size 784x0
  RenderBlock (relative positioned) zI: -1 {DIV} at (0,0) size 784x0 [color=#FF0000]
    RenderInline {SPAN} at (0,0) size 11x18
      RenderText {#text} at (0,1) size 11x18
        text run at (0,1) width 11 RTL: "\x{5D0}"
    RenderInline {SPAN} at (0,0) size 10x18
      RenderText {#text} at (10,1) size 10x18
        text run at (10,1) width 10 RTL: "\x{5D1}"
    RenderText zI: -1 {#text} at (0,0) size 0x0
layer at (8,301) size 784x0
  RenderBlock (relative positioned) zI: -1 {DIV} at (0,0) size 784x0 [color=#FF0000]
    RenderText zI: -1 {#text} at (742,4) size 25x18
      text run at (742,4) width 25: "see "
    RenderInline {SPAN} at (0,0) size 11x18
      RenderText {#text} at (766,4) size 11x18
        text run at (766,4) width 11 RTL: "\x{5D0}"
    RenderInline {SUP} at (0,0) size 7x15
      RenderText {#text} at (777,0) size 7x15
        text run at (777,0) width 7: "3"
    RenderText zI: -1 {#text} at (0,0) size 0x0
layer at (8,359) size 784x0
  RenderBlock (relative positioned) zI: -1 {DIV} at (0,0) size 784x0 [color=#FF0000]
    RenderText zI: -1 {#text} at (645,1) size 33x18
      text run at (645,1) width 33: "with "
    RenderInline {SPAN} at (0,0) size 11x18
      RenderText {#text} at (677,1) size 11x18
        text run at (677,1) width 11 RTL: "\x{5D0}"
    RenderText zI: -1 {#text} at (687,1) size 10x18
      text run at (687,1) width 10: "="
    RenderInline {SPAN} at (0,0) size 10x18
      RenderText {#text} at (696,1) size 10x18
        text run at (696,1) width 10 RTL: "\x{5D1}"
    RenderText zI: -1 {#text} at (706,1) size 78x18
      text run at (706,1) width 78: " everywhere"
layer at (8,414) size 784x0
  RenderBlock (relative positioned) zI: -1 {DIV} at (0,0) size 784x0 [color=#FF0000]
    RenderText zI: -1 {#text} at (0,1) size 39x18
      text run at (0,1) width 39: "about "
    RenderInline {SPAN} at (0,0) size 38x18
      RenderText {#text} at (39,1) size 38x18
        text run at (39,1) width 27: "that "
        text run at (66,1) width 11 RTL: "\x{5D0}"
    RenderText zI: -1 {#text} at (76,1) size 23x18
      text run at (76,1) width 14: " - "
      text run at (89,1) width 10 RTL: "\x{5D1}"
layer at (8,469) size 784x0
  RenderBlock (relative positioned) zI: -1 {DIV} at (0,0) size 784x0 [color=#FF0000]
    RenderText zI: -1 {#text} at (680,1) size 104x18
      text run at (680,1) width 9 RTL: ") "
      text run at (689,1) width 95: "things to do: (1"
    RenderInline {SPAN} at (0,0) size 11x18
      RenderText {#text} at (669,1) size 11x18
        text run at (669,1) width 11 RTL: "\x{5D0}"
      RenderBR {BR} at (669,1) size 1x18
    RenderText zI: -1 {#text} at (730,19) size 54x18
      text run at (730,19) width 32: "sleep"
      text run at (762,19) width 9 RTL: ") "
      text run at (771,19) width 8: "2"
      text run at (779,19) width 5 RTL: "("
layer at (8,542) size 784x0
  RenderBlock (relative positioned) zI: -1 {DIV} at (0,0) size 784x0 [color=#FF0000]
    RenderText zI: -1 {#text} at (0,1) size 39x18
      text run at (0,1) width 39: "about "
    RenderInline {SPAN} at (0,0) size 109x18
      RenderText {#text} at (39,1) size 27x18
        text run at (39,1) width 27: "that "
      RenderInline {SPAN} at (0,0) size 60x18
        RenderText {#text} at (66,1) size 60x18
          text run at (66,1) width 49: "strange "
          text run at (115,1) width 11 RTL: "\x{5D0}"
      RenderText {#text} at (125,1) size 23x18
        text run at (125,1) width 14: " - "
        text run at (138,1) width 10 RTL: "\x{5D1}"
    RenderText zI: -1 {#text} at (147,1) size 21x18
      text run at (147,1) width 14: " - "
      text run at (160,1) width 8 RTL: "\x{5D2}"
layer at (0,0) size 800x569 layerType: foreground only
  RenderBlock {HTML} at (0,0) size 800x569
    RenderBody {BODY} at (8,8) size 784x553
      RenderBlock (anonymous) at (0,0) size 784x18
        RenderText {#text} at (0,0) size 652x18
          text run at (0,0) width 652: "No red text should be visible in any of the sections below. opposite-to-base isolate followed by number."
      RenderBlock {DIV} at (0,18) size 784x19
        RenderBlock {DIV} at (0,0) size 784x19
          RenderInline {SPAN} at (0,0) size 11x18
            RenderText {#text} at (0,1) size 11x18
              text run at (0,1) width 11 RTL: "\x{5D0}"
          RenderText {#text} at (10,1) size 76x18
            text run at (10,1) width 76: " (3 reviews)"
      RenderBlock {HR} at (0,45) size 784x2 [border: (1px inset #000000)]
      RenderBlock (anonymous) at (0,55) size 784x18
        RenderText {#text} at (0,0) size 531x18
          text run at (0,0) width 531: "opposite-to-base isolate with opposite-to-base text before it with neutrals in between."
      RenderBlock {DIV} at (0,73) size 784x19
        RenderBlock {DIV} at (0,0) size 784x19
          RenderInline {SPAN} at (0,0) size 11x18
            RenderText {#text} at (0,1) size 11x18
              text run at (0,1) width 11 RTL: "\x{5D0}"
          RenderText {#text} at (10,1) size 9x18
            text run at (10,1) width 9: ": "
          RenderInline {SPAN} at (0,0) size 10x18
            RenderText {#text} at (18,1) size 10x18
              text run at (18,1) width 10 RTL: "\x{5D1}"
          RenderText {#text} at (0,0) size 0x0
      RenderBlock {HR} at (0,100) size 784x2 [border: (1px inset #000000)]
      RenderBlock (anonymous) at (0,110) size 784x18
        RenderText {#text} at (0,0) size 525x18
          text run at (0,0) width 525: "opposite-to-base isolate with opposite-to-base text before it and nothing in between."
      RenderBlock {DIV} at (0,128) size 784x19
        RenderBlock {DIV} at (0,0) size 784x19
          RenderInline {BDO} at (0,0) size 20x18
            RenderText {#text} at (0,1) size 20x18
              text run at (0,1) width 20 LTR override: "\x{5D0}\x{5D1}"
          RenderText {#text} at (0,0) size 0x0
      RenderBlock {HR} at (0,155) size 784x2 [border: (1px inset #000000)]
      RenderBlock (anonymous) at (0,165) size 784x18
        RenderText {#text} at (0,0) size 343x18
          text run at (0,0) width 343: "two opposite-to-base isolates with neutrals in between."
      RenderBlock {DIV} at (0,183) size 784x19
        RenderBlock {DIV} at (0,0) size 784x19
          RenderInline {SPAN} at (0,0) size 11x18
            RenderText {#text} at (0,1) size 11x18
              text run at (0,1) width 11 RTL: "\x{5D0}"
          RenderText {#text} at (10,1) size 18x18
            text run at (10,1) width 18: " = "
          RenderInline {SPAN} at (0,0) size 10x18
            RenderText {#text} at (27,1) size 10x18
              text run at (27,1) width 10 RTL: "\x{5D1}"
          RenderText {#text} at (0,0) size 0x0
      RenderBlock {HR} at (0,210) size 784x2 [border: (1px inset #000000)]
      RenderBlock (anonymous) at (0,220) size 784x18
        RenderText {#text} at (0,0) size 342x18
          text run at (0,0) width 342: "two opposite-to-base isolates with nothing in between."
      RenderBlock {DIV} at (0,238) size 784x19
        RenderBlock {DIV} at (0,0) size 784x19
          RenderInline {BDO} at (0,0) size 20x18
            RenderText {#text} at (0,1) size 20x18
              text run at (0,1) width 20 LTR override: "\x{5D0}\x{5D1}"
          RenderText {#text} at (0,0) size 0x0
      RenderBlock {HR} at (0,265) size 784x2 [border: (1px inset #000000)]
      RenderBlock (anonymous) at (0,275) size 784x18
        RenderText {#text} at (0,0) size 501x18
          text run at (0,0) width 501: "same-as-base isolate preceded by opposite-to-base text and followed by number"
      RenderBlock {DIV} at (0,293) size 784x22
        RenderBlock {DIV} at (0,0) size 784x22
          RenderText {#text} at (742,4) size 25x18
            text run at (742,4) width 25: "see "
          RenderInline {SPAN} at (0,0) size 11x18
            RenderText {#text} at (766,4) size 11x18
              text run at (766,4) width 11 RTL: "\x{5D0}"
          RenderInline {SUP} at (0,0) size 7x15
            RenderText {#text} at (777,0) size 7x15
              text run at (777,0) width 7: "3"
          RenderText {#text} at (0,0) size 0x0
      RenderBlock {HR} at (0,323) size 784x2 [border: (1px inset #000000)]
      RenderBlock (anonymous) at (0,333) size 784x18
        RenderText {#text} at (0,0) size 356x18
          text run at (0,0) width 356: "same-as-base isolate surrounded by opposite-to-base text"
      RenderBlock {DIV} at (0,351) size 784x19
        RenderBlock {DIV} at (0,0) size 784x19
          RenderText {#text} at (645,1) size 33x18
            text run at (645,1) width 33: "with "
          RenderInline {SPAN} at (0,0) size 11x18
            RenderText {#text} at (677,1) size 11x18
              text run at (677,1) width 11 RTL: "\x{5D0}"
          RenderText {#text} at (687,1) size 10x18
            text run at (687,1) width 10: "="
          RenderInline {SPAN} at (0,0) size 10x18
            RenderText {#text} at (696,1) size 10x18
              text run at (696,1) width 10 RTL: "\x{5D1}"
          RenderText {#text} at (706,1) size 78x18
            text run at (706,1) width 78: " everywhere"
      RenderBlock {HR} at (0,378) size 784x2 [border: (1px inset #000000)]
      RenderBlock (anonymous) at (0,388) size 784x18
        RenderText {#text} at (0,0) size 278x18
          text run at (0,0) width 278: "chimeric isolate surrounded by chimeric text"
      RenderBlock {DIV} at (0,406) size 784x19
        RenderBlock {DIV} at (0,0) size 784x19
          RenderText {#text} at (0,1) size 66x18
            text run at (0,1) width 66: "about that "
          RenderInline {SPAN} at (0,0) size 11x18
            RenderText {#text} at (66,1) size 11x18
              text run at (66,1) width 11 RTL: "\x{5D0}"
          RenderText {#text} at (76,1) size 23x18
            text run at (76,1) width 14: " - "
            text run at (89,1) width 10 RTL: "\x{5D1}"
      RenderBlock {HR} at (0,433) size 784x2 [border: (1px inset #000000)]
      RenderBlock (anonymous) at (0,443) size 784x18
        RenderText {#text} at (0,0) size 461x18
          text run at (0,0) width 461: "same-as-base isolate containing <br> surrounded by opposite-to-base text"
        RenderText {#text} at (0,0) size 0x0
      RenderBlock {DIV} at (0,461) size 784x37
        RenderBlock {DIV} at (0,0) size 784x37
          RenderInline {SPAN} at (0,0) size 115x18
            RenderText {#text} at (669,1) size 115x18
              text run at (669,1) width 105: "things to do: (1) "
              text run at (773,1) width 11 RTL: "\x{5D0}"
          RenderBR {BR} at (784,1) size 0x18
          RenderInline {SPAN} at (0,0) size 54x18
            RenderText {#text} at (730,19) size 54x18
              text run at (730,19) width 54: "(2) sleep"
          RenderText {#text} at (0,0) size 0x0
      RenderBlock {HR} at (0,506) size 784x2 [border: (1px inset #000000)]
      RenderBlock (anonymous) at (0,516) size 784x18
        RenderText {#text} at (0,0) size 328x18
          text run at (0,0) width 328: "nested chimeric isolates surrounded by chimeric text"
      RenderBlock {DIV} at (0,534) size 784x19
        RenderBlock {DIV} at (0,0) size 784x19
          RenderText {#text} at (0,1) size 115x18
            text run at (0,1) width 115: "about that strange "
          RenderInline {SPAN} at (0,0) size 11x18
            RenderText {#text} at (115,1) size 11x18
              text run at (115,1) width 11 RTL: "\x{5D0}"
          RenderText {#text} at (125,1) size 14x18
            text run at (125,1) width 14: " - "
          RenderInline {SPAN} at (0,0) size 10x18
            RenderText {#text} at (138,1) size 10x18
              text run at (138,1) width 10 RTL: "\x{5D1}"
          RenderText {#text} at (147,1) size 21x18
            text run at (147,1) width 14: " - "
            text run at (160,1) width 8 RTL: "\x{5D2}"
