layer at (0,0) size 800x600
  RenderView at (0,0) size 800x600
layer at (0,0) size 800x600
  RenderBlock {HTML} at (0,0) size 800x600
    RenderBody {BODY} at (8,8) size 776x584
layer at (8,8) size 160x584
  RenderBlock {P} at (0,0) size 160x584 [border: (10px solid #800000)]
    RenderText {#text} at (30,30) size 19x161
      text run at (30,30) width 161: "This is some column text."
    RenderBR {BR} at (34,191) size 0x0
    RenderText {#text} at (49,30) size 19x161
      text run at (49,30) width 161: "This is some column text."
    RenderBR {BR} at (53,191) size 0x0
    RenderText {#text} at (68,30) size 19x161
      text run at (68,30) width 161: "This is some column text."
    RenderBR {BR} at (72,191) size 0x0
    RenderText {#text} at (87,30) size 19x161
      text run at (87,30) width 161: "This is some column text."
    RenderBR {BR} at (91,191) size 0x0
    RenderText {#text} at (106,30) size 19x161
      text run at (106,30) width 161: "This is some column text."
    RenderBR {BR} at (110,191) size 0x0
    RenderText {#text} at (130,30) size 19x161
      text run at (130,30) width 161: "This is some column text."
    RenderBR {BR} at (134,191) size 0x0
    RenderText {#text} at (149,30) size 19x161
      text run at (149,30) width 161: "This is some column text."
    RenderBR {BR} at (153,191) size 0x0
    RenderText {#text} at (168,30) size 19x161
      text run at (168,30) width 161: "This is some column text."
    RenderBR {BR} at (172,191) size 0x0
    RenderText {#text} at (187,30) size 19x161
      text run at (187,30) width 161: "This is some column text."
    RenderBR {BR} at (191,191) size 0x0
    RenderText {#text} at (206,30) size 19x161
      text run at (206,30) width 161: "This is some column text."
    RenderBR {BR} at (210,191) size 0x0
    RenderText {#text} at (230,30) size 19x161
      text run at (230,30) width 161: "This is some column text."
    RenderBR {BR} at (234,191) size 0x0
    RenderText {#text} at (249,30) size 19x161
      text run at (249,30) width 161: "This is some column text."
    RenderBR {BR} at (253,191) size 0x0
    RenderText {#text} at (268,30) size 19x161
      text run at (268,30) width 161: "This is some column text."
    RenderBR {BR} at (272,191) size 0x0
layer at (184,8) size 160x584
  RenderBlock {P} at (176,0) size 160x584 [border: (10px solid #800000)]
    RenderText {#text} at (30,33) size 19x161
      text run at (30,33) width 4 RTL: "."
      text run at (30,37) width 157: "This is some column text"
    RenderBR {BR} at (34,33) size 0x0
    RenderText {#text} at (49,33) size 19x161
      text run at (49,33) width 4 RTL: "."
      text run at (49,37) width 157: "This is some column text"
    RenderBR {BR} at (53,33) size 0x0
    RenderText {#text} at (68,33) size 19x161
      text run at (68,33) width 4 RTL: "."
      text run at (68,37) width 157: "This is some column text"
    RenderBR {BR} at (72,33) size 0x0
    RenderText {#text} at (87,33) size 19x161
      text run at (87,33) width 4 RTL: "."
      text run at (87,37) width 157: "This is some column text"
    RenderBR {BR} at (91,33) size 0x0
    RenderText {#text} at (106,33) size 19x161
      text run at (106,33) width 4 RTL: "."
      text run at (106,37) width 157: "This is some column text"
    RenderBR {BR} at (110,33) size 0x0
    RenderText {#text} at (130,33) size 19x161
      text run at (130,33) width 4 RTL: "."
      text run at (130,37) width 157: "This is some column text"
    RenderBR {BR} at (134,33) size 0x0
    RenderText {#text} at (149,33) size 19x161
      text run at (149,33) width 4 RTL: "."
      text run at (149,37) width 157: "This is some column text"
    RenderBR {BR} at (153,33) size 0x0
    RenderText {#text} at (168,33) size 19x161
      text run at (168,33) width 4 RTL: "."
      text run at (168,37) width 157: "This is some column text"
    RenderBR {BR} at (172,33) size 0x0
    RenderText {#text} at (187,33) size 19x161
      text run at (187,33) width 4 RTL: "."
      text run at (187,37) width 157: "This is some column text"
    RenderBR {BR} at (191,33) size 0x0
    RenderText {#text} at (206,33) size 19x161
      text run at (206,33) width 4 RTL: "."
      text run at (206,37) width 157: "This is some column text"
    RenderBR {BR} at (210,33) size 0x0
    RenderText {#text} at (230,33) size 19x161
      text run at (230,33) width 4 RTL: "."
      text run at (230,37) width 157: "This is some column text"
    RenderBR {BR} at (234,33) size 0x0
    RenderText {#text} at (249,33) size 19x161
      text run at (249,33) width 4 RTL: "."
      text run at (249,37) width 157: "This is some column text"
    RenderBR {BR} at (253,33) size 0x0
    RenderText {#text} at (268,33) size 19x161
      text run at (268,33) width 4 RTL: "."
      text run at (268,37) width 157: "This is some column text"
    RenderBR {BR} at (272,33) size 0x0
