layer at (0,0) size 831x585
  RenderView at (0,0) size 800x585
layer at (0,0) size 831x585
  RenderBlock {HTML} at (0,0) size 831x585
    RenderBody {BODY} at (8,8) size 815x569
layer at (8,8) size 815x569
  RenderBlock {DIV} at (0,0) size 815x569 [border: (5px solid #000000)]
    RenderText {#text} at (5,15) size 2389x169
      text run at (5,15) width 139: "Lorem ipsum dolor sit"
      text run at (24,15) width 116: "amet, consectetuer"
      text run at (43,15) width 130: "adipiscing elit. Nulla"
      text run at (62,15) width 115: "varius enim ac mi."
      text run at (81,15) width 163: "Curabitur sollicitudin felis"
      text run at (100,15) width 127: "quis lectus. Quisque"
      text run at (119,15) width 151: "adipiscing rhoncus sem."
      text run at (138,15) width 112: "Proin nulla purus,"
      text run at (157,15) width 147: "vulputate vel, varius ut,"
      text run at (176,15) width 164: "euismod et, nisi. Sed vitae"
      text run at (195,15) width 124: "felis vel orci sagittis"
      text run at (214,15) width 147: "aliquam. Cras convallis"
      text run at (233,15) width 132: "adipiscing sem. Nam"
      text run at (252,15) width 154: "nonummy enim. Nullam"
      text run at (271,15) width 160: "bibendum lobortis neque."
      text run at (290,15) width 136: "Vestibulum velit orci,"
      text run at (309,15) width 158: "tempus euismod, pretium"
      text run at (328,15) width 167: "quis, interdum vitae, nulla."
      text run at (347,15) width 134: "Phasellus eget ante et"
      text run at (366,15) width 124: "tortor condimentum"
      text run at (385,15) width 154: "vestibulum. Suspendisse"
      text run at (404,15) width 155: "hendrerit quam nec felis."
      text run at (423,15) width 139: "Sed varius turpis vitae"
      text run at (442,15) width 159: "pede. Lorem ipsum dolor"
      text run at (461,15) width 134: "sit amet, consectetuer"
      text run at (480,15) width 129: "adipiscing elit. Proin"
      text run at (499,15) width 154: "bibendum justo ac enim."
      text run at (518,15) width 169: "Class aptent taciti sociosqu"
      text run at (537,15) width 131: "ad litora torquent per"
      text run at (556,15) width 120: "conubia nostra, per"
      text run at (575,15) width 159: "inceptos hymenaeos. Sed"
      text run at (594,15) width 127: "leo nulla, rutrum eu,"
      text run at (613,15) width 143: "dictum ut, posuere vel,"
      text run at (632,15) width 153: "arcu. Nam libero. Morbi"
      text run at (651,15) width 95: "orci. Maecenas"
      text run at (670,15) width 146: "pellentesque. Curabitur"
      text run at (689,15) width 152: "erat erat, ullamcorper at,"
      text run at (708,15) width 167: "gravida vitae, iaculis vitae,"
      text run at (727,15) width 117: "elit. Nullam quam."
      text run at (746,15) width 125: "Quisque orci lectus,"
      text run at (765,15) width 161: "ullamcorper eu, imperdiet"
      text run at (784,15) width 153: "sed, accumsan et, ligula."
      text run at (810,15) width 157: "Duis diam nisl, sagittis a,"
      text run at (829,15) width 162: "blandit volutpat, interdum"
      text run at (848,15) width 137: "sed, velit. Vestibulum"
      text run at (867,15) width 132: "quam. Nulla a purus."
      text run at (886,15) width 157: "Phasellus semper semper"
      text run at (905,15) width 137: "lectus. Nulla porttitor,"
      text run at (924,15) width 153: "dolor dictum scelerisque"
      text run at (943,15) width 165: "luctus, velit ipsum lobortis"
      text run at (962,15) width 151: "mauris, ac pretium enim"
      text run at (981,15) width 129: "nunc vel risus. Proin"
      text run at (1000,15) width 156: "gravida mi ut sem cursus"
      text run at (1019,15) width 158: "mattis. Fusce laoreet, nisi"
      text run at (1038,15) width 157: "quis luctus volutpat, arcu"
      text run at (1057,15) width 154: "pede tincidunt enim, nec"
      text run at (1076,15) width 143: "malesuada urna nisl eu"
      text run at (1095,15) width 138: "enim. Vivamus varius"
      text run at (1114,15) width 99: "augue ac purus."
      text run at (1133,15) width 150: "Vestibulum vestibulum."
      text run at (1152,15) width 159: "Phasellus et est vitae ante"
      text run at (1171,15) width 163: "accumsan rhoncus. Morbi"
      text run at (1190,15) width 166: "convallis, arcu at hendrerit"
      text run at (1209,15) width 115: "gravida, sem diam"
      text run at (1228,15) width 168: "dignissim risus, sed aliquet"
      text run at (1247,15) width 166: "erat mi ut mi. Nunc cursus"
      text run at (1266,15) width 137: "lacinia elit. Nunc nisi."
      text run at (1285,15) width 99: "Quisque at erat."
      text run at (1304,15) width 159: "Vestibulum dictum quam"
      text run at (1323,15) width 169: "vitae nibh. Nunc vitae ante"
      text run at (1342,15) width 167: "non odio interdum blandit."
      text run at (1361,15) width 126: "Curabitur leo quam,"
      text run at (1380,15) width 164: "fermentum sed, feugiat in,"
      text run at (1399,15) width 131: "ullamcorper id, nibh."
      text run at (1418,15) width 155: "Suspendisse ac turpis. In"
      text run at (1437,15) width 141: "iaculis sollicitudin dui."
      text run at (1456,15) width 157: "Aenean vitae lectus vitae"
      text run at (1475,15) width 113: "nulla pellentesque"
      text run at (1494,15) width 163: "sollicitudin. Nunc gravida"
      text run at (1513,15) width 136: "pharetra lectus. Etiam"
      text run at (1532,15) width 148: "lacus ligula, placerat ut,"
      text run at (1551,15) width 157: "dictum vitae, tempus vel,"
      text run at (1570,15) width 124: "risus. Cras rhoncus."
      text run at (1589,15) width 148: "Praesent varius ultricies"
      text run at (1615,15) width 161: "orci. Donec mattis, neque"
      text run at (1634,15) width 143: "ut ornare fringilla, ante"
      text run at (1653,15) width 138: "urna placerat eros, vel"
      text run at (1672,15) width 143: "commodo nisi tortor ut"
      text run at (1691,15) width 163: "mauris. Morbi magna dui,"
      text run at (1710,15) width 158: "sagittis sit amet, tincidunt"
      text run at (1729,15) width 165: "et, elementum eget, quam."
      text run at (1748,15) width 153: "Fusce molestie nisl vitae"
      text run at (1767,15) width 162: "nisi. Vestibulum a sapien."
      text run at (1786,15) width 129: "Phasellus ante lacus,"
      text run at (1805,15) width 144: "vehicula non, cursus a,"
      text run at (1824,15) width 114: "tempor ut, magna."
      text run at (1843,15) width 169: "Suspendisse potenti. Fusce"
      text run at (1862,15) width 126: "aliquet, odio viverra"
      text run at (1881,15) width 144: "vulputate dictum, enim"
      text run at (1900,15) width 128: "odio luctus purus, ut"
      text run at (1919,15) width 143: "scelerisque quam nulla"
      text run at (1938,15) width 165: "non est. Donec eros lacus,"
      text run at (1957,15) width 162: "egestas vitae, lacinia quis,"
      text run at (1976,15) width 159: "tempor quis, pede. Morbi"
      text run at (1995,15) width 163: "orci erat, iaculis id, ornare"
      text run at (2014,15) width 143: "ac, elementum at, sem."
      text run at (2033,15) width 159: "Nunc ornare sodales nisi."
      text run at (2052,15) width 166: "Morbi interdum commodo"
      text run at (2071,15) width 155: "nisl. Fusce eget eros non"
      text run at (2090,15) width 149: "nisi ornare facilisis. Sed"
      text run at (2109,15) width 155: "placerat, est non posuere"
      text run at (2128,15) width 121: "posuere, purus sem"
      text run at (2147,15) width 163: "dignissim libero, a viverra"
      text run at (2166,15) width 137: "tellus dolor vel lorem."
      text run at (2185,15) width 169: "Cras augue. Etiam ultricies"
      text run at (2204,15) width 165: "consequat odio. Mauris ac"
      text run at (2223,15) width 138: "libero. Etiam posuere,"
      text run at (2242,15) width 127: "libero vitae euismod"
      text run at (2261,15) width 169: "gravida, urna elit imperdiet"
      text run at (2280,15) width 166: "magna, vel cursus elit felis"
      text run at (2299,15) width 148: "non mauris. Donec orci"
      text run at (2318,15) width 167: "erat, porta id, dignissim ut,"
      text run at (2337,15) width 127: "posuere dictum, leo."
      text run at (2356,15) width 150: "Suspendisse scelerisque"
      text run at (2375,15) width 84: "egestas nulla."
