layer at (0,0) size 850x585
  RenderView at (0,0) size 800x585
layer at (0,0) size 850x585
  RenderBlock {HTML} at (0,0) size 850x585
    RenderBody {BODY} at (8,8) size 834x569
layer at (8,8) size 409x569
  RenderBlock {DIV} at (0,0) size 409x569 [border: (5px solid #0000FF)]
    RenderBlock (anonymous) at (5,5) size 399x271
      RenderText {#text} at (0,0) size 19x110
        text run at (0,0) width 110: "This is some text."
      RenderBR {BR} at (4,110) size 0x0
      RenderText {#text} at (19,0) size 19x110
        text run at (19,0) width 110: "This is some text."
      RenderBR {BR} at (23,110) size 0x0
      RenderText {#text} at (38,0) size 19x110
        text run at (38,0) width 110: "This is some text."
      RenderBR {BR} at (42,110) size 0x0
      RenderText {#text} at (57,0) size 19x110
        text run at (57,0) width 110: "This is some text."
      RenderBR {BR} at (61,110) size 0x0
      RenderText {#text} at (76,0) size 19x110
        text run at (76,0) width 110: "This is some text."
      RenderBR {BR} at (80,110) size 0x0
      RenderText {#text} at (95,0) size 19x110
        text run at (95,0) width 110: "This is some text."
      RenderBR {BR} at (99,110) size 0x0
      RenderText {#text} at (114,0) size 19x110
        text run at (114,0) width 110: "This is some text."
      RenderBR {BR} at (118,110) size 0x0
      RenderText {#text} at (133,0) size 19x110
        text run at (133,0) width 110: "This is some text."
      RenderBR {BR} at (137,110) size 0x0
      RenderText {#text} at (152,0) size 19x110
        text run at (152,0) width 110: "This is some text."
      RenderBR {BR} at (156,110) size 0x0
      RenderText {#text} at (171,0) size 19x110
        text run at (171,0) width 110: "This is some text."
      RenderBR {BR} at (175,110) size 0x0
      RenderText {#text} at (190,0) size 19x110
        text run at (190,0) width 110: "This is some text."
      RenderBR {BR} at (194,110) size 0x0
      RenderText {#text} at (209,0) size 19x110
        text run at (209,0) width 110: "This is some text."
      RenderBR {BR} at (213,110) size 0x0
      RenderText {#text} at (228,0) size 19x110
        text run at (228,0) width 110: "This is some text."
      RenderBR {BR} at (232,110) size 0x0
      RenderText {#text} at (247,0) size 19x110
        text run at (247,0) width 110: "This is some text."
      RenderBR {BR} at (251,110) size 0x0
      RenderText {#text} at (266,0) size 19x110
        text run at (266,0) width 110: "This is some text."
      RenderBR {BR} at (270,110) size 0x0
      RenderText {#text} at (285,0) size 19x110
        text run at (285,0) width 110: "This is some text."
      RenderBR {BR} at (289,110) size 0x0
      RenderText {#text} at (304,0) size 19x110
        text run at (304,0) width 110: "This is some text."
      RenderBR {BR} at (308,110) size 0x0
      RenderText {#text} at (323,0) size 19x110
        text run at (323,0) width 110: "This is some text."
      RenderBR {BR} at (327,110) size 0x0
      RenderText {#text} at (342,0) size 19x110
        text run at (342,0) width 110: "This is some text."
      RenderBR {BR} at (346,110) size 0x0
      RenderText {#text} at (361,0) size 19x110
        text run at (361,0) width 110: "This is some text."
      RenderBR {BR} at (365,110) size 0x0
      RenderText {#text} at (380,0) size 19x110
        text run at (380,0) width 110: "This is some text."
      RenderBR {BR} at (384,110) size 0x0
    RenderBlock {DIV} at (404,5) size 76x271
      RenderText {#text} at (0,0) size 19x262
        text run at (0,0) width 262: "This text should be in the second column."
      RenderBR {BR} at (4,262) size 0x0
      RenderText {#text} at (19,0) size 19x262
        text run at (19,0) width 262: "This text should be in the second column."
      RenderBR {BR} at (23,262) size 0x0
      RenderText {#text} at (38,0) size 19x262
        text run at (38,0) width 262: "This text should be in the second column."
      RenderBR {BR} at (42,262) size 0x0
      RenderText {#text} at (57,0) size 19x262
        text run at (57,0) width 262: "This text should be in the second column."
      RenderBR {BR} at (61,262) size 0x0
layer at (433,8) size 409x569
  RenderBlock {DIV} at (425,0) size 409x569 [border: (5px solid #0000FF)]
    RenderBlock (anonymous) at (5,5) size 76x271
      RenderText {#text} at (0,0) size 19x242
        text run at (0,0) width 242: "This text should be in the first column."
      RenderBR {BR} at (4,242) size 0x0
      RenderText {#text} at (19,0) size 19x242
        text run at (19,0) width 242: "This text should be in the first column."
      RenderBR {BR} at (23,242) size 0x0
      RenderText {#text} at (38,0) size 19x242
        text run at (38,0) width 242: "This text should be in the first column."
      RenderBR {BR} at (42,242) size 0x0
      RenderText {#text} at (57,0) size 19x242
        text run at (57,0) width 242: "This text should be in the first column."
      RenderBR {BR} at (61,242) size 0x0
    RenderBlock {DIV} at (404,5) size 399x271
      RenderText {#text} at (0,0) size 19x110
        text run at (0,0) width 110: "This is some text."
      RenderBR {BR} at (4,110) size 0x0
      RenderText {#text} at (19,0) size 19x110
        text run at (19,0) width 110: "This is some text."
      RenderBR {BR} at (23,110) size 0x0
      RenderText {#text} at (38,0) size 19x110
        text run at (38,0) width 110: "This is some text."
      RenderBR {BR} at (42,110) size 0x0
      RenderText {#text} at (57,0) size 19x110
        text run at (57,0) width 110: "This is some text."
      RenderBR {BR} at (61,110) size 0x0
      RenderText {#text} at (76,0) size 19x110
        text run at (76,0) width 110: "This is some text."
      RenderBR {BR} at (80,110) size 0x0
      RenderText {#text} at (95,0) size 19x110
        text run at (95,0) width 110: "This is some text."
      RenderBR {BR} at (99,110) size 0x0
      RenderText {#text} at (114,0) size 19x110
        text run at (114,0) width 110: "This is some text."
      RenderBR {BR} at (118,110) size 0x0
      RenderText {#text} at (133,0) size 19x110
        text run at (133,0) width 110: "This is some text."
      RenderBR {BR} at (137,110) size 0x0
      RenderText {#text} at (152,0) size 19x110
        text run at (152,0) width 110: "This is some text."
      RenderBR {BR} at (156,110) size 0x0
      RenderText {#text} at (171,0) size 19x110
        text run at (171,0) width 110: "This is some text."
      RenderBR {BR} at (175,110) size 0x0
      RenderText {#text} at (190,0) size 19x110
        text run at (190,0) width 110: "This is some text."
      RenderBR {BR} at (194,110) size 0x0
      RenderText {#text} at (209,0) size 19x110
        text run at (209,0) width 110: "This is some text."
      RenderBR {BR} at (213,110) size 0x0
      RenderText {#text} at (228,0) size 19x110
        text run at (228,0) width 110: "This is some text."
      RenderBR {BR} at (232,110) size 0x0
      RenderText {#text} at (247,0) size 19x110
        text run at (247,0) width 110: "This is some text."
      RenderBR {BR} at (251,110) size 0x0
      RenderText {#text} at (266,0) size 19x110
        text run at (266,0) width 110: "This is some text."
      RenderBR {BR} at (270,110) size 0x0
      RenderText {#text} at (285,0) size 19x110
        text run at (285,0) width 110: "This is some text."
      RenderBR {BR} at (289,110) size 0x0
      RenderText {#text} at (304,0) size 19x110
        text run at (304,0) width 110: "This is some text."
      RenderBR {BR} at (308,110) size 0x0
      RenderText {#text} at (323,0) size 19x110
        text run at (323,0) width 110: "This is some text."
      RenderBR {BR} at (327,110) size 0x0
      RenderText {#text} at (342,0) size 19x110
        text run at (342,0) width 110: "This is some text."
      RenderBR {BR} at (346,110) size 0x0
      RenderText {#text} at (361,0) size 19x110
        text run at (361,0) width 110: "This is some text."
      RenderBR {BR} at (365,110) size 0x0
      RenderText {#text} at (380,0) size 19x110
        text run at (380,0) width 110: "This is some text."
      RenderBR {BR} at (384,110) size 0x0
