layer at (0,0) size 785x778
  RenderView at (0,0) size 785x600
layer at (0,0) size 785x600
  RenderBlock {HTML} at (0,0) size 785x600
    RenderBody {BODY} at (8,8) size 769x584
layer at (8,8) size 320x770
  RenderBlock {DIV} at (0,0) size 320x770 [border: (5px solid #000000)]
    RenderBlock {DIV} at (10,10) size 250x367
    RenderBlock (anonymous) at (310,10) size 213x367
      RenderBlock {DIV} at (0,0) size 213x301 [border: (2px solid #008000)]
        RenderText {#text} at (2,2) size 19x297
          text run at (2,2) width 297: "All of this text should be in the second column."
        RenderBR {BR} at (6,299) size 0x0
        RenderText {#text} at (21,2) size 19x297
          text run at (21,2) width 297: "All of this text should be in the second column."
        RenderBR {BR} at (25,299) size 0x0
        RenderText {#text} at (40,2) size 19x297
          text run at (40,2) width 297: "All of this text should be in the second column."
        RenderBR {BR} at (44,299) size 0x0
        RenderText {#text} at (59,2) size 19x297
          text run at (59,2) width 297: "All of this text should be in the second column."
        RenderBR {BR} at (63,299) size 0x0
        RenderText {#text} at (78,2) size 19x297
          text run at (78,2) width 297: "All of this text should be in the second column."
        RenderBR {BR} at (82,299) size 0x0
        RenderText {#text} at (97,2) size 19x297
          text run at (97,2) width 297: "All of this text should be in the second column."
        RenderBR {BR} at (101,299) size 0x0
        RenderText {#text} at (116,2) size 19x297
          text run at (116,2) width 297: "All of this text should be in the second column."
        RenderBR {BR} at (120,299) size 0x0
        RenderText {#text} at (135,2) size 19x297
          text run at (135,2) width 297: "All of this text should be in the second column."
        RenderBR {BR} at (139,299) size 0x0
        RenderText {#text} at (154,2) size 19x297
          text run at (154,2) width 297: "All of this text should be in the second column."
        RenderBR {BR} at (158,299) size 0x0
        RenderText {#text} at (173,2) size 19x297
          text run at (173,2) width 297: "All of this text should be in the second column."
        RenderBR {BR} at (177,299) size 0x0
        RenderText {#text} at (192,2) size 19x297
          text run at (192,2) width 297: "All of this text should be in the second column."
        RenderBR {BR} at (196,299) size 0x0
      RenderText {#text} at (0,0) size 0x0
