layer at (0,0) size 800x600
  RenderView at (0,0) size 800x600
layer at (0,0) size 800x600
  RenderBlock {HTML} at (0,0) size 800x600
    RenderBody {BODY} at (8,8) size 784x584
      RenderBlock {P} at (0,0) size 784x42
        RenderText {#text} at (0,0) size 770x42
          text run at (0,0) width 320: "You should see a green 100x100 box below. "
          text run at (320,0) width 450: "If you see a red box, then the inner block is not properly growing"
          text run at (0,21) width 257: "to fill the height of the enclosing box."
      RenderDeprecatedFlexibleBox {DIV} at (0,58) size 100x100 [bgcolor=#FF0000]
        RenderBlock {DIV} at (0,0) size 100x100 [bgcolor=#008000]
