layer at (0,0) size 800x600
  RenderView at (0,0) size 800x600
layer at (0,0) size 800x600
  RenderBlock {HTML} at (0,0) size 800x600
    RenderBody {BODY} at (8,8) size 784x584
      RenderBlock {P} at (0,0) size 784x44
        RenderText {#text} at (0,0) size 770x44
          text run at (0,0) width 507: "You should see a 100x100 green square below enclosed by an olive border. "
          text run at (507,0) width 263: "If you see any red, the test has failed. If"
          text run at (0,22) width 497: "the border does not fully enclose the green square, then the test has failed."
      RenderBlock {P} at (0,60) size 784x44
        RenderText {#text} at (0,0) size 739x44
          text run at (0,0) width 739: "This test is checking to make sure blocks with auto height that are children of boxes will expand to encompass"
          text run at (0,22) width 129: "overhanging floats."
      RenderBlock {DIV} at (0,120) size 100x100 [bgcolor=#FF0000]
        RenderDeprecatedFlexibleBox {DIV} at (0,0) size 100x100 [border: (4px solid #808000)]
          RenderBlock {DIV} at (4,4) size 92x92
            RenderBlock (floating) {DIV} at (0,0) size 92x92 [bgcolor=#008000]
