layer at (0,0) size 800x600
  RenderView at (0,0) size 800x600
layer at (0,0) size 800x600
  RenderBlock {HTML} at (0,0) size 800x600
    RenderBody {BODY} at (8,8) size 784x584
      RenderBlock {P} at (0,0) size 784x44
        RenderText {#text} at (0,0) size 783x44
          text run at (0,0) width 585: "You should see a 100x100 olive-bordered green square below with a vertical scrollbar. "
          text run at (585,0) width 198: "The scrollable area should all"
          text run at (0,22) width 286: "be green and should be about 1000px tall. "
          text run at (286,22) width 349: "If you do not see a scrollbar, then the test has failed."
layer at (8,68) size 104x104 clip at (10,70) size 84x100 scrollHeight 1000
  RenderDeprecatedFlexibleBox {DIV} at (0,60) size 104x104 [bgcolor=#008000] [border: (2px solid #808000)]
    RenderBlock {DIV} at (2,2) size 84x1000
