layer at (0,0) size 800x600
  RenderView at (0,0) size 800x600
layer at (0,0) size 800x600
  RenderBlock {HTML} at (0,0) size 800x600
    RenderBody {BODY} at (8,8) size 784x584
      RenderBlock {P} at (0,0) size 784x44
        RenderText {#text} at (0,0) size 729x44
          text run at (0,0) width 318: "You should see a 100x100 green square below. "
          text run at (318,0) width 252: "If you see any red, the test has failed. "
          text run at (570,0) width 159: "This test is checking for"
          text run at (0,22) width 175: "visibility:collapse support."
      RenderDeprecatedFlexibleBox {DIV} at (0,60) size 100x100 [bgcolor=#FF0000]
        RenderDeprecatedFlexibleBox {DIV} at (0,0) size 0x0
        RenderDeprecatedFlexibleBox {DIV} at (0,0) size 100x100 [bgcolor=#008000]
