layer at (0,0) size 800x600
  RenderView at (0,0) size 800x600
layer at (0,0) size 800x600
  RenderBlock {HTML} at (0,0) size 800x600
    RenderBody {BODY} at (8,8) size 784x584
      RenderBlock {P} at (0,0) size 784x63
        RenderText {#text} at (0,0) size 758x63
          text run at (0,0) width 754: "You should see a single 100x100 green square below. If your browser supports the display of ALT text, you"
          text run at (0,21) width 382: "should see the word \"Image\" inside the green square. "
          text run at (382,21) width 300: "If you see any red, then the test has failed. "
          text run at (682,21) width 76: "This test is"
          text run at (0,42) width 530: "checking to make sure replaced elements inside boxes get stretched when "
        RenderInline {CODE} at (0,0) size 100x17
          RenderText {#text} at (530,45) size 100x17
            text run at (530,45) width 100: "box-align: stretch"
        RenderText {#text} at (630,42) size 88x21
          text run at (630,42) width 88: " is specified."
      RenderDeprecatedFlexibleBox {DIV} at (0,79) size 100x100 [bgcolor=#FF0000]
        RenderImage {IMG} at (0,0) size 100x100 [bgcolor=#008000]
