layer at (0,0) size 800x600
  RenderView at (0,0) size 800x600
layer at (0,0) size 800x368
  RenderBlock {HTML} at (0,0) size 800x368
    RenderBody {BODY} at (8,16) size 784x336
      RenderBlock {P} at (0,0) size 784x28
        RenderTextControl {INPUT} at (589,2) size 193x24 [bgcolor=#FFFFFF] [border: (2px inset #000000)]
          RenderDeprecatedFlexibleBox {DIV} at (3,3) size 187x18
            RenderBlock {DIV} at (16,0) size 171x18
        RenderText {#text} at (0,0) size 0x0
      RenderBlock {P} at (0,44) size 784x28
        RenderTextControl {INPUT} at (589,2) size 193x24 [bgcolor=#FFFFFF] [border: (2px inset #000000)]
          RenderDeprecatedFlexibleBox {DIV} at (3,3) size 187x18
            RenderBlock {DIV} at (16,0) size 171x18
        RenderText {#text} at (0,0) size 0x0
      RenderBlock {P} at (0,88) size 784x28
        RenderTextControl {INPUT} at (2,2) size 193x24 [bgcolor=#FFFFFF] [border: (2px inset #000000)]
          RenderDeprecatedFlexibleBox {DIV} at (3,3) size 187x18
            RenderBlock {DIV} at (16,0) size 171x18
        RenderText {#text} at (0,0) size 0x0
      RenderBlock {P} at (0,132) size 784x28
        RenderTextControl {INPUT} at (2,2) size 193x24 [bgcolor=#FFFFFF] [border: (2px inset #000000)]
          RenderDeprecatedFlexibleBox {DIV} at (3,3) size 187x18
            RenderBlock {DIV} at (16,0) size 171x18
        RenderText {#text} at (0,0) size 0x0
        RenderText {#text} at (0,0) size 0x0
      RenderBlock {P} at (0,176) size 784x28
        RenderTextControl {INPUT} at (2,2) size 193x24 [bgcolor=#FFFFFF] [border: (2px inset #000000)]
          RenderDeprecatedFlexibleBox {DIV} at (3,3) size 187x18
            RenderBlock {DIV} at (0,0) size 171x18
        RenderText {#text} at (0,0) size 0x0
      RenderBlock {P} at (0,220) size 784x28
        RenderTextControl {INPUT} at (2,2) size 193x24 [bgcolor=#FFFFFF] [border: (2px inset #000000)]
          RenderDeprecatedFlexibleBox {DIV} at (3,3) size 187x18
            RenderBlock {DIV} at (0,0) size 171x18
        RenderText {#text} at (0,0) size 0x0
        RenderText {#text} at (0,0) size 0x0
      RenderBlock {P} at (0,264) size 784x28
        RenderTextControl {INPUT} at (2,2) size 193x24 [bgcolor=#FFFFFF] [border: (2px inset #000000)]
          RenderDeprecatedFlexibleBox {DIV} at (3,3) size 187x18
            RenderBlock {DIV} at (16,0) size 171x18
        RenderText {#text} at (0,0) size 0x0
      RenderBlock {P} at (0,308) size 784x28
        RenderTextControl {INPUT} at (2,2) size 193x24 [bgcolor=#FFFFFF] [border: (2px inset #000000)]
          RenderDeprecatedFlexibleBox {DIV} at (3,3) size 187x18
            RenderBlock {DIV} at (16,0) size 171x18
        RenderText {#text} at (0,0) size 0x0
        RenderText {#text} at (0,0) size 0x0
layer at (616,21) size 171x18
  RenderBlock {DIV} at (0,0) size 171x18
    RenderText {#text} at (161,0) size 9x17
      text run at (161,0) width 9: "1"
layer at (616,65) size 171x18
  RenderBlock {DIV} at (0,0) size 171x18
    RenderText {#text} at (161,0) size 9x17
      text run at (161,0) width 9: "2"
layer at (29,109) size 171x18
  RenderBlock {DIV} at (0,0) size 171x18
    RenderText {#text} at (161,0) size 9x17
      text run at (161,0) width 9: "3"
layer at (29,153) size 171x18
  RenderBlock {DIV} at (0,0) size 171x18
    RenderText {#text} at (134,0) size 36x17
      text run at (134,0) width 36: "1234"
layer at (13,197) size 171x18
  RenderBlock {DIV} at (0,0) size 171x18
    RenderText {#text} at (1,0) size 9x17
      text run at (1,0) width 9: "5"
layer at (13,241) size 171x18
  RenderBlock {DIV} at (0,0) size 171x18
    RenderText {#text} at (1,0) size 9x17
      text run at (1,0) width 9: "6"
layer at (29,285) size 171x18
  RenderBlock {DIV} at (0,0) size 171x18
    RenderText {#text} at (161,0) size 9x17
      text run at (161,0) width 9: "7"
layer at (29,329) size 171x18
  RenderBlock {DIV} at (0,0) size 171x18
    RenderText {#text} at (161,0) size 9x17
      text run at (161,0) width 9: "8"
layer at (599,20) size 16x20
  RenderBlock (relative positioned) {DIV} at (-1,-1) size 16x20
layer at (599,64) size 16x20
  RenderBlock (relative positioned) {DIV} at (-1,-1) size 16x20
layer at (12,108) size 16x20
  RenderBlock (relative positioned) {DIV} at (-1,-1) size 16x20
layer at (12,152) size 16x20
  RenderBlock (relative positioned) {DIV} at (-1,-1) size 16x20
layer at (185,196) size 16x20
  RenderBlock (relative positioned) {DIV} at (172,-1) size 16x20
layer at (185,240) size 16x20
  RenderBlock (relative positioned) {DIV} at (172,-1) size 16x20
layer at (12,284) size 16x20
  RenderBlock (relative positioned) {DIV} at (-1,-1) size 16x20
layer at (12,328) size 16x20
  RenderBlock (relative positioned) {DIV} at (-1,-1) size 16x20
caret: position 4 of child 0 {#text} of child 0 {DIV} of child 0 {DIV} of child 0 {DIV} of {#shadow-root} of child 0 {INPUT} of child 6 {P} of body
