layer at (0,0) size 800x600
  RenderView at (0,0) size 800x600
layer at (0,0) size 800x600
  RenderBlock {HTML} at (0,0) size 800x600
    RenderBody {BODY} at (8,8) size 784x584
      RenderBlock {P} at (0,0) size 784x18
        RenderText {#text} at (0,0) size 783x19
          text run at (0,0) width 783: "Test appearances of spin buttons. Disabled state and read-only state should have appearances different from the normal state."
      RenderBlock {DIV} at (0,34) size 784x33
        RenderInline {LABEL} at (0,0) size 324x19
          RenderTextControl {INPUT} at (2,2) size 236x29 [bgcolor=#FFFFFF] [border: (2px inset #000000)]
            RenderDeprecatedFlexibleBox {DIV} at (3,3) size 230x23
              RenderBlock {DIV} at (0,0) size 214x23
          RenderText {#text} at (240,9) size 84x19
            text run at (240,9) width 84: " Normal state"
      RenderBlock {DIV} at (0,67) size 784x33
        RenderInline {LABEL} at (0,0) size 332x19
          RenderTextControl {INPUT} at (2,2) size 236x29 [bgcolor=#FFFFFF] [border: (2px inset #000000)]
            RenderDeprecatedFlexibleBox {DIV} at (3,3) size 230x23
              RenderBlock {DIV} at (0,0) size 214x23
          RenderText {#text} at (240,9) size 92x19
            text run at (240,9) width 92: " Disabled state"
      RenderBlock {DIV} at (0,100) size 784x33
        RenderInline {LABEL} at (0,0) size 342x19
          RenderTextControl {INPUT} at (2,2) size 236x29 [bgcolor=#FFFFFF] [border: (2px inset #000000)]
            RenderDeprecatedFlexibleBox {DIV} at (3,3) size 230x23
              RenderBlock {DIV} at (0,0) size 214x23
          RenderText {#text} at (240,9) size 102x19
            text run at (240,9) width 102: " Read-only state"
layer at (13,47) size 214x23 scrollHeight 24
  RenderBlock {DIV} at (0,0) size 214x23
    RenderText {#text} at (1,0) size 11x24
      text run at (1,0) width 11: "0"
layer at (13,80) size 214x23 scrollHeight 24
  RenderBlock {DIV} at (0,0) size 214x23 [color=#545454]
    RenderText {#text} at (1,0) size 11x24
      text run at (1,0) width 11: "0"
layer at (13,113) size 214x23 scrollHeight 24
  RenderBlock {DIV} at (0,0) size 214x23
    RenderText {#text} at (1,0) size 11x24
      text run at (1,0) width 11: "0"
layer at (228,46) size 16x25
  RenderBlock (relative positioned) {DIV} at (215,-1) size 16x25
layer at (228,79) size 16x25
  RenderBlock (relative positioned) {DIV} at (215,-1) size 16x25
layer at (228,112) size 16x25
  RenderBlock (relative positioned) {DIV} at (215,-1) size 16x25
