layer at (0,0) size 800x600
  RenderView at (0,0) size 800x600
layer at (0,0) size 800x600
  RenderBlock {HTML} at (0,0) size 800x600
    RenderBody {BODY} at (8,8) size 784x584
      RenderBlock {DIV} at (0,0) size 784x38
        RenderText {#text} at (0,0) size 767x38
          text run at (0,0) width 767: "This tests for a bug (https://bugs.webkit.org/show_bug.cgi?id=25277) where a caret at the end of a non-wrapping line that"
          text run at (0,19) width 498: "extends outside of the containing block would paint over part of the focus halo."
      RenderBlock {DIV} at (0,38) size 50x19
        RenderText {#text} at (0,0) size 263x19
          text run at (0,0) width 263: "The caret should be at the end of this line."
caret: position 44 of child 0 {#text} of child 2 {DIV} of body
