layer at (0,0) size 800x600
  RenderView at (0,0) size 800x600
layer at (0,0) size 800x600
  RenderBlock {HTML} at (0,0) size 800x600
    RenderBody {BODY} at (8,16) size 784x566
      RenderBlock {DIV} at (0,0) size 784x19
        RenderText {#text} at (0,0) size 160x19
          text run at (0,0) width 160: "Outline ring painting test."
      RenderBlock {DIV} at (0,35) size 784x96
        RenderBlock (anonymous) at (0,0) size 784x19
        RenderBlock (anonymous) at (0,37) size 784x22
          RenderBlock {H3} at (0,0) size 784x22
            RenderText {#text} at (0,0) size 150x22
              text run at (0,0) width 150: "Bold with margin."
        RenderBlock (anonymous) at (0,77) size 784x19
      RenderBlock {DIV} at (0,149) size 784x59
        RenderBlock (anonymous) at (0,0) size 784x0
        RenderBlock (anonymous) at (0,0) size 784x22
          RenderBlock {H3} at (0,0) size 784x22
            RenderText {#text} at (0,0) size 150x22
              text run at (0,0) width 150: "No content before."
        RenderBlock (anonymous) at (0,40) size 784x19
      RenderBlock {DIV} at (0,224) size 784x59
        RenderBlock (anonymous) at (0,0) size 784x19
        RenderBlock (anonymous) at (0,37) size 784x22
          RenderBlock {H3} at (0,0) size 784x22
            RenderText {#text} at (0,0) size 177x22
              text run at (0,0) width 177: "But No Content After"
        RenderBlock (anonymous) at (0,77) size 784x0
      RenderBlock {DIV} at (0,301) size 784x22
        RenderBlock (anonymous) at (0,0) size 784x0
        RenderBlock (anonymous) at (0,0) size 784x22
          RenderBlock {H3} at (0,0) size 784x22
            RenderText {#text} at (0,0) size 216x22
              text run at (0,0) width 216: "No content before or after."
        RenderBlock (anonymous) at (0,40) size 784x0
layer at (8,51) size 98x19
  RenderInline (relative positioned) {SPAN} at (0,0) size 98x19
    RenderText {#text} at (0,0) size 98x19
      text run at (0,0) width 98: "Content before."
layer at (8,128) size 82x19
  RenderInline (relative positioned) {SPAN} at (0,0) size 82x19
    RenderText {#text} at (0,0) size 82x19
      text run at (0,0) width 82: "Content after"
layer at (8,165) size 0x0
  RenderInline (relative positioned) {SPAN} at (0,0) size 0x0
layer at (8,205) size 86x19
  RenderInline (relative positioned) {SPAN} at (0,0) size 86x19
    RenderText {#text} at (0,0) size 86x19
      text run at (0,0) width 86: "Content after."
layer at (8,240) size 94x19
  RenderInline (relative positioned) {SPAN} at (0,0) size 94x19
    RenderText {#text} at (0,0) size 94x19
      text run at (0,0) width 94: "Content before"
layer at (8,317) size 0x0
  RenderInline (relative positioned) {SPAN} at (0,0) size 0x0
layer at (8,317) size 0x0
  RenderInline (relative positioned) {SPAN} at (0,0) size 0x0
layer at (8,357) size 0x0
  RenderInline (relative positioned) {SPAN} at (0,0) size 0x0
