layer at (0,0) size 785x1262
  RenderView at (0,0) size 785x600
layer at (0,0) size 785x1262
  RenderBlock {HTML} at (0,0) size 785x1262
    RenderBody {BODY} at (8,16) size 769x1230
      RenderBlock {DIV} at (0,0) size 769x598
        RenderBlock {DIV} at (0,0) size 769x124
          RenderBlock {P} at (0,0) size 769x19
            RenderText {#text} at (0,0) size 31x19
              text run at (0,0) width 31: "LTR"
          RenderBlock (anonymous) at (0,35) size 769x19
            RenderInline {SPAN} at (0,0) size 43x23 [bgcolor=#008000] [border: (2px solid #FF0000)]
              RenderText {#text} at (22,0) size 21x19
                text run at (22,0) width 21: "aaa"
          RenderBlock (anonymous) at (0,70) size 769x19
            RenderBlock {DIV} at (0,0) size 769x19
              RenderText {#text} at (0,0) size 24x19
                text run at (0,0) width 24: "bbb"
          RenderBlock (anonymous) at (0,105) size 769x19
            RenderInline {SPAN} at (0,0) size 43x23 [bgcolor=#008000] [border: (2px solid #FF0000)]
              RenderText {#text} at (0,0) size 21x19
                text run at (0,0) width 21: "ccc"
            RenderText {#text} at (0,0) size 0x0
        RenderBlock {HR} at (0,140) size 769x2 [border: (1px inset #000000)]
        RenderBlock {DIV} at (0,158) size 769x124
          RenderBlock {P} at (0,0) size 769x19
            RenderText {#text} at (0,0) size 153x19
              text run at (0,0) width 153: "LTR, empty inline after."
          RenderBlock (anonymous) at (0,35) size 769x19
            RenderInline {SPAN} at (0,0) size 43x23 [bgcolor=#008000] [border: (2px solid #FF0000)]
              RenderText {#text} at (22,0) size 21x19
                text run at (22,0) width 21: "aaa"
          RenderBlock (anonymous) at (0,70) size 769x19
            RenderBlock {DIV} at (0,0) size 769x19
              RenderText {#text} at (0,0) size 24x19
                text run at (0,0) width 24: "bbb"
          RenderBlock (anonymous) at (0,105) size 769x19
            RenderInline {SPAN} at (0,0) size 22x23 [bgcolor=#008000] [border: (2px solid #FF0000)]
            RenderText {#text} at (0,0) size 0x0
        RenderBlock {HR} at (0,298) size 769x2 [border: (1px inset #000000)]
        RenderBlock {DIV} at (0,316) size 769x124
          RenderBlock {P} at (0,0) size 769x19
            RenderText {#text} at (0,0) size 165x19
              text run at (0,0) width 165: "LTR, empty inline before."
          RenderBlock (anonymous) at (0,35) size 769x19
            RenderInline {SPAN} at (0,0) size 22x23 [bgcolor=#008000] [border: (2px solid #FF0000)]
          RenderBlock (anonymous) at (0,70) size 769x19
            RenderBlock {DIV} at (0,0) size 769x19
              RenderText {#text} at (0,0) size 24x19
                text run at (0,0) width 24: "bbb"
          RenderBlock (anonymous) at (0,105) size 769x19
            RenderInline {SPAN} at (0,0) size 43x23 [bgcolor=#008000] [border: (2px solid #FF0000)]
              RenderText {#text} at (0,0) size 21x19
                text run at (0,0) width 21: "ccc"
            RenderText {#text} at (0,0) size 0x0
        RenderBlock {HR} at (0,456) size 769x2 [border: (1px inset #000000)]
        RenderBlock {DIV} at (0,474) size 769x124
          RenderBlock {P} at (0,0) size 769x19
            RenderText {#text} at (0,0) size 224x19
              text run at (0,0) width 224: "LTR, empty inline before and after."
          RenderBlock (anonymous) at (0,35) size 769x19
            RenderInline {SPAN} at (0,0) size 22x23 [bgcolor=#008000] [border: (2px solid #FF0000)]
          RenderBlock (anonymous) at (0,70) size 769x19
            RenderBlock {DIV} at (0,0) size 769x19
              RenderText {#text} at (0,0) size 24x19
                text run at (0,0) width 24: "bbb"
          RenderBlock (anonymous) at (0,105) size 769x19
            RenderInline {SPAN} at (0,0) size 22x23 [bgcolor=#008000] [border: (2px solid #FF0000)]
            RenderText {#text} at (0,0) size 0x0
      RenderBlock {HR} at (0,614) size 769x2 [border: (1px inset #000000)]
      RenderBlock {DIV} at (0,632) size 769x598
        RenderBlock {DIV} at (0,0) size 769x124
          RenderBlock {P} at (0,0) size 769x19
            RenderText {#text} at (738,0) size 31x19
              text run at (738,0) width 31: "RTL"
          RenderBlock (anonymous) at (0,35) size 769x19
            RenderInline {SPAN} at (0,0) size 43x23 [bgcolor=#008000] [border: (2px solid #FF0000)]
              RenderText {#text} at (726,0) size 21x19
                text run at (726,0) width 21: "aaa"
          RenderBlock (anonymous) at (0,70) size 769x19
            RenderBlock {DIV} at (0,0) size 769x19
              RenderText {#text} at (745,0) size 24x19
                text run at (745,0) width 24: "bbb"
          RenderBlock (anonymous) at (0,105) size 769x19
            RenderInline {SPAN} at (0,0) size 43x23 [bgcolor=#008000] [border: (2px solid #FF0000)]
              RenderText {#text} at (748,0) size 21x19
                text run at (748,0) width 21: "ccc"
            RenderText {#text} at (0,0) size 0x0
        RenderBlock {HR} at (0,140) size 769x2 [border: (1px inset #000000)]
        RenderBlock {DIV} at (0,158) size 769x124
          RenderBlock {P} at (0,0) size 769x19
            RenderText {#text} at (616,0) size 153x19
              text run at (616,0) width 4 RTL: "."
              text run at (620,0) width 149: "RTL, empty inline after"
          RenderBlock (anonymous) at (0,35) size 769x19
            RenderInline {SPAN} at (0,0) size 43x23 [bgcolor=#008000] [border: (2px solid #FF0000)]
              RenderText {#text} at (726,0) size 21x19
                text run at (726,0) width 21: "aaa"
          RenderBlock (anonymous) at (0,70) size 769x19
            RenderBlock {DIV} at (0,0) size 769x19
              RenderText {#text} at (745,0) size 24x19
                text run at (745,0) width 24: "bbb"
          RenderBlock (anonymous) at (0,105) size 769x19
            RenderInline {SPAN} at (0,0) size 22x23 [bgcolor=#008000] [border: (2px solid #FF0000)]
            RenderText {#text} at (0,0) size 0x0
        RenderBlock {HR} at (0,298) size 769x2 [border: (1px inset #000000)]
        RenderBlock {DIV} at (0,316) size 769x124
          RenderBlock {P} at (0,0) size 769x19
            RenderText {#text} at (604,0) size 165x19
              text run at (604,0) width 4 RTL: "."
              text run at (608,0) width 161: "RTL, empty inline before"
          RenderBlock (anonymous) at (0,35) size 769x19
            RenderInline {SPAN} at (0,0) size 22x23 [bgcolor=#008000] [border: (2px solid #FF0000)]
          RenderBlock (anonymous) at (0,70) size 769x19
            RenderBlock {DIV} at (0,0) size 769x19
              RenderText {#text} at (745,0) size 24x19
                text run at (745,0) width 24: "bbb"
          RenderBlock (anonymous) at (0,105) size 769x19
            RenderInline {SPAN} at (0,0) size 43x23 [bgcolor=#008000] [border: (2px solid #FF0000)]
              RenderText {#text} at (748,0) size 21x19
                text run at (748,0) width 21: "ccc"
            RenderText {#text} at (0,0) size 0x0
        RenderBlock {HR} at (0,456) size 769x2 [border: (1px inset #000000)]
        RenderBlock {DIV} at (0,474) size 769x124
          RenderBlock {P} at (0,0) size 769x19
            RenderText {#text} at (545,0) size 224x19
              text run at (545,0) width 4 RTL: "."
              text run at (549,0) width 220: "RTL, empty inline before and after"
          RenderBlock (anonymous) at (0,35) size 769x19
            RenderInline {SPAN} at (0,0) size 22x23 [bgcolor=#008000] [border: (2px solid #FF0000)]
          RenderBlock (anonymous) at (0,70) size 769x19
            RenderBlock {DIV} at (0,0) size 769x19
              RenderText {#text} at (745,0) size 24x19
                text run at (745,0) width 24: "bbb"
          RenderBlock (anonymous) at (0,105) size 769x19
            RenderInline {SPAN} at (0,0) size 22x23 [bgcolor=#008000] [border: (2px solid #FF0000)]
            RenderText {#text} at (0,0) size 0x0
