layer at (0,0) size 800x600
  RenderView at (0,0) size 800x600
layer at (0,0) size 800x66
  RenderBlock {HTML} at (0,0) size 800x66
    RenderBody {BODY} at (8,8) size 784x50
      RenderBlock {DIV} at (0,0) size 200x50
        RenderBlock {SPAN} at (0,22) size 0x0
        RenderText {#text} at (0,9) size 512x42
          text run at (0,9) width 16: "\x{3042}"
          text run at (0,34) width 512: "aaaaaaaaaaaaaaaaaaaaaaaaaaaaaaaa"
