layer at (0,0) size 784x584
  RenderView at (0,0) size 784x584
layer at (0,0) size 784x178
  RenderBlock {html} at (0,0) size 784x178
    RenderBody {body} at (8,8) size 162x162 [color=#000080] [border: (1px solid #000080)]
      RenderBlock {p} at (1,17) size 160x84
        RenderText {#text} at (0,0) size 151x84
          text run at (0,0) width 116: "There should be"
          text run at (0,21) width 117: "scrollbars for the"
          text run at (0,42) width 151: "viewport -- not for this"
          text run at (0,63) width 30: "box."
      RenderBlock {p} at (1,117) size 160x21 [color=#808080]
        RenderText {#text} at (0,0) size 114x21
          text run at (0,0) width 114: "This is filler text."
      RenderBlock {p} at (1,154) size 160x21 [color=#808080]
        RenderText {#text} at (0,0) size 114x21
          text run at (0,0) width 114: "This is filler text."
      RenderBlock {p} at (1,191) size 160x21 [color=#808080]
        RenderText {#text} at (0,0) size 114x21
          text run at (0,0) width 114: "This is filler text."
      RenderBlock {p} at (1,228) size 160x21 [color=#808080]
        RenderText {#text} at (0,0) size 114x21
          text run at (0,0) width 114: "This is filler text."
