layer at (0,0) size 800x600
  RenderView at (0,0) size 800x600
layer at (0,0) size 800x178
  RenderBlock {html} at (0,0) size 800x178
layer at (8,8) size 162x162 clip at (9,9) size 145x145 scrollHeight 229
  RenderBody {BODY} at (8,8) size 162x162 [color=#000080] [border: (1px solid #000080)]
    RenderBlock {P} at (1,17) size 145x57
      RenderText {#text} at (0,0) size 140x57
        text run at (0,0) width 97: "There should be"
        text run at (0,19) width 140: "scrollbars for this box -"
        text run at (0,38) width 133: "- not for the viewport."
    RenderBlock {P} at (1,90) size 145x19 [color=#808080]
      RenderText {#text} at (0,0) size 97x19
        text run at (0,0) width 97: "This is filler text."
    RenderBlock {P} at (1,125) size 145x19 [color=#808080]
      RenderText {#text} at (0,0) size 97x19
        text run at (0,0) width 97: "This is filler text."
    RenderBlock {P} at (1,160) size 145x19 [color=#808080]
      RenderText {#text} at (0,0) size 97x19
        text run at (0,0) width 97: "This is filler text."
    RenderBlock {P} at (1,195) size 145x19 [color=#808080]
      RenderText {#text} at (0,0) size 97x19
        text run at (0,0) width 97: "This is filler text."
