layer at (0,0) size 785x744
  RenderView at (0,0) size 785x600
layer at (0,0) size 785x744
  RenderBlock {HTML} at (0,0) size 785x744
    RenderBody {BODY} at (8,8) size 769x728
      RenderBlock {DIV} at (0,0) size 769x18
        RenderInline {SPAN} at (0,0) size 325x18
          RenderText {#text} at (0,0) size 309x18
            text run at (0,0) width 309: "No font is specified. expected: yen sign, actual: \x{A5}"
          RenderInline {SPAN} at (0,0) size 8x18
            RenderText {#text} at (309,0) size 8x18
              text run at (309,0) width 8: "\x{A5}"
          RenderInline {SPAN} at (0,0) size 8x18
            RenderText {#text} at (317,0) size 8x18
              text run at (317,0) width 8: "\x{A5}"
      RenderBlock {DIV} at (0,18) size 769x18
        RenderInline {SPAN} at (0,0) size 366x18
          RenderText {#text} at (0,0) size 350x18
            text run at (0,0) width 350: "Using font \"MS PGothic\". expected: yen sign, actual: \x{A5}"
          RenderInline {SPAN} at (0,0) size 8x18
            RenderText {#text} at (350,0) size 8x18
              text run at (350,0) width 8: "\x{A5}"
          RenderInline {SPAN} at (0,0) size 8x18
            RenderText {#text} at (358,0) size 8x18
              text run at (358,0) width 8: "\x{A5}"
        RenderInline {SPAN} at (0,0) size 8x18
          RenderText {#text} at (366,0) size 8x18
            text run at (366,0) width 8: "\x{A5}"
      RenderBlock {DIV} at (0,36) size 769x18
        RenderInline {SPAN} at (0,0) size 357x18
          RenderText {#text} at (0,0) size 341x18
            text run at (0,0) width 341: "Using font \"MS Gothic\". expected: yen sign, actual: \x{A5}"
          RenderInline {SPAN} at (0,0) size 8x18
            RenderText {#text} at (341,0) size 8x18
              text run at (341,0) width 8: "\x{A5}"
          RenderInline {SPAN} at (0,0) size 8x18
            RenderText {#text} at (349,0) size 8x18
              text run at (349,0) width 8: "\x{A5}"
        RenderInline {SPAN} at (0,0) size 8x18
          RenderText {#text} at (357,0) size 8x18
            text run at (357,0) width 8: "\x{A5}"
      RenderBlock {DIV} at (0,54) size 769x18
        RenderInline {SPAN} at (0,0) size 372x18
          RenderText {#text} at (0,0) size 356x18
            text run at (0,0) width 356: "Using font \"MS PMincho\". expected: yen sign, actual: \x{A5}"
          RenderInline {SPAN} at (0,0) size 8x18
            RenderText {#text} at (356,0) size 8x18
              text run at (356,0) width 8: "\x{A5}"
          RenderInline {SPAN} at (0,0) size 8x18
            RenderText {#text} at (364,0) size 8x18
              text run at (364,0) width 8: "\x{A5}"
        RenderInline {SPAN} at (0,0) size 8x18
          RenderText {#text} at (372,0) size 8x18
            text run at (372,0) width 8: "\x{A5}"
      RenderBlock {DIV} at (0,72) size 769x18
        RenderInline {SPAN} at (0,0) size 363x18
          RenderText {#text} at (0,0) size 347x18
            text run at (0,0) width 347: "Using font \"MS Mincho\". expected: yen sign, actual: \x{A5}"
          RenderInline {SPAN} at (0,0) size 8x18
            RenderText {#text} at (347,0) size 8x18
              text run at (347,0) width 8: "\x{A5}"
          RenderInline {SPAN} at (0,0) size 8x18
            RenderText {#text} at (355,0) size 8x18
              text run at (355,0) width 8: "\x{A5}"
        RenderInline {SPAN} at (0,0) size 8x18
          RenderText {#text} at (363,0) size 8x18
            text run at (363,0) width 8: "\x{A5}"
      RenderBlock {DIV} at (0,90) size 769x18
        RenderInline {SPAN} at (0,0) size 333x18
          RenderText {#text} at (0,0) size 317x18
            text run at (0,0) width 317: "Using font \"Meiryo\". expected: yen sign, actual: \x{A5}"
          RenderInline {SPAN} at (0,0) size 8x18
            RenderText {#text} at (317,0) size 8x18
              text run at (317,0) width 8: "\x{A5}"
          RenderInline {SPAN} at (0,0) size 8x18
            RenderText {#text} at (325,0) size 8x18
              text run at (325,0) width 8: "\x{A5}"
        RenderInline {SPAN} at (0,0) size 8x18
          RenderText {#text} at (333,0) size 8x18
            text run at (333,0) width 8: "\x{A5}"
      RenderBlock {DIV} at (0,108) size 769x24
        RenderInline {SPAN} at (0,0) size 403x18
          RenderText {#text} at (0,3) size 387x18
            text run at (0,3) width 387: "Using font \"\x{FF2D}\x{FF33} \x{FF30}\x{30B4}\x{30B7}\x{30C3}\x{30AF}\". expected: yen sign, actual: \x{A5}"
          RenderInline {SPAN} at (0,0) size 8x18
            RenderText {#text} at (387,3) size 8x18
              text run at (387,3) width 8: "\x{A5}"
          RenderInline {SPAN} at (0,0) size 8x18
            RenderText {#text} at (395,3) size 8x18
              text run at (395,3) width 8: "\x{A5}"
        RenderInline {SPAN} at (0,0) size 8x18
          RenderText {#text} at (403,3) size 8x18
            text run at (403,3) width 8: "\x{A5}"
      RenderBlock {DIV} at (0,132) size 769x24
        RenderInline {SPAN} at (0,0) size 387x18
          RenderText {#text} at (0,3) size 371x18
            text run at (0,3) width 371: "Using font \"\x{FF2D}\x{FF33} \x{30B4}\x{30B7}\x{30C3}\x{30AF}\". expected: yen sign, actual: \x{A5}"
          RenderInline {SPAN} at (0,0) size 8x18
            RenderText {#text} at (371,3) size 8x18
              text run at (371,3) width 8: "\x{A5}"
          RenderInline {SPAN} at (0,0) size 8x18
            RenderText {#text} at (379,3) size 8x18
              text run at (379,3) width 8: "\x{A5}"
        RenderInline {SPAN} at (0,0) size 8x18
          RenderText {#text} at (387,3) size 8x18
            text run at (387,3) width 8: "\x{A5}"
      RenderBlock {DIV} at (0,156) size 769x24
        RenderInline {SPAN} at (0,0) size 371x18
          RenderText {#text} at (0,3) size 355x18
            text run at (0,3) width 355: "Using font \"\x{FF2D}\x{FF33} \x{FF30}\x{660E}\x{671D}\". expected: yen sign, actual: \x{A5}"
          RenderInline {SPAN} at (0,0) size 8x18
            RenderText {#text} at (355,3) size 8x18
              text run at (355,3) width 8: "\x{A5}"
          RenderInline {SPAN} at (0,0) size 8x18
            RenderText {#text} at (363,3) size 8x18
              text run at (363,3) width 8: "\x{A5}"
        RenderInline {SPAN} at (0,0) size 8x18
          RenderText {#text} at (371,3) size 8x18
            text run at (371,3) width 8: "\x{A5}"
      RenderBlock {DIV} at (0,180) size 769x24
        RenderInline {SPAN} at (0,0) size 355x18
          RenderText {#text} at (0,3) size 339x18
            text run at (0,3) width 339: "Using font \"\x{FF2D}\x{FF33} \x{660E}\x{671D}\". expected: yen sign, actual: \x{A5}"
          RenderInline {SPAN} at (0,0) size 8x18
            RenderText {#text} at (339,3) size 8x18
              text run at (339,3) width 8: "\x{A5}"
          RenderInline {SPAN} at (0,0) size 8x18
            RenderText {#text} at (347,3) size 8x18
              text run at (347,3) width 8: "\x{A5}"
        RenderInline {SPAN} at (0,0) size 8x18
          RenderText {#text} at (355,3) size 8x18
            text run at (355,3) width 8: "\x{A5}"
      RenderBlock {DIV} at (0,204) size 769x24
        RenderInline {SPAN} at (0,0) size 351x18
          RenderText {#text} at (0,3) size 335x18
            text run at (0,3) width 335: "Using font \"\x{30E1}\x{30A4}\x{30EA}\x{30AA}\". expected: yen sign, actual: \x{A5}"
          RenderInline {SPAN} at (0,0) size 8x18
            RenderText {#text} at (335,3) size 8x18
              text run at (335,3) width 8: "\x{A5}"
          RenderInline {SPAN} at (0,0) size 8x18
            RenderText {#text} at (343,3) size 8x18
              text run at (343,3) width 8: "\x{A5}"
        RenderInline {SPAN} at (0,0) size 8x18
          RenderText {#text} at (351,3) size 8x18
            text run at (351,3) width 8: "\x{A5}"
      RenderBlock {DIV} at (0,228) size 769x18
        RenderInline {SPAN} at (0,0) size 322x18
          RenderText {#text} at (0,0) size 314x18
            text run at (0,0) width 314: "Using font \"Times\". expected: backslash, actual: \\"
          RenderInline {SPAN} at (0,0) size 4x18
            RenderText {#text} at (314,0) size 4x18
              text run at (314,0) width 4: "\\"
          RenderInline {SPAN} at (0,0) size 4x18
            RenderText {#text} at (318,0) size 4x18
              text run at (318,0) width 4: "\\"
        RenderInline {SPAN} at (0,0) size 4x18
          RenderText {#text} at (322,0) size 4x18
            text run at (322,0) width 4: "\\"
      RenderBlock {DIV} at (0,246) size 769x18
        RenderInline {SPAN} at (0,0) size 324x18
          RenderText {#text} at (0,0) size 316x18
            text run at (0,0) width 316: "Using font \"foobar\". expected: backslash, actual: \\"
          RenderInline {SPAN} at (0,0) size 4x18
            RenderText {#text} at (316,0) size 4x18
              text run at (316,0) width 4: "\\"
          RenderInline {SPAN} at (0,0) size 4x18
            RenderText {#text} at (320,0) size 4x18
              text run at (320,0) width 4: "\\"
        RenderInline {SPAN} at (0,0) size 4x18
          RenderText {#text} at (324,0) size 4x18
            text run at (324,0) width 4: "\\"
      RenderBlock {DIV} at (0,264) size 769x18
        RenderInline {SPAN} at (0,0) size 470x18
          RenderText {#text} at (0,0) size 454x18
            text run at (0,0) width 454: "Using font \"*INVALID FONT NAME*\". expected: yen sign, actual: \x{A5}"
          RenderInline {SPAN} at (0,0) size 8x18
            RenderText {#text} at (454,0) size 8x18
              text run at (454,0) width 8: "\x{A5}"
          RenderInline {SPAN} at (0,0) size 8x18
            RenderText {#text} at (462,0) size 8x18
              text run at (462,0) width 8: "\x{A5}"
        RenderInline {SPAN} at (0,0) size 8x18
          RenderText {#text} at (470,0) size 8x18
            text run at (470,0) width 8: "\x{A5}"
      RenderBlock {DIV} at (0,282) size 769x18
        RenderInline {SPAN} at (0,0) size 314x18
          RenderText {#text} at (0,0) size 298x18
            text run at (0,0) width 298: "Using font \"serif\". expected: yen sign, actual: \x{A5}"
          RenderInline {SPAN} at (0,0) size 8x18
            RenderText {#text} at (298,0) size 8x18
              text run at (298,0) width 8: "\x{A5}"
          RenderInline {SPAN} at (0,0) size 8x18
            RenderText {#text} at (306,0) size 8x18
              text run at (306,0) width 8: "\x{A5}"
        RenderInline {SPAN} at (0,0) size 8x18
          RenderText {#text} at (314,0) size 8x18
            text run at (314,0) width 8: "\x{A5}"
      RenderBlock {DIV} at (0,300) size 769x18
        RenderInline {SPAN} at (0,0) size 384x18
          RenderText {#text} at (0,0) size 366x18
            text run at (0,0) width 366: "Using font \"sans-serif\". expected: yen sign, actual: \x{A5}"
          RenderInline {SPAN} at (0,0) size 9x18
            RenderText {#text} at (366,0) size 9x18
              text run at (366,0) width 9: "\x{A5}"
          RenderInline {SPAN} at (0,0) size 9x18
            RenderText {#text} at (375,0) size 9x18
              text run at (375,0) width 9: "\x{A5}"
        RenderInline {SPAN} at (0,0) size 9x18
          RenderText {#text} at (384,0) size 9x18
            text run at (384,0) width 9: "\x{A5}"
      RenderBlock {DIV} at (0,318) size 769x25
        RenderInline {SPAN} at (0,0) size 339x25
          RenderText {#text} at (0,0) size 321x25
            text run at (0,0) width 321: "Using font \"cursive\". expected: yen sign, actual: \x{A5}"
          RenderInline {SPAN} at (0,0) size 9x25
            RenderText {#text} at (321,0) size 9x25
              text run at (321,0) width 9: "\x{A5}"
          RenderInline {SPAN} at (0,0) size 9x25
            RenderText {#text} at (330,0) size 9x25
              text run at (330,0) width 9: "\x{A5}"
        RenderInline {SPAN} at (0,0) size 9x25
          RenderText {#text} at (339,0) size 9x25
            text run at (339,0) width 9: "\x{A5}"
      RenderBlock {DIV} at (0,343) size 769x25
        RenderInline {SPAN} at (0,0) size 382x25
          RenderText {#text} at (0,0) size 360x25
            text run at (0,0) width 360: "Using font \"fantasy\". expected: yen sign, actual: \x{A5}"
          RenderInline {SPAN} at (0,0) size 11x25
            RenderText {#text} at (360,0) size 11x25
              text run at (360,0) width 11: "\x{A5}"
          RenderInline {SPAN} at (0,0) size 11x25
            RenderText {#text} at (371,0) size 11x25
              text run at (371,0) width 11: "\x{A5}"
        RenderInline {SPAN} at (0,0) size 11x25
          RenderText {#text} at (382,0) size 11x25
            text run at (382,0) width 11: "\x{A5}"
      RenderBlock {DIV} at (0,368) size 769x18
        RenderInline {SPAN} at (0,0) size 440x15
          RenderText {#text} at (0,2) size 424x15
            text run at (0,2) width 424: "Using font \"monospace\". expected: yen sign, actual: \x{A5}"
          RenderInline {SPAN} at (0,0) size 8x15
            RenderText {#text} at (424,2) size 8x15
              text run at (424,2) width 8: "\x{A5}"
          RenderInline {SPAN} at (0,0) size 8x15
            RenderText {#text} at (432,2) size 8x15
              text run at (432,2) width 8: "\x{A5}"
        RenderInline {SPAN} at (0,0) size 8x15
          RenderText {#text} at (440,2) size 8x15
            text run at (440,2) width 8: "\x{A5}"
      RenderBlock {DIV} at (0,386) size 769x18
        RenderInline {SPAN} at (0,0) size 368x18
          RenderText {#text} at (0,0) size 360x18
            text run at (0,0) width 360: "Using font \"-webkit-body\". expected: backslash, actual: \\"
          RenderInline {SPAN} at (0,0) size 4x18
            RenderText {#text} at (360,0) size 4x18
              text run at (360,0) width 4: "\\"
          RenderInline {SPAN} at (0,0) size 4x18
            RenderText {#text} at (364,0) size 4x18
              text run at (364,0) width 4: "\\"
        RenderInline {SPAN} at (0,0) size 4x18
          RenderText {#text} at (368,0) size 4x18
            text run at (368,0) width 4: "\\"
      RenderBlock {DIV} at (0,404) size 769x18
        RenderInline {SPAN} at (0,0) size 332x16
          RenderText {#text} at (0,1) size 316x16
            text run at (0,1) width 316: "Using font \"caption\". expected: yen sign, actual: \x{A5}"
          RenderInline {SPAN} at (0,0) size 9x16
            RenderText {#text} at (315,1) size 9x16
              text run at (315,1) width 9: "\x{A5}"
          RenderInline {SPAN} at (0,0) size 9x16
            RenderText {#text} at (323,1) size 9x16
              text run at (323,1) width 9: "\x{A5}"
      RenderBlock {DIV} at (0,422) size 769x18
        RenderInline {SPAN} at (0,0) size 312x16
          RenderText {#text} at (0,1) size 295x16
            text run at (0,1) width 295: "Using font \"icon\". expected: yen sign, actual: \x{A5}"
          RenderInline {SPAN} at (0,0) size 10x16
            RenderText {#text} at (294,1) size 10x16
              text run at (294,1) width 10: "\x{A5}"
          RenderInline {SPAN} at (0,0) size 9x16
            RenderText {#text} at (303,1) size 9x16
              text run at (303,1) width 9: "\x{A5}"
      RenderBlock {DIV} at (0,440) size 769x18
        RenderInline {SPAN} at (0,0) size 321x16
          RenderText {#text} at (0,1) size 304x16
            text run at (0,1) width 304: "Using font \"menu\". expected: yen sign, actual: \x{A5}"
          RenderInline {SPAN} at (0,0) size 10x16
            RenderText {#text} at (303,1) size 10x16
              text run at (303,1) width 10: "\x{A5}"
          RenderInline {SPAN} at (0,0) size 9x16
            RenderText {#text} at (312,1) size 9x16
              text run at (312,1) width 9: "\x{A5}"
      RenderBlock {DIV} at (0,458) size 769x18
        RenderInline {SPAN} at (0,0) size 372x16
          RenderText {#text} at (0,1) size 356x16
            text run at (0,1) width 356: "Using font \"message-box\". expected: yen sign, actual: \x{A5}"
          RenderInline {SPAN} at (0,0) size 9x16
            RenderText {#text} at (355,1) size 9x16
              text run at (355,1) width 9: "\x{A5}"
          RenderInline {SPAN} at (0,0) size 9x16
            RenderText {#text} at (363,1) size 9x16
              text run at (363,1) width 9: "\x{A5}"
      RenderBlock {DIV} at (0,476) size 769x18
        RenderInline {SPAN} at (0,0) size 316x13
          RenderText {#text} at (0,3) size 302x13
            text run at (0,3) width 302: "Using font \"small-caption\". expected: yen sign, actual: \x{A5}"
          RenderInline {SPAN} at (0,0) size 8x13
            RenderText {#text} at (301,3) size 8x13
              text run at (301,3) width 8: "\x{A5}"
          RenderInline {SPAN} at (0,0) size 8x13
            RenderText {#text} at (308,3) size 8x13
              text run at (308,3) width 8: "\x{A5}"
      RenderBlock {DIV} at (0,494) size 769x18
        RenderInline {SPAN} at (0,0) size 271x12
          RenderText {#text} at (0,4) size 258x12
            text run at (0,4) width 258: "Using font \"status-bar\". expected: yen sign, actual: \x{A5}"
          RenderInline {SPAN} at (0,0) size 7x12
            RenderText {#text} at (257,4) size 7x12
              text run at (257,4) width 7: "\x{A5}"
          RenderInline {SPAN} at (0,0) size 8x12
            RenderText {#text} at (263,4) size 8x12
              text run at (263,4) width 8: "\x{A5}"
      RenderBlock {DIV} at (0,512) size 769x18
        RenderInline {SPAN} at (0,0) size 292x11
          RenderText {#text} at (0,5) size 281x11
            text run at (0,5) width 281: "Using font \"-webkit-mini-control\". expected: yen sign, actual: \x{A5}"
          RenderInline {SPAN} at (0,0) size 7x11
            RenderText {#text} at (280,5) size 7x11
              text run at (280,5) width 7: "\x{A5}"
          RenderInline {SPAN} at (0,0) size 6x11
            RenderText {#text} at (286,5) size 6x11
              text run at (286,5) width 6: "\x{A5}"
      RenderBlock {DIV} at (0,530) size 769x18
        RenderInline {SPAN} at (0,0) size 362x13
          RenderText {#text} at (0,3) size 348x13
            text run at (0,3) width 348: "Using font \"-webkit-small-control\". expected: yen sign, actual: \x{A5}"
          RenderInline {SPAN} at (0,0) size 8x13
            RenderText {#text} at (347,3) size 8x13
              text run at (347,3) width 8: "\x{A5}"
          RenderInline {SPAN} at (0,0) size 8x13
            RenderText {#text} at (354,3) size 8x13
              text run at (354,3) width 8: "\x{A5}"
      RenderBlock {DIV} at (0,548) size 769x18
        RenderInline {SPAN} at (0,0) size 387x16
          RenderText {#text} at (0,1) size 370x16
            text run at (0,1) width 370: "Using font \"-webkit-control\". expected: yen sign, actual: \x{A5}"
          RenderInline {SPAN} at (0,0) size 9x16
            RenderText {#text} at (369,1) size 9x16
              text run at (369,1) width 9: "\x{A5}"
          RenderInline {SPAN} at (0,0) size 10x16
            RenderText {#text} at (377,1) size 10x16
              text run at (377,1) width 10: "\x{A5}"
      RenderBlock {DIV} at (0,566) size 769x18
        RenderInline {SPAN} at (0,0) size 404x18
          RenderText {#text} at (0,0) size 388x18
            text run at (0,0) width 388: "Using font \"MS Gothic, Times\". expected: yen sign, actual: \x{A5}"
          RenderInline {SPAN} at (0,0) size 8x18
            RenderText {#text} at (388,0) size 8x18
              text run at (388,0) width 8: "\x{A5}"
          RenderInline {SPAN} at (0,0) size 8x18
            RenderText {#text} at (396,0) size 8x18
              text run at (396,0) width 8: "\x{A5}"
        RenderInline {SPAN} at (0,0) size 8x18
          RenderText {#text} at (404,0) size 8x18
            text run at (404,0) width 8: "\x{A5}"
      RenderBlock {DIV} at (0,584) size 769x18
        RenderInline {SPAN} at (0,0) size 400x18
          RenderText {#text} at (0,0) size 392x18
            text run at (0,0) width 392: "Using font \"Times, MS Gothic\". expected: backslash, actual: \\"
          RenderInline {SPAN} at (0,0) size 4x18
            RenderText {#text} at (392,0) size 4x18
              text run at (392,0) width 4: "\\"
          RenderInline {SPAN} at (0,0) size 4x18
            RenderText {#text} at (396,0) size 4x18
              text run at (396,0) width 4: "\\"
        RenderInline {SPAN} at (0,0) size 4x18
          RenderText {#text} at (400,0) size 4x18
            text run at (400,0) width 4: "\\"
      RenderBlock {DIV} at (0,602) size 769x18
        RenderInline {SPAN} at (0,0) size 406x18
          RenderText {#text} at (0,0) size 390x18
            text run at (0,0) width 390: "Using font \"MS Gothic, foobar\". expected: yen sign, actual: \x{A5}"
          RenderInline {SPAN} at (0,0) size 8x18
            RenderText {#text} at (390,0) size 8x18
              text run at (390,0) width 8: "\x{A5}"
          RenderInline {SPAN} at (0,0) size 8x18
            RenderText {#text} at (398,0) size 8x18
              text run at (398,0) width 8: "\x{A5}"
        RenderInline {SPAN} at (0,0) size 8x18
          RenderText {#text} at (406,0) size 8x18
            text run at (406,0) width 8: "\x{A5}"
      RenderBlock {DIV} at (0,620) size 769x18
        RenderInline {SPAN} at (0,0) size 402x18
          RenderText {#text} at (0,0) size 394x18
            text run at (0,0) width 394: "Using font \"foobar, MS Gothic\". expected: backslash, actual: \\"
          RenderInline {SPAN} at (0,0) size 4x18
            RenderText {#text} at (394,0) size 4x18
              text run at (394,0) width 4: "\\"
          RenderInline {SPAN} at (0,0) size 4x18
            RenderText {#text} at (398,0) size 4x18
              text run at (398,0) width 4: "\\"
        RenderInline {SPAN} at (0,0) size 4x18
          RenderText {#text} at (402,0) size 4x18
            text run at (402,0) width 4: "\\"
      RenderBlock {DIV} at (0,638) size 769x18
        RenderInline {SPAN} at (0,0) size 361x18
          RenderText {#text} at (0,0) size 345x18
            text run at (0,0) width 345: "Using font \"serif, Times\". expected: yen sign, actual: \x{A5}"
          RenderInline {SPAN} at (0,0) size 8x18
            RenderText {#text} at (345,0) size 8x18
              text run at (345,0) width 8: "\x{A5}"
          RenderInline {SPAN} at (0,0) size 8x18
            RenderText {#text} at (353,0) size 8x18
              text run at (353,0) width 8: "\x{A5}"
        RenderInline {SPAN} at (0,0) size 8x18
          RenderText {#text} at (361,0) size 8x18
            text run at (361,0) width 8: "\x{A5}"
      RenderBlock {DIV} at (0,656) size 769x18
        RenderInline {SPAN} at (0,0) size 357x18
          RenderText {#text} at (0,0) size 349x18
            text run at (0,0) width 349: "Using font \"Times, serif\". expected: backslash, actual: \\"
          RenderInline {SPAN} at (0,0) size 4x18
            RenderText {#text} at (349,0) size 4x18
              text run at (349,0) width 4: "\\"
          RenderInline {SPAN} at (0,0) size 4x18
            RenderText {#text} at (353,0) size 4x18
              text run at (353,0) width 4: "\\"
        RenderInline {SPAN} at (0,0) size 4x18
          RenderText {#text} at (357,0) size 4x18
            text run at (357,0) width 4: "\\"
      RenderBlock {DIV} at (0,674) size 769x18
        RenderInline {SPAN} at (0,0) size 349x18
          RenderText {#text} at (0,0) size 333x18
            text run at (0,0) width 333: "Using font \"serif, serif\". expected: yen sign, actual: \x{A5}"
          RenderInline {SPAN} at (0,0) size 8x18
            RenderText {#text} at (333,0) size 8x18
              text run at (333,0) width 8: "\x{A5}"
          RenderInline {SPAN} at (0,0) size 8x18
            RenderText {#text} at (341,0) size 8x18
              text run at (341,0) width 8: "\x{A5}"
        RenderInline {SPAN} at (0,0) size 8x18
          RenderText {#text} at (349,0) size 8x18
            text run at (349,0) width 8: "\x{A5}"
      RenderBlock {DIV} at (0,692) size 769x18
        RenderInline {SPAN} at (0,0) size 371x18
          RenderText {#text} at (0,0) size 363x18
            text run at (0,0) width 363: "Using font \"foobar, Times\". expected: backslash, actual: \\"
          RenderInline {SPAN} at (0,0) size 4x18
            RenderText {#text} at (363,0) size 4x18
              text run at (363,0) width 4: "\\"
          RenderInline {SPAN} at (0,0) size 4x18
            RenderText {#text} at (367,0) size 4x18
              text run at (367,0) width 4: "\\"
        RenderInline {SPAN} at (0,0) size 4x18
          RenderText {#text} at (371,0) size 4x18
            text run at (371,0) width 4: "\\"
      RenderBlock {DIV} at (0,710) size 769x18
        RenderInline {SPAN} at (0,0) size 371x18
          RenderText {#text} at (0,0) size 363x18
            text run at (0,0) width 363: "Using font \"Times, foobar\". expected: backslash, actual: \\"
          RenderInline {SPAN} at (0,0) size 4x18
            RenderText {#text} at (363,0) size 4x18
              text run at (363,0) width 4: "\\"
          RenderInline {SPAN} at (0,0) size 4x18
            RenderText {#text} at (367,0) size 4x18
              text run at (367,0) width 4: "\\"
        RenderInline {SPAN} at (0,0) size 4x18
          RenderText {#text} at (371,0) size 4x18
            text run at (371,0) width 4: "\\"
