layer at (0,0) size 800x600
  RenderView at (0,0) size 800x600
layer at (0,0) size 800x600
  RenderBlock {HTML} at (0,0) size 800x600
    RenderBody {BODY} at (8,8) size 784x584
      RenderTable {TABLE} at (0,0) size 212x312 [border: (2px outset #808080)]
        RenderTableSection {TBODY} at (2,2) size 208x308
          RenderTableRow {TR} at (0,2) size 208x304
            RenderTableCell {TD} at (2,2) size 204x304 [border: (1px inset #808080)] [r=0 c=0 rs=1 cs=1]
layer at (14,14) size 200x300 clip at (14,14) size 184x300 scrollHeight 432
  RenderBlock {DIV} at (2,2) size 200x300
    RenderText {#text} at (0,0) size 140x17
      text run at (0,0) width 140: "Lots of overflow text."
    RenderBR {BR} at (139,14) size 1x0
    RenderText {#text} at (0,18) size 140x17
      text run at (0,18) width 140: "Lots of overflow text."
    RenderBR {BR} at (139,32) size 1x0
    RenderText {#text} at (0,36) size 140x17
      text run at (0,36) width 140: "Lots of overflow text."
    RenderBR {BR} at (139,50) size 1x0
    RenderText {#text} at (0,54) size 140x17
      text run at (0,54) width 140: "Lots of overflow text."
    RenderBR {BR} at (139,68) size 1x0
    RenderText {#text} at (0,72) size 140x17
      text run at (0,72) width 140: "Lots of overflow text."
    RenderBR {BR} at (139,86) size 1x0
    RenderText {#text} at (0,90) size 140x17
      text run at (0,90) width 140: "Lots of overflow text."
    RenderBR {BR} at (139,104) size 1x0
    RenderText {#text} at (0,108) size 140x17
      text run at (0,108) width 140: "Lots of overflow text."
    RenderBR {BR} at (139,122) size 1x0
    RenderText {#text} at (0,126) size 140x17
      text run at (0,126) width 140: "Lots of overflow text."
    RenderBR {BR} at (139,140) size 1x0
    RenderText {#text} at (0,144) size 140x17
      text run at (0,144) width 140: "Lots of overflow text."
    RenderBR {BR} at (139,158) size 1x0
    RenderText {#text} at (0,162) size 140x17
      text run at (0,162) width 140: "Lots of overflow text."
    RenderBR {BR} at (139,176) size 1x0
    RenderText {#text} at (0,180) size 140x17
      text run at (0,180) width 140: "Lots of overflow text."
    RenderBR {BR} at (139,194) size 1x0
    RenderText {#text} at (0,198) size 140x17
      text run at (0,198) width 140: "Lots of overflow text."
    RenderBR {BR} at (139,212) size 1x0
    RenderText {#text} at (0,216) size 140x17
      text run at (0,216) width 140: "Lots of overflow text."
    RenderBR {BR} at (139,230) size 1x0
    RenderText {#text} at (0,234) size 140x17
      text run at (0,234) width 140: "Lots of overflow text."
    RenderBR {BR} at (139,248) size 1x0
    RenderText {#text} at (0,252) size 140x17
      text run at (0,252) width 140: "Lots of overflow text."
    RenderBR {BR} at (139,266) size 1x0
    RenderText {#text} at (0,270) size 140x17
      text run at (0,270) width 140: "Lots of overflow text."
    RenderBR {BR} at (139,284) size 1x0
    RenderText {#text} at (0,288) size 140x17
      text run at (0,288) width 140: "Lots of overflow text."
    RenderBR {BR} at (139,302) size 1x0
    RenderText {#text} at (0,306) size 140x17
      text run at (0,306) width 140: "Lots of overflow text."
    RenderBR {BR} at (139,320) size 1x0
    RenderText {#text} at (0,324) size 140x17
      text run at (0,324) width 140: "Lots of overflow text."
    RenderBR {BR} at (139,338) size 1x0
    RenderText {#text} at (0,342) size 140x17
      text run at (0,342) width 140: "Lots of overflow text."
    RenderBR {BR} at (139,356) size 1x0
    RenderText {#text} at (0,360) size 140x17
      text run at (0,360) width 140: "Lots of overflow text."
    RenderBR {BR} at (139,374) size 1x0
    RenderText {#text} at (0,378) size 140x17
      text run at (0,378) width 140: "Lots of overflow text."
    RenderBR {BR} at (139,392) size 1x0
    RenderText {#text} at (0,396) size 140x17
      text run at (0,396) width 140: "Lots of overflow text."
    RenderBR {BR} at (139,410) size 1x0
    RenderText {#text} at (0,414) size 140x17
      text run at (0,414) width 140: "Lots of overflow text."
    RenderBR {BR} at (139,428) size 1x0
