layer at (0,0) size 800x600
  RenderView at (0,0) size 800x600
layer at (10,10) size 780x302
  RenderBlock {fake} at (10,10) size 780x302 [bgcolor=#FFFF00]
layer at (10,10) size 282x302 clip at (11,11) size 265x300 scrollHeight 1120
  RenderBlock {channel} at (0,0) size 282x302 [bgcolor=#EEEEEE] [border: (1px solid #000000)]
    RenderBlock {title} at (11,11) size 255x18
      RenderText {#text} at (0,0) size 115x19
        text run at (0,0) width 115: "scottandrew.com"
    RenderBlock {description} at (11,39) size 255x12
      RenderText {#text} at (0,0) size 162x12
        text run at (0,0) width 162: "DHTML, DOM and JavaScript News"
    RenderBlock {item} at (1,61) size 265x78 [bgcolor=#FFFFFF] [border: (1px solid #CCCCCC) none (1px solid #CCCCCC) none]
      RenderInline {title} at (0,0) size 192x14
        RenderText {#text} at (10,11) size 192x14
          text run at (10,11) width 192: "DHTML Animation Array Generator"
      RenderText {#text} at (202,11) size 3x14
        text run at (202,11) width 3: " "
      RenderInline {description} at (0,0) size 244x56
        RenderText {#text} at (205,11) size 244x56
          text run at (205,11) width 32: "Robert"
          text run at (10,25) width 202: "points us to the first third-party tool for the"
          text run at (10,39) width 244: "DomAPI: The Animation Array Generator, a visual"
          text run at (10,53) width 84: "tool for creating..."
      RenderText {#text} at (0,0) size 0x0
      RenderText {#text} at (0,0) size 0x0
    RenderBlock {item} at (1,149) size 265x78 [bgcolor=#FFFFFF] [border: (1px solid #CCCCCC) none (1px solid #CCCCCC) none]
      RenderInline {title} at (0,0) size 144x14
        RenderText {#text} at (10,11) size 144x14
          text run at (10,11) width 144: "DOM and Extended Entries"
      RenderText {#text} at (154,11) size 3x14
        text run at (154,11) width 3: " "
      RenderInline {description} at (0,0) size 238x56
        RenderText {#text} at (157,11) size 238x56
          text run at (157,11) width 91: "Aarondot: A Better"
          text run at (10,25) width 237: "Way To Display Extended Entries. Very cool, and"
          text run at (10,39) width 202: "uses the DOM and JavaScript to reveal the"
          text run at (10,53) width 51: "extended..."
      RenderText {#text} at (0,0) size 0x0
      RenderText {#text} at (0,0) size 0x0
    RenderBlock {item} at (1,237) size 265x64 [bgcolor=#FFFFFF] [border: (1px solid #CCCCCC) none (1px solid #CCCCCC) none]
      RenderInline {title} at (0,0) size 129x14
        RenderText {#text} at (10,11) size 129x14
          text run at (10,11) width 129: "cellspacing and the DOM"
      RenderText {#text} at (139,11) size 3x14
        text run at (139,11) width 3: " "
      RenderInline {description} at (0,0) size 238x42
        RenderText {#text} at (142,11) size 238x42
          text run at (142,11) width 99: "By the way, if you're"
          text run at (10,25) width 238: "using the DOM to generate TABLE elements, you"
          text run at (10,39) width 173: "have to use setAttribute() to set the..."
      RenderText {#text} at (0,0) size 0x0
      RenderText {#text} at (0,0) size 0x0
    RenderBlock {item} at (1,311) size 265x78 [bgcolor=#FFFFFF] [border: (1px solid #CCCCCC) none (1px solid #CCCCCC) none]
      RenderInline {title} at (0,0) size 136x14
        RenderText {#text} at (10,11) size 136x14
          text run at (10,11) width 136: "contenteditable for Mozilla"
      RenderText {#text} at (146,11) size 3x14
        text run at (146,11) width 3: " "
      RenderInline {description} at (0,0) size 235x56
        RenderText {#text} at (149,11) size 235x56
          text run at (149,11) width 87: "The folks art Q42,"
          text run at (10,25) width 235: "creator of Quek (cute little avatar/chat) and Xopus"
          text run at (10,39) width 227: "(browser-based WYSIWYG XML-editor) have"
          text run at (10,53) width 139: "released code that simulates..."
      RenderText {#text} at (0,0) size 0x0
      RenderText {#text} at (0,0) size 0x0
    RenderBlock {item} at (1,399) size 265x78 [bgcolor=#FFFFFF] [border: (1px solid #CCCCCC) none (1px solid #CCCCCC) none]
      RenderInline {title} at (0,0) size 203x14
        RenderText {#text} at (10,11) size 203x14
          text run at (10,11) width 203: "DHTML Timeline/Keyframe Animation"
      RenderText {#text} at (213,11) size 3x14
        text run at (213,11) width 3: " "
      RenderInline {description} at (0,0) size 225x56
        RenderText {#text} at (216,11) size 225x56
          text run at (216,11) width 19: "Tim"
          text run at (10,25) width 165: "Morgan is working on a Flash-like"
          text run at (10,39) width 212: "timeline/keyframe extension for his DHTML"
          text run at (10,53) width 43: "toolset...."
      RenderText {#text} at (0,0) size 0x0
      RenderText {#text} at (0,0) size 0x0
    RenderBlock {item} at (1,487) size 265x78 [bgcolor=#FFFFFF] [border: (1px solid #CCCCCC) none (1px solid #CCCCCC) none]
      RenderInline {title} at (0,0) size 224x14
        RenderText {#text} at (10,11) size 224x14
          text run at (10,11) width 224: "DynAPI 2.9 and Mozilla compatibility ports"
      RenderText {#text} at (0,0) size 0x0
      RenderInline {description} at (0,0) size 237x42
        RenderText {#text} at (10,25) size 237x42
          text run at (10,25) width 218: "DynAPI 2.9 is the latest release of the popular"
          text run at (10,39) width 237: "cross-browser DHTML library, and is available at"
          text run at (10,53) width 144: "Dan Steinman's original site...."
      RenderText {#text} at (0,0) size 0x0
      RenderText {#text} at (0,0) size 0x0
    RenderBlock {item} at (1,575) size 265x64 [bgcolor=#FFFFFF] [border: (1px solid #CCCCCC) none (1px solid #CCCCCC) none]
      RenderInline {title} at (0,0) size 120x14
        RenderText {#text} at (10,11) size 120x14
          text run at (10,11) width 120: "!lineDraw bookmarklet"
      RenderText {#text} at (130,11) size 3x14
        text run at (130,11) width 3: " "
      RenderInline {description} at (0,0) size 222x42
        RenderText {#text} at (133,11) size 222x42
          text run at (133,11) width 87: "Milov's !lineDraw"
          text run at (10,25) width 222: "bookmarklet is in fact the Coolest Bookmarklet"
          text run at (10,39) width 34: "Ever...."
      RenderText {#text} at (0,0) size 0x0
      RenderText {#text} at (0,0) size 0x0
    RenderBlock {item} at (1,649) size 265x78 [bgcolor=#FFFFFF] [border: (1px solid #CCCCCC) none (1px solid #CCCCCC) none]
      RenderInline {title} at (0,0) size 171x14
        RenderText {#text} at (10,11) size 171x14
          text run at (10,11) width 171: "Mozilla, DHTML and DOM links"
      RenderText {#text} at (181,11) size 3x14
        text run at (181,11) width 3: " "
      RenderInline {description} at (0,0) size 238x56
        RenderText {#text} at (184,11) size 238x56
          text run at (184,11) width 62: "Why Mozilla"
          text run at (10,25) width 217: "Rules (Link via Dean) Steve Champeon: Why"
          text run at (10,39) width 238: "DHTML Will Win. Glish finds a not-quite-DOM-"
          text run at (10,53) width 205: "compliant replacement for innerHTML. It..."
      RenderText {#text} at (0,0) size 0x0
      RenderText {#text} at (0,0) size 0x0
    RenderBlock {item} at (1,737) size 265x50 [bgcolor=#FFFFFF] [border: (1px solid #CCCCCC) none (1px solid #CCCCCC) none]
      RenderInline {title} at (0,0) size 82x14
        RenderText {#text} at (10,11) size 82x14
          text run at (10,11) width 82: "Mozilla 1.0 RC2"
      RenderText {#text} at (92,11) size 3x14
        text run at (92,11) width 3: " "
      RenderInline {description} at (0,0) size 240x28
        RenderText {#text} at (95,11) size 240x28
          text run at (95,11) width 155: "I'm late for this train: Mozilla 1.0"
          text run at (10,25) width 186: "Release Candidate 2 is now available...."
      RenderText {#text} at (0,0) size 0x0
      RenderText {#text} at (0,0) size 0x0
    RenderBlock {item} at (1,797) size 265x78 [bgcolor=#FFFFFF] [border: (1px solid #CCCCCC) none (1px solid #CCCCCC) none]
      RenderInline {title} at (0,0) size 193x14
        RenderText {#text} at (10,11) size 193x14
          text run at (10,11) width 193: "javascript: is deprecated. Don't use it."
      RenderText {#text} at (203,11) size 3x14
        text run at (203,11) width 3: " "
      RenderInline {description} at (0,0) size 237x56
        RenderText {#text} at (206,11) size 237x56
          text run at (206,11) width 32: "Repeat"
          text run at (10,25) width 219: "after me: javascript: is deprecated. Don't use it."
          text run at (10,39) width 237: "javascript: is deprecated. Don't use it. javascript: is"
          text run at (10,53) width 110: "deprecated. Don't use..."
      RenderText {#text} at (0,0) size 0x0
      RenderText {#text} at (0,0) size 0x0
    RenderBlock {item} at (1,885) size 265x64 [bgcolor=#FFFFFF] [border: (1px solid #CCCCCC) none (1px solid #CCCCCC) none]
      RenderInline {title} at (0,0) size 141x14
        RenderText {#text} at (10,11) size 141x14
          text run at (10,11) width 141: "Conditional Script Loading"
      RenderText {#text} at (151,11) size 3x14
        text run at (151,11) width 3: " "
      RenderInline {description} at (0,0) size 212x42
        RenderText {#text} at (154,11) size 212x42
          text run at (154,11) width 68: "Webreference:"
          text run at (10,25) width 205: "DOM-Based Conditional Script Loading in"
          text run at (10,39) width 58: "JavaScript..."
      RenderText {#text} at (0,0) size 0x0
      RenderText {#text} at (0,0) size 0x0
    RenderBlock {item} at (1,959) size 265x64 [bgcolor=#FFFFFF] [border: (1px solid #CCCCCC) none (1px solid #CCCCCC) none]
      RenderInline {title} at (0,0) size 89x14
        RenderText {#text} at (10,11) size 89x14
          text run at (10,11) width 89: "Stories and Tools"
      RenderText {#text} at (99,11) size 3x14
        text run at (99,11) width 3: " "
      RenderInline {description} at (0,0) size 239x42
        RenderText {#text} at (102,11) size 239x42
          text run at (102,11) width 139: "Anil Dash talks about Stories"
          text run at (10,25) width 239: "and Tools, drawing comparisons between the Web"
          text run at (10,39) width 163: "as a text medium and the Web as..."
      RenderText {#text} at (0,0) size 0x0
      RenderText {#text} at (0,0) size 0x0
    RenderBlock {item} at (1,1033) size 265x78 [bgcolor=#FFFFFF] [border: (1px solid #CCCCCC) none (1px solid #CCCCCC) none]
      RenderInline {title} at (0,0) size 132x14
        RenderText {#text} at (10,11) size 132x14
          text run at (10,11) width 132: "Whole Lotto Gecko Links"
      RenderText {#text} at (142,11) size 3x14
        text run at (142,11) width 3: " "
      RenderInline {description} at (0,0) size 238x56
        RenderText {#text} at (145,11) size 238x56
          text run at (145,11) width 103: "AOL Gecko Browser"
          text run at (10,25) width 199: "Detection Tips Establishing Dreamweaver"
          text run at (10,39) width 216: "compatibility with Netscape 6 Stylesheets and"
          text run at (10,53) width 120: "MIME Types in Gecko..."
      RenderText {#text} at (0,0) size 0x0
      RenderText {#text} at (0,0) size 0x0
