layer at (0,0) size 784x989
  RenderView at (0,0) size 784x584
layer at (0,0) size 784x584
  RenderBlock {HTML} at (0,0) size 784x584
    RenderBody {BODY} at (0,0) size 784x584
      RenderText {#text} at (0,0) size 448x17
        text run at (0,0) width 448: "ffffffffffffffffffffffffffffffffffffffffffffffffffffffffffffffffffffffffffffffffffff"
      RenderBR {BR} at (447,14) size 1x0
      RenderText {#text} at (0,18) size 448x17
        text run at (0,18) width 448: "ffffffffffffffffffffffffffffffffffffffffffffffffffffffffffffffffffffffffffffffffffff"
      RenderBR {BR} at (447,32) size 1x0
      RenderText {#text} at (0,36) size 448x17
        text run at (0,36) width 448: "ffffffffffffffffffffffffffffffffffffffffffffffffffffffffffffffffffffffffffffffffffff"
      RenderBR {BR} at (447,50) size 1x0
      RenderText {#text} at (0,54) size 448x17
        text run at (0,54) width 448: "ffffffffffffffffffffffffffffffffffffffffffffffffffffffffffffffffffffffffffffffffffff"
      RenderBR {BR} at (447,68) size 1x0
      RenderText {#text} at (0,72) size 448x17
        text run at (0,72) width 448: "ffffffffffffffffffffffffffffffffffffffffffffffffffffffffffffffffffffffffffffffffffff"
      RenderBR {BR} at (447,86) size 1x0
      RenderText {#text} at (0,90) size 448x17
        text run at (0,90) width 448: "ffffffffffffffffffffffffffffffffffffffffffffffffffffffffffffffffffffffffffffffffffff"
      RenderBR {BR} at (447,104) size 1x0
      RenderText {#text} at (0,108) size 448x17
        text run at (0,108) width 448: "ffffffffffffffffffffffffffffffffffffffffffffffffffffffffffffffffffffffffffffffffffff"
      RenderBR {BR} at (447,122) size 1x0
      RenderText {#text} at (0,126) size 448x17
        text run at (0,126) width 448: "ffffffffffffffffffffffffffffffffffffffffffffffffffffffffffffffffffffffffffffffffffff"
      RenderBR {BR} at (447,140) size 1x0
      RenderText {#text} at (0,144) size 448x17
        text run at (0,144) width 448: "ffffffffffffffffffffffffffffffffffffffffffffffffffffffffffffffffffffffffffffffffffff"
      RenderBR {BR} at (447,158) size 1x0
      RenderText {#text} at (0,162) size 448x17
        text run at (0,162) width 448: "ffffffffffffffffffffffffffffffffffffffffffffffffffffffffffffffffffffffffffffffffffff"
      RenderBR {BR} at (447,176) size 1x0
      RenderText {#text} at (0,180) size 448x17
        text run at (0,180) width 448: "ffffffffffffffffffffffffffffffffffffffffffffffffffffffffffffffffffffffffffffffffffff"
      RenderBR {BR} at (447,194) size 1x0
      RenderText {#text} at (0,198) size 448x17
        text run at (0,198) width 448: "ffffffffffffffffffffffffffffffffffffffffffffffffffffffffffffffffffffffffffffffffffff"
      RenderBR {BR} at (447,212) size 1x0
      RenderText {#text} at (0,216) size 448x17
        text run at (0,216) width 448: "ffffffffffffffffffffffffffffffffffffffffffffffffffffffffffffffffffffffffffffffffffff"
      RenderBR {BR} at (447,230) size 1x0
      RenderText {#text} at (0,234) size 448x17
        text run at (0,234) width 448: "ffffffffffffffffffffffffffffffffffffffffffffffffffffffffffffffffffffffffffffffffffff"
      RenderBR {BR} at (447,248) size 1x0
      RenderText {#text} at (0,252) size 448x17
        text run at (0,252) width 448: "ffffffffffffffffffffffffffffffffffffffffffffffffffffffffffffffffffffffffffffffffffff"
      RenderBR {BR} at (447,266) size 1x0
      RenderText {#text} at (0,270) size 448x17
        text run at (0,270) width 448: "ffffffffffffffffffffffffffffffffffffffffffffffffffffffffffffffffffffffffffffffffffff"
      RenderBR {BR} at (447,284) size 1x0
      RenderText {#text} at (0,288) size 448x17
        text run at (0,288) width 448: "ffffffffffffffffffffffffffffffffffffffffffffffffffffffffffffffffffffffffffffffffffff"
      RenderBR {BR} at (447,302) size 1x0
      RenderText {#text} at (0,306) size 448x17
        text run at (0,306) width 448: "ffffffffffffffffffffffffffffffffffffffffffffffffffffffffffffffffffffffffffffffffffff"
      RenderBR {BR} at (447,320) size 1x0
      RenderText {#text} at (0,324) size 448x17
        text run at (0,324) width 448: "ffffffffffffffffffffffffffffffffffffffffffffffffffffffffffffffffffffffffffffffffffff"
      RenderBR {BR} at (447,338) size 1x0
      RenderText {#text} at (0,342) size 448x17
        text run at (0,342) width 448: "ffffffffffffffffffffffffffffffffffffffffffffffffffffffffffffffffffffffffffffffffffff"
      RenderBR {BR} at (447,356) size 1x0
      RenderText {#text} at (0,360) size 448x17
        text run at (0,360) width 448: "ffffffffffffffffffffffffffffffffffffffffffffffffffffffffffffffffffffffffffffffffffff"
      RenderBR {BR} at (447,374) size 1x0
      RenderText {#text} at (0,378) size 448x17
        text run at (0,378) width 448: "ffffffffffffffffffffffffffffffffffffffffffffffffffffffffffffffffffffffffffffffffffff"
      RenderBR {BR} at (447,392) size 1x0
      RenderText {#text} at (0,396) size 448x17
        text run at (0,396) width 448: "ffffffffffffffffffffffffffffffffffffffffffffffffffffffffffffffffffffffffffffffffffff"
      RenderBR {BR} at (447,410) size 1x0
      RenderText {#text} at (0,414) size 448x17
        text run at (0,414) width 448: "ffffffffffffffffffffffffffffffffffffffffffffffffffffffffffffffffffffffffffffffffffff"
      RenderBR {BR} at (447,428) size 1x0
      RenderText {#text} at (0,432) size 448x17
        text run at (0,432) width 448: "ffffffffffffffffffffffffffffffffffffffffffffffffffffffffffffffffffffffffffffffffffff"
      RenderBR {BR} at (447,446) size 1x0
      RenderText {#text} at (0,450) size 448x17
        text run at (0,450) width 448: "ffffffffffffffffffffffffffffffffffffffffffffffffffffffffffffffffffffffffffffffffffff"
      RenderBR {BR} at (447,464) size 1x0
      RenderText {#text} at (0,468) size 448x17
        text run at (0,468) width 448: "ffffffffffffffffffffffffffffffffffffffffffffffffffffffffffffffffffffffffffffffffffff"
      RenderBR {BR} at (447,482) size 1x0
      RenderText {#text} at (0,486) size 448x17
        text run at (0,486) width 448: "ffffffffffffffffffffffffffffffffffffffffffffffffffffffffffffffffffffffffffffffffffff"
      RenderBR {BR} at (447,500) size 1x0
      RenderText {#text} at (0,504) size 448x17
        text run at (0,504) width 448: "ffffffffffffffffffffffffffffffffffffffffffffffffffffffffffffffffffffffffffffffffffff"
      RenderBR {BR} at (447,518) size 1x0
      RenderText {#text} at (0,522) size 448x17
        text run at (0,522) width 448: "ffffffffffffffffffffffffffffffffffffffffffffffffffffffffffffffffffffffffffffffffffff"
      RenderBR {BR} at (447,536) size 1x0
      RenderText {#text} at (0,540) size 448x17
        text run at (0,540) width 448: "ffffffffffffffffffffffffffffffffffffffffffffffffffffffffffffffffffffffffffffffffffff"
      RenderBR {BR} at (447,554) size 1x0
      RenderText {#text} at (0,558) size 448x17
        text run at (0,558) width 448: "ffffffffffffffffffffffffffffffffffffffffffffffffffffffffffffffffffffffffffffffffffff"
      RenderBR {BR} at (447,572) size 1x0
      RenderText {#text} at (0,576) size 448x17
        text run at (0,576) width 448: "ffffffffffffffffffffffffffffffffffffffffffffffffffffffffffffffffffffffffffffffffffff"
      RenderBR {BR} at (447,590) size 1x0
      RenderText {#text} at (0,594) size 448x17
        text run at (0,594) width 448: "ffffffffffffffffffffffffffffffffffffffffffffffffffffffffffffffffffffffffffffffffffff"
      RenderBR {BR} at (447,608) size 1x0
      RenderText {#text} at (0,612) size 448x17
        text run at (0,612) width 448: "ffffffffffffffffffffffffffffffffffffffffffffffffffffffffffffffffffffffffffffffffffff"
      RenderBR {BR} at (447,626) size 1x0
      RenderText {#text} at (0,630) size 448x17
        text run at (0,630) width 448: "ffffffffffffffffffffffffffffffffffffffffffffffffffffffffffffffffffffffffffffffffffff"
      RenderBR {BR} at (447,644) size 1x0
      RenderText {#text} at (0,648) size 448x17
        text run at (0,648) width 448: "ffffffffffffffffffffffffffffffffffffffffffffffffffffffffffffffffffffffffffffffffffff"
      RenderBR {BR} at (447,662) size 1x0
      RenderText {#text} at (0,666) size 448x17
        text run at (0,666) width 448: "ffffffffffffffffffffffffffffffffffffffffffffffffffffffffffffffffffffffffffffffffffff"
      RenderBR {BR} at (447,680) size 1x0
      RenderText {#text} at (0,684) size 448x17
        text run at (0,684) width 448: "ffffffffffffffffffffffffffffffffffffffffffffffffffffffffffffffffffffffffffffffffffff"
      RenderBR {BR} at (447,698) size 1x0
      RenderText {#text} at (0,702) size 448x17
        text run at (0,702) width 448: "ffffffffffffffffffffffffffffffffffffffffffffffffffffffffffffffffffffffffffffffffffff"
      RenderBR {BR} at (447,716) size 1x0
      RenderText {#text} at (0,720) size 448x17
        text run at (0,720) width 448: "ffffffffffffffffffffffffffffffffffffffffffffffffffffffffffffffffffffffffffffffffffff"
      RenderBR {BR} at (447,734) size 1x0
      RenderText {#text} at (0,738) size 448x17
        text run at (0,738) width 448: "ffffffffffffffffffffffffffffffffffffffffffffffffffffffffffffffffffffffffffffffffffff"
      RenderBR {BR} at (447,752) size 1x0
      RenderText {#text} at (0,756) size 448x17
        text run at (0,756) width 448: "ffffffffffffffffffffffffffffffffffffffffffffffffffffffffffffffffffffffffffffffffffff"
      RenderBR {BR} at (447,770) size 1x0
      RenderText {#text} at (0,774) size 448x17
        text run at (0,774) width 448: "ffffffffffffffffffffffffffffffffffffffffffffffffffffffffffffffffffffffffffffffffffff"
      RenderBR {BR} at (447,788) size 1x0
      RenderText {#text} at (0,792) size 448x17
        text run at (0,792) width 448: "ffffffffffffffffffffffffffffffffffffffffffffffffffffffffffffffffffffffffffffffffffff"
      RenderBR {BR} at (447,806) size 1x0
      RenderText {#text} at (0,810) size 448x17
        text run at (0,810) width 448: "ffffffffffffffffffffffffffffffffffffffffffffffffffffffffffffffffffffffffffffffffffff"
      RenderBR {BR} at (447,824) size 1x0
      RenderText {#text} at (0,828) size 448x17
        text run at (0,828) width 448: "ffffffffffffffffffffffffffffffffffffffffffffffffffffffffffffffffffffffffffffffffffff"
      RenderBR {BR} at (447,842) size 1x0
      RenderText {#text} at (0,846) size 448x17
        text run at (0,846) width 448: "ffffffffffffffffffffffffffffffffffffffffffffffffffffffffffffffffffffffffffffffffffff"
      RenderBR {BR} at (447,860) size 1x0
      RenderText {#text} at (0,864) size 448x17
        text run at (0,864) width 448: "ffffffffffffffffffffffffffffffffffffffffffffffffffffffffffffffffffffffffffffffffffff"
      RenderBR {BR} at (447,878) size 1x0
      RenderText {#text} at (0,882) size 448x17
        text run at (0,882) width 448: "ffffffffffffffffffffffffffffffffffffffffffffffffffffffffffffffffffffffffffffffffffff"
      RenderBR {BR} at (447,896) size 1x0
      RenderText {#text} at (0,900) size 448x17
        text run at (0,900) width 448: "ffffffffffffffffffffffffffffffffffffffffffffffffffffffffffffffffffffffffffffffffffff"
      RenderBR {BR} at (447,914) size 1x0
      RenderText {#text} at (0,918) size 448x17
        text run at (0,918) width 448: "ffffffffffffffffffffffffffffffffffffffffffffffffffffffffffffffffffffffffffffffffffff"
      RenderBR {BR} at (447,932) size 1x0
      RenderText {#text} at (0,936) size 448x17
        text run at (0,936) width 448: "ffffffffffffffffffffffffffffffffffffffffffffffffffffffffffffffffffffffffffffffffffff"
      RenderBR {BR} at (447,950) size 1x0
      RenderText {#text} at (0,954) size 448x17
        text run at (0,954) width 448: "ffffffffffffffffffffffffffffffffffffffffffffffffffffffffffffffffffffffffffffffffffff"
      RenderBR {BR} at (447,968) size 1x0
      RenderText {#text} at (0,972) size 448x17
        text run at (0,972) width 448: "ffffffffffffffffffffffffffffffffffffffffffffffffffffffffffffffffffffffffffffffffffff"
      RenderBR {BR} at (447,986) size 1x0
