layer at (0,0) size 800x600
  RenderView at (0,0) size 800x600
layer at (0,0) size 800x600
  RenderBlock {HTML} at (0,0) size 800x600
    RenderBody {BODY} at (8,8) size 784x576
      RenderBlock {P} at (0,0) size 784x36
        RenderText {#text} at (0,0) size 55x17
          text run at (0,0) width 55: "Test for "
        RenderInline {I} at (0,0) size 768x35
          RenderInline {A} at (0,0) size 306x17 [color=#0000EE]
            RenderText {#text} at (54,0) size 306x17
              text run at (54,0) width 306: "http://bugs.webkit.org/show_bug.cgi?id=13353"
          RenderText {#text} at (359,0) size 768x35
            text run at (359,0) width 5: " "
            text run at (363,0) width 405: "REGRESSION (r20754-20766): Textarea does not resize when"
            text run at (0,18) width 125: "scrollbar is present"
        RenderText {#text} at (124,18) size 5x17
          text run at (124,18) width 5: "."
      RenderBlock {P} at (0,52) size 784x18
        RenderText {#text} at (0,0) size 763x17
          text run at (0,0) width 587: "To test interactively, verify that you can resize each of the boxes below. The automatic test "
          text run at (586,0) width 177: "resizes them to 125 by 125."
      RenderBlock (floating) {DIV} at (0,86) size 125x125 [bgcolor=#FF0000]
      RenderBlock (floating) {DIV} at (135,86) size 125x125 [bgcolor=#FF0000]
      RenderBlock (floating) {DIV} at (270,86) size 125x125 [bgcolor=#FF0000]
      RenderBlock (floating) {DIV} at (405,86) size 125x125 [bgcolor=#FF0000]
layer at (8,94) size 125x125
  RenderBlock {DIV} at (0,0) size 125x125 [bgcolor=#008000]
    RenderBlock {DIV} at (0,0) size 100x100
layer at (143,94) size 125x125 clip at (143,94) size 109x109
  RenderBlock {DIV} at (0,0) size 125x125 [bgcolor=#008000]
    RenderBlock {DIV} at (0,0) size 100x100
layer at (278,94) size 125x125 clip at (278,94) size 109x125
  RenderBlock {DIV} at (0,0) size 125x125 [bgcolor=#008000]
    RenderBlock {DIV} at (0,0) size 100x100
layer at (413,94) size 125x125 clip at (413,94) size 125x109
  RenderBlock {DIV} at (0,0) size 125x125 [bgcolor=#008000]
    RenderBlock {DIV} at (0,0) size 100x100
