layer at (0,0) size 800x600
  RenderView at (0,0) size 800x600
layer at (0,0) size 800x600
  RenderBlock {HTML} at (0,0) size 800x600
    RenderBody {BODY} at (8,8) size 784x584
      RenderText {#text} at (0,0) size 262x19
        text run at (0,0) width 262: "This tests the -webkit-line-clamp property"
      RenderBR {BR} at (262,15) size 0x0
      RenderBR {BR} at (0,19) size 0x19
      RenderText {#text} at (102,101) size 4x19
        text run at (102,101) width 4: " "
      RenderText {#text} at (208,101) size 4x19
        text run at (208,101) width 4: " "
      RenderText {#text} at (314,101) size 4x19
        text run at (314,101) width 4: " "
      RenderText {#text} at (420,101) size 4x19
        text run at (420,101) width 4: " "
      RenderText {#text} at (526,101) size 4x19
        text run at (526,101) width 4: " "
      RenderText {#text} at (632,101) size 4x19
        text run at (632,101) width 4: " "
      RenderText {#text} at (0,0) size 0x0
      RenderText {#text} at (102,236) size 4x19
        text run at (102,236) width 4: " "
      RenderText {#text} at (208,236) size 4x19
        text run at (208,236) width 4: " "
      RenderText {#text} at (0,0) size 0x0
layer at (8,46) size 102x78 clip at (9,47) size 100x76 scrollHeight 133
  RenderDeprecatedFlexibleBox {DIV} at (0,38) size 102x78 [border: (1px solid #808080)]
    RenderBlock (anonymous) at (1,1) size 100x76
      RenderText {#text} at (0,0) size 100x133
        text run at (0,0) width 100: "50% truncation."
        text run at (0,19) width 61: "This is an"
        text run at (0,38) width 70: "example of"
        text run at (0,57) width 48: "ellipsis-"
        text run at (0,76) width 80: "truncation of"
        text run at (0,95) width 60: "multi-line"
        text run at (0,114) width 27: "text."
      RenderInline {A} at (0,0) size 34x19 [color=#0000EE]
        RenderText {#text} at (27,114) size 34x19
          text run at (27,114) width 34: "More"
      RenderText {#text} at (0,0) size 0x0
layer at (114,103) size 102x21 clip at (115,104) size 100x19 scrollHeight 114
  RenderDeprecatedFlexibleBox {DIV} at (106,95) size 102x21 [border: (1px solid #808080)]
    RenderBlock (anonymous) at (1,1) size 100x19
      RenderText {#text} at (0,0) size 97x114
        text run at (0,0) width 92: "0% truncation."
        text run at (0,19) width 84: "This does the"
        text run at (0,38) width 97: "most truncation"
        text run at (0,57) width 55: "possible,"
        text run at (0,76) width 91: "truncating to 1"
        text run at (0,95) width 27: "line."
      RenderInline {A} at (0,0) size 34x19 [color=#0000EE]
        RenderText {#text} at (27,95) size 34x19
          text run at (27,95) width 34: "More"
      RenderText {#text} at (0,0) size 0x0
layer at (220,84) size 102x40 clip at (221,85) size 100x38 scrollHeight 114
  RenderDeprecatedFlexibleBox {DIV} at (212,76) size 102x40 [border: (1px solid #808080)]
    RenderBlock (anonymous) at (1,1) size 100x38
      RenderText {#text} at (0,0) size 91x114
        text run at (0,0) width 49: "2 lines. "
        text run at (49,0) width 42: "This is"
        text run at (0,19) width 89: "an example of"
        text run at (0,38) width 48: "ellipsis-"
        text run at (0,57) width 80: "truncation of"
        text run at (0,76) width 60: "multi-line"
        text run at (0,95) width 27: "text."
      RenderInline {A} at (0,0) size 34x19 [color=#0000EE]
        RenderText {#text} at (27,95) size 34x19
          text run at (27,95) width 34: "More"
      RenderText {#text} at (0,0) size 0x0
layer at (326,65) size 102x59 clip at (327,66) size 100x57 scrollHeight 171
  RenderDeprecatedFlexibleBox {DIV} at (318,57) size 102x59 [border: (1px solid #808080)]
    RenderBlock (anonymous) at (1,1) size 100x57
      RenderText {#text} at (0,0) size 99x171
        text run at (0,0) width 71: "Backwards"
        text run at (0,19) width 69: "compatible"
        text run at (0,38) width 71: "truncation. "
        text run at (71,38) width 8: "3"
        text run at (0,57) width 72: "lines on the"
        text run at (0,76) width 99: "latest version of"
        text run at (0,95) width 58: "WebKit. "
        text run at (58,95) width 35: "1 line"
        text run at (0,114) width 52: "on older"
        text run at (0,133) width 69: "versions of"
        text run at (0,152) width 54: "WebKit."
      RenderInline {A} at (0,0) size 34x19 [color=#0000EE]
        RenderText {#text} at (54,152) size 34x19
          text run at (54,152) width 34: "More"
      RenderText {#text} at (0,0) size 0x0
layer at (432,84) size 102x40 clip at (433,85) size 100x38 scrollHeight 133
  RenderDeprecatedFlexibleBox {DIV} at (424,76) size 102x40 [border: (1px solid #808080)]
    RenderBlock (anonymous) at (1,1) size 100x38
      RenderText {#text} at (0,0) size 100x133
        text run at (0,0) width 100: "30% truncation."
        text run at (0,19) width 86: "No link at the"
        text run at (0,38) width 31: "end. "
        text run at (31,38) width 61: "This is an"
        text run at (0,57) width 70: "example of"
        text run at (0,76) width 48: "ellipsis-"
        text run at (0,95) width 80: "truncation of"
        text run at (0,114) width 91: "multi-line text."
layer at (538,65) size 102x59 clip at (539,66) size 100x57 scrollHeight 114
  RenderDeprecatedFlexibleBox {DIV} at (530,57) size 102x59 [border: (1px solid #808080)]
    RenderBlock (anonymous) at (1,1) size 100x57
      RenderText {#text} at (0,0) size 97x114
        text run at (0,0) width 49: "3 lines. "
        text run at (49,0) width 48: "No link"
        text run at (0,19) width 69: "at the end. "
        text run at (69,19) width 28: "This"
        text run at (0,38) width 86: "is an example"
        text run at (0,57) width 65: "of ellipsis-"
        text run at (0,76) width 80: "truncation of"
        text run at (0,95) width 91: "multi-line text."
layer at (644,51) size 102x78 clip at (645,52) size 100x76
  RenderDeprecatedFlexibleBox {DIV} at (636,43) size 102x78 [border: (1px solid #808080)]
    RenderBlock (anonymous) at (1,1) size 100x76
      RenderText {#text} at (0,0) size 100x76
        text run at (0,0) width 49: "0 lines. "
        text run at (49,0) width 42: "This is"
        text run at (0,19) width 100: "an invalid value"
        text run at (0,38) width 75: "for -webkit-"
        text run at (0,57) width 70: "line-clamp."
layer at (8,186) size 102x78 clip at (9,187) size 100x76
  RenderDeprecatedFlexibleBox {DIV} at (0,178) size 102x78 [border: (1px solid #808080)]
    RenderBlock (anonymous) at (1,1) size 100x76
      RenderText {#text} at (0,0) size 100x76
        text run at (0,0) width 54: "-1 lines. "
        text run at (54,0) width 42: "This is"
        text run at (0,19) width 100: "an invalid value"
        text run at (0,38) width 75: "for -webkit-"
        text run at (0,57) width 70: "line-clamp."
layer at (114,186) size 102x78 clip at (115,187) size 100x76
  RenderDeprecatedFlexibleBox {DIV} at (106,178) size 102x78 [border: (1px solid #808080)]
    RenderBlock (anonymous) at (1,1) size 100x76
      RenderText {#text} at (0,0) size 95x76
        text run at (0,0) width 34: "-1%. "
        text run at (34,0) width 61: "This is an"
        text run at (0,19) width 81: "invalid value"
        text run at (0,38) width 75: "for -webkit-"
        text run at (0,57) width 70: "line-clamp."
layer at (220,129) size 102x135 clip at (221,130) size 100x133
  RenderDeprecatedFlexibleBox {DIV} at (212,121) size 102x135 [border: (1px solid #808080)]
    RenderBlock (anonymous) at (1,1) size 100x133
      RenderText {#text} at (0,0) size 99x133
        text run at (0,0) width 37: "150%"
        text run at (0,19) width 71: "truncation. "
        text run at (71,19) width 28: "This"
        text run at (0,38) width 84: "does the least"
        text run at (0,57) width 63: "truncation"
        text run at (0,76) width 55: "possible,"
        text run at (0,95) width 63: "truncating"
        text run at (0,114) width 52: "nothing."
