layer at (0,0) size 784x600
  RenderView at (0,0) size 784x600
layer at (0,0) size 784x600
  RenderBlock {HTML} at (0,0) size 784x600
    RenderBody {BODY} at (8,8) size 768x584
      RenderBlock (anonymous) at (0,0) size 768x18
        RenderText {#text} at (0,0) size 318x17
          text run at (0,0) width 318: "The body should always have a vertical scrollbar."
      RenderBlock (anonymous) at (0,218) size 768x66
        RenderText {#text} at (206,48) size 4x17
          text run at (206,48) width 4: " "
        RenderText {#text} at (0,0) size 0x0
layer at (8,26) size 300x100 clip at (8,26) size 284x100 scrollHeight 324
  RenderBlock {DIV} at (0,18) size 300x100
    RenderText {#text} at (0,0) size 52x17
      text run at (0,0) width 52: "Y scroll"
    RenderBR {BR} at (51,14) size 1x0
    RenderText {#text} at (0,18) size 52x17
      text run at (0,18) width 52: "Y scroll"
    RenderBR {BR} at (51,32) size 1x0
    RenderText {#text} at (0,36) size 52x17
      text run at (0,36) width 52: "Y scroll"
    RenderBR {BR} at (51,50) size 1x0
    RenderText {#text} at (0,54) size 52x17
      text run at (0,54) width 52: "Y scroll"
    RenderBR {BR} at (51,68) size 1x0
    RenderText {#text} at (0,72) size 52x17
      text run at (0,72) width 52: "Y scroll"
    RenderBR {BR} at (51,86) size 1x0
    RenderText {#text} at (0,90) size 52x17
      text run at (0,90) width 52: "Y scroll"
    RenderBR {BR} at (51,104) size 1x0
    RenderText {#text} at (0,108) size 52x17
      text run at (0,108) width 52: "Y scroll"
    RenderBR {BR} at (51,122) size 1x0
    RenderText {#text} at (0,126) size 52x17
      text run at (0,126) width 52: "Y scroll"
    RenderBR {BR} at (51,140) size 1x0
    RenderText {#text} at (0,144) size 52x17
      text run at (0,144) width 52: "Y scroll"
    RenderBR {BR} at (51,158) size 1x0
    RenderText {#text} at (0,162) size 52x17
      text run at (0,162) width 52: "Y scroll"
    RenderBR {BR} at (51,176) size 1x0
    RenderText {#text} at (0,180) size 52x17
      text run at (0,180) width 52: "Y scroll"
    RenderBR {BR} at (51,194) size 1x0
    RenderText {#text} at (0,198) size 52x17
      text run at (0,198) width 52: "Y scroll"
    RenderBR {BR} at (51,212) size 1x0
    RenderText {#text} at (0,216) size 52x17
      text run at (0,216) width 52: "Y scroll"
    RenderBR {BR} at (51,230) size 1x0
    RenderText {#text} at (0,234) size 52x17
      text run at (0,234) width 52: "Y scroll"
    RenderBR {BR} at (51,248) size 1x0
    RenderText {#text} at (0,252) size 52x17
      text run at (0,252) width 52: "Y scroll"
    RenderBR {BR} at (51,266) size 1x0
    RenderText {#text} at (0,270) size 52x17
      text run at (0,270) width 52: "Y scroll"
    RenderBR {BR} at (51,284) size 1x0
    RenderText {#text} at (0,288) size 52x17
      text run at (0,288) width 52: "Y scroll"
    RenderBR {BR} at (51,302) size 1x0
    RenderText {#text} at (0,306) size 52x17
      text run at (0,306) width 52: "Y scroll"
    RenderBR {BR} at (51,320) size 1x0
layer at (8,126) size 300x100 clip at (8,126) size 300x84 scrollWidth 1209
  RenderBlock {DIV} at (0,118) size 300x100
    RenderText {#text} at (0,0) size 1209x17
      text run at (0,0) width 496: "X scroll X scroll X scroll X scroll X scroll X scroll X scroll X scroll X scroll "
      text run at (495,0) width 332: "X scroll X scroll X scroll X scroll X scroll X scroll "
      text run at (826,0) width 383: "X scroll X scroll X scroll X scroll X scroll X scroll X scroll"
layer at (10,244) size 202x42 clip at (11,245) size 184x40
  RenderTextControl {TEXTAREA} at (2,18) size 202x42 [bgcolor=#FFFFFF] [border: (1px solid #000000)]
    RenderBlock {DIV} at (3,3) size 180x18
      RenderText {#text} at (0,0) size 119x17
        text run at (0,0) width 119: "Textarea y-scroll"
layer at (220,228) size 202x58 clip at (221,229) size 200x40
  RenderTextControl {TEXTAREA} at (212,2) size 202x58 [bgcolor=#FFFFFF] [border: (1px solid #000000)]
    RenderBlock {DIV} at (3,3) size 196x18
      RenderText {#text} at (0,0) size 119x17
        text run at (0,0) width 119: "Textarea x-scroll"
