layer at (0,0) size 800x2149
  RenderView at (0,0) size 800x600
layer at (0,0) size 800x2149
  RenderBlock {HTML} at (0,0) size 800x2149
    RenderBody {BODY} at (8,16) size 784x2117
      RenderBlock {P} at (0,0) size 784x18
        RenderText {#text} at (0,0) size 625x17
          text run at (0,0) width 625: "Scrolling should occur even when the frame's overflow is hidden (i.e. it has no visible scrollbars)."
      RenderBlock {DIV} at (0,34) size 784x2000
        RenderInline {A} at (0,0) size 67x17 [color=#551A8B]
          RenderText {#text} at (0,0) size 67x17
            text run at (0,0) width 67: "Click here"
        RenderText {#text} at (0,0) size 0x0
      RenderBlock {H2} at (0,2053) size 784x27
        RenderText {#text} at (0,0) size 120x26
          text run at (0,0) width 120: "Test Passed"
      RenderBlock {P} at (0,2099) size 784x18
        RenderText {#text} at (0,0) size 510x17
          text run at (0,0) width 510: "The test should have automatically scrolled down to show \"Test Passed\" above."
