layer at (0,0) size 800x600
  RenderView at (0,0) size 800x600
layer at (0,0) size 800x600
  RenderBlock {HTML} at (0,0) size 800x600
    RenderBody {BODY} at (8,8) size 784x584
      RenderText {#text} at (0,0) size 696x17
        text run at (0,0) width 696: "Make sure that floating overflow:auto/hidden/scroll blocks stack properly with other floats at the same level."
      RenderText {#text} at (0,0) size 0x0
      RenderBlock (floating) {DIV} at (250,18) size 300x300 [bgcolor=#FFFF00]
        RenderText {#text} at (0,1) size 246x273
          text run at (0,1) width 204: "This block"
          text run at (0,56) width 246: "should be on"
          text run at (0,111) width 184: "top of the"
          text run at (0,166) width 174: "overflow"
          text run at (0,221) width 119: "block."
layer at (8,26) size 300x300 clip at (8,26) size 284x300 scrollHeight 846
  RenderBlock (floating) {DIV} at (0,18) size 300x300 [bgcolor=#00FF00]
    RenderText {#text} at (0,0) size 77x17
      text run at (0,0) width 77: "Hello world"
    RenderBR {BR} at (76,14) size 1x0
    RenderText {#text} at (0,18) size 77x17
      text run at (0,18) width 77: "Hello world"
    RenderBR {BR} at (76,32) size 1x0
    RenderText {#text} at (0,36) size 77x17
      text run at (0,36) width 77: "Hello world"
    RenderBR {BR} at (76,50) size 1x0
    RenderText {#text} at (0,54) size 77x17
      text run at (0,54) width 77: "Hello world"
    RenderBR {BR} at (76,68) size 1x0
    RenderText {#text} at (0,72) size 77x17
      text run at (0,72) width 77: "Hello world"
    RenderBR {BR} at (76,86) size 1x0
    RenderText {#text} at (0,90) size 77x17
      text run at (0,90) width 77: "Hello world"
    RenderBR {BR} at (76,104) size 1x0
    RenderText {#text} at (0,108) size 77x17
      text run at (0,108) width 77: "Hello world"
    RenderBR {BR} at (76,122) size 1x0
    RenderText {#text} at (0,126) size 77x17
      text run at (0,126) width 77: "Hello world"
    RenderBR {BR} at (76,140) size 1x0
    RenderText {#text} at (0,144) size 77x17
      text run at (0,144) width 77: "Hello world"
    RenderBR {BR} at (76,158) size 1x0
    RenderText {#text} at (0,162) size 77x17
      text run at (0,162) width 77: "Hello world"
    RenderBR {BR} at (76,176) size 1x0
    RenderText {#text} at (0,180) size 77x17
      text run at (0,180) width 77: "Hello world"
    RenderBR {BR} at (76,194) size 1x0
    RenderText {#text} at (0,198) size 77x17
      text run at (0,198) width 77: "Hello world"
    RenderBR {BR} at (76,212) size 1x0
    RenderText {#text} at (0,216) size 77x17
      text run at (0,216) width 77: "Hello world"
    RenderBR {BR} at (76,230) size 1x0
    RenderText {#text} at (0,234) size 77x17
      text run at (0,234) width 77: "Hello world"
    RenderBR {BR} at (76,248) size 1x0
    RenderText {#text} at (0,252) size 77x17
      text run at (0,252) width 77: "Hello world"
    RenderBR {BR} at (76,266) size 1x0
    RenderText {#text} at (0,270) size 77x17
      text run at (0,270) width 77: "Hello world"
    RenderBR {BR} at (76,284) size 1x0
    RenderText {#text} at (0,288) size 77x17
      text run at (0,288) width 77: "Hello world"
    RenderBR {BR} at (76,302) size 1x0
    RenderText {#text} at (0,306) size 77x17
      text run at (0,306) width 77: "Hello world"
    RenderBR {BR} at (76,320) size 1x0
    RenderText {#text} at (0,324) size 77x17
      text run at (0,324) width 77: "Hello world"
    RenderBR {BR} at (76,338) size 1x0
    RenderText {#text} at (0,342) size 77x17
      text run at (0,342) width 77: "Hello world"
    RenderBR {BR} at (76,356) size 1x0
    RenderText {#text} at (0,360) size 77x17
      text run at (0,360) width 77: "Hello world"
    RenderBR {BR} at (76,374) size 1x0
    RenderText {#text} at (0,378) size 77x17
      text run at (0,378) width 77: "Hello world"
    RenderBR {BR} at (76,392) size 1x0
    RenderText {#text} at (0,396) size 77x17
      text run at (0,396) width 77: "Hello world"
    RenderBR {BR} at (76,410) size 1x0
    RenderText {#text} at (0,414) size 77x17
      text run at (0,414) width 77: "Hello world"
    RenderBR {BR} at (76,428) size 1x0
    RenderText {#text} at (0,432) size 77x17
      text run at (0,432) width 77: "Hello world"
    RenderBR {BR} at (76,446) size 1x0
    RenderText {#text} at (0,450) size 77x17
      text run at (0,450) width 77: "Hello world"
    RenderBR {BR} at (76,464) size 1x0
    RenderText {#text} at (0,468) size 77x17
      text run at (0,468) width 77: "Hello world"
    RenderBR {BR} at (76,482) size 1x0
    RenderText {#text} at (0,486) size 77x17
      text run at (0,486) width 77: "Hello world"
    RenderBR {BR} at (76,500) size 1x0
    RenderText {#text} at (0,504) size 77x17
      text run at (0,504) width 77: "Hello world"
    RenderBR {BR} at (76,518) size 1x0
    RenderText {#text} at (0,522) size 77x17
      text run at (0,522) width 77: "Hello world"
    RenderBR {BR} at (76,536) size 1x0
    RenderText {#text} at (0,540) size 77x17
      text run at (0,540) width 77: "Hello world"
    RenderBR {BR} at (76,554) size 1x0
    RenderText {#text} at (0,558) size 77x17
      text run at (0,558) width 77: "Hello world"
    RenderBR {BR} at (76,572) size 1x0
    RenderText {#text} at (0,576) size 77x17
      text run at (0,576) width 77: "Hello world"
    RenderBR {BR} at (76,590) size 1x0
    RenderText {#text} at (0,594) size 77x17
      text run at (0,594) width 77: "Hello world"
    RenderBR {BR} at (76,608) size 1x0
    RenderText {#text} at (0,612) size 77x17
      text run at (0,612) width 77: "Hello world"
    RenderBR {BR} at (76,626) size 1x0
    RenderText {#text} at (0,630) size 77x17
      text run at (0,630) width 77: "Hello world"
    RenderBR {BR} at (76,644) size 1x0
    RenderText {#text} at (0,648) size 77x17
      text run at (0,648) width 77: "Hello world"
    RenderBR {BR} at (76,662) size 1x0
    RenderText {#text} at (0,666) size 77x17
      text run at (0,666) width 77: "Hello world"
    RenderBR {BR} at (76,680) size 1x0
    RenderText {#text} at (0,684) size 77x17
      text run at (0,684) width 77: "Hello world"
    RenderBR {BR} at (76,698) size 1x0
    RenderText {#text} at (0,702) size 77x17
      text run at (0,702) width 77: "Hello world"
    RenderBR {BR} at (76,716) size 1x0
    RenderText {#text} at (0,720) size 77x17
      text run at (0,720) width 77: "Hello world"
    RenderBR {BR} at (76,734) size 1x0
    RenderText {#text} at (0,738) size 77x17
      text run at (0,738) width 77: "Hello world"
    RenderBR {BR} at (76,752) size 1x0
    RenderText {#text} at (0,756) size 77x17
      text run at (0,756) width 77: "Hello world"
    RenderBR {BR} at (76,770) size 1x0
    RenderText {#text} at (0,774) size 77x17
      text run at (0,774) width 77: "Hello world"
    RenderBR {BR} at (76,788) size 1x0
    RenderText {#text} at (0,792) size 77x17
      text run at (0,792) width 77: "Hello world"
    RenderBR {BR} at (76,806) size 1x0
    RenderText {#text} at (0,810) size 77x17
      text run at (0,810) width 77: "Hello world"
    RenderBR {BR} at (76,824) size 1x0
    RenderText {#text} at (0,828) size 77x17
      text run at (0,828) width 77: "Hello world"
    RenderBR {BR} at (76,842) size 1x0
