layer at (0,0) size 800x600
  RenderView at (0,0) size 800x600
layer at (0,0) size 800x600
  RenderBlock {HTML} at (0,0) size 800x600
    RenderBody {BODY} at (8,8) size 784x584
layer at (0,42) size 800x558 clip at (0,42) size 784x558 scrollY 291 scrollHeight 849
  RenderBlock (positioned) {DIV} at (0,42) size 800x558
layer at (0,-249) size 573x849 backgroundClip at (0,42) size 784x558 clip at (0,42) size 784x558 outlineClip at (0,42) size 784x558
  RenderBlock (positioned) {DIV} at (0,0) size 573x849
    RenderBlock (anonymous) at (0,0) size 573x18
      RenderText {#text} at (0,0) size 573x17
        text run at (0,0) width 573: "This tests that we can scroll to reveal something in a nested positioned block in overflow."
    RenderBlock {DIV} at (0,18) size 573x800
    RenderBlock (anonymous) at (0,818) size 573x31
      RenderButton {INPUT} at (2,2) size 266x27 [bgcolor=#C0C0C0] [border: (2px outset #C0C0C0)]
        RenderBlock (anonymous) at (8,4) size 250x18
          RenderText at (0,0) size 250x17
            text run at (0,0) width 250: "If you can see this, test has passed"
      RenderText {#text} at (0,0) size 0x0
