layer at (0,0) size 784x1885
  RenderView at (0,0) size 784x600
layer at (0,0) size 784x1885
  RenderBlock {HTML} at (0,0) size 784x1885
    RenderBody {BODY} at (8,8) size 768x1869 [bgcolor=#CCCCCC]
      RenderBlock {P} at (0,0) size 768x21
        RenderText {#text} at (0,0) size 395x21
          text run at (0,0) width 395: "The style declarations which apply to the text below are:"
      RenderBlock {PRE} at (0,37) size 768x204
        RenderText {#text} at (0,0) size 208x204
          text run at (0,0) width 120: "BODY {color: black;}"
          text run at (120,0) width 0: " "
          text run at (0,17) width 105: ".one {color: #080;}"
          text run at (105,17) width 0: " "
          text run at (0,34) width 125: ".two {color: #008000;}"
          text run at (125,34) width 0: " "
          text run at (0,51) width 154: ".three {color: rgb(0,128,0);}"
          text run at (154,51) width 0: " "
          text run at (0,68) width 176: ".four {color: rgb(0%,50%,0%);}"
          text run at (176,68) width 0: " "
          text run at (0,85) width 208: ".five {color: rgb(0.0%,50.0%,0.0%);}"
          text run at (208,85) width 0: " "
          text run at (0,102) width 105: ".six {color: green;}"
          text run at (105,102) width 0: " "
          text run at (0,119) width 161: ".seven {color: invalidValue;}"
          text run at (161,119) width 0: " "
          text run at (0,136) width 174: ".eight {color: rgb(0,128,1280);}"
          text run at (174,136) width 0: " "
          text run at (0,153) width 163: ".nine {color: rgb(0,128,255);}"
          text run at (163,153) width 0: " "
          text run at (0,170) width 197: ".ten {color: rgb(50%,-500%,60%);}"
          text run at (197,170) width 0: " "
          text run at (0,187) width 199: ".eleven {color: rgb(50%,0%,60%);}"
          text run at (199,187) width 0: " "
      RenderBlock {HR} at (0,254) size 768x2 [border: (1px inset #000000)]
      RenderBlock {P} at (0,272) size 768x21
        RenderText {#text} at (0,0) size 220x21
          text run at (0,0) width 220: "This sentence should be black."
      RenderBlock {P} at (0,309) size 768x21 [color=#008800]
        RenderText {#text} at (0,0) size 562x21
          text run at (0,0) width 562: "This sentence should be green, although slightly different from those that follow."
      RenderBlock {P} at (0,346) size 768x21 [color=#008000]
        RenderText {#text} at (0,0) size 223x21
          text run at (0,0) width 223: "This sentence should be green."
      RenderBlock {P} at (0,383) size 768x21 [color=#008000]
        RenderText {#text} at (0,0) size 223x21
          text run at (0,0) width 223: "This sentence should be green."
      RenderBlock {P} at (0,420) size 768x21 [color=#008000]
        RenderText {#text} at (0,0) size 223x21
          text run at (0,0) width 223: "This sentence should be green."
      RenderBlock {P} at (0,457) size 768x21 [color=#008000]
        RenderText {#text} at (0,0) size 223x21
          text run at (0,0) width 223: "This sentence should be green."
      RenderBlock {P} at (0,494) size 768x21 [color=#008000]
        RenderText {#text} at (0,0) size 223x21
          text run at (0,0) width 223: "This sentence should be green."
      RenderBlock {P} at (0,531) size 768x21
        RenderText {#text} at (0,0) size 464x21
          text run at (0,0) width 464: "This sentence should be black, because the value given for class "
        RenderInline {CODE} at (0,0) size 39x17
          RenderText {#text} at (464,3) size 39x17
            text run at (464,3) width 39: ".seven"
        RenderText {#text} at (503,0) size 71x21
          text run at (503,0) width 71: " is invalid."
      RenderBlock {P} at (0,568) size 768x42 [color=#0080FF]
        RenderText {#text} at (0,0) size 754x42
          text run at (0,0) width 754: "This sentence should be a shade of blue-green which, on a typical RGB computer display, exactly matches"
          text run at (0,21) width 137: "the next paragraph."
      RenderBlock {P} at (0,626) size 768x42 [color=#0080FF]
        RenderText {#text} at (0,0) size 754x42
          text run at (0,0) width 754: "This sentence should be a shade of blue-green which, on a typical RGB computer display, exactly matches"
          text run at (0,21) width 168: "the previous paragraph."
      RenderBlock {P} at (0,684) size 768x42 [color=#800099]
        RenderText {#text} at (0,0) size 748x42
          text run at (0,0) width 748: "This sentence should be a shade of purple which, on a typical RGB computer display, exactly matches the"
          text run at (0,21) width 111: "next paragraph."
      RenderBlock {P} at (0,742) size 768x42 [color=#800099]
        RenderText {#text} at (0,0) size 748x42
          text run at (0,0) width 748: "This sentence should be a shade of purple which, on a typical RGB computer display, exactly matches the"
          text run at (0,21) width 142: "previous paragraph."
      RenderBlock {P} at (0,800) size 768x21
        RenderText {#text} at (0,0) size 220x21
          text run at (0,0) width 220: "This sentence should be black."
      RenderBlock {P} at (0,837) size 768x21 [color=#008800]
        RenderText {#text} at (0,0) size 451x21
          text run at (0,0) width 451: "This sentence should be a slightly different green, and used the "
        RenderInline {TT} at (0,0) size 28x17
          RenderText {#text} at (451,3) size 28x17
            text run at (451,3) width 28: "style"
        RenderText {#text} at (479,0) size 65x21
          text run at (479,0) width 65: " attribute."
      RenderBlock {P} at (0,874) size 768x21 [color=#008000]
        RenderText {#text} at (0,0) size 323x21
          text run at (0,0) width 323: "This sentence should be green, and used the "
        RenderInline {TT} at (0,0) size 28x17
          RenderText {#text} at (323,3) size 28x17
            text run at (323,3) width 28: "style"
        RenderText {#text} at (351,0) size 65x21
          text run at (351,0) width 65: " attribute."
      RenderBlock {P} at (0,911) size 768x21 [color=#008000]
        RenderText {#text} at (0,0) size 323x21
          text run at (0,0) width 323: "This sentence should be green, and used the "
        RenderInline {TT} at (0,0) size 28x17
          RenderText {#text} at (323,3) size 28x17
            text run at (323,3) width 28: "style"
        RenderText {#text} at (351,0) size 65x21
          text run at (351,0) width 65: " attribute."
      RenderBlock {P} at (0,948) size 768x21 [color=#008000]
        RenderText {#text} at (0,0) size 323x21
          text run at (0,0) width 323: "This sentence should be green, and used the "
        RenderInline {TT} at (0,0) size 28x17
          RenderText {#text} at (323,3) size 28x17
            text run at (323,3) width 28: "style"
        RenderText {#text} at (351,0) size 65x21
          text run at (351,0) width 65: " attribute."
      RenderBlock {P} at (0,985) size 768x21 [color=#008000]
        RenderText {#text} at (0,0) size 323x21
          text run at (0,0) width 323: "This sentence should be green, and used the "
        RenderInline {TT} at (0,0) size 28x17
          RenderText {#text} at (323,3) size 28x17
            text run at (323,3) width 28: "style"
        RenderText {#text} at (351,0) size 65x21
          text run at (351,0) width 65: " attribute."
      RenderBlock {P} at (0,1022) size 768x21 [color=#008000]
        RenderText {#text} at (0,0) size 323x21
          text run at (0,0) width 323: "This sentence should be green, and used the "
        RenderInline {TT} at (0,0) size 28x17
          RenderText {#text} at (323,3) size 28x17
            text run at (323,3) width 28: "style"
        RenderText {#text} at (351,0) size 65x21
          text run at (351,0) width 65: " attribute."
      RenderTable {TABLE} at (0,1059) size 768x810 [border: (1px outset #808080)]
        RenderTableSection {TBODY} at (1,1) size 766x808
          RenderTableRow {TR} at (0,0) size 766x29
            RenderTableCell {TD} at (0,0) size 766x29 [bgcolor=#C0C0C0] [border: (1px inset #808080)] [r=0 c=0 rs=1 cs=2]
              RenderInline {STRONG} at (0,0) size 178x21
                RenderText {#text} at (4,4) size 178x21
                  text run at (4,4) width 178: "TABLE Testing Section"
          RenderTableRow {TR} at (0,29) size 766x779
            RenderTableCell {TD} at (0,404) size 12x29 [bgcolor=#C0C0C0] [border: (1px inset #808080)] [r=1 c=0 rs=1 cs=1]
              RenderText {#text} at (4,4) size 4x21
                text run at (4,4) width 4: " "
            RenderTableCell {TD} at (12,29) size 754x779 [border: (1px inset #808080)] [r=1 c=1 rs=1 cs=1]
              RenderBlock {P} at (4,4) size 746x21
                RenderText {#text} at (0,0) size 220x21
                  text run at (0,0) width 220: "This sentence should be black."
              RenderBlock {P} at (4,41) size 746x21 [color=#008800]
                RenderText {#text} at (0,0) size 562x21
                  text run at (0,0) width 562: "This sentence should be green, although slightly different from those that follow."
              RenderBlock {P} at (4,78) size 746x21 [color=#008000]
                RenderText {#text} at (0,0) size 223x21
                  text run at (0,0) width 223: "This sentence should be green."
              RenderBlock {P} at (4,115) size 746x21 [color=#008000]
                RenderText {#text} at (0,0) size 223x21
                  text run at (0,0) width 223: "This sentence should be green."
              RenderBlock {P} at (4,152) size 746x21 [color=#008000]
                RenderText {#text} at (0,0) size 223x21
                  text run at (0,0) width 223: "This sentence should be green."
              RenderBlock {P} at (4,189) size 746x21 [color=#008000]
                RenderText {#text} at (0,0) size 223x21
                  text run at (0,0) width 223: "This sentence should be green."
              RenderBlock {P} at (4,226) size 746x21 [color=#008000]
                RenderText {#text} at (0,0) size 223x21
                  text run at (0,0) width 223: "This sentence should be green."
              RenderBlock {P} at (4,263) size 746x21
                RenderText {#text} at (0,0) size 464x21
                  text run at (0,0) width 464: "This sentence should be black, because the value given for class "
                RenderInline {CODE} at (0,0) size 39x17
                  RenderText {#text} at (464,3) size 39x17
                    text run at (464,3) width 39: ".seven"
                RenderText {#text} at (503,0) size 71x21
                  text run at (503,0) width 71: " is invalid."
              RenderBlock {P} at (4,300) size 746x42 [color=#0080FF]
                RenderText {#text} at (0,0) size 690x42
                  text run at (0,0) width 690: "This sentence should be a shade of blue-green which, on a typical RGB computer display, exactly"
                  text run at (0,21) width 201: "matches the next paragraph."
              RenderBlock {P} at (4,358) size 746x42 [color=#0080FF]
                RenderText {#text} at (0,0) size 690x42
                  text run at (0,0) width 690: "This sentence should be a shade of blue-green which, on a typical RGB computer display, exactly"
                  text run at (0,21) width 232: "matches the previous paragraph."
              RenderBlock {P} at (4,416) size 746x42 [color=#800099]
                RenderText {#text} at (0,0) size 722x42
                  text run at (0,0) width 722: "This sentence should be a shade of purple which, on a typical RGB computer display, exactly matches"
                  text run at (0,21) width 137: "the next paragraph."
              RenderBlock {P} at (4,474) size 746x42 [color=#800099]
                RenderText {#text} at (0,0) size 722x42
                  text run at (0,0) width 722: "This sentence should be a shade of purple which, on a typical RGB computer display, exactly matches"
                  text run at (0,21) width 168: "the previous paragraph."
              RenderBlock {P} at (4,532) size 746x21
                RenderText {#text} at (0,0) size 220x21
                  text run at (0,0) width 220: "This sentence should be black."
              RenderBlock {P} at (4,569) size 746x21 [color=#008800]
                RenderText {#text} at (0,0) size 451x21
                  text run at (0,0) width 451: "This sentence should be a slightly different green, and used the "
                RenderInline {TT} at (0,0) size 28x17
                  RenderText {#text} at (451,3) size 28x17
                    text run at (451,3) width 28: "style"
                RenderText {#text} at (479,0) size 65x21
                  text run at (479,0) width 65: " attribute."
              RenderBlock {P} at (4,606) size 746x21 [color=#008000]
                RenderText {#text} at (0,0) size 323x21
                  text run at (0,0) width 323: "This sentence should be green, and used the "
                RenderInline {TT} at (0,0) size 28x17
                  RenderText {#text} at (323,3) size 28x17
                    text run at (323,3) width 28: "style"
                RenderText {#text} at (351,0) size 65x21
                  text run at (351,0) width 65: " attribute."
              RenderBlock {P} at (4,643) size 746x21 [color=#008000]
                RenderText {#text} at (0,0) size 323x21
                  text run at (0,0) width 323: "This sentence should be green, and used the "
                RenderInline {TT} at (0,0) size 28x17
                  RenderText {#text} at (323,3) size 28x17
                    text run at (323,3) width 28: "style"
                RenderText {#text} at (351,0) size 65x21
                  text run at (351,0) width 65: " attribute."
              RenderBlock {P} at (4,680) size 746x21 [color=#008000]
                RenderText {#text} at (0,0) size 323x21
                  text run at (0,0) width 323: "This sentence should be green, and used the "
                RenderInline {TT} at (0,0) size 28x17
                  RenderText {#text} at (323,3) size 28x17
                    text run at (323,3) width 28: "style"
                RenderText {#text} at (351,0) size 65x21
                  text run at (351,0) width 65: " attribute."
              RenderBlock {P} at (4,717) size 746x21 [color=#008000]
                RenderText {#text} at (0,0) size 323x21
                  text run at (0,0) width 323: "This sentence should be green, and used the "
                RenderInline {TT} at (0,0) size 28x17
                  RenderText {#text} at (323,3) size 28x17
                    text run at (323,3) width 28: "style"
                RenderText {#text} at (351,0) size 65x21
                  text run at (351,0) width 65: " attribute."
              RenderBlock {P} at (4,754) size 746x21 [color=#008000]
                RenderText {#text} at (0,0) size 323x21
                  text run at (0,0) width 323: "This sentence should be green, and used the "
                RenderInline {TT} at (0,0) size 28x17
                  RenderText {#text} at (323,3) size 28x17
                    text run at (323,3) width 28: "style"
                RenderText {#text} at (351,0) size 65x21
                  text run at (351,0) width 65: " attribute."
