layer at (0,0) size 784x1741
  RenderView at (0,0) size 784x600
layer at (0,0) size 784x1741
  RenderBlock {HTML} at (0,0) size 784x1741
    RenderBody {BODY} at (8,8) size 768x1725 [bgcolor=#CCCCCC]
      RenderBlock {P} at (0,0) size 768x21
        RenderText {#text} at (0,0) size 395x21
          text run at (0,0) width 395: "The style declarations which apply to the text below are:"
      RenderBlock {PRE} at (0,37) size 768x187
        RenderText {#text} at (0,0) size 432x187
          text run at (0,0) width 121: ".zero {margin-left: 0;}"
          text run at (121,0) width 0: " "
          text run at (0,17) width 135: ".one {margin-left: 3em;}"
          text run at (135,17) width 0: " "
          text run at (0,34) width 130: ".two {margin-left: 3ex;}"
          text run at (130,34) width 0: " "
          text run at (0,51) width 146: ".three {margin-left: 36px;}"
          text run at (146,51) width 0: " "
          text run at (0,68) width 139: ".four {margin-left: 0.5in;}"
          text run at (139,68) width 0: " "
          text run at (0,85) width 153: ".five {margin-left: 1.27cm;}"
          text run at (153,85) width 0: " "
          text run at (0,102) width 153: ".six {margin-left: 12.7mm;}"
          text run at (153,102) width 0: " "
          text run at (0,119) width 149: ".seven {margin-left: 36pt;}"
          text run at (149,119) width 0: " "
          text run at (0,136) width 138: ".eight {margin-left: 3pc;}"
          text run at (138,136) width 0: " "
          text run at (0,153) width 142: ".nine {margin-left: +3pc;}"
          text run at (142,153) width 0: " "
          text run at (0,170) width 432: ".ten {font-size: 40px; border-left: 1ex solid purple; background-color: aqua;}"
          text run at (432,170) width 0: " "
      RenderBlock {HR} at (0,237) size 768x2 [border: (1px inset #000000)]
      RenderBlock {P} at (0,255) size 768x42
        RenderText {#text} at (0,0) size 752x42
          text run at (0,0) width 752: "This paragraph has no left margin. The following paragraphs have all been given a left margin and their left"
          text run at (0,21) width 482: "(outer) edges should therefore be appropriately shifted to the right of "
        RenderInline {EM} at (0,0) size 25x21
          RenderText {#text} at (482,21) size 25x21
            text run at (482,21) width 25: "this"
        RenderText {#text} at (507,21) size 157x21
          text run at (507,21) width 157: " paragraph's left edge."
      RenderBlock {P} at (48,313) size 720x21
        RenderText {#text} at (0,0) size 346x21
          text run at (0,0) width 346: "This paragraph should have a left margin of 3em."
      RenderBlock {P} at (24,350) size 744x21
        RenderText {#text} at (0,0) size 341x21
          text run at (0,0) width 341: "This paragraph should have a left margin of 3ex."
      RenderBlock {P} at (36,387) size 732x21
        RenderText {#text} at (0,0) size 379x21
          text run at (0,0) width 379: "This paragraph should have a left margin of 36 pixels."
      RenderBlock {P} at (48,424) size 720x21
        RenderText {#text} at (0,0) size 397x21
          text run at (0,0) width 397: "This paragraph should have a left margin of half an inch."
      RenderBlock {P} at (48,461) size 720x21
        RenderText {#text} at (0,0) size 367x21
          text run at (0,0) width 367: "This paragraph should have a left margin of 1.27cm."
      RenderBlock {P} at (48,498) size 720x21
        RenderText {#text} at (0,0) size 372x21
          text run at (0,0) width 372: "This paragraph should have a left margin of 12.7mm."
      RenderBlock {P} at (48,535) size 720x21
        RenderText {#text} at (0,0) size 380x21
          text run at (0,0) width 380: "This paragraph should have a left margin of 36 points."
      RenderBlock {P} at (48,572) size 720x21
        RenderText {#text} at (0,0) size 366x21
          text run at (0,0) width 366: "This paragraph should have a left margin of 3 picas."
      RenderBlock {P} at (48,609) size 720x21
        RenderText {#text} at (0,0) size 661x21
          text run at (0,0) width 661: "This paragraph should have a left margin of 3 picas (the plus sign should make no difference)."
      RenderBlock {P} at (0,670) size 768x255 [bgcolor=#00FFFF] [border: (21px solid #800080)]
        RenderText {#text} at (21,0) size 346x51
          text run at (21,0) width 346: "This element has a "
        RenderInline {CODE} at (0,0) size 150x51
          RenderText {#text} at (367,0) size 150x51
            text run at (367,0) width 150: "font-size"
        RenderText {#text} at (517,0) size 55x51
          text run at (517,0) width 55: " of "
        RenderInline {CODE} at (0,0) size 86x51
          RenderText {#text} at (572,0) size 86x51
            text run at (572,0) width 86: "40px"
        RenderText {#text} at (658,0) size 110x51
          text run at (658,0) width 110: " and a"
        RenderInline {CODE} at (0,0) size 180x51
          RenderText {#text} at (21,51) size 180x51
            text run at (21,51) width 180: "border-left"
        RenderText {#text} at (201,51) size 55x51
          text run at (201,51) width 55: " of "
        RenderInline {CODE} at (0,0) size 278x51
          RenderText {#text} at (256,51) size 278x51
            text run at (256,51) width 278: "1ex solid purple"
        RenderText {#text} at (534,51) size 738x204
          text run at (534,51) width 22: ". "
          text run at (556,51) width 203: "This should"
          text run at (21,102) width 715: "make the left border the same number of"
          text run at (21,153) width 586: "pixels as the lower-case 'x' in this"
          text run at (21,204) width 668: "element's font, as well as solid purple."
      RenderTable {TABLE} at (0,965) size 768x760 [border: (1px outset #808080)]
        RenderTableSection {TBODY} at (1,1) size 766x758
          RenderTableRow {TR} at (0,0) size 766x29
            RenderTableCell {TD} at (0,0) size 766x29 [bgcolor=#C0C0C0] [border: (1px inset #808080)] [r=0 c=0 rs=1 cs=2]
              RenderInline {STRONG} at (0,0) size 178x21
                RenderText {#text} at (4,4) size 178x21
                  text run at (4,4) width 178: "TABLE Testing Section"
          RenderTableRow {TR} at (0,29) size 766x729
            RenderTableCell {TD} at (0,379) size 12x29 [bgcolor=#C0C0C0] [border: (1px inset #808080)] [r=1 c=0 rs=1 cs=1]
              RenderText {#text} at (4,4) size 4x21
                text run at (4,4) width 4: " "
            RenderTableCell {TD} at (12,29) size 754x729 [border: (1px inset #808080)] [r=1 c=1 rs=1 cs=1]
              RenderBlock {P} at (4,4) size 746x42
                RenderText {#text} at (0,0) size 727x42
                  text run at (0,0) width 727: "This paragraph has no left margin. The following paragraphs have all been given a left margin and their"
                  text run at (0,21) width 507: "left (outer) edges should therefore be appropriately shifted to the right of "
                RenderInline {EM} at (0,0) size 25x21
                  RenderText {#text} at (507,21) size 25x21
                    text run at (507,21) width 25: "this"
                RenderText {#text} at (532,21) size 157x21
                  text run at (532,21) width 157: " paragraph's left edge."
              RenderBlock {P} at (52,62) size 698x21
                RenderText {#text} at (0,0) size 346x21
                  text run at (0,0) width 346: "This paragraph should have a left margin of 3em."
              RenderBlock {P} at (28,99) size 722x21
                RenderText {#text} at (0,0) size 341x21
                  text run at (0,0) width 341: "This paragraph should have a left margin of 3ex."
              RenderBlock {P} at (40,136) size 710x21
                RenderText {#text} at (0,0) size 379x21
                  text run at (0,0) width 379: "This paragraph should have a left margin of 36 pixels."
              RenderBlock {P} at (52,173) size 698x21
                RenderText {#text} at (0,0) size 397x21
                  text run at (0,0) width 397: "This paragraph should have a left margin of half an inch."
              RenderBlock {P} at (52,210) size 698x21
                RenderText {#text} at (0,0) size 367x21
                  text run at (0,0) width 367: "This paragraph should have a left margin of 1.27cm."
              RenderBlock {P} at (52,247) size 698x21
                RenderText {#text} at (0,0) size 372x21
                  text run at (0,0) width 372: "This paragraph should have a left margin of 12.7mm."
              RenderBlock {P} at (52,284) size 698x21
                RenderText {#text} at (0,0) size 380x21
                  text run at (0,0) width 380: "This paragraph should have a left margin of 36 points."
              RenderBlock {P} at (52,321) size 698x21
                RenderText {#text} at (0,0) size 366x21
                  text run at (0,0) width 366: "This paragraph should have a left margin of 3 picas."
              RenderBlock {P} at (52,358) size 698x21
                RenderText {#text} at (0,0) size 661x21
                  text run at (0,0) width 661: "This paragraph should have a left margin of 3 picas (the plus sign should make no difference)."
              RenderBlock {P} at (4,419) size 746x306 [bgcolor=#00FFFF] [border: (21px solid #800080)]
                RenderText {#text} at (21,0) size 346x51
                  text run at (21,0) width 346: "This element has a "
                RenderInline {CODE} at (0,0) size 150x51
                  RenderText {#text} at (367,0) size 150x51
                    text run at (367,0) width 150: "font-size"
                RenderText {#text} at (517,0) size 55x51
                  text run at (517,0) width 55: " of "
                RenderInline {CODE} at (0,0) size 86x51
                  RenderText {#text} at (572,0) size 86x51
                    text run at (572,0) width 86: "40px"
                RenderText {#text} at (658,0) size 714x102
                  text run at (658,0) width 77: " and"
                  text run at (21,51) width 33: "a "
                RenderInline {CODE} at (0,0) size 180x51
                  RenderText {#text} at (54,51) size 180x51
                    text run at (54,51) width 180: "border-left"
                RenderText {#text} at (234,51) size 55x51
                  text run at (234,51) width 55: " of "
                RenderInline {CODE} at (0,0) size 278x51
                  RenderText {#text} at (289,51) size 278x51
                    text run at (289,51) width 278: "1ex solid purple"
                RenderText {#text} at (567,51) size 702x255
                  text run at (567,51) width 22: ". "
                  text run at (589,51) width 75: "This"
                  text run at (21,102) width 654: "should make the left border the same"
                  text run at (21,153) width 702: "number of pixels as the lower-case 'x' in"
                  text run at (21,204) width 609: "this element's font, as well as solid"
                  text run at (21,255) width 121: "purple."
