layer at (0,0) size 800x600
  RenderView at (0,0) size 800x600
layer at (0,0) size 800x600
  RenderBlock {HTML} at (0,0) size 800x600
    RenderBody {BODY} at (8,8) size 784x584
      RenderBlock {P} at (0,0) size 784x18
        RenderText {#text} at (0,0) size 258x18
          text run at (0,0) width 258: "Test appearances of input-speech-button."
      RenderBlock {DIV} at (0,34) size 784x0
      RenderBlock {DIV} at (0,34) size 784x310
        RenderTable {TABLE} at (0,0) size 616x310
          RenderTableSection {TBODY} at (0,0) size 616x310
            RenderTableRow {TR} at (0,2) size 616x306
              RenderTableCell {TD} at (2,2) size 156x306 [r=0 c=0 rs=1 cs=1]
                RenderBlock {DIV} at (1,1) size 154x304
                  RenderTextControl {INPUT} at (0,0) size 100x16 [bgcolor=#FFFFFF] [border: (2px inset #000000)]
                  RenderBR {BR} at (100,11) size 0x0
                  RenderTextControl {INPUT} at (0,16) size 100x16 [bgcolor=#FFFFFF] [border: (2px inset #000000)]
                    RenderDeprecatedFlexibleBox {DIV} at (3,3) size 94x10
                      RenderBlock {DIV} at (0,0) size 84x10
                      RenderBlock {DIV} at (84,0) size 10x10
                  RenderBR {BR} at (100,27) size 0x0
                  RenderTextControl {INPUT} at (0,32) size 102x17 [bgcolor=#FFFFFF] [border: (2px inset #000000)]
                  RenderBR {BR} at (102,44) size 0x0
                  RenderTextControl {INPUT} at (0,49) size 102x17 [bgcolor=#FFFFFF] [border: (2px inset #000000)]
                    RenderDeprecatedFlexibleBox {DIV} at (3,3) size 96x11
                      RenderBlock {DIV} at (0,0) size 85x11
                      RenderBlock {DIV} at (85,0) size 11x11
                  RenderBR {BR} at (102,61) size 0x0
                  RenderTextControl {INPUT} at (0,66) size 104x18 [bgcolor=#FFFFFF] [border: (2px inset #000000)]
                  RenderBR {BR} at (104,79) size 0x0
                  RenderTextControl {INPUT} at (0,84) size 104x18 [bgcolor=#FFFFFF] [border: (2px inset #000000)]
                    RenderDeprecatedFlexibleBox {DIV} at (3,3) size 98x12
                      RenderBlock {DIV} at (0,0) size 86x12
                      RenderBlock {DIV} at (86,0) size 12x12
                  RenderBR {BR} at (104,97) size 0x0
                  RenderTextControl {INPUT} at (2,104) size 125x19 [bgcolor=#FFFFFF] [border: (2px inset #000000)]
                  RenderBR {BR} at (129,118) size 0x0
                  RenderTextControl {INPUT} at (2,127) size 125x19 [bgcolor=#FFFFFF] [border: (2px inset #000000)]
                    RenderDeprecatedFlexibleBox {DIV} at (3,3) size 119x13
                      RenderBlock {DIV} at (0,0) size 105x13
                      RenderBlock {DIV} at (105,0) size 14x14
                  RenderBR {BR} at (129,141) size 0x0
                  RenderTextControl {INPUT} at (2,150) size 127x21 [bgcolor=#FFFFFF] [border: (2px inset #000000)]
                  RenderBR {BR} at (131,165) size 0x0
                  RenderTextControl {INPUT} at (2,175) size 127x21 [bgcolor=#FFFFFF] [border: (2px inset #000000)]
                    RenderDeprecatedFlexibleBox {DIV} at (3,3) size 121x15
                      RenderBlock {DIV} at (0,0) size 106x15
                      RenderBlock {DIV} at (106,0) size 15x15
                  RenderBR {BR} at (131,190) size 0x0
                  RenderTextControl {INPUT} at (2,200) size 148x22 [bgcolor=#FFFFFF] [border: (2px inset #000000)]
                  RenderBR {BR} at (152,216) size 0x0
                  RenderTextControl {INPUT} at (2,226) size 148x22 [bgcolor=#FFFFFF] [border: (2px inset #000000)]
                    RenderDeprecatedFlexibleBox {DIV} at (3,3) size 142x16
                      RenderBlock {DIV} at (0,0) size 126x16
                      RenderBlock {DIV} at (126,0) size 16x16
                  RenderBR {BR} at (152,242) size 0x0
                  RenderTextControl {INPUT} at (2,252) size 150x23 [bgcolor=#FFFFFF] [border: (2px inset #000000)]
                  RenderBR {BR} at (154,269) size 0x0
                  RenderTextControl {INPUT} at (2,279) size 150x23 [bgcolor=#FFFFFF] [border: (2px inset #000000)]
                    RenderDeprecatedFlexibleBox {DIV} at (3,3) size 144x17
                      RenderBlock {DIV} at (0,0) size 127x17
                      RenderBlock {DIV} at (127,0) size 17x17
                  RenderBR {BR} at (154,296) size 0x0
              RenderTableCell {TD} at (160,5) size 203x300 [r=0 c=1 rs=1 cs=1]
                RenderBlock {DIV} at (1,1) size 201x298
                  RenderTextControl {INPUT} at (2,2) size 170x24 [bgcolor=#FFFFFF] [border: (2px inset #000000)]
                  RenderBR {BR} at (174,20) size 0x0
                  RenderTextControl {INPUT} at (2,30) size 170x24 [bgcolor=#FFFFFF] [border: (2px inset #000000)]
                    RenderDeprecatedFlexibleBox {DIV} at (3,3) size 164x18
                      RenderBlock {DIV} at (0,0) size 146x18
                      RenderBlock {DIV} at (146,0) size 18x18
                  RenderBR {BR} at (174,48) size 0x0
                  RenderTextControl {INPUT} at (2,58) size 172x24 [bgcolor=#FFFFFF] [border: (2px inset #000000)]
                  RenderBR {BR} at (176,76) size 0x0
                  RenderTextControl {INPUT} at (2,86) size 172x24 [bgcolor=#FFFFFF] [border: (2px inset #000000)]
                    RenderDeprecatedFlexibleBox {DIV} at (3,3) size 166x18
                      RenderBlock {DIV} at (0,0) size 146x18
                      RenderBlock {DIV} at (146,0) size 20x20
                  RenderBR {BR} at (176,104) size 0x0
                  RenderTextControl {INPUT} at (2,114) size 174x26 [bgcolor=#FFFFFF] [border: (2px inset #000000)]
                  RenderBR {BR} at (178,133) size 0x0
                  RenderTextControl {INPUT} at (2,144) size 174x26 [bgcolor=#FFFFFF] [border: (2px inset #000000)]
                    RenderDeprecatedFlexibleBox {DIV} at (3,3) size 168x20
                      RenderBlock {DIV} at (0,0) size 147x20
                      RenderBlock {DIV} at (147,0) size 21x21
                  RenderBR {BR} at (178,163) size 0x0
                  RenderTextControl {INPUT} at (2,174) size 195x27 [bgcolor=#FFFFFF] [border: (2px inset #000000)]
                  RenderBR {BR} at (199,194) size 0x0
                  RenderTextControl {INPUT} at (2,205) size 195x27 [bgcolor=#FFFFFF] [border: (2px inset #000000)]
                    RenderDeprecatedFlexibleBox {DIV} at (3,3) size 189x21
                      RenderBlock {DIV} at (0,0) size 167x21
                      RenderBlock {DIV} at (167,0) size 22x22
                  RenderBR {BR} at (199,225) size 0x0
                  RenderTextControl {INPUT} at (2,236) size 197x28 [bgcolor=#FFFFFF] [border: (2px inset #000000)]
                  RenderBR {BR} at (201,257) size 0x0
                  RenderTextControl {INPUT} at (2,268) size 197x28 [bgcolor=#FFFFFF] [border: (2px inset #000000)]
                    RenderDeprecatedFlexibleBox {DIV} at (3,3) size 191x22
                      RenderBlock {DIV} at (0,0) size 168x22
                      RenderBlock {DIV} at (168,0) size 23x23
                  RenderBR {BR} at (201,289) size 0x0
              RenderTableCell {TD} at (365,14) size 249x282 [r=0 c=2 rs=1 cs=1]
                RenderBlock {DIV} at (1,1) size 247x280
                  RenderTextControl {INPUT} at (2,2) size 218x29 [bgcolor=#FFFFFF] [border: (2px inset #000000)]
                  RenderBR {BR} at (222,24) size 0x0
                  RenderTextControl {INPUT} at (2,35) size 218x29 [bgcolor=#FFFFFF] [border: (2px inset #000000)]
                    RenderDeprecatedFlexibleBox {DIV} at (3,3) size 212x23
                      RenderBlock {DIV} at (0,0) size 187x23
                      RenderBlock {DIV} at (187,0) size 25x25
                  RenderBR {BR} at (222,57) size 0x0
                  RenderTextControl {INPUT} at (2,68) size 220x30 [bgcolor=#FFFFFF] [border: (2px inset #000000)]
                  RenderBR {BR} at (224,91) size 0x0
                  RenderTextControl {INPUT} at (2,102) size 220x30 [bgcolor=#FFFFFF] [border: (2px inset #000000)]
                    RenderDeprecatedFlexibleBox {DIV} at (3,3) size 214x24
                      RenderBlock {DIV} at (0,0) size 188x24
                      RenderBlock {DIV} at (188,0) size 26x26
                  RenderBR {BR} at (224,125) size 0x0
                  RenderTextControl {INPUT} at (2,136) size 241x32 [bgcolor=#FFFFFF] [border: (2px inset #000000)]
                  RenderBR {BR} at (245,160) size 0x0
                  RenderTextControl {INPUT} at (2,172) size 241x32 [bgcolor=#FFFFFF] [border: (2px inset #000000)]
                    RenderDeprecatedFlexibleBox {DIV} at (3,3) size 235x26
                      RenderBlock {DIV} at (0,0) size 208x26
                      RenderBlock {DIV} at (208,0) size 27x27
                  RenderBR {BR} at (245,196) size 0x0
                  RenderTextControl {INPUT} at (2,208) size 243x33 [bgcolor=#FFFFFF] [border: (2px inset #000000)]
                  RenderBR {BR} at (247,233) size 0x0
                  RenderTextControl {INPUT} at (2,245) size 243x33 [bgcolor=#FFFFFF] [border: (2px inset #000000)]
                    RenderDeprecatedFlexibleBox {DIV} at (3,3) size 237x27
                      RenderBlock {DIV} at (0,0) size 209x27
                      RenderBlock {DIV} at (209,0) size 28x28
                  RenderBR {BR} at (247,270) size 0x0
      RenderBlock (anonymous) at (0,344) size 784x23
        RenderTextControl {INPUT} at (2,2) size 125x19 [bgcolor=#FFFFFF] [border: (2px inset #000000)]
          RenderDeprecatedFlexibleBox {DIV} at (3,3) size 119x13
            RenderBlock {DIV} at (0,0) size 105x13
            RenderBlock {DIV} at (105,0) size 14x14
        RenderTextControl {INPUT} at (131,2) size 125x19 [bgcolor=#FFFFFF] [border: (2px inset #000000)]
        RenderText {#text} at (0,0) size 0x0
layer at (14,48) size 94x10 scrollWidth 170
  RenderBlock {DIV} at (3,3) size 94x10
    RenderText {#text} at (1,0) size 168x10
      text run at (1,0) width 168: "A quick brown fox jumps over the lazy dog"
layer at (14,64) size 84x10 scrollWidth 170
  RenderBlock {DIV} at (0,0) size 84x10
    RenderText {#text} at (1,0) size 168x10
      text run at (1,0) width 168: "A quick brown fox jumps over the lazy dog"
layer at (14,80) size 96x11 scrollWidth 191
  RenderBlock {DIV} at (3,3) size 96x11
    RenderText {#text} at (1,0) size 189x11
      text run at (1,0) width 189: "A quick brown fox jumps over the lazy dog"
layer at (14,97) size 85x11 scrollWidth 191
  RenderBlock {DIV} at (0,0) size 85x11
    RenderText {#text} at (1,0) size 189x11
      text run at (1,0) width 189: "A quick brown fox jumps over the lazy dog"
layer at (14,114) size 98x12 scrollWidth 212
  RenderBlock {DIV} at (3,3) size 98x12
    RenderText {#text} at (1,0) size 210x12
      text run at (1,0) width 210: "A quick brown fox jumps over the lazy dog"
layer at (14,132) size 86x12 scrollWidth 212
  RenderBlock {DIV} at (0,0) size 86x12
    RenderText {#text} at (1,0) size 210x12
      text run at (1,0) width 210: "A quick brown fox jumps over the lazy dog"
layer at (16,152) size 119x13 scrollWidth 233
  RenderBlock {DIV} at (3,3) size 119x13
    RenderText {#text} at (1,0) size 231x13
      text run at (1,0) width 231: "A quick brown fox jumps over the lazy dog"
layer at (16,175) size 105x13 scrollWidth 233
  RenderBlock {DIV} at (0,0) size 105x13
    RenderText {#text} at (1,0) size 231x13
      text run at (1,0) width 231: "A quick brown fox jumps over the lazy dog"
layer at (16,198) size 121x15 scrollWidth 254
  RenderBlock {DIV} at (3,3) size 121x15
    RenderText {#text} at (1,0) size 252x15
      text run at (1,0) width 252: "A quick brown fox jumps over the lazy dog"
layer at (16,223) size 106x15 scrollWidth 254
  RenderBlock {DIV} at (0,0) size 106x15
    RenderText {#text} at (1,0) size 252x15
      text run at (1,0) width 252: "A quick brown fox jumps over the lazy dog"
layer at (16,248) size 142x16 scrollWidth 275
  RenderBlock {DIV} at (3,3) size 142x16
    RenderText {#text} at (1,0) size 273x16
      text run at (1,0) width 273: "A quick brown fox jumps over the lazy dog"
layer at (16,274) size 126x16 scrollWidth 275
  RenderBlock {DIV} at (0,0) size 126x16
    RenderText {#text} at (1,0) size 273x16
      text run at (1,0) width 273: "A quick brown fox jumps over the lazy dog"
layer at (16,300) size 144x17 scrollWidth 296
  RenderBlock {DIV} at (3,3) size 144x17
    RenderText {#text} at (1,0) size 294x17
      text run at (1,0) width 294: "A quick brown fox jumps over the lazy dog"
layer at (16,327) size 127x17 scrollWidth 296
  RenderBlock {DIV} at (0,0) size 127x17
    RenderText {#text} at (1,0) size 294x17
      text run at (1,0) width 294: "A quick brown fox jumps over the lazy dog"
layer at (174,53) size 164x18 scrollWidth 317
  RenderBlock {DIV} at (3,3) size 164x18
    RenderText {#text} at (1,0) size 315x18
      text run at (1,0) width 315: "A quick brown fox jumps over the lazy dog"
layer at (174,81) size 146x18 scrollWidth 317
  RenderBlock {DIV} at (0,0) size 146x18
    RenderText {#text} at (1,0) size 315x18
      text run at (1,0) width 315: "A quick brown fox jumps over the lazy dog"
layer at (174,109) size 166x18 scrollWidth 338
  RenderBlock {DIV} at (3,3) size 166x18
    RenderText {#text} at (1,0) size 336x18
      text run at (1,0) width 336: "A quick brown fox jumps over the lazy dog"
layer at (174,137) size 146x18 scrollWidth 338
  RenderBlock {DIV} at (0,0) size 146x18
    RenderText {#text} at (1,0) size 336x18
      text run at (1,0) width 336: "A quick brown fox jumps over the lazy dog"
layer at (174,165) size 168x20 scrollWidth 359
  RenderBlock {DIV} at (3,3) size 168x20
    RenderText {#text} at (1,0) size 357x20
      text run at (1,0) width 357: "A quick brown fox jumps over the lazy dog"
layer at (174,195) size 147x20 scrollWidth 359
  RenderBlock {DIV} at (0,0) size 147x20
    RenderText {#text} at (1,0) size 357x20
      text run at (1,0) width 357: "A quick brown fox jumps over the lazy dog"
layer at (174,225) size 189x21 scrollWidth 380
  RenderBlock {DIV} at (3,3) size 189x21
    RenderText {#text} at (1,0) size 378x21
      text run at (1,0) width 378: "A quick brown fox jumps over the lazy dog"
layer at (174,256) size 167x21 scrollWidth 380
  RenderBlock {DIV} at (0,0) size 167x21
    RenderText {#text} at (1,0) size 378x21
      text run at (1,0) width 378: "A quick brown fox jumps over the lazy dog"
layer at (174,287) size 191x22 scrollWidth 401
  RenderBlock {DIV} at (3,3) size 191x22
    RenderText {#text} at (1,0) size 399x22
      text run at (1,0) width 399: "A quick brown fox jumps over the lazy dog"
layer at (174,319) size 168x22 scrollWidth 401
  RenderBlock {DIV} at (0,0) size 168x22
    RenderText {#text} at (1,0) size 399x22
      text run at (1,0) width 399: "A quick brown fox jumps over the lazy dog"
layer at (379,62) size 212x23 scrollWidth 421
  RenderBlock {DIV} at (3,3) size 212x23
    RenderText {#text} at (1,0) size 419x23
      text run at (1,0) width 419: "A quick brown fox jumps over the lazy dog"
layer at (379,95) size 187x23 scrollWidth 421
  RenderBlock {DIV} at (0,0) size 187x23
    RenderText {#text} at (1,0) size 419x23
      text run at (1,0) width 419: "A quick brown fox jumps over the lazy dog"
layer at (379,128) size 214x24 scrollWidth 442
  RenderBlock {DIV} at (3,3) size 214x24
    RenderText {#text} at (1,0) size 440x24
      text run at (1,0) width 440: "A quick brown fox jumps over the lazy dog"
layer at (379,162) size 188x24 scrollWidth 442
  RenderBlock {DIV} at (0,0) size 188x24
    RenderText {#text} at (1,0) size 440x24
      text run at (1,0) width 440: "A quick brown fox jumps over the lazy dog"
layer at (379,196) size 235x26 scrollWidth 463
  RenderBlock {DIV} at (3,3) size 235x26
    RenderText {#text} at (1,0) size 461x26
      text run at (1,0) width 461: "A quick brown fox jumps over the lazy dog"
layer at (379,232) size 208x26 scrollWidth 463
  RenderBlock {DIV} at (0,0) size 208x26
    RenderText {#text} at (1,0) size 461x26
      text run at (1,0) width 461: "A quick brown fox jumps over the lazy dog"
layer at (379,268) size 237x27 scrollWidth 484
  RenderBlock {DIV} at (3,3) size 237x27
    RenderText {#text} at (1,0) size 482x27
      text run at (1,0) width 482: "A quick brown fox jumps over the lazy dog"
layer at (379,305) size 209x27 scrollWidth 484
  RenderBlock {DIV} at (0,0) size 209x27
    RenderText {#text} at (1,0) size 482x27
      text run at (1,0) width 482: "A quick brown fox jumps over the lazy dog"
layer at (13,357) size 105x13
  RenderBlock {DIV} at (0,0) size 105x13
layer at (142,357) size 119x13
  RenderBlock {DIV} at (3,3) size 119x13
