layer at (0,0) size 800x600
  RenderView at (0,0) size 800x600
layer at (0,0) size 800x600
  RenderBlock {HTML} at (0,0) size 800x600
    RenderBody {BODY} at (8,8) size 784x584
      RenderBlock {P} at (0,0) size 784x18
        RenderText {#text} at (0,0) size 422x18
          text run at (0,0) width 422: "Test appearances of input-speech-button in <input type='number'>."
      RenderBlock {DIV} at (0,34) size 784x0
      RenderBlock {DIV} at (0,34) size 784x310
        RenderTable {TABLE} at (0,0) size 616x310
          RenderTableSection {TBODY} at (0,0) size 616x310
            RenderTableRow {TR} at (0,2) size 616x306
              RenderTableCell {TD} at (2,2) size 156x306 [r=0 c=0 rs=1 cs=1]
                RenderBlock {DIV} at (1,1) size 154x304
                  RenderTextControl {INPUT} at (0,0) size 100x16 [bgcolor=#FFFFFF] [border: (2px inset #000000)]
                  RenderBR {BR} at (100,11) size 0x0
                  RenderTextControl {INPUT} at (0,16) size 100x16 [bgcolor=#FFFFFF] [border: (2px inset #000000)]
                    RenderBlock {DIV} at (74,3) size 10x10
                  RenderBR {BR} at (100,27) size 0x0
                  RenderTextControl {INPUT} at (0,32) size 102x17 [bgcolor=#FFFFFF] [border: (2px inset #000000)]
                  RenderBR {BR} at (102,44) size 0x0
                  RenderTextControl {INPUT} at (0,49) size 102x17 [bgcolor=#FFFFFF] [border: (2px inset #000000)]
                    RenderBlock {DIV} at (75,3) size 11x11
                  RenderBR {BR} at (102,61) size 0x0
                  RenderTextControl {INPUT} at (0,66) size 104x18 [bgcolor=#FFFFFF] [border: (2px inset #000000)]
                  RenderBR {BR} at (104,79) size 0x0
                  RenderTextControl {INPUT} at (0,84) size 104x18 [bgcolor=#FFFFFF] [border: (2px inset #000000)]
                    RenderBlock {DIV} at (76,3) size 12x12
                  RenderBR {BR} at (104,97) size 0x0
                  RenderTextControl {INPUT} at (2,104) size 125x19 [bgcolor=#FFFFFF] [border: (2px inset #000000)]
                  RenderBR {BR} at (129,118) size 0x0
                  RenderTextControl {INPUT} at (2,127) size 125x19 [bgcolor=#FFFFFF] [border: (2px inset #000000)]
                    RenderBlock {DIV} at (95,2) size 14x14
                  RenderBR {BR} at (129,141) size 0x0
                  RenderTextControl {INPUT} at (2,150) size 127x21 [bgcolor=#FFFFFF] [border: (2px inset #000000)]
                  RenderBR {BR} at (131,165) size 0x0
                  RenderTextControl {INPUT} at (2,175) size 127x21 [bgcolor=#FFFFFF] [border: (2px inset #000000)]
                    RenderBlock {DIV} at (96,3) size 15x15
                  RenderBR {BR} at (131,190) size 0x0
                  RenderTextControl {INPUT} at (2,200) size 148x22 [bgcolor=#FFFFFF] [border: (2px inset #000000)]
                  RenderBR {BR} at (152,216) size 0x0
                  RenderTextControl {INPUT} at (2,226) size 148x22 [bgcolor=#FFFFFF] [border: (2px inset #000000)]
                    RenderBlock {DIV} at (114,3) size 16x16
                  RenderBR {BR} at (152,242) size 0x0
                  RenderTextControl {INPUT} at (2,252) size 150x23 [bgcolor=#FFFFFF] [border: (2px inset #000000)]
                  RenderBR {BR} at (154,269) size 0x0
                  RenderTextControl {INPUT} at (2,279) size 150x23 [bgcolor=#FFFFFF] [border: (2px inset #000000)]
                    RenderBlock {DIV} at (115,3) size 17x17
                  RenderBR {BR} at (154,296) size 0x0
              RenderTableCell {TD} at (160,5) size 203x300 [r=0 c=1 rs=1 cs=1]
                RenderBlock {DIV} at (1,1) size 201x298
                  RenderTextControl {INPUT} at (2,2) size 170x24 [bgcolor=#FFFFFF] [border: (2px inset #000000)]
                  RenderBR {BR} at (174,20) size 0x0
                  RenderTextControl {INPUT} at (2,30) size 170x24 [bgcolor=#FFFFFF] [border: (2px inset #000000)]
                    RenderBlock {DIV} at (134,3) size 18x18
                  RenderBR {BR} at (174,48) size 0x0
                  RenderTextControl {INPUT} at (2,58) size 172x24 [bgcolor=#FFFFFF] [border: (2px inset #000000)]
                  RenderBR {BR} at (176,76) size 0x0
                  RenderTextControl {INPUT} at (2,86) size 172x24 [bgcolor=#FFFFFF] [border: (2px inset #000000)]
                    RenderBlock {DIV} at (134,2) size 20x20
                  RenderBR {BR} at (176,104) size 0x0
                  RenderTextControl {INPUT} at (2,114) size 174x26 [bgcolor=#FFFFFF] [border: (2px inset #000000)]
                  RenderBR {BR} at (178,133) size 0x0
                  RenderTextControl {INPUT} at (2,144) size 174x26 [bgcolor=#FFFFFF] [border: (2px inset #000000)]
                    RenderBlock {DIV} at (135,2) size 21x21
                  RenderBR {BR} at (178,163) size 0x0
                  RenderTextControl {INPUT} at (2,174) size 195x27 [bgcolor=#FFFFFF] [border: (2px inset #000000)]
                  RenderBR {BR} at (199,194) size 0x0
                  RenderTextControl {INPUT} at (2,205) size 195x27 [bgcolor=#FFFFFF] [border: (2px inset #000000)]
                    RenderBlock {DIV} at (151,2) size 22x22
                  RenderBR {BR} at (199,225) size 0x0
                  RenderTextControl {INPUT} at (2,236) size 197x28 [bgcolor=#FFFFFF] [border: (2px inset #000000)]
                  RenderBR {BR} at (201,257) size 0x0
                  RenderTextControl {INPUT} at (2,268) size 197x28 [bgcolor=#FFFFFF] [border: (2px inset #000000)]
                    RenderBlock {DIV} at (152,2) size 23x23
                  RenderBR {BR} at (201,289) size 0x0
              RenderTableCell {TD} at (365,14) size 249x282 [r=0 c=2 rs=1 cs=1]
                RenderBlock {DIV} at (1,1) size 247x280
                  RenderTextControl {INPUT} at (2,2) size 218x29 [bgcolor=#FFFFFF] [border: (2px inset #000000)]
                  RenderBR {BR} at (222,24) size 0x0
                  RenderTextControl {INPUT} at (2,35) size 218x29 [bgcolor=#FFFFFF] [border: (2px inset #000000)]
                    RenderBlock {DIV} at (171,2) size 25x25
                  RenderBR {BR} at (222,57) size 0x0
                  RenderTextControl {INPUT} at (2,68) size 220x30 [bgcolor=#FFFFFF] [border: (2px inset #000000)]
                  RenderBR {BR} at (224,91) size 0x0
                  RenderTextControl {INPUT} at (2,102) size 220x30 [bgcolor=#FFFFFF] [border: (2px inset #000000)]
                    RenderBlock {DIV} at (172,2) size 26x26
                  RenderBR {BR} at (224,125) size 0x0
                  RenderTextControl {INPUT} at (2,136) size 241x32 [bgcolor=#FFFFFF] [border: (2px inset #000000)]
                  RenderBR {BR} at (245,160) size 0x0
                  RenderTextControl {INPUT} at (2,172) size 241x32 [bgcolor=#FFFFFF] [border: (2px inset #000000)]
                    RenderBlock {DIV} at (192,2) size 27x27
                  RenderBR {BR} at (245,196) size 0x0
                  RenderTextControl {INPUT} at (2,208) size 243x33 [bgcolor=#FFFFFF] [border: (2px inset #000000)]
                  RenderBR {BR} at (247,233) size 0x0
                  RenderTextControl {INPUT} at (2,245) size 243x33 [bgcolor=#FFFFFF] [border: (2px inset #000000)]
                    RenderBlock {DIV} at (193,2) size 28x28
                  RenderBR {BR} at (247,270) size 0x0
layer at (14,48) size 81x10 scrollWidth 172
  RenderBlock {DIV} at (3,3) size 81x10
    RenderText {#text} at (1,0) size 170x10
      text run at (1,0) width 170: "12,345,678,901,234,600,000,000,000,000"
layer at (14,64) size 71x10 scrollWidth 172
  RenderBlock {DIV} at (3,3) size 71x10
    RenderText {#text} at (1,0) size 170x10
      text run at (1,0) width 170: "12,345,678,901,234,600,000,000,000,000"
layer at (14,80) size 83x11 scrollWidth 193
  RenderBlock {DIV} at (3,3) size 83x11
    RenderText {#text} at (1,0) size 191x11
      text run at (1,0) width 191: "12,345,678,901,234,600,000,000,000,000"
layer at (14,97) size 72x11 scrollWidth 193
  RenderBlock {DIV} at (3,3) size 72x11
    RenderText {#text} at (1,0) size 191x11
      text run at (1,0) width 191: "12,345,678,901,234,600,000,000,000,000"
layer at (14,114) size 85x12 scrollWidth 214
  RenderBlock {DIV} at (3,3) size 85x12
    RenderText {#text} at (1,0) size 212x12
      text run at (1,0) width 212: "12,345,678,901,234,600,000,000,000,000"
layer at (14,132) size 73x12 scrollWidth 214
  RenderBlock {DIV} at (3,3) size 73x12
    RenderText {#text} at (1,0) size 212x12
      text run at (1,0) width 212: "12,345,678,901,234,600,000,000,000,000"
layer at (16,152) size 106x13 scrollWidth 236
  RenderBlock {DIV} at (3,3) size 106x13
    RenderText {#text} at (1,0) size 234x13
      text run at (1,0) width 234: "12,345,678,901,234,600,000,000,000,000"
layer at (16,175) size 92x13 scrollWidth 236
  RenderBlock {DIV} at (3,3) size 92x13
    RenderText {#text} at (1,0) size 234x13
      text run at (1,0) width 234: "12,345,678,901,234,600,000,000,000,000"
layer at (16,198) size 108x15 scrollWidth 257
  RenderBlock {DIV} at (3,3) size 108x15
    RenderText {#text} at (1,0) size 255x15
      text run at (1,0) width 255: "12,345,678,901,234,600,000,000,000,000"
layer at (16,223) size 93x15 scrollWidth 257
  RenderBlock {DIV} at (3,3) size 93x15
    RenderText {#text} at (1,0) size 255x15
      text run at (1,0) width 255: "12,345,678,901,234,600,000,000,000,000"
layer at (16,248) size 127x16 scrollWidth 278
  RenderBlock {DIV} at (3,3) size 127x16
    RenderText {#text} at (1,0) size 276x16
      text run at (1,0) width 276: "12,345,678,901,234,600,000,000,000,000"
layer at (16,274) size 111x16 scrollWidth 278
  RenderBlock {DIV} at (3,3) size 111x16
    RenderText {#text} at (1,0) size 276x16
      text run at (1,0) width 276: "12,345,678,901,234,600,000,000,000,000"
layer at (16,300) size 129x17 scrollWidth 299
  RenderBlock {DIV} at (3,3) size 129x17
    RenderText {#text} at (1,0) size 297x17
      text run at (1,0) width 297: "12,345,678,901,234,600,000,000,000,000"
layer at (16,327) size 112x17 scrollWidth 299
  RenderBlock {DIV} at (3,3) size 112x17
    RenderText {#text} at (1,0) size 297x17
      text run at (1,0) width 297: "12,345,678,901,234,600,000,000,000,000"
layer at (174,53) size 149x18 scrollWidth 320
  RenderBlock {DIV} at (3,3) size 149x18
    RenderText {#text} at (1,0) size 318x18
      text run at (1,0) width 318: "12,345,678,901,234,600,000,000,000,000"
layer at (174,81) size 131x18 scrollWidth 320
  RenderBlock {DIV} at (3,3) size 131x18
    RenderText {#text} at (1,0) size 318x18
      text run at (1,0) width 318: "12,345,678,901,234,600,000,000,000,000"
layer at (174,109) size 151x18 scrollWidth 341
  RenderBlock {DIV} at (3,3) size 151x18
    RenderText {#text} at (1,0) size 339x18
      text run at (1,0) width 339: "12,345,678,901,234,600,000,000,000,000"
layer at (174,137) size 131x18 scrollWidth 341
  RenderBlock {DIV} at (3,3) size 131x18
    RenderText {#text} at (1,0) size 339x18
      text run at (1,0) width 339: "12,345,678,901,234,600,000,000,000,000"
layer at (174,165) size 153x20 scrollWidth 363
  RenderBlock {DIV} at (3,3) size 153x20
    RenderText {#text} at (1,0) size 361x20
      text run at (1,0) width 361: "12,345,678,901,234,600,000,000,000,000"
layer at (174,195) size 132x20 scrollWidth 363
  RenderBlock {DIV} at (3,3) size 132x20
    RenderText {#text} at (1,0) size 361x20
      text run at (1,0) width 361: "12,345,678,901,234,600,000,000,000,000"
layer at (174,225) size 170x21 scrollWidth 384
  RenderBlock {DIV} at (3,3) size 170x21
    RenderText {#text} at (1,0) size 382x21
      text run at (1,0) width 382: "12,345,678,901,234,600,000,000,000,000"
layer at (174,256) size 148x21 scrollWidth 384
  RenderBlock {DIV} at (3,3) size 148x21
    RenderText {#text} at (1,0) size 382x21
      text run at (1,0) width 382: "12,345,678,901,234,600,000,000,000,000"
layer at (174,287) size 172x22 scrollWidth 405
  RenderBlock {DIV} at (3,3) size 172x22
    RenderText {#text} at (1,0) size 403x22
      text run at (1,0) width 403: "12,345,678,901,234,600,000,000,000,000"
layer at (174,319) size 149x22 scrollWidth 405
  RenderBlock {DIV} at (3,3) size 149x22
    RenderText {#text} at (1,0) size 403x22
      text run at (1,0) width 403: "12,345,678,901,234,600,000,000,000,000"
layer at (379,62) size 193x23 scrollWidth 426
  RenderBlock {DIV} at (3,3) size 193x23
    RenderText {#text} at (1,0) size 424x23
      text run at (1,0) width 424: "12,345,678,901,234,600,000,000,000,000"
layer at (379,95) size 168x23 scrollWidth 426
  RenderBlock {DIV} at (3,3) size 168x23
    RenderText {#text} at (1,0) size 424x23
      text run at (1,0) width 424: "12,345,678,901,234,600,000,000,000,000"
layer at (379,128) size 195x24 scrollWidth 447
  RenderBlock {DIV} at (3,3) size 195x24
    RenderText {#text} at (1,0) size 445x24
      text run at (1,0) width 445: "12,345,678,901,234,600,000,000,000,000"
layer at (379,162) size 169x24 scrollWidth 447
  RenderBlock {DIV} at (3,3) size 169x24
    RenderText {#text} at (1,0) size 445x24
      text run at (1,0) width 445: "12,345,678,901,234,600,000,000,000,000"
layer at (379,196) size 216x26 scrollWidth 469
  RenderBlock {DIV} at (3,3) size 216x26
    RenderText {#text} at (1,0) size 467x26
      text run at (1,0) width 467: "12,345,678,901,234,600,000,000,000,000"
layer at (379,232) size 189x26 scrollWidth 469
  RenderBlock {DIV} at (3,3) size 189x26
    RenderText {#text} at (1,0) size 467x26
      text run at (1,0) width 467: "12,345,678,901,234,600,000,000,000,000"
layer at (379,268) size 218x27 scrollWidth 490
  RenderBlock {DIV} at (3,3) size 218x27
    RenderText {#text} at (1,0) size 488x27
      text run at (1,0) width 488: "12,345,678,901,234,600,000,000,000,000"
layer at (379,305) size 190x27 scrollWidth 490
  RenderBlock {DIV} at (3,3) size 190x27
    RenderText {#text} at (1,0) size 488x27
      text run at (1,0) width 488: "12,345,678,901,234,600,000,000,000,000"
layer at (96,47) size 13x12
  RenderBlock (relative positioned) {DIV} at (85,2) size 13x12
layer at (96,63) size 13x12
  RenderBlock (relative positioned) {DIV} at (85,2) size 13x12
layer at (98,79) size 13x13
  RenderBlock (relative positioned) {DIV} at (87,2) size 13x13
layer at (98,96) size 13x13
  RenderBlock (relative positioned) {DIV} at (87,2) size 13x13
layer at (100,113) size 13x14
  RenderBlock (relative positioned) {DIV} at (89,2) size 13x14
layer at (100,131) size 13x14
  RenderBlock (relative positioned) {DIV} at (89,2) size 13x14
layer at (123,151) size 13x15
  RenderBlock (relative positioned) {DIV} at (110,2) size 13x15
layer at (123,174) size 13x15
  RenderBlock (relative positioned) {DIV} at (110,2) size 13x15
layer at (125,197) size 13x17
  RenderBlock (relative positioned) {DIV} at (112,2) size 13x17
layer at (125,222) size 13x17
  RenderBlock (relative positioned) {DIV} at (112,2) size 13x17
layer at (144,247) size 15x18
  RenderBlock (relative positioned) {DIV} at (131,2) size 15x18
layer at (144,273) size 15x18
  RenderBlock (relative positioned) {DIV} at (131,2) size 15x18
layer at (146,299) size 15x19
  RenderBlock (relative positioned) {DIV} at (133,2) size 15x19
layer at (146,326) size 15x19
  RenderBlock (relative positioned) {DIV} at (133,2) size 15x19
layer at (324,52) size 15x20
  RenderBlock (relative positioned) {DIV} at (153,2) size 15x20
layer at (324,80) size 15x20
  RenderBlock (relative positioned) {DIV} at (153,2) size 15x20
layer at (326,108) size 15x20
  RenderBlock (relative positioned) {DIV} at (155,2) size 15x20
layer at (326,136) size 15x20
  RenderBlock (relative positioned) {DIV} at (155,2) size 15x20
layer at (328,164) size 15x22
  RenderBlock (relative positioned) {DIV} at (157,2) size 15x22
layer at (328,194) size 15x22
  RenderBlock (relative positioned) {DIV} at (157,2) size 15x22
layer at (345,224) size 19x23
  RenderBlock (relative positioned) {DIV} at (174,2) size 19x23
layer at (345,255) size 19x23
  RenderBlock (relative positioned) {DIV} at (174,2) size 19x23
layer at (347,286) size 19x24
  RenderBlock (relative positioned) {DIV} at (176,2) size 19x24
layer at (347,318) size 19x24
  RenderBlock (relative positioned) {DIV} at (176,2) size 19x24
layer at (573,61) size 19x25
  RenderBlock (relative positioned) {DIV} at (197,2) size 19x25
layer at (573,94) size 19x25
  RenderBlock (relative positioned) {DIV} at (197,2) size 19x25
layer at (575,127) size 19x26
  RenderBlock (relative positioned) {DIV} at (199,2) size 19x26
layer at (575,161) size 19x26
  RenderBlock (relative positioned) {DIV} at (199,2) size 19x26
layer at (596,195) size 19x28
  RenderBlock (relative positioned) {DIV} at (220,2) size 19x28
layer at (596,231) size 19x28
  RenderBlock (relative positioned) {DIV} at (220,2) size 19x28
layer at (598,267) size 19x29
  RenderBlock (relative positioned) {DIV} at (222,2) size 19x29
layer at (598,304) size 19x29
  RenderBlock (relative positioned) {DIV} at (222,2) size 19x29
