layer at (0,0) size 800x600
  RenderView at (0,0) size 800x600
layer at (0,0) size 800x600
  RenderBlock {HTML} at (0,0) size 800x600
    RenderBody {BODY} at (8,8) size 784x584
      RenderBlock {P} at (0,0) size 784x18
        RenderText {#text} at (0,0) size 414x18
          text run at (0,0) width 414: "Test appearances of input-speech-button in <input type='search'>."
      RenderBlock {DIV} at (0,34) size 784x0
      RenderBlock {DIV} at (0,34) size 784x435
        RenderTable {TABLE} at (0,0) size 441x435
          RenderTableSection {TBODY} at (0,0) size 441x435
            RenderTableRow {TR} at (0,2) size 441x431
              RenderTableCell {TD} at (2,2) size 129x431 [r=0 c=0 rs=1 cs=1]
                RenderBlock {DIV} at (1,1) size 127x429
                  RenderTextControl {INPUT} at (0,0) size 100x17 [bgcolor=#FFFFFF] [border: (2px inset #000000)]
                    RenderDeprecatedFlexibleBox {DIV} at (3,3) size 94x11
                      RenderBlock {DIV} at (0,1) size 8x9
                      RenderBlock {DIV} at (8,0) size 62x11
                      RenderBlock {DIV} at (70,1) size 13x9
                      RenderBlock {DIV} at (83,0) size 11x11
                  RenderBR {BR} at (100,12) size 0x0
                  RenderTextControl {INPUT} at (0,17) size 100x17 [bgcolor=#FFFFFF] [border: (2px inset #000000)]
                    RenderDeprecatedFlexibleBox {DIV} at (3,3) size 94x11
                      RenderBlock {DIV} at (0,1) size 8x9
                      RenderBlock {DIV} at (8,0) size 73x11
                      RenderBlock {DIV} at (81,1) size 13x9
                  RenderBR {BR} at (100,29) size 0x0
                  RenderTextControl {INPUT} at (0,34) size 100x17 [bgcolor=#FFFFFF] [border: (2px inset #000000)]
                    RenderDeprecatedFlexibleBox {DIV} at (3,3) size 94x11
                      RenderBlock {DIV} at (0,1) size 8x9
                      RenderBlock {DIV} at (8,0) size 62x11
                      RenderBlock {DIV} at (70,1) size 13x9
                      RenderBlock {DIV} at (83,0) size 11x11
                  RenderBR {BR} at (100,46) size 0x0
                  RenderTextControl {INPUT} at (0,51) size 100x17 [bgcolor=#FFFFFF] [border: (2px inset #000000)]
                    RenderDeprecatedFlexibleBox {DIV} at (3,3) size 94x11
                      RenderBlock {DIV} at (0,1) size 8x9
                      RenderBlock {DIV} at (8,0) size 62x11
                      RenderBlock {DIV} at (70,1) size 13x9
                      RenderBlock {DIV} at (83,0) size 11x11
                  RenderBR {BR} at (100,63) size 0x0
                  RenderTextControl {INPUT} at (0,68) size 100x17 [bgcolor=#FFFFFF] [border: (2px inset #000000)]
                    RenderDeprecatedFlexibleBox {DIV} at (3,3) size 94x11
                      RenderBlock {DIV} at (0,1) size 8x9
                      RenderBlock {DIV} at (8,0) size 73x11
                      RenderBlock {DIV} at (81,1) size 13x9
                  RenderBR {BR} at (100,80) size 0x0
                  RenderTextControl {INPUT} at (0,85) size 100x17 [bgcolor=#FFFFFF] [border: (2px inset #000000)]
                    RenderDeprecatedFlexibleBox {DIV} at (3,3) size 94x11
                      RenderBlock {DIV} at (0,1) size 8x9
                      RenderBlock {DIV} at (8,0) size 62x11
                      RenderBlock {DIV} at (70,1) size 13x9
                      RenderBlock {DIV} at (83,0) size 11x11
                  RenderBR {BR} at (100,97) size 0x0
                  RenderTextControl {INPUT} at (0,102) size 100x17 [bgcolor=#FFFFFF] [border: (2px inset #000000)]
                    RenderDeprecatedFlexibleBox {DIV} at (3,3) size 94x11
                      RenderBlock {DIV} at (0,1) size 8x9
                      RenderBlock {DIV} at (8,0) size 62x11
                      RenderBlock {DIV} at (70,1) size 13x9
                      RenderBlock {DIV} at (83,0) size 11x11
                  RenderBR {BR} at (100,114) size 0x0
                  RenderTextControl {INPUT} at (0,119) size 100x17 [bgcolor=#FFFFFF] [border: (2px inset #000000)]
                    RenderDeprecatedFlexibleBox {DIV} at (3,3) size 94x11
                      RenderBlock {DIV} at (0,1) size 8x9
                      RenderBlock {DIV} at (8,0) size 73x11
                      RenderBlock {DIV} at (81,1) size 13x9
                  RenderBR {BR} at (100,131) size 0x0
                  RenderTextControl {INPUT} at (0,136) size 100x17 [bgcolor=#FFFFFF] [border: (2px inset #000000)]
                    RenderDeprecatedFlexibleBox {DIV} at (3,3) size 94x11
                      RenderBlock {DIV} at (0,1) size 8x9
                      RenderBlock {DIV} at (8,0) size 62x11
                      RenderBlock {DIV} at (70,1) size 13x9
                      RenderBlock {DIV} at (83,0) size 11x11
                  RenderBR {BR} at (100,148) size 0x0
                  RenderTextControl {INPUT} at (2,155) size 123x19 [bgcolor=#FFFFFF] [border: (2px inset #000000)]
                    RenderDeprecatedFlexibleBox {DIV} at (3,1) size 117x15
                      RenderBlock {DIV} at (0,1) size 8x12
                      RenderBlock {DIV} at (8,0) size 82x14
                      RenderBlock {DIV} at (90,1) size 13x12
                      RenderBlock {DIV} at (103,0) size 14x14
                  RenderBR {BR} at (127,168) size 0x0
                  RenderTextControl {INPUT} at (2,178) size 123x19 [bgcolor=#FFFFFF] [border: (2px inset #000000)]
                    RenderDeprecatedFlexibleBox {DIV} at (3,3) size 117x13
                      RenderBlock {DIV} at (0,1) size 8x11
                      RenderBlock {DIV} at (8,0) size 96x13
                      RenderBlock {DIV} at (104,1) size 13x11
                  RenderBR {BR} at (127,192) size 0x0
                  RenderTextControl {INPUT} at (2,201) size 123x19 [bgcolor=#FFFFFF] [border: (2px inset #000000)]
                    RenderDeprecatedFlexibleBox {DIV} at (3,1) size 117x15
                      RenderBlock {DIV} at (0,1) size 8x12
                      RenderBlock {DIV} at (8,0) size 82x14
                      RenderBlock {DIV} at (90,1) size 13x12
                      RenderBlock {DIV} at (103,0) size 14x14
                  RenderBR {BR} at (127,214) size 0x0
                  RenderTextControl {INPUT} at (2,224) size 123x19 [bgcolor=#FFFFFF] [border: (2px inset #000000)]
                    RenderDeprecatedFlexibleBox {DIV} at (3,1) size 117x15
                      RenderBlock {DIV} at (0,1) size 8x12
                      RenderBlock {DIV} at (8,0) size 82x14
                      RenderBlock {DIV} at (90,1) size 13x12
                      RenderBlock {DIV} at (103,0) size 14x14
                  RenderBR {BR} at (127,237) size 0x0
                  RenderTextControl {INPUT} at (2,247) size 123x19 [bgcolor=#FFFFFF] [border: (2px inset #000000)]
                    RenderDeprecatedFlexibleBox {DIV} at (3,3) size 117x13
                      RenderBlock {DIV} at (0,1) size 8x11
                      RenderBlock {DIV} at (8,0) size 96x13
                      RenderBlock {DIV} at (104,1) size 13x11
                  RenderBR {BR} at (127,261) size 0x0
                  RenderTextControl {INPUT} at (2,270) size 123x19 [bgcolor=#FFFFFF] [border: (2px inset #000000)]
                    RenderDeprecatedFlexibleBox {DIV} at (3,1) size 117x15
                      RenderBlock {DIV} at (0,1) size 8x12
                      RenderBlock {DIV} at (8,0) size 82x14
                      RenderBlock {DIV} at (90,1) size 13x12
                      RenderBlock {DIV} at (103,0) size 14x14
                  RenderBR {BR} at (127,283) size 0x0
                  RenderTextControl {INPUT} at (2,293) size 123x19 [bgcolor=#FFFFFF] [border: (2px inset #000000)]
                    RenderDeprecatedFlexibleBox {DIV} at (3,1) size 117x15
                      RenderBlock {DIV} at (0,1) size 8x12
                      RenderBlock {DIV} at (8,0) size 82x14
                      RenderBlock {DIV} at (90,1) size 13x12
                      RenderBlock {DIV} at (103,0) size 14x14
                  RenderBR {BR} at (127,306) size 0x0
                  RenderTextControl {INPUT} at (2,316) size 123x19 [bgcolor=#FFFFFF] [border: (2px inset #000000)]
                    RenderDeprecatedFlexibleBox {DIV} at (3,3) size 117x13
                      RenderBlock {DIV} at (0,1) size 8x11
                      RenderBlock {DIV} at (8,0) size 96x13
                      RenderBlock {DIV} at (104,1) size 13x11
                  RenderBR {BR} at (127,330) size 0x0
                  RenderTextControl {INPUT} at (2,339) size 123x19 [bgcolor=#FFFFFF] [border: (2px inset #000000)]
                    RenderDeprecatedFlexibleBox {DIV} at (3,1) size 117x15
                      RenderBlock {DIV} at (0,1) size 8x12
                      RenderBlock {DIV} at (8,0) size 82x14
                      RenderBlock {DIV} at (90,1) size 13x12
                      RenderBlock {DIV} at (103,0) size 14x14
                  RenderBR {BR} at (127,352) size 0x0
                  RenderTextControl {INPUT} at (2,362) size 123x19 [bgcolor=#FFFFFF] [border: (2px inset #000000)]
                    RenderDeprecatedFlexibleBox {DIV} at (3,1) size 117x15
                      RenderBlock {DIV} at (0,1) size 8x12
                      RenderBlock {DIV} at (8,0) size 82x14
                      RenderBlock {DIV} at (90,1) size 13x12
                      RenderBlock {DIV} at (103,0) size 14x14
                  RenderBR {BR} at (127,375) size 0x0
                  RenderTextControl {INPUT} at (2,385) size 123x19 [bgcolor=#FFFFFF] [border: (2px inset #000000)]
                    RenderDeprecatedFlexibleBox {DIV} at (3,3) size 117x13
                      RenderBlock {DIV} at (0,1) size 8x11
                      RenderBlock {DIV} at (8,0) size 96x13
                      RenderBlock {DIV} at (104,1) size 13x11
                  RenderBR {BR} at (127,399) size 0x0
                  RenderTextControl {INPUT} at (2,408) size 123x19 [bgcolor=#FFFFFF] [border: (2px inset #000000)]
                    RenderDeprecatedFlexibleBox {DIV} at (3,1) size 117x15
                      RenderBlock {DIV} at (0,1) size 8x12
                      RenderBlock {DIV} at (8,0) size 82x14
                      RenderBlock {DIV} at (90,1) size 13x12
                      RenderBlock {DIV} at (103,0) size 14x14
                  RenderBR {BR} at (127,421) size 0x0
              RenderTableCell {TD} at (133,26) size 152x383 [r=0 c=1 rs=1 cs=1]
                RenderBlock {DIV} at (1,1) size 150x381
                  RenderTextControl {INPUT} at (2,2) size 123x19 [bgcolor=#FFFFFF] [border: (2px inset #000000)]
                    RenderDeprecatedFlexibleBox {DIV} at (3,1) size 117x15
                      RenderBlock {DIV} at (0,1) size 8x12
                      RenderBlock {DIV} at (8,0) size 82x14
                      RenderBlock {DIV} at (90,1) size 13x12
                      RenderBlock {DIV} at (103,0) size 14x14
                  RenderBR {BR} at (127,15) size 0x0
                  RenderTextControl {INPUT} at (2,25) size 123x19 [bgcolor=#FFFFFF] [border: (2px inset #000000)]
                    RenderDeprecatedFlexibleBox {DIV} at (3,3) size 117x13
                      RenderBlock {DIV} at (0,1) size 8x11
                      RenderBlock {DIV} at (8,0) size 96x13
                      RenderBlock {DIV} at (104,1) size 13x11
                  RenderBR {BR} at (127,39) size 0x0
                  RenderTextControl {INPUT} at (2,48) size 123x19 [bgcolor=#FFFFFF] [border: (2px inset #000000)]
                    RenderDeprecatedFlexibleBox {DIV} at (3,1) size 117x15
                      RenderBlock {DIV} at (0,1) size 8x12
                      RenderBlock {DIV} at (8,0) size 82x14
                      RenderBlock {DIV} at (90,1) size 13x12
                      RenderBlock {DIV} at (103,0) size 14x14
                  RenderBR {BR} at (127,61) size 0x0
                  RenderTextControl {INPUT} at (2,71) size 146x22 [bgcolor=#FFFFFF] [border: (2px inset #000000)]
                    RenderDeprecatedFlexibleBox {DIV} at (3,3) size 140x16
                      RenderBlock {DIV} at (0,1) size 10x14
                      RenderBlock {DIV} at (10,0) size 98x16
                      RenderBlock {DIV} at (108,1) size 16x14
                      RenderBlock {DIV} at (124,0) size 16x16
                  RenderBR {BR} at (150,87) size 0x0
                  RenderTextControl {INPUT} at (2,97) size 146x22 [bgcolor=#FFFFFF] [border: (2px inset #000000)]
                    RenderDeprecatedFlexibleBox {DIV} at (3,3) size 140x16
                      RenderBlock {DIV} at (0,1) size 10x14
                      RenderBlock {DIV} at (10,0) size 114x16
                      RenderBlock {DIV} at (124,1) size 16x14
                  RenderBR {BR} at (150,113) size 0x0
                  RenderTextControl {INPUT} at (2,123) size 146x22 [bgcolor=#FFFFFF] [border: (2px inset #000000)]
                    RenderDeprecatedFlexibleBox {DIV} at (3,3) size 140x16
                      RenderBlock {DIV} at (0,1) size 10x14
                      RenderBlock {DIV} at (10,0) size 98x16
                      RenderBlock {DIV} at (108,1) size 16x14
                      RenderBlock {DIV} at (124,0) size 16x16
                  RenderBR {BR} at (150,139) size 0x0
                  RenderTextControl {INPUT} at (2,149) size 146x22 [bgcolor=#FFFFFF] [border: (2px inset #000000)]
                    RenderDeprecatedFlexibleBox {DIV} at (3,3) size 140x16
                      RenderBlock {DIV} at (0,1) size 10x14
                      RenderBlock {DIV} at (10,0) size 98x16
                      RenderBlock {DIV} at (108,1) size 16x14
                      RenderBlock {DIV} at (124,0) size 16x16
                  RenderBR {BR} at (150,165) size 0x0
                  RenderTextControl {INPUT} at (2,175) size 146x22 [bgcolor=#FFFFFF] [border: (2px inset #000000)]
                    RenderDeprecatedFlexibleBox {DIV} at (3,3) size 140x16
                      RenderBlock {DIV} at (0,1) size 10x14
                      RenderBlock {DIV} at (10,0) size 114x16
                      RenderBlock {DIV} at (124,1) size 16x14
                  RenderBR {BR} at (150,191) size 0x0
                  RenderTextControl {INPUT} at (2,201) size 146x22 [bgcolor=#FFFFFF] [border: (2px inset #000000)]
                    RenderDeprecatedFlexibleBox {DIV} at (3,3) size 140x16
                      RenderBlock {DIV} at (0,1) size 10x14
                      RenderBlock {DIV} at (10,0) size 98x16
                      RenderBlock {DIV} at (108,1) size 16x14
                      RenderBlock {DIV} at (124,0) size 16x16
                  RenderBR {BR} at (150,217) size 0x0
                  RenderTextControl {INPUT} at (2,227) size 146x22 [bgcolor=#FFFFFF] [border: (2px inset #000000)]
                    RenderDeprecatedFlexibleBox {DIV} at (3,3) size 140x16
                      RenderBlock {DIV} at (0,1) size 10x14
                      RenderBlock {DIV} at (10,0) size 98x16
                      RenderBlock {DIV} at (108,1) size 16x14
                      RenderBlock {DIV} at (124,0) size 16x16
                  RenderBR {BR} at (150,243) size 0x0
                  RenderTextControl {INPUT} at (2,253) size 146x22 [bgcolor=#FFFFFF] [border: (2px inset #000000)]
                    RenderDeprecatedFlexibleBox {DIV} at (3,3) size 140x16
                      RenderBlock {DIV} at (0,1) size 10x14
                      RenderBlock {DIV} at (10,0) size 114x16
                      RenderBlock {DIV} at (124,1) size 16x14
                  RenderBR {BR} at (150,269) size 0x0
                  RenderTextControl {INPUT} at (2,279) size 146x22 [bgcolor=#FFFFFF] [border: (2px inset #000000)]
                    RenderDeprecatedFlexibleBox {DIV} at (3,3) size 140x16
                      RenderBlock {DIV} at (0,1) size 10x14
                      RenderBlock {DIV} at (10,0) size 98x16
                      RenderBlock {DIV} at (108,1) size 16x14
                      RenderBlock {DIV} at (124,0) size 16x16
                  RenderBR {BR} at (150,295) size 0x0
                  RenderTextControl {INPUT} at (2,305) size 146x22 [bgcolor=#FFFFFF] [border: (2px inset #000000)]
                    RenderDeprecatedFlexibleBox {DIV} at (3,3) size 140x16
                      RenderBlock {DIV} at (0,1) size 10x14
                      RenderBlock {DIV} at (10,0) size 98x16
                      RenderBlock {DIV} at (108,1) size 16x14
                      RenderBlock {DIV} at (124,0) size 16x16
                  RenderBR {BR} at (150,321) size 0x0
                  RenderTextControl {INPUT} at (2,331) size 146x22 [bgcolor=#FFFFFF] [border: (2px inset #000000)]
                    RenderDeprecatedFlexibleBox {DIV} at (3,3) size 140x16
                      RenderBlock {DIV} at (0,1) size 10x14
                      RenderBlock {DIV} at (10,0) size 114x16
                      RenderBlock {DIV} at (124,1) size 16x14
                  RenderBR {BR} at (150,347) size 0x0
                  RenderTextControl {INPUT} at (2,357) size 146x22 [bgcolor=#FFFFFF] [border: (2px inset #000000)]
                    RenderDeprecatedFlexibleBox {DIV} at (3,3) size 140x16
                      RenderBlock {DIV} at (0,1) size 10x14
                      RenderBlock {DIV} at (10,0) size 98x16
                      RenderBlock {DIV} at (108,1) size 16x14
                      RenderBlock {DIV} at (124,0) size 16x16
                  RenderBR {BR} at (150,373) size 0x0
              RenderTableCell {TD} at (287,60) size 152x314 [r=0 c=2 rs=1 cs=1]
                RenderBlock {DIV} at (1,1) size 150x312
                  RenderTextControl {INPUT} at (2,2) size 146x22 [bgcolor=#FFFFFF] [border: (2px inset #000000)]
                    RenderDeprecatedFlexibleBox {DIV} at (3,3) size 140x16
                      RenderBlock {DIV} at (0,1) size 10x14
                      RenderBlock {DIV} at (10,0) size 98x16
                      RenderBlock {DIV} at (108,1) size 16x14
                      RenderBlock {DIV} at (124,0) size 16x16
                  RenderBR {BR} at (150,18) size 0x0
                  RenderTextControl {INPUT} at (2,28) size 146x22 [bgcolor=#FFFFFF] [border: (2px inset #000000)]
                    RenderDeprecatedFlexibleBox {DIV} at (3,3) size 140x16
                      RenderBlock {DIV} at (0,1) size 10x14
                      RenderBlock {DIV} at (10,0) size 114x16
                      RenderBlock {DIV} at (124,1) size 16x14
                  RenderBR {BR} at (150,44) size 0x0
                  RenderTextControl {INPUT} at (2,54) size 146x22 [bgcolor=#FFFFFF] [border: (2px inset #000000)]
                    RenderDeprecatedFlexibleBox {DIV} at (3,3) size 140x16
                      RenderBlock {DIV} at (0,1) size 10x14
                      RenderBlock {DIV} at (10,0) size 98x16
                      RenderBlock {DIV} at (108,1) size 16x14
                      RenderBlock {DIV} at (124,0) size 16x16
                  RenderBR {BR} at (150,70) size 0x0
                  RenderTextControl {INPUT} at (2,80) size 146x22 [bgcolor=#FFFFFF] [border: (2px inset #000000)]
                    RenderDeprecatedFlexibleBox {DIV} at (3,3) size 140x16
                      RenderBlock {DIV} at (0,1) size 10x14
                      RenderBlock {DIV} at (10,0) size 98x16
                      RenderBlock {DIV} at (108,1) size 16x14
                      RenderBlock {DIV} at (124,0) size 16x16
                  RenderBR {BR} at (150,96) size 0x0
                  RenderTextControl {INPUT} at (2,106) size 146x22 [bgcolor=#FFFFFF] [border: (2px inset #000000)]
                    RenderDeprecatedFlexibleBox {DIV} at (3,3) size 140x16
                      RenderBlock {DIV} at (0,1) size 10x14
                      RenderBlock {DIV} at (10,0) size 114x16
                      RenderBlock {DIV} at (124,1) size 16x14
                  RenderBR {BR} at (150,122) size 0x0
                  RenderTextControl {INPUT} at (2,132) size 146x22 [bgcolor=#FFFFFF] [border: (2px inset #000000)]
                    RenderDeprecatedFlexibleBox {DIV} at (3,3) size 140x16
                      RenderBlock {DIV} at (0,1) size 10x14
                      RenderBlock {DIV} at (10,0) size 98x16
                      RenderBlock {DIV} at (108,1) size 16x14
                      RenderBlock {DIV} at (124,0) size 16x16
                  RenderBR {BR} at (150,148) size 0x0
                  RenderTextControl {INPUT} at (2,158) size 146x22 [bgcolor=#FFFFFF] [border: (2px inset #000000)]
                    RenderDeprecatedFlexibleBox {DIV} at (3,3) size 140x16
                      RenderBlock {DIV} at (0,1) size 10x14
                      RenderBlock {DIV} at (10,0) size 98x16
                      RenderBlock {DIV} at (108,1) size 16x14
                      RenderBlock {DIV} at (124,0) size 16x16
                  RenderBR {BR} at (150,174) size 0x0
                  RenderTextControl {INPUT} at (2,184) size 146x22 [bgcolor=#FFFFFF] [border: (2px inset #000000)]
                    RenderDeprecatedFlexibleBox {DIV} at (3,3) size 140x16
                      RenderBlock {DIV} at (0,1) size 10x14
                      RenderBlock {DIV} at (10,0) size 114x16
                      RenderBlock {DIV} at (124,1) size 16x14
                  RenderBR {BR} at (150,200) size 0x0
                  RenderTextControl {INPUT} at (2,210) size 146x22 [bgcolor=#FFFFFF] [border: (2px inset #000000)]
                    RenderDeprecatedFlexibleBox {DIV} at (3,3) size 140x16
                      RenderBlock {DIV} at (0,1) size 10x14
                      RenderBlock {DIV} at (10,0) size 98x16
                      RenderBlock {DIV} at (108,1) size 16x14
                      RenderBlock {DIV} at (124,0) size 16x16
                  RenderBR {BR} at (150,226) size 0x0
                  RenderTextControl {INPUT} at (2,236) size 146x22 [bgcolor=#FFFFFF] [border: (2px inset #000000)]
                    RenderDeprecatedFlexibleBox {DIV} at (3,3) size 140x16
                      RenderBlock {DIV} at (0,1) size 10x14
                      RenderBlock {DIV} at (10,0) size 98x16
                      RenderBlock {DIV} at (108,1) size 16x14
                      RenderBlock {DIV} at (124,0) size 16x16
                  RenderBR {BR} at (150,252) size 0x0
                  RenderTextControl {INPUT} at (2,262) size 146x22 [bgcolor=#FFFFFF] [border: (2px inset #000000)]
                    RenderDeprecatedFlexibleBox {DIV} at (3,3) size 140x16
                      RenderBlock {DIV} at (0,1) size 10x14
                      RenderBlock {DIV} at (10,0) size 114x16
                      RenderBlock {DIV} at (124,1) size 16x14
                  RenderBR {BR} at (150,278) size 0x0
                  RenderTextControl {INPUT} at (2,288) size 146x22 [bgcolor=#FFFFFF] [border: (2px inset #000000)]
                    RenderDeprecatedFlexibleBox {DIV} at (3,3) size 140x16
                      RenderBlock {DIV} at (0,1) size 10x14
                      RenderBlock {DIV} at (10,0) size 98x16
                      RenderBlock {DIV} at (108,1) size 16x14
                      RenderBlock {DIV} at (124,0) size 16x16
                  RenderBR {BR} at (150,304) size 0x0
layer at (22,48) size 62x11
  RenderBlock {DIV} at (0,0) size 62x11
layer at (22,65) size 73x11 scrollWidth 172
  RenderBlock {DIV} at (0,0) size 73x11
    RenderText {#text} at (0,0) size 171x11
      text run at (0,0) width 171: "012345678901234567890123456789"
layer at (22,82) size 62x11 scrollWidth 172
  RenderBlock {DIV} at (0,0) size 62x11
    RenderText {#text} at (0,0) size 171x11
      text run at (0,0) width 171: "012345678901234567890123456789"
layer at (22,99) size 62x11
  RenderBlock {DIV} at (0,0) size 62x11
layer at (22,116) size 73x11 scrollWidth 172
  RenderBlock {DIV} at (0,0) size 73x11
    RenderText {#text} at (0,0) size 171x11
      text run at (0,0) width 171: "012345678901234567890123456789"
layer at (22,133) size 62x11 scrollWidth 172
  RenderBlock {DIV} at (0,0) size 62x11
    RenderText {#text} at (0,0) size 171x11
      text run at (0,0) width 171: "012345678901234567890123456789"
layer at (22,150) size 62x11
  RenderBlock {DIV} at (0,0) size 62x11
layer at (22,167) size 73x11 scrollWidth 172
  RenderBlock {DIV} at (0,0) size 73x11
    RenderText {#text} at (0,0) size 171x11
      text run at (0,0) width 171: "012345678901234567890123456789"
layer at (22,184) size 62x11 scrollWidth 172
  RenderBlock {DIV} at (0,0) size 62x11
    RenderText {#text} at (0,0) size 171x11
      text run at (0,0) width 171: "012345678901234567890123456789"
layer at (24,202) size 82x13
  RenderBlock {DIV} at (0,0) size 82x13
layer at (24,226) size 96x13 scrollWidth 210
  RenderBlock {DIV} at (0,0) size 96x13
    RenderText {#text} at (0,0) size 209x13
      text run at (0,0) width 209: "012345678901234567890123456789"
layer at (24,248) size 82x13 scrollWidth 210
  RenderBlock {DIV} at (0,0) size 82x13
    RenderText {#text} at (0,0) size 209x13
      text run at (0,0) width 209: "012345678901234567890123456789"
layer at (24,271) size 82x13
  RenderBlock {DIV} at (0,0) size 82x13
layer at (24,295) size 96x13 scrollWidth 210
  RenderBlock {DIV} at (0,0) size 96x13
    RenderText {#text} at (0,0) size 209x13
      text run at (0,0) width 209: "012345678901234567890123456789"
layer at (24,317) size 82x13 scrollWidth 210
  RenderBlock {DIV} at (0,0) size 82x13
    RenderText {#text} at (0,0) size 209x13
      text run at (0,0) width 209: "012345678901234567890123456789"
layer at (24,340) size 82x13
  RenderBlock {DIV} at (0,0) size 82x13
layer at (24,364) size 96x13 scrollWidth 210
  RenderBlock {DIV} at (0,0) size 96x13
    RenderText {#text} at (0,0) size 209x13
      text run at (0,0) width 209: "012345678901234567890123456789"
layer at (24,386) size 82x13 scrollWidth 210
  RenderBlock {DIV} at (0,0) size 82x13
    RenderText {#text} at (0,0) size 209x13
      text run at (0,0) width 209: "012345678901234567890123456789"
layer at (24,409) size 82x13
  RenderBlock {DIV} at (0,0) size 82x13
layer at (24,433) size 96x13 scrollWidth 210
  RenderBlock {DIV} at (0,0) size 96x13
    RenderText {#text} at (0,0) size 209x13
      text run at (0,0) width 209: "012345678901234567890123456789"
layer at (24,455) size 82x13 scrollWidth 210
  RenderBlock {DIV} at (0,0) size 82x13
    RenderText {#text} at (0,0) size 209x13
      text run at (0,0) width 209: "012345678901234567890123456789"
layer at (155,73) size 82x13
  RenderBlock {DIV} at (0,0) size 82x13
layer at (155,97) size 96x13 scrollWidth 210
  RenderBlock {DIV} at (0,0) size 96x13
    RenderText {#text} at (0,0) size 209x13
      text run at (0,0) width 209: "012345678901234567890123456789"
layer at (155,119) size 82x13 scrollWidth 210
  RenderBlock {DIV} at (0,0) size 82x13
    RenderText {#text} at (0,0) size 209x13
      text run at (0,0) width 209: "012345678901234567890123456789"
layer at (157,143) size 98x16
  RenderBlock {DIV} at (0,0) size 98x16
layer at (157,169) size 114x16 scrollWidth 248
  RenderBlock {DIV} at (0,0) size 114x16
    RenderText {#text} at (0,0) size 247x16
      text run at (0,0) width 247: "012345678901234567890123456789"
layer at (157,195) size 98x16 scrollWidth 248
  RenderBlock {DIV} at (0,0) size 98x16
    RenderText {#text} at (0,0) size 247x16
      text run at (0,0) width 247: "012345678901234567890123456789"
layer at (157,221) size 98x16
  RenderBlock {DIV} at (0,0) size 98x16
layer at (157,247) size 114x16 scrollWidth 248
  RenderBlock {DIV} at (0,0) size 114x16
    RenderText {#text} at (0,0) size 247x16
      text run at (0,0) width 247: "012345678901234567890123456789"
layer at (157,273) size 98x16 scrollWidth 248
  RenderBlock {DIV} at (0,0) size 98x16
    RenderText {#text} at (0,0) size 247x16
      text run at (0,0) width 247: "012345678901234567890123456789"
layer at (157,299) size 98x16
  RenderBlock {DIV} at (0,0) size 98x16
layer at (157,325) size 114x16 scrollWidth 248
  RenderBlock {DIV} at (0,0) size 114x16
    RenderText {#text} at (0,0) size 247x16
      text run at (0,0) width 247: "012345678901234567890123456789"
layer at (157,351) size 98x16 scrollWidth 248
  RenderBlock {DIV} at (0,0) size 98x16
    RenderText {#text} at (0,0) size 247x16
      text run at (0,0) width 247: "012345678901234567890123456789"
layer at (157,377) size 98x16
  RenderBlock {DIV} at (0,0) size 98x16
layer at (157,403) size 114x16 scrollWidth 248
  RenderBlock {DIV} at (0,0) size 114x16
    RenderText {#text} at (0,0) size 247x16
      text run at (0,0) width 247: "012345678901234567890123456789"
layer at (157,429) size 98x16 scrollWidth 248
  RenderBlock {DIV} at (0,0) size 98x16
    RenderText {#text} at (0,0) size 247x16
      text run at (0,0) width 247: "012345678901234567890123456789"
layer at (311,108) size 98x16
  RenderBlock {DIV} at (0,0) size 98x16
layer at (311,134) size 114x16 scrollWidth 248
  RenderBlock {DIV} at (0,0) size 114x16
    RenderText {#text} at (0,0) size 247x16
      text run at (0,0) width 247: "012345678901234567890123456789"
layer at (311,160) size 98x16 scrollWidth 248
  RenderBlock {DIV} at (0,0) size 98x16
    RenderText {#text} at (0,0) size 247x16
      text run at (0,0) width 247: "012345678901234567890123456789"
layer at (311,186) size 98x16
  RenderBlock {DIV} at (0,0) size 98x16
layer at (311,212) size 114x16 scrollWidth 248
  RenderBlock {DIV} at (0,0) size 114x16
    RenderText {#text} at (0,0) size 247x16
      text run at (0,0) width 247: "012345678901234567890123456789"
layer at (311,238) size 98x16 scrollWidth 248
  RenderBlock {DIV} at (0,0) size 98x16
    RenderText {#text} at (0,0) size 247x16
      text run at (0,0) width 247: "012345678901234567890123456789"
layer at (311,264) size 98x16
  RenderBlock {DIV} at (0,0) size 98x16
layer at (311,290) size 114x16 scrollWidth 248
  RenderBlock {DIV} at (0,0) size 114x16
    RenderText {#text} at (0,0) size 247x16
      text run at (0,0) width 247: "012345678901234567890123456789"
layer at (311,316) size 98x16 scrollWidth 248
  RenderBlock {DIV} at (0,0) size 98x16
    RenderText {#text} at (0,0) size 247x16
      text run at (0,0) width 247: "012345678901234567890123456789"
layer at (311,342) size 98x16
  RenderBlock {DIV} at (0,0) size 98x16
layer at (311,368) size 114x16 scrollWidth 248
  RenderBlock {DIV} at (0,0) size 114x16
    RenderText {#text} at (0,0) size 247x16
      text run at (0,0) width 247: "012345678901234567890123456789"
layer at (311,394) size 98x16 scrollWidth 248
  RenderBlock {DIV} at (0,0) size 98x16
    RenderText {#text} at (0,0) size 247x16
      text run at (0,0) width 247: "012345678901234567890123456789"
