layer at (0,0) size 800x600
  RenderView at (0,0) size 800x600
layer at (0,0) size 800x191
  RenderBlock {HTML} at (0,0) size 800x191
    RenderBody {BODY} at (8,16) size 784x159
      RenderBlock {DIV} at (0,0) size 784x159
        RenderBlock {P} at (0,0) size 784x19 [bgcolor=#00FF00]
          RenderText {#text} at (0,0) size 308x19
            text run at (0,0) width 308: "This paragraph should have a green background."
        RenderBlock {P} at (0,35) size 784x19
          RenderText {#text} at (0,0) size 202x19
            text run at (0,0) width 202: "But this one should be unstyled."
        RenderBlock {P} at (0,70) size 784x19
          RenderText {#text} at (0,0) size 236x19
            text run at (0,0) width 236: "And this one should also be unstyled."
        RenderBlock {ADDRESS} at (0,105) size 784x19 [bgcolor=#00FF00]
          RenderText {#text} at (0,0) size 675x19
            text run at (0,0) width 675: "This address is only here to fill some space between two paragraphs and should have a green background."
        RenderBlock {P} at (0,140) size 784x19 [bgcolor=#00FF00]
          RenderText {#text} at (0,0) size 332x19
            text run at (0,0) width 332: "This paragraph should have a green background too."
