layer at (0,0) size 800x921
  RenderView at (0,0) size 800x600
layer at (0,0) size 800x921
  RenderBlock {HTML} at (0,0) size 800x921
    RenderBody {BODY} at (8,8) size 784x905 [bgcolor=#CCCCCC]
      RenderBlock {P} at (0,0) size 784x20
        RenderText {#text} at (0,0) size 337x19
          text run at (0,0) width 337: "The style declarations which apply to the text below are:"
      RenderBlock {PRE} at (0,36) size 784x240
        RenderText {#text} at (0,0) size 336x240
          text run at (0,0) width 232: "/* This is a CSS1 comment. */"
          text run at (232,0) width 0: " "
          text run at (0,16) width 336: ".one {color: green;} /* Another comment */"
          text run at (336,16) width 0: " "
          text run at (0,32) width 288: "/* The following should not be used:"
          text run at (288,32) width 0: " "
          text run at (0,48) width 168: ".two {color: red;} */"
          text run at (168,48) width 0: " "
          text run at (0,64) width 320: ".three {color: green; /* color: red; */}"
          text run at (320,64) width 0: " "
          text run at (0,80) width 24: "/**"
          text run at (24,80) width 0: " "
          text run at (0,96) width 176: ".four {color: red;} */"
          text run at (176,96) width 0: " "
          text run at (0,112) width 168: ".five {color: green;}"
          text run at (168,112) width 0: " "
          text run at (0,128) width 32: "/**/"
          text run at (32,128) width 0: " "
          text run at (0,144) width 160: ".six {color: green;}"
          text run at (160,144) width 0: " "
          text run at (0,160) width 88: "/*********/"
          text run at (88,160) width 0: " "
          text run at (0,176) width 176: ".seven {color: green;}"
          text run at (176,176) width 0: " "
          text run at (0,192) width 128: "/* a comment **/"
          text run at (128,192) width 0: " "
          text run at (0,208) width 176: ".eight {color: green;}"
          text run at (176,208) width 0: " "
          text run at (0,224) width 0: " "
      RenderBlock {HR} at (0,289) size 784x2 [border: (1px inset #000000)]
      RenderBlock {P} at (0,307) size 784x20 [color=#008000]
        RenderText {#text} at (0,0) size 184x19
          text run at (0,0) width 184: "This sentence should be green."
      RenderBlock {P} at (0,343) size 784x20
        RenderText {#text} at (0,0) size 184x19
          text run at (0,0) width 184: "This sentence should be black."
      RenderBlock {P} at (0,379) size 784x20 [color=#008000]
        RenderText {#text} at (0,0) size 184x19
          text run at (0,0) width 184: "This sentence should be green."
      RenderBlock {P} at (0,415) size 784x20
        RenderText {#text} at (0,0) size 184x19
          text run at (0,0) width 184: "This sentence should be black."
      RenderBlock {P} at (0,451) size 784x20 [color=#008000]
        RenderText {#text} at (0,0) size 184x19
          text run at (0,0) width 184: "This sentence should be green."
      RenderBlock {P} at (0,487) size 784x20 [color=#008000]
        RenderText {#text} at (0,0) size 184x19
          text run at (0,0) width 184: "This sentence should be green."
      RenderBlock {P} at (0,523) size 784x20 [color=#008000]
        RenderText {#text} at (0,0) size 184x19
          text run at (0,0) width 184: "This sentence should be green."
      RenderBlock {P} at (0,559) size 784x20 [color=#008000]
        RenderText {#text} at (0,0) size 184x19
          text run at (0,0) width 184: "This sentence should be green."
      RenderTable {TABLE} at (0,595) size 206x310 [border: (1px outset #808080)]
        RenderTableSection {TBODY} at (1,1) size 204x308
          RenderTableRow {TR} at (0,0) size 204x28
            RenderTableCell {TD} at (0,0) size 204x28 [bgcolor=#C0C0C0] [border: (1px inset #808080)] [r=0 c=0 rs=1 cs=2]
              RenderInline {STRONG} at (0,0) size 159x19
                RenderText {#text} at (4,4) size 159x19
                  text run at (4,4) width 159: "TABLE Testing Section"
          RenderTableRow {TR} at (0,28) size 204x280
            RenderTableCell {TD} at (0,154) size 12x28 [bgcolor=#C0C0C0] [border: (1px inset #808080)] [r=1 c=0 rs=1 cs=1]
              RenderText {#text} at (4,4) size 4x19
                text run at (4,4) width 4: " "
            RenderTableCell {TD} at (12,28) size 192x280 [border: (1px inset #808080)] [r=1 c=1 rs=1 cs=1]
              RenderBlock {P} at (4,4) size 184x20 [color=#008000]
                RenderText {#text} at (0,0) size 184x19
                  text run at (0,0) width 184: "This sentence should be green."
              RenderBlock {P} at (4,40) size 184x20
                RenderText {#text} at (0,0) size 184x19
                  text run at (0,0) width 184: "This sentence should be black."
              RenderBlock {P} at (4,76) size 184x20 [color=#008000]
                RenderText {#text} at (0,0) size 184x19
                  text run at (0,0) width 184: "This sentence should be green."
              RenderBlock {P} at (4,112) size 184x20
                RenderText {#text} at (0,0) size 184x19
                  text run at (0,0) width 184: "This sentence should be black."
              RenderBlock {P} at (4,148) size 184x20 [color=#008000]
                RenderText {#text} at (0,0) size 184x19
                  text run at (0,0) width 184: "This sentence should be green."
              RenderBlock {P} at (4,184) size 184x20 [color=#008000]
                RenderText {#text} at (0,0) size 184x19
                  text run at (0,0) width 184: "This sentence should be green."
              RenderBlock {P} at (4,220) size 184x20 [color=#008000]
                RenderText {#text} at (0,0) size 184x19
                  text run at (0,0) width 184: "This sentence should be green."
              RenderBlock {P} at (4,256) size 184x20 [color=#008000]
                RenderText {#text} at (0,0) size 184x19
                  text run at (0,0) width 184: "This sentence should be green."
