layer at (0,0) size 800x600
  RenderView at (0,0) size 800x600
layer at (0,0) size 800x600
  RenderBlock {HTML} at (0,0) size 800x600
    RenderBody {BODY} at (8,8) size 784x584
      RenderDetails {DETAILS} at (0,0) size 784x148 [border: (8px solid #555599)]
        RenderSummary {SUMMARY} at (8,8) size 768x37 [border: (8px solid #9999CC)]
          RenderDetailsMarker {DIV} at (8,14) size 10x10: down
          RenderText {#text} at (24,8) size 69x21
            text run at (24,8) width 4: " "
            text run at (28,8) width 65: "summary"
        RenderDetails {DETAILS} at (8,45) size 768x74 [border: (8px solid #995555)]
          RenderSummary {SUMMARY} at (8,8) size 752x37 [border: (8px solid #CC9999)]
            RenderDetailsMarker {DIV} at (8,14) size 10x10: down
            RenderText {#text} at (24,8) size 300x21
              text run at (24,8) width 4: " "
              text run at (28,8) width 296: "nested summary (details-deails-summary)"
          RenderBlock (anonymous) at (8,45) size 752x21
            RenderText {#text} at (0,0) size 208x21
              text run at (0,0) width 208: "nested details (details-deails)"
        RenderBlock (anonymous) at (8,119) size 768x21
          RenderText {#text} at (0,0) size 47x21
            text run at (0,0) width 47: "details"
