layer at (0,0) size 800x600
  RenderView at (0,0) size 800x600
layer at (0,0) size 800x600
  RenderBlock {HTML} at (0,0) size 800x600
    RenderBody {BODY} at (8,8) size 784x584
      RenderDetails {DETAILS} at (0,0) size 784x21
        RenderSummary {SUMMARY} at (0,0) size 784x21
          RenderDetailsMarker {DIV} at (0,6) size 10x10: down
          RenderText {#text} at (16,0) size 4x21
            text run at (16,0) width 4: " "
          RenderBlock {SPAN} at (20,3) size 47x17
            RenderText {#text} at (0,0) size 47x17
              text run at (0,0) width 47: "Details1"
          RenderText {#text} at (67,0) size 4x21
            text run at (67,0) width 4: " "
          RenderBlock {SPAN} at (71,3) size 47x17
            RenderText {#text} at (0,0) size 47x17
              text run at (0,0) width 47: "Details3"
          RenderText {#text} at (0,0) size 0x0
      RenderBlock (anonymous) at (0,21) size 784x37
        RenderButton {INPUT} at (2,2) size 44x33 [bgcolor=#C0C0C0]
          RenderBlock (anonymous) at (6,6) size 32x21
            RenderText at (0,0) size 32x21
              text run at (0,0) width 32: "click"
        RenderText {#text} at (0,0) size 0x0
