layer at (0,0) size 800x600
  RenderView at (0,0) size 800x600
layer at (0,0) size 800x472
  RenderBlock {HTML} at (0,0) size 800x472
    RenderBody {BODY} at (8,8) size 784x456
      RenderBlock {DIV} at (0,0) size 784x86
        RenderBlock {DETAILS} at (0,0) size 784x86
          RenderBlock {SUMMARY} at (0,0) size 784x86
            RenderDetailsMarker {DIV} at (0,0) size 111x79 [border: (8px solid #00FF00) (16px solid #00FF00) (24px solid #00FF00) (32px solid #00FF00)]: right
            RenderText {#text} at (120,56) size 102x30
              text run at (120,56) width 102: "Summary"
      RenderBlock {DIV} at (0,86) size 127x181
        RenderBlock {DETAILS} at (0,0) size 127x181
          RenderBlock {SUMMARY} at (0,0) size 127x181
            RenderDetailsMarker {DIV} at (9,0) size 111x79 [border: (8px solid #00FF00) (16px solid #00FF00) (24px solid #00FF00) (32px solid #00FF00)]: down
            RenderText {#text} at (97,79) size 30x102
              text run at (97,79) width 102: "Summary"
      RenderBlock {DIV} at (0,267) size 784x47
        RenderBlock {DETAILS} at (0,0) size 784x47
          RenderBlock {SUMMARY} at (0,0) size 784x47
            RenderDetailsMarker {DIV} at (0,0) size 64x40 [border: (8px solid #00FF00)]: right
            RenderText {#text} at (73,17) size 102x30
              text run at (73,17) width 102: "Summary"
      RenderBlock {DIV} at (0,314) size 80x142
        RenderBlock {DETAILS} at (0,0) size 80x142
          RenderBlock {SUMMARY} at (0,0) size 80x142
            RenderDetailsMarker {DIV} at (9,0) size 64x40 [border: (8px solid #00FF00)]: down
            RenderText {#text} at (50,40) size 30x102
              text run at (50,40) width 102: "Summary"
