layer at (0,0) size 784x1523
  RenderView at (0,0) size 784x600
layer at (0,0) size 784x1523
  RenderBlock {HTML} at (0,0) size 784x1523
    RenderBody {BODY} at (8,8) size 768x1507
      RenderTable {TABLE} at (0,0) size 618x361 [border: (1px outset #808080)]
        RenderTableSection {TBODY} at (1,1) size 616x359
          RenderTableRow {TR} at (0,2) size 616x33
            RenderTableCell {TH} at (2,2) size 612x33 [border: (1px inset #808080)] [r=0 c=0 rs=1 cs=6]
              RenderText {#text} at (220,6) size 172x21
                text run at (220,6) width 172: "text-align not specified"
          RenderTableRow {TR} at (0,37) size 616x33
            RenderTableCell {TH} at (2,54) size 108x33 [border: (1px inset #808080)] [r=1 c=0 rs=2 cs=2]
              RenderText {#text} at (52,6) size 4x21
                text run at (52,6) width 4: " "
            RenderTableCell {TH} at (112,37) size 502x33 [border: (1px inset #808080)] [r=1 c=2 rs=1 cs=4]
              RenderText {#text} at (172,6) size 158x21
                text run at (172,6) width 158: "-webkit-writing-mode"
          RenderTableRow {TR} at (0,72) size 616x33
            RenderTableCell {TH} at (112,72) size 124x33 [border: (1px inset #808080)] [r=2 c=2 rs=1 cs=1]
              RenderText {#text} at (14,6) size 96x21
                text run at (14,6) width 96: "horizontal-tb"
            RenderTableCell {TH} at (238,72) size 124x33 [border: (1px inset #808080)] [r=2 c=3 rs=1 cs=1]
              RenderText {#text} at (14,6) size 96x21
                text run at (14,6) width 96: "horizontal-bt"
            RenderTableCell {TH} at (364,72) size 124x33 [border: (1px inset #808080)] [r=2 c=4 rs=1 cs=1]
              RenderText {#text} at (27,6) size 70x21
                text run at (27,6) width 70: "vertical-lr"
            RenderTableCell {TH} at (490,72) size 124x33 [border: (1px inset #808080)] [r=2 c=5 rs=1 cs=1]
              RenderText {#text} at (27,6) size 70x21
                text run at (27,6) width 70: "vertical-rl"
          RenderTableRow {TR} at (0,107) size 616x124
            RenderTableCell {TH} at (2,215) size 79x33 [border: (1px inset #808080)] [r=3 c=0 rs=4 cs=1]
              RenderText {#text} at (6,6) size 67x21
                text run at (6,6) width 67: "direction"
            RenderTableCell {TH} at (83,152) size 27x33 [border: (1px inset #808080)] [r=3 c=1 rs=1 cs=1]
              RenderText {#text} at (6,6) size 15x21
                text run at (6,6) width 15: "ltr"
            RenderTableCell {TD} at (112,107) size 124x124 [border: (1px solid #000000)] [r=3 c=2 rs=1 cs=1]
              RenderBlock {DIV} at (2,2) size 120x120
                RenderDetails {DETAILS} at (0,0) size 120x21
                  RenderSummary {SUMMARY} at (0,0) size 120x21
                    RenderDetailsMarker {DIV} at (0,6) size 10x10: right
                    RenderText {#text} at (16,0) size 65x21
                      text run at (16,0) width 65: "summary"
                RenderDetails {DETAILS} at (0,21) size 120x21
                  RenderSummary {SUMMARY} at (0,0) size 120x21
                    RenderDetailsMarker {DIV} at (0,6) size 10x10: down
                    RenderText {#text} at (16,0) size 65x21
                      text run at (16,0) width 65: "summary"
            RenderTableCell {TD} at (238,107) size 124x124 [border: (1px solid #000000)] [r=3 c=3 rs=1 cs=1]
              RenderBlock {DIV} at (2,2) size 120x120
                RenderDetails {DETAILS} at (0,0) size 120x21
                  RenderSummary {SUMMARY} at (0,0) size 120x21
                    RenderDetailsMarker {DIV} at (0,5) size 10x10: right
                    RenderText {#text} at (16,0) size 65x21
                      text run at (16,0) width 65: "summary"
                RenderDetails {DETAILS} at (0,21) size 120x21
                  RenderSummary {SUMMARY} at (0,0) size 120x21
                    RenderDetailsMarker {DIV} at (0,5) size 10x10: up
                    RenderText {#text} at (16,0) size 65x21
                      text run at (16,0) width 65: "summary"
            RenderTableCell {TD} at (364,107) size 124x124 [border: (1px solid #000000)] [r=3 c=4 rs=1 cs=1]
              RenderBlock {DIV} at (2,2) size 120x120
                RenderDetails {DETAILS} at (0,0) size 21x120
                  RenderSummary {SUMMARY} at (0,0) size 21x120
                    RenderDetailsMarker {DIV} at (5,0) size 10x10: down
                    RenderText {#text} at (0,10) size 21x65
                      text run at (0,10) width 65: "summary"
                RenderDetails {DETAILS} at (21,0) size 21x120
                  RenderSummary {SUMMARY} at (0,0) size 21x120
                    RenderDetailsMarker {DIV} at (5,0) size 10x10: right
                    RenderText {#text} at (0,10) size 21x65
                      text run at (0,10) width 65: "summary"
            RenderTableCell {TD} at (490,107) size 124x124 [border: (1px solid #000000)] [r=3 c=5 rs=1 cs=1]
              RenderBlock {DIV} at (2,2) size 120x120
                RenderDetails {DETAILS} at (0,0) size 21x120
                  RenderSummary {SUMMARY} at (0,0) size 21x120
                    RenderDetailsMarker {DIV} at (6,0) size 10x10: down
                    RenderText {#text} at (0,10) size 21x65
                      text run at (0,10) width 65: "summary"
                RenderDetails {DETAILS} at (21,0) size 21x120
                  RenderSummary {SUMMARY} at (0,0) size 21x120
                    RenderDetailsMarker {DIV} at (6,0) size 10x10: left
                    RenderText {#text} at (0,10) size 21x65
                      text run at (0,10) width 65: "summary"
          RenderTableRow {TR} at (0,233) size 616x124
            RenderTableCell {TH} at (83,278) size 27x33 [border: (1px inset #808080)] [r=4 c=1 rs=1 cs=1]
              RenderText {#text} at (6,6) size 15x21
                text run at (6,6) width 15: "rtl"
            RenderTableCell {TD} at (112,233) size 124x124 [border: (1px solid #000000)] [r=4 c=2 rs=1 cs=1]
              RenderBlock {DIV} at (2,2) size 120x120
                RenderDetails {DETAILS} at (0,0) size 120x21
                  RenderSummary {SUMMARY} at (0,0) size 120x21
                    RenderDetailsMarker {DIV} at (104,6) size 10x10: left
                    RenderText {#text} at (39,0) size 65x21
                      text run at (39,0) width 65: "summary"
                RenderDetails {DETAILS} at (0,21) size 120x21
                  RenderSummary {SUMMARY} at (0,0) size 120x21
                    RenderDetailsMarker {DIV} at (104,6) size 10x10: down
                    RenderText {#text} at (39,0) size 65x21
                      text run at (39,0) width 65: "summary"
            RenderTableCell {TD} at (238,233) size 124x124 [border: (1px solid #000000)] [r=4 c=3 rs=1 cs=1]
              RenderBlock {DIV} at (2,2) size 120x120
                RenderDetails {DETAILS} at (0,0) size 120x21
                  RenderSummary {SUMMARY} at (0,0) size 120x21
                    RenderDetailsMarker {DIV} at (104,5) size 10x10: left
                    RenderText {#text} at (39,0) size 65x21
                      text run at (39,0) width 65: "summary"
                RenderDetails {DETAILS} at (0,21) size 120x21
                  RenderSummary {SUMMARY} at (0,0) size 120x21
                    RenderDetailsMarker {DIV} at (104,5) size 10x10: up
                    RenderText {#text} at (39,0) size 65x21
                      text run at (39,0) width 65: "summary"
            RenderTableCell {TD} at (364,233) size 124x124 [border: (1px solid #000000)] [r=4 c=4 rs=1 cs=1]
              RenderBlock {DIV} at (2,2) size 120x120
                RenderDetails {DETAILS} at (0,0) size 21x120
                  RenderSummary {SUMMARY} at (0,0) size 21x120
                    RenderDetailsMarker {DIV} at (5,110) size 10x10: up
                    RenderText {#text} at (0,45) size 21x65
                      text run at (0,45) width 65: "summary"
                RenderDetails {DETAILS} at (21,0) size 21x120
                  RenderSummary {SUMMARY} at (0,0) size 21x120
                    RenderDetailsMarker {DIV} at (5,110) size 10x10: right
                    RenderText {#text} at (0,45) size 21x65
                      text run at (0,45) width 65: "summary"
            RenderTableCell {TD} at (490,233) size 124x124 [border: (1px solid #000000)] [r=4 c=5 rs=1 cs=1]
              RenderBlock {DIV} at (2,2) size 120x120
                RenderDetails {DETAILS} at (0,0) size 21x120
                  RenderSummary {SUMMARY} at (0,0) size 21x120
                    RenderDetailsMarker {DIV} at (6,110) size 10x10: up
                    RenderText {#text} at (0,45) size 21x65
                      text run at (0,45) width 65: "summary"
                RenderDetails {DETAILS} at (21,0) size 21x120
                  RenderSummary {SUMMARY} at (0,0) size 21x120
                    RenderDetailsMarker {DIV} at (6,110) size 10x10: left
                    RenderText {#text} at (0,45) size 21x65
                      text run at (0,45) width 65: "summary"
      RenderBlock (anonymous) at (0,361) size 768x21
        RenderBR {BR} at (0,0) size 0x21
      RenderTable {TABLE} at (0,382) size 618x361 [border: (1px outset #808080)]
        RenderTableSection {TBODY} at (1,1) size 616x359
          RenderTableRow {TR} at (0,2) size 616x33
            RenderTableCell {TH} at (2,2) size 612x33 [border: (1px inset #808080)] [r=0 c=0 rs=1 cs=6]
              RenderText {#text} at (255,6) size 102x21
                text run at (255,6) width 102: "text-align: left"
          RenderTableRow {TR} at (0,37) size 616x33
            RenderTableCell {TH} at (2,54) size 108x33 [border: (1px inset #808080)] [r=1 c=0 rs=2 cs=2]
              RenderText {#text} at (52,6) size 4x21
                text run at (52,6) width 4: " "
            RenderTableCell {TH} at (112,37) size 502x33 [border: (1px inset #808080)] [r=1 c=2 rs=1 cs=4]
              RenderText {#text} at (172,6) size 158x21
                text run at (172,6) width 158: "-webkit-writing-mode"
          RenderTableRow {TR} at (0,72) size 616x33
            RenderTableCell {TH} at (112,72) size 124x33 [border: (1px inset #808080)] [r=2 c=2 rs=1 cs=1]
              RenderText {#text} at (14,6) size 96x21
                text run at (14,6) width 96: "horizontal-tb"
            RenderTableCell {TH} at (238,72) size 124x33 [border: (1px inset #808080)] [r=2 c=3 rs=1 cs=1]
              RenderText {#text} at (14,6) size 96x21
                text run at (14,6) width 96: "horizontal-bt"
            RenderTableCell {TH} at (364,72) size 124x33 [border: (1px inset #808080)] [r=2 c=4 rs=1 cs=1]
              RenderText {#text} at (27,6) size 70x21
                text run at (27,6) width 70: "vertical-lr"
            RenderTableCell {TH} at (490,72) size 124x33 [border: (1px inset #808080)] [r=2 c=5 rs=1 cs=1]
              RenderText {#text} at (27,6) size 70x21
                text run at (27,6) width 70: "vertical-rl"
          RenderTableRow {TR} at (0,107) size 616x124
            RenderTableCell {TH} at (2,215) size 79x33 [border: (1px inset #808080)] [r=3 c=0 rs=4 cs=1]
              RenderText {#text} at (6,6) size 67x21
                text run at (6,6) width 67: "direction"
            RenderTableCell {TH} at (83,152) size 27x33 [border: (1px inset #808080)] [r=3 c=1 rs=1 cs=1]
              RenderText {#text} at (6,6) size 15x21
                text run at (6,6) width 15: "ltr"
            RenderTableCell {TD} at (112,107) size 124x124 [border: (1px solid #000000)] [r=3 c=2 rs=1 cs=1]
              RenderBlock {DIV} at (2,2) size 120x120
                RenderDetails {DETAILS} at (0,0) size 120x21
                  RenderSummary {SUMMARY} at (0,0) size 120x21
                    RenderDetailsMarker {DIV} at (0,6) size 10x10: right
                    RenderText {#text} at (16,0) size 65x21
                      text run at (16,0) width 65: "summary"
                RenderDetails {DETAILS} at (0,21) size 120x21
                  RenderSummary {SUMMARY} at (0,0) size 120x21
                    RenderDetailsMarker {DIV} at (0,6) size 10x10: down
                    RenderText {#text} at (16,0) size 65x21
                      text run at (16,0) width 65: "summary"
            RenderTableCell {TD} at (238,107) size 124x124 [border: (1px solid #000000)] [r=3 c=3 rs=1 cs=1]
              RenderBlock {DIV} at (2,2) size 120x120
                RenderDetails {DETAILS} at (0,0) size 120x21
                  RenderSummary {SUMMARY} at (0,0) size 120x21
                    RenderDetailsMarker {DIV} at (0,5) size 10x10: right
                    RenderText {#text} at (16,0) size 65x21
                      text run at (16,0) width 65: "summary"
                RenderDetails {DETAILS} at (0,21) size 120x21
                  RenderSummary {SUMMARY} at (0,0) size 120x21
                    RenderDetailsMarker {DIV} at (0,5) size 10x10: up
                    RenderText {#text} at (16,0) size 65x21
                      text run at (16,0) width 65: "summary"
            RenderTableCell {TD} at (364,107) size 124x124 [border: (1px solid #000000)] [r=3 c=4 rs=1 cs=1]
              RenderBlock {DIV} at (2,2) size 120x120
                RenderDetails {DETAILS} at (0,0) size 21x120
                  RenderSummary {SUMMARY} at (0,0) size 21x120
                    RenderDetailsMarker {DIV} at (5,0) size 10x10: down
                    RenderText {#text} at (0,10) size 21x65
                      text run at (0,10) width 65: "summary"
                RenderDetails {DETAILS} at (21,0) size 21x120
                  RenderSummary {SUMMARY} at (0,0) size 21x120
                    RenderDetailsMarker {DIV} at (5,0) size 10x10: right
                    RenderText {#text} at (0,10) size 21x65
                      text run at (0,10) width 65: "summary"
            RenderTableCell {TD} at (490,107) size 124x124 [border: (1px solid #000000)] [r=3 c=5 rs=1 cs=1]
              RenderBlock {DIV} at (2,2) size 120x120
                RenderDetails {DETAILS} at (0,0) size 21x120
                  RenderSummary {SUMMARY} at (0,0) size 21x120
                    RenderDetailsMarker {DIV} at (6,0) size 10x10: down
                    RenderText {#text} at (0,10) size 21x65
                      text run at (0,10) width 65: "summary"
                RenderDetails {DETAILS} at (21,0) size 21x120
                  RenderSummary {SUMMARY} at (0,0) size 21x120
                    RenderDetailsMarker {DIV} at (6,0) size 10x10: left
                    RenderText {#text} at (0,10) size 21x65
                      text run at (0,10) width 65: "summary"
          RenderTableRow {TR} at (0,233) size 616x124
            RenderTableCell {TH} at (83,278) size 27x33 [border: (1px inset #808080)] [r=4 c=1 rs=1 cs=1]
              RenderText {#text} at (6,6) size 15x21
                text run at (6,6) width 15: "rtl"
            RenderTableCell {TD} at (112,233) size 124x124 [border: (1px solid #000000)] [r=4 c=2 rs=1 cs=1]
              RenderBlock {DIV} at (2,2) size 120x120
                RenderDetails {DETAILS} at (0,0) size 120x21
                  RenderSummary {SUMMARY} at (0,0) size 120x21
                    RenderDetailsMarker {DIV} at (65,6) size 10x10: left
                    RenderText {#text} at (0,0) size 65x21
                      text run at (0,0) width 65: "summary"
                RenderDetails {DETAILS} at (0,21) size 120x21
                  RenderSummary {SUMMARY} at (0,0) size 120x21
                    RenderDetailsMarker {DIV} at (65,6) size 10x10: down
                    RenderText {#text} at (0,0) size 65x21
                      text run at (0,0) width 65: "summary"
            RenderTableCell {TD} at (238,233) size 124x124 [border: (1px solid #000000)] [r=4 c=3 rs=1 cs=1]
              RenderBlock {DIV} at (2,2) size 120x120
                RenderDetails {DETAILS} at (0,0) size 120x21
                  RenderSummary {SUMMARY} at (0,0) size 120x21
                    RenderDetailsMarker {DIV} at (65,5) size 10x10: left
                    RenderText {#text} at (0,0) size 65x21
                      text run at (0,0) width 65: "summary"
                RenderDetails {DETAILS} at (0,21) size 120x21
                  RenderSummary {SUMMARY} at (0,0) size 120x21
                    RenderDetailsMarker {DIV} at (65,5) size 10x10: up
                    RenderText {#text} at (0,0) size 65x21
                      text run at (0,0) width 65: "summary"
            RenderTableCell {TD} at (364,233) size 124x124 [border: (1px solid #000000)] [r=4 c=4 rs=1 cs=1]
              RenderBlock {DIV} at (2,2) size 120x120
                RenderDetails {DETAILS} at (0,0) size 21x120
                  RenderSummary {SUMMARY} at (0,0) size 21x120
                    RenderDetailsMarker {DIV} at (5,65) size 10x10: up
                    RenderText {#text} at (0,0) size 21x65
                      text run at (0,0) width 65: "summary"
                RenderDetails {DETAILS} at (21,0) size 21x120
                  RenderSummary {SUMMARY} at (0,0) size 21x120
                    RenderDetailsMarker {DIV} at (5,65) size 10x10: right
                    RenderText {#text} at (0,0) size 21x65
                      text run at (0,0) width 65: "summary"
            RenderTableCell {TD} at (490,233) size 124x124 [border: (1px solid #000000)] [r=4 c=5 rs=1 cs=1]
              RenderBlock {DIV} at (2,2) size 120x120
                RenderDetails {DETAILS} at (0,0) size 21x120
                  RenderSummary {SUMMARY} at (0,0) size 21x120
                    RenderDetailsMarker {DIV} at (6,65) size 10x10: up
                    RenderText {#text} at (0,0) size 21x65
                      text run at (0,0) width 65: "summary"
                RenderDetails {DETAILS} at (21,0) size 21x120
                  RenderSummary {SUMMARY} at (0,0) size 21x120
                    RenderDetailsMarker {DIV} at (6,65) size 10x10: left
                    RenderText {#text} at (0,0) size 21x65
                      text run at (0,0) width 65: "summary"
      RenderBlock (anonymous) at (0,743) size 768x21
        RenderBR {BR} at (0,0) size 0x21
      RenderTable {TABLE} at (0,764) size 618x361 [border: (1px outset #808080)]
        RenderTableSection {TBODY} at (1,1) size 616x359
          RenderTableRow {TR} at (0,2) size 616x33
            RenderTableCell {TH} at (2,2) size 612x33 [border: (1px inset #808080)] [r=0 c=0 rs=1 cs=6]
              RenderText {#text} at (242,6) size 128x21
                text run at (242,6) width 128: "text-align: center"
          RenderTableRow {TR} at (0,37) size 616x33
            RenderTableCell {TH} at (2,54) size 108x33 [border: (1px inset #808080)] [r=1 c=0 rs=2 cs=2]
              RenderText {#text} at (52,6) size 4x21
                text run at (52,6) width 4: " "
            RenderTableCell {TH} at (112,37) size 502x33 [border: (1px inset #808080)] [r=1 c=2 rs=1 cs=4]
              RenderText {#text} at (172,6) size 158x21
                text run at (172,6) width 158: "-webkit-writing-mode"
          RenderTableRow {TR} at (0,72) size 616x33
            RenderTableCell {TH} at (112,72) size 124x33 [border: (1px inset #808080)] [r=2 c=2 rs=1 cs=1]
              RenderText {#text} at (14,6) size 96x21
                text run at (14,6) width 96: "horizontal-tb"
            RenderTableCell {TH} at (238,72) size 124x33 [border: (1px inset #808080)] [r=2 c=3 rs=1 cs=1]
              RenderText {#text} at (14,6) size 96x21
                text run at (14,6) width 96: "horizontal-bt"
            RenderTableCell {TH} at (364,72) size 124x33 [border: (1px inset #808080)] [r=2 c=4 rs=1 cs=1]
              RenderText {#text} at (27,6) size 70x21
                text run at (27,6) width 70: "vertical-lr"
            RenderTableCell {TH} at (490,72) size 124x33 [border: (1px inset #808080)] [r=2 c=5 rs=1 cs=1]
              RenderText {#text} at (27,6) size 70x21
                text run at (27,6) width 70: "vertical-rl"
          RenderTableRow {TR} at (0,107) size 616x124
            RenderTableCell {TH} at (2,215) size 79x33 [border: (1px inset #808080)] [r=3 c=0 rs=4 cs=1]
              RenderText {#text} at (6,6) size 67x21
                text run at (6,6) width 67: "direction"
            RenderTableCell {TH} at (83,152) size 27x33 [border: (1px inset #808080)] [r=3 c=1 rs=1 cs=1]
              RenderText {#text} at (6,6) size 15x21
                text run at (6,6) width 15: "ltr"
            RenderTableCell {TD} at (112,107) size 124x124 [border: (1px solid #000000)] [r=3 c=2 rs=1 cs=1]
              RenderBlock {DIV} at (2,2) size 120x120
                RenderDetails {DETAILS} at (0,0) size 120x21
                  RenderSummary {SUMMARY} at (0,0) size 120x21
                    RenderDetailsMarker {DIV} at (20,6) size 10x10: right
                    RenderText {#text} at (35,0) size 66x21
                      text run at (35,0) width 66: "summary"
                RenderDetails {DETAILS} at (0,21) size 120x21
                  RenderSummary {SUMMARY} at (0,0) size 120x21
                    RenderDetailsMarker {DIV} at (20,6) size 10x10: down
                    RenderText {#text} at (35,0) size 66x21
                      text run at (35,0) width 66: "summary"
            RenderTableCell {TD} at (238,107) size 124x124 [border: (1px solid #000000)] [r=3 c=3 rs=1 cs=1]
              RenderBlock {DIV} at (2,2) size 120x120
                RenderDetails {DETAILS} at (0,0) size 120x21
                  RenderSummary {SUMMARY} at (0,0) size 120x21
                    RenderDetailsMarker {DIV} at (20,5) size 10x10: right
                    RenderText {#text} at (35,0) size 66x21
                      text run at (35,0) width 66: "summary"
                RenderDetails {DETAILS} at (0,21) size 120x21
                  RenderSummary {SUMMARY} at (0,0) size 120x21
                    RenderDetailsMarker {DIV} at (20,5) size 10x10: up
                    RenderText {#text} at (35,0) size 66x21
                      text run at (35,0) width 66: "summary"
            RenderTableCell {TD} at (364,107) size 124x124 [border: (1px solid #000000)] [r=3 c=4 rs=1 cs=1]
              RenderBlock {DIV} at (2,2) size 120x120
                RenderDetails {DETAILS} at (0,0) size 21x120
                  RenderSummary {SUMMARY} at (0,0) size 21x120
                    RenderDetailsMarker {DIV} at (5,23) size 10x10: down
                    RenderText {#text} at (0,32) size 21x66
                      text run at (0,32) width 65: "summary"
                RenderDetails {DETAILS} at (21,0) size 21x120
                  RenderSummary {SUMMARY} at (0,0) size 21x120
                    RenderDetailsMarker {DIV} at (5,23) size 10x10: right
                    RenderText {#text} at (0,32) size 21x66
                      text run at (0,32) width 65: "summary"
            RenderTableCell {TD} at (490,107) size 124x124 [border: (1px solid #000000)] [r=3 c=5 rs=1 cs=1]
              RenderBlock {DIV} at (2,2) size 120x120
                RenderDetails {DETAILS} at (0,0) size 21x120
                  RenderSummary {SUMMARY} at (0,0) size 21x120
                    RenderDetailsMarker {DIV} at (6,23) size 10x10: down
                    RenderText {#text} at (0,32) size 21x66
                      text run at (0,32) width 65: "summary"
                RenderDetails {DETAILS} at (21,0) size 21x120
                  RenderSummary {SUMMARY} at (0,0) size 21x120
                    RenderDetailsMarker {DIV} at (6,23) size 10x10: left
                    RenderText {#text} at (0,32) size 21x66
                      text run at (0,32) width 65: "summary"
          RenderTableRow {TR} at (0,233) size 616x124
            RenderTableCell {TH} at (83,278) size 27x33 [border: (1px inset #808080)] [r=4 c=1 rs=1 cs=1]
              RenderText {#text} at (6,6) size 15x21
                text run at (6,6) width 15: "rtl"
            RenderTableCell {TD} at (112,233) size 124x124 [border: (1px solid #000000)] [r=4 c=2 rs=1 cs=1]
              RenderBlock {DIV} at (2,2) size 120x120
                RenderDetails {DETAILS} at (0,0) size 120x21
                  RenderSummary {SUMMARY} at (0,0) size 120x21
                    RenderDetailsMarker {DIV} at (85,6) size 10x10: left
                    RenderText {#text} at (19,0) size 66x21
                      text run at (19,0) width 66: "summary"
                RenderDetails {DETAILS} at (0,21) size 120x21
                  RenderSummary {SUMMARY} at (0,0) size 120x21
                    RenderDetailsMarker {DIV} at (85,6) size 10x10: down
                    RenderText {#text} at (19,0) size 66x21
                      text run at (19,0) width 66: "summary"
            RenderTableCell {TD} at (238,233) size 124x124 [border: (1px solid #000000)] [r=4 c=3 rs=1 cs=1]
              RenderBlock {DIV} at (2,2) size 120x120
                RenderDetails {DETAILS} at (0,0) size 120x21
                  RenderSummary {SUMMARY} at (0,0) size 120x21
                    RenderDetailsMarker {DIV} at (85,5) size 10x10: left
                    RenderText {#text} at (19,0) size 66x21
                      text run at (19,0) width 66: "summary"
                RenderDetails {DETAILS} at (0,21) size 120x21
                  RenderSummary {SUMMARY} at (0,0) size 120x21
                    RenderDetailsMarker {DIV} at (85,5) size 10x10: up
                    RenderText {#text} at (19,0) size 66x21
                      text run at (19,0) width 66: "summary"
            RenderTableCell {TD} at (364,233) size 124x124 [border: (1px solid #000000)] [r=4 c=4 rs=1 cs=1]
              RenderBlock {DIV} at (2,2) size 120x120
                RenderDetails {DETAILS} at (0,0) size 21x120
                  RenderSummary {SUMMARY} at (0,0) size 21x120
                    RenderDetailsMarker {DIV} at (5,88) size 10x10: up
                    RenderText {#text} at (0,22) size 21x66
                      text run at (0,22) width 65: "summary"
                RenderDetails {DETAILS} at (21,0) size 21x120
                  RenderSummary {SUMMARY} at (0,0) size 21x120
                    RenderDetailsMarker {DIV} at (5,88) size 10x10: right
                    RenderText {#text} at (0,22) size 21x66
                      text run at (0,22) width 65: "summary"
            RenderTableCell {TD} at (490,233) size 124x124 [border: (1px solid #000000)] [r=4 c=5 rs=1 cs=1]
              RenderBlock {DIV} at (2,2) size 120x120
                RenderDetails {DETAILS} at (0,0) size 21x120
                  RenderSummary {SUMMARY} at (0,0) size 21x120
                    RenderDetailsMarker {DIV} at (6,88) size 10x10: up
                    RenderText {#text} at (0,22) size 21x66
                      text run at (0,22) width 65: "summary"
                RenderDetails {DETAILS} at (21,0) size 21x120
                  RenderSummary {SUMMARY} at (0,0) size 21x120
                    RenderDetailsMarker {DIV} at (6,88) size 10x10: left
                    RenderText {#text} at (0,22) size 21x66
                      text run at (0,22) width 65: "summary"
      RenderBlock (anonymous) at (0,1125) size 768x21
        RenderBR {BR} at (0,0) size 0x21
      RenderTable {TABLE} at (0,1146) size 618x361 [border: (1px outset #808080)]
        RenderTableSection {TBODY} at (1,1) size 616x359
          RenderTableRow {TR} at (0,2) size 616x33
            RenderTableCell {TH} at (2,2) size 612x33 [border: (1px inset #808080)] [r=0 c=0 rs=1 cs=6]
              RenderText {#text} at (249,6) size 114x21
                text run at (249,6) width 114: "text-align: right"
          RenderTableRow {TR} at (0,37) size 616x33
            RenderTableCell {TH} at (2,54) size 108x33 [border: (1px inset #808080)] [r=1 c=0 rs=2 cs=2]
              RenderText {#text} at (52,6) size 4x21
                text run at (52,6) width 4: " "
            RenderTableCell {TH} at (112,37) size 502x33 [border: (1px inset #808080)] [r=1 c=2 rs=1 cs=4]
              RenderText {#text} at (172,6) size 158x21
                text run at (172,6) width 158: "-webkit-writing-mode"
          RenderTableRow {TR} at (0,72) size 616x33
            RenderTableCell {TH} at (112,72) size 124x33 [border: (1px inset #808080)] [r=2 c=2 rs=1 cs=1]
              RenderText {#text} at (14,6) size 96x21
                text run at (14,6) width 96: "horizontal-tb"
            RenderTableCell {TH} at (238,72) size 124x33 [border: (1px inset #808080)] [r=2 c=3 rs=1 cs=1]
              RenderText {#text} at (14,6) size 96x21
                text run at (14,6) width 96: "horizontal-bt"
            RenderTableCell {TH} at (364,72) size 124x33 [border: (1px inset #808080)] [r=2 c=4 rs=1 cs=1]
              RenderText {#text} at (27,6) size 70x21
                text run at (27,6) width 70: "vertical-lr"
            RenderTableCell {TH} at (490,72) size 124x33 [border: (1px inset #808080)] [r=2 c=5 rs=1 cs=1]
              RenderText {#text} at (27,6) size 70x21
                text run at (27,6) width 70: "vertical-rl"
          RenderTableRow {TR} at (0,107) size 616x124
            RenderTableCell {TH} at (2,215) size 79x33 [border: (1px inset #808080)] [r=3 c=0 rs=4 cs=1]
              RenderText {#text} at (6,6) size 67x21
                text run at (6,6) width 67: "direction"
            RenderTableCell {TH} at (83,152) size 27x33 [border: (1px inset #808080)] [r=3 c=1 rs=1 cs=1]
              RenderText {#text} at (6,6) size 15x21
                text run at (6,6) width 15: "ltr"
            RenderTableCell {TD} at (112,107) size 124x124 [border: (1px solid #000000)] [r=3 c=2 rs=1 cs=1]
              RenderBlock {DIV} at (2,2) size 120x120
                RenderDetails {DETAILS} at (0,0) size 120x21
                  RenderSummary {SUMMARY} at (0,0) size 120x21
                    RenderDetailsMarker {DIV} at (39,6) size 10x10: right
                    RenderText {#text} at (55,0) size 65x21
                      text run at (55,0) width 65: "summary"
                RenderDetails {DETAILS} at (0,21) size 120x21
                  RenderSummary {SUMMARY} at (0,0) size 120x21
                    RenderDetailsMarker {DIV} at (39,6) size 10x10: down
                    RenderText {#text} at (55,0) size 65x21
                      text run at (55,0) width 65: "summary"
            RenderTableCell {TD} at (238,107) size 124x124 [border: (1px solid #000000)] [r=3 c=3 rs=1 cs=1]
              RenderBlock {DIV} at (2,2) size 120x120
                RenderDetails {DETAILS} at (0,0) size 120x21
                  RenderSummary {SUMMARY} at (0,0) size 120x21
                    RenderDetailsMarker {DIV} at (39,5) size 10x10: right
                    RenderText {#text} at (55,0) size 65x21
                      text run at (55,0) width 65: "summary"
                RenderDetails {DETAILS} at (0,21) size 120x21
                  RenderSummary {SUMMARY} at (0,0) size 120x21
                    RenderDetailsMarker {DIV} at (39,5) size 10x10: up
                    RenderText {#text} at (55,0) size 65x21
                      text run at (55,0) width 65: "summary"
            RenderTableCell {TD} at (364,107) size 124x124 [border: (1px solid #000000)] [r=3 c=4 rs=1 cs=1]
              RenderBlock {DIV} at (2,2) size 120x120
                RenderDetails {DETAILS} at (0,0) size 21x120
                  RenderSummary {SUMMARY} at (0,0) size 21x120
                    RenderDetailsMarker {DIV} at (5,45) size 10x10: down
                    RenderText {#text} at (0,55) size 21x65
                      text run at (0,55) width 65: "summary"
                RenderDetails {DETAILS} at (21,0) size 21x120
                  RenderSummary {SUMMARY} at (0,0) size 21x120
                    RenderDetailsMarker {DIV} at (5,45) size 10x10: right
                    RenderText {#text} at (0,55) size 21x65
                      text run at (0,55) width 65: "summary"
            RenderTableCell {TD} at (490,107) size 124x124 [border: (1px solid #000000)] [r=3 c=5 rs=1 cs=1]
              RenderBlock {DIV} at (2,2) size 120x120
                RenderDetails {DETAILS} at (0,0) size 21x120
                  RenderSummary {SUMMARY} at (0,0) size 21x120
                    RenderDetailsMarker {DIV} at (6,45) size 10x10: down
                    RenderText {#text} at (0,55) size 21x65
                      text run at (0,55) width 65: "summary"
                RenderDetails {DETAILS} at (21,0) size 21x120
                  RenderSummary {SUMMARY} at (0,0) size 21x120
                    RenderDetailsMarker {DIV} at (6,45) size 10x10: left
                    RenderText {#text} at (0,55) size 21x65
                      text run at (0,55) width 65: "summary"
          RenderTableRow {TR} at (0,233) size 616x124
            RenderTableCell {TH} at (83,278) size 27x33 [border: (1px inset #808080)] [r=4 c=1 rs=1 cs=1]
              RenderText {#text} at (6,6) size 15x21
                text run at (6,6) width 15: "rtl"
            RenderTableCell {TD} at (112,233) size 124x124 [border: (1px solid #000000)] [r=4 c=2 rs=1 cs=1]
              RenderBlock {DIV} at (2,2) size 120x120
                RenderDetails {DETAILS} at (0,0) size 120x21
                  RenderSummary {SUMMARY} at (0,0) size 120x21
                    RenderDetailsMarker {DIV} at (104,6) size 10x10: left
                    RenderText {#text} at (39,0) size 65x21
                      text run at (39,0) width 65: "summary"
                RenderDetails {DETAILS} at (0,21) size 120x21
                  RenderSummary {SUMMARY} at (0,0) size 120x21
                    RenderDetailsMarker {DIV} at (104,6) size 10x10: down
                    RenderText {#text} at (39,0) size 65x21
                      text run at (39,0) width 65: "summary"
            RenderTableCell {TD} at (238,233) size 124x124 [border: (1px solid #000000)] [r=4 c=3 rs=1 cs=1]
              RenderBlock {DIV} at (2,2) size 120x120
                RenderDetails {DETAILS} at (0,0) size 120x21
                  RenderSummary {SUMMARY} at (0,0) size 120x21
                    RenderDetailsMarker {DIV} at (104,5) size 10x10: left
                    RenderText {#text} at (39,0) size 65x21
                      text run at (39,0) width 65: "summary"
                RenderDetails {DETAILS} at (0,21) size 120x21
                  RenderSummary {SUMMARY} at (0,0) size 120x21
                    RenderDetailsMarker {DIV} at (104,5) size 10x10: up
                    RenderText {#text} at (39,0) size 65x21
                      text run at (39,0) width 65: "summary"
            RenderTableCell {TD} at (364,233) size 124x124 [border: (1px solid #000000)] [r=4 c=4 rs=1 cs=1]
              RenderBlock {DIV} at (2,2) size 120x120
                RenderDetails {DETAILS} at (0,0) size 21x120
                  RenderSummary {SUMMARY} at (0,0) size 21x120
                    RenderDetailsMarker {DIV} at (5,110) size 10x10: up
                    RenderText {#text} at (0,45) size 21x65
                      text run at (0,45) width 65: "summary"
                RenderDetails {DETAILS} at (21,0) size 21x120
                  RenderSummary {SUMMARY} at (0,0) size 21x120
                    RenderDetailsMarker {DIV} at (5,110) size 10x10: right
                    RenderText {#text} at (0,45) size 21x65
                      text run at (0,45) width 65: "summary"
            RenderTableCell {TD} at (490,233) size 124x124 [border: (1px solid #000000)] [r=4 c=5 rs=1 cs=1]
              RenderBlock {DIV} at (2,2) size 120x120
                RenderDetails {DETAILS} at (0,0) size 21x120
                  RenderSummary {SUMMARY} at (0,0) size 21x120
                    RenderDetailsMarker {DIV} at (6,110) size 10x10: up
                    RenderText {#text} at (0,45) size 21x65
                      text run at (0,45) width 65: "summary"
                RenderDetails {DETAILS} at (21,0) size 21x120
                  RenderSummary {SUMMARY} at (0,0) size 21x120
                    RenderDetailsMarker {DIV} at (6,110) size 10x10: left
                    RenderText {#text} at (0,45) size 21x65
                      text run at (0,45) width 65: "summary"
