layer at (0,0) size 800x600
  RenderView at (0,0) size 800x600
layer at (0,0) size 800x600
  RenderBlock {HTML} at (0,0) size 800x600
    RenderBody {BODY} at (8,8) size 784x584
      RenderDetails {DETAILS} at (0,0) size 784x21
        RenderSummary {SUMMARY} at (0,0) size 784x21
          RenderDetailsMarker {DIV} at (0,6) size 10x10: down
          RenderText {#text} at (16,0) size 69x21
            text run at (16,0) width 69: "summary "
          RenderInline {B} at (0,0) size 164x21
            RenderText {#text} at (85,0) size 164x21
              text run at (85,0) width 164: "should have bold test"
