layer at (0,0) size 800x600
  RenderView at (0,0) size 800x600
layer at (0,0) size 800x600
  RenderBlock {HTML} at (0,0) size 800x600
    RenderBody {BODY} at (8,8) size 784x584
      RenderDetails {DETAILS} at (0,0) size 784x50
        RenderSummary {SUMMARY} at (0,0) size 784x21
          RenderDetailsMarker {DIV} at (0,6) size 10x10: down
          RenderText {#text} at (16,0) size 50x21
            text run at (16,0) width 50: "Details"
        RenderBlock (anonymous) at (0,21) size 784x29
          RenderTextControl {INPUT} at (2,2) size 186x25
          RenderText {#text} at (0,0) size 0x0
layer at (12,33) size 182x21
  RenderBlock {DIV} at (2,2) size 182x21
