layer at (0,0) size 800x600
  RenderView at (0,0) size 800x600
layer at (0,0) size 800x600
  RenderBlock {HTML} at (0,0) size 800x600
    RenderBody {BODY} at (0,0) size 800x600
      RenderDetails {DETAILS} at (0,0) size 800x21
        RenderSummary {SUMMARY} at (0,0) size 800x21
          RenderDetailsMarker {DIV} at (0,6) size 10x10: right
          RenderText {#text} at (16,0) size 43x21
            text run at (16,0) width 43: "new 1"
caret: position 0 of child 0 {DIV} of {#shadow-root} of child 1 {SUMMARY} of child 1 {DETAILS} of body
