layer at (0,0) size 800x600
  RenderView at (0,0) size 800x600
layer at (0,0) size 800x600
  RenderBlock {HTML} at (0,0) size 800x600
    RenderBody {BODY} at (8,8) size 784x584
      RenderDetails {DETAILS} at (0,0) size 784x52
        RenderSummary {SUMMARY} at (0,0) size 784x22
          RenderDetailsMarker {DIV} at (0,6) size 10x10: down
          RenderText {#text} at (16,0) size 51x22
            text run at (16,0) width 51: "details1"
        RenderBlock (anonymous) at (0,22) size 784x30
          RenderTextControl {INPUT} at (2,2) size 166x26
          RenderText {#text} at (0,0) size 0x0
      RenderDetails {DETAILS} at (0,52) size 784x22
        RenderSummary {SUMMARY} at (0,0) size 784x22
          RenderDetailsMarker {DIV} at (0,6) size 10x10: right
          RenderText {#text} at (16,0) size 51x22
            text run at (16,0) width 51: "details2"
layer at (12,34) size 162x22
  RenderBlock {DIV} at (2,2) size 162x22
