layer at (0,0) size 800x600
  RenderView at (0,0) size 800x600
layer at (0,0) size 800x600
  RenderBlock {HTML} at (0,0) size 800x600
    RenderBody {BODY} at (8,8) size 784x576
      RenderBlock {P} at (0,0) size 784x18
        RenderText {#text} at (0,0) size 525x17
          text run at (0,0) width 525: "Here is an attempt to extract the string \"Hello, Webkit!\" from the file findme.xml:"
      RenderBlock {P} at (0,34) size 784x18
        RenderText {#text} at (0,0) size 388x17
          text run at (0,0) width 292: "using document('file:resources/findme.xml'): "
          text run at (291,0) width 97: "Hello, Webkit!"
      RenderBlock {P} at (0,68) size 784x18
        RenderText {#text} at (0,0) size 362x17
          text run at (0,0) width 266: "using document('resources/findme.xml'): "
          text run at (265,0) width 97: "Hello, Webkit!"
