layer at (0,0) size 800x600
  RenderView at (0,0) size 800x600
layer at (0,0) size 800x600
  RenderBlock {HTML} at (0,0) size 800x600
    RenderBody {BODY} at (8,8) size 784x576
      RenderBlock {UL} at (0,0) size 784x63
        RenderListItem {LI} at (40,0) size 744x21
          RenderListMarker at (-15,8) size 8x8
          RenderText {#text} at (0,0) size 64x21
            text run at (0,0) width 64: "Item One"
        RenderListItem {LI} at (40,21) size 744x21
          RenderListMarker at (-15,8) size 8x8
          RenderText {#text} at (0,0) size 65x21
            text run at (0,0) width 65: "Item Two"
        RenderListItem {LI} at (40,42) size 744x21
          RenderListMarker at (-15,8) size 8x8
          RenderText {#text} at (0,0) size 76x21
            text run at (0,0) width 76: "Item Three"
