layer at (0,0) size 800x600
  RenderView at (0,0) size 800x600
layer at (0,0) size 800x600
  RenderBlock {HTML} at (0,0) size 800x600
    RenderBody {BODY} at (8,8) size 784x584
      RenderBlock (anonymous) at (0,0) size 784x21
        RenderText {#text} at (0,0) size 718x21
          text run at (0,0) width 718: "The test passes if all four boxes have a radial gradient that's green in the center and black at the edge."
      RenderBlock {H1} at (0,42) size 784x84
        RenderText {#text} at (0,0) size 761x84
          text run at (0,0) width 761: "Radial Gradients With One Center, Inner Radius >"
          text run at (0,42) width 18: "0"
      RenderBlock (anonymous) at (0,147) size 784x155
        RenderBlock {DIV} at (0,0) size 150x150
        RenderText {#text} at (150,134) size 4x21
          text run at (150,134) width 4: " "
        RenderBlock {DIV} at (154,0) size 150x150
        RenderText {#text} at (0,0) size 0x0
      RenderBlock {H1} at (0,323) size 784x42
        RenderText {#text} at (0,0) size 696x42
          text run at (0,0) width 696: "Radial Gradients With One, Inner Radius == 0"
      RenderBlock (anonymous) at (0,386) size 784x155
        RenderBlock {DIV} at (0,0) size 150x150
        RenderText {#text} at (150,134) size 4x21
          text run at (150,134) width 4: " "
        RenderBlock {DIV} at (154,0) size 150x150
        RenderText {#text} at (0,0) size 0x0
