layer at (0,0) size 800x600
  RenderView at (0,0) size 800x600
layer at (0,0) size 800x600
  RenderBlock {HTML} at (0,0) size 800x600
    RenderBody {BODY} at (8,8) size 784x584
      RenderMenuList {SELECT} at (2,0) size 59x18 [bgcolor=#FFFFFF]
        RenderBlock (anonymous) at (0,0) size 59x18
          RenderText at (8,2) size 28x13
            text run at (8,2) width 28: "Hello"
      RenderBlock (anonymous) at (0,20) size 784x18
        RenderText {#text} at (0,0) size 292x18
          text run at (0,0) width 292: "This text should be *below* the select widget."
