layer at (0,0) size 800x600
  RenderView at (0,0) size 800x600
layer at (0,0) size 800x600
  RenderBlock {HTML} at (0,0) size 800x600
    RenderBody {BODY} at (8,8) size 784x584
      RenderBlock {P} at (0,0) size 784x18
        RenderText {#text} at (0,0) size 598x18
          text run at (0,0) width 598: "The following button elements should all be rendered on the left, with their text center justified."
      RenderBlock (anonymous) at (0,34) size 784x88
        RenderButton {BUTTON} at (0,2) size 300x18 [bgcolor=#C0C0C0] [border: none (2px outset #C0C0C0) none (2px outset #C0C0C0)]
          RenderBlock (anonymous) at (8,2) size 284x13
            RenderText {#text} at (52,0) size 180x13
              text run at (52,0) width 180: "This is should be center justified."
        RenderText {#text} at (300,1) size 4x18
          text run at (300,1) width 4: " "
        RenderBR {BR} at (0,0) size 0x0
        RenderButton {BUTTON} at (0,24) size 300x18 [bgcolor=#C0C0C0] [border: none (2px outset #C0C0C0) none (2px outset #C0C0C0)]
          RenderBlock (anonymous) at (8,2) size 284x13
            RenderText {#text} at (52,0) size 180x13
              text run at (52,0) width 180: "This is should be center justified."
        RenderText {#text} at (300,23) size 4x18
          text run at (300,23) width 4: " "
        RenderBR {BR} at (0,0) size 0x0
        RenderButton {BUTTON} at (0,46) size 300x18 [bgcolor=#C0C0C0] [border: none (2px outset #C0C0C0) none (2px outset #C0C0C0)]
          RenderBlock (anonymous) at (8,2) size 284x13
            RenderText {#text} at (52,0) size 180x13
              text run at (52,0) width 180: "This is should be center justified."
        RenderText {#text} at (300,45) size 4x18
          text run at (300,45) width 4: " "
        RenderBR {BR} at (0,0) size 0x0
        RenderButton {BUTTON} at (0,68) size 300x18 [bgcolor=#C0C0C0] [border: none (2px outset #C0C0C0) none (2px outset #C0C0C0)]
          RenderBlock (anonymous) at (8,2) size 284x13
            RenderText {#text} at (52,0) size 180x13
              text run at (52,0) width 180: "This is should be center justified."
        RenderText {#text} at (0,0) size 0x0
        RenderText {#text} at (0,0) size 0x0
      RenderBlock {DIV} at (0,122) size 784x22
        RenderButton {BUTTON} at (0,2) size 300x18 [bgcolor=#C0C0C0] [border: none (2px outset #C0C0C0) none (2px outset #C0C0C0)]
          RenderBlock (anonymous) at (8,2) size 284x13
            RenderText {#text} at (52,0) size 180x13
              text run at (52,0) width 180: "This is should be center justified."
