layer at (0,0) size 800x600
  RenderView at (0,0) size 800x600
layer at (0,0) size 800x600
  RenderBlock {HTML} at (0,0) size 800x600
    RenderBody {BODY} at (8,8) size 784x584 [bgcolor=#800080]
      RenderText {#text} at (0,0) size 473x18
        text run at (0,0) width 473: "This tests that the default background color for the new text fields is white. "
      RenderBR {BR} at (473,14) size 0x0
      RenderTextControl {INPUT} at (2,20) size 123x19 [bgcolor=#FFFFFF] [border: (2px inset #000000)]
      RenderText {#text} at (0,0) size 0x0
layer at (13,31) size 117x13
  RenderBlock {DIV} at (3,3) size 117x13
    RenderText {#text} at (0,0) size 115x13
      text run at (0,0) width 115: "This should be white."
