layer at (0,0) size 800x600
  RenderView at (0,0) size 800x600
layer at (0,0) size 800x600
  RenderBlock {HTML} at (0,0) size 800x600
    RenderBody {BODY} at (8,8) size 784x584
      RenderText {#text} at (0,1) size 73x18
        text run at (0,1) width 73: "Test result: "
      RenderMenuList {SELECT} at (75,2) size 57x18 [bgcolor=#FFFFFF]
        RenderBlock (anonymous) at (0,0) size 57x18
          RenderText at (8,2) size 26x13
            text run at (8,2) width 26: "PASS"
      RenderText {#text} at (0,0) size 0x0
      RenderText {#text} at (0,0) size 0x0
