layer at (0,0) size 800x600
  RenderView at (0,0) size 800x600
layer at (0,0) size 800x600
  RenderBlock {HTML} at (0,0) size 800x600
    RenderBody {BODY} at (8,8) size 784x584
      RenderMenuList {SELECT} at (0,0) size 247x15 [bgcolor=#FFFFFF]
        RenderBlock (anonymous) at (0,0) size 247x16
          RenderText at (10,2) size 215x11
            text run at (10,2) width 215: "No overflow should be allowed on popup menus!"
      RenderText {#text} at (0,0) size 0x0
