layer at (0,0) size 800x600
  RenderView at (0,0) size 800x600
layer at (0,0) size 800x600
  RenderBlock {HTML} at (0,0) size 800x600
    RenderBody {BODY} at (8,8) size 784x584
      RenderBlock {P} at (0,0) size 784x36
        RenderText {#text} at (0,0) size 53x18
          text run at (0,0) width 53: "Test for "
        RenderInline {I} at (0,0) size 710x36
          RenderInline {A} at (0,0) size 301x18 [color=#0000EE]
            RenderText {#text} at (53,0) size 301x18
              text run at (53,0) width 301: "http://bugs.webkit.org/show_bug.cgi?id=13775"
          RenderText {#text} at (354,0) size 710x36
            text run at (354,0) width 4: " "
            text run at (358,0) width 352: "REGRESSION: Popup button text should use \"natural\""
            text run at (0,18) width 324: "directionality to match the items in the popup menu"
        RenderText {#text} at (324,18) size 4x18
          text run at (324,18) width 4: "."
      RenderBlock {P} at (0,52) size 784x19
        RenderText {#text} at (0,1) size 664x18
          text run at (0,1) width 508: "In all of the popup buttons below, the letter A should be on the left and the letter "
          text run at (508,1) width 11 RTL: "\x{5D0}"
          text run at (518,1) width 146: " should be on the right."
      RenderBlock {DIV} at (0,87) size 784x44
        RenderBlock {DIV} at (0,0) size 784x22
          RenderMenuList {SELECT} at (0,2) size 70x18 [bgcolor=#FFFFFF]
            RenderBlock (anonymous) at (0,0) size 70x18
              RenderText at (8,2) size 15x13
                text run at (8,2) width 8 RTL: "\x{5D0}"
                text run at (15,2) width 8: "A"
          RenderText {#text} at (70,1) size 4x18
            text run at (70,1) width 4: " "
          RenderMenuList {SELECT} at (74,2) size 70x18 [bgcolor=#FFFFFF]
            RenderBlock (anonymous) at (0,0) size 70x18
              RenderText at (8,2) size 15x13
                text run at (8,2) width 8: "A"
                text run at (15,2) width 8 RTL: "\x{5D0}"
          RenderText {#text} at (144,1) size 4x18
            text run at (144,1) width 4: " "
          RenderMenuList {SELECT} at (148,2) size 70x18 [bgcolor=#FFFFFF]
            RenderBlock (anonymous) at (0,0) size 70x18
              RenderText at (8,2) size 19x13
                text run at (8,2) width 4: "("
                text run at (11,2) width 8 RTL: "\x{5D0}"
                text run at (18,2) width 9: "A"
          RenderText {#text} at (218,1) size 4x18
            text run at (218,1) width 4: " "
          RenderMenuList {SELECT} at (222,2) size 70x18 [bgcolor=#FFFFFF]
            RenderBlock (anonymous) at (0,0) size 70x18
              RenderText at (8,2) size 19x13
                text run at (8,2) width 12: "(A"
                text run at (19,2) width 8 RTL: "\x{5D0}"
          RenderText {#text} at (0,0) size 0x0
        RenderBlock {DIV} at (0,22) size 784x22
          RenderMenuList {SELECT} at (492,2) size 70x18 [bgcolor=#FFFFFF]
            RenderBlock (anonymous) at (0,0) size 70x18
              RenderText at (8,2) size 15x13
                text run at (8,2) width 8 RTL: "\x{5D0}"
                text run at (15,2) width 8: "A"
          RenderText {#text} at (562,1) size 4x18
            text run at (562,1) width 4: " "
          RenderMenuList {SELECT} at (566,2) size 70x18 [bgcolor=#FFFFFF]
            RenderBlock (anonymous) at (0,0) size 70x18
              RenderText at (8,2) size 15x13
                text run at (8,2) width 8: "A"
                text run at (15,2) width 8 RTL: "\x{5D0}"
          RenderText {#text} at (636,1) size 4x18
            text run at (636,1) width 4: " "
          RenderMenuList {SELECT} at (640,2) size 70x18 [bgcolor=#FFFFFF]
            RenderBlock (anonymous) at (0,0) size 70x18
              RenderText at (8,2) size 19x13
                text run at (8,2) width 4: "("
                text run at (11,2) width 8 RTL: "\x{5D0}"
                text run at (18,2) width 9: "A"
          RenderText {#text} at (710,1) size 4x18
            text run at (710,1) width 4: " "
          RenderMenuList {SELECT} at (714,2) size 70x18 [bgcolor=#FFFFFF]
            RenderBlock (anonymous) at (0,0) size 70x18
              RenderText at (8,2) size 19x13
                text run at (8,2) width 12: "(A"
                text run at (19,2) width 8 RTL: "\x{5D0}"
          RenderText {#text} at (0,0) size 0x0
      RenderBlock {DIV} at (0,131) size 784x44
        RenderBlock {DIV} at (0,0) size 784x22
          RenderMenuList {SELECT} at (222,2) size 70x18 [bgcolor=#FFFFFF]
            RenderBlock (anonymous) at (0,0) size 70x18
              RenderText at (32,2) size 15x13
                text run at (32,2) width 8: "A"
                text run at (39,2) width 8 RTL: "\x{5D0}"
          RenderText {#text} at (218,1) size 4x18
            text run at (218,1) width 4 RTL: " "
          RenderMenuList {SELECT} at (148,2) size 70x18 [bgcolor=#FFFFFF]
            RenderBlock (anonymous) at (0,0) size 70x18
              RenderText at (32,2) size 15x13
                text run at (32,2) width 8 RTL: "\x{5D0}"
                text run at (39,2) width 8: "A"
          RenderText {#text} at (144,1) size 4x18
            text run at (144,1) width 4 RTL: " "
          RenderMenuList {SELECT} at (74,2) size 70x18 [bgcolor=#FFFFFF]
            RenderBlock (anonymous) at (0,0) size 70x18
              RenderText at (28,2) size 19x13
                text run at (28,2) width 9: "A"
                text run at (36,2) width 11 RTL: "(\x{5D0}"
          RenderText {#text} at (70,1) size 4x18
            text run at (70,1) width 4 RTL: " "
          RenderMenuList {SELECT} at (0,2) size 70x18 [bgcolor=#FFFFFF]
            RenderBlock (anonymous) at (0,0) size 70x18
              RenderText at (28,2) size 19x13
                text run at (28,2) width 8 RTL: "\x{5D0}"
                text run at (35,2) width 9: "A"
                text run at (43,2) width 4 RTL: "("
          RenderText {#text} at (0,0) size 0x0
        RenderBlock {DIV} at (0,22) size 784x22
          RenderMenuList {SELECT} at (714,2) size 70x18 [bgcolor=#FFFFFF]
            RenderBlock (anonymous) at (0,0) size 70x18
              RenderText at (32,2) size 15x13
                text run at (32,2) width 8: "A"
                text run at (39,2) width 8 RTL: "\x{5D0}"
          RenderText {#text} at (710,1) size 4x18
            text run at (710,1) width 4 RTL: " "
          RenderMenuList {SELECT} at (640,2) size 70x18 [bgcolor=#FFFFFF]
            RenderBlock (anonymous) at (0,0) size 70x18
              RenderText at (32,2) size 15x13
                text run at (32,2) width 8 RTL: "\x{5D0}"
                text run at (39,2) width 8: "A"
          RenderText {#text} at (636,1) size 4x18
            text run at (636,1) width 4 RTL: " "
          RenderMenuList {SELECT} at (566,2) size 70x18 [bgcolor=#FFFFFF]
            RenderBlock (anonymous) at (0,0) size 70x18
              RenderText at (28,2) size 19x13
                text run at (28,2) width 9: "A"
                text run at (36,2) width 11 RTL: "(\x{5D0}"
          RenderText {#text} at (562,1) size 4x18
            text run at (562,1) width 4 RTL: " "
          RenderMenuList {SELECT} at (492,2) size 70x18 [bgcolor=#FFFFFF]
            RenderBlock (anonymous) at (0,0) size 70x18
              RenderText at (28,2) size 19x13
                text run at (28,2) width 8 RTL: "\x{5D0}"
                text run at (35,2) width 9: "A"
                text run at (43,2) width 4 RTL: "("
          RenderText {#text} at (0,0) size 0x0
