layer at (0,0) size 800x600
  RenderView at (0,0) size 800x600
layer at (0,0) size 800x600
  RenderBlock {HTML} at (0,0) size 800x600
    RenderBody {BODY} at (8,8) size 784x584
      RenderText {#text} at (0,0) size 783x36
        text run at (0,0) width 783: "This tests that a malformed size attribute will be parsed and corrected so that the right size attribute value is used to match the"
        text run at (0,18) width 406: "style rule that determines whether to use a menu list or a list box."
      RenderBR {BR} at (406,32) size 0x0
      RenderMenuList {SELECT} at (2,38) size 51x18 [bgcolor=#FFFFFF]
        RenderBlock (anonymous) at (0,0) size 51x18
          RenderText at (8,2) size 20x13
            text run at (8,2) width 20: "test"
      RenderText {#text} at (0,0) size 0x0
