layer at (0,0) size 800x600
  RenderView at (0,0) size 800x600
layer at (0,0) size 800x600
  RenderBlock {HTML} at (0,0) size 800x600
    RenderBody {BODY} at (8,8) size 784x584
      RenderBlock (anonymous) at (0,0) size 784x40
        RenderText {#text} at (0,0) size 773x39
          text run at (0,0) width 773: "An absolute-positioned element, with no leading text, should still obey the alignment of its parent block. 'Hello World, And Stuff!'"
          text run at (0,20) width 474: "should be aligned to the center. https://bugs.webkit.org/show_bug.cgi?id=4860"
      RenderBlock {DIV} at (0,40) size 784x0
layer at (250,562) size 297x28
  RenderBlock (positioned) {FONT} at (250,562) size 297x28
    RenderText {#text} at (0,0) size 297x27
      text run at (0,0) width 297: "Hello World, And Stuff!"
