layer at (0,0) size 800x600
  RenderView at (0,0) size 800x600
layer at (0,0) size 800x600
  RenderBlock {HTML} at (0,0) size 800x600
    RenderBody {BODY} at (8,8) size 784x584
      RenderBlock (anonymous) at (0,0) size 784x40
        RenderText {#text} at (0,0) size 761x39
          text run at (0,0) width 761: "An absolute-positioned block, with no leading text, should still obey the alignment of its parent block. The blue block should be"
          text run at (0,20) width 412: "aligned to the center. https://bugs.webkit.org/show_bug.cgi?id=4860"
      RenderBlock {DIV} at (0,40) size 784x0
layer at (250,540) size 200x50
  RenderBlock (positioned) {DIV} at (250,540) size 200x50 [bgcolor=#0000FF]
