layer at (0,0) size 800x600
  RenderView at (0,0) size 800x600
layer at (0,0) size 800x600
  RenderBlock {HTML} at (0,0) size 800x600
    RenderBody {BODY} at (8,8) size 784x584
      RenderText {#text} at (0,0) size 776x19
        text run at (0,0) width 776: "The select item below has a label specified, and enclosed text that is whitespace. There should be no text shown in the select box."
      RenderBR {BR} at (776,15) size 0x0
      RenderMenuList {SELECT} at (2,21) size 35x24 [bgcolor=#FFFFFF]
        RenderBlock (anonymous) at (4,2) size 7x19
          RenderBR at (0,0) size 0x19 [bgcolor=#FFFFFF]
      RenderText {#text} at (0,0) size 0x0
