layer at (0,0) size 800x600
  RenderView at (0,0) size 800x600
layer at (0,0) size 800x600
  RenderBlock {HTML} at (0,0) size 800x600
    RenderBody {BODY} at (8,8) size 784x584
      RenderText {#text} at (0,0) size 315x19
        text run at (0,0) width 315: "This tests that you can set the placeholder text color."
      RenderBR {BR} at (315,15) size 0x0
      RenderTextControl {INPUT} at (2,21) size 192x23
      RenderText {#text} at (196,23) size 4x19
        text run at (196,23) width 4: " "
      RenderTextControl {INPUT} at (202,21) size 192x23
        RenderDeprecatedFlexibleBox {DIV} at (2,2) size 188x19
          RenderBlock {DIV} at (0,9) size 0x0
          RenderBlock {DIV} at (0,0) size 177x19
          RenderBlock {DIV} at (177,4) size 11x11
      RenderText {#text} at (396,23) size 4x19
        text run at (396,23) width 4: " "
      RenderTextControl {INPUT} at (402,21) size 192x23
      RenderText {#text} at (596,23) size 4x19
        text run at (596,23) width 4: " "
      RenderTextControl {INPUT} at (2,48) size 192x23
      RenderText {#text} at (196,50) size 4x19
        text run at (196,50) width 4: " "
      RenderTextControl {INPUT} at (202,48) size 192x23
      RenderText {#text} at (396,50) size 4x19
        text run at (396,50) width 4: " "
      RenderTextControl {INPUT} at (402,48) size 192x23
      RenderText {#text} at (0,0) size 0x0
layer at (12,31) size 188x19
  RenderBlock {DIV} at (2,2) size 188x19 [color=#640000]
    RenderText {#text} at (0,0) size 22x19
      text run at (0,0) width 22: "text"
layer at (12,31) size 188x19
  RenderBlock {DIV} at (2,2) size 188x19
layer at (212,31) size 177x19
  RenderBlock {DIV} at (2,2) size 177x19 [color=#640000]
    RenderText {#text} at (0,0) size 39x19
      text run at (0,0) width 39: "search"
layer at (212,31) size 177x19
  RenderBlock {DIV} at (0,0) size 177x19
layer at (412,31) size 188x19
  RenderBlock {DIV} at (2,2) size 188x19 [color=#640000]
    RenderText {#text} at (0,0) size 59x19
      text run at (0,0) width 59: "password"
layer at (412,31) size 188x19
  RenderBlock {DIV} at (2,2) size 188x19
layer at (12,58) size 188x19
  RenderBlock {DIV} at (2,2) size 188x19 [color=#640000]
    RenderText {#text} at (0,0) size 76x19
      text run at (0,0) width 76: "disabled text"
layer at (12,58) size 188x19
  RenderBlock {DIV} at (2,2) size 188x19 [color=#545454]
layer at (212,58) size 188x19
  RenderBlock {DIV} at (2,2) size 188x19 [color=#A9A9A9]
    RenderText {#text} at (0,0) size 40x19
      text run at (0,0) width 40: "default"
layer at (212,58) size 188x19
  RenderBlock {DIV} at (2,2) size 188x19
layer at (412,58) size 188x19
  RenderBlock {DIV} at (2,2) size 188x19 [color=#A9A9A9]
    RenderText {#text} at (0,0) size 94x19
      text run at (0,0) width 94: "default disabled"
layer at (412,58) size 188x19
  RenderBlock {DIV} at (2,2) size 188x19
