layer at (0,0) size 800x600
  RenderView at (0,0) size 800x600
layer at (0,0) size 800x600
  RenderBlock {HTML} at (0,0) size 800x600
    RenderBody {BODY} at (8,8) size 784x576
      RenderBlock {P} at (0,0) size 784x19
        RenderText {#text} at (0,0) size 51x19
          text run at (0,0) width 51: "Test for "
        RenderInline {I} at (0,0) size 701x19
          RenderInline {A} at (0,0) size 305x19 [color=#0000EE]
            RenderText {#text} at (51,0) size 305x19
              text run at (51,0) width 305: "http://bugs.webkit.org/show_bug.cgi?id=11916"
          RenderText {#text} at (356,0) size 396x19
            text run at (356,0) width 4: " "
            text run at (360,0) width 392: "REGRESSION (SearchField): RTL search fields are mixed up"
        RenderText {#text} at (752,0) size 4x19
          text run at (752,0) width 4: "."
      RenderBlock {P} at (0,35) size 784x81
        RenderTextControl {INPUT} at (2,2) size 192x23
          RenderDeprecatedFlexibleBox {DIV} at (2,2) size 188x19
            RenderBlock {DIV} at (0,9) size 0x0
            RenderBlock {DIV} at (0,0) size 177x19
            RenderBlock {DIV} at (177,4) size 11x11
        RenderText {#text} at (196,4) size 4x19
          text run at (196,4) width 4: " "
        RenderBR {BR} at (0,0) size 0x0
        RenderTextControl {INPUT} at (2,29) size 282x23
          RenderDeprecatedFlexibleBox {DIV} at (2,2) size 278x19
            RenderBlock {DIV} at (0,9) size 0x0
            RenderBlock {DIV} at (0,0) size 267x19
            RenderBlock {DIV} at (267,4) size 11x11
        RenderText {#text} at (286,31) size 4x19
          text run at (286,31) width 4: " "
        RenderBR {BR} at (0,0) size 0x0
        RenderTextControl {INPUT} at (2,56) size 192x23
          RenderDeprecatedFlexibleBox {DIV} at (2,2) size 188x19
            RenderBlock {DIV} at (0,9) size 0x0
            RenderBlock {DIV} at (0,0) size 177x19
            RenderBlock {DIV} at (177,4) size 11x11
        RenderText {#text} at (0,0) size 0x0
      RenderBlock {P} at (0,132) size 784x19
        RenderText {#text} at (0,0) size 38x19
          text run at (0,0) width 38: "PASS"
layer at (12,47) size 177x19
  RenderBlock {DIV} at (0,0) size 177x19
    RenderText {#text} at (119,0) size 58x19
      text run at (119,0) width 4 RTL: " \x{5D5}\x{5D6}\x{5D4}\x{5D5}"
      text run at (123,0) width 20: "she"
      text run at (143,0) width 12 RTL: " \x{5D5}\x{5D4}\x{5D9}\x{5D0} \x{5D6}\x{5D4} "
      text run at (155,0) width 14: "he"
      text run at (169,0) width 8 RTL: "\x{5D4}\x{5D5}\x{5D0} \x{5D6}\x{5D4} "
layer at (12,74) size 267x19
  RenderBlock {DIV} at (0,0) size 267x19
    RenderText {#text} at (209,0) size 58x19
      text run at (209,0) width 4 RTL: " \x{5D5}\x{5D6}\x{5D4}\x{5D5}"
      text run at (213,0) width 20: "she"
      text run at (233,0) width 12 RTL: " \x{5D5}\x{5D4}\x{5D9}\x{5D0} \x{5D6}\x{5D4} "
      text run at (245,0) width 14: "he"
      text run at (259,0) width 8 RTL: "\x{5D4}\x{5D5}\x{5D0} \x{5D6}\x{5D4} "
layer at (12,101) size 177x19
  RenderBlock {DIV} at (0,0) size 177x19
caret: position 0 of child 0 {DIV} of child 1 {DIV} of child 0 {DIV} of {#shadow-root} of child 9 {INPUT} of child 3 {P} of body
