layer at (0,0) size 800x600
  RenderView at (0,0) size 800x600
layer at (0,0) size 800x600
  RenderBlock {HTML} at (0,0) size 800x600
    RenderBody {BODY} at (8,8) size 784x584
      RenderText {#text} at (0,0) size 524x21
        text run at (0,0) width 524: "This tests that empty select controls and buttons have the correct baseline."
      RenderBR {BR} at (524,16) size 0x0
      RenderMenuList {SELECT} at (2,27) size 37x26 [bgcolor=#FFFFFF]
        RenderBlock (anonymous) at (4,2) size 9x21
          RenderBR at (0,0) size 0x21 [bgcolor=#FFFFFF]
      RenderText {#text} at (41,29) size 33x21
        text run at (41,29) width 33: " test "
      RenderMenuList {SELECT} at (76,27) size 53x26 [bgcolor=#FFFFFF]
        RenderBlock (anonymous) at (4,2) size 25x21
          RenderText at (0,0) size 25x21
            text run at (0,0) width 25: "test"
      RenderText {#text} at (131,29) size 4x21
        text run at (131,29) width 4: " "
      RenderMenuList {SELECT} at (137,26) size 39x27 [color=#00008B] [bgcolor=#ADD8E6] [border: (1px solid #00008B)]
        RenderBlock (anonymous) at (5,3) size 9x21
          RenderBR at (0,0) size 0x21 [bgcolor=#ADD8E6]
      RenderText {#text} at (178,29) size 33x21
        text run at (178,29) width 33: " test "
      RenderMenuList {SELECT} at (213,26) size 55x27 [color=#00008B] [bgcolor=#ADD8E6] [border: (1px solid #00008B)]
        RenderBlock (anonymous) at (5,3) size 25x21
          RenderText at (0,0) size 25x21
            text run at (0,0) width 25: "test"
      RenderText {#text} at (270,29) size 4x21
        text run at (270,29) width 4: " "
      RenderButton {BUTTON} at (276,23) size 12x33 [bgcolor=#C0C0C0]
      RenderText {#text} at (290,29) size 4x21
        text run at (290,29) width 4: " "
      RenderButton {BUTTON} at (296,23) size 37x33 [bgcolor=#C0C0C0]
        RenderBlock (anonymous) at (6,6) size 25x21
          RenderText {#text} at (0,0) size 25x21
            text run at (0,0) width 25: "test"
      RenderText {#text} at (335,29) size 4x21
        text run at (335,29) width 4: " "
      RenderButton {BUTTON} at (341,25) size 16x30 [color=#00008B] [bgcolor=#ADD8E6] [border: (2px outset #C0C0C0)]
      RenderText {#text} at (359,29) size 4x21
        text run at (359,29) width 4: " "
      RenderButton {BUTTON} at (365,25) size 41x30 [color=#00008B] [bgcolor=#ADD8E6] [border: (2px outset #C0C0C0)]
        RenderBlock (anonymous) at (8,4) size 25x21
          RenderText {#text} at (0,0) size 25x21
            text run at (0,0) width 25: "test"
      RenderText {#text} at (0,0) size 0x0
