layer at (0,0) size 785x5915
  RenderView at (0,0) size 785x600
layer at (0,0) size 785x5915
  RenderBlock {HTML} at (0,0) size 785x5915
    RenderBody {BODY} at (8,8) size 769x5891
      RenderBlock (anonymous) at (0,0) size 769x19
        RenderText {#text} at (0,0) size 324x19
          text run at (0,0) width 324: "This tests font choices and metrics for sans-serif fonts."
      RenderBlock {P} at (0,35) size 769x133
        RenderInline {FONT} at (0,0) size 762x133
          RenderText {#text} at (0,0) size 64x19
            text run at (0,0) width 64: "Helvetica"
          RenderBR {BR} at (64,15) size 0x0
          RenderText {#text} at (0,19) size 762x38
            text run at (0,19) width 762: "  ! \" # $ % & ' ( ) * + , - . / 0 1 2 3 4 5 6 7 8 9 : ; < = > ? @ A B C D E F G H I J K L M N O P Q R S T U V W X Y Z"
            text run at (0,38) width 394: "[ \\ ] ^ _ ` a b c d e f g h i j k l m n o p q r s t u v w x y z { | } > "
          RenderBR {BR} at (394,53) size 0x0
          RenderInline {B} at (0,0) size 756x38
            RenderText {#text} at (0,57) size 756x38
              text run at (0,57) width 756: "  ! \" # $ % & ' ( ) * + , - . / 0 1 2 3 4 5 6 7 8 9 : ; < = > ? @ A B C D E F G H I J K L M N O P Q R S T U V W X"
              text run at (0,76) width 457: "Y Z [ \\ ] ^ _ ` a b c d e f g h i j k l m n o p q r s t u v w x y z { | } > "
          RenderText {#text} at (0,0) size 0x0
          RenderBR {BR} at (0,0) size 0x0
          RenderInline {I} at (0,0) size 757x38
            RenderText {#text} at (0,95) size 757x38
              text run at (0,95) width 757: "  ! \" # $ % & ' ( ) * + , - . / 0 1 2 3 4 5 6 7 8 9 : ; < = > ? @ A B C D E F G H I J K L M N O P Q R S T U V W X Y"
              text run at (0,114) width 413: "Z [ \\ ] ^ _ ` a b c d e f g h i j k l m n o p q r s t u v w x y z { | } >"
          RenderText {#text} at (0,0) size 0x0
        RenderText {#text} at (0,0) size 0x0
      RenderBlock {P} at (0,184) size 769x133
        RenderInline {FONT} at (0,0) size 762x133
          RenderText {#text} at (0,0) size 103x19
            text run at (0,0) width 103: "Lucida Grande"
          RenderBR {BR} at (103,15) size 0x0
          RenderText {#text} at (0,19) size 762x38
            text run at (0,19) width 762: "  ! \" # $ % & ' ( ) * + , - . / 0 1 2 3 4 5 6 7 8 9 : ; < = > ? @ A B C D E F G H I J K L M N O P Q R S T U V W X Y Z"
            text run at (0,38) width 394: "[ \\ ] ^ _ ` a b c d e f g h i j k l m n o p q r s t u v w x y z { | } > "
          RenderBR {BR} at (394,53) size 0x0
          RenderInline {B} at (0,0) size 756x38
            RenderText {#text} at (0,57) size 756x38
              text run at (0,57) width 756: "  ! \" # $ % & ' ( ) * + , - . / 0 1 2 3 4 5 6 7 8 9 : ; < = > ? @ A B C D E F G H I J K L M N O P Q R S T U V W X"
              text run at (0,76) width 457: "Y Z [ \\ ] ^ _ ` a b c d e f g h i j k l m n o p q r s t u v w x y z { | } > "
          RenderText {#text} at (0,0) size 0x0
          RenderBR {BR} at (0,0) size 0x0
          RenderInline {I} at (0,0) size 757x38
            RenderText {#text} at (0,95) size 757x38
              text run at (0,95) width 757: "  ! \" # $ % & ' ( ) * + , - . / 0 1 2 3 4 5 6 7 8 9 : ; < = > ? @ A B C D E F G H I J K L M N O P Q R S T U V W X Y"
              text run at (0,114) width 413: "Z [ \\ ] ^ _ ` a b c d e f g h i j k l m n o p q r s t u v w x y z { | } >"
          RenderText {#text} at (0,0) size 0x0
        RenderText {#text} at (0,0) size 0x0
      RenderBlock {P} at (0,333) size 769x133
        RenderInline {FONT} at (0,0) size 762x133
          RenderText {#text} at (0,0) size 32x19
            text run at (0,0) width 32: "Arial"
          RenderBR {BR} at (32,15) size 0x0
          RenderText {#text} at (0,19) size 762x38
            text run at (0,19) width 762: "  ! \" # $ % & ' ( ) * + , - . / 0 1 2 3 4 5 6 7 8 9 : ; < = > ? @ A B C D E F G H I J K L M N O P Q R S T U V W X Y Z"
            text run at (0,38) width 394: "[ \\ ] ^ _ ` a b c d e f g h i j k l m n o p q r s t u v w x y z { | } > "
          RenderBR {BR} at (394,53) size 0x0
          RenderInline {B} at (0,0) size 756x38
            RenderText {#text} at (0,57) size 756x38
              text run at (0,57) width 756: "  ! \" # $ % & ' ( ) * + , - . / 0 1 2 3 4 5 6 7 8 9 : ; < = > ? @ A B C D E F G H I J K L M N O P Q R S T U V W X"
              text run at (0,76) width 457: "Y Z [ \\ ] ^ _ ` a b c d e f g h i j k l m n o p q r s t u v w x y z { | } > "
          RenderText {#text} at (0,0) size 0x0
          RenderBR {BR} at (0,0) size 0x0
          RenderInline {I} at (0,0) size 757x38
            RenderText {#text} at (0,95) size 757x38
              text run at (0,95) width 757: "  ! \" # $ % & ' ( ) * + , - . / 0 1 2 3 4 5 6 7 8 9 : ; < = > ? @ A B C D E F G H I J K L M N O P Q R S T U V W X Y"
              text run at (0,114) width 413: "Z [ \\ ] ^ _ ` a b c d e f g h i j k l m n o p q r s t u v w x y z { | } >"
          RenderText {#text} at (0,0) size 0x0
          RenderInline {FONT} at (0,0) size 0x0
            RenderText {#text} at (0,0) size 0x0
      RenderBlock {P} at (0,482) size 769x1805
        RenderInline {FONT} at (0,0) size 68x1805
          RenderInline {FONT} at (0,0) size 68x1805
            RenderText {#text} at (0,0) size 0x0
            RenderInline {FONT} at (0,0) size 68x1805
              RenderText {#text} at (0,0) size 68x19
                text run at (0,0) width 68: "sans-serif"
              RenderBR {BR} at (68,15) size 0x0
              RenderText {#text} at (0,19) size 16x19
                text run at (0,19) width 16: "    "
              RenderBR {BR} at (16,34) size 0x0
              RenderText {#text} at (0,38) size 20x19
                text run at (0,38) width 20: "!!!!"
              RenderBR {BR} at (20,53) size 0x0
              RenderText {#text} at (0,57) size 24x19
                text run at (0,57) width 24: "\"\"\"\""
              RenderBR {BR} at (24,72) size 0x0
              RenderText {#text} at (0,76) size 36x19
                text run at (0,76) width 36: "####"
              RenderBR {BR} at (36,91) size 0x0
              RenderText {#text} at (0,95) size 36x19
                text run at (0,95) width 36: "$$$$"
              RenderBR {BR} at (36,110) size 0x0
              RenderText {#text} at (0,114) size 56x19
                text run at (0,114) width 56: "%%%%"
              RenderBR {BR} at (56,129) size 0x0
              RenderText {#text} at (0,133) size 44x19
                text run at (0,133) width 44: "&&&&"
              RenderBR {BR} at (44,148) size 0x0
              RenderText {#text} at (0,152) size 12x19
                text run at (0,152) width 12: "''''"
              RenderBR {BR} at (12,167) size 0x0
              RenderText {#text} at (0,171) size 20x19
                text run at (0,171) width 20: "(((("
              RenderBR {BR} at (20,186) size 0x0
              RenderText {#text} at (0,190) size 20x19
                text run at (0,190) width 20: "))))"
              RenderBR {BR} at (20,205) size 0x0
              RenderText {#text} at (0,209) size 24x19
                text run at (0,209) width 24: "****"
              RenderBR {BR} at (24,224) size 0x0
              RenderText {#text} at (0,228) size 36x19
                text run at (0,228) width 36: "++++"
              RenderBR {BR} at (36,243) size 0x0
              RenderText {#text} at (0,247) size 16x19
                text run at (0,247) width 16: ",,,,"
              RenderBR {BR} at (16,262) size 0x0
              RenderText {#text} at (0,266) size 20x19
                text run at (0,266) width 20: "----"
              RenderBR {BR} at (20,281) size 0x0
              RenderText {#text} at (0,285) size 16x19
                text run at (0,285) width 16: "...."
              RenderBR {BR} at (16,300) size 0x0
              RenderText {#text} at (0,304) size 16x19
                text run at (0,304) width 16: "////"
              RenderBR {BR} at (16,319) size 0x0
              RenderText {#text} at (0,323) size 36x19
                text run at (0,323) width 36: "0000"
              RenderBR {BR} at (36,338) size 0x0
              RenderText {#text} at (0,342) size 36x19
                text run at (0,342) width 36: "1111"
              RenderBR {BR} at (36,357) size 0x0
              RenderText {#text} at (0,361) size 36x19
                text run at (0,361) width 36: "2222"
              RenderBR {BR} at (36,376) size 0x0
              RenderText {#text} at (0,380) size 36x19
                text run at (0,380) width 36: "3333"
              RenderBR {BR} at (36,395) size 0x0
              RenderText {#text} at (0,399) size 36x19
                text run at (0,399) width 36: "4444"
              RenderBR {BR} at (36,414) size 0x0
              RenderText {#text} at (0,418) size 36x19
                text run at (0,418) width 36: "5555"
              RenderBR {BR} at (36,433) size 0x0
              RenderText {#text} at (0,437) size 36x19
                text run at (0,437) width 36: "6666"
              RenderBR {BR} at (36,452) size 0x0
              RenderText {#text} at (0,456) size 36x19
                text run at (0,456) width 36: "7777"
              RenderBR {BR} at (36,471) size 0x0
              RenderText {#text} at (0,475) size 36x19
                text run at (0,475) width 36: "8888"
              RenderBR {BR} at (36,490) size 0x0
              RenderText {#text} at (0,494) size 36x19
                text run at (0,494) width 36: "9999"
              RenderBR {BR} at (36,509) size 0x0
              RenderText {#text} at (0,513) size 16x19
                text run at (0,513) width 16: "::::"
              RenderBR {BR} at (16,528) size 0x0
              RenderText {#text} at (0,532) size 16x19
                text run at (0,532) width 16: ";;;;"
              RenderBR {BR} at (16,547) size 0x0
              RenderText {#text} at (0,551) size 36x19
                text run at (0,551) width 36: "<<<<"
              RenderBR {BR} at (36,566) size 0x0
              RenderText {#text} at (0,570) size 36x19
                text run at (0,570) width 36: "===="
              RenderBR {BR} at (36,585) size 0x0
              RenderText {#text} at (0,589) size 36x19
                text run at (0,589) width 36: ">>>>"
              RenderBR {BR} at (36,604) size 0x0
              RenderText {#text} at (0,608) size 36x19
                text run at (0,608) width 36: "????"
              RenderBR {BR} at (36,623) size 0x0
              RenderText {#text} at (0,627) size 64x19
                text run at (0,627) width 64: "@@@@"
              RenderBR {BR} at (64,642) size 0x0
              RenderText {#text} at (0,646) size 44x19
                text run at (0,646) width 44: "AAAA"
              RenderBR {BR} at (44,661) size 0x0
              RenderText {#text} at (0,665) size 44x19
                text run at (0,665) width 44: "BBBB"
              RenderBR {BR} at (44,680) size 0x0
              RenderText {#text} at (0,684) size 48x19
                text run at (0,684) width 48: "CCCC"
              RenderBR {BR} at (48,699) size 0x0
              RenderText {#text} at (0,703) size 48x19
                text run at (0,703) width 48: "DDDD"
              RenderBR {BR} at (48,718) size 0x0
              RenderText {#text} at (0,722) size 44x19
                text run at (0,722) width 44: "EEEE"
              RenderBR {BR} at (44,737) size 0x0
              RenderText {#text} at (0,741) size 40x19
                text run at (0,741) width 40: "FFFF"
              RenderBR {BR} at (40,756) size 0x0
              RenderText {#text} at (0,760) size 48x19
                text run at (0,760) width 48: "GGGG"
              RenderBR {BR} at (48,775) size 0x0
              RenderText {#text} at (0,779) size 44x19
                text run at (0,779) width 44: "HHHH"
              RenderBR {BR} at (44,794) size 0x0
              RenderText {#text} at (0,798) size 12x19
                text run at (0,798) width 12: "IIII"
              RenderBR {BR} at (12,813) size 0x0
              RenderText {#text} at (0,817) size 32x19
                text run at (0,817) width 32: "JJJJ"
              RenderBR {BR} at (32,832) size 0x0
              RenderText {#text} at (0,836) size 44x19
                text run at (0,836) width 44: "KKKK"
              RenderBR {BR} at (44,851) size 0x0
              RenderText {#text} at (0,855) size 36x19
                text run at (0,855) width 36: "LLLL"
              RenderBR {BR} at (36,870) size 0x0
              RenderText {#text} at (0,874) size 52x19
                text run at (0,874) width 52: "MMMM"
              RenderBR {BR} at (52,889) size 0x0
              RenderText {#text} at (0,893) size 44x19
                text run at (0,893) width 44: "NNNN"
              RenderBR {BR} at (44,908) size 0x0
              RenderText {#text} at (0,912) size 48x19
                text run at (0,912) width 48: "OOOO"
              RenderBR {BR} at (48,927) size 0x0
              RenderText {#text} at (0,931) size 44x19
                text run at (0,931) width 44: "PPPP"
              RenderBR {BR} at (44,946) size 0x0
              RenderText {#text} at (0,950) size 48x19
                text run at (0,950) width 48: "QQQQ"
              RenderBR {BR} at (48,965) size 0x0
              RenderText {#text} at (0,969) size 44x19
                text run at (0,969) width 44: "RRRR"
              RenderBR {BR} at (44,984) size 0x0
              RenderText {#text} at (0,988) size 44x19
                text run at (0,988) width 44: "SSSS"
              RenderBR {BR} at (44,1003) size 0x0
              RenderText {#text} at (0,1007) size 36x19
                text run at (0,1007) width 36: "TTTT"
              RenderBR {BR} at (36,1022) size 0x0
              RenderText {#text} at (0,1026) size 44x19
                text run at (0,1026) width 44: "UUUU"
              RenderBR {BR} at (44,1041) size 0x0
              RenderText {#text} at (0,1045) size 44x19
                text run at (0,1045) width 44: "VVVV"
              RenderBR {BR} at (44,1060) size 0x0
              RenderText {#text} at (0,1064) size 60x19
                text run at (0,1064) width 60: "WWWW"
              RenderBR {BR} at (60,1079) size 0x0
              RenderText {#text} at (0,1083) size 44x19
                text run at (0,1083) width 44: "XXXX"
              RenderBR {BR} at (44,1098) size 0x0
              RenderText {#text} at (0,1102) size 36x19
                text run at (0,1102) width 36: "YYYY"
              RenderBR {BR} at (36,1117) size 0x0
              RenderText {#text} at (0,1121) size 36x19
                text run at (0,1121) width 36: "ZZZZ"
              RenderBR {BR} at (36,1136) size 0x0
              RenderText {#text} at (0,1140) size 16x19
                text run at (0,1140) width 16: "[[[["
              RenderBR {BR} at (16,1155) size 0x0
              RenderText {#text} at (0,1159) size 16x19
                text run at (0,1159) width 16: "\\\\\\\\"
              RenderBR {BR} at (16,1174) size 0x0
              RenderText {#text} at (0,1178) size 16x19
                text run at (0,1178) width 16: "]]]]"
              RenderBR {BR} at (16,1193) size 0x0
              RenderText {#text} at (0,1197) size 28x19
                text run at (0,1197) width 28: "^^^^"
              RenderBR {BR} at (28,1212) size 0x0
              RenderText {#text} at (0,1216) size 36x19
                text run at (0,1216) width 36: "____"
              RenderBR {BR} at (36,1231) size 0x0
              RenderText {#text} at (0,1235) size 20x19
                text run at (0,1235) width 20: "````"
              RenderBR {BR} at (20,1250) size 0x0
              RenderText {#text} at (0,1254) size 36x19
                text run at (0,1254) width 36: "aaaa"
              RenderBR {BR} at (36,1269) size 0x0
              RenderText {#text} at (0,1273) size 36x19
                text run at (0,1273) width 36: "bbbb"
              RenderBR {BR} at (36,1288) size 0x0
              RenderText {#text} at (0,1292) size 32x19
                text run at (0,1292) width 32: "cccc"
              RenderBR {BR} at (32,1307) size 0x0
              RenderText {#text} at (0,1311) size 36x19
                text run at (0,1311) width 36: "dddd"
              RenderBR {BR} at (36,1326) size 0x0
              RenderText {#text} at (0,1330) size 36x19
                text run at (0,1330) width 36: "eeee"
              RenderBR {BR} at (36,1345) size 0x0
              RenderText {#text} at (0,1349) size 16x19
                text run at (0,1349) width 16: "ffff"
              RenderBR {BR} at (16,1364) size 0x0
              RenderText {#text} at (0,1368) size 36x19
                text run at (0,1368) width 36: "gggg"
              RenderBR {BR} at (36,1383) size 0x0
              RenderText {#text} at (0,1387) size 32x19
                text run at (0,1387) width 32: "hhhh"
              RenderBR {BR} at (32,1402) size 0x0
              RenderText {#text} at (0,1406) size 16x19
                text run at (0,1406) width 16: "iiii"
              RenderBR {BR} at (16,1421) size 0x0
              RenderText {#text} at (0,1425) size 12x19
                text run at (0,1425) width 12: "jjjj"
              RenderBR {BR} at (12,1440) size 0x0
              RenderText {#text} at (0,1444) size 32x19
                text run at (0,1444) width 32: "kkkk"
              RenderBR {BR} at (32,1459) size 0x0
              RenderText {#text} at (0,1463) size 12x19
                text run at (0,1463) width 12: "llll"
              RenderBR {BR} at (12,1478) size 0x0
              RenderText {#text} at (0,1482) size 52x19
                text run at (0,1482) width 52: "mmmm"
              RenderBR {BR} at (52,1497) size 0x0
              RenderText {#text} at (0,1501) size 32x19
                text run at (0,1501) width 32: "nnnn"
              RenderBR {BR} at (32,1516) size 0x0
              RenderText {#text} at (0,1520) size 36x19
                text run at (0,1520) width 36: "oooo"
              RenderBR {BR} at (36,1535) size 0x0
              RenderText {#text} at (0,1539) size 36x19
                text run at (0,1539) width 36: "pppp"
              RenderBR {BR} at (36,1554) size 0x0
              RenderText {#text} at (0,1558) size 36x19
                text run at (0,1558) width 36: "qqqq"
              RenderBR {BR} at (36,1573) size 0x0
              RenderText {#text} at (0,1577) size 20x19
                text run at (0,1577) width 20: "rrrr"
              RenderBR {BR} at (20,1592) size 0x0
              RenderText {#text} at (0,1596) size 32x19
                text run at (0,1596) width 32: "ssss"
              RenderBR {BR} at (32,1611) size 0x0
              RenderText {#text} at (0,1615) size 16x19
                text run at (0,1615) width 16: "tttt"
              RenderBR {BR} at (16,1630) size 0x0
              RenderText {#text} at (0,1634) size 32x19
                text run at (0,1634) width 32: "uuuu"
              RenderBR {BR} at (32,1649) size 0x0
              RenderText {#text} at (0,1653) size 28x19
                text run at (0,1653) width 28: "vvvv"
              RenderBR {BR} at (28,1668) size 0x0
              RenderText {#text} at (0,1672) size 44x19
                text run at (0,1672) width 44: "wwww"
              RenderBR {BR} at (44,1687) size 0x0
              RenderText {#text} at (0,1691) size 28x19
                text run at (0,1691) width 28: "xxxx"
              RenderBR {BR} at (28,1706) size 0x0
              RenderText {#text} at (0,1710) size 28x19
                text run at (0,1710) width 28: "yyyy"
              RenderBR {BR} at (28,1725) size 0x0
              RenderText {#text} at (0,1729) size 28x19
                text run at (0,1729) width 28: "zzzz"
              RenderBR {BR} at (28,1744) size 0x0
              RenderText {#text} at (0,1748) size 20x19
                text run at (0,1748) width 20: "{{{{"
              RenderBR {BR} at (20,1763) size 0x0
              RenderText {#text} at (0,1767) size 12x19
                text run at (0,1767) width 12: "||||"
              RenderBR {BR} at (12,1782) size 0x0
              RenderText {#text} at (0,1786) size 20x19
                text run at (0,1786) width 20: "}}}}"
              RenderBR {BR} at (20,1801) size 0x0
      RenderBlock {P} at (0,2303) size 769x1786
        RenderInline {FONT} at (0,0) size 64x1786
          RenderInline {FONT} at (0,0) size 64x1786
            RenderInline {FONT} at (0,0) size 64x1786
              RenderText {#text} at (0,0) size 0x0
              RenderInline {B} at (0,0) size 64x1786
                RenderText {#text} at (0,0) size 16x19
                  text run at (0,0) width 16: "    "
                RenderBR {BR} at (16,15) size 0x0
                RenderText {#text} at (0,19) size 16x19
                  text run at (0,19) width 16: "!!!!"
                RenderBR {BR} at (16,34) size 0x0
                RenderText {#text} at (0,38) size 32x19
                  text run at (0,38) width 32: "\"\"\"\""
                RenderBR {BR} at (32,53) size 0x0
                RenderText {#text} at (0,57) size 36x19
                  text run at (0,57) width 36: "####"
                RenderBR {BR} at (36,72) size 0x0
                RenderText {#text} at (0,76) size 36x19
                  text run at (0,76) width 36: "$$$$"
                RenderBR {BR} at (36,91) size 0x0
                RenderText {#text} at (0,95) size 64x19
                  text run at (0,95) width 64: "%%%%"
                RenderBR {BR} at (64,110) size 0x0
                RenderText {#text} at (0,114) size 48x19
                  text run at (0,114) width 48: "&&&&"
                RenderBR {BR} at (48,129) size 0x0
                RenderText {#text} at (0,133) size 16x19
                  text run at (0,133) width 16: "''''"
                RenderBR {BR} at (16,148) size 0x0
                RenderText {#text} at (0,152) size 20x19
                  text run at (0,152) width 20: "(((("
                RenderBR {BR} at (20,167) size 0x0
                RenderText {#text} at (0,171) size 20x19
                  text run at (0,171) width 20: "))))"
                RenderBR {BR} at (20,186) size 0x0
                RenderText {#text} at (0,190) size 24x19
                  text run at (0,190) width 24: "****"
                RenderBR {BR} at (24,205) size 0x0
                RenderText {#text} at (0,209) size 36x19
                  text run at (0,209) width 36: "++++"
                RenderBR {BR} at (36,224) size 0x0
                RenderText {#text} at (0,228) size 16x19
                  text run at (0,228) width 16: ",,,,"
                RenderBR {BR} at (16,243) size 0x0
                RenderText {#text} at (0,247) size 20x19
                  text run at (0,247) width 20: "----"
                RenderBR {BR} at (20,262) size 0x0
                RenderText {#text} at (0,266) size 16x19
                  text run at (0,266) width 16: "...."
                RenderBR {BR} at (16,281) size 0x0
                RenderText {#text} at (0,285) size 16x19
                  text run at (0,285) width 16: "////"
                RenderBR {BR} at (16,300) size 0x0
                RenderText {#text} at (0,304) size 36x19
                  text run at (0,304) width 36: "0000"
                RenderBR {BR} at (36,319) size 0x0
                RenderText {#text} at (0,323) size 36x19
                  text run at (0,323) width 36: "1111"
                RenderBR {BR} at (36,338) size 0x0
                RenderText {#text} at (0,342) size 36x19
                  text run at (0,342) width 36: "2222"
                RenderBR {BR} at (36,357) size 0x0
                RenderText {#text} at (0,361) size 36x19
                  text run at (0,361) width 36: "3333"
                RenderBR {BR} at (36,376) size 0x0
                RenderText {#text} at (0,380) size 36x19
                  text run at (0,380) width 36: "4444"
                RenderBR {BR} at (36,395) size 0x0
                RenderText {#text} at (0,399) size 36x19
                  text run at (0,399) width 36: "5555"
                RenderBR {BR} at (36,414) size 0x0
                RenderText {#text} at (0,418) size 36x19
                  text run at (0,418) width 36: "6666"
                RenderBR {BR} at (36,433) size 0x0
                RenderText {#text} at (0,437) size 36x19
                  text run at (0,437) width 36: "7777"
                RenderBR {BR} at (36,452) size 0x0
                RenderText {#text} at (0,456) size 36x19
                  text run at (0,456) width 36: "8888"
                RenderBR {BR} at (36,471) size 0x0
                RenderText {#text} at (0,475) size 36x19
                  text run at (0,475) width 36: "9999"
                RenderBR {BR} at (36,490) size 0x0
                RenderText {#text} at (0,494) size 24x19
                  text run at (0,494) width 24: "::::"
                RenderBR {BR} at (24,509) size 0x0
                RenderText {#text} at (0,513) size 24x19
                  text run at (0,513) width 24: ";;;;"
                RenderBR {BR} at (24,528) size 0x0
                RenderText {#text} at (0,532) size 36x19
                  text run at (0,532) width 36: "<<<<"
                RenderBR {BR} at (36,547) size 0x0
                RenderText {#text} at (0,551) size 36x19
                  text run at (0,551) width 36: "===="
                RenderBR {BR} at (36,566) size 0x0
                RenderText {#text} at (0,570) size 36x19
                  text run at (0,570) width 36: ">>>>"
                RenderBR {BR} at (36,585) size 0x0
                RenderText {#text} at (0,589) size 40x19
                  text run at (0,589) width 40: "????"
                RenderBR {BR} at (40,604) size 0x0
                RenderText {#text} at (0,608) size 64x19
                  text run at (0,608) width 64: "@@@@"
                RenderBR {BR} at (64,623) size 0x0
                RenderText {#text} at (0,627) size 44x19
                  text run at (0,627) width 44: "AAAA"
                RenderBR {BR} at (44,642) size 0x0
                RenderText {#text} at (0,646) size 48x19
                  text run at (0,646) width 48: "BBBB"
                RenderBR {BR} at (48,661) size 0x0
                RenderText {#text} at (0,665) size 48x19
                  text run at (0,665) width 48: "CCCC"
                RenderBR {BR} at (48,680) size 0x0
                RenderText {#text} at (0,684) size 48x19
                  text run at (0,684) width 48: "DDDD"
                RenderBR {BR} at (48,699) size 0x0
                RenderText {#text} at (0,703) size 44x19
                  text run at (0,703) width 44: "EEEE"
                RenderBR {BR} at (44,718) size 0x0
                RenderText {#text} at (0,722) size 40x19
                  text run at (0,722) width 40: "FFFF"
                RenderBR {BR} at (40,737) size 0x0
                RenderText {#text} at (0,741) size 48x19
                  text run at (0,741) width 48: "GGGG"
                RenderBR {BR} at (48,756) size 0x0
                RenderText {#text} at (0,760) size 48x19
                  text run at (0,760) width 48: "HHHH"
                RenderBR {BR} at (48,775) size 0x0
                RenderText {#text} at (0,779) size 16x19
                  text run at (0,779) width 16: "IIII"
                RenderBR {BR} at (16,794) size 0x0
                RenderText {#text} at (0,798) size 36x19
                  text run at (0,798) width 36: "JJJJ"
                RenderBR {BR} at (36,813) size 0x0
                RenderText {#text} at (0,817) size 48x19
                  text run at (0,817) width 48: "KKKK"
                RenderBR {BR} at (48,832) size 0x0
                RenderText {#text} at (0,836) size 40x19
                  text run at (0,836) width 40: "LLLL"
                RenderBR {BR} at (40,851) size 0x0
                RenderText {#text} at (0,855) size 52x19
                  text run at (0,855) width 52: "MMMM"
                RenderBR {BR} at (52,870) size 0x0
                RenderText {#text} at (0,874) size 48x19
                  text run at (0,874) width 48: "NNNN"
                RenderBR {BR} at (48,889) size 0x0
                RenderText {#text} at (0,893) size 48x19
                  text run at (0,893) width 48: "OOOO"
                RenderBR {BR} at (48,908) size 0x0
                RenderText {#text} at (0,912) size 44x19
                  text run at (0,912) width 44: "PPPP"
                RenderBR {BR} at (44,927) size 0x0
                RenderText {#text} at (0,931) size 48x19
                  text run at (0,931) width 48: "QQQQ"
                RenderBR {BR} at (48,946) size 0x0
                RenderText {#text} at (0,950) size 48x19
                  text run at (0,950) width 48: "RRRR"
                RenderBR {BR} at (48,965) size 0x0
                RenderText {#text} at (0,969) size 44x19
                  text run at (0,969) width 44: "SSSS"
                RenderBR {BR} at (44,984) size 0x0
                RenderText {#text} at (0,988) size 40x19
                  text run at (0,988) width 40: "TTTT"
                RenderBR {BR} at (40,1003) size 0x0
                RenderText {#text} at (0,1007) size 48x19
                  text run at (0,1007) width 48: "UUUU"
                RenderBR {BR} at (48,1022) size 0x0
                RenderText {#text} at (0,1026) size 44x19
                  text run at (0,1026) width 44: "VVVV"
                RenderBR {BR} at (44,1041) size 0x0
                RenderText {#text} at (0,1045) size 60x19
                  text run at (0,1045) width 60: "WWWW"
                RenderBR {BR} at (60,1060) size 0x0
                RenderText {#text} at (0,1064) size 44x19
                  text run at (0,1064) width 44: "XXXX"
                RenderBR {BR} at (44,1079) size 0x0
                RenderText {#text} at (0,1083) size 40x19
                  text run at (0,1083) width 40: "YYYY"
                RenderBR {BR} at (40,1098) size 0x0
                RenderText {#text} at (0,1102) size 36x19
                  text run at (0,1102) width 36: "ZZZZ"
                RenderBR {BR} at (36,1117) size 0x0
                RenderText {#text} at (0,1121) size 20x19
                  text run at (0,1121) width 20: "[[[["
                RenderBR {BR} at (20,1136) size 0x0
                RenderText {#text} at (0,1140) size 16x19
                  text run at (0,1140) width 16: "\\\\\\\\"
                RenderBR {BR} at (16,1155) size 0x0
                RenderText {#text} at (0,1159) size 20x19
                  text run at (0,1159) width 20: "]]]]"
                RenderBR {BR} at (20,1174) size 0x0
                RenderText {#text} at (0,1178) size 36x19
                  text run at (0,1178) width 36: "^^^^"
                RenderBR {BR} at (36,1193) size 0x0
                RenderText {#text} at (0,1197) size 36x19
                  text run at (0,1197) width 36: "____"
                RenderBR {BR} at (36,1212) size 0x0
                RenderText {#text} at (0,1216) size 20x19
                  text run at (0,1216) width 20: "````"
                RenderBR {BR} at (20,1231) size 0x0
                RenderText {#text} at (0,1235) size 36x19
                  text run at (0,1235) width 36: "aaaa"
                RenderBR {BR} at (36,1250) size 0x0
                RenderText {#text} at (0,1254) size 40x19
                  text run at (0,1254) width 40: "bbbb"
                RenderBR {BR} at (40,1269) size 0x0
                RenderText {#text} at (0,1273) size 36x19
                  text run at (0,1273) width 36: "cccc"
                RenderBR {BR} at (36,1288) size 0x0
                RenderText {#text} at (0,1292) size 40x19
                  text run at (0,1292) width 40: "dddd"
                RenderBR {BR} at (40,1307) size 0x0
                RenderText {#text} at (0,1311) size 36x19
                  text run at (0,1311) width 36: "eeee"
                RenderBR {BR} at (36,1326) size 0x0
                RenderText {#text} at (0,1330) size 20x19
                  text run at (0,1330) width 20: "ffff"
                RenderBR {BR} at (20,1345) size 0x0
                RenderText {#text} at (0,1349) size 40x19
                  text run at (0,1349) width 40: "gggg"
                RenderBR {BR} at (40,1364) size 0x0
                RenderText {#text} at (0,1368) size 40x19
                  text run at (0,1368) width 40: "hhhh"
                RenderBR {BR} at (40,1383) size 0x0
                RenderText {#text} at (0,1387) size 16x19
                  text run at (0,1387) width 16: "iiii"
                RenderBR {BR} at (16,1402) size 0x0
                RenderText {#text} at (0,1406) size 16x19
                  text run at (0,1406) width 16: "jjjj"
                RenderBR {BR} at (16,1421) size 0x0
                RenderText {#text} at (0,1425) size 36x19
                  text run at (0,1425) width 36: "kkkk"
                RenderBR {BR} at (36,1440) size 0x0
                RenderText {#text} at (0,1444) size 16x19
                  text run at (0,1444) width 16: "llll"
                RenderBR {BR} at (16,1459) size 0x0
                RenderText {#text} at (0,1463) size 56x19
                  text run at (0,1463) width 56: "mmmm"
                RenderBR {BR} at (56,1478) size 0x0
                RenderText {#text} at (0,1482) size 40x19
                  text run at (0,1482) width 40: "nnnn"
                RenderBR {BR} at (40,1497) size 0x0
                RenderText {#text} at (0,1501) size 40x19
                  text run at (0,1501) width 40: "oooo"
                RenderBR {BR} at (40,1516) size 0x0
                RenderText {#text} at (0,1520) size 40x19
                  text run at (0,1520) width 40: "pppp"
                RenderBR {BR} at (40,1535) size 0x0
                RenderText {#text} at (0,1539) size 40x19
                  text run at (0,1539) width 40: "qqqq"
                RenderBR {BR} at (40,1554) size 0x0
                RenderText {#text} at (0,1558) size 24x19
                  text run at (0,1558) width 24: "rrrr"
                RenderBR {BR} at (24,1573) size 0x0
                RenderText {#text} at (0,1577) size 36x19
                  text run at (0,1577) width 36: "ssss"
                RenderBR {BR} at (36,1592) size 0x0
                RenderText {#text} at (0,1596) size 20x19
                  text run at (0,1596) width 20: "tttt"
                RenderBR {BR} at (20,1611) size 0x0
                RenderText {#text} at (0,1615) size 36x19
                  text run at (0,1615) width 36: "uuuu"
                RenderBR {BR} at (36,1630) size 0x0
                RenderText {#text} at (0,1634) size 36x19
                  text run at (0,1634) width 36: "vvvv"
                RenderBR {BR} at (36,1649) size 0x0
                RenderText {#text} at (0,1653) size 48x19
                  text run at (0,1653) width 48: "wwww"
                RenderBR {BR} at (48,1668) size 0x0
                RenderText {#text} at (0,1672) size 36x19
                  text run at (0,1672) width 36: "xxxx"
                RenderBR {BR} at (36,1687) size 0x0
                RenderText {#text} at (0,1691) size 36x19
                  text run at (0,1691) width 36: "yyyy"
                RenderBR {BR} at (36,1706) size 0x0
                RenderText {#text} at (0,1710) size 36x19
                  text run at (0,1710) width 36: "zzzz"
                RenderBR {BR} at (36,1725) size 0x0
                RenderText {#text} at (0,1729) size 24x19
                  text run at (0,1729) width 24: "{{{{"
                RenderBR {BR} at (24,1744) size 0x0
                RenderText {#text} at (0,1748) size 16x19
                  text run at (0,1748) width 16: "||||"
                RenderBR {BR} at (16,1763) size 0x0
                RenderText {#text} at (0,1767) size 24x19
                  text run at (0,1767) width 24: "}}}}"
                RenderBR {BR} at (24,1782) size 0x0
              RenderText {#text} at (0,0) size 0x0
      RenderBlock {P} at (0,4105) size 769x1786
        RenderInline {FONT} at (0,0) size 64x1786
          RenderInline {FONT} at (0,0) size 64x1786
            RenderInline {FONT} at (0,0) size 64x1786
              RenderText {#text} at (0,0) size 0x0
              RenderInline {I} at (0,0) size 64x1786
                RenderText {#text} at (0,0) size 16x19
                  text run at (0,0) width 16: "    "
                RenderBR {BR} at (16,15) size 0x0
                RenderText {#text} at (0,19) size 16x19
                  text run at (0,19) width 16: "!!!!"
                RenderBR {BR} at (16,34) size 0x0
                RenderText {#text} at (0,38) size 24x19
                  text run at (0,38) width 24: "\"\"\"\""
                RenderBR {BR} at (24,53) size 0x0
                RenderText {#text} at (0,57) size 36x19
                  text run at (0,57) width 36: "####"
                RenderBR {BR} at (36,72) size 0x0
                RenderText {#text} at (0,76) size 36x19
                  text run at (0,76) width 36: "$$$$"
                RenderBR {BR} at (36,91) size 0x0
                RenderText {#text} at (0,95) size 56x19
                  text run at (0,95) width 56: "%%%%"
                RenderBR {BR} at (56,110) size 0x0
                RenderText {#text} at (0,114) size 44x19
                  text run at (0,114) width 44: "&&&&"
                RenderBR {BR} at (44,129) size 0x0
                RenderText {#text} at (0,133) size 12x19
                  text run at (0,133) width 12: "''''"
                RenderBR {BR} at (12,148) size 0x0
                RenderText {#text} at (0,152) size 20x19
                  text run at (0,152) width 20: "(((("
                RenderBR {BR} at (20,167) size 0x0
                RenderText {#text} at (0,171) size 20x19
                  text run at (0,171) width 20: "))))"
                RenderBR {BR} at (20,186) size 0x0
                RenderText {#text} at (0,190) size 24x19
                  text run at (0,190) width 24: "****"
                RenderBR {BR} at (24,205) size 0x0
                RenderText {#text} at (0,209) size 36x19
                  text run at (0,209) width 36: "++++"
                RenderBR {BR} at (36,224) size 0x0
                RenderText {#text} at (0,228) size 16x19
                  text run at (0,228) width 16: ",,,,"
                RenderBR {BR} at (16,243) size 0x0
                RenderText {#text} at (0,247) size 20x19
                  text run at (0,247) width 20: "----"
                RenderBR {BR} at (20,262) size 0x0
                RenderText {#text} at (0,266) size 16x19
                  text run at (0,266) width 16: "...."
                RenderBR {BR} at (16,281) size 0x0
                RenderText {#text} at (0,285) size 16x19
                  text run at (0,285) width 16: "////"
                RenderBR {BR} at (16,300) size 0x0
                RenderText {#text} at (0,304) size 36x19
                  text run at (0,304) width 36: "0000"
                RenderBR {BR} at (36,319) size 0x0
                RenderText {#text} at (0,323) size 36x19
                  text run at (0,323) width 36: "1111"
                RenderBR {BR} at (36,338) size 0x0
                RenderText {#text} at (0,342) size 36x19
                  text run at (0,342) width 36: "2222"
                RenderBR {BR} at (36,357) size 0x0
                RenderText {#text} at (0,361) size 36x19
                  text run at (0,361) width 36: "3333"
                RenderBR {BR} at (36,376) size 0x0
                RenderText {#text} at (0,380) size 36x19
                  text run at (0,380) width 36: "4444"
                RenderBR {BR} at (36,395) size 0x0
                RenderText {#text} at (0,399) size 36x19
                  text run at (0,399) width 36: "5555"
                RenderBR {BR} at (36,414) size 0x0
                RenderText {#text} at (0,418) size 36x19
                  text run at (0,418) width 36: "6666"
                RenderBR {BR} at (36,433) size 0x0
                RenderText {#text} at (0,437) size 36x19
                  text run at (0,437) width 36: "7777"
                RenderBR {BR} at (36,452) size 0x0
                RenderText {#text} at (0,456) size 36x19
                  text run at (0,456) width 36: "8888"
                RenderBR {BR} at (36,471) size 0x0
                RenderText {#text} at (0,475) size 36x19
                  text run at (0,475) width 36: "9999"
                RenderBR {BR} at (36,490) size 0x0
                RenderText {#text} at (0,494) size 16x19
                  text run at (0,494) width 16: "::::"
                RenderBR {BR} at (16,509) size 0x0
                RenderText {#text} at (0,513) size 16x19
                  text run at (0,513) width 16: ";;;;"
                RenderBR {BR} at (16,528) size 0x0
                RenderText {#text} at (0,532) size 36x19
                  text run at (0,532) width 36: "<<<<"
                RenderBR {BR} at (36,547) size 0x0
                RenderText {#text} at (0,551) size 36x19
                  text run at (0,551) width 36: "===="
                RenderBR {BR} at (36,566) size 0x0
                RenderText {#text} at (0,570) size 36x19
                  text run at (0,570) width 36: ">>>>"
                RenderBR {BR} at (36,585) size 0x0
                RenderText {#text} at (0,589) size 36x19
                  text run at (0,589) width 36: "????"
                RenderBR {BR} at (36,604) size 0x0
                RenderText {#text} at (0,608) size 64x19
                  text run at (0,608) width 64: "@@@@"
                RenderBR {BR} at (64,623) size 0x0
                RenderText {#text} at (0,627) size 44x19
                  text run at (0,627) width 44: "AAAA"
                RenderBR {BR} at (44,642) size 0x0
                RenderText {#text} at (0,646) size 44x19
                  text run at (0,646) width 44: "BBBB"
                RenderBR {BR} at (44,661) size 0x0
                RenderText {#text} at (0,665) size 48x19
                  text run at (0,665) width 48: "CCCC"
                RenderBR {BR} at (48,680) size 0x0
                RenderText {#text} at (0,684) size 48x19
                  text run at (0,684) width 48: "DDDD"
                RenderBR {BR} at (48,699) size 0x0
                RenderText {#text} at (0,703) size 44x19
                  text run at (0,703) width 44: "EEEE"
                RenderBR {BR} at (44,718) size 0x0
                RenderText {#text} at (0,722) size 40x19
                  text run at (0,722) width 40: "FFFF"
                RenderBR {BR} at (40,737) size 0x0
                RenderText {#text} at (0,741) size 48x19
                  text run at (0,741) width 48: "GGGG"
                RenderBR {BR} at (48,756) size 0x0
                RenderText {#text} at (0,760) size 48x19
                  text run at (0,760) width 48: "HHHH"
                RenderBR {BR} at (48,775) size 0x0
                RenderText {#text} at (0,779) size 16x19
                  text run at (0,779) width 16: "IIII"
                RenderBR {BR} at (16,794) size 0x0
                RenderText {#text} at (0,798) size 32x19
                  text run at (0,798) width 32: "JJJJ"
                RenderBR {BR} at (32,813) size 0x0
                RenderText {#text} at (0,817) size 44x19
                  text run at (0,817) width 44: "KKKK"
                RenderBR {BR} at (44,832) size 0x0
                RenderText {#text} at (0,836) size 36x19
                  text run at (0,836) width 36: "LLLL"
                RenderBR {BR} at (36,851) size 0x0
                RenderText {#text} at (0,855) size 56x19
                  text run at (0,855) width 56: "MMMM"
                RenderBR {BR} at (56,870) size 0x0
                RenderText {#text} at (0,874) size 48x19
                  text run at (0,874) width 48: "NNNN"
                RenderBR {BR} at (48,889) size 0x0
                RenderText {#text} at (0,893) size 48x19
                  text run at (0,893) width 48: "OOOO"
                RenderBR {BR} at (48,908) size 0x0
                RenderText {#text} at (0,912) size 44x19
                  text run at (0,912) width 44: "PPPP"
                RenderBR {BR} at (44,927) size 0x0
                RenderText {#text} at (0,931) size 48x19
                  text run at (0,931) width 48: "QQQQ"
                RenderBR {BR} at (48,946) size 0x0
                RenderText {#text} at (0,950) size 48x19
                  text run at (0,950) width 48: "RRRR"
                RenderBR {BR} at (48,965) size 0x0
                RenderText {#text} at (0,969) size 44x19
                  text run at (0,969) width 44: "SSSS"
                RenderBR {BR} at (44,984) size 0x0
                RenderText {#text} at (0,988) size 40x19
                  text run at (0,988) width 40: "TTTT"
                RenderBR {BR} at (40,1003) size 0x0
                RenderText {#text} at (0,1007) size 48x19
                  text run at (0,1007) width 48: "UUUU"
                RenderBR {BR} at (48,1022) size 0x0
                RenderText {#text} at (0,1026) size 44x19
                  text run at (0,1026) width 44: "VVVV"
                RenderBR {BR} at (44,1041) size 0x0
                RenderText {#text} at (0,1045) size 60x19
                  text run at (0,1045) width 60: "WWWW"
                RenderBR {BR} at (60,1060) size 0x0
                RenderText {#text} at (0,1064) size 44x19
                  text run at (0,1064) width 44: "XXXX"
                RenderBR {BR} at (44,1079) size 0x0
                RenderText {#text} at (0,1083) size 44x19
                  text run at (0,1083) width 44: "YYYY"
                RenderBR {BR} at (44,1098) size 0x0
                RenderText {#text} at (0,1102) size 40x19
                  text run at (0,1102) width 40: "ZZZZ"
                RenderBR {BR} at (40,1117) size 0x0
                RenderText {#text} at (0,1121) size 16x19
                  text run at (0,1121) width 16: "[[[["
                RenderBR {BR} at (16,1136) size 0x0
                RenderText {#text} at (0,1140) size 16x19
                  text run at (0,1140) width 16: "\\\\\\\\"
                RenderBR {BR} at (16,1155) size 0x0
                RenderText {#text} at (0,1159) size 16x19
                  text run at (0,1159) width 16: "]]]]"
                RenderBR {BR} at (16,1174) size 0x0
                RenderText {#text} at (0,1178) size 32x19
                  text run at (0,1178) width 32: "^^^^"
                RenderBR {BR} at (32,1193) size 0x0
                RenderText {#text} at (0,1197) size 36x19
                  text run at (0,1197) width 36: "____"
                RenderBR {BR} at (36,1212) size 0x0
                RenderText {#text} at (0,1216) size 20x19
                  text run at (0,1216) width 20: "````"
                RenderBR {BR} at (20,1231) size 0x0
                RenderText {#text} at (0,1235) size 36x19
                  text run at (0,1235) width 36: "aaaa"
                RenderBR {BR} at (36,1250) size 0x0
                RenderText {#text} at (0,1254) size 36x19
                  text run at (0,1254) width 36: "bbbb"
                RenderBR {BR} at (36,1269) size 0x0
                RenderText {#text} at (0,1273) size 32x19
                  text run at (0,1273) width 32: "cccc"
                RenderBR {BR} at (32,1288) size 0x0
                RenderText {#text} at (0,1292) size 36x19
                  text run at (0,1292) width 36: "dddd"
                RenderBR {BR} at (36,1307) size 0x0
                RenderText {#text} at (0,1311) size 36x19
                  text run at (0,1311) width 36: "eeee"
                RenderBR {BR} at (36,1326) size 0x0
                RenderText {#text} at (0,1330) size 16x19
                  text run at (0,1330) width 16: "ffff"
                RenderBR {BR} at (16,1345) size 0x0
                RenderText {#text} at (0,1349) size 36x19
                  text run at (0,1349) width 36: "gggg"
                RenderBR {BR} at (36,1364) size 0x0
                RenderText {#text} at (0,1368) size 36x19
                  text run at (0,1368) width 36: "hhhh"
                RenderBR {BR} at (36,1383) size 0x0
                RenderText {#text} at (0,1387) size 16x19
                  text run at (0,1387) width 16: "iiii"
                RenderBR {BR} at (16,1402) size 0x0
                RenderText {#text} at (0,1406) size 16x19
                  text run at (0,1406) width 16: "jjjj"
                RenderBR {BR} at (16,1421) size 0x0
                RenderText {#text} at (0,1425) size 32x19
                  text run at (0,1425) width 32: "kkkk"
                RenderBR {BR} at (32,1440) size 0x0
                RenderText {#text} at (0,1444) size 16x19
                  text run at (0,1444) width 16: "llll"
                RenderBR {BR} at (16,1459) size 0x0
                RenderText {#text} at (0,1463) size 56x19
                  text run at (0,1463) width 56: "mmmm"
                RenderBR {BR} at (56,1478) size 0x0
                RenderText {#text} at (0,1482) size 36x19
                  text run at (0,1482) width 36: "nnnn"
                RenderBR {BR} at (36,1497) size 0x0
                RenderText {#text} at (0,1501) size 36x19
                  text run at (0,1501) width 36: "oooo"
                RenderBR {BR} at (36,1516) size 0x0
                RenderText {#text} at (0,1520) size 36x19
                  text run at (0,1520) width 36: "pppp"
                RenderBR {BR} at (36,1535) size 0x0
                RenderText {#text} at (0,1539) size 36x19
                  text run at (0,1539) width 36: "qqqq"
                RenderBR {BR} at (36,1554) size 0x0
                RenderText {#text} at (0,1558) size 20x19
                  text run at (0,1558) width 20: "rrrr"
                RenderBR {BR} at (20,1573) size 0x0
                RenderText {#text} at (0,1577) size 32x19
                  text run at (0,1577) width 32: "ssss"
                RenderBR {BR} at (32,1592) size 0x0
                RenderText {#text} at (0,1596) size 16x19
                  text run at (0,1596) width 16: "tttt"
                RenderBR {BR} at (16,1611) size 0x0
                RenderText {#text} at (0,1615) size 36x19
                  text run at (0,1615) width 36: "uuuu"
                RenderBR {BR} at (36,1630) size 0x0
                RenderText {#text} at (0,1634) size 32x19
                  text run at (0,1634) width 32: "vvvv"
                RenderBR {BR} at (32,1649) size 0x0
                RenderText {#text} at (0,1653) size 36x19
                  text run at (0,1653) width 36: "wwww"
                RenderBR {BR} at (36,1668) size 0x0
                RenderText {#text} at (0,1672) size 32x19
                  text run at (0,1672) width 32: "xxxx"
                RenderBR {BR} at (32,1687) size 0x0
                RenderText {#text} at (0,1691) size 32x19
                  text run at (0,1691) width 32: "yyyy"
                RenderBR {BR} at (32,1706) size 0x0
                RenderText {#text} at (0,1710) size 28x19
                  text run at (0,1710) width 28: "zzzz"
                RenderBR {BR} at (28,1725) size 0x0
                RenderText {#text} at (0,1729) size 20x19
                  text run at (0,1729) width 20: "{{{{"
                RenderBR {BR} at (20,1744) size 0x0
                RenderText {#text} at (0,1748) size 16x19
                  text run at (0,1748) width 16: "||||"
                RenderBR {BR} at (16,1763) size 0x0
                RenderText {#text} at (0,1767) size 20x19
                  text run at (0,1767) width 20: "}}}}"
                RenderBR {BR} at (20,1782) size 0x0
              RenderText {#text} at (0,0) size 0x0
            RenderText {#text} at (0,0) size 0x0
