layer at (0,0) size 800x600
  RenderView at (0,0) size 800x600
layer at (0,0) size 800x178
  RenderBlock {HTML} at (0,0) size 800x178
layer at (8,8) size 162x162 clip at (9,9) size 144x144 scrollHeight 240
  RenderBody {BODY} at (8,8) size 162x162 [color=#000080] [border: (1px solid #000080)]
    RenderBlock {P} at (1,17) size 144x72
      RenderText {#text} at (0,0) size 140x71
        text run at (0,0) width 104: "There should be"
        text run at (0,18) width 140: "scrollbars for this box"
        text run at (0,36) width 82: "-- not for the"
        text run at (0,54) width 61: "viewport."
    RenderBlock {P} at (1,105) size 144x18 [color=#808080]
      RenderText {#text} at (0,0) size 111x17
        text run at (0,0) width 111: "This is filler text."
    RenderBlock {P} at (1,139) size 144x18 [color=#808080]
      RenderText {#text} at (0,0) size 111x17
        text run at (0,0) width 111: "This is filler text."
    RenderBlock {P} at (1,173) size 144x18 [color=#808080]
      RenderText {#text} at (0,0) size 111x17
        text run at (0,0) width 111: "This is filler text."
    RenderBlock {P} at (1,207) size 144x18 [color=#808080]
      RenderText {#text} at (0,0) size 111x17
        text run at (0,0) width 111: "This is filler text."
