layer at (0,0) size 800x600
  RenderView at (0,0) size 800x600
layer at (0,0) size 800x34
  RenderBlock {HTML} at (0,0) size 800x34
    RenderBody {BODY} at (8,8) size 784x18
      RenderBlock {ADDRESS} at (0,0) size 784x18 [bgcolor=#00FF00]
        RenderInline {SPAN} at (0,0) size 133x17
          RenderText {#text} at (0,0) size 133x17
            text run at (0,0) width 133: "This address should "
        RenderText {#text} at (0,0) size 0x0
        RenderInline {SPAN} at (0,0) size 575x17
          RenderText {#text} at (132,0) size 575x17
            text run at (132,0) width 247: "have a green background because the "
            text run at (378,0) width 329: "selector in last rule does not apply to inner SPANs."
        RenderText {#text} at (0,0) size 0x0
