layer at (0,0) size 784x3317
  RenderView at (0,0) size 784x600
layer at (0,0) size 784x3317
  RenderBlock {HTML} at (0,0) size 784x3317
    RenderBody {BODY} at (8,21) size 768x3280
      RenderBlock {H1} at (0,0) size 768x37
        RenderText {#text} at (0,0) size 251x36
          text run at (0,0) width 251: "HTML Test Index"
      RenderBlock {P} at (0,58) size 768x18
        RenderText {#text} at (0,0) size 317x17
          text run at (0,0) width 317: "The HTML tests are available in several variants."
      RenderBlock {H2} at (0,95) size 768x27
        RenderText {#text} at (0,0) size 283x26
          text run at (0,0) width 283: "Tests With Navigation Aids"
      RenderBlock {P} at (0,141) size 768x36
        RenderText {#text} at (0,0) size 733x35
          text run at (0,0) width 733: "Each category of test is available using several different harnesses. The name of the harness describes how the test"
          text run at (0,18) width 724: "markup is contained within it, for example the Xlink embed case uses an XLink with the show axis set to embed."
      RenderBlock {UL} at (0,193) size 768x180
        RenderListItem {LI} at (40,0) size 728x36
          RenderListMarker at (-17,0) size 7x17: bullet
          RenderInline {A} at (0,0) size 23x17 [color=#0000EE]
            RenderText {#text} at (0,0) size 23x17
              text run at (0,0) width 23: "full"
          RenderText {#text} at (22,0) size 9x17
            text run at (22,0) width 9: ": "
          RenderInline {A} at (0,0) size 97x17 [color=#0000EE]
            RenderText {#text} at (30,0) size 97x17
              text run at (30,0) width 97: "Self Contained"
          RenderText {#text} at (126,0) size 9x17
            text run at (126,0) width 9: ", "
          RenderInline {A} at (0,0) size 121x17 [color=#0000EE]
            RenderText {#text} at (134,0) size 121x17
              text run at (134,0) width 121: "XHTML <iframe>"
          RenderText {#text} at (254,0) size 9x17
            text run at (254,0) width 9: ", "
          RenderInline {A} at (0,0) size 119x17 [color=#0000EE]
            RenderText {#text} at (262,0) size 119x17
              text run at (262,0) width 119: "XHTML <object>"
          RenderText {#text} at (380,0) size 9x17
            text run at (380,0) width 9: ", "
          RenderInline {A} at (0,0) size 118x17 [color=#0000EE]
            RenderText {#text} at (388,0) size 118x17
              text run at (388,0) width 118: "XHTML <frame>"
          RenderText {#text} at (505,0) size 9x17
            text run at (505,0) width 9: ", "
          RenderInline {A} at (0,0) size 110x17 [color=#0000EE]
            RenderText {#text} at (513,0) size 110x17
              text run at (513,0) width 110: "HTML <iframe>"
          RenderText {#text} at (622,0) size 9x17
            text run at (622,0) width 9: ", "
          RenderInline {A} at (0,0) size 676x35 [color=#0000EE]
            RenderText {#text} at (630,0) size 676x35
              text run at (630,0) width 46: "HTML"
              text run at (0,18) width 58: "<object>"
          RenderText {#text} at (57,18) size 9x17
            text run at (57,18) width 9: ", "
          RenderInline {A} at (0,0) size 105x17 [color=#0000EE]
            RenderText {#text} at (65,18) size 105x17
              text run at (65,18) width 105: "HTML <frame>"
          RenderText {#text} at (169,18) size 9x17
            text run at (169,18) width 9: ", "
          RenderInline {A} at (0,0) size 90x17 [color=#0000EE]
            RenderText {#text} at (177,18) size 90x17
              text run at (177,18) width 90: "XLink embed"
          RenderText {#text} at (266,18) size 9x17
            text run at (266,18) width 9: ", "
          RenderInline {A} at (0,0) size 84x17 [color=#0000EE]
            RenderText {#text} at (274,18) size 84x17
              text run at (274,18) width 84: "TNG Format"
        RenderListItem {LI} at (40,36) size 728x36
          RenderListMarker at (-17,0) size 7x17: bullet
          RenderInline {A} at (0,0) size 34x17 [color=#0000EE]
            RenderText {#text} at (0,0) size 34x17
              text run at (0,0) width 34: "static"
          RenderText {#text} at (33,0) size 10x17
            text run at (33,0) width 10: ": "
          RenderInline {A} at (0,0) size 96x17 [color=#0000EE]
            RenderText {#text} at (42,0) size 96x17
              text run at (42,0) width 96: "Self Contained"
          RenderText {#text} at (137,0) size 9x17
            text run at (137,0) width 9: ", "
          RenderInline {A} at (0,0) size 122x17 [color=#0000EE]
            RenderText {#text} at (145,0) size 122x17
              text run at (145,0) width 122: "XHTML <iframe>"
          RenderText {#text} at (266,0) size 9x17
            text run at (266,0) width 9: ", "
          RenderInline {A} at (0,0) size 119x17 [color=#0000EE]
            RenderText {#text} at (274,0) size 119x17
              text run at (274,0) width 119: "XHTML <object>"
          RenderText {#text} at (392,0) size 9x17
            text run at (392,0) width 9: ", "
          RenderInline {A} at (0,0) size 117x17 [color=#0000EE]
            RenderText {#text} at (400,0) size 117x17
              text run at (400,0) width 117: "XHTML <frame>"
          RenderText {#text} at (516,0) size 9x17
            text run at (516,0) width 9: ", "
          RenderInline {A} at (0,0) size 110x17 [color=#0000EE]
            RenderText {#text} at (524,0) size 110x17
              text run at (524,0) width 110: "HTML <iframe>"
          RenderText {#text} at (633,0) size 9x17
            text run at (633,0) width 9: ", "
          RenderInline {A} at (0,0) size 688x35 [color=#0000EE]
            RenderText {#text} at (641,0) size 688x35
              text run at (641,0) width 47: "HTML"
              text run at (0,18) width 58: "<object>"
          RenderText {#text} at (57,18) size 9x17
            text run at (57,18) width 9: ", "
          RenderInline {A} at (0,0) size 105x17 [color=#0000EE]
            RenderText {#text} at (65,18) size 105x17
              text run at (65,18) width 105: "HTML <frame>"
          RenderText {#text} at (169,18) size 9x17
            text run at (169,18) width 9: ", "
          RenderInline {A} at (0,0) size 90x17 [color=#0000EE]
            RenderText {#text} at (177,18) size 90x17
              text run at (177,18) width 90: "XLink embed"
          RenderText {#text} at (266,18) size 9x17
            text run at (266,18) width 9: ", "
          RenderInline {A} at (0,0) size 84x17 [color=#0000EE]
            RenderText {#text} at (274,18) size 84x17
              text run at (274,18) width 84: "TNG Format"
        RenderListItem {LI} at (40,72) size 728x36
          RenderListMarker at (-17,0) size 7x17: bullet
          RenderInline {A} at (0,0) size 94x17 [color=#0000EE]
            RenderText {#text} at (0,0) size 94x17
              text run at (0,0) width 94: "history-related"
          RenderText {#text} at (93,0) size 9x17
            text run at (93,0) width 9: ": "
          RenderInline {A} at (0,0) size 97x17 [color=#0000EE]
            RenderText {#text} at (101,0) size 97x17
              text run at (101,0) width 97: "Self Contained"
          RenderText {#text} at (197,0) size 9x17
            text run at (197,0) width 9: ", "
          RenderInline {A} at (0,0) size 121x17 [color=#0000EE]
            RenderText {#text} at (205,0) size 121x17
              text run at (205,0) width 121: "XHTML <iframe>"
          RenderText {#text} at (325,0) size 9x17
            text run at (325,0) width 9: ", "
          RenderInline {A} at (0,0) size 119x17 [color=#0000EE]
            RenderText {#text} at (333,0) size 119x17
              text run at (333,0) width 119: "XHTML <object>"
          RenderText {#text} at (451,0) size 9x17
            text run at (451,0) width 9: ", "
          RenderInline {A} at (0,0) size 118x17 [color=#0000EE]
            RenderText {#text} at (459,0) size 118x17
              text run at (459,0) width 118: "XHTML <frame>"
          RenderText {#text} at (576,0) size 9x17
            text run at (576,0) width 9: ", "
          RenderInline {A} at (0,0) size 110x17 [color=#0000EE]
            RenderText {#text} at (584,0) size 110x17
              text run at (584,0) width 110: "HTML <iframe>"
          RenderText {#text} at (693,0) size 5x17
            text run at (693,0) width 5: ","
          RenderInline {A} at (0,0) size 107x17 [color=#0000EE]
            RenderText {#text} at (0,18) size 107x17
              text run at (0,18) width 107: "HTML <object>"
          RenderText {#text} at (106,18) size 9x17
            text run at (106,18) width 9: ", "
          RenderInline {A} at (0,0) size 106x17 [color=#0000EE]
            RenderText {#text} at (114,18) size 106x17
              text run at (114,18) width 106: "HTML <frame>"
          RenderText {#text} at (219,18) size 9x17
            text run at (219,18) width 9: ", "
          RenderInline {A} at (0,0) size 89x17 [color=#0000EE]
            RenderText {#text} at (227,18) size 89x17
              text run at (227,18) width 89: "XLink embed"
          RenderText {#text} at (315,18) size 9x17
            text run at (315,18) width 9: ", "
          RenderInline {A} at (0,0) size 84x17 [color=#0000EE]
            RenderText {#text} at (323,18) size 84x17
              text run at (323,18) width 84: "TNG Format"
        RenderListItem {LI} at (40,108) size 728x36
          RenderListMarker at (-17,0) size 7x17: bullet
          RenderInline {A} at (0,0) size 68x17 [color=#0000EE]
            RenderText {#text} at (0,0) size 68x17
              text run at (0,0) width 68: "interactive"
          RenderText {#text} at (67,0) size 9x17
            text run at (67,0) width 9: ": "
          RenderInline {A} at (0,0) size 97x17 [color=#0000EE]
            RenderText {#text} at (75,0) size 97x17
              text run at (75,0) width 97: "Self Contained"
          RenderText {#text} at (171,0) size 9x17
            text run at (171,0) width 9: ", "
          RenderInline {A} at (0,0) size 122x17 [color=#0000EE]
            RenderText {#text} at (179,0) size 122x17
              text run at (179,0) width 122: "XHTML <iframe>"
          RenderText {#text} at (300,0) size 9x17
            text run at (300,0) width 9: ", "
          RenderInline {A} at (0,0) size 119x17 [color=#0000EE]
            RenderText {#text} at (308,0) size 119x17
              text run at (308,0) width 119: "XHTML <object>"
          RenderText {#text} at (426,0) size 9x17
            text run at (426,0) width 9: ", "
          RenderInline {A} at (0,0) size 117x17 [color=#0000EE]
            RenderText {#text} at (434,0) size 117x17
              text run at (434,0) width 117: "XHTML <frame>"
          RenderText {#text} at (550,0) size 9x17
            text run at (550,0) width 9: ", "
          RenderInline {A} at (0,0) size 110x17 [color=#0000EE]
            RenderText {#text} at (558,0) size 110x17
              text run at (558,0) width 110: "HTML <iframe>"
          RenderText {#text} at (667,0) size 9x17
            text run at (667,0) width 9: ", "
          RenderInline {A} at (0,0) size 721x35 [color=#0000EE]
            RenderText {#text} at (675,0) size 721x35
              text run at (675,0) width 46: "HTML"
              text run at (0,18) width 58: "<object>"
          RenderText {#text} at (57,18) size 9x17
            text run at (57,18) width 9: ", "
          RenderInline {A} at (0,0) size 105x17 [color=#0000EE]
            RenderText {#text} at (65,18) size 105x17
              text run at (65,18) width 105: "HTML <frame>"
          RenderText {#text} at (169,18) size 9x17
            text run at (169,18) width 9: ", "
          RenderInline {A} at (0,0) size 90x17 [color=#0000EE]
            RenderText {#text} at (177,18) size 90x17
              text run at (177,18) width 90: "XLink embed"
          RenderText {#text} at (266,18) size 9x17
            text run at (266,18) width 9: ", "
          RenderInline {A} at (0,0) size 84x17 [color=#0000EE]
            RenderText {#text} at (274,18) size 84x17
              text run at (274,18) width 84: "TNG Format"
        RenderListItem {LI} at (40,144) size 728x36
          RenderListMarker at (-17,0) size 7x17: bullet
          RenderInline {A} at (0,0) size 56x17 [color=#0000EE]
            RenderText {#text} at (0,0) size 56x17
              text run at (0,0) width 56: "dynamic"
          RenderText {#text} at (55,0) size 9x17
            text run at (55,0) width 9: ": "
          RenderInline {A} at (0,0) size 97x17 [color=#0000EE]
            RenderText {#text} at (63,0) size 97x17
              text run at (63,0) width 97: "Self Contained"
          RenderText {#text} at (159,0) size 9x17
            text run at (159,0) width 9: ", "
          RenderInline {A} at (0,0) size 121x17 [color=#0000EE]
            RenderText {#text} at (167,0) size 121x17
              text run at (167,0) width 121: "XHTML <iframe>"
          RenderText {#text} at (287,0) size 9x17
            text run at (287,0) width 9: ", "
          RenderInline {A} at (0,0) size 119x17 [color=#0000EE]
            RenderText {#text} at (295,0) size 119x17
              text run at (295,0) width 119: "XHTML <object>"
          RenderText {#text} at (413,0) size 9x17
            text run at (413,0) width 9: ", "
          RenderInline {A} at (0,0) size 118x17 [color=#0000EE]
            RenderText {#text} at (421,0) size 118x17
              text run at (421,0) width 118: "XHTML <frame>"
          RenderText {#text} at (538,0) size 9x17
            text run at (538,0) width 9: ", "
          RenderInline {A} at (0,0) size 110x17 [color=#0000EE]
            RenderText {#text} at (546,0) size 110x17
              text run at (546,0) width 110: "HTML <iframe>"
          RenderText {#text} at (655,0) size 9x17
            text run at (655,0) width 9: ", "
          RenderInline {A} at (0,0) size 709x35 [color=#0000EE]
            RenderText {#text} at (663,0) size 709x35
              text run at (663,0) width 46: "HTML"
              text run at (0,18) width 58: "<object>"
          RenderText {#text} at (57,18) size 9x17
            text run at (57,18) width 9: ", "
          RenderInline {A} at (0,0) size 105x17 [color=#0000EE]
            RenderText {#text} at (65,18) size 105x17
              text run at (65,18) width 105: "HTML <frame>"
          RenderText {#text} at (169,18) size 9x17
            text run at (169,18) width 9: ", "
          RenderInline {A} at (0,0) size 90x17 [color=#0000EE]
            RenderText {#text} at (177,18) size 90x17
              text run at (177,18) width 90: "XLink embed"
          RenderText {#text} at (266,18) size 9x17
            text run at (266,18) width 9: ", "
          RenderInline {A} at (0,0) size 84x17 [color=#0000EE]
            RenderText {#text} at (274,18) size 84x17
              text run at (274,18) width 84: "TNG Format"
      RenderBlock {H2} at (0,392) size 768x27
        RenderText {#text} at (0,0) size 176x26
          text run at (0,0) width 176: "Unadorned Tests"
      RenderBlock {UL} at (0,438) size 768x2808
        RenderListItem {LI} at (40,0) size 728x18
          RenderListMarker at (-17,0) size 7x17: bullet
          RenderInline {A} at (0,0) size 125x17 [color=#0000EE]
            RenderText {#text} at (0,0) size 125x17
              text run at (0,0) width 125: "Groups of selectors"
          RenderText {#text} at (124,0) size 32x17
            text run at (124,0) width 32: " (#1)"
        RenderListItem {LI} at (40,18) size 728x18
          RenderListMarker at (-17,0) size 7x17: bullet
          RenderInline {A} at (0,0) size 148x17 [color=#0000EE]
            RenderText {#text} at (0,0) size 148x17
              text run at (0,0) width 148: "Type element selectors"
          RenderText {#text} at (147,0) size 32x17
            text run at (147,0) width 32: " (#2)"
        RenderListItem {LI} at (40,36) size 728x18
          RenderListMarker at (-17,0) size 7x17: bullet
          RenderInline {A} at (0,0) size 169x17 [color=#0000EE]
            RenderText {#text} at (0,0) size 169x17
              text run at (0,0) width 169: "Omitted universal selector"
          RenderText {#text} at (168,0) size 32x17
            text run at (168,0) width 32: " (#4)"
        RenderListItem {LI} at (40,54) size 728x18
          RenderListMarker at (-17,0) size 7x17: bullet
          RenderInline {A} at (0,0) size 176x17 [color=#0000EE]
            RenderText {#text} at (0,0) size 176x17
              text run at (0,0) width 176: "Attribute existence selector"
          RenderText {#text} at (175,0) size 31x17
            text run at (175,0) width 31: " (#5)"
        RenderListItem {LI} at (40,72) size 728x18
          RenderListMarker at (-17,0) size 7x17: bullet
          RenderInline {A} at (0,0) size 151x17 [color=#0000EE]
            RenderText {#text} at (0,0) size 151x17
              text run at (0,0) width 151: "Attribute value selector"
          RenderText {#text} at (150,0) size 31x17
            text run at (150,0) width 31: " (#6)"
        RenderListItem {LI} at (40,90) size 728x18
          RenderListMarker at (-17,0) size 7x17: bullet
          RenderInline {A} at (0,0) size 184x17 [color=#0000EE]
            RenderText {#text} at (0,0) size 184x17
              text run at (0,0) width 184: "Attribute multivalue selector"
          RenderText {#text} at (183,0) size 32x17
            text run at (183,0) width 32: " (#7)"
        RenderListItem {LI} at (40,108) size 728x18
          RenderListMarker at (-17,0) size 7x17: bullet
          RenderInline {A} at (0,0) size 184x17 [color=#0000EE]
            RenderText {#text} at (0,0) size 184x17
              text run at (0,0) width 184: "Attribute multivalue selector"
          RenderText {#text} at (183,0) size 40x17
            text run at (183,0) width 40: " (#7b)"
        RenderListItem {LI} at (40,126) size 728x18
          RenderListMarker at (-17,0) size 7x17: bullet
          RenderInline {A} at (0,0) size 348x17 [color=#0000EE]
            RenderText {#text} at (0,0) size 348x17
              text run at (0,0) width 348: "Attribute value selectors (hyphen-separated attributes)"
          RenderText {#text} at (347,0) size 32x17
            text run at (347,0) width 32: " (#8)"
        RenderListItem {LI} at (40,144) size 728x18
          RenderListMarker at (-17,0) size 7x17: bullet
          RenderInline {A} at (0,0) size 315x17 [color=#0000EE]
            RenderText {#text} at (0,0) size 315x17
              text run at (0,0) width 315: "Substring matching attribute selector (beginning)"
          RenderText {#text} at (314,0) size 32x17
            text run at (314,0) width 32: " (#9)"
        RenderListItem {LI} at (40,162) size 728x18
          RenderListMarker at (-17,0) size 7x17: bullet
          RenderInline {A} at (0,0) size 274x17 [color=#0000EE]
            RenderText {#text} at (0,0) size 274x17
              text run at (0,0) width 274: "Substring matching attribute selector (end)"
          RenderText {#text} at (273,0) size 40x17
            text run at (273,0) width 40: " (#10)"
        RenderListItem {LI} at (40,180) size 728x18
          RenderListMarker at (-17,0) size 7x17: bullet
          RenderInline {A} at (0,0) size 304x17 [color=#0000EE]
            RenderText {#text} at (0,0) size 304x17
              text run at (0,0) width 304: "Substring matching attribute selector (contains)"
          RenderText {#text} at (303,0) size 40x17
            text run at (303,0) width 40: " (#11)"
        RenderListItem {LI} at (40,198) size 728x18
          RenderListMarker at (-17,0) size 7x17: bullet
          RenderInline {A} at (0,0) size 144x17 [color=#0000EE]
            RenderText {#text} at (0,0) size 144x17
              text run at (0,0) width 144: "Default attribute value"
          RenderText {#text} at (143,0) size 40x17
            text run at (143,0) width 40: " (#12)"
        RenderListItem {LI} at (40,216) size 728x18
          RenderListMarker at (-17,0) size 7x17: bullet
          RenderInline {A} at (0,0) size 95x17 [color=#0000EE]
            RenderText {#text} at (0,0) size 95x17
              text run at (0,0) width 95: "Class selectors"
          RenderText {#text} at (94,0) size 40x17
            text run at (94,0) width 40: " (#13)"
        RenderListItem {LI} at (40,234) size 728x18
          RenderListMarker at (-17,0) size 7x17: bullet
          RenderInline {A} at (0,0) size 183x17 [color=#0000EE]
            RenderText {#text} at (0,0) size 183x17
              text run at (0,0) width 183: "More than one class selector"
          RenderText {#text} at (182,0) size 39x17
            text run at (182,0) width 39: " (#14)"
        RenderListItem {LI} at (40,252) size 728x18
          RenderListMarker at (-17,0) size 7x17: bullet
          RenderInline {A} at (0,0) size 77x17 [color=#0000EE]
            RenderText {#text} at (0,0) size 77x17
              text run at (0,0) width 77: "ID selectors"
          RenderText {#text} at (76,0) size 40x17
            text run at (76,0) width 40: " (#15)"
        RenderListItem {LI} at (40,270) size 728x18
          RenderListMarker at (-17,0) size 7x17: bullet
          RenderInline {A} at (0,0) size 116x17 [color=#0000EE]
            RenderText {#text} at (0,0) size 116x17
              text run at (0,0) width 116: ":link pseudo-class"
          RenderText {#text} at (115,0) size 39x17
            text run at (115,0) width 39: " (#16)"
        RenderListItem {LI} at (40,288) size 728x18
          RenderListMarker at (-17,0) size 7x17: bullet
          RenderInline {A} at (0,0) size 133x17 [color=#0000EE]
            RenderText {#text} at (0,0) size 133x17
              text run at (0,0) width 133: ":visited pseudo-class"
          RenderText {#text} at (132,0) size 40x17
            text run at (132,0) width 40: " (#17)"
        RenderListItem {LI} at (40,306) size 728x18
          RenderListMarker at (-17,0) size 7x17: bullet
          RenderInline {A} at (0,0) size 127x17 [color=#0000EE]
            RenderText {#text} at (0,0) size 127x17
              text run at (0,0) width 127: ":hover pseudo-class"
          RenderText {#text} at (126,0) size 40x17
            text run at (126,0) width 40: " (#18)"
        RenderListItem {LI} at (40,324) size 728x18
          RenderListMarker at (-17,0) size 7x17: bullet
          RenderInline {A} at (0,0) size 127x17 [color=#0000EE]
            RenderText {#text} at (0,0) size 127x17
              text run at (0,0) width 127: ":hover pseudo-class"
          RenderText {#text} at (126,0) size 48x17
            text run at (126,0) width 48: " (#18b)"
        RenderListItem {LI} at (40,342) size 728x18
          RenderListMarker at (-17,0) size 7x17: bullet
          RenderInline {A} at (0,0) size 129x17 [color=#0000EE]
            RenderText {#text} at (0,0) size 129x17
              text run at (0,0) width 129: ":active pseudo-class"
          RenderText {#text} at (128,0) size 40x17
            text run at (128,0) width 40: " (#19)"
        RenderListItem {LI} at (40,360) size 728x18
          RenderListMarker at (-17,0) size 7x17: bullet
          RenderInline {A} at (0,0) size 125x17 [color=#0000EE]
            RenderText {#text} at (0,0) size 125x17
              text run at (0,0) width 125: ":focus pseudo-class"
          RenderText {#text} at (124,0) size 40x17
            text run at (124,0) width 40: " (#20)"
        RenderListItem {LI} at (40,378) size 728x18
          RenderListMarker at (-17,0) size 7x17: bullet
          RenderInline {A} at (0,0) size 127x17 [color=#0000EE]
            RenderText {#text} at (0,0) size 127x17
              text run at (0,0) width 127: ":target pseudo-class"
          RenderText {#text} at (126,0) size 40x17
            text run at (126,0) width 40: " (#21)"
        RenderListItem {LI} at (40,396) size 728x18
          RenderListMarker at (-17,0) size 7x17: bullet
          RenderInline {A} at (0,0) size 127x17 [color=#0000EE]
            RenderText {#text} at (0,0) size 127x17
              text run at (0,0) width 127: ":target pseudo-class"
          RenderText {#text} at (126,0) size 48x17
            text run at (126,0) width 48: " (#21b)"
        RenderListItem {LI} at (40,414) size 728x18
          RenderListMarker at (-17,0) size 7x17: bullet
          RenderInline {A} at (0,0) size 127x17 [color=#0000EE]
            RenderText {#text} at (0,0) size 127x17
              text run at (0,0) width 127: ":target pseudo-class"
          RenderText {#text} at (126,0) size 47x17
            text run at (126,0) width 47: " (#21c)"
        RenderListItem {LI} at (40,432) size 728x18
          RenderListMarker at (-17,0) size 7x17: bullet
          RenderInline {A} at (0,0) size 129x17 [color=#0000EE]
            RenderText {#text} at (0,0) size 129x17
              text run at (0,0) width 129: ":lang() pseudo-class"
          RenderText {#text} at (128,0) size 40x17
            text run at (128,0) width 40: " (#22)"
        RenderListItem {LI} at (40,450) size 728x18
          RenderListMarker at (-17,0) size 7x17: bullet
          RenderInline {A} at (0,0) size 140x17 [color=#0000EE]
            RenderText {#text} at (0,0) size 140x17
              text run at (0,0) width 140: ":enabled pseudo-class"
          RenderText {#text} at (139,0) size 40x17
            text run at (139,0) width 40: " (#23)"
        RenderListItem {LI} at (40,468) size 728x18
          RenderListMarker at (-17,0) size 7x17: bullet
          RenderInline {A} at (0,0) size 144x17 [color=#0000EE]
            RenderText {#text} at (0,0) size 144x17
              text run at (0,0) width 144: ":disabled pseudo-class"
          RenderText {#text} at (143,0) size 40x17
            text run at (143,0) width 40: " (#24)"
        RenderListItem {LI} at (40,486) size 728x18
          RenderListMarker at (-17,0) size 7x17: bullet
          RenderInline {A} at (0,0) size 143x17 [color=#0000EE]
            RenderText {#text} at (0,0) size 143x17
              text run at (0,0) width 143: ":checked pseudo-class"
          RenderText {#text} at (142,0) size 40x17
            text run at (142,0) width 40: " (#25)"
        RenderListItem {LI} at (40,504) size 728x18
          RenderListMarker at (-17,0) size 7x17: bullet
          RenderInline {A} at (0,0) size 116x17 [color=#0000EE]
            RenderText {#text} at (0,0) size 116x17
              text run at (0,0) width 116: ":root pseudo-class"
          RenderText {#text} at (115,0) size 40x17
            text run at (115,0) width 40: " (#27)"
        RenderListItem {LI} at (40,522) size 728x18
          RenderListMarker at (-17,0) size 7x17: bullet
          RenderInline {A} at (0,0) size 159x17 [color=#0000EE]
            RenderText {#text} at (0,0) size 159x17
              text run at (0,0) width 159: ":nth-child() pseudo-class"
          RenderText {#text} at (158,0) size 40x17
            text run at (158,0) width 40: " (#28)"
        RenderListItem {LI} at (40,540) size 728x18
          RenderListMarker at (-17,0) size 7x17: bullet
          RenderInline {A} at (0,0) size 159x17 [color=#0000EE]
            RenderText {#text} at (0,0) size 159x17
              text run at (0,0) width 159: ":nth-child() pseudo-class"
          RenderText {#text} at (158,0) size 48x17
            text run at (158,0) width 48: " (#28b)"
        RenderListItem {LI} at (40,558) size 728x18
          RenderListMarker at (-17,0) size 7x17: bullet
          RenderInline {A} at (0,0) size 187x17 [color=#0000EE]
            RenderText {#text} at (0,0) size 187x17
              text run at (0,0) width 187: ":nth-last-child() pseudo-class"
          RenderText {#text} at (186,0) size 39x17
            text run at (186,0) width 39: " (#29)"
        RenderListItem {LI} at (40,576) size 728x18
          RenderListMarker at (-17,0) size 7x17: bullet
          RenderInline {A} at (0,0) size 187x17 [color=#0000EE]
            RenderText {#text} at (0,0) size 187x17
              text run at (0,0) width 187: ":nth-last-child() pseudo-class"
          RenderText {#text} at (186,0) size 47x17
            text run at (186,0) width 47: " (#29b)"
        RenderListItem {LI} at (40,594) size 728x18
          RenderListMarker at (-17,0) size 7x17: bullet
          RenderInline {A} at (0,0) size 173x17 [color=#0000EE]
            RenderText {#text} at (0,0) size 173x17
              text run at (0,0) width 173: ":nth-of-type() pseudo-class"
          RenderText {#text} at (172,0) size 40x17
            text run at (172,0) width 40: " (#30)"
        RenderListItem {LI} at (40,612) size 728x18
          RenderListMarker at (-17,0) size 7x17: bullet
          RenderInline {A} at (0,0) size 201x17 [color=#0000EE]
            RenderText {#text} at (0,0) size 201x17
              text run at (0,0) width 201: ":nth-last-of-type() pseudo-class"
          RenderText {#text} at (200,0) size 40x17
            text run at (200,0) width 40: " (#31)"
        RenderListItem {LI} at (40,630) size 728x18
          RenderListMarker at (-17,0) size 7x17: bullet
          RenderInline {A} at (0,0) size 154x17 [color=#0000EE]
            RenderText {#text} at (0,0) size 154x17
              text run at (0,0) width 154: ":first-child pseudo-class"
          RenderText {#text} at (153,0) size 39x17
            text run at (153,0) width 39: " (#32)"
        RenderListItem {LI} at (40,648) size 728x18
          RenderListMarker at (-17,0) size 7x17: bullet
          RenderInline {A} at (0,0) size 150x17 [color=#0000EE]
            RenderText {#text} at (0,0) size 150x17
              text run at (0,0) width 150: ":last-child pseudo-class"
          RenderText {#text} at (149,0) size 40x17
            text run at (149,0) width 40: " (#33)"
        RenderListItem {LI} at (40,666) size 728x18
          RenderListMarker at (-17,0) size 7x17: bullet
          RenderInline {A} at (0,0) size 168x17 [color=#0000EE]
            RenderText {#text} at (0,0) size 168x17
              text run at (0,0) width 168: ":first-of-type pseudo-class"
          RenderText {#text} at (167,0) size 40x17
            text run at (167,0) width 40: " (#34)"
        RenderListItem {LI} at (40,684) size 728x18
          RenderListMarker at (-17,0) size 7x17: bullet
          RenderInline {A} at (0,0) size 164x17 [color=#0000EE]
            RenderText {#text} at (0,0) size 164x17
              text run at (0,0) width 164: ":last-of-type pseudo-class"
          RenderText {#text} at (163,0) size 40x17
            text run at (163,0) width 40: " (#35)"
        RenderListItem {LI} at (40,702) size 728x18
          RenderListMarker at (-17,0) size 7x17: bullet
          RenderInline {A} at (0,0) size 156x17 [color=#0000EE]
            RenderText {#text} at (0,0) size 156x17
              text run at (0,0) width 156: ":only-child pseudo-class"
          RenderText {#text} at (155,0) size 40x17
            text run at (155,0) width 40: " (#36)"
        RenderListItem {LI} at (40,720) size 728x18
          RenderListMarker at (-17,0) size 7x17: bullet
          RenderInline {A} at (0,0) size 171x17 [color=#0000EE]
            RenderText {#text} at (0,0) size 171x17
              text run at (0,0) width 171: ":only-of-type pseudo-class"
          RenderText {#text} at (170,0) size 39x17
            text run at (170,0) width 39: " (#37)"
        RenderListItem {LI} at (40,738) size 728x18
          RenderListMarker at (-17,0) size 7x17: bullet
          RenderInline {A} at (0,0) size 170x17 [color=#0000EE]
            RenderText {#text} at (0,0) size 170x17
              text run at (0,0) width 170: "::first-line pseudo-element"
          RenderText {#text} at (169,0) size 39x17
            text run at (169,0) width 39: " (#38)"
        RenderListItem {LI} at (40,756) size 728x18
          RenderListMarker at (-17,0) size 7x17: bullet
          RenderInline {A} at (0,0) size 179x17 [color=#0000EE]
            RenderText {#text} at (0,0) size 179x17
              text run at (0,0) width 179: "::first-letter pseudo-element"
          RenderText {#text} at (178,0) size 39x17
            text run at (178,0) width 39: " (#39)"
        RenderListItem {LI} at (40,774) size 728x18
          RenderListMarker at (-17,0) size 7x17: bullet
          RenderInline {A} at (0,0) size 370x17 [color=#0000EE]
            RenderText {#text} at (0,0) size 370x17
              text run at (0,0) width 370: "::first-letter pseudo-element with ::before pseudo-element"
          RenderText {#text} at (369,0) size 47x17
            text run at (369,0) width 47: " (#39a)"
        RenderListItem {LI} at (40,792) size 728x18
          RenderListMarker at (-17,0) size 7x17: bullet
          RenderInline {A} at (0,0) size 370x17 [color=#0000EE]
            RenderText {#text} at (0,0) size 370x17
              text run at (0,0) width 370: "::first-letter pseudo-element with ::before pseudo-element"
          RenderText {#text} at (369,0) size 47x17
            text run at (369,0) width 47: " (#39a)"
        RenderListItem {LI} at (40,810) size 728x18
          RenderListMarker at (-17,0) size 7x17: bullet
          RenderInline {A} at (0,0) size 179x17 [color=#0000EE]
            RenderText {#text} at (0,0) size 179x17
              text run at (0,0) width 179: "::first-letter pseudo-element"
          RenderText {#text} at (178,0) size 47x17
            text run at (178,0) width 47: " (#39b)"
        RenderListItem {LI} at (40,828) size 728x18
          RenderListMarker at (-17,0) size 7x17: bullet
          RenderInline {A} at (0,0) size 172x17 [color=#0000EE]
            RenderText {#text} at (0,0) size 172x17
              text run at (0,0) width 172: "::selection pseudo-element"
          RenderText {#text} at (171,0) size 39x17
            text run at (171,0) width 39: " (#40)"
        RenderListItem {LI} at (40,846) size 728x18
          RenderListMarker at (-17,0) size 7x17: bullet
          RenderInline {A} at (0,0) size 156x17 [color=#0000EE]
            RenderText {#text} at (0,0) size 156x17
              text run at (0,0) width 156: "::before pseudo-element"
          RenderText {#text} at (155,0) size 39x17
            text run at (155,0) width 39: " (#41)"
        RenderListItem {LI} at (40,864) size 728x18
          RenderListMarker at (-17,0) size 7x17: bullet
          RenderInline {A} at (0,0) size 144x17 [color=#0000EE]
            RenderText {#text} at (0,0) size 144x17
              text run at (0,0) width 144: "::after pseudo-element"
          RenderText {#text} at (143,0) size 40x17
            text run at (143,0) width 40: " (#42)"
        RenderListItem {LI} at (40,882) size 728x18
          RenderListMarker at (-17,0) size 7x17: bullet
          RenderInline {A} at (0,0) size 152x17 [color=#0000EE]
            RenderText {#text} at (0,0) size 152x17
              text run at (0,0) width 152: "Descendant combinator"
          RenderText {#text} at (151,0) size 40x17
            text run at (151,0) width 40: " (#43)"
        RenderListItem {LI} at (40,900) size 728x18
          RenderListMarker at (-17,0) size 7x17: bullet
          RenderInline {A} at (0,0) size 152x17 [color=#0000EE]
            RenderText {#text} at (0,0) size 152x17
              text run at (0,0) width 152: "Descendant combinator"
          RenderText {#text} at (151,0) size 48x17
            text run at (151,0) width 48: " (#43b)"
        RenderListItem {LI} at (40,918) size 728x18
          RenderListMarker at (-17,0) size 7x17: bullet
          RenderInline {A} at (0,0) size 113x17 [color=#0000EE]
            RenderText {#text} at (0,0) size 113x17
              text run at (0,0) width 113: "Child combinator"
          RenderText {#text} at (112,0) size 40x17
            text run at (112,0) width 40: " (#44)"
        RenderListItem {LI} at (40,936) size 728x18
          RenderListMarker at (-17,0) size 7x17: bullet
          RenderInline {A} at (0,0) size 113x17 [color=#0000EE]
            RenderText {#text} at (0,0) size 113x17
              text run at (0,0) width 113: "Child combinator"
          RenderText {#text} at (112,0) size 48x17
            text run at (112,0) width 48: " (#44b)"
        RenderListItem {LI} at (40,954) size 728x18
          RenderListMarker at (-17,0) size 7x17: bullet
          RenderInline {A} at (0,0) size 188x17 [color=#0000EE]
            RenderText {#text} at (0,0) size 188x17
              text run at (0,0) width 188: "Child combinator and classes"
          RenderText {#text} at (187,0) size 47x17
            text run at (187,0) width 47: " (#44c)"
        RenderListItem {LI} at (40,972) size 728x18
          RenderListMarker at (-17,0) size 7x17: bullet
          RenderInline {A} at (0,0) size 172x17 [color=#0000EE]
            RenderText {#text} at (0,0) size 172x17
              text run at (0,0) width 172: "Child combinatior and IDs"
          RenderText {#text} at (171,0) size 47x17
            text run at (171,0) width 47: " (#44d)"
        RenderListItem {LI} at (40,990) size 728x18
          RenderListMarker at (-17,0) size 7x17: bullet
          RenderInline {A} at (0,0) size 175x17 [color=#0000EE]
            RenderText {#text} at (0,0) size 175x17
              text run at (0,0) width 175: "Direct adjacent combinator"
          RenderText {#text} at (174,0) size 39x17
            text run at (174,0) width 39: " (#45)"
        RenderListItem {LI} at (40,1008) size 728x18
          RenderListMarker at (-17,0) size 7x17: bullet
          RenderInline {A} at (0,0) size 175x17 [color=#0000EE]
            RenderText {#text} at (0,0) size 175x17
              text run at (0,0) width 175: "Direct adjacent combinator"
          RenderText {#text} at (174,0) size 47x17
            text run at (174,0) width 47: " (#45b)"
        RenderListItem {LI} at (40,1026) size 728x18
          RenderListMarker at (-17,0) size 7x17: bullet
          RenderInline {A} at (0,0) size 250x17 [color=#0000EE]
            RenderText {#text} at (0,0) size 250x17
              text run at (0,0) width 250: "Direct adjacent combinator and classes"
          RenderText {#text} at (249,0) size 47x17
            text run at (249,0) width 47: " (#45c)"
        RenderListItem {LI} at (40,1044) size 728x18
          RenderListMarker at (-17,0) size 7x17: bullet
          RenderInline {A} at (0,0) size 184x17 [color=#0000EE]
            RenderText {#text} at (0,0) size 184x17
              text run at (0,0) width 184: "Indirect adjacent combinator"
          RenderText {#text} at (183,0) size 40x17
            text run at (183,0) width 40: " (#46)"
        RenderListItem {LI} at (40,1062) size 728x18
          RenderListMarker at (-17,0) size 7x17: bullet
          RenderInline {A} at (0,0) size 184x17 [color=#0000EE]
            RenderText {#text} at (0,0) size 184x17
              text run at (0,0) width 184: "Indirect adjacent combinator"
          RenderText {#text} at (183,0) size 48x17
            text run at (183,0) width 48: " (#46b)"
        RenderListItem {LI} at (40,1080) size 728x18
          RenderListMarker at (-17,0) size 7x17: bullet
          RenderInline {A} at (0,0) size 401x17 [color=#0000EE]
            RenderText {#text} at (0,0) size 401x17
              text run at (0,0) width 401: "NEGATED substring matching attribute selector on beginning"
          RenderText {#text} at (400,0) size 40x17
            text run at (400,0) width 40: " (#54)"
        RenderListItem {LI} at (40,1098) size 728x18
          RenderListMarker at (-17,0) size 7x17: bullet
          RenderInline {A} at (0,0) size 360x17 [color=#0000EE]
            RenderText {#text} at (0,0) size 360x17
              text run at (0,0) width 360: "NEGATED substring matching attribute selector on end"
          RenderText {#text} at (359,0) size 40x17
            text run at (359,0) width 40: " (#55)"
        RenderListItem {LI} at (40,1116) size 728x18
          RenderListMarker at (-17,0) size 7x17: bullet
          RenderInline {A} at (0,0) size 382x17 [color=#0000EE]
            RenderText {#text} at (0,0) size 382x17
              text run at (0,0) width 382: "NEGATED substring matching attribute selector on middle"
          RenderText {#text} at (381,0) size 39x17
            text run at (381,0) width 39: " (#56)"
        RenderListItem {LI} at (40,1134) size 728x18
          RenderListMarker at (-17,0) size 7x17: bullet
          RenderInline {A} at (0,0) size 316x17 [color=#0000EE]
            RenderText {#text} at (0,0) size 316x17
              text run at (0,0) width 316: "Default attribute value and negation pseudo-class"
          RenderText {#text} at (315,0) size 40x17
            text run at (315,0) width 40: " (#58)"
        RenderListItem {LI} at (40,1152) size 728x18
          RenderListMarker at (-17,0) size 7x17: bullet
          RenderInline {A} at (0,0) size 165x17 [color=#0000EE]
            RenderText {#text} at (0,0) size 165x17
              text run at (0,0) width 165: "NEGATED class selector"
          RenderText {#text} at (164,0) size 40x17
            text run at (164,0) width 40: " (#59)"
        RenderListItem {LI} at (40,1170) size 728x18
          RenderListMarker at (-17,0) size 7x17: bullet
          RenderInline {A} at (0,0) size 151x17 [color=#0000EE]
            RenderText {#text} at (0,0) size 151x17
              text run at (0,0) width 151: "NEGATED ID selector"
          RenderText {#text} at (150,0) size 39x17
            text run at (150,0) width 39: " (#60)"
        RenderListItem {LI} at (40,1188) size 728x18
          RenderListMarker at (-17,0) size 7x17: bullet
          RenderInline {A} at (0,0) size 195x17 [color=#0000EE]
            RenderText {#text} at (0,0) size 195x17
              text run at (0,0) width 195: "NEGATED :link pseudo-class"
          RenderText {#text} at (194,0) size 40x17
            text run at (194,0) width 40: " (#61)"
        RenderListItem {LI} at (40,1206) size 728x18
          RenderListMarker at (-17,0) size 7x17: bullet
          RenderInline {A} at (0,0) size 213x17 [color=#0000EE]
            RenderText {#text} at (0,0) size 213x17
              text run at (0,0) width 213: "NEGATED :visited pseudo-class"
          RenderText {#text} at (212,0) size 40x17
            text run at (212,0) width 40: " (#62)"
        RenderListItem {LI} at (40,1224) size 728x18
          RenderListMarker at (-17,0) size 7x17: bullet
          RenderInline {A} at (0,0) size 207x17 [color=#0000EE]
            RenderText {#text} at (0,0) size 207x17
              text run at (0,0) width 207: "NEGATED :hover pseudo-class"
          RenderText {#text} at (206,0) size 39x17
            text run at (206,0) width 39: " (#63)"
        RenderListItem {LI} at (40,1242) size 728x18
          RenderListMarker at (-17,0) size 7x17: bullet
          RenderInline {A} at (0,0) size 208x17 [color=#0000EE]
            RenderText {#text} at (0,0) size 208x17
              text run at (0,0) width 208: "NEGATED :active pseudo-class"
          RenderText {#text} at (207,0) size 40x17
            text run at (207,0) width 40: " (#64)"
        RenderListItem {LI} at (40,1260) size 728x18
          RenderListMarker at (-17,0) size 7x17: bullet
          RenderInline {A} at (0,0) size 205x17 [color=#0000EE]
            RenderText {#text} at (0,0) size 205x17
              text run at (0,0) width 205: "NEGATED :focus pseudo-class"
          RenderText {#text} at (204,0) size 40x17
            text run at (204,0) width 40: " (#65)"
        RenderListItem {LI} at (40,1278) size 728x18
          RenderListMarker at (-17,0) size 7x17: bullet
          RenderInline {A} at (0,0) size 207x17 [color=#0000EE]
            RenderText {#text} at (0,0) size 207x17
              text run at (0,0) width 207: "NEGATED :target pseudo-class"
          RenderText {#text} at (206,0) size 39x17
            text run at (206,0) width 39: " (#66)"
        RenderListItem {LI} at (40,1296) size 728x18
          RenderListMarker at (-17,0) size 7x17: bullet
          RenderInline {A} at (0,0) size 207x17 [color=#0000EE]
            RenderText {#text} at (0,0) size 207x17
              text run at (0,0) width 207: "NEGATED :target pseudo-class"
          RenderText {#text} at (206,0) size 47x17
            text run at (206,0) width 47: " (#66b)"
        RenderListItem {LI} at (40,1314) size 728x18
          RenderListMarker at (-17,0) size 7x17: bullet
          RenderInline {A} at (0,0) size 208x17 [color=#0000EE]
            RenderText {#text} at (0,0) size 208x17
              text run at (0,0) width 208: "NEGATED :lang() pseudo-class"
          RenderText {#text} at (207,0) size 40x17
            text run at (207,0) width 40: " (#67)"
        RenderListItem {LI} at (40,1332) size 728x18
          RenderListMarker at (-17,0) size 7x17: bullet
          RenderInline {A} at (0,0) size 223x17 [color=#0000EE]
            RenderText {#text} at (0,0) size 223x17
              text run at (0,0) width 223: "NEGATED :checked pseudo-class"
          RenderText {#text} at (222,0) size 39x17
            text run at (222,0) width 39: " (#70)"
        RenderListItem {LI} at (40,1350) size 728x18
          RenderListMarker at (-17,0) size 7x17: bullet
          RenderInline {A} at (0,0) size 196x17 [color=#0000EE]
            RenderText {#text} at (0,0) size 196x17
              text run at (0,0) width 196: "NEGATED :root pseudo-class"
          RenderText {#text} at (195,0) size 40x17
            text run at (195,0) width 40: " (#72)"
        RenderListItem {LI} at (40,1368) size 728x18
          RenderListMarker at (-17,0) size 7x17: bullet
          RenderInline {A} at (0,0) size 196x17 [color=#0000EE]
            RenderText {#text} at (0,0) size 196x17
              text run at (0,0) width 196: "NEGATED :root pseudo-class"
          RenderText {#text} at (195,0) size 48x17
            text run at (195,0) width 48: " (#72b)"
        RenderListItem {LI} at (40,1386) size 728x18
          RenderListMarker at (-17,0) size 7x17: bullet
          RenderInline {A} at (0,0) size 239x17 [color=#0000EE]
            RenderText {#text} at (0,0) size 239x17
              text run at (0,0) width 239: "NEGATED :nth-child() pseudo-class"
          RenderText {#text} at (238,0) size 39x17
            text run at (238,0) width 39: " (#73)"
        RenderListItem {LI} at (40,1404) size 728x18
          RenderListMarker at (-17,0) size 7x17: bullet
          RenderInline {A} at (0,0) size 239x17 [color=#0000EE]
            RenderText {#text} at (0,0) size 239x17
              text run at (0,0) width 239: "NEGATED :nth-child() pseudo-class"
          RenderText {#text} at (238,0) size 47x17
            text run at (238,0) width 47: " (#73b)"
        RenderListItem {LI} at (40,1422) size 728x18
          RenderListMarker at (-17,0) size 7x17: bullet
          RenderInline {A} at (0,0) size 266x17 [color=#0000EE]
            RenderText {#text} at (0,0) size 266x17
              text run at (0,0) width 266: "NEGATED :nth-last-child() pseudo-class"
          RenderText {#text} at (265,0) size 40x17
            text run at (265,0) width 40: " (#74)"
        RenderListItem {LI} at (40,1440) size 728x18
          RenderListMarker at (-17,0) size 7x17: bullet
          RenderInline {A} at (0,0) size 266x17 [color=#0000EE]
            RenderText {#text} at (0,0) size 266x17
              text run at (0,0) width 266: "NEGATED :nth-last-child() pseudo-class"
          RenderText {#text} at (265,0) size 48x17
            text run at (265,0) width 48: " (#74b)"
        RenderListItem {LI} at (40,1458) size 728x18
          RenderListMarker at (-17,0) size 7x17: bullet
          RenderInline {A} at (0,0) size 253x17 [color=#0000EE]
            RenderText {#text} at (0,0) size 253x17
              text run at (0,0) width 253: "NEGATED :nth-of-type() pseudo-class"
          RenderText {#text} at (252,0) size 40x17
            text run at (252,0) width 40: " (#75)"
        RenderListItem {LI} at (40,1476) size 728x18
          RenderListMarker at (-17,0) size 7x17: bullet
          RenderInline {A} at (0,0) size 253x17 [color=#0000EE]
            RenderText {#text} at (0,0) size 253x17
              text run at (0,0) width 253: "NEGATED :nth-of-type() pseudo-class"
          RenderText {#text} at (252,0) size 48x17
            text run at (252,0) width 48: " (#75b)"
        RenderListItem {LI} at (40,1494) size 728x18
          RenderListMarker at (-17,0) size 7x17: bullet
          RenderInline {A} at (0,0) size 280x17 [color=#0000EE]
            RenderText {#text} at (0,0) size 280x17
              text run at (0,0) width 280: "NEGATED :nth-last-of-type() pseudo-class"
          RenderText {#text} at (279,0) size 40x17
            text run at (279,0) width 40: " (#76)"
        RenderListItem {LI} at (40,1512) size 728x18
          RenderListMarker at (-17,0) size 7x17: bullet
          RenderInline {A} at (0,0) size 280x17 [color=#0000EE]
            RenderText {#text} at (0,0) size 280x17
              text run at (0,0) width 280: "NEGATED :nth-last-of-type() pseudo-class"
          RenderText {#text} at (279,0) size 48x17
            text run at (279,0) width 48: " (#76b)"
        RenderListItem {LI} at (40,1530) size 728x18
          RenderListMarker at (-17,0) size 7x17: bullet
          RenderInline {A} at (0,0) size 233x17 [color=#0000EE]
            RenderText {#text} at (0,0) size 233x17
              text run at (0,0) width 233: "NEGATED :first-child pseudo-class"
          RenderText {#text} at (232,0) size 40x17
            text run at (232,0) width 40: " (#77)"
        RenderListItem {LI} at (40,1548) size 728x18
          RenderListMarker at (-17,0) size 7x17: bullet
          RenderInline {A} at (0,0) size 233x17 [color=#0000EE]
            RenderText {#text} at (0,0) size 233x17
              text run at (0,0) width 233: "NEGATED :first-child pseudo-class"
          RenderText {#text} at (232,0) size 48x17
            text run at (232,0) width 48: " (#77b)"
        RenderListItem {LI} at (40,1566) size 728x18
          RenderListMarker at (-17,0) size 7x17: bullet
          RenderInline {A} at (0,0) size 230x17 [color=#0000EE]
            RenderText {#text} at (0,0) size 230x17
              text run at (0,0) width 230: "NEGATED :last-child pseudo-class"
          RenderText {#text} at (229,0) size 39x17
            text run at (229,0) width 39: " (#78)"
        RenderListItem {LI} at (40,1584) size 728x18
          RenderListMarker at (-17,0) size 7x17: bullet
          RenderInline {A} at (0,0) size 230x17 [color=#0000EE]
            RenderText {#text} at (0,0) size 230x17
              text run at (0,0) width 230: "NEGATED :last-child pseudo-class"
          RenderText {#text} at (229,0) size 47x17
            text run at (229,0) width 47: " (#78b)"
        RenderListItem {LI} at (40,1602) size 728x18
          RenderListMarker at (-17,0) size 7x17: bullet
          RenderInline {A} at (0,0) size 248x17 [color=#0000EE]
            RenderText {#text} at (0,0) size 248x17
              text run at (0,0) width 248: "NEGATED :first-of-type pseudo-class"
          RenderText {#text} at (247,0) size 39x17
            text run at (247,0) width 39: " (#79)"
        RenderListItem {LI} at (40,1620) size 728x18
          RenderListMarker at (-17,0) size 7x17: bullet
          RenderInline {A} at (0,0) size 244x17 [color=#0000EE]
            RenderText {#text} at (0,0) size 244x17
              text run at (0,0) width 244: "NEGATED :last-of-type pseudo-class"
          RenderText {#text} at (243,0) size 40x17
            text run at (243,0) width 40: " (#80)"
        RenderListItem {LI} at (40,1638) size 728x18
          RenderListMarker at (-17,0) size 7x17: bullet
          RenderInline {A} at (0,0) size 236x17 [color=#0000EE]
            RenderText {#text} at (0,0) size 236x17
              text run at (0,0) width 236: "NEGATED :only-child pseudo-class"
          RenderText {#text} at (235,0) size 40x17
            text run at (235,0) width 40: " (#81)"
        RenderListItem {LI} at (40,1656) size 728x18
          RenderListMarker at (-17,0) size 7x17: bullet
          RenderInline {A} at (0,0) size 236x17 [color=#0000EE]
            RenderText {#text} at (0,0) size 236x17
              text run at (0,0) width 236: "NEGATED :only-child pseudo-class"
          RenderText {#text} at (235,0) size 48x17
            text run at (235,0) width 48: " (#81b)"
        RenderListItem {LI} at (40,1674) size 728x18
          RenderListMarker at (-17,0) size 7x17: bullet
          RenderInline {A} at (0,0) size 250x17 [color=#0000EE]
            RenderText {#text} at (0,0) size 250x17
              text run at (0,0) width 250: "NEGATED :only-of-type pseudo-class"
          RenderText {#text} at (249,0) size 40x17
            text run at (249,0) width 40: " (#82)"
        RenderListItem {LI} at (40,1692) size 728x18
          RenderListMarker at (-17,0) size 7x17: bullet
          RenderInline {A} at (0,0) size 250x17 [color=#0000EE]
            RenderText {#text} at (0,0) size 250x17
              text run at (0,0) width 250: "NEGATED :only-of-type pseudo-class"
          RenderText {#text} at (249,0) size 48x17
            text run at (249,0) width 48: " (#82b)"
        RenderListItem {LI} at (40,1710) size 728x18
          RenderListMarker at (-17,0) size 7x17: bullet
          RenderInline {A} at (0,0) size 347x17 [color=#0000EE]
            RenderText {#text} at (0,0) size 347x17
              text run at (0,0) width 347: "Negation pseudo-class cannot be an argument of itself"
          RenderText {#text} at (347,0) size 39x17
            text run at (347,0) width 39: " (#83)"
        RenderListItem {LI} at (40,1728) size 728x18
          RenderListMarker at (-17,0) size 7x17: bullet
          RenderInline {A} at (0,0) size 155x17 [color=#0000EE]
            RenderText {#text} at (0,0) size 155x17
              text run at (0,0) width 155: ":contains() pseudo-class"
          RenderText {#text} at (154,0) size 39x17
            text run at (154,0) width 39: " (#84)"
        RenderListItem {LI} at (40,1746) size 728x18
          RenderListMarker at (-17,0) size 7x17: bullet
          RenderInline {A} at (0,0) size 155x17 [color=#0000EE]
            RenderText {#text} at (0,0) size 155x17
              text run at (0,0) width 155: ":contains() pseudo-class"
          RenderText {#text} at (154,0) size 47x17
            text run at (154,0) width 47: " (#84b)"
        RenderListItem {LI} at (40,1764) size 728x18
          RenderListMarker at (-17,0) size 7x17: bullet
          RenderInline {A} at (0,0) size 234x17 [color=#0000EE]
            RenderText {#text} at (0,0) size 234x17
              text run at (0,0) width 234: "NEGATED :contains() pseudo-class"
          RenderText {#text} at (233,0) size 40x17
            text run at (233,0) width 40: " (#85)"
        RenderListItem {LI} at (40,1782) size 728x18
          RenderListMarker at (-17,0) size 7x17: bullet
          RenderInline {A} at (0,0) size 453x17 [color=#0000EE]
            RenderText {#text} at (0,0) size 453x17
              text run at (0,0) width 453: "Nondeterministic matching of direct and indirect adjacent combinators"
          RenderText {#text} at (452,0) size 40x17
            text run at (452,0) width 40: " (#87)"
        RenderListItem {LI} at (40,1800) size 728x18
          RenderListMarker at (-17,0) size 7x17: bullet
          RenderInline {A} at (0,0) size 453x17 [color=#0000EE]
            RenderText {#text} at (0,0) size 453x17
              text run at (0,0) width 453: "Nondeterministic matching of direct and indirect adjacent combinators"
          RenderText {#text} at (452,0) size 48x17
            text run at (452,0) width 48: " (#87b)"
        RenderListItem {LI} at (40,1818) size 728x18
          RenderListMarker at (-17,0) size 7x17: bullet
          RenderInline {A} at (0,0) size 475x17 [color=#0000EE]
            RenderText {#text} at (0,0) size 475x17
              text run at (0,0) width 475: "Nondeterministic matching of descendant and direct adjacent combinators"
          RenderText {#text} at (474,0) size 40x17
            text run at (474,0) width 40: " (#88)"
        RenderListItem {LI} at (40,1836) size 728x18
          RenderListMarker at (-17,0) size 7x17: bullet
          RenderInline {A} at (0,0) size 475x17 [color=#0000EE]
            RenderText {#text} at (0,0) size 475x17
              text run at (0,0) width 475: "Nondeterministic matching of descendant and direct adjacent combinators"
          RenderText {#text} at (474,0) size 48x17
            text run at (474,0) width 48: " (#88b)"
        RenderListItem {LI} at (40,1854) size 728x18
          RenderListMarker at (-17,0) size 7x17: bullet
          RenderInline {A} at (0,0) size 368x17 [color=#0000EE]
            RenderText {#text} at (0,0) size 368x17
              text run at (0,0) width 368: "Simple combination of descendant and child combinators"
          RenderText {#text} at (367,0) size 40x17
            text run at (367,0) width 40: " (#89)"
        RenderListItem {LI} at (40,1872) size 728x18
          RenderListMarker at (-17,0) size 7x17: bullet
          RenderInline {A} at (0,0) size 408x17 [color=#0000EE]
            RenderText {#text} at (0,0) size 408x17
              text run at (0,0) width 408: "Simple combination of direct and indirect adjacent combinators"
          RenderText {#text} at (407,0) size 40x17
            text run at (407,0) width 40: " (#90)"
        RenderListItem {LI} at (40,1890) size 728x18
          RenderListMarker at (-17,0) size 7x17: bullet
          RenderInline {A} at (0,0) size 408x17 [color=#0000EE]
            RenderText {#text} at (0,0) size 408x17
              text run at (0,0) width 408: "Simple combination of direct and indirect adjacent combinators"
          RenderText {#text} at (407,0) size 48x17
            text run at (407,0) width 48: " (#90b)"
        RenderListItem {LI} at (40,1908) size 728x18
          RenderListMarker at (-17,0) size 7x17: bullet
          RenderInline {A} at (0,0) size 291x17 [color=#0000EE]
            RenderText {#text} at (0,0) size 291x17
              text run at (0,0) width 291: "NEGATED :enabled:disabled pseudo-classes"
          RenderText {#text} at (290,0) size 48x17
            text run at (290,0) width 48: " (#144)"
        RenderListItem {LI} at (40,1926) size 728x18
          RenderListMarker at (-17,0) size 7x17: bullet
          RenderInline {A} at (0,0) size 186x17 [color=#0000EE]
            RenderText {#text} at (0,0) size 186x17
              text run at (0,0) width 186: ":empty pseudo-class and text"
          RenderText {#text} at (185,0) size 47x17
            text run at (185,0) width 47: " (#148)"
        RenderListItem {LI} at (40,1944) size 728x18
          RenderListMarker at (-17,0) size 7x17: bullet
          RenderInline {A} at (0,0) size 263x17 [color=#0000EE]
            RenderText {#text} at (0,0) size 263x17
              text run at (0,0) width 263: ":empty pseudo-class and empty elements"
          RenderText {#text} at (262,0) size 47x17
            text run at (262,0) width 47: " (#149)"
        RenderListItem {LI} at (40,1962) size 728x18
          RenderListMarker at (-17,0) size 7x17: bullet
          RenderInline {A} at (0,0) size 263x17 [color=#0000EE]
            RenderText {#text} at (0,0) size 263x17
              text run at (0,0) width 263: ":empty pseudo-class and empty elements"
          RenderText {#text} at (262,0) size 55x17
            text run at (262,0) width 55: " (#149b)"
        RenderListItem {LI} at (40,1980) size 728x18
          RenderListMarker at (-17,0) size 7x17: bullet
          RenderInline {A} at (0,0) size 233x17 [color=#0000EE]
            RenderText {#text} at (0,0) size 233x17
              text run at (0,0) width 233: ":empty pseudo-class and whitespace"
          RenderText {#text} at (232,0) size 48x17
            text run at (232,0) width 48: " (#151)"
        RenderListItem {LI} at (40,1998) size 728x18
          RenderListMarker at (-17,0) size 7x17: bullet
          RenderInline {A} at (0,0) size 219x17 [color=#0000EE]
            RenderText {#text} at (0,0) size 219x17
              text run at (0,0) width 219: ":empty pseudo-class and elements"
          RenderText {#text} at (218,0) size 47x17
            text run at (218,0) width 47: " (#152)"
        RenderListItem {LI} at (40,2016) size 728x18
          RenderListMarker at (-17,0) size 7x17: bullet
          RenderInline {A} at (0,0) size 123x17 [color=#0000EE]
            RenderText {#text} at (0,0) size 123x17
              text run at (0,0) width 123: "Syntax and parsing"
          RenderText {#text} at (122,0) size 48x17
            text run at (122,0) width 48: " (#154)"
        RenderListItem {LI} at (40,2034) size 728x18
          RenderListMarker at (-17,0) size 7x17: bullet
          RenderInline {A} at (0,0) size 123x17 [color=#0000EE]
            RenderText {#text} at (0,0) size 123x17
              text run at (0,0) width 123: "Syntax and parsing"
          RenderText {#text} at (122,0) size 48x17
            text run at (122,0) width 48: " (#155)"
        RenderListItem {LI} at (40,2052) size 728x18
          RenderListMarker at (-17,0) size 7x17: bullet
          RenderInline {A} at (0,0) size 123x17 [color=#0000EE]
            RenderText {#text} at (0,0) size 123x17
              text run at (0,0) width 123: "Syntax and parsing"
          RenderText {#text} at (122,0) size 55x17
            text run at (122,0) width 55: " (#155a)"
        RenderListItem {LI} at (40,2070) size 728x18
          RenderListMarker at (-17,0) size 7x17: bullet
          RenderInline {A} at (0,0) size 123x17 [color=#0000EE]
            RenderText {#text} at (0,0) size 123x17
              text run at (0,0) width 123: "Syntax and parsing"
          RenderText {#text} at (122,0) size 56x17
            text run at (122,0) width 56: " (#155b)"
        RenderListItem {LI} at (40,2088) size 728x18
          RenderListMarker at (-17,0) size 7x17: bullet
          RenderInline {A} at (0,0) size 123x17 [color=#0000EE]
            RenderText {#text} at (0,0) size 123x17
              text run at (0,0) width 123: "Syntax and parsing"
          RenderText {#text} at (122,0) size 55x17
            text run at (122,0) width 55: " (#155c)"
        RenderListItem {LI} at (40,2106) size 728x18
          RenderListMarker at (-17,0) size 7x17: bullet
          RenderInline {A} at (0,0) size 123x17 [color=#0000EE]
            RenderText {#text} at (0,0) size 123x17
              text run at (0,0) width 123: "Syntax and parsing"
          RenderText {#text} at (122,0) size 56x17
            text run at (122,0) width 56: " (#155d)"
        RenderListItem {LI} at (40,2124) size 728x18
          RenderListMarker at (-17,0) size 7x17: bullet
          RenderInline {A} at (0,0) size 123x17 [color=#0000EE]
            RenderText {#text} at (0,0) size 123x17
              text run at (0,0) width 123: "Syntax and parsing"
          RenderText {#text} at (122,0) size 48x17
            text run at (122,0) width 48: " (#156)"
        RenderListItem {LI} at (40,2142) size 728x18
          RenderListMarker at (-17,0) size 7x17: bullet
          RenderInline {A} at (0,0) size 123x17 [color=#0000EE]
            RenderText {#text} at (0,0) size 123x17
              text run at (0,0) width 123: "Syntax and parsing"
          RenderText {#text} at (122,0) size 56x17
            text run at (122,0) width 56: " (#156b)"
        RenderListItem {LI} at (40,2160) size 728x18
          RenderListMarker at (-17,0) size 7x17: bullet
          RenderInline {A} at (0,0) size 123x17 [color=#0000EE]
            RenderText {#text} at (0,0) size 123x17
              text run at (0,0) width 123: "Syntax and parsing"
          RenderText {#text} at (122,0) size 55x17
            text run at (122,0) width 55: " (#156c)"
        RenderListItem {LI} at (40,2178) size 728x18
          RenderListMarker at (-17,0) size 7x17: bullet
          RenderInline {A} at (0,0) size 123x17 [color=#0000EE]
            RenderText {#text} at (0,0) size 123x17
              text run at (0,0) width 123: "Syntax and parsing"
          RenderText {#text} at (122,0) size 48x17
            text run at (122,0) width 48: " (#157)"
        RenderListItem {LI} at (40,2196) size 728x18
          RenderListMarker at (-17,0) size 7x17: bullet
          RenderInline {A} at (0,0) size 123x17 [color=#0000EE]
            RenderText {#text} at (0,0) size 123x17
              text run at (0,0) width 123: "Syntax and parsing"
          RenderText {#text} at (122,0) size 48x17
            text run at (122,0) width 48: " (#158)"
        RenderListItem {LI} at (40,2214) size 728x18
          RenderListMarker at (-17,0) size 7x17: bullet
          RenderInline {A} at (0,0) size 283x17 [color=#0000EE]
            RenderText {#text} at (0,0) size 283x17
              text run at (0,0) width 283: "Syntax and parsing of new pseudo-elements"
          RenderText {#text} at (282,0) size 47x17
            text run at (282,0) width 47: " (#159)"
        RenderListItem {LI} at (40,2232) size 728x18
          RenderListMarker at (-17,0) size 7x17: bullet
          RenderInline {A} at (0,0) size 303x17 [color=#0000EE]
            RenderText {#text} at (0,0) size 303x17
              text run at (0,0) width 303: "Syntax and parsing of unknown psuedo-classes"
          RenderText {#text} at (302,0) size 48x17
            text run at (302,0) width 48: " (#160)"
        RenderListItem {LI} at (40,2250) size 728x18
          RenderListMarker at (-17,0) size 7x17: bullet
          RenderInline {A} at (0,0) size 442x17 [color=#0000EE]
            RenderText {#text} at (0,0) size 442x17
              text run at (0,0) width 442: "Syntax and parsing of unknown psuedo-classes and pseudo-elements"
          RenderText {#text} at (441,0) size 47x17
            text run at (441,0) width 47: " (#161)"
        RenderListItem {LI} at (40,2268) size 728x18
          RenderListMarker at (-17,0) size 7x17: bullet
          RenderInline {A} at (0,0) size 140x17 [color=#0000EE]
            RenderText {#text} at (0,0) size 140x17
              text run at (0,0) width 140: "Contextual ::selection"
          RenderText {#text} at (139,0) size 48x17
            text run at (139,0) width 48: " (#162)"
        RenderListItem {LI} at (40,2286) size 728x18
          RenderListMarker at (-17,0) size 7x17: bullet
          RenderInline {A} at (0,0) size 132x17 [color=#0000EE]
            RenderText {#text} at (0,0) size 132x17
              text run at (0,0) width 132: "Contextual :contains"
          RenderText {#text} at (131,0) size 48x17
            text run at (131,0) width 48: " (#163)"
        RenderListItem {LI} at (40,2304) size 728x18
          RenderListMarker at (-17,0) size 7x17: bullet
          RenderInline {A} at (0,0) size 142x17 [color=#0000EE]
            RenderText {#text} at (0,0) size 142x17
              text run at (0,0) width 142: ":focus with ::selection"
          RenderText {#text} at (141,0) size 47x17
            text run at (141,0) width 47: " (#164)"
        RenderListItem {LI} at (40,2322) size 728x18
          RenderListMarker at (-17,0) size 7x17: bullet
          RenderInline {A} at (0,0) size 144x17 [color=#0000EE]
            RenderText {#text} at (0,0) size 144x17
              text run at (0,0) width 144: ":hover with ::selection"
          RenderText {#text} at (143,0) size 47x17
            text run at (143,0) width 47: " (#165)"
        RenderListItem {LI} at (40,2340) size 728x18
          RenderListMarker at (-17,0) size 7x17: bullet
          RenderInline {A} at (0,0) size 178x17 [color=#0000EE]
            RenderText {#text} at (0,0) size 178x17
              text run at (0,0) width 178: ":first-letter with ::first-letter"
          RenderText {#text} at (177,0) size 48x17
            text run at (177,0) width 48: " (#166)"
        RenderListItem {LI} at (40,2358) size 728x18
          RenderListMarker at (-17,0) size 7x17: bullet
          RenderInline {A} at (0,0) size 178x17 [color=#0000EE]
            RenderText {#text} at (0,0) size 178x17
              text run at (0,0) width 178: ":first-letter with ::first-letter"
          RenderText {#text} at (177,0) size 55x17
            text run at (177,0) width 55: " (#166a)"
        RenderListItem {LI} at (40,2376) size 728x18
          RenderListMarker at (-17,0) size 7x17: bullet
          RenderInline {A} at (0,0) size 160x17 [color=#0000EE]
            RenderText {#text} at (0,0) size 160x17
              text run at (0,0) width 160: ":first-line with ::first-line"
          RenderText {#text} at (159,0) size 48x17
            text run at (159,0) width 48: " (#167)"
        RenderListItem {LI} at (40,2394) size 728x18
          RenderListMarker at (-17,0) size 7x17: bullet
          RenderInline {A} at (0,0) size 160x17 [color=#0000EE]
            RenderText {#text} at (0,0) size 160x17
              text run at (0,0) width 160: ":first-line with ::first-line"
          RenderText {#text} at (159,0) size 55x17
            text run at (159,0) width 55: " (#167a)"
        RenderListItem {LI} at (40,2412) size 728x18
          RenderListMarker at (-17,0) size 7x17: bullet
          RenderInline {A} at (0,0) size 132x17 [color=#0000EE]
            RenderText {#text} at (0,0) size 132x17
              text run at (0,0) width 132: ":before with ::before"
          RenderText {#text} at (131,0) size 48x17
            text run at (131,0) width 48: " (#168)"
        RenderListItem {LI} at (40,2430) size 728x18
          RenderListMarker at (-17,0) size 7x17: bullet
          RenderInline {A} at (0,0) size 132x17 [color=#0000EE]
            RenderText {#text} at (0,0) size 132x17
              text run at (0,0) width 132: ":before with ::before"
          RenderText {#text} at (131,0) size 55x17
            text run at (131,0) width 55: " (#168a)"
        RenderListItem {LI} at (40,2448) size 728x18
          RenderListMarker at (-17,0) size 7x17: bullet
          RenderInline {A} at (0,0) size 109x17 [color=#0000EE]
            RenderText {#text} at (0,0) size 109x17
              text run at (0,0) width 109: ":after with ::after"
          RenderText {#text} at (108,0) size 48x17
            text run at (108,0) width 48: " (#169)"
        RenderListItem {LI} at (40,2466) size 728x18
          RenderListMarker at (-17,0) size 7x17: bullet
          RenderInline {A} at (0,0) size 109x17 [color=#0000EE]
            RenderText {#text} at (0,0) size 109x17
              text run at (0,0) width 109: ":after with ::after"
          RenderText {#text} at (108,0) size 55x17
            text run at (108,0) width 55: " (#169a)"
        RenderListItem {LI} at (40,2484) size 728x18
          RenderListMarker at (-17,0) size 7x17: bullet
          RenderInline {A} at (0,0) size 156x17 [color=#0000EE]
            RenderText {#text} at (0,0) size 156x17
              text run at (0,0) width 156: "Long chains of selectors"
          RenderText {#text} at (155,0) size 48x17
            text run at (155,0) width 48: " (#170)"
        RenderListItem {LI} at (40,2502) size 728x18
          RenderListMarker at (-17,0) size 7x17: bullet
          RenderInline {A} at (0,0) size 156x17 [color=#0000EE]
            RenderText {#text} at (0,0) size 156x17
              text run at (0,0) width 156: "Long chains of selectors"
          RenderText {#text} at (155,0) size 55x17
            text run at (155,0) width 55: " (#170a)"
        RenderListItem {LI} at (40,2520) size 728x18
          RenderListMarker at (-17,0) size 7x17: bullet
          RenderInline {A} at (0,0) size 156x17 [color=#0000EE]
            RenderText {#text} at (0,0) size 156x17
              text run at (0,0) width 156: "Long chains of selectors"
          RenderText {#text} at (155,0) size 56x17
            text run at (155,0) width 56: " (#170b)"
        RenderListItem {LI} at (40,2538) size 728x18
          RenderListMarker at (-17,0) size 7x17: bullet
          RenderInline {A} at (0,0) size 156x17 [color=#0000EE]
            RenderText {#text} at (0,0) size 156x17
              text run at (0,0) width 156: "Long chains of selectors"
          RenderText {#text} at (155,0) size 55x17
            text run at (155,0) width 55: " (#170c)"
        RenderListItem {LI} at (40,2556) size 728x18
          RenderListMarker at (-17,0) size 7x17: bullet
          RenderInline {A} at (0,0) size 156x17 [color=#0000EE]
            RenderText {#text} at (0,0) size 156x17
              text run at (0,0) width 156: "Long chains of selectors"
          RenderText {#text} at (155,0) size 56x17
            text run at (155,0) width 56: " (#170d)"
        RenderListItem {LI} at (40,2574) size 728x18
          RenderListMarker at (-17,0) size 7x17: bullet
          RenderInline {A} at (0,0) size 180x17 [color=#0000EE]
            RenderText {#text} at (0,0) size 180x17
              text run at (0,0) width 180: "Parsing: Numbers in classes"
          RenderText {#text} at (179,0) size 55x17
            text run at (179,0) width 55: " (#175a)"
        RenderListItem {LI} at (40,2592) size 728x18
          RenderListMarker at (-17,0) size 7x17: bullet
          RenderInline {A} at (0,0) size 180x17 [color=#0000EE]
            RenderText {#text} at (0,0) size 180x17
              text run at (0,0) width 180: "Parsing: Numbers in classes"
          RenderText {#text} at (179,0) size 56x17
            text run at (179,0) width 56: " (#175b)"
        RenderListItem {LI} at (40,2610) size 728x18
          RenderListMarker at (-17,0) size 7x17: bullet
          RenderInline {A} at (0,0) size 180x17 [color=#0000EE]
            RenderText {#text} at (0,0) size 180x17
              text run at (0,0) width 180: "Parsing: Numbers in classes"
          RenderText {#text} at (179,0) size 55x17
            text run at (179,0) width 55: " (#175c)"
        RenderListItem {LI} at (40,2628) size 728x18
          RenderListMarker at (-17,0) size 7x17: bullet
          RenderInline {A} at (0,0) size 264x17 [color=#0000EE]
            RenderText {#text} at (0,0) size 264x17
              text run at (0,0) width 264: "NEGATED Dynamic handling of :empty"
          RenderText {#text} at (263,0) size 40x17
            text run at (263,0) width 40: " (#d1)"
        RenderListItem {LI} at (40,2646) size 728x18
          RenderListMarker at (-17,0) size 7x17: bullet
          RenderInline {A} at (0,0) size 264x17 [color=#0000EE]
            RenderText {#text} at (0,0) size 264x17
              text run at (0,0) width 264: "NEGATED Dynamic handling of :empty"
          RenderText {#text} at (263,0) size 48x17
            text run at (263,0) width 48: " (#d1b)"
        RenderListItem {LI} at (40,2664) size 728x18
          RenderListMarker at (-17,0) size 7x17: bullet
          RenderInline {A} at (0,0) size 220x17 [color=#0000EE]
            RenderText {#text} at (0,0) size 220x17
              text run at (0,0) width 220: "Dynamic handling of combinators"
          RenderText {#text} at (219,0) size 39x17
            text run at (219,0) width 39: " (#d2)"
        RenderListItem {LI} at (40,2682) size 728x18
          RenderListMarker at (-17,0) size 7x17: bullet
          RenderInline {A} at (0,0) size 303x17 [color=#0000EE]
            RenderText {#text} at (0,0) size 303x17
              text run at (0,0) width 303: "Dynamic updating of :first-child and :last-child"
          RenderText {#text} at (302,0) size 40x17
            text run at (302,0) width 40: " (#d4)"
        RenderListItem {LI} at (40,2700) size 728x18
          RenderListMarker at (-17,0) size 7x17: bullet
          RenderInline {A} at (0,0) size 93x17 [color=#0000EE]
            RenderText {#text} at (0,0) size 93x17
              text run at (0,0) width 93: ":indeterminate"
          RenderText {#text} at (92,0) size 40x17
            text run at (92,0) width 40: " (#d5)"
        RenderListItem {LI} at (40,2718) size 728x18
          RenderListMarker at (-17,0) size 7x17: bullet
          RenderInline {A} at (0,0) size 181x17 [color=#0000EE]
            RenderText {#text} at (0,0) size 181x17
              text run at (0,0) width 181: ":indeterminate and :checked"
          RenderText {#text} at (180,0) size 47x17
            text run at (180,0) width 47: " (#d5a)"
        RenderListItem {LI} at (40,2736) size 728x18
          RenderListMarker at (-17,0) size 7x17: bullet
          RenderInline {A} at (0,0) size 260x17 [color=#0000EE]
            RenderText {#text} at (0,0) size 260x17
              text run at (0,0) width 260: "NEGATED :indeterminate and :checked"
          RenderText {#text} at (259,0) size 48x17
            text run at (259,0) width 48: " (#d5b)"
        RenderListItem {LI} at (40,2754) size 728x18
          RenderListMarker at (-17,0) size 7x17: bullet
          RenderInline {A} at (0,0) size 181x17 [color=#0000EE]
            RenderText {#text} at (0,0) size 181x17
              text run at (0,0) width 181: ":indeterminate and :checked"
          RenderText {#text} at (180,0) size 47x17
            text run at (180,0) width 47: " (#d5c)"
        RenderListItem {LI} at (40,2772) size 728x18
          RenderListMarker at (-17,0) size 7x17: bullet
          RenderInline {A} at (0,0) size 186x17 [color=#0000EE]
            RenderText {#text} at (0,0) size 186x17
              text run at (0,0) width 186: ":indeterminate with :checked"
          RenderText {#text} at (185,0) size 48x17
            text run at (185,0) width 48: " (#d5d)"
        RenderListItem {LI} at (40,2790) size 728x18
          RenderListMarker at (-17,0) size 7x17: bullet
          RenderInline {A} at (0,0) size 266x17 [color=#0000EE]
            RenderText {#text} at (0,0) size 266x17
              text run at (0,0) width 266: "NEGATED :indeterminate with :checked"
          RenderText {#text} at (265,0) size 46x17
            text run at (265,0) width 46: " (#d5e)"
      RenderBlock {P} at (0,3262) size 768x18
        RenderText {#text} at (0,0) size 62x17
          text run at (0,0) width 62: "See also: "
        RenderInline {A} at (0,0) size 37x17 [color=#0000EE]
          RenderText {#text} at (61,0) size 37x17
            text run at (61,0) width 37: "Index"
        RenderText {#text} at (97,0) size 9x17
          text run at (97,0) width 9: ", "
        RenderInline {A} at (0,0) size 58x17 [color=#0000EE]
          RenderText {#text} at (105,0) size 58x17
            text run at (105,0) width 58: "XHTML"
        RenderText {#text} at (162,0) size 9x17
          text run at (162,0) width 9: ", "
        RenderInline {A} at (0,0) size 37x17 [color=#0000EE]
          RenderText {#text} at (170,0) size 37x17
            text run at (170,0) width 37: "XML"
