layer at (0,0) size 800x600
  RenderView at (0,0) size 800x600
layer at (0,0) size 800x473
  RenderBlock {HTML} at (0,0) size 800x473
    RenderBody {BODY} at (8,16) size 784x449
      RenderBlock {P} at (0,0) size 784x21
        RenderInline {B} at (0,0) size 61x21
          RenderText {#text} at (0,0) size 61x21
            text run at (0,0) width 61: "BUG ID:"
        RenderText {#text} at (61,0) size 4x21
          text run at (61,0) width 4: " "
        RenderInline {A} at (0,0) size 129x21 [color=#0000EE]
          RenderText {#text} at (65,0) size 129x21
            text run at (65,0) width 129: "Bugzilla bug 8467"
        RenderText {#text} at (194,0) size 555x21
          text run at (194,0) width 555: " Block with percentage background-size doesn't repaint properly when it grows"
      RenderBlock {P} at (0,37) size 784x48 [bgcolor=#98FB98]
        RenderInline {B} at (0,0) size 96x21
          RenderText {#text} at (3,3) size 96x21
            text run at (3,3) width 96: "TEST PASS:"
        RenderText {#text} at (99,3) size 747x42
          text run at (99,3) width 4: " "
          text run at (103,3) width 647: "The boxes will resize, and their background images will repaint correctly maintaining the set"
          text run at (3,24) width 122: "background-size."
      RenderBlock {P} at (0,101) size 784x27 [bgcolor=#FF3300]
        RenderInline {B} at (0,0) size 87x21
          RenderText {#text} at (3,3) size 87x21
            text run at (3,3) width 87: "TEST FAIL:"
        RenderText {#text} at (90,3) size 578x21
          text run at (90,3) width 4: " "
          text run at (94,3) width 574: "The boxes will resize, but the background images will leave artifacts on the sides."
      RenderBlock {DIV} at (0,144) size 222x142 [border: (1px solid #0000FF)]
        RenderBlock {DIV} at (11,21) size 200x40
      RenderBlock (anonymous) at (0,286) size 784x21
        RenderBR {BR} at (0,0) size 0x21
      RenderBlock {DIV} at (0,307) size 222x142 [border: (1px solid #0000FF)]
        RenderBlock {DIV} at (11,21) size 200x60
layer at (29,181) size 180x40
  RenderBlock {DIV} at (10,0) size 180x40 [bgcolor=#008080]
layer at (29,344) size 180x60
  RenderBlock {DIV} at (10,0) size 180x60 [bgcolor=#008080]
