layer at (0,0) size 800x600
  RenderView at (0,0) size 800x600
layer at (0,0) size 800x600
  RenderBlock {HTML} at (0,0) size 800x600
    RenderBody {BODY} at (8,8) size 784x584
      RenderBlock (anonymous) at (0,0) size 784x19
        RenderText {#text} at (0,0) size 380x19
          text run at (0,0) width 380: "This should be a 100\x{D7}100px green square with a black border:"
      RenderBlock {DIV} at (0,19) size 784x104 [bgcolor=#008000] [border: (2px solid #000000)]
        RenderBlock {DIV} at (2,2) size 100x10
        RenderText {#text} at (0,0) size 0x0
