layer at (0,0) size 800x600
  RenderView at (0,0) size 800x600
layer at (0,0) size 800x500
  RenderBlock {HTML} at (0,0) size 800x500
    RenderBody {BODY} at (8,16) size 784x476
      RenderBlock {P} at (0,0) size 784x22
        RenderInline {B} at (0,0) size 62x22
          RenderText {#text} at (0,0) size 62x22
            text run at (0,0) width 62: "BUG ID:"
        RenderText {#text} at (62,0) size 4x22
          text run at (62,0) width 4: " "
        RenderInline {A} at (0,0) size 121x22 [color=#0000EE]
          RenderText {#text} at (66,0) size 121x22
            text run at (66,0) width 121: "Bugzilla bug 6301"
        RenderText {#text} at (187,0) size 262x22
          text run at (187,0) width 262: " REGRESSION: Border repaint glitch"
      RenderBlock {P} at (0,38) size 784x28 [bgcolor=#98FB98]
        RenderInline {B} at (0,0) size 91x22
          RenderText {#text} at (3,3) size 91x22
            text run at (3,3) width 91: "TEST PASS:"
        RenderText {#text} at (94,3) size 474x22
          text run at (94,3) width 4: " "
          text run at (98,3) width 470: "The boxes will resize, maintaining their solid red rectangular borders."
      RenderBlock {P} at (0,82) size 784x72 [bgcolor=#FF3300]
        RenderInline {B} at (0,0) size 90x22
          RenderText {#text} at (3,3) size 90x22
            text run at (3,3) width 90: "TEST FAIL:"
        RenderText {#text} at (93,3) size 765x66
          text run at (93,3) width 4: " "
          text run at (97,3) width 662: "The boxes will resize, but the borders will break. The first box will be missing small segments from"
          text run at (3,25) width 765: "either side of its bottom border. The second box will have small red horizontal segments protruding inwards from"
          text run at (3,47) width 419: "both sides of the border, where the bottom border was before."
      RenderBlock {DIV} at (0,170) size 222x142 [border: (1px solid #0000FF)]
        RenderBlock {DIV} at (11,11) size 200x68 [bgcolor=#008080] [border: (4px solid #FF0000)]
          RenderBlock {DIV} at (14,14) size 172x40 [bgcolor=#C0C0C0]
      RenderBlock (anonymous) at (0,312) size 784x22
        RenderBR {BR} at (0,0) size 0x22
      RenderBlock {DIV} at (0,334) size 222x142 [border: (1px solid #0000FF)]
        RenderBlock {DIV} at (11,11) size 200x88 [bgcolor=#008080] [border: (4px solid #FF0000)]
          RenderBlock {DIV} at (14,14) size 172x60 [bgcolor=#C0C0C0]
