layer at (0,0) size 800x600
  RenderView at (0,0) size 800x600
layer at (0,0) size 800x600
  RenderBlock {HTML} at (0,0) size 800x600
    RenderBody {BODY} at (8,8) size 784x584
      RenderBlock {P} at (0,0) size 784x42
        RenderText {#text} at (0,0) size 168x21
          text run at (0,0) width 168: "This is a repaint test for "
        RenderInline {I} at (0,0) size 754x42
          RenderInline {A} at (0,0) size 379x21 [color=#0000EE]
            RenderText {#text} at (168,0) size 379x21
              text run at (168,0) width 379: "http://bugzilla.opendarwin.org/show_bug.cgi?id=9121"
          RenderText {#text} at (547,0) size 754x42
            text run at (547,0) width 4: " "
            text run at (551,0) width 203: "REGRESSION: [Incremental"
            text run at (0,21) width 283: "Repaint] DHTML movement test failures"
        RenderText {#text} at (283,21) size 4x21
          text run at (283,21) width 4: "."
      RenderBlock {HR} at (0,58) size 784x2 [border: (1px inset #000000)]
layer at (8,76) size 214x232 scrollWidth 644
  RenderBlock (relative positioned) {DIV} at (0,68) size 214x232
layer at (-2,76) size 214x232 backgroundClip at (8,76) size 214x232 clip at (8,76) size 214x232 outlineClip at (8,76) size 214x232
  RenderBlock (positioned) {DIV} at (-440,0) size 214x232
    RenderImage {IMG} at (0,0) size 214x232
    RenderText {#text} at (0,0) size 0x0
