layer at (0,0) size 800x600
  RenderView at (0,0) size 800x600
layer at (0,0) size 800x100
  RenderBlock {HTML} at (0,0) size 800x100
    RenderBody {BODY} at (8,8) size 784x84
      RenderBlock {DIV} at (0,0) size 50x62
        RenderBlock (anonymous) at (0,0) size 50x0
          RenderInline {SPAN} at (0,0) size 0x0
        RenderBlock (anonymous) at (0,0) size 50x40
          RenderBlock {DIV} at (10,0) size 30x40 [bgcolor=#C0C0C0]
        RenderBlock (anonymous) at (0,40) size 50x22
          RenderInline {SPAN} at (0,0) size 8x22
            RenderText {#text} at (21,0) size 8x22
              text run at (21,0) width 8: "x"
          RenderText {#text} at (0,0) size 0x0
      RenderBlock (anonymous) at (0,62) size 784x22
        RenderText {#text} at (0,0) size 4x22
          text run at (0,0) width 4: "\x{19}"
