layer at (0,0) size 800x600
  RenderView at (0,0) size 800x600
layer at (0,0) size 800x600
  RenderBlock {HTML} at (0,0) size 800x600
    RenderBody {BODY} at (8,8) size 784x584
      RenderBlock {P} at (0,0) size 784x44
        RenderText {#text} at (0,0) size 164x22
          text run at (0,0) width 164: "This is a repaint test for "
        RenderInline {I} at (0,0) size 777x44
          RenderInline {A} at (0,0) size 352x22 [color=#0000EE]
            RenderText {#text} at (164,0) size 352x22
              text run at (164,0) width 352: "http://bugzilla.opendarwin.org/show_bug.cgi?id=9121"
          RenderText {#text} at (516,0) size 777x44
            text run at (516,0) width 4: " "
            text run at (520,0) width 257: "REGRESSION: [Incremental Repaint]"
            text run at (0,22) width 206: "DHTML movement test failures"
        RenderText {#text} at (206,22) size 4x22
          text run at (206,22) width 4: "."
      RenderBlock {HR} at (0,60) size 784x2 [border: (1px inset #000000)]
layer at (158,78) size 50x50
  RenderBlock (positioned) {DIV} at (100,0) size 50x50 [bgcolor=#0000FF]
