layer at (0,0) size 800x600
  RenderView at (0,0) size 800x600
layer at (0,0) size 800x600
  RenderBlock {HTML} at (0,0) size 800x600
    RenderBody {BODY} at (8,8) size 784x584
      RenderBlock {P} at (0,0) size 784x42
        RenderText {#text} at (0,0) size 57x21
          text run at (0,0) width 57: "Test for "
        RenderInline {I} at (0,0) size 766x42
          RenderInline {A} at (0,0) size 329x21 [color=#0000EE]
            RenderText {#text} at (57,0) size 329x21
              text run at (57,0) width 329: "http://bugs.webkit.org/show_bug.cgi?id=13391"
          RenderText {#text} at (386,0) size 766x42
            text run at (386,0) width 4: " "
            text run at (390,0) width 376: "REGRESSION (r18819): Incomplete repaint of button"
            text run at (0,21) width 25: "text"
        RenderText {#text} at (25,21) size 4x21
          text run at (25,21) width 4: "."
      RenderBlock {P} at (0,58) size 784x21
        RenderText {#text} at (0,0) size 550x21
          text run at (0,0) width 550: "The popup and the button should say \x{201C}SUCCESS\x{201D} with no sign of \x{201C}FAILURE\x{201D}."
      RenderMenuList {SELECT} at (0,95) size 200x30 [bgcolor=#FFFFFF] [border: (1px solid #000000)]
        RenderBlock (anonymous) at (1,4) size 198x21
          RenderText at (0,0) size 80x21
            text run at (0,0) width 80: "SUCCESS"
      RenderButton {BUTTON} at (0,125) size 200x30 [bgcolor=#C0C0C0]
        RenderBlock (anonymous) at (6,6) size 188x21
          RenderText {#text} at (54,0) size 80x21
            text run at (54,0) width 80: "SUCCESS"
