layer at (0,0) size 800x600
  RenderView at (0,0) size 800x600
layer at (0,0) size 800x127
  RenderBlock {HTML} at (0,0) size 800x127
    RenderBody {BODY} at (8,16) size 784x91
      RenderBlock {P} at (0,0) size 784x21
        RenderText {#text} at (0,0) size 197x21
          text run at (0,0) width 197: "If you see red, the test failed"
layer at (28,57) size 250x50
  RenderBlock {DIV} at (20,41) size 250x50 [bgcolor=#008000]
