layer at (0,0) size 800x600
  RenderView at (0,0) size 800x600
layer at (0,0) size 800x111
  RenderBlock {HTML} at (0,0) size 800x111
    RenderBody {BODY} at (8,16) size 784x79
      RenderBlock {P} at (0,0) size 784x42
        RenderText {#text} at (0,0) size 111x21
          text run at (0,0) width 111: "Repaint test for "
        RenderInline {I} at (0,0) size 165x21
          RenderInline {A} at (0,0) size 165x21 [color=#0000EE]
            RenderText {#text} at (111,0) size 165x21
              text run at (111,0) width 165: "rdar://problem/6518850"
        RenderText {#text} at (276,0) size 750x42
          text run at (276,0) width 4: " "
          text run at (280,0) width 470: "Make sure that an inline repaints using its line boxes and not using"
          text run at (0,21) width 195: "RenderBox width()/height()."
      RenderBlock {P} at (0,58) size 784x21
        RenderInline {SPAN} at (0,0) size 44x21 [color=#008000]
          RenderText {#text} at (0,0) size 44x21
            text run at (0,0) width 44: "PASS"
