layer at (0,0) size 800x600
  RenderView at (0,0) size 800x600
layer at (0,0) size 800x600
  RenderBlock {HTML} at (0,0) size 800x600
    RenderBody {BODY} at (0,0) size 800x600
      RenderPartObject {IFRAME} at (0,0) size 500x600
        layer at (0,0) size 500x600
          RenderView at (0,0) size 500x600
        layer at (0,0) size 500x600
          RenderBlock {HTML} at (0,0) size 500x600
            RenderBody {BODY} at (8,8) size 484x576
              RenderBlock {DIV} at (0,0) size 450x50
                RenderBlock (floating) {DIV} at (370,10) size 70x150 [bgcolor=#FFC0CB]
              RenderBlock {P} at (0,66) size 418x487 [border: (3px solid #800000)]
                RenderText {#text} at (6,6) size 354x114
                  text run at (6,6) width 354: "The chief difficulty Alice found at first was in managing her"
                  text run at (6,25) width 354: "flamingo: she succeeded in getting its body tucked away,"
                  text run at (6,44) width 354: "comfortably enough, under her arm, with its legs hanging"
                  text run at (6,63) width 44: "down, "
                  text run at (50,63) width 310: "but generally, just as she had got its neck nicely"
                  text run at (6,82) width 78: "straightened "
                  text run at (84,82) width 276: "out, and was going to give the hedgehog a"
                  text run at (6,101) width 132: "blow with its head, it "
                RenderInline {I} at (0,0) size 39x19
                  RenderText {#text} at (138,101) size 39x19
                    text run at (138,101) width 39: "would"
                RenderText {#text} at (177,101) size 406x76
                  text run at (177,101) width 183: " twist itself round and look up"
                  text run at (6,120) width 103: "in her face, with "
                  text run at (109,120) width 303: "such a puzzled expression that she could not help"
                  text run at (6,139) width 74: "bursting out "
                  text run at (80,139) width 332: "laughing: and when she had got its head down, and was"
                  text run at (6,158) width 62: "going to "
                RenderText {#text} at (68,158) size 406x133
                  text run at (68,158) width 344: "begin again, it was very provoking to find that the"
                  text run at (6,177) width 90: "hedgehog had "
                  text run at (96,177) width 316: "unrolled itself, and was in the act of crawling away:"
                  text run at (6,196) width 70: "besides all "
                  text run at (76,196) width 336: "this, there was generally a ridge or furrow in the way"
                  text run at (6,215) width 65: "wherever "
                  text run at (71,215) width 341: "she wanted to send the hedgehog to, and, as the"
                  text run at (6,234) width 77: "doubled-up "
                  text run at (83,234) width 329: "soldiers were always getting up and walking off to"
                  text run at (6,253) width 86: "other parts of "
                  text run at (92,253) width 320: "the ground, Alice soon came to the conclusion that it"
                  text run at (6,272) width 69: "was a very "
                RenderText {#text} at (75,272) size 131x19
                  text run at (75,272) width 131: "difficult game indeed. "
                RenderBR {BR} at (0,0) size 0x0
                RenderText {#text} at (6,291) size 298x19
                  text run at (6,291) width 298: "The players all played at once without waiting "
                RenderBlock (floating) {SPAN} at (364,294) size 48x80 [bgcolor=#90EE90]
                RenderText {#text} at (304,291) size 355x57
                  text run at (304,291) width 57: "for turns,"
                  text run at (6,310) width 355: "quarrelling all the while, and fighting for the hedgehogs; and"
                  text run at (6,329) width 16: "in "
                  text run at (22,329) width 113: "a very short time "
                RenderInline {SPAN} at (0,0) size 64x19
                  RenderText {#text} at (135,329) size 64x19
                    text run at (135,329) width 64: "the Queen"
                RenderText {#text} at (199,329) size 355x57
                  text run at (199,329) width 162: " was in a furious passion,"
                  text run at (6,348) width 59: "and went "
                  text run at (65,348) width 296: "stamping about, and shouting \x{2018}Off with his head!\x{2019}"
                  text run at (6,367) width 75: "or \x{2018}Off with "
                  text run at (81,367) width 209: "her head!\x{2019} about once in a minute. "
                RenderBR {BR} at (0,0) size 0x0
                RenderText {#text} at (6,386) size 406x95
                  text run at (6,386) width 361: "Alice began to feel very uneasy: to be sure, she had not as "
                  text run at (367,386) width 45: "yet had"
                  text run at (6,405) width 336: "any dispute with the Queen, but she knew that it might "
                  text run at (342,405) width 70: "happen any"
                  text run at (6,424) width 381: "minute, \x{2018}and then,\x{2019} thought she, \x{2018}what would become of "
                  text run at (387,424) width 25: "me?"
                  text run at (6,443) width 406: "They\x{2019}re dreadfully fond of beheading people here; the great"
                  text run at (6,462) width 248: "wonder is, that there\x{2018}s any one left alive!\x{2019}"
      RenderText {#text} at (0,0) size 0x0
