layer at (0,0) size 800x600
  RenderView at (0,0) size 800x600
layer at (0,0) size 800x292
  RenderBlock {HTML} at (0,0) size 800x292
    RenderBody {BODY} at (8,16) size 784x268
      RenderBlock {P} at (0,0) size 784x42
        RenderText {#text} at (0,0) size 115x21
          text run at (0,0) width 115: "This is a test for "
        RenderInline {I} at (0,0) size 764x42
          RenderInline {A} at (0,0) size 379x21 [color=#0000EE]
            RenderText {#text} at (115,0) size 379x21
              text run at (115,0) width 379: "http://bugzilla.opendarwin.org/show_bug.cgi?id=9669"
          RenderText {#text} at (494,0) size 764x42
            text run at (494,0) width 4: " "
            text run at (498,0) width 266: "Incomplete repaint when changing an"
            text run at (0,21) width 100: "inline's border"
        RenderText {#text} at (100,21) size 4x21
          text run at (100,21) width 4: "."
      RenderBlock {HR} at (0,58) size 784x2 [border: (1px inset #000000)]
      RenderBlock {DIV} at (0,68) size 200x200
        RenderText {#text} at (0,0) size 153x84
          text run at (0,0) width 144: "Cras faucibus. Nunc"
          text run at (0,21) width 133: "adipiscing, enim in"
          text run at (0,42) width 153: "scelerisque convallis,"
          text run at (0,63) width 49: "augue "
        RenderInline {SPAN} at (0,0) size 40x51 [border: (30px solid #0000FF) none]
          RenderText {#text} at (49,63) size 40x21
            text run at (49,63) width 40: "purus"
        RenderText {#text} at (89,63) size 196x84
          text run at (89,63) width 107: " eleifend lacus,"
          text run at (0,84) width 189: "at sagittis eros leo pulvinar"
          text run at (0,105) width 195: "velit. Integer sollicitudin nisi"
          text run at (0,126) width 172: "ut urna blandit convallis."
