layer at (0,0) size 800x600
  RenderView at (0,0) size 800x600
layer at (0,0) size 800x600
  RenderBlock {HTML} at (0,0) size 800x600
    RenderBody {BODY} at (0,0) size 800x600
layer at (100,0) size 500x600
  RenderRegion {DIV} at (100,0) size 500x600
Flow Threads
  Thread with flow-name 'thread'
    layer at (0,0) size 500x600
      RenderNamedFlowThread at (0,0) size 500x600
        RenderPartObject {IFRAME} at (0,0) size 500x600
          layer at (0,0) size 484x711
            RenderView at (0,0) size 484x600
          layer at (0,0) size 484x711
            RenderBlock {HTML} at (0,0) size 484x711
              RenderBody {BODY} at (8,8) size 468x687
                RenderBlock {DIV} at (0,0) size 450x50
                  RenderBlock (floating) {DIV} at (370,10) size 70x120 [bgcolor=#FFC0CB]
                RenderBlock {P} at (0,66) size 418x621 [border: (3px solid #800000)]
                  RenderText {#text} at (6,6) size 406x126
                    text run at (6,6) width 354: "The chief difficulty Alice found at first was in"
                    text run at (6,27) width 104: "managing her "
                    text run at (110,27) width 250: "flamingo: she succeeded in getting"
                    text run at (6,48) width 162: "its body tucked away, "
                    text run at (168,48) width 192: "comfortably enough, under"
                    text run at (6,69) width 258: "her arm, with its legs hanging down, "
                    text run at (264,69) width 96: "but generally,"
                    text run at (6,90) width 347: "just as she had got its neck nicely straightened "
                    text run at (353,90) width 59: "out, and"
                    text run at (6,111) width 406: "was going to give the hedgehog a blow with its head, it"
                  RenderInline {I} at (0,0) size 43x21
                    RenderText {#text} at (6,132) size 43x21
                      text run at (6,132) width 43: "would"
                  RenderText {#text} at (49,132) size 406x84
                    text run at (49,132) width 329: " twist itself round and look up in her face, with "
                    text run at (378,132) width 34: "such"
                    text run at (6,153) width 406: "a puzzled expression that she could not help bursting out"
                    text run at (6,174) width 406: "laughing: and when she had got its head down, and was"
                    text run at (6,195) width 61: "going to "
                  RenderText {#text} at (67,195) size 406x168
                    text run at (67,195) width 345: "begin again, it was very provoking to find that the"
                    text run at (6,216) width 118: "hedgehog had "
                    text run at (124,216) width 288: "unrolled itself, and was in the act of"
                    text run at (6,237) width 206: "crawling away: besides all "
                    text run at (212,237) width 200: "this, there was generally a"
                    text run at (6,258) width 263: "ridge or furrow in the way wherever "
                    text run at (269,258) width 143: "she wanted to send"
                    text run at (6,279) width 308: "the hedgehog to, and, as the doubled-up "
                    text run at (314,279) width 98: "soldiers were"
                    text run at (6,300) width 384: "always getting up and walking off to other parts of "
                    text run at (390,300) width 22: "the"
                    text run at (6,321) width 406: "ground, Alice soon came to the conclusion that it was a"
                    text run at (57,342) width 34: "very "
                  RenderBlock (floating) {SPAN} at (6,345) size 48x64 [bgcolor=#ADD8E6]
                  RenderText {#text} at (91,342) size 155x21
                    text run at (91,342) width 155: "difficult game indeed. "
                  RenderBR {BR} at (0,0) size 0x0
                  RenderText {#text} at (57,363) size 337x21
                    text run at (57,363) width 337: "The players all played at once without waiting "
                  RenderBlock (floating) {SPAN} at (364,387) size 48x80 [bgcolor=#90EE90]
                  RenderText {#text} at (394,363) size 355x63
                    text run at (394,363) width 18: "for"
                    text run at (57,384) width 43: "turns, "
                    text run at (100,384) width 261: "quarrelling all the while, and fighting"
                    text run at (57,405) width 186: "for the hedgehogs; and in "
                    text run at (243,405) width 118: "a very short time"
                  RenderInline {SPAN} at (0,0) size 78x21
                    RenderText {#text} at (6,426) size 78x21
                      text run at (6,426) width 78: "the Queen"
                  RenderText {#text} at (84,426) size 355x63
                    text run at (84,426) width 277: " was in a furious passion, and went"
                    text run at (6,447) width 355: "stamping about, and shouting \x{2018}Off with his head!\x{2019}"
                    text run at (6,468) width 79: "or \x{2018}Off with "
                    text run at (85,468) width 244: "her head!\x{2019} about once in a minute. "
                  RenderBR {BR} at (0,0) size 0x0
                  RenderText {#text} at (6,489) size 406x126
                    text run at (6,489) width 406: "Alice began to feel very uneasy: to be sure, she had not"
                    text run at (6,510) width 21: "as "
                    text run at (27,510) width 385: "yet had any dispute with the Queen, but she knew that"
                    text run at (6,531) width 55: "it might "
                    text run at (61,531) width 351: "happen any minute, \x{2018}and then,\x{2019} thought she, \x{2018}what"
                    text run at (6,552) width 153: "would become of "
                    text run at (159,552) width 253: "me? They\x{2019}re dreadfully fond of"
                    text run at (6,573) width 246: "beheading people here; the great "
                    text run at (252,573) width 160: "wonder is, that there\x{2018}s"
                    text run at (6,594) width 128: "any one left alive!\x{2019}"
  Regions for flow 'thread'
    RenderRegion {DIV}
