layer at (0,0) size 800x600
  RenderView at (0,0) size 800x600
layer at (0,0) size 800x600
  RenderBlock {HTML} at (0,0) size 800x600
    RenderBody {BODY} at (0,0) size 800x600
      RenderPartObject {IFRAME} at (0,0) size 500x600
        layer at (0,0) size 484x714
          RenderView at (0,0) size 484x600
        layer at (0,0) size 484x714
          RenderBlock {HTML} at (0,0) size 484x714
            RenderBody {BODY} at (8,8) size 468x690
              RenderBlock {DIV} at (0,0) size 450x50
                RenderBlock (floating) {DIV} at (370,10) size 70x150 [bgcolor=#FFC0CB]
              RenderBlock {P} at (0,66) size 418x624 [border: (3px solid #800000)]
                RenderText {#text} at (6,6) size 406x149
                  text run at (6,6) width 354: "The chief difficulty Alice found at first was in"
                  text run at (6,27) width 104: "managing her "
                  text run at (110,27) width 250: "flamingo: she succeeded in getting"
                  text run at (6,48) width 162: "its body tucked away, "
                  text run at (168,48) width 192: "comfortably enough, under"
                  text run at (6,69) width 258: "her arm, with its legs hanging down, "
                  text run at (264,69) width 96: "but generally,"
                  text run at (6,90) width 354: "just as she had got its neck nicely straightened"
                  text run at (6,111) width 406: "out, and was going to give the hedgehog a blow with its"
                  text run at (6,134) width 58: "head, it "
                RenderInline {I} at (0,0) size 47x24
                  RenderText {#text} at (64,132) size 47x24
                    text run at (64,132) width 47: "would"
                RenderText {#text} at (111,134) size 406x85
                  text run at (111,134) width 301: " twist itself round and look up in her face,"
                  text run at (6,156) width 35: "with "
                  text run at (41,156) width 371: "such a puzzled expression that she could not help"
                  text run at (6,177) width 94: "bursting out "
                  text run at (100,177) width 312: "laughing: and when she had got its head"
                  text run at (6,198) width 209: "down, and was going to "
                RenderText {#text} at (215,198) size 406x168
                  text run at (215,198) width 197: "begin again, it was very"
                  text run at (6,219) width 304: "provoking to find that the hedgehog had "
                  text run at (310,219) width 102: "unrolled itself,"
                  text run at (6,240) width 377: "and was in the act of crawling away: besides all "
                  text run at (383,240) width 29: "this,"
                  text run at (6,261) width 406: "there was generally a ridge or furrow in the way wherever"
                  text run at (6,282) width 406: "she wanted to send the hedgehog to, and, as the"
                  text run at (6,303) width 86: "doubled-up "
                  text run at (92,303) width 320: "soldiers were always getting up and walking"
                  text run at (6,324) width 146: "off to other parts of "
                  text run at (152,324) width 260: "the ground, Alice soon came to the"
                  text run at (57,345) width 203: "conclusion that it was a very "
                RenderBlock (floating) {SPAN} at (6,348) size 48x64 [bgcolor=#ADD8E6]
                RenderText {#text} at (260,345) size 152x21
                  text run at (260,345) width 152: "difficult game indeed."
                RenderBR {BR} at (0,0) size 0x0
                RenderText {#text} at (57,366) size 337x21
                  text run at (57,366) width 337: "The players all played at once without waiting "
                RenderBlock (floating) {SPAN} at (364,390) size 48x80 [bgcolor=#90EE90]
                RenderText {#text} at (394,366) size 355x63
                  text run at (394,366) width 18: "for"
                  text run at (57,387) width 43: "turns, "
                  text run at (100,387) width 261: "quarrelling all the while, and fighting"
                  text run at (57,408) width 186: "for the hedgehogs; and in "
                  text run at (243,408) width 118: "a very short time"
                RenderInline {SPAN} at (0,0) size 78x21
                  RenderText {#text} at (6,429) size 78x21
                    text run at (6,429) width 78: "the Queen"
                RenderText {#text} at (84,429) size 355x63
                  text run at (84,429) width 277: " was in a furious passion, and went"
                  text run at (6,450) width 355: "stamping about, and shouting \x{2018}Off with his head!\x{2019}"
                  text run at (6,471) width 79: "or \x{2018}Off with "
                  text run at (85,471) width 244: "her head!\x{2019} about once in a minute. "
                RenderBR {BR} at (0,0) size 0x0
                RenderText {#text} at (6,492) size 406x126
                  text run at (6,492) width 406: "Alice began to feel very uneasy: to be sure, she had not"
                  text run at (6,513) width 21: "as "
                  text run at (27,513) width 385: "yet had any dispute with the Queen, but she knew that"
                  text run at (6,534) width 55: "it might "
                  text run at (61,534) width 351: "happen any minute, \x{2018}and then,\x{2019} thought she, \x{2018}what"
                  text run at (6,555) width 153: "would become of "
                  text run at (159,555) width 253: "me? They\x{2019}re dreadfully fond of"
                  text run at (6,576) width 246: "beheading people here; the great "
                  text run at (252,576) width 160: "wonder is, that there\x{2018}s"
                  text run at (6,597) width 128: "any one left alive!\x{2019}"
      RenderText {#text} at (0,0) size 0x0
