layer at (0,0) size 800x600
  RenderView at (0,0) size 800x600
layer at (0,0) size 800x600
  RenderBlock {HTML} at (0,0) size 800x600
    RenderBody {BODY} at (8,8) size 784x576
      RenderBlock {P} at (0,0) size 784x63
        RenderText {#text} at (0,0) size 111x21
          text run at (0,0) width 111: "Repaint test for "
        RenderInline {RDAR} at (0,0) size 784x63
          RenderText {#text} at (111,0) size 784x63
            text run at (111,0) width 543: "REGRESSION (r41203): Facebook friend suggestions disappear on update. "
            text run at (654,0) width 130: "Make sure when a"
            text run at (0,21) width 763: "layer switches from being self-painting to non-self-painting that a layout happens to fix up the floating objects"
            text run at (0,42) width 36: "lists. "
            text run at (36,42) width 604: "You should see a 100x100 green square below. If you see any red, the test has failed."
layer at (8,87) size 100x100
  RenderBlock (floating) {DIV} at (0,79) size 100x100 [bgcolor=#FF0000]
layer at (8,87) size 100x100
  RenderBlock (floating) {DIV} at (0,0) size 100x100 [bgcolor=#008000]
