layer at (0,0) size 800x600
  RenderView at (0,0) size 800x600
layer at (0,0) size 800x600
  RenderBlock {HTML} at (0,0) size 800x600
    RenderBody {BODY} at (8,8) size 784x584
      RenderBlock {P} at (0,0) size 784x22
        RenderText {#text} at (0,0) size 164x22
          text run at (0,0) width 164: "This is a repaint test for "
        RenderInline {I} at (0,0) size 589x22
          RenderInline {A} at (0,0) size 310x22 [color=#0000EE]
            RenderText {#text} at (164,0) size 310x22
              text run at (164,0) width 310: "https://bugs.webkit.org/show_bug.cgi?id=22159"
          RenderText {#text} at (474,0) size 279x22
            text run at (474,0) width 4: " "
            text run at (478,0) width 275: "Repaint issue with outlines in child objects"
        RenderText {#text} at (753,0) size 4x22
          text run at (753,0) width 4: "."
      RenderBlock {P} at (0,38) size 784x22
        RenderText {#text} at (0,0) size 341x22
          text run at (0,0) width 341: "If the test passes, you should not see any red below"
      RenderBlock {HR} at (0,76) size 784x2 [border: (1px inset #000000)]
layer at (0,240) size 220x50
  RenderBlock (positioned) {DIV} at (0,240) size 220x50 [border: (10px solid #FF0000)]
layer at (10,250) size 200x50
  RenderBlock (positioned) {DIV} at (10,250) size 200x50
    RenderBlock {DIV} at (0,0) size 200x30 [bgcolor=#DDDDDD]
