layer at (0,0) size 800x600
  RenderView at (0,0) size 800x600
layer at (0,0) size 800x600
  RenderBlock {HTML} at (0,0) size 800x600
    RenderBody {BODY} at (8,8) size 784x584
      RenderBlock {P} at (0,0) size 784x42
        RenderText {#text} at (0,0) size 168x21
          text run at (0,0) width 168: "This is a repaint test for "
        RenderInline {I} at (0,0) size 765x42
          RenderInline {A} at (0,0) size 329x21 [color=#0000EE]
            RenderText {#text} at (168,0) size 329x21
              text run at (168,0) width 329: "http://bugs.webkit.org/show_bug.cgi?id=11277"
          RenderText {#text} at (497,0) size 765x42
            text run at (497,0) width 4: " "
            text run at (501,0) width 264: "REGRESSION: Incomplete repaint of"
            text run at (0,21) width 208: "overflow areas when deleting"
        RenderText {#text} at (208,21) size 4x21
          text run at (208,21) width 4: "."
      RenderBlock {HR} at (0,58) size 784x2 [border: (1px inset #000000)]
layer at (8,76) size 80x36
  RenderBlock {DIV} at (0,68) size 80x36
    RenderText {#text} at (0,0) size 79x21
      text run at (0,0) width 79: "Lorem ipsu"
