layer at (0,0) size 800x600
  RenderView at (0,0) size 800x600
layer at (0,0) size 800x600
  RenderBlock {HTML} at (0,0) size 800x600
    RenderBody {BODY} at (8,8) size 784x584
      RenderBlock (anonymous) at (0,0) size 784x42
        RenderText {#text} at (0,0) size 769x42
          text run at (0,0) width 769: "This test must be run in DumpRenderTree as a pixel test. There should not be visual aritfacts after scaling the"
          text run at (0,21) width 40: "page."
      RenderBlock {DIV} at (0,42) size 500x500 [bgcolor=#008000]
