layer at (0,0) size 800x600
  RenderView at (0,0) size 800x600
layer at (564,0) size 236x600
  RenderBlock {HTML} at (0,0) size 236x600
    RenderBody {BODY} at (8,8) size 220x584
      RenderInline {SPAN} at (0,0) size 22x155
        RenderText {#text} at (0,0) size 22x155
          text run at (0,0) width 155: "Testing both hit testing"
      RenderText {#text} at (0,155) size 22x172
        text run at (0,155) width 172: " and painting of selection."
      RenderBR {BR} at (0,327) size 22x0
      RenderText {#text} at (22,0) size 22x327
        text run at (22,0) width 327: "Testing both hit testing and painting of selection."
      RenderBR {BR} at (22,327) size 22x0
      RenderText {#text} at (44,0) size 22x327
        text run at (44,0) width 327: "Testing both hit testing and painting of selection."
      RenderBR {BR} at (44,327) size 22x0
      RenderText {#text} at (66,0) size 22x327
        text run at (66,0) width 327: "Testing both hit testing and painting of selection."
      RenderBR {BR} at (66,327) size 22x0
      RenderText {#text} at (88,0) size 22x327
        text run at (88,0) width 327: "Testing both hit testing and painting of selection."
      RenderBR {BR} at (88,327) size 22x0
      RenderText {#text} at (110,0) size 22x327
        text run at (110,0) width 327: "Testing both hit testing and painting of selection."
      RenderBR {BR} at (110,327) size 22x0
      RenderText {#text} at (132,0) size 22x327
        text run at (132,0) width 327: "Testing both hit testing and painting of selection."
      RenderBR {BR} at (132,327) size 22x0
      RenderText {#text} at (154,0) size 22x327
        text run at (154,0) width 327: "Testing both hit testing and painting of selection."
      RenderBR {BR} at (154,327) size 22x0
      RenderText {#text} at (176,0) size 22x327
        text run at (176,0) width 327: "Testing both hit testing and painting of selection."
      RenderBR {BR} at (176,327) size 22x0
      RenderText {#text} at (198,0) size 22x327
        text run at (198,0) width 327: "Testing both hit testing and painting of selection."
      RenderBR {BR} at (198,327) size 22x0
selection start: position 5 of child 0 {#text} of child 1 {SPAN} of body
selection end:   position 17 of child 0 {#text} of child 1 {SPAN} of body
