layer at (0,0) size 800x600
  RenderView at (0,0) size 800x600
layer at (0,0) size 800x319
  RenderBlock {HTML} at (0,0) size 800x319
    RenderBody {BODY} at (8,16) size 784x295
      RenderBlock {P} at (0,0) size 784x42
        RenderText {#text} at (0,0) size 57x21
          text run at (0,0) width 57: "Test for "
        RenderInline {A} at (0,0) size 337x21 [color=#0000EE]
          RenderText {#text} at (57,0) size 337x21
            text run at (57,0) width 337: "https://bugs.webkit.org/show_bug.cgi?id=22472"
        RenderText {#text} at (394,0) size 4x21
          text run at (394,0) width 4: " "
        RenderInline {I} at (0,0) size 763x42
          RenderText {#text} at (398,0) size 763x42
            text run at (398,0) width 365: "Selection is not completely erased when a replaced"
            text run at (0,21) width 108: "element moves"
        RenderText {#text} at (0,0) size 0x0
      RenderBlock (anonymous) at (0,58) size 784x237
        RenderText {#text} at (0,0) size 0x0
layer at (8,74) size 214x232
  RenderImage {IMG} at (0,0) size 214x232
selection start: position 0 of child 3 {IMG} of body
selection end:   position 1 of child 3 {IMG} of body
