layer at (0,0) size 800x600
  RenderView at (0,0) size 800x600
layer at (0,0) size 800x600
  RenderBlock {HTML} at (0,0) size 800x600
    RenderBody {BODY} at (8,8) size 784x562
      RenderBlock {P} at (0,0) size 784x42
        RenderText {#text} at (0,0) size 772x42
          text run at (0,0) width 735: "This tests to see if selection gaps are invalidated properly when content inside the selection is removed. "
          text run at (735,0) width 33: "Only"
          text run at (768,0) width 4: " "
          text run at (0,21) width 346: "'hello world' should have a selecton tint behind it."
      RenderBlock {DIV} at (30,72) size 152x23 [border: (1px solid #FF0000)]
        RenderText {#text} at (1,1) size 39x21
          text run at (1,1) width 39: "hello "
        RenderText {#text} at (40,1) size 39x21
          text run at (40,1) width 39: "world"
        RenderBR {BR} at (79,17) size 0x0
selection start: position 0 of child 0 {#text} of child 3 {DIV} of body
selection end:   position 6 of child 1 {#text} of child 3 {DIV} of body
