layer at (0,0) size 800x600
  RenderView at (0,0) size 800x600
layer at (0,0) size 800x600
  RenderBlock {HTML} at (0,0) size 800x600
    RenderBody {BODY} at (0,0) size 800x600
      RenderBlock {P} at (0,0) size 800x22
        RenderText {#text} at (0,0) size 236x22
          text run at (0,0) width 236: "This is a test for regression against "
        RenderInline {A} at (0,0) size 322x22 [color=#0000EE]
          RenderText {#text} at (236,0) size 322x22
            text run at (236,0) width 322: "https://bugs.webkit.org/show_bug.cgi?id=49790"
      RenderBlock (anonymous) at (0,38) size 800x97
        RenderListBox {SELECT} at (2,2) size 34x93 [bgcolor=#FFFFFF] [border: (1px inset #808080)]
        RenderText {#text} at (0,0) size 0x0
