layer at (0,0) size 800x600
  RenderView at (0,0) size 800x600
layer at (0,0) size 800x494
  RenderBlock {HTML} at (0,0) size 800x494
    RenderBody {BODY} at (8,16) size 784x470
      RenderBlock {P} at (0,0) size 784x44
        RenderText {#text} at (0,0) size 109x22
          text run at (0,0) width 109: "Repaint test for "
        RenderInline {I} at (0,0) size 767x44
          RenderInline {A} at (0,0) size 352x22 [color=#0000EE]
            RenderText {#text} at (109,0) size 352x22
              text run at (109,0) width 352: "http://bugzilla.opendarwin.org/show_bug.cgi?id=9334"
          RenderText {#text} at (461,0) size 767x44
            text run at (461,0) width 4: " "
            text run at (465,0) width 302: "Incomplete repaint when changing block from"
            text run at (0,22) width 183: "non-positioned to positioned"
        RenderText {#text} at (183,22) size 4x22
          text run at (183,22) width 4: "."
      RenderBlock {HR} at (0,60) size 784x2 [border: (1px inset #000000)]
layer at (8,86) size 784x200
  RenderBlock (relative positioned) {DIV} at (0,70) size 784x200
layer at (8,136) size 100x100
  RenderBlock (relative positioned) {DIV} at (0,0) size 100x100 [bgcolor=#0000FF]
layer at (8,286) size 784x200
  RenderBlock (relative positioned) {DIV} at (0,270) size 784x200
    RenderBlock {DIV} at (0,50) size 784x150
layer at (8,286) size 100x100
  RenderBlock (positioned) {DIV} at (0,0) size 100x100 [bgcolor=#0000FF]
