layer at (0,0) size 800x600
  RenderView at (0,0) size 800x600
layer at (0,0) size 800x600
  RenderBlock {HTML} at (0,0) size 800x600
    RenderBody {BODY} at (8,8) size 784x584
layer at (8,8) size 300x300
  RenderBlock (relative positioned) {DIV} at (0,0) size 300x300 [bgcolor=#F0F8FF]
layer at (8,8) size 200x200
  RenderBlock {DIV} at (0,0) size 200x200 [bgcolor=#C0C0C0]
    RenderBlock (anonymous) at (0,0) size 200x29
      RenderTextControl {INPUT} at (2,2) size 186x25
      RenderText {#text} at (0,0) size 0x0
    RenderBlock {DIV} at (0,29) size 200x21
      RenderText {#text} at (0,0) size 119x21
        text run at (0,0) width 119: "Selection is here"
layer at (12,12) size 182x21
  RenderBlock {DIV} at (2,2) size 182x21
    RenderText {#text} at (1,0) size 44x21
      text run at (1,0) width 44: "PASS"
layer at (8,288) size 10x20
  RenderBlock (positioned) {DIV} at (0,280) size 10x20 [bgcolor=#ADD8E6]
caret: position 0 of child 0 {#text} of child 3 {DIV} of child 1 {DIV} of child 1 {DIV} of body
