layer at (0,0) size 800x600
  RenderView at (0,0) size 800x600
layer at (0,0) size 800x263
  RenderBlock {HTML} at (0,0) size 800x263
    RenderBody {BODY} at (8,16) size 784x239
      RenderBlock {P} at (0,0) size 784x21
        RenderText {#text} at (0,0) size 57x21
          text run at (0,0) width 57: "Test for "
        RenderInline {A} at (0,0) size 337x21 [color=#0000EE]
          RenderText {#text} at (57,0) size 337x21
            text run at (57,0) width 337: "https://bugs.webkit.org/show_bug.cgi?id=17840"
        RenderText {#text} at (394,0) size 323x21
          text run at (394,0) width 323: ". The rotated box should be correctly redrawn."
layer at (108,153) size 202x202
  RenderBlock (relative positioned) {DIV} at (0,37) size 202x202 [bgcolor=#CCCCCC] [border: (1px solid #000000)]
