layer at (0,0) size 800x600
  RenderView at (0,0) size 800x600
layer at (0,0) size 800x264
  RenderBlock {HTML} at (0,0) size 800x264
    RenderBody {BODY} at (8,16) size 784x240
      RenderBlock {P} at (0,0) size 784x22
        RenderText {#text} at (0,0) size 57x22
          text run at (0,0) width 57: "Test for "
        RenderInline {A} at (0,0) size 322x22 [color=#0000EE]
          RenderText {#text} at (57,0) size 322x22
            text run at (57,0) width 322: "https://bugs.webkit.org/show_bug.cgi?id=22088"
        RenderText {#text} at (379,0) size 317x22
          text run at (379,0) width 317: ". The rotated box should be correctly redrawn."
layer at (108,154) size 202x202
  RenderBlock (relative positioned) {DIV} at (0,38) size 202x202 [bgcolor=#CCCCCC] [border: (1px solid #000000)]
layer at (184,230) size 400x50
  RenderBlock (positioned) {DIV} at (76,76) size 400x50 [bgcolor=#555555]
