layer at (0,0) size 800x600
  RenderView at (0,0) size 800x600
layer at (0,0) size 800x216
  RenderBlock {HTML} at (0,0) size 800x216
    RenderBody {BODY} at (8,16) size 784x187
      RenderBlock {P} at (0,0) size 784x21
        RenderText {#text} at (0,0) size 430x21
          text run at (0,0) width 430: "This tests horizontal caret movement in vertical writing mode."
      RenderBlock {DIV} at (0,37) size 92x150
        RenderBlock {P} at (20,0) size 52x150
          RenderText {#text} at (0,96) size 26x54
            text run at (0,96) width 54 RTL: "\x{5D0}\x{5E0}\x{5D9} \x{5D7}\x{5EA}\x{5D5}\x{5DC}."
          RenderBR {BR} at (0,96) size 26x0
          RenderText {#text} at (26,90) size 26x60
            text run at (26,90) width 60 RTL: "\x{5D0}\x{5D9}\x{5DF} \x{5DC}\x{5D9} \x{5E9}\x{5DD}."
      RenderBlock {PRE} at (0,200) size 784x0
selection start: position 6 of child 0 {#text} of child 1 {P} of child 3 {DIV} of body
selection end:   position 5 of child 2 {#text} of child 1 {P} of child 3 {DIV} of body
