layer at (0,0) size 784x1226
  RenderView at (0,0) size 784x600
layer at (0,0) size 784x1226
  RenderBlock {HTML} at (0,0) size 784x1226
    RenderBody {BODY} at (8,8) size 768x1205 [bgcolor=#EEEEEE]
      RenderBlock (anonymous) at (0,0) size 768x23
        RenderInline {SPAN} at (0,0) size 202x17
          RenderText {#text} at (0,0) size 0x0
          RenderInline {SPAN} at (0,0) size 202x17
            RenderText {#text} at (0,0) size 0x0
            RenderTable {TABLE} at (0,0) size 202x23
              RenderTableSection {TBODY} at (0,0) size 202x23
                RenderTableRow {TR} at (0,0) size 202x23
                  RenderTableCell {TD} at (0,0) size 124x23 [r=0 c=0 rs=1 cs=1]
                    RenderText {#text} at (1,1) size 122x21
                      text run at (1,1) width 122: "Record Locator:"
                  RenderTableCell {TD} at (124,0) size 78x23 [r=0 c=1 rs=1 cs=1]
                    RenderInline {B} at (0,0) size 76x21
                      RenderText {#text} at (1,1) size 76x21
                        text run at (1,1) width 76: "WHGNSO"
                    RenderText {#text} at (0,0) size 0x0
            RenderText {#text} at (0,0) size 0x0
          RenderText {#text} at (0,0) size 0x0
      RenderBlock (anonymous) at (0,29) size 768x2
        RenderBlock {HR} at (0,0) size 768x2 [border: (1px inset #000000)]
      RenderBlock (anonymous) at (0,37) size 768x47
        RenderInline {SPAN} at (0,0) size 113x44
          RenderInline {SPAN} at (0,0) size 113x44
            RenderText {#text} at (0,0) size 0x0
            RenderInline {SPAN} at (0,0) size 113x21
              RenderText {#text} at (0,0) size 0x0
              RenderImage {IMG} at (0,2) size 54x21
              RenderText {#text} at (54,0) size 59x21
                text run at (54,0) width 5: " "
                text run at (59,0) width 54: "Names"
              RenderBR {BR} at (113,16) size 0x0
            RenderText {#text} at (0,0) size 0x0
            RenderInline {SPAN} at (0,0) size 106x17
              RenderText {#text} at (0,0) size 0x0
              RenderText {#text} at (0,0) size 0x0
            RenderText {#text} at (0,0) size 0x0
          RenderText {#text} at (0,0) size 0x0
      RenderBlock (anonymous) at (0,90) size 768x2
        RenderBlock {HR} at (0,0) size 768x2 [border: (1px inset #000000)]
      RenderBlock (anonymous) at (0,98) size 768x71
        RenderInline {SPAN} at (0,0) size 631x68
          RenderInline {SPAN} at (0,0) size 631x68
            RenderText {#text} at (0,0) size 0x0
            RenderImage {IMG} at (0,3) size 66x20
            RenderText {#text} at (66,3) size 4x17
              text run at (66,3) width 4: " "
            RenderInline {SPAN} at (0,0) size 81x21
              RenderText {#text} at (70,0) size 81x21
                text run at (70,0) width 81: "Addresses"
              RenderBR {BR} at (151,16) size 0x0
            RenderText {#text} at (0,0) size 0x0
            RenderText {#text} at (0,0) size 0x0
          RenderText {#text} at (0,0) size 0x0
      RenderBlock (anonymous) at (0,175) size 768x2
        RenderBlock {HR} at (0,0) size 768x2 [border: (1px inset #000000)]
      RenderBlock (anonymous) at (0,183) size 768x43
        RenderInline {SPAN} at (0,0) size 130x44
          RenderInline {SPAN} at (0,0) size 130x44
            RenderText {#text} at (0,0) size 0x0
            RenderInline {SPAN} at (0,0) size 130x21
              RenderText {#text} at (0,0) size 0x0
              RenderImage {IMG} at (0,2) size 60x21
              RenderText {#text} at (60,0) size 70x21
                text run at (60,0) width 5: " "
                text run at (65,0) width 65: "Phones "
              RenderBR {BR} at (130,16) size 0x0
            RenderText {#text} at (0,0) size 0x0
      RenderBlock (anonymous) at (0,226) size 768x66
      RenderBlock (anonymous) at (0,292) size 768x0
        RenderInline {SPAN} at (0,0) size 0x0
          RenderInline {SPAN} at (0,0) size 0x0
            RenderText {#text} at (0,0) size 0x0
          RenderText {#text} at (0,0) size 0x0
      RenderBlock (anonymous) at (0,298) size 768x2
        RenderBlock {HR} at (0,0) size 768x2 [border: (1px inset #000000)]
      RenderBlock (anonymous) at (0,306) size 768x23
        RenderInline {SPAN} at (0,0) size 149x17
          RenderInline {SPAN} at (0,0) size 149x17
            RenderText {#text} at (0,0) size 0x0
            RenderInline {SPAN} at (0,0) size 149x21
              RenderText {#text} at (0,0) size 0x0
              RenderImage {IMG} at (0,2) size 72x21
              RenderText {#text} at (72,0) size 77x21
                text run at (72,0) width 5: " "
                text run at (77,0) width 72: "Itinerary"
            RenderText {#text} at (0,0) size 0x0
            RenderInline {SPAN} at (0,0) size 0x0
              RenderText {#text} at (0,0) size 0x0
              RenderInline {SPAN} at (0,0) size 0x0
                RenderText {#text} at (0,0) size 0x0
      RenderBlock (anonymous) at (0,329) size 768x69
        RenderTable {TABLE} at (0,0) size 621x69
          RenderTableSection {TBODY} at (0,0) size 621x69
            RenderTableRow {TR} at (0,2) size 621x65
              RenderTableCell {TD} at (2,33) size 2x2 [r=0 c=0 rs=1 cs=1]
              RenderTableCell {TD} at (6,2) size 2x2 [r=0 c=1 rs=1 cs=1]
              RenderTableCell {TD} at (10,23) size 157x23 [r=0 c=2 rs=1 cs=1]
                RenderImage {IMG} at (1,1) size 155x21
                RenderText {#text} at (0,0) size 0x0
              RenderTableCell {TD} at (169,2) size 450x65 [r=0 c=3 rs=1 cs=1]
                RenderText {#text} at (1,1) size 155x21
                  text run at (1,1) width 155: "TUR - Tour Package"
                RenderBR {BR} at (156,17) size 0x0
                RenderText {#text} at (1,22) size 258x21
                  text run at (1,22) width 258: "Date: Sunday, January 12, 2003"
                RenderBR {BR} at (259,38) size 0x0
                RenderText {#text} at (1,43) size 448x21
                  text run at (1,43) width 448: "Comments: -** TICKETLESS CONF CODE IS WHGNSO**"
      RenderBlock (anonymous) at (0,398) size 768x0
        RenderInline {SPAN} at (0,0) size 0x0
          RenderInline {SPAN} at (0,0) size 0x0
            RenderInline {SPAN} at (0,0) size 0x0
              RenderInline {SPAN} at (0,0) size 0x0
              RenderText {#text} at (0,0) size 0x0
      RenderBlock (anonymous) at (0,404) size 768x2
        RenderBlock {HR} at (0,0) size 768x2 [border: (1px inset #000000)]
      RenderBlock (anonymous) at (0,412) size 768x0
        RenderInline {SPAN} at (0,0) size 0x0
          RenderInline {SPAN} at (0,0) size 0x0
            RenderInline {SPAN} at (0,0) size 0x0
              RenderInline {SPAN} at (0,0) size 0x0
                RenderText {#text} at (0,0) size 0x0
      RenderBlock (anonymous) at (0,412) size 768x226
        RenderTable {TABLE} at (0,0) size 765x226
          RenderTableSection {TBODY} at (0,0) size 765x226
            RenderTableRow {TR} at (0,2) size 765x222
              RenderTableCell {TD} at (2,112) size 2x2 [r=0 c=0 rs=1 cs=1]
              RenderTableCell {TD} at (6,2) size 2x2 [r=0 c=1 rs=1 cs=1]
              RenderTableCell {TD} at (10,101) size 98x23 [r=0 c=2 rs=1 cs=1]
                RenderImage {IMG} at (1,1) size 96x21
                RenderText {#text} at (0,0) size 0x0
              RenderTableCell {TD} at (110,2) size 653x222 [r=0 c=3 rs=1 cs=1]
                RenderBlock (anonymous) at (1,1) size 651x147
                  RenderText {#text} at (0,0) size 28x21
                    text run at (0,0) width 28: "Air "
                  RenderBR {BR} at (0,0) size 0x0
                  RenderText {#text} at (0,21) size 545x21
                    text run at (0,21) width 57: "United "
                    text run at (57,21) width 96: "Flight 1187 "
                    text run at (153,21) width 134: "Booking Code:M "
                    text run at (287,21) width 258: "Date: Sunday, January 12, 2003"
                  RenderBR {BR} at (545,37) size 0x0
                  RenderText {#text} at (0,42) size 431x21
                    text run at (0,42) width 431: "From: San Francisco Intl Arpt, San Francisco CA - U.S."
                  RenderBR {BR} at (431,58) size 0x0
                  RenderText {#text} at (0,63) size 448x21
                    text run at (0,63) width 29: "To: "
                    text run at (29,63) width 419: "Burbank Glendale Pasadena Arpt, Burbank CA - U.S."
                  RenderBR {BR} at (448,79) size 0x0
                  RenderText {#text} at (0,84) size 270x21
                    text run at (0,84) width 141: "Departs: 6:05 PM "
                    text run at (141,84) width 129: "Arrives: 7:10 PM"
                  RenderBR {BR} at (270,100) size 0x0
                  RenderText {#text} at (0,105) size 56x21
                    text run at (0,105) width 56: "Status:"
                  RenderInline {SPACE} at (0,0) size 144x42
                    RenderText {#text} at (56,105) size 83x21
                      text run at (56,105) width 83: " confirmed"
                    RenderInline {SPACE} at (0,0) size 144x42
                      RenderText {#text} at (139,105) size 5x21
                        text run at (139,105) width 5: " "
                      RenderBR {BR} at (0,0) size 0x0
                      RenderText {#text} at (0,126) size 47x21
                        text run at (0,126) width 47: "Seats:"
                      RenderBR {BR} at (47,142) size 0x0
                RenderBlock (anonymous) at (1,148) size 651x52
                  RenderTable {TABLE} at (0,0) size 651x52 [border: (1px outset #808080)]
                    RenderTableSection {TBODY} at (1,1) size 649x50
                      RenderTableRow {TR} at (0,0) size 649x25 [bgcolor=#E0E0E0]
                        RenderTableCell {TD} at (0,0) size 102x25 [border: (1px inset #808080)] [r=0 c=0 rs=1 cs=1]
                          RenderText {#text} at (2,2) size 44x21
                            text run at (2,2) width 44: "Name"
                        RenderTableCell {TD} at (102,0) size 38x25 [border: (1px inset #808080)] [r=0 c=1 rs=1 cs=1]
                          RenderText {#text} at (2,2) size 34x21
                            text run at (2,2) width 34: "Seat"
                        RenderTableCell {TD} at (140,0) size 87x25 [border: (1px inset #808080)] [r=0 c=2 rs=1 cs=1]
                          RenderText {#text} at (2,2) size 51x21
                            text run at (2,2) width 51: "Status"
                        RenderTableCell {TD} at (227,0) size 342x25 [border: (1px inset #808080)] [r=0 c=3 rs=1 cs=1]
                          RenderText {#text} at (2,2) size 37x21
                            text run at (2,2) width 37: "Type"
                        RenderTableCell {TD} at (569,0) size 80x25 [border: (1px inset #808080)] [r=0 c=4 rs=1 cs=1]
                          RenderText {#text} at (2,2) size 76x21
                            text run at (2,2) width 76: "Comment"
                      RenderTableRow {TR} at (0,25) size 649x25
                        RenderTableCell {TD} at (0,25) size 102x25 [border: (1px inset #808080)] [r=1 c=0 rs=1 cs=1]
                          RenderText {#text} at (2,2) size 98x21
                            text run at (2,2) width 98: "HAO,SCOTT"
                        RenderTableCell {TD} at (102,25) size 38x25 [border: (1px inset #808080)] [r=1 c=1 rs=1 cs=1]
                          RenderText {#text} at (2,2) size 31x21
                            text run at (2,2) width 31: "08A"
                        RenderTableCell {TD} at (140,25) size 87x25 [border: (1px inset #808080)] [r=1 c=2 rs=1 cs=1]
                          RenderText {#text} at (2,2) size 83x21
                            text run at (2,2) width 83: "confirmed "
                        RenderTableCell {TD} at (227,25) size 342x25 [border: (1px inset #808080)] [r=1 c=3 rs=1 cs=1]
                          RenderText {#text} at (2,2) size 338x21
                            text run at (2,2) width 338: "Non-Smoking, Window Seat, Preferred Seat"
                        RenderTableCell {TD} at (569,25) size 80x25 [border: (1px inset #808080)] [r=1 c=4 rs=1 cs=1]
                          RenderText {#text} at (2,2) size 5x21
                            text run at (2,2) width 5: " "
                RenderBlock (anonymous) at (1,200) size 651x21
                  RenderInline {SPACE} at (0,0) size 0x21
                    RenderInline {SPACE} at (0,0) size 0x21
                      RenderBR {BR} at (0,0) size 0x21
      RenderBlock (anonymous) at (0,638) size 768x0
        RenderInline {SPAN} at (0,0) size 0x0
          RenderInline {SPAN} at (0,0) size 0x0
            RenderInline {SPAN} at (0,0) size 0x0
              RenderInline {SPAN} at (0,0) size 0x0
              RenderText {#text} at (0,0) size 0x0
      RenderBlock (anonymous) at (0,644) size 768x2
        RenderBlock {HR} at (0,0) size 768x2 [border: (1px inset #000000)]
      RenderBlock (anonymous) at (0,652) size 768x0
        RenderInline {SPAN} at (0,0) size 0x0
          RenderInline {SPAN} at (0,0) size 0x0
            RenderInline {SPAN} at (0,0) size 0x0
              RenderInline {SPAN} at (0,0) size 0x0
                RenderText {#text} at (0,0) size 0x0
      RenderBlock (anonymous) at (0,652) size 768x226
        RenderTable {TABLE} at (0,0) size 646x226
          RenderTableSection {TBODY} at (0,0) size 646x226
            RenderTableRow {TR} at (0,2) size 646x222
              RenderTableCell {TD} at (2,112) size 2x2 [r=0 c=0 rs=1 cs=1]
              RenderTableCell {TD} at (6,2) size 2x2 [r=0 c=1 rs=1 cs=1]
              RenderTableCell {TD} at (10,101) size 98x23 [r=0 c=2 rs=1 cs=1]
                RenderImage {IMG} at (1,1) size 96x21
                RenderText {#text} at (0,0) size 0x0
              RenderTableCell {TD} at (110,2) size 534x222 [r=0 c=3 rs=1 cs=1]
                RenderBlock (anonymous) at (1,1) size 532x147
                  RenderText {#text} at (0,0) size 28x21
                    text run at (0,0) width 28: "Air "
                  RenderBR {BR} at (0,0) size 0x0
                  RenderText {#text} at (0,21) size 522x21
                    text run at (0,21) width 57: "United "
                    text run at (57,21) width 86: "Flight 480 "
                    text run at (143,21) width 132: "Booking Code:Q "
                    text run at (275,21) width 247: "Date: Friday, January 24, 2003"
                  RenderBR {BR} at (522,37) size 0x0
                  RenderText {#text} at (0,42) size 470x21
                    text run at (0,42) width 470: "From: Burbank Glendale Pasadena Arpt, Burbank CA - U.S."
                  RenderBR {BR} at (470,58) size 0x0
                  RenderText {#text} at (0,63) size 409x21
                    text run at (0,63) width 29: "To: "
                    text run at (29,63) width 380: "San Francisco Intl Arpt, San Francisco CA - U.S."
                  RenderBR {BR} at (409,79) size 0x0
                  RenderText {#text} at (0,84) size 270x21
                    text run at (0,84) width 141: "Departs: 1:40 PM "
                    text run at (141,84) width 129: "Arrives: 2:50 PM"
                  RenderBR {BR} at (270,100) size 0x0
                  RenderText {#text} at (0,105) size 56x21
                    text run at (0,105) width 56: "Status:"
                  RenderInline {SPACE} at (0,0) size 144x42
                    RenderText {#text} at (56,105) size 83x21
                      text run at (56,105) width 83: " confirmed"
                    RenderInline {SPACE} at (0,0) size 144x42
                      RenderText {#text} at (139,105) size 5x21
                        text run at (139,105) width 5: " "
                      RenderBR {BR} at (0,0) size 0x0
                      RenderText {#text} at (0,126) size 47x21
                        text run at (0,126) width 47: "Seats:"
                      RenderBR {BR} at (47,142) size 0x0
                RenderBlock (anonymous) at (1,148) size 532x52
                  RenderTable {TABLE} at (0,0) size 532x52 [border: (1px outset #808080)]
                    RenderTableSection {TBODY} at (1,1) size 530x50
                      RenderTableRow {TR} at (0,0) size 530x25 [bgcolor=#E0E0E0]
                        RenderTableCell {TD} at (0,0) size 102x25 [border: (1px inset #808080)] [r=0 c=0 rs=1 cs=1]
                          RenderText {#text} at (2,2) size 44x21
                            text run at (2,2) width 44: "Name"
                        RenderTableCell {TD} at (102,0) size 38x25 [border: (1px inset #808080)] [r=0 c=1 rs=1 cs=1]
                          RenderText {#text} at (2,2) size 34x21
                            text run at (2,2) width 34: "Seat"
                        RenderTableCell {TD} at (140,0) size 87x25 [border: (1px inset #808080)] [r=0 c=2 rs=1 cs=1]
                          RenderText {#text} at (2,2) size 51x21
                            text run at (2,2) width 51: "Status"
                        RenderTableCell {TD} at (227,0) size 223x25 [border: (1px inset #808080)] [r=0 c=3 rs=1 cs=1]
                          RenderText {#text} at (2,2) size 37x21
                            text run at (2,2) width 37: "Type"
                        RenderTableCell {TD} at (450,0) size 80x25 [border: (1px inset #808080)] [r=0 c=4 rs=1 cs=1]
                          RenderText {#text} at (2,2) size 76x21
                            text run at (2,2) width 76: "Comment"
                      RenderTableRow {TR} at (0,25) size 530x25
                        RenderTableCell {TD} at (0,25) size 102x25 [border: (1px inset #808080)] [r=1 c=0 rs=1 cs=1]
                          RenderText {#text} at (2,2) size 98x21
                            text run at (2,2) width 98: "HAO,SCOTT"
                        RenderTableCell {TD} at (102,25) size 38x25 [border: (1px inset #808080)] [r=1 c=1 rs=1 cs=1]
                          RenderText {#text} at (2,2) size 30x21
                            text run at (2,2) width 30: "13F"
                        RenderTableCell {TD} at (140,25) size 87x25 [border: (1px inset #808080)] [r=1 c=2 rs=1 cs=1]
                          RenderText {#text} at (2,2) size 83x21
                            text run at (2,2) width 83: "confirmed "
                        RenderTableCell {TD} at (227,25) size 223x25 [border: (1px inset #808080)] [r=1 c=3 rs=1 cs=1]
                          RenderText {#text} at (2,2) size 219x21
                            text run at (2,2) width 219: "Non-Smoking, Window Seat"
                        RenderTableCell {TD} at (450,25) size 80x25 [border: (1px inset #808080)] [r=1 c=4 rs=1 cs=1]
                          RenderText {#text} at (2,2) size 5x21
                            text run at (2,2) width 5: " "
                RenderBlock (anonymous) at (1,200) size 532x21
                  RenderInline {SPACE} at (0,0) size 0x21
                    RenderInline {SPACE} at (0,0) size 0x21
                      RenderBR {BR} at (0,0) size 0x21
      RenderBlock (anonymous) at (0,878) size 768x0
        RenderInline {SPAN} at (0,0) size 0x0
          RenderInline {SPAN} at (0,0) size 0x0
            RenderInline {SPAN} at (0,0) size 0x0
              RenderInline {SPAN} at (0,0) size 0x0
              RenderText {#text} at (0,0) size 0x0
      RenderBlock (anonymous) at (0,884) size 768x2
        RenderBlock {HR} at (0,0) size 768x2 [border: (1px inset #000000)]
      RenderBlock (anonymous) at (0,892) size 768x0
        RenderInline {SPAN} at (0,0) size 0x0
          RenderInline {SPAN} at (0,0) size 0x0
            RenderInline {SPAN} at (0,0) size 0x0
              RenderInline {SPAN} at (0,0) size 0x0
                RenderText {#text} at (0,0) size 0x0
      RenderBlock (anonymous) at (0,892) size 768x132
        RenderTable {TABLE} at (0,0) size 668x132
          RenderTableSection {TBODY} at (0,0) size 668x132
            RenderTableRow {TR} at (0,2) size 668x128
              RenderTableCell {TD} at (2,65) size 2x2 [r=0 c=0 rs=1 cs=1]
              RenderTableCell {TD} at (6,2) size 2x2 [r=0 c=1 rs=1 cs=1]
              RenderTableCell {TD} at (10,54) size 98x23 [r=0 c=2 rs=1 cs=1]
                RenderImage {IMG} at (1,1) size 96x21
                RenderText {#text} at (0,0) size 0x0
              RenderTableCell {TD} at (110,2) size 556x128 [r=0 c=3 rs=1 cs=1]
                RenderText {#text} at (1,1) size 28x21
                  text run at (1,1) width 28: "Air "
                RenderBR {BR} at (0,0) size 0x0
                RenderText {#text} at (1,22) size 554x21
                  text run at (1,22) width 93: "UNKNOWN "
                  text run at (94,22) width 86: "Flight 123 "
                  text run at (180,22) width 129: "Booking Code:Y "
                  text run at (309,22) width 246: "Date: Tuesday, March 25, 2003"
                RenderBR {BR} at (555,38) size 0x0
                RenderText {#text} at (1,43) size 431x21
                  text run at (1,43) width 431: "From: San Francisco Intl Arpt, San Francisco CA - U.S."
                RenderBR {BR} at (432,59) size 0x0
                RenderText {#text} at (1,64) size 409x21
                  text run at (1,64) width 29: "To: "
                  text run at (30,64) width 380: "San Francisco Intl Arpt, San Francisco CA - U.S."
                RenderBR {BR} at (410,80) size 0x0
                RenderText {#text} at (1,85) size 200x21
                  text run at (1,85) width 106: "Departs: n/a "
                  text run at (107,85) width 94: "Arrives: n/a"
                RenderBR {BR} at (201,101) size 0x0
                RenderText {#text} at (1,106) size 56x21
                  text run at (1,106) width 56: "Status:"
                RenderInline {SPACE} at (0,0) size 210x21
                  RenderText {#text} at (57,106) size 205x21
                    text run at (57,106) width 205: " requested, await response"
                  RenderInline {SPACE} at (0,0) size 5x21
                    RenderText {#text} at (262,106) size 5x21
                      text run at (262,106) width 5: " "
                    RenderBR {BR} at (267,122) size 0x0
      RenderBlock (anonymous) at (0,1024) size 768x0
        RenderInline {SPAN} at (0,0) size 0x0
          RenderInline {SPAN} at (0,0) size 0x0
            RenderInline {SPAN} at (0,0) size 0x0
              RenderInline {SPAN} at (0,0) size 0x0
              RenderText {#text} at (0,0) size 0x0
      RenderBlock (anonymous) at (0,1030) size 768x2
        RenderBlock {HR} at (0,0) size 768x2 [border: (1px inset #000000)]
      RenderBlock (anonymous) at (0,1038) size 768x56
        RenderInline {SPAN} at (0,0) size 209x53
          RenderInline {SPAN} at (0,0) size 0x0
            RenderInline {SPAN} at (0,0) size 0x0
            RenderText {#text} at (0,0) size 0x0
          RenderText {#text} at (0,0) size 0x0
          RenderInline {SPAN} at (0,0) size 102x21
            RenderText {#text} at (0,0) size 0x0
            RenderImage {IMG} at (0,2) size 20x20
            RenderText {#text} at (20,0) size 82x21
              text run at (20,0) width 5: " "
              text run at (25,0) width 77: "Remarks:"
            RenderBR {BR} at (102,16) size 0x0
          RenderText {#text} at (0,0) size 0x0
          RenderBR {BR} at (0,22) size 0x17
          RenderInline {SPAN} at (0,0) size 209x17
            RenderText {#text} at (0,39) size 209x17
              text run at (0,39) width 129: "SERVICE FEE MCO "
              text run at (129,39) width 80: "8103220490"
            RenderBR {BR} at (209,52) size 0x0
          RenderText {#text} at (0,0) size 0x0
      RenderBlock (anonymous) at (0,1100) size 768x2
        RenderBlock {HR} at (0,0) size 768x2 [border: (1px inset #000000)]
      RenderBlock (anonymous) at (0,1108) size 768x23
        RenderInline {SPAN} at (0,0) size 198x17
          RenderInline {SPAN} at (0,0) size 198x21
            RenderText {#text} at (0,0) size 0x0
            RenderImage {IMG} at (0,2) size 72x21
            RenderText {#text} at (72,0) size 5x21
              text run at (72,0) width 5: " "
            RenderInline {B} at (0,0) size 116x21
              RenderText {#text} at (77,0) size 116x21
                text run at (77,0) width 116: "Web Bookings"
            RenderText {#text} at (193,0) size 5x21
              text run at (193,0) width 5: " "
            RenderInline {SPAN} at (0,0) size 0x21
              RenderBR {BR} at (198,16) size 0x0
              RenderInline {SPAN} at (0,0) size 0x0
            RenderText {#text} at (0,0) size 0x0
          RenderText {#text} at (0,0) size 0x0
      RenderBlock (anonymous) at (0,1137) size 768x2
        RenderBlock {HR} at (0,0) size 768x2 [border: (1px inset #000000)]
      RenderBlock (anonymous) at (0,1145) size 768x22
        RenderInline {SPAN} at (0,0) size 302x17
          RenderInline {SPAN} at (0,0) size 302x17
            RenderText {#text} at (0,0) size 0x0
            RenderInline {SPAN} at (0,0) size 302x21
              RenderText {#text} at (0,0) size 0x0
              RenderImage {IMG} at (0,2) size 20x20
              RenderText {#text} at (20,0) size 282x21
                text run at (20,0) width 5: " "
                text run at (25,0) width 277: "Remarks and Service Information"
              RenderBR {BR} at (302,16) size 0x0
            RenderText {#text} at (0,0) size 0x0
            RenderText {#text} at (0,0) size 0x0
      RenderBlock (anonymous) at (0,1173) size 768x32
        RenderBlock {HR} at (0,0) size 768x2 [border: (1px inset #000000)]
        RenderBlock {P} at (0,15) size 768x17
          RenderText {#text} at (0,0) size 229x17
            text run at (0,0) width 229: "This itinerary is subject to change. "
          RenderInline {A} at (0,0) size 183x17 [color=#0000EE]
            RenderText {#text} at (229,0) size 183x17
              text run at (229,0) width 183: "Click here for latest updates"
          RenderText {#text} at (0,0) size 0x0
      RenderBlock (anonymous) at (0,1218) size 768x0
        RenderInline {SPAN} at (0,0) size 0x0
          RenderInline {SPAN} at (0,0) size 0x0
          RenderText {#text} at (0,0) size 0x0
layer at (23,45) size 106x17
  RenderInline (relative positioned) {SPAN} at (0,0) size 106x17
    RenderText {#text} at (0,0) size 0x0
    RenderInline {SPAN} at (0,0) size 106x17
      RenderText {#text} at (0,0) size 0x0
      RenderImage {IMG} at (0,23) size 20x20
      RenderText {#text} at (20,30) size 4x17
        text run at (20,30) width 4: " "
      RenderInline {SPAN} at (0,0) size 82x17
        RenderText {#text} at (24,30) size 82x17
          text run at (24,30) width 82: "HAO, SCOTT"
        RenderBR {BR} at (106,43) size 0x0
        RenderText {#text} at (0,0) size 0x0
      RenderText {#text} at (0,0) size 0x0
    RenderText {#text} at (0,0) size 0x0
layer at (23,106) size 631x41
  RenderInline (relative positioned) {SPAN} at (0,0) size 631x41
    RenderText {#text} at (0,0) size 0x0
    RenderImage {IMG} at (0,23) size 20x20
    RenderText {#text} at (20,30) size 611x17
      text run at (20,30) width 4: " "
      text run at (24,30) width 60: "Address: "
      text run at (84,30) width 547: "ST. JUDE MEDICAL, 21700 OXNARD ST SUITE 800, WOODLAND HILLS CA Z/91367 "
    RenderBR {BR} at (631,43) size 0x0
    RenderImage {IMG} at (0,47) size 20x20
    RenderText {#text} at (20,54) size 439x17
      text run at (20,54) width 4: " "
      text run at (24,54) width 53: "Deliver: "
      text run at (77,54) width 108: "DEBI STANGEL, "
      text run at (185,54) width 124: "119 GLEN COURT, "
      text run at (309,54) width 150: "DANVILLE CA Z/94526"
layer at (23,191) size 20x17
  RenderInline (relative positioned) {SPAN} at (0,0) size 20x17
    RenderText {#text} at (0,0) size 0x0
    RenderImage {IMG} at (0,23) size 20x20
    RenderText {#text} at (0,0) size 0x0
layer at (28,219) size 573x66
  RenderTable {TABLE} at (0,0) size 573x66 [border: (1px outset #808080)]
    RenderTableSection {TBODY} at (1,1) size 571x64
      RenderTableRow {TR} at (0,2) size 571x25 [bgcolor=#E0E0E0]
        RenderTableCell {TD} at (2,2) size 101x25 [border: (1px inset #808080)] [r=0 c=0 rs=1 cs=1]
          RenderText {#text} at (2,2) size 37x21
            text run at (2,2) width 37: "Type"
        RenderTableCell {TD} at (105,2) size 47x25 [border: (1px inset #808080)] [r=0 c=1 rs=1 cs=1]
          RenderText {#text} at (2,2) size 32x21
            text run at (2,2) width 32: "City"
        RenderTableCell {TD} at (154,2) size 415x25 [border: (1px inset #808080)] [r=0 c=2 rs=1 cs=1]
          RenderText {#text} at (2,2) size 49x21
            text run at (2,2) width 49: "Phone"
      RenderTableRow {TR} at (0,29) size 571x0
      RenderTableRow {TR} at (0,31) size 571x25
        RenderTableCell {TD} at (2,31) size 101x25 [border: (1px inset #808080)] [r=2 c=0 rs=1 cs=1]
          RenderText {#text} at (2,2) size 97x21
            text run at (2,2) width 97: "Travel Agent"
        RenderTableCell {TD} at (105,31) size 47x25 [border: (1px inset #808080)] [r=2 c=1 rs=1 cs=1]
          RenderText {#text} at (2,2) size 43x21
            text run at (2,2) width 43: "(LAX)"
        RenderTableCell {TD} at (154,31) size 415x25 [border: (1px inset #808080)] [r=2 c=2 rs=1 cs=1]
          RenderText {#text} at (2,2) size 411x21
            text run at (2,2) width 411: "RQ0/818 990-4053-PLAZA TRAVEL - 05838276-RC"
      RenderTableRow {TR} at (0,58) size 571x0
      RenderTableRow {TR} at (0,60) size 571x0
      RenderTableRow {TR} at (0,62) size 571x0
