layer at (0,0) size 800x600
  RenderView at (0,0) size 800x600
layer at (0,0) size 800x35
  RenderBlock {html} at (0,0) size 800x35
    RenderBody {BODY} at (8,8) size 784x19
      RenderBlock {P} at (0,0) size 784x19
        RenderText {#text} at (0,0) size 334x19
          text run at (0,0) width 334: "This line should be green and there should be no red."
