layer at (0,0) size 800x600
  RenderView at (0,0) size 800x600
layer at (0,0) size 800x600
  RenderBlock {HTML} at (0,0) size 800x600
    RenderBody {BODY} at (8,8) size 784x584
layer at (8,8) size 64x240
  RenderBlock (floating) {DIV} at (0,0) size 64x240
    RenderText {#text} at (0,0) size 64x16
      text run at (0,0) width 64: "    "
    RenderBR {BR} at (64,13) size 0x0
    RenderText {#text} at (0,16) size 64x16
      text run at (0,16) width 64: "    "
    RenderBR {BR} at (64,29) size 0x0
    RenderText {#text} at (0,32) size 64x16
      text run at (0,32) width 64: "    "
    RenderBR {BR} at (64,45) size 0x0
    RenderText {#text} at (0,48) size 64x16
      text run at (0,48) width 64: "    "
    RenderBR {BR} at (64,61) size 0x0
    RenderText {#text} at (0,64) size 64x16
      text run at (0,64) width 64: "    "
    RenderBR {BR} at (64,77) size 0x0
    RenderText {#text} at (0,80) size 64x16
      text run at (0,80) width 64: "    "
    RenderBR {BR} at (64,93) size 0x0
    RenderText {#text} at (0,96) size 64x16
      text run at (0,96) width 64: "    "
    RenderBR {BR} at (64,109) size 0x0
    RenderText {#text} at (0,112) size 64x16
      text run at (0,112) width 64: "    "
    RenderBR {BR} at (64,125) size 0x0
    RenderText {#text} at (0,128) size 64x16
      text run at (0,128) width 64: "    "
    RenderBR {BR} at (64,141) size 0x0
    RenderText {#text} at (0,144) size 64x16
      text run at (0,144) width 64: "    "
    RenderBR {BR} at (64,157) size 0x0
    RenderText {#text} at (0,160) size 64x16
      text run at (0,160) width 64: "    "
    RenderBR {BR} at (64,173) size 0x0
    RenderText {#text} at (0,176) size 64x16
      text run at (0,176) width 64: "    "
    RenderBR {BR} at (64,189) size 0x0
    RenderText {#text} at (0,192) size 64x16
      text run at (0,192) width 64: "    "
    RenderBR {BR} at (64,205) size 0x0
    RenderText {#text} at (0,208) size 64x16
      text run at (0,208) width 64: "    "
    RenderBR {BR} at (64,221) size 0x0
    RenderText {#text} at (0,224) size 64x16
      text run at (0,224) width 64: "    "
    RenderBR {BR} at (64,237) size 0x0
layer at (87,8) size 64x240
  RenderBlock (floating) {DIV} at (79,0) size 64x240
    RenderText {#text} at (0,0) size 64x16
      text run at (0,0) width 64: "    "
    RenderBR {BR} at (64,13) size 0x0
    RenderText {#text} at (0,16) size 64x16
      text run at (0,16) width 64: "    "
    RenderBR {BR} at (64,29) size 0x0
    RenderText {#text} at (0,32) size 64x16
      text run at (0,32) width 64: "    "
    RenderBR {BR} at (64,45) size 0x0
    RenderText {#text} at (0,48) size 64x16
      text run at (0,48) width 64: "    "
    RenderBR {BR} at (64,61) size 0x0
    RenderText {#text} at (0,64) size 64x16
      text run at (0,64) width 64: "    "
    RenderBR {BR} at (64,77) size 0x0
    RenderText {#text} at (0,80) size 64x16
      text run at (0,80) width 64: "    "
    RenderBR {BR} at (64,93) size 0x0
    RenderText {#text} at (0,96) size 64x16
      text run at (0,96) width 64: "    "
    RenderBR {BR} at (64,109) size 0x0
    RenderText {#text} at (0,112) size 64x16
      text run at (0,112) width 64: "    "
    RenderBR {BR} at (64,125) size 0x0
    RenderText {#text} at (0,128) size 64x16
      text run at (0,128) width 64: "    "
    RenderBR {BR} at (64,141) size 0x0
    RenderText {#text} at (0,144) size 64x16
      text run at (0,144) width 64: "    "
    RenderBR {BR} at (64,157) size 0x0
    RenderText {#text} at (0,160) size 64x16
      text run at (0,160) width 64: "    "
    RenderBR {BR} at (64,173) size 0x0
    RenderText {#text} at (0,176) size 64x16
      text run at (0,176) width 64: "    "
    RenderBR {BR} at (64,189) size 0x0
    RenderText {#text} at (0,192) size 64x16
      text run at (0,192) width 64: "    "
    RenderBR {BR} at (64,205) size 0x0
    RenderText {#text} at (0,208) size 64x16
      text run at (0,208) width 64: "    "
    RenderBR {BR} at (64,221) size 0x0
    RenderText {#text} at (0,224) size 64x16
      text run at (0,224) width 64: "    "
    RenderBR {BR} at (64,237) size 0x0
layer at (171,8) size 64x240
  RenderBlock (floating) {DIV} at (163,0) size 64x240
    RenderText {#text} at (0,0) size 64x16
      text run at (0,0) width 64: "    "
    RenderBR {BR} at (64,13) size 0x0
    RenderText {#text} at (0,16) size 64x16
      text run at (0,16) width 64: "    "
    RenderBR {BR} at (64,29) size 0x0
    RenderText {#text} at (0,32) size 64x16
      text run at (0,32) width 64: "    "
    RenderBR {BR} at (64,45) size 0x0
    RenderText {#text} at (0,48) size 64x16
      text run at (0,48) width 64: "    "
    RenderBR {BR} at (64,61) size 0x0
    RenderText {#text} at (0,64) size 64x16
      text run at (0,64) width 64: "    "
    RenderBR {BR} at (64,77) size 0x0
    RenderText {#text} at (0,80) size 64x16
      text run at (0,80) width 64: "    "
    RenderBR {BR} at (64,93) size 0x0
    RenderText {#text} at (0,96) size 64x16
      text run at (0,96) width 64: "    "
    RenderBR {BR} at (64,109) size 0x0
    RenderText {#text} at (0,112) size 64x16
      text run at (0,112) width 64: "    "
    RenderBR {BR} at (64,125) size 0x0
    RenderText {#text} at (0,128) size 64x16
      text run at (0,128) width 64: "    "
    RenderBR {BR} at (64,141) size 0x0
    RenderText {#text} at (0,144) size 64x16
      text run at (0,144) width 64: "    "
    RenderBR {BR} at (64,157) size 0x0
    RenderText {#text} at (0,160) size 64x16
      text run at (0,160) width 64: "    "
    RenderBR {BR} at (64,173) size 0x0
    RenderText {#text} at (0,176) size 64x16
      text run at (0,176) width 64: "    "
    RenderBR {BR} at (64,189) size 0x0
    RenderText {#text} at (0,192) size 64x16
      text run at (0,192) width 64: "    "
    RenderBR {BR} at (64,205) size 0x0
    RenderText {#text} at (0,208) size 64x16
      text run at (0,208) width 64: "    "
    RenderBR {BR} at (64,221) size 0x0
    RenderText {#text} at (0,224) size 64x16
      text run at (0,224) width 64: "    "
    RenderBR {BR} at (64,237) size 0x0
layer at (257,8) size 64x240
  RenderBlock (floating) {DIV} at (249,0) size 64x240
    RenderText {#text} at (0,0) size 64x16
      text run at (0,0) width 64: "    "
    RenderBR {BR} at (64,13) size 0x0
    RenderText {#text} at (0,16) size 64x16
      text run at (0,16) width 64: "    "
    RenderBR {BR} at (64,29) size 0x0
    RenderText {#text} at (0,32) size 64x16
      text run at (0,32) width 64: "    "
    RenderBR {BR} at (64,45) size 0x0
    RenderText {#text} at (0,48) size 64x16
      text run at (0,48) width 64: "    "
    RenderBR {BR} at (64,61) size 0x0
    RenderText {#text} at (0,64) size 64x16
      text run at (0,64) width 64: "    "
    RenderBR {BR} at (64,77) size 0x0
    RenderText {#text} at (0,80) size 64x16
      text run at (0,80) width 64: "    "
    RenderBR {BR} at (64,93) size 0x0
    RenderText {#text} at (0,96) size 64x16
      text run at (0,96) width 64: "    "
    RenderBR {BR} at (64,109) size 0x0
    RenderText {#text} at (0,112) size 64x16
      text run at (0,112) width 64: "    "
    RenderBR {BR} at (64,125) size 0x0
    RenderText {#text} at (0,128) size 64x16
      text run at (0,128) width 64: "    "
    RenderBR {BR} at (64,141) size 0x0
    RenderText {#text} at (0,144) size 64x16
      text run at (0,144) width 64: "    "
    RenderBR {BR} at (64,157) size 0x0
    RenderText {#text} at (0,160) size 64x16
      text run at (0,160) width 64: "    "
    RenderBR {BR} at (64,173) size 0x0
    RenderText {#text} at (0,176) size 64x16
      text run at (0,176) width 64: "    "
    RenderBR {BR} at (64,189) size 0x0
    RenderText {#text} at (0,192) size 64x16
      text run at (0,192) width 64: "    "
    RenderBR {BR} at (64,205) size 0x0
    RenderText {#text} at (0,208) size 64x16
      text run at (0,208) width 64: "    "
    RenderBR {BR} at (64,221) size 0x0
    RenderText {#text} at (0,224) size 64x16
      text run at (0,224) width 64: "    "
    RenderBR {BR} at (64,237) size 0x0
layer at (351,8) size 64x240
  RenderBlock (floating) {DIV} at (343,0) size 64x240
    RenderText {#text} at (0,0) size 64x16
      text run at (0,0) width 64: "    "
    RenderBR {BR} at (64,13) size 0x0
    RenderText {#text} at (0,16) size 64x16
      text run at (0,16) width 64: "    "
    RenderBR {BR} at (64,29) size 0x0
    RenderText {#text} at (0,32) size 64x16
      text run at (0,32) width 64: "    "
    RenderBR {BR} at (64,45) size 0x0
    RenderText {#text} at (0,48) size 64x16
      text run at (0,48) width 64: "    "
    RenderBR {BR} at (64,61) size 0x0
    RenderText {#text} at (0,64) size 64x16
      text run at (0,64) width 64: "    "
    RenderBR {BR} at (64,77) size 0x0
    RenderText {#text} at (0,80) size 64x16
      text run at (0,80) width 64: "    "
    RenderBR {BR} at (64,93) size 0x0
    RenderText {#text} at (0,96) size 64x16
      text run at (0,96) width 64: "    "
    RenderBR {BR} at (64,109) size 0x0
    RenderText {#text} at (0,112) size 64x16
      text run at (0,112) width 64: "    "
    RenderBR {BR} at (64,125) size 0x0
    RenderText {#text} at (0,128) size 64x16
      text run at (0,128) width 64: "    "
    RenderBR {BR} at (64,141) size 0x0
    RenderText {#text} at (0,144) size 64x16
      text run at (0,144) width 64: "    "
    RenderBR {BR} at (64,157) size 0x0
    RenderText {#text} at (0,160) size 64x16
      text run at (0,160) width 64: "    "
    RenderBR {BR} at (64,173) size 0x0
    RenderText {#text} at (0,176) size 64x16
      text run at (0,176) width 64: "    "
    RenderBR {BR} at (64,189) size 0x0
    RenderText {#text} at (0,192) size 64x16
      text run at (0,192) width 64: "    "
    RenderBR {BR} at (64,205) size 0x0
    RenderText {#text} at (0,208) size 64x16
      text run at (0,208) width 64: "    "
    RenderBR {BR} at (64,221) size 0x0
    RenderText {#text} at (0,224) size 64x16
      text run at (0,224) width 64: "    "
    RenderBR {BR} at (64,237) size 0x0
layer at (460,8) size 64x240
  RenderBlock (floating) {DIV} at (452,0) size 64x240
    RenderText {#text} at (0,0) size 64x16
      text run at (0,0) width 64: "    "
    RenderBR {BR} at (64,13) size 0x0
    RenderText {#text} at (0,16) size 64x16
      text run at (0,16) width 64: "    "
    RenderBR {BR} at (64,29) size 0x0
    RenderText {#text} at (0,32) size 64x16
      text run at (0,32) width 64: "    "
    RenderBR {BR} at (64,45) size 0x0
    RenderText {#text} at (0,48) size 64x16
      text run at (0,48) width 64: "    "
    RenderBR {BR} at (64,61) size 0x0
    RenderText {#text} at (0,64) size 64x16
      text run at (0,64) width 64: "    "
    RenderBR {BR} at (64,77) size 0x0
    RenderText {#text} at (0,80) size 64x16
      text run at (0,80) width 64: "    "
    RenderBR {BR} at (64,93) size 0x0
    RenderText {#text} at (0,96) size 64x16
      text run at (0,96) width 64: "    "
    RenderBR {BR} at (64,109) size 0x0
    RenderText {#text} at (0,112) size 64x16
      text run at (0,112) width 64: "    "
    RenderBR {BR} at (64,125) size 0x0
    RenderText {#text} at (0,128) size 64x16
      text run at (0,128) width 64: "    "
    RenderBR {BR} at (64,141) size 0x0
    RenderText {#text} at (0,144) size 64x16
      text run at (0,144) width 64: "    "
    RenderBR {BR} at (64,157) size 0x0
    RenderText {#text} at (0,160) size 64x16
      text run at (0,160) width 64: "    "
    RenderBR {BR} at (64,173) size 0x0
    RenderText {#text} at (0,176) size 64x16
      text run at (0,176) width 64: "    "
    RenderBR {BR} at (64,189) size 0x0
    RenderText {#text} at (0,192) size 64x16
      text run at (0,192) width 64: "    "
    RenderBR {BR} at (64,205) size 0x0
    RenderText {#text} at (0,208) size 64x16
      text run at (0,208) width 64: "    "
    RenderBR {BR} at (64,221) size 0x0
    RenderText {#text} at (0,224) size 64x16
      text run at (0,224) width 64: "    "
    RenderBR {BR} at (64,237) size 0x0
layer at (579,8) size 64x240
  RenderBlock (floating) {DIV} at (571,0) size 64x240
    RenderText {#text} at (0,0) size 64x16
      text run at (0,0) width 64: "    "
    RenderBR {BR} at (64,13) size 0x0
    RenderText {#text} at (0,16) size 64x16
      text run at (0,16) width 64: "    "
    RenderBR {BR} at (64,29) size 0x0
    RenderText {#text} at (0,32) size 64x16
      text run at (0,32) width 64: "    "
    RenderBR {BR} at (64,45) size 0x0
    RenderText {#text} at (0,48) size 64x16
      text run at (0,48) width 64: "    "
    RenderBR {BR} at (64,61) size 0x0
    RenderText {#text} at (0,64) size 64x16
      text run at (0,64) width 64: "    "
    RenderBR {BR} at (64,77) size 0x0
    RenderText {#text} at (0,80) size 64x16
      text run at (0,80) width 64: "    "
    RenderBR {BR} at (64,93) size 0x0
    RenderText {#text} at (0,96) size 64x16
      text run at (0,96) width 64: "    "
    RenderBR {BR} at (64,109) size 0x0
    RenderText {#text} at (0,112) size 64x16
      text run at (0,112) width 64: "    "
    RenderBR {BR} at (64,125) size 0x0
    RenderText {#text} at (0,128) size 64x16
      text run at (0,128) width 64: "    "
    RenderBR {BR} at (64,141) size 0x0
    RenderText {#text} at (0,144) size 64x16
      text run at (0,144) width 64: "    "
    RenderBR {BR} at (64,157) size 0x0
    RenderText {#text} at (0,160) size 64x16
      text run at (0,160) width 64: "    "
    RenderBR {BR} at (64,173) size 0x0
    RenderText {#text} at (0,176) size 64x16
      text run at (0,176) width 64: "    "
    RenderBR {BR} at (64,189) size 0x0
    RenderText {#text} at (0,192) size 64x16
      text run at (0,192) width 64: "    "
    RenderBR {BR} at (64,205) size 0x0
    RenderText {#text} at (0,208) size 64x16
      text run at (0,208) width 64: "    "
    RenderBR {BR} at (64,221) size 0x0
    RenderText {#text} at (0,224) size 64x16
      text run at (0,224) width 64: "    "
    RenderBR {BR} at (64,237) size 0x0
