layer at (0,0) size 785x790
  RenderView at (0,0) size 785x600
layer at (0,0) size 785x790
  RenderBlock {HTML} at (0,0) size 785x790
    RenderBody {BODY} at (8,8) size 769x774
      RenderBlock {DIV} at (0,0) size 130x387
        RenderBlock {DIV} at (0,0) size 130x86
          RenderText {#text} at (0,1) size 122x84
            text run at (0,1) width 122: "through" + hyphen string "-"
            text run at (0,44) width 45: "out"
        RenderBlock {DIV} at (0,86) size 130x86
          RenderText {#text} at (0,1) size 122x84
            text run at (0,1) width 122: "through" + hyphen string "-"
            text run at (0,44) width 45: "out"
        RenderBlock {DIV} at (0,172) size 130x86
          RenderText {#text} at (0,1) size 122x84
            text run at (0,1) width 122: "through" + hyphen string "-"
            text run at (0,44) width 45: "out"
        RenderBlock {DIV} at (0,258) size 130x86
          RenderText {#text} at (0,1) size 122x84
            text run at (0,1) width 122: "through" + hyphen string "-"
            text run at (0,44) width 45: "out"
        RenderBlock {DIV} at (0,344) size 130x43
          RenderText {#text} at (0,1) size 156x41
            text run at (0,1) width 156: "throughout"
      RenderBlock {DIV} at (0,387) size 135x387
        RenderBlock {DIV} at (0,0) size 135x86
          RenderText {#text} at (0,1) size 128x84
            text run at (0,1) width 128: "reciproc" + hyphen string "-"
            text run at (0,44) width 36: "ity"
        RenderBlock {DIV} at (0,86) size 135x86
          RenderText {#text} at (0,1) size 128x84
            text run at (0,1) width 128: "reciproc" + hyphen string "-"
            text run at (0,44) width 36: "ity"
        RenderBlock {DIV} at (0,172) size 135x86
          RenderText {#text} at (0,1) size 128x84
            text run at (0,1) width 128: "reciproc" + hyphen string "-"
            text run at (0,44) width 36: "ity"
        RenderBlock {DIV} at (0,258) size 135x86
          RenderText {#text} at (0,1) size 128x84
            text run at (0,1) width 128: "reciproc" + hyphen string "-"
            text run at (0,44) width 36: "ity"
        RenderBlock {DIV} at (0,344) size 135x43
          RenderText {#text} at (0,1) size 153x41
            text run at (0,1) width 153: "reciprocity"
