layer at (0,0) size 800x600
  RenderView at (0,0) size 800x600
layer at (0,0) size 800x600
  RenderBlock {HTML} at (0,0) size 800x600
    RenderBody {BODY} at (0,20) size 800x580
layer at (360,20) size 170x200
  RenderBlock {DIV} at (360,0) size 170x200 [border: (20px solid #C0C0C0) none]
    RenderText {#text} at (20,0) size 89x190
      text run at (20,0) width 182: "Lorem ipsum dolor sit amet,"
      text run at (38,0) width 77: "consectetur "
      text run at (38,76) width 95: "adipiscing elit."
      text run at (56,0) width 190: "Curabitur neque elit, pulvinar"
      text run at (74,0) width 104: "eget lobortis at, "
      text run at (74,103) width 75: "convallis ut"
      text run at (92,0) width 46: "lectus. "
    RenderText {#text} at (92,103) size 131x197
      text run at (92,103) width 64: " vulputate"
      text run at (110,0) width 151: "tincidunt leo, eu varius "
      text run at (110,150) width 32: "nunc"
      text run at (128,0) width 181: "ullamcorper vel. Integer nec"
      text run at (146,0) width 197: "dolor sed ante pharetra lacinia."
      text run at (170,0) width 194: "Integer dignissim iaculis nulla"
      text run at (188,0) width 176: "et rutrum. Praesent pretium"
      text run at (206,0) width 59: "euismod "
      text run at (206,58) width 100: "est eget laoreet."
    RenderText {#text} at (224,45) size 221x200
      text run at (224,45) width 106: " suscipit suscipit"
      text run at (242,0) width 187: "elementum. Duis consectetur"
      text run at (260,0) width 194: "pulvinar tempor. In mi sapien,"
      text run at (278,0) width 177: "malesuada vitae posuere ut,"
      text run at (296,0) width 70: "adipiscing "
      text run at (296,69) width 120: "id odio. Integer est"
      text run at (320,0) width 199: "mi, luctus sed cursus in, cursus"
      text run at (338,0) width 107: "vitae urna. Nam "
      text run at (338,106) width 73: "consectetur"
      text run at (356,0) width 172: "orci tempor nibh iaculis eu"
      text run at (374,0) width 200: "dignissim odio laoreet. Aenean"
      text run at (392,0) width 179: "congue fermentum nibh sed"
      text run at (410,0) width 173: "malesuada. Curabitur enim"
      text run at (428,0) width 101: "leo, porttitor ut "
      text run at (428,100) width 78: "interdum et,"
    RenderText {#text} at (446,53) size 17x63
      text run at (446,53) width 62: " ut lorem."
layer at (360,20) size 17x59
  RenderInline (relative positioned) {SPAN} at (0,0) size 17x59 [bgcolor=#FFFF00]
    RenderText {#text} at (92,45) size 17x59
      text run at (92,45) width 58: "Vivamus"
layer at (360,20) size 17x46
  RenderInline (relative positioned) {SPAN} at (0,0) size 17x46 [bgcolor=#FFFF00]
    RenderText {#text} at (224,0) size 17x46
      text run at (224,0) width 46: "Integer"
layer at (360,20) size 17x54
  RenderInline (relative positioned) {SPAN} at (0,0) size 17x54 [bgcolor=#FFFF00]
    RenderText {#text} at (446,0) size 17x54
      text run at (446,0) width 54: "pulvinar"
