layer at (0,0) size 800x600
  RenderView at (0,0) size 800x600
layer at (0,0) size 800x600
  RenderBlock {HTML} at (0,0) size 800x600
    RenderBody {BODY} at (0,0) size 800x240
layer at (20,0) size 200x170
  RenderBlock {DIV} at (20,0) size 200x170 [border: (20px solid #C0C0C0) none]
    RenderText {#text} at (0,20) size 190x89
      text run at (0,20) width 182: "Lorem ipsum dolor sit amet,"
      text run at (0,38) width 77: "consectetur "
      text run at (76,38) width 96: "adipiscing elit."
      text run at (0,56) width 190: "Curabitur neque elit, pulvinar"
      text run at (0,74) width 104: "eget lobortis at, "
      text run at (103,74) width 75: "convallis ut"
      text run at (0,92) width 46: "lectus. "
    RenderText {#text} at (103,92) size 197x131
      text run at (103,92) width 64: " vulputate"
      text run at (0,110) width 151: "tincidunt leo, eu varius "
      text run at (150,110) width 32: "nunc"
      text run at (0,128) width 181: "ullamcorper vel. Integer nec"
      text run at (0,146) width 197: "dolor sed ante pharetra lacinia."
      text run at (0,170) width 194: "Integer dignissim iaculis nulla"
      text run at (0,188) width 176: "et rutrum. Praesent pretium"
      text run at (0,206) width 59: "euismod "
      text run at (58,206) width 101: "est eget laoreet."
    RenderText {#text} at (45,224) size 200x221
      text run at (45,224) width 107: " suscipit suscipit"
      text run at (0,242) width 187: "elementum. Duis consectetur"
      text run at (0,260) width 194: "pulvinar tempor. In mi sapien,"
      text run at (0,278) width 177: "malesuada vitae posuere ut,"
      text run at (0,296) width 70: "adipiscing "
      text run at (69,296) width 121: "id odio. Integer est"
      text run at (0,320) width 199: "mi, luctus sed cursus in, cursus"
      text run at (0,338) width 107: "vitae urna. Nam "
      text run at (106,338) width 74: "consectetur"
      text run at (0,356) width 172: "orci tempor nibh iaculis eu"
      text run at (0,374) width 200: "dignissim odio laoreet. Aenean"
      text run at (0,392) width 179: "congue fermentum nibh sed"
      text run at (0,410) width 173: "malesuada. Curabitur enim"
      text run at (0,428) width 101: "leo, porttitor ut "
      text run at (100,428) width 78: "interdum et,"
    RenderText {#text} at (53,446) size 63x17
      text run at (53,446) width 63: " ut lorem."
layer at (20,0) size 59x17
  RenderInline (relative positioned) {SPAN} at (0,0) size 59x17 [bgcolor=#FFFF00]
    RenderText {#text} at (45,92) size 59x17
      text run at (45,92) width 59: "Vivamus"
layer at (20,0) size 46x17
  RenderInline (relative positioned) {SPAN} at (0,0) size 46x17 [bgcolor=#FFFF00]
    RenderText {#text} at (0,224) size 46x17
      text run at (0,224) width 46: "Integer"
layer at (20,0) size 54x17
  RenderInline (relative positioned) {SPAN} at (0,0) size 54x17 [bgcolor=#FFFF00]
    RenderText {#text} at (0,446) size 54x17
      text run at (0,446) width 54: "pulvinar"
