layer at (0,0) size 800x600
  RenderView at (0,0) size 800x600
layer at (0,0) size 800x600
  RenderBlock {HTML} at (0,0) size 800x600
    RenderBody {BODY} at (0,360) size 800x240
layer at (20,360) size 200x170
  RenderBlock {DIV} at (20,0) size 200x170 [border: (20px solid #C0C0C0) none]
    RenderText {#text} at (0,20) size 185x95
      text run at (0,20) width 177: "Lorem ipsum dolor sit amet,"
      text run at (0,39) width 75: "consectetur "
      text run at (75,39) width 91: "adipiscing elit."
      text run at (0,58) width 185: "Curabitur neque elit, pulvinar"
      text run at (0,77) width 100: "eget lobortis at, "
      text run at (100,77) width 72: "convallis ut"
      text run at (0,96) width 44: "lectus. "
    RenderText {#text} at (101,96) size 192x150
      text run at (101,96) width 62: " vulputate"
      text run at (0,115) width 147: "tincidunt leo, eu varius "
      text run at (147,115) width 31: "nunc"
      text run at (0,134) width 176: "ullamcorper vel. Integer nec"
      text run at (0,170) width 192: "dolor sed ante pharetra lacinia."
      text run at (0,189) width 187: "Integer dignissim iaculis nulla"
      text run at (0,208) width 170: "et rutrum. Praesent pretium"
      text run at (0,227) width 57: "euismod "
      text run at (57,227) width 97: "est eget laoreet."
    RenderText {#text} at (44,246) size 196x262
      text run at (44,246) width 102: " suscipit suscipit"
      text run at (0,265) width 182: "elementum. Duis consectetur"
      text run at (0,284) width 189: "pulvinar tempor. In mi sapien,"
      text run at (0,320) width 173: "malesuada vitae posuere ut,"
      text run at (0,339) width 68: "adipiscing "
      text run at (68,339) width 117: "id odio. Integer est"
      text run at (0,358) width 194: "mi, luctus sed cursus in, cursus"
      text run at (0,377) width 105: "vitae urna. Nam "
      text run at (105,377) width 71: "consectetur"
      text run at (0,396) width 167: "orci tempor nibh iaculis eu"
      text run at (0,415) width 195: "dignissim odio laoreet. Aenean"
      text run at (0,434) width 175: "congue fermentum nibh sed"
      text run at (0,470) width 196: "malesuada. Curabitur enim leo,"
      text run at (0,489) width 70: "porttitor ut "
      text run at (70,489) width 75: "interdum et,"
    RenderText {#text} at (52,508) size 60x19
      text run at (52,508) width 60: " ut lorem."
layer at (20,360) size 57x19
  RenderInline (relative positioned) {SPAN} at (0,0) size 57x19 [bgcolor=#FFFF00]
    RenderText {#text} at (44,96) size 57x19
      text run at (44,96) width 57: "Vivamus"
layer at (20,360) size 44x19
  RenderInline (relative positioned) {SPAN} at (0,0) size 44x19 [bgcolor=#FFFF00]
    RenderText {#text} at (0,246) size 44x19
      text run at (0,246) width 44: "Integer"
layer at (20,360) size 52x19
  RenderInline (relative positioned) {SPAN} at (0,0) size 52x19 [bgcolor=#FFFF00]
    RenderText {#text} at (0,508) size 52x19
      text run at (0,508) width 52: "pulvinar"
