layer at (0,0) size 800x600
  RenderView at (0,0) size 800x600
layer at (0,0) size 800x600
  RenderBlock {HTML} at (0,0) size 800x600
    RenderBody {BODY} at (8,8) size 784x584
layer at (8,8) size 784x550
  RenderBlock {DIV} at (0,0) size 784x550 [border: (5px solid #000000)]
    RenderText {#text} at (15,5) size 240x1583
      text run at (15,5) width 182: "Lorem ipsum dolor sit amet,"
      text run at (15,23) width 218: "consectetuer adipiscing elit. Nulla"
      text run at (15,41) width 184: "varius enim ac mi. Curabitur"
      text run at (15,59) width 237: "sollicitudin felis quis lectus. Quisque"
      text run at (15,77) width 229: "adipiscing rhoncus sem. Proin nulla"
      text run at (15,95) width 195: "purus, vulputate vel, varius ut,"
      text run at (15,113) width 224: "euismod et, nisi. Sed vitae felis vel"
      text run at (15,131) width 229: "orci sagittis aliquam. Cras convallis"
      text run at (15,149) width 204: "adipiscing sem. Nam nonummy"
      text run at (15,167) width 209: "enim. Nullam bibendum lobortis"
      text run at (15,185) width 237: "neque. Vestibulum velit orci, tempus"
      text run at (15,203) width 209: "euismod, pretium quis, interdum"
      text run at (15,221) width 217: "vitae, nulla. Phasellus eget ante et"
      text run at (15,239) width 207: "tortor condimentum vestibulum."
      text run at (15,257) width 206: "Suspendisse hendrerit quam nec"
      text run at (15,275) width 217: "felis. Sed varius turpis vitae pede."
      text run at (15,293) width 182: "Lorem ipsum dolor sit amet,"
      text run at (15,311) width 217: "consectetuer adipiscing elit. Proin"
      text run at (15,329) width 240: "bibendum justo ac enim. Class aptent"
      text run at (15,347) width 231: "taciti sociosqu ad litora torquent per"
      text run at (15,365) width 180: "conubia nostra, per inceptos"
      text run at (15,383) width 239: "hymenaeos. Sed leo nulla, rutrum eu,"
      text run at (15,401) width 217: "dictum ut, posuere vel, arcu. Nam"
      text run at (15,419) width 187: "libero. Morbi orci. Maecenas"
      text run at (15,437) width 210: "pellentesque. Curabitur erat erat,"
      text run at (15,455) width 234: "ullamcorper at, gravida vitae, iaculis"
      text run at (15,473) width 217: "vitae, elit. Nullam quam. Quisque"
      text run at (15,491) width 240: "orci lectus, ullamcorper eu, imperdiet"
      text run at (15,509) width 227: "sed, accumsan et, ligula. Duis diam"
      text run at (15,527) width 201: "nisl, sagittis a, blandit volutpat,"
      text run at (15,545) width 203: "interdum sed, velit. Vestibulum"
      text run at (15,563) width 199: "quam. Nulla a purus. Phasellus"
      text run at (15,581) width 182: "semper semper lectus. Nulla"
      text run at (15,599) width 218: "porttitor, dolor dictum scelerisque"
      text run at (15,617) width 223: "luctus, velit ipsum lobortis mauris,"
      text run at (15,635) width 240: "ac pretium enim nunc vel risus. Proin"
      text run at (15,653) width 208: "gravida mi ut sem cursus mattis."
      text run at (15,671) width 189: "Fusce laoreet, nisi quis luctus"
      text run at (15,689) width 224: "volutpat, arcu pede tincidunt enim,"
      text run at (15,707) width 213: "nec malesuada urna nisl eu enim."
      text run at (15,725) width 205: "Vivamus varius augue ac purus."
      text run at (15,743) width 234: "Vestibulum vestibulum. Phasellus et"
      text run at (15,761) width 210: "est vitae ante accumsan rhoncus."
      text run at (15,779) width 215: "Morbi convallis, arcu at hendrerit"
      text run at (15,797) width 223: "gravida, sem diam dignissim risus,"
      text run at (15,815) width 198: "sed aliquet erat mi ut mi. Nunc"
      text run at (15,833) width 186: "cursus lacinia elit. Nunc nisi."
      text run at (15,851) width 228: "Quisque at erat. Vestibulum dictum"
      text run at (15,869) width 240: "quam vitae nibh. Nunc vitae ante non"
      text run at (15,887) width 232: "odio interdum blandit. Curabitur leo"
      text run at (15,905) width 212: "quam, fermentum sed, feugiat in,"
      text run at (15,923) width 235: "ullamcorper id, nibh. Suspendisse ac"
      text run at (15,941) width 208: "turpis. In iaculis sollicitudin dui."
      text run at (15,959) width 197: "Aenean vitae lectus vitae nulla"
      text run at (15,977) width 199: "pellentesque sollicitudin. Nunc"
      text run at (15,995) width 229: "gravida pharetra lectus. Etiam lacus"
      text run at (15,1013) width 204: "ligula, placerat ut, dictum vitae,"
      text run at (15,1031) width 204: "tempus vel, risus. Cras rhoncus."
      text run at (15,1049) width 232: "Praesent varius ultricies orci. Donec"
      text run at (15,1067) width 237: "mattis, neque ut ornare fringilla, ante"
      text run at (15,1085) width 237: "urna placerat eros, vel commodo nisi"
      text run at (15,1103) width 223: "tortor ut mauris. Morbi magna dui,"
      text run at (15,1121) width 184: "sagittis sit amet, tincidunt et,"
      text run at (15,1139) width 191: "elementum eget, quam. Fusce"
      text run at (15,1157) width 238: "molestie nisl vitae nisi. Vestibulum a"
      text run at (15,1175) width 240: "sapien. Phasellus ante lacus, vehicula"
      text run at (15,1193) width 209: "non, cursus a, tempor ut, magna."
      text run at (15,1211) width 224: "Suspendisse potenti. Fusce aliquet,"
      text run at (15,1229) width 230: "odio viverra vulputate dictum, enim"
      text run at (15,1247) width 206: "odio luctus purus, ut scelerisque"
      text run at (15,1265) width 202: "quam nulla non est. Donec eros"
      text run at (15,1283) width 208: "lacus, egestas vitae, lacinia quis,"
      text run at (15,1301) width 224: "tempor quis, pede. Morbi orci erat,"
      text run at (15,1319) width 224: "iaculis id, ornare ac, elementum at,"
      text run at (15,1337) width 240: "sem. Nunc ornare sodales nisi. Morbi"
      text run at (15,1355) width 229: "interdum commodo nisl. Fusce eget"
      text run at (15,1373) width 213: "eros non nisi ornare facilisis. Sed"
      text run at (15,1391) width 216: "placerat, est non posuere posuere,"
      text run at (15,1409) width 238: "purus sem dignissim libero, a viverra"
      text run at (15,1427) width 221: "tellus dolor vel lorem. Cras augue."
      text run at (15,1445) width 199: "Etiam ultricies consequat odio."
      text run at (15,1463) width 209: "Mauris ac libero. Etiam posuere,"
      text run at (15,1481) width 220: "libero vitae euismod gravida, urna"
      text run at (15,1499) width 230: "elit imperdiet magna, vel cursus elit"
      text run at (15,1517) width 214: "felis non mauris. Donec orci erat,"
      text run at (15,1535) width 194: "porta id, dignissim ut, posuere"
      text run at (15,1553) width 234: "dictum, leo. Suspendisse scelerisque"
      text run at (15,1571) width 87: "egestas nulla."
