layer at (0,0) size 784x638
  RenderView at (0,0) size 784x600
layer at (0,0) size 784x638
  RenderBlock {HTML} at (0,0) size 784x638
    RenderBody {BODY} at (8,8) size 768x622
      RenderBlock (anonymous) at (0,0) size 768x36
        RenderText {#text} at (0,0) size 761x35
          text run at (0,0) width 733: "In the test below, the column rules should not be visible, since a negative z-index child is painting on top of them. "
          text run at (732,0) width 29: "You"
          text run at (0,18) width 159: "should see no red below."
layer at (8,44) size 768x586 layerType: background only
layer at (13,49) size 758x576
  RenderBlock (positioned) zI: -1 {DIV} at (5,5) size 758x576 [bgcolor=#EEEEEE]
layer at (8,44) size 768x586 layerType: foreground only
  RenderBlock (relative positioned) {DIV} at (0,36) size 768x586 [bgcolor=#FF0000] [border: (5px solid #000000)]
    RenderText {#text} at (35,5) size 221x1727
      text run at (35,5) width 182: "Lorem ipsum dolor sit amet,"
      text run at (35,23) width 218: "consectetuer adipiscing elit. Nulla"
      text run at (35,41) width 184: "varius enim ac mi. Curabitur"
      text run at (35,59) width 180: "sollicitudin felis quis lectus."
      text run at (35,77) width 212: "Quisque adipiscing rhoncus sem."
      text run at (35,95) width 206: "Proin nulla purus, vulputate vel,"
      text run at (35,113) width 197: "varius ut, euismod et, nisi. Sed"
      text run at (35,131) width 165: "vitae felis vel orci sagittis"
      text run at (35,149) width 221: "aliquam. Cras convallis adipiscing"
      text run at (35,167) width 174: "sem. Nam nonummy enim."
      text run at (35,185) width 216: "Nullam bibendum lobortis neque."
      text run at (35,203) width 191: "Vestibulum velit orci, tempus"
      text run at (35,221) width 209: "euismod, pretium quis, interdum"
      text run at (35,239) width 217: "vitae, nulla. Phasellus eget ante et"
      text run at (35,257) width 207: "tortor condimentum vestibulum."
      text run at (35,275) width 206: "Suspendisse hendrerit quam nec"
      text run at (35,293) width 217: "felis. Sed varius turpis vitae pede."
      text run at (35,311) width 182: "Lorem ipsum dolor sit amet,"
      text run at (35,329) width 217: "consectetuer adipiscing elit. Proin"
      text run at (35,347) width 196: "bibendum justo ac enim. Class"
      text run at (35,365) width 192: "aptent taciti sociosqu ad litora"
      text run at (35,383) width 204: "torquent per conubia nostra, per"
      text run at (35,401) width 185: "inceptos hymenaeos. Sed leo"
      text run at (35,419) width 176: "nulla, rutrum eu, dictum ut,"
      text run at (35,437) width 194: "posuere vel, arcu. Nam libero."
      text run at (35,455) width 141: "Morbi orci. Maecenas"
      text run at (35,473) width 210: "pellentesque. Curabitur erat erat,"
      text run at (35,491) width 188: "ullamcorper at, gravida vitae,"
      text run at (35,509) width 205: "iaculis vitae, elit. Nullam quam."
      text run at (35,527) width 209: "Quisque orci lectus, ullamcorper"
      text run at (35,545) width 201: "eu, imperdiet sed, accumsan et,"
      text run at (35,563) width 207: "ligula. Duis diam nisl, sagittis a,"
      text run at (35,581) width 196: "blandit volutpat, interdum sed,"
      text run at (35,599) width 206: "velit. Vestibulum quam. Nulla a"
      text run at (35,617) width 205: "purus. Phasellus semper semper"
      text run at (35,635) width 180: "lectus. Nulla porttitor, dolor"
      text run at (35,653) width 199: "dictum scelerisque luctus, velit"
      text run at (35,671) width 216: "ipsum lobortis mauris, ac pretium"
      text run at (35,689) width 220: "enim nunc vel risus. Proin gravida"
      text run at (35,707) width 197: "mi ut sem cursus mattis. Fusce"
      text run at (35,725) width 208: "laoreet, nisi quis luctus volutpat,"
      text run at (35,743) width 189: "arcu pede tincidunt enim, nec"
      text run at (35,761) width 187: "malesuada urna nisl eu enim."
      text run at (35,779) width 205: "Vivamus varius augue ac purus."
      text run at (35,797) width 219: "Vestibulum vestibulum. Phasellus"
      text run at (35,815) width 167: "et est vitae ante accumsan"
      text run at (35,833) width 212: "rhoncus. Morbi convallis, arcu at"
      text run at (35,851) width 180: "hendrerit gravida, sem diam"
      text run at (35,869) width 202: "dignissim risus, sed aliquet erat"
      text run at (35,887) width 217: "mi ut mi. Nunc cursus lacinia elit."
      text run at (35,905) width 171: "Nunc nisi. Quisque at erat."
      text run at (35,923) width 198: "Vestibulum dictum quam vitae"
      text run at (35,941) width 198: "nibh. Nunc vitae ante non odio"
      text run at (35,959) width 200: "interdum blandit. Curabitur leo"
      text run at (35,977) width 212: "quam, fermentum sed, feugiat in,"
      text run at (35,995) width 217: "ullamcorper id, nibh. Suspendisse"
      text run at (35,1013) width 198: "ac turpis. In iaculis sollicitudin"
      text run at (35,1031) width 189: "dui. Aenean vitae lectus vitae"
      text run at (35,1049) width 196: "nulla pellentesque sollicitudin."
      text run at (35,1067) width 189: "Nunc gravida pharetra lectus."
      text run at (35,1085) width 195: "Etiam lacus ligula, placerat ut,"
      text run at (35,1103) width 200: "dictum vitae, tempus vel, risus."
      text run at (35,1121) width 190: "Cras rhoncus. Praesent varius"
      text run at (35,1139) width 220: "ultricies orci. Donec mattis, neque"
      text run at (35,1157) width 180: "ut ornare fringilla, ante urna"
      text run at (35,1175) width 204: "placerat eros, vel commodo nisi"
      text run at (35,1193) width 195: "tortor ut mauris. Morbi magna"
      text run at (35,1211) width 213: "dui, sagittis sit amet, tincidunt et,"
      text run at (35,1229) width 191: "elementum eget, quam. Fusce"
      text run at (35,1247) width 148: "molestie nisl vitae nisi."
      text run at (35,1265) width 200: "Vestibulum a sapien. Phasellus"
      text run at (35,1283) width 218: "ante lacus, vehicula non, cursus a,"
      text run at (35,1301) width 199: "tempor ut, magna. Suspendisse"
      text run at (35,1319) width 174: "potenti. Fusce aliquet, odio"
      text run at (35,1337) width 198: "viverra vulputate dictum, enim"
      text run at (35,1355) width 206: "odio luctus purus, ut scelerisque"
      text run at (35,1373) width 202: "quam nulla non est. Donec eros"
      text run at (35,1391) width 208: "lacus, egestas vitae, lacinia quis,"
      text run at (35,1409) width 192: "tempor quis, pede. Morbi orci"
      text run at (35,1427) width 162: "erat, iaculis id, ornare ac,"
      text run at (35,1445) width 208: "elementum at, sem. Nunc ornare"
      text run at (35,1463) width 184: "sodales nisi. Morbi interdum"
      text run at (35,1481) width 198: "commodo nisl. Fusce eget eros"
      text run at (35,1499) width 182: "non nisi ornare facilisis. Sed"
      text run at (35,1517) width 216: "placerat, est non posuere posuere,"
      text run at (35,1535) width 188: "purus sem dignissim libero, a"
      text run at (35,1553) width 191: "viverra tellus dolor vel lorem."
      text run at (35,1571) width 174: "Cras augue. Etiam ultricies"
      text run at (35,1589) width 214: "consequat odio. Mauris ac libero."
      text run at (35,1607) width 173: "Etiam posuere, libero vitae"
      text run at (35,1625) width 168: "euismod gravida, urna elit"
      text run at (35,1643) width 205: "imperdiet magna, vel cursus elit"
      text run at (35,1661) width 214: "felis non mauris. Donec orci erat,"
      text run at (35,1679) width 194: "porta id, dignissim ut, posuere"
      text run at (35,1697) width 159: "dictum, leo. Suspendisse"
      text run at (35,1715) width 162: "scelerisque egestas nulla."
