layer at (0,0) size 784x808
  RenderView at (0,0) size 784x600
layer at (0,0) size 784x808
  RenderBlock {HTML} at (0,0) size 784x808
    RenderBody {BODY} at (8,8) size 768x792
layer at (8,8) size 768x388
  RenderBlock {DIV} at (0,0) size 768x388 [border: (5px solid #0000FF)]
    RenderBlock (anonymous) at (5,5) size 371x378
      RenderText {#text} at (0,0) size 113x17
        text run at (0,0) width 113: "This is some text."
      RenderBR {BR} at (112,14) size 1x0
      RenderText {#text} at (0,18) size 113x17
        text run at (0,18) width 113: "This is some text."
      RenderBR {BR} at (112,32) size 1x0
      RenderText {#text} at (0,36) size 113x17
        text run at (0,36) width 113: "This is some text."
      RenderBR {BR} at (112,50) size 1x0
      RenderText {#text} at (0,54) size 113x17
        text run at (0,54) width 113: "This is some text."
      RenderBR {BR} at (112,68) size 1x0
      RenderText {#text} at (0,72) size 113x17
        text run at (0,72) width 113: "This is some text."
      RenderBR {BR} at (112,86) size 1x0
      RenderText {#text} at (0,90) size 113x17
        text run at (0,90) width 113: "This is some text."
      RenderBR {BR} at (112,104) size 1x0
      RenderText {#text} at (0,108) size 113x17
        text run at (0,108) width 113: "This is some text."
      RenderBR {BR} at (112,122) size 1x0
      RenderText {#text} at (0,126) size 113x17
        text run at (0,126) width 113: "This is some text."
      RenderBR {BR} at (112,140) size 1x0
      RenderText {#text} at (0,144) size 113x17
        text run at (0,144) width 113: "This is some text."
      RenderBR {BR} at (112,158) size 1x0
      RenderText {#text} at (0,162) size 113x17
        text run at (0,162) width 113: "This is some text."
      RenderBR {BR} at (112,176) size 1x0
      RenderText {#text} at (0,180) size 113x17
        text run at (0,180) width 113: "This is some text."
      RenderBR {BR} at (112,194) size 1x0
      RenderText {#text} at (0,198) size 113x17
        text run at (0,198) width 113: "This is some text."
      RenderBR {BR} at (112,212) size 1x0
      RenderText {#text} at (0,216) size 113x17
        text run at (0,216) width 113: "This is some text."
      RenderBR {BR} at (112,230) size 1x0
      RenderText {#text} at (0,234) size 113x17
        text run at (0,234) width 113: "This is some text."
      RenderBR {BR} at (112,248) size 1x0
      RenderText {#text} at (0,252) size 113x17
        text run at (0,252) width 113: "This is some text."
      RenderBR {BR} at (112,266) size 1x0
      RenderText {#text} at (0,270) size 113x17
        text run at (0,270) width 113: "This is some text."
      RenderBR {BR} at (112,284) size 1x0
      RenderText {#text} at (0,288) size 113x17
        text run at (0,288) width 113: "This is some text."
      RenderBR {BR} at (112,302) size 1x0
      RenderText {#text} at (0,306) size 113x17
        text run at (0,306) width 113: "This is some text."
      RenderBR {BR} at (112,320) size 1x0
      RenderText {#text} at (0,324) size 113x17
        text run at (0,324) width 113: "This is some text."
      RenderBR {BR} at (112,338) size 1x0
      RenderText {#text} at (0,342) size 113x17
        text run at (0,342) width 113: "This is some text."
      RenderBR {BR} at (112,356) size 1x0
      RenderText {#text} at (0,360) size 113x17
        text run at (0,360) width 113: "This is some text."
      RenderBR {BR} at (112,374) size 1x0
    RenderBlock {DIV} at (5,383) size 371x72
      RenderText {#text} at (0,0) size 267x17
        text run at (0,0) width 267: "This text should be in the second column."
      RenderBR {BR} at (266,14) size 1x0
      RenderText {#text} at (0,18) size 267x17
        text run at (0,18) width 267: "This text should be in the second column."
      RenderBR {BR} at (266,32) size 1x0
      RenderText {#text} at (0,36) size 267x17
        text run at (0,36) width 267: "This text should be in the second column."
      RenderBR {BR} at (266,50) size 1x0
      RenderText {#text} at (0,54) size 267x17
        text run at (0,54) width 267: "This text should be in the second column."
      RenderBR {BR} at (266,68) size 1x0
layer at (8,412) size 768x388
  RenderBlock {DIV} at (0,404) size 768x388 [border: (5px solid #0000FF)]
    RenderBlock (anonymous) at (5,5) size 371x72
      RenderText {#text} at (0,0) size 248x17
        text run at (0,0) width 248: "This text should be in the first column."
      RenderBR {BR} at (247,14) size 1x0
      RenderText {#text} at (0,18) size 248x17
        text run at (0,18) width 248: "This text should be in the first column."
      RenderBR {BR} at (247,32) size 1x0
      RenderText {#text} at (0,36) size 248x17
        text run at (0,36) width 248: "This text should be in the first column."
      RenderBR {BR} at (247,50) size 1x0
      RenderText {#text} at (0,54) size 248x17
        text run at (0,54) width 248: "This text should be in the first column."
      RenderBR {BR} at (247,68) size 1x0
    RenderBlock {DIV} at (5,383) size 371x378
      RenderText {#text} at (0,0) size 113x17
        text run at (0,0) width 113: "This is some text."
      RenderBR {BR} at (112,14) size 1x0
      RenderText {#text} at (0,18) size 113x17
        text run at (0,18) width 113: "This is some text."
      RenderBR {BR} at (112,32) size 1x0
      RenderText {#text} at (0,36) size 113x17
        text run at (0,36) width 113: "This is some text."
      RenderBR {BR} at (112,50) size 1x0
      RenderText {#text} at (0,54) size 113x17
        text run at (0,54) width 113: "This is some text."
      RenderBR {BR} at (112,68) size 1x0
      RenderText {#text} at (0,72) size 113x17
        text run at (0,72) width 113: "This is some text."
      RenderBR {BR} at (112,86) size 1x0
      RenderText {#text} at (0,90) size 113x17
        text run at (0,90) width 113: "This is some text."
      RenderBR {BR} at (112,104) size 1x0
      RenderText {#text} at (0,108) size 113x17
        text run at (0,108) width 113: "This is some text."
      RenderBR {BR} at (112,122) size 1x0
      RenderText {#text} at (0,126) size 113x17
        text run at (0,126) width 113: "This is some text."
      RenderBR {BR} at (112,140) size 1x0
      RenderText {#text} at (0,144) size 113x17
        text run at (0,144) width 113: "This is some text."
      RenderBR {BR} at (112,158) size 1x0
      RenderText {#text} at (0,162) size 113x17
        text run at (0,162) width 113: "This is some text."
      RenderBR {BR} at (112,176) size 1x0
      RenderText {#text} at (0,180) size 113x17
        text run at (0,180) width 113: "This is some text."
      RenderBR {BR} at (112,194) size 1x0
      RenderText {#text} at (0,198) size 113x17
        text run at (0,198) width 113: "This is some text."
      RenderBR {BR} at (112,212) size 1x0
      RenderText {#text} at (0,216) size 113x17
        text run at (0,216) width 113: "This is some text."
      RenderBR {BR} at (112,230) size 1x0
      RenderText {#text} at (0,234) size 113x17
        text run at (0,234) width 113: "This is some text."
      RenderBR {BR} at (112,248) size 1x0
      RenderText {#text} at (0,252) size 113x17
        text run at (0,252) width 113: "This is some text."
      RenderBR {BR} at (112,266) size 1x0
      RenderText {#text} at (0,270) size 113x17
        text run at (0,270) width 113: "This is some text."
      RenderBR {BR} at (112,284) size 1x0
      RenderText {#text} at (0,288) size 113x17
        text run at (0,288) width 113: "This is some text."
      RenderBR {BR} at (112,302) size 1x0
      RenderText {#text} at (0,306) size 113x17
        text run at (0,306) width 113: "This is some text."
      RenderBR {BR} at (112,320) size 1x0
      RenderText {#text} at (0,324) size 113x17
        text run at (0,324) width 113: "This is some text."
      RenderBR {BR} at (112,338) size 1x0
      RenderText {#text} at (0,342) size 113x17
        text run at (0,342) width 113: "This is some text."
      RenderBR {BR} at (112,356) size 1x0
      RenderText {#text} at (0,360) size 113x17
        text run at (0,360) width 113: "This is some text."
      RenderBR {BR} at (112,374) size 1x0
