layer at (0,0) size 1164x1680
  RenderView at (0,0) size 784x584
layer at (0,0) size 784x1680
  RenderBlock {HTML} at (0,0) size 784x1680
    RenderBody {BODY} at (8,8) size 768x1664
layer at (8,8) size 768x404
  RenderBlock {DIV} at (0,0) size 768x404 [border: (2px solid #000000)]
    RenderBlock (anonymous) at (2,2) size 374x252
      RenderText {#text} at (0,0) size 113x17
        text run at (0,0) width 113: "This is some text."
      RenderBR {BR} at (112,14) size 1x0
      RenderText {#text} at (0,18) size 113x17
        text run at (0,18) width 113: "This is some text."
      RenderBR {BR} at (112,32) size 1x0
      RenderText {#text} at (0,36) size 113x17
        text run at (0,36) width 113: "This is some text."
      RenderBR {BR} at (112,50) size 1x0
      RenderText {#text} at (0,54) size 113x17
        text run at (0,54) width 113: "This is some text."
      RenderBR {BR} at (112,68) size 1x0
      RenderText {#text} at (0,72) size 113x17
        text run at (0,72) width 113: "This is some text."
      RenderBR {BR} at (112,86) size 1x0
      RenderText {#text} at (0,90) size 113x17
        text run at (0,90) width 113: "This is some text."
      RenderBR {BR} at (112,104) size 1x0
      RenderText {#text} at (0,108) size 113x17
        text run at (0,108) width 113: "This is some text."
      RenderBR {BR} at (112,122) size 1x0
      RenderText {#text} at (0,126) size 113x17
        text run at (0,126) width 113: "This is some text."
      RenderBR {BR} at (112,140) size 1x0
      RenderText {#text} at (0,144) size 113x17
        text run at (0,144) width 113: "This is some text."
      RenderBR {BR} at (112,158) size 1x0
      RenderText {#text} at (0,162) size 113x17
        text run at (0,162) width 113: "This is some text."
      RenderBR {BR} at (112,176) size 1x0
      RenderText {#text} at (0,180) size 113x17
        text run at (0,180) width 113: "This is some text."
      RenderBR {BR} at (112,194) size 1x0
      RenderText {#text} at (0,198) size 113x17
        text run at (0,198) width 113: "This is some text."
      RenderBR {BR} at (112,212) size 1x0
      RenderText {#text} at (0,216) size 113x17
        text run at (0,216) width 113: "This is some text."
      RenderBR {BR} at (112,230) size 1x0
      RenderText {#text} at (0,234) size 113x17
        text run at (0,234) width 113: "This is some text."
      RenderBR {BR} at (112,248) size 1x0
    RenderBlock {P} at (2,270) size 374x604
      RenderBlock (floating) {SPAN} at (0,132) size 79x147
        RenderText {#text} at (0,2) size 79x142
          text run at (0,2) width 79: "T"
      RenderText {#text} at (79,132) size 104x17
        text run at (79,132) width 104: "his is some text."
      RenderBR {BR} at (182,146) size 1x0
      RenderText {#text} at (79,150) size 113x17
        text run at (79,150) width 113: "This is some text."
      RenderBR {BR} at (191,164) size 1x0
      RenderText {#text} at (79,168) size 113x17
        text run at (79,168) width 113: "This is some text."
      RenderBR {BR} at (191,182) size 1x0
      RenderText {#text} at (79,186) size 113x17
        text run at (79,186) width 113: "This is some text."
      RenderBR {BR} at (191,200) size 1x0
      RenderText {#text} at (79,204) size 113x17
        text run at (79,204) width 113: "This is some text."
      RenderBR {BR} at (191,218) size 1x0
      RenderText {#text} at (79,222) size 113x17
        text run at (79,222) width 113: "This is some text."
      RenderBR {BR} at (191,236) size 1x0
      RenderText {#text} at (79,240) size 113x17
        text run at (79,240) width 113: "This is some text."
      RenderBR {BR} at (191,254) size 1x0
      RenderText {#text} at (79,258) size 113x17
        text run at (79,258) width 113: "This is some text."
      RenderBR {BR} at (191,272) size 1x0
      RenderText {#text} at (79,276) size 113x17
        text run at (79,276) width 113: "This is some text."
      RenderBR {BR} at (191,290) size 1x0
      RenderText {#text} at (0,294) size 113x17
        text run at (0,294) width 113: "This is some text."
      RenderBR {BR} at (112,308) size 1x0
      RenderText {#text} at (0,312) size 113x17
        text run at (0,312) width 113: "This is some text."
      RenderBR {BR} at (112,326) size 1x0
      RenderText {#text} at (0,330) size 113x17
        text run at (0,330) width 113: "This is some text."
      RenderBR {BR} at (112,344) size 1x0
      RenderText {#text} at (0,348) size 113x17
        text run at (0,348) width 113: "This is some text."
      RenderBR {BR} at (112,362) size 1x0
      RenderText {#text} at (0,366) size 113x17
        text run at (0,366) width 113: "This is some text."
      RenderBR {BR} at (112,380) size 1x0
      RenderText {#text} at (0,384) size 113x17
        text run at (0,384) width 113: "This is some text."
      RenderBR {BR} at (112,398) size 1x0
      RenderText {#text} at (0,402) size 113x17
        text run at (0,402) width 113: "This is some text."
      RenderBR {BR} at (112,416) size 1x0
      RenderText {#text} at (0,420) size 113x17
        text run at (0,420) width 113: "This is some text."
      RenderBR {BR} at (112,434) size 1x0
      RenderText {#text} at (0,438) size 113x17
        text run at (0,438) width 113: "This is some text."
      RenderBR {BR} at (112,452) size 1x0
      RenderText {#text} at (0,456) size 113x17
        text run at (0,456) width 113: "This is some text."
      RenderBR {BR} at (112,470) size 1x0
      RenderText {#text} at (0,474) size 113x17
        text run at (0,474) width 113: "This is some text."
      RenderBR {BR} at (112,488) size 1x0
      RenderText {#text} at (0,492) size 113x17
        text run at (0,492) width 113: "This is some text."
      RenderBR {BR} at (112,506) size 1x0
      RenderText {#text} at (0,510) size 113x17
        text run at (0,510) width 113: "This is some text."
      RenderBR {BR} at (112,524) size 1x0
      RenderText {#text} at (0,532) size 113x17
        text run at (0,532) width 113: "This is some text."
      RenderBR {BR} at (112,546) size 1x0
      RenderText {#text} at (0,550) size 113x17
        text run at (0,550) width 113: "This is some text."
      RenderBR {BR} at (112,564) size 1x0
      RenderText {#text} at (0,568) size 113x17
        text run at (0,568) width 113: "This is some text."
      RenderBR {BR} at (112,582) size 1x0
      RenderText {#text} at (0,586) size 113x17
        text run at (0,586) width 113: "This is some text."
      RenderBR {BR} at (112,600) size 1x0
layer at (8,428) size 768x404
  RenderBlock {DIV} at (0,420) size 768x404 [border: (2px solid #000000)]
    RenderBlock (anonymous) at (2,2) size 374x252
      RenderText {#text} at (0,0) size 113x17
        text run at (0,0) width 113: "This is some text."
      RenderBR {BR} at (112,14) size 1x0
      RenderText {#text} at (0,18) size 113x17
        text run at (0,18) width 113: "This is some text."
      RenderBR {BR} at (112,32) size 1x0
      RenderText {#text} at (0,36) size 113x17
        text run at (0,36) width 113: "This is some text."
      RenderBR {BR} at (112,50) size 1x0
      RenderText {#text} at (0,54) size 113x17
        text run at (0,54) width 113: "This is some text."
      RenderBR {BR} at (112,68) size 1x0
      RenderText {#text} at (0,72) size 113x17
        text run at (0,72) width 113: "This is some text."
      RenderBR {BR} at (112,86) size 1x0
      RenderText {#text} at (0,90) size 113x17
        text run at (0,90) width 113: "This is some text."
      RenderBR {BR} at (112,104) size 1x0
      RenderText {#text} at (0,108) size 113x17
        text run at (0,108) width 113: "This is some text."
      RenderBR {BR} at (112,122) size 1x0
      RenderText {#text} at (0,126) size 113x17
        text run at (0,126) width 113: "This is some text."
      RenderBR {BR} at (112,140) size 1x0
      RenderText {#text} at (0,144) size 113x17
        text run at (0,144) width 113: "This is some text."
      RenderBR {BR} at (112,158) size 1x0
      RenderText {#text} at (0,162) size 113x17
        text run at (0,162) width 113: "This is some text."
      RenderBR {BR} at (112,176) size 1x0
      RenderText {#text} at (0,180) size 113x17
        text run at (0,180) width 113: "This is some text."
      RenderBR {BR} at (112,194) size 1x0
      RenderText {#text} at (0,198) size 113x17
        text run at (0,198) width 113: "This is some text."
      RenderBR {BR} at (112,212) size 1x0
      RenderText {#text} at (0,216) size 113x17
        text run at (0,216) width 113: "This is some text."
      RenderBR {BR} at (112,230) size 1x0
      RenderText {#text} at (0,234) size 113x17
        text run at (0,234) width 113: "This is some text."
      RenderBR {BR} at (112,248) size 1x0
    RenderBlock {P} at (2,270) size 374x604
      RenderImage {IMG} at (0,132) size 100x100 [bgcolor=#008000]
      RenderImage {IMG} at (274,132) size 100x200 [bgcolor=#008000]
      RenderText {#text} at (100,132) size 109x17
        text run at (100,132) width 109: "This is some text"
      RenderBR {BR} at (208,146) size 1x0
      RenderText {#text} at (100,150) size 113x17
        text run at (100,150) width 113: "This is some text."
      RenderBR {BR} at (212,164) size 1x0
      RenderText {#text} at (100,168) size 113x17
        text run at (100,168) width 113: "This is some text."
      RenderBR {BR} at (212,182) size 1x0
      RenderText {#text} at (100,186) size 113x17
        text run at (100,186) width 113: "This is some text."
      RenderBR {BR} at (212,200) size 1x0
      RenderText {#text} at (100,204) size 113x17
        text run at (100,204) width 113: "This is some text."
      RenderBR {BR} at (212,218) size 1x0
      RenderText {#text} at (100,222) size 113x17
        text run at (100,222) width 113: "This is some text."
      RenderBR {BR} at (212,236) size 1x0
      RenderText {#text} at (0,240) size 113x17
        text run at (0,240) width 113: "This is some text."
      RenderBR {BR} at (112,254) size 1x0
      RenderText {#text} at (0,258) size 113x17
        text run at (0,258) width 113: "This is some text."
      RenderBR {BR} at (112,272) size 1x0
      RenderText {#text} at (0,276) size 113x17
        text run at (0,276) width 113: "This is some text."
      RenderBR {BR} at (112,290) size 1x0
      RenderText {#text} at (0,294) size 113x17
        text run at (0,294) width 113: "This is some text."
      RenderBR {BR} at (112,308) size 1x0
      RenderText {#text} at (0,312) size 113x17
        text run at (0,312) width 113: "This is some text."
      RenderBR {BR} at (112,326) size 1x0
      RenderText {#text} at (0,330) size 113x17
        text run at (0,330) width 113: "This is some text."
      RenderBR {BR} at (112,344) size 1x0
      RenderText {#text} at (0,348) size 113x17
        text run at (0,348) width 113: "This is some text."
      RenderBR {BR} at (112,362) size 1x0
      RenderText {#text} at (0,366) size 113x17
        text run at (0,366) width 113: "This is some text."
      RenderBR {BR} at (112,380) size 1x0
      RenderText {#text} at (0,384) size 113x17
        text run at (0,384) width 113: "This is some text."
      RenderBR {BR} at (112,398) size 1x0
      RenderText {#text} at (0,402) size 113x17
        text run at (0,402) width 113: "This is some text."
      RenderBR {BR} at (112,416) size 1x0
      RenderText {#text} at (0,420) size 113x17
        text run at (0,420) width 113: "This is some text."
      RenderBR {BR} at (112,434) size 1x0
      RenderText {#text} at (0,438) size 113x17
        text run at (0,438) width 113: "This is some text."
      RenderBR {BR} at (112,452) size 1x0
      RenderText {#text} at (0,456) size 113x17
        text run at (0,456) width 113: "This is some text."
      RenderBR {BR} at (112,470) size 1x0
      RenderText {#text} at (0,474) size 113x17
        text run at (0,474) width 113: "This is some text."
      RenderBR {BR} at (112,488) size 1x0
      RenderText {#text} at (0,492) size 113x17
        text run at (0,492) width 113: "This is some text."
      RenderBR {BR} at (112,506) size 1x0
      RenderText {#text} at (0,510) size 113x17
        text run at (0,510) width 113: "This is some text."
      RenderBR {BR} at (112,524) size 1x0
      RenderText {#text} at (0,532) size 113x17
        text run at (0,532) width 113: "This is some text."
      RenderBR {BR} at (112,546) size 1x0
      RenderText {#text} at (0,550) size 113x17
        text run at (0,550) width 113: "This is some text."
      RenderBR {BR} at (112,564) size 1x0
      RenderText {#text} at (0,568) size 113x17
        text run at (0,568) width 113: "This is some text."
      RenderBR {BR} at (112,582) size 1x0
      RenderText {#text} at (0,586) size 113x17
        text run at (0,586) width 113: "This is some text."
      RenderBR {BR} at (112,600) size 1x0
layer at (8,848) size 768x404
  RenderBlock {DIV} at (0,840) size 768x404 [border: (2px solid #000000)]
    RenderImage {IMG} at (2,2) size 300x390 [bgcolor=#008000]
    RenderText {#text} at (302,2) size 374x435
      text run at (302,2) width 47: "Longer"
      text run at (302,20) width 24: "text"
      text run at (302,38) width 74: "designed to"
      text run at (302,56) width 56: "test float"
      text run at (302,74) width 24: "and"
      text run at (302,92) width 61: "wrapping"
      text run at (302,110) width 60: "behavior."
      text run at (302,128) width 47: "Longer"
      text run at (302,146) width 24: "text"
      text run at (302,164) width 74: "designed to"
      text run at (302,182) width 56: "test float"
      text run at (302,200) width 24: "and"
      text run at (302,218) width 61: "wrapping"
      text run at (302,236) width 60: "behavior."
      text run at (302,254) width 47: "Longer"
      text run at (302,272) width 24: "text"
      text run at (302,290) width 74: "designed to"
      text run at (302,308) width 56: "test float"
      text run at (302,326) width 24: "and"
      text run at (302,344) width 61: "wrapping"
      text run at (302,362) width 60: "behavior."
      text run at (302,380) width 47: "Longer"
      text run at (2,402) width 367: "text designed to test float and wrapping behavior. Longer"
      text run at (2,420) width 317: "text designed to test float and wrapping behavior."
layer at (8,1268) size 768x404
  RenderBlock {DIV} at (0,1260) size 768x404 [border: (2px solid #000000)]
    RenderImage {IMG} at (2,2) size 374x380 [bgcolor=#0000FF]
    RenderInline {SPAN} at (0,0) size 367x242
      RenderImage {IMG} at (2,402) size 100x20 [bgcolor=#008000]
      RenderText {#text} at (102,402) size 209x26
        text run at (102,402) width 209: "Longer text designed "
      RenderImage {IMG} at (276,429) size 100x20 [bgcolor=#008000]
      RenderText {#text} at (310,402) size 367x242
        text run at (310,402) width 59: "to test"
        text run at (2,429) width 182: "float and wrapping"
        text run at (2,456) width 363: "behavior. Longer text designed to test"
        text run at (2,483) width 353: "float and wrapping behavior. Longer"
        text run at (2,510) width 282: "text designed to test float and"
        text run at (2,537) width 304: "wrapping behavior. Longer text"
        text run at (2,564) width 337: "designed to test float and wrapping"
        text run at (2,591) width 363: "behavior. Longer text designed to test"
        text run at (2,618) width 278: "float and wrapping behavior."
    RenderText {#text} at (0,0) size 0x0
