layer at (0,0) size 1188x584
  RenderView at (0,0) size 800x584
layer at (0,0) size 800x584
  RenderBlock {HTML} at (0,0) size 800x584
    RenderBody {BODY} at (8,8) size 784x568
layer at (8,8) size 784x404
  RenderBlock {DIV} at (0,0) size 784x404 [border: (2px solid #000000)]
    RenderText {#text} at (2,2) size 113x17
      text run at (2,2) width 113: "This is some text."
    RenderBR {BR} at (114,16) size 1x0
    RenderText {#text} at (2,20) size 113x17
      text run at (2,20) width 113: "This is some text."
    RenderBR {BR} at (114,34) size 1x0
    RenderText {#text} at (2,38) size 113x17
      text run at (2,38) width 113: "This is some text."
    RenderBR {BR} at (114,52) size 1x0
    RenderText {#text} at (2,56) size 113x17
      text run at (2,56) width 113: "This is some text."
    RenderBR {BR} at (114,70) size 1x0
    RenderText {#text} at (2,74) size 113x17
      text run at (2,74) width 113: "This is some text."
    RenderBR {BR} at (114,88) size 1x0
    RenderText {#text} at (2,92) size 113x17
      text run at (2,92) width 113: "This is some text."
    RenderBR {BR} at (114,106) size 1x0
    RenderText {#text} at (2,110) size 113x17
      text run at (2,110) width 113: "This is some text."
    RenderBR {BR} at (114,124) size 1x0
    RenderText {#text} at (2,128) size 113x17
      text run at (2,128) width 113: "This is some text."
    RenderBR {BR} at (114,142) size 1x0
    RenderText {#text} at (2,146) size 113x17
      text run at (2,146) width 113: "This is some text."
    RenderBR {BR} at (114,160) size 1x0
    RenderText {#text} at (2,164) size 113x17
      text run at (2,164) width 113: "This is some text."
    RenderBR {BR} at (114,178) size 1x0
    RenderImage {IMG} at (2,402) size 250x300 [bgcolor=#008000]
    RenderText {#text} at (252,402) size 113x17
      text run at (252,402) width 113: "This is some text."
    RenderBR {BR} at (364,416) size 1x0
    RenderText {#text} at (252,420) size 113x17
      text run at (252,420) width 113: "This is some text."
    RenderBR {BR} at (364,434) size 1x0
    RenderText {#text} at (252,438) size 113x17
      text run at (252,438) width 113: "This is some text."
    RenderBR {BR} at (364,452) size 1x0
    RenderText {#text} at (252,456) size 113x17
      text run at (252,456) width 113: "This is some text."
    RenderBR {BR} at (364,470) size 1x0
    RenderText {#text} at (252,474) size 113x17
      text run at (252,474) width 113: "This is some text."
    RenderBR {BR} at (364,488) size 1x0
    RenderText {#text} at (252,492) size 113x17
      text run at (252,492) width 113: "This is some text."
    RenderBR {BR} at (364,506) size 1x0
    RenderText {#text} at (252,510) size 113x17
      text run at (252,510) width 113: "This is some text."
    RenderBR {BR} at (364,524) size 1x0
    RenderText {#text} at (252,528) size 113x17
      text run at (252,528) width 113: "This is some text."
    RenderBR {BR} at (364,542) size 1x0
    RenderText {#text} at (252,546) size 113x17
      text run at (252,546) width 113: "This is some text."
    RenderBR {BR} at (364,560) size 1x0
    RenderText {#text} at (252,564) size 113x17
      text run at (252,564) width 113: "This is some text."
    RenderBR {BR} at (364,578) size 1x0
    RenderText {#text} at (252,582) size 113x17
      text run at (252,582) width 113: "This is some text."
    RenderBR {BR} at (364,596) size 1x0
    RenderText {#text} at (252,600) size 113x17
      text run at (252,600) width 113: "This is some text."
    RenderBR {BR} at (364,614) size 1x0
    RenderText {#text} at (252,618) size 113x17
      text run at (252,618) width 113: "This is some text."
    RenderBR {BR} at (364,632) size 1x0
    RenderText {#text} at (252,636) size 113x17
      text run at (252,636) width 113: "This is some text."
    RenderBR {BR} at (364,650) size 1x0
    RenderText {#text} at (252,654) size 113x17
      text run at (252,654) width 113: "This is some text."
    RenderBR {BR} at (364,668) size 1x0
    RenderText {#text} at (252,672) size 113x17
      text run at (252,672) width 113: "This is some text."
    RenderBR {BR} at (364,686) size 1x0
    RenderText {#text} at (252,690) size 113x17
      text run at (252,690) width 113: "This is some text."
    RenderBR {BR} at (364,704) size 1x0
    RenderText {#text} at (2,708) size 113x17
      text run at (2,708) width 113: "This is some text."
    RenderBR {BR} at (114,722) size 1x0
    RenderText {#text} at (2,726) size 113x17
      text run at (2,726) width 113: "This is some text."
    RenderBR {BR} at (114,740) size 1x0
    RenderText {#text} at (2,744) size 113x17
      text run at (2,744) width 113: "This is some text."
    RenderBR {BR} at (114,758) size 1x0
    RenderText {#text} at (2,762) size 113x17
      text run at (2,762) width 113: "This is some text."
    RenderBR {BR} at (114,776) size 1x0
    RenderText {#text} at (2,780) size 113x17
      text run at (2,780) width 113: "This is some text."
    RenderBR {BR} at (114,794) size 1x0
    RenderText {#text} at (2,802) size 113x17
      text run at (2,802) width 113: "This is some text."
    RenderBR {BR} at (114,816) size 1x0
    RenderText {#text} at (2,820) size 113x17
      text run at (2,820) width 113: "This is some text."
    RenderBR {BR} at (114,834) size 1x0
    RenderText {#text} at (2,838) size 113x17
      text run at (2,838) width 113: "This is some text."
    RenderBR {BR} at (114,852) size 1x0
    RenderText {#text} at (2,856) size 113x17
      text run at (2,856) width 113: "This is some text."
    RenderBR {BR} at (114,870) size 1x0
    RenderText {#text} at (2,874) size 113x17
      text run at (2,874) width 113: "This is some text."
    RenderBR {BR} at (114,888) size 1x0
    RenderText {#text} at (2,892) size 113x17
      text run at (2,892) width 113: "This is some text."
    RenderBR {BR} at (114,906) size 1x0
    RenderText {#text} at (2,910) size 113x17
      text run at (2,910) width 113: "This is some text."
    RenderBR {BR} at (114,924) size 1x0
    RenderText {#text} at (2,928) size 113x17
      text run at (2,928) width 113: "This is some text."
    RenderBR {BR} at (114,942) size 1x0
