layer at (0,0) size 800x600
  RenderView at (0,0) size 800x600
layer at (0,0) size 800x600
  RenderBlock {HTML} at (0,0) size 800x600
    RenderBody {BODY} at (8,8) size 784x584
layer at (8,8) size 784x491
  RenderBlock {DIV} at (0,0) size 784x491 [border: (1px solid #000000)]
layer at (9,9) size 383x307
  RenderBlock {DIV} at (1,1) size 383x307 [border: (1px solid #000000)]
    RenderText {#text} at (1,1) size 180x590
      text run at (1,1) width 132: "Vestibulum a sapien."
      text run at (1,20) width 129: "Phasellus ante lacus,"
      text run at (1,39) width 144: "vehicula non, cursus a,"
      text run at (1,58) width 114: "tempor ut, magna."
      text run at (1,77) width 169: "Suspendisse potenti. Fusce"
      text run at (1,96) width 126: "aliquet, odio viverra"
      text run at (1,115) width 176: "vulputate dictum, enim odio"
      text run at (1,134) width 169: "luctus purus, ut scelerisque"
      text run at (1,153) width 169: "quam nulla non est. Donec"
      text run at (1,172) width 153: "eros lacus, egestas vitae,"
      text run at (1,191) width 157: "lacinia quis, tempor quis,"
      text run at (1,210) width 180: "pede. Morbi orci erat, iaculis"
      text run at (1,229) width 174: "id, ornare ac, elementum at,"
      text run at (1,248) width 162: "sem. Nunc ornare sodales"
      text run at (1,267) width 129: "nisi. Morbi interdum"
      text run at (1,286) width 164: "commodo nisl. Fusce eget"
      text run at (1,306) width 179: "eros non nisi ornare facilisis."
      text run at (1,325) width 130: "Sed placerat, est non"
      text run at (1,344) width 174: "posuere posuere, purus sem"
      text run at (1,363) width 163: "dignissim libero, a viverra"
      text run at (1,382) width 170: "tellus dolor vel lorem. Cras"
      text run at (1,401) width 136: "augue. Etiam ultricies"
      text run at (1,420) width 165: "consequat odio. Mauris ac"
      text run at (1,439) width 178: "libero. Etiam posuere, libero"
      text run at (1,458) width 174: "vitae euismod gravida, urna"
      text run at (1,477) width 155: "elit imperdiet magna, vel"
      text run at (1,496) width 171: "cursus elit felis non mauris."
      text run at (1,515) width 157: "Donec orci erat, porta id,"
      text run at (1,534) width 133: "dignissim ut, posuere"
      text run at (1,553) width 155: "dictum, leo. Suspendisse"
      text run at (1,572) width 157: "scelerisque egestas nulla."
layer at (9,316) size 383x307 backgroundClip at (0,0) size 800x600 clip at (0,0) size 800x600 outlineClip at (0,0) size 800x600
  RenderBlock {DIV} at (1,308) size 383x307 [border: (1px solid #000000)]
    RenderText {#text} at (1,1) size 180x590
      text run at (1,1) width 132: "Vestibulum a sapien."
      text run at (1,20) width 129: "Phasellus ante lacus,"
      text run at (1,39) width 144: "vehicula non, cursus a,"
      text run at (1,58) width 114: "tempor ut, magna."
      text run at (1,77) width 169: "Suspendisse potenti. Fusce"
      text run at (1,96) width 126: "aliquet, odio viverra"
      text run at (1,115) width 176: "vulputate dictum, enim odio"
      text run at (1,134) width 169: "luctus purus, ut scelerisque"
      text run at (1,153) width 169: "quam nulla non est. Donec"
      text run at (1,172) width 153: "eros lacus, egestas vitae,"
      text run at (1,191) width 157: "lacinia quis, tempor quis,"
      text run at (1,210) width 180: "pede. Morbi orci erat, iaculis"
      text run at (1,229) width 174: "id, ornare ac, elementum at,"
      text run at (1,248) width 162: "sem. Nunc ornare sodales"
      text run at (1,267) width 129: "nisi. Morbi interdum"
      text run at (1,286) width 164: "commodo nisl. Fusce eget"
      text run at (1,306) width 179: "eros non nisi ornare facilisis."
      text run at (1,325) width 130: "Sed placerat, est non"
      text run at (1,344) width 174: "posuere posuere, purus sem"
      text run at (1,363) width 163: "dignissim libero, a viverra"
      text run at (1,382) width 170: "tellus dolor vel lorem. Cras"
      text run at (1,401) width 136: "augue. Etiam ultricies"
      text run at (1,420) width 165: "consequat odio. Mauris ac"
      text run at (1,439) width 178: "libero. Etiam posuere, libero"
      text run at (1,458) width 174: "vitae euismod gravida, urna"
      text run at (1,477) width 155: "elit imperdiet magna, vel"
      text run at (1,496) width 171: "cursus elit felis non mauris."
      text run at (1,515) width 157: "Donec orci erat, porta id,"
      text run at (1,534) width 133: "dignissim ut, posuere"
      text run at (1,553) width 155: "dictum, leo. Suspendisse"
      text run at (1,572) width 157: "scelerisque egestas nulla."
