layer at (0,0) size 800x600
  RenderView at (0,0) size 800x600
layer at (0,0) size 800x600
  RenderBlock {HTML} at (0,0) size 800x600
    RenderBody {BODY} at (8,8) size 784x584
      RenderBlock {DIV} at (0,0) size 784x135 [border: (1px solid #000000)]
        RenderText {#text} at (1,1) size 766x133
          text run at (1,1) width 754: "Vestibulum a sapien. Phasellus ante lacus, vehicula non, cursus a, tempor ut, magna. Suspendisse potenti. Fusce aliquet,"
          text run at (1,20) width 759: "odio viverra vulputate dictum, enim odio luctus purus, ut scelerisque quam nulla non est. Donec eros lacus, egestas vitae,"
          text run at (1,39) width 758: "lacinia quis, tempor quis, pede. Morbi orci erat, iaculis id, ornare ac, elementum at, sem. Nunc ornare sodales nisi. Morbi"
          text run at (1,58) width 719: "interdum commodo nisl. Fusce eget eros non nisi ornare facilisis. Sed placerat, est non posuere posuere, purus sem"
          text run at (1,77) width 731: "dignissim libero, a viverra tellus dolor vel lorem. Cras augue. Etiam ultricies consequat odio. Mauris ac libero. Etiam"
          text run at (1,96) width 766: "posuere, libero vitae euismod gravida, urna elit imperdiet magna, vel cursus elit felis non mauris. Donec orci erat, porta id,"
          text run at (1,115) width 453: "dignissim ut, posuere dictum, leo. Suspendisse scelerisque egestas nulla."
      RenderBlock {DIV} at (0,135) size 784x135 [border: (1px solid #000000)]
        RenderText {#text} at (1,1) size 766x133
          text run at (1,1) width 754: "Vestibulum a sapien. Phasellus ante lacus, vehicula non, cursus a, tempor ut, magna. Suspendisse potenti. Fusce aliquet,"
          text run at (1,20) width 759: "odio viverra vulputate dictum, enim odio luctus purus, ut scelerisque quam nulla non est. Donec eros lacus, egestas vitae,"
          text run at (1,39) width 758: "lacinia quis, tempor quis, pede. Morbi orci erat, iaculis id, ornare ac, elementum at, sem. Nunc ornare sodales nisi. Morbi"
          text run at (1,58) width 719: "interdum commodo nisl. Fusce eget eros non nisi ornare facilisis. Sed placerat, est non posuere posuere, purus sem"
          text run at (1,77) width 731: "dignissim libero, a viverra tellus dolor vel lorem. Cras augue. Etiam ultricies consequat odio. Mauris ac libero. Etiam"
          text run at (1,96) width 766: "posuere, libero vitae euismod gravida, urna elit imperdiet magna, vel cursus elit felis non mauris. Donec orci erat, porta id,"
          text run at (1,115) width 453: "dignissim ut, posuere dictum, leo. Suspendisse scelerisque egestas nulla."
      RenderBlock {DIV} at (0,270) size 784x135 [border: (1px solid #000000)]
        RenderText {#text} at (1,1) size 766x133
          text run at (1,1) width 754: "Vestibulum a sapien. Phasellus ante lacus, vehicula non, cursus a, tempor ut, magna. Suspendisse potenti. Fusce aliquet,"
          text run at (1,20) width 759: "odio viverra vulputate dictum, enim odio luctus purus, ut scelerisque quam nulla non est. Donec eros lacus, egestas vitae,"
          text run at (1,39) width 758: "lacinia quis, tempor quis, pede. Morbi orci erat, iaculis id, ornare ac, elementum at, sem. Nunc ornare sodales nisi. Morbi"
          text run at (1,58) width 719: "interdum commodo nisl. Fusce eget eros non nisi ornare facilisis. Sed placerat, est non posuere posuere, purus sem"
          text run at (1,77) width 731: "dignissim libero, a viverra tellus dolor vel lorem. Cras augue. Etiam ultricies consequat odio. Mauris ac libero. Etiam"
          text run at (1,96) width 766: "posuere, libero vitae euismod gravida, urna elit imperdiet magna, vel cursus elit felis non mauris. Donec orci erat, porta id,"
          text run at (1,115) width 453: "dignissim ut, posuere dictum, leo. Suspendisse scelerisque egestas nulla."
      RenderBlock {DIV} at (0,405) size 784x135 [border: (1px solid #000000)]
        RenderText {#text} at (1,1) size 766x133
          text run at (1,1) width 754: "Vestibulum a sapien. Phasellus ante lacus, vehicula non, cursus a, tempor ut, magna. Suspendisse potenti. Fusce aliquet,"
          text run at (1,20) width 759: "odio viverra vulputate dictum, enim odio luctus purus, ut scelerisque quam nulla non est. Donec eros lacus, egestas vitae,"
          text run at (1,39) width 758: "lacinia quis, tempor quis, pede. Morbi orci erat, iaculis id, ornare ac, elementum at, sem. Nunc ornare sodales nisi. Morbi"
          text run at (1,58) width 719: "interdum commodo nisl. Fusce eget eros non nisi ornare facilisis. Sed placerat, est non posuere posuere, purus sem"
          text run at (1,77) width 731: "dignissim libero, a viverra tellus dolor vel lorem. Cras augue. Etiam ultricies consequat odio. Mauris ac libero. Etiam"
          text run at (1,96) width 766: "posuere, libero vitae euismod gravida, urna elit imperdiet magna, vel cursus elit felis non mauris. Donec orci erat, porta id,"
          text run at (1,115) width 453: "dignissim ut, posuere dictum, leo. Suspendisse scelerisque egestas nulla."
