layer at (0,0) size 784x676
  RenderView at (0,0) size 784x600
layer at (0,0) size 784x676
  RenderBlock {HTML} at (0,0) size 784x676
    RenderBody {BODY} at (8,8) size 768x660
      RenderBlock {DIV} at (0,0) size 220x328
        RenderBlock (anonymous) at (0,0) size 220x18
          RenderText {#text} at (0,0) size 66x17
            text run at (0,0) width 66: "Overflow:"
      RenderText {#text} at (220,314) size 4x17
        text run at (220,314) width 4: " "
      RenderBlock {DIV} at (224,0) size 220x328
        RenderBlock (anonymous) at (0,0) size 220x18
          RenderText {#text} at (0,0) size 79x17
            text run at (0,0) width 79: "Transforms:"
      RenderText {#text} at (444,314) size 4x17
        text run at (444,314) width 4: " "
      RenderBlock {DIV} at (448,0) size 220x328
        RenderBlock (anonymous) at (0,0) size 220x18
          RenderText {#text} at (0,0) size 135x17
            text run at (0,0) width 135: "Relative Positioning:"
      RenderText {#text} at (0,0) size 0x0
      RenderBlock {DIV} at (0,332) size 220x328
        RenderBlock (anonymous) at (0,0) size 220x18
          RenderText {#text} at (0,0) size 56x17
            text run at (0,0) width 56: "Opacity:"
layer at (8,26) size 220x310
  RenderBlock {DIV} at (0,18) size 220x310 [border: (5px solid #000000)]
    RenderBlock (anonymous) at (5,5) size 100x100
      RenderBlock {DIV} at (0,0) size 100x100 [bgcolor=#000000]
      RenderText {#text} at (0,0) size 0x0
    RenderBlock (anonymous) at (5,505) size 100x100
      RenderBlock {DIV} at (0,0) size 100x100 [bgcolor=#000000]
      RenderText {#text} at (0,0) size 0x0
layer at (13,131) size 100x400
  RenderBlock {DIV} at (5,105) size 100x400
    RenderBlock {DIV} at (0,0) size 100x100 [bgcolor=#0000F0]
    RenderBlock {DIV} at (0,100) size 100x100 [bgcolor=#0000D0]
    RenderBlock {DIV} at (0,200) size 100x100 [bgcolor=#0000B0]
    RenderBlock {DIV} at (0,300) size 100x100 [bgcolor=#000090]
layer at (232,26) size 220x310
  RenderBlock {DIV} at (0,18) size 220x310 [border: (5px solid #000000)]
    RenderBlock (anonymous) at (5,5) size 100x100
      RenderBlock {DIV} at (0,0) size 100x100 [bgcolor=#000000]
      RenderText {#text} at (0,0) size 0x0
    RenderBlock (anonymous) at (5,505) size 100x100
      RenderBlock {DIV} at (0,0) size 100x100 [bgcolor=#000000]
      RenderText {#text} at (0,0) size 0x0
layer at (456,26) size 220x310
  RenderBlock {DIV} at (0,18) size 220x310 [border: (5px solid #000000)]
    RenderBlock (anonymous) at (5,5) size 100x100
      RenderBlock {DIV} at (0,0) size 100x100 [bgcolor=#000000]
      RenderText {#text} at (0,0) size 0x0
    RenderBlock (anonymous) at (5,505) size 100x100
      RenderBlock {DIV} at (0,0) size 100x100 [bgcolor=#000000]
      RenderText {#text} at (0,0) size 0x0
layer at (8,358) size 220x310
  RenderBlock {DIV} at (0,18) size 220x310 [border: (5px solid #000000)]
    RenderBlock (anonymous) at (5,5) size 100x100
      RenderBlock {DIV} at (0,0) size 100x100 [bgcolor=#000000]
      RenderText {#text} at (0,0) size 0x0
    RenderBlock (anonymous) at (5,505) size 100x100
      RenderBlock {DIV} at (0,0) size 100x100 [bgcolor=#000000]
      RenderText {#text} at (0,0) size 0x0
layer at (137,131) size 100x400
  RenderBlock {DIV} at (-95,105) size 100x400
    RenderBlock {DIV} at (0,0) size 100x100 [bgcolor=#0000F0]
    RenderBlock {DIV} at (0,100) size 100x100 [bgcolor=#0000D0]
    RenderBlock {DIV} at (0,200) size 100x100 [bgcolor=#0000B0]
    RenderBlock {DIV} at (0,300) size 100x100 [bgcolor=#000090]
layer at (461,131) size 100x400
  RenderBlock (relative positioned) {DIV} at (-95,105) size 100x400
    RenderBlock {DIV} at (0,0) size 100x100 [bgcolor=#0000F0]
    RenderBlock {DIV} at (0,100) size 100x100 [bgcolor=#0000D0]
    RenderBlock {DIV} at (0,200) size 100x100 [bgcolor=#0000B0]
    RenderBlock {DIV} at (0,300) size 100x100 [bgcolor=#000090]
layer at (13,463) size 100x400 backgroundClip at (0,0) size 784x676 clip at (0,0) size 784x676 outlineClip at (0,0) size 784x676
  RenderBlock {DIV} at (5,105) size 100x400
    RenderBlock {DIV} at (0,0) size 100x100 [bgcolor=#0000F0]
    RenderBlock {DIV} at (0,100) size 100x100 [bgcolor=#0000D0]
    RenderBlock {DIV} at (0,200) size 100x100 [bgcolor=#0000B0]
    RenderBlock {DIV} at (0,300) size 100x100 [bgcolor=#000090]
