layer at (0,0) size 1287x672
  RenderView at (0,0) size 784x584
layer at (0,0) size 784x672
  RenderBlock {HTML} at (0,0) size 784x672
    RenderBody {BODY} at (8,8) size 768x656
      RenderBlock (anonymous) at (0,0) size 768x18
        RenderText {#text} at (0,0) size 90x17
          text run at (0,0) width 90: "LTR Version:"
      RenderBlock (anonymous) at (0,328) size 768x18
        RenderText {#text} at (0,0) size 90x17
          text run at (0,0) width 90: "RTL Version:"
layer at (8,26) size 768x310
  RenderBlock {DIV} at (0,18) size 768x310 [border: (5px solid #800000)]
    RenderBlock (anonymous) at (5,5) size 242x234
      RenderText {#text} at (0,0) size 109x17
        text run at (0,0) width 109: "This is some text"
      RenderBR {BR} at (108,14) size 1x0
      RenderText {#text} at (0,18) size 109x17
        text run at (0,18) width 109: "This is some text"
      RenderBR {BR} at (108,32) size 1x0
      RenderText {#text} at (0,36) size 109x17
        text run at (0,36) width 109: "This is some text"
      RenderBR {BR} at (108,50) size 1x0
      RenderText {#text} at (0,54) size 109x17
        text run at (0,54) width 109: "This is some text"
      RenderBR {BR} at (108,68) size 1x0
      RenderText {#text} at (0,72) size 109x17
        text run at (0,72) width 109: "This is some text"
      RenderBR {BR} at (108,86) size 1x0
      RenderText {#text} at (0,90) size 109x17
        text run at (0,90) width 109: "This is some text"
      RenderBR {BR} at (108,104) size 1x0
      RenderText {#text} at (0,108) size 109x17
        text run at (0,108) width 109: "This is some text"
      RenderBR {BR} at (108,122) size 1x0
      RenderText {#text} at (0,126) size 109x17
        text run at (0,126) width 109: "This is some text"
      RenderBR {BR} at (108,140) size 1x0
      RenderText {#text} at (0,144) size 109x17
        text run at (0,144) width 109: "This is some text"
      RenderBR {BR} at (108,158) size 1x0
      RenderText {#text} at (0,162) size 109x17
        text run at (0,162) width 109: "This is some text"
      RenderBR {BR} at (108,176) size 1x0
      RenderText {#text} at (0,180) size 109x17
        text run at (0,180) width 109: "This is some text"
      RenderBR {BR} at (108,194) size 1x0
      RenderText {#text} at (0,198) size 109x17
        text run at (0,198) width 109: "This is some text"
      RenderBR {BR} at (108,212) size 1x0
      RenderText {#text} at (0,216) size 109x17
        text run at (0,216) width 109: "This is some text"
      RenderBR {BR} at (108,230) size 1x0
    RenderBlock {DIV} at (5,305) size 242x270
      RenderText {#text} at (0,0) size 0x0
    RenderBlock (anonymous) at (5,575) size 242x528
      RenderText {#text} at (0,0) size 109x17
        text run at (0,0) width 109: "This is some text"
      RenderBR {BR} at (108,14) size 1x0
      RenderText {#text} at (0,30) size 109x17
        text run at (0,30) width 109: "This is some text"
      RenderBR {BR} at (108,44) size 1x0
      RenderText {#text} at (0,48) size 109x17
        text run at (0,48) width 109: "This is some text"
      RenderBR {BR} at (108,62) size 1x0
      RenderText {#text} at (0,66) size 109x17
        text run at (0,66) width 109: "This is some text"
      RenderBR {BR} at (108,80) size 1x0
      RenderText {#text} at (0,84) size 109x17
        text run at (0,84) width 109: "This is some text"
      RenderBR {BR} at (108,98) size 1x0
      RenderText {#text} at (0,102) size 109x17
        text run at (0,102) width 109: "This is some text"
      RenderBR {BR} at (108,116) size 1x0
      RenderText {#text} at (0,120) size 109x17
        text run at (0,120) width 109: "This is some text"
      RenderBR {BR} at (108,134) size 1x0
      RenderText {#text} at (0,138) size 109x17
        text run at (0,138) width 109: "This is some text"
      RenderBR {BR} at (108,152) size 1x0
      RenderText {#text} at (0,156) size 109x17
        text run at (0,156) width 109: "This is some text"
      RenderBR {BR} at (108,170) size 1x0
      RenderText {#text} at (0,174) size 109x17
        text run at (0,174) width 109: "This is some text"
      RenderBR {BR} at (108,188) size 1x0
      RenderText {#text} at (0,192) size 109x17
        text run at (0,192) width 109: "This is some text"
      RenderBR {BR} at (108,206) size 1x0
      RenderText {#text} at (0,210) size 109x17
        text run at (0,210) width 109: "This is some text"
      RenderBR {BR} at (108,224) size 1x0
      RenderText {#text} at (0,228) size 109x17
        text run at (0,228) width 109: "This is some text"
      RenderBR {BR} at (108,242) size 1x0
      RenderText {#text} at (0,246) size 109x17
        text run at (0,246) width 109: "This is some text"
      RenderBR {BR} at (108,260) size 1x0
      RenderText {#text} at (0,264) size 109x17
        text run at (0,264) width 109: "This is some text"
      RenderBR {BR} at (108,278) size 1x0
      RenderText {#text} at (0,282) size 109x17
        text run at (0,282) width 109: "This is some text"
      RenderBR {BR} at (108,296) size 1x0
      RenderText {#text} at (0,300) size 109x17
        text run at (0,300) width 109: "This is some text"
      RenderBR {BR} at (108,314) size 1x0
      RenderText {#text} at (0,330) size 109x17
        text run at (0,330) width 109: "This is some text"
      RenderBR {BR} at (108,344) size 1x0
      RenderText {#text} at (0,348) size 109x17
        text run at (0,348) width 109: "This is some text"
      RenderBR {BR} at (108,362) size 1x0
      RenderText {#text} at (0,366) size 109x17
        text run at (0,366) width 109: "This is some text"
      RenderBR {BR} at (108,380) size 1x0
      RenderText {#text} at (0,384) size 109x17
        text run at (0,384) width 109: "This is some text"
      RenderBR {BR} at (108,398) size 1x0
      RenderText {#text} at (0,402) size 109x17
        text run at (0,402) width 109: "This is some text"
      RenderBR {BR} at (108,416) size 1x0
      RenderText {#text} at (0,420) size 109x17
        text run at (0,420) width 109: "This is some text"
      RenderBR {BR} at (108,434) size 1x0
      RenderText {#text} at (0,438) size 109x17
        text run at (0,438) width 109: "This is some text"
      RenderBR {BR} at (108,452) size 1x0
      RenderText {#text} at (0,456) size 109x17
        text run at (0,456) width 109: "This is some text"
      RenderBR {BR} at (108,470) size 1x0
      RenderText {#text} at (0,474) size 109x17
        text run at (0,474) width 109: "This is some text"
      RenderBR {BR} at (108,488) size 1x0
      RenderText {#text} at (0,492) size 109x17
        text run at (0,492) width 109: "This is some text"
      RenderBR {BR} at (108,506) size 1x0
      RenderText {#text} at (0,0) size 0x0
    RenderBlock (anonymous) at (5,1121) size 242x264
      RenderText {#text} at (0,0) size 109x17
        text run at (0,0) width 109: "This is some text"
      RenderBR {BR} at (108,14) size 1x0
      RenderText {#text} at (0,18) size 109x17
        text run at (0,18) width 109: "This is some text"
      RenderBR {BR} at (108,32) size 1x0
      RenderText {#text} at (0,36) size 109x17
        text run at (0,36) width 109: "This is some text"
      RenderBR {BR} at (108,50) size 1x0
      RenderText {#text} at (0,54) size 109x17
        text run at (0,54) width 109: "This is some text"
      RenderBR {BR} at (108,68) size 1x0
      RenderText {#text} at (0,84) size 109x17
        text run at (0,84) width 109: "This is some text"
      RenderBR {BR} at (108,98) size 1x0
      RenderText {#text} at (0,102) size 109x17
        text run at (0,102) width 109: "This is some text"
      RenderBR {BR} at (108,116) size 1x0
      RenderText {#text} at (0,120) size 109x17
        text run at (0,120) width 109: "This is some text"
      RenderBR {BR} at (108,134) size 1x0
      RenderText {#text} at (0,138) size 109x17
        text run at (0,138) width 109: "This is some text"
      RenderBR {BR} at (108,152) size 1x0
      RenderText {#text} at (0,156) size 109x17
        text run at (0,156) width 109: "This is some text"
      RenderBR {BR} at (108,170) size 1x0
      RenderText {#text} at (0,174) size 109x17
        text run at (0,174) width 109: "This is some text"
      RenderBR {BR} at (108,188) size 1x0
      RenderText {#text} at (0,192) size 109x17
        text run at (0,192) width 109: "This is some text"
      RenderBR {BR} at (108,206) size 1x0
      RenderText {#text} at (0,210) size 109x17
        text run at (0,210) width 109: "This is some text"
      RenderBR {BR} at (108,224) size 1x0
      RenderText {#text} at (0,228) size 109x17
        text run at (0,228) width 109: "This is some text"
      RenderBR {BR} at (108,242) size 1x0
      RenderText {#text} at (0,246) size 109x17
        text run at (0,246) width 109: "This is some text"
      RenderBR {BR} at (108,260) size 1x0
layer at (8,354) size 768x310
  RenderBlock {DIV} at (0,346) size 768x310 [border: (5px solid #800000)]
    RenderBlock (anonymous) at (5,5) size 242x234
      RenderText {#text} at (133,0) size 109x17
        text run at (133,0) width 109: "This is some text"
      RenderBR {BR} at (133,14) size 1x0
      RenderText {#text} at (133,18) size 109x17
        text run at (133,18) width 109: "This is some text"
      RenderBR {BR} at (133,32) size 1x0
      RenderText {#text} at (133,36) size 109x17
        text run at (133,36) width 109: "This is some text"
      RenderBR {BR} at (133,50) size 1x0
      RenderText {#text} at (133,54) size 109x17
        text run at (133,54) width 109: "This is some text"
      RenderBR {BR} at (133,68) size 1x0
      RenderText {#text} at (133,72) size 109x17
        text run at (133,72) width 109: "This is some text"
      RenderBR {BR} at (133,86) size 1x0
      RenderText {#text} at (133,90) size 109x17
        text run at (133,90) width 109: "This is some text"
      RenderBR {BR} at (133,104) size 1x0
      RenderText {#text} at (133,108) size 109x17
        text run at (133,108) width 109: "This is some text"
      RenderBR {BR} at (133,122) size 1x0
      RenderText {#text} at (133,126) size 109x17
        text run at (133,126) width 109: "This is some text"
      RenderBR {BR} at (133,140) size 1x0
      RenderText {#text} at (133,144) size 109x17
        text run at (133,144) width 109: "This is some text"
      RenderBR {BR} at (133,158) size 1x0
      RenderText {#text} at (133,162) size 109x17
        text run at (133,162) width 109: "This is some text"
      RenderBR {BR} at (133,176) size 1x0
      RenderText {#text} at (133,180) size 109x17
        text run at (133,180) width 109: "This is some text"
      RenderBR {BR} at (133,194) size 1x0
      RenderText {#text} at (133,198) size 109x17
        text run at (133,198) width 109: "This is some text"
      RenderBR {BR} at (133,212) size 1x0
      RenderText {#text} at (133,216) size 109x17
        text run at (133,216) width 109: "This is some text"
      RenderBR {BR} at (133,230) size 1x0
    RenderBlock {DIV} at (5,305) size 242x270
      RenderText {#text} at (0,0) size 0x0
    RenderBlock (anonymous) at (5,575) size 242x528
      RenderText {#text} at (133,0) size 109x17
        text run at (133,0) width 109: "This is some text"
      RenderBR {BR} at (133,14) size 1x0
      RenderText {#text} at (133,30) size 109x17
        text run at (133,30) width 109: "This is some text"
      RenderBR {BR} at (133,44) size 1x0
      RenderText {#text} at (133,48) size 109x17
        text run at (133,48) width 109: "This is some text"
      RenderBR {BR} at (133,62) size 1x0
      RenderText {#text} at (133,66) size 109x17
        text run at (133,66) width 109: "This is some text"
      RenderBR {BR} at (133,80) size 1x0
      RenderText {#text} at (133,84) size 109x17
        text run at (133,84) width 109: "This is some text"
      RenderBR {BR} at (133,98) size 1x0
      RenderText {#text} at (133,102) size 109x17
        text run at (133,102) width 109: "This is some text"
      RenderBR {BR} at (133,116) size 1x0
      RenderText {#text} at (133,120) size 109x17
        text run at (133,120) width 109: "This is some text"
      RenderBR {BR} at (133,134) size 1x0
      RenderText {#text} at (133,138) size 109x17
        text run at (133,138) width 109: "This is some text"
      RenderBR {BR} at (133,152) size 1x0
      RenderText {#text} at (133,156) size 109x17
        text run at (133,156) width 109: "This is some text"
      RenderBR {BR} at (133,170) size 1x0
      RenderText {#text} at (133,174) size 109x17
        text run at (133,174) width 109: "This is some text"
      RenderBR {BR} at (133,188) size 1x0
      RenderText {#text} at (133,192) size 109x17
        text run at (133,192) width 109: "This is some text"
      RenderBR {BR} at (133,206) size 1x0
      RenderText {#text} at (133,210) size 109x17
        text run at (133,210) width 109: "This is some text"
      RenderBR {BR} at (133,224) size 1x0
      RenderText {#text} at (133,228) size 109x17
        text run at (133,228) width 109: "This is some text"
      RenderBR {BR} at (133,242) size 1x0
      RenderText {#text} at (133,246) size 109x17
        text run at (133,246) width 109: "This is some text"
      RenderBR {BR} at (133,260) size 1x0
      RenderText {#text} at (133,264) size 109x17
        text run at (133,264) width 109: "This is some text"
      RenderBR {BR} at (133,278) size 1x0
      RenderText {#text} at (133,282) size 109x17
        text run at (133,282) width 109: "This is some text"
      RenderBR {BR} at (133,296) size 1x0
      RenderText {#text} at (133,300) size 109x17
        text run at (133,300) width 109: "This is some text"
      RenderBR {BR} at (133,314) size 1x0
      RenderText {#text} at (133,330) size 109x17
        text run at (133,330) width 109: "This is some text"
      RenderBR {BR} at (133,344) size 1x0
      RenderText {#text} at (133,348) size 109x17
        text run at (133,348) width 109: "This is some text"
      RenderBR {BR} at (133,362) size 1x0
      RenderText {#text} at (133,366) size 109x17
        text run at (133,366) width 109: "This is some text"
      RenderBR {BR} at (133,380) size 1x0
      RenderText {#text} at (133,384) size 109x17
        text run at (133,384) width 109: "This is some text"
      RenderBR {BR} at (133,398) size 1x0
      RenderText {#text} at (133,402) size 109x17
        text run at (133,402) width 109: "This is some text"
      RenderBR {BR} at (133,416) size 1x0
      RenderText {#text} at (133,420) size 109x17
        text run at (133,420) width 109: "This is some text"
      RenderBR {BR} at (133,434) size 1x0
      RenderText {#text} at (133,438) size 109x17
        text run at (133,438) width 109: "This is some text"
      RenderBR {BR} at (133,452) size 1x0
      RenderText {#text} at (133,456) size 109x17
        text run at (133,456) width 109: "This is some text"
      RenderBR {BR} at (133,470) size 1x0
      RenderText {#text} at (133,474) size 109x17
        text run at (133,474) width 109: "This is some text"
      RenderBR {BR} at (133,488) size 1x0
      RenderText {#text} at (133,492) size 109x17
        text run at (133,492) width 109: "This is some text"
      RenderBR {BR} at (133,506) size 1x0
      RenderText {#text} at (0,0) size 0x0
    RenderBlock (anonymous) at (5,1121) size 242x264
      RenderText {#text} at (133,0) size 109x17
        text run at (133,0) width 109: "This is some text"
      RenderBR {BR} at (133,14) size 1x0
      RenderText {#text} at (133,18) size 109x17
        text run at (133,18) width 109: "This is some text"
      RenderBR {BR} at (133,32) size 1x0
      RenderText {#text} at (133,36) size 109x17
        text run at (133,36) width 109: "This is some text"
      RenderBR {BR} at (133,50) size 1x0
      RenderText {#text} at (133,54) size 109x17
        text run at (133,54) width 109: "This is some text"
      RenderBR {BR} at (133,68) size 1x0
      RenderText {#text} at (133,84) size 109x17
        text run at (133,84) width 109: "This is some text"
      RenderBR {BR} at (133,98) size 1x0
      RenderText {#text} at (133,102) size 109x17
        text run at (133,102) width 109: "This is some text"
      RenderBR {BR} at (133,116) size 1x0
      RenderText {#text} at (133,120) size 109x17
        text run at (133,120) width 109: "This is some text"
      RenderBR {BR} at (133,134) size 1x0
      RenderText {#text} at (133,138) size 109x17
        text run at (133,138) width 109: "This is some text"
      RenderBR {BR} at (133,152) size 1x0
      RenderText {#text} at (133,156) size 109x17
        text run at (133,156) width 109: "This is some text"
      RenderBR {BR} at (133,170) size 1x0
      RenderText {#text} at (133,174) size 109x17
        text run at (133,174) width 109: "This is some text"
      RenderBR {BR} at (133,188) size 1x0
      RenderText {#text} at (133,192) size 109x17
        text run at (133,192) width 109: "This is some text"
      RenderBR {BR} at (133,206) size 1x0
      RenderText {#text} at (133,210) size 109x17
        text run at (133,210) width 109: "This is some text"
      RenderBR {BR} at (133,224) size 1x0
      RenderText {#text} at (133,228) size 109x17
        text run at (133,228) width 109: "This is some text"
      RenderBR {BR} at (133,242) size 1x0
      RenderText {#text} at (133,246) size 109x17
        text run at (133,246) width 109: "This is some text"
      RenderBR {BR} at (133,260) size 1x0
layer at (13,331) size 100x270
  RenderBlock (relative positioned) {DIV} at (0,0) size 100x270 [bgcolor=#008000]
layer at (155,659) size 100x270 backgroundClip at (0,0) size 1287x672 clip at (0,0) size 1287x672 outlineClip at (0,0) size 1287x672
  RenderBlock (relative positioned) {DIV} at (142,0) size 100x270 [bgcolor=#008000]
