layer at (0,0) size 800x600
  RenderView at (0,0) size 800x600
layer at (0,0) size 800x600
  RenderBlock {HTML} at (0,0) size 800x600
    RenderBody {BODY} at (8,8) size 784x584
      RenderBlock (anonymous) at (0,0) size 784x72
        RenderText {#text} at (0,0) size 784x71
          text run at (0,0) width 439: "This is capturing current behavior, but it's not clear that it is correct. "
          text run at (438,0) width 299: "It's not clear if max-height on a columns block"
          text run at (0,18) width 299: "constitutes a constraint on the columns or not. "
          text run at (298,18) width 486: "You obviously begin trying to balance, but only run into the constraint once"
          text run at (0,36) width 296: "the balanced columns exceed the max-height. "
          text run at (295,36) width 334: "It's not clear that you should suddenly shift to a fill. "
          text run at (628,36) width 136: "Our current behavior"
          text run at (0,54) width 524: "(which matches Firefox) is to just overflow without changing from balance to fill."
layer at (8,80) size 404x64
  RenderBlock {DIV} at (0,72) size 404x64 [border: (2px solid #000000)]
    RenderText {#text} at (2,2) size 51x107
      text run at (2,2) width 43: "This"
      text run at (2,29) width 17: "is"
      text run at (2,56) width 51: "some"
      text run at (2,83) width 36: "text"
    RenderBR {BR} at (37,104) size 1x0
    RenderText {#text} at (2,110) size 51x107
      text run at (2,110) width 43: "This"
      text run at (2,137) width 17: "is"
      text run at (2,164) width 51: "some"
      text run at (2,191) width 36: "text"
    RenderBR {BR} at (37,212) size 1x0
    RenderText {#text} at (2,218) size 51x107
      text run at (2,218) width 43: "This"
      text run at (2,245) width 17: "is"
      text run at (2,272) width 51: "some"
      text run at (2,299) width 36: "text"
    RenderBR {BR} at (37,320) size 1x0
    RenderText {#text} at (2,326) size 51x107
      text run at (2,326) width 43: "This"
      text run at (2,353) width 17: "is"
      text run at (2,380) width 51: "some"
      text run at (2,407) width 36: "text"
    RenderBR {BR} at (37,428) size 1x0
    RenderText {#text} at (2,434) size 51x107
      text run at (2,434) width 43: "This"
      text run at (2,461) width 17: "is"
      text run at (2,488) width 51: "some"
      text run at (2,515) width 36: "text"
    RenderBR {BR} at (37,536) size 1x0
