layer at (0,0) size 800x600
  RenderView at (0,0) size 800x600
layer at (0,0) size 800x521
  RenderBlock {HTML} at (0,0) size 800x521
    RenderBody {BODY} at (8,8) size 784x505
layer at (8,8) size 506x505
  RenderBlock {DIV} at (0,0) size 506x505 [border: (3px solid #000000)]
    RenderBlock {DIV} at (3,3) size 158x1478
layer at (11,11) size 158x1478 backgroundClip at (11,11) size 158x589 clip at (11,11) size 158x589 outlineClip at (0,0) size 800x600
  RenderBlock {DIV} at (0,0) size 158x1478
    RenderText {#text} at (0,5) size 158x1468
      text run at (0,5) width 158: "Lorem ipsum dolor sit amet,"
      text run at (0,29) width 158: "consectetur adipiscing elit."
      text run at (0,53) width 158: "Nullam ornare, nunc eget"
      text run at (0,77) width 158: "condimentum tempor, augue"
      text run at (0,101) width 158: "ligula accumsan eros, sed"
      text run at (0,125) width 158: "consequat sapien orci id libero."
      text run at (0,149) width 158: "Curabitur tristique, augue in"
      text run at (0,173) width 158: "aliquet accumsan, nibh nisi"
      text run at (0,197) width 158: "lobortis odio, et suscipit est"
      text run at (0,221) width 158: "ligula eu nisi. Nunc aliquet"
      text run at (0,245) width 158: "lobortis porta. Donec venenatis"
      text run at (0,269) width 158: "consectetur eleifend. Etiam sed"
      text run at (0,293) width 158: "tempor quam. Pellentesque"
      text run at (0,317) width 158: "gravida gravida eros venenatis"
      text run at (0,341) width 158: "suscipit. Aenean diam enim,"
      text run at (0,365) width 158: "suscipit id pellentesque vel,"
      text run at (0,389) width 158: "hendrerit et metus. Suspendisse"
      text run at (0,413) width 158: "felis erat, hendrerit a congue in,"
      text run at (0,437) width 158: "euismod ac erat. Donec pulvinar"
      text run at (0,461) width 158: "venenatis tortor, a lobortis erat"
      text run at (0,504) width 158: "scelerisque et. Class aptent taciti"
      text run at (0,528) width 158: "sociosqu ad litora torquent per"
      text run at (0,552) width 158: "conubia nostra, per inceptos"
      text run at (0,576) width 158: "himenaeos. Aliquam in orci id"
      text run at (0,600) width 158: "felis mollis porta ac et orci."
      text run at (0,624) width 158: "Donec viverra, eros ac mattis"
      text run at (0,648) width 158: "dapibus, quam ante porta lectus,"
      text run at (0,672) width 158: "accumsan pellentesque nibh"
      text run at (0,696) width 158: "metus non felis. Vivamus sed"
      text run at (0,720) width 158: "eros quis magna scelerisque"
      text run at (0,744) width 117: "ultrices ac eget velit. "
      text run at (116,744) width 42: "Nunc et"
      text run at (0,768) width 158: "odio ut velit posuere viverra."
      text run at (0,792) width 158: "Integer eu mi quis velit dapibus"
      text run at (0,816) width 158: "tempus at ut purus. Quisque"
      text run at (0,840) width 158: "congue mollis mauris a"
      text run at (0,864) width 158: "hendrerit. Nam viverra est at"
      text run at (0,888) width 158: "orci interdum a ullamcorper mi"
      text run at (0,912) width 158: "dictum. In id sapien augue."
      text run at (0,936) width 158: "Suspendisse potenti. Vestibulum"
      text run at (0,960) width 158: "turpis purus, convallis ut sagittis"
      text run at (0,1003) width 158: "quis, semper vel mauris."
      text run at (0,1027) width 158: "Curabitur vitae felis turpis."
      text run at (0,1051) width 158: "Fusce augue nibh, consectetur"
      text run at (0,1075) width 158: "non vestibulum et, bibendum sit"
      text run at (0,1099) width 158: "amet lectus. Nulla at imperdiet"
      text run at (0,1123) width 158: "metus. Donec non est velit, non"
      text run at (0,1147) width 158: "fringilla ipsum. Fusce"
      text run at (0,1171) width 158: "elementum neque a nibh egestas"
      text run at (0,1195) width 158: "sodales. Mauris ut lorem"
      text run at (0,1219) width 158: "hendrerit metus interdum"
      text run at (0,1243) width 158: "malesuada. Nam tempus sodales"
      text run at (0,1267) width 158: "neque vitae bibendum."
      text run at (0,1291) width 158: "Vestibulum ac est sit amet dolor"
      text run at (0,1315) width 158: "vehicula semper at sed ante."
      text run at (0,1339) width 158: "Nunc at neque urna, in volutpat"
      text run at (0,1363) width 158: "orci. Praesent eu velit neque,"
      text run at (0,1387) width 158: "quis rutrum metus. Nunc eu"
      text run at (0,1411) width 158: "ipsum sit amet ligula mattis"
      text run at (0,1435) width 158: "porttitor sit amet id felis. Integer"
      text run at (0,1459) width 158: "volutpat aliquam odio et feugiat."
