layer at (0,0) size 800x600
  RenderView at (0,0) size 800x600
layer at (0,0) size 800x600
  RenderBlock {HTML} at (0,0) size 800x600
    RenderBody {BODY} at (8,8) size 784x584
layer at (8,8) size 506x505
  RenderBlock {DIV} at (0,0) size 506x505 [border: (3px solid #000000)]
    RenderBlock (anonymous) at (3,3) size 158x360
      RenderText {#text} at (0,5) size 158x350
        text run at (0,5) width 158: "Lorem ipsum dolor sit amet,"
        text run at (0,29) width 158: "consectetur adipiscing elit."
        text run at (0,53) width 158: "Nullam ornare, nunc eget"
        text run at (0,77) width 158: "condimentum tempor, augue"
        text run at (0,101) width 158: "ligula accumsan eros, sed"
        text run at (0,125) width 158: "consequat sapien orci id libero."
        text run at (0,149) width 158: "Curabitur tristique, augue in"
        text run at (0,173) width 158: "aliquet accumsan, nibh nisi"
        text run at (0,197) width 158: "lobortis odio, et suscipit est"
        text run at (0,221) width 158: "ligula eu nisi. Nunc aliquet"
        text run at (0,245) width 158: "lobortis porta. Donec venenatis"
        text run at (0,269) width 158: "consectetur eleifend. Etiam sed"
        text run at (0,293) width 158: "tempor quam. Pellentesque"
        text run at (0,317) width 158: "gravida gravida eros venenatis"
        text run at (0,341) width 40: "suscipit."
    RenderBlock (anonymous) at (3,806) size 158x718
      RenderText {#text} at (0,5) size 158x708
        text run at (0,5) width 158: "Nunc et odio ut velit posuere"
        text run at (0,29) width 158: "viverra. Integer eu mi quis velit"
        text run at (0,53) width 158: "dapibus tempus at ut purus."
        text run at (0,77) width 158: "Quisque congue mollis mauris a"
        text run at (0,101) width 158: "hendrerit. Nam viverra est at"
        text run at (0,125) width 158: "orci interdum a ullamcorper mi"
        text run at (0,149) width 158: "dictum. In id sapien augue."
        text run at (0,173) width 158: "Suspendisse potenti. Vestibulum"
        text run at (0,200) width 158: "turpis purus, convallis ut sagittis"
        text run at (0,224) width 158: "quis, semper vel mauris."
        text run at (0,248) width 158: "Curabitur vitae felis turpis."
        text run at (0,272) width 158: "Fusce augue nibh, consectetur"
        text run at (0,296) width 158: "non vestibulum et, bibendum sit"
        text run at (0,320) width 158: "amet lectus. Nulla at imperdiet"
        text run at (0,344) width 158: "metus. Donec non est velit, non"
        text run at (0,368) width 158: "fringilla ipsum. Fusce"
        text run at (0,392) width 158: "elementum neque a nibh egestas"
        text run at (0,416) width 158: "sodales. Mauris ut lorem"
        text run at (0,440) width 158: "hendrerit metus interdum"
        text run at (0,464) width 158: "malesuada. Nam tempus sodales"
        text run at (0,488) width 158: "neque vitae bibendum."
        text run at (0,512) width 158: "Vestibulum ac est sit amet dolor"
        text run at (0,536) width 158: "vehicula semper at sed ante."
        text run at (0,560) width 158: "Nunc at neque urna, in volutpat"
        text run at (0,584) width 158: "orci. Praesent eu velit neque,"
        text run at (0,608) width 158: "quis rutrum metus. Nunc eu"
        text run at (0,632) width 158: "ipsum sit amet ligula mattis"
        text run at (0,656) width 158: "porttitor sit amet id felis. Integer"
        text run at (0,699) width 158: "volutpat aliquam odio et feugiat."
layer at (11,510) size 158x304 backgroundClip at (11,510) size 158x90 clip at (13,512) size 138x88 outlineClip at (0,0) size 800x600 scrollHeight 480
  RenderBlock {DIV} at (3,502) size 158x304 [border: (2px solid #000000)]
    RenderText {#text} at (2,7) size 138x470
      text run at (2,7) width 138: "Aenean diam enim, suscipit"
      text run at (2,31) width 138: "id pellentesque vel,"
      text run at (2,55) width 138: "hendrerit et metus."
      text run at (2,79) width 138: "Suspendisse felis erat,"
      text run at (2,103) width 138: "hendrerit a congue in,"
      text run at (2,127) width 138: "euismod ac erat. Donec"
      text run at (2,151) width 138: "pulvinar venenatis tortor, a"
      text run at (2,175) width 138: "lobortis erat scelerisque et."
      text run at (2,199) width 138: "Class aptent taciti sociosqu"
      text run at (2,223) width 138: "ad litora torquent per"
      text run at (2,247) width 138: "conubia nostra, per inceptos"
      text run at (2,271) width 138: "himenaeos. Aliquam in orci"
      text run at (2,295) width 138: "id felis mollis porta ac et"
      text run at (2,319) width 138: "orci. Donec viverra, eros ac"
      text run at (2,343) width 138: "mattis dapibus, quam ante"
      text run at (2,367) width 138: "porta lectus, accumsan"
      text run at (2,391) width 138: "pellentesque nibh metus non"
      text run at (2,415) width 138: "felis. Vivamus sed eros quis"
      text run at (2,439) width 138: "magna scelerisque ultrices"
      text run at (2,463) width 61: "ac eget velit."
