layer at (0,0) size 1586x584
  RenderView at (0,0) size 800x584
layer at (0,0) size 800x584
  RenderBlock {HTML} at (0,0) size 800x584
    RenderBody {BODY} at (8,8) size 784x568
layer at (8,8) size 784x404
  RenderBlock {DIV} at (0,0) size 784x404 [border: (2px solid #000000)]
    RenderBlock (anonymous) at (2,2) size 382x180
      RenderText {#text} at (0,0) size 113x17
        text run at (0,0) width 113: "This is some text."
      RenderBR {BR} at (112,14) size 1x0
      RenderText {#text} at (0,18) size 113x17
        text run at (0,18) width 113: "This is some text."
      RenderBR {BR} at (112,32) size 1x0
      RenderText {#text} at (0,36) size 113x17
        text run at (0,36) width 113: "This is some text."
      RenderBR {BR} at (112,50) size 1x0
      RenderText {#text} at (0,54) size 113x17
        text run at (0,54) width 113: "This is some text."
      RenderBR {BR} at (112,68) size 1x0
      RenderText {#text} at (0,72) size 113x17
        text run at (0,72) width 113: "This is some text."
      RenderBR {BR} at (112,86) size 1x0
      RenderText {#text} at (0,90) size 113x17
        text run at (0,90) width 113: "This is some text."
      RenderBR {BR} at (112,104) size 1x0
      RenderText {#text} at (0,108) size 113x17
        text run at (0,108) width 113: "This is some text."
      RenderBR {BR} at (112,122) size 1x0
      RenderText {#text} at (0,126) size 113x17
        text run at (0,126) width 113: "This is some text."
      RenderBR {BR} at (112,140) size 1x0
      RenderText {#text} at (0,144) size 113x17
        text run at (0,144) width 113: "This is some text."
      RenderBR {BR} at (112,158) size 1x0
      RenderText {#text} at (0,162) size 113x17
        text run at (0,162) width 113: "This is some text."
      RenderBR {BR} at (112,176) size 1x0
    RenderImage {IMG} at (2,402) size 250x300 [bgcolor=#008000]
    RenderBlock (anonymous) at (2,702) size 382x554
      RenderText {#text} at (0,0) size 113x17
        text run at (0,0) width 113: "This is some text."
      RenderBR {BR} at (112,14) size 1x0
      RenderText {#text} at (0,18) size 113x17
        text run at (0,18) width 113: "This is some text."
      RenderBR {BR} at (112,32) size 1x0
      RenderText {#text} at (0,36) size 113x17
        text run at (0,36) width 113: "This is some text."
      RenderBR {BR} at (112,50) size 1x0
      RenderText {#text} at (0,54) size 113x17
        text run at (0,54) width 113: "This is some text."
      RenderBR {BR} at (112,68) size 1x0
      RenderText {#text} at (0,72) size 113x17
        text run at (0,72) width 113: "This is some text."
      RenderBR {BR} at (112,86) size 1x0
      RenderText {#text} at (0,100) size 113x17
        text run at (0,100) width 113: "This is some text."
      RenderBR {BR} at (112,114) size 1x0
      RenderText {#text} at (0,118) size 113x17
        text run at (0,118) width 113: "This is some text."
      RenderBR {BR} at (112,132) size 1x0
      RenderText {#text} at (0,136) size 113x17
        text run at (0,136) width 113: "This is some text."
      RenderBR {BR} at (112,150) size 1x0
      RenderText {#text} at (0,154) size 113x17
        text run at (0,154) width 113: "This is some text."
      RenderBR {BR} at (112,168) size 1x0
      RenderText {#text} at (0,172) size 113x17
        text run at (0,172) width 113: "This is some text."
      RenderBR {BR} at (112,186) size 1x0
      RenderText {#text} at (0,190) size 113x17
        text run at (0,190) width 113: "This is some text."
      RenderBR {BR} at (112,204) size 1x0
      RenderText {#text} at (0,208) size 113x17
        text run at (0,208) width 113: "This is some text."
      RenderBR {BR} at (112,222) size 1x0
      RenderText {#text} at (0,226) size 113x17
        text run at (0,226) width 113: "This is some text."
      RenderBR {BR} at (112,240) size 1x0
      RenderText {#text} at (0,244) size 113x17
        text run at (0,244) width 113: "This is some text."
      RenderBR {BR} at (112,258) size 1x0
      RenderText {#text} at (0,262) size 113x17
        text run at (0,262) width 113: "This is some text."
      RenderBR {BR} at (112,276) size 1x0
      RenderText {#text} at (0,280) size 113x17
        text run at (0,280) width 113: "This is some text."
      RenderBR {BR} at (112,294) size 1x0
      RenderText {#text} at (0,298) size 113x17
        text run at (0,298) width 113: "This is some text."
      RenderBR {BR} at (112,312) size 1x0
      RenderText {#text} at (0,316) size 113x17
        text run at (0,316) width 113: "This is some text."
      RenderBR {BR} at (112,330) size 1x0
      RenderText {#text} at (0,334) size 113x17
        text run at (0,334) width 113: "This is some text."
      RenderBR {BR} at (112,348) size 1x0
      RenderText {#text} at (0,352) size 113x17
        text run at (0,352) width 113: "This is some text."
      RenderBR {BR} at (112,366) size 1x0
      RenderText {#text} at (0,370) size 113x17
        text run at (0,370) width 113: "This is some text."
      RenderBR {BR} at (112,384) size 1x0
      RenderText {#text} at (0,388) size 113x17
        text run at (0,388) width 113: "This is some text."
      RenderBR {BR} at (112,402) size 1x0
      RenderText {#text} at (0,406) size 113x17
        text run at (0,406) width 113: "This is some text."
      RenderBR {BR} at (112,420) size 1x0
      RenderText {#text} at (0,424) size 113x17
        text run at (0,424) width 113: "This is some text."
      RenderBR {BR} at (112,438) size 1x0
      RenderText {#text} at (0,442) size 113x17
        text run at (0,442) width 113: "This is some text."
      RenderBR {BR} at (112,456) size 1x0
      RenderText {#text} at (0,460) size 113x17
        text run at (0,460) width 113: "This is some text."
      RenderBR {BR} at (112,474) size 1x0
      RenderText {#text} at (0,478) size 113x17
        text run at (0,478) width 113: "This is some text."
      RenderBR {BR} at (112,492) size 1x0
      RenderText {#text} at (0,500) size 113x17
        text run at (0,500) width 113: "This is some text."
      RenderBR {BR} at (112,514) size 1x0
      RenderText {#text} at (0,518) size 113x17
        text run at (0,518) width 113: "This is some text."
      RenderBR {BR} at (112,532) size 1x0
      RenderText {#text} at (0,536) size 113x17
        text run at (0,536) width 113: "This is some text."
      RenderBR {BR} at (112,550) size 1x0
