layer at (0,0) size 1117x584
  RenderView at (0,0) size 800x584
layer at (0,0) size 800x584
  RenderBlock {HTML} at (0,0) size 800x584
    RenderBody {BODY} at (8,8) size 784x568
layer at (8,8) size 109x300
  RenderBlock (positioned) {DIV} at (8,8) size 109x300 [bgcolor=#00FF00]
    RenderText {#text} at (0,0) size 109x17
      text run at (0,0) width 109: "This is some text"
    RenderBR {BR} at (108,14) size 1x0
    RenderText {#text} at (0,18) size 109x17
      text run at (0,18) width 109: "This is some text"
    RenderBR {BR} at (108,32) size 1x0
    RenderText {#text} at (0,36) size 109x17
      text run at (0,36) width 109: "This is some text"
    RenderBR {BR} at (108,50) size 1x0
    RenderText {#text} at (0,54) size 109x17
      text run at (0,54) width 109: "This is some text"
    RenderBR {BR} at (108,68) size 1x0
    RenderText {#text} at (0,72) size 109x17
      text run at (0,72) width 109: "This is some text"
    RenderBR {BR} at (108,86) size 1x0
    RenderText {#text} at (0,90) size 109x17
      text run at (0,90) width 109: "This is some text"
    RenderBR {BR} at (108,104) size 1x0
    RenderText {#text} at (0,108) size 109x17
      text run at (0,108) width 109: "This is some text"
    RenderBR {BR} at (108,122) size 1x0
    RenderText {#text} at (0,126) size 109x17
      text run at (0,126) width 109: "This is some text"
    RenderBR {BR} at (108,140) size 1x0
    RenderText {#text} at (0,144) size 109x17
      text run at (0,144) width 109: "This is some text"
    RenderBR {BR} at (108,158) size 1x0
    RenderText {#text} at (0,162) size 109x17
      text run at (0,162) width 109: "This is some text"
    RenderBR {BR} at (108,176) size 1x0
    RenderText {#text} at (0,180) size 109x17
      text run at (0,180) width 109: "This is some text"
    RenderBR {BR} at (108,194) size 1x0
    RenderText {#text} at (0,198) size 109x17
      text run at (0,198) width 109: "This is some text"
    RenderBR {BR} at (108,212) size 1x0
    RenderText {#text} at (0,216) size 109x17
      text run at (0,216) width 109: "This is some text"
    RenderBR {BR} at (108,230) size 1x0
    RenderText {#text} at (0,234) size 109x17
      text run at (0,234) width 109: "This is some text"
    RenderBR {BR} at (108,248) size 1x0
    RenderText {#text} at (0,252) size 109x17
      text run at (0,252) width 109: "This is some text"
    RenderBR {BR} at (108,266) size 1x0
    RenderText {#text} at (0,270) size 109x17
      text run at (0,270) width 109: "This is some text"
    RenderBR {BR} at (108,284) size 1x0
    RenderText {#text} at (0,300) size 109x17
      text run at (0,300) width 109: "This is some text"
    RenderBR {BR} at (108,314) size 1x0
    RenderText {#text} at (0,318) size 109x17
      text run at (0,318) width 109: "This is some text"
    RenderBR {BR} at (108,332) size 1x0
    RenderText {#text} at (0,336) size 109x17
      text run at (0,336) width 109: "This is some text"
    RenderBR {BR} at (108,350) size 1x0
    RenderText {#text} at (0,354) size 109x17
      text run at (0,354) width 109: "This is some text"
    RenderBR {BR} at (108,368) size 1x0
    RenderText {#text} at (0,372) size 109x17
      text run at (0,372) width 109: "This is some text"
    RenderBR {BR} at (108,386) size 1x0
    RenderText {#text} at (0,390) size 109x17
      text run at (0,390) width 109: "This is some text"
    RenderBR {BR} at (108,404) size 1x0
    RenderText {#text} at (0,408) size 109x17
      text run at (0,408) width 109: "This is some text"
    RenderBR {BR} at (108,422) size 1x0
    RenderText {#text} at (0,426) size 109x17
      text run at (0,426) width 109: "This is some text"
    RenderBR {BR} at (108,440) size 1x0
    RenderText {#text} at (0,444) size 109x17
      text run at (0,444) width 109: "This is some text"
    RenderBR {BR} at (108,458) size 1x0
    RenderText {#text} at (0,462) size 109x17
      text run at (0,462) width 109: "This is some text"
    RenderBR {BR} at (108,476) size 1x0
    RenderText {#text} at (0,480) size 109x17
      text run at (0,480) width 109: "This is some text"
    RenderBR {BR} at (108,494) size 1x0
    RenderText {#text} at (0,498) size 109x17
      text run at (0,498) width 109: "This is some text"
    RenderBR {BR} at (108,512) size 1x0
    RenderText {#text} at (0,516) size 109x17
      text run at (0,516) width 109: "This is some text"
    RenderBR {BR} at (108,530) size 1x0
    RenderText {#text} at (0,534) size 109x17
      text run at (0,534) width 109: "This is some text"
    RenderBR {BR} at (108,548) size 1x0
    RenderText {#text} at (0,552) size 109x17
      text run at (0,552) width 109: "This is some text"
    RenderBR {BR} at (108,566) size 1x0
    RenderText {#text} at (0,570) size 109x17
      text run at (0,570) width 109: "This is some text"
    RenderBR {BR} at (108,584) size 1x0
    RenderText {#text} at (0,600) size 109x17
      text run at (0,600) width 109: "This is some text"
    RenderBR {BR} at (108,614) size 1x0
    RenderText {#text} at (0,618) size 109x17
      text run at (0,618) width 109: "This is some text"
    RenderBR {BR} at (108,632) size 1x0
    RenderText {#text} at (0,636) size 109x17
      text run at (0,636) width 109: "This is some text"
    RenderBR {BR} at (108,650) size 1x0
    RenderText {#text} at (0,654) size 109x17
      text run at (0,654) width 109: "This is some text"
    RenderBR {BR} at (108,668) size 1x0
    RenderText {#text} at (0,672) size 109x17
      text run at (0,672) width 109: "This is some text"
    RenderBR {BR} at (108,686) size 1x0
    RenderText {#text} at (0,690) size 109x17
      text run at (0,690) width 109: "This is some text"
    RenderBR {BR} at (108,704) size 1x0
    RenderText {#text} at (0,708) size 109x17
      text run at (0,708) width 109: "This is some text"
    RenderBR {BR} at (108,722) size 1x0
    RenderText {#text} at (0,726) size 109x17
      text run at (0,726) width 109: "This is some text"
    RenderBR {BR} at (108,740) size 1x0
    RenderText {#text} at (0,744) size 109x17
      text run at (0,744) width 109: "This is some text"
    RenderBR {BR} at (108,758) size 1x0
    RenderText {#text} at (0,762) size 109x17
      text run at (0,762) width 109: "This is some text"
    RenderBR {BR} at (108,776) size 1x0
    RenderText {#text} at (0,780) size 109x17
      text run at (0,780) width 109: "This is some text"
    RenderBR {BR} at (108,794) size 1x0
    RenderText {#text} at (0,798) size 109x17
      text run at (0,798) width 109: "This is some text"
    RenderBR {BR} at (108,812) size 1x0
    RenderText {#text} at (0,816) size 109x17
      text run at (0,816) width 109: "This is some text"
    RenderBR {BR} at (108,830) size 1x0
    RenderText {#text} at (0,834) size 109x17
      text run at (0,834) width 109: "This is some text"
    RenderBR {BR} at (108,848) size 1x0
    RenderText {#text} at (0,852) size 109x17
      text run at (0,852) width 109: "This is some text"
    RenderBR {BR} at (108,866) size 1x0
    RenderText {#text} at (0,870) size 109x17
      text run at (0,870) width 109: "This is some text"
    RenderBR {BR} at (108,884) size 1x0
    RenderText {#text} at (0,900) size 109x17
      text run at (0,900) width 109: "This is some text"
    RenderBR {BR} at (108,914) size 1x0
    RenderText {#text} at (0,918) size 109x17
      text run at (0,918) width 109: "This is some text"
    RenderBR {BR} at (108,932) size 1x0
    RenderText {#text} at (0,936) size 109x17
      text run at (0,936) width 109: "This is some text"
    RenderBR {BR} at (108,950) size 1x0
    RenderText {#text} at (0,954) size 109x17
      text run at (0,954) width 109: "This is some text"
    RenderBR {BR} at (108,968) size 1x0
    RenderText {#text} at (0,972) size 109x17
      text run at (0,972) width 109: "This is some text"
    RenderBR {BR} at (108,986) size 1x0
    RenderText {#text} at (0,990) size 109x17
      text run at (0,990) width 109: "This is some text"
    RenderBR {BR} at (108,1004) size 1x0
    RenderText {#text} at (0,1008) size 109x17
      text run at (0,1008) width 109: "This is some text"
    RenderBR {BR} at (108,1022) size 1x0
    RenderText {#text} at (0,1026) size 109x17
      text run at (0,1026) width 109: "This is some text"
    RenderBR {BR} at (108,1040) size 1x0
    RenderText {#text} at (0,1044) size 109x17
      text run at (0,1044) width 109: "This is some text"
    RenderBR {BR} at (108,1058) size 1x0
    RenderText {#text} at (0,1062) size 109x17
      text run at (0,1062) width 109: "This is some text"
    RenderBR {BR} at (108,1076) size 1x0
    RenderText {#text} at (0,1080) size 109x17
      text run at (0,1080) width 109: "This is some text"
    RenderBR {BR} at (108,1094) size 1x0
    RenderText {#text} at (0,1098) size 109x17
      text run at (0,1098) width 109: "This is some text"
    RenderBR {BR} at (108,1112) size 1x0
    RenderText {#text} at (0,1116) size 109x17
      text run at (0,1116) width 109: "This is some text"
    RenderBR {BR} at (108,1130) size 1x0
    RenderText {#text} at (0,1134) size 109x17
      text run at (0,1134) width 109: "This is some text"
    RenderBR {BR} at (108,1148) size 1x0
    RenderText {#text} at (0,1152) size 109x17
      text run at (0,1152) width 109: "This is some text"
    RenderBR {BR} at (108,1166) size 1x0
    RenderText {#text} at (0,1170) size 109x17
      text run at (0,1170) width 109: "This is some text"
    RenderBR {BR} at (108,1184) size 1x0
    RenderText {#text} at (0,1200) size 109x17
      text run at (0,1200) width 109: "This is some text"
    RenderBR {BR} at (108,1214) size 1x0
    RenderText {#text} at (0,1218) size 109x17
      text run at (0,1218) width 109: "This is some text"
    RenderBR {BR} at (108,1232) size 1x0
    RenderText {#text} at (0,1236) size 109x17
      text run at (0,1236) width 109: "This is some text"
    RenderBR {BR} at (108,1250) size 1x0
    RenderText {#text} at (0,1254) size 109x17
      text run at (0,1254) width 109: "This is some text"
    RenderBR {BR} at (108,1268) size 1x0
    RenderText {#text} at (0,1272) size 109x17
      text run at (0,1272) width 109: "This is some text"
    RenderBR {BR} at (108,1286) size 1x0
    RenderText {#text} at (0,1290) size 109x17
      text run at (0,1290) width 109: "This is some text"
    RenderBR {BR} at (108,1304) size 1x0
    RenderText {#text} at (0,1308) size 109x17
      text run at (0,1308) width 109: "This is some text"
    RenderBR {BR} at (108,1322) size 1x0
    RenderText {#text} at (0,1326) size 109x17
      text run at (0,1326) width 109: "This is some text"
    RenderBR {BR} at (108,1340) size 1x0
    RenderText {#text} at (0,1344) size 109x17
      text run at (0,1344) width 109: "This is some text"
    RenderBR {BR} at (108,1358) size 1x0
    RenderText {#text} at (0,1362) size 109x17
      text run at (0,1362) width 109: "This is some text"
    RenderBR {BR} at (108,1376) size 1x0
    RenderText {#text} at (0,1380) size 109x17
      text run at (0,1380) width 109: "This is some text"
    RenderBR {BR} at (108,1394) size 1x0
    RenderText {#text} at (0,1398) size 109x17
      text run at (0,1398) width 109: "This is some text"
    RenderBR {BR} at (108,1412) size 1x0
    RenderText {#text} at (0,1416) size 109x17
      text run at (0,1416) width 109: "This is some text"
    RenderBR {BR} at (108,1430) size 1x0
    RenderText {#text} at (0,1434) size 109x17
      text run at (0,1434) width 109: "This is some text"
    RenderBR {BR} at (108,1448) size 1x0
    RenderText {#text} at (0,1452) size 109x17
      text run at (0,1452) width 109: "This is some text"
    RenderBR {BR} at (108,1466) size 1x0
    RenderText {#text} at (0,1470) size 109x17
      text run at (0,1470) width 109: "This is some text"
    RenderBR {BR} at (108,1484) size 1x0
    RenderText {#text} at (0,1500) size 109x17
      text run at (0,1500) width 109: "This is some text"
    RenderBR {BR} at (108,1514) size 1x0
    RenderText {#text} at (0,1518) size 109x17
      text run at (0,1518) width 109: "This is some text"
    RenderBR {BR} at (108,1532) size 1x0
    RenderText {#text} at (0,1536) size 109x17
      text run at (0,1536) width 109: "This is some text"
    RenderBR {BR} at (108,1550) size 1x0
    RenderText {#text} at (0,1554) size 109x17
      text run at (0,1554) width 109: "This is some text"
    RenderBR {BR} at (108,1568) size 1x0
    RenderText {#text} at (0,1572) size 109x17
      text run at (0,1572) width 109: "This is some text"
    RenderBR {BR} at (108,1586) size 1x0
    RenderText {#text} at (0,1590) size 109x17
      text run at (0,1590) width 109: "This is some text"
    RenderBR {BR} at (108,1604) size 1x0
    RenderText {#text} at (0,1608) size 109x17
      text run at (0,1608) width 109: "This is some text"
    RenderBR {BR} at (108,1622) size 1x0
    RenderText {#text} at (0,1626) size 109x17
      text run at (0,1626) width 109: "This is some text"
    RenderBR {BR} at (108,1640) size 1x0
    RenderText {#text} at (0,1644) size 109x17
      text run at (0,1644) width 109: "This is some text"
    RenderBR {BR} at (108,1658) size 1x0
    RenderText {#text} at (0,1662) size 109x17
      text run at (0,1662) width 109: "This is some text"
    RenderBR {BR} at (108,1676) size 1x0
    RenderText {#text} at (0,1680) size 109x17
      text run at (0,1680) width 109: "This is some text"
    RenderBR {BR} at (108,1694) size 1x0
    RenderText {#text} at (0,1698) size 109x17
      text run at (0,1698) width 109: "This is some text"
    RenderBR {BR} at (108,1712) size 1x0
    RenderText {#text} at (0,1716) size 109x17
      text run at (0,1716) width 109: "This is some text"
    RenderBR {BR} at (108,1730) size 1x0
    RenderText {#text} at (0,1734) size 109x17
      text run at (0,1734) width 109: "This is some text"
    RenderBR {BR} at (108,1748) size 1x0
    RenderText {#text} at (0,1752) size 109x17
      text run at (0,1752) width 109: "This is some text"
    RenderBR {BR} at (108,1766) size 1x0
    RenderText {#text} at (0,1770) size 109x17
      text run at (0,1770) width 109: "This is some text"
    RenderBR {BR} at (108,1784) size 1x0
    RenderText {#text} at (0,1800) size 109x17
      text run at (0,1800) width 109: "This is some text"
    RenderBR {BR} at (108,1814) size 1x0
    RenderText {#text} at (0,1818) size 109x17
      text run at (0,1818) width 109: "This is some text"
    RenderBR {BR} at (108,1832) size 1x0
    RenderText {#text} at (0,1836) size 109x17
      text run at (0,1836) width 109: "This is some text"
    RenderBR {BR} at (108,1850) size 1x0
    RenderText {#text} at (0,1854) size 109x17
      text run at (0,1854) width 109: "This is some text"
    RenderBR {BR} at (108,1868) size 1x0
    RenderText {#text} at (0,1872) size 109x17
      text run at (0,1872) width 109: "This is some text"
    RenderBR {BR} at (108,1886) size 1x0
    RenderText {#text} at (0,1890) size 109x17
      text run at (0,1890) width 109: "This is some text"
    RenderBR {BR} at (108,1904) size 1x0
    RenderText {#text} at (0,1908) size 109x17
      text run at (0,1908) width 109: "This is some text"
    RenderBR {BR} at (108,1922) size 1x0
    RenderText {#text} at (0,1926) size 109x17
      text run at (0,1926) width 109: "This is some text"
    RenderBR {BR} at (108,1940) size 1x0
    RenderText {#text} at (0,1944) size 109x17
      text run at (0,1944) width 109: "This is some text"
    RenderBR {BR} at (108,1958) size 1x0
    RenderText {#text} at (0,1962) size 109x17
      text run at (0,1962) width 109: "This is some text"
    RenderBR {BR} at (108,1976) size 1x0
    RenderText {#text} at (0,1980) size 109x17
      text run at (0,1980) width 109: "This is some text"
    RenderBR {BR} at (108,1994) size 1x0
    RenderText {#text} at (0,1998) size 109x17
      text run at (0,1998) width 109: "This is some text"
    RenderBR {BR} at (108,2012) size 1x0
    RenderText {#text} at (0,2016) size 109x17
      text run at (0,2016) width 109: "This is some text"
    RenderBR {BR} at (108,2030) size 1x0
    RenderText {#text} at (0,2034) size 109x17
      text run at (0,2034) width 109: "This is some text"
    RenderBR {BR} at (108,2048) size 1x0
    RenderText {#text} at (0,2052) size 109x17
      text run at (0,2052) width 109: "This is some text"
    RenderBR {BR} at (108,2066) size 1x0
    RenderText {#text} at (0,2070) size 109x17
      text run at (0,2070) width 109: "This is some text"
    RenderBR {BR} at (108,2084) size 1x0
    RenderText {#text} at (0,2100) size 109x17
      text run at (0,2100) width 109: "This is some text"
    RenderBR {BR} at (108,2114) size 1x0
    RenderText {#text} at (0,2118) size 109x17
      text run at (0,2118) width 109: "This is some text"
    RenderBR {BR} at (108,2132) size 1x0
    RenderText {#text} at (0,2136) size 109x17
      text run at (0,2136) width 109: "This is some text"
    RenderBR {BR} at (108,2150) size 1x0
    RenderText {#text} at (0,2154) size 109x17
      text run at (0,2154) width 109: "This is some text"
    RenderBR {BR} at (108,2168) size 1x0
    RenderText {#text} at (0,2172) size 109x17
      text run at (0,2172) width 109: "This is some text"
    RenderBR {BR} at (108,2186) size 1x0
    RenderText {#text} at (0,2190) size 109x17
      text run at (0,2190) width 109: "This is some text"
    RenderBR {BR} at (108,2204) size 1x0
    RenderText {#text} at (0,2208) size 109x17
      text run at (0,2208) width 109: "This is some text"
    RenderBR {BR} at (108,2222) size 1x0
    RenderText {#text} at (0,2226) size 109x17
      text run at (0,2226) width 109: "This is some text"
    RenderBR {BR} at (108,2240) size 1x0
    RenderText {#text} at (0,2244) size 109x17
      text run at (0,2244) width 109: "This is some text"
    RenderBR {BR} at (108,2258) size 1x0
    RenderText {#text} at (0,2262) size 109x17
      text run at (0,2262) width 109: "This is some text"
    RenderBR {BR} at (108,2276) size 1x0
    RenderText {#text} at (0,2280) size 109x17
      text run at (0,2280) width 109: "This is some text"
    RenderBR {BR} at (108,2294) size 1x0
    RenderText {#text} at (0,2298) size 109x17
      text run at (0,2298) width 109: "This is some text"
    RenderBR {BR} at (108,2312) size 1x0
    RenderText {#text} at (0,2316) size 109x17
      text run at (0,2316) width 109: "This is some text"
    RenderBR {BR} at (108,2330) size 1x0
    RenderText {#text} at (0,2334) size 109x17
      text run at (0,2334) width 109: "This is some text"
    RenderBR {BR} at (108,2348) size 1x0
    RenderText {#text} at (0,2352) size 109x17
      text run at (0,2352) width 109: "This is some text"
    RenderBR {BR} at (108,2366) size 1x0
    RenderText {#text} at (0,2370) size 109x17
      text run at (0,2370) width 109: "This is some text"
    RenderBR {BR} at (108,2384) size 1x0
    RenderText {#text} at (0,2400) size 109x17
      text run at (0,2400) width 109: "This is some text"
    RenderBR {BR} at (108,2414) size 1x0
    RenderText {#text} at (0,2418) size 109x17
      text run at (0,2418) width 109: "This is some text"
    RenderBR {BR} at (108,2432) size 1x0
    RenderText {#text} at (0,2436) size 109x17
      text run at (0,2436) width 109: "This is some text"
    RenderBR {BR} at (108,2450) size 1x0
    RenderText {#text} at (0,2454) size 109x17
      text run at (0,2454) width 109: "This is some text"
    RenderBR {BR} at (108,2468) size 1x0
    RenderText {#text} at (0,2472) size 109x17
      text run at (0,2472) width 109: "This is some text"
    RenderBR {BR} at (108,2486) size 1x0
    RenderText {#text} at (0,2490) size 109x17
      text run at (0,2490) width 109: "This is some text"
    RenderBR {BR} at (108,2504) size 1x0
    RenderText {#text} at (0,2508) size 109x17
      text run at (0,2508) width 109: "This is some text"
    RenderBR {BR} at (108,2522) size 1x0
