layer at (0,0) size 800x600
  RenderView at (0,0) size 800x600
layer at (0,0) size 800x8
  RenderBlock {HTML} at (0,0) size 800x8
    RenderBody {BODY} at (8,8) size 784x0
      RenderBlock {DIV} at (0,0) size 784x0
layer at (20,36) size 424x270
  RenderBlock (positioned) {P} at (20,36) size 424x270 [border: (2px solid #000000)]
    RenderBlock (floating) at (2,2) size 25x42
      RenderText {#text} at (0,1) size 25x40
        text run at (0,1) width 25: "L"
    RenderText {#text} at (31,2) size 200x490
      text run at (31,2) width 171: "orem ipsum dolor sit"
      text run at (31,20) width 171: "amet, consectetur"
      text run at (2,38) width 200: "adipiscing elit. Cras pharetra"
      text run at (2,56) width 200: "mollis pharetra. Suspendisse"
      text run at (2,74) width 200: "lacinia orci et felis tristique"
      text run at (2,92) width 200: "sit amet semper massa"
      text run at (2,110) width 200: "tempus. Suspendisse"
      text run at (2,128) width 200: "consectetur tempor pulvinar."
      text run at (2,146) width 200: "Proin dui eros, ultricies vel"
      text run at (2,164) width 200: "malesuada vel, tempor at"
      text run at (2,182) width 200: "ante. Nam eget nisl dui."
      text run at (2,200) width 200: "Donec molestie lectus a nunc"
      text run at (2,218) width 200: "scelerisque blandit. Nam non"
      text run at (2,236) width 200: "ligula massa, sed suscipit"
      text run at (2,277) width 200: "turpis. Etiam eget ligula sit"
      text run at (2,295) width 200: "amet turpis venenatis dictum"
      text run at (2,313) width 200: "in eleifend augue. Duis tellus"
      text run at (2,331) width 200: "lectus, volutpat et adipiscing"
      text run at (2,349) width 200: "a, pellentesque eu metus."
      text run at (2,367) width 200: "Aenean suscipit congue"
      text run at (2,385) width 200: "mauris at gravida. Integer"
      text run at (2,403) width 200: "lectus ligula, consectetur sit"
      text run at (2,421) width 200: "amet venenatis id,"
      text run at (2,439) width 200: "scelerisque eget nisl. Nunc"
      text run at (2,457) width 200: "dapibus posuere risus, vitae"
      text run at (2,475) width 153: "tempor nibh iaculis et."
