layer at (0,0) size 1560x1010
  RenderView at (0,0) size 784x584
layer at (0,0) size 784x1010
  RenderBlock {HTML} at (0,0) size 784x1010
    RenderBody {BODY} at (8,8) size 768x994
      RenderBlock {HR} at (0,358) size 768x2 [border: (1px inset #000000)]
      RenderBlock {HR} at (0,676) size 768x2 [border: (1px inset #000000)]
layer at (8,8) size 768x350
  RenderBlock {DIV} at (0,0) size 768x350
    RenderTable {TABLE} at (0,0) size 376x1179 [border: (1px outset #808080)]
      RenderTableSection {TBODY} at (1,1) size 374x1177
        RenderTableRow {TR} at (0,0) size 374x1177
          RenderTableCell {TD} at (0,44) size 142x1133 [border: (1px inset #808080)] [r=0 c=0 rs=1 cs=1]
            RenderText {#text} at (11,11) size 108x35
              text run at (11,11) width 108: "This cell has lots"
              text run at (11,29) width 46: "of text."
            RenderBR {BR} at (56,43) size 1x0
            RenderText {#text} at (11,47) size 108x35
              text run at (11,47) width 108: "This cell has lots"
              text run at (11,65) width 46: "of text."
            RenderBR {BR} at (56,79) size 1x0
            RenderText {#text} at (11,83) size 108x35
              text run at (11,83) width 108: "This cell has lots"
              text run at (11,101) width 46: "of text."
            RenderBR {BR} at (56,115) size 1x0
            RenderText {#text} at (11,119) size 108x35
              text run at (11,119) width 108: "This cell has lots"
              text run at (11,137) width 46: "of text."
            RenderBR {BR} at (56,151) size 1x0
            RenderText {#text} at (11,155) size 108x35
              text run at (11,155) width 108: "This cell has lots"
              text run at (11,173) width 46: "of text."
            RenderBR {BR} at (56,187) size 1x0
            RenderText {#text} at (11,191) size 108x35
              text run at (11,191) width 108: "This cell has lots"
              text run at (11,209) width 46: "of text."
            RenderBR {BR} at (56,223) size 1x0
            RenderText {#text} at (11,227) size 108x35
              text run at (11,227) width 108: "This cell has lots"
              text run at (11,245) width 46: "of text."
            RenderBR {BR} at (56,259) size 1x0
            RenderText {#text} at (11,263) size 108x35
              text run at (11,263) width 108: "This cell has lots"
              text run at (11,281) width 46: "of text."
            RenderBR {BR} at (56,295) size 1x0
            RenderText {#text} at (11,306) size 108x35
              text run at (11,306) width 108: "This cell has lots"
              text run at (11,324) width 46: "of text."
            RenderBR {BR} at (56,338) size 1x0
            RenderText {#text} at (11,342) size 108x35
              text run at (11,342) width 108: "This cell has lots"
              text run at (11,360) width 46: "of text."
            RenderBR {BR} at (56,374) size 1x0
            RenderText {#text} at (11,378) size 108x35
              text run at (11,378) width 108: "This cell has lots"
              text run at (11,396) width 46: "of text."
            RenderBR {BR} at (56,410) size 1x0
            RenderText {#text} at (11,414) size 108x35
              text run at (11,414) width 108: "This cell has lots"
              text run at (11,432) width 46: "of text."
            RenderBR {BR} at (56,446) size 1x0
            RenderText {#text} at (11,450) size 108x35
              text run at (11,450) width 108: "This cell has lots"
              text run at (11,468) width 46: "of text."
            RenderBR {BR} at (56,482) size 1x0
            RenderText {#text} at (11,486) size 108x35
              text run at (11,486) width 108: "This cell has lots"
              text run at (11,504) width 46: "of text."
            RenderBR {BR} at (56,518) size 1x0
            RenderText {#text} at (11,522) size 108x35
              text run at (11,522) width 108: "This cell has lots"
              text run at (11,540) width 46: "of text."
            RenderBR {BR} at (56,554) size 1x0
            RenderText {#text} at (11,558) size 108x35
              text run at (11,558) width 108: "This cell has lots"
              text run at (11,576) width 46: "of text."
            RenderBR {BR} at (56,590) size 1x0
            RenderText {#text} at (11,594) size 108x35
              text run at (11,594) width 108: "This cell has lots"
              text run at (11,612) width 46: "of text."
            RenderBR {BR} at (56,626) size 1x0
            RenderText {#text} at (11,630) size 108x43
              text run at (11,630) width 108: "This cell has lots"
              text run at (11,656) width 46: "of text."
            RenderBR {BR} at (56,670) size 1x0
            RenderText {#text} at (11,674) size 108x35
              text run at (11,674) width 108: "This cell has lots"
              text run at (11,692) width 46: "of text."
            RenderBR {BR} at (56,706) size 1x0
            RenderText {#text} at (11,710) size 108x35
              text run at (11,710) width 108: "This cell has lots"
              text run at (11,728) width 46: "of text."
            RenderBR {BR} at (56,742) size 1x0
            RenderText {#text} at (11,746) size 108x35
              text run at (11,746) width 108: "This cell has lots"
              text run at (11,764) width 46: "of text."
            RenderBR {BR} at (56,778) size 1x0
            RenderText {#text} at (11,782) size 108x35
              text run at (11,782) width 108: "This cell has lots"
              text run at (11,800) width 46: "of text."
            RenderBR {BR} at (56,814) size 1x0
            RenderText {#text} at (11,818) size 108x35
              text run at (11,818) width 108: "This cell has lots"
              text run at (11,836) width 46: "of text."
            RenderBR {BR} at (56,850) size 1x0
            RenderText {#text} at (11,854) size 108x35
              text run at (11,854) width 108: "This cell has lots"
              text run at (11,872) width 46: "of text."
            RenderBR {BR} at (56,886) size 1x0
            RenderText {#text} at (11,890) size 108x35
              text run at (11,890) width 108: "This cell has lots"
              text run at (11,908) width 46: "of text."
            RenderBR {BR} at (56,922) size 1x0
            RenderText {#text} at (11,926) size 108x35
              text run at (11,926) width 108: "This cell has lots"
              text run at (11,944) width 46: "of text."
            RenderBR {BR} at (56,958) size 1x0
            RenderText {#text} at (11,962) size 108x35
              text run at (11,962) width 108: "This cell has lots"
              text run at (11,980) width 46: "of text."
            RenderBR {BR} at (56,994) size 1x0
            RenderText {#text} at (11,1006) size 108x35
              text run at (11,1006) width 108: "This cell has lots"
              text run at (11,1024) width 46: "of text."
            RenderBR {BR} at (56,1038) size 1x0
            RenderText {#text} at (11,1042) size 108x35
              text run at (11,1042) width 108: "This cell has lots"
              text run at (11,1060) width 46: "of text."
            RenderBR {BR} at (56,1074) size 1x0
            RenderText {#text} at (11,1078) size 108x35
              text run at (11,1078) width 108: "This cell has lots"
              text run at (11,1096) width 46: "of text."
            RenderBR {BR} at (56,1110) size 1x0
          RenderTableCell {TD} at (142,0) size 232x170 [border: (1px inset #808080)] [r=0 c=1 rs=1 cs=1]
            RenderInline {SPAN} at (0,0) size 146x145
              RenderText {#text} at (11,12) size 146x145
                text run at (11,12) width 146: "Other"
                text run at (11,86) width 109: "cell."
layer at (8,376) size 768x300
  RenderBlock {DIV} at (0,368) size 768x300
    RenderTable {TABLE} at (0,0) size 376x1129 [border: (1px outset #808080)]
      RenderTableSection {TBODY} at (1,1) size 374x1127
        RenderTableRow {TR} at (0,0) size 374x1127
          RenderTableCell {TD} at (0,0) size 142x1127 [border: (1px inset #808080)] [r=0 c=0 rs=1 cs=1]
            RenderText {#text} at (11,11) size 108x35
              text run at (11,11) width 108: "This cell has lots"
              text run at (11,29) width 46: "of text."
            RenderBR {BR} at (56,43) size 1x0
            RenderText {#text} at (11,47) size 108x35
              text run at (11,47) width 108: "This cell has lots"
              text run at (11,65) width 46: "of text."
            RenderBR {BR} at (56,79) size 1x0
            RenderText {#text} at (11,83) size 108x35
              text run at (11,83) width 108: "This cell has lots"
              text run at (11,101) width 46: "of text."
            RenderBR {BR} at (56,115) size 1x0
            RenderText {#text} at (11,119) size 108x35
              text run at (11,119) width 108: "This cell has lots"
              text run at (11,137) width 46: "of text."
            RenderBR {BR} at (56,151) size 1x0
            RenderText {#text} at (11,155) size 108x35
              text run at (11,155) width 108: "This cell has lots"
              text run at (11,173) width 46: "of text."
            RenderBR {BR} at (56,187) size 1x0
            RenderText {#text} at (11,191) size 108x35
              text run at (11,191) width 108: "This cell has lots"
              text run at (11,209) width 46: "of text."
            RenderBR {BR} at (56,223) size 1x0
            RenderText {#text} at (11,227) size 108x35
              text run at (11,227) width 108: "This cell has lots"
              text run at (11,245) width 46: "of text."
            RenderBR {BR} at (56,259) size 1x0
            RenderText {#text} at (11,263) size 108x35
              text run at (11,263) width 108: "This cell has lots"
              text run at (11,281) width 46: "of text."
            RenderBR {BR} at (56,295) size 1x0
            RenderText {#text} at (11,300) size 108x35
              text run at (11,300) width 108: "This cell has lots"
              text run at (11,318) width 46: "of text."
            RenderBR {BR} at (56,332) size 1x0
            RenderText {#text} at (11,336) size 108x35
              text run at (11,336) width 108: "This cell has lots"
              text run at (11,354) width 46: "of text."
            RenderBR {BR} at (56,368) size 1x0
            RenderText {#text} at (11,372) size 108x35
              text run at (11,372) width 108: "This cell has lots"
              text run at (11,390) width 46: "of text."
            RenderBR {BR} at (56,404) size 1x0
            RenderText {#text} at (11,408) size 108x35
              text run at (11,408) width 108: "This cell has lots"
              text run at (11,426) width 46: "of text."
            RenderBR {BR} at (56,440) size 1x0
            RenderText {#text} at (11,444) size 108x35
              text run at (11,444) width 108: "This cell has lots"
              text run at (11,462) width 46: "of text."
            RenderBR {BR} at (56,476) size 1x0
            RenderText {#text} at (11,480) size 108x35
              text run at (11,480) width 108: "This cell has lots"
              text run at (11,498) width 46: "of text."
            RenderBR {BR} at (56,512) size 1x0
            RenderText {#text} at (11,516) size 108x35
              text run at (11,516) width 108: "This cell has lots"
              text run at (11,534) width 46: "of text."
            RenderBR {BR} at (56,548) size 1x0
            RenderText {#text} at (11,552) size 108x35
              text run at (11,552) width 108: "This cell has lots"
              text run at (11,570) width 46: "of text."
            RenderBR {BR} at (56,584) size 1x0
            RenderText {#text} at (11,600) size 108x35
              text run at (11,600) width 108: "This cell has lots"
              text run at (11,618) width 46: "of text."
            RenderBR {BR} at (56,632) size 1x0
            RenderText {#text} at (11,636) size 108x35
              text run at (11,636) width 108: "This cell has lots"
              text run at (11,654) width 46: "of text."
            RenderBR {BR} at (56,668) size 1x0
            RenderText {#text} at (11,672) size 108x35
              text run at (11,672) width 108: "This cell has lots"
              text run at (11,690) width 46: "of text."
            RenderBR {BR} at (56,704) size 1x0
            RenderText {#text} at (11,708) size 108x35
              text run at (11,708) width 108: "This cell has lots"
              text run at (11,726) width 46: "of text."
            RenderBR {BR} at (56,740) size 1x0
            RenderText {#text} at (11,744) size 108x35
              text run at (11,744) width 108: "This cell has lots"
              text run at (11,762) width 46: "of text."
            RenderBR {BR} at (56,776) size 1x0
            RenderText {#text} at (11,780) size 108x35
              text run at (11,780) width 108: "This cell has lots"
              text run at (11,798) width 46: "of text."
            RenderBR {BR} at (56,812) size 1x0
            RenderText {#text} at (11,816) size 108x35
              text run at (11,816) width 108: "This cell has lots"
              text run at (11,834) width 46: "of text."
            RenderBR {BR} at (56,848) size 1x0
            RenderText {#text} at (11,852) size 108x35
              text run at (11,852) width 108: "This cell has lots"
              text run at (11,870) width 46: "of text."
            RenderBR {BR} at (56,884) size 1x0
            RenderText {#text} at (11,900) size 108x35
              text run at (11,900) width 108: "This cell has lots"
              text run at (11,918) width 46: "of text."
            RenderBR {BR} at (56,932) size 1x0
            RenderText {#text} at (11,936) size 108x35
              text run at (11,936) width 108: "This cell has lots"
              text run at (11,954) width 46: "of text."
            RenderBR {BR} at (56,968) size 1x0
            RenderText {#text} at (11,972) size 108x35
              text run at (11,972) width 108: "This cell has lots"
              text run at (11,990) width 46: "of text."
            RenderBR {BR} at (56,1004) size 1x0
            RenderText {#text} at (11,1008) size 108x35
              text run at (11,1008) width 108: "This cell has lots"
              text run at (11,1026) width 46: "of text."
            RenderBR {BR} at (56,1040) size 1x0
            RenderText {#text} at (11,1044) size 108x35
              text run at (11,1044) width 108: "This cell has lots"
              text run at (11,1062) width 46: "of text."
            RenderBR {BR} at (56,1076) size 1x0
            RenderText {#text} at (11,1080) size 108x35
              text run at (11,1080) width 108: "This cell has lots"
              text run at (11,1098) width 46: "of text."
            RenderBR {BR} at (56,1112) size 1x0
          RenderTableCell {TD} at (142,478) size 232x170 [border: (1px inset #808080)] [r=0 c=1 rs=1 cs=1]
            RenderInline {SPAN} at (0,0) size 146x182
              RenderText {#text} at (11,12) size 146x182
                text run at (11,12) width 146: "Other"
                text run at (11,123) width 109: "cell."
layer at (8,702) size 768x300
  RenderBlock {DIV} at (0,694) size 768x300
    RenderTable {TABLE} at (0,0) size 376x1129 [border: (1px outset #808080)]
      RenderTableSection {TBODY} at (1,1) size 374x1127
        RenderTableRow {TR} at (0,0) size 374x1127
          RenderTableCell {TD} at (0,0) size 142x1127 [border: (1px inset #808080)] [r=0 c=0 rs=1 cs=1]
            RenderText {#text} at (11,11) size 108x35
              text run at (11,11) width 108: "This cell has lots"
              text run at (11,29) width 46: "of text."
            RenderBR {BR} at (56,43) size 1x0
            RenderText {#text} at (11,47) size 108x35
              text run at (11,47) width 108: "This cell has lots"
              text run at (11,65) width 46: "of text."
            RenderBR {BR} at (56,79) size 1x0
            RenderText {#text} at (11,83) size 108x35
              text run at (11,83) width 108: "This cell has lots"
              text run at (11,101) width 46: "of text."
            RenderBR {BR} at (56,115) size 1x0
            RenderText {#text} at (11,119) size 108x35
              text run at (11,119) width 108: "This cell has lots"
              text run at (11,137) width 46: "of text."
            RenderBR {BR} at (56,151) size 1x0
            RenderText {#text} at (11,155) size 108x35
              text run at (11,155) width 108: "This cell has lots"
              text run at (11,173) width 46: "of text."
            RenderBR {BR} at (56,187) size 1x0
            RenderText {#text} at (11,191) size 108x35
              text run at (11,191) width 108: "This cell has lots"
              text run at (11,209) width 46: "of text."
            RenderBR {BR} at (56,223) size 1x0
            RenderText {#text} at (11,227) size 108x35
              text run at (11,227) width 108: "This cell has lots"
              text run at (11,245) width 46: "of text."
            RenderBR {BR} at (56,259) size 1x0
            RenderText {#text} at (11,263) size 108x35
              text run at (11,263) width 108: "This cell has lots"
              text run at (11,281) width 46: "of text."
            RenderBR {BR} at (56,295) size 1x0
            RenderText {#text} at (11,300) size 108x35
              text run at (11,300) width 108: "This cell has lots"
              text run at (11,318) width 46: "of text."
            RenderBR {BR} at (56,332) size 1x0
            RenderText {#text} at (11,336) size 108x35
              text run at (11,336) width 108: "This cell has lots"
              text run at (11,354) width 46: "of text."
            RenderBR {BR} at (56,368) size 1x0
            RenderText {#text} at (11,372) size 108x35
              text run at (11,372) width 108: "This cell has lots"
              text run at (11,390) width 46: "of text."
            RenderBR {BR} at (56,404) size 1x0
            RenderText {#text} at (11,408) size 108x35
              text run at (11,408) width 108: "This cell has lots"
              text run at (11,426) width 46: "of text."
            RenderBR {BR} at (56,440) size 1x0
            RenderText {#text} at (11,444) size 108x35
              text run at (11,444) width 108: "This cell has lots"
              text run at (11,462) width 46: "of text."
            RenderBR {BR} at (56,476) size 1x0
            RenderText {#text} at (11,480) size 108x35
              text run at (11,480) width 108: "This cell has lots"
              text run at (11,498) width 46: "of text."
            RenderBR {BR} at (56,512) size 1x0
            RenderText {#text} at (11,516) size 108x35
              text run at (11,516) width 108: "This cell has lots"
              text run at (11,534) width 46: "of text."
            RenderBR {BR} at (56,548) size 1x0
            RenderText {#text} at (11,552) size 108x35
              text run at (11,552) width 108: "This cell has lots"
              text run at (11,570) width 46: "of text."
            RenderBR {BR} at (56,584) size 1x0
            RenderText {#text} at (11,600) size 108x35
              text run at (11,600) width 108: "This cell has lots"
              text run at (11,618) width 46: "of text."
            RenderBR {BR} at (56,632) size 1x0
            RenderText {#text} at (11,636) size 108x35
              text run at (11,636) width 108: "This cell has lots"
              text run at (11,654) width 46: "of text."
            RenderBR {BR} at (56,668) size 1x0
            RenderText {#text} at (11,672) size 108x35
              text run at (11,672) width 108: "This cell has lots"
              text run at (11,690) width 46: "of text."
            RenderBR {BR} at (56,704) size 1x0
            RenderText {#text} at (11,708) size 108x35
              text run at (11,708) width 108: "This cell has lots"
              text run at (11,726) width 46: "of text."
            RenderBR {BR} at (56,740) size 1x0
            RenderText {#text} at (11,744) size 108x35
              text run at (11,744) width 108: "This cell has lots"
              text run at (11,762) width 46: "of text."
            RenderBR {BR} at (56,776) size 1x0
            RenderText {#text} at (11,780) size 108x35
              text run at (11,780) width 108: "This cell has lots"
              text run at (11,798) width 46: "of text."
            RenderBR {BR} at (56,812) size 1x0
            RenderText {#text} at (11,816) size 108x35
              text run at (11,816) width 108: "This cell has lots"
              text run at (11,834) width 46: "of text."
            RenderBR {BR} at (56,848) size 1x0
            RenderText {#text} at (11,852) size 108x35
              text run at (11,852) width 108: "This cell has lots"
              text run at (11,870) width 46: "of text."
            RenderBR {BR} at (56,884) size 1x0
            RenderText {#text} at (11,900) size 108x35
              text run at (11,900) width 108: "This cell has lots"
              text run at (11,918) width 46: "of text."
            RenderBR {BR} at (56,932) size 1x0
            RenderText {#text} at (11,936) size 108x35
              text run at (11,936) width 108: "This cell has lots"
              text run at (11,954) width 46: "of text."
            RenderBR {BR} at (56,968) size 1x0
            RenderText {#text} at (11,972) size 108x35
              text run at (11,972) width 108: "This cell has lots"
              text run at (11,990) width 46: "of text."
            RenderBR {BR} at (56,1004) size 1x0
            RenderText {#text} at (11,1008) size 108x35
              text run at (11,1008) width 108: "This cell has lots"
              text run at (11,1026) width 46: "of text."
            RenderBR {BR} at (56,1040) size 1x0
            RenderText {#text} at (11,1044) size 108x35
              text run at (11,1044) width 108: "This cell has lots"
              text run at (11,1062) width 46: "of text."
            RenderBR {BR} at (56,1076) size 1x0
            RenderText {#text} at (11,1080) size 108x35
              text run at (11,1080) width 108: "This cell has lots"
              text run at (11,1098) width 46: "of text."
            RenderBR {BR} at (56,1112) size 1x0
          RenderTableCell {TD} at (142,957) size 232x170 [border: (1px inset #808080)] [r=0 c=1 rs=1 cs=1]
            RenderInline {SPAN} at (0,0) size 146x145
              RenderText {#text} at (11,12) size 146x145
                text run at (11,12) width 146: "Other"
                text run at (11,86) width 109: "cell."
