layer at (0,0) size 800x600
  RenderView at (0,0) size 800x600
layer at (0,0) size 800x600
  RenderBlock {HTML} at (0,0) size 800x600
    RenderBody {BODY} at (8,8) size 784x584
      RenderBlock {P} at (0,0) size 784x42
        RenderText {#text} at (0,0) size 57x21
          text run at (0,0) width 57: "Test for "
        RenderInline {I} at (0,0) size 734x42
          RenderText {#text} at (57,0) size 734x42
            text run at (57,0) width 677: "http://bugzilla.opendarwin.org/show_bug.cgi?id=6137 Disable kerning and some ligatures in the"
            text run at (0,21) width 122: "ATSUI code path"
        RenderText {#text} at (122,21) size 4x21
          text run at (122,21) width 4: "."
      RenderBlock {P} at (0,58) size 784x21
        RenderText {#text} at (0,0) size 775x21
          text run at (0,0) width 775: "The word \x{201C}dolor\x{201D} below should be highlighted in its entirety. The highlight should not extend beyond that word."
      RenderBlock {DIV} at (0,95) size 784x44
        RenderBlock {HR} at (0,0) size 784x2 [border: (1px inset #000000)]
        RenderBlock (anonymous) at (0,14) size 784x30
          RenderInline {SPAN} at (0,0) size 538x30
            RenderText {#text} at (0,0) size 538x30
              text run at (0,0) width 538: "AVAVAVAVAVfififififififi Lorem ipsum dolor sit ame\x{300}t"
          RenderText {#text} at (0,0) size 0x0
selection start: position 37 of child 0 {#text} of child 3 {SPAN} of child 5 {DIV} of body
selection end:   position 42 of child 0 {#text} of child 3 {SPAN} of child 5 {DIV} of body
