layer at (0,0) size 800x600
  RenderView at (0,0) size 800x600
layer at (0,0) size 800x289
  RenderBlock {HTML} at (0,0) size 800x289
    RenderBody {BODY} at (8,8) size 784x273
      RenderBlock {DIV} at (0,0) size 784x21
        RenderText {#text} at (0,0) size 351x21
          text run at (0,0) width 351: "No font is specified. expected: backslash, actual: \\"
      RenderBlock {DIV} at (0,21) size 784x21
        RenderText {#text} at (0,0) size 382x21
          text run at (0,0) width 382: "Using font \"MS PGothic\". expected: yen sign, actual: \x{A5}"
      RenderBlock {DIV} at (0,42) size 784x21
        RenderText {#text} at (0,0) size 371x21
          text run at (0,0) width 371: "Using font \"MS Gothic\". expected: yen sign, actual: \x{A5}"
      RenderBlock {DIV} at (0,63) size 784x21
        RenderText {#text} at (0,0) size 388x21
          text run at (0,0) width 388: "Using font \"MS PMincho\". expected: yen sign, actual: \x{A5}"
      RenderBlock {DIV} at (0,84) size 784x21
        RenderText {#text} at (0,0) size 377x21
          text run at (0,0) width 377: "Using font \"MS Mincho\". expected: yen sign, actual: \x{A5}"
      RenderBlock {DIV} at (0,105) size 784x21
        RenderText {#text} at (0,0) size 345x21
          text run at (0,0) width 345: "Using font \"Meiryo\". expected: yen sign, actual: \x{A5}"
      RenderBlock {DIV} at (0,126) size 784x21
        RenderText {#text} at (0,0) size 329x21
          text run at (0,0) width 329: "Using font \"\x{FF2D}\x{FF33} \x{FF30}\x{30B4}\x{30B7}\x{30C3}\x{30AF}\". expected: yen sign, actual: \x{A5}"
      RenderBlock {DIV} at (0,147) size 784x21
        RenderText {#text} at (0,0) size 325x21
          text run at (0,0) width 325: "Using font \"\x{FF2D}\x{FF33} \x{30B4}\x{30B7}\x{30C3}\x{30AF}\". expected: yen sign, actual: \x{A5}"
      RenderBlock {DIV} at (0,168) size 784x21
        RenderText {#text} at (0,0) size 321x21
          text run at (0,0) width 321: "Using font \"\x{FF2D}\x{FF33} \x{FF30}\x{660E}\x{671D}\". expected: yen sign, actual: \x{A5}"
      RenderBlock {DIV} at (0,189) size 784x21
        RenderText {#text} at (0,0) size 317x21
          text run at (0,0) width 317: "Using font \"\x{FF2D}\x{FF33} \x{660E}\x{671D}\". expected: yen sign, actual: \x{A5}"
      RenderBlock {DIV} at (0,210) size 784x21
        RenderText {#text} at (0,0) size 313x21
          text run at (0,0) width 313: "Using font \"\x{30E1}\x{30A4}\x{30EA}\x{30AA}\". expected: yen sign, actual: \x{A5}"
      RenderBlock {DIV} at (0,231) size 784x21
        RenderText {#text} at (0,0) size 348x21
          text run at (0,0) width 348: "Using font \"Times\". expected: backslash, actual: \\"
      RenderBlock {DIV} at (0,252) size 784x21
        RenderText {#text} at (0,0) size 349x21
          text run at (0,0) width 349: "Using font \"foobar\". expected: backslash, actual: \\"
