layer at (0,0) size 800x600
  RenderView at (0,0) size 800x600
layer at (0,0) size 800x59
  RenderBlock {HTML} at (0,0) size 800x59
    RenderBody {BODY} at (8,8) size 784x43
      RenderBlock {DIV} at (0,0) size 784x21
        RenderText {#text} at (0,0) size 222x21
          text run at (0,0) width 222: "This should be a yen-sign: \x{A5}"
      RenderBlock {DIV} at (0,21) size 784x22
        RenderText {#text} at (0,0) size 194x22
          text run at (0,0) width 194: "This should be a backslash: \\"
