layer at (0,0) size 800x600
  RenderView at (0,0) size 800x600
layer at (0,0) size 800x600
  RenderBlock {HTML} at (0,0) size 800x600
    RenderBody {BODY} at (8,8) size 784x584
      RenderBlock {P} at (0,0) size 784x42
        RenderText {#text} at (0,0) size 57x21
          text run at (0,0) width 57: "Test for "
        RenderInline {I} at (0,0) size 773x42
          RenderInline {A} at (0,0) size 329x21 [color=#0000EE]
            RenderText {#text} at (57,0) size 329x21
              text run at (57,0) width 329: "http://bugs.webkit.org/show_bug.cgi?id=12726"
          RenderText {#text} at (386,0) size 773x42
            text run at (386,0) width 4: " "
            text run at (390,0) width 383: "REGRESSION (r12073): Text wraps in the middle of a"
            text run at (0,21) width 382: "word instead of wrapping at the space before the word"
        RenderText {#text} at (382,21) size 4x21
          text run at (382,21) width 4: "."
      RenderBlock {P} at (0,58) size 784x21
        RenderText {#text} at (0,0) size 419x21
          text run at (0,0) width 419: "\x{201C}onelongwrodwithnobreaks\x{201D} should not break in the middle."
      RenderBlock {DIV} at (0,95) size 200x30 [bgcolor=#FFFF00]
        RenderText {#text} at (0,0) size 127x30
          text run at (0,0) width 110: "lllllllllllllllllllllllllllllllllllllllllllllllllllllll"
          text run at (0,15) width 127: "onelongwrodwithnobreaks"
