layer at (0,0) size 800x600
  RenderView at (0,0) size 800x600
layer at (0,0) size 800x600
  RenderBlock {HTML} at (0,0) size 800x600
    RenderBody {BODY} at (8,8) size 784x576
      RenderBlock {P} at (0,0) size 784x42
        RenderText {#text} at (0,0) size 57x21
          text run at (0,0) width 57: "Test for "
        RenderInline {I} at (0,0) size 742x42
          RenderInline {A} at (0,0) size 329x21 [color=#0000EE]
            RenderText {#text} at (57,0) size 329x21
              text run at (57,0) width 329: "http://bugs.webkit.org/show_bug.cgi?id=11671"
          RenderText {#text} at (386,0) size 742x42
            text run at (386,0) width 4: " "
            text run at (390,0) width 352: "REGRESSION (r13702): text-transform: capitalize"
            text run at (0,21) width 286: "changes non-breaking spaces to spaces"
        RenderText {#text} at (286,21) size 4x21
          text run at (286,21) width 4: "."
      RenderBlock {P} at (0,58) size 784x21
        RenderText {#text} at (0,0) size 320x21
          text run at (0,0) width 320: "The next three lines should all look the same."
      RenderBlock {P} at (0,95) size 784x21
        RenderText {#text} at (0,0) size 108x21
          text run at (0,0) width 108: "Lorem     Ipsum"
      RenderBlock {P} at (0,132) size 784x21
        RenderText {#text} at (0,0) size 65x21
          text run at (0,0) width 65: "Lorem     "
        RenderInline {SPAN} at (0,0) size 43x21
          RenderText {#text} at (65,0) size 43x21
            text run at (65,0) width 43: "Ipsum"
      RenderBlock {P} at (0,169) size 784x21
        RenderText {#text} at (0,0) size 108x21
          text run at (0,0) width 108: "Lorem     Ipsum"
