layer at (0,0) size 800x600
  RenderView at (0,0) size 800x600
layer at (0,0) size 800x600
  RenderBlock {HTML} at (0,0) size 800x600
    RenderBody {BODY} at (8,8) size 784x576
      RenderBlock {P} at (0,0) size 784x42
        RenderText {#text} at (0,0) size 194x21
          text run at (0,0) width 194: "This is a regression test for "
        RenderInline {I} at (0,0) size 749x42
          RenderInline {A} at (0,0) size 379x21 [color=#0000EE]
            RenderText {#text} at (194,0) size 379x21
              text run at (194,0) width 379: "http://bugzilla.opendarwin.org/show_bug.cgi?id=9432"
          RenderText {#text} at (573,0) size 749x42
            text run at (573,0) width 4: " "
            text run at (577,0) width 172: "REGRESSION: crash in"
            text run at (0,21) width 404: "capitalization code due to empty-string generated content"
        RenderText {#text} at (404,21) size 4x21
          text run at (404,21) width 4: "."
      RenderBlock {HR} at (0,58) size 784x2 [border: (1px inset #000000)]
      RenderBlock {P} at (0,76) size 784x21
        RenderInline {SPAN} at (0,0) size 92x21
          RenderText {#text} at (0,0) size 49x21
            text run at (0,0) width 49: "Lorem "
          RenderInline {SPAN} at (0,0) size 43x21
            RenderInline (generated) at (0,0) size 0x0
              RenderText at (0,0) size 0x0
            RenderText {#text} at (49,0) size 43x21
              text run at (49,0) width 43: "Ipsum"
        RenderText {#text} at (92,0) size 4x21
          text run at (92,0) width 4: " "
        RenderInline {I} at (0,0) size 70x21
          RenderText {#text} at (96,0) size 70x21
            text run at (96,0) width 70: "should be"
        RenderText {#text} at (166,0) size 96x21
          text run at (166,0) width 96: " Lorem Ipsum"
      RenderBlock {P} at (0,113) size 784x21
        RenderInline {SPAN} at (0,0) size 92x21
          RenderText {#text} at (0,0) size 23x21
            text run at (0,0) width 23: "Lor"
          RenderInline {SPAN} at (0,0) size 69x21
            RenderInline (generated) at (0,0) size 0x0
              RenderText at (0,0) size 0x0
            RenderText {#text} at (23,0) size 69x21
              text run at (23,0) width 69: "em Ipsum"
        RenderText {#text} at (92,0) size 4x21
          text run at (92,0) width 4: " "
        RenderInline {I} at (0,0) size 70x21
          RenderText {#text} at (96,0) size 70x21
            text run at (96,0) width 70: "should be"
        RenderText {#text} at (166,0) size 96x21
          text run at (166,0) width 96: " Lorem Ipsum"
