layer at (0,0) size 800x600
  RenderView at (0,0) size 800x600
layer at (0,0) size 800x600
  RenderBlock {HTML} at (0,0) size 800x600
    RenderBody {BODY} at (8,8) size 784x576
      RenderBlock {P} at (0,0) size 784x63
        RenderText {#text} at (0,0) size 757x63
          text run at (0,0) width 757: "This layout test is designed to test that our fake italic mode is working correctly. The Ahem font, used below,"
          text run at (0,21) width 754: "does not include an italic variant. Thus, when we ask for italic Ahem, we should skew the glyphs ourselves,"
          text run at (0,42) width 332: "resulting in a series of italic black boxes below."
      RenderBlock {P} at (0,79) size 784x17
        RenderText {#text} at (0,0) size 112x17
          text run at (0,0) width 112: "A A A A"
