layer at (0,0) size 800x600
  RenderView at (0,0) size 800x600
layer at (0,0) size 800x600
  RenderBlock {HTML} at (0,0) size 800x600
    RenderBody {BODY} at (8,8) size 784x576
      RenderBlock {P} at (0,0) size 784x22
        RenderText {#text} at (0,0) size 57x22
          text run at (0,0) width 57: "Test for "
        RenderInline {I} at (0,0) size 519x22
          RenderInline {A} at (0,0) size 154x22 [color=#0000EE]
            RenderText {#text} at (57,0) size 154x22
              text run at (57,0) width 154: "rdar://problem/9528843"
          RenderText {#text} at (211,0) size 365x22
            text run at (211,0) width 4: " "
            text run at (215,0) width 361: "STIX glyphs not rendered on this stackoverflow answer"
        RenderText {#text} at (576,0) size 4x22
          text run at (576,0) width 4: "."
      RenderBlock {P} at (0,38) size 784x42
        RenderText {#text} at (0,15) size 102x22
          text run at (0,15) width 102: "A black circle: "
        RenderInline {SPAN} at (0,0) size 8x42
          RenderText {#text} at (102,0) size 8x42
            text run at (102,0) width 8: "\x{26AB}"
        RenderText {#text} at (0,0) size 0x0
      RenderBlock {P} at (0,96) size 784x42
        RenderText {#text} at (0,15) size 147x22
          text run at (0,15) width 147: "Another black circle: "
        RenderInline {SPAN} at (0,0) size 8x42
          RenderText {#text} at (147,0) size 8x42
            text run at (147,0) width 8: "\x{26AB}"
        RenderText {#text} at (0,0) size 0x0
