layer at (0,0) size 800x600
  RenderView at (0,0) size 800x600
layer at (0,0) size 800x600
  RenderBlock {HTML} at (0,0) size 800x600
    RenderBody {BODY} at (8,8) size 784x584
      RenderBlock {P} at (0,0) size 784x21
        RenderText {#text} at (0,0) size 57x21
          text run at (0,0) width 57: "Test for "
        RenderInline {I} at (0,0) size 670x21
          RenderInline {A} at (0,0) size 329x21 [color=#0000EE]
            RenderText {#text} at (57,0) size 329x21
              text run at (57,0) width 329: "http://bugs.webkit.org/show_bug.cgi?id=12039"
          RenderText {#text} at (386,0) size 341x21
            text run at (386,0) width 4: " "
            text run at (390,0) width 337: "Assertion failure in WebCore::Font::primaryFont"
        RenderText {#text} at (727,0) size 4x21
          text run at (727,0) width 4: "."
      RenderBlock (anonymous) at (0,37) size 784x21
        RenderInline {SPAN} at (0,0) size 44x21
          RenderText {#text} at (0,0) size 44x21
            text run at (0,0) width 44: "PASS"
        RenderText {#text} at (0,0) size 0x0
        RenderText {#text} at (0,0) size 0x0
