layer at (0,0) size 800x600
  RenderView at (0,0) size 800x600
layer at (0,0) size 800x600
  RenderBlock {HTML} at (0,0) size 800x600
    RenderBody {BODY} at (8,8) size 784x584
      RenderBlock {DIV} at (8,8) size 126x69 [border: (3px solid #000000)]
        RenderText {#text} at (3,3) size 80x63
          text run at (3,3) width 58: "There is"
          text run at (3,24) width 80: "remarkable"
          text run at (3,45) width 69: "evidence."
      RenderText {#text} at (142,53) size 4x21
        text run at (142,53) width 4: " "
      RenderBlock {DIV} at (154,8) size 126x69 [border: (3px solid #000000)]
        RenderText {#text} at (3,3) size 80x63
          text run at (3,3) width 58: "There is"
          text run at (3,24) width 80: "remarkable"
          text run at (3,45) width 69: "evidence."
      RenderText {#text} at (288,53) size 4x21
        text run at (288,53) width 4: " "
      RenderBlock {DIV} at (300,8) size 126x69 [border: (3px solid #000000)]
        RenderText {#text} at (3,3) size 80x63
          text run at (3,3) width 58: "There is"
          text run at (3,24) width 80: "remarkable"
          text run at (3,45) width 69: "evidence."
      RenderText {#text} at (434,53) size 4x21
        text run at (434,53) width 4: " "
      RenderBlock {DIV} at (446,8) size 126x69 [border: (3px solid #000000)]
        RenderText {#text} at (3,3) size 80x63
          text run at (3,3) width 58: "There is"
          text run at (3,24) width 80: "remarkable"
          text run at (3,45) width 69: "evidence."
      RenderText {#text} at (580,53) size 4x21
        text run at (580,53) width 4: " "
      RenderBlock {DIV} at (592,8) size 126x69 [border: (3px solid #000000)]
        RenderText {#text} at (3,3) size 80x63
          text run at (3,3) width 58: "There is"
          text run at (3,24) width 80: "remarkable"
          text run at (3,45) width 69: "evidence."
      RenderText {#text} at (726,53) size 4x21
        text run at (726,53) width 4: " "
      RenderBlock {DIV} at (8,93) size 126x69 [border: (3px solid #000000)]
        RenderText {#text} at (3,3) size 80x63
          text run at (3,3) width 58: "There is"
          text run at (3,24) width 80: "remarkable"
          text run at (3,45) width 69: "evidence."
      RenderText {#text} at (142,138) size 4x21
        text run at (142,138) width 4: " "
      RenderBlock {DIV} at (154,93) size 126x69 [border: (3px solid #000000)]
        RenderText {#text} at (3,3) size 80x63
          text run at (3,3) width 58: "There is"
          text run at (3,24) width 80: "remarkable"
          text run at (3,45) width 69: "evidence."
      RenderText {#text} at (288,138) size 4x21
        text run at (288,138) width 4: " "
      RenderBlock {DIV} at (300,93) size 126x69 [border: (3px solid #000000)]
        RenderText {#text} at (3,3) size 80x63
          text run at (3,3) width 58: "There is"
          text run at (3,24) width 80: "remarkable"
          text run at (3,45) width 69: "evidence."
      RenderText {#text} at (434,138) size 4x21
        text run at (434,138) width 4: " "
      RenderBlock {DIV} at (446,93) size 126x69 [border: (3px solid #000000)]
        RenderText {#text} at (3,3) size 80x63
          text run at (3,3) width 58: "There is"
          text run at (3,24) width 80: "remarkable"
          text run at (3,45) width 69: "evidence."
      RenderText {#text} at (580,138) size 4x21
        text run at (580,138) width 4: " "
      RenderBlock {DIV} at (592,93) size 126x69 [border: (3px solid #000000)]
        RenderText {#text} at (3,3) size 80x63
          text run at (3,3) width 58: "There is"
          text run at (3,24) width 80: "remarkable"
          text run at (3,45) width 69: "evidence."
      RenderText {#text} at (0,0) size 0x0
