layer at (0,0) size 924x9014
  RenderView at (0,0) size 784x584
layer at (0,0) size 784x9014
  RenderBlock {HTML} at (0,0) size 784x9014
    RenderBody {BODY} at (8,8) size 768x8993
      RenderBlock (anonymous) at (0,0) size 768x21
        RenderText {#text} at (0,0) size 743x21
          text run at (0,0) width 743: "The text below consists of composed characters. There shouldn't be any errors (e and ' visible separately)"
      RenderBlock {PRE} at (0,34) size 768x8959
        RenderText {#text} at (0,0) size 912x4284
          text run at (0,0) width 912: "e\x{301}e\x{301}e\x{301}e\x{301}e\x{301}e\x{301}e\x{301}e\x{301}e\x{301}e\x{301}e\x{301}e\x{301}e\x{301}e\x{301}e\x{301}e\x{301}e\x{301}e\x{301}e\x{301}e\x{301}e\x{301}e\x{301}e\x{301}e\x{301}e\x{301}e\x{301}e\x{301}e\x{301}e\x{301}e\x{301}e\x{301}e\x{301} e\x{301} e\x{301}e\x{301}e\x{301}e\x{301}e\x{301}e\x{301}e\x{301}e\x{301}e\x{301}e\x{301}e\x{301}e\x{301}e\x{301}e\x{301}e\x{301}e\x{301}e\x{301}e\x{301}e\x{301}e\x{301}e\x{301}e\x{301}e\x{301}e\x{301}e\x{301}e\x{301}e\x{301}e\x{301}e\x{301}e\x{301}e\x{301}e\x{301}e\x{301}e\x{301}e\x{301}e\x{301}e\x{301}e\x{301}e\x{301}e\x{301}e\x{301}e\x{301}e\x{301} e\x{301}e\x{301}e\x{301}e\x{301}e\x{301}e\x{301}e\x{301}e\x{301}e\x{301}e\x{301}e\x{301}e\x{301}e\x{301}e\x{301}e\x{301}e\x{301}e\x{301}e\x{301}e\x{301}e\x{301}e\x{301}e\x{301}e\x{301}e\x{301}e\x{301}e\x{301}e\x{301}e\x{301}e\x{301}e\x{301} e\x{301}e\x{301}e\x{301}e\x{301}e\x{301}e\x{301}e\x{301}e\x{301}e\x{301}e\x{301}e\x{301}e\x{301}e\x{301}e\x{301}e\x{301}e\x{301}e\x{301}e\x{301}e\x{301}e\x{301}e\x{301}e\x{301}"
          text run at (912,0) width 0: " "
          text run at (0,17) width 912: "e\x{301}e\x{301}e\x{301}e\x{301}e\x{301}e\x{301}e\x{301}e\x{301}e\x{301}e\x{301}e\x{301}e\x{301}e\x{301}e\x{301}e\x{301}e\x{301}e\x{301}e\x{301}e\x{301}e\x{301}e\x{301}e\x{301}e\x{301}e\x{301}e\x{301}e\x{301}e\x{301}e\x{301}e\x{301}e\x{301}e\x{301}e\x{301} e\x{301} e\x{301}e\x{301}e\x{301}e\x{301}e\x{301}e\x{301}e\x{301}e\x{301}e\x{301}e\x{301}e\x{301}e\x{301}e\x{301}e\x{301}e\x{301}e\x{301}e\x{301}e\x{301}e\x{301}e\x{301}e\x{301}e\x{301}e\x{301}e\x{301}e\x{301}e\x{301}e\x{301}e\x{301}e\x{301}e\x{301}e\x{301}e\x{301}e\x{301}e\x{301}e\x{301}e\x{301}e\x{301}e\x{301}e\x{301}e\x{301}e\x{301}e\x{301}e\x{301} e\x{301}e\x{301}e\x{301}e\x{301}e\x{301}e\x{301}e\x{301}e\x{301}e\x{301}e\x{301}e\x{301}e\x{301}e\x{301}e\x{301}e\x{301}e\x{301}e\x{301}e\x{301}e\x{301}e\x{301}e\x{301}e\x{301}e\x{301}e\x{301}e\x{301}e\x{301}e\x{301}e\x{301}e\x{301}e\x{301} e\x{301}e\x{301}e\x{301}e\x{301}e\x{301}e\x{301}e\x{301}e\x{301}e\x{301}e\x{301}e\x{301}e\x{301}e\x{301}e\x{301}e\x{301}e\x{301}e\x{301}e\x{301}e\x{301}e\x{301}e\x{301}e\x{301}"
          text run at (912,17) width 0: " "
          text run at (0,34) width 912: "e\x{301}e\x{301}e\x{301}e\x{301}e\x{301}e\x{301}e\x{301}e\x{301}e\x{301}e\x{301}e\x{301}e\x{301}e\x{301}e\x{301}e\x{301}e\x{301}e\x{301}e\x{301}e\x{301}e\x{301}e\x{301}e\x{301}e\x{301}e\x{301}e\x{301}e\x{301}e\x{301}e\x{301}e\x{301}e\x{301}e\x{301}e\x{301} e\x{301} e\x{301}e\x{301}e\x{301}e\x{301}e\x{301}e\x{301}e\x{301}e\x{301}e\x{301}e\x{301}e\x{301}e\x{301}e\x{301}e\x{301}e\x{301}e\x{301}e\x{301}e\x{301}e\x{301}e\x{301}e\x{301}e\x{301}e\x{301}e\x{301}e\x{301}e\x{301}e\x{301}e\x{301}e\x{301}e\x{301}e\x{301}e\x{301}e\x{301}e\x{301}e\x{301}e\x{301}e\x{301}e\x{301}e\x{301}e\x{301}e\x{301}e\x{301}e\x{301} e\x{301}e\x{301}e\x{301}e\x{301}e\x{301}e\x{301}e\x{301}e\x{301}e\x{301}e\x{301}e\x{301}e\x{301}e\x{301}e\x{301}e\x{301}e\x{301}e\x{301}e\x{301}e\x{301}e\x{301}e\x{301}e\x{301}e\x{301}e\x{301}e\x{301}e\x{301}e\x{301}e\x{301}e\x{301}e\x{301} e\x{301}e\x{301}e\x{301}e\x{301}e\x{301}e\x{301}e\x{301}e\x{301}e\x{301}e\x{301}e\x{301}e\x{301}e\x{301}e\x{301}e\x{301}e\x{301}e\x{301}e\x{301}e\x{301}e\x{301}e\x{301}e\x{301}"
          text run at (912,34) width 0: " "
          text run at (0,51) width 912: "e\x{301}e\x{301}e\x{301}e\x{301}e\x{301}e\x{301}e\x{301}e\x{301}e\x{301}e\x{301}e\x{301}e\x{301}e\x{301}e\x{301}e\x{301}e\x{301}e\x{301}e\x{301}e\x{301}e\x{301}e\x{301}e\x{301}e\x{301}e\x{301}e\x{301}e\x{301}e\x{301}e\x{301}e\x{301}e\x{301}e\x{301}e\x{301} e\x{301} e\x{301}e\x{301}e\x{301}e\x{301}e\x{301}e\x{301}e\x{301}e\x{301}e\x{301}e\x{301}e\x{301}e\x{301}e\x{301}e\x{301}e\x{301}e\x{301}e\x{301}e\x{301}e\x{301}e\x{301}e\x{301}e\x{301}e\x{301}e\x{301}e\x{301}e\x{301}e\x{301}e\x{301}e\x{301}e\x{301}e\x{301}e\x{301}e\x{301}e\x{301}e\x{301}e\x{301}e\x{301}e\x{301}e\x{301}e\x{301}e\x{301}e\x{301}e\x{301} e\x{301}e\x{301}e\x{301}e\x{301}e\x{301}e\x{301}e\x{301}e\x{301}e\x{301}e\x{301}e\x{301}e\x{301}e\x{301}e\x{301}e\x{301}e\x{301}e\x{301}e\x{301}e\x{301}e\x{301}e\x{301}e\x{301}e\x{301}e\x{301}e\x{301}e\x{301}e\x{301}e\x{301}e\x{301}e\x{301} e\x{301}e\x{301}e\x{301}e\x{301}e\x{301}e\x{301}e\x{301}e\x{301}e\x{301}e\x{301}e\x{301}e\x{301}e\x{301}e\x{301}e\x{301}e\x{301}e\x{301}e\x{301}e\x{301}e\x{301}e\x{301}e\x{301}"
          text run at (912,51) width 0: " "
          text run at (0,68) width 912: "e\x{301}e\x{301}e\x{301}e\x{301}e\x{301}e\x{301}e\x{301}e\x{301}e\x{301}e\x{301}e\x{301}e\x{301}e\x{301}e\x{301}e\x{301}e\x{301}e\x{301}e\x{301}e\x{301}e\x{301}e\x{301}e\x{301}e\x{301}e\x{301}e\x{301}e\x{301}e\x{301}e\x{301}e\x{301}e\x{301}e\x{301}e\x{301} e\x{301} e\x{301}e\x{301}e\x{301}e\x{301}e\x{301}e\x{301}e\x{301}e\x{301}e\x{301}e\x{301}e\x{301}e\x{301}e\x{301}e\x{301}e\x{301}e\x{301}e\x{301}e\x{301}e\x{301}e\x{301}e\x{301}e\x{301}e\x{301}e\x{301}e\x{301}e\x{301}e\x{301}e\x{301}e\x{301}e\x{301}e\x{301}e\x{301}e\x{301}e\x{301}e\x{301}e\x{301}e\x{301}e\x{301}e\x{301}e\x{301}e\x{301}e\x{301}e\x{301} e\x{301}e\x{301}e\x{301}e\x{301}e\x{301}e\x{301}e\x{301}e\x{301}e\x{301}e\x{301}e\x{301}e\x{301}e\x{301}e\x{301}e\x{301}e\x{301}e\x{301}e\x{301}e\x{301}e\x{301}e\x{301}e\x{301}e\x{301}e\x{301}e\x{301}e\x{301}e\x{301}e\x{301}e\x{301}e\x{301} e\x{301}e\x{301}e\x{301}e\x{301}e\x{301}e\x{301}e\x{301}e\x{301}e\x{301}e\x{301}e\x{301}e\x{301}e\x{301}e\x{301}e\x{301}e\x{301}e\x{301}e\x{301}e\x{301}e\x{301}e\x{301}e\x{301}"
          text run at (912,68) width 0: " "
          text run at (0,85) width 912: "e\x{301}e\x{301}e\x{301}e\x{301}e\x{301}e\x{301}e\x{301}e\x{301}e\x{301}e\x{301}e\x{301}e\x{301}e\x{301}e\x{301}e\x{301}e\x{301}e\x{301}e\x{301}e\x{301}e\x{301}e\x{301}e\x{301}e\x{301}e\x{301}e\x{301}e\x{301}e\x{301}e\x{301}e\x{301}e\x{301}e\x{301}e\x{301} e\x{301} e\x{301}e\x{301}e\x{301}e\x{301}e\x{301}e\x{301}e\x{301}e\x{301}e\x{301}e\x{301}e\x{301}e\x{301}e\x{301}e\x{301}e\x{301}e\x{301}e\x{301}e\x{301}e\x{301}e\x{301}e\x{301}e\x{301}e\x{301}e\x{301}e\x{301}e\x{301}e\x{301}e\x{301}e\x{301}e\x{301}e\x{301}e\x{301}e\x{301}e\x{301}e\x{301}e\x{301}e\x{301}e\x{301}e\x{301}e\x{301}e\x{301}e\x{301}e\x{301} e\x{301}e\x{301}e\x{301}e\x{301}e\x{301}e\x{301}e\x{301}e\x{301}e\x{301}e\x{301}e\x{301}e\x{301}e\x{301}e\x{301}e\x{301}e\x{301}e\x{301}e\x{301}e\x{301}e\x{301}e\x{301}e\x{301}e\x{301}e\x{301}e\x{301}e\x{301}e\x{301}e\x{301}e\x{301}e\x{301} e\x{301}e\x{301}e\x{301}e\x{301}e\x{301}e\x{301}e\x{301}e\x{301}e\x{301}e\x{301}e\x{301}e\x{301}e\x{301}e\x{301}e\x{301}e\x{301}e\x{301}e\x{301}e\x{301}e\x{301}e\x{301}e\x{301}"
          text run at (912,85) width 0: " "
          text run at (0,102) width 912: "e\x{301}e\x{301}e\x{301}e\x{301}e\x{301}e\x{301}e\x{301}e\x{301}e\x{301}e\x{301}e\x{301}e\x{301}e\x{301}e\x{301}e\x{301}e\x{301}e\x{301}e\x{301}e\x{301}e\x{301}e\x{301}e\x{301}e\x{301}e\x{301}e\x{301}e\x{301}e\x{301}e\x{301}e\x{301}e\x{301}e\x{301}e\x{301} e\x{301} e\x{301}e\x{301}e\x{301}e\x{301}e\x{301}e\x{301}e\x{301}e\x{301}e\x{301}e\x{301}e\x{301}e\x{301}e\x{301}e\x{301}e\x{301}e\x{301}e\x{301}e\x{301}e\x{301}e\x{301}e\x{301}e\x{301}e\x{301}e\x{301}e\x{301}e\x{301}e\x{301}e\x{301}e\x{301}e\x{301}e\x{301}e\x{301}e\x{301}e\x{301}e\x{301}e\x{301}e\x{301}e\x{301}e\x{301}e\x{301}e\x{301}e\x{301}e\x{301} e\x{301}e\x{301}e\x{301}e\x{301}e\x{301}e\x{301}e\x{301}e\x{301}e\x{301}e\x{301}e\x{301}e\x{301}e\x{301}e\x{301}e\x{301}e\x{301}e\x{301}e\x{301}e\x{301}e\x{301}e\x{301}e\x{301}e\x{301}e\x{301}e\x{301}e\x{301}e\x{301}e\x{301}e\x{301}e\x{301} e\x{301}e\x{301}e\x{301}e\x{301}e\x{301}e\x{301}e\x{301}e\x{301}e\x{301}e\x{301}e\x{301}e\x{301}e\x{301}e\x{301}e\x{301}e\x{301}e\x{301}e\x{301}e\x{301}e\x{301}e\x{301}e\x{301}"
          text run at (912,102) width 0: " "
          text run at (0,119) width 912: "e\x{301}e\x{301}e\x{301}e\x{301}e\x{301}e\x{301}e\x{301}e\x{301}e\x{301}e\x{301}e\x{301}e\x{301}e\x{301}e\x{301}e\x{301}e\x{301}e\x{301}e\x{301}e\x{301}e\x{301}e\x{301}e\x{301}e\x{301}e\x{301}e\x{301}e\x{301}e\x{301}e\x{301}e\x{301}e\x{301}e\x{301}e\x{301} e\x{301} e\x{301}e\x{301}e\x{301}e\x{301}e\x{301}e\x{301}e\x{301}e\x{301}e\x{301}e\x{301}e\x{301}e\x{301}e\x{301}e\x{301}e\x{301}e\x{301}e\x{301}e\x{301}e\x{301}e\x{301}e\x{301}e\x{301}e\x{301}e\x{301}e\x{301}e\x{301}e\x{301}e\x{301}e\x{301}e\x{301}e\x{301}e\x{301}e\x{301}e\x{301}e\x{301}e\x{301}e\x{301}e\x{301}e\x{301}e\x{301}e\x{301}e\x{301}e\x{301} e\x{301}e\x{301}e\x{301}e\x{301}e\x{301}e\x{301}e\x{301}e\x{301}e\x{301}e\x{301}e\x{301}e\x{301}e\x{301}e\x{301}e\x{301}e\x{301}e\x{301}e\x{301}e\x{301}e\x{301}e\x{301}e\x{301}e\x{301}e\x{301}e\x{301}e\x{301}e\x{301}e\x{301}e\x{301}e\x{301} e\x{301}e\x{301}e\x{301}e\x{301}e\x{301}e\x{301}e\x{301}e\x{301}e\x{301}e\x{301}e\x{301}e\x{301}e\x{301}e\x{301}e\x{301}e\x{301}e\x{301}e\x{301}e\x{301}e\x{301}e\x{301}e\x{301}"
          text run at (912,119) width 0: " "
          text run at (0,136) width 912: "e\x{301}e\x{301}e\x{301}e\x{301}e\x{301}e\x{301}e\x{301}e\x{301}e\x{301}e\x{301}e\x{301}e\x{301}e\x{301}e\x{301}e\x{301}e\x{301}e\x{301}e\x{301}e\x{301}e\x{301}e\x{301}e\x{301}e\x{301}e\x{301}e\x{301}e\x{301}e\x{301}e\x{301}e\x{301}e\x{301}e\x{301}e\x{301} e\x{301} e\x{301}e\x{301}e\x{301}e\x{301}e\x{301}e\x{301}e\x{301}e\x{301}e\x{301}e\x{301}e\x{301}e\x{301}e\x{301}e\x{301}e\x{301}e\x{301}e\x{301}e\x{301}e\x{301}e\x{301}e\x{301}e\x{301}e\x{301}e\x{301}e\x{301}e\x{301}e\x{301}e\x{301}e\x{301}e\x{301}e\x{301}e\x{301}e\x{301}e\x{301}e\x{301}e\x{301}e\x{301}e\x{301}e\x{301}e\x{301}e\x{301}e\x{301}e\x{301} e\x{301}e\x{301}e\x{301}e\x{301}e\x{301}e\x{301}e\x{301}e\x{301}e\x{301}e\x{301}e\x{301}e\x{301}e\x{301}e\x{301}e\x{301}e\x{301}e\x{301}e\x{301}e\x{301}e\x{301}e\x{301}e\x{301}e\x{301}e\x{301}e\x{301}e\x{301}e\x{301}e\x{301}e\x{301}e\x{301} e\x{301}e\x{301}e\x{301}e\x{301}e\x{301}e\x{301}e\x{301}e\x{301}e\x{301}e\x{301}e\x{301}e\x{301}e\x{301}e\x{301}e\x{301}e\x{301}e\x{301}e\x{301}e\x{301}e\x{301}e\x{301}e\x{301}"
          text run at (912,136) width 0: " "
          text run at (0,153) width 912: "e\x{301}e\x{301}e\x{301}e\x{301}e\x{301}e\x{301}e\x{301}e\x{301}e\x{301}e\x{301}e\x{301}e\x{301}e\x{301}e\x{301}e\x{301}e\x{301}e\x{301}e\x{301}e\x{301}e\x{301}e\x{301}e\x{301}e\x{301}e\x{301}e\x{301}e\x{301}e\x{301}e\x{301}e\x{301}e\x{301}e\x{301}e\x{301} e\x{301} e\x{301}e\x{301}e\x{301}e\x{301}e\x{301}e\x{301}e\x{301}e\x{301}e\x{301}e\x{301}e\x{301}e\x{301}e\x{301}e\x{301}e\x{301}e\x{301}e\x{301}e\x{301}e\x{301}e\x{301}e\x{301}e\x{301}e\x{301}e\x{301}e\x{301}e\x{301}e\x{301}e\x{301}e\x{301}e\x{301}e\x{301}e\x{301}e\x{301}e\x{301}e\x{301}e\x{301}e\x{301}e\x{301}e\x{301}e\x{301}e\x{301}e\x{301}e\x{301} e\x{301}e\x{301}e\x{301}e\x{301}e\x{301}e\x{301}e\x{301}e\x{301}e\x{301}e\x{301}e\x{301}e\x{301}e\x{301}e\x{301}e\x{301}e\x{301}e\x{301}e\x{301}e\x{301}e\x{301}e\x{301}e\x{301}e\x{301}e\x{301}e\x{301}e\x{301}e\x{301}e\x{301}e\x{301}e\x{301} e\x{301}e\x{301}e\x{301}e\x{301}e\x{301}e\x{301}e\x{301}e\x{301}e\x{301}e\x{301}e\x{301}e\x{301}e\x{301}e\x{301}e\x{301}e\x{301}e\x{301}e\x{301}e\x{301}e\x{301}e\x{301}e\x{301}"
          text run at (912,153) width 0: " "
          text run at (0,170) width 912: "e\x{301}e\x{301}e\x{301}e\x{301}e\x{301}e\x{301}e\x{301}e\x{301}e\x{301}e\x{301}e\x{301}e\x{301}e\x{301}e\x{301}e\x{301}e\x{301}e\x{301}e\x{301}e\x{301}e\x{301}e\x{301}e\x{301}e\x{301}e\x{301}e\x{301}e\x{301}e\x{301}e\x{301}e\x{301}e\x{301}e\x{301}e\x{301} e\x{301} e\x{301}e\x{301}e\x{301}e\x{301}e\x{301}e\x{301}e\x{301}e\x{301}e\x{301}e\x{301}e\x{301}e\x{301}e\x{301}e\x{301}e\x{301}e\x{301}e\x{301}e\x{301}e\x{301}e\x{301}e\x{301}e\x{301}e\x{301}e\x{301}e\x{301}e\x{301}e\x{301}e\x{301}e\x{301}e\x{301}e\x{301}e\x{301}e\x{301}e\x{301}e\x{301}e\x{301}e\x{301}e\x{301}e\x{301}e\x{301}e\x{301}e\x{301}e\x{301} e\x{301}e\x{301}e\x{301}e\x{301}e\x{301}e\x{301}e\x{301}e\x{301}e\x{301}e\x{301}e\x{301}e\x{301}e\x{301}e\x{301}e\x{301}e\x{301}e\x{301}e\x{301}e\x{301}e\x{301}e\x{301}e\x{301}e\x{301}e\x{301}e\x{301}e\x{301}e\x{301}e\x{301}e\x{301}e\x{301} e\x{301}e\x{301}e\x{301}e\x{301}e\x{301}e\x{301}e\x{301}e\x{301}e\x{301}e\x{301}e\x{301}e\x{301}e\x{301}e\x{301}e\x{301}e\x{301}e\x{301}e\x{301}e\x{301}e\x{301}e\x{301}e\x{301}"
          text run at (912,170) width 0: " "
          text run at (0,187) width 912: "e\x{301}e\x{301}e\x{301}e\x{301}e\x{301}e\x{301}e\x{301}e\x{301}e\x{301}e\x{301}e\x{301}e\x{301}e\x{301}e\x{301}e\x{301}e\x{301}e\x{301}e\x{301}e\x{301}e\x{301}e\x{301}e\x{301}e\x{301}e\x{301}e\x{301}e\x{301}e\x{301}e\x{301}e\x{301}e\x{301}e\x{301}e\x{301} e\x{301} e\x{301}e\x{301}e\x{301}e\x{301}e\x{301}e\x{301}e\x{301}e\x{301}e\x{301}e\x{301}e\x{301}e\x{301}e\x{301}e\x{301}e\x{301}e\x{301}e\x{301}e\x{301}e\x{301}e\x{301}e\x{301}e\x{301}e\x{301}e\x{301}e\x{301}e\x{301}e\x{301}e\x{301}e\x{301}e\x{301}e\x{301}e\x{301}e\x{301}e\x{301}e\x{301}e\x{301}e\x{301}e\x{301}e\x{301}e\x{301}e\x{301}e\x{301}e\x{301} e\x{301}e\x{301}e\x{301}e\x{301}e\x{301}e\x{301}e\x{301}e\x{301}e\x{301}e\x{301}e\x{301}e\x{301}e\x{301}e\x{301}e\x{301}e\x{301}e\x{301}e\x{301}e\x{301}e\x{301}e\x{301}e\x{301}e\x{301}e\x{301}e\x{301}e\x{301}e\x{301}e\x{301}e\x{301}e\x{301} e\x{301}e\x{301}e\x{301}e\x{301}e\x{301}e\x{301}e\x{301}e\x{301}e\x{301}e\x{301}e\x{301}e\x{301}e\x{301}e\x{301}e\x{301}e\x{301}e\x{301}e\x{301}e\x{301}e\x{301}e\x{301}e\x{301}"
          text run at (912,187) width 0: " "
          text run at (0,204) width 912: "e\x{301}e\x{301}e\x{301}e\x{301}e\x{301}e\x{301}e\x{301}e\x{301}e\x{301}e\x{301}e\x{301}e\x{301}e\x{301}e\x{301}e\x{301}e\x{301}e\x{301}e\x{301}e\x{301}e\x{301}e\x{301}e\x{301}e\x{301}e\x{301}e\x{301}e\x{301}e\x{301}e\x{301}e\x{301}e\x{301}e\x{301}e\x{301} e\x{301} e\x{301}e\x{301}e\x{301}e\x{301}e\x{301}e\x{301}e\x{301}e\x{301}e\x{301}e\x{301}e\x{301}e\x{301}e\x{301}e\x{301}e\x{301}e\x{301}e\x{301}e\x{301}e\x{301}e\x{301}e\x{301}e\x{301}e\x{301}e\x{301}e\x{301}e\x{301}e\x{301}e\x{301}e\x{301}e\x{301}e\x{301}e\x{301}e\x{301}e\x{301}e\x{301}e\x{301}e\x{301}e\x{301}e\x{301}e\x{301}e\x{301}e\x{301}e\x{301} e\x{301}e\x{301}e\x{301}e\x{301}e\x{301}e\x{301}e\x{301}e\x{301}e\x{301}e\x{301}e\x{301}e\x{301}e\x{301}e\x{301}e\x{301}e\x{301}e\x{301}e\x{301}e\x{301}e\x{301}e\x{301}e\x{301}e\x{301}e\x{301}e\x{301}e\x{301}e\x{301}e\x{301}e\x{301}e\x{301} e\x{301}e\x{301}e\x{301}e\x{301}e\x{301}e\x{301}e\x{301}e\x{301}e\x{301}e\x{301}e\x{301}e\x{301}e\x{301}e\x{301}e\x{301}e\x{301}e\x{301}e\x{301}e\x{301}e\x{301}e\x{301}e\x{301}"
          text run at (912,204) width 0: " "
          text run at (0,221) width 912: "e\x{301}e\x{301}e\x{301}e\x{301}e\x{301}e\x{301}e\x{301}e\x{301}e\x{301}e\x{301}e\x{301}e\x{301}e\x{301}e\x{301}e\x{301}e\x{301}e\x{301}e\x{301}e\x{301}e\x{301}e\x{301}e\x{301}e\x{301}e\x{301}e\x{301}e\x{301}e\x{301}e\x{301}e\x{301}e\x{301}e\x{301}e\x{301} e\x{301} e\x{301}e\x{301}e\x{301}e\x{301}e\x{301}e\x{301}e\x{301}e\x{301}e\x{301}e\x{301}e\x{301}e\x{301}e\x{301}e\x{301}e\x{301}e\x{301}e\x{301}e\x{301}e\x{301}e\x{301}e\x{301}e\x{301}e\x{301}e\x{301}e\x{301}e\x{301}e\x{301}e\x{301}e\x{301}e\x{301}e\x{301}e\x{301}e\x{301}e\x{301}e\x{301}e\x{301}e\x{301}e\x{301}e\x{301}e\x{301}e\x{301}e\x{301}e\x{301} e\x{301}e\x{301}e\x{301}e\x{301}e\x{301}e\x{301}e\x{301}e\x{301}e\x{301}e\x{301}e\x{301}e\x{301}e\x{301}e\x{301}e\x{301}e\x{301}e\x{301}e\x{301}e\x{301}e\x{301}e\x{301}e\x{301}e\x{301}e\x{301}e\x{301}e\x{301}e\x{301}e\x{301}e\x{301}e\x{301} e\x{301}e\x{301}e\x{301}e\x{301}e\x{301}e\x{301}e\x{301}e\x{301}e\x{301}e\x{301}e\x{301}e\x{301}e\x{301}e\x{301}e\x{301}e\x{301}e\x{301}e\x{301}e\x{301}e\x{301}e\x{301}e\x{301}"
          text run at (912,221) width 0: " "
          text run at (0,238) width 912: "e\x{301}e\x{301}e\x{301}e\x{301}e\x{301}e\x{301}e\x{301}e\x{301}e\x{301}e\x{301}e\x{301}e\x{301}e\x{301}e\x{301}e\x{301}e\x{301}e\x{301}e\x{301}e\x{301}e\x{301}e\x{301}e\x{301}e\x{301}e\x{301}e\x{301}e\x{301}e\x{301}e\x{301}e\x{301}e\x{301}e\x{301}e\x{301} e\x{301} e\x{301}e\x{301}e\x{301}e\x{301}e\x{301}e\x{301}e\x{301}e\x{301}e\x{301}e\x{301}e\x{301}e\x{301}e\x{301}e\x{301}e\x{301}e\x{301}e\x{301}e\x{301}e\x{301}e\x{301}e\x{301}e\x{301}e\x{301}e\x{301}e\x{301}e\x{301}e\x{301}e\x{301}e\x{301}e\x{301}e\x{301}e\x{301}e\x{301}e\x{301}e\x{301}e\x{301}e\x{301}e\x{301}e\x{301}e\x{301}e\x{301}e\x{301}e\x{301} e\x{301}e\x{301}e\x{301}e\x{301}e\x{301}e\x{301}e\x{301}e\x{301}e\x{301}e\x{301}e\x{301}e\x{301}e\x{301}e\x{301}e\x{301}e\x{301}e\x{301}e\x{301}e\x{301}e\x{301}e\x{301}e\x{301}e\x{301}e\x{301}e\x{301}e\x{301}e\x{301}e\x{301}e\x{301}e\x{301} e\x{301}e\x{301}e\x{301}e\x{301}e\x{301}e\x{301}e\x{301}e\x{301}e\x{301}e\x{301}e\x{301}e\x{301}e\x{301}e\x{301}e\x{301}e\x{301}e\x{301}e\x{301}e\x{301}e\x{301}e\x{301}e\x{301}"
          text run at (912,238) width 0: " "
          text run at (0,255) width 912: "e\x{301}e\x{301}e\x{301}e\x{301}e\x{301}e\x{301}e\x{301}e\x{301}e\x{301}e\x{301}e\x{301}e\x{301}e\x{301}e\x{301}e\x{301}e\x{301}e\x{301}e\x{301}e\x{301}e\x{301}e\x{301}e\x{301}e\x{301}e\x{301}e\x{301}e\x{301}e\x{301}e\x{301}e\x{301}e\x{301}e\x{301}e\x{301} e\x{301} e\x{301}e\x{301}e\x{301}e\x{301}e\x{301}e\x{301}e\x{301}e\x{301}e\x{301}e\x{301}e\x{301}e\x{301}e\x{301}e\x{301}e\x{301}e\x{301}e\x{301}e\x{301}e\x{301}e\x{301}e\x{301}e\x{301}e\x{301}e\x{301}e\x{301}e\x{301}e\x{301}e\x{301}e\x{301}e\x{301}e\x{301}e\x{301}e\x{301}e\x{301}e\x{301}e\x{301}e\x{301}e\x{301}e\x{301}e\x{301}e\x{301}e\x{301}e\x{301} e\x{301}e\x{301}e\x{301}e\x{301}e\x{301}e\x{301}e\x{301}e\x{301}e\x{301}e\x{301}e\x{301}e\x{301}e\x{301}e\x{301}e\x{301}e\x{301}e\x{301}e\x{301}e\x{301}e\x{301}e\x{301}e\x{301}e\x{301}e\x{301}e\x{301}e\x{301}e\x{301}e\x{301}e\x{301}e\x{301} e\x{301}e\x{301}e\x{301}e\x{301}e\x{301}e\x{301}e\x{301}e\x{301}e\x{301}e\x{301}e\x{301}e\x{301}e\x{301}e\x{301}e\x{301}e\x{301}e\x{301}e\x{301}e\x{301}e\x{301}e\x{301}e\x{301}"
          text run at (912,255) width 0: " "
          text run at (0,272) width 912: "e\x{301}e\x{301}e\x{301}e\x{301}e\x{301}e\x{301}e\x{301}e\x{301}e\x{301}e\x{301}e\x{301}e\x{301}e\x{301}e\x{301}e\x{301}e\x{301}e\x{301}e\x{301}e\x{301}e\x{301}e\x{301}e\x{301}e\x{301}e\x{301}e\x{301}e\x{301}e\x{301}e\x{301}e\x{301}e\x{301}e\x{301}e\x{301} e\x{301} e\x{301}e\x{301}e\x{301}e\x{301}e\x{301}e\x{301}e\x{301}e\x{301}e\x{301}e\x{301}e\x{301}e\x{301}e\x{301}e\x{301}e\x{301}e\x{301}e\x{301}e\x{301}e\x{301}e\x{301}e\x{301}e\x{301}e\x{301}e\x{301}e\x{301}e\x{301}e\x{301}e\x{301}e\x{301}e\x{301}e\x{301}e\x{301}e\x{301}e\x{301}e\x{301}e\x{301}e\x{301}e\x{301}e\x{301}e\x{301}e\x{301}e\x{301}e\x{301} e\x{301}e\x{301}e\x{301}e\x{301}e\x{301}e\x{301}e\x{301}e\x{301}e\x{301}e\x{301}e\x{301}e\x{301}e\x{301}e\x{301}e\x{301}e\x{301}e\x{301}e\x{301}e\x{301}e\x{301}e\x{301}e\x{301}e\x{301}e\x{301}e\x{301}e\x{301}e\x{301}e\x{301}e\x{301}e\x{301} e\x{301}e\x{301}e\x{301}e\x{301}e\x{301}e\x{301}e\x{301}e\x{301}e\x{301}e\x{301}e\x{301}e\x{301}e\x{301}e\x{301}e\x{301}e\x{301}e\x{301}e\x{301}e\x{301}e\x{301}e\x{301}e\x{301}"
          text run at (912,272) width 0: " "
          text run at (0,289) width 912: "e\x{301}e\x{301}e\x{301}e\x{301}e\x{301}e\x{301}e\x{301}e\x{301}e\x{301}e\x{301}e\x{301}e\x{301}e\x{301}e\x{301}e\x{301}e\x{301}e\x{301}e\x{301}e\x{301}e\x{301}e\x{301}e\x{301}e\x{301}e\x{301}e\x{301}e\x{301}e\x{301}e\x{301}e\x{301}e\x{301}e\x{301}e\x{301} e\x{301} e\x{301}e\x{301}e\x{301}e\x{301}e\x{301}e\x{301}e\x{301}e\x{301}e\x{301}e\x{301}e\x{301}e\x{301}e\x{301}e\x{301}e\x{301}e\x{301}e\x{301}e\x{301}e\x{301}e\x{301}e\x{301}e\x{301}e\x{301}e\x{301}e\x{301}e\x{301}e\x{301}e\x{301}e\x{301}e\x{301}e\x{301}e\x{301}e\x{301}e\x{301}e\x{301}e\x{301}e\x{301}e\x{301}e\x{301}e\x{301}e\x{301}e\x{301}e\x{301} e\x{301}e\x{301}e\x{301}e\x{301}e\x{301}e\x{301}e\x{301}e\x{301}e\x{301}e\x{301}e\x{301}e\x{301}e\x{301}e\x{301}e\x{301}e\x{301}e\x{301}e\x{301}e\x{301}e\x{301}e\x{301}e\x{301}e\x{301}e\x{301}e\x{301}e\x{301}e\x{301}e\x{301}e\x{301}e\x{301} e\x{301}e\x{301}e\x{301}e\x{301}e\x{301}e\x{301}e\x{301}e\x{301}e\x{301}e\x{301}e\x{301}e\x{301}e\x{301}e\x{301}e\x{301}e\x{301}e\x{301}e\x{301}e\x{301}e\x{301}e\x{301}e\x{301}"
          text run at (912,289) width 0: " "
          text run at (0,306) width 912: "e\x{301}e\x{301}e\x{301}e\x{301}e\x{301}e\x{301}e\x{301}e\x{301}e\x{301}e\x{301}e\x{301}e\x{301}e\x{301}e\x{301}e\x{301}e\x{301}e\x{301}e\x{301}e\x{301}e\x{301}e\x{301}e\x{301}e\x{301}e\x{301}e\x{301}e\x{301}e\x{301}e\x{301}e\x{301}e\x{301}e\x{301}e\x{301} e\x{301} e\x{301}e\x{301}e\x{301}e\x{301}e\x{301}e\x{301}e\x{301}e\x{301}e\x{301}e\x{301}e\x{301}e\x{301}e\x{301}e\x{301}e\x{301}e\x{301}e\x{301}e\x{301}e\x{301}e\x{301}e\x{301}e\x{301}e\x{301}e\x{301}e\x{301}e\x{301}e\x{301}e\x{301}e\x{301}e\x{301}e\x{301}e\x{301}e\x{301}e\x{301}e\x{301}e\x{301}e\x{301}e\x{301}e\x{301}e\x{301}e\x{301}e\x{301}e\x{301} e\x{301}e\x{301}e\x{301}e\x{301}e\x{301}e\x{301}e\x{301}e\x{301}e\x{301}e\x{301}e\x{301}e\x{301}e\x{301}e\x{301}e\x{301}e\x{301}e\x{301}e\x{301}e\x{301}e\x{301}e\x{301}e\x{301}e\x{301}e\x{301}e\x{301}e\x{301}e\x{301}e\x{301}e\x{301}e\x{301} e\x{301}e\x{301}e\x{301}e\x{301}e\x{301}e\x{301}e\x{301}e\x{301}e\x{301}e\x{301}e\x{301}e\x{301}e\x{301}e\x{301}e\x{301}e\x{301}e\x{301}e\x{301}e\x{301}e\x{301}e\x{301}e\x{301}"
          text run at (912,306) width 0: " "
          text run at (0,323) width 912: "e\x{301}e\x{301}e\x{301}e\x{301}e\x{301}e\x{301}e\x{301}e\x{301}e\x{301}e\x{301}e\x{301}e\x{301}e\x{301}e\x{301}e\x{301}e\x{301}e\x{301}e\x{301}e\x{301}e\x{301}e\x{301}e\x{301}e\x{301}e\x{301}e\x{301}e\x{301}e\x{301}e\x{301}e\x{301}e\x{301}e\x{301}e\x{301} e\x{301} e\x{301}e\x{301}e\x{301}e\x{301}e\x{301}e\x{301}e\x{301}e\x{301}e\x{301}e\x{301}e\x{301}e\x{301}e\x{301}e\x{301}e\x{301}e\x{301}e\x{301}e\x{301}e\x{301}e\x{301}e\x{301}e\x{301}e\x{301}e\x{301}e\x{301}e\x{301}e\x{301}e\x{301}e\x{301}e\x{301}e\x{301}e\x{301}e\x{301}e\x{301}e\x{301}e\x{301}e\x{301}e\x{301}e\x{301}e\x{301}e\x{301}e\x{301}e\x{301} e\x{301}e\x{301}e\x{301}e\x{301}e\x{301}e\x{301}e\x{301}e\x{301}e\x{301}e\x{301}e\x{301}e\x{301}e\x{301}e\x{301}e\x{301}e\x{301}e\x{301}e\x{301}e\x{301}e\x{301}e\x{301}e\x{301}e\x{301}e\x{301}e\x{301}e\x{301}e\x{301}e\x{301}e\x{301}e\x{301} e\x{301}e\x{301}e\x{301}e\x{301}e\x{301}e\x{301}e\x{301}e\x{301}e\x{301}e\x{301}e\x{301}e\x{301}e\x{301}e\x{301}e\x{301}e\x{301}e\x{301}e\x{301}e\x{301}e\x{301}e\x{301}e\x{301}"
          text run at (912,323) width 0: " "
          text run at (0,340) width 912: "e\x{301}e\x{301}e\x{301}e\x{301}e\x{301}e\x{301}e\x{301}e\x{301}e\x{301}e\x{301}e\x{301}e\x{301}e\x{301}e\x{301}e\x{301}e\x{301}e\x{301}e\x{301}e\x{301}e\x{301}e\x{301}e\x{301}e\x{301}e\x{301}e\x{301}e\x{301}e\x{301}e\x{301}e\x{301}e\x{301}e\x{301}e\x{301} e\x{301} e\x{301}e\x{301}e\x{301}e\x{301}e\x{301}e\x{301}e\x{301}e\x{301}e\x{301}e\x{301}e\x{301}e\x{301}e\x{301}e\x{301}e\x{301}e\x{301}e\x{301}e\x{301}e\x{301}e\x{301}e\x{301}e\x{301}e\x{301}e\x{301}e\x{301}e\x{301}e\x{301}e\x{301}e\x{301}e\x{301}e\x{301}e\x{301}e\x{301}e\x{301}e\x{301}e\x{301}e\x{301}e\x{301}e\x{301}e\x{301}e\x{301}e\x{301}e\x{301} e\x{301}e\x{301}e\x{301}e\x{301}e\x{301}e\x{301}e\x{301}e\x{301}e\x{301}e\x{301}e\x{301}e\x{301}e\x{301}e\x{301}e\x{301}e\x{301}e\x{301}e\x{301}e\x{301}e\x{301}e\x{301}e\x{301}e\x{301}e\x{301}e\x{301}e\x{301}e\x{301}e\x{301}e\x{301}e\x{301} e\x{301}e\x{301}e\x{301}e\x{301}e\x{301}e\x{301}e\x{301}e\x{301}e\x{301}e\x{301}e\x{301}e\x{301}e\x{301}e\x{301}e\x{301}e\x{301}e\x{301}e\x{301}e\x{301}e\x{301}e\x{301}e\x{301}"
          text run at (912,340) width 0: " "
          text run at (0,357) width 912: "e\x{301}e\x{301}e\x{301}e\x{301}e\x{301}e\x{301}e\x{301}e\x{301}e\x{301}e\x{301}e\x{301}e\x{301}e\x{301}e\x{301}e\x{301}e\x{301}e\x{301}e\x{301}e\x{301}e\x{301}e\x{301}e\x{301}e\x{301}e\x{301}e\x{301}e\x{301}e\x{301}e\x{301}e\x{301}e\x{301}e\x{301}e\x{301} e\x{301} e\x{301}e\x{301}e\x{301}e\x{301}e\x{301}e\x{301}e\x{301}e\x{301}e\x{301}e\x{301}e\x{301}e\x{301}e\x{301}e\x{301}e\x{301}e\x{301}e\x{301}e\x{301}e\x{301}e\x{301}e\x{301}e\x{301}e\x{301}e\x{301}e\x{301}e\x{301}e\x{301}e\x{301}e\x{301}e\x{301}e\x{301}e\x{301}e\x{301}e\x{301}e\x{301}e\x{301}e\x{301}e\x{301}e\x{301}e\x{301}e\x{301}e\x{301}e\x{301} e\x{301}e\x{301}e\x{301}e\x{301}e\x{301}e\x{301}e\x{301}e\x{301}e\x{301}e\x{301}e\x{301}e\x{301}e\x{301}e\x{301}e\x{301}e\x{301}e\x{301}e\x{301}e\x{301}e\x{301}e\x{301}e\x{301}e\x{301}e\x{301}e\x{301}e\x{301}e\x{301}e\x{301}e\x{301}e\x{301} e\x{301}e\x{301}e\x{301}e\x{301}e\x{301}e\x{301}e\x{301}e\x{301}e\x{301}e\x{301}e\x{301}e\x{301}e\x{301}e\x{301}e\x{301}e\x{301}e\x{301}e\x{301}e\x{301}e\x{301}e\x{301}e\x{301}"
          text run at (912,357) width 0: " "
          text run at (0,374) width 912: "e\x{301}e\x{301}e\x{301}e\x{301}e\x{301}e\x{301}e\x{301}e\x{301}e\x{301}e\x{301}e\x{301}e\x{301}e\x{301}e\x{301}e\x{301}e\x{301}e\x{301}e\x{301}e\x{301}e\x{301}e\x{301}e\x{301}e\x{301}e\x{301}e\x{301}e\x{301}e\x{301}e\x{301}e\x{301}e\x{301}e\x{301}e\x{301} e\x{301} e\x{301}e\x{301}e\x{301}e\x{301}e\x{301}e\x{301}e\x{301}e\x{301}e\x{301}e\x{301}e\x{301}e\x{301}e\x{301}e\x{301}e\x{301}e\x{301}e\x{301}e\x{301}e\x{301}e\x{301}e\x{301}e\x{301}e\x{301}e\x{301}e\x{301}e\x{301}e\x{301}e\x{301}e\x{301}e\x{301}e\x{301}e\x{301}e\x{301}e\x{301}e\x{301}e\x{301}e\x{301}e\x{301}e\x{301}e\x{301}e\x{301}e\x{301}e\x{301} e\x{301}e\x{301}e\x{301}e\x{301}e\x{301}e\x{301}e\x{301}e\x{301}e\x{301}e\x{301}e\x{301}e\x{301}e\x{301}e\x{301}e\x{301}e\x{301}e\x{301}e\x{301}e\x{301}e\x{301}e\x{301}e\x{301}e\x{301}e\x{301}e\x{301}e\x{301}e\x{301}e\x{301}e\x{301}e\x{301} e\x{301}e\x{301}e\x{301}e\x{301}e\x{301}e\x{301}e\x{301}e\x{301}e\x{301}e\x{301}e\x{301}e\x{301}e\x{301}e\x{301}e\x{301}e\x{301}e\x{301}e\x{301}e\x{301}e\x{301}e\x{301}e\x{301}"
          text run at (912,374) width 0: " "
          text run at (0,391) width 912: "e\x{301}e\x{301}e\x{301}e\x{301}e\x{301}e\x{301}e\x{301}e\x{301}e\x{301}e\x{301}e\x{301}e\x{301}e\x{301}e\x{301}e\x{301}e\x{301}e\x{301}e\x{301}e\x{301}e\x{301}e\x{301}e\x{301}e\x{301}e\x{301}e\x{301}e\x{301}e\x{301}e\x{301}e\x{301}e\x{301}e\x{301}e\x{301} e\x{301} e\x{301}e\x{301}e\x{301}e\x{301}e\x{301}e\x{301}e\x{301}e\x{301}e\x{301}e\x{301}e\x{301}e\x{301}e\x{301}e\x{301}e\x{301}e\x{301}e\x{301}e\x{301}e\x{301}e\x{301}e\x{301}e\x{301}e\x{301}e\x{301}e\x{301}e\x{301}e\x{301}e\x{301}e\x{301}e\x{301}e\x{301}e\x{301}e\x{301}e\x{301}e\x{301}e\x{301}e\x{301}e\x{301}e\x{301}e\x{301}e\x{301}e\x{301}e\x{301} e\x{301}e\x{301}e\x{301}e\x{301}e\x{301}e\x{301}e\x{301}e\x{301}e\x{301}e\x{301}e\x{301}e\x{301}e\x{301}e\x{301}e\x{301}e\x{301}e\x{301}e\x{301}e\x{301}e\x{301}e\x{301}e\x{301}e\x{301}e\x{301}e\x{301}e\x{301}e\x{301}e\x{301}e\x{301}e\x{301} e\x{301}e\x{301}e\x{301}e\x{301}e\x{301}e\x{301}e\x{301}e\x{301}e\x{301}e\x{301}e\x{301}e\x{301}e\x{301}e\x{301}e\x{301}e\x{301}e\x{301}e\x{301}e\x{301}e\x{301}e\x{301}e\x{301}"
          text run at (912,391) width 0: " "
          text run at (0,408) width 912: "e\x{301}e\x{301}e\x{301}e\x{301}e\x{301}e\x{301}e\x{301}e\x{301}e\x{301}e\x{301}e\x{301}e\x{301}e\x{301}e\x{301}e\x{301}e\x{301}e\x{301}e\x{301}e\x{301}e\x{301}e\x{301}e\x{301}e\x{301}e\x{301}e\x{301}e\x{301}e\x{301}e\x{301}e\x{301}e\x{301}e\x{301}e\x{301} e\x{301} e\x{301}e\x{301}e\x{301}e\x{301}e\x{301}e\x{301}e\x{301}e\x{301}e\x{301}e\x{301}e\x{301}e\x{301}e\x{301}e\x{301}e\x{301}e\x{301}e\x{301}e\x{301}e\x{301}e\x{301}e\x{301}e\x{301}e\x{301}e\x{301}e\x{301}e\x{301}e\x{301}e\x{301}e\x{301}e\x{301}e\x{301}e\x{301}e\x{301}e\x{301}e\x{301}e\x{301}e\x{301}e\x{301}e\x{301}e\x{301}e\x{301}e\x{301}e\x{301} e\x{301}e\x{301}e\x{301}e\x{301}e\x{301}e\x{301}e\x{301}e\x{301}e\x{301}e\x{301}e\x{301}e\x{301}e\x{301}e\x{301}e\x{301}e\x{301}e\x{301}e\x{301}e\x{301}e\x{301}e\x{301}e\x{301}e\x{301}e\x{301}e\x{301}e\x{301}e\x{301}e\x{301}e\x{301}e\x{301} e\x{301}e\x{301}e\x{301}e\x{301}e\x{301}e\x{301}e\x{301}e\x{301}e\x{301}e\x{301}e\x{301}e\x{301}e\x{301}e\x{301}e\x{301}e\x{301}e\x{301}e\x{301}e\x{301}e\x{301}e\x{301}e\x{301}"
          text run at (912,408) width 0: " "
          text run at (0,425) width 912: "e\x{301}e\x{301}e\x{301}e\x{301}e\x{301}e\x{301}e\x{301}e\x{301}e\x{301}e\x{301}e\x{301}e\x{301}e\x{301}e\x{301}e\x{301}e\x{301}e\x{301}e\x{301}e\x{301}e\x{301}e\x{301}e\x{301}e\x{301}e\x{301}e\x{301}e\x{301}e\x{301}e\x{301}e\x{301}e\x{301}e\x{301}e\x{301} e\x{301} e\x{301}e\x{301}e\x{301}e\x{301}e\x{301}e\x{301}e\x{301}e\x{301}e\x{301}e\x{301}e\x{301}e\x{301}e\x{301}e\x{301}e\x{301}e\x{301}e\x{301}e\x{301}e\x{301}e\x{301}e\x{301}e\x{301}e\x{301}e\x{301}e\x{301}e\x{301}e\x{301}e\x{301}e\x{301}e\x{301}e\x{301}e\x{301}e\x{301}e\x{301}e\x{301}e\x{301}e\x{301}e\x{301}e\x{301}e\x{301}e\x{301}e\x{301}e\x{301} e\x{301}e\x{301}e\x{301}e\x{301}e\x{301}e\x{301}e\x{301}e\x{301}e\x{301}e\x{301}e\x{301}e\x{301}e\x{301}e\x{301}e\x{301}e\x{301}e\x{301}e\x{301}e\x{301}e\x{301}e\x{301}e\x{301}e\x{301}e\x{301}e\x{301}e\x{301}e\x{301}e\x{301}e\x{301}e\x{301} e\x{301}e\x{301}e\x{301}e\x{301}e\x{301}e\x{301}e\x{301}e\x{301}e\x{301}e\x{301}e\x{301}e\x{301}e\x{301}e\x{301}e\x{301}e\x{301}e\x{301}e\x{301}e\x{301}e\x{301}e\x{301}e\x{301}"
          text run at (912,425) width 0: " "
          text run at (0,442) width 912: "e\x{301}e\x{301}e\x{301}e\x{301}e\x{301}e\x{301}e\x{301}e\x{301}e\x{301}e\x{301}e\x{301}e\x{301}e\x{301}e\x{301}e\x{301}e\x{301}e\x{301}e\x{301}e\x{301}e\x{301}e\x{301}e\x{301}e\x{301}e\x{301}e\x{301}e\x{301}e\x{301}e\x{301}e\x{301}e\x{301}e\x{301}e\x{301} e\x{301} e\x{301}e\x{301}e\x{301}e\x{301}e\x{301}e\x{301}e\x{301}e\x{301}e\x{301}e\x{301}e\x{301}e\x{301}e\x{301}e\x{301}e\x{301}e\x{301}e\x{301}e\x{301}e\x{301}e\x{301}e\x{301}e\x{301}e\x{301}e\x{301}e\x{301}e\x{301}e\x{301}e\x{301}e\x{301}e\x{301}e\x{301}e\x{301}e\x{301}e\x{301}e\x{301}e\x{301}e\x{301}e\x{301}e\x{301}e\x{301}e\x{301}e\x{301}e\x{301} e\x{301}e\x{301}e\x{301}e\x{301}e\x{301}e\x{301}e\x{301}e\x{301}e\x{301}e\x{301}e\x{301}e\x{301}e\x{301}e\x{301}e\x{301}e\x{301}e\x{301}e\x{301}e\x{301}e\x{301}e\x{301}e\x{301}e\x{301}e\x{301}e\x{301}e\x{301}e\x{301}e\x{301}e\x{301}e\x{301} e\x{301}e\x{301}e\x{301}e\x{301}e\x{301}e\x{301}e\x{301}e\x{301}e\x{301}e\x{301}e\x{301}e\x{301}e\x{301}e\x{301}e\x{301}e\x{301}e\x{301}e\x{301}e\x{301}e\x{301}e\x{301}e\x{301}"
          text run at (912,442) width 0: " "
          text run at (0,459) width 912: "e\x{301}e\x{301}e\x{301}e\x{301}e\x{301}e\x{301}e\x{301}e\x{301}e\x{301}e\x{301}e\x{301}e\x{301}e\x{301}e\x{301}e\x{301}e\x{301}e\x{301}e\x{301}e\x{301}e\x{301}e\x{301}e\x{301}e\x{301}e\x{301}e\x{301}e\x{301}e\x{301}e\x{301}e\x{301}e\x{301}e\x{301}e\x{301} e\x{301} e\x{301}e\x{301}e\x{301}e\x{301}e\x{301}e\x{301}e\x{301}e\x{301}e\x{301}e\x{301}e\x{301}e\x{301}e\x{301}e\x{301}e\x{301}e\x{301}e\x{301}e\x{301}e\x{301}e\x{301}e\x{301}e\x{301}e\x{301}e\x{301}e\x{301}e\x{301}e\x{301}e\x{301}e\x{301}e\x{301}e\x{301}e\x{301}e\x{301}e\x{301}e\x{301}e\x{301}e\x{301}e\x{301}e\x{301}e\x{301}e\x{301}e\x{301}e\x{301} e\x{301}e\x{301}e\x{301}e\x{301}e\x{301}e\x{301}e\x{301}e\x{301}e\x{301}e\x{301}e\x{301}e\x{301}e\x{301}e\x{301}e\x{301}e\x{301}e\x{301}e\x{301}e\x{301}e\x{301}e\x{301}e\x{301}e\x{301}e\x{301}e\x{301}e\x{301}e\x{301}e\x{301}e\x{301}e\x{301} e\x{301}e\x{301}e\x{301}e\x{301}e\x{301}e\x{301}e\x{301}e\x{301}e\x{301}e\x{301}e\x{301}e\x{301}e\x{301}e\x{301}e\x{301}e\x{301}e\x{301}e\x{301}e\x{301}e\x{301}e\x{301}e\x{301}"
          text run at (912,459) width 0: " "
          text run at (0,476) width 912: "e\x{301}e\x{301}e\x{301}e\x{301}e\x{301}e\x{301}e\x{301}e\x{301}e\x{301}e\x{301}e\x{301}e\x{301}e\x{301}e\x{301}e\x{301}e\x{301}e\x{301}e\x{301}e\x{301}e\x{301}e\x{301}e\x{301}e\x{301}e\x{301}e\x{301}e\x{301}e\x{301}e\x{301}e\x{301}e\x{301}e\x{301}e\x{301} e\x{301} e\x{301}e\x{301}e\x{301}e\x{301}e\x{301}e\x{301}e\x{301}e\x{301}e\x{301}e\x{301}e\x{301}e\x{301}e\x{301}e\x{301}e\x{301}e\x{301}e\x{301}e\x{301}e\x{301}e\x{301}e\x{301}e\x{301}e\x{301}e\x{301}e\x{301}e\x{301}e\x{301}e\x{301}e\x{301}e\x{301}e\x{301}e\x{301}e\x{301}e\x{301}e\x{301}e\x{301}e\x{301}e\x{301}e\x{301}e\x{301}e\x{301}e\x{301}e\x{301} e\x{301}e\x{301}e\x{301}e\x{301}e\x{301}e\x{301}e\x{301}e\x{301}e\x{301}e\x{301}e\x{301}e\x{301}e\x{301}e\x{301}e\x{301}e\x{301}e\x{301}e\x{301}e\x{301}e\x{301}e\x{301}e\x{301}e\x{301}e\x{301}e\x{301}e\x{301}e\x{301}e\x{301}e\x{301}e\x{301} e\x{301}e\x{301}e\x{301}e\x{301}e\x{301}e\x{301}e\x{301}e\x{301}e\x{301}e\x{301}e\x{301}e\x{301}e\x{301}e\x{301}e\x{301}e\x{301}e\x{301}e\x{301}e\x{301}e\x{301}e\x{301}e\x{301}"
          text run at (912,476) width 0: " "
          text run at (0,493) width 912: "e\x{301}e\x{301}e\x{301}e\x{301}e\x{301}e\x{301}e\x{301}e\x{301}e\x{301}e\x{301}e\x{301}e\x{301}e\x{301}e\x{301}e\x{301}e\x{301}e\x{301}e\x{301}e\x{301}e\x{301}e\x{301}e\x{301}e\x{301}e\x{301}e\x{301}e\x{301}e\x{301}e\x{301}e\x{301}e\x{301}e\x{301}e\x{301} e\x{301} e\x{301}e\x{301}e\x{301}e\x{301}e\x{301}e\x{301}e\x{301}e\x{301}e\x{301}e\x{301}e\x{301}e\x{301}e\x{301}e\x{301}e\x{301}e\x{301}e\x{301}e\x{301}e\x{301}e\x{301}e\x{301}e\x{301}e\x{301}e\x{301}e\x{301}e\x{301}e\x{301}e\x{301}e\x{301}e\x{301}e\x{301}e\x{301}e\x{301}e\x{301}e\x{301}e\x{301}e\x{301}e\x{301}e\x{301}e\x{301}e\x{301}e\x{301}e\x{301} e\x{301}e\x{301}e\x{301}e\x{301}e\x{301}e\x{301}e\x{301}e\x{301}e\x{301}e\x{301}e\x{301}e\x{301}e\x{301}e\x{301}e\x{301}e\x{301}e\x{301}e\x{301}e\x{301}e\x{301}e\x{301}e\x{301}e\x{301}e\x{301}e\x{301}e\x{301}e\x{301}e\x{301}e\x{301}e\x{301} e\x{301}e\x{301}e\x{301}e\x{301}e\x{301}e\x{301}e\x{301}e\x{301}e\x{301}e\x{301}e\x{301}e\x{301}e\x{301}e\x{301}e\x{301}e\x{301}e\x{301}e\x{301}e\x{301}e\x{301}e\x{301}e\x{301}"
          text run at (912,493) width 0: " "
          text run at (0,510) width 912: "e\x{301}e\x{301}e\x{301}e\x{301}e\x{301}e\x{301}e\x{301}e\x{301}e\x{301}e\x{301}e\x{301}e\x{301}e\x{301}e\x{301}e\x{301}e\x{301}e\x{301}e\x{301}e\x{301}e\x{301}e\x{301}e\x{301}e\x{301}e\x{301}e\x{301}e\x{301}e\x{301}e\x{301}e\x{301}e\x{301}e\x{301}e\x{301} e\x{301} e\x{301}e\x{301}e\x{301}e\x{301}e\x{301}e\x{301}e\x{301}e\x{301}e\x{301}e\x{301}e\x{301}e\x{301}e\x{301}e\x{301}e\x{301}e\x{301}e\x{301}e\x{301}e\x{301}e\x{301}e\x{301}e\x{301}e\x{301}e\x{301}e\x{301}e\x{301}e\x{301}e\x{301}e\x{301}e\x{301}e\x{301}e\x{301}e\x{301}e\x{301}e\x{301}e\x{301}e\x{301}e\x{301}e\x{301}e\x{301}e\x{301}e\x{301}e\x{301} e\x{301}e\x{301}e\x{301}e\x{301}e\x{301}e\x{301}e\x{301}e\x{301}e\x{301}e\x{301}e\x{301}e\x{301}e\x{301}e\x{301}e\x{301}e\x{301}e\x{301}e\x{301}e\x{301}e\x{301}e\x{301}e\x{301}e\x{301}e\x{301}e\x{301}e\x{301}e\x{301}e\x{301}e\x{301}e\x{301} e\x{301}e\x{301}e\x{301}e\x{301}e\x{301}e\x{301}e\x{301}e\x{301}e\x{301}e\x{301}e\x{301}e\x{301}e\x{301}e\x{301}e\x{301}e\x{301}e\x{301}e\x{301}e\x{301}e\x{301}e\x{301}e\x{301}"
          text run at (912,510) width 0: " "
          text run at (0,527) width 912: "e\x{301}e\x{301}e\x{301}e\x{301}e\x{301}e\x{301}e\x{301}e\x{301}e\x{301}e\x{301}e\x{301}e\x{301}e\x{301}e\x{301}e\x{301}e\x{301}e\x{301}e\x{301}e\x{301}e\x{301}e\x{301}e\x{301}e\x{301}e\x{301}e\x{301}e\x{301}e\x{301}e\x{301}e\x{301}e\x{301}e\x{301}e\x{301} e\x{301} e\x{301}e\x{301}e\x{301}e\x{301}e\x{301}e\x{301}e\x{301}e\x{301}e\x{301}e\x{301}e\x{301}e\x{301}e\x{301}e\x{301}e\x{301}e\x{301}e\x{301}e\x{301}e\x{301}e\x{301}e\x{301}e\x{301}e\x{301}e\x{301}e\x{301}e\x{301}e\x{301}e\x{301}e\x{301}e\x{301}e\x{301}e\x{301}e\x{301}e\x{301}e\x{301}e\x{301}e\x{301}e\x{301}e\x{301}e\x{301}e\x{301}e\x{301}e\x{301} e\x{301}e\x{301}e\x{301}e\x{301}e\x{301}e\x{301}e\x{301}e\x{301}e\x{301}e\x{301}e\x{301}e\x{301}e\x{301}e\x{301}e\x{301}e\x{301}e\x{301}e\x{301}e\x{301}e\x{301}e\x{301}e\x{301}e\x{301}e\x{301}e\x{301}e\x{301}e\x{301}e\x{301}e\x{301}e\x{301} e\x{301}e\x{301}e\x{301}e\x{301}e\x{301}e\x{301}e\x{301}e\x{301}e\x{301}e\x{301}e\x{301}e\x{301}e\x{301}e\x{301}e\x{301}e\x{301}e\x{301}e\x{301}e\x{301}e\x{301}e\x{301}e\x{301}"
          text run at (912,527) width 0: " "
          text run at (0,544) width 912: "e\x{301}e\x{301}e\x{301}e\x{301}e\x{301}e\x{301}e\x{301}e\x{301}e\x{301}e\x{301}e\x{301}e\x{301}e\x{301}e\x{301}e\x{301}e\x{301}e\x{301}e\x{301}e\x{301}e\x{301}e\x{301}e\x{301}e\x{301}e\x{301}e\x{301}e\x{301}e\x{301}e\x{301}e\x{301}e\x{301}e\x{301}e\x{301} e\x{301} e\x{301}e\x{301}e\x{301}e\x{301}e\x{301}e\x{301}e\x{301}e\x{301}e\x{301}e\x{301}e\x{301}e\x{301}e\x{301}e\x{301}e\x{301}e\x{301}e\x{301}e\x{301}e\x{301}e\x{301}e\x{301}e\x{301}e\x{301}e\x{301}e\x{301}e\x{301}e\x{301}e\x{301}e\x{301}e\x{301}e\x{301}e\x{301}e\x{301}e\x{301}e\x{301}e\x{301}e\x{301}e\x{301}e\x{301}e\x{301}e\x{301}e\x{301}e\x{301} e\x{301}e\x{301}e\x{301}e\x{301}e\x{301}e\x{301}e\x{301}e\x{301}e\x{301}e\x{301}e\x{301}e\x{301}e\x{301}e\x{301}e\x{301}e\x{301}e\x{301}e\x{301}e\x{301}e\x{301}e\x{301}e\x{301}e\x{301}e\x{301}e\x{301}e\x{301}e\x{301}e\x{301}e\x{301}e\x{301} e\x{301}e\x{301}e\x{301}e\x{301}e\x{301}e\x{301}e\x{301}e\x{301}e\x{301}e\x{301}e\x{301}e\x{301}e\x{301}e\x{301}e\x{301}e\x{301}e\x{301}e\x{301}e\x{301}e\x{301}e\x{301}e\x{301}"
          text run at (912,544) width 0: " "
          text run at (0,561) width 912: "e\x{301}e\x{301}e\x{301}e\x{301}e\x{301}e\x{301}e\x{301}e\x{301}e\x{301}e\x{301}e\x{301}e\x{301}e\x{301}e\x{301}e\x{301}e\x{301}e\x{301}e\x{301}e\x{301}e\x{301}e\x{301}e\x{301}e\x{301}e\x{301}e\x{301}e\x{301}e\x{301}e\x{301}e\x{301}e\x{301}e\x{301}e\x{301} e\x{301} e\x{301}e\x{301}e\x{301}e\x{301}e\x{301}e\x{301}e\x{301}e\x{301}e\x{301}e\x{301}e\x{301}e\x{301}e\x{301}e\x{301}e\x{301}e\x{301}e\x{301}e\x{301}e\x{301}e\x{301}e\x{301}e\x{301}e\x{301}e\x{301}e\x{301}e\x{301}e\x{301}e\x{301}e\x{301}e\x{301}e\x{301}e\x{301}e\x{301}e\x{301}e\x{301}e\x{301}e\x{301}e\x{301}e\x{301}e\x{301}e\x{301}e\x{301}e\x{301} e\x{301}e\x{301}e\x{301}e\x{301}e\x{301}e\x{301}e\x{301}e\x{301}e\x{301}e\x{301}e\x{301}e\x{301}e\x{301}e\x{301}e\x{301}e\x{301}e\x{301}e\x{301}e\x{301}e\x{301}e\x{301}e\x{301}e\x{301}e\x{301}e\x{301}e\x{301}e\x{301}e\x{301}e\x{301}e\x{301} e\x{301}e\x{301}e\x{301}e\x{301}e\x{301}e\x{301}e\x{301}e\x{301}e\x{301}e\x{301}e\x{301}e\x{301}e\x{301}e\x{301}e\x{301}e\x{301}e\x{301}e\x{301}e\x{301}e\x{301}e\x{301}e\x{301}"
          text run at (912,561) width 0: " "
          text run at (0,578) width 912: "e\x{301}e\x{301}e\x{301}e\x{301}e\x{301}e\x{301}e\x{301}e\x{301}e\x{301}e\x{301}e\x{301}e\x{301}e\x{301}e\x{301}e\x{301}e\x{301}e\x{301}e\x{301}e\x{301}e\x{301}e\x{301}e\x{301}e\x{301}e\x{301}e\x{301}e\x{301}e\x{301}e\x{301}e\x{301}e\x{301}e\x{301}e\x{301} e\x{301} e\x{301}e\x{301}e\x{301}e\x{301}e\x{301}e\x{301}e\x{301}e\x{301}e\x{301}e\x{301}e\x{301}e\x{301}e\x{301}e\x{301}e\x{301}e\x{301}e\x{301}e\x{301}e\x{301}e\x{301}e\x{301}e\x{301}e\x{301}e\x{301}e\x{301}e\x{301}e\x{301}e\x{301}e\x{301}e\x{301}e\x{301}e\x{301}e\x{301}e\x{301}e\x{301}e\x{301}e\x{301}e\x{301}e\x{301}e\x{301}e\x{301}e\x{301}e\x{301} e\x{301}e\x{301}e\x{301}e\x{301}e\x{301}e\x{301}e\x{301}e\x{301}e\x{301}e\x{301}e\x{301}e\x{301}e\x{301}e\x{301}e\x{301}e\x{301}e\x{301}e\x{301}e\x{301}e\x{301}e\x{301}e\x{301}e\x{301}e\x{301}e\x{301}e\x{301}e\x{301}e\x{301}e\x{301}e\x{301} e\x{301}e\x{301}e\x{301}e\x{301}e\x{301}e\x{301}e\x{301}e\x{301}e\x{301}e\x{301}e\x{301}e\x{301}e\x{301}e\x{301}e\x{301}e\x{301}e\x{301}e\x{301}e\x{301}e\x{301}e\x{301}e\x{301}"
          text run at (912,578) width 0: " "
          text run at (0,595) width 912: "e\x{301}e\x{301}e\x{301}e\x{301}e\x{301}e\x{301}e\x{301}e\x{301}e\x{301}e\x{301}e\x{301}e\x{301}e\x{301}e\x{301}e\x{301}e\x{301}e\x{301}e\x{301}e\x{301}e\x{301}e\x{301}e\x{301}e\x{301}e\x{301}e\x{301}e\x{301}e\x{301}e\x{301}e\x{301}e\x{301}e\x{301}e\x{301} e\x{301} e\x{301}e\x{301}e\x{301}e\x{301}e\x{301}e\x{301}e\x{301}e\x{301}e\x{301}e\x{301}e\x{301}e\x{301}e\x{301}e\x{301}e\x{301}e\x{301}e\x{301}e\x{301}e\x{301}e\x{301}e\x{301}e\x{301}e\x{301}e\x{301}e\x{301}e\x{301}e\x{301}e\x{301}e\x{301}e\x{301}e\x{301}e\x{301}e\x{301}e\x{301}e\x{301}e\x{301}e\x{301}e\x{301}e\x{301}e\x{301}e\x{301}e\x{301}e\x{301} e\x{301}e\x{301}e\x{301}e\x{301}e\x{301}e\x{301}e\x{301}e\x{301}e\x{301}e\x{301}e\x{301}e\x{301}e\x{301}e\x{301}e\x{301}e\x{301}e\x{301}e\x{301}e\x{301}e\x{301}e\x{301}e\x{301}e\x{301}e\x{301}e\x{301}e\x{301}e\x{301}e\x{301}e\x{301}e\x{301} e\x{301}e\x{301}e\x{301}e\x{301}e\x{301}e\x{301}e\x{301}e\x{301}e\x{301}e\x{301}e\x{301}e\x{301}e\x{301}e\x{301}e\x{301}e\x{301}e\x{301}e\x{301}e\x{301}e\x{301}e\x{301}e\x{301}"
          text run at (912,595) width 0: " "
          text run at (0,612) width 912: "e\x{301}e\x{301}e\x{301}e\x{301}e\x{301}e\x{301}e\x{301}e\x{301}e\x{301}e\x{301}e\x{301}e\x{301}e\x{301}e\x{301}e\x{301}e\x{301}e\x{301}e\x{301}e\x{301}e\x{301}e\x{301}e\x{301}e\x{301}e\x{301}e\x{301}e\x{301}e\x{301}e\x{301}e\x{301}e\x{301}e\x{301}e\x{301} e\x{301} e\x{301}e\x{301}e\x{301}e\x{301}e\x{301}e\x{301}e\x{301}e\x{301}e\x{301}e\x{301}e\x{301}e\x{301}e\x{301}e\x{301}e\x{301}e\x{301}e\x{301}e\x{301}e\x{301}e\x{301}e\x{301}e\x{301}e\x{301}e\x{301}e\x{301}e\x{301}e\x{301}e\x{301}e\x{301}e\x{301}e\x{301}e\x{301}e\x{301}e\x{301}e\x{301}e\x{301}e\x{301}e\x{301}e\x{301}e\x{301}e\x{301}e\x{301}e\x{301} e\x{301}e\x{301}e\x{301}e\x{301}e\x{301}e\x{301}e\x{301}e\x{301}e\x{301}e\x{301}e\x{301}e\x{301}e\x{301}e\x{301}e\x{301}e\x{301}e\x{301}e\x{301}e\x{301}e\x{301}e\x{301}e\x{301}e\x{301}e\x{301}e\x{301}e\x{301}e\x{301}e\x{301}e\x{301}e\x{301} e\x{301}e\x{301}e\x{301}e\x{301}e\x{301}e\x{301}e\x{301}e\x{301}e\x{301}e\x{301}e\x{301}e\x{301}e\x{301}e\x{301}e\x{301}e\x{301}e\x{301}e\x{301}e\x{301}e\x{301}e\x{301}e\x{301}"
          text run at (912,612) width 0: " "
          text run at (0,629) width 912: "e\x{301}e\x{301}e\x{301}e\x{301}e\x{301}e\x{301}e\x{301}e\x{301}e\x{301}e\x{301}e\x{301}e\x{301}e\x{301}e\x{301}e\x{301}e\x{301}e\x{301}e\x{301}e\x{301}e\x{301}e\x{301}e\x{301}e\x{301}e\x{301}e\x{301}e\x{301}e\x{301}e\x{301}e\x{301}e\x{301}e\x{301}e\x{301} e\x{301} e\x{301}e\x{301}e\x{301}e\x{301}e\x{301}e\x{301}e\x{301}e\x{301}e\x{301}e\x{301}e\x{301}e\x{301}e\x{301}e\x{301}e\x{301}e\x{301}e\x{301}e\x{301}e\x{301}e\x{301}e\x{301}e\x{301}e\x{301}e\x{301}e\x{301}e\x{301}e\x{301}e\x{301}e\x{301}e\x{301}e\x{301}e\x{301}e\x{301}e\x{301}e\x{301}e\x{301}e\x{301}e\x{301}e\x{301}e\x{301}e\x{301}e\x{301}e\x{301} e\x{301}e\x{301}e\x{301}e\x{301}e\x{301}e\x{301}e\x{301}e\x{301}e\x{301}e\x{301}e\x{301}e\x{301}e\x{301}e\x{301}e\x{301}e\x{301}e\x{301}e\x{301}e\x{301}e\x{301}e\x{301}e\x{301}e\x{301}e\x{301}e\x{301}e\x{301}e\x{301}e\x{301}e\x{301}e\x{301} e\x{301}e\x{301}e\x{301}e\x{301}e\x{301}e\x{301}e\x{301}e\x{301}e\x{301}e\x{301}e\x{301}e\x{301}e\x{301}e\x{301}e\x{301}e\x{301}e\x{301}e\x{301}e\x{301}e\x{301}e\x{301}e\x{301}"
          text run at (912,629) width 0: " "
          text run at (0,646) width 912: "e\x{301}e\x{301}e\x{301}e\x{301}e\x{301}e\x{301}e\x{301}e\x{301}e\x{301}e\x{301}e\x{301}e\x{301}e\x{301}e\x{301}e\x{301}e\x{301}e\x{301}e\x{301}e\x{301}e\x{301}e\x{301}e\x{301}e\x{301}e\x{301}e\x{301}e\x{301}e\x{301}e\x{301}e\x{301}e\x{301}e\x{301}e\x{301} e\x{301} e\x{301}e\x{301}e\x{301}e\x{301}e\x{301}e\x{301}e\x{301}e\x{301}e\x{301}e\x{301}e\x{301}e\x{301}e\x{301}e\x{301}e\x{301}e\x{301}e\x{301}e\x{301}e\x{301}e\x{301}e\x{301}e\x{301}e\x{301}e\x{301}e\x{301}e\x{301}e\x{301}e\x{301}e\x{301}e\x{301}e\x{301}e\x{301}e\x{301}e\x{301}e\x{301}e\x{301}e\x{301}e\x{301}e\x{301}e\x{301}e\x{301}e\x{301}e\x{301} e\x{301}e\x{301}e\x{301}e\x{301}e\x{301}e\x{301}e\x{301}e\x{301}e\x{301}e\x{301}e\x{301}e\x{301}e\x{301}e\x{301}e\x{301}e\x{301}e\x{301}e\x{301}e\x{301}e\x{301}e\x{301}e\x{301}e\x{301}e\x{301}e\x{301}e\x{301}e\x{301}e\x{301}e\x{301}e\x{301} e\x{301}e\x{301}e\x{301}e\x{301}e\x{301}e\x{301}e\x{301}e\x{301}e\x{301}e\x{301}e\x{301}e\x{301}e\x{301}e\x{301}e\x{301}e\x{301}e\x{301}e\x{301}e\x{301}e\x{301}e\x{301}e\x{301}"
          text run at (912,646) width 0: " "
          text run at (0,663) width 912: "e\x{301}e\x{301}e\x{301}e\x{301}e\x{301}e\x{301}e\x{301}e\x{301}e\x{301}e\x{301}e\x{301}e\x{301}e\x{301}e\x{301}e\x{301}e\x{301}e\x{301}e\x{301}e\x{301}e\x{301}e\x{301}e\x{301}e\x{301}e\x{301}e\x{301}e\x{301}e\x{301}e\x{301}e\x{301}e\x{301}e\x{301}e\x{301} e\x{301} e\x{301}e\x{301}e\x{301}e\x{301}e\x{301}e\x{301}e\x{301}e\x{301}e\x{301}e\x{301}e\x{301}e\x{301}e\x{301}e\x{301}e\x{301}e\x{301}e\x{301}e\x{301}e\x{301}e\x{301}e\x{301}e\x{301}e\x{301}e\x{301}e\x{301}e\x{301}e\x{301}e\x{301}e\x{301}e\x{301}e\x{301}e\x{301}e\x{301}e\x{301}e\x{301}e\x{301}e\x{301}e\x{301}e\x{301}e\x{301}e\x{301}e\x{301}e\x{301} e\x{301}e\x{301}e\x{301}e\x{301}e\x{301}e\x{301}e\x{301}e\x{301}e\x{301}e\x{301}e\x{301}e\x{301}e\x{301}e\x{301}e\x{301}e\x{301}e\x{301}e\x{301}e\x{301}e\x{301}e\x{301}e\x{301}e\x{301}e\x{301}e\x{301}e\x{301}e\x{301}e\x{301}e\x{301}e\x{301} e\x{301}e\x{301}e\x{301}e\x{301}e\x{301}e\x{301}e\x{301}e\x{301}e\x{301}e\x{301}e\x{301}e\x{301}e\x{301}e\x{301}e\x{301}e\x{301}e\x{301}e\x{301}e\x{301}e\x{301}e\x{301}e\x{301}"
          text run at (912,663) width 0: " "
          text run at (0,680) width 912: "e\x{301}e\x{301}e\x{301}e\x{301}e\x{301}e\x{301}e\x{301}e\x{301}e\x{301}e\x{301}e\x{301}e\x{301}e\x{301}e\x{301}e\x{301}e\x{301}e\x{301}e\x{301}e\x{301}e\x{301}e\x{301}e\x{301}e\x{301}e\x{301}e\x{301}e\x{301}e\x{301}e\x{301}e\x{301}e\x{301}e\x{301}e\x{301} e\x{301} e\x{301}e\x{301}e\x{301}e\x{301}e\x{301}e\x{301}e\x{301}e\x{301}e\x{301}e\x{301}e\x{301}e\x{301}e\x{301}e\x{301}e\x{301}e\x{301}e\x{301}e\x{301}e\x{301}e\x{301}e\x{301}e\x{301}e\x{301}e\x{301}e\x{301}e\x{301}e\x{301}e\x{301}e\x{301}e\x{301}e\x{301}e\x{301}e\x{301}e\x{301}e\x{301}e\x{301}e\x{301}e\x{301}e\x{301}e\x{301}e\x{301}e\x{301}e\x{301} e\x{301}e\x{301}e\x{301}e\x{301}e\x{301}e\x{301}e\x{301}e\x{301}e\x{301}e\x{301}e\x{301}e\x{301}e\x{301}e\x{301}e\x{301}e\x{301}e\x{301}e\x{301}e\x{301}e\x{301}e\x{301}e\x{301}e\x{301}e\x{301}e\x{301}e\x{301}e\x{301}e\x{301}e\x{301}e\x{301} e\x{301}e\x{301}e\x{301}e\x{301}e\x{301}e\x{301}e\x{301}e\x{301}e\x{301}e\x{301}e\x{301}e\x{301}e\x{301}e\x{301}e\x{301}e\x{301}e\x{301}e\x{301}e\x{301}e\x{301}e\x{301}e\x{301}"
          text run at (912,680) width 0: " "
          text run at (0,697) width 912: "e\x{301}e\x{301}e\x{301}e\x{301}e\x{301}e\x{301}e\x{301}e\x{301}e\x{301}e\x{301}e\x{301}e\x{301}e\x{301}e\x{301}e\x{301}e\x{301}e\x{301}e\x{301}e\x{301}e\x{301}e\x{301}e\x{301}e\x{301}e\x{301}e\x{301}e\x{301}e\x{301}e\x{301}e\x{301}e\x{301}e\x{301}e\x{301} e\x{301} e\x{301}e\x{301}e\x{301}e\x{301}e\x{301}e\x{301}e\x{301}e\x{301}e\x{301}e\x{301}e\x{301}e\x{301}e\x{301}e\x{301}e\x{301}e\x{301}e\x{301}e\x{301}e\x{301}e\x{301}e\x{301}e\x{301}e\x{301}e\x{301}e\x{301}e\x{301}e\x{301}e\x{301}e\x{301}e\x{301}e\x{301}e\x{301}e\x{301}e\x{301}e\x{301}e\x{301}e\x{301}e\x{301}e\x{301}e\x{301}e\x{301}e\x{301}e\x{301} e\x{301}e\x{301}e\x{301}e\x{301}e\x{301}e\x{301}e\x{301}e\x{301}e\x{301}e\x{301}e\x{301}e\x{301}e\x{301}e\x{301}e\x{301}e\x{301}e\x{301}e\x{301}e\x{301}e\x{301}e\x{301}e\x{301}e\x{301}e\x{301}e\x{301}e\x{301}e\x{301}e\x{301}e\x{301}e\x{301} e\x{301}e\x{301}e\x{301}e\x{301}e\x{301}e\x{301}e\x{301}e\x{301}e\x{301}e\x{301}e\x{301}e\x{301}e\x{301}e\x{301}e\x{301}e\x{301}e\x{301}e\x{301}e\x{301}e\x{301}e\x{301}e\x{301}"
          text run at (912,697) width 0: " "
          text run at (0,714) width 912: "e\x{301}e\x{301}e\x{301}e\x{301}e\x{301}e\x{301}e\x{301}e\x{301}e\x{301}e\x{301}e\x{301}e\x{301}e\x{301}e\x{301}e\x{301}e\x{301}e\x{301}e\x{301}e\x{301}e\x{301}e\x{301}e\x{301}e\x{301}e\x{301}e\x{301}e\x{301}e\x{301}e\x{301}e\x{301}e\x{301}e\x{301}e\x{301} e\x{301} e\x{301}e\x{301}e\x{301}e\x{301}e\x{301}e\x{301}e\x{301}e\x{301}e\x{301}e\x{301}e\x{301}e\x{301}e\x{301}e\x{301}e\x{301}e\x{301}e\x{301}e\x{301}e\x{301}e\x{301}e\x{301}e\x{301}e\x{301}e\x{301}e\x{301}e\x{301}e\x{301}e\x{301}e\x{301}e\x{301}e\x{301}e\x{301}e\x{301}e\x{301}e\x{301}e\x{301}e\x{301}e\x{301}e\x{301}e\x{301}e\x{301}e\x{301}e\x{301} e\x{301}e\x{301}e\x{301}e\x{301}e\x{301}e\x{301}e\x{301}e\x{301}e\x{301}e\x{301}e\x{301}e\x{301}e\x{301}e\x{301}e\x{301}e\x{301}e\x{301}e\x{301}e\x{301}e\x{301}e\x{301}e\x{301}e\x{301}e\x{301}e\x{301}e\x{301}e\x{301}e\x{301}e\x{301}e\x{301} e\x{301}e\x{301}e\x{301}e\x{301}e\x{301}e\x{301}e\x{301}e\x{301}e\x{301}e\x{301}e\x{301}e\x{301}e\x{301}e\x{301}e\x{301}e\x{301}e\x{301}e\x{301}e\x{301}e\x{301}e\x{301}e\x{301}"
          text run at (912,714) width 0: " "
          text run at (0,731) width 912: "e\x{301}e\x{301}e\x{301}e\x{301}e\x{301}e\x{301}e\x{301}e\x{301}e\x{301}e\x{301}e\x{301}e\x{301}e\x{301}e\x{301}e\x{301}e\x{301}e\x{301}e\x{301}e\x{301}e\x{301}e\x{301}e\x{301}e\x{301}e\x{301}e\x{301}e\x{301}e\x{301}e\x{301}e\x{301}e\x{301}e\x{301}e\x{301} e\x{301} e\x{301}e\x{301}e\x{301}e\x{301}e\x{301}e\x{301}e\x{301}e\x{301}e\x{301}e\x{301}e\x{301}e\x{301}e\x{301}e\x{301}e\x{301}e\x{301}e\x{301}e\x{301}e\x{301}e\x{301}e\x{301}e\x{301}e\x{301}e\x{301}e\x{301}e\x{301}e\x{301}e\x{301}e\x{301}e\x{301}e\x{301}e\x{301}e\x{301}e\x{301}e\x{301}e\x{301}e\x{301}e\x{301}e\x{301}e\x{301}e\x{301}e\x{301}e\x{301} e\x{301}e\x{301}e\x{301}e\x{301}e\x{301}e\x{301}e\x{301}e\x{301}e\x{301}e\x{301}e\x{301}e\x{301}e\x{301}e\x{301}e\x{301}e\x{301}e\x{301}e\x{301}e\x{301}e\x{301}e\x{301}e\x{301}e\x{301}e\x{301}e\x{301}e\x{301}e\x{301}e\x{301}e\x{301}e\x{301} e\x{301}e\x{301}e\x{301}e\x{301}e\x{301}e\x{301}e\x{301}e\x{301}e\x{301}e\x{301}e\x{301}e\x{301}e\x{301}e\x{301}e\x{301}e\x{301}e\x{301}e\x{301}e\x{301}e\x{301}e\x{301}e\x{301}"
          text run at (912,731) width 0: " "
          text run at (0,748) width 912: "e\x{301}e\x{301}e\x{301}e\x{301}e\x{301}e\x{301}e\x{301}e\x{301}e\x{301}e\x{301}e\x{301}e\x{301}e\x{301}e\x{301}e\x{301}e\x{301}e\x{301}e\x{301}e\x{301}e\x{301}e\x{301}e\x{301}e\x{301}e\x{301}e\x{301}e\x{301}e\x{301}e\x{301}e\x{301}e\x{301}e\x{301}e\x{301} e\x{301} e\x{301}e\x{301}e\x{301}e\x{301}e\x{301}e\x{301}e\x{301}e\x{301}e\x{301}e\x{301}e\x{301}e\x{301}e\x{301}e\x{301}e\x{301}e\x{301}e\x{301}e\x{301}e\x{301}e\x{301}e\x{301}e\x{301}e\x{301}e\x{301}e\x{301}e\x{301}e\x{301}e\x{301}e\x{301}e\x{301}e\x{301}e\x{301}e\x{301}e\x{301}e\x{301}e\x{301}e\x{301}e\x{301}e\x{301}e\x{301}e\x{301}e\x{301}e\x{301} e\x{301}e\x{301}e\x{301}e\x{301}e\x{301}e\x{301}e\x{301}e\x{301}e\x{301}e\x{301}e\x{301}e\x{301}e\x{301}e\x{301}e\x{301}e\x{301}e\x{301}e\x{301}e\x{301}e\x{301}e\x{301}e\x{301}e\x{301}e\x{301}e\x{301}e\x{301}e\x{301}e\x{301}e\x{301}e\x{301} e\x{301}e\x{301}e\x{301}e\x{301}e\x{301}e\x{301}e\x{301}e\x{301}e\x{301}e\x{301}e\x{301}e\x{301}e\x{301}e\x{301}e\x{301}e\x{301}e\x{301}e\x{301}e\x{301}e\x{301}e\x{301}e\x{301}"
          text run at (912,748) width 0: " "
          text run at (0,765) width 912: "e\x{301}e\x{301}e\x{301}e\x{301}e\x{301}e\x{301}e\x{301}e\x{301}e\x{301}e\x{301}e\x{301}e\x{301}e\x{301}e\x{301}e\x{301}e\x{301}e\x{301}e\x{301}e\x{301}e\x{301}e\x{301}e\x{301}e\x{301}e\x{301}e\x{301}e\x{301}e\x{301}e\x{301}e\x{301}e\x{301}e\x{301}e\x{301} e\x{301} e\x{301}e\x{301}e\x{301}e\x{301}e\x{301}e\x{301}e\x{301}e\x{301}e\x{301}e\x{301}e\x{301}e\x{301}e\x{301}e\x{301}e\x{301}e\x{301}e\x{301}e\x{301}e\x{301}e\x{301}e\x{301}e\x{301}e\x{301}e\x{301}e\x{301}e\x{301}e\x{301}e\x{301}e\x{301}e\x{301}e\x{301}e\x{301}e\x{301}e\x{301}e\x{301}e\x{301}e\x{301}e\x{301}e\x{301}e\x{301}e\x{301}e\x{301}e\x{301} e\x{301}e\x{301}e\x{301}e\x{301}e\x{301}e\x{301}e\x{301}e\x{301}e\x{301}e\x{301}e\x{301}e\x{301}e\x{301}e\x{301}e\x{301}e\x{301}e\x{301}e\x{301}e\x{301}e\x{301}e\x{301}e\x{301}e\x{301}e\x{301}e\x{301}e\x{301}e\x{301}e\x{301}e\x{301}e\x{301} e\x{301}e\x{301}e\x{301}e\x{301}e\x{301}e\x{301}e\x{301}e\x{301}e\x{301}e\x{301}e\x{301}e\x{301}e\x{301}e\x{301}e\x{301}e\x{301}e\x{301}e\x{301}e\x{301}e\x{301}e\x{301}e\x{301}"
          text run at (912,765) width 0: " "
          text run at (0,782) width 912: "e\x{301}e\x{301}e\x{301}e\x{301}e\x{301}e\x{301}e\x{301}e\x{301}e\x{301}e\x{301}e\x{301}e\x{301}e\x{301}e\x{301}e\x{301}e\x{301}e\x{301}e\x{301}e\x{301}e\x{301}e\x{301}e\x{301}e\x{301}e\x{301}e\x{301}e\x{301}e\x{301}e\x{301}e\x{301}e\x{301}e\x{301}e\x{301} e\x{301} e\x{301}e\x{301}e\x{301}e\x{301}e\x{301}e\x{301}e\x{301}e\x{301}e\x{301}e\x{301}e\x{301}e\x{301}e\x{301}e\x{301}e\x{301}e\x{301}e\x{301}e\x{301}e\x{301}e\x{301}e\x{301}e\x{301}e\x{301}e\x{301}e\x{301}e\x{301}e\x{301}e\x{301}e\x{301}e\x{301}e\x{301}e\x{301}e\x{301}e\x{301}e\x{301}e\x{301}e\x{301}e\x{301}e\x{301}e\x{301}e\x{301}e\x{301}e\x{301} e\x{301}e\x{301}e\x{301}e\x{301}e\x{301}e\x{301}e\x{301}e\x{301}e\x{301}e\x{301}e\x{301}e\x{301}e\x{301}e\x{301}e\x{301}e\x{301}e\x{301}e\x{301}e\x{301}e\x{301}e\x{301}e\x{301}e\x{301}e\x{301}e\x{301}e\x{301}e\x{301}e\x{301}e\x{301}e\x{301} e\x{301}e\x{301}e\x{301}e\x{301}e\x{301}e\x{301}e\x{301}e\x{301}e\x{301}e\x{301}e\x{301}e\x{301}e\x{301}e\x{301}e\x{301}e\x{301}e\x{301}e\x{301}e\x{301}e\x{301}e\x{301}e\x{301}"
          text run at (912,782) width 0: " "
          text run at (0,799) width 912: "e\x{301}e\x{301}e\x{301}e\x{301}e\x{301}e\x{301}e\x{301}e\x{301}e\x{301}e\x{301}e\x{301}e\x{301}e\x{301}e\x{301}e\x{301}e\x{301}e\x{301}e\x{301}e\x{301}e\x{301}e\x{301}e\x{301}e\x{301}e\x{301}e\x{301}e\x{301}e\x{301}e\x{301}e\x{301}e\x{301}e\x{301}e\x{301} e\x{301} e\x{301}e\x{301}e\x{301}e\x{301}e\x{301}e\x{301}e\x{301}e\x{301}e\x{301}e\x{301}e\x{301}e\x{301}e\x{301}e\x{301}e\x{301}e\x{301}e\x{301}e\x{301}e\x{301}e\x{301}e\x{301}e\x{301}e\x{301}e\x{301}e\x{301}e\x{301}e\x{301}e\x{301}e\x{301}e\x{301}e\x{301}e\x{301}e\x{301}e\x{301}e\x{301}e\x{301}e\x{301}e\x{301}e\x{301}e\x{301}e\x{301}e\x{301}e\x{301} e\x{301}e\x{301}e\x{301}e\x{301}e\x{301}e\x{301}e\x{301}e\x{301}e\x{301}e\x{301}e\x{301}e\x{301}e\x{301}e\x{301}e\x{301}e\x{301}e\x{301}e\x{301}e\x{301}e\x{301}e\x{301}e\x{301}e\x{301}e\x{301}e\x{301}e\x{301}e\x{301}e\x{301}e\x{301}e\x{301} e\x{301}e\x{301}e\x{301}e\x{301}e\x{301}e\x{301}e\x{301}e\x{301}e\x{301}e\x{301}e\x{301}e\x{301}e\x{301}e\x{301}e\x{301}e\x{301}e\x{301}e\x{301}e\x{301}e\x{301}e\x{301}e\x{301}"
          text run at (912,799) width 0: " "
          text run at (0,816) width 912: "e\x{301}e\x{301}e\x{301}e\x{301}e\x{301}e\x{301}e\x{301}e\x{301}e\x{301}e\x{301}e\x{301}e\x{301}e\x{301}e\x{301}e\x{301}e\x{301}e\x{301}e\x{301}e\x{301}e\x{301}e\x{301}e\x{301}e\x{301}e\x{301}e\x{301}e\x{301}e\x{301}e\x{301}e\x{301}e\x{301}e\x{301}e\x{301} e\x{301} e\x{301}e\x{301}e\x{301}e\x{301}e\x{301}e\x{301}e\x{301}e\x{301}e\x{301}e\x{301}e\x{301}e\x{301}e\x{301}e\x{301}e\x{301}e\x{301}e\x{301}e\x{301}e\x{301}e\x{301}e\x{301}e\x{301}e\x{301}e\x{301}e\x{301}e\x{301}e\x{301}e\x{301}e\x{301}e\x{301}e\x{301}e\x{301}e\x{301}e\x{301}e\x{301}e\x{301}e\x{301}e\x{301}e\x{301}e\x{301}e\x{301}e\x{301}e\x{301} e\x{301}e\x{301}e\x{301}e\x{301}e\x{301}e\x{301}e\x{301}e\x{301}e\x{301}e\x{301}e\x{301}e\x{301}e\x{301}e\x{301}e\x{301}e\x{301}e\x{301}e\x{301}e\x{301}e\x{301}e\x{301}e\x{301}e\x{301}e\x{301}e\x{301}e\x{301}e\x{301}e\x{301}e\x{301}e\x{301} e\x{301}e\x{301}e\x{301}e\x{301}e\x{301}e\x{301}e\x{301}e\x{301}e\x{301}e\x{301}e\x{301}e\x{301}e\x{301}e\x{301}e\x{301}e\x{301}e\x{301}e\x{301}e\x{301}e\x{301}e\x{301}e\x{301}"
          text run at (912,816) width 0: " "
          text run at (0,833) width 912: "e\x{301}e\x{301}e\x{301}e\x{301}e\x{301}e\x{301}e\x{301}e\x{301}e\x{301}e\x{301}e\x{301}e\x{301}e\x{301}e\x{301}e\x{301}e\x{301}e\x{301}e\x{301}e\x{301}e\x{301}e\x{301}e\x{301}e\x{301}e\x{301}e\x{301}e\x{301}e\x{301}e\x{301}e\x{301}e\x{301}e\x{301}e\x{301} e\x{301} e\x{301}e\x{301}e\x{301}e\x{301}e\x{301}e\x{301}e\x{301}e\x{301}e\x{301}e\x{301}e\x{301}e\x{301}e\x{301}e\x{301}e\x{301}e\x{301}e\x{301}e\x{301}e\x{301}e\x{301}e\x{301}e\x{301}e\x{301}e\x{301}e\x{301}e\x{301}e\x{301}e\x{301}e\x{301}e\x{301}e\x{301}e\x{301}e\x{301}e\x{301}e\x{301}e\x{301}e\x{301}e\x{301}e\x{301}e\x{301}e\x{301}e\x{301}e\x{301} e\x{301}e\x{301}e\x{301}e\x{301}e\x{301}e\x{301}e\x{301}e\x{301}e\x{301}e\x{301}e\x{301}e\x{301}e\x{301}e\x{301}e\x{301}e\x{301}e\x{301}e\x{301}e\x{301}e\x{301}e\x{301}e\x{301}e\x{301}e\x{301}e\x{301}e\x{301}e\x{301}e\x{301}e\x{301}e\x{301} e\x{301}e\x{301}e\x{301}e\x{301}e\x{301}e\x{301}e\x{301}e\x{301}e\x{301}e\x{301}e\x{301}e\x{301}e\x{301}e\x{301}e\x{301}e\x{301}e\x{301}e\x{301}e\x{301}e\x{301}e\x{301}e\x{301}"
          text run at (912,833) width 0: " "
          text run at (0,850) width 912: "e\x{301}e\x{301}e\x{301}e\x{301}e\x{301}e\x{301}e\x{301}e\x{301}e\x{301}e\x{301}e\x{301}e\x{301}e\x{301}e\x{301}e\x{301}e\x{301}e\x{301}e\x{301}e\x{301}e\x{301}e\x{301}e\x{301}e\x{301}e\x{301}e\x{301}e\x{301}e\x{301}e\x{301}e\x{301}e\x{301}e\x{301}e\x{301} e\x{301} e\x{301}e\x{301}e\x{301}e\x{301}e\x{301}e\x{301}e\x{301}e\x{301}e\x{301}e\x{301}e\x{301}e\x{301}e\x{301}e\x{301}e\x{301}e\x{301}e\x{301}e\x{301}e\x{301}e\x{301}e\x{301}e\x{301}e\x{301}e\x{301}e\x{301}e\x{301}e\x{301}e\x{301}e\x{301}e\x{301}e\x{301}e\x{301}e\x{301}e\x{301}e\x{301}e\x{301}e\x{301}e\x{301}e\x{301}e\x{301}e\x{301}e\x{301}e\x{301} e\x{301}e\x{301}e\x{301}e\x{301}e\x{301}e\x{301}e\x{301}e\x{301}e\x{301}e\x{301}e\x{301}e\x{301}e\x{301}e\x{301}e\x{301}e\x{301}e\x{301}e\x{301}e\x{301}e\x{301}e\x{301}e\x{301}e\x{301}e\x{301}e\x{301}e\x{301}e\x{301}e\x{301}e\x{301}e\x{301} e\x{301}e\x{301}e\x{301}e\x{301}e\x{301}e\x{301}e\x{301}e\x{301}e\x{301}e\x{301}e\x{301}e\x{301}e\x{301}e\x{301}e\x{301}e\x{301}e\x{301}e\x{301}e\x{301}e\x{301}e\x{301}e\x{301}"
          text run at (912,850) width 0: " "
          text run at (0,867) width 912: "e\x{301}e\x{301}e\x{301}e\x{301}e\x{301}e\x{301}e\x{301}e\x{301}e\x{301}e\x{301}e\x{301}e\x{301}e\x{301}e\x{301}e\x{301}e\x{301}e\x{301}e\x{301}e\x{301}e\x{301}e\x{301}e\x{301}e\x{301}e\x{301}e\x{301}e\x{301}e\x{301}e\x{301}e\x{301}e\x{301}e\x{301}e\x{301} e\x{301} e\x{301}e\x{301}e\x{301}e\x{301}e\x{301}e\x{301}e\x{301}e\x{301}e\x{301}e\x{301}e\x{301}e\x{301}e\x{301}e\x{301}e\x{301}e\x{301}e\x{301}e\x{301}e\x{301}e\x{301}e\x{301}e\x{301}e\x{301}e\x{301}e\x{301}e\x{301}e\x{301}e\x{301}e\x{301}e\x{301}e\x{301}e\x{301}e\x{301}e\x{301}e\x{301}e\x{301}e\x{301}e\x{301}e\x{301}e\x{301}e\x{301}e\x{301}e\x{301} e\x{301}e\x{301}e\x{301}e\x{301}e\x{301}e\x{301}e\x{301}e\x{301}e\x{301}e\x{301}e\x{301}e\x{301}e\x{301}e\x{301}e\x{301}e\x{301}e\x{301}e\x{301}e\x{301}e\x{301}e\x{301}e\x{301}e\x{301}e\x{301}e\x{301}e\x{301}e\x{301}e\x{301}e\x{301}e\x{301} e\x{301}e\x{301}e\x{301}e\x{301}e\x{301}e\x{301}e\x{301}e\x{301}e\x{301}e\x{301}e\x{301}e\x{301}e\x{301}e\x{301}e\x{301}e\x{301}e\x{301}e\x{301}e\x{301}e\x{301}e\x{301}e\x{301}"
          text run at (912,867) width 0: " "
          text run at (0,884) width 912: "e\x{301}e\x{301}e\x{301}e\x{301}e\x{301}e\x{301}e\x{301}e\x{301}e\x{301}e\x{301}e\x{301}e\x{301}e\x{301}e\x{301}e\x{301}e\x{301}e\x{301}e\x{301}e\x{301}e\x{301}e\x{301}e\x{301}e\x{301}e\x{301}e\x{301}e\x{301}e\x{301}e\x{301}e\x{301}e\x{301}e\x{301}e\x{301} e\x{301} e\x{301}e\x{301}e\x{301}e\x{301}e\x{301}e\x{301}e\x{301}e\x{301}e\x{301}e\x{301}e\x{301}e\x{301}e\x{301}e\x{301}e\x{301}e\x{301}e\x{301}e\x{301}e\x{301}e\x{301}e\x{301}e\x{301}e\x{301}e\x{301}e\x{301}e\x{301}e\x{301}e\x{301}e\x{301}e\x{301}e\x{301}e\x{301}e\x{301}e\x{301}e\x{301}e\x{301}e\x{301}e\x{301}e\x{301}e\x{301}e\x{301}e\x{301}e\x{301} e\x{301}e\x{301}e\x{301}e\x{301}e\x{301}e\x{301}e\x{301}e\x{301}e\x{301}e\x{301}e\x{301}e\x{301}e\x{301}e\x{301}e\x{301}e\x{301}e\x{301}e\x{301}e\x{301}e\x{301}e\x{301}e\x{301}e\x{301}e\x{301}e\x{301}e\x{301}e\x{301}e\x{301}e\x{301}e\x{301} e\x{301}e\x{301}e\x{301}e\x{301}e\x{301}e\x{301}e\x{301}e\x{301}e\x{301}e\x{301}e\x{301}e\x{301}e\x{301}e\x{301}e\x{301}e\x{301}e\x{301}e\x{301}e\x{301}e\x{301}e\x{301}e\x{301}"
          text run at (912,884) width 0: " "
          text run at (0,901) width 912: "e\x{301}e\x{301}e\x{301}e\x{301}e\x{301}e\x{301}e\x{301}e\x{301}e\x{301}e\x{301}e\x{301}e\x{301}e\x{301}e\x{301}e\x{301}e\x{301}e\x{301}e\x{301}e\x{301}e\x{301}e\x{301}e\x{301}e\x{301}e\x{301}e\x{301}e\x{301}e\x{301}e\x{301}e\x{301}e\x{301}e\x{301}e\x{301} e\x{301} e\x{301}e\x{301}e\x{301}e\x{301}e\x{301}e\x{301}e\x{301}e\x{301}e\x{301}e\x{301}e\x{301}e\x{301}e\x{301}e\x{301}e\x{301}e\x{301}e\x{301}e\x{301}e\x{301}e\x{301}e\x{301}e\x{301}e\x{301}e\x{301}e\x{301}e\x{301}e\x{301}e\x{301}e\x{301}e\x{301}e\x{301}e\x{301}e\x{301}e\x{301}e\x{301}e\x{301}e\x{301}e\x{301}e\x{301}e\x{301}e\x{301}e\x{301}e\x{301} e\x{301}e\x{301}e\x{301}e\x{301}e\x{301}e\x{301}e\x{301}e\x{301}e\x{301}e\x{301}e\x{301}e\x{301}e\x{301}e\x{301}e\x{301}e\x{301}e\x{301}e\x{301}e\x{301}e\x{301}e\x{301}e\x{301}e\x{301}e\x{301}e\x{301}e\x{301}e\x{301}e\x{301}e\x{301}e\x{301} e\x{301}e\x{301}e\x{301}e\x{301}e\x{301}e\x{301}e\x{301}e\x{301}e\x{301}e\x{301}e\x{301}e\x{301}e\x{301}e\x{301}e\x{301}e\x{301}e\x{301}e\x{301}e\x{301}e\x{301}e\x{301}e\x{301}"
          text run at (912,901) width 0: " "
          text run at (0,918) width 912: "e\x{301}e\x{301}e\x{301}e\x{301}e\x{301}e\x{301}e\x{301}e\x{301}e\x{301}e\x{301}e\x{301}e\x{301}e\x{301}e\x{301}e\x{301}e\x{301}e\x{301}e\x{301}e\x{301}e\x{301}e\x{301}e\x{301}e\x{301}e\x{301}e\x{301}e\x{301}e\x{301}e\x{301}e\x{301}e\x{301}e\x{301}e\x{301} e\x{301} e\x{301}e\x{301}e\x{301}e\x{301}e\x{301}e\x{301}e\x{301}e\x{301}e\x{301}e\x{301}e\x{301}e\x{301}e\x{301}e\x{301}e\x{301}e\x{301}e\x{301}e\x{301}e\x{301}e\x{301}e\x{301}e\x{301}e\x{301}e\x{301}e\x{301}e\x{301}e\x{301}e\x{301}e\x{301}e\x{301}e\x{301}e\x{301}e\x{301}e\x{301}e\x{301}e\x{301}e\x{301}e\x{301}e\x{301}e\x{301}e\x{301}e\x{301}e\x{301} e\x{301}e\x{301}e\x{301}e\x{301}e\x{301}e\x{301}e\x{301}e\x{301}e\x{301}e\x{301}e\x{301}e\x{301}e\x{301}e\x{301}e\x{301}e\x{301}e\x{301}e\x{301}e\x{301}e\x{301}e\x{301}e\x{301}e\x{301}e\x{301}e\x{301}e\x{301}e\x{301}e\x{301}e\x{301}e\x{301} e\x{301}e\x{301}e\x{301}e\x{301}e\x{301}e\x{301}e\x{301}e\x{301}e\x{301}e\x{301}e\x{301}e\x{301}e\x{301}e\x{301}e\x{301}e\x{301}e\x{301}e\x{301}e\x{301}e\x{301}e\x{301}e\x{301}"
          text run at (912,918) width 0: " "
          text run at (0,935) width 912: "e\x{301}e\x{301}e\x{301}e\x{301}e\x{301}e\x{301}e\x{301}e\x{301}e\x{301}e\x{301}e\x{301}e\x{301}e\x{301}e\x{301}e\x{301}e\x{301}e\x{301}e\x{301}e\x{301}e\x{301}e\x{301}e\x{301}e\x{301}e\x{301}e\x{301}e\x{301}e\x{301}e\x{301}e\x{301}e\x{301}e\x{301}e\x{301} e\x{301} e\x{301}e\x{301}e\x{301}e\x{301}e\x{301}e\x{301}e\x{301}e\x{301}e\x{301}e\x{301}e\x{301}e\x{301}e\x{301}e\x{301}e\x{301}e\x{301}e\x{301}e\x{301}e\x{301}e\x{301}e\x{301}e\x{301}e\x{301}e\x{301}e\x{301}e\x{301}e\x{301}e\x{301}e\x{301}e\x{301}e\x{301}e\x{301}e\x{301}e\x{301}e\x{301}e\x{301}e\x{301}e\x{301}e\x{301}e\x{301}e\x{301}e\x{301}e\x{301} e\x{301}e\x{301}e\x{301}e\x{301}e\x{301}e\x{301}e\x{301}e\x{301}e\x{301}e\x{301}e\x{301}e\x{301}e\x{301}e\x{301}e\x{301}e\x{301}e\x{301}e\x{301}e\x{301}e\x{301}e\x{301}e\x{301}e\x{301}e\x{301}e\x{301}e\x{301}e\x{301}e\x{301}e\x{301}e\x{301} e\x{301}e\x{301}e\x{301}e\x{301}e\x{301}e\x{301}e\x{301}e\x{301}e\x{301}e\x{301}e\x{301}e\x{301}e\x{301}e\x{301}e\x{301}e\x{301}e\x{301}e\x{301}e\x{301}e\x{301}e\x{301}e\x{301}"
          text run at (912,935) width 0: " "
          text run at (0,952) width 912: "e\x{301}e\x{301}e\x{301}e\x{301}e\x{301}e\x{301}e\x{301}e\x{301}e\x{301}e\x{301}e\x{301}e\x{301}e\x{301}e\x{301}e\x{301}e\x{301}e\x{301}e\x{301}e\x{301}e\x{301}e\x{301}e\x{301}e\x{301}e\x{301}e\x{301}e\x{301}e\x{301}e\x{301}e\x{301}e\x{301}e\x{301}e\x{301} e\x{301} e\x{301}e\x{301}e\x{301}e\x{301}e\x{301}e\x{301}e\x{301}e\x{301}e\x{301}e\x{301}e\x{301}e\x{301}e\x{301}e\x{301}e\x{301}e\x{301}e\x{301}e\x{301}e\x{301}e\x{301}e\x{301}e\x{301}e\x{301}e\x{301}e\x{301}e\x{301}e\x{301}e\x{301}e\x{301}e\x{301}e\x{301}e\x{301}e\x{301}e\x{301}e\x{301}e\x{301}e\x{301}e\x{301}e\x{301}e\x{301}e\x{301}e\x{301}e\x{301} e\x{301}e\x{301}e\x{301}e\x{301}e\x{301}e\x{301}e\x{301}e\x{301}e\x{301}e\x{301}e\x{301}e\x{301}e\x{301}e\x{301}e\x{301}e\x{301}e\x{301}e\x{301}e\x{301}e\x{301}e\x{301}e\x{301}e\x{301}e\x{301}e\x{301}e\x{301}e\x{301}e\x{301}e\x{301}e\x{301} e\x{301}e\x{301}e\x{301}e\x{301}e\x{301}e\x{301}e\x{301}e\x{301}e\x{301}e\x{301}e\x{301}e\x{301}e\x{301}e\x{301}e\x{301}e\x{301}e\x{301}e\x{301}e\x{301}e\x{301}e\x{301}e\x{301}"
          text run at (912,952) width 0: " "
          text run at (0,969) width 912: "e\x{301}e\x{301}e\x{301}e\x{301}e\x{301}e\x{301}e\x{301}e\x{301}e\x{301}e\x{301}e\x{301}e\x{301}e\x{301}e\x{301}e\x{301}e\x{301}e\x{301}e\x{301}e\x{301}e\x{301}e\x{301}e\x{301}e\x{301}e\x{301}e\x{301}e\x{301}e\x{301}e\x{301}e\x{301}e\x{301}e\x{301}e\x{301} e\x{301} e\x{301}e\x{301}e\x{301}e\x{301}e\x{301}e\x{301}e\x{301}e\x{301}e\x{301}e\x{301}e\x{301}e\x{301}e\x{301}e\x{301}e\x{301}e\x{301}e\x{301}e\x{301}e\x{301}e\x{301}e\x{301}e\x{301}e\x{301}e\x{301}e\x{301}e\x{301}e\x{301}e\x{301}e\x{301}e\x{301}e\x{301}e\x{301}e\x{301}e\x{301}e\x{301}e\x{301}e\x{301}e\x{301}e\x{301}e\x{301}e\x{301}e\x{301}e\x{301} e\x{301}e\x{301}e\x{301}e\x{301}e\x{301}e\x{301}e\x{301}e\x{301}e\x{301}e\x{301}e\x{301}e\x{301}e\x{301}e\x{301}e\x{301}e\x{301}e\x{301}e\x{301}e\x{301}e\x{301}e\x{301}e\x{301}e\x{301}e\x{301}e\x{301}e\x{301}e\x{301}e\x{301}e\x{301}e\x{301} e\x{301}e\x{301}e\x{301}e\x{301}e\x{301}e\x{301}e\x{301}e\x{301}e\x{301}e\x{301}e\x{301}e\x{301}e\x{301}e\x{301}e\x{301}e\x{301}e\x{301}e\x{301}e\x{301}e\x{301}e\x{301}e\x{301}"
          text run at (912,969) width 0: " "
          text run at (0,986) width 912: "e\x{301}e\x{301}e\x{301}e\x{301}e\x{301}e\x{301}e\x{301}e\x{301}e\x{301}e\x{301}e\x{301}e\x{301}e\x{301}e\x{301}e\x{301}e\x{301}e\x{301}e\x{301}e\x{301}e\x{301}e\x{301}e\x{301}e\x{301}e\x{301}e\x{301}e\x{301}e\x{301}e\x{301}e\x{301}e\x{301}e\x{301}e\x{301} e\x{301} e\x{301}e\x{301}e\x{301}e\x{301}e\x{301}e\x{301}e\x{301}e\x{301}e\x{301}e\x{301}e\x{301}e\x{301}e\x{301}e\x{301}e\x{301}e\x{301}e\x{301}e\x{301}e\x{301}e\x{301}e\x{301}e\x{301}e\x{301}e\x{301}e\x{301}e\x{301}e\x{301}e\x{301}e\x{301}e\x{301}e\x{301}e\x{301}e\x{301}e\x{301}e\x{301}e\x{301}e\x{301}e\x{301}e\x{301}e\x{301}e\x{301}e\x{301}e\x{301} e\x{301}e\x{301}e\x{301}e\x{301}e\x{301}e\x{301}e\x{301}e\x{301}e\x{301}e\x{301}e\x{301}e\x{301}e\x{301}e\x{301}e\x{301}e\x{301}e\x{301}e\x{301}e\x{301}e\x{301}e\x{301}e\x{301}e\x{301}e\x{301}e\x{301}e\x{301}e\x{301}e\x{301}e\x{301}e\x{301} e\x{301}e\x{301}e\x{301}e\x{301}e\x{301}e\x{301}e\x{301}e\x{301}e\x{301}e\x{301}e\x{301}e\x{301}e\x{301}e\x{301}e\x{301}e\x{301}e\x{301}e\x{301}e\x{301}e\x{301}e\x{301}e\x{301}"
          text run at (912,986) width 0: " "
          text run at (0,1003) width 912: "e\x{301}e\x{301}e\x{301}e\x{301}e\x{301}e\x{301}e\x{301}e\x{301}e\x{301}e\x{301}e\x{301}e\x{301}e\x{301}e\x{301}e\x{301}e\x{301}e\x{301}e\x{301}e\x{301}e\x{301}e\x{301}e\x{301}e\x{301}e\x{301}e\x{301}e\x{301}e\x{301}e\x{301}e\x{301}e\x{301}e\x{301}e\x{301} e\x{301} e\x{301}e\x{301}e\x{301}e\x{301}e\x{301}e\x{301}e\x{301}e\x{301}e\x{301}e\x{301}e\x{301}e\x{301}e\x{301}e\x{301}e\x{301}e\x{301}e\x{301}e\x{301}e\x{301}e\x{301}e\x{301}e\x{301}e\x{301}e\x{301}e\x{301}e\x{301}e\x{301}e\x{301}e\x{301}e\x{301}e\x{301}e\x{301}e\x{301}e\x{301}e\x{301}e\x{301}e\x{301}e\x{301}e\x{301}e\x{301}e\x{301}e\x{301}e\x{301} e\x{301}e\x{301}e\x{301}e\x{301}e\x{301}e\x{301}e\x{301}e\x{301}e\x{301}e\x{301}e\x{301}e\x{301}e\x{301}e\x{301}e\x{301}e\x{301}e\x{301}e\x{301}e\x{301}e\x{301}e\x{301}e\x{301}e\x{301}e\x{301}e\x{301}e\x{301}e\x{301}e\x{301}e\x{301}e\x{301} e\x{301}e\x{301}e\x{301}e\x{301}e\x{301}e\x{301}e\x{301}e\x{301}e\x{301}e\x{301}e\x{301}e\x{301}e\x{301}e\x{301}e\x{301}e\x{301}e\x{301}e\x{301}e\x{301}e\x{301}e\x{301}e\x{301}"
          text run at (912,1003) width 0: " "
          text run at (0,1020) width 912: "e\x{301}e\x{301}e\x{301}e\x{301}e\x{301}e\x{301}e\x{301}e\x{301}e\x{301}e\x{301}e\x{301}e\x{301}e\x{301}e\x{301}e\x{301}e\x{301}e\x{301}e\x{301}e\x{301}e\x{301}e\x{301}e\x{301}e\x{301}e\x{301}e\x{301}e\x{301}e\x{301}e\x{301}e\x{301}e\x{301}e\x{301}e\x{301} e\x{301} e\x{301}e\x{301}e\x{301}e\x{301}e\x{301}e\x{301}e\x{301}e\x{301}e\x{301}e\x{301}e\x{301}e\x{301}e\x{301}e\x{301}e\x{301}e\x{301}e\x{301}e\x{301}e\x{301}e\x{301}e\x{301}e\x{301}e\x{301}e\x{301}e\x{301}e\x{301}e\x{301}e\x{301}e\x{301}e\x{301}e\x{301}e\x{301}e\x{301}e\x{301}e\x{301}e\x{301}e\x{301}e\x{301}e\x{301}e\x{301}e\x{301}e\x{301}e\x{301} e\x{301}e\x{301}e\x{301}e\x{301}e\x{301}e\x{301}e\x{301}e\x{301}e\x{301}e\x{301}e\x{301}e\x{301}e\x{301}e\x{301}e\x{301}e\x{301}e\x{301}e\x{301}e\x{301}e\x{301}e\x{301}e\x{301}e\x{301}e\x{301}e\x{301}e\x{301}e\x{301}e\x{301}e\x{301}e\x{301} e\x{301}e\x{301}e\x{301}e\x{301}e\x{301}e\x{301}e\x{301}e\x{301}e\x{301}e\x{301}e\x{301}e\x{301}e\x{301}e\x{301}e\x{301}e\x{301}e\x{301}e\x{301}e\x{301}e\x{301}e\x{301}e\x{301}"
          text run at (912,1020) width 0: " "
          text run at (0,1037) width 912: "e\x{301}e\x{301}e\x{301}e\x{301}e\x{301}e\x{301}e\x{301}e\x{301}e\x{301}e\x{301}e\x{301}e\x{301}e\x{301}e\x{301}e\x{301}e\x{301}e\x{301}e\x{301}e\x{301}e\x{301}e\x{301}e\x{301}e\x{301}e\x{301}e\x{301}e\x{301}e\x{301}e\x{301}e\x{301}e\x{301}e\x{301}e\x{301} e\x{301} e\x{301}e\x{301}e\x{301}e\x{301}e\x{301}e\x{301}e\x{301}e\x{301}e\x{301}e\x{301}e\x{301}e\x{301}e\x{301}e\x{301}e\x{301}e\x{301}e\x{301}e\x{301}e\x{301}e\x{301}e\x{301}e\x{301}e\x{301}e\x{301}e\x{301}e\x{301}e\x{301}e\x{301}e\x{301}e\x{301}e\x{301}e\x{301}e\x{301}e\x{301}e\x{301}e\x{301}e\x{301}e\x{301}e\x{301}e\x{301}e\x{301}e\x{301}e\x{301} e\x{301}e\x{301}e\x{301}e\x{301}e\x{301}e\x{301}e\x{301}e\x{301}e\x{301}e\x{301}e\x{301}e\x{301}e\x{301}e\x{301}e\x{301}e\x{301}e\x{301}e\x{301}e\x{301}e\x{301}e\x{301}e\x{301}e\x{301}e\x{301}e\x{301}e\x{301}e\x{301}e\x{301}e\x{301}e\x{301} e\x{301}e\x{301}e\x{301}e\x{301}e\x{301}e\x{301}e\x{301}e\x{301}e\x{301}e\x{301}e\x{301}e\x{301}e\x{301}e\x{301}e\x{301}e\x{301}e\x{301}e\x{301}e\x{301}e\x{301}e\x{301}e\x{301}"
          text run at (912,1037) width 0: " "
          text run at (0,1054) width 912: "e\x{301}e\x{301}e\x{301}e\x{301}e\x{301}e\x{301}e\x{301}e\x{301}e\x{301}e\x{301}e\x{301}e\x{301}e\x{301}e\x{301}e\x{301}e\x{301}e\x{301}e\x{301}e\x{301}e\x{301}e\x{301}e\x{301}e\x{301}e\x{301}e\x{301}e\x{301}e\x{301}e\x{301}e\x{301}e\x{301}e\x{301}e\x{301} e\x{301} e\x{301}e\x{301}e\x{301}e\x{301}e\x{301}e\x{301}e\x{301}e\x{301}e\x{301}e\x{301}e\x{301}e\x{301}e\x{301}e\x{301}e\x{301}e\x{301}e\x{301}e\x{301}e\x{301}e\x{301}e\x{301}e\x{301}e\x{301}e\x{301}e\x{301}e\x{301}e\x{301}e\x{301}e\x{301}e\x{301}e\x{301}e\x{301}e\x{301}e\x{301}e\x{301}e\x{301}e\x{301}e\x{301}e\x{301}e\x{301}e\x{301}e\x{301}e\x{301} e\x{301}e\x{301}e\x{301}e\x{301}e\x{301}e\x{301}e\x{301}e\x{301}e\x{301}e\x{301}e\x{301}e\x{301}e\x{301}e\x{301}e\x{301}e\x{301}e\x{301}e\x{301}e\x{301}e\x{301}e\x{301}e\x{301}e\x{301}e\x{301}e\x{301}e\x{301}e\x{301}e\x{301}e\x{301}e\x{301} e\x{301}e\x{301}e\x{301}e\x{301}e\x{301}e\x{301}e\x{301}e\x{301}e\x{301}e\x{301}e\x{301}e\x{301}e\x{301}e\x{301}e\x{301}e\x{301}e\x{301}e\x{301}e\x{301}e\x{301}e\x{301}e\x{301}"
          text run at (912,1054) width 0: " "
          text run at (0,1071) width 912: "e\x{301}e\x{301}e\x{301}e\x{301}e\x{301}e\x{301}e\x{301}e\x{301}e\x{301}e\x{301}e\x{301}e\x{301}e\x{301}e\x{301}e\x{301}e\x{301}e\x{301}e\x{301}e\x{301}e\x{301}e\x{301}e\x{301}e\x{301}e\x{301}e\x{301}e\x{301}e\x{301}e\x{301}e\x{301}e\x{301}e\x{301}e\x{301} e\x{301} e\x{301}e\x{301}e\x{301}e\x{301}e\x{301}e\x{301}e\x{301}e\x{301}e\x{301}e\x{301}e\x{301}e\x{301}e\x{301}e\x{301}e\x{301}e\x{301}e\x{301}e\x{301}e\x{301}e\x{301}e\x{301}e\x{301}e\x{301}e\x{301}e\x{301}e\x{301}e\x{301}e\x{301}e\x{301}e\x{301}e\x{301}e\x{301}e\x{301}e\x{301}e\x{301}e\x{301}e\x{301}e\x{301}e\x{301}e\x{301}e\x{301}e\x{301}e\x{301} e\x{301}e\x{301}e\x{301}e\x{301}e\x{301}e\x{301}e\x{301}e\x{301}e\x{301}e\x{301}e\x{301}e\x{301}e\x{301}e\x{301}e\x{301}e\x{301}e\x{301}e\x{301}e\x{301}e\x{301}e\x{301}e\x{301}e\x{301}e\x{301}e\x{301}e\x{301}e\x{301}e\x{301}e\x{301}e\x{301} e\x{301}e\x{301}e\x{301}e\x{301}e\x{301}e\x{301}e\x{301}e\x{301}e\x{301}e\x{301}e\x{301}e\x{301}e\x{301}e\x{301}e\x{301}e\x{301}e\x{301}e\x{301}e\x{301}e\x{301}e\x{301}e\x{301}"
          text run at (912,1071) width 0: " "
          text run at (0,1088) width 912: "e\x{301}e\x{301}e\x{301}e\x{301}e\x{301}e\x{301}e\x{301}e\x{301}e\x{301}e\x{301}e\x{301}e\x{301}e\x{301}e\x{301}e\x{301}e\x{301}e\x{301}e\x{301}e\x{301}e\x{301}e\x{301}e\x{301}e\x{301}e\x{301}e\x{301}e\x{301}e\x{301}e\x{301}e\x{301}e\x{301}e\x{301}e\x{301} e\x{301} e\x{301}e\x{301}e\x{301}e\x{301}e\x{301}e\x{301}e\x{301}e\x{301}e\x{301}e\x{301}e\x{301}e\x{301}e\x{301}e\x{301}e\x{301}e\x{301}e\x{301}e\x{301}e\x{301}e\x{301}e\x{301}e\x{301}e\x{301}e\x{301}e\x{301}e\x{301}e\x{301}e\x{301}e\x{301}e\x{301}e\x{301}e\x{301}e\x{301}e\x{301}e\x{301}e\x{301}e\x{301}e\x{301}e\x{301}e\x{301}e\x{301}e\x{301}e\x{301} e\x{301}e\x{301}e\x{301}e\x{301}e\x{301}e\x{301}e\x{301}e\x{301}e\x{301}e\x{301}e\x{301}e\x{301}e\x{301}e\x{301}e\x{301}e\x{301}e\x{301}e\x{301}e\x{301}e\x{301}e\x{301}e\x{301}e\x{301}e\x{301}e\x{301}e\x{301}e\x{301}e\x{301}e\x{301}e\x{301} e\x{301}e\x{301}e\x{301}e\x{301}e\x{301}e\x{301}e\x{301}e\x{301}e\x{301}e\x{301}e\x{301}e\x{301}e\x{301}e\x{301}e\x{301}e\x{301}e\x{301}e\x{301}e\x{301}e\x{301}e\x{301}e\x{301}"
          text run at (912,1088) width 0: " "
          text run at (0,1105) width 912: "e\x{301}e\x{301}e\x{301}e\x{301}e\x{301}e\x{301}e\x{301}e\x{301}e\x{301}e\x{301}e\x{301}e\x{301}e\x{301}e\x{301}e\x{301}e\x{301}e\x{301}e\x{301}e\x{301}e\x{301}e\x{301}e\x{301}e\x{301}e\x{301}e\x{301}e\x{301}e\x{301}e\x{301}e\x{301}e\x{301}e\x{301}e\x{301} e\x{301} e\x{301}e\x{301}e\x{301}e\x{301}e\x{301}e\x{301}e\x{301}e\x{301}e\x{301}e\x{301}e\x{301}e\x{301}e\x{301}e\x{301}e\x{301}e\x{301}e\x{301}e\x{301}e\x{301}e\x{301}e\x{301}e\x{301}e\x{301}e\x{301}e\x{301}e\x{301}e\x{301}e\x{301}e\x{301}e\x{301}e\x{301}e\x{301}e\x{301}e\x{301}e\x{301}e\x{301}e\x{301}e\x{301}e\x{301}e\x{301}e\x{301}e\x{301}e\x{301} e\x{301}e\x{301}e\x{301}e\x{301}e\x{301}e\x{301}e\x{301}e\x{301}e\x{301}e\x{301}e\x{301}e\x{301}e\x{301}e\x{301}e\x{301}e\x{301}e\x{301}e\x{301}e\x{301}e\x{301}e\x{301}e\x{301}e\x{301}e\x{301}e\x{301}e\x{301}e\x{301}e\x{301}e\x{301}e\x{301} e\x{301}e\x{301}e\x{301}e\x{301}e\x{301}e\x{301}e\x{301}e\x{301}e\x{301}e\x{301}e\x{301}e\x{301}e\x{301}e\x{301}e\x{301}e\x{301}e\x{301}e\x{301}e\x{301}e\x{301}e\x{301}e\x{301}"
          text run at (912,1105) width 0: " "
          text run at (0,1122) width 912: "e\x{301}e\x{301}e\x{301}e\x{301}e\x{301}e\x{301}e\x{301}e\x{301}e\x{301}e\x{301}e\x{301}e\x{301}e\x{301}e\x{301}e\x{301}e\x{301}e\x{301}e\x{301}e\x{301}e\x{301}e\x{301}e\x{301}e\x{301}e\x{301}e\x{301}e\x{301}e\x{301}e\x{301}e\x{301}e\x{301}e\x{301}e\x{301} e\x{301} e\x{301}e\x{301}e\x{301}e\x{301}e\x{301}e\x{301}e\x{301}e\x{301}e\x{301}e\x{301}e\x{301}e\x{301}e\x{301}e\x{301}e\x{301}e\x{301}e\x{301}e\x{301}e\x{301}e\x{301}e\x{301}e\x{301}e\x{301}e\x{301}e\x{301}e\x{301}e\x{301}e\x{301}e\x{301}e\x{301}e\x{301}e\x{301}e\x{301}e\x{301}e\x{301}e\x{301}e\x{301}e\x{301}e\x{301}e\x{301}e\x{301}e\x{301}e\x{301} e\x{301}e\x{301}e\x{301}e\x{301}e\x{301}e\x{301}e\x{301}e\x{301}e\x{301}e\x{301}e\x{301}e\x{301}e\x{301}e\x{301}e\x{301}e\x{301}e\x{301}e\x{301}e\x{301}e\x{301}e\x{301}e\x{301}e\x{301}e\x{301}e\x{301}e\x{301}e\x{301}e\x{301}e\x{301}e\x{301} e\x{301}e\x{301}e\x{301}e\x{301}e\x{301}e\x{301}e\x{301}e\x{301}e\x{301}e\x{301}e\x{301}e\x{301}e\x{301}e\x{301}e\x{301}e\x{301}e\x{301}e\x{301}e\x{301}e\x{301}e\x{301}e\x{301}"
          text run at (912,1122) width 0: " "
          text run at (0,1139) width 912: "e\x{301}e\x{301}e\x{301}e\x{301}e\x{301}e\x{301}e\x{301}e\x{301}e\x{301}e\x{301}e\x{301}e\x{301}e\x{301}e\x{301}e\x{301}e\x{301}e\x{301}e\x{301}e\x{301}e\x{301}e\x{301}e\x{301}e\x{301}e\x{301}e\x{301}e\x{301}e\x{301}e\x{301}e\x{301}e\x{301}e\x{301}e\x{301} e\x{301} e\x{301}e\x{301}e\x{301}e\x{301}e\x{301}e\x{301}e\x{301}e\x{301}e\x{301}e\x{301}e\x{301}e\x{301}e\x{301}e\x{301}e\x{301}e\x{301}e\x{301}e\x{301}e\x{301}e\x{301}e\x{301}e\x{301}e\x{301}e\x{301}e\x{301}e\x{301}e\x{301}e\x{301}e\x{301}e\x{301}e\x{301}e\x{301}e\x{301}e\x{301}e\x{301}e\x{301}e\x{301}e\x{301}e\x{301}e\x{301}e\x{301}e\x{301}e\x{301} e\x{301}e\x{301}e\x{301}e\x{301}e\x{301}e\x{301}e\x{301}e\x{301}e\x{301}e\x{301}e\x{301}e\x{301}e\x{301}e\x{301}e\x{301}e\x{301}e\x{301}e\x{301}e\x{301}e\x{301}e\x{301}e\x{301}e\x{301}e\x{301}e\x{301}e\x{301}e\x{301}e\x{301}e\x{301}e\x{301} e\x{301}e\x{301}e\x{301}e\x{301}e\x{301}e\x{301}e\x{301}e\x{301}e\x{301}e\x{301}e\x{301}e\x{301}e\x{301}e\x{301}e\x{301}e\x{301}e\x{301}e\x{301}e\x{301}e\x{301}e\x{301}e\x{301}"
          text run at (912,1139) width 0: " "
          text run at (0,1156) width 912: "e\x{301}e\x{301}e\x{301}e\x{301}e\x{301}e\x{301}e\x{301}e\x{301}e\x{301}e\x{301}e\x{301}e\x{301}e\x{301}e\x{301}e\x{301}e\x{301}e\x{301}e\x{301}e\x{301}e\x{301}e\x{301}e\x{301}e\x{301}e\x{301}e\x{301}e\x{301}e\x{301}e\x{301}e\x{301}e\x{301}e\x{301}e\x{301} e\x{301} e\x{301}e\x{301}e\x{301}e\x{301}e\x{301}e\x{301}e\x{301}e\x{301}e\x{301}e\x{301}e\x{301}e\x{301}e\x{301}e\x{301}e\x{301}e\x{301}e\x{301}e\x{301}e\x{301}e\x{301}e\x{301}e\x{301}e\x{301}e\x{301}e\x{301}e\x{301}e\x{301}e\x{301}e\x{301}e\x{301}e\x{301}e\x{301}e\x{301}e\x{301}e\x{301}e\x{301}e\x{301}e\x{301}e\x{301}e\x{301}e\x{301}e\x{301}e\x{301} e\x{301}e\x{301}e\x{301}e\x{301}e\x{301}e\x{301}e\x{301}e\x{301}e\x{301}e\x{301}e\x{301}e\x{301}e\x{301}e\x{301}e\x{301}e\x{301}e\x{301}e\x{301}e\x{301}e\x{301}e\x{301}e\x{301}e\x{301}e\x{301}e\x{301}e\x{301}e\x{301}e\x{301}e\x{301}e\x{301} e\x{301}e\x{301}e\x{301}e\x{301}e\x{301}e\x{301}e\x{301}e\x{301}e\x{301}e\x{301}e\x{301}e\x{301}e\x{301}e\x{301}e\x{301}e\x{301}e\x{301}e\x{301}e\x{301}e\x{301}e\x{301}e\x{301}"
          text run at (912,1156) width 0: " "
          text run at (0,1173) width 912: "e\x{301}e\x{301}e\x{301}e\x{301}e\x{301}e\x{301}e\x{301}e\x{301}e\x{301}e\x{301}e\x{301}e\x{301}e\x{301}e\x{301}e\x{301}e\x{301}e\x{301}e\x{301}e\x{301}e\x{301}e\x{301}e\x{301}e\x{301}e\x{301}e\x{301}e\x{301}e\x{301}e\x{301}e\x{301}e\x{301}e\x{301}e\x{301} e\x{301} e\x{301}e\x{301}e\x{301}e\x{301}e\x{301}e\x{301}e\x{301}e\x{301}e\x{301}e\x{301}e\x{301}e\x{301}e\x{301}e\x{301}e\x{301}e\x{301}e\x{301}e\x{301}e\x{301}e\x{301}e\x{301}e\x{301}e\x{301}e\x{301}e\x{301}e\x{301}e\x{301}e\x{301}e\x{301}e\x{301}e\x{301}e\x{301}e\x{301}e\x{301}e\x{301}e\x{301}e\x{301}e\x{301}e\x{301}e\x{301}e\x{301}e\x{301}e\x{301} e\x{301}e\x{301}e\x{301}e\x{301}e\x{301}e\x{301}e\x{301}e\x{301}e\x{301}e\x{301}e\x{301}e\x{301}e\x{301}e\x{301}e\x{301}e\x{301}e\x{301}e\x{301}e\x{301}e\x{301}e\x{301}e\x{301}e\x{301}e\x{301}e\x{301}e\x{301}e\x{301}e\x{301}e\x{301}e\x{301} e\x{301}e\x{301}e\x{301}e\x{301}e\x{301}e\x{301}e\x{301}e\x{301}e\x{301}e\x{301}e\x{301}e\x{301}e\x{301}e\x{301}e\x{301}e\x{301}e\x{301}e\x{301}e\x{301}e\x{301}e\x{301}e\x{301}"
          text run at (912,1173) width 0: " "
          text run at (0,1190) width 912: "e\x{301}e\x{301}e\x{301}e\x{301}e\x{301}e\x{301}e\x{301}e\x{301}e\x{301}e\x{301}e\x{301}e\x{301}e\x{301}e\x{301}e\x{301}e\x{301}e\x{301}e\x{301}e\x{301}e\x{301}e\x{301}e\x{301}e\x{301}e\x{301}e\x{301}e\x{301}e\x{301}e\x{301}e\x{301}e\x{301}e\x{301}e\x{301} e\x{301} e\x{301}e\x{301}e\x{301}e\x{301}e\x{301}e\x{301}e\x{301}e\x{301}e\x{301}e\x{301}e\x{301}e\x{301}e\x{301}e\x{301}e\x{301}e\x{301}e\x{301}e\x{301}e\x{301}e\x{301}e\x{301}e\x{301}e\x{301}e\x{301}e\x{301}e\x{301}e\x{301}e\x{301}e\x{301}e\x{301}e\x{301}e\x{301}e\x{301}e\x{301}e\x{301}e\x{301}e\x{301}e\x{301}e\x{301}e\x{301}e\x{301}e\x{301}e\x{301} e\x{301}e\x{301}e\x{301}e\x{301}e\x{301}e\x{301}e\x{301}e\x{301}e\x{301}e\x{301}e\x{301}e\x{301}e\x{301}e\x{301}e\x{301}e\x{301}e\x{301}e\x{301}e\x{301}e\x{301}e\x{301}e\x{301}e\x{301}e\x{301}e\x{301}e\x{301}e\x{301}e\x{301}e\x{301}e\x{301} e\x{301}e\x{301}e\x{301}e\x{301}e\x{301}e\x{301}e\x{301}e\x{301}e\x{301}e\x{301}e\x{301}e\x{301}e\x{301}e\x{301}e\x{301}e\x{301}e\x{301}e\x{301}e\x{301}e\x{301}e\x{301}e\x{301}"
          text run at (912,1190) width 0: " "
          text run at (0,1207) width 912: "e\x{301}e\x{301}e\x{301}e\x{301}e\x{301}e\x{301}e\x{301}e\x{301}e\x{301}e\x{301}e\x{301}e\x{301}e\x{301}e\x{301}e\x{301}e\x{301}e\x{301}e\x{301}e\x{301}e\x{301}e\x{301}e\x{301}e\x{301}e\x{301}e\x{301}e\x{301}e\x{301}e\x{301}e\x{301}e\x{301}e\x{301}e\x{301} e\x{301} e\x{301}e\x{301}e\x{301}e\x{301}e\x{301}e\x{301}e\x{301}e\x{301}e\x{301}e\x{301}e\x{301}e\x{301}e\x{301}e\x{301}e\x{301}e\x{301}e\x{301}e\x{301}e\x{301}e\x{301}e\x{301}e\x{301}e\x{301}e\x{301}e\x{301}e\x{301}e\x{301}e\x{301}e\x{301}e\x{301}e\x{301}e\x{301}e\x{301}e\x{301}e\x{301}e\x{301}e\x{301}e\x{301}e\x{301}e\x{301}e\x{301}e\x{301}e\x{301} e\x{301}e\x{301}e\x{301}e\x{301}e\x{301}e\x{301}e\x{301}e\x{301}e\x{301}e\x{301}e\x{301}e\x{301}e\x{301}e\x{301}e\x{301}e\x{301}e\x{301}e\x{301}e\x{301}e\x{301}e\x{301}e\x{301}e\x{301}e\x{301}e\x{301}e\x{301}e\x{301}e\x{301}e\x{301}e\x{301} e\x{301}e\x{301}e\x{301}e\x{301}e\x{301}e\x{301}e\x{301}e\x{301}e\x{301}e\x{301}e\x{301}e\x{301}e\x{301}e\x{301}e\x{301}e\x{301}e\x{301}e\x{301}e\x{301}e\x{301}e\x{301}e\x{301}"
          text run at (912,1207) width 0: " "
          text run at (0,1224) width 912: "e\x{301}e\x{301}e\x{301}e\x{301}e\x{301}e\x{301}e\x{301}e\x{301}e\x{301}e\x{301}e\x{301}e\x{301}e\x{301}e\x{301}e\x{301}e\x{301}e\x{301}e\x{301}e\x{301}e\x{301}e\x{301}e\x{301}e\x{301}e\x{301}e\x{301}e\x{301}e\x{301}e\x{301}e\x{301}e\x{301}e\x{301}e\x{301} e\x{301} e\x{301}e\x{301}e\x{301}e\x{301}e\x{301}e\x{301}e\x{301}e\x{301}e\x{301}e\x{301}e\x{301}e\x{301}e\x{301}e\x{301}e\x{301}e\x{301}e\x{301}e\x{301}e\x{301}e\x{301}e\x{301}e\x{301}e\x{301}e\x{301}e\x{301}e\x{301}e\x{301}e\x{301}e\x{301}e\x{301}e\x{301}e\x{301}e\x{301}e\x{301}e\x{301}e\x{301}e\x{301}e\x{301}e\x{301}e\x{301}e\x{301}e\x{301}e\x{301} e\x{301}e\x{301}e\x{301}e\x{301}e\x{301}e\x{301}e\x{301}e\x{301}e\x{301}e\x{301}e\x{301}e\x{301}e\x{301}e\x{301}e\x{301}e\x{301}e\x{301}e\x{301}e\x{301}e\x{301}e\x{301}e\x{301}e\x{301}e\x{301}e\x{301}e\x{301}e\x{301}e\x{301}e\x{301}e\x{301} e\x{301}e\x{301}e\x{301}e\x{301}e\x{301}e\x{301}e\x{301}e\x{301}e\x{301}e\x{301}e\x{301}e\x{301}e\x{301}e\x{301}e\x{301}e\x{301}e\x{301}e\x{301}e\x{301}e\x{301}e\x{301}e\x{301}"
          text run at (912,1224) width 0: " "
          text run at (0,1241) width 912: "e\x{301}e\x{301}e\x{301}e\x{301}e\x{301}e\x{301}e\x{301}e\x{301}e\x{301}e\x{301}e\x{301}e\x{301}e\x{301}e\x{301}e\x{301}e\x{301}e\x{301}e\x{301}e\x{301}e\x{301}e\x{301}e\x{301}e\x{301}e\x{301}e\x{301}e\x{301}e\x{301}e\x{301}e\x{301}e\x{301}e\x{301}e\x{301} e\x{301} e\x{301}e\x{301}e\x{301}e\x{301}e\x{301}e\x{301}e\x{301}e\x{301}e\x{301}e\x{301}e\x{301}e\x{301}e\x{301}e\x{301}e\x{301}e\x{301}e\x{301}e\x{301}e\x{301}e\x{301}e\x{301}e\x{301}e\x{301}e\x{301}e\x{301}e\x{301}e\x{301}e\x{301}e\x{301}e\x{301}e\x{301}e\x{301}e\x{301}e\x{301}e\x{301}e\x{301}e\x{301}e\x{301}e\x{301}e\x{301}e\x{301}e\x{301}e\x{301} e\x{301}e\x{301}e\x{301}e\x{301}e\x{301}e\x{301}e\x{301}e\x{301}e\x{301}e\x{301}e\x{301}e\x{301}e\x{301}e\x{301}e\x{301}e\x{301}e\x{301}e\x{301}e\x{301}e\x{301}e\x{301}e\x{301}e\x{301}e\x{301}e\x{301}e\x{301}e\x{301}e\x{301}e\x{301}e\x{301} e\x{301}e\x{301}e\x{301}e\x{301}e\x{301}e\x{301}e\x{301}e\x{301}e\x{301}e\x{301}e\x{301}e\x{301}e\x{301}e\x{301}e\x{301}e\x{301}e\x{301}e\x{301}e\x{301}e\x{301}e\x{301}e\x{301}"
          text run at (912,1241) width 0: " "
          text run at (0,1258) width 912: "e\x{301}e\x{301}e\x{301}e\x{301}e\x{301}e\x{301}e\x{301}e\x{301}e\x{301}e\x{301}e\x{301}e\x{301}e\x{301}e\x{301}e\x{301}e\x{301}e\x{301}e\x{301}e\x{301}e\x{301}e\x{301}e\x{301}e\x{301}e\x{301}e\x{301}e\x{301}e\x{301}e\x{301}e\x{301}e\x{301}e\x{301}e\x{301} e\x{301} e\x{301}e\x{301}e\x{301}e\x{301}e\x{301}e\x{301}e\x{301}e\x{301}e\x{301}e\x{301}e\x{301}e\x{301}e\x{301}e\x{301}e\x{301}e\x{301}e\x{301}e\x{301}e\x{301}e\x{301}e\x{301}e\x{301}e\x{301}e\x{301}e\x{301}e\x{301}e\x{301}e\x{301}e\x{301}e\x{301}e\x{301}e\x{301}e\x{301}e\x{301}e\x{301}e\x{301}e\x{301}e\x{301}e\x{301}e\x{301}e\x{301}e\x{301}e\x{301} e\x{301}e\x{301}e\x{301}e\x{301}e\x{301}e\x{301}e\x{301}e\x{301}e\x{301}e\x{301}e\x{301}e\x{301}e\x{301}e\x{301}e\x{301}e\x{301}e\x{301}e\x{301}e\x{301}e\x{301}e\x{301}e\x{301}e\x{301}e\x{301}e\x{301}e\x{301}e\x{301}e\x{301}e\x{301}e\x{301} e\x{301}e\x{301}e\x{301}e\x{301}e\x{301}e\x{301}e\x{301}e\x{301}e\x{301}e\x{301}e\x{301}e\x{301}e\x{301}e\x{301}e\x{301}e\x{301}e\x{301}e\x{301}e\x{301}e\x{301}e\x{301}e\x{301}"
          text run at (912,1258) width 0: " "
          text run at (0,1275) width 912: "e\x{301}e\x{301}e\x{301}e\x{301}e\x{301}e\x{301}e\x{301}e\x{301}e\x{301}e\x{301}e\x{301}e\x{301}e\x{301}e\x{301}e\x{301}e\x{301}e\x{301}e\x{301}e\x{301}e\x{301}e\x{301}e\x{301}e\x{301}e\x{301}e\x{301}e\x{301}e\x{301}e\x{301}e\x{301}e\x{301}e\x{301}e\x{301} e\x{301} e\x{301}e\x{301}e\x{301}e\x{301}e\x{301}e\x{301}e\x{301}e\x{301}e\x{301}e\x{301}e\x{301}e\x{301}e\x{301}e\x{301}e\x{301}e\x{301}e\x{301}e\x{301}e\x{301}e\x{301}e\x{301}e\x{301}e\x{301}e\x{301}e\x{301}e\x{301}e\x{301}e\x{301}e\x{301}e\x{301}e\x{301}e\x{301}e\x{301}e\x{301}e\x{301}e\x{301}e\x{301}e\x{301}e\x{301}e\x{301}e\x{301}e\x{301}e\x{301} e\x{301}e\x{301}e\x{301}e\x{301}e\x{301}e\x{301}e\x{301}e\x{301}e\x{301}e\x{301}e\x{301}e\x{301}e\x{301}e\x{301}e\x{301}e\x{301}e\x{301}e\x{301}e\x{301}e\x{301}e\x{301}e\x{301}e\x{301}e\x{301}e\x{301}e\x{301}e\x{301}e\x{301}e\x{301}e\x{301} e\x{301}e\x{301}e\x{301}e\x{301}e\x{301}e\x{301}e\x{301}e\x{301}e\x{301}e\x{301}e\x{301}e\x{301}e\x{301}e\x{301}e\x{301}e\x{301}e\x{301}e\x{301}e\x{301}e\x{301}e\x{301}e\x{301}"
          text run at (912,1275) width 0: " "
          text run at (0,1292) width 912: "e\x{301}e\x{301}e\x{301}e\x{301}e\x{301}e\x{301}e\x{301}e\x{301}e\x{301}e\x{301}e\x{301}e\x{301}e\x{301}e\x{301}e\x{301}e\x{301}e\x{301}e\x{301}e\x{301}e\x{301}e\x{301}e\x{301}e\x{301}e\x{301}e\x{301}e\x{301}e\x{301}e\x{301}e\x{301}e\x{301}e\x{301}e\x{301} e\x{301} e\x{301}e\x{301}e\x{301}e\x{301}e\x{301}e\x{301}e\x{301}e\x{301}e\x{301}e\x{301}e\x{301}e\x{301}e\x{301}e\x{301}e\x{301}e\x{301}e\x{301}e\x{301}e\x{301}e\x{301}e\x{301}e\x{301}e\x{301}e\x{301}e\x{301}e\x{301}e\x{301}e\x{301}e\x{301}e\x{301}e\x{301}e\x{301}e\x{301}e\x{301}e\x{301}e\x{301}e\x{301}e\x{301}e\x{301}e\x{301}e\x{301}e\x{301}e\x{301} e\x{301}e\x{301}e\x{301}e\x{301}e\x{301}e\x{301}e\x{301}e\x{301}e\x{301}e\x{301}e\x{301}e\x{301}e\x{301}e\x{301}e\x{301}e\x{301}e\x{301}e\x{301}e\x{301}e\x{301}e\x{301}e\x{301}e\x{301}e\x{301}e\x{301}e\x{301}e\x{301}e\x{301}e\x{301}e\x{301} e\x{301}e\x{301}e\x{301}e\x{301}e\x{301}e\x{301}e\x{301}e\x{301}e\x{301}e\x{301}e\x{301}e\x{301}e\x{301}e\x{301}e\x{301}e\x{301}e\x{301}e\x{301}e\x{301}e\x{301}e\x{301}e\x{301}"
          text run at (912,1292) width 0: " "
          text run at (0,1309) width 912: "e\x{301}e\x{301}e\x{301}e\x{301}e\x{301}e\x{301}e\x{301}e\x{301}e\x{301}e\x{301}e\x{301}e\x{301}e\x{301}e\x{301}e\x{301}e\x{301}e\x{301}e\x{301}e\x{301}e\x{301}e\x{301}e\x{301}e\x{301}e\x{301}e\x{301}e\x{301}e\x{301}e\x{301}e\x{301}e\x{301}e\x{301}e\x{301} e\x{301} e\x{301}e\x{301}e\x{301}e\x{301}e\x{301}e\x{301}e\x{301}e\x{301}e\x{301}e\x{301}e\x{301}e\x{301}e\x{301}e\x{301}e\x{301}e\x{301}e\x{301}e\x{301}e\x{301}e\x{301}e\x{301}e\x{301}e\x{301}e\x{301}e\x{301}e\x{301}e\x{301}e\x{301}e\x{301}e\x{301}e\x{301}e\x{301}e\x{301}e\x{301}e\x{301}e\x{301}e\x{301}e\x{301}e\x{301}e\x{301}e\x{301}e\x{301}e\x{301} e\x{301}e\x{301}e\x{301}e\x{301}e\x{301}e\x{301}e\x{301}e\x{301}e\x{301}e\x{301}e\x{301}e\x{301}e\x{301}e\x{301}e\x{301}e\x{301}e\x{301}e\x{301}e\x{301}e\x{301}e\x{301}e\x{301}e\x{301}e\x{301}e\x{301}e\x{301}e\x{301}e\x{301}e\x{301}e\x{301} e\x{301}e\x{301}e\x{301}e\x{301}e\x{301}e\x{301}e\x{301}e\x{301}e\x{301}e\x{301}e\x{301}e\x{301}e\x{301}e\x{301}e\x{301}e\x{301}e\x{301}e\x{301}e\x{301}e\x{301}e\x{301}e\x{301}"
          text run at (912,1309) width 0: " "
          text run at (0,1326) width 912: "e\x{301}e\x{301}e\x{301}e\x{301}e\x{301}e\x{301}e\x{301}e\x{301}e\x{301}e\x{301}e\x{301}e\x{301}e\x{301}e\x{301}e\x{301}e\x{301}e\x{301}e\x{301}e\x{301}e\x{301}e\x{301}e\x{301}e\x{301}e\x{301}e\x{301}e\x{301}e\x{301}e\x{301}e\x{301}e\x{301}e\x{301}e\x{301} e\x{301} e\x{301}e\x{301}e\x{301}e\x{301}e\x{301}e\x{301}e\x{301}e\x{301}e\x{301}e\x{301}e\x{301}e\x{301}e\x{301}e\x{301}e\x{301}e\x{301}e\x{301}e\x{301}e\x{301}e\x{301}e\x{301}e\x{301}e\x{301}e\x{301}e\x{301}e\x{301}e\x{301}e\x{301}e\x{301}e\x{301}e\x{301}e\x{301}e\x{301}e\x{301}e\x{301}e\x{301}e\x{301}e\x{301}e\x{301}e\x{301}e\x{301}e\x{301}e\x{301} e\x{301}e\x{301}e\x{301}e\x{301}e\x{301}e\x{301}e\x{301}e\x{301}e\x{301}e\x{301}e\x{301}e\x{301}e\x{301}e\x{301}e\x{301}e\x{301}e\x{301}e\x{301}e\x{301}e\x{301}e\x{301}e\x{301}e\x{301}e\x{301}e\x{301}e\x{301}e\x{301}e\x{301}e\x{301}e\x{301} e\x{301}e\x{301}e\x{301}e\x{301}e\x{301}e\x{301}e\x{301}e\x{301}e\x{301}e\x{301}e\x{301}e\x{301}e\x{301}e\x{301}e\x{301}e\x{301}e\x{301}e\x{301}e\x{301}e\x{301}e\x{301}e\x{301}"
          text run at (912,1326) width 0: " "
          text run at (0,1343) width 912: "e\x{301}e\x{301}e\x{301}e\x{301}e\x{301}e\x{301}e\x{301}e\x{301}e\x{301}e\x{301}e\x{301}e\x{301}e\x{301}e\x{301}e\x{301}e\x{301}e\x{301}e\x{301}e\x{301}e\x{301}e\x{301}e\x{301}e\x{301}e\x{301}e\x{301}e\x{301}e\x{301}e\x{301}e\x{301}e\x{301}e\x{301}e\x{301} e\x{301} e\x{301}e\x{301}e\x{301}e\x{301}e\x{301}e\x{301}e\x{301}e\x{301}e\x{301}e\x{301}e\x{301}e\x{301}e\x{301}e\x{301}e\x{301}e\x{301}e\x{301}e\x{301}e\x{301}e\x{301}e\x{301}e\x{301}e\x{301}e\x{301}e\x{301}e\x{301}e\x{301}e\x{301}e\x{301}e\x{301}e\x{301}e\x{301}e\x{301}e\x{301}e\x{301}e\x{301}e\x{301}e\x{301}e\x{301}e\x{301}e\x{301}e\x{301}e\x{301} e\x{301}e\x{301}e\x{301}e\x{301}e\x{301}e\x{301}e\x{301}e\x{301}e\x{301}e\x{301}e\x{301}e\x{301}e\x{301}e\x{301}e\x{301}e\x{301}e\x{301}e\x{301}e\x{301}e\x{301}e\x{301}e\x{301}e\x{301}e\x{301}e\x{301}e\x{301}e\x{301}e\x{301}e\x{301}e\x{301} e\x{301}e\x{301}e\x{301}e\x{301}e\x{301}e\x{301}e\x{301}e\x{301}e\x{301}e\x{301}e\x{301}e\x{301}e\x{301}e\x{301}e\x{301}e\x{301}e\x{301}e\x{301}e\x{301}e\x{301}e\x{301}e\x{301}"
          text run at (912,1343) width 0: " "
          text run at (0,1360) width 912: "e\x{301}e\x{301}e\x{301}e\x{301}e\x{301}e\x{301}e\x{301}e\x{301}e\x{301}e\x{301}e\x{301}e\x{301}e\x{301}e\x{301}e\x{301}e\x{301}e\x{301}e\x{301}e\x{301}e\x{301}e\x{301}e\x{301}e\x{301}e\x{301}e\x{301}e\x{301}e\x{301}e\x{301}e\x{301}e\x{301}e\x{301}e\x{301} e\x{301} e\x{301}e\x{301}e\x{301}e\x{301}e\x{301}e\x{301}e\x{301}e\x{301}e\x{301}e\x{301}e\x{301}e\x{301}e\x{301}e\x{301}e\x{301}e\x{301}e\x{301}e\x{301}e\x{301}e\x{301}e\x{301}e\x{301}e\x{301}e\x{301}e\x{301}e\x{301}e\x{301}e\x{301}e\x{301}e\x{301}e\x{301}e\x{301}e\x{301}e\x{301}e\x{301}e\x{301}e\x{301}e\x{301}e\x{301}e\x{301}e\x{301}e\x{301}e\x{301} e\x{301}e\x{301}e\x{301}e\x{301}e\x{301}e\x{301}e\x{301}e\x{301}e\x{301}e\x{301}e\x{301}e\x{301}e\x{301}e\x{301}e\x{301}e\x{301}e\x{301}e\x{301}e\x{301}e\x{301}e\x{301}e\x{301}e\x{301}e\x{301}e\x{301}e\x{301}e\x{301}e\x{301}e\x{301}e\x{301} e\x{301}e\x{301}e\x{301}e\x{301}e\x{301}e\x{301}e\x{301}e\x{301}e\x{301}e\x{301}e\x{301}e\x{301}e\x{301}e\x{301}e\x{301}e\x{301}e\x{301}e\x{301}e\x{301}e\x{301}e\x{301}e\x{301}"
          text run at (912,1360) width 0: " "
          text run at (0,1377) width 912: "e\x{301}e\x{301}e\x{301}e\x{301}e\x{301}e\x{301}e\x{301}e\x{301}e\x{301}e\x{301}e\x{301}e\x{301}e\x{301}e\x{301}e\x{301}e\x{301}e\x{301}e\x{301}e\x{301}e\x{301}e\x{301}e\x{301}e\x{301}e\x{301}e\x{301}e\x{301}e\x{301}e\x{301}e\x{301}e\x{301}e\x{301}e\x{301} e\x{301} e\x{301}e\x{301}e\x{301}e\x{301}e\x{301}e\x{301}e\x{301}e\x{301}e\x{301}e\x{301}e\x{301}e\x{301}e\x{301}e\x{301}e\x{301}e\x{301}e\x{301}e\x{301}e\x{301}e\x{301}e\x{301}e\x{301}e\x{301}e\x{301}e\x{301}e\x{301}e\x{301}e\x{301}e\x{301}e\x{301}e\x{301}e\x{301}e\x{301}e\x{301}e\x{301}e\x{301}e\x{301}e\x{301}e\x{301}e\x{301}e\x{301}e\x{301}e\x{301} e\x{301}e\x{301}e\x{301}e\x{301}e\x{301}e\x{301}e\x{301}e\x{301}e\x{301}e\x{301}e\x{301}e\x{301}e\x{301}e\x{301}e\x{301}e\x{301}e\x{301}e\x{301}e\x{301}e\x{301}e\x{301}e\x{301}e\x{301}e\x{301}e\x{301}e\x{301}e\x{301}e\x{301}e\x{301}e\x{301} e\x{301}e\x{301}e\x{301}e\x{301}e\x{301}e\x{301}e\x{301}e\x{301}e\x{301}e\x{301}e\x{301}e\x{301}e\x{301}e\x{301}e\x{301}e\x{301}e\x{301}e\x{301}e\x{301}e\x{301}e\x{301}e\x{301}"
          text run at (912,1377) width 0: " "
          text run at (0,1394) width 912: "e\x{301}e\x{301}e\x{301}e\x{301}e\x{301}e\x{301}e\x{301}e\x{301}e\x{301}e\x{301}e\x{301}e\x{301}e\x{301}e\x{301}e\x{301}e\x{301}e\x{301}e\x{301}e\x{301}e\x{301}e\x{301}e\x{301}e\x{301}e\x{301}e\x{301}e\x{301}e\x{301}e\x{301}e\x{301}e\x{301}e\x{301}e\x{301} e\x{301} e\x{301}e\x{301}e\x{301}e\x{301}e\x{301}e\x{301}e\x{301}e\x{301}e\x{301}e\x{301}e\x{301}e\x{301}e\x{301}e\x{301}e\x{301}e\x{301}e\x{301}e\x{301}e\x{301}e\x{301}e\x{301}e\x{301}e\x{301}e\x{301}e\x{301}e\x{301}e\x{301}e\x{301}e\x{301}e\x{301}e\x{301}e\x{301}e\x{301}e\x{301}e\x{301}e\x{301}e\x{301}e\x{301}e\x{301}e\x{301}e\x{301}e\x{301}e\x{301} e\x{301}e\x{301}e\x{301}e\x{301}e\x{301}e\x{301}e\x{301}e\x{301}e\x{301}e\x{301}e\x{301}e\x{301}e\x{301}e\x{301}e\x{301}e\x{301}e\x{301}e\x{301}e\x{301}e\x{301}e\x{301}e\x{301}e\x{301}e\x{301}e\x{301}e\x{301}e\x{301}e\x{301}e\x{301}e\x{301} e\x{301}e\x{301}e\x{301}e\x{301}e\x{301}e\x{301}e\x{301}e\x{301}e\x{301}e\x{301}e\x{301}e\x{301}e\x{301}e\x{301}e\x{301}e\x{301}e\x{301}e\x{301}e\x{301}e\x{301}e\x{301}e\x{301}"
          text run at (912,1394) width 0: " "
          text run at (0,1411) width 912: "e\x{301}e\x{301}e\x{301}e\x{301}e\x{301}e\x{301}e\x{301}e\x{301}e\x{301}e\x{301}e\x{301}e\x{301}e\x{301}e\x{301}e\x{301}e\x{301}e\x{301}e\x{301}e\x{301}e\x{301}e\x{301}e\x{301}e\x{301}e\x{301}e\x{301}e\x{301}e\x{301}e\x{301}e\x{301}e\x{301}e\x{301}e\x{301} e\x{301} e\x{301}e\x{301}e\x{301}e\x{301}e\x{301}e\x{301}e\x{301}e\x{301}e\x{301}e\x{301}e\x{301}e\x{301}e\x{301}e\x{301}e\x{301}e\x{301}e\x{301}e\x{301}e\x{301}e\x{301}e\x{301}e\x{301}e\x{301}e\x{301}e\x{301}e\x{301}e\x{301}e\x{301}e\x{301}e\x{301}e\x{301}e\x{301}e\x{301}e\x{301}e\x{301}e\x{301}e\x{301}e\x{301}e\x{301}e\x{301}e\x{301}e\x{301}e\x{301} e\x{301}e\x{301}e\x{301}e\x{301}e\x{301}e\x{301}e\x{301}e\x{301}e\x{301}e\x{301}e\x{301}e\x{301}e\x{301}e\x{301}e\x{301}e\x{301}e\x{301}e\x{301}e\x{301}e\x{301}e\x{301}e\x{301}e\x{301}e\x{301}e\x{301}e\x{301}e\x{301}e\x{301}e\x{301}e\x{301} e\x{301}e\x{301}e\x{301}e\x{301}e\x{301}e\x{301}e\x{301}e\x{301}e\x{301}e\x{301}e\x{301}e\x{301}e\x{301}e\x{301}e\x{301}e\x{301}e\x{301}e\x{301}e\x{301}e\x{301}e\x{301}e\x{301}"
          text run at (912,1411) width 0: " "
          text run at (0,1428) width 912: "e\x{301}e\x{301}e\x{301}e\x{301}e\x{301}e\x{301}e\x{301}e\x{301}e\x{301}e\x{301}e\x{301}e\x{301}e\x{301}e\x{301}e\x{301}e\x{301}e\x{301}e\x{301}e\x{301}e\x{301}e\x{301}e\x{301}e\x{301}e\x{301}e\x{301}e\x{301}e\x{301}e\x{301}e\x{301}e\x{301}e\x{301}e\x{301} e\x{301} e\x{301}e\x{301}e\x{301}e\x{301}e\x{301}e\x{301}e\x{301}e\x{301}e\x{301}e\x{301}e\x{301}e\x{301}e\x{301}e\x{301}e\x{301}e\x{301}e\x{301}e\x{301}e\x{301}e\x{301}e\x{301}e\x{301}e\x{301}e\x{301}e\x{301}e\x{301}e\x{301}e\x{301}e\x{301}e\x{301}e\x{301}e\x{301}e\x{301}e\x{301}e\x{301}e\x{301}e\x{301}e\x{301}e\x{301}e\x{301}e\x{301}e\x{301}e\x{301} e\x{301}e\x{301}e\x{301}e\x{301}e\x{301}e\x{301}e\x{301}e\x{301}e\x{301}e\x{301}e\x{301}e\x{301}e\x{301}e\x{301}e\x{301}e\x{301}e\x{301}e\x{301}e\x{301}e\x{301}e\x{301}e\x{301}e\x{301}e\x{301}e\x{301}e\x{301}e\x{301}e\x{301}e\x{301}e\x{301} e\x{301}e\x{301}e\x{301}e\x{301}e\x{301}e\x{301}e\x{301}e\x{301}e\x{301}e\x{301}e\x{301}e\x{301}e\x{301}e\x{301}e\x{301}e\x{301}e\x{301}e\x{301}e\x{301}e\x{301}e\x{301}e\x{301}"
          text run at (912,1428) width 0: " "
          text run at (0,1445) width 912: "e\x{301}e\x{301}e\x{301}e\x{301}e\x{301}e\x{301}e\x{301}e\x{301}e\x{301}e\x{301}e\x{301}e\x{301}e\x{301}e\x{301}e\x{301}e\x{301}e\x{301}e\x{301}e\x{301}e\x{301}e\x{301}e\x{301}e\x{301}e\x{301}e\x{301}e\x{301}e\x{301}e\x{301}e\x{301}e\x{301}e\x{301}e\x{301} e\x{301} e\x{301}e\x{301}e\x{301}e\x{301}e\x{301}e\x{301}e\x{301}e\x{301}e\x{301}e\x{301}e\x{301}e\x{301}e\x{301}e\x{301}e\x{301}e\x{301}e\x{301}e\x{301}e\x{301}e\x{301}e\x{301}e\x{301}e\x{301}e\x{301}e\x{301}e\x{301}e\x{301}e\x{301}e\x{301}e\x{301}e\x{301}e\x{301}e\x{301}e\x{301}e\x{301}e\x{301}e\x{301}e\x{301}e\x{301}e\x{301}e\x{301}e\x{301}e\x{301} e\x{301}e\x{301}e\x{301}e\x{301}e\x{301}e\x{301}e\x{301}e\x{301}e\x{301}e\x{301}e\x{301}e\x{301}e\x{301}e\x{301}e\x{301}e\x{301}e\x{301}e\x{301}e\x{301}e\x{301}e\x{301}e\x{301}e\x{301}e\x{301}e\x{301}e\x{301}e\x{301}e\x{301}e\x{301}e\x{301} e\x{301}e\x{301}e\x{301}e\x{301}e\x{301}e\x{301}e\x{301}e\x{301}e\x{301}e\x{301}e\x{301}e\x{301}e\x{301}e\x{301}e\x{301}e\x{301}e\x{301}e\x{301}e\x{301}e\x{301}e\x{301}e\x{301}"
          text run at (912,1445) width 0: " "
          text run at (0,1462) width 912: "e\x{301}e\x{301}e\x{301}e\x{301}e\x{301}e\x{301}e\x{301}e\x{301}e\x{301}e\x{301}e\x{301}e\x{301}e\x{301}e\x{301}e\x{301}e\x{301}e\x{301}e\x{301}e\x{301}e\x{301}e\x{301}e\x{301}e\x{301}e\x{301}e\x{301}e\x{301}e\x{301}e\x{301}e\x{301}e\x{301}e\x{301}e\x{301} e\x{301} e\x{301}e\x{301}e\x{301}e\x{301}e\x{301}e\x{301}e\x{301}e\x{301}e\x{301}e\x{301}e\x{301}e\x{301}e\x{301}e\x{301}e\x{301}e\x{301}e\x{301}e\x{301}e\x{301}e\x{301}e\x{301}e\x{301}e\x{301}e\x{301}e\x{301}e\x{301}e\x{301}e\x{301}e\x{301}e\x{301}e\x{301}e\x{301}e\x{301}e\x{301}e\x{301}e\x{301}e\x{301}e\x{301}e\x{301}e\x{301}e\x{301}e\x{301}e\x{301} e\x{301}e\x{301}e\x{301}e\x{301}e\x{301}e\x{301}e\x{301}e\x{301}e\x{301}e\x{301}e\x{301}e\x{301}e\x{301}e\x{301}e\x{301}e\x{301}e\x{301}e\x{301}e\x{301}e\x{301}e\x{301}e\x{301}e\x{301}e\x{301}e\x{301}e\x{301}e\x{301}e\x{301}e\x{301}e\x{301} e\x{301}e\x{301}e\x{301}e\x{301}e\x{301}e\x{301}e\x{301}e\x{301}e\x{301}e\x{301}e\x{301}e\x{301}e\x{301}e\x{301}e\x{301}e\x{301}e\x{301}e\x{301}e\x{301}e\x{301}e\x{301}e\x{301}"
          text run at (912,1462) width 0: " "
          text run at (0,1479) width 912: "e\x{301}e\x{301}e\x{301}e\x{301}e\x{301}e\x{301}e\x{301}e\x{301}e\x{301}e\x{301}e\x{301}e\x{301}e\x{301}e\x{301}e\x{301}e\x{301}e\x{301}e\x{301}e\x{301}e\x{301}e\x{301}e\x{301}e\x{301}e\x{301}e\x{301}e\x{301}e\x{301}e\x{301}e\x{301}e\x{301}e\x{301}e\x{301} e\x{301} e\x{301}e\x{301}e\x{301}e\x{301}e\x{301}e\x{301}e\x{301}e\x{301}e\x{301}e\x{301}e\x{301}e\x{301}e\x{301}e\x{301}e\x{301}e\x{301}e\x{301}e\x{301}e\x{301}e\x{301}e\x{301}e\x{301}e\x{301}e\x{301}e\x{301}e\x{301}e\x{301}e\x{301}e\x{301}e\x{301}e\x{301}e\x{301}e\x{301}e\x{301}e\x{301}e\x{301}e\x{301}e\x{301}e\x{301}e\x{301}e\x{301}e\x{301}e\x{301} e\x{301}e\x{301}e\x{301}e\x{301}e\x{301}e\x{301}e\x{301}e\x{301}e\x{301}e\x{301}e\x{301}e\x{301}e\x{301}e\x{301}e\x{301}e\x{301}e\x{301}e\x{301}e\x{301}e\x{301}e\x{301}e\x{301}e\x{301}e\x{301}e\x{301}e\x{301}e\x{301}e\x{301}e\x{301}e\x{301} e\x{301}e\x{301}e\x{301}e\x{301}e\x{301}e\x{301}e\x{301}e\x{301}e\x{301}e\x{301}e\x{301}e\x{301}e\x{301}e\x{301}e\x{301}e\x{301}e\x{301}e\x{301}e\x{301}e\x{301}e\x{301}e\x{301}"
          text run at (912,1479) width 0: " "
          text run at (0,1496) width 912: "e\x{301}e\x{301}e\x{301}e\x{301}e\x{301}e\x{301}e\x{301}e\x{301}e\x{301}e\x{301}e\x{301}e\x{301}e\x{301}e\x{301}e\x{301}e\x{301}e\x{301}e\x{301}e\x{301}e\x{301}e\x{301}e\x{301}e\x{301}e\x{301}e\x{301}e\x{301}e\x{301}e\x{301}e\x{301}e\x{301}e\x{301}e\x{301} e\x{301} e\x{301}e\x{301}e\x{301}e\x{301}e\x{301}e\x{301}e\x{301}e\x{301}e\x{301}e\x{301}e\x{301}e\x{301}e\x{301}e\x{301}e\x{301}e\x{301}e\x{301}e\x{301}e\x{301}e\x{301}e\x{301}e\x{301}e\x{301}e\x{301}e\x{301}e\x{301}e\x{301}e\x{301}e\x{301}e\x{301}e\x{301}e\x{301}e\x{301}e\x{301}e\x{301}e\x{301}e\x{301}e\x{301}e\x{301}e\x{301}e\x{301}e\x{301}e\x{301} e\x{301}e\x{301}e\x{301}e\x{301}e\x{301}e\x{301}e\x{301}e\x{301}e\x{301}e\x{301}e\x{301}e\x{301}e\x{301}e\x{301}e\x{301}e\x{301}e\x{301}e\x{301}e\x{301}e\x{301}e\x{301}e\x{301}e\x{301}e\x{301}e\x{301}e\x{301}e\x{301}e\x{301}e\x{301}e\x{301} e\x{301}e\x{301}e\x{301}e\x{301}e\x{301}e\x{301}e\x{301}e\x{301}e\x{301}e\x{301}e\x{301}e\x{301}e\x{301}e\x{301}e\x{301}e\x{301}e\x{301}e\x{301}e\x{301}e\x{301}e\x{301}e\x{301}"
          text run at (912,1496) width 0: " "
          text run at (0,1513) width 912: "e\x{301}e\x{301}e\x{301}e\x{301}e\x{301}e\x{301}e\x{301}e\x{301}e\x{301}e\x{301}e\x{301}e\x{301}e\x{301}e\x{301}e\x{301}e\x{301}e\x{301}e\x{301}e\x{301}e\x{301}e\x{301}e\x{301}e\x{301}e\x{301}e\x{301}e\x{301}e\x{301}e\x{301}e\x{301}e\x{301}e\x{301}e\x{301} e\x{301} e\x{301}e\x{301}e\x{301}e\x{301}e\x{301}e\x{301}e\x{301}e\x{301}e\x{301}e\x{301}e\x{301}e\x{301}e\x{301}e\x{301}e\x{301}e\x{301}e\x{301}e\x{301}e\x{301}e\x{301}e\x{301}e\x{301}e\x{301}e\x{301}e\x{301}e\x{301}e\x{301}e\x{301}e\x{301}e\x{301}e\x{301}e\x{301}e\x{301}e\x{301}e\x{301}e\x{301}e\x{301}e\x{301}e\x{301}e\x{301}e\x{301}e\x{301}e\x{301} e\x{301}e\x{301}e\x{301}e\x{301}e\x{301}e\x{301}e\x{301}e\x{301}e\x{301}e\x{301}e\x{301}e\x{301}e\x{301}e\x{301}e\x{301}e\x{301}e\x{301}e\x{301}e\x{301}e\x{301}e\x{301}e\x{301}e\x{301}e\x{301}e\x{301}e\x{301}e\x{301}e\x{301}e\x{301}e\x{301} e\x{301}e\x{301}e\x{301}e\x{301}e\x{301}e\x{301}e\x{301}e\x{301}e\x{301}e\x{301}e\x{301}e\x{301}e\x{301}e\x{301}e\x{301}e\x{301}e\x{301}e\x{301}e\x{301}e\x{301}e\x{301}e\x{301}"
          text run at (912,1513) width 0: " "
          text run at (0,1530) width 912: "e\x{301}e\x{301}e\x{301}e\x{301}e\x{301}e\x{301}e\x{301}e\x{301}e\x{301}e\x{301}e\x{301}e\x{301}e\x{301}e\x{301}e\x{301}e\x{301}e\x{301}e\x{301}e\x{301}e\x{301}e\x{301}e\x{301}e\x{301}e\x{301}e\x{301}e\x{301}e\x{301}e\x{301}e\x{301}e\x{301}e\x{301}e\x{301} e\x{301} e\x{301}e\x{301}e\x{301}e\x{301}e\x{301}e\x{301}e\x{301}e\x{301}e\x{301}e\x{301}e\x{301}e\x{301}e\x{301}e\x{301}e\x{301}e\x{301}e\x{301}e\x{301}e\x{301}e\x{301}e\x{301}e\x{301}e\x{301}e\x{301}e\x{301}e\x{301}e\x{301}e\x{301}e\x{301}e\x{301}e\x{301}e\x{301}e\x{301}e\x{301}e\x{301}e\x{301}e\x{301}e\x{301}e\x{301}e\x{301}e\x{301}e\x{301}e\x{301} e\x{301}e\x{301}e\x{301}e\x{301}e\x{301}e\x{301}e\x{301}e\x{301}e\x{301}e\x{301}e\x{301}e\x{301}e\x{301}e\x{301}e\x{301}e\x{301}e\x{301}e\x{301}e\x{301}e\x{301}e\x{301}e\x{301}e\x{301}e\x{301}e\x{301}e\x{301}e\x{301}e\x{301}e\x{301}e\x{301} e\x{301}e\x{301}e\x{301}e\x{301}e\x{301}e\x{301}e\x{301}e\x{301}e\x{301}e\x{301}e\x{301}e\x{301}e\x{301}e\x{301}e\x{301}e\x{301}e\x{301}e\x{301}e\x{301}e\x{301}e\x{301}e\x{301}"
          text run at (912,1530) width 0: " "
          text run at (0,1547) width 912: "e\x{301}e\x{301}e\x{301}e\x{301}e\x{301}e\x{301}e\x{301}e\x{301}e\x{301}e\x{301}e\x{301}e\x{301}e\x{301}e\x{301}e\x{301}e\x{301}e\x{301}e\x{301}e\x{301}e\x{301}e\x{301}e\x{301}e\x{301}e\x{301}e\x{301}e\x{301}e\x{301}e\x{301}e\x{301}e\x{301}e\x{301}e\x{301} e\x{301} e\x{301}e\x{301}e\x{301}e\x{301}e\x{301}e\x{301}e\x{301}e\x{301}e\x{301}e\x{301}e\x{301}e\x{301}e\x{301}e\x{301}e\x{301}e\x{301}e\x{301}e\x{301}e\x{301}e\x{301}e\x{301}e\x{301}e\x{301}e\x{301}e\x{301}e\x{301}e\x{301}e\x{301}e\x{301}e\x{301}e\x{301}e\x{301}e\x{301}e\x{301}e\x{301}e\x{301}e\x{301}e\x{301}e\x{301}e\x{301}e\x{301}e\x{301}e\x{301} e\x{301}e\x{301}e\x{301}e\x{301}e\x{301}e\x{301}e\x{301}e\x{301}e\x{301}e\x{301}e\x{301}e\x{301}e\x{301}e\x{301}e\x{301}e\x{301}e\x{301}e\x{301}e\x{301}e\x{301}e\x{301}e\x{301}e\x{301}e\x{301}e\x{301}e\x{301}e\x{301}e\x{301}e\x{301}e\x{301} e\x{301}e\x{301}e\x{301}e\x{301}e\x{301}e\x{301}e\x{301}e\x{301}e\x{301}e\x{301}e\x{301}e\x{301}e\x{301}e\x{301}e\x{301}e\x{301}e\x{301}e\x{301}e\x{301}e\x{301}e\x{301}e\x{301}"
          text run at (912,1547) width 0: " "
          text run at (0,1564) width 912: "e\x{301}e\x{301}e\x{301}e\x{301}e\x{301}e\x{301}e\x{301}e\x{301}e\x{301}e\x{301}e\x{301}e\x{301}e\x{301}e\x{301}e\x{301}e\x{301}e\x{301}e\x{301}e\x{301}e\x{301}e\x{301}e\x{301}e\x{301}e\x{301}e\x{301}e\x{301}e\x{301}e\x{301}e\x{301}e\x{301}e\x{301}e\x{301} e\x{301} e\x{301}e\x{301}e\x{301}e\x{301}e\x{301}e\x{301}e\x{301}e\x{301}e\x{301}e\x{301}e\x{301}e\x{301}e\x{301}e\x{301}e\x{301}e\x{301}e\x{301}e\x{301}e\x{301}e\x{301}e\x{301}e\x{301}e\x{301}e\x{301}e\x{301}e\x{301}e\x{301}e\x{301}e\x{301}e\x{301}e\x{301}e\x{301}e\x{301}e\x{301}e\x{301}e\x{301}e\x{301}e\x{301}e\x{301}e\x{301}e\x{301}e\x{301}e\x{301} e\x{301}e\x{301}e\x{301}e\x{301}e\x{301}e\x{301}e\x{301}e\x{301}e\x{301}e\x{301}e\x{301}e\x{301}e\x{301}e\x{301}e\x{301}e\x{301}e\x{301}e\x{301}e\x{301}e\x{301}e\x{301}e\x{301}e\x{301}e\x{301}e\x{301}e\x{301}e\x{301}e\x{301}e\x{301}e\x{301} e\x{301}e\x{301}e\x{301}e\x{301}e\x{301}e\x{301}e\x{301}e\x{301}e\x{301}e\x{301}e\x{301}e\x{301}e\x{301}e\x{301}e\x{301}e\x{301}e\x{301}e\x{301}e\x{301}e\x{301}e\x{301}e\x{301}"
          text run at (912,1564) width 0: " "
          text run at (0,1581) width 912: "e\x{301}e\x{301}e\x{301}e\x{301}e\x{301}e\x{301}e\x{301}e\x{301}e\x{301}e\x{301}e\x{301}e\x{301}e\x{301}e\x{301}e\x{301}e\x{301}e\x{301}e\x{301}e\x{301}e\x{301}e\x{301}e\x{301}e\x{301}e\x{301}e\x{301}e\x{301}e\x{301}e\x{301}e\x{301}e\x{301}e\x{301}e\x{301} e\x{301} e\x{301}e\x{301}e\x{301}e\x{301}e\x{301}e\x{301}e\x{301}e\x{301}e\x{301}e\x{301}e\x{301}e\x{301}e\x{301}e\x{301}e\x{301}e\x{301}e\x{301}e\x{301}e\x{301}e\x{301}e\x{301}e\x{301}e\x{301}e\x{301}e\x{301}e\x{301}e\x{301}e\x{301}e\x{301}e\x{301}e\x{301}e\x{301}e\x{301}e\x{301}e\x{301}e\x{301}e\x{301}e\x{301}e\x{301}e\x{301}e\x{301}e\x{301}e\x{301} e\x{301}e\x{301}e\x{301}e\x{301}e\x{301}e\x{301}e\x{301}e\x{301}e\x{301}e\x{301}e\x{301}e\x{301}e\x{301}e\x{301}e\x{301}e\x{301}e\x{301}e\x{301}e\x{301}e\x{301}e\x{301}e\x{301}e\x{301}e\x{301}e\x{301}e\x{301}e\x{301}e\x{301}e\x{301}e\x{301} e\x{301}e\x{301}e\x{301}e\x{301}e\x{301}e\x{301}e\x{301}e\x{301}e\x{301}e\x{301}e\x{301}e\x{301}e\x{301}e\x{301}e\x{301}e\x{301}e\x{301}e\x{301}e\x{301}e\x{301}e\x{301}e\x{301}"
          text run at (912,1581) width 0: " "
          text run at (0,1598) width 912: "e\x{301}e\x{301}e\x{301}e\x{301}e\x{301}e\x{301}e\x{301}e\x{301}e\x{301}e\x{301}e\x{301}e\x{301}e\x{301}e\x{301}e\x{301}e\x{301}e\x{301}e\x{301}e\x{301}e\x{301}e\x{301}e\x{301}e\x{301}e\x{301}e\x{301}e\x{301}e\x{301}e\x{301}e\x{301}e\x{301}e\x{301}e\x{301} e\x{301} e\x{301}e\x{301}e\x{301}e\x{301}e\x{301}e\x{301}e\x{301}e\x{301}e\x{301}e\x{301}e\x{301}e\x{301}e\x{301}e\x{301}e\x{301}e\x{301}e\x{301}e\x{301}e\x{301}e\x{301}e\x{301}e\x{301}e\x{301}e\x{301}e\x{301}e\x{301}e\x{301}e\x{301}e\x{301}e\x{301}e\x{301}e\x{301}e\x{301}e\x{301}e\x{301}e\x{301}e\x{301}e\x{301}e\x{301}e\x{301}e\x{301}e\x{301}e\x{301} e\x{301}e\x{301}e\x{301}e\x{301}e\x{301}e\x{301}e\x{301}e\x{301}e\x{301}e\x{301}e\x{301}e\x{301}e\x{301}e\x{301}e\x{301}e\x{301}e\x{301}e\x{301}e\x{301}e\x{301}e\x{301}e\x{301}e\x{301}e\x{301}e\x{301}e\x{301}e\x{301}e\x{301}e\x{301}e\x{301} e\x{301}e\x{301}e\x{301}e\x{301}e\x{301}e\x{301}e\x{301}e\x{301}e\x{301}e\x{301}e\x{301}e\x{301}e\x{301}e\x{301}e\x{301}e\x{301}e\x{301}e\x{301}e\x{301}e\x{301}e\x{301}e\x{301}"
          text run at (912,1598) width 0: " "
          text run at (0,1615) width 912: "e\x{301}e\x{301}e\x{301}e\x{301}e\x{301}e\x{301}e\x{301}e\x{301}e\x{301}e\x{301}e\x{301}e\x{301}e\x{301}e\x{301}e\x{301}e\x{301}e\x{301}e\x{301}e\x{301}e\x{301}e\x{301}e\x{301}e\x{301}e\x{301}e\x{301}e\x{301}e\x{301}e\x{301}e\x{301}e\x{301}e\x{301}e\x{301} e\x{301} e\x{301}e\x{301}e\x{301}e\x{301}e\x{301}e\x{301}e\x{301}e\x{301}e\x{301}e\x{301}e\x{301}e\x{301}e\x{301}e\x{301}e\x{301}e\x{301}e\x{301}e\x{301}e\x{301}e\x{301}e\x{301}e\x{301}e\x{301}e\x{301}e\x{301}e\x{301}e\x{301}e\x{301}e\x{301}e\x{301}e\x{301}e\x{301}e\x{301}e\x{301}e\x{301}e\x{301}e\x{301}e\x{301}e\x{301}e\x{301}e\x{301}e\x{301}e\x{301} e\x{301}e\x{301}e\x{301}e\x{301}e\x{301}e\x{301}e\x{301}e\x{301}e\x{301}e\x{301}e\x{301}e\x{301}e\x{301}e\x{301}e\x{301}e\x{301}e\x{301}e\x{301}e\x{301}e\x{301}e\x{301}e\x{301}e\x{301}e\x{301}e\x{301}e\x{301}e\x{301}e\x{301}e\x{301}e\x{301} e\x{301}e\x{301}e\x{301}e\x{301}e\x{301}e\x{301}e\x{301}e\x{301}e\x{301}e\x{301}e\x{301}e\x{301}e\x{301}e\x{301}e\x{301}e\x{301}e\x{301}e\x{301}e\x{301}e\x{301}e\x{301}e\x{301}"
          text run at (912,1615) width 0: " "
          text run at (0,1632) width 912: "e\x{301}e\x{301}e\x{301}e\x{301}e\x{301}e\x{301}e\x{301}e\x{301}e\x{301}e\x{301}e\x{301}e\x{301}e\x{301}e\x{301}e\x{301}e\x{301}e\x{301}e\x{301}e\x{301}e\x{301}e\x{301}e\x{301}e\x{301}e\x{301}e\x{301}e\x{301}e\x{301}e\x{301}e\x{301}e\x{301}e\x{301}e\x{301} e\x{301} e\x{301}e\x{301}e\x{301}e\x{301}e\x{301}e\x{301}e\x{301}e\x{301}e\x{301}e\x{301}e\x{301}e\x{301}e\x{301}e\x{301}e\x{301}e\x{301}e\x{301}e\x{301}e\x{301}e\x{301}e\x{301}e\x{301}e\x{301}e\x{301}e\x{301}e\x{301}e\x{301}e\x{301}e\x{301}e\x{301}e\x{301}e\x{301}e\x{301}e\x{301}e\x{301}e\x{301}e\x{301}e\x{301}e\x{301}e\x{301}e\x{301}e\x{301}e\x{301} e\x{301}e\x{301}e\x{301}e\x{301}e\x{301}e\x{301}e\x{301}e\x{301}e\x{301}e\x{301}e\x{301}e\x{301}e\x{301}e\x{301}e\x{301}e\x{301}e\x{301}e\x{301}e\x{301}e\x{301}e\x{301}e\x{301}e\x{301}e\x{301}e\x{301}e\x{301}e\x{301}e\x{301}e\x{301}e\x{301} e\x{301}e\x{301}e\x{301}e\x{301}e\x{301}e\x{301}e\x{301}e\x{301}e\x{301}e\x{301}e\x{301}e\x{301}e\x{301}e\x{301}e\x{301}e\x{301}e\x{301}e\x{301}e\x{301}e\x{301}e\x{301}e\x{301}"
          text run at (912,1632) width 0: " "
          text run at (0,1649) width 912: "e\x{301}e\x{301}e\x{301}e\x{301}e\x{301}e\x{301}e\x{301}e\x{301}e\x{301}e\x{301}e\x{301}e\x{301}e\x{301}e\x{301}e\x{301}e\x{301}e\x{301}e\x{301}e\x{301}e\x{301}e\x{301}e\x{301}e\x{301}e\x{301}e\x{301}e\x{301}e\x{301}e\x{301}e\x{301}e\x{301}e\x{301}e\x{301} e\x{301} e\x{301}e\x{301}e\x{301}e\x{301}e\x{301}e\x{301}e\x{301}e\x{301}e\x{301}e\x{301}e\x{301}e\x{301}e\x{301}e\x{301}e\x{301}e\x{301}e\x{301}e\x{301}e\x{301}e\x{301}e\x{301}e\x{301}e\x{301}e\x{301}e\x{301}e\x{301}e\x{301}e\x{301}e\x{301}e\x{301}e\x{301}e\x{301}e\x{301}e\x{301}e\x{301}e\x{301}e\x{301}e\x{301}e\x{301}e\x{301}e\x{301}e\x{301}e\x{301} e\x{301}e\x{301}e\x{301}e\x{301}e\x{301}e\x{301}e\x{301}e\x{301}e\x{301}e\x{301}e\x{301}e\x{301}e\x{301}e\x{301}e\x{301}e\x{301}e\x{301}e\x{301}e\x{301}e\x{301}e\x{301}e\x{301}e\x{301}e\x{301}e\x{301}e\x{301}e\x{301}e\x{301}e\x{301}e\x{301} e\x{301}e\x{301}e\x{301}e\x{301}e\x{301}e\x{301}e\x{301}e\x{301}e\x{301}e\x{301}e\x{301}e\x{301}e\x{301}e\x{301}e\x{301}e\x{301}e\x{301}e\x{301}e\x{301}e\x{301}e\x{301}e\x{301}"
          text run at (912,1649) width 0: " "
          text run at (0,1666) width 912: "e\x{301}e\x{301}e\x{301}e\x{301}e\x{301}e\x{301}e\x{301}e\x{301}e\x{301}e\x{301}e\x{301}e\x{301}e\x{301}e\x{301}e\x{301}e\x{301}e\x{301}e\x{301}e\x{301}e\x{301}e\x{301}e\x{301}e\x{301}e\x{301}e\x{301}e\x{301}e\x{301}e\x{301}e\x{301}e\x{301}e\x{301}e\x{301} e\x{301} e\x{301}e\x{301}e\x{301}e\x{301}e\x{301}e\x{301}e\x{301}e\x{301}e\x{301}e\x{301}e\x{301}e\x{301}e\x{301}e\x{301}e\x{301}e\x{301}e\x{301}e\x{301}e\x{301}e\x{301}e\x{301}e\x{301}e\x{301}e\x{301}e\x{301}e\x{301}e\x{301}e\x{301}e\x{301}e\x{301}e\x{301}e\x{301}e\x{301}e\x{301}e\x{301}e\x{301}e\x{301}e\x{301}e\x{301}e\x{301}e\x{301}e\x{301}e\x{301} e\x{301}e\x{301}e\x{301}e\x{301}e\x{301}e\x{301}e\x{301}e\x{301}e\x{301}e\x{301}e\x{301}e\x{301}e\x{301}e\x{301}e\x{301}e\x{301}e\x{301}e\x{301}e\x{301}e\x{301}e\x{301}e\x{301}e\x{301}e\x{301}e\x{301}e\x{301}e\x{301}e\x{301}e\x{301}e\x{301} e\x{301}e\x{301}e\x{301}e\x{301}e\x{301}e\x{301}e\x{301}e\x{301}e\x{301}e\x{301}e\x{301}e\x{301}e\x{301}e\x{301}e\x{301}e\x{301}e\x{301}e\x{301}e\x{301}e\x{301}e\x{301}e\x{301}"
          text run at (912,1666) width 0: " "
          text run at (0,1683) width 912: "e\x{301}e\x{301}e\x{301}e\x{301}e\x{301}e\x{301}e\x{301}e\x{301}e\x{301}e\x{301}e\x{301}e\x{301}e\x{301}e\x{301}e\x{301}e\x{301}e\x{301}e\x{301}e\x{301}e\x{301}e\x{301}e\x{301}e\x{301}e\x{301}e\x{301}e\x{301}e\x{301}e\x{301}e\x{301}e\x{301}e\x{301}e\x{301} e\x{301} e\x{301}e\x{301}e\x{301}e\x{301}e\x{301}e\x{301}e\x{301}e\x{301}e\x{301}e\x{301}e\x{301}e\x{301}e\x{301}e\x{301}e\x{301}e\x{301}e\x{301}e\x{301}e\x{301}e\x{301}e\x{301}e\x{301}e\x{301}e\x{301}e\x{301}e\x{301}e\x{301}e\x{301}e\x{301}e\x{301}e\x{301}e\x{301}e\x{301}e\x{301}e\x{301}e\x{301}e\x{301}e\x{301}e\x{301}e\x{301}e\x{301}e\x{301}e\x{301} e\x{301}e\x{301}e\x{301}e\x{301}e\x{301}e\x{301}e\x{301}e\x{301}e\x{301}e\x{301}e\x{301}e\x{301}e\x{301}e\x{301}e\x{301}e\x{301}e\x{301}e\x{301}e\x{301}e\x{301}e\x{301}e\x{301}e\x{301}e\x{301}e\x{301}e\x{301}e\x{301}e\x{301}e\x{301}e\x{301} e\x{301}e\x{301}e\x{301}e\x{301}e\x{301}e\x{301}e\x{301}e\x{301}e\x{301}e\x{301}e\x{301}e\x{301}e\x{301}e\x{301}e\x{301}e\x{301}e\x{301}e\x{301}e\x{301}e\x{301}e\x{301}e\x{301}"
          text run at (912,1683) width 0: " "
          text run at (0,1700) width 912: "e\x{301}e\x{301}e\x{301}e\x{301}e\x{301}e\x{301}e\x{301}e\x{301}e\x{301}e\x{301}e\x{301}e\x{301}e\x{301}e\x{301}e\x{301}e\x{301}e\x{301}e\x{301}e\x{301}e\x{301}e\x{301}e\x{301}e\x{301}e\x{301}e\x{301}e\x{301}e\x{301}e\x{301}e\x{301}e\x{301}e\x{301}e\x{301} e\x{301} e\x{301}e\x{301}e\x{301}e\x{301}e\x{301}e\x{301}e\x{301}e\x{301}e\x{301}e\x{301}e\x{301}e\x{301}e\x{301}e\x{301}e\x{301}e\x{301}e\x{301}e\x{301}e\x{301}e\x{301}e\x{301}e\x{301}e\x{301}e\x{301}e\x{301}e\x{301}e\x{301}e\x{301}e\x{301}e\x{301}e\x{301}e\x{301}e\x{301}e\x{301}e\x{301}e\x{301}e\x{301}e\x{301}e\x{301}e\x{301}e\x{301}e\x{301}e\x{301} e\x{301}e\x{301}e\x{301}e\x{301}e\x{301}e\x{301}e\x{301}e\x{301}e\x{301}e\x{301}e\x{301}e\x{301}e\x{301}e\x{301}e\x{301}e\x{301}e\x{301}e\x{301}e\x{301}e\x{301}e\x{301}e\x{301}e\x{301}e\x{301}e\x{301}e\x{301}e\x{301}e\x{301}e\x{301}e\x{301} e\x{301}e\x{301}e\x{301}e\x{301}e\x{301}e\x{301}e\x{301}e\x{301}e\x{301}e\x{301}e\x{301}e\x{301}e\x{301}e\x{301}e\x{301}e\x{301}e\x{301}e\x{301}e\x{301}e\x{301}e\x{301}e\x{301}"
          text run at (912,1700) width 0: " "
          text run at (0,1717) width 912: "e\x{301}e\x{301}e\x{301}e\x{301}e\x{301}e\x{301}e\x{301}e\x{301}e\x{301}e\x{301}e\x{301}e\x{301}e\x{301}e\x{301}e\x{301}e\x{301}e\x{301}e\x{301}e\x{301}e\x{301}e\x{301}e\x{301}e\x{301}e\x{301}e\x{301}e\x{301}e\x{301}e\x{301}e\x{301}e\x{301}e\x{301}e\x{301} e\x{301} e\x{301}e\x{301}e\x{301}e\x{301}e\x{301}e\x{301}e\x{301}e\x{301}e\x{301}e\x{301}e\x{301}e\x{301}e\x{301}e\x{301}e\x{301}e\x{301}e\x{301}e\x{301}e\x{301}e\x{301}e\x{301}e\x{301}e\x{301}e\x{301}e\x{301}e\x{301}e\x{301}e\x{301}e\x{301}e\x{301}e\x{301}e\x{301}e\x{301}e\x{301}e\x{301}e\x{301}e\x{301}e\x{301}e\x{301}e\x{301}e\x{301}e\x{301}e\x{301} e\x{301}e\x{301}e\x{301}e\x{301}e\x{301}e\x{301}e\x{301}e\x{301}e\x{301}e\x{301}e\x{301}e\x{301}e\x{301}e\x{301}e\x{301}e\x{301}e\x{301}e\x{301}e\x{301}e\x{301}e\x{301}e\x{301}e\x{301}e\x{301}e\x{301}e\x{301}e\x{301}e\x{301}e\x{301}e\x{301} e\x{301}e\x{301}e\x{301}e\x{301}e\x{301}e\x{301}e\x{301}e\x{301}e\x{301}e\x{301}e\x{301}e\x{301}e\x{301}e\x{301}e\x{301}e\x{301}e\x{301}e\x{301}e\x{301}e\x{301}e\x{301}e\x{301}"
          text run at (912,1717) width 0: " "
          text run at (0,1734) width 912: "e\x{301}e\x{301}e\x{301}e\x{301}e\x{301}e\x{301}e\x{301}e\x{301}e\x{301}e\x{301}e\x{301}e\x{301}e\x{301}e\x{301}e\x{301}e\x{301}e\x{301}e\x{301}e\x{301}e\x{301}e\x{301}e\x{301}e\x{301}e\x{301}e\x{301}e\x{301}e\x{301}e\x{301}e\x{301}e\x{301}e\x{301}e\x{301} e\x{301} e\x{301}e\x{301}e\x{301}e\x{301}e\x{301}e\x{301}e\x{301}e\x{301}e\x{301}e\x{301}e\x{301}e\x{301}e\x{301}e\x{301}e\x{301}e\x{301}e\x{301}e\x{301}e\x{301}e\x{301}e\x{301}e\x{301}e\x{301}e\x{301}e\x{301}e\x{301}e\x{301}e\x{301}e\x{301}e\x{301}e\x{301}e\x{301}e\x{301}e\x{301}e\x{301}e\x{301}e\x{301}e\x{301}e\x{301}e\x{301}e\x{301}e\x{301}e\x{301} e\x{301}e\x{301}e\x{301}e\x{301}e\x{301}e\x{301}e\x{301}e\x{301}e\x{301}e\x{301}e\x{301}e\x{301}e\x{301}e\x{301}e\x{301}e\x{301}e\x{301}e\x{301}e\x{301}e\x{301}e\x{301}e\x{301}e\x{301}e\x{301}e\x{301}e\x{301}e\x{301}e\x{301}e\x{301}e\x{301} e\x{301}e\x{301}e\x{301}e\x{301}e\x{301}e\x{301}e\x{301}e\x{301}e\x{301}e\x{301}e\x{301}e\x{301}e\x{301}e\x{301}e\x{301}e\x{301}e\x{301}e\x{301}e\x{301}e\x{301}e\x{301}e\x{301}"
          text run at (912,1734) width 0: " "
          text run at (0,1751) width 912: "e\x{301}e\x{301}e\x{301}e\x{301}e\x{301}e\x{301}e\x{301}e\x{301}e\x{301}e\x{301}e\x{301}e\x{301}e\x{301}e\x{301}e\x{301}e\x{301}e\x{301}e\x{301}e\x{301}e\x{301}e\x{301}e\x{301}e\x{301}e\x{301}e\x{301}e\x{301}e\x{301}e\x{301}e\x{301}e\x{301}e\x{301}e\x{301} e\x{301} e\x{301}e\x{301}e\x{301}e\x{301}e\x{301}e\x{301}e\x{301}e\x{301}e\x{301}e\x{301}e\x{301}e\x{301}e\x{301}e\x{301}e\x{301}e\x{301}e\x{301}e\x{301}e\x{301}e\x{301}e\x{301}e\x{301}e\x{301}e\x{301}e\x{301}e\x{301}e\x{301}e\x{301}e\x{301}e\x{301}e\x{301}e\x{301}e\x{301}e\x{301}e\x{301}e\x{301}e\x{301}e\x{301}e\x{301}e\x{301}e\x{301}e\x{301}e\x{301} e\x{301}e\x{301}e\x{301}e\x{301}e\x{301}e\x{301}e\x{301}e\x{301}e\x{301}e\x{301}e\x{301}e\x{301}e\x{301}e\x{301}e\x{301}e\x{301}e\x{301}e\x{301}e\x{301}e\x{301}e\x{301}e\x{301}e\x{301}e\x{301}e\x{301}e\x{301}e\x{301}e\x{301}e\x{301}e\x{301} e\x{301}e\x{301}e\x{301}e\x{301}e\x{301}e\x{301}e\x{301}e\x{301}e\x{301}e\x{301}e\x{301}e\x{301}e\x{301}e\x{301}e\x{301}e\x{301}e\x{301}e\x{301}e\x{301}e\x{301}e\x{301}e\x{301}"
          text run at (912,1751) width 0: " "
          text run at (0,1768) width 912: "e\x{301}e\x{301}e\x{301}e\x{301}e\x{301}e\x{301}e\x{301}e\x{301}e\x{301}e\x{301}e\x{301}e\x{301}e\x{301}e\x{301}e\x{301}e\x{301}e\x{301}e\x{301}e\x{301}e\x{301}e\x{301}e\x{301}e\x{301}e\x{301}e\x{301}e\x{301}e\x{301}e\x{301}e\x{301}e\x{301}e\x{301}e\x{301} e\x{301} e\x{301}e\x{301}e\x{301}e\x{301}e\x{301}e\x{301}e\x{301}e\x{301}e\x{301}e\x{301}e\x{301}e\x{301}e\x{301}e\x{301}e\x{301}e\x{301}e\x{301}e\x{301}e\x{301}e\x{301}e\x{301}e\x{301}e\x{301}e\x{301}e\x{301}e\x{301}e\x{301}e\x{301}e\x{301}e\x{301}e\x{301}e\x{301}e\x{301}e\x{301}e\x{301}e\x{301}e\x{301}e\x{301}e\x{301}e\x{301}e\x{301}e\x{301}e\x{301} e\x{301}e\x{301}e\x{301}e\x{301}e\x{301}e\x{301}e\x{301}e\x{301}e\x{301}e\x{301}e\x{301}e\x{301}e\x{301}e\x{301}e\x{301}e\x{301}e\x{301}e\x{301}e\x{301}e\x{301}e\x{301}e\x{301}e\x{301}e\x{301}e\x{301}e\x{301}e\x{301}e\x{301}e\x{301}e\x{301} e\x{301}e\x{301}e\x{301}e\x{301}e\x{301}e\x{301}e\x{301}e\x{301}e\x{301}e\x{301}e\x{301}e\x{301}e\x{301}e\x{301}e\x{301}e\x{301}e\x{301}e\x{301}e\x{301}e\x{301}e\x{301}e\x{301}"
          text run at (912,1768) width 0: " "
          text run at (0,1785) width 912: "e\x{301}e\x{301}e\x{301}e\x{301}e\x{301}e\x{301}e\x{301}e\x{301}e\x{301}e\x{301}e\x{301}e\x{301}e\x{301}e\x{301}e\x{301}e\x{301}e\x{301}e\x{301}e\x{301}e\x{301}e\x{301}e\x{301}e\x{301}e\x{301}e\x{301}e\x{301}e\x{301}e\x{301}e\x{301}e\x{301}e\x{301}e\x{301} e\x{301} e\x{301}e\x{301}e\x{301}e\x{301}e\x{301}e\x{301}e\x{301}e\x{301}e\x{301}e\x{301}e\x{301}e\x{301}e\x{301}e\x{301}e\x{301}e\x{301}e\x{301}e\x{301}e\x{301}e\x{301}e\x{301}e\x{301}e\x{301}e\x{301}e\x{301}e\x{301}e\x{301}e\x{301}e\x{301}e\x{301}e\x{301}e\x{301}e\x{301}e\x{301}e\x{301}e\x{301}e\x{301}e\x{301}e\x{301}e\x{301}e\x{301}e\x{301}e\x{301} e\x{301}e\x{301}e\x{301}e\x{301}e\x{301}e\x{301}e\x{301}e\x{301}e\x{301}e\x{301}e\x{301}e\x{301}e\x{301}e\x{301}e\x{301}e\x{301}e\x{301}e\x{301}e\x{301}e\x{301}e\x{301}e\x{301}e\x{301}e\x{301}e\x{301}e\x{301}e\x{301}e\x{301}e\x{301}e\x{301} e\x{301}e\x{301}e\x{301}e\x{301}e\x{301}e\x{301}e\x{301}e\x{301}e\x{301}e\x{301}e\x{301}e\x{301}e\x{301}e\x{301}e\x{301}e\x{301}e\x{301}e\x{301}e\x{301}e\x{301}e\x{301}e\x{301}"
          text run at (912,1785) width 0: " "
          text run at (0,1802) width 912: "e\x{301}e\x{301}e\x{301}e\x{301}e\x{301}e\x{301}e\x{301}e\x{301}e\x{301}e\x{301}e\x{301}e\x{301}e\x{301}e\x{301}e\x{301}e\x{301}e\x{301}e\x{301}e\x{301}e\x{301}e\x{301}e\x{301}e\x{301}e\x{301}e\x{301}e\x{301}e\x{301}e\x{301}e\x{301}e\x{301}e\x{301}e\x{301} e\x{301} e\x{301}e\x{301}e\x{301}e\x{301}e\x{301}e\x{301}e\x{301}e\x{301}e\x{301}e\x{301}e\x{301}e\x{301}e\x{301}e\x{301}e\x{301}e\x{301}e\x{301}e\x{301}e\x{301}e\x{301}e\x{301}e\x{301}e\x{301}e\x{301}e\x{301}e\x{301}e\x{301}e\x{301}e\x{301}e\x{301}e\x{301}e\x{301}e\x{301}e\x{301}e\x{301}e\x{301}e\x{301}e\x{301}e\x{301}e\x{301}e\x{301}e\x{301}e\x{301} e\x{301}e\x{301}e\x{301}e\x{301}e\x{301}e\x{301}e\x{301}e\x{301}e\x{301}e\x{301}e\x{301}e\x{301}e\x{301}e\x{301}e\x{301}e\x{301}e\x{301}e\x{301}e\x{301}e\x{301}e\x{301}e\x{301}e\x{301}e\x{301}e\x{301}e\x{301}e\x{301}e\x{301}e\x{301}e\x{301} e\x{301}e\x{301}e\x{301}e\x{301}e\x{301}e\x{301}e\x{301}e\x{301}e\x{301}e\x{301}e\x{301}e\x{301}e\x{301}e\x{301}e\x{301}e\x{301}e\x{301}e\x{301}e\x{301}e\x{301}e\x{301}e\x{301}"
          text run at (912,1802) width 0: " "
          text run at (0,1819) width 912: "e\x{301}e\x{301}e\x{301}e\x{301}e\x{301}e\x{301}e\x{301}e\x{301}e\x{301}e\x{301}e\x{301}e\x{301}e\x{301}e\x{301}e\x{301}e\x{301}e\x{301}e\x{301}e\x{301}e\x{301}e\x{301}e\x{301}e\x{301}e\x{301}e\x{301}e\x{301}e\x{301}e\x{301}e\x{301}e\x{301}e\x{301}e\x{301} e\x{301} e\x{301}e\x{301}e\x{301}e\x{301}e\x{301}e\x{301}e\x{301}e\x{301}e\x{301}e\x{301}e\x{301}e\x{301}e\x{301}e\x{301}e\x{301}e\x{301}e\x{301}e\x{301}e\x{301}e\x{301}e\x{301}e\x{301}e\x{301}e\x{301}e\x{301}e\x{301}e\x{301}e\x{301}e\x{301}e\x{301}e\x{301}e\x{301}e\x{301}e\x{301}e\x{301}e\x{301}e\x{301}e\x{301}e\x{301}e\x{301}e\x{301}e\x{301}e\x{301} e\x{301}e\x{301}e\x{301}e\x{301}e\x{301}e\x{301}e\x{301}e\x{301}e\x{301}e\x{301}e\x{301}e\x{301}e\x{301}e\x{301}e\x{301}e\x{301}e\x{301}e\x{301}e\x{301}e\x{301}e\x{301}e\x{301}e\x{301}e\x{301}e\x{301}e\x{301}e\x{301}e\x{301}e\x{301}e\x{301} e\x{301}e\x{301}e\x{301}e\x{301}e\x{301}e\x{301}e\x{301}e\x{301}e\x{301}e\x{301}e\x{301}e\x{301}e\x{301}e\x{301}e\x{301}e\x{301}e\x{301}e\x{301}e\x{301}e\x{301}e\x{301}e\x{301}"
          text run at (912,1819) width 0: " "
          text run at (0,1836) width 912: "e\x{301}e\x{301}e\x{301}e\x{301}e\x{301}e\x{301}e\x{301}e\x{301}e\x{301}e\x{301}e\x{301}e\x{301}e\x{301}e\x{301}e\x{301}e\x{301}e\x{301}e\x{301}e\x{301}e\x{301}e\x{301}e\x{301}e\x{301}e\x{301}e\x{301}e\x{301}e\x{301}e\x{301}e\x{301}e\x{301}e\x{301}e\x{301} e\x{301} e\x{301}e\x{301}e\x{301}e\x{301}e\x{301}e\x{301}e\x{301}e\x{301}e\x{301}e\x{301}e\x{301}e\x{301}e\x{301}e\x{301}e\x{301}e\x{301}e\x{301}e\x{301}e\x{301}e\x{301}e\x{301}e\x{301}e\x{301}e\x{301}e\x{301}e\x{301}e\x{301}e\x{301}e\x{301}e\x{301}e\x{301}e\x{301}e\x{301}e\x{301}e\x{301}e\x{301}e\x{301}e\x{301}e\x{301}e\x{301}e\x{301}e\x{301}e\x{301} e\x{301}e\x{301}e\x{301}e\x{301}e\x{301}e\x{301}e\x{301}e\x{301}e\x{301}e\x{301}e\x{301}e\x{301}e\x{301}e\x{301}e\x{301}e\x{301}e\x{301}e\x{301}e\x{301}e\x{301}e\x{301}e\x{301}e\x{301}e\x{301}e\x{301}e\x{301}e\x{301}e\x{301}e\x{301}e\x{301} e\x{301}e\x{301}e\x{301}e\x{301}e\x{301}e\x{301}e\x{301}e\x{301}e\x{301}e\x{301}e\x{301}e\x{301}e\x{301}e\x{301}e\x{301}e\x{301}e\x{301}e\x{301}e\x{301}e\x{301}e\x{301}e\x{301}"
          text run at (912,1836) width 0: " "
          text run at (0,1853) width 912: "e\x{301}e\x{301}e\x{301}e\x{301}e\x{301}e\x{301}e\x{301}e\x{301}e\x{301}e\x{301}e\x{301}e\x{301}e\x{301}e\x{301}e\x{301}e\x{301}e\x{301}e\x{301}e\x{301}e\x{301}e\x{301}e\x{301}e\x{301}e\x{301}e\x{301}e\x{301}e\x{301}e\x{301}e\x{301}e\x{301}e\x{301}e\x{301} e\x{301} e\x{301}e\x{301}e\x{301}e\x{301}e\x{301}e\x{301}e\x{301}e\x{301}e\x{301}e\x{301}e\x{301}e\x{301}e\x{301}e\x{301}e\x{301}e\x{301}e\x{301}e\x{301}e\x{301}e\x{301}e\x{301}e\x{301}e\x{301}e\x{301}e\x{301}e\x{301}e\x{301}e\x{301}e\x{301}e\x{301}e\x{301}e\x{301}e\x{301}e\x{301}e\x{301}e\x{301}e\x{301}e\x{301}e\x{301}e\x{301}e\x{301}e\x{301}e\x{301} e\x{301}e\x{301}e\x{301}e\x{301}e\x{301}e\x{301}e\x{301}e\x{301}e\x{301}e\x{301}e\x{301}e\x{301}e\x{301}e\x{301}e\x{301}e\x{301}e\x{301}e\x{301}e\x{301}e\x{301}e\x{301}e\x{301}e\x{301}e\x{301}e\x{301}e\x{301}e\x{301}e\x{301}e\x{301}e\x{301} e\x{301}e\x{301}e\x{301}e\x{301}e\x{301}e\x{301}e\x{301}e\x{301}e\x{301}e\x{301}e\x{301}e\x{301}e\x{301}e\x{301}e\x{301}e\x{301}e\x{301}e\x{301}e\x{301}e\x{301}e\x{301}e\x{301}"
          text run at (912,1853) width 0: " "
          text run at (0,1870) width 912: "e\x{301}e\x{301}e\x{301}e\x{301}e\x{301}e\x{301}e\x{301}e\x{301}e\x{301}e\x{301}e\x{301}e\x{301}e\x{301}e\x{301}e\x{301}e\x{301}e\x{301}e\x{301}e\x{301}e\x{301}e\x{301}e\x{301}e\x{301}e\x{301}e\x{301}e\x{301}e\x{301}e\x{301}e\x{301}e\x{301}e\x{301}e\x{301} e\x{301} e\x{301}e\x{301}e\x{301}e\x{301}e\x{301}e\x{301}e\x{301}e\x{301}e\x{301}e\x{301}e\x{301}e\x{301}e\x{301}e\x{301}e\x{301}e\x{301}e\x{301}e\x{301}e\x{301}e\x{301}e\x{301}e\x{301}e\x{301}e\x{301}e\x{301}e\x{301}e\x{301}e\x{301}e\x{301}e\x{301}e\x{301}e\x{301}e\x{301}e\x{301}e\x{301}e\x{301}e\x{301}e\x{301}e\x{301}e\x{301}e\x{301}e\x{301}e\x{301} e\x{301}e\x{301}e\x{301}e\x{301}e\x{301}e\x{301}e\x{301}e\x{301}e\x{301}e\x{301}e\x{301}e\x{301}e\x{301}e\x{301}e\x{301}e\x{301}e\x{301}e\x{301}e\x{301}e\x{301}e\x{301}e\x{301}e\x{301}e\x{301}e\x{301}e\x{301}e\x{301}e\x{301}e\x{301}e\x{301} e\x{301}e\x{301}e\x{301}e\x{301}e\x{301}e\x{301}e\x{301}e\x{301}e\x{301}e\x{301}e\x{301}e\x{301}e\x{301}e\x{301}e\x{301}e\x{301}e\x{301}e\x{301}e\x{301}e\x{301}e\x{301}e\x{301}"
          text run at (912,1870) width 0: " "
          text run at (0,1887) width 912: "e\x{301}e\x{301}e\x{301}e\x{301}e\x{301}e\x{301}e\x{301}e\x{301}e\x{301}e\x{301}e\x{301}e\x{301}e\x{301}e\x{301}e\x{301}e\x{301}e\x{301}e\x{301}e\x{301}e\x{301}e\x{301}e\x{301}e\x{301}e\x{301}e\x{301}e\x{301}e\x{301}e\x{301}e\x{301}e\x{301}e\x{301}e\x{301} e\x{301} e\x{301}e\x{301}e\x{301}e\x{301}e\x{301}e\x{301}e\x{301}e\x{301}e\x{301}e\x{301}e\x{301}e\x{301}e\x{301}e\x{301}e\x{301}e\x{301}e\x{301}e\x{301}e\x{301}e\x{301}e\x{301}e\x{301}e\x{301}e\x{301}e\x{301}e\x{301}e\x{301}e\x{301}e\x{301}e\x{301}e\x{301}e\x{301}e\x{301}e\x{301}e\x{301}e\x{301}e\x{301}e\x{301}e\x{301}e\x{301}e\x{301}e\x{301}e\x{301} e\x{301}e\x{301}e\x{301}e\x{301}e\x{301}e\x{301}e\x{301}e\x{301}e\x{301}e\x{301}e\x{301}e\x{301}e\x{301}e\x{301}e\x{301}e\x{301}e\x{301}e\x{301}e\x{301}e\x{301}e\x{301}e\x{301}e\x{301}e\x{301}e\x{301}e\x{301}e\x{301}e\x{301}e\x{301}e\x{301} e\x{301}e\x{301}e\x{301}e\x{301}e\x{301}e\x{301}e\x{301}e\x{301}e\x{301}e\x{301}e\x{301}e\x{301}e\x{301}e\x{301}e\x{301}e\x{301}e\x{301}e\x{301}e\x{301}e\x{301}e\x{301}e\x{301}"
          text run at (912,1887) width 0: " "
          text run at (0,1904) width 912: "e\x{301}e\x{301}e\x{301}e\x{301}e\x{301}e\x{301}e\x{301}e\x{301}e\x{301}e\x{301}e\x{301}e\x{301}e\x{301}e\x{301}e\x{301}e\x{301}e\x{301}e\x{301}e\x{301}e\x{301}e\x{301}e\x{301}e\x{301}e\x{301}e\x{301}e\x{301}e\x{301}e\x{301}e\x{301}e\x{301}e\x{301}e\x{301} e\x{301} e\x{301}e\x{301}e\x{301}e\x{301}e\x{301}e\x{301}e\x{301}e\x{301}e\x{301}e\x{301}e\x{301}e\x{301}e\x{301}e\x{301}e\x{301}e\x{301}e\x{301}e\x{301}e\x{301}e\x{301}e\x{301}e\x{301}e\x{301}e\x{301}e\x{301}e\x{301}e\x{301}e\x{301}e\x{301}e\x{301}e\x{301}e\x{301}e\x{301}e\x{301}e\x{301}e\x{301}e\x{301}e\x{301}e\x{301}e\x{301}e\x{301}e\x{301}e\x{301} e\x{301}e\x{301}e\x{301}e\x{301}e\x{301}e\x{301}e\x{301}e\x{301}e\x{301}e\x{301}e\x{301}e\x{301}e\x{301}e\x{301}e\x{301}e\x{301}e\x{301}e\x{301}e\x{301}e\x{301}e\x{301}e\x{301}e\x{301}e\x{301}e\x{301}e\x{301}e\x{301}e\x{301}e\x{301}e\x{301} e\x{301}e\x{301}e\x{301}e\x{301}e\x{301}e\x{301}e\x{301}e\x{301}e\x{301}e\x{301}e\x{301}e\x{301}e\x{301}e\x{301}e\x{301}e\x{301}e\x{301}e\x{301}e\x{301}e\x{301}e\x{301}e\x{301}"
          text run at (912,1904) width 0: " "
          text run at (0,1921) width 912: "e\x{301}e\x{301}e\x{301}e\x{301}e\x{301}e\x{301}e\x{301}e\x{301}e\x{301}e\x{301}e\x{301}e\x{301}e\x{301}e\x{301}e\x{301}e\x{301}e\x{301}e\x{301}e\x{301}e\x{301}e\x{301}e\x{301}e\x{301}e\x{301}e\x{301}e\x{301}e\x{301}e\x{301}e\x{301}e\x{301}e\x{301}e\x{301} e\x{301} e\x{301}e\x{301}e\x{301}e\x{301}e\x{301}e\x{301}e\x{301}e\x{301}e\x{301}e\x{301}e\x{301}e\x{301}e\x{301}e\x{301}e\x{301}e\x{301}e\x{301}e\x{301}e\x{301}e\x{301}e\x{301}e\x{301}e\x{301}e\x{301}e\x{301}e\x{301}e\x{301}e\x{301}e\x{301}e\x{301}e\x{301}e\x{301}e\x{301}e\x{301}e\x{301}e\x{301}e\x{301}e\x{301}e\x{301}e\x{301}e\x{301}e\x{301}e\x{301} e\x{301}e\x{301}e\x{301}e\x{301}e\x{301}e\x{301}e\x{301}e\x{301}e\x{301}e\x{301}e\x{301}e\x{301}e\x{301}e\x{301}e\x{301}e\x{301}e\x{301}e\x{301}e\x{301}e\x{301}e\x{301}e\x{301}e\x{301}e\x{301}e\x{301}e\x{301}e\x{301}e\x{301}e\x{301}e\x{301} e\x{301}e\x{301}e\x{301}e\x{301}e\x{301}e\x{301}e\x{301}e\x{301}e\x{301}e\x{301}e\x{301}e\x{301}e\x{301}e\x{301}e\x{301}e\x{301}e\x{301}e\x{301}e\x{301}e\x{301}e\x{301}e\x{301}"
          text run at (912,1921) width 0: " "
          text run at (0,1938) width 912: "e\x{301}e\x{301}e\x{301}e\x{301}e\x{301}e\x{301}e\x{301}e\x{301}e\x{301}e\x{301}e\x{301}e\x{301}e\x{301}e\x{301}e\x{301}e\x{301}e\x{301}e\x{301}e\x{301}e\x{301}e\x{301}e\x{301}e\x{301}e\x{301}e\x{301}e\x{301}e\x{301}e\x{301}e\x{301}e\x{301}e\x{301}e\x{301} e\x{301} e\x{301}e\x{301}e\x{301}e\x{301}e\x{301}e\x{301}e\x{301}e\x{301}e\x{301}e\x{301}e\x{301}e\x{301}e\x{301}e\x{301}e\x{301}e\x{301}e\x{301}e\x{301}e\x{301}e\x{301}e\x{301}e\x{301}e\x{301}e\x{301}e\x{301}e\x{301}e\x{301}e\x{301}e\x{301}e\x{301}e\x{301}e\x{301}e\x{301}e\x{301}e\x{301}e\x{301}e\x{301}e\x{301}e\x{301}e\x{301}e\x{301}e\x{301}e\x{301} e\x{301}e\x{301}e\x{301}e\x{301}e\x{301}e\x{301}e\x{301}e\x{301}e\x{301}e\x{301}e\x{301}e\x{301}e\x{301}e\x{301}e\x{301}e\x{301}e\x{301}e\x{301}e\x{301}e\x{301}e\x{301}e\x{301}e\x{301}e\x{301}e\x{301}e\x{301}e\x{301}e\x{301}e\x{301}e\x{301} e\x{301}e\x{301}e\x{301}e\x{301}e\x{301}e\x{301}e\x{301}e\x{301}e\x{301}e\x{301}e\x{301}e\x{301}e\x{301}e\x{301}e\x{301}e\x{301}e\x{301}e\x{301}e\x{301}e\x{301}e\x{301}e\x{301}"
          text run at (912,1938) width 0: " "
          text run at (0,1955) width 912: "e\x{301}e\x{301}e\x{301}e\x{301}e\x{301}e\x{301}e\x{301}e\x{301}e\x{301}e\x{301}e\x{301}e\x{301}e\x{301}e\x{301}e\x{301}e\x{301}e\x{301}e\x{301}e\x{301}e\x{301}e\x{301}e\x{301}e\x{301}e\x{301}e\x{301}e\x{301}e\x{301}e\x{301}e\x{301}e\x{301}e\x{301}e\x{301} e\x{301} e\x{301}e\x{301}e\x{301}e\x{301}e\x{301}e\x{301}e\x{301}e\x{301}e\x{301}e\x{301}e\x{301}e\x{301}e\x{301}e\x{301}e\x{301}e\x{301}e\x{301}e\x{301}e\x{301}e\x{301}e\x{301}e\x{301}e\x{301}e\x{301}e\x{301}e\x{301}e\x{301}e\x{301}e\x{301}e\x{301}e\x{301}e\x{301}e\x{301}e\x{301}e\x{301}e\x{301}e\x{301}e\x{301}e\x{301}e\x{301}e\x{301}e\x{301}e\x{301} e\x{301}e\x{301}e\x{301}e\x{301}e\x{301}e\x{301}e\x{301}e\x{301}e\x{301}e\x{301}e\x{301}e\x{301}e\x{301}e\x{301}e\x{301}e\x{301}e\x{301}e\x{301}e\x{301}e\x{301}e\x{301}e\x{301}e\x{301}e\x{301}e\x{301}e\x{301}e\x{301}e\x{301}e\x{301}e\x{301} e\x{301}e\x{301}e\x{301}e\x{301}e\x{301}e\x{301}e\x{301}e\x{301}e\x{301}e\x{301}e\x{301}e\x{301}e\x{301}e\x{301}e\x{301}e\x{301}e\x{301}e\x{301}e\x{301}e\x{301}e\x{301}e\x{301}"
          text run at (912,1955) width 0: " "
          text run at (0,1972) width 912: "e\x{301}e\x{301}e\x{301}e\x{301}e\x{301}e\x{301}e\x{301}e\x{301}e\x{301}e\x{301}e\x{301}e\x{301}e\x{301}e\x{301}e\x{301}e\x{301}e\x{301}e\x{301}e\x{301}e\x{301}e\x{301}e\x{301}e\x{301}e\x{301}e\x{301}e\x{301}e\x{301}e\x{301}e\x{301}e\x{301}e\x{301}e\x{301} e\x{301} e\x{301}e\x{301}e\x{301}e\x{301}e\x{301}e\x{301}e\x{301}e\x{301}e\x{301}e\x{301}e\x{301}e\x{301}e\x{301}e\x{301}e\x{301}e\x{301}e\x{301}e\x{301}e\x{301}e\x{301}e\x{301}e\x{301}e\x{301}e\x{301}e\x{301}e\x{301}e\x{301}e\x{301}e\x{301}e\x{301}e\x{301}e\x{301}e\x{301}e\x{301}e\x{301}e\x{301}e\x{301}e\x{301}e\x{301}e\x{301}e\x{301}e\x{301}e\x{301} e\x{301}e\x{301}e\x{301}e\x{301}e\x{301}e\x{301}e\x{301}e\x{301}e\x{301}e\x{301}e\x{301}e\x{301}e\x{301}e\x{301}e\x{301}e\x{301}e\x{301}e\x{301}e\x{301}e\x{301}e\x{301}e\x{301}e\x{301}e\x{301}e\x{301}e\x{301}e\x{301}e\x{301}e\x{301}e\x{301} e\x{301}e\x{301}e\x{301}e\x{301}e\x{301}e\x{301}e\x{301}e\x{301}e\x{301}e\x{301}e\x{301}e\x{301}e\x{301}e\x{301}e\x{301}e\x{301}e\x{301}e\x{301}e\x{301}e\x{301}e\x{301}e\x{301}"
          text run at (912,1972) width 0: " "
          text run at (0,1989) width 912: "e\x{301}e\x{301}e\x{301}e\x{301}e\x{301}e\x{301}e\x{301}e\x{301}e\x{301}e\x{301}e\x{301}e\x{301}e\x{301}e\x{301}e\x{301}e\x{301}e\x{301}e\x{301}e\x{301}e\x{301}e\x{301}e\x{301}e\x{301}e\x{301}e\x{301}e\x{301}e\x{301}e\x{301}e\x{301}e\x{301}e\x{301}e\x{301} e\x{301} e\x{301}e\x{301}e\x{301}e\x{301}e\x{301}e\x{301}e\x{301}e\x{301}e\x{301}e\x{301}e\x{301}e\x{301}e\x{301}e\x{301}e\x{301}e\x{301}e\x{301}e\x{301}e\x{301}e\x{301}e\x{301}e\x{301}e\x{301}e\x{301}e\x{301}e\x{301}e\x{301}e\x{301}e\x{301}e\x{301}e\x{301}e\x{301}e\x{301}e\x{301}e\x{301}e\x{301}e\x{301}e\x{301}e\x{301}e\x{301}e\x{301}e\x{301}e\x{301} e\x{301}e\x{301}e\x{301}e\x{301}e\x{301}e\x{301}e\x{301}e\x{301}e\x{301}e\x{301}e\x{301}e\x{301}e\x{301}e\x{301}e\x{301}e\x{301}e\x{301}e\x{301}e\x{301}e\x{301}e\x{301}e\x{301}e\x{301}e\x{301}e\x{301}e\x{301}e\x{301}e\x{301}e\x{301}e\x{301} e\x{301}e\x{301}e\x{301}e\x{301}e\x{301}e\x{301}e\x{301}e\x{301}e\x{301}e\x{301}e\x{301}e\x{301}e\x{301}e\x{301}e\x{301}e\x{301}e\x{301}e\x{301}e\x{301}e\x{301}e\x{301}e\x{301}"
          text run at (912,1989) width 0: " "
          text run at (0,2006) width 912: "e\x{301}e\x{301}e\x{301}e\x{301}e\x{301}e\x{301}e\x{301}e\x{301}e\x{301}e\x{301}e\x{301}e\x{301}e\x{301}e\x{301}e\x{301}e\x{301}e\x{301}e\x{301}e\x{301}e\x{301}e\x{301}e\x{301}e\x{301}e\x{301}e\x{301}e\x{301}e\x{301}e\x{301}e\x{301}e\x{301}e\x{301}e\x{301} e\x{301} e\x{301}e\x{301}e\x{301}e\x{301}e\x{301}e\x{301}e\x{301}e\x{301}e\x{301}e\x{301}e\x{301}e\x{301}e\x{301}e\x{301}e\x{301}e\x{301}e\x{301}e\x{301}e\x{301}e\x{301}e\x{301}e\x{301}e\x{301}e\x{301}e\x{301}e\x{301}e\x{301}e\x{301}e\x{301}e\x{301}e\x{301}e\x{301}e\x{301}e\x{301}e\x{301}e\x{301}e\x{301}e\x{301}e\x{301}e\x{301}e\x{301}e\x{301}e\x{301} e\x{301}e\x{301}e\x{301}e\x{301}e\x{301}e\x{301}e\x{301}e\x{301}e\x{301}e\x{301}e\x{301}e\x{301}e\x{301}e\x{301}e\x{301}e\x{301}e\x{301}e\x{301}e\x{301}e\x{301}e\x{301}e\x{301}e\x{301}e\x{301}e\x{301}e\x{301}e\x{301}e\x{301}e\x{301}e\x{301} e\x{301}e\x{301}e\x{301}e\x{301}e\x{301}e\x{301}e\x{301}e\x{301}e\x{301}e\x{301}e\x{301}e\x{301}e\x{301}e\x{301}e\x{301}e\x{301}e\x{301}e\x{301}e\x{301}e\x{301}e\x{301}e\x{301}"
          text run at (912,2006) width 0: " "
          text run at (0,2023) width 912: "e\x{301}e\x{301}e\x{301}e\x{301}e\x{301}e\x{301}e\x{301}e\x{301}e\x{301}e\x{301}e\x{301}e\x{301}e\x{301}e\x{301}e\x{301}e\x{301}e\x{301}e\x{301}e\x{301}e\x{301}e\x{301}e\x{301}e\x{301}e\x{301}e\x{301}e\x{301}e\x{301}e\x{301}e\x{301}e\x{301}e\x{301}e\x{301} e\x{301} e\x{301}e\x{301}e\x{301}e\x{301}e\x{301}e\x{301}e\x{301}e\x{301}e\x{301}e\x{301}e\x{301}e\x{301}e\x{301}e\x{301}e\x{301}e\x{301}e\x{301}e\x{301}e\x{301}e\x{301}e\x{301}e\x{301}e\x{301}e\x{301}e\x{301}e\x{301}e\x{301}e\x{301}e\x{301}e\x{301}e\x{301}e\x{301}e\x{301}e\x{301}e\x{301}e\x{301}e\x{301}e\x{301}e\x{301}e\x{301}e\x{301}e\x{301}e\x{301} e\x{301}e\x{301}e\x{301}e\x{301}e\x{301}e\x{301}e\x{301}e\x{301}e\x{301}e\x{301}e\x{301}e\x{301}e\x{301}e\x{301}e\x{301}e\x{301}e\x{301}e\x{301}e\x{301}e\x{301}e\x{301}e\x{301}e\x{301}e\x{301}e\x{301}e\x{301}e\x{301}e\x{301}e\x{301}e\x{301} e\x{301}e\x{301}e\x{301}e\x{301}e\x{301}e\x{301}e\x{301}e\x{301}e\x{301}e\x{301}e\x{301}e\x{301}e\x{301}e\x{301}e\x{301}e\x{301}e\x{301}e\x{301}e\x{301}e\x{301}e\x{301}e\x{301}"
          text run at (912,2023) width 0: " "
          text run at (0,2040) width 912: "e\x{301}e\x{301}e\x{301}e\x{301}e\x{301}e\x{301}e\x{301}e\x{301}e\x{301}e\x{301}e\x{301}e\x{301}e\x{301}e\x{301}e\x{301}e\x{301}e\x{301}e\x{301}e\x{301}e\x{301}e\x{301}e\x{301}e\x{301}e\x{301}e\x{301}e\x{301}e\x{301}e\x{301}e\x{301}e\x{301}e\x{301}e\x{301} e\x{301} e\x{301}e\x{301}e\x{301}e\x{301}e\x{301}e\x{301}e\x{301}e\x{301}e\x{301}e\x{301}e\x{301}e\x{301}e\x{301}e\x{301}e\x{301}e\x{301}e\x{301}e\x{301}e\x{301}e\x{301}e\x{301}e\x{301}e\x{301}e\x{301}e\x{301}e\x{301}e\x{301}e\x{301}e\x{301}e\x{301}e\x{301}e\x{301}e\x{301}e\x{301}e\x{301}e\x{301}e\x{301}e\x{301}e\x{301}e\x{301}e\x{301}e\x{301}e\x{301} e\x{301}e\x{301}e\x{301}e\x{301}e\x{301}e\x{301}e\x{301}e\x{301}e\x{301}e\x{301}e\x{301}e\x{301}e\x{301}e\x{301}e\x{301}e\x{301}e\x{301}e\x{301}e\x{301}e\x{301}e\x{301}e\x{301}e\x{301}e\x{301}e\x{301}e\x{301}e\x{301}e\x{301}e\x{301}e\x{301} e\x{301}e\x{301}e\x{301}e\x{301}e\x{301}e\x{301}e\x{301}e\x{301}e\x{301}e\x{301}e\x{301}e\x{301}e\x{301}e\x{301}e\x{301}e\x{301}e\x{301}e\x{301}e\x{301}e\x{301}e\x{301}e\x{301}"
          text run at (912,2040) width 0: " "
          text run at (0,2057) width 912: "e\x{301}e\x{301}e\x{301}e\x{301}e\x{301}e\x{301}e\x{301}e\x{301}e\x{301}e\x{301}e\x{301}e\x{301}e\x{301}e\x{301}e\x{301}e\x{301}e\x{301}e\x{301}e\x{301}e\x{301}e\x{301}e\x{301}e\x{301}e\x{301}e\x{301}e\x{301}e\x{301}e\x{301}e\x{301}e\x{301}e\x{301}e\x{301} e\x{301} e\x{301}e\x{301}e\x{301}e\x{301}e\x{301}e\x{301}e\x{301}e\x{301}e\x{301}e\x{301}e\x{301}e\x{301}e\x{301}e\x{301}e\x{301}e\x{301}e\x{301}e\x{301}e\x{301}e\x{301}e\x{301}e\x{301}e\x{301}e\x{301}e\x{301}e\x{301}e\x{301}e\x{301}e\x{301}e\x{301}e\x{301}e\x{301}e\x{301}e\x{301}e\x{301}e\x{301}e\x{301}e\x{301}e\x{301}e\x{301}e\x{301}e\x{301}e\x{301} e\x{301}e\x{301}e\x{301}e\x{301}e\x{301}e\x{301}e\x{301}e\x{301}e\x{301}e\x{301}e\x{301}e\x{301}e\x{301}e\x{301}e\x{301}e\x{301}e\x{301}e\x{301}e\x{301}e\x{301}e\x{301}e\x{301}e\x{301}e\x{301}e\x{301}e\x{301}e\x{301}e\x{301}e\x{301}e\x{301} e\x{301}e\x{301}e\x{301}e\x{301}e\x{301}e\x{301}e\x{301}e\x{301}e\x{301}e\x{301}e\x{301}e\x{301}e\x{301}e\x{301}e\x{301}e\x{301}e\x{301}e\x{301}e\x{301}e\x{301}e\x{301}e\x{301}"
          text run at (912,2057) width 0: " "
          text run at (0,2074) width 912: "e\x{301}e\x{301}e\x{301}e\x{301}e\x{301}e\x{301}e\x{301}e\x{301}e\x{301}e\x{301}e\x{301}e\x{301}e\x{301}e\x{301}e\x{301}e\x{301}e\x{301}e\x{301}e\x{301}e\x{301}e\x{301}e\x{301}e\x{301}e\x{301}e\x{301}e\x{301}e\x{301}e\x{301}e\x{301}e\x{301}e\x{301}e\x{301} e\x{301} e\x{301}e\x{301}e\x{301}e\x{301}e\x{301}e\x{301}e\x{301}e\x{301}e\x{301}e\x{301}e\x{301}e\x{301}e\x{301}e\x{301}e\x{301}e\x{301}e\x{301}e\x{301}e\x{301}e\x{301}e\x{301}e\x{301}e\x{301}e\x{301}e\x{301}e\x{301}e\x{301}e\x{301}e\x{301}e\x{301}e\x{301}e\x{301}e\x{301}e\x{301}e\x{301}e\x{301}e\x{301}e\x{301}e\x{301}e\x{301}e\x{301}e\x{301}e\x{301} e\x{301}e\x{301}e\x{301}e\x{301}e\x{301}e\x{301}e\x{301}e\x{301}e\x{301}e\x{301}e\x{301}e\x{301}e\x{301}e\x{301}e\x{301}e\x{301}e\x{301}e\x{301}e\x{301}e\x{301}e\x{301}e\x{301}e\x{301}e\x{301}e\x{301}e\x{301}e\x{301}e\x{301}e\x{301}e\x{301} e\x{301}e\x{301}e\x{301}e\x{301}e\x{301}e\x{301}e\x{301}e\x{301}e\x{301}e\x{301}e\x{301}e\x{301}e\x{301}e\x{301}e\x{301}e\x{301}e\x{301}e\x{301}e\x{301}e\x{301}e\x{301}e\x{301}"
          text run at (912,2074) width 0: " "
          text run at (0,2091) width 912: "e\x{301}e\x{301}e\x{301}e\x{301}e\x{301}e\x{301}e\x{301}e\x{301}e\x{301}e\x{301}e\x{301}e\x{301}e\x{301}e\x{301}e\x{301}e\x{301}e\x{301}e\x{301}e\x{301}e\x{301}e\x{301}e\x{301}e\x{301}e\x{301}e\x{301}e\x{301}e\x{301}e\x{301}e\x{301}e\x{301}e\x{301}e\x{301} e\x{301} e\x{301}e\x{301}e\x{301}e\x{301}e\x{301}e\x{301}e\x{301}e\x{301}e\x{301}e\x{301}e\x{301}e\x{301}e\x{301}e\x{301}e\x{301}e\x{301}e\x{301}e\x{301}e\x{301}e\x{301}e\x{301}e\x{301}e\x{301}e\x{301}e\x{301}e\x{301}e\x{301}e\x{301}e\x{301}e\x{301}e\x{301}e\x{301}e\x{301}e\x{301}e\x{301}e\x{301}e\x{301}e\x{301}e\x{301}e\x{301}e\x{301}e\x{301}e\x{301} e\x{301}e\x{301}e\x{301}e\x{301}e\x{301}e\x{301}e\x{301}e\x{301}e\x{301}e\x{301}e\x{301}e\x{301}e\x{301}e\x{301}e\x{301}e\x{301}e\x{301}e\x{301}e\x{301}e\x{301}e\x{301}e\x{301}e\x{301}e\x{301}e\x{301}e\x{301}e\x{301}e\x{301}e\x{301}e\x{301} e\x{301}e\x{301}e\x{301}e\x{301}e\x{301}e\x{301}e\x{301}e\x{301}e\x{301}e\x{301}e\x{301}e\x{301}e\x{301}e\x{301}e\x{301}e\x{301}e\x{301}e\x{301}e\x{301}e\x{301}e\x{301}e\x{301}"
          text run at (912,2091) width 0: " "
          text run at (0,2108) width 912: "e\x{301}e\x{301}e\x{301}e\x{301}e\x{301}e\x{301}e\x{301}e\x{301}e\x{301}e\x{301}e\x{301}e\x{301}e\x{301}e\x{301}e\x{301}e\x{301}e\x{301}e\x{301}e\x{301}e\x{301}e\x{301}e\x{301}e\x{301}e\x{301}e\x{301}e\x{301}e\x{301}e\x{301}e\x{301}e\x{301}e\x{301}e\x{301} e\x{301} e\x{301}e\x{301}e\x{301}e\x{301}e\x{301}e\x{301}e\x{301}e\x{301}e\x{301}e\x{301}e\x{301}e\x{301}e\x{301}e\x{301}e\x{301}e\x{301}e\x{301}e\x{301}e\x{301}e\x{301}e\x{301}e\x{301}e\x{301}e\x{301}e\x{301}e\x{301}e\x{301}e\x{301}e\x{301}e\x{301}e\x{301}e\x{301}e\x{301}e\x{301}e\x{301}e\x{301}e\x{301}e\x{301}e\x{301}e\x{301}e\x{301}e\x{301}e\x{301} e\x{301}e\x{301}e\x{301}e\x{301}e\x{301}e\x{301}e\x{301}e\x{301}e\x{301}e\x{301}e\x{301}e\x{301}e\x{301}e\x{301}e\x{301}e\x{301}e\x{301}e\x{301}e\x{301}e\x{301}e\x{301}e\x{301}e\x{301}e\x{301}e\x{301}e\x{301}e\x{301}e\x{301}e\x{301}e\x{301} e\x{301}e\x{301}e\x{301}e\x{301}e\x{301}e\x{301}e\x{301}e\x{301}e\x{301}e\x{301}e\x{301}e\x{301}e\x{301}e\x{301}e\x{301}e\x{301}e\x{301}e\x{301}e\x{301}e\x{301}e\x{301}e\x{301}"
          text run at (912,2108) width 0: " "
          text run at (0,2125) width 912: "e\x{301}e\x{301}e\x{301}e\x{301}e\x{301}e\x{301}e\x{301}e\x{301}e\x{301}e\x{301}e\x{301}e\x{301}e\x{301}e\x{301}e\x{301}e\x{301}e\x{301}e\x{301}e\x{301}e\x{301}e\x{301}e\x{301}e\x{301}e\x{301}e\x{301}e\x{301}e\x{301}e\x{301}e\x{301}e\x{301}e\x{301}e\x{301} e\x{301} e\x{301}e\x{301}e\x{301}e\x{301}e\x{301}e\x{301}e\x{301}e\x{301}e\x{301}e\x{301}e\x{301}e\x{301}e\x{301}e\x{301}e\x{301}e\x{301}e\x{301}e\x{301}e\x{301}e\x{301}e\x{301}e\x{301}e\x{301}e\x{301}e\x{301}e\x{301}e\x{301}e\x{301}e\x{301}e\x{301}e\x{301}e\x{301}e\x{301}e\x{301}e\x{301}e\x{301}e\x{301}e\x{301}e\x{301}e\x{301}e\x{301}e\x{301}e\x{301} e\x{301}e\x{301}e\x{301}e\x{301}e\x{301}e\x{301}e\x{301}e\x{301}e\x{301}e\x{301}e\x{301}e\x{301}e\x{301}e\x{301}e\x{301}e\x{301}e\x{301}e\x{301}e\x{301}e\x{301}e\x{301}e\x{301}e\x{301}e\x{301}e\x{301}e\x{301}e\x{301}e\x{301}e\x{301}e\x{301} e\x{301}e\x{301}e\x{301}e\x{301}e\x{301}e\x{301}e\x{301}e\x{301}e\x{301}e\x{301}e\x{301}e\x{301}e\x{301}e\x{301}e\x{301}e\x{301}e\x{301}e\x{301}e\x{301}e\x{301}e\x{301}e\x{301}"
          text run at (912,2125) width 0: " "
          text run at (0,2142) width 912: "e\x{301}e\x{301}e\x{301}e\x{301}e\x{301}e\x{301}e\x{301}e\x{301}e\x{301}e\x{301}e\x{301}e\x{301}e\x{301}e\x{301}e\x{301}e\x{301}e\x{301}e\x{301}e\x{301}e\x{301}e\x{301}e\x{301}e\x{301}e\x{301}e\x{301}e\x{301}e\x{301}e\x{301}e\x{301}e\x{301}e\x{301}e\x{301} e\x{301} e\x{301}e\x{301}e\x{301}e\x{301}e\x{301}e\x{301}e\x{301}e\x{301}e\x{301}e\x{301}e\x{301}e\x{301}e\x{301}e\x{301}e\x{301}e\x{301}e\x{301}e\x{301}e\x{301}e\x{301}e\x{301}e\x{301}e\x{301}e\x{301}e\x{301}e\x{301}e\x{301}e\x{301}e\x{301}e\x{301}e\x{301}e\x{301}e\x{301}e\x{301}e\x{301}e\x{301}e\x{301}e\x{301}e\x{301}e\x{301}e\x{301}e\x{301}e\x{301} e\x{301}e\x{301}e\x{301}e\x{301}e\x{301}e\x{301}e\x{301}e\x{301}e\x{301}e\x{301}e\x{301}e\x{301}e\x{301}e\x{301}e\x{301}e\x{301}e\x{301}e\x{301}e\x{301}e\x{301}e\x{301}e\x{301}e\x{301}e\x{301}e\x{301}e\x{301}e\x{301}e\x{301}e\x{301}e\x{301} e\x{301}e\x{301}e\x{301}e\x{301}e\x{301}e\x{301}e\x{301}e\x{301}e\x{301}e\x{301}e\x{301}e\x{301}e\x{301}e\x{301}e\x{301}e\x{301}e\x{301}e\x{301}e\x{301}e\x{301}e\x{301}e\x{301}"
          text run at (912,2142) width 0: " "
          text run at (0,2159) width 912: "e\x{301}e\x{301}e\x{301}e\x{301}e\x{301}e\x{301}e\x{301}e\x{301}e\x{301}e\x{301}e\x{301}e\x{301}e\x{301}e\x{301}e\x{301}e\x{301}e\x{301}e\x{301}e\x{301}e\x{301}e\x{301}e\x{301}e\x{301}e\x{301}e\x{301}e\x{301}e\x{301}e\x{301}e\x{301}e\x{301}e\x{301}e\x{301} e\x{301} e\x{301}e\x{301}e\x{301}e\x{301}e\x{301}e\x{301}e\x{301}e\x{301}e\x{301}e\x{301}e\x{301}e\x{301}e\x{301}e\x{301}e\x{301}e\x{301}e\x{301}e\x{301}e\x{301}e\x{301}e\x{301}e\x{301}e\x{301}e\x{301}e\x{301}e\x{301}e\x{301}e\x{301}e\x{301}e\x{301}e\x{301}e\x{301}e\x{301}e\x{301}e\x{301}e\x{301}e\x{301}e\x{301}e\x{301}e\x{301}e\x{301}e\x{301}e\x{301} e\x{301}e\x{301}e\x{301}e\x{301}e\x{301}e\x{301}e\x{301}e\x{301}e\x{301}e\x{301}e\x{301}e\x{301}e\x{301}e\x{301}e\x{301}e\x{301}e\x{301}e\x{301}e\x{301}e\x{301}e\x{301}e\x{301}e\x{301}e\x{301}e\x{301}e\x{301}e\x{301}e\x{301}e\x{301}e\x{301} e\x{301}e\x{301}e\x{301}e\x{301}e\x{301}e\x{301}e\x{301}e\x{301}e\x{301}e\x{301}e\x{301}e\x{301}e\x{301}e\x{301}e\x{301}e\x{301}e\x{301}e\x{301}e\x{301}e\x{301}e\x{301}e\x{301}"
          text run at (912,2159) width 0: " "
          text run at (0,2176) width 912: "e\x{301}e\x{301}e\x{301}e\x{301}e\x{301}e\x{301}e\x{301}e\x{301}e\x{301}e\x{301}e\x{301}e\x{301}e\x{301}e\x{301}e\x{301}e\x{301}e\x{301}e\x{301}e\x{301}e\x{301}e\x{301}e\x{301}e\x{301}e\x{301}e\x{301}e\x{301}e\x{301}e\x{301}e\x{301}e\x{301}e\x{301}e\x{301} e\x{301} e\x{301}e\x{301}e\x{301}e\x{301}e\x{301}e\x{301}e\x{301}e\x{301}e\x{301}e\x{301}e\x{301}e\x{301}e\x{301}e\x{301}e\x{301}e\x{301}e\x{301}e\x{301}e\x{301}e\x{301}e\x{301}e\x{301}e\x{301}e\x{301}e\x{301}e\x{301}e\x{301}e\x{301}e\x{301}e\x{301}e\x{301}e\x{301}e\x{301}e\x{301}e\x{301}e\x{301}e\x{301}e\x{301}e\x{301}e\x{301}e\x{301}e\x{301}e\x{301} e\x{301}e\x{301}e\x{301}e\x{301}e\x{301}e\x{301}e\x{301}e\x{301}e\x{301}e\x{301}e\x{301}e\x{301}e\x{301}e\x{301}e\x{301}e\x{301}e\x{301}e\x{301}e\x{301}e\x{301}e\x{301}e\x{301}e\x{301}e\x{301}e\x{301}e\x{301}e\x{301}e\x{301}e\x{301}e\x{301} e\x{301}e\x{301}e\x{301}e\x{301}e\x{301}e\x{301}e\x{301}e\x{301}e\x{301}e\x{301}e\x{301}e\x{301}e\x{301}e\x{301}e\x{301}e\x{301}e\x{301}e\x{301}e\x{301}e\x{301}e\x{301}e\x{301}"
          text run at (912,2176) width 0: " "
          text run at (0,2193) width 912: "e\x{301}e\x{301}e\x{301}e\x{301}e\x{301}e\x{301}e\x{301}e\x{301}e\x{301}e\x{301}e\x{301}e\x{301}e\x{301}e\x{301}e\x{301}e\x{301}e\x{301}e\x{301}e\x{301}e\x{301}e\x{301}e\x{301}e\x{301}e\x{301}e\x{301}e\x{301}e\x{301}e\x{301}e\x{301}e\x{301}e\x{301}e\x{301} e\x{301} e\x{301}e\x{301}e\x{301}e\x{301}e\x{301}e\x{301}e\x{301}e\x{301}e\x{301}e\x{301}e\x{301}e\x{301}e\x{301}e\x{301}e\x{301}e\x{301}e\x{301}e\x{301}e\x{301}e\x{301}e\x{301}e\x{301}e\x{301}e\x{301}e\x{301}e\x{301}e\x{301}e\x{301}e\x{301}e\x{301}e\x{301}e\x{301}e\x{301}e\x{301}e\x{301}e\x{301}e\x{301}e\x{301}e\x{301}e\x{301}e\x{301}e\x{301}e\x{301} e\x{301}e\x{301}e\x{301}e\x{301}e\x{301}e\x{301}e\x{301}e\x{301}e\x{301}e\x{301}e\x{301}e\x{301}e\x{301}e\x{301}e\x{301}e\x{301}e\x{301}e\x{301}e\x{301}e\x{301}e\x{301}e\x{301}e\x{301}e\x{301}e\x{301}e\x{301}e\x{301}e\x{301}e\x{301}e\x{301} e\x{301}e\x{301}e\x{301}e\x{301}e\x{301}e\x{301}e\x{301}e\x{301}e\x{301}e\x{301}e\x{301}e\x{301}e\x{301}e\x{301}e\x{301}e\x{301}e\x{301}e\x{301}e\x{301}e\x{301}e\x{301}e\x{301}"
          text run at (912,2193) width 0: " "
          text run at (0,2210) width 912: "e\x{301}e\x{301}e\x{301}e\x{301}e\x{301}e\x{301}e\x{301}e\x{301}e\x{301}e\x{301}e\x{301}e\x{301}e\x{301}e\x{301}e\x{301}e\x{301}e\x{301}e\x{301}e\x{301}e\x{301}e\x{301}e\x{301}e\x{301}e\x{301}e\x{301}e\x{301}e\x{301}e\x{301}e\x{301}e\x{301}e\x{301}e\x{301} e\x{301} e\x{301}e\x{301}e\x{301}e\x{301}e\x{301}e\x{301}e\x{301}e\x{301}e\x{301}e\x{301}e\x{301}e\x{301}e\x{301}e\x{301}e\x{301}e\x{301}e\x{301}e\x{301}e\x{301}e\x{301}e\x{301}e\x{301}e\x{301}e\x{301}e\x{301}e\x{301}e\x{301}e\x{301}e\x{301}e\x{301}e\x{301}e\x{301}e\x{301}e\x{301}e\x{301}e\x{301}e\x{301}e\x{301}e\x{301}e\x{301}e\x{301}e\x{301}e\x{301} e\x{301}e\x{301}e\x{301}e\x{301}e\x{301}e\x{301}e\x{301}e\x{301}e\x{301}e\x{301}e\x{301}e\x{301}e\x{301}e\x{301}e\x{301}e\x{301}e\x{301}e\x{301}e\x{301}e\x{301}e\x{301}e\x{301}e\x{301}e\x{301}e\x{301}e\x{301}e\x{301}e\x{301}e\x{301}e\x{301} e\x{301}e\x{301}e\x{301}e\x{301}e\x{301}e\x{301}e\x{301}e\x{301}e\x{301}e\x{301}e\x{301}e\x{301}e\x{301}e\x{301}e\x{301}e\x{301}e\x{301}e\x{301}e\x{301}e\x{301}e\x{301}e\x{301}"
          text run at (912,2210) width 0: " "
          text run at (0,2227) width 912: "e\x{301}e\x{301}e\x{301}e\x{301}e\x{301}e\x{301}e\x{301}e\x{301}e\x{301}e\x{301}e\x{301}e\x{301}e\x{301}e\x{301}e\x{301}e\x{301}e\x{301}e\x{301}e\x{301}e\x{301}e\x{301}e\x{301}e\x{301}e\x{301}e\x{301}e\x{301}e\x{301}e\x{301}e\x{301}e\x{301}e\x{301}e\x{301} e\x{301} e\x{301}e\x{301}e\x{301}e\x{301}e\x{301}e\x{301}e\x{301}e\x{301}e\x{301}e\x{301}e\x{301}e\x{301}e\x{301}e\x{301}e\x{301}e\x{301}e\x{301}e\x{301}e\x{301}e\x{301}e\x{301}e\x{301}e\x{301}e\x{301}e\x{301}e\x{301}e\x{301}e\x{301}e\x{301}e\x{301}e\x{301}e\x{301}e\x{301}e\x{301}e\x{301}e\x{301}e\x{301}e\x{301}e\x{301}e\x{301}e\x{301}e\x{301}e\x{301} e\x{301}e\x{301}e\x{301}e\x{301}e\x{301}e\x{301}e\x{301}e\x{301}e\x{301}e\x{301}e\x{301}e\x{301}e\x{301}e\x{301}e\x{301}e\x{301}e\x{301}e\x{301}e\x{301}e\x{301}e\x{301}e\x{301}e\x{301}e\x{301}e\x{301}e\x{301}e\x{301}e\x{301}e\x{301}e\x{301} e\x{301}e\x{301}e\x{301}e\x{301}e\x{301}e\x{301}e\x{301}e\x{301}e\x{301}e\x{301}e\x{301}e\x{301}e\x{301}e\x{301}e\x{301}e\x{301}e\x{301}e\x{301}e\x{301}e\x{301}e\x{301}e\x{301}"
          text run at (912,2227) width 0: " "
          text run at (0,2244) width 912: "e\x{301}e\x{301}e\x{301}e\x{301}e\x{301}e\x{301}e\x{301}e\x{301}e\x{301}e\x{301}e\x{301}e\x{301}e\x{301}e\x{301}e\x{301}e\x{301}e\x{301}e\x{301}e\x{301}e\x{301}e\x{301}e\x{301}e\x{301}e\x{301}e\x{301}e\x{301}e\x{301}e\x{301}e\x{301}e\x{301}e\x{301}e\x{301} e\x{301} e\x{301}e\x{301}e\x{301}e\x{301}e\x{301}e\x{301}e\x{301}e\x{301}e\x{301}e\x{301}e\x{301}e\x{301}e\x{301}e\x{301}e\x{301}e\x{301}e\x{301}e\x{301}e\x{301}e\x{301}e\x{301}e\x{301}e\x{301}e\x{301}e\x{301}e\x{301}e\x{301}e\x{301}e\x{301}e\x{301}e\x{301}e\x{301}e\x{301}e\x{301}e\x{301}e\x{301}e\x{301}e\x{301}e\x{301}e\x{301}e\x{301}e\x{301}e\x{301} e\x{301}e\x{301}e\x{301}e\x{301}e\x{301}e\x{301}e\x{301}e\x{301}e\x{301}e\x{301}e\x{301}e\x{301}e\x{301}e\x{301}e\x{301}e\x{301}e\x{301}e\x{301}e\x{301}e\x{301}e\x{301}e\x{301}e\x{301}e\x{301}e\x{301}e\x{301}e\x{301}e\x{301}e\x{301}e\x{301} e\x{301}e\x{301}e\x{301}e\x{301}e\x{301}e\x{301}e\x{301}e\x{301}e\x{301}e\x{301}e\x{301}e\x{301}e\x{301}e\x{301}e\x{301}e\x{301}e\x{301}e\x{301}e\x{301}e\x{301}e\x{301}e\x{301}"
          text run at (912,2244) width 0: " "
          text run at (0,2261) width 912: "e\x{301}e\x{301}e\x{301}e\x{301}e\x{301}e\x{301}e\x{301}e\x{301}e\x{301}e\x{301}e\x{301}e\x{301}e\x{301}e\x{301}e\x{301}e\x{301}e\x{301}e\x{301}e\x{301}e\x{301}e\x{301}e\x{301}e\x{301}e\x{301}e\x{301}e\x{301}e\x{301}e\x{301}e\x{301}e\x{301}e\x{301}e\x{301} e\x{301} e\x{301}e\x{301}e\x{301}e\x{301}e\x{301}e\x{301}e\x{301}e\x{301}e\x{301}e\x{301}e\x{301}e\x{301}e\x{301}e\x{301}e\x{301}e\x{301}e\x{301}e\x{301}e\x{301}e\x{301}e\x{301}e\x{301}e\x{301}e\x{301}e\x{301}e\x{301}e\x{301}e\x{301}e\x{301}e\x{301}e\x{301}e\x{301}e\x{301}e\x{301}e\x{301}e\x{301}e\x{301}e\x{301}e\x{301}e\x{301}e\x{301}e\x{301}e\x{301} e\x{301}e\x{301}e\x{301}e\x{301}e\x{301}e\x{301}e\x{301}e\x{301}e\x{301}e\x{301}e\x{301}e\x{301}e\x{301}e\x{301}e\x{301}e\x{301}e\x{301}e\x{301}e\x{301}e\x{301}e\x{301}e\x{301}e\x{301}e\x{301}e\x{301}e\x{301}e\x{301}e\x{301}e\x{301}e\x{301} e\x{301}e\x{301}e\x{301}e\x{301}e\x{301}e\x{301}e\x{301}e\x{301}e\x{301}e\x{301}e\x{301}e\x{301}e\x{301}e\x{301}e\x{301}e\x{301}e\x{301}e\x{301}e\x{301}e\x{301}e\x{301}e\x{301}"
          text run at (912,2261) width 0: " "
          text run at (0,2278) width 912: "e\x{301}e\x{301}e\x{301}e\x{301}e\x{301}e\x{301}e\x{301}e\x{301}e\x{301}e\x{301}e\x{301}e\x{301}e\x{301}e\x{301}e\x{301}e\x{301}e\x{301}e\x{301}e\x{301}e\x{301}e\x{301}e\x{301}e\x{301}e\x{301}e\x{301}e\x{301}e\x{301}e\x{301}e\x{301}e\x{301}e\x{301}e\x{301} e\x{301} e\x{301}e\x{301}e\x{301}e\x{301}e\x{301}e\x{301}e\x{301}e\x{301}e\x{301}e\x{301}e\x{301}e\x{301}e\x{301}e\x{301}e\x{301}e\x{301}e\x{301}e\x{301}e\x{301}e\x{301}e\x{301}e\x{301}e\x{301}e\x{301}e\x{301}e\x{301}e\x{301}e\x{301}e\x{301}e\x{301}e\x{301}e\x{301}e\x{301}e\x{301}e\x{301}e\x{301}e\x{301}e\x{301}e\x{301}e\x{301}e\x{301}e\x{301}e\x{301} e\x{301}e\x{301}e\x{301}e\x{301}e\x{301}e\x{301}e\x{301}e\x{301}e\x{301}e\x{301}e\x{301}e\x{301}e\x{301}e\x{301}e\x{301}e\x{301}e\x{301}e\x{301}e\x{301}e\x{301}e\x{301}e\x{301}e\x{301}e\x{301}e\x{301}e\x{301}e\x{301}e\x{301}e\x{301}e\x{301} e\x{301}e\x{301}e\x{301}e\x{301}e\x{301}e\x{301}e\x{301}e\x{301}e\x{301}e\x{301}e\x{301}e\x{301}e\x{301}e\x{301}e\x{301}e\x{301}e\x{301}e\x{301}e\x{301}e\x{301}e\x{301}e\x{301}"
          text run at (912,2278) width 0: " "
          text run at (0,2295) width 912: "e\x{301}e\x{301}e\x{301}e\x{301}e\x{301}e\x{301}e\x{301}e\x{301}e\x{301}e\x{301}e\x{301}e\x{301}e\x{301}e\x{301}e\x{301}e\x{301}e\x{301}e\x{301}e\x{301}e\x{301}e\x{301}e\x{301}e\x{301}e\x{301}e\x{301}e\x{301}e\x{301}e\x{301}e\x{301}e\x{301}e\x{301}e\x{301} e\x{301} e\x{301}e\x{301}e\x{301}e\x{301}e\x{301}e\x{301}e\x{301}e\x{301}e\x{301}e\x{301}e\x{301}e\x{301}e\x{301}e\x{301}e\x{301}e\x{301}e\x{301}e\x{301}e\x{301}e\x{301}e\x{301}e\x{301}e\x{301}e\x{301}e\x{301}e\x{301}e\x{301}e\x{301}e\x{301}e\x{301}e\x{301}e\x{301}e\x{301}e\x{301}e\x{301}e\x{301}e\x{301}e\x{301}e\x{301}e\x{301}e\x{301}e\x{301}e\x{301} e\x{301}e\x{301}e\x{301}e\x{301}e\x{301}e\x{301}e\x{301}e\x{301}e\x{301}e\x{301}e\x{301}e\x{301}e\x{301}e\x{301}e\x{301}e\x{301}e\x{301}e\x{301}e\x{301}e\x{301}e\x{301}e\x{301}e\x{301}e\x{301}e\x{301}e\x{301}e\x{301}e\x{301}e\x{301}e\x{301} e\x{301}e\x{301}e\x{301}e\x{301}e\x{301}e\x{301}e\x{301}e\x{301}e\x{301}e\x{301}e\x{301}e\x{301}e\x{301}e\x{301}e\x{301}e\x{301}e\x{301}e\x{301}e\x{301}e\x{301}e\x{301}e\x{301}"
          text run at (912,2295) width 0: " "
          text run at (0,2312) width 912: "e\x{301}e\x{301}e\x{301}e\x{301}e\x{301}e\x{301}e\x{301}e\x{301}e\x{301}e\x{301}e\x{301}e\x{301}e\x{301}e\x{301}e\x{301}e\x{301}e\x{301}e\x{301}e\x{301}e\x{301}e\x{301}e\x{301}e\x{301}e\x{301}e\x{301}e\x{301}e\x{301}e\x{301}e\x{301}e\x{301}e\x{301}e\x{301} e\x{301} e\x{301}e\x{301}e\x{301}e\x{301}e\x{301}e\x{301}e\x{301}e\x{301}e\x{301}e\x{301}e\x{301}e\x{301}e\x{301}e\x{301}e\x{301}e\x{301}e\x{301}e\x{301}e\x{301}e\x{301}e\x{301}e\x{301}e\x{301}e\x{301}e\x{301}e\x{301}e\x{301}e\x{301}e\x{301}e\x{301}e\x{301}e\x{301}e\x{301}e\x{301}e\x{301}e\x{301}e\x{301}e\x{301}e\x{301}e\x{301}e\x{301}e\x{301}e\x{301} e\x{301}e\x{301}e\x{301}e\x{301}e\x{301}e\x{301}e\x{301}e\x{301}e\x{301}e\x{301}e\x{301}e\x{301}e\x{301}e\x{301}e\x{301}e\x{301}e\x{301}e\x{301}e\x{301}e\x{301}e\x{301}e\x{301}e\x{301}e\x{301}e\x{301}e\x{301}e\x{301}e\x{301}e\x{301}e\x{301} e\x{301}e\x{301}e\x{301}e\x{301}e\x{301}e\x{301}e\x{301}e\x{301}e\x{301}e\x{301}e\x{301}e\x{301}e\x{301}e\x{301}e\x{301}e\x{301}e\x{301}e\x{301}e\x{301}e\x{301}e\x{301}e\x{301}"
          text run at (912,2312) width 0: " "
          text run at (0,2329) width 912: "e\x{301}e\x{301}e\x{301}e\x{301}e\x{301}e\x{301}e\x{301}e\x{301}e\x{301}e\x{301}e\x{301}e\x{301}e\x{301}e\x{301}e\x{301}e\x{301}e\x{301}e\x{301}e\x{301}e\x{301}e\x{301}e\x{301}e\x{301}e\x{301}e\x{301}e\x{301}e\x{301}e\x{301}e\x{301}e\x{301}e\x{301}e\x{301} e\x{301} e\x{301}e\x{301}e\x{301}e\x{301}e\x{301}e\x{301}e\x{301}e\x{301}e\x{301}e\x{301}e\x{301}e\x{301}e\x{301}e\x{301}e\x{301}e\x{301}e\x{301}e\x{301}e\x{301}e\x{301}e\x{301}e\x{301}e\x{301}e\x{301}e\x{301}e\x{301}e\x{301}e\x{301}e\x{301}e\x{301}e\x{301}e\x{301}e\x{301}e\x{301}e\x{301}e\x{301}e\x{301}e\x{301}e\x{301}e\x{301}e\x{301}e\x{301}e\x{301} e\x{301}e\x{301}e\x{301}e\x{301}e\x{301}e\x{301}e\x{301}e\x{301}e\x{301}e\x{301}e\x{301}e\x{301}e\x{301}e\x{301}e\x{301}e\x{301}e\x{301}e\x{301}e\x{301}e\x{301}e\x{301}e\x{301}e\x{301}e\x{301}e\x{301}e\x{301}e\x{301}e\x{301}e\x{301}e\x{301} e\x{301}e\x{301}e\x{301}e\x{301}e\x{301}e\x{301}e\x{301}e\x{301}e\x{301}e\x{301}e\x{301}e\x{301}e\x{301}e\x{301}e\x{301}e\x{301}e\x{301}e\x{301}e\x{301}e\x{301}e\x{301}e\x{301}"
          text run at (912,2329) width 0: " "
          text run at (0,2346) width 912: "e\x{301}e\x{301}e\x{301}e\x{301}e\x{301}e\x{301}e\x{301}e\x{301}e\x{301}e\x{301}e\x{301}e\x{301}e\x{301}e\x{301}e\x{301}e\x{301}e\x{301}e\x{301}e\x{301}e\x{301}e\x{301}e\x{301}e\x{301}e\x{301}e\x{301}e\x{301}e\x{301}e\x{301}e\x{301}e\x{301}e\x{301}e\x{301} e\x{301} e\x{301}e\x{301}e\x{301}e\x{301}e\x{301}e\x{301}e\x{301}e\x{301}e\x{301}e\x{301}e\x{301}e\x{301}e\x{301}e\x{301}e\x{301}e\x{301}e\x{301}e\x{301}e\x{301}e\x{301}e\x{301}e\x{301}e\x{301}e\x{301}e\x{301}e\x{301}e\x{301}e\x{301}e\x{301}e\x{301}e\x{301}e\x{301}e\x{301}e\x{301}e\x{301}e\x{301}e\x{301}e\x{301}e\x{301}e\x{301}e\x{301}e\x{301}e\x{301} e\x{301}e\x{301}e\x{301}e\x{301}e\x{301}e\x{301}e\x{301}e\x{301}e\x{301}e\x{301}e\x{301}e\x{301}e\x{301}e\x{301}e\x{301}e\x{301}e\x{301}e\x{301}e\x{301}e\x{301}e\x{301}e\x{301}e\x{301}e\x{301}e\x{301}e\x{301}e\x{301}e\x{301}e\x{301}e\x{301} e\x{301}e\x{301}e\x{301}e\x{301}e\x{301}e\x{301}e\x{301}e\x{301}e\x{301}e\x{301}e\x{301}e\x{301}e\x{301}e\x{301}e\x{301}e\x{301}e\x{301}e\x{301}e\x{301}e\x{301}e\x{301}e\x{301}"
          text run at (912,2346) width 0: " "
          text run at (0,2363) width 912: "e\x{301}e\x{301}e\x{301}e\x{301}e\x{301}e\x{301}e\x{301}e\x{301}e\x{301}e\x{301}e\x{301}e\x{301}e\x{301}e\x{301}e\x{301}e\x{301}e\x{301}e\x{301}e\x{301}e\x{301}e\x{301}e\x{301}e\x{301}e\x{301}e\x{301}e\x{301}e\x{301}e\x{301}e\x{301}e\x{301}e\x{301}e\x{301} e\x{301} e\x{301}e\x{301}e\x{301}e\x{301}e\x{301}e\x{301}e\x{301}e\x{301}e\x{301}e\x{301}e\x{301}e\x{301}e\x{301}e\x{301}e\x{301}e\x{301}e\x{301}e\x{301}e\x{301}e\x{301}e\x{301}e\x{301}e\x{301}e\x{301}e\x{301}e\x{301}e\x{301}e\x{301}e\x{301}e\x{301}e\x{301}e\x{301}e\x{301}e\x{301}e\x{301}e\x{301}e\x{301}e\x{301}e\x{301}e\x{301}e\x{301}e\x{301}e\x{301} e\x{301}e\x{301}e\x{301}e\x{301}e\x{301}e\x{301}e\x{301}e\x{301}e\x{301}e\x{301}e\x{301}e\x{301}e\x{301}e\x{301}e\x{301}e\x{301}e\x{301}e\x{301}e\x{301}e\x{301}e\x{301}e\x{301}e\x{301}e\x{301}e\x{301}e\x{301}e\x{301}e\x{301}e\x{301}e\x{301} e\x{301}e\x{301}e\x{301}e\x{301}e\x{301}e\x{301}e\x{301}e\x{301}e\x{301}e\x{301}e\x{301}e\x{301}e\x{301}e\x{301}e\x{301}e\x{301}e\x{301}e\x{301}e\x{301}e\x{301}e\x{301}e\x{301}"
          text run at (912,2363) width 0: " "
          text run at (0,2380) width 912: "e\x{301}e\x{301}e\x{301}e\x{301}e\x{301}e\x{301}e\x{301}e\x{301}e\x{301}e\x{301}e\x{301}e\x{301}e\x{301}e\x{301}e\x{301}e\x{301}e\x{301}e\x{301}e\x{301}e\x{301}e\x{301}e\x{301}e\x{301}e\x{301}e\x{301}e\x{301}e\x{301}e\x{301}e\x{301}e\x{301}e\x{301}e\x{301} e\x{301} e\x{301}e\x{301}e\x{301}e\x{301}e\x{301}e\x{301}e\x{301}e\x{301}e\x{301}e\x{301}e\x{301}e\x{301}e\x{301}e\x{301}e\x{301}e\x{301}e\x{301}e\x{301}e\x{301}e\x{301}e\x{301}e\x{301}e\x{301}e\x{301}e\x{301}e\x{301}e\x{301}e\x{301}e\x{301}e\x{301}e\x{301}e\x{301}e\x{301}e\x{301}e\x{301}e\x{301}e\x{301}e\x{301}e\x{301}e\x{301}e\x{301}e\x{301}e\x{301} e\x{301}e\x{301}e\x{301}e\x{301}e\x{301}e\x{301}e\x{301}e\x{301}e\x{301}e\x{301}e\x{301}e\x{301}e\x{301}e\x{301}e\x{301}e\x{301}e\x{301}e\x{301}e\x{301}e\x{301}e\x{301}e\x{301}e\x{301}e\x{301}e\x{301}e\x{301}e\x{301}e\x{301}e\x{301}e\x{301} e\x{301}e\x{301}e\x{301}e\x{301}e\x{301}e\x{301}e\x{301}e\x{301}e\x{301}e\x{301}e\x{301}e\x{301}e\x{301}e\x{301}e\x{301}e\x{301}e\x{301}e\x{301}e\x{301}e\x{301}e\x{301}e\x{301}"
          text run at (912,2380) width 0: " "
          text run at (0,2397) width 912: "e\x{301}e\x{301}e\x{301}e\x{301}e\x{301}e\x{301}e\x{301}e\x{301}e\x{301}e\x{301}e\x{301}e\x{301}e\x{301}e\x{301}e\x{301}e\x{301}e\x{301}e\x{301}e\x{301}e\x{301}e\x{301}e\x{301}e\x{301}e\x{301}e\x{301}e\x{301}e\x{301}e\x{301}e\x{301}e\x{301}e\x{301}e\x{301} e\x{301} e\x{301}e\x{301}e\x{301}e\x{301}e\x{301}e\x{301}e\x{301}e\x{301}e\x{301}e\x{301}e\x{301}e\x{301}e\x{301}e\x{301}e\x{301}e\x{301}e\x{301}e\x{301}e\x{301}e\x{301}e\x{301}e\x{301}e\x{301}e\x{301}e\x{301}e\x{301}e\x{301}e\x{301}e\x{301}e\x{301}e\x{301}e\x{301}e\x{301}e\x{301}e\x{301}e\x{301}e\x{301}e\x{301}e\x{301}e\x{301}e\x{301}e\x{301}e\x{301} e\x{301}e\x{301}e\x{301}e\x{301}e\x{301}e\x{301}e\x{301}e\x{301}e\x{301}e\x{301}e\x{301}e\x{301}e\x{301}e\x{301}e\x{301}e\x{301}e\x{301}e\x{301}e\x{301}e\x{301}e\x{301}e\x{301}e\x{301}e\x{301}e\x{301}e\x{301}e\x{301}e\x{301}e\x{301}e\x{301} e\x{301}e\x{301}e\x{301}e\x{301}e\x{301}e\x{301}e\x{301}e\x{301}e\x{301}e\x{301}e\x{301}e\x{301}e\x{301}e\x{301}e\x{301}e\x{301}e\x{301}e\x{301}e\x{301}e\x{301}e\x{301}e\x{301}"
          text run at (912,2397) width 0: " "
          text run at (0,2414) width 912: "e\x{301}e\x{301}e\x{301}e\x{301}e\x{301}e\x{301}e\x{301}e\x{301}e\x{301}e\x{301}e\x{301}e\x{301}e\x{301}e\x{301}e\x{301}e\x{301}e\x{301}e\x{301}e\x{301}e\x{301}e\x{301}e\x{301}e\x{301}e\x{301}e\x{301}e\x{301}e\x{301}e\x{301}e\x{301}e\x{301}e\x{301}e\x{301} e\x{301} e\x{301}e\x{301}e\x{301}e\x{301}e\x{301}e\x{301}e\x{301}e\x{301}e\x{301}e\x{301}e\x{301}e\x{301}e\x{301}e\x{301}e\x{301}e\x{301}e\x{301}e\x{301}e\x{301}e\x{301}e\x{301}e\x{301}e\x{301}e\x{301}e\x{301}e\x{301}e\x{301}e\x{301}e\x{301}e\x{301}e\x{301}e\x{301}e\x{301}e\x{301}e\x{301}e\x{301}e\x{301}e\x{301}e\x{301}e\x{301}e\x{301}e\x{301}e\x{301} e\x{301}e\x{301}e\x{301}e\x{301}e\x{301}e\x{301}e\x{301}e\x{301}e\x{301}e\x{301}e\x{301}e\x{301}e\x{301}e\x{301}e\x{301}e\x{301}e\x{301}e\x{301}e\x{301}e\x{301}e\x{301}e\x{301}e\x{301}e\x{301}e\x{301}e\x{301}e\x{301}e\x{301}e\x{301}e\x{301} e\x{301}e\x{301}e\x{301}e\x{301}e\x{301}e\x{301}e\x{301}e\x{301}e\x{301}e\x{301}e\x{301}e\x{301}e\x{301}e\x{301}e\x{301}e\x{301}e\x{301}e\x{301}e\x{301}e\x{301}e\x{301}e\x{301}"
          text run at (912,2414) width 0: " "
          text run at (0,2431) width 912: "e\x{301}e\x{301}e\x{301}e\x{301}e\x{301}e\x{301}e\x{301}e\x{301}e\x{301}e\x{301}e\x{301}e\x{301}e\x{301}e\x{301}e\x{301}e\x{301}e\x{301}e\x{301}e\x{301}e\x{301}e\x{301}e\x{301}e\x{301}e\x{301}e\x{301}e\x{301}e\x{301}e\x{301}e\x{301}e\x{301}e\x{301}e\x{301} e\x{301} e\x{301}e\x{301}e\x{301}e\x{301}e\x{301}e\x{301}e\x{301}e\x{301}e\x{301}e\x{301}e\x{301}e\x{301}e\x{301}e\x{301}e\x{301}e\x{301}e\x{301}e\x{301}e\x{301}e\x{301}e\x{301}e\x{301}e\x{301}e\x{301}e\x{301}e\x{301}e\x{301}e\x{301}e\x{301}e\x{301}e\x{301}e\x{301}e\x{301}e\x{301}e\x{301}e\x{301}e\x{301}e\x{301}e\x{301}e\x{301}e\x{301}e\x{301}e\x{301} e\x{301}e\x{301}e\x{301}e\x{301}e\x{301}e\x{301}e\x{301}e\x{301}e\x{301}e\x{301}e\x{301}e\x{301}e\x{301}e\x{301}e\x{301}e\x{301}e\x{301}e\x{301}e\x{301}e\x{301}e\x{301}e\x{301}e\x{301}e\x{301}e\x{301}e\x{301}e\x{301}e\x{301}e\x{301}e\x{301} e\x{301}e\x{301}e\x{301}e\x{301}e\x{301}e\x{301}e\x{301}e\x{301}e\x{301}e\x{301}e\x{301}e\x{301}e\x{301}e\x{301}e\x{301}e\x{301}e\x{301}e\x{301}e\x{301}e\x{301}e\x{301}e\x{301}"
          text run at (912,2431) width 0: " "
          text run at (0,2448) width 912: "e\x{301}e\x{301}e\x{301}e\x{301}e\x{301}e\x{301}e\x{301}e\x{301}e\x{301}e\x{301}e\x{301}e\x{301}e\x{301}e\x{301}e\x{301}e\x{301}e\x{301}e\x{301}e\x{301}e\x{301}e\x{301}e\x{301}e\x{301}e\x{301}e\x{301}e\x{301}e\x{301}e\x{301}e\x{301}e\x{301}e\x{301}e\x{301} e\x{301} e\x{301}e\x{301}e\x{301}e\x{301}e\x{301}e\x{301}e\x{301}e\x{301}e\x{301}e\x{301}e\x{301}e\x{301}e\x{301}e\x{301}e\x{301}e\x{301}e\x{301}e\x{301}e\x{301}e\x{301}e\x{301}e\x{301}e\x{301}e\x{301}e\x{301}e\x{301}e\x{301}e\x{301}e\x{301}e\x{301}e\x{301}e\x{301}e\x{301}e\x{301}e\x{301}e\x{301}e\x{301}e\x{301}e\x{301}e\x{301}e\x{301}e\x{301}e\x{301} e\x{301}e\x{301}e\x{301}e\x{301}e\x{301}e\x{301}e\x{301}e\x{301}e\x{301}e\x{301}e\x{301}e\x{301}e\x{301}e\x{301}e\x{301}e\x{301}e\x{301}e\x{301}e\x{301}e\x{301}e\x{301}e\x{301}e\x{301}e\x{301}e\x{301}e\x{301}e\x{301}e\x{301}e\x{301}e\x{301} e\x{301}e\x{301}e\x{301}e\x{301}e\x{301}e\x{301}e\x{301}e\x{301}e\x{301}e\x{301}e\x{301}e\x{301}e\x{301}e\x{301}e\x{301}e\x{301}e\x{301}e\x{301}e\x{301}e\x{301}e\x{301}e\x{301}"
          text run at (912,2448) width 0: " "
          text run at (0,2465) width 912: "e\x{301}e\x{301}e\x{301}e\x{301}e\x{301}e\x{301}e\x{301}e\x{301}e\x{301}e\x{301}e\x{301}e\x{301}e\x{301}e\x{301}e\x{301}e\x{301}e\x{301}e\x{301}e\x{301}e\x{301}e\x{301}e\x{301}e\x{301}e\x{301}e\x{301}e\x{301}e\x{301}e\x{301}e\x{301}e\x{301}e\x{301}e\x{301} e\x{301} e\x{301}e\x{301}e\x{301}e\x{301}e\x{301}e\x{301}e\x{301}e\x{301}e\x{301}e\x{301}e\x{301}e\x{301}e\x{301}e\x{301}e\x{301}e\x{301}e\x{301}e\x{301}e\x{301}e\x{301}e\x{301}e\x{301}e\x{301}e\x{301}e\x{301}e\x{301}e\x{301}e\x{301}e\x{301}e\x{301}e\x{301}e\x{301}e\x{301}e\x{301}e\x{301}e\x{301}e\x{301}e\x{301}e\x{301}e\x{301}e\x{301}e\x{301}e\x{301} e\x{301}e\x{301}e\x{301}e\x{301}e\x{301}e\x{301}e\x{301}e\x{301}e\x{301}e\x{301}e\x{301}e\x{301}e\x{301}e\x{301}e\x{301}e\x{301}e\x{301}e\x{301}e\x{301}e\x{301}e\x{301}e\x{301}e\x{301}e\x{301}e\x{301}e\x{301}e\x{301}e\x{301}e\x{301}e\x{301} e\x{301}e\x{301}e\x{301}e\x{301}e\x{301}e\x{301}e\x{301}e\x{301}e\x{301}e\x{301}e\x{301}e\x{301}e\x{301}e\x{301}e\x{301}e\x{301}e\x{301}e\x{301}e\x{301}e\x{301}e\x{301}e\x{301}"
          text run at (912,2465) width 0: " "
          text run at (0,2482) width 912: "e\x{301}e\x{301}e\x{301}e\x{301}e\x{301}e\x{301}e\x{301}e\x{301}e\x{301}e\x{301}e\x{301}e\x{301}e\x{301}e\x{301}e\x{301}e\x{301}e\x{301}e\x{301}e\x{301}e\x{301}e\x{301}e\x{301}e\x{301}e\x{301}e\x{301}e\x{301}e\x{301}e\x{301}e\x{301}e\x{301}e\x{301}e\x{301} e\x{301} e\x{301}e\x{301}e\x{301}e\x{301}e\x{301}e\x{301}e\x{301}e\x{301}e\x{301}e\x{301}e\x{301}e\x{301}e\x{301}e\x{301}e\x{301}e\x{301}e\x{301}e\x{301}e\x{301}e\x{301}e\x{301}e\x{301}e\x{301}e\x{301}e\x{301}e\x{301}e\x{301}e\x{301}e\x{301}e\x{301}e\x{301}e\x{301}e\x{301}e\x{301}e\x{301}e\x{301}e\x{301}e\x{301}e\x{301}e\x{301}e\x{301}e\x{301}e\x{301} e\x{301}e\x{301}e\x{301}e\x{301}e\x{301}e\x{301}e\x{301}e\x{301}e\x{301}e\x{301}e\x{301}e\x{301}e\x{301}e\x{301}e\x{301}e\x{301}e\x{301}e\x{301}e\x{301}e\x{301}e\x{301}e\x{301}e\x{301}e\x{301}e\x{301}e\x{301}e\x{301}e\x{301}e\x{301}e\x{301} e\x{301}e\x{301}e\x{301}e\x{301}e\x{301}e\x{301}e\x{301}e\x{301}e\x{301}e\x{301}e\x{301}e\x{301}e\x{301}e\x{301}e\x{301}e\x{301}e\x{301}e\x{301}e\x{301}e\x{301}e\x{301}e\x{301}"
          text run at (912,2482) width 0: " "
          text run at (0,2499) width 912: "e\x{301}e\x{301}e\x{301}e\x{301}e\x{301}e\x{301}e\x{301}e\x{301}e\x{301}e\x{301}e\x{301}e\x{301}e\x{301}e\x{301}e\x{301}e\x{301}e\x{301}e\x{301}e\x{301}e\x{301}e\x{301}e\x{301}e\x{301}e\x{301}e\x{301}e\x{301}e\x{301}e\x{301}e\x{301}e\x{301}e\x{301}e\x{301} e\x{301} e\x{301}e\x{301}e\x{301}e\x{301}e\x{301}e\x{301}e\x{301}e\x{301}e\x{301}e\x{301}e\x{301}e\x{301}e\x{301}e\x{301}e\x{301}e\x{301}e\x{301}e\x{301}e\x{301}e\x{301}e\x{301}e\x{301}e\x{301}e\x{301}e\x{301}e\x{301}e\x{301}e\x{301}e\x{301}e\x{301}e\x{301}e\x{301}e\x{301}e\x{301}e\x{301}e\x{301}e\x{301}e\x{301}e\x{301}e\x{301}e\x{301}e\x{301}e\x{301} e\x{301}e\x{301}e\x{301}e\x{301}e\x{301}e\x{301}e\x{301}e\x{301}e\x{301}e\x{301}e\x{301}e\x{301}e\x{301}e\x{301}e\x{301}e\x{301}e\x{301}e\x{301}e\x{301}e\x{301}e\x{301}e\x{301}e\x{301}e\x{301}e\x{301}e\x{301}e\x{301}e\x{301}e\x{301}e\x{301} e\x{301}e\x{301}e\x{301}e\x{301}e\x{301}e\x{301}e\x{301}e\x{301}e\x{301}e\x{301}e\x{301}e\x{301}e\x{301}e\x{301}e\x{301}e\x{301}e\x{301}e\x{301}e\x{301}e\x{301}e\x{301}e\x{301}"
          text run at (912,2499) width 0: " "
          text run at (0,2516) width 912: "e\x{301}e\x{301}e\x{301}e\x{301}e\x{301}e\x{301}e\x{301}e\x{301}e\x{301}e\x{301}e\x{301}e\x{301}e\x{301}e\x{301}e\x{301}e\x{301}e\x{301}e\x{301}e\x{301}e\x{301}e\x{301}e\x{301}e\x{301}e\x{301}e\x{301}e\x{301}e\x{301}e\x{301}e\x{301}e\x{301}e\x{301}e\x{301} e\x{301} e\x{301}e\x{301}e\x{301}e\x{301}e\x{301}e\x{301}e\x{301}e\x{301}e\x{301}e\x{301}e\x{301}e\x{301}e\x{301}e\x{301}e\x{301}e\x{301}e\x{301}e\x{301}e\x{301}e\x{301}e\x{301}e\x{301}e\x{301}e\x{301}e\x{301}e\x{301}e\x{301}e\x{301}e\x{301}e\x{301}e\x{301}e\x{301}e\x{301}e\x{301}e\x{301}e\x{301}e\x{301}e\x{301}e\x{301}e\x{301}e\x{301}e\x{301}e\x{301} e\x{301}e\x{301}e\x{301}e\x{301}e\x{301}e\x{301}e\x{301}e\x{301}e\x{301}e\x{301}e\x{301}e\x{301}e\x{301}e\x{301}e\x{301}e\x{301}e\x{301}e\x{301}e\x{301}e\x{301}e\x{301}e\x{301}e\x{301}e\x{301}e\x{301}e\x{301}e\x{301}e\x{301}e\x{301}e\x{301} e\x{301}e\x{301}e\x{301}e\x{301}e\x{301}e\x{301}e\x{301}e\x{301}e\x{301}e\x{301}e\x{301}e\x{301}e\x{301}e\x{301}e\x{301}e\x{301}e\x{301}e\x{301}e\x{301}e\x{301}e\x{301}e\x{301}"
          text run at (912,2516) width 0: " "
          text run at (0,2533) width 912: "e\x{301}e\x{301}e\x{301}e\x{301}e\x{301}e\x{301}e\x{301}e\x{301}e\x{301}e\x{301}e\x{301}e\x{301}e\x{301}e\x{301}e\x{301}e\x{301}e\x{301}e\x{301}e\x{301}e\x{301}e\x{301}e\x{301}e\x{301}e\x{301}e\x{301}e\x{301}e\x{301}e\x{301}e\x{301}e\x{301}e\x{301}e\x{301} e\x{301} e\x{301}e\x{301}e\x{301}e\x{301}e\x{301}e\x{301}e\x{301}e\x{301}e\x{301}e\x{301}e\x{301}e\x{301}e\x{301}e\x{301}e\x{301}e\x{301}e\x{301}e\x{301}e\x{301}e\x{301}e\x{301}e\x{301}e\x{301}e\x{301}e\x{301}e\x{301}e\x{301}e\x{301}e\x{301}e\x{301}e\x{301}e\x{301}e\x{301}e\x{301}e\x{301}e\x{301}e\x{301}e\x{301}e\x{301}e\x{301}e\x{301}e\x{301}e\x{301} e\x{301}e\x{301}e\x{301}e\x{301}e\x{301}e\x{301}e\x{301}e\x{301}e\x{301}e\x{301}e\x{301}e\x{301}e\x{301}e\x{301}e\x{301}e\x{301}e\x{301}e\x{301}e\x{301}e\x{301}e\x{301}e\x{301}e\x{301}e\x{301}e\x{301}e\x{301}e\x{301}e\x{301}e\x{301}e\x{301} e\x{301}e\x{301}e\x{301}e\x{301}e\x{301}e\x{301}e\x{301}e\x{301}e\x{301}e\x{301}e\x{301}e\x{301}e\x{301}e\x{301}e\x{301}e\x{301}e\x{301}e\x{301}e\x{301}e\x{301}e\x{301}e\x{301}"
          text run at (912,2533) width 0: " "
          text run at (0,2550) width 912: "e\x{301}e\x{301}e\x{301}e\x{301}e\x{301}e\x{301}e\x{301}e\x{301}e\x{301}e\x{301}e\x{301}e\x{301}e\x{301}e\x{301}e\x{301}e\x{301}e\x{301}e\x{301}e\x{301}e\x{301}e\x{301}e\x{301}e\x{301}e\x{301}e\x{301}e\x{301}e\x{301}e\x{301}e\x{301}e\x{301}e\x{301}e\x{301} e\x{301} e\x{301}e\x{301}e\x{301}e\x{301}e\x{301}e\x{301}e\x{301}e\x{301}e\x{301}e\x{301}e\x{301}e\x{301}e\x{301}e\x{301}e\x{301}e\x{301}e\x{301}e\x{301}e\x{301}e\x{301}e\x{301}e\x{301}e\x{301}e\x{301}e\x{301}e\x{301}e\x{301}e\x{301}e\x{301}e\x{301}e\x{301}e\x{301}e\x{301}e\x{301}e\x{301}e\x{301}e\x{301}e\x{301}e\x{301}e\x{301}e\x{301}e\x{301}e\x{301} e\x{301}e\x{301}e\x{301}e\x{301}e\x{301}e\x{301}e\x{301}e\x{301}e\x{301}e\x{301}e\x{301}e\x{301}e\x{301}e\x{301}e\x{301}e\x{301}e\x{301}e\x{301}e\x{301}e\x{301}e\x{301}e\x{301}e\x{301}e\x{301}e\x{301}e\x{301}e\x{301}e\x{301}e\x{301}e\x{301} e\x{301}e\x{301}e\x{301}e\x{301}e\x{301}e\x{301}e\x{301}e\x{301}e\x{301}e\x{301}e\x{301}e\x{301}e\x{301}e\x{301}e\x{301}e\x{301}e\x{301}e\x{301}e\x{301}e\x{301}e\x{301}e\x{301}"
          text run at (912,2550) width 0: " "
          text run at (0,2567) width 912: "e\x{301}e\x{301}e\x{301}e\x{301}e\x{301}e\x{301}e\x{301}e\x{301}e\x{301}e\x{301}e\x{301}e\x{301}e\x{301}e\x{301}e\x{301}e\x{301}e\x{301}e\x{301}e\x{301}e\x{301}e\x{301}e\x{301}e\x{301}e\x{301}e\x{301}e\x{301}e\x{301}e\x{301}e\x{301}e\x{301}e\x{301}e\x{301} e\x{301} e\x{301}e\x{301}e\x{301}e\x{301}e\x{301}e\x{301}e\x{301}e\x{301}e\x{301}e\x{301}e\x{301}e\x{301}e\x{301}e\x{301}e\x{301}e\x{301}e\x{301}e\x{301}e\x{301}e\x{301}e\x{301}e\x{301}e\x{301}e\x{301}e\x{301}e\x{301}e\x{301}e\x{301}e\x{301}e\x{301}e\x{301}e\x{301}e\x{301}e\x{301}e\x{301}e\x{301}e\x{301}e\x{301}e\x{301}e\x{301}e\x{301}e\x{301}e\x{301} e\x{301}e\x{301}e\x{301}e\x{301}e\x{301}e\x{301}e\x{301}e\x{301}e\x{301}e\x{301}e\x{301}e\x{301}e\x{301}e\x{301}e\x{301}e\x{301}e\x{301}e\x{301}e\x{301}e\x{301}e\x{301}e\x{301}e\x{301}e\x{301}e\x{301}e\x{301}e\x{301}e\x{301}e\x{301}e\x{301} e\x{301}e\x{301}e\x{301}e\x{301}e\x{301}e\x{301}e\x{301}e\x{301}e\x{301}e\x{301}e\x{301}e\x{301}e\x{301}e\x{301}e\x{301}e\x{301}e\x{301}e\x{301}e\x{301}e\x{301}e\x{301}e\x{301}"
          text run at (912,2567) width 0: " "
          text run at (0,2584) width 912: "e\x{301}e\x{301}e\x{301}e\x{301}e\x{301}e\x{301}e\x{301}e\x{301}e\x{301}e\x{301}e\x{301}e\x{301}e\x{301}e\x{301}e\x{301}e\x{301}e\x{301}e\x{301}e\x{301}e\x{301}e\x{301}e\x{301}e\x{301}e\x{301}e\x{301}e\x{301}e\x{301}e\x{301}e\x{301}e\x{301}e\x{301}e\x{301} e\x{301} e\x{301}e\x{301}e\x{301}e\x{301}e\x{301}e\x{301}e\x{301}e\x{301}e\x{301}e\x{301}e\x{301}e\x{301}e\x{301}e\x{301}e\x{301}e\x{301}e\x{301}e\x{301}e\x{301}e\x{301}e\x{301}e\x{301}e\x{301}e\x{301}e\x{301}e\x{301}e\x{301}e\x{301}e\x{301}e\x{301}e\x{301}e\x{301}e\x{301}e\x{301}e\x{301}e\x{301}e\x{301}e\x{301}e\x{301}e\x{301}e\x{301}e\x{301}e\x{301} e\x{301}e\x{301}e\x{301}e\x{301}e\x{301}e\x{301}e\x{301}e\x{301}e\x{301}e\x{301}e\x{301}e\x{301}e\x{301}e\x{301}e\x{301}e\x{301}e\x{301}e\x{301}e\x{301}e\x{301}e\x{301}e\x{301}e\x{301}e\x{301}e\x{301}e\x{301}e\x{301}e\x{301}e\x{301}e\x{301} e\x{301}e\x{301}e\x{301}e\x{301}e\x{301}e\x{301}e\x{301}e\x{301}e\x{301}e\x{301}e\x{301}e\x{301}e\x{301}e\x{301}e\x{301}e\x{301}e\x{301}e\x{301}e\x{301}e\x{301}e\x{301}e\x{301}"
          text run at (912,2584) width 0: " "
          text run at (0,2601) width 912: "e\x{301}e\x{301}e\x{301}e\x{301}e\x{301}e\x{301}e\x{301}e\x{301}e\x{301}e\x{301}e\x{301}e\x{301}e\x{301}e\x{301}e\x{301}e\x{301}e\x{301}e\x{301}e\x{301}e\x{301}e\x{301}e\x{301}e\x{301}e\x{301}e\x{301}e\x{301}e\x{301}e\x{301}e\x{301}e\x{301}e\x{301}e\x{301} e\x{301} e\x{301}e\x{301}e\x{301}e\x{301}e\x{301}e\x{301}e\x{301}e\x{301}e\x{301}e\x{301}e\x{301}e\x{301}e\x{301}e\x{301}e\x{301}e\x{301}e\x{301}e\x{301}e\x{301}e\x{301}e\x{301}e\x{301}e\x{301}e\x{301}e\x{301}e\x{301}e\x{301}e\x{301}e\x{301}e\x{301}e\x{301}e\x{301}e\x{301}e\x{301}e\x{301}e\x{301}e\x{301}e\x{301}e\x{301}e\x{301}e\x{301}e\x{301}e\x{301} e\x{301}e\x{301}e\x{301}e\x{301}e\x{301}e\x{301}e\x{301}e\x{301}e\x{301}e\x{301}e\x{301}e\x{301}e\x{301}e\x{301}e\x{301}e\x{301}e\x{301}e\x{301}e\x{301}e\x{301}e\x{301}e\x{301}e\x{301}e\x{301}e\x{301}e\x{301}e\x{301}e\x{301}e\x{301}e\x{301} e\x{301}e\x{301}e\x{301}e\x{301}e\x{301}e\x{301}e\x{301}e\x{301}e\x{301}e\x{301}e\x{301}e\x{301}e\x{301}e\x{301}e\x{301}e\x{301}e\x{301}e\x{301}e\x{301}e\x{301}e\x{301}e\x{301}"
          text run at (912,2601) width 0: " "
          text run at (0,2618) width 912: "e\x{301}e\x{301}e\x{301}e\x{301}e\x{301}e\x{301}e\x{301}e\x{301}e\x{301}e\x{301}e\x{301}e\x{301}e\x{301}e\x{301}e\x{301}e\x{301}e\x{301}e\x{301}e\x{301}e\x{301}e\x{301}e\x{301}e\x{301}e\x{301}e\x{301}e\x{301}e\x{301}e\x{301}e\x{301}e\x{301}e\x{301}e\x{301} e\x{301} e\x{301}e\x{301}e\x{301}e\x{301}e\x{301}e\x{301}e\x{301}e\x{301}e\x{301}e\x{301}e\x{301}e\x{301}e\x{301}e\x{301}e\x{301}e\x{301}e\x{301}e\x{301}e\x{301}e\x{301}e\x{301}e\x{301}e\x{301}e\x{301}e\x{301}e\x{301}e\x{301}e\x{301}e\x{301}e\x{301}e\x{301}e\x{301}e\x{301}e\x{301}e\x{301}e\x{301}e\x{301}e\x{301}e\x{301}e\x{301}e\x{301}e\x{301}e\x{301} e\x{301}e\x{301}e\x{301}e\x{301}e\x{301}e\x{301}e\x{301}e\x{301}e\x{301}e\x{301}e\x{301}e\x{301}e\x{301}e\x{301}e\x{301}e\x{301}e\x{301}e\x{301}e\x{301}e\x{301}e\x{301}e\x{301}e\x{301}e\x{301}e\x{301}e\x{301}e\x{301}e\x{301}e\x{301}e\x{301} e\x{301}e\x{301}e\x{301}e\x{301}e\x{301}e\x{301}e\x{301}e\x{301}e\x{301}e\x{301}e\x{301}e\x{301}e\x{301}e\x{301}e\x{301}e\x{301}e\x{301}e\x{301}e\x{301}e\x{301}e\x{301}e\x{301}"
          text run at (912,2618) width 0: " "
          text run at (0,2635) width 912: "e\x{301}e\x{301}e\x{301}e\x{301}e\x{301}e\x{301}e\x{301}e\x{301}e\x{301}e\x{301}e\x{301}e\x{301}e\x{301}e\x{301}e\x{301}e\x{301}e\x{301}e\x{301}e\x{301}e\x{301}e\x{301}e\x{301}e\x{301}e\x{301}e\x{301}e\x{301}e\x{301}e\x{301}e\x{301}e\x{301}e\x{301}e\x{301} e\x{301} e\x{301}e\x{301}e\x{301}e\x{301}e\x{301}e\x{301}e\x{301}e\x{301}e\x{301}e\x{301}e\x{301}e\x{301}e\x{301}e\x{301}e\x{301}e\x{301}e\x{301}e\x{301}e\x{301}e\x{301}e\x{301}e\x{301}e\x{301}e\x{301}e\x{301}e\x{301}e\x{301}e\x{301}e\x{301}e\x{301}e\x{301}e\x{301}e\x{301}e\x{301}e\x{301}e\x{301}e\x{301}e\x{301}e\x{301}e\x{301}e\x{301}e\x{301}e\x{301} e\x{301}e\x{301}e\x{301}e\x{301}e\x{301}e\x{301}e\x{301}e\x{301}e\x{301}e\x{301}e\x{301}e\x{301}e\x{301}e\x{301}e\x{301}e\x{301}e\x{301}e\x{301}e\x{301}e\x{301}e\x{301}e\x{301}e\x{301}e\x{301}e\x{301}e\x{301}e\x{301}e\x{301}e\x{301}e\x{301} e\x{301}e\x{301}e\x{301}e\x{301}e\x{301}e\x{301}e\x{301}e\x{301}e\x{301}e\x{301}e\x{301}e\x{301}e\x{301}e\x{301}e\x{301}e\x{301}e\x{301}e\x{301}e\x{301}e\x{301}e\x{301}e\x{301}"
          text run at (912,2635) width 0: " "
          text run at (0,2652) width 912: "e\x{301}e\x{301}e\x{301}e\x{301}e\x{301}e\x{301}e\x{301}e\x{301}e\x{301}e\x{301}e\x{301}e\x{301}e\x{301}e\x{301}e\x{301}e\x{301}e\x{301}e\x{301}e\x{301}e\x{301}e\x{301}e\x{301}e\x{301}e\x{301}e\x{301}e\x{301}e\x{301}e\x{301}e\x{301}e\x{301}e\x{301}e\x{301} e\x{301} e\x{301}e\x{301}e\x{301}e\x{301}e\x{301}e\x{301}e\x{301}e\x{301}e\x{301}e\x{301}e\x{301}e\x{301}e\x{301}e\x{301}e\x{301}e\x{301}e\x{301}e\x{301}e\x{301}e\x{301}e\x{301}e\x{301}e\x{301}e\x{301}e\x{301}e\x{301}e\x{301}e\x{301}e\x{301}e\x{301}e\x{301}e\x{301}e\x{301}e\x{301}e\x{301}e\x{301}e\x{301}e\x{301}e\x{301}e\x{301}e\x{301}e\x{301}e\x{301} e\x{301}e\x{301}e\x{301}e\x{301}e\x{301}e\x{301}e\x{301}e\x{301}e\x{301}e\x{301}e\x{301}e\x{301}e\x{301}e\x{301}e\x{301}e\x{301}e\x{301}e\x{301}e\x{301}e\x{301}e\x{301}e\x{301}e\x{301}e\x{301}e\x{301}e\x{301}e\x{301}e\x{301}e\x{301}e\x{301} e\x{301}e\x{301}e\x{301}e\x{301}e\x{301}e\x{301}e\x{301}e\x{301}e\x{301}e\x{301}e\x{301}e\x{301}e\x{301}e\x{301}e\x{301}e\x{301}e\x{301}e\x{301}e\x{301}e\x{301}e\x{301}e\x{301}"
          text run at (912,2652) width 0: " "
          text run at (0,2669) width 912: "e\x{301}e\x{301}e\x{301}e\x{301}e\x{301}e\x{301}e\x{301}e\x{301}e\x{301}e\x{301}e\x{301}e\x{301}e\x{301}e\x{301}e\x{301}e\x{301}e\x{301}e\x{301}e\x{301}e\x{301}e\x{301}e\x{301}e\x{301}e\x{301}e\x{301}e\x{301}e\x{301}e\x{301}e\x{301}e\x{301}e\x{301}e\x{301} e\x{301} e\x{301}e\x{301}e\x{301}e\x{301}e\x{301}e\x{301}e\x{301}e\x{301}e\x{301}e\x{301}e\x{301}e\x{301}e\x{301}e\x{301}e\x{301}e\x{301}e\x{301}e\x{301}e\x{301}e\x{301}e\x{301}e\x{301}e\x{301}e\x{301}e\x{301}e\x{301}e\x{301}e\x{301}e\x{301}e\x{301}e\x{301}e\x{301}e\x{301}e\x{301}e\x{301}e\x{301}e\x{301}e\x{301}e\x{301}e\x{301}e\x{301}e\x{301}e\x{301} e\x{301}e\x{301}e\x{301}e\x{301}e\x{301}e\x{301}e\x{301}e\x{301}e\x{301}e\x{301}e\x{301}e\x{301}e\x{301}e\x{301}e\x{301}e\x{301}e\x{301}e\x{301}e\x{301}e\x{301}e\x{301}e\x{301}e\x{301}e\x{301}e\x{301}e\x{301}e\x{301}e\x{301}e\x{301}e\x{301} e\x{301}e\x{301}e\x{301}e\x{301}e\x{301}e\x{301}e\x{301}e\x{301}e\x{301}e\x{301}e\x{301}e\x{301}e\x{301}e\x{301}e\x{301}e\x{301}e\x{301}e\x{301}e\x{301}e\x{301}e\x{301}e\x{301}"
          text run at (912,2669) width 0: " "
          text run at (0,2686) width 912: "e\x{301}e\x{301}e\x{301}e\x{301}e\x{301}e\x{301}e\x{301}e\x{301}e\x{301}e\x{301}e\x{301}e\x{301}e\x{301}e\x{301}e\x{301}e\x{301}e\x{301}e\x{301}e\x{301}e\x{301}e\x{301}e\x{301}e\x{301}e\x{301}e\x{301}e\x{301}e\x{301}e\x{301}e\x{301}e\x{301}e\x{301}e\x{301} e\x{301} e\x{301}e\x{301}e\x{301}e\x{301}e\x{301}e\x{301}e\x{301}e\x{301}e\x{301}e\x{301}e\x{301}e\x{301}e\x{301}e\x{301}e\x{301}e\x{301}e\x{301}e\x{301}e\x{301}e\x{301}e\x{301}e\x{301}e\x{301}e\x{301}e\x{301}e\x{301}e\x{301}e\x{301}e\x{301}e\x{301}e\x{301}e\x{301}e\x{301}e\x{301}e\x{301}e\x{301}e\x{301}e\x{301}e\x{301}e\x{301}e\x{301}e\x{301}e\x{301} e\x{301}e\x{301}e\x{301}e\x{301}e\x{301}e\x{301}e\x{301}e\x{301}e\x{301}e\x{301}e\x{301}e\x{301}e\x{301}e\x{301}e\x{301}e\x{301}e\x{301}e\x{301}e\x{301}e\x{301}e\x{301}e\x{301}e\x{301}e\x{301}e\x{301}e\x{301}e\x{301}e\x{301}e\x{301}e\x{301} e\x{301}e\x{301}e\x{301}e\x{301}e\x{301}e\x{301}e\x{301}e\x{301}e\x{301}e\x{301}e\x{301}e\x{301}e\x{301}e\x{301}e\x{301}e\x{301}e\x{301}e\x{301}e\x{301}e\x{301}e\x{301}e\x{301}"
          text run at (912,2686) width 0: " "
          text run at (0,2703) width 912: "e\x{301}e\x{301}e\x{301}e\x{301}e\x{301}e\x{301}e\x{301}e\x{301}e\x{301}e\x{301}e\x{301}e\x{301}e\x{301}e\x{301}e\x{301}e\x{301}e\x{301}e\x{301}e\x{301}e\x{301}e\x{301}e\x{301}e\x{301}e\x{301}e\x{301}e\x{301}e\x{301}e\x{301}e\x{301}e\x{301}e\x{301}e\x{301} e\x{301} e\x{301}e\x{301}e\x{301}e\x{301}e\x{301}e\x{301}e\x{301}e\x{301}e\x{301}e\x{301}e\x{301}e\x{301}e\x{301}e\x{301}e\x{301}e\x{301}e\x{301}e\x{301}e\x{301}e\x{301}e\x{301}e\x{301}e\x{301}e\x{301}e\x{301}e\x{301}e\x{301}e\x{301}e\x{301}e\x{301}e\x{301}e\x{301}e\x{301}e\x{301}e\x{301}e\x{301}e\x{301}e\x{301}e\x{301}e\x{301}e\x{301}e\x{301}e\x{301} e\x{301}e\x{301}e\x{301}e\x{301}e\x{301}e\x{301}e\x{301}e\x{301}e\x{301}e\x{301}e\x{301}e\x{301}e\x{301}e\x{301}e\x{301}e\x{301}e\x{301}e\x{301}e\x{301}e\x{301}e\x{301}e\x{301}e\x{301}e\x{301}e\x{301}e\x{301}e\x{301}e\x{301}e\x{301}e\x{301} e\x{301}e\x{301}e\x{301}e\x{301}e\x{301}e\x{301}e\x{301}e\x{301}e\x{301}e\x{301}e\x{301}e\x{301}e\x{301}e\x{301}e\x{301}e\x{301}e\x{301}e\x{301}e\x{301}e\x{301}e\x{301}e\x{301}"
          text run at (912,2703) width 0: " "
          text run at (0,2720) width 912: "e\x{301}e\x{301}e\x{301}e\x{301}e\x{301}e\x{301}e\x{301}e\x{301}e\x{301}e\x{301}e\x{301}e\x{301}e\x{301}e\x{301}e\x{301}e\x{301}e\x{301}e\x{301}e\x{301}e\x{301}e\x{301}e\x{301}e\x{301}e\x{301}e\x{301}e\x{301}e\x{301}e\x{301}e\x{301}e\x{301}e\x{301}e\x{301} e\x{301} e\x{301}e\x{301}e\x{301}e\x{301}e\x{301}e\x{301}e\x{301}e\x{301}e\x{301}e\x{301}e\x{301}e\x{301}e\x{301}e\x{301}e\x{301}e\x{301}e\x{301}e\x{301}e\x{301}e\x{301}e\x{301}e\x{301}e\x{301}e\x{301}e\x{301}e\x{301}e\x{301}e\x{301}e\x{301}e\x{301}e\x{301}e\x{301}e\x{301}e\x{301}e\x{301}e\x{301}e\x{301}e\x{301}e\x{301}e\x{301}e\x{301}e\x{301}e\x{301} e\x{301}e\x{301}e\x{301}e\x{301}e\x{301}e\x{301}e\x{301}e\x{301}e\x{301}e\x{301}e\x{301}e\x{301}e\x{301}e\x{301}e\x{301}e\x{301}e\x{301}e\x{301}e\x{301}e\x{301}e\x{301}e\x{301}e\x{301}e\x{301}e\x{301}e\x{301}e\x{301}e\x{301}e\x{301}e\x{301} e\x{301}e\x{301}e\x{301}e\x{301}e\x{301}e\x{301}e\x{301}e\x{301}e\x{301}e\x{301}e\x{301}e\x{301}e\x{301}e\x{301}e\x{301}e\x{301}e\x{301}e\x{301}e\x{301}e\x{301}e\x{301}e\x{301}"
          text run at (912,2720) width 0: " "
          text run at (0,2737) width 912: "e\x{301}e\x{301}e\x{301}e\x{301}e\x{301}e\x{301}e\x{301}e\x{301}e\x{301}e\x{301}e\x{301}e\x{301}e\x{301}e\x{301}e\x{301}e\x{301}e\x{301}e\x{301}e\x{301}e\x{301}e\x{301}e\x{301}e\x{301}e\x{301}e\x{301}e\x{301}e\x{301}e\x{301}e\x{301}e\x{301}e\x{301}e\x{301} e\x{301} e\x{301}e\x{301}e\x{301}e\x{301}e\x{301}e\x{301}e\x{301}e\x{301}e\x{301}e\x{301}e\x{301}e\x{301}e\x{301}e\x{301}e\x{301}e\x{301}e\x{301}e\x{301}e\x{301}e\x{301}e\x{301}e\x{301}e\x{301}e\x{301}e\x{301}e\x{301}e\x{301}e\x{301}e\x{301}e\x{301}e\x{301}e\x{301}e\x{301}e\x{301}e\x{301}e\x{301}e\x{301}e\x{301}e\x{301}e\x{301}e\x{301}e\x{301}e\x{301} e\x{301}e\x{301}e\x{301}e\x{301}e\x{301}e\x{301}e\x{301}e\x{301}e\x{301}e\x{301}e\x{301}e\x{301}e\x{301}e\x{301}e\x{301}e\x{301}e\x{301}e\x{301}e\x{301}e\x{301}e\x{301}e\x{301}e\x{301}e\x{301}e\x{301}e\x{301}e\x{301}e\x{301}e\x{301}e\x{301} e\x{301}e\x{301}e\x{301}e\x{301}e\x{301}e\x{301}e\x{301}e\x{301}e\x{301}e\x{301}e\x{301}e\x{301}e\x{301}e\x{301}e\x{301}e\x{301}e\x{301}e\x{301}e\x{301}e\x{301}e\x{301}e\x{301}"
          text run at (912,2737) width 0: " "
          text run at (0,2754) width 912: "e\x{301}e\x{301}e\x{301}e\x{301}e\x{301}e\x{301}e\x{301}e\x{301}e\x{301}e\x{301}e\x{301}e\x{301}e\x{301}e\x{301}e\x{301}e\x{301}e\x{301}e\x{301}e\x{301}e\x{301}e\x{301}e\x{301}e\x{301}e\x{301}e\x{301}e\x{301}e\x{301}e\x{301}e\x{301}e\x{301}e\x{301}e\x{301} e\x{301} e\x{301}e\x{301}e\x{301}e\x{301}e\x{301}e\x{301}e\x{301}e\x{301}e\x{301}e\x{301}e\x{301}e\x{301}e\x{301}e\x{301}e\x{301}e\x{301}e\x{301}e\x{301}e\x{301}e\x{301}e\x{301}e\x{301}e\x{301}e\x{301}e\x{301}e\x{301}e\x{301}e\x{301}e\x{301}e\x{301}e\x{301}e\x{301}e\x{301}e\x{301}e\x{301}e\x{301}e\x{301}e\x{301}e\x{301}e\x{301}e\x{301}e\x{301}e\x{301} e\x{301}e\x{301}e\x{301}e\x{301}e\x{301}e\x{301}e\x{301}e\x{301}e\x{301}e\x{301}e\x{301}e\x{301}e\x{301}e\x{301}e\x{301}e\x{301}e\x{301}e\x{301}e\x{301}e\x{301}e\x{301}e\x{301}e\x{301}e\x{301}e\x{301}e\x{301}e\x{301}e\x{301}e\x{301}e\x{301} e\x{301}e\x{301}e\x{301}e\x{301}e\x{301}e\x{301}e\x{301}e\x{301}e\x{301}e\x{301}e\x{301}e\x{301}e\x{301}e\x{301}e\x{301}e\x{301}e\x{301}e\x{301}e\x{301}e\x{301}e\x{301}e\x{301}"
          text run at (912,2754) width 0: " "
          text run at (0,2771) width 912: "e\x{301}e\x{301}e\x{301}e\x{301}e\x{301}e\x{301}e\x{301}e\x{301}e\x{301}e\x{301}e\x{301}e\x{301}e\x{301}e\x{301}e\x{301}e\x{301}e\x{301}e\x{301}e\x{301}e\x{301}e\x{301}e\x{301}e\x{301}e\x{301}e\x{301}e\x{301}e\x{301}e\x{301}e\x{301}e\x{301}e\x{301}e\x{301} e\x{301} e\x{301}e\x{301}e\x{301}e\x{301}e\x{301}e\x{301}e\x{301}e\x{301}e\x{301}e\x{301}e\x{301}e\x{301}e\x{301}e\x{301}e\x{301}e\x{301}e\x{301}e\x{301}e\x{301}e\x{301}e\x{301}e\x{301}e\x{301}e\x{301}e\x{301}e\x{301}e\x{301}e\x{301}e\x{301}e\x{301}e\x{301}e\x{301}e\x{301}e\x{301}e\x{301}e\x{301}e\x{301}e\x{301}e\x{301}e\x{301}e\x{301}e\x{301}e\x{301} e\x{301}e\x{301}e\x{301}e\x{301}e\x{301}e\x{301}e\x{301}e\x{301}e\x{301}e\x{301}e\x{301}e\x{301}e\x{301}e\x{301}e\x{301}e\x{301}e\x{301}e\x{301}e\x{301}e\x{301}e\x{301}e\x{301}e\x{301}e\x{301}e\x{301}e\x{301}e\x{301}e\x{301}e\x{301}e\x{301} e\x{301}e\x{301}e\x{301}e\x{301}e\x{301}e\x{301}e\x{301}e\x{301}e\x{301}e\x{301}e\x{301}e\x{301}e\x{301}e\x{301}e\x{301}e\x{301}e\x{301}e\x{301}e\x{301}e\x{301}e\x{301}e\x{301}"
          text run at (912,2771) width 0: " "
          text run at (0,2788) width 912: "e\x{301}e\x{301}e\x{301}e\x{301}e\x{301}e\x{301}e\x{301}e\x{301}e\x{301}e\x{301}e\x{301}e\x{301}e\x{301}e\x{301}e\x{301}e\x{301}e\x{301}e\x{301}e\x{301}e\x{301}e\x{301}e\x{301}e\x{301}e\x{301}e\x{301}e\x{301}e\x{301}e\x{301}e\x{301}e\x{301}e\x{301}e\x{301} e\x{301} e\x{301}e\x{301}e\x{301}e\x{301}e\x{301}e\x{301}e\x{301}e\x{301}e\x{301}e\x{301}e\x{301}e\x{301}e\x{301}e\x{301}e\x{301}e\x{301}e\x{301}e\x{301}e\x{301}e\x{301}e\x{301}e\x{301}e\x{301}e\x{301}e\x{301}e\x{301}e\x{301}e\x{301}e\x{301}e\x{301}e\x{301}e\x{301}e\x{301}e\x{301}e\x{301}e\x{301}e\x{301}e\x{301}e\x{301}e\x{301}e\x{301}e\x{301}e\x{301} e\x{301}e\x{301}e\x{301}e\x{301}e\x{301}e\x{301}e\x{301}e\x{301}e\x{301}e\x{301}e\x{301}e\x{301}e\x{301}e\x{301}e\x{301}e\x{301}e\x{301}e\x{301}e\x{301}e\x{301}e\x{301}e\x{301}e\x{301}e\x{301}e\x{301}e\x{301}e\x{301}e\x{301}e\x{301}e\x{301} e\x{301}e\x{301}e\x{301}e\x{301}e\x{301}e\x{301}e\x{301}e\x{301}e\x{301}e\x{301}e\x{301}e\x{301}e\x{301}e\x{301}e\x{301}e\x{301}e\x{301}e\x{301}e\x{301}e\x{301}e\x{301}e\x{301}"
          text run at (912,2788) width 0: " "
          text run at (0,2805) width 912: "e\x{301}e\x{301}e\x{301}e\x{301}e\x{301}e\x{301}e\x{301}e\x{301}e\x{301}e\x{301}e\x{301}e\x{301}e\x{301}e\x{301}e\x{301}e\x{301}e\x{301}e\x{301}e\x{301}e\x{301}e\x{301}e\x{301}e\x{301}e\x{301}e\x{301}e\x{301}e\x{301}e\x{301}e\x{301}e\x{301}e\x{301}e\x{301} e\x{301} e\x{301}e\x{301}e\x{301}e\x{301}e\x{301}e\x{301}e\x{301}e\x{301}e\x{301}e\x{301}e\x{301}e\x{301}e\x{301}e\x{301}e\x{301}e\x{301}e\x{301}e\x{301}e\x{301}e\x{301}e\x{301}e\x{301}e\x{301}e\x{301}e\x{301}e\x{301}e\x{301}e\x{301}e\x{301}e\x{301}e\x{301}e\x{301}e\x{301}e\x{301}e\x{301}e\x{301}e\x{301}e\x{301}e\x{301}e\x{301}e\x{301}e\x{301}e\x{301} e\x{301}e\x{301}e\x{301}e\x{301}e\x{301}e\x{301}e\x{301}e\x{301}e\x{301}e\x{301}e\x{301}e\x{301}e\x{301}e\x{301}e\x{301}e\x{301}e\x{301}e\x{301}e\x{301}e\x{301}e\x{301}e\x{301}e\x{301}e\x{301}e\x{301}e\x{301}e\x{301}e\x{301}e\x{301}e\x{301} e\x{301}e\x{301}e\x{301}e\x{301}e\x{301}e\x{301}e\x{301}e\x{301}e\x{301}e\x{301}e\x{301}e\x{301}e\x{301}e\x{301}e\x{301}e\x{301}e\x{301}e\x{301}e\x{301}e\x{301}e\x{301}e\x{301}"
          text run at (912,2805) width 0: " "
          text run at (0,2822) width 912: "e\x{301}e\x{301}e\x{301}e\x{301}e\x{301}e\x{301}e\x{301}e\x{301}e\x{301}e\x{301}e\x{301}e\x{301}e\x{301}e\x{301}e\x{301}e\x{301}e\x{301}e\x{301}e\x{301}e\x{301}e\x{301}e\x{301}e\x{301}e\x{301}e\x{301}e\x{301}e\x{301}e\x{301}e\x{301}e\x{301}e\x{301}e\x{301} e\x{301} e\x{301}e\x{301}e\x{301}e\x{301}e\x{301}e\x{301}e\x{301}e\x{301}e\x{301}e\x{301}e\x{301}e\x{301}e\x{301}e\x{301}e\x{301}e\x{301}e\x{301}e\x{301}e\x{301}e\x{301}e\x{301}e\x{301}e\x{301}e\x{301}e\x{301}e\x{301}e\x{301}e\x{301}e\x{301}e\x{301}e\x{301}e\x{301}e\x{301}e\x{301}e\x{301}e\x{301}e\x{301}e\x{301}e\x{301}e\x{301}e\x{301}e\x{301}e\x{301} e\x{301}e\x{301}e\x{301}e\x{301}e\x{301}e\x{301}e\x{301}e\x{301}e\x{301}e\x{301}e\x{301}e\x{301}e\x{301}e\x{301}e\x{301}e\x{301}e\x{301}e\x{301}e\x{301}e\x{301}e\x{301}e\x{301}e\x{301}e\x{301}e\x{301}e\x{301}e\x{301}e\x{301}e\x{301}e\x{301} e\x{301}e\x{301}e\x{301}e\x{301}e\x{301}e\x{301}e\x{301}e\x{301}e\x{301}e\x{301}e\x{301}e\x{301}e\x{301}e\x{301}e\x{301}e\x{301}e\x{301}e\x{301}e\x{301}e\x{301}e\x{301}e\x{301}"
          text run at (912,2822) width 0: " "
          text run at (0,2839) width 912: "e\x{301}e\x{301}e\x{301}e\x{301}e\x{301}e\x{301}e\x{301}e\x{301}e\x{301}e\x{301}e\x{301}e\x{301}e\x{301}e\x{301}e\x{301}e\x{301}e\x{301}e\x{301}e\x{301}e\x{301}e\x{301}e\x{301}e\x{301}e\x{301}e\x{301}e\x{301}e\x{301}e\x{301}e\x{301}e\x{301}e\x{301}e\x{301} e\x{301} e\x{301}e\x{301}e\x{301}e\x{301}e\x{301}e\x{301}e\x{301}e\x{301}e\x{301}e\x{301}e\x{301}e\x{301}e\x{301}e\x{301}e\x{301}e\x{301}e\x{301}e\x{301}e\x{301}e\x{301}e\x{301}e\x{301}e\x{301}e\x{301}e\x{301}e\x{301}e\x{301}e\x{301}e\x{301}e\x{301}e\x{301}e\x{301}e\x{301}e\x{301}e\x{301}e\x{301}e\x{301}e\x{301}e\x{301}e\x{301}e\x{301}e\x{301}e\x{301} e\x{301}e\x{301}e\x{301}e\x{301}e\x{301}e\x{301}e\x{301}e\x{301}e\x{301}e\x{301}e\x{301}e\x{301}e\x{301}e\x{301}e\x{301}e\x{301}e\x{301}e\x{301}e\x{301}e\x{301}e\x{301}e\x{301}e\x{301}e\x{301}e\x{301}e\x{301}e\x{301}e\x{301}e\x{301}e\x{301} e\x{301}e\x{301}e\x{301}e\x{301}e\x{301}e\x{301}e\x{301}e\x{301}e\x{301}e\x{301}e\x{301}e\x{301}e\x{301}e\x{301}e\x{301}e\x{301}e\x{301}e\x{301}e\x{301}e\x{301}e\x{301}e\x{301}"
          text run at (912,2839) width 0: " "
          text run at (0,2856) width 912: "e\x{301}e\x{301}e\x{301}e\x{301}e\x{301}e\x{301}e\x{301}e\x{301}e\x{301}e\x{301}e\x{301}e\x{301}e\x{301}e\x{301}e\x{301}e\x{301}e\x{301}e\x{301}e\x{301}e\x{301}e\x{301}e\x{301}e\x{301}e\x{301}e\x{301}e\x{301}e\x{301}e\x{301}e\x{301}e\x{301}e\x{301}e\x{301} e\x{301} e\x{301}e\x{301}e\x{301}e\x{301}e\x{301}e\x{301}e\x{301}e\x{301}e\x{301}e\x{301}e\x{301}e\x{301}e\x{301}e\x{301}e\x{301}e\x{301}e\x{301}e\x{301}e\x{301}e\x{301}e\x{301}e\x{301}e\x{301}e\x{301}e\x{301}e\x{301}e\x{301}e\x{301}e\x{301}e\x{301}e\x{301}e\x{301}e\x{301}e\x{301}e\x{301}e\x{301}e\x{301}e\x{301}e\x{301}e\x{301}e\x{301}e\x{301}e\x{301} e\x{301}e\x{301}e\x{301}e\x{301}e\x{301}e\x{301}e\x{301}e\x{301}e\x{301}e\x{301}e\x{301}e\x{301}e\x{301}e\x{301}e\x{301}e\x{301}e\x{301}e\x{301}e\x{301}e\x{301}e\x{301}e\x{301}e\x{301}e\x{301}e\x{301}e\x{301}e\x{301}e\x{301}e\x{301}e\x{301} e\x{301}e\x{301}e\x{301}e\x{301}e\x{301}e\x{301}e\x{301}e\x{301}e\x{301}e\x{301}e\x{301}e\x{301}e\x{301}e\x{301}e\x{301}e\x{301}e\x{301}e\x{301}e\x{301}e\x{301}e\x{301}e\x{301}"
          text run at (912,2856) width 0: " "
          text run at (0,2873) width 912: "e\x{301}e\x{301}e\x{301}e\x{301}e\x{301}e\x{301}e\x{301}e\x{301}e\x{301}e\x{301}e\x{301}e\x{301}e\x{301}e\x{301}e\x{301}e\x{301}e\x{301}e\x{301}e\x{301}e\x{301}e\x{301}e\x{301}e\x{301}e\x{301}e\x{301}e\x{301}e\x{301}e\x{301}e\x{301}e\x{301}e\x{301}e\x{301} e\x{301} e\x{301}e\x{301}e\x{301}e\x{301}e\x{301}e\x{301}e\x{301}e\x{301}e\x{301}e\x{301}e\x{301}e\x{301}e\x{301}e\x{301}e\x{301}e\x{301}e\x{301}e\x{301}e\x{301}e\x{301}e\x{301}e\x{301}e\x{301}e\x{301}e\x{301}e\x{301}e\x{301}e\x{301}e\x{301}e\x{301}e\x{301}e\x{301}e\x{301}e\x{301}e\x{301}e\x{301}e\x{301}e\x{301}e\x{301}e\x{301}e\x{301}e\x{301}e\x{301} e\x{301}e\x{301}e\x{301}e\x{301}e\x{301}e\x{301}e\x{301}e\x{301}e\x{301}e\x{301}e\x{301}e\x{301}e\x{301}e\x{301}e\x{301}e\x{301}e\x{301}e\x{301}e\x{301}e\x{301}e\x{301}e\x{301}e\x{301}e\x{301}e\x{301}e\x{301}e\x{301}e\x{301}e\x{301}e\x{301} e\x{301}e\x{301}e\x{301}e\x{301}e\x{301}e\x{301}e\x{301}e\x{301}e\x{301}e\x{301}e\x{301}e\x{301}e\x{301}e\x{301}e\x{301}e\x{301}e\x{301}e\x{301}e\x{301}e\x{301}e\x{301}e\x{301}"
          text run at (912,2873) width 0: " "
          text run at (0,2890) width 912: "e\x{301}e\x{301}e\x{301}e\x{301}e\x{301}e\x{301}e\x{301}e\x{301}e\x{301}e\x{301}e\x{301}e\x{301}e\x{301}e\x{301}e\x{301}e\x{301}e\x{301}e\x{301}e\x{301}e\x{301}e\x{301}e\x{301}e\x{301}e\x{301}e\x{301}e\x{301}e\x{301}e\x{301}e\x{301}e\x{301}e\x{301}e\x{301} e\x{301} e\x{301}e\x{301}e\x{301}e\x{301}e\x{301}e\x{301}e\x{301}e\x{301}e\x{301}e\x{301}e\x{301}e\x{301}e\x{301}e\x{301}e\x{301}e\x{301}e\x{301}e\x{301}e\x{301}e\x{301}e\x{301}e\x{301}e\x{301}e\x{301}e\x{301}e\x{301}e\x{301}e\x{301}e\x{301}e\x{301}e\x{301}e\x{301}e\x{301}e\x{301}e\x{301}e\x{301}e\x{301}e\x{301}e\x{301}e\x{301}e\x{301}e\x{301}e\x{301} e\x{301}e\x{301}e\x{301}e\x{301}e\x{301}e\x{301}e\x{301}e\x{301}e\x{301}e\x{301}e\x{301}e\x{301}e\x{301}e\x{301}e\x{301}e\x{301}e\x{301}e\x{301}e\x{301}e\x{301}e\x{301}e\x{301}e\x{301}e\x{301}e\x{301}e\x{301}e\x{301}e\x{301}e\x{301}e\x{301} e\x{301}e\x{301}e\x{301}e\x{301}e\x{301}e\x{301}e\x{301}e\x{301}e\x{301}e\x{301}e\x{301}e\x{301}e\x{301}e\x{301}e\x{301}e\x{301}e\x{301}e\x{301}e\x{301}e\x{301}e\x{301}e\x{301}"
          text run at (912,2890) width 0: " "
          text run at (0,2907) width 912: "e\x{301}e\x{301}e\x{301}e\x{301}e\x{301}e\x{301}e\x{301}e\x{301}e\x{301}e\x{301}e\x{301}e\x{301}e\x{301}e\x{301}e\x{301}e\x{301}e\x{301}e\x{301}e\x{301}e\x{301}e\x{301}e\x{301}e\x{301}e\x{301}e\x{301}e\x{301}e\x{301}e\x{301}e\x{301}e\x{301}e\x{301}e\x{301} e\x{301} e\x{301}e\x{301}e\x{301}e\x{301}e\x{301}e\x{301}e\x{301}e\x{301}e\x{301}e\x{301}e\x{301}e\x{301}e\x{301}e\x{301}e\x{301}e\x{301}e\x{301}e\x{301}e\x{301}e\x{301}e\x{301}e\x{301}e\x{301}e\x{301}e\x{301}e\x{301}e\x{301}e\x{301}e\x{301}e\x{301}e\x{301}e\x{301}e\x{301}e\x{301}e\x{301}e\x{301}e\x{301}e\x{301}e\x{301}e\x{301}e\x{301}e\x{301}e\x{301} e\x{301}e\x{301}e\x{301}e\x{301}e\x{301}e\x{301}e\x{301}e\x{301}e\x{301}e\x{301}e\x{301}e\x{301}e\x{301}e\x{301}e\x{301}e\x{301}e\x{301}e\x{301}e\x{301}e\x{301}e\x{301}e\x{301}e\x{301}e\x{301}e\x{301}e\x{301}e\x{301}e\x{301}e\x{301}e\x{301} e\x{301}e\x{301}e\x{301}e\x{301}e\x{301}e\x{301}e\x{301}e\x{301}e\x{301}e\x{301}e\x{301}e\x{301}e\x{301}e\x{301}e\x{301}e\x{301}e\x{301}e\x{301}e\x{301}e\x{301}e\x{301}e\x{301}"
          text run at (912,2907) width 0: " "
          text run at (0,2924) width 912: "e\x{301}e\x{301}e\x{301}e\x{301}e\x{301}e\x{301}e\x{301}e\x{301}e\x{301}e\x{301}e\x{301}e\x{301}e\x{301}e\x{301}e\x{301}e\x{301}e\x{301}e\x{301}e\x{301}e\x{301}e\x{301}e\x{301}e\x{301}e\x{301}e\x{301}e\x{301}e\x{301}e\x{301}e\x{301}e\x{301}e\x{301}e\x{301} e\x{301} e\x{301}e\x{301}e\x{301}e\x{301}e\x{301}e\x{301}e\x{301}e\x{301}e\x{301}e\x{301}e\x{301}e\x{301}e\x{301}e\x{301}e\x{301}e\x{301}e\x{301}e\x{301}e\x{301}e\x{301}e\x{301}e\x{301}e\x{301}e\x{301}e\x{301}e\x{301}e\x{301}e\x{301}e\x{301}e\x{301}e\x{301}e\x{301}e\x{301}e\x{301}e\x{301}e\x{301}e\x{301}e\x{301}e\x{301}e\x{301}e\x{301}e\x{301}e\x{301} e\x{301}e\x{301}e\x{301}e\x{301}e\x{301}e\x{301}e\x{301}e\x{301}e\x{301}e\x{301}e\x{301}e\x{301}e\x{301}e\x{301}e\x{301}e\x{301}e\x{301}e\x{301}e\x{301}e\x{301}e\x{301}e\x{301}e\x{301}e\x{301}e\x{301}e\x{301}e\x{301}e\x{301}e\x{301}e\x{301} e\x{301}e\x{301}e\x{301}e\x{301}e\x{301}e\x{301}e\x{301}e\x{301}e\x{301}e\x{301}e\x{301}e\x{301}e\x{301}e\x{301}e\x{301}e\x{301}e\x{301}e\x{301}e\x{301}e\x{301}e\x{301}e\x{301}"
          text run at (912,2924) width 0: " "
          text run at (0,2941) width 912: "e\x{301}e\x{301}e\x{301}e\x{301}e\x{301}e\x{301}e\x{301}e\x{301}e\x{301}e\x{301}e\x{301}e\x{301}e\x{301}e\x{301}e\x{301}e\x{301}e\x{301}e\x{301}e\x{301}e\x{301}e\x{301}e\x{301}e\x{301}e\x{301}e\x{301}e\x{301}e\x{301}e\x{301}e\x{301}e\x{301}e\x{301}e\x{301} e\x{301} e\x{301}e\x{301}e\x{301}e\x{301}e\x{301}e\x{301}e\x{301}e\x{301}e\x{301}e\x{301}e\x{301}e\x{301}e\x{301}e\x{301}e\x{301}e\x{301}e\x{301}e\x{301}e\x{301}e\x{301}e\x{301}e\x{301}e\x{301}e\x{301}e\x{301}e\x{301}e\x{301}e\x{301}e\x{301}e\x{301}e\x{301}e\x{301}e\x{301}e\x{301}e\x{301}e\x{301}e\x{301}e\x{301}e\x{301}e\x{301}e\x{301}e\x{301}e\x{301} e\x{301}e\x{301}e\x{301}e\x{301}e\x{301}e\x{301}e\x{301}e\x{301}e\x{301}e\x{301}e\x{301}e\x{301}e\x{301}e\x{301}e\x{301}e\x{301}e\x{301}e\x{301}e\x{301}e\x{301}e\x{301}e\x{301}e\x{301}e\x{301}e\x{301}e\x{301}e\x{301}e\x{301}e\x{301}e\x{301} e\x{301}e\x{301}e\x{301}e\x{301}e\x{301}e\x{301}e\x{301}e\x{301}e\x{301}e\x{301}e\x{301}e\x{301}e\x{301}e\x{301}e\x{301}e\x{301}e\x{301}e\x{301}e\x{301}e\x{301}e\x{301}e\x{301}"
          text run at (912,2941) width 0: " "
          text run at (0,2958) width 912: "e\x{301}e\x{301}e\x{301}e\x{301}e\x{301}e\x{301}e\x{301}e\x{301}e\x{301}e\x{301}e\x{301}e\x{301}e\x{301}e\x{301}e\x{301}e\x{301}e\x{301}e\x{301}e\x{301}e\x{301}e\x{301}e\x{301}e\x{301}e\x{301}e\x{301}e\x{301}e\x{301}e\x{301}e\x{301}e\x{301}e\x{301}e\x{301} e\x{301} e\x{301}e\x{301}e\x{301}e\x{301}e\x{301}e\x{301}e\x{301}e\x{301}e\x{301}e\x{301}e\x{301}e\x{301}e\x{301}e\x{301}e\x{301}e\x{301}e\x{301}e\x{301}e\x{301}e\x{301}e\x{301}e\x{301}e\x{301}e\x{301}e\x{301}e\x{301}e\x{301}e\x{301}e\x{301}e\x{301}e\x{301}e\x{301}e\x{301}e\x{301}e\x{301}e\x{301}e\x{301}e\x{301}e\x{301}e\x{301}e\x{301}e\x{301}e\x{301} e\x{301}e\x{301}e\x{301}e\x{301}e\x{301}e\x{301}e\x{301}e\x{301}e\x{301}e\x{301}e\x{301}e\x{301}e\x{301}e\x{301}e\x{301}e\x{301}e\x{301}e\x{301}e\x{301}e\x{301}e\x{301}e\x{301}e\x{301}e\x{301}e\x{301}e\x{301}e\x{301}e\x{301}e\x{301}e\x{301} e\x{301}e\x{301}e\x{301}e\x{301}e\x{301}e\x{301}e\x{301}e\x{301}e\x{301}e\x{301}e\x{301}e\x{301}e\x{301}e\x{301}e\x{301}e\x{301}e\x{301}e\x{301}e\x{301}e\x{301}e\x{301}e\x{301}"
          text run at (912,2958) width 0: " "
          text run at (0,2975) width 912: "e\x{301}e\x{301}e\x{301}e\x{301}e\x{301}e\x{301}e\x{301}e\x{301}e\x{301}e\x{301}e\x{301}e\x{301}e\x{301}e\x{301}e\x{301}e\x{301}e\x{301}e\x{301}e\x{301}e\x{301}e\x{301}e\x{301}e\x{301}e\x{301}e\x{301}e\x{301}e\x{301}e\x{301}e\x{301}e\x{301}e\x{301}e\x{301} e\x{301} e\x{301}e\x{301}e\x{301}e\x{301}e\x{301}e\x{301}e\x{301}e\x{301}e\x{301}e\x{301}e\x{301}e\x{301}e\x{301}e\x{301}e\x{301}e\x{301}e\x{301}e\x{301}e\x{301}e\x{301}e\x{301}e\x{301}e\x{301}e\x{301}e\x{301}e\x{301}e\x{301}e\x{301}e\x{301}e\x{301}e\x{301}e\x{301}e\x{301}e\x{301}e\x{301}e\x{301}e\x{301}e\x{301}e\x{301}e\x{301}e\x{301}e\x{301}e\x{301} e\x{301}e\x{301}e\x{301}e\x{301}e\x{301}e\x{301}e\x{301}e\x{301}e\x{301}e\x{301}e\x{301}e\x{301}e\x{301}e\x{301}e\x{301}e\x{301}e\x{301}e\x{301}e\x{301}e\x{301}e\x{301}e\x{301}e\x{301}e\x{301}e\x{301}e\x{301}e\x{301}e\x{301}e\x{301}e\x{301} e\x{301}e\x{301}e\x{301}e\x{301}e\x{301}e\x{301}e\x{301}e\x{301}e\x{301}e\x{301}e\x{301}e\x{301}e\x{301}e\x{301}e\x{301}e\x{301}e\x{301}e\x{301}e\x{301}e\x{301}e\x{301}e\x{301}"
          text run at (912,2975) width 0: " "
          text run at (0,2992) width 912: "e\x{301}e\x{301}e\x{301}e\x{301}e\x{301}e\x{301}e\x{301}e\x{301}e\x{301}e\x{301}e\x{301}e\x{301}e\x{301}e\x{301}e\x{301}e\x{301}e\x{301}e\x{301}e\x{301}e\x{301}e\x{301}e\x{301}e\x{301}e\x{301}e\x{301}e\x{301}e\x{301}e\x{301}e\x{301}e\x{301}e\x{301}e\x{301} e\x{301} e\x{301}e\x{301}e\x{301}e\x{301}e\x{301}e\x{301}e\x{301}e\x{301}e\x{301}e\x{301}e\x{301}e\x{301}e\x{301}e\x{301}e\x{301}e\x{301}e\x{301}e\x{301}e\x{301}e\x{301}e\x{301}e\x{301}e\x{301}e\x{301}e\x{301}e\x{301}e\x{301}e\x{301}e\x{301}e\x{301}e\x{301}e\x{301}e\x{301}e\x{301}e\x{301}e\x{301}e\x{301}e\x{301}e\x{301}e\x{301}e\x{301}e\x{301}e\x{301} e\x{301}e\x{301}e\x{301}e\x{301}e\x{301}e\x{301}e\x{301}e\x{301}e\x{301}e\x{301}e\x{301}e\x{301}e\x{301}e\x{301}e\x{301}e\x{301}e\x{301}e\x{301}e\x{301}e\x{301}e\x{301}e\x{301}e\x{301}e\x{301}e\x{301}e\x{301}e\x{301}e\x{301}e\x{301}e\x{301} e\x{301}e\x{301}e\x{301}e\x{301}e\x{301}e\x{301}e\x{301}e\x{301}e\x{301}e\x{301}e\x{301}e\x{301}e\x{301}e\x{301}e\x{301}e\x{301}e\x{301}e\x{301}e\x{301}e\x{301}e\x{301}e\x{301}"
          text run at (912,2992) width 0: " "
          text run at (0,3009) width 912: "e\x{301}e\x{301}e\x{301}e\x{301}e\x{301}e\x{301}e\x{301}e\x{301}e\x{301}e\x{301}e\x{301}e\x{301}e\x{301}e\x{301}e\x{301}e\x{301}e\x{301}e\x{301}e\x{301}e\x{301}e\x{301}e\x{301}e\x{301}e\x{301}e\x{301}e\x{301}e\x{301}e\x{301}e\x{301}e\x{301}e\x{301}e\x{301} e\x{301} e\x{301}e\x{301}e\x{301}e\x{301}e\x{301}e\x{301}e\x{301}e\x{301}e\x{301}e\x{301}e\x{301}e\x{301}e\x{301}e\x{301}e\x{301}e\x{301}e\x{301}e\x{301}e\x{301}e\x{301}e\x{301}e\x{301}e\x{301}e\x{301}e\x{301}e\x{301}e\x{301}e\x{301}e\x{301}e\x{301}e\x{301}e\x{301}e\x{301}e\x{301}e\x{301}e\x{301}e\x{301}e\x{301}e\x{301}e\x{301}e\x{301}e\x{301}e\x{301} e\x{301}e\x{301}e\x{301}e\x{301}e\x{301}e\x{301}e\x{301}e\x{301}e\x{301}e\x{301}e\x{301}e\x{301}e\x{301}e\x{301}e\x{301}e\x{301}e\x{301}e\x{301}e\x{301}e\x{301}e\x{301}e\x{301}e\x{301}e\x{301}e\x{301}e\x{301}e\x{301}e\x{301}e\x{301}e\x{301} e\x{301}e\x{301}e\x{301}e\x{301}e\x{301}e\x{301}e\x{301}e\x{301}e\x{301}e\x{301}e\x{301}e\x{301}e\x{301}e\x{301}e\x{301}e\x{301}e\x{301}e\x{301}e\x{301}e\x{301}e\x{301}e\x{301}"
          text run at (912,3009) width 0: " "
          text run at (0,3026) width 912: "e\x{301}e\x{301}e\x{301}e\x{301}e\x{301}e\x{301}e\x{301}e\x{301}e\x{301}e\x{301}e\x{301}e\x{301}e\x{301}e\x{301}e\x{301}e\x{301}e\x{301}e\x{301}e\x{301}e\x{301}e\x{301}e\x{301}e\x{301}e\x{301}e\x{301}e\x{301}e\x{301}e\x{301}e\x{301}e\x{301}e\x{301}e\x{301} e\x{301} e\x{301}e\x{301}e\x{301}e\x{301}e\x{301}e\x{301}e\x{301}e\x{301}e\x{301}e\x{301}e\x{301}e\x{301}e\x{301}e\x{301}e\x{301}e\x{301}e\x{301}e\x{301}e\x{301}e\x{301}e\x{301}e\x{301}e\x{301}e\x{301}e\x{301}e\x{301}e\x{301}e\x{301}e\x{301}e\x{301}e\x{301}e\x{301}e\x{301}e\x{301}e\x{301}e\x{301}e\x{301}e\x{301}e\x{301}e\x{301}e\x{301}e\x{301}e\x{301} e\x{301}e\x{301}e\x{301}e\x{301}e\x{301}e\x{301}e\x{301}e\x{301}e\x{301}e\x{301}e\x{301}e\x{301}e\x{301}e\x{301}e\x{301}e\x{301}e\x{301}e\x{301}e\x{301}e\x{301}e\x{301}e\x{301}e\x{301}e\x{301}e\x{301}e\x{301}e\x{301}e\x{301}e\x{301}e\x{301} e\x{301}e\x{301}e\x{301}e\x{301}e\x{301}e\x{301}e\x{301}e\x{301}e\x{301}e\x{301}e\x{301}e\x{301}e\x{301}e\x{301}e\x{301}e\x{301}e\x{301}e\x{301}e\x{301}e\x{301}e\x{301}e\x{301}"
          text run at (912,3026) width 0: " "
          text run at (0,3043) width 912: "e\x{301}e\x{301}e\x{301}e\x{301}e\x{301}e\x{301}e\x{301}e\x{301}e\x{301}e\x{301}e\x{301}e\x{301}e\x{301}e\x{301}e\x{301}e\x{301}e\x{301}e\x{301}e\x{301}e\x{301}e\x{301}e\x{301}e\x{301}e\x{301}e\x{301}e\x{301}e\x{301}e\x{301}e\x{301}e\x{301}e\x{301}e\x{301} e\x{301} e\x{301}e\x{301}e\x{301}e\x{301}e\x{301}e\x{301}e\x{301}e\x{301}e\x{301}e\x{301}e\x{301}e\x{301}e\x{301}e\x{301}e\x{301}e\x{301}e\x{301}e\x{301}e\x{301}e\x{301}e\x{301}e\x{301}e\x{301}e\x{301}e\x{301}e\x{301}e\x{301}e\x{301}e\x{301}e\x{301}e\x{301}e\x{301}e\x{301}e\x{301}e\x{301}e\x{301}e\x{301}e\x{301}e\x{301}e\x{301}e\x{301}e\x{301}e\x{301} e\x{301}e\x{301}e\x{301}e\x{301}e\x{301}e\x{301}e\x{301}e\x{301}e\x{301}e\x{301}e\x{301}e\x{301}e\x{301}e\x{301}e\x{301}e\x{301}e\x{301}e\x{301}e\x{301}e\x{301}e\x{301}e\x{301}e\x{301}e\x{301}e\x{301}e\x{301}e\x{301}e\x{301}e\x{301}e\x{301} e\x{301}e\x{301}e\x{301}e\x{301}e\x{301}e\x{301}e\x{301}e\x{301}e\x{301}e\x{301}e\x{301}e\x{301}e\x{301}e\x{301}e\x{301}e\x{301}e\x{301}e\x{301}e\x{301}e\x{301}e\x{301}e\x{301}"
          text run at (912,3043) width 0: " "
          text run at (0,3060) width 912: "e\x{301}e\x{301}e\x{301}e\x{301}e\x{301}e\x{301}e\x{301}e\x{301}e\x{301}e\x{301}e\x{301}e\x{301}e\x{301}e\x{301}e\x{301}e\x{301}e\x{301}e\x{301}e\x{301}e\x{301}e\x{301}e\x{301}e\x{301}e\x{301}e\x{301}e\x{301}e\x{301}e\x{301}e\x{301}e\x{301}e\x{301}e\x{301} e\x{301} e\x{301}e\x{301}e\x{301}e\x{301}e\x{301}e\x{301}e\x{301}e\x{301}e\x{301}e\x{301}e\x{301}e\x{301}e\x{301}e\x{301}e\x{301}e\x{301}e\x{301}e\x{301}e\x{301}e\x{301}e\x{301}e\x{301}e\x{301}e\x{301}e\x{301}e\x{301}e\x{301}e\x{301}e\x{301}e\x{301}e\x{301}e\x{301}e\x{301}e\x{301}e\x{301}e\x{301}e\x{301}e\x{301}e\x{301}e\x{301}e\x{301}e\x{301}e\x{301} e\x{301}e\x{301}e\x{301}e\x{301}e\x{301}e\x{301}e\x{301}e\x{301}e\x{301}e\x{301}e\x{301}e\x{301}e\x{301}e\x{301}e\x{301}e\x{301}e\x{301}e\x{301}e\x{301}e\x{301}e\x{301}e\x{301}e\x{301}e\x{301}e\x{301}e\x{301}e\x{301}e\x{301}e\x{301}e\x{301} e\x{301}e\x{301}e\x{301}e\x{301}e\x{301}e\x{301}e\x{301}e\x{301}e\x{301}e\x{301}e\x{301}e\x{301}e\x{301}e\x{301}e\x{301}e\x{301}e\x{301}e\x{301}e\x{301}e\x{301}e\x{301}e\x{301}"
          text run at (912,3060) width 0: " "
          text run at (0,3077) width 912: "e\x{301}e\x{301}e\x{301}e\x{301}e\x{301}e\x{301}e\x{301}e\x{301}e\x{301}e\x{301}e\x{301}e\x{301}e\x{301}e\x{301}e\x{301}e\x{301}e\x{301}e\x{301}e\x{301}e\x{301}e\x{301}e\x{301}e\x{301}e\x{301}e\x{301}e\x{301}e\x{301}e\x{301}e\x{301}e\x{301}e\x{301}e\x{301} e\x{301} e\x{301}e\x{301}e\x{301}e\x{301}e\x{301}e\x{301}e\x{301}e\x{301}e\x{301}e\x{301}e\x{301}e\x{301}e\x{301}e\x{301}e\x{301}e\x{301}e\x{301}e\x{301}e\x{301}e\x{301}e\x{301}e\x{301}e\x{301}e\x{301}e\x{301}e\x{301}e\x{301}e\x{301}e\x{301}e\x{301}e\x{301}e\x{301}e\x{301}e\x{301}e\x{301}e\x{301}e\x{301}e\x{301}e\x{301}e\x{301}e\x{301}e\x{301}e\x{301} e\x{301}e\x{301}e\x{301}e\x{301}e\x{301}e\x{301}e\x{301}e\x{301}e\x{301}e\x{301}e\x{301}e\x{301}e\x{301}e\x{301}e\x{301}e\x{301}e\x{301}e\x{301}e\x{301}e\x{301}e\x{301}e\x{301}e\x{301}e\x{301}e\x{301}e\x{301}e\x{301}e\x{301}e\x{301}e\x{301} e\x{301}e\x{301}e\x{301}e\x{301}e\x{301}e\x{301}e\x{301}e\x{301}e\x{301}e\x{301}e\x{301}e\x{301}e\x{301}e\x{301}e\x{301}e\x{301}e\x{301}e\x{301}e\x{301}e\x{301}e\x{301}e\x{301}"
          text run at (912,3077) width 0: " "
          text run at (0,3094) width 912: "e\x{301}e\x{301}e\x{301}e\x{301}e\x{301}e\x{301}e\x{301}e\x{301}e\x{301}e\x{301}e\x{301}e\x{301}e\x{301}e\x{301}e\x{301}e\x{301}e\x{301}e\x{301}e\x{301}e\x{301}e\x{301}e\x{301}e\x{301}e\x{301}e\x{301}e\x{301}e\x{301}e\x{301}e\x{301}e\x{301}e\x{301}e\x{301} e\x{301} e\x{301}e\x{301}e\x{301}e\x{301}e\x{301}e\x{301}e\x{301}e\x{301}e\x{301}e\x{301}e\x{301}e\x{301}e\x{301}e\x{301}e\x{301}e\x{301}e\x{301}e\x{301}e\x{301}e\x{301}e\x{301}e\x{301}e\x{301}e\x{301}e\x{301}e\x{301}e\x{301}e\x{301}e\x{301}e\x{301}e\x{301}e\x{301}e\x{301}e\x{301}e\x{301}e\x{301}e\x{301}e\x{301}e\x{301}e\x{301}e\x{301}e\x{301}e\x{301} e\x{301}e\x{301}e\x{301}e\x{301}e\x{301}e\x{301}e\x{301}e\x{301}e\x{301}e\x{301}e\x{301}e\x{301}e\x{301}e\x{301}e\x{301}e\x{301}e\x{301}e\x{301}e\x{301}e\x{301}e\x{301}e\x{301}e\x{301}e\x{301}e\x{301}e\x{301}e\x{301}e\x{301}e\x{301}e\x{301} e\x{301}e\x{301}e\x{301}e\x{301}e\x{301}e\x{301}e\x{301}e\x{301}e\x{301}e\x{301}e\x{301}e\x{301}e\x{301}e\x{301}e\x{301}e\x{301}e\x{301}e\x{301}e\x{301}e\x{301}e\x{301}e\x{301}"
          text run at (912,3094) width 0: " "
          text run at (0,3111) width 912: "e\x{301}e\x{301}e\x{301}e\x{301}e\x{301}e\x{301}e\x{301}e\x{301}e\x{301}e\x{301}e\x{301}e\x{301}e\x{301}e\x{301}e\x{301}e\x{301}e\x{301}e\x{301}e\x{301}e\x{301}e\x{301}e\x{301}e\x{301}e\x{301}e\x{301}e\x{301}e\x{301}e\x{301}e\x{301}e\x{301}e\x{301}e\x{301} e\x{301} e\x{301}e\x{301}e\x{301}e\x{301}e\x{301}e\x{301}e\x{301}e\x{301}e\x{301}e\x{301}e\x{301}e\x{301}e\x{301}e\x{301}e\x{301}e\x{301}e\x{301}e\x{301}e\x{301}e\x{301}e\x{301}e\x{301}e\x{301}e\x{301}e\x{301}e\x{301}e\x{301}e\x{301}e\x{301}e\x{301}e\x{301}e\x{301}e\x{301}e\x{301}e\x{301}e\x{301}e\x{301}e\x{301}e\x{301}e\x{301}e\x{301}e\x{301}e\x{301} e\x{301}e\x{301}e\x{301}e\x{301}e\x{301}e\x{301}e\x{301}e\x{301}e\x{301}e\x{301}e\x{301}e\x{301}e\x{301}e\x{301}e\x{301}e\x{301}e\x{301}e\x{301}e\x{301}e\x{301}e\x{301}e\x{301}e\x{301}e\x{301}e\x{301}e\x{301}e\x{301}e\x{301}e\x{301}e\x{301} e\x{301}e\x{301}e\x{301}e\x{301}e\x{301}e\x{301}e\x{301}e\x{301}e\x{301}e\x{301}e\x{301}e\x{301}e\x{301}e\x{301}e\x{301}e\x{301}e\x{301}e\x{301}e\x{301}e\x{301}e\x{301}e\x{301}"
          text run at (912,3111) width 0: " "
          text run at (0,3128) width 912: "e\x{301}e\x{301}e\x{301}e\x{301}e\x{301}e\x{301}e\x{301}e\x{301}e\x{301}e\x{301}e\x{301}e\x{301}e\x{301}e\x{301}e\x{301}e\x{301}e\x{301}e\x{301}e\x{301}e\x{301}e\x{301}e\x{301}e\x{301}e\x{301}e\x{301}e\x{301}e\x{301}e\x{301}e\x{301}e\x{301}e\x{301}e\x{301} e\x{301} e\x{301}e\x{301}e\x{301}e\x{301}e\x{301}e\x{301}e\x{301}e\x{301}e\x{301}e\x{301}e\x{301}e\x{301}e\x{301}e\x{301}e\x{301}e\x{301}e\x{301}e\x{301}e\x{301}e\x{301}e\x{301}e\x{301}e\x{301}e\x{301}e\x{301}e\x{301}e\x{301}e\x{301}e\x{301}e\x{301}e\x{301}e\x{301}e\x{301}e\x{301}e\x{301}e\x{301}e\x{301}e\x{301}e\x{301}e\x{301}e\x{301}e\x{301}e\x{301} e\x{301}e\x{301}e\x{301}e\x{301}e\x{301}e\x{301}e\x{301}e\x{301}e\x{301}e\x{301}e\x{301}e\x{301}e\x{301}e\x{301}e\x{301}e\x{301}e\x{301}e\x{301}e\x{301}e\x{301}e\x{301}e\x{301}e\x{301}e\x{301}e\x{301}e\x{301}e\x{301}e\x{301}e\x{301}e\x{301} e\x{301}e\x{301}e\x{301}e\x{301}e\x{301}e\x{301}e\x{301}e\x{301}e\x{301}e\x{301}e\x{301}e\x{301}e\x{301}e\x{301}e\x{301}e\x{301}e\x{301}e\x{301}e\x{301}e\x{301}e\x{301}e\x{301}"
          text run at (912,3128) width 0: " "
          text run at (0,3145) width 912: "e\x{301}e\x{301}e\x{301}e\x{301}e\x{301}e\x{301}e\x{301}e\x{301}e\x{301}e\x{301}e\x{301}e\x{301}e\x{301}e\x{301}e\x{301}e\x{301}e\x{301}e\x{301}e\x{301}e\x{301}e\x{301}e\x{301}e\x{301}e\x{301}e\x{301}e\x{301}e\x{301}e\x{301}e\x{301}e\x{301}e\x{301}e\x{301} e\x{301} e\x{301}e\x{301}e\x{301}e\x{301}e\x{301}e\x{301}e\x{301}e\x{301}e\x{301}e\x{301}e\x{301}e\x{301}e\x{301}e\x{301}e\x{301}e\x{301}e\x{301}e\x{301}e\x{301}e\x{301}e\x{301}e\x{301}e\x{301}e\x{301}e\x{301}e\x{301}e\x{301}e\x{301}e\x{301}e\x{301}e\x{301}e\x{301}e\x{301}e\x{301}e\x{301}e\x{301}e\x{301}e\x{301}e\x{301}e\x{301}e\x{301}e\x{301}e\x{301} e\x{301}e\x{301}e\x{301}e\x{301}e\x{301}e\x{301}e\x{301}e\x{301}e\x{301}e\x{301}e\x{301}e\x{301}e\x{301}e\x{301}e\x{301}e\x{301}e\x{301}e\x{301}e\x{301}e\x{301}e\x{301}e\x{301}e\x{301}e\x{301}e\x{301}e\x{301}e\x{301}e\x{301}e\x{301}e\x{301} e\x{301}e\x{301}e\x{301}e\x{301}e\x{301}e\x{301}e\x{301}e\x{301}e\x{301}e\x{301}e\x{301}e\x{301}e\x{301}e\x{301}e\x{301}e\x{301}e\x{301}e\x{301}e\x{301}e\x{301}e\x{301}e\x{301}"
          text run at (912,3145) width 0: " "
          text run at (0,3162) width 912: "e\x{301}e\x{301}e\x{301}e\x{301}e\x{301}e\x{301}e\x{301}e\x{301}e\x{301}e\x{301}e\x{301}e\x{301}e\x{301}e\x{301}e\x{301}e\x{301}e\x{301}e\x{301}e\x{301}e\x{301}e\x{301}e\x{301}e\x{301}e\x{301}e\x{301}e\x{301}e\x{301}e\x{301}e\x{301}e\x{301}e\x{301}e\x{301} e\x{301} e\x{301}e\x{301}e\x{301}e\x{301}e\x{301}e\x{301}e\x{301}e\x{301}e\x{301}e\x{301}e\x{301}e\x{301}e\x{301}e\x{301}e\x{301}e\x{301}e\x{301}e\x{301}e\x{301}e\x{301}e\x{301}e\x{301}e\x{301}e\x{301}e\x{301}e\x{301}e\x{301}e\x{301}e\x{301}e\x{301}e\x{301}e\x{301}e\x{301}e\x{301}e\x{301}e\x{301}e\x{301}e\x{301}e\x{301}e\x{301}e\x{301}e\x{301}e\x{301} e\x{301}e\x{301}e\x{301}e\x{301}e\x{301}e\x{301}e\x{301}e\x{301}e\x{301}e\x{301}e\x{301}e\x{301}e\x{301}e\x{301}e\x{301}e\x{301}e\x{301}e\x{301}e\x{301}e\x{301}e\x{301}e\x{301}e\x{301}e\x{301}e\x{301}e\x{301}e\x{301}e\x{301}e\x{301}e\x{301} e\x{301}e\x{301}e\x{301}e\x{301}e\x{301}e\x{301}e\x{301}e\x{301}e\x{301}e\x{301}e\x{301}e\x{301}e\x{301}e\x{301}e\x{301}e\x{301}e\x{301}e\x{301}e\x{301}e\x{301}e\x{301}e\x{301}"
          text run at (912,3162) width 0: " "
          text run at (0,3179) width 912: "e\x{301}e\x{301}e\x{301}e\x{301}e\x{301}e\x{301}e\x{301}e\x{301}e\x{301}e\x{301}e\x{301}e\x{301}e\x{301}e\x{301}e\x{301}e\x{301}e\x{301}e\x{301}e\x{301}e\x{301}e\x{301}e\x{301}e\x{301}e\x{301}e\x{301}e\x{301}e\x{301}e\x{301}e\x{301}e\x{301}e\x{301}e\x{301} e\x{301} e\x{301}e\x{301}e\x{301}e\x{301}e\x{301}e\x{301}e\x{301}e\x{301}e\x{301}e\x{301}e\x{301}e\x{301}e\x{301}e\x{301}e\x{301}e\x{301}e\x{301}e\x{301}e\x{301}e\x{301}e\x{301}e\x{301}e\x{301}e\x{301}e\x{301}e\x{301}e\x{301}e\x{301}e\x{301}e\x{301}e\x{301}e\x{301}e\x{301}e\x{301}e\x{301}e\x{301}e\x{301}e\x{301}e\x{301}e\x{301}e\x{301}e\x{301}e\x{301} e\x{301}e\x{301}e\x{301}e\x{301}e\x{301}e\x{301}e\x{301}e\x{301}e\x{301}e\x{301}e\x{301}e\x{301}e\x{301}e\x{301}e\x{301}e\x{301}e\x{301}e\x{301}e\x{301}e\x{301}e\x{301}e\x{301}e\x{301}e\x{301}e\x{301}e\x{301}e\x{301}e\x{301}e\x{301}e\x{301} e\x{301}e\x{301}e\x{301}e\x{301}e\x{301}e\x{301}e\x{301}e\x{301}e\x{301}e\x{301}e\x{301}e\x{301}e\x{301}e\x{301}e\x{301}e\x{301}e\x{301}e\x{301}e\x{301}e\x{301}e\x{301}e\x{301}"
          text run at (912,3179) width 0: " "
          text run at (0,3196) width 912: "e\x{301}e\x{301}e\x{301}e\x{301}e\x{301}e\x{301}e\x{301}e\x{301}e\x{301}e\x{301}e\x{301}e\x{301}e\x{301}e\x{301}e\x{301}e\x{301}e\x{301}e\x{301}e\x{301}e\x{301}e\x{301}e\x{301}e\x{301}e\x{301}e\x{301}e\x{301}e\x{301}e\x{301}e\x{301}e\x{301}e\x{301}e\x{301} e\x{301} e\x{301}e\x{301}e\x{301}e\x{301}e\x{301}e\x{301}e\x{301}e\x{301}e\x{301}e\x{301}e\x{301}e\x{301}e\x{301}e\x{301}e\x{301}e\x{301}e\x{301}e\x{301}e\x{301}e\x{301}e\x{301}e\x{301}e\x{301}e\x{301}e\x{301}e\x{301}e\x{301}e\x{301}e\x{301}e\x{301}e\x{301}e\x{301}e\x{301}e\x{301}e\x{301}e\x{301}e\x{301}e\x{301}e\x{301}e\x{301}e\x{301}e\x{301}e\x{301} e\x{301}e\x{301}e\x{301}e\x{301}e\x{301}e\x{301}e\x{301}e\x{301}e\x{301}e\x{301}e\x{301}e\x{301}e\x{301}e\x{301}e\x{301}e\x{301}e\x{301}e\x{301}e\x{301}e\x{301}e\x{301}e\x{301}e\x{301}e\x{301}e\x{301}e\x{301}e\x{301}e\x{301}e\x{301}e\x{301} e\x{301}e\x{301}e\x{301}e\x{301}e\x{301}e\x{301}e\x{301}e\x{301}e\x{301}e\x{301}e\x{301}e\x{301}e\x{301}e\x{301}e\x{301}e\x{301}e\x{301}e\x{301}e\x{301}e\x{301}e\x{301}e\x{301}"
          text run at (912,3196) width 0: " "
          text run at (0,3213) width 912: "e\x{301}e\x{301}e\x{301}e\x{301}e\x{301}e\x{301}e\x{301}e\x{301}e\x{301}e\x{301}e\x{301}e\x{301}e\x{301}e\x{301}e\x{301}e\x{301}e\x{301}e\x{301}e\x{301}e\x{301}e\x{301}e\x{301}e\x{301}e\x{301}e\x{301}e\x{301}e\x{301}e\x{301}e\x{301}e\x{301}e\x{301}e\x{301} e\x{301} e\x{301}e\x{301}e\x{301}e\x{301}e\x{301}e\x{301}e\x{301}e\x{301}e\x{301}e\x{301}e\x{301}e\x{301}e\x{301}e\x{301}e\x{301}e\x{301}e\x{301}e\x{301}e\x{301}e\x{301}e\x{301}e\x{301}e\x{301}e\x{301}e\x{301}e\x{301}e\x{301}e\x{301}e\x{301}e\x{301}e\x{301}e\x{301}e\x{301}e\x{301}e\x{301}e\x{301}e\x{301}e\x{301}e\x{301}e\x{301}e\x{301}e\x{301}e\x{301} e\x{301}e\x{301}e\x{301}e\x{301}e\x{301}e\x{301}e\x{301}e\x{301}e\x{301}e\x{301}e\x{301}e\x{301}e\x{301}e\x{301}e\x{301}e\x{301}e\x{301}e\x{301}e\x{301}e\x{301}e\x{301}e\x{301}e\x{301}e\x{301}e\x{301}e\x{301}e\x{301}e\x{301}e\x{301}e\x{301} e\x{301}e\x{301}e\x{301}e\x{301}e\x{301}e\x{301}e\x{301}e\x{301}e\x{301}e\x{301}e\x{301}e\x{301}e\x{301}e\x{301}e\x{301}e\x{301}e\x{301}e\x{301}e\x{301}e\x{301}e\x{301}e\x{301}"
          text run at (912,3213) width 0: " "
          text run at (0,3230) width 912: "e\x{301}e\x{301}e\x{301}e\x{301}e\x{301}e\x{301}e\x{301}e\x{301}e\x{301}e\x{301}e\x{301}e\x{301}e\x{301}e\x{301}e\x{301}e\x{301}e\x{301}e\x{301}e\x{301}e\x{301}e\x{301}e\x{301}e\x{301}e\x{301}e\x{301}e\x{301}e\x{301}e\x{301}e\x{301}e\x{301}e\x{301}e\x{301} e\x{301} e\x{301}e\x{301}e\x{301}e\x{301}e\x{301}e\x{301}e\x{301}e\x{301}e\x{301}e\x{301}e\x{301}e\x{301}e\x{301}e\x{301}e\x{301}e\x{301}e\x{301}e\x{301}e\x{301}e\x{301}e\x{301}e\x{301}e\x{301}e\x{301}e\x{301}e\x{301}e\x{301}e\x{301}e\x{301}e\x{301}e\x{301}e\x{301}e\x{301}e\x{301}e\x{301}e\x{301}e\x{301}e\x{301}e\x{301}e\x{301}e\x{301}e\x{301}e\x{301} e\x{301}e\x{301}e\x{301}e\x{301}e\x{301}e\x{301}e\x{301}e\x{301}e\x{301}e\x{301}e\x{301}e\x{301}e\x{301}e\x{301}e\x{301}e\x{301}e\x{301}e\x{301}e\x{301}e\x{301}e\x{301}e\x{301}e\x{301}e\x{301}e\x{301}e\x{301}e\x{301}e\x{301}e\x{301}e\x{301} e\x{301}e\x{301}e\x{301}e\x{301}e\x{301}e\x{301}e\x{301}e\x{301}e\x{301}e\x{301}e\x{301}e\x{301}e\x{301}e\x{301}e\x{301}e\x{301}e\x{301}e\x{301}e\x{301}e\x{301}e\x{301}e\x{301}"
          text run at (912,3230) width 0: " "
          text run at (0,3247) width 912: "e\x{301}e\x{301}e\x{301}e\x{301}e\x{301}e\x{301}e\x{301}e\x{301}e\x{301}e\x{301}e\x{301}e\x{301}e\x{301}e\x{301}e\x{301}e\x{301}e\x{301}e\x{301}e\x{301}e\x{301}e\x{301}e\x{301}e\x{301}e\x{301}e\x{301}e\x{301}e\x{301}e\x{301}e\x{301}e\x{301}e\x{301}e\x{301} e\x{301} e\x{301}e\x{301}e\x{301}e\x{301}e\x{301}e\x{301}e\x{301}e\x{301}e\x{301}e\x{301}e\x{301}e\x{301}e\x{301}e\x{301}e\x{301}e\x{301}e\x{301}e\x{301}e\x{301}e\x{301}e\x{301}e\x{301}e\x{301}e\x{301}e\x{301}e\x{301}e\x{301}e\x{301}e\x{301}e\x{301}e\x{301}e\x{301}e\x{301}e\x{301}e\x{301}e\x{301}e\x{301}e\x{301}e\x{301}e\x{301}e\x{301}e\x{301}e\x{301} e\x{301}e\x{301}e\x{301}e\x{301}e\x{301}e\x{301}e\x{301}e\x{301}e\x{301}e\x{301}e\x{301}e\x{301}e\x{301}e\x{301}e\x{301}e\x{301}e\x{301}e\x{301}e\x{301}e\x{301}e\x{301}e\x{301}e\x{301}e\x{301}e\x{301}e\x{301}e\x{301}e\x{301}e\x{301}e\x{301} e\x{301}e\x{301}e\x{301}e\x{301}e\x{301}e\x{301}e\x{301}e\x{301}e\x{301}e\x{301}e\x{301}e\x{301}e\x{301}e\x{301}e\x{301}e\x{301}e\x{301}e\x{301}e\x{301}e\x{301}e\x{301}e\x{301}"
          text run at (912,3247) width 0: " "
          text run at (0,3264) width 912: "e\x{301}e\x{301}e\x{301}e\x{301}e\x{301}e\x{301}e\x{301}e\x{301}e\x{301}e\x{301}e\x{301}e\x{301}e\x{301}e\x{301}e\x{301}e\x{301}e\x{301}e\x{301}e\x{301}e\x{301}e\x{301}e\x{301}e\x{301}e\x{301}e\x{301}e\x{301}e\x{301}e\x{301}e\x{301}e\x{301}e\x{301}e\x{301} e\x{301} e\x{301}e\x{301}e\x{301}e\x{301}e\x{301}e\x{301}e\x{301}e\x{301}e\x{301}e\x{301}e\x{301}e\x{301}e\x{301}e\x{301}e\x{301}e\x{301}e\x{301}e\x{301}e\x{301}e\x{301}e\x{301}e\x{301}e\x{301}e\x{301}e\x{301}e\x{301}e\x{301}e\x{301}e\x{301}e\x{301}e\x{301}e\x{301}e\x{301}e\x{301}e\x{301}e\x{301}e\x{301}e\x{301}e\x{301}e\x{301}e\x{301}e\x{301}e\x{301} e\x{301}e\x{301}e\x{301}e\x{301}e\x{301}e\x{301}e\x{301}e\x{301}e\x{301}e\x{301}e\x{301}e\x{301}e\x{301}e\x{301}e\x{301}e\x{301}e\x{301}e\x{301}e\x{301}e\x{301}e\x{301}e\x{301}e\x{301}e\x{301}e\x{301}e\x{301}e\x{301}e\x{301}e\x{301}e\x{301} e\x{301}e\x{301}e\x{301}e\x{301}e\x{301}e\x{301}e\x{301}e\x{301}e\x{301}e\x{301}e\x{301}e\x{301}e\x{301}e\x{301}e\x{301}e\x{301}e\x{301}e\x{301}e\x{301}e\x{301}e\x{301}e\x{301}"
          text run at (912,3264) width 0: " "
          text run at (0,3281) width 912: "e\x{301}e\x{301}e\x{301}e\x{301}e\x{301}e\x{301}e\x{301}e\x{301}e\x{301}e\x{301}e\x{301}e\x{301}e\x{301}e\x{301}e\x{301}e\x{301}e\x{301}e\x{301}e\x{301}e\x{301}e\x{301}e\x{301}e\x{301}e\x{301}e\x{301}e\x{301}e\x{301}e\x{301}e\x{301}e\x{301}e\x{301}e\x{301} e\x{301} e\x{301}e\x{301}e\x{301}e\x{301}e\x{301}e\x{301}e\x{301}e\x{301}e\x{301}e\x{301}e\x{301}e\x{301}e\x{301}e\x{301}e\x{301}e\x{301}e\x{301}e\x{301}e\x{301}e\x{301}e\x{301}e\x{301}e\x{301}e\x{301}e\x{301}e\x{301}e\x{301}e\x{301}e\x{301}e\x{301}e\x{301}e\x{301}e\x{301}e\x{301}e\x{301}e\x{301}e\x{301}e\x{301}e\x{301}e\x{301}e\x{301}e\x{301}e\x{301} e\x{301}e\x{301}e\x{301}e\x{301}e\x{301}e\x{301}e\x{301}e\x{301}e\x{301}e\x{301}e\x{301}e\x{301}e\x{301}e\x{301}e\x{301}e\x{301}e\x{301}e\x{301}e\x{301}e\x{301}e\x{301}e\x{301}e\x{301}e\x{301}e\x{301}e\x{301}e\x{301}e\x{301}e\x{301}e\x{301} e\x{301}e\x{301}e\x{301}e\x{301}e\x{301}e\x{301}e\x{301}e\x{301}e\x{301}e\x{301}e\x{301}e\x{301}e\x{301}e\x{301}e\x{301}e\x{301}e\x{301}e\x{301}e\x{301}e\x{301}e\x{301}e\x{301}"
          text run at (912,3281) width 0: " "
          text run at (0,3298) width 912: "e\x{301}e\x{301}e\x{301}e\x{301}e\x{301}e\x{301}e\x{301}e\x{301}e\x{301}e\x{301}e\x{301}e\x{301}e\x{301}e\x{301}e\x{301}e\x{301}e\x{301}e\x{301}e\x{301}e\x{301}e\x{301}e\x{301}e\x{301}e\x{301}e\x{301}e\x{301}e\x{301}e\x{301}e\x{301}e\x{301}e\x{301}e\x{301} e\x{301} e\x{301}e\x{301}e\x{301}e\x{301}e\x{301}e\x{301}e\x{301}e\x{301}e\x{301}e\x{301}e\x{301}e\x{301}e\x{301}e\x{301}e\x{301}e\x{301}e\x{301}e\x{301}e\x{301}e\x{301}e\x{301}e\x{301}e\x{301}e\x{301}e\x{301}e\x{301}e\x{301}e\x{301}e\x{301}e\x{301}e\x{301}e\x{301}e\x{301}e\x{301}e\x{301}e\x{301}e\x{301}e\x{301}e\x{301}e\x{301}e\x{301}e\x{301}e\x{301} e\x{301}e\x{301}e\x{301}e\x{301}e\x{301}e\x{301}e\x{301}e\x{301}e\x{301}e\x{301}e\x{301}e\x{301}e\x{301}e\x{301}e\x{301}e\x{301}e\x{301}e\x{301}e\x{301}e\x{301}e\x{301}e\x{301}e\x{301}e\x{301}e\x{301}e\x{301}e\x{301}e\x{301}e\x{301}e\x{301} e\x{301}e\x{301}e\x{301}e\x{301}e\x{301}e\x{301}e\x{301}e\x{301}e\x{301}e\x{301}e\x{301}e\x{301}e\x{301}e\x{301}e\x{301}e\x{301}e\x{301}e\x{301}e\x{301}e\x{301}e\x{301}e\x{301}"
          text run at (912,3298) width 0: " "
          text run at (0,3315) width 912: "e\x{301}e\x{301}e\x{301}e\x{301}e\x{301}e\x{301}e\x{301}e\x{301}e\x{301}e\x{301}e\x{301}e\x{301}e\x{301}e\x{301}e\x{301}e\x{301}e\x{301}e\x{301}e\x{301}e\x{301}e\x{301}e\x{301}e\x{301}e\x{301}e\x{301}e\x{301}e\x{301}e\x{301}e\x{301}e\x{301}e\x{301}e\x{301} e\x{301} e\x{301}e\x{301}e\x{301}e\x{301}e\x{301}e\x{301}e\x{301}e\x{301}e\x{301}e\x{301}e\x{301}e\x{301}e\x{301}e\x{301}e\x{301}e\x{301}e\x{301}e\x{301}e\x{301}e\x{301}e\x{301}e\x{301}e\x{301}e\x{301}e\x{301}e\x{301}e\x{301}e\x{301}e\x{301}e\x{301}e\x{301}e\x{301}e\x{301}e\x{301}e\x{301}e\x{301}e\x{301}e\x{301}e\x{301}e\x{301}e\x{301}e\x{301}e\x{301} e\x{301}e\x{301}e\x{301}e\x{301}e\x{301}e\x{301}e\x{301}e\x{301}e\x{301}e\x{301}e\x{301}e\x{301}e\x{301}e\x{301}e\x{301}e\x{301}e\x{301}e\x{301}e\x{301}e\x{301}e\x{301}e\x{301}e\x{301}e\x{301}e\x{301}e\x{301}e\x{301}e\x{301}e\x{301}e\x{301} e\x{301}e\x{301}e\x{301}e\x{301}e\x{301}e\x{301}e\x{301}e\x{301}e\x{301}e\x{301}e\x{301}e\x{301}e\x{301}e\x{301}e\x{301}e\x{301}e\x{301}e\x{301}e\x{301}e\x{301}e\x{301}e\x{301}"
          text run at (912,3315) width 0: " "
          text run at (0,3332) width 912: "e\x{301}e\x{301}e\x{301}e\x{301}e\x{301}e\x{301}e\x{301}e\x{301}e\x{301}e\x{301}e\x{301}e\x{301}e\x{301}e\x{301}e\x{301}e\x{301}e\x{301}e\x{301}e\x{301}e\x{301}e\x{301}e\x{301}e\x{301}e\x{301}e\x{301}e\x{301}e\x{301}e\x{301}e\x{301}e\x{301}e\x{301}e\x{301} e\x{301} e\x{301}e\x{301}e\x{301}e\x{301}e\x{301}e\x{301}e\x{301}e\x{301}e\x{301}e\x{301}e\x{301}e\x{301}e\x{301}e\x{301}e\x{301}e\x{301}e\x{301}e\x{301}e\x{301}e\x{301}e\x{301}e\x{301}e\x{301}e\x{301}e\x{301}e\x{301}e\x{301}e\x{301}e\x{301}e\x{301}e\x{301}e\x{301}e\x{301}e\x{301}e\x{301}e\x{301}e\x{301}e\x{301}e\x{301}e\x{301}e\x{301}e\x{301}e\x{301} e\x{301}e\x{301}e\x{301}e\x{301}e\x{301}e\x{301}e\x{301}e\x{301}e\x{301}e\x{301}e\x{301}e\x{301}e\x{301}e\x{301}e\x{301}e\x{301}e\x{301}e\x{301}e\x{301}e\x{301}e\x{301}e\x{301}e\x{301}e\x{301}e\x{301}e\x{301}e\x{301}e\x{301}e\x{301}e\x{301} e\x{301}e\x{301}e\x{301}e\x{301}e\x{301}e\x{301}e\x{301}e\x{301}e\x{301}e\x{301}e\x{301}e\x{301}e\x{301}e\x{301}e\x{301}e\x{301}e\x{301}e\x{301}e\x{301}e\x{301}e\x{301}e\x{301}"
          text run at (912,3332) width 0: " "
          text run at (0,3349) width 912: "e\x{301}e\x{301}e\x{301}e\x{301}e\x{301}e\x{301}e\x{301}e\x{301}e\x{301}e\x{301}e\x{301}e\x{301}e\x{301}e\x{301}e\x{301}e\x{301}e\x{301}e\x{301}e\x{301}e\x{301}e\x{301}e\x{301}e\x{301}e\x{301}e\x{301}e\x{301}e\x{301}e\x{301}e\x{301}e\x{301}e\x{301}e\x{301} e\x{301} e\x{301}e\x{301}e\x{301}e\x{301}e\x{301}e\x{301}e\x{301}e\x{301}e\x{301}e\x{301}e\x{301}e\x{301}e\x{301}e\x{301}e\x{301}e\x{301}e\x{301}e\x{301}e\x{301}e\x{301}e\x{301}e\x{301}e\x{301}e\x{301}e\x{301}e\x{301}e\x{301}e\x{301}e\x{301}e\x{301}e\x{301}e\x{301}e\x{301}e\x{301}e\x{301}e\x{301}e\x{301}e\x{301}e\x{301}e\x{301}e\x{301}e\x{301}e\x{301} e\x{301}e\x{301}e\x{301}e\x{301}e\x{301}e\x{301}e\x{301}e\x{301}e\x{301}e\x{301}e\x{301}e\x{301}e\x{301}e\x{301}e\x{301}e\x{301}e\x{301}e\x{301}e\x{301}e\x{301}e\x{301}e\x{301}e\x{301}e\x{301}e\x{301}e\x{301}e\x{301}e\x{301}e\x{301}e\x{301} e\x{301}e\x{301}e\x{301}e\x{301}e\x{301}e\x{301}e\x{301}e\x{301}e\x{301}e\x{301}e\x{301}e\x{301}e\x{301}e\x{301}e\x{301}e\x{301}e\x{301}e\x{301}e\x{301}e\x{301}e\x{301}e\x{301}"
          text run at (912,3349) width 0: " "
          text run at (0,3366) width 912: "e\x{301}e\x{301}e\x{301}e\x{301}e\x{301}e\x{301}e\x{301}e\x{301}e\x{301}e\x{301}e\x{301}e\x{301}e\x{301}e\x{301}e\x{301}e\x{301}e\x{301}e\x{301}e\x{301}e\x{301}e\x{301}e\x{301}e\x{301}e\x{301}e\x{301}e\x{301}e\x{301}e\x{301}e\x{301}e\x{301}e\x{301}e\x{301} e\x{301} e\x{301}e\x{301}e\x{301}e\x{301}e\x{301}e\x{301}e\x{301}e\x{301}e\x{301}e\x{301}e\x{301}e\x{301}e\x{301}e\x{301}e\x{301}e\x{301}e\x{301}e\x{301}e\x{301}e\x{301}e\x{301}e\x{301}e\x{301}e\x{301}e\x{301}e\x{301}e\x{301}e\x{301}e\x{301}e\x{301}e\x{301}e\x{301}e\x{301}e\x{301}e\x{301}e\x{301}e\x{301}e\x{301}e\x{301}e\x{301}e\x{301}e\x{301}e\x{301} e\x{301}e\x{301}e\x{301}e\x{301}e\x{301}e\x{301}e\x{301}e\x{301}e\x{301}e\x{301}e\x{301}e\x{301}e\x{301}e\x{301}e\x{301}e\x{301}e\x{301}e\x{301}e\x{301}e\x{301}e\x{301}e\x{301}e\x{301}e\x{301}e\x{301}e\x{301}e\x{301}e\x{301}e\x{301}e\x{301} e\x{301}e\x{301}e\x{301}e\x{301}e\x{301}e\x{301}e\x{301}e\x{301}e\x{301}e\x{301}e\x{301}e\x{301}e\x{301}e\x{301}e\x{301}e\x{301}e\x{301}e\x{301}e\x{301}e\x{301}e\x{301}e\x{301}"
          text run at (912,3366) width 0: " "
          text run at (0,3383) width 912: "e\x{301}e\x{301}e\x{301}e\x{301}e\x{301}e\x{301}e\x{301}e\x{301}e\x{301}e\x{301}e\x{301}e\x{301}e\x{301}e\x{301}e\x{301}e\x{301}e\x{301}e\x{301}e\x{301}e\x{301}e\x{301}e\x{301}e\x{301}e\x{301}e\x{301}e\x{301}e\x{301}e\x{301}e\x{301}e\x{301}e\x{301}e\x{301} e\x{301} e\x{301}e\x{301}e\x{301}e\x{301}e\x{301}e\x{301}e\x{301}e\x{301}e\x{301}e\x{301}e\x{301}e\x{301}e\x{301}e\x{301}e\x{301}e\x{301}e\x{301}e\x{301}e\x{301}e\x{301}e\x{301}e\x{301}e\x{301}e\x{301}e\x{301}e\x{301}e\x{301}e\x{301}e\x{301}e\x{301}e\x{301}e\x{301}e\x{301}e\x{301}e\x{301}e\x{301}e\x{301}e\x{301}e\x{301}e\x{301}e\x{301}e\x{301}e\x{301} e\x{301}e\x{301}e\x{301}e\x{301}e\x{301}e\x{301}e\x{301}e\x{301}e\x{301}e\x{301}e\x{301}e\x{301}e\x{301}e\x{301}e\x{301}e\x{301}e\x{301}e\x{301}e\x{301}e\x{301}e\x{301}e\x{301}e\x{301}e\x{301}e\x{301}e\x{301}e\x{301}e\x{301}e\x{301}e\x{301} e\x{301}e\x{301}e\x{301}e\x{301}e\x{301}e\x{301}e\x{301}e\x{301}e\x{301}e\x{301}e\x{301}e\x{301}e\x{301}e\x{301}e\x{301}e\x{301}e\x{301}e\x{301}e\x{301}e\x{301}e\x{301}e\x{301}"
          text run at (912,3383) width 0: " "
          text run at (0,3400) width 912: "e\x{301}e\x{301}e\x{301}e\x{301}e\x{301}e\x{301}e\x{301}e\x{301}e\x{301}e\x{301}e\x{301}e\x{301}e\x{301}e\x{301}e\x{301}e\x{301}e\x{301}e\x{301}e\x{301}e\x{301}e\x{301}e\x{301}e\x{301}e\x{301}e\x{301}e\x{301}e\x{301}e\x{301}e\x{301}e\x{301}e\x{301}e\x{301} e\x{301} e\x{301}e\x{301}e\x{301}e\x{301}e\x{301}e\x{301}e\x{301}e\x{301}e\x{301}e\x{301}e\x{301}e\x{301}e\x{301}e\x{301}e\x{301}e\x{301}e\x{301}e\x{301}e\x{301}e\x{301}e\x{301}e\x{301}e\x{301}e\x{301}e\x{301}e\x{301}e\x{301}e\x{301}e\x{301}e\x{301}e\x{301}e\x{301}e\x{301}e\x{301}e\x{301}e\x{301}e\x{301}e\x{301}e\x{301}e\x{301}e\x{301}e\x{301}e\x{301} e\x{301}e\x{301}e\x{301}e\x{301}e\x{301}e\x{301}e\x{301}e\x{301}e\x{301}e\x{301}e\x{301}e\x{301}e\x{301}e\x{301}e\x{301}e\x{301}e\x{301}e\x{301}e\x{301}e\x{301}e\x{301}e\x{301}e\x{301}e\x{301}e\x{301}e\x{301}e\x{301}e\x{301}e\x{301}e\x{301} e\x{301}e\x{301}e\x{301}e\x{301}e\x{301}e\x{301}e\x{301}e\x{301}e\x{301}e\x{301}e\x{301}e\x{301}e\x{301}e\x{301}e\x{301}e\x{301}e\x{301}e\x{301}e\x{301}e\x{301}e\x{301}e\x{301}"
          text run at (912,3400) width 0: " "
          text run at (0,3417) width 912: "e\x{301}e\x{301}e\x{301}e\x{301}e\x{301}e\x{301}e\x{301}e\x{301}e\x{301}e\x{301}e\x{301}e\x{301}e\x{301}e\x{301}e\x{301}e\x{301}e\x{301}e\x{301}e\x{301}e\x{301}e\x{301}e\x{301}e\x{301}e\x{301}e\x{301}e\x{301}e\x{301}e\x{301}e\x{301}e\x{301}e\x{301}e\x{301} e\x{301} e\x{301}e\x{301}e\x{301}e\x{301}e\x{301}e\x{301}e\x{301}e\x{301}e\x{301}e\x{301}e\x{301}e\x{301}e\x{301}e\x{301}e\x{301}e\x{301}e\x{301}e\x{301}e\x{301}e\x{301}e\x{301}e\x{301}e\x{301}e\x{301}e\x{301}e\x{301}e\x{301}e\x{301}e\x{301}e\x{301}e\x{301}e\x{301}e\x{301}e\x{301}e\x{301}e\x{301}e\x{301}e\x{301}e\x{301}e\x{301}e\x{301}e\x{301}e\x{301} e\x{301}e\x{301}e\x{301}e\x{301}e\x{301}e\x{301}e\x{301}e\x{301}e\x{301}e\x{301}e\x{301}e\x{301}e\x{301}e\x{301}e\x{301}e\x{301}e\x{301}e\x{301}e\x{301}e\x{301}e\x{301}e\x{301}e\x{301}e\x{301}e\x{301}e\x{301}e\x{301}e\x{301}e\x{301}e\x{301} e\x{301}e\x{301}e\x{301}e\x{301}e\x{301}e\x{301}e\x{301}e\x{301}e\x{301}e\x{301}e\x{301}e\x{301}e\x{301}e\x{301}e\x{301}e\x{301}e\x{301}e\x{301}e\x{301}e\x{301}e\x{301}e\x{301}"
          text run at (912,3417) width 0: " "
          text run at (0,3434) width 912: "e\x{301}e\x{301}e\x{301}e\x{301}e\x{301}e\x{301}e\x{301}e\x{301}e\x{301}e\x{301}e\x{301}e\x{301}e\x{301}e\x{301}e\x{301}e\x{301}e\x{301}e\x{301}e\x{301}e\x{301}e\x{301}e\x{301}e\x{301}e\x{301}e\x{301}e\x{301}e\x{301}e\x{301}e\x{301}e\x{301}e\x{301}e\x{301} e\x{301} e\x{301}e\x{301}e\x{301}e\x{301}e\x{301}e\x{301}e\x{301}e\x{301}e\x{301}e\x{301}e\x{301}e\x{301}e\x{301}e\x{301}e\x{301}e\x{301}e\x{301}e\x{301}e\x{301}e\x{301}e\x{301}e\x{301}e\x{301}e\x{301}e\x{301}e\x{301}e\x{301}e\x{301}e\x{301}e\x{301}e\x{301}e\x{301}e\x{301}e\x{301}e\x{301}e\x{301}e\x{301}e\x{301}e\x{301}e\x{301}e\x{301}e\x{301}e\x{301} e\x{301}e\x{301}e\x{301}e\x{301}e\x{301}e\x{301}e\x{301}e\x{301}e\x{301}e\x{301}e\x{301}e\x{301}e\x{301}e\x{301}e\x{301}e\x{301}e\x{301}e\x{301}e\x{301}e\x{301}e\x{301}e\x{301}e\x{301}e\x{301}e\x{301}e\x{301}e\x{301}e\x{301}e\x{301}e\x{301} e\x{301}e\x{301}e\x{301}e\x{301}e\x{301}e\x{301}e\x{301}e\x{301}e\x{301}e\x{301}e\x{301}e\x{301}e\x{301}e\x{301}e\x{301}e\x{301}e\x{301}e\x{301}e\x{301}e\x{301}e\x{301}e\x{301}"
          text run at (912,3434) width 0: " "
          text run at (0,3451) width 912: "e\x{301}e\x{301}e\x{301}e\x{301}e\x{301}e\x{301}e\x{301}e\x{301}e\x{301}e\x{301}e\x{301}e\x{301}e\x{301}e\x{301}e\x{301}e\x{301}e\x{301}e\x{301}e\x{301}e\x{301}e\x{301}e\x{301}e\x{301}e\x{301}e\x{301}e\x{301}e\x{301}e\x{301}e\x{301}e\x{301}e\x{301}e\x{301} e\x{301} e\x{301}e\x{301}e\x{301}e\x{301}e\x{301}e\x{301}e\x{301}e\x{301}e\x{301}e\x{301}e\x{301}e\x{301}e\x{301}e\x{301}e\x{301}e\x{301}e\x{301}e\x{301}e\x{301}e\x{301}e\x{301}e\x{301}e\x{301}e\x{301}e\x{301}e\x{301}e\x{301}e\x{301}e\x{301}e\x{301}e\x{301}e\x{301}e\x{301}e\x{301}e\x{301}e\x{301}e\x{301}e\x{301}e\x{301}e\x{301}e\x{301}e\x{301}e\x{301} e\x{301}e\x{301}e\x{301}e\x{301}e\x{301}e\x{301}e\x{301}e\x{301}e\x{301}e\x{301}e\x{301}e\x{301}e\x{301}e\x{301}e\x{301}e\x{301}e\x{301}e\x{301}e\x{301}e\x{301}e\x{301}e\x{301}e\x{301}e\x{301}e\x{301}e\x{301}e\x{301}e\x{301}e\x{301}e\x{301} e\x{301}e\x{301}e\x{301}e\x{301}e\x{301}e\x{301}e\x{301}e\x{301}e\x{301}e\x{301}e\x{301}e\x{301}e\x{301}e\x{301}e\x{301}e\x{301}e\x{301}e\x{301}e\x{301}e\x{301}e\x{301}e\x{301}"
          text run at (912,3451) width 0: " "
          text run at (0,3468) width 912: "e\x{301}e\x{301}e\x{301}e\x{301}e\x{301}e\x{301}e\x{301}e\x{301}e\x{301}e\x{301}e\x{301}e\x{301}e\x{301}e\x{301}e\x{301}e\x{301}e\x{301}e\x{301}e\x{301}e\x{301}e\x{301}e\x{301}e\x{301}e\x{301}e\x{301}e\x{301}e\x{301}e\x{301}e\x{301}e\x{301}e\x{301}e\x{301} e\x{301} e\x{301}e\x{301}e\x{301}e\x{301}e\x{301}e\x{301}e\x{301}e\x{301}e\x{301}e\x{301}e\x{301}e\x{301}e\x{301}e\x{301}e\x{301}e\x{301}e\x{301}e\x{301}e\x{301}e\x{301}e\x{301}e\x{301}e\x{301}e\x{301}e\x{301}e\x{301}e\x{301}e\x{301}e\x{301}e\x{301}e\x{301}e\x{301}e\x{301}e\x{301}e\x{301}e\x{301}e\x{301}e\x{301}e\x{301}e\x{301}e\x{301}e\x{301}e\x{301} e\x{301}e\x{301}e\x{301}e\x{301}e\x{301}e\x{301}e\x{301}e\x{301}e\x{301}e\x{301}e\x{301}e\x{301}e\x{301}e\x{301}e\x{301}e\x{301}e\x{301}e\x{301}e\x{301}e\x{301}e\x{301}e\x{301}e\x{301}e\x{301}e\x{301}e\x{301}e\x{301}e\x{301}e\x{301}e\x{301} e\x{301}e\x{301}e\x{301}e\x{301}e\x{301}e\x{301}e\x{301}e\x{301}e\x{301}e\x{301}e\x{301}e\x{301}e\x{301}e\x{301}e\x{301}e\x{301}e\x{301}e\x{301}e\x{301}e\x{301}e\x{301}e\x{301}"
          text run at (912,3468) width 0: " "
          text run at (0,3485) width 912: "e\x{301}e\x{301}e\x{301}e\x{301}e\x{301}e\x{301}e\x{301}e\x{301}e\x{301}e\x{301}e\x{301}e\x{301}e\x{301}e\x{301}e\x{301}e\x{301}e\x{301}e\x{301}e\x{301}e\x{301}e\x{301}e\x{301}e\x{301}e\x{301}e\x{301}e\x{301}e\x{301}e\x{301}e\x{301}e\x{301}e\x{301}e\x{301} e\x{301} e\x{301}e\x{301}e\x{301}e\x{301}e\x{301}e\x{301}e\x{301}e\x{301}e\x{301}e\x{301}e\x{301}e\x{301}e\x{301}e\x{301}e\x{301}e\x{301}e\x{301}e\x{301}e\x{301}e\x{301}e\x{301}e\x{301}e\x{301}e\x{301}e\x{301}e\x{301}e\x{301}e\x{301}e\x{301}e\x{301}e\x{301}e\x{301}e\x{301}e\x{301}e\x{301}e\x{301}e\x{301}e\x{301}e\x{301}e\x{301}e\x{301}e\x{301}e\x{301} e\x{301}e\x{301}e\x{301}e\x{301}e\x{301}e\x{301}e\x{301}e\x{301}e\x{301}e\x{301}e\x{301}e\x{301}e\x{301}e\x{301}e\x{301}e\x{301}e\x{301}e\x{301}e\x{301}e\x{301}e\x{301}e\x{301}e\x{301}e\x{301}e\x{301}e\x{301}e\x{301}e\x{301}e\x{301}e\x{301} e\x{301}e\x{301}e\x{301}e\x{301}e\x{301}e\x{301}e\x{301}e\x{301}e\x{301}e\x{301}e\x{301}e\x{301}e\x{301}e\x{301}e\x{301}e\x{301}e\x{301}e\x{301}e\x{301}e\x{301}e\x{301}e\x{301}"
          text run at (912,3485) width 0: " "
          text run at (0,3502) width 912: "e\x{301}e\x{301}e\x{301}e\x{301}e\x{301}e\x{301}e\x{301}e\x{301}e\x{301}e\x{301}e\x{301}e\x{301}e\x{301}e\x{301}e\x{301}e\x{301}e\x{301}e\x{301}e\x{301}e\x{301}e\x{301}e\x{301}e\x{301}e\x{301}e\x{301}e\x{301}e\x{301}e\x{301}e\x{301}e\x{301}e\x{301}e\x{301} e\x{301} e\x{301}e\x{301}e\x{301}e\x{301}e\x{301}e\x{301}e\x{301}e\x{301}e\x{301}e\x{301}e\x{301}e\x{301}e\x{301}e\x{301}e\x{301}e\x{301}e\x{301}e\x{301}e\x{301}e\x{301}e\x{301}e\x{301}e\x{301}e\x{301}e\x{301}e\x{301}e\x{301}e\x{301}e\x{301}e\x{301}e\x{301}e\x{301}e\x{301}e\x{301}e\x{301}e\x{301}e\x{301}e\x{301}e\x{301}e\x{301}e\x{301}e\x{301}e\x{301} e\x{301}e\x{301}e\x{301}e\x{301}e\x{301}e\x{301}e\x{301}e\x{301}e\x{301}e\x{301}e\x{301}e\x{301}e\x{301}e\x{301}e\x{301}e\x{301}e\x{301}e\x{301}e\x{301}e\x{301}e\x{301}e\x{301}e\x{301}e\x{301}e\x{301}e\x{301}e\x{301}e\x{301}e\x{301}e\x{301} e\x{301}e\x{301}e\x{301}e\x{301}e\x{301}e\x{301}e\x{301}e\x{301}e\x{301}e\x{301}e\x{301}e\x{301}e\x{301}e\x{301}e\x{301}e\x{301}e\x{301}e\x{301}e\x{301}e\x{301}e\x{301}e\x{301}"
          text run at (912,3502) width 0: " "
          text run at (0,3519) width 912: "e\x{301}e\x{301}e\x{301}e\x{301}e\x{301}e\x{301}e\x{301}e\x{301}e\x{301}e\x{301}e\x{301}e\x{301}e\x{301}e\x{301}e\x{301}e\x{301}e\x{301}e\x{301}e\x{301}e\x{301}e\x{301}e\x{301}e\x{301}e\x{301}e\x{301}e\x{301}e\x{301}e\x{301}e\x{301}e\x{301}e\x{301}e\x{301} e\x{301} e\x{301}e\x{301}e\x{301}e\x{301}e\x{301}e\x{301}e\x{301}e\x{301}e\x{301}e\x{301}e\x{301}e\x{301}e\x{301}e\x{301}e\x{301}e\x{301}e\x{301}e\x{301}e\x{301}e\x{301}e\x{301}e\x{301}e\x{301}e\x{301}e\x{301}e\x{301}e\x{301}e\x{301}e\x{301}e\x{301}e\x{301}e\x{301}e\x{301}e\x{301}e\x{301}e\x{301}e\x{301}e\x{301}e\x{301}e\x{301}e\x{301}e\x{301}e\x{301} e\x{301}e\x{301}e\x{301}e\x{301}e\x{301}e\x{301}e\x{301}e\x{301}e\x{301}e\x{301}e\x{301}e\x{301}e\x{301}e\x{301}e\x{301}e\x{301}e\x{301}e\x{301}e\x{301}e\x{301}e\x{301}e\x{301}e\x{301}e\x{301}e\x{301}e\x{301}e\x{301}e\x{301}e\x{301}e\x{301} e\x{301}e\x{301}e\x{301}e\x{301}e\x{301}e\x{301}e\x{301}e\x{301}e\x{301}e\x{301}e\x{301}e\x{301}e\x{301}e\x{301}e\x{301}e\x{301}e\x{301}e\x{301}e\x{301}e\x{301}e\x{301}e\x{301}"
          text run at (912,3519) width 0: " "
          text run at (0,3536) width 912: "e\x{301}e\x{301}e\x{301}e\x{301}e\x{301}e\x{301}e\x{301}e\x{301}e\x{301}e\x{301}e\x{301}e\x{301}e\x{301}e\x{301}e\x{301}e\x{301}e\x{301}e\x{301}e\x{301}e\x{301}e\x{301}e\x{301}e\x{301}e\x{301}e\x{301}e\x{301}e\x{301}e\x{301}e\x{301}e\x{301}e\x{301}e\x{301} e\x{301} e\x{301}e\x{301}e\x{301}e\x{301}e\x{301}e\x{301}e\x{301}e\x{301}e\x{301}e\x{301}e\x{301}e\x{301}e\x{301}e\x{301}e\x{301}e\x{301}e\x{301}e\x{301}e\x{301}e\x{301}e\x{301}e\x{301}e\x{301}e\x{301}e\x{301}e\x{301}e\x{301}e\x{301}e\x{301}e\x{301}e\x{301}e\x{301}e\x{301}e\x{301}e\x{301}e\x{301}e\x{301}e\x{301}e\x{301}e\x{301}e\x{301}e\x{301}e\x{301} e\x{301}e\x{301}e\x{301}e\x{301}e\x{301}e\x{301}e\x{301}e\x{301}e\x{301}e\x{301}e\x{301}e\x{301}e\x{301}e\x{301}e\x{301}e\x{301}e\x{301}e\x{301}e\x{301}e\x{301}e\x{301}e\x{301}e\x{301}e\x{301}e\x{301}e\x{301}e\x{301}e\x{301}e\x{301}e\x{301} e\x{301}e\x{301}e\x{301}e\x{301}e\x{301}e\x{301}e\x{301}e\x{301}e\x{301}e\x{301}e\x{301}e\x{301}e\x{301}e\x{301}e\x{301}e\x{301}e\x{301}e\x{301}e\x{301}e\x{301}e\x{301}e\x{301}"
          text run at (912,3536) width 0: " "
          text run at (0,3553) width 912: "e\x{301}e\x{301}e\x{301}e\x{301}e\x{301}e\x{301}e\x{301}e\x{301}e\x{301}e\x{301}e\x{301}e\x{301}e\x{301}e\x{301}e\x{301}e\x{301}e\x{301}e\x{301}e\x{301}e\x{301}e\x{301}e\x{301}e\x{301}e\x{301}e\x{301}e\x{301}e\x{301}e\x{301}e\x{301}e\x{301}e\x{301}e\x{301} e\x{301} e\x{301}e\x{301}e\x{301}e\x{301}e\x{301}e\x{301}e\x{301}e\x{301}e\x{301}e\x{301}e\x{301}e\x{301}e\x{301}e\x{301}e\x{301}e\x{301}e\x{301}e\x{301}e\x{301}e\x{301}e\x{301}e\x{301}e\x{301}e\x{301}e\x{301}e\x{301}e\x{301}e\x{301}e\x{301}e\x{301}e\x{301}e\x{301}e\x{301}e\x{301}e\x{301}e\x{301}e\x{301}e\x{301}e\x{301}e\x{301}e\x{301}e\x{301}e\x{301} e\x{301}e\x{301}e\x{301}e\x{301}e\x{301}e\x{301}e\x{301}e\x{301}e\x{301}e\x{301}e\x{301}e\x{301}e\x{301}e\x{301}e\x{301}e\x{301}e\x{301}e\x{301}e\x{301}e\x{301}e\x{301}e\x{301}e\x{301}e\x{301}e\x{301}e\x{301}e\x{301}e\x{301}e\x{301}e\x{301} e\x{301}e\x{301}e\x{301}e\x{301}e\x{301}e\x{301}e\x{301}e\x{301}e\x{301}e\x{301}e\x{301}e\x{301}e\x{301}e\x{301}e\x{301}e\x{301}e\x{301}e\x{301}e\x{301}e\x{301}e\x{301}e\x{301}"
          text run at (912,3553) width 0: " "
          text run at (0,3570) width 912: "e\x{301}e\x{301}e\x{301}e\x{301}e\x{301}e\x{301}e\x{301}e\x{301}e\x{301}e\x{301}e\x{301}e\x{301}e\x{301}e\x{301}e\x{301}e\x{301}e\x{301}e\x{301}e\x{301}e\x{301}e\x{301}e\x{301}e\x{301}e\x{301}e\x{301}e\x{301}e\x{301}e\x{301}e\x{301}e\x{301}e\x{301}e\x{301} e\x{301} e\x{301}e\x{301}e\x{301}e\x{301}e\x{301}e\x{301}e\x{301}e\x{301}e\x{301}e\x{301}e\x{301}e\x{301}e\x{301}e\x{301}e\x{301}e\x{301}e\x{301}e\x{301}e\x{301}e\x{301}e\x{301}e\x{301}e\x{301}e\x{301}e\x{301}e\x{301}e\x{301}e\x{301}e\x{301}e\x{301}e\x{301}e\x{301}e\x{301}e\x{301}e\x{301}e\x{301}e\x{301}e\x{301}e\x{301}e\x{301}e\x{301}e\x{301}e\x{301} e\x{301}e\x{301}e\x{301}e\x{301}e\x{301}e\x{301}e\x{301}e\x{301}e\x{301}e\x{301}e\x{301}e\x{301}e\x{301}e\x{301}e\x{301}e\x{301}e\x{301}e\x{301}e\x{301}e\x{301}e\x{301}e\x{301}e\x{301}e\x{301}e\x{301}e\x{301}e\x{301}e\x{301}e\x{301}e\x{301} e\x{301}e\x{301}e\x{301}e\x{301}e\x{301}e\x{301}e\x{301}e\x{301}e\x{301}e\x{301}e\x{301}e\x{301}e\x{301}e\x{301}e\x{301}e\x{301}e\x{301}e\x{301}e\x{301}e\x{301}e\x{301}e\x{301}"
          text run at (912,3570) width 0: " "
          text run at (0,3587) width 912: "e\x{301}e\x{301}e\x{301}e\x{301}e\x{301}e\x{301}e\x{301}e\x{301}e\x{301}e\x{301}e\x{301}e\x{301}e\x{301}e\x{301}e\x{301}e\x{301}e\x{301}e\x{301}e\x{301}e\x{301}e\x{301}e\x{301}e\x{301}e\x{301}e\x{301}e\x{301}e\x{301}e\x{301}e\x{301}e\x{301}e\x{301}e\x{301} e\x{301} e\x{301}e\x{301}e\x{301}e\x{301}e\x{301}e\x{301}e\x{301}e\x{301}e\x{301}e\x{301}e\x{301}e\x{301}e\x{301}e\x{301}e\x{301}e\x{301}e\x{301}e\x{301}e\x{301}e\x{301}e\x{301}e\x{301}e\x{301}e\x{301}e\x{301}e\x{301}e\x{301}e\x{301}e\x{301}e\x{301}e\x{301}e\x{301}e\x{301}e\x{301}e\x{301}e\x{301}e\x{301}e\x{301}e\x{301}e\x{301}e\x{301}e\x{301}e\x{301} e\x{301}e\x{301}e\x{301}e\x{301}e\x{301}e\x{301}e\x{301}e\x{301}e\x{301}e\x{301}e\x{301}e\x{301}e\x{301}e\x{301}e\x{301}e\x{301}e\x{301}e\x{301}e\x{301}e\x{301}e\x{301}e\x{301}e\x{301}e\x{301}e\x{301}e\x{301}e\x{301}e\x{301}e\x{301}e\x{301} e\x{301}e\x{301}e\x{301}e\x{301}e\x{301}e\x{301}e\x{301}e\x{301}e\x{301}e\x{301}e\x{301}e\x{301}e\x{301}e\x{301}e\x{301}e\x{301}e\x{301}e\x{301}e\x{301}e\x{301}e\x{301}e\x{301}"
          text run at (912,3587) width 0: " "
          text run at (0,3604) width 912: "e\x{301}e\x{301}e\x{301}e\x{301}e\x{301}e\x{301}e\x{301}e\x{301}e\x{301}e\x{301}e\x{301}e\x{301}e\x{301}e\x{301}e\x{301}e\x{301}e\x{301}e\x{301}e\x{301}e\x{301}e\x{301}e\x{301}e\x{301}e\x{301}e\x{301}e\x{301}e\x{301}e\x{301}e\x{301}e\x{301}e\x{301}e\x{301} e\x{301} e\x{301}e\x{301}e\x{301}e\x{301}e\x{301}e\x{301}e\x{301}e\x{301}e\x{301}e\x{301}e\x{301}e\x{301}e\x{301}e\x{301}e\x{301}e\x{301}e\x{301}e\x{301}e\x{301}e\x{301}e\x{301}e\x{301}e\x{301}e\x{301}e\x{301}e\x{301}e\x{301}e\x{301}e\x{301}e\x{301}e\x{301}e\x{301}e\x{301}e\x{301}e\x{301}e\x{301}e\x{301}e\x{301}e\x{301}e\x{301}e\x{301}e\x{301}e\x{301} e\x{301}e\x{301}e\x{301}e\x{301}e\x{301}e\x{301}e\x{301}e\x{301}e\x{301}e\x{301}e\x{301}e\x{301}e\x{301}e\x{301}e\x{301}e\x{301}e\x{301}e\x{301}e\x{301}e\x{301}e\x{301}e\x{301}e\x{301}e\x{301}e\x{301}e\x{301}e\x{301}e\x{301}e\x{301}e\x{301} e\x{301}e\x{301}e\x{301}e\x{301}e\x{301}e\x{301}e\x{301}e\x{301}e\x{301}e\x{301}e\x{301}e\x{301}e\x{301}e\x{301}e\x{301}e\x{301}e\x{301}e\x{301}e\x{301}e\x{301}e\x{301}e\x{301}"
          text run at (912,3604) width 0: " "
          text run at (0,3621) width 912: "e\x{301}e\x{301}e\x{301}e\x{301}e\x{301}e\x{301}e\x{301}e\x{301}e\x{301}e\x{301}e\x{301}e\x{301}e\x{301}e\x{301}e\x{301}e\x{301}e\x{301}e\x{301}e\x{301}e\x{301}e\x{301}e\x{301}e\x{301}e\x{301}e\x{301}e\x{301}e\x{301}e\x{301}e\x{301}e\x{301}e\x{301}e\x{301} e\x{301} e\x{301}e\x{301}e\x{301}e\x{301}e\x{301}e\x{301}e\x{301}e\x{301}e\x{301}e\x{301}e\x{301}e\x{301}e\x{301}e\x{301}e\x{301}e\x{301}e\x{301}e\x{301}e\x{301}e\x{301}e\x{301}e\x{301}e\x{301}e\x{301}e\x{301}e\x{301}e\x{301}e\x{301}e\x{301}e\x{301}e\x{301}e\x{301}e\x{301}e\x{301}e\x{301}e\x{301}e\x{301}e\x{301}e\x{301}e\x{301}e\x{301}e\x{301}e\x{301} e\x{301}e\x{301}e\x{301}e\x{301}e\x{301}e\x{301}e\x{301}e\x{301}e\x{301}e\x{301}e\x{301}e\x{301}e\x{301}e\x{301}e\x{301}e\x{301}e\x{301}e\x{301}e\x{301}e\x{301}e\x{301}e\x{301}e\x{301}e\x{301}e\x{301}e\x{301}e\x{301}e\x{301}e\x{301}e\x{301} e\x{301}e\x{301}e\x{301}e\x{301}e\x{301}e\x{301}e\x{301}e\x{301}e\x{301}e\x{301}e\x{301}e\x{301}e\x{301}e\x{301}e\x{301}e\x{301}e\x{301}e\x{301}e\x{301}e\x{301}e\x{301}e\x{301}"
          text run at (912,3621) width 0: " "
          text run at (0,3638) width 912: "e\x{301}e\x{301}e\x{301}e\x{301}e\x{301}e\x{301}e\x{301}e\x{301}e\x{301}e\x{301}e\x{301}e\x{301}e\x{301}e\x{301}e\x{301}e\x{301}e\x{301}e\x{301}e\x{301}e\x{301}e\x{301}e\x{301}e\x{301}e\x{301}e\x{301}e\x{301}e\x{301}e\x{301}e\x{301}e\x{301}e\x{301}e\x{301} e\x{301} e\x{301}e\x{301}e\x{301}e\x{301}e\x{301}e\x{301}e\x{301}e\x{301}e\x{301}e\x{301}e\x{301}e\x{301}e\x{301}e\x{301}e\x{301}e\x{301}e\x{301}e\x{301}e\x{301}e\x{301}e\x{301}e\x{301}e\x{301}e\x{301}e\x{301}e\x{301}e\x{301}e\x{301}e\x{301}e\x{301}e\x{301}e\x{301}e\x{301}e\x{301}e\x{301}e\x{301}e\x{301}e\x{301}e\x{301}e\x{301}e\x{301}e\x{301}e\x{301} e\x{301}e\x{301}e\x{301}e\x{301}e\x{301}e\x{301}e\x{301}e\x{301}e\x{301}e\x{301}e\x{301}e\x{301}e\x{301}e\x{301}e\x{301}e\x{301}e\x{301}e\x{301}e\x{301}e\x{301}e\x{301}e\x{301}e\x{301}e\x{301}e\x{301}e\x{301}e\x{301}e\x{301}e\x{301}e\x{301} e\x{301}e\x{301}e\x{301}e\x{301}e\x{301}e\x{301}e\x{301}e\x{301}e\x{301}e\x{301}e\x{301}e\x{301}e\x{301}e\x{301}e\x{301}e\x{301}e\x{301}e\x{301}e\x{301}e\x{301}e\x{301}e\x{301}"
          text run at (912,3638) width 0: " "
          text run at (0,3655) width 912: "e\x{301}e\x{301}e\x{301}e\x{301}e\x{301}e\x{301}e\x{301}e\x{301}e\x{301}e\x{301}e\x{301}e\x{301}e\x{301}e\x{301}e\x{301}e\x{301}e\x{301}e\x{301}e\x{301}e\x{301}e\x{301}e\x{301}e\x{301}e\x{301}e\x{301}e\x{301}e\x{301}e\x{301}e\x{301}e\x{301}e\x{301}e\x{301} e\x{301} e\x{301}e\x{301}e\x{301}e\x{301}e\x{301}e\x{301}e\x{301}e\x{301}e\x{301}e\x{301}e\x{301}e\x{301}e\x{301}e\x{301}e\x{301}e\x{301}e\x{301}e\x{301}e\x{301}e\x{301}e\x{301}e\x{301}e\x{301}e\x{301}e\x{301}e\x{301}e\x{301}e\x{301}e\x{301}e\x{301}e\x{301}e\x{301}e\x{301}e\x{301}e\x{301}e\x{301}e\x{301}e\x{301}e\x{301}e\x{301}e\x{301}e\x{301}e\x{301} e\x{301}e\x{301}e\x{301}e\x{301}e\x{301}e\x{301}e\x{301}e\x{301}e\x{301}e\x{301}e\x{301}e\x{301}e\x{301}e\x{301}e\x{301}e\x{301}e\x{301}e\x{301}e\x{301}e\x{301}e\x{301}e\x{301}e\x{301}e\x{301}e\x{301}e\x{301}e\x{301}e\x{301}e\x{301}e\x{301} e\x{301}e\x{301}e\x{301}e\x{301}e\x{301}e\x{301}e\x{301}e\x{301}e\x{301}e\x{301}e\x{301}e\x{301}e\x{301}e\x{301}e\x{301}e\x{301}e\x{301}e\x{301}e\x{301}e\x{301}e\x{301}e\x{301}"
          text run at (912,3655) width 0: " "
          text run at (0,3672) width 912: "e\x{301}e\x{301}e\x{301}e\x{301}e\x{301}e\x{301}e\x{301}e\x{301}e\x{301}e\x{301}e\x{301}e\x{301}e\x{301}e\x{301}e\x{301}e\x{301}e\x{301}e\x{301}e\x{301}e\x{301}e\x{301}e\x{301}e\x{301}e\x{301}e\x{301}e\x{301}e\x{301}e\x{301}e\x{301}e\x{301}e\x{301}e\x{301} e\x{301} e\x{301}e\x{301}e\x{301}e\x{301}e\x{301}e\x{301}e\x{301}e\x{301}e\x{301}e\x{301}e\x{301}e\x{301}e\x{301}e\x{301}e\x{301}e\x{301}e\x{301}e\x{301}e\x{301}e\x{301}e\x{301}e\x{301}e\x{301}e\x{301}e\x{301}e\x{301}e\x{301}e\x{301}e\x{301}e\x{301}e\x{301}e\x{301}e\x{301}e\x{301}e\x{301}e\x{301}e\x{301}e\x{301}e\x{301}e\x{301}e\x{301}e\x{301}e\x{301} e\x{301}e\x{301}e\x{301}e\x{301}e\x{301}e\x{301}e\x{301}e\x{301}e\x{301}e\x{301}e\x{301}e\x{301}e\x{301}e\x{301}e\x{301}e\x{301}e\x{301}e\x{301}e\x{301}e\x{301}e\x{301}e\x{301}e\x{301}e\x{301}e\x{301}e\x{301}e\x{301}e\x{301}e\x{301}e\x{301} e\x{301}e\x{301}e\x{301}e\x{301}e\x{301}e\x{301}e\x{301}e\x{301}e\x{301}e\x{301}e\x{301}e\x{301}e\x{301}e\x{301}e\x{301}e\x{301}e\x{301}e\x{301}e\x{301}e\x{301}e\x{301}e\x{301}"
          text run at (912,3672) width 0: " "
          text run at (0,3689) width 912: "e\x{301}e\x{301}e\x{301}e\x{301}e\x{301}e\x{301}e\x{301}e\x{301}e\x{301}e\x{301}e\x{301}e\x{301}e\x{301}e\x{301}e\x{301}e\x{301}e\x{301}e\x{301}e\x{301}e\x{301}e\x{301}e\x{301}e\x{301}e\x{301}e\x{301}e\x{301}e\x{301}e\x{301}e\x{301}e\x{301}e\x{301}e\x{301} e\x{301} e\x{301}e\x{301}e\x{301}e\x{301}e\x{301}e\x{301}e\x{301}e\x{301}e\x{301}e\x{301}e\x{301}e\x{301}e\x{301}e\x{301}e\x{301}e\x{301}e\x{301}e\x{301}e\x{301}e\x{301}e\x{301}e\x{301}e\x{301}e\x{301}e\x{301}e\x{301}e\x{301}e\x{301}e\x{301}e\x{301}e\x{301}e\x{301}e\x{301}e\x{301}e\x{301}e\x{301}e\x{301}e\x{301}e\x{301}e\x{301}e\x{301}e\x{301}e\x{301} e\x{301}e\x{301}e\x{301}e\x{301}e\x{301}e\x{301}e\x{301}e\x{301}e\x{301}e\x{301}e\x{301}e\x{301}e\x{301}e\x{301}e\x{301}e\x{301}e\x{301}e\x{301}e\x{301}e\x{301}e\x{301}e\x{301}e\x{301}e\x{301}e\x{301}e\x{301}e\x{301}e\x{301}e\x{301}e\x{301} e\x{301}e\x{301}e\x{301}e\x{301}e\x{301}e\x{301}e\x{301}e\x{301}e\x{301}e\x{301}e\x{301}e\x{301}e\x{301}e\x{301}e\x{301}e\x{301}e\x{301}e\x{301}e\x{301}e\x{301}e\x{301}e\x{301}"
          text run at (912,3689) width 0: " "
          text run at (0,3706) width 912: "e\x{301}e\x{301}e\x{301}e\x{301}e\x{301}e\x{301}e\x{301}e\x{301}e\x{301}e\x{301}e\x{301}e\x{301}e\x{301}e\x{301}e\x{301}e\x{301}e\x{301}e\x{301}e\x{301}e\x{301}e\x{301}e\x{301}e\x{301}e\x{301}e\x{301}e\x{301}e\x{301}e\x{301}e\x{301}e\x{301}e\x{301}e\x{301} e\x{301} e\x{301}e\x{301}e\x{301}e\x{301}e\x{301}e\x{301}e\x{301}e\x{301}e\x{301}e\x{301}e\x{301}e\x{301}e\x{301}e\x{301}e\x{301}e\x{301}e\x{301}e\x{301}e\x{301}e\x{301}e\x{301}e\x{301}e\x{301}e\x{301}e\x{301}e\x{301}e\x{301}e\x{301}e\x{301}e\x{301}e\x{301}e\x{301}e\x{301}e\x{301}e\x{301}e\x{301}e\x{301}e\x{301}e\x{301}e\x{301}e\x{301}e\x{301}e\x{301} e\x{301}e\x{301}e\x{301}e\x{301}e\x{301}e\x{301}e\x{301}e\x{301}e\x{301}e\x{301}e\x{301}e\x{301}e\x{301}e\x{301}e\x{301}e\x{301}e\x{301}e\x{301}e\x{301}e\x{301}e\x{301}e\x{301}e\x{301}e\x{301}e\x{301}e\x{301}e\x{301}e\x{301}e\x{301}e\x{301} e\x{301}e\x{301}e\x{301}e\x{301}e\x{301}e\x{301}e\x{301}e\x{301}e\x{301}e\x{301}e\x{301}e\x{301}e\x{301}e\x{301}e\x{301}e\x{301}e\x{301}e\x{301}e\x{301}e\x{301}e\x{301}e\x{301}"
          text run at (912,3706) width 0: " "
          text run at (0,3723) width 912: "e\x{301}e\x{301}e\x{301}e\x{301}e\x{301}e\x{301}e\x{301}e\x{301}e\x{301}e\x{301}e\x{301}e\x{301}e\x{301}e\x{301}e\x{301}e\x{301}e\x{301}e\x{301}e\x{301}e\x{301}e\x{301}e\x{301}e\x{301}e\x{301}e\x{301}e\x{301}e\x{301}e\x{301}e\x{301}e\x{301}e\x{301}e\x{301} e\x{301} e\x{301}e\x{301}e\x{301}e\x{301}e\x{301}e\x{301}e\x{301}e\x{301}e\x{301}e\x{301}e\x{301}e\x{301}e\x{301}e\x{301}e\x{301}e\x{301}e\x{301}e\x{301}e\x{301}e\x{301}e\x{301}e\x{301}e\x{301}e\x{301}e\x{301}e\x{301}e\x{301}e\x{301}e\x{301}e\x{301}e\x{301}e\x{301}e\x{301}e\x{301}e\x{301}e\x{301}e\x{301}e\x{301}e\x{301}e\x{301}e\x{301}e\x{301}e\x{301} e\x{301}e\x{301}e\x{301}e\x{301}e\x{301}e\x{301}e\x{301}e\x{301}e\x{301}e\x{301}e\x{301}e\x{301}e\x{301}e\x{301}e\x{301}e\x{301}e\x{301}e\x{301}e\x{301}e\x{301}e\x{301}e\x{301}e\x{301}e\x{301}e\x{301}e\x{301}e\x{301}e\x{301}e\x{301}e\x{301} e\x{301}e\x{301}e\x{301}e\x{301}e\x{301}e\x{301}e\x{301}e\x{301}e\x{301}e\x{301}e\x{301}e\x{301}e\x{301}e\x{301}e\x{301}e\x{301}e\x{301}e\x{301}e\x{301}e\x{301}e\x{301}e\x{301}"
          text run at (912,3723) width 0: " "
          text run at (0,3740) width 912: "e\x{301}e\x{301}e\x{301}e\x{301}e\x{301}e\x{301}e\x{301}e\x{301}e\x{301}e\x{301}e\x{301}e\x{301}e\x{301}e\x{301}e\x{301}e\x{301}e\x{301}e\x{301}e\x{301}e\x{301}e\x{301}e\x{301}e\x{301}e\x{301}e\x{301}e\x{301}e\x{301}e\x{301}e\x{301}e\x{301}e\x{301}e\x{301} e\x{301} e\x{301}e\x{301}e\x{301}e\x{301}e\x{301}e\x{301}e\x{301}e\x{301}e\x{301}e\x{301}e\x{301}e\x{301}e\x{301}e\x{301}e\x{301}e\x{301}e\x{301}e\x{301}e\x{301}e\x{301}e\x{301}e\x{301}e\x{301}e\x{301}e\x{301}e\x{301}e\x{301}e\x{301}e\x{301}e\x{301}e\x{301}e\x{301}e\x{301}e\x{301}e\x{301}e\x{301}e\x{301}e\x{301}e\x{301}e\x{301}e\x{301}e\x{301}e\x{301} e\x{301}e\x{301}e\x{301}e\x{301}e\x{301}e\x{301}e\x{301}e\x{301}e\x{301}e\x{301}e\x{301}e\x{301}e\x{301}e\x{301}e\x{301}e\x{301}e\x{301}e\x{301}e\x{301}e\x{301}e\x{301}e\x{301}e\x{301}e\x{301}e\x{301}e\x{301}e\x{301}e\x{301}e\x{301}e\x{301} e\x{301}e\x{301}e\x{301}e\x{301}e\x{301}e\x{301}e\x{301}e\x{301}e\x{301}e\x{301}e\x{301}e\x{301}e\x{301}e\x{301}e\x{301}e\x{301}e\x{301}e\x{301}e\x{301}e\x{301}e\x{301}e\x{301}"
          text run at (912,3740) width 0: " "
          text run at (0,3757) width 912: "e\x{301}e\x{301}e\x{301}e\x{301}e\x{301}e\x{301}e\x{301}e\x{301}e\x{301}e\x{301}e\x{301}e\x{301}e\x{301}e\x{301}e\x{301}e\x{301}e\x{301}e\x{301}e\x{301}e\x{301}e\x{301}e\x{301}e\x{301}e\x{301}e\x{301}e\x{301}e\x{301}e\x{301}e\x{301}e\x{301}e\x{301}e\x{301} e\x{301} e\x{301}e\x{301}e\x{301}e\x{301}e\x{301}e\x{301}e\x{301}e\x{301}e\x{301}e\x{301}e\x{301}e\x{301}e\x{301}e\x{301}e\x{301}e\x{301}e\x{301}e\x{301}e\x{301}e\x{301}e\x{301}e\x{301}e\x{301}e\x{301}e\x{301}e\x{301}e\x{301}e\x{301}e\x{301}e\x{301}e\x{301}e\x{301}e\x{301}e\x{301}e\x{301}e\x{301}e\x{301}e\x{301}e\x{301}e\x{301}e\x{301}e\x{301}e\x{301} e\x{301}e\x{301}e\x{301}e\x{301}e\x{301}e\x{301}e\x{301}e\x{301}e\x{301}e\x{301}e\x{301}e\x{301}e\x{301}e\x{301}e\x{301}e\x{301}e\x{301}e\x{301}e\x{301}e\x{301}e\x{301}e\x{301}e\x{301}e\x{301}e\x{301}e\x{301}e\x{301}e\x{301}e\x{301}e\x{301} e\x{301}e\x{301}e\x{301}e\x{301}e\x{301}e\x{301}e\x{301}e\x{301}e\x{301}e\x{301}e\x{301}e\x{301}e\x{301}e\x{301}e\x{301}e\x{301}e\x{301}e\x{301}e\x{301}e\x{301}e\x{301}e\x{301}"
          text run at (912,3757) width 0: " "
          text run at (0,3774) width 912: "e\x{301}e\x{301}e\x{301}e\x{301}e\x{301}e\x{301}e\x{301}e\x{301}e\x{301}e\x{301}e\x{301}e\x{301}e\x{301}e\x{301}e\x{301}e\x{301}e\x{301}e\x{301}e\x{301}e\x{301}e\x{301}e\x{301}e\x{301}e\x{301}e\x{301}e\x{301}e\x{301}e\x{301}e\x{301}e\x{301}e\x{301}e\x{301} e\x{301} e\x{301}e\x{301}e\x{301}e\x{301}e\x{301}e\x{301}e\x{301}e\x{301}e\x{301}e\x{301}e\x{301}e\x{301}e\x{301}e\x{301}e\x{301}e\x{301}e\x{301}e\x{301}e\x{301}e\x{301}e\x{301}e\x{301}e\x{301}e\x{301}e\x{301}e\x{301}e\x{301}e\x{301}e\x{301}e\x{301}e\x{301}e\x{301}e\x{301}e\x{301}e\x{301}e\x{301}e\x{301}e\x{301}e\x{301}e\x{301}e\x{301}e\x{301}e\x{301} e\x{301}e\x{301}e\x{301}e\x{301}e\x{301}e\x{301}e\x{301}e\x{301}e\x{301}e\x{301}e\x{301}e\x{301}e\x{301}e\x{301}e\x{301}e\x{301}e\x{301}e\x{301}e\x{301}e\x{301}e\x{301}e\x{301}e\x{301}e\x{301}e\x{301}e\x{301}e\x{301}e\x{301}e\x{301}e\x{301} e\x{301}e\x{301}e\x{301}e\x{301}e\x{301}e\x{301}e\x{301}e\x{301}e\x{301}e\x{301}e\x{301}e\x{301}e\x{301}e\x{301}e\x{301}e\x{301}e\x{301}e\x{301}e\x{301}e\x{301}e\x{301}e\x{301}"
          text run at (912,3774) width 0: " "
          text run at (0,3791) width 912: "e\x{301}e\x{301}e\x{301}e\x{301}e\x{301}e\x{301}e\x{301}e\x{301}e\x{301}e\x{301}e\x{301}e\x{301}e\x{301}e\x{301}e\x{301}e\x{301}e\x{301}e\x{301}e\x{301}e\x{301}e\x{301}e\x{301}e\x{301}e\x{301}e\x{301}e\x{301}e\x{301}e\x{301}e\x{301}e\x{301}e\x{301}e\x{301} e\x{301} e\x{301}e\x{301}e\x{301}e\x{301}e\x{301}e\x{301}e\x{301}e\x{301}e\x{301}e\x{301}e\x{301}e\x{301}e\x{301}e\x{301}e\x{301}e\x{301}e\x{301}e\x{301}e\x{301}e\x{301}e\x{301}e\x{301}e\x{301}e\x{301}e\x{301}e\x{301}e\x{301}e\x{301}e\x{301}e\x{301}e\x{301}e\x{301}e\x{301}e\x{301}e\x{301}e\x{301}e\x{301}e\x{301}e\x{301}e\x{301}e\x{301}e\x{301}e\x{301} e\x{301}e\x{301}e\x{301}e\x{301}e\x{301}e\x{301}e\x{301}e\x{301}e\x{301}e\x{301}e\x{301}e\x{301}e\x{301}e\x{301}e\x{301}e\x{301}e\x{301}e\x{301}e\x{301}e\x{301}e\x{301}e\x{301}e\x{301}e\x{301}e\x{301}e\x{301}e\x{301}e\x{301}e\x{301}e\x{301} e\x{301}e\x{301}e\x{301}e\x{301}e\x{301}e\x{301}e\x{301}e\x{301}e\x{301}e\x{301}e\x{301}e\x{301}e\x{301}e\x{301}e\x{301}e\x{301}e\x{301}e\x{301}e\x{301}e\x{301}e\x{301}e\x{301}"
          text run at (912,3791) width 0: " "
          text run at (0,3808) width 912: "e\x{301}e\x{301}e\x{301}e\x{301}e\x{301}e\x{301}e\x{301}e\x{301}e\x{301}e\x{301}e\x{301}e\x{301}e\x{301}e\x{301}e\x{301}e\x{301}e\x{301}e\x{301}e\x{301}e\x{301}e\x{301}e\x{301}e\x{301}e\x{301}e\x{301}e\x{301}e\x{301}e\x{301}e\x{301}e\x{301}e\x{301}e\x{301} e\x{301} e\x{301}e\x{301}e\x{301}e\x{301}e\x{301}e\x{301}e\x{301}e\x{301}e\x{301}e\x{301}e\x{301}e\x{301}e\x{301}e\x{301}e\x{301}e\x{301}e\x{301}e\x{301}e\x{301}e\x{301}e\x{301}e\x{301}e\x{301}e\x{301}e\x{301}e\x{301}e\x{301}e\x{301}e\x{301}e\x{301}e\x{301}e\x{301}e\x{301}e\x{301}e\x{301}e\x{301}e\x{301}e\x{301}e\x{301}e\x{301}e\x{301}e\x{301}e\x{301} e\x{301}e\x{301}e\x{301}e\x{301}e\x{301}e\x{301}e\x{301}e\x{301}e\x{301}e\x{301}e\x{301}e\x{301}e\x{301}e\x{301}e\x{301}e\x{301}e\x{301}e\x{301}e\x{301}e\x{301}e\x{301}e\x{301}e\x{301}e\x{301}e\x{301}e\x{301}e\x{301}e\x{301}e\x{301}e\x{301} e\x{301}e\x{301}e\x{301}e\x{301}e\x{301}e\x{301}e\x{301}e\x{301}e\x{301}e\x{301}e\x{301}e\x{301}e\x{301}e\x{301}e\x{301}e\x{301}e\x{301}e\x{301}e\x{301}e\x{301}e\x{301}e\x{301}"
          text run at (912,3808) width 0: " "
          text run at (0,3825) width 912: "e\x{301}e\x{301}e\x{301}e\x{301}e\x{301}e\x{301}e\x{301}e\x{301}e\x{301}e\x{301}e\x{301}e\x{301}e\x{301}e\x{301}e\x{301}e\x{301}e\x{301}e\x{301}e\x{301}e\x{301}e\x{301}e\x{301}e\x{301}e\x{301}e\x{301}e\x{301}e\x{301}e\x{301}e\x{301}e\x{301}e\x{301}e\x{301} e\x{301} e\x{301}e\x{301}e\x{301}e\x{301}e\x{301}e\x{301}e\x{301}e\x{301}e\x{301}e\x{301}e\x{301}e\x{301}e\x{301}e\x{301}e\x{301}e\x{301}e\x{301}e\x{301}e\x{301}e\x{301}e\x{301}e\x{301}e\x{301}e\x{301}e\x{301}e\x{301}e\x{301}e\x{301}e\x{301}e\x{301}e\x{301}e\x{301}e\x{301}e\x{301}e\x{301}e\x{301}e\x{301}e\x{301}e\x{301}e\x{301}e\x{301}e\x{301}e\x{301} e\x{301}e\x{301}e\x{301}e\x{301}e\x{301}e\x{301}e\x{301}e\x{301}e\x{301}e\x{301}e\x{301}e\x{301}e\x{301}e\x{301}e\x{301}e\x{301}e\x{301}e\x{301}e\x{301}e\x{301}e\x{301}e\x{301}e\x{301}e\x{301}e\x{301}e\x{301}e\x{301}e\x{301}e\x{301}e\x{301} e\x{301}e\x{301}e\x{301}e\x{301}e\x{301}e\x{301}e\x{301}e\x{301}e\x{301}e\x{301}e\x{301}e\x{301}e\x{301}e\x{301}e\x{301}e\x{301}e\x{301}e\x{301}e\x{301}e\x{301}e\x{301}e\x{301}"
          text run at (912,3825) width 0: " "
          text run at (0,3842) width 912: "e\x{301}e\x{301}e\x{301}e\x{301}e\x{301}e\x{301}e\x{301}e\x{301}e\x{301}e\x{301}e\x{301}e\x{301}e\x{301}e\x{301}e\x{301}e\x{301}e\x{301}e\x{301}e\x{301}e\x{301}e\x{301}e\x{301}e\x{301}e\x{301}e\x{301}e\x{301}e\x{301}e\x{301}e\x{301}e\x{301}e\x{301}e\x{301} e\x{301} e\x{301}e\x{301}e\x{301}e\x{301}e\x{301}e\x{301}e\x{301}e\x{301}e\x{301}e\x{301}e\x{301}e\x{301}e\x{301}e\x{301}e\x{301}e\x{301}e\x{301}e\x{301}e\x{301}e\x{301}e\x{301}e\x{301}e\x{301}e\x{301}e\x{301}e\x{301}e\x{301}e\x{301}e\x{301}e\x{301}e\x{301}e\x{301}e\x{301}e\x{301}e\x{301}e\x{301}e\x{301}e\x{301}e\x{301}e\x{301}e\x{301}e\x{301}e\x{301} e\x{301}e\x{301}e\x{301}e\x{301}e\x{301}e\x{301}e\x{301}e\x{301}e\x{301}e\x{301}e\x{301}e\x{301}e\x{301}e\x{301}e\x{301}e\x{301}e\x{301}e\x{301}e\x{301}e\x{301}e\x{301}e\x{301}e\x{301}e\x{301}e\x{301}e\x{301}e\x{301}e\x{301}e\x{301}e\x{301} e\x{301}e\x{301}e\x{301}e\x{301}e\x{301}e\x{301}e\x{301}e\x{301}e\x{301}e\x{301}e\x{301}e\x{301}e\x{301}e\x{301}e\x{301}e\x{301}e\x{301}e\x{301}e\x{301}e\x{301}e\x{301}e\x{301}"
          text run at (912,3842) width 0: " "
          text run at (0,3859) width 912: "e\x{301}e\x{301}e\x{301}e\x{301}e\x{301}e\x{301}e\x{301}e\x{301}e\x{301}e\x{301}e\x{301}e\x{301}e\x{301}e\x{301}e\x{301}e\x{301}e\x{301}e\x{301}e\x{301}e\x{301}e\x{301}e\x{301}e\x{301}e\x{301}e\x{301}e\x{301}e\x{301}e\x{301}e\x{301}e\x{301}e\x{301}e\x{301} e\x{301} e\x{301}e\x{301}e\x{301}e\x{301}e\x{301}e\x{301}e\x{301}e\x{301}e\x{301}e\x{301}e\x{301}e\x{301}e\x{301}e\x{301}e\x{301}e\x{301}e\x{301}e\x{301}e\x{301}e\x{301}e\x{301}e\x{301}e\x{301}e\x{301}e\x{301}e\x{301}e\x{301}e\x{301}e\x{301}e\x{301}e\x{301}e\x{301}e\x{301}e\x{301}e\x{301}e\x{301}e\x{301}e\x{301}e\x{301}e\x{301}e\x{301}e\x{301}e\x{301} e\x{301}e\x{301}e\x{301}e\x{301}e\x{301}e\x{301}e\x{301}e\x{301}e\x{301}e\x{301}e\x{301}e\x{301}e\x{301}e\x{301}e\x{301}e\x{301}e\x{301}e\x{301}e\x{301}e\x{301}e\x{301}e\x{301}e\x{301}e\x{301}e\x{301}e\x{301}e\x{301}e\x{301}e\x{301}e\x{301} e\x{301}e\x{301}e\x{301}e\x{301}e\x{301}e\x{301}e\x{301}e\x{301}e\x{301}e\x{301}e\x{301}e\x{301}e\x{301}e\x{301}e\x{301}e\x{301}e\x{301}e\x{301}e\x{301}e\x{301}e\x{301}e\x{301}"
          text run at (912,3859) width 0: " "
          text run at (0,3876) width 912: "e\x{301}e\x{301}e\x{301}e\x{301}e\x{301}e\x{301}e\x{301}e\x{301}e\x{301}e\x{301}e\x{301}e\x{301}e\x{301}e\x{301}e\x{301}e\x{301}e\x{301}e\x{301}e\x{301}e\x{301}e\x{301}e\x{301}e\x{301}e\x{301}e\x{301}e\x{301}e\x{301}e\x{301}e\x{301}e\x{301}e\x{301}e\x{301} e\x{301} e\x{301}e\x{301}e\x{301}e\x{301}e\x{301}e\x{301}e\x{301}e\x{301}e\x{301}e\x{301}e\x{301}e\x{301}e\x{301}e\x{301}e\x{301}e\x{301}e\x{301}e\x{301}e\x{301}e\x{301}e\x{301}e\x{301}e\x{301}e\x{301}e\x{301}e\x{301}e\x{301}e\x{301}e\x{301}e\x{301}e\x{301}e\x{301}e\x{301}e\x{301}e\x{301}e\x{301}e\x{301}e\x{301}e\x{301}e\x{301}e\x{301}e\x{301}e\x{301} e\x{301}e\x{301}e\x{301}e\x{301}e\x{301}e\x{301}e\x{301}e\x{301}e\x{301}e\x{301}e\x{301}e\x{301}e\x{301}e\x{301}e\x{301}e\x{301}e\x{301}e\x{301}e\x{301}e\x{301}e\x{301}e\x{301}e\x{301}e\x{301}e\x{301}e\x{301}e\x{301}e\x{301}e\x{301}e\x{301} e\x{301}e\x{301}e\x{301}e\x{301}e\x{301}e\x{301}e\x{301}e\x{301}e\x{301}e\x{301}e\x{301}e\x{301}e\x{301}e\x{301}e\x{301}e\x{301}e\x{301}e\x{301}e\x{301}e\x{301}e\x{301}e\x{301}"
          text run at (912,3876) width 0: " "
          text run at (0,3893) width 912: "e\x{301}e\x{301}e\x{301}e\x{301}e\x{301}e\x{301}e\x{301}e\x{301}e\x{301}e\x{301}e\x{301}e\x{301}e\x{301}e\x{301}e\x{301}e\x{301}e\x{301}e\x{301}e\x{301}e\x{301}e\x{301}e\x{301}e\x{301}e\x{301}e\x{301}e\x{301}e\x{301}e\x{301}e\x{301}e\x{301}e\x{301}e\x{301} e\x{301} e\x{301}e\x{301}e\x{301}e\x{301}e\x{301}e\x{301}e\x{301}e\x{301}e\x{301}e\x{301}e\x{301}e\x{301}e\x{301}e\x{301}e\x{301}e\x{301}e\x{301}e\x{301}e\x{301}e\x{301}e\x{301}e\x{301}e\x{301}e\x{301}e\x{301}e\x{301}e\x{301}e\x{301}e\x{301}e\x{301}e\x{301}e\x{301}e\x{301}e\x{301}e\x{301}e\x{301}e\x{301}e\x{301}e\x{301}e\x{301}e\x{301}e\x{301}e\x{301} e\x{301}e\x{301}e\x{301}e\x{301}e\x{301}e\x{301}e\x{301}e\x{301}e\x{301}e\x{301}e\x{301}e\x{301}e\x{301}e\x{301}e\x{301}e\x{301}e\x{301}e\x{301}e\x{301}e\x{301}e\x{301}e\x{301}e\x{301}e\x{301}e\x{301}e\x{301}e\x{301}e\x{301}e\x{301}e\x{301} e\x{301}e\x{301}e\x{301}e\x{301}e\x{301}e\x{301}e\x{301}e\x{301}e\x{301}e\x{301}e\x{301}e\x{301}e\x{301}e\x{301}e\x{301}e\x{301}e\x{301}e\x{301}e\x{301}e\x{301}e\x{301}e\x{301}"
          text run at (912,3893) width 0: " "
          text run at (0,3910) width 912: "e\x{301}e\x{301}e\x{301}e\x{301}e\x{301}e\x{301}e\x{301}e\x{301}e\x{301}e\x{301}e\x{301}e\x{301}e\x{301}e\x{301}e\x{301}e\x{301}e\x{301}e\x{301}e\x{301}e\x{301}e\x{301}e\x{301}e\x{301}e\x{301}e\x{301}e\x{301}e\x{301}e\x{301}e\x{301}e\x{301}e\x{301}e\x{301} e\x{301} e\x{301}e\x{301}e\x{301}e\x{301}e\x{301}e\x{301}e\x{301}e\x{301}e\x{301}e\x{301}e\x{301}e\x{301}e\x{301}e\x{301}e\x{301}e\x{301}e\x{301}e\x{301}e\x{301}e\x{301}e\x{301}e\x{301}e\x{301}e\x{301}e\x{301}e\x{301}e\x{301}e\x{301}e\x{301}e\x{301}e\x{301}e\x{301}e\x{301}e\x{301}e\x{301}e\x{301}e\x{301}e\x{301}e\x{301}e\x{301}e\x{301}e\x{301}e\x{301} e\x{301}e\x{301}e\x{301}e\x{301}e\x{301}e\x{301}e\x{301}e\x{301}e\x{301}e\x{301}e\x{301}e\x{301}e\x{301}e\x{301}e\x{301}e\x{301}e\x{301}e\x{301}e\x{301}e\x{301}e\x{301}e\x{301}e\x{301}e\x{301}e\x{301}e\x{301}e\x{301}e\x{301}e\x{301}e\x{301} e\x{301}e\x{301}e\x{301}e\x{301}e\x{301}e\x{301}e\x{301}e\x{301}e\x{301}e\x{301}e\x{301}e\x{301}e\x{301}e\x{301}e\x{301}e\x{301}e\x{301}e\x{301}e\x{301}e\x{301}e\x{301}e\x{301}"
          text run at (912,3910) width 0: " "
          text run at (0,3927) width 912: "e\x{301}e\x{301}e\x{301}e\x{301}e\x{301}e\x{301}e\x{301}e\x{301}e\x{301}e\x{301}e\x{301}e\x{301}e\x{301}e\x{301}e\x{301}e\x{301}e\x{301}e\x{301}e\x{301}e\x{301}e\x{301}e\x{301}e\x{301}e\x{301}e\x{301}e\x{301}e\x{301}e\x{301}e\x{301}e\x{301}e\x{301}e\x{301} e\x{301} e\x{301}e\x{301}e\x{301}e\x{301}e\x{301}e\x{301}e\x{301}e\x{301}e\x{301}e\x{301}e\x{301}e\x{301}e\x{301}e\x{301}e\x{301}e\x{301}e\x{301}e\x{301}e\x{301}e\x{301}e\x{301}e\x{301}e\x{301}e\x{301}e\x{301}e\x{301}e\x{301}e\x{301}e\x{301}e\x{301}e\x{301}e\x{301}e\x{301}e\x{301}e\x{301}e\x{301}e\x{301}e\x{301}e\x{301}e\x{301}e\x{301}e\x{301}e\x{301} e\x{301}e\x{301}e\x{301}e\x{301}e\x{301}e\x{301}e\x{301}e\x{301}e\x{301}e\x{301}e\x{301}e\x{301}e\x{301}e\x{301}e\x{301}e\x{301}e\x{301}e\x{301}e\x{301}e\x{301}e\x{301}e\x{301}e\x{301}e\x{301}e\x{301}e\x{301}e\x{301}e\x{301}e\x{301}e\x{301} e\x{301}e\x{301}e\x{301}e\x{301}e\x{301}e\x{301}e\x{301}e\x{301}e\x{301}e\x{301}e\x{301}e\x{301}e\x{301}e\x{301}e\x{301}e\x{301}e\x{301}e\x{301}e\x{301}e\x{301}e\x{301}e\x{301}"
          text run at (912,3927) width 0: " "
          text run at (0,3944) width 912: "e\x{301}e\x{301}e\x{301}e\x{301}e\x{301}e\x{301}e\x{301}e\x{301}e\x{301}e\x{301}e\x{301}e\x{301}e\x{301}e\x{301}e\x{301}e\x{301}e\x{301}e\x{301}e\x{301}e\x{301}e\x{301}e\x{301}e\x{301}e\x{301}e\x{301}e\x{301}e\x{301}e\x{301}e\x{301}e\x{301}e\x{301}e\x{301} e\x{301} e\x{301}e\x{301}e\x{301}e\x{301}e\x{301}e\x{301}e\x{301}e\x{301}e\x{301}e\x{301}e\x{301}e\x{301}e\x{301}e\x{301}e\x{301}e\x{301}e\x{301}e\x{301}e\x{301}e\x{301}e\x{301}e\x{301}e\x{301}e\x{301}e\x{301}e\x{301}e\x{301}e\x{301}e\x{301}e\x{301}e\x{301}e\x{301}e\x{301}e\x{301}e\x{301}e\x{301}e\x{301}e\x{301}e\x{301}e\x{301}e\x{301}e\x{301}e\x{301} e\x{301}e\x{301}e\x{301}e\x{301}e\x{301}e\x{301}e\x{301}e\x{301}e\x{301}e\x{301}e\x{301}e\x{301}e\x{301}e\x{301}e\x{301}e\x{301}e\x{301}e\x{301}e\x{301}e\x{301}e\x{301}e\x{301}e\x{301}e\x{301}e\x{301}e\x{301}e\x{301}e\x{301}e\x{301}e\x{301} e\x{301}e\x{301}e\x{301}e\x{301}e\x{301}e\x{301}e\x{301}e\x{301}e\x{301}e\x{301}e\x{301}e\x{301}e\x{301}e\x{301}e\x{301}e\x{301}e\x{301}e\x{301}e\x{301}e\x{301}e\x{301}e\x{301}"
          text run at (912,3944) width 0: " "
          text run at (0,3961) width 912: "e\x{301}e\x{301}e\x{301}e\x{301}e\x{301}e\x{301}e\x{301}e\x{301}e\x{301}e\x{301}e\x{301}e\x{301}e\x{301}e\x{301}e\x{301}e\x{301}e\x{301}e\x{301}e\x{301}e\x{301}e\x{301}e\x{301}e\x{301}e\x{301}e\x{301}e\x{301}e\x{301}e\x{301}e\x{301}e\x{301}e\x{301}e\x{301} e\x{301} e\x{301}e\x{301}e\x{301}e\x{301}e\x{301}e\x{301}e\x{301}e\x{301}e\x{301}e\x{301}e\x{301}e\x{301}e\x{301}e\x{301}e\x{301}e\x{301}e\x{301}e\x{301}e\x{301}e\x{301}e\x{301}e\x{301}e\x{301}e\x{301}e\x{301}e\x{301}e\x{301}e\x{301}e\x{301}e\x{301}e\x{301}e\x{301}e\x{301}e\x{301}e\x{301}e\x{301}e\x{301}e\x{301}e\x{301}e\x{301}e\x{301}e\x{301}e\x{301} e\x{301}e\x{301}e\x{301}e\x{301}e\x{301}e\x{301}e\x{301}e\x{301}e\x{301}e\x{301}e\x{301}e\x{301}e\x{301}e\x{301}e\x{301}e\x{301}e\x{301}e\x{301}e\x{301}e\x{301}e\x{301}e\x{301}e\x{301}e\x{301}e\x{301}e\x{301}e\x{301}e\x{301}e\x{301}e\x{301} e\x{301}e\x{301}e\x{301}e\x{301}e\x{301}e\x{301}e\x{301}e\x{301}e\x{301}e\x{301}e\x{301}e\x{301}e\x{301}e\x{301}e\x{301}e\x{301}e\x{301}e\x{301}e\x{301}e\x{301}e\x{301}e\x{301}"
          text run at (912,3961) width 0: " "
          text run at (0,3978) width 912: "e\x{301}e\x{301}e\x{301}e\x{301}e\x{301}e\x{301}e\x{301}e\x{301}e\x{301}e\x{301}e\x{301}e\x{301}e\x{301}e\x{301}e\x{301}e\x{301}e\x{301}e\x{301}e\x{301}e\x{301}e\x{301}e\x{301}e\x{301}e\x{301}e\x{301}e\x{301}e\x{301}e\x{301}e\x{301}e\x{301}e\x{301}e\x{301} e\x{301} e\x{301}e\x{301}e\x{301}e\x{301}e\x{301}e\x{301}e\x{301}e\x{301}e\x{301}e\x{301}e\x{301}e\x{301}e\x{301}e\x{301}e\x{301}e\x{301}e\x{301}e\x{301}e\x{301}e\x{301}e\x{301}e\x{301}e\x{301}e\x{301}e\x{301}e\x{301}e\x{301}e\x{301}e\x{301}e\x{301}e\x{301}e\x{301}e\x{301}e\x{301}e\x{301}e\x{301}e\x{301}e\x{301}e\x{301}e\x{301}e\x{301}e\x{301}e\x{301} e\x{301}e\x{301}e\x{301}e\x{301}e\x{301}e\x{301}e\x{301}e\x{301}e\x{301}e\x{301}e\x{301}e\x{301}e\x{301}e\x{301}e\x{301}e\x{301}e\x{301}e\x{301}e\x{301}e\x{301}e\x{301}e\x{301}e\x{301}e\x{301}e\x{301}e\x{301}e\x{301}e\x{301}e\x{301}e\x{301} e\x{301}e\x{301}e\x{301}e\x{301}e\x{301}e\x{301}e\x{301}e\x{301}e\x{301}e\x{301}e\x{301}e\x{301}e\x{301}e\x{301}e\x{301}e\x{301}e\x{301}e\x{301}e\x{301}e\x{301}e\x{301}e\x{301}"
          text run at (912,3978) width 0: " "
          text run at (0,3995) width 912: "e\x{301}e\x{301}e\x{301}e\x{301}e\x{301}e\x{301}e\x{301}e\x{301}e\x{301}e\x{301}e\x{301}e\x{301}e\x{301}e\x{301}e\x{301}e\x{301}e\x{301}e\x{301}e\x{301}e\x{301}e\x{301}e\x{301}e\x{301}e\x{301}e\x{301}e\x{301}e\x{301}e\x{301}e\x{301}e\x{301}e\x{301}e\x{301} e\x{301} e\x{301}e\x{301}e\x{301}e\x{301}e\x{301}e\x{301}e\x{301}e\x{301}e\x{301}e\x{301}e\x{301}e\x{301}e\x{301}e\x{301}e\x{301}e\x{301}e\x{301}e\x{301}e\x{301}e\x{301}e\x{301}e\x{301}e\x{301}e\x{301}e\x{301}e\x{301}e\x{301}e\x{301}e\x{301}e\x{301}e\x{301}e\x{301}e\x{301}e\x{301}e\x{301}e\x{301}e\x{301}e\x{301}e\x{301}e\x{301}e\x{301}e\x{301}e\x{301} e\x{301}e\x{301}e\x{301}e\x{301}e\x{301}e\x{301}e\x{301}e\x{301}e\x{301}e\x{301}e\x{301}e\x{301}e\x{301}e\x{301}e\x{301}e\x{301}e\x{301}e\x{301}e\x{301}e\x{301}e\x{301}e\x{301}e\x{301}e\x{301}e\x{301}e\x{301}e\x{301}e\x{301}e\x{301}e\x{301} e\x{301}e\x{301}e\x{301}e\x{301}e\x{301}e\x{301}e\x{301}e\x{301}e\x{301}e\x{301}e\x{301}e\x{301}e\x{301}e\x{301}e\x{301}e\x{301}e\x{301}e\x{301}e\x{301}e\x{301}e\x{301}e\x{301}"
          text run at (912,3995) width 0: " "
          text run at (0,4012) width 912: "e\x{301}e\x{301}e\x{301}e\x{301}e\x{301}e\x{301}e\x{301}e\x{301}e\x{301}e\x{301}e\x{301}e\x{301}e\x{301}e\x{301}e\x{301}e\x{301}e\x{301}e\x{301}e\x{301}e\x{301}e\x{301}e\x{301}e\x{301}e\x{301}e\x{301}e\x{301}e\x{301}e\x{301}e\x{301}e\x{301}e\x{301}e\x{301} e\x{301} e\x{301}e\x{301}e\x{301}e\x{301}e\x{301}e\x{301}e\x{301}e\x{301}e\x{301}e\x{301}e\x{301}e\x{301}e\x{301}e\x{301}e\x{301}e\x{301}e\x{301}e\x{301}e\x{301}e\x{301}e\x{301}e\x{301}e\x{301}e\x{301}e\x{301}e\x{301}e\x{301}e\x{301}e\x{301}e\x{301}e\x{301}e\x{301}e\x{301}e\x{301}e\x{301}e\x{301}e\x{301}e\x{301}e\x{301}e\x{301}e\x{301}e\x{301}e\x{301} e\x{301}e\x{301}e\x{301}e\x{301}e\x{301}e\x{301}e\x{301}e\x{301}e\x{301}e\x{301}e\x{301}e\x{301}e\x{301}e\x{301}e\x{301}e\x{301}e\x{301}e\x{301}e\x{301}e\x{301}e\x{301}e\x{301}e\x{301}e\x{301}e\x{301}e\x{301}e\x{301}e\x{301}e\x{301}e\x{301} e\x{301}e\x{301}e\x{301}e\x{301}e\x{301}e\x{301}e\x{301}e\x{301}e\x{301}e\x{301}e\x{301}e\x{301}e\x{301}e\x{301}e\x{301}e\x{301}e\x{301}e\x{301}e\x{301}e\x{301}e\x{301}e\x{301}"
          text run at (912,4012) width 0: " "
          text run at (0,4029) width 912: "e\x{301}e\x{301}e\x{301}e\x{301}e\x{301}e\x{301}e\x{301}e\x{301}e\x{301}e\x{301}e\x{301}e\x{301}e\x{301}e\x{301}e\x{301}e\x{301}e\x{301}e\x{301}e\x{301}e\x{301}e\x{301}e\x{301}e\x{301}e\x{301}e\x{301}e\x{301}e\x{301}e\x{301}e\x{301}e\x{301}e\x{301}e\x{301} e\x{301} e\x{301}e\x{301}e\x{301}e\x{301}e\x{301}e\x{301}e\x{301}e\x{301}e\x{301}e\x{301}e\x{301}e\x{301}e\x{301}e\x{301}e\x{301}e\x{301}e\x{301}e\x{301}e\x{301}e\x{301}e\x{301}e\x{301}e\x{301}e\x{301}e\x{301}e\x{301}e\x{301}e\x{301}e\x{301}e\x{301}e\x{301}e\x{301}e\x{301}e\x{301}e\x{301}e\x{301}e\x{301}e\x{301}e\x{301}e\x{301}e\x{301}e\x{301}e\x{301} e\x{301}e\x{301}e\x{301}e\x{301}e\x{301}e\x{301}e\x{301}e\x{301}e\x{301}e\x{301}e\x{301}e\x{301}e\x{301}e\x{301}e\x{301}e\x{301}e\x{301}e\x{301}e\x{301}e\x{301}e\x{301}e\x{301}e\x{301}e\x{301}e\x{301}e\x{301}e\x{301}e\x{301}e\x{301}e\x{301} e\x{301}e\x{301}e\x{301}e\x{301}e\x{301}e\x{301}e\x{301}e\x{301}e\x{301}e\x{301}e\x{301}e\x{301}e\x{301}e\x{301}e\x{301}e\x{301}e\x{301}e\x{301}e\x{301}e\x{301}e\x{301}e\x{301}"
          text run at (912,4029) width 0: " "
          text run at (0,4046) width 912: "e\x{301}e\x{301}e\x{301}e\x{301}e\x{301}e\x{301}e\x{301}e\x{301}e\x{301}e\x{301}e\x{301}e\x{301}e\x{301}e\x{301}e\x{301}e\x{301}e\x{301}e\x{301}e\x{301}e\x{301}e\x{301}e\x{301}e\x{301}e\x{301}e\x{301}e\x{301}e\x{301}e\x{301}e\x{301}e\x{301}e\x{301}e\x{301} e\x{301} e\x{301}e\x{301}e\x{301}e\x{301}e\x{301}e\x{301}e\x{301}e\x{301}e\x{301}e\x{301}e\x{301}e\x{301}e\x{301}e\x{301}e\x{301}e\x{301}e\x{301}e\x{301}e\x{301}e\x{301}e\x{301}e\x{301}e\x{301}e\x{301}e\x{301}e\x{301}e\x{301}e\x{301}e\x{301}e\x{301}e\x{301}e\x{301}e\x{301}e\x{301}e\x{301}e\x{301}e\x{301}e\x{301}e\x{301}e\x{301}e\x{301}e\x{301}e\x{301} e\x{301}e\x{301}e\x{301}e\x{301}e\x{301}e\x{301}e\x{301}e\x{301}e\x{301}e\x{301}e\x{301}e\x{301}e\x{301}e\x{301}e\x{301}e\x{301}e\x{301}e\x{301}e\x{301}e\x{301}e\x{301}e\x{301}e\x{301}e\x{301}e\x{301}e\x{301}e\x{301}e\x{301}e\x{301}e\x{301} e\x{301}e\x{301}e\x{301}e\x{301}e\x{301}e\x{301}e\x{301}e\x{301}e\x{301}e\x{301}e\x{301}e\x{301}e\x{301}e\x{301}e\x{301}e\x{301}e\x{301}e\x{301}e\x{301}e\x{301}e\x{301}e\x{301}"
          text run at (912,4046) width 0: " "
          text run at (0,4063) width 912: "e\x{301}e\x{301}e\x{301}e\x{301}e\x{301}e\x{301}e\x{301}e\x{301}e\x{301}e\x{301}e\x{301}e\x{301}e\x{301}e\x{301}e\x{301}e\x{301}e\x{301}e\x{301}e\x{301}e\x{301}e\x{301}e\x{301}e\x{301}e\x{301}e\x{301}e\x{301}e\x{301}e\x{301}e\x{301}e\x{301}e\x{301}e\x{301} e\x{301} e\x{301}e\x{301}e\x{301}e\x{301}e\x{301}e\x{301}e\x{301}e\x{301}e\x{301}e\x{301}e\x{301}e\x{301}e\x{301}e\x{301}e\x{301}e\x{301}e\x{301}e\x{301}e\x{301}e\x{301}e\x{301}e\x{301}e\x{301}e\x{301}e\x{301}e\x{301}e\x{301}e\x{301}e\x{301}e\x{301}e\x{301}e\x{301}e\x{301}e\x{301}e\x{301}e\x{301}e\x{301}e\x{301}e\x{301}e\x{301}e\x{301}e\x{301}e\x{301} e\x{301}e\x{301}e\x{301}e\x{301}e\x{301}e\x{301}e\x{301}e\x{301}e\x{301}e\x{301}e\x{301}e\x{301}e\x{301}e\x{301}e\x{301}e\x{301}e\x{301}e\x{301}e\x{301}e\x{301}e\x{301}e\x{301}e\x{301}e\x{301}e\x{301}e\x{301}e\x{301}e\x{301}e\x{301}e\x{301} e\x{301}e\x{301}e\x{301}e\x{301}e\x{301}e\x{301}e\x{301}e\x{301}e\x{301}e\x{301}e\x{301}e\x{301}e\x{301}e\x{301}e\x{301}e\x{301}e\x{301}e\x{301}e\x{301}e\x{301}e\x{301}e\x{301}"
          text run at (912,4063) width 0: " "
          text run at (0,4080) width 912: "e\x{301}e\x{301}e\x{301}e\x{301}e\x{301}e\x{301}e\x{301}e\x{301}e\x{301}e\x{301}e\x{301}e\x{301}e\x{301}e\x{301}e\x{301}e\x{301}e\x{301}e\x{301}e\x{301}e\x{301}e\x{301}e\x{301}e\x{301}e\x{301}e\x{301}e\x{301}e\x{301}e\x{301}e\x{301}e\x{301}e\x{301}e\x{301} e\x{301} e\x{301}e\x{301}e\x{301}e\x{301}e\x{301}e\x{301}e\x{301}e\x{301}e\x{301}e\x{301}e\x{301}e\x{301}e\x{301}e\x{301}e\x{301}e\x{301}e\x{301}e\x{301}e\x{301}e\x{301}e\x{301}e\x{301}e\x{301}e\x{301}e\x{301}e\x{301}e\x{301}e\x{301}e\x{301}e\x{301}e\x{301}e\x{301}e\x{301}e\x{301}e\x{301}e\x{301}e\x{301}e\x{301}e\x{301}e\x{301}e\x{301}e\x{301}e\x{301} e\x{301}e\x{301}e\x{301}e\x{301}e\x{301}e\x{301}e\x{301}e\x{301}e\x{301}e\x{301}e\x{301}e\x{301}e\x{301}e\x{301}e\x{301}e\x{301}e\x{301}e\x{301}e\x{301}e\x{301}e\x{301}e\x{301}e\x{301}e\x{301}e\x{301}e\x{301}e\x{301}e\x{301}e\x{301}e\x{301} e\x{301}e\x{301}e\x{301}e\x{301}e\x{301}e\x{301}e\x{301}e\x{301}e\x{301}e\x{301}e\x{301}e\x{301}e\x{301}e\x{301}e\x{301}e\x{301}e\x{301}e\x{301}e\x{301}e\x{301}e\x{301}e\x{301}"
          text run at (912,4080) width 0: " "
          text run at (0,4097) width 912: "e\x{301}e\x{301}e\x{301}e\x{301}e\x{301}e\x{301}e\x{301}e\x{301}e\x{301}e\x{301}e\x{301}e\x{301}e\x{301}e\x{301}e\x{301}e\x{301}e\x{301}e\x{301}e\x{301}e\x{301}e\x{301}e\x{301}e\x{301}e\x{301}e\x{301}e\x{301}e\x{301}e\x{301}e\x{301}e\x{301}e\x{301}e\x{301} e\x{301} e\x{301}e\x{301}e\x{301}e\x{301}e\x{301}e\x{301}e\x{301}e\x{301}e\x{301}e\x{301}e\x{301}e\x{301}e\x{301}e\x{301}e\x{301}e\x{301}e\x{301}e\x{301}e\x{301}e\x{301}e\x{301}e\x{301}e\x{301}e\x{301}e\x{301}e\x{301}e\x{301}e\x{301}e\x{301}e\x{301}e\x{301}e\x{301}e\x{301}e\x{301}e\x{301}e\x{301}e\x{301}e\x{301}e\x{301}e\x{301}e\x{301}e\x{301}e\x{301} e\x{301}e\x{301}e\x{301}e\x{301}e\x{301}e\x{301}e\x{301}e\x{301}e\x{301}e\x{301}e\x{301}e\x{301}e\x{301}e\x{301}e\x{301}e\x{301}e\x{301}e\x{301}e\x{301}e\x{301}e\x{301}e\x{301}e\x{301}e\x{301}e\x{301}e\x{301}e\x{301}e\x{301}e\x{301}e\x{301} e\x{301}e\x{301}e\x{301}e\x{301}e\x{301}e\x{301}e\x{301}e\x{301}e\x{301}e\x{301}e\x{301}e\x{301}e\x{301}e\x{301}e\x{301}e\x{301}e\x{301}e\x{301}e\x{301}e\x{301}e\x{301}e\x{301}"
          text run at (912,4097) width 0: " "
          text run at (0,4114) width 912: "e\x{301}e\x{301}e\x{301}e\x{301}e\x{301}e\x{301}e\x{301}e\x{301}e\x{301}e\x{301}e\x{301}e\x{301}e\x{301}e\x{301}e\x{301}e\x{301}e\x{301}e\x{301}e\x{301}e\x{301}e\x{301}e\x{301}e\x{301}e\x{301}e\x{301}e\x{301}e\x{301}e\x{301}e\x{301}e\x{301}e\x{301}e\x{301} e\x{301} e\x{301}e\x{301}e\x{301}e\x{301}e\x{301}e\x{301}e\x{301}e\x{301}e\x{301}e\x{301}e\x{301}e\x{301}e\x{301}e\x{301}e\x{301}e\x{301}e\x{301}e\x{301}e\x{301}e\x{301}e\x{301}e\x{301}e\x{301}e\x{301}e\x{301}e\x{301}e\x{301}e\x{301}e\x{301}e\x{301}e\x{301}e\x{301}e\x{301}e\x{301}e\x{301}e\x{301}e\x{301}e\x{301}e\x{301}e\x{301}e\x{301}e\x{301}e\x{301} e\x{301}e\x{301}e\x{301}e\x{301}e\x{301}e\x{301}e\x{301}e\x{301}e\x{301}e\x{301}e\x{301}e\x{301}e\x{301}e\x{301}e\x{301}e\x{301}e\x{301}e\x{301}e\x{301}e\x{301}e\x{301}e\x{301}e\x{301}e\x{301}e\x{301}e\x{301}e\x{301}e\x{301}e\x{301}e\x{301} e\x{301}e\x{301}e\x{301}e\x{301}e\x{301}e\x{301}e\x{301}e\x{301}e\x{301}e\x{301}e\x{301}e\x{301}e\x{301}e\x{301}e\x{301}e\x{301}e\x{301}e\x{301}e\x{301}e\x{301}e\x{301}e\x{301}"
          text run at (912,4114) width 0: " "
          text run at (0,4131) width 912: "e\x{301}e\x{301}e\x{301}e\x{301}e\x{301}e\x{301}e\x{301}e\x{301}e\x{301}e\x{301}e\x{301}e\x{301}e\x{301}e\x{301}e\x{301}e\x{301}e\x{301}e\x{301}e\x{301}e\x{301}e\x{301}e\x{301}e\x{301}e\x{301}e\x{301}e\x{301}e\x{301}e\x{301}e\x{301}e\x{301}e\x{301}e\x{301} e\x{301} e\x{301}e\x{301}e\x{301}e\x{301}e\x{301}e\x{301}e\x{301}e\x{301}e\x{301}e\x{301}e\x{301}e\x{301}e\x{301}e\x{301}e\x{301}e\x{301}e\x{301}e\x{301}e\x{301}e\x{301}e\x{301}e\x{301}e\x{301}e\x{301}e\x{301}e\x{301}e\x{301}e\x{301}e\x{301}e\x{301}e\x{301}e\x{301}e\x{301}e\x{301}e\x{301}e\x{301}e\x{301}e\x{301}e\x{301}e\x{301}e\x{301}e\x{301}e\x{301} e\x{301}e\x{301}e\x{301}e\x{301}e\x{301}e\x{301}e\x{301}e\x{301}e\x{301}e\x{301}e\x{301}e\x{301}e\x{301}e\x{301}e\x{301}e\x{301}e\x{301}e\x{301}e\x{301}e\x{301}e\x{301}e\x{301}e\x{301}e\x{301}e\x{301}e\x{301}e\x{301}e\x{301}e\x{301}e\x{301} e\x{301}e\x{301}e\x{301}e\x{301}e\x{301}e\x{301}e\x{301}e\x{301}e\x{301}e\x{301}e\x{301}e\x{301}e\x{301}e\x{301}e\x{301}e\x{301}e\x{301}e\x{301}e\x{301}e\x{301}e\x{301}e\x{301}"
          text run at (912,4131) width 0: " "
          text run at (0,4148) width 912: "e\x{301}e\x{301}e\x{301}e\x{301}e\x{301}e\x{301}e\x{301}e\x{301}e\x{301}e\x{301}e\x{301}e\x{301}e\x{301}e\x{301}e\x{301}e\x{301}e\x{301}e\x{301}e\x{301}e\x{301}e\x{301}e\x{301}e\x{301}e\x{301}e\x{301}e\x{301}e\x{301}e\x{301}e\x{301}e\x{301}e\x{301}e\x{301} e\x{301} e\x{301}e\x{301}e\x{301}e\x{301}e\x{301}e\x{301}e\x{301}e\x{301}e\x{301}e\x{301}e\x{301}e\x{301}e\x{301}e\x{301}e\x{301}e\x{301}e\x{301}e\x{301}e\x{301}e\x{301}e\x{301}e\x{301}e\x{301}e\x{301}e\x{301}e\x{301}e\x{301}e\x{301}e\x{301}e\x{301}e\x{301}e\x{301}e\x{301}e\x{301}e\x{301}e\x{301}e\x{301}e\x{301}e\x{301}e\x{301}e\x{301}e\x{301}e\x{301} e\x{301}e\x{301}e\x{301}e\x{301}e\x{301}e\x{301}e\x{301}e\x{301}e\x{301}e\x{301}e\x{301}e\x{301}e\x{301}e\x{301}e\x{301}e\x{301}e\x{301}e\x{301}e\x{301}e\x{301}e\x{301}e\x{301}e\x{301}e\x{301}e\x{301}e\x{301}e\x{301}e\x{301}e\x{301}e\x{301} e\x{301}e\x{301}e\x{301}e\x{301}e\x{301}e\x{301}e\x{301}e\x{301}e\x{301}e\x{301}e\x{301}e\x{301}e\x{301}e\x{301}e\x{301}e\x{301}e\x{301}e\x{301}e\x{301}e\x{301}e\x{301}e\x{301}"
          text run at (912,4148) width 0: " "
          text run at (0,4165) width 912: "e\x{301}e\x{301}e\x{301}e\x{301}e\x{301}e\x{301}e\x{301}e\x{301}e\x{301}e\x{301}e\x{301}e\x{301}e\x{301}e\x{301}e\x{301}e\x{301}e\x{301}e\x{301}e\x{301}e\x{301}e\x{301}e\x{301}e\x{301}e\x{301}e\x{301}e\x{301}e\x{301}e\x{301}e\x{301}e\x{301}e\x{301}e\x{301} e\x{301} e\x{301}e\x{301}e\x{301}e\x{301}e\x{301}e\x{301}e\x{301}e\x{301}e\x{301}e\x{301}e\x{301}e\x{301}e\x{301}e\x{301}e\x{301}e\x{301}e\x{301}e\x{301}e\x{301}e\x{301}e\x{301}e\x{301}e\x{301}e\x{301}e\x{301}e\x{301}e\x{301}e\x{301}e\x{301}e\x{301}e\x{301}e\x{301}e\x{301}e\x{301}e\x{301}e\x{301}e\x{301}e\x{301}e\x{301}e\x{301}e\x{301}e\x{301}e\x{301} e\x{301}e\x{301}e\x{301}e\x{301}e\x{301}e\x{301}e\x{301}e\x{301}e\x{301}e\x{301}e\x{301}e\x{301}e\x{301}e\x{301}e\x{301}e\x{301}e\x{301}e\x{301}e\x{301}e\x{301}e\x{301}e\x{301}e\x{301}e\x{301}e\x{301}e\x{301}e\x{301}e\x{301}e\x{301}e\x{301} e\x{301}e\x{301}e\x{301}e\x{301}e\x{301}e\x{301}e\x{301}e\x{301}e\x{301}e\x{301}e\x{301}e\x{301}e\x{301}e\x{301}e\x{301}e\x{301}e\x{301}e\x{301}e\x{301}e\x{301}e\x{301}e\x{301}"
          text run at (912,4165) width 0: " "
          text run at (0,4182) width 912: "e\x{301}e\x{301}e\x{301}e\x{301}e\x{301}e\x{301}e\x{301}e\x{301}e\x{301}e\x{301}e\x{301}e\x{301}e\x{301}e\x{301}e\x{301}e\x{301}e\x{301}e\x{301}e\x{301}e\x{301}e\x{301}e\x{301}e\x{301}e\x{301}e\x{301}e\x{301}e\x{301}e\x{301}e\x{301}e\x{301}e\x{301}e\x{301} e\x{301} e\x{301}e\x{301}e\x{301}e\x{301}e\x{301}e\x{301}e\x{301}e\x{301}e\x{301}e\x{301}e\x{301}e\x{301}e\x{301}e\x{301}e\x{301}e\x{301}e\x{301}e\x{301}e\x{301}e\x{301}e\x{301}e\x{301}e\x{301}e\x{301}e\x{301}e\x{301}e\x{301}e\x{301}e\x{301}e\x{301}e\x{301}e\x{301}e\x{301}e\x{301}e\x{301}e\x{301}e\x{301}e\x{301}e\x{301}e\x{301}e\x{301}e\x{301}e\x{301} e\x{301}e\x{301}e\x{301}e\x{301}e\x{301}e\x{301}e\x{301}e\x{301}e\x{301}e\x{301}e\x{301}e\x{301}e\x{301}e\x{301}e\x{301}e\x{301}e\x{301}e\x{301}e\x{301}e\x{301}e\x{301}e\x{301}e\x{301}e\x{301}e\x{301}e\x{301}e\x{301}e\x{301}e\x{301}e\x{301} e\x{301}e\x{301}e\x{301}e\x{301}e\x{301}e\x{301}e\x{301}e\x{301}e\x{301}e\x{301}e\x{301}e\x{301}e\x{301}e\x{301}e\x{301}e\x{301}e\x{301}e\x{301}e\x{301}e\x{301}e\x{301}e\x{301}"
          text run at (912,4182) width 0: " "
          text run at (0,4199) width 912: "e\x{301}e\x{301}e\x{301}e\x{301}e\x{301}e\x{301}e\x{301}e\x{301}e\x{301}e\x{301}e\x{301}e\x{301}e\x{301}e\x{301}e\x{301}e\x{301}e\x{301}e\x{301}e\x{301}e\x{301}e\x{301}e\x{301}e\x{301}e\x{301}e\x{301}e\x{301}e\x{301}e\x{301}e\x{301}e\x{301}e\x{301}e\x{301} e\x{301} e\x{301}e\x{301}e\x{301}e\x{301}e\x{301}e\x{301}e\x{301}e\x{301}e\x{301}e\x{301}e\x{301}e\x{301}e\x{301}e\x{301}e\x{301}e\x{301}e\x{301}e\x{301}e\x{301}e\x{301}e\x{301}e\x{301}e\x{301}e\x{301}e\x{301}e\x{301}e\x{301}e\x{301}e\x{301}e\x{301}e\x{301}e\x{301}e\x{301}e\x{301}e\x{301}e\x{301}e\x{301}e\x{301}e\x{301}e\x{301}e\x{301}e\x{301}e\x{301} e\x{301}e\x{301}e\x{301}e\x{301}e\x{301}e\x{301}e\x{301}e\x{301}e\x{301}e\x{301}e\x{301}e\x{301}e\x{301}e\x{301}e\x{301}e\x{301}e\x{301}e\x{301}e\x{301}e\x{301}e\x{301}e\x{301}e\x{301}e\x{301}e\x{301}e\x{301}e\x{301}e\x{301}e\x{301}e\x{301} e\x{301}e\x{301}e\x{301}e\x{301}e\x{301}e\x{301}e\x{301}e\x{301}e\x{301}e\x{301}e\x{301}e\x{301}e\x{301}e\x{301}e\x{301}e\x{301}e\x{301}e\x{301}e\x{301}e\x{301}e\x{301}e\x{301}"
          text run at (912,4199) width 0: " "
          text run at (0,4216) width 912: "e\x{301}e\x{301}e\x{301}e\x{301}e\x{301}e\x{301}e\x{301}e\x{301}e\x{301}e\x{301}e\x{301}e\x{301}e\x{301}e\x{301}e\x{301}e\x{301}e\x{301}e\x{301}e\x{301}e\x{301}e\x{301}e\x{301}e\x{301}e\x{301}e\x{301}e\x{301}e\x{301}e\x{301}e\x{301}e\x{301}e\x{301}e\x{301} e\x{301} e\x{301}e\x{301}e\x{301}e\x{301}e\x{301}e\x{301}e\x{301}e\x{301}e\x{301}e\x{301}e\x{301}e\x{301}e\x{301}e\x{301}e\x{301}e\x{301}e\x{301}e\x{301}e\x{301}e\x{301}e\x{301}e\x{301}e\x{301}e\x{301}e\x{301}e\x{301}e\x{301}e\x{301}e\x{301}e\x{301}e\x{301}e\x{301}e\x{301}e\x{301}e\x{301}e\x{301}e\x{301}e\x{301}e\x{301}e\x{301}e\x{301}e\x{301}e\x{301} e\x{301}e\x{301}e\x{301}e\x{301}e\x{301}e\x{301}e\x{301}e\x{301}e\x{301}e\x{301}e\x{301}e\x{301}e\x{301}e\x{301}e\x{301}e\x{301}e\x{301}e\x{301}e\x{301}e\x{301}e\x{301}e\x{301}e\x{301}e\x{301}e\x{301}e\x{301}e\x{301}e\x{301}e\x{301}e\x{301} e\x{301}e\x{301}e\x{301}e\x{301}e\x{301}e\x{301}e\x{301}e\x{301}e\x{301}e\x{301}e\x{301}e\x{301}e\x{301}e\x{301}e\x{301}e\x{301}e\x{301}e\x{301}e\x{301}e\x{301}e\x{301}e\x{301}"
          text run at (912,4216) width 0: " "
          text run at (0,4233) width 912: "e\x{301}e\x{301}e\x{301}e\x{301}e\x{301}e\x{301}e\x{301}e\x{301}e\x{301}e\x{301}e\x{301}e\x{301}e\x{301}e\x{301}e\x{301}e\x{301}e\x{301}e\x{301}e\x{301}e\x{301}e\x{301}e\x{301}e\x{301}e\x{301}e\x{301}e\x{301}e\x{301}e\x{301}e\x{301}e\x{301}e\x{301}e\x{301} e\x{301} e\x{301}e\x{301}e\x{301}e\x{301}e\x{301}e\x{301}e\x{301}e\x{301}e\x{301}e\x{301}e\x{301}e\x{301}e\x{301}e\x{301}e\x{301}e\x{301}e\x{301}e\x{301}e\x{301}e\x{301}e\x{301}e\x{301}e\x{301}e\x{301}e\x{301}e\x{301}e\x{301}e\x{301}e\x{301}e\x{301}e\x{301}e\x{301}e\x{301}e\x{301}e\x{301}e\x{301}e\x{301}e\x{301}e\x{301}e\x{301}e\x{301}e\x{301}e\x{301} e\x{301}e\x{301}e\x{301}e\x{301}e\x{301}e\x{301}e\x{301}e\x{301}e\x{301}e\x{301}e\x{301}e\x{301}e\x{301}e\x{301}e\x{301}e\x{301}e\x{301}e\x{301}e\x{301}e\x{301}e\x{301}e\x{301}e\x{301}e\x{301}e\x{301}e\x{301}e\x{301}e\x{301}e\x{301}e\x{301} e\x{301}e\x{301}e\x{301}e\x{301}e\x{301}e\x{301}e\x{301}e\x{301}e\x{301}e\x{301}e\x{301}e\x{301}e\x{301}e\x{301}e\x{301}e\x{301}e\x{301}e\x{301}e\x{301}e\x{301}e\x{301}e\x{301}"
          text run at (912,4233) width 0: " "
          text run at (0,4250) width 912: "e\x{301}e\x{301}e\x{301}e\x{301}e\x{301}e\x{301}e\x{301}e\x{301}e\x{301}e\x{301}e\x{301}e\x{301}e\x{301}e\x{301}e\x{301}e\x{301}e\x{301}e\x{301}e\x{301}e\x{301}e\x{301}e\x{301}e\x{301}e\x{301}e\x{301}e\x{301}e\x{301}e\x{301}e\x{301}e\x{301}e\x{301}e\x{301} e\x{301} e\x{301}e\x{301}e\x{301}e\x{301}e\x{301}e\x{301}e\x{301}e\x{301}e\x{301}e\x{301}e\x{301}e\x{301}e\x{301}e\x{301}e\x{301}e\x{301}e\x{301}e\x{301}e\x{301}e\x{301}e\x{301}e\x{301}e\x{301}e\x{301}e\x{301}e\x{301}e\x{301}e\x{301}e\x{301}e\x{301}e\x{301}e\x{301}e\x{301}e\x{301}e\x{301}e\x{301}e\x{301}e\x{301}e\x{301}e\x{301}e\x{301}e\x{301}e\x{301} e\x{301}e\x{301}e\x{301}e\x{301}e\x{301}e\x{301}e\x{301}e\x{301}e\x{301}e\x{301}e\x{301}e\x{301}e\x{301}e\x{301}e\x{301}e\x{301}e\x{301}e\x{301}e\x{301}e\x{301}e\x{301}e\x{301}e\x{301}e\x{301}e\x{301}e\x{301}e\x{301}e\x{301}e\x{301}e\x{301} e\x{301}e\x{301}e\x{301}e\x{301}e\x{301}e\x{301}e\x{301}e\x{301}e\x{301}e\x{301}e\x{301}e\x{301}e\x{301}e\x{301}e\x{301}e\x{301}e\x{301}e\x{301}e\x{301}e\x{301}e\x{301}e\x{301}"
          text run at (912,4250) width 0: " "
          text run at (0,4267) width 91: "e\x{301}e\x{301}e\x{301}e\x{301}e\x{301}e\x{301}e\x{301}e\x{301}e\x{301}e\x{301}e\x{301}e\x{301}e"
        RenderText {#text} at (91,4267) size 916x4284
          text run at (91,4267) width 825: "\x{301}e\x{301}e\x{301}e\x{301}e\x{301}e\x{301}e\x{301}e\x{301}e\x{301}e\x{301}e\x{301}e\x{301}e\x{301}e\x{301}e\x{301}e\x{301}e\x{301}e\x{301}e\x{301}e\x{301} e\x{301} e\x{301}e\x{301}e\x{301}e\x{301}e\x{301}e\x{301}e\x{301}e\x{301}e\x{301}e\x{301}e\x{301}e\x{301}e\x{301}e\x{301}e\x{301}e\x{301}e\x{301}e\x{301}e\x{301}e\x{301}e\x{301}e\x{301}e\x{301}e\x{301}e\x{301}e\x{301}e\x{301}e\x{301}e\x{301}e\x{301}e\x{301}e\x{301}e\x{301}e\x{301}e\x{301}e\x{301}e\x{301}e\x{301}e\x{301}e\x{301}e\x{301}e\x{301}e\x{301} e\x{301}e\x{301}e\x{301}e\x{301}e\x{301}e\x{301}e\x{301}e\x{301}e\x{301}e\x{301}e\x{301}e\x{301}e\x{301}e\x{301}e\x{301}e\x{301}e\x{301}e\x{301}e\x{301}e\x{301}e\x{301}e\x{301}e\x{301}e\x{301}e\x{301}e\x{301}e\x{301}e\x{301}e\x{301}e\x{301} e\x{301}e\x{301}e\x{301}e\x{301}e\x{301}e\x{301}e\x{301}e\x{301}e\x{301}e\x{301}e\x{301}e\x{301}e\x{301}e\x{301}e\x{301}e\x{301}e\x{301}e\x{301}e\x{301}e\x{301}e\x{301}e\x{301}"
          text run at (916,4267) width 0: " "
          text run at (0,4284) width 912: "e\x{301}e\x{301}e\x{301}e\x{301}e\x{301}e\x{301}e\x{301}e\x{301}e\x{301}e\x{301}e\x{301}e\x{301}e\x{301}e\x{301}e\x{301}e\x{301}e\x{301}e\x{301}e\x{301}e\x{301}e\x{301}e\x{301}e\x{301}e\x{301}e\x{301}e\x{301}e\x{301}e\x{301}e\x{301}e\x{301}e\x{301}e\x{301} e\x{301} e\x{301}e\x{301}e\x{301}e\x{301}e\x{301}e\x{301}e\x{301}e\x{301}e\x{301}e\x{301}e\x{301}e\x{301}e\x{301}e\x{301}e\x{301}e\x{301}e\x{301}e\x{301}e\x{301}e\x{301}e\x{301}e\x{301}e\x{301}e\x{301}e\x{301}e\x{301}e\x{301}e\x{301}e\x{301}e\x{301}e\x{301}e\x{301}e\x{301}e\x{301}e\x{301}e\x{301}e\x{301}e\x{301}e\x{301}e\x{301}e\x{301}e\x{301}e\x{301} e\x{301}e\x{301}e\x{301}e\x{301}e\x{301}e\x{301}e\x{301}e\x{301}e\x{301}e\x{301}e\x{301}e\x{301}e\x{301}e\x{301}e\x{301}e\x{301}e\x{301}e\x{301}e\x{301}e\x{301}e\x{301}e\x{301}e\x{301}e\x{301}e\x{301}e\x{301}e\x{301}e\x{301}e\x{301}e\x{301} e\x{301}e\x{301}e\x{301}e\x{301}e\x{301}e\x{301}e\x{301}e\x{301}e\x{301}e\x{301}e\x{301}e\x{301}e\x{301}e\x{301}e\x{301}e\x{301}e\x{301}e\x{301}e\x{301}e\x{301}e\x{301}e\x{301}"
          text run at (912,4284) width 0: " "
          text run at (0,4301) width 912: "e\x{301}e\x{301}e\x{301}e\x{301}e\x{301}e\x{301}e\x{301}e\x{301}e\x{301}e\x{301}e\x{301}e\x{301}e\x{301}e\x{301}e\x{301}e\x{301}e\x{301}e\x{301}e\x{301}e\x{301}e\x{301}e\x{301}e\x{301}e\x{301}e\x{301}e\x{301}e\x{301}e\x{301}e\x{301}e\x{301}e\x{301}e\x{301} e\x{301} e\x{301}e\x{301}e\x{301}e\x{301}e\x{301}e\x{301}e\x{301}e\x{301}e\x{301}e\x{301}e\x{301}e\x{301}e\x{301}e\x{301}e\x{301}e\x{301}e\x{301}e\x{301}e\x{301}e\x{301}e\x{301}e\x{301}e\x{301}e\x{301}e\x{301}e\x{301}e\x{301}e\x{301}e\x{301}e\x{301}e\x{301}e\x{301}e\x{301}e\x{301}e\x{301}e\x{301}e\x{301}e\x{301}e\x{301}e\x{301}e\x{301}e\x{301}e\x{301} e\x{301}e\x{301}e\x{301}e\x{301}e\x{301}e\x{301}e\x{301}e\x{301}e\x{301}e\x{301}e\x{301}e\x{301}e\x{301}e\x{301}e\x{301}e\x{301}e\x{301}e\x{301}e\x{301}e\x{301}e\x{301}e\x{301}e\x{301}e\x{301}e\x{301}e\x{301}e\x{301}e\x{301}e\x{301}e\x{301} e\x{301}e\x{301}e\x{301}e\x{301}e\x{301}e\x{301}e\x{301}e\x{301}e\x{301}e\x{301}e\x{301}e\x{301}e\x{301}e\x{301}e\x{301}e\x{301}e\x{301}e\x{301}e\x{301}e\x{301}e\x{301}e\x{301}"
          text run at (912,4301) width 0: " "
          text run at (0,4318) width 912: "e\x{301}e\x{301}e\x{301}e\x{301}e\x{301}e\x{301}e\x{301}e\x{301}e\x{301}e\x{301}e\x{301}e\x{301}e\x{301}e\x{301}e\x{301}e\x{301}e\x{301}e\x{301}e\x{301}e\x{301}e\x{301}e\x{301}e\x{301}e\x{301}e\x{301}e\x{301}e\x{301}e\x{301}e\x{301}e\x{301}e\x{301}e\x{301} e\x{301} e\x{301}e\x{301}e\x{301}e\x{301}e\x{301}e\x{301}e\x{301}e\x{301}e\x{301}e\x{301}e\x{301}e\x{301}e\x{301}e\x{301}e\x{301}e\x{301}e\x{301}e\x{301}e\x{301}e\x{301}e\x{301}e\x{301}e\x{301}e\x{301}e\x{301}e\x{301}e\x{301}e\x{301}e\x{301}e\x{301}e\x{301}e\x{301}e\x{301}e\x{301}e\x{301}e\x{301}e\x{301}e\x{301}e\x{301}e\x{301}e\x{301}e\x{301}e\x{301} e\x{301}e\x{301}e\x{301}e\x{301}e\x{301}e\x{301}e\x{301}e\x{301}e\x{301}e\x{301}e\x{301}e\x{301}e\x{301}e\x{301}e\x{301}e\x{301}e\x{301}e\x{301}e\x{301}e\x{301}e\x{301}e\x{301}e\x{301}e\x{301}e\x{301}e\x{301}e\x{301}e\x{301}e\x{301}e\x{301} e\x{301}e\x{301}e\x{301}e\x{301}e\x{301}e\x{301}e\x{301}e\x{301}e\x{301}e\x{301}e\x{301}e\x{301}e\x{301}e\x{301}e\x{301}e\x{301}e\x{301}e\x{301}e\x{301}e\x{301}e\x{301}e\x{301}"
          text run at (912,4318) width 0: " "
          text run at (0,4335) width 912: "e\x{301}e\x{301}e\x{301}e\x{301}e\x{301}e\x{301}e\x{301}e\x{301}e\x{301}e\x{301}e\x{301}e\x{301}e\x{301}e\x{301}e\x{301}e\x{301}e\x{301}e\x{301}e\x{301}e\x{301}e\x{301}e\x{301}e\x{301}e\x{301}e\x{301}e\x{301}e\x{301}e\x{301}e\x{301}e\x{301}e\x{301}e\x{301} e\x{301} e\x{301}e\x{301}e\x{301}e\x{301}e\x{301}e\x{301}e\x{301}e\x{301}e\x{301}e\x{301}e\x{301}e\x{301}e\x{301}e\x{301}e\x{301}e\x{301}e\x{301}e\x{301}e\x{301}e\x{301}e\x{301}e\x{301}e\x{301}e\x{301}e\x{301}e\x{301}e\x{301}e\x{301}e\x{301}e\x{301}e\x{301}e\x{301}e\x{301}e\x{301}e\x{301}e\x{301}e\x{301}e\x{301}e\x{301}e\x{301}e\x{301}e\x{301}e\x{301} e\x{301}e\x{301}e\x{301}e\x{301}e\x{301}e\x{301}e\x{301}e\x{301}e\x{301}e\x{301}e\x{301}e\x{301}e\x{301}e\x{301}e\x{301}e\x{301}e\x{301}e\x{301}e\x{301}e\x{301}e\x{301}e\x{301}e\x{301}e\x{301}e\x{301}e\x{301}e\x{301}e\x{301}e\x{301}e\x{301} e\x{301}e\x{301}e\x{301}e\x{301}e\x{301}e\x{301}e\x{301}e\x{301}e\x{301}e\x{301}e\x{301}e\x{301}e\x{301}e\x{301}e\x{301}e\x{301}e\x{301}e\x{301}e\x{301}e\x{301}e\x{301}e\x{301}"
          text run at (912,4335) width 0: " "
          text run at (0,4352) width 912: "e\x{301}e\x{301}e\x{301}e\x{301}e\x{301}e\x{301}e\x{301}e\x{301}e\x{301}e\x{301}e\x{301}e\x{301}e\x{301}e\x{301}e\x{301}e\x{301}e\x{301}e\x{301}e\x{301}e\x{301}e\x{301}e\x{301}e\x{301}e\x{301}e\x{301}e\x{301}e\x{301}e\x{301}e\x{301}e\x{301}e\x{301}e\x{301} e\x{301} e\x{301}e\x{301}e\x{301}e\x{301}e\x{301}e\x{301}e\x{301}e\x{301}e\x{301}e\x{301}e\x{301}e\x{301}e\x{301}e\x{301}e\x{301}e\x{301}e\x{301}e\x{301}e\x{301}e\x{301}e\x{301}e\x{301}e\x{301}e\x{301}e\x{301}e\x{301}e\x{301}e\x{301}e\x{301}e\x{301}e\x{301}e\x{301}e\x{301}e\x{301}e\x{301}e\x{301}e\x{301}e\x{301}e\x{301}e\x{301}e\x{301}e\x{301}e\x{301} e\x{301}e\x{301}e\x{301}e\x{301}e\x{301}e\x{301}e\x{301}e\x{301}e\x{301}e\x{301}e\x{301}e\x{301}e\x{301}e\x{301}e\x{301}e\x{301}e\x{301}e\x{301}e\x{301}e\x{301}e\x{301}e\x{301}e\x{301}e\x{301}e\x{301}e\x{301}e\x{301}e\x{301}e\x{301}e\x{301} e\x{301}e\x{301}e\x{301}e\x{301}e\x{301}e\x{301}e\x{301}e\x{301}e\x{301}e\x{301}e\x{301}e\x{301}e\x{301}e\x{301}e\x{301}e\x{301}e\x{301}e\x{301}e\x{301}e\x{301}e\x{301}e\x{301}"
          text run at (912,4352) width 0: " "
          text run at (0,4369) width 912: "e\x{301}e\x{301}e\x{301}e\x{301}e\x{301}e\x{301}e\x{301}e\x{301}e\x{301}e\x{301}e\x{301}e\x{301}e\x{301}e\x{301}e\x{301}e\x{301}e\x{301}e\x{301}e\x{301}e\x{301}e\x{301}e\x{301}e\x{301}e\x{301}e\x{301}e\x{301}e\x{301}e\x{301}e\x{301}e\x{301}e\x{301}e\x{301} e\x{301} e\x{301}e\x{301}e\x{301}e\x{301}e\x{301}e\x{301}e\x{301}e\x{301}e\x{301}e\x{301}e\x{301}e\x{301}e\x{301}e\x{301}e\x{301}e\x{301}e\x{301}e\x{301}e\x{301}e\x{301}e\x{301}e\x{301}e\x{301}e\x{301}e\x{301}e\x{301}e\x{301}e\x{301}e\x{301}e\x{301}e\x{301}e\x{301}e\x{301}e\x{301}e\x{301}e\x{301}e\x{301}e\x{301}e\x{301}e\x{301}e\x{301}e\x{301}e\x{301} e\x{301}e\x{301}e\x{301}e\x{301}e\x{301}e\x{301}e\x{301}e\x{301}e\x{301}e\x{301}e\x{301}e\x{301}e\x{301}e\x{301}e\x{301}e\x{301}e\x{301}e\x{301}e\x{301}e\x{301}e\x{301}e\x{301}e\x{301}e\x{301}e\x{301}e\x{301}e\x{301}e\x{301}e\x{301}e\x{301} e\x{301}e\x{301}e\x{301}e\x{301}e\x{301}e\x{301}e\x{301}e\x{301}e\x{301}e\x{301}e\x{301}e\x{301}e\x{301}e\x{301}e\x{301}e\x{301}e\x{301}e\x{301}e\x{301}e\x{301}e\x{301}e\x{301}"
          text run at (912,4369) width 0: " "
          text run at (0,4386) width 912: "e\x{301}e\x{301}e\x{301}e\x{301}e\x{301}e\x{301}e\x{301}e\x{301}e\x{301}e\x{301}e\x{301}e\x{301}e\x{301}e\x{301}e\x{301}e\x{301}e\x{301}e\x{301}e\x{301}e\x{301}e\x{301}e\x{301}e\x{301}e\x{301}e\x{301}e\x{301}e\x{301}e\x{301}e\x{301}e\x{301}e\x{301}e\x{301} e\x{301} e\x{301}e\x{301}e\x{301}e\x{301}e\x{301}e\x{301}e\x{301}e\x{301}e\x{301}e\x{301}e\x{301}e\x{301}e\x{301}e\x{301}e\x{301}e\x{301}e\x{301}e\x{301}e\x{301}e\x{301}e\x{301}e\x{301}e\x{301}e\x{301}e\x{301}e\x{301}e\x{301}e\x{301}e\x{301}e\x{301}e\x{301}e\x{301}e\x{301}e\x{301}e\x{301}e\x{301}e\x{301}e\x{301}e\x{301}e\x{301}e\x{301}e\x{301}e\x{301} e\x{301}e\x{301}e\x{301}e\x{301}e\x{301}e\x{301}e\x{301}e\x{301}e\x{301}e\x{301}e\x{301}e\x{301}e\x{301}e\x{301}e\x{301}e\x{301}e\x{301}e\x{301}e\x{301}e\x{301}e\x{301}e\x{301}e\x{301}e\x{301}e\x{301}e\x{301}e\x{301}e\x{301}e\x{301}e\x{301} e\x{301}e\x{301}e\x{301}e\x{301}e\x{301}e\x{301}e\x{301}e\x{301}e\x{301}e\x{301}e\x{301}e\x{301}e\x{301}e\x{301}e\x{301}e\x{301}e\x{301}e\x{301}e\x{301}e\x{301}e\x{301}e\x{301}"
          text run at (912,4386) width 0: " "
          text run at (0,4403) width 912: "e\x{301}e\x{301}e\x{301}e\x{301}e\x{301}e\x{301}e\x{301}e\x{301}e\x{301}e\x{301}e\x{301}e\x{301}e\x{301}e\x{301}e\x{301}e\x{301}e\x{301}e\x{301}e\x{301}e\x{301}e\x{301}e\x{301}e\x{301}e\x{301}e\x{301}e\x{301}e\x{301}e\x{301}e\x{301}e\x{301}e\x{301}e\x{301} e\x{301} e\x{301}e\x{301}e\x{301}e\x{301}e\x{301}e\x{301}e\x{301}e\x{301}e\x{301}e\x{301}e\x{301}e\x{301}e\x{301}e\x{301}e\x{301}e\x{301}e\x{301}e\x{301}e\x{301}e\x{301}e\x{301}e\x{301}e\x{301}e\x{301}e\x{301}e\x{301}e\x{301}e\x{301}e\x{301}e\x{301}e\x{301}e\x{301}e\x{301}e\x{301}e\x{301}e\x{301}e\x{301}e\x{301}e\x{301}e\x{301}e\x{301}e\x{301}e\x{301} e\x{301}e\x{301}e\x{301}e\x{301}e\x{301}e\x{301}e\x{301}e\x{301}e\x{301}e\x{301}e\x{301}e\x{301}e\x{301}e\x{301}e\x{301}e\x{301}e\x{301}e\x{301}e\x{301}e\x{301}e\x{301}e\x{301}e\x{301}e\x{301}e\x{301}e\x{301}e\x{301}e\x{301}e\x{301}e\x{301} e\x{301}e\x{301}e\x{301}e\x{301}e\x{301}e\x{301}e\x{301}e\x{301}e\x{301}e\x{301}e\x{301}e\x{301}e\x{301}e\x{301}e\x{301}e\x{301}e\x{301}e\x{301}e\x{301}e\x{301}e\x{301}e\x{301}"
          text run at (912,4403) width 0: " "
          text run at (0,4420) width 912: "e\x{301}e\x{301}e\x{301}e\x{301}e\x{301}e\x{301}e\x{301}e\x{301}e\x{301}e\x{301}e\x{301}e\x{301}e\x{301}e\x{301}e\x{301}e\x{301}e\x{301}e\x{301}e\x{301}e\x{301}e\x{301}e\x{301}e\x{301}e\x{301}e\x{301}e\x{301}e\x{301}e\x{301}e\x{301}e\x{301}e\x{301}e\x{301} e\x{301} e\x{301}e\x{301}e\x{301}e\x{301}e\x{301}e\x{301}e\x{301}e\x{301}e\x{301}e\x{301}e\x{301}e\x{301}e\x{301}e\x{301}e\x{301}e\x{301}e\x{301}e\x{301}e\x{301}e\x{301}e\x{301}e\x{301}e\x{301}e\x{301}e\x{301}e\x{301}e\x{301}e\x{301}e\x{301}e\x{301}e\x{301}e\x{301}e\x{301}e\x{301}e\x{301}e\x{301}e\x{301}e\x{301}e\x{301}e\x{301}e\x{301}e\x{301}e\x{301} e\x{301}e\x{301}e\x{301}e\x{301}e\x{301}e\x{301}e\x{301}e\x{301}e\x{301}e\x{301}e\x{301}e\x{301}e\x{301}e\x{301}e\x{301}e\x{301}e\x{301}e\x{301}e\x{301}e\x{301}e\x{301}e\x{301}e\x{301}e\x{301}e\x{301}e\x{301}e\x{301}e\x{301}e\x{301}e\x{301} e\x{301}e\x{301}e\x{301}e\x{301}e\x{301}e\x{301}e\x{301}e\x{301}e\x{301}e\x{301}e\x{301}e\x{301}e\x{301}e\x{301}e\x{301}e\x{301}e\x{301}e\x{301}e\x{301}e\x{301}e\x{301}e\x{301}"
          text run at (912,4420) width 0: " "
          text run at (0,4437) width 912: "e\x{301}e\x{301}e\x{301}e\x{301}e\x{301}e\x{301}e\x{301}e\x{301}e\x{301}e\x{301}e\x{301}e\x{301}e\x{301}e\x{301}e\x{301}e\x{301}e\x{301}e\x{301}e\x{301}e\x{301}e\x{301}e\x{301}e\x{301}e\x{301}e\x{301}e\x{301}e\x{301}e\x{301}e\x{301}e\x{301}e\x{301}e\x{301} e\x{301} e\x{301}e\x{301}e\x{301}e\x{301}e\x{301}e\x{301}e\x{301}e\x{301}e\x{301}e\x{301}e\x{301}e\x{301}e\x{301}e\x{301}e\x{301}e\x{301}e\x{301}e\x{301}e\x{301}e\x{301}e\x{301}e\x{301}e\x{301}e\x{301}e\x{301}e\x{301}e\x{301}e\x{301}e\x{301}e\x{301}e\x{301}e\x{301}e\x{301}e\x{301}e\x{301}e\x{301}e\x{301}e\x{301}e\x{301}e\x{301}e\x{301}e\x{301}e\x{301} e\x{301}e\x{301}e\x{301}e\x{301}e\x{301}e\x{301}e\x{301}e\x{301}e\x{301}e\x{301}e\x{301}e\x{301}e\x{301}e\x{301}e\x{301}e\x{301}e\x{301}e\x{301}e\x{301}e\x{301}e\x{301}e\x{301}e\x{301}e\x{301}e\x{301}e\x{301}e\x{301}e\x{301}e\x{301}e\x{301} e\x{301}e\x{301}e\x{301}e\x{301}e\x{301}e\x{301}e\x{301}e\x{301}e\x{301}e\x{301}e\x{301}e\x{301}e\x{301}e\x{301}e\x{301}e\x{301}e\x{301}e\x{301}e\x{301}e\x{301}e\x{301}e\x{301}"
          text run at (912,4437) width 0: " "
          text run at (0,4454) width 912: "e\x{301}e\x{301}e\x{301}e\x{301}e\x{301}e\x{301}e\x{301}e\x{301}e\x{301}e\x{301}e\x{301}e\x{301}e\x{301}e\x{301}e\x{301}e\x{301}e\x{301}e\x{301}e\x{301}e\x{301}e\x{301}e\x{301}e\x{301}e\x{301}e\x{301}e\x{301}e\x{301}e\x{301}e\x{301}e\x{301}e\x{301}e\x{301} e\x{301} e\x{301}e\x{301}e\x{301}e\x{301}e\x{301}e\x{301}e\x{301}e\x{301}e\x{301}e\x{301}e\x{301}e\x{301}e\x{301}e\x{301}e\x{301}e\x{301}e\x{301}e\x{301}e\x{301}e\x{301}e\x{301}e\x{301}e\x{301}e\x{301}e\x{301}e\x{301}e\x{301}e\x{301}e\x{301}e\x{301}e\x{301}e\x{301}e\x{301}e\x{301}e\x{301}e\x{301}e\x{301}e\x{301}e\x{301}e\x{301}e\x{301}e\x{301}e\x{301} e\x{301}e\x{301}e\x{301}e\x{301}e\x{301}e\x{301}e\x{301}e\x{301}e\x{301}e\x{301}e\x{301}e\x{301}e\x{301}e\x{301}e\x{301}e\x{301}e\x{301}e\x{301}e\x{301}e\x{301}e\x{301}e\x{301}e\x{301}e\x{301}e\x{301}e\x{301}e\x{301}e\x{301}e\x{301}e\x{301} e\x{301}e\x{301}e\x{301}e\x{301}e\x{301}e\x{301}e\x{301}e\x{301}e\x{301}e\x{301}e\x{301}e\x{301}e\x{301}e\x{301}e\x{301}e\x{301}e\x{301}e\x{301}e\x{301}e\x{301}e\x{301}e\x{301}"
          text run at (912,4454) width 0: " "
          text run at (0,4471) width 912: "e\x{301}e\x{301}e\x{301}e\x{301}e\x{301}e\x{301}e\x{301}e\x{301}e\x{301}e\x{301}e\x{301}e\x{301}e\x{301}e\x{301}e\x{301}e\x{301}e\x{301}e\x{301}e\x{301}e\x{301}e\x{301}e\x{301}e\x{301}e\x{301}e\x{301}e\x{301}e\x{301}e\x{301}e\x{301}e\x{301}e\x{301}e\x{301} e\x{301} e\x{301}e\x{301}e\x{301}e\x{301}e\x{301}e\x{301}e\x{301}e\x{301}e\x{301}e\x{301}e\x{301}e\x{301}e\x{301}e\x{301}e\x{301}e\x{301}e\x{301}e\x{301}e\x{301}e\x{301}e\x{301}e\x{301}e\x{301}e\x{301}e\x{301}e\x{301}e\x{301}e\x{301}e\x{301}e\x{301}e\x{301}e\x{301}e\x{301}e\x{301}e\x{301}e\x{301}e\x{301}e\x{301}e\x{301}e\x{301}e\x{301}e\x{301}e\x{301} e\x{301}e\x{301}e\x{301}e\x{301}e\x{301}e\x{301}e\x{301}e\x{301}e\x{301}e\x{301}e\x{301}e\x{301}e\x{301}e\x{301}e\x{301}e\x{301}e\x{301}e\x{301}e\x{301}e\x{301}e\x{301}e\x{301}e\x{301}e\x{301}e\x{301}e\x{301}e\x{301}e\x{301}e\x{301}e\x{301} e\x{301}e\x{301}e\x{301}e\x{301}e\x{301}e\x{301}e\x{301}e\x{301}e\x{301}e\x{301}e\x{301}e\x{301}e\x{301}e\x{301}e\x{301}e\x{301}e\x{301}e\x{301}e\x{301}e\x{301}e\x{301}e\x{301}"
          text run at (912,4471) width 0: " "
          text run at (0,4488) width 912: "e\x{301}e\x{301}e\x{301}e\x{301}e\x{301}e\x{301}e\x{301}e\x{301}e\x{301}e\x{301}e\x{301}e\x{301}e\x{301}e\x{301}e\x{301}e\x{301}e\x{301}e\x{301}e\x{301}e\x{301}e\x{301}e\x{301}e\x{301}e\x{301}e\x{301}e\x{301}e\x{301}e\x{301}e\x{301}e\x{301}e\x{301}e\x{301} e\x{301} e\x{301}e\x{301}e\x{301}e\x{301}e\x{301}e\x{301}e\x{301}e\x{301}e\x{301}e\x{301}e\x{301}e\x{301}e\x{301}e\x{301}e\x{301}e\x{301}e\x{301}e\x{301}e\x{301}e\x{301}e\x{301}e\x{301}e\x{301}e\x{301}e\x{301}e\x{301}e\x{301}e\x{301}e\x{301}e\x{301}e\x{301}e\x{301}e\x{301}e\x{301}e\x{301}e\x{301}e\x{301}e\x{301}e\x{301}e\x{301}e\x{301}e\x{301}e\x{301} e\x{301}e\x{301}e\x{301}e\x{301}e\x{301}e\x{301}e\x{301}e\x{301}e\x{301}e\x{301}e\x{301}e\x{301}e\x{301}e\x{301}e\x{301}e\x{301}e\x{301}e\x{301}e\x{301}e\x{301}e\x{301}e\x{301}e\x{301}e\x{301}e\x{301}e\x{301}e\x{301}e\x{301}e\x{301}e\x{301} e\x{301}e\x{301}e\x{301}e\x{301}e\x{301}e\x{301}e\x{301}e\x{301}e\x{301}e\x{301}e\x{301}e\x{301}e\x{301}e\x{301}e\x{301}e\x{301}e\x{301}e\x{301}e\x{301}e\x{301}e\x{301}e\x{301}"
          text run at (912,4488) width 0: " "
          text run at (0,4505) width 912: "e\x{301}e\x{301}e\x{301}e\x{301}e\x{301}e\x{301}e\x{301}e\x{301}e\x{301}e\x{301}e\x{301}e\x{301}e\x{301}e\x{301}e\x{301}e\x{301}e\x{301}e\x{301}e\x{301}e\x{301}e\x{301}e\x{301}e\x{301}e\x{301}e\x{301}e\x{301}e\x{301}e\x{301}e\x{301}e\x{301}e\x{301}e\x{301} e\x{301} e\x{301}e\x{301}e\x{301}e\x{301}e\x{301}e\x{301}e\x{301}e\x{301}e\x{301}e\x{301}e\x{301}e\x{301}e\x{301}e\x{301}e\x{301}e\x{301}e\x{301}e\x{301}e\x{301}e\x{301}e\x{301}e\x{301}e\x{301}e\x{301}e\x{301}e\x{301}e\x{301}e\x{301}e\x{301}e\x{301}e\x{301}e\x{301}e\x{301}e\x{301}e\x{301}e\x{301}e\x{301}e\x{301}e\x{301}e\x{301}e\x{301}e\x{301}e\x{301} e\x{301}e\x{301}e\x{301}e\x{301}e\x{301}e\x{301}e\x{301}e\x{301}e\x{301}e\x{301}e\x{301}e\x{301}e\x{301}e\x{301}e\x{301}e\x{301}e\x{301}e\x{301}e\x{301}e\x{301}e\x{301}e\x{301}e\x{301}e\x{301}e\x{301}e\x{301}e\x{301}e\x{301}e\x{301}e\x{301} e\x{301}e\x{301}e\x{301}e\x{301}e\x{301}e\x{301}e\x{301}e\x{301}e\x{301}e\x{301}e\x{301}e\x{301}e\x{301}e\x{301}e\x{301}e\x{301}e\x{301}e\x{301}e\x{301}e\x{301}e\x{301}e\x{301}"
          text run at (912,4505) width 0: " "
          text run at (0,4522) width 912: "e\x{301}e\x{301}e\x{301}e\x{301}e\x{301}e\x{301}e\x{301}e\x{301}e\x{301}e\x{301}e\x{301}e\x{301}e\x{301}e\x{301}e\x{301}e\x{301}e\x{301}e\x{301}e\x{301}e\x{301}e\x{301}e\x{301}e\x{301}e\x{301}e\x{301}e\x{301}e\x{301}e\x{301}e\x{301}e\x{301}e\x{301}e\x{301} e\x{301} e\x{301}e\x{301}e\x{301}e\x{301}e\x{301}e\x{301}e\x{301}e\x{301}e\x{301}e\x{301}e\x{301}e\x{301}e\x{301}e\x{301}e\x{301}e\x{301}e\x{301}e\x{301}e\x{301}e\x{301}e\x{301}e\x{301}e\x{301}e\x{301}e\x{301}e\x{301}e\x{301}e\x{301}e\x{301}e\x{301}e\x{301}e\x{301}e\x{301}e\x{301}e\x{301}e\x{301}e\x{301}e\x{301}e\x{301}e\x{301}e\x{301}e\x{301}e\x{301} e\x{301}e\x{301}e\x{301}e\x{301}e\x{301}e\x{301}e\x{301}e\x{301}e\x{301}e\x{301}e\x{301}e\x{301}e\x{301}e\x{301}e\x{301}e\x{301}e\x{301}e\x{301}e\x{301}e\x{301}e\x{301}e\x{301}e\x{301}e\x{301}e\x{301}e\x{301}e\x{301}e\x{301}e\x{301}e\x{301} e\x{301}e\x{301}e\x{301}e\x{301}e\x{301}e\x{301}e\x{301}e\x{301}e\x{301}e\x{301}e\x{301}e\x{301}e\x{301}e\x{301}e\x{301}e\x{301}e\x{301}e\x{301}e\x{301}e\x{301}e\x{301}e\x{301}"
          text run at (912,4522) width 0: " "
          text run at (0,4539) width 912: "e\x{301}e\x{301}e\x{301}e\x{301}e\x{301}e\x{301}e\x{301}e\x{301}e\x{301}e\x{301}e\x{301}e\x{301}e\x{301}e\x{301}e\x{301}e\x{301}e\x{301}e\x{301}e\x{301}e\x{301}e\x{301}e\x{301}e\x{301}e\x{301}e\x{301}e\x{301}e\x{301}e\x{301}e\x{301}e\x{301}e\x{301}e\x{301} e\x{301} e\x{301}e\x{301}e\x{301}e\x{301}e\x{301}e\x{301}e\x{301}e\x{301}e\x{301}e\x{301}e\x{301}e\x{301}e\x{301}e\x{301}e\x{301}e\x{301}e\x{301}e\x{301}e\x{301}e\x{301}e\x{301}e\x{301}e\x{301}e\x{301}e\x{301}e\x{301}e\x{301}e\x{301}e\x{301}e\x{301}e\x{301}e\x{301}e\x{301}e\x{301}e\x{301}e\x{301}e\x{301}e\x{301}e\x{301}e\x{301}e\x{301}e\x{301}e\x{301} e\x{301}e\x{301}e\x{301}e\x{301}e\x{301}e\x{301}e\x{301}e\x{301}e\x{301}e\x{301}e\x{301}e\x{301}e\x{301}e\x{301}e\x{301}e\x{301}e\x{301}e\x{301}e\x{301}e\x{301}e\x{301}e\x{301}e\x{301}e\x{301}e\x{301}e\x{301}e\x{301}e\x{301}e\x{301}e\x{301} e\x{301}e\x{301}e\x{301}e\x{301}e\x{301}e\x{301}e\x{301}e\x{301}e\x{301}e\x{301}e\x{301}e\x{301}e\x{301}e\x{301}e\x{301}e\x{301}e\x{301}e\x{301}e\x{301}e\x{301}e\x{301}e\x{301}"
          text run at (912,4539) width 0: " "
          text run at (0,4556) width 912: "e\x{301}e\x{301}e\x{301}e\x{301}e\x{301}e\x{301}e\x{301}e\x{301}e\x{301}e\x{301}e\x{301}e\x{301}e\x{301}e\x{301}e\x{301}e\x{301}e\x{301}e\x{301}e\x{301}e\x{301}e\x{301}e\x{301}e\x{301}e\x{301}e\x{301}e\x{301}e\x{301}e\x{301}e\x{301}e\x{301}e\x{301}e\x{301} e\x{301} e\x{301}e\x{301}e\x{301}e\x{301}e\x{301}e\x{301}e\x{301}e\x{301}e\x{301}e\x{301}e\x{301}e\x{301}e\x{301}e\x{301}e\x{301}e\x{301}e\x{301}e\x{301}e\x{301}e\x{301}e\x{301}e\x{301}e\x{301}e\x{301}e\x{301}e\x{301}e\x{301}e\x{301}e\x{301}e\x{301}e\x{301}e\x{301}e\x{301}e\x{301}e\x{301}e\x{301}e\x{301}e\x{301}e\x{301}e\x{301}e\x{301}e\x{301}e\x{301} e\x{301}e\x{301}e\x{301}e\x{301}e\x{301}e\x{301}e\x{301}e\x{301}e\x{301}e\x{301}e\x{301}e\x{301}e\x{301}e\x{301}e\x{301}e\x{301}e\x{301}e\x{301}e\x{301}e\x{301}e\x{301}e\x{301}e\x{301}e\x{301}e\x{301}e\x{301}e\x{301}e\x{301}e\x{301}e\x{301} e\x{301}e\x{301}e\x{301}e\x{301}e\x{301}e\x{301}e\x{301}e\x{301}e\x{301}e\x{301}e\x{301}e\x{301}e\x{301}e\x{301}e\x{301}e\x{301}e\x{301}e\x{301}e\x{301}e\x{301}e\x{301}e\x{301}"
          text run at (912,4556) width 0: " "
          text run at (0,4573) width 912: "e\x{301}e\x{301}e\x{301}e\x{301}e\x{301}e\x{301}e\x{301}e\x{301}e\x{301}e\x{301}e\x{301}e\x{301}e\x{301}e\x{301}e\x{301}e\x{301}e\x{301}e\x{301}e\x{301}e\x{301}e\x{301}e\x{301}e\x{301}e\x{301}e\x{301}e\x{301}e\x{301}e\x{301}e\x{301}e\x{301}e\x{301}e\x{301} e\x{301} e\x{301}e\x{301}e\x{301}e\x{301}e\x{301}e\x{301}e\x{301}e\x{301}e\x{301}e\x{301}e\x{301}e\x{301}e\x{301}e\x{301}e\x{301}e\x{301}e\x{301}e\x{301}e\x{301}e\x{301}e\x{301}e\x{301}e\x{301}e\x{301}e\x{301}e\x{301}e\x{301}e\x{301}e\x{301}e\x{301}e\x{301}e\x{301}e\x{301}e\x{301}e\x{301}e\x{301}e\x{301}e\x{301}e\x{301}e\x{301}e\x{301}e\x{301}e\x{301} e\x{301}e\x{301}e\x{301}e\x{301}e\x{301}e\x{301}e\x{301}e\x{301}e\x{301}e\x{301}e\x{301}e\x{301}e\x{301}e\x{301}e\x{301}e\x{301}e\x{301}e\x{301}e\x{301}e\x{301}e\x{301}e\x{301}e\x{301}e\x{301}e\x{301}e\x{301}e\x{301}e\x{301}e\x{301}e\x{301} e\x{301}e\x{301}e\x{301}e\x{301}e\x{301}e\x{301}e\x{301}e\x{301}e\x{301}e\x{301}e\x{301}e\x{301}e\x{301}e\x{301}e\x{301}e\x{301}e\x{301}e\x{301}e\x{301}e\x{301}e\x{301}e\x{301}"
          text run at (912,4573) width 0: " "
          text run at (0,4590) width 912: "e\x{301}e\x{301}e\x{301}e\x{301}e\x{301}e\x{301}e\x{301}e\x{301}e\x{301}e\x{301}e\x{301}e\x{301}e\x{301}e\x{301}e\x{301}e\x{301}e\x{301}e\x{301}e\x{301}e\x{301}e\x{301}e\x{301}e\x{301}e\x{301}e\x{301}e\x{301}e\x{301}e\x{301}e\x{301}e\x{301}e\x{301}e\x{301} e\x{301} e\x{301}e\x{301}e\x{301}e\x{301}e\x{301}e\x{301}e\x{301}e\x{301}e\x{301}e\x{301}e\x{301}e\x{301}e\x{301}e\x{301}e\x{301}e\x{301}e\x{301}e\x{301}e\x{301}e\x{301}e\x{301}e\x{301}e\x{301}e\x{301}e\x{301}e\x{301}e\x{301}e\x{301}e\x{301}e\x{301}e\x{301}e\x{301}e\x{301}e\x{301}e\x{301}e\x{301}e\x{301}e\x{301}e\x{301}e\x{301}e\x{301}e\x{301}e\x{301} e\x{301}e\x{301}e\x{301}e\x{301}e\x{301}e\x{301}e\x{301}e\x{301}e\x{301}e\x{301}e\x{301}e\x{301}e\x{301}e\x{301}e\x{301}e\x{301}e\x{301}e\x{301}e\x{301}e\x{301}e\x{301}e\x{301}e\x{301}e\x{301}e\x{301}e\x{301}e\x{301}e\x{301}e\x{301}e\x{301} e\x{301}e\x{301}e\x{301}e\x{301}e\x{301}e\x{301}e\x{301}e\x{301}e\x{301}e\x{301}e\x{301}e\x{301}e\x{301}e\x{301}e\x{301}e\x{301}e\x{301}e\x{301}e\x{301}e\x{301}e\x{301}e\x{301}"
          text run at (912,4590) width 0: " "
          text run at (0,4607) width 912: "e\x{301}e\x{301}e\x{301}e\x{301}e\x{301}e\x{301}e\x{301}e\x{301}e\x{301}e\x{301}e\x{301}e\x{301}e\x{301}e\x{301}e\x{301}e\x{301}e\x{301}e\x{301}e\x{301}e\x{301}e\x{301}e\x{301}e\x{301}e\x{301}e\x{301}e\x{301}e\x{301}e\x{301}e\x{301}e\x{301}e\x{301}e\x{301} e\x{301} e\x{301}e\x{301}e\x{301}e\x{301}e\x{301}e\x{301}e\x{301}e\x{301}e\x{301}e\x{301}e\x{301}e\x{301}e\x{301}e\x{301}e\x{301}e\x{301}e\x{301}e\x{301}e\x{301}e\x{301}e\x{301}e\x{301}e\x{301}e\x{301}e\x{301}e\x{301}e\x{301}e\x{301}e\x{301}e\x{301}e\x{301}e\x{301}e\x{301}e\x{301}e\x{301}e\x{301}e\x{301}e\x{301}e\x{301}e\x{301}e\x{301}e\x{301}e\x{301} e\x{301}e\x{301}e\x{301}e\x{301}e\x{301}e\x{301}e\x{301}e\x{301}e\x{301}e\x{301}e\x{301}e\x{301}e\x{301}e\x{301}e\x{301}e\x{301}e\x{301}e\x{301}e\x{301}e\x{301}e\x{301}e\x{301}e\x{301}e\x{301}e\x{301}e\x{301}e\x{301}e\x{301}e\x{301}e\x{301} e\x{301}e\x{301}e\x{301}e\x{301}e\x{301}e\x{301}e\x{301}e\x{301}e\x{301}e\x{301}e\x{301}e\x{301}e\x{301}e\x{301}e\x{301}e\x{301}e\x{301}e\x{301}e\x{301}e\x{301}e\x{301}e\x{301}"
          text run at (912,4607) width 0: " "
          text run at (0,4624) width 912: "e\x{301}e\x{301}e\x{301}e\x{301}e\x{301}e\x{301}e\x{301}e\x{301}e\x{301}e\x{301}e\x{301}e\x{301}e\x{301}e\x{301}e\x{301}e\x{301}e\x{301}e\x{301}e\x{301}e\x{301}e\x{301}e\x{301}e\x{301}e\x{301}e\x{301}e\x{301}e\x{301}e\x{301}e\x{301}e\x{301}e\x{301}e\x{301} e\x{301} e\x{301}e\x{301}e\x{301}e\x{301}e\x{301}e\x{301}e\x{301}e\x{301}e\x{301}e\x{301}e\x{301}e\x{301}e\x{301}e\x{301}e\x{301}e\x{301}e\x{301}e\x{301}e\x{301}e\x{301}e\x{301}e\x{301}e\x{301}e\x{301}e\x{301}e\x{301}e\x{301}e\x{301}e\x{301}e\x{301}e\x{301}e\x{301}e\x{301}e\x{301}e\x{301}e\x{301}e\x{301}e\x{301}e\x{301}e\x{301}e\x{301}e\x{301}e\x{301} e\x{301}e\x{301}e\x{301}e\x{301}e\x{301}e\x{301}e\x{301}e\x{301}e\x{301}e\x{301}e\x{301}e\x{301}e\x{301}e\x{301}e\x{301}e\x{301}e\x{301}e\x{301}e\x{301}e\x{301}e\x{301}e\x{301}e\x{301}e\x{301}e\x{301}e\x{301}e\x{301}e\x{301}e\x{301}e\x{301} e\x{301}e\x{301}e\x{301}e\x{301}e\x{301}e\x{301}e\x{301}e\x{301}e\x{301}e\x{301}e\x{301}e\x{301}e\x{301}e\x{301}e\x{301}e\x{301}e\x{301}e\x{301}e\x{301}e\x{301}e\x{301}e\x{301}"
          text run at (912,4624) width 0: " "
          text run at (0,4641) width 912: "e\x{301}e\x{301}e\x{301}e\x{301}e\x{301}e\x{301}e\x{301}e\x{301}e\x{301}e\x{301}e\x{301}e\x{301}e\x{301}e\x{301}e\x{301}e\x{301}e\x{301}e\x{301}e\x{301}e\x{301}e\x{301}e\x{301}e\x{301}e\x{301}e\x{301}e\x{301}e\x{301}e\x{301}e\x{301}e\x{301}e\x{301}e\x{301} e\x{301} e\x{301}e\x{301}e\x{301}e\x{301}e\x{301}e\x{301}e\x{301}e\x{301}e\x{301}e\x{301}e\x{301}e\x{301}e\x{301}e\x{301}e\x{301}e\x{301}e\x{301}e\x{301}e\x{301}e\x{301}e\x{301}e\x{301}e\x{301}e\x{301}e\x{301}e\x{301}e\x{301}e\x{301}e\x{301}e\x{301}e\x{301}e\x{301}e\x{301}e\x{301}e\x{301}e\x{301}e\x{301}e\x{301}e\x{301}e\x{301}e\x{301}e\x{301}e\x{301} e\x{301}e\x{301}e\x{301}e\x{301}e\x{301}e\x{301}e\x{301}e\x{301}e\x{301}e\x{301}e\x{301}e\x{301}e\x{301}e\x{301}e\x{301}e\x{301}e\x{301}e\x{301}e\x{301}e\x{301}e\x{301}e\x{301}e\x{301}e\x{301}e\x{301}e\x{301}e\x{301}e\x{301}e\x{301}e\x{301} e\x{301}e\x{301}e\x{301}e\x{301}e\x{301}e\x{301}e\x{301}e\x{301}e\x{301}e\x{301}e\x{301}e\x{301}e\x{301}e\x{301}e\x{301}e\x{301}e\x{301}e\x{301}e\x{301}e\x{301}e\x{301}e\x{301}"
          text run at (912,4641) width 0: " "
          text run at (0,4658) width 912: "e\x{301}e\x{301}e\x{301}e\x{301}e\x{301}e\x{301}e\x{301}e\x{301}e\x{301}e\x{301}e\x{301}e\x{301}e\x{301}e\x{301}e\x{301}e\x{301}e\x{301}e\x{301}e\x{301}e\x{301}e\x{301}e\x{301}e\x{301}e\x{301}e\x{301}e\x{301}e\x{301}e\x{301}e\x{301}e\x{301}e\x{301}e\x{301} e\x{301} e\x{301}e\x{301}e\x{301}e\x{301}e\x{301}e\x{301}e\x{301}e\x{301}e\x{301}e\x{301}e\x{301}e\x{301}e\x{301}e\x{301}e\x{301}e\x{301}e\x{301}e\x{301}e\x{301}e\x{301}e\x{301}e\x{301}e\x{301}e\x{301}e\x{301}e\x{301}e\x{301}e\x{301}e\x{301}e\x{301}e\x{301}e\x{301}e\x{301}e\x{301}e\x{301}e\x{301}e\x{301}e\x{301}e\x{301}e\x{301}e\x{301}e\x{301}e\x{301} e\x{301}e\x{301}e\x{301}e\x{301}e\x{301}e\x{301}e\x{301}e\x{301}e\x{301}e\x{301}e\x{301}e\x{301}e\x{301}e\x{301}e\x{301}e\x{301}e\x{301}e\x{301}e\x{301}e\x{301}e\x{301}e\x{301}e\x{301}e\x{301}e\x{301}e\x{301}e\x{301}e\x{301}e\x{301}e\x{301} e\x{301}e\x{301}e\x{301}e\x{301}e\x{301}e\x{301}e\x{301}e\x{301}e\x{301}e\x{301}e\x{301}e\x{301}e\x{301}e\x{301}e\x{301}e\x{301}e\x{301}e\x{301}e\x{301}e\x{301}e\x{301}e\x{301}"
          text run at (912,4658) width 0: " "
          text run at (0,4675) width 912: "e\x{301}e\x{301}e\x{301}e\x{301}e\x{301}e\x{301}e\x{301}e\x{301}e\x{301}e\x{301}e\x{301}e\x{301}e\x{301}e\x{301}e\x{301}e\x{301}e\x{301}e\x{301}e\x{301}e\x{301}e\x{301}e\x{301}e\x{301}e\x{301}e\x{301}e\x{301}e\x{301}e\x{301}e\x{301}e\x{301}e\x{301}e\x{301} e\x{301} e\x{301}e\x{301}e\x{301}e\x{301}e\x{301}e\x{301}e\x{301}e\x{301}e\x{301}e\x{301}e\x{301}e\x{301}e\x{301}e\x{301}e\x{301}e\x{301}e\x{301}e\x{301}e\x{301}e\x{301}e\x{301}e\x{301}e\x{301}e\x{301}e\x{301}e\x{301}e\x{301}e\x{301}e\x{301}e\x{301}e\x{301}e\x{301}e\x{301}e\x{301}e\x{301}e\x{301}e\x{301}e\x{301}e\x{301}e\x{301}e\x{301}e\x{301}e\x{301} e\x{301}e\x{301}e\x{301}e\x{301}e\x{301}e\x{301}e\x{301}e\x{301}e\x{301}e\x{301}e\x{301}e\x{301}e\x{301}e\x{301}e\x{301}e\x{301}e\x{301}e\x{301}e\x{301}e\x{301}e\x{301}e\x{301}e\x{301}e\x{301}e\x{301}e\x{301}e\x{301}e\x{301}e\x{301}e\x{301} e\x{301}e\x{301}e\x{301}e\x{301}e\x{301}e\x{301}e\x{301}e\x{301}e\x{301}e\x{301}e\x{301}e\x{301}e\x{301}e\x{301}e\x{301}e\x{301}e\x{301}e\x{301}e\x{301}e\x{301}e\x{301}e\x{301}"
          text run at (912,4675) width 0: " "
          text run at (0,4692) width 912: "e\x{301}e\x{301}e\x{301}e\x{301}e\x{301}e\x{301}e\x{301}e\x{301}e\x{301}e\x{301}e\x{301}e\x{301}e\x{301}e\x{301}e\x{301}e\x{301}e\x{301}e\x{301}e\x{301}e\x{301}e\x{301}e\x{301}e\x{301}e\x{301}e\x{301}e\x{301}e\x{301}e\x{301}e\x{301}e\x{301}e\x{301}e\x{301} e\x{301} e\x{301}e\x{301}e\x{301}e\x{301}e\x{301}e\x{301}e\x{301}e\x{301}e\x{301}e\x{301}e\x{301}e\x{301}e\x{301}e\x{301}e\x{301}e\x{301}e\x{301}e\x{301}e\x{301}e\x{301}e\x{301}e\x{301}e\x{301}e\x{301}e\x{301}e\x{301}e\x{301}e\x{301}e\x{301}e\x{301}e\x{301}e\x{301}e\x{301}e\x{301}e\x{301}e\x{301}e\x{301}e\x{301}e\x{301}e\x{301}e\x{301}e\x{301}e\x{301} e\x{301}e\x{301}e\x{301}e\x{301}e\x{301}e\x{301}e\x{301}e\x{301}e\x{301}e\x{301}e\x{301}e\x{301}e\x{301}e\x{301}e\x{301}e\x{301}e\x{301}e\x{301}e\x{301}e\x{301}e\x{301}e\x{301}e\x{301}e\x{301}e\x{301}e\x{301}e\x{301}e\x{301}e\x{301}e\x{301} e\x{301}e\x{301}e\x{301}e\x{301}e\x{301}e\x{301}e\x{301}e\x{301}e\x{301}e\x{301}e\x{301}e\x{301}e\x{301}e\x{301}e\x{301}e\x{301}e\x{301}e\x{301}e\x{301}e\x{301}e\x{301}e\x{301}"
          text run at (912,4692) width 0: " "
          text run at (0,4709) width 912: "e\x{301}e\x{301}e\x{301}e\x{301}e\x{301}e\x{301}e\x{301}e\x{301}e\x{301}e\x{301}e\x{301}e\x{301}e\x{301}e\x{301}e\x{301}e\x{301}e\x{301}e\x{301}e\x{301}e\x{301}e\x{301}e\x{301}e\x{301}e\x{301}e\x{301}e\x{301}e\x{301}e\x{301}e\x{301}e\x{301}e\x{301}e\x{301} e\x{301} e\x{301}e\x{301}e\x{301}e\x{301}e\x{301}e\x{301}e\x{301}e\x{301}e\x{301}e\x{301}e\x{301}e\x{301}e\x{301}e\x{301}e\x{301}e\x{301}e\x{301}e\x{301}e\x{301}e\x{301}e\x{301}e\x{301}e\x{301}e\x{301}e\x{301}e\x{301}e\x{301}e\x{301}e\x{301}e\x{301}e\x{301}e\x{301}e\x{301}e\x{301}e\x{301}e\x{301}e\x{301}e\x{301}e\x{301}e\x{301}e\x{301}e\x{301}e\x{301} e\x{301}e\x{301}e\x{301}e\x{301}e\x{301}e\x{301}e\x{301}e\x{301}e\x{301}e\x{301}e\x{301}e\x{301}e\x{301}e\x{301}e\x{301}e\x{301}e\x{301}e\x{301}e\x{301}e\x{301}e\x{301}e\x{301}e\x{301}e\x{301}e\x{301}e\x{301}e\x{301}e\x{301}e\x{301}e\x{301} e\x{301}e\x{301}e\x{301}e\x{301}e\x{301}e\x{301}e\x{301}e\x{301}e\x{301}e\x{301}e\x{301}e\x{301}e\x{301}e\x{301}e\x{301}e\x{301}e\x{301}e\x{301}e\x{301}e\x{301}e\x{301}e\x{301}"
          text run at (912,4709) width 0: " "
          text run at (0,4726) width 912: "e\x{301}e\x{301}e\x{301}e\x{301}e\x{301}e\x{301}e\x{301}e\x{301}e\x{301}e\x{301}e\x{301}e\x{301}e\x{301}e\x{301}e\x{301}e\x{301}e\x{301}e\x{301}e\x{301}e\x{301}e\x{301}e\x{301}e\x{301}e\x{301}e\x{301}e\x{301}e\x{301}e\x{301}e\x{301}e\x{301}e\x{301}e\x{301} e\x{301} e\x{301}e\x{301}e\x{301}e\x{301}e\x{301}e\x{301}e\x{301}e\x{301}e\x{301}e\x{301}e\x{301}e\x{301}e\x{301}e\x{301}e\x{301}e\x{301}e\x{301}e\x{301}e\x{301}e\x{301}e\x{301}e\x{301}e\x{301}e\x{301}e\x{301}e\x{301}e\x{301}e\x{301}e\x{301}e\x{301}e\x{301}e\x{301}e\x{301}e\x{301}e\x{301}e\x{301}e\x{301}e\x{301}e\x{301}e\x{301}e\x{301}e\x{301}e\x{301} e\x{301}e\x{301}e\x{301}e\x{301}e\x{301}e\x{301}e\x{301}e\x{301}e\x{301}e\x{301}e\x{301}e\x{301}e\x{301}e\x{301}e\x{301}e\x{301}e\x{301}e\x{301}e\x{301}e\x{301}e\x{301}e\x{301}e\x{301}e\x{301}e\x{301}e\x{301}e\x{301}e\x{301}e\x{301}e\x{301} e\x{301}e\x{301}e\x{301}e\x{301}e\x{301}e\x{301}e\x{301}e\x{301}e\x{301}e\x{301}e\x{301}e\x{301}e\x{301}e\x{301}e\x{301}e\x{301}e\x{301}e\x{301}e\x{301}e\x{301}e\x{301}e\x{301}"
          text run at (912,4726) width 0: " "
          text run at (0,4743) width 912: "e\x{301}e\x{301}e\x{301}e\x{301}e\x{301}e\x{301}e\x{301}e\x{301}e\x{301}e\x{301}e\x{301}e\x{301}e\x{301}e\x{301}e\x{301}e\x{301}e\x{301}e\x{301}e\x{301}e\x{301}e\x{301}e\x{301}e\x{301}e\x{301}e\x{301}e\x{301}e\x{301}e\x{301}e\x{301}e\x{301}e\x{301}e\x{301} e\x{301} e\x{301}e\x{301}e\x{301}e\x{301}e\x{301}e\x{301}e\x{301}e\x{301}e\x{301}e\x{301}e\x{301}e\x{301}e\x{301}e\x{301}e\x{301}e\x{301}e\x{301}e\x{301}e\x{301}e\x{301}e\x{301}e\x{301}e\x{301}e\x{301}e\x{301}e\x{301}e\x{301}e\x{301}e\x{301}e\x{301}e\x{301}e\x{301}e\x{301}e\x{301}e\x{301}e\x{301}e\x{301}e\x{301}e\x{301}e\x{301}e\x{301}e\x{301}e\x{301} e\x{301}e\x{301}e\x{301}e\x{301}e\x{301}e\x{301}e\x{301}e\x{301}e\x{301}e\x{301}e\x{301}e\x{301}e\x{301}e\x{301}e\x{301}e\x{301}e\x{301}e\x{301}e\x{301}e\x{301}e\x{301}e\x{301}e\x{301}e\x{301}e\x{301}e\x{301}e\x{301}e\x{301}e\x{301}e\x{301} e\x{301}e\x{301}e\x{301}e\x{301}e\x{301}e\x{301}e\x{301}e\x{301}e\x{301}e\x{301}e\x{301}e\x{301}e\x{301}e\x{301}e\x{301}e\x{301}e\x{301}e\x{301}e\x{301}e\x{301}e\x{301}e\x{301}"
          text run at (912,4743) width 0: " "
          text run at (0,4760) width 912: "e\x{301}e\x{301}e\x{301}e\x{301}e\x{301}e\x{301}e\x{301}e\x{301}e\x{301}e\x{301}e\x{301}e\x{301}e\x{301}e\x{301}e\x{301}e\x{301}e\x{301}e\x{301}e\x{301}e\x{301}e\x{301}e\x{301}e\x{301}e\x{301}e\x{301}e\x{301}e\x{301}e\x{301}e\x{301}e\x{301}e\x{301}e\x{301} e\x{301} e\x{301}e\x{301}e\x{301}e\x{301}e\x{301}e\x{301}e\x{301}e\x{301}e\x{301}e\x{301}e\x{301}e\x{301}e\x{301}e\x{301}e\x{301}e\x{301}e\x{301}e\x{301}e\x{301}e\x{301}e\x{301}e\x{301}e\x{301}e\x{301}e\x{301}e\x{301}e\x{301}e\x{301}e\x{301}e\x{301}e\x{301}e\x{301}e\x{301}e\x{301}e\x{301}e\x{301}e\x{301}e\x{301}e\x{301}e\x{301}e\x{301}e\x{301}e\x{301} e\x{301}e\x{301}e\x{301}e\x{301}e\x{301}e\x{301}e\x{301}e\x{301}e\x{301}e\x{301}e\x{301}e\x{301}e\x{301}e\x{301}e\x{301}e\x{301}e\x{301}e\x{301}e\x{301}e\x{301}e\x{301}e\x{301}e\x{301}e\x{301}e\x{301}e\x{301}e\x{301}e\x{301}e\x{301}e\x{301} e\x{301}e\x{301}e\x{301}e\x{301}e\x{301}e\x{301}e\x{301}e\x{301}e\x{301}e\x{301}e\x{301}e\x{301}e\x{301}e\x{301}e\x{301}e\x{301}e\x{301}e\x{301}e\x{301}e\x{301}e\x{301}e\x{301}"
          text run at (912,4760) width 0: " "
          text run at (0,4777) width 912: "e\x{301}e\x{301}e\x{301}e\x{301}e\x{301}e\x{301}e\x{301}e\x{301}e\x{301}e\x{301}e\x{301}e\x{301}e\x{301}e\x{301}e\x{301}e\x{301}e\x{301}e\x{301}e\x{301}e\x{301}e\x{301}e\x{301}e\x{301}e\x{301}e\x{301}e\x{301}e\x{301}e\x{301}e\x{301}e\x{301}e\x{301}e\x{301} e\x{301} e\x{301}e\x{301}e\x{301}e\x{301}e\x{301}e\x{301}e\x{301}e\x{301}e\x{301}e\x{301}e\x{301}e\x{301}e\x{301}e\x{301}e\x{301}e\x{301}e\x{301}e\x{301}e\x{301}e\x{301}e\x{301}e\x{301}e\x{301}e\x{301}e\x{301}e\x{301}e\x{301}e\x{301}e\x{301}e\x{301}e\x{301}e\x{301}e\x{301}e\x{301}e\x{301}e\x{301}e\x{301}e\x{301}e\x{301}e\x{301}e\x{301}e\x{301}e\x{301} e\x{301}e\x{301}e\x{301}e\x{301}e\x{301}e\x{301}e\x{301}e\x{301}e\x{301}e\x{301}e\x{301}e\x{301}e\x{301}e\x{301}e\x{301}e\x{301}e\x{301}e\x{301}e\x{301}e\x{301}e\x{301}e\x{301}e\x{301}e\x{301}e\x{301}e\x{301}e\x{301}e\x{301}e\x{301}e\x{301} e\x{301}e\x{301}e\x{301}e\x{301}e\x{301}e\x{301}e\x{301}e\x{301}e\x{301}e\x{301}e\x{301}e\x{301}e\x{301}e\x{301}e\x{301}e\x{301}e\x{301}e\x{301}e\x{301}e\x{301}e\x{301}e\x{301}"
          text run at (912,4777) width 0: " "
          text run at (0,4794) width 912: "e\x{301}e\x{301}e\x{301}e\x{301}e\x{301}e\x{301}e\x{301}e\x{301}e\x{301}e\x{301}e\x{301}e\x{301}e\x{301}e\x{301}e\x{301}e\x{301}e\x{301}e\x{301}e\x{301}e\x{301}e\x{301}e\x{301}e\x{301}e\x{301}e\x{301}e\x{301}e\x{301}e\x{301}e\x{301}e\x{301}e\x{301}e\x{301} e\x{301} e\x{301}e\x{301}e\x{301}e\x{301}e\x{301}e\x{301}e\x{301}e\x{301}e\x{301}e\x{301}e\x{301}e\x{301}e\x{301}e\x{301}e\x{301}e\x{301}e\x{301}e\x{301}e\x{301}e\x{301}e\x{301}e\x{301}e\x{301}e\x{301}e\x{301}e\x{301}e\x{301}e\x{301}e\x{301}e\x{301}e\x{301}e\x{301}e\x{301}e\x{301}e\x{301}e\x{301}e\x{301}e\x{301}e\x{301}e\x{301}e\x{301}e\x{301}e\x{301} e\x{301}e\x{301}e\x{301}e\x{301}e\x{301}e\x{301}e\x{301}e\x{301}e\x{301}e\x{301}e\x{301}e\x{301}e\x{301}e\x{301}e\x{301}e\x{301}e\x{301}e\x{301}e\x{301}e\x{301}e\x{301}e\x{301}e\x{301}e\x{301}e\x{301}e\x{301}e\x{301}e\x{301}e\x{301}e\x{301} e\x{301}e\x{301}e\x{301}e\x{301}e\x{301}e\x{301}e\x{301}e\x{301}e\x{301}e\x{301}e\x{301}e\x{301}e\x{301}e\x{301}e\x{301}e\x{301}e\x{301}e\x{301}e\x{301}e\x{301}e\x{301}e\x{301}"
          text run at (912,4794) width 0: " "
          text run at (0,4811) width 912: "e\x{301}e\x{301}e\x{301}e\x{301}e\x{301}e\x{301}e\x{301}e\x{301}e\x{301}e\x{301}e\x{301}e\x{301}e\x{301}e\x{301}e\x{301}e\x{301}e\x{301}e\x{301}e\x{301}e\x{301}e\x{301}e\x{301}e\x{301}e\x{301}e\x{301}e\x{301}e\x{301}e\x{301}e\x{301}e\x{301}e\x{301}e\x{301} e\x{301} e\x{301}e\x{301}e\x{301}e\x{301}e\x{301}e\x{301}e\x{301}e\x{301}e\x{301}e\x{301}e\x{301}e\x{301}e\x{301}e\x{301}e\x{301}e\x{301}e\x{301}e\x{301}e\x{301}e\x{301}e\x{301}e\x{301}e\x{301}e\x{301}e\x{301}e\x{301}e\x{301}e\x{301}e\x{301}e\x{301}e\x{301}e\x{301}e\x{301}e\x{301}e\x{301}e\x{301}e\x{301}e\x{301}e\x{301}e\x{301}e\x{301}e\x{301}e\x{301} e\x{301}e\x{301}e\x{301}e\x{301}e\x{301}e\x{301}e\x{301}e\x{301}e\x{301}e\x{301}e\x{301}e\x{301}e\x{301}e\x{301}e\x{301}e\x{301}e\x{301}e\x{301}e\x{301}e\x{301}e\x{301}e\x{301}e\x{301}e\x{301}e\x{301}e\x{301}e\x{301}e\x{301}e\x{301}e\x{301} e\x{301}e\x{301}e\x{301}e\x{301}e\x{301}e\x{301}e\x{301}e\x{301}e\x{301}e\x{301}e\x{301}e\x{301}e\x{301}e\x{301}e\x{301}e\x{301}e\x{301}e\x{301}e\x{301}e\x{301}e\x{301}e\x{301}"
          text run at (912,4811) width 0: " "
          text run at (0,4828) width 912: "e\x{301}e\x{301}e\x{301}e\x{301}e\x{301}e\x{301}e\x{301}e\x{301}e\x{301}e\x{301}e\x{301}e\x{301}e\x{301}e\x{301}e\x{301}e\x{301}e\x{301}e\x{301}e\x{301}e\x{301}e\x{301}e\x{301}e\x{301}e\x{301}e\x{301}e\x{301}e\x{301}e\x{301}e\x{301}e\x{301}e\x{301}e\x{301} e\x{301} e\x{301}e\x{301}e\x{301}e\x{301}e\x{301}e\x{301}e\x{301}e\x{301}e\x{301}e\x{301}e\x{301}e\x{301}e\x{301}e\x{301}e\x{301}e\x{301}e\x{301}e\x{301}e\x{301}e\x{301}e\x{301}e\x{301}e\x{301}e\x{301}e\x{301}e\x{301}e\x{301}e\x{301}e\x{301}e\x{301}e\x{301}e\x{301}e\x{301}e\x{301}e\x{301}e\x{301}e\x{301}e\x{301}e\x{301}e\x{301}e\x{301}e\x{301}e\x{301} e\x{301}e\x{301}e\x{301}e\x{301}e\x{301}e\x{301}e\x{301}e\x{301}e\x{301}e\x{301}e\x{301}e\x{301}e\x{301}e\x{301}e\x{301}e\x{301}e\x{301}e\x{301}e\x{301}e\x{301}e\x{301}e\x{301}e\x{301}e\x{301}e\x{301}e\x{301}e\x{301}e\x{301}e\x{301}e\x{301} e\x{301}e\x{301}e\x{301}e\x{301}e\x{301}e\x{301}e\x{301}e\x{301}e\x{301}e\x{301}e\x{301}e\x{301}e\x{301}e\x{301}e\x{301}e\x{301}e\x{301}e\x{301}e\x{301}e\x{301}e\x{301}e\x{301}"
          text run at (912,4828) width 0: " "
          text run at (0,4845) width 912: "e\x{301}e\x{301}e\x{301}e\x{301}e\x{301}e\x{301}e\x{301}e\x{301}e\x{301}e\x{301}e\x{301}e\x{301}e\x{301}e\x{301}e\x{301}e\x{301}e\x{301}e\x{301}e\x{301}e\x{301}e\x{301}e\x{301}e\x{301}e\x{301}e\x{301}e\x{301}e\x{301}e\x{301}e\x{301}e\x{301}e\x{301}e\x{301} e\x{301} e\x{301}e\x{301}e\x{301}e\x{301}e\x{301}e\x{301}e\x{301}e\x{301}e\x{301}e\x{301}e\x{301}e\x{301}e\x{301}e\x{301}e\x{301}e\x{301}e\x{301}e\x{301}e\x{301}e\x{301}e\x{301}e\x{301}e\x{301}e\x{301}e\x{301}e\x{301}e\x{301}e\x{301}e\x{301}e\x{301}e\x{301}e\x{301}e\x{301}e\x{301}e\x{301}e\x{301}e\x{301}e\x{301}e\x{301}e\x{301}e\x{301}e\x{301}e\x{301} e\x{301}e\x{301}e\x{301}e\x{301}e\x{301}e\x{301}e\x{301}e\x{301}e\x{301}e\x{301}e\x{301}e\x{301}e\x{301}e\x{301}e\x{301}e\x{301}e\x{301}e\x{301}e\x{301}e\x{301}e\x{301}e\x{301}e\x{301}e\x{301}e\x{301}e\x{301}e\x{301}e\x{301}e\x{301}e\x{301} e\x{301}e\x{301}e\x{301}e\x{301}e\x{301}e\x{301}e\x{301}e\x{301}e\x{301}e\x{301}e\x{301}e\x{301}e\x{301}e\x{301}e\x{301}e\x{301}e\x{301}e\x{301}e\x{301}e\x{301}e\x{301}e\x{301}"
          text run at (912,4845) width 0: " "
          text run at (0,4862) width 912: "e\x{301}e\x{301}e\x{301}e\x{301}e\x{301}e\x{301}e\x{301}e\x{301}e\x{301}e\x{301}e\x{301}e\x{301}e\x{301}e\x{301}e\x{301}e\x{301}e\x{301}e\x{301}e\x{301}e\x{301}e\x{301}e\x{301}e\x{301}e\x{301}e\x{301}e\x{301}e\x{301}e\x{301}e\x{301}e\x{301}e\x{301}e\x{301} e\x{301} e\x{301}e\x{301}e\x{301}e\x{301}e\x{301}e\x{301}e\x{301}e\x{301}e\x{301}e\x{301}e\x{301}e\x{301}e\x{301}e\x{301}e\x{301}e\x{301}e\x{301}e\x{301}e\x{301}e\x{301}e\x{301}e\x{301}e\x{301}e\x{301}e\x{301}e\x{301}e\x{301}e\x{301}e\x{301}e\x{301}e\x{301}e\x{301}e\x{301}e\x{301}e\x{301}e\x{301}e\x{301}e\x{301}e\x{301}e\x{301}e\x{301}e\x{301}e\x{301} e\x{301}e\x{301}e\x{301}e\x{301}e\x{301}e\x{301}e\x{301}e\x{301}e\x{301}e\x{301}e\x{301}e\x{301}e\x{301}e\x{301}e\x{301}e\x{301}e\x{301}e\x{301}e\x{301}e\x{301}e\x{301}e\x{301}e\x{301}e\x{301}e\x{301}e\x{301}e\x{301}e\x{301}e\x{301}e\x{301} e\x{301}e\x{301}e\x{301}e\x{301}e\x{301}e\x{301}e\x{301}e\x{301}e\x{301}e\x{301}e\x{301}e\x{301}e\x{301}e\x{301}e\x{301}e\x{301}e\x{301}e\x{301}e\x{301}e\x{301}e\x{301}e\x{301}"
          text run at (912,4862) width 0: " "
          text run at (0,4879) width 912: "e\x{301}e\x{301}e\x{301}e\x{301}e\x{301}e\x{301}e\x{301}e\x{301}e\x{301}e\x{301}e\x{301}e\x{301}e\x{301}e\x{301}e\x{301}e\x{301}e\x{301}e\x{301}e\x{301}e\x{301}e\x{301}e\x{301}e\x{301}e\x{301}e\x{301}e\x{301}e\x{301}e\x{301}e\x{301}e\x{301}e\x{301}e\x{301} e\x{301} e\x{301}e\x{301}e\x{301}e\x{301}e\x{301}e\x{301}e\x{301}e\x{301}e\x{301}e\x{301}e\x{301}e\x{301}e\x{301}e\x{301}e\x{301}e\x{301}e\x{301}e\x{301}e\x{301}e\x{301}e\x{301}e\x{301}e\x{301}e\x{301}e\x{301}e\x{301}e\x{301}e\x{301}e\x{301}e\x{301}e\x{301}e\x{301}e\x{301}e\x{301}e\x{301}e\x{301}e\x{301}e\x{301}e\x{301}e\x{301}e\x{301}e\x{301}e\x{301} e\x{301}e\x{301}e\x{301}e\x{301}e\x{301}e\x{301}e\x{301}e\x{301}e\x{301}e\x{301}e\x{301}e\x{301}e\x{301}e\x{301}e\x{301}e\x{301}e\x{301}e\x{301}e\x{301}e\x{301}e\x{301}e\x{301}e\x{301}e\x{301}e\x{301}e\x{301}e\x{301}e\x{301}e\x{301}e\x{301} e\x{301}e\x{301}e\x{301}e\x{301}e\x{301}e\x{301}e\x{301}e\x{301}e\x{301}e\x{301}e\x{301}e\x{301}e\x{301}e\x{301}e\x{301}e\x{301}e\x{301}e\x{301}e\x{301}e\x{301}e\x{301}e\x{301}"
          text run at (912,4879) width 0: " "
          text run at (0,4896) width 912: "e\x{301}e\x{301}e\x{301}e\x{301}e\x{301}e\x{301}e\x{301}e\x{301}e\x{301}e\x{301}e\x{301}e\x{301}e\x{301}e\x{301}e\x{301}e\x{301}e\x{301}e\x{301}e\x{301}e\x{301}e\x{301}e\x{301}e\x{301}e\x{301}e\x{301}e\x{301}e\x{301}e\x{301}e\x{301}e\x{301}e\x{301}e\x{301} e\x{301} e\x{301}e\x{301}e\x{301}e\x{301}e\x{301}e\x{301}e\x{301}e\x{301}e\x{301}e\x{301}e\x{301}e\x{301}e\x{301}e\x{301}e\x{301}e\x{301}e\x{301}e\x{301}e\x{301}e\x{301}e\x{301}e\x{301}e\x{301}e\x{301}e\x{301}e\x{301}e\x{301}e\x{301}e\x{301}e\x{301}e\x{301}e\x{301}e\x{301}e\x{301}e\x{301}e\x{301}e\x{301}e\x{301}e\x{301}e\x{301}e\x{301}e\x{301}e\x{301} e\x{301}e\x{301}e\x{301}e\x{301}e\x{301}e\x{301}e\x{301}e\x{301}e\x{301}e\x{301}e\x{301}e\x{301}e\x{301}e\x{301}e\x{301}e\x{301}e\x{301}e\x{301}e\x{301}e\x{301}e\x{301}e\x{301}e\x{301}e\x{301}e\x{301}e\x{301}e\x{301}e\x{301}e\x{301}e\x{301} e\x{301}e\x{301}e\x{301}e\x{301}e\x{301}e\x{301}e\x{301}e\x{301}e\x{301}e\x{301}e\x{301}e\x{301}e\x{301}e\x{301}e\x{301}e\x{301}e\x{301}e\x{301}e\x{301}e\x{301}e\x{301}e\x{301}"
          text run at (912,4896) width 0: " "
          text run at (0,4913) width 912: "e\x{301}e\x{301}e\x{301}e\x{301}e\x{301}e\x{301}e\x{301}e\x{301}e\x{301}e\x{301}e\x{301}e\x{301}e\x{301}e\x{301}e\x{301}e\x{301}e\x{301}e\x{301}e\x{301}e\x{301}e\x{301}e\x{301}e\x{301}e\x{301}e\x{301}e\x{301}e\x{301}e\x{301}e\x{301}e\x{301}e\x{301}e\x{301} e\x{301} e\x{301}e\x{301}e\x{301}e\x{301}e\x{301}e\x{301}e\x{301}e\x{301}e\x{301}e\x{301}e\x{301}e\x{301}e\x{301}e\x{301}e\x{301}e\x{301}e\x{301}e\x{301}e\x{301}e\x{301}e\x{301}e\x{301}e\x{301}e\x{301}e\x{301}e\x{301}e\x{301}e\x{301}e\x{301}e\x{301}e\x{301}e\x{301}e\x{301}e\x{301}e\x{301}e\x{301}e\x{301}e\x{301}e\x{301}e\x{301}e\x{301}e\x{301}e\x{301} e\x{301}e\x{301}e\x{301}e\x{301}e\x{301}e\x{301}e\x{301}e\x{301}e\x{301}e\x{301}e\x{301}e\x{301}e\x{301}e\x{301}e\x{301}e\x{301}e\x{301}e\x{301}e\x{301}e\x{301}e\x{301}e\x{301}e\x{301}e\x{301}e\x{301}e\x{301}e\x{301}e\x{301}e\x{301}e\x{301} e\x{301}e\x{301}e\x{301}e\x{301}e\x{301}e\x{301}e\x{301}e\x{301}e\x{301}e\x{301}e\x{301}e\x{301}e\x{301}e\x{301}e\x{301}e\x{301}e\x{301}e\x{301}e\x{301}e\x{301}e\x{301}e\x{301}"
          text run at (912,4913) width 0: " "
          text run at (0,4930) width 912: "e\x{301}e\x{301}e\x{301}e\x{301}e\x{301}e\x{301}e\x{301}e\x{301}e\x{301}e\x{301}e\x{301}e\x{301}e\x{301}e\x{301}e\x{301}e\x{301}e\x{301}e\x{301}e\x{301}e\x{301}e\x{301}e\x{301}e\x{301}e\x{301}e\x{301}e\x{301}e\x{301}e\x{301}e\x{301}e\x{301}e\x{301}e\x{301} e\x{301} e\x{301}e\x{301}e\x{301}e\x{301}e\x{301}e\x{301}e\x{301}e\x{301}e\x{301}e\x{301}e\x{301}e\x{301}e\x{301}e\x{301}e\x{301}e\x{301}e\x{301}e\x{301}e\x{301}e\x{301}e\x{301}e\x{301}e\x{301}e\x{301}e\x{301}e\x{301}e\x{301}e\x{301}e\x{301}e\x{301}e\x{301}e\x{301}e\x{301}e\x{301}e\x{301}e\x{301}e\x{301}e\x{301}e\x{301}e\x{301}e\x{301}e\x{301}e\x{301} e\x{301}e\x{301}e\x{301}e\x{301}e\x{301}e\x{301}e\x{301}e\x{301}e\x{301}e\x{301}e\x{301}e\x{301}e\x{301}e\x{301}e\x{301}e\x{301}e\x{301}e\x{301}e\x{301}e\x{301}e\x{301}e\x{301}e\x{301}e\x{301}e\x{301}e\x{301}e\x{301}e\x{301}e\x{301}e\x{301} e\x{301}e\x{301}e\x{301}e\x{301}e\x{301}e\x{301}e\x{301}e\x{301}e\x{301}e\x{301}e\x{301}e\x{301}e\x{301}e\x{301}e\x{301}e\x{301}e\x{301}e\x{301}e\x{301}e\x{301}e\x{301}e\x{301}"
          text run at (912,4930) width 0: " "
          text run at (0,4947) width 912: "e\x{301}e\x{301}e\x{301}e\x{301}e\x{301}e\x{301}e\x{301}e\x{301}e\x{301}e\x{301}e\x{301}e\x{301}e\x{301}e\x{301}e\x{301}e\x{301}e\x{301}e\x{301}e\x{301}e\x{301}e\x{301}e\x{301}e\x{301}e\x{301}e\x{301}e\x{301}e\x{301}e\x{301}e\x{301}e\x{301}e\x{301}e\x{301} e\x{301} e\x{301}e\x{301}e\x{301}e\x{301}e\x{301}e\x{301}e\x{301}e\x{301}e\x{301}e\x{301}e\x{301}e\x{301}e\x{301}e\x{301}e\x{301}e\x{301}e\x{301}e\x{301}e\x{301}e\x{301}e\x{301}e\x{301}e\x{301}e\x{301}e\x{301}e\x{301}e\x{301}e\x{301}e\x{301}e\x{301}e\x{301}e\x{301}e\x{301}e\x{301}e\x{301}e\x{301}e\x{301}e\x{301}e\x{301}e\x{301}e\x{301}e\x{301}e\x{301} e\x{301}e\x{301}e\x{301}e\x{301}e\x{301}e\x{301}e\x{301}e\x{301}e\x{301}e\x{301}e\x{301}e\x{301}e\x{301}e\x{301}e\x{301}e\x{301}e\x{301}e\x{301}e\x{301}e\x{301}e\x{301}e\x{301}e\x{301}e\x{301}e\x{301}e\x{301}e\x{301}e\x{301}e\x{301}e\x{301} e\x{301}e\x{301}e\x{301}e\x{301}e\x{301}e\x{301}e\x{301}e\x{301}e\x{301}e\x{301}e\x{301}e\x{301}e\x{301}e\x{301}e\x{301}e\x{301}e\x{301}e\x{301}e\x{301}e\x{301}e\x{301}e\x{301}"
          text run at (912,4947) width 0: " "
          text run at (0,4964) width 912: "e\x{301}e\x{301}e\x{301}e\x{301}e\x{301}e\x{301}e\x{301}e\x{301}e\x{301}e\x{301}e\x{301}e\x{301}e\x{301}e\x{301}e\x{301}e\x{301}e\x{301}e\x{301}e\x{301}e\x{301}e\x{301}e\x{301}e\x{301}e\x{301}e\x{301}e\x{301}e\x{301}e\x{301}e\x{301}e\x{301}e\x{301}e\x{301} e\x{301} e\x{301}e\x{301}e\x{301}e\x{301}e\x{301}e\x{301}e\x{301}e\x{301}e\x{301}e\x{301}e\x{301}e\x{301}e\x{301}e\x{301}e\x{301}e\x{301}e\x{301}e\x{301}e\x{301}e\x{301}e\x{301}e\x{301}e\x{301}e\x{301}e\x{301}e\x{301}e\x{301}e\x{301}e\x{301}e\x{301}e\x{301}e\x{301}e\x{301}e\x{301}e\x{301}e\x{301}e\x{301}e\x{301}e\x{301}e\x{301}e\x{301}e\x{301}e\x{301} e\x{301}e\x{301}e\x{301}e\x{301}e\x{301}e\x{301}e\x{301}e\x{301}e\x{301}e\x{301}e\x{301}e\x{301}e\x{301}e\x{301}e\x{301}e\x{301}e\x{301}e\x{301}e\x{301}e\x{301}e\x{301}e\x{301}e\x{301}e\x{301}e\x{301}e\x{301}e\x{301}e\x{301}e\x{301}e\x{301} e\x{301}e\x{301}e\x{301}e\x{301}e\x{301}e\x{301}e\x{301}e\x{301}e\x{301}e\x{301}e\x{301}e\x{301}e\x{301}e\x{301}e\x{301}e\x{301}e\x{301}e\x{301}e\x{301}e\x{301}e\x{301}e\x{301}"
          text run at (912,4964) width 0: " "
          text run at (0,4981) width 912: "e\x{301}e\x{301}e\x{301}e\x{301}e\x{301}e\x{301}e\x{301}e\x{301}e\x{301}e\x{301}e\x{301}e\x{301}e\x{301}e\x{301}e\x{301}e\x{301}e\x{301}e\x{301}e\x{301}e\x{301}e\x{301}e\x{301}e\x{301}e\x{301}e\x{301}e\x{301}e\x{301}e\x{301}e\x{301}e\x{301}e\x{301}e\x{301} e\x{301} e\x{301}e\x{301}e\x{301}e\x{301}e\x{301}e\x{301}e\x{301}e\x{301}e\x{301}e\x{301}e\x{301}e\x{301}e\x{301}e\x{301}e\x{301}e\x{301}e\x{301}e\x{301}e\x{301}e\x{301}e\x{301}e\x{301}e\x{301}e\x{301}e\x{301}e\x{301}e\x{301}e\x{301}e\x{301}e\x{301}e\x{301}e\x{301}e\x{301}e\x{301}e\x{301}e\x{301}e\x{301}e\x{301}e\x{301}e\x{301}e\x{301}e\x{301}e\x{301} e\x{301}e\x{301}e\x{301}e\x{301}e\x{301}e\x{301}e\x{301}e\x{301}e\x{301}e\x{301}e\x{301}e\x{301}e\x{301}e\x{301}e\x{301}e\x{301}e\x{301}e\x{301}e\x{301}e\x{301}e\x{301}e\x{301}e\x{301}e\x{301}e\x{301}e\x{301}e\x{301}e\x{301}e\x{301}e\x{301} e\x{301}e\x{301}e\x{301}e\x{301}e\x{301}e\x{301}e\x{301}e\x{301}e\x{301}e\x{301}e\x{301}e\x{301}e\x{301}e\x{301}e\x{301}e\x{301}e\x{301}e\x{301}e\x{301}e\x{301}e\x{301}e\x{301}"
          text run at (912,4981) width 0: " "
          text run at (0,4998) width 912: "e\x{301}e\x{301}e\x{301}e\x{301}e\x{301}e\x{301}e\x{301}e\x{301}e\x{301}e\x{301}e\x{301}e\x{301}e\x{301}e\x{301}e\x{301}e\x{301}e\x{301}e\x{301}e\x{301}e\x{301}e\x{301}e\x{301}e\x{301}e\x{301}e\x{301}e\x{301}e\x{301}e\x{301}e\x{301}e\x{301}e\x{301}e\x{301} e\x{301} e\x{301}e\x{301}e\x{301}e\x{301}e\x{301}e\x{301}e\x{301}e\x{301}e\x{301}e\x{301}e\x{301}e\x{301}e\x{301}e\x{301}e\x{301}e\x{301}e\x{301}e\x{301}e\x{301}e\x{301}e\x{301}e\x{301}e\x{301}e\x{301}e\x{301}e\x{301}e\x{301}e\x{301}e\x{301}e\x{301}e\x{301}e\x{301}e\x{301}e\x{301}e\x{301}e\x{301}e\x{301}e\x{301}e\x{301}e\x{301}e\x{301}e\x{301}e\x{301} e\x{301}e\x{301}e\x{301}e\x{301}e\x{301}e\x{301}e\x{301}e\x{301}e\x{301}e\x{301}e\x{301}e\x{301}e\x{301}e\x{301}e\x{301}e\x{301}e\x{301}e\x{301}e\x{301}e\x{301}e\x{301}e\x{301}e\x{301}e\x{301}e\x{301}e\x{301}e\x{301}e\x{301}e\x{301}e\x{301} e\x{301}e\x{301}e\x{301}e\x{301}e\x{301}e\x{301}e\x{301}e\x{301}e\x{301}e\x{301}e\x{301}e\x{301}e\x{301}e\x{301}e\x{301}e\x{301}e\x{301}e\x{301}e\x{301}e\x{301}e\x{301}e\x{301}"
          text run at (912,4998) width 0: " "
          text run at (0,5015) width 912: "e\x{301}e\x{301}e\x{301}e\x{301}e\x{301}e\x{301}e\x{301}e\x{301}e\x{301}e\x{301}e\x{301}e\x{301}e\x{301}e\x{301}e\x{301}e\x{301}e\x{301}e\x{301}e\x{301}e\x{301}e\x{301}e\x{301}e\x{301}e\x{301}e\x{301}e\x{301}e\x{301}e\x{301}e\x{301}e\x{301}e\x{301}e\x{301} e\x{301} e\x{301}e\x{301}e\x{301}e\x{301}e\x{301}e\x{301}e\x{301}e\x{301}e\x{301}e\x{301}e\x{301}e\x{301}e\x{301}e\x{301}e\x{301}e\x{301}e\x{301}e\x{301}e\x{301}e\x{301}e\x{301}e\x{301}e\x{301}e\x{301}e\x{301}e\x{301}e\x{301}e\x{301}e\x{301}e\x{301}e\x{301}e\x{301}e\x{301}e\x{301}e\x{301}e\x{301}e\x{301}e\x{301}e\x{301}e\x{301}e\x{301}e\x{301}e\x{301} e\x{301}e\x{301}e\x{301}e\x{301}e\x{301}e\x{301}e\x{301}e\x{301}e\x{301}e\x{301}e\x{301}e\x{301}e\x{301}e\x{301}e\x{301}e\x{301}e\x{301}e\x{301}e\x{301}e\x{301}e\x{301}e\x{301}e\x{301}e\x{301}e\x{301}e\x{301}e\x{301}e\x{301}e\x{301}e\x{301} e\x{301}e\x{301}e\x{301}e\x{301}e\x{301}e\x{301}e\x{301}e\x{301}e\x{301}e\x{301}e\x{301}e\x{301}e\x{301}e\x{301}e\x{301}e\x{301}e\x{301}e\x{301}e\x{301}e\x{301}e\x{301}e\x{301}"
          text run at (912,5015) width 0: " "
          text run at (0,5032) width 912: "e\x{301}e\x{301}e\x{301}e\x{301}e\x{301}e\x{301}e\x{301}e\x{301}e\x{301}e\x{301}e\x{301}e\x{301}e\x{301}e\x{301}e\x{301}e\x{301}e\x{301}e\x{301}e\x{301}e\x{301}e\x{301}e\x{301}e\x{301}e\x{301}e\x{301}e\x{301}e\x{301}e\x{301}e\x{301}e\x{301}e\x{301}e\x{301} e\x{301} e\x{301}e\x{301}e\x{301}e\x{301}e\x{301}e\x{301}e\x{301}e\x{301}e\x{301}e\x{301}e\x{301}e\x{301}e\x{301}e\x{301}e\x{301}e\x{301}e\x{301}e\x{301}e\x{301}e\x{301}e\x{301}e\x{301}e\x{301}e\x{301}e\x{301}e\x{301}e\x{301}e\x{301}e\x{301}e\x{301}e\x{301}e\x{301}e\x{301}e\x{301}e\x{301}e\x{301}e\x{301}e\x{301}e\x{301}e\x{301}e\x{301}e\x{301}e\x{301} e\x{301}e\x{301}e\x{301}e\x{301}e\x{301}e\x{301}e\x{301}e\x{301}e\x{301}e\x{301}e\x{301}e\x{301}e\x{301}e\x{301}e\x{301}e\x{301}e\x{301}e\x{301}e\x{301}e\x{301}e\x{301}e\x{301}e\x{301}e\x{301}e\x{301}e\x{301}e\x{301}e\x{301}e\x{301}e\x{301} e\x{301}e\x{301}e\x{301}e\x{301}e\x{301}e\x{301}e\x{301}e\x{301}e\x{301}e\x{301}e\x{301}e\x{301}e\x{301}e\x{301}e\x{301}e\x{301}e\x{301}e\x{301}e\x{301}e\x{301}e\x{301}e\x{301}"
          text run at (912,5032) width 0: " "
          text run at (0,5049) width 912: "e\x{301}e\x{301}e\x{301}e\x{301}e\x{301}e\x{301}e\x{301}e\x{301}e\x{301}e\x{301}e\x{301}e\x{301}e\x{301}e\x{301}e\x{301}e\x{301}e\x{301}e\x{301}e\x{301}e\x{301}e\x{301}e\x{301}e\x{301}e\x{301}e\x{301}e\x{301}e\x{301}e\x{301}e\x{301}e\x{301}e\x{301}e\x{301} e\x{301} e\x{301}e\x{301}e\x{301}e\x{301}e\x{301}e\x{301}e\x{301}e\x{301}e\x{301}e\x{301}e\x{301}e\x{301}e\x{301}e\x{301}e\x{301}e\x{301}e\x{301}e\x{301}e\x{301}e\x{301}e\x{301}e\x{301}e\x{301}e\x{301}e\x{301}e\x{301}e\x{301}e\x{301}e\x{301}e\x{301}e\x{301}e\x{301}e\x{301}e\x{301}e\x{301}e\x{301}e\x{301}e\x{301}e\x{301}e\x{301}e\x{301}e\x{301}e\x{301} e\x{301}e\x{301}e\x{301}e\x{301}e\x{301}e\x{301}e\x{301}e\x{301}e\x{301}e\x{301}e\x{301}e\x{301}e\x{301}e\x{301}e\x{301}e\x{301}e\x{301}e\x{301}e\x{301}e\x{301}e\x{301}e\x{301}e\x{301}e\x{301}e\x{301}e\x{301}e\x{301}e\x{301}e\x{301}e\x{301} e\x{301}e\x{301}e\x{301}e\x{301}e\x{301}e\x{301}e\x{301}e\x{301}e\x{301}e\x{301}e\x{301}e\x{301}e\x{301}e\x{301}e\x{301}e\x{301}e\x{301}e\x{301}e\x{301}e\x{301}e\x{301}e\x{301}"
          text run at (912,5049) width 0: " "
          text run at (0,5066) width 912: "e\x{301}e\x{301}e\x{301}e\x{301}e\x{301}e\x{301}e\x{301}e\x{301}e\x{301}e\x{301}e\x{301}e\x{301}e\x{301}e\x{301}e\x{301}e\x{301}e\x{301}e\x{301}e\x{301}e\x{301}e\x{301}e\x{301}e\x{301}e\x{301}e\x{301}e\x{301}e\x{301}e\x{301}e\x{301}e\x{301}e\x{301}e\x{301} e\x{301} e\x{301}e\x{301}e\x{301}e\x{301}e\x{301}e\x{301}e\x{301}e\x{301}e\x{301}e\x{301}e\x{301}e\x{301}e\x{301}e\x{301}e\x{301}e\x{301}e\x{301}e\x{301}e\x{301}e\x{301}e\x{301}e\x{301}e\x{301}e\x{301}e\x{301}e\x{301}e\x{301}e\x{301}e\x{301}e\x{301}e\x{301}e\x{301}e\x{301}e\x{301}e\x{301}e\x{301}e\x{301}e\x{301}e\x{301}e\x{301}e\x{301}e\x{301}e\x{301} e\x{301}e\x{301}e\x{301}e\x{301}e\x{301}e\x{301}e\x{301}e\x{301}e\x{301}e\x{301}e\x{301}e\x{301}e\x{301}e\x{301}e\x{301}e\x{301}e\x{301}e\x{301}e\x{301}e\x{301}e\x{301}e\x{301}e\x{301}e\x{301}e\x{301}e\x{301}e\x{301}e\x{301}e\x{301}e\x{301} e\x{301}e\x{301}e\x{301}e\x{301}e\x{301}e\x{301}e\x{301}e\x{301}e\x{301}e\x{301}e\x{301}e\x{301}e\x{301}e\x{301}e\x{301}e\x{301}e\x{301}e\x{301}e\x{301}e\x{301}e\x{301}e\x{301}"
          text run at (912,5066) width 0: " "
          text run at (0,5083) width 912: "e\x{301}e\x{301}e\x{301}e\x{301}e\x{301}e\x{301}e\x{301}e\x{301}e\x{301}e\x{301}e\x{301}e\x{301}e\x{301}e\x{301}e\x{301}e\x{301}e\x{301}e\x{301}e\x{301}e\x{301}e\x{301}e\x{301}e\x{301}e\x{301}e\x{301}e\x{301}e\x{301}e\x{301}e\x{301}e\x{301}e\x{301}e\x{301} e\x{301} e\x{301}e\x{301}e\x{301}e\x{301}e\x{301}e\x{301}e\x{301}e\x{301}e\x{301}e\x{301}e\x{301}e\x{301}e\x{301}e\x{301}e\x{301}e\x{301}e\x{301}e\x{301}e\x{301}e\x{301}e\x{301}e\x{301}e\x{301}e\x{301}e\x{301}e\x{301}e\x{301}e\x{301}e\x{301}e\x{301}e\x{301}e\x{301}e\x{301}e\x{301}e\x{301}e\x{301}e\x{301}e\x{301}e\x{301}e\x{301}e\x{301}e\x{301}e\x{301} e\x{301}e\x{301}e\x{301}e\x{301}e\x{301}e\x{301}e\x{301}e\x{301}e\x{301}e\x{301}e\x{301}e\x{301}e\x{301}e\x{301}e\x{301}e\x{301}e\x{301}e\x{301}e\x{301}e\x{301}e\x{301}e\x{301}e\x{301}e\x{301}e\x{301}e\x{301}e\x{301}e\x{301}e\x{301}e\x{301} e\x{301}e\x{301}e\x{301}e\x{301}e\x{301}e\x{301}e\x{301}e\x{301}e\x{301}e\x{301}e\x{301}e\x{301}e\x{301}e\x{301}e\x{301}e\x{301}e\x{301}e\x{301}e\x{301}e\x{301}e\x{301}e\x{301}"
          text run at (912,5083) width 0: " "
          text run at (0,5100) width 912: "e\x{301}e\x{301}e\x{301}e\x{301}e\x{301}e\x{301}e\x{301}e\x{301}e\x{301}e\x{301}e\x{301}e\x{301}e\x{301}e\x{301}e\x{301}e\x{301}e\x{301}e\x{301}e\x{301}e\x{301}e\x{301}e\x{301}e\x{301}e\x{301}e\x{301}e\x{301}e\x{301}e\x{301}e\x{301}e\x{301}e\x{301}e\x{301} e\x{301} e\x{301}e\x{301}e\x{301}e\x{301}e\x{301}e\x{301}e\x{301}e\x{301}e\x{301}e\x{301}e\x{301}e\x{301}e\x{301}e\x{301}e\x{301}e\x{301}e\x{301}e\x{301}e\x{301}e\x{301}e\x{301}e\x{301}e\x{301}e\x{301}e\x{301}e\x{301}e\x{301}e\x{301}e\x{301}e\x{301}e\x{301}e\x{301}e\x{301}e\x{301}e\x{301}e\x{301}e\x{301}e\x{301}e\x{301}e\x{301}e\x{301}e\x{301}e\x{301} e\x{301}e\x{301}e\x{301}e\x{301}e\x{301}e\x{301}e\x{301}e\x{301}e\x{301}e\x{301}e\x{301}e\x{301}e\x{301}e\x{301}e\x{301}e\x{301}e\x{301}e\x{301}e\x{301}e\x{301}e\x{301}e\x{301}e\x{301}e\x{301}e\x{301}e\x{301}e\x{301}e\x{301}e\x{301}e\x{301} e\x{301}e\x{301}e\x{301}e\x{301}e\x{301}e\x{301}e\x{301}e\x{301}e\x{301}e\x{301}e\x{301}e\x{301}e\x{301}e\x{301}e\x{301}e\x{301}e\x{301}e\x{301}e\x{301}e\x{301}e\x{301}e\x{301}"
          text run at (912,5100) width 0: " "
          text run at (0,5117) width 912: "e\x{301}e\x{301}e\x{301}e\x{301}e\x{301}e\x{301}e\x{301}e\x{301}e\x{301}e\x{301}e\x{301}e\x{301}e\x{301}e\x{301}e\x{301}e\x{301}e\x{301}e\x{301}e\x{301}e\x{301}e\x{301}e\x{301}e\x{301}e\x{301}e\x{301}e\x{301}e\x{301}e\x{301}e\x{301}e\x{301}e\x{301}e\x{301} e\x{301} e\x{301}e\x{301}e\x{301}e\x{301}e\x{301}e\x{301}e\x{301}e\x{301}e\x{301}e\x{301}e\x{301}e\x{301}e\x{301}e\x{301}e\x{301}e\x{301}e\x{301}e\x{301}e\x{301}e\x{301}e\x{301}e\x{301}e\x{301}e\x{301}e\x{301}e\x{301}e\x{301}e\x{301}e\x{301}e\x{301}e\x{301}e\x{301}e\x{301}e\x{301}e\x{301}e\x{301}e\x{301}e\x{301}e\x{301}e\x{301}e\x{301}e\x{301}e\x{301} e\x{301}e\x{301}e\x{301}e\x{301}e\x{301}e\x{301}e\x{301}e\x{301}e\x{301}e\x{301}e\x{301}e\x{301}e\x{301}e\x{301}e\x{301}e\x{301}e\x{301}e\x{301}e\x{301}e\x{301}e\x{301}e\x{301}e\x{301}e\x{301}e\x{301}e\x{301}e\x{301}e\x{301}e\x{301}e\x{301} e\x{301}e\x{301}e\x{301}e\x{301}e\x{301}e\x{301}e\x{301}e\x{301}e\x{301}e\x{301}e\x{301}e\x{301}e\x{301}e\x{301}e\x{301}e\x{301}e\x{301}e\x{301}e\x{301}e\x{301}e\x{301}e\x{301}"
          text run at (912,5117) width 0: " "
          text run at (0,5134) width 912: "e\x{301}e\x{301}e\x{301}e\x{301}e\x{301}e\x{301}e\x{301}e\x{301}e\x{301}e\x{301}e\x{301}e\x{301}e\x{301}e\x{301}e\x{301}e\x{301}e\x{301}e\x{301}e\x{301}e\x{301}e\x{301}e\x{301}e\x{301}e\x{301}e\x{301}e\x{301}e\x{301}e\x{301}e\x{301}e\x{301}e\x{301}e\x{301} e\x{301} e\x{301}e\x{301}e\x{301}e\x{301}e\x{301}e\x{301}e\x{301}e\x{301}e\x{301}e\x{301}e\x{301}e\x{301}e\x{301}e\x{301}e\x{301}e\x{301}e\x{301}e\x{301}e\x{301}e\x{301}e\x{301}e\x{301}e\x{301}e\x{301}e\x{301}e\x{301}e\x{301}e\x{301}e\x{301}e\x{301}e\x{301}e\x{301}e\x{301}e\x{301}e\x{301}e\x{301}e\x{301}e\x{301}e\x{301}e\x{301}e\x{301}e\x{301}e\x{301} e\x{301}e\x{301}e\x{301}e\x{301}e\x{301}e\x{301}e\x{301}e\x{301}e\x{301}e\x{301}e\x{301}e\x{301}e\x{301}e\x{301}e\x{301}e\x{301}e\x{301}e\x{301}e\x{301}e\x{301}e\x{301}e\x{301}e\x{301}e\x{301}e\x{301}e\x{301}e\x{301}e\x{301}e\x{301}e\x{301} e\x{301}e\x{301}e\x{301}e\x{301}e\x{301}e\x{301}e\x{301}e\x{301}e\x{301}e\x{301}e\x{301}e\x{301}e\x{301}e\x{301}e\x{301}e\x{301}e\x{301}e\x{301}e\x{301}e\x{301}e\x{301}e\x{301}"
          text run at (912,5134) width 0: " "
          text run at (0,5151) width 912: "e\x{301}e\x{301}e\x{301}e\x{301}e\x{301}e\x{301}e\x{301}e\x{301}e\x{301}e\x{301}e\x{301}e\x{301}e\x{301}e\x{301}e\x{301}e\x{301}e\x{301}e\x{301}e\x{301}e\x{301}e\x{301}e\x{301}e\x{301}e\x{301}e\x{301}e\x{301}e\x{301}e\x{301}e\x{301}e\x{301}e\x{301}e\x{301} e\x{301} e\x{301}e\x{301}e\x{301}e\x{301}e\x{301}e\x{301}e\x{301}e\x{301}e\x{301}e\x{301}e\x{301}e\x{301}e\x{301}e\x{301}e\x{301}e\x{301}e\x{301}e\x{301}e\x{301}e\x{301}e\x{301}e\x{301}e\x{301}e\x{301}e\x{301}e\x{301}e\x{301}e\x{301}e\x{301}e\x{301}e\x{301}e\x{301}e\x{301}e\x{301}e\x{301}e\x{301}e\x{301}e\x{301}e\x{301}e\x{301}e\x{301}e\x{301}e\x{301} e\x{301}e\x{301}e\x{301}e\x{301}e\x{301}e\x{301}e\x{301}e\x{301}e\x{301}e\x{301}e\x{301}e\x{301}e\x{301}e\x{301}e\x{301}e\x{301}e\x{301}e\x{301}e\x{301}e\x{301}e\x{301}e\x{301}e\x{301}e\x{301}e\x{301}e\x{301}e\x{301}e\x{301}e\x{301}e\x{301} e\x{301}e\x{301}e\x{301}e\x{301}e\x{301}e\x{301}e\x{301}e\x{301}e\x{301}e\x{301}e\x{301}e\x{301}e\x{301}e\x{301}e\x{301}e\x{301}e\x{301}e\x{301}e\x{301}e\x{301}e\x{301}e\x{301}"
          text run at (912,5151) width 0: " "
          text run at (0,5168) width 912: "e\x{301}e\x{301}e\x{301}e\x{301}e\x{301}e\x{301}e\x{301}e\x{301}e\x{301}e\x{301}e\x{301}e\x{301}e\x{301}e\x{301}e\x{301}e\x{301}e\x{301}e\x{301}e\x{301}e\x{301}e\x{301}e\x{301}e\x{301}e\x{301}e\x{301}e\x{301}e\x{301}e\x{301}e\x{301}e\x{301}e\x{301}e\x{301} e\x{301} e\x{301}e\x{301}e\x{301}e\x{301}e\x{301}e\x{301}e\x{301}e\x{301}e\x{301}e\x{301}e\x{301}e\x{301}e\x{301}e\x{301}e\x{301}e\x{301}e\x{301}e\x{301}e\x{301}e\x{301}e\x{301}e\x{301}e\x{301}e\x{301}e\x{301}e\x{301}e\x{301}e\x{301}e\x{301}e\x{301}e\x{301}e\x{301}e\x{301}e\x{301}e\x{301}e\x{301}e\x{301}e\x{301}e\x{301}e\x{301}e\x{301}e\x{301}e\x{301} e\x{301}e\x{301}e\x{301}e\x{301}e\x{301}e\x{301}e\x{301}e\x{301}e\x{301}e\x{301}e\x{301}e\x{301}e\x{301}e\x{301}e\x{301}e\x{301}e\x{301}e\x{301}e\x{301}e\x{301}e\x{301}e\x{301}e\x{301}e\x{301}e\x{301}e\x{301}e\x{301}e\x{301}e\x{301}e\x{301} e\x{301}e\x{301}e\x{301}e\x{301}e\x{301}e\x{301}e\x{301}e\x{301}e\x{301}e\x{301}e\x{301}e\x{301}e\x{301}e\x{301}e\x{301}e\x{301}e\x{301}e\x{301}e\x{301}e\x{301}e\x{301}e\x{301}"
          text run at (912,5168) width 0: " "
          text run at (0,5185) width 912: "e\x{301}e\x{301}e\x{301}e\x{301}e\x{301}e\x{301}e\x{301}e\x{301}e\x{301}e\x{301}e\x{301}e\x{301}e\x{301}e\x{301}e\x{301}e\x{301}e\x{301}e\x{301}e\x{301}e\x{301}e\x{301}e\x{301}e\x{301}e\x{301}e\x{301}e\x{301}e\x{301}e\x{301}e\x{301}e\x{301}e\x{301}e\x{301} e\x{301} e\x{301}e\x{301}e\x{301}e\x{301}e\x{301}e\x{301}e\x{301}e\x{301}e\x{301}e\x{301}e\x{301}e\x{301}e\x{301}e\x{301}e\x{301}e\x{301}e\x{301}e\x{301}e\x{301}e\x{301}e\x{301}e\x{301}e\x{301}e\x{301}e\x{301}e\x{301}e\x{301}e\x{301}e\x{301}e\x{301}e\x{301}e\x{301}e\x{301}e\x{301}e\x{301}e\x{301}e\x{301}e\x{301}e\x{301}e\x{301}e\x{301}e\x{301}e\x{301} e\x{301}e\x{301}e\x{301}e\x{301}e\x{301}e\x{301}e\x{301}e\x{301}e\x{301}e\x{301}e\x{301}e\x{301}e\x{301}e\x{301}e\x{301}e\x{301}e\x{301}e\x{301}e\x{301}e\x{301}e\x{301}e\x{301}e\x{301}e\x{301}e\x{301}e\x{301}e\x{301}e\x{301}e\x{301}e\x{301} e\x{301}e\x{301}e\x{301}e\x{301}e\x{301}e\x{301}e\x{301}e\x{301}e\x{301}e\x{301}e\x{301}e\x{301}e\x{301}e\x{301}e\x{301}e\x{301}e\x{301}e\x{301}e\x{301}e\x{301}e\x{301}e\x{301}"
          text run at (912,5185) width 0: " "
          text run at (0,5202) width 912: "e\x{301}e\x{301}e\x{301}e\x{301}e\x{301}e\x{301}e\x{301}e\x{301}e\x{301}e\x{301}e\x{301}e\x{301}e\x{301}e\x{301}e\x{301}e\x{301}e\x{301}e\x{301}e\x{301}e\x{301}e\x{301}e\x{301}e\x{301}e\x{301}e\x{301}e\x{301}e\x{301}e\x{301}e\x{301}e\x{301}e\x{301}e\x{301} e\x{301} e\x{301}e\x{301}e\x{301}e\x{301}e\x{301}e\x{301}e\x{301}e\x{301}e\x{301}e\x{301}e\x{301}e\x{301}e\x{301}e\x{301}e\x{301}e\x{301}e\x{301}e\x{301}e\x{301}e\x{301}e\x{301}e\x{301}e\x{301}e\x{301}e\x{301}e\x{301}e\x{301}e\x{301}e\x{301}e\x{301}e\x{301}e\x{301}e\x{301}e\x{301}e\x{301}e\x{301}e\x{301}e\x{301}e\x{301}e\x{301}e\x{301}e\x{301}e\x{301} e\x{301}e\x{301}e\x{301}e\x{301}e\x{301}e\x{301}e\x{301}e\x{301}e\x{301}e\x{301}e\x{301}e\x{301}e\x{301}e\x{301}e\x{301}e\x{301}e\x{301}e\x{301}e\x{301}e\x{301}e\x{301}e\x{301}e\x{301}e\x{301}e\x{301}e\x{301}e\x{301}e\x{301}e\x{301}e\x{301} e\x{301}e\x{301}e\x{301}e\x{301}e\x{301}e\x{301}e\x{301}e\x{301}e\x{301}e\x{301}e\x{301}e\x{301}e\x{301}e\x{301}e\x{301}e\x{301}e\x{301}e\x{301}e\x{301}e\x{301}e\x{301}e\x{301}"
          text run at (912,5202) width 0: " "
          text run at (0,5219) width 912: "e\x{301}e\x{301}e\x{301}e\x{301}e\x{301}e\x{301}e\x{301}e\x{301}e\x{301}e\x{301}e\x{301}e\x{301}e\x{301}e\x{301}e\x{301}e\x{301}e\x{301}e\x{301}e\x{301}e\x{301}e\x{301}e\x{301}e\x{301}e\x{301}e\x{301}e\x{301}e\x{301}e\x{301}e\x{301}e\x{301}e\x{301}e\x{301} e\x{301} e\x{301}e\x{301}e\x{301}e\x{301}e\x{301}e\x{301}e\x{301}e\x{301}e\x{301}e\x{301}e\x{301}e\x{301}e\x{301}e\x{301}e\x{301}e\x{301}e\x{301}e\x{301}e\x{301}e\x{301}e\x{301}e\x{301}e\x{301}e\x{301}e\x{301}e\x{301}e\x{301}e\x{301}e\x{301}e\x{301}e\x{301}e\x{301}e\x{301}e\x{301}e\x{301}e\x{301}e\x{301}e\x{301}e\x{301}e\x{301}e\x{301}e\x{301}e\x{301} e\x{301}e\x{301}e\x{301}e\x{301}e\x{301}e\x{301}e\x{301}e\x{301}e\x{301}e\x{301}e\x{301}e\x{301}e\x{301}e\x{301}e\x{301}e\x{301}e\x{301}e\x{301}e\x{301}e\x{301}e\x{301}e\x{301}e\x{301}e\x{301}e\x{301}e\x{301}e\x{301}e\x{301}e\x{301}e\x{301} e\x{301}e\x{301}e\x{301}e\x{301}e\x{301}e\x{301}e\x{301}e\x{301}e\x{301}e\x{301}e\x{301}e\x{301}e\x{301}e\x{301}e\x{301}e\x{301}e\x{301}e\x{301}e\x{301}e\x{301}e\x{301}e\x{301}"
          text run at (912,5219) width 0: " "
          text run at (0,5236) width 912: "e\x{301}e\x{301}e\x{301}e\x{301}e\x{301}e\x{301}e\x{301}e\x{301}e\x{301}e\x{301}e\x{301}e\x{301}e\x{301}e\x{301}e\x{301}e\x{301}e\x{301}e\x{301}e\x{301}e\x{301}e\x{301}e\x{301}e\x{301}e\x{301}e\x{301}e\x{301}e\x{301}e\x{301}e\x{301}e\x{301}e\x{301}e\x{301} e\x{301} e\x{301}e\x{301}e\x{301}e\x{301}e\x{301}e\x{301}e\x{301}e\x{301}e\x{301}e\x{301}e\x{301}e\x{301}e\x{301}e\x{301}e\x{301}e\x{301}e\x{301}e\x{301}e\x{301}e\x{301}e\x{301}e\x{301}e\x{301}e\x{301}e\x{301}e\x{301}e\x{301}e\x{301}e\x{301}e\x{301}e\x{301}e\x{301}e\x{301}e\x{301}e\x{301}e\x{301}e\x{301}e\x{301}e\x{301}e\x{301}e\x{301}e\x{301}e\x{301} e\x{301}e\x{301}e\x{301}e\x{301}e\x{301}e\x{301}e\x{301}e\x{301}e\x{301}e\x{301}e\x{301}e\x{301}e\x{301}e\x{301}e\x{301}e\x{301}e\x{301}e\x{301}e\x{301}e\x{301}e\x{301}e\x{301}e\x{301}e\x{301}e\x{301}e\x{301}e\x{301}e\x{301}e\x{301}e\x{301} e\x{301}e\x{301}e\x{301}e\x{301}e\x{301}e\x{301}e\x{301}e\x{301}e\x{301}e\x{301}e\x{301}e\x{301}e\x{301}e\x{301}e\x{301}e\x{301}e\x{301}e\x{301}e\x{301}e\x{301}e\x{301}e\x{301}"
          text run at (912,5236) width 0: " "
          text run at (0,5253) width 912: "e\x{301}e\x{301}e\x{301}e\x{301}e\x{301}e\x{301}e\x{301}e\x{301}e\x{301}e\x{301}e\x{301}e\x{301}e\x{301}e\x{301}e\x{301}e\x{301}e\x{301}e\x{301}e\x{301}e\x{301}e\x{301}e\x{301}e\x{301}e\x{301}e\x{301}e\x{301}e\x{301}e\x{301}e\x{301}e\x{301}e\x{301}e\x{301} e\x{301} e\x{301}e\x{301}e\x{301}e\x{301}e\x{301}e\x{301}e\x{301}e\x{301}e\x{301}e\x{301}e\x{301}e\x{301}e\x{301}e\x{301}e\x{301}e\x{301}e\x{301}e\x{301}e\x{301}e\x{301}e\x{301}e\x{301}e\x{301}e\x{301}e\x{301}e\x{301}e\x{301}e\x{301}e\x{301}e\x{301}e\x{301}e\x{301}e\x{301}e\x{301}e\x{301}e\x{301}e\x{301}e\x{301}e\x{301}e\x{301}e\x{301}e\x{301}e\x{301} e\x{301}e\x{301}e\x{301}e\x{301}e\x{301}e\x{301}e\x{301}e\x{301}e\x{301}e\x{301}e\x{301}e\x{301}e\x{301}e\x{301}e\x{301}e\x{301}e\x{301}e\x{301}e\x{301}e\x{301}e\x{301}e\x{301}e\x{301}e\x{301}e\x{301}e\x{301}e\x{301}e\x{301}e\x{301}e\x{301} e\x{301}e\x{301}e\x{301}e\x{301}e\x{301}e\x{301}e\x{301}e\x{301}e\x{301}e\x{301}e\x{301}e\x{301}e\x{301}e\x{301}e\x{301}e\x{301}e\x{301}e\x{301}e\x{301}e\x{301}e\x{301}e\x{301}"
          text run at (912,5253) width 0: " "
          text run at (0,5270) width 912: "e\x{301}e\x{301}e\x{301}e\x{301}e\x{301}e\x{301}e\x{301}e\x{301}e\x{301}e\x{301}e\x{301}e\x{301}e\x{301}e\x{301}e\x{301}e\x{301}e\x{301}e\x{301}e\x{301}e\x{301}e\x{301}e\x{301}e\x{301}e\x{301}e\x{301}e\x{301}e\x{301}e\x{301}e\x{301}e\x{301}e\x{301}e\x{301} e\x{301} e\x{301}e\x{301}e\x{301}e\x{301}e\x{301}e\x{301}e\x{301}e\x{301}e\x{301}e\x{301}e\x{301}e\x{301}e\x{301}e\x{301}e\x{301}e\x{301}e\x{301}e\x{301}e\x{301}e\x{301}e\x{301}e\x{301}e\x{301}e\x{301}e\x{301}e\x{301}e\x{301}e\x{301}e\x{301}e\x{301}e\x{301}e\x{301}e\x{301}e\x{301}e\x{301}e\x{301}e\x{301}e\x{301}e\x{301}e\x{301}e\x{301}e\x{301}e\x{301} e\x{301}e\x{301}e\x{301}e\x{301}e\x{301}e\x{301}e\x{301}e\x{301}e\x{301}e\x{301}e\x{301}e\x{301}e\x{301}e\x{301}e\x{301}e\x{301}e\x{301}e\x{301}e\x{301}e\x{301}e\x{301}e\x{301}e\x{301}e\x{301}e\x{301}e\x{301}e\x{301}e\x{301}e\x{301}e\x{301} e\x{301}e\x{301}e\x{301}e\x{301}e\x{301}e\x{301}e\x{301}e\x{301}e\x{301}e\x{301}e\x{301}e\x{301}e\x{301}e\x{301}e\x{301}e\x{301}e\x{301}e\x{301}e\x{301}e\x{301}e\x{301}e\x{301}"
          text run at (912,5270) width 0: " "
          text run at (0,5287) width 912: "e\x{301}e\x{301}e\x{301}e\x{301}e\x{301}e\x{301}e\x{301}e\x{301}e\x{301}e\x{301}e\x{301}e\x{301}e\x{301}e\x{301}e\x{301}e\x{301}e\x{301}e\x{301}e\x{301}e\x{301}e\x{301}e\x{301}e\x{301}e\x{301}e\x{301}e\x{301}e\x{301}e\x{301}e\x{301}e\x{301}e\x{301}e\x{301} e\x{301} e\x{301}e\x{301}e\x{301}e\x{301}e\x{301}e\x{301}e\x{301}e\x{301}e\x{301}e\x{301}e\x{301}e\x{301}e\x{301}e\x{301}e\x{301}e\x{301}e\x{301}e\x{301}e\x{301}e\x{301}e\x{301}e\x{301}e\x{301}e\x{301}e\x{301}e\x{301}e\x{301}e\x{301}e\x{301}e\x{301}e\x{301}e\x{301}e\x{301}e\x{301}e\x{301}e\x{301}e\x{301}e\x{301}e\x{301}e\x{301}e\x{301}e\x{301}e\x{301} e\x{301}e\x{301}e\x{301}e\x{301}e\x{301}e\x{301}e\x{301}e\x{301}e\x{301}e\x{301}e\x{301}e\x{301}e\x{301}e\x{301}e\x{301}e\x{301}e\x{301}e\x{301}e\x{301}e\x{301}e\x{301}e\x{301}e\x{301}e\x{301}e\x{301}e\x{301}e\x{301}e\x{301}e\x{301}e\x{301} e\x{301}e\x{301}e\x{301}e\x{301}e\x{301}e\x{301}e\x{301}e\x{301}e\x{301}e\x{301}e\x{301}e\x{301}e\x{301}e\x{301}e\x{301}e\x{301}e\x{301}e\x{301}e\x{301}e\x{301}e\x{301}e\x{301}"
          text run at (912,5287) width 0: " "
          text run at (0,5304) width 912: "e\x{301}e\x{301}e\x{301}e\x{301}e\x{301}e\x{301}e\x{301}e\x{301}e\x{301}e\x{301}e\x{301}e\x{301}e\x{301}e\x{301}e\x{301}e\x{301}e\x{301}e\x{301}e\x{301}e\x{301}e\x{301}e\x{301}e\x{301}e\x{301}e\x{301}e\x{301}e\x{301}e\x{301}e\x{301}e\x{301}e\x{301}e\x{301} e\x{301} e\x{301}e\x{301}e\x{301}e\x{301}e\x{301}e\x{301}e\x{301}e\x{301}e\x{301}e\x{301}e\x{301}e\x{301}e\x{301}e\x{301}e\x{301}e\x{301}e\x{301}e\x{301}e\x{301}e\x{301}e\x{301}e\x{301}e\x{301}e\x{301}e\x{301}e\x{301}e\x{301}e\x{301}e\x{301}e\x{301}e\x{301}e\x{301}e\x{301}e\x{301}e\x{301}e\x{301}e\x{301}e\x{301}e\x{301}e\x{301}e\x{301}e\x{301}e\x{301} e\x{301}e\x{301}e\x{301}e\x{301}e\x{301}e\x{301}e\x{301}e\x{301}e\x{301}e\x{301}e\x{301}e\x{301}e\x{301}e\x{301}e\x{301}e\x{301}e\x{301}e\x{301}e\x{301}e\x{301}e\x{301}e\x{301}e\x{301}e\x{301}e\x{301}e\x{301}e\x{301}e\x{301}e\x{301}e\x{301} e\x{301}e\x{301}e\x{301}e\x{301}e\x{301}e\x{301}e\x{301}e\x{301}e\x{301}e\x{301}e\x{301}e\x{301}e\x{301}e\x{301}e\x{301}e\x{301}e\x{301}e\x{301}e\x{301}e\x{301}e\x{301}e\x{301}"
          text run at (912,5304) width 0: " "
          text run at (0,5321) width 912: "e\x{301}e\x{301}e\x{301}e\x{301}e\x{301}e\x{301}e\x{301}e\x{301}e\x{301}e\x{301}e\x{301}e\x{301}e\x{301}e\x{301}e\x{301}e\x{301}e\x{301}e\x{301}e\x{301}e\x{301}e\x{301}e\x{301}e\x{301}e\x{301}e\x{301}e\x{301}e\x{301}e\x{301}e\x{301}e\x{301}e\x{301}e\x{301} e\x{301} e\x{301}e\x{301}e\x{301}e\x{301}e\x{301}e\x{301}e\x{301}e\x{301}e\x{301}e\x{301}e\x{301}e\x{301}e\x{301}e\x{301}e\x{301}e\x{301}e\x{301}e\x{301}e\x{301}e\x{301}e\x{301}e\x{301}e\x{301}e\x{301}e\x{301}e\x{301}e\x{301}e\x{301}e\x{301}e\x{301}e\x{301}e\x{301}e\x{301}e\x{301}e\x{301}e\x{301}e\x{301}e\x{301}e\x{301}e\x{301}e\x{301}e\x{301}e\x{301} e\x{301}e\x{301}e\x{301}e\x{301}e\x{301}e\x{301}e\x{301}e\x{301}e\x{301}e\x{301}e\x{301}e\x{301}e\x{301}e\x{301}e\x{301}e\x{301}e\x{301}e\x{301}e\x{301}e\x{301}e\x{301}e\x{301}e\x{301}e\x{301}e\x{301}e\x{301}e\x{301}e\x{301}e\x{301}e\x{301} e\x{301}e\x{301}e\x{301}e\x{301}e\x{301}e\x{301}e\x{301}e\x{301}e\x{301}e\x{301}e\x{301}e\x{301}e\x{301}e\x{301}e\x{301}e\x{301}e\x{301}e\x{301}e\x{301}e\x{301}e\x{301}e\x{301}"
          text run at (912,5321) width 0: " "
          text run at (0,5338) width 912: "e\x{301}e\x{301}e\x{301}e\x{301}e\x{301}e\x{301}e\x{301}e\x{301}e\x{301}e\x{301}e\x{301}e\x{301}e\x{301}e\x{301}e\x{301}e\x{301}e\x{301}e\x{301}e\x{301}e\x{301}e\x{301}e\x{301}e\x{301}e\x{301}e\x{301}e\x{301}e\x{301}e\x{301}e\x{301}e\x{301}e\x{301}e\x{301} e\x{301} e\x{301}e\x{301}e\x{301}e\x{301}e\x{301}e\x{301}e\x{301}e\x{301}e\x{301}e\x{301}e\x{301}e\x{301}e\x{301}e\x{301}e\x{301}e\x{301}e\x{301}e\x{301}e\x{301}e\x{301}e\x{301}e\x{301}e\x{301}e\x{301}e\x{301}e\x{301}e\x{301}e\x{301}e\x{301}e\x{301}e\x{301}e\x{301}e\x{301}e\x{301}e\x{301}e\x{301}e\x{301}e\x{301}e\x{301}e\x{301}e\x{301}e\x{301}e\x{301} e\x{301}e\x{301}e\x{301}e\x{301}e\x{301}e\x{301}e\x{301}e\x{301}e\x{301}e\x{301}e\x{301}e\x{301}e\x{301}e\x{301}e\x{301}e\x{301}e\x{301}e\x{301}e\x{301}e\x{301}e\x{301}e\x{301}e\x{301}e\x{301}e\x{301}e\x{301}e\x{301}e\x{301}e\x{301}e\x{301} e\x{301}e\x{301}e\x{301}e\x{301}e\x{301}e\x{301}e\x{301}e\x{301}e\x{301}e\x{301}e\x{301}e\x{301}e\x{301}e\x{301}e\x{301}e\x{301}e\x{301}e\x{301}e\x{301}e\x{301}e\x{301}e\x{301}"
          text run at (912,5338) width 0: " "
          text run at (0,5355) width 912: "e\x{301}e\x{301}e\x{301}e\x{301}e\x{301}e\x{301}e\x{301}e\x{301}e\x{301}e\x{301}e\x{301}e\x{301}e\x{301}e\x{301}e\x{301}e\x{301}e\x{301}e\x{301}e\x{301}e\x{301}e\x{301}e\x{301}e\x{301}e\x{301}e\x{301}e\x{301}e\x{301}e\x{301}e\x{301}e\x{301}e\x{301}e\x{301} e\x{301} e\x{301}e\x{301}e\x{301}e\x{301}e\x{301}e\x{301}e\x{301}e\x{301}e\x{301}e\x{301}e\x{301}e\x{301}e\x{301}e\x{301}e\x{301}e\x{301}e\x{301}e\x{301}e\x{301}e\x{301}e\x{301}e\x{301}e\x{301}e\x{301}e\x{301}e\x{301}e\x{301}e\x{301}e\x{301}e\x{301}e\x{301}e\x{301}e\x{301}e\x{301}e\x{301}e\x{301}e\x{301}e\x{301}e\x{301}e\x{301}e\x{301}e\x{301}e\x{301} e\x{301}e\x{301}e\x{301}e\x{301}e\x{301}e\x{301}e\x{301}e\x{301}e\x{301}e\x{301}e\x{301}e\x{301}e\x{301}e\x{301}e\x{301}e\x{301}e\x{301}e\x{301}e\x{301}e\x{301}e\x{301}e\x{301}e\x{301}e\x{301}e\x{301}e\x{301}e\x{301}e\x{301}e\x{301}e\x{301} e\x{301}e\x{301}e\x{301}e\x{301}e\x{301}e\x{301}e\x{301}e\x{301}e\x{301}e\x{301}e\x{301}e\x{301}e\x{301}e\x{301}e\x{301}e\x{301}e\x{301}e\x{301}e\x{301}e\x{301}e\x{301}e\x{301}"
          text run at (912,5355) width 0: " "
          text run at (0,5372) width 912: "e\x{301}e\x{301}e\x{301}e\x{301}e\x{301}e\x{301}e\x{301}e\x{301}e\x{301}e\x{301}e\x{301}e\x{301}e\x{301}e\x{301}e\x{301}e\x{301}e\x{301}e\x{301}e\x{301}e\x{301}e\x{301}e\x{301}e\x{301}e\x{301}e\x{301}e\x{301}e\x{301}e\x{301}e\x{301}e\x{301}e\x{301}e\x{301} e\x{301} e\x{301}e\x{301}e\x{301}e\x{301}e\x{301}e\x{301}e\x{301}e\x{301}e\x{301}e\x{301}e\x{301}e\x{301}e\x{301}e\x{301}e\x{301}e\x{301}e\x{301}e\x{301}e\x{301}e\x{301}e\x{301}e\x{301}e\x{301}e\x{301}e\x{301}e\x{301}e\x{301}e\x{301}e\x{301}e\x{301}e\x{301}e\x{301}e\x{301}e\x{301}e\x{301}e\x{301}e\x{301}e\x{301}e\x{301}e\x{301}e\x{301}e\x{301}e\x{301} e\x{301}e\x{301}e\x{301}e\x{301}e\x{301}e\x{301}e\x{301}e\x{301}e\x{301}e\x{301}e\x{301}e\x{301}e\x{301}e\x{301}e\x{301}e\x{301}e\x{301}e\x{301}e\x{301}e\x{301}e\x{301}e\x{301}e\x{301}e\x{301}e\x{301}e\x{301}e\x{301}e\x{301}e\x{301}e\x{301} e\x{301}e\x{301}e\x{301}e\x{301}e\x{301}e\x{301}e\x{301}e\x{301}e\x{301}e\x{301}e\x{301}e\x{301}e\x{301}e\x{301}e\x{301}e\x{301}e\x{301}e\x{301}e\x{301}e\x{301}e\x{301}e\x{301}"
          text run at (912,5372) width 0: " "
          text run at (0,5389) width 912: "e\x{301}e\x{301}e\x{301}e\x{301}e\x{301}e\x{301}e\x{301}e\x{301}e\x{301}e\x{301}e\x{301}e\x{301}e\x{301}e\x{301}e\x{301}e\x{301}e\x{301}e\x{301}e\x{301}e\x{301}e\x{301}e\x{301}e\x{301}e\x{301}e\x{301}e\x{301}e\x{301}e\x{301}e\x{301}e\x{301}e\x{301}e\x{301} e\x{301} e\x{301}e\x{301}e\x{301}e\x{301}e\x{301}e\x{301}e\x{301}e\x{301}e\x{301}e\x{301}e\x{301}e\x{301}e\x{301}e\x{301}e\x{301}e\x{301}e\x{301}e\x{301}e\x{301}e\x{301}e\x{301}e\x{301}e\x{301}e\x{301}e\x{301}e\x{301}e\x{301}e\x{301}e\x{301}e\x{301}e\x{301}e\x{301}e\x{301}e\x{301}e\x{301}e\x{301}e\x{301}e\x{301}e\x{301}e\x{301}e\x{301}e\x{301}e\x{301} e\x{301}e\x{301}e\x{301}e\x{301}e\x{301}e\x{301}e\x{301}e\x{301}e\x{301}e\x{301}e\x{301}e\x{301}e\x{301}e\x{301}e\x{301}e\x{301}e\x{301}e\x{301}e\x{301}e\x{301}e\x{301}e\x{301}e\x{301}e\x{301}e\x{301}e\x{301}e\x{301}e\x{301}e\x{301}e\x{301} e\x{301}e\x{301}e\x{301}e\x{301}e\x{301}e\x{301}e\x{301}e\x{301}e\x{301}e\x{301}e\x{301}e\x{301}e\x{301}e\x{301}e\x{301}e\x{301}e\x{301}e\x{301}e\x{301}e\x{301}e\x{301}e\x{301}"
          text run at (912,5389) width 0: " "
          text run at (0,5406) width 912: "e\x{301}e\x{301}e\x{301}e\x{301}e\x{301}e\x{301}e\x{301}e\x{301}e\x{301}e\x{301}e\x{301}e\x{301}e\x{301}e\x{301}e\x{301}e\x{301}e\x{301}e\x{301}e\x{301}e\x{301}e\x{301}e\x{301}e\x{301}e\x{301}e\x{301}e\x{301}e\x{301}e\x{301}e\x{301}e\x{301}e\x{301}e\x{301} e\x{301} e\x{301}e\x{301}e\x{301}e\x{301}e\x{301}e\x{301}e\x{301}e\x{301}e\x{301}e\x{301}e\x{301}e\x{301}e\x{301}e\x{301}e\x{301}e\x{301}e\x{301}e\x{301}e\x{301}e\x{301}e\x{301}e\x{301}e\x{301}e\x{301}e\x{301}e\x{301}e\x{301}e\x{301}e\x{301}e\x{301}e\x{301}e\x{301}e\x{301}e\x{301}e\x{301}e\x{301}e\x{301}e\x{301}e\x{301}e\x{301}e\x{301}e\x{301}e\x{301} e\x{301}e\x{301}e\x{301}e\x{301}e\x{301}e\x{301}e\x{301}e\x{301}e\x{301}e\x{301}e\x{301}e\x{301}e\x{301}e\x{301}e\x{301}e\x{301}e\x{301}e\x{301}e\x{301}e\x{301}e\x{301}e\x{301}e\x{301}e\x{301}e\x{301}e\x{301}e\x{301}e\x{301}e\x{301}e\x{301} e\x{301}e\x{301}e\x{301}e\x{301}e\x{301}e\x{301}e\x{301}e\x{301}e\x{301}e\x{301}e\x{301}e\x{301}e\x{301}e\x{301}e\x{301}e\x{301}e\x{301}e\x{301}e\x{301}e\x{301}e\x{301}e\x{301}"
          text run at (912,5406) width 0: " "
          text run at (0,5423) width 912: "e\x{301}e\x{301}e\x{301}e\x{301}e\x{301}e\x{301}e\x{301}e\x{301}e\x{301}e\x{301}e\x{301}e\x{301}e\x{301}e\x{301}e\x{301}e\x{301}e\x{301}e\x{301}e\x{301}e\x{301}e\x{301}e\x{301}e\x{301}e\x{301}e\x{301}e\x{301}e\x{301}e\x{301}e\x{301}e\x{301}e\x{301}e\x{301} e\x{301} e\x{301}e\x{301}e\x{301}e\x{301}e\x{301}e\x{301}e\x{301}e\x{301}e\x{301}e\x{301}e\x{301}e\x{301}e\x{301}e\x{301}e\x{301}e\x{301}e\x{301}e\x{301}e\x{301}e\x{301}e\x{301}e\x{301}e\x{301}e\x{301}e\x{301}e\x{301}e\x{301}e\x{301}e\x{301}e\x{301}e\x{301}e\x{301}e\x{301}e\x{301}e\x{301}e\x{301}e\x{301}e\x{301}e\x{301}e\x{301}e\x{301}e\x{301}e\x{301} e\x{301}e\x{301}e\x{301}e\x{301}e\x{301}e\x{301}e\x{301}e\x{301}e\x{301}e\x{301}e\x{301}e\x{301}e\x{301}e\x{301}e\x{301}e\x{301}e\x{301}e\x{301}e\x{301}e\x{301}e\x{301}e\x{301}e\x{301}e\x{301}e\x{301}e\x{301}e\x{301}e\x{301}e\x{301}e\x{301} e\x{301}e\x{301}e\x{301}e\x{301}e\x{301}e\x{301}e\x{301}e\x{301}e\x{301}e\x{301}e\x{301}e\x{301}e\x{301}e\x{301}e\x{301}e\x{301}e\x{301}e\x{301}e\x{301}e\x{301}e\x{301}e\x{301}"
          text run at (912,5423) width 0: " "
          text run at (0,5440) width 912: "e\x{301}e\x{301}e\x{301}e\x{301}e\x{301}e\x{301}e\x{301}e\x{301}e\x{301}e\x{301}e\x{301}e\x{301}e\x{301}e\x{301}e\x{301}e\x{301}e\x{301}e\x{301}e\x{301}e\x{301}e\x{301}e\x{301}e\x{301}e\x{301}e\x{301}e\x{301}e\x{301}e\x{301}e\x{301}e\x{301}e\x{301}e\x{301} e\x{301} e\x{301}e\x{301}e\x{301}e\x{301}e\x{301}e\x{301}e\x{301}e\x{301}e\x{301}e\x{301}e\x{301}e\x{301}e\x{301}e\x{301}e\x{301}e\x{301}e\x{301}e\x{301}e\x{301}e\x{301}e\x{301}e\x{301}e\x{301}e\x{301}e\x{301}e\x{301}e\x{301}e\x{301}e\x{301}e\x{301}e\x{301}e\x{301}e\x{301}e\x{301}e\x{301}e\x{301}e\x{301}e\x{301}e\x{301}e\x{301}e\x{301}e\x{301}e\x{301} e\x{301}e\x{301}e\x{301}e\x{301}e\x{301}e\x{301}e\x{301}e\x{301}e\x{301}e\x{301}e\x{301}e\x{301}e\x{301}e\x{301}e\x{301}e\x{301}e\x{301}e\x{301}e\x{301}e\x{301}e\x{301}e\x{301}e\x{301}e\x{301}e\x{301}e\x{301}e\x{301}e\x{301}e\x{301}e\x{301} e\x{301}e\x{301}e\x{301}e\x{301}e\x{301}e\x{301}e\x{301}e\x{301}e\x{301}e\x{301}e\x{301}e\x{301}e\x{301}e\x{301}e\x{301}e\x{301}e\x{301}e\x{301}e\x{301}e\x{301}e\x{301}e\x{301}"
          text run at (912,5440) width 0: " "
          text run at (0,5457) width 912: "e\x{301}e\x{301}e\x{301}e\x{301}e\x{301}e\x{301}e\x{301}e\x{301}e\x{301}e\x{301}e\x{301}e\x{301}e\x{301}e\x{301}e\x{301}e\x{301}e\x{301}e\x{301}e\x{301}e\x{301}e\x{301}e\x{301}e\x{301}e\x{301}e\x{301}e\x{301}e\x{301}e\x{301}e\x{301}e\x{301}e\x{301}e\x{301} e\x{301} e\x{301}e\x{301}e\x{301}e\x{301}e\x{301}e\x{301}e\x{301}e\x{301}e\x{301}e\x{301}e\x{301}e\x{301}e\x{301}e\x{301}e\x{301}e\x{301}e\x{301}e\x{301}e\x{301}e\x{301}e\x{301}e\x{301}e\x{301}e\x{301}e\x{301}e\x{301}e\x{301}e\x{301}e\x{301}e\x{301}e\x{301}e\x{301}e\x{301}e\x{301}e\x{301}e\x{301}e\x{301}e\x{301}e\x{301}e\x{301}e\x{301}e\x{301}e\x{301} e\x{301}e\x{301}e\x{301}e\x{301}e\x{301}e\x{301}e\x{301}e\x{301}e\x{301}e\x{301}e\x{301}e\x{301}e\x{301}e\x{301}e\x{301}e\x{301}e\x{301}e\x{301}e\x{301}e\x{301}e\x{301}e\x{301}e\x{301}e\x{301}e\x{301}e\x{301}e\x{301}e\x{301}e\x{301}e\x{301} e\x{301}e\x{301}e\x{301}e\x{301}e\x{301}e\x{301}e\x{301}e\x{301}e\x{301}e\x{301}e\x{301}e\x{301}e\x{301}e\x{301}e\x{301}e\x{301}e\x{301}e\x{301}e\x{301}e\x{301}e\x{301}e\x{301}"
          text run at (912,5457) width 0: " "
          text run at (0,5474) width 912: "e\x{301}e\x{301}e\x{301}e\x{301}e\x{301}e\x{301}e\x{301}e\x{301}e\x{301}e\x{301}e\x{301}e\x{301}e\x{301}e\x{301}e\x{301}e\x{301}e\x{301}e\x{301}e\x{301}e\x{301}e\x{301}e\x{301}e\x{301}e\x{301}e\x{301}e\x{301}e\x{301}e\x{301}e\x{301}e\x{301}e\x{301}e\x{301} e\x{301} e\x{301}e\x{301}e\x{301}e\x{301}e\x{301}e\x{301}e\x{301}e\x{301}e\x{301}e\x{301}e\x{301}e\x{301}e\x{301}e\x{301}e\x{301}e\x{301}e\x{301}e\x{301}e\x{301}e\x{301}e\x{301}e\x{301}e\x{301}e\x{301}e\x{301}e\x{301}e\x{301}e\x{301}e\x{301}e\x{301}e\x{301}e\x{301}e\x{301}e\x{301}e\x{301}e\x{301}e\x{301}e\x{301}e\x{301}e\x{301}e\x{301}e\x{301}e\x{301} e\x{301}e\x{301}e\x{301}e\x{301}e\x{301}e\x{301}e\x{301}e\x{301}e\x{301}e\x{301}e\x{301}e\x{301}e\x{301}e\x{301}e\x{301}e\x{301}e\x{301}e\x{301}e\x{301}e\x{301}e\x{301}e\x{301}e\x{301}e\x{301}e\x{301}e\x{301}e\x{301}e\x{301}e\x{301}e\x{301} e\x{301}e\x{301}e\x{301}e\x{301}e\x{301}e\x{301}e\x{301}e\x{301}e\x{301}e\x{301}e\x{301}e\x{301}e\x{301}e\x{301}e\x{301}e\x{301}e\x{301}e\x{301}e\x{301}e\x{301}e\x{301}e\x{301}"
          text run at (912,5474) width 0: " "
          text run at (0,5491) width 912: "e\x{301}e\x{301}e\x{301}e\x{301}e\x{301}e\x{301}e\x{301}e\x{301}e\x{301}e\x{301}e\x{301}e\x{301}e\x{301}e\x{301}e\x{301}e\x{301}e\x{301}e\x{301}e\x{301}e\x{301}e\x{301}e\x{301}e\x{301}e\x{301}e\x{301}e\x{301}e\x{301}e\x{301}e\x{301}e\x{301}e\x{301}e\x{301} e\x{301} e\x{301}e\x{301}e\x{301}e\x{301}e\x{301}e\x{301}e\x{301}e\x{301}e\x{301}e\x{301}e\x{301}e\x{301}e\x{301}e\x{301}e\x{301}e\x{301}e\x{301}e\x{301}e\x{301}e\x{301}e\x{301}e\x{301}e\x{301}e\x{301}e\x{301}e\x{301}e\x{301}e\x{301}e\x{301}e\x{301}e\x{301}e\x{301}e\x{301}e\x{301}e\x{301}e\x{301}e\x{301}e\x{301}e\x{301}e\x{301}e\x{301}e\x{301}e\x{301} e\x{301}e\x{301}e\x{301}e\x{301}e\x{301}e\x{301}e\x{301}e\x{301}e\x{301}e\x{301}e\x{301}e\x{301}e\x{301}e\x{301}e\x{301}e\x{301}e\x{301}e\x{301}e\x{301}e\x{301}e\x{301}e\x{301}e\x{301}e\x{301}e\x{301}e\x{301}e\x{301}e\x{301}e\x{301}e\x{301} e\x{301}e\x{301}e\x{301}e\x{301}e\x{301}e\x{301}e\x{301}e\x{301}e\x{301}e\x{301}e\x{301}e\x{301}e\x{301}e\x{301}e\x{301}e\x{301}e\x{301}e\x{301}e\x{301}e\x{301}e\x{301}e\x{301}"
          text run at (912,5491) width 0: " "
          text run at (0,5508) width 912: "e\x{301}e\x{301}e\x{301}e\x{301}e\x{301}e\x{301}e\x{301}e\x{301}e\x{301}e\x{301}e\x{301}e\x{301}e\x{301}e\x{301}e\x{301}e\x{301}e\x{301}e\x{301}e\x{301}e\x{301}e\x{301}e\x{301}e\x{301}e\x{301}e\x{301}e\x{301}e\x{301}e\x{301}e\x{301}e\x{301}e\x{301}e\x{301} e\x{301} e\x{301}e\x{301}e\x{301}e\x{301}e\x{301}e\x{301}e\x{301}e\x{301}e\x{301}e\x{301}e\x{301}e\x{301}e\x{301}e\x{301}e\x{301}e\x{301}e\x{301}e\x{301}e\x{301}e\x{301}e\x{301}e\x{301}e\x{301}e\x{301}e\x{301}e\x{301}e\x{301}e\x{301}e\x{301}e\x{301}e\x{301}e\x{301}e\x{301}e\x{301}e\x{301}e\x{301}e\x{301}e\x{301}e\x{301}e\x{301}e\x{301}e\x{301}e\x{301} e\x{301}e\x{301}e\x{301}e\x{301}e\x{301}e\x{301}e\x{301}e\x{301}e\x{301}e\x{301}e\x{301}e\x{301}e\x{301}e\x{301}e\x{301}e\x{301}e\x{301}e\x{301}e\x{301}e\x{301}e\x{301}e\x{301}e\x{301}e\x{301}e\x{301}e\x{301}e\x{301}e\x{301}e\x{301}e\x{301} e\x{301}e\x{301}e\x{301}e\x{301}e\x{301}e\x{301}e\x{301}e\x{301}e\x{301}e\x{301}e\x{301}e\x{301}e\x{301}e\x{301}e\x{301}e\x{301}e\x{301}e\x{301}e\x{301}e\x{301}e\x{301}e\x{301}"
          text run at (912,5508) width 0: " "
          text run at (0,5525) width 912: "e\x{301}e\x{301}e\x{301}e\x{301}e\x{301}e\x{301}e\x{301}e\x{301}e\x{301}e\x{301}e\x{301}e\x{301}e\x{301}e\x{301}e\x{301}e\x{301}e\x{301}e\x{301}e\x{301}e\x{301}e\x{301}e\x{301}e\x{301}e\x{301}e\x{301}e\x{301}e\x{301}e\x{301}e\x{301}e\x{301}e\x{301}e\x{301} e\x{301} e\x{301}e\x{301}e\x{301}e\x{301}e\x{301}e\x{301}e\x{301}e\x{301}e\x{301}e\x{301}e\x{301}e\x{301}e\x{301}e\x{301}e\x{301}e\x{301}e\x{301}e\x{301}e\x{301}e\x{301}e\x{301}e\x{301}e\x{301}e\x{301}e\x{301}e\x{301}e\x{301}e\x{301}e\x{301}e\x{301}e\x{301}e\x{301}e\x{301}e\x{301}e\x{301}e\x{301}e\x{301}e\x{301}e\x{301}e\x{301}e\x{301}e\x{301}e\x{301} e\x{301}e\x{301}e\x{301}e\x{301}e\x{301}e\x{301}e\x{301}e\x{301}e\x{301}e\x{301}e\x{301}e\x{301}e\x{301}e\x{301}e\x{301}e\x{301}e\x{301}e\x{301}e\x{301}e\x{301}e\x{301}e\x{301}e\x{301}e\x{301}e\x{301}e\x{301}e\x{301}e\x{301}e\x{301}e\x{301} e\x{301}e\x{301}e\x{301}e\x{301}e\x{301}e\x{301}e\x{301}e\x{301}e\x{301}e\x{301}e\x{301}e\x{301}e\x{301}e\x{301}e\x{301}e\x{301}e\x{301}e\x{301}e\x{301}e\x{301}e\x{301}e\x{301}"
          text run at (912,5525) width 0: " "
          text run at (0,5542) width 912: "e\x{301}e\x{301}e\x{301}e\x{301}e\x{301}e\x{301}e\x{301}e\x{301}e\x{301}e\x{301}e\x{301}e\x{301}e\x{301}e\x{301}e\x{301}e\x{301}e\x{301}e\x{301}e\x{301}e\x{301}e\x{301}e\x{301}e\x{301}e\x{301}e\x{301}e\x{301}e\x{301}e\x{301}e\x{301}e\x{301}e\x{301}e\x{301} e\x{301} e\x{301}e\x{301}e\x{301}e\x{301}e\x{301}e\x{301}e\x{301}e\x{301}e\x{301}e\x{301}e\x{301}e\x{301}e\x{301}e\x{301}e\x{301}e\x{301}e\x{301}e\x{301}e\x{301}e\x{301}e\x{301}e\x{301}e\x{301}e\x{301}e\x{301}e\x{301}e\x{301}e\x{301}e\x{301}e\x{301}e\x{301}e\x{301}e\x{301}e\x{301}e\x{301}e\x{301}e\x{301}e\x{301}e\x{301}e\x{301}e\x{301}e\x{301}e\x{301} e\x{301}e\x{301}e\x{301}e\x{301}e\x{301}e\x{301}e\x{301}e\x{301}e\x{301}e\x{301}e\x{301}e\x{301}e\x{301}e\x{301}e\x{301}e\x{301}e\x{301}e\x{301}e\x{301}e\x{301}e\x{301}e\x{301}e\x{301}e\x{301}e\x{301}e\x{301}e\x{301}e\x{301}e\x{301}e\x{301} e\x{301}e\x{301}e\x{301}e\x{301}e\x{301}e\x{301}e\x{301}e\x{301}e\x{301}e\x{301}e\x{301}e\x{301}e\x{301}e\x{301}e\x{301}e\x{301}e\x{301}e\x{301}e\x{301}e\x{301}e\x{301}e\x{301}"
          text run at (912,5542) width 0: " "
          text run at (0,5559) width 912: "e\x{301}e\x{301}e\x{301}e\x{301}e\x{301}e\x{301}e\x{301}e\x{301}e\x{301}e\x{301}e\x{301}e\x{301}e\x{301}e\x{301}e\x{301}e\x{301}e\x{301}e\x{301}e\x{301}e\x{301}e\x{301}e\x{301}e\x{301}e\x{301}e\x{301}e\x{301}e\x{301}e\x{301}e\x{301}e\x{301}e\x{301}e\x{301} e\x{301} e\x{301}e\x{301}e\x{301}e\x{301}e\x{301}e\x{301}e\x{301}e\x{301}e\x{301}e\x{301}e\x{301}e\x{301}e\x{301}e\x{301}e\x{301}e\x{301}e\x{301}e\x{301}e\x{301}e\x{301}e\x{301}e\x{301}e\x{301}e\x{301}e\x{301}e\x{301}e\x{301}e\x{301}e\x{301}e\x{301}e\x{301}e\x{301}e\x{301}e\x{301}e\x{301}e\x{301}e\x{301}e\x{301}e\x{301}e\x{301}e\x{301}e\x{301}e\x{301} e\x{301}e\x{301}e\x{301}e\x{301}e\x{301}e\x{301}e\x{301}e\x{301}e\x{301}e\x{301}e\x{301}e\x{301}e\x{301}e\x{301}e\x{301}e\x{301}e\x{301}e\x{301}e\x{301}e\x{301}e\x{301}e\x{301}e\x{301}e\x{301}e\x{301}e\x{301}e\x{301}e\x{301}e\x{301}e\x{301} e\x{301}e\x{301}e\x{301}e\x{301}e\x{301}e\x{301}e\x{301}e\x{301}e\x{301}e\x{301}e\x{301}e\x{301}e\x{301}e\x{301}e\x{301}e\x{301}e\x{301}e\x{301}e\x{301}e\x{301}e\x{301}e\x{301}"
          text run at (912,5559) width 0: " "
          text run at (0,5576) width 912: "e\x{301}e\x{301}e\x{301}e\x{301}e\x{301}e\x{301}e\x{301}e\x{301}e\x{301}e\x{301}e\x{301}e\x{301}e\x{301}e\x{301}e\x{301}e\x{301}e\x{301}e\x{301}e\x{301}e\x{301}e\x{301}e\x{301}e\x{301}e\x{301}e\x{301}e\x{301}e\x{301}e\x{301}e\x{301}e\x{301}e\x{301}e\x{301} e\x{301} e\x{301}e\x{301}e\x{301}e\x{301}e\x{301}e\x{301}e\x{301}e\x{301}e\x{301}e\x{301}e\x{301}e\x{301}e\x{301}e\x{301}e\x{301}e\x{301}e\x{301}e\x{301}e\x{301}e\x{301}e\x{301}e\x{301}e\x{301}e\x{301}e\x{301}e\x{301}e\x{301}e\x{301}e\x{301}e\x{301}e\x{301}e\x{301}e\x{301}e\x{301}e\x{301}e\x{301}e\x{301}e\x{301}e\x{301}e\x{301}e\x{301}e\x{301}e\x{301} e\x{301}e\x{301}e\x{301}e\x{301}e\x{301}e\x{301}e\x{301}e\x{301}e\x{301}e\x{301}e\x{301}e\x{301}e\x{301}e\x{301}e\x{301}e\x{301}e\x{301}e\x{301}e\x{301}e\x{301}e\x{301}e\x{301}e\x{301}e\x{301}e\x{301}e\x{301}e\x{301}e\x{301}e\x{301}e\x{301} e\x{301}e\x{301}e\x{301}e\x{301}e\x{301}e\x{301}e\x{301}e\x{301}e\x{301}e\x{301}e\x{301}e\x{301}e\x{301}e\x{301}e\x{301}e\x{301}e\x{301}e\x{301}e\x{301}e\x{301}e\x{301}e\x{301}"
          text run at (912,5576) width 0: " "
          text run at (0,5593) width 912: "e\x{301}e\x{301}e\x{301}e\x{301}e\x{301}e\x{301}e\x{301}e\x{301}e\x{301}e\x{301}e\x{301}e\x{301}e\x{301}e\x{301}e\x{301}e\x{301}e\x{301}e\x{301}e\x{301}e\x{301}e\x{301}e\x{301}e\x{301}e\x{301}e\x{301}e\x{301}e\x{301}e\x{301}e\x{301}e\x{301}e\x{301}e\x{301} e\x{301} e\x{301}e\x{301}e\x{301}e\x{301}e\x{301}e\x{301}e\x{301}e\x{301}e\x{301}e\x{301}e\x{301}e\x{301}e\x{301}e\x{301}e\x{301}e\x{301}e\x{301}e\x{301}e\x{301}e\x{301}e\x{301}e\x{301}e\x{301}e\x{301}e\x{301}e\x{301}e\x{301}e\x{301}e\x{301}e\x{301}e\x{301}e\x{301}e\x{301}e\x{301}e\x{301}e\x{301}e\x{301}e\x{301}e\x{301}e\x{301}e\x{301}e\x{301}e\x{301} e\x{301}e\x{301}e\x{301}e\x{301}e\x{301}e\x{301}e\x{301}e\x{301}e\x{301}e\x{301}e\x{301}e\x{301}e\x{301}e\x{301}e\x{301}e\x{301}e\x{301}e\x{301}e\x{301}e\x{301}e\x{301}e\x{301}e\x{301}e\x{301}e\x{301}e\x{301}e\x{301}e\x{301}e\x{301}e\x{301} e\x{301}e\x{301}e\x{301}e\x{301}e\x{301}e\x{301}e\x{301}e\x{301}e\x{301}e\x{301}e\x{301}e\x{301}e\x{301}e\x{301}e\x{301}e\x{301}e\x{301}e\x{301}e\x{301}e\x{301}e\x{301}e\x{301}"
          text run at (912,5593) width 0: " "
          text run at (0,5610) width 912: "e\x{301}e\x{301}e\x{301}e\x{301}e\x{301}e\x{301}e\x{301}e\x{301}e\x{301}e\x{301}e\x{301}e\x{301}e\x{301}e\x{301}e\x{301}e\x{301}e\x{301}e\x{301}e\x{301}e\x{301}e\x{301}e\x{301}e\x{301}e\x{301}e\x{301}e\x{301}e\x{301}e\x{301}e\x{301}e\x{301}e\x{301}e\x{301} e\x{301} e\x{301}e\x{301}e\x{301}e\x{301}e\x{301}e\x{301}e\x{301}e\x{301}e\x{301}e\x{301}e\x{301}e\x{301}e\x{301}e\x{301}e\x{301}e\x{301}e\x{301}e\x{301}e\x{301}e\x{301}e\x{301}e\x{301}e\x{301}e\x{301}e\x{301}e\x{301}e\x{301}e\x{301}e\x{301}e\x{301}e\x{301}e\x{301}e\x{301}e\x{301}e\x{301}e\x{301}e\x{301}e\x{301}e\x{301}e\x{301}e\x{301}e\x{301}e\x{301} e\x{301}e\x{301}e\x{301}e\x{301}e\x{301}e\x{301}e\x{301}e\x{301}e\x{301}e\x{301}e\x{301}e\x{301}e\x{301}e\x{301}e\x{301}e\x{301}e\x{301}e\x{301}e\x{301}e\x{301}e\x{301}e\x{301}e\x{301}e\x{301}e\x{301}e\x{301}e\x{301}e\x{301}e\x{301}e\x{301} e\x{301}e\x{301}e\x{301}e\x{301}e\x{301}e\x{301}e\x{301}e\x{301}e\x{301}e\x{301}e\x{301}e\x{301}e\x{301}e\x{301}e\x{301}e\x{301}e\x{301}e\x{301}e\x{301}e\x{301}e\x{301}e\x{301}"
          text run at (912,5610) width 0: " "
          text run at (0,5627) width 912: "e\x{301}e\x{301}e\x{301}e\x{301}e\x{301}e\x{301}e\x{301}e\x{301}e\x{301}e\x{301}e\x{301}e\x{301}e\x{301}e\x{301}e\x{301}e\x{301}e\x{301}e\x{301}e\x{301}e\x{301}e\x{301}e\x{301}e\x{301}e\x{301}e\x{301}e\x{301}e\x{301}e\x{301}e\x{301}e\x{301}e\x{301}e\x{301} e\x{301} e\x{301}e\x{301}e\x{301}e\x{301}e\x{301}e\x{301}e\x{301}e\x{301}e\x{301}e\x{301}e\x{301}e\x{301}e\x{301}e\x{301}e\x{301}e\x{301}e\x{301}e\x{301}e\x{301}e\x{301}e\x{301}e\x{301}e\x{301}e\x{301}e\x{301}e\x{301}e\x{301}e\x{301}e\x{301}e\x{301}e\x{301}e\x{301}e\x{301}e\x{301}e\x{301}e\x{301}e\x{301}e\x{301}e\x{301}e\x{301}e\x{301}e\x{301}e\x{301} e\x{301}e\x{301}e\x{301}e\x{301}e\x{301}e\x{301}e\x{301}e\x{301}e\x{301}e\x{301}e\x{301}e\x{301}e\x{301}e\x{301}e\x{301}e\x{301}e\x{301}e\x{301}e\x{301}e\x{301}e\x{301}e\x{301}e\x{301}e\x{301}e\x{301}e\x{301}e\x{301}e\x{301}e\x{301}e\x{301} e\x{301}e\x{301}e\x{301}e\x{301}e\x{301}e\x{301}e\x{301}e\x{301}e\x{301}e\x{301}e\x{301}e\x{301}e\x{301}e\x{301}e\x{301}e\x{301}e\x{301}e\x{301}e\x{301}e\x{301}e\x{301}e\x{301}"
          text run at (912,5627) width 0: " "
          text run at (0,5644) width 912: "e\x{301}e\x{301}e\x{301}e\x{301}e\x{301}e\x{301}e\x{301}e\x{301}e\x{301}e\x{301}e\x{301}e\x{301}e\x{301}e\x{301}e\x{301}e\x{301}e\x{301}e\x{301}e\x{301}e\x{301}e\x{301}e\x{301}e\x{301}e\x{301}e\x{301}e\x{301}e\x{301}e\x{301}e\x{301}e\x{301}e\x{301}e\x{301} e\x{301} e\x{301}e\x{301}e\x{301}e\x{301}e\x{301}e\x{301}e\x{301}e\x{301}e\x{301}e\x{301}e\x{301}e\x{301}e\x{301}e\x{301}e\x{301}e\x{301}e\x{301}e\x{301}e\x{301}e\x{301}e\x{301}e\x{301}e\x{301}e\x{301}e\x{301}e\x{301}e\x{301}e\x{301}e\x{301}e\x{301}e\x{301}e\x{301}e\x{301}e\x{301}e\x{301}e\x{301}e\x{301}e\x{301}e\x{301}e\x{301}e\x{301}e\x{301}e\x{301} e\x{301}e\x{301}e\x{301}e\x{301}e\x{301}e\x{301}e\x{301}e\x{301}e\x{301}e\x{301}e\x{301}e\x{301}e\x{301}e\x{301}e\x{301}e\x{301}e\x{301}e\x{301}e\x{301}e\x{301}e\x{301}e\x{301}e\x{301}e\x{301}e\x{301}e\x{301}e\x{301}e\x{301}e\x{301}e\x{301} e\x{301}e\x{301}e\x{301}e\x{301}e\x{301}e\x{301}e\x{301}e\x{301}e\x{301}e\x{301}e\x{301}e\x{301}e\x{301}e\x{301}e\x{301}e\x{301}e\x{301}e\x{301}e\x{301}e\x{301}e\x{301}e\x{301}"
          text run at (912,5644) width 0: " "
          text run at (0,5661) width 912: "e\x{301}e\x{301}e\x{301}e\x{301}e\x{301}e\x{301}e\x{301}e\x{301}e\x{301}e\x{301}e\x{301}e\x{301}e\x{301}e\x{301}e\x{301}e\x{301}e\x{301}e\x{301}e\x{301}e\x{301}e\x{301}e\x{301}e\x{301}e\x{301}e\x{301}e\x{301}e\x{301}e\x{301}e\x{301}e\x{301}e\x{301}e\x{301} e\x{301} e\x{301}e\x{301}e\x{301}e\x{301}e\x{301}e\x{301}e\x{301}e\x{301}e\x{301}e\x{301}e\x{301}e\x{301}e\x{301}e\x{301}e\x{301}e\x{301}e\x{301}e\x{301}e\x{301}e\x{301}e\x{301}e\x{301}e\x{301}e\x{301}e\x{301}e\x{301}e\x{301}e\x{301}e\x{301}e\x{301}e\x{301}e\x{301}e\x{301}e\x{301}e\x{301}e\x{301}e\x{301}e\x{301}e\x{301}e\x{301}e\x{301}e\x{301}e\x{301} e\x{301}e\x{301}e\x{301}e\x{301}e\x{301}e\x{301}e\x{301}e\x{301}e\x{301}e\x{301}e\x{301}e\x{301}e\x{301}e\x{301}e\x{301}e\x{301}e\x{301}e\x{301}e\x{301}e\x{301}e\x{301}e\x{301}e\x{301}e\x{301}e\x{301}e\x{301}e\x{301}e\x{301}e\x{301}e\x{301} e\x{301}e\x{301}e\x{301}e\x{301}e\x{301}e\x{301}e\x{301}e\x{301}e\x{301}e\x{301}e\x{301}e\x{301}e\x{301}e\x{301}e\x{301}e\x{301}e\x{301}e\x{301}e\x{301}e\x{301}e\x{301}e\x{301}"
          text run at (912,5661) width 0: " "
          text run at (0,5678) width 912: "e\x{301}e\x{301}e\x{301}e\x{301}e\x{301}e\x{301}e\x{301}e\x{301}e\x{301}e\x{301}e\x{301}e\x{301}e\x{301}e\x{301}e\x{301}e\x{301}e\x{301}e\x{301}e\x{301}e\x{301}e\x{301}e\x{301}e\x{301}e\x{301}e\x{301}e\x{301}e\x{301}e\x{301}e\x{301}e\x{301}e\x{301}e\x{301} e\x{301} e\x{301}e\x{301}e\x{301}e\x{301}e\x{301}e\x{301}e\x{301}e\x{301}e\x{301}e\x{301}e\x{301}e\x{301}e\x{301}e\x{301}e\x{301}e\x{301}e\x{301}e\x{301}e\x{301}e\x{301}e\x{301}e\x{301}e\x{301}e\x{301}e\x{301}e\x{301}e\x{301}e\x{301}e\x{301}e\x{301}e\x{301}e\x{301}e\x{301}e\x{301}e\x{301}e\x{301}e\x{301}e\x{301}e\x{301}e\x{301}e\x{301}e\x{301}e\x{301} e\x{301}e\x{301}e\x{301}e\x{301}e\x{301}e\x{301}e\x{301}e\x{301}e\x{301}e\x{301}e\x{301}e\x{301}e\x{301}e\x{301}e\x{301}e\x{301}e\x{301}e\x{301}e\x{301}e\x{301}e\x{301}e\x{301}e\x{301}e\x{301}e\x{301}e\x{301}e\x{301}e\x{301}e\x{301}e\x{301} e\x{301}e\x{301}e\x{301}e\x{301}e\x{301}e\x{301}e\x{301}e\x{301}e\x{301}e\x{301}e\x{301}e\x{301}e\x{301}e\x{301}e\x{301}e\x{301}e\x{301}e\x{301}e\x{301}e\x{301}e\x{301}e\x{301}"
          text run at (912,5678) width 0: " "
          text run at (0,5695) width 912: "e\x{301}e\x{301}e\x{301}e\x{301}e\x{301}e\x{301}e\x{301}e\x{301}e\x{301}e\x{301}e\x{301}e\x{301}e\x{301}e\x{301}e\x{301}e\x{301}e\x{301}e\x{301}e\x{301}e\x{301}e\x{301}e\x{301}e\x{301}e\x{301}e\x{301}e\x{301}e\x{301}e\x{301}e\x{301}e\x{301}e\x{301}e\x{301} e\x{301} e\x{301}e\x{301}e\x{301}e\x{301}e\x{301}e\x{301}e\x{301}e\x{301}e\x{301}e\x{301}e\x{301}e\x{301}e\x{301}e\x{301}e\x{301}e\x{301}e\x{301}e\x{301}e\x{301}e\x{301}e\x{301}e\x{301}e\x{301}e\x{301}e\x{301}e\x{301}e\x{301}e\x{301}e\x{301}e\x{301}e\x{301}e\x{301}e\x{301}e\x{301}e\x{301}e\x{301}e\x{301}e\x{301}e\x{301}e\x{301}e\x{301}e\x{301}e\x{301} e\x{301}e\x{301}e\x{301}e\x{301}e\x{301}e\x{301}e\x{301}e\x{301}e\x{301}e\x{301}e\x{301}e\x{301}e\x{301}e\x{301}e\x{301}e\x{301}e\x{301}e\x{301}e\x{301}e\x{301}e\x{301}e\x{301}e\x{301}e\x{301}e\x{301}e\x{301}e\x{301}e\x{301}e\x{301}e\x{301} e\x{301}e\x{301}e\x{301}e\x{301}e\x{301}e\x{301}e\x{301}e\x{301}e\x{301}e\x{301}e\x{301}e\x{301}e\x{301}e\x{301}e\x{301}e\x{301}e\x{301}e\x{301}e\x{301}e\x{301}e\x{301}e\x{301}"
          text run at (912,5695) width 0: " "
          text run at (0,5712) width 912: "e\x{301}e\x{301}e\x{301}e\x{301}e\x{301}e\x{301}e\x{301}e\x{301}e\x{301}e\x{301}e\x{301}e\x{301}e\x{301}e\x{301}e\x{301}e\x{301}e\x{301}e\x{301}e\x{301}e\x{301}e\x{301}e\x{301}e\x{301}e\x{301}e\x{301}e\x{301}e\x{301}e\x{301}e\x{301}e\x{301}e\x{301}e\x{301} e\x{301} e\x{301}e\x{301}e\x{301}e\x{301}e\x{301}e\x{301}e\x{301}e\x{301}e\x{301}e\x{301}e\x{301}e\x{301}e\x{301}e\x{301}e\x{301}e\x{301}e\x{301}e\x{301}e\x{301}e\x{301}e\x{301}e\x{301}e\x{301}e\x{301}e\x{301}e\x{301}e\x{301}e\x{301}e\x{301}e\x{301}e\x{301}e\x{301}e\x{301}e\x{301}e\x{301}e\x{301}e\x{301}e\x{301}e\x{301}e\x{301}e\x{301}e\x{301}e\x{301} e\x{301}e\x{301}e\x{301}e\x{301}e\x{301}e\x{301}e\x{301}e\x{301}e\x{301}e\x{301}e\x{301}e\x{301}e\x{301}e\x{301}e\x{301}e\x{301}e\x{301}e\x{301}e\x{301}e\x{301}e\x{301}e\x{301}e\x{301}e\x{301}e\x{301}e\x{301}e\x{301}e\x{301}e\x{301}e\x{301} e\x{301}e\x{301}e\x{301}e\x{301}e\x{301}e\x{301}e\x{301}e\x{301}e\x{301}e\x{301}e\x{301}e\x{301}e\x{301}e\x{301}e\x{301}e\x{301}e\x{301}e\x{301}e\x{301}e\x{301}e\x{301}e\x{301}"
          text run at (912,5712) width 0: " "
          text run at (0,5729) width 912: "e\x{301}e\x{301}e\x{301}e\x{301}e\x{301}e\x{301}e\x{301}e\x{301}e\x{301}e\x{301}e\x{301}e\x{301}e\x{301}e\x{301}e\x{301}e\x{301}e\x{301}e\x{301}e\x{301}e\x{301}e\x{301}e\x{301}e\x{301}e\x{301}e\x{301}e\x{301}e\x{301}e\x{301}e\x{301}e\x{301}e\x{301}e\x{301} e\x{301} e\x{301}e\x{301}e\x{301}e\x{301}e\x{301}e\x{301}e\x{301}e\x{301}e\x{301}e\x{301}e\x{301}e\x{301}e\x{301}e\x{301}e\x{301}e\x{301}e\x{301}e\x{301}e\x{301}e\x{301}e\x{301}e\x{301}e\x{301}e\x{301}e\x{301}e\x{301}e\x{301}e\x{301}e\x{301}e\x{301}e\x{301}e\x{301}e\x{301}e\x{301}e\x{301}e\x{301}e\x{301}e\x{301}e\x{301}e\x{301}e\x{301}e\x{301}e\x{301} e\x{301}e\x{301}e\x{301}e\x{301}e\x{301}e\x{301}e\x{301}e\x{301}e\x{301}e\x{301}e\x{301}e\x{301}e\x{301}e\x{301}e\x{301}e\x{301}e\x{301}e\x{301}e\x{301}e\x{301}e\x{301}e\x{301}e\x{301}e\x{301}e\x{301}e\x{301}e\x{301}e\x{301}e\x{301}e\x{301} e\x{301}e\x{301}e\x{301}e\x{301}e\x{301}e\x{301}e\x{301}e\x{301}e\x{301}e\x{301}e\x{301}e\x{301}e\x{301}e\x{301}e\x{301}e\x{301}e\x{301}e\x{301}e\x{301}e\x{301}e\x{301}e\x{301}"
          text run at (912,5729) width 0: " "
          text run at (0,5746) width 912: "e\x{301}e\x{301}e\x{301}e\x{301}e\x{301}e\x{301}e\x{301}e\x{301}e\x{301}e\x{301}e\x{301}e\x{301}e\x{301}e\x{301}e\x{301}e\x{301}e\x{301}e\x{301}e\x{301}e\x{301}e\x{301}e\x{301}e\x{301}e\x{301}e\x{301}e\x{301}e\x{301}e\x{301}e\x{301}e\x{301}e\x{301}e\x{301} e\x{301} e\x{301}e\x{301}e\x{301}e\x{301}e\x{301}e\x{301}e\x{301}e\x{301}e\x{301}e\x{301}e\x{301}e\x{301}e\x{301}e\x{301}e\x{301}e\x{301}e\x{301}e\x{301}e\x{301}e\x{301}e\x{301}e\x{301}e\x{301}e\x{301}e\x{301}e\x{301}e\x{301}e\x{301}e\x{301}e\x{301}e\x{301}e\x{301}e\x{301}e\x{301}e\x{301}e\x{301}e\x{301}e\x{301}e\x{301}e\x{301}e\x{301}e\x{301}e\x{301} e\x{301}e\x{301}e\x{301}e\x{301}e\x{301}e\x{301}e\x{301}e\x{301}e\x{301}e\x{301}e\x{301}e\x{301}e\x{301}e\x{301}e\x{301}e\x{301}e\x{301}e\x{301}e\x{301}e\x{301}e\x{301}e\x{301}e\x{301}e\x{301}e\x{301}e\x{301}e\x{301}e\x{301}e\x{301}e\x{301} e\x{301}e\x{301}e\x{301}e\x{301}e\x{301}e\x{301}e\x{301}e\x{301}e\x{301}e\x{301}e\x{301}e\x{301}e\x{301}e\x{301}e\x{301}e\x{301}e\x{301}e\x{301}e\x{301}e\x{301}e\x{301}e\x{301}"
          text run at (912,5746) width 0: " "
          text run at (0,5763) width 912: "e\x{301}e\x{301}e\x{301}e\x{301}e\x{301}e\x{301}e\x{301}e\x{301}e\x{301}e\x{301}e\x{301}e\x{301}e\x{301}e\x{301}e\x{301}e\x{301}e\x{301}e\x{301}e\x{301}e\x{301}e\x{301}e\x{301}e\x{301}e\x{301}e\x{301}e\x{301}e\x{301}e\x{301}e\x{301}e\x{301}e\x{301}e\x{301} e\x{301} e\x{301}e\x{301}e\x{301}e\x{301}e\x{301}e\x{301}e\x{301}e\x{301}e\x{301}e\x{301}e\x{301}e\x{301}e\x{301}e\x{301}e\x{301}e\x{301}e\x{301}e\x{301}e\x{301}e\x{301}e\x{301}e\x{301}e\x{301}e\x{301}e\x{301}e\x{301}e\x{301}e\x{301}e\x{301}e\x{301}e\x{301}e\x{301}e\x{301}e\x{301}e\x{301}e\x{301}e\x{301}e\x{301}e\x{301}e\x{301}e\x{301}e\x{301}e\x{301} e\x{301}e\x{301}e\x{301}e\x{301}e\x{301}e\x{301}e\x{301}e\x{301}e\x{301}e\x{301}e\x{301}e\x{301}e\x{301}e\x{301}e\x{301}e\x{301}e\x{301}e\x{301}e\x{301}e\x{301}e\x{301}e\x{301}e\x{301}e\x{301}e\x{301}e\x{301}e\x{301}e\x{301}e\x{301}e\x{301} e\x{301}e\x{301}e\x{301}e\x{301}e\x{301}e\x{301}e\x{301}e\x{301}e\x{301}e\x{301}e\x{301}e\x{301}e\x{301}e\x{301}e\x{301}e\x{301}e\x{301}e\x{301}e\x{301}e\x{301}e\x{301}e\x{301}"
          text run at (912,5763) width 0: " "
          text run at (0,5780) width 912: "e\x{301}e\x{301}e\x{301}e\x{301}e\x{301}e\x{301}e\x{301}e\x{301}e\x{301}e\x{301}e\x{301}e\x{301}e\x{301}e\x{301}e\x{301}e\x{301}e\x{301}e\x{301}e\x{301}e\x{301}e\x{301}e\x{301}e\x{301}e\x{301}e\x{301}e\x{301}e\x{301}e\x{301}e\x{301}e\x{301}e\x{301}e\x{301} e\x{301} e\x{301}e\x{301}e\x{301}e\x{301}e\x{301}e\x{301}e\x{301}e\x{301}e\x{301}e\x{301}e\x{301}e\x{301}e\x{301}e\x{301}e\x{301}e\x{301}e\x{301}e\x{301}e\x{301}e\x{301}e\x{301}e\x{301}e\x{301}e\x{301}e\x{301}e\x{301}e\x{301}e\x{301}e\x{301}e\x{301}e\x{301}e\x{301}e\x{301}e\x{301}e\x{301}e\x{301}e\x{301}e\x{301}e\x{301}e\x{301}e\x{301}e\x{301}e\x{301} e\x{301}e\x{301}e\x{301}e\x{301}e\x{301}e\x{301}e\x{301}e\x{301}e\x{301}e\x{301}e\x{301}e\x{301}e\x{301}e\x{301}e\x{301}e\x{301}e\x{301}e\x{301}e\x{301}e\x{301}e\x{301}e\x{301}e\x{301}e\x{301}e\x{301}e\x{301}e\x{301}e\x{301}e\x{301}e\x{301} e\x{301}e\x{301}e\x{301}e\x{301}e\x{301}e\x{301}e\x{301}e\x{301}e\x{301}e\x{301}e\x{301}e\x{301}e\x{301}e\x{301}e\x{301}e\x{301}e\x{301}e\x{301}e\x{301}e\x{301}e\x{301}e\x{301}"
          text run at (912,5780) width 0: " "
          text run at (0,5797) width 912: "e\x{301}e\x{301}e\x{301}e\x{301}e\x{301}e\x{301}e\x{301}e\x{301}e\x{301}e\x{301}e\x{301}e\x{301}e\x{301}e\x{301}e\x{301}e\x{301}e\x{301}e\x{301}e\x{301}e\x{301}e\x{301}e\x{301}e\x{301}e\x{301}e\x{301}e\x{301}e\x{301}e\x{301}e\x{301}e\x{301}e\x{301}e\x{301} e\x{301} e\x{301}e\x{301}e\x{301}e\x{301}e\x{301}e\x{301}e\x{301}e\x{301}e\x{301}e\x{301}e\x{301}e\x{301}e\x{301}e\x{301}e\x{301}e\x{301}e\x{301}e\x{301}e\x{301}e\x{301}e\x{301}e\x{301}e\x{301}e\x{301}e\x{301}e\x{301}e\x{301}e\x{301}e\x{301}e\x{301}e\x{301}e\x{301}e\x{301}e\x{301}e\x{301}e\x{301}e\x{301}e\x{301}e\x{301}e\x{301}e\x{301}e\x{301}e\x{301} e\x{301}e\x{301}e\x{301}e\x{301}e\x{301}e\x{301}e\x{301}e\x{301}e\x{301}e\x{301}e\x{301}e\x{301}e\x{301}e\x{301}e\x{301}e\x{301}e\x{301}e\x{301}e\x{301}e\x{301}e\x{301}e\x{301}e\x{301}e\x{301}e\x{301}e\x{301}e\x{301}e\x{301}e\x{301}e\x{301} e\x{301}e\x{301}e\x{301}e\x{301}e\x{301}e\x{301}e\x{301}e\x{301}e\x{301}e\x{301}e\x{301}e\x{301}e\x{301}e\x{301}e\x{301}e\x{301}e\x{301}e\x{301}e\x{301}e\x{301}e\x{301}e\x{301}"
          text run at (912,5797) width 0: " "
          text run at (0,5814) width 912: "e\x{301}e\x{301}e\x{301}e\x{301}e\x{301}e\x{301}e\x{301}e\x{301}e\x{301}e\x{301}e\x{301}e\x{301}e\x{301}e\x{301}e\x{301}e\x{301}e\x{301}e\x{301}e\x{301}e\x{301}e\x{301}e\x{301}e\x{301}e\x{301}e\x{301}e\x{301}e\x{301}e\x{301}e\x{301}e\x{301}e\x{301}e\x{301} e\x{301} e\x{301}e\x{301}e\x{301}e\x{301}e\x{301}e\x{301}e\x{301}e\x{301}e\x{301}e\x{301}e\x{301}e\x{301}e\x{301}e\x{301}e\x{301}e\x{301}e\x{301}e\x{301}e\x{301}e\x{301}e\x{301}e\x{301}e\x{301}e\x{301}e\x{301}e\x{301}e\x{301}e\x{301}e\x{301}e\x{301}e\x{301}e\x{301}e\x{301}e\x{301}e\x{301}e\x{301}e\x{301}e\x{301}e\x{301}e\x{301}e\x{301}e\x{301}e\x{301} e\x{301}e\x{301}e\x{301}e\x{301}e\x{301}e\x{301}e\x{301}e\x{301}e\x{301}e\x{301}e\x{301}e\x{301}e\x{301}e\x{301}e\x{301}e\x{301}e\x{301}e\x{301}e\x{301}e\x{301}e\x{301}e\x{301}e\x{301}e\x{301}e\x{301}e\x{301}e\x{301}e\x{301}e\x{301}e\x{301} e\x{301}e\x{301}e\x{301}e\x{301}e\x{301}e\x{301}e\x{301}e\x{301}e\x{301}e\x{301}e\x{301}e\x{301}e\x{301}e\x{301}e\x{301}e\x{301}e\x{301}e\x{301}e\x{301}e\x{301}e\x{301}e\x{301}"
          text run at (912,5814) width 0: " "
          text run at (0,5831) width 912: "e\x{301}e\x{301}e\x{301}e\x{301}e\x{301}e\x{301}e\x{301}e\x{301}e\x{301}e\x{301}e\x{301}e\x{301}e\x{301}e\x{301}e\x{301}e\x{301}e\x{301}e\x{301}e\x{301}e\x{301}e\x{301}e\x{301}e\x{301}e\x{301}e\x{301}e\x{301}e\x{301}e\x{301}e\x{301}e\x{301}e\x{301}e\x{301} e\x{301} e\x{301}e\x{301}e\x{301}e\x{301}e\x{301}e\x{301}e\x{301}e\x{301}e\x{301}e\x{301}e\x{301}e\x{301}e\x{301}e\x{301}e\x{301}e\x{301}e\x{301}e\x{301}e\x{301}e\x{301}e\x{301}e\x{301}e\x{301}e\x{301}e\x{301}e\x{301}e\x{301}e\x{301}e\x{301}e\x{301}e\x{301}e\x{301}e\x{301}e\x{301}e\x{301}e\x{301}e\x{301}e\x{301}e\x{301}e\x{301}e\x{301}e\x{301}e\x{301} e\x{301}e\x{301}e\x{301}e\x{301}e\x{301}e\x{301}e\x{301}e\x{301}e\x{301}e\x{301}e\x{301}e\x{301}e\x{301}e\x{301}e\x{301}e\x{301}e\x{301}e\x{301}e\x{301}e\x{301}e\x{301}e\x{301}e\x{301}e\x{301}e\x{301}e\x{301}e\x{301}e\x{301}e\x{301}e\x{301} e\x{301}e\x{301}e\x{301}e\x{301}e\x{301}e\x{301}e\x{301}e\x{301}e\x{301}e\x{301}e\x{301}e\x{301}e\x{301}e\x{301}e\x{301}e\x{301}e\x{301}e\x{301}e\x{301}e\x{301}e\x{301}e\x{301}"
          text run at (912,5831) width 0: " "
          text run at (0,5848) width 912: "e\x{301}e\x{301}e\x{301}e\x{301}e\x{301}e\x{301}e\x{301}e\x{301}e\x{301}e\x{301}e\x{301}e\x{301}e\x{301}e\x{301}e\x{301}e\x{301}e\x{301}e\x{301}e\x{301}e\x{301}e\x{301}e\x{301}e\x{301}e\x{301}e\x{301}e\x{301}e\x{301}e\x{301}e\x{301}e\x{301}e\x{301}e\x{301} e\x{301} e\x{301}e\x{301}e\x{301}e\x{301}e\x{301}e\x{301}e\x{301}e\x{301}e\x{301}e\x{301}e\x{301}e\x{301}e\x{301}e\x{301}e\x{301}e\x{301}e\x{301}e\x{301}e\x{301}e\x{301}e\x{301}e\x{301}e\x{301}e\x{301}e\x{301}e\x{301}e\x{301}e\x{301}e\x{301}e\x{301}e\x{301}e\x{301}e\x{301}e\x{301}e\x{301}e\x{301}e\x{301}e\x{301}e\x{301}e\x{301}e\x{301}e\x{301}e\x{301} e\x{301}e\x{301}e\x{301}e\x{301}e\x{301}e\x{301}e\x{301}e\x{301}e\x{301}e\x{301}e\x{301}e\x{301}e\x{301}e\x{301}e\x{301}e\x{301}e\x{301}e\x{301}e\x{301}e\x{301}e\x{301}e\x{301}e\x{301}e\x{301}e\x{301}e\x{301}e\x{301}e\x{301}e\x{301}e\x{301} e\x{301}e\x{301}e\x{301}e\x{301}e\x{301}e\x{301}e\x{301}e\x{301}e\x{301}e\x{301}e\x{301}e\x{301}e\x{301}e\x{301}e\x{301}e\x{301}e\x{301}e\x{301}e\x{301}e\x{301}e\x{301}e\x{301}"
          text run at (912,5848) width 0: " "
          text run at (0,5865) width 912: "e\x{301}e\x{301}e\x{301}e\x{301}e\x{301}e\x{301}e\x{301}e\x{301}e\x{301}e\x{301}e\x{301}e\x{301}e\x{301}e\x{301}e\x{301}e\x{301}e\x{301}e\x{301}e\x{301}e\x{301}e\x{301}e\x{301}e\x{301}e\x{301}e\x{301}e\x{301}e\x{301}e\x{301}e\x{301}e\x{301}e\x{301}e\x{301} e\x{301} e\x{301}e\x{301}e\x{301}e\x{301}e\x{301}e\x{301}e\x{301}e\x{301}e\x{301}e\x{301}e\x{301}e\x{301}e\x{301}e\x{301}e\x{301}e\x{301}e\x{301}e\x{301}e\x{301}e\x{301}e\x{301}e\x{301}e\x{301}e\x{301}e\x{301}e\x{301}e\x{301}e\x{301}e\x{301}e\x{301}e\x{301}e\x{301}e\x{301}e\x{301}e\x{301}e\x{301}e\x{301}e\x{301}e\x{301}e\x{301}e\x{301}e\x{301}e\x{301} e\x{301}e\x{301}e\x{301}e\x{301}e\x{301}e\x{301}e\x{301}e\x{301}e\x{301}e\x{301}e\x{301}e\x{301}e\x{301}e\x{301}e\x{301}e\x{301}e\x{301}e\x{301}e\x{301}e\x{301}e\x{301}e\x{301}e\x{301}e\x{301}e\x{301}e\x{301}e\x{301}e\x{301}e\x{301}e\x{301} e\x{301}e\x{301}e\x{301}e\x{301}e\x{301}e\x{301}e\x{301}e\x{301}e\x{301}e\x{301}e\x{301}e\x{301}e\x{301}e\x{301}e\x{301}e\x{301}e\x{301}e\x{301}e\x{301}e\x{301}e\x{301}e\x{301}"
          text run at (912,5865) width 0: " "
          text run at (0,5882) width 912: "e\x{301}e\x{301}e\x{301}e\x{301}e\x{301}e\x{301}e\x{301}e\x{301}e\x{301}e\x{301}e\x{301}e\x{301}e\x{301}e\x{301}e\x{301}e\x{301}e\x{301}e\x{301}e\x{301}e\x{301}e\x{301}e\x{301}e\x{301}e\x{301}e\x{301}e\x{301}e\x{301}e\x{301}e\x{301}e\x{301}e\x{301}e\x{301} e\x{301} e\x{301}e\x{301}e\x{301}e\x{301}e\x{301}e\x{301}e\x{301}e\x{301}e\x{301}e\x{301}e\x{301}e\x{301}e\x{301}e\x{301}e\x{301}e\x{301}e\x{301}e\x{301}e\x{301}e\x{301}e\x{301}e\x{301}e\x{301}e\x{301}e\x{301}e\x{301}e\x{301}e\x{301}e\x{301}e\x{301}e\x{301}e\x{301}e\x{301}e\x{301}e\x{301}e\x{301}e\x{301}e\x{301}e\x{301}e\x{301}e\x{301}e\x{301}e\x{301} e\x{301}e\x{301}e\x{301}e\x{301}e\x{301}e\x{301}e\x{301}e\x{301}e\x{301}e\x{301}e\x{301}e\x{301}e\x{301}e\x{301}e\x{301}e\x{301}e\x{301}e\x{301}e\x{301}e\x{301}e\x{301}e\x{301}e\x{301}e\x{301}e\x{301}e\x{301}e\x{301}e\x{301}e\x{301}e\x{301} e\x{301}e\x{301}e\x{301}e\x{301}e\x{301}e\x{301}e\x{301}e\x{301}e\x{301}e\x{301}e\x{301}e\x{301}e\x{301}e\x{301}e\x{301}e\x{301}e\x{301}e\x{301}e\x{301}e\x{301}e\x{301}e\x{301}"
          text run at (912,5882) width 0: " "
          text run at (0,5899) width 912: "e\x{301}e\x{301}e\x{301}e\x{301}e\x{301}e\x{301}e\x{301}e\x{301}e\x{301}e\x{301}e\x{301}e\x{301}e\x{301}e\x{301}e\x{301}e\x{301}e\x{301}e\x{301}e\x{301}e\x{301}e\x{301}e\x{301}e\x{301}e\x{301}e\x{301}e\x{301}e\x{301}e\x{301}e\x{301}e\x{301}e\x{301}e\x{301} e\x{301} e\x{301}e\x{301}e\x{301}e\x{301}e\x{301}e\x{301}e\x{301}e\x{301}e\x{301}e\x{301}e\x{301}e\x{301}e\x{301}e\x{301}e\x{301}e\x{301}e\x{301}e\x{301}e\x{301}e\x{301}e\x{301}e\x{301}e\x{301}e\x{301}e\x{301}e\x{301}e\x{301}e\x{301}e\x{301}e\x{301}e\x{301}e\x{301}e\x{301}e\x{301}e\x{301}e\x{301}e\x{301}e\x{301}e\x{301}e\x{301}e\x{301}e\x{301}e\x{301} e\x{301}e\x{301}e\x{301}e\x{301}e\x{301}e\x{301}e\x{301}e\x{301}e\x{301}e\x{301}e\x{301}e\x{301}e\x{301}e\x{301}e\x{301}e\x{301}e\x{301}e\x{301}e\x{301}e\x{301}e\x{301}e\x{301}e\x{301}e\x{301}e\x{301}e\x{301}e\x{301}e\x{301}e\x{301}e\x{301} e\x{301}e\x{301}e\x{301}e\x{301}e\x{301}e\x{301}e\x{301}e\x{301}e\x{301}e\x{301}e\x{301}e\x{301}e\x{301}e\x{301}e\x{301}e\x{301}e\x{301}e\x{301}e\x{301}e\x{301}e\x{301}e\x{301}"
          text run at (912,5899) width 0: " "
          text run at (0,5916) width 912: "e\x{301}e\x{301}e\x{301}e\x{301}e\x{301}e\x{301}e\x{301}e\x{301}e\x{301}e\x{301}e\x{301}e\x{301}e\x{301}e\x{301}e\x{301}e\x{301}e\x{301}e\x{301}e\x{301}e\x{301}e\x{301}e\x{301}e\x{301}e\x{301}e\x{301}e\x{301}e\x{301}e\x{301}e\x{301}e\x{301}e\x{301}e\x{301} e\x{301} e\x{301}e\x{301}e\x{301}e\x{301}e\x{301}e\x{301}e\x{301}e\x{301}e\x{301}e\x{301}e\x{301}e\x{301}e\x{301}e\x{301}e\x{301}e\x{301}e\x{301}e\x{301}e\x{301}e\x{301}e\x{301}e\x{301}e\x{301}e\x{301}e\x{301}e\x{301}e\x{301}e\x{301}e\x{301}e\x{301}e\x{301}e\x{301}e\x{301}e\x{301}e\x{301}e\x{301}e\x{301}e\x{301}e\x{301}e\x{301}e\x{301}e\x{301}e\x{301} e\x{301}e\x{301}e\x{301}e\x{301}e\x{301}e\x{301}e\x{301}e\x{301}e\x{301}e\x{301}e\x{301}e\x{301}e\x{301}e\x{301}e\x{301}e\x{301}e\x{301}e\x{301}e\x{301}e\x{301}e\x{301}e\x{301}e\x{301}e\x{301}e\x{301}e\x{301}e\x{301}e\x{301}e\x{301}e\x{301} e\x{301}e\x{301}e\x{301}e\x{301}e\x{301}e\x{301}e\x{301}e\x{301}e\x{301}e\x{301}e\x{301}e\x{301}e\x{301}e\x{301}e\x{301}e\x{301}e\x{301}e\x{301}e\x{301}e\x{301}e\x{301}e\x{301}"
          text run at (912,5916) width 0: " "
          text run at (0,5933) width 912: "e\x{301}e\x{301}e\x{301}e\x{301}e\x{301}e\x{301}e\x{301}e\x{301}e\x{301}e\x{301}e\x{301}e\x{301}e\x{301}e\x{301}e\x{301}e\x{301}e\x{301}e\x{301}e\x{301}e\x{301}e\x{301}e\x{301}e\x{301}e\x{301}e\x{301}e\x{301}e\x{301}e\x{301}e\x{301}e\x{301}e\x{301}e\x{301} e\x{301} e\x{301}e\x{301}e\x{301}e\x{301}e\x{301}e\x{301}e\x{301}e\x{301}e\x{301}e\x{301}e\x{301}e\x{301}e\x{301}e\x{301}e\x{301}e\x{301}e\x{301}e\x{301}e\x{301}e\x{301}e\x{301}e\x{301}e\x{301}e\x{301}e\x{301}e\x{301}e\x{301}e\x{301}e\x{301}e\x{301}e\x{301}e\x{301}e\x{301}e\x{301}e\x{301}e\x{301}e\x{301}e\x{301}e\x{301}e\x{301}e\x{301}e\x{301}e\x{301} e\x{301}e\x{301}e\x{301}e\x{301}e\x{301}e\x{301}e\x{301}e\x{301}e\x{301}e\x{301}e\x{301}e\x{301}e\x{301}e\x{301}e\x{301}e\x{301}e\x{301}e\x{301}e\x{301}e\x{301}e\x{301}e\x{301}e\x{301}e\x{301}e\x{301}e\x{301}e\x{301}e\x{301}e\x{301}e\x{301} e\x{301}e\x{301}e\x{301}e\x{301}e\x{301}e\x{301}e\x{301}e\x{301}e\x{301}e\x{301}e\x{301}e\x{301}e\x{301}e\x{301}e\x{301}e\x{301}e\x{301}e\x{301}e\x{301}e\x{301}e\x{301}e\x{301}"
          text run at (912,5933) width 0: " "
          text run at (0,5950) width 912: "e\x{301}e\x{301}e\x{301}e\x{301}e\x{301}e\x{301}e\x{301}e\x{301}e\x{301}e\x{301}e\x{301}e\x{301}e\x{301}e\x{301}e\x{301}e\x{301}e\x{301}e\x{301}e\x{301}e\x{301}e\x{301}e\x{301}e\x{301}e\x{301}e\x{301}e\x{301}e\x{301}e\x{301}e\x{301}e\x{301}e\x{301}e\x{301} e\x{301} e\x{301}e\x{301}e\x{301}e\x{301}e\x{301}e\x{301}e\x{301}e\x{301}e\x{301}e\x{301}e\x{301}e\x{301}e\x{301}e\x{301}e\x{301}e\x{301}e\x{301}e\x{301}e\x{301}e\x{301}e\x{301}e\x{301}e\x{301}e\x{301}e\x{301}e\x{301}e\x{301}e\x{301}e\x{301}e\x{301}e\x{301}e\x{301}e\x{301}e\x{301}e\x{301}e\x{301}e\x{301}e\x{301}e\x{301}e\x{301}e\x{301}e\x{301}e\x{301} e\x{301}e\x{301}e\x{301}e\x{301}e\x{301}e\x{301}e\x{301}e\x{301}e\x{301}e\x{301}e\x{301}e\x{301}e\x{301}e\x{301}e\x{301}e\x{301}e\x{301}e\x{301}e\x{301}e\x{301}e\x{301}e\x{301}e\x{301}e\x{301}e\x{301}e\x{301}e\x{301}e\x{301}e\x{301}e\x{301} e\x{301}e\x{301}e\x{301}e\x{301}e\x{301}e\x{301}e\x{301}e\x{301}e\x{301}e\x{301}e\x{301}e\x{301}e\x{301}e\x{301}e\x{301}e\x{301}e\x{301}e\x{301}e\x{301}e\x{301}e\x{301}e\x{301}"
          text run at (912,5950) width 0: " "
          text run at (0,5967) width 912: "e\x{301}e\x{301}e\x{301}e\x{301}e\x{301}e\x{301}e\x{301}e\x{301}e\x{301}e\x{301}e\x{301}e\x{301}e\x{301}e\x{301}e\x{301}e\x{301}e\x{301}e\x{301}e\x{301}e\x{301}e\x{301}e\x{301}e\x{301}e\x{301}e\x{301}e\x{301}e\x{301}e\x{301}e\x{301}e\x{301}e\x{301}e\x{301} e\x{301} e\x{301}e\x{301}e\x{301}e\x{301}e\x{301}e\x{301}e\x{301}e\x{301}e\x{301}e\x{301}e\x{301}e\x{301}e\x{301}e\x{301}e\x{301}e\x{301}e\x{301}e\x{301}e\x{301}e\x{301}e\x{301}e\x{301}e\x{301}e\x{301}e\x{301}e\x{301}e\x{301}e\x{301}e\x{301}e\x{301}e\x{301}e\x{301}e\x{301}e\x{301}e\x{301}e\x{301}e\x{301}e\x{301}e\x{301}e\x{301}e\x{301}e\x{301}e\x{301} e\x{301}e\x{301}e\x{301}e\x{301}e\x{301}e\x{301}e\x{301}e\x{301}e\x{301}e\x{301}e\x{301}e\x{301}e\x{301}e\x{301}e\x{301}e\x{301}e\x{301}e\x{301}e\x{301}e\x{301}e\x{301}e\x{301}e\x{301}e\x{301}e\x{301}e\x{301}e\x{301}e\x{301}e\x{301}e\x{301} e\x{301}e\x{301}e\x{301}e\x{301}e\x{301}e\x{301}e\x{301}e\x{301}e\x{301}e\x{301}e\x{301}e\x{301}e\x{301}e\x{301}e\x{301}e\x{301}e\x{301}e\x{301}e\x{301}e\x{301}e\x{301}e\x{301}"
          text run at (912,5967) width 0: " "
          text run at (0,5984) width 912: "e\x{301}e\x{301}e\x{301}e\x{301}e\x{301}e\x{301}e\x{301}e\x{301}e\x{301}e\x{301}e\x{301}e\x{301}e\x{301}e\x{301}e\x{301}e\x{301}e\x{301}e\x{301}e\x{301}e\x{301}e\x{301}e\x{301}e\x{301}e\x{301}e\x{301}e\x{301}e\x{301}e\x{301}e\x{301}e\x{301}e\x{301}e\x{301} e\x{301} e\x{301}e\x{301}e\x{301}e\x{301}e\x{301}e\x{301}e\x{301}e\x{301}e\x{301}e\x{301}e\x{301}e\x{301}e\x{301}e\x{301}e\x{301}e\x{301}e\x{301}e\x{301}e\x{301}e\x{301}e\x{301}e\x{301}e\x{301}e\x{301}e\x{301}e\x{301}e\x{301}e\x{301}e\x{301}e\x{301}e\x{301}e\x{301}e\x{301}e\x{301}e\x{301}e\x{301}e\x{301}e\x{301}e\x{301}e\x{301}e\x{301}e\x{301}e\x{301} e\x{301}e\x{301}e\x{301}e\x{301}e\x{301}e\x{301}e\x{301}e\x{301}e\x{301}e\x{301}e\x{301}e\x{301}e\x{301}e\x{301}e\x{301}e\x{301}e\x{301}e\x{301}e\x{301}e\x{301}e\x{301}e\x{301}e\x{301}e\x{301}e\x{301}e\x{301}e\x{301}e\x{301}e\x{301}e\x{301} e\x{301}e\x{301}e\x{301}e\x{301}e\x{301}e\x{301}e\x{301}e\x{301}e\x{301}e\x{301}e\x{301}e\x{301}e\x{301}e\x{301}e\x{301}e\x{301}e\x{301}e\x{301}e\x{301}e\x{301}e\x{301}e\x{301}"
          text run at (912,5984) width 0: " "
          text run at (0,6001) width 912: "e\x{301}e\x{301}e\x{301}e\x{301}e\x{301}e\x{301}e\x{301}e\x{301}e\x{301}e\x{301}e\x{301}e\x{301}e\x{301}e\x{301}e\x{301}e\x{301}e\x{301}e\x{301}e\x{301}e\x{301}e\x{301}e\x{301}e\x{301}e\x{301}e\x{301}e\x{301}e\x{301}e\x{301}e\x{301}e\x{301}e\x{301}e\x{301} e\x{301} e\x{301}e\x{301}e\x{301}e\x{301}e\x{301}e\x{301}e\x{301}e\x{301}e\x{301}e\x{301}e\x{301}e\x{301}e\x{301}e\x{301}e\x{301}e\x{301}e\x{301}e\x{301}e\x{301}e\x{301}e\x{301}e\x{301}e\x{301}e\x{301}e\x{301}e\x{301}e\x{301}e\x{301}e\x{301}e\x{301}e\x{301}e\x{301}e\x{301}e\x{301}e\x{301}e\x{301}e\x{301}e\x{301}e\x{301}e\x{301}e\x{301}e\x{301}e\x{301} e\x{301}e\x{301}e\x{301}e\x{301}e\x{301}e\x{301}e\x{301}e\x{301}e\x{301}e\x{301}e\x{301}e\x{301}e\x{301}e\x{301}e\x{301}e\x{301}e\x{301}e\x{301}e\x{301}e\x{301}e\x{301}e\x{301}e\x{301}e\x{301}e\x{301}e\x{301}e\x{301}e\x{301}e\x{301}e\x{301} e\x{301}e\x{301}e\x{301}e\x{301}e\x{301}e\x{301}e\x{301}e\x{301}e\x{301}e\x{301}e\x{301}e\x{301}e\x{301}e\x{301}e\x{301}e\x{301}e\x{301}e\x{301}e\x{301}e\x{301}e\x{301}e\x{301}"
          text run at (912,6001) width 0: " "
          text run at (0,6018) width 912: "e\x{301}e\x{301}e\x{301}e\x{301}e\x{301}e\x{301}e\x{301}e\x{301}e\x{301}e\x{301}e\x{301}e\x{301}e\x{301}e\x{301}e\x{301}e\x{301}e\x{301}e\x{301}e\x{301}e\x{301}e\x{301}e\x{301}e\x{301}e\x{301}e\x{301}e\x{301}e\x{301}e\x{301}e\x{301}e\x{301}e\x{301}e\x{301} e\x{301} e\x{301}e\x{301}e\x{301}e\x{301}e\x{301}e\x{301}e\x{301}e\x{301}e\x{301}e\x{301}e\x{301}e\x{301}e\x{301}e\x{301}e\x{301}e\x{301}e\x{301}e\x{301}e\x{301}e\x{301}e\x{301}e\x{301}e\x{301}e\x{301}e\x{301}e\x{301}e\x{301}e\x{301}e\x{301}e\x{301}e\x{301}e\x{301}e\x{301}e\x{301}e\x{301}e\x{301}e\x{301}e\x{301}e\x{301}e\x{301}e\x{301}e\x{301}e\x{301} e\x{301}e\x{301}e\x{301}e\x{301}e\x{301}e\x{301}e\x{301}e\x{301}e\x{301}e\x{301}e\x{301}e\x{301}e\x{301}e\x{301}e\x{301}e\x{301}e\x{301}e\x{301}e\x{301}e\x{301}e\x{301}e\x{301}e\x{301}e\x{301}e\x{301}e\x{301}e\x{301}e\x{301}e\x{301}e\x{301} e\x{301}e\x{301}e\x{301}e\x{301}e\x{301}e\x{301}e\x{301}e\x{301}e\x{301}e\x{301}e\x{301}e\x{301}e\x{301}e\x{301}e\x{301}e\x{301}e\x{301}e\x{301}e\x{301}e\x{301}e\x{301}e\x{301}"
          text run at (912,6018) width 0: " "
          text run at (0,6035) width 912: "e\x{301}e\x{301}e\x{301}e\x{301}e\x{301}e\x{301}e\x{301}e\x{301}e\x{301}e\x{301}e\x{301}e\x{301}e\x{301}e\x{301}e\x{301}e\x{301}e\x{301}e\x{301}e\x{301}e\x{301}e\x{301}e\x{301}e\x{301}e\x{301}e\x{301}e\x{301}e\x{301}e\x{301}e\x{301}e\x{301}e\x{301}e\x{301} e\x{301} e\x{301}e\x{301}e\x{301}e\x{301}e\x{301}e\x{301}e\x{301}e\x{301}e\x{301}e\x{301}e\x{301}e\x{301}e\x{301}e\x{301}e\x{301}e\x{301}e\x{301}e\x{301}e\x{301}e\x{301}e\x{301}e\x{301}e\x{301}e\x{301}e\x{301}e\x{301}e\x{301}e\x{301}e\x{301}e\x{301}e\x{301}e\x{301}e\x{301}e\x{301}e\x{301}e\x{301}e\x{301}e\x{301}e\x{301}e\x{301}e\x{301}e\x{301}e\x{301} e\x{301}e\x{301}e\x{301}e\x{301}e\x{301}e\x{301}e\x{301}e\x{301}e\x{301}e\x{301}e\x{301}e\x{301}e\x{301}e\x{301}e\x{301}e\x{301}e\x{301}e\x{301}e\x{301}e\x{301}e\x{301}e\x{301}e\x{301}e\x{301}e\x{301}e\x{301}e\x{301}e\x{301}e\x{301}e\x{301} e\x{301}e\x{301}e\x{301}e\x{301}e\x{301}e\x{301}e\x{301}e\x{301}e\x{301}e\x{301}e\x{301}e\x{301}e\x{301}e\x{301}e\x{301}e\x{301}e\x{301}e\x{301}e\x{301}e\x{301}e\x{301}e\x{301}"
          text run at (912,6035) width 0: " "
          text run at (0,6052) width 912: "e\x{301}e\x{301}e\x{301}e\x{301}e\x{301}e\x{301}e\x{301}e\x{301}e\x{301}e\x{301}e\x{301}e\x{301}e\x{301}e\x{301}e\x{301}e\x{301}e\x{301}e\x{301}e\x{301}e\x{301}e\x{301}e\x{301}e\x{301}e\x{301}e\x{301}e\x{301}e\x{301}e\x{301}e\x{301}e\x{301}e\x{301}e\x{301} e\x{301} e\x{301}e\x{301}e\x{301}e\x{301}e\x{301}e\x{301}e\x{301}e\x{301}e\x{301}e\x{301}e\x{301}e\x{301}e\x{301}e\x{301}e\x{301}e\x{301}e\x{301}e\x{301}e\x{301}e\x{301}e\x{301}e\x{301}e\x{301}e\x{301}e\x{301}e\x{301}e\x{301}e\x{301}e\x{301}e\x{301}e\x{301}e\x{301}e\x{301}e\x{301}e\x{301}e\x{301}e\x{301}e\x{301}e\x{301}e\x{301}e\x{301}e\x{301}e\x{301} e\x{301}e\x{301}e\x{301}e\x{301}e\x{301}e\x{301}e\x{301}e\x{301}e\x{301}e\x{301}e\x{301}e\x{301}e\x{301}e\x{301}e\x{301}e\x{301}e\x{301}e\x{301}e\x{301}e\x{301}e\x{301}e\x{301}e\x{301}e\x{301}e\x{301}e\x{301}e\x{301}e\x{301}e\x{301}e\x{301} e\x{301}e\x{301}e\x{301}e\x{301}e\x{301}e\x{301}e\x{301}e\x{301}e\x{301}e\x{301}e\x{301}e\x{301}e\x{301}e\x{301}e\x{301}e\x{301}e\x{301}e\x{301}e\x{301}e\x{301}e\x{301}e\x{301}"
          text run at (912,6052) width 0: " "
          text run at (0,6069) width 912: "e\x{301}e\x{301}e\x{301}e\x{301}e\x{301}e\x{301}e\x{301}e\x{301}e\x{301}e\x{301}e\x{301}e\x{301}e\x{301}e\x{301}e\x{301}e\x{301}e\x{301}e\x{301}e\x{301}e\x{301}e\x{301}e\x{301}e\x{301}e\x{301}e\x{301}e\x{301}e\x{301}e\x{301}e\x{301}e\x{301}e\x{301}e\x{301} e\x{301} e\x{301}e\x{301}e\x{301}e\x{301}e\x{301}e\x{301}e\x{301}e\x{301}e\x{301}e\x{301}e\x{301}e\x{301}e\x{301}e\x{301}e\x{301}e\x{301}e\x{301}e\x{301}e\x{301}e\x{301}e\x{301}e\x{301}e\x{301}e\x{301}e\x{301}e\x{301}e\x{301}e\x{301}e\x{301}e\x{301}e\x{301}e\x{301}e\x{301}e\x{301}e\x{301}e\x{301}e\x{301}e\x{301}e\x{301}e\x{301}e\x{301}e\x{301}e\x{301} e\x{301}e\x{301}e\x{301}e\x{301}e\x{301}e\x{301}e\x{301}e\x{301}e\x{301}e\x{301}e\x{301}e\x{301}e\x{301}e\x{301}e\x{301}e\x{301}e\x{301}e\x{301}e\x{301}e\x{301}e\x{301}e\x{301}e\x{301}e\x{301}e\x{301}e\x{301}e\x{301}e\x{301}e\x{301}e\x{301} e\x{301}e\x{301}e\x{301}e\x{301}e\x{301}e\x{301}e\x{301}e\x{301}e\x{301}e\x{301}e\x{301}e\x{301}e\x{301}e\x{301}e\x{301}e\x{301}e\x{301}e\x{301}e\x{301}e\x{301}e\x{301}e\x{301}"
          text run at (912,6069) width 0: " "
          text run at (0,6086) width 912: "e\x{301}e\x{301}e\x{301}e\x{301}e\x{301}e\x{301}e\x{301}e\x{301}e\x{301}e\x{301}e\x{301}e\x{301}e\x{301}e\x{301}e\x{301}e\x{301}e\x{301}e\x{301}e\x{301}e\x{301}e\x{301}e\x{301}e\x{301}e\x{301}e\x{301}e\x{301}e\x{301}e\x{301}e\x{301}e\x{301}e\x{301}e\x{301} e\x{301} e\x{301}e\x{301}e\x{301}e\x{301}e\x{301}e\x{301}e\x{301}e\x{301}e\x{301}e\x{301}e\x{301}e\x{301}e\x{301}e\x{301}e\x{301}e\x{301}e\x{301}e\x{301}e\x{301}e\x{301}e\x{301}e\x{301}e\x{301}e\x{301}e\x{301}e\x{301}e\x{301}e\x{301}e\x{301}e\x{301}e\x{301}e\x{301}e\x{301}e\x{301}e\x{301}e\x{301}e\x{301}e\x{301}e\x{301}e\x{301}e\x{301}e\x{301}e\x{301} e\x{301}e\x{301}e\x{301}e\x{301}e\x{301}e\x{301}e\x{301}e\x{301}e\x{301}e\x{301}e\x{301}e\x{301}e\x{301}e\x{301}e\x{301}e\x{301}e\x{301}e\x{301}e\x{301}e\x{301}e\x{301}e\x{301}e\x{301}e\x{301}e\x{301}e\x{301}e\x{301}e\x{301}e\x{301}e\x{301} e\x{301}e\x{301}e\x{301}e\x{301}e\x{301}e\x{301}e\x{301}e\x{301}e\x{301}e\x{301}e\x{301}e\x{301}e\x{301}e\x{301}e\x{301}e\x{301}e\x{301}e\x{301}e\x{301}e\x{301}e\x{301}e\x{301}"
          text run at (912,6086) width 0: " "
          text run at (0,6103) width 912: "e\x{301}e\x{301}e\x{301}e\x{301}e\x{301}e\x{301}e\x{301}e\x{301}e\x{301}e\x{301}e\x{301}e\x{301}e\x{301}e\x{301}e\x{301}e\x{301}e\x{301}e\x{301}e\x{301}e\x{301}e\x{301}e\x{301}e\x{301}e\x{301}e\x{301}e\x{301}e\x{301}e\x{301}e\x{301}e\x{301}e\x{301}e\x{301} e\x{301} e\x{301}e\x{301}e\x{301}e\x{301}e\x{301}e\x{301}e\x{301}e\x{301}e\x{301}e\x{301}e\x{301}e\x{301}e\x{301}e\x{301}e\x{301}e\x{301}e\x{301}e\x{301}e\x{301}e\x{301}e\x{301}e\x{301}e\x{301}e\x{301}e\x{301}e\x{301}e\x{301}e\x{301}e\x{301}e\x{301}e\x{301}e\x{301}e\x{301}e\x{301}e\x{301}e\x{301}e\x{301}e\x{301}e\x{301}e\x{301}e\x{301}e\x{301}e\x{301} e\x{301}e\x{301}e\x{301}e\x{301}e\x{301}e\x{301}e\x{301}e\x{301}e\x{301}e\x{301}e\x{301}e\x{301}e\x{301}e\x{301}e\x{301}e\x{301}e\x{301}e\x{301}e\x{301}e\x{301}e\x{301}e\x{301}e\x{301}e\x{301}e\x{301}e\x{301}e\x{301}e\x{301}e\x{301}e\x{301} e\x{301}e\x{301}e\x{301}e\x{301}e\x{301}e\x{301}e\x{301}e\x{301}e\x{301}e\x{301}e\x{301}e\x{301}e\x{301}e\x{301}e\x{301}e\x{301}e\x{301}e\x{301}e\x{301}e\x{301}e\x{301}e\x{301}"
          text run at (912,6103) width 0: " "
          text run at (0,6120) width 912: "e\x{301}e\x{301}e\x{301}e\x{301}e\x{301}e\x{301}e\x{301}e\x{301}e\x{301}e\x{301}e\x{301}e\x{301}e\x{301}e\x{301}e\x{301}e\x{301}e\x{301}e\x{301}e\x{301}e\x{301}e\x{301}e\x{301}e\x{301}e\x{301}e\x{301}e\x{301}e\x{301}e\x{301}e\x{301}e\x{301}e\x{301}e\x{301} e\x{301} e\x{301}e\x{301}e\x{301}e\x{301}e\x{301}e\x{301}e\x{301}e\x{301}e\x{301}e\x{301}e\x{301}e\x{301}e\x{301}e\x{301}e\x{301}e\x{301}e\x{301}e\x{301}e\x{301}e\x{301}e\x{301}e\x{301}e\x{301}e\x{301}e\x{301}e\x{301}e\x{301}e\x{301}e\x{301}e\x{301}e\x{301}e\x{301}e\x{301}e\x{301}e\x{301}e\x{301}e\x{301}e\x{301}e\x{301}e\x{301}e\x{301}e\x{301}e\x{301} e\x{301}e\x{301}e\x{301}e\x{301}e\x{301}e\x{301}e\x{301}e\x{301}e\x{301}e\x{301}e\x{301}e\x{301}e\x{301}e\x{301}e\x{301}e\x{301}e\x{301}e\x{301}e\x{301}e\x{301}e\x{301}e\x{301}e\x{301}e\x{301}e\x{301}e\x{301}e\x{301}e\x{301}e\x{301}e\x{301} e\x{301}e\x{301}e\x{301}e\x{301}e\x{301}e\x{301}e\x{301}e\x{301}e\x{301}e\x{301}e\x{301}e\x{301}e\x{301}e\x{301}e\x{301}e\x{301}e\x{301}e\x{301}e\x{301}e\x{301}e\x{301}e\x{301}"
          text run at (912,6120) width 0: " "
          text run at (0,6137) width 912: "e\x{301}e\x{301}e\x{301}e\x{301}e\x{301}e\x{301}e\x{301}e\x{301}e\x{301}e\x{301}e\x{301}e\x{301}e\x{301}e\x{301}e\x{301}e\x{301}e\x{301}e\x{301}e\x{301}e\x{301}e\x{301}e\x{301}e\x{301}e\x{301}e\x{301}e\x{301}e\x{301}e\x{301}e\x{301}e\x{301}e\x{301}e\x{301} e\x{301} e\x{301}e\x{301}e\x{301}e\x{301}e\x{301}e\x{301}e\x{301}e\x{301}e\x{301}e\x{301}e\x{301}e\x{301}e\x{301}e\x{301}e\x{301}e\x{301}e\x{301}e\x{301}e\x{301}e\x{301}e\x{301}e\x{301}e\x{301}e\x{301}e\x{301}e\x{301}e\x{301}e\x{301}e\x{301}e\x{301}e\x{301}e\x{301}e\x{301}e\x{301}e\x{301}e\x{301}e\x{301}e\x{301}e\x{301}e\x{301}e\x{301}e\x{301}e\x{301} e\x{301}e\x{301}e\x{301}e\x{301}e\x{301}e\x{301}e\x{301}e\x{301}e\x{301}e\x{301}e\x{301}e\x{301}e\x{301}e\x{301}e\x{301}e\x{301}e\x{301}e\x{301}e\x{301}e\x{301}e\x{301}e\x{301}e\x{301}e\x{301}e\x{301}e\x{301}e\x{301}e\x{301}e\x{301}e\x{301} e\x{301}e\x{301}e\x{301}e\x{301}e\x{301}e\x{301}e\x{301}e\x{301}e\x{301}e\x{301}e\x{301}e\x{301}e\x{301}e\x{301}e\x{301}e\x{301}e\x{301}e\x{301}e\x{301}e\x{301}e\x{301}e\x{301}"
          text run at (912,6137) width 0: " "
          text run at (0,6154) width 912: "e\x{301}e\x{301}e\x{301}e\x{301}e\x{301}e\x{301}e\x{301}e\x{301}e\x{301}e\x{301}e\x{301}e\x{301}e\x{301}e\x{301}e\x{301}e\x{301}e\x{301}e\x{301}e\x{301}e\x{301}e\x{301}e\x{301}e\x{301}e\x{301}e\x{301}e\x{301}e\x{301}e\x{301}e\x{301}e\x{301}e\x{301}e\x{301} e\x{301} e\x{301}e\x{301}e\x{301}e\x{301}e\x{301}e\x{301}e\x{301}e\x{301}e\x{301}e\x{301}e\x{301}e\x{301}e\x{301}e\x{301}e\x{301}e\x{301}e\x{301}e\x{301}e\x{301}e\x{301}e\x{301}e\x{301}e\x{301}e\x{301}e\x{301}e\x{301}e\x{301}e\x{301}e\x{301}e\x{301}e\x{301}e\x{301}e\x{301}e\x{301}e\x{301}e\x{301}e\x{301}e\x{301}e\x{301}e\x{301}e\x{301}e\x{301}e\x{301} e\x{301}e\x{301}e\x{301}e\x{301}e\x{301}e\x{301}e\x{301}e\x{301}e\x{301}e\x{301}e\x{301}e\x{301}e\x{301}e\x{301}e\x{301}e\x{301}e\x{301}e\x{301}e\x{301}e\x{301}e\x{301}e\x{301}e\x{301}e\x{301}e\x{301}e\x{301}e\x{301}e\x{301}e\x{301}e\x{301} e\x{301}e\x{301}e\x{301}e\x{301}e\x{301}e\x{301}e\x{301}e\x{301}e\x{301}e\x{301}e\x{301}e\x{301}e\x{301}e\x{301}e\x{301}e\x{301}e\x{301}e\x{301}e\x{301}e\x{301}e\x{301}e\x{301}"
          text run at (912,6154) width 0: " "
          text run at (0,6171) width 912: "e\x{301}e\x{301}e\x{301}e\x{301}e\x{301}e\x{301}e\x{301}e\x{301}e\x{301}e\x{301}e\x{301}e\x{301}e\x{301}e\x{301}e\x{301}e\x{301}e\x{301}e\x{301}e\x{301}e\x{301}e\x{301}e\x{301}e\x{301}e\x{301}e\x{301}e\x{301}e\x{301}e\x{301}e\x{301}e\x{301}e\x{301}e\x{301} e\x{301} e\x{301}e\x{301}e\x{301}e\x{301}e\x{301}e\x{301}e\x{301}e\x{301}e\x{301}e\x{301}e\x{301}e\x{301}e\x{301}e\x{301}e\x{301}e\x{301}e\x{301}e\x{301}e\x{301}e\x{301}e\x{301}e\x{301}e\x{301}e\x{301}e\x{301}e\x{301}e\x{301}e\x{301}e\x{301}e\x{301}e\x{301}e\x{301}e\x{301}e\x{301}e\x{301}e\x{301}e\x{301}e\x{301}e\x{301}e\x{301}e\x{301}e\x{301}e\x{301} e\x{301}e\x{301}e\x{301}e\x{301}e\x{301}e\x{301}e\x{301}e\x{301}e\x{301}e\x{301}e\x{301}e\x{301}e\x{301}e\x{301}e\x{301}e\x{301}e\x{301}e\x{301}e\x{301}e\x{301}e\x{301}e\x{301}e\x{301}e\x{301}e\x{301}e\x{301}e\x{301}e\x{301}e\x{301}e\x{301} e\x{301}e\x{301}e\x{301}e\x{301}e\x{301}e\x{301}e\x{301}e\x{301}e\x{301}e\x{301}e\x{301}e\x{301}e\x{301}e\x{301}e\x{301}e\x{301}e\x{301}e\x{301}e\x{301}e\x{301}e\x{301}e\x{301}"
          text run at (912,6171) width 0: " "
          text run at (0,6188) width 912: "e\x{301}e\x{301}e\x{301}e\x{301}e\x{301}e\x{301}e\x{301}e\x{301}e\x{301}e\x{301}e\x{301}e\x{301}e\x{301}e\x{301}e\x{301}e\x{301}e\x{301}e\x{301}e\x{301}e\x{301}e\x{301}e\x{301}e\x{301}e\x{301}e\x{301}e\x{301}e\x{301}e\x{301}e\x{301}e\x{301}e\x{301}e\x{301} e\x{301} e\x{301}e\x{301}e\x{301}e\x{301}e\x{301}e\x{301}e\x{301}e\x{301}e\x{301}e\x{301}e\x{301}e\x{301}e\x{301}e\x{301}e\x{301}e\x{301}e\x{301}e\x{301}e\x{301}e\x{301}e\x{301}e\x{301}e\x{301}e\x{301}e\x{301}e\x{301}e\x{301}e\x{301}e\x{301}e\x{301}e\x{301}e\x{301}e\x{301}e\x{301}e\x{301}e\x{301}e\x{301}e\x{301}e\x{301}e\x{301}e\x{301}e\x{301}e\x{301} e\x{301}e\x{301}e\x{301}e\x{301}e\x{301}e\x{301}e\x{301}e\x{301}e\x{301}e\x{301}e\x{301}e\x{301}e\x{301}e\x{301}e\x{301}e\x{301}e\x{301}e\x{301}e\x{301}e\x{301}e\x{301}e\x{301}e\x{301}e\x{301}e\x{301}e\x{301}e\x{301}e\x{301}e\x{301}e\x{301} e\x{301}e\x{301}e\x{301}e\x{301}e\x{301}e\x{301}e\x{301}e\x{301}e\x{301}e\x{301}e\x{301}e\x{301}e\x{301}e\x{301}e\x{301}e\x{301}e\x{301}e\x{301}e\x{301}e\x{301}e\x{301}e\x{301}"
          text run at (912,6188) width 0: " "
          text run at (0,6205) width 912: "e\x{301}e\x{301}e\x{301}e\x{301}e\x{301}e\x{301}e\x{301}e\x{301}e\x{301}e\x{301}e\x{301}e\x{301}e\x{301}e\x{301}e\x{301}e\x{301}e\x{301}e\x{301}e\x{301}e\x{301}e\x{301}e\x{301}e\x{301}e\x{301}e\x{301}e\x{301}e\x{301}e\x{301}e\x{301}e\x{301}e\x{301}e\x{301} e\x{301} e\x{301}e\x{301}e\x{301}e\x{301}e\x{301}e\x{301}e\x{301}e\x{301}e\x{301}e\x{301}e\x{301}e\x{301}e\x{301}e\x{301}e\x{301}e\x{301}e\x{301}e\x{301}e\x{301}e\x{301}e\x{301}e\x{301}e\x{301}e\x{301}e\x{301}e\x{301}e\x{301}e\x{301}e\x{301}e\x{301}e\x{301}e\x{301}e\x{301}e\x{301}e\x{301}e\x{301}e\x{301}e\x{301}e\x{301}e\x{301}e\x{301}e\x{301}e\x{301} e\x{301}e\x{301}e\x{301}e\x{301}e\x{301}e\x{301}e\x{301}e\x{301}e\x{301}e\x{301}e\x{301}e\x{301}e\x{301}e\x{301}e\x{301}e\x{301}e\x{301}e\x{301}e\x{301}e\x{301}e\x{301}e\x{301}e\x{301}e\x{301}e\x{301}e\x{301}e\x{301}e\x{301}e\x{301}e\x{301} e\x{301}e\x{301}e\x{301}e\x{301}e\x{301}e\x{301}e\x{301}e\x{301}e\x{301}e\x{301}e\x{301}e\x{301}e\x{301}e\x{301}e\x{301}e\x{301}e\x{301}e\x{301}e\x{301}e\x{301}e\x{301}e\x{301}"
          text run at (912,6205) width 0: " "
          text run at (0,6222) width 912: "e\x{301}e\x{301}e\x{301}e\x{301}e\x{301}e\x{301}e\x{301}e\x{301}e\x{301}e\x{301}e\x{301}e\x{301}e\x{301}e\x{301}e\x{301}e\x{301}e\x{301}e\x{301}e\x{301}e\x{301}e\x{301}e\x{301}e\x{301}e\x{301}e\x{301}e\x{301}e\x{301}e\x{301}e\x{301}e\x{301}e\x{301}e\x{301} e\x{301} e\x{301}e\x{301}e\x{301}e\x{301}e\x{301}e\x{301}e\x{301}e\x{301}e\x{301}e\x{301}e\x{301}e\x{301}e\x{301}e\x{301}e\x{301}e\x{301}e\x{301}e\x{301}e\x{301}e\x{301}e\x{301}e\x{301}e\x{301}e\x{301}e\x{301}e\x{301}e\x{301}e\x{301}e\x{301}e\x{301}e\x{301}e\x{301}e\x{301}e\x{301}e\x{301}e\x{301}e\x{301}e\x{301}e\x{301}e\x{301}e\x{301}e\x{301}e\x{301} e\x{301}e\x{301}e\x{301}e\x{301}e\x{301}e\x{301}e\x{301}e\x{301}e\x{301}e\x{301}e\x{301}e\x{301}e\x{301}e\x{301}e\x{301}e\x{301}e\x{301}e\x{301}e\x{301}e\x{301}e\x{301}e\x{301}e\x{301}e\x{301}e\x{301}e\x{301}e\x{301}e\x{301}e\x{301}e\x{301} e\x{301}e\x{301}e\x{301}e\x{301}e\x{301}e\x{301}e\x{301}e\x{301}e\x{301}e\x{301}e\x{301}e\x{301}e\x{301}e\x{301}e\x{301}e\x{301}e\x{301}e\x{301}e\x{301}e\x{301}e\x{301}e\x{301}"
          text run at (912,6222) width 0: " "
          text run at (0,6239) width 912: "e\x{301}e\x{301}e\x{301}e\x{301}e\x{301}e\x{301}e\x{301}e\x{301}e\x{301}e\x{301}e\x{301}e\x{301}e\x{301}e\x{301}e\x{301}e\x{301}e\x{301}e\x{301}e\x{301}e\x{301}e\x{301}e\x{301}e\x{301}e\x{301}e\x{301}e\x{301}e\x{301}e\x{301}e\x{301}e\x{301}e\x{301}e\x{301} e\x{301} e\x{301}e\x{301}e\x{301}e\x{301}e\x{301}e\x{301}e\x{301}e\x{301}e\x{301}e\x{301}e\x{301}e\x{301}e\x{301}e\x{301}e\x{301}e\x{301}e\x{301}e\x{301}e\x{301}e\x{301}e\x{301}e\x{301}e\x{301}e\x{301}e\x{301}e\x{301}e\x{301}e\x{301}e\x{301}e\x{301}e\x{301}e\x{301}e\x{301}e\x{301}e\x{301}e\x{301}e\x{301}e\x{301}e\x{301}e\x{301}e\x{301}e\x{301}e\x{301} e\x{301}e\x{301}e\x{301}e\x{301}e\x{301}e\x{301}e\x{301}e\x{301}e\x{301}e\x{301}e\x{301}e\x{301}e\x{301}e\x{301}e\x{301}e\x{301}e\x{301}e\x{301}e\x{301}e\x{301}e\x{301}e\x{301}e\x{301}e\x{301}e\x{301}e\x{301}e\x{301}e\x{301}e\x{301}e\x{301} e\x{301}e\x{301}e\x{301}e\x{301}e\x{301}e\x{301}e\x{301}e\x{301}e\x{301}e\x{301}e\x{301}e\x{301}e\x{301}e\x{301}e\x{301}e\x{301}e\x{301}e\x{301}e\x{301}e\x{301}e\x{301}e\x{301}"
          text run at (912,6239) width 0: " "
          text run at (0,6256) width 912: "e\x{301}e\x{301}e\x{301}e\x{301}e\x{301}e\x{301}e\x{301}e\x{301}e\x{301}e\x{301}e\x{301}e\x{301}e\x{301}e\x{301}e\x{301}e\x{301}e\x{301}e\x{301}e\x{301}e\x{301}e\x{301}e\x{301}e\x{301}e\x{301}e\x{301}e\x{301}e\x{301}e\x{301}e\x{301}e\x{301}e\x{301}e\x{301} e\x{301} e\x{301}e\x{301}e\x{301}e\x{301}e\x{301}e\x{301}e\x{301}e\x{301}e\x{301}e\x{301}e\x{301}e\x{301}e\x{301}e\x{301}e\x{301}e\x{301}e\x{301}e\x{301}e\x{301}e\x{301}e\x{301}e\x{301}e\x{301}e\x{301}e\x{301}e\x{301}e\x{301}e\x{301}e\x{301}e\x{301}e\x{301}e\x{301}e\x{301}e\x{301}e\x{301}e\x{301}e\x{301}e\x{301}e\x{301}e\x{301}e\x{301}e\x{301}e\x{301} e\x{301}e\x{301}e\x{301}e\x{301}e\x{301}e\x{301}e\x{301}e\x{301}e\x{301}e\x{301}e\x{301}e\x{301}e\x{301}e\x{301}e\x{301}e\x{301}e\x{301}e\x{301}e\x{301}e\x{301}e\x{301}e\x{301}e\x{301}e\x{301}e\x{301}e\x{301}e\x{301}e\x{301}e\x{301}e\x{301} e\x{301}e\x{301}e\x{301}e\x{301}e\x{301}e\x{301}e\x{301}e\x{301}e\x{301}e\x{301}e\x{301}e\x{301}e\x{301}e\x{301}e\x{301}e\x{301}e\x{301}e\x{301}e\x{301}e\x{301}e\x{301}e\x{301}"
          text run at (912,6256) width 0: " "
          text run at (0,6273) width 912: "e\x{301}e\x{301}e\x{301}e\x{301}e\x{301}e\x{301}e\x{301}e\x{301}e\x{301}e\x{301}e\x{301}e\x{301}e\x{301}e\x{301}e\x{301}e\x{301}e\x{301}e\x{301}e\x{301}e\x{301}e\x{301}e\x{301}e\x{301}e\x{301}e\x{301}e\x{301}e\x{301}e\x{301}e\x{301}e\x{301}e\x{301}e\x{301} e\x{301} e\x{301}e\x{301}e\x{301}e\x{301}e\x{301}e\x{301}e\x{301}e\x{301}e\x{301}e\x{301}e\x{301}e\x{301}e\x{301}e\x{301}e\x{301}e\x{301}e\x{301}e\x{301}e\x{301}e\x{301}e\x{301}e\x{301}e\x{301}e\x{301}e\x{301}e\x{301}e\x{301}e\x{301}e\x{301}e\x{301}e\x{301}e\x{301}e\x{301}e\x{301}e\x{301}e\x{301}e\x{301}e\x{301}e\x{301}e\x{301}e\x{301}e\x{301}e\x{301} e\x{301}e\x{301}e\x{301}e\x{301}e\x{301}e\x{301}e\x{301}e\x{301}e\x{301}e\x{301}e\x{301}e\x{301}e\x{301}e\x{301}e\x{301}e\x{301}e\x{301}e\x{301}e\x{301}e\x{301}e\x{301}e\x{301}e\x{301}e\x{301}e\x{301}e\x{301}e\x{301}e\x{301}e\x{301}e\x{301} e\x{301}e\x{301}e\x{301}e\x{301}e\x{301}e\x{301}e\x{301}e\x{301}e\x{301}e\x{301}e\x{301}e\x{301}e\x{301}e\x{301}e\x{301}e\x{301}e\x{301}e\x{301}e\x{301}e\x{301}e\x{301}e\x{301}"
          text run at (912,6273) width 0: " "
          text run at (0,6290) width 912: "e\x{301}e\x{301}e\x{301}e\x{301}e\x{301}e\x{301}e\x{301}e\x{301}e\x{301}e\x{301}e\x{301}e\x{301}e\x{301}e\x{301}e\x{301}e\x{301}e\x{301}e\x{301}e\x{301}e\x{301}e\x{301}e\x{301}e\x{301}e\x{301}e\x{301}e\x{301}e\x{301}e\x{301}e\x{301}e\x{301}e\x{301}e\x{301} e\x{301} e\x{301}e\x{301}e\x{301}e\x{301}e\x{301}e\x{301}e\x{301}e\x{301}e\x{301}e\x{301}e\x{301}e\x{301}e\x{301}e\x{301}e\x{301}e\x{301}e\x{301}e\x{301}e\x{301}e\x{301}e\x{301}e\x{301}e\x{301}e\x{301}e\x{301}e\x{301}e\x{301}e\x{301}e\x{301}e\x{301}e\x{301}e\x{301}e\x{301}e\x{301}e\x{301}e\x{301}e\x{301}e\x{301}e\x{301}e\x{301}e\x{301}e\x{301}e\x{301} e\x{301}e\x{301}e\x{301}e\x{301}e\x{301}e\x{301}e\x{301}e\x{301}e\x{301}e\x{301}e\x{301}e\x{301}e\x{301}e\x{301}e\x{301}e\x{301}e\x{301}e\x{301}e\x{301}e\x{301}e\x{301}e\x{301}e\x{301}e\x{301}e\x{301}e\x{301}e\x{301}e\x{301}e\x{301}e\x{301} e\x{301}e\x{301}e\x{301}e\x{301}e\x{301}e\x{301}e\x{301}e\x{301}e\x{301}e\x{301}e\x{301}e\x{301}e\x{301}e\x{301}e\x{301}e\x{301}e\x{301}e\x{301}e\x{301}e\x{301}e\x{301}e\x{301}"
          text run at (912,6290) width 0: " "
          text run at (0,6307) width 912: "e\x{301}e\x{301}e\x{301}e\x{301}e\x{301}e\x{301}e\x{301}e\x{301}e\x{301}e\x{301}e\x{301}e\x{301}e\x{301}e\x{301}e\x{301}e\x{301}e\x{301}e\x{301}e\x{301}e\x{301}e\x{301}e\x{301}e\x{301}e\x{301}e\x{301}e\x{301}e\x{301}e\x{301}e\x{301}e\x{301}e\x{301}e\x{301} e\x{301} e\x{301}e\x{301}e\x{301}e\x{301}e\x{301}e\x{301}e\x{301}e\x{301}e\x{301}e\x{301}e\x{301}e\x{301}e\x{301}e\x{301}e\x{301}e\x{301}e\x{301}e\x{301}e\x{301}e\x{301}e\x{301}e\x{301}e\x{301}e\x{301}e\x{301}e\x{301}e\x{301}e\x{301}e\x{301}e\x{301}e\x{301}e\x{301}e\x{301}e\x{301}e\x{301}e\x{301}e\x{301}e\x{301}e\x{301}e\x{301}e\x{301}e\x{301}e\x{301} e\x{301}e\x{301}e\x{301}e\x{301}e\x{301}e\x{301}e\x{301}e\x{301}e\x{301}e\x{301}e\x{301}e\x{301}e\x{301}e\x{301}e\x{301}e\x{301}e\x{301}e\x{301}e\x{301}e\x{301}e\x{301}e\x{301}e\x{301}e\x{301}e\x{301}e\x{301}e\x{301}e\x{301}e\x{301}e\x{301} e\x{301}e\x{301}e\x{301}e\x{301}e\x{301}e\x{301}e\x{301}e\x{301}e\x{301}e\x{301}e\x{301}e\x{301}e\x{301}e\x{301}e\x{301}e\x{301}e\x{301}e\x{301}e\x{301}e\x{301}e\x{301}e\x{301}"
          text run at (912,6307) width 0: " "
          text run at (0,6324) width 912: "e\x{301}e\x{301}e\x{301}e\x{301}e\x{301}e\x{301}e\x{301}e\x{301}e\x{301}e\x{301}e\x{301}e\x{301}e\x{301}e\x{301}e\x{301}e\x{301}e\x{301}e\x{301}e\x{301}e\x{301}e\x{301}e\x{301}e\x{301}e\x{301}e\x{301}e\x{301}e\x{301}e\x{301}e\x{301}e\x{301}e\x{301}e\x{301} e\x{301} e\x{301}e\x{301}e\x{301}e\x{301}e\x{301}e\x{301}e\x{301}e\x{301}e\x{301}e\x{301}e\x{301}e\x{301}e\x{301}e\x{301}e\x{301}e\x{301}e\x{301}e\x{301}e\x{301}e\x{301}e\x{301}e\x{301}e\x{301}e\x{301}e\x{301}e\x{301}e\x{301}e\x{301}e\x{301}e\x{301}e\x{301}e\x{301}e\x{301}e\x{301}e\x{301}e\x{301}e\x{301}e\x{301}e\x{301}e\x{301}e\x{301}e\x{301}e\x{301} e\x{301}e\x{301}e\x{301}e\x{301}e\x{301}e\x{301}e\x{301}e\x{301}e\x{301}e\x{301}e\x{301}e\x{301}e\x{301}e\x{301}e\x{301}e\x{301}e\x{301}e\x{301}e\x{301}e\x{301}e\x{301}e\x{301}e\x{301}e\x{301}e\x{301}e\x{301}e\x{301}e\x{301}e\x{301}e\x{301} e\x{301}e\x{301}e\x{301}e\x{301}e\x{301}e\x{301}e\x{301}e\x{301}e\x{301}e\x{301}e\x{301}e\x{301}e\x{301}e\x{301}e\x{301}e\x{301}e\x{301}e\x{301}e\x{301}e\x{301}e\x{301}e\x{301}"
          text run at (912,6324) width 0: " "
          text run at (0,6341) width 912: "e\x{301}e\x{301}e\x{301}e\x{301}e\x{301}e\x{301}e\x{301}e\x{301}e\x{301}e\x{301}e\x{301}e\x{301}e\x{301}e\x{301}e\x{301}e\x{301}e\x{301}e\x{301}e\x{301}e\x{301}e\x{301}e\x{301}e\x{301}e\x{301}e\x{301}e\x{301}e\x{301}e\x{301}e\x{301}e\x{301}e\x{301}e\x{301} e\x{301} e\x{301}e\x{301}e\x{301}e\x{301}e\x{301}e\x{301}e\x{301}e\x{301}e\x{301}e\x{301}e\x{301}e\x{301}e\x{301}e\x{301}e\x{301}e\x{301}e\x{301}e\x{301}e\x{301}e\x{301}e\x{301}e\x{301}e\x{301}e\x{301}e\x{301}e\x{301}e\x{301}e\x{301}e\x{301}e\x{301}e\x{301}e\x{301}e\x{301}e\x{301}e\x{301}e\x{301}e\x{301}e\x{301}e\x{301}e\x{301}e\x{301}e\x{301}e\x{301} e\x{301}e\x{301}e\x{301}e\x{301}e\x{301}e\x{301}e\x{301}e\x{301}e\x{301}e\x{301}e\x{301}e\x{301}e\x{301}e\x{301}e\x{301}e\x{301}e\x{301}e\x{301}e\x{301}e\x{301}e\x{301}e\x{301}e\x{301}e\x{301}e\x{301}e\x{301}e\x{301}e\x{301}e\x{301}e\x{301} e\x{301}e\x{301}e\x{301}e\x{301}e\x{301}e\x{301}e\x{301}e\x{301}e\x{301}e\x{301}e\x{301}e\x{301}e\x{301}e\x{301}e\x{301}e\x{301}e\x{301}e\x{301}e\x{301}e\x{301}e\x{301}e\x{301}"
          text run at (912,6341) width 0: " "
          text run at (0,6358) width 912: "e\x{301}e\x{301}e\x{301}e\x{301}e\x{301}e\x{301}e\x{301}e\x{301}e\x{301}e\x{301}e\x{301}e\x{301}e\x{301}e\x{301}e\x{301}e\x{301}e\x{301}e\x{301}e\x{301}e\x{301}e\x{301}e\x{301}e\x{301}e\x{301}e\x{301}e\x{301}e\x{301}e\x{301}e\x{301}e\x{301}e\x{301}e\x{301} e\x{301} e\x{301}e\x{301}e\x{301}e\x{301}e\x{301}e\x{301}e\x{301}e\x{301}e\x{301}e\x{301}e\x{301}e\x{301}e\x{301}e\x{301}e\x{301}e\x{301}e\x{301}e\x{301}e\x{301}e\x{301}e\x{301}e\x{301}e\x{301}e\x{301}e\x{301}e\x{301}e\x{301}e\x{301}e\x{301}e\x{301}e\x{301}e\x{301}e\x{301}e\x{301}e\x{301}e\x{301}e\x{301}e\x{301}e\x{301}e\x{301}e\x{301}e\x{301}e\x{301} e\x{301}e\x{301}e\x{301}e\x{301}e\x{301}e\x{301}e\x{301}e\x{301}e\x{301}e\x{301}e\x{301}e\x{301}e\x{301}e\x{301}e\x{301}e\x{301}e\x{301}e\x{301}e\x{301}e\x{301}e\x{301}e\x{301}e\x{301}e\x{301}e\x{301}e\x{301}e\x{301}e\x{301}e\x{301}e\x{301} e\x{301}e\x{301}e\x{301}e\x{301}e\x{301}e\x{301}e\x{301}e\x{301}e\x{301}e\x{301}e\x{301}e\x{301}e\x{301}e\x{301}e\x{301}e\x{301}e\x{301}e\x{301}e\x{301}e\x{301}e\x{301}e\x{301}"
          text run at (912,6358) width 0: " "
          text run at (0,6375) width 912: "e\x{301}e\x{301}e\x{301}e\x{301}e\x{301}e\x{301}e\x{301}e\x{301}e\x{301}e\x{301}e\x{301}e\x{301}e\x{301}e\x{301}e\x{301}e\x{301}e\x{301}e\x{301}e\x{301}e\x{301}e\x{301}e\x{301}e\x{301}e\x{301}e\x{301}e\x{301}e\x{301}e\x{301}e\x{301}e\x{301}e\x{301}e\x{301} e\x{301} e\x{301}e\x{301}e\x{301}e\x{301}e\x{301}e\x{301}e\x{301}e\x{301}e\x{301}e\x{301}e\x{301}e\x{301}e\x{301}e\x{301}e\x{301}e\x{301}e\x{301}e\x{301}e\x{301}e\x{301}e\x{301}e\x{301}e\x{301}e\x{301}e\x{301}e\x{301}e\x{301}e\x{301}e\x{301}e\x{301}e\x{301}e\x{301}e\x{301}e\x{301}e\x{301}e\x{301}e\x{301}e\x{301}e\x{301}e\x{301}e\x{301}e\x{301}e\x{301} e\x{301}e\x{301}e\x{301}e\x{301}e\x{301}e\x{301}e\x{301}e\x{301}e\x{301}e\x{301}e\x{301}e\x{301}e\x{301}e\x{301}e\x{301}e\x{301}e\x{301}e\x{301}e\x{301}e\x{301}e\x{301}e\x{301}e\x{301}e\x{301}e\x{301}e\x{301}e\x{301}e\x{301}e\x{301}e\x{301} e\x{301}e\x{301}e\x{301}e\x{301}e\x{301}e\x{301}e\x{301}e\x{301}e\x{301}e\x{301}e\x{301}e\x{301}e\x{301}e\x{301}e\x{301}e\x{301}e\x{301}e\x{301}e\x{301}e\x{301}e\x{301}e\x{301}"
          text run at (912,6375) width 0: " "
          text run at (0,6392) width 912: "e\x{301}e\x{301}e\x{301}e\x{301}e\x{301}e\x{301}e\x{301}e\x{301}e\x{301}e\x{301}e\x{301}e\x{301}e\x{301}e\x{301}e\x{301}e\x{301}e\x{301}e\x{301}e\x{301}e\x{301}e\x{301}e\x{301}e\x{301}e\x{301}e\x{301}e\x{301}e\x{301}e\x{301}e\x{301}e\x{301}e\x{301}e\x{301} e\x{301} e\x{301}e\x{301}e\x{301}e\x{301}e\x{301}e\x{301}e\x{301}e\x{301}e\x{301}e\x{301}e\x{301}e\x{301}e\x{301}e\x{301}e\x{301}e\x{301}e\x{301}e\x{301}e\x{301}e\x{301}e\x{301}e\x{301}e\x{301}e\x{301}e\x{301}e\x{301}e\x{301}e\x{301}e\x{301}e\x{301}e\x{301}e\x{301}e\x{301}e\x{301}e\x{301}e\x{301}e\x{301}e\x{301}e\x{301}e\x{301}e\x{301}e\x{301}e\x{301} e\x{301}e\x{301}e\x{301}e\x{301}e\x{301}e\x{301}e\x{301}e\x{301}e\x{301}e\x{301}e\x{301}e\x{301}e\x{301}e\x{301}e\x{301}e\x{301}e\x{301}e\x{301}e\x{301}e\x{301}e\x{301}e\x{301}e\x{301}e\x{301}e\x{301}e\x{301}e\x{301}e\x{301}e\x{301}e\x{301} e\x{301}e\x{301}e\x{301}e\x{301}e\x{301}e\x{301}e\x{301}e\x{301}e\x{301}e\x{301}e\x{301}e\x{301}e\x{301}e\x{301}e\x{301}e\x{301}e\x{301}e\x{301}e\x{301}e\x{301}e\x{301}e\x{301}"
          text run at (912,6392) width 0: " "
          text run at (0,6409) width 912: "e\x{301}e\x{301}e\x{301}e\x{301}e\x{301}e\x{301}e\x{301}e\x{301}e\x{301}e\x{301}e\x{301}e\x{301}e\x{301}e\x{301}e\x{301}e\x{301}e\x{301}e\x{301}e\x{301}e\x{301}e\x{301}e\x{301}e\x{301}e\x{301}e\x{301}e\x{301}e\x{301}e\x{301}e\x{301}e\x{301}e\x{301}e\x{301} e\x{301} e\x{301}e\x{301}e\x{301}e\x{301}e\x{301}e\x{301}e\x{301}e\x{301}e\x{301}e\x{301}e\x{301}e\x{301}e\x{301}e\x{301}e\x{301}e\x{301}e\x{301}e\x{301}e\x{301}e\x{301}e\x{301}e\x{301}e\x{301}e\x{301}e\x{301}e\x{301}e\x{301}e\x{301}e\x{301}e\x{301}e\x{301}e\x{301}e\x{301}e\x{301}e\x{301}e\x{301}e\x{301}e\x{301}e\x{301}e\x{301}e\x{301}e\x{301}e\x{301} e\x{301}e\x{301}e\x{301}e\x{301}e\x{301}e\x{301}e\x{301}e\x{301}e\x{301}e\x{301}e\x{301}e\x{301}e\x{301}e\x{301}e\x{301}e\x{301}e\x{301}e\x{301}e\x{301}e\x{301}e\x{301}e\x{301}e\x{301}e\x{301}e\x{301}e\x{301}e\x{301}e\x{301}e\x{301}e\x{301} e\x{301}e\x{301}e\x{301}e\x{301}e\x{301}e\x{301}e\x{301}e\x{301}e\x{301}e\x{301}e\x{301}e\x{301}e\x{301}e\x{301}e\x{301}e\x{301}e\x{301}e\x{301}e\x{301}e\x{301}e\x{301}e\x{301}"
          text run at (912,6409) width 0: " "
          text run at (0,6426) width 912: "e\x{301}e\x{301}e\x{301}e\x{301}e\x{301}e\x{301}e\x{301}e\x{301}e\x{301}e\x{301}e\x{301}e\x{301}e\x{301}e\x{301}e\x{301}e\x{301}e\x{301}e\x{301}e\x{301}e\x{301}e\x{301}e\x{301}e\x{301}e\x{301}e\x{301}e\x{301}e\x{301}e\x{301}e\x{301}e\x{301}e\x{301}e\x{301} e\x{301} e\x{301}e\x{301}e\x{301}e\x{301}e\x{301}e\x{301}e\x{301}e\x{301}e\x{301}e\x{301}e\x{301}e\x{301}e\x{301}e\x{301}e\x{301}e\x{301}e\x{301}e\x{301}e\x{301}e\x{301}e\x{301}e\x{301}e\x{301}e\x{301}e\x{301}e\x{301}e\x{301}e\x{301}e\x{301}e\x{301}e\x{301}e\x{301}e\x{301}e\x{301}e\x{301}e\x{301}e\x{301}e\x{301}e\x{301}e\x{301}e\x{301}e\x{301}e\x{301} e\x{301}e\x{301}e\x{301}e\x{301}e\x{301}e\x{301}e\x{301}e\x{301}e\x{301}e\x{301}e\x{301}e\x{301}e\x{301}e\x{301}e\x{301}e\x{301}e\x{301}e\x{301}e\x{301}e\x{301}e\x{301}e\x{301}e\x{301}e\x{301}e\x{301}e\x{301}e\x{301}e\x{301}e\x{301}e\x{301} e\x{301}e\x{301}e\x{301}e\x{301}e\x{301}e\x{301}e\x{301}e\x{301}e\x{301}e\x{301}e\x{301}e\x{301}e\x{301}e\x{301}e\x{301}e\x{301}e\x{301}e\x{301}e\x{301}e\x{301}e\x{301}e\x{301}"
          text run at (912,6426) width 0: " "
          text run at (0,6443) width 912: "e\x{301}e\x{301}e\x{301}e\x{301}e\x{301}e\x{301}e\x{301}e\x{301}e\x{301}e\x{301}e\x{301}e\x{301}e\x{301}e\x{301}e\x{301}e\x{301}e\x{301}e\x{301}e\x{301}e\x{301}e\x{301}e\x{301}e\x{301}e\x{301}e\x{301}e\x{301}e\x{301}e\x{301}e\x{301}e\x{301}e\x{301}e\x{301} e\x{301} e\x{301}e\x{301}e\x{301}e\x{301}e\x{301}e\x{301}e\x{301}e\x{301}e\x{301}e\x{301}e\x{301}e\x{301}e\x{301}e\x{301}e\x{301}e\x{301}e\x{301}e\x{301}e\x{301}e\x{301}e\x{301}e\x{301}e\x{301}e\x{301}e\x{301}e\x{301}e\x{301}e\x{301}e\x{301}e\x{301}e\x{301}e\x{301}e\x{301}e\x{301}e\x{301}e\x{301}e\x{301}e\x{301}e\x{301}e\x{301}e\x{301}e\x{301}e\x{301} e\x{301}e\x{301}e\x{301}e\x{301}e\x{301}e\x{301}e\x{301}e\x{301}e\x{301}e\x{301}e\x{301}e\x{301}e\x{301}e\x{301}e\x{301}e\x{301}e\x{301}e\x{301}e\x{301}e\x{301}e\x{301}e\x{301}e\x{301}e\x{301}e\x{301}e\x{301}e\x{301}e\x{301}e\x{301}e\x{301} e\x{301}e\x{301}e\x{301}e\x{301}e\x{301}e\x{301}e\x{301}e\x{301}e\x{301}e\x{301}e\x{301}e\x{301}e\x{301}e\x{301}e\x{301}e\x{301}e\x{301}e\x{301}e\x{301}e\x{301}e\x{301}e\x{301}"
          text run at (912,6443) width 0: " "
          text run at (0,6460) width 912: "e\x{301}e\x{301}e\x{301}e\x{301}e\x{301}e\x{301}e\x{301}e\x{301}e\x{301}e\x{301}e\x{301}e\x{301}e\x{301}e\x{301}e\x{301}e\x{301}e\x{301}e\x{301}e\x{301}e\x{301}e\x{301}e\x{301}e\x{301}e\x{301}e\x{301}e\x{301}e\x{301}e\x{301}e\x{301}e\x{301}e\x{301}e\x{301} e\x{301} e\x{301}e\x{301}e\x{301}e\x{301}e\x{301}e\x{301}e\x{301}e\x{301}e\x{301}e\x{301}e\x{301}e\x{301}e\x{301}e\x{301}e\x{301}e\x{301}e\x{301}e\x{301}e\x{301}e\x{301}e\x{301}e\x{301}e\x{301}e\x{301}e\x{301}e\x{301}e\x{301}e\x{301}e\x{301}e\x{301}e\x{301}e\x{301}e\x{301}e\x{301}e\x{301}e\x{301}e\x{301}e\x{301}e\x{301}e\x{301}e\x{301}e\x{301}e\x{301} e\x{301}e\x{301}e\x{301}e\x{301}e\x{301}e\x{301}e\x{301}e\x{301}e\x{301}e\x{301}e\x{301}e\x{301}e\x{301}e\x{301}e\x{301}e\x{301}e\x{301}e\x{301}e\x{301}e\x{301}e\x{301}e\x{301}e\x{301}e\x{301}e\x{301}e\x{301}e\x{301}e\x{301}e\x{301}e\x{301} e\x{301}e\x{301}e\x{301}e\x{301}e\x{301}e\x{301}e\x{301}e\x{301}e\x{301}e\x{301}e\x{301}e\x{301}e\x{301}e\x{301}e\x{301}e\x{301}e\x{301}e\x{301}e\x{301}e\x{301}e\x{301}e\x{301}"
          text run at (912,6460) width 0: " "
          text run at (0,6477) width 912: "e\x{301}e\x{301}e\x{301}e\x{301}e\x{301}e\x{301}e\x{301}e\x{301}e\x{301}e\x{301}e\x{301}e\x{301}e\x{301}e\x{301}e\x{301}e\x{301}e\x{301}e\x{301}e\x{301}e\x{301}e\x{301}e\x{301}e\x{301}e\x{301}e\x{301}e\x{301}e\x{301}e\x{301}e\x{301}e\x{301}e\x{301}e\x{301} e\x{301} e\x{301}e\x{301}e\x{301}e\x{301}e\x{301}e\x{301}e\x{301}e\x{301}e\x{301}e\x{301}e\x{301}e\x{301}e\x{301}e\x{301}e\x{301}e\x{301}e\x{301}e\x{301}e\x{301}e\x{301}e\x{301}e\x{301}e\x{301}e\x{301}e\x{301}e\x{301}e\x{301}e\x{301}e\x{301}e\x{301}e\x{301}e\x{301}e\x{301}e\x{301}e\x{301}e\x{301}e\x{301}e\x{301}e\x{301}e\x{301}e\x{301}e\x{301}e\x{301} e\x{301}e\x{301}e\x{301}e\x{301}e\x{301}e\x{301}e\x{301}e\x{301}e\x{301}e\x{301}e\x{301}e\x{301}e\x{301}e\x{301}e\x{301}e\x{301}e\x{301}e\x{301}e\x{301}e\x{301}e\x{301}e\x{301}e\x{301}e\x{301}e\x{301}e\x{301}e\x{301}e\x{301}e\x{301}e\x{301} e\x{301}e\x{301}e\x{301}e\x{301}e\x{301}e\x{301}e\x{301}e\x{301}e\x{301}e\x{301}e\x{301}e\x{301}e\x{301}e\x{301}e\x{301}e\x{301}e\x{301}e\x{301}e\x{301}e\x{301}e\x{301}e\x{301}"
          text run at (912,6477) width 0: " "
          text run at (0,6494) width 912: "e\x{301}e\x{301}e\x{301}e\x{301}e\x{301}e\x{301}e\x{301}e\x{301}e\x{301}e\x{301}e\x{301}e\x{301}e\x{301}e\x{301}e\x{301}e\x{301}e\x{301}e\x{301}e\x{301}e\x{301}e\x{301}e\x{301}e\x{301}e\x{301}e\x{301}e\x{301}e\x{301}e\x{301}e\x{301}e\x{301}e\x{301}e\x{301} e\x{301} e\x{301}e\x{301}e\x{301}e\x{301}e\x{301}e\x{301}e\x{301}e\x{301}e\x{301}e\x{301}e\x{301}e\x{301}e\x{301}e\x{301}e\x{301}e\x{301}e\x{301}e\x{301}e\x{301}e\x{301}e\x{301}e\x{301}e\x{301}e\x{301}e\x{301}e\x{301}e\x{301}e\x{301}e\x{301}e\x{301}e\x{301}e\x{301}e\x{301}e\x{301}e\x{301}e\x{301}e\x{301}e\x{301}e\x{301}e\x{301}e\x{301}e\x{301}e\x{301} e\x{301}e\x{301}e\x{301}e\x{301}e\x{301}e\x{301}e\x{301}e\x{301}e\x{301}e\x{301}e\x{301}e\x{301}e\x{301}e\x{301}e\x{301}e\x{301}e\x{301}e\x{301}e\x{301}e\x{301}e\x{301}e\x{301}e\x{301}e\x{301}e\x{301}e\x{301}e\x{301}e\x{301}e\x{301}e\x{301} e\x{301}e\x{301}e\x{301}e\x{301}e\x{301}e\x{301}e\x{301}e\x{301}e\x{301}e\x{301}e\x{301}e\x{301}e\x{301}e\x{301}e\x{301}e\x{301}e\x{301}e\x{301}e\x{301}e\x{301}e\x{301}e\x{301}"
          text run at (912,6494) width 0: " "
          text run at (0,6511) width 912: "e\x{301}e\x{301}e\x{301}e\x{301}e\x{301}e\x{301}e\x{301}e\x{301}e\x{301}e\x{301}e\x{301}e\x{301}e\x{301}e\x{301}e\x{301}e\x{301}e\x{301}e\x{301}e\x{301}e\x{301}e\x{301}e\x{301}e\x{301}e\x{301}e\x{301}e\x{301}e\x{301}e\x{301}e\x{301}e\x{301}e\x{301}e\x{301} e\x{301} e\x{301}e\x{301}e\x{301}e\x{301}e\x{301}e\x{301}e\x{301}e\x{301}e\x{301}e\x{301}e\x{301}e\x{301}e\x{301}e\x{301}e\x{301}e\x{301}e\x{301}e\x{301}e\x{301}e\x{301}e\x{301}e\x{301}e\x{301}e\x{301}e\x{301}e\x{301}e\x{301}e\x{301}e\x{301}e\x{301}e\x{301}e\x{301}e\x{301}e\x{301}e\x{301}e\x{301}e\x{301}e\x{301}e\x{301}e\x{301}e\x{301}e\x{301}e\x{301} e\x{301}e\x{301}e\x{301}e\x{301}e\x{301}e\x{301}e\x{301}e\x{301}e\x{301}e\x{301}e\x{301}e\x{301}e\x{301}e\x{301}e\x{301}e\x{301}e\x{301}e\x{301}e\x{301}e\x{301}e\x{301}e\x{301}e\x{301}e\x{301}e\x{301}e\x{301}e\x{301}e\x{301}e\x{301}e\x{301} e\x{301}e\x{301}e\x{301}e\x{301}e\x{301}e\x{301}e\x{301}e\x{301}e\x{301}e\x{301}e\x{301}e\x{301}e\x{301}e\x{301}e\x{301}e\x{301}e\x{301}e\x{301}e\x{301}e\x{301}e\x{301}e\x{301}"
          text run at (912,6511) width 0: " "
          text run at (0,6528) width 912: "e\x{301}e\x{301}e\x{301}e\x{301}e\x{301}e\x{301}e\x{301}e\x{301}e\x{301}e\x{301}e\x{301}e\x{301}e\x{301}e\x{301}e\x{301}e\x{301}e\x{301}e\x{301}e\x{301}e\x{301}e\x{301}e\x{301}e\x{301}e\x{301}e\x{301}e\x{301}e\x{301}e\x{301}e\x{301}e\x{301}e\x{301}e\x{301} e\x{301} e\x{301}e\x{301}e\x{301}e\x{301}e\x{301}e\x{301}e\x{301}e\x{301}e\x{301}e\x{301}e\x{301}e\x{301}e\x{301}e\x{301}e\x{301}e\x{301}e\x{301}e\x{301}e\x{301}e\x{301}e\x{301}e\x{301}e\x{301}e\x{301}e\x{301}e\x{301}e\x{301}e\x{301}e\x{301}e\x{301}e\x{301}e\x{301}e\x{301}e\x{301}e\x{301}e\x{301}e\x{301}e\x{301}e\x{301}e\x{301}e\x{301}e\x{301}e\x{301} e\x{301}e\x{301}e\x{301}e\x{301}e\x{301}e\x{301}e\x{301}e\x{301}e\x{301}e\x{301}e\x{301}e\x{301}e\x{301}e\x{301}e\x{301}e\x{301}e\x{301}e\x{301}e\x{301}e\x{301}e\x{301}e\x{301}e\x{301}e\x{301}e\x{301}e\x{301}e\x{301}e\x{301}e\x{301}e\x{301} e\x{301}e\x{301}e\x{301}e\x{301}e\x{301}e\x{301}e\x{301}e\x{301}e\x{301}e\x{301}e\x{301}e\x{301}e\x{301}e\x{301}e\x{301}e\x{301}e\x{301}e\x{301}e\x{301}e\x{301}e\x{301}e\x{301}"
          text run at (912,6528) width 0: " "
          text run at (0,6545) width 912: "e\x{301}e\x{301}e\x{301}e\x{301}e\x{301}e\x{301}e\x{301}e\x{301}e\x{301}e\x{301}e\x{301}e\x{301}e\x{301}e\x{301}e\x{301}e\x{301}e\x{301}e\x{301}e\x{301}e\x{301}e\x{301}e\x{301}e\x{301}e\x{301}e\x{301}e\x{301}e\x{301}e\x{301}e\x{301}e\x{301}e\x{301}e\x{301} e\x{301} e\x{301}e\x{301}e\x{301}e\x{301}e\x{301}e\x{301}e\x{301}e\x{301}e\x{301}e\x{301}e\x{301}e\x{301}e\x{301}e\x{301}e\x{301}e\x{301}e\x{301}e\x{301}e\x{301}e\x{301}e\x{301}e\x{301}e\x{301}e\x{301}e\x{301}e\x{301}e\x{301}e\x{301}e\x{301}e\x{301}e\x{301}e\x{301}e\x{301}e\x{301}e\x{301}e\x{301}e\x{301}e\x{301}e\x{301}e\x{301}e\x{301}e\x{301}e\x{301} e\x{301}e\x{301}e\x{301}e\x{301}e\x{301}e\x{301}e\x{301}e\x{301}e\x{301}e\x{301}e\x{301}e\x{301}e\x{301}e\x{301}e\x{301}e\x{301}e\x{301}e\x{301}e\x{301}e\x{301}e\x{301}e\x{301}e\x{301}e\x{301}e\x{301}e\x{301}e\x{301}e\x{301}e\x{301}e\x{301} e\x{301}e\x{301}e\x{301}e\x{301}e\x{301}e\x{301}e\x{301}e\x{301}e\x{301}e\x{301}e\x{301}e\x{301}e\x{301}e\x{301}e\x{301}e\x{301}e\x{301}e\x{301}e\x{301}e\x{301}e\x{301}e\x{301}"
          text run at (912,6545) width 0: " "
          text run at (0,6562) width 912: "e\x{301}e\x{301}e\x{301}e\x{301}e\x{301}e\x{301}e\x{301}e\x{301}e\x{301}e\x{301}e\x{301}e\x{301}e\x{301}e\x{301}e\x{301}e\x{301}e\x{301}e\x{301}e\x{301}e\x{301}e\x{301}e\x{301}e\x{301}e\x{301}e\x{301}e\x{301}e\x{301}e\x{301}e\x{301}e\x{301}e\x{301}e\x{301} e\x{301} e\x{301}e\x{301}e\x{301}e\x{301}e\x{301}e\x{301}e\x{301}e\x{301}e\x{301}e\x{301}e\x{301}e\x{301}e\x{301}e\x{301}e\x{301}e\x{301}e\x{301}e\x{301}e\x{301}e\x{301}e\x{301}e\x{301}e\x{301}e\x{301}e\x{301}e\x{301}e\x{301}e\x{301}e\x{301}e\x{301}e\x{301}e\x{301}e\x{301}e\x{301}e\x{301}e\x{301}e\x{301}e\x{301}e\x{301}e\x{301}e\x{301}e\x{301}e\x{301} e\x{301}e\x{301}e\x{301}e\x{301}e\x{301}e\x{301}e\x{301}e\x{301}e\x{301}e\x{301}e\x{301}e\x{301}e\x{301}e\x{301}e\x{301}e\x{301}e\x{301}e\x{301}e\x{301}e\x{301}e\x{301}e\x{301}e\x{301}e\x{301}e\x{301}e\x{301}e\x{301}e\x{301}e\x{301}e\x{301} e\x{301}e\x{301}e\x{301}e\x{301}e\x{301}e\x{301}e\x{301}e\x{301}e\x{301}e\x{301}e\x{301}e\x{301}e\x{301}e\x{301}e\x{301}e\x{301}e\x{301}e\x{301}e\x{301}e\x{301}e\x{301}e\x{301}"
          text run at (912,6562) width 0: " "
          text run at (0,6579) width 912: "e\x{301}e\x{301}e\x{301}e\x{301}e\x{301}e\x{301}e\x{301}e\x{301}e\x{301}e\x{301}e\x{301}e\x{301}e\x{301}e\x{301}e\x{301}e\x{301}e\x{301}e\x{301}e\x{301}e\x{301}e\x{301}e\x{301}e\x{301}e\x{301}e\x{301}e\x{301}e\x{301}e\x{301}e\x{301}e\x{301}e\x{301}e\x{301} e\x{301} e\x{301}e\x{301}e\x{301}e\x{301}e\x{301}e\x{301}e\x{301}e\x{301}e\x{301}e\x{301}e\x{301}e\x{301}e\x{301}e\x{301}e\x{301}e\x{301}e\x{301}e\x{301}e\x{301}e\x{301}e\x{301}e\x{301}e\x{301}e\x{301}e\x{301}e\x{301}e\x{301}e\x{301}e\x{301}e\x{301}e\x{301}e\x{301}e\x{301}e\x{301}e\x{301}e\x{301}e\x{301}e\x{301}e\x{301}e\x{301}e\x{301}e\x{301}e\x{301} e\x{301}e\x{301}e\x{301}e\x{301}e\x{301}e\x{301}e\x{301}e\x{301}e\x{301}e\x{301}e\x{301}e\x{301}e\x{301}e\x{301}e\x{301}e\x{301}e\x{301}e\x{301}e\x{301}e\x{301}e\x{301}e\x{301}e\x{301}e\x{301}e\x{301}e\x{301}e\x{301}e\x{301}e\x{301}e\x{301} e\x{301}e\x{301}e\x{301}e\x{301}e\x{301}e\x{301}e\x{301}e\x{301}e\x{301}e\x{301}e\x{301}e\x{301}e\x{301}e\x{301}e\x{301}e\x{301}e\x{301}e\x{301}e\x{301}e\x{301}e\x{301}e\x{301}"
          text run at (912,6579) width 0: " "
          text run at (0,6596) width 912: "e\x{301}e\x{301}e\x{301}e\x{301}e\x{301}e\x{301}e\x{301}e\x{301}e\x{301}e\x{301}e\x{301}e\x{301}e\x{301}e\x{301}e\x{301}e\x{301}e\x{301}e\x{301}e\x{301}e\x{301}e\x{301}e\x{301}e\x{301}e\x{301}e\x{301}e\x{301}e\x{301}e\x{301}e\x{301}e\x{301}e\x{301}e\x{301} e\x{301} e\x{301}e\x{301}e\x{301}e\x{301}e\x{301}e\x{301}e\x{301}e\x{301}e\x{301}e\x{301}e\x{301}e\x{301}e\x{301}e\x{301}e\x{301}e\x{301}e\x{301}e\x{301}e\x{301}e\x{301}e\x{301}e\x{301}e\x{301}e\x{301}e\x{301}e\x{301}e\x{301}e\x{301}e\x{301}e\x{301}e\x{301}e\x{301}e\x{301}e\x{301}e\x{301}e\x{301}e\x{301}e\x{301}e\x{301}e\x{301}e\x{301}e\x{301}e\x{301} e\x{301}e\x{301}e\x{301}e\x{301}e\x{301}e\x{301}e\x{301}e\x{301}e\x{301}e\x{301}e\x{301}e\x{301}e\x{301}e\x{301}e\x{301}e\x{301}e\x{301}e\x{301}e\x{301}e\x{301}e\x{301}e\x{301}e\x{301}e\x{301}e\x{301}e\x{301}e\x{301}e\x{301}e\x{301}e\x{301} e\x{301}e\x{301}e\x{301}e\x{301}e\x{301}e\x{301}e\x{301}e\x{301}e\x{301}e\x{301}e\x{301}e\x{301}e\x{301}e\x{301}e\x{301}e\x{301}e\x{301}e\x{301}e\x{301}e\x{301}e\x{301}e\x{301}"
          text run at (912,6596) width 0: " "
          text run at (0,6613) width 912: "e\x{301}e\x{301}e\x{301}e\x{301}e\x{301}e\x{301}e\x{301}e\x{301}e\x{301}e\x{301}e\x{301}e\x{301}e\x{301}e\x{301}e\x{301}e\x{301}e\x{301}e\x{301}e\x{301}e\x{301}e\x{301}e\x{301}e\x{301}e\x{301}e\x{301}e\x{301}e\x{301}e\x{301}e\x{301}e\x{301}e\x{301}e\x{301} e\x{301} e\x{301}e\x{301}e\x{301}e\x{301}e\x{301}e\x{301}e\x{301}e\x{301}e\x{301}e\x{301}e\x{301}e\x{301}e\x{301}e\x{301}e\x{301}e\x{301}e\x{301}e\x{301}e\x{301}e\x{301}e\x{301}e\x{301}e\x{301}e\x{301}e\x{301}e\x{301}e\x{301}e\x{301}e\x{301}e\x{301}e\x{301}e\x{301}e\x{301}e\x{301}e\x{301}e\x{301}e\x{301}e\x{301}e\x{301}e\x{301}e\x{301}e\x{301}e\x{301} e\x{301}e\x{301}e\x{301}e\x{301}e\x{301}e\x{301}e\x{301}e\x{301}e\x{301}e\x{301}e\x{301}e\x{301}e\x{301}e\x{301}e\x{301}e\x{301}e\x{301}e\x{301}e\x{301}e\x{301}e\x{301}e\x{301}e\x{301}e\x{301}e\x{301}e\x{301}e\x{301}e\x{301}e\x{301}e\x{301} e\x{301}e\x{301}e\x{301}e\x{301}e\x{301}e\x{301}e\x{301}e\x{301}e\x{301}e\x{301}e\x{301}e\x{301}e\x{301}e\x{301}e\x{301}e\x{301}e\x{301}e\x{301}e\x{301}e\x{301}e\x{301}e\x{301}"
          text run at (912,6613) width 0: " "
          text run at (0,6630) width 912: "e\x{301}e\x{301}e\x{301}e\x{301}e\x{301}e\x{301}e\x{301}e\x{301}e\x{301}e\x{301}e\x{301}e\x{301}e\x{301}e\x{301}e\x{301}e\x{301}e\x{301}e\x{301}e\x{301}e\x{301}e\x{301}e\x{301}e\x{301}e\x{301}e\x{301}e\x{301}e\x{301}e\x{301}e\x{301}e\x{301}e\x{301}e\x{301} e\x{301} e\x{301}e\x{301}e\x{301}e\x{301}e\x{301}e\x{301}e\x{301}e\x{301}e\x{301}e\x{301}e\x{301}e\x{301}e\x{301}e\x{301}e\x{301}e\x{301}e\x{301}e\x{301}e\x{301}e\x{301}e\x{301}e\x{301}e\x{301}e\x{301}e\x{301}e\x{301}e\x{301}e\x{301}e\x{301}e\x{301}e\x{301}e\x{301}e\x{301}e\x{301}e\x{301}e\x{301}e\x{301}e\x{301}e\x{301}e\x{301}e\x{301}e\x{301}e\x{301} e\x{301}e\x{301}e\x{301}e\x{301}e\x{301}e\x{301}e\x{301}e\x{301}e\x{301}e\x{301}e\x{301}e\x{301}e\x{301}e\x{301}e\x{301}e\x{301}e\x{301}e\x{301}e\x{301}e\x{301}e\x{301}e\x{301}e\x{301}e\x{301}e\x{301}e\x{301}e\x{301}e\x{301}e\x{301}e\x{301} e\x{301}e\x{301}e\x{301}e\x{301}e\x{301}e\x{301}e\x{301}e\x{301}e\x{301}e\x{301}e\x{301}e\x{301}e\x{301}e\x{301}e\x{301}e\x{301}e\x{301}e\x{301}e\x{301}e\x{301}e\x{301}e\x{301}"
          text run at (912,6630) width 0: " "
          text run at (0,6647) width 912: "e\x{301}e\x{301}e\x{301}e\x{301}e\x{301}e\x{301}e\x{301}e\x{301}e\x{301}e\x{301}e\x{301}e\x{301}e\x{301}e\x{301}e\x{301}e\x{301}e\x{301}e\x{301}e\x{301}e\x{301}e\x{301}e\x{301}e\x{301}e\x{301}e\x{301}e\x{301}e\x{301}e\x{301}e\x{301}e\x{301}e\x{301}e\x{301} e\x{301} e\x{301}e\x{301}e\x{301}e\x{301}e\x{301}e\x{301}e\x{301}e\x{301}e\x{301}e\x{301}e\x{301}e\x{301}e\x{301}e\x{301}e\x{301}e\x{301}e\x{301}e\x{301}e\x{301}e\x{301}e\x{301}e\x{301}e\x{301}e\x{301}e\x{301}e\x{301}e\x{301}e\x{301}e\x{301}e\x{301}e\x{301}e\x{301}e\x{301}e\x{301}e\x{301}e\x{301}e\x{301}e\x{301}e\x{301}e\x{301}e\x{301}e\x{301}e\x{301} e\x{301}e\x{301}e\x{301}e\x{301}e\x{301}e\x{301}e\x{301}e\x{301}e\x{301}e\x{301}e\x{301}e\x{301}e\x{301}e\x{301}e\x{301}e\x{301}e\x{301}e\x{301}e\x{301}e\x{301}e\x{301}e\x{301}e\x{301}e\x{301}e\x{301}e\x{301}e\x{301}e\x{301}e\x{301}e\x{301} e\x{301}e\x{301}e\x{301}e\x{301}e\x{301}e\x{301}e\x{301}e\x{301}e\x{301}e\x{301}e\x{301}e\x{301}e\x{301}e\x{301}e\x{301}e\x{301}e\x{301}e\x{301}e\x{301}e\x{301}e\x{301}e\x{301}"
          text run at (912,6647) width 0: " "
          text run at (0,6664) width 912: "e\x{301}e\x{301}e\x{301}e\x{301}e\x{301}e\x{301}e\x{301}e\x{301}e\x{301}e\x{301}e\x{301}e\x{301}e\x{301}e\x{301}e\x{301}e\x{301}e\x{301}e\x{301}e\x{301}e\x{301}e\x{301}e\x{301}e\x{301}e\x{301}e\x{301}e\x{301}e\x{301}e\x{301}e\x{301}e\x{301}e\x{301}e\x{301} e\x{301} e\x{301}e\x{301}e\x{301}e\x{301}e\x{301}e\x{301}e\x{301}e\x{301}e\x{301}e\x{301}e\x{301}e\x{301}e\x{301}e\x{301}e\x{301}e\x{301}e\x{301}e\x{301}e\x{301}e\x{301}e\x{301}e\x{301}e\x{301}e\x{301}e\x{301}e\x{301}e\x{301}e\x{301}e\x{301}e\x{301}e\x{301}e\x{301}e\x{301}e\x{301}e\x{301}e\x{301}e\x{301}e\x{301}e\x{301}e\x{301}e\x{301}e\x{301}e\x{301} e\x{301}e\x{301}e\x{301}e\x{301}e\x{301}e\x{301}e\x{301}e\x{301}e\x{301}e\x{301}e\x{301}e\x{301}e\x{301}e\x{301}e\x{301}e\x{301}e\x{301}e\x{301}e\x{301}e\x{301}e\x{301}e\x{301}e\x{301}e\x{301}e\x{301}e\x{301}e\x{301}e\x{301}e\x{301}e\x{301} e\x{301}e\x{301}e\x{301}e\x{301}e\x{301}e\x{301}e\x{301}e\x{301}e\x{301}e\x{301}e\x{301}e\x{301}e\x{301}e\x{301}e\x{301}e\x{301}e\x{301}e\x{301}e\x{301}e\x{301}e\x{301}e\x{301}"
          text run at (912,6664) width 0: " "
          text run at (0,6681) width 912: "e\x{301}e\x{301}e\x{301}e\x{301}e\x{301}e\x{301}e\x{301}e\x{301}e\x{301}e\x{301}e\x{301}e\x{301}e\x{301}e\x{301}e\x{301}e\x{301}e\x{301}e\x{301}e\x{301}e\x{301}e\x{301}e\x{301}e\x{301}e\x{301}e\x{301}e\x{301}e\x{301}e\x{301}e\x{301}e\x{301}e\x{301}e\x{301} e\x{301} e\x{301}e\x{301}e\x{301}e\x{301}e\x{301}e\x{301}e\x{301}e\x{301}e\x{301}e\x{301}e\x{301}e\x{301}e\x{301}e\x{301}e\x{301}e\x{301}e\x{301}e\x{301}e\x{301}e\x{301}e\x{301}e\x{301}e\x{301}e\x{301}e\x{301}e\x{301}e\x{301}e\x{301}e\x{301}e\x{301}e\x{301}e\x{301}e\x{301}e\x{301}e\x{301}e\x{301}e\x{301}e\x{301}e\x{301}e\x{301}e\x{301}e\x{301}e\x{301} e\x{301}e\x{301}e\x{301}e\x{301}e\x{301}e\x{301}e\x{301}e\x{301}e\x{301}e\x{301}e\x{301}e\x{301}e\x{301}e\x{301}e\x{301}e\x{301}e\x{301}e\x{301}e\x{301}e\x{301}e\x{301}e\x{301}e\x{301}e\x{301}e\x{301}e\x{301}e\x{301}e\x{301}e\x{301}e\x{301} e\x{301}e\x{301}e\x{301}e\x{301}e\x{301}e\x{301}e\x{301}e\x{301}e\x{301}e\x{301}e\x{301}e\x{301}e\x{301}e\x{301}e\x{301}e\x{301}e\x{301}e\x{301}e\x{301}e\x{301}e\x{301}e\x{301}"
          text run at (912,6681) width 0: " "
          text run at (0,6698) width 912: "e\x{301}e\x{301}e\x{301}e\x{301}e\x{301}e\x{301}e\x{301}e\x{301}e\x{301}e\x{301}e\x{301}e\x{301}e\x{301}e\x{301}e\x{301}e\x{301}e\x{301}e\x{301}e\x{301}e\x{301}e\x{301}e\x{301}e\x{301}e\x{301}e\x{301}e\x{301}e\x{301}e\x{301}e\x{301}e\x{301}e\x{301}e\x{301} e\x{301} e\x{301}e\x{301}e\x{301}e\x{301}e\x{301}e\x{301}e\x{301}e\x{301}e\x{301}e\x{301}e\x{301}e\x{301}e\x{301}e\x{301}e\x{301}e\x{301}e\x{301}e\x{301}e\x{301}e\x{301}e\x{301}e\x{301}e\x{301}e\x{301}e\x{301}e\x{301}e\x{301}e\x{301}e\x{301}e\x{301}e\x{301}e\x{301}e\x{301}e\x{301}e\x{301}e\x{301}e\x{301}e\x{301}e\x{301}e\x{301}e\x{301}e\x{301}e\x{301} e\x{301}e\x{301}e\x{301}e\x{301}e\x{301}e\x{301}e\x{301}e\x{301}e\x{301}e\x{301}e\x{301}e\x{301}e\x{301}e\x{301}e\x{301}e\x{301}e\x{301}e\x{301}e\x{301}e\x{301}e\x{301}e\x{301}e\x{301}e\x{301}e\x{301}e\x{301}e\x{301}e\x{301}e\x{301}e\x{301} e\x{301}e\x{301}e\x{301}e\x{301}e\x{301}e\x{301}e\x{301}e\x{301}e\x{301}e\x{301}e\x{301}e\x{301}e\x{301}e\x{301}e\x{301}e\x{301}e\x{301}e\x{301}e\x{301}e\x{301}e\x{301}e\x{301}"
          text run at (912,6698) width 0: " "
          text run at (0,6715) width 912: "e\x{301}e\x{301}e\x{301}e\x{301}e\x{301}e\x{301}e\x{301}e\x{301}e\x{301}e\x{301}e\x{301}e\x{301}e\x{301}e\x{301}e\x{301}e\x{301}e\x{301}e\x{301}e\x{301}e\x{301}e\x{301}e\x{301}e\x{301}e\x{301}e\x{301}e\x{301}e\x{301}e\x{301}e\x{301}e\x{301}e\x{301}e\x{301} e\x{301} e\x{301}e\x{301}e\x{301}e\x{301}e\x{301}e\x{301}e\x{301}e\x{301}e\x{301}e\x{301}e\x{301}e\x{301}e\x{301}e\x{301}e\x{301}e\x{301}e\x{301}e\x{301}e\x{301}e\x{301}e\x{301}e\x{301}e\x{301}e\x{301}e\x{301}e\x{301}e\x{301}e\x{301}e\x{301}e\x{301}e\x{301}e\x{301}e\x{301}e\x{301}e\x{301}e\x{301}e\x{301}e\x{301}e\x{301}e\x{301}e\x{301}e\x{301}e\x{301} e\x{301}e\x{301}e\x{301}e\x{301}e\x{301}e\x{301}e\x{301}e\x{301}e\x{301}e\x{301}e\x{301}e\x{301}e\x{301}e\x{301}e\x{301}e\x{301}e\x{301}e\x{301}e\x{301}e\x{301}e\x{301}e\x{301}e\x{301}e\x{301}e\x{301}e\x{301}e\x{301}e\x{301}e\x{301}e\x{301} e\x{301}e\x{301}e\x{301}e\x{301}e\x{301}e\x{301}e\x{301}e\x{301}e\x{301}e\x{301}e\x{301}e\x{301}e\x{301}e\x{301}e\x{301}e\x{301}e\x{301}e\x{301}e\x{301}e\x{301}e\x{301}e\x{301}"
          text run at (912,6715) width 0: " "
          text run at (0,6732) width 912: "e\x{301}e\x{301}e\x{301}e\x{301}e\x{301}e\x{301}e\x{301}e\x{301}e\x{301}e\x{301}e\x{301}e\x{301}e\x{301}e\x{301}e\x{301}e\x{301}e\x{301}e\x{301}e\x{301}e\x{301}e\x{301}e\x{301}e\x{301}e\x{301}e\x{301}e\x{301}e\x{301}e\x{301}e\x{301}e\x{301}e\x{301}e\x{301} e\x{301} e\x{301}e\x{301}e\x{301}e\x{301}e\x{301}e\x{301}e\x{301}e\x{301}e\x{301}e\x{301}e\x{301}e\x{301}e\x{301}e\x{301}e\x{301}e\x{301}e\x{301}e\x{301}e\x{301}e\x{301}e\x{301}e\x{301}e\x{301}e\x{301}e\x{301}e\x{301}e\x{301}e\x{301}e\x{301}e\x{301}e\x{301}e\x{301}e\x{301}e\x{301}e\x{301}e\x{301}e\x{301}e\x{301}e\x{301}e\x{301}e\x{301}e\x{301}e\x{301} e\x{301}e\x{301}e\x{301}e\x{301}e\x{301}e\x{301}e\x{301}e\x{301}e\x{301}e\x{301}e\x{301}e\x{301}e\x{301}e\x{301}e\x{301}e\x{301}e\x{301}e\x{301}e\x{301}e\x{301}e\x{301}e\x{301}e\x{301}e\x{301}e\x{301}e\x{301}e\x{301}e\x{301}e\x{301}e\x{301} e\x{301}e\x{301}e\x{301}e\x{301}e\x{301}e\x{301}e\x{301}e\x{301}e\x{301}e\x{301}e\x{301}e\x{301}e\x{301}e\x{301}e\x{301}e\x{301}e\x{301}e\x{301}e\x{301}e\x{301}e\x{301}e\x{301}"
          text run at (912,6732) width 0: " "
          text run at (0,6749) width 912: "e\x{301}e\x{301}e\x{301}e\x{301}e\x{301}e\x{301}e\x{301}e\x{301}e\x{301}e\x{301}e\x{301}e\x{301}e\x{301}e\x{301}e\x{301}e\x{301}e\x{301}e\x{301}e\x{301}e\x{301}e\x{301}e\x{301}e\x{301}e\x{301}e\x{301}e\x{301}e\x{301}e\x{301}e\x{301}e\x{301}e\x{301}e\x{301} e\x{301} e\x{301}e\x{301}e\x{301}e\x{301}e\x{301}e\x{301}e\x{301}e\x{301}e\x{301}e\x{301}e\x{301}e\x{301}e\x{301}e\x{301}e\x{301}e\x{301}e\x{301}e\x{301}e\x{301}e\x{301}e\x{301}e\x{301}e\x{301}e\x{301}e\x{301}e\x{301}e\x{301}e\x{301}e\x{301}e\x{301}e\x{301}e\x{301}e\x{301}e\x{301}e\x{301}e\x{301}e\x{301}e\x{301}e\x{301}e\x{301}e\x{301}e\x{301}e\x{301} e\x{301}e\x{301}e\x{301}e\x{301}e\x{301}e\x{301}e\x{301}e\x{301}e\x{301}e\x{301}e\x{301}e\x{301}e\x{301}e\x{301}e\x{301}e\x{301}e\x{301}e\x{301}e\x{301}e\x{301}e\x{301}e\x{301}e\x{301}e\x{301}e\x{301}e\x{301}e\x{301}e\x{301}e\x{301}e\x{301} e\x{301}e\x{301}e\x{301}e\x{301}e\x{301}e\x{301}e\x{301}e\x{301}e\x{301}e\x{301}e\x{301}e\x{301}e\x{301}e\x{301}e\x{301}e\x{301}e\x{301}e\x{301}e\x{301}e\x{301}e\x{301}e\x{301}"
          text run at (912,6749) width 0: " "
          text run at (0,6766) width 912: "e\x{301}e\x{301}e\x{301}e\x{301}e\x{301}e\x{301}e\x{301}e\x{301}e\x{301}e\x{301}e\x{301}e\x{301}e\x{301}e\x{301}e\x{301}e\x{301}e\x{301}e\x{301}e\x{301}e\x{301}e\x{301}e\x{301}e\x{301}e\x{301}e\x{301}e\x{301}e\x{301}e\x{301}e\x{301}e\x{301}e\x{301}e\x{301} e\x{301} e\x{301}e\x{301}e\x{301}e\x{301}e\x{301}e\x{301}e\x{301}e\x{301}e\x{301}e\x{301}e\x{301}e\x{301}e\x{301}e\x{301}e\x{301}e\x{301}e\x{301}e\x{301}e\x{301}e\x{301}e\x{301}e\x{301}e\x{301}e\x{301}e\x{301}e\x{301}e\x{301}e\x{301}e\x{301}e\x{301}e\x{301}e\x{301}e\x{301}e\x{301}e\x{301}e\x{301}e\x{301}e\x{301}e\x{301}e\x{301}e\x{301}e\x{301}e\x{301} e\x{301}e\x{301}e\x{301}e\x{301}e\x{301}e\x{301}e\x{301}e\x{301}e\x{301}e\x{301}e\x{301}e\x{301}e\x{301}e\x{301}e\x{301}e\x{301}e\x{301}e\x{301}e\x{301}e\x{301}e\x{301}e\x{301}e\x{301}e\x{301}e\x{301}e\x{301}e\x{301}e\x{301}e\x{301}e\x{301} e\x{301}e\x{301}e\x{301}e\x{301}e\x{301}e\x{301}e\x{301}e\x{301}e\x{301}e\x{301}e\x{301}e\x{301}e\x{301}e\x{301}e\x{301}e\x{301}e\x{301}e\x{301}e\x{301}e\x{301}e\x{301}e\x{301}"
          text run at (912,6766) width 0: " "
          text run at (0,6783) width 912: "e\x{301}e\x{301}e\x{301}e\x{301}e\x{301}e\x{301}e\x{301}e\x{301}e\x{301}e\x{301}e\x{301}e\x{301}e\x{301}e\x{301}e\x{301}e\x{301}e\x{301}e\x{301}e\x{301}e\x{301}e\x{301}e\x{301}e\x{301}e\x{301}e\x{301}e\x{301}e\x{301}e\x{301}e\x{301}e\x{301}e\x{301}e\x{301} e\x{301} e\x{301}e\x{301}e\x{301}e\x{301}e\x{301}e\x{301}e\x{301}e\x{301}e\x{301}e\x{301}e\x{301}e\x{301}e\x{301}e\x{301}e\x{301}e\x{301}e\x{301}e\x{301}e\x{301}e\x{301}e\x{301}e\x{301}e\x{301}e\x{301}e\x{301}e\x{301}e\x{301}e\x{301}e\x{301}e\x{301}e\x{301}e\x{301}e\x{301}e\x{301}e\x{301}e\x{301}e\x{301}e\x{301}e\x{301}e\x{301}e\x{301}e\x{301}e\x{301} e\x{301}e\x{301}e\x{301}e\x{301}e\x{301}e\x{301}e\x{301}e\x{301}e\x{301}e\x{301}e\x{301}e\x{301}e\x{301}e\x{301}e\x{301}e\x{301}e\x{301}e\x{301}e\x{301}e\x{301}e\x{301}e\x{301}e\x{301}e\x{301}e\x{301}e\x{301}e\x{301}e\x{301}e\x{301}e\x{301} e\x{301}e\x{301}e\x{301}e\x{301}e\x{301}e\x{301}e\x{301}e\x{301}e\x{301}e\x{301}e\x{301}e\x{301}e\x{301}e\x{301}e\x{301}e\x{301}e\x{301}e\x{301}e\x{301}e\x{301}e\x{301}e\x{301}"
          text run at (912,6783) width 0: " "
          text run at (0,6800) width 912: "e\x{301}e\x{301}e\x{301}e\x{301}e\x{301}e\x{301}e\x{301}e\x{301}e\x{301}e\x{301}e\x{301}e\x{301}e\x{301}e\x{301}e\x{301}e\x{301}e\x{301}e\x{301}e\x{301}e\x{301}e\x{301}e\x{301}e\x{301}e\x{301}e\x{301}e\x{301}e\x{301}e\x{301}e\x{301}e\x{301}e\x{301}e\x{301} e\x{301} e\x{301}e\x{301}e\x{301}e\x{301}e\x{301}e\x{301}e\x{301}e\x{301}e\x{301}e\x{301}e\x{301}e\x{301}e\x{301}e\x{301}e\x{301}e\x{301}e\x{301}e\x{301}e\x{301}e\x{301}e\x{301}e\x{301}e\x{301}e\x{301}e\x{301}e\x{301}e\x{301}e\x{301}e\x{301}e\x{301}e\x{301}e\x{301}e\x{301}e\x{301}e\x{301}e\x{301}e\x{301}e\x{301}e\x{301}e\x{301}e\x{301}e\x{301}e\x{301} e\x{301}e\x{301}e\x{301}e\x{301}e\x{301}e\x{301}e\x{301}e\x{301}e\x{301}e\x{301}e\x{301}e\x{301}e\x{301}e\x{301}e\x{301}e\x{301}e\x{301}e\x{301}e\x{301}e\x{301}e\x{301}e\x{301}e\x{301}e\x{301}e\x{301}e\x{301}e\x{301}e\x{301}e\x{301}e\x{301} e\x{301}e\x{301}e\x{301}e\x{301}e\x{301}e\x{301}e\x{301}e\x{301}e\x{301}e\x{301}e\x{301}e\x{301}e\x{301}e\x{301}e\x{301}e\x{301}e\x{301}e\x{301}e\x{301}e\x{301}e\x{301}e\x{301}"
          text run at (912,6800) width 0: " "
          text run at (0,6817) width 912: "e\x{301}e\x{301}e\x{301}e\x{301}e\x{301}e\x{301}e\x{301}e\x{301}e\x{301}e\x{301}e\x{301}e\x{301}e\x{301}e\x{301}e\x{301}e\x{301}e\x{301}e\x{301}e\x{301}e\x{301}e\x{301}e\x{301}e\x{301}e\x{301}e\x{301}e\x{301}e\x{301}e\x{301}e\x{301}e\x{301}e\x{301}e\x{301} e\x{301} e\x{301}e\x{301}e\x{301}e\x{301}e\x{301}e\x{301}e\x{301}e\x{301}e\x{301}e\x{301}e\x{301}e\x{301}e\x{301}e\x{301}e\x{301}e\x{301}e\x{301}e\x{301}e\x{301}e\x{301}e\x{301}e\x{301}e\x{301}e\x{301}e\x{301}e\x{301}e\x{301}e\x{301}e\x{301}e\x{301}e\x{301}e\x{301}e\x{301}e\x{301}e\x{301}e\x{301}e\x{301}e\x{301}e\x{301}e\x{301}e\x{301}e\x{301}e\x{301} e\x{301}e\x{301}e\x{301}e\x{301}e\x{301}e\x{301}e\x{301}e\x{301}e\x{301}e\x{301}e\x{301}e\x{301}e\x{301}e\x{301}e\x{301}e\x{301}e\x{301}e\x{301}e\x{301}e\x{301}e\x{301}e\x{301}e\x{301}e\x{301}e\x{301}e\x{301}e\x{301}e\x{301}e\x{301}e\x{301} e\x{301}e\x{301}e\x{301}e\x{301}e\x{301}e\x{301}e\x{301}e\x{301}e\x{301}e\x{301}e\x{301}e\x{301}e\x{301}e\x{301}e\x{301}e\x{301}e\x{301}e\x{301}e\x{301}e\x{301}e\x{301}e\x{301}"
          text run at (912,6817) width 0: " "
          text run at (0,6834) width 912: "e\x{301}e\x{301}e\x{301}e\x{301}e\x{301}e\x{301}e\x{301}e\x{301}e\x{301}e\x{301}e\x{301}e\x{301}e\x{301}e\x{301}e\x{301}e\x{301}e\x{301}e\x{301}e\x{301}e\x{301}e\x{301}e\x{301}e\x{301}e\x{301}e\x{301}e\x{301}e\x{301}e\x{301}e\x{301}e\x{301}e\x{301}e\x{301} e\x{301} e\x{301}e\x{301}e\x{301}e\x{301}e\x{301}e\x{301}e\x{301}e\x{301}e\x{301}e\x{301}e\x{301}e\x{301}e\x{301}e\x{301}e\x{301}e\x{301}e\x{301}e\x{301}e\x{301}e\x{301}e\x{301}e\x{301}e\x{301}e\x{301}e\x{301}e\x{301}e\x{301}e\x{301}e\x{301}e\x{301}e\x{301}e\x{301}e\x{301}e\x{301}e\x{301}e\x{301}e\x{301}e\x{301}e\x{301}e\x{301}e\x{301}e\x{301}e\x{301} e\x{301}e\x{301}e\x{301}e\x{301}e\x{301}e\x{301}e\x{301}e\x{301}e\x{301}e\x{301}e\x{301}e\x{301}e\x{301}e\x{301}e\x{301}e\x{301}e\x{301}e\x{301}e\x{301}e\x{301}e\x{301}e\x{301}e\x{301}e\x{301}e\x{301}e\x{301}e\x{301}e\x{301}e\x{301}e\x{301} e\x{301}e\x{301}e\x{301}e\x{301}e\x{301}e\x{301}e\x{301}e\x{301}e\x{301}e\x{301}e\x{301}e\x{301}e\x{301}e\x{301}e\x{301}e\x{301}e\x{301}e\x{301}e\x{301}e\x{301}e\x{301}e\x{301}"
          text run at (912,6834) width 0: " "
          text run at (0,6851) width 912: "e\x{301}e\x{301}e\x{301}e\x{301}e\x{301}e\x{301}e\x{301}e\x{301}e\x{301}e\x{301}e\x{301}e\x{301}e\x{301}e\x{301}e\x{301}e\x{301}e\x{301}e\x{301}e\x{301}e\x{301}e\x{301}e\x{301}e\x{301}e\x{301}e\x{301}e\x{301}e\x{301}e\x{301}e\x{301}e\x{301}e\x{301}e\x{301} e\x{301} e\x{301}e\x{301}e\x{301}e\x{301}e\x{301}e\x{301}e\x{301}e\x{301}e\x{301}e\x{301}e\x{301}e\x{301}e\x{301}e\x{301}e\x{301}e\x{301}e\x{301}e\x{301}e\x{301}e\x{301}e\x{301}e\x{301}e\x{301}e\x{301}e\x{301}e\x{301}e\x{301}e\x{301}e\x{301}e\x{301}e\x{301}e\x{301}e\x{301}e\x{301}e\x{301}e\x{301}e\x{301}e\x{301}e\x{301}e\x{301}e\x{301}e\x{301}e\x{301} e\x{301}e\x{301}e\x{301}e\x{301}e\x{301}e\x{301}e\x{301}e\x{301}e\x{301}e\x{301}e\x{301}e\x{301}e\x{301}e\x{301}e\x{301}e\x{301}e\x{301}e\x{301}e\x{301}e\x{301}e\x{301}e\x{301}e\x{301}e\x{301}e\x{301}e\x{301}e\x{301}e\x{301}e\x{301}e\x{301} e\x{301}e\x{301}e\x{301}e\x{301}e\x{301}e\x{301}e\x{301}e\x{301}e\x{301}e\x{301}e\x{301}e\x{301}e\x{301}e\x{301}e\x{301}e\x{301}e\x{301}e\x{301}e\x{301}e\x{301}e\x{301}e\x{301}"
          text run at (912,6851) width 0: " "
          text run at (0,6868) width 912: "e\x{301}e\x{301}e\x{301}e\x{301}e\x{301}e\x{301}e\x{301}e\x{301}e\x{301}e\x{301}e\x{301}e\x{301}e\x{301}e\x{301}e\x{301}e\x{301}e\x{301}e\x{301}e\x{301}e\x{301}e\x{301}e\x{301}e\x{301}e\x{301}e\x{301}e\x{301}e\x{301}e\x{301}e\x{301}e\x{301}e\x{301}e\x{301} e\x{301} e\x{301}e\x{301}e\x{301}e\x{301}e\x{301}e\x{301}e\x{301}e\x{301}e\x{301}e\x{301}e\x{301}e\x{301}e\x{301}e\x{301}e\x{301}e\x{301}e\x{301}e\x{301}e\x{301}e\x{301}e\x{301}e\x{301}e\x{301}e\x{301}e\x{301}e\x{301}e\x{301}e\x{301}e\x{301}e\x{301}e\x{301}e\x{301}e\x{301}e\x{301}e\x{301}e\x{301}e\x{301}e\x{301}e\x{301}e\x{301}e\x{301}e\x{301}e\x{301} e\x{301}e\x{301}e\x{301}e\x{301}e\x{301}e\x{301}e\x{301}e\x{301}e\x{301}e\x{301}e\x{301}e\x{301}e\x{301}e\x{301}e\x{301}e\x{301}e\x{301}e\x{301}e\x{301}e\x{301}e\x{301}e\x{301}e\x{301}e\x{301}e\x{301}e\x{301}e\x{301}e\x{301}e\x{301}e\x{301} e\x{301}e\x{301}e\x{301}e\x{301}e\x{301}e\x{301}e\x{301}e\x{301}e\x{301}e\x{301}e\x{301}e\x{301}e\x{301}e\x{301}e\x{301}e\x{301}e\x{301}e\x{301}e\x{301}e\x{301}e\x{301}e\x{301}"
          text run at (912,6868) width 0: " "
          text run at (0,6885) width 912: "e\x{301}e\x{301}e\x{301}e\x{301}e\x{301}e\x{301}e\x{301}e\x{301}e\x{301}e\x{301}e\x{301}e\x{301}e\x{301}e\x{301}e\x{301}e\x{301}e\x{301}e\x{301}e\x{301}e\x{301}e\x{301}e\x{301}e\x{301}e\x{301}e\x{301}e\x{301}e\x{301}e\x{301}e\x{301}e\x{301}e\x{301}e\x{301} e\x{301} e\x{301}e\x{301}e\x{301}e\x{301}e\x{301}e\x{301}e\x{301}e\x{301}e\x{301}e\x{301}e\x{301}e\x{301}e\x{301}e\x{301}e\x{301}e\x{301}e\x{301}e\x{301}e\x{301}e\x{301}e\x{301}e\x{301}e\x{301}e\x{301}e\x{301}e\x{301}e\x{301}e\x{301}e\x{301}e\x{301}e\x{301}e\x{301}e\x{301}e\x{301}e\x{301}e\x{301}e\x{301}e\x{301}e\x{301}e\x{301}e\x{301}e\x{301}e\x{301} e\x{301}e\x{301}e\x{301}e\x{301}e\x{301}e\x{301}e\x{301}e\x{301}e\x{301}e\x{301}e\x{301}e\x{301}e\x{301}e\x{301}e\x{301}e\x{301}e\x{301}e\x{301}e\x{301}e\x{301}e\x{301}e\x{301}e\x{301}e\x{301}e\x{301}e\x{301}e\x{301}e\x{301}e\x{301}e\x{301} e\x{301}e\x{301}e\x{301}e\x{301}e\x{301}e\x{301}e\x{301}e\x{301}e\x{301}e\x{301}e\x{301}e\x{301}e\x{301}e\x{301}e\x{301}e\x{301}e\x{301}e\x{301}e\x{301}e\x{301}e\x{301}e\x{301}"
          text run at (912,6885) width 0: " "
          text run at (0,6902) width 912: "e\x{301}e\x{301}e\x{301}e\x{301}e\x{301}e\x{301}e\x{301}e\x{301}e\x{301}e\x{301}e\x{301}e\x{301}e\x{301}e\x{301}e\x{301}e\x{301}e\x{301}e\x{301}e\x{301}e\x{301}e\x{301}e\x{301}e\x{301}e\x{301}e\x{301}e\x{301}e\x{301}e\x{301}e\x{301}e\x{301}e\x{301}e\x{301} e\x{301} e\x{301}e\x{301}e\x{301}e\x{301}e\x{301}e\x{301}e\x{301}e\x{301}e\x{301}e\x{301}e\x{301}e\x{301}e\x{301}e\x{301}e\x{301}e\x{301}e\x{301}e\x{301}e\x{301}e\x{301}e\x{301}e\x{301}e\x{301}e\x{301}e\x{301}e\x{301}e\x{301}e\x{301}e\x{301}e\x{301}e\x{301}e\x{301}e\x{301}e\x{301}e\x{301}e\x{301}e\x{301}e\x{301}e\x{301}e\x{301}e\x{301}e\x{301}e\x{301} e\x{301}e\x{301}e\x{301}e\x{301}e\x{301}e\x{301}e\x{301}e\x{301}e\x{301}e\x{301}e\x{301}e\x{301}e\x{301}e\x{301}e\x{301}e\x{301}e\x{301}e\x{301}e\x{301}e\x{301}e\x{301}e\x{301}e\x{301}e\x{301}e\x{301}e\x{301}e\x{301}e\x{301}e\x{301}e\x{301} e\x{301}e\x{301}e\x{301}e\x{301}e\x{301}e\x{301}e\x{301}e\x{301}e\x{301}e\x{301}e\x{301}e\x{301}e\x{301}e\x{301}e\x{301}e\x{301}e\x{301}e\x{301}e\x{301}e\x{301}e\x{301}e\x{301}"
          text run at (912,6902) width 0: " "
          text run at (0,6919) width 912: "e\x{301}e\x{301}e\x{301}e\x{301}e\x{301}e\x{301}e\x{301}e\x{301}e\x{301}e\x{301}e\x{301}e\x{301}e\x{301}e\x{301}e\x{301}e\x{301}e\x{301}e\x{301}e\x{301}e\x{301}e\x{301}e\x{301}e\x{301}e\x{301}e\x{301}e\x{301}e\x{301}e\x{301}e\x{301}e\x{301}e\x{301}e\x{301} e\x{301} e\x{301}e\x{301}e\x{301}e\x{301}e\x{301}e\x{301}e\x{301}e\x{301}e\x{301}e\x{301}e\x{301}e\x{301}e\x{301}e\x{301}e\x{301}e\x{301}e\x{301}e\x{301}e\x{301}e\x{301}e\x{301}e\x{301}e\x{301}e\x{301}e\x{301}e\x{301}e\x{301}e\x{301}e\x{301}e\x{301}e\x{301}e\x{301}e\x{301}e\x{301}e\x{301}e\x{301}e\x{301}e\x{301}e\x{301}e\x{301}e\x{301}e\x{301}e\x{301} e\x{301}e\x{301}e\x{301}e\x{301}e\x{301}e\x{301}e\x{301}e\x{301}e\x{301}e\x{301}e\x{301}e\x{301}e\x{301}e\x{301}e\x{301}e\x{301}e\x{301}e\x{301}e\x{301}e\x{301}e\x{301}e\x{301}e\x{301}e\x{301}e\x{301}e\x{301}e\x{301}e\x{301}e\x{301}e\x{301} e\x{301}e\x{301}e\x{301}e\x{301}e\x{301}e\x{301}e\x{301}e\x{301}e\x{301}e\x{301}e\x{301}e\x{301}e\x{301}e\x{301}e\x{301}e\x{301}e\x{301}e\x{301}e\x{301}e\x{301}e\x{301}e\x{301}"
          text run at (912,6919) width 0: " "
          text run at (0,6936) width 912: "e\x{301}e\x{301}e\x{301}e\x{301}e\x{301}e\x{301}e\x{301}e\x{301}e\x{301}e\x{301}e\x{301}e\x{301}e\x{301}e\x{301}e\x{301}e\x{301}e\x{301}e\x{301}e\x{301}e\x{301}e\x{301}e\x{301}e\x{301}e\x{301}e\x{301}e\x{301}e\x{301}e\x{301}e\x{301}e\x{301}e\x{301}e\x{301} e\x{301} e\x{301}e\x{301}e\x{301}e\x{301}e\x{301}e\x{301}e\x{301}e\x{301}e\x{301}e\x{301}e\x{301}e\x{301}e\x{301}e\x{301}e\x{301}e\x{301}e\x{301}e\x{301}e\x{301}e\x{301}e\x{301}e\x{301}e\x{301}e\x{301}e\x{301}e\x{301}e\x{301}e\x{301}e\x{301}e\x{301}e\x{301}e\x{301}e\x{301}e\x{301}e\x{301}e\x{301}e\x{301}e\x{301}e\x{301}e\x{301}e\x{301}e\x{301}e\x{301} e\x{301}e\x{301}e\x{301}e\x{301}e\x{301}e\x{301}e\x{301}e\x{301}e\x{301}e\x{301}e\x{301}e\x{301}e\x{301}e\x{301}e\x{301}e\x{301}e\x{301}e\x{301}e\x{301}e\x{301}e\x{301}e\x{301}e\x{301}e\x{301}e\x{301}e\x{301}e\x{301}e\x{301}e\x{301}e\x{301} e\x{301}e\x{301}e\x{301}e\x{301}e\x{301}e\x{301}e\x{301}e\x{301}e\x{301}e\x{301}e\x{301}e\x{301}e\x{301}e\x{301}e\x{301}e\x{301}e\x{301}e\x{301}e\x{301}e\x{301}e\x{301}e\x{301}"
          text run at (912,6936) width 0: " "
          text run at (0,6953) width 912: "e\x{301}e\x{301}e\x{301}e\x{301}e\x{301}e\x{301}e\x{301}e\x{301}e\x{301}e\x{301}e\x{301}e\x{301}e\x{301}e\x{301}e\x{301}e\x{301}e\x{301}e\x{301}e\x{301}e\x{301}e\x{301}e\x{301}e\x{301}e\x{301}e\x{301}e\x{301}e\x{301}e\x{301}e\x{301}e\x{301}e\x{301}e\x{301} e\x{301} e\x{301}e\x{301}e\x{301}e\x{301}e\x{301}e\x{301}e\x{301}e\x{301}e\x{301}e\x{301}e\x{301}e\x{301}e\x{301}e\x{301}e\x{301}e\x{301}e\x{301}e\x{301}e\x{301}e\x{301}e\x{301}e\x{301}e\x{301}e\x{301}e\x{301}e\x{301}e\x{301}e\x{301}e\x{301}e\x{301}e\x{301}e\x{301}e\x{301}e\x{301}e\x{301}e\x{301}e\x{301}e\x{301}e\x{301}e\x{301}e\x{301}e\x{301}e\x{301} e\x{301}e\x{301}e\x{301}e\x{301}e\x{301}e\x{301}e\x{301}e\x{301}e\x{301}e\x{301}e\x{301}e\x{301}e\x{301}e\x{301}e\x{301}e\x{301}e\x{301}e\x{301}e\x{301}e\x{301}e\x{301}e\x{301}e\x{301}e\x{301}e\x{301}e\x{301}e\x{301}e\x{301}e\x{301}e\x{301} e\x{301}e\x{301}e\x{301}e\x{301}e\x{301}e\x{301}e\x{301}e\x{301}e\x{301}e\x{301}e\x{301}e\x{301}e\x{301}e\x{301}e\x{301}e\x{301}e\x{301}e\x{301}e\x{301}e\x{301}e\x{301}e\x{301}"
          text run at (912,6953) width 0: " "
          text run at (0,6970) width 912: "e\x{301}e\x{301}e\x{301}e\x{301}e\x{301}e\x{301}e\x{301}e\x{301}e\x{301}e\x{301}e\x{301}e\x{301}e\x{301}e\x{301}e\x{301}e\x{301}e\x{301}e\x{301}e\x{301}e\x{301}e\x{301}e\x{301}e\x{301}e\x{301}e\x{301}e\x{301}e\x{301}e\x{301}e\x{301}e\x{301}e\x{301}e\x{301} e\x{301} e\x{301}e\x{301}e\x{301}e\x{301}e\x{301}e\x{301}e\x{301}e\x{301}e\x{301}e\x{301}e\x{301}e\x{301}e\x{301}e\x{301}e\x{301}e\x{301}e\x{301}e\x{301}e\x{301}e\x{301}e\x{301}e\x{301}e\x{301}e\x{301}e\x{301}e\x{301}e\x{301}e\x{301}e\x{301}e\x{301}e\x{301}e\x{301}e\x{301}e\x{301}e\x{301}e\x{301}e\x{301}e\x{301}e\x{301}e\x{301}e\x{301}e\x{301}e\x{301} e\x{301}e\x{301}e\x{301}e\x{301}e\x{301}e\x{301}e\x{301}e\x{301}e\x{301}e\x{301}e\x{301}e\x{301}e\x{301}e\x{301}e\x{301}e\x{301}e\x{301}e\x{301}e\x{301}e\x{301}e\x{301}e\x{301}e\x{301}e\x{301}e\x{301}e\x{301}e\x{301}e\x{301}e\x{301}e\x{301} e\x{301}e\x{301}e\x{301}e\x{301}e\x{301}e\x{301}e\x{301}e\x{301}e\x{301}e\x{301}e\x{301}e\x{301}e\x{301}e\x{301}e\x{301}e\x{301}e\x{301}e\x{301}e\x{301}e\x{301}e\x{301}e\x{301}"
          text run at (912,6970) width 0: " "
          text run at (0,6987) width 912: "e\x{301}e\x{301}e\x{301}e\x{301}e\x{301}e\x{301}e\x{301}e\x{301}e\x{301}e\x{301}e\x{301}e\x{301}e\x{301}e\x{301}e\x{301}e\x{301}e\x{301}e\x{301}e\x{301}e\x{301}e\x{301}e\x{301}e\x{301}e\x{301}e\x{301}e\x{301}e\x{301}e\x{301}e\x{301}e\x{301}e\x{301}e\x{301} e\x{301} e\x{301}e\x{301}e\x{301}e\x{301}e\x{301}e\x{301}e\x{301}e\x{301}e\x{301}e\x{301}e\x{301}e\x{301}e\x{301}e\x{301}e\x{301}e\x{301}e\x{301}e\x{301}e\x{301}e\x{301}e\x{301}e\x{301}e\x{301}e\x{301}e\x{301}e\x{301}e\x{301}e\x{301}e\x{301}e\x{301}e\x{301}e\x{301}e\x{301}e\x{301}e\x{301}e\x{301}e\x{301}e\x{301}e\x{301}e\x{301}e\x{301}e\x{301}e\x{301} e\x{301}e\x{301}e\x{301}e\x{301}e\x{301}e\x{301}e\x{301}e\x{301}e\x{301}e\x{301}e\x{301}e\x{301}e\x{301}e\x{301}e\x{301}e\x{301}e\x{301}e\x{301}e\x{301}e\x{301}e\x{301}e\x{301}e\x{301}e\x{301}e\x{301}e\x{301}e\x{301}e\x{301}e\x{301}e\x{301} e\x{301}e\x{301}e\x{301}e\x{301}e\x{301}e\x{301}e\x{301}e\x{301}e\x{301}e\x{301}e\x{301}e\x{301}e\x{301}e\x{301}e\x{301}e\x{301}e\x{301}e\x{301}e\x{301}e\x{301}e\x{301}e\x{301}"
          text run at (912,6987) width 0: " "
          text run at (0,7004) width 912: "e\x{301}e\x{301}e\x{301}e\x{301}e\x{301}e\x{301}e\x{301}e\x{301}e\x{301}e\x{301}e\x{301}e\x{301}e\x{301}e\x{301}e\x{301}e\x{301}e\x{301}e\x{301}e\x{301}e\x{301}e\x{301}e\x{301}e\x{301}e\x{301}e\x{301}e\x{301}e\x{301}e\x{301}e\x{301}e\x{301}e\x{301}e\x{301} e\x{301} e\x{301}e\x{301}e\x{301}e\x{301}e\x{301}e\x{301}e\x{301}e\x{301}e\x{301}e\x{301}e\x{301}e\x{301}e\x{301}e\x{301}e\x{301}e\x{301}e\x{301}e\x{301}e\x{301}e\x{301}e\x{301}e\x{301}e\x{301}e\x{301}e\x{301}e\x{301}e\x{301}e\x{301}e\x{301}e\x{301}e\x{301}e\x{301}e\x{301}e\x{301}e\x{301}e\x{301}e\x{301}e\x{301}e\x{301}e\x{301}e\x{301}e\x{301}e\x{301} e\x{301}e\x{301}e\x{301}e\x{301}e\x{301}e\x{301}e\x{301}e\x{301}e\x{301}e\x{301}e\x{301}e\x{301}e\x{301}e\x{301}e\x{301}e\x{301}e\x{301}e\x{301}e\x{301}e\x{301}e\x{301}e\x{301}e\x{301}e\x{301}e\x{301}e\x{301}e\x{301}e\x{301}e\x{301}e\x{301} e\x{301}e\x{301}e\x{301}e\x{301}e\x{301}e\x{301}e\x{301}e\x{301}e\x{301}e\x{301}e\x{301}e\x{301}e\x{301}e\x{301}e\x{301}e\x{301}e\x{301}e\x{301}e\x{301}e\x{301}e\x{301}e\x{301}"
          text run at (912,7004) width 0: " "
          text run at (0,7021) width 912: "e\x{301}e\x{301}e\x{301}e\x{301}e\x{301}e\x{301}e\x{301}e\x{301}e\x{301}e\x{301}e\x{301}e\x{301}e\x{301}e\x{301}e\x{301}e\x{301}e\x{301}e\x{301}e\x{301}e\x{301}e\x{301}e\x{301}e\x{301}e\x{301}e\x{301}e\x{301}e\x{301}e\x{301}e\x{301}e\x{301}e\x{301}e\x{301} e\x{301} e\x{301}e\x{301}e\x{301}e\x{301}e\x{301}e\x{301}e\x{301}e\x{301}e\x{301}e\x{301}e\x{301}e\x{301}e\x{301}e\x{301}e\x{301}e\x{301}e\x{301}e\x{301}e\x{301}e\x{301}e\x{301}e\x{301}e\x{301}e\x{301}e\x{301}e\x{301}e\x{301}e\x{301}e\x{301}e\x{301}e\x{301}e\x{301}e\x{301}e\x{301}e\x{301}e\x{301}e\x{301}e\x{301}e\x{301}e\x{301}e\x{301}e\x{301}e\x{301} e\x{301}e\x{301}e\x{301}e\x{301}e\x{301}e\x{301}e\x{301}e\x{301}e\x{301}e\x{301}e\x{301}e\x{301}e\x{301}e\x{301}e\x{301}e\x{301}e\x{301}e\x{301}e\x{301}e\x{301}e\x{301}e\x{301}e\x{301}e\x{301}e\x{301}e\x{301}e\x{301}e\x{301}e\x{301}e\x{301} e\x{301}e\x{301}e\x{301}e\x{301}e\x{301}e\x{301}e\x{301}e\x{301}e\x{301}e\x{301}e\x{301}e\x{301}e\x{301}e\x{301}e\x{301}e\x{301}e\x{301}e\x{301}e\x{301}e\x{301}e\x{301}e\x{301}"
          text run at (912,7021) width 0: " "
          text run at (0,7038) width 912: "e\x{301}e\x{301}e\x{301}e\x{301}e\x{301}e\x{301}e\x{301}e\x{301}e\x{301}e\x{301}e\x{301}e\x{301}e\x{301}e\x{301}e\x{301}e\x{301}e\x{301}e\x{301}e\x{301}e\x{301}e\x{301}e\x{301}e\x{301}e\x{301}e\x{301}e\x{301}e\x{301}e\x{301}e\x{301}e\x{301}e\x{301}e\x{301} e\x{301} e\x{301}e\x{301}e\x{301}e\x{301}e\x{301}e\x{301}e\x{301}e\x{301}e\x{301}e\x{301}e\x{301}e\x{301}e\x{301}e\x{301}e\x{301}e\x{301}e\x{301}e\x{301}e\x{301}e\x{301}e\x{301}e\x{301}e\x{301}e\x{301}e\x{301}e\x{301}e\x{301}e\x{301}e\x{301}e\x{301}e\x{301}e\x{301}e\x{301}e\x{301}e\x{301}e\x{301}e\x{301}e\x{301}e\x{301}e\x{301}e\x{301}e\x{301}e\x{301} e\x{301}e\x{301}e\x{301}e\x{301}e\x{301}e\x{301}e\x{301}e\x{301}e\x{301}e\x{301}e\x{301}e\x{301}e\x{301}e\x{301}e\x{301}e\x{301}e\x{301}e\x{301}e\x{301}e\x{301}e\x{301}e\x{301}e\x{301}e\x{301}e\x{301}e\x{301}e\x{301}e\x{301}e\x{301}e\x{301} e\x{301}e\x{301}e\x{301}e\x{301}e\x{301}e\x{301}e\x{301}e\x{301}e\x{301}e\x{301}e\x{301}e\x{301}e\x{301}e\x{301}e\x{301}e\x{301}e\x{301}e\x{301}e\x{301}e\x{301}e\x{301}e\x{301}"
          text run at (912,7038) width 0: " "
          text run at (0,7055) width 912: "e\x{301}e\x{301}e\x{301}e\x{301}e\x{301}e\x{301}e\x{301}e\x{301}e\x{301}e\x{301}e\x{301}e\x{301}e\x{301}e\x{301}e\x{301}e\x{301}e\x{301}e\x{301}e\x{301}e\x{301}e\x{301}e\x{301}e\x{301}e\x{301}e\x{301}e\x{301}e\x{301}e\x{301}e\x{301}e\x{301}e\x{301}e\x{301} e\x{301} e\x{301}e\x{301}e\x{301}e\x{301}e\x{301}e\x{301}e\x{301}e\x{301}e\x{301}e\x{301}e\x{301}e\x{301}e\x{301}e\x{301}e\x{301}e\x{301}e\x{301}e\x{301}e\x{301}e\x{301}e\x{301}e\x{301}e\x{301}e\x{301}e\x{301}e\x{301}e\x{301}e\x{301}e\x{301}e\x{301}e\x{301}e\x{301}e\x{301}e\x{301}e\x{301}e\x{301}e\x{301}e\x{301}e\x{301}e\x{301}e\x{301}e\x{301}e\x{301} e\x{301}e\x{301}e\x{301}e\x{301}e\x{301}e\x{301}e\x{301}e\x{301}e\x{301}e\x{301}e\x{301}e\x{301}e\x{301}e\x{301}e\x{301}e\x{301}e\x{301}e\x{301}e\x{301}e\x{301}e\x{301}e\x{301}e\x{301}e\x{301}e\x{301}e\x{301}e\x{301}e\x{301}e\x{301}e\x{301} e\x{301}e\x{301}e\x{301}e\x{301}e\x{301}e\x{301}e\x{301}e\x{301}e\x{301}e\x{301}e\x{301}e\x{301}e\x{301}e\x{301}e\x{301}e\x{301}e\x{301}e\x{301}e\x{301}e\x{301}e\x{301}e\x{301}"
          text run at (912,7055) width 0: " "
          text run at (0,7072) width 912: "e\x{301}e\x{301}e\x{301}e\x{301}e\x{301}e\x{301}e\x{301}e\x{301}e\x{301}e\x{301}e\x{301}e\x{301}e\x{301}e\x{301}e\x{301}e\x{301}e\x{301}e\x{301}e\x{301}e\x{301}e\x{301}e\x{301}e\x{301}e\x{301}e\x{301}e\x{301}e\x{301}e\x{301}e\x{301}e\x{301}e\x{301}e\x{301} e\x{301} e\x{301}e\x{301}e\x{301}e\x{301}e\x{301}e\x{301}e\x{301}e\x{301}e\x{301}e\x{301}e\x{301}e\x{301}e\x{301}e\x{301}e\x{301}e\x{301}e\x{301}e\x{301}e\x{301}e\x{301}e\x{301}e\x{301}e\x{301}e\x{301}e\x{301}e\x{301}e\x{301}e\x{301}e\x{301}e\x{301}e\x{301}e\x{301}e\x{301}e\x{301}e\x{301}e\x{301}e\x{301}e\x{301}e\x{301}e\x{301}e\x{301}e\x{301}e\x{301} e\x{301}e\x{301}e\x{301}e\x{301}e\x{301}e\x{301}e\x{301}e\x{301}e\x{301}e\x{301}e\x{301}e\x{301}e\x{301}e\x{301}e\x{301}e\x{301}e\x{301}e\x{301}e\x{301}e\x{301}e\x{301}e\x{301}e\x{301}e\x{301}e\x{301}e\x{301}e\x{301}e\x{301}e\x{301}e\x{301} e\x{301}e\x{301}e\x{301}e\x{301}e\x{301}e\x{301}e\x{301}e\x{301}e\x{301}e\x{301}e\x{301}e\x{301}e\x{301}e\x{301}e\x{301}e\x{301}e\x{301}e\x{301}e\x{301}e\x{301}e\x{301}e\x{301}"
          text run at (912,7072) width 0: " "
          text run at (0,7089) width 912: "e\x{301}e\x{301}e\x{301}e\x{301}e\x{301}e\x{301}e\x{301}e\x{301}e\x{301}e\x{301}e\x{301}e\x{301}e\x{301}e\x{301}e\x{301}e\x{301}e\x{301}e\x{301}e\x{301}e\x{301}e\x{301}e\x{301}e\x{301}e\x{301}e\x{301}e\x{301}e\x{301}e\x{301}e\x{301}e\x{301}e\x{301}e\x{301} e\x{301} e\x{301}e\x{301}e\x{301}e\x{301}e\x{301}e\x{301}e\x{301}e\x{301}e\x{301}e\x{301}e\x{301}e\x{301}e\x{301}e\x{301}e\x{301}e\x{301}e\x{301}e\x{301}e\x{301}e\x{301}e\x{301}e\x{301}e\x{301}e\x{301}e\x{301}e\x{301}e\x{301}e\x{301}e\x{301}e\x{301}e\x{301}e\x{301}e\x{301}e\x{301}e\x{301}e\x{301}e\x{301}e\x{301}e\x{301}e\x{301}e\x{301}e\x{301}e\x{301} e\x{301}e\x{301}e\x{301}e\x{301}e\x{301}e\x{301}e\x{301}e\x{301}e\x{301}e\x{301}e\x{301}e\x{301}e\x{301}e\x{301}e\x{301}e\x{301}e\x{301}e\x{301}e\x{301}e\x{301}e\x{301}e\x{301}e\x{301}e\x{301}e\x{301}e\x{301}e\x{301}e\x{301}e\x{301}e\x{301} e\x{301}e\x{301}e\x{301}e\x{301}e\x{301}e\x{301}e\x{301}e\x{301}e\x{301}e\x{301}e\x{301}e\x{301}e\x{301}e\x{301}e\x{301}e\x{301}e\x{301}e\x{301}e\x{301}e\x{301}e\x{301}e\x{301}"
          text run at (912,7089) width 0: " "
          text run at (0,7106) width 912: "e\x{301}e\x{301}e\x{301}e\x{301}e\x{301}e\x{301}e\x{301}e\x{301}e\x{301}e\x{301}e\x{301}e\x{301}e\x{301}e\x{301}e\x{301}e\x{301}e\x{301}e\x{301}e\x{301}e\x{301}e\x{301}e\x{301}e\x{301}e\x{301}e\x{301}e\x{301}e\x{301}e\x{301}e\x{301}e\x{301}e\x{301}e\x{301} e\x{301} e\x{301}e\x{301}e\x{301}e\x{301}e\x{301}e\x{301}e\x{301}e\x{301}e\x{301}e\x{301}e\x{301}e\x{301}e\x{301}e\x{301}e\x{301}e\x{301}e\x{301}e\x{301}e\x{301}e\x{301}e\x{301}e\x{301}e\x{301}e\x{301}e\x{301}e\x{301}e\x{301}e\x{301}e\x{301}e\x{301}e\x{301}e\x{301}e\x{301}e\x{301}e\x{301}e\x{301}e\x{301}e\x{301}e\x{301}e\x{301}e\x{301}e\x{301}e\x{301} e\x{301}e\x{301}e\x{301}e\x{301}e\x{301}e\x{301}e\x{301}e\x{301}e\x{301}e\x{301}e\x{301}e\x{301}e\x{301}e\x{301}e\x{301}e\x{301}e\x{301}e\x{301}e\x{301}e\x{301}e\x{301}e\x{301}e\x{301}e\x{301}e\x{301}e\x{301}e\x{301}e\x{301}e\x{301}e\x{301} e\x{301}e\x{301}e\x{301}e\x{301}e\x{301}e\x{301}e\x{301}e\x{301}e\x{301}e\x{301}e\x{301}e\x{301}e\x{301}e\x{301}e\x{301}e\x{301}e\x{301}e\x{301}e\x{301}e\x{301}e\x{301}e\x{301}"
          text run at (912,7106) width 0: " "
          text run at (0,7123) width 912: "e\x{301}e\x{301}e\x{301}e\x{301}e\x{301}e\x{301}e\x{301}e\x{301}e\x{301}e\x{301}e\x{301}e\x{301}e\x{301}e\x{301}e\x{301}e\x{301}e\x{301}e\x{301}e\x{301}e\x{301}e\x{301}e\x{301}e\x{301}e\x{301}e\x{301}e\x{301}e\x{301}e\x{301}e\x{301}e\x{301}e\x{301}e\x{301} e\x{301} e\x{301}e\x{301}e\x{301}e\x{301}e\x{301}e\x{301}e\x{301}e\x{301}e\x{301}e\x{301}e\x{301}e\x{301}e\x{301}e\x{301}e\x{301}e\x{301}e\x{301}e\x{301}e\x{301}e\x{301}e\x{301}e\x{301}e\x{301}e\x{301}e\x{301}e\x{301}e\x{301}e\x{301}e\x{301}e\x{301}e\x{301}e\x{301}e\x{301}e\x{301}e\x{301}e\x{301}e\x{301}e\x{301}e\x{301}e\x{301}e\x{301}e\x{301}e\x{301} e\x{301}e\x{301}e\x{301}e\x{301}e\x{301}e\x{301}e\x{301}e\x{301}e\x{301}e\x{301}e\x{301}e\x{301}e\x{301}e\x{301}e\x{301}e\x{301}e\x{301}e\x{301}e\x{301}e\x{301}e\x{301}e\x{301}e\x{301}e\x{301}e\x{301}e\x{301}e\x{301}e\x{301}e\x{301}e\x{301} e\x{301}e\x{301}e\x{301}e\x{301}e\x{301}e\x{301}e\x{301}e\x{301}e\x{301}e\x{301}e\x{301}e\x{301}e\x{301}e\x{301}e\x{301}e\x{301}e\x{301}e\x{301}e\x{301}e\x{301}e\x{301}e\x{301}"
          text run at (912,7123) width 0: " "
          text run at (0,7140) width 912: "e\x{301}e\x{301}e\x{301}e\x{301}e\x{301}e\x{301}e\x{301}e\x{301}e\x{301}e\x{301}e\x{301}e\x{301}e\x{301}e\x{301}e\x{301}e\x{301}e\x{301}e\x{301}e\x{301}e\x{301}e\x{301}e\x{301}e\x{301}e\x{301}e\x{301}e\x{301}e\x{301}e\x{301}e\x{301}e\x{301}e\x{301}e\x{301} e\x{301} e\x{301}e\x{301}e\x{301}e\x{301}e\x{301}e\x{301}e\x{301}e\x{301}e\x{301}e\x{301}e\x{301}e\x{301}e\x{301}e\x{301}e\x{301}e\x{301}e\x{301}e\x{301}e\x{301}e\x{301}e\x{301}e\x{301}e\x{301}e\x{301}e\x{301}e\x{301}e\x{301}e\x{301}e\x{301}e\x{301}e\x{301}e\x{301}e\x{301}e\x{301}e\x{301}e\x{301}e\x{301}e\x{301}e\x{301}e\x{301}e\x{301}e\x{301}e\x{301} e\x{301}e\x{301}e\x{301}e\x{301}e\x{301}e\x{301}e\x{301}e\x{301}e\x{301}e\x{301}e\x{301}e\x{301}e\x{301}e\x{301}e\x{301}e\x{301}e\x{301}e\x{301}e\x{301}e\x{301}e\x{301}e\x{301}e\x{301}e\x{301}e\x{301}e\x{301}e\x{301}e\x{301}e\x{301}e\x{301} e\x{301}e\x{301}e\x{301}e\x{301}e\x{301}e\x{301}e\x{301}e\x{301}e\x{301}e\x{301}e\x{301}e\x{301}e\x{301}e\x{301}e\x{301}e\x{301}e\x{301}e\x{301}e\x{301}e\x{301}e\x{301}e\x{301}"
          text run at (912,7140) width 0: " "
          text run at (0,7157) width 912: "e\x{301}e\x{301}e\x{301}e\x{301}e\x{301}e\x{301}e\x{301}e\x{301}e\x{301}e\x{301}e\x{301}e\x{301}e\x{301}e\x{301}e\x{301}e\x{301}e\x{301}e\x{301}e\x{301}e\x{301}e\x{301}e\x{301}e\x{301}e\x{301}e\x{301}e\x{301}e\x{301}e\x{301}e\x{301}e\x{301}e\x{301}e\x{301} e\x{301} e\x{301}e\x{301}e\x{301}e\x{301}e\x{301}e\x{301}e\x{301}e\x{301}e\x{301}e\x{301}e\x{301}e\x{301}e\x{301}e\x{301}e\x{301}e\x{301}e\x{301}e\x{301}e\x{301}e\x{301}e\x{301}e\x{301}e\x{301}e\x{301}e\x{301}e\x{301}e\x{301}e\x{301}e\x{301}e\x{301}e\x{301}e\x{301}e\x{301}e\x{301}e\x{301}e\x{301}e\x{301}e\x{301}e\x{301}e\x{301}e\x{301}e\x{301}e\x{301} e\x{301}e\x{301}e\x{301}e\x{301}e\x{301}e\x{301}e\x{301}e\x{301}e\x{301}e\x{301}e\x{301}e\x{301}e\x{301}e\x{301}e\x{301}e\x{301}e\x{301}e\x{301}e\x{301}e\x{301}e\x{301}e\x{301}e\x{301}e\x{301}e\x{301}e\x{301}e\x{301}e\x{301}e\x{301}e\x{301} e\x{301}e\x{301}e\x{301}e\x{301}e\x{301}e\x{301}e\x{301}e\x{301}e\x{301}e\x{301}e\x{301}e\x{301}e\x{301}e\x{301}e\x{301}e\x{301}e\x{301}e\x{301}e\x{301}e\x{301}e\x{301}e\x{301}"
          text run at (912,7157) width 0: " "
          text run at (0,7174) width 912: "e\x{301}e\x{301}e\x{301}e\x{301}e\x{301}e\x{301}e\x{301}e\x{301}e\x{301}e\x{301}e\x{301}e\x{301}e\x{301}e\x{301}e\x{301}e\x{301}e\x{301}e\x{301}e\x{301}e\x{301}e\x{301}e\x{301}e\x{301}e\x{301}e\x{301}e\x{301}e\x{301}e\x{301}e\x{301}e\x{301}e\x{301}e\x{301} e\x{301} e\x{301}e\x{301}e\x{301}e\x{301}e\x{301}e\x{301}e\x{301}e\x{301}e\x{301}e\x{301}e\x{301}e\x{301}e\x{301}e\x{301}e\x{301}e\x{301}e\x{301}e\x{301}e\x{301}e\x{301}e\x{301}e\x{301}e\x{301}e\x{301}e\x{301}e\x{301}e\x{301}e\x{301}e\x{301}e\x{301}e\x{301}e\x{301}e\x{301}e\x{301}e\x{301}e\x{301}e\x{301}e\x{301}e\x{301}e\x{301}e\x{301}e\x{301}e\x{301} e\x{301}e\x{301}e\x{301}e\x{301}e\x{301}e\x{301}e\x{301}e\x{301}e\x{301}e\x{301}e\x{301}e\x{301}e\x{301}e\x{301}e\x{301}e\x{301}e\x{301}e\x{301}e\x{301}e\x{301}e\x{301}e\x{301}e\x{301}e\x{301}e\x{301}e\x{301}e\x{301}e\x{301}e\x{301}e\x{301} e\x{301}e\x{301}e\x{301}e\x{301}e\x{301}e\x{301}e\x{301}e\x{301}e\x{301}e\x{301}e\x{301}e\x{301}e\x{301}e\x{301}e\x{301}e\x{301}e\x{301}e\x{301}e\x{301}e\x{301}e\x{301}e\x{301}"
          text run at (912,7174) width 0: " "
          text run at (0,7191) width 912: "e\x{301}e\x{301}e\x{301}e\x{301}e\x{301}e\x{301}e\x{301}e\x{301}e\x{301}e\x{301}e\x{301}e\x{301}e\x{301}e\x{301}e\x{301}e\x{301}e\x{301}e\x{301}e\x{301}e\x{301}e\x{301}e\x{301}e\x{301}e\x{301}e\x{301}e\x{301}e\x{301}e\x{301}e\x{301}e\x{301}e\x{301}e\x{301} e\x{301} e\x{301}e\x{301}e\x{301}e\x{301}e\x{301}e\x{301}e\x{301}e\x{301}e\x{301}e\x{301}e\x{301}e\x{301}e\x{301}e\x{301}e\x{301}e\x{301}e\x{301}e\x{301}e\x{301}e\x{301}e\x{301}e\x{301}e\x{301}e\x{301}e\x{301}e\x{301}e\x{301}e\x{301}e\x{301}e\x{301}e\x{301}e\x{301}e\x{301}e\x{301}e\x{301}e\x{301}e\x{301}e\x{301}e\x{301}e\x{301}e\x{301}e\x{301}e\x{301} e\x{301}e\x{301}e\x{301}e\x{301}e\x{301}e\x{301}e\x{301}e\x{301}e\x{301}e\x{301}e\x{301}e\x{301}e\x{301}e\x{301}e\x{301}e\x{301}e\x{301}e\x{301}e\x{301}e\x{301}e\x{301}e\x{301}e\x{301}e\x{301}e\x{301}e\x{301}e\x{301}e\x{301}e\x{301}e\x{301} e\x{301}e\x{301}e\x{301}e\x{301}e\x{301}e\x{301}e\x{301}e\x{301}e\x{301}e\x{301}e\x{301}e\x{301}e\x{301}e\x{301}e\x{301}e\x{301}e\x{301}e\x{301}e\x{301}e\x{301}e\x{301}e\x{301}"
          text run at (912,7191) width 0: " "
          text run at (0,7208) width 912: "e\x{301}e\x{301}e\x{301}e\x{301}e\x{301}e\x{301}e\x{301}e\x{301}e\x{301}e\x{301}e\x{301}e\x{301}e\x{301}e\x{301}e\x{301}e\x{301}e\x{301}e\x{301}e\x{301}e\x{301}e\x{301}e\x{301}e\x{301}e\x{301}e\x{301}e\x{301}e\x{301}e\x{301}e\x{301}e\x{301}e\x{301}e\x{301} e\x{301} e\x{301}e\x{301}e\x{301}e\x{301}e\x{301}e\x{301}e\x{301}e\x{301}e\x{301}e\x{301}e\x{301}e\x{301}e\x{301}e\x{301}e\x{301}e\x{301}e\x{301}e\x{301}e\x{301}e\x{301}e\x{301}e\x{301}e\x{301}e\x{301}e\x{301}e\x{301}e\x{301}e\x{301}e\x{301}e\x{301}e\x{301}e\x{301}e\x{301}e\x{301}e\x{301}e\x{301}e\x{301}e\x{301}e\x{301}e\x{301}e\x{301}e\x{301}e\x{301} e\x{301}e\x{301}e\x{301}e\x{301}e\x{301}e\x{301}e\x{301}e\x{301}e\x{301}e\x{301}e\x{301}e\x{301}e\x{301}e\x{301}e\x{301}e\x{301}e\x{301}e\x{301}e\x{301}e\x{301}e\x{301}e\x{301}e\x{301}e\x{301}e\x{301}e\x{301}e\x{301}e\x{301}e\x{301}e\x{301} e\x{301}e\x{301}e\x{301}e\x{301}e\x{301}e\x{301}e\x{301}e\x{301}e\x{301}e\x{301}e\x{301}e\x{301}e\x{301}e\x{301}e\x{301}e\x{301}e\x{301}e\x{301}e\x{301}e\x{301}e\x{301}e\x{301}"
          text run at (912,7208) width 0: " "
          text run at (0,7225) width 912: "e\x{301}e\x{301}e\x{301}e\x{301}e\x{301}e\x{301}e\x{301}e\x{301}e\x{301}e\x{301}e\x{301}e\x{301}e\x{301}e\x{301}e\x{301}e\x{301}e\x{301}e\x{301}e\x{301}e\x{301}e\x{301}e\x{301}e\x{301}e\x{301}e\x{301}e\x{301}e\x{301}e\x{301}e\x{301}e\x{301}e\x{301}e\x{301} e\x{301} e\x{301}e\x{301}e\x{301}e\x{301}e\x{301}e\x{301}e\x{301}e\x{301}e\x{301}e\x{301}e\x{301}e\x{301}e\x{301}e\x{301}e\x{301}e\x{301}e\x{301}e\x{301}e\x{301}e\x{301}e\x{301}e\x{301}e\x{301}e\x{301}e\x{301}e\x{301}e\x{301}e\x{301}e\x{301}e\x{301}e\x{301}e\x{301}e\x{301}e\x{301}e\x{301}e\x{301}e\x{301}e\x{301}e\x{301}e\x{301}e\x{301}e\x{301}e\x{301} e\x{301}e\x{301}e\x{301}e\x{301}e\x{301}e\x{301}e\x{301}e\x{301}e\x{301}e\x{301}e\x{301}e\x{301}e\x{301}e\x{301}e\x{301}e\x{301}e\x{301}e\x{301}e\x{301}e\x{301}e\x{301}e\x{301}e\x{301}e\x{301}e\x{301}e\x{301}e\x{301}e\x{301}e\x{301}e\x{301} e\x{301}e\x{301}e\x{301}e\x{301}e\x{301}e\x{301}e\x{301}e\x{301}e\x{301}e\x{301}e\x{301}e\x{301}e\x{301}e\x{301}e\x{301}e\x{301}e\x{301}e\x{301}e\x{301}e\x{301}e\x{301}e\x{301}"
          text run at (912,7225) width 0: " "
          text run at (0,7242) width 912: "e\x{301}e\x{301}e\x{301}e\x{301}e\x{301}e\x{301}e\x{301}e\x{301}e\x{301}e\x{301}e\x{301}e\x{301}e\x{301}e\x{301}e\x{301}e\x{301}e\x{301}e\x{301}e\x{301}e\x{301}e\x{301}e\x{301}e\x{301}e\x{301}e\x{301}e\x{301}e\x{301}e\x{301}e\x{301}e\x{301}e\x{301}e\x{301} e\x{301} e\x{301}e\x{301}e\x{301}e\x{301}e\x{301}e\x{301}e\x{301}e\x{301}e\x{301}e\x{301}e\x{301}e\x{301}e\x{301}e\x{301}e\x{301}e\x{301}e\x{301}e\x{301}e\x{301}e\x{301}e\x{301}e\x{301}e\x{301}e\x{301}e\x{301}e\x{301}e\x{301}e\x{301}e\x{301}e\x{301}e\x{301}e\x{301}e\x{301}e\x{301}e\x{301}e\x{301}e\x{301}e\x{301}e\x{301}e\x{301}e\x{301}e\x{301}e\x{301} e\x{301}e\x{301}e\x{301}e\x{301}e\x{301}e\x{301}e\x{301}e\x{301}e\x{301}e\x{301}e\x{301}e\x{301}e\x{301}e\x{301}e\x{301}e\x{301}e\x{301}e\x{301}e\x{301}e\x{301}e\x{301}e\x{301}e\x{301}e\x{301}e\x{301}e\x{301}e\x{301}e\x{301}e\x{301}e\x{301} e\x{301}e\x{301}e\x{301}e\x{301}e\x{301}e\x{301}e\x{301}e\x{301}e\x{301}e\x{301}e\x{301}e\x{301}e\x{301}e\x{301}e\x{301}e\x{301}e\x{301}e\x{301}e\x{301}e\x{301}e\x{301}e\x{301}"
          text run at (912,7242) width 0: " "
          text run at (0,7259) width 912: "e\x{301}e\x{301}e\x{301}e\x{301}e\x{301}e\x{301}e\x{301}e\x{301}e\x{301}e\x{301}e\x{301}e\x{301}e\x{301}e\x{301}e\x{301}e\x{301}e\x{301}e\x{301}e\x{301}e\x{301}e\x{301}e\x{301}e\x{301}e\x{301}e\x{301}e\x{301}e\x{301}e\x{301}e\x{301}e\x{301}e\x{301}e\x{301} e\x{301} e\x{301}e\x{301}e\x{301}e\x{301}e\x{301}e\x{301}e\x{301}e\x{301}e\x{301}e\x{301}e\x{301}e\x{301}e\x{301}e\x{301}e\x{301}e\x{301}e\x{301}e\x{301}e\x{301}e\x{301}e\x{301}e\x{301}e\x{301}e\x{301}e\x{301}e\x{301}e\x{301}e\x{301}e\x{301}e\x{301}e\x{301}e\x{301}e\x{301}e\x{301}e\x{301}e\x{301}e\x{301}e\x{301}e\x{301}e\x{301}e\x{301}e\x{301}e\x{301} e\x{301}e\x{301}e\x{301}e\x{301}e\x{301}e\x{301}e\x{301}e\x{301}e\x{301}e\x{301}e\x{301}e\x{301}e\x{301}e\x{301}e\x{301}e\x{301}e\x{301}e\x{301}e\x{301}e\x{301}e\x{301}e\x{301}e\x{301}e\x{301}e\x{301}e\x{301}e\x{301}e\x{301}e\x{301}e\x{301} e\x{301}e\x{301}e\x{301}e\x{301}e\x{301}e\x{301}e\x{301}e\x{301}e\x{301}e\x{301}e\x{301}e\x{301}e\x{301}e\x{301}e\x{301}e\x{301}e\x{301}e\x{301}e\x{301}e\x{301}e\x{301}e\x{301}"
          text run at (912,7259) width 0: " "
          text run at (0,7276) width 912: "e\x{301}e\x{301}e\x{301}e\x{301}e\x{301}e\x{301}e\x{301}e\x{301}e\x{301}e\x{301}e\x{301}e\x{301}e\x{301}e\x{301}e\x{301}e\x{301}e\x{301}e\x{301}e\x{301}e\x{301}e\x{301}e\x{301}e\x{301}e\x{301}e\x{301}e\x{301}e\x{301}e\x{301}e\x{301}e\x{301}e\x{301}e\x{301} e\x{301} e\x{301}e\x{301}e\x{301}e\x{301}e\x{301}e\x{301}e\x{301}e\x{301}e\x{301}e\x{301}e\x{301}e\x{301}e\x{301}e\x{301}e\x{301}e\x{301}e\x{301}e\x{301}e\x{301}e\x{301}e\x{301}e\x{301}e\x{301}e\x{301}e\x{301}e\x{301}e\x{301}e\x{301}e\x{301}e\x{301}e\x{301}e\x{301}e\x{301}e\x{301}e\x{301}e\x{301}e\x{301}e\x{301}e\x{301}e\x{301}e\x{301}e\x{301}e\x{301} e\x{301}e\x{301}e\x{301}e\x{301}e\x{301}e\x{301}e\x{301}e\x{301}e\x{301}e\x{301}e\x{301}e\x{301}e\x{301}e\x{301}e\x{301}e\x{301}e\x{301}e\x{301}e\x{301}e\x{301}e\x{301}e\x{301}e\x{301}e\x{301}e\x{301}e\x{301}e\x{301}e\x{301}e\x{301}e\x{301} e\x{301}e\x{301}e\x{301}e\x{301}e\x{301}e\x{301}e\x{301}e\x{301}e\x{301}e\x{301}e\x{301}e\x{301}e\x{301}e\x{301}e\x{301}e\x{301}e\x{301}e\x{301}e\x{301}e\x{301}e\x{301}e\x{301}"
          text run at (912,7276) width 0: " "
          text run at (0,7293) width 912: "e\x{301}e\x{301}e\x{301}e\x{301}e\x{301}e\x{301}e\x{301}e\x{301}e\x{301}e\x{301}e\x{301}e\x{301}e\x{301}e\x{301}e\x{301}e\x{301}e\x{301}e\x{301}e\x{301}e\x{301}e\x{301}e\x{301}e\x{301}e\x{301}e\x{301}e\x{301}e\x{301}e\x{301}e\x{301}e\x{301}e\x{301}e\x{301} e\x{301} e\x{301}e\x{301}e\x{301}e\x{301}e\x{301}e\x{301}e\x{301}e\x{301}e\x{301}e\x{301}e\x{301}e\x{301}e\x{301}e\x{301}e\x{301}e\x{301}e\x{301}e\x{301}e\x{301}e\x{301}e\x{301}e\x{301}e\x{301}e\x{301}e\x{301}e\x{301}e\x{301}e\x{301}e\x{301}e\x{301}e\x{301}e\x{301}e\x{301}e\x{301}e\x{301}e\x{301}e\x{301}e\x{301}e\x{301}e\x{301}e\x{301}e\x{301}e\x{301} e\x{301}e\x{301}e\x{301}e\x{301}e\x{301}e\x{301}e\x{301}e\x{301}e\x{301}e\x{301}e\x{301}e\x{301}e\x{301}e\x{301}e\x{301}e\x{301}e\x{301}e\x{301}e\x{301}e\x{301}e\x{301}e\x{301}e\x{301}e\x{301}e\x{301}e\x{301}e\x{301}e\x{301}e\x{301}e\x{301} e\x{301}e\x{301}e\x{301}e\x{301}e\x{301}e\x{301}e\x{301}e\x{301}e\x{301}e\x{301}e\x{301}e\x{301}e\x{301}e\x{301}e\x{301}e\x{301}e\x{301}e\x{301}e\x{301}e\x{301}e\x{301}e\x{301}"
          text run at (912,7293) width 0: " "
          text run at (0,7310) width 912: "e\x{301}e\x{301}e\x{301}e\x{301}e\x{301}e\x{301}e\x{301}e\x{301}e\x{301}e\x{301}e\x{301}e\x{301}e\x{301}e\x{301}e\x{301}e\x{301}e\x{301}e\x{301}e\x{301}e\x{301}e\x{301}e\x{301}e\x{301}e\x{301}e\x{301}e\x{301}e\x{301}e\x{301}e\x{301}e\x{301}e\x{301}e\x{301} e\x{301} e\x{301}e\x{301}e\x{301}e\x{301}e\x{301}e\x{301}e\x{301}e\x{301}e\x{301}e\x{301}e\x{301}e\x{301}e\x{301}e\x{301}e\x{301}e\x{301}e\x{301}e\x{301}e\x{301}e\x{301}e\x{301}e\x{301}e\x{301}e\x{301}e\x{301}e\x{301}e\x{301}e\x{301}e\x{301}e\x{301}e\x{301}e\x{301}e\x{301}e\x{301}e\x{301}e\x{301}e\x{301}e\x{301}e\x{301}e\x{301}e\x{301}e\x{301}e\x{301} e\x{301}e\x{301}e\x{301}e\x{301}e\x{301}e\x{301}e\x{301}e\x{301}e\x{301}e\x{301}e\x{301}e\x{301}e\x{301}e\x{301}e\x{301}e\x{301}e\x{301}e\x{301}e\x{301}e\x{301}e\x{301}e\x{301}e\x{301}e\x{301}e\x{301}e\x{301}e\x{301}e\x{301}e\x{301}e\x{301} e\x{301}e\x{301}e\x{301}e\x{301}e\x{301}e\x{301}e\x{301}e\x{301}e\x{301}e\x{301}e\x{301}e\x{301}e\x{301}e\x{301}e\x{301}e\x{301}e\x{301}e\x{301}e\x{301}e\x{301}e\x{301}e\x{301}"
          text run at (912,7310) width 0: " "
          text run at (0,7327) width 912: "e\x{301}e\x{301}e\x{301}e\x{301}e\x{301}e\x{301}e\x{301}e\x{301}e\x{301}e\x{301}e\x{301}e\x{301}e\x{301}e\x{301}e\x{301}e\x{301}e\x{301}e\x{301}e\x{301}e\x{301}e\x{301}e\x{301}e\x{301}e\x{301}e\x{301}e\x{301}e\x{301}e\x{301}e\x{301}e\x{301}e\x{301}e\x{301} e\x{301} e\x{301}e\x{301}e\x{301}e\x{301}e\x{301}e\x{301}e\x{301}e\x{301}e\x{301}e\x{301}e\x{301}e\x{301}e\x{301}e\x{301}e\x{301}e\x{301}e\x{301}e\x{301}e\x{301}e\x{301}e\x{301}e\x{301}e\x{301}e\x{301}e\x{301}e\x{301}e\x{301}e\x{301}e\x{301}e\x{301}e\x{301}e\x{301}e\x{301}e\x{301}e\x{301}e\x{301}e\x{301}e\x{301}e\x{301}e\x{301}e\x{301}e\x{301}e\x{301} e\x{301}e\x{301}e\x{301}e\x{301}e\x{301}e\x{301}e\x{301}e\x{301}e\x{301}e\x{301}e\x{301}e\x{301}e\x{301}e\x{301}e\x{301}e\x{301}e\x{301}e\x{301}e\x{301}e\x{301}e\x{301}e\x{301}e\x{301}e\x{301}e\x{301}e\x{301}e\x{301}e\x{301}e\x{301}e\x{301} e\x{301}e\x{301}e\x{301}e\x{301}e\x{301}e\x{301}e\x{301}e\x{301}e\x{301}e\x{301}e\x{301}e\x{301}e\x{301}e\x{301}e\x{301}e\x{301}e\x{301}e\x{301}e\x{301}e\x{301}e\x{301}e\x{301}"
          text run at (912,7327) width 0: " "
          text run at (0,7344) width 912: "e\x{301}e\x{301}e\x{301}e\x{301}e\x{301}e\x{301}e\x{301}e\x{301}e\x{301}e\x{301}e\x{301}e\x{301}e\x{301}e\x{301}e\x{301}e\x{301}e\x{301}e\x{301}e\x{301}e\x{301}e\x{301}e\x{301}e\x{301}e\x{301}e\x{301}e\x{301}e\x{301}e\x{301}e\x{301}e\x{301}e\x{301}e\x{301} e\x{301} e\x{301}e\x{301}e\x{301}e\x{301}e\x{301}e\x{301}e\x{301}e\x{301}e\x{301}e\x{301}e\x{301}e\x{301}e\x{301}e\x{301}e\x{301}e\x{301}e\x{301}e\x{301}e\x{301}e\x{301}e\x{301}e\x{301}e\x{301}e\x{301}e\x{301}e\x{301}e\x{301}e\x{301}e\x{301}e\x{301}e\x{301}e\x{301}e\x{301}e\x{301}e\x{301}e\x{301}e\x{301}e\x{301}e\x{301}e\x{301}e\x{301}e\x{301}e\x{301} e\x{301}e\x{301}e\x{301}e\x{301}e\x{301}e\x{301}e\x{301}e\x{301}e\x{301}e\x{301}e\x{301}e\x{301}e\x{301}e\x{301}e\x{301}e\x{301}e\x{301}e\x{301}e\x{301}e\x{301}e\x{301}e\x{301}e\x{301}e\x{301}e\x{301}e\x{301}e\x{301}e\x{301}e\x{301}e\x{301} e\x{301}e\x{301}e\x{301}e\x{301}e\x{301}e\x{301}e\x{301}e\x{301}e\x{301}e\x{301}e\x{301}e\x{301}e\x{301}e\x{301}e\x{301}e\x{301}e\x{301}e\x{301}e\x{301}e\x{301}e\x{301}e\x{301}"
          text run at (912,7344) width 0: " "
          text run at (0,7361) width 912: "e\x{301}e\x{301}e\x{301}e\x{301}e\x{301}e\x{301}e\x{301}e\x{301}e\x{301}e\x{301}e\x{301}e\x{301}e\x{301}e\x{301}e\x{301}e\x{301}e\x{301}e\x{301}e\x{301}e\x{301}e\x{301}e\x{301}e\x{301}e\x{301}e\x{301}e\x{301}e\x{301}e\x{301}e\x{301}e\x{301}e\x{301}e\x{301} e\x{301} e\x{301}e\x{301}e\x{301}e\x{301}e\x{301}e\x{301}e\x{301}e\x{301}e\x{301}e\x{301}e\x{301}e\x{301}e\x{301}e\x{301}e\x{301}e\x{301}e\x{301}e\x{301}e\x{301}e\x{301}e\x{301}e\x{301}e\x{301}e\x{301}e\x{301}e\x{301}e\x{301}e\x{301}e\x{301}e\x{301}e\x{301}e\x{301}e\x{301}e\x{301}e\x{301}e\x{301}e\x{301}e\x{301}e\x{301}e\x{301}e\x{301}e\x{301}e\x{301} e\x{301}e\x{301}e\x{301}e\x{301}e\x{301}e\x{301}e\x{301}e\x{301}e\x{301}e\x{301}e\x{301}e\x{301}e\x{301}e\x{301}e\x{301}e\x{301}e\x{301}e\x{301}e\x{301}e\x{301}e\x{301}e\x{301}e\x{301}e\x{301}e\x{301}e\x{301}e\x{301}e\x{301}e\x{301}e\x{301} e\x{301}e\x{301}e\x{301}e\x{301}e\x{301}e\x{301}e\x{301}e\x{301}e\x{301}e\x{301}e\x{301}e\x{301}e\x{301}e\x{301}e\x{301}e\x{301}e\x{301}e\x{301}e\x{301}e\x{301}e\x{301}e\x{301}"
          text run at (912,7361) width 0: " "
          text run at (0,7378) width 912: "e\x{301}e\x{301}e\x{301}e\x{301}e\x{301}e\x{301}e\x{301}e\x{301}e\x{301}e\x{301}e\x{301}e\x{301}e\x{301}e\x{301}e\x{301}e\x{301}e\x{301}e\x{301}e\x{301}e\x{301}e\x{301}e\x{301}e\x{301}e\x{301}e\x{301}e\x{301}e\x{301}e\x{301}e\x{301}e\x{301}e\x{301}e\x{301} e\x{301} e\x{301}e\x{301}e\x{301}e\x{301}e\x{301}e\x{301}e\x{301}e\x{301}e\x{301}e\x{301}e\x{301}e\x{301}e\x{301}e\x{301}e\x{301}e\x{301}e\x{301}e\x{301}e\x{301}e\x{301}e\x{301}e\x{301}e\x{301}e\x{301}e\x{301}e\x{301}e\x{301}e\x{301}e\x{301}e\x{301}e\x{301}e\x{301}e\x{301}e\x{301}e\x{301}e\x{301}e\x{301}e\x{301}e\x{301}e\x{301}e\x{301}e\x{301}e\x{301} e\x{301}e\x{301}e\x{301}e\x{301}e\x{301}e\x{301}e\x{301}e\x{301}e\x{301}e\x{301}e\x{301}e\x{301}e\x{301}e\x{301}e\x{301}e\x{301}e\x{301}e\x{301}e\x{301}e\x{301}e\x{301}e\x{301}e\x{301}e\x{301}e\x{301}e\x{301}e\x{301}e\x{301}e\x{301}e\x{301} e\x{301}e\x{301}e\x{301}e\x{301}e\x{301}e\x{301}e\x{301}e\x{301}e\x{301}e\x{301}e\x{301}e\x{301}e\x{301}e\x{301}e\x{301}e\x{301}e\x{301}e\x{301}e\x{301}e\x{301}e\x{301}e\x{301}"
          text run at (912,7378) width 0: " "
          text run at (0,7395) width 912: "e\x{301}e\x{301}e\x{301}e\x{301}e\x{301}e\x{301}e\x{301}e\x{301}e\x{301}e\x{301}e\x{301}e\x{301}e\x{301}e\x{301}e\x{301}e\x{301}e\x{301}e\x{301}e\x{301}e\x{301}e\x{301}e\x{301}e\x{301}e\x{301}e\x{301}e\x{301}e\x{301}e\x{301}e\x{301}e\x{301}e\x{301}e\x{301} e\x{301} e\x{301}e\x{301}e\x{301}e\x{301}e\x{301}e\x{301}e\x{301}e\x{301}e\x{301}e\x{301}e\x{301}e\x{301}e\x{301}e\x{301}e\x{301}e\x{301}e\x{301}e\x{301}e\x{301}e\x{301}e\x{301}e\x{301}e\x{301}e\x{301}e\x{301}e\x{301}e\x{301}e\x{301}e\x{301}e\x{301}e\x{301}e\x{301}e\x{301}e\x{301}e\x{301}e\x{301}e\x{301}e\x{301}e\x{301}e\x{301}e\x{301}e\x{301}e\x{301} e\x{301}e\x{301}e\x{301}e\x{301}e\x{301}e\x{301}e\x{301}e\x{301}e\x{301}e\x{301}e\x{301}e\x{301}e\x{301}e\x{301}e\x{301}e\x{301}e\x{301}e\x{301}e\x{301}e\x{301}e\x{301}e\x{301}e\x{301}e\x{301}e\x{301}e\x{301}e\x{301}e\x{301}e\x{301}e\x{301} e\x{301}e\x{301}e\x{301}e\x{301}e\x{301}e\x{301}e\x{301}e\x{301}e\x{301}e\x{301}e\x{301}e\x{301}e\x{301}e\x{301}e\x{301}e\x{301}e\x{301}e\x{301}e\x{301}e\x{301}e\x{301}e\x{301}"
          text run at (912,7395) width 0: " "
          text run at (0,7412) width 912: "e\x{301}e\x{301}e\x{301}e\x{301}e\x{301}e\x{301}e\x{301}e\x{301}e\x{301}e\x{301}e\x{301}e\x{301}e\x{301}e\x{301}e\x{301}e\x{301}e\x{301}e\x{301}e\x{301}e\x{301}e\x{301}e\x{301}e\x{301}e\x{301}e\x{301}e\x{301}e\x{301}e\x{301}e\x{301}e\x{301}e\x{301}e\x{301} e\x{301} e\x{301}e\x{301}e\x{301}e\x{301}e\x{301}e\x{301}e\x{301}e\x{301}e\x{301}e\x{301}e\x{301}e\x{301}e\x{301}e\x{301}e\x{301}e\x{301}e\x{301}e\x{301}e\x{301}e\x{301}e\x{301}e\x{301}e\x{301}e\x{301}e\x{301}e\x{301}e\x{301}e\x{301}e\x{301}e\x{301}e\x{301}e\x{301}e\x{301}e\x{301}e\x{301}e\x{301}e\x{301}e\x{301}e\x{301}e\x{301}e\x{301}e\x{301}e\x{301} e\x{301}e\x{301}e\x{301}e\x{301}e\x{301}e\x{301}e\x{301}e\x{301}e\x{301}e\x{301}e\x{301}e\x{301}e\x{301}e\x{301}e\x{301}e\x{301}e\x{301}e\x{301}e\x{301}e\x{301}e\x{301}e\x{301}e\x{301}e\x{301}e\x{301}e\x{301}e\x{301}e\x{301}e\x{301}e\x{301} e\x{301}e\x{301}e\x{301}e\x{301}e\x{301}e\x{301}e\x{301}e\x{301}e\x{301}e\x{301}e\x{301}e\x{301}e\x{301}e\x{301}e\x{301}e\x{301}e\x{301}e\x{301}e\x{301}e\x{301}e\x{301}e\x{301}"
          text run at (912,7412) width 0: " "
          text run at (0,7429) width 912: "e\x{301}e\x{301}e\x{301}e\x{301}e\x{301}e\x{301}e\x{301}e\x{301}e\x{301}e\x{301}e\x{301}e\x{301}e\x{301}e\x{301}e\x{301}e\x{301}e\x{301}e\x{301}e\x{301}e\x{301}e\x{301}e\x{301}e\x{301}e\x{301}e\x{301}e\x{301}e\x{301}e\x{301}e\x{301}e\x{301}e\x{301}e\x{301} e\x{301} e\x{301}e\x{301}e\x{301}e\x{301}e\x{301}e\x{301}e\x{301}e\x{301}e\x{301}e\x{301}e\x{301}e\x{301}e\x{301}e\x{301}e\x{301}e\x{301}e\x{301}e\x{301}e\x{301}e\x{301}e\x{301}e\x{301}e\x{301}e\x{301}e\x{301}e\x{301}e\x{301}e\x{301}e\x{301}e\x{301}e\x{301}e\x{301}e\x{301}e\x{301}e\x{301}e\x{301}e\x{301}e\x{301}e\x{301}e\x{301}e\x{301}e\x{301}e\x{301} e\x{301}e\x{301}e\x{301}e\x{301}e\x{301}e\x{301}e\x{301}e\x{301}e\x{301}e\x{301}e\x{301}e\x{301}e\x{301}e\x{301}e\x{301}e\x{301}e\x{301}e\x{301}e\x{301}e\x{301}e\x{301}e\x{301}e\x{301}e\x{301}e\x{301}e\x{301}e\x{301}e\x{301}e\x{301}e\x{301} e\x{301}e\x{301}e\x{301}e\x{301}e\x{301}e\x{301}e\x{301}e\x{301}e\x{301}e\x{301}e\x{301}e\x{301}e\x{301}e\x{301}e\x{301}e\x{301}e\x{301}e\x{301}e\x{301}e\x{301}e\x{301}e\x{301}"
          text run at (912,7429) width 0: " "
          text run at (0,7446) width 912: "e\x{301}e\x{301}e\x{301}e\x{301}e\x{301}e\x{301}e\x{301}e\x{301}e\x{301}e\x{301}e\x{301}e\x{301}e\x{301}e\x{301}e\x{301}e\x{301}e\x{301}e\x{301}e\x{301}e\x{301}e\x{301}e\x{301}e\x{301}e\x{301}e\x{301}e\x{301}e\x{301}e\x{301}e\x{301}e\x{301}e\x{301}e\x{301} e\x{301} e\x{301}e\x{301}e\x{301}e\x{301}e\x{301}e\x{301}e\x{301}e\x{301}e\x{301}e\x{301}e\x{301}e\x{301}e\x{301}e\x{301}e\x{301}e\x{301}e\x{301}e\x{301}e\x{301}e\x{301}e\x{301}e\x{301}e\x{301}e\x{301}e\x{301}e\x{301}e\x{301}e\x{301}e\x{301}e\x{301}e\x{301}e\x{301}e\x{301}e\x{301}e\x{301}e\x{301}e\x{301}e\x{301}e\x{301}e\x{301}e\x{301}e\x{301}e\x{301} e\x{301}e\x{301}e\x{301}e\x{301}e\x{301}e\x{301}e\x{301}e\x{301}e\x{301}e\x{301}e\x{301}e\x{301}e\x{301}e\x{301}e\x{301}e\x{301}e\x{301}e\x{301}e\x{301}e\x{301}e\x{301}e\x{301}e\x{301}e\x{301}e\x{301}e\x{301}e\x{301}e\x{301}e\x{301}e\x{301} e\x{301}e\x{301}e\x{301}e\x{301}e\x{301}e\x{301}e\x{301}e\x{301}e\x{301}e\x{301}e\x{301}e\x{301}e\x{301}e\x{301}e\x{301}e\x{301}e\x{301}e\x{301}e\x{301}e\x{301}e\x{301}e\x{301}"
          text run at (912,7446) width 0: " "
          text run at (0,7463) width 912: "e\x{301}e\x{301}e\x{301}e\x{301}e\x{301}e\x{301}e\x{301}e\x{301}e\x{301}e\x{301}e\x{301}e\x{301}e\x{301}e\x{301}e\x{301}e\x{301}e\x{301}e\x{301}e\x{301}e\x{301}e\x{301}e\x{301}e\x{301}e\x{301}e\x{301}e\x{301}e\x{301}e\x{301}e\x{301}e\x{301}e\x{301}e\x{301} e\x{301} e\x{301}e\x{301}e\x{301}e\x{301}e\x{301}e\x{301}e\x{301}e\x{301}e\x{301}e\x{301}e\x{301}e\x{301}e\x{301}e\x{301}e\x{301}e\x{301}e\x{301}e\x{301}e\x{301}e\x{301}e\x{301}e\x{301}e\x{301}e\x{301}e\x{301}e\x{301}e\x{301}e\x{301}e\x{301}e\x{301}e\x{301}e\x{301}e\x{301}e\x{301}e\x{301}e\x{301}e\x{301}e\x{301}e\x{301}e\x{301}e\x{301}e\x{301}e\x{301} e\x{301}e\x{301}e\x{301}e\x{301}e\x{301}e\x{301}e\x{301}e\x{301}e\x{301}e\x{301}e\x{301}e\x{301}e\x{301}e\x{301}e\x{301}e\x{301}e\x{301}e\x{301}e\x{301}e\x{301}e\x{301}e\x{301}e\x{301}e\x{301}e\x{301}e\x{301}e\x{301}e\x{301}e\x{301}e\x{301} e\x{301}e\x{301}e\x{301}e\x{301}e\x{301}e\x{301}e\x{301}e\x{301}e\x{301}e\x{301}e\x{301}e\x{301}e\x{301}e\x{301}e\x{301}e\x{301}e\x{301}e\x{301}e\x{301}e\x{301}e\x{301}e\x{301}"
          text run at (912,7463) width 0: " "
          text run at (0,7480) width 912: "e\x{301}e\x{301}e\x{301}e\x{301}e\x{301}e\x{301}e\x{301}e\x{301}e\x{301}e\x{301}e\x{301}e\x{301}e\x{301}e\x{301}e\x{301}e\x{301}e\x{301}e\x{301}e\x{301}e\x{301}e\x{301}e\x{301}e\x{301}e\x{301}e\x{301}e\x{301}e\x{301}e\x{301}e\x{301}e\x{301}e\x{301}e\x{301} e\x{301} e\x{301}e\x{301}e\x{301}e\x{301}e\x{301}e\x{301}e\x{301}e\x{301}e\x{301}e\x{301}e\x{301}e\x{301}e\x{301}e\x{301}e\x{301}e\x{301}e\x{301}e\x{301}e\x{301}e\x{301}e\x{301}e\x{301}e\x{301}e\x{301}e\x{301}e\x{301}e\x{301}e\x{301}e\x{301}e\x{301}e\x{301}e\x{301}e\x{301}e\x{301}e\x{301}e\x{301}e\x{301}e\x{301}e\x{301}e\x{301}e\x{301}e\x{301}e\x{301} e\x{301}e\x{301}e\x{301}e\x{301}e\x{301}e\x{301}e\x{301}e\x{301}e\x{301}e\x{301}e\x{301}e\x{301}e\x{301}e\x{301}e\x{301}e\x{301}e\x{301}e\x{301}e\x{301}e\x{301}e\x{301}e\x{301}e\x{301}e\x{301}e\x{301}e\x{301}e\x{301}e\x{301}e\x{301}e\x{301} e\x{301}e\x{301}e\x{301}e\x{301}e\x{301}e\x{301}e\x{301}e\x{301}e\x{301}e\x{301}e\x{301}e\x{301}e\x{301}e\x{301}e\x{301}e\x{301}e\x{301}e\x{301}e\x{301}e\x{301}e\x{301}e\x{301}"
          text run at (912,7480) width 0: " "
          text run at (0,7497) width 912: "e\x{301}e\x{301}e\x{301}e\x{301}e\x{301}e\x{301}e\x{301}e\x{301}e\x{301}e\x{301}e\x{301}e\x{301}e\x{301}e\x{301}e\x{301}e\x{301}e\x{301}e\x{301}e\x{301}e\x{301}e\x{301}e\x{301}e\x{301}e\x{301}e\x{301}e\x{301}e\x{301}e\x{301}e\x{301}e\x{301}e\x{301}e\x{301} e\x{301} e\x{301}e\x{301}e\x{301}e\x{301}e\x{301}e\x{301}e\x{301}e\x{301}e\x{301}e\x{301}e\x{301}e\x{301}e\x{301}e\x{301}e\x{301}e\x{301}e\x{301}e\x{301}e\x{301}e\x{301}e\x{301}e\x{301}e\x{301}e\x{301}e\x{301}e\x{301}e\x{301}e\x{301}e\x{301}e\x{301}e\x{301}e\x{301}e\x{301}e\x{301}e\x{301}e\x{301}e\x{301}e\x{301}e\x{301}e\x{301}e\x{301}e\x{301}e\x{301} e\x{301}e\x{301}e\x{301}e\x{301}e\x{301}e\x{301}e\x{301}e\x{301}e\x{301}e\x{301}e\x{301}e\x{301}e\x{301}e\x{301}e\x{301}e\x{301}e\x{301}e\x{301}e\x{301}e\x{301}e\x{301}e\x{301}e\x{301}e\x{301}e\x{301}e\x{301}e\x{301}e\x{301}e\x{301}e\x{301} e\x{301}e\x{301}e\x{301}e\x{301}e\x{301}e\x{301}e\x{301}e\x{301}e\x{301}e\x{301}e\x{301}e\x{301}e\x{301}e\x{301}e\x{301}e\x{301}e\x{301}e\x{301}e\x{301}e\x{301}e\x{301}e\x{301}"
          text run at (912,7497) width 0: " "
          text run at (0,7514) width 912: "e\x{301}e\x{301}e\x{301}e\x{301}e\x{301}e\x{301}e\x{301}e\x{301}e\x{301}e\x{301}e\x{301}e\x{301}e\x{301}e\x{301}e\x{301}e\x{301}e\x{301}e\x{301}e\x{301}e\x{301}e\x{301}e\x{301}e\x{301}e\x{301}e\x{301}e\x{301}e\x{301}e\x{301}e\x{301}e\x{301}e\x{301}e\x{301} e\x{301} e\x{301}e\x{301}e\x{301}e\x{301}e\x{301}e\x{301}e\x{301}e\x{301}e\x{301}e\x{301}e\x{301}e\x{301}e\x{301}e\x{301}e\x{301}e\x{301}e\x{301}e\x{301}e\x{301}e\x{301}e\x{301}e\x{301}e\x{301}e\x{301}e\x{301}e\x{301}e\x{301}e\x{301}e\x{301}e\x{301}e\x{301}e\x{301}e\x{301}e\x{301}e\x{301}e\x{301}e\x{301}e\x{301}e\x{301}e\x{301}e\x{301}e\x{301}e\x{301} e\x{301}e\x{301}e\x{301}e\x{301}e\x{301}e\x{301}e\x{301}e\x{301}e\x{301}e\x{301}e\x{301}e\x{301}e\x{301}e\x{301}e\x{301}e\x{301}e\x{301}e\x{301}e\x{301}e\x{301}e\x{301}e\x{301}e\x{301}e\x{301}e\x{301}e\x{301}e\x{301}e\x{301}e\x{301}e\x{301} e\x{301}e\x{301}e\x{301}e\x{301}e\x{301}e\x{301}e\x{301}e\x{301}e\x{301}e\x{301}e\x{301}e\x{301}e\x{301}e\x{301}e\x{301}e\x{301}e\x{301}e\x{301}e\x{301}e\x{301}e\x{301}e\x{301}"
          text run at (912,7514) width 0: " "
          text run at (0,7531) width 912: "e\x{301}e\x{301}e\x{301}e\x{301}e\x{301}e\x{301}e\x{301}e\x{301}e\x{301}e\x{301}e\x{301}e\x{301}e\x{301}e\x{301}e\x{301}e\x{301}e\x{301}e\x{301}e\x{301}e\x{301}e\x{301}e\x{301}e\x{301}e\x{301}e\x{301}e\x{301}e\x{301}e\x{301}e\x{301}e\x{301}e\x{301}e\x{301} e\x{301} e\x{301}e\x{301}e\x{301}e\x{301}e\x{301}e\x{301}e\x{301}e\x{301}e\x{301}e\x{301}e\x{301}e\x{301}e\x{301}e\x{301}e\x{301}e\x{301}e\x{301}e\x{301}e\x{301}e\x{301}e\x{301}e\x{301}e\x{301}e\x{301}e\x{301}e\x{301}e\x{301}e\x{301}e\x{301}e\x{301}e\x{301}e\x{301}e\x{301}e\x{301}e\x{301}e\x{301}e\x{301}e\x{301}e\x{301}e\x{301}e\x{301}e\x{301}e\x{301} e\x{301}e\x{301}e\x{301}e\x{301}e\x{301}e\x{301}e\x{301}e\x{301}e\x{301}e\x{301}e\x{301}e\x{301}e\x{301}e\x{301}e\x{301}e\x{301}e\x{301}e\x{301}e\x{301}e\x{301}e\x{301}e\x{301}e\x{301}e\x{301}e\x{301}e\x{301}e\x{301}e\x{301}e\x{301}e\x{301} e\x{301}e\x{301}e\x{301}e\x{301}e\x{301}e\x{301}e\x{301}e\x{301}e\x{301}e\x{301}e\x{301}e\x{301}e\x{301}e\x{301}e\x{301}e\x{301}e\x{301}e\x{301}e\x{301}e\x{301}e\x{301}e\x{301}"
          text run at (912,7531) width 0: " "
          text run at (0,7548) width 912: "e\x{301}e\x{301}e\x{301}e\x{301}e\x{301}e\x{301}e\x{301}e\x{301}e\x{301}e\x{301}e\x{301}e\x{301}e\x{301}e\x{301}e\x{301}e\x{301}e\x{301}e\x{301}e\x{301}e\x{301}e\x{301}e\x{301}e\x{301}e\x{301}e\x{301}e\x{301}e\x{301}e\x{301}e\x{301}e\x{301}e\x{301}e\x{301} e\x{301} e\x{301}e\x{301}e\x{301}e\x{301}e\x{301}e\x{301}e\x{301}e\x{301}e\x{301}e\x{301}e\x{301}e\x{301}e\x{301}e\x{301}e\x{301}e\x{301}e\x{301}e\x{301}e\x{301}e\x{301}e\x{301}e\x{301}e\x{301}e\x{301}e\x{301}e\x{301}e\x{301}e\x{301}e\x{301}e\x{301}e\x{301}e\x{301}e\x{301}e\x{301}e\x{301}e\x{301}e\x{301}e\x{301}e\x{301}e\x{301}e\x{301}e\x{301}e\x{301} e\x{301}e\x{301}e\x{301}e\x{301}e\x{301}e\x{301}e\x{301}e\x{301}e\x{301}e\x{301}e\x{301}e\x{301}e\x{301}e\x{301}e\x{301}e\x{301}e\x{301}e\x{301}e\x{301}e\x{301}e\x{301}e\x{301}e\x{301}e\x{301}e\x{301}e\x{301}e\x{301}e\x{301}e\x{301}e\x{301} e\x{301}e\x{301}e\x{301}e\x{301}e\x{301}e\x{301}e\x{301}e\x{301}e\x{301}e\x{301}e\x{301}e\x{301}e\x{301}e\x{301}e\x{301}e\x{301}e\x{301}e\x{301}e\x{301}e\x{301}e\x{301}e\x{301}"
          text run at (912,7548) width 0: " "
          text run at (0,7565) width 912: "e\x{301}e\x{301}e\x{301}e\x{301}e\x{301}e\x{301}e\x{301}e\x{301}e\x{301}e\x{301}e\x{301}e\x{301}e\x{301}e\x{301}e\x{301}e\x{301}e\x{301}e\x{301}e\x{301}e\x{301}e\x{301}e\x{301}e\x{301}e\x{301}e\x{301}e\x{301}e\x{301}e\x{301}e\x{301}e\x{301}e\x{301}e\x{301} e\x{301} e\x{301}e\x{301}e\x{301}e\x{301}e\x{301}e\x{301}e\x{301}e\x{301}e\x{301}e\x{301}e\x{301}e\x{301}e\x{301}e\x{301}e\x{301}e\x{301}e\x{301}e\x{301}e\x{301}e\x{301}e\x{301}e\x{301}e\x{301}e\x{301}e\x{301}e\x{301}e\x{301}e\x{301}e\x{301}e\x{301}e\x{301}e\x{301}e\x{301}e\x{301}e\x{301}e\x{301}e\x{301}e\x{301}e\x{301}e\x{301}e\x{301}e\x{301}e\x{301} e\x{301}e\x{301}e\x{301}e\x{301}e\x{301}e\x{301}e\x{301}e\x{301}e\x{301}e\x{301}e\x{301}e\x{301}e\x{301}e\x{301}e\x{301}e\x{301}e\x{301}e\x{301}e\x{301}e\x{301}e\x{301}e\x{301}e\x{301}e\x{301}e\x{301}e\x{301}e\x{301}e\x{301}e\x{301}e\x{301} e\x{301}e\x{301}e\x{301}e\x{301}e\x{301}e\x{301}e\x{301}e\x{301}e\x{301}e\x{301}e\x{301}e\x{301}e\x{301}e\x{301}e\x{301}e\x{301}e\x{301}e\x{301}e\x{301}e\x{301}e\x{301}e\x{301}"
          text run at (912,7565) width 0: " "
          text run at (0,7582) width 912: "e\x{301}e\x{301}e\x{301}e\x{301}e\x{301}e\x{301}e\x{301}e\x{301}e\x{301}e\x{301}e\x{301}e\x{301}e\x{301}e\x{301}e\x{301}e\x{301}e\x{301}e\x{301}e\x{301}e\x{301}e\x{301}e\x{301}e\x{301}e\x{301}e\x{301}e\x{301}e\x{301}e\x{301}e\x{301}e\x{301}e\x{301}e\x{301} e\x{301} e\x{301}e\x{301}e\x{301}e\x{301}e\x{301}e\x{301}e\x{301}e\x{301}e\x{301}e\x{301}e\x{301}e\x{301}e\x{301}e\x{301}e\x{301}e\x{301}e\x{301}e\x{301}e\x{301}e\x{301}e\x{301}e\x{301}e\x{301}e\x{301}e\x{301}e\x{301}e\x{301}e\x{301}e\x{301}e\x{301}e\x{301}e\x{301}e\x{301}e\x{301}e\x{301}e\x{301}e\x{301}e\x{301}e\x{301}e\x{301}e\x{301}e\x{301}e\x{301} e\x{301}e\x{301}e\x{301}e\x{301}e\x{301}e\x{301}e\x{301}e\x{301}e\x{301}e\x{301}e\x{301}e\x{301}e\x{301}e\x{301}e\x{301}e\x{301}e\x{301}e\x{301}e\x{301}e\x{301}e\x{301}e\x{301}e\x{301}e\x{301}e\x{301}e\x{301}e\x{301}e\x{301}e\x{301}e\x{301} e\x{301}e\x{301}e\x{301}e\x{301}e\x{301}e\x{301}e\x{301}e\x{301}e\x{301}e\x{301}e\x{301}e\x{301}e\x{301}e\x{301}e\x{301}e\x{301}e\x{301}e\x{301}e\x{301}e\x{301}e\x{301}e\x{301}"
          text run at (912,7582) width 0: " "
          text run at (0,7599) width 912: "e\x{301}e\x{301}e\x{301}e\x{301}e\x{301}e\x{301}e\x{301}e\x{301}e\x{301}e\x{301}e\x{301}e\x{301}e\x{301}e\x{301}e\x{301}e\x{301}e\x{301}e\x{301}e\x{301}e\x{301}e\x{301}e\x{301}e\x{301}e\x{301}e\x{301}e\x{301}e\x{301}e\x{301}e\x{301}e\x{301}e\x{301}e\x{301} e\x{301} e\x{301}e\x{301}e\x{301}e\x{301}e\x{301}e\x{301}e\x{301}e\x{301}e\x{301}e\x{301}e\x{301}e\x{301}e\x{301}e\x{301}e\x{301}e\x{301}e\x{301}e\x{301}e\x{301}e\x{301}e\x{301}e\x{301}e\x{301}e\x{301}e\x{301}e\x{301}e\x{301}e\x{301}e\x{301}e\x{301}e\x{301}e\x{301}e\x{301}e\x{301}e\x{301}e\x{301}e\x{301}e\x{301}e\x{301}e\x{301}e\x{301}e\x{301}e\x{301} e\x{301}e\x{301}e\x{301}e\x{301}e\x{301}e\x{301}e\x{301}e\x{301}e\x{301}e\x{301}e\x{301}e\x{301}e\x{301}e\x{301}e\x{301}e\x{301}e\x{301}e\x{301}e\x{301}e\x{301}e\x{301}e\x{301}e\x{301}e\x{301}e\x{301}e\x{301}e\x{301}e\x{301}e\x{301}e\x{301} e\x{301}e\x{301}e\x{301}e\x{301}e\x{301}e\x{301}e\x{301}e\x{301}e\x{301}e\x{301}e\x{301}e\x{301}e\x{301}e\x{301}e\x{301}e\x{301}e\x{301}e\x{301}e\x{301}e\x{301}e\x{301}e\x{301}"
          text run at (912,7599) width 0: " "
          text run at (0,7616) width 912: "e\x{301}e\x{301}e\x{301}e\x{301}e\x{301}e\x{301}e\x{301}e\x{301}e\x{301}e\x{301}e\x{301}e\x{301}e\x{301}e\x{301}e\x{301}e\x{301}e\x{301}e\x{301}e\x{301}e\x{301}e\x{301}e\x{301}e\x{301}e\x{301}e\x{301}e\x{301}e\x{301}e\x{301}e\x{301}e\x{301}e\x{301}e\x{301} e\x{301} e\x{301}e\x{301}e\x{301}e\x{301}e\x{301}e\x{301}e\x{301}e\x{301}e\x{301}e\x{301}e\x{301}e\x{301}e\x{301}e\x{301}e\x{301}e\x{301}e\x{301}e\x{301}e\x{301}e\x{301}e\x{301}e\x{301}e\x{301}e\x{301}e\x{301}e\x{301}e\x{301}e\x{301}e\x{301}e\x{301}e\x{301}e\x{301}e\x{301}e\x{301}e\x{301}e\x{301}e\x{301}e\x{301}e\x{301}e\x{301}e\x{301}e\x{301}e\x{301} e\x{301}e\x{301}e\x{301}e\x{301}e\x{301}e\x{301}e\x{301}e\x{301}e\x{301}e\x{301}e\x{301}e\x{301}e\x{301}e\x{301}e\x{301}e\x{301}e\x{301}e\x{301}e\x{301}e\x{301}e\x{301}e\x{301}e\x{301}e\x{301}e\x{301}e\x{301}e\x{301}e\x{301}e\x{301}e\x{301} e\x{301}e\x{301}e\x{301}e\x{301}e\x{301}e\x{301}e\x{301}e\x{301}e\x{301}e\x{301}e\x{301}e\x{301}e\x{301}e\x{301}e\x{301}e\x{301}e\x{301}e\x{301}e\x{301}e\x{301}e\x{301}e\x{301}"
          text run at (912,7616) width 0: " "
          text run at (0,7633) width 912: "e\x{301}e\x{301}e\x{301}e\x{301}e\x{301}e\x{301}e\x{301}e\x{301}e\x{301}e\x{301}e\x{301}e\x{301}e\x{301}e\x{301}e\x{301}e\x{301}e\x{301}e\x{301}e\x{301}e\x{301}e\x{301}e\x{301}e\x{301}e\x{301}e\x{301}e\x{301}e\x{301}e\x{301}e\x{301}e\x{301}e\x{301}e\x{301} e\x{301} e\x{301}e\x{301}e\x{301}e\x{301}e\x{301}e\x{301}e\x{301}e\x{301}e\x{301}e\x{301}e\x{301}e\x{301}e\x{301}e\x{301}e\x{301}e\x{301}e\x{301}e\x{301}e\x{301}e\x{301}e\x{301}e\x{301}e\x{301}e\x{301}e\x{301}e\x{301}e\x{301}e\x{301}e\x{301}e\x{301}e\x{301}e\x{301}e\x{301}e\x{301}e\x{301}e\x{301}e\x{301}e\x{301}e\x{301}e\x{301}e\x{301}e\x{301}e\x{301} e\x{301}e\x{301}e\x{301}e\x{301}e\x{301}e\x{301}e\x{301}e\x{301}e\x{301}e\x{301}e\x{301}e\x{301}e\x{301}e\x{301}e\x{301}e\x{301}e\x{301}e\x{301}e\x{301}e\x{301}e\x{301}e\x{301}e\x{301}e\x{301}e\x{301}e\x{301}e\x{301}e\x{301}e\x{301}e\x{301} e\x{301}e\x{301}e\x{301}e\x{301}e\x{301}e\x{301}e\x{301}e\x{301}e\x{301}e\x{301}e\x{301}e\x{301}e\x{301}e\x{301}e\x{301}e\x{301}e\x{301}e\x{301}e\x{301}e\x{301}e\x{301}e\x{301}"
          text run at (912,7633) width 0: " "
          text run at (0,7650) width 912: "e\x{301}e\x{301}e\x{301}e\x{301}e\x{301}e\x{301}e\x{301}e\x{301}e\x{301}e\x{301}e\x{301}e\x{301}e\x{301}e\x{301}e\x{301}e\x{301}e\x{301}e\x{301}e\x{301}e\x{301}e\x{301}e\x{301}e\x{301}e\x{301}e\x{301}e\x{301}e\x{301}e\x{301}e\x{301}e\x{301}e\x{301}e\x{301} e\x{301} e\x{301}e\x{301}e\x{301}e\x{301}e\x{301}e\x{301}e\x{301}e\x{301}e\x{301}e\x{301}e\x{301}e\x{301}e\x{301}e\x{301}e\x{301}e\x{301}e\x{301}e\x{301}e\x{301}e\x{301}e\x{301}e\x{301}e\x{301}e\x{301}e\x{301}e\x{301}e\x{301}e\x{301}e\x{301}e\x{301}e\x{301}e\x{301}e\x{301}e\x{301}e\x{301}e\x{301}e\x{301}e\x{301}e\x{301}e\x{301}e\x{301}e\x{301}e\x{301} e\x{301}e\x{301}e\x{301}e\x{301}e\x{301}e\x{301}e\x{301}e\x{301}e\x{301}e\x{301}e\x{301}e\x{301}e\x{301}e\x{301}e\x{301}e\x{301}e\x{301}e\x{301}e\x{301}e\x{301}e\x{301}e\x{301}e\x{301}e\x{301}e\x{301}e\x{301}e\x{301}e\x{301}e\x{301}e\x{301} e\x{301}e\x{301}e\x{301}e\x{301}e\x{301}e\x{301}e\x{301}e\x{301}e\x{301}e\x{301}e\x{301}e\x{301}e\x{301}e\x{301}e\x{301}e\x{301}e\x{301}e\x{301}e\x{301}e\x{301}e\x{301}e\x{301}"
          text run at (912,7650) width 0: " "
          text run at (0,7667) width 912: "e\x{301}e\x{301}e\x{301}e\x{301}e\x{301}e\x{301}e\x{301}e\x{301}e\x{301}e\x{301}e\x{301}e\x{301}e\x{301}e\x{301}e\x{301}e\x{301}e\x{301}e\x{301}e\x{301}e\x{301}e\x{301}e\x{301}e\x{301}e\x{301}e\x{301}e\x{301}e\x{301}e\x{301}e\x{301}e\x{301}e\x{301}e\x{301} e\x{301} e\x{301}e\x{301}e\x{301}e\x{301}e\x{301}e\x{301}e\x{301}e\x{301}e\x{301}e\x{301}e\x{301}e\x{301}e\x{301}e\x{301}e\x{301}e\x{301}e\x{301}e\x{301}e\x{301}e\x{301}e\x{301}e\x{301}e\x{301}e\x{301}e\x{301}e\x{301}e\x{301}e\x{301}e\x{301}e\x{301}e\x{301}e\x{301}e\x{301}e\x{301}e\x{301}e\x{301}e\x{301}e\x{301}e\x{301}e\x{301}e\x{301}e\x{301}e\x{301} e\x{301}e\x{301}e\x{301}e\x{301}e\x{301}e\x{301}e\x{301}e\x{301}e\x{301}e\x{301}e\x{301}e\x{301}e\x{301}e\x{301}e\x{301}e\x{301}e\x{301}e\x{301}e\x{301}e\x{301}e\x{301}e\x{301}e\x{301}e\x{301}e\x{301}e\x{301}e\x{301}e\x{301}e\x{301}e\x{301} e\x{301}e\x{301}e\x{301}e\x{301}e\x{301}e\x{301}e\x{301}e\x{301}e\x{301}e\x{301}e\x{301}e\x{301}e\x{301}e\x{301}e\x{301}e\x{301}e\x{301}e\x{301}e\x{301}e\x{301}e\x{301}e\x{301}"
          text run at (912,7667) width 0: " "
          text run at (0,7684) width 912: "e\x{301}e\x{301}e\x{301}e\x{301}e\x{301}e\x{301}e\x{301}e\x{301}e\x{301}e\x{301}e\x{301}e\x{301}e\x{301}e\x{301}e\x{301}e\x{301}e\x{301}e\x{301}e\x{301}e\x{301}e\x{301}e\x{301}e\x{301}e\x{301}e\x{301}e\x{301}e\x{301}e\x{301}e\x{301}e\x{301}e\x{301}e\x{301} e\x{301} e\x{301}e\x{301}e\x{301}e\x{301}e\x{301}e\x{301}e\x{301}e\x{301}e\x{301}e\x{301}e\x{301}e\x{301}e\x{301}e\x{301}e\x{301}e\x{301}e\x{301}e\x{301}e\x{301}e\x{301}e\x{301}e\x{301}e\x{301}e\x{301}e\x{301}e\x{301}e\x{301}e\x{301}e\x{301}e\x{301}e\x{301}e\x{301}e\x{301}e\x{301}e\x{301}e\x{301}e\x{301}e\x{301}e\x{301}e\x{301}e\x{301}e\x{301}e\x{301} e\x{301}e\x{301}e\x{301}e\x{301}e\x{301}e\x{301}e\x{301}e\x{301}e\x{301}e\x{301}e\x{301}e\x{301}e\x{301}e\x{301}e\x{301}e\x{301}e\x{301}e\x{301}e\x{301}e\x{301}e\x{301}e\x{301}e\x{301}e\x{301}e\x{301}e\x{301}e\x{301}e\x{301}e\x{301}e\x{301} e\x{301}e\x{301}e\x{301}e\x{301}e\x{301}e\x{301}e\x{301}e\x{301}e\x{301}e\x{301}e\x{301}e\x{301}e\x{301}e\x{301}e\x{301}e\x{301}e\x{301}e\x{301}e\x{301}e\x{301}e\x{301}e\x{301}"
          text run at (912,7684) width 0: " "
          text run at (0,7701) width 912: "e\x{301}e\x{301}e\x{301}e\x{301}e\x{301}e\x{301}e\x{301}e\x{301}e\x{301}e\x{301}e\x{301}e\x{301}e\x{301}e\x{301}e\x{301}e\x{301}e\x{301}e\x{301}e\x{301}e\x{301}e\x{301}e\x{301}e\x{301}e\x{301}e\x{301}e\x{301}e\x{301}e\x{301}e\x{301}e\x{301}e\x{301}e\x{301} e\x{301} e\x{301}e\x{301}e\x{301}e\x{301}e\x{301}e\x{301}e\x{301}e\x{301}e\x{301}e\x{301}e\x{301}e\x{301}e\x{301}e\x{301}e\x{301}e\x{301}e\x{301}e\x{301}e\x{301}e\x{301}e\x{301}e\x{301}e\x{301}e\x{301}e\x{301}e\x{301}e\x{301}e\x{301}e\x{301}e\x{301}e\x{301}e\x{301}e\x{301}e\x{301}e\x{301}e\x{301}e\x{301}e\x{301}e\x{301}e\x{301}e\x{301}e\x{301}e\x{301} e\x{301}e\x{301}e\x{301}e\x{301}e\x{301}e\x{301}e\x{301}e\x{301}e\x{301}e\x{301}e\x{301}e\x{301}e\x{301}e\x{301}e\x{301}e\x{301}e\x{301}e\x{301}e\x{301}e\x{301}e\x{301}e\x{301}e\x{301}e\x{301}e\x{301}e\x{301}e\x{301}e\x{301}e\x{301}e\x{301} e\x{301}e\x{301}e\x{301}e\x{301}e\x{301}e\x{301}e\x{301}e\x{301}e\x{301}e\x{301}e\x{301}e\x{301}e\x{301}e\x{301}e\x{301}e\x{301}e\x{301}e\x{301}e\x{301}e\x{301}e\x{301}e\x{301}"
          text run at (912,7701) width 0: " "
          text run at (0,7718) width 912: "e\x{301}e\x{301}e\x{301}e\x{301}e\x{301}e\x{301}e\x{301}e\x{301}e\x{301}e\x{301}e\x{301}e\x{301}e\x{301}e\x{301}e\x{301}e\x{301}e\x{301}e\x{301}e\x{301}e\x{301}e\x{301}e\x{301}e\x{301}e\x{301}e\x{301}e\x{301}e\x{301}e\x{301}e\x{301}e\x{301}e\x{301}e\x{301} e\x{301} e\x{301}e\x{301}e\x{301}e\x{301}e\x{301}e\x{301}e\x{301}e\x{301}e\x{301}e\x{301}e\x{301}e\x{301}e\x{301}e\x{301}e\x{301}e\x{301}e\x{301}e\x{301}e\x{301}e\x{301}e\x{301}e\x{301}e\x{301}e\x{301}e\x{301}e\x{301}e\x{301}e\x{301}e\x{301}e\x{301}e\x{301}e\x{301}e\x{301}e\x{301}e\x{301}e\x{301}e\x{301}e\x{301}e\x{301}e\x{301}e\x{301}e\x{301}e\x{301} e\x{301}e\x{301}e\x{301}e\x{301}e\x{301}e\x{301}e\x{301}e\x{301}e\x{301}e\x{301}e\x{301}e\x{301}e\x{301}e\x{301}e\x{301}e\x{301}e\x{301}e\x{301}e\x{301}e\x{301}e\x{301}e\x{301}e\x{301}e\x{301}e\x{301}e\x{301}e\x{301}e\x{301}e\x{301}e\x{301} e\x{301}e\x{301}e\x{301}e\x{301}e\x{301}e\x{301}e\x{301}e\x{301}e\x{301}e\x{301}e\x{301}e\x{301}e\x{301}e\x{301}e\x{301}e\x{301}e\x{301}e\x{301}e\x{301}e\x{301}e\x{301}e\x{301}"
          text run at (912,7718) width 0: " "
          text run at (0,7735) width 912: "e\x{301}e\x{301}e\x{301}e\x{301}e\x{301}e\x{301}e\x{301}e\x{301}e\x{301}e\x{301}e\x{301}e\x{301}e\x{301}e\x{301}e\x{301}e\x{301}e\x{301}e\x{301}e\x{301}e\x{301}e\x{301}e\x{301}e\x{301}e\x{301}e\x{301}e\x{301}e\x{301}e\x{301}e\x{301}e\x{301}e\x{301}e\x{301} e\x{301} e\x{301}e\x{301}e\x{301}e\x{301}e\x{301}e\x{301}e\x{301}e\x{301}e\x{301}e\x{301}e\x{301}e\x{301}e\x{301}e\x{301}e\x{301}e\x{301}e\x{301}e\x{301}e\x{301}e\x{301}e\x{301}e\x{301}e\x{301}e\x{301}e\x{301}e\x{301}e\x{301}e\x{301}e\x{301}e\x{301}e\x{301}e\x{301}e\x{301}e\x{301}e\x{301}e\x{301}e\x{301}e\x{301}e\x{301}e\x{301}e\x{301}e\x{301}e\x{301} e\x{301}e\x{301}e\x{301}e\x{301}e\x{301}e\x{301}e\x{301}e\x{301}e\x{301}e\x{301}e\x{301}e\x{301}e\x{301}e\x{301}e\x{301}e\x{301}e\x{301}e\x{301}e\x{301}e\x{301}e\x{301}e\x{301}e\x{301}e\x{301}e\x{301}e\x{301}e\x{301}e\x{301}e\x{301}e\x{301} e\x{301}e\x{301}e\x{301}e\x{301}e\x{301}e\x{301}e\x{301}e\x{301}e\x{301}e\x{301}e\x{301}e\x{301}e\x{301}e\x{301}e\x{301}e\x{301}e\x{301}e\x{301}e\x{301}e\x{301}e\x{301}e\x{301}"
          text run at (912,7735) width 0: " "
          text run at (0,7752) width 912: "e\x{301}e\x{301}e\x{301}e\x{301}e\x{301}e\x{301}e\x{301}e\x{301}e\x{301}e\x{301}e\x{301}e\x{301}e\x{301}e\x{301}e\x{301}e\x{301}e\x{301}e\x{301}e\x{301}e\x{301}e\x{301}e\x{301}e\x{301}e\x{301}e\x{301}e\x{301}e\x{301}e\x{301}e\x{301}e\x{301}e\x{301}e\x{301} e\x{301} e\x{301}e\x{301}e\x{301}e\x{301}e\x{301}e\x{301}e\x{301}e\x{301}e\x{301}e\x{301}e\x{301}e\x{301}e\x{301}e\x{301}e\x{301}e\x{301}e\x{301}e\x{301}e\x{301}e\x{301}e\x{301}e\x{301}e\x{301}e\x{301}e\x{301}e\x{301}e\x{301}e\x{301}e\x{301}e\x{301}e\x{301}e\x{301}e\x{301}e\x{301}e\x{301}e\x{301}e\x{301}e\x{301}e\x{301}e\x{301}e\x{301}e\x{301}e\x{301} e\x{301}e\x{301}e\x{301}e\x{301}e\x{301}e\x{301}e\x{301}e\x{301}e\x{301}e\x{301}e\x{301}e\x{301}e\x{301}e\x{301}e\x{301}e\x{301}e\x{301}e\x{301}e\x{301}e\x{301}e\x{301}e\x{301}e\x{301}e\x{301}e\x{301}e\x{301}e\x{301}e\x{301}e\x{301}e\x{301} e\x{301}e\x{301}e\x{301}e\x{301}e\x{301}e\x{301}e\x{301}e\x{301}e\x{301}e\x{301}e\x{301}e\x{301}e\x{301}e\x{301}e\x{301}e\x{301}e\x{301}e\x{301}e\x{301}e\x{301}e\x{301}e\x{301}"
          text run at (912,7752) width 0: " "
          text run at (0,7769) width 912: "e\x{301}e\x{301}e\x{301}e\x{301}e\x{301}e\x{301}e\x{301}e\x{301}e\x{301}e\x{301}e\x{301}e\x{301}e\x{301}e\x{301}e\x{301}e\x{301}e\x{301}e\x{301}e\x{301}e\x{301}e\x{301}e\x{301}e\x{301}e\x{301}e\x{301}e\x{301}e\x{301}e\x{301}e\x{301}e\x{301}e\x{301}e\x{301} e\x{301} e\x{301}e\x{301}e\x{301}e\x{301}e\x{301}e\x{301}e\x{301}e\x{301}e\x{301}e\x{301}e\x{301}e\x{301}e\x{301}e\x{301}e\x{301}e\x{301}e\x{301}e\x{301}e\x{301}e\x{301}e\x{301}e\x{301}e\x{301}e\x{301}e\x{301}e\x{301}e\x{301}e\x{301}e\x{301}e\x{301}e\x{301}e\x{301}e\x{301}e\x{301}e\x{301}e\x{301}e\x{301}e\x{301}e\x{301}e\x{301}e\x{301}e\x{301}e\x{301} e\x{301}e\x{301}e\x{301}e\x{301}e\x{301}e\x{301}e\x{301}e\x{301}e\x{301}e\x{301}e\x{301}e\x{301}e\x{301}e\x{301}e\x{301}e\x{301}e\x{301}e\x{301}e\x{301}e\x{301}e\x{301}e\x{301}e\x{301}e\x{301}e\x{301}e\x{301}e\x{301}e\x{301}e\x{301}e\x{301} e\x{301}e\x{301}e\x{301}e\x{301}e\x{301}e\x{301}e\x{301}e\x{301}e\x{301}e\x{301}e\x{301}e\x{301}e\x{301}e\x{301}e\x{301}e\x{301}e\x{301}e\x{301}e\x{301}e\x{301}e\x{301}e\x{301}"
          text run at (912,7769) width 0: " "
          text run at (0,7786) width 912: "e\x{301}e\x{301}e\x{301}e\x{301}e\x{301}e\x{301}e\x{301}e\x{301}e\x{301}e\x{301}e\x{301}e\x{301}e\x{301}e\x{301}e\x{301}e\x{301}e\x{301}e\x{301}e\x{301}e\x{301}e\x{301}e\x{301}e\x{301}e\x{301}e\x{301}e\x{301}e\x{301}e\x{301}e\x{301}e\x{301}e\x{301}e\x{301} e\x{301} e\x{301}e\x{301}e\x{301}e\x{301}e\x{301}e\x{301}e\x{301}e\x{301}e\x{301}e\x{301}e\x{301}e\x{301}e\x{301}e\x{301}e\x{301}e\x{301}e\x{301}e\x{301}e\x{301}e\x{301}e\x{301}e\x{301}e\x{301}e\x{301}e\x{301}e\x{301}e\x{301}e\x{301}e\x{301}e\x{301}e\x{301}e\x{301}e\x{301}e\x{301}e\x{301}e\x{301}e\x{301}e\x{301}e\x{301}e\x{301}e\x{301}e\x{301}e\x{301} e\x{301}e\x{301}e\x{301}e\x{301}e\x{301}e\x{301}e\x{301}e\x{301}e\x{301}e\x{301}e\x{301}e\x{301}e\x{301}e\x{301}e\x{301}e\x{301}e\x{301}e\x{301}e\x{301}e\x{301}e\x{301}e\x{301}e\x{301}e\x{301}e\x{301}e\x{301}e\x{301}e\x{301}e\x{301}e\x{301} e\x{301}e\x{301}e\x{301}e\x{301}e\x{301}e\x{301}e\x{301}e\x{301}e\x{301}e\x{301}e\x{301}e\x{301}e\x{301}e\x{301}e\x{301}e\x{301}e\x{301}e\x{301}e\x{301}e\x{301}e\x{301}e\x{301}"
          text run at (912,7786) width 0: " "
          text run at (0,7803) width 912: "e\x{301}e\x{301}e\x{301}e\x{301}e\x{301}e\x{301}e\x{301}e\x{301}e\x{301}e\x{301}e\x{301}e\x{301}e\x{301}e\x{301}e\x{301}e\x{301}e\x{301}e\x{301}e\x{301}e\x{301}e\x{301}e\x{301}e\x{301}e\x{301}e\x{301}e\x{301}e\x{301}e\x{301}e\x{301}e\x{301}e\x{301}e\x{301} e\x{301} e\x{301}e\x{301}e\x{301}e\x{301}e\x{301}e\x{301}e\x{301}e\x{301}e\x{301}e\x{301}e\x{301}e\x{301}e\x{301}e\x{301}e\x{301}e\x{301}e\x{301}e\x{301}e\x{301}e\x{301}e\x{301}e\x{301}e\x{301}e\x{301}e\x{301}e\x{301}e\x{301}e\x{301}e\x{301}e\x{301}e\x{301}e\x{301}e\x{301}e\x{301}e\x{301}e\x{301}e\x{301}e\x{301}e\x{301}e\x{301}e\x{301}e\x{301}e\x{301} e\x{301}e\x{301}e\x{301}e\x{301}e\x{301}e\x{301}e\x{301}e\x{301}e\x{301}e\x{301}e\x{301}e\x{301}e\x{301}e\x{301}e\x{301}e\x{301}e\x{301}e\x{301}e\x{301}e\x{301}e\x{301}e\x{301}e\x{301}e\x{301}e\x{301}e\x{301}e\x{301}e\x{301}e\x{301}e\x{301} e\x{301}e\x{301}e\x{301}e\x{301}e\x{301}e\x{301}e\x{301}e\x{301}e\x{301}e\x{301}e\x{301}e\x{301}e\x{301}e\x{301}e\x{301}e\x{301}e\x{301}e\x{301}e\x{301}e\x{301}e\x{301}e\x{301}"
          text run at (912,7803) width 0: " "
          text run at (0,7820) width 912: "e\x{301}e\x{301}e\x{301}e\x{301}e\x{301}e\x{301}e\x{301}e\x{301}e\x{301}e\x{301}e\x{301}e\x{301}e\x{301}e\x{301}e\x{301}e\x{301}e\x{301}e\x{301}e\x{301}e\x{301}e\x{301}e\x{301}e\x{301}e\x{301}e\x{301}e\x{301}e\x{301}e\x{301}e\x{301}e\x{301}e\x{301}e\x{301} e\x{301} e\x{301}e\x{301}e\x{301}e\x{301}e\x{301}e\x{301}e\x{301}e\x{301}e\x{301}e\x{301}e\x{301}e\x{301}e\x{301}e\x{301}e\x{301}e\x{301}e\x{301}e\x{301}e\x{301}e\x{301}e\x{301}e\x{301}e\x{301}e\x{301}e\x{301}e\x{301}e\x{301}e\x{301}e\x{301}e\x{301}e\x{301}e\x{301}e\x{301}e\x{301}e\x{301}e\x{301}e\x{301}e\x{301}e\x{301}e\x{301}e\x{301}e\x{301}e\x{301} e\x{301}e\x{301}e\x{301}e\x{301}e\x{301}e\x{301}e\x{301}e\x{301}e\x{301}e\x{301}e\x{301}e\x{301}e\x{301}e\x{301}e\x{301}e\x{301}e\x{301}e\x{301}e\x{301}e\x{301}e\x{301}e\x{301}e\x{301}e\x{301}e\x{301}e\x{301}e\x{301}e\x{301}e\x{301}e\x{301} e\x{301}e\x{301}e\x{301}e\x{301}e\x{301}e\x{301}e\x{301}e\x{301}e\x{301}e\x{301}e\x{301}e\x{301}e\x{301}e\x{301}e\x{301}e\x{301}e\x{301}e\x{301}e\x{301}e\x{301}e\x{301}e\x{301}"
          text run at (912,7820) width 0: " "
          text run at (0,7837) width 912: "e\x{301}e\x{301}e\x{301}e\x{301}e\x{301}e\x{301}e\x{301}e\x{301}e\x{301}e\x{301}e\x{301}e\x{301}e\x{301}e\x{301}e\x{301}e\x{301}e\x{301}e\x{301}e\x{301}e\x{301}e\x{301}e\x{301}e\x{301}e\x{301}e\x{301}e\x{301}e\x{301}e\x{301}e\x{301}e\x{301}e\x{301}e\x{301} e\x{301} e\x{301}e\x{301}e\x{301}e\x{301}e\x{301}e\x{301}e\x{301}e\x{301}e\x{301}e\x{301}e\x{301}e\x{301}e\x{301}e\x{301}e\x{301}e\x{301}e\x{301}e\x{301}e\x{301}e\x{301}e\x{301}e\x{301}e\x{301}e\x{301}e\x{301}e\x{301}e\x{301}e\x{301}e\x{301}e\x{301}e\x{301}e\x{301}e\x{301}e\x{301}e\x{301}e\x{301}e\x{301}e\x{301}e\x{301}e\x{301}e\x{301}e\x{301}e\x{301} e\x{301}e\x{301}e\x{301}e\x{301}e\x{301}e\x{301}e\x{301}e\x{301}e\x{301}e\x{301}e\x{301}e\x{301}e\x{301}e\x{301}e\x{301}e\x{301}e\x{301}e\x{301}e\x{301}e\x{301}e\x{301}e\x{301}e\x{301}e\x{301}e\x{301}e\x{301}e\x{301}e\x{301}e\x{301}e\x{301} e\x{301}e\x{301}e\x{301}e\x{301}e\x{301}e\x{301}e\x{301}e\x{301}e\x{301}e\x{301}e\x{301}e\x{301}e\x{301}e\x{301}e\x{301}e\x{301}e\x{301}e\x{301}e\x{301}e\x{301}e\x{301}e\x{301}"
          text run at (912,7837) width 0: " "
          text run at (0,7854) width 912: "e\x{301}e\x{301}e\x{301}e\x{301}e\x{301}e\x{301}e\x{301}e\x{301}e\x{301}e\x{301}e\x{301}e\x{301}e\x{301}e\x{301}e\x{301}e\x{301}e\x{301}e\x{301}e\x{301}e\x{301}e\x{301}e\x{301}e\x{301}e\x{301}e\x{301}e\x{301}e\x{301}e\x{301}e\x{301}e\x{301}e\x{301}e\x{301} e\x{301} e\x{301}e\x{301}e\x{301}e\x{301}e\x{301}e\x{301}e\x{301}e\x{301}e\x{301}e\x{301}e\x{301}e\x{301}e\x{301}e\x{301}e\x{301}e\x{301}e\x{301}e\x{301}e\x{301}e\x{301}e\x{301}e\x{301}e\x{301}e\x{301}e\x{301}e\x{301}e\x{301}e\x{301}e\x{301}e\x{301}e\x{301}e\x{301}e\x{301}e\x{301}e\x{301}e\x{301}e\x{301}e\x{301}e\x{301}e\x{301}e\x{301}e\x{301}e\x{301} e\x{301}e\x{301}e\x{301}e\x{301}e\x{301}e\x{301}e\x{301}e\x{301}e\x{301}e\x{301}e\x{301}e\x{301}e\x{301}e\x{301}e\x{301}e\x{301}e\x{301}e\x{301}e\x{301}e\x{301}e\x{301}e\x{301}e\x{301}e\x{301}e\x{301}e\x{301}e\x{301}e\x{301}e\x{301}e\x{301} e\x{301}e\x{301}e\x{301}e\x{301}e\x{301}e\x{301}e\x{301}e\x{301}e\x{301}e\x{301}e\x{301}e\x{301}e\x{301}e\x{301}e\x{301}e\x{301}e\x{301}e\x{301}e\x{301}e\x{301}e\x{301}e\x{301}"
          text run at (912,7854) width 0: " "
          text run at (0,7871) width 912: "e\x{301}e\x{301}e\x{301}e\x{301}e\x{301}e\x{301}e\x{301}e\x{301}e\x{301}e\x{301}e\x{301}e\x{301}e\x{301}e\x{301}e\x{301}e\x{301}e\x{301}e\x{301}e\x{301}e\x{301}e\x{301}e\x{301}e\x{301}e\x{301}e\x{301}e\x{301}e\x{301}e\x{301}e\x{301}e\x{301}e\x{301}e\x{301} e\x{301} e\x{301}e\x{301}e\x{301}e\x{301}e\x{301}e\x{301}e\x{301}e\x{301}e\x{301}e\x{301}e\x{301}e\x{301}e\x{301}e\x{301}e\x{301}e\x{301}e\x{301}e\x{301}e\x{301}e\x{301}e\x{301}e\x{301}e\x{301}e\x{301}e\x{301}e\x{301}e\x{301}e\x{301}e\x{301}e\x{301}e\x{301}e\x{301}e\x{301}e\x{301}e\x{301}e\x{301}e\x{301}e\x{301}e\x{301}e\x{301}e\x{301}e\x{301}e\x{301} e\x{301}e\x{301}e\x{301}e\x{301}e\x{301}e\x{301}e\x{301}e\x{301}e\x{301}e\x{301}e\x{301}e\x{301}e\x{301}e\x{301}e\x{301}e\x{301}e\x{301}e\x{301}e\x{301}e\x{301}e\x{301}e\x{301}e\x{301}e\x{301}e\x{301}e\x{301}e\x{301}e\x{301}e\x{301}e\x{301} e\x{301}e\x{301}e\x{301}e\x{301}e\x{301}e\x{301}e\x{301}e\x{301}e\x{301}e\x{301}e\x{301}e\x{301}e\x{301}e\x{301}e\x{301}e\x{301}e\x{301}e\x{301}e\x{301}e\x{301}e\x{301}e\x{301}"
          text run at (912,7871) width 0: " "
          text run at (0,7888) width 912: "e\x{301}e\x{301}e\x{301}e\x{301}e\x{301}e\x{301}e\x{301}e\x{301}e\x{301}e\x{301}e\x{301}e\x{301}e\x{301}e\x{301}e\x{301}e\x{301}e\x{301}e\x{301}e\x{301}e\x{301}e\x{301}e\x{301}e\x{301}e\x{301}e\x{301}e\x{301}e\x{301}e\x{301}e\x{301}e\x{301}e\x{301}e\x{301} e\x{301} e\x{301}e\x{301}e\x{301}e\x{301}e\x{301}e\x{301}e\x{301}e\x{301}e\x{301}e\x{301}e\x{301}e\x{301}e\x{301}e\x{301}e\x{301}e\x{301}e\x{301}e\x{301}e\x{301}e\x{301}e\x{301}e\x{301}e\x{301}e\x{301}e\x{301}e\x{301}e\x{301}e\x{301}e\x{301}e\x{301}e\x{301}e\x{301}e\x{301}e\x{301}e\x{301}e\x{301}e\x{301}e\x{301}e\x{301}e\x{301}e\x{301}e\x{301}e\x{301} e\x{301}e\x{301}e\x{301}e\x{301}e\x{301}e\x{301}e\x{301}e\x{301}e\x{301}e\x{301}e\x{301}e\x{301}e\x{301}e\x{301}e\x{301}e\x{301}e\x{301}e\x{301}e\x{301}e\x{301}e\x{301}e\x{301}e\x{301}e\x{301}e\x{301}e\x{301}e\x{301}e\x{301}e\x{301}e\x{301} e\x{301}e\x{301}e\x{301}e\x{301}e\x{301}e\x{301}e\x{301}e\x{301}e\x{301}e\x{301}e\x{301}e\x{301}e\x{301}e\x{301}e\x{301}e\x{301}e\x{301}e\x{301}e\x{301}e\x{301}e\x{301}e\x{301}"
          text run at (912,7888) width 0: " "
          text run at (0,7905) width 912: "e\x{301}e\x{301}e\x{301}e\x{301}e\x{301}e\x{301}e\x{301}e\x{301}e\x{301}e\x{301}e\x{301}e\x{301}e\x{301}e\x{301}e\x{301}e\x{301}e\x{301}e\x{301}e\x{301}e\x{301}e\x{301}e\x{301}e\x{301}e\x{301}e\x{301}e\x{301}e\x{301}e\x{301}e\x{301}e\x{301}e\x{301}e\x{301} e\x{301} e\x{301}e\x{301}e\x{301}e\x{301}e\x{301}e\x{301}e\x{301}e\x{301}e\x{301}e\x{301}e\x{301}e\x{301}e\x{301}e\x{301}e\x{301}e\x{301}e\x{301}e\x{301}e\x{301}e\x{301}e\x{301}e\x{301}e\x{301}e\x{301}e\x{301}e\x{301}e\x{301}e\x{301}e\x{301}e\x{301}e\x{301}e\x{301}e\x{301}e\x{301}e\x{301}e\x{301}e\x{301}e\x{301}e\x{301}e\x{301}e\x{301}e\x{301}e\x{301} e\x{301}e\x{301}e\x{301}e\x{301}e\x{301}e\x{301}e\x{301}e\x{301}e\x{301}e\x{301}e\x{301}e\x{301}e\x{301}e\x{301}e\x{301}e\x{301}e\x{301}e\x{301}e\x{301}e\x{301}e\x{301}e\x{301}e\x{301}e\x{301}e\x{301}e\x{301}e\x{301}e\x{301}e\x{301}e\x{301} e\x{301}e\x{301}e\x{301}e\x{301}e\x{301}e\x{301}e\x{301}e\x{301}e\x{301}e\x{301}e\x{301}e\x{301}e\x{301}e\x{301}e\x{301}e\x{301}e\x{301}e\x{301}e\x{301}e\x{301}e\x{301}e\x{301}"
          text run at (912,7905) width 0: " "
          text run at (0,7922) width 912: "e\x{301}e\x{301}e\x{301}e\x{301}e\x{301}e\x{301}e\x{301}e\x{301}e\x{301}e\x{301}e\x{301}e\x{301}e\x{301}e\x{301}e\x{301}e\x{301}e\x{301}e\x{301}e\x{301}e\x{301}e\x{301}e\x{301}e\x{301}e\x{301}e\x{301}e\x{301}e\x{301}e\x{301}e\x{301}e\x{301}e\x{301}e\x{301} e\x{301} e\x{301}e\x{301}e\x{301}e\x{301}e\x{301}e\x{301}e\x{301}e\x{301}e\x{301}e\x{301}e\x{301}e\x{301}e\x{301}e\x{301}e\x{301}e\x{301}e\x{301}e\x{301}e\x{301}e\x{301}e\x{301}e\x{301}e\x{301}e\x{301}e\x{301}e\x{301}e\x{301}e\x{301}e\x{301}e\x{301}e\x{301}e\x{301}e\x{301}e\x{301}e\x{301}e\x{301}e\x{301}e\x{301}e\x{301}e\x{301}e\x{301}e\x{301}e\x{301} e\x{301}e\x{301}e\x{301}e\x{301}e\x{301}e\x{301}e\x{301}e\x{301}e\x{301}e\x{301}e\x{301}e\x{301}e\x{301}e\x{301}e\x{301}e\x{301}e\x{301}e\x{301}e\x{301}e\x{301}e\x{301}e\x{301}e\x{301}e\x{301}e\x{301}e\x{301}e\x{301}e\x{301}e\x{301}e\x{301} e\x{301}e\x{301}e\x{301}e\x{301}e\x{301}e\x{301}e\x{301}e\x{301}e\x{301}e\x{301}e\x{301}e\x{301}e\x{301}e\x{301}e\x{301}e\x{301}e\x{301}e\x{301}e\x{301}e\x{301}e\x{301}e\x{301}"
          text run at (912,7922) width 0: " "
          text run at (0,7939) width 912: "e\x{301}e\x{301}e\x{301}e\x{301}e\x{301}e\x{301}e\x{301}e\x{301}e\x{301}e\x{301}e\x{301}e\x{301}e\x{301}e\x{301}e\x{301}e\x{301}e\x{301}e\x{301}e\x{301}e\x{301}e\x{301}e\x{301}e\x{301}e\x{301}e\x{301}e\x{301}e\x{301}e\x{301}e\x{301}e\x{301}e\x{301}e\x{301} e\x{301} e\x{301}e\x{301}e\x{301}e\x{301}e\x{301}e\x{301}e\x{301}e\x{301}e\x{301}e\x{301}e\x{301}e\x{301}e\x{301}e\x{301}e\x{301}e\x{301}e\x{301}e\x{301}e\x{301}e\x{301}e\x{301}e\x{301}e\x{301}e\x{301}e\x{301}e\x{301}e\x{301}e\x{301}e\x{301}e\x{301}e\x{301}e\x{301}e\x{301}e\x{301}e\x{301}e\x{301}e\x{301}e\x{301}e\x{301}e\x{301}e\x{301}e\x{301}e\x{301} e\x{301}e\x{301}e\x{301}e\x{301}e\x{301}e\x{301}e\x{301}e\x{301}e\x{301}e\x{301}e\x{301}e\x{301}e\x{301}e\x{301}e\x{301}e\x{301}e\x{301}e\x{301}e\x{301}e\x{301}e\x{301}e\x{301}e\x{301}e\x{301}e\x{301}e\x{301}e\x{301}e\x{301}e\x{301}e\x{301} e\x{301}e\x{301}e\x{301}e\x{301}e\x{301}e\x{301}e\x{301}e\x{301}e\x{301}e\x{301}e\x{301}e\x{301}e\x{301}e\x{301}e\x{301}e\x{301}e\x{301}e\x{301}e\x{301}e\x{301}e\x{301}e\x{301}"
          text run at (912,7939) width 0: " "
          text run at (0,7956) width 912: "e\x{301}e\x{301}e\x{301}e\x{301}e\x{301}e\x{301}e\x{301}e\x{301}e\x{301}e\x{301}e\x{301}e\x{301}e\x{301}e\x{301}e\x{301}e\x{301}e\x{301}e\x{301}e\x{301}e\x{301}e\x{301}e\x{301}e\x{301}e\x{301}e\x{301}e\x{301}e\x{301}e\x{301}e\x{301}e\x{301}e\x{301}e\x{301} e\x{301} e\x{301}e\x{301}e\x{301}e\x{301}e\x{301}e\x{301}e\x{301}e\x{301}e\x{301}e\x{301}e\x{301}e\x{301}e\x{301}e\x{301}e\x{301}e\x{301}e\x{301}e\x{301}e\x{301}e\x{301}e\x{301}e\x{301}e\x{301}e\x{301}e\x{301}e\x{301}e\x{301}e\x{301}e\x{301}e\x{301}e\x{301}e\x{301}e\x{301}e\x{301}e\x{301}e\x{301}e\x{301}e\x{301}e\x{301}e\x{301}e\x{301}e\x{301}e\x{301} e\x{301}e\x{301}e\x{301}e\x{301}e\x{301}e\x{301}e\x{301}e\x{301}e\x{301}e\x{301}e\x{301}e\x{301}e\x{301}e\x{301}e\x{301}e\x{301}e\x{301}e\x{301}e\x{301}e\x{301}e\x{301}e\x{301}e\x{301}e\x{301}e\x{301}e\x{301}e\x{301}e\x{301}e\x{301}e\x{301} e\x{301}e\x{301}e\x{301}e\x{301}e\x{301}e\x{301}e\x{301}e\x{301}e\x{301}e\x{301}e\x{301}e\x{301}e\x{301}e\x{301}e\x{301}e\x{301}e\x{301}e\x{301}e\x{301}e\x{301}e\x{301}e\x{301}"
          text run at (912,7956) width 0: " "
          text run at (0,7973) width 912: "e\x{301}e\x{301}e\x{301}e\x{301}e\x{301}e\x{301}e\x{301}e\x{301}e\x{301}e\x{301}e\x{301}e\x{301}e\x{301}e\x{301}e\x{301}e\x{301}e\x{301}e\x{301}e\x{301}e\x{301}e\x{301}e\x{301}e\x{301}e\x{301}e\x{301}e\x{301}e\x{301}e\x{301}e\x{301}e\x{301}e\x{301}e\x{301} e\x{301} e\x{301}e\x{301}e\x{301}e\x{301}e\x{301}e\x{301}e\x{301}e\x{301}e\x{301}e\x{301}e\x{301}e\x{301}e\x{301}e\x{301}e\x{301}e\x{301}e\x{301}e\x{301}e\x{301}e\x{301}e\x{301}e\x{301}e\x{301}e\x{301}e\x{301}e\x{301}e\x{301}e\x{301}e\x{301}e\x{301}e\x{301}e\x{301}e\x{301}e\x{301}e\x{301}e\x{301}e\x{301}e\x{301}e\x{301}e\x{301}e\x{301}e\x{301}e\x{301} e\x{301}e\x{301}e\x{301}e\x{301}e\x{301}e\x{301}e\x{301}e\x{301}e\x{301}e\x{301}e\x{301}e\x{301}e\x{301}e\x{301}e\x{301}e\x{301}e\x{301}e\x{301}e\x{301}e\x{301}e\x{301}e\x{301}e\x{301}e\x{301}e\x{301}e\x{301}e\x{301}e\x{301}e\x{301}e\x{301} e\x{301}e\x{301}e\x{301}e\x{301}e\x{301}e\x{301}e\x{301}e\x{301}e\x{301}e\x{301}e\x{301}e\x{301}e\x{301}e\x{301}e\x{301}e\x{301}e\x{301}e\x{301}e\x{301}e\x{301}e\x{301}e\x{301}"
          text run at (912,7973) width 0: " "
          text run at (0,7990) width 912: "e\x{301}e\x{301}e\x{301}e\x{301}e\x{301}e\x{301}e\x{301}e\x{301}e\x{301}e\x{301}e\x{301}e\x{301}e\x{301}e\x{301}e\x{301}e\x{301}e\x{301}e\x{301}e\x{301}e\x{301}e\x{301}e\x{301}e\x{301}e\x{301}e\x{301}e\x{301}e\x{301}e\x{301}e\x{301}e\x{301}e\x{301}e\x{301} e\x{301} e\x{301}e\x{301}e\x{301}e\x{301}e\x{301}e\x{301}e\x{301}e\x{301}e\x{301}e\x{301}e\x{301}e\x{301}e\x{301}e\x{301}e\x{301}e\x{301}e\x{301}e\x{301}e\x{301}e\x{301}e\x{301}e\x{301}e\x{301}e\x{301}e\x{301}e\x{301}e\x{301}e\x{301}e\x{301}e\x{301}e\x{301}e\x{301}e\x{301}e\x{301}e\x{301}e\x{301}e\x{301}e\x{301}e\x{301}e\x{301}e\x{301}e\x{301}e\x{301} e\x{301}e\x{301}e\x{301}e\x{301}e\x{301}e\x{301}e\x{301}e\x{301}e\x{301}e\x{301}e\x{301}e\x{301}e\x{301}e\x{301}e\x{301}e\x{301}e\x{301}e\x{301}e\x{301}e\x{301}e\x{301}e\x{301}e\x{301}e\x{301}e\x{301}e\x{301}e\x{301}e\x{301}e\x{301}e\x{301} e\x{301}e\x{301}e\x{301}e\x{301}e\x{301}e\x{301}e\x{301}e\x{301}e\x{301}e\x{301}e\x{301}e\x{301}e\x{301}e\x{301}e\x{301}e\x{301}e\x{301}e\x{301}e\x{301}e\x{301}e\x{301}e\x{301}"
          text run at (912,7990) width 0: " "
          text run at (0,8007) width 912: "e\x{301}e\x{301}e\x{301}e\x{301}e\x{301}e\x{301}e\x{301}e\x{301}e\x{301}e\x{301}e\x{301}e\x{301}e\x{301}e\x{301}e\x{301}e\x{301}e\x{301}e\x{301}e\x{301}e\x{301}e\x{301}e\x{301}e\x{301}e\x{301}e\x{301}e\x{301}e\x{301}e\x{301}e\x{301}e\x{301}e\x{301}e\x{301} e\x{301} e\x{301}e\x{301}e\x{301}e\x{301}e\x{301}e\x{301}e\x{301}e\x{301}e\x{301}e\x{301}e\x{301}e\x{301}e\x{301}e\x{301}e\x{301}e\x{301}e\x{301}e\x{301}e\x{301}e\x{301}e\x{301}e\x{301}e\x{301}e\x{301}e\x{301}e\x{301}e\x{301}e\x{301}e\x{301}e\x{301}e\x{301}e\x{301}e\x{301}e\x{301}e\x{301}e\x{301}e\x{301}e\x{301}e\x{301}e\x{301}e\x{301}e\x{301}e\x{301} e\x{301}e\x{301}e\x{301}e\x{301}e\x{301}e\x{301}e\x{301}e\x{301}e\x{301}e\x{301}e\x{301}e\x{301}e\x{301}e\x{301}e\x{301}e\x{301}e\x{301}e\x{301}e\x{301}e\x{301}e\x{301}e\x{301}e\x{301}e\x{301}e\x{301}e\x{301}e\x{301}e\x{301}e\x{301}e\x{301} e\x{301}e\x{301}e\x{301}e\x{301}e\x{301}e\x{301}e\x{301}e\x{301}e\x{301}e\x{301}e\x{301}e\x{301}e\x{301}e\x{301}e\x{301}e\x{301}e\x{301}e\x{301}e\x{301}e\x{301}e\x{301}e\x{301}"
          text run at (912,8007) width 0: " "
          text run at (0,8024) width 912: "e\x{301}e\x{301}e\x{301}e\x{301}e\x{301}e\x{301}e\x{301}e\x{301}e\x{301}e\x{301}e\x{301}e\x{301}e\x{301}e\x{301}e\x{301}e\x{301}e\x{301}e\x{301}e\x{301}e\x{301}e\x{301}e\x{301}e\x{301}e\x{301}e\x{301}e\x{301}e\x{301}e\x{301}e\x{301}e\x{301}e\x{301}e\x{301} e\x{301} e\x{301}e\x{301}e\x{301}e\x{301}e\x{301}e\x{301}e\x{301}e\x{301}e\x{301}e\x{301}e\x{301}e\x{301}e\x{301}e\x{301}e\x{301}e\x{301}e\x{301}e\x{301}e\x{301}e\x{301}e\x{301}e\x{301}e\x{301}e\x{301}e\x{301}e\x{301}e\x{301}e\x{301}e\x{301}e\x{301}e\x{301}e\x{301}e\x{301}e\x{301}e\x{301}e\x{301}e\x{301}e\x{301}e\x{301}e\x{301}e\x{301}e\x{301}e\x{301} e\x{301}e\x{301}e\x{301}e\x{301}e\x{301}e\x{301}e\x{301}e\x{301}e\x{301}e\x{301}e\x{301}e\x{301}e\x{301}e\x{301}e\x{301}e\x{301}e\x{301}e\x{301}e\x{301}e\x{301}e\x{301}e\x{301}e\x{301}e\x{301}e\x{301}e\x{301}e\x{301}e\x{301}e\x{301}e\x{301} e\x{301}e\x{301}e\x{301}e\x{301}e\x{301}e\x{301}e\x{301}e\x{301}e\x{301}e\x{301}e\x{301}e\x{301}e\x{301}e\x{301}e\x{301}e\x{301}e\x{301}e\x{301}e\x{301}e\x{301}e\x{301}e\x{301}"
          text run at (912,8024) width 0: " "
          text run at (0,8041) width 912: "e\x{301}e\x{301}e\x{301}e\x{301}e\x{301}e\x{301}e\x{301}e\x{301}e\x{301}e\x{301}e\x{301}e\x{301}e\x{301}e\x{301}e\x{301}e\x{301}e\x{301}e\x{301}e\x{301}e\x{301}e\x{301}e\x{301}e\x{301}e\x{301}e\x{301}e\x{301}e\x{301}e\x{301}e\x{301}e\x{301}e\x{301}e\x{301} e\x{301} e\x{301}e\x{301}e\x{301}e\x{301}e\x{301}e\x{301}e\x{301}e\x{301}e\x{301}e\x{301}e\x{301}e\x{301}e\x{301}e\x{301}e\x{301}e\x{301}e\x{301}e\x{301}e\x{301}e\x{301}e\x{301}e\x{301}e\x{301}e\x{301}e\x{301}e\x{301}e\x{301}e\x{301}e\x{301}e\x{301}e\x{301}e\x{301}e\x{301}e\x{301}e\x{301}e\x{301}e\x{301}e\x{301}e\x{301}e\x{301}e\x{301}e\x{301}e\x{301} e\x{301}e\x{301}e\x{301}e\x{301}e\x{301}e\x{301}e\x{301}e\x{301}e\x{301}e\x{301}e\x{301}e\x{301}e\x{301}e\x{301}e\x{301}e\x{301}e\x{301}e\x{301}e\x{301}e\x{301}e\x{301}e\x{301}e\x{301}e\x{301}e\x{301}e\x{301}e\x{301}e\x{301}e\x{301}e\x{301} e\x{301}e\x{301}e\x{301}e\x{301}e\x{301}e\x{301}e\x{301}e\x{301}e\x{301}e\x{301}e\x{301}e\x{301}e\x{301}e\x{301}e\x{301}e\x{301}e\x{301}e\x{301}e\x{301}e\x{301}e\x{301}e\x{301}"
          text run at (912,8041) width 0: " "
          text run at (0,8058) width 912: "e\x{301}e\x{301}e\x{301}e\x{301}e\x{301}e\x{301}e\x{301}e\x{301}e\x{301}e\x{301}e\x{301}e\x{301}e\x{301}e\x{301}e\x{301}e\x{301}e\x{301}e\x{301}e\x{301}e\x{301}e\x{301}e\x{301}e\x{301}e\x{301}e\x{301}e\x{301}e\x{301}e\x{301}e\x{301}e\x{301}e\x{301}e\x{301} e\x{301} e\x{301}e\x{301}e\x{301}e\x{301}e\x{301}e\x{301}e\x{301}e\x{301}e\x{301}e\x{301}e\x{301}e\x{301}e\x{301}e\x{301}e\x{301}e\x{301}e\x{301}e\x{301}e\x{301}e\x{301}e\x{301}e\x{301}e\x{301}e\x{301}e\x{301}e\x{301}e\x{301}e\x{301}e\x{301}e\x{301}e\x{301}e\x{301}e\x{301}e\x{301}e\x{301}e\x{301}e\x{301}e\x{301}e\x{301}e\x{301}e\x{301}e\x{301}e\x{301} e\x{301}e\x{301}e\x{301}e\x{301}e\x{301}e\x{301}e\x{301}e\x{301}e\x{301}e\x{301}e\x{301}e\x{301}e\x{301}e\x{301}e\x{301}e\x{301}e\x{301}e\x{301}e\x{301}e\x{301}e\x{301}e\x{301}e\x{301}e\x{301}e\x{301}e\x{301}e\x{301}e\x{301}e\x{301}e\x{301} e\x{301}e\x{301}e\x{301}e\x{301}e\x{301}e\x{301}e\x{301}e\x{301}e\x{301}e\x{301}e\x{301}e\x{301}e\x{301}e\x{301}e\x{301}e\x{301}e\x{301}e\x{301}e\x{301}e\x{301}e\x{301}e\x{301}"
          text run at (912,8058) width 0: " "
          text run at (0,8075) width 912: "e\x{301}e\x{301}e\x{301}e\x{301}e\x{301}e\x{301}e\x{301}e\x{301}e\x{301}e\x{301}e\x{301}e\x{301}e\x{301}e\x{301}e\x{301}e\x{301}e\x{301}e\x{301}e\x{301}e\x{301}e\x{301}e\x{301}e\x{301}e\x{301}e\x{301}e\x{301}e\x{301}e\x{301}e\x{301}e\x{301}e\x{301}e\x{301} e\x{301} e\x{301}e\x{301}e\x{301}e\x{301}e\x{301}e\x{301}e\x{301}e\x{301}e\x{301}e\x{301}e\x{301}e\x{301}e\x{301}e\x{301}e\x{301}e\x{301}e\x{301}e\x{301}e\x{301}e\x{301}e\x{301}e\x{301}e\x{301}e\x{301}e\x{301}e\x{301}e\x{301}e\x{301}e\x{301}e\x{301}e\x{301}e\x{301}e\x{301}e\x{301}e\x{301}e\x{301}e\x{301}e\x{301}e\x{301}e\x{301}e\x{301}e\x{301}e\x{301} e\x{301}e\x{301}e\x{301}e\x{301}e\x{301}e\x{301}e\x{301}e\x{301}e\x{301}e\x{301}e\x{301}e\x{301}e\x{301}e\x{301}e\x{301}e\x{301}e\x{301}e\x{301}e\x{301}e\x{301}e\x{301}e\x{301}e\x{301}e\x{301}e\x{301}e\x{301}e\x{301}e\x{301}e\x{301}e\x{301} e\x{301}e\x{301}e\x{301}e\x{301}e\x{301}e\x{301}e\x{301}e\x{301}e\x{301}e\x{301}e\x{301}e\x{301}e\x{301}e\x{301}e\x{301}e\x{301}e\x{301}e\x{301}e\x{301}e\x{301}e\x{301}e\x{301}"
          text run at (912,8075) width 0: " "
          text run at (0,8092) width 912: "e\x{301}e\x{301}e\x{301}e\x{301}e\x{301}e\x{301}e\x{301}e\x{301}e\x{301}e\x{301}e\x{301}e\x{301}e\x{301}e\x{301}e\x{301}e\x{301}e\x{301}e\x{301}e\x{301}e\x{301}e\x{301}e\x{301}e\x{301}e\x{301}e\x{301}e\x{301}e\x{301}e\x{301}e\x{301}e\x{301}e\x{301}e\x{301} e\x{301} e\x{301}e\x{301}e\x{301}e\x{301}e\x{301}e\x{301}e\x{301}e\x{301}e\x{301}e\x{301}e\x{301}e\x{301}e\x{301}e\x{301}e\x{301}e\x{301}e\x{301}e\x{301}e\x{301}e\x{301}e\x{301}e\x{301}e\x{301}e\x{301}e\x{301}e\x{301}e\x{301}e\x{301}e\x{301}e\x{301}e\x{301}e\x{301}e\x{301}e\x{301}e\x{301}e\x{301}e\x{301}e\x{301}e\x{301}e\x{301}e\x{301}e\x{301}e\x{301} e\x{301}e\x{301}e\x{301}e\x{301}e\x{301}e\x{301}e\x{301}e\x{301}e\x{301}e\x{301}e\x{301}e\x{301}e\x{301}e\x{301}e\x{301}e\x{301}e\x{301}e\x{301}e\x{301}e\x{301}e\x{301}e\x{301}e\x{301}e\x{301}e\x{301}e\x{301}e\x{301}e\x{301}e\x{301}e\x{301} e\x{301}e\x{301}e\x{301}e\x{301}e\x{301}e\x{301}e\x{301}e\x{301}e\x{301}e\x{301}e\x{301}e\x{301}e\x{301}e\x{301}e\x{301}e\x{301}e\x{301}e\x{301}e\x{301}e\x{301}e\x{301}e\x{301}"
          text run at (912,8092) width 0: " "
          text run at (0,8109) width 912: "e\x{301}e\x{301}e\x{301}e\x{301}e\x{301}e\x{301}e\x{301}e\x{301}e\x{301}e\x{301}e\x{301}e\x{301}e\x{301}e\x{301}e\x{301}e\x{301}e\x{301}e\x{301}e\x{301}e\x{301}e\x{301}e\x{301}e\x{301}e\x{301}e\x{301}e\x{301}e\x{301}e\x{301}e\x{301}e\x{301}e\x{301}e\x{301} e\x{301} e\x{301}e\x{301}e\x{301}e\x{301}e\x{301}e\x{301}e\x{301}e\x{301}e\x{301}e\x{301}e\x{301}e\x{301}e\x{301}e\x{301}e\x{301}e\x{301}e\x{301}e\x{301}e\x{301}e\x{301}e\x{301}e\x{301}e\x{301}e\x{301}e\x{301}e\x{301}e\x{301}e\x{301}e\x{301}e\x{301}e\x{301}e\x{301}e\x{301}e\x{301}e\x{301}e\x{301}e\x{301}e\x{301}e\x{301}e\x{301}e\x{301}e\x{301}e\x{301} e\x{301}e\x{301}e\x{301}e\x{301}e\x{301}e\x{301}e\x{301}e\x{301}e\x{301}e\x{301}e\x{301}e\x{301}e\x{301}e\x{301}e\x{301}e\x{301}e\x{301}e\x{301}e\x{301}e\x{301}e\x{301}e\x{301}e\x{301}e\x{301}e\x{301}e\x{301}e\x{301}e\x{301}e\x{301}e\x{301} e\x{301}e\x{301}e\x{301}e\x{301}e\x{301}e\x{301}e\x{301}e\x{301}e\x{301}e\x{301}e\x{301}e\x{301}e\x{301}e\x{301}e\x{301}e\x{301}e\x{301}e\x{301}e\x{301}e\x{301}e\x{301}e\x{301}"
          text run at (912,8109) width 0: " "
          text run at (0,8126) width 912: "e\x{301}e\x{301}e\x{301}e\x{301}e\x{301}e\x{301}e\x{301}e\x{301}e\x{301}e\x{301}e\x{301}e\x{301}e\x{301}e\x{301}e\x{301}e\x{301}e\x{301}e\x{301}e\x{301}e\x{301}e\x{301}e\x{301}e\x{301}e\x{301}e\x{301}e\x{301}e\x{301}e\x{301}e\x{301}e\x{301}e\x{301}e\x{301} e\x{301} e\x{301}e\x{301}e\x{301}e\x{301}e\x{301}e\x{301}e\x{301}e\x{301}e\x{301}e\x{301}e\x{301}e\x{301}e\x{301}e\x{301}e\x{301}e\x{301}e\x{301}e\x{301}e\x{301}e\x{301}e\x{301}e\x{301}e\x{301}e\x{301}e\x{301}e\x{301}e\x{301}e\x{301}e\x{301}e\x{301}e\x{301}e\x{301}e\x{301}e\x{301}e\x{301}e\x{301}e\x{301}e\x{301}e\x{301}e\x{301}e\x{301}e\x{301}e\x{301} e\x{301}e\x{301}e\x{301}e\x{301}e\x{301}e\x{301}e\x{301}e\x{301}e\x{301}e\x{301}e\x{301}e\x{301}e\x{301}e\x{301}e\x{301}e\x{301}e\x{301}e\x{301}e\x{301}e\x{301}e\x{301}e\x{301}e\x{301}e\x{301}e\x{301}e\x{301}e\x{301}e\x{301}e\x{301}e\x{301} e\x{301}e\x{301}e\x{301}e\x{301}e\x{301}e\x{301}e\x{301}e\x{301}e\x{301}e\x{301}e\x{301}e\x{301}e\x{301}e\x{301}e\x{301}e\x{301}e\x{301}e\x{301}e\x{301}e\x{301}e\x{301}e\x{301}"
          text run at (912,8126) width 0: " "
          text run at (0,8143) width 912: "e\x{301}e\x{301}e\x{301}e\x{301}e\x{301}e\x{301}e\x{301}e\x{301}e\x{301}e\x{301}e\x{301}e\x{301}e\x{301}e\x{301}e\x{301}e\x{301}e\x{301}e\x{301}e\x{301}e\x{301}e\x{301}e\x{301}e\x{301}e\x{301}e\x{301}e\x{301}e\x{301}e\x{301}e\x{301}e\x{301}e\x{301}e\x{301} e\x{301} e\x{301}e\x{301}e\x{301}e\x{301}e\x{301}e\x{301}e\x{301}e\x{301}e\x{301}e\x{301}e\x{301}e\x{301}e\x{301}e\x{301}e\x{301}e\x{301}e\x{301}e\x{301}e\x{301}e\x{301}e\x{301}e\x{301}e\x{301}e\x{301}e\x{301}e\x{301}e\x{301}e\x{301}e\x{301}e\x{301}e\x{301}e\x{301}e\x{301}e\x{301}e\x{301}e\x{301}e\x{301}e\x{301}e\x{301}e\x{301}e\x{301}e\x{301}e\x{301} e\x{301}e\x{301}e\x{301}e\x{301}e\x{301}e\x{301}e\x{301}e\x{301}e\x{301}e\x{301}e\x{301}e\x{301}e\x{301}e\x{301}e\x{301}e\x{301}e\x{301}e\x{301}e\x{301}e\x{301}e\x{301}e\x{301}e\x{301}e\x{301}e\x{301}e\x{301}e\x{301}e\x{301}e\x{301}e\x{301} e\x{301}e\x{301}e\x{301}e\x{301}e\x{301}e\x{301}e\x{301}e\x{301}e\x{301}e\x{301}e\x{301}e\x{301}e\x{301}e\x{301}e\x{301}e\x{301}e\x{301}e\x{301}e\x{301}e\x{301}e\x{301}e\x{301}"
          text run at (912,8143) width 0: " "
          text run at (0,8160) width 912: "e\x{301}e\x{301}e\x{301}e\x{301}e\x{301}e\x{301}e\x{301}e\x{301}e\x{301}e\x{301}e\x{301}e\x{301}e\x{301}e\x{301}e\x{301}e\x{301}e\x{301}e\x{301}e\x{301}e\x{301}e\x{301}e\x{301}e\x{301}e\x{301}e\x{301}e\x{301}e\x{301}e\x{301}e\x{301}e\x{301}e\x{301}e\x{301} e\x{301} e\x{301}e\x{301}e\x{301}e\x{301}e\x{301}e\x{301}e\x{301}e\x{301}e\x{301}e\x{301}e\x{301}e\x{301}e\x{301}e\x{301}e\x{301}e\x{301}e\x{301}e\x{301}e\x{301}e\x{301}e\x{301}e\x{301}e\x{301}e\x{301}e\x{301}e\x{301}e\x{301}e\x{301}e\x{301}e\x{301}e\x{301}e\x{301}e\x{301}e\x{301}e\x{301}e\x{301}e\x{301}e\x{301}e\x{301}e\x{301}e\x{301}e\x{301}e\x{301} e\x{301}e\x{301}e\x{301}e\x{301}e\x{301}e\x{301}e\x{301}e\x{301}e\x{301}e\x{301}e\x{301}e\x{301}e\x{301}e\x{301}e\x{301}e\x{301}e\x{301}e\x{301}e\x{301}e\x{301}e\x{301}e\x{301}e\x{301}e\x{301}e\x{301}e\x{301}e\x{301}e\x{301}e\x{301}e\x{301} e\x{301}e\x{301}e\x{301}e\x{301}e\x{301}e\x{301}e\x{301}e\x{301}e\x{301}e\x{301}e\x{301}e\x{301}e\x{301}e\x{301}e\x{301}e\x{301}e\x{301}e\x{301}e\x{301}e\x{301}e\x{301}e\x{301}"
          text run at (912,8160) width 0: " "
          text run at (0,8177) width 912: "e\x{301}e\x{301}e\x{301}e\x{301}e\x{301}e\x{301}e\x{301}e\x{301}e\x{301}e\x{301}e\x{301}e\x{301}e\x{301}e\x{301}e\x{301}e\x{301}e\x{301}e\x{301}e\x{301}e\x{301}e\x{301}e\x{301}e\x{301}e\x{301}e\x{301}e\x{301}e\x{301}e\x{301}e\x{301}e\x{301}e\x{301}e\x{301} e\x{301} e\x{301}e\x{301}e\x{301}e\x{301}e\x{301}e\x{301}e\x{301}e\x{301}e\x{301}e\x{301}e\x{301}e\x{301}e\x{301}e\x{301}e\x{301}e\x{301}e\x{301}e\x{301}e\x{301}e\x{301}e\x{301}e\x{301}e\x{301}e\x{301}e\x{301}e\x{301}e\x{301}e\x{301}e\x{301}e\x{301}e\x{301}e\x{301}e\x{301}e\x{301}e\x{301}e\x{301}e\x{301}e\x{301}e\x{301}e\x{301}e\x{301}e\x{301}e\x{301} e\x{301}e\x{301}e\x{301}e\x{301}e\x{301}e\x{301}e\x{301}e\x{301}e\x{301}e\x{301}e\x{301}e\x{301}e\x{301}e\x{301}e\x{301}e\x{301}e\x{301}e\x{301}e\x{301}e\x{301}e\x{301}e\x{301}e\x{301}e\x{301}e\x{301}e\x{301}e\x{301}e\x{301}e\x{301}e\x{301} e\x{301}e\x{301}e\x{301}e\x{301}e\x{301}e\x{301}e\x{301}e\x{301}e\x{301}e\x{301}e\x{301}e\x{301}e\x{301}e\x{301}e\x{301}e\x{301}e\x{301}e\x{301}e\x{301}e\x{301}e\x{301}e\x{301}"
          text run at (912,8177) width 0: " "
          text run at (0,8194) width 912: "e\x{301}e\x{301}e\x{301}e\x{301}e\x{301}e\x{301}e\x{301}e\x{301}e\x{301}e\x{301}e\x{301}e\x{301}e\x{301}e\x{301}e\x{301}e\x{301}e\x{301}e\x{301}e\x{301}e\x{301}e\x{301}e\x{301}e\x{301}e\x{301}e\x{301}e\x{301}e\x{301}e\x{301}e\x{301}e\x{301}e\x{301}e\x{301} e\x{301} e\x{301}e\x{301}e\x{301}e\x{301}e\x{301}e\x{301}e\x{301}e\x{301}e\x{301}e\x{301}e\x{301}e\x{301}e\x{301}e\x{301}e\x{301}e\x{301}e\x{301}e\x{301}e\x{301}e\x{301}e\x{301}e\x{301}e\x{301}e\x{301}e\x{301}e\x{301}e\x{301}e\x{301}e\x{301}e\x{301}e\x{301}e\x{301}e\x{301}e\x{301}e\x{301}e\x{301}e\x{301}e\x{301}e\x{301}e\x{301}e\x{301}e\x{301}e\x{301} e\x{301}e\x{301}e\x{301}e\x{301}e\x{301}e\x{301}e\x{301}e\x{301}e\x{301}e\x{301}e\x{301}e\x{301}e\x{301}e\x{301}e\x{301}e\x{301}e\x{301}e\x{301}e\x{301}e\x{301}e\x{301}e\x{301}e\x{301}e\x{301}e\x{301}e\x{301}e\x{301}e\x{301}e\x{301}e\x{301} e\x{301}e\x{301}e\x{301}e\x{301}e\x{301}e\x{301}e\x{301}e\x{301}e\x{301}e\x{301}e\x{301}e\x{301}e\x{301}e\x{301}e\x{301}e\x{301}e\x{301}e\x{301}e\x{301}e\x{301}e\x{301}e\x{301}"
          text run at (912,8194) width 0: " "
          text run at (0,8211) width 912: "e\x{301}e\x{301}e\x{301}e\x{301}e\x{301}e\x{301}e\x{301}e\x{301}e\x{301}e\x{301}e\x{301}e\x{301}e\x{301}e\x{301}e\x{301}e\x{301}e\x{301}e\x{301}e\x{301}e\x{301}e\x{301}e\x{301}e\x{301}e\x{301}e\x{301}e\x{301}e\x{301}e\x{301}e\x{301}e\x{301}e\x{301}e\x{301} e\x{301} e\x{301}e\x{301}e\x{301}e\x{301}e\x{301}e\x{301}e\x{301}e\x{301}e\x{301}e\x{301}e\x{301}e\x{301}e\x{301}e\x{301}e\x{301}e\x{301}e\x{301}e\x{301}e\x{301}e\x{301}e\x{301}e\x{301}e\x{301}e\x{301}e\x{301}e\x{301}e\x{301}e\x{301}e\x{301}e\x{301}e\x{301}e\x{301}e\x{301}e\x{301}e\x{301}e\x{301}e\x{301}e\x{301}e\x{301}e\x{301}e\x{301}e\x{301}e\x{301} e\x{301}e\x{301}e\x{301}e\x{301}e\x{301}e\x{301}e\x{301}e\x{301}e\x{301}e\x{301}e\x{301}e\x{301}e\x{301}e\x{301}e\x{301}e\x{301}e\x{301}e\x{301}e\x{301}e\x{301}e\x{301}e\x{301}e\x{301}e\x{301}e\x{301}e\x{301}e\x{301}e\x{301}e\x{301}e\x{301} e\x{301}e\x{301}e\x{301}e\x{301}e\x{301}e\x{301}e\x{301}e\x{301}e\x{301}e\x{301}e\x{301}e\x{301}e\x{301}e\x{301}e\x{301}e\x{301}e\x{301}e\x{301}e\x{301}e\x{301}e\x{301}e\x{301}"
          text run at (912,8211) width 0: " "
          text run at (0,8228) width 912: "e\x{301}e\x{301}e\x{301}e\x{301}e\x{301}e\x{301}e\x{301}e\x{301}e\x{301}e\x{301}e\x{301}e\x{301}e\x{301}e\x{301}e\x{301}e\x{301}e\x{301}e\x{301}e\x{301}e\x{301}e\x{301}e\x{301}e\x{301}e\x{301}e\x{301}e\x{301}e\x{301}e\x{301}e\x{301}e\x{301}e\x{301}e\x{301} e\x{301} e\x{301}e\x{301}e\x{301}e\x{301}e\x{301}e\x{301}e\x{301}e\x{301}e\x{301}e\x{301}e\x{301}e\x{301}e\x{301}e\x{301}e\x{301}e\x{301}e\x{301}e\x{301}e\x{301}e\x{301}e\x{301}e\x{301}e\x{301}e\x{301}e\x{301}e\x{301}e\x{301}e\x{301}e\x{301}e\x{301}e\x{301}e\x{301}e\x{301}e\x{301}e\x{301}e\x{301}e\x{301}e\x{301}e\x{301}e\x{301}e\x{301}e\x{301}e\x{301} e\x{301}e\x{301}e\x{301}e\x{301}e\x{301}e\x{301}e\x{301}e\x{301}e\x{301}e\x{301}e\x{301}e\x{301}e\x{301}e\x{301}e\x{301}e\x{301}e\x{301}e\x{301}e\x{301}e\x{301}e\x{301}e\x{301}e\x{301}e\x{301}e\x{301}e\x{301}e\x{301}e\x{301}e\x{301}e\x{301} e\x{301}e\x{301}e\x{301}e\x{301}e\x{301}e\x{301}e\x{301}e\x{301}e\x{301}e\x{301}e\x{301}e\x{301}e\x{301}e\x{301}e\x{301}e\x{301}e\x{301}e\x{301}e\x{301}e\x{301}e\x{301}e\x{301}"
          text run at (912,8228) width 0: " "
          text run at (0,8245) width 912: "e\x{301}e\x{301}e\x{301}e\x{301}e\x{301}e\x{301}e\x{301}e\x{301}e\x{301}e\x{301}e\x{301}e\x{301}e\x{301}e\x{301}e\x{301}e\x{301}e\x{301}e\x{301}e\x{301}e\x{301}e\x{301}e\x{301}e\x{301}e\x{301}e\x{301}e\x{301}e\x{301}e\x{301}e\x{301}e\x{301}e\x{301}e\x{301} e\x{301} e\x{301}e\x{301}e\x{301}e\x{301}e\x{301}e\x{301}e\x{301}e\x{301}e\x{301}e\x{301}e\x{301}e\x{301}e\x{301}e\x{301}e\x{301}e\x{301}e\x{301}e\x{301}e\x{301}e\x{301}e\x{301}e\x{301}e\x{301}e\x{301}e\x{301}e\x{301}e\x{301}e\x{301}e\x{301}e\x{301}e\x{301}e\x{301}e\x{301}e\x{301}e\x{301}e\x{301}e\x{301}e\x{301}e\x{301}e\x{301}e\x{301}e\x{301}e\x{301} e\x{301}e\x{301}e\x{301}e\x{301}e\x{301}e\x{301}e\x{301}e\x{301}e\x{301}e\x{301}e\x{301}e\x{301}e\x{301}e\x{301}e\x{301}e\x{301}e\x{301}e\x{301}e\x{301}e\x{301}e\x{301}e\x{301}e\x{301}e\x{301}e\x{301}e\x{301}e\x{301}e\x{301}e\x{301}e\x{301} e\x{301}e\x{301}e\x{301}e\x{301}e\x{301}e\x{301}e\x{301}e\x{301}e\x{301}e\x{301}e\x{301}e\x{301}e\x{301}e\x{301}e\x{301}e\x{301}e\x{301}e\x{301}e\x{301}e\x{301}e\x{301}e\x{301}"
          text run at (912,8245) width 0: " "
          text run at (0,8262) width 912: "e\x{301}e\x{301}e\x{301}e\x{301}e\x{301}e\x{301}e\x{301}e\x{301}e\x{301}e\x{301}e\x{301}e\x{301}e\x{301}e\x{301}e\x{301}e\x{301}e\x{301}e\x{301}e\x{301}e\x{301}e\x{301}e\x{301}e\x{301}e\x{301}e\x{301}e\x{301}e\x{301}e\x{301}e\x{301}e\x{301}e\x{301}e\x{301} e\x{301} e\x{301}e\x{301}e\x{301}e\x{301}e\x{301}e\x{301}e\x{301}e\x{301}e\x{301}e\x{301}e\x{301}e\x{301}e\x{301}e\x{301}e\x{301}e\x{301}e\x{301}e\x{301}e\x{301}e\x{301}e\x{301}e\x{301}e\x{301}e\x{301}e\x{301}e\x{301}e\x{301}e\x{301}e\x{301}e\x{301}e\x{301}e\x{301}e\x{301}e\x{301}e\x{301}e\x{301}e\x{301}e\x{301}e\x{301}e\x{301}e\x{301}e\x{301}e\x{301} e\x{301}e\x{301}e\x{301}e\x{301}e\x{301}e\x{301}e\x{301}e\x{301}e\x{301}e\x{301}e\x{301}e\x{301}e\x{301}e\x{301}e\x{301}e\x{301}e\x{301}e\x{301}e\x{301}e\x{301}e\x{301}e\x{301}e\x{301}e\x{301}e\x{301}e\x{301}e\x{301}e\x{301}e\x{301}e\x{301} e\x{301}e\x{301}e\x{301}e\x{301}e\x{301}e\x{301}e\x{301}e\x{301}e\x{301}e\x{301}e\x{301}e\x{301}e\x{301}e\x{301}e\x{301}e\x{301}e\x{301}e\x{301}e\x{301}e\x{301}e\x{301}e\x{301}"
          text run at (912,8262) width 0: " "
          text run at (0,8279) width 912: "e\x{301}e\x{301}e\x{301}e\x{301}e\x{301}e\x{301}e\x{301}e\x{301}e\x{301}e\x{301}e\x{301}e\x{301}e\x{301}e\x{301}e\x{301}e\x{301}e\x{301}e\x{301}e\x{301}e\x{301}e\x{301}e\x{301}e\x{301}e\x{301}e\x{301}e\x{301}e\x{301}e\x{301}e\x{301}e\x{301}e\x{301}e\x{301} e\x{301} e\x{301}e\x{301}e\x{301}e\x{301}e\x{301}e\x{301}e\x{301}e\x{301}e\x{301}e\x{301}e\x{301}e\x{301}e\x{301}e\x{301}e\x{301}e\x{301}e\x{301}e\x{301}e\x{301}e\x{301}e\x{301}e\x{301}e\x{301}e\x{301}e\x{301}e\x{301}e\x{301}e\x{301}e\x{301}e\x{301}e\x{301}e\x{301}e\x{301}e\x{301}e\x{301}e\x{301}e\x{301}e\x{301}e\x{301}e\x{301}e\x{301}e\x{301}e\x{301} e\x{301}e\x{301}e\x{301}e\x{301}e\x{301}e\x{301}e\x{301}e\x{301}e\x{301}e\x{301}e\x{301}e\x{301}e\x{301}e\x{301}e\x{301}e\x{301}e\x{301}e\x{301}e\x{301}e\x{301}e\x{301}e\x{301}e\x{301}e\x{301}e\x{301}e\x{301}e\x{301}e\x{301}e\x{301}e\x{301} e\x{301}e\x{301}e\x{301}e\x{301}e\x{301}e\x{301}e\x{301}e\x{301}e\x{301}e\x{301}e\x{301}e\x{301}e\x{301}e\x{301}e\x{301}e\x{301}e\x{301}e\x{301}e\x{301}e\x{301}e\x{301}e\x{301}"
          text run at (912,8279) width 0: " "
          text run at (0,8296) width 912: "e\x{301}e\x{301}e\x{301}e\x{301}e\x{301}e\x{301}e\x{301}e\x{301}e\x{301}e\x{301}e\x{301}e\x{301}e\x{301}e\x{301}e\x{301}e\x{301}e\x{301}e\x{301}e\x{301}e\x{301}e\x{301}e\x{301}e\x{301}e\x{301}e\x{301}e\x{301}e\x{301}e\x{301}e\x{301}e\x{301}e\x{301}e\x{301} e\x{301} e\x{301}e\x{301}e\x{301}e\x{301}e\x{301}e\x{301}e\x{301}e\x{301}e\x{301}e\x{301}e\x{301}e\x{301}e\x{301}e\x{301}e\x{301}e\x{301}e\x{301}e\x{301}e\x{301}e\x{301}e\x{301}e\x{301}e\x{301}e\x{301}e\x{301}e\x{301}e\x{301}e\x{301}e\x{301}e\x{301}e\x{301}e\x{301}e\x{301}e\x{301}e\x{301}e\x{301}e\x{301}e\x{301}e\x{301}e\x{301}e\x{301}e\x{301}e\x{301} e\x{301}e\x{301}e\x{301}e\x{301}e\x{301}e\x{301}e\x{301}e\x{301}e\x{301}e\x{301}e\x{301}e\x{301}e\x{301}e\x{301}e\x{301}e\x{301}e\x{301}e\x{301}e\x{301}e\x{301}e\x{301}e\x{301}e\x{301}e\x{301}e\x{301}e\x{301}e\x{301}e\x{301}e\x{301}e\x{301} e\x{301}e\x{301}e\x{301}e\x{301}e\x{301}e\x{301}e\x{301}e\x{301}e\x{301}e\x{301}e\x{301}e\x{301}e\x{301}e\x{301}e\x{301}e\x{301}e\x{301}e\x{301}e\x{301}e\x{301}e\x{301}e\x{301}"
          text run at (912,8296) width 0: " "
          text run at (0,8313) width 912: "e\x{301}e\x{301}e\x{301}e\x{301}e\x{301}e\x{301}e\x{301}e\x{301}e\x{301}e\x{301}e\x{301}e\x{301}e\x{301}e\x{301}e\x{301}e\x{301}e\x{301}e\x{301}e\x{301}e\x{301}e\x{301}e\x{301}e\x{301}e\x{301}e\x{301}e\x{301}e\x{301}e\x{301}e\x{301}e\x{301}e\x{301}e\x{301} e\x{301} e\x{301}e\x{301}e\x{301}e\x{301}e\x{301}e\x{301}e\x{301}e\x{301}e\x{301}e\x{301}e\x{301}e\x{301}e\x{301}e\x{301}e\x{301}e\x{301}e\x{301}e\x{301}e\x{301}e\x{301}e\x{301}e\x{301}e\x{301}e\x{301}e\x{301}e\x{301}e\x{301}e\x{301}e\x{301}e\x{301}e\x{301}e\x{301}e\x{301}e\x{301}e\x{301}e\x{301}e\x{301}e\x{301}e\x{301}e\x{301}e\x{301}e\x{301}e\x{301} e\x{301}e\x{301}e\x{301}e\x{301}e\x{301}e\x{301}e\x{301}e\x{301}e\x{301}e\x{301}e\x{301}e\x{301}e\x{301}e\x{301}e\x{301}e\x{301}e\x{301}e\x{301}e\x{301}e\x{301}e\x{301}e\x{301}e\x{301}e\x{301}e\x{301}e\x{301}e\x{301}e\x{301}e\x{301}e\x{301} e\x{301}e\x{301}e\x{301}e\x{301}e\x{301}e\x{301}e\x{301}e\x{301}e\x{301}e\x{301}e\x{301}e\x{301}e\x{301}e\x{301}e\x{301}e\x{301}e\x{301}e\x{301}e\x{301}e\x{301}e\x{301}e\x{301}"
          text run at (912,8313) width 0: " "
          text run at (0,8330) width 912: "e\x{301}e\x{301}e\x{301}e\x{301}e\x{301}e\x{301}e\x{301}e\x{301}e\x{301}e\x{301}e\x{301}e\x{301}e\x{301}e\x{301}e\x{301}e\x{301}e\x{301}e\x{301}e\x{301}e\x{301}e\x{301}e\x{301}e\x{301}e\x{301}e\x{301}e\x{301}e\x{301}e\x{301}e\x{301}e\x{301}e\x{301}e\x{301} e\x{301} e\x{301}e\x{301}e\x{301}e\x{301}e\x{301}e\x{301}e\x{301}e\x{301}e\x{301}e\x{301}e\x{301}e\x{301}e\x{301}e\x{301}e\x{301}e\x{301}e\x{301}e\x{301}e\x{301}e\x{301}e\x{301}e\x{301}e\x{301}e\x{301}e\x{301}e\x{301}e\x{301}e\x{301}e\x{301}e\x{301}e\x{301}e\x{301}e\x{301}e\x{301}e\x{301}e\x{301}e\x{301}e\x{301}e\x{301}e\x{301}e\x{301}e\x{301}e\x{301} e\x{301}e\x{301}e\x{301}e\x{301}e\x{301}e\x{301}e\x{301}e\x{301}e\x{301}e\x{301}e\x{301}e\x{301}e\x{301}e\x{301}e\x{301}e\x{301}e\x{301}e\x{301}e\x{301}e\x{301}e\x{301}e\x{301}e\x{301}e\x{301}e\x{301}e\x{301}e\x{301}e\x{301}e\x{301}e\x{301} e\x{301}e\x{301}e\x{301}e\x{301}e\x{301}e\x{301}e\x{301}e\x{301}e\x{301}e\x{301}e\x{301}e\x{301}e\x{301}e\x{301}e\x{301}e\x{301}e\x{301}e\x{301}e\x{301}e\x{301}e\x{301}e\x{301}"
          text run at (912,8330) width 0: " "
          text run at (0,8347) width 912: "e\x{301}e\x{301}e\x{301}e\x{301}e\x{301}e\x{301}e\x{301}e\x{301}e\x{301}e\x{301}e\x{301}e\x{301}e\x{301}e\x{301}e\x{301}e\x{301}e\x{301}e\x{301}e\x{301}e\x{301}e\x{301}e\x{301}e\x{301}e\x{301}e\x{301}e\x{301}e\x{301}e\x{301}e\x{301}e\x{301}e\x{301}e\x{301} e\x{301} e\x{301}e\x{301}e\x{301}e\x{301}e\x{301}e\x{301}e\x{301}e\x{301}e\x{301}e\x{301}e\x{301}e\x{301}e\x{301}e\x{301}e\x{301}e\x{301}e\x{301}e\x{301}e\x{301}e\x{301}e\x{301}e\x{301}e\x{301}e\x{301}e\x{301}e\x{301}e\x{301}e\x{301}e\x{301}e\x{301}e\x{301}e\x{301}e\x{301}e\x{301}e\x{301}e\x{301}e\x{301}e\x{301}e\x{301}e\x{301}e\x{301}e\x{301}e\x{301} e\x{301}e\x{301}e\x{301}e\x{301}e\x{301}e\x{301}e\x{301}e\x{301}e\x{301}e\x{301}e\x{301}e\x{301}e\x{301}e\x{301}e\x{301}e\x{301}e\x{301}e\x{301}e\x{301}e\x{301}e\x{301}e\x{301}e\x{301}e\x{301}e\x{301}e\x{301}e\x{301}e\x{301}e\x{301}e\x{301} e\x{301}e\x{301}e\x{301}e\x{301}e\x{301}e\x{301}e\x{301}e\x{301}e\x{301}e\x{301}e\x{301}e\x{301}e\x{301}e\x{301}e\x{301}e\x{301}e\x{301}e\x{301}e\x{301}e\x{301}e\x{301}e\x{301}"
          text run at (912,8347) width 0: " "
          text run at (0,8364) width 912: "e\x{301}e\x{301}e\x{301}e\x{301}e\x{301}e\x{301}e\x{301}e\x{301}e\x{301}e\x{301}e\x{301}e\x{301}e\x{301}e\x{301}e\x{301}e\x{301}e\x{301}e\x{301}e\x{301}e\x{301}e\x{301}e\x{301}e\x{301}e\x{301}e\x{301}e\x{301}e\x{301}e\x{301}e\x{301}e\x{301}e\x{301}e\x{301} e\x{301} e\x{301}e\x{301}e\x{301}e\x{301}e\x{301}e\x{301}e\x{301}e\x{301}e\x{301}e\x{301}e\x{301}e\x{301}e\x{301}e\x{301}e\x{301}e\x{301}e\x{301}e\x{301}e\x{301}e\x{301}e\x{301}e\x{301}e\x{301}e\x{301}e\x{301}e\x{301}e\x{301}e\x{301}e\x{301}e\x{301}e\x{301}e\x{301}e\x{301}e\x{301}e\x{301}e\x{301}e\x{301}e\x{301}e\x{301}e\x{301}e\x{301}e\x{301}e\x{301} e\x{301}e\x{301}e\x{301}e\x{301}e\x{301}e\x{301}e\x{301}e\x{301}e\x{301}e\x{301}e\x{301}e\x{301}e\x{301}e\x{301}e\x{301}e\x{301}e\x{301}e\x{301}e\x{301}e\x{301}e\x{301}e\x{301}e\x{301}e\x{301}e\x{301}e\x{301}e\x{301}e\x{301}e\x{301}e\x{301} e\x{301}e\x{301}e\x{301}e\x{301}e\x{301}e\x{301}e\x{301}e\x{301}e\x{301}e\x{301}e\x{301}e\x{301}e\x{301}e\x{301}e\x{301}e\x{301}e\x{301}e\x{301}e\x{301}e\x{301}e\x{301}e\x{301}"
          text run at (912,8364) width 0: " "
          text run at (0,8381) width 912: "e\x{301}e\x{301}e\x{301}e\x{301}e\x{301}e\x{301}e\x{301}e\x{301}e\x{301}e\x{301}e\x{301}e\x{301}e\x{301}e\x{301}e\x{301}e\x{301}e\x{301}e\x{301}e\x{301}e\x{301}e\x{301}e\x{301}e\x{301}e\x{301}e\x{301}e\x{301}e\x{301}e\x{301}e\x{301}e\x{301}e\x{301}e\x{301} e\x{301} e\x{301}e\x{301}e\x{301}e\x{301}e\x{301}e\x{301}e\x{301}e\x{301}e\x{301}e\x{301}e\x{301}e\x{301}e\x{301}e\x{301}e\x{301}e\x{301}e\x{301}e\x{301}e\x{301}e\x{301}e\x{301}e\x{301}e\x{301}e\x{301}e\x{301}e\x{301}e\x{301}e\x{301}e\x{301}e\x{301}e\x{301}e\x{301}e\x{301}e\x{301}e\x{301}e\x{301}e\x{301}e\x{301}e\x{301}e\x{301}e\x{301}e\x{301}e\x{301} e\x{301}e\x{301}e\x{301}e\x{301}e\x{301}e\x{301}e\x{301}e\x{301}e\x{301}e\x{301}e\x{301}e\x{301}e\x{301}e\x{301}e\x{301}e\x{301}e\x{301}e\x{301}e\x{301}e\x{301}e\x{301}e\x{301}e\x{301}e\x{301}e\x{301}e\x{301}e\x{301}e\x{301}e\x{301}e\x{301} e\x{301}e\x{301}e\x{301}e\x{301}e\x{301}e\x{301}e\x{301}e\x{301}e\x{301}e\x{301}e\x{301}e\x{301}e\x{301}e\x{301}e\x{301}e\x{301}e\x{301}e\x{301}e\x{301}e\x{301}e\x{301}e\x{301}"
          text run at (912,8381) width 0: " "
          text run at (0,8398) width 912: "e\x{301}e\x{301}e\x{301}e\x{301}e\x{301}e\x{301}e\x{301}e\x{301}e\x{301}e\x{301}e\x{301}e\x{301}e\x{301}e\x{301}e\x{301}e\x{301}e\x{301}e\x{301}e\x{301}e\x{301}e\x{301}e\x{301}e\x{301}e\x{301}e\x{301}e\x{301}e\x{301}e\x{301}e\x{301}e\x{301}e\x{301}e\x{301} e\x{301} e\x{301}e\x{301}e\x{301}e\x{301}e\x{301}e\x{301}e\x{301}e\x{301}e\x{301}e\x{301}e\x{301}e\x{301}e\x{301}e\x{301}e\x{301}e\x{301}e\x{301}e\x{301}e\x{301}e\x{301}e\x{301}e\x{301}e\x{301}e\x{301}e\x{301}e\x{301}e\x{301}e\x{301}e\x{301}e\x{301}e\x{301}e\x{301}e\x{301}e\x{301}e\x{301}e\x{301}e\x{301}e\x{301}e\x{301}e\x{301}e\x{301}e\x{301}e\x{301} e\x{301}e\x{301}e\x{301}e\x{301}e\x{301}e\x{301}e\x{301}e\x{301}e\x{301}e\x{301}e\x{301}e\x{301}e\x{301}e\x{301}e\x{301}e\x{301}e\x{301}e\x{301}e\x{301}e\x{301}e\x{301}e\x{301}e\x{301}e\x{301}e\x{301}e\x{301}e\x{301}e\x{301}e\x{301}e\x{301} e\x{301}e\x{301}e\x{301}e\x{301}e\x{301}e\x{301}e\x{301}e\x{301}e\x{301}e\x{301}e\x{301}e\x{301}e\x{301}e\x{301}e\x{301}e\x{301}e\x{301}e\x{301}e\x{301}e\x{301}e\x{301}e\x{301}"
          text run at (912,8398) width 0: " "
          text run at (0,8415) width 912: "e\x{301}e\x{301}e\x{301}e\x{301}e\x{301}e\x{301}e\x{301}e\x{301}e\x{301}e\x{301}e\x{301}e\x{301}e\x{301}e\x{301}e\x{301}e\x{301}e\x{301}e\x{301}e\x{301}e\x{301}e\x{301}e\x{301}e\x{301}e\x{301}e\x{301}e\x{301}e\x{301}e\x{301}e\x{301}e\x{301}e\x{301}e\x{301} e\x{301} e\x{301}e\x{301}e\x{301}e\x{301}e\x{301}e\x{301}e\x{301}e\x{301}e\x{301}e\x{301}e\x{301}e\x{301}e\x{301}e\x{301}e\x{301}e\x{301}e\x{301}e\x{301}e\x{301}e\x{301}e\x{301}e\x{301}e\x{301}e\x{301}e\x{301}e\x{301}e\x{301}e\x{301}e\x{301}e\x{301}e\x{301}e\x{301}e\x{301}e\x{301}e\x{301}e\x{301}e\x{301}e\x{301}e\x{301}e\x{301}e\x{301}e\x{301}e\x{301} e\x{301}e\x{301}e\x{301}e\x{301}e\x{301}e\x{301}e\x{301}e\x{301}e\x{301}e\x{301}e\x{301}e\x{301}e\x{301}e\x{301}e\x{301}e\x{301}e\x{301}e\x{301}e\x{301}e\x{301}e\x{301}e\x{301}e\x{301}e\x{301}e\x{301}e\x{301}e\x{301}e\x{301}e\x{301}e\x{301} e\x{301}e\x{301}e\x{301}e\x{301}e\x{301}e\x{301}e\x{301}e\x{301}e\x{301}e\x{301}e\x{301}e\x{301}e\x{301}e\x{301}e\x{301}e\x{301}e\x{301}e\x{301}e\x{301}e\x{301}e\x{301}e\x{301}"
          text run at (912,8415) width 0: " "
          text run at (0,8432) width 912: "e\x{301}e\x{301}e\x{301}e\x{301}e\x{301}e\x{301}e\x{301}e\x{301}e\x{301}e\x{301}e\x{301}e\x{301}e\x{301}e\x{301}e\x{301}e\x{301}e\x{301}e\x{301}e\x{301}e\x{301}e\x{301}e\x{301}e\x{301}e\x{301}e\x{301}e\x{301}e\x{301}e\x{301}e\x{301}e\x{301}e\x{301}e\x{301} e\x{301} e\x{301}e\x{301}e\x{301}e\x{301}e\x{301}e\x{301}e\x{301}e\x{301}e\x{301}e\x{301}e\x{301}e\x{301}e\x{301}e\x{301}e\x{301}e\x{301}e\x{301}e\x{301}e\x{301}e\x{301}e\x{301}e\x{301}e\x{301}e\x{301}e\x{301}e\x{301}e\x{301}e\x{301}e\x{301}e\x{301}e\x{301}e\x{301}e\x{301}e\x{301}e\x{301}e\x{301}e\x{301}e\x{301}e\x{301}e\x{301}e\x{301}e\x{301}e\x{301} e\x{301}e\x{301}e\x{301}e\x{301}e\x{301}e\x{301}e\x{301}e\x{301}e\x{301}e\x{301}e\x{301}e\x{301}e\x{301}e\x{301}e\x{301}e\x{301}e\x{301}e\x{301}e\x{301}e\x{301}e\x{301}e\x{301}e\x{301}e\x{301}e\x{301}e\x{301}e\x{301}e\x{301}e\x{301}e\x{301} e\x{301}e\x{301}e\x{301}e\x{301}e\x{301}e\x{301}e\x{301}e\x{301}e\x{301}e\x{301}e\x{301}e\x{301}e\x{301}e\x{301}e\x{301}e\x{301}e\x{301}e\x{301}e\x{301}e\x{301}e\x{301}e\x{301}"
          text run at (912,8432) width 0: " "
          text run at (0,8449) width 912: "e\x{301}e\x{301}e\x{301}e\x{301}e\x{301}e\x{301}e\x{301}e\x{301}e\x{301}e\x{301}e\x{301}e\x{301}e\x{301}e\x{301}e\x{301}e\x{301}e\x{301}e\x{301}e\x{301}e\x{301}e\x{301}e\x{301}e\x{301}e\x{301}e\x{301}e\x{301}e\x{301}e\x{301}e\x{301}e\x{301}e\x{301}e\x{301} e\x{301} e\x{301}e\x{301}e\x{301}e\x{301}e\x{301}e\x{301}e\x{301}e\x{301}e\x{301}e\x{301}e\x{301}e\x{301}e\x{301}e\x{301}e\x{301}e\x{301}e\x{301}e\x{301}e\x{301}e\x{301}e\x{301}e\x{301}e\x{301}e\x{301}e\x{301}e\x{301}e\x{301}e\x{301}e\x{301}e\x{301}e\x{301}e\x{301}e\x{301}e\x{301}e\x{301}e\x{301}e\x{301}e\x{301}e\x{301}e\x{301}e\x{301}e\x{301}e\x{301} e\x{301}e\x{301}e\x{301}e\x{301}e\x{301}e\x{301}e\x{301}e\x{301}e\x{301}e\x{301}e\x{301}e\x{301}e\x{301}e\x{301}e\x{301}e\x{301}e\x{301}e\x{301}e\x{301}e\x{301}e\x{301}e\x{301}e\x{301}e\x{301}e\x{301}e\x{301}e\x{301}e\x{301}e\x{301}e\x{301} e\x{301}e\x{301}e\x{301}e\x{301}e\x{301}e\x{301}e\x{301}e\x{301}e\x{301}e\x{301}e\x{301}e\x{301}e\x{301}e\x{301}e\x{301}e\x{301}e\x{301}e\x{301}e\x{301}e\x{301}e\x{301}e\x{301}"
          text run at (912,8449) width 0: " "
          text run at (0,8466) width 912: "e\x{301}e\x{301}e\x{301}e\x{301}e\x{301}e\x{301}e\x{301}e\x{301}e\x{301}e\x{301}e\x{301}e\x{301}e\x{301}e\x{301}e\x{301}e\x{301}e\x{301}e\x{301}e\x{301}e\x{301}e\x{301}e\x{301}e\x{301}e\x{301}e\x{301}e\x{301}e\x{301}e\x{301}e\x{301}e\x{301}e\x{301}e\x{301} e\x{301} e\x{301}e\x{301}e\x{301}e\x{301}e\x{301}e\x{301}e\x{301}e\x{301}e\x{301}e\x{301}e\x{301}e\x{301}e\x{301}e\x{301}e\x{301}e\x{301}e\x{301}e\x{301}e\x{301}e\x{301}e\x{301}e\x{301}e\x{301}e\x{301}e\x{301}e\x{301}e\x{301}e\x{301}e\x{301}e\x{301}e\x{301}e\x{301}e\x{301}e\x{301}e\x{301}e\x{301}e\x{301}e\x{301}e\x{301}e\x{301}e\x{301}e\x{301}e\x{301} e\x{301}e\x{301}e\x{301}e\x{301}e\x{301}e\x{301}e\x{301}e\x{301}e\x{301}e\x{301}e\x{301}e\x{301}e\x{301}e\x{301}e\x{301}e\x{301}e\x{301}e\x{301}e\x{301}e\x{301}e\x{301}e\x{301}e\x{301}e\x{301}e\x{301}e\x{301}e\x{301}e\x{301}e\x{301}e\x{301} e\x{301}e\x{301}e\x{301}e\x{301}e\x{301}e\x{301}e\x{301}e\x{301}e\x{301}e\x{301}e\x{301}e\x{301}e\x{301}e\x{301}e\x{301}e\x{301}e\x{301}e\x{301}e\x{301}e\x{301}e\x{301}e\x{301}"
          text run at (912,8466) width 0: " "
          text run at (0,8483) width 912: "e\x{301}e\x{301}e\x{301}e\x{301}e\x{301}e\x{301}e\x{301}e\x{301}e\x{301}e\x{301}e\x{301}e\x{301}e\x{301}e\x{301}e\x{301}e\x{301}e\x{301}e\x{301}e\x{301}e\x{301}e\x{301}e\x{301}e\x{301}e\x{301}e\x{301}e\x{301}e\x{301}e\x{301}e\x{301}e\x{301}e\x{301}e\x{301} e\x{301} e\x{301}e\x{301}e\x{301}e\x{301}e\x{301}e\x{301}e\x{301}e\x{301}e\x{301}e\x{301}e\x{301}e\x{301}e\x{301}e\x{301}e\x{301}e\x{301}e\x{301}e\x{301}e\x{301}e\x{301}e\x{301}e\x{301}e\x{301}e\x{301}e\x{301}e\x{301}e\x{301}e\x{301}e\x{301}e\x{301}e\x{301}e\x{301}e\x{301}e\x{301}e\x{301}e\x{301}e\x{301}e\x{301}e\x{301}e\x{301}e\x{301}e\x{301}e\x{301} e\x{301}e\x{301}e\x{301}e\x{301}e\x{301}e\x{301}e\x{301}e\x{301}e\x{301}e\x{301}e\x{301}e\x{301}e\x{301}e\x{301}e\x{301}e\x{301}e\x{301}e\x{301}e\x{301}e\x{301}e\x{301}e\x{301}e\x{301}e\x{301}e\x{301}e\x{301}e\x{301}e\x{301}e\x{301}e\x{301} e\x{301}e\x{301}e\x{301}e\x{301}e\x{301}e\x{301}e\x{301}e\x{301}e\x{301}e\x{301}e\x{301}e\x{301}e\x{301}e\x{301}e\x{301}e\x{301}e\x{301}e\x{301}e\x{301}e\x{301}e\x{301}e\x{301}"
          text run at (912,8483) width 0: " "
          text run at (0,8500) width 912: "e\x{301}e\x{301}e\x{301}e\x{301}e\x{301}e\x{301}e\x{301}e\x{301}e\x{301}e\x{301}e\x{301}e\x{301}e\x{301}e\x{301}e\x{301}e\x{301}e\x{301}e\x{301}e\x{301}e\x{301}e\x{301}e\x{301}e\x{301}e\x{301}e\x{301}e\x{301}e\x{301}e\x{301}e\x{301}e\x{301}e\x{301}e\x{301} e\x{301} e\x{301}e\x{301}e\x{301}e\x{301}e\x{301}e\x{301}e\x{301}e\x{301}e\x{301}e\x{301}e\x{301}e\x{301}e\x{301}e\x{301}e\x{301}e\x{301}e\x{301}e\x{301}e\x{301}e\x{301}e\x{301}e\x{301}e\x{301}e\x{301}e\x{301}e\x{301}e\x{301}e\x{301}e\x{301}e\x{301}e\x{301}e\x{301}e\x{301}e\x{301}e\x{301}e\x{301}e\x{301}e\x{301}e\x{301}e\x{301}e\x{301}e\x{301}e\x{301} e\x{301}e\x{301}e\x{301}e\x{301}e\x{301}e\x{301}e\x{301}e\x{301}e\x{301}e\x{301}e\x{301}e\x{301}e\x{301}e\x{301}e\x{301}e\x{301}e\x{301}e\x{301}e\x{301}e\x{301}e\x{301}e\x{301}e\x{301}e\x{301}e\x{301}e\x{301}e\x{301}e\x{301}e\x{301}e\x{301} e\x{301}e\x{301}e\x{301}e\x{301}e\x{301}e\x{301}e\x{301}e\x{301}e\x{301}e\x{301}e\x{301}e\x{301}e\x{301}e\x{301}e\x{301}e\x{301}e\x{301}e\x{301}e\x{301}e\x{301}e\x{301}e\x{301}"
          text run at (912,8500) width 0: " "
          text run at (0,8517) width 912: "e\x{301}e\x{301}e\x{301}e\x{301}e\x{301}e\x{301}e\x{301}e\x{301}e\x{301}e\x{301}e\x{301}e\x{301}e\x{301}e\x{301}e\x{301}e\x{301}e\x{301}e\x{301}e\x{301}e\x{301}e\x{301}e\x{301}e\x{301}e\x{301}e\x{301}e\x{301}e\x{301}e\x{301}e\x{301}e\x{301}e\x{301}e\x{301} e\x{301} e\x{301}e\x{301}e\x{301}e\x{301}e\x{301}e\x{301}e\x{301}e\x{301}e\x{301}e\x{301}e\x{301}e\x{301}e\x{301}e\x{301}e\x{301}e\x{301}e\x{301}e\x{301}e\x{301}e\x{301}e\x{301}e\x{301}e\x{301}e\x{301}e\x{301}e\x{301}e\x{301}e\x{301}e\x{301}e\x{301}e\x{301}e\x{301}e\x{301}e\x{301}e\x{301}e\x{301}e\x{301}e\x{301}e\x{301}e\x{301}e\x{301}e\x{301}e\x{301} e\x{301}e\x{301}e\x{301}e\x{301}e\x{301}e\x{301}e\x{301}e\x{301}e\x{301}e\x{301}e\x{301}e\x{301}e\x{301}e\x{301}e\x{301}e\x{301}e\x{301}e\x{301}e\x{301}e\x{301}e\x{301}e\x{301}e\x{301}e\x{301}e\x{301}e\x{301}e\x{301}e\x{301}e\x{301}e\x{301} e\x{301}e\x{301}e\x{301}e\x{301}e\x{301}e\x{301}e\x{301}e\x{301}e\x{301}e\x{301}e\x{301}e\x{301}e\x{301}e\x{301}e\x{301}e\x{301}e\x{301}e\x{301}e\x{301}e\x{301}e\x{301}e\x{301}"
          text run at (912,8517) width 0: " "
          text run at (0,8534) width 175: "e\x{301}e\x{301}e\x{301}e\x{301}e\x{301}e\x{301}e\x{301}e\x{301}e\x{301}e\x{301}e\x{301}e\x{301}e\x{301}e\x{301}e\x{301}e\x{301}e\x{301}e\x{301}e\x{301}e\x{301}e\x{301}e\x{301}e\x{301}e\x{301}e\x{301}"
        RenderText {#text} at (175,8534) size 912x425
          text run at (175,8534) width 737: "e\x{301}e\x{301}e\x{301}e\x{301}e\x{301}e\x{301}e\x{301} e\x{301} e\x{301}e\x{301}e\x{301}e\x{301}e\x{301}e\x{301}e\x{301}e\x{301}e\x{301}e\x{301}e\x{301}e\x{301}e\x{301}e\x{301}e\x{301}e\x{301}e\x{301}e\x{301}e\x{301}e\x{301}e\x{301}e\x{301}e\x{301}e\x{301}e\x{301}e\x{301}e\x{301}e\x{301}e\x{301}e\x{301}e\x{301}e\x{301}e\x{301}e\x{301}e\x{301}e\x{301}e\x{301}e\x{301}e\x{301}e\x{301}e\x{301}e\x{301}e\x{301} e\x{301}e\x{301}e\x{301}e\x{301}e\x{301}e\x{301}e\x{301}e\x{301}e\x{301}e\x{301}e\x{301}e\x{301}e\x{301}e\x{301}e\x{301}e\x{301}e\x{301}e\x{301}e\x{301}e\x{301}e\x{301}e\x{301}e\x{301}e\x{301}e\x{301}e\x{301}e\x{301}e\x{301}e\x{301}e\x{301} e\x{301}e\x{301}e\x{301}e\x{301}e\x{301}e\x{301}e\x{301}e\x{301}e\x{301}e\x{301}e\x{301}e\x{301}e\x{301}e\x{301}e\x{301}e\x{301}e\x{301}e\x{301}e\x{301}e\x{301}e\x{301}e\x{301}"
          text run at (912,8534) width 0: " "
          text run at (0,8551) width 912: "e\x{301}e\x{301}e\x{301}e\x{301}e\x{301}e\x{301}e\x{301}e\x{301}e\x{301}e\x{301}e\x{301}e\x{301}e\x{301}e\x{301}e\x{301}e\x{301}e\x{301}e\x{301}e\x{301}e\x{301}e\x{301}e\x{301}e\x{301}e\x{301}e\x{301}e\x{301}e\x{301}e\x{301}e\x{301}e\x{301}e\x{301}e\x{301} e\x{301} e\x{301}e\x{301}e\x{301}e\x{301}e\x{301}e\x{301}e\x{301}e\x{301}e\x{301}e\x{301}e\x{301}e\x{301}e\x{301}e\x{301}e\x{301}e\x{301}e\x{301}e\x{301}e\x{301}e\x{301}e\x{301}e\x{301}e\x{301}e\x{301}e\x{301}e\x{301}e\x{301}e\x{301}e\x{301}e\x{301}e\x{301}e\x{301}e\x{301}e\x{301}e\x{301}e\x{301}e\x{301}e\x{301}e\x{301}e\x{301}e\x{301}e\x{301}e\x{301} e\x{301}e\x{301}e\x{301}e\x{301}e\x{301}e\x{301}e\x{301}e\x{301}e\x{301}e\x{301}e\x{301}e\x{301}e\x{301}e\x{301}e\x{301}e\x{301}e\x{301}e\x{301}e\x{301}e\x{301}e\x{301}e\x{301}e\x{301}e\x{301}e\x{301}e\x{301}e\x{301}e\x{301}e\x{301}e\x{301} e\x{301}e\x{301}e\x{301}e\x{301}e\x{301}e\x{301}e\x{301}e\x{301}e\x{301}e\x{301}e\x{301}e\x{301}e\x{301}e\x{301}e\x{301}e\x{301}e\x{301}e\x{301}e\x{301}e\x{301}e\x{301}e\x{301}"
          text run at (912,8551) width 0: " "
          text run at (0,8568) width 912: "e\x{301}e\x{301}e\x{301}e\x{301}e\x{301}e\x{301}e\x{301}e\x{301}e\x{301}e\x{301}e\x{301}e\x{301}e\x{301}e\x{301}e\x{301}e\x{301}e\x{301}e\x{301}e\x{301}e\x{301}e\x{301}e\x{301}e\x{301}e\x{301}e\x{301}e\x{301}e\x{301}e\x{301}e\x{301}e\x{301}e\x{301}e\x{301} e\x{301} e\x{301}e\x{301}e\x{301}e\x{301}e\x{301}e\x{301}e\x{301}e\x{301}e\x{301}e\x{301}e\x{301}e\x{301}e\x{301}e\x{301}e\x{301}e\x{301}e\x{301}e\x{301}e\x{301}e\x{301}e\x{301}e\x{301}e\x{301}e\x{301}e\x{301}e\x{301}e\x{301}e\x{301}e\x{301}e\x{301}e\x{301}e\x{301}e\x{301}e\x{301}e\x{301}e\x{301}e\x{301}e\x{301}e\x{301}e\x{301}e\x{301}e\x{301}e\x{301} e\x{301}e\x{301}e\x{301}e\x{301}e\x{301}e\x{301}e\x{301}e\x{301}e\x{301}e\x{301}e\x{301}e\x{301}e\x{301}e\x{301}e\x{301}e\x{301}e\x{301}e\x{301}e\x{301}e\x{301}e\x{301}e\x{301}e\x{301}e\x{301}e\x{301}e\x{301}e\x{301}e\x{301}e\x{301}e\x{301} e\x{301}e\x{301}e\x{301}e\x{301}e\x{301}e\x{301}e\x{301}e\x{301}e\x{301}e\x{301}e\x{301}e\x{301}e\x{301}e\x{301}e\x{301}e\x{301}e\x{301}e\x{301}e\x{301}e\x{301}e\x{301}e\x{301}"
          text run at (912,8568) width 0: " "
          text run at (0,8585) width 912: "e\x{301}e\x{301}e\x{301}e\x{301}e\x{301}e\x{301}e\x{301}e\x{301}e\x{301}e\x{301}e\x{301}e\x{301}e\x{301}e\x{301}e\x{301}e\x{301}e\x{301}e\x{301}e\x{301}e\x{301}e\x{301}e\x{301}e\x{301}e\x{301}e\x{301}e\x{301}e\x{301}e\x{301}e\x{301}e\x{301}e\x{301}e\x{301} e\x{301} e\x{301}e\x{301}e\x{301}e\x{301}e\x{301}e\x{301}e\x{301}e\x{301}e\x{301}e\x{301}e\x{301}e\x{301}e\x{301}e\x{301}e\x{301}e\x{301}e\x{301}e\x{301}e\x{301}e\x{301}e\x{301}e\x{301}e\x{301}e\x{301}e\x{301}e\x{301}e\x{301}e\x{301}e\x{301}e\x{301}e\x{301}e\x{301}e\x{301}e\x{301}e\x{301}e\x{301}e\x{301}e\x{301}e\x{301}e\x{301}e\x{301}e\x{301}e\x{301} e\x{301}e\x{301}e\x{301}e\x{301}e\x{301}e\x{301}e\x{301}e\x{301}e\x{301}e\x{301}e\x{301}e\x{301}e\x{301}e\x{301}e\x{301}e\x{301}e\x{301}e\x{301}e\x{301}e\x{301}e\x{301}e\x{301}e\x{301}e\x{301}e\x{301}e\x{301}e\x{301}e\x{301}e\x{301}e\x{301} e\x{301}e\x{301}e\x{301}e\x{301}e\x{301}e\x{301}e\x{301}e\x{301}e\x{301}e\x{301}e\x{301}e\x{301}e\x{301}e\x{301}e\x{301}e\x{301}e\x{301}e\x{301}e\x{301}e\x{301}e\x{301}e\x{301}"
          text run at (912,8585) width 0: " "
          text run at (0,8602) width 912: "e\x{301}e\x{301}e\x{301}e\x{301}e\x{301}e\x{301}e\x{301}e\x{301}e\x{301}e\x{301}e\x{301}e\x{301}e\x{301}e\x{301}e\x{301}e\x{301}e\x{301}e\x{301}e\x{301}e\x{301}e\x{301}e\x{301}e\x{301}e\x{301}e\x{301}e\x{301}e\x{301}e\x{301}e\x{301}e\x{301}e\x{301}e\x{301} e\x{301} e\x{301}e\x{301}e\x{301}e\x{301}e\x{301}e\x{301}e\x{301}e\x{301}e\x{301}e\x{301}e\x{301}e\x{301}e\x{301}e\x{301}e\x{301}e\x{301}e\x{301}e\x{301}e\x{301}e\x{301}e\x{301}e\x{301}e\x{301}e\x{301}e\x{301}e\x{301}e\x{301}e\x{301}e\x{301}e\x{301}e\x{301}e\x{301}e\x{301}e\x{301}e\x{301}e\x{301}e\x{301}e\x{301}e\x{301}e\x{301}e\x{301}e\x{301}e\x{301} e\x{301}e\x{301}e\x{301}e\x{301}e\x{301}e\x{301}e\x{301}e\x{301}e\x{301}e\x{301}e\x{301}e\x{301}e\x{301}e\x{301}e\x{301}e\x{301}e\x{301}e\x{301}e\x{301}e\x{301}e\x{301}e\x{301}e\x{301}e\x{301}e\x{301}e\x{301}e\x{301}e\x{301}e\x{301}e\x{301} e\x{301}e\x{301}e\x{301}e\x{301}e\x{301}e\x{301}e\x{301}e\x{301}e\x{301}e\x{301}e\x{301}e\x{301}e\x{301}e\x{301}e\x{301}e\x{301}e\x{301}e\x{301}e\x{301}e\x{301}e\x{301}e\x{301}"
          text run at (912,8602) width 0: " "
          text run at (0,8619) width 912: "e\x{301}e\x{301}e\x{301}e\x{301}e\x{301}e\x{301}e\x{301}e\x{301}e\x{301}e\x{301}e\x{301}e\x{301}e\x{301}e\x{301}e\x{301}e\x{301}e\x{301}e\x{301}e\x{301}e\x{301}e\x{301}e\x{301}e\x{301}e\x{301}e\x{301}e\x{301}e\x{301}e\x{301}e\x{301}e\x{301}e\x{301}e\x{301} e\x{301} e\x{301}e\x{301}e\x{301}e\x{301}e\x{301}e\x{301}e\x{301}e\x{301}e\x{301}e\x{301}e\x{301}e\x{301}e\x{301}e\x{301}e\x{301}e\x{301}e\x{301}e\x{301}e\x{301}e\x{301}e\x{301}e\x{301}e\x{301}e\x{301}e\x{301}e\x{301}e\x{301}e\x{301}e\x{301}e\x{301}e\x{301}e\x{301}e\x{301}e\x{301}e\x{301}e\x{301}e\x{301}e\x{301}e\x{301}e\x{301}e\x{301}e\x{301}e\x{301} e\x{301}e\x{301}e\x{301}e\x{301}e\x{301}e\x{301}e\x{301}e\x{301}e\x{301}e\x{301}e\x{301}e\x{301}e\x{301}e\x{301}e\x{301}e\x{301}e\x{301}e\x{301}e\x{301}e\x{301}e\x{301}e\x{301}e\x{301}e\x{301}e\x{301}e\x{301}e\x{301}e\x{301}e\x{301}e\x{301} e\x{301}e\x{301}e\x{301}e\x{301}e\x{301}e\x{301}e\x{301}e\x{301}e\x{301}e\x{301}e\x{301}e\x{301}e\x{301}e\x{301}e\x{301}e\x{301}e\x{301}e\x{301}e\x{301}e\x{301}e\x{301}e\x{301}"
          text run at (912,8619) width 0: " "
          text run at (0,8636) width 912: "e\x{301}e\x{301}e\x{301}e\x{301}e\x{301}e\x{301}e\x{301}e\x{301}e\x{301}e\x{301}e\x{301}e\x{301}e\x{301}e\x{301}e\x{301}e\x{301}e\x{301}e\x{301}e\x{301}e\x{301}e\x{301}e\x{301}e\x{301}e\x{301}e\x{301}e\x{301}e\x{301}e\x{301}e\x{301}e\x{301}e\x{301}e\x{301} e\x{301} e\x{301}e\x{301}e\x{301}e\x{301}e\x{301}e\x{301}e\x{301}e\x{301}e\x{301}e\x{301}e\x{301}e\x{301}e\x{301}e\x{301}e\x{301}e\x{301}e\x{301}e\x{301}e\x{301}e\x{301}e\x{301}e\x{301}e\x{301}e\x{301}e\x{301}e\x{301}e\x{301}e\x{301}e\x{301}e\x{301}e\x{301}e\x{301}e\x{301}e\x{301}e\x{301}e\x{301}e\x{301}e\x{301}e\x{301}e\x{301}e\x{301}e\x{301}e\x{301} e\x{301}e\x{301}e\x{301}e\x{301}e\x{301}e\x{301}e\x{301}e\x{301}e\x{301}e\x{301}e\x{301}e\x{301}e\x{301}e\x{301}e\x{301}e\x{301}e\x{301}e\x{301}e\x{301}e\x{301}e\x{301}e\x{301}e\x{301}e\x{301}e\x{301}e\x{301}e\x{301}e\x{301}e\x{301}e\x{301} e\x{301}e\x{301}e\x{301}e\x{301}e\x{301}e\x{301}e\x{301}e\x{301}e\x{301}e\x{301}e\x{301}e\x{301}e\x{301}e\x{301}e\x{301}e\x{301}e\x{301}e\x{301}e\x{301}e\x{301}e\x{301}e\x{301}"
          text run at (912,8636) width 0: " "
          text run at (0,8653) width 912: "e\x{301}e\x{301}e\x{301}e\x{301}e\x{301}e\x{301}e\x{301}e\x{301}e\x{301}e\x{301}e\x{301}e\x{301}e\x{301}e\x{301}e\x{301}e\x{301}e\x{301}e\x{301}e\x{301}e\x{301}e\x{301}e\x{301}e\x{301}e\x{301}e\x{301}e\x{301}e\x{301}e\x{301}e\x{301}e\x{301}e\x{301}e\x{301} e\x{301} e\x{301}e\x{301}e\x{301}e\x{301}e\x{301}e\x{301}e\x{301}e\x{301}e\x{301}e\x{301}e\x{301}e\x{301}e\x{301}e\x{301}e\x{301}e\x{301}e\x{301}e\x{301}e\x{301}e\x{301}e\x{301}e\x{301}e\x{301}e\x{301}e\x{301}e\x{301}e\x{301}e\x{301}e\x{301}e\x{301}e\x{301}e\x{301}e\x{301}e\x{301}e\x{301}e\x{301}e\x{301}e\x{301}e\x{301}e\x{301}e\x{301}e\x{301}e\x{301} e\x{301}e\x{301}e\x{301}e\x{301}e\x{301}e\x{301}e\x{301}e\x{301}e\x{301}e\x{301}e\x{301}e\x{301}e\x{301}e\x{301}e\x{301}e\x{301}e\x{301}e\x{301}e\x{301}e\x{301}e\x{301}e\x{301}e\x{301}e\x{301}e\x{301}e\x{301}e\x{301}e\x{301}e\x{301}e\x{301} e\x{301}e\x{301}e\x{301}e\x{301}e\x{301}e\x{301}e\x{301}e\x{301}e\x{301}e\x{301}e\x{301}e\x{301}e\x{301}e\x{301}e\x{301}e\x{301}e\x{301}e\x{301}e\x{301}e\x{301}e\x{301}e\x{301}"
          text run at (912,8653) width 0: " "
          text run at (0,8670) width 912: "e\x{301}e\x{301}e\x{301}e\x{301}e\x{301}e\x{301}e\x{301}e\x{301}e\x{301}e\x{301}e\x{301}e\x{301}e\x{301}e\x{301}e\x{301}e\x{301}e\x{301}e\x{301}e\x{301}e\x{301}e\x{301}e\x{301}e\x{301}e\x{301}e\x{301}e\x{301}e\x{301}e\x{301}e\x{301}e\x{301}e\x{301}e\x{301} e\x{301} e\x{301}e\x{301}e\x{301}e\x{301}e\x{301}e\x{301}e\x{301}e\x{301}e\x{301}e\x{301}e\x{301}e\x{301}e\x{301}e\x{301}e\x{301}e\x{301}e\x{301}e\x{301}e\x{301}e\x{301}e\x{301}e\x{301}e\x{301}e\x{301}e\x{301}e\x{301}e\x{301}e\x{301}e\x{301}e\x{301}e\x{301}e\x{301}e\x{301}e\x{301}e\x{301}e\x{301}e\x{301}e\x{301}e\x{301}e\x{301}e\x{301}e\x{301}e\x{301} e\x{301}e\x{301}e\x{301}e\x{301}e\x{301}e\x{301}e\x{301}e\x{301}e\x{301}e\x{301}e\x{301}e\x{301}e\x{301}e\x{301}e\x{301}e\x{301}e\x{301}e\x{301}e\x{301}e\x{301}e\x{301}e\x{301}e\x{301}e\x{301}e\x{301}e\x{301}e\x{301}e\x{301}e\x{301}e\x{301} e\x{301}e\x{301}e\x{301}e\x{301}e\x{301}e\x{301}e\x{301}e\x{301}e\x{301}e\x{301}e\x{301}e\x{301}e\x{301}e\x{301}e\x{301}e\x{301}e\x{301}e\x{301}e\x{301}e\x{301}e\x{301}e\x{301}"
          text run at (912,8670) width 0: " "
          text run at (0,8687) width 912: "e\x{301}e\x{301}e\x{301}e\x{301}e\x{301}e\x{301}e\x{301}e\x{301}e\x{301}e\x{301}e\x{301}e\x{301}e\x{301}e\x{301}e\x{301}e\x{301}e\x{301}e\x{301}e\x{301}e\x{301}e\x{301}e\x{301}e\x{301}e\x{301}e\x{301}e\x{301}e\x{301}e\x{301}e\x{301}e\x{301}e\x{301}e\x{301} e\x{301} e\x{301}e\x{301}e\x{301}e\x{301}e\x{301}e\x{301}e\x{301}e\x{301}e\x{301}e\x{301}e\x{301}e\x{301}e\x{301}e\x{301}e\x{301}e\x{301}e\x{301}e\x{301}e\x{301}e\x{301}e\x{301}e\x{301}e\x{301}e\x{301}e\x{301}e\x{301}e\x{301}e\x{301}e\x{301}e\x{301}e\x{301}e\x{301}e\x{301}e\x{301}e\x{301}e\x{301}e\x{301}e\x{301}e\x{301}e\x{301}e\x{301}e\x{301}e\x{301} e\x{301}e\x{301}e\x{301}e\x{301}e\x{301}e\x{301}e\x{301}e\x{301}e\x{301}e\x{301}e\x{301}e\x{301}e\x{301}e\x{301}e\x{301}e\x{301}e\x{301}e\x{301}e\x{301}e\x{301}e\x{301}e\x{301}e\x{301}e\x{301}e\x{301}e\x{301}e\x{301}e\x{301}e\x{301}e\x{301} e\x{301}e\x{301}e\x{301}e\x{301}e\x{301}e\x{301}e\x{301}e\x{301}e\x{301}e\x{301}e\x{301}e\x{301}e\x{301}e\x{301}e\x{301}e\x{301}e\x{301}e\x{301}e\x{301}e\x{301}e\x{301}e\x{301}"
          text run at (912,8687) width 0: " "
          text run at (0,8704) width 912: "e\x{301}e\x{301}e\x{301}e\x{301}e\x{301}e\x{301}e\x{301}e\x{301}e\x{301}e\x{301}e\x{301}e\x{301}e\x{301}e\x{301}e\x{301}e\x{301}e\x{301}e\x{301}e\x{301}e\x{301}e\x{301}e\x{301}e\x{301}e\x{301}e\x{301}e\x{301}e\x{301}e\x{301}e\x{301}e\x{301}e\x{301}e\x{301} e\x{301} e\x{301}e\x{301}e\x{301}e\x{301}e\x{301}e\x{301}e\x{301}e\x{301}e\x{301}e\x{301}e\x{301}e\x{301}e\x{301}e\x{301}e\x{301}e\x{301}e\x{301}e\x{301}e\x{301}e\x{301}e\x{301}e\x{301}e\x{301}e\x{301}e\x{301}e\x{301}e\x{301}e\x{301}e\x{301}e\x{301}e\x{301}e\x{301}e\x{301}e\x{301}e\x{301}e\x{301}e\x{301}e\x{301}e\x{301}e\x{301}e\x{301}e\x{301}e\x{301} e\x{301}e\x{301}e\x{301}e\x{301}e\x{301}e\x{301}e\x{301}e\x{301}e\x{301}e\x{301}e\x{301}e\x{301}e\x{301}e\x{301}e\x{301}e\x{301}e\x{301}e\x{301}e\x{301}e\x{301}e\x{301}e\x{301}e\x{301}e\x{301}e\x{301}e\x{301}e\x{301}e\x{301}e\x{301}e\x{301} e\x{301}e\x{301}e\x{301}e\x{301}e\x{301}e\x{301}e\x{301}e\x{301}e\x{301}e\x{301}e\x{301}e\x{301}e\x{301}e\x{301}e\x{301}e\x{301}e\x{301}e\x{301}e\x{301}e\x{301}e\x{301}e\x{301}"
          text run at (912,8704) width 0: " "
          text run at (0,8721) width 912: "e\x{301}e\x{301}e\x{301}e\x{301}e\x{301}e\x{301}e\x{301}e\x{301}e\x{301}e\x{301}e\x{301}e\x{301}e\x{301}e\x{301}e\x{301}e\x{301}e\x{301}e\x{301}e\x{301}e\x{301}e\x{301}e\x{301}e\x{301}e\x{301}e\x{301}e\x{301}e\x{301}e\x{301}e\x{301}e\x{301}e\x{301}e\x{301} e\x{301} e\x{301}e\x{301}e\x{301}e\x{301}e\x{301}e\x{301}e\x{301}e\x{301}e\x{301}e\x{301}e\x{301}e\x{301}e\x{301}e\x{301}e\x{301}e\x{301}e\x{301}e\x{301}e\x{301}e\x{301}e\x{301}e\x{301}e\x{301}e\x{301}e\x{301}e\x{301}e\x{301}e\x{301}e\x{301}e\x{301}e\x{301}e\x{301}e\x{301}e\x{301}e\x{301}e\x{301}e\x{301}e\x{301}e\x{301}e\x{301}e\x{301}e\x{301}e\x{301} e\x{301}e\x{301}e\x{301}e\x{301}e\x{301}e\x{301}e\x{301}e\x{301}e\x{301}e\x{301}e\x{301}e\x{301}e\x{301}e\x{301}e\x{301}e\x{301}e\x{301}e\x{301}e\x{301}e\x{301}e\x{301}e\x{301}e\x{301}e\x{301}e\x{301}e\x{301}e\x{301}e\x{301}e\x{301}e\x{301} e\x{301}e\x{301}e\x{301}e\x{301}e\x{301}e\x{301}e\x{301}e\x{301}e\x{301}e\x{301}e\x{301}e\x{301}e\x{301}e\x{301}e\x{301}e\x{301}e\x{301}e\x{301}e\x{301}e\x{301}e\x{301}e\x{301}"
          text run at (912,8721) width 0: " "
          text run at (0,8738) width 912: "e\x{301}e\x{301}e\x{301}e\x{301}e\x{301}e\x{301}e\x{301}e\x{301}e\x{301}e\x{301}e\x{301}e\x{301}e\x{301}e\x{301}e\x{301}e\x{301}e\x{301}e\x{301}e\x{301}e\x{301}e\x{301}e\x{301}e\x{301}e\x{301}e\x{301}e\x{301}e\x{301}e\x{301}e\x{301}e\x{301}e\x{301}e\x{301} e\x{301} e\x{301}e\x{301}e\x{301}e\x{301}e\x{301}e\x{301}e\x{301}e\x{301}e\x{301}e\x{301}e\x{301}e\x{301}e\x{301}e\x{301}e\x{301}e\x{301}e\x{301}e\x{301}e\x{301}e\x{301}e\x{301}e\x{301}e\x{301}e\x{301}e\x{301}e\x{301}e\x{301}e\x{301}e\x{301}e\x{301}e\x{301}e\x{301}e\x{301}e\x{301}e\x{301}e\x{301}e\x{301}e\x{301}e\x{301}e\x{301}e\x{301}e\x{301}e\x{301} e\x{301}e\x{301}e\x{301}e\x{301}e\x{301}e\x{301}e\x{301}e\x{301}e\x{301}e\x{301}e\x{301}e\x{301}e\x{301}e\x{301}e\x{301}e\x{301}e\x{301}e\x{301}e\x{301}e\x{301}e\x{301}e\x{301}e\x{301}e\x{301}e\x{301}e\x{301}e\x{301}e\x{301}e\x{301}e\x{301} e\x{301}e\x{301}e\x{301}e\x{301}e\x{301}e\x{301}e\x{301}e\x{301}e\x{301}e\x{301}e\x{301}e\x{301}e\x{301}e\x{301}e\x{301}e\x{301}e\x{301}e\x{301}e\x{301}e\x{301}e\x{301}e\x{301}"
          text run at (912,8738) width 0: " "
          text run at (0,8755) width 912: "e\x{301}e\x{301}e\x{301}e\x{301}e\x{301}e\x{301}e\x{301}e\x{301}e\x{301}e\x{301}e\x{301}e\x{301}e\x{301}e\x{301}e\x{301}e\x{301}e\x{301}e\x{301}e\x{301}e\x{301}e\x{301}e\x{301}e\x{301}e\x{301}e\x{301}e\x{301}e\x{301}e\x{301}e\x{301}e\x{301}e\x{301}e\x{301} e\x{301} e\x{301}e\x{301}e\x{301}e\x{301}e\x{301}e\x{301}e\x{301}e\x{301}e\x{301}e\x{301}e\x{301}e\x{301}e\x{301}e\x{301}e\x{301}e\x{301}e\x{301}e\x{301}e\x{301}e\x{301}e\x{301}e\x{301}e\x{301}e\x{301}e\x{301}e\x{301}e\x{301}e\x{301}e\x{301}e\x{301}e\x{301}e\x{301}e\x{301}e\x{301}e\x{301}e\x{301}e\x{301}e\x{301}e\x{301}e\x{301}e\x{301}e\x{301}e\x{301} e\x{301}e\x{301}e\x{301}e\x{301}e\x{301}e\x{301}e\x{301}e\x{301}e\x{301}e\x{301}e\x{301}e\x{301}e\x{301}e\x{301}e\x{301}e\x{301}e\x{301}e\x{301}e\x{301}e\x{301}e\x{301}e\x{301}e\x{301}e\x{301}e\x{301}e\x{301}e\x{301}e\x{301}e\x{301}e\x{301} e\x{301}e\x{301}e\x{301}e\x{301}e\x{301}e\x{301}e\x{301}e\x{301}e\x{301}e\x{301}e\x{301}e\x{301}e\x{301}e\x{301}e\x{301}e\x{301}e\x{301}e\x{301}e\x{301}e\x{301}e\x{301}e\x{301}"
          text run at (912,8755) width 0: " "
          text run at (0,8772) width 912: "e\x{301}e\x{301}e\x{301}e\x{301}e\x{301}e\x{301}e\x{301}e\x{301}e\x{301}e\x{301}e\x{301}e\x{301}e\x{301}e\x{301}e\x{301}e\x{301}e\x{301}e\x{301}e\x{301}e\x{301}e\x{301}e\x{301}e\x{301}e\x{301}e\x{301}e\x{301}e\x{301}e\x{301}e\x{301}e\x{301}e\x{301}e\x{301} e\x{301} e\x{301}e\x{301}e\x{301}e\x{301}e\x{301}e\x{301}e\x{301}e\x{301}e\x{301}e\x{301}e\x{301}e\x{301}e\x{301}e\x{301}e\x{301}e\x{301}e\x{301}e\x{301}e\x{301}e\x{301}e\x{301}e\x{301}e\x{301}e\x{301}e\x{301}e\x{301}e\x{301}e\x{301}e\x{301}e\x{301}e\x{301}e\x{301}e\x{301}e\x{301}e\x{301}e\x{301}e\x{301}e\x{301}e\x{301}e\x{301}e\x{301}e\x{301}e\x{301} e\x{301}e\x{301}e\x{301}e\x{301}e\x{301}e\x{301}e\x{301}e\x{301}e\x{301}e\x{301}e\x{301}e\x{301}e\x{301}e\x{301}e\x{301}e\x{301}e\x{301}e\x{301}e\x{301}e\x{301}e\x{301}e\x{301}e\x{301}e\x{301}e\x{301}e\x{301}e\x{301}e\x{301}e\x{301}e\x{301} e\x{301}e\x{301}e\x{301}e\x{301}e\x{301}e\x{301}e\x{301}e\x{301}e\x{301}e\x{301}e\x{301}e\x{301}e\x{301}e\x{301}e\x{301}e\x{301}e\x{301}e\x{301}e\x{301}e\x{301}e\x{301}e\x{301}"
          text run at (912,8772) width 0: " "
          text run at (0,8789) width 912: "e\x{301}e\x{301}e\x{301}e\x{301}e\x{301}e\x{301}e\x{301}e\x{301}e\x{301}e\x{301}e\x{301}e\x{301}e\x{301}e\x{301}e\x{301}e\x{301}e\x{301}e\x{301}e\x{301}e\x{301}e\x{301}e\x{301}e\x{301}e\x{301}e\x{301}e\x{301}e\x{301}e\x{301}e\x{301}e\x{301}e\x{301}e\x{301} e\x{301} e\x{301}e\x{301}e\x{301}e\x{301}e\x{301}e\x{301}e\x{301}e\x{301}e\x{301}e\x{301}e\x{301}e\x{301}e\x{301}e\x{301}e\x{301}e\x{301}e\x{301}e\x{301}e\x{301}e\x{301}e\x{301}e\x{301}e\x{301}e\x{301}e\x{301}e\x{301}e\x{301}e\x{301}e\x{301}e\x{301}e\x{301}e\x{301}e\x{301}e\x{301}e\x{301}e\x{301}e\x{301}e\x{301}e\x{301}e\x{301}e\x{301}e\x{301}e\x{301} e\x{301}e\x{301}e\x{301}e\x{301}e\x{301}e\x{301}e\x{301}e\x{301}e\x{301}e\x{301}e\x{301}e\x{301}e\x{301}e\x{301}e\x{301}e\x{301}e\x{301}e\x{301}e\x{301}e\x{301}e\x{301}e\x{301}e\x{301}e\x{301}e\x{301}e\x{301}e\x{301}e\x{301}e\x{301}e\x{301} e\x{301}e\x{301}e\x{301}e\x{301}e\x{301}e\x{301}e\x{301}e\x{301}e\x{301}e\x{301}e\x{301}e\x{301}e\x{301}e\x{301}e\x{301}e\x{301}e\x{301}e\x{301}e\x{301}e\x{301}e\x{301}e\x{301}"
          text run at (912,8789) width 0: " "
          text run at (0,8806) width 912: "e\x{301}e\x{301}e\x{301}e\x{301}e\x{301}e\x{301}e\x{301}e\x{301}e\x{301}e\x{301}e\x{301}e\x{301}e\x{301}e\x{301}e\x{301}e\x{301}e\x{301}e\x{301}e\x{301}e\x{301}e\x{301}e\x{301}e\x{301}e\x{301}e\x{301}e\x{301}e\x{301}e\x{301}e\x{301}e\x{301}e\x{301}e\x{301} e\x{301} e\x{301}e\x{301}e\x{301}e\x{301}e\x{301}e\x{301}e\x{301}e\x{301}e\x{301}e\x{301}e\x{301}e\x{301}e\x{301}e\x{301}e\x{301}e\x{301}e\x{301}e\x{301}e\x{301}e\x{301}e\x{301}e\x{301}e\x{301}e\x{301}e\x{301}e\x{301}e\x{301}e\x{301}e\x{301}e\x{301}e\x{301}e\x{301}e\x{301}e\x{301}e\x{301}e\x{301}e\x{301}e\x{301}e\x{301}e\x{301}e\x{301}e\x{301}e\x{301} e\x{301}e\x{301}e\x{301}e\x{301}e\x{301}e\x{301}e\x{301}e\x{301}e\x{301}e\x{301}e\x{301}e\x{301}e\x{301}e\x{301}e\x{301}e\x{301}e\x{301}e\x{301}e\x{301}e\x{301}e\x{301}e\x{301}e\x{301}e\x{301}e\x{301}e\x{301}e\x{301}e\x{301}e\x{301}e\x{301} e\x{301}e\x{301}e\x{301}e\x{301}e\x{301}e\x{301}e\x{301}e\x{301}e\x{301}e\x{301}e\x{301}e\x{301}e\x{301}e\x{301}e\x{301}e\x{301}e\x{301}e\x{301}e\x{301}e\x{301}e\x{301}e\x{301}"
          text run at (912,8806) width 0: " "
          text run at (0,8823) width 912: "e\x{301}e\x{301}e\x{301}e\x{301}e\x{301}e\x{301}e\x{301}e\x{301}e\x{301}e\x{301}e\x{301}e\x{301}e\x{301}e\x{301}e\x{301}e\x{301}e\x{301}e\x{301}e\x{301}e\x{301}e\x{301}e\x{301}e\x{301}e\x{301}e\x{301}e\x{301}e\x{301}e\x{301}e\x{301}e\x{301}e\x{301}e\x{301} e\x{301} e\x{301}e\x{301}e\x{301}e\x{301}e\x{301}e\x{301}e\x{301}e\x{301}e\x{301}e\x{301}e\x{301}e\x{301}e\x{301}e\x{301}e\x{301}e\x{301}e\x{301}e\x{301}e\x{301}e\x{301}e\x{301}e\x{301}e\x{301}e\x{301}e\x{301}e\x{301}e\x{301}e\x{301}e\x{301}e\x{301}e\x{301}e\x{301}e\x{301}e\x{301}e\x{301}e\x{301}e\x{301}e\x{301}e\x{301}e\x{301}e\x{301}e\x{301}e\x{301} e\x{301}e\x{301}e\x{301}e\x{301}e\x{301}e\x{301}e\x{301}e\x{301}e\x{301}e\x{301}e\x{301}e\x{301}e\x{301}e\x{301}e\x{301}e\x{301}e\x{301}e\x{301}e\x{301}e\x{301}e\x{301}e\x{301}e\x{301}e\x{301}e\x{301}e\x{301}e\x{301}e\x{301}e\x{301}e\x{301} e\x{301}e\x{301}e\x{301}e\x{301}e\x{301}e\x{301}e\x{301}e\x{301}e\x{301}e\x{301}e\x{301}e\x{301}e\x{301}e\x{301}e\x{301}e\x{301}e\x{301}e\x{301}e\x{301}e\x{301}e\x{301}e\x{301}"
          text run at (912,8823) width 0: " "
          text run at (0,8840) width 912: "e\x{301}e\x{301}e\x{301}e\x{301}e\x{301}e\x{301}e\x{301}e\x{301}e\x{301}e\x{301}e\x{301}e\x{301}e\x{301}e\x{301}e\x{301}e\x{301}e\x{301}e\x{301}e\x{301}e\x{301}e\x{301}e\x{301}e\x{301}e\x{301}e\x{301}e\x{301}e\x{301}e\x{301}e\x{301}e\x{301}e\x{301}e\x{301} e\x{301} e\x{301}e\x{301}e\x{301}e\x{301}e\x{301}e\x{301}e\x{301}e\x{301}e\x{301}e\x{301}e\x{301}e\x{301}e\x{301}e\x{301}e\x{301}e\x{301}e\x{301}e\x{301}e\x{301}e\x{301}e\x{301}e\x{301}e\x{301}e\x{301}e\x{301}e\x{301}e\x{301}e\x{301}e\x{301}e\x{301}e\x{301}e\x{301}e\x{301}e\x{301}e\x{301}e\x{301}e\x{301}e\x{301}e\x{301}e\x{301}e\x{301}e\x{301}e\x{301} e\x{301}e\x{301}e\x{301}e\x{301}e\x{301}e\x{301}e\x{301}e\x{301}e\x{301}e\x{301}e\x{301}e\x{301}e\x{301}e\x{301}e\x{301}e\x{301}e\x{301}e\x{301}e\x{301}e\x{301}e\x{301}e\x{301}e\x{301}e\x{301}e\x{301}e\x{301}e\x{301}e\x{301}e\x{301}e\x{301} e\x{301}e\x{301}e\x{301}e\x{301}e\x{301}e\x{301}e\x{301}e\x{301}e\x{301}e\x{301}e\x{301}e\x{301}e\x{301}e\x{301}e\x{301}e\x{301}e\x{301}e\x{301}e\x{301}e\x{301}e\x{301}e\x{301}"
          text run at (912,8840) width 0: " "
          text run at (0,8857) width 912: "e\x{301}e\x{301}e\x{301}e\x{301}e\x{301}e\x{301}e\x{301}e\x{301}e\x{301}e\x{301}e\x{301}e\x{301}e\x{301}e\x{301}e\x{301}e\x{301}e\x{301}e\x{301}e\x{301}e\x{301}e\x{301}e\x{301}e\x{301}e\x{301}e\x{301}e\x{301}e\x{301}e\x{301}e\x{301}e\x{301}e\x{301}e\x{301} e\x{301} e\x{301}e\x{301}e\x{301}e\x{301}e\x{301}e\x{301}e\x{301}e\x{301}e\x{301}e\x{301}e\x{301}e\x{301}e\x{301}e\x{301}e\x{301}e\x{301}e\x{301}e\x{301}e\x{301}e\x{301}e\x{301}e\x{301}e\x{301}e\x{301}e\x{301}e\x{301}e\x{301}e\x{301}e\x{301}e\x{301}e\x{301}e\x{301}e\x{301}e\x{301}e\x{301}e\x{301}e\x{301}e\x{301}e\x{301}e\x{301}e\x{301}e\x{301}e\x{301} e\x{301}e\x{301}e\x{301}e\x{301}e\x{301}e\x{301}e\x{301}e\x{301}e\x{301}e\x{301}e\x{301}e\x{301}e\x{301}e\x{301}e\x{301}e\x{301}e\x{301}e\x{301}e\x{301}e\x{301}e\x{301}e\x{301}e\x{301}e\x{301}e\x{301}e\x{301}e\x{301}e\x{301}e\x{301}e\x{301} e\x{301}e\x{301}e\x{301}e\x{301}e\x{301}e\x{301}e\x{301}e\x{301}e\x{301}e\x{301}e\x{301}e\x{301}e\x{301}e\x{301}e\x{301}e\x{301}e\x{301}e\x{301}e\x{301}e\x{301}e\x{301}e\x{301}"
          text run at (912,8857) width 0: " "
          text run at (0,8874) width 912: "e\x{301}e\x{301}e\x{301}e\x{301}e\x{301}e\x{301}e\x{301}e\x{301}e\x{301}e\x{301}e\x{301}e\x{301}e\x{301}e\x{301}e\x{301}e\x{301}e\x{301}e\x{301}e\x{301}e\x{301}e\x{301}e\x{301}e\x{301}e\x{301}e\x{301}e\x{301}e\x{301}e\x{301}e\x{301}e\x{301}e\x{301}e\x{301} e\x{301} e\x{301}e\x{301}e\x{301}e\x{301}e\x{301}e\x{301}e\x{301}e\x{301}e\x{301}e\x{301}e\x{301}e\x{301}e\x{301}e\x{301}e\x{301}e\x{301}e\x{301}e\x{301}e\x{301}e\x{301}e\x{301}e\x{301}e\x{301}e\x{301}e\x{301}e\x{301}e\x{301}e\x{301}e\x{301}e\x{301}e\x{301}e\x{301}e\x{301}e\x{301}e\x{301}e\x{301}e\x{301}e\x{301}e\x{301}e\x{301}e\x{301}e\x{301}e\x{301} e\x{301}e\x{301}e\x{301}e\x{301}e\x{301}e\x{301}e\x{301}e\x{301}e\x{301}e\x{301}e\x{301}e\x{301}e\x{301}e\x{301}e\x{301}e\x{301}e\x{301}e\x{301}e\x{301}e\x{301}e\x{301}e\x{301}e\x{301}e\x{301}e\x{301}e\x{301}e\x{301}e\x{301}e\x{301}e\x{301} e\x{301}e\x{301}e\x{301}e\x{301}e\x{301}e\x{301}e\x{301}e\x{301}e\x{301}e\x{301}e\x{301}e\x{301}e\x{301}e\x{301}e\x{301}e\x{301}e\x{301}e\x{301}e\x{301}e\x{301}e\x{301}e\x{301}"
          text run at (912,8874) width 0: " "
          text run at (0,8891) width 912: "e\x{301}e\x{301}e\x{301}e\x{301}e\x{301}e\x{301}e\x{301}e\x{301}e\x{301}e\x{301}e\x{301}e\x{301}e\x{301}e\x{301}e\x{301}e\x{301}e\x{301}e\x{301}e\x{301}e\x{301}e\x{301}e\x{301}e\x{301}e\x{301}e\x{301}e\x{301}e\x{301}e\x{301}e\x{301}e\x{301}e\x{301}e\x{301} e\x{301} e\x{301}e\x{301}e\x{301}e\x{301}e\x{301}e\x{301}e\x{301}e\x{301}e\x{301}e\x{301}e\x{301}e\x{301}e\x{301}e\x{301}e\x{301}e\x{301}e\x{301}e\x{301}e\x{301}e\x{301}e\x{301}e\x{301}e\x{301}e\x{301}e\x{301}e\x{301}e\x{301}e\x{301}e\x{301}e\x{301}e\x{301}e\x{301}e\x{301}e\x{301}e\x{301}e\x{301}e\x{301}e\x{301}e\x{301}e\x{301}e\x{301}e\x{301}e\x{301} e\x{301}e\x{301}e\x{301}e\x{301}e\x{301}e\x{301}e\x{301}e\x{301}e\x{301}e\x{301}e\x{301}e\x{301}e\x{301}e\x{301}e\x{301}e\x{301}e\x{301}e\x{301}e\x{301}e\x{301}e\x{301}e\x{301}e\x{301}e\x{301}e\x{301}e\x{301}e\x{301}e\x{301}e\x{301}e\x{301} e\x{301}e\x{301}e\x{301}e\x{301}e\x{301}e\x{301}e\x{301}e\x{301}e\x{301}e\x{301}e\x{301}e\x{301}e\x{301}e\x{301}e\x{301}e\x{301}e\x{301}e\x{301}e\x{301}e\x{301}e\x{301}e\x{301}"
          text run at (912,8891) width 0: " "
          text run at (0,8908) width 912: "e\x{301}e\x{301}e\x{301}e\x{301}e\x{301}e\x{301}e\x{301}e\x{301}e\x{301}e\x{301}e\x{301}e\x{301}e\x{301}e\x{301}e\x{301}e\x{301}e\x{301}e\x{301}e\x{301}e\x{301}e\x{301}e\x{301}e\x{301}e\x{301}e\x{301}e\x{301}e\x{301}e\x{301}e\x{301}e\x{301}e\x{301}e\x{301} e\x{301} e\x{301}e\x{301}e\x{301}e\x{301}e\x{301}e\x{301}e\x{301}e\x{301}e\x{301}e\x{301}e\x{301}e\x{301}e\x{301}e\x{301}e\x{301}e\x{301}e\x{301}e\x{301}e\x{301}e\x{301}e\x{301}e\x{301}e\x{301}e\x{301}e\x{301}e\x{301}e\x{301}e\x{301}e\x{301}e\x{301}e\x{301}e\x{301}e\x{301}e\x{301}e\x{301}e\x{301}e\x{301}e\x{301}e\x{301}e\x{301}e\x{301}e\x{301}e\x{301} e\x{301}e\x{301}e\x{301}e\x{301}e\x{301}e\x{301}e\x{301}e\x{301}e\x{301}e\x{301}e\x{301}e\x{301}e\x{301}e\x{301}e\x{301}e\x{301}e\x{301}e\x{301}e\x{301}e\x{301}e\x{301}e\x{301}e\x{301}e\x{301}e\x{301}e\x{301}e\x{301}e\x{301}e\x{301}e\x{301} e\x{301}e\x{301}e\x{301}e\x{301}e\x{301}e\x{301}e\x{301}e\x{301}e\x{301}e\x{301}e\x{301}e\x{301}e\x{301}e\x{301}e\x{301}e\x{301}e\x{301}e\x{301}e\x{301}e\x{301}e\x{301}e\x{301}"
          text run at (912,8908) width 0: " "
          text run at (0,8925) width 912: "e\x{301}e\x{301}e\x{301}e\x{301}e\x{301}e\x{301}e\x{301}e\x{301}e\x{301}e\x{301}e\x{301}e\x{301}e\x{301}e\x{301}e\x{301}e\x{301}e\x{301}e\x{301}e\x{301}e\x{301}e\x{301}e\x{301}e\x{301}e\x{301}e\x{301}e\x{301}e\x{301}e\x{301}e\x{301}e\x{301}e\x{301}e\x{301} e\x{301} e\x{301}e\x{301}e\x{301}e\x{301}e\x{301}e\x{301}e\x{301}e\x{301}e\x{301}e\x{301}e\x{301}e\x{301}e\x{301}e\x{301}e\x{301}e\x{301}e\x{301}e\x{301}e\x{301}e\x{301}e\x{301}e\x{301}e\x{301}e\x{301}e\x{301}e\x{301}e\x{301}e\x{301}e\x{301}e\x{301}e\x{301}e\x{301}e\x{301}e\x{301}e\x{301}e\x{301}e\x{301}e\x{301}e\x{301}e\x{301}e\x{301}e\x{301}e\x{301} e\x{301}e\x{301}e\x{301}e\x{301}e\x{301}e\x{301}e\x{301}e\x{301}e\x{301}e\x{301}e\x{301}e\x{301}e\x{301}e\x{301}e\x{301}e\x{301}e\x{301}e\x{301}e\x{301}e\x{301}e\x{301}e\x{301}e\x{301}e\x{301}e\x{301}e\x{301}e\x{301}e\x{301}e\x{301}e\x{301} e\x{301}e\x{301}e\x{301}e\x{301}e\x{301}e\x{301}e\x{301}e\x{301}e\x{301}e\x{301}e\x{301}e\x{301}e\x{301}e\x{301}e\x{301}e\x{301}e\x{301}e\x{301}e\x{301}e\x{301}e\x{301}e\x{301}"
          text run at (912,8925) width 0: " "
          text run at (0,8942) width 912: "e\x{301}e\x{301}e\x{301}e\x{301}e\x{301}e\x{301}e\x{301}e\x{301}e\x{301}e\x{301}e\x{301}e\x{301}e\x{301}e\x{301}e\x{301}e\x{301}e\x{301}e\x{301}e\x{301}e\x{301}e\x{301}e\x{301}e\x{301}e\x{301}e\x{301}e\x{301}e\x{301}e\x{301}e\x{301}e\x{301}e\x{301}e\x{301} e\x{301} e\x{301}e\x{301}e\x{301}e\x{301}e\x{301}e\x{301}e\x{301}e\x{301}e\x{301}e\x{301}e\x{301}e\x{301}e\x{301}e\x{301}e\x{301}e\x{301}e\x{301}e\x{301}e\x{301}e\x{301}e\x{301}e\x{301}e\x{301}e\x{301}e\x{301}e\x{301}e\x{301}e\x{301}e\x{301}e\x{301}e\x{301}e\x{301}e\x{301}e\x{301}e\x{301}e\x{301}e\x{301}e\x{301}e\x{301}e\x{301}e\x{301}e\x{301}e\x{301} e\x{301}e\x{301}e\x{301}e\x{301}e\x{301}e\x{301}e\x{301}e\x{301}e\x{301}e\x{301}e\x{301}e\x{301}e\x{301}e\x{301}e\x{301}e\x{301}e\x{301}e\x{301}e\x{301}e\x{301}e\x{301}e\x{301}e\x{301}e\x{301}e\x{301}e\x{301}e\x{301}e\x{301}e\x{301}e\x{301} e\x{301}e\x{301}e\x{301}e\x{301}e\x{301}e\x{301}e\x{301}e\x{301}e\x{301}e\x{301}e\x{301}e\x{301}e\x{301}e\x{301}e\x{301}e\x{301}e\x{301}e\x{301}e\x{301}e\x{301}e\x{301}e\x{301}"
          text run at (912,8942) width 0: " "
