layer at (0,0) size 800x600
  RenderView at (0,0) size 800x600
layer at (0,0) size 800x238
  RenderBlock {HTML} at (0,0) size 800x238
    RenderBody {BODY} at (8,8) size 784x210
      RenderBlock (anonymous) at (0,0) size 784x21
        RenderText {#text} at (0,0) size 91x21
          text run at (0,0) width 91: "This is good:"
      RenderBlock {DIV} at (0,41) size 200x54
        RenderBlock {P} at (0,0) size 200x54 [border: (1px solid #008000)]
          RenderText {#text} at (1,1) size 159x52
            text run at (1,1) width 159: "lorem ipsum dolor"
            text run at (1,27) width 87: "sit??amet"
      RenderBlock (anonymous) at (0,115) size 784x21
        RenderText {#text} at (0,0) size 265x21
          text run at (0,0) width 265: "The following should look like \x{201C}good\x{201D}:"
      RenderBlock {DIV} at (0,156) size 200x54
        RenderBlock {P} at (0,0) size 200x54 [border: (1px solid #008000)]
          RenderText {#text} at (1,1) size 165x52
            text run at (1,1) width 159: "lorem ipsum dolor"
            text run at (160,1) width 6: " "
            text run at (1,27) width 87: "sit??amet"
