layer at (0,0) size 800x600
  RenderView at (0,0) size 800x600
layer at (0,0) size 800x600
  RenderBlock {HTML} at (0,0) size 800x600
    RenderBody {BODY} at (8,8) size 784x584
      RenderBlock {P} at (0,0) size 784x42
        RenderText {#text} at (0,0) size 194x21
          text run at (0,0) width 194: "This is a regression test for "
        RenderInline {I} at (0,0) size 784x42
          RenderInline {A} at (0,0) size 379x21 [color=#0000EE]
            RenderText {#text} at (194,0) size 379x21
              text run at (194,0) width 379: "http://bugzilla.opendarwin.org/show_bug.cgi?id=8485"
          RenderText {#text} at (573,0) size 784x42
            text run at (573,0) width 4: " "
            text run at (577,0) width 207: "iExploder(#11705): Freeze in"
            text run at (0,21) width 154: "RenderBlock::layout()"
        RenderText {#text} at (154,21) size 4x21
          text run at (154,21) width 4: "."
      RenderBlock {HR} at (0,58) size 784x2 [border: (1px inset #000000)]
      RenderBlock {DIV} at (0,68) size 30x300
        RenderText {#text} at (0,0) size 80x300
          text run at (0,0) width 0: " "
          text run at (0,150) width 80: "A"
