layer at (0,0) size 800x600
  RenderView at (0,0) size 800x600
layer at (0,0) size 800x600
  RenderBlock {HTML} at (0,0) size 800x600
    RenderBody {BODY} at (8,8) size 784x584
      RenderBlock {P} at (0,0) size 784x42
        RenderText {#text} at (0,0) size 57x21
          text run at (0,0) width 57: "Test for "
        RenderInline {I} at (0,0) size 758x42
          RenderInline {A} at (0,0) size 329x21 [color=#0000EE]
            RenderText {#text} at (57,0) size 329x21
              text run at (57,0) width 329: "http://bugs.webkit.org/show_bug.cgi?id=13153"
          RenderText {#text} at (386,0) size 758x42
            text run at (386,0) width 4: " "
            text run at (390,0) width 368: "REGRESSION: Visual highlighting of pre-populated"
            text run at (0,21) width 216: "blank line in textarea is broken"
        RenderText {#text} at (216,21) size 4x21
          text run at (216,21) width 4: "."
      RenderBlock {P} at (0,58) size 784x21
        RenderText {#text} at (0,0) size 372x21
          text run at (0,0) width 372: "Testing the highlighting of and near hard line breaks."
      RenderBlock (anonymous) at (0,95) size 784x80
        RenderPartObject {IFRAME} at (4,4) size 62x72 [border: (1px solid #0000FF)]
          layer at (0,0) size 60x70
            RenderView at (0,0) size 60x70
          layer at (0,0) size 60x70
            RenderBlock {HTML} at (0,0) size 60x70
              RenderBody {BODY} at (8,8) size 44x54
                RenderBlock {PRE} at (0,0) size 44x51
                  RenderText {#text} at (0,0) size 18x51
                    text run at (0,0) width 18: "foo"
                    text run at (18,0) width 0: " "
                    text run at (0,17) width 0: " "
                    text run at (0,34) width 18: "bar"
        RenderPartObject {IFRAME} at (74,4) size 62x72 [border: (1px solid #0000FF)]
          layer at (0,0) size 60x70
            RenderView at (0,0) size 60x70
          layer at (0,0) size 60x70
            RenderBlock {HTML} at (0,0) size 60x70
              RenderBody {BODY} at (8,8) size 44x54
                RenderBlock {PRE} at (0,0) size 44x51
                  RenderText {#text} at (0,0) size 18x51
                    text run at (0,0) width 18: "foo"
                    text run at (18,0) width 0: " "
                    text run at (0,17) width 0: " "
                    text run at (0,34) width 18: "bar"
        RenderPartObject {IFRAME} at (144,4) size 62x72 [border: (1px solid #0000FF)]
          layer at (0,0) size 60x70
            RenderView at (0,0) size 60x70
          layer at (0,0) size 60x70
            RenderBlock {HTML} at (0,0) size 60x70
              RenderBody {BODY} at (8,8) size 44x54
                RenderBlock {PRE} at (0,0) size 44x51
                  RenderText {#text} at (0,0) size 18x51
                    text run at (0,0) width 18: "foo"
                    text run at (18,0) width 0: " "
                    text run at (0,17) width 0: " "
                    text run at (0,34) width 18: "bar"
        RenderPartObject {IFRAME} at (214,4) size 62x72 [border: (1px solid #0000FF)]
          layer at (0,0) size 60x70
            RenderView at (0,0) size 60x70
          layer at (0,0) size 60x70
            RenderBlock {HTML} at (0,0) size 60x70
              RenderBody {BODY} at (8,8) size 44x54
                RenderBlock {PRE} at (0,0) size 44x51
                  RenderText {#text} at (0,0) size 18x51
                    text run at (0,0) width 18: "foo"
                    text run at (18,0) width 0: " "
                    text run at (0,17) width 0: " "
                    text run at (0,34) width 18: "bar"
        RenderPartObject {IFRAME} at (284,4) size 62x72 [border: (1px solid #0000FF)]
          layer at (0,0) size 60x70
            RenderView at (0,0) size 60x70
          layer at (0,0) size 60x70
            RenderBlock {HTML} at (0,0) size 60x70
              RenderBody {BODY} at (8,8) size 44x54
                RenderBlock {PRE} at (0,0) size 44x51
                  RenderText {#text} at (0,0) size 18x51
                    text run at (0,0) width 18: "foo"
                    text run at (18,0) width 0: " "
                    text run at (0,17) width 0: " "
                    text run at (0,34) width 18: "bar"
        RenderPartObject {IFRAME} at (354,4) size 62x72 [border: (1px solid #0000FF)]
          layer at (0,0) size 60x70
            RenderView at (0,0) size 60x70
          layer at (0,0) size 60x70
            RenderBlock {HTML} at (0,0) size 60x70
              RenderBody {BODY} at (8,8) size 44x54
                RenderBlock {PRE} at (0,0) size 44x51
                  RenderText {#text} at (0,0) size 18x51
                    text run at (0,0) width 18: "foo"
                    text run at (18,0) width 0: " "
                    text run at (0,17) width 0: " "
                    text run at (0,34) width 18: "bar"
        RenderPartObject {IFRAME} at (424,4) size 62x72 [border: (1px solid #0000FF)]
          layer at (0,0) size 60x70
            RenderView at (0,0) size 60x70
          layer at (0,0) size 60x70
            RenderBlock {HTML} at (0,0) size 60x70
              RenderBody {BODY} at (8,8) size 44x54
                RenderBlock {PRE} at (0,0) size 44x51
                  RenderText {#text} at (0,0) size 18x51
                    text run at (0,0) width 18: "foo"
                    text run at (18,0) width 0: " "
                    text run at (0,17) width 0: " "
                    text run at (0,34) width 18: "bar"
        RenderPartObject {IFRAME} at (494,4) size 62x72 [border: (1px solid #0000FF)]
          layer at (0,0) size 60x70
            RenderView at (0,0) size 60x70
          layer at (0,0) size 60x70
            RenderBlock {HTML} at (0,0) size 60x70
              RenderBody {BODY} at (8,8) size 44x54
                RenderBlock {PRE} at (0,0) size 44x51
                  RenderText {#text} at (0,0) size 18x51
                    text run at (0,0) width 18: "foo"
                    text run at (18,0) width 0: " "
                    text run at (0,17) width 0: " "
                    text run at (0,34) width 18: "bar"
        RenderPartObject {IFRAME} at (564,4) size 62x72 [border: (1px solid #0000FF)]
          layer at (0,0) size 60x70
            RenderView at (0,0) size 60x70
          layer at (0,0) size 60x70
            RenderBlock {HTML} at (0,0) size 60x70
              RenderBody {BODY} at (8,8) size 44x54
                RenderBlock {PRE} at (0,0) size 44x51
                  RenderText {#text} at (0,0) size 18x51
                    text run at (0,0) width 18: "foo"
                    text run at (18,0) width 0: " "
                    text run at (0,17) width 0: " "
                    text run at (0,34) width 18: "bar"
        RenderPartObject {IFRAME} at (634,4) size 62x72 [border: (1px solid #0000FF)]
          layer at (0,0) size 60x70
            RenderView at (0,0) size 60x70
          layer at (0,0) size 60x70
            RenderBlock {HTML} at (0,0) size 60x70
              RenderBody {BODY} at (8,8) size 44x54
                RenderBlock {PRE} at (0,0) size 44x51
                  RenderText {#text} at (0,0) size 18x51
                    text run at (0,0) width 18: "foo"
                    text run at (18,0) width 0: " "
                    text run at (0,17) width 0: " "
                    text run at (0,34) width 18: "bar"
        RenderText {#text} at (0,0) size 0x0
      RenderBlock {P} at (0,191) size 784x21
        RenderText {#text} at (0,0) size 347x21
          text run at (0,0) width 347: "Testing the highlighting of text split across boxes."
      RenderBlock (anonymous) at (0,228) size 784x80
        RenderPartObject {IFRAME} at (4,4) size 130x72 [border: (1px solid #0000FF)]
          layer at (0,0) size 128x70
            RenderView at (0,0) size 128x70
          layer at (0,0) size 128x70
            RenderBlock {HTML} at (0,0) size 128x70
              RenderBody {BODY} at (8,8) size 112x54
                RenderBlock {DIV} at (0,0) size 112x42
                  RenderText {#text} at (0,0) size 92x42
                    text run at (0,0) width 49: "Lorem "
                    text run at (49,0) width 43: "ipsum"
                    text run at (0,21) width 36: "dolor"
        RenderText {#text} at (0,0) size 0x0
