layer at (0,0) size 800x600
  RenderView at (0,0) size 800x600
layer at (0,0) size 800x600
  RenderBlock {HTML} at (0,0) size 800x600
    RenderBody {BODY} at (8,8) size 784x584
      RenderBlock {DIV} at (0,0) size 784x295 [color=#0000007F]
        RenderBlock {DIV} at (0,0) size 784x59
          RenderText {#text} at (0,0) size 294x59
            text run at (0,0) width 294: "Text shadow"
        RenderBlock {DIV} at (0,59) size 784x59
          RenderText {#text} at (0,0) size 294x59
            text run at (0,0) width 294: "Text shadow"
        RenderBlock {DIV} at (0,118) size 784x59
          RenderText {#text} at (0,0) size 294x59
            text run at (0,0) width 294: "Text shadow"
        RenderBlock {DIV} at (0,177) size 784x59
          RenderText {#text} at (0,0) size 294x59
            text run at (0,0) width 294: "Text shadow"
        RenderBlock {DIV} at (0,236) size 784x59
          RenderText {#text} at (0,0) size 294x59
            text run at (0,0) width 294: "Text shadow"
