layer at (0,0) size 784x1033
  RenderView at (0,0) size 784x600
layer at (0,0) size 784x1033
  RenderBlock {HTML} at (0,0) size 784x1033
    RenderBody {BODY} at (8,8) size 768x1017
      RenderBlock (anonymous) at (0,0) size 768x21
        RenderText {#text} at (0,0) size 764x21
          text run at (0,0) width 764: "This example tests that word-break properly shrinks a cell to one character per line when it is set to break-all."
      RenderTable {TABLE} at (0,21) size 768x99 [border: (1px outset #808080)]
        RenderTableSection {TBODY} at (1,1) size 766x97
          RenderTableRow {TR} at (0,0) size 766x97
            RenderTableCell {TD} at (0,0) size 21x97 [border: (1px inset #808080)] [r=0 c=0 rs=1 cs=1]
              RenderText {#text} at (6,6) size 9x85
                text run at (6,6) width 9: "N"
                text run at (6,23) width 7: "a"
                text run at (6,40) width 8: "rr"
                text run at (6,57) width 7: "o"
                text run at (6,74) width 9: "w"
            RenderTableCell {TD} at (21,34) size 745x29 [border: (1px inset #808080)] [r=0 c=1 rs=1 cs=1]
              RenderText {#text} at (6,6) size 122x17
                text run at (6,6) width 122: "This cell should grow"
      RenderBlock (anonymous) at (0,120) size 768x42
        RenderBR {BR} at (0,0) size 0x21
        RenderText {#text} at (0,21) size 482x21
          text run at (0,21) width 482: "This test checks that word-break is ignored when white-space is pre."
      RenderBlock {PRE} at (0,175) size 110x27 [border: (5px solid #000000)]
        RenderText {#text} at (5,5) size 342x17
          text run at (5,5) width 342: "Thislongwordshouldnotgetbrokenbutshouldstickoutofthepre."
          text run at (347,5) width 0: " "
      RenderBlock (anonymous) at (0,215) size 768x84
        RenderBR {BR} at (0,0) size 0x21
        RenderText {#text} at (0,21) size 759x63
          text run at (0,21) width 516: "The next two examples test our custom break-word value for word-break. "
          text run at (516,21) width 243: "We should get the same results as"
          text run at (0,42) width 738: "break-all for the first test, but we should break up the word in the second test (since our behavior matches"
          text run at (0,63) width 257: "word-wrap: break-word in that case)."
      RenderTable {TABLE} at (0,299) size 768x99 [border: (1px outset #808080)]
        RenderTableSection {TBODY} at (1,1) size 766x97
          RenderTableRow {TR} at (0,0) size 766x97
            RenderTableCell {TD} at (0,0) size 21x97 [border: (1px inset #808080)] [r=0 c=0 rs=1 cs=1]
              RenderText {#text} at (6,6) size 9x85
                text run at (6,6) width 9: "N"
                text run at (6,23) width 7: "a"
                text run at (6,40) width 8: "rr"
                text run at (6,57) width 7: "o"
                text run at (6,74) width 9: "w"
            RenderTableCell {TD} at (21,34) size 745x29 [border: (1px inset #808080)] [r=0 c=1 rs=1 cs=1]
              RenderText {#text} at (6,6) size 122x17
                text run at (6,6) width 122: "This cell should grow"
      RenderBlock (anonymous) at (0,398) size 768x21
        RenderBR {BR} at (0,0) size 0x21
      RenderBlock {PRE} at (0,432) size 110x78 [border: (5px solid #000000)]
        RenderText {#text} at (5,5) size 99x68
          text run at (5,5) width 97: "Thislongwordsho"
          text run at (5,22) width 99: "uldnotgetbrokenb"
          text run at (5,39) width 95: "utshouldstickout"
          text run at (5,56) width 51: "ofthepre."
          text run at (56,56) width 0: " "
      RenderBlock (anonymous) at (0,523) size 768x84
        RenderBR {BR} at (0,0) size 0x21
        RenderText {#text} at (0,21) size 729x63
          text run at (0,21) width 697: "This test makes sure floating and positioned elements do the right thing with word-break: break-all. "
          text run at (697,21) width 28: "The"
          text run at (0,42) width 445: "minimum width should be less than the containing block width. "
          text run at (445,42) width 284: "The breaking should be \"dumb\" and just"
          text run at (0,63) width 253: "occur when the end of the line is hit."
      RenderBlock {DIV} at (0,607) size 304x38 [border: (2px solid #000000)]
        RenderBlock (floating) {DIV} at (2,2) size 300x34
          RenderText {#text} at (0,0) size 299x34
            text run at (0,0) width 299: "Eventhoughthishasareallylongword itshouldnotstick "
            text run at (0,17) width 176: "out oftheenclosing300pxblock."
        RenderBR {BR} at (302,2) size 0x17
      RenderBlock (anonymous) at (0,645) size 768x21
        RenderBR {BR} at (0,0) size 0x21
      RenderBlock (anonymous) at (0,770) size 768x84
        RenderBR {BR} at (0,0) size 0x21
        RenderText {#text} at (0,21) size 750x63
          text run at (0,21) width 715: "This test makes sure floating and positioned elements do the right thing with word-break: break-word. "
          text run at (715,21) width 28: "The"
          text run at (0,42) width 445: "minimum width should be less than the containing block width. "
          text run at (445,42) width 305: "The breaking should be \"smart\" and be like"
          text run at (0,63) width 746: "word-wrap: break-word, with words preferring to wrap first before allowing break opportunities within them."
      RenderBlock {DIV} at (0,854) size 304x38 [border: (2px solid #000000)]
        RenderBlock (floating) {DIV} at (2,2) size 300x34
          RenderText {#text} at (0,0) size 295x34
            text run at (0,0) width 295: "Eventhoughthishasareallylongword itshouldnotstick"
            text run at (0,17) width 176: "out oftheenclosing300pxblock."
        RenderBR {BR} at (302,2) size 0x17
      RenderBlock (anonymous) at (0,892) size 768x21
        RenderBR {BR} at (0,0) size 0x21
layer at (8,674) size 304x104
  RenderBlock (relative positioned) {DIV} at (0,666) size 304x104 [border: (2px solid #000000)]
layer at (10,676) size 300x34
  RenderBlock (positioned) {DIV} at (2,2) size 300x34
    RenderText {#text} at (0,0) size 299x34
      text run at (0,0) width 299: "Eventhoughthishasareallylongword itshouldnotstick "
      text run at (0,17) width 176: "out oftheenclosing300pxblock."
layer at (8,921) size 304x104
  RenderBlock (relative positioned) {DIV} at (0,913) size 304x104 [border: (2px solid #000000)]
layer at (10,923) size 300x34
  RenderBlock (positioned) {DIV} at (2,2) size 300x34
    RenderText {#text} at (0,0) size 295x34
      text run at (0,0) width 295: "Eventhoughthishasareallylongword itshouldnotstick"
      text run at (0,17) width 176: "out oftheenclosing300pxblock."
