layer at (0,0) size 800x600
  RenderView at (0,0) size 800x600
layer at (0,0) size 800x113
  RenderBlock {html} at (0,0) size 800x113
    RenderBody {body} at (8,8) size 784x89
      RenderBlock {div} at (0,0) size 784x89
        RenderBlock {q} at (0,0) size 784x19
          RenderText {#text} at (0,0) size 216x19
            text run at (0,0) width 216: "This a:q element should be unstyled."
        RenderBlock {p} at (0,35) size 784x19 [bgcolor=#00FF00]
          RenderText {#text} at (0,0) size 293x19
            text run at (0,0) width 293: "This paragraph should have a green background."
        RenderBlock {r} at (0,70) size 784x19 [bgcolor=#00FF00]
          RenderText {#text} at (0,0) size 298x19
            text run at (0,0) width 298: "This b:r element should have a green background."
