layer at (0,0) size 800x600
  RenderView at (0,0) size 800x600
layer at (0,0) size 800x160
  RenderBlock {html} at (0,0) size 800x160
    RenderBody {body} at (8,8) size 784x136
      RenderBlock {div} at (0,0) size 784x136
        RenderBlock {address} at (0,0) size 784x22 [bgcolor=#00FF00]
          RenderText {#text} at (0,0) size 301x22
            text run at (0,0) width 301: "This address should have a green background"
        RenderBlock {s} at (0,38) size 784x22 [bgcolor=#00FF00]
          RenderText {#text} at (0,0) size 333x22
            text run at (0,0) width 333: "This paragraph should have a green background"
        RenderBlock {t} at (0,76) size 784x22 [bgcolor=#00FF00]
          RenderText {#text} at (0,0) size 333x22
            text run at (0,0) width 333: "This paragraph should have a green background"
        RenderBlock {u} at (0,114) size 784x22 [bgcolor=#00FF00]
          RenderText {#text} at (0,0) size 333x22
            text run at (0,0) width 333: "This paragraph should have a green background"
