layer at (0,0) size 800x600
  RenderView at (0,0) size 800x600
layer at (0,0) size 800x86
  RenderBlock {html} at (0,0) size 800x86
    RenderBody {body} at (8,16) size 784x54
      RenderBlock {blockquote} at (40,0) size 704x19
        RenderBlock {div} at (0,0) size 704x19
          RenderText {#text} at (0,0) size 170x19
            text run at (0,0) width 170: "This text should be unstyled."
      RenderBlock {div} at (0,35) size 784x19
        RenderBlock {div} at (0,0) size 784x19
          RenderBlock {p} at (0,0) size 784x19 [color=#008000]
            RenderText {#text} at (0,0) size 154x19
              text run at (0,0) width 154: "This text should be green."
