layer at (0,0) size 800x600
  RenderView at (0,0) size 800x600
layer at (0,0) size 800x211
  RenderBlock {html} at (0,0) size 800x211
    RenderBody {body} at (8,16) size 784x179
      RenderBlock {p} at (0,0) size 784x42
        RenderText {#text} at (0,0) size 759x42
          text run at (0,0) width 254: "This paragraph should be unstyled. "
          text run at (254,0) width 505: "The background of the following paragraph should become green when"
          text run at (0,21) width 76: "you follow "
        RenderInline {a} at (0,0) size 54x21 [color=#0000EE]
          RenderText {#text} at (76,21) size 54x21
            text run at (76,21) width 54: "this link"
        RenderText {#text} at (130,21) size 4x21
          text run at (130,21) width 4: "."
      RenderBlock {p} at (0,58) size 784x63
        RenderText {#text} at (0,0) size 776x42
          text run at (0,0) width 308: "This paragraph should initially be unstyled. "
          text run at (308,0) width 468: "It should become green when you select the link above. When you"
          text run at (0,21) width 46: "select "
        RenderInline {a} at (0,0) size 54x21 [color=#0000EE]
          RenderText {#text} at (46,21) size 54x21
            text run at (46,21) width 54: "this link"
        RenderText {#text} at (100,21) size 763x42
          text run at (100,21) width 299: ", it should return to being unstyled and the "
          text run at (399,21) width 364: "background of the paragraph below should become"
          text run at (0,42) width 45: "green."
      RenderBlock {p} at (0,137) size 784x42
        RenderText {#text} at (0,0) size 776x42
          text run at (0,0) width 308: "This paragraph should initially be unstyled. "
          text run at (308,0) width 468: "It should become green when you select the link above. When you"
          text run at (0,21) width 46: "follow "
        RenderInline {a} at (0,0) size 54x21 [color=#0000EE]
          RenderText {#text} at (46,21) size 54x21
            text run at (46,21) width 54: "this link"
        RenderText {#text} at (100,21) size 402x21
          text run at (100,21) width 159: ", the three paragraphs "
          text run at (259,21) width 243: "should all return to being unstyled."
