layer at (0,0) size 800x600
  RenderView at (0,0) size 800x600
layer at (0,0) size 800x226
  RenderBlock {html} at (0,0) size 800x226
    RenderBody {body} at (8,16) size 784x194
      RenderBlock {div} at (0,0) size 784x194
        RenderBlock {p} at (0,0) size 784x19
          RenderText {#text} at (0,0) size 168x19
            text run at (0,0) width 168: "This line should be unstyled."
        RenderBlock {elementA} at (0,35) size 784x19
          RenderText {#text} at (0,0) size 168x19
            text run at (0,0) width 168: "This line should be unstyled."
        RenderBlock {elementB} at (0,70) size 784x19
          RenderText {#text} at (0,0) size 168x19
            text run at (0,0) width 168: "This line should be unstyled."
        RenderBlock {div} at (0,105) size 784x89
          RenderBlock {p} at (0,0) size 784x19 [bgcolor=#00FF00]
            RenderText {#text} at (0,0) size 248x19
              text run at (0,0) width 248: "This line should have a green background"
          RenderBlock {elementA} at (0,35) size 784x19 [bgcolor=#00FF00]
            RenderText {#text} at (0,0) size 248x19
              text run at (0,0) width 248: "This line should have a green background"
          RenderBlock {elementB} at (0,70) size 784x19 [bgcolor=#00FF00]
            RenderText {#text} at (0,0) size 248x19
              text run at (0,0) width 248: "This line should have a green background"
