layer at (0,0) size 800x600
  RenderView at (0,0) size 800x600
layer at (0,0) size 800x432
  RenderBlock {html} at (0,0) size 800x432
    RenderBody {body} at (8,16) size 784x400
      RenderBlock {p} at (0,0) size 784x21 [bgcolor=#00FF00]
        RenderText {#text} at (0,0) size 332x21
          text run at (0,0) width 332: "This paragraph should have green background"
      RenderBlock {address} at (0,37) size 784x21
        RenderText {#text} at (0,0) size 261x21
          text run at (0,0) width 261: "And this address should be unstyled."
      RenderBlock {p} at (0,74) size 784x21 [bgcolor=#00FF00]
        RenderText {#text} at (0,0) size 370x21
          text run at (0,0) width 370: "This paragraph should also have green background!"
      RenderBlock {p} at (0,111) size 784x21
        RenderText {#text} at (0,0) size 270x21
          text run at (0,0) width 270: "But this one should be unstyled again."
      RenderBlock {dl} at (0,148) size 784x252
        RenderBlock {dt} at (0,0) size 784x21
          RenderText {#text} at (0,0) size 135x21
            text run at (0,0) width 135: "First definition term"
        RenderBlock {dd} at (40,21) size 744x21
          RenderText {#text} at (0,0) size 100x21
            text run at (0,0) width 100: "First definition"
        RenderBlock {dt} at (0,42) size 784x21 [bgcolor=#00FF00]
          RenderText {#text} at (0,0) size 413x21
            text run at (0,0) width 413: "Second definition term that should have green background"
        RenderBlock {dd} at (40,63) size 744x21 [bgcolor=#00FF00]
          RenderText {#text} at (0,0) size 378x21
            text run at (0,0) width 378: "Second definition that should have green background"
        RenderBlock {dt} at (0,84) size 784x21 [bgcolor=#00FF00]
          RenderText {#text} at (0,0) size 395x21
            text run at (0,0) width 395: "Third definition term that should have green background"
        RenderBlock {dd} at (40,105) size 744x21 [bgcolor=#00FF00]
          RenderText {#text} at (0,0) size 360x21
            text run at (0,0) width 360: "Third definition that should have green background"
        RenderBlock {dt} at (0,126) size 784x21
          RenderText {#text} at (0,0) size 150x21
            text run at (0,0) width 150: "Fourth definition term"
        RenderBlock {dd} at (40,147) size 744x21
          RenderText {#text} at (0,0) size 115x21
            text run at (0,0) width 115: "Fourth definition"
        RenderBlock {dt} at (0,168) size 784x21 [bgcolor=#00FF00]
          RenderText {#text} at (0,0) size 389x21
            text run at (0,0) width 389: "Fifth definition term that should have green background"
        RenderBlock {dd} at (40,189) size 744x21 [bgcolor=#00FF00]
          RenderText {#text} at (0,0) size 354x21
            text run at (0,0) width 354: "Fifth definition that should have green background"
        RenderBlock {dt} at (0,210) size 784x21 [bgcolor=#00FF00]
          RenderText {#text} at (0,0) size 394x21
            text run at (0,0) width 394: "Sixth definition term that should have green background"
        RenderBlock {dd} at (40,231) size 744x21 [bgcolor=#00FF00]
          RenderText {#text} at (0,0) size 359x21
            text run at (0,0) width 359: "Sixth definition that should have green background"
