layer at (0,0) size 800x600
  RenderView at (0,0) size 800x600
layer at (0,0) size 800x58
  RenderBlock {html} at (0,0) size 800x58
    RenderBody {body} at (8,8) size 784x42
      RenderBlock {div} at (0,0) size 784x21
        RenderText {#text} at (0,0) size 173x21
          text run at (0,0) width 173: "This should be unstyled."
      RenderBlock {div} at (0,21) size 784x21 [bgcolor=#00FF00]
        RenderText {#text} at (0,0) size 272x21
          text run at (0,0) width 272: "This should have a green background."
