layer at (0,0) size 800x600
  RenderView at (0,0) size 800x600
layer at (0,0) size 800x325
  RenderBlock {html} at (0,0) size 800x325
    RenderBody {body} at (8,16) size 784x293
      RenderBlock {p} at (0,0) size 784x293
        RenderInline (generated) at (0,0) size 20x41 [bgcolor=#00FF00]
          RenderText {#text} at (0,0) size 20x41
            text run at (0,0) width 20: "T"
        RenderText {#text} at (20,15) size 766x278
          text run at (20,15) width 566: "his very long paragraph should have a big first letter T with a green background. "
          text run at (586,15) width 180: "Dummy text. Dummy text."
          text run at (0,41) width 732: "Dummy text. Dummy text. Dummy text. Dummy text. Dummy text. Dummy text. Dummy text. Dummy text."
          text run at (0,62) width 732: "Dummy text. Dummy text. Dummy text. Dummy text. Dummy text. Dummy text. Dummy text. Dummy text."
          text run at (0,83) width 732: "Dummy text. Dummy text. Dummy text. Dummy text. Dummy text. Dummy text. Dummy text. Dummy text."
          text run at (0,104) width 732: "Dummy text. Dummy text. Dummy text. Dummy text. Dummy text. Dummy text. Dummy text. Dummy text."
          text run at (0,125) width 732: "Dummy text. Dummy text. Dummy text. Dummy text. Dummy text. Dummy text. Dummy text. Dummy text."
          text run at (0,146) width 732: "Dummy text. Dummy text. Dummy text. Dummy text. Dummy text. Dummy text. Dummy text. Dummy text."
          text run at (0,167) width 732: "Dummy text. Dummy text. Dummy text. Dummy text. Dummy text. Dummy text. Dummy text. Dummy text."
          text run at (0,188) width 732: "Dummy text. Dummy text. Dummy text. Dummy text. Dummy text. Dummy text. Dummy text. Dummy text."
          text run at (0,209) width 732: "Dummy text. Dummy text. Dummy text. Dummy text. Dummy text. Dummy text. Dummy text. Dummy text."
          text run at (0,230) width 732: "Dummy text. Dummy text. Dummy text. Dummy text. Dummy text. Dummy text. Dummy text. Dummy text."
          text run at (0,251) width 732: "Dummy text. Dummy text. Dummy text. Dummy text. Dummy text. Dummy text. Dummy text. Dummy text."
          text run at (0,272) width 456: "Dummy text. Dummy text. Dummy text. Dummy text. Dummy text."
