layer at (0,0) size 800x600
  RenderView at (0,0) size 800x600
layer at (0,0) size 800x53
  RenderBlock {html} at (0,0) size 800x53
    RenderBody {body} at (8,16) size 784x21
      RenderBlock {p} at (0,0) size 784x21
        RenderText {#text} at (0,0) size 176x21
          text run at (0,0) width 176: "The background color of "
        RenderInline {a} at (0,0) size 57x21 [color=#0000EE]
          RenderText {#text} at (176,0) size 57x21
            text run at (176,0) width 57: "anchors"
        RenderText {#text} at (233,0) size 173x21
          text run at (233,0) width 4: " "
          text run at (237,0) width 169: "in this page should turn "
        RenderInline {a} at (0,0) size 58x21 [color=#0000EE]
          RenderText {#text} at (406,0) size 58x21
            text run at (406,0) width 58: "to green"
        RenderText {#text} at (464,0) size 146x21
          text run at (464,0) width 146: " when they have the "
        RenderInline {a} at (0,0) size 38x21 [color=#0000EE]
          RenderText {#text} at (610,0) size 38x21
            text run at (610,0) width 38: "focus"
        RenderText {#text} at (648,0) size 4x21
          text run at (648,0) width 4: "."
