layer at (0,0) size 800x600
  RenderView at (0,0) size 800x600
layer at (0,0) size 800x38
  RenderBlock {html} at (0,0) size 800x38
    RenderBody {body} at (8,8) size 784x22
      RenderInline {testA} at (0,0) size 555x22 [bgcolor=#00FF00]
        RenderText {#text} at (0,0) size 555x22
          text run at (0,0) width 555: "This paragraph has no declared namespace and should have a green background."
      RenderText {#text} at (0,0) size 0x0
