layer at (0,0) size 800x600
  RenderView at (0,0) size 800x600
layer at (0,0) size 800x226
  RenderBlock {html} at (0,0) size 800x226
    RenderBody {body} at (8,16) size 784x194
      RenderBlock {div} at (0,0) size 784x194
        RenderBlock {p} at (0,0) size 784x19
          RenderText {#text} at (0,0) size 209x19
            text run at (0,0) width 209: "This paragraph should be unstyled."
        RenderBlock {p} at (0,35) size 784x19 [bgcolor=#00FF00]
          RenderText {#text} at (0,0) size 293x19
            text run at (0,0) width 293: "This paragraph should have a green background."
        RenderBlock {q} at (0,70) size 784x19 [bgcolor=#00FF00]
          RenderText {#text} at (0,0) size 293x19
            text run at (0,0) width 293: "This paragraph should have a green background."
        RenderBlock {q} at (0,105) size 784x19 [bgcolor=#00FF00]
          RenderText {#text} at (0,0) size 293x19
            text run at (0,0) width 293: "This paragraph should have a green background."
        RenderBlock {r} at (0,140) size 784x19
          RenderText {#text} at (0,0) size 209x19
            text run at (0,0) width 209: "This paragraph should be unstyled."
        RenderBlock {s} at (0,175) size 784x19 [bgcolor=#00FF00]
          RenderText {#text} at (0,0) size 293x19
            text run at (0,0) width 293: "This paragraph should have a green background."
