layer at (0,0) size 800x600
  RenderView at (0,0) size 800x600
layer at (0,0) size 800x148
  RenderBlock {html} at (0,0) size 800x148
    RenderBody {body} at (8,8) size 784x132
      RenderBlock {div} at (0,0) size 784x132
        RenderBlock {address} at (16,0) size 768x21 [bgcolor=#00FF00]
          RenderText {#text} at (0,0) size 368x21
            text run at (0,0) width 368: "A first address that should have a green background"
        RenderBlock {address} at (16,37) size 768x21 [bgcolor=#00FF00]
          RenderText {#text} at (0,0) size 395x21
            text run at (0,0) width 395: "A second address that should have a green background"
        RenderBlock {address} at (16,74) size 768x21
          RenderText {#text} at (0,0) size 281x21
            text run at (0,0) width 281: "A third address with normal background"
        RenderBlock (anonymous) at (0,111) size 784x21
          RenderText {#text} at (0,0) size 329x21
            text run at (0,0) width 329: "This div should have three addresses above it."
