layer at (0,0) size 800x600
  RenderView at (0,0) size 800x600
layer at (0,0) size 800x432
  RenderBlock {html} at (0,0) size 800x432
    RenderBody {body} at (8,16) size 784x400
      RenderBlock {p} at (0,0) size 784x21
        RenderText {#text} at (0,0) size 250x21
          text run at (0,0) width 250: "This paragraph should be unstyled."
      RenderBlock {address} at (0,37) size 784x21
        RenderText {#text} at (0,0) size 234x21
          text run at (0,0) width 234: "This address should be unstyled."
      RenderBlock {p} at (0,74) size 784x21 [bgcolor=#00FF00]
        RenderText {#text} at (0,0) size 336x21
          text run at (0,0) width 336: "This paragraph should have green background."
      RenderBlock {p} at (0,111) size 784x21 [bgcolor=#00FF00]
        RenderText {#text} at (0,0) size 336x21
          text run at (0,0) width 336: "This paragraph should have green background."
      RenderBlock {dl} at (0,148) size 784x252
        RenderBlock {dt} at (0,0) size 784x21 [bgcolor=#00FF00]
          RenderText {#text} at (0,0) size 393x21
            text run at (0,0) width 393: "First definition term that should have green background."
        RenderBlock {dd} at (40,21) size 744x21 [bgcolor=#00FF00]
          RenderText {#text} at (0,0) size 405x21
            text run at (0,0) width 405: "First definition that should also have a green background."
        RenderBlock {dt} at (0,42) size 784x21 [bgcolor=#00FF00]
          RenderText {#text} at (0,0) size 417x21
            text run at (0,0) width 417: "Second definition term that should have green background."
        RenderBlock {dd} at (40,63) size 744x21 [bgcolor=#00FF00]
          RenderText {#text} at (0,0) size 382x21
            text run at (0,0) width 382: "Second definition that should have green background."
        RenderBlock {dt} at (0,84) size 784x21
          RenderText {#text} at (0,0) size 145x21
            text run at (0,0) width 145: "Third definition term."
        RenderBlock {dd} at (40,105) size 744x21
          RenderText {#text} at (0,0) size 110x21
            text run at (0,0) width 110: "Third definition."
        RenderBlock {dt} at (0,126) size 784x21 [bgcolor=#00FF00]
          RenderText {#text} at (0,0) size 408x21
            text run at (0,0) width 408: "Fourth definition term that should have green background."
        RenderBlock {dd} at (40,147) size 744x21 [bgcolor=#00FF00]
          RenderText {#text} at (0,0) size 373x21
            text run at (0,0) width 373: "Fourth definition that should have green background."
        RenderBlock {dt} at (0,168) size 784x21 [bgcolor=#00FF00]
          RenderText {#text} at (0,0) size 393x21
            text run at (0,0) width 393: "Fifth definition term that should have green background."
        RenderBlock {dd} at (40,189) size 744x21 [bgcolor=#00FF00]
          RenderText {#text} at (0,0) size 358x21
            text run at (0,0) width 358: "Fifth definition that should have green background."
        RenderBlock {dt} at (0,210) size 784x21
          RenderText {#text} at (0,0) size 144x21
            text run at (0,0) width 144: "Sixth definition term."
        RenderBlock {dd} at (40,231) size 744x21
          RenderText {#text} at (0,0) size 109x21
            text run at (0,0) width 109: "Sixth definition."
