layer at (0,0) size 800x600
  RenderView at (0,0) size 800x600
layer at (0,0) size 800x201
  RenderBlock {html} at (0,0) size 800x201
    RenderBody {body} at (8,16) size 784x169
      RenderBlock {div} at (0,0) size 784x169
        RenderBlock {p} at (0,0) size 784x21
          RenderText {#text} at (0,0) size 250x21
            text run at (0,0) width 250: "This paragraph should be unstyled."
        RenderBlock {p} at (0,37) size 784x21 [bgcolor=#00FF00]
          RenderText {#text} at (0,0) size 325x21
            text run at (0,0) width 325: "But this one should have a green background."
        RenderBlock {p} at (0,74) size 784x21 [bgcolor=#00FF00]
          RenderText {#text} at (0,0) size 364x21
            text run at (0,0) width 364: "And this one should also have a green background."
        RenderBlock {address} at (0,111) size 784x21
          RenderText {#text} at (0,0) size 488x21
            text run at (0,0) width 488: "This address is only here to fill some space between two paragraphs."
        RenderBlock {p} at (0,148) size 784x21
          RenderText {#text} at (0,0) size 250x21
            text run at (0,0) width 250: "This paragraph should be unstyled."
