layer at (0,0) size 800x600
  RenderView at (0,0) size 800x600
layer at (0,0) size 800x191
  RenderBlock {html} at (0,0) size 800x191
    RenderBody {body} at (8,16) size 784x159
      RenderBlock {div} at (0,0) size 784x159
        RenderBlock {p} at (0,0) size 784x19
          RenderText {#text} at (0,0) size 209x19
            text run at (0,0) width 209: "This paragraph should be unstyled."
        RenderBlock {p} at (0,35) size 784x19 [bgcolor=#00FF00]
          RenderText {#text} at (0,0) size 270x19
            text run at (0,0) width 270: "But this one should have a green background"
        RenderBlock {p} at (0,70) size 784x19 [bgcolor=#00FF00]
          RenderText {#text} at (0,0) size 303x19
            text run at (0,0) width 303: "And this one should also have a green background"
        RenderBlock {address} at (0,105) size 784x19
          RenderText {#text} at (0,0) size 435x19
            text run at (0,0) width 435: "This address is only here to fill some space between two paragraphs"
        RenderBlock {p} at (0,140) size 784x19 [bgcolor=#00FF00]
          RenderText {#text} at (0,0) size 289x19
            text run at (0,0) width 289: "This paragraph should have a green background"
