layer at (0,0) size 800x600
  RenderView at (0,0) size 800x600
layer at (0,0) size 800x53
  RenderBlock {html} at (0,0) size 800x53
    RenderBody {body} at (8,16) size 784x21
      RenderBlock {p} at (0,0) size 784x21 [color=#008000]
        RenderInline {foo:bar} at (0,0) size 183x21
          RenderText {#text} at (0,0) size 183x21
            text run at (0,0) width 183: "This text should be green."
        RenderText {#text} at (0,0) size 0x0
