layer at (0,0) size 800x600
  RenderView at (0,0) size 800x600
layer at (0,0) size 800x38
  RenderBlock {html} at (0,0) size 800x38
    RenderBody {body} at (8,8) size 784x22
      RenderBlock {address} at (0,0) size 784x16 [bgcolor=#00FF00]
        RenderInline {span} at (0,0) size 0x0
      RenderBlock {div} at (0,0) size 784x22
        RenderText {#text} at (0,0) size 288x22
          text run at (0,0) width 288: "This line should have a green background."
