layer at (0,0) size 800x600
  RenderView at (0,0) size 800x600
layer at (0,0) size 800x60
  RenderBlock {html} at (0,0) size 800x60
    RenderBody {body} at (8,8) size 784x44
      RenderBlock {div} at (0,0) size 784x22
        RenderText {#text} at (0,0) size 164x22
          text run at (0,0) width 164: "This should be unstyled."
      RenderBlock {div} at (0,22) size 784x22 [color=#FFFFFF] [bgcolor=#008000]
        RenderText {#text} at (0,0) size 260x22
          text run at (0,0) width 260: "This should have a green background."
