layer at (0,0) size 800x600
  RenderView at (0,0) size 800x600
layer at (0,0) size 800x156
  RenderBlock {html} at (0,0) size 800x156
    RenderBody {body} at (8,8) size 784x132
      RenderBlock {div} at (0,0) size 784x132
        RenderBlock {address} at (0,0) size 784x21 [bgcolor=#00FF00]
          RenderText {#text} at (0,0) size 329x21
            text run at (0,0) width 329: "This address should have a green background"
        RenderBlock {s} at (0,37) size 784x21 [bgcolor=#00FF00]
          RenderText {#text} at (0,0) size 345x21
            text run at (0,0) width 345: "This paragraph should have a green background"
        RenderBlock {t} at (0,74) size 784x21 [bgcolor=#00FF00]
          RenderText {#text} at (0,0) size 345x21
            text run at (0,0) width 345: "This paragraph should have a green background"
        RenderBlock {u} at (0,111) size 784x21 [bgcolor=#00FF00]
          RenderText {#text} at (0,0) size 345x21
            text run at (0,0) width 345: "This paragraph should have a green background"
