layer at (0,0) size 800x600
  RenderView at (0,0) size 800x600
layer at (0,0) size 800x94
  RenderBlock {html} at (0,0) size 800x94
    RenderBody {body} at (8,16) size 784x70
      RenderBlock {div} at (0,0) size 784x70
        RenderBlock {p} at (0,0) size 784x22
          RenderText {#text} at (0,0) size 249x22
            text run at (0,0) width 249: "The following block should be green."
        RenderBlock (anonymous) at (0,38) size 784x0
          RenderInline {stub} at (0,0) size 0x0
          RenderText {#text} at (0,0) size 0x0
          RenderText {#text} at (0,0) size 0x0
          RenderInline {t} at (0,0) size 0x0
          RenderText {#text} at (0,0) size 0x0
          RenderText {#text} at (0,0) size 0x0
          RenderInline {t} at (0,0) size 0x0
          RenderText {#text} at (0,0) size 0x0
          RenderText {#text} at (0,0) size 0x0
        RenderBlock {t} at (0,38) size 784x32 [bgcolor=#FF0000]
