layer at (0,0) size 800x600
  RenderView at (0,0) size 800x600
layer at (0,0) size 800x74
  RenderBlock {html} at (0,0) size 800x74
    RenderBody {body} at (8,16) size 784x42
      RenderBlock {p} at (0,0) size 784x42
        RenderText {#text} at (0,0) size 682x21
          text run at (0,0) width 682: "You should see after this paragraph the words GENERATED CONTENT over green background"
        RenderInline (generated) at (0,0) size 784x42 [bgcolor=#00FF00]
          RenderText at (682,0) size 784x42
            text run at (682,0) width 102: "GENERATED"
            text run at (0,21) width 79: "CONTENT"
