layer at (0,0) size 800x600
  RenderView at (0,0) size 800x600
layer at (0,0) size 800x133
  RenderBlock {html} at (0,0) size 800x133
    RenderBody {body} at (8,16) size 784x101
      RenderBlock {p} at (0,0) size 784x101 [color=#008000]
        RenderBR {br} at (0,0) size 0x80
        RenderText {#text} at (0,80) size 184x21
          text run at (0,80) width 184: "This line should be green."
