layer at (0,0) size 800x600
  RenderView at (0,0) size 800x600
layer at (0,0) size 800x127
  RenderBlock {html} at (0,0) size 800x127
    RenderBody {body} at (8,16) size 784x95
      RenderBlock {div} at (0,0) size 784x95
        RenderBlock {p} at (0,0) size 784x21 [color=#00FF00]
          RenderText {#text} at (0,0) size 326x21
            text run at (0,0) width 326: "This paragraph should be in green characters."
        RenderBlock {p} at (0,37) size 784x21 [color=#00FF00]
          RenderText {#text} at (0,0) size 326x21
            text run at (0,0) width 326: "This paragraph should be in green characters."
        RenderBlock {p} at (0,74) size 784x21 [color=#FF0000]
          RenderInline {span} at (0,0) size 326x21 [color=#00FF00]
            RenderText {#text} at (0,0) size 326x21
              text run at (0,0) width 326: "This paragraph should be in green characters."
          RenderText {#text} at (0,0) size 0x0
