layer at (0,0) size 800x600
  RenderView at (0,0) size 800x600
layer at (0,0) size 800x137
  RenderBlock {html} at (0,0) size 800x137
    RenderBody {body} at (8,16) size 784x105
      RenderBlock {p} at (0,0) size 784x105
        RenderText {#text} at (0,0) size 782x105
          text run at (0,0) width 285: "This very long paragraph should have a "
          text run at (285,0) width 497: "first line with green background. This very long paragraph should have"
          text run at (0,21) width 42: "a first "
          text run at (42,21) width 200: "line with green background. "
          text run at (242,21) width 344: "This very long paragraph should have a first line "
          text run at (586,21) width 166: "with green background."
          text run at (0,42) width 377: "This very long paragraph should have a first line with "
          text run at (377,42) width 405: "green background. This very long paragraph should have"
          text run at (0,63) width 150: "a first line with green "
          text run at (150,63) width 602: "background. This very long paragraph should have a first line with green background."
          text run at (0,84) width 510: "This very long paragraph should have a first line with green background."
