layer at (0,0) size 800x600
  RenderView at (0,0) size 800x600
layer at (0,0) size 800x99
  RenderBlock {html} at (0,0) size 800x99
    RenderBody {body} at (8,16) size 784x67
      RenderBlock {p} at (0,0) size 784x67
        RenderButton {button} at (2,2) size 310x31 [color=#808080] [bgcolor=#00FF00] [border: (2px outset #C0C0C0)]
          RenderBlock (anonymous) at (8,4) size 294x22
            RenderText {#text} at (0,0) size 294x22
              text run at (0,0) width 294: "A button (disabled) with green background"
        RenderText {#text} at (314,6) size 4x22
          text run at (314,6) width 4: " "
        RenderBR {br} at (0,0) size 0x0
        RenderTextControl {input} at (2,37) size 296x28 [bgcolor=#00FF00] [border: (2px inset #000000)]
        RenderText {#text} at (0,0) size 0x0
layer at (13,56) size 290x22 scrollWidth 306
  RenderBlock {div} at (3,3) size 290x22 [color=#545454]
    RenderText {#text} at (1,0) size 304x22
      text run at (1,0) width 304: "a text area (disabled) with green background"
