layer at (0,0) size 800x600
  RenderView at (0,0) size 800x600
layer at (0,0) size 800x304
  RenderBlock {html} at (0,0) size 800x304
    RenderBody {body} at (8,16) size 784x280
      RenderBlock {p} at (0,0) size 784x42
        RenderText {#text} at (0,0) size 742x42
          text run at (0,0) width 470: "The background color of this paragraph should turn to green when "
          text run at (470,0) width 272: "the mouse pointer hovers either its text"
          text run at (0,21) width 5: "("
        RenderInline {strong} at (0,0) size 34x21
          RenderText {#text} at (5,21) size 34x21
            text run at (5,21) width 34: "here"
        RenderText {#text} at (39,21) size 224x21
          text run at (39,21) width 224: ") or its whitespace background, "
        RenderInline {strong} at (0,0) size 34x21
          RenderText {#text} at (263,21) size 34x21
            text run at (263,21) width 34: "here"
        RenderText {#text} at (297,21) size 4x21
          text run at (297,21) width 4: ":"
      RenderBlock {address} at (0,58) size 784x21
        RenderText {#text} at (0,0) size 176x21
          text run at (0,0) width 176: "The background color of "
        RenderInline {a} at (0,0) size 126x21 [color=#0000EE]
          RenderText {#text} at (176,0) size 87x21
            text run at (176,0) width 87: "this anchor ("
          RenderInline {strong} at (0,0) size 34x21
            RenderText {#text} at (263,0) size 34x21
              text run at (263,0) width 34: "here"
          RenderText {#text} at (297,0) size 5x21
            text run at (297,0) width 5: ")"
        RenderText {#text} at (302,0) size 429x21
          text run at (302,0) width 429: " should turn to green when the pointing device hovers over it."
      RenderTable {table} at (0,79) size 305x201
        RenderTableSection {tbody} at (0,0) size 305x201
          RenderTableRow {tr} at (0,5) size 305x23
            RenderTableCell {td} at (5,5) size 86x23 [r=0 c=0 rs=1 cs=1]
              RenderText {#text} at (1,1) size 82x21
                text run at (1,1) width 82: "The cells in"
            RenderTableCell {td} at (96,5) size 89x23 [r=0 c=1 rs=1 cs=1]
              RenderText {#text} at (1,1) size 64x21
                text run at (1,1) width 64: "this table"
            RenderTableCell {td} at (190,5) size 110x23 [r=0 c=2 rs=1 cs=1]
              RenderText {#text} at (1,1) size 70x21
                text run at (1,1) width 70: "should go"
          RenderTableRow {tr} at (0,33) size 305x23
            RenderTableCell {td} at (5,33) size 86x23 [r=1 c=0 rs=1 cs=1]
              RenderText {#text} at (1,1) size 84x21
                text run at (1,1) width 84: "green when"
            RenderTableCell {td} at (96,33) size 89x23 [r=1 c=1 rs=1 cs=1]
              RenderText {#text} at (1,1) size 70x21
                text run at (1,1) width 70: "you hover"
            RenderTableCell {td} at (190,33) size 110x23 [r=1 c=2 rs=1 cs=1]
              RenderText {#text} at (1,1) size 83x21
                text run at (1,1) width 83: "the pointing"
          RenderTableRow {tr} at (0,61) size 305x23
            RenderTableCell {td} at (5,61) size 86x23 [r=2 c=0 rs=1 cs=1]
              RenderText {#text} at (1,1) size 82x21
                text run at (1,1) width 82: "device over"
            RenderTableCell {td} at (96,61) size 89x23 [r=2 c=1 rs=1 cs=1]
              RenderText {#text} at (1,1) size 44x21
                text run at (1,1) width 44: "them ("
              RenderInline {strong} at (0,0) size 34x21
                RenderText {#text} at (45,1) size 34x21
                  text run at (45,1) width 34: "here"
              RenderText {#text} at (79,1) size 9x21
                text run at (79,1) width 9: ")."
            RenderTableCell {td} at (190,71) size 110x2 [r=2 c=2 rs=1 cs=1]
          RenderTableRow {tr} at (0,89) size 305x23
            RenderTableCell {td} at (5,89) size 86x23 [r=3 c=0 rs=1 cs=1]
              RenderText {#text} at (1,1) size 83x21
                text run at (1,1) width 83: "The rows in"
            RenderTableCell {td} at (96,89) size 89x23 [r=3 c=1 rs=1 cs=1]
              RenderText {#text} at (1,1) size 64x21
                text run at (1,1) width 64: "this table"
            RenderTableCell {td} at (190,89) size 110x23 [r=3 c=2 rs=1 cs=1]
              RenderText {#text} at (1,1) size 70x21
                text run at (1,1) width 70: "should go"
          RenderTableRow {tr} at (0,117) size 305x23
            RenderTableCell {td} at (5,117) size 86x23 [r=4 c=0 rs=1 cs=1]
              RenderText {#text} at (1,1) size 76x21
                text run at (1,1) width 76: "dark green"
            RenderTableCell {td} at (96,117) size 89x23 [r=4 c=1 rs=1 cs=1]
              RenderText {#text} at (1,1) size 65x21
                text run at (1,1) width 65: "when the"
            RenderTableCell {td} at (190,117) size 110x23 [r=4 c=2 rs=1 cs=1]
              RenderText {#text} at (1,1) size 108x21
                text run at (1,1) width 108: "pointing device"
          RenderTableRow {tr} at (0,145) size 305x23
            RenderTableCell {td} at (5,145) size 86x23 [r=5 c=0 rs=1 cs=1]
              RenderText {#text} at (1,1) size 73x21
                text run at (1,1) width 73: "is over the"
            RenderTableCell {td} at (96,145) size 89x23 [r=5 c=1 rs=1 cs=1]
              RenderText {#text} at (1,1) size 37x21
                text run at (1,1) width 37: "cells "
              RenderInline {strong} at (0,0) size 39x21
                RenderText {#text} at (38,1) size 39x21
                  text run at (38,1) width 39: "there"
              RenderText {#text} at (77,1) size 4x21
                text run at (77,1) width 4: ":"
            RenderTableCell {td} at (190,155) size 110x2 [r=5 c=2 rs=1 cs=1]
          RenderTableRow {tr} at (0,173) size 305x23
            RenderTableCell {td} at (5,173) size 86x23 [r=6 c=0 rs=1 cs=1]
              RenderText {#text} at (1,1) size 33x21
                text run at (1,1) width 33: "And "
              RenderInline {strong} at (0,0) size 34x21
                RenderText {#text} at (34,1) size 34x21
                  text run at (34,1) width 34: "here"
              RenderText {#text} at (68,1) size 4x21
                text run at (68,1) width 4: ":"
            RenderTableCell {td} at (96,183) size 89x2 [r=6 c=1 rs=1 cs=1]
            RenderTableCell {td} at (190,173) size 110x23 [r=6 c=2 rs=1 cs=1]
              RenderText {#text} at (1,1) size 90x21
                text run at (1,1) width 90: "(blank cells)."
