layer at (0,0) size 800x600
  RenderView at (0,0) size 800x600
layer at (0,0) size 800x51
  RenderBlock {html} at (0,0) size 800x51
    RenderBody {body} at (8,16) size 784x19
      RenderBlock {p} at (0,0) size 784x19 [color=#008000]
        RenderText {#text} at (0,0) size 377x19
          text run at (0,0) width 377: "This line should be green (there should be no red on this page)."
