layer at (0,0) size 800x600
  RenderView at (0,0) size 800x600
layer at (0,0) size 800x84
  RenderBlock {html} at (0,0) size 800x84
    RenderBody {body} at (8,8) size 784x60
      RenderBlock {div} at (0,0) size 784x60
        RenderBlock {q} at (0,0) size 784x22 [bgcolor=#00FF00]
          RenderText {#text} at (0,0) size 337x22
            text run at (0,0) width 337: "This paragraph should have a green background."
        RenderBlock {r} at (0,38) size 784x22
          RenderText {#text} at (0,0) size 241x22
            text run at (0,0) width 241: "This paragraph should be unstyled."
