layer at (0,0) size 800x600
  RenderView at (0,0) size 800x600
layer at (0,0) size 800x94
  RenderBlock {html} at (0,0) size 800x94
    RenderBody {body} at (8,16) size 784x70
      RenderBlock {div} at (0,0) size 784x70
        RenderBlock {p} at (0,0) size 784x22
          RenderText {#text} at (0,0) size 236x22
            text run at (0,0) width 236: "The following bar should be green."
        RenderBlock {div} at (0,38) size 784x32 [bgcolor=#FF0000]
