layer at (0,0) size 800x600
  RenderView at (0,0) size 800x600
layer at (0,0) size 800x35
  RenderBlock {html} at (0,0) size 800x35
    RenderBody {body} at (8,8) size 784x19
      RenderBlock {address} at (0,0) size 784x16 [bgcolor=#00FF00]
      RenderBlock {div} at (0,0) size 784x19
        RenderText {#text} at (0,0) size 252x19
          text run at (0,0) width 252: "This line should have a green background."
