layer at (0,0) size 800x600
  RenderView at (0,0) size 800x600
layer at (0,0) size 800x74
  RenderBlock {html} at (0,0) size 800x74
    RenderBody {body} at (8,16) size 784x42
      RenderBlock {p} at (0,0) size 784x42
        RenderInline (generated) at (0,0) size 189x21 [bgcolor=#00FF00]
          RenderText at (0,0) size 189x21
            text run at (0,0) width 189: "GENERATED CONTENT "
        RenderText {#text} at (189,0) size 752x42
          text run at (189,0) width 563: "You should see before this paragraph the words GENERATED CONTENT over"
          text run at (0,21) width 129: "green background"
