layer at (0,0) size 800x600
  RenderView at (0,0) size 800x600
layer at (0,0) size 800x119
  RenderBlock {html} at (0,0) size 800x119
    RenderBody {body} at (8,8) size 784x95
      RenderBlock {div} at (0,0) size 784x95
        RenderBlock {address} at (0,0) size 784x21 [color=#008000]
          RenderText {#text} at (0,0) size 310x21
            text run at (0,0) width 310: "This address should be in green characters."
        RenderBlock {s} at (0,37) size 784x21 [color=#008000]
          RenderText {#text} at (0,0) size 326x21
            text run at (0,0) width 326: "This paragraph should be in green characters."
        RenderBlock {u} at (0,74) size 784x21 [color=#008000]
          RenderText {#text} at (0,0) size 326x21
            text run at (0,0) width 326: "This paragraph should be in green characters."
