layer at (0,0) size 800x600
  RenderView at (0,0) size 800x600
layer at (0,0) size 800x130
  RenderBlock {html} at (0,0) size 800x130
    RenderBody {body} at (8,16) size 784x98
      RenderBlock {p} at (0,0) size 784x22 [bgcolor=#00FF00]
        RenderText {#text} at (0,0) size 337x22
          text run at (0,0) width 337: "This paragraph should have a green background."
      RenderBlock {div} at (0,38) size 784x60
        RenderBlock (anonymous) at (0,0) size 784x22
          RenderText {#text} at (0,0) size 257x22
            text run at (0,0) width 257: "This div contains only one paragraph."
        RenderBlock {p} at (0,38) size 784x22
          RenderText {#text} at (0,0) size 241x22
            text run at (0,0) width 241: "This paragraph should be unstyled."
