layer at (0,0) size 800x600
  RenderView at (0,0) size 800x600
layer at (0,0) size 800x149
  RenderBlock {html} at (0,0) size 800x149
    RenderBody {body} at (8,8) size 784x133
      RenderBlock {tests} at (0,0) size 784x133 [color=#008000]
        RenderBlock {testA} at (0,0) size 784x19
          RenderText {#text} at (0,0) size 128x19
            text run at (0,0) width 128: "This should be green."
        RenderBlock {testB} at (0,19) size 784x19
          RenderText {#text} at (0,0) size 128x19
            text run at (0,0) width 128: "This should be green."
        RenderBlock {testC} at (0,38) size 784x19
          RenderText {#text} at (0,0) size 128x19
            text run at (0,0) width 128: "This should be green."
        RenderBlock {testD} at (0,57) size 784x19
          RenderText {#text} at (0,0) size 128x19
            text run at (0,0) width 128: "This should be green."
        RenderBlock {testE} at (0,76) size 784x19
          RenderText {#text} at (0,0) size 128x19
            text run at (0,0) width 128: "This should be green."
        RenderBlock {testF} at (0,95) size 784x19
          RenderText {#text} at (0,0) size 128x19
            text run at (0,0) width 128: "This should be green."
        RenderBlock {testG} at (0,114) size 784x19
          RenderText {#text} at (0,0) size 128x19
            text run at (0,0) width 128: "This should be green."
