layer at (0,0) size 800x600
  RenderView at (0,0) size 800x600
layer at (0,0) size 800x132
  RenderBlock {html} at (0,0) size 800x132
    RenderBody {body} at (8,16) size 784x100
      RenderBlock {ul} at (0,0) size 784x42
        RenderListItem {li} at (40,0) size 744x21 [bgcolor=#00FF00]
          RenderListMarker at (-18,0) size 7x21: bullet
          RenderText {#text} at (0,0) size 487x21
            text run at (0,0) width 384: "This list item should be green because its language is "
            text run at (384,0) width 103: "British English"
        RenderListItem {li} at (40,21) size 744x21 [bgcolor=#00FF00]
          RenderListMarker at (-18,0) size 7x21: bullet
          RenderText {#text} at (0,0) size 546x21
            text run at (0,0) width 368: "This list item should be green because its language "
            text run at (368,0) width 178: "is British English (Wales)"
      RenderBlock {ol} at (0,58) size 784x42
        RenderListItem {li} at (40,0) size 744x21
          RenderListMarker at (-22,0) size 17x21: "1"
          RenderText {#text} at (0,0) size 503x21
            text run at (0,0) width 406: "This list item should NOT be green because its language "
            text run at (406,0) width 97: "is US English"
        RenderListItem {li} at (40,21) size 744x21
          RenderListMarker at (-22,0) size 17x21: "2"
          RenderText {#text} at (0,0) size 472x21
            text run at (0,0) width 422: "This list item should NOT be green because its language is "
            text run at (422,0) width 50: "French"
