layer at (0,0) size 800x600
  RenderView at (0,0) size 800x600
layer at (0,0) size 800x148
  RenderBlock {html} at (0,0) size 800x148
    RenderBody {body} at (8,16) size 784x124
      RenderBlock {p} at (0,0) size 784x86 [bgcolor=#00FF00] [border: (5px solid #008000)]
        RenderText {#text} at (21,21) size 696x44
          text run at (21,21) width 696: "This paragraph should have a green background and a green thick solid border because it carries both"
          text run at (21,43) width 112: "classes t1 and t2."
      RenderBlock {div} at (0,102) size 784x22 [color=#FFFFFF] [bgcolor=#008000]
        RenderText {#text} at (0,0) size 173x22
          text run at (0,0) width 173: "This line should be green."
