layer at (0,0) size 800x600
  RenderView at (0,0) size 800x600
layer at (0,0) size 800x92
  RenderBlock {html} at (0,0) size 800x92
    RenderBody {body} at (8,16) size 784x60
      RenderBlock {div} at (0,0) size 784x60
        RenderBlock {p} at (0,0) size 784x22 [color=#00FF00]
          RenderInline {span} at (0,0) size 522x22 [color=#000000]
            RenderText {#text} at (0,0) size 522x22
              text run at (0,0) width 522: "The color of this text should be green when the pointing device hovers over it."
          RenderText {#text} at (0,0) size 0x0
        RenderBlock {p} at (0,38) size 784x22 [color=#00FF00]
          RenderInline {a} at (0,0) size 522x22 [color=#000000]
            RenderText {#text} at (0,0) size 522x22
              text run at (0,0) width 522: "The color of this text should be green when the pointing device hovers over it."
          RenderText {#text} at (0,0) size 0x0
