layer at (0,0) size 800x600
  RenderView at (0,0) size 800x600
layer at (0,0) size 800x82
  RenderBlock {html} at (0,0) size 800x82
    RenderBody {body} at (8,8) size 784x58
      RenderBlock {address} at (0,0) size 784x16 [bgcolor=#00FF00]
      RenderBlock {div} at (0,0) size 784x21
        RenderText {#text} at (0,0) size 302x21
          text run at (0,0) width 302: "This line should have a green background."
      RenderBlock {p} at (0,37) size 784x21
        RenderText {#text} at (0,0) size 339x21
          text run at (0,0) width 339: "(Note: This test is based on unpublished errata.)"
