layer at (0,0) size 800x600
  RenderView at (0,0) size 800x600
layer at (0,0) size 800x53
  RenderBlock {html} at (0,0) size 800x53
    RenderBody {body} at (8,16) size 784x21
      RenderBlock {p} at (0,0) size 784x21
        RenderText {#text} at (0,0) size 451x21
          text run at (0,0) width 451: "The first line of this paragraph should have a green background."
