layer at (0,0) size 800x600
  RenderView at (0,0) size 800x600
layer at (0,0) size 800x152
  RenderBlock {html} at (0,0) size 800x152
    RenderBody {body} at (8,16) size 784x120
      RenderBlock {blockquote} at (40,0) size 704x22
        RenderBlock {div} at (0,0) size 704x22
          RenderText {#text} at (0,0) size 193x22
            text run at (0,0) width 193: "This text should be unstyled."
      RenderBlock {div} at (0,38) size 784x22
        RenderText {#text} at (0,0) size 193x22
          text run at (0,0) width 193: "This text should be unstyled."
      RenderBlock {div} at (0,60) size 784x22
        RenderText {#text} at (0,0) size 193x22
          text run at (0,0) width 193: "This text should be unstyled."
      RenderBlock {p} at (0,98) size 784x22 [color=#008000]
        RenderText {#text} at (0,0) size 174x22
          text run at (0,0) width 174: "This text should be green."
