layer at (0,0) size 800x600
  RenderView at (0,0) size 800x600
layer at (0,0) size 800x74
  RenderBlock {html} at (0,0) size 800x74
    RenderBody {body} at (8,16) size 784x42
      RenderBlock {p} at (0,0) size 784x42 [color=#008000]
        RenderBR {br} at (0,0) size 0x21
        RenderText {#text} at (0,21) size 184x21
          text run at (0,21) width 184: "This line should be green."
