layer at (0,0) size 800x600
  RenderView at (0,0) size 800x600
layer at (0,0) size 800x448
  RenderBlock {html} at (0,0) size 800x448
    RenderBody {body} at (8,16) size 784x416
      RenderBlock {p} at (0,0) size 784x22 [bgcolor=#00FF00]
        RenderText {#text} at (0,0) size 321x22
          text run at (0,0) width 321: "This paragraph should have green background"
      RenderBlock {address} at (0,38) size 784x22
        RenderText {#text} at (0,0) size 237x22
          text run at (0,0) width 237: "And this address should be unstyled."
      RenderBlock {p} at (0,76) size 784x22 [bgcolor=#00FF00]
        RenderText {#text} at (0,0) size 356x22
          text run at (0,0) width 356: "This paragraph should also have green background!"
      RenderBlock {p} at (0,114) size 784x22
        RenderText {#text} at (0,0) size 256x22
          text run at (0,0) width 256: "But this one should be unstyled again."
      RenderBlock {dl} at (0,152) size 784x264
        RenderBlock {dt} at (0,0) size 784x22
          RenderText {#text} at (0,0) size 136x22
            text run at (0,0) width 136: "First definition term"
        RenderBlock {dd} at (40,22) size 744x22
          RenderText {#text} at (0,0) size 100x22
            text run at (0,0) width 100: "First definition"
        RenderBlock {dt} at (0,44) size 784x22 [bgcolor=#00FF00]
          RenderText {#text} at (0,0) size 398x22
            text run at (0,0) width 398: "Second definition term that should have green background"
        RenderBlock {dd} at (40,66) size 744x22 [bgcolor=#00FF00]
          RenderText {#text} at (0,0) size 362x22
            text run at (0,0) width 362: "Second definition that should have green background"
        RenderBlock {dt} at (0,88) size 784x22 [bgcolor=#00FF00]
          RenderText {#text} at (0,0) size 389x22
            text run at (0,0) width 389: "Third definition term that should have green background"
        RenderBlock {dd} at (40,110) size 744x22 [bgcolor=#00FF00]
          RenderText {#text} at (0,0) size 353x22
            text run at (0,0) width 353: "Third definition that should have green background"
        RenderBlock {dt} at (0,132) size 784x22
          RenderText {#text} at (0,0) size 152x22
            text run at (0,0) width 152: "Fourth definition term"
        RenderBlock {dd} at (40,154) size 744x22
          RenderText {#text} at (0,0) size 116x22
            text run at (0,0) width 116: "Fourth definition"
        RenderBlock {dt} at (0,176) size 784x22 [bgcolor=#00FF00]
          RenderText {#text} at (0,0) size 382x22
            text run at (0,0) width 382: "Fifth definition term that should have green background"
        RenderBlock {dd} at (40,198) size 744x22 [bgcolor=#00FF00]
          RenderText {#text} at (0,0) size 346x22
            text run at (0,0) width 346: "Fifth definition that should have green background"
        RenderBlock {dt} at (0,220) size 784x22 [bgcolor=#00FF00]
          RenderText {#text} at (0,0) size 384x22
            text run at (0,0) width 384: "Sixth definition term that should have green background"
        RenderBlock {dd} at (40,242) size 744x22 [bgcolor=#00FF00]
          RenderText {#text} at (0,0) size 348x22
            text run at (0,0) width 348: "Sixth definition that should have green background"
