layer at (0,0) size 800x600
  RenderView at (0,0) size 800x600
layer at (0,0) size 800x129
  RenderBlock {html} at (0,0) size 800x129
    RenderBody {body} at (8,16) size 784x105
      RenderBlock {p} at (0,0) size 784x19 [bgcolor=#00FF00]
        RenderText {#text} at (0,0) size 252x19
          text run at (0,0) width 252: "This line should have a green background."
      RenderBlock {p} at (0,35) size 784x29 [bgcolor=#00FF00]
        RenderText {#text} at (0,5) size 661x19
          text run at (0,5) width 661: "UAs may render the following element as a pop up menu. If so, please ensure the menu is unstyled (or green). "
        RenderMenuList {select} at (663,2) size 106x25 [border: (1px solid #000000)]
          RenderBlock (anonymous) at (5,3) size 76x19
            RenderText at (0,0) size 68x19
              text run at (0,0) width 68: "This should"
        RenderText {#text} at (0,0) size 0x0
      RenderTable {table} at (0,80) size 404x25 [bgcolor=#00FF00]
        RenderTableSection (anonymous) at (0,0) size 404x25
          RenderTableRow {tr} at (0,2) size 404x21
            RenderTableCell {td} at (2,2) size 400x21 [r=0 c=0 rs=1 cs=1]
              RenderText {#text} at (1,1) size 398x19
                text run at (1,1) width 398: "This line should have a green background (or it might be unstyled)."
