layer at (0,0) size 800x600
  RenderView at (0,0) size 800x600
layer at (0,0) size 800x108
  RenderBlock {html} at (0,0) size 800x108
    RenderBody {body} at (8,16) size 784x76
      RenderBlock {div} at (0,0) size 784x76
        RenderBlock {p} at (0,0) size 784x22 [color=#00FF00]
          RenderInline {a} at (0,0) size 298x22 [color=#000000]
            RenderText {#text} at (0,0) size 298x22
              text run at (0,0) width 298: "This text should turn green while it is active."
          RenderText {#text} at (0,0) size 0x0
        RenderBlock {p} at (0,38) size 784x38 [color=#00FF00]
          RenderButton {button} at (2,2) size 310x34 [color=#000000] [bgcolor=#C0C0C0]
            RenderBlock (anonymous) at (6,6) size 298x22
              RenderText {#text} at (0,0) size 298x22
                text run at (0,0) width 298: "This text should turn green while it is active."
          RenderText {#text} at (0,0) size 0x0
