layer at (0,0) size 800x600
  RenderView at (0,0) size 800x600
layer at (0,0) size 800x238
  RenderBlock {html} at (0,0) size 800x238
    RenderBody {body} at (8,16) size 784x206
      RenderBlock {p} at (0,0) size 784x21 [color=#008000]
        RenderText {#text} at (0,0) size 183x21
          text run at (0,0) width 183: "This text should be green."
      RenderBlock {p} at (0,37) size 784x21 [color=#008000]
        RenderText {#text} at (0,0) size 183x21
          text run at (0,0) width 183: "This text should be green."
      RenderBlock {p} at (0,74) size 784x21 [color=#008000]
        RenderText {#text} at (0,0) size 183x21
          text run at (0,0) width 183: "This text should be green."
      RenderBlock {p} at (0,111) size 784x21 [color=#008000]
        RenderText {#text} at (0,0) size 183x21
          text run at (0,0) width 183: "This text should be green."
      RenderBlock {p} at (0,148) size 784x21 [color=#008000]
        RenderText {#text} at (0,0) size 183x21
          text run at (0,0) width 183: "This text should be green."
      RenderBlock {p} at (0,185) size 784x21 [color=#008000]
        RenderText {#text} at (0,0) size 183x21
          text run at (0,0) width 183: "This text should be green."
