layer at (0,0) size 800x600
  RenderView at (0,0) size 800x600
layer at (0,0) size 800x150
  RenderBlock {html} at (0,0) size 800x150
    RenderBody {body} at (8,8) size 784x126
      RenderBlock {div} at (0,0) size 784x88
        RenderTable {table} at (0,0) size 126x88 [border: (1px outset #808080)]
          RenderTableSection (anonymous) at (1,1) size 124x86
            RenderTableRow {tr} at (0,2) size 124x26
              RenderTableCell {td} at (2,2) size 68x26 [bgcolor=#00FF00] [border: (1px inset #808080)] [r=0 c=0 rs=1 cs=1]
                RenderText {#text} at (2,2) size 64x22
                  text run at (2,2) width 64: "green cell"
              RenderTableCell {td} at (72,2) size 24x26 [border: (1px inset #808080)] [r=0 c=1 rs=1 cs=1]
                RenderText {#text} at (2,2) size 20x22
                  text run at (2,2) width 20: "1.2"
              RenderTableCell {td} at (98,2) size 24x26 [border: (1px inset #808080)] [r=0 c=2 rs=1 cs=1]
                RenderText {#text} at (2,2) size 20x22
                  text run at (2,2) width 20: "1.3"
            RenderTableRow {tr} at (0,30) size 124x26
              RenderTableCell {td} at (2,30) size 68x26 [bgcolor=#00FF00] [border: (1px inset #808080)] [r=1 c=0 rs=1 cs=1]
                RenderText {#text} at (2,2) size 64x22
                  text run at (2,2) width 64: "green cell"
              RenderTableCell {td} at (72,30) size 24x26 [border: (1px inset #808080)] [r=1 c=1 rs=1 cs=1]
                RenderText {#text} at (2,2) size 20x22
                  text run at (2,2) width 20: "2.2"
              RenderTableCell {td} at (98,30) size 24x26 [border: (1px inset #808080)] [r=1 c=2 rs=1 cs=1]
                RenderText {#text} at (2,2) size 20x22
                  text run at (2,2) width 20: "2.3"
            RenderTableRow {tr} at (0,58) size 124x26
              RenderTableCell {td} at (2,58) size 68x26 [bgcolor=#00FF00] [border: (1px inset #808080)] [r=2 c=0 rs=1 cs=1]
                RenderText {#text} at (2,2) size 64x22
                  text run at (2,2) width 64: "green cell"
              RenderTableCell {td} at (72,58) size 24x26 [border: (1px inset #808080)] [r=2 c=1 rs=1 cs=1]
                RenderText {#text} at (2,2) size 20x22
                  text run at (2,2) width 20: "3.2"
              RenderTableCell {td} at (98,58) size 24x26 [border: (1px inset #808080)] [r=2 c=2 rs=1 cs=1]
                RenderText {#text} at (2,2) size 20x22
                  text run at (2,2) width 20: "3.3"
      RenderBlock {p} at (0,104) size 784x22
        RenderText {#text} at (0,0) size 238x22
          text run at (0,0) width 238: "This paragraph contains some text "
        RenderInline {span} at (0,0) size 331x22 [bgcolor=#00FF00]
          RenderText {#text} at (238,0) size 331x22
            text run at (238,0) width 331: "and a span that should have a green background"
        RenderText {#text} at (0,0) size 0x0
