layer at (0,0) size 800x600
  RenderView at (0,0) size 800x600
layer at (0,0) size 800x92
  RenderBlock {html} at (0,0) size 800x92
    RenderBody {body} at (8,16) size 784x60
      RenderBlock {p} at (0,0) size 784x22 [color=#00FF00]
        RenderText {#text} at (0,0) size 174x22
          text run at (0,0) width 174: "This text should be green."
      RenderBlock {p} at (0,38) size 784x22 [color=#00FF00]
        RenderText {#text} at (0,0) size 174x22
          text run at (0,0) width 174: "This text should be green."
