layer at (0,0) size 800x600
  RenderView at (0,0) size 800x600
layer at (0,0) size 800x320
  RenderBlock {html} at (0,0) size 800x320
    RenderBody {body} at (8,16) size 784x288
      RenderBlock {div} at (0,0) size 784x288
        RenderBlock {div} at (0,0) size 784x136
          RenderBlock {p} at (0,0) size 784x22 [bgcolor=#00FF00]
            RenderText {#text} at (0,0) size 337x22
              text run at (0,0) width 337: "This paragraph should have a green background."
          RenderBlock {p} at (0,38) size 784x22 [bgcolor=#00FF00]
            RenderText {#text} at (0,0) size 337x22
              text run at (0,0) width 337: "This paragraph should have a green background."
          RenderBlock {p} at (0,76) size 784x22 [bgcolor=#00FF00]
            RenderText {#text} at (0,0) size 337x22
              text run at (0,0) width 337: "This paragraph should have a green background."
          RenderBlock {p} at (0,114) size 784x22 [bgcolor=#00FF00]
            RenderText {#text} at (0,0) size 337x22
              text run at (0,0) width 337: "This paragraph should have a green background."
        RenderBlock {address} at (0,152) size 784x22 [bgcolor=#00FF00]
          RenderText {#text} at (0,0) size 305x22
            text run at (0,0) width 305: "This address should have a green background."
        RenderBlock {s} at (0,190) size 784x22 [bgcolor=#00FF00]
          RenderText {#text} at (0,0) size 337x22
            text run at (0,0) width 337: "This paragraph should have a green background."
        RenderBlock {t} at (0,228) size 784x22 [bgcolor=#00FF00]
          RenderText {#text} at (0,0) size 337x22
            text run at (0,0) width 337: "This paragraph should have a green background."
        RenderBlock {u} at (0,266) size 784x22 [bgcolor=#00FF00]
          RenderText {#text} at (0,0) size 337x22
            text run at (0,0) width 337: "This paragraph should have a green background."
