layer at (0,0) size 800x600
  RenderView at (0,0) size 800x600
layer at (0,0) size 800x53
  RenderBlock {html} at (0,0) size 800x53
    RenderBody {body} at (8,16) size 784x21
      RenderBlock {p} at (0,0) size 784x21
        RenderInline {a} at (0,0) size 424x21 [color=#000080]
          RenderText {#text} at (0,0) size 47x21
            text run at (0,0) width 47: "Hover "
          RenderInline {strong} at (0,0) size 34x21
            RenderText {#text} at (47,0) size 34x21
              text run at (47,0) width 34: "here"
          RenderText {#text} at (81,0) size 166x21
            text run at (81,0) width 166: " and the background of "
          RenderInline {span} at (0,0) size 173x21
            RenderText {#text} at (247,0) size 173x21
              text run at (247,0) width 173: "this text should go green"
          RenderText {#text} at (420,0) size 4x21
            text run at (420,0) width 4: "."
