layer at (0,0) size 800x600
  RenderView at (0,0) size 800x600
layer at (0,0) size 800x164
  RenderBlock {html} at (0,0) size 800x164
    RenderBody {body} at (8,16) size 784x132
      RenderBlock {div} at (0,0) size 784x132
        RenderBlock {p} at (0,0) size 784x21 [bgcolor=#00FF00]
          RenderText {#text} at (0,0) size 349x21
            text run at (0,0) width 349: "This paragraph should have a green background."
        RenderBlock {q} at (0,37) size 784x21
          RenderText {#text} at (0,0) size 250x21
            text run at (0,0) width 250: "This paragraph should be unstyled."
        RenderBlock {s} at (0,74) size 784x21 [bgcolor=#00FF00]
          RenderText {#text} at (0,0) size 349x21
            text run at (0,0) width 349: "This paragraph should have a green background."
        RenderBlock {r} at (0,111) size 784x21 [bgcolor=#00FF00]
          RenderText {#text} at (0,0) size 349x21
            text run at (0,0) width 349: "This paragraph should have a green background."
