layer at (0,0) size 800x600
  RenderView at (0,0) size 800x600
layer at (0,0) size 800x206
  RenderBlock {html} at (0,0) size 800x206
    RenderBody {body} at (8,16) size 784x174
      RenderBlock {p} at (0,0) size 784x22
        RenderText {#text} at (0,0) size 192x22
          text run at (0,0) width 192: "This line should be unstyled."
      RenderBlock {p} at (0,38) size 784x22 [bgcolor=#00FF00]
        RenderText {#text} at (0,0) size 288x22
          text run at (0,0) width 288: "This line should have a green background."
      RenderBlock {q} at (0,76) size 784x22 [bgcolor=#00FF00]
        RenderText {#text} at (0,0) size 288x22
          text run at (0,0) width 288: "This line should have a green background."
      RenderBlock {p} at (0,114) size 784x22
        RenderText {#text} at (0,0) size 192x22
          text run at (0,0) width 192: "This line should be unstyled."
      RenderBlock {p} at (0,152) size 784x22 [bgcolor=#00FF00]
        RenderText {#text} at (0,0) size 288x22
          text run at (0,0) width 288: "This line should have a green background."
