layer at (0,0) size 800x600
  RenderView at (0,0) size 800x600
layer at (0,0) size 800x127
  RenderBlock {html} at (0,0) size 800x127
    RenderBody {body} at (8,16) size 784x95
      RenderBlock {div} at (0,0) size 784x95
        RenderBlock {p} at (0,0) size 784x21 [bgcolor=#008000]
          RenderText {#text} at (0,0) size 627x21
            text run at (0,0) width 440: "This paragraph should have a green background because the "
            text run at (440,0) width 187: "enclosing div is in english."
        RenderBlock {p} at (0,37) size 784x21 [bgcolor=#008000]
          RenderText {#text} at (0,0) size 515x21
            text run at (0,0) width 414: "This paragraph should have a green background because "
            text run at (414,0) width 101: "it is in english."
        RenderBlock {div} at (0,74) size 784x21 [bgcolor=#FF0000]
          RenderBlock {p} at (0,0) size 784x21 [bgcolor=#008000]
            RenderText {#text} at (0,0) size 515x21
              text run at (0,0) width 349: "This paragraph should have a green background "
              text run at (349,0) width 166: "because it is in english."
