layer at (0,0) size 800x600
  RenderView at (0,0) size 800x600
layer at (0,0) size 800x54
  RenderBlock {html} at (0,0) size 800x54
    RenderBody {body} at (8,16) size 784x22
      RenderBlock {p} at (0,0) size 784x22
        RenderBlock {input} at (3,5) size 13x13 [bgcolor=#00FF00]
        RenderText {#text} at (19,0) size 4x22
          text run at (19,0) width 4: " "
        RenderInline {span} at (0,0) size 424x22 [bgcolor=#00FF00]
          RenderText {#text} at (23,0) size 424x22
            text run at (23,0) width 424: "Everything in this paragraph should have a green background"
