layer at (0,0) size 800x600
  RenderView at (0,0) size 800x600
layer at (0,0) size 800x53
  RenderBlock {html} at (0,0) size 800x53
    RenderBody {body} at (8,16) size 784x21
      RenderBlock {p} at (0,0) size 784x21
        RenderText {#text} at (0,0) size 197x21
          text run at (0,0) width 197: "The background color of all "
        RenderInline {a} at (0,0) size 57x21 [color=#0000EE]
          RenderText {#text} at (197,0) size 57x21
            text run at (197,0) width 57: "anchors"
        RenderText {#text} at (254,0) size 117x21
          text run at (254,0) width 4: " "
          text run at (258,0) width 113: "should become "
        RenderInline {a} at (0,0) size 41x21 [color=#0000EE]
          RenderText {#text} at (371,0) size 41x21
            text run at (371,0) width 41: "green"
        RenderText {#text} at (412,0) size 146x21
          text run at (412,0) width 146: " when they have the "
        RenderInline {a} at (0,0) size 38x21 [color=#0000EE]
          RenderText {#text} at (558,0) size 38x21
            text run at (558,0) width 38: "focus"
        RenderText {#text} at (596,0) size 4x21
          text run at (596,0) width 4: "."
