layer at (0,0) size 800x600
  RenderView at (0,0) size 800x600
layer at (0,0) size 800x533
  RenderBlock {html} at (0,0) size 800x533
    RenderBody {body} at (8,16) size 784x509
      RenderBlock {ul} at (0,0) size 784x114
        RenderListItem {li} at (40,0) size 744x19
          RenderListMarker at (-18,0) size 7x19: bullet
          RenderText {#text} at (0,0) size 76x19
            text run at (0,0) width 76: "First list item"
        RenderListItem {li} at (40,19) size 744x19 [bgcolor=#00FF00]
          RenderListMarker at (-18,0) size 7x19: bullet
          RenderText {#text} at (0,0) size 320x19
            text run at (0,0) width 320: "This second list item should have a green background"
        RenderListItem {li} at (40,38) size 744x19
          RenderListMarker at (-18,0) size 7x19: bullet
          RenderText {#text} at (0,0) size 52x19
            text run at (0,0) width 52: "Third list"
        RenderListItem {li} at (40,57) size 744x19 [bgcolor=#00FF00]
          RenderListMarker at (-18,0) size 7x19: bullet
          RenderText {#text} at (0,0) size 312x19
            text run at (0,0) width 312: "This fourth list item should have a green background"
        RenderListItem {li} at (40,76) size 744x19
          RenderListMarker at (-18,0) size 7x19: bullet
          RenderText {#text} at (0,0) size 76x19
            text run at (0,0) width 76: "Fifth list item"
        RenderListItem {li} at (40,95) size 744x19 [bgcolor=#00FF00]
          RenderListMarker at (-18,0) size 7x19: bullet
          RenderText {#text} at (0,0) size 304x19
            text run at (0,0) width 304: "This sixth list item should have a green background"
      RenderBlock {ol} at (0,130) size 784x114
        RenderListItem {li} at (40,0) size 744x19 [bgcolor=#00FF00]
          RenderListMarker at (-21,0) size 16x19: "1"
          RenderText {#text} at (0,0) size 299x19
            text run at (0,0) width 299: "This first list item should have a green background"
        RenderListItem {li} at (40,19) size 744x19
          RenderListMarker at (-21,0) size 16x19: "2"
          RenderText {#text} at (0,0) size 95x19
            text run at (0,0) width 95: "Second list item"
        RenderListItem {li} at (40,38) size 744x19 [bgcolor=#00FF00]
          RenderListMarker at (-21,0) size 16x19: "3"
          RenderText {#text} at (0,0) size 304x19
            text run at (0,0) width 304: "This third list item should have a green background"
        RenderListItem {li} at (40,57) size 744x19
          RenderListMarker at (-21,0) size 16x19: "4"
          RenderText {#text} at (0,0) size 89x19
            text run at (0,0) width 89: "Fourth list item"
        RenderListItem {li} at (40,76) size 744x19 [bgcolor=#00FF00]
          RenderListMarker at (-21,0) size 16x19: "5"
          RenderText {#text} at (0,0) size 299x19
            text run at (0,0) width 299: "This fifth list item should have a green background"
        RenderListItem {li} at (40,95) size 744x19
          RenderListMarker at (-21,0) size 16x19: "6"
          RenderText {#text} at (0,0) size 79x19
            text run at (0,0) width 79: "Sixth list item"
      RenderBlock {div} at (0,260) size 784x249
        RenderTable {table} at (0,0) size 158x154 [border: (1px outset #808080)]
          RenderTableSection (anonymous) at (1,1) size 156x152
            RenderTableRow {tr} at (0,2) size 156x23
              RenderTableCell {td} at (2,2) size 100x23 [border: (1px solid #000000)] [r=0 c=0 rs=1 cs=1]
                RenderText {#text} at (2,2) size 20x19
                  text run at (2,2) width 20: "1.1"
              RenderTableCell {td} at (104,2) size 24x23 [border: (1px solid #000000)] [r=0 c=1 rs=1 cs=1]
                RenderText {#text} at (2,2) size 20x19
                  text run at (2,2) width 20: "1.2"
              RenderTableCell {td} at (130,2) size 24x23 [border: (1px solid #000000)] [r=0 c=2 rs=1 cs=1]
                RenderText {#text} at (2,2) size 20x19
                  text run at (2,2) width 20: "1.3"
            RenderTableRow {tr} at (0,27) size 156x23
              RenderTableCell {td} at (2,27) size 100x23 [border: (1px solid #000000)] [r=1 c=0 rs=1 cs=1]
                RenderText {#text} at (2,2) size 20x19
                  text run at (2,2) width 20: "2.1"
              RenderTableCell {td} at (104,27) size 24x23 [border: (1px solid #000000)] [r=1 c=1 rs=1 cs=1]
                RenderText {#text} at (2,2) size 20x19
                  text run at (2,2) width 20: "2.2"
              RenderTableCell {td} at (130,27) size 24x23 [border: (1px solid #000000)] [r=1 c=2 rs=1 cs=1]
                RenderText {#text} at (2,2) size 20x19
                  text run at (2,2) width 20: "2.3"
            RenderTableRow {tr} at (0,52) size 156x23
              RenderTableCell {td} at (2,52) size 100x23 [border: (1px solid #000000)] [r=2 c=0 rs=1 cs=1]
                RenderText {#text} at (2,2) size 20x19
                  text run at (2,2) width 20: "3.1"
              RenderTableCell {td} at (104,52) size 24x23 [border: (1px solid #000000)] [r=2 c=1 rs=1 cs=1]
                RenderText {#text} at (2,2) size 20x19
                  text run at (2,2) width 20: "3.2"
              RenderTableCell {td} at (130,52) size 24x23 [border: (1px solid #000000)] [r=2 c=2 rs=1 cs=1]
                RenderText {#text} at (2,2) size 20x19
                  text run at (2,2) width 20: "3.3"
            RenderTableRow {tr} at (0,77) size 156x23
              RenderTableCell {td} at (2,77) size 100x23 [border: (1px solid #000000)] [r=3 c=0 rs=1 cs=1]
                RenderText {#text} at (2,2) size 20x19
                  text run at (2,2) width 20: "4.1"
              RenderTableCell {td} at (104,77) size 24x23 [border: (1px solid #000000)] [r=3 c=1 rs=1 cs=1]
                RenderText {#text} at (2,2) size 20x19
                  text run at (2,2) width 20: "4.2"
              RenderTableCell {td} at (130,77) size 24x23 [border: (1px solid #000000)] [r=3 c=2 rs=1 cs=1]
                RenderText {#text} at (2,2) size 20x19
                  text run at (2,2) width 20: "4.3"
            RenderTableRow {tr} at (0,102) size 156x23 [bgcolor=#00FF00]
              RenderTableCell {td} at (2,102) size 100x23 [border: (1px solid #000000)] [r=4 c=0 rs=1 cs=1]
                RenderText {#text} at (2,2) size 96x19
                  text run at (2,2) width 96: "Green row : 5.1"
              RenderTableCell {td} at (104,102) size 24x23 [border: (1px solid #000000)] [r=4 c=1 rs=1 cs=1]
                RenderText {#text} at (2,2) size 20x19
                  text run at (2,2) width 20: "5.2"
              RenderTableCell {td} at (130,102) size 24x23 [border: (1px solid #000000)] [r=4 c=2 rs=1 cs=1]
                RenderText {#text} at (2,2) size 20x19
                  text run at (2,2) width 20: "5.3"
            RenderTableRow {tr} at (0,127) size 156x23 [bgcolor=#00FF00]
              RenderTableCell {td} at (2,127) size 100x23 [border: (1px solid #000000)] [r=5 c=0 rs=1 cs=1]
                RenderText {#text} at (2,2) size 96x19
                  text run at (2,2) width 96: "Green row : 6.1"
              RenderTableCell {td} at (104,127) size 24x23 [border: (1px solid #000000)] [r=5 c=1 rs=1 cs=1]
                RenderText {#text} at (2,2) size 20x19
                  text run at (2,2) width 20: "6.2"
              RenderTableCell {td} at (130,127) size 24x23 [border: (1px solid #000000)] [r=5 c=2 rs=1 cs=1]
                RenderText {#text} at (2,2) size 20x19
                  text run at (2,2) width 20: "6.3"
        RenderBlock {p} at (0,170) size 784x0
        RenderTable {table} at (0,170) size 397x79 [border: (1px outset #808080)]
          RenderTableSection (anonymous) at (1,1) size 395x77
            RenderTableRow {tr} at (0,2) size 395x23
              RenderTableCell {td} at (2,2) size 24x23 [border: (1px solid #000000)] [r=0 c=0 rs=1 cs=1]
                RenderText {#text} at (2,2) size 20x19
                  text run at (2,2) width 20: "1.1"
              RenderTableCell {td} at (28,2) size 61x23 [bgcolor=#00FF00] [border: (1px solid #000000)] [r=0 c=1 rs=1 cs=1]
                RenderText {#text} at (2,2) size 57x19
                  text run at (2,2) width 57: "green cell"
              RenderTableCell {td} at (91,2) size 61x23 [bgcolor=#00FF00] [border: (1px solid #000000)] [r=0 c=2 rs=1 cs=1]
                RenderText {#text} at (2,2) size 57x19
                  text run at (2,2) width 57: "green cell"
              RenderTableCell {td} at (154,2) size 24x23 [border: (1px solid #000000)] [r=0 c=3 rs=1 cs=1]
                RenderText {#text} at (2,2) size 20x19
                  text run at (2,2) width 20: "1.4"
              RenderTableCell {td} at (180,2) size 61x23 [bgcolor=#00FF00] [border: (1px solid #000000)] [r=0 c=4 rs=1 cs=1]
                RenderText {#text} at (2,2) size 57x19
                  text run at (2,2) width 57: "green cell"
              RenderTableCell {td} at (243,2) size 61x23 [bgcolor=#00FF00] [border: (1px solid #000000)] [r=0 c=5 rs=1 cs=1]
                RenderText {#text} at (2,2) size 57x19
                  text run at (2,2) width 57: "green cell"
              RenderTableCell {td} at (306,2) size 24x23 [border: (1px solid #000000)] [r=0 c=6 rs=1 cs=1]
                RenderText {#text} at (2,2) size 20x19
                  text run at (2,2) width 20: "1.7"
              RenderTableCell {td} at (332,2) size 61x23 [bgcolor=#00FF00] [border: (1px solid #000000)] [r=0 c=7 rs=1 cs=1]
                RenderText {#text} at (2,2) size 57x19
                  text run at (2,2) width 57: "green cell"
            RenderTableRow {tr} at (0,27) size 395x23
              RenderTableCell {td} at (2,27) size 24x23 [border: (1px solid #000000)] [r=1 c=0 rs=1 cs=1]
                RenderText {#text} at (2,2) size 20x19
                  text run at (2,2) width 20: "2.1"
              RenderTableCell {td} at (28,27) size 61x23 [bgcolor=#00FF00] [border: (1px solid #000000)] [r=1 c=1 rs=1 cs=1]
                RenderText {#text} at (2,2) size 57x19
                  text run at (2,2) width 57: "green cell"
              RenderTableCell {td} at (91,27) size 61x23 [bgcolor=#00FF00] [border: (1px solid #000000)] [r=1 c=2 rs=1 cs=1]
                RenderText {#text} at (2,2) size 57x19
                  text run at (2,2) width 57: "green cell"
              RenderTableCell {td} at (154,27) size 24x23 [border: (1px solid #000000)] [r=1 c=3 rs=1 cs=1]
                RenderText {#text} at (2,2) size 20x19
                  text run at (2,2) width 20: "2.4"
              RenderTableCell {td} at (180,27) size 61x23 [bgcolor=#00FF00] [border: (1px solid #000000)] [r=1 c=4 rs=1 cs=1]
                RenderText {#text} at (2,2) size 57x19
                  text run at (2,2) width 57: "green cell"
              RenderTableCell {td} at (243,27) size 61x23 [bgcolor=#00FF00] [border: (1px solid #000000)] [r=1 c=5 rs=1 cs=1]
                RenderText {#text} at (2,2) size 57x19
                  text run at (2,2) width 57: "green cell"
              RenderTableCell {td} at (306,27) size 24x23 [border: (1px solid #000000)] [r=1 c=6 rs=1 cs=1]
                RenderText {#text} at (2,2) size 20x19
                  text run at (2,2) width 20: "2.7"
              RenderTableCell {td} at (332,27) size 61x23 [bgcolor=#00FF00] [border: (1px solid #000000)] [r=1 c=7 rs=1 cs=1]
                RenderText {#text} at (2,2) size 57x19
                  text run at (2,2) width 57: "green cell"
            RenderTableRow {tr} at (0,52) size 395x23
              RenderTableCell {td} at (2,52) size 24x23 [border: (1px solid #000000)] [r=2 c=0 rs=1 cs=1]
                RenderText {#text} at (2,2) size 20x19
                  text run at (2,2) width 20: "3.1"
              RenderTableCell {td} at (28,52) size 61x23 [bgcolor=#00FF00] [border: (1px solid #000000)] [r=2 c=1 rs=1 cs=1]
                RenderText {#text} at (2,2) size 57x19
                  text run at (2,2) width 57: "green cell"
              RenderTableCell {td} at (91,52) size 61x23 [bgcolor=#00FF00] [border: (1px solid #000000)] [r=2 c=2 rs=1 cs=1]
                RenderText {#text} at (2,2) size 57x19
                  text run at (2,2) width 57: "green cell"
              RenderTableCell {td} at (154,52) size 24x23 [border: (1px solid #000000)] [r=2 c=3 rs=1 cs=1]
                RenderText {#text} at (2,2) size 20x19
                  text run at (2,2) width 20: "3.4"
              RenderTableCell {td} at (180,52) size 61x23 [bgcolor=#00FF00] [border: (1px solid #000000)] [r=2 c=4 rs=1 cs=1]
                RenderText {#text} at (2,2) size 57x19
                  text run at (2,2) width 57: "green cell"
              RenderTableCell {td} at (243,52) size 61x23 [bgcolor=#00FF00] [border: (1px solid #000000)] [r=2 c=5 rs=1 cs=1]
                RenderText {#text} at (2,2) size 57x19
                  text run at (2,2) width 57: "green cell"
              RenderTableCell {td} at (306,52) size 24x23 [border: (1px solid #000000)] [r=2 c=6 rs=1 cs=1]
                RenderText {#text} at (2,2) size 20x19
                  text run at (2,2) width 20: "3.7"
              RenderTableCell {td} at (332,52) size 61x23 [bgcolor=#00FF00] [border: (1px solid #000000)] [r=2 c=7 rs=1 cs=1]
                RenderText {#text} at (2,2) size 57x19
                  text run at (2,2) width 57: "green cell"
