layer at (0,0) size 800x600
  RenderView at (0,0) size 800x600
layer at (0,0) size 800x90
  RenderBlock {html} at (0,0) size 800x90
    RenderBody {body} at (8,16) size 784x58
      RenderBlock {p} at (0,0) size 784x21 [color=#00FF00]
        RenderText {#text} at (0,0) size 183x21
          text run at (0,0) width 183: "This text should be green."
      RenderBlock {p} at (0,37) size 784x21 [color=#00FF00]
        RenderText {#text} at (0,0) size 183x21
          text run at (0,0) width 183: "This text should be green."
