layer at (0,0) size 800x600
  RenderView at (0,0) size 800x600
layer at (0,0) size 800x148
  RenderBlock {html} at (0,0) size 800x148
    RenderBody {body} at (8,16) size 784x116
      RenderBlock {p} at (0,0) size 784x21 [color=#000080]
        RenderText {#text} at (0,0) size 176x21
          text run at (0,0) width 176: "The background color of "
        RenderInline {a} at (0,0) size 126x21 [color=#0000EE]
          RenderText {#text} at (176,0) size 87x21
            text run at (176,0) width 87: "this anchor ("
          RenderInline {strong} at (0,0) size 34x21
            RenderText {#text} at (263,0) size 34x21
              text run at (263,0) width 34: "here"
          RenderText {#text} at (297,0) size 5x21
            text run at (297,0) width 5: ")"
        RenderText {#text} at (302,0) size 429x21
          text run at (302,0) width 429: " should turn to green when the pointing device hovers over it."
      RenderBlock {p} at (0,37) size 784x21 [color=#000080]
        RenderText {#text} at (0,0) size 176x21
          text run at (0,0) width 176: "The background color of "
        RenderInline {a} at (0,0) size 126x21 [color=#FFFFFF] [bgcolor=#008000]
          RenderText {#text} at (176,0) size 87x21
            text run at (176,0) width 87: "this anchor ("
          RenderInline {strong} at (0,0) size 34x21
            RenderText {#text} at (263,0) size 34x21
              text run at (263,0) width 34: "here"
          RenderText {#text} at (297,0) size 5x21
            text run at (297,0) width 5: ")"
        RenderText {#text} at (302,0) size 56x21
          text run at (302,0) width 56: " should "
        RenderInline {strong} at (0,0) size 239x21
          RenderText {#text} at (358,0) size 239x21
            text run at (358,0) width 239: "remain green when you hover it"
        RenderText {#text} at (597,0) size 4x21
          text run at (597,0) width 4: "."
      RenderBlock {p} at (0,74) size 784x42 [color=#000080]
        RenderText {#text} at (0,0) size 176x21
          text run at (0,0) width 176: "The background color of "
        RenderInline {a} at (0,0) size 126x21 [color=#FFFFFF] [bgcolor=#008000]
          RenderText {#text} at (176,0) size 87x21
            text run at (176,0) width 87: "this anchor ("
          RenderInline {strong} at (0,0) size 34x21
            RenderText {#text} at (263,0) size 34x21
              text run at (263,0) width 34: "here"
          RenderText {#text} at (297,0) size 5x21
            text run at (297,0) width 5: ")"
        RenderText {#text} at (302,0) size 56x21
          text run at (302,0) width 56: " should "
        RenderInline {strong} at (0,0) size 402x21
          RenderText {#text} at (358,0) size 402x21
            text run at (358,0) width 402: "remain green when the pointing device hovers over it"
        RenderText {#text} at (0,21) size 163x21
          text run at (0,21) width 163: "(do not follow that link)."
