layer at (0,0) size 800x600
  RenderView at (0,0) size 800x600
layer at (0,0) size 800x600
  RenderBlock {HTML} at (0,0) size 800x600
    RenderBody {BODY} at (8,8) size 784x576
      RenderBlock {P} at (0,0) size 784x18
        RenderText {#text} at (0,0) size 621x17
          text run at (0,0) width 621: "The text below should be green and contain \"braille, media, screen and (color) and (grid: 0), tty\"."
      RenderBlock {P} at (0,34) size 784x18 [color=#008000]
        RenderText {#text} at (0,0) size 321x17
          text run at (0,0) width 321: "braille, media, screen and (color) and (grid: 0), tty"
