layer at (0,0) size 800x600
  RenderView at (0,0) size 800x600
layer at (0,0) size 800x600
  RenderBlock {HTML} at (0,0) size 800x600
    RenderBody {BODY} at (8,8) size 784x576
      RenderBlock {P} at (0,0) size 784x18
        RenderText {#text} at (0,0) size 246x17
          text run at (0,0) width 246: "The text below should read \"Success.\""
      RenderBlock {P} at (0,34) size 784x18 [color=#008000]
        RenderText {#text} at (0,0) size 55x17
          text run at (0,0) width 55: "Success."
      RenderBlock {P} at (0,68) size 784x18
        RenderText {#text} at (0,0) size 520x17
          text run at (0,0) width 520: "Following exception was caught: Error: NOT_FOUND_ERR: DOM Exception 8"
