layer at (0,0) size 968x584
  RenderView at (0,0) size 800x584
layer at (0,0) size 800x584
  RenderBlock {HTML} at (0,0) size 800x584
    RenderBody {BODY} at (8,8) size 784x568
      RenderBlock {P} at (0,0) size 784x18 [color=#008000]
        RenderText {#text} at (0,0) size 388x17
          text run at (0,0) width 388: "This text should be green if viewport is narrower than 60em."
      RenderBlock {DIV} at (0,34) size 960x18 [bgcolor=#ADD8E6]
        RenderText {#text} at (0,0) size 126x17
          text run at (0,0) width 126: "div of length 60 em"
      RenderBlock {DIV} at (0,52) size 800x18 [bgcolor=#ADD8E6]
        RenderText {#text} at (0,0) size 126x17
          text run at (0,0) width 126: "div of length 800px"
