layer at (0,0) size 968x585
  RenderView at (0,0) size 800x585
layer at (0,0) size 800x585
  RenderBlock {HTML} at (0,0) size 800x585
    RenderBody {BODY} at (8,8) size 784x569
      RenderBlock {P} at (0,0) size 784x18 [color=#008000]
        RenderText {#text} at (0,0) size 728x19
          text run at (0,0) width 728: "This text should be green if viewport is narrower than 60em. This tests that (min-width: 60em) can evaluate to false."
      RenderBlock {DIV} at (0,34) size 960x18 [bgcolor=#ADD8E6]
        RenderText {#text} at (0,0) size 123x19
          text run at (0,0) width 123: "div of length 60 em"
      RenderBlock {DIV} at (0,52) size 800x18 [bgcolor=#ADD8E6]
        RenderText {#text} at (0,0) size 124x19
          text run at (0,0) width 124: "div of length 800px"
