layer at (0,0) size 784x642
  RenderView at (0,0) size 784x600
layer at (0,0) size 784x642
  RenderBlock {HTML} at (0,0) size 784x642
    RenderBody {BODY} at (8,8) size 768x576
      RenderBlock {P} at (0,0) size 768x18 [color=#008000]
        RenderText {#text} at (0,0) size 327x17
          text run at (0,0) width 327: "This text should be green if height is at least 30ex ."
      RenderBlock (floating) {DIV} at (0,34) size 117x220 [bgcolor=#ADD8E6]
        RenderText {#text} at (0,0) size 117x17
          text run at (0,0) width 117: "div of height 30ex"
      RenderBlock (floating) {DIV} at (117,34) size 126x600 [bgcolor=#ADD8E6]
        RenderText {#text} at (0,0) size 126x17
          text run at (0,0) width 126: "div of height 600px"
