layer at (0,0) size 800x600
  RenderView at (0,0) size 800x600
layer at (0,0) size 800x600
  RenderBlock {HTML} at (0,0) size 800x600
    RenderBody {BODY} at (8,8) size 784x576
      RenderBlock {P} at (0,0) size 784x36 [color=#008000]
        RenderText {#text} at (0,0) size 743x35
          text run at (0,0) width 743: "This text should be green. If running in a build of WebKit with 3d transforms, it will appear red (and this should not"
          text run at (0,18) width 218: "happen while 3d is not supported)"
