layer at (0,0) size 800x600
  RenderView at (0,0) size 800x600
layer at (0,0) size 800x600
  RenderBlock {HTML} at (0,0) size 800x600
    RenderBody {BODY} at (8,8) size 784x584
      RenderText {#text} at (0,0) size 743x38
        text run at (0,0) width 743: "THIS TEST'S RESULTS ARE NOT CORRECT, SINCE INLINE TABLES ARE NOT BASELINE-ALIGNING"
        text run at (0,19) width 511: "PROPERLY, AND WHEN THEY DO, THE FIRST ROW WILL BE USED. "
      RenderBR {BR} at (511,34) size 0x0
      RenderBlock {P} at (0,44) size 59x42 [border: (2px solid #0000FF)]
        RenderText {#text} at (2,2) size 55x19
          text run at (2,2) width 55: "This text"
        RenderBR {BR} at (57,17) size 0x0
        RenderText {#text} at (2,21) size 55x19
          text run at (2,21) width 55: "This text"
      RenderText {#text} at (59,65) size 4x19
        text run at (59,65) width 4: " "
      RenderBlock {P} at (63,44) size 113x42 [border: (2px solid #0000FF)]
        RenderBlock {SPAN} at (2,2) size 109x38
          RenderText {#text} at (0,0) size 80x19
            text run at (0,0) width 80: "should all be"
          RenderBR {BR} at (80,15) size 0x0
          RenderText {#text} at (0,19) size 109x19
            text run at (0,19) width 109: "should also all be"
      RenderText {#text} at (176,65) size 4x19
        text run at (176,65) width 4: " "
      RenderTable {TABLE} at (180,38) size 43x42 [border: (2px solid #0000FF)]
        RenderTableSection {TBODY} at (2,2) size 39x38
          RenderTableRow {TR} at (0,0) size 39x19
            RenderTableCell {TD} at (0,0) size 39x19 [r=0 c=0 rs=1 cs=1]
              RenderText {#text} at (0,0) size 39x19
                text run at (0,0) width 39: "on the"
          RenderTableRow {TR} at (0,19) size 39x19
            RenderTableCell {TD} at (0,19) size 39x19 [r=1 c=0 rs=1 cs=1]
              RenderText {#text} at (0,0) size 39x19
                text run at (0,0) width 39: "on the"
      RenderText {#text} at (223,65) size 4x19
        text run at (223,65) width 4: " "
      RenderTable {TABLE} at (227,38) size 71x42 [border: (2px solid #0000FF)]
        RenderTableSection {TBODY} at (2,2) size 67x38
          RenderTableRow {TR} at (0,0) size 67x19
            RenderTableCell {TD} at (0,0) size 67x19 [r=0 c=0 rs=1 cs=1]
              RenderText {#text} at (0,0) size 67x19
                text run at (0,0) width 67: "same line. "
          RenderTableRow {TR} at (0,19) size 67x19
            RenderTableCell {TD} at (0,19) size 67x19 [r=1 c=0 rs=1 cs=1]
              RenderText {#text} at (0,0) size 63x19
                text run at (0,0) width 63: "same line."
      RenderText {#text} at (0,0) size 0x0
