layer at (0,0) size 784x6667
  RenderView at (0,0) size 784x600
layer at (0,0) size 784x6667
  RenderBlock {HTML} at (0,0) size 784x6667
    RenderBody {BODY} at (8,21) size 768x6630
      RenderBlock {H1} at (0,0) size 768x37
        RenderText {#text} at (0,0) size 250x36
          text run at (0,0) width 250: "table-layout: fixed"
      RenderBlock {P} at (0,58) size 768x18
        RenderText {#text} at (0,0) size 575x17
          text run at (0,0) width 575: "The following tables should be laid out in the traditional manner because their widths are "
        RenderInline {CODE} at (0,0) size 32x15
          RenderText {#text} at (574,3) size 32x15
            text run at (574,3) width 32: "auto"
        RenderText {#text} at (605,0) size 6x17
          text run at (605,0) width 6: ":"
      RenderTable {TABLE} at (0,92) size 113x50
        RenderTableSection {TBODY} at (0,0) size 113x50
          RenderTableRow {TR} at (0,2) size 113x22
            RenderTableCell {TD} at (2,2) size 35x22 [border: (1px solid #000000)] [r=0 c=0 rs=1 cs=1]
              RenderText {#text} at (2,2) size 31x17
                text run at (2,2) width 31: "Data"
            RenderTableCell {TD} at (39,2) size 35x22 [border: (1px solid #000000)] [r=0 c=1 rs=1 cs=1]
              RenderText {#text} at (2,2) size 31x17
                text run at (2,2) width 31: "Data"
            RenderTableCell {TD} at (76,2) size 35x22 [border: (1px solid #000000)] [r=0 c=2 rs=1 cs=1]
              RenderText {#text} at (2,2) size 31x17
                text run at (2,2) width 31: "Data"
          RenderTableRow {TR} at (0,26) size 113x22
            RenderTableCell {TD} at (2,26) size 35x22 [border: (1px solid #000000)] [r=1 c=0 rs=1 cs=1]
              RenderText {#text} at (2,2) size 31x17
                text run at (2,2) width 31: "Data"
            RenderTableCell {TD} at (39,26) size 35x22 [border: (1px solid #000000)] [r=1 c=1 rs=1 cs=1]
              RenderText {#text} at (2,2) size 31x17
                text run at (2,2) width 31: "Data"
            RenderTableCell {TD} at (76,26) size 35x22 [border: (1px solid #000000)] [r=1 c=2 rs=1 cs=1]
              RenderText {#text} at (2,2) size 31x17
                text run at (2,2) width 31: "Data"
      RenderTable {TABLE} at (0,142) size 768x356
        RenderTableSection {TBODY} at (0,0) size 768x356
          RenderTableRow {TR} at (0,2) size 768x22
            RenderTableCell {TD} at (2,2) size 35x22 [border: (1px solid #000000)] [r=0 c=0 rs=1 cs=1]
              RenderText {#text} at (2,2) size 31x17
                text run at (2,2) width 31: "Data"
            RenderTableCell {TD} at (39,2) size 35x22 [border: (1px solid #000000)] [r=0 c=1 rs=1 cs=1]
              RenderText {#text} at (2,2) size 31x17
                text run at (2,2) width 31: "Data"
            RenderTableCell {TD} at (76,2) size 690x22 [border: (1px solid #000000)] [r=0 c=2 rs=1 cs=1]
              RenderText {#text} at (2,2) size 31x17
                text run at (2,2) width 31: "Data"
          RenderTableRow {TR} at (0,26) size 768x328
            RenderTableCell {TD} at (2,179) size 35x22 [border: (1px solid #000000)] [r=1 c=0 rs=1 cs=1]
              RenderText {#text} at (2,2) size 31x17
                text run at (2,2) width 31: "Data"
            RenderTableCell {TD} at (39,179) size 35x22 [border: (1px solid #000000)] [r=1 c=1 rs=1 cs=1]
              RenderText {#text} at (2,2) size 31x17
                text run at (2,2) width 31: "Data"
            RenderTableCell {TD} at (76,26) size 690x328 [border: (1px solid #000000)] [r=1 c=2 rs=1 cs=1]
              RenderText {#text} at (2,2) size 681x323
                text run at (2,2) width 193: "Lots and lots and lots of data. "
                text run at (194,2) width 194: "Lots and lots and lots of data. "
                text run at (387,2) width 194: "Lots and lots and lots of data. "
                text run at (580,2) width 84: "Lots and lots"
                text run at (2,20) width 107: "and lots of data. "
                text run at (108,20) width 194: "Lots and lots and lots of data. "
                text run at (301,20) width 193: "Lots and lots and lots of data. "
                text run at (493,20) width 190: "Lots and lots and lots of data."
                text run at (2,38) width 193: "Lots and lots and lots of data. "
                text run at (194,38) width 194: "Lots and lots and lots of data. "
                text run at (387,38) width 194: "Lots and lots and lots of data. "
                text run at (580,38) width 84: "Lots and lots"
                text run at (2,56) width 107: "and lots of data. "
                text run at (108,56) width 194: "Lots and lots and lots of data. "
                text run at (301,56) width 193: "Lots and lots and lots of data. "
                text run at (493,56) width 190: "Lots and lots and lots of data."
                text run at (2,74) width 193: "Lots and lots and lots of data. "
                text run at (194,74) width 194: "Lots and lots and lots of data. "
                text run at (387,74) width 194: "Lots and lots and lots of data. "
                text run at (580,74) width 84: "Lots and lots"
                text run at (2,92) width 107: "and lots of data. "
                text run at (108,92) width 194: "Lots and lots and lots of data. "
                text run at (301,92) width 193: "Lots and lots and lots of data. "
                text run at (493,92) width 190: "Lots and lots and lots of data."
                text run at (2,110) width 193: "Lots and lots and lots of data. "
                text run at (194,110) width 194: "Lots and lots and lots of data. "
                text run at (387,110) width 194: "Lots and lots and lots of data. "
                text run at (580,110) width 84: "Lots and lots"
                text run at (2,128) width 107: "and lots of data. "
                text run at (108,128) width 194: "Lots and lots and lots of data. "
                text run at (301,128) width 193: "Lots and lots and lots of data. "
                text run at (493,128) width 190: "Lots and lots and lots of data."
                text run at (2,146) width 193: "Lots and lots and lots of data. "
                text run at (194,146) width 194: "Lots and lots and lots of data. "
                text run at (387,146) width 194: "Lots and lots and lots of data. "
                text run at (580,146) width 84: "Lots and lots"
                text run at (2,164) width 107: "and lots of data. "
                text run at (108,164) width 194: "Lots and lots and lots of data. "
                text run at (301,164) width 193: "Lots and lots and lots of data. "
                text run at (493,164) width 190: "Lots and lots and lots of data."
                text run at (2,182) width 193: "Lots and lots and lots of data. "
                text run at (194,182) width 194: "Lots and lots and lots of data. "
                text run at (387,182) width 194: "Lots and lots and lots of data. "
                text run at (580,182) width 84: "Lots and lots"
                text run at (2,200) width 107: "and lots of data. "
                text run at (108,200) width 194: "Lots and lots and lots of data. "
                text run at (301,200) width 193: "Lots and lots and lots of data. "
                text run at (493,200) width 190: "Lots and lots and lots of data."
                text run at (2,218) width 193: "Lots and lots and lots of data. "
                text run at (194,218) width 194: "Lots and lots and lots of data. "
                text run at (387,218) width 194: "Lots and lots and lots of data. "
                text run at (580,218) width 84: "Lots and lots"
                text run at (2,236) width 107: "and lots of data. "
                text run at (108,236) width 194: "Lots and lots and lots of data. "
                text run at (301,236) width 193: "Lots and lots and lots of data. "
                text run at (493,236) width 190: "Lots and lots and lots of data."
                text run at (2,254) width 193: "Lots and lots and lots of data. "
                text run at (194,254) width 194: "Lots and lots and lots of data. "
                text run at (387,254) width 194: "Lots and lots and lots of data. "
                text run at (580,254) width 84: "Lots and lots"
                text run at (2,272) width 107: "and lots of data. "
                text run at (108,272) width 194: "Lots and lots and lots of data. "
                text run at (301,272) width 193: "Lots and lots and lots of data. "
                text run at (493,272) width 190: "Lots and lots and lots of data."
                text run at (2,290) width 193: "Lots and lots and lots of data. "
                text run at (194,290) width 194: "Lots and lots and lots of data. "
                text run at (387,290) width 194: "Lots and lots and lots of data. "
                text run at (580,290) width 84: "Lots and lots"
                text run at (2,308) width 103: "and lots of data."
      RenderTable {TABLE} at (0,498) size 768x356
        RenderTableSection {TBODY} at (0,0) size 768x356
          RenderTableRow {TR} at (0,2) size 768x328
            RenderTableCell {TD} at (2,155) size 35x22 [border: (1px solid #000000)] [r=0 c=0 rs=1 cs=1]
              RenderText {#text} at (2,2) size 31x17
                text run at (2,2) width 31: "Data"
            RenderTableCell {TD} at (39,155) size 35x22 [border: (1px solid #000000)] [r=0 c=1 rs=1 cs=1]
              RenderText {#text} at (2,2) size 31x17
                text run at (2,2) width 31: "Data"
            RenderTableCell {TD} at (76,2) size 690x328 [border: (1px solid #000000)] [r=0 c=2 rs=1 cs=1]
              RenderText {#text} at (2,2) size 681x323
                text run at (2,2) width 193: "Lots and lots and lots of data. "
                text run at (194,2) width 194: "Lots and lots and lots of data. "
                text run at (387,2) width 194: "Lots and lots and lots of data. "
                text run at (580,2) width 84: "Lots and lots"
                text run at (2,20) width 107: "and lots of data. "
                text run at (108,20) width 194: "Lots and lots and lots of data. "
                text run at (301,20) width 193: "Lots and lots and lots of data. "
                text run at (493,20) width 190: "Lots and lots and lots of data."
                text run at (2,38) width 193: "Lots and lots and lots of data. "
                text run at (194,38) width 194: "Lots and lots and lots of data. "
                text run at (387,38) width 194: "Lots and lots and lots of data. "
                text run at (580,38) width 84: "Lots and lots"
                text run at (2,56) width 107: "and lots of data. "
                text run at (108,56) width 194: "Lots and lots and lots of data. "
                text run at (301,56) width 193: "Lots and lots and lots of data. "
                text run at (493,56) width 190: "Lots and lots and lots of data."
                text run at (2,74) width 193: "Lots and lots and lots of data. "
                text run at (194,74) width 194: "Lots and lots and lots of data. "
                text run at (387,74) width 194: "Lots and lots and lots of data. "
                text run at (580,74) width 84: "Lots and lots"
                text run at (2,92) width 107: "and lots of data. "
                text run at (108,92) width 194: "Lots and lots and lots of data. "
                text run at (301,92) width 193: "Lots and lots and lots of data. "
                text run at (493,92) width 190: "Lots and lots and lots of data."
                text run at (2,110) width 193: "Lots and lots and lots of data. "
                text run at (194,110) width 194: "Lots and lots and lots of data. "
                text run at (387,110) width 194: "Lots and lots and lots of data. "
                text run at (580,110) width 84: "Lots and lots"
                text run at (2,128) width 107: "and lots of data. "
                text run at (108,128) width 194: "Lots and lots and lots of data. "
                text run at (301,128) width 193: "Lots and lots and lots of data. "
                text run at (493,128) width 190: "Lots and lots and lots of data."
                text run at (2,146) width 193: "Lots and lots and lots of data. "
                text run at (194,146) width 194: "Lots and lots and lots of data. "
                text run at (387,146) width 194: "Lots and lots and lots of data. "
                text run at (580,146) width 84: "Lots and lots"
                text run at (2,164) width 107: "and lots of data. "
                text run at (108,164) width 194: "Lots and lots and lots of data. "
                text run at (301,164) width 193: "Lots and lots and lots of data. "
                text run at (493,164) width 190: "Lots and lots and lots of data."
                text run at (2,182) width 193: "Lots and lots and lots of data. "
                text run at (194,182) width 194: "Lots and lots and lots of data. "
                text run at (387,182) width 194: "Lots and lots and lots of data. "
                text run at (580,182) width 84: "Lots and lots"
                text run at (2,200) width 107: "and lots of data. "
                text run at (108,200) width 194: "Lots and lots and lots of data. "
                text run at (301,200) width 193: "Lots and lots and lots of data. "
                text run at (493,200) width 190: "Lots and lots and lots of data."
                text run at (2,218) width 193: "Lots and lots and lots of data. "
                text run at (194,218) width 194: "Lots and lots and lots of data. "
                text run at (387,218) width 194: "Lots and lots and lots of data. "
                text run at (580,218) width 84: "Lots and lots"
                text run at (2,236) width 107: "and lots of data. "
                text run at (108,236) width 194: "Lots and lots and lots of data. "
                text run at (301,236) width 193: "Lots and lots and lots of data. "
                text run at (493,236) width 190: "Lots and lots and lots of data."
                text run at (2,254) width 193: "Lots and lots and lots of data. "
                text run at (194,254) width 194: "Lots and lots and lots of data. "
                text run at (387,254) width 194: "Lots and lots and lots of data. "
                text run at (580,254) width 84: "Lots and lots"
                text run at (2,272) width 107: "and lots of data. "
                text run at (108,272) width 194: "Lots and lots and lots of data. "
                text run at (301,272) width 193: "Lots and lots and lots of data. "
                text run at (493,272) width 190: "Lots and lots and lots of data."
                text run at (2,290) width 193: "Lots and lots and lots of data. "
                text run at (194,290) width 194: "Lots and lots and lots of data. "
                text run at (387,290) width 194: "Lots and lots and lots of data. "
                text run at (580,290) width 84: "Lots and lots"
                text run at (2,308) width 103: "and lots of data."
          RenderTableRow {TR} at (0,332) size 768x22
            RenderTableCell {TD} at (2,332) size 35x22 [border: (1px solid #000000)] [r=1 c=0 rs=1 cs=1]
              RenderText {#text} at (2,2) size 31x17
                text run at (2,2) width 31: "Data"
            RenderTableCell {TD} at (39,332) size 35x22 [border: (1px solid #000000)] [r=1 c=1 rs=1 cs=1]
              RenderText {#text} at (2,2) size 31x17
                text run at (2,2) width 31: "Data"
            RenderTableCell {TD} at (76,332) size 690x22 [border: (1px solid #000000)] [r=1 c=2 rs=1 cs=1]
              RenderText {#text} at (2,2) size 31x17
                text run at (2,2) width 31: "Data"
      RenderBlock {P} at (0,870) size 768x18
        RenderText {#text} at (0,0) size 766x17
          text run at (0,0) width 766: "All the columns in the following three tables should divide equally the available space (100% of the width of the page):"
      RenderTable {TABLE} at (0,904) size 768x50
        RenderTableSection {TBODY} at (0,0) size 768x50
          RenderTableRow {TR} at (0,2) size 768x22
            RenderTableCell {TD} at (2,2) size 253x22 [border: (1px solid #000000)] [r=0 c=0 rs=1 cs=1]
              RenderText {#text} at (2,2) size 31x17
                text run at (2,2) width 31: "Data"
            RenderTableCell {TD} at (257,2) size 253x22 [border: (1px solid #000000)] [r=0 c=1 rs=1 cs=1]
              RenderText {#text} at (2,2) size 31x17
                text run at (2,2) width 31: "Data"
            RenderTableCell {TD} at (512,2) size 254x22 [border: (1px solid #000000)] [r=0 c=2 rs=1 cs=1]
              RenderText {#text} at (2,2) size 31x17
                text run at (2,2) width 31: "Data"
          RenderTableRow {TR} at (0,26) size 768x22
            RenderTableCell {TD} at (2,26) size 253x22 [border: (1px solid #000000)] [r=1 c=0 rs=1 cs=1]
              RenderText {#text} at (2,2) size 31x17
                text run at (2,2) width 31: "Data"
            RenderTableCell {TD} at (257,26) size 253x22 [border: (1px solid #000000)] [r=1 c=1 rs=1 cs=1]
              RenderText {#text} at (2,2) size 31x17
                text run at (2,2) width 31: "Data"
            RenderTableCell {TD} at (512,26) size 254x22 [border: (1px solid #000000)] [r=1 c=2 rs=1 cs=1]
              RenderText {#text} at (2,2) size 31x17
                text run at (2,2) width 31: "Data"
      RenderTable {TABLE} at (0,954) size 768x896
        RenderTableSection {TBODY} at (0,0) size 768x896
          RenderTableRow {TR} at (0,2) size 768x22
            RenderTableCell {TD} at (2,2) size 253x22 [border: (1px solid #000000)] [r=0 c=0 rs=1 cs=1]
              RenderText {#text} at (2,2) size 31x17
                text run at (2,2) width 31: "Data"
            RenderTableCell {TD} at (257,2) size 253x22 [border: (1px solid #000000)] [r=0 c=1 rs=1 cs=1]
              RenderText {#text} at (2,2) size 31x17
                text run at (2,2) width 31: "Data"
            RenderTableCell {TD} at (512,2) size 254x22 [border: (1px solid #000000)] [r=0 c=2 rs=1 cs=1]
              RenderText {#text} at (2,2) size 31x17
                text run at (2,2) width 31: "Data"
          RenderTableRow {TR} at (0,26) size 768x868
            RenderTableCell {TD} at (2,449) size 253x22 [border: (1px solid #000000)] [r=1 c=0 rs=1 cs=1]
              RenderText {#text} at (2,2) size 31x17
                text run at (2,2) width 31: "Data"
            RenderTableCell {TD} at (257,449) size 253x22 [border: (1px solid #000000)] [r=1 c=1 rs=1 cs=1]
              RenderText {#text} at (2,2) size 31x17
                text run at (2,2) width 31: "Data"
            RenderTableCell {TD} at (512,26) size 254x868 [border: (1px solid #000000)] [r=1 c=2 rs=1 cs=1]
              RenderText {#text} at (2,2) size 249x863
                text run at (2,2) width 193: "Lots and lots and lots of data. "
                text run at (194,2) width 57: "Lots and"
                text run at (2,20) width 134: "lots and lots of data. "
                text run at (135,20) width 111: "Lots and lots and"
                text run at (2,38) width 80: "lots of data. "
                text run at (81,38) width 155: "Lots and lots and lots of"
                text run at (2,56) width 35: "data. "
                text run at (36,56) width 190: "Lots and lots and lots of data."
                text run at (2,74) width 193: "Lots and lots and lots of data. "
                text run at (194,74) width 57: "Lots and"
                text run at (2,92) width 134: "lots and lots of data. "
                text run at (135,92) width 111: "Lots and lots and"
                text run at (2,110) width 80: "lots of data. "
                text run at (81,110) width 155: "Lots and lots and lots of"
                text run at (2,128) width 35: "data. "
                text run at (36,128) width 190: "Lots and lots and lots of data."
                text run at (2,146) width 193: "Lots and lots and lots of data. "
                text run at (194,146) width 57: "Lots and"
                text run at (2,164) width 134: "lots and lots of data. "
                text run at (135,164) width 111: "Lots and lots and"
                text run at (2,182) width 80: "lots of data. "
                text run at (81,182) width 155: "Lots and lots and lots of"
                text run at (2,200) width 35: "data. "
                text run at (36,200) width 190: "Lots and lots and lots of data."
                text run at (2,218) width 193: "Lots and lots and lots of data. "
                text run at (194,218) width 57: "Lots and"
                text run at (2,236) width 134: "lots and lots of data. "
                text run at (135,236) width 111: "Lots and lots and"
                text run at (2,254) width 80: "lots of data. "
                text run at (81,254) width 155: "Lots and lots and lots of"
                text run at (2,272) width 35: "data. "
                text run at (36,272) width 190: "Lots and lots and lots of data."
                text run at (2,290) width 193: "Lots and lots and lots of data. "
                text run at (194,290) width 57: "Lots and"
                text run at (2,308) width 134: "lots and lots of data. "
                text run at (135,308) width 111: "Lots and lots and"
                text run at (2,326) width 80: "lots of data. "
                text run at (81,326) width 155: "Lots and lots and lots of"
                text run at (2,344) width 35: "data. "
                text run at (36,344) width 190: "Lots and lots and lots of data."
                text run at (2,362) width 193: "Lots and lots and lots of data. "
                text run at (194,362) width 57: "Lots and"
                text run at (2,380) width 134: "lots and lots of data. "
                text run at (135,380) width 111: "Lots and lots and"
                text run at (2,398) width 80: "lots of data. "
                text run at (81,398) width 155: "Lots and lots and lots of"
                text run at (2,416) width 35: "data. "
                text run at (36,416) width 190: "Lots and lots and lots of data."
                text run at (2,434) width 193: "Lots and lots and lots of data. "
                text run at (194,434) width 57: "Lots and"
                text run at (2,452) width 134: "lots and lots of data. "
                text run at (135,452) width 111: "Lots and lots and"
                text run at (2,470) width 80: "lots of data. "
                text run at (81,470) width 155: "Lots and lots and lots of"
                text run at (2,488) width 35: "data. "
                text run at (36,488) width 190: "Lots and lots and lots of data."
                text run at (2,506) width 193: "Lots and lots and lots of data. "
                text run at (194,506) width 57: "Lots and"
                text run at (2,524) width 134: "lots and lots of data. "
                text run at (135,524) width 111: "Lots and lots and"
                text run at (2,542) width 80: "lots of data. "
                text run at (81,542) width 155: "Lots and lots and lots of"
                text run at (2,560) width 35: "data. "
                text run at (36,560) width 190: "Lots and lots and lots of data."
                text run at (2,578) width 193: "Lots and lots and lots of data. "
                text run at (194,578) width 57: "Lots and"
                text run at (2,596) width 134: "lots and lots of data. "
                text run at (135,596) width 111: "Lots and lots and"
                text run at (2,614) width 80: "lots of data. "
                text run at (81,614) width 155: "Lots and lots and lots of"
                text run at (2,632) width 35: "data. "
                text run at (36,632) width 190: "Lots and lots and lots of data."
                text run at (2,650) width 193: "Lots and lots and lots of data. "
                text run at (194,650) width 57: "Lots and"
                text run at (2,668) width 134: "lots and lots of data. "
                text run at (135,668) width 111: "Lots and lots and"
                text run at (2,686) width 80: "lots of data. "
                text run at (81,686) width 155: "Lots and lots and lots of"
                text run at (2,704) width 35: "data. "
                text run at (36,704) width 190: "Lots and lots and lots of data."
                text run at (2,722) width 193: "Lots and lots and lots of data. "
                text run at (194,722) width 57: "Lots and"
                text run at (2,740) width 134: "lots and lots of data. "
                text run at (135,740) width 111: "Lots and lots and"
                text run at (2,758) width 80: "lots of data. "
                text run at (81,758) width 155: "Lots and lots and lots of"
                text run at (2,776) width 35: "data. "
                text run at (36,776) width 190: "Lots and lots and lots of data."
                text run at (2,794) width 193: "Lots and lots and lots of data. "
                text run at (194,794) width 57: "Lots and"
                text run at (2,812) width 134: "lots and lots of data. "
                text run at (135,812) width 111: "Lots and lots and"
                text run at (2,830) width 80: "lots of data. "
                text run at (81,830) width 155: "Lots and lots and lots of"
                text run at (2,848) width 35: "data. "
                text run at (36,848) width 190: "Lots and lots and lots of data."
      RenderTable {TABLE} at (0,1850) size 768x896
        RenderTableSection {TBODY} at (0,0) size 768x896
          RenderTableRow {TR} at (0,2) size 768x868
            RenderTableCell {TD} at (2,425) size 253x22 [border: (1px solid #000000)] [r=0 c=0 rs=1 cs=1]
              RenderText {#text} at (2,2) size 31x17
                text run at (2,2) width 31: "Data"
            RenderTableCell {TD} at (257,425) size 253x22 [border: (1px solid #000000)] [r=0 c=1 rs=1 cs=1]
              RenderText {#text} at (2,2) size 31x17
                text run at (2,2) width 31: "Data"
            RenderTableCell {TD} at (512,2) size 254x868 [border: (1px solid #000000)] [r=0 c=2 rs=1 cs=1]
              RenderText {#text} at (2,2) size 249x863
                text run at (2,2) width 193: "Lots and lots and lots of data. "
                text run at (194,2) width 57: "Lots and"
                text run at (2,20) width 134: "lots and lots of data. "
                text run at (135,20) width 111: "Lots and lots and"
                text run at (2,38) width 80: "lots of data. "
                text run at (81,38) width 155: "Lots and lots and lots of"
                text run at (2,56) width 35: "data. "
                text run at (36,56) width 190: "Lots and lots and lots of data."
                text run at (2,74) width 193: "Lots and lots and lots of data. "
                text run at (194,74) width 57: "Lots and"
                text run at (2,92) width 134: "lots and lots of data. "
                text run at (135,92) width 111: "Lots and lots and"
                text run at (2,110) width 80: "lots of data. "
                text run at (81,110) width 155: "Lots and lots and lots of"
                text run at (2,128) width 35: "data. "
                text run at (36,128) width 190: "Lots and lots and lots of data."
                text run at (2,146) width 193: "Lots and lots and lots of data. "
                text run at (194,146) width 57: "Lots and"
                text run at (2,164) width 134: "lots and lots of data. "
                text run at (135,164) width 111: "Lots and lots and"
                text run at (2,182) width 80: "lots of data. "
                text run at (81,182) width 155: "Lots and lots and lots of"
                text run at (2,200) width 35: "data. "
                text run at (36,200) width 190: "Lots and lots and lots of data."
                text run at (2,218) width 193: "Lots and lots and lots of data. "
                text run at (194,218) width 57: "Lots and"
                text run at (2,236) width 134: "lots and lots of data. "
                text run at (135,236) width 111: "Lots and lots and"
                text run at (2,254) width 80: "lots of data. "
                text run at (81,254) width 155: "Lots and lots and lots of"
                text run at (2,272) width 35: "data. "
                text run at (36,272) width 190: "Lots and lots and lots of data."
                text run at (2,290) width 193: "Lots and lots and lots of data. "
                text run at (194,290) width 57: "Lots and"
                text run at (2,308) width 134: "lots and lots of data. "
                text run at (135,308) width 111: "Lots and lots and"
                text run at (2,326) width 80: "lots of data. "
                text run at (81,326) width 155: "Lots and lots and lots of"
                text run at (2,344) width 35: "data. "
                text run at (36,344) width 190: "Lots and lots and lots of data."
                text run at (2,362) width 193: "Lots and lots and lots of data. "
                text run at (194,362) width 57: "Lots and"
                text run at (2,380) width 134: "lots and lots of data. "
                text run at (135,380) width 111: "Lots and lots and"
                text run at (2,398) width 80: "lots of data. "
                text run at (81,398) width 155: "Lots and lots and lots of"
                text run at (2,416) width 35: "data. "
                text run at (36,416) width 190: "Lots and lots and lots of data."
                text run at (2,434) width 193: "Lots and lots and lots of data. "
                text run at (194,434) width 57: "Lots and"
                text run at (2,452) width 134: "lots and lots of data. "
                text run at (135,452) width 111: "Lots and lots and"
                text run at (2,470) width 80: "lots of data. "
                text run at (81,470) width 155: "Lots and lots and lots of"
                text run at (2,488) width 35: "data. "
                text run at (36,488) width 190: "Lots and lots and lots of data."
                text run at (2,506) width 193: "Lots and lots and lots of data. "
                text run at (194,506) width 57: "Lots and"
                text run at (2,524) width 134: "lots and lots of data. "
                text run at (135,524) width 111: "Lots and lots and"
                text run at (2,542) width 80: "lots of data. "
                text run at (81,542) width 155: "Lots and lots and lots of"
                text run at (2,560) width 35: "data. "
                text run at (36,560) width 190: "Lots and lots and lots of data."
                text run at (2,578) width 193: "Lots and lots and lots of data. "
                text run at (194,578) width 57: "Lots and"
                text run at (2,596) width 134: "lots and lots of data. "
                text run at (135,596) width 111: "Lots and lots and"
                text run at (2,614) width 80: "lots of data. "
                text run at (81,614) width 155: "Lots and lots and lots of"
                text run at (2,632) width 35: "data. "
                text run at (36,632) width 190: "Lots and lots and lots of data."
                text run at (2,650) width 193: "Lots and lots and lots of data. "
                text run at (194,650) width 57: "Lots and"
                text run at (2,668) width 134: "lots and lots of data. "
                text run at (135,668) width 111: "Lots and lots and"
                text run at (2,686) width 80: "lots of data. "
                text run at (81,686) width 155: "Lots and lots and lots of"
                text run at (2,704) width 35: "data. "
                text run at (36,704) width 190: "Lots and lots and lots of data."
                text run at (2,722) width 193: "Lots and lots and lots of data. "
                text run at (194,722) width 57: "Lots and"
                text run at (2,740) width 134: "lots and lots of data. "
                text run at (135,740) width 111: "Lots and lots and"
                text run at (2,758) width 80: "lots of data. "
                text run at (81,758) width 155: "Lots and lots and lots of"
                text run at (2,776) width 35: "data. "
                text run at (36,776) width 190: "Lots and lots and lots of data."
                text run at (2,794) width 193: "Lots and lots and lots of data. "
                text run at (194,794) width 57: "Lots and"
                text run at (2,812) width 134: "lots and lots of data. "
                text run at (135,812) width 111: "Lots and lots and"
                text run at (2,830) width 80: "lots of data. "
                text run at (81,830) width 155: "Lots and lots and lots of"
                text run at (2,848) width 35: "data. "
                text run at (36,848) width 190: "Lots and lots and lots of data."
          RenderTableRow {TR} at (0,872) size 768x22
            RenderTableCell {TD} at (2,872) size 253x22 [border: (1px solid #000000)] [r=1 c=0 rs=1 cs=1]
              RenderText {#text} at (2,2) size 31x17
                text run at (2,2) width 31: "Data"
            RenderTableCell {TD} at (257,872) size 253x22 [border: (1px solid #000000)] [r=1 c=1 rs=1 cs=1]
              RenderText {#text} at (2,2) size 31x17
                text run at (2,2) width 31: "Data"
            RenderTableCell {TD} at (512,872) size 254x22 [border: (1px solid #000000)] [r=1 c=2 rs=1 cs=1]
              RenderText {#text} at (2,2) size 31x17
                text run at (2,2) width 31: "Data"
      RenderBlock {P} at (0,2762) size 768x18
        RenderText {#text} at (0,0) size 758x17
          text run at (0,0) width 758: "All the columns in the following three tables should divide equally the available space (50% of the width of the page):"
      RenderTable {TABLE} at (0,2796) size 384x50
        RenderTableSection {TBODY} at (0,0) size 384x50
          RenderTableRow {TR} at (0,2) size 384x22
            RenderTableCell {TD} at (2,2) size 125x22 [border: (1px solid #000000)] [r=0 c=0 rs=1 cs=1]
              RenderText {#text} at (2,2) size 31x17
                text run at (2,2) width 31: "Data"
            RenderTableCell {TD} at (129,2) size 125x22 [border: (1px solid #000000)] [r=0 c=1 rs=1 cs=1]
              RenderText {#text} at (2,2) size 31x17
                text run at (2,2) width 31: "Data"
            RenderTableCell {TD} at (256,2) size 126x22 [border: (1px solid #000000)] [r=0 c=2 rs=1 cs=1]
              RenderText {#text} at (2,2) size 31x17
                text run at (2,2) width 31: "Data"
          RenderTableRow {TR} at (0,26) size 384x22
            RenderTableCell {TD} at (2,26) size 125x22 [border: (1px solid #000000)] [r=1 c=0 rs=1 cs=1]
              RenderText {#text} at (2,2) size 31x17
                text run at (2,2) width 31: "Data"
            RenderTableCell {TD} at (129,26) size 125x22 [border: (1px solid #000000)] [r=1 c=1 rs=1 cs=1]
              RenderText {#text} at (2,2) size 31x17
                text run at (2,2) width 31: "Data"
            RenderTableCell {TD} at (256,26) size 126x22 [border: (1px solid #000000)] [r=1 c=2 rs=1 cs=1]
              RenderText {#text} at (2,2) size 31x17
                text run at (2,2) width 31: "Data"
      RenderTable {TABLE} at (0,2846) size 384x1832
        RenderTableSection {TBODY} at (0,0) size 384x1832
          RenderTableRow {TR} at (0,2) size 384x22
            RenderTableCell {TD} at (2,2) size 125x22 [border: (1px solid #000000)] [r=0 c=0 rs=1 cs=1]
              RenderText {#text} at (2,2) size 31x17
                text run at (2,2) width 31: "Data"
            RenderTableCell {TD} at (129,2) size 125x22 [border: (1px solid #000000)] [r=0 c=1 rs=1 cs=1]
              RenderText {#text} at (2,2) size 31x17
                text run at (2,2) width 31: "Data"
            RenderTableCell {TD} at (256,2) size 126x22 [border: (1px solid #000000)] [r=0 c=2 rs=1 cs=1]
              RenderText {#text} at (2,2) size 31x17
                text run at (2,2) width 31: "Data"
          RenderTableRow {TR} at (0,26) size 384x1804
            RenderTableCell {TD} at (2,917) size 125x22 [border: (1px solid #000000)] [r=1 c=0 rs=1 cs=1]
              RenderText {#text} at (2,2) size 31x17
                text run at (2,2) width 31: "Data"
            RenderTableCell {TD} at (129,917) size 125x22 [border: (1px solid #000000)] [r=1 c=1 rs=1 cs=1]
              RenderText {#text} at (2,2) size 31x17
                text run at (2,2) width 31: "Data"
            RenderTableCell {TD} at (256,26) size 126x1804 [border: (1px solid #000000)] [r=1 c=2 rs=1 cs=1]
              RenderText {#text} at (2,2) size 122x1799
                text run at (2,2) width 110: "Lots and lots and"
                text run at (2,20) width 80: "lots of data. "
                text run at (81,20) width 29: "Lots"
                text run at (2,38) width 122: "and lots and lots of"
                text run at (2,56) width 35: "data. "
                text run at (36,56) width 84: "Lots and lots"
                text run at (2,74) width 103: "and lots of data."
                text run at (2,92) width 110: "Lots and lots and"
                text run at (2,110) width 80: "lots of data. "
                text run at (81,110) width 29: "Lots"
                text run at (2,128) width 122: "and lots and lots of"
                text run at (2,146) width 35: "data. "
                text run at (36,146) width 84: "Lots and lots"
                text run at (2,164) width 103: "and lots of data."
                text run at (2,182) width 110: "Lots and lots and"
                text run at (2,200) width 80: "lots of data. "
                text run at (81,200) width 29: "Lots"
                text run at (2,218) width 122: "and lots and lots of"
                text run at (2,236) width 35: "data. "
                text run at (36,236) width 84: "Lots and lots"
                text run at (2,254) width 103: "and lots of data."
                text run at (2,272) width 110: "Lots and lots and"
                text run at (2,290) width 80: "lots of data. "
                text run at (81,290) width 29: "Lots"
                text run at (2,308) width 122: "and lots and lots of"
                text run at (2,326) width 35: "data. "
                text run at (36,326) width 84: "Lots and lots"
                text run at (2,344) width 103: "and lots of data."
                text run at (2,362) width 110: "Lots and lots and"
                text run at (2,380) width 80: "lots of data. "
                text run at (81,380) width 29: "Lots"
                text run at (2,398) width 122: "and lots and lots of"
                text run at (2,416) width 35: "data. "
                text run at (36,416) width 84: "Lots and lots"
                text run at (2,434) width 103: "and lots of data."
                text run at (2,452) width 110: "Lots and lots and"
                text run at (2,470) width 80: "lots of data. "
                text run at (81,470) width 29: "Lots"
                text run at (2,488) width 122: "and lots and lots of"
                text run at (2,506) width 35: "data. "
                text run at (36,506) width 84: "Lots and lots"
                text run at (2,524) width 103: "and lots of data."
                text run at (2,542) width 110: "Lots and lots and"
                text run at (2,560) width 80: "lots of data. "
                text run at (81,560) width 29: "Lots"
                text run at (2,578) width 122: "and lots and lots of"
                text run at (2,596) width 35: "data. "
                text run at (36,596) width 84: "Lots and lots"
                text run at (2,614) width 103: "and lots of data."
                text run at (2,632) width 110: "Lots and lots and"
                text run at (2,650) width 80: "lots of data. "
                text run at (81,650) width 29: "Lots"
                text run at (2,668) width 122: "and lots and lots of"
                text run at (2,686) width 35: "data. "
                text run at (36,686) width 84: "Lots and lots"
                text run at (2,704) width 103: "and lots of data."
                text run at (2,722) width 110: "Lots and lots and"
                text run at (2,740) width 80: "lots of data. "
                text run at (81,740) width 29: "Lots"
                text run at (2,758) width 122: "and lots and lots of"
                text run at (2,776) width 35: "data. "
                text run at (36,776) width 84: "Lots and lots"
                text run at (2,794) width 103: "and lots of data."
                text run at (2,812) width 110: "Lots and lots and"
                text run at (2,830) width 80: "lots of data. "
                text run at (81,830) width 29: "Lots"
                text run at (2,848) width 122: "and lots and lots of"
                text run at (2,866) width 35: "data. "
                text run at (36,866) width 84: "Lots and lots"
                text run at (2,884) width 103: "and lots of data."
                text run at (2,902) width 110: "Lots and lots and"
                text run at (2,920) width 80: "lots of data. "
                text run at (81,920) width 29: "Lots"
                text run at (2,938) width 122: "and lots and lots of"
                text run at (2,956) width 35: "data. "
                text run at (36,956) width 84: "Lots and lots"
                text run at (2,974) width 103: "and lots of data."
                text run at (2,992) width 110: "Lots and lots and"
                text run at (2,1010) width 80: "lots of data. "
                text run at (81,1010) width 29: "Lots"
                text run at (2,1028) width 122: "and lots and lots of"
                text run at (2,1046) width 35: "data. "
                text run at (36,1046) width 84: "Lots and lots"
                text run at (2,1064) width 103: "and lots of data."
                text run at (2,1082) width 110: "Lots and lots and"
                text run at (2,1100) width 80: "lots of data. "
                text run at (81,1100) width 29: "Lots"
                text run at (2,1118) width 122: "and lots and lots of"
                text run at (2,1136) width 35: "data. "
                text run at (36,1136) width 84: "Lots and lots"
                text run at (2,1154) width 103: "and lots of data."
                text run at (2,1172) width 110: "Lots and lots and"
                text run at (2,1190) width 80: "lots of data. "
                text run at (81,1190) width 29: "Lots"
                text run at (2,1208) width 122: "and lots and lots of"
                text run at (2,1226) width 35: "data. "
                text run at (36,1226) width 84: "Lots and lots"
                text run at (2,1244) width 103: "and lots of data."
                text run at (2,1262) width 110: "Lots and lots and"
                text run at (2,1280) width 80: "lots of data. "
                text run at (81,1280) width 29: "Lots"
                text run at (2,1298) width 122: "and lots and lots of"
                text run at (2,1316) width 35: "data. "
                text run at (36,1316) width 84: "Lots and lots"
                text run at (2,1334) width 103: "and lots of data."
                text run at (2,1352) width 110: "Lots and lots and"
                text run at (2,1370) width 80: "lots of data. "
                text run at (81,1370) width 29: "Lots"
                text run at (2,1388) width 122: "and lots and lots of"
                text run at (2,1406) width 35: "data. "
                text run at (36,1406) width 84: "Lots and lots"
                text run at (2,1424) width 103: "and lots of data."
                text run at (2,1442) width 110: "Lots and lots and"
                text run at (2,1460) width 80: "lots of data. "
                text run at (81,1460) width 29: "Lots"
                text run at (2,1478) width 122: "and lots and lots of"
                text run at (2,1496) width 35: "data. "
                text run at (36,1496) width 84: "Lots and lots"
                text run at (2,1514) width 103: "and lots of data."
                text run at (2,1532) width 110: "Lots and lots and"
                text run at (2,1550) width 80: "lots of data. "
                text run at (81,1550) width 29: "Lots"
                text run at (2,1568) width 122: "and lots and lots of"
                text run at (2,1586) width 35: "data. "
                text run at (36,1586) width 84: "Lots and lots"
                text run at (2,1604) width 103: "and lots of data."
                text run at (2,1622) width 110: "Lots and lots and"
                text run at (2,1640) width 80: "lots of data. "
                text run at (81,1640) width 29: "Lots"
                text run at (2,1658) width 122: "and lots and lots of"
                text run at (2,1676) width 35: "data. "
                text run at (36,1676) width 84: "Lots and lots"
                text run at (2,1694) width 103: "and lots of data."
                text run at (2,1712) width 110: "Lots and lots and"
                text run at (2,1730) width 80: "lots of data. "
                text run at (81,1730) width 29: "Lots"
                text run at (2,1748) width 122: "and lots and lots of"
                text run at (2,1766) width 35: "data. "
                text run at (36,1766) width 84: "Lots and lots"
                text run at (2,1784) width 103: "and lots of data."
      RenderTable {TABLE} at (0,4678) size 384x1832
        RenderTableSection {TBODY} at (0,0) size 384x1832
          RenderTableRow {TR} at (0,2) size 384x1804
            RenderTableCell {TD} at (2,893) size 125x22 [border: (1px solid #000000)] [r=0 c=0 rs=1 cs=1]
              RenderText {#text} at (2,2) size 31x17
                text run at (2,2) width 31: "Data"
            RenderTableCell {TD} at (129,893) size 125x22 [border: (1px solid #000000)] [r=0 c=1 rs=1 cs=1]
              RenderText {#text} at (2,2) size 31x17
                text run at (2,2) width 31: "Data"
            RenderTableCell {TD} at (256,2) size 126x1804 [border: (1px solid #000000)] [r=0 c=2 rs=1 cs=1]
              RenderText {#text} at (2,2) size 122x1799
                text run at (2,2) width 110: "Lots and lots and"
                text run at (2,20) width 80: "lots of data. "
                text run at (81,20) width 29: "Lots"
                text run at (2,38) width 122: "and lots and lots of"
                text run at (2,56) width 35: "data. "
                text run at (36,56) width 84: "Lots and lots"
                text run at (2,74) width 103: "and lots of data."
                text run at (2,92) width 110: "Lots and lots and"
                text run at (2,110) width 80: "lots of data. "
                text run at (81,110) width 29: "Lots"
                text run at (2,128) width 122: "and lots and lots of"
                text run at (2,146) width 35: "data. "
                text run at (36,146) width 84: "Lots and lots"
                text run at (2,164) width 103: "and lots of data."
                text run at (2,182) width 110: "Lots and lots and"
                text run at (2,200) width 80: "lots of data. "
                text run at (81,200) width 29: "Lots"
                text run at (2,218) width 122: "and lots and lots of"
                text run at (2,236) width 35: "data. "
                text run at (36,236) width 84: "Lots and lots"
                text run at (2,254) width 103: "and lots of data."
                text run at (2,272) width 110: "Lots and lots and"
                text run at (2,290) width 80: "lots of data. "
                text run at (81,290) width 29: "Lots"
                text run at (2,308) width 122: "and lots and lots of"
                text run at (2,326) width 35: "data. "
                text run at (36,326) width 84: "Lots and lots"
                text run at (2,344) width 103: "and lots of data."
                text run at (2,362) width 110: "Lots and lots and"
                text run at (2,380) width 80: "lots of data. "
                text run at (81,380) width 29: "Lots"
                text run at (2,398) width 122: "and lots and lots of"
                text run at (2,416) width 35: "data. "
                text run at (36,416) width 84: "Lots and lots"
                text run at (2,434) width 103: "and lots of data."
                text run at (2,452) width 110: "Lots and lots and"
                text run at (2,470) width 80: "lots of data. "
                text run at (81,470) width 29: "Lots"
                text run at (2,488) width 122: "and lots and lots of"
                text run at (2,506) width 35: "data. "
                text run at (36,506) width 84: "Lots and lots"
                text run at (2,524) width 103: "and lots of data."
                text run at (2,542) width 110: "Lots and lots and"
                text run at (2,560) width 80: "lots of data. "
                text run at (81,560) width 29: "Lots"
                text run at (2,578) width 122: "and lots and lots of"
                text run at (2,596) width 35: "data. "
                text run at (36,596) width 84: "Lots and lots"
                text run at (2,614) width 103: "and lots of data."
                text run at (2,632) width 110: "Lots and lots and"
                text run at (2,650) width 80: "lots of data. "
                text run at (81,650) width 29: "Lots"
                text run at (2,668) width 122: "and lots and lots of"
                text run at (2,686) width 35: "data. "
                text run at (36,686) width 84: "Lots and lots"
                text run at (2,704) width 103: "and lots of data."
                text run at (2,722) width 110: "Lots and lots and"
                text run at (2,740) width 80: "lots of data. "
                text run at (81,740) width 29: "Lots"
                text run at (2,758) width 122: "and lots and lots of"
                text run at (2,776) width 35: "data. "
                text run at (36,776) width 84: "Lots and lots"
                text run at (2,794) width 103: "and lots of data."
                text run at (2,812) width 110: "Lots and lots and"
                text run at (2,830) width 80: "lots of data. "
                text run at (81,830) width 29: "Lots"
                text run at (2,848) width 122: "and lots and lots of"
                text run at (2,866) width 35: "data. "
                text run at (36,866) width 84: "Lots and lots"
                text run at (2,884) width 103: "and lots of data."
                text run at (2,902) width 110: "Lots and lots and"
                text run at (2,920) width 80: "lots of data. "
                text run at (81,920) width 29: "Lots"
                text run at (2,938) width 122: "and lots and lots of"
                text run at (2,956) width 35: "data. "
                text run at (36,956) width 84: "Lots and lots"
                text run at (2,974) width 103: "and lots of data."
                text run at (2,992) width 110: "Lots and lots and"
                text run at (2,1010) width 80: "lots of data. "
                text run at (81,1010) width 29: "Lots"
                text run at (2,1028) width 122: "and lots and lots of"
                text run at (2,1046) width 35: "data. "
                text run at (36,1046) width 84: "Lots and lots"
                text run at (2,1064) width 103: "and lots of data."
                text run at (2,1082) width 110: "Lots and lots and"
                text run at (2,1100) width 80: "lots of data. "
                text run at (81,1100) width 29: "Lots"
                text run at (2,1118) width 122: "and lots and lots of"
                text run at (2,1136) width 35: "data. "
                text run at (36,1136) width 84: "Lots and lots"
                text run at (2,1154) width 103: "and lots of data."
                text run at (2,1172) width 110: "Lots and lots and"
                text run at (2,1190) width 80: "lots of data. "
                text run at (81,1190) width 29: "Lots"
                text run at (2,1208) width 122: "and lots and lots of"
                text run at (2,1226) width 35: "data. "
                text run at (36,1226) width 84: "Lots and lots"
                text run at (2,1244) width 103: "and lots of data."
                text run at (2,1262) width 110: "Lots and lots and"
                text run at (2,1280) width 80: "lots of data. "
                text run at (81,1280) width 29: "Lots"
                text run at (2,1298) width 122: "and lots and lots of"
                text run at (2,1316) width 35: "data. "
                text run at (36,1316) width 84: "Lots and lots"
                text run at (2,1334) width 103: "and lots of data."
                text run at (2,1352) width 110: "Lots and lots and"
                text run at (2,1370) width 80: "lots of data. "
                text run at (81,1370) width 29: "Lots"
                text run at (2,1388) width 122: "and lots and lots of"
                text run at (2,1406) width 35: "data. "
                text run at (36,1406) width 84: "Lots and lots"
                text run at (2,1424) width 103: "and lots of data."
                text run at (2,1442) width 110: "Lots and lots and"
                text run at (2,1460) width 80: "lots of data. "
                text run at (81,1460) width 29: "Lots"
                text run at (2,1478) width 122: "and lots and lots of"
                text run at (2,1496) width 35: "data. "
                text run at (36,1496) width 84: "Lots and lots"
                text run at (2,1514) width 103: "and lots of data."
                text run at (2,1532) width 110: "Lots and lots and"
                text run at (2,1550) width 80: "lots of data. "
                text run at (81,1550) width 29: "Lots"
                text run at (2,1568) width 122: "and lots and lots of"
                text run at (2,1586) width 35: "data. "
                text run at (36,1586) width 84: "Lots and lots"
                text run at (2,1604) width 103: "and lots of data."
                text run at (2,1622) width 110: "Lots and lots and"
                text run at (2,1640) width 80: "lots of data. "
                text run at (81,1640) width 29: "Lots"
                text run at (2,1658) width 122: "and lots and lots of"
                text run at (2,1676) width 35: "data. "
                text run at (36,1676) width 84: "Lots and lots"
                text run at (2,1694) width 103: "and lots of data."
                text run at (2,1712) width 110: "Lots and lots and"
                text run at (2,1730) width 80: "lots of data. "
                text run at (81,1730) width 29: "Lots"
                text run at (2,1748) width 122: "and lots and lots of"
                text run at (2,1766) width 35: "data. "
                text run at (36,1766) width 84: "Lots and lots"
                text run at (2,1784) width 103: "and lots of data."
          RenderTableRow {TR} at (0,1808) size 384x22
            RenderTableCell {TD} at (2,1808) size 125x22 [border: (1px solid #000000)] [r=1 c=0 rs=1 cs=1]
              RenderText {#text} at (2,2) size 31x17
                text run at (2,2) width 31: "Data"
            RenderTableCell {TD} at (129,1808) size 125x22 [border: (1px solid #000000)] [r=1 c=1 rs=1 cs=1]
              RenderText {#text} at (2,2) size 31x17
                text run at (2,2) width 31: "Data"
            RenderTableCell {TD} at (256,1808) size 126x22 [border: (1px solid #000000)] [r=1 c=2 rs=1 cs=1]
              RenderText {#text} at (2,2) size 31x17
                text run at (2,2) width 31: "Data"
      RenderBlock {P} at (0,6526) size 768x18
        RenderText {#text} at (0,0) size 199x17
          text run at (0,0) width 199: "This test is still being written..."
      RenderBlock {HR} at (0,6560) size 768x2 [border: (1px inset #000000)]
      RenderBlock {P} at (0,6578) size 768x18
        RenderText {#text} at (0,0) size 59x17
          text run at (0,0) width 59: "(Back to "
        RenderInline {A} at (0,0) size 162x17 [color=#0000EE]
          RenderText {#text} at (58,0) size 162x17
            text run at (58,0) width 162: "CSS Testing Information"
        RenderText {#text} at (219,0) size 9x17
          text run at (219,0) width 9: ", "
        RenderInline {A} at (0,0) size 83x17 [color=#0000EE]
          RenderText {#text} at (227,0) size 83x17
            text run at (227,0) width 83: "David Baron"
        RenderText {#text} at (309,0) size 7x17
          text run at (309,0) width 7: ")"
      RenderBlock {P} at (0,6612) size 768x18
        RenderInline {A} at (0,0) size 32x17 [color=#0000EE]
          RenderText {#text} at (0,0) size 32x17
            text run at (0,0) width 32: "LDB"
        RenderText {#text} at (32,0) size 8x17
          text run at (32,0) width 8: ", "
        RenderInline {A} at (0,0) size 158x17 [color=#0000EE]
          RenderText {#text} at (40,0) size 158x17
            text run at (40,0) width 158: "dbaron@fas.harvard.edu"
