layer at (0,0) size 784x1582
  RenderView at (0,0) size 784x600
layer at (0,0) size 784x1582
  RenderBlock {HTML} at (0,0) size 784x1582
    RenderBody {BODY} at (8,8) size 768x1566
      RenderTable {TABLE} at (0,0) size 768x75 [border: (1px solid #000000)]
        RenderTableSection {TBODY} at (1,1) size 766x73
          RenderTableRow {TR} at (0,2) size 766x69
            RenderTableCell {TD} at (2,2) size 444x69 [border: (1px solid #000000)] [r=0 c=0 rs=1 cs=1]
              RenderImage {IMG} at (2,2) size 88x65
              RenderImage {IMG} at (90,2) size 88x65
              RenderImage {IMG} at (178,2) size 88x65
              RenderImage {IMG} at (266,2) size 88x65
              RenderImage {IMG} at (354,2) size 88x65
            RenderTableCell {TD} at (448,25) size 316x22 [border: (1px solid #000000)] [r=0 c=1 rs=1 cs=1]
              RenderText {#text} at (2,2) size 160x17
                text run at (2,2) width 160: "Nothing between images"
      RenderTable {TABLE} at (0,75) size 768x335 [border: (1px solid #000000)]
        RenderTableSection {TBODY} at (1,1) size 766x333
          RenderTableRow {TR} at (0,2) size 766x329
            RenderTableCell {TD} at (2,2) size 92x329 [border: (1px solid #000000)] [r=0 c=0 rs=1 cs=1]
              RenderImage {IMG} at (2,2) size 88x65
              RenderText {#text} at (0,0) size 0x0
              RenderImage {IMG} at (2,67) size 88x65
              RenderText {#text} at (0,0) size 0x0
              RenderImage {IMG} at (2,132) size 88x65
              RenderText {#text} at (0,0) size 0x0
              RenderImage {IMG} at (2,197) size 88x65
              RenderText {#text} at (0,0) size 0x0
              RenderImage {IMG} at (2,262) size 88x65
            RenderTableCell {TD} at (96,155) size 668x22 [border: (1px solid #000000)] [r=0 c=1 rs=1 cs=1]
              RenderText {#text} at (2,2) size 152x17
                text run at (2,2) width 152: "Spaces between images"
      RenderTable {TABLE} at (0,410) size 768x335 [border: (1px solid #000000)]
        RenderTableSection {TBODY} at (1,1) size 766x333
          RenderTableRow {TR} at (0,2) size 766x329
            RenderTableCell {TD} at (2,2) size 92x329 [border: (1px solid #000000)] [r=0 c=0 rs=1 cs=1]
              RenderImage {IMG} at (2,2) size 88x65
              RenderText {#text} at (0,0) size 0x0
              RenderImage {IMG} at (2,67) size 88x65
              RenderText {#text} at (0,0) size 0x0
              RenderImage {IMG} at (2,132) size 88x65
              RenderText {#text} at (0,0) size 0x0
              RenderImage {IMG} at (2,197) size 88x65
              RenderText {#text} at (0,0) size 0x0
              RenderImage {IMG} at (2,262) size 88x65
            RenderTableCell {TD} at (96,155) size 668x22 [border: (1px solid #000000)] [r=0 c=1 rs=1 cs=1]
              RenderText {#text} at (2,2) size 168x17
                text run at (2,2) width 168: "Newlines between images"
      RenderTable {TABLE} at (0,745) size 768x79 [border: (1px solid #000000)]
        RenderTableSection {TBODY} at (1,1) size 766x77
          RenderTableRow {TR} at (0,2) size 766x73
            RenderTableCell {TD} at (2,2) size 596x73 [border: (1px solid #000000)] [r=0 c=0 rs=1 cs=1]
              RenderText {#text} at (2,53) size 27x17
                text run at (2,53) width 27: "One"
              RenderImage {IMG} at (29,2) size 88x65
              RenderText {#text} at (116,53) size 30x17
                text run at (116,53) width 30: "Two"
              RenderImage {IMG} at (146,2) size 88x65
              RenderText {#text} at (233,53) size 39x17
                text run at (233,53) width 39: "Three"
              RenderImage {IMG} at (271,2) size 88x65
              RenderText {#text} at (359,53) size 31x17
                text run at (359,53) width 31: "Four"
              RenderImage {IMG} at (390,2) size 88x65
              RenderText {#text} at (477,53) size 29x17
                text run at (477,53) width 29: "Five"
              RenderImage {IMG} at (506,2) size 88x65
            RenderTableCell {TD} at (600,27) size 164x22 [border: (1px solid #000000)] [r=0 c=1 rs=1 cs=1]
              RenderText {#text} at (2,2) size 136x17
                text run at (2,2) width 136: "Text between images"
      RenderTable {TABLE} at (0,824) size 768x369 [border: (1px solid #000000)]
        RenderTableSection {TBODY} at (1,1) size 766x367
          RenderTableRow {TR} at (0,2) size 766x363
            RenderTableCell {TD} at (2,2) size 130x363 [border: (1px solid #000000)] [r=0 c=0 rs=1 cs=1]
              RenderText {#text} at (2,2) size 27x17
                text run at (2,2) width 27: "One"
              RenderImage {IMG} at (2,20) size 88x65
              RenderText {#text} at (90,71) size 30x17
                text run at (90,71) width 30: "Two"
              RenderImage {IMG} at (2,89) size 88x65
              RenderText {#text} at (90,140) size 38x17
                text run at (90,140) width 38: "Three"
              RenderImage {IMG} at (2,158) size 88x65
              RenderText {#text} at (90,209) size 31x17
                text run at (90,209) width 31: "Four"
              RenderImage {IMG} at (2,227) size 88x65
              RenderText {#text} at (90,278) size 29x17
                text run at (90,278) width 29: "Five"
              RenderImage {IMG} at (2,296) size 88x65
            RenderTableCell {TD} at (134,172) size 630x22 [border: (1px solid #000000)] [r=0 c=1 rs=1 cs=1]
              RenderText {#text} at (2,2) size 215x17
                text run at (2,2) width 215: "Text with spaces between images"
      RenderTable {TABLE} at (0,1193) size 768x373 [border: (1px solid #000000)]
        RenderTableSection {TBODY} at (1,1) size 766x371
          RenderTableRow {TR} at (0,2) size 766x367
            RenderTableCell {TD} at (2,2) size 138x367 [border: (1px solid #000000)] [r=0 c=0 rs=1 cs=1]
              RenderText {#text} at (2,2) size 27x86
                text run at (2,2) width 27: "One"
                text run at (2,71) width 12: "A"
              RenderImage {IMG} at (14,20) size 88x65
              RenderText {#text} at (101,71) size 129x86
                text run at (101,71) width 30: "Two"
                text run at (2,140) width 8: "b"
              RenderImage {IMG} at (10,89) size 88x65
              RenderText {#text} at (98,140) size 134x86
                text run at (98,140) width 38: "Three"
                text run at (2,209) width 8: "c"
              RenderImage {IMG} at (9,158) size 88x65
              RenderText {#text} at (97,209) size 126x86
                text run at (97,209) width 31: "Four"
                text run at (2,278) width 8: "d"
              RenderImage {IMG} at (10,227) size 88x65
              RenderText {#text} at (98,278) size 125x86
                text run at (98,278) width 29: "Five"
                text run at (2,347) width 8: "e"
              RenderImage {IMG} at (9,296) size 88x65
            RenderTableCell {TD} at (142,174) size 622x22 [border: (1px solid #000000)] [r=0 c=1 rs=1 cs=1]
              RenderText {#text} at (2,2) size 307x17
                text run at (2,2) width 307: "Text with spaces and more text between images"
