layer at (0,0) size 784x5962
  RenderView at (0,0) size 784x600
layer at (0,0) size 784x5962
  RenderBlock {HTML} at (0,0) size 784x5962
    RenderBody {BODY} at (8,21) size 768x5925
      RenderBlock {H1} at (0,0) size 768x37
        RenderText {#text} at (0,0) size 484x36
          text run at (0,0) width 484: "Vertical alignment and table height"
      RenderBlock {P} at (0,58) size 768x54
        RenderText {#text} at (0,0) size 275x17
          text run at (0,0) width 275: "The following three tables have heights of "
        RenderInline {CODE} at (0,0) size 32x15
          RenderText {#text} at (274,3) size 32x15
            text run at (274,3) width 32: "auto"
        RenderText {#text} at (305,0) size 9x17
          text run at (305,0) width 9: ", "
        RenderInline {CODE} at (0,0) size 32x15
          RenderText {#text} at (313,3) size 32x15
            text run at (313,3) width 32: "30px"
        RenderText {#text} at (344,0) size 36x17
          text run at (344,0) width 36: ", and "
        RenderInline {CODE} at (0,0) size 40x15
          RenderText {#text} at (379,3) size 40x15
            text run at (379,3) width 40: "500px"
        RenderText {#text} at (418,0) size 765x53
          text run at (418,0) width 9: ". "
          text run at (426,0) width 339: "The first one should have the height of the sum of its"
          text run at (0,18) width 40: "rows. "
          text run at (39,18) width 670: "The second and third can be handled however the browser wants, but there just here to make sure it does"
          text run at (0,36) width 144: "something reasonable."
      RenderTable {TABLE} at (0,128) size 113x146
        RenderTableSection {TBODY} at (0,0) size 113x146
          RenderTableRow {TR} at (0,2) size 113x22
            RenderTableCell {TD} at (2,2) size 35x22 [border: (1px solid #000000)] [r=0 c=0 rs=1 cs=1]
              RenderText {#text} at (2,2) size 31x17
                text run at (2,2) width 31: "Data"
            RenderTableCell {TD} at (39,2) size 35x22 [border: (1px solid #000000)] [r=0 c=1 rs=1 cs=1]
              RenderText {#text} at (2,2) size 31x17
                text run at (2,2) width 31: "Data"
            RenderTableCell {TD} at (76,2) size 35x22 [border: (1px solid #000000)] [r=0 c=2 rs=1 cs=1]
              RenderText {#text} at (2,2) size 31x17
                text run at (2,2) width 31: "Data"
          RenderTableRow {TR} at (0,26) size 113x22
            RenderTableCell {TD} at (2,26) size 35x22 [border: (1px solid #000000)] [r=1 c=0 rs=1 cs=1]
              RenderText {#text} at (2,2) size 31x17
                text run at (2,2) width 31: "Data"
            RenderTableCell {TD} at (39,26) size 35x22 [border: (1px solid #000000)] [r=1 c=1 rs=1 cs=1]
              RenderText {#text} at (2,2) size 31x17
                text run at (2,2) width 31: "Data"
            RenderTableCell {TD} at (76,26) size 35x22 [border: (1px solid #000000)] [r=1 c=2 rs=1 cs=1]
              RenderText {#text} at (2,2) size 31x17
                text run at (2,2) width 31: "Data"
          RenderTableRow {TR} at (0,50) size 113x22
            RenderTableCell {TD} at (2,50) size 35x22 [border: (1px solid #000000)] [r=2 c=0 rs=1 cs=1]
              RenderText {#text} at (2,2) size 31x17
                text run at (2,2) width 31: "Data"
            RenderTableCell {TD} at (39,50) size 35x22 [border: (1px solid #000000)] [r=2 c=1 rs=1 cs=1]
              RenderText {#text} at (2,2) size 31x17
                text run at (2,2) width 31: "Data"
            RenderTableCell {TD} at (76,50) size 35x22 [border: (1px solid #000000)] [r=2 c=2 rs=1 cs=1]
              RenderText {#text} at (2,2) size 31x17
                text run at (2,2) width 31: "Data"
          RenderTableRow {TR} at (0,74) size 113x22
            RenderTableCell {TD} at (2,74) size 35x22 [border: (1px solid #000000)] [r=3 c=0 rs=1 cs=1]
              RenderText {#text} at (2,2) size 31x17
                text run at (2,2) width 31: "Data"
            RenderTableCell {TD} at (39,74) size 35x22 [border: (1px solid #000000)] [r=3 c=1 rs=1 cs=1]
              RenderText {#text} at (2,2) size 31x17
                text run at (2,2) width 31: "Data"
            RenderTableCell {TD} at (76,74) size 35x22 [border: (1px solid #000000)] [r=3 c=2 rs=1 cs=1]
              RenderText {#text} at (2,2) size 31x17
                text run at (2,2) width 31: "Data"
          RenderTableRow {TR} at (0,98) size 113x22
            RenderTableCell {TD} at (2,98) size 35x22 [border: (1px solid #000000)] [r=4 c=0 rs=1 cs=1]
              RenderText {#text} at (2,2) size 31x17
                text run at (2,2) width 31: "Data"
            RenderTableCell {TD} at (39,98) size 35x22 [border: (1px solid #000000)] [r=4 c=1 rs=1 cs=1]
              RenderText {#text} at (2,2) size 31x17
                text run at (2,2) width 31: "Data"
            RenderTableCell {TD} at (76,98) size 35x22 [border: (1px solid #000000)] [r=4 c=2 rs=1 cs=1]
              RenderText {#text} at (2,2) size 31x17
                text run at (2,2) width 31: "Data"
          RenderTableRow {TR} at (0,122) size 113x22
            RenderTableCell {TD} at (2,122) size 35x22 [border: (1px solid #000000)] [r=5 c=0 rs=1 cs=1]
              RenderText {#text} at (2,2) size 31x17
                text run at (2,2) width 31: "Data"
            RenderTableCell {TD} at (39,122) size 35x22 [border: (1px solid #000000)] [r=5 c=1 rs=1 cs=1]
              RenderText {#text} at (2,2) size 31x17
                text run at (2,2) width 31: "Data"
            RenderTableCell {TD} at (76,122) size 35x22 [border: (1px solid #000000)] [r=5 c=2 rs=1 cs=1]
              RenderText {#text} at (2,2) size 31x17
                text run at (2,2) width 31: "Data"
      RenderTable {TABLE} at (0,274) size 113x146
        RenderTableSection {TBODY} at (0,0) size 113x146
          RenderTableRow {TR} at (0,2) size 113x22
            RenderTableCell {TD} at (2,2) size 35x22 [border: (1px solid #000000)] [r=0 c=0 rs=1 cs=1]
              RenderText {#text} at (2,2) size 31x17
                text run at (2,2) width 31: "Data"
            RenderTableCell {TD} at (39,2) size 35x22 [border: (1px solid #000000)] [r=0 c=1 rs=1 cs=1]
              RenderText {#text} at (2,2) size 31x17
                text run at (2,2) width 31: "Data"
            RenderTableCell {TD} at (76,2) size 35x22 [border: (1px solid #000000)] [r=0 c=2 rs=1 cs=1]
              RenderText {#text} at (2,2) size 31x17
                text run at (2,2) width 31: "Data"
          RenderTableRow {TR} at (0,26) size 113x22
            RenderTableCell {TD} at (2,26) size 35x22 [border: (1px solid #000000)] [r=1 c=0 rs=1 cs=1]
              RenderText {#text} at (2,2) size 31x17
                text run at (2,2) width 31: "Data"
            RenderTableCell {TD} at (39,26) size 35x22 [border: (1px solid #000000)] [r=1 c=1 rs=1 cs=1]
              RenderText {#text} at (2,2) size 31x17
                text run at (2,2) width 31: "Data"
            RenderTableCell {TD} at (76,26) size 35x22 [border: (1px solid #000000)] [r=1 c=2 rs=1 cs=1]
              RenderText {#text} at (2,2) size 31x17
                text run at (2,2) width 31: "Data"
          RenderTableRow {TR} at (0,50) size 113x22
            RenderTableCell {TD} at (2,50) size 35x22 [border: (1px solid #000000)] [r=2 c=0 rs=1 cs=1]
              RenderText {#text} at (2,2) size 31x17
                text run at (2,2) width 31: "Data"
            RenderTableCell {TD} at (39,50) size 35x22 [border: (1px solid #000000)] [r=2 c=1 rs=1 cs=1]
              RenderText {#text} at (2,2) size 31x17
                text run at (2,2) width 31: "Data"
            RenderTableCell {TD} at (76,50) size 35x22 [border: (1px solid #000000)] [r=2 c=2 rs=1 cs=1]
              RenderText {#text} at (2,2) size 31x17
                text run at (2,2) width 31: "Data"
          RenderTableRow {TR} at (0,74) size 113x22
            RenderTableCell {TD} at (2,74) size 35x22 [border: (1px solid #000000)] [r=3 c=0 rs=1 cs=1]
              RenderText {#text} at (2,2) size 31x17
                text run at (2,2) width 31: "Data"
            RenderTableCell {TD} at (39,74) size 35x22 [border: (1px solid #000000)] [r=3 c=1 rs=1 cs=1]
              RenderText {#text} at (2,2) size 31x17
                text run at (2,2) width 31: "Data"
            RenderTableCell {TD} at (76,74) size 35x22 [border: (1px solid #000000)] [r=3 c=2 rs=1 cs=1]
              RenderText {#text} at (2,2) size 31x17
                text run at (2,2) width 31: "Data"
          RenderTableRow {TR} at (0,98) size 113x22
            RenderTableCell {TD} at (2,98) size 35x22 [border: (1px solid #000000)] [r=4 c=0 rs=1 cs=1]
              RenderText {#text} at (2,2) size 31x17
                text run at (2,2) width 31: "Data"
            RenderTableCell {TD} at (39,98) size 35x22 [border: (1px solid #000000)] [r=4 c=1 rs=1 cs=1]
              RenderText {#text} at (2,2) size 31x17
                text run at (2,2) width 31: "Data"
            RenderTableCell {TD} at (76,98) size 35x22 [border: (1px solid #000000)] [r=4 c=2 rs=1 cs=1]
              RenderText {#text} at (2,2) size 31x17
                text run at (2,2) width 31: "Data"
          RenderTableRow {TR} at (0,122) size 113x22
            RenderTableCell {TD} at (2,122) size 35x22 [border: (1px solid #000000)] [r=5 c=0 rs=1 cs=1]
              RenderText {#text} at (2,2) size 31x17
                text run at (2,2) width 31: "Data"
            RenderTableCell {TD} at (39,122) size 35x22 [border: (1px solid #000000)] [r=5 c=1 rs=1 cs=1]
              RenderText {#text} at (2,2) size 31x17
                text run at (2,2) width 31: "Data"
            RenderTableCell {TD} at (76,122) size 35x22 [border: (1px solid #000000)] [r=5 c=2 rs=1 cs=1]
              RenderText {#text} at (2,2) size 31x17
                text run at (2,2) width 31: "Data"
      RenderTable {TABLE} at (0,420) size 113x500
        RenderTableSection {TBODY} at (0,0) size 113x500
          RenderTableRow {TR} at (0,2) size 113x81
            RenderTableCell {TD} at (2,31) size 35x22 [border: (1px solid #000000)] [r=0 c=0 rs=1 cs=1]
              RenderText {#text} at (2,2) size 31x17
                text run at (2,2) width 31: "Data"
            RenderTableCell {TD} at (39,31) size 35x22 [border: (1px solid #000000)] [r=0 c=1 rs=1 cs=1]
              RenderText {#text} at (2,2) size 31x17
                text run at (2,2) width 31: "Data"
            RenderTableCell {TD} at (76,31) size 35x22 [border: (1px solid #000000)] [r=0 c=2 rs=1 cs=1]
              RenderText {#text} at (2,2) size 31x17
                text run at (2,2) width 31: "Data"
          RenderTableRow {TR} at (0,85) size 113x81
            RenderTableCell {TD} at (2,114) size 35x22 [border: (1px solid #000000)] [r=1 c=0 rs=1 cs=1]
              RenderText {#text} at (2,2) size 31x17
                text run at (2,2) width 31: "Data"
            RenderTableCell {TD} at (39,114) size 35x22 [border: (1px solid #000000)] [r=1 c=1 rs=1 cs=1]
              RenderText {#text} at (2,2) size 31x17
                text run at (2,2) width 31: "Data"
            RenderTableCell {TD} at (76,114) size 35x22 [border: (1px solid #000000)] [r=1 c=2 rs=1 cs=1]
              RenderText {#text} at (2,2) size 31x17
                text run at (2,2) width 31: "Data"
          RenderTableRow {TR} at (0,168) size 113x81
            RenderTableCell {TD} at (2,197) size 35x22 [border: (1px solid #000000)] [r=2 c=0 rs=1 cs=1]
              RenderText {#text} at (2,2) size 31x17
                text run at (2,2) width 31: "Data"
            RenderTableCell {TD} at (39,197) size 35x22 [border: (1px solid #000000)] [r=2 c=1 rs=1 cs=1]
              RenderText {#text} at (2,2) size 31x17
                text run at (2,2) width 31: "Data"
            RenderTableCell {TD} at (76,197) size 35x22 [border: (1px solid #000000)] [r=2 c=2 rs=1 cs=1]
              RenderText {#text} at (2,2) size 31x17
                text run at (2,2) width 31: "Data"
          RenderTableRow {TR} at (0,251) size 113x81
            RenderTableCell {TD} at (2,280) size 35x22 [border: (1px solid #000000)] [r=3 c=0 rs=1 cs=1]
              RenderText {#text} at (2,2) size 31x17
                text run at (2,2) width 31: "Data"
            RenderTableCell {TD} at (39,280) size 35x22 [border: (1px solid #000000)] [r=3 c=1 rs=1 cs=1]
              RenderText {#text} at (2,2) size 31x17
                text run at (2,2) width 31: "Data"
            RenderTableCell {TD} at (76,280) size 35x22 [border: (1px solid #000000)] [r=3 c=2 rs=1 cs=1]
              RenderText {#text} at (2,2) size 31x17
                text run at (2,2) width 31: "Data"
          RenderTableRow {TR} at (0,334) size 113x81
            RenderTableCell {TD} at (2,363) size 35x22 [border: (1px solid #000000)] [r=4 c=0 rs=1 cs=1]
              RenderText {#text} at (2,2) size 31x17
                text run at (2,2) width 31: "Data"
            RenderTableCell {TD} at (39,363) size 35x22 [border: (1px solid #000000)] [r=4 c=1 rs=1 cs=1]
              RenderText {#text} at (2,2) size 31x17
                text run at (2,2) width 31: "Data"
            RenderTableCell {TD} at (76,363) size 35x22 [border: (1px solid #000000)] [r=4 c=2 rs=1 cs=1]
              RenderText {#text} at (2,2) size 31x17
                text run at (2,2) width 31: "Data"
          RenderTableRow {TR} at (0,417) size 113x81
            RenderTableCell {TD} at (2,446) size 35x22 [border: (1px solid #000000)] [r=5 c=0 rs=1 cs=1]
              RenderText {#text} at (2,2) size 31x17
                text run at (2,2) width 31: "Data"
            RenderTableCell {TD} at (39,446) size 35x22 [border: (1px solid #000000)] [r=5 c=1 rs=1 cs=1]
              RenderText {#text} at (2,2) size 31x17
                text run at (2,2) width 31: "Data"
            RenderTableCell {TD} at (76,446) size 35x22 [border: (1px solid #000000)] [r=5 c=2 rs=1 cs=1]
              RenderText {#text} at (2,2) size 31x17
                text run at (2,2) width 31: "Data"
      RenderBlock {P} at (0,936) size 768x36
        RenderText {#text} at (0,0) size 747x35
          text run at (0,0) width 238: "These tables test percentage heights. "
          text run at (237,0) width 510: "The first should be its natural height; the second should be 50% of the height of"
          text run at (0,18) width 209: "the div (600px), which is 300px."
      RenderTable {TABLE} at (0,988) size 113x146
        RenderTableSection {TBODY} at (0,0) size 113x146
          RenderTableRow {TR} at (0,2) size 113x22
            RenderTableCell {TD} at (2,2) size 35x22 [border: (1px solid #000000)] [r=0 c=0 rs=1 cs=1]
              RenderText {#text} at (2,2) size 31x17
                text run at (2,2) width 31: "Data"
            RenderTableCell {TD} at (39,2) size 35x22 [border: (1px solid #000000)] [r=0 c=1 rs=1 cs=1]
              RenderText {#text} at (2,2) size 31x17
                text run at (2,2) width 31: "Data"
            RenderTableCell {TD} at (76,2) size 35x22 [border: (1px solid #000000)] [r=0 c=2 rs=1 cs=1]
              RenderText {#text} at (2,2) size 31x17
                text run at (2,2) width 31: "Data"
          RenderTableRow {TR} at (0,26) size 113x22
            RenderTableCell {TD} at (2,26) size 35x22 [border: (1px solid #000000)] [r=1 c=0 rs=1 cs=1]
              RenderText {#text} at (2,2) size 31x17
                text run at (2,2) width 31: "Data"
            RenderTableCell {TD} at (39,26) size 35x22 [border: (1px solid #000000)] [r=1 c=1 rs=1 cs=1]
              RenderText {#text} at (2,2) size 31x17
                text run at (2,2) width 31: "Data"
            RenderTableCell {TD} at (76,26) size 35x22 [border: (1px solid #000000)] [r=1 c=2 rs=1 cs=1]
              RenderText {#text} at (2,2) size 31x17
                text run at (2,2) width 31: "Data"
          RenderTableRow {TR} at (0,50) size 113x22
            RenderTableCell {TD} at (2,50) size 35x22 [border: (1px solid #000000)] [r=2 c=0 rs=1 cs=1]
              RenderText {#text} at (2,2) size 31x17
                text run at (2,2) width 31: "Data"
            RenderTableCell {TD} at (39,50) size 35x22 [border: (1px solid #000000)] [r=2 c=1 rs=1 cs=1]
              RenderText {#text} at (2,2) size 31x17
                text run at (2,2) width 31: "Data"
            RenderTableCell {TD} at (76,50) size 35x22 [border: (1px solid #000000)] [r=2 c=2 rs=1 cs=1]
              RenderText {#text} at (2,2) size 31x17
                text run at (2,2) width 31: "Data"
          RenderTableRow {TR} at (0,74) size 113x22
            RenderTableCell {TD} at (2,74) size 35x22 [border: (1px solid #000000)] [r=3 c=0 rs=1 cs=1]
              RenderText {#text} at (2,2) size 31x17
                text run at (2,2) width 31: "Data"
            RenderTableCell {TD} at (39,74) size 35x22 [border: (1px solid #000000)] [r=3 c=1 rs=1 cs=1]
              RenderText {#text} at (2,2) size 31x17
                text run at (2,2) width 31: "Data"
            RenderTableCell {TD} at (76,74) size 35x22 [border: (1px solid #000000)] [r=3 c=2 rs=1 cs=1]
              RenderText {#text} at (2,2) size 31x17
                text run at (2,2) width 31: "Data"
          RenderTableRow {TR} at (0,98) size 113x22
            RenderTableCell {TD} at (2,98) size 35x22 [border: (1px solid #000000)] [r=4 c=0 rs=1 cs=1]
              RenderText {#text} at (2,2) size 31x17
                text run at (2,2) width 31: "Data"
            RenderTableCell {TD} at (39,98) size 35x22 [border: (1px solid #000000)] [r=4 c=1 rs=1 cs=1]
              RenderText {#text} at (2,2) size 31x17
                text run at (2,2) width 31: "Data"
            RenderTableCell {TD} at (76,98) size 35x22 [border: (1px solid #000000)] [r=4 c=2 rs=1 cs=1]
              RenderText {#text} at (2,2) size 31x17
                text run at (2,2) width 31: "Data"
          RenderTableRow {TR} at (0,122) size 113x22
            RenderTableCell {TD} at (2,122) size 35x22 [border: (1px solid #000000)] [r=5 c=0 rs=1 cs=1]
              RenderText {#text} at (2,2) size 31x17
                text run at (2,2) width 31: "Data"
            RenderTableCell {TD} at (39,122) size 35x22 [border: (1px solid #000000)] [r=5 c=1 rs=1 cs=1]
              RenderText {#text} at (2,2) size 31x17
                text run at (2,2) width 31: "Data"
            RenderTableCell {TD} at (76,122) size 35x22 [border: (1px solid #000000)] [r=5 c=2 rs=1 cs=1]
              RenderText {#text} at (2,2) size 31x17
                text run at (2,2) width 31: "Data"
      RenderBlock {DIV} at (0,1134) size 768x606 [border: (3px solid #800080)]
        RenderTable {TABLE} at (3,3) size 113x300
          RenderTableSection {TBODY} at (0,0) size 113x300
            RenderTableRow {TR} at (0,2) size 113x47
              RenderTableCell {TD} at (2,14) size 35x22 [border: (1px solid #000000)] [r=0 c=0 rs=1 cs=1]
                RenderText {#text} at (2,2) size 31x17
                  text run at (2,2) width 31: "Data"
              RenderTableCell {TD} at (39,14) size 35x22 [border: (1px solid #000000)] [r=0 c=1 rs=1 cs=1]
                RenderText {#text} at (2,2) size 31x17
                  text run at (2,2) width 31: "Data"
              RenderTableCell {TD} at (76,14) size 35x22 [border: (1px solid #000000)] [r=0 c=2 rs=1 cs=1]
                RenderText {#text} at (2,2) size 31x17
                  text run at (2,2) width 31: "Data"
            RenderTableRow {TR} at (0,51) size 113x47
              RenderTableCell {TD} at (2,63) size 35x22 [border: (1px solid #000000)] [r=1 c=0 rs=1 cs=1]
                RenderText {#text} at (2,2) size 31x17
                  text run at (2,2) width 31: "Data"
              RenderTableCell {TD} at (39,63) size 35x22 [border: (1px solid #000000)] [r=1 c=1 rs=1 cs=1]
                RenderText {#text} at (2,2) size 31x17
                  text run at (2,2) width 31: "Data"
              RenderTableCell {TD} at (76,63) size 35x22 [border: (1px solid #000000)] [r=1 c=2 rs=1 cs=1]
                RenderText {#text} at (2,2) size 31x17
                  text run at (2,2) width 31: "Data"
            RenderTableRow {TR} at (0,100) size 113x48
              RenderTableCell {TD} at (2,113) size 35x22 [border: (1px solid #000000)] [r=2 c=0 rs=1 cs=1]
                RenderText {#text} at (2,2) size 31x17
                  text run at (2,2) width 31: "Data"
              RenderTableCell {TD} at (39,113) size 35x22 [border: (1px solid #000000)] [r=2 c=1 rs=1 cs=1]
                RenderText {#text} at (2,2) size 31x17
                  text run at (2,2) width 31: "Data"
              RenderTableCell {TD} at (76,113) size 35x22 [border: (1px solid #000000)] [r=2 c=2 rs=1 cs=1]
                RenderText {#text} at (2,2) size 31x17
                  text run at (2,2) width 31: "Data"
            RenderTableRow {TR} at (0,150) size 113x48
              RenderTableCell {TD} at (2,163) size 35x22 [border: (1px solid #000000)] [r=3 c=0 rs=1 cs=1]
                RenderText {#text} at (2,2) size 31x17
                  text run at (2,2) width 31: "Data"
              RenderTableCell {TD} at (39,163) size 35x22 [border: (1px solid #000000)] [r=3 c=1 rs=1 cs=1]
                RenderText {#text} at (2,2) size 31x17
                  text run at (2,2) width 31: "Data"
              RenderTableCell {TD} at (76,163) size 35x22 [border: (1px solid #000000)] [r=3 c=2 rs=1 cs=1]
                RenderText {#text} at (2,2) size 31x17
                  text run at (2,2) width 31: "Data"
            RenderTableRow {TR} at (0,200) size 113x48
              RenderTableCell {TD} at (2,213) size 35x22 [border: (1px solid #000000)] [r=4 c=0 rs=1 cs=1]
                RenderText {#text} at (2,2) size 31x17
                  text run at (2,2) width 31: "Data"
              RenderTableCell {TD} at (39,213) size 35x22 [border: (1px solid #000000)] [r=4 c=1 rs=1 cs=1]
                RenderText {#text} at (2,2) size 31x17
                  text run at (2,2) width 31: "Data"
              RenderTableCell {TD} at (76,213) size 35x22 [border: (1px solid #000000)] [r=4 c=2 rs=1 cs=1]
                RenderText {#text} at (2,2) size 31x17
                  text run at (2,2) width 31: "Data"
            RenderTableRow {TR} at (0,250) size 113x48
              RenderTableCell {TD} at (2,263) size 35x22 [border: (1px solid #000000)] [r=5 c=0 rs=1 cs=1]
                RenderText {#text} at (2,2) size 31x17
                  text run at (2,2) width 31: "Data"
              RenderTableCell {TD} at (39,263) size 35x22 [border: (1px solid #000000)] [r=5 c=1 rs=1 cs=1]
                RenderText {#text} at (2,2) size 31x17
                  text run at (2,2) width 31: "Data"
              RenderTableCell {TD} at (76,263) size 35x22 [border: (1px solid #000000)] [r=5 c=2 rs=1 cs=1]
                RenderText {#text} at (2,2) size 31x17
                  text run at (2,2) width 31: "Data"
      RenderBlock {P} at (0,1756) size 768x54
        RenderText {#text} at (0,0) size 154x17
          text run at (0,0) width 154: "The following tests test "
        RenderInline {CODE} at (0,0) size 48x15
          RenderText {#text} at (153,3) size 48x15
            text run at (153,3) width 48: "height"
        RenderText {#text} at (200,0) size 171x17
          text run at (200,0) width 171: " on table rows. A value of "
        RenderInline {CODE} at (0,0) size 32x15
          RenderText {#text} at (370,3) size 32x15
            text run at (370,3) width 32: "auto"
        RenderText {#text} at (401,0) size 761x53
          text run at (401,0) width 324: " requires the minimum height needed by the cells. "
          text run at (724,0) width 26: "In a"
          text run at (0,18) width 761: "simple case, this is just the height of the tallest cell (excluding the increased padding, of course, since with the padding"
          text run at (0,36) width 202: "the cells have the same height):"
      RenderTable {TABLE} at (0,1826) size 113x44
        RenderTableSection {TBODY} at (0,0) size 113x44
          RenderTableRow {TR} at (0,2) size 113x40
            RenderTableCell {TD} at (2,11) size 35x22 [border: (1px solid #000000)] [r=0 c=0 rs=1 cs=1]
              RenderText {#text} at (2,2) size 31x17
                text run at (2,2) width 31: "Data"
            RenderTableCell {TD} at (39,2) size 35x40 [border: (1px solid #000000)] [r=0 c=1 rs=1 cs=1]
              RenderText {#text} at (2,2) size 31x17
                text run at (2,2) width 31: "Data"
              RenderBR {BR} at (32,2) size 1x17
              RenderText {#text} at (2,20) size 31x17
                text run at (2,20) width 31: "Data"
            RenderTableCell {TD} at (76,11) size 35x22 [border: (1px solid #000000)] [r=0 c=2 rs=1 cs=1]
              RenderText {#text} at (2,2) size 31x17
                text run at (2,2) width 31: "Data"
      RenderBlock {P} at (0,1886) size 768x36
        RenderText {#text} at (0,0) size 219x17
          text run at (0,0) width 219: "However, vertical-align values of "
        RenderInline {CODE} at (0,0) size 63x15
          RenderText {#text} at (218,3) size 63x15
            text run at (218,3) width 63: "baseline"
        RenderText {#text} at (280,0) size 760x35
          text run at (280,0) width 480: " (the default, but could be overridden in a UA stylesheet) can make it taller"
          text run at (0,18) width 60: "than that:"
      RenderTable {TABLE} at (0,1938) size 293x144
        RenderTableSection {TBODY} at (0,0) size 293x144
          RenderTableRow {TR} at (0,2) size 293x140
            RenderTableCell {TD} at (2,46) size 35x22 [border: (1px solid #000000)] [r=0 c=0 rs=1 cs=1]
              RenderText {#text} at (2,2) size 31x17
                text run at (2,2) width 31: "Data"
            RenderTableCell {TD} at (39,2) size 125x96 [border: (1px solid #000000)] [r=0 c=1 rs=1 cs=1]
              RenderInline {SPAN} at (0,0) size 121x71
                RenderText {#text} at (2,3) size 121x71
                  text run at (2,3) width 121: "Data"
              RenderBR {BR} at (122,46) size 1x17
              RenderText {#text} at (2,76) size 31x17
                text run at (2,76) width 31: "Data"
            RenderTableCell {TD} at (166,46) size 125x96 [border: (1px solid #000000)] [r=0 c=2 rs=1 cs=1]
              RenderText {#text} at (2,2) size 31x17
                text run at (2,2) width 31: "Data"
              RenderBR {BR} at (32,2) size 1x17
              RenderInline {SPAN} at (0,0) size 121x71
                RenderText {#text} at (2,21) size 121x71
                  text run at (2,21) width 121: "Data"
      RenderBlock {P} at (0,2098) size 768x18
        RenderText {#text} at (0,0) size 537x17
          text run at (0,0) width 537: "The exact same thing should happen when the given height for the row is too small:"
      RenderTable {TABLE} at (0,2132) size 293x144
        RenderTableSection {TBODY} at (0,0) size 293x144
          RenderTableRow {TR} at (0,2) size 293x140
            RenderTableCell {TD} at (2,46) size 35x22 [border: (1px solid #000000)] [r=0 c=0 rs=1 cs=1]
              RenderText {#text} at (2,2) size 31x17
                text run at (2,2) width 31: "Data"
            RenderTableCell {TD} at (39,2) size 125x96 [border: (1px solid #000000)] [r=0 c=1 rs=1 cs=1]
              RenderInline {SPAN} at (0,0) size 121x71
                RenderText {#text} at (2,3) size 121x71
                  text run at (2,3) width 121: "Data"
              RenderBR {BR} at (122,46) size 1x17
              RenderText {#text} at (2,76) size 31x17
                text run at (2,76) width 31: "Data"
            RenderTableCell {TD} at (166,46) size 125x96 [border: (1px solid #000000)] [r=0 c=2 rs=1 cs=1]
              RenderText {#text} at (2,2) size 31x17
                text run at (2,2) width 31: "Data"
              RenderBR {BR} at (32,2) size 1x17
              RenderInline {SPAN} at (0,0) size 121x71
                RenderText {#text} at (2,21) size 121x71
                  text run at (2,21) width 121: "Data"
      RenderBlock {P} at (0,2292) size 768x36
        RenderText {#text} at (0,0) size 757x35
          text run at (0,0) width 757: "Padding should also be able to increase the height (here the first cell has 20px padding-top and the second has 20px of"
          text run at (0,18) width 112: "padding-bottom):"
      RenderTable {TABLE} at (0,2344) size 113x45
        RenderTableSection {TBODY} at (0,0) size 113x45
          RenderTableRow {TR} at (0,2) size 113x41
            RenderTableCell {TD} at (2,2) size 35x41 [border: (1px solid #000000)] [r=0 c=0 rs=1 cs=1]
              RenderText {#text} at (2,21) size 31x17
                text run at (2,21) width 31: "Data"
            RenderTableCell {TD} at (39,2) size 35x41 [border: (1px solid #000000)] [r=0 c=1 rs=1 cs=1]
              RenderText {#text} at (2,2) size 31x17
                text run at (2,2) width 31: "Data"
            RenderTableCell {TD} at (76,11) size 35x22 [border: (1px solid #000000)] [r=0 c=2 rs=1 cs=1]
              RenderText {#text} at (2,2) size 31x17
                text run at (2,2) width 31: "Data"
      RenderTable {TABLE} at (0,2389) size 113x45
        RenderTableSection {TBODY} at (0,0) size 113x45
          RenderTableRow {TR} at (0,2) size 113x41
            RenderTableCell {TD} at (2,2) size 35x41 [border: (1px solid #000000)] [r=0 c=0 rs=1 cs=1]
              RenderText {#text} at (2,21) size 31x17
                text run at (2,21) width 31: "Data"
            RenderTableCell {TD} at (39,2) size 35x41 [border: (1px solid #000000)] [r=0 c=1 rs=1 cs=1]
              RenderText {#text} at (2,2) size 31x17
                text run at (2,2) width 31: "Data"
            RenderTableCell {TD} at (76,11) size 35x22 [border: (1px solid #000000)] [r=0 c=2 rs=1 cs=1]
              RenderText {#text} at (2,2) size 31x17
                text run at (2,2) width 31: "Data"
      RenderBlock {P} at (0,2450) size 768x36
        RenderText {#text} at (0,0) size 765x35
          text run at (0,0) width 489: "These two tables should be 200px tall, because of a height on the table row. "
          text run at (488,0) width 277: "The second one should have its second and"
          text run at (0,18) width 452: "third cell's contents offset from the middle by 10px (bottom, then top):"
      RenderTable {TABLE} at (0,2502) size 293x204
        RenderTableSection {TBODY} at (0,0) size 293x204
          RenderTableRow {TR} at (0,2) size 293x200
            RenderTableCell {TD} at (2,46) size 35x22 [border: (1px solid #000000)] [r=0 c=0 rs=1 cs=1]
              RenderText {#text} at (2,2) size 31x17
                text run at (2,2) width 31: "Data"
            RenderTableCell {TD} at (39,2) size 125x96 [border: (1px solid #000000)] [r=0 c=1 rs=1 cs=1]
              RenderInline {SPAN} at (0,0) size 121x71
                RenderText {#text} at (2,3) size 121x71
                  text run at (2,3) width 121: "Data"
              RenderBR {BR} at (122,46) size 1x17
              RenderText {#text} at (2,76) size 31x17
                text run at (2,76) width 31: "Data"
            RenderTableCell {TD} at (166,46) size 125x96 [border: (1px solid #000000)] [r=0 c=2 rs=1 cs=1]
              RenderText {#text} at (2,2) size 31x17
                text run at (2,2) width 31: "Data"
              RenderBR {BR} at (32,2) size 1x17
              RenderInline {SPAN} at (0,0) size 121x71
                RenderText {#text} at (2,21) size 121x71
                  text run at (2,21) width 121: "Data"
      RenderTable {TABLE} at (0,2706) size 113x204
        RenderTableSection {TBODY} at (0,0) size 113x204
          RenderTableRow {TR} at (0,2) size 113x200
            RenderTableCell {TD} at (2,81) size 35x41 [border: (1px solid #000000)] [r=0 c=0 rs=1 cs=1]
              RenderText {#text} at (2,21) size 31x17
                text run at (2,21) width 31: "Data"
            RenderTableCell {TD} at (39,81) size 35x41 [border: (1px solid #000000)] [r=0 c=1 rs=1 cs=1]
              RenderText {#text} at (2,2) size 31x17
                text run at (2,2) width 31: "Data"
            RenderTableCell {TD} at (76,91) size 35x22 [border: (1px solid #000000)] [r=0 c=2 rs=1 cs=1]
              RenderText {#text} at (2,2) size 31x17
                text run at (2,2) width 31: "Data"
      RenderBlock {P} at (0,2926) size 768x36
        RenderText {#text} at (0,0) size 734x35
          text run at (0,0) width 527: "The behavior of percentage heights on table-row or table-row-group is undefined. "
          text run at (526,0) width 208: "However, I think they should be"
          text run at (0,18) width 283: "ignored, so these tables should look normal:"
      RenderTable {TABLE} at (0,2978) size 113x74
        RenderTableSection {TBODY} at (0,0) size 113x74
          RenderTableRow {TR} at (0,2) size 113x22
            RenderTableCell {TD} at (2,2) size 35x22 [border: (1px solid #000000)] [r=0 c=0 rs=1 cs=1]
              RenderText {#text} at (2,2) size 31x17
                text run at (2,2) width 31: "Data"
            RenderTableCell {TD} at (39,2) size 35x22 [border: (1px solid #000000)] [r=0 c=1 rs=1 cs=1]
              RenderText {#text} at (2,2) size 31x17
                text run at (2,2) width 31: "Data"
            RenderTableCell {TD} at (76,2) size 35x22 [border: (1px solid #000000)] [r=0 c=2 rs=1 cs=1]
              RenderText {#text} at (2,2) size 31x17
                text run at (2,2) width 31: "Data"
          RenderTableRow {TR} at (0,26) size 113x22
            RenderTableCell {TD} at (2,26) size 35x22 [border: (1px solid #000000)] [r=1 c=0 rs=1 cs=1]
              RenderText {#text} at (2,2) size 31x17
                text run at (2,2) width 31: "Data"
            RenderTableCell {TD} at (39,26) size 35x22 [border: (1px solid #000000)] [r=1 c=1 rs=1 cs=1]
              RenderText {#text} at (2,2) size 31x17
                text run at (2,2) width 31: "Data"
            RenderTableCell {TD} at (76,26) size 35x22 [border: (1px solid #000000)] [r=1 c=2 rs=1 cs=1]
              RenderText {#text} at (2,2) size 31x17
                text run at (2,2) width 31: "Data"
          RenderTableRow {TR} at (0,50) size 113x22
            RenderTableCell {TD} at (2,50) size 35x22 [border: (1px solid #000000)] [r=2 c=0 rs=1 cs=1]
              RenderText {#text} at (2,2) size 31x17
                text run at (2,2) width 31: "Data"
            RenderTableCell {TD} at (39,50) size 35x22 [border: (1px solid #000000)] [r=2 c=1 rs=1 cs=1]
              RenderText {#text} at (2,2) size 31x17
                text run at (2,2) width 31: "Data"
            RenderTableCell {TD} at (76,50) size 35x22 [border: (1px solid #000000)] [r=2 c=2 rs=1 cs=1]
              RenderText {#text} at (2,2) size 31x17
                text run at (2,2) width 31: "Data"
      RenderTable {TABLE} at (0,3052) size 113x74
        RenderTableSection {TBODY} at (0,0) size 113x74
          RenderTableRow {TR} at (0,2) size 113x22
            RenderTableCell {TD} at (2,2) size 35x22 [border: (1px solid #000000)] [r=0 c=0 rs=1 cs=1]
              RenderText {#text} at (2,2) size 31x17
                text run at (2,2) width 31: "Data"
            RenderTableCell {TD} at (39,2) size 35x22 [border: (1px solid #000000)] [r=0 c=1 rs=1 cs=1]
              RenderText {#text} at (2,2) size 31x17
                text run at (2,2) width 31: "Data"
            RenderTableCell {TD} at (76,2) size 35x22 [border: (1px solid #000000)] [r=0 c=2 rs=1 cs=1]
              RenderText {#text} at (2,2) size 31x17
                text run at (2,2) width 31: "Data"
          RenderTableRow {TR} at (0,26) size 113x22
            RenderTableCell {TD} at (2,26) size 35x22 [border: (1px solid #000000)] [r=1 c=0 rs=1 cs=1]
              RenderText {#text} at (2,2) size 31x17
                text run at (2,2) width 31: "Data"
            RenderTableCell {TD} at (39,26) size 35x22 [border: (1px solid #000000)] [r=1 c=1 rs=1 cs=1]
              RenderText {#text} at (2,2) size 31x17
                text run at (2,2) width 31: "Data"
            RenderTableCell {TD} at (76,26) size 35x22 [border: (1px solid #000000)] [r=1 c=2 rs=1 cs=1]
              RenderText {#text} at (2,2) size 31x17
                text run at (2,2) width 31: "Data"
          RenderTableRow {TR} at (0,50) size 113x22
            RenderTableCell {TD} at (2,50) size 35x22 [border: (1px solid #000000)] [r=2 c=0 rs=1 cs=1]
              RenderText {#text} at (2,2) size 31x17
                text run at (2,2) width 31: "Data"
            RenderTableCell {TD} at (39,50) size 35x22 [border: (1px solid #000000)] [r=2 c=1 rs=1 cs=1]
              RenderText {#text} at (2,2) size 31x17
                text run at (2,2) width 31: "Data"
            RenderTableCell {TD} at (76,50) size 35x22 [border: (1px solid #000000)] [r=2 c=2 rs=1 cs=1]
              RenderText {#text} at (2,2) size 31x17
                text run at (2,2) width 31: "Data"
      RenderTable {TABLE} at (0,3126) size 113x174
        RenderTableSection {THEAD} at (0,0) size 113x50
          RenderTableRow {TR} at (0,2) size 113x22
            RenderTableCell {TD} at (2,2) size 35x22 [border: (1px solid #000000)] [r=0 c=0 rs=1 cs=1]
              RenderText {#text} at (2,2) size 31x17
                text run at (2,2) width 31: "Data"
            RenderTableCell {TD} at (39,2) size 35x22 [border: (1px solid #000000)] [r=0 c=1 rs=1 cs=1]
              RenderText {#text} at (2,2) size 31x17
                text run at (2,2) width 31: "Data"
            RenderTableCell {TD} at (76,2) size 35x22 [border: (1px solid #000000)] [r=0 c=2 rs=1 cs=1]
              RenderText {#text} at (2,2) size 31x17
                text run at (2,2) width 31: "Data"
          RenderTableRow {TR} at (0,26) size 113x22
            RenderTableCell {TD} at (2,26) size 35x22 [border: (1px solid #000000)] [r=1 c=0 rs=1 cs=1]
              RenderText {#text} at (2,2) size 31x17
                text run at (2,2) width 31: "Data"
            RenderTableCell {TD} at (39,26) size 35x22 [border: (1px solid #000000)] [r=1 c=1 rs=1 cs=1]
              RenderText {#text} at (2,2) size 31x17
                text run at (2,2) width 31: "Data"
            RenderTableCell {TD} at (76,26) size 35x22 [border: (1px solid #000000)] [r=1 c=2 rs=1 cs=1]
              RenderText {#text} at (2,2) size 31x17
                text run at (2,2) width 31: "Data"
        RenderTableSection {TFOOT} at (0,124) size 113x50
          RenderTableRow {TR} at (0,2) size 113x22
            RenderTableCell {TD} at (2,2) size 35x22 [border: (1px solid #000000)] [r=0 c=0 rs=1 cs=1]
              RenderText {#text} at (2,2) size 31x17
                text run at (2,2) width 31: "Data"
            RenderTableCell {TD} at (39,2) size 35x22 [border: (1px solid #000000)] [r=0 c=1 rs=1 cs=1]
              RenderText {#text} at (2,2) size 31x17
                text run at (2,2) width 31: "Data"
            RenderTableCell {TD} at (76,2) size 35x22 [border: (1px solid #000000)] [r=0 c=2 rs=1 cs=1]
              RenderText {#text} at (2,2) size 31x17
                text run at (2,2) width 31: "Data"
          RenderTableRow {TR} at (0,26) size 113x22
            RenderTableCell {TD} at (2,26) size 35x22 [border: (1px solid #000000)] [r=1 c=0 rs=1 cs=1]
              RenderText {#text} at (2,2) size 31x17
                text run at (2,2) width 31: "Data"
            RenderTableCell {TD} at (39,26) size 35x22 [border: (1px solid #000000)] [r=1 c=1 rs=1 cs=1]
              RenderText {#text} at (2,2) size 31x17
                text run at (2,2) width 31: "Data"
            RenderTableCell {TD} at (76,26) size 35x22 [border: (1px solid #000000)] [r=1 c=2 rs=1 cs=1]
              RenderText {#text} at (2,2) size 31x17
                text run at (2,2) width 31: "Data"
        RenderTableSection {TBODY} at (0,50) size 113x74
          RenderTableRow {TR} at (0,2) size 113x22
            RenderTableCell {TD} at (2,2) size 35x22 [border: (1px solid #000000)] [r=0 c=0 rs=1 cs=1]
              RenderText {#text} at (2,2) size 31x17
                text run at (2,2) width 31: "Data"
            RenderTableCell {TD} at (39,2) size 35x22 [border: (1px solid #000000)] [r=0 c=1 rs=1 cs=1]
              RenderText {#text} at (2,2) size 31x17
                text run at (2,2) width 31: "Data"
            RenderTableCell {TD} at (76,2) size 35x22 [border: (1px solid #000000)] [r=0 c=2 rs=1 cs=1]
              RenderText {#text} at (2,2) size 31x17
                text run at (2,2) width 31: "Data"
          RenderTableRow {TR} at (0,26) size 113x22
            RenderTableCell {TD} at (2,26) size 35x22 [border: (1px solid #000000)] [r=1 c=0 rs=1 cs=1]
              RenderText {#text} at (2,2) size 31x17
                text run at (2,2) width 31: "Data"
            RenderTableCell {TD} at (39,26) size 35x22 [border: (1px solid #000000)] [r=1 c=1 rs=1 cs=1]
              RenderText {#text} at (2,2) size 31x17
                text run at (2,2) width 31: "Data"
            RenderTableCell {TD} at (76,26) size 35x22 [border: (1px solid #000000)] [r=1 c=2 rs=1 cs=1]
              RenderText {#text} at (2,2) size 31x17
                text run at (2,2) width 31: "Data"
          RenderTableRow {TR} at (0,50) size 113x22
            RenderTableCell {TD} at (2,50) size 35x22 [border: (1px solid #000000)] [r=2 c=0 rs=1 cs=1]
              RenderText {#text} at (2,2) size 31x17
                text run at (2,2) width 31: "Data"
            RenderTableCell {TD} at (39,50) size 35x22 [border: (1px solid #000000)] [r=2 c=1 rs=1 cs=1]
              RenderText {#text} at (2,2) size 31x17
                text run at (2,2) width 31: "Data"
            RenderTableCell {TD} at (76,50) size 35x22 [border: (1px solid #000000)] [r=2 c=2 rs=1 cs=1]
              RenderText {#text} at (2,2) size 31x17
                text run at (2,2) width 31: "Data"
      RenderTable {TABLE} at (0,3300) size 113x174
        RenderTableSection {THEAD} at (0,0) size 113x50
          RenderTableRow {TR} at (0,2) size 113x22
            RenderTableCell {TD} at (2,2) size 35x22 [border: (1px solid #000000)] [r=0 c=0 rs=1 cs=1]
              RenderText {#text} at (2,2) size 31x17
                text run at (2,2) width 31: "Data"
            RenderTableCell {TD} at (39,2) size 35x22 [border: (1px solid #000000)] [r=0 c=1 rs=1 cs=1]
              RenderText {#text} at (2,2) size 31x17
                text run at (2,2) width 31: "Data"
            RenderTableCell {TD} at (76,2) size 35x22 [border: (1px solid #000000)] [r=0 c=2 rs=1 cs=1]
              RenderText {#text} at (2,2) size 31x17
                text run at (2,2) width 31: "Data"
          RenderTableRow {TR} at (0,26) size 113x22
            RenderTableCell {TD} at (2,26) size 35x22 [border: (1px solid #000000)] [r=1 c=0 rs=1 cs=1]
              RenderText {#text} at (2,2) size 31x17
                text run at (2,2) width 31: "Data"
            RenderTableCell {TD} at (39,26) size 35x22 [border: (1px solid #000000)] [r=1 c=1 rs=1 cs=1]
              RenderText {#text} at (2,2) size 31x17
                text run at (2,2) width 31: "Data"
            RenderTableCell {TD} at (76,26) size 35x22 [border: (1px solid #000000)] [r=1 c=2 rs=1 cs=1]
              RenderText {#text} at (2,2) size 31x17
                text run at (2,2) width 31: "Data"
        RenderTableSection {TFOOT} at (0,124) size 113x50
          RenderTableRow {TR} at (0,2) size 113x22
            RenderTableCell {TD} at (2,2) size 35x22 [border: (1px solid #000000)] [r=0 c=0 rs=1 cs=1]
              RenderText {#text} at (2,2) size 31x17
                text run at (2,2) width 31: "Data"
            RenderTableCell {TD} at (39,2) size 35x22 [border: (1px solid #000000)] [r=0 c=1 rs=1 cs=1]
              RenderText {#text} at (2,2) size 31x17
                text run at (2,2) width 31: "Data"
            RenderTableCell {TD} at (76,2) size 35x22 [border: (1px solid #000000)] [r=0 c=2 rs=1 cs=1]
              RenderText {#text} at (2,2) size 31x17
                text run at (2,2) width 31: "Data"
          RenderTableRow {TR} at (0,26) size 113x22
            RenderTableCell {TD} at (2,26) size 35x22 [border: (1px solid #000000)] [r=1 c=0 rs=1 cs=1]
              RenderText {#text} at (2,2) size 31x17
                text run at (2,2) width 31: "Data"
            RenderTableCell {TD} at (39,26) size 35x22 [border: (1px solid #000000)] [r=1 c=1 rs=1 cs=1]
              RenderText {#text} at (2,2) size 31x17
                text run at (2,2) width 31: "Data"
            RenderTableCell {TD} at (76,26) size 35x22 [border: (1px solid #000000)] [r=1 c=2 rs=1 cs=1]
              RenderText {#text} at (2,2) size 31x17
                text run at (2,2) width 31: "Data"
        RenderTableSection {TBODY} at (0,50) size 113x74
          RenderTableRow {TR} at (0,2) size 113x22
            RenderTableCell {TD} at (2,2) size 35x22 [border: (1px solid #000000)] [r=0 c=0 rs=1 cs=1]
              RenderText {#text} at (2,2) size 31x17
                text run at (2,2) width 31: "Data"
            RenderTableCell {TD} at (39,2) size 35x22 [border: (1px solid #000000)] [r=0 c=1 rs=1 cs=1]
              RenderText {#text} at (2,2) size 31x17
                text run at (2,2) width 31: "Data"
            RenderTableCell {TD} at (76,2) size 35x22 [border: (1px solid #000000)] [r=0 c=2 rs=1 cs=1]
              RenderText {#text} at (2,2) size 31x17
                text run at (2,2) width 31: "Data"
          RenderTableRow {TR} at (0,26) size 113x22
            RenderTableCell {TD} at (2,26) size 35x22 [border: (1px solid #000000)] [r=1 c=0 rs=1 cs=1]
              RenderText {#text} at (2,2) size 31x17
                text run at (2,2) width 31: "Data"
            RenderTableCell {TD} at (39,26) size 35x22 [border: (1px solid #000000)] [r=1 c=1 rs=1 cs=1]
              RenderText {#text} at (2,2) size 31x17
                text run at (2,2) width 31: "Data"
            RenderTableCell {TD} at (76,26) size 35x22 [border: (1px solid #000000)] [r=1 c=2 rs=1 cs=1]
              RenderText {#text} at (2,2) size 31x17
                text run at (2,2) width 31: "Data"
          RenderTableRow {TR} at (0,50) size 113x22
            RenderTableCell {TD} at (2,50) size 35x22 [border: (1px solid #000000)] [r=2 c=0 rs=1 cs=1]
              RenderText {#text} at (2,2) size 31x17
                text run at (2,2) width 31: "Data"
            RenderTableCell {TD} at (39,50) size 35x22 [border: (1px solid #000000)] [r=2 c=1 rs=1 cs=1]
              RenderText {#text} at (2,2) size 31x17
                text run at (2,2) width 31: "Data"
            RenderTableCell {TD} at (76,50) size 35x22 [border: (1px solid #000000)] [r=2 c=2 rs=1 cs=1]
              RenderText {#text} at (2,2) size 31x17
                text run at (2,2) width 31: "Data"
      RenderBlock {P} at (0,3490) size 768x18
        RenderText {#text} at (0,0) size 498x17
          text run at (0,0) width 498: "The following table should look normal, since very small heights get ignored:"
      RenderTable {TABLE} at (0,3524) size 113x26
        RenderTableSection {TBODY} at (0,0) size 113x26
          RenderTableRow {TR} at (0,2) size 113x22
            RenderTableCell {TD} at (2,2) size 35x22 [border: (1px solid #000000)] [r=0 c=0 rs=1 cs=1]
              RenderText {#text} at (2,2) size 31x17
                text run at (2,2) width 31: "Data"
            RenderTableCell {TD} at (39,2) size 35x22 [border: (1px solid #000000)] [r=0 c=1 rs=1 cs=1]
              RenderText {#text} at (2,2) size 31x17
                text run at (2,2) width 31: "Data"
            RenderTableCell {TD} at (76,2) size 35x22 [border: (1px solid #000000)] [r=0 c=2 rs=1 cs=1]
              RenderText {#text} at (2,2) size 31x17
                text run at (2,2) width 31: "Data"
      RenderBlock {P} at (0,3566) size 768x18
        RenderText {#text} at (0,0) size 258x17
          text run at (0,0) width 258: "So should this one, for auto cell heights:"
      RenderTable {TABLE} at (0,3600) size 113x26
        RenderTableSection {TBODY} at (0,0) size 113x26
          RenderTableRow {TR} at (0,2) size 113x22
            RenderTableCell {TD} at (2,2) size 35x22 [border: (1px solid #000000)] [r=0 c=0 rs=1 cs=1]
              RenderText {#text} at (2,2) size 31x17
                text run at (2,2) width 31: "Data"
            RenderTableCell {TD} at (39,2) size 35x22 [border: (1px solid #000000)] [r=0 c=1 rs=1 cs=1]
              RenderText {#text} at (2,2) size 31x17
                text run at (2,2) width 31: "Data"
            RenderTableCell {TD} at (76,2) size 35x22 [border: (1px solid #000000)] [r=0 c=2 rs=1 cs=1]
              RenderText {#text} at (2,2) size 31x17
                text run at (2,2) width 31: "Data"
      RenderBlock {P} at (0,3642) size 768x18
        RenderText {#text} at (0,0) size 643x17
          text run at (0,0) width 643: "These tables should look the same - all cells should be 100px tall with the text at the top of the cells:"
      RenderTable {TABLE} at (0,3676) size 113x108
        RenderTableSection {TBODY} at (0,0) size 113x108
          RenderTableRow {TR} at (0,2) size 113x104
            RenderTableCell {TD} at (2,2) size 35x22 [border: (1px solid #000000)] [r=0 c=0 rs=1 cs=1]
              RenderText {#text} at (2,2) size 31x17
                text run at (2,2) width 31: "Data"
            RenderTableCell {TD} at (39,2) size 35x22 [border: (1px solid #000000)] [r=0 c=1 rs=1 cs=1]
              RenderText {#text} at (2,2) size 31x17
                text run at (2,2) width 31: "Data"
            RenderTableCell {TD} at (76,2) size 35x22 [border: (1px solid #000000)] [r=0 c=2 rs=1 cs=1]
              RenderText {#text} at (2,2) size 31x17
                text run at (2,2) width 31: "Data"
      RenderTable {TABLE} at (0,3784) size 113x108
        RenderTableSection {TBODY} at (0,0) size 113x108
          RenderTableRow {TR} at (0,2) size 113x104
            RenderTableCell {TD} at (2,43) size 35x22 [border: (1px solid #000000)] [r=0 c=0 rs=1 cs=1]
              RenderText {#text} at (2,2) size 31x17
                text run at (2,2) width 31: "Data"
            RenderTableCell {TD} at (39,43) size 35x22 [border: (1px solid #000000)] [r=0 c=1 rs=1 cs=1]
              RenderText {#text} at (2,2) size 31x17
                text run at (2,2) width 31: "Data"
            RenderTableCell {TD} at (76,43) size 35x22 [border: (1px solid #000000)] [r=0 c=2 rs=1 cs=1]
              RenderText {#text} at (2,2) size 31x17
                text run at (2,2) width 31: "Data"
      RenderTable {TABLE} at (0,3892) size 113x108
        RenderTableSection {TBODY} at (0,0) size 113x108
          RenderTableRow {TR} at (0,2) size 113x104
            RenderTableCell {TD} at (2,2) size 35x22 [border: (1px solid #000000)] [r=0 c=0 rs=1 cs=1]
              RenderText {#text} at (2,2) size 31x17
                text run at (2,2) width 31: "Data"
            RenderTableCell {TD} at (39,2) size 35x22 [border: (1px solid #000000)] [r=0 c=1 rs=1 cs=1]
              RenderText {#text} at (2,2) size 31x17
                text run at (2,2) width 31: "Data"
            RenderTableCell {TD} at (76,2) size 35x22 [border: (1px solid #000000)] [r=0 c=2 rs=1 cs=1]
              RenderText {#text} at (2,2) size 31x17
                text run at (2,2) width 31: "Data"
      RenderTable {TABLE} at (0,4000) size 113x108
        RenderTableSection {TBODY} at (0,0) size 113x108
          RenderTableRow {TR} at (0,2) size 113x104
            RenderTableCell {TD} at (2,2) size 35x22 [border: (1px solid #000000)] [r=0 c=0 rs=1 cs=1]
              RenderText {#text} at (2,2) size 31x17
                text run at (2,2) width 31: "Data"
            RenderTableCell {TD} at (39,2) size 35x22 [border: (1px solid #000000)] [r=0 c=1 rs=1 cs=1]
              RenderText {#text} at (2,2) size 31x17
                text run at (2,2) width 31: "Data"
            RenderTableCell {TD} at (76,2) size 35x22 [border: (1px solid #000000)] [r=0 c=2 rs=1 cs=1]
              RenderText {#text} at (2,2) size 31x17
                text run at (2,2) width 31: "Data"
      RenderBlock {P} at (0,4124) size 768x18
        RenderText {#text} at (0,0) size 730x17
          text run at (0,0) width 730: "In these four tables, the text should be 20px lower each cell, but should otherwise look like the above three tables:"
      RenderTable {TABLE} at (0,4158) size 109x108
        RenderTableSection {TBODY} at (0,0) size 109x108
          RenderTableRow {TR} at (0,2) size 109x104
            RenderTableCell {TD} at (2,2) size 35x22 [border: (1px solid #000000)] [r=0 c=0 rs=1 cs=1]
              RenderText {#text} at (2,2) size 31x17
                text run at (2,2) width 31: "Data"
            RenderTableCell {TD} at (39,2) size 33x60 [border: (1px solid #000000)] [r=0 c=1 rs=1 cs=1]
              RenderText {#text} at (1,21) size 31x17
                text run at (1,21) width 31: "Data"
            RenderTableCell {TD} at (74,2) size 33x100 [border: (1px solid #000000)] [r=0 c=2 rs=1 cs=1]
              RenderText {#text} at (1,41) size 31x17
                text run at (1,41) width 31: "Data"
      RenderTable {TABLE} at (0,4266) size 109x108
        RenderTableSection {TBODY} at (0,0) size 109x108
          RenderTableRow {TR} at (0,2) size 109x104
            RenderTableCell {TD} at (2,2) size 35x22 [border: (1px solid #000000)] [r=0 c=0 rs=1 cs=1]
              RenderText {#text} at (2,2) size 31x17
                text run at (2,2) width 31: "Data"
            RenderTableCell {TD} at (39,2) size 33x40 [border: (1px solid #000000)] [r=0 c=1 rs=1 cs=1]
              RenderText {#text} at (1,21) size 31x17
                text run at (1,21) width 31: "Data"
            RenderTableCell {TD} at (74,2) size 33x60 [border: (1px solid #000000)] [r=0 c=2 rs=1 cs=1]
              RenderText {#text} at (1,41) size 31x17
                text run at (1,41) width 31: "Data"
      RenderTable {TABLE} at (0,4374) size 109x108
        RenderTableSection {TBODY} at (0,0) size 109x108
          RenderTableRow {TR} at (0,2) size 109x104
            RenderTableCell {TD} at (2,43) size 35x22 [border: (1px solid #000000)] [r=0 c=0 rs=1 cs=1]
              RenderText {#text} at (2,2) size 31x17
                text run at (2,2) width 31: "Data"
            RenderTableCell {TD} at (39,24) size 33x60 [border: (1px solid #000000)] [r=0 c=1 rs=1 cs=1]
              RenderText {#text} at (1,21) size 31x17
                text run at (1,21) width 31: "Data"
            RenderTableCell {TD} at (74,4) size 33x100 [border: (1px solid #000000)] [r=0 c=2 rs=1 cs=1]
              RenderText {#text} at (1,41) size 31x17
                text run at (1,41) width 31: "Data"
      RenderTable {TABLE} at (0,4482) size 113x108
        RenderTableSection {TBODY} at (0,0) size 113x108
          RenderTableRow {TR} at (0,2) size 113x104
            RenderTableCell {TD} at (2,43) size 35x22 [border: (1px solid #000000)] [r=0 c=0 rs=1 cs=1]
              RenderText {#text} at (2,2) size 31x17
                text run at (2,2) width 31: "Data"
            RenderTableCell {TD} at (39,43) size 35x22 [border: (1px solid #000000)] [r=0 c=1 rs=1 cs=1]
              RenderText {#text} at (2,2) size 31x17
                text run at (2,2) width 31: "Data"
            RenderTableCell {TD} at (76,43) size 35x22 [border: (1px solid #000000)] [r=0 c=2 rs=1 cs=1]
              RenderText {#text} at (2,2) size 31x17
                text run at (2,2) width 31: "Data"
      RenderBlock {P} at (0,4606) size 768x18
        RenderText {#text} at (0,0) size 378x17
          text run at (0,0) width 378: "These should have the text 40px from the top in every cell:"
      RenderTable {TABLE} at (0,4640) size 109x107
        RenderTableSection {TBODY} at (0,0) size 109x107
          RenderTableRow {TR} at (0,2) size 109x103
            RenderTableCell {TD} at (2,41) size 35x22 [border: (1px solid #000000)] [r=0 c=0 rs=1 cs=1]
              RenderText {#text} at (2,2) size 31x17
                text run at (2,2) width 31: "Data"
            RenderTableCell {TD} at (39,22) size 33x60 [border: (1px solid #000000)] [r=0 c=1 rs=1 cs=1]
              RenderText {#text} at (1,21) size 31x17
                text run at (1,21) width 31: "Data"
            RenderTableCell {TD} at (74,2) size 33x100 [border: (1px solid #000000)] [r=0 c=2 rs=1 cs=1]
              RenderText {#text} at (1,41) size 31x17
                text run at (1,41) width 31: "Data"
      RenderTable {TABLE} at (0,4747) size 109x106
        RenderTableSection {TBODY} at (0,0) size 109x106
          RenderTableRow {TR} at (0,2) size 109x102
            RenderTableCell {TD} at (2,41) size 35x22 [border: (1px solid #000000)] [r=0 c=0 rs=1 cs=1]
              RenderText {#text} at (2,2) size 31x17
                text run at (2,2) width 31: "Data"
            RenderTableCell {TD} at (39,22) size 33x40 [border: (1px solid #000000)] [r=0 c=1 rs=1 cs=1]
              RenderText {#text} at (1,21) size 31x17
                text run at (1,21) width 31: "Data"
            RenderTableCell {TD} at (74,2) size 33x60 [border: (1px solid #000000)] [r=0 c=2 rs=1 cs=1]
              RenderText {#text} at (1,41) size 31x17
                text run at (1,41) width 31: "Data"
      RenderTable {TABLE} at (0,4853) size 109x106
        RenderTableSection {TBODY} at (0,0) size 109x106
          RenderTableRow {TR} at (0,2) size 109x102
            RenderTableCell {TD} at (2,42) size 35x22 [border: (1px solid #000000)] [r=0 c=0 rs=1 cs=1]
              RenderText {#text} at (2,2) size 31x17
                text run at (2,2) width 31: "Data"
            RenderTableCell {TD} at (39,23) size 33x60 [border: (1px solid #000000)] [r=0 c=1 rs=1 cs=1]
              RenderText {#text} at (1,21) size 31x17
                text run at (1,21) width 31: "Data"
            RenderTableCell {TD} at (74,3) size 33x100 [border: (1px solid #000000)] [r=0 c=2 rs=1 cs=1]
              RenderText {#text} at (1,41) size 31x17
                text run at (1,41) width 31: "Data"
      RenderTable {TABLE} at (0,4959) size 109x106
        RenderTableSection {TBODY} at (0,0) size 109x106
          RenderTableRow {TR} at (0,2) size 109x102
            RenderTableCell {TD} at (2,82) size 35x22 [border: (1px solid #000000)] [r=0 c=0 rs=1 cs=1]
              RenderText {#text} at (2,2) size 31x17
                text run at (2,2) width 31: "Data"
            RenderTableCell {TD} at (39,44) size 33x60 [border: (1px solid #000000)] [r=0 c=1 rs=1 cs=1]
              RenderText {#text} at (1,21) size 31x17
                text run at (1,21) width 31: "Data"
            RenderTableCell {TD} at (74,4) size 33x100 [border: (1px solid #000000)] [r=0 c=2 rs=1 cs=1]
              RenderText {#text} at (1,41) size 31x17
                text run at (1,41) width 31: "Data"
      RenderTable {TABLE} at (0,5065) size 109x68
        RenderTableSection {TBODY} at (0,0) size 109x68
          RenderTableRow {TR} at (0,2) size 109x64
            RenderTableCell {TD} at (2,44) size 35x22 [border: (1px solid #000000)] [r=0 c=0 rs=1 cs=1]
              RenderText {#text} at (2,2) size 31x17
                text run at (2,2) width 31: "Data"
            RenderTableCell {TD} at (39,26) size 33x40 [border: (1px solid #000000)] [r=0 c=1 rs=1 cs=1]
              RenderText {#text} at (1,1) size 31x17
                text run at (1,1) width 31: "Data"
            RenderTableCell {TD} at (74,6) size 33x60 [border: (1px solid #000000)] [r=0 c=2 rs=1 cs=1]
              RenderText {#text} at (1,1) size 31x17
                text run at (1,1) width 31: "Data"
      RenderBlock {P} at (0,5149) size 768x36
        RenderText {#text} at (0,0) size 767x35
          text run at (0,0) width 767: "In each of the following tables, three of the cells should have the same baseline of the first line, and the three so marked"
          text run at (0,18) width 275: "should be aligned top, middle, and bottom:"
      RenderTable {TABLE} at (0,5201) size 464x119
        RenderTableSection {TBODY} at (0,0) size 464x119
          RenderTableRow {TR} at (0,2) size 464x115
            RenderTableCell {TD} at (2,76) size 35x22 [border: (1px solid #000000)] [r=0 c=0 rs=1 cs=1]
              RenderText {#text} at (2,2) size 31x17
                text run at (2,2) width 31: "Data"
            RenderTableCell {TD} at (39,46) size 95x59 [border: (1px solid #000000)] [r=0 c=1 rs=1 cs=1]
              RenderText {#text} at (2,3) size 91x53
                text run at (2,3) width 91: "Data"
            RenderTableCell {TD} at (136,2) size 186x115 [border: (1px solid #000000)] [r=0 c=2 rs=1 cs=1]
              RenderText {#text} at (2,4) size 182x107
                text run at (2,4) width 182: "Data"
            RenderTableCell {TD} at (324,2) size 30x22 [border: (1px solid #000000)] [r=0 c=3 rs=1 cs=1]
              RenderText {#text} at (2,2) size 26x17
                text run at (2,2) width 26: "Top"
            RenderTableCell {TD} at (356,48) size 51x22 [border: (1px solid #000000)] [r=0 c=4 rs=1 cs=1]
              RenderText {#text} at (2,2) size 47x17
                text run at (2,2) width 47: "Middle"
            RenderTableCell {TD} at (409,95) size 53x22 [border: (1px solid #000000)] [r=0 c=5 rs=1 cs=1]
              RenderText {#text} at (2,2) size 49x17
                text run at (2,2) width 49: "Bottom"
      RenderTable {TABLE} at (0,5320) size 464x119
        RenderTableSection {TBODY} at (0,0) size 464x119
          RenderTableRow {TR} at (0,2) size 464x115
            RenderTableCell {TD} at (2,2) size 30x22 [border: (1px solid #000000)] [r=0 c=0 rs=1 cs=1]
              RenderText {#text} at (2,2) size 26x17
                text run at (2,2) width 26: "Top"
            RenderTableCell {TD} at (34,48) size 51x22 [border: (1px solid #000000)] [r=0 c=1 rs=1 cs=1]
              RenderText {#text} at (2,2) size 47x17
                text run at (2,2) width 47: "Middle"
            RenderTableCell {TD} at (87,95) size 53x22 [border: (1px solid #000000)] [r=0 c=2 rs=1 cs=1]
              RenderText {#text} at (2,2) size 49x17
                text run at (2,2) width 49: "Bottom"
            RenderTableCell {TD} at (142,2) size 186x115 [border: (1px solid #000000)] [r=0 c=3 rs=1 cs=1]
              RenderText {#text} at (2,4) size 182x107
                text run at (2,4) width 182: "Data"
            RenderTableCell {TD} at (330,76) size 35x22 [border: (1px solid #000000)] [r=0 c=4 rs=1 cs=1]
              RenderText {#text} at (2,2) size 31x17
                text run at (2,2) width 31: "Data"
            RenderTableCell {TD} at (367,2) size 95x59 [border: (1px solid #000000)] [r=0 c=5 rs=1 cs=1]
              RenderText {#text} at (2,3) size 91x53
                text run at (2,3) width 91: "Data"
      RenderTable {TABLE} at (0,5439) size 464x119
        RenderTableSection {TBODY} at (0,0) size 464x119
          RenderTableRow {TR} at (0,2) size 464x115
            RenderTableCell {TD} at (2,2) size 186x115 [border: (1px solid #000000)] [r=0 c=0 rs=1 cs=1]
              RenderText {#text} at (2,4) size 182x107
                text run at (2,4) width 182: "Data"
            RenderTableCell {TD} at (190,2) size 30x22 [border: (1px solid #000000)] [r=0 c=1 rs=1 cs=1]
              RenderText {#text} at (2,2) size 26x17
                text run at (2,2) width 26: "Top"
            RenderTableCell {TD} at (222,48) size 51x22 [border: (1px solid #000000)] [r=0 c=2 rs=1 cs=1]
              RenderText {#text} at (2,2) size 47x17
                text run at (2,2) width 47: "Middle"
            RenderTableCell {TD} at (275,32) size 35x22 [border: (1px solid #000000)] [r=0 c=3 rs=1 cs=1]
              RenderText {#text} at (2,2) size 31x17
                text run at (2,2) width 31: "Data"
            RenderTableCell {TD} at (312,95) size 53x22 [border: (1px solid #000000)] [r=0 c=4 rs=1 cs=1]
              RenderText {#text} at (2,2) size 49x17
                text run at (2,2) width 49: "Bottom"
            RenderTableCell {TD} at (367,2) size 95x59 [border: (1px solid #000000)] [r=0 c=5 rs=1 cs=1]
              RenderText {#text} at (2,3) size 91x53
                text run at (2,3) width 91: "Data"
      RenderTable {TABLE} at (0,5558) size 464x119
        RenderTableSection {TBODY} at (0,0) size 464x119
          RenderTableRow {TR} at (0,2) size 464x115
            RenderTableCell {TD} at (2,2) size 30x22 [border: (1px solid #000000)] [r=0 c=0 rs=1 cs=1]
              RenderText {#text} at (2,2) size 26x17
                text run at (2,2) width 26: "Top"
            RenderTableCell {TD} at (34,76) size 35x22 [border: (1px solid #000000)] [r=0 c=1 rs=1 cs=1]
              RenderText {#text} at (2,2) size 31x17
                text run at (2,2) width 31: "Data"
            RenderTableCell {TD} at (71,46) size 95x59 [border: (1px solid #000000)] [r=0 c=2 rs=1 cs=1]
              RenderText {#text} at (2,3) size 91x53
                text run at (2,3) width 91: "Data"
            RenderTableCell {TD} at (168,48) size 51x22 [border: (1px solid #000000)] [r=0 c=3 rs=1 cs=1]
              RenderText {#text} at (2,2) size 47x17
                text run at (2,2) width 47: "Middle"
            RenderTableCell {TD} at (221,95) size 53x22 [border: (1px solid #000000)] [r=0 c=4 rs=1 cs=1]
              RenderText {#text} at (2,2) size 49x17
                text run at (2,2) width 49: "Bottom"
            RenderTableCell {TD} at (276,2) size 186x115 [border: (1px solid #000000)] [r=0 c=5 rs=1 cs=1]
              RenderText {#text} at (2,4) size 182x107
                text run at (2,4) width 182: "Data"
      RenderTable {TABLE} at (0,5677) size 464x119
        RenderTableSection {TBODY} at (0,0) size 464x119
          RenderTableRow {TR} at (0,2) size 464x115
            RenderTableCell {TD} at (2,2) size 30x22 [border: (1px solid #000000)] [r=0 c=0 rs=1 cs=1]
              RenderText {#text} at (2,2) size 26x17
                text run at (2,2) width 26: "Top"
            RenderTableCell {TD} at (34,2) size 95x59 [border: (1px solid #000000)] [r=0 c=1 rs=1 cs=1]
              RenderText {#text} at (2,3) size 91x53
                text run at (2,3) width 91: "Data"
            RenderTableCell {TD} at (131,95) size 53x22 [border: (1px solid #000000)] [r=0 c=2 rs=1 cs=1]
              RenderText {#text} at (2,2) size 49x17
                text run at (2,2) width 49: "Bottom"
            RenderTableCell {TD} at (186,2) size 35x22 [border: (1px solid #000000)] [r=0 c=3 rs=1 cs=1]
              RenderText {#text} at (2,2) size 31x17
                text run at (2,2) width 31: "Data"
            RenderTableCell {TD} at (223,2) size 186x115 [border: (1px solid #000000)] [r=0 c=4 rs=1 cs=1]
              RenderText {#text} at (2,4) size 182x107
                text run at (2,4) width 182: "Data"
            RenderTableCell {TD} at (411,48) size 51x22 [border: (1px solid #000000)] [r=0 c=5 rs=1 cs=1]
              RenderText {#text} at (2,2) size 47x17
                text run at (2,2) width 47: "Middle"
      RenderBlock {HR} at (0,5804) size 768x2 [border: (1px inset #000000)]
      RenderBlock {P} at (0,5822) size 768x35
        RenderInline {A} at (0,0) size 88x17 [color=#0000EE]
          RenderImage {IMG} at (0,0) size 88x31
      RenderBlock {P} at (0,5873) size 768x18
        RenderText {#text} at (0,0) size 59x17
          text run at (0,0) width 59: "(Back to "
        RenderInline {A} at (0,0) size 162x17 [color=#0000EE]
          RenderText {#text} at (58,0) size 162x17
            text run at (58,0) width 162: "CSS Testing Information"
        RenderText {#text} at (219,0) size 9x17
          text run at (219,0) width 9: ", "
        RenderInline {A} at (0,0) size 83x17 [color=#0000EE]
          RenderText {#text} at (227,0) size 83x17
            text run at (227,0) width 83: "David Baron"
        RenderText {#text} at (309,0) size 7x17
          text run at (309,0) width 7: ")"
      RenderBlock {P} at (0,5907) size 768x18
        RenderInline {A} at (0,0) size 32x17 [color=#0000EE]
          RenderText {#text} at (0,0) size 32x17
            text run at (0,0) width 32: "LDB"
        RenderText {#text} at (32,0) size 8x17
          text run at (32,0) width 8: ", "
        RenderInline {A} at (0,0) size 158x17 [color=#0000EE]
          RenderText {#text} at (40,0) size 158x17
            text run at (40,0) width 158: "dbaron@fas.harvard.edu"
