layer at (0,0) size 808x584
  RenderView at (0,0) size 800x584
layer at (0,0) size 800x584
  RenderBlock {HTML} at (0,0) size 800x584
    RenderBody {BODY} at (8,8) size 784x568
      RenderTable {TABLE} at (0,0) size 800x568 [border: (1px outset #808080)]
        RenderTableSection {TBODY} at (1,1) size 798x566
          RenderTableRow {TR} at (0,2) size 798x562
            RenderTableCell {TD} at (2,2) size 794x562 [border: (1px inset #808080)] [r=0 c=0 rs=1 cs=1]
              RenderTable {TABLE} at (2,2) size 790x558 [border: (1px outset #808080)]
                RenderTableSection {TBODY} at (1,1) size 788x556
                  RenderTableRow {TR} at (0,2) size 788x552
                    RenderTableCell {TD} at (2,4) size 784x548 [border: (1px inset #808080)] [r=0 c=0 rs=1 cs=1]
                      RenderPartObject {IFRAME} at (2,2) size 790x544 [border: (5px solid #0000FF)]
                        layer at (0,0) size 764x1858
                          RenderView at (0,0) size 764x534
                        layer at (0,0) size 764x1858
                          RenderBlock {HTML} at (0,0) size 764x1858
                            RenderBody {BODY} at (0,0) size 764x1858 [bgcolor=#53799F]
                              RenderBlock {CENTER} at (0,0) size 764x1858
                                RenderBlock (anonymous) at (0,0) size 764x18
                                  RenderBR {BR} at (382,0) size 0x17
                                RenderTable {TABLE} at (19,18) size 725x1822 [border: (1px solid #000000)]
                                  RenderTableSection {TBODY} at (1,1) size 723x1820
                                    RenderTableRow {TR} at (0,0) size 723x20
                                      RenderTableCell {TD} at (0,0) size 723x20 [bgcolor=#3F5694] [border: (1px solid #000000)] [r=0 c=0 rs=1 cs=1]
                                        RenderText {#text} at (343,1) size 37x17
                                          text run at (343,1) width 37: "News"
                                    RenderTableRow {TR} at (0,20) size 723x38
                                      RenderTableCell {TD} at (0,20) size 723x38 [border: (1px solid #000000)] [r=1 c=0 rs=1 cs=1]
                                        RenderInline {B} at (0,0) size 99x17
                                          RenderText {#text} at (312,1) size 99x17
                                            text run at (312,1) width 99: "11. M\x{E4}rz 2002"
                                        RenderBR {BR} at (410,15) size 1x0
                                        RenderText {#text} at (42,19) size 639x17
                                          text run at (42,19) width 501: "nun gibt es auch eine kommerzielle Version vom PopUp-Manager, mehr Info "
                                          text run at (542,19) width 139: "unter komerz. Scripte"
                                    RenderTableRow {TR} at (0,58) size 723x38
                                      RenderTableCell {TD} at (0,58) size 723x38 [border: (1px solid #000000)] [r=2 c=0 rs=1 cs=1]
                                        RenderInline {B} at (0,0) size 95x17
                                          RenderText {#text} at (314,1) size 95x17
                                            text run at (314,1) width 95: "09.M\x{E4}rz 2002"
                                          RenderBR {BR} at (408,15) size 1x0
                                        RenderText {#text} at (154,19) size 415x17
                                          text run at (154,19) width 415: "neues Script ist online, PopUp-Manager, mehr Info unter Scripte"
                                    RenderTableRow {TR} at (0,96) size 723x38
                                      RenderTableCell {TD} at (0,96) size 723x38 [border: (1px solid #000000)] [r=3 c=0 rs=1 cs=1]
                                        RenderText {#text} at (297,1) size 129x17
                                          text run at (297,1) width 129: "17. November 2001"
                                        RenderBR {BR} at (425,15) size 1x0
                                        RenderText {#text} at (276,19) size 171x17
                                          text run at (276,19) width 171: "Endlich wieder Online! :-)"
                                    RenderTableRow {TR} at (0,134) size 723x164
                                      RenderTableCell {TD} at (0,134) size 723x164 [border: (1px solid #000000)] [r=4 c=0 rs=1 cs=1]
                                        RenderText {#text} at (265,1) size 193x17
                                          text run at (265,1) width 193: "23. Oktober 2001 (21:00 Uhr)"
                                        RenderBR {BR} at (457,15) size 1x0
                                        RenderText {#text} at (304,19) size 115x17
                                          text run at (304,19) width 115: "Es ist vollbracht! "
                                        RenderBR {BR} at (418,33) size 1x0
                                        RenderText {#text} at (200,37) size 323x17
                                          text run at (200,37) width 323: "Ich habe nun den .htaccess-BUG bei den Scripten:"
                                        RenderBR {BR} at (522,51) size 1x0
                                        RenderText {#text} at (97,55) size 529x17
                                          text run at (97,55) width 529: "The Real Topsites, Sponsor Manager, Download Manager und Password Manager"
                                        RenderBR {BR} at (625,69) size 1x0
                                        RenderText {#text} at (113,73) size 497x17
                                          text run at (113,73) width 437: "abgeschafft, brauchte 2 Tage daf\x{FC}r, dabei lag der Fehler vor meiner "
                                          text run at (549,73) width 61: "Nase ! :-)"
                                        RenderBR {BR} at (609,87) size 1x0
                                        RenderText {#text} at (4,91) size 719x71
                                          text run at (4,91) width 384: "F\x{FC}r Euch hei\x{DF}t es, wenn Ihr eines der Scripte benutzt, ladet "
                                          text run at (387,91) width 332: "Euch die admin.cgi runter und vereinbart unbedingt"
                                          text run at (6,109) width 135: "ein neues Password! "
                                          text run at (140,109) width 461: "Au\x{DF}erdem wurde bei der Toplist die Sache mit dem Button Load/Klick "
                                          text run at (600,109) width 117: "um programmiert,"
                                          text run at (2,127) width 358: "f\x{FC}r die Leute die den Button Load/Klick Modus haben, "
                                          text run at (359,127) width 362: "Ihr m\x{FC}st Euch auch die topsites.cgi laden und im Admin"
                                          text run at (156,145) width 92: "Bereich unter "
                                          text run at (247,145) width 320: "Modus unten die URL zu Eurem Button angeben!"
                                    RenderTableRow {TR} at (0,298) size 723x38
                                      RenderTableCell {TD} at (0,298) size 723x38 [border: (1px solid #000000)] [r=5 c=0 rs=1 cs=1]
                                        RenderText {#text} at (305,1) size 113x17
                                          text run at (305,1) width 113: "22. Oktober 2001"
                                        RenderBR {BR} at (417,15) size 1x0
                                        RenderText {#text} at (118,19) size 487x17
                                          text run at (118,19) width 439: "Download-Bereich ist vorrerst geschlo\x{DF}en, kommen Sie bitte sp\x{E4}ter "
                                          text run at (556,19) width 49: "wieder."
                                    RenderTableRow {TR} at (0,336) size 723x56
                                      RenderTableCell {TD} at (0,336) size 723x56 [border: (1px solid #000000)] [r=6 c=0 rs=1 cs=1]
                                        RenderText {#text} at (265,1) size 193x17
                                          text run at (265,1) width 193: "21. Oktober 2001 (22:45 Uhr)"
                                        RenderBR {BR} at (457,15) size 1x0
                                        RenderText {#text} at (21,19) size 681x35
                                          text run at (21,19) width 417: "OK, sorry f\x{FC}r die Unannehmlichkeiten, aber Ihr m\x{FC}sst Euch nun "
                                          text run at (437,19) width 265: "noch mal die Scripte runter laden und die"
                                          text run at (31,37) width 211: "admin.cgi erneuern, hier kommt "
                                          text run at (241,37) width 451: "noch das Password-Manager-Script dazu, sollte jetzt alles sicher sein! "
                                        RenderBR {BR} at (0,0) size 0x0
                                    RenderTableRow {TR} at (0,392) size 723x110
                                      RenderTableCell {TD} at (0,392) size 723x110 [border: (1px solid #000000)] [r=7 c=0 rs=1 cs=1]
                                        RenderText {#text} at (265,1) size 193x17
                                          text run at (265,1) width 193: "21. Oktober 2001 (20:50 Uhr)"
                                        RenderBR {BR} at (457,15) size 1x0
                                        RenderText {#text} at (165,19) size 393x17
                                          text run at (165,19) width 393: "An alle Leute die follgende Scripte von G5-Scripts benutzen:"
                                        RenderBR {BR} at (557,33) size 1x0
                                        RenderText {#text} at (177,37) size 369x17
                                          text run at (177,37) width 369: "The Real Topsites, Download Counter, Sponsor Manager"
                                        RenderBR {BR} at (545,51) size 1x0
                                        RenderText {#text} at (18,55) size 687x17
                                          text run at (18,55) width 476: "bitte noch ein mal runter laden und die admin.cgi erneuern, beim Sponsor "
                                          text run at (493,55) width 212: "Manager kommt noch eine Datei"
                                        RenderBR {BR} at (704,69) size 1x0
                                        RenderText {#text} at (302,73) size 119x17
                                          text run at (302,73) width 119: "'variable.pl' dazu!!"
                                        RenderBR {BR} at (420,87) size 1x0
                                        RenderText {#text} at (68,91) size 587x17
                                          text run at (68,91) width 481: "Der Grund : man hat festgestellt das .htaccess Password Schutz doch nicht "
                                          text run at (548,91) width 107: "das sicherste ist!"
                                    RenderTableRow {TR} at (0,502) size 723x198
                                      RenderTableCell {TD} at (0,502) size 723x198 [border: (1px solid #000000)] [r=8 c=0 rs=1 cs=1]
                                        RenderBlock {P} at (1,1) size 721x144
                                          RenderText {#text} at (304,0) size 113x17
                                            text run at (304,0) width 113: "13. Oktober 2001"
                                          RenderBR {BR} at (416,14) size 1x0
                                          RenderText {#text} at (74,18) size 573x17
                                            text run at (74,18) width 493: "Ich habe es nun endlich geschafft das Gateway bei der Toplist mit IP-Sperre "
                                            text run at (566,18) width 81: "zu versehen,"
                                          RenderBR {BR} at (646,32) size 1x0
                                          RenderText {#text} at (38,36) size 645x35
                                            text run at (38,36) width 451: "dabei war der Fehler den ich vorher nicht verstand eine simple Sache, "
                                            text run at (488,36) width 195: "h\x{E4}tte ich doch ein wenig mehr"
                                            text run at (317,54) width 87: "nachgedacht!"
                                          RenderBR {BR} at (403,68) size 1x0
                                          RenderText {#text} at (2,72) size 719x71
                                            text run at (2,72) width 437: "Des weiteren habe ich noch die Datensicherung umgeschrieben, f\x{FC}r "
                                            text run at (438,72) width 281: "alle die Listen deren Hits ab und zu mal auf"
                                            text run at (1,90) width 155: "0 gesetzt werden, sollte "
                                            text run at (155,90) width 465: "jetzt nicht mehr passieren und ich habe noch den Mail Versand aus dem "
                                            text run at (619,90) width 101: "Admin-Bereich"
                                            text run at (11,108) width 356: "umgeschrieben und zwar wurde fr\x{FC}her der Text immer "
                                            text run at (366,108) width 344: "zusammen gequetscht, die Enters wurden so zu sagen"
                                            text run at (276,126) width 95: "ignoriert, jetzt "
                                            text run at (370,126) width 75: "nicht mehr!"
                                        RenderBlock {P} at (1,161) size 721x36
                                          RenderText {#text} at (3,0) size 715x35
                                            text run at (3,0) width 381: ">> F\x{FC}r alle die das Script vor dem 11.10.01 runter geladen "
                                            text run at (383,0) width 335: "haben, Ihr solltet es Euch noch mal runter laden und"
                                            text run at (116,18) width 146: "die folgenden Dateien "
                                            text run at (261,18) width 344: "durch die neuen ersetzen: topsites.cgi und admin.cgi ."
                                    RenderTableRow {TR} at (0,700) size 723x38
                                      RenderTableCell {TD} at (0,700) size 723x38 [border: (1px solid #000000)] [r=9 c=0 rs=1 cs=1]
                                        RenderText {#text} at (305,1) size 113x17
                                          text run at (305,1) width 113: "11. Oktober 2001"
                                        RenderBR {BR} at (417,15) size 1x0
                                        RenderText {#text} at (114,19) size 495x17
                                          text run at (114,19) width 495: "neues Script ist online, .htaccess-Password-Manager, mehr Info unter Scripte"
                                    RenderTableRow {TR} at (0,738) size 723x38
                                      RenderTableCell {TD} at (0,738) size 723x38 [border: (1px solid #000000)] [r=10 c=0 rs=1 cs=1]
                                        RenderText {#text} at (297,1) size 129x17
                                          text run at (297,1) width 129: "08. September 2001"
                                        RenderBR {BR} at (425,15) size 1x0
                                        RenderText {#text} at (192,19) size 339x17
                                          text run at (192,19) width 339: "Eine neu Version des Download Counters ist online!"
                                    RenderTableRow {TR} at (0,776) size 723x56
                                      RenderTableCell {TD} at (0,776) size 723x56 [border: (1px solid #000000)] [r=11 c=0 rs=1 cs=1]
                                        RenderText {#text} at (308,1) size 107x17
                                          text run at (308,1) width 107: "11. August 2001"
                                        RenderBR {BR} at (414,15) size 1x0
                                        RenderText {#text} at (22,19) size 679x17
                                          text run at (22,19) width 454: "Ich habe so eben eine random.cgi f\x{FC}r den Topsites Script geschrieben. "
                                          text run at (475,19) width 226: "Die random.cgi f\x{FC}hrt den Besucher"
                                        RenderBR {BR} at (700,33) size 1x0
                                        RenderText {#text} at (247,37) size 229x17
                                          text run at (247,37) width 229: "auf eine zuf\x{E4}llig ausgew\x{E4}hlte Seite."
                                    RenderTableRow {TR} at (0,832) size 723x56
                                      RenderTableCell {TD} at (0,832) size 723x56 [border: (1px solid #000000)] [r=12 c=0 rs=1 cs=1]
                                        RenderText {#text} at (308,1) size 107x17
                                          text run at (308,1) width 107: "08. August 2001"
                                        RenderBR {BR} at (414,15) size 1x0
                                        RenderText {#text} at (88,19) size 547x17
                                          text run at (88,19) width 471: "Ich schreibe gerade eine neue Version von dem Download Counter, bitte "
                                          text run at (558,19) width 77: "schreibt mir"
                                        RenderBR {BR} at (634,33) size 1x0
                                        RenderText {#text} at (180,37) size 363x17
                                          text run at (180,37) width 363: "ins Forum was Ihr da alles haben wollt, wer das benutzt!"
                                    RenderTableRow {TR} at (0,888) size 723x56
                                      RenderTableCell {TD} at (0,888) size 723x56 [border: (1px solid #000000)] [r=13 c=0 rs=1 cs=1]
                                        RenderText {#text} at (319,1) size 85x17
                                          text run at (319,1) width 85: "09. Juli 2001"
                                        RenderBR {BR} at (403,15) size 1x0
                                        RenderText {#text} at (5,19) size 713x35
                                          text run at (5,19) width 459: "eine kleiner Bug in der Topsites.cgi wurde behoben! Wer m\x{F6}chte kann "
                                          text run at (463,19) width 255: "sich die jetzige Zip runter laden und die"
                                          text run at (174,37) width 176: "topsites.cgi auktualisieren, "
                                          text run at (349,37) width 200: "mu\x{DF} aber nicht unbedingt sein!"
                                    RenderTableRow {TR} at (0,944) size 723x56
                                      RenderTableCell {TD} at (0,944) size 723x56 [border: (1px solid #000000)] [r=14 c=0 rs=1 cs=1]
                                        RenderText {#text} at (319,1) size 85x17
                                          text run at (319,1) width 85: "01. Juli 2001"
                                        RenderBR {BR} at (403,15) size 1x0
                                        RenderText {#text} at (74,19) size 575x17
                                          text run at (74,19) width 508: "Jetzt haben wir einen Support Forum, postet Eure Fragen da rein und versuche "
                                          text run at (581,19) width 68: "Sie alle zu"
                                        RenderBR {BR} at (648,33) size 1x0
                                        RenderText {#text} at (48,37) size 627x17
                                          text run at (48,37) width 399: "beantworten! Au\x{DF}erdem k\x{F6}nnt Ihr dort auch Eure Vorschl\x{E4}ge "
                                          text run at (446,37) width 229: "zu den einzelnen Scripten abgeben!"
                                    RenderTableRow {TR} at (0,1000) size 723x56
                                      RenderTableCell {TD} at (0,1000) size 723x56 [border: (1px solid #000000)] [r=15 c=0 rs=1 cs=1]
                                        RenderText {#text} at (319,1) size 85x17
                                          text run at (319,1) width 85: "01. Juli 2001"
                                        RenderBR {BR} at (403,15) size 1x0
                                        RenderText {#text} at (102,19) size 519x17
                                          text run at (102,19) width 493: "Und wieder eine neue Version von The Real Topsites ist online, die Version "
                                          text run at (594,19) width 27: "3.4!"
                                        RenderBR {BR} at (620,33) size 1x0
                                        RenderText {#text} at (138,37) size 447x17
                                          text run at (138,37) width 447: "Es gibt einige neue Funktionen und es wurde auch einiges verbessert!"
                                    RenderTableRow {TR} at (0,1056) size 723x56
                                      RenderTableCell {TD} at (0,1056) size 723x56 [border: (1px solid #000000)] [r=16 c=0 rs=1 cs=1]
                                        RenderText {#text} at (318,1) size 87x17
                                          text run at (318,1) width 87: "20. Juni 2001"
                                        RenderBR {BR} at (404,15) size 1x0
                                        RenderText {#text} at (116,19) size 491x17
                                          text run at (116,19) width 459: "unser Hoster hat ein paar kleine Probleme also sollte irgend was an der "
                                          text run at (574,19) width 33: "Seite"
                                        RenderBR {BR} at (606,33) size 1x0
                                        RenderText {#text} at (236,37) size 251x17
                                          text run at (236,37) width 251: "nicht gehen, einfach wieder versuchen!"
                                    RenderTableRow {TR} at (0,1112) size 723x92
                                      RenderTableCell {TD} at (0,1112) size 723x92 [border: (1px solid #000000)] [r=17 c=0 rs=1 cs=1]
                                        RenderText {#text} at (318,1) size 87x17
                                          text run at (318,1) width 87: "09. Juni 2001"
                                        RenderBR {BR} at (404,15) size 1x0
                                        RenderText {#text} at (78,19) size 567x17
                                          text run at (78,19) width 456: "Die neue Version (3.3) von The Real Topsites ist online, es gibt einige "
                                          text run at (533,19) width 112: "neue Funktionen "
                                        RenderBR {BR} at (644,33) size 1x0
                                        RenderText {#text} at (242,37) size 239x17
                                          text run at (242,37) width 239: "und es wurde auch einiges ver\x{E4}ndert!"
                                        RenderBR {BR} at (480,51) size 1x0
                                        RenderText {#text} at (229,55) size 265x17
                                          text run at (229,55) width 265: "Mehr Info unter \"Perl Scripte\" im Men\x{FC}. "
                                        RenderBR {BR} at (493,69) size 1x0
                                        RenderText {#text} at (145,73) size 433x17
                                          text run at (145,73) width 433: "P.S. den Umstieg auf die Version3.3 kann ich Euch nur empfehlen!"
                                    RenderTableRow {TR} at (0,1204) size 723x74
                                      RenderTableCell {TD} at (0,1204) size 723x74 [border: (1px solid #000000)] [r=18 c=0 rs=1 cs=1]
                                        RenderText {#text} at (318,1) size 87x17
                                          text run at (318,1) width 87: "04. Juni 2001"
                                        RenderBR {BR} at (404,15) size 1x0
                                        RenderText {#text} at (128,19) size 467x17
                                          text run at (128,19) width 467: "Ein kleiner Bug bei Topsites Script wurde gefunden und sofort behoben!"
                                        RenderBR {BR} at (594,33) size 1x0
                                        RenderText {#text} at (134,37) size 455x17
                                          text run at (134,37) width 455: "Bug: es wurde immer wieder die selbe Site Of The Moment angezeigt!"
                                        RenderBR {BR} at (588,51) size 1x0
                                        RenderText {#text} at (137,55) size 449x17
                                          text run at (137,55) width 444: "Ladet Euch die jetzige Version runter und ersetzt nur die topsites.cgi "
                                          text run at (580,55) width 6: "!"
                                    RenderTableRow {TR} at (0,1278) size 723x56
                                      RenderTableCell {TD} at (0,1278) size 723x56 [border: (1px solid #000000)] [r=19 c=0 rs=1 cs=1]
                                        RenderText {#text} at (318,1) size 87x17
                                          text run at (318,1) width 87: "01. Juni 2001"
                                        RenderBR {BR} at (404,15) size 1x0
                                        RenderText {#text} at (205,19) size 313x17
                                          text run at (205,19) width 313: "Ein neues Script ist online! G5-ICQ Newsletter. "
                                        RenderBR {BR} at (517,33) size 1x0
                                        RenderText {#text} at (231,37) size 261x17
                                          text run at (231,37) width 261: "Mehr Info unter \"Perl Scripte\" im Men\x{FC}."
                                    RenderTableRow {TR} at (0,1334) size 723x56
                                      RenderTableCell {TD} at (0,1334) size 723x56 [border: (1px solid #000000)] [r=20 c=0 rs=1 cs=1]
                                        RenderText {#text} at (318,1) size 87x17
                                          text run at (318,1) width 87: "31. Mai 2001"
                                        RenderBR {BR} at (404,15) size 1x0
                                        RenderText {#text} at (149,19) size 425x17
                                          text run at (149,19) width 425: "Ich habe einen ICQ-Newsletter Script installiert, unter dem Men\x{FC}."
                                        RenderBR {BR} at (573,33) size 1x0
                                        RenderText {#text} at (169,37) size 385x17
                                          text run at (169,37) width 385: "Tragt Euch ein, dann seit Ihr immer auf dem neusten Stand!"
                                    RenderTableRow {TR} at (0,1390) size 723x38
                                      RenderTableCell {TD} at (0,1390) size 723x38 [border: (1px solid #000000)] [r=21 c=0 rs=1 cs=1]
                                        RenderText {#text} at (318,1) size 87x17
                                          text run at (318,1) width 87: "26. Mai 2001"
                                        RenderBR {BR} at (404,15) size 1x0
                                        RenderText {#text} at (253,19) size 217x17
                                          text run at (253,19) width 217: "The Real Topsites v3.0 ist online!"
                                    RenderTableRow {TR} at (0,1428) size 723x56
                                      RenderTableCell {TD} at (0,1428) size 723x56 [border: (1px solid #000000)] [r=22 c=0 rs=1 cs=1]
                                        RenderText {#text} at (318,1) size 87x17
                                          text run at (318,1) width 87: "25. Mai 2001"
                                        RenderBR {BR} at (404,15) size 1x0
                                        RenderText {#text} at (197,19) size 329x17
                                          text run at (197,19) width 329: "Ein neues Script ist online! G5-Download Counter."
                                        RenderBR {BR} at (525,33) size 1x0
                                        RenderText {#text} at (231,37) size 261x17
                                          text run at (231,37) width 261: "Mehr Info unter \"Perl Scripte\" im Men\x{FC}."
                                    RenderTableRow {TR} at (0,1484) size 723x92
                                      RenderTableCell {TD} at (0,1484) size 723x92 [border: (1px solid #000000)] [r=23 c=0 rs=1 cs=1]
                                        RenderText {#text} at (318,1) size 87x17
                                          text run at (318,1) width 87: "24. Mai 2001"
                                        RenderBR {BR} at (404,15) size 1x0
                                        RenderText {#text} at (107,19) size 509x17
                                          text run at (107,19) width 432: "Ich habe es mir sehr lange \x{FC}berlegt, die Entscheidung war wirklich "
                                          text run at (538,19) width 78: "nicht leicht!"
                                        RenderBR {BR} at (615,33) size 1x0
                                        RenderText {#text} at (82,37) size 559x17
                                          text run at (82,37) width 409: "Ich habe mich entschieden den Script \"The Real Topsites\" zum "
                                          text run at (490,37) width 151: "Download freizugeben."
                                        RenderBR {BR} at (640,51) size 1x0
                                        RenderText {#text} at (213,55) size 297x17
                                          text run at (213,55) width 297: "Ihr k\x{F6}nnt es Euch jetzt kostenlos runter laden!"
                                        RenderBR {BR} at (509,69) size 1x0
                                        RenderText {#text} at (306,73) size 111x17
                                          text run at (306,73) width 111: "Viel Spa\x{DF} damit!"
                                    RenderTableRow {TR} at (0,1576) size 723x56
                                      RenderTableCell {TD} at (0,1576) size 723x56 [border: (1px solid #000000)] [r=24 c=0 rs=1 cs=1]
                                        RenderText {#text} at (318,1) size 87x17
                                          text run at (318,1) width 87: "13. Mai 2001"
                                        RenderBR {BR} at (404,15) size 1x0
                                        RenderText {#text} at (1,19) size 721x35
                                          text run at (1,19) width 472: "Es gab nur eine kleine Ver\x{E4}nderung bei G5-Sponsor-Manager, man kann "
                                          text run at (472,19) width 250: "den Script jetzt auch via Java aufrufen,"
                                          text run at (44,37) width 192: "so das Euer Server jetzt nicht "
                                          text run at (235,37) width 372: "unbedingt SSI unterst\x{FC}tzen mu\x{DF} um den Script ausf\x{FC}hren "
                                          text run at (606,37) width 73: "zu k\x{F6}nnen!"
                                    RenderTableRow {TR} at (0,1632) size 723x56
                                      RenderTableCell {TD} at (0,1632) size 723x56 [border: (1px solid #000000)] [r=25 c=0 rs=1 cs=1]
                                        RenderText {#text} at (314,1) size 95x17
                                          text run at (314,1) width 95: "22. April 2001"
                                        RenderBR {BR} at (408,15) size 1x0
                                        RenderText {#text} at (201,19) size 321x17
                                          text run at (201,19) width 321: "Ein neues Script ist online! G5-Sponsor-Manager."
                                        RenderBR {BR} at (521,33) size 1x0
                                        RenderText {#text} at (231,37) size 261x17
                                          text run at (231,37) width 261: "Mehr Info unter \"Perl Scripte\" im Men\x{FC}."
                                    RenderTableRow {TR} at (0,1688) size 723x74
                                      RenderTableCell {TD} at (0,1688) size 723x74 [border: (1px solid #000000)] [r=26 c=0 rs=1 cs=1]
                                        RenderText {#text} at (314,1) size 95x17
                                          text run at (314,1) width 95: "20. April 2001"
                                        RenderBR {BR} at (408,15) size 1x0
                                        RenderText {#text} at (185,19) size 353x17
                                          text run at (185,19) width 353: "Auf einige Anfragen habe ich eine Demonstration von "
                                        RenderBR {BR} at (537,33) size 1x0
                                        RenderText {#text} at (197,37) size 329x17
                                          text run at (197,37) width 329: "\"The Real Topsites\" (Toplist Script) ver\x{F6}ffentlicht!"
                                        RenderBR {BR} at (525,51) size 1x0
                                        RenderText {#text} at (231,55) size 261x17
                                          text run at (231,55) width 261: "Mehr Info unter \"Perl Scripte\" im Men\x{FC}."
                                    RenderTableRow {TR} at (0,1762) size 723x38
                                      RenderTableCell {TD} at (0,1762) size 723x38 [border: (1px solid #000000)] [r=27 c=0 rs=1 cs=1]
                                        RenderText {#text} at (314,1) size 95x17
                                          text run at (314,1) width 95: "13. M\x{E4}rz 2001"
                                        RenderBR {BR} at (408,15) size 1x0
                                        RenderText {#text} at (216,19) size 291x17
                                          text run at (216,19) width 291: "An diesem Tag ging die G5-Script.de online!"
                                    RenderTableRow {TR} at (0,1800) size 723x20
                                      RenderTableCell {TD} at (0,1800) size 723x20 [border: (1px solid #000000)] [r=28 c=0 rs=1 cs=1]
                                        RenderText {#text} at (359,1) size 5x17
                                          text run at (359,1) width 5: " "
                                RenderBlock (anonymous) at (0,1840) size 764x18
                                  RenderBR {BR} at (382,0) size 0x17
