layer at (0,0) size 784x632
  RenderView at (0,0) size 784x600
layer at (0,0) size 784x632
  RenderBlock {HTML} at (0,0) size 784x632
    RenderBody {BODY} at (8,8) size 768x616
      RenderBlock (anonymous) at (0,0) size 768x18
        RenderText {#text} at (0,0) size 287x17
          text run at (0,0) width 287: "border=\"0\" cellspacing=\"0\" cellpadding=\"0\""
      RenderTable {TABLE} at (0,18) size 768x46 [bgcolor=#DDDD33]
        RenderTableSection {TBODY} at (0,0) size 768x46
          RenderTableRow {TR} at (0,0) size 768x46
            RenderTableCell {TD} at (0,23) size 12x0 [r=0 c=0 rs=1 cs=1]
            RenderTableCell {TD} at (12,0) size 744x46 [r=0 c=1 rs=1 cs=1]
            RenderTableCell {TD} at (756,23) size 12x0 [r=0 c=2 rs=1 cs=1]
      RenderBlock (anonymous) at (0,64) size 768x18
        RenderText {#text} at (0,0) size 211x17
          text run at (0,0) width 211: "cellspacing=\"0\" cellpadding=\"0\""
      RenderTable {TABLE} at (0,82) size 768x46 [bgcolor=#CCCCFF]
        RenderTableSection {TBODY} at (0,0) size 768x46
          RenderTableRow {TR} at (0,0) size 768x46
            RenderTableCell {TD} at (0,23) size 12x0 [r=0 c=0 rs=1 cs=1]
            RenderTableCell {TD} at (12,0) size 744x46 [r=0 c=1 rs=1 cs=1]
            RenderTableCell {TD} at (756,23) size 12x0 [r=0 c=2 rs=1 cs=1]
      RenderBlock (anonymous) at (0,128) size 768x18
        RenderText {#text} at (0,0) size 105x17
          text run at (0,0) width 105: "cellpadding=\"0\""
      RenderTable {TABLE} at (0,146) size 768x50 [bgcolor=#FF9999]
        RenderTableSection {TBODY} at (0,0) size 768x50
          RenderTableRow {TR} at (0,2) size 768x46
            RenderTableCell {TD} at (2,25) size 12x0 [r=0 c=0 rs=1 cs=1]
            RenderTableCell {TD} at (16,2) size 736x46 [r=0 c=1 rs=1 cs=1]
            RenderTableCell {TD} at (754,25) size 12x0 [r=0 c=2 rs=1 cs=1]
      RenderBlock (anonymous) at (0,196) size 768x18
        RenderText {#text} at (0,0) size 181x17
          text run at (0,0) width 181: "border=\"0\" cellpadding=\"0\""
      RenderTable {TABLE} at (0,214) size 768x50 [bgcolor=#AAEEBB]
        RenderTableSection {TBODY} at (0,0) size 768x50
          RenderTableRow {TR} at (0,2) size 768x46
            RenderTableCell {TD} at (2,25) size 12x0 [r=0 c=0 rs=1 cs=1]
            RenderTableCell {TD} at (16,2) size 736x46 [r=0 c=1 rs=1 cs=1]
            RenderTableCell {TD} at (754,25) size 12x0 [r=0 c=2 rs=1 cs=1]
      RenderBlock (anonymous) at (0,264) size 768x18
        RenderInline {FONT} at (0,0) size 31x17 [color=#0000FF]
          RenderText {#text} at (0,0) size 31x17
            text run at (0,0) width 31: "right"
        RenderText {#text} at (30,0) size 77x17
          text run at (30,0) width 77: " border=\"0\""
      RenderTable {TABLE} at (0,282) size 768x52 [bgcolor=#FFCCEE]
        RenderTableSection {TBODY} at (0,0) size 768x52
          RenderTableRow {TR} at (0,2) size 768x48
            RenderTableCell {TD} at (2,25) size 14x2 [r=0 c=0 rs=1 cs=1]
            RenderTableCell {TD} at (18,2) size 732x48 [r=0 c=1 rs=1 cs=1]
            RenderTableCell {TD} at (752,25) size 14x2 [r=0 c=2 rs=1 cs=1]
      RenderBlock (anonymous) at (0,334) size 768x18
        RenderInline {FONT} at (0,0) size 31x17 [color=#0000FF]
          RenderText {#text} at (0,0) size 31x17
            text run at (0,0) width 31: "right"
        RenderText {#text} at (30,0) size 109x17
          text run at (30,0) width 109: " cellpadding=\"1\""
      RenderTable {TABLE} at (0,352) size 768x52 [bgcolor=#66DDFF]
        RenderTableSection {TBODY} at (0,0) size 768x52
          RenderTableRow {TR} at (0,2) size 768x48
            RenderTableCell {TD} at (2,25) size 14x2 [r=0 c=0 rs=1 cs=1]
            RenderTableCell {TD} at (18,2) size 732x48 [r=0 c=1 rs=1 cs=1]
            RenderTableCell {TD} at (752,25) size 14x2 [r=0 c=2 rs=1 cs=1]
      RenderBlock (anonymous) at (0,404) size 768x18
        RenderInline {FONT} at (0,0) size 31x17 [color=#0000FF]
          RenderText {#text} at (0,0) size 31x17
            text run at (0,0) width 31: "right"
        RenderText {#text} at (30,0) size 291x17
          text run at (30,0) width 291: " border=\"1\" cellspacing=\"0\" cellpadding=\"0\""
      RenderTable {TABLE} at (0,422) size 768x50 [bgcolor=#EEEEEE] [border: (1px outset #808080)]
        RenderTableSection {TBODY} at (1,1) size 766x48
          RenderTableRow {TR} at (0,0) size 766x48
            RenderTableCell {TD} at (0,23) size 14x2 [border: (1px inset #808080)] [r=0 c=0 rs=1 cs=1]
            RenderTableCell {TD} at (14,0) size 738x48 [border: (1px inset #808080)] [r=0 c=1 rs=1 cs=1]
            RenderTableCell {TD} at (752,23) size 14x2 [border: (1px inset #808080)] [r=0 c=2 rs=1 cs=1]
      RenderBlock (anonymous) at (0,472) size 768x18
        RenderInline {FONT} at (0,0) size 31x17 [color=#0000FF]
          RenderText {#text} at (0,0) size 31x17
            text run at (0,0) width 31: "right"
        RenderText {#text} at (30,0) size 183x17
          text run at (30,0) width 183: " border=\"1\" cellspacing=\"0\""
      RenderTable {TABLE} at (0,490) size 768x52 [bgcolor=#FFCC66] [border: (1px outset #808080)]
        RenderTableSection {TBODY} at (1,1) size 766x50
          RenderTableRow {TR} at (0,0) size 766x50
            RenderTableCell {TD} at (0,23) size 16x4 [border: (1px inset #808080)] [r=0 c=0 rs=1 cs=1]
            RenderTableCell {TD} at (16,0) size 734x50 [border: (1px inset #808080)] [r=0 c=1 rs=1 cs=1]
            RenderTableCell {TD} at (750,23) size 16x4 [border: (1px inset #808080)] [r=0 c=2 rs=1 cs=1]
      RenderBlock (anonymous) at (0,542) size 768x18
        RenderInline {FONT} at (0,0) size 31x17 [color=#0000FF]
          RenderText {#text} at (0,0) size 31x17
            text run at (0,0) width 31: "right"
        RenderText {#text} at (30,0) size 77x17
          text run at (30,0) width 77: " border=\"1\""
      RenderTable {TABLE} at (0,560) size 768x56 [bgcolor=#CCFF33] [border: (1px outset #808080)]
        RenderTableSection {TBODY} at (1,1) size 766x54
          RenderTableRow {TR} at (0,2) size 766x50
            RenderTableCell {TD} at (2,25) size 16x4 [border: (1px inset #808080)] [r=0 c=0 rs=1 cs=1]
            RenderTableCell {TD} at (20,2) size 726x50 [border: (1px inset #808080)] [r=0 c=1 rs=1 cs=1]
            RenderTableCell {TD} at (748,25) size 16x4 [border: (1px inset #808080)] [r=0 c=2 rs=1 cs=1]
layer at (20,28) size 744x42 clip at (21,29) size 742x40
  RenderTextControl {TEXTAREA} at (0,2) size 744x42 [bgcolor=#FFFFFF] [border: (1px solid #000000)]
    RenderBlock {DIV} at (3,3) size 738x18
      RenderText {#text} at (0,0) size 26x17
        text run at (0,0) width 26: "test"
layer at (20,92) size 744x42 clip at (21,93) size 742x40
  RenderTextControl {TEXTAREA} at (0,2) size 744x42 [bgcolor=#FFFFFF] [border: (1px solid #000000)]
    RenderBlock {DIV} at (3,3) size 738x18
      RenderText {#text} at (0,0) size 26x17
        text run at (0,0) width 26: "test"
layer at (24,158) size 736x42 clip at (25,159) size 734x40
  RenderTextControl {TEXTAREA} at (0,2) size 736x42 [bgcolor=#FFFFFF] [border: (1px solid #000000)]
    RenderBlock {DIV} at (3,3) size 730x18
      RenderText {#text} at (0,0) size 26x17
        text run at (0,0) width 26: "test"
layer at (24,226) size 736x42 clip at (25,227) size 734x40
  RenderTextControl {TEXTAREA} at (0,2) size 736x42 [bgcolor=#FFFFFF] [border: (1px solid #000000)]
    RenderBlock {DIV} at (3,3) size 730x18
      RenderText {#text} at (0,0) size 26x17
        text run at (0,0) width 26: "test"
layer at (27,295) size 730x42 clip at (28,296) size 728x40
  RenderTextControl {TEXTAREA} at (1,3) size 730x42 [bgcolor=#FFFFFF] [border: (1px solid #000000)]
    RenderBlock {DIV} at (3,3) size 724x18
      RenderText {#text} at (0,0) size 26x17
        text run at (0,0) width 26: "test"
layer at (27,365) size 730x42 clip at (28,366) size 728x40
  RenderTextControl {TEXTAREA} at (1,3) size 730x42 [bgcolor=#FFFFFF] [border: (1px solid #000000)]
    RenderBlock {DIV} at (3,3) size 724x18
      RenderText {#text} at (0,0) size 26x17
        text run at (0,0) width 26: "test"
layer at (24,434) size 736x42 clip at (25,435) size 734x40
  RenderTextControl {TEXTAREA} at (1,3) size 736x42 [bgcolor=#FFFFFF] [border: (1px solid #000000)]
    RenderBlock {DIV} at (3,3) size 730x18
      RenderText {#text} at (0,0) size 26x17
        text run at (0,0) width 26: "test"
layer at (27,503) size 730x42 clip at (28,504) size 728x40
  RenderTextControl {TEXTAREA} at (2,4) size 730x42 [bgcolor=#FFFFFF] [border: (1px solid #000000)]
    RenderBlock {DIV} at (3,3) size 724x18
      RenderText {#text} at (0,0) size 26x17
        text run at (0,0) width 26: "test"
layer at (31,575) size 722x42 clip at (32,576) size 720x40
  RenderTextControl {TEXTAREA} at (2,4) size 722x42 [bgcolor=#FFFFFF] [border: (1px solid #000000)]
    RenderBlock {DIV} at (3,3) size 716x18
      RenderText {#text} at (0,0) size 26x17
        text run at (0,0) width 26: "test"
