layer at (0,0) size 902x585
  RenderView at (0,0) size 800x585
layer at (0,0) size 800x585
  RenderBlock {HTML} at (0,0) size 800x585
    RenderBody {BODY} at (8,8) size 784x561
      RenderBlock {FORM} at (0,0) size 784x32
        RenderTable {TABLE} at (0,0) size 894x32 [bgcolor=#FFE030] [border: (1px outset #808080)]
          RenderTableSection {TBODY} at (1,1) size 892x30
            RenderTableRow {TR} at (0,0) size 892x30
              RenderTableCell {TD} at (0,0) size 892x30 [border: (1px inset #808080)] [r=0 c=0 rs=1 cs=1]
                RenderInline {NOBR} at (0,0) size 890x19
                  RenderTextControl {INPUT} at (3,3) size 284x24 [bgcolor=#FFFFFF] [border: (2px inset #000000)]
                  RenderText {#text} at (289,6) size 13x19
                    text run at (289,6) width 13: " - "
                  RenderTextControl {INPUT} at (304,3) size 284x24 [bgcolor=#FFFFFF] [border: (2px inset #000000)]
                  RenderText {#text} at (590,6) size 13x19
                    text run at (590,6) width 13: " - "
                  RenderTextControl {INPUT} at (605,3) size 284x24 [bgcolor=#FFFFFF] [border: (2px inset #000000)]
                RenderText {#text} at (0,0) size 0x0
            RenderTableRow {TR} at (0,30) size 892x0
layer at (15,15) size 278x18
  RenderBlock {DIV} at (3,3) size 278x18
layer at (316,15) size 278x18
  RenderBlock {DIV} at (3,3) size 278x18
layer at (617,15) size 278x18
  RenderBlock {DIV} at (3,3) size 278x18
