layer at (0,0) size 784x11400
  RenderView at (0,0) size 784x600
layer at (0,0) size 784x11400
  RenderBlock {HTML} at (0,0) size 784x11400
    RenderBody {BODY} at (8,8) size 768x11384
      RenderTable {TABLE} at (0,0) size 732x11384 [border: (1px outset #808080)]
        RenderTableSection {TBODY} at (1,1) size 730x11382
          RenderTableRow {TR} at (0,2) size 730x11378
            RenderTableCell {TD} at (2,2) size 12x22 [border: (1px inset #808080)] [r=0 c=0 rs=1 cs=1]
              RenderText {#text} at (2,2) size 8x17
                text run at (2,2) width 8: "x"
            RenderTableCell {TD} at (16,2) size 712x11378 [border: (1px inset #808080)] [r=0 c=1 rs=1 cs=1]
              RenderBlock (anonymous) at (2,2) size 708x0
                RenderInline {FONT} at (0,0) size 0x0
                  RenderText {#text} at (0,0) size 0x0
              RenderBlock (anonymous) at (2,2) size 708x11374
                RenderTable {TABLE} at (0,0) size 567x52 [border: (1px outset #808080)]
                  RenderTableSection {TBODY} at (1,1) size 565x50
                    RenderTableRow {TR} at (0,2) size 565x22
                      RenderTableCell {TD} at (2,2) size 112x22 [border: (1px inset #808080)] [r=0 c=0 rs=1 cs=1]
                        RenderText {#text} at (2,2) size 5x17
                          text run at (2,2) width 5: " "
                      RenderTableCell {TD} at (116,2) size 447x4 [border: (1px inset #808080)] [r=0 c=1 rs=1 cs=1]
                    RenderTableRow {TR} at (0,26) size 565x22
                      RenderTableCell {TD} at (2,26) size 112x22 [border: (1px inset #808080)] [r=1 c=0 rs=1 cs=1]
                        RenderText {#text} at (2,2) size 108x17
                          text run at (2,2) width 108: "Search again..."
                RenderBlock (anonymous) at (0,52) size 708x15
                  RenderText {#text} at (0,0) size 708x15
                    text run at (0,0) width 327: "This text node only exists once in the original document! "
                    text run at (326,0) width 305: "If it were a large collection of inlines, the page would "
                    text run at (630,0) width 78: "hang forever."
                  RenderInline {A} at (0,0) size 0x0
                RenderBlock {H2} at (0,83) size 708x23
                  RenderInline {A} at (0,0) size 169x22
                    RenderText {#text} at (0,0) size 169x22
                      text run at (0,0) width 169: "Table of Contents"
                RenderBlock {P} at (0,122) size 708x150
                  RenderInline {B} at (0,0) size 76x15
                    RenderInline {A} at (0,0) size 76x15 [color=#0000EE]
                      RenderText {#text} at (0,0) size 76x15
                        text run at (0,0) width 76: "Introduction"
                  RenderBR {BR} at (75,12) size 1x0
                  RenderBR {BR} at (0,15) size 0x15
                  RenderInline {A} at (0,0) size 159x15 [color=#0000EE]
                    RenderText {#text} at (0,30) size 159x15
                      text run at (0,30) width 159: "Who Should Use This Book"
                  RenderText {#text} at (158,30) size 5x15
                    text run at (158,30) width 5: " "
                  RenderBR {BR} at (162,42) size 1x0
                  RenderInline {A} at (0,0) size 133x15 [color=#0000EE]
                    RenderText {#text} at (0,45) size 133x15
                      text run at (0,45) width 133: "How To Use This Book"
                  RenderText {#text} at (132,45) size 5x15
                    text run at (132,45) width 5: " "
                  RenderBR {BR} at (136,57) size 1x0
                  RenderInline {A} at (0,0) size 165x15 [color=#0000EE]
                    RenderText {#text} at (0,60) size 165x15
                      text run at (0,60) width 165: "How This Book is Structured"
                  RenderText {#text} at (164,60) size 4x15
                    text run at (164,60) width 4: " "
                  RenderBR {BR} at (167,72) size 1x0
                  RenderInline {A} at (0,0) size 200x15 [color=#0000EE]
                    RenderText {#text} at (0,75) size 200x15
                      text run at (0,75) width 200: "How to Read the Syntax Diagrams"
                  RenderText {#text} at (199,75) size 5x15
                    text run at (199,75) width 5: " "
                  RenderBR {BR} at (203,87) size 1x0
                  RenderInline {A} at (0,0) size 195x15 [color=#0000EE]
                    RenderText {#text} at (0,90) size 195x15
                      text run at (0,90) width 195: "Conventions Used in This Manual"
                  RenderText {#text} at (194,90) size 4x15
                    text run at (194,90) width 4: " "
                  RenderBR {BR} at (197,102) size 1x0
                  RenderInline {A} at (0,0) size 94x15 [color=#0000EE]
                    RenderText {#text} at (0,105) size 94x15
                      text run at (0,105) width 94: "Error Conditions"
                  RenderText {#text} at (93,105) size 5x15
                    text run at (93,105) width 5: " "
                  RenderBR {BR} at (97,117) size 1x0
                  RenderInline {A} at (0,0) size 144x15 [color=#0000EE]
                    RenderText {#text} at (0,120) size 144x15
                      text run at (0,120) width 144: "Highlighting Conventions"
                  RenderText {#text} at (143,120) size 5x15
                    text run at (143,120) width 5: " "
                  RenderBR {BR} at (147,132) size 1x0
                  RenderInline {A} at (0,0) size 217x15 [color=#0000EE]
                    RenderText {#text} at (0,135) size 217x15
                      text run at (0,135) width 217: "Related Documentation for This Book"
                  RenderText {#text} at (0,0) size 0x0
                RenderBlock {P} at (0,285) size 708x990
                  RenderInline {B} at (0,0) size 60x15
                    RenderInline {A} at (0,0) size 60x15 [color=#0000EE]
                      RenderText {#text} at (0,0) size 60x15
                        text run at (0,0) width 60: "Concepts"
                  RenderBR {BR} at (59,12) size 1x0
                  RenderBR {BR} at (0,15) size 0x15
                  RenderInline {A} at (0,0) size 118x15 [color=#0000EE]
                    RenderText {#text} at (0,30) size 118x15
                      text run at (0,30) width 118: "Relational Database"
                  RenderText {#text} at (117,30) size 4x15
                    text run at (117,30) width 4: " "
                  RenderBR {BR} at (120,42) size 1x0
                  RenderInline {A} at (0,0) size 199x15 [color=#0000EE]
                    RenderText {#text} at (0,45) size 199x15
                      text run at (0,45) width 199: "Structured Query Language (SQL)"
                  RenderText {#text} at (198,45) size 5x15
                    text run at (198,45) width 5: " "
                  RenderBR {BR} at (202,57) size 1x0
                  RenderInline {A} at (0,0) size 93x15 [color=#0000EE]
                    RenderText {#text} at (0,60) size 93x15
                      text run at (0,60) width 93: "Embedded SQL"
                  RenderText {#text} at (92,60) size 5x15
                    text run at (92,60) width 5: " "
                  RenderBR {BR} at (96,72) size 1x0
                  RenderInline {A} at (0,0) size 63x15 [color=#0000EE]
                    RenderText {#text} at (0,75) size 63x15
                      text run at (0,75) width 63: "Static SQL"
                  RenderText {#text} at (62,75) size 4x15
                    text run at (62,75) width 4: " "
                  RenderBR {BR} at (65,87) size 1x0
                  RenderInline {A} at (0,0) size 81x15 [color=#0000EE]
                    RenderText {#text} at (0,90) size 81x15
                      text run at (0,90) width 81: "Dynamic SQL"
                  RenderText {#text} at (80,90) size 4x15
                    text run at (80,90) width 4: " "
                  RenderBR {BR} at (83,102) size 1x0
                  RenderInline {A} at (0,0) size 404x15 [color=#0000EE]
                    RenderText {#text} at (0,105) size 404x15
                      text run at (0,105) width 404: "DB2 Call Level Interface (CLI) & Open Database Connectivity (ODBC)"
                  RenderText {#text} at (403,105) size 5x15
                    text run at (403,105) width 5: " "
                  RenderBR {BR} at (407,117) size 1x0
                  RenderInline {A} at (0,0) size 484x15 [color=#0000EE]
                    RenderText {#text} at (0,120) size 484x15
                      text run at (0,120) width 484: "Java Database Connectivity (JDBC) and Embedded SQL for Java (SQLJ) Programs"
                  RenderText {#text} at (483,120) size 4x15
                    text run at (483,120) width 4: " "
                  RenderBR {BR} at (486,132) size 1x0
                  RenderInline {A} at (0,0) size 90x15 [color=#0000EE]
                    RenderText {#text} at (0,135) size 90x15
                      text run at (0,135) width 90: "Interactive SQL"
                  RenderText {#text} at (89,135) size 5x15
                    text run at (89,135) width 5: " "
                  RenderBR {BR} at (93,147) size 1x0
                  RenderInline {A} at (0,0) size 55x15 [color=#0000EE]
                    RenderText {#text} at (0,150) size 55x15
                      text run at (0,150) width 55: "Schemas"
                  RenderText {#text} at (54,150) size 4x15
                    text run at (54,150) width 4: " "
                  RenderBR {BR} at (57,162) size 1x0
                  RenderInline {A} at (0,0) size 162x15 [color=#0000EE]
                    RenderText {#text} at (0,165) size 162x15
                      text run at (0,165) width 162: "Controlling Use of Schemas"
                  RenderText {#text} at (161,165) size 4x15
                    text run at (161,165) width 4: " "
                  RenderBR {BR} at (164,177) size 1x0
                  RenderInline {A} at (0,0) size 40x15 [color=#0000EE]
                    RenderText {#text} at (0,180) size 40x15
                      text run at (0,180) width 40: "Tables"
                  RenderText {#text} at (39,180) size 4x15
                    text run at (39,180) width 4: " "
                  RenderBR {BR} at (42,192) size 1x0
                  RenderInline {A} at (0,0) size 35x15 [color=#0000EE]
                    RenderText {#text} at (0,195) size 35x15
                      text run at (0,195) width 35: "Views"
                  RenderText {#text} at (34,195) size 5x15
                    text run at (34,195) width 5: " "
                  RenderBR {BR} at (38,207) size 1x0
                  RenderInline {A} at (0,0) size 42x15 [color=#0000EE]
                    RenderText {#text} at (0,210) size 42x15
                      text run at (0,210) width 42: "Aliases"
                  RenderText {#text} at (41,210) size 5x15
                    text run at (41,210) width 5: " "
                  RenderBR {BR} at (45,222) size 1x0
                  RenderInline {A} at (0,0) size 46x15 [color=#0000EE]
                    RenderText {#text} at (0,225) size 46x15
                      text run at (0,225) width 46: "Indexes"
                  RenderText {#text} at (45,225) size 5x15
                    text run at (45,225) width 5: " "
                  RenderBR {BR} at (49,237) size 1x0
                  RenderInline {A} at (0,0) size 29x15 [color=#0000EE]
                    RenderText {#text} at (0,240) size 29x15
                      text run at (0,240) width 29: "Keys"
                  RenderText {#text} at (28,240) size 5x15
                    text run at (28,240) width 5: " "
                  RenderBR {BR} at (32,252) size 1x0
                  RenderInline {A} at (0,0) size 74x15 [color=#0000EE]
                    RenderText {#text} at (0,255) size 74x15
                      text run at (0,255) width 74: "Unique Keys"
                  RenderText {#text} at (73,255) size 5x15
                    text run at (73,255) width 5: " "
                  RenderBR {BR} at (77,267) size 1x0
                  RenderInline {A} at (0,0) size 78x15 [color=#0000EE]
                    RenderText {#text} at (0,270) size 78x15
                      text run at (0,270) width 78: "Primary Keys"
                  RenderText {#text} at (77,270) size 4x15
                    text run at (77,270) width 4: " "
                  RenderBR {BR} at (80,282) size 1x0
                  RenderInline {A} at (0,0) size 77x15 [color=#0000EE]
                    RenderText {#text} at (0,285) size 77x15
                      text run at (0,285) width 77: "Foreign Keys"
                  RenderText {#text} at (76,285) size 5x15
                    text run at (76,285) width 5: " "
                  RenderBR {BR} at (80,297) size 1x0
                  RenderInline {A} at (0,0) size 98x15 [color=#0000EE]
                    RenderText {#text} at (0,300) size 98x15
                      text run at (0,300) width 98: "Partitioning Keys"
                  RenderText {#text} at (97,300) size 5x15
                    text run at (97,300) width 5: " "
                  RenderBR {BR} at (101,312) size 1x0
                  RenderInline {A} at (0,0) size 66x15 [color=#0000EE]
                    RenderText {#text} at (0,315) size 66x15
                      text run at (0,315) width 66: "Constraints"
                  RenderText {#text} at (65,315) size 5x15
                    text run at (65,315) width 5: " "
                  RenderBR {BR} at (69,327) size 1x0
                  RenderInline {A} at (0,0) size 111x15 [color=#0000EE]
                    RenderText {#text} at (0,330) size 111x15
                      text run at (0,330) width 111: "Unique Constraints"
                  RenderText {#text} at (110,330) size 5x15
                    text run at (110,330) width 5: " "
                  RenderBR {BR} at (114,342) size 1x0
                  RenderInline {A} at (0,0) size 133x15 [color=#0000EE]
                    RenderText {#text} at (0,345) size 133x15
                      text run at (0,345) width 133: "Referential Constraints"
                  RenderText {#text} at (132,345) size 4x15
                    text run at (132,345) width 4: " "
                  RenderBR {BR} at (135,357) size 1x0
                  RenderInline {A} at (0,0) size 143x15 [color=#0000EE]
                    RenderText {#text} at (0,360) size 143x15
                      text run at (0,360) width 143: "Table Check Constraints"
                  RenderText {#text} at (142,360) size 4x15
                    text run at (142,360) width 4: " "
                  RenderBR {BR} at (145,372) size 1x0
                  RenderInline {A} at (0,0) size 48x15 [color=#0000EE]
                    RenderText {#text} at (0,375) size 48x15
                      text run at (0,375) width 48: "Triggers"
                  RenderText {#text} at (47,375) size 5x15
                    text run at (47,375) width 5: " "
                  RenderBR {BR} at (51,387) size 1x0
                  RenderInline {A} at (0,0) size 87x15 [color=#0000EE]
                    RenderText {#text} at (0,390) size 87x15
                      text run at (0,390) width 87: "Event Monitors"
                  RenderText {#text} at (86,390) size 5x15
                    text run at (86,390) width 5: " "
                  RenderBR {BR} at (90,402) size 1x0
                  RenderInline {A} at (0,0) size 46x15 [color=#0000EE]
                    RenderText {#text} at (0,405) size 46x15
                      text run at (0,405) width 46: "Queries"
                  RenderText {#text} at (45,405) size 5x15
                    text run at (45,405) width 5: " "
                  RenderBR {BR} at (49,417) size 1x0
                  RenderInline {A} at (0,0) size 107x15 [color=#0000EE]
                    RenderText {#text} at (0,420) size 107x15
                      text run at (0,420) width 107: "Table Expressions"
                  RenderText {#text} at (106,420) size 5x15
                    text run at (106,420) width 5: " "
                  RenderBR {BR} at (110,432) size 1x0
                  RenderInline {A} at (0,0) size 164x15 [color=#0000EE]
                    RenderText {#text} at (0,435) size 164x15
                      text run at (0,435) width 164: "Common Table Expressions"
                  RenderText {#text} at (163,435) size 4x15
                    text run at (163,435) width 4: " "
                  RenderBR {BR} at (166,447) size 1x0
                  RenderInline {A} at (0,0) size 58x15 [color=#0000EE]
                    RenderText {#text} at (0,450) size 58x15
                      text run at (0,450) width 58: "Packages"
                  RenderText {#text} at (57,450) size 4x15
                    text run at (57,450) width 4: " "
                  RenderBR {BR} at (60,462) size 1x0
                  RenderInline {A} at (0,0) size 84x15 [color=#0000EE]
                    RenderText {#text} at (0,465) size 84x15
                      text run at (0,465) width 84: "Catalog Views"
                  RenderText {#text} at (83,465) size 4x15
                    text run at (83,465) width 4: " "
                  RenderBR {BR} at (86,477) size 1x0
                  RenderInline {A} at (0,0) size 297x15 [color=#0000EE]
                    RenderText {#text} at (0,480) size 297x15
                      text run at (0,480) width 297: "Application Processes, Concurrency, and Recovery"
                  RenderText {#text} at (296,480) size 4x15
                    text run at (296,480) width 4: " "
                  RenderBR {BR} at (299,492) size 1x0
                  RenderInline {A} at (0,0) size 84x15 [color=#0000EE]
                    RenderText {#text} at (0,495) size 84x15
                      text run at (0,495) width 84: "Isolation Level"
                  RenderText {#text} at (83,495) size 4x15
                    text run at (83,495) width 4: " "
                  RenderBR {BR} at (86,507) size 1x0
                  RenderInline {A} at (0,0) size 133x15 [color=#0000EE]
                    RenderText {#text} at (0,510) size 133x15
                      text run at (0,510) width 133: "Repeatable Read (RR)"
                  RenderText {#text} at (132,510) size 4x15
                    text run at (132,510) width 4: " "
                  RenderBR {BR} at (135,522) size 1x0
                  RenderInline {A} at (0,0) size 111x15 [color=#0000EE]
                    RenderText {#text} at (0,525) size 111x15
                      text run at (0,525) width 111: "Read Stability (RS)"
                  RenderText {#text} at (110,525) size 5x15
                    text run at (110,525) width 5: " "
                  RenderBR {BR} at (114,537) size 1x0
                  RenderInline {A} at (0,0) size 119x15 [color=#0000EE]
                    RenderText {#text} at (0,540) size 119x15
                      text run at (0,540) width 119: "Cursor Stability (CS)"
                  RenderText {#text} at (118,540) size 5x15
                    text run at (118,540) width 5: " "
                  RenderBR {BR} at (122,552) size 1x0
                  RenderInline {A} at (0,0) size 143x15 [color=#0000EE]
                    RenderText {#text} at (0,555) size 143x15
                      text run at (0,555) width 143: "Uncommitted Read (UR)"
                  RenderText {#text} at (142,555) size 4x15
                    text run at (142,555) width 4: " "
                  RenderBR {BR} at (145,567) size 1x0
                  RenderInline {A} at (0,0) size 178x15 [color=#0000EE]
                    RenderText {#text} at (0,570) size 178x15
                      text run at (0,570) width 178: "Comparison of Isolation Levels"
                  RenderText {#text} at (177,570) size 5x15
                    text run at (177,570) width 5: " "
                  RenderBR {BR} at (181,582) size 1x0
                  RenderInline {A} at (0,0) size 183x15 [color=#0000EE]
                    RenderText {#text} at (0,585) size 183x15
                      text run at (0,585) width 183: "Distributed Relational Database"
                  RenderText {#text} at (182,585) size 5x15
                    text run at (182,585) width 5: " "
                  RenderBR {BR} at (186,597) size 1x0
                  RenderInline {A} at (0,0) size 112x15 [color=#0000EE]
                    RenderText {#text} at (0,600) size 112x15
                      text run at (0,600) width 112: "Application Servers"
                  RenderText {#text} at (111,600) size 5x15
                    text run at (111,600) width 5: " "
                  RenderBR {BR} at (115,612) size 1x0
                  RenderInline {A} at (0,0) size 262x15 [color=#0000EE]
                    RenderText {#text} at (0,615) size 262x15
                      text run at (0,615) width 262: "CONNECT (Type 1) and CONNECT (Type 2)"
                  RenderText {#text} at (261,615) size 5x15
                    text run at (261,615) width 5: " "
                  RenderBR {BR} at (265,627) size 1x0
                  RenderInline {A} at (0,0) size 121x15 [color=#0000EE]
                    RenderText {#text} at (0,630) size 121x15
                      text run at (0,630) width 121: "Remote Unit of Work"
                  RenderText {#text} at (120,630) size 5x15
                    text run at (120,630) width 5: " "
                  RenderBR {BR} at (124,642) size 1x0
                  RenderInline {A} at (0,0) size 258x15 [color=#0000EE]
                    RenderText {#text} at (0,645) size 258x15
                      text run at (0,645) width 258: "Application-Directed Distributed Unit of Work"
                  RenderText {#text} at (257,645) size 4x15
                    text run at (257,645) width 4: " "
                  RenderBR {BR} at (260,657) size 1x0
                  RenderInline {A} at (0,0) size 210x15 [color=#0000EE]
                    RenderText {#text} at (0,660) size 210x15
                      text run at (0,660) width 210: "Data Representation Considerations"
                  RenderText {#text} at (209,660) size 5x15
                    text run at (209,660) width 5: " "
                  RenderBR {BR} at (213,672) size 1x0
                  RenderInline {A} at (0,0) size 142x15 [color=#0000EE]
                    RenderText {#text} at (0,675) size 142x15
                      text run at (0,675) width 142: "DB2 Federated Systems"
                  RenderText {#text} at (141,675) size 5x15
                    text run at (141,675) width 5: " "
                  RenderBR {BR} at (145,687) size 1x0
                  RenderInline {A} at (0,0) size 365x15 [color=#0000EE]
                    RenderText {#text} at (0,690) size 365x15
                      text run at (0,690) width 365: "The Federated Server, Federated Database, and Data Sources"
                  RenderText {#text} at (364,690) size 4x15
                    text run at (364,690) width 4: " "
                  RenderBR {BR} at (367,702) size 1x0
                  RenderInline {A} at (0,0) size 263x15 [color=#0000EE]
                    RenderText {#text} at (0,705) size 263x15
                      text run at (0,705) width 263: "Tasks to Perform in a DB2 Federated System"
                  RenderText {#text} at (262,705) size 4x15
                    text run at (262,705) width 4: " "
                  RenderBR {BR} at (265,717) size 1x0
                  RenderInline {A} at (0,0) size 188x15 [color=#0000EE]
                    RenderText {#text} at (0,720) size 188x15
                      text run at (0,720) width 188: "Wrappers and Wrapper Modules"
                  RenderText {#text} at (187,720) size 5x15
                    text run at (187,720) width 5: " "
                  RenderBR {BR} at (191,732) size 1x0
                  RenderInline {A} at (0,0) size 219x15 [color=#0000EE]
                    RenderText {#text} at (0,735) size 219x15
                      text run at (0,735) width 219: "Server Definitions and Server Options"
                  RenderText {#text} at (218,735) size 4x15
                    text run at (218,735) width 4: " "
                  RenderBR {BR} at (221,747) size 1x0
                  RenderInline {A} at (0,0) size 193x15 [color=#0000EE]
                    RenderText {#text} at (0,750) size 193x15
                      text run at (0,750) width 193: "User Mappings and User Options"
                  RenderText {#text} at (192,750) size 4x15
                    text run at (192,750) width 4: " "
                  RenderBR {BR} at (195,762) size 1x0
                  RenderInline {A} at (0,0) size 120x15 [color=#0000EE]
                    RenderText {#text} at (0,765) size 120x15
                      text run at (0,765) width 120: "Data Type Mappings"
                  RenderText {#text} at (119,765) size 5x15
                    text run at (119,765) width 5: " "
                  RenderBR {BR} at (123,777) size 1x0
                  RenderInline {A} at (0,0) size 416x15 [color=#0000EE]
                    RenderText {#text} at (0,780) size 416x15
                      text run at (0,780) width 416: "Function Mappings, Function Templates, and Function Mapping Options"
                  RenderText {#text} at (415,780) size 5x15
                    text run at (415,780) width 5: " "
                  RenderBR {BR} at (419,792) size 1x0
                  RenderInline {A} at (0,0) size 187x15 [color=#0000EE]
                    RenderText {#text} at (0,795) size 187x15
                      text run at (0,795) width 187: "Nicknames and Column Options"
                  RenderText {#text} at (186,795) size 5x15
                    text run at (186,795) width 5: " "
                  RenderBR {BR} at (190,807) size 1x0
                  RenderInline {A} at (0,0) size 116x15 [color=#0000EE]
                    RenderText {#text} at (0,810) size 116x15
                      text run at (0,810) width 116: "Index Specifications"
                  RenderText {#text} at (115,810) size 5x15
                    text run at (115,810) width 5: " "
                  RenderBR {BR} at (119,822) size 1x0
                  RenderInline {A} at (0,0) size 121x15 [color=#0000EE]
                    RenderText {#text} at (0,825) size 121x15
                      text run at (0,825) width 121: "Distributed Requests"
                  RenderText {#text} at (120,825) size 5x15
                    text run at (120,825) width 5: " "
                  RenderBR {BR} at (124,837) size 1x0
                  RenderInline {A} at (0,0) size 84x15 [color=#0000EE]
                    RenderText {#text} at (0,840) size 84x15
                      text run at (0,840) width 84: "Compensation"
                  RenderText {#text} at (83,840) size 5x15
                    text run at (83,840) width 5: " "
                  RenderBR {BR} at (87,852) size 1x0
                  RenderInline {A} at (0,0) size 82x15 [color=#0000EE]
                    RenderText {#text} at (0,855) size 82x15
                      text run at (0,855) width 82: "Pass-Through"
                  RenderText {#text} at (81,855) size 5x15
                    text run at (81,855) width 5: " "
                  RenderBR {BR} at (85,867) size 1x0
                  RenderInline {A} at (0,0) size 127x15 [color=#0000EE]
                    RenderText {#text} at (0,870) size 127x15
                      text run at (0,870) width 127: "Character Conversion"
                  RenderText {#text} at (126,870) size 5x15
                    text run at (126,870) width 5: " "
                  RenderBR {BR} at (130,882) size 1x0
                  RenderInline {A} at (0,0) size 188x15 [color=#0000EE]
                    RenderText {#text} at (0,885) size 188x15
                      text run at (0,885) width 188: "Character Sets and Code Pages"
                  RenderText {#text} at (187,885) size 4x15
                    text run at (187,885) width 4: " "
                  RenderBR {BR} at (190,897) size 1x0
                  RenderInline {A} at (0,0) size 124x15 [color=#0000EE]
                    RenderText {#text} at (0,900) size 124x15
                      text run at (0,900) width 124: "Code Page Attributes"
                  RenderText {#text} at (123,900) size 5x15
                    text run at (123,900) width 5: " "
                  RenderBR {BR} at (127,912) size 1x0
                  RenderInline {A} at (0,0) size 162x15 [color=#0000EE]
                    RenderText {#text} at (0,915) size 162x15
                      text run at (0,915) width 162: "Authorization and Privileges"
                  RenderText {#text} at (161,915) size 4x15
                    text run at (161,915) width 4: " "
                  RenderBR {BR} at (164,927) size 1x0
                  RenderInline {A} at (0,0) size 253x15 [color=#0000EE]
                    RenderText {#text} at (0,930) size 253x15
                      text run at (0,930) width 253: "Table Spaces and Other Storage Structures"
                  RenderText {#text} at (252,930) size 5x15
                    text run at (252,930) width 5: " "
                  RenderBR {BR} at (256,942) size 1x0
                  RenderInline {A} at (0,0) size 246x15 [color=#0000EE]
                    RenderText {#text} at (0,945) size 246x15
                      text run at (0,945) width 246: "Data Partitioning Across Multiple Partitions"
                  RenderText {#text} at (245,945) size 5x15
                    text run at (245,945) width 5: " "
                  RenderBR {BR} at (249,957) size 1x0
                  RenderInline {A} at (0,0) size 101x15 [color=#0000EE]
                    RenderText {#text} at (0,960) size 101x15
                      text run at (0,960) width 101: "Partitioning Maps"
                  RenderText {#text} at (100,960) size 5x15
                    text run at (100,960) width 5: " "
                  RenderBR {BR} at (104,972) size 1x0
                  RenderInline {A} at (0,0) size 101x15 [color=#0000EE]
                    RenderText {#text} at (0,975) size 101x15
                      text run at (0,975) width 101: "Table Collocation"
                  RenderText {#text} at (0,0) size 0x0
                RenderBlock {P} at (0,1288) size 708x1995
                  RenderInline {B} at (0,0) size 123x15
                    RenderInline {A} at (0,0) size 123x15 [color=#0000EE]
                      RenderText {#text} at (0,0) size 123x15
                        text run at (0,0) width 123: "Language Elements"
                  RenderBR {BR} at (122,12) size 1x0
                  RenderBR {BR} at (0,15) size 0x15
                  RenderInline {A} at (0,0) size 64x15 [color=#0000EE]
                    RenderText {#text} at (0,30) size 64x15
                      text run at (0,30) width 64: "Characters"
                  RenderText {#text} at (63,30) size 5x15
                    text run at (63,30) width 5: " "
                  RenderBR {BR} at (67,42) size 1x0
                  RenderInline {A} at (0,0) size 128x15 [color=#0000EE]
                    RenderText {#text} at (0,45) size 128x15
                      text run at (0,45) width 128: "MBCS Considerations"
                  RenderText {#text} at (127,45) size 5x15
                    text run at (127,45) width 5: " "
                  RenderBR {BR} at (131,57) size 1x0
                  RenderInline {A} at (0,0) size 43x15 [color=#0000EE]
                    RenderText {#text} at (0,60) size 43x15
                      text run at (0,60) width 43: "Tokens"
                  RenderText {#text} at (42,60) size 5x15
                    text run at (42,60) width 5: " "
                  RenderBR {BR} at (46,72) size 1x0
                  RenderInline {A} at (0,0) size 128x15 [color=#0000EE]
                    RenderText {#text} at (0,75) size 128x15
                      text run at (0,75) width 128: "MBCS Considerations"
                  RenderText {#text} at (127,75) size 5x15
                    text run at (127,75) width 5: " "
                  RenderBR {BR} at (131,87) size 1x0
                  RenderInline {A} at (0,0) size 57x15 [color=#0000EE]
                    RenderText {#text} at (0,90) size 57x15
                      text run at (0,90) width 57: "Identifiers"
                  RenderText {#text} at (56,90) size 4x15
                    text run at (56,90) width 4: " "
                  RenderBR {BR} at (59,102) size 1x0
                  RenderInline {A} at (0,0) size 86x15 [color=#0000EE]
                    RenderText {#text} at (0,105) size 86x15
                      text run at (0,105) width 86: "SQL Identifiers"
                  RenderText {#text} at (85,105) size 5x15
                    text run at (85,105) width 5: " "
                  RenderBR {BR} at (89,117) size 1x0
                  RenderInline {A} at (0,0) size 87x15 [color=#0000EE]
                    RenderText {#text} at (0,120) size 87x15
                      text run at (0,120) width 87: "Host Identifiers"
                  RenderText {#text} at (86,120) size 5x15
                    text run at (86,120) width 5: " "
                  RenderBR {BR} at (90,132) size 1x0
                  RenderInline {A} at (0,0) size 352x15 [color=#0000EE]
                    RenderText {#text} at (0,135) size 352x15
                      text run at (0,135) width 352: "Naming Conventions and Implicit Object Name Qualifications"
                  RenderText {#text} at (351,135) size 4x15
                    text run at (351,135) width 4: " "
                  RenderBR {BR} at (354,147) size 1x0
                  RenderInline {A} at (0,0) size 42x15 [color=#0000EE]
                    RenderText {#text} at (0,150) size 42x15
                      text run at (0,150) width 42: "Aliases"
                  RenderText {#text} at (41,150) size 5x15
                    text run at (41,150) width 5: " "
                  RenderBR {BR} at (45,162) size 1x0
                  RenderInline {A} at (0,0) size 246x15 [color=#0000EE]
                    RenderText {#text} at (0,165) size 246x15
                      text run at (0,165) width 246: "Authorization IDs and authorization-names"
                  RenderText {#text} at (245,165) size 5x15
                    text run at (245,165) width 5: " "
                  RenderBR {BR} at (249,177) size 1x0
                  RenderInline {A} at (0,0) size 236x15 [color=#0000EE]
                    RenderText {#text} at (0,180) size 236x15
                      text run at (0,180) width 236: "Dynamic SQL Characteristics at run-time"
                  RenderText {#text} at (235,180) size 5x15
                    text run at (235,180) width 5: " "
                  RenderBR {BR} at (239,192) size 1x0
                  RenderInline {A} at (0,0) size 258x15 [color=#0000EE]
                    RenderText {#text} at (0,195) size 258x15
                      text run at (0,195) width 258: "Authorization IDs and Statement Preparation"
                  RenderText {#text} at (257,195) size 5x15
                    text run at (257,195) width 5: " "
                  RenderBR {BR} at (261,207) size 1x0
                  RenderInline {A} at (0,0) size 67x15 [color=#0000EE]
                    RenderText {#text} at (0,210) size 67x15
                      text run at (0,210) width 67: "Data Types"
                  RenderText {#text} at (66,210) size 5x15
                    text run at (66,210) width 5: " "
                  RenderBR {BR} at (70,222) size 1x0
                  RenderInline {A} at (0,0) size 29x15 [color=#0000EE]
                    RenderText {#text} at (0,225) size 29x15
                      text run at (0,225) width 29: "Nulls"
                  RenderText {#text} at (28,225) size 5x15
                    text run at (28,225) width 5: " "
                  RenderBR {BR} at (32,237) size 1x0
                  RenderInline {A} at (0,0) size 126x15 [color=#0000EE]
                    RenderText {#text} at (0,240) size 126x15
                      text run at (0,240) width 126: "Large Objects (LOBs)"
                  RenderText {#text} at (125,240) size 5x15
                    text run at (125,240) width 5: " "
                  RenderBR {BR} at (129,252) size 1x0
                  RenderInline {A} at (0,0) size 102x15 [color=#0000EE]
                    RenderText {#text} at (0,255) size 102x15
                      text run at (0,255) width 102: "Character Strings"
                  RenderText {#text} at (101,255) size 4x15
                    text run at (101,255) width 4: " "
                  RenderBR {BR} at (104,267) size 1x0
                  RenderInline {A} at (0,0) size 90x15 [color=#0000EE]
                    RenderText {#text} at (0,270) size 90x15
                      text run at (0,270) width 90: "Graphic Strings"
                  RenderText {#text} at (89,270) size 5x15
                    text run at (89,270) width 5: " "
                  RenderBR {BR} at (93,282) size 1x0
                  RenderInline {A} at (0,0) size 75x15 [color=#0000EE]
                    RenderText {#text} at (0,285) size 75x15
                      text run at (0,285) width 75: "Binary String"
                  RenderText {#text} at (74,285) size 5x15
                    text run at (74,285) width 5: " "
                  RenderBR {BR} at (78,297) size 1x0
                  RenderInline {A} at (0,0) size 53x15 [color=#0000EE]
                    RenderText {#text} at (0,300) size 53x15
                      text run at (0,300) width 53: "Numbers"
                  RenderText {#text} at (52,300) size 5x15
                    text run at (52,300) width 5: " "
                  RenderBR {BR} at (56,312) size 1x0
                  RenderInline {A} at (0,0) size 96x15 [color=#0000EE]
                    RenderText {#text} at (0,315) size 96x15
                      text run at (0,315) width 96: "Datetime Values"
                  RenderText {#text} at (95,315) size 4x15
                    text run at (95,315) width 4: " "
                  RenderBR {BR} at (98,327) size 1x0
                  RenderInline {A} at (0,0) size 107x15 [color=#0000EE]
                    RenderText {#text} at (0,330) size 107x15
                      text run at (0,330) width 107: "DATALINK Values"
                  RenderText {#text} at (106,330) size 5x15
                    text run at (106,330) width 5: " "
                  RenderBR {BR} at (110,342) size 1x0
                  RenderInline {A} at (0,0) size 115x15 [color=#0000EE]
                    RenderText {#text} at (0,345) size 115x15
                      text run at (0,345) width 115: "User Defined Types"
                  RenderText {#text} at (114,345) size 5x15
                    text run at (114,345) width 5: " "
                  RenderBR {BR} at (118,357) size 1x0
                  RenderInline {A} at (0,0) size 144x15 [color=#0000EE]
                    RenderText {#text} at (0,360) size 144x15
                      text run at (0,360) width 144: "Promotion of Data Types"
                  RenderText {#text} at (143,360) size 5x15
                    text run at (143,360) width 5: " "
                  RenderBR {BR} at (147,372) size 1x0
                  RenderInline {A} at (0,0) size 169x15 [color=#0000EE]
                    RenderText {#text} at (0,375) size 169x15
                      text run at (0,375) width 169: "Casting Between Data Types"
                  RenderText {#text} at (168,375) size 4x15
                    text run at (168,375) width 4: " "
                  RenderBR {BR} at (171,387) size 1x0
                  RenderInline {A} at (0,0) size 180x15 [color=#0000EE]
                    RenderText {#text} at (0,390) size 180x15
                      text run at (0,390) width 180: "Assignments and Comparisons"
                  RenderText {#text} at (179,390) size 5x15
                    text run at (179,390) width 5: " "
                  RenderBR {BR} at (183,402) size 1x0
                  RenderInline {A} at (0,0) size 127x15 [color=#0000EE]
                    RenderText {#text} at (0,405) size 127x15
                      text run at (0,405) width 127: "Numeric Assignments"
                  RenderText {#text} at (126,405) size 5x15
                    text run at (126,405) width 5: " "
                  RenderBR {BR} at (130,417) size 1x0
                  RenderInline {A} at (0,0) size 112x15 [color=#0000EE]
                    RenderText {#text} at (0,420) size 112x15
                      text run at (0,420) width 112: "String Assignments"
                  RenderText {#text} at (111,420) size 5x15
                    text run at (111,420) width 5: " "
                  RenderBR {BR} at (115,432) size 1x0
                  RenderInline {A} at (0,0) size 131x15 [color=#0000EE]
                    RenderText {#text} at (0,435) size 131x15
                      text run at (0,435) width 131: "Datetime Assignments"
                  RenderText {#text} at (130,435) size 4x15
                    text run at (130,435) width 4: " "
                  RenderBR {BR} at (133,447) size 1x0
                  RenderInline {A} at (0,0) size 142x15 [color=#0000EE]
                    RenderText {#text} at (0,450) size 142x15
                      text run at (0,450) width 142: "DATALINK Assignments"
                  RenderText {#text} at (141,450) size 5x15
                    text run at (141,450) width 5: " "
                  RenderBR {BR} at (145,462) size 1x0
                  RenderInline {A} at (0,0) size 185x15 [color=#0000EE]
                    RenderText {#text} at (0,465) size 185x15
                      text run at (0,465) width 185: "User-defined Type Assignments"
                  RenderText {#text} at (184,465) size 5x15
                    text run at (184,465) width 5: " "
                  RenderBR {BR} at (188,477) size 1x0
                  RenderInline {A} at (0,0) size 171x15 [color=#0000EE]
                    RenderText {#text} at (0,480) size 171x15
                      text run at (0,480) width 171: "Reference Type Assignments"
                  RenderText {#text} at (170,480) size 5x15
                    text run at (170,480) width 5: " "
                  RenderBR {BR} at (174,492) size 1x0
                  RenderInline {A} at (0,0) size 129x15 [color=#0000EE]
                    RenderText {#text} at (0,495) size 129x15
                      text run at (0,495) width 129: "Numeric Comparisons"
                  RenderText {#text} at (128,495) size 5x15
                    text run at (128,495) width 5: " "
                  RenderBR {BR} at (132,507) size 1x0
                  RenderInline {A} at (0,0) size 115x15 [color=#0000EE]
                    RenderText {#text} at (0,510) size 115x15
                      text run at (0,510) width 115: "String Comparisons"
                  RenderText {#text} at (114,510) size 4x15
                    text run at (114,510) width 4: " "
                  RenderBR {BR} at (117,522) size 1x0
                  RenderInline {A} at (0,0) size 133x15 [color=#0000EE]
                    RenderText {#text} at (0,525) size 133x15
                      text run at (0,525) width 133: "Datetime Comparisons"
                  RenderText {#text} at (132,525) size 4x15
                    text run at (132,525) width 4: " "
                  RenderBR {BR} at (135,537) size 1x0
                  RenderInline {A} at (0,0) size 188x15 [color=#0000EE]
                    RenderText {#text} at (0,540) size 188x15
                      text run at (0,540) width 188: "User-defined Type Comparisons"
                  RenderText {#text} at (187,540) size 4x15
                    text run at (187,540) width 4: " "
                  RenderBR {BR} at (190,552) size 1x0
                  RenderInline {A} at (0,0) size 173x15 [color=#0000EE]
                    RenderText {#text} at (0,555) size 173x15
                      text run at (0,555) width 173: "Reference Type Comparisons"
                  RenderText {#text} at (172,555) size 5x15
                    text run at (172,555) width 5: " "
                  RenderBR {BR} at (176,567) size 1x0
                  RenderInline {A} at (0,0) size 163x15 [color=#0000EE]
                    RenderText {#text} at (0,570) size 163x15
                      text run at (0,570) width 163: "Rules for Result Data Types"
                  RenderText {#text} at (162,570) size 5x15
                    text run at (162,570) width 5: " "
                  RenderBR {BR} at (166,582) size 1x0
                  RenderInline {A} at (0,0) size 102x15 [color=#0000EE]
                    RenderText {#text} at (0,585) size 102x15
                      text run at (0,585) width 102: "Character Strings"
                  RenderText {#text} at (101,585) size 4x15
                    text run at (101,585) width 4: " "
                  RenderBR {BR} at (104,597) size 1x0
                  RenderInline {A} at (0,0) size 90x15 [color=#0000EE]
                    RenderText {#text} at (0,600) size 90x15
                      text run at (0,600) width 90: "Graphic Strings"
                  RenderText {#text} at (89,600) size 5x15
                    text run at (89,600) width 5: " "
                  RenderBR {BR} at (93,612) size 1x0
                  RenderInline {A} at (0,0) size 162x15 [color=#0000EE]
                    RenderText {#text} at (0,615) size 162x15
                      text run at (0,615) width 162: "Binary Large Object (BLOB)"
                  RenderText {#text} at (161,615) size 5x15
                    text run at (161,615) width 5: " "
                  RenderBR {BR} at (165,627) size 1x0
                  RenderInline {A} at (0,0) size 49x15 [color=#0000EE]
                    RenderText {#text} at (0,630) size 49x15
                      text run at (0,630) width 49: "Numeric"
                  RenderText {#text} at (48,630) size 5x15
                    text run at (48,630) width 5: " "
                  RenderBR {BR} at (52,642) size 1x0
                  RenderInline {A} at (0,0) size 35x15 [color=#0000EE]
                    RenderText {#text} at (0,645) size 35x15
                      text run at (0,645) width 35: "DATE"
                  RenderText {#text} at (34,645) size 5x15
                    text run at (34,645) width 5: " "
                  RenderBR {BR} at (38,657) size 1x0
                  RenderInline {A} at (0,0) size 32x15 [color=#0000EE]
                    RenderText {#text} at (0,660) size 32x15
                      text run at (0,660) width 32: "TIME"
                  RenderText {#text} at (31,660) size 4x15
                    text run at (31,660) width 4: " "
                  RenderBR {BR} at (34,672) size 1x0
                  RenderInline {A} at (0,0) size 76x15 [color=#0000EE]
                    RenderText {#text} at (0,675) size 76x15
                      text run at (0,675) width 76: "TIMESTAMP"
                  RenderText {#text} at (75,675) size 5x15
                    text run at (75,675) width 5: " "
                  RenderBR {BR} at (79,687) size 1x0
                  RenderInline {A} at (0,0) size 64x15 [color=#0000EE]
                    RenderText {#text} at (0,690) size 64x15
                      text run at (0,690) width 64: "DATALINK"
                  RenderText {#text} at (63,690) size 5x15
                    text run at (63,690) width 5: " "
                  RenderBR {BR} at (67,702) size 1x0
                  RenderInline {A} at (0,0) size 114x15 [color=#0000EE]
                    RenderText {#text} at (0,705) size 114x15
                      text run at (0,705) width 114: "User-defined Types"
                  RenderText {#text} at (113,705) size 5x15
                    text run at (113,705) width 5: " "
                  RenderBR {BR} at (117,717) size 1x0
                  RenderInline {A} at (0,0) size 154x15 [color=#0000EE]
                    RenderText {#text} at (0,720) size 154x15
                      text run at (0,720) width 154: "Nullable Attribute of Result"
                  RenderText {#text} at (153,720) size 5x15
                    text run at (153,720) width 5: " "
                  RenderBR {BR} at (157,732) size 1x0
                  RenderInline {A} at (0,0) size 166x15 [color=#0000EE]
                    RenderText {#text} at (0,735) size 166x15
                      text run at (0,735) width 166: "Rules for String Conversions"
                  RenderText {#text} at (165,735) size 5x15
                    text run at (165,735) width 5: " "
                  RenderBR {BR} at (169,747) size 1x0
                  RenderInline {A} at (0,0) size 126x15 [color=#0000EE]
                    RenderText {#text} at (0,750) size 126x15
                      text run at (0,750) width 126: "Partition Compatibility"
                  RenderText {#text} at (125,750) size 5x15
                    text run at (125,750) width 5: " "
                  RenderBR {BR} at (129,762) size 1x0
                  RenderInline {A} at (0,0) size 59x15 [color=#0000EE]
                    RenderText {#text} at (0,765) size 59x15
                      text run at (0,765) width 59: "Constants"
                  RenderText {#text} at (58,765) size 5x15
                    text run at (58,765) width 5: " "
                  RenderBR {BR} at (62,777) size 1x0
                  RenderInline {A} at (0,0) size 103x15 [color=#0000EE]
                    RenderText {#text} at (0,780) size 103x15
                      text run at (0,780) width 103: "Integer Constants"
                  RenderText {#text} at (102,780) size 5x15
                    text run at (102,780) width 5: " "
                  RenderBR {BR} at (106,792) size 1x0
                  RenderInline {A} at (0,0) size 143x15 [color=#0000EE]
                    RenderText {#text} at (0,795) size 143x15
                      text run at (0,795) width 143: "Floating-Point Constants"
                  RenderText {#text} at (142,795) size 4x15
                    text run at (142,795) width 4: " "
                  RenderBR {BR} at (145,807) size 1x0
                  RenderInline {A} at (0,0) size 110x15 [color=#0000EE]
                    RenderText {#text} at (0,810) size 110x15
                      text run at (0,810) width 110: "Decimal Constants"
                  RenderText {#text} at (109,810) size 4x15
                    text run at (109,810) width 4: " "
                  RenderBR {BR} at (112,822) size 1x0
                  RenderInline {A} at (0,0) size 157x15 [color=#0000EE]
                    RenderText {#text} at (0,825) size 157x15
                      text run at (0,825) width 157: "Character String Constants"
                  RenderText {#text} at (156,825) size 5x15
                    text run at (156,825) width 5: " "
                  RenderBR {BR} at (160,837) size 1x0
                  RenderInline {A} at (0,0) size 138x15 [color=#0000EE]
                    RenderText {#text} at (0,840) size 138x15
                      text run at (0,840) width 138: "Hexadecimal Constants"
                  RenderText {#text} at (137,840) size 4x15
                    text run at (137,840) width 4: " "
                  RenderBR {BR} at (140,852) size 1x0
                  RenderInline {A} at (0,0) size 146x15 [color=#0000EE]
                    RenderText {#text} at (0,855) size 146x15
                      text run at (0,855) width 146: "Graphic String Constants"
                  RenderText {#text} at (145,855) size 4x15
                    text run at (145,855) width 4: " "
                  RenderBR {BR} at (148,867) size 1x0
                  RenderInline {A} at (0,0) size 240x15 [color=#0000EE]
                    RenderText {#text} at (0,870) size 240x15
                      text run at (0,870) width 240: "Using Constants with User-defined Types"
                  RenderText {#text} at (239,870) size 4x15
                    text run at (239,870) width 4: " "
                  RenderBR {BR} at (242,882) size 1x0
                  RenderInline {A} at (0,0) size 102x15 [color=#0000EE]
                    RenderText {#text} at (0,885) size 102x15
                      text run at (0,885) width 102: "Special Registers"
                  RenderText {#text} at (101,885) size 4x15
                    text run at (101,885) width 4: " "
                  RenderBR {BR} at (104,897) size 1x0
                  RenderInline {A} at (0,0) size 102x15 [color=#0000EE]
                    RenderText {#text} at (0,900) size 102x15
                      text run at (0,900) width 102: "CURRENT DATE"
                  RenderText {#text} at (101,900) size 5x15
                    text run at (101,900) width 5: " "
                  RenderBR {BR} at (105,912) size 1x0
                  RenderInline {A} at (0,0) size 264x15 [color=#0000EE]
                    RenderText {#text} at (0,915) size 264x15
                      text run at (0,915) width 264: "CURRENT DEFAULT TRANSFORM GROUP"
                  RenderText {#text} at (263,915) size 5x15
                    text run at (263,915) width 5: " "
                  RenderBR {BR} at (267,927) size 1x0
                  RenderInline {A} at (0,0) size 123x15 [color=#0000EE]
                    RenderText {#text} at (0,930) size 123x15
                      text run at (0,930) width 123: "CURRENT DEGREE"
                  RenderText {#text} at (122,930) size 4x15
                    text run at (122,930) width 4: " "
                  RenderBR {BR} at (125,942) size 1x0
                  RenderInline {A} at (0,0) size 165x15 [color=#0000EE]
                    RenderText {#text} at (0,945) size 165x15
                      text run at (0,945) width 165: "CURRENT EXPLAIN MODE"
                  RenderText {#text} at (164,945) size 5x15
                    text run at (164,945) width 5: " "
                  RenderBR {BR} at (168,957) size 1x0
                  RenderInline {A} at (0,0) size 198x15 [color=#0000EE]
                    RenderText {#text} at (0,960) size 198x15
                      text run at (0,960) width 198: "CURRENT EXPLAIN SNAPSHOT"
                  RenderText {#text} at (197,960) size 4x15
                    text run at (197,960) width 4: " "
                  RenderBR {BR} at (200,972) size 1x0
                  RenderInline {A} at (0,0) size 105x15 [color=#0000EE]
                    RenderText {#text} at (0,975) size 105x15
                      text run at (0,975) width 105: "CURRENT NODE"
                  RenderText {#text} at (104,975) size 5x15
                    text run at (104,975) width 5: " "
                  RenderBR {BR} at (108,987) size 1x0
                  RenderInline {A} at (0,0) size 102x15 [color=#0000EE]
                    RenderText {#text} at (0,990) size 102x15
                      text run at (0,990) width 102: "CURRENT PATH"
                  RenderText {#text} at (101,990) size 5x15
                    text run at (101,990) width 5: " "
                  RenderBR {BR} at (105,1002) size 1x0
                  RenderInline {A} at (0,0) size 210x15 [color=#0000EE]
                    RenderText {#text} at (0,1005) size 210x15
                      text run at (0,1005) width 210: "CURRENT QUERY OPTIMIZATION"
                  RenderText {#text} at (209,1005) size 5x15
                    text run at (209,1005) width 5: " "
                  RenderBR {BR} at (213,1017) size 1x0
                  RenderInline {A} at (0,0) size 161x15 [color=#0000EE]
                    RenderText {#text} at (0,1020) size 161x15
                      text run at (0,1020) width 161: "CURRENT REFRESH AGE"
                  RenderText {#text} at (160,1020) size 4x15
                    text run at (160,1020) width 4: " "
                  RenderBR {BR} at (163,1032) size 1x0
                  RenderInline {A} at (0,0) size 123x15 [color=#0000EE]
                    RenderText {#text} at (0,1035) size 123x15
                      text run at (0,1035) width 123: "CURRENT SCHEMA"
                  RenderText {#text} at (122,1035) size 5x15
                    text run at (122,1035) width 5: " "
                  RenderBR {BR} at (126,1047) size 1x0
                  RenderInline {A} at (0,0) size 121x15 [color=#0000EE]
                    RenderText {#text} at (0,1050) size 121x15
                      text run at (0,1050) width 121: "CURRENT SERVER"
                  RenderText {#text} at (120,1050) size 5x15
                    text run at (120,1050) width 5: " "
                  RenderBR {BR} at (124,1062) size 1x0
                  RenderInline {A} at (0,0) size 99x15 [color=#0000EE]
                    RenderText {#text} at (0,1065) size 99x15
                      text run at (0,1065) width 99: "CURRENT TIME"
                  RenderText {#text} at (98,1065) size 4x15
                    text run at (98,1065) width 4: " "
                  RenderBR {BR} at (101,1077) size 1x0
                  RenderInline {A} at (0,0) size 143x15 [color=#0000EE]
                    RenderText {#text} at (0,1080) size 143x15
                      text run at (0,1080) width 143: "CURRENT TIMESTAMP"
                  RenderText {#text} at (143,1080) size 4x15
                    text run at (143,1080) width 4: " "
                  RenderBR {BR} at (146,1092) size 1x0
                  RenderInline {A} at (0,0) size 135x15 [color=#0000EE]
                    RenderText {#text} at (0,1095) size 135x15
                      text run at (0,1095) width 135: "CURRENT TIMEZONE"
                  RenderText {#text} at (134,1095) size 4x15
                    text run at (134,1095) width 4: " "
                  RenderBR {BR} at (137,1107) size 1x0
                  RenderInline {A} at (0,0) size 37x15 [color=#0000EE]
                    RenderText {#text} at (0,1110) size 37x15
                      text run at (0,1110) width 37: "USER"
                  RenderText {#text} at (36,1110) size 4x15
                    text run at (36,1110) width 4: " "
                  RenderBR {BR} at (39,1122) size 1x0
                  RenderInline {A} at (0,0) size 90x15 [color=#0000EE]
                    RenderText {#text} at (0,1125) size 90x15
                      text run at (0,1125) width 90: "Column Names"
                  RenderText {#text} at (89,1125) size 5x15
                    text run at (89,1125) width 5: " "
                  RenderBR {BR} at (93,1137) size 1x0
                  RenderInline {A} at (0,0) size 145x15 [color=#0000EE]
                    RenderText {#text} at (0,1140) size 145x15
                      text run at (0,1140) width 145: "Qualified Column Names"
                  RenderText {#text} at (144,1140) size 5x15
                    text run at (144,1140) width 5: " "
                  RenderBR {BR} at (148,1152) size 1x0
                  RenderInline {A} at (0,0) size 109x15 [color=#0000EE]
                    RenderText {#text} at (0,1155) size 109x15
                      text run at (0,1155) width 109: "Correlation Names"
                  RenderText {#text} at (108,1155) size 4x15
                    text run at (108,1155) width 4: " "
                  RenderBR {BR} at (111,1167) size 1x0
                  RenderInline {A} at (0,0) size 253x15 [color=#0000EE]
                    RenderText {#text} at (0,1170) size 253x15
                      text run at (0,1170) width 253: "Column Name Qualifiers to Avoid Ambiguity"
                  RenderText {#text} at (252,1170) size 5x15
                    text run at (252,1170) width 5: " "
                  RenderBR {BR} at (256,1182) size 1x0
                  RenderInline {A} at (0,0) size 290x15 [color=#0000EE]
                    RenderText {#text} at (0,1185) size 290x15
                      text run at (0,1185) width 290: "Column Name Qualifiers in Correlated References"
                  RenderText {#text} at (289,1185) size 5x15
                    text run at (289,1185) width 5: " "
                  RenderBR {BR} at (293,1197) size 1x0
                  RenderInline {A} at (0,0) size 170x15 [color=#0000EE]
                    RenderText {#text} at (0,1200) size 170x15
                      text run at (0,1200) width 170: "References to Host Variables"
                  RenderText {#text} at (169,1200) size 4x15
                    text run at (169,1200) width 4: " "
                  RenderBR {BR} at (172,1212) size 1x0
                  RenderInline {A} at (0,0) size 183x15 [color=#0000EE]
                    RenderText {#text} at (0,1215) size 183x15
                      text run at (0,1215) width 183: "Host Variables in Dynamic SQL"
                  RenderText {#text} at (182,1215) size 4x15
                    text run at (182,1215) width 4: " "
                  RenderBR {BR} at (185,1227) size 1x0
                  RenderInline {A} at (0,0) size 336x15 [color=#0000EE]
                    RenderText {#text} at (0,1230) size 336x15
                      text run at (0,1230) width 336: "References to BLOB, CLOB, and DBCLOB Host Variables"
                  RenderText {#text} at (335,1230) size 5x15
                    text run at (335,1230) width 5: " "
                  RenderBR {BR} at (339,1242) size 1x0
                  RenderInline {A} at (0,0) size 186x15 [color=#0000EE]
                    RenderText {#text} at (0,1245) size 186x15
                      text run at (0,1245) width 186: "References to Locator Variables"
                  RenderText {#text} at (185,1245) size 5x15
                    text run at (185,1245) width 5: " "
                  RenderBR {BR} at (189,1257) size 1x0
                  RenderInline {A} at (0,0) size 394x15 [color=#0000EE]
                    RenderText {#text} at (0,1260) size 394x15
                      text run at (0,1260) width 394: "References to BLOB, CLOB, and DBCLOB File Reference Variables"
                  RenderText {#text} at (393,1260) size 5x15
                    text run at (393,1260) width 5: " "
                  RenderBR {BR} at (397,1272) size 1x0
                  RenderInline {A} at (0,0) size 266x15 [color=#0000EE]
                    RenderText {#text} at (0,1275) size 266x15
                      text run at (0,1275) width 266: "References to Structured Type Host Variables"
                  RenderText {#text} at (265,1275) size 4x15
                    text run at (265,1275) width 4: " "
                  RenderBR {BR} at (268,1287) size 1x0
                  RenderInline {A} at (0,0) size 57x15 [color=#0000EE]
                    RenderText {#text} at (0,1290) size 57x15
                      text run at (0,1290) width 57: "Functions"
                  RenderText {#text} at (56,1290) size 4x15
                    text run at (56,1290) width 4: " "
                  RenderBR {BR} at (59,1302) size 1x0
                  RenderInline {A} at (0,0) size 299x15 [color=#0000EE]
                    RenderText {#text} at (0,1305) size 299x15
                      text run at (0,1305) width 299: "External, SQL and Sourced User-Defined Functions"
                  RenderText {#text} at (298,1305) size 5x15
                    text run at (298,1305) width 5: " "
                  RenderBR {BR} at (302,1317) size 1x0
                  RenderInline {A} at (0,0) size 324x15 [color=#0000EE]
                    RenderText {#text} at (0,1320) size 324x15
                      text run at (0,1320) width 324: "Scalar, Column, Row and Table User-Defined Functions"
                  RenderText {#text} at (323,1320) size 5x15
                    text run at (323,1320) width 5: " "
                  RenderBR {BR} at (327,1332) size 1x0
                  RenderInline {A} at (0,0) size 114x15 [color=#0000EE]
                    RenderText {#text} at (0,1335) size 114x15
                      text run at (0,1335) width 114: "Function signatures"
                  RenderText {#text} at (113,1335) size 5x15
                    text run at (113,1335) width 5: " "
                  RenderBR {BR} at (117,1347) size 1x0
                  RenderInline {A} at (0,0) size 57x15 [color=#0000EE]
                    RenderText {#text} at (0,1350) size 57x15
                      text run at (0,1350) width 57: "SQL Path"
                  RenderText {#text} at (56,1350) size 4x15
                    text run at (56,1350) width 4: " "
                  RenderBR {BR} at (59,1362) size 1x0
                  RenderInline {A} at (0,0) size 115x15 [color=#0000EE]
                    RenderText {#text} at (0,1365) size 115x15
                      text run at (0,1365) width 115: "Function Resolution"
                  RenderText {#text} at (114,1365) size 5x15
                    text run at (114,1365) width 5: " "
                  RenderBR {BR} at (118,1377) size 1x0
                  RenderInline {A} at (0,0) size 113x15 [color=#0000EE]
                    RenderText {#text} at (0,1380) size 113x15
                      text run at (0,1380) width 113: "Function Invocation"
                  RenderText {#text} at (112,1380) size 5x15
                    text run at (112,1380) width 5: " "
                  RenderBR {BR} at (116,1392) size 1x0
                  RenderInline {A} at (0,0) size 50x15 [color=#0000EE]
                    RenderText {#text} at (0,1395) size 50x15
                      text run at (0,1395) width 50: "Methods"
                  RenderText {#text} at (49,1395) size 5x15
                    text run at (49,1395) width 5: " "
                  RenderBR {BR} at (53,1407) size 1x0
                  RenderInline {A} at (0,0) size 237x15 [color=#0000EE]
                    RenderText {#text} at (0,1410) size 237x15
                      text run at (0,1410) width 237: "External and SQL User-Defined Methods"
                  RenderText {#text} at (236,1410) size 4x15
                    text run at (236,1410) width 4: " "
                  RenderBR {BR} at (239,1422) size 1x0
                  RenderInline {A} at (0,0) size 110x15 [color=#0000EE]
                    RenderText {#text} at (0,1425) size 110x15
                      text run at (0,1425) width 110: "Method Signatures"
                  RenderText {#text} at (109,1425) size 4x15
                    text run at (109,1425) width 4: " "
                  RenderBR {BR} at (112,1437) size 1x0
                  RenderInline {A} at (0,0) size 107x15 [color=#0000EE]
                    RenderText {#text} at (0,1440) size 107x15
                      text run at (0,1440) width 107: "Method Invocation"
                  RenderText {#text} at (106,1440) size 4x15
                    text run at (106,1440) width 4: " "
                  RenderBR {BR} at (109,1452) size 1x0
                  RenderInline {A} at (0,0) size 109x15 [color=#0000EE]
                    RenderText {#text} at (0,1455) size 109x15
                      text run at (0,1455) width 109: "Method Resolution"
                  RenderText {#text} at (108,1455) size 5x15
                    text run at (108,1455) width 5: " "
                  RenderBR {BR} at (112,1467) size 1x0
                  RenderInline {A} at (0,0) size 186x15 [color=#0000EE]
                    RenderText {#text} at (0,1470) size 186x15
                      text run at (0,1470) width 186: "Method of Choosing the Best Fit"
                  RenderText {#text} at (185,1470) size 5x15
                    text run at (185,1470) width 5: " "
                  RenderBR {BR} at (189,1482) size 1x0
                  RenderInline {A} at (0,0) size 178x15 [color=#0000EE]
                    RenderText {#text} at (0,1485) size 178x15
                      text run at (0,1485) width 178: "Example of Method Resolution"
                  RenderText {#text} at (177,1485) size 4x15
                    text run at (177,1485) width 4: " "
                  RenderBR {BR} at (180,1497) size 1x0
                  RenderInline {A} at (0,0) size 107x15 [color=#0000EE]
                    RenderText {#text} at (0,1500) size 107x15
                      text run at (0,1500) width 107: "Method Invocation"
                  RenderText {#text} at (106,1500) size 4x15
                    text run at (106,1500) width 4: " "
                  RenderBR {BR} at (109,1512) size 1x0
                  RenderInline {A} at (0,0) size 188x15 [color=#0000EE]
                    RenderText {#text} at (0,1515) size 188x15
                      text run at (0,1515) width 188: "Conservative Binding Semantics"
                  RenderText {#text} at (187,1515) size 4x15
                    text run at (187,1515) width 4: " "
                  RenderBR {BR} at (190,1527) size 1x0
                  RenderInline {A} at (0,0) size 71x15 [color=#0000EE]
                    RenderText {#text} at (0,1530) size 71x15
                      text run at (0,1530) width 71: "Expressions"
                  RenderText {#text} at (70,1530) size 5x15
                    text run at (70,1530) width 5: " "
                  RenderBR {BR} at (74,1542) size 1x0
                  RenderInline {A} at (0,0) size 106x15 [color=#0000EE]
                    RenderText {#text} at (0,1545) size 106x15
                      text run at (0,1545) width 106: "Without Operators"
                  RenderText {#text} at (105,1545) size 5x15
                    text run at (105,1545) width 5: " "
                  RenderBR {BR} at (109,1557) size 1x0
                  RenderInline {A} at (0,0) size 191x15 [color=#0000EE]
                    RenderText {#text} at (0,1560) size 191x15
                      text run at (0,1560) width 191: "With the Concatenation Operator"
                  RenderText {#text} at (190,1560) size 4x15
                    text run at (190,1560) width 4: " "
                  RenderBR {BR} at (193,1572) size 1x0
                  RenderInline {A} at (0,0) size 149x15 [color=#0000EE]
                    RenderText {#text} at (0,1575) size 149x15
                      text run at (0,1575) width 149: "With Arithmetic Operators"
                  RenderText {#text} at (148,1575) size 5x15
                    text run at (148,1575) width 5: " "
                  RenderBR {BR} at (152,1587) size 1x0
                  RenderInline {A} at (0,0) size 130x15 [color=#0000EE]
                    RenderText {#text} at (0,1590) size 130x15
                      text run at (0,1590) width 130: "Two Integer Operands"
                  RenderText {#text} at (129,1590) size 4x15
                    text run at (129,1590) width 4: " "
                  RenderBR {BR} at (132,1602) size 1x0
                  RenderInline {A} at (0,0) size 178x15 [color=#0000EE]
                    RenderText {#text} at (0,1605) size 178x15
                      text run at (0,1605) width 178: "Integer and Decimal Operands"
                  RenderText {#text} at (177,1605) size 4x15
                    text run at (177,1605) width 4: " "
                  RenderBR {BR} at (180,1617) size 1x0
                  RenderInline {A} at (0,0) size 136x15 [color=#0000EE]
                    RenderText {#text} at (0,1620) size 136x15
                      text run at (0,1620) width 136: "Two Decimal Operands"
                  RenderText {#text} at (135,1620) size 5x15
                    text run at (135,1620) width 5: " "
                  RenderBR {BR} at (139,1632) size 1x0
                  RenderInline {A} at (0,0) size 152x15 [color=#0000EE]
                    RenderText {#text} at (0,1635) size 152x15
                      text run at (0,1635) width 152: "Decimal Arithmetic in SQL"
                  RenderText {#text} at (151,1635) size 5x15
                    text run at (151,1635) width 5: " "
                  RenderBR {BR} at (155,1647) size 1x0
                  RenderInline {A} at (0,0) size 141x15 [color=#0000EE]
                    RenderText {#text} at (0,1650) size 141x15
                      text run at (0,1650) width 141: "Floating-Point Operands"
                  RenderText {#text} at (140,1650) size 5x15
                    text run at (140,1650) width 5: " "
                  RenderBR {BR} at (144,1662) size 1x0
                  RenderInline {A} at (0,0) size 192x15 [color=#0000EE]
                    RenderText {#text} at (0,1665) size 192x15
                      text run at (0,1665) width 192: "User-defined Types as Operands"
                  RenderText {#text} at (191,1665) size 5x15
                    text run at (191,1665) width 5: " "
                  RenderBR {BR} at (195,1677) size 1x0
                  RenderInline {A} at (0,0) size 96x15 [color=#0000EE]
                    RenderText {#text} at (0,1680) size 96x15
                      text run at (0,1680) width 96: "Scalar Fullselect"
                  RenderText {#text} at (95,1680) size 4x15
                    text run at (95,1680) width 4: " "
                  RenderBR {BR} at (98,1692) size 1x0
                  RenderInline {A} at (0,0) size 204x15 [color=#0000EE]
                    RenderText {#text} at (0,1695) size 204x15
                      text run at (0,1695) width 204: "Datetime Operations and Durations"
                  RenderText {#text} at (203,1695) size 5x15
                    text run at (203,1695) width 5: " "
                  RenderBR {BR} at (207,1707) size 1x0
                  RenderInline {A} at (0,0) size 157x15 [color=#0000EE]
                    RenderText {#text} at (0,1710) size 157x15
                      text run at (0,1710) width 157: "Datetime Arithmetic in SQL"
                  RenderText {#text} at (156,1710) size 5x15
                    text run at (156,1710) width 5: " "
                  RenderBR {BR} at (160,1722) size 1x0
                  RenderInline {A} at (0,0) size 152x15 [color=#0000EE]
                    RenderText {#text} at (0,1725) size 152x15
                      text run at (0,1725) width 152: "Precedence of Operations"
                  RenderText {#text} at (151,1725) size 4x15
                    text run at (151,1725) width 4: " "
                  RenderBR {BR} at (154,1737) size 1x0
                  RenderInline {A} at (0,0) size 110x15 [color=#0000EE]
                    RenderText {#text} at (0,1740) size 110x15
                      text run at (0,1740) width 110: "CASE Expressions"
                  RenderText {#text} at (109,1740) size 5x15
                    text run at (109,1740) width 5: " "
                  RenderBR {BR} at (113,1752) size 1x0
                  RenderInline {A} at (0,0) size 119x15 [color=#0000EE]
                    RenderText {#text} at (0,1755) size 119x15
                      text run at (0,1755) width 119: "CAST Specifications"
                  RenderText {#text} at (118,1755) size 5x15
                    text run at (118,1755) width 5: " "
                  RenderBR {BR} at (122,1767) size 1x0
                  RenderInline {A} at (0,0) size 139x15 [color=#0000EE]
                    RenderText {#text} at (0,1770) size 139x15
                      text run at (0,1770) width 139: "Dereference Operations"
                  RenderText {#text} at (138,1770) size 5x15
                    text run at (138,1770) width 5: " "
                  RenderBR {BR} at (142,1782) size 1x0
                  RenderInline {A} at (0,0) size 95x15 [color=#0000EE]
                    RenderText {#text} at (0,1785) size 95x15
                      text run at (0,1785) width 95: "OLAP Functions"
                  RenderText {#text} at (94,1785) size 5x15
                    text run at (94,1785) width 5: " "
                  RenderBR {BR} at (98,1797) size 1x0
                  RenderInline {A} at (0,0) size 107x15 [color=#0000EE]
                    RenderText {#text} at (0,1800) size 107x15
                      text run at (0,1800) width 107: "Method Invocation"
                  RenderText {#text} at (106,1800) size 4x15
                    text run at (106,1800) width 4: " "
                  RenderBR {BR} at (109,1812) size 1x0
                  RenderInline {A} at (0,0) size 111x15 [color=#0000EE]
                    RenderText {#text} at (0,1815) size 111x15
                      text run at (0,1815) width 111: "Subtype Treatment"
                  RenderText {#text} at (110,1815) size 5x15
                    text run at (110,1815) width 5: " "
                  RenderBR {BR} at (114,1827) size 1x0
                  RenderInline {A} at (0,0) size 62x15 [color=#0000EE]
                    RenderText {#text} at (0,1830) size 62x15
                      text run at (0,1830) width 62: "Predicates"
                  RenderText {#text} at (61,1830) size 5x15
                    text run at (61,1830) width 5: " "
                  RenderBR {BR} at (65,1842) size 1x0
                  RenderInline {A} at (0,0) size 91x15 [color=#0000EE]
                    RenderText {#text} at (0,1845) size 91x15
                      text run at (0,1845) width 91: "Basic Predicate"
                  RenderText {#text} at (90,1845) size 4x15
                    text run at (90,1845) width 4: " "
                  RenderBR {BR} at (93,1857) size 1x0
                  RenderInline {A} at (0,0) size 118x15 [color=#0000EE]
                    RenderText {#text} at (0,1860) size 118x15
                      text run at (0,1860) width 118: "Quantified Predicate"
                  RenderText {#text} at (117,1860) size 5x15
                    text run at (117,1860) width 5: " "
                  RenderBR {BR} at (121,1872) size 1x0
                  RenderInline {A} at (0,0) size 123x15 [color=#0000EE]
                    RenderText {#text} at (0,1875) size 123x15
                      text run at (0,1875) width 123: "BETWEEN Predicate"
                  RenderText {#text} at (122,1875) size 5x15
                    text run at (122,1875) width 5: " "
                  RenderBR {BR} at (126,1887) size 1x0
                  RenderInline {A} at (0,0) size 105x15 [color=#0000EE]
                    RenderText {#text} at (0,1890) size 105x15
                      text run at (0,1890) width 105: "EXISTS Predicate"
                  RenderText {#text} at (104,1890) size 5x15
                    text run at (104,1890) width 5: " "
                  RenderBR {BR} at (108,1902) size 1x0
                  RenderInline {A} at (0,0) size 72x15 [color=#0000EE]
                    RenderText {#text} at (0,1905) size 72x15
                      text run at (0,1905) width 72: "IN Predicate"
                  RenderText {#text} at (71,1905) size 5x15
                    text run at (71,1905) width 5: " "
                  RenderBR {BR} at (75,1917) size 1x0
                  RenderInline {A} at (0,0) size 87x15 [color=#0000EE]
                    RenderText {#text} at (0,1920) size 87x15
                      text run at (0,1920) width 87: "LIKE Predicate"
                  RenderText {#text} at (86,1920) size 5x15
                    text run at (86,1920) width 5: " "
                  RenderBR {BR} at (90,1932) size 1x0
                  RenderInline {A} at (0,0) size 92x15 [color=#0000EE]
                    RenderText {#text} at (0,1935) size 92x15
                      text run at (0,1935) width 92: "NULL Predicate"
                  RenderText {#text} at (91,1935) size 5x15
                    text run at (91,1935) width 5: " "
                  RenderBR {BR} at (95,1947) size 1x0
                  RenderInline {A} at (0,0) size 93x15 [color=#0000EE]
                    RenderText {#text} at (0,1950) size 93x15
                      text run at (0,1950) width 93: "TYPE Predicate"
                  RenderText {#text} at (92,1950) size 5x15
                    text run at (92,1950) width 5: " "
                  RenderBR {BR} at (96,1962) size 1x0
                  RenderInline {A} at (0,0) size 107x15 [color=#0000EE]
                    RenderText {#text} at (0,1965) size 107x15
                      text run at (0,1965) width 107: "Search Conditions"
                  RenderText {#text} at (106,1965) size 4x15
                    text run at (106,1965) width 4: " "
                  RenderBR {BR} at (109,1977) size 1x0
                  RenderInline {A} at (0,0) size 58x15 [color=#0000EE]
                    RenderText {#text} at (0,1980) size 58x15
                      text run at (0,1980) width 58: "Examples"
                  RenderText {#text} at (0,0) size 0x0
                RenderBlock {P} at (0,3296) size 708x1935
                  RenderInline {B} at (0,0) size 63x15
                    RenderInline {A} at (0,0) size 63x15 [color=#0000EE]
                      RenderText {#text} at (0,0) size 63x15
                        text run at (0,0) width 63: "Functions"
                  RenderBR {BR} at (62,12) size 1x0
                  RenderBR {BR} at (0,15) size 0x15
                  RenderInline {A} at (0,0) size 105x15 [color=#0000EE]
                    RenderText {#text} at (0,30) size 105x15
                      text run at (0,30) width 105: "Column Functions"
                  RenderText {#text} at (104,30) size 5x15
                    text run at (104,30) width 5: " "
                  RenderBR {BR} at (108,42) size 1x0
                  RenderInline {A} at (0,0) size 28x15 [color=#0000EE]
                    RenderText {#text} at (0,45) size 28x15
                      text run at (0,45) width 28: "AVG"
                  RenderText {#text} at (27,45) size 5x15
                    text run at (27,45) width 5: " "
                  RenderBR {BR} at (31,57) size 1x0
                  RenderInline {A} at (0,0) size 94x15 [color=#0000EE]
                    RenderText {#text} at (0,60) size 94x15
                      text run at (0,60) width 94: "CORRELATION"
                  RenderText {#text} at (93,60) size 5x15
                    text run at (93,60) width 5: " "
                  RenderBR {BR} at (97,72) size 1x0
                  RenderInline {A} at (0,0) size 47x15 [color=#0000EE]
                    RenderText {#text} at (0,75) size 47x15
                      text run at (0,75) width 47: "COUNT"
                  RenderText {#text} at (46,75) size 4x15
                    text run at (46,75) width 4: " "
                  RenderBR {BR} at (49,87) size 1x0
                  RenderInline {A} at (0,0) size 76x15 [color=#0000EE]
                    RenderText {#text} at (0,90) size 76x15
                      text run at (0,90) width 76: "COUNT_BIG"
                  RenderText {#text} at (75,90) size 5x15
                    text run at (75,90) width 5: " "
                  RenderBR {BR} at (79,102) size 1x0
                  RenderInline {A} at (0,0) size 86x15 [color=#0000EE]
                    RenderText {#text} at (0,105) size 86x15
                      text run at (0,105) width 86: "COVARIANCE"
                  RenderText {#text} at (85,105) size 5x15
                    text run at (85,105) width 5: " "
                  RenderBR {BR} at (89,117) size 1x0
                  RenderInline {A} at (0,0) size 71x15 [color=#0000EE]
                    RenderText {#text} at (0,120) size 71x15
                      text run at (0,120) width 71: "GROUPING"
                  RenderText {#text} at (70,120) size 5x15
                    text run at (70,120) width 5: " "
                  RenderBR {BR} at (74,132) size 1x0
                  RenderInline {A} at (0,0) size 29x15 [color=#0000EE]
                    RenderText {#text} at (0,135) size 29x15
                      text run at (0,135) width 29: "MAX"
                  RenderText {#text} at (28,135) size 4x15
                    text run at (28,135) width 4: " "
                  RenderBR {BR} at (31,147) size 1x0
                  RenderInline {A} at (0,0) size 24x15 [color=#0000EE]
                    RenderText {#text} at (0,150) size 24x15
                      text run at (0,150) width 24: "MIN"
                  RenderText {#text} at (23,150) size 5x15
                    text run at (23,150) width 5: " "
                  RenderBR {BR} at (27,162) size 1x0
                  RenderInline {A} at (0,0) size 147x15 [color=#0000EE]
                    RenderText {#text} at (0,165) size 147x15
                      text run at (0,165) width 147: "REGRESSION Functions"
                  RenderText {#text} at (146,165) size 5x15
                    text run at (146,165) width 5: " "
                  RenderBR {BR} at (150,177) size 1x0
                  RenderInline {A} at (0,0) size 53x15 [color=#0000EE]
                    RenderText {#text} at (0,180) size 53x15
                      text run at (0,180) width 53: "STDDEV"
                  RenderText {#text} at (52,180) size 5x15
                    text run at (52,180) width 5: " "
                  RenderBR {BR} at (56,192) size 1x0
                  RenderInline {A} at (0,0) size 29x15 [color=#0000EE]
                    RenderText {#text} at (0,195) size 29x15
                      text run at (0,195) width 29: "SUM"
                  RenderText {#text} at (28,195) size 5x15
                    text run at (28,195) width 5: " "
                  RenderBR {BR} at (32,207) size 1x0
                  RenderInline {A} at (0,0) size 67x15 [color=#0000EE]
                    RenderText {#text} at (0,210) size 67x15
                      text run at (0,210) width 67: "VARIANCE"
                  RenderText {#text} at (66,210) size 5x15
                    text run at (66,210) width 5: " "
                  RenderBR {BR} at (70,222) size 1x0
                  RenderInline {A} at (0,0) size 97x15 [color=#0000EE]
                    RenderText {#text} at (0,225) size 97x15
                      text run at (0,225) width 97: "Scalar Functions"
                  RenderText {#text} at (96,225) size 5x15
                    text run at (96,225) width 5: " "
                  RenderBR {BR} at (100,237) size 1x0
                  RenderInline {A} at (0,0) size 96x15 [color=#0000EE]
                    RenderText {#text} at (0,240) size 96x15
                      text run at (0,240) width 96: "ABS or ABSVAL"
                  RenderText {#text} at (95,240) size 4x15
                    text run at (95,240) width 4: " "
                  RenderBR {BR} at (98,252) size 1x0
                  RenderInline {A} at (0,0) size 37x15 [color=#0000EE]
                    RenderText {#text} at (0,255) size 37x15
                      text run at (0,255) width 37: "ACOS"
                  RenderText {#text} at (36,255) size 5x15
                    text run at (36,255) width 5: " "
                  RenderBR {BR} at (40,267) size 1x0
                  RenderInline {A} at (0,0) size 34x15 [color=#0000EE]
                    RenderText {#text} at (0,270) size 34x15
                      text run at (0,270) width 34: "ASCII"
                  RenderText {#text} at (33,270) size 5x15
                    text run at (33,270) width 5: " "
                  RenderBR {BR} at (37,282) size 1x0
                  RenderInline {A} at (0,0) size 31x15 [color=#0000EE]
                    RenderText {#text} at (0,285) size 31x15
                      text run at (0,285) width 31: "ASIN"
                  RenderText {#text} at (30,285) size 4x15
                    text run at (30,285) width 4: " "
                  RenderBR {BR} at (33,297) size 1x0
                  RenderInline {A} at (0,0) size 35x15 [color=#0000EE]
                    RenderText {#text} at (0,300) size 35x15
                      text run at (0,300) width 35: "ATAN"
                  RenderText {#text} at (34,300) size 5x15
                    text run at (34,300) width 5: " "
                  RenderBR {BR} at (38,312) size 1x0
                  RenderInline {A} at (0,0) size 42x15 [color=#0000EE]
                    RenderText {#text} at (0,315) size 42x15
                      text run at (0,315) width 42: "ATAN2"
                  RenderText {#text} at (41,315) size 5x15
                    text run at (41,315) width 5: " "
                  RenderBR {BR} at (45,327) size 1x0
                  RenderInline {A} at (0,0) size 44x15 [color=#0000EE]
                    RenderText {#text} at (0,330) size 44x15
                      text run at (0,330) width 44: "BIGINT"
                  RenderText {#text} at (43,330) size 4x15
                    text run at (43,330) width 4: " "
                  RenderBR {BR} at (46,342) size 1x0
                  RenderInline {A} at (0,0) size 35x15 [color=#0000EE]
                    RenderText {#text} at (0,345) size 35x15
                      text run at (0,345) width 35: "BLOB"
                  RenderText {#text} at (34,345) size 5x15
                    text run at (34,345) width 5: " "
                  RenderBR {BR} at (38,357) size 1x0
                  RenderInline {A} at (0,0) size 100x15 [color=#0000EE]
                    RenderText {#text} at (0,360) size 100x15
                      text run at (0,360) width 100: "CEILING or CEIL"
                  RenderText {#text} at (99,360) size 5x15
                    text run at (99,360) width 5: " "
                  RenderBR {BR} at (103,372) size 1x0
                  RenderInline {A} at (0,0) size 37x15 [color=#0000EE]
                    RenderText {#text} at (0,375) size 37x15
                      text run at (0,375) width 37: "CHAR"
                  RenderText {#text} at (36,375) size 5x15
                    text run at (36,375) width 5: " "
                  RenderBR {BR} at (40,387) size 1x0
                  RenderInline {A} at (0,0) size 29x15 [color=#0000EE]
                    RenderText {#text} at (0,390) size 29x15
                      text run at (0,390) width 29: "CHR"
                  RenderText {#text} at (28,390) size 4x15
                    text run at (28,390) width 4: " "
                  RenderBR {BR} at (31,402) size 1x0
                  RenderInline {A} at (0,0) size 36x15 [color=#0000EE]
                    RenderText {#text} at (0,405) size 36x15
                      text run at (0,405) width 36: "CLOB"
                  RenderText {#text} at (35,405) size 5x15
                    text run at (35,405) width 5: " "
                  RenderBR {BR} at (39,417) size 1x0
                  RenderInline {A} at (0,0) size 71x15 [color=#0000EE]
                    RenderText {#text} at (0,420) size 71x15
                      text run at (0,420) width 71: "COALESCE"
                  RenderText {#text} at (70,420) size 5x15
                    text run at (70,420) width 5: " "
                  RenderBR {BR} at (74,432) size 1x0
                  RenderInline {A} at (0,0) size 55x15 [color=#0000EE]
                    RenderText {#text} at (0,435) size 55x15
                      text run at (0,435) width 55: "CONCAT"
                  RenderText {#text} at (54,435) size 5x15
                    text run at (54,435) width 5: " "
                  RenderBR {BR} at (58,447) size 1x0
                  RenderInline {A} at (0,0) size 29x15 [color=#0000EE]
                    RenderText {#text} at (0,450) size 29x15
                      text run at (0,450) width 29: "COS"
                  RenderText {#text} at (28,450) size 4x15
                    text run at (28,450) width 4: " "
                  RenderBR {BR} at (31,462) size 1x0
                  RenderInline {A} at (0,0) size 28x15 [color=#0000EE]
                    RenderText {#text} at (0,465) size 28x15
                      text run at (0,465) width 28: "COT"
                  RenderText {#text} at (27,465) size 5x15
                    text run at (27,465) width 5: " "
                  RenderBR {BR} at (31,477) size 1x0
                  RenderInline {A} at (0,0) size 35x15 [color=#0000EE]
                    RenderText {#text} at (0,480) size 35x15
                      text run at (0,480) width 35: "DATE"
                  RenderText {#text} at (34,480) size 5x15
                    text run at (34,480) width 5: " "
                  RenderBR {BR} at (38,492) size 1x0
                  RenderInline {A} at (0,0) size 27x15 [color=#0000EE]
                    RenderText {#text} at (0,495) size 27x15
                      text run at (0,495) width 27: "DAY"
                  RenderText {#text} at (26,495) size 5x15
                    text run at (26,495) width 5: " "
                  RenderBR {BR} at (30,507) size 1x0
                  RenderInline {A} at (0,0) size 65x15 [color=#0000EE]
                    RenderText {#text} at (0,510) size 65x15
                      text run at (0,510) width 65: "DAYNAME"
                  RenderText {#text} at (64,510) size 4x15
                    text run at (64,510) width 4: " "
                  RenderBR {BR} at (67,522) size 1x0
                  RenderInline {A} at (0,0) size 84x15 [color=#0000EE]
                    RenderText {#text} at (0,525) size 84x15
                      text run at (0,525) width 84: "DAYOFWEEK"
                  RenderText {#text} at (83,525) size 4x15
                    text run at (83,525) width 4: " "
                  RenderBR {BR} at (86,537) size 1x0
                  RenderInline {A} at (0,0) size 113x15 [color=#0000EE]
                    RenderText {#text} at (0,540) size 113x15
                      text run at (0,540) width 113: "DAYOFWEEK_ISO"
                  RenderText {#text} at (112,540) size 5x15
                    text run at (112,540) width 5: " "
                  RenderBR {BR} at (116,552) size 1x0
                  RenderInline {A} at (0,0) size 81x15 [color=#0000EE]
                    RenderText {#text} at (0,555) size 81x15
                      text run at (0,555) width 81: "DAYOFYEAR"
                  RenderText {#text} at (80,555) size 4x15
                    text run at (80,555) width 4: " "
                  RenderBR {BR} at (83,567) size 1x0
                  RenderInline {A} at (0,0) size 36x15 [color=#0000EE]
                    RenderText {#text} at (0,570) size 36x15
                      text run at (0,570) width 36: "DAYS"
                  RenderText {#text} at (35,570) size 5x15
                    text run at (35,570) width 5: " "
                  RenderBR {BR} at (39,582) size 1x0
                  RenderInline {A} at (0,0) size 54x15 [color=#0000EE]
                    RenderText {#text} at (0,585) size 54x15
                      text run at (0,585) width 54: "DBCLOB"
                  RenderText {#text} at (53,585) size 5x15
                    text run at (53,585) width 5: " "
                  RenderBR {BR} at (57,597) size 1x0
                  RenderInline {A} at (0,0) size 58x15 [color=#0000EE]
                    RenderText {#text} at (0,600) size 58x15
                      text run at (0,600) width 58: "DECIMAL"
                  RenderText {#text} at (57,600) size 5x15
                    text run at (57,600) width 5: " "
                  RenderBR {BR} at (61,612) size 1x0
                  RenderInline {A} at (0,0) size 64x15 [color=#0000EE]
                    RenderText {#text} at (0,615) size 64x15
                      text run at (0,615) width 64: "DEGREES"
                  RenderText {#text} at (63,615) size 5x15
                    text run at (63,615) width 5: " "
                  RenderBR {BR} at (67,627) size 1x0
                  RenderInline {A} at (0,0) size 45x15 [color=#0000EE]
                    RenderText {#text} at (0,630) size 45x15
                      text run at (0,630) width 45: "DEREF"
                  RenderText {#text} at (44,630) size 4x15
                    text run at (44,630) width 4: " "
                  RenderBR {BR} at (47,642) size 1x0
                  RenderInline {A} at (0,0) size 84x15 [color=#0000EE]
                    RenderText {#text} at (0,645) size 84x15
                      text run at (0,645) width 84: "DIFFERENCE"
                  RenderText {#text} at (83,645) size 4x15
                    text run at (83,645) width 4: " "
                  RenderBR {BR} at (86,657) size 1x0
                  RenderInline {A} at (0,0) size 44x15 [color=#0000EE]
                    RenderText {#text} at (0,660) size 44x15
                      text run at (0,660) width 44: "DIGITS"
                  RenderText {#text} at (43,660) size 4x15
                    text run at (43,660) width 4: " "
                  RenderBR {BR} at (46,672) size 1x0
                  RenderInline {A} at (0,0) size 84x15 [color=#0000EE]
                    RenderText {#text} at (0,675) size 84x15
                      text run at (0,675) width 84: "DLCOMMENT"
                  RenderText {#text} at (83,675) size 5x15
                    text run at (83,675) width 5: " "
                  RenderBR {BR} at (87,687) size 1x0
                  RenderInline {A} at (0,0) size 80x15 [color=#0000EE]
                    RenderText {#text} at (0,690) size 80x15
                      text run at (0,690) width 80: "DLLINKTYPE"
                  RenderText {#text} at (79,690) size 5x15
                    text run at (79,690) width 5: " "
                  RenderBR {BR} at (83,702) size 1x0
                  RenderInline {A} at (0,0) size 115x15 [color=#0000EE]
                    RenderText {#text} at (0,705) size 115x15
                      text run at (0,705) width 115: "DLURLCOMPLETE"
                  RenderText {#text} at (114,705) size 4x15
                    text run at (114,705) width 4: " "
                  RenderBR {BR} at (117,717) size 1x0
                  RenderInline {A} at (0,0) size 78x15 [color=#0000EE]
                    RenderText {#text} at (0,720) size 78x15
                      text run at (0,720) width 78: "DLURLPATH"
                  RenderText {#text} at (77,720) size 4x15
                    text run at (77,720) width 4: " "
                  RenderBR {BR} at (80,732) size 1x0
                  RenderInline {A} at (0,0) size 113x15 [color=#0000EE]
                    RenderText {#text} at (0,735) size 113x15
                      text run at (0,735) width 113: "DLURLPATHONLY"
                  RenderText {#text} at (112,735) size 5x15
                    text run at (112,735) width 5: " "
                  RenderBR {BR} at (116,747) size 1x0
                  RenderInline {A} at (0,0) size 99x15 [color=#0000EE]
                    RenderText {#text} at (0,750) size 99x15
                      text run at (0,750) width 99: "DLURLSCHEME"
                  RenderText {#text} at (98,750) size 4x15
                    text run at (98,750) width 4: " "
                  RenderBR {BR} at (101,762) size 1x0
                  RenderInline {A} at (0,0) size 97x15 [color=#0000EE]
                    RenderText {#text} at (0,765) size 97x15
                      text run at (0,765) width 97: "DLURLSERVER"
                  RenderText {#text} at (96,765) size 4x15
                    text run at (96,765) width 4: " "
                  RenderBR {BR} at (99,777) size 1x0
                  RenderInline {A} at (0,0) size 60x15 [color=#0000EE]
                    RenderText {#text} at (0,780) size 60x15
                      text run at (0,780) width 60: "DLVALUE"
                  RenderText {#text} at (59,780) size 4x15
                    text run at (59,780) width 4: " "
                  RenderBR {BR} at (62,792) size 1x0
                  RenderInline {A} at (0,0) size 54x15 [color=#0000EE]
                    RenderText {#text} at (0,795) size 54x15
                      text run at (0,795) width 54: "DOUBLE"
                  RenderText {#text} at (53,795) size 5x15
                    text run at (53,795) width 5: " "
                  RenderBR {BR} at (57,807) size 1x0
                  RenderInline {A} at (0,0) size 131x15 [color=#0000EE]
                    RenderText {#text} at (0,810) size 131x15
                      text run at (0,810) width 131: "EVENT_MON_STATE"
                  RenderText {#text} at (130,810) size 4x15
                    text run at (130,810) width 4: " "
                  RenderBR {BR} at (133,822) size 1x0
                  RenderInline {A} at (0,0) size 27x15 [color=#0000EE]
                    RenderText {#text} at (0,825) size 27x15
                      text run at (0,825) width 27: "EXP"
                  RenderText {#text} at (26,825) size 4x15
                    text run at (26,825) width 4: " "
                  RenderBR {BR} at (29,837) size 1x0
                  RenderInline {A} at (0,0) size 42x15 [color=#0000EE]
                    RenderText {#text} at (0,840) size 42x15
                      text run at (0,840) width 42: "FLOAT"
                  RenderText {#text} at (41,840) size 5x15
                    text run at (41,840) width 5: " "
                  RenderBR {BR} at (45,852) size 1x0
                  RenderInline {A} at (0,0) size 45x15 [color=#0000EE]
                    RenderText {#text} at (0,855) size 45x15
                      text run at (0,855) width 45: "FLOOR"
                  RenderText {#text} at (44,855) size 5x15
                    text run at (44,855) width 5: " "
                  RenderBR {BR} at (48,867) size 1x0
                  RenderInline {A} at (0,0) size 130x15 [color=#0000EE]
                    RenderText {#text} at (0,870) size 130x15
                      text run at (0,870) width 130: "GENERATE_UNIQUE"
                  RenderText {#text} at (129,870) size 4x15
                    text run at (129,870) width 4: " "
                  RenderBR {BR} at (132,882) size 1x0
                  RenderInline {A} at (0,0) size 60x15 [color=#0000EE]
                    RenderText {#text} at (0,885) size 60x15
                      text run at (0,885) width 60: "GRAPHIC"
                  RenderText {#text} at (59,885) size 4x15
                    text run at (59,885) width 4: " "
                  RenderBR {BR} at (62,897) size 1x0
                  RenderInline {A} at (0,0) size 27x15 [color=#0000EE]
                    RenderText {#text} at (0,900) size 27x15
                      text run at (0,900) width 27: "HEX"
                  RenderText {#text} at (26,900) size 5x15
                    text run at (26,900) width 5: " "
                  RenderBR {BR} at (30,912) size 1x0
                  RenderInline {A} at (0,0) size 39x15 [color=#0000EE]
                    RenderText {#text} at (0,915) size 39x15
                      text run at (0,915) width 39: "HOUR"
                  RenderText {#text} at (38,915) size 4x15
                    text run at (38,915) width 4: " "
                  RenderBR {BR} at (41,927) size 1x0
                  RenderInline {A} at (0,0) size 48x15 [color=#0000EE]
                    RenderText {#text} at (0,930) size 48x15
                      text run at (0,930) width 48: "INSERT"
                  RenderText {#text} at (47,930) size 5x15
                    text run at (47,930) width 5: " "
                  RenderBR {BR} at (51,942) size 1x0
                  RenderInline {A} at (0,0) size 58x15 [color=#0000EE]
                    RenderText {#text} at (0,945) size 58x15
                      text run at (0,945) width 58: "INTEGER"
                  RenderText {#text} at (57,945) size 5x15
                    text run at (57,945) width 5: " "
                  RenderBR {BR} at (61,957) size 1x0
                  RenderInline {A} at (0,0) size 79x15 [color=#0000EE]
                    RenderText {#text} at (0,960) size 79x15
                      text run at (0,960) width 79: "JULIAN_DAY"
                  RenderText {#text} at (78,960) size 5x15
                    text run at (78,960) width 5: " "
                  RenderBR {BR} at (82,972) size 1x0
                  RenderInline {A} at (0,0) size 110x15 [color=#0000EE]
                    RenderText {#text} at (0,975) size 110x15
                      text run at (0,975) width 110: "LCASE or LOWER"
                  RenderText {#text} at (109,975) size 4x15
                    text run at (109,975) width 4: " "
                  RenderBR {BR} at (112,987) size 1x0
                  RenderInline {A} at (0,0) size 157x15 [color=#0000EE]
                    RenderText {#text} at (0,990) size 157x15
                      text run at (0,990) width 157: "LCASE (SYSFUN schema)"
                  RenderText {#text} at (156,990) size 5x15
                    text run at (156,990) width 5: " "
                  RenderBR {BR} at (160,1002) size 1x0
                  RenderInline {A} at (0,0) size 32x15 [color=#0000EE]
                    RenderText {#text} at (0,1005) size 32x15
                      text run at (0,1005) width 32: "LEFT"
                  RenderText {#text} at (31,1005) size 5x15
                    text run at (31,1005) width 5: " "
                  RenderBR {BR} at (35,1017) size 1x0
                  RenderInline {A} at (0,0) size 53x15 [color=#0000EE]
                    RenderText {#text} at (0,1020) size 53x15
                      text run at (0,1020) width 53: "LENGTH"
                  RenderText {#text} at (52,1020) size 5x15
                    text run at (52,1020) width 5: " "
                  RenderBR {BR} at (56,1032) size 1x0
                  RenderInline {A} at (0,0) size 17x15 [color=#0000EE]
                    RenderText {#text} at (0,1035) size 17x15
                      text run at (0,1035) width 17: "LN"
                  RenderText {#text} at (16,1035) size 5x15
                    text run at (16,1035) width 5: " "
                  RenderBR {BR} at (20,1047) size 1x0
                  RenderInline {A} at (0,0) size 53x15 [color=#0000EE]
                    RenderText {#text} at (0,1050) size 53x15
                      text run at (0,1050) width 53: "LOCATE"
                  RenderText {#text} at (52,1050) size 4x15
                    text run at (52,1050) width 4: " "
                  RenderBR {BR} at (55,1062) size 1x0
                  RenderInline {A} at (0,0) size 28x15 [color=#0000EE]
                    RenderText {#text} at (0,1065) size 28x15
                      text run at (0,1065) width 28: "LOG"
                  RenderText {#text} at (27,1065) size 5x15
                    text run at (27,1065) width 5: " "
                  RenderBR {BR} at (31,1077) size 1x0
                  RenderInline {A} at (0,0) size 42x15 [color=#0000EE]
                    RenderText {#text} at (0,1080) size 42x15
                      text run at (0,1080) width 42: "LOG10"
                  RenderText {#text} at (41,1080) size 5x15
                    text run at (41,1080) width 5: " "
                  RenderBR {BR} at (45,1092) size 1x0
                  RenderInline {A} at (0,0) size 108x15 [color=#0000EE]
                    RenderText {#text} at (0,1095) size 108x15
                      text run at (0,1095) width 108: "LONG_VARCHAR"
                  RenderText {#text} at (107,1095) size 5x15
                    text run at (107,1095) width 5: " "
                  RenderBR {BR} at (111,1107) size 1x0
                  RenderInline {A} at (0,0) size 131x15 [color=#0000EE]
                    RenderText {#text} at (0,1110) size 131x15
                      text run at (0,1110) width 131: "LONG_VARGRAPHIC"
                  RenderText {#text} at (130,1110) size 4x15
                    text run at (130,1110) width 4: " "
                  RenderBR {BR} at (133,1122) size 1x0
                  RenderInline {A} at (0,0) size 39x15 [color=#0000EE]
                    RenderText {#text} at (0,1125) size 39x15
                      text run at (0,1125) width 39: "LTRIM"
                  RenderText {#text} at (39,1125) size 4x15
                    text run at (39,1125) width 4: " "
                  RenderBR {BR} at (42,1137) size 1x0
                  RenderInline {A} at (0,0) size 154x15 [color=#0000EE]
                    RenderText {#text} at (0,1140) size 154x15
                      text run at (0,1140) width 154: "LTRIM (SYSFUN schema)"
                  RenderText {#text} at (153,1140) size 4x15
                    text run at (153,1140) width 4: " "
                  RenderBR {BR} at (156,1152) size 1x0
                  RenderInline {A} at (0,0) size 99x15 [color=#0000EE]
                    RenderText {#text} at (0,1155) size 99x15
                      text run at (0,1155) width 99: "MICROSECOND"
                  RenderText {#text} at (98,1155) size 5x15
                    text run at (98,1155) width 5: " "
                  RenderBR {BR} at (102,1167) size 1x0
                  RenderInline {A} at (0,0) size 136x15 [color=#0000EE]
                    RenderText {#text} at (0,1170) size 136x15
                      text run at (0,1170) width 136: "MIDNIGHT_SECONDS"
                  RenderText {#text} at (135,1170) size 5x15
                    text run at (135,1170) width 5: " "
                  RenderBR {BR} at (139,1182) size 1x0
                  RenderInline {A} at (0,0) size 50x15 [color=#0000EE]
                    RenderText {#text} at (0,1185) size 50x15
                      text run at (0,1185) width 50: "MINUTE"
                  RenderText {#text} at (49,1185) size 5x15
                    text run at (49,1185) width 5: " "
                  RenderBR {BR} at (53,1197) size 1x0
                  RenderInline {A} at (0,0) size 31x15 [color=#0000EE]
                    RenderText {#text} at (0,1200) size 31x15
                      text run at (0,1200) width 31: "MOD"
                  RenderText {#text} at (30,1200) size 4x15
                    text run at (30,1200) width 4: " "
                  RenderBR {BR} at (33,1212) size 1x0
                  RenderInline {A} at (0,0) size 48x15 [color=#0000EE]
                    RenderText {#text} at (0,1215) size 48x15
                      text run at (0,1215) width 48: "MONTH"
                  RenderText {#text} at (47,1215) size 5x15
                    text run at (47,1215) width 5: " "
                  RenderBR {BR} at (51,1227) size 1x0
                  RenderInline {A} at (0,0) size 86x15 [color=#0000EE]
                    RenderText {#text} at (0,1230) size 86x15
                      text run at (0,1230) width 86: "MONTHNAME"
                  RenderText {#text} at (85,1230) size 4x15
                    text run at (85,1230) width 4: " "
                  RenderBR {BR} at (88,1242) size 1x0
                  RenderInline {A} at (0,0) size 94x15 [color=#0000EE]
                    RenderText {#text} at (0,1245) size 94x15
                      text run at (0,1245) width 94: "NODENUMBER"
                  RenderText {#text} at (93,1245) size 5x15
                    text run at (93,1245) width 5: " "
                  RenderBR {BR} at (97,1257) size 1x0
                  RenderInline {A} at (0,0) size 45x15 [color=#0000EE]
                    RenderText {#text} at (0,1260) size 45x15
                      text run at (0,1260) width 45: "NULLIF"
                  RenderText {#text} at (44,1260) size 5x15
                    text run at (44,1260) width 5: " "
                  RenderBR {BR} at (48,1272) size 1x0
                  RenderInline {A} at (0,0) size 70x15 [color=#0000EE]
                    RenderText {#text} at (0,1275) size 70x15
                      text run at (0,1275) width 70: "PARTITION"
                  RenderText {#text} at (69,1275) size 4x15
                    text run at (69,1275) width 4: " "
                  RenderBR {BR} at (72,1287) size 1x0
                  RenderInline {A} at (0,0) size 54x15 [color=#0000EE]
                    RenderText {#text} at (0,1290) size 54x15
                      text run at (0,1290) width 54: "POSSTR"
                  RenderText {#text} at (53,1290) size 5x15
                    text run at (53,1290) width 5: " "
                  RenderBR {BR} at (57,1302) size 1x0
                  RenderInline {A} at (0,0) size 50x15 [color=#0000EE]
                    RenderText {#text} at (0,1305) size 50x15
                      text run at (0,1305) width 50: "POWER"
                  RenderText {#text} at (49,1305) size 4x15
                    text run at (49,1305) width 4: " "
                  RenderBR {BR} at (52,1317) size 1x0
                  RenderInline {A} at (0,0) size 64x15 [color=#0000EE]
                    RenderText {#text} at (0,1320) size 64x15
                      text run at (0,1320) width 64: "QUARTER"
                  RenderText {#text} at (63,1320) size 5x15
                    text run at (63,1320) width 5: " "
                  RenderBR {BR} at (67,1332) size 1x0
                  RenderInline {A} at (0,0) size 58x15 [color=#0000EE]
                    RenderText {#text} at (0,1335) size 58x15
                      text run at (0,1335) width 58: "RADIANS"
                  RenderText {#text} at (57,1335) size 5x15
                    text run at (57,1335) width 5: " "
                  RenderBR {BR} at (61,1347) size 1x0
                  RenderInline {A} at (0,0) size 94x15 [color=#0000EE]
                    RenderText {#text} at (0,1350) size 94x15
                      text run at (0,1350) width 94: "RAISE_ERROR"
                  RenderText {#text} at (93,1350) size 4x15
                    text run at (93,1350) width 4: " "
                  RenderBR {BR} at (96,1362) size 1x0
                  RenderInline {A} at (0,0) size 37x15 [color=#0000EE]
                    RenderText {#text} at (0,1365) size 37x15
                      text run at (0,1365) width 37: "RAND"
                  RenderText {#text} at (36,1365) size 5x15
                    text run at (36,1365) width 5: " "
                  RenderBR {BR} at (40,1377) size 1x0
                  RenderInline {A} at (0,0) size 34x15 [color=#0000EE]
                    RenderText {#text} at (0,1380) size 34x15
                      text run at (0,1380) width 34: "REAL"
                  RenderText {#text} at (33,1380) size 5x15
                    text run at (33,1380) width 5: " "
                  RenderBR {BR} at (37,1392) size 1x0
                  RenderInline {A} at (0,0) size 53x15 [color=#0000EE]
                    RenderText {#text} at (0,1395) size 53x15
                      text run at (0,1395) width 53: "REPEAT"
                  RenderText {#text} at (52,1395) size 4x15
                    text run at (52,1395) width 4: " "
                  RenderBR {BR} at (55,1407) size 1x0
                  RenderInline {A} at (0,0) size 61x15 [color=#0000EE]
                    RenderText {#text} at (0,1410) size 61x15
                      text run at (0,1410) width 61: "REPLACE"
                  RenderText {#text} at (60,1410) size 5x15
                    text run at (60,1410) width 5: " "
                  RenderBR {BR} at (64,1422) size 1x0
                  RenderInline {A} at (0,0) size 41x15 [color=#0000EE]
                    RenderText {#text} at (0,1425) size 41x15
                      text run at (0,1425) width 41: "RIGHT"
                  RenderText {#text} at (40,1425) size 5x15
                    text run at (40,1425) width 5: " "
                  RenderBR {BR} at (44,1437) size 1x0
                  RenderInline {A} at (0,0) size 48x15 [color=#0000EE]
                    RenderText {#text} at (0,1440) size 48x15
                      text run at (0,1440) width 48: "ROUND"
                  RenderText {#text} at (47,1440) size 5x15
                    text run at (47,1440) width 5: " "
                  RenderBR {BR} at (51,1452) size 1x0
                  RenderInline {A} at (0,0) size 42x15 [color=#0000EE]
                    RenderText {#text} at (0,1455) size 42x15
                      text run at (0,1455) width 42: "RTRIM"
                  RenderText {#text} at (41,1455) size 4x15
                    text run at (41,1455) width 4: " "
                  RenderBR {BR} at (44,1467) size 1x0
                  RenderInline {A} at (0,0) size 156x15 [color=#0000EE]
                    RenderText {#text} at (0,1470) size 156x15
                      text run at (0,1470) width 156: "RTRIM (SYSFUN schema)"
                  RenderText {#text} at (155,1470) size 4x15
                    text run at (155,1470) width 4: " "
                  RenderBR {BR} at (158,1482) size 1x0
                  RenderInline {A} at (0,0) size 56x15 [color=#0000EE]
                    RenderText {#text} at (0,1485) size 56x15
                      text run at (0,1485) width 56: "SECOND"
                  RenderText {#text} at (55,1485) size 5x15
                    text run at (55,1485) width 5: " "
                  RenderBR {BR} at (59,1497) size 1x0
                  RenderInline {A} at (0,0) size 32x15 [color=#0000EE]
                    RenderText {#text} at (0,1500) size 32x15
                      text run at (0,1500) width 32: "SIGN"
                  RenderText {#text} at (31,1500) size 5x15
                    text run at (31,1500) width 5: " "
                  RenderBR {BR} at (35,1512) size 1x0
                  RenderInline {A} at (0,0) size 22x15 [color=#0000EE]
                    RenderText {#text} at (0,1515) size 22x15
                      text run at (0,1515) width 22: "SIN"
                  RenderText {#text} at (21,1515) size 5x15
                    text run at (21,1515) width 5: " "
                  RenderBR {BR} at (25,1527) size 1x0
                  RenderInline {A} at (0,0) size 64x15 [color=#0000EE]
                    RenderText {#text} at (0,1530) size 64x15
                      text run at (0,1530) width 64: "SMALLINT"
                  RenderText {#text} at (63,1530) size 5x15
                    text run at (63,1530) width 5: " "
                  RenderBR {BR} at (67,1542) size 1x0
                  RenderInline {A} at (0,0) size 65x15 [color=#0000EE]
                    RenderText {#text} at (0,1545) size 65x15
                      text run at (0,1545) width 65: "SOUNDEX"
                  RenderText {#text} at (64,1545) size 4x15
                    text run at (64,1545) width 4: " "
                  RenderBR {BR} at (67,1557) size 1x0
                  RenderInline {A} at (0,0) size 45x15 [color=#0000EE]
                    RenderText {#text} at (0,1560) size 45x15
                      text run at (0,1560) width 45: "SPACE"
                  RenderText {#text} at (44,1560) size 4x15
                    text run at (44,1560) width 4: " "
                  RenderBR {BR} at (47,1572) size 1x0
                  RenderInline {A} at (0,0) size 37x15 [color=#0000EE]
                    RenderText {#text} at (0,1575) size 37x15
                      text run at (0,1575) width 37: "SQRT"
                  RenderText {#text} at (36,1575) size 4x15
                    text run at (36,1575) width 4: " "
                  RenderBR {BR} at (39,1587) size 1x0
                  RenderInline {A} at (0,0) size 53x15 [color=#0000EE]
                    RenderText {#text} at (0,1590) size 53x15
                      text run at (0,1590) width 53: "SUBSTR"
                  RenderText {#text} at (52,1590) size 5x15
                    text run at (52,1590) width 5: " "
                  RenderBR {BR} at (56,1602) size 1x0
                  RenderInline {A} at (0,0) size 86x15 [color=#0000EE]
                    RenderText {#text} at (0,1605) size 86x15
                      text run at (0,1605) width 86: "TABLE_NAME"
                  RenderText {#text} at (85,1605) size 5x15
                    text run at (85,1605) width 5: " "
                  RenderBR {BR} at (89,1617) size 1x0
                  RenderInline {A} at (0,0) size 105x15 [color=#0000EE]
                    RenderText {#text} at (0,1620) size 105x15
                      text run at (0,1620) width 105: "TABLE_SCHEMA"
                  RenderText {#text} at (104,1620) size 4x15
                    text run at (104,1620) width 4: " "
                  RenderBR {BR} at (107,1632) size 1x0
                  RenderInline {A} at (0,0) size 26x15 [color=#0000EE]
                    RenderText {#text} at (0,1635) size 26x15
                      text run at (0,1635) width 26: "TAN"
                  RenderText {#text} at (26,1635) size 4x15
                    text run at (26,1635) width 4: " "
                  RenderBR {BR} at (29,1647) size 1x0
                  RenderInline {A} at (0,0) size 32x15 [color=#0000EE]
                    RenderText {#text} at (0,1650) size 32x15
                      text run at (0,1650) width 32: "TIME"
                  RenderText {#text} at (31,1650) size 4x15
                    text run at (31,1650) width 4: " "
                  RenderBR {BR} at (34,1662) size 1x0
                  RenderInline {A} at (0,0) size 76x15 [color=#0000EE]
                    RenderText {#text} at (0,1665) size 76x15
                      text run at (0,1665) width 76: "TIMESTAMP"
                  RenderText {#text} at (75,1665) size 5x15
                    text run at (75,1665) width 5: " "
                  RenderBR {BR} at (79,1677) size 1x0
                  RenderInline {A} at (0,0) size 106x15 [color=#0000EE]
                    RenderText {#text} at (0,1680) size 106x15
                      text run at (0,1680) width 106: "TIMESTAMP_ISO"
                  RenderText {#text} at (105,1680) size 5x15
                    text run at (105,1680) width 5: " "
                  RenderBR {BR} at (109,1692) size 1x0
                  RenderInline {A} at (0,0) size 105x15 [color=#0000EE]
                    RenderText {#text} at (0,1695) size 105x15
                      text run at (0,1695) width 105: "TIMESTAMPDIFF"
                  RenderText {#text} at (104,1695) size 5x15
                    text run at (104,1695) width 5: " "
                  RenderBR {BR} at (108,1707) size 1x0
                  RenderInline {A} at (0,0) size 77x15 [color=#0000EE]
                    RenderText {#text} at (0,1710) size 77x15
                      text run at (0,1710) width 77: "TRANSLATE"
                  RenderText {#text} at (76,1710) size 5x15
                    text run at (76,1710) width 5: " "
                  RenderBR {BR} at (80,1722) size 1x0
                  RenderInline {A} at (0,0) size 136x15 [color=#0000EE]
                    RenderText {#text} at (0,1725) size 136x15
                      text run at (0,1725) width 136: "TRUNCATE or TRUNC"
                  RenderText {#text} at (135,1725) size 4x15
                    text run at (135,1725) width 4: " "
                  RenderBR {BR} at (138,1737) size 1x0
                  RenderInline {A} at (0,0) size 55x15 [color=#0000EE]
                    RenderText {#text} at (0,1740) size 55x15
                      text run at (0,1740) width 55: "TYPE_ID"
                  RenderText {#text} at (54,1740) size 4x15
                    text run at (54,1740) width 4: " "
                  RenderBR {BR} at (57,1752) size 1x0
                  RenderInline {A} at (0,0) size 79x15 [color=#0000EE]
                    RenderText {#text} at (0,1755) size 79x15
                      text run at (0,1755) width 79: "TYPE_NAME"
                  RenderText {#text} at (78,1755) size 5x15
                    text run at (78,1755) width 5: " "
                  RenderBR {BR} at (82,1767) size 1x0
                  RenderInline {A} at (0,0) size 97x15 [color=#0000EE]
                    RenderText {#text} at (0,1770) size 97x15
                      text run at (0,1770) width 97: "TYPE_SCHEMA"
                  RenderText {#text} at (96,1770) size 5x15
                    text run at (96,1770) width 5: " "
                  RenderBR {BR} at (100,1782) size 1x0
                  RenderInline {A} at (0,0) size 109x15 [color=#0000EE]
                    RenderText {#text} at (0,1785) size 109x15
                      text run at (0,1785) width 109: "UCASE or UPPER"
                  RenderText {#text} at (108,1785) size 4x15
                    text run at (108,1785) width 4: " "
                  RenderBR {BR} at (111,1797) size 1x0
                  RenderInline {A} at (0,0) size 43x15 [color=#0000EE]
                    RenderText {#text} at (0,1800) size 43x15
                      text run at (0,1800) width 43: "VALUE"
                  RenderText {#text} at (42,1800) size 5x15
                    text run at (42,1800) width 5: " "
                  RenderBR {BR} at (46,1812) size 1x0
                  RenderInline {A} at (0,0) size 64x15 [color=#0000EE]
                    RenderText {#text} at (0,1815) size 64x15
                      text run at (0,1815) width 64: "VARCHAR"
                  RenderText {#text} at (63,1815) size 5x15
                    text run at (63,1815) width 5: " "
                  RenderBR {BR} at (67,1827) size 1x0
                  RenderInline {A} at (0,0) size 86x15 [color=#0000EE]
                    RenderText {#text} at (0,1830) size 86x15
                      text run at (0,1830) width 86: "VARGRAPHIC"
                  RenderText {#text} at (85,1830) size 5x15
                    text run at (85,1830) width 5: " "
                  RenderBR {BR} at (89,1842) size 1x0
                  RenderInline {A} at (0,0) size 39x15 [color=#0000EE]
                    RenderText {#text} at (0,1845) size 39x15
                      text run at (0,1845) width 39: "WEEK"
                  RenderText {#text} at (38,1845) size 4x15
                    text run at (38,1845) width 4: " "
                  RenderBR {BR} at (41,1857) size 1x0
                  RenderInline {A} at (0,0) size 68x15 [color=#0000EE]
                    RenderText {#text} at (0,1860) size 68x15
                      text run at (0,1860) width 68: "WEEK_ISO"
                  RenderText {#text} at (67,1860) size 5x15
                    text run at (67,1860) width 5: " "
                  RenderBR {BR} at (71,1872) size 1x0
                  RenderInline {A} at (0,0) size 36x15 [color=#0000EE]
                    RenderText {#text} at (0,1875) size 36x15
                      text run at (0,1875) width 36: "YEAR"
                  RenderText {#text} at (35,1875) size 5x15
                    text run at (35,1875) width 5: " "
                  RenderBR {BR} at (39,1887) size 1x0
                  RenderInline {A} at (0,0) size 93x15 [color=#0000EE]
                    RenderText {#text} at (0,1890) size 93x15
                      text run at (0,1890) width 93: "Table Functions"
                  RenderText {#text} at (92,1890) size 5x15
                    text run at (92,1890) width 5: " "
                  RenderBR {BR} at (96,1902) size 1x0
                  RenderInline {A} at (0,0) size 151x15 [color=#0000EE]
                    RenderText {#text} at (0,1905) size 151x15
                      text run at (0,1905) width 151: "SQLCACHE_SNAPSHOT"
                  RenderText {#text} at (150,1905) size 4x15
                    text run at (150,1905) width 4: " "
                  RenderBR {BR} at (153,1917) size 1x0
                  RenderInline {A} at (0,0) size 137x15 [color=#0000EE]
                    RenderText {#text} at (0,1920) size 137x15
                      text run at (0,1920) width 137: "User-Defined Functions"
                  RenderText {#text} at (0,0) size 0x0
                RenderBlock {P} at (0,5244) size 708x345
                  RenderInline {B} at (0,0) size 49x15
                    RenderInline {A} at (0,0) size 49x15 [color=#0000EE]
                      RenderText {#text} at (0,0) size 49x15
                        text run at (0,0) width 49: "Queries"
                  RenderBR {BR} at (48,12) size 1x0
                  RenderBR {BR} at (0,15) size 0x15
                  RenderInline {A} at (0,0) size 55x15 [color=#0000EE]
                    RenderText {#text} at (0,30) size 55x15
                      text run at (0,30) width 55: "subselect"
                  RenderText {#text} at (54,30) size 5x15
                    text run at (54,30) width 5: " "
                  RenderBR {BR} at (58,42) size 1x0
                  RenderInline {A} at (0,0) size 76x15 [color=#0000EE]
                    RenderText {#text} at (0,45) size 76x15
                      text run at (0,45) width 76: "select-clause"
                  RenderText {#text} at (75,45) size 5x15
                    text run at (75,45) width 5: " "
                  RenderBR {BR} at (79,57) size 1x0
                  RenderInline {A} at (0,0) size 68x15 [color=#0000EE]
                    RenderText {#text} at (0,60) size 68x15
                      text run at (0,60) width 68: "from-clause"
                  RenderText {#text} at (67,60) size 5x15
                    text run at (67,60) width 5: " "
                  RenderBR {BR} at (71,72) size 1x0
                  RenderInline {A} at (0,0) size 88x15 [color=#0000EE]
                    RenderText {#text} at (0,75) size 88x15
                      text run at (0,75) width 88: "table-reference"
                  RenderText {#text} at (87,75) size 5x15
                    text run at (87,75) width 5: " "
                  RenderBR {BR} at (91,87) size 1x0
                  RenderInline {A} at (0,0) size 68x15 [color=#0000EE]
                    RenderText {#text} at (0,90) size 68x15
                      text run at (0,90) width 68: "joined-table"
                  RenderText {#text} at (67,90) size 4x15
                    text run at (67,90) width 4: " "
                  RenderBR {BR} at (70,102) size 1x0
                  RenderInline {A} at (0,0) size 78x15 [color=#0000EE]
                    RenderText {#text} at (0,105) size 78x15
                      text run at (0,105) width 78: "where-clause"
                  RenderText {#text} at (77,105) size 4x15
                    text run at (77,105) width 4: " "
                  RenderBR {BR} at (80,117) size 1x0
                  RenderInline {A} at (0,0) size 94x15 [color=#0000EE]
                    RenderText {#text} at (0,120) size 94x15
                      text run at (0,120) width 94: "group-by-clause"
                  RenderText {#text} at (93,120) size 4x15
                    text run at (93,120) width 4: " "
                  RenderBR {BR} at (96,132) size 1x0
                  RenderInline {A} at (0,0) size 81x15 [color=#0000EE]
                    RenderText {#text} at (0,135) size 81x15
                      text run at (0,135) width 81: "having-clause"
                  RenderText {#text} at (80,135) size 4x15
                    text run at (80,135) width 4: " "
                  RenderBR {BR} at (83,147) size 1x0
                  RenderInline {A} at (0,0) size 137x15 [color=#0000EE]
                    RenderText {#text} at (0,150) size 137x15
                      text run at (0,150) width 137: "Examples of subselects"
                  RenderText {#text} at (136,150) size 5x15
                    text run at (136,150) width 5: " "
                  RenderBR {BR} at (140,162) size 1x0
                  RenderInline {A} at (0,0) size 106x15 [color=#0000EE]
                    RenderText {#text} at (0,165) size 106x15
                      text run at (0,165) width 106: "Examples of Joins"
                  RenderText {#text} at (105,165) size 5x15
                    text run at (105,165) width 5: " "
                  RenderBR {BR} at (109,177) size 1x0
                  RenderInline {A} at (0,0) size 266x15 [color=#0000EE]
                    RenderText {#text} at (0,180) size 266x15
                      text run at (0,180) width 266: "Examples of Grouping Sets, Cube, and Rollup"
                  RenderText {#text} at (265,180) size 5x15
                    text run at (265,180) width 5: " "
                  RenderBR {BR} at (269,192) size 1x0
                  RenderInline {A} at (0,0) size 51x15 [color=#0000EE]
                    RenderText {#text} at (0,195) size 51x15
                      text run at (0,195) width 51: "fullselect"
                  RenderText {#text} at (50,195) size 5x15
                    text run at (50,195) width 5: " "
                  RenderBR {BR} at (54,207) size 1x0
                  RenderInline {A} at (0,0) size 137x15 [color=#0000EE]
                    RenderText {#text} at (0,210) size 137x15
                      text run at (0,210) width 137: "Examples of a fullselect"
                  RenderText {#text} at (136,210) size 5x15
                    text run at (136,210) width 5: " "
                  RenderBR {BR} at (140,222) size 1x0
                  RenderInline {A} at (0,0) size 96x15 [color=#0000EE]
                    RenderText {#text} at (0,225) size 96x15
                      text run at (0,225) width 96: "select-statement"
                  RenderText {#text} at (95,225) size 4x15
                    text run at (95,225) width 4: " "
                  RenderBR {BR} at (98,237) size 1x0
                  RenderInline {A} at (0,0) size 150x15 [color=#0000EE]
                    RenderText {#text} at (0,240) size 150x15
                      text run at (0,240) width 150: "common-table-expression"
                  RenderText {#text} at (149,240) size 5x15
                    text run at (149,240) width 5: " "
                  RenderBR {BR} at (153,252) size 1x0
                  RenderInline {A} at (0,0) size 91x15 [color=#0000EE]
                    RenderText {#text} at (0,255) size 91x15
                      text run at (0,255) width 91: "order-by-clause"
                  RenderText {#text} at (90,255) size 4x15
                    text run at (90,255) width 4: " "
                  RenderBR {BR} at (93,267) size 1x0
                  RenderInline {A} at (0,0) size 82x15 [color=#0000EE]
                    RenderText {#text} at (0,270) size 82x15
                      text run at (0,270) width 82: "update-clause"
                  RenderText {#text} at (81,270) size 5x15
                    text run at (81,270) width 5: " "
                  RenderBR {BR} at (85,282) size 1x0
                  RenderInline {A} at (0,0) size 97x15 [color=#0000EE]
                    RenderText {#text} at (0,285) size 97x15
                      text run at (0,285) width 97: "read-only-clause"
                  RenderText {#text} at (96,285) size 4x15
                    text run at (96,285) width 4: " "
                  RenderBR {BR} at (99,297) size 1x0
                  RenderInline {A} at (0,0) size 96x15 [color=#0000EE]
                    RenderText {#text} at (0,300) size 96x15
                      text run at (0,300) width 96: "fetch-first-clause"
                  RenderText {#text} at (95,300) size 4x15
                    text run at (95,300) width 4: " "
                  RenderBR {BR} at (98,312) size 1x0
                  RenderInline {A} at (0,0) size 110x15 [color=#0000EE]
                    RenderText {#text} at (0,315) size 110x15
                      text run at (0,315) width 110: "optimize-for-clause"
                  RenderText {#text} at (109,315) size 5x15
                    text run at (109,315) width 5: " "
                  RenderBR {BR} at (113,327) size 1x0
                  RenderInline {A} at (0,0) size 182x15 [color=#0000EE]
                    RenderText {#text} at (0,330) size 182x15
                      text run at (0,330) width 182: "Examples of a select-statement"
                  RenderText {#text} at (0,0) size 0x0
                RenderBlock {P} at (0,5602) size 708x1770
                  RenderInline {B} at (0,0) size 101x15
                    RenderInline {A} at (0,0) size 101x15 [color=#0000EE]
                      RenderText {#text} at (0,0) size 101x15
                        text run at (0,0) width 101: "SQL Statements"
                  RenderBR {BR} at (100,12) size 1x0
                  RenderBR {BR} at (0,15) size 0x15
                  RenderInline {A} at (0,0) size 198x15 [color=#0000EE]
                    RenderText {#text} at (0,30) size 198x15
                      text run at (0,30) width 198: "How SQL Statements Are Invoked"
                  RenderText {#text} at (197,30) size 5x15
                    text run at (197,30) width 5: " "
                  RenderBR {BR} at (201,42) size 1x0
                  RenderInline {A} at (0,0) size 292x15 [color=#0000EE]
                    RenderText {#text} at (0,45) size 292x15
                      text run at (0,45) width 292: "Embedding a Statement in an Application Program"
                  RenderText {#text} at (291,45) size 5x15
                    text run at (291,45) width 5: " "
                  RenderBR {BR} at (295,57) size 1x0
                  RenderInline {A} at (0,0) size 208x15 [color=#0000EE]
                    RenderText {#text} at (0,60) size 208x15
                      text run at (0,60) width 208: "Dynamic Preparation and Execution"
                  RenderText {#text} at (207,60) size 5x15
                    text run at (207,60) width 5: " "
                  RenderBR {BR} at (211,72) size 1x0
                  RenderInline {A} at (0,0) size 220x15 [color=#0000EE]
                    RenderText {#text} at (0,75) size 220x15
                      text run at (0,75) width 220: "Static Invocation of a select-statement"
                  RenderText {#text} at (219,75) size 5x15
                    text run at (219,75) width 5: " "
                  RenderBR {BR} at (223,87) size 1x0
                  RenderInline {A} at (0,0) size 238x15 [color=#0000EE]
                    RenderText {#text} at (0,90) size 238x15
                      text run at (0,90) width 238: "Dynamic Invocation of a select-statement"
                  RenderText {#text} at (237,90) size 5x15
                    text run at (237,90) width 5: " "
                  RenderBR {BR} at (241,102) size 1x0
                  RenderInline {A} at (0,0) size 123x15 [color=#0000EE]
                    RenderText {#text} at (0,105) size 123x15
                      text run at (0,105) width 123: "Interactive Invocation"
                  RenderText {#text} at (122,105) size 5x15
                    text run at (122,105) width 5: " "
                  RenderBR {BR} at (126,117) size 1x0
                  RenderInline {A} at (0,0) size 110x15 [color=#0000EE]
                    RenderText {#text} at (0,120) size 110x15
                      text run at (0,120) width 110: "SQL Return Codes"
                  RenderText {#text} at (109,120) size 5x15
                    text run at (109,120) width 5: " "
                  RenderBR {BR} at (113,132) size 1x0
                  RenderInline {A} at (0,0) size 64x15 [color=#0000EE]
                    RenderText {#text} at (0,135) size 64x15
                      text run at (0,135) width 64: "SQLCODE"
                  RenderText {#text} at (63,135) size 5x15
                    text run at (63,135) width 5: " "
                  RenderBR {BR} at (67,147) size 1x0
                  RenderInline {A} at (0,0) size 68x15 [color=#0000EE]
                    RenderText {#text} at (0,150) size 68x15
                      text run at (0,150) width 68: "SQLSTATE"
                  RenderText {#text} at (67,150) size 5x15
                    text run at (67,150) width 5: " "
                  RenderBR {BR} at (71,162) size 1x0
                  RenderInline {A} at (0,0) size 93x15 [color=#0000EE]
                    RenderText {#text} at (0,165) size 93x15
                      text run at (0,165) width 93: "SQL Comments"
                  RenderText {#text} at (92,165) size 5x15
                    text run at (92,165) width 5: " "
                  RenderBR {BR} at (96,177) size 1x0
                  RenderInline {A} at (0,0) size 134x15 [color=#0000EE]
                    RenderText {#text} at (0,180) size 134x15
                      text run at (0,180) width 134: "ALTER BUFFERPOOL"
                  RenderText {#text} at (133,180) size 5x15
                    text run at (133,180) width 5: " "
                  RenderBR {BR} at (137,192) size 1x0
                  RenderInline {A} at (0,0) size 115x15 [color=#0000EE]
                    RenderText {#text} at (0,195) size 115x15
                      text run at (0,195) width 115: "ALTER NICKNAME"
                  RenderText {#text} at (114,195) size 4x15
                    text run at (114,195) width 4: " "
                  RenderBR {BR} at (117,207) size 1x0
                  RenderInline {A} at (0,0) size 131x15 [color=#0000EE]
                    RenderText {#text} at (0,210) size 131x15
                      text run at (0,210) width 131: "ALTER NODEGROUP"
                  RenderText {#text} at (130,210) size 5x15
                    text run at (130,210) width 5: " "
                  RenderBR {BR} at (134,222) size 1x0
                  RenderInline {A} at (0,0) size 99x15 [color=#0000EE]
                    RenderText {#text} at (0,225) size 99x15
                      text run at (0,225) width 99: "ALTER SERVER"
                  RenderText {#text} at (98,225) size 5x15
                    text run at (98,225) width 5: " "
                  RenderBR {BR} at (102,237) size 1x0
                  RenderInline {A} at (0,0) size 87x15 [color=#0000EE]
                    RenderText {#text} at (0,240) size 87x15
                      text run at (0,240) width 87: "ALTER TABLE"
                  RenderText {#text} at (86,240) size 5x15
                    text run at (86,240) width 5: " "
                  RenderBR {BR} at (90,252) size 1x0
                  RenderInline {A} at (0,0) size 131x15 [color=#0000EE]
                    RenderText {#text} at (0,255) size 131x15
                      text run at (0,255) width 131: "ALTER TABLESPACE"
                  RenderText {#text} at (130,255) size 5x15
                    text run at (130,255) width 5: " "
                  RenderBR {BR} at (134,267) size 1x0
                  RenderInline {A} at (0,0) size 152x15 [color=#0000EE]
                    RenderText {#text} at (0,270) size 152x15
                      text run at (0,270) width 152: "ALTER TYPE (Structured)"
                  RenderText {#text} at (151,270) size 5x15
                    text run at (151,270) width 5: " "
                  RenderBR {BR} at (155,282) size 1x0
                  RenderInline {A} at (0,0) size 146x15 [color=#0000EE]
                    RenderText {#text} at (0,285) size 146x15
                      text run at (0,285) width 146: "ALTER USER MAPPING"
                  RenderText {#text} at (145,285) size 4x15
                    text run at (145,285) width 4: " "
                  RenderBR {BR} at (148,297) size 1x0
                  RenderInline {A} at (0,0) size 79x15 [color=#0000EE]
                    RenderText {#text} at (0,300) size 79x15
                      text run at (0,300) width 79: "ALTER VIEW"
                  RenderText {#text} at (78,300) size 5x15
                    text run at (78,300) width 5: " "
                  RenderBR {BR} at (82,312) size 1x0
                  RenderInline {A} at (0,0) size 167x15 [color=#0000EE]
                    RenderText {#text} at (0,315) size 167x15
                      text run at (0,315) width 167: "BEGIN DECLARE SECTION"
                  RenderText {#text} at (166,315) size 5x15
                    text run at (166,315) width 5: " "
                  RenderBR {BR} at (170,327) size 1x0
                  RenderInline {A} at (0,0) size 33x15 [color=#0000EE]
                    RenderText {#text} at (0,330) size 33x15
                      text run at (0,330) width 33: "CALL"
                  RenderText {#text} at (32,330) size 5x15
                    text run at (32,330) width 5: " "
                  RenderBR {BR} at (36,342) size 1x0
                  RenderInline {A} at (0,0) size 45x15 [color=#0000EE]
                    RenderText {#text} at (0,345) size 45x15
                      text run at (0,345) width 45: "CLOSE"
                  RenderText {#text} at (44,345) size 4x15
                    text run at (44,345) width 4: " "
                  RenderBR {BR} at (47,357) size 1x0
                  RenderInline {A} at (0,0) size 91x15 [color=#0000EE]
                    RenderText {#text} at (0,360) size 91x15
                      text run at (0,360) width 91: "COMMENT ON"
                  RenderText {#text} at (90,360) size 4x15
                    text run at (90,360) width 4: " "
                  RenderBR {BR} at (93,372) size 1x0
                  RenderInline {A} at (0,0) size 53x15 [color=#0000EE]
                    RenderText {#text} at (0,375) size 53x15
                      text run at (0,375) width 53: "COMMIT"
                  RenderText {#text} at (52,375) size 5x15
                    text run at (52,375) width 5: " "
                  RenderBR {BR} at (56,387) size 1x0
                  RenderInline {A} at (0,0) size 169x15 [color=#0000EE]
                    RenderText {#text} at (0,390) size 169x15
                      text run at (0,390) width 169: "Compound SQL (Embedded)"
                  RenderText {#text} at (168,390) size 4x15
                    text run at (168,390) width 4: " "
                  RenderBR {BR} at (171,402) size 1x0
                  RenderInline {A} at (0,0) size 117x15 [color=#0000EE]
                    RenderText {#text} at (0,405) size 117x15
                      text run at (0,405) width 117: "CONNECT (Type 1)"
                  RenderText {#text} at (116,405) size 4x15
                    text run at (116,405) width 4: " "
                  RenderBR {BR} at (119,417) size 1x0
                  RenderInline {A} at (0,0) size 117x15 [color=#0000EE]
                    RenderText {#text} at (0,420) size 117x15
                      text run at (0,420) width 117: "CONNECT (Type 2)"
                  RenderText {#text} at (116,420) size 4x15
                    text run at (116,420) width 4: " "
                  RenderBR {BR} at (119,432) size 1x0
                  RenderInline {A} at (0,0) size 94x15 [color=#0000EE]
                    RenderText {#text} at (0,435) size 94x15
                      text run at (0,435) width 94: "CREATE ALIAS"
                  RenderText {#text} at (93,435) size 4x15
                    text run at (93,435) width 4: " "
                  RenderBR {BR} at (96,447) size 1x0
                  RenderInline {A} at (0,0) size 145x15 [color=#0000EE]
                    RenderText {#text} at (0,450) size 145x15
                      text run at (0,450) width 145: "CREATE BUFFERPOOL"
                  RenderText {#text} at (144,450) size 5x15
                    text run at (144,450) width 5: " "
                  RenderBR {BR} at (148,462) size 1x0
                  RenderInline {A} at (0,0) size 154x15 [color=#0000EE]
                    RenderText {#text} at (0,465) size 154x15
                      text run at (0,465) width 154: "CREATE DISTINCT TYPE"
                  RenderText {#text} at (153,465) size 5x15
                    text run at (153,465) width 5: " "
                  RenderBR {BR} at (157,477) size 1x0
                  RenderInline {A} at (0,0) size 165x15 [color=#0000EE]
                    RenderText {#text} at (0,480) size 165x15
                      text run at (0,480) width 165: "CREATE EVENT MONITOR"
                  RenderText {#text} at (164,480) size 5x15
                    text run at (164,480) width 5: " "
                  RenderBR {BR} at (168,492) size 1x0
                  RenderInline {A} at (0,0) size 124x15 [color=#0000EE]
                    RenderText {#text} at (0,495) size 124x15
                      text run at (0,495) width 124: "CREATE FUNCTION"
                  RenderText {#text} at (123,495) size 5x15
                    text run at (123,495) width 5: " "
                  RenderBR {BR} at (127,507) size 1x0
                  RenderInline {A} at (0,0) size 224x15 [color=#0000EE]
                    RenderText {#text} at (0,510) size 224x15
                      text run at (0,510) width 224: "CREATE FUNCTION (External Scalar)"
                  RenderText {#text} at (223,510) size 5x15
                    text run at (223,510) width 5: " "
                  RenderBR {BR} at (227,522) size 1x0
                  RenderInline {A} at (0,0) size 220x15 [color=#0000EE]
                    RenderText {#text} at (0,525) size 220x15
                      text run at (0,525) width 220: "CREATE FUNCTION (External Table)"
                  RenderText {#text} at (219,525) size 5x15
                    text run at (219,525) width 5: " "
                  RenderBR {BR} at (223,537) size 1x0
                  RenderInline {A} at (0,0) size 271x15 [color=#0000EE]
                    RenderText {#text} at (0,540) size 271x15
                      text run at (0,540) width 271: "CREATE FUNCTION (OLE DB External Table)"
                  RenderText {#text} at (270,540) size 5x15
                    text run at (270,540) width 5: " "
                  RenderBR {BR} at (274,552) size 1x0
                  RenderInline {A} at (0,0) size 250x15 [color=#0000EE]
                    RenderText {#text} at (0,555) size 250x15
                      text run at (0,555) width 250: "CREATE FUNCTION (Source or Template)"
                  RenderText {#text} at (249,555) size 5x15
                    text run at (249,555) width 5: " "
                  RenderBR {BR} at (253,567) size 1x0
                  RenderInline {A} at (0,0) size 287x15 [color=#0000EE]
                    RenderText {#text} at (0,570) size 287x15
                      text run at (0,570) width 287: "CREATE FUNCTION (SQL Scalar, Table or Row)"
                  RenderText {#text} at (286,570) size 5x15
                    text run at (286,570) width 5: " "
                  RenderBR {BR} at (290,582) size 1x0
                  RenderInline {A} at (0,0) size 188x15 [color=#0000EE]
                    RenderText {#text} at (0,585) size 188x15
                      text run at (0,585) width 188: "CREATE FUNCTION MAPPING"
                  RenderText {#text} at (187,585) size 4x15
                    text run at (187,585) width 4: " "
                  RenderBR {BR} at (190,597) size 1x0
                  RenderInline {A} at (0,0) size 97x15 [color=#0000EE]
                    RenderText {#text} at (0,600) size 97x15
                      text run at (0,600) width 97: "CREATE INDEX"
                  RenderText {#text} at (96,600) size 4x15
                    text run at (96,600) width 4: " "
                  RenderBR {BR} at (99,612) size 1x0
                  RenderInline {A} at (0,0) size 175x15 [color=#0000EE]
                    RenderText {#text} at (0,615) size 175x15
                      text run at (0,615) width 175: "CREATE INDEX EXTENSION"
                  RenderText {#text} at (174,615) size 5x15
                    text run at (174,615) width 5: " "
                  RenderBR {BR} at (178,627) size 1x0
                  RenderInline {A} at (0,0) size 113x15 [color=#0000EE]
                    RenderText {#text} at (0,630) size 113x15
                      text run at (0,630) width 113: "CREATE METHOD"
                  RenderText {#text} at (112,630) size 5x15
                    text run at (112,630) width 5: " "
                  RenderBR {BR} at (116,642) size 1x0
                  RenderInline {A} at (0,0) size 125x15 [color=#0000EE]
                    RenderText {#text} at (0,645) size 125x15
                      text run at (0,645) width 125: "CREATE NICKNAME"
                  RenderText {#text} at (124,645) size 5x15
                    text run at (124,645) width 5: " "
                  RenderBR {BR} at (128,657) size 1x0
                  RenderInline {A} at (0,0) size 142x15 [color=#0000EE]
                    RenderText {#text} at (0,660) size 142x15
                      text run at (0,660) width 142: "CREATE NODEGROUP"
                  RenderText {#text} at (141,660) size 5x15
                    text run at (141,660) width 5: " "
                  RenderBR {BR} at (145,672) size 1x0
                  RenderInline {A} at (0,0) size 140x15 [color=#0000EE]
                    RenderText {#text} at (0,675) size 140x15
                      text run at (0,675) width 140: "CREATE PROCEDURE"
                  RenderText {#text} at (139,675) size 5x15
                    text run at (139,675) width 5: " "
                  RenderBR {BR} at (143,687) size 1x0
                  RenderInline {A} at (0,0) size 112x15 [color=#0000EE]
                    RenderText {#text} at (0,690) size 112x15
                      text run at (0,690) width 112: "CREATE SCHEMA"
                  RenderText {#text} at (111,690) size 5x15
                    text run at (111,690) width 5: " "
                  RenderBR {BR} at (115,702) size 1x0
                  RenderInline {A} at (0,0) size 110x15 [color=#0000EE]
                    RenderText {#text} at (0,705) size 110x15
                      text run at (0,705) width 110: "CREATE SERVER"
                  RenderText {#text} at (109,705) size 5x15
                    text run at (109,705) width 5: " "
                  RenderBR {BR} at (113,717) size 1x0
                  RenderInline {A} at (0,0) size 98x15 [color=#0000EE]
                    RenderText {#text} at (0,720) size 98x15
                      text run at (0,720) width 98: "CREATE TABLE"
                  RenderText {#text} at (97,720) size 5x15
                    text run at (97,720) width 5: " "
                  RenderBR {BR} at (101,732) size 1x0
                  RenderInline {A} at (0,0) size 142x15 [color=#0000EE]
                    RenderText {#text} at (0,735) size 142x15
                      text run at (0,735) width 142: "CREATE TABLESPACE"
                  RenderText {#text} at (141,735) size 5x15
                    text run at (141,735) width 5: " "
                  RenderBR {BR} at (145,747) size 1x0
                  RenderInline {A} at (0,0) size 139x15 [color=#0000EE]
                    RenderText {#text} at (0,750) size 139x15
                      text run at (0,750) width 139: "CREATE TRANSFORM"
                  RenderText {#text} at (138,750) size 5x15
                    text run at (138,750) width 5: " "
                  RenderBR {BR} at (142,762) size 1x0
                  RenderInline {A} at (0,0) size 116x15 [color=#0000EE]
                    RenderText {#text} at (0,765) size 116x15
                      text run at (0,765) width 116: "CREATE TRIGGER"
                  RenderText {#text} at (115,765) size 5x15
                    text run at (115,765) width 5: " "
                  RenderBR {BR} at (119,777) size 1x0
                  RenderInline {A} at (0,0) size 163x15 [color=#0000EE]
                    RenderText {#text} at (0,780) size 163x15
                      text run at (0,780) width 163: "CREATE TYPE (Structured)"
                  RenderText {#text} at (162,780) size 5x15
                    text run at (162,780) width 5: " "
                  RenderBR {BR} at (166,792) size 1x0
                  RenderInline {A} at (0,0) size 154x15 [color=#0000EE]
                    RenderText {#text} at (0,795) size 154x15
                      text run at (0,795) width 154: "CREATE TYPE MAPPING"
                  RenderText {#text} at (153,795) size 5x15
                    text run at (153,795) width 5: " "
                  RenderBR {BR} at (157,807) size 1x0
                  RenderInline {A} at (0,0) size 157x15 [color=#0000EE]
                    RenderText {#text} at (0,810) size 157x15
                      text run at (0,810) width 157: "CREATE USER MAPPING"
                  RenderText {#text} at (156,810) size 4x15
                    text run at (156,810) width 4: " "
                  RenderBR {BR} at (159,822) size 1x0
                  RenderInline {A} at (0,0) size 90x15 [color=#0000EE]
                    RenderText {#text} at (0,825) size 90x15
                      text run at (0,825) width 90: "CREATE VIEW"
                  RenderText {#text} at (89,825) size 5x15
                    text run at (89,825) width 5: " "
                  RenderBR {BR} at (93,837) size 1x0
                  RenderInline {A} at (0,0) size 123x15 [color=#0000EE]
                    RenderText {#text} at (0,840) size 123x15
                      text run at (0,840) width 123: "CREATE WRAPPER"
                  RenderText {#text} at (122,840) size 4x15
                    text run at (122,840) width 4: " "
                  RenderBR {BR} at (125,852) size 1x0
                  RenderInline {A} at (0,0) size 122x15 [color=#0000EE]
                    RenderText {#text} at (0,855) size 122x15
                      text run at (0,855) width 122: "DECLARE CURSOR"
                  RenderText {#text} at (121,855) size 4x15
                    text run at (121,855) width 4: " "
                  RenderBR {BR} at (124,867) size 1x0
                  RenderInline {A} at (0,0) size 248x15 [color=#0000EE]
                    RenderText {#text} at (0,870) size 248x15
                      text run at (0,870) width 248: "DECLARE GLOBAL TEMPORARY TABLE"
                  RenderText {#text} at (247,870) size 5x15
                    text run at (247,870) width 5: " "
                  RenderBR {BR} at (251,882) size 1x0
                  RenderInline {A} at (0,0) size 51x15 [color=#0000EE]
                    RenderText {#text} at (0,885) size 51x15
                      text run at (0,885) width 51: "DELETE"
                  RenderText {#text} at (50,885) size 5x15
                    text run at (50,885) width 5: " "
                  RenderBR {BR} at (54,897) size 1x0
                  RenderInline {A} at (0,0) size 67x15 [color=#0000EE]
                    RenderText {#text} at (0,900) size 67x15
                      text run at (0,900) width 67: "DESCRIBE"
                  RenderText {#text} at (66,900) size 5x15
                    text run at (66,900) width 5: " "
                  RenderBR {BR} at (70,912) size 1x0
                  RenderInline {A} at (0,0) size 86x15 [color=#0000EE]
                    RenderText {#text} at (0,915) size 86x15
                      text run at (0,915) width 86: "DISCONNECT"
                  RenderText {#text} at (85,915) size 5x15
                    text run at (85,915) width 5: " "
                  RenderBR {BR} at (89,927) size 1x0
                  RenderInline {A} at (0,0) size 38x15 [color=#0000EE]
                    RenderText {#text} at (0,930) size 38x15
                      text run at (0,930) width 38: "DROP"
                  RenderText {#text} at (37,930) size 5x15
                    text run at (37,930) width 5: " "
                  RenderBR {BR} at (41,942) size 1x0
                  RenderInline {A} at (0,0) size 154x15 [color=#0000EE]
                    RenderText {#text} at (0,945) size 154x15
                      text run at (0,945) width 154: "END DECLARE SECTION"
                  RenderText {#text} at (153,945) size 5x15
                    text run at (153,945) width 5: " "
                  RenderBR {BR} at (157,957) size 1x0
                  RenderInline {A} at (0,0) size 62x15 [color=#0000EE]
                    RenderText {#text} at (0,960) size 62x15
                      text run at (0,960) width 62: "EXECUTE"
                  RenderText {#text} at (61,960) size 5x15
                    text run at (61,960) width 5: " "
                  RenderBR {BR} at (65,972) size 1x0
                  RenderInline {A} at (0,0) size 138x15 [color=#0000EE]
                    RenderText {#text} at (0,975) size 138x15
                      text run at (0,975) width 138: "EXECUTE IMMEDIATE"
                  RenderText {#text} at (137,975) size 4x15
                    text run at (137,975) width 4: " "
                  RenderBR {BR} at (140,987) size 1x0
                  RenderInline {A} at (0,0) size 55x15 [color=#0000EE]
                    RenderText {#text} at (0,990) size 55x15
                      text run at (0,990) width 55: "EXPLAIN"
                  RenderText {#text} at (54,990) size 5x15
                    text run at (54,990) width 5: " "
                  RenderBR {BR} at (58,1002) size 1x0
                  RenderInline {A} at (0,0) size 44x15 [color=#0000EE]
                    RenderText {#text} at (0,1005) size 44x15
                      text run at (0,1005) width 44: "FETCH"
                  RenderText {#text} at (43,1005) size 4x15
                    text run at (43,1005) width 4: " "
                  RenderBR {BR} at (46,1017) size 1x0
                  RenderInline {A} at (0,0) size 155x15 [color=#0000EE]
                    RenderText {#text} at (0,1020) size 155x15
                      text run at (0,1020) width 155: "FLUSH EVENT MONITOR"
                  RenderText {#text} at (154,1020) size 5x15
                    text run at (154,1020) width 5: " "
                  RenderBR {BR} at (158,1032) size 1x0
                  RenderInline {A} at (0,0) size 102x15 [color=#0000EE]
                    RenderText {#text} at (0,1035) size 102x15
                      text run at (0,1035) width 102: "FREE LOCATOR"
                  RenderText {#text} at (101,1035) size 4x15
                    text run at (101,1035) width 4: " "
                  RenderBR {BR} at (104,1047) size 1x0
                  RenderInline {A} at (0,0) size 179x15 [color=#0000EE]
                    RenderText {#text} at (0,1050) size 179x15
                      text run at (0,1050) width 179: "GRANT (Database Authorities)"
                  RenderText {#text} at (178,1050) size 5x15
                    text run at (178,1050) width 5: " "
                  RenderBR {BR} at (182,1062) size 1x0
                  RenderInline {A} at (0,0) size 150x15 [color=#0000EE]
                    RenderText {#text} at (0,1065) size 150x15
                      text run at (0,1065) width 150: "GRANT (Index Privileges)"
                  RenderText {#text} at (149,1065) size 5x15
                    text run at (149,1065) width 5: " "
                  RenderBR {BR} at (153,1077) size 1x0
                  RenderInline {A} at (0,0) size 169x15 [color=#0000EE]
                    RenderText {#text} at (0,1080) size 169x15
                      text run at (0,1080) width 169: "GRANT (Package Privileges)"
                  RenderText {#text} at (168,1080) size 4x15
                    text run at (168,1080) width 4: " "
                  RenderBR {BR} at (171,1092) size 1x0
                  RenderInline {A} at (0,0) size 166x15 [color=#0000EE]
                    RenderText {#text} at (0,1095) size 166x15
                      text run at (0,1095) width 166: "GRANT (Schema Privileges)"
                  RenderText {#text} at (165,1095) size 5x15
                    text run at (165,1095) width 5: " "
                  RenderBR {BR} at (169,1107) size 1x0
                  RenderInline {A} at (0,0) size 157x15 [color=#0000EE]
                    RenderText {#text} at (0,1110) size 157x15
                      text run at (0,1110) width 157: "GRANT (Server Privileges)"
                  RenderText {#text} at (156,1110) size 4x15
                    text run at (156,1110) width 4: " "
                  RenderBR {BR} at (159,1122) size 1x0
                  RenderInline {A} at (0,0) size 266x15 [color=#0000EE]
                    RenderText {#text} at (0,1125) size 266x15
                      text run at (0,1125) width 266: "GRANT (Table, View, or Nickname Privileges)"
                  RenderText {#text} at (265,1125) size 5x15
                    text run at (265,1125) width 5: " "
                  RenderBR {BR} at (269,1137) size 1x0
                  RenderInline {A} at (0,0) size 191x15 [color=#0000EE]
                    RenderText {#text} at (0,1140) size 191x15
                      text run at (0,1140) width 191: "GRANT (Table Space Privileges)"
                  RenderText {#text} at (190,1140) size 5x15
                    text run at (190,1140) width 5: " "
                  RenderBR {BR} at (194,1152) size 1x0
                  RenderInline {A} at (0,0) size 58x15 [color=#0000EE]
                    RenderText {#text} at (0,1155) size 58x15
                      text run at (0,1155) width 58: "INCLUDE"
                  RenderText {#text} at (57,1155) size 4x15
                    text run at (57,1155) width 4: " "
                  RenderBR {BR} at (60,1167) size 1x0
                  RenderInline {A} at (0,0) size 48x15 [color=#0000EE]
                    RenderText {#text} at (0,1170) size 48x15
                      text run at (0,1170) width 48: "INSERT"
                  RenderText {#text} at (47,1170) size 5x15
                    text run at (47,1170) width 5: " "
                  RenderBR {BR} at (51,1182) size 1x0
                  RenderInline {A} at (0,0) size 81x15 [color=#0000EE]
                    RenderText {#text} at (0,1185) size 81x15
                      text run at (0,1185) width 81: "LOCK TABLE"
                  RenderText {#text} at (80,1185) size 4x15
                    text run at (80,1185) width 4: " "
                  RenderBR {BR} at (83,1197) size 1x0
                  RenderInline {A} at (0,0) size 37x15 [color=#0000EE]
                    RenderText {#text} at (0,1200) size 37x15
                      text run at (0,1200) width 37: "OPEN"
                  RenderText {#text} at (36,1200) size 5x15
                    text run at (36,1200) width 5: " "
                  RenderBR {BR} at (40,1212) size 1x0
                  RenderInline {A} at (0,0) size 63x15 [color=#0000EE]
                    RenderText {#text} at (0,1215) size 63x15
                      text run at (0,1215) width 63: "PREPARE"
                  RenderText {#text} at (62,1215) size 4x15
                    text run at (62,1215) width 4: " "
                  RenderBR {BR} at (65,1227) size 1x0
                  RenderInline {A} at (0,0) size 107x15 [color=#0000EE]
                    RenderText {#text} at (0,1230) size 107x15
                      text run at (0,1230) width 107: "REFRESH TABLE"
                  RenderText {#text} at (106,1230) size 5x15
                    text run at (106,1230) width 5: " "
                  RenderBR {BR} at (110,1242) size 1x0
                  RenderInline {A} at (0,0) size 139x15 [color=#0000EE]
                    RenderText {#text} at (0,1245) size 139x15
                      text run at (0,1245) width 139: "RELEASE (Connection)"
                  RenderText {#text} at (138,1245) size 4x15
                    text run at (138,1245) width 4: " "
                  RenderBR {BR} at (141,1257) size 1x0
                  RenderInline {A} at (0,0) size 138x15 [color=#0000EE]
                    RenderText {#text} at (0,1260) size 138x15
                      text run at (0,1260) width 138: "RELEASE SAVEPOINT"
                  RenderText {#text} at (137,1260) size 5x15
                    text run at (137,1260) width 5: " "
                  RenderBR {BR} at (141,1272) size 1x0
                  RenderInline {A} at (0,0) size 101x15 [color=#0000EE]
                    RenderText {#text} at (0,1275) size 101x15
                      text run at (0,1275) width 101: "RENAME TABLE"
                  RenderText {#text} at (100,1275) size 5x15
                    text run at (100,1275) width 5: " "
                  RenderBR {BR} at (104,1287) size 1x0
                  RenderInline {A} at (0,0) size 145x15 [color=#0000EE]
                    RenderText {#text} at (0,1290) size 145x15
                      text run at (0,1290) width 145: "RENAME TABLESPACE"
                  RenderText {#text} at (144,1290) size 5x15
                    text run at (144,1290) width 5: " "
                  RenderBR {BR} at (148,1302) size 1x0
                  RenderInline {A} at (0,0) size 188x15 [color=#0000EE]
                    RenderText {#text} at (0,1305) size 188x15
                      text run at (0,1305) width 188: "REVOKE (Database Authorities)"
                  RenderText {#text} at (187,1305) size 4x15
                    text run at (187,1305) width 4: " "
                  RenderBR {BR} at (190,1317) size 1x0
                  RenderInline {A} at (0,0) size 159x15 [color=#0000EE]
                    RenderText {#text} at (0,1320) size 159x15
                      text run at (0,1320) width 159: "REVOKE (Index Privileges)"
                  RenderText {#text} at (158,1320) size 4x15
                    text run at (158,1320) width 4: " "
                  RenderBR {BR} at (161,1332) size 1x0
                  RenderInline {A} at (0,0) size 178x15 [color=#0000EE]
                    RenderText {#text} at (0,1335) size 178x15
                      text run at (0,1335) width 178: "REVOKE (Package Privileges)"
                  RenderText {#text} at (177,1335) size 4x15
                    text run at (177,1335) width 4: " "
                  RenderBR {BR} at (180,1347) size 1x0
                  RenderInline {A} at (0,0) size 175x15 [color=#0000EE]
                    RenderText {#text} at (0,1350) size 175x15
                      text run at (0,1350) width 175: "REVOKE (Schema Privileges)"
                  RenderText {#text} at (174,1350) size 4x15
                    text run at (174,1350) width 4: " "
                  RenderBR {BR} at (177,1362) size 1x0
                  RenderInline {A} at (0,0) size 165x15 [color=#0000EE]
                    RenderText {#text} at (0,1365) size 165x15
                      text run at (0,1365) width 165: "REVOKE (Server Privileges)"
                  RenderText {#text} at (164,1365) size 5x15
                    text run at (164,1365) width 5: " "
                  RenderBR {BR} at (168,1377) size 1x0
                  RenderInline {A} at (0,0) size 275x15 [color=#0000EE]
                    RenderText {#text} at (0,1380) size 275x15
                      text run at (0,1380) width 275: "REVOKE (Table, View, or Nickname Privileges)"
                  RenderText {#text} at (274,1380) size 5x15
                    text run at (274,1380) width 5: " "
                  RenderBR {BR} at (278,1392) size 1x0
                  RenderInline {A} at (0,0) size 200x15 [color=#0000EE]
                    RenderText {#text} at (0,1395) size 200x15
                      text run at (0,1395) width 200: "REVOKE (Table Space Privileges)"
                  RenderText {#text} at (199,1395) size 5x15
                    text run at (199,1395) width 5: " "
                  RenderBR {BR} at (203,1407) size 1x0
                  RenderInline {A} at (0,0) size 70x15 [color=#0000EE]
                    RenderText {#text} at (0,1410) size 70x15
                      text run at (0,1410) width 70: "ROLLBACK"
                  RenderText {#text} at (69,1410) size 4x15
                    text run at (69,1410) width 4: " "
                  RenderBR {BR} at (72,1422) size 1x0
                  RenderInline {A} at (0,0) size 75x15 [color=#0000EE]
                    RenderText {#text} at (0,1425) size 75x15
                      text run at (0,1425) width 75: "SAVEPOINT"
                  RenderText {#text} at (74,1425) size 5x15
                    text run at (74,1425) width 5: " "
                  RenderBR {BR} at (78,1437) size 1x0
                  RenderInline {A} at (0,0) size 51x15 [color=#0000EE]
                    RenderText {#text} at (0,1440) size 51x15
                      text run at (0,1440) width 51: "SELECT"
                  RenderText {#text} at (50,1440) size 5x15
                    text run at (50,1440) width 5: " "
                  RenderBR {BR} at (54,1452) size 1x0
                  RenderInline {A} at (0,0) size 86x15 [color=#0000EE]
                    RenderText {#text} at (0,1455) size 86x15
                      text run at (0,1455) width 86: "SELECT INTO"
                  RenderText {#text} at (85,1455) size 4x15
                    text run at (85,1455) width 4: " "
                  RenderBR {BR} at (88,1467) size 1x0
                  RenderInline {A} at (0,0) size 117x15 [color=#0000EE]
                    RenderText {#text} at (0,1470) size 117x15
                      text run at (0,1470) width 117: "SET CONNECTION"
                  RenderText {#text} at (116,1470) size 4x15
                    text run at (116,1470) width 4: " "
                  RenderBR {BR} at (119,1482) size 1x0
                  RenderInline {A} at (0,0) size 293x15 [color=#0000EE]
                    RenderText {#text} at (0,1485) size 293x15
                      text run at (0,1485) width 293: "SET CURRENT DEFAULT TRANSFORM GROUP"
                  RenderText {#text} at (292,1485) size 5x15
                    text run at (292,1485) width 5: " "
                  RenderBR {BR} at (296,1497) size 1x0
                  RenderInline {A} at (0,0) size 151x15 [color=#0000EE]
                    RenderText {#text} at (0,1500) size 151x15
                      text run at (0,1500) width 151: "SET CURRENT DEGREE"
                  RenderText {#text} at (150,1500) size 5x15
                    text run at (150,1500) width 5: " "
                  RenderBR {BR} at (154,1512) size 1x0
                  RenderInline {A} at (0,0) size 194x15 [color=#0000EE]
                    RenderText {#text} at (0,1515) size 194x15
                      text run at (0,1515) width 194: "SET CURRENT EXPLAIN MODE"
                  RenderText {#text} at (193,1515) size 5x15
                    text run at (193,1515) width 5: " "
                  RenderBR {BR} at (197,1527) size 1x0
                  RenderInline {A} at (0,0) size 227x15 [color=#0000EE]
                    RenderText {#text} at (0,1530) size 227x15
                      text run at (0,1530) width 227: "SET CURRENT EXPLAIN SNAPSHOT"
                  RenderText {#text} at (226,1530) size 4x15
                    text run at (226,1530) width 4: " "
                  RenderBR {BR} at (229,1542) size 1x0
                  RenderInline {A} at (0,0) size 185x15 [color=#0000EE]
                    RenderText {#text} at (0,1545) size 185x15
                      text run at (0,1545) width 185: "SET CURRENT PACKAGESET"
                  RenderText {#text} at (184,1545) size 4x15
                    text run at (184,1545) width 4: " "
                  RenderBR {BR} at (187,1557) size 1x0
                  RenderInline {A} at (0,0) size 239x15 [color=#0000EE]
                    RenderText {#text} at (0,1560) size 239x15
                      text run at (0,1560) width 239: "SET CURRENT QUERY OPTIMIZATION"
                  RenderText {#text} at (238,1560) size 4x15
                    text run at (238,1560) width 4: " "
                  RenderBR {BR} at (241,1572) size 1x0
                  RenderInline {A} at (0,0) size 190x15 [color=#0000EE]
                    RenderText {#text} at (0,1575) size 190x15
                      text run at (0,1575) width 190: "SET CURRENT REFRESH AGE"
                  RenderText {#text} at (189,1575) size 4x15
                    text run at (189,1575) width 4: " "
                  RenderBR {BR} at (192,1587) size 1x0
                  RenderInline {A} at (0,0) size 183x15 [color=#0000EE]
                    RenderText {#text} at (0,1590) size 183x15
                      text run at (0,1590) width 183: "SET EVENT MONITOR STATE"
                  RenderText {#text} at (182,1590) size 5x15
                    text run at (182,1590) width 5: " "
                  RenderBR {BR} at (186,1602) size 1x0
                  RenderInline {A} at (0,0) size 99x15 [color=#0000EE]
                    RenderText {#text} at (0,1605) size 99x15
                      text run at (0,1605) width 99: "SET INTEGRITY"
                  RenderText {#text} at (98,1605) size 4x15
                    text run at (98,1605) width 4: " "
                  RenderBR {BR} at (101,1617) size 1x0
                  RenderInline {A} at (0,0) size 100x15 [color=#0000EE]
                    RenderText {#text} at (0,1620) size 100x15
                      text run at (0,1620) width 100: "SET PASSTHRU"
                  RenderText {#text} at (99,1620) size 5x15
                    text run at (99,1620) width 5: " "
                  RenderBR {BR} at (103,1632) size 1x0
                  RenderInline {A} at (0,0) size 64x15 [color=#0000EE]
                    RenderText {#text} at (0,1635) size 64x15
                      text run at (0,1635) width 64: "SET PATH"
                  RenderText {#text} at (63,1635) size 5x15
                    text run at (63,1635) width 5: " "
                  RenderBR {BR} at (67,1647) size 1x0
                  RenderInline {A} at (0,0) size 85x15 [color=#0000EE]
                    RenderText {#text} at (0,1650) size 85x15
                      text run at (0,1650) width 85: "SET SCHEMA"
                  RenderText {#text} at (84,1650) size 5x15
                    text run at (84,1650) width 5: " "
                  RenderBR {BR} at (88,1662) size 1x0
                  RenderInline {A} at (0,0) size 136x15 [color=#0000EE]
                    RenderText {#text} at (0,1665) size 136x15
                      text run at (0,1665) width 136: "SET SERVER OPTION"
                  RenderText {#text} at (135,1665) size 5x15
                    text run at (135,1665) width 5: " "
                  RenderBR {BR} at (139,1677) size 1x0
                  RenderInline {A} at (0,0) size 132x15 [color=#0000EE]
                    RenderText {#text} at (0,1680) size 132x15
                      text run at (0,1680) width 132: "SET transition-variable"
                  RenderText {#text} at (131,1680) size 5x15
                    text run at (131,1680) width 5: " "
                  RenderBR {BR} at (135,1692) size 1x0
                  RenderInline {A} at (0,0) size 120x15 [color=#0000EE]
                    RenderText {#text} at (0,1695) size 120x15
                      text run at (0,1695) width 120: "SIGNAL SQLSTATE"
                  RenderText {#text} at (119,1695) size 4x15
                    text run at (119,1695) width 4: " "
                  RenderBR {BR} at (122,1707) size 1x0
                  RenderInline {A} at (0,0) size 53x15 [color=#0000EE]
                    RenderText {#text} at (0,1710) size 53x15
                      text run at (0,1710) width 53: "UPDATE"
                  RenderText {#text} at (52,1710) size 5x15
                    text run at (52,1710) width 5: " "
                  RenderBR {BR} at (56,1722) size 1x0
                  RenderInline {A} at (0,0) size 52x15 [color=#0000EE]
                    RenderText {#text} at (0,1725) size 52x15
                      text run at (0,1725) width 52: "VALUES"
                  RenderText {#text} at (51,1725) size 4x15
                    text run at (51,1725) width 4: " "
                  RenderBR {BR} at (54,1737) size 1x0
                  RenderInline {A} at (0,0) size 86x15 [color=#0000EE]
                    RenderText {#text} at (0,1740) size 86x15
                      text run at (0,1740) width 86: "VALUES INTO"
                  RenderText {#text} at (85,1740) size 5x15
                    text run at (85,1740) width 5: " "
                  RenderBR {BR} at (89,1752) size 1x0
                  RenderInline {A} at (0,0) size 76x15 [color=#0000EE]
                    RenderText {#text} at (0,1755) size 76x15
                      text run at (0,1755) width 76: "WHENEVER"
                  RenderText {#text} at (0,0) size 0x0
                RenderBlock {P} at (0,7385) size 708x300
                  RenderInline {B} at (0,0) size 102x15
                    RenderInline {A} at (0,0) size 102x15 [color=#0000EE]
                      RenderText {#text} at (0,0) size 102x15
                        text run at (0,0) width 102: "SQL Procedures"
                  RenderBR {BR} at (101,12) size 1x0
                  RenderBR {BR} at (0,15) size 0x15
                  RenderInline {A} at (0,0) size 153x15 [color=#0000EE]
                    RenderText {#text} at (0,30) size 153x15
                      text run at (0,30) width 153: "SQL Procedure Statement"
                  RenderText {#text} at (152,30) size 5x15
                    text run at (152,30) width 5: " "
                  RenderBR {BR} at (156,42) size 1x0
                  RenderInline {A} at (0,0) size 191x15 [color=#0000EE]
                    RenderText {#text} at (0,45) size 191x15
                      text run at (0,45) width 191: "ALLOCATE CURSOR Statement"
                  RenderText {#text} at (190,45) size 5x15
                    text run at (190,45) width 5: " "
                  RenderBR {BR} at (194,57) size 1x0
                  RenderInline {A} at (0,0) size 131x15 [color=#0000EE]
                    RenderText {#text} at (0,60) size 131x15
                      text run at (0,60) width 131: "Assignment Statement"
                  RenderText {#text} at (130,60) size 5x15
                    text run at (130,60) width 5: " "
                  RenderBR {BR} at (134,72) size 1x0
                  RenderInline {A} at (0,0) size 213x15 [color=#0000EE]
                    RenderText {#text} at (0,75) size 213x15
                      text run at (0,75) width 213: "ASSOCIATE LOCATORS Statement"
                  RenderText {#text} at (212,75) size 5x15
                    text run at (212,75) width 5: " "
                  RenderBR {BR} at (216,87) size 1x0
                  RenderInline {A} at (0,0) size 99x15 [color=#0000EE]
                    RenderText {#text} at (0,90) size 99x15
                      text run at (0,90) width 99: "CASE Statement"
                  RenderText {#text} at (98,90) size 4x15
                    text run at (98,90) width 4: " "
                  RenderBR {BR} at (101,102) size 1x0
                  RenderInline {A} at (0,0) size 127x15 [color=#0000EE]
                    RenderText {#text} at (0,105) size 127x15
                      text run at (0,105) width 127: "Compound Statement"
                  RenderText {#text} at (126,105) size 5x15
                    text run at (126,105) width 5: " "
                  RenderBR {BR} at (130,117) size 1x0
                  RenderInline {A} at (0,0) size 91x15 [color=#0000EE]
                    RenderText {#text} at (0,120) size 91x15
                      text run at (0,120) width 91: "FOR Statement"
                  RenderText {#text} at (90,120) size 4x15
                    text run at (90,120) width 4: " "
                  RenderBR {BR} at (93,132) size 1x0
                  RenderInline {A} at (0,0) size 183x15 [color=#0000EE]
                    RenderText {#text} at (0,135) size 183x15
                      text run at (0,135) width 183: "GET DIAGNOSTICS Statement"
                  RenderText {#text} at (182,135) size 5x15
                    text run at (182,135) width 5: " "
                  RenderBR {BR} at (186,147) size 1x0
                  RenderInline {A} at (0,0) size 102x15 [color=#0000EE]
                    RenderText {#text} at (0,150) size 102x15
                      text run at (0,150) width 102: "GOTO Statement"
                  RenderText {#text} at (101,150) size 4x15
                    text run at (101,150) width 4: " "
                  RenderBR {BR} at (104,162) size 1x0
                  RenderInline {A} at (0,0) size 75x15 [color=#0000EE]
                    RenderText {#text} at (0,165) size 75x15
                      text run at (0,165) width 75: "IF Statement"
                  RenderText {#text} at (74,165) size 5x15
                    text run at (74,165) width 5: " "
                  RenderBR {BR} at (78,177) size 1x0
                  RenderInline {A} at (0,0) size 118x15 [color=#0000EE]
                    RenderText {#text} at (0,180) size 118x15
                      text run at (0,180) width 118: "ITERATE Statement"
                  RenderText {#text} at (117,180) size 5x15
                    text run at (117,180) width 5: " "
                  RenderBR {BR} at (121,192) size 1x0
                  RenderInline {A} at (0,0) size 105x15 [color=#0000EE]
                    RenderText {#text} at (0,195) size 105x15
                      text run at (0,195) width 105: "LEAVE Statement"
                  RenderText {#text} at (104,195) size 5x15
                    text run at (104,195) width 5: " "
                  RenderBR {BR} at (108,207) size 1x0
                  RenderInline {A} at (0,0) size 99x15 [color=#0000EE]
                    RenderText {#text} at (0,210) size 99x15
                      text run at (0,210) width 99: "LOOP Statement"
                  RenderText {#text} at (98,210) size 5x15
                    text run at (98,210) width 5: " "
                  RenderBR {BR} at (102,222) size 1x0
                  RenderInline {A} at (0,0) size 115x15 [color=#0000EE]
                    RenderText {#text} at (0,225) size 115x15
                      text run at (0,225) width 115: "REPEAT Statement"
                  RenderText {#text} at (114,225) size 5x15
                    text run at (114,225) width 5: " "
                  RenderBR {BR} at (118,237) size 1x0
                  RenderInline {A} at (0,0) size 129x15 [color=#0000EE]
                    RenderText {#text} at (0,240) size 129x15
                      text run at (0,240) width 129: "RESIGNAL Statement"
                  RenderText {#text} at (128,240) size 5x15
                    text run at (128,240) width 5: " "
                  RenderBR {BR} at (132,252) size 1x0
                  RenderInline {A} at (0,0) size 118x15 [color=#0000EE]
                    RenderText {#text} at (0,255) size 118x15
                      text run at (0,255) width 118: "RETURN Statement"
                  RenderText {#text} at (117,255) size 4x15
                    text run at (117,255) width 4: " "
                  RenderBR {BR} at (120,267) size 1x0
                  RenderInline {A} at (0,0) size 111x15 [color=#0000EE]
                    RenderText {#text} at (0,270) size 111x15
                      text run at (0,270) width 111: "SIGNAL Statement"
                  RenderText {#text} at (110,270) size 5x15
                    text run at (110,270) width 5: " "
                  RenderBR {BR} at (114,282) size 1x0
                  RenderInline {A} at (0,0) size 105x15 [color=#0000EE]
                    RenderText {#text} at (0,285) size 105x15
                      text run at (0,285) width 105: "WHILE Statement"
                  RenderText {#text} at (0,0) size 0x0
                RenderBlock {P} at (0,7698) size 708x15
                  RenderInline {B} at (0,0) size 149x15
                    RenderInline {A} at (0,0) size 149x15 [color=#0000EE]
                      RenderText {#text} at (0,0) size 149x15
                        text run at (0,0) width 149: "Appendix A. SQL Limits"
                  RenderBR {BR} at (148,12) size 1x0
                RenderBlock {P} at (0,7726) size 708x90
                  RenderInline {B} at (0,0) size 274x15
                    RenderInline {A} at (0,0) size 274x15 [color=#0000EE]
                      RenderText {#text} at (0,0) size 274x15
                        text run at (0,0) width 274: "Appendix B. SQL Communications (SQLCA)"
                  RenderBR {BR} at (273,12) size 1x0
                  RenderBR {BR} at (0,15) size 0x15
                  RenderInline {A} at (0,0) size 188x15 [color=#0000EE]
                    RenderText {#text} at (0,30) size 188x15
                      text run at (0,30) width 188: "Viewing the SQLCA Interactively"
                  RenderText {#text} at (187,30) size 5x15
                    text run at (187,30) width 5: " "
                  RenderBR {BR} at (191,42) size 1x0
                  RenderInline {A} at (0,0) size 151x15 [color=#0000EE]
                    RenderText {#text} at (0,45) size 151x15
                      text run at (0,45) width 151: "SQLCA Field Descriptions"
                  RenderText {#text} at (150,45) size 5x15
                    text run at (150,45) width 5: " "
                  RenderBR {BR} at (154,57) size 1x0
                  RenderInline {A} at (0,0) size 141x15 [color=#0000EE]
                    RenderText {#text} at (0,60) size 141x15
                      text run at (0,60) width 141: "Order of Error Reporting"
                  RenderText {#text} at (140,60) size 4x15
                    text run at (140,60) width 4: " "
                  RenderBR {BR} at (143,72) size 1x0
                  RenderInline {A} at (0,0) size 324x15 [color=#0000EE]
                    RenderText {#text} at (0,75) size 324x15
                      text run at (0,75) width 324: "DB2 Enterprise - Extended Edition Usage of the SQLCA"
                  RenderText {#text} at (0,0) size 0x0
                RenderBlock {P} at (0,7829) size 708x165
                  RenderInline {B} at (0,0) size 266x15
                    RenderInline {A} at (0,0) size 266x15 [color=#0000EE]
                      RenderText {#text} at (0,0) size 266x15
                        text run at (0,0) width 266: "Appendix C. SQL Descriptor Area (SQLDA)"
                  RenderBR {BR} at (265,12) size 1x0
                  RenderBR {BR} at (0,15) size 0x15
                  RenderInline {A} at (0,0) size 104x15 [color=#0000EE]
                    RenderText {#text} at (0,30) size 104x15
                      text run at (0,30) width 104: "Field Descriptions"
                  RenderText {#text} at (103,30) size 4x15
                    text run at (103,30) width 4: " "
                  RenderBR {BR} at (106,42) size 1x0
                  RenderInline {A} at (0,0) size 165x15 [color=#0000EE]
                    RenderText {#text} at (0,45) size 165x15
                      text run at (0,45) width 165: "Fields in the SQLDA Header"
                  RenderText {#text} at (164,45) size 4x15
                    text run at (164,45) width 4: " "
                  RenderBR {BR} at (167,57) size 1x0
                  RenderInline {A} at (0,0) size 253x15 [color=#0000EE]
                    RenderText {#text} at (0,60) size 253x15
                      text run at (0,60) width 253: "Fields in an Occurrence of a Base SQLVAR"
                  RenderText {#text} at (252,60) size 4x15
                    text run at (252,60) width 4: " "
                  RenderBR {BR} at (255,72) size 1x0
                  RenderInline {A} at (0,0) size 285x15 [color=#0000EE]
                    RenderText {#text} at (0,75) size 285x15
                      text run at (0,75) width 285: "Fields in an Occurrence of a Secondary SQLVAR"
                  RenderText {#text} at (284,75) size 5x15
                    text run at (284,75) width 5: " "
                  RenderBR {BR} at (288,87) size 1x0
                  RenderInline {A} at (0,0) size 206x15 [color=#0000EE]
                    RenderText {#text} at (0,90) size 206x15
                      text run at (0,90) width 206: "Effect of DESCRIBE on the SQLDA"
                  RenderText {#text} at (205,90) size 4x15
                    text run at (205,90) width 4: " "
                  RenderBR {BR} at (208,102) size 1x0
                  RenderInline {A} at (0,0) size 141x15 [color=#0000EE]
                    RenderText {#text} at (0,105) size 141x15
                      text run at (0,105) width 141: "SQLTYPE and SQLLEN"
                  RenderText {#text} at (140,105) size 4x15
                    text run at (140,105) width 4: " "
                  RenderBR {BR} at (143,117) size 1x0
                  RenderInline {A} at (0,0) size 256x15 [color=#0000EE]
                    RenderText {#text} at (0,120) size 256x15
                      text run at (0,120) width 256: "Unrecognized and Unsupported SQLTYPES"
                  RenderText {#text} at (255,120) size 5x15
                    text run at (255,120) width 5: " "
                  RenderBR {BR} at (259,132) size 1x0
                  RenderInline {A} at (0,0) size 151x15 [color=#0000EE]
                    RenderText {#text} at (0,135) size 151x15
                      text run at (0,135) width 151: "Packed Decimal Numbers"
                  RenderText {#text} at (150,135) size 4x15
                    text run at (150,135) width 4: " "
                  RenderBR {BR} at (153,147) size 1x0
                  RenderInline {A} at (0,0) size 153x15 [color=#0000EE]
                    RenderText {#text} at (0,150) size 153x15
                      text run at (0,150) width 153: "SQLLEN Field for Decimal"
                  RenderText {#text} at (0,0) size 0x0
                RenderBlock {P} at (0,8007) size 708x1095
                  RenderInline {B} at (0,0) size 168x15
                    RenderInline {A} at (0,0) size 168x15 [color=#0000EE]
                      RenderText {#text} at (0,0) size 168x15
                        text run at (0,0) width 168: "Appendix D. Catalog Views"
                  RenderBR {BR} at (167,12) size 1x0
                  RenderBR {BR} at (0,15) size 0x15
                  RenderInline {A} at (0,0) size 146x15 [color=#0000EE]
                    RenderText {#text} at (0,30) size 146x15
                      text run at (0,30) width 146: "Updatable Catalog Views"
                  RenderText {#text} at (145,30) size 5x15
                    text run at (145,30) width 5: " "
                  RenderBR {BR} at (149,42) size 1x0
                  RenderInline {A} at (0,0) size 163x15 [color=#0000EE]
                    RenderText {#text} at (0,45) size 163x15
                      text run at (0,45) width 163: "'Roadmap' to Catalog Views"
                  RenderText {#text} at (162,45) size 5x15
                    text run at (162,45) width 5: " "
                  RenderBR {BR} at (166,57) size 1x0
                  RenderInline {A} at (0,0) size 226x15 [color=#0000EE]
                    RenderText {#text} at (0,60) size 226x15
                      text run at (0,60) width 226: "'Roadmap' to Updatable Catalog Views"
                  RenderText {#text} at (225,60) size 4x15
                    text run at (225,60) width 4: " "
                  RenderBR {BR} at (228,72) size 1x0
                  RenderInline {A} at (0,0) size 136x15 [color=#0000EE]
                    RenderText {#text} at (0,75) size 136x15
                      text run at (0,75) width 136: "SYSIBM.SYSDUMMY1"
                  RenderText {#text} at (135,75) size 4x15
                    text run at (135,75) width 4: " "
                  RenderBR {BR} at (138,87) size 1x0
                  RenderInline {A} at (0,0) size 137x15 [color=#0000EE]
                    RenderText {#text} at (0,90) size 137x15
                      text run at (0,90) width 137: "SYSCAT.ATTRIBUTES"
                  RenderText {#text} at (136,90) size 5x15
                    text run at (136,90) width 5: " "
                  RenderBR {BR} at (140,102) size 1x0
                  RenderInline {A} at (0,0) size 190x15 [color=#0000EE]
                    RenderText {#text} at (0,105) size 190x15
                      text run at (0,105) width 190: "SYSCAT.BUFFERPOOLNODES"
                  RenderText {#text} at (189,105) size 5x15
                    text run at (189,105) width 5: " "
                  RenderBR {BR} at (193,117) size 1x0
                  RenderInline {A} at (0,0) size 153x15 [color=#0000EE]
                    RenderText {#text} at (0,120) size 153x15
                      text run at (0,120) width 153: "SYSCAT.BUFFERPOOLS"
                  RenderText {#text} at (152,120) size 5x15
                    text run at (152,120) width 5: " "
                  RenderBR {BR} at (156,132) size 1x0
                  RenderInline {A} at (0,0) size 167x15 [color=#0000EE]
                    RenderText {#text} at (0,135) size 167x15
                      text run at (0,135) width 167: "SYSCAT.CASTFUNCTIONS"
                  RenderText {#text} at (166,135) size 4x15
                    text run at (166,135) width 4: " "
                  RenderBR {BR} at (169,147) size 1x0
                  RenderInline {A} at (0,0) size 110x15 [color=#0000EE]
                    RenderText {#text} at (0,150) size 110x15
                      text run at (0,150) width 110: "SYSCAT.CHECKS"
                  RenderText {#text} at (109,150) size 5x15
                    text run at (109,150) width 5: " "
                  RenderBR {BR} at (113,162) size 1x0
                  RenderInline {A} at (0,0) size 118x15 [color=#0000EE]
                    RenderText {#text} at (0,165) size 118x15
                      text run at (0,165) width 118: "SYSCAT.COLAUTH"
                  RenderText {#text} at (117,165) size 5x15
                    text run at (117,165) width 5: " "
                  RenderBR {BR} at (121,177) size 1x0
                  RenderInline {A} at (0,0) size 137x15 [color=#0000EE]
                    RenderText {#text} at (0,180) size 137x15
                      text run at (0,180) width 137: "SYSCAT.COLCHECKS"
                  RenderText {#text} at (136,180) size 5x15
                    text run at (136,180) width 5: " "
                  RenderBR {BR} at (140,192) size 1x0
                  RenderInline {A} at (0,0) size 112x15 [color=#0000EE]
                    RenderText {#text} at (0,195) size 112x15
                      text run at (0,195) width 112: "SYSCAT.COLDIST"
                  RenderText {#text} at (111,195) size 5x15
                    text run at (111,195) width 5: " "
                  RenderBR {BR} at (115,207) size 1x0
                  RenderInline {A} at (0,0) size 141x15 [color=#0000EE]
                    RenderText {#text} at (0,210) size 141x15
                      text run at (0,210) width 141: "SYSCAT.COLOPTIONS"
                  RenderText {#text} at (140,210) size 5x15
                    text run at (140,210) width 5: " "
                  RenderBR {BR} at (144,222) size 1x0
                  RenderInline {A} at (0,0) size 121x15 [color=#0000EE]
                    RenderText {#text} at (0,225) size 121x15
                      text run at (0,225) width 121: "SYSCAT.COLUMNS"
                  RenderText {#text} at (120,225) size 5x15
                    text run at (120,225) width 5: " "
                  RenderBR {BR} at (124,237) size 1x0
                  RenderInline {A} at (0,0) size 128x15 [color=#0000EE]
                    RenderText {#text} at (0,240) size 128x15
                      text run at (0,240) width 128: "SYSCAT.CONSTDEP"
                  RenderText {#text} at (127,240) size 5x15
                    text run at (127,240) width 5: " "
                  RenderBR {BR} at (131,252) size 1x0
                  RenderInline {A} at (0,0) size 133x15 [color=#0000EE]
                    RenderText {#text} at (0,255) size 133x15
                      text run at (0,255) width 133: "SYSCAT.DATATYPES"
                  RenderText {#text} at (132,255) size 5x15
                    text run at (132,255) width 5: " "
                  RenderBR {BR} at (136,267) size 1x0
                  RenderInline {A} at (0,0) size 110x15 [color=#0000EE]
                    RenderText {#text} at (0,270) size 110x15
                      text run at (0,270) width 110: "SYSCAT.DBAUTH"
                  RenderText {#text} at (109,270) size 4x15
                    text run at (109,270) width 4: " "
                  RenderBR {BR} at (112,282) size 1x0
                  RenderInline {A} at (0,0) size 170x15 [color=#0000EE]
                    RenderText {#text} at (0,285) size 170x15
                      text run at (0,285) width 170: "SYSCAT.EVENTMONITORS"
                  RenderText {#text} at (169,285) size 4x15
                    text run at (169,285) width 4: " "
                  RenderBR {BR} at (172,297) size 1x0
                  RenderInline {A} at (0,0) size 108x15 [color=#0000EE]
                    RenderText {#text} at (0,300) size 108x15
                      text run at (0,300) width 108: "SYSCAT.EVENTS"
                  RenderText {#text} at (107,300) size 5x15
                    text run at (107,300) width 5: " "
                  RenderBR {BR} at (111,312) size 1x0
                  RenderInline {A} at (0,0) size 177x15 [color=#0000EE]
                    RenderText {#text} at (0,315) size 177x15
                      text run at (0,315) width 177: "SYSCAT.FULLHIERARCHIES"
                  RenderText {#text} at (176,315) size 4x15
                    text run at (176,315) width 4: " "
                  RenderBR {BR} at (179,327) size 1x0
                  RenderInline {A} at (0,0) size 119x15 [color=#0000EE]
                    RenderText {#text} at (0,330) size 119x15
                      text run at (0,330) width 119: "SYSCAT.FUNCDEP"
                  RenderText {#text} at (118,330) size 5x15
                    text run at (118,330) width 5: " "
                  RenderBR {BR} at (122,342) size 1x0
                  RenderInline {A} at (0,0) size 179x15 [color=#0000EE]
                    RenderText {#text} at (0,345) size 179x15
                      text run at (0,345) width 179: "SYSCAT.FUNCMAPOPTIONS"
                  RenderText {#text} at (178,345) size 5x15
                    text run at (178,345) width 5: " "
                  RenderBR {BR} at (182,357) size 1x0
                  RenderInline {A} at (0,0) size 216x15 [color=#0000EE]
                    RenderText {#text} at (0,360) size 216x15
                      text run at (0,360) width 216: "SYSCAT.FUNCMAPPARMOPTIONS"
                  RenderText {#text} at (215,360) size 5x15
                    text run at (215,360) width 5: " "
                  RenderBR {BR} at (219,372) size 1x0
                  RenderInline {A} at (0,0) size 161x15 [color=#0000EE]
                    RenderText {#text} at (0,375) size 161x15
                      text run at (0,375) width 161: "SYSCAT.FUNCMAPPINGS"
                  RenderText {#text} at (160,375) size 4x15
                    text run at (160,375) width 4: " "
                  RenderBR {BR} at (163,387) size 1x0
                  RenderInline {A} at (0,0) size 138x15 [color=#0000EE]
                    RenderText {#text} at (0,390) size 138x15
                      text run at (0,390) width 138: "SYSCAT.FUNCPARMS"
                  RenderText {#text} at (137,390) size 5x15
                    text run at (137,390) width 5: " "
                  RenderBR {BR} at (141,402) size 1x0
                  RenderInline {A} at (0,0) size 132x15 [color=#0000EE]
                    RenderText {#text} at (0,405) size 132x15
                      text run at (0,405) width 132: "SYSCAT.FUNCTIONS"
                  RenderText {#text} at (131,405) size 5x15
                    text run at (131,405) width 5: " "
                  RenderBR {BR} at (135,417) size 1x0
                  RenderInline {A} at (0,0) size 145x15 [color=#0000EE]
                    RenderText {#text} at (0,420) size 145x15
                      text run at (0,420) width 145: "SYSCAT.HIERARCHIES"
                  RenderText {#text} at (144,420) size 5x15
                    text run at (144,420) width 5: " "
                  RenderBR {BR} at (148,432) size 1x0
                  RenderInline {A} at (0,0) size 131x15 [color=#0000EE]
                    RenderText {#text} at (0,435) size 131x15
                      text run at (0,435) width 131: "SYSCAT.INDEXAUTH"
                  RenderText {#text} at (130,435) size 5x15
                    text run at (130,435) width 5: " "
                  RenderBR {BR} at (134,447) size 1x0
                  RenderInline {A} at (0,0) size 149x15 [color=#0000EE]
                    RenderText {#text} at (0,450) size 149x15
                      text run at (0,450) width 149: "SYSCAT.INDEXCOLUSE"
                  RenderText {#text} at (148,450) size 5x15
                    text run at (148,450) width 5: " "
                  RenderBR {BR} at (152,462) size 1x0
                  RenderInline {A} at (0,0) size 123x15 [color=#0000EE]
                    RenderText {#text} at (0,465) size 123x15
                      text run at (0,465) width 123: "SYSCAT.INDEXDEP"
                  RenderText {#text} at (122,465) size 4x15
                    text run at (122,465) width 4: " "
                  RenderBR {BR} at (125,477) size 1x0
                  RenderInline {A} at (0,0) size 113x15 [color=#0000EE]
                    RenderText {#text} at (0,480) size 113x15
                      text run at (0,480) width 113: "SYSCAT.INDEXES"
                  RenderText {#text} at (112,480) size 5x15
                    text run at (112,480) width 5: " "
                  RenderBR {BR} at (116,492) size 1x0
                  RenderInline {A} at (0,0) size 154x15 [color=#0000EE]
                    RenderText {#text} at (0,495) size 154x15
                      text run at (0,495) width 154: "SYSCAT.INDEXOPTIONS"
                  RenderText {#text} at (153,495) size 5x15
                    text run at (153,495) width 5: " "
                  RenderBR {BR} at (157,507) size 1x0
                  RenderInline {A} at (0,0) size 136x15 [color=#0000EE]
                    RenderText {#text} at (0,510) size 136x15
                      text run at (0,510) width 136: "SYSCAT.KEYCOLUSE"
                  RenderText {#text} at (135,510) size 4x15
                    text run at (135,510) width 4: " "
                  RenderBR {BR} at (138,522) size 1x0
                  RenderInline {A} at (0,0) size 162x15 [color=#0000EE]
                    RenderText {#text} at (0,525) size 162x15
                      text run at (0,525) width 162: "SYSCAT.NAMEMAPPINGS"
                  RenderText {#text} at (161,525) size 5x15
                    text run at (161,525) width 5: " "
                  RenderBR {BR} at (165,537) size 1x0
                  RenderInline {A} at (0,0) size 167x15 [color=#0000EE]
                    RenderText {#text} at (0,540) size 167x15
                      text run at (0,540) width 167: "SYSCAT.NODEGROUPDEF"
                  RenderText {#text} at (166,540) size 5x15
                    text run at (166,540) width 5: " "
                  RenderBR {BR} at (170,552) size 1x0
                  RenderInline {A} at (0,0) size 150x15 [color=#0000EE]
                    RenderText {#text} at (0,555) size 150x15
                      text run at (0,555) width 150: "SYSCAT.NODEGROUPS"
                  RenderText {#text} at (149,555) size 5x15
                    text run at (149,555) width 5: " "
                  RenderBR {BR} at (153,567) size 1x0
                  RenderInline {A} at (0,0) size 154x15 [color=#0000EE]
                    RenderText {#text} at (0,570) size 154x15
                      text run at (0,570) width 154: "SYSCAT.PACKAGEAUTH"
                  RenderText {#text} at (153,570) size 5x15
                    text run at (153,570) width 5: " "
                  RenderBR {BR} at (157,582) size 1x0
                  RenderInline {A} at (0,0) size 146x15 [color=#0000EE]
                    RenderText {#text} at (0,585) size 146x15
                      text run at (0,585) width 146: "SYSCAT.PACKAGEDEP"
                  RenderText {#text} at (145,585) size 4x15
                    text run at (145,585) width 4: " "
                  RenderBR {BR} at (148,597) size 1x0
                  RenderInline {A} at (0,0) size 128x15 [color=#0000EE]
                    RenderText {#text} at (0,600) size 128x15
                      text run at (0,600) width 128: "SYSCAT.PACKAGES"
                  RenderText {#text} at (127,600) size 4x15
                    text run at (127,600) width 4: " "
                  RenderBR {BR} at (130,612) size 1x0
                  RenderInline {A} at (0,0) size 162x15 [color=#0000EE]
                    RenderText {#text} at (0,615) size 162x15
                      text run at (0,615) width 162: "SYSCAT.PARTITIONMAPS"
                  RenderText {#text} at (161,615) size 5x15
                    text run at (161,615) width 5: " "
                  RenderBR {BR} at (165,627) size 1x0
                  RenderInline {A} at (0,0) size 162x15 [color=#0000EE]
                    RenderText {#text} at (0,630) size 162x15
                      text run at (0,630) width 162: "SYSCAT.PASSTHRUAUTH"
                  RenderText {#text} at (161,630) size 5x15
                    text run at (161,630) width 5: " "
                  RenderBR {BR} at (165,642) size 1x0
                  RenderInline {A} at (0,0) size 148x15 [color=#0000EE]
                    RenderText {#text} at (0,645) size 148x15
                      text run at (0,645) width 148: "SYSCAT.PROCEDURES"
                  RenderText {#text} at (147,645) size 4x15
                    text run at (147,645) width 4: " "
                  RenderBR {BR} at (150,657) size 1x0
                  RenderInline {A} at (0,0) size 152x15 [color=#0000EE]
                    RenderText {#text} at (0,660) size 152x15
                      text run at (0,660) width 152: "SYSCAT.PROCOPTIONS"
                  RenderText {#text} at (151,660) size 5x15
                    text run at (151,660) width 5: " "
                  RenderBR {BR} at (155,672) size 1x0
                  RenderInline {A} at (0,0) size 190x15 [color=#0000EE]
                    RenderText {#text} at (0,675) size 190x15
                      text run at (0,675) width 190: "SYSCAT.PROCPARMOPTIONS"
                  RenderText {#text} at (189,675) size 4x15
                    text run at (189,675) width 4: " "
                  RenderBR {BR} at (192,687) size 1x0
                  RenderInline {A} at (0,0) size 140x15 [color=#0000EE]
                    RenderText {#text} at (0,690) size 140x15
                      text run at (0,690) width 140: "SYSCAT.PROCPARMS"
                  RenderText {#text} at (139,690) size 5x15
                    text run at (139,690) width 5: " "
                  RenderBR {BR} at (143,702) size 1x0
                  RenderInline {A} at (0,0) size 145x15 [color=#0000EE]
                    RenderText {#text} at (0,705) size 145x15
                      text run at (0,705) width 145: "SYSCAT.REFERENCES"
                  RenderText {#text} at (144,705) size 5x15
                    text run at (144,705) width 5: " "
                  RenderBR {BR} at (148,717) size 1x0
                  RenderInline {A} at (0,0) size 185x15 [color=#0000EE]
                    RenderText {#text} at (0,720) size 185x15
                      text run at (0,720) width 185: "SYSCAT.REVTYPEMAPPINGS"
                  RenderText {#text} at (184,720) size 5x15
                    text run at (184,720) width 5: " "
                  RenderBR {BR} at (188,732) size 1x0
                  RenderInline {A} at (0,0) size 147x15 [color=#0000EE]
                    RenderText {#text} at (0,735) size 147x15
                      text run at (0,735) width 147: "SYSCAT.SCHEMAAUTH"
                  RenderText {#text} at (146,735) size 5x15
                    text run at (146,735) width 5: " "
                  RenderBR {BR} at (150,747) size 1x0
                  RenderInline {A} at (0,0) size 128x15 [color=#0000EE]
                    RenderText {#text} at (0,750) size 128x15
                      text run at (0,750) width 128: "SYSCAT.SCHEMATA"
                  RenderText {#text} at (127,750) size 5x15
                    text run at (127,750) width 5: " "
                  RenderBR {BR} at (131,762) size 1x0
                  RenderInline {A} at (0,0) size 168x15 [color=#0000EE]
                    RenderText {#text} at (0,765) size 168x15
                      text run at (0,765) width 168: "SYSCAT.SERVEROPTIONS"
                  RenderText {#text} at (167,765) size 5x15
                    text run at (167,765) width 5: " "
                  RenderBR {BR} at (171,777) size 1x0
                  RenderInline {A} at (0,0) size 118x15 [color=#0000EE]
                    RenderText {#text} at (0,780) size 118x15
                      text run at (0,780) width 118: "SYSCAT.SERVERS"
                  RenderText {#text} at (117,780) size 5x15
                    text run at (117,780) width 5: " "
                  RenderBR {BR} at (121,792) size 1x0
                  RenderInline {A} at (0,0) size 144x15 [color=#0000EE]
                    RenderText {#text} at (0,795) size 144x15
                      text run at (0,795) width 144: "SYSCAT.STATEMENTS"
                  RenderText {#text} at (143,795) size 4x15
                    text run at (143,795) width 4: " "
                  RenderBR {BR} at (146,807) size 1x0
                  RenderInline {A} at (0,0) size 117x15 [color=#0000EE]
                    RenderText {#text} at (0,810) size 117x15
                      text run at (0,810) width 117: "SYSCAT.TABAUTH"
                  RenderText {#text} at (116,810) size 4x15
                    text run at (116,810) width 4: " "
                  RenderBR {BR} at (119,822) size 1x0
                  RenderInline {A} at (0,0) size 127x15 [color=#0000EE]
                    RenderText {#text} at (0,825) size 127x15
                      text run at (0,825) width 127: "SYSCAT.TABCONST"
                  RenderText {#text} at (126,825) size 5x15
                    text run at (126,825) width 5: " "
                  RenderBR {BR} at (130,837) size 1x0
                  RenderInline {A} at (0,0) size 106x15 [color=#0000EE]
                    RenderText {#text} at (0,840) size 106x15
                      text run at (0,840) width 106: "SYSCAT.TABLES"
                  RenderText {#text} at (105,840) size 5x15
                    text run at (105,840) width 5: " "
                  RenderBR {BR} at (109,852) size 1x0
                  RenderInline {A} at (0,0) size 150x15 [color=#0000EE]
                    RenderText {#text} at (0,855) size 150x15
                      text run at (0,855) width 150: "SYSCAT.TABLESPACES"
                  RenderText {#text} at (149,855) size 5x15
                    text run at (149,855) width 5: " "
                  RenderBR {BR} at (153,867) size 1x0
                  RenderInline {A} at (0,0) size 140x15 [color=#0000EE]
                    RenderText {#text} at (0,870) size 140x15
                      text run at (0,870) width 140: "SYSCAT.TABOPTIONS"
                  RenderText {#text} at (139,870) size 5x15
                    text run at (139,870) width 5: " "
                  RenderBR {BR} at (143,882) size 1x0
                  RenderInline {A} at (0,0) size 152x15 [color=#0000EE]
                    RenderText {#text} at (0,885) size 152x15
                      text run at (0,885) width 152: "SYSCAT.TBSPACEAUTH"
                  RenderText {#text} at (151,885) size 5x15
                    text run at (151,885) width 5: " "
                  RenderBR {BR} at (155,897) size 1x0
                  RenderInline {A} at (0,0) size 114x15 [color=#0000EE]
                    RenderText {#text} at (0,900) size 114x15
                      text run at (0,900) width 114: "SYSCAT.TRIGDEP"
                  RenderText {#text} at (113,900) size 5x15
                    text run at (113,900) width 5: " "
                  RenderBR {BR} at (117,912) size 1x0
                  RenderInline {A} at (0,0) size 124x15 [color=#0000EE]
                    RenderText {#text} at (0,915) size 124x15
                      text run at (0,915) width 124: "SYSCAT.TRIGGERS"
                  RenderText {#text} at (123,915) size 5x15
                    text run at (123,915) width 5: " "
                  RenderBR {BR} at (127,927) size 1x0
                  RenderInline {A} at (0,0) size 159x15 [color=#0000EE]
                    RenderText {#text} at (0,930) size 159x15
                      text run at (0,930) width 159: "SYSCAT.TYPEMAPPINGS"
                  RenderText {#text} at (158,930) size 4x15
                    text run at (158,930) width 4: " "
                  RenderBR {BR} at (161,942) size 1x0
                  RenderInline {A} at (0,0) size 151x15 [color=#0000EE]
                    RenderText {#text} at (0,945) size 151x15
                      text run at (0,945) width 151: "SYSCAT.USEROPTIONS"
                  RenderText {#text} at (150,945) size 4x15
                    text run at (150,945) width 4: " "
                  RenderBR {BR} at (153,957) size 1x0
                  RenderInline {A} at (0,0) size 116x15 [color=#0000EE]
                    RenderText {#text} at (0,960) size 116x15
                      text run at (0,960) width 116: "SYSCAT.VIEWDEP"
                  RenderText {#text} at (115,960) size 5x15
                    text run at (115,960) width 5: " "
                  RenderBR {BR} at (119,972) size 1x0
                  RenderInline {A} at (0,0) size 98x15 [color=#0000EE]
                    RenderText {#text} at (0,975) size 98x15
                      text run at (0,975) width 98: "SYSCAT.VIEWS"
                  RenderText {#text} at (97,975) size 5x15
                    text run at (97,975) width 5: " "
                  RenderBR {BR} at (101,987) size 1x0
                  RenderInline {A} at (0,0) size 154x15 [color=#0000EE]
                    RenderText {#text} at (0,990) size 154x15
                      text run at (0,990) width 154: "SYSCAT.WRAPOPTIONS"
                  RenderText {#text} at (153,990) size 4x15
                    text run at (153,990) width 4: " "
                  RenderBR {BR} at (156,1002) size 1x0
                  RenderInline {A} at (0,0) size 131x15 [color=#0000EE]
                    RenderText {#text} at (0,1005) size 131x15
                      text run at (0,1005) width 131: "SYSCAT.WRAPPERS"
                  RenderText {#text} at (130,1005) size 4x15
                    text run at (130,1005) width 4: " "
                  RenderBR {BR} at (133,1017) size 1x0
                  RenderInline {A} at (0,0) size 120x15 [color=#0000EE]
                    RenderText {#text} at (0,1020) size 120x15
                      text run at (0,1020) width 120: "SYSSTAT.COLDIST"
                  RenderText {#text} at (119,1020) size 4x15
                    text run at (119,1020) width 4: " "
                  RenderBR {BR} at (122,1032) size 1x0
                  RenderInline {A} at (0,0) size 128x15 [color=#0000EE]
                    RenderText {#text} at (0,1035) size 128x15
                      text run at (0,1035) width 128: "SYSSTAT.COLUMNS"
                  RenderText {#text} at (127,1035) size 5x15
                    text run at (127,1035) width 5: " "
                  RenderBR {BR} at (131,1047) size 1x0
                  RenderInline {A} at (0,0) size 139x15 [color=#0000EE]
                    RenderText {#text} at (0,1050) size 139x15
                      text run at (0,1050) width 139: "SYSSTAT.FUNCTIONS"
                  RenderText {#text} at (138,1050) size 5x15
                    text run at (138,1050) width 5: " "
                  RenderBR {BR} at (142,1062) size 1x0
                  RenderInline {A} at (0,0) size 120x15 [color=#0000EE]
                    RenderText {#text} at (0,1065) size 120x15
                      text run at (0,1065) width 120: "SYSSTAT.INDEXES"
                  RenderText {#text} at (119,1065) size 5x15
                    text run at (119,1065) width 5: " "
                  RenderBR {BR} at (123,1077) size 1x0
                  RenderInline {A} at (0,0) size 113x15 [color=#0000EE]
                    RenderText {#text} at (0,1080) size 113x15
                      text run at (0,1080) width 113: "SYSSTAT.TABLES"
                  RenderText {#text} at (0,0) size 0x0
                RenderBlock {P} at (0,9115) size 708x165
                  RenderInline {B} at (0,0) size 362x15
                    RenderInline {A} at (0,0) size 362x15 [color=#0000EE]
                      RenderText {#text} at (0,0) size 362x15
                        text run at (0,0) width 362: "Appendix E. Catalog Views For Use With Structured Types"
                  RenderBR {BR} at (361,12) size 1x0
                  RenderBR {BR} at (0,15) size 0x15
                  RenderInline {A} at (0,0) size 163x15 [color=#0000EE]
                    RenderText {#text} at (0,30) size 163x15
                      text run at (0,30) width 163: "'Roadmap' to Catalog Views"
                  RenderText {#text} at (162,30) size 5x15
                    text run at (162,30) width 5: " "
                  RenderBR {BR} at (166,42) size 1x0
                  RenderInline {A} at (0,0) size 112x15 [color=#0000EE]
                    RenderText {#text} at (0,45) size 112x15
                      text run at (0,45) width 112: "OBJCAT.INDEXES"
                  RenderText {#text} at (111,45) size 5x15
                    text run at (111,45) width 5: " "
                  RenderBR {BR} at (115,57) size 1x0
                  RenderInline {A} at (0,0) size 193x15 [color=#0000EE]
                    RenderText {#text} at (0,60) size 193x15
                      text run at (0,60) width 193: "OBJCAT.INDEXEXPLOITRULES"
                  RenderText {#text} at (192,60) size 5x15
                    text run at (192,60) width 5: " "
                  RenderBR {BR} at (196,72) size 1x0
                  RenderInline {A} at (0,0) size 197x15 [color=#0000EE]
                    RenderText {#text} at (0,75) size 197x15
                      text run at (0,75) width 197: "OBJCAT.INDEXEXTENSIONDEP"
                  RenderText {#text} at (196,75) size 5x15
                    text run at (196,75) width 5: " "
                  RenderBR {BR} at (200,87) size 1x0
                  RenderInline {A} at (0,0) size 235x15 [color=#0000EE]
                    RenderText {#text} at (0,90) size 235x15
                      text run at (0,90) width 235: "OBJCAT.INDEXEXTENSIONMETHODS"
                  RenderText {#text} at (234,90) size 5x15
                    text run at (234,90) width 5: " "
                  RenderBR {BR} at (238,102) size 1x0
                  RenderInline {A} at (0,0) size 216x15 [color=#0000EE]
                    RenderText {#text} at (0,105) size 216x15
                      text run at (0,105) width 216: "OBJCAT.INDEXEXTENSIONPARMS"
                  RenderText {#text} at (215,105) size 5x15
                    text run at (215,105) width 5: " "
                  RenderBR {BR} at (219,117) size 1x0
                  RenderInline {A} at (0,0) size 179x15 [color=#0000EE]
                    RenderText {#text} at (0,120) size 179x15
                      text run at (0,120) width 179: "OBJCAT.INDEXEXTENSIONS"
                  RenderText {#text} at (178,120) size 5x15
                    text run at (178,120) width 5: " "
                  RenderBR {BR} at (182,132) size 1x0
                  RenderInline {A} at (0,0) size 174x15 [color=#0000EE]
                    RenderText {#text} at (0,135) size 174x15
                      text run at (0,135) width 174: "OBJCAT.PREDICATESPECS"
                  RenderText {#text} at (173,135) size 4x15
                    text run at (173,135) width 4: " "
                  RenderBR {BR} at (176,147) size 1x0
                  RenderInline {A} at (0,0) size 146x15 [color=#0000EE]
                    RenderText {#text} at (0,150) size 146x15
                      text run at (0,150) width 146: "OBJCAT.TRANSFORMS"
                  RenderText {#text} at (0,0) size 0x0
                RenderBlock {P} at (0,9293) size 708x240
                  RenderInline {B} at (0,0) size 198x15
                    RenderInline {A} at (0,0) size 198x15 [color=#0000EE]
                      RenderText {#text} at (0,0) size 198x15
                        text run at (0,0) width 198: "Appendix F. Federated Systems"
                  RenderBR {BR} at (197,12) size 1x0
                  RenderBR {BR} at (0,15) size 0x15
                  RenderInline {A} at (0,0) size 78x15 [color=#0000EE]
                    RenderText {#text} at (0,30) size 78x15
                      text run at (0,30) width 78: "Server Types"
                  RenderText {#text} at (77,30) size 4x15
                    text run at (77,30) width 4: " "
                  RenderBR {BR} at (80,42) size 1x0
                  RenderInline {A} at (0,0) size 210x15 [color=#0000EE]
                    RenderText {#text} at (0,45) size 210x15
                      text run at (0,45) width 210: "SQL Options for Federated Systems"
                  RenderText {#text} at (209,45) size 5x15
                    text run at (209,45) width 5: " "
                  RenderBR {BR} at (213,57) size 1x0
                  RenderInline {A} at (0,0) size 94x15 [color=#0000EE]
                    RenderText {#text} at (0,60) size 94x15
                      text run at (0,60) width 94: "Column Options"
                  RenderText {#text} at (93,60) size 4x15
                    text run at (93,60) width 4: " "
                  RenderBR {BR} at (96,72) size 1x0
                  RenderInline {A} at (0,0) size 152x15 [color=#0000EE]
                    RenderText {#text} at (0,75) size 152x15
                      text run at (0,75) width 152: "Function Mapping Options"
                  RenderText {#text} at (151,75) size 5x15
                    text run at (151,75) width 5: " "
                  RenderBR {BR} at (155,87) size 1x0
                  RenderInline {A} at (0,0) size 87x15 [color=#0000EE]
                    RenderText {#text} at (0,90) size 87x15
                      text run at (0,90) width 87: "Server Options"
                  RenderText {#text} at (86,90) size 5x15
                    text run at (86,90) width 5: " "
                  RenderBR {BR} at (90,102) size 1x0
                  RenderInline {A} at (0,0) size 76x15 [color=#0000EE]
                    RenderText {#text} at (0,105) size 76x15
                      text run at (0,105) width 76: "User Options"
                  RenderText {#text} at (75,105) size 5x15
                    text run at (75,105) width 5: " "
                  RenderBR {BR} at (79,117) size 1x0
                  RenderInline {A} at (0,0) size 165x15 [color=#0000EE]
                    RenderText {#text} at (0,120) size 165x15
                      text run at (0,120) width 165: "Default Data Type Mappings"
                  RenderText {#text} at (164,120) size 5x15
                    text run at (164,120) width 5: " "
                  RenderBR {BR} at (168,132) size 1x0
                  RenderInline {A} at (0,0) size 679x15 [color=#0000EE]
                    RenderText {#text} at (0,135) size 679x15
                      text run at (0,135) width 679: "Default Type Mappings between DB2 and DB2 Universal Database for OS/390 (and DB2 for MVS/ESA) Data Sources"
                  RenderText {#text} at (678,135) size 5x15
                    text run at (678,135) width 5: " "
                  RenderBR {BR} at (682,147) size 1x0
                  RenderInline {A} at (0,0) size 646x15 [color=#0000EE]
                    RenderText {#text} at (0,150) size 646x15
                      text run at (0,150) width 646: "Default Type Mappings between DB2 and 2 Universal Database for AS/400 (and DB2 for OS/400) Data Sources"
                  RenderText {#text} at (645,150) size 4x15
                    text run at (645,150) width 4: " "
                  RenderBR {BR} at (648,162) size 1x0
                  RenderInline {A} at (0,0) size 365x15 [color=#0000EE]
                    RenderText {#text} at (0,165) size 365x15
                      text run at (0,165) width 365: "Default Type Mappings between DB2 and Oracle Data Sources"
                  RenderText {#text} at (364,165) size 5x15
                    text run at (364,165) width 5: " "
                  RenderBR {BR} at (368,177) size 1x0
                  RenderInline {A} at (0,0) size 534x15 [color=#0000EE]
                    RenderText {#text} at (0,180) size 534x15
                      text run at (0,180) width 534: "Default Type Mappings between DB2 and DB2 for VM and VSE (and SQL/DS) Data Sources"
                  RenderText {#text} at (533,180) size 5x15
                    text run at (533,180) width 5: " "
                  RenderBR {BR} at (537,192) size 1x0
                  RenderInline {A} at (0,0) size 194x15 [color=#0000EE]
                    RenderText {#text} at (0,195) size 194x15
                      text run at (0,195) width 194: "Pass-Through Facility Processing"
                  RenderText {#text} at (193,195) size 5x15
                    text run at (193,195) width 5: " "
                  RenderBR {BR} at (197,207) size 1x0
                  RenderInline {A} at (0,0) size 250x15 [color=#0000EE]
                    RenderText {#text} at (0,210) size 250x15
                      text run at (0,210) width 250: "SQL Processing in Pass-Through Sessions"
                  RenderText {#text} at (249,210) size 4x15
                    text run at (249,210) width 4: " "
                  RenderBR {BR} at (252,222) size 1x0
                  RenderInline {A} at (0,0) size 184x15 [color=#0000EE]
                    RenderText {#text} at (0,225) size 184x15
                      text run at (0,225) width 184: "Considerations and Restrictions"
                  RenderText {#text} at (0,0) size 0x0
                RenderBlock {P} at (0,9546) size 708x390
                  RenderInline {B} at (0,0) size 233x15
                    RenderInline {A} at (0,0) size 233x15 [color=#0000EE]
                      RenderText {#text} at (0,0) size 233x15
                        text run at (0,0) width 233: "Appendix G. Sample Database Tables"
                  RenderBR {BR} at (232,12) size 1x0
                  RenderBR {BR} at (0,15) size 0x15
                  RenderInline {A} at (0,0) size 130x15 [color=#0000EE]
                    RenderText {#text} at (0,30) size 130x15
                      text run at (0,30) width 130: "The Sample Database"
                  RenderText {#text} at (129,30) size 4x15
                    text run at (129,30) width 4: " "
                  RenderBR {BR} at (132,42) size 1x0
                  RenderInline {A} at (0,0) size 187x15 [color=#0000EE]
                    RenderText {#text} at (0,45) size 187x15
                      text run at (0,45) width 187: "To Create the Sample Database"
                  RenderText {#text} at (186,45) size 5x15
                    text run at (186,45) width 5: " "
                  RenderBR {BR} at (190,57) size 1x0
                  RenderInline {A} at (0,0) size 182x15 [color=#0000EE]
                    RenderText {#text} at (0,60) size 182x15
                      text run at (0,60) width 182: "To Erase the Sample Database"
                  RenderText {#text} at (181,60) size 4x15
                    text run at (181,60) width 4: " "
                  RenderBR {BR} at (184,72) size 1x0
                  RenderInline {A} at (0,0) size 106x15 [color=#0000EE]
                    RenderText {#text} at (0,75) size 106x15
                      text run at (0,75) width 106: "CL_SCHED Table"
                  RenderText {#text} at (105,75) size 5x15
                    text run at (105,75) width 5: " "
                  RenderBR {BR} at (109,87) size 1x0
                  RenderInline {A} at (0,0) size 126x15 [color=#0000EE]
                    RenderText {#text} at (0,90) size 126x15
                      text run at (0,90) width 126: "DEPARTMENT Table"
                  RenderText {#text} at (125,90) size 5x15
                    text run at (125,90) width 5: " "
                  RenderBR {BR} at (129,102) size 1x0
                  RenderInline {A} at (0,0) size 108x15 [color=#0000EE]
                    RenderText {#text} at (0,105) size 108x15
                      text run at (0,105) width 108: "EMPLOYEE Table"
                  RenderText {#text} at (107,105) size 5x15
                    text run at (107,105) width 5: " "
                  RenderBR {BR} at (111,117) size 1x0
                  RenderInline {A} at (0,0) size 98x15 [color=#0000EE]
                    RenderText {#text} at (0,120) size 98x15
                      text run at (0,120) width 98: "EMP_ACT Table"
                  RenderText {#text} at (97,120) size 5x15
                    text run at (97,120) width 5: " "
                  RenderBR {BR} at (101,132) size 1x0
                  RenderInline {A} at (0,0) size 118x15 [color=#0000EE]
                    RenderText {#text} at (0,135) size 118x15
                      text run at (0,135) width 118: "EMP_PHOTO Table"
                  RenderText {#text} at (117,135) size 5x15
                    text run at (117,135) width 5: " "
                  RenderBR {BR} at (121,147) size 1x0
                  RenderInline {A} at (0,0) size 128x15 [color=#0000EE]
                    RenderText {#text} at (0,150) size 128x15
                      text run at (0,150) width 128: "EMP_RESUME Table"
                  RenderText {#text} at (127,150) size 4x15
                    text run at (127,150) width 4: " "
                  RenderBR {BR} at (130,162) size 1x0
                  RenderInline {A} at (0,0) size 92x15 [color=#0000EE]
                    RenderText {#text} at (0,165) size 92x15
                      text run at (0,165) width 92: "IN_TRAY Table"
                  RenderText {#text} at (91,165) size 4x15
                    text run at (91,165) width 4: " "
                  RenderBR {BR} at (94,177) size 1x0
                  RenderInline {A} at (0,0) size 66x15 [color=#0000EE]
                    RenderText {#text} at (0,180) size 66x15
                      text run at (0,180) width 66: "ORG Table"
                  RenderText {#text} at (65,180) size 5x15
                    text run at (65,180) width 5: " "
                  RenderBR {BR} at (69,192) size 1x0
                  RenderInline {A} at (0,0) size 97x15 [color=#0000EE]
                    RenderText {#text} at (0,195) size 97x15
                      text run at (0,195) width 97: "PROJECT Table"
                  RenderText {#text} at (96,195) size 5x15
                    text run at (96,195) width 5: " "
                  RenderBR {BR} at (100,207) size 1x0
                  RenderInline {A} at (0,0) size 79x15 [color=#0000EE]
                    RenderText {#text} at (0,210) size 79x15
                      text run at (0,210) width 79: "SALES Table"
                  RenderText {#text} at (78,210) size 4x15
                    text run at (78,210) width 4: " "
                  RenderBR {BR} at (81,222) size 1x0
                  RenderInline {A} at (0,0) size 78x15 [color=#0000EE]
                    RenderText {#text} at (0,225) size 78x15
                      text run at (0,225) width 78: "STAFF Table"
                  RenderText {#text} at (77,225) size 4x15
                    text run at (77,225) width 4: " "
                  RenderBR {BR} at (80,237) size 1x0
                  RenderInline {A} at (0,0) size 88x15 [color=#0000EE]
                    RenderText {#text} at (0,240) size 88x15
                      text run at (0,240) width 88: "STAFFG Table"
                  RenderText {#text} at (87,240) size 5x15
                    text run at (87,240) width 5: " "
                  RenderBR {BR} at (91,252) size 1x0
                  RenderInline {A} at (0,0) size 269x15 [color=#0000EE]
                    RenderText {#text} at (0,255) size 269x15
                      text run at (0,255) width 269: "Sample Files with BLOB and CLOB Data Type"
                  RenderText {#text} at (268,255) size 4x15
                    text run at (268,255) width 4: " "
                  RenderBR {BR} at (271,267) size 1x0
                  RenderInline {A} at (0,0) size 91x15 [color=#0000EE]
                    RenderText {#text} at (0,270) size 91x15
                      text run at (0,270) width 91: "Quintana Photo"
                  RenderText {#text} at (90,270) size 4x15
                    text run at (90,270) width 4: " "
                  RenderBR {BR} at (93,282) size 1x0
                  RenderInline {A} at (0,0) size 105x15 [color=#0000EE]
                    RenderText {#text} at (0,285) size 105x15
                      text run at (0,285) width 105: "Quintana Resume"
                  RenderText {#text} at (104,285) size 5x15
                    text run at (104,285) width 5: " "
                  RenderBR {BR} at (108,297) size 1x0
                  RenderInline {A} at (0,0) size 84x15 [color=#0000EE]
                    RenderText {#text} at (0,300) size 84x15
                      text run at (0,300) width 84: "Nicholls Photo"
                  RenderText {#text} at (83,300) size 4x15
                    text run at (83,300) width 4: " "
                  RenderBR {BR} at (86,312) size 1x0
                  RenderInline {A} at (0,0) size 98x15 [color=#0000EE]
                    RenderText {#text} at (0,315) size 98x15
                      text run at (0,315) width 98: "Nicholls Resume"
                  RenderText {#text} at (97,315) size 5x15
                    text run at (97,315) width 5: " "
                  RenderBR {BR} at (101,327) size 1x0
                  RenderInline {A} at (0,0) size 93x15 [color=#0000EE]
                    RenderText {#text} at (0,330) size 93x15
                      text run at (0,330) width 93: "Adamson Photo"
                  RenderText {#text} at (92,330) size 5x15
                    text run at (92,330) width 5: " "
                  RenderBR {BR} at (96,342) size 1x0
                  RenderInline {A} at (0,0) size 107x15 [color=#0000EE]
                    RenderText {#text} at (0,345) size 107x15
                      text run at (0,345) width 107: "Adamson Resume"
                  RenderText {#text} at (106,345) size 5x15
                    text run at (106,345) width 5: " "
                  RenderBR {BR} at (110,357) size 1x0
                  RenderInline {A} at (0,0) size 79x15 [color=#0000EE]
                    RenderText {#text} at (0,360) size 79x15
                      text run at (0,360) width 79: "Walker Photo"
                  RenderText {#text} at (78,360) size 4x15
                    text run at (78,360) width 4: " "
                  RenderBR {BR} at (81,372) size 1x0
                  RenderInline {A} at (0,0) size 93x15 [color=#0000EE]
                    RenderText {#text} at (0,375) size 93x15
                      text run at (0,375) width 93: "Walker Resume"
                  RenderText {#text} at (0,0) size 0x0
                RenderBlock {P} at (0,9949) size 708x90
                  RenderInline {B} at (0,0) size 371x15
                    RenderInline {A} at (0,0) size 371x15 [color=#0000EE]
                      RenderText {#text} at (0,0) size 371x15
                        text run at (0,0) width 371: "Appendix H. Reserved Schema Names and Reserved Words"
                  RenderBR {BR} at (370,12) size 1x0
                  RenderBR {BR} at (0,15) size 0x15
                  RenderInline {A} at (0,0) size 114x15 [color=#0000EE]
                    RenderText {#text} at (0,30) size 114x15
                      text run at (0,30) width 114: "Reserved Schemas"
                  RenderText {#text} at (113,30) size 5x15
                    text run at (113,30) width 5: " "
                  RenderBR {BR} at (117,42) size 1x0
                  RenderInline {A} at (0,0) size 97x15 [color=#0000EE]
                    RenderText {#text} at (0,45) size 97x15
                      text run at (0,45) width 97: "Reserved Words"
                  RenderText {#text} at (96,45) size 5x15
                    text run at (96,45) width 5: " "
                  RenderBR {BR} at (100,57) size 1x0
                  RenderInline {A} at (0,0) size 154x15 [color=#0000EE]
                    RenderText {#text} at (0,60) size 154x15
                      text run at (0,60) width 154: "IBM SQL Reserved Words"
                  RenderText {#text} at (153,60) size 4x15
                    text run at (153,60) width 4: " "
                  RenderBR {BR} at (156,72) size 1x0
                  RenderInline {A} at (0,0) size 198x15 [color=#0000EE]
                    RenderText {#text} at (0,75) size 198x15
                      text run at (0,75) width 198: "ISO/ANS SQL92 Reserved Words"
                  RenderText {#text} at (0,0) size 0x0
                RenderBlock {P} at (0,10052) size 708x15
                  RenderInline {B} at (0,0) size 267x15
                    RenderInline {A} at (0,0) size 267x15 [color=#0000EE]
                      RenderText {#text} at (0,0) size 267x15
                        text run at (0,0) width 267: "Appendix I. Comparison of Isolation Levels"
                  RenderBR {BR} at (266,12) size 1x0
                RenderBlock {P} at (0,10080) size 708x15
                  RenderInline {B} at (0,0) size 318x15
                    RenderInline {A} at (0,0) size 318x15 [color=#0000EE]
                      RenderText {#text} at (0,0) size 318x15
                        text run at (0,0) width 318: "Appendix J. Interaction of Triggers and Constraints"
                  RenderBR {BR} at (317,12) size 1x0
                RenderBlock {P} at (0,10108) size 708x315
                  RenderInline {B} at (0,0) size 268x15
                    RenderInline {A} at (0,0) size 268x15 [color=#0000EE]
                      RenderText {#text} at (0,0) size 268x15
                        text run at (0,0) width 268: "Appendix K. Explain Tables and Definitions"
                  RenderBR {BR} at (267,12) size 1x0
                  RenderBR {BR} at (0,15) size 0x15
                  RenderInline {A} at (0,0) size 173x15 [color=#0000EE]
                    RenderText {#text} at (0,30) size 173x15
                      text run at (0,30) width 173: "EXPLAIN_ARGUMENT Table"
                  RenderText {#text} at (172,30) size 5x15
                    text run at (172,30) width 5: " "
                  RenderBR {BR} at (176,42) size 1x0
                  RenderInline {A} at (0,0) size 165x15 [color=#0000EE]
                    RenderText {#text} at (0,45) size 165x15
                      text run at (0,45) width 165: "EXPLAIN_INSTANCE Table"
                  RenderText {#text} at (164,45) size 4x15
                    text run at (164,45) width 4: " "
                  RenderBR {BR} at (167,57) size 1x0
                  RenderInline {A} at (0,0) size 150x15 [color=#0000EE]
                    RenderText {#text} at (0,60) size 150x15
                      text run at (0,60) width 150: "EXPLAIN_OBJECT Table"
                  RenderText {#text} at (149,60) size 5x15
                    text run at (149,60) width 5: " "
                  RenderBR {BR} at (153,72) size 1x0
                  RenderInline {A} at (0,0) size 172x15 [color=#0000EE]
                    RenderText {#text} at (0,75) size 172x15
                      text run at (0,75) width 172: "EXPLAIN_OPERATOR Table"
                  RenderText {#text} at (171,75) size 4x15
                    text run at (171,75) width 4: " "
                  RenderBR {BR} at (174,87) size 1x0
                  RenderInline {A} at (0,0) size 173x15 [color=#0000EE]
                    RenderText {#text} at (0,90) size 173x15
                      text run at (0,90) width 173: "EXPLAIN_PREDICATE Table"
                  RenderText {#text} at (172,90) size 5x15
                    text run at (172,90) width 5: " "
                  RenderBR {BR} at (176,102) size 1x0
                  RenderInline {A} at (0,0) size 177x15 [color=#0000EE]
                    RenderText {#text} at (0,105) size 177x15
                      text run at (0,105) width 177: "EXPLAIN_STATEMENT Table"
                  RenderText {#text} at (176,105) size 5x15
                    text run at (176,105) width 5: " "
                  RenderBR {BR} at (180,117) size 1x0
                  RenderInline {A} at (0,0) size 153x15 [color=#0000EE]
                    RenderText {#text} at (0,120) size 153x15
                      text run at (0,120) width 153: "EXPLAIN_STREAM Table"
                  RenderText {#text} at (152,120) size 5x15
                    text run at (152,120) width 5: " "
                  RenderBR {BR} at (156,132) size 1x0
                  RenderInline {A} at (0,0) size 131x15 [color=#0000EE]
                    RenderText {#text} at (0,135) size 131x15
                      text run at (0,135) width 131: "ADVISE_INDEX Table"
                  RenderText {#text} at (130,135) size 5x15
                    text run at (130,135) width 5: " "
                  RenderBR {BR} at (134,147) size 1x0
                  RenderInline {A} at (0,0) size 167x15 [color=#0000EE]
                    RenderText {#text} at (0,150) size 167x15
                      text run at (0,150) width 167: "ADVISE_WORKLOAD Table"
                  RenderText {#text} at (166,150) size 5x15
                    text run at (166,150) width 5: " "
                  RenderBR {BR} at (170,162) size 1x0
                  RenderInline {A} at (0,0) size 205x15 [color=#0000EE]
                    RenderText {#text} at (0,165) size 205x15
                      text run at (0,165) width 205: "Table Definitions for Explain Tables"
                  RenderText {#text} at (204,165) size 5x15
                    text run at (204,165) width 5: " "
                  RenderBR {BR} at (208,177) size 1x0
                  RenderInline {A} at (0,0) size 231x15 [color=#0000EE]
                    RenderText {#text} at (0,180) size 231x15
                      text run at (0,180) width 231: "EXPLAIN_ARGUMENT Table Definition"
                  RenderText {#text} at (230,180) size 5x15
                    text run at (230,180) width 5: " "
                  RenderBR {BR} at (234,192) size 1x0
                  RenderInline {A} at (0,0) size 222x15 [color=#0000EE]
                    RenderText {#text} at (0,195) size 222x15
                      text run at (0,195) width 222: "EXPLAIN_INSTANCE Table Definition"
                  RenderText {#text} at (221,195) size 5x15
                    text run at (221,195) width 5: " "
                  RenderBR {BR} at (225,207) size 1x0
                  RenderInline {A} at (0,0) size 208x15 [color=#0000EE]
                    RenderText {#text} at (0,210) size 208x15
                      text run at (0,210) width 208: "EXPLAIN_OBJECT Table Definition"
                  RenderText {#text} at (207,210) size 4x15
                    text run at (207,210) width 4: " "
                  RenderBR {BR} at (210,222) size 1x0
                  RenderInline {A} at (0,0) size 230x15 [color=#0000EE]
                    RenderText {#text} at (0,225) size 230x15
                      text run at (0,225) width 230: "EXPLAIN_OPERATOR Table Definition"
                  RenderText {#text} at (229,225) size 4x15
                    text run at (229,225) width 4: " "
                  RenderBR {BR} at (232,237) size 1x0
                  RenderInline {A} at (0,0) size 231x15 [color=#0000EE]
                    RenderText {#text} at (0,240) size 231x15
                      text run at (0,240) width 231: "EXPLAIN_PREDICATE Table Definition"
                  RenderText {#text} at (230,240) size 5x15
                    text run at (230,240) width 5: " "
                  RenderBR {BR} at (234,252) size 1x0
                  RenderInline {A} at (0,0) size 235x15 [color=#0000EE]
                    RenderText {#text} at (0,255) size 235x15
                      text run at (0,255) width 235: "EXPLAIN_STATEMENT Table Definition"
                  RenderText {#text} at (234,255) size 5x15
                    text run at (234,255) width 5: " "
                  RenderBR {BR} at (238,267) size 1x0
                  RenderInline {A} at (0,0) size 211x15 [color=#0000EE]
                    RenderText {#text} at (0,270) size 211x15
                      text run at (0,270) width 211: "EXPLAIN_STREAM Table Definition"
                  RenderText {#text} at (210,270) size 4x15
                    text run at (210,270) width 4: " "
                  RenderBR {BR} at (213,282) size 1x0
                  RenderInline {A} at (0,0) size 189x15 [color=#0000EE]
                    RenderText {#text} at (0,285) size 189x15
                      text run at (0,285) width 189: "ADVISE_INDEX Table Definition"
                  RenderText {#text} at (188,285) size 5x15
                    text run at (188,285) width 5: " "
                  RenderBR {BR} at (192,297) size 1x0
                  RenderInline {A} at (0,0) size 225x15 [color=#0000EE]
                    RenderText {#text} at (0,300) size 225x15
                      text run at (0,300) width 225: "ADVISE_WORKLOAD Table Definition"
                  RenderText {#text} at (0,0) size 0x0
                RenderBlock {P} at (0,10436) size 708x15
                  RenderInline {B} at (0,0) size 226x15
                    RenderInline {A} at (0,0) size 226x15 [color=#0000EE]
                      RenderText {#text} at (0,0) size 226x15
                        text run at (0,0) width 226: "Appendix L. Explain Register Values"
                  RenderBR {BR} at (225,12) size 1x0
                RenderBlock {P} at (0,10464) size 708x75
                  RenderInline {B} at (0,0) size 306x15
                    RenderInline {A} at (0,0) size 306x15 [color=#0000EE]
                      RenderText {#text} at (0,0) size 306x15
                        text run at (0,0) width 306: "Appendix M. Recursion Example: Bill of Materials"
                  RenderBR {BR} at (305,12) size 1x0
                  RenderBR {BR} at (0,15) size 0x15
                  RenderInline {A} at (0,0) size 200x15 [color=#0000EE]
                    RenderText {#text} at (0,30) size 200x15
                      text run at (0,30) width 200: "Example 1: Single Level Explosion"
                  RenderText {#text} at (199,30) size 5x15
                    text run at (199,30) width 5: " "
                  RenderBR {BR} at (203,42) size 1x0
                  RenderInline {A} at (0,0) size 202x15 [color=#0000EE]
                    RenderText {#text} at (0,45) size 202x15
                      text run at (0,45) width 202: "Example 2: Summarized Explosion"
                  RenderText {#text} at (201,45) size 5x15
                    text run at (201,45) width 5: " "
                  RenderBR {BR} at (205,57) size 1x0
                  RenderInline {A} at (0,0) size 170x15 [color=#0000EE]
                    RenderText {#text} at (0,60) size 170x15
                      text run at (0,60) width 170: "Example 3: Controlling Depth"
                  RenderText {#text} at (0,0) size 0x0
                RenderBlock {P} at (0,10552) size 708x75
                  RenderInline {B} at (0,0) size 187x15
                    RenderInline {A} at (0,0) size 187x15 [color=#0000EE]
                      RenderText {#text} at (0,0) size 187x15
                        text run at (0,0) width 187: "Appendix N. Exception Tables"
                  RenderBR {BR} at (186,12) size 1x0
                  RenderBR {BR} at (0,15) size 0x15
                  RenderInline {A} at (0,0) size 220x15 [color=#0000EE]
                    RenderText {#text} at (0,30) size 220x15
                      text run at (0,30) width 220: "Rules for Creating an Exception Table"
                  RenderText {#text} at (219,30) size 5x15
                    text run at (219,30) width 5: " "
                  RenderBR {BR} at (223,42) size 1x0
                  RenderInline {A} at (0,0) size 227x15 [color=#0000EE]
                    RenderText {#text} at (0,45) size 227x15
                      text run at (0,45) width 227: "Handling Rows in the Exception Tables"
                  RenderText {#text} at (226,45) size 4x15
                    text run at (226,45) width 4: " "
                  RenderBR {BR} at (229,57) size 1x0
                  RenderInline {A} at (0,0) size 178x15 [color=#0000EE]
                    RenderText {#text} at (0,60) size 178x15
                      text run at (0,60) width 178: "Querying the Exception Tables"
                  RenderText {#text} at (0,0) size 0x0
                RenderBlock {P} at (0,10640) size 708x330
                  RenderInline {B} at (0,0) size 421x15
                    RenderInline {A} at (0,0) size 421x15 [color=#0000EE]
                      RenderText {#text} at (0,0) size 421x15
                        text run at (0,0) width 421: "Appendix O. Japanese and Traditional-Chinese EUC Considerations"
                  RenderBR {BR} at (420,12) size 1x0
                  RenderBR {BR} at (0,15) size 0x15
                  RenderInline {A} at (0,0) size 116x15 [color=#0000EE]
                    RenderText {#text} at (0,30) size 116x15
                      text run at (0,30) width 116: "Language Elements"
                  RenderText {#text} at (115,30) size 5x15
                    text run at (115,30) width 5: " "
                  RenderBR {BR} at (119,42) size 1x0
                  RenderInline {A} at (0,0) size 64x15 [color=#0000EE]
                    RenderText {#text} at (0,45) size 64x15
                      text run at (0,45) width 64: "Characters"
                  RenderText {#text} at (63,45) size 5x15
                    text run at (63,45) width 5: " "
                  RenderBR {BR} at (67,57) size 1x0
                  RenderInline {A} at (0,0) size 43x15 [color=#0000EE]
                    RenderText {#text} at (0,60) size 43x15
                      text run at (0,60) width 43: "Tokens"
                  RenderText {#text} at (42,60) size 5x15
                    text run at (42,60) width 5: " "
                  RenderBR {BR} at (46,72) size 1x0
                  RenderInline {A} at (0,0) size 57x15 [color=#0000EE]
                    RenderText {#text} at (0,75) size 57x15
                      text run at (0,75) width 57: "Identifiers"
                  RenderText {#text} at (56,75) size 4x15
                    text run at (56,75) width 4: " "
                  RenderBR {BR} at (59,87) size 1x0
                  RenderInline {A} at (0,0) size 67x15 [color=#0000EE]
                    RenderText {#text} at (0,90) size 67x15
                      text run at (0,90) width 67: "Data Types"
                  RenderText {#text} at (66,90) size 5x15
                    text run at (66,90) width 5: " "
                  RenderBR {BR} at (70,102) size 1x0
                  RenderInline {A} at (0,0) size 180x15 [color=#0000EE]
                    RenderText {#text} at (0,105) size 180x15
                      text run at (0,105) width 180: "Assignments and Comparisons"
                  RenderText {#text} at (179,105) size 5x15
                    text run at (179,105) width 5: " "
                  RenderBR {BR} at (183,117) size 1x0
                  RenderInline {A} at (0,0) size 163x15 [color=#0000EE]
                    RenderText {#text} at (0,120) size 163x15
                      text run at (0,120) width 163: "Rules for Result Data Types"
                  RenderText {#text} at (162,120) size 5x15
                    text run at (162,120) width 5: " "
                  RenderBR {BR} at (166,132) size 1x0
                  RenderInline {A} at (0,0) size 166x15 [color=#0000EE]
                    RenderText {#text} at (0,135) size 166x15
                      text run at (0,135) width 166: "Rules for String Conversions"
                  RenderText {#text} at (165,135) size 5x15
                    text run at (165,135) width 5: " "
                  RenderBR {BR} at (169,147) size 1x0
                  RenderInline {A} at (0,0) size 59x15 [color=#0000EE]
                    RenderText {#text} at (0,150) size 59x15
                      text run at (0,150) width 59: "Constants"
                  RenderText {#text} at (58,150) size 5x15
                    text run at (58,150) width 5: " "
                  RenderBR {BR} at (62,162) size 1x0
                  RenderInline {A} at (0,0) size 57x15 [color=#0000EE]
                    RenderText {#text} at (0,165) size 57x15
                      text run at (0,165) width 57: "Functions"
                  RenderText {#text} at (56,165) size 4x15
                    text run at (56,165) width 4: " "
                  RenderBR {BR} at (59,177) size 1x0
                  RenderInline {A} at (0,0) size 71x15 [color=#0000EE]
                    RenderText {#text} at (0,180) size 71x15
                      text run at (0,180) width 71: "Expressions"
                  RenderText {#text} at (70,180) size 5x15
                    text run at (70,180) width 5: " "
                  RenderBR {BR} at (74,192) size 1x0
                  RenderInline {A} at (0,0) size 62x15 [color=#0000EE]
                    RenderText {#text} at (0,195) size 62x15
                      text run at (0,195) width 62: "Predicates"
                  RenderText {#text} at (61,195) size 5x15
                    text run at (61,195) width 5: " "
                  RenderBR {BR} at (65,207) size 1x0
                  RenderInline {A} at (0,0) size 57x15 [color=#0000EE]
                    RenderText {#text} at (0,210) size 57x15
                      text run at (0,210) width 57: "Functions"
                  RenderText {#text} at (56,210) size 4x15
                    text run at (56,210) width 4: " "
                  RenderBR {BR} at (59,222) size 1x0
                  RenderInline {A} at (0,0) size 53x15 [color=#0000EE]
                    RenderText {#text} at (0,225) size 53x15
                      text run at (0,225) width 53: "LENGTH"
                  RenderText {#text} at (52,225) size 5x15
                    text run at (52,225) width 5: " "
                  RenderBR {BR} at (56,237) size 1x0
                  RenderInline {A} at (0,0) size 53x15 [color=#0000EE]
                    RenderText {#text} at (0,240) size 53x15
                      text run at (0,240) width 53: "SUBSTR"
                  RenderText {#text} at (52,240) size 5x15
                    text run at (52,240) width 5: " "
                  RenderBR {BR} at (56,252) size 1x0
                  RenderInline {A} at (0,0) size 77x15 [color=#0000EE]
                    RenderText {#text} at (0,255) size 77x15
                      text run at (0,255) width 77: "TRANSLATE"
                  RenderText {#text} at (76,255) size 5x15
                    text run at (76,255) width 5: " "
                  RenderBR {BR} at (80,267) size 1x0
                  RenderInline {A} at (0,0) size 86x15 [color=#0000EE]
                    RenderText {#text} at (0,270) size 86x15
                      text run at (0,270) width 86: "VARGRAPHIC"
                  RenderText {#text} at (85,270) size 5x15
                    text run at (85,270) width 5: " "
                  RenderBR {BR} at (89,282) size 1x0
                  RenderInline {A} at (0,0) size 66x15 [color=#0000EE]
                    RenderText {#text} at (0,285) size 66x15
                      text run at (0,285) width 66: "Statements"
                  RenderText {#text} at (65,285) size 5x15
                    text run at (65,285) width 5: " "
                  RenderBR {BR} at (69,297) size 1x0
                  RenderInline {A} at (0,0) size 65x15 [color=#0000EE]
                    RenderText {#text} at (0,300) size 65x15
                      text run at (0,300) width 65: "CONNECT"
                  RenderText {#text} at (64,300) size 4x15
                    text run at (64,300) width 4: " "
                  RenderBR {BR} at (67,312) size 1x0
                  RenderInline {A} at (0,0) size 63x15 [color=#0000EE]
                    RenderText {#text} at (0,315) size 63x15
                      text run at (0,315) width 63: "PREPARE"
                  RenderText {#text} at (0,0) size 0x0
                RenderBlock {P} at (0,10983) size 708x15
                  RenderInline {B} at (0,0) size 296x15
                    RenderInline {A} at (0,0) size 296x15 [color=#0000EE]
                      RenderText {#text} at (0,0) size 296x15
                        text run at (0,0) width 296: "Appendix P. BNF Specifications for DATALINKs"
                  RenderBR {BR} at (295,12) size 1x0
                RenderBlock {P} at (0,11011) size 708x180
                  RenderInline {B} at (0,0) size 217x15
                    RenderInline {A} at (0,0) size 217x15 [color=#0000EE]
                      RenderText {#text} at (0,0) size 217x15
                        text run at (0,0) width 217: "Appendix Q. Using the DB2 Library"
                  RenderBR {BR} at (216,12) size 1x0
                  RenderBR {BR} at (0,15) size 0x15
                  RenderInline {A} at (0,0) size 196x15 [color=#0000EE]
                    RenderText {#text} at (0,30) size 196x15
                      text run at (0,30) width 196: "DB2 PDF Files and Printed Books"
                  RenderText {#text} at (195,30) size 5x15
                    text run at (195,30) width 5: " "
                  RenderBR {BR} at (199,42) size 1x0
                  RenderInline {A} at (0,0) size 94x15 [color=#0000EE]
                    RenderText {#text} at (0,45) size 94x15
                      text run at (0,45) width 94: "DB2 Information"
                  RenderText {#text} at (93,45) size 5x15
                    text run at (93,45) width 5: " "
                  RenderBR {BR} at (97,57) size 1x0
                  RenderInline {A} at (0,0) size 136x15 [color=#0000EE]
                    RenderText {#text} at (0,60) size 136x15
                      text run at (0,60) width 136: "Printing the PDF Books"
                  RenderText {#text} at (135,60) size 4x15
                    text run at (135,60) width 4: " "
                  RenderBR {BR} at (138,72) size 1x0
                  RenderInline {A} at (0,0) size 157x15 [color=#0000EE]
                    RenderText {#text} at (0,75) size 157x15
                      text run at (0,75) width 157: "Ordering the Printed Books"
                  RenderText {#text} at (156,75) size 5x15
                    text run at (156,75) width 5: " "
                  RenderBR {BR} at (160,87) size 1x0
                  RenderInline {A} at (0,0) size 158x15 [color=#0000EE]
                    RenderText {#text} at (0,90) size 158x15
                      text run at (0,90) width 158: "DB2 Online Documentation"
                  RenderText {#text} at (157,90) size 5x15
                    text run at (157,90) width 5: " "
                  RenderBR {BR} at (161,102) size 1x0
                  RenderInline {A} at (0,0) size 131x15 [color=#0000EE]
                    RenderText {#text} at (0,105) size 131x15
                      text run at (0,105) width 131: "Accessing Online Help"
                  RenderText {#text} at (130,105) size 5x15
                    text run at (130,105) width 5: " "
                  RenderBR {BR} at (134,117) size 1x0
                  RenderInline {A} at (0,0) size 156x15 [color=#0000EE]
                    RenderText {#text} at (0,120) size 156x15
                      text run at (0,120) width 156: "Viewing Information Online"
                  RenderText {#text} at (155,120) size 4x15
                    text run at (155,120) width 4: " "
                  RenderBR {BR} at (158,132) size 1x0
                  RenderInline {A} at (0,0) size 113x15 [color=#0000EE]
                    RenderText {#text} at (0,135) size 113x15
                      text run at (0,135) width 113: "Using DB2 Wizards"
                  RenderText {#text} at (112,135) size 5x15
                    text run at (112,135) width 5: " "
                  RenderBR {BR} at (116,147) size 1x0
                  RenderInline {A} at (0,0) size 177x15 [color=#0000EE]
                    RenderText {#text} at (0,150) size 177x15
                      text run at (0,150) width 177: "Setting Up a Document Server"
                  RenderText {#text} at (176,150) size 4x15
                    text run at (176,150) width 4: " "
                  RenderBR {BR} at (179,162) size 1x0
                  RenderInline {A} at (0,0) size 169x15 [color=#0000EE]
                    RenderText {#text} at (0,165) size 169x15
                      text run at (0,165) width 169: "Searching Information Online"
                  RenderText {#text} at (0,0) size 0x0
                RenderBlock {P} at (0,11204) size 708x45
                  RenderInline {B} at (0,0) size 127x15
                    RenderInline {A} at (0,0) size 127x15 [color=#0000EE]
                      RenderText {#text} at (0,0) size 127x15
                        text run at (0,0) width 127: "Appendix R. Notices"
                  RenderBR {BR} at (126,12) size 1x0
                  RenderBR {BR} at (0,15) size 0x15
                  RenderInline {A} at (0,0) size 70x15 [color=#0000EE]
                    RenderText {#text} at (0,30) size 70x15
                      text run at (0,30) width 70: "Trademarks"
                  RenderText {#text} at (0,0) size 0x0
                RenderBlock {P} at (0,11262) size 708x15
                  RenderInline {B} at (0,0) size 34x15
                    RenderInline {A} at (0,0) size 34x15 [color=#0000EE]
                      RenderText {#text} at (0,0) size 34x15
                        text run at (0,0) width 34: "Index"
                  RenderBR {BR} at (33,12) size 1x0
                RenderBlock {P} at (0,11290) size 708x45
                  RenderInline {B} at (0,0) size 96x15
                    RenderInline {A} at (0,0) size 96x15 [color=#0000EE]
                      RenderText {#text} at (0,0) size 96x15
                        text run at (0,0) width 96: "Contacting IBM"
                  RenderBR {BR} at (95,12) size 1x0
                  RenderBR {BR} at (0,15) size 0x15
                  RenderInline {A} at (0,0) size 114x15 [color=#0000EE]
                    RenderText {#text} at (0,30) size 114x15
                      text run at (0,30) width 114: "Product Information"
                  RenderText {#text} at (0,0) size 0x0
                  RenderInline {A} at (0,0) size 0x0
                  RenderText {#text} at (0,0) size 0x0
                RenderTable {TABLE} at (0,11348) size 26x26
                  RenderTableSection {TBODY} at (0,0) size 26x26
                    RenderTableRow {TR} at (0,2) size 26x0
                    RenderTableRow {TR} at (0,4) size 26x20
                      RenderTableCell {TD} at (2,4) size 10x20 [r=1 c=0 rs=1 cs=1]
                        RenderText {#text} at (1,1) size 8x17
                          text run at (1,1) width 8: "x"
                      RenderTableCell {TD} at (14,4) size 10x20 [r=1 c=1 rs=1 cs=1]
                        RenderText {#text} at (1,1) size 8x17
                          text run at (1,1) width 8: "x"
              RenderBlock (anonymous) at (2,11376) size 708x0
                RenderInline {FONT} at (0,0) size 0x0
