layer at (0,0) size 800x600
  RenderView at (0,0) size 800x600
layer at (0,0) size 800x204
  RenderBlock {HTML} at (0,0) size 800x204
    RenderBody {BODY} at (8,8) size 784x188
      RenderTable {TABLE} at (0,0) size 200x76 [border: (1px outset #808080)]
        RenderTableSection {TBODY} at (1,1) size 198x74
          RenderTableRow {TR} at (0,2) size 198x22
            RenderTableCell {TD} at (2,2) size 98x22 [border: (1px inset #808080)] [r=0 c=0 rs=1 cs=1]
              RenderText {#text} at (2,2) size 35x17
                text run at (2,2) width 35: "AAA"
            RenderTableCell {TD} at (102,2) size 94x22 [border: (1px inset #808080)] [r=0 c=1 rs=1 cs=1]
              RenderText {#text} at (2,2) size 33x17
                text run at (2,2) width 33: "BBB"
          RenderTableRow {TR} at (0,26) size 198x22
            RenderTableCell {TD} at (2,26) size 98x22 [border: (1px inset #808080)] [r=1 c=0 rs=1 cs=1]
              RenderText {#text} at (43,2) size 12x17
                text run at (43,2) width 12: "A"
            RenderTableCell {TD} at (102,26) size 94x22 [border: (1px inset #808080)] [r=1 c=1 rs=1 cs=1]
              RenderText {#text} at (41,2) size 12x17
                text run at (41,2) width 12: "B"
          RenderTableRow {TR} at (0,50) size 198x22
            RenderTableCell {TD} at (2,50) size 98x22 [border: (1px inset #808080)] [r=2 c=0 rs=1 cs=1]
              RenderText {#text} at (84,2) size 12x17
                text run at (84,2) width 12: "A"
            RenderTableCell {TD} at (102,50) size 94x22 [border: (1px inset #808080)] [r=2 c=1 rs=1 cs=1]
              RenderText {#text} at (81,2) size 11x17
                text run at (81,2) width 11: "B"
      RenderBlock (anonymous) at (0,76) size 784x18
        RenderBR {BR} at (0,0) size 0x17
      RenderTable {TABLE} at (0,94) size 784x76 [border: (1px outset #808080)]
        RenderTableSection {TBODY} at (1,1) size 782x74
          RenderTableRow {TR} at (0,2) size 782x22
            RenderTableCell {TD} at (2,2) size 367x22 [border: (1px inset #808080)] [r=0 c=0 rs=1 cs=1]
              RenderText {#text} at (2,2) size 28x17
                text run at (2,2) width 28: "<tr>"
            RenderTableCell {TH} at (371,2) size 213x22 [border: (1px inset #808080)] [r=0 c=1 rs=1 cs=1]
              RenderText {#text} at (71,2) size 71x17
                text run at (71,2) width 71: "th: Center"
            RenderTableCell {TD} at (586,2) size 194x22 [border: (1px inset #808080)] [r=0 c=2 rs=1 cs=1]
              RenderText {#text} at (2,2) size 48x17
                text run at (2,2) width 48: "td: Left"
          RenderTableRow {TR} at (0,26) size 782x22
            RenderTableCell {TD} at (2,26) size 367x22 [border: (1px inset #808080)] [r=1 c=0 rs=1 cs=1]
              RenderText {#text} at (2,2) size 108x17
                text run at (2,2) width 108: "<tr align=\"left\">"
            RenderTableCell {TH} at (371,26) size 213x22 [border: (1px inset #808080)] [r=1 c=1 rs=1 cs=1]
              RenderText {#text} at (2,2) size 52x17
                text run at (2,2) width 52: "th: Left"
            RenderTableCell {TD} at (586,26) size 194x22 [border: (1px inset #808080)] [r=1 c=2 rs=1 cs=1]
              RenderText {#text} at (2,2) size 48x17
                text run at (2,2) width 48: "td: Left"
          RenderTableRow {TR} at (0,50) size 782x22
            RenderTableCell {TD} at (2,50) size 367x22 [border: (1px inset #808080)] [r=2 c=0 rs=1 cs=1]
              RenderText {#text} at (2,2) size 125x17
                text run at (2,2) width 125: "<tr align=\"center\">"
            RenderTableCell {TH} at (371,50) size 213x22 [border: (1px inset #808080)] [r=2 c=1 rs=1 cs=1]
              RenderText {#text} at (71,2) size 71x17
                text run at (71,2) width 71: "th: Center"
            RenderTableCell {TD} at (586,50) size 194x22 [border: (1px inset #808080)] [r=2 c=2 rs=1 cs=1]
              RenderText {#text} at (65,2) size 64x17
                text run at (65,2) width 64: "td: Center"
      RenderBlock (anonymous) at (0,170) size 784x18
        RenderBR {BR} at (0,0) size 0x17
