layer at (0,0) size 800x600
  RenderView at (0,0) size 800x600
layer at (0,0) size 800x600
  RenderBlock {HTML} at (0,0) size 800x600
    RenderBody {BODY} at (8,8) size 784x576
      RenderBlock {H2} at (0,0) size 784x28
        RenderText {#text} at (0,0) size 365x28
          text run at (0,0) width 365: "SeaMonkey XPInstall Trigger Page"
      RenderBlock {HR} at (0,47) size 784x2 [border: (1px inset #000000)]
      RenderBlock {FORM} at (0,57) size 784x105
        RenderTable {TABLE} at (0,0) size 784x105
          RenderTableSection {TBODY} at (0,0) size 784x105
            RenderTableRow {TR} at (0,2) size 784x40
              RenderTableCell {TD} at (2,2) size 60x40 [r=0 c=0 rs=1 cs=1]
                RenderInline {B} at (0,0) size 52x38
                  RenderText {#text} at (1,1) size 52x38
                    text run at (1,1) width 52: "Trigger"
                    text run at (1,20) width 40: "URL:"
              RenderTableCell {TD} at (64,6) size 605x31 [r=0 c=1 rs=1 cs=1]
                RenderTextControl {INPUT} at (3,3) size 599x25 [bgcolor=#FFFFFF] [border: (2px inset #000000)]
              RenderTableCell {TD} at (671,5) size 111x34 [r=0 c=2 rs=1 cs=1]
                RenderButton {INPUT} at (3,3) size 67x28 [bgcolor=#C0C0C0] [border: (2px outset #C0C0C0)]
                  RenderBlock (anonymous) at (8,4) size 51x19
                    RenderText at (0,0) size 51x19
                      text run at (0,0) width 51: "Trigger"
            RenderTableRow {TR} at (0,44) size 784x59
              RenderTableCell {TD} at (2,44) size 60x59 [r=1 c=0 rs=1 cs=1]
                RenderInline {B} at (0,0) size 38x57
                  RenderText {#text} at (1,1) size 38x57
                    text run at (1,1) width 30: "Run"
                    text run at (1,20) width 29: "Test"
                    text run at (1,39) width 38: "Case:"
              RenderTableCell {TD} at (64,56) size 605x35 [r=1 c=1 rs=1 cs=1]
                RenderMenuList {SELECT} at (3,3) size 340x29 [bgcolor=#FFFFFF] [border: (1px solid #000000)]
                  RenderBlock (anonymous) at (1,1) size 338x27
                    RenderText at (4,4) size 96x19
                      text run at (4,4) width 96: "a_abortinstall"
                RenderText {#text} at (0,0) size 0x0
              RenderTableCell {TD} at (671,56) size 111x34 [r=1 c=2 rs=1 cs=1]
                RenderButton {INPUT} at (3,3) size 105x28 [bgcolor=#C0C0C0] [border: (2px outset #C0C0C0)]
                  RenderBlock (anonymous) at (8,4) size 89x19
                    RenderText at (0,0) size 89x19
                      text run at (0,0) width 89: "Trigger case"
layer at (78,77) size 593x19
  RenderBlock {DIV} at (3,3) size 593x19
    RenderText {#text} at (1,0) size 120x19
      text run at (1,0) width 120: "http://jimbob/jars/"
