layer at (0,0) size 800x600
  RenderView at (0,0) size 800x600
layer at (0,0) size 800x600
  RenderBlock {HTML} at (0,0) size 800x600
    RenderBody {BODY} at (8,8) size 784x584
      RenderTable {TABLE} at (0,0) size 600x477
        RenderTableSection {TBODY} at (0,0) size 600x477
          RenderTableRow {TR} at (0,0) size 600x477
            RenderTableCell {TD} at (0,0) size 600x477 [r=0 c=0 rs=1 cs=1]
              RenderBlock (anonymous) at (0,0) size 600x1
                RenderImage {IMG} at (0,0) size 600x1
                RenderText {#text} at (0,0) size 0x0
              RenderBlock {BLOCKQUOTE} at (40,17) size 520x444
                RenderBlock {BLOCKQUOTE} at (40,0) size 440x444
                  RenderBlock (anonymous) at (0,0) size 440x216
                    RenderTable {TABLE} at (180,0) size 260x283
                      RenderTableSection {TBODY} at (0,0) size 260x283
                        RenderTableRow {TR} at (0,0) size 260x22
                          RenderTableCell {TD} at (0,0) size 6x22 [bgcolor=#FFFFFF] [r=0 c=0 rs=1 cs=1]
                            RenderBR {BR} at (2,2) size 0x17
                          RenderTableCell {TD} at (6,1) size 254x19 [bgcolor=#CCCCDD] [r=0 c=1 rs=1 cs=1]
                            RenderInline {FONT} at (0,0) size 247x15
                              RenderInline {B} at (0,0) size 247x15
                                RenderText {#text} at (2,2) size 247x15
                                  text run at (2,2) width 247: "CHAMBERLAIN'S CAREER STATISTICS"
                        RenderTableRow {TR} at (0,22) size 260x261
                          RenderTableCell {TD} at (0,141) size 6x22 [bgcolor=#FFFFFF] [r=1 c=0 rs=1 cs=1]
                            RenderBR {BR} at (2,2) size 0x17
                          RenderTableCell {TD} at (6,22) size 254x261 [r=1 c=1 rs=1 cs=1]
                            RenderTable {TABLE} at (2,2) size 250x240
                              RenderTableSection {TBODY} at (0,0) size 250x240
                                RenderTableRow {TR} at (0,0) size 250x15 [bgcolor=#EEEEEE]
                                  RenderTableCell {TD} at (0,0) size 31x15 [r=0 c=0 rs=1 cs=1]
                                    RenderInline {FONT} at (0,0) size 22x11
                                      RenderText {#text} at (2,2) size 22x11
                                        text run at (2,2) width 22: "Year"
                                  RenderTableCell {TD} at (31,0) size 70x15 [r=0 c=1 rs=1 cs=1]
                                    RenderInline {FONT} at (0,0) size 26x11
                                      RenderText {#text} at (2,2) size 26x11
                                        text run at (2,2) width 26: "Team"
                                  RenderTableCell {TD} at (101,0) size 28x15 [r=0 c=2 rs=1 cs=1]
                                    RenderInline {FONT} at (0,0) size 15x11
                                      RenderText {#text} at (11,2) size 15x11
                                        text run at (11,2) width 15: "GP"
                                  RenderTableCell {TD} at (129,0) size 33x15 [r=0 c=3 rs=1 cs=1]
                                    RenderInline {FONT} at (0,0) size 19x11
                                      RenderText {#text} at (12,2) size 19x11
                                        text run at (12,2) width 19: "Reb"
                                  RenderTableCell {TD} at (162,0) size 27x15 [r=0 c=4 rs=1 cs=1]
                                    RenderInline {FONT} at (0,0) size 22x11
                                      RenderText {#text} at (3,2) size 22x11
                                        text run at (3,2) width 22: "RPG"
                                  RenderTableCell {TD} at (189,0) size 33x15 [r=0 c=5 rs=1 cs=1]
                                    RenderInline {FONT} at (0,0) size 15x11
                                      RenderText {#text} at (16,2) size 15x11
                                        text run at (16,2) width 15: "Pts"
                                  RenderTableCell {TD} at (222,0) size 28x15 [r=0 c=6 rs=1 cs=1]
                                    RenderInline {FONT} at (0,0) size 22x11
                                      RenderText {#text} at (4,2) size 22x11
                                        text run at (4,2) width 22: "PPG"
                                RenderTableRow {TR} at (0,15) size 250x15 [bgcolor=#FFFFFF]
                                  RenderTableCell {TD} at (0,15) size 31x15 [r=1 c=0 rs=1 cs=1]
                                    RenderInline {FONT} at (0,0) size 26x11
                                      RenderText {#text} at (2,2) size 26x11
                                        text run at (2,2) width 26: "59-60"
                                  RenderTableCell {TD} at (31,15) size 70x15 [r=1 c=1 rs=1 cs=1]
                                    RenderInline {FONT} at (0,0) size 55x11
                                      RenderText {#text} at (2,2) size 55x11
                                        text run at (2,2) width 55: "Philadelphia"
                                  RenderTableCell {TD} at (101,15) size 28x15 [r=1 c=2 rs=1 cs=1]
                                    RenderInline {FONT} at (0,0) size 12x11
                                      RenderText {#text} at (14,2) size 12x11
                                        text run at (14,2) width 12: "72"
                                  RenderTableCell {TD} at (129,15) size 33x15 [r=1 c=3 rs=1 cs=1]
                                    RenderInline {FONT} at (0,0) size 23x11
                                      RenderText {#text} at (8,2) size 23x11
                                        text run at (8,2) width 23: "1941"
                                  RenderTableCell {TD} at (162,15) size 27x15 [r=1 c=4 rs=1 cs=1]
                                    RenderInline {FONT} at (0,0) size 20x11
                                      RenderText {#text} at (5,2) size 20x11
                                        text run at (5,2) width 20: "27.0"
                                  RenderTableCell {TD} at (189,15) size 33x15 [r=1 c=5 rs=1 cs=1]
                                    RenderInline {FONT} at (0,0) size 23x11
                                      RenderText {#text} at (8,2) size 23x11
                                        text run at (8,2) width 23: "2707"
                                  RenderTableCell {TD} at (222,15) size 28x15 [r=1 c=6 rs=1 cs=1]
                                    RenderInline {FONT} at (0,0) size 20x11
                                      RenderText {#text} at (6,2) size 20x11
                                        text run at (6,2) width 20: "37.6"
                                RenderTableRow {TR} at (0,30) size 250x15 [bgcolor=#FFFFFF]
                                  RenderTableCell {TD} at (0,30) size 31x15 [r=2 c=0 rs=1 cs=1]
                                    RenderInline {FONT} at (0,0) size 26x11
                                      RenderText {#text} at (2,2) size 26x11
                                        text run at (2,2) width 26: "60-61"
                                  RenderTableCell {TD} at (31,30) size 70x15 [r=2 c=1 rs=1 cs=1]
                                    RenderInline {FONT} at (0,0) size 55x11
                                      RenderText {#text} at (2,2) size 55x11
                                        text run at (2,2) width 55: "Philadelphia"
                                  RenderTableCell {TD} at (101,30) size 28x15 [r=2 c=2 rs=1 cs=1]
                                    RenderInline {FONT} at (0,0) size 12x11
                                      RenderText {#text} at (14,2) size 12x11
                                        text run at (14,2) width 12: "79"
                                  RenderTableCell {TD} at (129,30) size 33x15 [r=2 c=3 rs=1 cs=1]
                                    RenderInline {FONT} at (0,0) size 23x11
                                      RenderText {#text} at (8,2) size 23x11
                                        text run at (8,2) width 23: "2149"
                                  RenderTableCell {TD} at (162,30) size 27x15 [r=2 c=4 rs=1 cs=1]
                                    RenderInline {FONT} at (0,0) size 20x11
                                      RenderText {#text} at (5,2) size 20x11
                                        text run at (5,2) width 20: "27.2"
                                  RenderTableCell {TD} at (189,30) size 33x15 [r=2 c=5 rs=1 cs=1]
                                    RenderInline {FONT} at (0,0) size 23x11
                                      RenderText {#text} at (8,2) size 23x11
                                        text run at (8,2) width 23: "3033"
                                  RenderTableCell {TD} at (222,30) size 28x15 [r=2 c=6 rs=1 cs=1]
                                    RenderInline {FONT} at (0,0) size 20x11
                                      RenderText {#text} at (6,2) size 20x11
                                        text run at (6,2) width 20: "38.4"
                                RenderTableRow {TR} at (0,45) size 250x15 [bgcolor=#FFFFFF]
                                  RenderTableCell {TD} at (0,45) size 31x15 [r=3 c=0 rs=1 cs=1]
                                    RenderInline {FONT} at (0,0) size 26x11
                                      RenderText {#text} at (2,2) size 26x11
                                        text run at (2,2) width 26: "61-62"
                                  RenderTableCell {TD} at (31,45) size 70x15 [r=3 c=1 rs=1 cs=1]
                                    RenderInline {FONT} at (0,0) size 55x11
                                      RenderText {#text} at (2,2) size 55x11
                                        text run at (2,2) width 55: "Philadelphia"
                                  RenderTableCell {TD} at (101,45) size 28x15 [r=3 c=2 rs=1 cs=1]
                                    RenderInline {FONT} at (0,0) size 12x11
                                      RenderText {#text} at (14,2) size 12x11
                                        text run at (14,2) width 12: "80"
                                  RenderTableCell {TD} at (129,45) size 33x15 [r=3 c=3 rs=1 cs=1]
                                    RenderInline {FONT} at (0,0) size 23x11
                                      RenderText {#text} at (8,2) size 23x11
                                        text run at (8,2) width 23: "2052"
                                  RenderTableCell {TD} at (162,45) size 27x15 [r=3 c=4 rs=1 cs=1]
                                    RenderInline {FONT} at (0,0) size 20x11
                                      RenderText {#text} at (5,2) size 20x11
                                        text run at (5,2) width 20: "25.7"
                                  RenderTableCell {TD} at (189,45) size 33x15 [r=3 c=5 rs=1 cs=1]
                                    RenderInline {FONT} at (0,0) size 23x11
                                      RenderText {#text} at (8,2) size 23x11
                                        text run at (8,2) width 23: "4029"
                                  RenderTableCell {TD} at (222,45) size 28x15 [r=3 c=6 rs=1 cs=1]
                                    RenderInline {FONT} at (0,0) size 20x11
                                      RenderText {#text} at (6,2) size 20x11
                                        text run at (6,2) width 20: "50.4"
                                RenderTableRow {TR} at (0,60) size 250x15 [bgcolor=#FFFFFF]
                                  RenderTableCell {TD} at (0,60) size 31x15 [r=4 c=0 rs=1 cs=1]
                                    RenderInline {FONT} at (0,0) size 26x11
                                      RenderText {#text} at (2,2) size 26x11
                                        text run at (2,2) width 26: "62-63"
                                  RenderTableCell {TD} at (31,60) size 70x15 [r=4 c=1 rs=1 cs=1]
                                    RenderInline {FONT} at (0,0) size 64x11
                                      RenderText {#text} at (2,2) size 64x11
                                        text run at (2,2) width 64: "San Francisco"
                                  RenderTableCell {TD} at (101,60) size 28x15 [r=4 c=2 rs=1 cs=1]
                                    RenderInline {FONT} at (0,0) size 12x11
                                      RenderText {#text} at (14,2) size 12x11
                                        text run at (14,2) width 12: "80"
                                  RenderTableCell {TD} at (129,60) size 33x15 [r=4 c=3 rs=1 cs=1]
                                    RenderInline {FONT} at (0,0) size 23x11
                                      RenderText {#text} at (8,2) size 23x11
                                        text run at (8,2) width 23: "1946"
                                  RenderTableCell {TD} at (162,60) size 27x15 [r=4 c=4 rs=1 cs=1]
                                    RenderInline {FONT} at (0,0) size 20x11
                                      RenderText {#text} at (5,2) size 20x11
                                        text run at (5,2) width 20: "24.3"
                                  RenderTableCell {TD} at (189,60) size 33x15 [r=4 c=5 rs=1 cs=1]
                                    RenderInline {FONT} at (0,0) size 23x11
                                      RenderText {#text} at (8,2) size 23x11
                                        text run at (8,2) width 23: "3806"
                                  RenderTableCell {TD} at (222,60) size 28x15 [r=4 c=6 rs=1 cs=1]
                                    RenderInline {FONT} at (0,0) size 20x11
                                      RenderText {#text} at (6,2) size 20x11
                                        text run at (6,2) width 20: "44.8"
                                RenderTableRow {TR} at (0,75) size 250x15 [bgcolor=#FFFFFF]
                                  RenderTableCell {TD} at (0,75) size 31x15 [r=5 c=0 rs=1 cs=1]
                                    RenderInline {FONT} at (0,0) size 26x11
                                      RenderText {#text} at (2,2) size 26x11
                                        text run at (2,2) width 26: "63-64"
                                  RenderTableCell {TD} at (31,75) size 70x15 [r=5 c=1 rs=1 cs=1]
                                    RenderInline {FONT} at (0,0) size 64x11
                                      RenderText {#text} at (2,2) size 64x11
                                        text run at (2,2) width 64: "San Francisco"
                                  RenderTableCell {TD} at (101,75) size 28x15 [r=5 c=2 rs=1 cs=1]
                                    RenderInline {FONT} at (0,0) size 12x11
                                      RenderText {#text} at (14,2) size 12x11
                                        text run at (14,2) width 12: "80"
                                  RenderTableCell {TD} at (129,75) size 33x15 [r=5 c=3 rs=1 cs=1]
                                    RenderInline {FONT} at (0,0) size 23x11
                                      RenderText {#text} at (8,2) size 23x11
                                        text run at (8,2) width 23: "1787"
                                  RenderTableCell {TD} at (162,75) size 27x15 [r=5 c=4 rs=1 cs=1]
                                    RenderInline {FONT} at (0,0) size 20x11
                                      RenderText {#text} at (5,2) size 20x11
                                        text run at (5,2) width 20: "22.3"
                                  RenderTableCell {TD} at (189,75) size 33x15 [r=5 c=5 rs=1 cs=1]
                                    RenderInline {FONT} at (0,0) size 23x11
                                      RenderText {#text} at (8,2) size 23x11
                                        text run at (8,2) width 23: "2948"
                                  RenderTableCell {TD} at (222,75) size 28x15 [r=5 c=6 rs=1 cs=1]
                                    RenderInline {FONT} at (0,0) size 20x11
                                      RenderText {#text} at (6,2) size 20x11
                                        text run at (6,2) width 20: "36.9"
                                RenderTableRow {TR} at (0,90) size 250x15 [bgcolor=#FFFFFF]
                                  RenderTableCell {TD} at (0,90) size 31x15 [r=6 c=0 rs=1 cs=1]
                                    RenderInline {FONT} at (0,0) size 26x11
                                      RenderText {#text} at (2,2) size 26x11
                                        text run at (2,2) width 26: "64-65"
                                  RenderTableCell {TD} at (31,90) size 70x15 [r=6 c=1 rs=1 cs=1]
                                    RenderInline {FONT} at (0,0) size 44x11
                                      RenderText {#text} at (2,2) size 44x11
                                        text run at (2,2) width 44: "S.F.-Phila"
                                  RenderTableCell {TD} at (101,90) size 28x15 [r=6 c=2 rs=1 cs=1]
                                    RenderInline {FONT} at (0,0) size 12x11
                                      RenderText {#text} at (14,2) size 12x11
                                        text run at (14,2) width 12: "73"
                                  RenderTableCell {TD} at (129,90) size 33x15 [r=6 c=3 rs=1 cs=1]
                                    RenderInline {FONT} at (0,0) size 23x11
                                      RenderText {#text} at (8,2) size 23x11
                                        text run at (8,2) width 23: "1673"
                                  RenderTableCell {TD} at (162,90) size 27x15 [r=6 c=4 rs=1 cs=1]
                                    RenderInline {FONT} at (0,0) size 20x11
                                      RenderText {#text} at (5,2) size 20x11
                                        text run at (5,2) width 20: "22.9"
                                  RenderTableCell {TD} at (189,90) size 33x15 [r=6 c=5 rs=1 cs=1]
                                    RenderInline {FONT} at (0,0) size 23x11
                                      RenderText {#text} at (8,2) size 23x11
                                        text run at (8,2) width 23: "2534"
                                  RenderTableCell {TD} at (222,90) size 28x15 [r=6 c=6 rs=1 cs=1]
                                    RenderInline {FONT} at (0,0) size 20x11
                                      RenderText {#text} at (6,2) size 20x11
                                        text run at (6,2) width 20: "34.7"
                                RenderTableRow {TR} at (0,105) size 250x15 [bgcolor=#FFFFFF]
                                  RenderTableCell {TD} at (0,105) size 31x15 [r=7 c=0 rs=1 cs=1]
                                    RenderInline {FONT} at (0,0) size 26x11
                                      RenderText {#text} at (2,2) size 26x11
                                        text run at (2,2) width 26: "65-66"
                                  RenderTableCell {TD} at (31,105) size 70x15 [r=7 c=1 rs=1 cs=1]
                                    RenderInline {FONT} at (0,0) size 55x11
                                      RenderText {#text} at (2,2) size 55x11
                                        text run at (2,2) width 55: "Philadelphia"
                                  RenderTableCell {TD} at (101,105) size 28x15 [r=7 c=2 rs=1 cs=1]
                                    RenderInline {FONT} at (0,0) size 12x11
                                      RenderText {#text} at (14,2) size 12x11
                                        text run at (14,2) width 12: "79"
                                  RenderTableCell {TD} at (129,105) size 33x15 [r=7 c=3 rs=1 cs=1]
                                    RenderInline {FONT} at (0,0) size 23x11
                                      RenderText {#text} at (8,2) size 23x11
                                        text run at (8,2) width 23: "1943"
                                  RenderTableCell {TD} at (162,105) size 27x15 [r=7 c=4 rs=1 cs=1]
                                    RenderInline {FONT} at (0,0) size 20x11
                                      RenderText {#text} at (5,2) size 20x11
                                        text run at (5,2) width 20: "24.6"
                                  RenderTableCell {TD} at (189,105) size 33x15 [r=7 c=5 rs=1 cs=1]
                                    RenderInline {FONT} at (0,0) size 23x11
                                      RenderText {#text} at (8,2) size 23x11
                                        text run at (8,2) width 23: "2649"
                                  RenderTableCell {TD} at (222,105) size 28x15 [r=7 c=6 rs=1 cs=1]
                                    RenderInline {FONT} at (0,0) size 20x11
                                      RenderText {#text} at (6,2) size 20x11
                                        text run at (6,2) width 20: "33.5"
                                RenderTableRow {TR} at (0,120) size 250x15 [bgcolor=#FFFFFF]
                                  RenderTableCell {TD} at (0,120) size 31x15 [r=8 c=0 rs=1 cs=1]
                                    RenderInline {FONT} at (0,0) size 26x11
                                      RenderText {#text} at (2,2) size 26x11
                                        text run at (2,2) width 26: "66-67"
                                  RenderTableCell {TD} at (31,120) size 70x15 [r=8 c=1 rs=1 cs=1]
                                    RenderInline {FONT} at (0,0) size 55x11
                                      RenderText {#text} at (2,2) size 55x11
                                        text run at (2,2) width 55: "Philadelphia"
                                  RenderTableCell {TD} at (101,120) size 28x15 [r=8 c=2 rs=1 cs=1]
                                    RenderInline {FONT} at (0,0) size 12x11
                                      RenderText {#text} at (14,2) size 12x11
                                        text run at (14,2) width 12: "81"
                                  RenderTableCell {TD} at (129,120) size 33x15 [r=8 c=3 rs=1 cs=1]
                                    RenderInline {FONT} at (0,0) size 23x11
                                      RenderText {#text} at (8,2) size 23x11
                                        text run at (8,2) width 23: "1957"
                                  RenderTableCell {TD} at (162,120) size 27x15 [r=8 c=4 rs=1 cs=1]
                                    RenderInline {FONT} at (0,0) size 20x11
                                      RenderText {#text} at (5,2) size 20x11
                                        text run at (5,2) width 20: "24.2"
                                  RenderTableCell {TD} at (189,120) size 33x15 [r=8 c=5 rs=1 cs=1]
                                    RenderInline {FONT} at (0,0) size 23x11
                                      RenderText {#text} at (8,2) size 23x11
                                        text run at (8,2) width 23: "1956"
                                  RenderTableCell {TD} at (222,120) size 28x15 [r=8 c=6 rs=1 cs=1]
                                    RenderInline {FONT} at (0,0) size 20x11
                                      RenderText {#text} at (6,2) size 20x11
                                        text run at (6,2) width 20: "24.1"
                                RenderTableRow {TR} at (0,135) size 250x15 [bgcolor=#FFFFFF]
                                  RenderTableCell {TD} at (0,135) size 31x15 [r=9 c=0 rs=1 cs=1]
                                    RenderInline {FONT} at (0,0) size 26x11
                                      RenderText {#text} at (2,2) size 26x11
                                        text run at (2,2) width 26: "67-68"
                                  RenderTableCell {TD} at (31,135) size 70x15 [r=9 c=1 rs=1 cs=1]
                                    RenderInline {FONT} at (0,0) size 55x11
                                      RenderText {#text} at (2,2) size 55x11
                                        text run at (2,2) width 55: "Philadelphia"
                                  RenderTableCell {TD} at (101,135) size 28x15 [r=9 c=2 rs=1 cs=1]
                                    RenderInline {FONT} at (0,0) size 12x11
                                      RenderText {#text} at (14,2) size 12x11
                                        text run at (14,2) width 12: "82"
                                  RenderTableCell {TD} at (129,135) size 33x15 [r=9 c=3 rs=1 cs=1]
                                    RenderInline {FONT} at (0,0) size 23x11
                                      RenderText {#text} at (8,2) size 23x11
                                        text run at (8,2) width 23: "1952"
                                  RenderTableCell {TD} at (162,135) size 27x15 [r=9 c=4 rs=1 cs=1]
                                    RenderInline {FONT} at (0,0) size 20x11
                                      RenderText {#text} at (5,2) size 20x11
                                        text run at (5,2) width 20: "23.8"
                                  RenderTableCell {TD} at (189,135) size 33x15 [r=9 c=5 rs=1 cs=1]
                                    RenderInline {FONT} at (0,0) size 23x11
                                      RenderText {#text} at (8,2) size 23x11
                                        text run at (8,2) width 23: "1992"
                                  RenderTableCell {TD} at (222,135) size 28x15 [r=9 c=6 rs=1 cs=1]
                                    RenderInline {FONT} at (0,0) size 20x11
                                      RenderText {#text} at (6,2) size 20x11
                                        text run at (6,2) width 20: "24.3"
                                RenderTableRow {TR} at (0,150) size 250x15 [bgcolor=#FFFFFF]
                                  RenderTableCell {TD} at (0,150) size 31x15 [r=10 c=0 rs=1 cs=1]
                                    RenderInline {FONT} at (0,0) size 26x11
                                      RenderText {#text} at (2,2) size 26x11
                                        text run at (2,2) width 26: "68-69"
                                  RenderTableCell {TD} at (31,150) size 70x15 [r=10 c=1 rs=1 cs=1]
                                    RenderInline {FONT} at (0,0) size 51x11
                                      RenderText {#text} at (2,2) size 51x11
                                        text run at (2,2) width 51: "L.A. Lakers"
                                  RenderTableCell {TD} at (101,150) size 28x15 [r=10 c=2 rs=1 cs=1]
                                    RenderInline {FONT} at (0,0) size 12x11
                                      RenderText {#text} at (14,2) size 12x11
                                        text run at (14,2) width 12: "81"
                                  RenderTableCell {TD} at (129,150) size 33x15 [r=10 c=3 rs=1 cs=1]
                                    RenderInline {FONT} at (0,0) size 23x11
                                      RenderText {#text} at (8,2) size 23x11
                                        text run at (8,2) width 23: "1712"
                                  RenderTableCell {TD} at (162,150) size 27x15 [r=10 c=4 rs=1 cs=1]
                                    RenderInline {FONT} at (0,0) size 20x11
                                      RenderText {#text} at (5,2) size 20x11
                                        text run at (5,2) width 20: "21.1"
                                  RenderTableCell {TD} at (189,150) size 33x15 [r=10 c=5 rs=1 cs=1]
                                    RenderInline {FONT} at (0,0) size 23x11
                                      RenderText {#text} at (8,2) size 23x11
                                        text run at (8,2) width 23: "1664"
                                  RenderTableCell {TD} at (222,150) size 28x15 [r=10 c=6 rs=1 cs=1]
                                    RenderInline {FONT} at (0,0) size 20x11
                                      RenderText {#text} at (6,2) size 20x11
                                        text run at (6,2) width 20: "20.5"
                                RenderTableRow {TR} at (0,165) size 250x15 [bgcolor=#FFFFFF]
                                  RenderTableCell {TD} at (0,165) size 31x15 [r=11 c=0 rs=1 cs=1]
                                    RenderInline {FONT} at (0,0) size 26x11
                                      RenderText {#text} at (2,2) size 26x11
                                        text run at (2,2) width 26: "69-70"
                                  RenderTableCell {TD} at (31,165) size 70x15 [r=11 c=1 rs=1 cs=1]
                                    RenderInline {FONT} at (0,0) size 51x11
                                      RenderText {#text} at (2,2) size 51x11
                                        text run at (2,2) width 51: "L.A. Lakers"
                                  RenderTableCell {TD} at (101,165) size 28x15 [r=11 c=2 rs=1 cs=1]
                                    RenderInline {FONT} at (0,0) size 12x11
                                      RenderText {#text} at (14,2) size 12x11
                                        text run at (14,2) width 12: "12"
                                  RenderTableCell {TD} at (129,165) size 33x15 [r=11 c=3 rs=1 cs=1]
                                    RenderInline {FONT} at (0,0) size 17x11
                                      RenderText {#text} at (14,2) size 17x11
                                        text run at (14,2) width 17: "221"
                                  RenderTableCell {TD} at (162,165) size 27x15 [r=11 c=4 rs=1 cs=1]
                                    RenderInline {FONT} at (0,0) size 20x11
                                      RenderText {#text} at (5,2) size 20x11
                                        text run at (5,2) width 20: "18.4"
                                  RenderTableCell {TD} at (189,165) size 33x15 [r=11 c=5 rs=1 cs=1]
                                    RenderInline {FONT} at (0,0) size 17x11
                                      RenderText {#text} at (14,2) size 17x11
                                        text run at (14,2) width 17: "328"
                                  RenderTableCell {TD} at (222,165) size 28x15 [r=11 c=6 rs=1 cs=1]
                                    RenderInline {FONT} at (0,0) size 20x11
                                      RenderText {#text} at (6,2) size 20x11
                                        text run at (6,2) width 20: "27.3"
                                RenderTableRow {TR} at (0,180) size 250x15 [bgcolor=#FFFFFF]
                                  RenderTableCell {TD} at (0,180) size 31x15 [r=12 c=0 rs=1 cs=1]
                                    RenderInline {FONT} at (0,0) size 26x11
                                      RenderText {#text} at (2,2) size 26x11
                                        text run at (2,2) width 26: "70-71"
                                  RenderTableCell {TD} at (31,180) size 70x15 [r=12 c=1 rs=1 cs=1]
                                    RenderInline {FONT} at (0,0) size 51x11
                                      RenderText {#text} at (2,2) size 51x11
                                        text run at (2,2) width 51: "L.A. Lakers"
                                  RenderTableCell {TD} at (101,180) size 28x15 [r=12 c=2 rs=1 cs=1]
                                    RenderInline {FONT} at (0,0) size 12x11
                                      RenderText {#text} at (14,2) size 12x11
                                        text run at (14,2) width 12: "82"
                                  RenderTableCell {TD} at (129,180) size 33x15 [r=12 c=3 rs=1 cs=1]
                                    RenderInline {FONT} at (0,0) size 23x11
                                      RenderText {#text} at (8,2) size 23x11
                                        text run at (8,2) width 23: "1493"
                                  RenderTableCell {TD} at (162,180) size 27x15 [r=12 c=4 rs=1 cs=1]
                                    RenderInline {FONT} at (0,0) size 20x11
                                      RenderText {#text} at (5,2) size 20x11
                                        text run at (5,2) width 20: "18.2"
                                  RenderTableCell {TD} at (189,180) size 33x15 [r=12 c=5 rs=1 cs=1]
                                    RenderInline {FONT} at (0,0) size 23x11
                                      RenderText {#text} at (8,2) size 23x11
                                        text run at (8,2) width 23: "1696"
                                  RenderTableCell {TD} at (222,180) size 28x15 [r=12 c=6 rs=1 cs=1]
                                    RenderInline {FONT} at (0,0) size 20x11
                                      RenderText {#text} at (6,2) size 20x11
                                        text run at (6,2) width 20: "20.7"
                                RenderTableRow {TR} at (0,195) size 250x15 [bgcolor=#FFFFFF]
                                  RenderTableCell {TD} at (0,195) size 31x15 [r=13 c=0 rs=1 cs=1]
                                    RenderInline {FONT} at (0,0) size 26x11
                                      RenderText {#text} at (2,2) size 26x11
                                        text run at (2,2) width 26: "71-72"
                                  RenderTableCell {TD} at (31,195) size 70x15 [r=13 c=1 rs=1 cs=1]
                                    RenderInline {FONT} at (0,0) size 51x11
                                      RenderText {#text} at (2,2) size 51x11
                                        text run at (2,2) width 51: "L.A. Lakers"
                                  RenderTableCell {TD} at (101,195) size 28x15 [r=13 c=2 rs=1 cs=1]
                                    RenderInline {FONT} at (0,0) size 12x11
                                      RenderText {#text} at (14,2) size 12x11
                                        text run at (14,2) width 12: "82"
                                  RenderTableCell {TD} at (129,195) size 33x15 [r=13 c=3 rs=1 cs=1]
                                    RenderInline {FONT} at (0,0) size 23x11
                                      RenderText {#text} at (8,2) size 23x11
                                        text run at (8,2) width 23: "1572"
                                  RenderTableCell {TD} at (162,195) size 27x15 [r=13 c=4 rs=1 cs=1]
                                    RenderInline {FONT} at (0,0) size 20x11
                                      RenderText {#text} at (5,2) size 20x11
                                        text run at (5,2) width 20: "19.2"
                                  RenderTableCell {TD} at (189,195) size 33x15 [r=13 c=5 rs=1 cs=1]
                                    RenderInline {FONT} at (0,0) size 23x11
                                      RenderText {#text} at (8,2) size 23x11
                                        text run at (8,2) width 23: "1213"
                                  RenderTableCell {TD} at (222,195) size 28x15 [r=13 c=6 rs=1 cs=1]
                                    RenderInline {FONT} at (0,0) size 20x11
                                      RenderText {#text} at (6,2) size 20x11
                                        text run at (6,2) width 20: "14.8"
                                RenderTableRow {TR} at (0,210) size 250x15 [bgcolor=#FFFFFF]
                                  RenderTableCell {TD} at (0,210) size 31x15 [r=14 c=0 rs=1 cs=1]
                                    RenderInline {FONT} at (0,0) size 26x11
                                      RenderText {#text} at (2,2) size 26x11
                                        text run at (2,2) width 26: "72-73"
                                  RenderTableCell {TD} at (31,210) size 70x15 [r=14 c=1 rs=1 cs=1]
                                    RenderInline {FONT} at (0,0) size 51x11
                                      RenderText {#text} at (2,2) size 51x11
                                        text run at (2,2) width 51: "L.A. Lakers"
                                  RenderTableCell {TD} at (101,210) size 28x15 [r=14 c=2 rs=1 cs=1]
                                    RenderInline {FONT} at (0,0) size 12x11
                                      RenderText {#text} at (14,2) size 12x11
                                        text run at (14,2) width 12: "82"
                                  RenderTableCell {TD} at (129,210) size 33x15 [r=14 c=3 rs=1 cs=1]
                                    RenderInline {FONT} at (0,0) size 23x11
                                      RenderText {#text} at (8,2) size 23x11
                                        text run at (8,2) width 23: "1526"
                                  RenderTableCell {TD} at (162,210) size 27x15 [r=14 c=4 rs=1 cs=1]
                                    RenderInline {FONT} at (0,0) size 20x11
                                      RenderText {#text} at (5,2) size 20x11
                                        text run at (5,2) width 20: "18.6"
                                  RenderTableCell {TD} at (189,210) size 33x15 [r=14 c=5 rs=1 cs=1]
                                    RenderInline {FONT} at (0,0) size 23x11
                                      RenderText {#text} at (8,2) size 23x11
                                        text run at (8,2) width 23: "1084"
                                  RenderTableCell {TD} at (222,210) size 28x15 [r=14 c=6 rs=1 cs=1]
                                    RenderInline {FONT} at (0,0) size 20x11
                                      RenderText {#text} at (6,2) size 20x11
                                        text run at (6,2) width 20: "13.2"
                                RenderTableRow {TR} at (0,225) size 250x15 [bgcolor=#FFFFFF]
                                  RenderTableCell {TD} at (0,225) size 101x15 [r=15 c=0 rs=1 cs=2]
                                    RenderInline {FONT} at (0,0) size 28x11
                                      RenderText {#text} at (2,2) size 28x11
                                        text run at (2,2) width 28: "Totals"
                                  RenderTableCell {TD} at (101,225) size 28x15 [r=15 c=2 rs=1 cs=1]
                                    RenderInline {FONT} at (0,0) size 23x11
                                      RenderText {#text} at (3,2) size 23x11
                                        text run at (3,2) width 23: "1045"
                                  RenderTableCell {TD} at (129,225) size 33x15 [r=15 c=3 rs=1 cs=1]
                                    RenderInline {FONT} at (0,0) size 28x11
                                      RenderText {#text} at (3,2) size 28x11
                                        text run at (3,2) width 28: "23924"
                                  RenderTableCell {TD} at (162,225) size 27x15 [r=15 c=4 rs=1 cs=1]
                                    RenderInline {FONT} at (0,0) size 20x11
                                      RenderText {#text} at (5,2) size 20x11
                                        text run at (5,2) width 20: "22.9"
                                  RenderTableCell {TD} at (189,225) size 33x15 [r=15 c=5 rs=1 cs=1]
                                    RenderInline {FONT} at (0,0) size 28x11
                                      RenderText {#text} at (3,2) size 28x11
                                        text run at (3,2) width 28: "31419"
                                  RenderTableCell {TD} at (222,225) size 28x15 [r=15 c=6 rs=1 cs=1]
                                    RenderInline {FONT} at (0,0) size 20x11
                                      RenderText {#text} at (6,2) size 20x11
                                        text run at (6,2) width 20: "30.1"
                            RenderBlock {HR} at (2,250) size 250x1 [border: (1px inset #000000) none (1px inset #000000)]
                    RenderText {#text} at (0,0) size 179x215
                      text run at (0,0) width 168: "Known as ``Wilt the Stilt''"
                      text run at (0,18) width 172: "and ``The Big Dipper,'' the"
                      text run at (0,36) width 140: "7-foot-1 Chamberlain"
                      text run at (0,54) width 164: "dominated the NBA from"
                      text run at (0,72) width 165: "1959 through 1973, when"
                      text run at (0,90) width 108: "he played for the"
                      text run at (0,108) width 170: "Philadelphia (later the San"
                      text run at (0,126) width 156: "Francisco) Warriors, the"
                      text run at (0,144) width 160: "76ers and the Lakers. He"
                      text run at (0,162) width 179: "scored 31,419 points during"
                      text run at (0,180) width 165: "his career, averaging 30.1"
                      text run at (0,198) width 132: "points for his career."
                  RenderBlock {P} at (0,232) size 440x54
                    RenderText {#text} at (0,0) size 158x53
                      text run at (0,0) width 158: "He also led the league in"
                      text run at (0,18) width 149: "career rebounding with"
                      text run at (0,36) width 48: "23,924."
                  RenderBlock {P} at (0,302) size 440x72
                    RenderText {#text} at (0,0) size 440x71
                      text run at (0,0) width 406: "One of only two men named MVP and rookie of the year in the"
                      text run at (0,18) width 440: "same season (1959), he was also MVP in 1966 through 1968. He led"
                      text run at (0,36) width 418: "the NBA in scoring seven straight seasons, 1960 to 1966, and led"
                      text run at (0,54) width 296: "the league in rebounding 11 of his 14 seasons."
                  RenderBlock {P} at (0,390) size 440x54
                    RenderText {#text} at (0,0) size 406x53
                      text run at (0,0) width 406: "One of his most famous records is the 100 points he scored in a"
                      text run at (0,18) width 406: "single game in the Philadelphia Warriors' 169-147 defeat of the"
                      text run at (0,36) width 340: "New York Knicks on March 2, 1962, in Hershey, Pa."
