layer at (0,0) size 800x600
  RenderView at (0,0) size 800x600
layer at (0,0) size 800x600
  RenderBlock {HTML} at (0,0) size 800x600
    RenderBody {BODY} at (8,8) size 784x576 [bgcolor=#FFFFFF]
      RenderBlock {H4} at (0,0) size 784x18
        RenderText {#text} at (0,0) size 542x17
          text run at (0,0) width 542: "TBODY is not correctly positioned when TFOOT is present but THEAD is not:"
      RenderTable {TABLE} at (0,39) size 66x54 [border: (1px outset #808080)]
        RenderTableSection {TFOOT} at (1,27) size 64x26
          RenderTableRow {TR} at (0,2) size 64x22
            RenderTableCell {TD} at (2,2) size 60x22 [border: (1px inset #808080)] [r=0 c=0 rs=1 cs=1]
              RenderText {#text} at (2,2) size 52x17
                text run at (2,2) width 52: "TFOOT"
        RenderTableSection {TBODY} at (1,1) size 64x26
          RenderTableRow {TR} at (0,2) size 64x22
            RenderTableCell {TD} at (2,2) size 60x22 [border: (1px inset #808080)] [r=0 c=0 rs=1 cs=1]
              RenderText {#text} at (2,2) size 56x17
                text run at (2,2) width 56: "TBODY"
      RenderBlock (anonymous) at (0,93) size 784x18
        RenderBR {BR} at (0,0) size 0x17
      RenderTable {TABLE} at (0,111) size 67x80 [border: (1px outset #808080)]
        RenderTableSection {THEAD} at (1,1) size 65x26
          RenderTableRow {TR} at (0,2) size 65x22
            RenderTableCell {TH} at (2,2) size 61x22 [border: (1px inset #808080)] [r=0 c=0 rs=1 cs=1]
              RenderText {#text} at (2,2) size 57x17
                text run at (2,2) width 57: "THEAD"
        RenderTableSection {TFOOT} at (1,53) size 65x26
          RenderTableRow {TR} at (0,2) size 65x22
            RenderTableCell {TD} at (2,2) size 61x22 [border: (1px inset #808080)] [r=0 c=0 rs=1 cs=1]
              RenderText {#text} at (2,2) size 52x17
                text run at (2,2) width 52: "TFOOT"
        RenderTableSection {TBODY} at (1,27) size 65x26
          RenderTableRow {TR} at (0,2) size 65x22
            RenderTableCell {TD} at (2,2) size 61x22 [border: (1px inset #808080)] [r=0 c=0 rs=1 cs=1]
              RenderText {#text} at (2,2) size 56x17
                text run at (2,2) width 56: "TBODY"
      RenderBlock {P} at (0,207) size 784x250
        RenderBlock (anonymous) at (0,0) size 784x18
          RenderText {#text} at (0,0) size 156x17
            text run at (0,0) width 156: "Same as above but with "
          RenderInline {CODE} at (0,0) size 126x15
            RenderText {#text} at (155,3) size 126x15
              text run at (155,3) width 126: "CELLSPACING=\"10\""
          RenderText {#text} at (280,0) size 6x17
            text run at (280,0) width 6: ":"
        RenderTable {TABLE} at (0,18) size 82x86 [border: (1px outset #808080)]
          RenderTableSection {TFOOT} at (1,43) size 80x42
            RenderTableRow {TR} at (0,10) size 80x22
              RenderTableCell {TD} at (10,10) size 60x22 [border: (1px inset #808080)] [r=0 c=0 rs=1 cs=1]
                RenderText {#text} at (2,2) size 52x17
                  text run at (2,2) width 52: "TFOOT"
          RenderTableSection {TBODY} at (1,1) size 80x42
            RenderTableRow {TR} at (0,10) size 80x22
              RenderTableCell {TD} at (10,10) size 60x22 [border: (1px inset #808080)] [r=0 c=0 rs=1 cs=1]
                RenderText {#text} at (2,2) size 56x17
                  text run at (2,2) width 56: "TBODY"
        RenderBlock (anonymous) at (0,104) size 784x18
          RenderBR {BR} at (0,0) size 0x17
        RenderTable {TABLE} at (0,122) size 83x128 [border: (1px outset #808080)]
          RenderTableSection {THEAD} at (1,1) size 81x42
            RenderTableRow {TR} at (0,10) size 81x22
              RenderTableCell {TH} at (10,10) size 61x22 [border: (1px inset #808080)] [r=0 c=0 rs=1 cs=1]
                RenderText {#text} at (2,2) size 57x17
                  text run at (2,2) width 57: "THEAD"
          RenderTableSection {TFOOT} at (1,85) size 81x42
            RenderTableRow {TR} at (0,10) size 81x22
              RenderTableCell {TD} at (10,10) size 61x22 [border: (1px inset #808080)] [r=0 c=0 rs=1 cs=1]
                RenderText {#text} at (2,2) size 52x17
                  text run at (2,2) width 52: "TFOOT"
          RenderTableSection {TBODY} at (1,43) size 81x42
            RenderTableRow {TR} at (0,10) size 81x22
              RenderTableCell {TD} at (10,10) size 61x22 [border: (1px inset #808080)] [r=0 c=0 rs=1 cs=1]
                RenderText {#text} at (2,2) size 56x17
                  text run at (2,2) width 56: "TBODY"
