layer at (0,0) size 800x600
  RenderView at (0,0) size 800x600
layer at (0,0) size 800x424
  RenderBlock {HTML} at (0,0) size 800x424
    RenderBody {BODY} at (8,8) size 784x408
      RenderBlock (anonymous) at (0,0) size 784x18
        RenderText {#text} at (0,0) size 305x17
          text run at (0,0) width 305: "Table 1: border=1 cellspacing=0 cellpadding=0"
      RenderTable {TABLE} at (0,18) size 68x22 [border: (1px outset #808080)]
        RenderTableSection {TBODY} at (1,1) size 66x20
          RenderTableRow {TR} at (0,0) size 66x0
            RenderTableCell {TD} at (0,0) size 66x20 [border: (1px inset #808080)] [r=0 c=0 rs=2 cs=1]
              RenderText {#text} at (1,1) size 64x17
                text run at (1,1) width 64: "First Row"
          RenderTableRow {TR} at (0,0) size 66x20
      RenderBlock (anonymous) at (0,40) size 784x18
        RenderText {#text} at (0,0) size 305x17
          text run at (0,0) width 305: "Table 2: border=1 cellspacing=1 cellpadding=0"
      RenderTable {TABLE} at (0,58) size 70x24 [border: (1px outset #808080)]
        RenderTableSection {TBODY} at (1,1) size 68x22
          RenderTableRow {TR} at (0,1) size 68x0
            RenderTableCell {TD} at (1,1) size 66x20 [border: (1px inset #808080)] [r=0 c=0 rs=2 cs=1]
              RenderText {#text} at (1,1) size 64x17
                text run at (1,1) width 64: "First Row"
          RenderTableRow {TR} at (0,2) size 68x19
      RenderBlock (anonymous) at (0,82) size 784x18
        RenderText {#text} at (0,0) size 305x17
          text run at (0,0) width 305: "Table 3: border=1 cellspacing=0 cellpadding=1"
      RenderTable {TABLE} at (0,100) size 70x24 [border: (1px outset #808080)]
        RenderTableSection {TBODY} at (1,1) size 68x22
          RenderTableRow {TR} at (0,0) size 68x0
            RenderTableCell {TD} at (0,0) size 68x22 [border: (1px inset #808080)] [r=0 c=0 rs=2 cs=1]
              RenderText {#text} at (2,2) size 64x17
                text run at (2,2) width 64: "First Row"
          RenderTableRow {TR} at (0,0) size 68x22
      RenderBlock (anonymous) at (0,124) size 784x18
        RenderText {#text} at (0,0) size 305x17
          text run at (0,0) width 305: "Table 4: border=1 cellspacing=1 cellpadding=1"
      RenderTable {TABLE} at (0,142) size 72x26 [border: (1px outset #808080)]
        RenderTableSection {TBODY} at (1,1) size 70x24
          RenderTableRow {TR} at (0,1) size 70x0
            RenderTableCell {TD} at (1,1) size 68x22 [border: (1px inset #808080)] [r=0 c=0 rs=2 cs=1]
              RenderText {#text} at (2,2) size 64x17
                text run at (2,2) width 64: "First Row"
          RenderTableRow {TR} at (0,2) size 70x21
      RenderBlock (anonymous) at (0,168) size 784x90
        RenderBR {BR} at (0,0) size 0x17
        RenderBR {BR} at (0,18) size 0x17
        RenderText {#text} at (0,36) size 462x17
          text run at (0,36) width 462: "Same tables as above but removing height=\"50%\" from the second row:"
        RenderBR {BR} at (461,36) size 1x17
        RenderBR {BR} at (0,54) size 0x17
        RenderText {#text} at (0,72) size 305x17
          text run at (0,72) width 305: "Table 5: border=1 cellspacing=0 cellpadding=0"
      RenderTable {TABLE} at (0,258) size 68x22 [border: (1px outset #808080)]
        RenderTableSection {TBODY} at (1,1) size 66x20
          RenderTableRow {TR} at (0,0) size 66x0
            RenderTableCell {TD} at (0,0) size 66x20 [border: (1px inset #808080)] [r=0 c=0 rs=2 cs=1]
              RenderText {#text} at (1,1) size 64x17
                text run at (1,1) width 64: "First Row"
          RenderTableRow {TR} at (0,0) size 66x20
      RenderBlock (anonymous) at (0,280) size 784x18
        RenderText {#text} at (0,0) size 305x17
          text run at (0,0) width 305: "Table 6: border=1 cellspacing=1 cellpadding=0"
      RenderTable {TABLE} at (0,298) size 70x24 [border: (1px outset #808080)]
        RenderTableSection {TBODY} at (1,1) size 68x22
          RenderTableRow {TR} at (0,1) size 68x0
            RenderTableCell {TD} at (1,1) size 66x20 [border: (1px inset #808080)] [r=0 c=0 rs=2 cs=1]
              RenderText {#text} at (1,1) size 64x17
                text run at (1,1) width 64: "First Row"
          RenderTableRow {TR} at (0,2) size 68x19
      RenderBlock (anonymous) at (0,322) size 784x18
        RenderText {#text} at (0,0) size 305x17
          text run at (0,0) width 305: "Table 7: border=1 cellspacing=0 cellpadding=1"
      RenderTable {TABLE} at (0,340) size 70x24 [border: (1px outset #808080)]
        RenderTableSection {TBODY} at (1,1) size 68x22
          RenderTableRow {TR} at (0,0) size 68x0
            RenderTableCell {TD} at (0,0) size 68x22 [border: (1px inset #808080)] [r=0 c=0 rs=2 cs=1]
              RenderText {#text} at (2,2) size 64x17
                text run at (2,2) width 64: "First Row"
          RenderTableRow {TR} at (0,0) size 68x22
      RenderBlock (anonymous) at (0,364) size 784x18
        RenderText {#text} at (0,0) size 305x17
          text run at (0,0) width 305: "Table 8: border=1 cellspacing=1 cellpadding=1"
      RenderTable {TABLE} at (0,382) size 72x26 [border: (1px outset #808080)]
        RenderTableSection {TBODY} at (1,1) size 70x24
          RenderTableRow {TR} at (0,1) size 70x0
            RenderTableCell {TD} at (1,1) size 68x22 [border: (1px inset #808080)] [r=0 c=0 rs=2 cs=1]
              RenderText {#text} at (2,2) size 64x17
                text run at (2,2) width 64: "First Row"
          RenderTableRow {TR} at (0,2) size 70x21
