layer at (0,0) size 800x600
  RenderView at (0,0) size 800x600
layer at (0,0) size 800x600
  RenderBlock {HTML} at (0,0) size 800x600
    RenderBody {BODY} at (8,8) size 784x584
      RenderBlock {CENTER} at (0,0) size 784x202
        RenderTable {TABLE} at (69,0) size 646x202 [border: (1px solid #FF0000)]
          RenderTableSection {TBODY} at (1,1) size 643x199
            RenderTableRow {TR} at (0,0) size 643x22
              RenderTableCell {TD} at (0,0) size 643x22 [border: (2px solid #FF0000)] [r=0 c=0 rs=1 cs=2]
                RenderText {#text} at (3,3) size 181x17
                  text run at (3,3) width 181: "parent table, 1st row, 1st col"
            RenderTableRow {TR} at (0,22) size 643x177
              RenderTableCell {TD} at (0,22) size 158x177 [border: (1px solid #FF0000)] [r=1 c=0 rs=1 cs=1]
                RenderBlock {FORM} at (3,2) size 154x157
                  RenderTable {TABLE} at (0,0) size 154x157 [border: (1px solid #00FF00)]
                    RenderTableSection {TBODY} at (1,1) size 151x154
                      RenderTableRow {TR} at (0,0) size 151x22
                        RenderTableCell {TD} at (0,0) size 151x22 [border: (2px solid #00FF00)] [r=0 c=0 rs=1 cs=1]
                          RenderText {#text} at (3,3) size 24x17
                            text run at (3,3) width 24: "text"
                      RenderTableRow {TR} at (0,22) size 151x39
                        RenderTableCell {TD} at (0,22) size 151x39 [border: (1px solid #00FF00)] [r=1 c=0 rs=1 cs=1]
                          RenderTable {TABLE} at (3,2) size 146x36 [border: (1px solid #FFFF00)]
                            RenderTableSection {TBODY} at (1,1) size 143x33
                              RenderTableRow {TR} at (0,0) size 143x33
                                RenderTableCell {TD} at (0,0) size 120x33 [border: (2px solid #FFFF00)] [r=0 c=0 rs=1 cs=1]
                                  RenderTextControl {INPUT} at (5,5) size 112x24 [bgcolor=#FFFFFF] [border: (2px inset #000000)]
                                  RenderText {#text} at (0,0) size 0x0
                                RenderTableCell {TD} at (120,1) size 23x31 [border: (2px solid #FFFF00)] [r=0 c=1 rs=1 cs=1]
                                  RenderImage {INPUT} at (2,7) size 19x18
                                  RenderText {#text} at (0,0) size 0x0
                      RenderTableRow {TR} at (0,61) size 151x21
                        RenderTableCell {TD} at (0,61) size 151x21 [border: (1px solid #00FF00)] [r=2 c=0 rs=1 cs=1]
                          RenderText {#text} at (3,2) size 24x17
                            text run at (3,2) width 24: "text"
                      RenderTableRow {TR} at (0,82) size 151x50
                        RenderTableCell {TD} at (0,82) size 151x50 [border: (1px solid #00FF00)] [r=3 c=0 rs=1 cs=1]
                          RenderBlock (anonymous) at (3,2) size 146x0
                            RenderInline {FONT} at (0,0) size 0x0
                          RenderTable {TABLE} at (3,2) size 131x47 [border: (1px solid #FF00FF)]
                            RenderTableSection {TBODY} at (1,1) size 128x44
                              RenderTableRow {TR} at (0,0) size 128x22
                                RenderTableCell {TD} at (0,0) size 128x22 [border: (2px solid #FF00FF)] [r=0 c=0 rs=1 cs=1]
                                  RenderText {#text} at (3,3) size 54x17
                                    text run at (3,3) width 54: "problem"
                              RenderTableRow {TR} at (0,22) size 128x22
                                RenderTableCell {TD} at (0,22) size 128x22 [border: (1px solid #FF00FF)] [r=1 c=0 rs=1 cs=1]
                                  RenderText {#text} at (3,2) size 54x17
                                    text run at (3,2) width 54: "problem"
                      RenderTableRow {TR} at (0,132) size 151x22
                        RenderTableCell {TD} at (0,132) size 151x22 [border: (1px solid #00FF00)] [r=4 c=0 rs=1 cs=1]
                          RenderText {#text} at (3,2) size 24x17
                            text run at (3,2) width 24: "text"
              RenderTableCell {TD} at (158,22) size 485x30 [border: (1px solid #FF0000)] [r=1 c=1 rs=1 cs=1]
                RenderTable {TABLE} at (2,2) size 481x26 [border: (1px solid #0000FF)]
                  RenderTableSection {TBODY} at (1,1) size 478x23
                    RenderTableRow {TR} at (0,0) size 478x23
                      RenderTableCell {TD} at (0,0) size 478x23 [border: (2px solid #0000FF)] [r=0 c=0 rs=1 cs=1]
                        RenderText {#text} at (3,3) size 48x17
                          text run at (3,3) width 48: "overlap"
layer at (94,67) size 106x18
  RenderBlock {DIV} at (3,3) size 106x18
