layer at (0,0) size 784x772
  RenderView at (0,0) size 784x600
layer at (0,0) size 784x772
  RenderBlock {HTML} at (0,0) size 784x772
    RenderBody {BODY} at (8,8) size 768x756
      RenderBlock {P} at (0,0) size 768x18
        RenderText {#text} at (0,0) size 286x17
          text run at (0,0) width 286: "TABLE 1 - without 'height' style on TABLE"
      RenderTable {TABLE} at (0,34) size 68x78 [border: (3px solid #000000)]
        RenderTableSection {THEAD} at (3,3) size 62x24
          RenderTableRow {TR} at (0,2) size 62x20
            RenderTableCell {TD} at (2,2) size 58x20 [r=0 c=0 rs=1 cs=1]
              RenderText {#text} at (1,1) size 55x17
                text run at (1,1) width 55: "THEAD"
        RenderTableSection {TFOOT} at (3,51) size 62x24
          RenderTableRow {TR} at (0,2) size 62x20
            RenderTableCell {TD} at (2,2) size 58x20 [r=0 c=0 rs=1 cs=1]
              RenderText {#text} at (1,1) size 52x17
                text run at (1,1) width 52: "TFOOT"
        RenderTableSection {TBODY} at (3,27) size 62x24
          RenderTableRow {TR} at (0,2) size 62x20
            RenderTableCell {TD} at (2,2) size 58x20 [r=0 c=0 rs=1 cs=1]
              RenderText {#text} at (1,1) size 56x17
                text run at (1,1) width 56: "TBODY"
      RenderBlock {HR} at (0,120) size 768x2 [border: (1px inset #000000)]
      RenderBlock {P} at (0,138) size 768x18
        RenderText {#text} at (0,0) size 265x17
          text run at (0,0) width 265: "TABLE 2 - with 'height' style on TABLE"
      RenderTable {TABLE} at (0,172) size 68x584 [border: (3px solid #000000)]
        RenderTableSection {THEAD} at (3,3) size 62x24
          RenderTableRow {TR} at (0,2) size 62x20
            RenderTableCell {TD} at (2,2) size 58x20 [r=0 c=0 rs=1 cs=1]
              RenderText {#text} at (1,1) size 55x17
                text run at (1,1) width 55: "THEAD"
        RenderTableSection {TFOOT} at (3,557) size 62x24
          RenderTableRow {TR} at (0,2) size 62x20
            RenderTableCell {TD} at (2,2) size 58x20 [r=0 c=0 rs=1 cs=1]
              RenderText {#text} at (1,1) size 52x17
                text run at (1,1) width 52: "TFOOT"
        RenderTableSection {TBODY} at (3,27) size 62x530
          RenderTableRow {TR} at (0,2) size 62x526
            RenderTableCell {TD} at (2,255) size 58x20 [r=0 c=0 rs=1 cs=1]
              RenderText {#text} at (1,1) size 56x17
                text run at (1,1) width 56: "TBODY"
