layer at (0,0) size 800x600
  RenderView at (0,0) size 800x600
layer at (0,0) size 800x600
  RenderBlock {HTML} at (0,0) size 800x600
    RenderBody {BODY} at (8,8) size 784x584 [bgcolor=#FFFFFF]
      RenderTable {TABLE} at (0,0) size 705x76 [border: (1px outset #808080)]
        RenderTableSection {TBODY} at (1,1) size 703x74
          RenderTableRow {TR} at (0,2) size 703x22
            RenderTableCell {TH} at (2,11) size 264x4 [border: (1px inset #808080)] [r=0 c=0 rs=1 cs=1]
            RenderTableCell {TD} at (268,2) size 151x22 [border: (1px inset #808080)] [r=0 c=1 rs=1 cs=1]
              RenderText {#text} at (2,2) size 69x17
                text run at (2,2) width 69: "Host name"
            RenderTableCell {TD} at (421,2) size 174x22 [border: (1px inset #808080)] [r=0 c=2 rs=1 cs=1]
              RenderText {#text} at (2,2) size 80x17
                text run at (2,2) width 80: "Architecture"
            RenderTableCell {TD} at (597,2) size 104x22 [border: (1px inset #808080)] [r=0 c=3 rs=1 cs=1]
              RenderText {#text} at (2,2) size 46x17
                text run at (2,2) width 46: "Access"
          RenderTableRow {TR} at (0,26) size 703x22
            RenderTableCell {TD} at (2,26) size 264x22 [border: (1px inset #808080)] [r=1 c=0 rs=1 cs=1]
              RenderText {#text} at (2,2) size 124x17
                text run at (2,2) width 124: "debussy.debian.org"
            RenderTableCell {TD} at (268,26) size 151x22 [border: (1px inset #808080)] [r=1 c=1 rs=1 cs=1]
              RenderText {#text} at (2,2) size 37x17
                text run at (2,2) width 37: "ARM"
            RenderTableCell {TD} at (421,26) size 174x22 [border: (1px inset #808080)] [r=1 c=2 rs=1 cs=1]
              RenderText {#text} at (2,2) size 16x17
                text run at (2,2) width 16: "all"
          RenderTableRow {TR} at (0,50) size 703x22
            RenderTableCell {TD} at (2,50) size 264x22 [border: (1px inset #808080)] [r=2 c=0 rs=1 cs=1]
              RenderText {#text} at (2,2) size 105x17
                text run at (2,2) width 105: "faure.debian.org"
            RenderTableCell {TD} at (268,50) size 151x22 [border: (1px inset #808080)] [r=2 c=1 rs=1 cs=1]
              RenderText {#text} at (2,2) size 35x17
                text run at (2,2) width 35: "alpha"
            RenderTableCell {TD} at (421,50) size 174x22 [border: (1px inset #808080)] [r=2 c=2 rs=1 cs=1]
              RenderText {#text} at (2,2) size 16x17
                text run at (2,2) width 16: "all"
      RenderBlock {P} at (0,92) size 784x18
        RenderText {#text} at (0,0) size 133x17
          text run at (0,0) width 133: "Table nested in table"
      RenderTable {TABLE} at (0,126) size 353x100
        RenderTableSection {TBODY} at (0,0) size 353x100
          RenderTableRow {TR} at (0,2) size 353x96
            RenderTableCell {TD} at (2,2) size 349x96 [r=0 c=0 rs=1 cs=1]
              RenderTable {TABLE} at (1,1) size 315x94 [border: (1px outset #808080)]
                RenderTableSection {TBODY} at (1,1) size 313x92
                  RenderTableRow {TR} at (0,2) size 313x40
                    RenderTableCell {TH} at (2,20) size 128x4 [border: (1px inset #808080)] [r=0 c=0 rs=1 cs=1]
                    RenderTableCell {TD} at (132,2) size 41x40 [border: (1px inset #808080)] [r=0 c=1 rs=1 cs=1]
                      RenderText {#text} at (2,2) size 35x35
                        text run at (2,2) width 31: "Host"
                        text run at (2,20) width 35: "name"
                    RenderTableCell {TD} at (175,11) size 84x22 [border: (1px inset #808080)] [r=0 c=2 rs=1 cs=1]
                      RenderText {#text} at (2,2) size 80x17
                        text run at (2,2) width 80: "Architecture"
                    RenderTableCell {TD} at (261,11) size 50x22 [border: (1px inset #808080)] [r=0 c=3 rs=1 cs=1]
                      RenderText {#text} at (2,2) size 46x17
                        text run at (2,2) width 46: "Access"
                  RenderTableRow {TR} at (0,44) size 313x22
                    RenderTableCell {TD} at (2,44) size 128x22 [border: (1px inset #808080)] [r=1 c=0 rs=1 cs=1]
                      RenderText {#text} at (2,2) size 124x17
                        text run at (2,2) width 124: "debussy.debian.org"
                    RenderTableCell {TD} at (132,44) size 41x22 [border: (1px inset #808080)] [r=1 c=1 rs=1 cs=1]
                      RenderText {#text} at (2,2) size 37x17
                        text run at (2,2) width 37: "ARM"
                    RenderTableCell {TD} at (175,44) size 84x22 [border: (1px inset #808080)] [r=1 c=2 rs=1 cs=1]
                      RenderText {#text} at (2,2) size 16x17
                        text run at (2,2) width 16: "all"
                  RenderTableRow {TR} at (0,68) size 313x22
                    RenderTableCell {TD} at (2,68) size 128x22 [border: (1px inset #808080)] [r=2 c=0 rs=1 cs=1]
                      RenderText {#text} at (2,2) size 105x17
                        text run at (2,2) width 105: "faure.debian.org"
                    RenderTableCell {TD} at (132,68) size 41x22 [border: (1px inset #808080)] [r=2 c=1 rs=1 cs=1]
                      RenderText {#text} at (2,2) size 35x17
                        text run at (2,2) width 35: "alpha"
                    RenderTableCell {TD} at (175,68) size 84x22 [border: (1px inset #808080)] [r=2 c=2 rs=1 cs=1]
                      RenderText {#text} at (2,2) size 16x17
                        text run at (2,2) width 16: "all"
      RenderBlock (anonymous) at (0,226) size 784x18
        RenderBR {BR} at (0,0) size 0x17
      RenderBlock {P} at (0,260) size 784x18
        RenderText {#text} at (0,0) size 116x17
          text run at (0,0) width 116: "Table - no nesting"
      RenderTable {TABLE} at (0,294) size 705x76 [border: (1px outset #808080)]
        RenderTableSection {TBODY} at (1,1) size 703x74
          RenderTableRow {TR} at (0,2) size 703x22
            RenderTableCell {TH} at (2,11) size 264x4 [border: (1px inset #808080)] [r=0 c=0 rs=1 cs=1]
            RenderTableCell {TD} at (268,2) size 151x22 [border: (1px inset #808080)] [r=0 c=1 rs=1 cs=1]
              RenderText {#text} at (2,2) size 69x17
                text run at (2,2) width 69: "Host name"
            RenderTableCell {TD} at (421,2) size 174x22 [border: (1px inset #808080)] [r=0 c=2 rs=1 cs=1]
              RenderText {#text} at (2,2) size 80x17
                text run at (2,2) width 80: "Architecture"
            RenderTableCell {TD} at (597,2) size 104x22 [border: (1px inset #808080)] [r=0 c=3 rs=1 cs=1]
              RenderText {#text} at (2,2) size 46x17
                text run at (2,2) width 46: "Access"
          RenderTableRow {TR} at (0,26) size 703x22
            RenderTableCell {TD} at (2,26) size 264x22 [border: (1px inset #808080)] [r=1 c=0 rs=1 cs=1]
              RenderText {#text} at (2,2) size 124x17
                text run at (2,2) width 124: "debussy.debian.org"
            RenderTableCell {TD} at (268,26) size 151x22 [border: (1px inset #808080)] [r=1 c=1 rs=1 cs=1]
              RenderText {#text} at (2,2) size 37x17
                text run at (2,2) width 37: "ARM"
            RenderTableCell {TD} at (421,26) size 174x22 [border: (1px inset #808080)] [r=1 c=2 rs=1 cs=1]
              RenderText {#text} at (2,2) size 16x17
                text run at (2,2) width 16: "all"
          RenderTableRow {TR} at (0,50) size 703x22
            RenderTableCell {TD} at (2,50) size 264x22 [border: (1px inset #808080)] [r=2 c=0 rs=1 cs=1]
              RenderText {#text} at (2,2) size 105x17
                text run at (2,2) width 105: "faure.debian.org"
            RenderTableCell {TD} at (268,50) size 151x22 [border: (1px inset #808080)] [r=2 c=1 rs=1 cs=1]
              RenderText {#text} at (2,2) size 35x17
                text run at (2,2) width 35: "alpha"
            RenderTableCell {TD} at (421,50) size 174x22 [border: (1px inset #808080)] [r=2 c=2 rs=1 cs=1]
              RenderText {#text} at (2,2) size 16x17
                text run at (2,2) width 16: "all"
