layer at (0,0) size 784x934
  RenderView at (0,0) size 784x600
layer at (0,0) size 784x934
  RenderBlock {HTML} at (0,0) size 784x934
    RenderBody {BODY} at (8,21) size 768x897
      RenderBlock {H1} at (0,0) size 768x37
        RenderText {#text} at (0,0) size 344x36
          text run at (0,0) width 344: "Anonymous table objects"
      RenderBlock {P} at (0,58) size 768x18
        RenderText {#text} at (0,0) size 51x17
          text run at (0,0) width 51: "See the "
        RenderInline {A} at (0,0) size 160x17 [color=#0000EE]
          RenderText {#text} at (50,0) size 160x17
            text run at (50,0) width 57: "relevant "
            text run at (106,0) width 104: "section of CSS2"
        RenderText {#text} at (209,0) size 129x17
          text run at (209,0) width 129: " for an explanation. "
        RenderInline {STRONG} at (0,0) size 278x17
          RenderText {#text} at (337,0) size 278x17
            text run at (337,0) width 124: "This test does not "
            text run at (460,0) width 155: "test inline-tables at all."
        RenderText {#text} at (0,0) size 0x0
      RenderBlock {H2} at (0,95) size 768x27
        RenderText {#text} at (0,0) size 66x26
          text run at (0,0) width 66: "Rule 1"
      RenderTable {DIV} at (0,141) size 146x18 [bgcolor=#00FFFF]
        RenderTableSection (anonymous) at (0,0) size 146x18
          RenderTableRow (anonymous) at (0,0) size 146x18
            RenderTableCell (anonymous) at (0,0) size 146x18 [r=0 c=0 rs=1 cs=1]
              RenderText {#text} at (0,0) size 146x17
                text run at (0,0) width 146: "Table 1, Cell 1, Row 1"
      RenderBlock {H2} at (0,178) size 768x27
        RenderText {#text} at (0,0) size 66x26
          text run at (0,0) width 66: "Rule 2"
      RenderBlock {DIV} at (0,224) size 768x18
        RenderTable at (0,0) size 584x18
          RenderTableSection (anonymous) at (0,0) size 584x18
            RenderTableRow (anonymous) at (0,0) size 584x18
              RenderTableCell {SPAN} at (0,0) size 146x18 [bgcolor=#00FFFF] [r=0 c=0 rs=1 cs=1]
                RenderText {#text} at (0,0) size 146x17
                  text run at (0,0) width 146: "Table 1, Row 1, Cell 1"
              RenderTableCell {SPAN} at (146,0) size 146x18 [bgcolor=#00FFFF] [r=0 c=1 rs=1 cs=1]
                RenderText {#text} at (0,0) size 146x17
                  text run at (0,0) width 146: "Table 1, Row 1, Cell 2"
              RenderTableCell {SPAN} at (292,0) size 146x18 [bgcolor=#00FFFF] [r=0 c=2 rs=1 cs=1]
                RenderText {#text} at (0,0) size 146x17
                  text run at (0,0) width 146: "Table 1, Row 1, Cell 3"
              RenderTableCell {SPAN} at (438,0) size 146x18 [bgcolor=#00FFFF] [r=0 c=3 rs=1 cs=1]
                RenderText {#text} at (0,0) size 146x17
                  text run at (0,0) width 146: "Table 1, Row 1, Cell 4"
      RenderBlock {DIV} at (0,258) size 768x54
        RenderTable at (0,0) size 584x54
          RenderTableSection (anonymous) at (0,0) size 584x54
            RenderTableRow (anonymous) at (0,0) size 584x18
              RenderTableCell {SPAN} at (0,0) size 146x18 [bgcolor=#00FFFF] [r=0 c=0 rs=1 cs=1]
                RenderText {#text} at (0,0) size 146x17
                  text run at (0,0) width 146: "Table 2, Row 1, Cell 1"
              RenderTableCell {SPAN} at (146,0) size 146x18 [bgcolor=#00FFFF] [r=0 c=1 rs=1 cs=1]
                RenderText {#text} at (0,0) size 146x17
                  text run at (0,0) width 146: "Table 2, Row 1, Cell 2"
              RenderTableCell {SPAN} at (292,0) size 146x18 [bgcolor=#00FFFF] [r=0 c=2 rs=1 cs=1]
                RenderText {#text} at (0,0) size 146x17
                  text run at (0,0) width 146: "Table 2, Row 1, Cell 3"
              RenderTableCell {SPAN} at (438,0) size 146x18 [bgcolor=#00FFFF] [r=0 c=3 rs=1 cs=1]
                RenderText {#text} at (0,0) size 146x17
                  text run at (0,0) width 146: "Table 2, Row 1, Cell 4"
            RenderTableRow {SPAN} at (0,18) size 584x18 [bgcolor=#00FFFF]
              RenderTableCell {SPAN} at (0,18) size 146x18 [r=1 c=0 rs=1 cs=1]
                RenderText {#text} at (0,0) size 146x17
                  text run at (0,0) width 146: "Table 2, Row 2, Cell 1"
              RenderTableCell {SPAN} at (146,18) size 146x18 [r=1 c=1 rs=1 cs=1]
                RenderText {#text} at (0,0) size 146x17
                  text run at (0,0) width 146: "Table 2, Row 2, Cell 2"
              RenderTableCell {SPAN} at (292,18) size 146x18 [r=1 c=2 rs=1 cs=1]
                RenderText {#text} at (0,0) size 146x17
                  text run at (0,0) width 146: "Table 2, Row 2, Cell 3"
              RenderTableCell {SPAN} at (438,18) size 146x18 [r=1 c=3 rs=1 cs=1]
                RenderText {#text} at (0,0) size 146x17
                  text run at (0,0) width 146: "Table 2, Row 2, Cell 4"
            RenderTableRow (anonymous) at (0,36) size 584x18
              RenderTableCell {SPAN} at (0,36) size 146x18 [bgcolor=#00FFFF] [r=2 c=0 rs=1 cs=1]
                RenderText {#text} at (0,0) size 146x17
                  text run at (0,0) width 146: "Table 2, Row 3, Cell 1"
              RenderTableCell {SPAN} at (146,36) size 146x18 [bgcolor=#00FFFF] [r=2 c=1 rs=1 cs=1]
                RenderText {#text} at (0,0) size 146x17
                  text run at (0,0) width 146: "Table 2, Row 3, Cell 2"
              RenderTableCell {SPAN} at (292,36) size 146x18 [bgcolor=#00FFFF] [r=2 c=2 rs=1 cs=1]
                RenderText {#text} at (0,0) size 146x17
                  text run at (0,0) width 146: "Table 2, Row 3, Cell 3"
              RenderTableCell {SPAN} at (438,36) size 146x18 [bgcolor=#00FFFF] [r=2 c=3 rs=1 cs=1]
                RenderText {#text} at (0,0) size 146x17
                  text run at (0,0) width 146: "Table 2, Row 3, Cell 4"
      RenderBlock {H2} at (0,331) size 768x27
        RenderText {#text} at (0,0) size 139x26
          text run at (0,0) width 139: "Rules 3 and 4"
      RenderBlock {P} at (0,377) size 768x18
        RenderText {#text} at (0,0) size 508x17
          text run at (0,0) width 433: "This section does not test the behavior of columns, column groups, "
          text run at (432,0) width 76: "or captions."
      RenderBlock {DIV} at (0,411) size 768x54
        RenderTable at (0,0) size 584x54
          RenderTableSection (anonymous) at (0,0) size 584x54
            RenderTableRow {SPAN} at (0,0) size 584x18 [bgcolor=#00FFFF]
              RenderTableCell {SPAN} at (0,0) size 146x18 [r=0 c=0 rs=1 cs=1]
                RenderText {#text} at (0,0) size 146x17
                  text run at (0,0) width 146: "Table 1, Row 1, Cell 1"
              RenderTableCell {SPAN} at (146,0) size 146x18 [r=0 c=1 rs=1 cs=1]
                RenderText {#text} at (0,0) size 146x17
                  text run at (0,0) width 146: "Table 1, Row 1, Cell 2"
              RenderTableCell {SPAN} at (292,0) size 146x18 [r=0 c=2 rs=1 cs=1]
                RenderText {#text} at (0,0) size 146x17
                  text run at (0,0) width 146: "Table 1, Row 1, Cell 3"
              RenderTableCell {SPAN} at (438,0) size 146x18 [r=0 c=3 rs=1 cs=1]
                RenderText {#text} at (0,0) size 146x17
                  text run at (0,0) width 146: "Table 1, Row 1, Cell 4"
            RenderTableRow {SPAN} at (0,18) size 584x18 [bgcolor=#00FFFF]
              RenderTableCell {SPAN} at (0,18) size 146x18 [r=1 c=0 rs=1 cs=1]
                RenderText {#text} at (0,0) size 84x17
                  text run at (0,0) width 84: "T 1, R 2, C 1"
              RenderTableCell {SPAN} at (146,18) size 146x18 [r=1 c=1 rs=1 cs=1]
                RenderText {#text} at (0,0) size 146x17
                  text run at (0,0) width 146: "Table 1, Row 2, Cell 2"
              RenderTableCell {SPAN} at (292,18) size 146x18 [r=1 c=2 rs=1 cs=1]
                RenderText {#text} at (0,0) size 146x17
                  text run at (0,0) width 146: "Table 1, Row 2, Cell 3"
              RenderTableCell {SPAN} at (438,18) size 146x18 [r=1 c=3 rs=1 cs=1]
                RenderText {#text} at (0,0) size 146x17
                  text run at (0,0) width 146: "Table 1, Row 2, Cell 4"
            RenderTableRow {SPAN} at (0,36) size 584x18 [bgcolor=#00FFFF]
              RenderTableCell {SPAN} at (0,36) size 146x18 [r=2 c=0 rs=1 cs=1]
                RenderText {#text} at (0,0) size 146x17
                  text run at (0,0) width 146: "Table 1, Row 3, Cell 1"
              RenderTableCell {SPAN} at (146,36) size 146x18 [r=2 c=1 rs=1 cs=1]
                RenderText {#text} at (0,0) size 146x17
                  text run at (0,0) width 146: "Table 1, Row 3, Cell 2"
              RenderTableCell {SPAN} at (292,36) size 146x18 [r=2 c=2 rs=1 cs=1]
                RenderText {#text} at (0,0) size 84x17
                  text run at (0,0) width 84: "T 1, R 3, C 3"
              RenderTableCell {SPAN} at (438,36) size 146x18 [r=2 c=3 rs=1 cs=1]
                RenderText {#text} at (0,0) size 146x17
                  text run at (0,0) width 146: "Table 1, Row 3, Cell 4"
      RenderBlock {P} at (0,481) size 768x18
        RenderText {#text} at (0,0) size 724x17
          text run at (0,0) width 724: "Note: table-header-group and table-footer-group are tested only in their HTML order, and they only appear once."
      RenderBlock {DIV} at (0,515) size 768x90
        RenderTable at (0,0) size 584x90
          RenderTableSection {SPAN} at (0,0) size 584x18 [bgcolor=#00FFFF]
            RenderTableRow (anonymous) at (0,0) size 584x18
              RenderTableCell {SPAN} at (0,0) size 146x18 [bgcolor=#00FFFF] [r=0 c=0 rs=1 cs=1]
                RenderText {#text} at (0,0) size 146x17
                  text run at (0,0) width 146: "Table 2, Row 1, Cell 1"
              RenderTableCell {SPAN} at (146,0) size 146x18 [bgcolor=#00FFFF] [r=0 c=1 rs=1 cs=1]
                RenderText {#text} at (0,0) size 146x17
                  text run at (0,0) width 146: "Table 2, Row 1, Cell 2"
              RenderTableCell {SPAN} at (292,0) size 146x18 [bgcolor=#00FFFF] [r=0 c=2 rs=1 cs=1]
                RenderText {#text} at (0,0) size 146x17
                  text run at (0,0) width 146: "Table 2, Row 1, Cell 3"
              RenderTableCell {SPAN} at (438,0) size 146x18 [bgcolor=#00FFFF] [r=0 c=3 rs=1 cs=1]
                RenderText {#text} at (0,0) size 146x17
                  text run at (0,0) width 146: "Table 2, Row 1, Cell 4"
          RenderTableSection {SPAN} at (0,72) size 584x18 [bgcolor=#00FFFF]
            RenderTableRow (anonymous) at (0,0) size 584x18
              RenderTableCell {SPAN} at (0,0) size 146x18 [bgcolor=#00FFFF] [r=0 c=0 rs=1 cs=1]
                RenderText {#text} at (0,0) size 146x17
                  text run at (0,0) width 146: "Table 2, Row 5, Cell 1"
              RenderTableCell {SPAN} at (146,0) size 146x18 [bgcolor=#00FFFF] [r=0 c=1 rs=1 cs=1]
                RenderText {#text} at (0,0) size 146x17
                  text run at (0,0) width 146: "Table 2, Row 5, Cell 2"
              RenderTableCell {SPAN} at (292,0) size 146x18 [bgcolor=#00FFFF] [r=0 c=2 rs=1 cs=1]
                RenderText {#text} at (0,0) size 84x17
                  text run at (0,0) width 84: "T 2, R 5, C 5"
              RenderTableCell {SPAN} at (438,0) size 146x18 [bgcolor=#00FFFF] [r=0 c=3 rs=1 cs=1]
                RenderText {#text} at (0,0) size 146x17
                  text run at (0,0) width 146: "Table 2, Row 5, Cell 4"
          RenderTableSection (anonymous) at (0,18) size 584x18
            RenderTableRow {SPAN} at (0,0) size 584x18 [bgcolor=#00FFFF]
              RenderTableCell {SPAN} at (0,0) size 146x18 [r=0 c=0 rs=1 cs=1]
                RenderText {#text} at (0,0) size 84x17
                  text run at (0,0) width 84: "T 2, R 2, C 1"
              RenderTableCell {SPAN} at (146,0) size 146x18 [r=0 c=1 rs=1 cs=1]
                RenderText {#text} at (0,0) size 146x17
                  text run at (0,0) width 146: "Table 2, Row 2, Cell 2"
              RenderTableCell {SPAN} at (292,0) size 146x18 [r=0 c=2 rs=1 cs=1]
                RenderText {#text} at (0,0) size 146x17
                  text run at (0,0) width 146: "Table 2, Row 2, Cell 3"
              RenderTableCell {SPAN} at (438,0) size 146x18 [r=0 c=3 rs=1 cs=1]
                RenderText {#text} at (0,0) size 146x17
                  text run at (0,0) width 146: "Table 2, Row 2, Cell 4"
          RenderTableSection {SPAN} at (0,36) size 584x18 [bgcolor=#00FFFF]
            RenderTableRow (anonymous) at (0,0) size 584x18
              RenderTableCell {SPAN} at (0,0) size 146x18 [bgcolor=#00FFFF] [r=0 c=0 rs=1 cs=1]
                RenderText {#text} at (0,0) size 84x17
                  text run at (0,0) width 84: "T 2, R 3, C 1"
              RenderTableCell {SPAN} at (146,0) size 146x18 [bgcolor=#00FFFF] [r=0 c=1 rs=1 cs=1]
                RenderText {#text} at (0,0) size 146x17
                  text run at (0,0) width 146: "Table 2, Row 3, Cell x"
              RenderTableCell {SPAN} at (292,0) size 146x18 [bgcolor=#00FFFF] [r=0 c=2 rs=1 cs=1]
                RenderText {#text} at (0,0) size 146x17
                  text run at (0,0) width 146: "Table 2, Row 3, Cell 3"
              RenderTableCell {SPAN} at (438,0) size 146x18 [bgcolor=#00FFFF] [r=0 c=3 rs=1 cs=1]
                RenderText {#text} at (0,0) size 146x17
                  text run at (0,0) width 146: "Table 2, Row 3, Cell 4"
          RenderTableSection {SPAN} at (0,54) size 584x18 [bgcolor=#00FFFF]
            RenderTableRow {SPAN} at (0,0) size 584x18
              RenderTableCell {SPAN} at (0,0) size 146x18 [r=0 c=0 rs=1 cs=1]
                RenderText {#text} at (0,0) size 84x17
                  text run at (0,0) width 84: "T 2, R 4, C 1"
              RenderTableCell {SPAN} at (146,0) size 146x18 [r=0 c=1 rs=1 cs=1]
                RenderText {#text} at (0,0) size 146x17
                  text run at (0,0) width 146: "Table 2, Row 4, Cell x"
              RenderTableCell {SPAN} at (292,0) size 146x18 [r=0 c=2 rs=1 cs=1]
                RenderText {#text} at (0,0) size 146x17
                  text run at (0,0) width 146: "Table 2, Row 4, Cell 3"
              RenderTableCell {SPAN} at (438,0) size 146x18 [r=0 c=3 rs=1 cs=1]
                RenderText {#text} at (0,0) size 146x17
                  text run at (0,0) width 146: "Table 2, Row 4, Cell 4"
      RenderBlock {H2} at (0,624) size 768x27
        RenderText {#text} at (0,0) size 66x26
          text run at (0,0) width 66: "Rule 5"
      RenderTable {DIV} at (0,670) size 686x90 [bgcolor=#00FFFF]
        RenderTableSection (anonymous) at (0,0) size 686x90
          RenderTableRow {SPAN} at (0,0) size 686x18 [bgcolor=#00FFFF]
            RenderTableCell {SPAN} at (0,0) size 146x18 [r=0 c=0 rs=1 cs=1]
              RenderText {#text} at (0,0) size 146x17
                text run at (0,0) width 146: "Table 2, Row 1, Cell 1"
            RenderTableCell {SPAN} at (146,0) size 146x18 [r=0 c=1 rs=1 cs=1]
              RenderText {#text} at (0,0) size 146x17
                text run at (0,0) width 146: "Table 2, Row 1, Cell 2"
            RenderTableCell {SPAN} at (292,0) size 248x18 [r=0 c=2 rs=1 cs=1]
              RenderText {#text} at (0,0) size 146x17
                text run at (0,0) width 146: "Table 2, Row 1, Cell 3"
            RenderTableCell {SPAN} at (540,0) size 146x18 [r=0 c=3 rs=1 cs=1]
              RenderText {#text} at (0,0) size 146x17
                text run at (0,0) width 146: "Table 2, Row 1, Cell 4"
          RenderTableRow {SPAN} at (0,18) size 686x54 [bgcolor=#00FFFF]
            RenderTableCell (anonymous) at (0,18) size 146x18 [r=1 c=0 rs=1 cs=1]
              RenderBlock {SPAN} at (0,0) size 146x18
                RenderText {#text} at (0,0) size 146x17
                  text run at (0,0) width 146: "Table 2, Row 2, Cell 1"
            RenderTableCell {SPAN} at (146,18) size 146x18 [r=1 c=1 rs=1 cs=1]
              RenderText {#text} at (0,0) size 146x17
                text run at (0,0) width 146: "Table 2, Row 2, Cell 2"
            RenderTableCell (anonymous) at (292,18) size 248x54 [r=1 c=2 rs=1 cs=1]
              RenderBlock {SPAN} at (0,0) size 248x18
                RenderText {#text} at (0,0) size 146x17
                  text run at (0,0) width 146: "Table 2, Row 2, Cell 3"
              RenderBlock {SPAN} at (0,18) size 248x18
                RenderText {#text} at (0,0) size 176x17
                  text run at (0,0) width 176: "also Table 2, Row 2, Cell 3"
              RenderBlock (anonymous) at (0,36) size 248x18
                RenderText {#text} at (0,0) size 176x17
                  text run at (0,0) width 176: "also Table 2, Row 2, Cell 3"
            RenderTableCell {SPAN} at (540,18) size 146x18 [r=1 c=3 rs=1 cs=1]
              RenderText {#text} at (0,0) size 146x17
                text run at (0,0) width 146: "Table 2, Row 2, Cell 4"
          RenderTableRow {SPAN} at (0,72) size 686x18 [bgcolor=#00FFFF]
            RenderTableCell (anonymous) at (0,72) size 146x18 [r=2 c=0 rs=1 cs=1]
              RenderInline {SPAN} at (0,0) size 146x17
                RenderText {#text} at (0,0) size 146x17
                  text run at (0,0) width 146: "Table 2, Row 3, Cell 1"
            RenderTableCell {SPAN} at (146,72) size 146x18 [r=2 c=1 rs=1 cs=1]
              RenderText {#text} at (0,0) size 146x17
                text run at (0,0) width 146: "Table 2, Row 3, Cell 2"
            RenderTableCell (anonymous) at (292,72) size 248x18 [r=2 c=2 rs=1 cs=1]
              RenderTable {SPAN} at (0,0) size 248x18 [bgcolor=#00FFFF]
                RenderTableSection (anonymous) at (0,0) size 248x18
                  RenderTableRow (anonymous) at (0,0) size 248x18
                    RenderTableCell (anonymous) at (0,0) size 248x18 [r=0 c=0 rs=1 cs=1]
                      RenderText {#text} at (0,0) size 248x17
                        text run at (0,0) width 248: "Table 2, Row 3, Cell 3 (a nested table)"
            RenderTableCell {SPAN} at (540,72) size 146x18 [r=2 c=3 rs=1 cs=1]
              RenderText {#text} at (0,0) size 146x17
                text run at (0,0) width 146: "Table 2, Row 3, Cell 4"
      RenderBlock {HR} at (0,776) size 768x2 [border: (1px inset #000000)]
      RenderBlock {P} at (0,794) size 768x35
        RenderInline {A} at (0,0) size 88x17 [color=#0000EE]
          RenderImage {IMG} at (0,0) size 88x31
      RenderBlock {P} at (0,845) size 768x18
        RenderText {#text} at (0,0) size 59x17
          text run at (0,0) width 59: "(Back to "
        RenderInline {A} at (0,0) size 162x17 [color=#0000EE]
          RenderText {#text} at (58,0) size 162x17
            text run at (58,0) width 162: "CSS Testing Information"
        RenderText {#text} at (219,0) size 9x17
          text run at (219,0) width 9: ", "
        RenderInline {A} at (0,0) size 83x17 [color=#0000EE]
          RenderText {#text} at (227,0) size 83x17
            text run at (227,0) width 83: "David Baron"
        RenderText {#text} at (309,0) size 7x17
          text run at (309,0) width 7: ")"
      RenderBlock {P} at (0,879) size 768x18
        RenderInline {A} at (0,0) size 32x17 [color=#0000EE]
          RenderText {#text} at (0,0) size 32x17
            text run at (0,0) width 32: "LDB"
        RenderText {#text} at (32,0) size 8x17
          text run at (32,0) width 8: ", "
        RenderInline {A} at (0,0) size 158x17 [color=#0000EE]
          RenderText {#text} at (40,0) size 158x17
            text run at (40,0) width 158: "dbaron@fas.harvard.edu"
