layer at (0,0) size 800x600
  RenderView at (0,0) size 800x600
layer at (0,0) size 800x600
  RenderBlock {HTML} at (0,0) size 800x600
    RenderBody {BODY} at (8,8) size 784x584
      RenderTable {TABLE} at (0,0) size 439x91 [border: (1px outset #808080)]
        RenderTableSection {TBODY} at (1,1) size 437x89
          RenderTableRow {TR} at (0,2) size 437x61
            RenderTableCell {TD} at (2,21) size 126x22 [border: (1px inset #808080)] [r=0 c=0 rs=1 cs=1]
              RenderText {#text} at (2,2) size 31x17
                text run at (2,2) width 31: "Blah"
            RenderTableCell {TD} at (130,2) size 305x61 [border: (1px inset #808080)] [r=0 c=1 rs=1 cs=1]
              RenderTable {TABLE} at (112,2) size 80x57 [border: (1px outset #808080)]
                RenderTableSection {TBODY} at (1,1) size 78x55
                  RenderTableRow {TR} at (0,2) size 78x51
                    RenderTableCell {TD} at (2,2) size 74x51 [border: (1px inset #808080)] [r=0 c=0 rs=1 cs=1]
                      RenderBlock {FORM} at (2,2) size 70x31
                        RenderButton {INPUT} at (2,2) size 66x27 [bgcolor=#C0C0C0] [border: (2px outset #C0C0C0)]
                          RenderBlock (anonymous) at (8,4) size 50x18
                            RenderText at (0,0) size 50x17
                              text run at (0,0) width 50: "Submit"
                        RenderText {#text} at (0,0) size 0x0
          RenderTableRow {TR} at (0,65) size 437x22
            RenderTableCell {TD} at (2,65) size 433x22 [border: (1px inset #808080)] [r=1 c=0 rs=1 cs=2]
              RenderText {#text} at (2,2) size 429x17
                text run at (2,2) width 429: "This line is only here to separate the two columns in the row above"
