layer at (0,0) size 800x600
  RenderView at (0,0) size 800x600
layer at (0,0) size 800x600
  RenderBlock {HTML} at (0,0) size 800x600
    RenderBody {BODY} at (8,8) size 784x584
      RenderTable {TABLE} at (0,0) size 300x28 [border: (1px outset #808080)]
        RenderTableSection {TBODY} at (1,1) size 298x26
          RenderTableRow {TR} at (0,2) size 298x22
            RenderTableCell {TD} at (2,2) size 139x22 [border: (1px inset #808080)] [r=0 c=0 rs=1 cs=1]
              RenderText {#text} at (56,2) size 27x17
                text run at (56,2) width 27: "One"
            RenderTableCell {TD} at (143,2) size 153x22 [border: (1px inset #808080)] [r=0 c=1 rs=1 cs=1]
              RenderText {#text} at (61,2) size 31x17
                text run at (61,2) width 31: "Two"
      RenderTable {TABLE} at (0,28) size 300x28 [border: (1px outset #808080)]
        RenderTableSection {TBODY} at (1,1) size 298x26
          RenderTableRow {TR} at (0,2) size 298x22
            RenderTableCell {TD} at (2,2) size 139x22 [border: (1px inset #808080)] [r=0 c=0 rs=1 cs=1]
              RenderText {#text} at (110,2) size 27x17
                text run at (110,2) width 27: "One"
            RenderTableCell {TD} at (143,2) size 153x22 [border: (1px inset #808080)] [r=0 c=1 rs=1 cs=1]
              RenderText {#text} at (121,2) size 30x17
                text run at (121,2) width 30: "Two"
      RenderTable {TABLE} at (0,56) size 383x52 [border: (1px outset #808080)]
        RenderTableSection {TBODY} at (1,1) size 381x50
          RenderTableRow {TR} at (0,2) size 381x22
            RenderTableCell {TD} at (2,2) size 186x22 [border: (1px inset #808080)] [r=0 c=0 rs=1 cs=1]
              RenderText {#text} at (79,2) size 28x17
                text run at (79,2) width 28: "One"
            RenderTableCell {TD} at (190,2) size 189x22 [border: (1px inset #808080)] [r=0 c=1 rs=1 cs=1]
              RenderText {#text} at (79,2) size 31x17
                text run at (79,2) width 31: "Two"
          RenderTableRow {TR} at (0,26) size 381x22
            RenderTableCell {TD} at (2,26) size 186x22 [border: (1px inset #808080)] [r=1 c=0 rs=1 cs=1]
              RenderText {#text} at (2,2) size 182x17
                text run at (2,2) width 182: "----------Long One------------"
            RenderTableCell {TD} at (190,26) size 189x22 [border: (1px inset #808080)] [r=1 c=1 rs=1 cs=1]
              RenderText {#text} at (2,2) size 185x17
                text run at (2,2) width 185: "----------Long Two------------"
      RenderTable {TABLE} at (0,108) size 784x28 [border: (1px outset #808080)]
        RenderTableSection {TBODY} at (1,1) size 782x26
          RenderTableRow {TR} at (0,2) size 782x22
            RenderTableCell {TD} at (2,2) size 370x22 [border: (1px inset #808080)] [r=0 c=0 rs=1 cs=1]
              RenderText {#text} at (171,2) size 28x17
                text run at (171,2) width 28: "One"
            RenderTableCell {TD} at (374,2) size 406x22 [border: (1px inset #808080)] [r=0 c=1 rs=1 cs=1]
              RenderText {#text} at (188,2) size 30x17
                text run at (188,2) width 30: "Two"
