layer at (0,0) size 800x600
  RenderView at (0,0) size 800x600
layer at (0,0) size 800x600
  RenderBlock {HTML} at (0,0) size 800x600
    RenderBody {BODY} at (8,8) size 784x576
      RenderBlock (anonymous) at (0,0) size 784x19
        RenderText {#text} at (0,0) size 264x19
          text run at (0,0) width 264: "The select should not contain blank items "
        RenderBR {BR} at (264,15) size 0x0
      RenderBlock {FORM} at (0,19) size 784x33
        RenderInline {B} at (0,0) size 47x19
          RenderText {#text} at (0,7) size 47x19
            text run at (0,7) width 47: "Search"
        RenderText {#text} at (47,7) size 4x19
          text run at (47,7) width 4: " "
        RenderTextControl {INPUT} at (53,4) size 176x25 [bgcolor=#FFFFFF] [border: (2px inset #000000)]
        RenderText {#text} at (231,7) size 4x19
          text run at (231,7) width 4: " "
        RenderMenuList {SELECT} at (237,2) size 87x29 [bgcolor=#FFFFFF] [border: (1px solid #000000)]
          RenderBlock (anonymous) at (1,1) size 85x27
            RenderText at (4,4) size 44x19
              text run at (4,4) width 44: "Excite"
        RenderText {#text} at (0,0) size 0x0
      RenderBlock (anonymous) at (0,68) size 784x38
        RenderBR {BR} at (0,0) size 0x19
        RenderText {#text} at (0,19) size 264x19
          text run at (0,19) width 264: "The select should not contain blank items "
        RenderBR {BR} at (264,34) size 0x0
      RenderBlock {FORM} at (0,106) size 784x33
        RenderMenuList {SELECT} at (2,2) size 255x29 [bgcolor=#FFFFFF] [border: (1px solid #000000)]
          RenderBlock (anonymous) at (1,1) size 253x27
            RenderText at (4,4) size 75x19
              text run at (4,4) width 75: "Quick Link"
layer at (64,34) size 170x19
  RenderBlock {DIV} at (3,3) size 170x19
