layer at (0,0) size 784x628
  RenderView at (0,0) size 784x600
layer at (0,0) size 784x628
  RenderBlock {HTML} at (0,0) size 784x628
    RenderBody {BODY} at (8,8) size 768x612 [bgcolor=#FFFFFF]
      RenderTable {TABLE} at (0,0) size 308x52 [border: (1px outset #808080)]
        RenderTableCol {COLGROUP} at (0,0) size 0x0
          RenderTableCol {COL} at (0,0) size 0x0
          RenderTableCol {COL} at (0,0) size 0x0
        RenderTableSection {TBODY} at (1,1) size 306x50
          RenderTableRow {TR} at (0,2) size 306x22
          RenderTableRow {TR} at (0,26) size 306x22
      RenderTable {TABLE} at (0,52) size 308x52 [border: (1px outset #808080)]
        RenderTableCol {COLGROUP} at (0,0) size 0x0
          RenderTableCol {COL} at (0,0) size 0x0
          RenderTableCol {COL} at (0,0) size 0x0
        RenderTableSection {TBODY} at (1,1) size 306x50
          RenderTableRow {TR} at (0,2) size 306x22
          RenderTableRow {TR} at (0,26) size 306x22
      RenderTable {TABLE} at (0,104) size 300x52 [border: (1px outset #808080)]
        RenderTableSection {TBODY} at (1,1) size 298x50
          RenderTableRow {TR} at (0,2) size 298x22
          RenderTableRow {TR} at (0,26) size 298x22
      RenderTable {TABLE} at (0,156) size 300x52 [border: (1px outset #808080)]
        RenderTableSection {TBODY} at (1,1) size 298x50
          RenderTableRow {TR} at (0,2) size 298x22
          RenderTableRow {TR} at (0,26) size 298x22
      RenderTable {TABLE} at (0,208) size 300x65 [border: (1px outset #808080)]
        RenderTableSection {TBODY} at (1,1) size 298x63
          RenderTableRow {TR} at (0,2) size 298x35
          RenderTableRow {TR} at (0,39) size 298x22
      RenderTable {TABLE} at (0,273) size 300x65 [border: (1px outset #808080)]
        RenderTableSection {TBODY} at (1,1) size 298x63
          RenderTableRow {TR} at (0,2) size 298x35
          RenderTableRow {TR} at (0,39) size 298x22
      RenderTable {TABLE} at (0,338) size 300x94 [border: (1px outset #808080)]
        RenderTableSection {TBODY} at (1,1) size 298x92
          RenderTableRow {TR} at (0,2) size 298x46
          RenderTableRow {TR} at (0,50) size 298x40
      RenderTable {TABLE} at (0,522) size 300x90 [border: (1px outset #808080)]
        RenderTableSection {TBODY} at (1,1) size 298x88
          RenderTableRow {TR} at (0,2) size 298x60
          RenderTableRow {TR} at (0,64) size 298x22
layer at (11,11) size 200x22 clip at (12,12) size 198x20
  RenderTableCell {TD} at (2,2) size 200x22 [bgcolor=#0000FF] [border: (1px inset #808080)] [r=0 c=0 rs=1 cs=1]
    RenderText {#text} at (2,2) size 4x17
      text run at (2,2) width 4: " "
layer at (213,11) size 100x22 clip at (214,12) size 98x20
  RenderTableCell {TD} at (204,2) size 100x22 [bgcolor=#0000FF] [border: (1px inset #808080)] [r=0 c=1 rs=1 cs=1]
    RenderText {#text} at (2,2) size 4x17
      text run at (2,2) width 4: " "
layer at (11,35) size 200x22 clip at (12,36) size 198x20
  RenderTableCell {TD} at (2,26) size 200x22 [bgcolor=#0000FF] [border: (1px inset #808080)] [r=1 c=0 rs=1 cs=1]
    RenderText {#text} at (2,2) size 4x17
      text run at (2,2) width 4: " "
layer at (213,35) size 100x22 clip at (214,36) size 98x20
  RenderTableCell {TD} at (204,26) size 100x22 [bgcolor=#0000FF] [border: (1px inset #808080)] [r=1 c=1 rs=1 cs=1]
    RenderText {#text} at (2,2) size 4x17
      text run at (2,2) width 4: " "
layer at (11,63) size 200x22 clip at (12,64) size 198x20
  RenderTableCell {TD} at (2,2) size 200x22 [bgcolor=#0000FF] [border: (1px inset #808080)] [r=0 c=0 rs=1 cs=1]
    RenderText {#text} at (2,2) size 4x17
      text run at (2,2) width 4: " "
layer at (213,63) size 100x22 clip at (214,64) size 98x20
  RenderTableCell {TD} at (204,2) size 100x22 [bgcolor=#0000FF] [border: (1px inset #808080)] [r=0 c=1 rs=1 cs=1]
    RenderText {#text} at (2,2) size 4x17
      text run at (2,2) width 4: " "
layer at (11,87) size 200x22 clip at (12,88) size 198x20
  RenderTableCell {TD} at (2,26) size 200x22 [bgcolor=#0000FF] [border: (1px inset #808080)] [r=1 c=0 rs=1 cs=1]
    RenderText {#text} at (2,2) size 4x17
      text run at (2,2) width 4: " "
layer at (213,87) size 100x22 clip at (214,88) size 98x20
  RenderTableCell {TD} at (204,26) size 100x22 [bgcolor=#0000FF] [border: (1px inset #808080)] [r=1 c=1 rs=1 cs=1]
    RenderText {#text} at (2,2) size 4x17
      text run at (2,2) width 4: " "
layer at (11,115) size 233x22 clip at (12,116) size 231x20
  RenderTableCell {TD} at (2,2) size 233x22 [bgcolor=#0000FF] [border: (1px inset #808080)] [r=0 c=0 rs=1 cs=1]
    RenderText {#text} at (2,2) size 4x17
      text run at (2,2) width 4: " "
layer at (246,115) size 59x22 clip at (247,116) size 57x20
  RenderTableCell {TD} at (237,2) size 59x22 [bgcolor=#0000FF] [border: (1px inset #808080)] [r=0 c=1 rs=1 cs=1]
    RenderText {#text} at (2,2) size 4x17
      text run at (2,2) width 4: " "
layer at (11,139) size 233x22 clip at (12,140) size 231x20
  RenderTableCell {TD} at (2,26) size 233x22 [bgcolor=#0000FF] [border: (1px inset #808080)] [r=1 c=0 rs=1 cs=1]
    RenderText {#text} at (2,2) size 4x17
      text run at (2,2) width 4: " "
layer at (246,139) size 59x22 clip at (247,140) size 57x20
  RenderTableCell {TD} at (237,26) size 59x22 [bgcolor=#0000FF] [border: (1px inset #808080)] [r=1 c=1 rs=1 cs=1]
    RenderText {#text} at (2,2) size 4x17
      text run at (2,2) width 4: " "
layer at (11,167) size 150x22 clip at (12,168) size 148x20
  RenderTableCell {TD} at (2,2) size 150x22 [bgcolor=#0000FF] [border: (1px inset #808080)] [r=0 c=0 rs=1 cs=1]
    RenderText {#text} at (2,2) size 4x17
      text run at (2,2) width 4: " "
layer at (163,167) size 142x22 clip at (164,168) size 140x20
  RenderTableCell {TD} at (154,2) size 142x22 [bgcolor=#0000FF] [border: (1px inset #808080)] [r=0 c=1 rs=1 cs=1]
    RenderText {#text} at (2,2) size 4x17
      text run at (2,2) width 4: " "
layer at (11,191) size 150x22 clip at (12,192) size 148x20
  RenderTableCell {TD} at (2,26) size 150x22 [bgcolor=#0000FF] [border: (1px inset #808080)] [r=1 c=0 rs=1 cs=1]
    RenderText {#text} at (2,2) size 4x17
      text run at (2,2) width 4: " "
layer at (163,191) size 142x22 clip at (164,192) size 140x20
  RenderTableCell {TD} at (154,26) size 142x22 [bgcolor=#0000FF] [border: (1px inset #808080)] [r=1 c=1 rs=1 cs=1]
    RenderText {#text} at (2,2) size 4x17
      text run at (2,2) width 4: " "
layer at (11,219) size 150x35 clip at (12,220) size 148x33 scrollWidth 201
  RenderTableCell {TD} at (2,2) size 150x35 [bgcolor=#0000FF] [border: (1px inset #808080)] [r=0 c=0 rs=1 cs=1]
    RenderBlock {FORM} at (2,2) size 146x31
      RenderButton {BUTTON} at (0,2) size 200x27 [bgcolor=#C0C0C0] [border: (2px outset #C0C0C0)]
        RenderBlock (anonymous) at (8,4) size 184x18
          RenderText {#text} at (69,0) size 46x17
            text run at (69,0) width 46: "button"
layer at (163,219) size 142x35 clip at (164,220) size 140x33
  RenderTableCell {TD} at (154,8) size 142x22 [bgcolor=#0000FF] [border: (1px inset #808080)] [r=0 c=1 rs=1 cs=1]
    RenderText {#text} at (2,2) size 4x17
      text run at (2,2) width 4: " "
layer at (11,256) size 150x22 clip at (12,257) size 148x20
  RenderTableCell {TD} at (2,39) size 150x22 [bgcolor=#0000FF] [border: (1px inset #808080)] [r=1 c=0 rs=1 cs=1]
    RenderText {#text} at (2,2) size 4x17
      text run at (2,2) width 4: " "
layer at (163,256) size 142x22 clip at (164,257) size 140x20
  RenderTableCell {TD} at (154,39) size 142x22 [bgcolor=#0000FF] [border: (1px inset #808080)] [r=1 c=1 rs=1 cs=1]
    RenderText {#text} at (2,2) size 4x17
      text run at (2,2) width 4: " "
layer at (11,284) size 280x35 clip at (12,285) size 278x33
  RenderTableCell {TD} at (2,2) size 280x35 [bgcolor=#0000FF] [border: (1px inset #808080)] [r=0 c=0 rs=1 cs=1]
    RenderBlock {FORM} at (2,2) size 276x31
      RenderButton {BUTTON} at (0,2) size 200x27 [bgcolor=#C0C0C0] [border: (2px outset #C0C0C0)]
        RenderBlock (anonymous) at (8,4) size 184x18
          RenderText {#text} at (69,0) size 46x17
            text run at (69,0) width 46: "button"
layer at (293,284) size 12x35 clip at (294,285) size 10x33
  RenderTableCell {TD} at (284,8) size 12x22 [bgcolor=#0000FF] [border: (1px inset #808080)] [r=0 c=1 rs=1 cs=1]
    RenderText {#text} at (2,2) size 4x17
      text run at (2,2) width 4: " "
layer at (11,321) size 280x22 clip at (12,322) size 278x20
  RenderTableCell {TD} at (2,39) size 280x22 [bgcolor=#0000FF] [border: (1px inset #808080)] [r=1 c=0 rs=1 cs=1]
    RenderText {#text} at (2,2) size 4x17
      text run at (2,2) width 4: " "
layer at (293,321) size 12x22 clip at (294,322) size 10x20
  RenderTableCell {TD} at (284,39) size 12x22 [bgcolor=#0000FF] [border: (1px inset #808080)] [r=1 c=1 rs=1 cs=1]
    RenderText {#text} at (2,2) size 4x17
      text run at (2,2) width 4: " "
layer at (11,349) size 150x46 clip at (12,350) size 148x44 scrollWidth 216
  RenderTableCell {TD} at (2,2) size 150x46 [bgcolor=#0000FF] [border: (1px inset #808080)] [r=0 c=0 rs=1 cs=1]
    RenderBlock {DIV} at (11,11) size 206x24 [border: (3px solid #000000)]
      RenderText {#text} at (3,3) size 21x17
        text run at (3,3) width 21: "div"
layer at (163,349) size 142x46 clip at (164,350) size 140x44
  RenderTableCell {TD} at (154,5) size 142x40 [bgcolor=#0000FF] [border: (1px inset #808080)] [r=0 c=1 rs=1 cs=1]
    RenderText {#text} at (11,11) size 4x17
      text run at (11,11) width 4: " "
layer at (11,397) size 150x40 clip at (12,398) size 148x38
  RenderTableCell {TD} at (2,50) size 150x40 [bgcolor=#0000FF] [border: (1px inset #808080)] [r=1 c=0 rs=1 cs=1]
    RenderText {#text} at (11,11) size 4x17
      text run at (11,11) width 4: " "
layer at (163,397) size 142x40 clip at (164,398) size 140x38
  RenderTableCell {TD} at (154,50) size 142x40 [bgcolor=#0000FF] [border: (1px inset #808080)] [r=1 c=1 rs=1 cs=1]
    RenderText {#text} at (11,11) size 4x17
      text run at (11,11) width 4: " "
layer at (8,440) size 300x90 clip at (9,441) size 298x88
  RenderTable {TABLE} at (0,432) size 300x90 [border: (1px outset #808080)]
    RenderTableSection {TBODY} at (1,1) size 298x88
      RenderTableRow {TR} at (0,2) size 298x60
      RenderTableRow {TR} at (0,64) size 298x22
layer at (11,443) size 150x60 clip at (12,444) size 148x58 scrollWidth 207
  RenderTableCell {TD} at (2,2) size 150x60 [bgcolor=#0000FF] [border: (1px inset #808080)] [r=0 c=0 rs=1 cs=1]
    RenderBlock {P} at (2,18) size 206x24 [border: (3px solid #000000)]
      RenderText {#text} at (3,3) size 28x17
        text run at (3,3) width 28: "para"
layer at (163,443) size 142x60 clip at (164,444) size 140x58
  RenderTableCell {TD} at (154,21) size 142x22 [bgcolor=#0000FF] [border: (1px inset #808080)] [r=0 c=1 rs=1 cs=1]
    RenderText {#text} at (2,2) size 4x17
      text run at (2,2) width 4: " "
layer at (11,505) size 150x22 clip at (12,506) size 148x20
  RenderTableCell {TD} at (2,64) size 150x22 [bgcolor=#0000FF] [border: (1px inset #808080)] [r=1 c=0 rs=1 cs=1]
    RenderText {#text} at (2,2) size 4x17
      text run at (2,2) width 4: " "
layer at (163,505) size 142x22 clip at (164,506) size 140x20
  RenderTableCell {TD} at (154,64) size 142x22 [bgcolor=#0000FF] [border: (1px inset #808080)] [r=1 c=1 rs=1 cs=1]
    RenderText {#text} at (2,2) size 4x17
      text run at (2,2) width 4: " "
layer at (11,533) size 254x60 clip at (12,534) size 252x58
  RenderTableCell {TD} at (2,2) size 254x60 [bgcolor=#0000FF] [border: (1px inset #808080)] [r=0 c=0 rs=1 cs=1]
    RenderBlock {P} at (2,18) size 206x24 [border: (3px solid #000000)]
      RenderText {#text} at (3,3) size 28x17
        text run at (3,3) width 28: "para"
layer at (267,533) size 38x60 clip at (268,534) size 36x58
  RenderTableCell {TD} at (258,21) size 38x22 [bgcolor=#0000FF] [border: (1px inset #808080)] [r=0 c=1 rs=1 cs=1]
    RenderText {#text} at (2,2) size 4x17
      text run at (2,2) width 4: " "
layer at (11,595) size 254x22 clip at (12,596) size 252x20
  RenderTableCell {TD} at (2,64) size 254x22 [bgcolor=#0000FF] [border: (1px inset #808080)] [r=1 c=0 rs=1 cs=1]
    RenderText {#text} at (2,2) size 4x17
      text run at (2,2) width 4: " "
layer at (267,595) size 38x22 clip at (268,596) size 36x20
  RenderTableCell {TD} at (258,64) size 38x22 [bgcolor=#0000FF] [border: (1px inset #808080)] [r=1 c=1 rs=1 cs=1]
    RenderText {#text} at (2,2) size 4x17
      text run at (2,2) width 4: " "
