layer at (0,0) size 784x642
  RenderView at (0,0) size 784x600
layer at (0,0) size 784x642
  RenderBlock {HTML} at (0,0) size 784x642
    RenderBody {BODY} at (8,8) size 768x626 [bgcolor=#FFFFFF]
      RenderBlock {H2} at (0,0) size 768x27
        RenderText {#text} at (0,0) size 68x26
          text run at (0,0) width 68: "Test A"
      RenderBlock {DIV} at (0,46) size 768x64 [color=#008000]
        RenderTable {TABLE} at (0,0) size 284x64 [color=#000000] [border: (10px solid #000000)]
          RenderTableSection {TBODY} at (10,10) size 264x44
            RenderTableRow {TR} at (0,2) size 264x40 [color=#0000FF]
              RenderTableCell {TD} at (2,2) size 55x40 [border: (10px solid #0000FF)] [r=0 c=0 rs=1 cs=1]
                RenderText {#text} at (11,11) size 33x17
                  text run at (11,11) width 33: "Field"
              RenderTableCell {TD} at (59,2) size 203x40 [border: (10px solid #0000FF)] [r=0 c=1 rs=1 cs=1]
                RenderText {#text} at (11,11) size 181x17
                  text run at (11,11) width 181: "Records for Cropping Years"
      RenderBlock {H2} at (0,129) size 768x27
        RenderText {#text} at (0,0) size 66x26
          text run at (0,0) width 66: "Test B"
      RenderTable {TABLE} at (0,175) size 284x64 [border: (10px solid #000000)]
        RenderTableSection {TBODY} at (10,10) size 264x44
          RenderTableRow {TR} at (0,2) size 264x40 [color=#0000FF]
            RenderTableCell {TD} at (2,2) size 55x40 [border: (10px solid #0000FF)] [r=0 c=0 rs=1 cs=1]
              RenderText {#text} at (11,11) size 33x17
                text run at (11,11) width 33: "Field"
            RenderTableCell {TD} at (59,2) size 203x40 [border: (10px solid #0000FF)] [r=0 c=1 rs=1 cs=1]
              RenderText {#text} at (11,11) size 181x17
                text run at (11,11) width 181: "Records for Cropping Years"
      RenderBlock {H2} at (0,258) size 768x27
        RenderText {#text} at (0,0) size 68x26
          text run at (0,0) width 68: "Test C"
      RenderTable {TABLE} at (0,304) size 284x64 [color=#0000FF] [border: (10px solid #0000FF)]
        RenderTableSection {TBODY} at (10,10) size 264x44
          RenderTableRow {TR} at (0,2) size 264x40
            RenderTableCell {TD} at (2,2) size 55x40 [border: (10px solid #0000FF)] [r=0 c=0 rs=1 cs=1]
              RenderText {#text} at (11,11) size 33x17
                text run at (11,11) width 33: "Field"
            RenderTableCell {TD} at (59,2) size 203x40 [border: (10px solid #0000FF)] [r=0 c=1 rs=1 cs=1]
              RenderText {#text} at (11,11) size 181x17
                text run at (11,11) width 181: "Records for Cropping Years"
      RenderBlock {H2} at (0,387) size 768x27
        RenderText {#text} at (0,0) size 68x26
          text run at (0,0) width 68: "Test D"
      RenderTable {TABLE} at (0,433) size 284x64 [color=#0000FF] [border: (10px solid #0000FF)]
        RenderTableSection {TBODY} at (10,10) size 264x44
          RenderTableRow {TR} at (0,2) size 264x40
            RenderTableCell {TD} at (2,2) size 55x40 [border: (10px solid #0000FF)] [r=0 c=0 rs=1 cs=1]
              RenderText {#text} at (11,11) size 33x17
                text run at (11,11) width 33: "Field"
            RenderTableCell {TD} at (59,2) size 203x40 [border: (10px solid #0000FF)] [r=0 c=1 rs=1 cs=1]
              RenderText {#text} at (11,11) size 181x17
                text run at (11,11) width 181: "Records for Cropping Years"
      RenderBlock {H2} at (0,516) size 768x27
        RenderText {#text} at (0,0) size 66x26
          text run at (0,0) width 66: "Test E"
      RenderTable {TABLE} at (0,562) size 284x64 [color=#0000FF] [border: (10px solid #0000FF)]
        RenderTableSection {TBODY} at (10,10) size 264x44
          RenderTableRow {TR} at (0,2) size 264x40
            RenderTableCell {TD} at (2,2) size 55x40 [border: (10px solid #0000FF)] [r=0 c=0 rs=1 cs=1]
              RenderText {#text} at (11,11) size 33x17
                text run at (11,11) width 33: "Field"
            RenderTableCell {TD} at (59,2) size 203x40 [border: (10px solid #0000FF)] [r=0 c=1 rs=1 cs=1]
              RenderText {#text} at (11,11) size 181x17
                text run at (11,11) width 181: "Records for Cropping Years"
