layer at (0,0) size 800x600
  RenderView at (0,0) size 800x600
layer at (0,0) size 800x600
  RenderBlock {HTML} at (0,0) size 800x600
    RenderBody {BODY} at (8,8) size 784x584
      RenderTable {TABLE} at (0,0) size 336x36 [border: (5px outset #808080)]
        RenderTableSection {TBODY} at (5,5) size 326x26
          RenderTableRow {TR} at (0,2) size 326x22
            RenderTableCell {TD} at (2,2) size 160x22 [border: (1px inset #808080)] [r=0 c=0 rs=1 cs=1]
              RenderText {#text} at (2,2) size 156x17
                text run at (2,2) width 156: "almaalmaalmaalmaalma"
            RenderTableCell {TD} at (164,2) size 160x22 [border: (1px inset #808080)] [r=0 c=1 rs=1 cs=1]
              RenderText {#text} at (2,2) size 8x17
                text run at (2,2) width 8: "x"
      RenderBlock (anonymous) at (0,36) size 784x18
        RenderBR {BR} at (0,0) size 0x17
      RenderTable {TABLE} at (0,54) size 336x36 [border: (5px outset #808080)]
        RenderTableSection {TBODY} at (5,5) size 326x26
          RenderTableRow {TR} at (0,2) size 326x22
            RenderTableCell {TD} at (2,2) size 160x22 [border: (1px inset #808080)] [r=0 c=0 rs=1 cs=1]
              RenderText {#text} at (2,2) size 156x17
                text run at (2,2) width 156: "almaalmaalmaalmaalma"
            RenderTableCell {TD} at (164,2) size 160x22 [border: (1px inset #808080)] [r=0 c=1 rs=1 cs=1]
              RenderText {#text} at (2,2) size 8x17
                text run at (2,2) width 8: "x"
      RenderBlock (anonymous) at (0,90) size 784x18
        RenderBR {BR} at (0,0) size 0x17
      RenderBlock {P} at (0,124) size 784x36
        RenderText {#text} at (0,0) size 360x17
          text run at (0,0) width 360: "In this table, the second and the third cell are given 40%"
        RenderBR {BR} at (359,14) size 1x0
        RenderText {#text} at (0,18) size 260x17
          text run at (0,18) width 260: "The cells are competing with each other."
        RenderBR {BR} at (259,32) size 1x0
      RenderTable {TABLE} at (0,176) size 348x36 [border: (5px outset #808080)]
        RenderTableSection {TBODY} at (5,5) size 338x26
          RenderTableRow {TR} at (0,2) size 338x22
            RenderTableCell {TD} at (2,2) size 66x22 [border: (1px inset #808080)] [r=0 c=0 rs=1 cs=1]
              RenderText {#text} at (2,2) size 62x17
                text run at (2,2) width 62: "some text"
            RenderTableCell {TD} at (70,2) size 132x22 [border: (1px inset #808080)] [r=0 c=1 rs=1 cs=1]
              RenderText {#text} at (2,2) size 8x17
                text run at (2,2) width 8: "x"
            RenderTableCell {TD} at (204,2) size 132x22 [border: (1px inset #808080)] [r=0 c=2 rs=1 cs=1]
              RenderText {#text} at (2,2) size 8x17
                text run at (2,2) width 8: "x"
      RenderBlock {P} at (0,228) size 784x54
        RenderText {#text} at (0,0) size 360x17
          text run at (0,0) width 360: "In this table, the second and the third cell are given 50%"
        RenderBR {BR} at (359,14) size 1x0
        RenderText {#text} at (0,18) size 455x17
          text run at (0,18) width 455: "The cells are competing again but their percentage can not be satisfied."
        RenderBR {BR} at (454,32) size 1x0
        RenderText {#text} at (0,36) size 488x17
          text run at (0,36) width 488: "The table grows as large as it can and the first cell gets to its minimal width."
      RenderTable {TABLE} at (0,298) size 784x54 [border: (5px outset #808080)]
        RenderTableSection {TBODY} at (5,5) size 774x44
          RenderTableRow {TR} at (0,2) size 774x40
            RenderTableCell {TD} at (2,2) size 38x40 [border: (1px inset #808080)] [r=0 c=0 rs=1 cs=1]
              RenderText {#text} at (2,2) size 34x35
                text run at (2,2) width 34: "some"
                text run at (2,20) width 24: "text"
            RenderTableCell {TD} at (42,11) size 364x22 [border: (1px inset #808080)] [r=0 c=1 rs=1 cs=1]
              RenderText {#text} at (2,2) size 8x17
                text run at (2,2) width 8: "x"
            RenderTableCell {TD} at (408,11) size 364x22 [border: (1px inset #808080)] [r=0 c=2 rs=1 cs=1]
              RenderText {#text} at (2,2) size 8x17
                text run at (2,2) width 8: "x"
