layer at (0,0) size 867x1008
  RenderView at (0,0) size 784x584
layer at (0,0) size 784x1008
  RenderBlock {HTML} at (0,0) size 784x1008
    RenderBody {BODY} at (8,8) size 768x992
      RenderTable {TABLE} at (0,0) size 768x28 [border: (1px outset #808080)]
        RenderTableSection {TBODY} at (1,1) size 766x26
          RenderTableRow {TR} at (0,2) size 766x22
            RenderTableCell {TD} at (2,2) size 257x22 [border: (1px inset #808080)] [r=0 c=0 rs=1 cs=1]
              RenderText {#text} at (2,2) size 8x17
                text run at (2,2) width 8: "x"
            RenderTableCell {TD} at (261,2) size 503x22 [border: (1px inset #808080)] [r=0 c=1 rs=1 cs=1]
              RenderText {#text} at (2,2) size 8x17
                text run at (2,2) width 8: "y"
      RenderBlock (anonymous) at (0,28) size 768x18
        RenderBR {BR} at (0,0) size 0x17
      RenderTable {TABLE} at (0,46) size 768x28 [border: (1px outset #808080)]
        RenderTableSection {TBODY} at (1,1) size 766x26
          RenderTableRow {TR} at (0,2) size 766x22
            RenderTableCell {TD} at (2,2) size 380x22 [border: (1px inset #808080)] [r=0 c=0 rs=1 cs=1]
              RenderText {#text} at (2,2) size 8x17
                text run at (2,2) width 8: "x"
            RenderTableCell {TD} at (384,2) size 380x22 [border: (1px inset #808080)] [r=0 c=1 rs=1 cs=1]
              RenderText {#text} at (2,2) size 8x17
                text run at (2,2) width 8: "y"
      RenderBlock (anonymous) at (0,74) size 768x18
        RenderBR {BR} at (0,0) size 0x17
      RenderTable {TABLE} at (0,92) size 859x610 [border: (1px outset #808080)]
        RenderTableSection {TBODY} at (1,1) size 857x608
          RenderTableRow {TR} at (0,2) size 857x604
            RenderTableCell {TD} at (2,2) size 804x604 [border: (1px inset #808080)] [r=0 c=0 rs=1 cs=1]
              RenderImage {IMG} at (2,2) size 800x600
            RenderTableCell {TD} at (808,257) size 47x94 [border: (1px inset #808080)] [r=0 c=1 rs=1 cs=1]
              RenderText {#text} at (2,2) size 43x89
                text run at (2,2) width 30: "can't"
                text run at (2,20) width 39: "we all"
                text run at (2,38) width 24: "just"
                text run at (2,56) width 20: "get"
                text run at (2,74) width 43: "along?"
      RenderBlock (anonymous) at (0,702) size 768x18
        RenderBR {BR} at (0,0) size 0x17
      RenderTable {TABLE} at (0,720) size 768x46 [border: (1px outset #808080)]
        RenderTableSection {TBODY} at (1,1) size 766x44
          RenderTableRow {TR} at (0,2) size 766x40
            RenderTableCell {TD} at (2,11) size 247x22 [border: (1px inset #808080)] [r=0 c=0 rs=1 cs=1]
              RenderText {#text} at (2,2) size 119x17
                text run at (2,2) width 119: "Hello how are you"
            RenderTableCell {TD} at (251,2) size 120x40 [border: (1px inset #808080)] [r=0 c=1 rs=1 cs=1]
              RenderText {#text} at (2,2) size 88x35
                text run at (2,2) width 88: "I'am fine, and"
                text run at (2,20) width 32: "you?"
            RenderTableCell {TD} at (373,11) size 391x22 [border: (1px inset #808080)] [r=0 c=2 rs=1 cs=1]
              RenderText {#text} at (2,2) size 113x17
                text run at (2,2) width 113: "I great, thank you"
      RenderBlock (anonymous) at (0,766) size 768x18
        RenderBR {BR} at (0,0) size 0x17
      RenderTable {TABLE} at (0,784) size 768x208 [border: (1px outset #808080)]
        RenderTableSection {TBODY} at (1,1) size 766x206
          RenderTableRow {TR} at (0,2) size 766x202
            RenderTableCell {TD} at (2,92) size 321x22 [border: (1px inset #808080)] [r=0 c=0 rs=1 cs=1]
              RenderText {#text} at (2,2) size 175x17
                text run at (2,2) width 175: "<../images/pikajumpr.gif\">"
            RenderTableCell {TD} at (325,30) size 400x146 [border: (1px inset #808080)] [r=0 c=1 rs=1 cs=1]
              RenderImage {IMG} at (2,2) size 142x142
            RenderTableCell {TD} at (727,2) size 37x202 [border: (1px inset #808080)] [r=0 c=2 rs=1 cs=1]
              RenderText {#text} at (2,2) size 33x197
                text run at (2,2) width 29: "This"
                text run at (2,20) width 22: "is a"
                text run at (2,38) width 23: "test"
                text run at (2,56) width 13: "to"
                text run at (2,74) width 21: "see"
                text run at (2,92) width 10: "if"
                text run at (2,110) width 24: "this"
                text run at (2,128) width 25: "will"
                text run at (2,146) width 33: "work"
                text run at (2,164) width 16: "on"
                text run at (2,182) width 20: "5.0"
