layer at (0,0) size 800x600
  RenderView at (0,0) size 800x600
layer at (0,0) size 800x304
  RenderBlock {HTML} at (0,0) size 800x304
    RenderBody {BODY} at (8,8) size 784x288 [bgcolor=#FFFFFF]
      RenderTable {TABLE} at (0,0) size 180x288
        RenderTableSection {TBODY} at (0,0) size 180x288
          RenderTableRow {TR} at (0,0) size 180x36
            RenderTableCell {TD} at (0,0) size 45x36 [border: (1px solid #000000)] [r=0 c=0 rs=1 cs=1]
              RenderText {#text} at (9,9) size 27x19
                text run at (9,9) width 27: "blah"
            RenderTableCell {TD} at (45,0) size 45x36 [border: (1px solid #000000)] [r=0 c=1 rs=1 cs=1]
              RenderText {#text} at (9,9) size 27x19
                text run at (9,9) width 27: "blah"
            RenderTableCell {TD} at (90,0) size 45x36 [border: (1px solid #000000)] [r=0 c=2 rs=1 cs=1]
              RenderText {#text} at (9,9) size 27x19
                text run at (9,9) width 27: "blah"
            RenderTableCell {TD} at (135,0) size 45x36 [border: (1px solid #000000)] [r=0 c=3 rs=1 cs=1]
              RenderText {#text} at (9,9) size 27x19
                text run at (9,9) width 27: "blah"
          RenderTableRow {TR} at (0,36) size 180x36
            RenderTableCell {TD} at (0,36) size 45x36 [border: (1px solid #000000)] [r=1 c=0 rs=1 cs=1]
              RenderText {#text} at (9,9) size 27x19
                text run at (9,9) width 27: "blah"
            RenderTableCell {TD} at (45,36) size 45x36 [border: (1px solid #000000)] [r=1 c=1 rs=1 cs=1]
              RenderText {#text} at (9,9) size 27x19
                text run at (9,9) width 27: "blah"
            RenderTableCell {TD} at (90,36) size 45x36 [border: (1px solid #000000)] [r=1 c=2 rs=1 cs=1]
              RenderText {#text} at (9,9) size 27x19
                text run at (9,9) width 27: "blah"
            RenderTableCell {TD} at (135,36) size 45x36 [border: (1px solid #000000)] [r=1 c=3 rs=1 cs=1]
              RenderText {#text} at (9,9) size 27x19
                text run at (9,9) width 27: "blah"
          RenderTableRow {TR} at (0,72) size 180x36
            RenderTableCell {TD} at (0,72) size 45x36 [border: (1px solid #000000)] [r=2 c=0 rs=1 cs=1]
              RenderText {#text} at (9,9) size 27x19
                text run at (9,9) width 27: "blah"
            RenderTableCell {TD} at (45,72) size 45x36 [border: (1px solid #000000)] [r=2 c=1 rs=1 cs=1]
              RenderText {#text} at (9,9) size 27x19
                text run at (9,9) width 27: "blah"
            RenderTableCell {TD} at (90,72) size 45x36 [border: (1px solid #000000)] [r=2 c=2 rs=1 cs=1]
              RenderText {#text} at (9,9) size 27x19
                text run at (9,9) width 27: "blah"
            RenderTableCell {TD} at (135,72) size 45x36 [border: (1px solid #000000)] [r=2 c=3 rs=1 cs=1]
              RenderText {#text} at (9,9) size 27x19
                text run at (9,9) width 27: "blah"
          RenderTableRow {TR} at (0,108) size 180x36
            RenderTableCell {TD} at (0,108) size 45x36 [border: (1px solid #000000)] [r=3 c=0 rs=1 cs=1]
              RenderText {#text} at (9,9) size 27x19
                text run at (9,9) width 27: "blah"
            RenderTableCell {TD} at (45,108) size 45x36 [border: (1px solid #000000)] [r=3 c=1 rs=1 cs=1]
              RenderText {#text} at (9,9) size 27x19
                text run at (9,9) width 27: "blah"
            RenderTableCell {TD} at (90,108) size 45x36 [border: (1px solid #000000)] [r=3 c=2 rs=1 cs=1]
              RenderText {#text} at (9,9) size 27x19
                text run at (9,9) width 27: "blah"
            RenderTableCell {TD} at (135,108) size 45x36 [border: (1px solid #000000)] [r=3 c=3 rs=1 cs=1]
              RenderText {#text} at (9,9) size 27x19
                text run at (9,9) width 27: "blah"
          RenderTableRow {TR} at (0,144) size 180x36
            RenderTableCell {TD} at (0,144) size 45x36 [border: (1px solid #000000)] [r=4 c=0 rs=1 cs=1]
              RenderText {#text} at (9,9) size 27x19
                text run at (9,9) width 27: "blah"
            RenderTableCell {TD} at (45,144) size 45x36 [border: (1px solid #000000)] [r=4 c=1 rs=1 cs=1]
              RenderText {#text} at (9,9) size 27x19
                text run at (9,9) width 27: "blah"
            RenderTableCell {TD} at (90,144) size 45x36 [border: (1px solid #000000)] [r=4 c=2 rs=1 cs=1]
              RenderText {#text} at (9,9) size 27x19
                text run at (9,9) width 27: "blah"
            RenderTableCell {TD} at (135,144) size 45x36 [border: (1px solid #000000)] [r=4 c=3 rs=1 cs=1]
              RenderText {#text} at (9,9) size 27x19
                text run at (9,9) width 27: "blah"
          RenderTableRow {TR} at (0,180) size 180x36
            RenderTableCell {TD} at (0,180) size 45x36 [border: (1px solid #000000)] [r=5 c=0 rs=1 cs=1]
              RenderText {#text} at (9,9) size 27x19
                text run at (9,9) width 27: "blah"
            RenderTableCell {TD} at (45,180) size 45x36 [border: (1px solid #000000)] [r=5 c=1 rs=1 cs=1]
              RenderText {#text} at (9,9) size 27x19
                text run at (9,9) width 27: "blah"
            RenderTableCell {TD} at (90,180) size 45x36 [border: (1px solid #000000)] [r=5 c=2 rs=1 cs=1]
              RenderText {#text} at (9,9) size 27x19
                text run at (9,9) width 27: "blah"
            RenderTableCell {TD} at (135,180) size 45x36 [border: (1px solid #000000)] [r=5 c=3 rs=1 cs=1]
              RenderText {#text} at (9,9) size 27x19
                text run at (9,9) width 27: "blah"
          RenderTableRow {TR} at (0,216) size 180x36
            RenderTableCell {TD} at (0,216) size 45x36 [border: (1px solid #000000)] [r=6 c=0 rs=1 cs=1]
              RenderText {#text} at (9,9) size 27x19
                text run at (9,9) width 27: "blah"
            RenderTableCell {TD} at (45,216) size 45x36 [border: (1px solid #000000)] [r=6 c=1 rs=1 cs=1]
              RenderText {#text} at (9,9) size 27x19
                text run at (9,9) width 27: "blah"
            RenderTableCell {TD} at (90,216) size 45x36 [border: (1px solid #000000)] [r=6 c=2 rs=1 cs=1]
              RenderText {#text} at (9,9) size 27x19
                text run at (9,9) width 27: "blah"
            RenderTableCell {TD} at (135,216) size 45x36 [border: (1px solid #000000)] [r=6 c=3 rs=1 cs=1]
              RenderText {#text} at (9,9) size 27x19
                text run at (9,9) width 27: "blah"
          RenderTableRow {TR} at (0,252) size 180x36
            RenderTableCell {TD} at (0,252) size 45x36 [border: (1px solid #000000)] [r=7 c=0 rs=1 cs=1]
              RenderText {#text} at (9,9) size 27x19
                text run at (9,9) width 27: "blah"
            RenderTableCell {TD} at (45,252) size 45x36 [border: (1px solid #000000)] [r=7 c=1 rs=1 cs=1]
              RenderText {#text} at (9,9) size 27x19
                text run at (9,9) width 27: "blah"
            RenderTableCell {TD} at (90,252) size 45x36 [border: (1px solid #000000)] [r=7 c=2 rs=1 cs=1]
              RenderText {#text} at (9,9) size 27x19
                text run at (9,9) width 27: "blah"
            RenderTableCell {TD} at (135,252) size 45x36 [border: (1px solid #000000)] [r=7 c=3 rs=1 cs=1]
              RenderText {#text} at (9,9) size 27x19
                text run at (9,9) width 27: "blah"
