layer at (0,0) size 784x3212
  RenderView at (0,0) size 784x600
layer at (0,0) size 784x3212
  RenderBlock {HTML} at (0,0) size 784x3212
    RenderBody {BODY} at (8,8) size 768x3196
      RenderTable {TABLE} at (0,0) size 768x3196 [border: (1px outset #808080)]
        RenderTableSection {TBODY} at (1,1) size 766x3194
          RenderTableRow {TR} at (0,2) size 766x166
            RenderTableCell {TD} at (2,65) size 37x40 [border: (1px inset #808080)] [r=0 c=0 rs=1 cs=1]
              RenderText {#text} at (12,11) size 13x17
                text run at (12,11) width 13: "A"
            RenderTableCell {TD} at (41,61) size 427x47 [border: (1px inset #808080)] [r=0 c=1 rs=1 cs=1]
              RenderImage {IMG} at (176,11) size 76x25
            RenderTableCell {TD} at (470,2) size 294x166 [border: (1px inset #808080)] [r=0 c=2 rs=1 cs=1]
              RenderText {#text} at (17,11) size 260x143
                text run at (17,11) width 260: "test test test test test test test test test test"
                text run at (17,29) width 132: "test test test test test "
                text run at (149,29) width 128: "test test test test test"
                text run at (17,47) width 260: "test test test test test test test test test test"
                text run at (17,65) width 260: "test test test test test test test test test test"
                text run at (17,83) width 132: "test test test test test "
                text run at (149,83) width 128: "test test test test test"
                text run at (17,101) width 260: "test test test test test test test test test test"
                text run at (17,119) width 260: "test test test test test test test test test test"
                text run at (83,137) width 128: "test test test test test"
          RenderTableRow {TR} at (0,170) size 766x166
            RenderTableCell {TD} at (2,233) size 37x40 [border: (1px inset #808080)] [r=1 c=0 rs=1 cs=1]
              RenderText {#text} at (13,11) size 11x17
                text run at (13,11) width 11: "B"
            RenderTableCell {TD} at (41,221) size 427x64 [border: (1px inset #808080)] [r=1 c=1 rs=1 cs=1]
              RenderImage {IMG} at (199,11) size 30x42
            RenderTableCell {TD} at (470,170) size 294x166 [border: (1px inset #808080)] [r=1 c=2 rs=1 cs=1]
              RenderText {#text} at (17,11) size 260x143
                text run at (17,11) width 260: "test test test test test test test test test test"
                text run at (17,29) width 132: "test test test test test "
                text run at (149,29) width 128: "test test test test test"
                text run at (17,47) width 260: "test test test test test test test test test test"
                text run at (17,65) width 260: "test test test test test test test test test test"
                text run at (17,83) width 132: "test test test test test "
                text run at (149,83) width 128: "test test test test test"
                text run at (17,101) width 260: "test test test test test test test test test test"
                text run at (17,119) width 260: "test test test test test test test test test test"
                text run at (83,137) width 128: "test test test test test"
          RenderTableRow {TR} at (0,338) size 766x166
            RenderTableCell {TD} at (2,401) size 37x40 [border: (1px inset #808080)] [r=2 c=0 rs=1 cs=1]
              RenderText {#text} at (13,11) size 11x17
                text run at (13,11) width 11: "C"
            RenderTableCell {TD} at (41,341) size 427x160 [border: (1px inset #808080)] [r=2 c=1 rs=1 cs=1]
              RenderImage {IMG} at (104,11) size 220x138
            RenderTableCell {TD} at (470,338) size 294x166 [border: (1px inset #808080)] [r=2 c=2 rs=1 cs=1]
              RenderText {#text} at (17,11) size 260x143
                text run at (17,11) width 260: "test test test test test test test test test test"
                text run at (17,29) width 132: "test test test test test "
                text run at (149,29) width 128: "test test test test test"
                text run at (17,47) width 260: "test test test test test test test test test test"
                text run at (17,65) width 260: "test test test test test test test test test test"
                text run at (17,83) width 132: "test test test test test "
                text run at (149,83) width 128: "test test test test test"
                text run at (17,101) width 260: "test test test test test test test test test test"
                text run at (17,119) width 260: "test test test test test test test test test test"
                text run at (83,137) width 128: "test test test test test"
          RenderTableRow {TR} at (0,506) size 766x166
            RenderTableCell {TD} at (2,569) size 37x40 [border: (1px inset #808080)] [r=3 c=0 rs=1 cs=1]
              RenderText {#text} at (12,11) size 13x17
                text run at (12,11) width 13: "D"
            RenderTableCell {TD} at (41,535) size 427x107 [border: (1px inset #808080)] [r=3 c=1 rs=1 cs=1]
              RenderImage {IMG} at (114,11) size 200x85
            RenderTableCell {TD} at (470,506) size 294x166 [border: (1px inset #808080)] [r=3 c=2 rs=1 cs=1]
              RenderText {#text} at (17,11) size 260x143
                text run at (17,11) width 260: "test test test test test test test test test test"
                text run at (17,29) width 132: "test test test test test "
                text run at (149,29) width 128: "test test test test test"
                text run at (17,47) width 260: "test test test test test test test test test test"
                text run at (17,65) width 260: "test test test test test test test test test test"
                text run at (17,83) width 132: "test test test test test "
                text run at (149,83) width 128: "test test test test test"
                text run at (17,101) width 260: "test test test test test test test test test test"
                text run at (17,119) width 260: "test test test test test test test test test test"
                text run at (83,137) width 128: "test test test test test"
          RenderTableRow {TR} at (0,674) size 766x166
            RenderTableCell {TD} at (2,737) size 37x40 [border: (1px inset #808080)] [r=4 c=0 rs=1 cs=1]
              RenderText {#text} at (13,11) size 11x17
                text run at (13,11) width 11: "E"
            RenderTableCell {TD} at (41,721) size 427x72 [border: (1px inset #808080)] [r=4 c=1 rs=1 cs=1]
              RenderImage {IMG} at (187,11) size 54x50
            RenderTableCell {TD} at (470,674) size 294x166 [border: (1px inset #808080)] [r=4 c=2 rs=1 cs=1]
              RenderText {#text} at (17,11) size 260x143
                text run at (17,11) width 260: "test test test test test test test test test test"
                text run at (17,29) width 132: "test test test test test "
                text run at (149,29) width 128: "test test test test test"
                text run at (17,47) width 260: "test test test test test test test test test test"
                text run at (17,65) width 260: "test test test test test test test test test test"
                text run at (17,83) width 132: "test test test test test "
                text run at (149,83) width 128: "test test test test test"
                text run at (17,101) width 260: "test test test test test test test test test test"
                text run at (17,119) width 260: "test test test test test test test test test test"
                text run at (83,137) width 128: "test test test test test"
          RenderTableRow {TR} at (0,842) size 766x166
            RenderTableCell {TD} at (2,905) size 37x40 [border: (1px inset #808080)] [r=5 c=0 rs=1 cs=1]
              RenderText {#text} at (14,11) size 9x17
                text run at (14,11) width 9: "F"
            RenderTableCell {TD} at (41,889) size 427x72 [border: (1px inset #808080)] [r=5 c=1 rs=1 cs=1]
              RenderImage {IMG} at (95,11) size 237x50
            RenderTableCell {TD} at (470,842) size 294x166 [border: (1px inset #808080)] [r=5 c=2 rs=1 cs=1]
              RenderText {#text} at (17,11) size 260x143
                text run at (17,11) width 260: "test test test test test test test test test test"
                text run at (17,29) width 132: "test test test test test "
                text run at (149,29) width 128: "test test test test test"
                text run at (17,47) width 260: "test test test test test test test test test test"
                text run at (17,65) width 260: "test test test test test test test test test test"
                text run at (17,83) width 132: "test test test test test "
                text run at (149,83) width 128: "test test test test test"
                text run at (17,101) width 260: "test test test test test test test test test test"
                text run at (17,119) width 260: "test test test test test test test test test test"
                text run at (83,137) width 128: "test test test test test"
          RenderTableRow {TR} at (0,1010) size 766x166
            RenderTableCell {TD} at (2,1073) size 37x40 [border: (1px inset #808080)] [r=6 c=0 rs=1 cs=1]
              RenderText {#text} at (12,11) size 13x17
                text run at (12,11) width 13: "G"
            RenderTableCell {TD} at (41,1050) size 427x85 [border: (1px inset #808080)] [r=6 c=1 rs=1 cs=1]
              RenderImage {IMG} at (156,11) size 116x63
            RenderTableCell {TD} at (470,1010) size 294x166 [border: (1px inset #808080)] [r=6 c=2 rs=1 cs=1]
              RenderText {#text} at (17,11) size 260x143
                text run at (17,11) width 260: "test test test test test test test test test test"
                text run at (17,29) width 132: "test test test test test "
                text run at (149,29) width 128: "test test test test test"
                text run at (17,47) width 260: "test test test test test test test test test test"
                text run at (17,65) width 260: "test test test test test test test test test test"
                text run at (17,83) width 132: "test test test test test "
                text run at (149,83) width 128: "test test test test test"
                text run at (17,101) width 260: "test test test test test test test test test test"
                text run at (17,119) width 260: "test test test test test test test test test test"
                text run at (83,137) width 128: "test test test test test"
          RenderTableRow {TR} at (0,1178) size 766x166
            RenderTableCell {TD} at (2,1241) size 37x40 [border: (1px inset #808080)] [r=7 c=0 rs=1 cs=1]
              RenderText {#text} at (12,11) size 13x17
                text run at (12,11) width 13: "H"
            RenderTableCell {TD} at (41,1241) size 427x40 [border: (1px inset #808080)] [r=7 c=1 rs=1 cs=1]
              RenderImage {IMG} at (200,11) size 27x18
            RenderTableCell {TD} at (470,1178) size 294x166 [border: (1px inset #808080)] [r=7 c=2 rs=1 cs=1]
              RenderText {#text} at (17,11) size 260x143
                text run at (17,11) width 260: "test test test test test test test test test test"
                text run at (17,29) width 132: "test test test test test "
                text run at (149,29) width 128: "test test test test test"
                text run at (17,47) width 260: "test test test test test test test test test test"
                text run at (17,65) width 260: "test test test test test test test test test test"
                text run at (17,83) width 132: "test test test test test "
                text run at (149,83) width 128: "test test test test test"
                text run at (17,101) width 260: "test test test test test test test test test test"
                text run at (17,119) width 260: "test test test test test test test test test test"
                text run at (83,137) width 128: "test test test test test"
          RenderTableRow {TR} at (0,1346) size 766x166
            RenderTableCell {TD} at (2,1409) size 37x40 [border: (1px inset #808080)] [r=8 c=0 rs=1 cs=1]
              RenderText {#text} at (15,11) size 7x17
                text run at (15,11) width 7: "I"
            RenderTableCell {TD} at (41,1387) size 427x83 [border: (1px inset #808080)] [r=8 c=1 rs=1 cs=1]
              RenderImage {IMG} at (126,11) size 175x61
            RenderTableCell {TD} at (470,1346) size 294x166 [border: (1px inset #808080)] [r=8 c=2 rs=1 cs=1]
              RenderText {#text} at (17,11) size 260x143
                text run at (17,11) width 260: "test test test test test test test test test test"
                text run at (17,29) width 132: "test test test test test "
                text run at (149,29) width 128: "test test test test test"
                text run at (17,47) width 260: "test test test test test test test test test test"
                text run at (17,65) width 260: "test test test test test test test test test test"
                text run at (17,83) width 132: "test test test test test "
                text run at (149,83) width 128: "test test test test test"
                text run at (17,101) width 260: "test test test test test test test test test test"
                text run at (17,119) width 260: "test test test test test test test test test test"
                text run at (83,137) width 128: "test test test test test"
          RenderTableRow {TR} at (0,1514) size 766x166
            RenderTableCell {TD} at (2,1577) size 37x40 [border: (1px inset #808080)] [r=9 c=0 rs=1 cs=1]
              RenderText {#text} at (15,11) size 7x17
                text run at (15,11) width 7: "J"
            RenderTableCell {TD} at (41,1536) size 427x122 [border: (1px inset #808080)] [r=9 c=1 rs=1 cs=1]
              RenderImage {IMG} at (11,11) size 405x100
            RenderTableCell {TD} at (470,1514) size 294x166 [border: (1px inset #808080)] [r=9 c=2 rs=1 cs=1]
              RenderText {#text} at (17,11) size 260x143
                text run at (17,11) width 260: "test test test test test test test test test test"
                text run at (17,29) width 132: "test test test test test "
                text run at (149,29) width 128: "test test test test test"
                text run at (17,47) width 260: "test test test test test test test test test test"
                text run at (17,65) width 260: "test test test test test test test test test test"
                text run at (17,83) width 132: "test test test test test "
                text run at (149,83) width 128: "test test test test test"
                text run at (17,101) width 260: "test test test test test test test test test test"
                text run at (17,119) width 260: "test test test test test test test test test test"
                text run at (83,137) width 128: "test test test test test"
          RenderTableRow {TR} at (0,1682) size 766x166
            RenderTableCell {TD} at (2,1745) size 37x40 [border: (1px inset #808080)] [r=10 c=0 rs=1 cs=1]
              RenderText {#text} at (12,11) size 13x17
                text run at (12,11) width 13: "K"
            RenderTableCell {TD} at (41,1729) size 427x72 [border: (1px inset #808080)] [r=10 c=1 rs=1 cs=1]
              RenderImage {IMG} at (78,11) size 272x50
            RenderTableCell {TD} at (470,1682) size 294x166 [border: (1px inset #808080)] [r=10 c=2 rs=1 cs=1]
              RenderText {#text} at (17,11) size 260x143
                text run at (17,11) width 260: "test test test test test test test test test test"
                text run at (17,29) width 132: "test test test test test "
                text run at (149,29) width 128: "test test test test test"
                text run at (17,47) width 260: "test test test test test test test test test test"
                text run at (17,65) width 260: "test test test test test test test test test test"
                text run at (17,83) width 132: "test test test test test "
                text run at (149,83) width 128: "test test test test test"
                text run at (17,101) width 260: "test test test test test test test test test test"
                text run at (17,119) width 260: "test test test test test test test test test test"
                text run at (83,137) width 128: "test test test test test"
          RenderTableRow {TR} at (0,1850) size 766x166
            RenderTableCell {TD} at (2,1913) size 37x40 [border: (1px inset #808080)] [r=11 c=0 rs=1 cs=1]
              RenderText {#text} at (12,11) size 13x17
                text run at (12,11) width 13: "K"
            RenderTableCell {TD} at (41,1898) size 427x69 [border: (1px inset #808080)] [r=11 c=1 rs=1 cs=1]
              RenderImage {IMG} at (168,11) size 91x47
            RenderTableCell {TD} at (470,1850) size 294x166 [border: (1px inset #808080)] [r=11 c=2 rs=1 cs=1]
              RenderText {#text} at (17,11) size 260x143
                text run at (17,11) width 260: "test test test test test test test test test test"
                text run at (17,29) width 132: "test test test test test "
                text run at (149,29) width 128: "test test test test test"
                text run at (17,47) width 260: "test test test test test test test test test test"
                text run at (17,65) width 260: "test test test test test test test test test test"
                text run at (17,83) width 132: "test test test test test "
                text run at (149,83) width 128: "test test test test test"
                text run at (17,101) width 260: "test test test test test test test test test test"
                text run at (17,119) width 260: "test test test test test test test test test test"
                text run at (83,137) width 128: "test test test test test"
          RenderTableRow {TR} at (0,2018) size 766x166
            RenderTableCell {TD} at (2,2081) size 37x40 [border: (1px inset #808080)] [r=12 c=0 rs=1 cs=1]
              RenderText {#text} at (13,11) size 11x17
                text run at (13,11) width 11: "L"
            RenderTableCell {TD} at (41,2057) size 427x88 [border: (1px inset #808080)] [r=12 c=1 rs=1 cs=1]
              RenderImage {IMG} at (89,11) size 250x66
            RenderTableCell {TD} at (470,2018) size 294x166 [border: (1px inset #808080)] [r=12 c=2 rs=1 cs=1]
              RenderText {#text} at (17,11) size 260x143
                text run at (17,11) width 260: "test test test test test test test test test test"
                text run at (17,29) width 132: "test test test test test "
                text run at (149,29) width 128: "test test test test test"
                text run at (17,47) width 260: "test test test test test test test test test test"
                text run at (17,65) width 260: "test test test test test test test test test test"
                text run at (17,83) width 132: "test test test test test "
                text run at (149,83) width 128: "test test test test test"
                text run at (17,101) width 260: "test test test test test test test test test test"
                text run at (17,119) width 260: "test test test test test test test test test test"
                text run at (83,137) width 128: "test test test test test"
          RenderTableRow {TR} at (0,2186) size 766x166
            RenderTableCell {TD} at (2,2249) size 37x40 [border: (1px inset #808080)] [r=13 c=0 rs=1 cs=1]
              RenderText {#text} at (11,11) size 15x17
                text run at (11,11) width 15: "M"
            RenderTableCell {TD} at (41,2236) size 427x66 [border: (1px inset #808080)] [r=13 c=1 rs=1 cs=1]
              RenderImage {IMG} at (163,11) size 101x44
            RenderTableCell {TD} at (470,2186) size 294x166 [border: (1px inset #808080)] [r=13 c=2 rs=1 cs=1]
              RenderText {#text} at (17,11) size 260x143
                text run at (17,11) width 260: "test test test test test test test test test test"
                text run at (17,29) width 132: "test test test test test "
                text run at (149,29) width 128: "test test test test test"
                text run at (17,47) width 260: "test test test test test test test test test test"
                text run at (17,65) width 260: "test test test test test test test test test test"
                text run at (17,83) width 132: "test test test test test "
                text run at (149,83) width 128: "test test test test test"
                text run at (17,101) width 260: "test test test test test test test test test test"
                text run at (17,119) width 260: "test test test test test test test test test test"
                text run at (83,137) width 128: "test test test test test"
          RenderTableRow {TR} at (0,2354) size 766x166
            RenderTableCell {TD} at (2,2417) size 37x40 [border: (1px inset #808080)] [r=14 c=0 rs=1 cs=1]
              RenderText {#text} at (12,11) size 13x17
                text run at (12,11) width 13: "N"
            RenderTableCell {TD} at (41,2419) size 427x35 [border: (1px inset #808080)] [r=14 c=1 rs=1 cs=1]
              RenderImage {IMG} at (201,11) size 25x13
            RenderTableCell {TD} at (470,2354) size 294x166 [border: (1px inset #808080)] [r=14 c=2 rs=1 cs=1]
              RenderText {#text} at (17,11) size 260x143
                text run at (17,11) width 260: "test test test test test test test test test test"
                text run at (17,29) width 132: "test test test test test "
                text run at (149,29) width 128: "test test test test test"
                text run at (17,47) width 260: "test test test test test test test test test test"
                text run at (17,65) width 260: "test test test test test test test test test test"
                text run at (17,83) width 132: "test test test test test "
                text run at (149,83) width 128: "test test test test test"
                text run at (17,101) width 260: "test test test test test test test test test test"
                text run at (17,119) width 260: "test test test test test test test test test test"
                text run at (83,137) width 128: "test test test test test"
          RenderTableRow {TR} at (0,2522) size 766x166
            RenderTableCell {TD} at (2,2585) size 37x40 [border: (1px inset #808080)] [r=15 c=0 rs=1 cs=1]
              RenderText {#text} at (12,11) size 13x17
                text run at (12,11) width 13: "O"
            RenderTableCell {TD} at (41,2566) size 427x78 [border: (1px inset #808080)] [r=15 c=1 rs=1 cs=1]
              RenderImage {IMG} at (87,11) size 253x56
            RenderTableCell {TD} at (470,2522) size 294x166 [border: (1px inset #808080)] [r=15 c=2 rs=1 cs=1]
              RenderText {#text} at (17,11) size 260x143
                text run at (17,11) width 260: "test test test test test test test test test test"
                text run at (17,29) width 132: "test test test test test "
                text run at (149,29) width 128: "test test test test test"
                text run at (17,47) width 260: "test test test test test test test test test test"
                text run at (17,65) width 260: "test test test test test test test test test test"
                text run at (17,83) width 132: "test test test test test "
                text run at (149,83) width 128: "test test test test test"
                text run at (17,101) width 260: "test test test test test test test test test test"
                text run at (17,119) width 260: "test test test test test test test test test test"
                text run at (83,137) width 128: "test test test test test"
          RenderTableRow {TR} at (0,2690) size 766x166
            RenderTableCell {TD} at (2,2753) size 37x40 [border: (1px inset #808080)] [r=16 c=0 rs=1 cs=1]
              RenderText {#text} at (14,11) size 9x17
                text run at (14,11) width 9: "P"
            RenderTableCell {TD} at (41,2721) size 427x103 [border: (1px inset #808080)] [r=16 c=1 rs=1 cs=1]
              RenderImage {IMG} at (134,11) size 159x81
            RenderTableCell {TD} at (470,2690) size 294x166 [border: (1px inset #808080)] [r=16 c=2 rs=1 cs=1]
              RenderText {#text} at (17,11) size 260x143
                text run at (17,11) width 260: "test test test test test test test test test test"
                text run at (17,29) width 132: "test test test test test "
                text run at (149,29) width 128: "test test test test test"
                text run at (17,47) width 260: "test test test test test test test test test test"
                text run at (17,65) width 260: "test test test test test test test test test test"
                text run at (17,83) width 132: "test test test test test "
                text run at (149,83) width 128: "test test test test test"
                text run at (17,101) width 260: "test test test test test test test test test test"
                text run at (17,119) width 260: "test test test test test test test test test test"
                text run at (83,137) width 128: "test test test test test"
          RenderTableRow {TR} at (0,2858) size 766x166
            RenderTableCell {TD} at (2,2921) size 37x40 [border: (1px inset #808080)] [r=17 c=0 rs=1 cs=1]
              RenderText {#text} at (12,11) size 13x17
                text run at (12,11) width 13: "Q"
            RenderTableCell {TD} at (41,2876) size 427x130 [border: (1px inset #808080)] [r=17 c=1 rs=1 cs=1]
              RenderImage {IMG} at (107,11) size 213x108
            RenderTableCell {TD} at (470,2858) size 294x166 [border: (1px inset #808080)] [r=17 c=2 rs=1 cs=1]
              RenderText {#text} at (17,11) size 260x143
                text run at (17,11) width 260: "test test test test test test test test test test"
                text run at (17,29) width 132: "test test test test test "
                text run at (149,29) width 128: "test test test test test"
                text run at (17,47) width 260: "test test test test test test test test test test"
                text run at (17,65) width 260: "test test test test test test test test test test"
                text run at (17,83) width 132: "test test test test test "
                text run at (149,83) width 128: "test test test test test"
                text run at (17,101) width 260: "test test test test test test test test test test"
                text run at (17,119) width 260: "test test test test test test test test test test"
                text run at (83,137) width 128: "test test test test test"
          RenderTableRow {TR} at (0,3026) size 766x166
            RenderTableCell {TD} at (2,3089) size 37x40 [border: (1px inset #808080)] [r=18 c=0 rs=1 cs=1]
              RenderText {#text} at (13,11) size 11x17
                text run at (13,11) width 11: "R"
            RenderTableCell {TD} at (41,3033) size 427x152 [border: (1px inset #808080)] [r=18 c=1 rs=1 cs=1]
              RenderImage {IMG} at (42,11) size 344x130
            RenderTableCell {TD} at (470,3026) size 294x166 [border: (1px inset #808080)] [r=18 c=2 rs=1 cs=1]
              RenderText {#text} at (17,11) size 260x143
                text run at (17,11) width 260: "test test test test test test test test test test"
                text run at (17,29) width 132: "test test test test test "
                text run at (149,29) width 128: "test test test test test"
                text run at (17,47) width 260: "test test test test test test test test test test"
                text run at (17,65) width 260: "test test test test test test test test test test"
                text run at (17,83) width 132: "test test test test test "
                text run at (149,83) width 128: "test test test test test"
                text run at (17,101) width 260: "test test test test test test test test test test"
                text run at (17,119) width 260: "test test test test test test test test test test"
                text run at (83,137) width 128: "test test test test test"
