layer at (0,0) size 800x600
  RenderView at (0,0) size 800x600
layer at (0,0) size 800x600
  RenderBlock {HTML} at (0,0) size 800x600
    RenderBody {BODY} at (8,8) size 784x576
      RenderBlock {FORM} at (0,0) size 784x298
        RenderTable {TABLE} at (0,0) size 784x298 [border: (1px outset #808080)]
          RenderTableSection {TBODY} at (1,1) size 782x296
            RenderTableRow {TR} at (0,2) size 782x22
              RenderTableCell {TH} at (2,2) size 20x22 [border: (1px inset #808080)] [r=0 c=0 rs=1 cs=1]
                RenderText {#text} at (6,2) size 8x17
                  text run at (6,2) width 8: "#"
              RenderTableCell {TH} at (24,2) size 74x22 [border: (1px inset #808080)] [r=0 c=1 rs=1 cs=1]
                RenderText {#text} at (2,2) size 70x17
                  text run at (2,2) width 70: "Relevance"
              RenderTableCell {TH} at (100,2) size 528x22 [border: (1px inset #808080)] [r=0 c=2 rs=1 cs=1]
                RenderText {#text} at (228,2) size 72x17
                  text run at (228,2) width 72: "Title Long"
              RenderTableCell {TH} at (630,2) size 110x22 [border: (1px inset #808080)] [r=0 c=3 rs=1 cs=1]
                RenderText {#text} at (30,2) size 50x17
                  text run at (30,2) width 50: "Author"
              RenderTableCell {TH} at (742,2) size 36x22 [border: (1px inset #808080)] [r=0 c=4 rs=1 cs=1]
                RenderText {#text} at (2,2) size 32x17
                  text run at (2,2) width 32: "Date"
            RenderTableRow {TR} at (0,26) size 782x40
              RenderTableCell {TD} at (2,50) size 20x22 [border: (1px inset #808080)] [r=1 c=0 rs=2 cs=1]
                RenderText {#text} at (2,2) size 16x17
                  text run at (2,2) width 16: " 1 "
              RenderTableCell {TD} at (24,50) size 74x22 [border: (1px inset #808080)] [r=1 c=1 rs=2 cs=1]
                RenderText {#text} at (2,2) size 16x17
                  text run at (2,2) width 16: "**"
              RenderTableCell {TD} at (100,26) size 528x40 [border: (1px inset #808080)] [r=1 c=2 rs=1 cs=1]
                RenderText {#text} at (2,2) size 487x35
                  text run at (2,2) width 487: "UNIX and Windows 2000 integration toolkit : a complete guide for systems"
                  text run at (2,20) width 182: "administrators / Rawn Shah."
              RenderTableCell {TD} at (630,35) size 110x22 [border: (1px inset #808080)] [r=1 c=3 rs=1 cs=1]
                RenderText {#text} at (2,2) size 82x17
                  text run at (2,2) width 82: "Shah, Rawn."
              RenderTableCell {TD} at (742,35) size 36x22 [border: (1px inset #808080)] [r=1 c=4 rs=1 cs=1]
                RenderText {#text} at (2,2) size 32x17
                  text run at (2,2) width 32: "2000"
            RenderTableRow {TR} at (0,68) size 782x28
              RenderTableCell {TD} at (100,68) size 680x28 [border: (1px inset #808080)] [r=2 c=2 rs=1 cs=4]
                RenderTable {TABLE} at (2,2) size 676x24
                  RenderTableSection {TBODY} at (0,0) size 676x24
                    RenderTableRow {TR} at (0,2) size 676x20
                      RenderTableCell {TD} at (2,2) size 672x20 [r=0 c=0 rs=1 cs=1]
                        RenderText {#text} at (1,1) size 172x17
                          text run at (1,1) width 172: "Title has multiple holdings"
            RenderTableRow {TR} at (0,98) size 782x40
              RenderTableCell {TD} at (2,122) size 20x22 [border: (1px inset #808080)] [r=3 c=0 rs=2 cs=1]
                RenderText {#text} at (2,2) size 16x17
                  text run at (2,2) width 16: " 2 "
              RenderTableCell {TD} at (24,122) size 74x22 [border: (1px inset #808080)] [r=3 c=1 rs=2 cs=1]
                RenderText {#text} at (2,2) size 16x17
                  text run at (2,2) width 16: "**"
              RenderTableCell {TD} at (100,107) size 528x22 [border: (1px inset #808080)] [r=3 c=2 rs=1 cs=1]
                RenderText {#text} at (2,2) size 259x17
                  text run at (2,2) width 259: "Learning Red Hat Linux / Bill McCarty."
              RenderTableCell {TD} at (630,98) size 110x40 [border: (1px inset #808080)] [r=3 c=3 rs=1 cs=1]
                RenderText {#text} at (2,2) size 93x35
                  text run at (2,2) width 93: "McCarty, Bill,"
                  text run at (2,20) width 38: "1953-"
              RenderTableCell {TD} at (742,107) size 36x22 [border: (1px inset #808080)] [r=3 c=4 rs=1 cs=1]
                RenderText {#text} at (2,2) size 32x17
                  text run at (2,2) width 32: "1999"
            RenderTableRow {TR} at (0,140) size 782x28
              RenderTableCell {TD} at (100,140) size 680x28 [border: (1px inset #808080)] [r=4 c=2 rs=1 cs=4]
                RenderTable {TABLE} at (2,2) size 676x24
                  RenderTableSection {TBODY} at (0,0) size 676x24
                    RenderTableRow {TR} at (0,2) size 676x20
                      RenderTableCell {TD} at (2,2) size 672x20 [r=0 c=0 rs=1 cs=1]
                        RenderText {#text} at (1,1) size 172x17
                          text run at (1,1) width 172: "Title has multiple holdings"
            RenderTableRow {TR} at (0,170) size 782x40
              RenderTableCell {TD} at (2,194) size 20x22 [border: (1px inset #808080)] [r=5 c=0 rs=2 cs=1]
                RenderText {#text} at (2,2) size 16x17
                  text run at (2,2) width 16: " 3 "
              RenderTableCell {TD} at (24,194) size 74x22 [border: (1px inset #808080)] [r=5 c=1 rs=2 cs=1]
                RenderText {#text} at (2,2) size 16x17
                  text run at (2,2) width 16: "**"
              RenderTableCell {TD} at (100,179) size 528x22 [border: (1px inset #808080)] [r=5 c=2 rs=1 cs=1]
                RenderText {#text} at (2,2) size 288x17
                  text run at (2,2) width 288: "Learning Debian GNU/Linux / Bill Mccarty."
              RenderTableCell {TD} at (630,170) size 110x40 [border: (1px inset #808080)] [r=5 c=3 rs=1 cs=1]
                RenderText {#text} at (2,2) size 93x35
                  text run at (2,2) width 93: "McCarty, Bill,"
                  text run at (2,20) width 38: "1953-"
              RenderTableCell {TD} at (742,179) size 36x22 [border: (1px inset #808080)] [r=5 c=4 rs=1 cs=1]
                RenderText {#text} at (2,2) size 32x17
                  text run at (2,2) width 32: "1999"
            RenderTableRow {TR} at (0,212) size 782x28
              RenderTableCell {TD} at (100,212) size 680x28 [border: (1px inset #808080)] [r=6 c=2 rs=1 cs=4]
                RenderTable {TABLE} at (2,2) size 676x24
                  RenderTableSection {TBODY} at (0,0) size 676x24
                    RenderTableRow {TR} at (0,2) size 676x20
                      RenderTableCell {TD} at (2,2) size 672x20 [r=0 c=0 rs=1 cs=1]
                        RenderText {#text} at (1,1) size 172x17
                          text run at (1,1) width 172: "Title has multiple holdings"
            RenderTableRow {TR} at (0,242) size 782x22
              RenderTableCell {TD} at (2,257) size 20x22 [border: (1px inset #808080)] [r=7 c=0 rs=2 cs=1]
                RenderText {#text} at (2,2) size 16x17
                  text run at (2,2) width 16: " 4 "
              RenderTableCell {TD} at (24,257) size 74x22 [border: (1px inset #808080)] [r=7 c=1 rs=2 cs=1]
                RenderText {#text} at (2,2) size 16x17
                  text run at (2,2) width 16: "**"
              RenderTableCell {TD} at (100,242) size 528x22 [border: (1px inset #808080)] [r=7 c=2 rs=1 cs=1]
                RenderText {#text} at (2,2) size 398x17
                  text run at (2,2) width 398: "Advanced Java networking / Dick Steflik, Prashant Sridharan."
              RenderTableCell {TD} at (630,242) size 110x22 [border: (1px inset #808080)] [r=7 c=3 rs=1 cs=1]
                RenderText {#text} at (2,2) size 86x17
                  text run at (2,2) width 86: "Steflik, Dick."
              RenderTableCell {TD} at (742,242) size 36x22 [border: (1px inset #808080)] [r=7 c=4 rs=1 cs=1]
                RenderText {#text} at (2,2) size 32x17
                  text run at (2,2) width 32: "2000"
            RenderTableRow {TR} at (0,266) size 782x28
              RenderTableCell {TD} at (100,266) size 680x28 [border: (1px inset #808080)] [r=8 c=2 rs=1 cs=4]
                RenderTable {TABLE} at (2,2) size 676x24
                  RenderTableSection {TBODY} at (0,0) size 676x24
                    RenderTableRow {TR} at (0,2) size 676x20
                      RenderTableCell {TD} at (2,2) size 672x20 [r=0 c=0 rs=1 cs=1]
                        RenderText {#text} at (1,1) size 172x17
                          text run at (1,1) width 172: "Title has multiple holdings"
