layer at (0,0) size 800x600
  RenderView at (0,0) size 800x600
layer at (0,0) size 800x600
  RenderBlock {HTML} at (0,0) size 800x600
    RenderBody {BODY} at (8,8) size 784x584 [bgcolor=#FFCC00]
      RenderTable {TABLE} at (0,0) size 600x22 [border: (1px outset #808080)]
        RenderTableSection {TBODY} at (1,1) size 598x20
          RenderTableRow {TR} at (0,0) size 598x20
            RenderTableCell {TD} at (0,0) size 132x20 [border: (1px inset #808080)] [r=0 c=0 rs=1 cs=1]
              RenderInline {B} at (0,0) size 96x17
                RenderText {#text} at (1,1) size 96x17
                  text run at (1,1) width 96: "MERCHANT"
            RenderTableCell {TD} at (132,8) size 5x3 [border: (1px inset #808080)] [r=0 c=1 rs=1 cs=1]
              RenderImage {IMG} at (1,1) size 1x1
            RenderTableCell {TD} at (137,0) size 304x20 [border: (1px inset #808080)] [r=0 c=2 rs=1 cs=1]
              RenderInline {B} at (0,0) size 112x17
                RenderText {#text} at (96,1) size 112x17
                  text run at (96,1) width 112: "DESCRIPTION"
            RenderTableCell {TD} at (441,8) size 5x3 [border: (1px inset #808080)] [r=0 c=3 rs=1 cs=1]
              RenderImage {IMG} at (1,1) size 1x1
            RenderTableCell {TD} at (446,0) size 78x20 [border: (1px inset #808080)] [r=0 c=4 rs=1 cs=1]
              RenderInline {B} at (0,0) size 50x17
                RenderText {#text} at (27,1) size 50x17
                  text run at (27,1) width 50: "PRICE"
            RenderTableCell {TD} at (524,8) size 5x3 [border: (1px inset #808080)] [r=0 c=5 rs=1 cs=1]
              RenderImage {IMG} at (1,1) size 1x1
            RenderTableCell {TD} at (529,0) size 69x20 [border: (1px inset #808080)] [r=0 c=6 rs=1 cs=1]
              RenderInline {B} at (0,0) size 41x17
                RenderText {#text} at (14,1) size 41x17
                  text run at (14,1) width 41: "INFO"
      RenderTable {TABLE} at (0,22) size 600x25 [border: (1px outset #808080)]
        RenderTableSection {TBODY} at (1,1) size 598x23
          RenderTableRow {TR} at (0,0) size 598x20
            RenderTableCell {TD} at (0,1) size 132x18 [border: (1px inset #808080)] [r=0 c=0 rs=1 cs=1]
              RenderInline {FONT} at (0,0) size 92x15
                RenderText {#text} at (1,1) size 92x15
                  text run at (1,1) width 92: "American Starlex"
            RenderTableCell {TD} at (132,8) size 5x3 [border: (1px inset #808080)] [r=0 c=1 rs=1 cs=1]
              RenderImage {IMG} at (1,1) size 1x1
            RenderTableCell {TD} at (137,1) size 304x18 [border: (1px inset #808080)] [r=0 c=2 rs=1 cs=1]
              RenderInline {FONT} at (0,0) size 243x15
                RenderText {#text} at (1,1) size 243x15
                  text run at (1,1) width 243: "Digital_Cameras DC200 New|In stock; Kodak"
            RenderTableCell {TD} at (441,8) size 5x3 [border: (1px inset #808080)] [r=0 c=3 rs=1 cs=1]
              RenderImage {IMG} at (1,1) size 1x1
            RenderTableCell {TD} at (446,1) size 78x18 [border: (1px inset #808080)] [r=0 c=4 rs=1 cs=1]
              RenderInline {FONT} at (0,0) size 43x15
                RenderText {#text} at (34,1) size 43x15
                  text run at (34,1) width 43: "$270.00"
            RenderTableCell {TD} at (524,8) size 5x3 [border: (1px inset #808080)] [r=0 c=5 rs=1 cs=1]
              RenderImage {IMG} at (1,1) size 1x1
            RenderTableCell {TD} at (529,0) size 69x20 [border: (1px inset #808080)] [r=0 c=6 rs=1 cs=1]
              RenderText {#text} at (17,1) size 35x17
                text run at (17,1) width 35: "More"
          RenderTableRow {TR} at (0,20) size 598x3
            RenderTableCell {TD} at (0,20) size 598x3 [bgcolor=#000000] [border: (1px inset #808080)] [r=1 c=0 rs=1 cs=8]
              RenderImage {IMG} at (1,1) size 1x1
