layer at (0,0) size 784x1000
  RenderView at (0,0) size 784x600
layer at (0,0) size 784x1000
  RenderBlock {HTML} at (0,0) size 784x1000
    RenderBody {BODY} at (8,16) size 768x976
      RenderBlock {P} at (0,0) size 768x18
        RenderText {#text} at (0,0) size 137x17
          text run at (0,0) width 137: "This is a table with a "
        RenderInline {CODE} at (0,0) size 118x15
          RenderText {#text} at (136,3) size 118x15
            text run at (136,3) width 118: "td align=center"
        RenderText {#text} at (253,0) size 186x17
          text run at (253,0) width 186: " that has a p, a table, and a p."
      RenderTable {TABLE} at (0,34) size 230x138 [border: (1px outset #808080)]
        RenderTableSection {TBODY} at (1,1) size 228x136
          RenderTableRow {TR} at (0,2) size 228x132
            RenderTableCell {TD} at (2,2) size 224x132 [border: (1px inset #808080)] [r=0 c=0 rs=1 cs=1]
              RenderBlock {P} at (2,18) size 220x18
                RenderText {#text} at (98,0) size 24x17
                  text run at (98,0) width 24: "text"
              RenderTable {TABLE} at (24,52) size 176x28 [border: (1px outset #808080)]
                RenderTableSection {TBODY} at (1,1) size 174x26
                  RenderTableRow {TR} at (0,2) size 174x22
                    RenderTableCell {TD} at (2,2) size 170x22 [border: (1px inset #808080)] [r=0 c=0 rs=1 cs=1]
                      RenderText {#text} at (2,2) size 36x17
                        text run at (2,2) width 36: "text 3"
              RenderBlock {P} at (2,96) size 220x18
                RenderText {#text} at (98,0) size 24x17
                  text run at (98,0) width 24: "text"
      RenderBlock {P} at (0,188) size 768x72
        RenderText {#text} at (0,0) size 186x17
          text run at (0,0) width 186: "This time the inner table has "
        RenderInline {CODE} at (0,0) size 95x15
          RenderText {#text} at (185,3) size 95x15
            text run at (185,3) width 95: "width=\"100%\""
        RenderText {#text} at (279,0) size 767x71
          text run at (279,0) width 393: ", so you can see that the CSS spec isn't quite being followed. "
          text run at (671,0) width 90: "The CSS spec"
          text run at (0,18) width 767: "says that the align=center carries down as text-align and never acts to move blocks. You're not moving the block for the"
          text run at (0,36) width 413: "table (above), but you're not doing the text-align inside it either. "
          text run at (412,36) width 343: "In quirks mode you should do the former, in standard"
          text run at (0,54) width 104: "mode, the latter."
      RenderTable {TABLE} at (0,276) size 230x138 [border: (1px outset #808080)]
        RenderTableSection {TBODY} at (1,1) size 228x136
          RenderTableRow {TR} at (0,2) size 228x132
            RenderTableCell {TD} at (2,2) size 224x132 [border: (1px inset #808080)] [r=0 c=0 rs=1 cs=1]
              RenderBlock {P} at (2,18) size 220x18
                RenderText {#text} at (98,0) size 24x17
                  text run at (98,0) width 24: "text"
              RenderTable {TABLE} at (2,52) size 220x28 [border: (1px outset #808080)]
                RenderTableSection {TBODY} at (1,1) size 218x26
                  RenderTableRow {TR} at (0,2) size 218x22
                    RenderTableCell {TD} at (2,2) size 214x22 [border: (1px inset #808080)] [r=0 c=0 rs=1 cs=1]
                      RenderText {#text} at (2,2) size 36x17
                        text run at (2,2) width 36: "text 3"
              RenderBlock {P} at (2,96) size 220x18
                RenderText {#text} at (98,0) size 24x17
                  text run at (98,0) width 24: "text"
      RenderBlock (anonymous) at (0,414) size 768x18
        RenderBR {BR} at (0,0) size 0x17
      RenderTable {TABLE} at (234,432) size 300x28 [border: (1px outset #808080)]
        RenderTableSection {TBODY} at (1,1) size 298x26
          RenderTableRow {TR} at (0,2) size 298x22
            RenderTableCell {TD} at (2,2) size 294x22 [border: (1px inset #808080)] [r=0 c=0 rs=1 cs=1]
              RenderText {#text} at (2,2) size 106x17
                text run at (2,2) width 106: "Data of Table 1!"
      RenderBlock (anonymous) at (0,460) size 768x18
        RenderBR {BR} at (0,0) size 0x17
      RenderTable {TABLE} at (0,478) size 300x28 [border: (1px outset #808080)]
        RenderTableSection {TBODY} at (1,1) size 298x26
          RenderTableRow {TR} at (0,2) size 298x22
            RenderTableCell {TD} at (2,2) size 294x22 [border: (1px inset #808080)] [r=0 c=0 rs=1 cs=1]
              RenderText {#text} at (94,2) size 106x17
                text run at (94,2) width 106: "Data of Table 2!"
      RenderBlock (anonymous) at (0,506) size 768x18
        RenderBR {BR} at (0,0) size 0x17
      RenderBlock {DIV} at (0,524) size 768x26 [border: (1px solid #000000)]
        RenderTable {TABLE} at (328,1) size 112x24
          RenderTableSection {TBODY} at (0,0) size 112x24
            RenderTableRow {TR} at (0,2) size 112x20
              RenderTableCell {TD} at (2,2) size 108x20 [r=0 c=0 rs=1 cs=1]
                RenderText {#text} at (1,1) size 106x17
                  text run at (1,1) width 106: "Data of Table 3!"
      RenderBlock (anonymous) at (0,550) size 768x18
        RenderBR {BR} at (0,0) size 0x17
      RenderBlock {DIV} at (0,568) size 768x26 [border: (1px solid #000000)]
        RenderTable {TABLE} at (1,1) size 112x24
          RenderTableSection {TBODY} at (0,0) size 112x24
            RenderTableRow {TR} at (0,2) size 112x20
              RenderTableCell {TD} at (2,2) size 108x20 [r=0 c=0 rs=1 cs=1]
                RenderText {#text} at (1,1) size 106x17
                  text run at (1,1) width 106: "Data of Table 4!"
      RenderBlock (anonymous) at (0,594) size 768x18
        RenderBR {BR} at (0,0) size 0x17
      RenderTable {TABLE} at (0,612) size 768x48
        RenderTableSection {TBODY} at (0,0) size 768x48
          RenderTableRow {TR} at (0,2) size 768x44
            RenderTableCell {TD} at (2,2) size 764x44 [r=0 c=0 rs=1 cs=1]
              RenderBlock (anonymous) at (1,1) size 762x18
                RenderText {#text} at (323,0) size 116x17
                  text run at (323,0) width 116: "Text, followed by"
              RenderTable {TABLE} at (353,19) size 57x24
                RenderTableSection {TBODY} at (0,0) size 57x24
                  RenderTableRow {TR} at (0,2) size 57x20
                    RenderTableCell {TD} at (2,2) size 53x20 [r=0 c=0 rs=1 cs=1]
                      RenderText {#text} at (1,1) size 51x17
                        text run at (1,1) width 51: "A table."
      RenderBlock {P} at (0,676) size 768x18
        RenderText {#text} at (0,0) size 291x17
          text run at (0,0) width 291: "...should look identical to the first one below:"
      RenderTable {TABLE} at (0,710) size 768x48
        RenderTableSection {TBODY} at (0,0) size 768x48
          RenderTableRow {TR} at (0,2) size 768x44
            RenderTableCell {TD} at (2,2) size 764x44 [r=0 c=0 rs=1 cs=1]
              RenderBlock {DIV} at (1,1) size 762x18
                RenderText {#text} at (323,0) size 116x17
                  text run at (323,0) width 116: "Text, followed by"
              RenderTable {TABLE} at (1,19) size 762x24
                RenderTableSection {TBODY} at (0,0) size 762x24
                  RenderTableRow {TR} at (0,2) size 762x20
                    RenderTableCell {TD} at (2,2) size 758x20 [r=0 c=0 rs=1 cs=1]
                      RenderBlock {DIV} at (1,1) size 756x18
                        RenderText {#text} at (352,0) size 52x17
                          text run at (352,0) width 52: "A table."
      RenderBlock {P} at (0,774) size 768x18
        RenderText {#text} at (0,0) size 408x17
          text run at (0,0) width 408: "However, in standard mode, the first table should look like this:"
      RenderTable {TABLE} at (0,808) size 768x48
        RenderTableSection {TBODY} at (0,0) size 768x48
          RenderTableRow {TR} at (0,2) size 768x44
            RenderTableCell {TD} at (2,2) size 764x44 [r=0 c=0 rs=1 cs=1]
              RenderBlock {DIV} at (1,1) size 762x18
                RenderText {#text} at (323,0) size 116x17
                  text run at (323,0) width 116: "Text, followed by"
              RenderTable {TABLE} at (1,19) size 762x24
                RenderTableSection {TBODY} at (0,0) size 762x24
                  RenderTableRow {TR} at (0,2) size 762x20
                    RenderTableCell {TD} at (2,2) size 758x20 [r=0 c=0 rs=1 cs=1]
                      RenderText {#text} at (1,1) size 51x17
                        text run at (1,1) width 51: "A table."
      RenderBlock {P} at (0,872) size 768x18
        RenderText {#text} at (0,0) size 670x17
          text run at (0,0) width 670: "For reference, the second table has its text all centered, the third table has the \"A table.\" line aligned left."
      RenderBlock {HR} at (0,906) size 768x2 [border: (1px inset #000000)]
      RenderBlock {P} at (0,924) size 768x18
        RenderText {#text} at (0,0) size 62x17
          text run at (0,0) width 62: "See also: "
        RenderInline {A} at (0,0) size 131x17 [color=#0000EE]
          RenderText {#text} at (61,0) size 131x17
            text run at (61,0) width 131: "Strict Mode Version"
        RenderText {#text} at (0,0) size 0x0
      RenderBlock (anonymous) at (0,958) size 768x18
        RenderText {#text} at (0,0) size 20x17
          text run at (0,0) width 20: "-->"
