layer at (0,0) size 800x600
  RenderView at (0,0) size 800x600
layer at (0,0) size 800x600
  RenderBlock {HTML} at (0,0) size 800x600
    RenderBody {BODY} at (8,8) size 784x584
      RenderBlock (anonymous) at (0,0) size 784x0
        RenderInline {B} at (0,0) size 0x0
      RenderBlock (anonymous) at (0,0) size 784x0
      RenderBlock (anonymous) at (0,0) size 784x0
        RenderInline {B} at (0,0) size 0x0
      RenderBlock {P} at (0,0) size 784x21
        RenderInline {B} at (0,0) size 40x21
          RenderText {#text} at (0,0) size 40x21
            text run at (0,0) width 40: "Bold "
        RenderText {#text} at (40,0) size 60x21
          text run at (40,0) width 60: "Not bold"
      RenderBlock (anonymous) at (0,37) size 784x21
        RenderText {#text} at (0,0) size 97x21
          text run at (0,0) width 97: "Also not bold."
