layer at (0,0) size 800x600
  RenderView at (0,0) size 800x600
layer at (0,0) size 800x600
  RenderBlock {HTML} at (0,0) size 800x600
    RenderBody {BODY} at (8,8) size 784x584
      RenderBlock (anonymous) at (0,0) size 784x21
        RenderInline {FONT} at (0,0) size 98x21 [color=#FF0000]
          RenderInline {I} at (0,0) size 98x21
            RenderText {#text} at (0,0) size 98x21
              text run at (0,0) width 98: "Italic and Red"
      RenderBlock (anonymous) at (0,21) size 784x0 [color=#FF0000]
      RenderBlock (anonymous) at (0,21) size 784x0
        RenderInline {FONT} at (0,0) size 0x0 [color=#FF0000]
          RenderInline {I} at (0,0) size 0x0
        RenderInline {I} at (0,0) size 0x0
      RenderBlock (anonymous) at (0,37) size 784x21
        RenderBlock {P} at (0,0) size 784x21
          RenderInline {FONT} at (0,0) size 102x21 [color=#FF0000]
            RenderText {#text} at (0,0) size 102x21
              text run at (0,0) width 102: "Italic and Red "
          RenderText {#text} at (102,0) size 70x21
            text run at (102,0) width 70: "Just italic."
      RenderBlock (anonymous) at (0,74) size 784x21
        RenderInline {I} at (0,0) size 71x21
          RenderText {#text} at (0,0) size 71x21
            text run at (0,0) width 71: "Italic only."
        RenderText {#text} at (71,0) size 41x21
          text run at (71,0) width 41: " Plain"
      RenderBlock {P} at (0,111) size 784x21
        RenderText {#text} at (0,0) size 139x21
          text run at (0,0) width 139: "I should not be red. "
        RenderInline {FONT} at (0,0) size 133x21 [color=#FF0000]
          RenderText {#text} at (139,0) size 38x21
            text run at (139,0) width 38: "Red. "
          RenderInline {I} at (0,0) size 95x21
            RenderText {#text} at (177,0) size 95x21
              text run at (177,0) width 95: "Italic and red."
      RenderBlock (anonymous) at (0,148) size 784x0
        RenderInline {FONT} at (0,0) size 0x0 [color=#FF0000]
          RenderInline {I} at (0,0) size 0x0
            RenderText {#text} at (0,0) size 0x0
      RenderBlock (anonymous) at (0,148) size 784x0 [color=#FF0000]
      RenderBlock (anonymous) at (0,148) size 784x0
        RenderInline {FONT} at (0,0) size 0x0 [color=#FF0000]
          RenderInline {I} at (0,0) size 0x0
      RenderBlock {P} at (0,148) size 784x21
        RenderInline {FONT} at (0,0) size 133x21 [color=#FF0000]
          RenderInline {I} at (0,0) size 99x21
            RenderText {#text} at (0,0) size 99x21
              text run at (0,0) width 99: "Italic and red. "
          RenderText {#text} at (99,0) size 34x21
            text run at (99,0) width 34: "Red."
        RenderText {#text} at (133,0) size 139x21
          text run at (133,0) width 139: " I should not be red."
      RenderBlock (anonymous) at (0,185) size 784x21
        RenderText {#text} at (0,0) size 0x0
        RenderInline {B} at (0,0) size 148x21
          RenderText {#text} at (0,0) size 40x21
            text run at (0,0) width 40: "Bold "
          RenderInline {I} at (0,0) size 108x21
            RenderText {#text} at (40,0) size 108x21
              text run at (40,0) width 108: "Bold and italic"
        RenderInline {I} at (0,0) size 78x21
          RenderText {#text} at (148,0) size 78x21
            text run at (148,0) width 78: " Only Italic "
        RenderText {#text} at (226,0) size 37x21
          text run at (226,0) width 37: "Plain"
