layer at (0,0) size 800x600
  RenderView at (0,0) size 800x600
layer at (0,0) size 800x600
  RenderBlock {HTML} at (0,0) size 800x600
    RenderBody {BODY} at (8,8) size 784x579
      RenderBlock (anonymous) at (0,0) size 784x0
        RenderInline {B} at (0,0) size 0x0
          RenderInline {NOBR} at (0,0) size 0x0
      RenderBlock (anonymous) at (0,0) size 784x0
      RenderBlock (anonymous) at (0,0) size 784x0
        RenderInline {B} at (0,0) size 0x0
          RenderInline {NOBR} at (0,0) size 0x0
      RenderBlock {DIV} at (0,0) size 784x72
        RenderBlock (anonymous) at (0,0) size 784x42
          RenderInline {B} at (0,0) size 740x42
            RenderInline {NOBR} at (0,0) size 243x21
              RenderText {#text} at (0,0) size 243x21
                text run at (0,0) width 243: "This text is in a div inside a nobr"
            RenderText {#text} at (243,0) size 740x42
              text run at (243,0) width 497: "More text that should not be in the nobr, i.e., the nobr should have"
              text run at (0,21) width 244: "closed the div inside it implicitly."
        RenderBlock {PRE} at (0,55) size 784x17
          RenderText {#text} at (0,0) size 195x17
            text run at (0,0) width 195: "A pre tag outside everything else."
