layer at (0,0) size 800x600
  RenderView at (0,0) size 800x600
layer at (0,0) size 800x38
  RenderBlock {html} at (0,0) size 800x38
    RenderBody {body} at (8,8) size 784x22
      RenderBlock (anonymous) at (0,0) size 784x22
        RenderText {#text} at (0,0) size 31x22
          text run at (0,0) width 31: "Text"
      RenderTable {table} at (0,22) size 2x0
      RenderTable at (0,22) size 0x0
        RenderTableCol {colgroup} at (0,0) size 0x0
