layer at (0,0) size 800x600
  RenderView at (0,0) size 800x600
layer at (0,0) size 800x600
  RenderBlock {HTML} at (0,0) size 800x600
    RenderBody {BODY} at (8,8) size 784x584
      RenderTable {TABLE} at (0,0) size 784x56
        RenderTableSection {TBODY} at (0,0) size 784x56
          RenderTableRow {TR} at (0,2) size 784x28
            RenderTableCell {TD} at (2,5) size 42x22 [r=0 c=0 rs=1 cs=1]
              RenderText {#text} at (1,1) size 33x19
                text run at (1,1) width 33: "URL:"
            RenderTableCell {TD} at (46,2) size 736x28 [r=0 c=1 rs=1 cs=1]
              RenderTextControl {INPUT} at (1,3) size 734x22 [bgcolor=#FFFFFF] [border: (2px inset #000000)]
          RenderTableRow {TR} at (0,32) size 784x22
            RenderTableCell {TD} at (2,32) size 780x22 [bgcolor=#FF0000] [r=1 c=0 rs=1 cs=2]
              RenderText {#text} at (1,1) size 233x19
                text run at (1,1) width 233: "Alongwordtogiveyouanicebigminwidth."
      RenderTable {TABLE} at (0,56) size 100x100 [bgcolor=#FF0000] [border: (2px outset #808080)]
        RenderTableSection {TBODY} at (2,2) size 96x96
          RenderTableRow {TR} at (0,2) size 96x92
            RenderTableCell {TD} at (2,46) size 92x4 [border: (1px inset #808080)] [r=0 c=0 rs=1 cs=1]
      RenderTable {TABLE} at (0,156) size 195x120 [border: (2px outset #808080)]
        RenderTableSection {TBODY} at (2,2) size 191x116
          RenderTableRow {TR} at (0,2) size 191x24
            RenderTableCell {TD} at (2,2) size 187x24 [border: (1px inset #808080)] [r=0 c=0 rs=1 cs=1]
              RenderText {#text} at (2,2) size 28x19
                text run at (2,2) width 28: "hello"
          RenderTableRow {TR} at (0,28) size 191x24
            RenderTableCell {TD} at (2,28) size 187x24 [border: (1px inset #808080)] [r=1 c=0 rs=1 cs=1]
              RenderText {#text} at (2,2) size 63x19
                text run at (2,2) width 63: "more hello"
          RenderTableRow {TR} at (0,54) size 191x24
            RenderTableCell {TD} at (2,54) size 187x24 [border: (1px inset #808080)] [r=2 c=0 rs=1 cs=1]
              RenderText {#text} at (2,2) size 35x19
                text run at (2,2) width 35: "world"
          RenderTableRow {TR} at (0,80) size 191x34
            RenderTableCell {TD} at (2,82) size 187x30 [border: (1px inset #808080)] [r=3 c=0 rs=1 cs=1]
              RenderText {#text} at (0,0) size 0x0
      RenderTable {TABLE} at (0,276) size 106x86
        RenderTableSection {TBODY} at (0,0) size 106x86
          RenderTableRow {TR} at (0,2) size 106x82
            RenderTableCell {TD} at (2,2) size 102x82 [r=0 c=0 rs=1 cs=1]
              RenderText {#text} at (1,1) size 95x79
                text run at (1,1) width 83: "I should wrap"
                text run at (1,21) width 77: "and not have"
                text run at (1,41) width 54: "nowrap. "
                text run at (55,41) width 41: "I really"
                text run at (1,61) width 43: "should."
      RenderTable {TABLE} at (0,362) size 106x86
        RenderTableSection {TBODY} at (0,0) size 106x86
          RenderTableRow {TR} at (0,2) size 106x82
            RenderTableCell {TD} at (2,2) size 102x82 [r=0 c=0 rs=1 cs=1]
              RenderBlock {DIV} at (1,1) size 100x80
                RenderText {#text} at (0,0) size 95x79
                  text run at (0,0) width 83: "I should wrap"
                  text run at (0,20) width 77: "and not have"
                  text run at (0,40) width 54: "nowrap. "
                  text run at (54,40) width 41: "I really"
                  text run at (0,60) width 43: "should."
      RenderTable {TABLE} at (0,448) size 346x26
        RenderTableSection {TBODY} at (0,0) size 346x26
          RenderTableRow {TR} at (0,2) size 346x22
            RenderTableCell {TD} at (2,2) size 342x22 [r=0 c=0 rs=1 cs=1]
              RenderText {#text} at (1,1) size 340x19
                text run at (1,1) width 138: "I should have nowrap. "
                text run at (139,1) width 92: "I really should. "
                text run at (231,1) width 110: "Definitely. Should."
      RenderTable {TABLE} at (0,474) size 346x26
        RenderTableSection {TBODY} at (0,0) size 346x26
          RenderTableRow {TR} at (0,2) size 346x22
            RenderTableCell {TD} at (2,2) size 342x22 [r=0 c=0 rs=1 cs=1]
              RenderBlock {DIV} at (1,1) size 340x20
                RenderText {#text} at (0,0) size 340x19
                  text run at (0,0) width 138: "I should have nowrap. "
                  text run at (138,0) width 92: "I really should. "
                  text run at (230,0) width 110: "Definitely. Should."
layer at (57,16) size 730x16
  RenderBlock {DIV} at (2,3) size 730x16
layer at (16,250) size 179x26 clip at (17,251) size 177x24
  RenderTextControl {TEXTAREA} at (4,2) size 179x26 [bgcolor=#FFFFFF] [border: (1px solid #000000)]
    RenderBlock {DIV} at (3,3) size 175x16
