layer at (0,0) size 800x600
  RenderView at (0,0) size 800x600
layer at (0,0) size 800x199
  RenderBlock {HTML} at (0,0) size 800x199
    RenderBody {BODY} at (16,16) size 768x167
      RenderTable at (0,0) size 393x167
        RenderTableSection (anonymous) at (0,0) size 393x167
          RenderTableRow {Q} at (0,0) size 393x167
            RenderTableCell (anonymous) at (0,0) size 393x167 [r=0 c=0 rs=1 cs=1]
              RenderInline (generated) at (0,0) size 13x36
                RenderQuote at (0,130) size 13x36
                  text run at (0,130) width 13: "\""
              RenderText {#text} at (13,130) size 30x36
                text run at (13,130) width 30: " A"
              RenderPartObject {IFRAME} at (43,0) size 308x158 [border: (4px inset #000000)]
                layer at (0,0) size 300x150
                  RenderView at (0,0) size 300x150
                layer at (0,0) size 300x150
                  RenderBlock {HTML} at (0,0) size 300x150
                    RenderBody {BODY} at (8,8) size 284x134
              RenderText {#text} at (351,130) size 29x36
                text run at (351,130) width 29: "B "
              RenderInline (generated) at (0,0) size 13x36
                RenderQuote at (380,130) size 13x36
                  text run at (380,130) width 13: "\""
