layer at (0,0) size 800x600
  RenderView at (0,0) size 800x600
layer at (0,0) size 800x39
  RenderBlock {HTML} at (0,0) size 800x39
    RenderBody {BODY} at (8,8) size 784x23
      RenderBlock {DIV} at (0,0) size 784x23
        RenderFileUploadControl {INPUT} at (3,2) size 237x19 "No file chosen"
          RenderButton {INPUT} at (0,-1) size 78x19 [bgcolor=#C0C0C0]
            RenderBlock (anonymous) at (8,2) size 62x14
              RenderText at (0,0) size 62x13
                text run at (0,0) width 62: "Choose File"
