layer at (0,0) size 785x1478
  RenderView at (0,0) size 785x600
layer at (0,0) size 785x1478
  RenderBlock {HTML} at (0,0) size 785x1478
    RenderBody {BODY} at (8,8) size 769x1462
      RenderTable {TABLE} at (0,0) size 612x352 [border: (1px outset #808080)]
        RenderTableSection {TBODY} at (1,1) size 610x350
          RenderTableRow {TR} at (0,2) size 610x30
            RenderTableCell {TH} at (2,2) size 606x30 [border: (1px inset #808080)] [r=0 c=0 rs=1 cs=6]
              RenderText {#text} at (227,6) size 152x19
                text run at (227,6) width 152: "text-align not specified"
          RenderTableRow {TR} at (0,34) size 610x30
            RenderTableCell {TH} at (2,50) size 102x30 [border: (1px inset #808080)] [r=1 c=0 rs=2 cs=2]
              RenderText {#text} at (49,6) size 4x19
                text run at (49,6) width 4: " "
            RenderTableCell {TH} at (106,34) size 502x30 [border: (1px inset #808080)] [r=1 c=2 rs=1 cs=4]
              RenderText {#text} at (177,6) size 148x19
                text run at (177,6) width 148: "-webkit-writing-mode"
          RenderTableRow {TR} at (0,66) size 610x30
            RenderTableCell {TH} at (106,66) size 124x30 [border: (1px inset #808080)] [r=2 c=2 rs=1 cs=1]
              RenderText {#text} at (18,6) size 88x19
                text run at (18,6) width 88: "horizontal-tb"
            RenderTableCell {TH} at (232,66) size 124x30 [border: (1px inset #808080)] [r=2 c=3 rs=1 cs=1]
              RenderText {#text} at (18,6) size 88x19
                text run at (18,6) width 88: "horizontal-bt"
            RenderTableCell {TH} at (358,66) size 124x30 [border: (1px inset #808080)] [r=2 c=4 rs=1 cs=1]
              RenderText {#text} at (29,6) size 66x19
                text run at (29,6) width 66: "vertical-lr"
            RenderTableCell {TH} at (484,66) size 124x30 [border: (1px inset #808080)] [r=2 c=5 rs=1 cs=1]
              RenderText {#text} at (29,6) size 66x19
                text run at (29,6) width 66: "vertical-rl"
          RenderTableRow {TR} at (0,98) size 610x124
            RenderTableCell {TH} at (2,208) size 72x30 [border: (1px inset #808080)] [r=3 c=0 rs=4 cs=1]
              RenderText {#text} at (6,6) size 60x19
                text run at (6,6) width 60: "direction"
            RenderTableCell {TH} at (76,145) size 28x30 [border: (1px inset #808080)] [r=3 c=1 rs=1 cs=1]
              RenderText {#text} at (6,6) size 16x19
                text run at (6,6) width 16: "ltr"
            RenderTableCell {TD} at (106,98) size 124x124 [border: (1px solid #000000)] [r=3 c=2 rs=1 cs=1]
              RenderBlock {DIV} at (2,2) size 120x120
                RenderBlock {DETAILS} at (0,0) size 120x18
                  RenderBlock {SUMMARY} at (0,0) size 120x18
                    RenderDetailsMarker {DIV} at (0,5) size 10x10: right
                    RenderText {#text} at (16,0) size 58x19
                      text run at (16,0) width 58: "summary"
                RenderBlock {DETAILS} at (0,18) size 120x18
                  RenderBlock {SUMMARY} at (0,0) size 120x18
                    RenderDetailsMarker {DIV} at (0,5) size 10x10: down
                    RenderText {#text} at (16,0) size 58x19
                      text run at (16,0) width 58: "summary"
            RenderTableCell {TD} at (232,98) size 124x124 [border: (1px solid #000000)] [r=3 c=3 rs=1 cs=1]
              RenderBlock {DIV} at (2,2) size 120x120
                RenderBlock {DETAILS} at (0,0) size 120x18
                  RenderBlock {SUMMARY} at (0,0) size 120x18
                    RenderDetailsMarker {DIV} at (0,4) size 10x10: right
                    RenderText {#text} at (16,0) size 58x19
                      text run at (16,0) width 58: "summary"
                RenderBlock {DETAILS} at (0,18) size 120x18
                  RenderBlock {SUMMARY} at (0,0) size 120x18
                    RenderDetailsMarker {DIV} at (0,4) size 10x10: up
                    RenderText {#text} at (16,0) size 58x19
                      text run at (16,0) width 58: "summary"
            RenderTableCell {TD} at (358,98) size 124x124 [border: (1px solid #000000)] [r=3 c=4 rs=1 cs=1]
              RenderBlock {DIV} at (2,2) size 120x120
                RenderBlock {DETAILS} at (0,0) size 19x120
                  RenderBlock {SUMMARY} at (0,0) size 19x120
                    RenderDetailsMarker {DIV} at (4,0) size 10x10: down
                    RenderText {#text} at (0,10) size 19x58
                      text run at (0,10) width 58: "summary"
                RenderBlock {DETAILS} at (19,0) size 19x120
                  RenderBlock {SUMMARY} at (0,0) size 19x120
                    RenderDetailsMarker {DIV} at (4,0) size 10x10: right
                    RenderText {#text} at (0,10) size 19x58
                      text run at (0,10) width 58: "summary"
            RenderTableCell {TD} at (484,98) size 124x124 [border: (1px solid #000000)] [r=3 c=5 rs=1 cs=1]
              RenderBlock {DIV} at (2,2) size 120x120
                RenderBlock {DETAILS} at (0,0) size 19x120
                  RenderBlock {SUMMARY} at (0,0) size 19x120
                    RenderDetailsMarker {DIV} at (6,0) size 10x10: down
                    RenderText {#text} at (1,10) size 19x58
                      text run at (1,10) width 58: "summary"
                RenderBlock {DETAILS} at (19,0) size 19x120
                  RenderBlock {SUMMARY} at (0,0) size 19x120
                    RenderDetailsMarker {DIV} at (6,0) size 10x10: left
                    RenderText {#text} at (1,10) size 19x58
                      text run at (1,10) width 58: "summary"
          RenderTableRow {TR} at (0,224) size 610x124
            RenderTableCell {TH} at (76,271) size 28x30 [border: (1px inset #808080)] [r=4 c=1 rs=1 cs=1]
              RenderText {#text} at (6,6) size 16x19
                text run at (6,6) width 16: "rtl"
            RenderTableCell {TD} at (106,224) size 124x124 [border: (1px solid #000000)] [r=4 c=2 rs=1 cs=1]
              RenderBlock {DIV} at (2,2) size 120x120
                RenderBlock {DETAILS} at (0,0) size 120x18
                  RenderBlock {SUMMARY} at (0,0) size 120x18
                    RenderDetailsMarker {DIV} at (104,5) size 10x10: left
                    RenderText {#text} at (46,0) size 58x19
                      text run at (46,0) width 58: "summary"
                RenderBlock {DETAILS} at (0,18) size 120x18
                  RenderBlock {SUMMARY} at (0,0) size 120x18
                    RenderDetailsMarker {DIV} at (104,5) size 10x10: down
                    RenderText {#text} at (46,0) size 58x19
                      text run at (46,0) width 58: "summary"
            RenderTableCell {TD} at (232,224) size 124x124 [border: (1px solid #000000)] [r=4 c=3 rs=1 cs=1]
              RenderBlock {DIV} at (2,2) size 120x120
                RenderBlock {DETAILS} at (0,0) size 120x18
                  RenderBlock {SUMMARY} at (0,0) size 120x18
                    RenderDetailsMarker {DIV} at (104,4) size 10x10: left
                    RenderText {#text} at (46,0) size 58x19
                      text run at (46,0) width 58: "summary"
                RenderBlock {DETAILS} at (0,18) size 120x18
                  RenderBlock {SUMMARY} at (0,0) size 120x18
                    RenderDetailsMarker {DIV} at (104,4) size 10x10: up
                    RenderText {#text} at (46,0) size 58x19
                      text run at (46,0) width 58: "summary"
            RenderTableCell {TD} at (358,224) size 124x124 [border: (1px solid #000000)] [r=4 c=4 rs=1 cs=1]
              RenderBlock {DIV} at (2,2) size 120x120
                RenderBlock {DETAILS} at (0,0) size 19x120
                  RenderBlock {SUMMARY} at (0,0) size 19x120
                    RenderDetailsMarker {DIV} at (4,110) size 10x10: up
                    RenderText {#text} at (0,52) size 19x58
                      text run at (0,52) width 58: "summary"
                RenderBlock {DETAILS} at (19,0) size 19x120
                  RenderBlock {SUMMARY} at (0,0) size 19x120
                    RenderDetailsMarker {DIV} at (4,110) size 10x10: right
                    RenderText {#text} at (0,52) size 19x58
                      text run at (0,52) width 58: "summary"
            RenderTableCell {TD} at (484,224) size 124x124 [border: (1px solid #000000)] [r=4 c=5 rs=1 cs=1]
              RenderBlock {DIV} at (2,2) size 120x120
                RenderBlock {DETAILS} at (0,0) size 19x120
                  RenderBlock {SUMMARY} at (0,0) size 19x120
                    RenderDetailsMarker {DIV} at (6,110) size 10x10: up
                    RenderText {#text} at (1,52) size 19x58
                      text run at (1,52) width 58: "summary"
                RenderBlock {DETAILS} at (19,0) size 19x120
                  RenderBlock {SUMMARY} at (0,0) size 19x120
                    RenderDetailsMarker {DIV} at (6,110) size 10x10: left
                    RenderText {#text} at (1,52) size 19x58
                      text run at (1,52) width 58: "summary"
      RenderBlock (anonymous) at (0,352) size 769x18
        RenderBR {BR} at (0,0) size 0x19
      RenderTable {TABLE} at (0,370) size 612x352 [border: (1px outset #808080)]
        RenderTableSection {TBODY} at (1,1) size 610x350
          RenderTableRow {TR} at (0,2) size 610x30
            RenderTableCell {TH} at (2,2) size 606x30 [border: (1px inset #808080)] [r=0 c=0 rs=1 cs=6]
              RenderText {#text} at (256,6) size 94x19
                text run at (256,6) width 94: "text-align: left"
          RenderTableRow {TR} at (0,34) size 610x30
            RenderTableCell {TH} at (2,50) size 102x30 [border: (1px inset #808080)] [r=1 c=0 rs=2 cs=2]
              RenderText {#text} at (49,6) size 4x19
                text run at (49,6) width 4: " "
            RenderTableCell {TH} at (106,34) size 502x30 [border: (1px inset #808080)] [r=1 c=2 rs=1 cs=4]
              RenderText {#text} at (177,6) size 148x19
                text run at (177,6) width 148: "-webkit-writing-mode"
          RenderTableRow {TR} at (0,66) size 610x30
            RenderTableCell {TH} at (106,66) size 124x30 [border: (1px inset #808080)] [r=2 c=2 rs=1 cs=1]
              RenderText {#text} at (18,6) size 88x19
                text run at (18,6) width 88: "horizontal-tb"
            RenderTableCell {TH} at (232,66) size 124x30 [border: (1px inset #808080)] [r=2 c=3 rs=1 cs=1]
              RenderText {#text} at (18,6) size 88x19
                text run at (18,6) width 88: "horizontal-bt"
            RenderTableCell {TH} at (358,66) size 124x30 [border: (1px inset #808080)] [r=2 c=4 rs=1 cs=1]
              RenderText {#text} at (29,6) size 66x19
                text run at (29,6) width 66: "vertical-lr"
            RenderTableCell {TH} at (484,66) size 124x30 [border: (1px inset #808080)] [r=2 c=5 rs=1 cs=1]
              RenderText {#text} at (29,6) size 66x19
                text run at (29,6) width 66: "vertical-rl"
          RenderTableRow {TR} at (0,98) size 610x124
            RenderTableCell {TH} at (2,208) size 72x30 [border: (1px inset #808080)] [r=3 c=0 rs=4 cs=1]
              RenderText {#text} at (6,6) size 60x19
                text run at (6,6) width 60: "direction"
            RenderTableCell {TH} at (76,145) size 28x30 [border: (1px inset #808080)] [r=3 c=1 rs=1 cs=1]
              RenderText {#text} at (6,6) size 16x19
                text run at (6,6) width 16: "ltr"
            RenderTableCell {TD} at (106,98) size 124x124 [border: (1px solid #000000)] [r=3 c=2 rs=1 cs=1]
              RenderBlock {DIV} at (2,2) size 120x120
                RenderBlock {DETAILS} at (0,0) size 120x18
                  RenderBlock {SUMMARY} at (0,0) size 120x18
                    RenderDetailsMarker {DIV} at (0,5) size 10x10: right
                    RenderText {#text} at (16,0) size 58x19
                      text run at (16,0) width 58: "summary"
                RenderBlock {DETAILS} at (0,18) size 120x18
                  RenderBlock {SUMMARY} at (0,0) size 120x18
                    RenderDetailsMarker {DIV} at (0,5) size 10x10: down
                    RenderText {#text} at (16,0) size 58x19
                      text run at (16,0) width 58: "summary"
            RenderTableCell {TD} at (232,98) size 124x124 [border: (1px solid #000000)] [r=3 c=3 rs=1 cs=1]
              RenderBlock {DIV} at (2,2) size 120x120
                RenderBlock {DETAILS} at (0,0) size 120x18
                  RenderBlock {SUMMARY} at (0,0) size 120x18
                    RenderDetailsMarker {DIV} at (0,4) size 10x10: right
                    RenderText {#text} at (16,0) size 58x19
                      text run at (16,0) width 58: "summary"
                RenderBlock {DETAILS} at (0,18) size 120x18
                  RenderBlock {SUMMARY} at (0,0) size 120x18
                    RenderDetailsMarker {DIV} at (0,4) size 10x10: up
                    RenderText {#text} at (16,0) size 58x19
                      text run at (16,0) width 58: "summary"
            RenderTableCell {TD} at (358,98) size 124x124 [border: (1px solid #000000)] [r=3 c=4 rs=1 cs=1]
              RenderBlock {DIV} at (2,2) size 120x120
                RenderBlock {DETAILS} at (0,0) size 19x120
                  RenderBlock {SUMMARY} at (0,0) size 19x120
                    RenderDetailsMarker {DIV} at (4,0) size 10x10: down
                    RenderText {#text} at (0,10) size 19x58
                      text run at (0,10) width 58: "summary"
                RenderBlock {DETAILS} at (19,0) size 19x120
                  RenderBlock {SUMMARY} at (0,0) size 19x120
                    RenderDetailsMarker {DIV} at (4,0) size 10x10: right
                    RenderText {#text} at (0,10) size 19x58
                      text run at (0,10) width 58: "summary"
            RenderTableCell {TD} at (484,98) size 124x124 [border: (1px solid #000000)] [r=3 c=5 rs=1 cs=1]
              RenderBlock {DIV} at (2,2) size 120x120
                RenderBlock {DETAILS} at (0,0) size 19x120
                  RenderBlock {SUMMARY} at (0,0) size 19x120
                    RenderDetailsMarker {DIV} at (6,0) size 10x10: down
                    RenderText {#text} at (1,10) size 19x58
                      text run at (1,10) width 58: "summary"
                RenderBlock {DETAILS} at (19,0) size 19x120
                  RenderBlock {SUMMARY} at (0,0) size 19x120
                    RenderDetailsMarker {DIV} at (6,0) size 10x10: left
                    RenderText {#text} at (1,10) size 19x58
                      text run at (1,10) width 58: "summary"
          RenderTableRow {TR} at (0,224) size 610x124
            RenderTableCell {TH} at (76,271) size 28x30 [border: (1px inset #808080)] [r=4 c=1 rs=1 cs=1]
              RenderText {#text} at (6,6) size 16x19
                text run at (6,6) width 16: "rtl"
            RenderTableCell {TD} at (106,224) size 124x124 [border: (1px solid #000000)] [r=4 c=2 rs=1 cs=1]
              RenderBlock {DIV} at (2,2) size 120x120
                RenderBlock {DETAILS} at (0,0) size 120x18
                  RenderBlock {SUMMARY} at (0,0) size 120x18
                    RenderDetailsMarker {DIV} at (58,5) size 10x10: left
                    RenderText {#text} at (0,0) size 58x19
                      text run at (0,0) width 58: "summary"
                RenderBlock {DETAILS} at (0,18) size 120x18
                  RenderBlock {SUMMARY} at (0,0) size 120x18
                    RenderDetailsMarker {DIV} at (58,5) size 10x10: down
                    RenderText {#text} at (0,0) size 58x19
                      text run at (0,0) width 58: "summary"
            RenderTableCell {TD} at (232,224) size 124x124 [border: (1px solid #000000)] [r=4 c=3 rs=1 cs=1]
              RenderBlock {DIV} at (2,2) size 120x120
                RenderBlock {DETAILS} at (0,0) size 120x18
                  RenderBlock {SUMMARY} at (0,0) size 120x18
                    RenderDetailsMarker {DIV} at (58,4) size 10x10: left
                    RenderText {#text} at (0,0) size 58x19
                      text run at (0,0) width 58: "summary"
                RenderBlock {DETAILS} at (0,18) size 120x18
                  RenderBlock {SUMMARY} at (0,0) size 120x18
                    RenderDetailsMarker {DIV} at (58,4) size 10x10: up
                    RenderText {#text} at (0,0) size 58x19
                      text run at (0,0) width 58: "summary"
            RenderTableCell {TD} at (358,224) size 124x124 [border: (1px solid #000000)] [r=4 c=4 rs=1 cs=1]
              RenderBlock {DIV} at (2,2) size 120x120
                RenderBlock {DETAILS} at (0,0) size 19x120
                  RenderBlock {SUMMARY} at (0,0) size 19x120
                    RenderDetailsMarker {DIV} at (4,58) size 10x10: up
                    RenderText {#text} at (0,0) size 19x58
                      text run at (0,0) width 58: "summary"
                RenderBlock {DETAILS} at (19,0) size 19x120
                  RenderBlock {SUMMARY} at (0,0) size 19x120
                    RenderDetailsMarker {DIV} at (4,58) size 10x10: right
                    RenderText {#text} at (0,0) size 19x58
                      text run at (0,0) width 58: "summary"
            RenderTableCell {TD} at (484,224) size 124x124 [border: (1px solid #000000)] [r=4 c=5 rs=1 cs=1]
              RenderBlock {DIV} at (2,2) size 120x120
                RenderBlock {DETAILS} at (0,0) size 19x120
                  RenderBlock {SUMMARY} at (0,0) size 19x120
                    RenderDetailsMarker {DIV} at (6,58) size 10x10: up
                    RenderText {#text} at (1,0) size 19x58
                      text run at (1,0) width 58: "summary"
                RenderBlock {DETAILS} at (19,0) size 19x120
                  RenderBlock {SUMMARY} at (0,0) size 19x120
                    RenderDetailsMarker {DIV} at (6,58) size 10x10: left
                    RenderText {#text} at (1,0) size 19x58
                      text run at (1,0) width 58: "summary"
      RenderBlock (anonymous) at (0,722) size 769x18
        RenderBR {BR} at (0,0) size 0x19
      RenderTable {TABLE} at (0,740) size 612x352 [border: (1px outset #808080)]
        RenderTableSection {TBODY} at (1,1) size 610x350
          RenderTableRow {TR} at (0,2) size 610x30
            RenderTableCell {TH} at (2,2) size 606x30 [border: (1px inset #808080)] [r=0 c=0 rs=1 cs=6]
              RenderText {#text} at (246,6) size 114x19
                text run at (246,6) width 114: "text-align: center"
          RenderTableRow {TR} at (0,34) size 610x30
            RenderTableCell {TH} at (2,50) size 102x30 [border: (1px inset #808080)] [r=1 c=0 rs=2 cs=2]
              RenderText {#text} at (49,6) size 4x19
                text run at (49,6) width 4: " "
            RenderTableCell {TH} at (106,34) size 502x30 [border: (1px inset #808080)] [r=1 c=2 rs=1 cs=4]
              RenderText {#text} at (177,6) size 148x19
                text run at (177,6) width 148: "-webkit-writing-mode"
          RenderTableRow {TR} at (0,66) size 610x30
            RenderTableCell {TH} at (106,66) size 124x30 [border: (1px inset #808080)] [r=2 c=2 rs=1 cs=1]
              RenderText {#text} at (18,6) size 88x19
                text run at (18,6) width 88: "horizontal-tb"
            RenderTableCell {TH} at (232,66) size 124x30 [border: (1px inset #808080)] [r=2 c=3 rs=1 cs=1]
              RenderText {#text} at (18,6) size 88x19
                text run at (18,6) width 88: "horizontal-bt"
            RenderTableCell {TH} at (358,66) size 124x30 [border: (1px inset #808080)] [r=2 c=4 rs=1 cs=1]
              RenderText {#text} at (29,6) size 66x19
                text run at (29,6) width 66: "vertical-lr"
            RenderTableCell {TH} at (484,66) size 124x30 [border: (1px inset #808080)] [r=2 c=5 rs=1 cs=1]
              RenderText {#text} at (29,6) size 66x19
                text run at (29,6) width 66: "vertical-rl"
          RenderTableRow {TR} at (0,98) size 610x124
            RenderTableCell {TH} at (2,208) size 72x30 [border: (1px inset #808080)] [r=3 c=0 rs=4 cs=1]
              RenderText {#text} at (6,6) size 60x19
                text run at (6,6) width 60: "direction"
            RenderTableCell {TH} at (76,145) size 28x30 [border: (1px inset #808080)] [r=3 c=1 rs=1 cs=1]
              RenderText {#text} at (6,6) size 16x19
                text run at (6,6) width 16: "ltr"
            RenderTableCell {TD} at (106,98) size 124x124 [border: (1px solid #000000)] [r=3 c=2 rs=1 cs=1]
              RenderBlock {DIV} at (2,2) size 120x120
                RenderBlock {DETAILS} at (0,0) size 120x18
                  RenderBlock {SUMMARY} at (0,0) size 120x18
                    RenderDetailsMarker {DIV} at (23,5) size 10x10: right
                    RenderText {#text} at (39,0) size 58x19
                      text run at (39,0) width 58: "summary"
                RenderBlock {DETAILS} at (0,18) size 120x18
                  RenderBlock {SUMMARY} at (0,0) size 120x18
                    RenderDetailsMarker {DIV} at (23,5) size 10x10: down
                    RenderText {#text} at (39,0) size 58x19
                      text run at (39,0) width 58: "summary"
            RenderTableCell {TD} at (232,98) size 124x124 [border: (1px solid #000000)] [r=3 c=3 rs=1 cs=1]
              RenderBlock {DIV} at (2,2) size 120x120
                RenderBlock {DETAILS} at (0,0) size 120x18
                  RenderBlock {SUMMARY} at (0,0) size 120x18
                    RenderDetailsMarker {DIV} at (23,4) size 10x10: right
                    RenderText {#text} at (39,0) size 58x19
                      text run at (39,0) width 58: "summary"
                RenderBlock {DETAILS} at (0,18) size 120x18
                  RenderBlock {SUMMARY} at (0,0) size 120x18
                    RenderDetailsMarker {DIV} at (23,4) size 10x10: up
                    RenderText {#text} at (39,0) size 58x19
                      text run at (39,0) width 58: "summary"
            RenderTableCell {TD} at (358,98) size 124x124 [border: (1px solid #000000)] [r=3 c=4 rs=1 cs=1]
              RenderBlock {DIV} at (2,2) size 120x120
                RenderBlock {DETAILS} at (0,0) size 19x120
                  RenderBlock {SUMMARY} at (0,0) size 19x120
                    RenderDetailsMarker {DIV} at (4,26) size 10x10: down
                    RenderText {#text} at (0,36) size 19x58
                      text run at (0,36) width 58: "summary"
                RenderBlock {DETAILS} at (19,0) size 19x120
                  RenderBlock {SUMMARY} at (0,0) size 19x120
                    RenderDetailsMarker {DIV} at (4,26) size 10x10: right
                    RenderText {#text} at (0,36) size 19x58
                      text run at (0,36) width 58: "summary"
            RenderTableCell {TD} at (484,98) size 124x124 [border: (1px solid #000000)] [r=3 c=5 rs=1 cs=1]
              RenderBlock {DIV} at (2,2) size 120x120
                RenderBlock {DETAILS} at (0,0) size 19x120
                  RenderBlock {SUMMARY} at (0,0) size 19x120
                    RenderDetailsMarker {DIV} at (6,26) size 10x10: down
                    RenderText {#text} at (1,36) size 19x58
                      text run at (1,36) width 58: "summary"
                RenderBlock {DETAILS} at (19,0) size 19x120
                  RenderBlock {SUMMARY} at (0,0) size 19x120
                    RenderDetailsMarker {DIV} at (6,26) size 10x10: left
                    RenderText {#text} at (1,36) size 19x58
                      text run at (1,36) width 58: "summary"
          RenderTableRow {TR} at (0,224) size 610x124
            RenderTableCell {TH} at (76,271) size 28x30 [border: (1px inset #808080)] [r=4 c=1 rs=1 cs=1]
              RenderText {#text} at (6,6) size 16x19
                text run at (6,6) width 16: "rtl"
            RenderTableCell {TD} at (106,224) size 124x124 [border: (1px solid #000000)] [r=4 c=2 rs=1 cs=1]
              RenderBlock {DIV} at (2,2) size 120x120
                RenderBlock {DETAILS} at (0,0) size 120x18
                  RenderBlock {SUMMARY} at (0,0) size 120x18
                    RenderDetailsMarker {DIV} at (81,5) size 10x10: left
                    RenderText {#text} at (23,0) size 58x19
                      text run at (23,0) width 58: "summary"
                RenderBlock {DETAILS} at (0,18) size 120x18
                  RenderBlock {SUMMARY} at (0,0) size 120x18
                    RenderDetailsMarker {DIV} at (81,5) size 10x10: down
                    RenderText {#text} at (23,0) size 58x19
                      text run at (23,0) width 58: "summary"
            RenderTableCell {TD} at (232,224) size 124x124 [border: (1px solid #000000)] [r=4 c=3 rs=1 cs=1]
              RenderBlock {DIV} at (2,2) size 120x120
                RenderBlock {DETAILS} at (0,0) size 120x18
                  RenderBlock {SUMMARY} at (0,0) size 120x18
                    RenderDetailsMarker {DIV} at (81,4) size 10x10: left
                    RenderText {#text} at (23,0) size 58x19
                      text run at (23,0) width 58: "summary"
                RenderBlock {DETAILS} at (0,18) size 120x18
                  RenderBlock {SUMMARY} at (0,0) size 120x18
                    RenderDetailsMarker {DIV} at (81,4) size 10x10: up
                    RenderText {#text} at (23,0) size 58x19
                      text run at (23,0) width 58: "summary"
            RenderTableCell {TD} at (358,224) size 124x124 [border: (1px solid #000000)] [r=4 c=4 rs=1 cs=1]
              RenderBlock {DIV} at (2,2) size 120x120
                RenderBlock {DETAILS} at (0,0) size 19x120
                  RenderBlock {SUMMARY} at (0,0) size 19x120
                    RenderDetailsMarker {DIV} at (4,84) size 10x10: up
                    RenderText {#text} at (0,26) size 19x58
                      text run at (0,26) width 58: "summary"
                RenderBlock {DETAILS} at (19,0) size 19x120
                  RenderBlock {SUMMARY} at (0,0) size 19x120
                    RenderDetailsMarker {DIV} at (4,84) size 10x10: right
                    RenderText {#text} at (0,26) size 19x58
                      text run at (0,26) width 58: "summary"
            RenderTableCell {TD} at (484,224) size 124x124 [border: (1px solid #000000)] [r=4 c=5 rs=1 cs=1]
              RenderBlock {DIV} at (2,2) size 120x120
                RenderBlock {DETAILS} at (0,0) size 19x120
                  RenderBlock {SUMMARY} at (0,0) size 19x120
                    RenderDetailsMarker {DIV} at (6,84) size 10x10: up
                    RenderText {#text} at (1,26) size 19x58
                      text run at (1,26) width 58: "summary"
                RenderBlock {DETAILS} at (19,0) size 19x120
                  RenderBlock {SUMMARY} at (0,0) size 19x120
                    RenderDetailsMarker {DIV} at (6,84) size 10x10: left
                    RenderText {#text} at (1,26) size 19x58
                      text run at (1,26) width 58: "summary"
      RenderBlock (anonymous) at (0,1092) size 769x18
        RenderBR {BR} at (0,0) size 0x19
      RenderTable {TABLE} at (0,1110) size 612x352 [border: (1px outset #808080)]
        RenderTableSection {TBODY} at (1,1) size 610x350
          RenderTableRow {TR} at (0,2) size 610x30
            RenderTableCell {TH} at (2,2) size 606x30 [border: (1px inset #808080)] [r=0 c=0 rs=1 cs=6]
              RenderText {#text} at (250,6) size 106x19
                text run at (250,6) width 106: "text-align: right"
          RenderTableRow {TR} at (0,34) size 610x30
            RenderTableCell {TH} at (2,50) size 102x30 [border: (1px inset #808080)] [r=1 c=0 rs=2 cs=2]
              RenderText {#text} at (49,6) size 4x19
                text run at (49,6) width 4: " "
            RenderTableCell {TH} at (106,34) size 502x30 [border: (1px inset #808080)] [r=1 c=2 rs=1 cs=4]
              RenderText {#text} at (177,6) size 148x19
                text run at (177,6) width 148: "-webkit-writing-mode"
          RenderTableRow {TR} at (0,66) size 610x30
            RenderTableCell {TH} at (106,66) size 124x30 [border: (1px inset #808080)] [r=2 c=2 rs=1 cs=1]
              RenderText {#text} at (18,6) size 88x19
                text run at (18,6) width 88: "horizontal-tb"
            RenderTableCell {TH} at (232,66) size 124x30 [border: (1px inset #808080)] [r=2 c=3 rs=1 cs=1]
              RenderText {#text} at (18,6) size 88x19
                text run at (18,6) width 88: "horizontal-bt"
            RenderTableCell {TH} at (358,66) size 124x30 [border: (1px inset #808080)] [r=2 c=4 rs=1 cs=1]
              RenderText {#text} at (29,6) size 66x19
                text run at (29,6) width 66: "vertical-lr"
            RenderTableCell {TH} at (484,66) size 124x30 [border: (1px inset #808080)] [r=2 c=5 rs=1 cs=1]
              RenderText {#text} at (29,6) size 66x19
                text run at (29,6) width 66: "vertical-rl"
          RenderTableRow {TR} at (0,98) size 610x124
            RenderTableCell {TH} at (2,208) size 72x30 [border: (1px inset #808080)] [r=3 c=0 rs=4 cs=1]
              RenderText {#text} at (6,6) size 60x19
                text run at (6,6) width 60: "direction"
            RenderTableCell {TH} at (76,145) size 28x30 [border: (1px inset #808080)] [r=3 c=1 rs=1 cs=1]
              RenderText {#text} at (6,6) size 16x19
                text run at (6,6) width 16: "ltr"
            RenderTableCell {TD} at (106,98) size 124x124 [border: (1px solid #000000)] [r=3 c=2 rs=1 cs=1]
              RenderBlock {DIV} at (2,2) size 120x120
                RenderBlock {DETAILS} at (0,0) size 120x18
                  RenderBlock {SUMMARY} at (0,0) size 120x18
                    RenderDetailsMarker {DIV} at (46,5) size 10x10: right
                    RenderText {#text} at (62,0) size 58x19
                      text run at (62,0) width 58: "summary"
                RenderBlock {DETAILS} at (0,18) size 120x18
                  RenderBlock {SUMMARY} at (0,0) size 120x18
                    RenderDetailsMarker {DIV} at (46,5) size 10x10: down
                    RenderText {#text} at (62,0) size 58x19
                      text run at (62,0) width 58: "summary"
            RenderTableCell {TD} at (232,98) size 124x124 [border: (1px solid #000000)] [r=3 c=3 rs=1 cs=1]
              RenderBlock {DIV} at (2,2) size 120x120
                RenderBlock {DETAILS} at (0,0) size 120x18
                  RenderBlock {SUMMARY} at (0,0) size 120x18
                    RenderDetailsMarker {DIV} at (46,4) size 10x10: right
                    RenderText {#text} at (62,0) size 58x19
                      text run at (62,0) width 58: "summary"
                RenderBlock {DETAILS} at (0,18) size 120x18
                  RenderBlock {SUMMARY} at (0,0) size 120x18
                    RenderDetailsMarker {DIV} at (46,4) size 10x10: up
                    RenderText {#text} at (62,0) size 58x19
                      text run at (62,0) width 58: "summary"
            RenderTableCell {TD} at (358,98) size 124x124 [border: (1px solid #000000)] [r=3 c=4 rs=1 cs=1]
              RenderBlock {DIV} at (2,2) size 120x120
                RenderBlock {DETAILS} at (0,0) size 19x120
                  RenderBlock {SUMMARY} at (0,0) size 19x120
                    RenderDetailsMarker {DIV} at (4,52) size 10x10: down
                    RenderText {#text} at (0,62) size 19x58
                      text run at (0,62) width 58: "summary"
                RenderBlock {DETAILS} at (19,0) size 19x120
                  RenderBlock {SUMMARY} at (0,0) size 19x120
                    RenderDetailsMarker {DIV} at (4,52) size 10x10: right
                    RenderText {#text} at (0,62) size 19x58
                      text run at (0,62) width 58: "summary"
            RenderTableCell {TD} at (484,98) size 124x124 [border: (1px solid #000000)] [r=3 c=5 rs=1 cs=1]
              RenderBlock {DIV} at (2,2) size 120x120
                RenderBlock {DETAILS} at (0,0) size 19x120
                  RenderBlock {SUMMARY} at (0,0) size 19x120
                    RenderDetailsMarker {DIV} at (6,52) size 10x10: down
                    RenderText {#text} at (1,62) size 19x58
                      text run at (1,62) width 58: "summary"
                RenderBlock {DETAILS} at (19,0) size 19x120
                  RenderBlock {SUMMARY} at (0,0) size 19x120
                    RenderDetailsMarker {DIV} at (6,52) size 10x10: left
                    RenderText {#text} at (1,62) size 19x58
                      text run at (1,62) width 58: "summary"
          RenderTableRow {TR} at (0,224) size 610x124
            RenderTableCell {TH} at (76,271) size 28x30 [border: (1px inset #808080)] [r=4 c=1 rs=1 cs=1]
              RenderText {#text} at (6,6) size 16x19
                text run at (6,6) width 16: "rtl"
            RenderTableCell {TD} at (106,224) size 124x124 [border: (1px solid #000000)] [r=4 c=2 rs=1 cs=1]
              RenderBlock {DIV} at (2,2) size 120x120
                RenderBlock {DETAILS} at (0,0) size 120x18
                  RenderBlock {SUMMARY} at (0,0) size 120x18
                    RenderDetailsMarker {DIV} at (104,5) size 10x10: left
                    RenderText {#text} at (46,0) size 58x19
                      text run at (46,0) width 58: "summary"
                RenderBlock {DETAILS} at (0,18) size 120x18
                  RenderBlock {SUMMARY} at (0,0) size 120x18
                    RenderDetailsMarker {DIV} at (104,5) size 10x10: down
                    RenderText {#text} at (46,0) size 58x19
                      text run at (46,0) width 58: "summary"
            RenderTableCell {TD} at (232,224) size 124x124 [border: (1px solid #000000)] [r=4 c=3 rs=1 cs=1]
              RenderBlock {DIV} at (2,2) size 120x120
                RenderBlock {DETAILS} at (0,0) size 120x18
                  RenderBlock {SUMMARY} at (0,0) size 120x18
                    RenderDetailsMarker {DIV} at (104,4) size 10x10: left
                    RenderText {#text} at (46,0) size 58x19
                      text run at (46,0) width 58: "summary"
                RenderBlock {DETAILS} at (0,18) size 120x18
                  RenderBlock {SUMMARY} at (0,0) size 120x18
                    RenderDetailsMarker {DIV} at (104,4) size 10x10: up
                    RenderText {#text} at (46,0) size 58x19
                      text run at (46,0) width 58: "summary"
            RenderTableCell {TD} at (358,224) size 124x124 [border: (1px solid #000000)] [r=4 c=4 rs=1 cs=1]
              RenderBlock {DIV} at (2,2) size 120x120
                RenderBlock {DETAILS} at (0,0) size 19x120
                  RenderBlock {SUMMARY} at (0,0) size 19x120
                    RenderDetailsMarker {DIV} at (4,110) size 10x10: up
                    RenderText {#text} at (0,52) size 19x58
                      text run at (0,52) width 58: "summary"
                RenderBlock {DETAILS} at (19,0) size 19x120
                  RenderBlock {SUMMARY} at (0,0) size 19x120
                    RenderDetailsMarker {DIV} at (4,110) size 10x10: right
                    RenderText {#text} at (0,52) size 19x58
                      text run at (0,52) width 58: "summary"
            RenderTableCell {TD} at (484,224) size 124x124 [border: (1px solid #000000)] [r=4 c=5 rs=1 cs=1]
              RenderBlock {DIV} at (2,2) size 120x120
                RenderBlock {DETAILS} at (0,0) size 19x120
                  RenderBlock {SUMMARY} at (0,0) size 19x120
                    RenderDetailsMarker {DIV} at (6,110) size 10x10: up
                    RenderText {#text} at (1,52) size 19x58
                      text run at (1,52) width 58: "summary"
                RenderBlock {DETAILS} at (19,0) size 19x120
                  RenderBlock {SUMMARY} at (0,0) size 19x120
                    RenderDetailsMarker {DIV} at (6,110) size 10x10: left
                    RenderText {#text} at (1,52) size 19x58
                      text run at (1,52) width 58: "summary"
