layer at (0,0) size 800x600
  RenderView at (0,0) size 800x600
layer at (0,0) size 800x156
  RenderBlock {HTML} at (0,0) size 800x156
    RenderBody {BODY} at (8,16) size 784x124
      RenderBlock {P} at (0,0) size 784x19
        RenderText {#text} at (0,0) size 262x19
          text run at (0,0) width 262: "This line should not have red background"
      RenderBlock {P} at (0,35) size 784x19 [bgcolor=#00FF00]
        RenderText {#text} at (0,0) size 245x19
          text run at (0,0) width 245: "This line should have lime background"
      RenderBlock {P} at (0,70) size 784x19
        RenderText {#text} at (0,0) size 262x19
          text run at (0,0) width 262: "This line should not have red background"
      RenderBlock {P} at (0,105) size 784x19 [bgcolor=#00FF00]
        RenderText {#text} at (0,0) size 245x19
          text run at (0,0) width 245: "This line should have lime background"
