layer at (0,0) size 800x600
  RenderView at (0,0) size 800x600
layer at (0,0) size 800x562
  RenderBlock {HTML} at (0,0) size 800x562
    RenderBody {BODY} at (8,16) size 784x526
      RenderBlock {P} at (0,0) size 784x42
        RenderText {#text} at (0,0) size 768x42
          text run at (0,0) width 768: "Test ensures that nested transformed elements produce the same result as a single compound transform.You"
          text run at (0,21) width 317: "should not see any red in the two tests below"
layer at (78,78) size 402x222
  RenderBlock (relative positioned) {DIV} at (20,62) size 402x222 [border: (1px solid #000000)]
    RenderBlock {P} at (1,17) size 400x21
      RenderText {#text} at (0,0) size 96x21
        text run at (0,0) width 96: "Translate first"
layer at (79,132) size 80x80
  RenderBlock (positioned) {DIV} at (1,54) size 80x80
layer at (79,132) size 80x80
  RenderBlock (positioned) {DIV} at (0,0) size 80x80
layer at (79,132) size 80x80
  RenderBlock (positioned) {DIV} at (0,0) size 80x80
layer at (79,132) size 80x80
  RenderBlock (positioned) {DIV} at (0,0) size 80x80 [bgcolor=#FF0000]
    RenderText {#text} at (0,0) size 69x21
      text run at (0,0) width 69: "Individual"
layer at (79,132) size 80x80
  RenderBlock (positioned) {DIV} at (1,54) size 80x80 [bgcolor=#008000]
layer at (78,320) size 402x222
  RenderBlock (relative positioned) {DIV} at (20,304) size 402x222 [border: (1px solid #000000)]
    RenderBlock {P} at (1,17) size 400x21
      RenderText {#text} at (0,0) size 123x21
        text run at (0,0) width 123: "Translate second"
layer at (79,374) size 80x80
  RenderBlock (positioned) {DIV} at (1,54) size 80x80
layer at (79,374) size 80x80
  RenderBlock (positioned) {DIV} at (0,0) size 80x80
layer at (79,374) size 80x80
  RenderBlock (positioned) {DIV} at (0,0) size 80x80
layer at (79,374) size 80x80
  RenderBlock (positioned) {DIV} at (0,0) size 80x80 [bgcolor=#FF0000]
    RenderText {#text} at (0,0) size 69x21
      text run at (0,0) width 69: "Individual"
layer at (79,374) size 80x80
  RenderBlock (positioned) {DIV} at (1,54) size 80x80 [bgcolor=#008000]
