layer at (0,0) size 800x600
  RenderView at (0,0) size 800x600
layer at (0,0) size 800x527
  RenderBlock {HTML} at (0,0) size 800x527
    RenderBody {BODY} at (8,16) size 784x481
      RenderBlock {P} at (0,0) size 784x21
        RenderText {#text} at (0,0) size 600x21
          text run at (0,0) width 600: "Tests that origin of rotation is the center of the border box, with and without box-sizing"
      RenderBlock {DIV} at (30,51) size 200x200 [bgcolor=#FF0000]
      RenderBlock {DIV} at (30,281) size 200x200 [bgcolor=#FF0000]
layer at (38,67) size 200x200
  RenderBlock {DIV} at (0,0) size 200x200 [bgcolor=#008000] [border: (100px solid #808080) none]
    RenderText {#text} at (0,0) size 77x42
      text run at (0,0) width 77: "box-sizing:"
      text run at (0,21) width 31: "auto"
layer at (38,297) size 200x200
  RenderBlock {DIV} at (0,0) size 200x200 [bgcolor=#008000] [border: (100px solid #808080) none]
    RenderText {#text} at (0,0) size 77x42
      text run at (0,0) width 77: "box-sizing:"
      text run at (0,21) width 31: "auto"
