layer at (0,0) size 800x600
  RenderView at (0,0) size 800x600
layer at (0,0) size 800x422
  RenderBlock {html} at (0,0) size 800x422
    RenderBody {body} at (8,8) size 784x406
      RenderBlock {div} at (0,0) size 200x200 [color=#FFFF00] [bgcolor=#FF0000]
        RenderText {#text} at (0,0) size 39x22
          text run at (0,0) width 39: "FAIL"
      RenderBlock (anonymous) at (0,200) size 784x206
        RenderSVGRoot {svg} at (8,208) size 200x200
          RenderSVGPath {circle} at (58,258) size 100x100 [fill={[type=SOLID] [color=#008000]}] [cx=100.00] [cy=100.00] [r=50.00]
          RenderSVGForeignObject {foreignObject} at (0,0) size 200x200
        RenderText {#text} at (0,0) size 0x0
layer at (8,8) size 200x200
  RenderBlock (positioned) {div} at (8,8) size 200x200 [bgcolor=#FFFFFF]
    RenderText {#text} at (0,0) size 183x66
      text run at (0,0) width 164: "There should be a green"
      text run at (0,22) width 183: "circle below with no red on"
      text run at (0,44) width 64: "this page."
