layer at (0,0) size 800x600
  RenderView at (0,0) size 800x600
layer at (0,0) size 800x168
  RenderBlock {html} at (0,0) size 800x168
    RenderBody {body} at (8,16) size 784x144 [color=#008000]
      RenderBlock {p} at (0,0) size 784x22 [color=#000000]
        RenderText {#text} at (0,0) size 253x22
          text run at (0,0) width 253: "There should be a green block below."
      RenderBlock (anonymous) at (0,38) size 784x106
        RenderSVGRoot {svg} at (8,54) size 300x100
          RenderSVGPath {rect} at (8,54) size 300x100 [fill={[type=SOLID] [color=#FF0000]}] [x=0.00] [y=0.00] [width=300.00] [height=100.00]
          RenderSVGPath {rect} at (8,54) size 300x100 [fill={[type=SOLID] [color=#008000]}] [x=0.00] [y=0.00] [width=300.00] [height=100.00]
        RenderText {#text} at (0,0) size 0x0
