EDITING DELEGATE: shouldBeginEditingInDOMRange:range from 0 of DIV > BODY > HTML > #document to 1 of DIV > BODY > HTML > #document
EDITING DELEGATE: webViewDidBeginEditing:WebViewDidBeginEditingNotification
EDITING DELEGATE: webViewDidChangeSelection:WebViewDidChangeSelectionNotification
EDITING DELEGATE: shouldChangeSelectedDOMRange:range from 16 of #text > DIV > BODY > HTML > #document to 16 of #text > DIV > BODY > HTML > #document toDOMRange:range from 16 of #text > DIV > BODY > HTML > #document to 16 of #text > DIV > BODY > HTML > #document affinity:NSSelectionAffinityDownstream stillSelecting:FALSE
EDITING DELEGATE: webViewDidChangeSelection:WebViewDidChangeSelectionNotification
EDITING DELEGATE: webViewDidChange:WebViewDidChangeNotification
EDITING DELEGATE: shouldEndEditingInDOMRange:range from 0 of DIV > BODY > HTML > #document to 2 of DIV > BODY > HTML > #document
EDITING DELEGATE: webViewDidEndEditing:WebViewDidEndEditingNotification
EDITING DELEGATE: shouldBeginEditingInDOMRange:range from 0 of DIV > BODY > HTML > #document to 1 of DIV > BODY > HTML > #document
EDITING DELEGATE: webViewDidBeginEditing:WebViewDidBeginEditingNotification
EDITING DELEGATE: webViewDidChangeSelection:WebViewDidChangeSelectionNotification
EDITING DELEGATE: webViewDidChangeSelection:WebViewDidChangeSelectionNotification
EDITING DELEGATE: webViewDidChangeSelection:WebViewDidChangeSelectionNotification
EDITING DELEGATE: shouldChangeSelectedDOMRange:range from 11 of #text > DIV > BLOCKQUOTE > DIV > BODY > HTML > #document to 11 of #text > DIV > BLOCKQUOTE > DIV > BODY > HTML > #document toDOMRange:range from 3 of #text > DIV > BLOCKQUOTE > DIV > BODY > HTML > #document to 3 of #text > DIV > BLOCKQUOTE > DIV > BODY > HTML > #document affinity:NSSelectionAffinityDownstream stillSelecting:FALSE
EDITING DELEGATE: webViewDidChangeSelection:WebViewDidChangeSelectionNotification
EDITING DELEGATE: webViewDidChange:WebViewDidChangeNotification
layer at (0,0) size 800x600
  RenderView at (0,0) size 800x600
layer at (0,0) size 800x600
  RenderBlock {HTML} at (0,0) size 800x600
    RenderBody {BODY} at (8,8) size 784x576
      RenderBlock {P} at (0,0) size 784x18
        RenderText {#text} at (0,0) size 606x18
          text run at (0,0) width 397: "This tests pasting a Mail blockquote at the start of a paragraph. "
          text run at (397,0) width 209: "Blockquoting should be stripped."
      RenderBlock {DIV} at (0,34) size 784x18
        RenderText {#text} at (0,0) size 114x18
          text run at (0,0) width 114: "Blockquoted Text"
        RenderText {#text} at (114,0) size 8x18
          text run at (114,0) width 8: "x"
      RenderBlock {P} at (0,68) size 784x36
        RenderText {#text} at (0,0) size 759x36
          text run at (0,0) width 289: "This tests pasting text into a Mail blockquote. "
          text run at (289,0) width 470: "The last bit of content in the incoming fragment should be merged with the"
          text run at (0,18) width 287: "paragraph after the position being pasted into."
      RenderBlock {DIV} at (0,120) size 784x52
        RenderBlock {BLOCKQUOTE} at (40,0) size 704x18
          RenderBlock {DIV} at (0,0) size 704x18
            RenderText {#text} at (0,0) size 81x18
              text run at (0,0) width 81: "Blockquoted"
            RenderText {#text} at (81,0) size 21x18
              text run at (81,0) width 21: "foo"
        RenderBlock (anonymous) at (0,34) size 784x0
        RenderBlock {BLOCKQUOTE} at (40,34) size 704x18
          RenderBlock {DIV} at (0,0) size 704x18
            RenderText {#text} at (0,0) size 20x18
              text run at (0,0) width 20: "bar"
            RenderText {#text} at (20,0) size 29x18
              text run at (20,0) width 29: "Text"
caret: position 3 of child 0 {#text} of child 0 {DIV} of child 1 {BLOCKQUOTE} of child 10 {DIV} of body
