EDITING DELEGATE: shouldBeginEditingInDOMRange:range from 0 of BODY > HTML > #document to 6 of BODY > HTML > #document
EDITING DELEGATE: webViewDidBeginEditing:WebViewDidBeginEditingNotification
EDITING DELEGATE: webViewDidChangeSelection:WebViewDidChangeSelectionNotification
EDITING DELEGATE: webViewDidChangeSelection:WebViewDidChangeSelectionNotification
EDITING DELEGATE: shouldInsertNode:#document-fragment replacingDOMRange:range from 0 of #text > DIV > BODY > HTML > #document to 9 of #text > DIV > BODY > HTML > #document givenAction:WebViewInsertActionPasted
EDITING DELEGATE: webViewDidChangeSelection:WebViewDidChangeSelectionNotification
EDITING DELEGATE: shouldChangeSelectedDOMRange:range from 0 of DIV > BODY > HTML > #document to 0 of DIV > BODY > HTML > #document toDOMRange:range from 5 of #text > TD > TR > TBODY > TABLE > DIV > BODY > HTML > #document to 5 of #text > TD > TR > TBODY > TABLE > DIV > BODY > HTML > #document affinity:NSSelectionAffinityDownstream stillSelecting:FALSE
EDITING DELEGATE: webViewDidChangeSelection:WebViewDidChangeSelectionNotification
EDITING DELEGATE: webViewDidChange:WebViewDidChangeNotification
layer at (0,0) size 800x600
  RenderView at (0,0) size 800x600
layer at (0,0) size 800x600
  RenderBlock {HTML} at (0,0) size 800x600
    RenderBody {BODY} at (8,8) size 784x584
      RenderTable {TABLE} at (0,0) size 78x24
        RenderTableSection {TBODY} at (0,0) size 78x24
          RenderTableRow {TR} at (0,2) size 78x20
            RenderTableCell {TD} at (2,2) size 33x20 [r=0 c=0 rs=1 cs=1]
              RenderText {#text} at (1,1) size 31x18
                text run at (1,1) width 31: "hello"
            RenderTableCell {TD} at (37,2) size 39x20 [r=0 c=1 rs=1 cs=1]
              RenderText {#text} at (1,1) size 37x18
                text run at (1,1) width 37: "world"
      RenderBlock {DIV} at (0,24) size 784x24
        RenderTable {TABLE} at (0,0) size 78x24
          RenderTableSection {TBODY} at (0,0) size 78x24
            RenderTableRow {TR} at (0,2) size 78x20
              RenderTableCell {TD} at (2,2) size 33x20 [r=0 c=0 rs=1 cs=1]
                RenderText {#text} at (1,1) size 31x18
                  text run at (1,1) width 31: "hello"
              RenderTableCell {TD} at (37,2) size 39x20 [r=0 c=1 rs=1 cs=1]
                RenderText {#text} at (1,1) size 37x18
                  text run at (1,1) width 37: "world"
        RenderBlock (anonymous) at (0,24) size 784x0
caret: position 5 of child 0 {#text} of child 1 {TD} of child 0 {TR} of child 0 {TBODY} of child 0 {TABLE} of child 3 {DIV} of body
