layer at (0,0) size 785x613
  RenderView at (0,0) size 785x600
layer at (0,0) size 785x613
  RenderBlock {HTML} at (0,0) size 785x613
    RenderBody {BODY} at (8,8) size 769x597
      RenderBlock {P} at (0,0) size 769x26
        RenderText {#text} at (0,0) size 550x26
          text run at (0,0) width 550: "Images should redraw correctly when SVG animation runs"
      RenderBlock (anonymous) at (0,49) size 769x548
        RenderImage {IMG} at (10,10) size 354x254 [border: (2px solid #000000)]
        RenderBR {BR} at (374,274) size 0x0
        RenderImage {IMG} at (10,284) size 354x254 [border: (2px solid #000000)]
        RenderText {#text} at (0,0) size 0x0
