layer at (0,0) size 800x600
  RenderView at (0,0) size 800x600
layer at (0,0) size 800x528
  RenderBlock {html} at (0,0) size 800x528
    RenderBody {body} at (8,23) size 784x497
      RenderBlock {p} at (0,0) size 784x52
        RenderText {#text} at (0,0) size 703x52
          text run at (0,0) width 703: "The svg image contained in the div element (red box) should not change its"
          text run at (0,26) width 424: "appearance when width is resized to be larger"
      RenderBlock {div} at (0,75) size 602x422 [border: (1px solid #FF0000)]
        RenderImage {img} at (1,1) size 420x420
        RenderText {#text} at (0,0) size 0x0
