layer at (0,0) size 800x2320
  RenderView at (0,0) size 800x600
layer at (0,0) size 800x2320
  RenderBlock {HTML} at (0,0) size 800x2320
    RenderBody {BODY} at (8,16) size 784x2256 [bgcolor=#FFFFFF]
      RenderBlock {P} at (0,0) size 784x19
        RenderText {#text} at (0,0) size 162x18
          text run at (0,0) width 162: "This page is part of the "
        RenderInline {A} at (0,0) size 72x18 [color=#0000EE]
          RenderText {#text} at (162,0) size 72x18
            text run at (162,0) width 72: "CSS3.info"
        RenderText {#text} at (234,0) size 4x18
          text run at (234,0) width 4: " "
        RenderInline {A} at (0,0) size 130x18 [color=#0000EE]
          RenderText {#text} at (238,0) size 130x18
            text run at (238,0) width 130: "CSS selectors test"
        RenderText {#text} at (368,0) size 131x18
          text run at (368,0) width 131: ". See more info on "
        RenderInline {A} at (0,0) size 110x18 [color=#0000EE]
          RenderText {#text} at (499,0) size 110x18
            text run at (499,0) width 110: "CSS3 selectors"
        RenderText {#text} at (609,0) size 4x18
          text run at (609,0) width 4: "."
      RenderBlock {DIV} at (0,35) size 784x0 [bgcolor=#009900]
      RenderBlock {OL} at (0,35) size 784x2221
        RenderListItem {LI} at (40,0) size 628x251 [bgcolor=#AAAAAA]
          RenderBlock {DIV} at (16,16) size 596x24 [bgcolor=#990000]
            RenderBlock {DIV} at (0,0) size 596x24 [bgcolor=#009900]
          RenderBlock {PRE} at (16,53) size 596x112 [bgcolor=#FFFFFF]
            RenderListMarker at (-38,6) size 17x19: "1"
            RenderText {#text} at (7,9) size 144x97
              text run at (7,9) width 144: "div :first-child {"
              text run at (151,9) width 0: " "
              text run at (7,26) width 8: "}"
              text run at (15,26) width 0: " "
              text run at (7,42) width 0: " "
              text run at (7,58) width 40: "<div>"
              text run at (47,58) width 0: " "
              text run at (7,74) width 112: "   <div></div>"
              text run at (119,74) width 0: " "
              text run at (7,90) width 48: "</div>"
          RenderBlock {P} at (16,181) size 596x38
            RenderText {#text} at (0,0) size 594x37
              text run at (0,0) width 594: "The CSS selector should match the inner div element, because it is the only child of the"
              text run at (0,19) width 118: "outer div element"
        RenderListItem {LI} at (40,299) size 628x267 [bgcolor=#AAAAAA]
          RenderBlock {DIV} at (16,16) size 596x24 [bgcolor=#990000]
            RenderBlock {DIV} at (0,0) size 596x24 [bgcolor=#009900]
            RenderBlock {BLOCKQUOTE} at (0,24) size 596x0
          RenderBlock {PRE} at (16,53) size 596x128 [bgcolor=#FFFFFF]
            RenderListMarker at (-38,6) size 17x19: "2"
            RenderText {#text} at (7,9) size 224x113
              text run at (7,9) width 144: "div :first-child {"
              text run at (151,9) width 0: " "
              text run at (7,26) width 8: "}"
              text run at (15,26) width 0: " "
              text run at (7,42) width 0: " "
              text run at (7,58) width 48: "<div> "
              text run at (55,58) width 0: " "
              text run at (7,74) width 112: "   <div></div>"
              text run at (119,74) width 0: " "
              text run at (7,90) width 224: "   <blockquote></blockquote>"
              text run at (231,90) width 0: " "
              text run at (7,106) width 48: "</div>"
          RenderBlock {P} at (16,197) size 596x38
            RenderText {#text} at (0,0) size 592x37
              text run at (0,0) width 592: "The CSS selector should match the inner div element, because it is the first child of the"
              text run at (0,19) width 118: "outer div element"
        RenderListItem {LI} at (40,614) size 628x286 [bgcolor=#AAAAAA]
          RenderBlock {DIV} at (16,16) size 596x24 [bgcolor=#990000]
            RenderBlock {DIV} at (0,0) size 596x24 [bgcolor=#009900]
          RenderBlock {PRE} at (16,53) size 596x128 [bgcolor=#FFFFFF]
            RenderListMarker at (-38,6) size 17x19: "3"
            RenderText {#text} at (7,9) size 208x113
              text run at (7,9) width 144: "div :first-child {"
              text run at (151,9) width 0: " "
              text run at (7,26) width 8: "}"
              text run at (15,26) width 0: " "
              text run at (7,42) width 0: " "
              text run at (7,58) width 48: "<div> "
              text run at (55,58) width 0: " "
              text run at (7,74) width 208: "   <!-- Just a comment -->"
              text run at (215,74) width 0: " "
              text run at (7,90) width 112: "   <div></div>"
              text run at (119,90) width 0: " "
              text run at (7,106) width 48: "</div>"
          RenderBlock {P} at (16,197) size 596x57
            RenderText {#text} at (0,0) size 592x56
              text run at (0,0) width 592: "The CSS selector should match the inner div element, because it is the first child of the"
              text run at (0,19) width 122: "outer div element "
              text run at (122,19) width 470: "Comments are not elements, so they should not be considered when"
              text run at (0,38) width 176: "determining the first child."
        RenderListItem {LI} at (40,948) size 628x302 [bgcolor=#AAAAAA]
          RenderBlock {DIV} at (16,16) size 596x43 [bgcolor=#990000]
            RenderBlock (anonymous) at (0,0) size 596x19
              RenderListMarker at (-38,0) size 17x18: "4"
              RenderText {#text} at (0,0) size 4x18
                text run at (0,0) width 4: "."
            RenderBlock {DIV} at (0,19) size 596x24 [bgcolor=#009900]
          RenderBlock {PRE} at (16,72) size 596x125 [bgcolor=#FFFFFF]
            RenderText {#text} at (7,7) size 224x112
              text run at (7,7) width 144: "div :first-child {"
              text run at (151,7) width 0: " "
              text run at (7,23) width 8: "}"
              text run at (15,23) width 0: " "
              text run at (7,39) width 0: " "
              text run at (7,55) width 48: "<div> "
              text run at (55,55) width 0: " "
              text run at (7,71) width 224: "   How about regular text..."
              text run at (231,71) width 0: " "
              text run at (7,87) width 112: "   <div></div>"
              text run at (119,87) width 0: " "
              text run at (7,103) width 48: "</div>"
          RenderBlock {P} at (16,213) size 596x57
            RenderText {#text} at (0,0) size 592x56
              text run at (0,0) width 592: "The CSS selector should match the inner div element, because it is the first child of the"
              text run at (0,19) width 126: "outer div element. "
              text run at (126,19) width 458: "Regular text is not an element, so it should not be considered when"
              text run at (0,38) width 176: "determining the first child."
        RenderListItem {LI} at (40,1298) size 628x267 [bgcolor=#AAAAAA]
          RenderBlock {DIV} at (16,16) size 596x24 [bgcolor=#009900]
            RenderBlock {BLOCKQUOTE} at (0,0) size 596x0 [bgcolor=#990000]
            RenderBlock {DIV} at (0,0) size 596x24
          RenderBlock {PRE} at (16,53) size 596x128 [bgcolor=#FFFFFF]
            RenderListMarker at (-38,6) size 17x19: "5"
            RenderText {#text} at (7,9) size 224x113
              text run at (7,9) width 144: "div :first-child {"
              text run at (151,9) width 0: " "
              text run at (7,26) width 8: "}"
              text run at (15,26) width 0: " "
              text run at (7,42) width 0: " "
              text run at (7,58) width 48: "<div> "
              text run at (55,58) width 0: " "
              text run at (7,74) width 224: "   <blockquote></blockquote>"
              text run at (231,74) width 0: " "
              text run at (7,90) width 112: "   <div></div>"
              text run at (119,90) width 0: " "
              text run at (7,106) width 48: "</div>"
          RenderBlock {P} at (16,197) size 596x38
            RenderText {#text} at (0,0) size 565x37
              text run at (0,0) width 565: "The CSS selector should not match the inner div element, because it is the second"
              text run at (0,19) width 196: "child of the outer div element"
        RenderListItem {LI} at (40,1613) size 628x280 [bgcolor=#AAAAAA]
          RenderBlock {DIV} at (16,16) size 596x24 [bgcolor=#990000]
            RenderBlock {DIV} at (0,0) size 596x24 [bgcolor=#009900]
            RenderBlock {DIV} at (0,24) size 596x0
          RenderBlock {PRE} at (16,53) size 596x160 [bgcolor=#FFFFFF]
            RenderListMarker at (-38,6) size 17x19: "6"
            RenderText {#text} at (7,9) size 520x145
              text run at (7,9) width 144: "div :first-child {"
              text run at (151,9) width 0: " "
              text run at (7,26) width 8: "}"
              text run at (15,26) width 0: " "
              text run at (7,42) width 0: " "
              text run at (7,58) width 40: "<div>"
              text run at (47,58) width 0: " "
              text run at (7,74) width 256: "   <div id='insertBefore'></div>"
              text run at (263,74) width 0: " "
              text run at (7,90) width 48: "</div>"
              text run at (55,90) width 0: " "
              text run at (7,106) width 0: " "
              text run at (7,122) width 392: "var ib = document.getElementById('insertBefore');"
              text run at (399,122) width 0: " "
              text run at (7,138) width 520: "ib.parentElement.insertBefore(document.createElement(\"div\"), ib);"
          RenderBlock {P} at (16,229) size 596x19
            RenderText {#text} at (0,0) size 594x18
              text run at (0,0) width 594: "The CSS selector should match the div element that is inserted by the Javascript code."
        RenderListItem {LI} at (40,1941) size 628x280 [bgcolor=#AAAAAA]
          RenderBlock {DIV} at (16,16) size 596x24 [bgcolor=#009900]
            RenderBlock {DIV} at (0,0) size 596x0 [bgcolor=#990000]
            RenderBlock {DIV} at (0,0) size 596x24
          RenderBlock {PRE} at (16,53) size 596x160 [bgcolor=#FFFFFF]
            RenderListMarker at (-38,6) size 17x19: "7"
            RenderText {#text} at (7,9) size 520x145
              text run at (7,9) width 144: "div :first-child {"
              text run at (151,9) width 0: " "
              text run at (7,26) width 8: "}"
              text run at (15,26) width 0: " "
              text run at (7,42) width 0: " "
              text run at (7,58) width 40: "<div>"
              text run at (47,58) width 0: " "
              text run at (7,74) width 256: "   <div id='insertBefore'></div>"
              text run at (263,74) width 0: " "
              text run at (7,90) width 48: "</div>"
              text run at (55,90) width 0: " "
              text run at (7,106) width 0: " "
              text run at (7,122) width 392: "var ib = document.getElementById('insertBefore');"
              text run at (399,122) width 0: " "
              text run at (7,138) width 520: "ib.parentElement.insertBefore(document.createElement(\"div\"), ib);"
          RenderBlock {P} at (16,229) size 596x19
            RenderText {#text} at (0,0) size 499x18
              text run at (0,0) width 499: "The original div element should not be a match for the :first-child selector."
