layer at (0,0) size 800x891
  RenderView at (0,0) size 800x600
layer at (0,0) size 800x891
  RenderBlock {HTML} at (0,0) size 800x891
    RenderBody {BODY} at (8,8) size 784x875
      RenderBlock {P} at (0,0) size 784x20
        RenderText {#text} at (0,0) size 270x19
          text run at (0,0) width 270: "Tests: the height attribute for the marquee tag"
        RenderBR {BR} at (270,15) size 0x0
      RenderBlock {P} at (0,36) size 784x60
        RenderText {#text} at (0,0) size 68x19
          text run at (0,0) width 68: "Conditions:"
        RenderBR {BR} at (68,15) size 0x0
        RenderText {#text} at (0,20) size 769x39
          text run at (0,20) width 769: "Because marquee is a WinIE element, we are honoring their treatment of the heigh attribute by making sure it is overridden when"
          text run at (0,40) width 57: "the given "
          text run at (57,40) width 656: "height is smaller than the font height. We also make sure that the default height of a vertical marquee is 200px."
      RenderBlock {P} at (0,112) size 784x40
        RenderText {#text} at (0,0) size 782x39
          text run at (0,0) width 782: "If successful, in the horizontal group, the pink marquee should be large, and the others should all be the same size. None of the text"
          text run at (0,20) width 650: "should be cut off. In the vertical group, the aqua marquee should be 200px, and the others should be 100px."
      RenderBlock {HR} at (0,168) size 784x2 [border: (1px inset #000000)]
      RenderBlock (anonymous) at (0,178) size 784x697
        RenderText {#text} at (0,0) size 0x0
        RenderBR {BR} at (0,0) size 0x0
        RenderText {#text} at (0,0) size 0x0
        RenderBR {BR} at (0,0) size 0x0
        RenderText {#text} at (0,0) size 0x0
        RenderBR {BR} at (0,0) size 0x0
        RenderText {#text} at (0,0) size 0x0
        RenderText {#text} at (0,0) size 0x0
        RenderBR {BR} at (0,0) size 0x0
        RenderBR {BR} at (0,172) size 0x19
        RenderBR {BR} at (0,192) size 0x19
        RenderBlock {DIV} at (0,397) size 106x200 [bgcolor=#008000]
          RenderText {#text} at (0,0) size 106x19
            text run at (0,0) width 106: "This is 200px tall."
        RenderText {#text} at (106,397) size 4x19
          text run at (106,397) width 4: " "
        RenderText {#text} at (310,397) size 4x19
          text run at (310,397) width 4: " "
        RenderText {#text} at (514,397) size 4x19
          text run at (514,397) width 4: " "
        RenderText {#text} at (0,0) size 0x0
        RenderBlock {DIV} at (0,597) size 106x100 [bgcolor=#008000]
          RenderText {#text} at (0,0) size 106x19
            text run at (0,0) width 106: "This is 100px tall."
        RenderText {#text} at (0,0) size 0x0
layer at (8,186) size 784x16 scrollX -784 scrollWidth 1640 scrollHeight 20
  RenderBlock {MARQUEE} at (0,0) size 784x16 [bgcolor=#00FFFF]
    RenderInline {B} at (0,0) size 1640x19
      RenderText {#text} at (0,0) size 1640x19
        text run at (0,0) width 706: "Four Irish players have been named on the starting team for Saturday's Test game, with two on the bench. "
        text run at (706,0) width 112: "Paul O' Connell, "
        text run at (818,0) width 822: "Donncha O' Callaghan, Simon Easterby and Geordan Murphy all start with Ronan O' Gara and Shane Horgan on the bench."
    RenderText {#text} at (0,0) size 0x0
layer at (8,202) size 784x16 scrollX -784 scrollWidth 1640 scrollHeight 20
  RenderBlock {MARQUEE} at (0,16) size 784x16 [bgcolor=#FFFF00]
    RenderInline {B} at (0,0) size 1640x19
      RenderText {#text} at (0,0) size 1640x19
        text run at (0,0) width 706: "Four Irish players have been named on the starting team for Saturday's Test game, with two on the bench. "
        text run at (706,0) width 112: "Paul O' Connell, "
        text run at (818,0) width 822: "Donncha O' Callaghan, Simon Easterby and Geordan Murphy all start with Ronan O' Gara and Shane Horgan on the bench."
    RenderText {#text} at (0,0) size 0x0
layer at (8,218) size 784x20 scrollX -784 scrollWidth 1640
  RenderBlock {MARQUEE} at (0,32) size 784x20 [bgcolor=#FFA500]
    RenderInline {B} at (0,0) size 1640x19
      RenderText {#text} at (0,0) size 1640x19
        text run at (0,0) width 706: "Four Irish players have been named on the starting team for Saturday's Test game, with two on the bench. "
        text run at (706,0) width 112: "Paul O' Connell, "
        text run at (818,0) width 822: "Donncha O' Callaghan, Simon Easterby and Geordan Murphy all start with Ronan O' Gara and Shane Horgan on the bench."
    RenderText {#text} at (0,0) size 0x0
layer at (8,238) size 784x20 scrollX -784 scrollWidth 1640
  RenderBlock {MARQUEE} at (0,52) size 784x20 [bgcolor=#A52A2A]
    RenderInline {B} at (0,0) size 1640x19
      RenderText {#text} at (0,0) size 1640x19
        text run at (0,0) width 706: "Four Irish players have been named on the starting team for Saturday's Test game, with two on the bench. "
        text run at (706,0) width 112: "Paul O' Connell, "
        text run at (818,0) width 822: "Donncha O' Callaghan, Simon Easterby and Geordan Murphy all start with Ronan O' Gara and Shane Horgan on the bench."
    RenderText {#text} at (0,0) size 0x0
layer at (8,258) size 784x100 scrollX -784 scrollWidth 1640
  RenderBlock {MARQUEE} at (0,72) size 784x100 [bgcolor=#FFC0CB]
    RenderInline {B} at (0,0) size 1640x19
      RenderText {#text} at (0,0) size 1640x19
        text run at (0,0) width 706: "Four Irish players have been named on the starting team for Saturday's Test game, with two on the bench. "
        text run at (706,0) width 112: "Paul O' Connell, "
        text run at (818,0) width 822: "Donncha O' Callaghan, Simon Easterby and Geordan Murphy all start with Ronan O' Gara and Shane Horgan on the bench."
    RenderText {#text} at (0,0) size 0x0
layer at (118,398) size 200x200 scrollY -200 scrollHeight 360
  RenderBlock {MARQUEE} at (110,212) size 200x200 [bgcolor=#00FFFF]
    RenderText {#text} at (0,0) size 197x359
      text run at (0,0) width 169: "Lorem ipsum dolor sit amet,"
      text run at (0,20) width 189: "consectetuer adipiscing elit, sed"
      text run at (0,40) width 174: "diam nonummy nibh euismod"
      text run at (0,60) width 196: "tincidunt ut laoreet dolore magna"
      text run at (0,80) width 175: "aliquam erat volutpat. Ut wisi"
      text run at (0,100) width 164: "enim ad minim veniam, quis"
      text run at (0,120) width 197: "nostrud exerci tation ullamcorper"
      text run at (0,140) width 192: "suscipit lobortis nisl ut aliquip ex"
      text run at (0,160) width 179: "ea commodo consequat. Duis"
      text run at (0,180) width 170: "autem vel eum iriure dolor in"
      text run at (0,200) width 183: "hendrerit in vulputate velit esse"
      text run at (0,220) width 170: "molestie consequat, vel illum"
      text run at (0,240) width 192: "dolore eu feugiat nulla facilisis at"
      text run at (0,260) width 182: "vero eros et accumsan et iusto"
      text run at (0,280) width 151: "odio dignissim qui blandit"
      text run at (0,300) width 176: "praesent luptatum zzril delenit"
      text run at (0,320) width 195: "augue duis dolore te feugait nulla"
      text run at (0,340) width 40: "facilisi."
layer at (322,498) size 200x100 scrollY -100 scrollHeight 360
  RenderBlock {MARQUEE} at (314,312) size 200x100 [bgcolor=#FFFF00]
    RenderText {#text} at (0,0) size 197x359
      text run at (0,0) width 169: "Lorem ipsum dolor sit amet,"
      text run at (0,20) width 189: "consectetuer adipiscing elit, sed"
      text run at (0,40) width 174: "diam nonummy nibh euismod"
      text run at (0,60) width 196: "tincidunt ut laoreet dolore magna"
      text run at (0,80) width 175: "aliquam erat volutpat. Ut wisi"
      text run at (0,100) width 164: "enim ad minim veniam, quis"
      text run at (0,120) width 197: "nostrud exerci tation ullamcorper"
      text run at (0,140) width 192: "suscipit lobortis nisl ut aliquip ex"
      text run at (0,160) width 179: "ea commodo consequat. Duis"
      text run at (0,180) width 170: "autem vel eum iriure dolor in"
      text run at (0,200) width 183: "hendrerit in vulputate velit esse"
      text run at (0,220) width 170: "molestie consequat, vel illum"
      text run at (0,240) width 192: "dolore eu feugiat nulla facilisis at"
      text run at (0,260) width 182: "vero eros et accumsan et iusto"
      text run at (0,280) width 151: "odio dignissim qui blandit"
      text run at (0,300) width 176: "praesent luptatum zzril delenit"
      text run at (0,320) width 195: "augue duis dolore te feugait nulla"
      text run at (0,340) width 40: "facilisi."
layer at (526,498) size 200x100 scrollY -100 scrollHeight 360
  RenderBlock {MARQUEE} at (518,312) size 200x100 [bgcolor=#FF0000]
    RenderText {#text} at (0,0) size 197x359
      text run at (0,0) width 169: "Lorem ipsum dolor sit amet,"
      text run at (0,20) width 189: "consectetuer adipiscing elit, sed"
      text run at (0,40) width 174: "diam nonummy nibh euismod"
      text run at (0,60) width 196: "tincidunt ut laoreet dolore magna"
      text run at (0,80) width 175: "aliquam erat volutpat. Ut wisi"
      text run at (0,100) width 164: "enim ad minim veniam, quis"
      text run at (0,120) width 197: "nostrud exerci tation ullamcorper"
      text run at (0,140) width 192: "suscipit lobortis nisl ut aliquip ex"
      text run at (0,160) width 179: "ea commodo consequat. Duis"
      text run at (0,180) width 170: "autem vel eum iriure dolor in"
      text run at (0,200) width 183: "hendrerit in vulputate velit esse"
      text run at (0,220) width 170: "molestie consequat, vel illum"
      text run at (0,240) width 192: "dolore eu feugiat nulla facilisis at"
      text run at (0,260) width 182: "vero eros et accumsan et iusto"
      text run at (0,280) width 151: "odio dignissim qui blandit"
      text run at (0,300) width 176: "praesent luptatum zzril delenit"
      text run at (0,320) width 195: "augue duis dolore te feugait nulla"
      text run at (0,340) width 40: "facilisi."
