layer at (0,0) size 800x600
  RenderView at (0,0) size 800x600
layer at (0,0) size 800x180
  RenderBlock {HTML} at (0,0) size 800x180
    RenderBody {BODY} at (8,8) size 784x164
      RenderBlock (anonymous) at (0,0) size 784x20
        RenderText {#text} at (0,0) size 619x19
          text run at (0,0) width 619: "The text in the button, popup menu and list box should have the same case as in the accompanying text."
      RenderBlock {DIV} at (0,20) size 784x24
        RenderMenuList {SELECT} at (2,2) size 73x20 [bgcolor=#DDDDDD] [border: (1px solid #000000)]
          RenderBlock (anonymous) at (1,1) size 71x18
            RenderText at (4,1) size 42x16
              text run at (4,1) width 42: "HELLO"
        RenderText {#text} at (77,2) size 4x19
          text run at (77,2) width 4: " "
        RenderMenuList {SELECT} at (83,2) size 73x20 [bgcolor=#DDDDDD] [border: (1px solid #000000)]
          RenderBlock (anonymous) at (1,1) size 71x18
            RenderBR at (4,1) size 0x16 [bgcolor=#DDDDDD]
        RenderText {#text} at (158,2) size 4x19
          text run at (158,2) width 4: " "
        RenderInline {SPAN} at (0,0) size 111x19
          RenderText {#text} at (162,2) size 111x19
            text run at (162,2) width 111: "HELLO WORLD"
        RenderText {#text} at (0,0) size 0x0
      RenderBlock {DIV} at (0,44) size 784x24
        RenderMenuList {SELECT} at (2,2) size 68x20 [bgcolor=#DDDDDD] [border: (1px solid #000000)]
          RenderBlock (anonymous) at (1,1) size 66x18
            RenderText at (4,1) size 37x16
              text run at (4,1) width 37: "HeLLo"
        RenderText {#text} at (72,2) size 4x19
          text run at (72,2) width 4: " "
        RenderMenuList {SELECT} at (78,2) size 68x20 [bgcolor=#DDDDDD] [border: (1px solid #000000)]
          RenderBlock (anonymous) at (1,1) size 66x18
            RenderBR at (4,1) size 0x16 [bgcolor=#DDDDDD]
        RenderText {#text} at (148,2) size 4x19
          text run at (148,2) width 4: " "
        RenderInline {SPAN} at (0,0) size 98x19
          RenderText {#text} at (152,2) size 98x19
            text run at (152,2) width 98: "HeLLo WoRLd"
        RenderText {#text} at (0,0) size 0x0
      RenderBlock {DIV} at (0,68) size 784x24
        RenderMenuList {SELECT} at (2,2) size 55x20 [bgcolor=#DDDDDD] [border: (1px solid #000000)]
          RenderBlock (anonymous) at (1,1) size 53x18
            RenderText at (4,1) size 27x16
              text run at (4,1) width 27: "hello"
        RenderText {#text} at (59,2) size 4x19
          text run at (59,2) width 4: " "
        RenderMenuList {SELECT} at (65,2) size 55x20 [bgcolor=#DDDDDD] [border: (1px solid #000000)]
          RenderBlock (anonymous) at (1,1) size 53x18
            RenderBR at (4,1) size 0x16 [bgcolor=#DDDDDD]
        RenderText {#text} at (122,2) size 4x19
          text run at (122,2) width 4: " "
        RenderInline {SPAN} at (0,0) size 67x19
          RenderText {#text} at (126,2) size 67x19
            text run at (126,2) width 67: "hello world"
        RenderText {#text} at (0,0) size 0x0
      RenderBlock {DIV} at (0,92) size 784x24
        RenderMenuList {SELECT} at (2,2) size 61x20 [bgcolor=#DDDDDD] [border: (1px solid #000000)]
          RenderBlock (anonymous) at (1,1) size 59x18
            RenderText at (4,1) size 18x16
              text run at (4,1) width 18: "SS"
        RenderText {#text} at (65,2) size 4x19
          text run at (65,2) width 4: " "
        RenderMenuList {SELECT} at (71,2) size 61x20 [bgcolor=#DDDDDD] [border: (1px solid #000000)]
          RenderBlock (anonymous) at (1,1) size 59x18
            RenderBR at (4,1) size 0x16 [bgcolor=#DDDDDD]
        RenderText {#text} at (134,2) size 4x19
          text run at (134,2) width 4: " "
        RenderInline {SPAN} at (0,0) size 58x19
          RenderText {#text} at (138,2) size 58x19
            text run at (138,2) width 58: "SS SSSS"
        RenderText {#text} at (0,0) size 0x0
      RenderBlock {DIV} at (0,116) size 784x24
        RenderMenuList {SELECT} at (2,2) size 43x20 [bgcolor=#DDDDDD] [border: (1px solid #000000)]
          RenderBlock (anonymous) at (1,1) size 41x18
            RenderText at (4,1) size 9x16
              text run at (4,1) width 9: "\x{DF}"
        RenderText {#text} at (47,2) size 4x19
          text run at (47,2) width 4: " "
        RenderMenuList {SELECT} at (53,2) size 43x20 [bgcolor=#DDDDDD] [border: (1px solid #000000)]
          RenderBlock (anonymous) at (1,1) size 41x18
            RenderBR at (4,1) size 0x16 [bgcolor=#DDDDDD]
        RenderText {#text} at (98,2) size 4x19
          text run at (98,2) width 4: " "
        RenderInline {SPAN} at (0,0) size 28x19
          RenderText {#text} at (102,2) size 28x19
            text run at (102,2) width 28: "\x{DF} \x{DF}\x{DF}"
        RenderText {#text} at (0,0) size 0x0
      RenderBlock {DIV} at (0,140) size 784x24
        RenderMenuList {SELECT} at (2,2) size 43x20 [bgcolor=#DDDDDD] [border: (1px solid #000000)]
          RenderBlock (anonymous) at (1,1) size 41x18
            RenderText at (4,1) size 9x16
              text run at (4,1) width 9: "\x{DF}"
        RenderText {#text} at (47,2) size 4x19
          text run at (47,2) width 4: " "
        RenderMenuList {SELECT} at (53,2) size 43x20 [bgcolor=#DDDDDD] [border: (1px solid #000000)]
          RenderBlock (anonymous) at (1,1) size 41x18
            RenderBR at (4,1) size 0x16 [bgcolor=#DDDDDD]
        RenderText {#text} at (98,2) size 4x19
          text run at (98,2) width 4: " "
        RenderInline {SPAN} at (0,0) size 28x19
          RenderText {#text} at (102,2) size 28x19
            text run at (102,2) width 28: "\x{DF} \x{DF}\x{DF}"
        RenderText {#text} at (0,0) size 0x0
