EDITING DELEGATE: shouldBeginEditingInDOMRange:range from 0 of DIV > CENTER > BODY > HTML > #document to 6 of DIV > CENTER > BODY > HTML > #document
EDITING DELEGATE: webViewDidBeginEditing:WebViewDidBeginEditingNotification
EDITING DELEGATE: webViewDidChangeSelection:WebViewDidChangeSelectionNotification
EDITING DELEGATE: shouldChangeSelectedDOMRange:range from 1 of DIV > CENTER > BODY > HTML > #document to 1 of DIV > CENTER > BODY > HTML > #document toDOMRange:range from 1 of DIV > CENTER > BODY > HTML > #document to 1 of #text > FONT > DIV > CENTER > BODY > HTML > #document affinity:NSSelectionAffinityDownstream stillSelecting:FALSE
EDITING DELEGATE: webViewDidChangeSelection:WebViewDidChangeSelectionNotification
layer at (0,0) size 800x600
  RenderView at (0,0) size 800x600
layer at (0,0) size 800x600
  RenderBlock {HTML} at (0,0) size 800x600
    RenderBody {BODY} at (8,3) size 784x581 [bgcolor=#FFFFFF]
      RenderBlock {CENTER} at (0,0) size 784x274
        RenderTable {TABLE} at (0,0) size 784x20
          RenderTableSection {TBODY} at (0,0) size 784x20
            RenderTableRow {TR} at (0,0) size 784x16
              RenderTableCell {TD} at (0,0) size 784x16 [r=0 c=0 rs=1 cs=1]
                RenderInline {FONT} at (0,0) size 102x15
                  RenderInline {A} at (0,0) size 102x15 [color=#0000CC]
                    RenderText {#text} at (682,0) size 102x15
                      text run at (682,0) width 102: "Personalized Home"
            RenderTableRow {TR} at (0,16) size 784x4
              RenderTableCell {TD} at (0,17) size 784x1 [r=1 c=0 rs=1 cs=1]
                RenderImage {IMG} at (0,0) size 1x1
        RenderBlock (anonymous) at (0,20) size 784x36
          RenderBR {BR} at (392,0) size 0x17
          RenderBR {BR} at (392,18) size 0x17
        RenderBlock {DIV} at (0,56) size 784x121 [border: (2px solid #AAAAFF)]
          RenderTable {TABLE} at (214,2) size 355x24
            RenderTableSection {TBODY} at (0,0) size 355x24
              RenderTableRow {TR} at (0,0) size 355x24
                RenderTableCell {TD} at (0,0) size 355x24 [r=0 c=0 rs=1 cs=1]
                  RenderInline {FONT} at (0,0) size 347x15
                    RenderInline {B} at (0,0) size 26x15
                      RenderText {#text} at (4,4) size 26x15
                        text run at (4,4) width 26: "Web"
                    RenderText {#text} at (30,4) size 13x15
                      text run at (30,4) width 13: "    "
                    RenderInline {A} at (0,0) size 38x15 [color=#0000CC]
                      RenderText {#text} at (43,4) size 38x15
                        text run at (43,4) width 38: "Images"
                    RenderText {#text} at (80,4) size 14x15
                      text run at (80,4) width 14: "    "
                    RenderInline {A} at (0,0) size 39x15 [color=#0000CC]
                      RenderText {#text} at (93,4) size 39x15
                        text run at (93,4) width 39: "Groups"
                    RenderText {#text} at (131,4) size 14x15
                      text run at (131,4) width 14: "    "
                    RenderInline {A} at (0,0) size 31x15 [color=#0000CC]
                      RenderText {#text} at (144,4) size 31x15
                        text run at (144,4) width 31: "News"
                    RenderText {#text} at (174,4) size 14x15
                      text run at (174,4) width 14: "    "
                    RenderInline {A} at (0,0) size 41x15 [color=#0000CC]
                      RenderText {#text} at (187,4) size 41x15
                        text run at (187,4) width 41: "Froogle"
                    RenderText {#text} at (227,4) size 14x15
                      text run at (227,4) width 14: "    "
                    RenderInline {A} at (0,0) size 31x15 [color=#0000CC]
                      RenderText {#text} at (240,4) size 31x15
                        text run at (240,4) width 31: "Local"
                      RenderInline {SUP} at (0,0) size 1x12
                    RenderInline {A} at (0,0) size 30x15
                      RenderInline {FONT} at (0,0) size 30x15 [color=#FF0000]
                        RenderText {#text} at (270,4) size 30x15
                          text run at (270,4) width 30: "New!"
                    RenderText {#text} at (299,4) size 14x15
                      text run at (299,4) width 14: "    "
                    RenderInline {B} at (0,0) size 39x15
                      RenderInline {A} at (0,0) size 39x15 [color=#0000CC]
                        RenderText {#text} at (312,4) size 39x15
                          text run at (312,4) width 39: "more \x{BB}"
          RenderTable {TABLE} at (2,26) size 780x59
            RenderTableSection {TBODY} at (0,0) size 780x59
              RenderTableRow {TR} at (0,0) size 780x59
                RenderTableCell {TD} at (0,20) size 119x18 [r=0 c=0 rs=1 cs=1]
                  RenderText {#text} at (0,0) size 4x17
                    text run at (0,0) width 4: " "
                RenderTableCell {TD} at (119,0) size 512x59 [r=0 c=1 rs=1 cs=1]
                  RenderTextControl {INPUT} at (2,2) size 508x24 [bgcolor=#FFFFFF] [border: (2px inset #000000)]
                  RenderBR {BR} at (512,19) size 0x0
                  RenderButton {INPUT} at (123,30) size 123x27 [bgcolor=#C0C0C0] [border: (2px outset #C0C0C0)]
                    RenderBlock (anonymous) at (8,4) size 107x18
                      RenderText at (0,0) size 107x17
                        text run at (0,0) width 107: "Google Search"
                  RenderButton {INPUT} at (250,30) size 140x27 [bgcolor=#C0C0C0] [border: (2px outset #C0C0C0)]
                    RenderBlock (anonymous) at (8,4) size 124x18
                      RenderText at (0,0) size 124x17
                        text run at (0,0) width 124: "I'm Feeling Lucky"
                RenderTableCell {TD} at (631,0) size 149x33 [r=0 c=2 rs=1 cs=1]
                  RenderInline {FONT} at (0,0) size 76x33
                    RenderText {#text} at (0,0) size 5x11
                      text run at (0,0) width 5: "  "
                    RenderInline {A} at (0,0) size 71x11 [color=#0000CC]
                      RenderText {#text} at (5,0) size 71x11
                        text run at (5,0) width 71: "Advanced Search"
                    RenderBR {BR} at (75,9) size 1x0
                    RenderText {#text} at (0,11) size 5x11
                      text run at (0,11) width 5: "  "
                    RenderInline {A} at (0,0) size 47x11 [color=#0000CC]
                      RenderText {#text} at (5,11) size 47x11
                        text run at (5,11) width 47: "Preferences"
                    RenderBR {BR} at (51,20) size 1x0
                    RenderText {#text} at (0,22) size 5x11
                      text run at (0,22) width 5: "  "
                    RenderInline {A} at (0,0) size 65x11 [color=#0000CC]
                      RenderText {#text} at (5,22) size 65x11
                        text run at (5,22) width 65: "Language Tools"
          RenderBlock (anonymous) at (2,85) size 780x34
            RenderBR {BR} at (390,0) size 0x17
            RenderInline {FONT} at (0,0) size 146x15
              RenderInline {FONT} at (0,0) size 30x15 [color=#FF0000]
                RenderText {#text} at (317,18) size 30x15
                  text run at (317,18) width 30: "New!"
              RenderText {#text} at (346,18) size 4x15
                text run at (346,18) width 4: " "
              RenderInline {A} at (0,0) size 111x15 [color=#0000CC]
                RenderText {#text} at (349,18) size 111x15
                  text run at (349,18) width 111: "Personalize this page"
              RenderText {#text} at (459,18) size 4x15
                text run at (459,18) width 4: "."
            RenderText {#text} at (0,0) size 0x0
        RenderBlock (anonymous) at (0,177) size 784x70
          RenderBR {BR} at (392,0) size 0x17
          RenderBR {BR} at (392,18) size 0x17
          RenderBR {BR} at (392,36) size 0x17
          RenderInline {FONT} at (0,0) size 310x15
            RenderInline {A} at (0,0) size 116x15 [color=#0000CC]
              RenderText {#text} at (237,54) size 116x15
                text run at (237,54) width 116: "Advertising Programs"
            RenderText {#text} at (352,54) size 11x15
              text run at (352,54) width 11: " - "
            RenderInline {A} at (0,0) size 100x15 [color=#0000CC]
              RenderText {#text} at (362,54) size 100x15
                text run at (362,54) width 100: "Business Solutions"
            RenderText {#text} at (461,54) size 12x15
              text run at (461,54) width 12: " - "
            RenderInline {A} at (0,0) size 75x15 [color=#0000CC]
              RenderText {#text} at (472,54) size 75x15
                text run at (472,54) width 75: "About Google"
        RenderBlock {P} at (0,263) size 784x11
          RenderInline {FONT} at (0,0) size 60x11
            RenderText {#text} at (362,0) size 60x11
              text run at (362,0) width 60: "\x{A9}2005 Google"
layer at (134,90) size 502x18
  RenderBlock {DIV} at (3,3) size 502x18
selection start: position 0 of child 1 {TABLE} of child 4 {DIV} of child 0 {CENTER} of body
selection end:   position 1 of child 3 {#text} of child 4 {FONT} of child 4 {DIV} of child 0 {CENTER} of body
