EDITING DELEGATE: shouldBeginEditingInDOMRange:range from 0 of DIV > BODY > HTML > #document to 1 of DIV > BODY > HTML > #document
EDITING DELEGATE: webViewDidBeginEditing:WebViewDidBeginEditingNotification
EDITING DELEGATE: shouldChangeSelectedDOMRange:(null) toDOMRange:range from 10 of #text > DIV > BODY > HTML > #document to 10 of #text > DIV > BODY > HTML > #document affinity:NSSelectionAffinityDownstream stillSelecting:FALSE
EDITING DELEGATE: webViewDidChangeSelection:WebViewDidChangeSelectionNotification
layer at (0,0) size 800x600
  RenderView at (0,0) size 800x600
layer at (0,0) size 800x600
  RenderBlock {HTML} at (0,0) size 800x600
    RenderBody {BODY} at (8,8) size 784x584
      RenderBlock {P} at (0,0) size 784x36
        RenderText {#text} at (0,0) size 108x17
          text run at (0,0) width 108: "This is a test for "
        RenderInline {I} at (0,0) size 759x35
          RenderInline {A} at (0,0) size 354x17 [color=#0000EE]
            RenderText {#text} at (107,0) size 354x17
              text run at (107,0) width 354: "http://bugzilla.opendarwin.org/show_bug.cgi?id=9978"
          RenderText {#text} at (460,0) size 759x35
            text run at (460,0) width 5: " "
            text run at (464,0) width 295: "REGRESSION (r12949-r12988): Clicking the"
            text run at (0,18) width 424: "first letter on a line places the caret at the end of the previous line"
        RenderText {#text} at (423,18) size 5x17
          text run at (423,18) width 5: "."
      RenderBlock {P} at (0,52) size 784x18
        RenderText {#text} at (0,0) size 748x17
          text run at (0,0) width 564: "To test interactively, click the left side of the W on the second line. The caret should be "
          text run at (563,0) width 185: "move to the start of that line."
      RenderBlock {HR} at (0,86) size 784x2 [border: (1px inset #000000)]
      RenderBlock {DIV} at (0,96) size 250x110
        RenderText {#text} at (0,1) size 238x108
          text run at (0,1) width 154: "Alice in"
          text run at (153,1) width 13: " "
          text run at (0,56) width 238: "Wonderland"
caret: position 10 of child 0 {#text} of child 7 {DIV} of body
