layer at (0,0) size 800x600
  RenderView at (0,0) size 800x600
layer at (0,0) size 800x600
  RenderBlock {HTML} at (0,0) size 800x600
    RenderBody {BODY} at (8,8) size 784x584
      RenderBlock {P} at (0,0) size 784x36
        RenderText {#text} at (0,0) size 55x17
          text run at (0,0) width 55: "Test for "
        RenderInline {I} at (0,0) size 754x35
          RenderInline {A} at (0,0) size 306x17 [color=#0000EE]
            RenderText {#text} at (54,0) size 306x17
              text run at (54,0) width 306: "http://bugs.webkit.org/show_bug.cgi?id=14347"
          RenderText {#text} at (359,0) size 754x35
            text run at (359,0) width 5: " "
            text run at (363,0) width 391: "REGRESSION (r21291): Initiating a drag near the edge of a"
            text run at (0,18) width 132: "selection deselects it"
        RenderText {#text} at (131,18) size 5x17
          text run at (131,18) width 5: "."
      RenderBlock {P} at (0,52) size 784x18
        RenderText {#text} at (0,0) size 334x17
          text run at (0,0) width 334: "Drag the selected letter W into the yellow rectangle."
      RenderBlock {DIV} at (0,86) size 784x83
        RenderText {#text} at (0,1) size 68x80
          text run at (0,1) width 68: "W"
      RenderBlock {DIV} at (0,169) size 784x83 [bgcolor=#FFFFCC]
        RenderText {#text} at (0,1) size 68x80
          text run at (0,1) width 68: "W"
selection start: position 0 of child 0 {#text} of child 6 {DIV} of body
selection end:   position 1 of child 0 {#text} of child 6 {DIV} of body
