EDITING DELEGATE: shouldChangeSelectedDOMRange:(null) toDOMRange:range from 11 of #text > DIV to 11 of #text > DIV affinity:NSSelectionAffinityDownstream stillSelecting:FALSE
EDITING DELEGATE: webViewDidChangeSelection:WebViewDidChangeSelectionNotification
EDITING DELEGATE: shouldChangeSelectedDOMRange:range from 11 of #text > DIV to 11 of #text > DIV toDOMRange:range from 11 of #text > DIV to 12 of #text > DIV affinity:NSSelectionAffinityDownstream stillSelecting:FALSE
EDITING DELEGATE: webViewDidChangeSelection:WebViewDidChangeSelectionNotification
EDITING DELEGATE: shouldChangeSelectedDOMRange:range from 11 of #text > DIV to 12 of #text > DIV toDOMRange:range from 0 of #text > DIV to 12 of #text > DIV affinity:NSSelectionAffinityDownstream stillSelecting:FALSE
EDITING DELEGATE: webViewDidChangeSelection:WebViewDidChangeSelectionNotification
EDITING DELEGATE: shouldChangeSelectedDOMRange:range from 0 of #text > DIV to 12 of #text > DIV toDOMRange:range from 11 of #text > DIV to 17 of #text > DIV affinity:NSSelectionAffinityDownstream stillSelecting:FALSE
EDITING DELEGATE: webViewDidChangeSelection:WebViewDidChangeSelectionNotification
EDITING DELEGATE: shouldChangeSelectedDOMRange:range from 11 of #text > DIV to 17 of #text > DIV toDOMRange:range from 0 of #text > DIV to 12 of #text > DIV affinity:NSSelectionAffinityDownstream stillSelecting:FALSE
EDITING DELEGATE: webViewDidChangeSelection:WebViewDidChangeSelectionNotification
EDITING DELEGATE: shouldChangeSelectedDOMRange:range from 0 of #text > DIV to 12 of #text > DIV toDOMRange:range from 11 of #text > DIV to 17 of #text > DIV affinity:NSSelectionAffinityDownstream stillSelecting:FALSE
EDITING DELEGATE: webViewDidChangeSelection:WebViewDidChangeSelectionNotification
layer at (0,0) size 800x600
  RenderView at (0,0) size 800x600
layer at (0,0) size 800x600
  RenderBlock {HTML} at (0,0) size 800x600
    RenderBody {BODY} at (8,8) size 784x576
      RenderBlock {P} at (0,0) size 784x38
        RenderText {#text} at (0,0) size 104x19
          text run at (0,0) width 104: "This is a test for "
        RenderInline {I} at (0,0) size 755x38
          RenderInline {A} at (0,0) size 348x19 [color=#0000EE]
            RenderText {#text} at (104,0) size 348x19
              text run at (104,0) width 348: "http://bugzilla.opendarwin.org/show_bug.cgi?id=9312"
          RenderText {#text} at (452,0) size 755x38
            text run at (452,0) width 4: " "
            text run at (456,0) width 299: "REGRESSION: Selection bug in new text fields"
            text run at (0,19) width 210: "when selecting past the first letter"
        RenderText {#text} at (210,19) size 4x19
          text run at (210,19) width 4: "."
      RenderBlock {HR} at (0,54) size 784x2 [border: (1px inset #000000)]
      RenderBlock {P} at (0,72) size 784x57
        RenderText {#text} at (0,0) size 778x57
          text run at (0,0) width 778: "Curabitur pretium, quam quis semper malesuada, est libero feugiat libero, vel fringilla orci nibh sed neque. Quisque eu nulla"
          text run at (0,19) width 732: "non nisi molestie accumsan. Etiam tellus urna, laoreet ac, laoreet non, suscipit sed, sapien. Phasellus vehicula, sem at"
          text run at (0,38) width 541: "posuere vehicula, augue nibh molestie nisl, nec ullamcorper lacus ante vulputate pede."
      RenderBlock (anonymous) at (0,145) size 784x92
        RenderTextControl {INPUT} at (20,20) size 295x52 [bgcolor=#FFFFFF] [border: (2px inset #000000)]
        RenderText {#text} at (0,0) size 0x0
      RenderBlock {P} at (0,253) size 784x57
        RenderText {#text} at (0,0) size 769x57
          text run at (0,0) width 754: "Cum sociis natoque penatibus et magnis dis parturient montes, nascetur ridiculus mus. Mauris viverra augue vitae purus."
          text run at (0,19) width 769: "Morbi sed sem. Donec dui nisi, ultrices non, pretium quis, hendrerit non, est. Donec tellus. Donec eget dui id eros pharetra"
          text run at (0,38) width 733: "rutrum. Suspendisse sodales lectus sit amet nulla. Morbi tortor arcu, convallis blandit, elementum eu, aliquet a, tellus."
layer at (40,185) size 271x28
  RenderBlock {DIV} at (12,12) size 271x28
    RenderText {#text} at (1,0) size 196x28
      text run at (1,0) width 196: "Lorem ipsum dolor"
selection start: position 11 of child 0 {#text} of child 0 {DIV} of child 7 {INPUT} of body
selection end:   position 17 of child 0 {#text} of child 0 {DIV} of child 7 {INPUT} of body
