EDITING DELEGATE: shouldBeginEditingInDOMRange:range from 0 of DIV > BODY > HTML > #document to 1 of DIV > BODY > HTML > #document
EDITING DELEGATE: webViewDidBeginEditing:WebViewDidBeginEditingNotification
EDITING DELEGATE: webViewDidChangeSelection:WebViewDidChangeSelectionNotification
EDITING DELEGATE: webViewDidChangeSelection:WebViewDidChangeSelectionNotification
layer at (0,0) size 800x600
  RenderView at (0,0) size 800x600
layer at (0,0) size 800x600
  RenderBlock {HTML} at (0,0) size 800x600
    RenderBody {BODY} at (8,8) size 784x584
      RenderBlock {P} at (0,0) size 784x36
        RenderText {#text} at (0,0) size 750x37
          text run at (0,0) width 326: "This tests paragraphBoundary selection navigation. "
          text run at (326,0) width 424: "The caret should be at the end of the paragraph below, just after the"
          text run at (0,18) width 67: "select box."
      RenderBlock {DIV} at (0,52) size 784x32
        RenderMenuList {SELECT} at (2,2) size 36x28 [bgcolor=#FFFFFF] [border: (1px solid #000000)]
          RenderBlock (anonymous) at (1,1) size 34x26
            RenderText at (4,4) size 9x19
              text run at (4,4) width 9: "1"
caret: position 1 of child 0 {SELECT} of child 2 {DIV} of body
