layer at (0,0) size 800x600
  RenderView at (0,0) size 800x600
layer at (0,0) size 800x600
  RenderBlock {HTML} at (0,0) size 800x600
    RenderBody {BODY} at (8,8) size 784x584
      RenderBlock {H3} at (0,0) size 784x22
        RenderText {#text} at (0,0) size 69x21
          text run at (0,0) width 69: "Test for "
        RenderInline {A} at (0,0) size 153x21 [color=#0000EE]
          RenderText {#text} at (68,0) size 153x21
            text run at (68,0) width 153: "WebKit bug 29968"
        RenderText {#text} at (220,0) size 561x21
          text run at (220,0) width 561: ": Selecting text with text-overflow ellipsis should not show cut off text"
layer at (8,48) size 95x18 scrollWidth 124
  RenderBlock {DIV} at (0,40) size 95x18
    RenderText {#text} at (0,0) size 124x17
      text run at (0,0) width 124: "Lorem ipsum dolor"
selection start: position 0 of child 0 {#text} of child 3 {DIV} of body
selection end:   position 11 of child 0 {#text} of child 3 {DIV} of body
