EDITING DELEGATE: shouldBeginEditingInDOMRange:range from 0 of DIV > BODY > HTML > #document to 4 of DIV > BODY > HTML > #document
EDITING DELEGATE: webViewDidBeginEditing:WebViewDidBeginEditingNotification
EDITING DELEGATE: webViewDidChangeSelection:WebViewDidChangeSelectionNotification
layer at (0,0) size 820x584
  RenderView at (0,0) size 800x584
layer at (0,0) size 800x584
  RenderBlock {HTML} at (0,0) size 800x584
    RenderBody {BODY} at (8,64) size 784x456
      RenderBlock {DIV} at (64,0) size 748x196 [border: (50px solid #FF0000)]
        RenderInline {SPAN} at (0,0) size 32x26
          RenderText {#text} at (74,85) size 32x26
            text run at (74,85) width 32: "foo"
        RenderText {#text} at (105,85) size 41x26
          text run at (105,85) width 41: " baz"
caret: position 3 of child 0 {#text} of child 1 {SPAN} of child 1 {DIV} of body
