layer at (0,0) size 800x600
  RenderView at (0,0) size 800x600
layer at (0,0) size 800x160
  RenderBlock {HTML} at (0,0) size 800x160
    RenderBody {BODY} at (8,8) size 784x132
      RenderBlock (anonymous) at (0,0) size 784x18
        RenderInline {DIV} at (0,0) size 529x16 [color=#FFFFFF] [bgcolor=#FF0000]
          RenderText {#text} at (16,1) size 529x16
            text run at (16,1) width 529: "Ahem_font_required_for_this_test."
        RenderText {#text} at (0,0) size 0x0
      RenderBlock {P} at (0,34) size 784x18
        RenderText {#text} at (0,0) size 496x17
          text run at (0,0) width 496: "There should be no red below, only two identical striped green and lime bars."
      RenderBlock {DIV} at (20,72) size 744x20
        RenderInline {SPAN} at (0,0) size 220x20 [color=#800000] [bgcolor=#FF0000]
          RenderText {#text} at (0,0) size 0x0
          RenderInline {SPAN} at (0,0) size 40x20 [color=#008000] [bgcolor=#00FF00]
            RenderText {#text} at (0,0) size 40x20
              text run at (0,0) width 40: "X "
          RenderText {#text} at (0,0) size 0x0
          RenderInline {SPAN} at (0,0) size 0x0
            RenderText {#text} at (0,0) size 0x0
          RenderText {#text} at (0,0) size 0x0
          RenderInline {SPAN} at (0,0) size 41x20 [color=#008000] [bgcolor=#00FF00]
            RenderText {#text} at (39,0) size 41x20
              text run at (39,0) width 41: "X "
          RenderText {#text} at (0,0) size 0x0
          RenderInline {SPAN} at (0,0) size 41x20 [color=#008000] [bgcolor=#00FF00]
            RenderText {#text} at (79,0) size 41x20
              text run at (79,0) width 41: "X "
          RenderText {#text} at (0,0) size 0x0
          RenderInline {SPAN} at (0,0) size 41x20 [color=#008000] [bgcolor=#00FF00]
            RenderText {#text} at (119,0) size 41x20
              text run at (119,0) width 41: "X "
          RenderText {#text} at (0,0) size 0x0
          RenderInline {SPAN} at (0,0) size 21x20 [color=#008000] [bgcolor=#00FF00]
            RenderText {#text} at (159,0) size 21x20
              text run at (159,0) width 21: "X"
          RenderInline {SPAN} at (0,0) size 41x20 [color=#008000] [bgcolor=#00FF00]
            RenderText {#text} at (179,0) size 41x20
              text run at (179,0) width 41: " X"
            RenderInline {SPAN} at (0,0) size 0x0 [color=#800000] [bgcolor=#FF0000]
              RenderText {#text} at (0,0) size 0x0
          RenderText {#text} at (0,0) size 0x0
      RenderBlock {DIV} at (20,112) size 744x20
        RenderInline {SPAN} at (0,0) size 220x20 [color=#008000] [bgcolor=#00FF00]
          RenderText {#text} at (0,0) size 220x20
            text run at (0,0) width 220: "X X X X X X"
