layer at (0,0) size 800x600
  RenderView at (0,0) size 800x600
layer at (0,0) size 800x244
  RenderBlock {HTML} at (0,0) size 800x244
    RenderBody {BODY} at (8,8) size 784x228
      RenderBlock (anonymous) at (0,0) size 784x18
        RenderInline {DIV} at (0,0) size 529x16 [color=#FFFFFF] [bgcolor=#FF0000]
          RenderText {#text} at (0,1) size 529x16
            text run at (0,1) width 529: "Ahem_font_required_for_this_test."
        RenderText {#text} at (0,0) size 0x0
      RenderBlock {P} at (0,34) size 784x18
        RenderText {#text} at (0,0) size 602x17
          text run at (0,0) width 602: "There should be a pretty green and lime pattern and the word \"PASS\" in lime on white below."
      RenderBlock {DIV} at (0,68) size 304x160 [color=#00FF00] [bgcolor=#008000]
        RenderText {#text} at (0,0) size 305x32
          text run at (0,0) width 0: " "
          text run at (0,16) width 305: "1234567890123456789"
        RenderInline {SPAN} at (0,0) size 273x48
          RenderText {#text} at (0,32) size 33x16
            text run at (0,32) width 33: "x "
          RenderInline {SPAN} at (0,0) size 113x16
            RenderText {#text} at (32,32) size 33x16
              text run at (32,32) width 33: "x "
            RenderInline {SPAN} at (0,0) size 0x0
            RenderText {#text} at (64,32) size 17x16
              text run at (64,32) width 17: "x"
            RenderInline {SPAN} at (0,0) size 17x16
              RenderText {#text} at (80,32) size 17x16
                text run at (80,32) width 17: " "
            RenderText {#text} at (96,32) size 49x16
              text run at (96,32) width 49: "x x"
          RenderText {#text} at (144,32) size 49x16
            text run at (144,32) width 49: " x "
          RenderInline {SPAN} at (0,0) size 65x16
            RenderText {#text} at (192,32) size 65x16
              text run at (192,32) width 65: "x x "
          RenderText {#text} at (256,32) size 17x16
            text run at (256,32) width 17: "x"
          RenderInline {SPAN} at (0,0) size 17x16
            RenderText {#text} at (0,48) size 17x16
              text run at (0,48) width 17: "x"
          RenderText {#text} at (0,64) size 65x16
            text run at (0,64) width 65: "1234"
        RenderText {#text} at (64,64) size 449x16
          text run at (64,64) width 449: "567890123456789 xxxx xxxx xx"
        RenderInline {SPAN} at (0,0) size 113x16
          RenderText {#text} at (512,64) size 17x16
            text run at (512,64) width 17: "x"
          RenderInline {SPAN} at (0,0) size 97x16
            RenderText {#text} at (528,64) size 97x16
              text run at (528,64) width 97: "x xxxx"
          RenderText {#text} at (0,0) size 0x0
        RenderText {#text} at (0,80) size 17x16
          text run at (0,80) width 17: "x"
        RenderInline {SPAN} at (0,0) size 113x16
          RenderText {#text} at (16,80) size 17x16
            text run at (16,80) width 17: " "
          RenderInline {SPAN} at (0,0) size 17x16
            RenderText {#text} at (32,80) size 17x16
              text run at (32,80) width 17: " "
          RenderText {#text} at (48,80) size 17x16
            text run at (48,80) width 17: " "
          RenderInline {SPAN} at (0,0) size 17x16
            RenderText {#text} at (64,80) size 17x16
              text run at (64,80) width 17: " "
          RenderText {#text} at (80,80) size 17x16
            text run at (80,80) width 17: " "
          RenderInline {SPAN} at (0,0) size 17x16
            RenderText {#text} at (96,80) size 17x16
              text run at (96,80) width 17: " "
          RenderText {#text} at (112,80) size 17x16
            text run at (112,80) width 17: " "
          RenderInline {SPAN} at (0,0) size 0x0
            RenderText {#text} at (0,0) size 0x0
          RenderText {#text} at (0,0) size 0x0
        RenderText {#text} at (128,80) size 33x16
          text run at (128,80) width 33: "  "
        RenderInline {SPAN} at (0,0) size 17x16
          RenderText {#text} at (160,80) size 17x16
            text run at (160,80) width 17: " "
        RenderInline {SPAN} at (0,0) size 17x16
          RenderText {#text} at (176,80) size 17x16
            text run at (176,80) width 17: " "
        RenderText {#text} at (192,80) size 49x16
          text run at (192,80) width 49: "   "
        RenderInline {SPAN} at (0,0) size 17x16
          RenderText {#text} at (240,80) size 17x16
            text run at (240,80) width 17: " "
        RenderInline {SPAN} at (0,0) size 0x0
          RenderText {#text} at (0,0) size 0x0
        RenderText {#text} at (256,80) size 385x16
          text run at (256,80) width 385: "  x x  x x  x x    x    "
          text run at (640,80) width 1: " "
        RenderInline {SPAN} at (0,0) size 641x16
          RenderText {#text} at (0,96) size 641x16
            text run at (0,96) width 641: "x x x x x x x x x x xxxx xxxx xxxx xxxx "
        RenderText {#text} at (640,96) size 641x32
          text run at (640,96) width 1: " "
          text run at (0,112) width 625: "x                 x x    x  x    x    x"
        RenderInline {SPAN} at (0,0) size 353x32
          RenderText {#text} at (0,128) size 289x32
            text run at (0,128) width 289: "xxxxxxxxxxxxxxxxxx"
            text run at (0,144) width 17: "x"
          RenderInline {SPAN} at (0,0) size 337x16
            RenderText {#text} at (16,144) size 337x16
              text run at (16,144) width 337: " x    x  x xxxx xxxx "
        RenderText {#text} at (352,144) size 1x16
          text run at (352,144) width 1: " "
