layer at (0,0) size 800x600
  RenderView at (0,0) size 800x600
layer at (0,0) size 800x600
  RenderBlock {HTML} at (0,0) size 800x600
    RenderBody {BODY} at (8,8) size 784x584
      RenderFieldSet {FIELDSET} at (2,0) size 780x370 [border: (2px groove #C0C0C0)]
        RenderBlock {DIV} at (14,7) size 752x351
          RenderInline {DIV} at (0,0) size 129x17
            RenderInline {DIV} at (0,0) size 129x17
              RenderText {#text} at (0,0) size 0x0
              RenderInline {A} at (0,0) size 50x17 [color=#0000EE]
                RenderImage {IMG} at (0,0) size 50x34
              RenderText {#text} at (50,20) size 4x17
                text run at (50,20) width 4: " "
              RenderBlock {INPUT} at (58,20) size 16x16
              RenderInline {LABEL} at (0,0) size 47x17
                RenderText {#text} at (78,20) size 47x17
                  text run at (78,20) width 47: "Classic"
              RenderText {#text} at (124,20) size 5x17
                text run at (124,20) width 5: " "
          RenderText {#text} at (0,0) size 0x0
          RenderInline {DIV} at (0,0) size 124x17
            RenderInline {DIV} at (0,0) size 124x17
              RenderText {#text} at (0,0) size 0x0
              RenderInline {A} at (0,0) size 51x17 [color=#0000EE]
                RenderImage {IMG} at (128,0) size 50x34
              RenderText {#text} at (178,20) size 5x17
                text run at (178,20) width 5: " "
              RenderBlock {INPUT} at (186,20) size 16x16
              RenderInline {LABEL} at (0,0) size 42x17
                RenderText {#text} at (206,20) size 42x17
                  text run at (206,20) width 42: "Africa"
              RenderText {#text} at (247,20) size 5x17
                text run at (247,20) width 5: " "
          RenderText {#text} at (0,0) size 0x0
          RenderInline {DIV} at (0,0) size 209x17
            RenderInline {DIV} at (0,0) size 209x17
              RenderText {#text} at (0,0) size 0x0
              RenderInline {A} at (0,0) size 51x17 [color=#0000EE]
                RenderImage {IMG} at (251,0) size 50x34
              RenderText {#text} at (301,20) size 5x17
                text run at (301,20) width 5: " "
              RenderBlock {INPUT} at (309,20) size 16x16
              RenderInline {LABEL} at (0,0) size 127x17
                RenderText {#text} at (329,20) size 127x17
                  text run at (329,20) width 127: "Alexander's Empire"
              RenderText {#text} at (455,20) size 5x17
                text run at (455,20) width 5: " "
          RenderText {#text} at (0,0) size 0x0
          RenderInline {DIV} at (0,0) size 179x17
            RenderInline {DIV} at (0,0) size 179x17
              RenderText {#text} at (0,0) size 0x0
              RenderInline {A} at (0,0) size 51x17 [color=#0000EE]
                RenderImage {IMG} at (460,0) size 50x34
              RenderText {#text} at (509,20) size 5x17
                text run at (509,20) width 5: " "
              RenderBlock {INPUT} at (518,20) size 16x16
              RenderInline {LABEL} at (0,0) size 101x17
                RenderText {#text} at (537,20) size 101x17
                  text run at (537,20) width 101: "Ancient Greece"
              RenderText {#text} at (0,0) size 0x0
          RenderText {#text} at (0,0) size 0x0
          RenderInline {DIV} at (0,0) size 129x17
            RenderInline {DIV} at (0,0) size 129x17
              RenderText {#text} at (0,0) size 0x0
              RenderInline {A} at (0,0) size 50x17 [color=#0000EE]
                RenderImage {IMG} at (0,39) size 50x34
              RenderText {#text} at (50,59) size 4x17
                text run at (50,59) width 4: " "
              RenderBlock {INPUT} at (58,59) size 16x16
              RenderInline {LABEL} at (0,0) size 47x17
                RenderText {#text} at (78,59) size 47x17
                  text run at (78,59) width 47: "Classic"
              RenderText {#text} at (124,59) size 5x17
                text run at (124,59) width 5: " "
          RenderText {#text} at (0,0) size 0x0
          RenderInline {DIV} at (0,0) size 124x17
            RenderInline {DIV} at (0,0) size 124x17
              RenderText {#text} at (0,0) size 0x0
              RenderInline {A} at (0,0) size 51x17 [color=#0000EE]
                RenderImage {IMG} at (128,39) size 50x34
              RenderText {#text} at (178,59) size 5x17
                text run at (178,59) width 5: " "
              RenderBlock {INPUT} at (186,59) size 16x16
              RenderInline {LABEL} at (0,0) size 42x17
                RenderText {#text} at (206,59) size 42x17
                  text run at (206,59) width 42: "Africa"
              RenderText {#text} at (247,59) size 5x17
                text run at (247,59) width 5: " "
          RenderText {#text} at (0,0) size 0x0
          RenderInline {DIV} at (0,0) size 209x17
            RenderInline {DIV} at (0,0) size 209x17
              RenderText {#text} at (0,0) size 0x0
              RenderInline {A} at (0,0) size 51x17 [color=#0000EE]
                RenderImage {IMG} at (251,39) size 50x34
              RenderText {#text} at (301,59) size 5x17
                text run at (301,59) width 5: " "
              RenderBlock {INPUT} at (309,59) size 16x16
              RenderInline {LABEL} at (0,0) size 127x17
                RenderText {#text} at (329,59) size 127x17
                  text run at (329,59) width 127: "Alexander's Empire"
              RenderText {#text} at (455,59) size 5x17
                text run at (455,59) width 5: " "
          RenderText {#text} at (0,0) size 0x0
          RenderInline {DIV} at (0,0) size 179x17
            RenderInline {DIV} at (0,0) size 179x17
              RenderText {#text} at (0,0) size 0x0
              RenderInline {A} at (0,0) size 51x17 [color=#0000EE]
                RenderImage {IMG} at (460,39) size 50x34
              RenderText {#text} at (509,59) size 5x17
                text run at (509,59) width 5: " "
              RenderBlock {INPUT} at (518,59) size 16x16
              RenderInline {LABEL} at (0,0) size 101x17
                RenderText {#text} at (537,59) size 101x17
                  text run at (537,59) width 101: "Ancient Greece"
              RenderText {#text} at (0,0) size 0x0
          RenderText {#text} at (0,0) size 0x0
          RenderInline {DIV} at (0,0) size 129x17
            RenderInline {DIV} at (0,0) size 129x17
              RenderText {#text} at (0,0) size 0x0
              RenderInline {A} at (0,0) size 50x17 [color=#0000EE]
                RenderImage {IMG} at (0,78) size 50x34
              RenderText {#text} at (50,98) size 4x17
                text run at (50,98) width 4: " "
              RenderBlock {INPUT} at (58,98) size 16x16
              RenderInline {LABEL} at (0,0) size 47x17
                RenderText {#text} at (78,98) size 47x17
                  text run at (78,98) width 47: "Classic"
              RenderText {#text} at (124,98) size 5x17
                text run at (124,98) width 5: " "
          RenderText {#text} at (0,0) size 0x0
          RenderInline {DIV} at (0,0) size 124x17
            RenderInline {DIV} at (0,0) size 124x17
              RenderText {#text} at (0,0) size 0x0
              RenderInline {A} at (0,0) size 51x17 [color=#0000EE]
                RenderImage {IMG} at (128,78) size 50x34
              RenderText {#text} at (178,98) size 5x17
                text run at (178,98) width 5: " "
              RenderBlock {INPUT} at (186,98) size 16x16
              RenderInline {LABEL} at (0,0) size 42x17
                RenderText {#text} at (206,98) size 42x17
                  text run at (206,98) width 42: "Africa"
              RenderText {#text} at (247,98) size 5x17
                text run at (247,98) width 5: " "
          RenderText {#text} at (0,0) size 0x0
          RenderInline {DIV} at (0,0) size 209x17
            RenderInline {DIV} at (0,0) size 209x17
              RenderText {#text} at (0,0) size 0x0
              RenderInline {A} at (0,0) size 51x17 [color=#0000EE]
                RenderImage {IMG} at (251,78) size 50x34
              RenderText {#text} at (301,98) size 5x17
                text run at (301,98) width 5: " "
              RenderBlock {INPUT} at (309,98) size 16x16
              RenderInline {LABEL} at (0,0) size 127x17
                RenderText {#text} at (329,98) size 127x17
                  text run at (329,98) width 127: "Alexander's Empire"
              RenderText {#text} at (455,98) size 5x17
                text run at (455,98) width 5: " "
          RenderText {#text} at (0,0) size 0x0
          RenderInline {DIV} at (0,0) size 179x17
            RenderInline {DIV} at (0,0) size 179x17
              RenderText {#text} at (0,0) size 0x0
              RenderInline {A} at (0,0) size 51x17 [color=#0000EE]
                RenderImage {IMG} at (460,78) size 50x34
              RenderText {#text} at (509,98) size 5x17
                text run at (509,98) width 5: " "
              RenderBlock {INPUT} at (518,98) size 16x16
              RenderInline {LABEL} at (0,0) size 101x17
                RenderText {#text} at (537,98) size 101x17
                  text run at (537,98) width 101: "Ancient Greece"
              RenderText {#text} at (0,0) size 0x0
          RenderText {#text} at (0,0) size 0x0
          RenderInline {DIV} at (0,0) size 129x17
            RenderInline {DIV} at (0,0) size 129x17
              RenderText {#text} at (0,0) size 0x0
              RenderInline {A} at (0,0) size 50x17 [color=#0000EE]
                RenderImage {IMG} at (0,117) size 50x34
              RenderText {#text} at (50,137) size 4x17
                text run at (50,137) width 4: " "
              RenderBlock {INPUT} at (58,137) size 16x16
              RenderInline {LABEL} at (0,0) size 47x17
                RenderText {#text} at (78,137) size 47x17
                  text run at (78,137) width 47: "Classic"
              RenderText {#text} at (124,137) size 5x17
                text run at (124,137) width 5: " "
          RenderText {#text} at (0,0) size 0x0
          RenderInline {DIV} at (0,0) size 124x17
            RenderInline {DIV} at (0,0) size 124x17
              RenderText {#text} at (0,0) size 0x0
              RenderInline {A} at (0,0) size 51x17 [color=#0000EE]
                RenderImage {IMG} at (128,117) size 50x34
              RenderText {#text} at (178,137) size 5x17
                text run at (178,137) width 5: " "
              RenderBlock {INPUT} at (186,137) size 16x16
              RenderInline {LABEL} at (0,0) size 42x17
                RenderText {#text} at (206,137) size 42x17
                  text run at (206,137) width 42: "Africa"
              RenderText {#text} at (247,137) size 5x17
                text run at (247,137) width 5: " "
          RenderText {#text} at (0,0) size 0x0
          RenderInline {DIV} at (0,0) size 209x17
            RenderInline {DIV} at (0,0) size 209x17
              RenderText {#text} at (0,0) size 0x0
              RenderInline {A} at (0,0) size 51x17 [color=#0000EE]
                RenderImage {IMG} at (251,117) size 50x34
              RenderText {#text} at (301,137) size 5x17
                text run at (301,137) width 5: " "
              RenderBlock {INPUT} at (309,137) size 16x16
              RenderInline {LABEL} at (0,0) size 127x17
                RenderText {#text} at (329,137) size 127x17
                  text run at (329,137) width 127: "Alexander's Empire"
              RenderText {#text} at (455,137) size 5x17
                text run at (455,137) width 5: " "
          RenderText {#text} at (0,0) size 0x0
          RenderInline {DIV} at (0,0) size 179x17
            RenderInline {DIV} at (0,0) size 179x17
              RenderText {#text} at (0,0) size 0x0
              RenderInline {A} at (0,0) size 51x17 [color=#0000EE]
                RenderImage {IMG} at (460,117) size 50x34
              RenderText {#text} at (509,137) size 5x17
                text run at (509,137) width 5: " "
              RenderBlock {INPUT} at (518,137) size 16x16
              RenderInline {LABEL} at (0,0) size 101x17
                RenderText {#text} at (537,137) size 101x17
                  text run at (537,137) width 101: "Ancient Greece"
              RenderText {#text} at (0,0) size 0x0
          RenderText {#text} at (0,0) size 0x0
          RenderInline {DIV} at (0,0) size 129x17
            RenderInline {DIV} at (0,0) size 129x17
              RenderText {#text} at (0,0) size 0x0
              RenderInline {A} at (0,0) size 50x17 [color=#0000EE]
                RenderImage {IMG} at (0,156) size 50x34
              RenderText {#text} at (50,176) size 4x17
                text run at (50,176) width 4: " "
              RenderBlock {INPUT} at (58,176) size 16x16
              RenderInline {LABEL} at (0,0) size 47x17
                RenderText {#text} at (78,176) size 47x17
                  text run at (78,176) width 47: "Classic"
              RenderText {#text} at (124,176) size 5x17
                text run at (124,176) width 5: " "
          RenderText {#text} at (0,0) size 0x0
          RenderInline {DIV} at (0,0) size 124x17
            RenderInline {DIV} at (0,0) size 124x17
              RenderText {#text} at (0,0) size 0x0
              RenderInline {A} at (0,0) size 51x17 [color=#0000EE]
                RenderImage {IMG} at (128,156) size 50x34
              RenderText {#text} at (178,176) size 5x17
                text run at (178,176) width 5: " "
              RenderBlock {INPUT} at (186,176) size 16x16
              RenderInline {LABEL} at (0,0) size 42x17
                RenderText {#text} at (206,176) size 42x17
                  text run at (206,176) width 42: "Africa"
              RenderText {#text} at (247,176) size 5x17
                text run at (247,176) width 5: " "
          RenderText {#text} at (0,0) size 0x0
          RenderInline {DIV} at (0,0) size 209x17
            RenderInline {DIV} at (0,0) size 209x17
              RenderText {#text} at (0,0) size 0x0
              RenderInline {A} at (0,0) size 51x17 [color=#0000EE]
                RenderImage {IMG} at (251,156) size 50x34
              RenderText {#text} at (301,176) size 5x17
                text run at (301,176) width 5: " "
              RenderBlock {INPUT} at (309,176) size 16x16
              RenderInline {LABEL} at (0,0) size 127x17
                RenderText {#text} at (329,176) size 127x17
                  text run at (329,176) width 127: "Alexander's Empire"
              RenderText {#text} at (455,176) size 5x17
                text run at (455,176) width 5: " "
          RenderText {#text} at (0,0) size 0x0
          RenderInline {DIV} at (0,0) size 179x17
            RenderInline {DIV} at (0,0) size 179x17
              RenderText {#text} at (0,0) size 0x0
              RenderInline {A} at (0,0) size 51x17 [color=#0000EE]
                RenderImage {IMG} at (460,156) size 50x34
              RenderText {#text} at (509,176) size 5x17
                text run at (509,176) width 5: " "
              RenderBlock {INPUT} at (518,176) size 16x16
              RenderInline {LABEL} at (0,0) size 101x17
                RenderText {#text} at (537,176) size 101x17
                  text run at (537,176) width 101: "Ancient Greece"
              RenderText {#text} at (0,0) size 0x0
          RenderText {#text} at (0,0) size 0x0
          RenderInline {DIV} at (0,0) size 129x17
            RenderInline {DIV} at (0,0) size 129x17
              RenderText {#text} at (0,0) size 0x0
              RenderInline {A} at (0,0) size 50x17 [color=#0000EE]
                RenderImage {IMG} at (0,195) size 50x34
              RenderText {#text} at (50,215) size 4x17
                text run at (50,215) width 4: " "
              RenderBlock {INPUT} at (58,215) size 16x16
              RenderInline {LABEL} at (0,0) size 47x17
                RenderText {#text} at (78,215) size 47x17
                  text run at (78,215) width 47: "Classic"
              RenderText {#text} at (124,215) size 5x17
                text run at (124,215) width 5: " "
          RenderText {#text} at (0,0) size 0x0
          RenderInline {DIV} at (0,0) size 124x17
            RenderInline {DIV} at (0,0) size 124x17
              RenderText {#text} at (0,0) size 0x0
              RenderInline {A} at (0,0) size 51x17 [color=#0000EE]
                RenderImage {IMG} at (128,195) size 50x34
              RenderText {#text} at (178,215) size 5x17
                text run at (178,215) width 5: " "
              RenderBlock {INPUT} at (186,215) size 16x16
              RenderInline {LABEL} at (0,0) size 42x17
                RenderText {#text} at (206,215) size 42x17
                  text run at (206,215) width 42: "Africa"
              RenderText {#text} at (247,215) size 5x17
                text run at (247,215) width 5: " "
          RenderText {#text} at (0,0) size 0x0
          RenderInline {DIV} at (0,0) size 209x17
            RenderInline {DIV} at (0,0) size 209x17
              RenderText {#text} at (0,0) size 0x0
              RenderInline {A} at (0,0) size 51x17 [color=#0000EE]
                RenderImage {IMG} at (251,195) size 50x34
              RenderText {#text} at (301,215) size 5x17
                text run at (301,215) width 5: " "
              RenderBlock {INPUT} at (309,215) size 16x16
              RenderInline {LABEL} at (0,0) size 127x17
                RenderText {#text} at (329,215) size 127x17
                  text run at (329,215) width 127: "Alexander's Empire"
              RenderText {#text} at (455,215) size 5x17
                text run at (455,215) width 5: " "
          RenderText {#text} at (0,0) size 0x0
          RenderInline {DIV} at (0,0) size 179x17
            RenderInline {DIV} at (0,0) size 179x17
              RenderText {#text} at (0,0) size 0x0
              RenderInline {A} at (0,0) size 51x17 [color=#0000EE]
                RenderImage {IMG} at (460,195) size 50x34
              RenderText {#text} at (509,215) size 5x17
                text run at (509,215) width 5: " "
              RenderBlock {INPUT} at (518,215) size 16x16
              RenderInline {LABEL} at (0,0) size 101x17
                RenderText {#text} at (537,215) size 101x17
                  text run at (537,215) width 101: "Ancient Greece"
              RenderText {#text} at (0,0) size 0x0
          RenderText {#text} at (0,0) size 0x0
          RenderInline {DIV} at (0,0) size 129x17
            RenderInline {DIV} at (0,0) size 129x17
              RenderText {#text} at (0,0) size 0x0
              RenderInline {A} at (0,0) size 50x17 [color=#0000EE]
                RenderImage {IMG} at (0,234) size 50x34
              RenderText {#text} at (50,254) size 4x17
                text run at (50,254) width 4: " "
              RenderBlock {INPUT} at (58,254) size 16x16
              RenderInline {LABEL} at (0,0) size 47x17
                RenderText {#text} at (78,254) size 47x17
                  text run at (78,254) width 47: "Classic"
              RenderText {#text} at (124,254) size 5x17
                text run at (124,254) width 5: " "
          RenderText {#text} at (0,0) size 0x0
          RenderInline {DIV} at (0,0) size 124x17
            RenderInline {DIV} at (0,0) size 124x17
              RenderText {#text} at (0,0) size 0x0
              RenderInline {A} at (0,0) size 51x17 [color=#0000EE]
                RenderImage {IMG} at (128,234) size 50x34
              RenderText {#text} at (178,254) size 5x17
                text run at (178,254) width 5: " "
              RenderBlock {INPUT} at (186,254) size 16x16
              RenderInline {LABEL} at (0,0) size 42x17
                RenderText {#text} at (206,254) size 42x17
                  text run at (206,254) width 42: "Africa"
              RenderText {#text} at (247,254) size 5x17
                text run at (247,254) width 5: " "
          RenderText {#text} at (0,0) size 0x0
          RenderInline {DIV} at (0,0) size 209x17
            RenderInline {DIV} at (0,0) size 209x17
              RenderText {#text} at (0,0) size 0x0
              RenderInline {A} at (0,0) size 51x17 [color=#0000EE]
                RenderImage {IMG} at (251,234) size 50x34
              RenderText {#text} at (301,254) size 5x17
                text run at (301,254) width 5: " "
              RenderBlock {INPUT} at (309,254) size 16x16
              RenderInline {LABEL} at (0,0) size 127x17
                RenderText {#text} at (329,254) size 127x17
                  text run at (329,254) width 127: "Alexander's Empire"
              RenderText {#text} at (455,254) size 5x17
                text run at (455,254) width 5: " "
          RenderText {#text} at (0,0) size 0x0
          RenderInline {DIV} at (0,0) size 179x17
            RenderInline {DIV} at (0,0) size 179x17
              RenderText {#text} at (0,0) size 0x0
              RenderInline {A} at (0,0) size 51x17 [color=#0000EE]
                RenderImage {IMG} at (460,234) size 50x34
              RenderText {#text} at (509,254) size 5x17
                text run at (509,254) width 5: " "
              RenderBlock {INPUT} at (518,254) size 16x16
              RenderInline {LABEL} at (0,0) size 101x17
                RenderText {#text} at (537,254) size 101x17
                  text run at (537,254) width 101: "Ancient Greece"
              RenderText {#text} at (0,0) size 0x0
          RenderText {#text} at (0,0) size 0x0
          RenderInline {DIV} at (0,0) size 129x17
            RenderInline {DIV} at (0,0) size 129x17
              RenderText {#text} at (0,0) size 0x0
              RenderInline {A} at (0,0) size 50x17 [color=#0000EE]
                RenderImage {IMG} at (0,273) size 50x34
              RenderText {#text} at (50,293) size 4x17
                text run at (50,293) width 4: " "
              RenderBlock {INPUT} at (58,293) size 16x16
              RenderInline {LABEL} at (0,0) size 47x17
                RenderText {#text} at (78,293) size 47x17
                  text run at (78,293) width 47: "Classic"
              RenderText {#text} at (124,293) size 5x17
                text run at (124,293) width 5: " "
          RenderText {#text} at (0,0) size 0x0
          RenderInline {DIV} at (0,0) size 124x17
            RenderInline {DIV} at (0,0) size 124x17
              RenderText {#text} at (0,0) size 0x0
              RenderInline {A} at (0,0) size 51x17 [color=#0000EE]
                RenderImage {IMG} at (128,273) size 50x34
              RenderText {#text} at (178,293) size 5x17
                text run at (178,293) width 5: " "
              RenderBlock {INPUT} at (186,293) size 16x16
              RenderInline {LABEL} at (0,0) size 42x17
                RenderText {#text} at (206,293) size 42x17
                  text run at (206,293) width 42: "Africa"
              RenderText {#text} at (247,293) size 5x17
                text run at (247,293) width 5: " "
          RenderText {#text} at (0,0) size 0x0
          RenderInline {DIV} at (0,0) size 209x17
            RenderInline {DIV} at (0,0) size 209x17
              RenderText {#text} at (0,0) size 0x0
              RenderInline {A} at (0,0) size 51x17 [color=#0000EE]
                RenderImage {IMG} at (251,273) size 50x34
              RenderText {#text} at (301,293) size 5x17
                text run at (301,293) width 5: " "
              RenderBlock {INPUT} at (309,293) size 16x16
              RenderInline {LABEL} at (0,0) size 127x17
                RenderText {#text} at (329,293) size 127x17
                  text run at (329,293) width 127: "Alexander's Empire"
              RenderText {#text} at (455,293) size 5x17
                text run at (455,293) width 5: " "
          RenderText {#text} at (0,0) size 0x0
          RenderInline {DIV} at (0,0) size 179x17
            RenderInline {DIV} at (0,0) size 179x17
              RenderText {#text} at (0,0) size 0x0
              RenderInline {A} at (0,0) size 51x17 [color=#0000EE]
                RenderImage {IMG} at (460,273) size 50x34
              RenderText {#text} at (509,293) size 5x17
                text run at (509,293) width 5: " "
              RenderBlock {INPUT} at (518,293) size 16x16
              RenderInline {LABEL} at (0,0) size 101x17
                RenderText {#text} at (537,293) size 101x17
                  text run at (537,293) width 101: "Ancient Greece"
              RenderText {#text} at (0,0) size 0x0
          RenderText {#text} at (0,0) size 0x0
          RenderInline {DIV} at (0,0) size 129x17
            RenderInline {DIV} at (0,0) size 129x17
              RenderText {#text} at (0,0) size 0x0
              RenderInline {A} at (0,0) size 50x17 [color=#0000EE]
                RenderImage {IMG} at (0,312) size 50x34
              RenderText {#text} at (50,332) size 4x17
                text run at (50,332) width 4: " "
              RenderBlock {INPUT} at (58,332) size 16x16
              RenderInline {LABEL} at (0,0) size 47x17
                RenderText {#text} at (78,332) size 47x17
                  text run at (78,332) width 47: "Classic"
              RenderText {#text} at (124,332) size 5x17
                text run at (124,332) width 5: " "
          RenderText {#text} at (0,0) size 0x0
          RenderInline {DIV} at (0,0) size 124x17
            RenderInline {DIV} at (0,0) size 124x17
              RenderText {#text} at (0,0) size 0x0
              RenderInline {A} at (0,0) size 51x17 [color=#0000EE]
                RenderImage {IMG} at (128,312) size 50x34
              RenderText {#text} at (178,332) size 5x17
                text run at (178,332) width 5: " "
              RenderBlock {INPUT} at (186,332) size 16x16
              RenderInline {LABEL} at (0,0) size 42x17
                RenderText {#text} at (206,332) size 42x17
                  text run at (206,332) width 42: "Africa"
              RenderText {#text} at (247,332) size 5x17
                text run at (247,332) width 5: " "
          RenderText {#text} at (0,0) size 0x0
          RenderInline {DIV} at (0,0) size 209x17
            RenderInline {DIV} at (0,0) size 209x17
              RenderText {#text} at (0,0) size 0x0
              RenderInline {A} at (0,0) size 51x17 [color=#0000EE]
                RenderImage {IMG} at (251,312) size 50x34
              RenderText {#text} at (301,332) size 5x17
                text run at (301,332) width 5: " "
              RenderBlock {INPUT} at (309,332) size 16x16
              RenderInline {LABEL} at (0,0) size 127x17
                RenderText {#text} at (329,332) size 127x17
                  text run at (329,332) width 127: "Alexander's Empire"
              RenderText {#text} at (455,332) size 5x17
                text run at (455,332) width 5: " "
          RenderText {#text} at (0,0) size 0x0
          RenderInline {DIV} at (0,0) size 179x17
            RenderInline {DIV} at (0,0) size 179x17
              RenderText {#text} at (0,0) size 0x0
              RenderInline {A} at (0,0) size 51x17 [color=#0000EE]
                RenderImage {IMG} at (460,312) size 50x34
              RenderText {#text} at (509,332) size 5x17
                text run at (509,332) width 5: " "
              RenderBlock {INPUT} at (518,332) size 16x16
              RenderInline {LABEL} at (0,0) size 101x17
                RenderText {#text} at (537,332) size 101x17
                  text run at (537,332) width 101: "Ancient Greece"
              RenderText {#text} at (0,0) size 0x0
          RenderText {#text} at (0,0) size 0x0
