layer at (0,0) size 800x600
  RenderView at (0,0) size 800x600
layer at (0,0) size 800x600
  RenderBlock {HTML} at (0,0) size 800x600
    RenderBody {BODY} at (8,8) size 784x584
      RenderBlock {DIV} at (0,0) size 154x130 [border: (2px solid #FF0000)]
        RenderText {#text} at (2,2) size 148x125
          text run at (2,2) width 148: "Even though this div is"
          text run at (2,20) width 148: " white-space pre, the te"
          text run at (2,38) width 145: "xt inside should still w"
          text run at (2,56) width 148: "rap to multiple lines be"
          text run at (2,74) width 143: "cause of the word-wra"
          text run at (2,92) width 144: "p:break-word CSS pro"
          text run at (2,110) width 37: "perty."
