layer at (0,0) size 800x600
  RenderView at (0,0) size 800x600
layer at (0,0) size 800x600
  RenderBlock {HTML} at (0,0) size 800x600
    RenderBody {BODY} at (8,8) size 784x584
layer at (8,8) size 740x53
  RenderBlock (relative positioned) {DIV} at (0,0) size 740x53
    RenderBlock {DIV} at (36,0) size 704x53 [border: (10px solid #00000000) (18px solid #00000000)]
      RenderBlock {DIV} at (18,5) size 676x42
        RenderText {#text} at (0,0) size 668x42
          text run at (0,0) width 668: "Lorem ipsum dolor sit amet, consectetuer adipiscing elit. Donec ac odio. Fusce facilisis. Praesent eleifend dapibus mi. Proin"
          text run at (0,14) width 604: "nulla nulla, hendrerit vitae, condimentum non, iaculis sed, sem. Aliquam a turpis nec ante elementum dignissim."
          text run at (0,28) width 231: "Suspendisse potenti. Suspendisse potenti."
    RenderText {#text} at (0,0) size 0x0
layer at (8,29) size 32x32
  RenderImage {IMG} at (0,21) size 32x32
layer at (52,65) size 740x32
  RenderBlock (relative positioned) {DIV} at (44,57) size 740x32
    RenderBlock {DIV} at (299,0) size 405x25 [border: (10px solid #00000000) (18px solid #00000000) (10px solid #00000000)]
      RenderBlock {DIV} at (10,5) size 377x14
        RenderText {#text} at (0,0) size 377x14
          text run at (0,0) width 377: "Aliquam a turpis nec ante elementum dignissim. Suspendisse potenti."
    RenderText {#text} at (0,0) size 0x0
layer at (760,65) size 32x32
  RenderImage {IMG} at (708,0) size 32x32
layer at (8,101) size 740x32
  RenderBlock (relative positioned) {DIV} at (0,93) size 740x32
    RenderBlock {DIV} at (36,0) size 178x25 [border: (10px solid #00000000) (18px solid #00000000)]
      RenderBlock {DIV} at (18,5) size 150x14
        RenderText {#text} at (0,0) size 150x14
          text run at (0,0) width 150: "Lorem ipsum dolor sit amet."
    RenderText {#text} at (0,0) size 0x0
layer at (8,101) size 32x32
  RenderImage {IMG} at (0,0) size 32x32
layer at (52,137) size 740x153
  RenderBlock (relative positioned) {DIV} at (44,129) size 740x153
    RenderBlock {DIV} at (0,0) size 704x153 [border: (10px solid #00000000) (18px solid #00000000) (10px solid #00000000)]
      RenderBlock {DIV} at (10,5) size 676x142
        RenderBlock {DIV} at (0,0) size 676x100 [bgcolor=#EEEEEE]
          RenderText {#text} at (512,0) size 164x14
            text run at (512,0) width 164: "Look at me, I'm an attachment!"
        RenderText {#text} at (8,100) size 668x42
          text run at (8,100) width 668: "Lorem ipsum dolor sit amet, consectetuer adipiscing elit. Donec ac odio. Fusce facilisis. Praesent eleifend dapibus mi. Proin"
          text run at (72,114) width 604: "nulla nulla, hendrerit vitae, condimentum non, iaculis sed, sem. Aliquam a turpis nec ante elementum dignissim."
          text run at (445,128) width 231: "Suspendisse potenti. Suspendisse potenti."
    RenderText {#text} at (0,0) size 0x0
layer at (760,258) size 32x32
  RenderImage {IMG} at (708,121) size 32x32
