layer at (0,0) size 800x600
  RenderView at (0,0) size 800x600
layer at (0,0) size 800x600
  RenderBlock {HTML} at (0,0) size 800x600
    RenderBody {BODY} at (8,8) size 784x584
      RenderText {#text} at (0,131) size 521x19
        text run at (0,131) width 521: "This test checks to make sure the border-image is not clipped by the border radius. "
      RenderBlock {DIV} at (531,10) size 126x126 [border: (21px none #000000) (30px none #000000) (21px none #000000)]
      RenderText {#text} at (0,0) size 0x0
      RenderBlock {DIV} at (10,159) size 126x126 [border: (21px none #000000) (30px none #000000) (21px none #000000)]
      RenderText {#text} at (146,280) size 4x19
        text run at (146,280) width 4: " "
      RenderBR {BR} at (0,0) size 0x0
      RenderBlock {DIV} at (10,308) size 126x126 [border: (21px none #000000) (30px none #000000) (21px none #000000)]
      RenderText {#text} at (146,429) size 4x19
        text run at (146,429) width 4: " "
      RenderBlock {DIV} at (160,308) size 126x126 [border: (21px none #000000) (30px none #000000) (21px none #000000)]
      RenderText {#text} at (0,0) size 0x0
