layer at (0,0) size 800x600
  RenderView at (0,0) size 800x600
layer at (0,0) size 800x297
  RenderBlock {HTML} at (0,0) size 800x297
    RenderBody {BODY} at (8,16) size 784x265 [color=#0000FF]
      RenderBlock {P} at (0,0) size 784x37
        RenderText {#text} at (0,1) size 483x18
          text run at (0,1) width 483: "There should be a solid blue line directly over every occurance of the word \""
        RenderInline {SPAN} at (0,0) size 63x20 [border: (2px solid #0000FF) none]
          RenderText {#text} at (483,1) size 63x18
            text run at (483,1) width 63: "HERE \x{21E7}"
        RenderText {#text} at (546,1) size 779x36
          text run at (546,1) width 233: "\". (So there should be 8 blue lines on"
          text run at (0,19) width 65: "this page.)"
      RenderTable {TABLE} at (0,53) size 142x79
        RenderTableSection {TBODY} at (0,0) size 142x79
          RenderTableRow {TR} at (0,2) size 142x23
            RenderTableCell {TD} at (2,2) size 138x23 [border: (2px solid #0000FF) none] [r=0 c=0 rs=1 cs=2]
              RenderText {#text} at (37,4) size 64x18
                text run at (37,4) width 64: "HERE \x{21E7}"
          RenderTableRow {TR} at (0,27) size 142x50
            RenderTableCell {TD} at (2,40) size 65x23 [border: (2px solid #0000FF) none] [r=1 c=0 rs=1 cs=1]
              RenderText {#text} at (1,4) size 63x18
                text run at (1,4) width 63: "HERE \x{21E7}"
            RenderTableCell {TD} at (69,27) size 71x50 [border: (2px solid #0000FF) none] [r=1 c=1 rs=1 cs=1]
              RenderBlock (anonymous) at (1,3) size 69x19
                RenderText {#text} at (3,1) size 63x18
                  text run at (3,1) width 63: "HERE \x{21E7}"
              RenderTable {TABLE} at (1,22) size 69x27
                RenderTableSection {TBODY} at (0,0) size 69x27
                  RenderTableRow {TR} at (0,2) size 69x23
                    RenderTableCell {TD} at (2,2) size 65x23 [border: (2px solid #0000FF) none] [r=0 c=0 rs=1 cs=1]
                      RenderText {#text} at (1,4) size 63x18
                        text run at (1,4) width 63: "HERE \x{21E7}"
      RenderBlock {UL} at (0,148) size 784x117
        RenderListItem {LI} at (40,0) size 744x75 [border: (2px solid #0000FF) none]
          RenderBlock (anonymous) at (0,2) size 744x19
            RenderListMarker at (-17,1) size 7x18: bullet
            RenderText {#text} at (0,1) size 63x18
              text run at (0,1) width 63: "HERE \x{21E7}"
          RenderBlock {UL} at (0,21) size 744x54
            RenderListItem {LI} at (40,0) size 704x18
              RenderListMarker at (-17,0) size 7x18: white bullet
              RenderText {#text} at (0,0) size 75x18
                text run at (0,0) width 75: "dummy text"
            RenderListItem {LI} at (40,18) size 704x18
              RenderListMarker at (-17,0) size 7x18: white bullet
              RenderText {#text} at (0,0) size 75x18
                text run at (0,0) width 75: "dummy text"
            RenderListItem {LI} at (40,36) size 704x18
              RenderListMarker at (-17,0) size 7x18: white bullet
              RenderText {#text} at (0,0) size 75x18
                text run at (0,0) width 75: "dummy text"
        RenderListItem {LI} at (40,75) size 744x21 [border: (2px solid #0000FF) none]
          RenderListMarker at (-17,3) size 7x18: bullet
          RenderText {#text} at (0,3) size 63x18
            text run at (0,3) width 63: "HERE \x{21E7}"
        RenderListItem {LI} at (40,96) size 744x21 [border: (2px solid #0000FF) none]
          RenderListMarker at (-17,3) size 7x18: bullet
          RenderText {#text} at (0,3) size 63x18
            text run at (0,3) width 63: "HERE \x{21E7}"
