layer at (0,0) size 800x600
  RenderView at (0,0) size 800x600
layer at (0,0) size 800x290
  RenderBlock {HTML} at (0,0) size 800x290
    RenderBody {BODY} at (8,16) size 784x258
      RenderBlock {P} at (0,0) size 784x258 [color=#000080]
        RenderImage {IMG} at (734,0) size 50x50
        RenderText {#text} at (0,3) size 337x18
          text run at (0,3) width 337: "This text should flow around the box on the right. \x{21E8} "
        RenderInline {SPAN} at (0,0) size 759x255 [color=#C0C0C0]
          RenderText {#text} at (337,3) size 759x255
            text run at (337,3) width 391: "dummy text dummy text dummy text dummy text dummy text"
            text run at (0,24) width 52: "dummy "
            text run at (52,24) width 474: "text dummy text dummy text dummy text dummy text dummy text dummy "
            text run at (526,24) width 181: "text dummy text dummy text"
            text run at (0,42) width 289: "dummy text dummy text dummy text dummy "
            text run at (289,42) width 418: "text dummy text dummy text dummy text dummy text dummy text"
            text run at (0,60) width 52: "dummy "
            text run at (52,60) width 474: "text dummy text dummy text dummy text dummy text dummy text dummy "
            text run at (526,60) width 233: "text dummy text dummy text dummy"
            text run at (0,78) width 237: "text dummy text dummy text dummy "
            text run at (237,78) width 474: "text dummy text dummy text dummy text dummy text dummy text dummy "
            text run at (711,78) width 23: "text"
            text run at (0,96) width 447: "dummy text dummy text dummy text dummy text dummy text dummy "
            text run at (447,96) width 312: "text dummy text dummy text dummy text dummy"
            text run at (0,114) width 158: "text dummy text dummy "
            text run at (158,114) width 474: "text dummy text dummy text dummy text dummy text dummy text dummy "
            text run at (632,114) width 102: "text dummy text"
            text run at (0,132) width 368: "dummy text dummy text dummy text dummy text dummy "
            text run at (368,132) width 391: "text dummy text dummy text dummy text dummy text dummy"
            text run at (0,150) width 79: "text dummy "
            text run at (79,150) width 474: "text dummy text dummy text dummy text dummy text dummy text dummy "
            text run at (553,150) width 181: "text dummy text dummy text"
            text run at (0,168) width 289: "dummy text dummy text dummy text dummy "
            text run at (289,168) width 470: "text dummy text dummy text dummy text dummy text dummy text dummy"
            text run at (0,186) width 474: "text dummy text dummy text dummy text dummy text dummy text dummy "
            text run at (474,186) width 260: "text dummy text dummy text dummy text"
            text run at (0,204) width 210: "dummy text dummy text dummy "
            text run at (210,204) width 474: "text dummy text dummy text dummy text dummy text dummy text dummy "
            text run at (684,204) width 75: "text dummy"
            text run at (0,222) width 395: "text dummy text dummy text dummy text dummy text dummy "
            text run at (395,222) width 339: "text dummy text dummy text dummy text dummy text"
            text run at (0,240) width 131: "dummy text dummy "
            text run at (131,240) width 418: "text dummy text dummy text dummy text dummy text dummy text"
        RenderText {#text} at (0,0) size 0x0
