layer at (0,0) size 800x600
  RenderView at (0,0) size 800x600
layer at (0,0) size 800x266
  RenderBlock {HTML} at (0,0) size 800x266
    RenderBody {BODY} at (8,8) size 784x0
      RenderBlock (floating) {DIV} at (0,0) size 588x258 [color=#FFFFFF] [bgcolor=#000080]
        RenderBlock (floating) {DIV} at (277,0) size 294x78 [color=#00FFFF] [bgcolor=#008080]
          RenderBlock {P} at (0,0) size 294x78
            RenderText {#text} at (0,0) size 294x75
              text run at (0,0) width 294: "To the right of this teal box there should be a"
              text run at (0,18) width 94: "purple square, "
              text run at (94,18) width 200: "tightly squeezed in between the"
              text run at (0,36) width 193: "edge of the teal box and the "
              text run at (193,36) width 101: "outside edge of"
              text run at (0,57) width 113: "the blue block. \x{21E8}"
        RenderBlock {P} at (0,0) size 588x258
          RenderText {#text} at (0,0) size 277x39
            text run at (0,0) width 277: "Inside this blue block on the right there"
            text run at (0,21) width 159: "should be a teal box. \x{21E8} "
          RenderInline {SPAN} at (0,0) size 588x237 [color=#000080]
            RenderText {#text} at (159,21) size 588x237
              text run at (159,21) width 118: "FAIL FAIL FAIL"
              text run at (0,42) width 277: "FAIL FAIL FAIL FAIL FAIL FAIL FAIL"
              text run at (0,60) width 80: "FAIL FAIL "
              text run at (80,60) width 197: "FAIL FAIL FAIL FAIL FAIL"
              text run at (0,78) width 297: "FAIL FAIL FAIL FAIL FAIL FAIL FAIL "
              text run at (297,78) width 291: "FAIL FAIL FAIL FAIL FAIL FAIL FAIL"
              text run at (0,96) width 212: "FAIL FAIL FAIL FAIL FAIL "
              text run at (212,96) width 376: "FAIL FAIL FAIL FAIL FAIL FAIL FAIL FAIL FAIL"
              text run at (0,114) width 127: "FAIL FAIL FAIL "
              text run at (127,114) width 461: "FAIL FAIL FAIL FAIL FAIL FAIL FAIL FAIL FAIL FAIL FAIL"
              text run at (0,132) width 42: "FAIL "
              text run at (42,132) width 510: "FAIL FAIL FAIL FAIL FAIL FAIL FAIL FAIL FAIL FAIL FAIL FAIL "
              text run at (552,132) width 36: "FAIL"
              text run at (0,150) width 467: "FAIL FAIL FAIL FAIL FAIL FAIL FAIL FAIL FAIL FAIL FAIL "
              text run at (467,150) width 121: "FAIL FAIL FAIL"
              text run at (0,168) width 382: "FAIL FAIL FAIL FAIL FAIL FAIL FAIL FAIL FAIL "
              text run at (382,168) width 206: "FAIL FAIL FAIL FAIL FAIL"
              text run at (0,186) width 297: "FAIL FAIL FAIL FAIL FAIL FAIL FAIL "
              text run at (297,186) width 291: "FAIL FAIL FAIL FAIL FAIL FAIL FAIL"
              text run at (0,204) width 212: "FAIL FAIL FAIL FAIL FAIL "
              text run at (212,204) width 376: "FAIL FAIL FAIL FAIL FAIL FAIL FAIL FAIL FAIL"
              text run at (0,222) width 127: "FAIL FAIL FAIL "
              text run at (127,222) width 461: "FAIL FAIL FAIL FAIL FAIL FAIL FAIL FAIL FAIL FAIL FAIL"
              text run at (0,240) width 40: "FAIL "
              text run at (40,240) width 476: "FAIL FAIL FAIL FAIL FAIL FAIL FAIL FAIL FAIL FAIL FAIL FAIL"
          RenderText {#text} at (0,0) size 0x0
