layer at (0,0) size 800x600
  RenderView at (0,0) size 800x600
layer at (0,0) size 800x325
  RenderBlock {HTML} at (0,0) size 800x325
    RenderBody {BODY} at (8,8) size 784x309
      RenderBlock (floating) {DIV} at (0,0) size 196x292 [color=#FFFFFF] [bgcolor=#000080]
        RenderBlock {P} at (0,0) size 196x292
          RenderText {#text} at (0,11) size 185x281
            text run at (0,11) width 145: "\x{21E6} This"
            text run at (0,72) width 166: "blue box"
            text run at (0,127) width 185: "should be"
            text run at (0,182) width 118: "on the"
            text run at (0,237) width 75: "left."
      RenderBlock (floating) {DIV} at (588,0) size 196x292 [color=#FFFFFF] [bgcolor=#008080]
        RenderBlock {P} at (0,0) size 196x292
          RenderText {#text} at (0,0) size 185x286
            text run at (0,0) width 165: "This teal"
            text run at (0,55) width 72: "box"
            text run at (0,110) width 185: "should be"
            text run at (0,165) width 118: "on the"
            text run at (0,231) width 162: "right. \x{21E8}"
      RenderBlock {P} at (0,0) size 784x309
        RenderText {#text} at (196,0) size 365x303
          text run at (196,0) width 365: "This text should be"
          text run at (196,55) width 335: "in between a blue"
          text run at (196,121) width 325: "box on the \x{21E6}left"
          text run at (196,182) width 326: "and a teal box on"
          text run at (196,248) width 220: "the right\x{21E8}."
