layer at (0,0) size 800x600
  RenderView at (0,0) size 800x600
layer at (0,0) size 800x414
  RenderBlock {HTML} at (0,0) size 800x414
    RenderBody {BODY} at (8,18) size 784x378
      RenderBlock {P} at (0,0) size 784x378
        RenderInline {SPAN} at (0,0) size 780x345 [color=#FFFFFF] [bgcolor=#000080]
          RenderText {#text} at (0,16) size 780x75
            text run at (0,16) width 459: "This text should be 18px sans-serif, in small-caps, italicized, "
            text run at (459,16) width 321: "and very light. There should be a 36px gap"
            text run at (0,70) width 165: "betwen each line. The "
            text run at (165,70) width 431: "text should have a blue background, the gap should not. "
          RenderInline {SPAN} at (0,0) size 769x291 [color=#0000FF]
            RenderText {#text} at (596,70) size 769x291
              text run at (596,70) width 167: "dummy text dummy text"
              text run at (0,124) width 309: "dummy text dummy text dummy text dummy "
              text run at (309,124) width 460: "text dummy text dummy text dummy text dummy text dummy text"
              text run at (0,178) width 51: "dummy "
              text run at (51,178) width 516: "text dummy text dummy text dummy text dummy text dummy text dummy "
              text run at (567,178) width 202: "text dummy text dummy text"
              text run at (0,232) width 309: "dummy text dummy text dummy text dummy "
              text run at (309,232) width 460: "text dummy text dummy text dummy text dummy text dummy text"
              text run at (0,286) width 51: "dummy "
              text run at (51,286) width 516: "text dummy text dummy text dummy text dummy text dummy text dummy "
              text run at (567,286) width 202: "text dummy text dummy text"
              text run at (0,340) width 309: "dummy text dummy text dummy text dummy "
              text run at (309,340) width 460: "text dummy text dummy text dummy text dummy text dummy text"
          RenderText {#text} at (0,0) size 0x0
        RenderText {#text} at (0,0) size 0x0
