layer at (0,0) size 800x600
  RenderView at (0,0) size 800x600
layer at (0,0) size 800x600
  RenderBlock {HTML} at (0,0) size 800x600
    RenderBody {BODY} at (8,8) size 784x576
layer at (8,8) size 784x160
  RenderBlock {P} at (0,0) size 784x160 [border: (10px solid #800000)]
    RenderText {#text} at (30,30) size 151x19
      text run at (30,30) width 151: "This is some column text."
    RenderBR {BR} at (181,45) size 0x0
    RenderText {#text} at (30,50) size 151x19
      text run at (30,50) width 151: "This is some column text."
    RenderBR {BR} at (181,65) size 0x0
    RenderText {#text} at (30,70) size 151x19
      text run at (30,70) width 151: "This is some column text."
    RenderBR {BR} at (181,85) size 0x0
    RenderText {#text} at (30,90) size 151x19
      text run at (30,90) width 151: "This is some column text."
    RenderBR {BR} at (181,105) size 0x0
    RenderText {#text} at (30,110) size 151x19
      text run at (30,110) width 151: "This is some column text."
    RenderBR {BR} at (181,125) size 0x0
    RenderText {#text} at (30,130) size 151x19
      text run at (30,130) width 151: "This is some column text."
    RenderBR {BR} at (181,145) size 0x0
    RenderText {#text} at (30,150) size 151x19
      text run at (30,150) width 151: "This is some column text."
    RenderBR {BR} at (181,165) size 0x0
    RenderText {#text} at (30,170) size 151x19
      text run at (30,170) width 151: "This is some column text."
    RenderBR {BR} at (181,185) size 0x0
    RenderText {#text} at (30,190) size 151x19
      text run at (30,190) width 151: "This is some column text."
    RenderBR {BR} at (181,205) size 0x0
    RenderText {#text} at (30,210) size 151x19
      text run at (30,210) width 151: "This is some column text."
    RenderBR {BR} at (181,225) size 0x0
    RenderText {#text} at (30,230) size 151x19
      text run at (30,230) width 151: "This is some column text."
    RenderBR {BR} at (181,245) size 0x0
    RenderText {#text} at (30,250) size 151x19
      text run at (30,250) width 151: "This is some column text."
    RenderBR {BR} at (181,265) size 0x0
    RenderText {#text} at (30,270) size 151x19
      text run at (30,270) width 151: "This is some column text."
    RenderBR {BR} at (181,285) size 0x0
layer at (8,184) size 784x160
  RenderBlock {P} at (0,176) size 784x160 [border: (10px solid #800000)]
    RenderText {#text} at (109,30) size 151x19
      text run at (109,30) width 4 RTL: "."
      text run at (113,30) width 147: "This is some column text"
    RenderBR {BR} at (109,45) size 0x0
    RenderText {#text} at (109,50) size 151x19
      text run at (109,50) width 4 RTL: "."
      text run at (113,50) width 147: "This is some column text"
    RenderBR {BR} at (109,65) size 0x0
    RenderText {#text} at (109,70) size 151x19
      text run at (109,70) width 4 RTL: "."
      text run at (113,70) width 147: "This is some column text"
    RenderBR {BR} at (109,85) size 0x0
    RenderText {#text} at (109,90) size 151x19
      text run at (109,90) width 4 RTL: "."
      text run at (113,90) width 147: "This is some column text"
    RenderBR {BR} at (109,105) size 0x0
    RenderText {#text} at (109,110) size 151x19
      text run at (109,110) width 4 RTL: "."
      text run at (113,110) width 147: "This is some column text"
    RenderBR {BR} at (109,125) size 0x0
    RenderText {#text} at (109,130) size 151x19
      text run at (109,130) width 4 RTL: "."
      text run at (113,130) width 147: "This is some column text"
    RenderBR {BR} at (109,145) size 0x0
    RenderText {#text} at (109,150) size 151x19
      text run at (109,150) width 4 RTL: "."
      text run at (113,150) width 147: "This is some column text"
    RenderBR {BR} at (109,165) size 0x0
    RenderText {#text} at (109,170) size 151x19
      text run at (109,170) width 4 RTL: "."
      text run at (113,170) width 147: "This is some column text"
    RenderBR {BR} at (109,185) size 0x0
    RenderText {#text} at (109,190) size 151x19
      text run at (109,190) width 4 RTL: "."
      text run at (113,190) width 147: "This is some column text"
    RenderBR {BR} at (109,205) size 0x0
    RenderText {#text} at (109,210) size 151x19
      text run at (109,210) width 4 RTL: "."
      text run at (113,210) width 147: "This is some column text"
    RenderBR {BR} at (109,225) size 0x0
    RenderText {#text} at (109,230) size 151x19
      text run at (109,230) width 4 RTL: "."
      text run at (113,230) width 147: "This is some column text"
    RenderBR {BR} at (109,245) size 0x0
    RenderText {#text} at (109,250) size 151x19
      text run at (109,250) width 4 RTL: "."
      text run at (113,250) width 147: "This is some column text"
    RenderBR {BR} at (109,265) size 0x0
    RenderText {#text} at (109,270) size 151x19
      text run at (109,270) width 4 RTL: "."
      text run at (113,270) width 147: "This is some column text"
    RenderBR {BR} at (109,285) size 0x0
