layer at (0,0) size 800x600
  RenderView at (0,0) size 800x600
layer at (0,0) size 800x600
  RenderBlock {HTML} at (0,0) size 800x600
    RenderBody {BODY} at (8,8) size 784x584
layer at (8,8) size 506x505
  RenderBlock {DIV} at (0,0) size 506x505 [border: (3px solid #000000)]
layer at (11,11) size 159x1454 backgroundClip at (11,11) size 159x589 clip at (11,11) size 159x589 outlineClip at (0,0) size 800x600
  RenderBlock {DIV} at (3,3) size 159x1454
    RenderText {#text} at (0,4) size 158x1445
      text run at (0,4) width 158: "Lorem ipsum dolor sit amet,"
      text run at (0,28) width 158: "consectetur adipiscing elit."
      text run at (0,52) width 158: "Nullam ornare, nunc eget"
      text run at (0,76) width 158: "condimentum tempor, augue"
      text run at (0,100) width 158: "ligula accumsan eros, sed"
      text run at (0,124) width 158: "consequat sapien orci id libero."
      text run at (0,148) width 158: "Curabitur tristique, augue in"
      text run at (0,172) width 158: "aliquet accumsan, nibh nisi"
      text run at (0,196) width 158: "lobortis odio, et suscipit est"
      text run at (0,220) width 158: "ligula eu nisi. Nunc aliquet"
      text run at (0,244) width 158: "lobortis porta. Donec venenatis"
      text run at (0,268) width 158: "consectetur eleifend. Etiam sed"
      text run at (0,292) width 158: "tempor quam. Pellentesque"
      text run at (0,316) width 158: "gravida gravida eros venenatis"
      text run at (0,340) width 158: "suscipit. Aenean diam enim,"
      text run at (0,364) width 158: "suscipit id pellentesque vel,"
      text run at (0,388) width 158: "hendrerit et metus. Suspendisse"
      text run at (0,412) width 158: "felis erat, hendrerit a congue in,"
      text run at (0,436) width 158: "euismod ac erat. Donec pulvinar"
      text run at (0,460) width 158: "venenatis tortor, a lobortis erat"
      text run at (0,503) width 158: "scelerisque et. Class aptent taciti"
      text run at (0,527) width 158: "sociosqu ad litora torquent per"
      text run at (0,551) width 158: "conubia nostra, per inceptos"
      text run at (0,575) width 158: "himenaeos. Aliquam in orci id"
      text run at (0,599) width 158: "felis mollis porta ac et orci."
      text run at (0,623) width 158: "Donec viverra, eros ac mattis"
      text run at (0,647) width 158: "dapibus, quam ante porta lectus,"
      text run at (0,671) width 158: "accumsan pellentesque nibh"
      text run at (0,695) width 158: "metus non felis. Vivamus sed"
      text run at (0,719) width 158: "eros quis magna scelerisque"
      text run at (0,743) width 116: "ultrices ac eget velit. "
      text run at (116,743) width 42: "Nunc et"
      text run at (0,767) width 158: "odio ut velit posuere viverra."
      text run at (0,791) width 158: "Integer eu mi quis velit dapibus"
      text run at (0,815) width 158: "tempus at ut purus. Quisque"
      text run at (0,839) width 158: "congue mollis mauris a hendrerit."
      text run at (0,863) width 158: "Nam viverra est at orci interdum"
      text run at (0,887) width 158: "a ullamcorper mi dictum. In id"
      text run at (0,911) width 158: "sapien augue. Suspendisse"
      text run at (0,935) width 158: "potenti. Vestibulum turpis"
      text run at (0,959) width 158: "purus, convallis ut sagittis quis,"
      text run at (0,1002) width 158: "semper vel mauris. Curabitur"
      text run at (0,1026) width 158: "vitae felis turpis. Fusce augue"
      text run at (0,1050) width 158: "nibh, consectetur non"
      text run at (0,1074) width 158: "vestibulum et, bibendum sit"
      text run at (0,1098) width 158: "amet lectus. Nulla at imperdiet"
      text run at (0,1122) width 158: "metus. Donec non est velit, non"
      text run at (0,1146) width 158: "fringilla ipsum. Fusce elementum"
      text run at (0,1170) width 158: "neque a nibh egestas sodales."
      text run at (0,1194) width 158: "Mauris ut lorem hendrerit metus"
      text run at (0,1218) width 158: "interdum malesuada. Nam"
      text run at (0,1242) width 158: "tempus sodales neque vitae"
      text run at (0,1266) width 158: "bibendum. Vestibulum ac est sit"
      text run at (0,1290) width 158: "amet dolor vehicula semper at"
      text run at (0,1314) width 158: "sed ante. Nunc at neque urna, in"
      text run at (0,1338) width 158: "volutpat orci. Praesent eu velit"
      text run at (0,1362) width 158: "neque, quis rutrum metus. Nunc"
      text run at (0,1386) width 158: "eu ipsum sit amet ligula mattis"
      text run at (0,1410) width 158: "porttitor sit amet id felis. Integer"
      text run at (0,1434) width 155: "volutpat aliquam odio et feugiat."
