layer at (0,0) size 800x600
  RenderView at (0,0) size 800x600
layer at (0,0) size 800x600
  RenderBlock {HTML} at (0,0) size 800x600
    RenderBody {BODY} at (8,8) size 784x584
layer at (8,8) size 506x505
  RenderBlock {DIV} at (0,0) size 506x505 [border: (3px solid #000000)]
    RenderText {#text} at (3,7) size 158x1445
      text run at (3,7) width 158: "Lorem ipsum dolor sit amet,"
      text run at (3,31) width 158: "consectetur adipiscing elit."
      text run at (3,55) width 158: "Nullam ornare, nunc eget"
      text run at (3,79) width 158: "condimentum tempor, augue"
      text run at (3,103) width 158: "ligula accumsan eros, sed"
      text run at (3,127) width 158: "consequat sapien orci id libero."
      text run at (3,151) width 158: "Curabitur tristique, augue in"
      text run at (3,175) width 158: "aliquet accumsan, nibh nisi"
      text run at (3,199) width 158: "lobortis odio, et suscipit est"
      text run at (3,223) width 158: "ligula eu nisi. Nunc aliquet"
      text run at (3,247) width 158: "lobortis porta. Donec venenatis"
      text run at (3,271) width 158: "consectetur eleifend. Etiam sed"
      text run at (3,295) width 158: "tempor quam. Pellentesque"
      text run at (3,319) width 158: "gravida gravida eros venenatis"
      text run at (3,343) width 158: "suscipit. Aenean diam enim,"
      text run at (3,367) width 158: "suscipit id pellentesque vel,"
      text run at (3,391) width 158: "hendrerit et metus. Suspendisse"
      text run at (3,415) width 158: "felis erat, hendrerit a congue in,"
      text run at (3,439) width 158: "euismod ac erat. Donec pulvinar"
      text run at (3,463) width 158: "venenatis tortor, a lobortis erat"
      text run at (3,506) width 158: "scelerisque et. Class aptent taciti"
      text run at (3,530) width 158: "sociosqu ad litora torquent per"
      text run at (3,554) width 158: "conubia nostra, per inceptos"
      text run at (3,578) width 158: "himenaeos. Aliquam in orci id"
      text run at (3,602) width 158: "felis mollis porta ac et orci."
      text run at (3,626) width 158: "Donec viverra, eros ac mattis"
      text run at (3,650) width 158: "dapibus, quam ante porta lectus,"
      text run at (3,674) width 158: "accumsan pellentesque nibh"
      text run at (3,698) width 158: "metus non felis. Vivamus sed"
      text run at (3,722) width 158: "eros quis magna scelerisque"
      text run at (3,746) width 116: "ultrices ac eget velit. "
      text run at (119,746) width 42: "Nunc et"
      text run at (3,770) width 158: "odio ut velit posuere viverra."
      text run at (3,794) width 158: "Integer eu mi quis velit dapibus"
      text run at (3,818) width 158: "tempus at ut purus. Quisque"
      text run at (3,842) width 158: "congue mollis mauris a hendrerit."
      text run at (3,866) width 158: "Nam viverra est at orci interdum"
      text run at (3,890) width 158: "a ullamcorper mi dictum. In id"
      text run at (3,914) width 158: "sapien augue. Suspendisse"
      text run at (3,938) width 158: "potenti. Vestibulum turpis"
      text run at (3,962) width 158: "purus, convallis ut sagittis quis,"
      text run at (3,1005) width 158: "semper vel mauris. Curabitur"
      text run at (3,1029) width 158: "vitae felis turpis. Fusce augue"
      text run at (3,1053) width 158: "nibh, consectetur non"
      text run at (3,1077) width 158: "vestibulum et, bibendum sit"
      text run at (3,1101) width 158: "amet lectus. Nulla at imperdiet"
      text run at (3,1125) width 158: "metus. Donec non est velit, non"
      text run at (3,1149) width 158: "fringilla ipsum. Fusce elementum"
      text run at (3,1173) width 158: "neque a nibh egestas sodales."
      text run at (3,1197) width 158: "Mauris ut lorem hendrerit metus"
      text run at (3,1221) width 158: "interdum malesuada. Nam"
      text run at (3,1245) width 158: "tempus sodales neque vitae"
      text run at (3,1269) width 158: "bibendum. Vestibulum ac est sit"
      text run at (3,1293) width 158: "amet dolor vehicula semper at"
      text run at (3,1317) width 158: "sed ante. Nunc at neque urna, in"
      text run at (3,1341) width 158: "volutpat orci. Praesent eu velit"
      text run at (3,1365) width 158: "neque, quis rutrum metus. Nunc"
      text run at (3,1389) width 158: "eu ipsum sit amet ligula mattis"
      text run at (3,1413) width 158: "porttitor sit amet id felis. Integer"
      text run at (3,1437) width 155: "volutpat aliquam odio et feugiat."
