layer at (0,0) size 800x600
  RenderView at (0,0) size 800x600
layer at (0,0) size 800x600
  RenderBlock {HTML} at (0,0) size 800x600
    RenderBody {BODY} at (8,8) size 784x584
      RenderBlock {DIV} at (0,0) size 784x35
        RenderText {#text} at (0,14) size 74x21
          text run at (0,14) width 74: "Qt Plugin: "
        RenderEmbeddedObject {OBJECT} at (74,0) size 300x30 [QT: geometry: {at (82,8) size 300x30} isHidden: 1 isSelfVisible: 1 isParentVisible: 1 ] 
        RenderText {#text} at (0,0) size 0x0
      RenderBlock {DIV} at (0,35) size 784x35
        RenderText {#text} at (0,14) size 127x21
          text run at (0,14) width 127: "Qt Styled Widget: "
        RenderEmbeddedObject {OBJECT} at (127,0) size 300x30 [QT: geometry: {at (0,0) size 300x30} isHidden: 1 isSelfVisible: 1 isParentVisible: 1 ] 
        RenderText {#text} at (0,0) size 0x0
      RenderBlock {DIV} at (0,70) size 784x105
        RenderText {#text} at (0,84) size 133x21
          text run at (0,84) width 133: "Third-party plugin: "
        RenderEmbeddedObject {EMBED} at (133,0) size 100x100
        RenderText {#text} at (0,0) size 0x0
