layer at (0,0) size 800x600
  RenderView at (0,0) size 800x600
layer at (0,0) size 800x401
  RenderBlock {HTML} at (0,0) size 800x401
    RenderBody {BODY} at (8,8) size 784x385
      RenderBlock (anonymous) at (0,0) size 784x88
        RenderText {#text} at (0,0) size 577x22
          text run at (0,0) width 577: "Tests for basic button rendering. Creates a table with seven columns and seven rows. "
        RenderBR {BR} at (577,0) size 0x22
        RenderText {#text} at (0,22) size 551x22
          text run at (0,22) width 551: "Creates two different types of buttons, one with an image (a red dot) and another "
        RenderBR {BR} at (551,22) size 0x22
        RenderText {#text} at (0,44) size 702x22
          text run at (0,44) width 702: "with text (\"foo\") and then uses six different paddings to make sure each of the buttons render properly. "
        RenderBR {BR} at (702,44) size 0x22
        RenderBR {BR} at (0,66) size 0x22
      RenderTable {TABLE} at (0,88) size 720x297
        RenderTableSection {TBODY} at (0,0) size 720x297
          RenderTableRow {TR} at (0,0) size 720x24
            RenderTableCell {TD} at (0,0) size 179x24 [r=0 c=0 rs=1 cs=1]
              RenderText {#text} at (1,1) size 44x22
                text run at (1,1) width 44: "styling"
            RenderTableCell {TD} at (179,0) size 65x24 [r=0 c=1 rs=1 cs=1]
              RenderText {#text} at (1,1) size 63x22
                text run at (1,1) width 63: "<button>"
            RenderTableCell {TD} at (244,0) size 162x24 [r=0 c=2 rs=1 cs=1]
              RenderText {#text} at (1,1) size 160x22
                text run at (1,1) width 160: "(offsetH,W) (clientH,W)"
            RenderTableCell {TD} at (406,0) size 143x24 [r=0 c=3 rs=1 cs=1]
              RenderText {#text} at (1,1) size 141x22
                text run at (1,1) width 141: "<input type=button>"
            RenderTableCell {TD} at (549,0) size 171x24 [r=0 c=4 rs=1 cs=1]
              RenderText {#text} at (1,1) size 169x22
                text run at (1,1) width 169: "(offsetH,W) (clientH, -W)"
          RenderTableRow {TR} at (0,24) size 720x39
            RenderTableCell {TD} at (0,31) size 179x24 [r=1 c=0 rs=1 cs=1]
              RenderText {#text} at (1,1) size 57x22
                text run at (1,1) width 57: "(default)"
            RenderTableCell {TD} at (179,24) size 65x39 [r=1 c=1 rs=1 cs=1]
              RenderButton {BUTTON} at (3,3) size 22x33 [bgcolor=#C0C0C0]
                RenderBlock (anonymous) at (6,6) size 10x21
                  RenderImage {IMG} at (0,6) size 10x10
            RenderTableCell {TD} at (244,31) size 162x24 [r=1 c=2 rs=1 cs=1]
              RenderText {#text} at (1,1) size 104x22
                text run at (1,1) width 104: "(33, 12) (33, 12)"
            RenderTableCell {TD} at (406,24) size 143x39 [r=1 c=3 rs=1 cs=1]
              RenderButton {INPUT} at (3,3) size 35x33 [bgcolor=#C0C0C0]
                RenderBlock (anonymous) at (6,6) size 23x21
                  RenderText at (0,0) size 23x21
                    text run at (0,0) width 23: "foo"
            RenderTableCell {TD} at (549,31) size 171x24 [r=1 c=4 rs=1 cs=1]
              RenderText {#text} at (1,1) size 104x22
                text run at (1,1) width 104: "(33, 35) (33, 35)"
          RenderTableRow {TR} at (0,63) size 720x39
            RenderTableCell {TD} at (0,70) size 179x24 [r=2 c=0 rs=1 cs=1]
              RenderText {#text} at (1,1) size 73x22
                text run at (1,1) width 73: "padding: 0"
            RenderTableCell {TD} at (179,63) size 65x39 [r=2 c=1 rs=1 cs=1]
              RenderButton {BUTTON} at (3,3) size 22x33 [bgcolor=#C0C0C0]
                RenderBlock (anonymous) at (6,6) size 10x21
                  RenderImage {IMG} at (0,6) size 10x10
            RenderTableCell {TD} at (244,70) size 162x24 [r=2 c=2 rs=1 cs=1]
              RenderText {#text} at (1,1) size 104x22
                text run at (1,1) width 104: "(33, 12) (33, 12)"
            RenderTableCell {TD} at (406,63) size 143x39 [r=2 c=3 rs=1 cs=1]
              RenderButton {INPUT} at (3,3) size 35x33 [bgcolor=#C0C0C0]
                RenderBlock (anonymous) at (6,6) size 23x21
                  RenderText at (0,0) size 23x21
                    text run at (0,0) width 23: "foo"
            RenderTableCell {TD} at (549,70) size 171x24 [r=2 c=4 rs=1 cs=1]
              RenderText {#text} at (1,1) size 104x22
                text run at (1,1) width 104: "(33, 35) (33, 35)"
          RenderTableRow {TR} at (0,102) size 720x39
            RenderTableCell {TD} at (0,109) size 179x24 [r=3 c=0 rs=1 cs=1]
              RenderText {#text} at (1,1) size 97x22
                text run at (1,1) width 97: "padding: 10%"
            RenderTableCell {TD} at (179,102) size 65x39 [r=3 c=1 rs=1 cs=1]
              RenderButton {BUTTON} at (3,3) size 22x33 [bgcolor=#C0C0C0]
                RenderBlock (anonymous) at (6,6) size 10x21
                  RenderImage {IMG} at (0,6) size 10x10
            RenderTableCell {TD} at (244,109) size 162x24 [r=3 c=2 rs=1 cs=1]
              RenderText {#text} at (1,1) size 104x22
                text run at (1,1) width 104: "(33, 12) (33, 12)"
            RenderTableCell {TD} at (406,102) size 143x39 [r=3 c=3 rs=1 cs=1]
              RenderButton {INPUT} at (3,3) size 35x33 [bgcolor=#C0C0C0]
                RenderBlock (anonymous) at (6,6) size 23x21
                  RenderText at (0,0) size 23x21
                    text run at (0,0) width 23: "foo"
            RenderTableCell {TD} at (549,109) size 171x24 [r=3 c=4 rs=1 cs=1]
              RenderText {#text} at (1,1) size 104x22
                text run at (1,1) width 104: "(33, 35) (33, 35)"
          RenderTableRow {TR} at (0,141) size 720x39
            RenderTableCell {TD} at (0,148) size 179x24 [r=4 c=0 rs=1 cs=1]
              RenderText {#text} at (1,1) size 90x22
                text run at (1,1) width 90: "padding: 2px"
            RenderTableCell {TD} at (179,141) size 65x39 [r=4 c=1 rs=1 cs=1]
              RenderButton {BUTTON} at (3,3) size 22x33 [bgcolor=#C0C0C0]
                RenderBlock (anonymous) at (6,6) size 10x21
                  RenderImage {IMG} at (0,6) size 10x10
            RenderTableCell {TD} at (244,148) size 162x24 [r=4 c=2 rs=1 cs=1]
              RenderText {#text} at (1,1) size 104x22
                text run at (1,1) width 104: "(33, 12) (33, 12)"
            RenderTableCell {TD} at (406,141) size 143x39 [r=4 c=3 rs=1 cs=1]
              RenderButton {INPUT} at (3,3) size 35x33 [bgcolor=#C0C0C0]
                RenderBlock (anonymous) at (6,6) size 23x21
                  RenderText at (0,0) size 23x21
                    text run at (0,0) width 23: "foo"
            RenderTableCell {TD} at (549,148) size 171x24 [r=4 c=4 rs=1 cs=1]
              RenderText {#text} at (1,1) size 104x22
                text run at (1,1) width 104: "(33, 35) (33, 35)"
          RenderTableRow {TR} at (0,180) size 720x39
            RenderTableCell {TD} at (0,187) size 179x24 [r=5 c=0 rs=1 cs=1]
              RenderText {#text} at (1,1) size 177x22
                text run at (1,1) width 177: "padding: 2px 6px 3px 6px"
            RenderTableCell {TD} at (179,180) size 65x39 [r=5 c=1 rs=1 cs=1]
              RenderButton {BUTTON} at (3,3) size 22x33 [bgcolor=#C0C0C0]
                RenderBlock (anonymous) at (6,6) size 10x21
                  RenderImage {IMG} at (0,6) size 10x10
            RenderTableCell {TD} at (244,187) size 162x24 [r=5 c=2 rs=1 cs=1]
              RenderText {#text} at (1,1) size 104x22
                text run at (1,1) width 104: "(33, 12) (33, 12)"
            RenderTableCell {TD} at (406,180) size 143x39 [r=5 c=3 rs=1 cs=1]
              RenderButton {INPUT} at (3,3) size 35x33 [bgcolor=#C0C0C0]
                RenderBlock (anonymous) at (6,6) size 23x21
                  RenderText at (0,0) size 23x21
                    text run at (0,0) width 23: "foo"
            RenderTableCell {TD} at (549,187) size 171x24 [r=5 c=4 rs=1 cs=1]
              RenderText {#text} at (1,1) size 104x22
                text run at (1,1) width 104: "(33, 35) (33, 35)"
          RenderTableRow {TR} at (0,219) size 720x39
            RenderTableCell {TD} at (0,226) size 179x24 [r=6 c=0 rs=1 cs=1]
              RenderText {#text} at (1,1) size 119x22
                text run at (1,1) width 119: "padding: 3px 7px"
            RenderTableCell {TD} at (179,219) size 65x39 [r=6 c=1 rs=1 cs=1]
              RenderButton {BUTTON} at (3,3) size 22x33 [bgcolor=#C0C0C0]
                RenderBlock (anonymous) at (6,6) size 10x21
                  RenderImage {IMG} at (0,6) size 10x10
            RenderTableCell {TD} at (244,226) size 162x24 [r=6 c=2 rs=1 cs=1]
              RenderText {#text} at (1,1) size 104x22
                text run at (1,1) width 104: "(33, 12) (33, 12)"
            RenderTableCell {TD} at (406,219) size 143x39 [r=6 c=3 rs=1 cs=1]
              RenderButton {INPUT} at (3,3) size 35x33 [bgcolor=#C0C0C0]
                RenderBlock (anonymous) at (6,6) size 23x21
                  RenderText at (0,0) size 23x21
                    text run at (0,0) width 23: "foo"
            RenderTableCell {TD} at (549,226) size 171x24 [r=6 c=4 rs=1 cs=1]
              RenderText {#text} at (1,1) size 104x22
                text run at (1,1) width 104: "(33, 35) (33, 35)"
          RenderTableRow {TR} at (0,258) size 720x39
            RenderTableCell {TD} at (0,265) size 179x24 [r=7 c=0 rs=1 cs=1]
              RenderText {#text} at (1,1) size 98x22
                text run at (1,1) width 98: "padding: 20px"
            RenderTableCell {TD} at (179,258) size 65x39 [r=7 c=1 rs=1 cs=1]
              RenderButton {BUTTON} at (3,3) size 22x33 [bgcolor=#C0C0C0]
                RenderBlock (anonymous) at (6,6) size 10x21
                  RenderImage {IMG} at (0,6) size 10x10
            RenderTableCell {TD} at (244,265) size 162x24 [r=7 c=2 rs=1 cs=1]
              RenderText {#text} at (1,1) size 104x22
                text run at (1,1) width 104: "(33, 12) (33, 12)"
            RenderTableCell {TD} at (406,258) size 143x39 [r=7 c=3 rs=1 cs=1]
              RenderButton {INPUT} at (3,3) size 35x33 [bgcolor=#C0C0C0]
                RenderBlock (anonymous) at (6,6) size 23x21
                  RenderText at (0,0) size 23x21
                    text run at (0,0) width 23: "foo"
            RenderTableCell {TD} at (549,265) size 171x24 [r=7 c=4 rs=1 cs=1]
              RenderText {#text} at (1,1) size 104x22
                text run at (1,1) width 104: "(33, 35) (33, 35)"
