layer at (0,0) size 800x600
  RenderView at (0,0) size 800x600
layer at (0,0) size 800x600
  RenderBlock {HTML} at (0,0) size 800x600
    RenderBody {BODY} at (8,8) size 784x584
      RenderButton {INPUT} at (2,2) size 61x34 [bgcolor=#C0C0C0]
        RenderBlock (anonymous) at (6,6) size 49x22
          RenderText at (0,0) size 49x22
            text run at (0,0) width 49: "Submit"
      RenderBR {BR} at (65,24) size 0x0
      RenderButton {INPUT} at (2,40) size 49x34 [bgcolor=#C0C0C0]
        RenderBlock (anonymous) at (6,6) size 37x22
          RenderText at (0,0) size 37x22
            text run at (0,0) width 37: "Reset"
      RenderBR {BR} at (53,62) size 0x0
