layer at (0,0) size 800x600
  RenderView at (0,0) size 800x600
layer at (0,0) size 800x600
  RenderBlock {HTML} at (0,0) size 800x600
    RenderBody {BODY} at (8,8) size 784x584
      RenderButton {BUTTON} at (2,2) size 92x34 [bgcolor=#C0C0C0]
        RenderBlock (anonymous) at (6,6) size 80x22
          RenderText {#text} at (0,0) size 80x22
            text run at (0,0) width 80: "Test Button"
      RenderText {#text} at (96,8) size 4x22
        text run at (96,8) width 4: " "
      RenderButton {BUTTON} at (102,2) size 92x34 [color=#FF0000] [bgcolor=#C0C0C0]
        RenderBlock (anonymous) at (6,6) size 80x22
          RenderText {#text} at (0,0) size 80x22
            text run at (0,0) width 80: "Test Button"
      RenderText {#text} at (196,8) size 4x22
        text run at (196,8) width 4: " "
      RenderButton {BUTTON} at (202,4) size 96x31 [bgcolor=#008000] [border: (2px outset #C0C0C0)]
        RenderBlock (anonymous) at (8,4) size 80x22
          RenderText {#text} at (0,0) size 80x22
            text run at (0,0) width 80: "Test Button"
      RenderText {#text} at (300,8) size 4x22
        text run at (300,8) width 4: " "
      RenderButton {BUTTON} at (306,4) size 96x31 [color=#FF0000] [bgcolor=#008000] [border: (2px outset #C0C0C0)]
        RenderBlock (anonymous) at (8,4) size 80x22
          RenderText {#text} at (0,0) size 80x22
            text run at (0,0) width 80: "Test Button"
      RenderText {#text} at (404,8) size 4x22
        text run at (404,8) width 4: " "
      RenderButton {INPUT} at (410,2) size 92x34 [bgcolor=#C0C0C0]
        RenderBlock (anonymous) at (6,6) size 80x22
          RenderText at (0,0) size 80x22
            text run at (0,0) width 80: "Test Button"
      RenderText {#text} at (504,8) size 4x22
        text run at (504,8) width 4: " "
      RenderButton {INPUT} at (510,2) size 92x34 [color=#FF0000] [bgcolor=#C0C0C0]
        RenderBlock (anonymous) at (6,6) size 80x22
          RenderText at (0,0) size 80x22
            text run at (0,0) width 80: "Test Button"
      RenderText {#text} at (604,8) size 4x22
        text run at (604,8) width 4: " "
      RenderButton {INPUT} at (610,4) size 96x31 [bgcolor=#008000] [border: (2px outset #C0C0C0)]
        RenderBlock (anonymous) at (8,4) size 80x22
          RenderText at (0,0) size 80x22
            text run at (0,0) width 80: "Test Button"
      RenderText {#text} at (708,8) size 4x22
        text run at (708,8) width 4: " "
      RenderButton {INPUT} at (2,40) size 96x31 [color=#FF0000] [bgcolor=#008000] [border: (2px outset #C0C0C0)]
        RenderBlock (anonymous) at (8,4) size 80x22
          RenderText at (0,0) size 80x22
            text run at (0,0) width 80: "Test Button"
      RenderText {#text} at (0,0) size 0x0
