layer at (0,0) size 800x600
  RenderView at (0,0) size 800x600
layer at (0,0) size 800x600
  RenderBlock {HTML} at (0,0) size 800x600
    RenderBody {BODY} at (8,8) size 784x584
      RenderBlock {P} at (0,0) size 784x22
        RenderText {#text} at (0,0) size 641x22
          text run at (0,0) width 641: "The following button elements should all be rendered on the left, with their text center justified."
      RenderBlock (anonymous) at (0,38) size 784x148
        RenderButton {BUTTON} at (0,2) size 300x33 [bgcolor=#C0C0C0]
          RenderBlock (anonymous) at (6,6) size 288x21
            RenderText {#text} at (14,0) size 260x21
              text run at (14,0) width 260: "This is should be center justified."
        RenderText {#text} at (300,8) size 4x22
          text run at (300,8) width 4: " "
        RenderBR {BR} at (0,0) size 0x0
        RenderButton {BUTTON} at (0,39) size 300x33 [bgcolor=#C0C0C0]
          RenderBlock (anonymous) at (6,6) size 288x21
            RenderText {#text} at (14,0) size 260x21
              text run at (14,0) width 260: "This is should be center justified."
        RenderText {#text} at (300,45) size 4x22
          text run at (300,45) width 4: " "
        RenderBR {BR} at (0,0) size 0x0
        RenderButton {BUTTON} at (0,76) size 300x33 [bgcolor=#C0C0C0]
          RenderBlock (anonymous) at (6,6) size 288x21
            RenderText {#text} at (14,0) size 260x21
              text run at (14,0) width 260: "This is should be center justified."
        RenderText {#text} at (300,82) size 4x22
          text run at (300,82) width 4: " "
        RenderBR {BR} at (0,0) size 0x0
        RenderButton {BUTTON} at (0,113) size 300x33 [bgcolor=#C0C0C0]
          RenderBlock (anonymous) at (6,6) size 288x21
            RenderText {#text} at (14,0) size 260x21
              text run at (14,0) width 260: "This is should be center justified."
        RenderText {#text} at (0,0) size 0x0
        RenderText {#text} at (0,0) size 0x0
      RenderBlock {DIV} at (0,186) size 784x37
        RenderButton {BUTTON} at (0,2) size 300x33 [bgcolor=#C0C0C0]
          RenderBlock (anonymous) at (6,6) size 288x21
            RenderText {#text} at (14,0) size 260x21
              text run at (14,0) width 260: "This is should be center justified."
