layer at (0,0) size 800x600
  RenderView at (0,0) size 800x600
layer at (0,0) size 800x600
  RenderBlock {HTML} at (0,0) size 800x600
    RenderBody {BODY} at (8,8) size 784x584
layer at (10,10) size 182x34
  RenderButton {BUTTON} at (10,10) size 182x34 [bgcolor=#C0C0C0]
    RenderBlock (anonymous) at (6,6) size 170x22
      RenderText {#text} at (0,0) size 170x22
        text run at (0,0) width 170: "This button is positioned."
layer at (10,10) size 208x34
  RenderButton {INPUT} at (10,10) size 208x34 [bgcolor=#C0C0C0]
    RenderBlock (anonymous) at (6,6) size 196x22
      RenderText at (0,0) size 196x22
        text run at (0,0) width 196: "This button is also positioned"
