layer at (0,0) size 800x600
  RenderView at (0,0) size 800x600
layer at (0,0) size 800x422
  RenderBlock {HTML} at (0,0) size 800x422
    RenderBody {BODY} at (8,16) size 784x398
      RenderBlock {P} at (0,0) size 784x44
        RenderText {#text} at (0,0) size 337x22
          text run at (0,0) width 313: "This is a test of generated content in <button> "
          text run at (313,0) width 24: "for "
        RenderInline {I} at (0,0) size 689x44
          RenderInline {A} at (0,0) size 352x22 [color=#0000EE]
            RenderText {#text} at (337,0) size 352x22
              text run at (337,0) width 352: "http://bugzilla.opendarwin.org/show_bug.cgi?id=9561"
          RenderText {#text} at (0,22) size 556x22
            text run at (0,22) width 556: "REGRESSION: Content property on :before of button causes hang on click or hover"
        RenderText {#text} at (556,22) size 4x22
          text run at (556,22) width 4: "."
      RenderBlock {HR} at (0,60) size 784x2 [border: (1px inset #000000)]
      RenderBlock (anonymous) at (0,70) size 784x328
        RenderButton {BUTTON} at (2,2) size 55x34 [color=#0000FF] [bgcolor=#C0C0C0]
          RenderBlock (anonymous) at (6,6) size 43x22
            RenderInline (generated) at (0,0) size 43x22
              RenderText at (0,0) size 43x22
                text run at (0,0) width 43: "before"
        RenderText {#text} at (59,8) size 4x22
          text run at (59,8) width 4: " "
        RenderButton {BUTTON} at (65,2) size 100x34 [color=#0000FF] [bgcolor=#C0C0C0]
          RenderBlock (anonymous) at (6,6) size 88x22
            RenderInline (generated) at (0,0) size 43x22
              RenderText at (0,0) size 43x22
                text run at (0,0) width 43: "before"
            RenderText {#text} at (43,0) size 45x22
              text run at (43,0) width 45: "button"
        RenderText {#text} at (167,8) size 4x22
          text run at (167,8) width 4: " "
        RenderBR {BR} at (0,0) size 0x0
        RenderButton {BUTTON} at (2,40) size 44x34 [color=#0000FF] [bgcolor=#C0C0C0]
          RenderBlock (anonymous) at (6,6) size 32x22
            RenderInline (generated) at (0,0) size 32x22
              RenderText at (0,0) size 32x22
                text run at (0,0) width 32: "after"
        RenderText {#text} at (48,46) size 4x22
          text run at (48,46) width 4: " "
        RenderButton {BUTTON} at (54,40) size 89x34 [color=#0000FF] [bgcolor=#C0C0C0]
          RenderBlock (anonymous) at (6,6) size 77x22
            RenderText {#text} at (0,0) size 45x22
              text run at (0,0) width 45: "button"
            RenderInline (generated) at (0,0) size 32x22
              RenderText at (45,0) size 32x22
                text run at (45,0) width 32: "after"
        RenderText {#text} at (145,46) size 4x22
          text run at (145,46) width 4: " "
        RenderBR {BR} at (0,0) size 0x0
        RenderButton {BUTTON} at (2,78) size 12x32 [bgcolor=#C0C0C0]
          RenderBlock (anonymous) at (6,16) size 0x0
        RenderText {#text} at (16,96) size 4x22
          text run at (16,96) width 4: " "
        RenderButton {BUTTON} at (22,90) size 57x34 [bgcolor=#C0C0C0]
          RenderBlock (anonymous) at (6,6) size 45x22
            RenderText {#text} at (0,0) size 45x22
              text run at (0,0) width 45: "button"
        RenderText {#text} at (81,96) size 4x22
          text run at (81,96) width 4: " "
        RenderBR {BR} at (0,0) size 0x0
        RenderButton {BUTTON} at (2,128) size 12x32 [bgcolor=#C0C0C0]
          RenderBlock (anonymous) at (6,16) size 0x0
        RenderText {#text} at (16,146) size 4x22
          text run at (16,146) width 4: " "
        RenderButton {BUTTON} at (22,140) size 57x34 [bgcolor=#C0C0C0]
          RenderBlock (anonymous) at (6,6) size 45x22
            RenderText {#text} at (0,0) size 45x22
              text run at (0,0) width 45: "button"
        RenderText {#text} at (81,146) size 4x22
          text run at (81,146) width 4: " "
        RenderBR {BR} at (0,0) size 0x0
        RenderButton {BUTTON} at (2,178) size 55x34 [bgcolor=#C0C0C0]
          RenderBlock (anonymous) at (6,6) size 43x22
            RenderInline (generated) at (0,0) size 43x22
              RenderText at (0,0) size 43x22
                text run at (0,0) width 43: "before"
        RenderText {#text} at (59,184) size 4x22
          text run at (59,184) width 4: " "
        RenderButton {BUTTON} at (65,178) size 100x34 [bgcolor=#C0C0C0]
          RenderBlock (anonymous) at (6,6) size 88x22
            RenderInline (generated) at (0,0) size 43x22
              RenderText at (0,0) size 43x22
                text run at (0,0) width 43: "before"
            RenderText {#text} at (43,0) size 45x22
              text run at (43,0) width 45: "button"
        RenderText {#text} at (167,184) size 4x22
          text run at (167,184) width 4: " "
        RenderBR {BR} at (0,0) size 0x0
        RenderButton {BUTTON} at (2,216) size 44x34 [bgcolor=#C0C0C0]
          RenderBlock (anonymous) at (6,6) size 32x22
            RenderInline (generated) at (0,0) size 32x22
              RenderText at (0,0) size 32x22
                text run at (0,0) width 32: "after"
        RenderText {#text} at (48,222) size 4x22
          text run at (48,222) width 4: " "
        RenderButton {BUTTON} at (54,216) size 89x34 [bgcolor=#C0C0C0]
          RenderBlock (anonymous) at (6,6) size 77x22
            RenderText {#text} at (0,0) size 45x22
              text run at (0,0) width 45: "button"
            RenderInline (generated) at (0,0) size 32x22
              RenderText at (45,0) size 32x22
                text run at (45,0) width 32: "after"
        RenderText {#text} at (145,222) size 4x22
          text run at (145,222) width 4: " "
        RenderBR {BR} at (0,0) size 0x0
        RenderButton {BUTTON} at (2,254) size 55x34 [bgcolor=#C0C0C0]
          RenderBlock (anonymous) at (6,6) size 43x22
            RenderInline (generated) at (0,0) size 43x22
              RenderText at (0,0) size 43x22
                text run at (0,0) width 43: "before"
        RenderText {#text} at (59,260) size 4x22
          text run at (59,260) width 4: " "
        RenderButton {BUTTON} at (65,254) size 100x34 [bgcolor=#C0C0C0]
          RenderBlock (anonymous) at (6,6) size 88x22
            RenderInline (generated) at (0,0) size 43x22
              RenderText at (0,0) size 43x22
                text run at (0,0) width 43: "before"
            RenderText {#text} at (43,0) size 45x22
              text run at (43,0) width 45: "button"
        RenderText {#text} at (167,260) size 4x22
          text run at (167,260) width 4: " "
        RenderBR {BR} at (0,0) size 0x0
        RenderButton {BUTTON} at (2,292) size 44x34 [bgcolor=#C0C0C0]
          RenderBlock (anonymous) at (6,6) size 32x22
            RenderInline (generated) at (0,0) size 32x22
              RenderText at (0,0) size 32x22
                text run at (0,0) width 32: "after"
        RenderText {#text} at (48,298) size 4x22
          text run at (48,298) width 4: " "
        RenderButton {BUTTON} at (54,292) size 89x34 [bgcolor=#C0C0C0]
          RenderBlock (anonymous) at (6,6) size 77x22
            RenderText {#text} at (0,0) size 45x22
              text run at (0,0) width 45: "button"
            RenderInline (generated) at (0,0) size 32x22
              RenderText at (45,0) size 32x22
                text run at (45,0) width 32: "after"
        RenderText {#text} at (145,298) size 4x22
          text run at (145,298) width 4: " "
        RenderBR {BR} at (0,0) size 0x0
