layer at (0,0) size 800x600
  RenderView at (0,0) size 800x600
layer at (0,0) size 800x600
  RenderBlock {HTML} at (0,0) size 800x600
    RenderBody {BODY} at (8,8) size 784x576
      RenderBlock {P} at (0,0) size 784x44
        RenderText {#text} at (0,0) size 57x22
          text run at (0,0) width 57: "Test for "
        RenderInline {I} at (0,0) size 764x44
          RenderInline {A} at (0,0) size 304x22 [color=#0000EE]
            RenderText {#text} at (57,0) size 304x22
              text run at (57,0) width 304: "http://bugs.webkit.org/show_bug.cgi?id=15181"
          RenderText {#text} at (361,0) size 764x44
            text run at (361,0) width 4: " "
            text run at (365,0) width 399: "text-transform: uppercase not working in input (submit, reset,"
            text run at (0,22) width 107: "button) elements"
        RenderText {#text} at (107,22) size 4x22
          text run at (107,22) width 4: "."
      RenderBlock {P} at (0,60) size 784x37
        RenderButton {BUTTON} at (2,2) size 114x33 [bgcolor=#C0C0C0]
          RenderBlock (anonymous) at (6,6) size 102x21
            RenderText {#text} at (0,0) size 102x21
              text run at (0,0) width 102: "UPPERCASE"
        RenderText {#text} at (118,8) size 4x22
          text run at (118,8) width 4: " "
        RenderButton {BUTTON} at (124,2) size 86x33 [bgcolor=#C0C0C0]
          RenderBlock (anonymous) at (6,6) size 74x21
            RenderText {#text} at (0,0) size 74x21
              text run at (0,0) width 74: "lowercase"
        RenderText {#text} at (212,8) size 4x22
          text run at (212,8) width 4: " "
        RenderButton {BUTTON} at (218,2) size 89x33 [bgcolor=#C0C0C0]
          RenderBlock (anonymous) at (6,6) size 77x21
            RenderText {#text} at (0,0) size 77x21
              text run at (0,0) width 77: "Capitalize"
        RenderText {#text} at (0,0) size 0x0
      RenderBlock {P} at (0,113) size 784x37
        RenderButton {INPUT} at (2,2) size 114x33 [bgcolor=#C0C0C0]
          RenderBlock (anonymous) at (6,6) size 102x21
            RenderText at (0,0) size 102x21
              text run at (0,0) width 102: "UPPERCASE"
        RenderText {#text} at (118,8) size 4x22
          text run at (118,8) width 4: " "
        RenderButton {INPUT} at (124,2) size 86x33 [bgcolor=#C0C0C0]
          RenderBlock (anonymous) at (6,6) size 74x21
            RenderText at (0,0) size 74x21
              text run at (0,0) width 74: "lowercase"
        RenderText {#text} at (212,8) size 4x22
          text run at (212,8) width 4: " "
        RenderButton {INPUT} at (218,2) size 89x33 [bgcolor=#C0C0C0]
          RenderBlock (anonymous) at (6,6) size 77x21
            RenderText at (0,0) size 77x21
              text run at (0,0) width 77: "Capitalize"
        RenderText {#text} at (0,0) size 0x0
