layer at (0,0) size 800x600
  RenderView at (0,0) size 800x600
layer at (0,0) size 800x600
  RenderBlock {HTML} at (0,0) size 800x600
    RenderBody {BODY} at (8,8) size 784x584
      RenderBlock (anonymous) at (0,0) size 784x0
        RenderInline {A} at (0,0) size 0x0
          RenderText {#text} at (0,0) size 0x0
      RenderBlock (anonymous) at (0,0) size 784x0
      RenderBlock (anonymous) at (0,0) size 784x0
        RenderInline {A} at (0,0) size 0x0
      RenderBlock {DIV} at (0,0) size 784x43
        RenderBlock (anonymous) at (0,0) size 784x0
          RenderInline {A} at (0,0) size 0x0
            RenderText {#text} at (0,0) size 0x0
        RenderBlock (anonymous) at (0,0) size 784x43
          RenderTable {TABLE} at (0,0) size 80x43
            RenderTableSection {TBODY} at (0,0) size 80x43
              RenderTableRow {TR} at (0,2) size 80x39
                RenderTableCell {TD} at (2,20) size 2x2 [r=0 c=0 rs=1 cs=1]
                RenderTableCell {TD} at (6,2) size 72x39 [r=0 c=1 rs=1 cs=1]
                  RenderButton {INPUT} at (3,3) size 66x33 [bgcolor=#C0C0C0]
                    RenderBlock (anonymous) at (6,6) size 54x21
                      RenderText at (0,0) size 54x21
                        text run at (0,0) width 54: "Search"
        RenderBlock (anonymous) at (0,43) size 784x0
          RenderInline {A} at (0,0) size 0x0
          RenderInline {A} at (0,0) size 0x0 [color=#0000EE]
          RenderText {#text} at (0,0) size 0x0
      RenderBlock (anonymous) at (0,43) size 784x22
        RenderText {#text} at (0,0) size 0x0
        RenderText {#text} at (0,0) size 114x22
          text run at (0,0) width 114: "Form did submit"
