layer at (0,0) size 800x600
  RenderView at (0,0) size 800x600
layer at (0,0) size 800x600
  RenderBlock {HTML} at (0,0) size 800x600
    RenderBody {BODY} at (8,8) size 784x576
      RenderBlock {P} at (0,0) size 784x22
        RenderText {#text} at (0,0) size 470x22
          text run at (0,0) width 470: "If you can see the word \"Placeholder\" in the text field, then all is well."
      RenderBlock {P} at (0,38) size 784x30
        RenderTextControl {INPUT} at (2,2) size 166x26
layer at (12,50) size 162x22
  RenderBlock {DIV} at (2,2) size 162x22
layer at (12,50) size 162x22
  RenderBlock (relative positioned) {DIV} at (2,2) size 162x22 [color=#A9A9A9]
    RenderText {#text} at (1,0) size 80x22
      text run at (1,0) width 80: "Placeholder"
