layer at (0,0) size 800x600
  RenderView at (0,0) size 800x600
layer at (0,0) size 800x600
  RenderBlock {HTML} at (0,0) size 800x600
    RenderBody {BODY} at (8,8) size 784x584
      RenderBlock {FORM} at (0,0) size 784x37
        RenderButton {INPUT} at (2,2) size 48x33 [bgcolor=#C0C0C0]
          RenderBlock (anonymous) at (6,6) size 36x21
            RenderText at (0,0) size 36x21
              text run at (0,0) width 36: "form"
        RenderText {#text} at (0,0) size 0x0
      RenderBlock {DIV} at (0,53) size 784x44
        RenderText {#text} at (0,0) size 770x44
          text run at (0,0) width 310: "This tests Targetted frame submission works. "
          text run at (310,0) width 460: "If the test is successful, the text \"SUCCESS\" should be shown in the"
          text run at (0,22) width 92: "iframe below."
      RenderBlock (anonymous) at (0,97) size 784x154
        RenderPartObject {IFRAME} at (0,0) size 304x154 [border: (2px inset #000000)]
          layer at (0,0) size 300x150
            RenderView at (0,0) size 300x150
          layer at (0,0) size 300x150
            RenderBlock {HTML} at (0,0) size 300x150
              RenderBody {BODY} at (8,8) size 284x129
                RenderBlock {PRE} at (0,0) size 284x17
                  RenderText {#text} at (0,0) size 66x17
                    text run at (0,0) width 66: "SUCCESS"
                    text run at (66,0) width 0: " "
        RenderText {#text} at (0,0) size 0x0
