layer at (0,0) size 800x600
  RenderView at (0,0) size 800x600
layer at (0,0) size 800x266
  RenderBlock {HTML} at (0,0) size 800x266
    RenderBody {BODY} at (8,8) size 784x242
      RenderBlock (anonymous) at (0,0) size 784x54
        RenderText {#text} at (0,0) size 775x54
          text run at (0,0) width 775: "This test checks that the decomposed unicode version of voiced japanese hiragana and katakana characters are rendered the"
          text run at (0,18) width 724: "same as the precomposed version. This test is a pixel-test, and passes when the text in the two heading elements are"
          text run at (0,36) width 57: "identical."
      RenderBlock {H2} at (0,73) size 784x37
        RenderText {#text} at (0,5) size 168x28
          text run at (0,5) width 168: "\x{30CF}\x{3099}\x{30CA}\x{30CA}\x{3068}\x{30CF}\x{309A}\x{30CA}\x{30DE}"
      RenderBlock {P} at (0,129) size 784x19
        RenderText {#text} at (0,0) size 164x18
          text run at (0,0) width 164: "The above is decomposed"
      RenderBlock {H2} at (0,167) size 784x37
        RenderText {#text} at (0,5) size 168x28
          text run at (0,5) width 168: "\x{30D0}\x{30CA}\x{30CA}\x{3068}\x{30D1}\x{30CA}\x{30DE}"
      RenderBlock {P} at (0,223) size 784x19
        RenderText {#text} at (0,0) size 169x18
          text run at (0,0) width 169: "The above is precomposed"
