layer at (0,0) size 800x600
  RenderView at (0,0) size 800x600
layer at (0,0) size 800x600
  RenderBlock {HTML} at (0,0) size 800x600
    RenderBody {BODY} at (8,8) size 784x584
      RenderInline {SPAN} at (0,0) size 782x285
        RenderText {#text} at (0,0) size 782x285
          text run at (0,0) width 469: "I am typing a lot of text so that this goes onto many lines. I am still typing. "
          text run at (469,0) width 283: "I am typing a lot of text so that this goes onto"
          text run at (0,19) width 771: "many lines. I am still typing. I am typing a lot of text so that this goes onto many lines. I am still typing. I am typing a lot of"
          text run at (0,38) width 762: "text so that this goes onto many lines. I am still typing. I am typing a lot of text so that this goes onto many lines. I am still"
          text run at (0,57) width 768: "typing. I am typing a lot of text so that this goes onto many lines. I am still typing. I am typing a lot of text so that this goes"
          text run at (0,76) width 766: "onto many lines. I am still typing. I am typing a lot of text so that this goes onto many lines. I am still typing. I am typing a"
          text run at (0,95) width 773: "lot of text so that this goes onto many lines. I am still typing. I am typing a lot of text so that this goes onto many lines. I am"
          text run at (0,114) width 761: "still typing. I am typing a lot of text so that this goes onto many lines. I am still typing. I am typing a lot of text so that this"
          text run at (0,133) width 744: "goes onto many lines. I am still typing. I am typing a lot of text so that this goes onto many lines. I am still typing. I am"
          text run at (0,152) width 759: "typing a lot of text so that this goes onto many lines. I am still typing. I am typing a lot of text so that this goes onto many"
          text run at (0,171) width 777: "lines. I am still typing. I am typing a lot of text so that this goes onto many lines. I am still typing. I am typing a lot of text so"
          text run at (0,190) width 774: "that this goes onto many lines. I am still typing. I am typing a lot of text so that this goes onto many lines. I am still typing. I"
          text run at (0,209) width 782: "am typing a lot of text so that this goes onto many lines. I am still typing. I am typing a lot of text so that this goes onto many"
          text run at (0,228) width 777: "lines. I am still typing. I am typing a lot of text so that this goes onto many lines. I am still typing. I am typing a lot of text so"
          text run at (0,247) width 774: "that this goes onto many lines. I am still typing. I am typing a lot of text so that this goes onto many lines. I am still typing. I"
          text run at (0,266) width 456: "am typing a lot of text so that this goes onto many lines. I am still typing."
      RenderText {#text} at (0,0) size 0x0
