layer at (0,0) size 800x600
  RenderView at (0,0) size 800x600
layer at (0,0) size 800x600
  RenderBlock {HTML} at (0,0) size 800x600
    RenderBody {BODY} at (8,8) size 784x584
      RenderBlock {P} at (0,0) size 784x19
        RenderText {#text} at (0,0) size 53x19
          text run at (0,0) width 53: "Test for "
        RenderInline {I} at (0,0) size 527x19
          RenderInline {A} at (0,0) size 497x19 [color=#0000EE]
            RenderText {#text} at (53,0) size 497x19
              text run at (53,0) width 497: "REGRESSION(r27173): Web Inspector freezes beneath Image::drawPattern()"
          RenderText {#text} at (550,0) size 30x19
            text run at (550,0) width 30: " Bug"
        RenderText {#text} at (580,0) size 4x19
          text run at (580,0) width 4: "."
      RenderBlock {P} at (0,35) size 784x19
        RenderText {#text} at (0,0) size 558x19
          text run at (0,0) width 558: "There should be four blue squares with black borders. WebKit should not hang or assert."
      RenderBlock {DIV} at (8,70) size 106x106 [border: (3px solid #000000)]
      RenderBlock {DIV} at (8,184) size 106x106 [border: (3px solid #000000)]
      RenderBlock {DIV} at (8,298) size 106x106 [border: (3px solid #000000)]
      RenderBlock {DIV} at (8,412) size 106x106 [border: (3px solid #000000)]
