layer at (0,0) size 785x6601
  RenderView at (0,0) size 785x600
layer at (0,0) size 785x6601
  RenderBlock {HTML} at (0,0) size 785x6601
    RenderBody {BODY} at (8,8) size 769x6577
      RenderBlock (anonymous) at (0,0) size 769x20
        RenderText {#text} at (0,0) size 325x19
          text run at (0,0) width 325: "This tests font choices and metrics for the cursive font."
      RenderBlock {P} at (0,36) size 769x2185
        RenderInline {FONT} at (0,0) size 68x2185
          RenderText {#text} at (0,0) size 52x23
            text run at (0,0) width 52: "cursive"
          RenderBR {BR} at (52,18) size 0x0
          RenderText {#text} at (0,23) size 20x23
            text run at (0,23) width 20: "    "
          RenderBR {BR} at (20,41) size 0x0
          RenderText {#text} at (0,46) size 16x23
            text run at (0,46) width 16: "!!!!"
          RenderBR {BR} at (16,64) size 0x0
          RenderText {#text} at (0,69) size 32x23
            text run at (0,69) width 32: "\"\"\"\""
          RenderBR {BR} at (32,87) size 0x0
          RenderText {#text} at (0,92) size 52x23
            text run at (0,92) width 52: "####"
          RenderBR {BR} at (52,110) size 0x0
          RenderText {#text} at (0,115) size 44x23
            text run at (0,115) width 44: "$$$$"
          RenderBR {BR} at (44,133) size 0x0
          RenderText {#text} at (0,138) size 52x23
            text run at (0,138) width 52: "%%%%"
          RenderBR {BR} at (52,156) size 0x0
          RenderText {#text} at (0,161) size 40x23
            text run at (0,161) width 40: "&&&&"
          RenderBR {BR} at (40,179) size 0x0
          RenderText {#text} at (0,184) size 24x23
            text run at (0,184) width 24: "''''"
          RenderBR {BR} at (24,202) size 0x0
          RenderText {#text} at (0,207) size 24x23
            text run at (0,207) width 24: "(((("
          RenderBR {BR} at (24,225) size 0x0
          RenderText {#text} at (0,230) size 24x23
            text run at (0,230) width 24: "))))"
          RenderBR {BR} at (24,248) size 0x0
          RenderText {#text} at (0,253) size 36x23
            text run at (0,253) width 36: "****"
          RenderBR {BR} at (36,271) size 0x0
          RenderText {#text} at (0,276) size 32x23
            text run at (0,276) width 32: "++++"
          RenderBR {BR} at (32,294) size 0x0
          RenderText {#text} at (0,299) size 16x23
            text run at (0,299) width 16: ",,,,"
          RenderBR {BR} at (16,317) size 0x0
          RenderText {#text} at (0,322) size 28x23
            text run at (0,322) width 28: "----"
          RenderBR {BR} at (28,340) size 0x0
          RenderText {#text} at (0,345) size 16x23
            text run at (0,345) width 16: "...."
          RenderBR {BR} at (16,363) size 0x0
          RenderText {#text} at (0,368) size 36x23
            text run at (0,368) width 36: "////"
          RenderBR {BR} at (36,386) size 0x0
          RenderText {#text} at (0,391) size 40x23
            text run at (0,391) width 40: "0000"
          RenderBR {BR} at (40,409) size 0x0
          RenderText {#text} at (0,414) size 28x23
            text run at (0,414) width 28: "1111"
          RenderBR {BR} at (28,432) size 0x0
          RenderText {#text} at (0,437) size 40x23
            text run at (0,437) width 40: "2222"
          RenderBR {BR} at (40,455) size 0x0
          RenderText {#text} at (0,460) size 40x23
            text run at (0,460) width 40: "3333"
          RenderBR {BR} at (40,478) size 0x0
          RenderText {#text} at (0,483) size 40x23
            text run at (0,483) width 40: "4444"
          RenderBR {BR} at (40,501) size 0x0
          RenderText {#text} at (0,506) size 40x23
            text run at (0,506) width 40: "5555"
          RenderBR {BR} at (40,524) size 0x0
          RenderText {#text} at (0,529) size 40x23
            text run at (0,529) width 40: "6666"
          RenderBR {BR} at (40,547) size 0x0
          RenderText {#text} at (0,552) size 40x23
            text run at (0,552) width 40: "7777"
          RenderBR {BR} at (40,570) size 0x0
          RenderText {#text} at (0,575) size 40x23
            text run at (0,575) width 40: "8888"
          RenderBR {BR} at (40,593) size 0x0
          RenderText {#text} at (0,598) size 40x23
            text run at (0,598) width 40: "9999"
          RenderBR {BR} at (40,616) size 0x0
          RenderText {#text} at (0,621) size 20x23
            text run at (0,621) width 20: "::::"
          RenderBR {BR} at (20,639) size 0x0
          RenderText {#text} at (0,644) size 20x23
            text run at (0,644) width 20: ";;;;"
          RenderBR {BR} at (20,662) size 0x0
          RenderText {#text} at (0,667) size 24x23
            text run at (0,667) width 24: "<<<<"
          RenderBR {BR} at (24,685) size 0x0
          RenderText {#text} at (0,690) size 32x23
            text run at (0,690) width 32: "===="
          RenderBR {BR} at (32,708) size 0x0
          RenderText {#text} at (0,713) size 28x23
            text run at (0,713) width 28: ">>>>"
          RenderBR {BR} at (28,731) size 0x0
          RenderText {#text} at (0,736) size 36x23
            text run at (0,736) width 36: "????"
          RenderBR {BR} at (36,754) size 0x0
          RenderText {#text} at (0,759) size 60x23
            text run at (0,759) width 60: "@@@@"
          RenderBR {BR} at (60,777) size 0x0
          RenderText {#text} at (0,782) size 48x23
            text run at (0,782) width 48: "AAAA"
          RenderBR {BR} at (48,800) size 0x0
          RenderText {#text} at (0,805) size 40x23
            text run at (0,805) width 40: "BBBB"
          RenderBR {BR} at (40,823) size 0x0
          RenderText {#text} at (0,828) size 40x23
            text run at (0,828) width 40: "CCCC"
          RenderBR {BR} at (40,846) size 0x0
          RenderText {#text} at (0,851) size 48x23
            text run at (0,851) width 48: "DDDD"
          RenderBR {BR} at (48,869) size 0x0
          RenderText {#text} at (0,874) size 40x23
            text run at (0,874) width 40: "EEEE"
          RenderBR {BR} at (40,892) size 0x0
          RenderText {#text} at (0,897) size 40x23
            text run at (0,897) width 40: "FFFF"
          RenderBR {BR} at (40,915) size 0x0
          RenderText {#text} at (0,920) size 44x23
            text run at (0,920) width 44: "GGGG"
          RenderBR {BR} at (44,938) size 0x0
          RenderText {#text} at (0,943) size 48x23
            text run at (0,943) width 48: "HHHH"
          RenderBR {BR} at (48,961) size 0x0
          RenderText {#text} at (0,966) size 36x23
            text run at (0,966) width 36: "IIII"
          RenderBR {BR} at (36,984) size 0x0
          RenderText {#text} at (0,989) size 44x23
            text run at (0,989) width 44: "JJJJ"
          RenderBR {BR} at (44,1007) size 0x0
          RenderText {#text} at (0,1012) size 40x23
            text run at (0,1012) width 40: "KKKK"
          RenderBR {BR} at (40,1030) size 0x0
          RenderText {#text} at (0,1035) size 36x23
            text run at (0,1035) width 36: "LLLL"
          RenderBR {BR} at (36,1053) size 0x0
          RenderText {#text} at (0,1058) size 60x23
            text run at (0,1058) width 60: "MMMM"
          RenderBR {BR} at (60,1076) size 0x0
          RenderText {#text} at (0,1081) size 52x23
            text run at (0,1081) width 52: "NNNN"
          RenderBR {BR} at (52,1099) size 0x0
          RenderText {#text} at (0,1104) size 52x23
            text run at (0,1104) width 52: "OOOO"
          RenderBR {BR} at (52,1122) size 0x0
          RenderText {#text} at (0,1127) size 32x23
            text run at (0,1127) width 32: "PPPP"
          RenderBR {BR} at (32,1145) size 0x0
          RenderText {#text} at (0,1150) size 56x23
            text run at (0,1150) width 56: "QQQQ"
          RenderBR {BR} at (56,1168) size 0x0
          RenderText {#text} at (0,1173) size 44x23
            text run at (0,1173) width 44: "RRRR"
          RenderBR {BR} at (44,1191) size 0x0
          RenderText {#text} at (0,1196) size 44x23
            text run at (0,1196) width 44: "SSSS"
          RenderBR {BR} at (44,1214) size 0x0
          RenderText {#text} at (0,1219) size 44x23
            text run at (0,1219) width 44: "TTTT"
          RenderBR {BR} at (44,1237) size 0x0
          RenderText {#text} at (0,1242) size 48x23
            text run at (0,1242) width 48: "UUUU"
          RenderBR {BR} at (48,1260) size 0x0
          RenderText {#text} at (0,1265) size 40x23
            text run at (0,1265) width 40: "VVVV"
          RenderBR {BR} at (40,1283) size 0x0
          RenderText {#text} at (0,1288) size 68x23
            text run at (0,1288) width 68: "WWWW"
          RenderBR {BR} at (68,1306) size 0x0
          RenderText {#text} at (0,1311) size 48x23
            text run at (0,1311) width 48: "XXXX"
          RenderBR {BR} at (48,1329) size 0x0
          RenderText {#text} at (0,1334) size 44x23
            text run at (0,1334) width 44: "YYYY"
          RenderBR {BR} at (44,1352) size 0x0
          RenderText {#text} at (0,1357) size 48x23
            text run at (0,1357) width 48: "ZZZZ"
          RenderBR {BR} at (48,1375) size 0x0
          RenderText {#text} at (0,1380) size 24x23
            text run at (0,1380) width 24: "[[[["
          RenderBR {BR} at (24,1398) size 0x0
          RenderText {#text} at (0,1403) size 32x23
            text run at (0,1403) width 32: "\\\\\\\\"
          RenderBR {BR} at (32,1421) size 0x0
          RenderText {#text} at (0,1426) size 24x23
            text run at (0,1426) width 24: "]]]]"
          RenderBR {BR} at (24,1444) size 0x0
          RenderText {#text} at (0,1449) size 32x23
            text run at (0,1449) width 32: "^^^^"
          RenderBR {BR} at (32,1467) size 0x0
          RenderText {#text} at (0,1472) size 40x23
            text run at (0,1472) width 40: "____"
          RenderBR {BR} at (40,1490) size 0x0
          RenderText {#text} at (0,1495) size 36x23
            text run at (0,1495) width 36: "````"
          RenderBR {BR} at (36,1513) size 0x0
          RenderText {#text} at (0,1518) size 32x23
            text run at (0,1518) width 32: "aaaa"
          RenderBR {BR} at (32,1536) size 0x0
          RenderText {#text} at (0,1541) size 40x23
            text run at (0,1541) width 40: "bbbb"
          RenderBR {BR} at (40,1559) size 0x0
          RenderText {#text} at (0,1564) size 32x23
            text run at (0,1564) width 32: "cccc"
          RenderBR {BR} at (32,1582) size 0x0
          RenderText {#text} at (0,1587) size 36x23
            text run at (0,1587) width 36: "dddd"
          RenderBR {BR} at (36,1605) size 0x0
          RenderText {#text} at (0,1610) size 32x23
            text run at (0,1610) width 32: "eeee"
          RenderBR {BR} at (32,1628) size 0x0
          RenderText {#text} at (0,1633) size 32x23
            text run at (0,1633) width 32: "ffff"
          RenderBR {BR} at (32,1651) size 0x0
          RenderText {#text} at (0,1656) size 32x23
            text run at (0,1656) width 32: "gggg"
          RenderBR {BR} at (32,1674) size 0x0
          RenderText {#text} at (0,1679) size 32x23
            text run at (0,1679) width 32: "hhhh"
          RenderBR {BR} at (32,1697) size 0x0
          RenderText {#text} at (0,1702) size 20x23
            text run at (0,1702) width 20: "iiii"
          RenderBR {BR} at (20,1720) size 0x0
          RenderText {#text} at (0,1725) size 24x23
            text run at (0,1725) width 24: "jjjj"
          RenderBR {BR} at (24,1743) size 0x0
          RenderText {#text} at (0,1748) size 36x23
            text run at (0,1748) width 36: "kkkk"
          RenderBR {BR} at (36,1766) size 0x0
          RenderText {#text} at (0,1771) size 20x23
            text run at (0,1771) width 20: "llll"
          RenderBR {BR} at (20,1789) size 0x0
          RenderText {#text} at (0,1794) size 44x23
            text run at (0,1794) width 44: "mmmm"
          RenderBR {BR} at (44,1812) size 0x0
          RenderText {#text} at (0,1817) size 32x23
            text run at (0,1817) width 32: "nnnn"
          RenderBR {BR} at (32,1835) size 0x0
          RenderText {#text} at (0,1840) size 32x23
            text run at (0,1840) width 32: "oooo"
          RenderBR {BR} at (32,1858) size 0x0
          RenderText {#text} at (0,1863) size 36x23
            text run at (0,1863) width 36: "pppp"
          RenderBR {BR} at (36,1881) size 0x0
          RenderText {#text} at (0,1886) size 32x23
            text run at (0,1886) width 32: "qqqq"
          RenderBR {BR} at (32,1904) size 0x0
          RenderText {#text} at (0,1909) size 32x23
            text run at (0,1909) width 32: "rrrr"
          RenderBR {BR} at (32,1927) size 0x0
          RenderText {#text} at (0,1932) size 28x23
            text run at (0,1932) width 28: "ssss"
          RenderBR {BR} at (28,1950) size 0x0
          RenderText {#text} at (0,1955) size 28x23
            text run at (0,1955) width 28: "tttt"
          RenderBR {BR} at (28,1973) size 0x0
          RenderText {#text} at (0,1978) size 32x23
            text run at (0,1978) width 32: "uuuu"
          RenderBR {BR} at (32,1996) size 0x0
          RenderText {#text} at (0,2001) size 32x23
            text run at (0,2001) width 32: "vvvv"
          RenderBR {BR} at (32,2019) size 0x0
          RenderText {#text} at (0,2024) size 44x23
            text run at (0,2024) width 44: "wwww"
          RenderBR {BR} at (44,2042) size 0x0
          RenderText {#text} at (0,2047) size 36x23
            text run at (0,2047) width 36: "xxxx"
          RenderBR {BR} at (36,2065) size 0x0
          RenderText {#text} at (0,2070) size 36x23
            text run at (0,2070) width 36: "yyyy"
          RenderBR {BR} at (36,2088) size 0x0
          RenderText {#text} at (0,2093) size 36x23
            text run at (0,2093) width 36: "zzzz"
          RenderBR {BR} at (36,2111) size 0x0
          RenderText {#text} at (0,2116) size 24x23
            text run at (0,2116) width 24: "{{{{"
          RenderBR {BR} at (24,2134) size 0x0
          RenderText {#text} at (0,2139) size 28x23
            text run at (0,2139) width 28: "||||"
          RenderBR {BR} at (28,2157) size 0x0
          RenderText {#text} at (0,2162) size 24x23
            text run at (0,2162) width 24: "}}}}"
          RenderBR {BR} at (24,2180) size 0x0
      RenderBlock {P} at (0,2237) size 769x2162
        RenderInline {FONT} at (0,0) size 68x2162
          RenderText {#text} at (0,0) size 0x0
          RenderInline {B} at (0,0) size 68x2162
            RenderText {#text} at (0,0) size 28x23
              text run at (0,0) width 28: "    "
            RenderBR {BR} at (28,18) size 0x0
            RenderText {#text} at (0,23) size 16x23
              text run at (0,23) width 16: "!!!!"
            RenderBR {BR} at (16,41) size 0x0
            RenderText {#text} at (0,46) size 28x23
              text run at (0,46) width 28: "\"\"\"\""
            RenderBR {BR} at (28,64) size 0x0
            RenderText {#text} at (0,69) size 52x23
              text run at (0,69) width 52: "####"
            RenderBR {BR} at (52,87) size 0x0
            RenderText {#text} at (0,92) size 44x23
              text run at (0,92) width 44: "$$$$"
            RenderBR {BR} at (44,110) size 0x0
            RenderText {#text} at (0,115) size 52x23
              text run at (0,115) width 52: "%%%%"
            RenderBR {BR} at (52,133) size 0x0
            RenderText {#text} at (0,138) size 40x23
              text run at (0,138) width 40: "&&&&"
            RenderBR {BR} at (40,156) size 0x0
            RenderText {#text} at (0,161) size 28x23
              text run at (0,161) width 28: "''''"
            RenderBR {BR} at (28,179) size 0x0
            RenderText {#text} at (0,184) size 24x23
              text run at (0,184) width 24: "(((("
            RenderBR {BR} at (24,202) size 0x0
            RenderText {#text} at (0,207) size 24x23
              text run at (0,207) width 24: "))))"
            RenderBR {BR} at (24,225) size 0x0
            RenderText {#text} at (0,230) size 32x23
              text run at (0,230) width 32: "****"
            RenderBR {BR} at (32,248) size 0x0
            RenderText {#text} at (0,253) size 40x23
              text run at (0,253) width 40: "++++"
            RenderBR {BR} at (40,271) size 0x0
            RenderText {#text} at (0,276) size 28x23
              text run at (0,276) width 28: ",,,,"
            RenderBR {BR} at (28,294) size 0x0
            RenderText {#text} at (0,299) size 40x23
              text run at (0,299) width 40: "----"
            RenderBR {BR} at (40,317) size 0x0
            RenderText {#text} at (0,322) size 28x23
              text run at (0,322) width 28: "...."
            RenderBR {BR} at (28,340) size 0x0
            RenderText {#text} at (0,345) size 32x23
              text run at (0,345) width 32: "////"
            RenderBR {BR} at (32,363) size 0x0
            RenderText {#text} at (0,368) size 40x23
              text run at (0,368) width 40: "0000"
            RenderBR {BR} at (40,386) size 0x0
            RenderText {#text} at (0,391) size 40x23
              text run at (0,391) width 40: "1111"
            RenderBR {BR} at (40,409) size 0x0
            RenderText {#text} at (0,414) size 40x23
              text run at (0,414) width 40: "2222"
            RenderBR {BR} at (40,432) size 0x0
            RenderText {#text} at (0,437) size 40x23
              text run at (0,437) width 40: "3333"
            RenderBR {BR} at (40,455) size 0x0
            RenderText {#text} at (0,460) size 40x23
              text run at (0,460) width 40: "4444"
            RenderBR {BR} at (40,478) size 0x0
            RenderText {#text} at (0,483) size 40x23
              text run at (0,483) width 40: "5555"
            RenderBR {BR} at (40,501) size 0x0
            RenderText {#text} at (0,506) size 40x23
              text run at (0,506) width 40: "6666"
            RenderBR {BR} at (40,524) size 0x0
            RenderText {#text} at (0,529) size 40x23
              text run at (0,529) width 40: "7777"
            RenderBR {BR} at (40,547) size 0x0
            RenderText {#text} at (0,552) size 40x23
              text run at (0,552) width 40: "8888"
            RenderBR {BR} at (40,570) size 0x0
            RenderText {#text} at (0,575) size 40x23
              text run at (0,575) width 40: "9999"
            RenderBR {BR} at (40,593) size 0x0
            RenderText {#text} at (0,598) size 28x23
              text run at (0,598) width 28: "::::"
            RenderBR {BR} at (28,616) size 0x0
            RenderText {#text} at (0,621) size 28x23
              text run at (0,621) width 28: ";;;;"
            RenderBR {BR} at (28,639) size 0x0
            RenderText {#text} at (0,644) size 40x23
              text run at (0,644) width 40: "<<<<"
            RenderBR {BR} at (40,662) size 0x0
            RenderText {#text} at (0,667) size 40x23
              text run at (0,667) width 40: "===="
            RenderBR {BR} at (40,685) size 0x0
            RenderText {#text} at (0,690) size 40x23
              text run at (0,690) width 40: ">>>>"
            RenderBR {BR} at (40,708) size 0x0
            RenderText {#text} at (0,713) size 36x23
              text run at (0,713) width 36: "????"
            RenderBR {BR} at (36,731) size 0x0
            RenderText {#text} at (0,736) size 60x23
              text run at (0,736) width 60: "@@@@"
            RenderBR {BR} at (60,754) size 0x0
            RenderText {#text} at (0,759) size 48x23
              text run at (0,759) width 48: "AAAA"
            RenderBR {BR} at (48,777) size 0x0
            RenderText {#text} at (0,782) size 40x23
              text run at (0,782) width 40: "BBBB"
            RenderBR {BR} at (40,800) size 0x0
            RenderText {#text} at (0,805) size 40x23
              text run at (0,805) width 40: "CCCC"
            RenderBR {BR} at (40,823) size 0x0
            RenderText {#text} at (0,828) size 48x23
              text run at (0,828) width 48: "DDDD"
            RenderBR {BR} at (48,846) size 0x0
            RenderText {#text} at (0,851) size 40x23
              text run at (0,851) width 40: "EEEE"
            RenderBR {BR} at (40,869) size 0x0
            RenderText {#text} at (0,874) size 40x23
              text run at (0,874) width 40: "FFFF"
            RenderBR {BR} at (40,892) size 0x0
            RenderText {#text} at (0,897) size 44x23
              text run at (0,897) width 44: "GGGG"
            RenderBR {BR} at (44,915) size 0x0
            RenderText {#text} at (0,920) size 48x23
              text run at (0,920) width 48: "HHHH"
            RenderBR {BR} at (48,938) size 0x0
            RenderText {#text} at (0,943) size 36x23
              text run at (0,943) width 36: "IIII"
            RenderBR {BR} at (36,961) size 0x0
            RenderText {#text} at (0,966) size 44x23
              text run at (0,966) width 44: "JJJJ"
            RenderBR {BR} at (44,984) size 0x0
            RenderText {#text} at (0,989) size 40x23
              text run at (0,989) width 40: "KKKK"
            RenderBR {BR} at (40,1007) size 0x0
            RenderText {#text} at (0,1012) size 36x23
              text run at (0,1012) width 36: "LLLL"
            RenderBR {BR} at (36,1030) size 0x0
            RenderText {#text} at (0,1035) size 56x23
              text run at (0,1035) width 56: "MMMM"
            RenderBR {BR} at (56,1053) size 0x0
            RenderText {#text} at (0,1058) size 52x23
              text run at (0,1058) width 52: "NNNN"
            RenderBR {BR} at (52,1076) size 0x0
            RenderText {#text} at (0,1081) size 52x23
              text run at (0,1081) width 52: "OOOO"
            RenderBR {BR} at (52,1099) size 0x0
            RenderText {#text} at (0,1104) size 36x23
              text run at (0,1104) width 36: "PPPP"
            RenderBR {BR} at (36,1122) size 0x0
            RenderText {#text} at (0,1127) size 56x23
              text run at (0,1127) width 56: "QQQQ"
            RenderBR {BR} at (56,1145) size 0x0
            RenderText {#text} at (0,1150) size 40x23
              text run at (0,1150) width 40: "RRRR"
            RenderBR {BR} at (40,1168) size 0x0
            RenderText {#text} at (0,1173) size 44x23
              text run at (0,1173) width 44: "SSSS"
            RenderBR {BR} at (44,1191) size 0x0
            RenderText {#text} at (0,1196) size 44x23
              text run at (0,1196) width 44: "TTTT"
            RenderBR {BR} at (44,1214) size 0x0
            RenderText {#text} at (0,1219) size 48x23
              text run at (0,1219) width 48: "UUUU"
            RenderBR {BR} at (48,1237) size 0x0
            RenderText {#text} at (0,1242) size 44x23
              text run at (0,1242) width 44: "VVVV"
            RenderBR {BR} at (44,1260) size 0x0
            RenderText {#text} at (0,1265) size 68x23
              text run at (0,1265) width 68: "WWWW"
            RenderBR {BR} at (68,1283) size 0x0
            RenderText {#text} at (0,1288) size 48x23
              text run at (0,1288) width 48: "XXXX"
            RenderBR {BR} at (48,1306) size 0x0
            RenderText {#text} at (0,1311) size 40x23
              text run at (0,1311) width 40: "YYYY"
            RenderBR {BR} at (40,1329) size 0x0
            RenderText {#text} at (0,1334) size 44x23
              text run at (0,1334) width 44: "ZZZZ"
            RenderBR {BR} at (44,1352) size 0x0
            RenderText {#text} at (0,1357) size 24x23
              text run at (0,1357) width 24: "[[[["
            RenderBR {BR} at (24,1375) size 0x0
            RenderText {#text} at (0,1380) size 36x23
              text run at (0,1380) width 36: "\\\\\\\\"
            RenderBR {BR} at (36,1398) size 0x0
            RenderText {#text} at (0,1403) size 24x23
              text run at (0,1403) width 24: "]]]]"
            RenderBR {BR} at (24,1421) size 0x0
            RenderText {#text} at (0,1426) size 40x23
              text run at (0,1426) width 40: "^^^^"
            RenderBR {BR} at (40,1444) size 0x0
            RenderText {#text} at (0,1449) size 40x23
              text run at (0,1449) width 40: "____"
            RenderBR {BR} at (40,1467) size 0x0
            RenderText {#text} at (0,1472) size 36x23
              text run at (0,1472) width 36: "````"
            RenderBR {BR} at (36,1490) size 0x0
            RenderText {#text} at (0,1495) size 36x23
              text run at (0,1495) width 36: "aaaa"
            RenderBR {BR} at (36,1513) size 0x0
            RenderText {#text} at (0,1518) size 40x23
              text run at (0,1518) width 40: "bbbb"
            RenderBR {BR} at (40,1536) size 0x0
            RenderText {#text} at (0,1541) size 32x23
              text run at (0,1541) width 32: "cccc"
            RenderBR {BR} at (32,1559) size 0x0
            RenderText {#text} at (0,1564) size 36x23
              text run at (0,1564) width 36: "dddd"
            RenderBR {BR} at (36,1582) size 0x0
            RenderText {#text} at (0,1587) size 36x23
              text run at (0,1587) width 36: "eeee"
            RenderBR {BR} at (36,1605) size 0x0
            RenderText {#text} at (0,1610) size 32x23
              text run at (0,1610) width 32: "ffff"
            RenderBR {BR} at (32,1628) size 0x0
            RenderText {#text} at (0,1633) size 36x23
              text run at (0,1633) width 36: "gggg"
            RenderBR {BR} at (36,1651) size 0x0
            RenderText {#text} at (0,1656) size 36x23
              text run at (0,1656) width 36: "hhhh"
            RenderBR {BR} at (36,1674) size 0x0
            RenderText {#text} at (0,1679) size 16x23
              text run at (0,1679) width 16: "iiii"
            RenderBR {BR} at (16,1697) size 0x0
            RenderText {#text} at (0,1702) size 24x23
              text run at (0,1702) width 24: "jjjj"
            RenderBR {BR} at (24,1720) size 0x0
            RenderText {#text} at (0,1725) size 36x23
              text run at (0,1725) width 36: "kkkk"
            RenderBR {BR} at (36,1743) size 0x0
            RenderText {#text} at (0,1748) size 16x23
              text run at (0,1748) width 16: "llll"
            RenderBR {BR} at (16,1766) size 0x0
            RenderText {#text} at (0,1771) size 48x23
              text run at (0,1771) width 48: "mmmm"
            RenderBR {BR} at (48,1789) size 0x0
            RenderText {#text} at (0,1794) size 32x23
              text run at (0,1794) width 32: "nnnn"
            RenderBR {BR} at (32,1812) size 0x0
            RenderText {#text} at (0,1817) size 32x23
              text run at (0,1817) width 32: "oooo"
            RenderBR {BR} at (32,1835) size 0x0
            RenderText {#text} at (0,1840) size 36x23
              text run at (0,1840) width 36: "pppp"
            RenderBR {BR} at (36,1858) size 0x0
            RenderText {#text} at (0,1863) size 32x23
              text run at (0,1863) width 32: "qqqq"
            RenderBR {BR} at (32,1881) size 0x0
            RenderText {#text} at (0,1886) size 32x23
              text run at (0,1886) width 32: "rrrr"
            RenderBR {BR} at (32,1904) size 0x0
            RenderText {#text} at (0,1909) size 32x23
              text run at (0,1909) width 32: "ssss"
            RenderBR {BR} at (32,1927) size 0x0
            RenderText {#text} at (0,1932) size 32x23
              text run at (0,1932) width 32: "tttt"
            RenderBR {BR} at (32,1950) size 0x0
            RenderText {#text} at (0,1955) size 32x23
              text run at (0,1955) width 32: "uuuu"
            RenderBR {BR} at (32,1973) size 0x0
            RenderText {#text} at (0,1978) size 32x23
              text run at (0,1978) width 32: "vvvv"
            RenderBR {BR} at (32,1996) size 0x0
            RenderText {#text} at (0,2001) size 44x23
              text run at (0,2001) width 44: "wwww"
            RenderBR {BR} at (44,2019) size 0x0
            RenderText {#text} at (0,2024) size 36x23
              text run at (0,2024) width 36: "xxxx"
            RenderBR {BR} at (36,2042) size 0x0
            RenderText {#text} at (0,2047) size 36x23
              text run at (0,2047) width 36: "yyyy"
            RenderBR {BR} at (36,2065) size 0x0
            RenderText {#text} at (0,2070) size 36x23
              text run at (0,2070) width 36: "zzzz"
            RenderBR {BR} at (36,2088) size 0x0
            RenderText {#text} at (0,2093) size 24x23
              text run at (0,2093) width 24: "{{{{"
            RenderBR {BR} at (24,2111) size 0x0
            RenderText {#text} at (0,2116) size 28x23
              text run at (0,2116) width 28: "||||"
            RenderBR {BR} at (28,2134) size 0x0
            RenderText {#text} at (0,2139) size 24x23
              text run at (0,2139) width 24: "}}}}"
            RenderBR {BR} at (24,2157) size 0x0
          RenderText {#text} at (0,0) size 0x0
      RenderBlock {P} at (0,4415) size 769x2162
        RenderInline {FONT} at (0,0) size 68x2162
          RenderText {#text} at (0,0) size 0x0
          RenderInline {I} at (0,0) size 68x2162
            RenderText {#text} at (0,0) size 20x23
              text run at (0,0) width 20: "    "
            RenderBR {BR} at (20,18) size 0x0
            RenderText {#text} at (0,23) size 16x23
              text run at (0,23) width 16: "!!!!"
            RenderBR {BR} at (16,41) size 0x0
            RenderText {#text} at (0,46) size 28x23
              text run at (0,46) width 28: "\"\"\"\""
            RenderBR {BR} at (28,64) size 0x0
            RenderText {#text} at (0,69) size 52x23
              text run at (0,69) width 52: "####"
            RenderBR {BR} at (52,87) size 0x0
            RenderText {#text} at (0,92) size 44x23
              text run at (0,92) width 44: "$$$$"
            RenderBR {BR} at (44,110) size 0x0
            RenderText {#text} at (0,115) size 52x23
              text run at (0,115) width 52: "%%%%"
            RenderBR {BR} at (52,133) size 0x0
            RenderText {#text} at (0,138) size 40x23
              text run at (0,138) width 40: "&&&&"
            RenderBR {BR} at (40,156) size 0x0
            RenderText {#text} at (0,161) size 24x23
              text run at (0,161) width 24: "''''"
            RenderBR {BR} at (24,179) size 0x0
            RenderText {#text} at (0,184) size 24x23
              text run at (0,184) width 24: "(((("
            RenderBR {BR} at (24,202) size 0x0
            RenderText {#text} at (0,207) size 24x23
              text run at (0,207) width 24: "))))"
            RenderBR {BR} at (24,225) size 0x0
            RenderText {#text} at (0,230) size 32x23
              text run at (0,230) width 32: "****"
            RenderBR {BR} at (32,248) size 0x0
            RenderText {#text} at (0,253) size 32x23
              text run at (0,253) width 32: "++++"
            RenderBR {BR} at (32,271) size 0x0
            RenderText {#text} at (0,276) size 16x23
              text run at (0,276) width 16: ",,,,"
            RenderBR {BR} at (16,294) size 0x0
            RenderText {#text} at (0,299) size 28x23
              text run at (0,299) width 28: "----"
            RenderBR {BR} at (28,317) size 0x0
            RenderText {#text} at (0,322) size 16x23
              text run at (0,322) width 16: "...."
            RenderBR {BR} at (16,340) size 0x0
            RenderText {#text} at (0,345) size 32x23
              text run at (0,345) width 32: "////"
            RenderBR {BR} at (32,363) size 0x0
            RenderText {#text} at (0,368) size 40x23
              text run at (0,368) width 40: "0000"
            RenderBR {BR} at (40,386) size 0x0
            RenderText {#text} at (0,391) size 28x23
              text run at (0,391) width 28: "1111"
            RenderBR {BR} at (28,409) size 0x0
            RenderText {#text} at (0,414) size 40x23
              text run at (0,414) width 40: "2222"
            RenderBR {BR} at (40,432) size 0x0
            RenderText {#text} at (0,437) size 40x23
              text run at (0,437) width 40: "3333"
            RenderBR {BR} at (40,455) size 0x0
            RenderText {#text} at (0,460) size 40x23
              text run at (0,460) width 40: "4444"
            RenderBR {BR} at (40,478) size 0x0
            RenderText {#text} at (0,483) size 40x23
              text run at (0,483) width 40: "5555"
            RenderBR {BR} at (40,501) size 0x0
            RenderText {#text} at (0,506) size 40x23
              text run at (0,506) width 40: "6666"
            RenderBR {BR} at (40,524) size 0x0
            RenderText {#text} at (0,529) size 40x23
              text run at (0,529) width 40: "7777"
            RenderBR {BR} at (40,547) size 0x0
            RenderText {#text} at (0,552) size 40x23
              text run at (0,552) width 40: "8888"
            RenderBR {BR} at (40,570) size 0x0
            RenderText {#text} at (0,575) size 40x23
              text run at (0,575) width 40: "9999"
            RenderBR {BR} at (40,593) size 0x0
            RenderText {#text} at (0,598) size 20x23
              text run at (0,598) width 20: "::::"
            RenderBR {BR} at (20,616) size 0x0
            RenderText {#text} at (0,621) size 20x23
              text run at (0,621) width 20: ";;;;"
            RenderBR {BR} at (20,639) size 0x0
            RenderText {#text} at (0,644) size 24x23
              text run at (0,644) width 24: "<<<<"
            RenderBR {BR} at (24,662) size 0x0
            RenderText {#text} at (0,667) size 32x23
              text run at (0,667) width 32: "===="
            RenderBR {BR} at (32,685) size 0x0
            RenderText {#text} at (0,690) size 24x23
              text run at (0,690) width 24: ">>>>"
            RenderBR {BR} at (24,708) size 0x0
            RenderText {#text} at (0,713) size 32x23
              text run at (0,713) width 32: "????"
            RenderBR {BR} at (32,731) size 0x0
            RenderText {#text} at (0,736) size 60x23
              text run at (0,736) width 60: "@@@@"
            RenderBR {BR} at (60,754) size 0x0
            RenderText {#text} at (0,759) size 48x23
              text run at (0,759) width 48: "AAAA"
            RenderBR {BR} at (48,777) size 0x0
            RenderText {#text} at (0,782) size 40x23
              text run at (0,782) width 40: "BBBB"
            RenderBR {BR} at (40,800) size 0x0
            RenderText {#text} at (0,805) size 40x23
              text run at (0,805) width 40: "CCCC"
            RenderBR {BR} at (40,823) size 0x0
            RenderText {#text} at (0,828) size 48x23
              text run at (0,828) width 48: "DDDD"
            RenderBR {BR} at (48,846) size 0x0
            RenderText {#text} at (0,851) size 40x23
              text run at (0,851) width 40: "EEEE"
            RenderBR {BR} at (40,869) size 0x0
            RenderText {#text} at (0,874) size 40x23
              text run at (0,874) width 40: "FFFF"
            RenderBR {BR} at (40,892) size 0x0
            RenderText {#text} at (0,897) size 44x23
              text run at (0,897) width 44: "GGGG"
            RenderBR {BR} at (44,915) size 0x0
            RenderText {#text} at (0,920) size 48x23
              text run at (0,920) width 48: "HHHH"
            RenderBR {BR} at (48,938) size 0x0
            RenderText {#text} at (0,943) size 36x23
              text run at (0,943) width 36: "IIII"
            RenderBR {BR} at (36,961) size 0x0
            RenderText {#text} at (0,966) size 44x23
              text run at (0,966) width 44: "JJJJ"
            RenderBR {BR} at (44,984) size 0x0
            RenderText {#text} at (0,989) size 40x23
              text run at (0,989) width 40: "KKKK"
            RenderBR {BR} at (40,1007) size 0x0
            RenderText {#text} at (0,1012) size 36x23
              text run at (0,1012) width 36: "LLLL"
            RenderBR {BR} at (36,1030) size 0x0
            RenderText {#text} at (0,1035) size 56x23
              text run at (0,1035) width 56: "MMMM"
            RenderBR {BR} at (56,1053) size 0x0
            RenderText {#text} at (0,1058) size 52x23
              text run at (0,1058) width 52: "NNNN"
            RenderBR {BR} at (52,1076) size 0x0
            RenderText {#text} at (0,1081) size 52x23
              text run at (0,1081) width 52: "OOOO"
            RenderBR {BR} at (52,1099) size 0x0
            RenderText {#text} at (0,1104) size 32x23
              text run at (0,1104) width 32: "PPPP"
            RenderBR {BR} at (32,1122) size 0x0
            RenderText {#text} at (0,1127) size 56x23
              text run at (0,1127) width 56: "QQQQ"
            RenderBR {BR} at (56,1145) size 0x0
            RenderText {#text} at (0,1150) size 40x23
              text run at (0,1150) width 40: "RRRR"
            RenderBR {BR} at (40,1168) size 0x0
            RenderText {#text} at (0,1173) size 44x23
              text run at (0,1173) width 44: "SSSS"
            RenderBR {BR} at (44,1191) size 0x0
            RenderText {#text} at (0,1196) size 44x23
              text run at (0,1196) width 44: "TTTT"
            RenderBR {BR} at (44,1214) size 0x0
            RenderText {#text} at (0,1219) size 48x23
              text run at (0,1219) width 48: "UUUU"
            RenderBR {BR} at (48,1237) size 0x0
            RenderText {#text} at (0,1242) size 40x23
              text run at (0,1242) width 40: "VVVV"
            RenderBR {BR} at (40,1260) size 0x0
            RenderText {#text} at (0,1265) size 68x23
              text run at (0,1265) width 68: "WWWW"
            RenderBR {BR} at (68,1283) size 0x0
            RenderText {#text} at (0,1288) size 48x23
              text run at (0,1288) width 48: "XXXX"
            RenderBR {BR} at (48,1306) size 0x0
            RenderText {#text} at (0,1311) size 40x23
              text run at (0,1311) width 40: "YYYY"
            RenderBR {BR} at (40,1329) size 0x0
            RenderText {#text} at (0,1334) size 44x23
              text run at (0,1334) width 44: "ZZZZ"
            RenderBR {BR} at (44,1352) size 0x0
            RenderText {#text} at (0,1357) size 24x23
              text run at (0,1357) width 24: "[[[["
            RenderBR {BR} at (24,1375) size 0x0
            RenderText {#text} at (0,1380) size 36x23
              text run at (0,1380) width 36: "\\\\\\\\"
            RenderBR {BR} at (36,1398) size 0x0
            RenderText {#text} at (0,1403) size 24x23
              text run at (0,1403) width 24: "]]]]"
            RenderBR {BR} at (24,1421) size 0x0
            RenderText {#text} at (0,1426) size 36x23
              text run at (0,1426) width 36: "^^^^"
            RenderBR {BR} at (36,1444) size 0x0
            RenderText {#text} at (0,1449) size 40x23
              text run at (0,1449) width 40: "____"
            RenderBR {BR} at (40,1467) size 0x0
            RenderText {#text} at (0,1472) size 36x23
              text run at (0,1472) width 36: "````"
            RenderBR {BR} at (36,1490) size 0x0
            RenderText {#text} at (0,1495) size 32x23
              text run at (0,1495) width 32: "aaaa"
            RenderBR {BR} at (32,1513) size 0x0
            RenderText {#text} at (0,1518) size 36x23
              text run at (0,1518) width 36: "bbbb"
            RenderBR {BR} at (36,1536) size 0x0
            RenderText {#text} at (0,1541) size 32x23
              text run at (0,1541) width 32: "cccc"
            RenderBR {BR} at (32,1559) size 0x0
            RenderText {#text} at (0,1564) size 36x23
              text run at (0,1564) width 36: "dddd"
            RenderBR {BR} at (36,1582) size 0x0
            RenderText {#text} at (0,1587) size 36x23
              text run at (0,1587) width 36: "eeee"
            RenderBR {BR} at (36,1605) size 0x0
            RenderText {#text} at (0,1610) size 32x23
              text run at (0,1610) width 32: "ffff"
            RenderBR {BR} at (32,1628) size 0x0
            RenderText {#text} at (0,1633) size 32x23
              text run at (0,1633) width 32: "gggg"
            RenderBR {BR} at (32,1651) size 0x0
            RenderText {#text} at (0,1656) size 36x23
              text run at (0,1656) width 36: "hhhh"
            RenderBR {BR} at (36,1674) size 0x0
            RenderText {#text} at (0,1679) size 16x23
              text run at (0,1679) width 16: "iiii"
            RenderBR {BR} at (16,1697) size 0x0
            RenderText {#text} at (0,1702) size 24x23
              text run at (0,1702) width 24: "jjjj"
            RenderBR {BR} at (24,1720) size 0x0
            RenderText {#text} at (0,1725) size 36x23
              text run at (0,1725) width 36: "kkkk"
            RenderBR {BR} at (36,1743) size 0x0
            RenderText {#text} at (0,1748) size 16x23
              text run at (0,1748) width 16: "llll"
            RenderBR {BR} at (16,1766) size 0x0
            RenderText {#text} at (0,1771) size 48x23
              text run at (0,1771) width 48: "mmmm"
            RenderBR {BR} at (48,1789) size 0x0
            RenderText {#text} at (0,1794) size 32x23
              text run at (0,1794) width 32: "nnnn"
            RenderBR {BR} at (32,1812) size 0x0
            RenderText {#text} at (0,1817) size 32x23
              text run at (0,1817) width 32: "oooo"
            RenderBR {BR} at (32,1835) size 0x0
            RenderText {#text} at (0,1840) size 36x23
              text run at (0,1840) width 36: "pppp"
            RenderBR {BR} at (36,1858) size 0x0
            RenderText {#text} at (0,1863) size 32x23
              text run at (0,1863) width 32: "qqqq"
            RenderBR {BR} at (32,1881) size 0x0
            RenderText {#text} at (0,1886) size 32x23
              text run at (0,1886) width 32: "rrrr"
            RenderBR {BR} at (32,1904) size 0x0
            RenderText {#text} at (0,1909) size 32x23
              text run at (0,1909) width 32: "ssss"
            RenderBR {BR} at (32,1927) size 0x0
            RenderText {#text} at (0,1932) size 32x23
              text run at (0,1932) width 32: "tttt"
            RenderBR {BR} at (32,1950) size 0x0
            RenderText {#text} at (0,1955) size 32x23
              text run at (0,1955) width 32: "uuuu"
            RenderBR {BR} at (32,1973) size 0x0
            RenderText {#text} at (0,1978) size 32x23
              text run at (0,1978) width 32: "vvvv"
            RenderBR {BR} at (32,1996) size 0x0
            RenderText {#text} at (0,2001) size 44x23
              text run at (0,2001) width 44: "wwww"
            RenderBR {BR} at (44,2019) size 0x0
            RenderText {#text} at (0,2024) size 36x23
              text run at (0,2024) width 36: "xxxx"
            RenderBR {BR} at (36,2042) size 0x0
            RenderText {#text} at (0,2047) size 32x23
              text run at (0,2047) width 32: "yyyy"
            RenderBR {BR} at (32,2065) size 0x0
            RenderText {#text} at (0,2070) size 36x23
              text run at (0,2070) width 36: "zzzz"
            RenderBR {BR} at (36,2088) size 0x0
            RenderText {#text} at (0,2093) size 24x23
              text run at (0,2093) width 24: "{{{{"
            RenderBR {BR} at (24,2111) size 0x0
            RenderText {#text} at (0,2116) size 28x23
              text run at (0,2116) width 28: "||||"
            RenderBR {BR} at (28,2134) size 0x0
            RenderText {#text} at (0,2139) size 24x23
              text run at (0,2139) width 24: "}}}}"
            RenderBR {BR} at (24,2157) size 0x0
          RenderText {#text} at (0,0) size 0x0
        RenderText {#text} at (0,0) size 0x0
