layer at (0,0) size 800x600
  RenderView at (0,0) size 800x600
layer at (0,0) size 800x600
  RenderBlock {HTML} at (0,0) size 800x600
    RenderBody {BODY} at (8,8) size 784x584
      RenderBlock {P} at (0,0) size 784x63
        RenderText {#text} at (0,0) size 737x63
          text run at (0,0) width 737: "This test makes sure that HTMLObjectElement.vspace and HTMLObjectElement.hspace are exposed as"
          text run at (0,21) width 690: "numbers instead of strings, per the DOM Level 2 HTML spec: http://www.w3.org/TR/DOM-Level-2-"
          text run at (0,42) width 205: "HTML/html.html#ID-9893177"
      RenderBlock (anonymous) at (0,79) size 784x170
        RenderEmbeddedObject {OBJECT} at (20,10) size 300x150
        RenderText {#text} at (0,0) size 0x0
      RenderBlock {DIV} at (0,249) size 784x21
        RenderText {#text} at (0,0) size 84x21
          text run at (0,0) width 84: "SUCCESS!"
