layer at (0,0) size 800x600
  RenderView at (0,0) size 800x600
layer at (0,0) size 800x228
  RenderBlock {HTML} at (0,0) size 800x228
    RenderBody {BODY} at (8,16) size 784x196
      RenderBlock {P} at (0,0) size 764x90 [color=#0000FF] [border: (10px double #0000FF) none]
        RenderText {#text} at (0,0) size 366x18
          text run at (0,0) width 366: "This paragraph should have two blue lines on its right. \x{21E8} "
        RenderInline {SPAN} at (0,0) size 734x90 [color=#C0C0C0]
          RenderText {#text} at (366,0) size 734x90
            text run at (366,0) width 364: "dummy text dummy text dummy text dummy text dummy"
            text run at (0,18) width 79: "text dummy "
            text run at (79,18) width 474: "text dummy text dummy text dummy text dummy text dummy text dummy "
            text run at (553,18) width 181: "text dummy text dummy text"
            text run at (0,36) width 289: "dummy text dummy text dummy text dummy "
            text run at (289,36) width 418: "text dummy text dummy text dummy text dummy text dummy text"
            text run at (0,54) width 52: "dummy "
            text run at (52,54) width 474: "text dummy text dummy text dummy text dummy text dummy text dummy "
            text run at (526,54) width 181: "text dummy text dummy text"
            text run at (0,72) width 154: "dummy text dummy text"
        RenderText {#text} at (0,0) size 0x0
      RenderBlock {P} at (0,106) size 764x90 [color=#0000FF] [border: (1px solid #0000FF) none]
        RenderText {#text} at (0,0) size 371x18
          text run at (0,0) width 371: "This paragraph should have a thin blue line on its right. \x{21E8} "
        RenderInline {SPAN} at (0,0) size 762x90 [color=#C0C0C0]
          RenderText {#text} at (371,0) size 762x90
            text run at (371,0) width 391: "dummy text dummy text dummy text dummy text dummy text"
            text run at (0,18) width 52: "dummy "
            text run at (52,18) width 474: "text dummy text dummy text dummy text dummy text dummy text dummy "
            text run at (526,18) width 233: "text dummy text dummy text dummy"
            text run at (0,36) width 237: "text dummy text dummy text dummy "
            text run at (237,36) width 474: "text dummy text dummy text dummy text dummy text dummy text dummy "
            text run at (711,36) width 23: "text"
            text run at (0,54) width 447: "dummy text dummy text dummy text dummy text dummy text dummy "
            text run at (447,54) width 312: "text dummy text dummy text dummy text dummy"
            text run at (0,72) width 23: "text"
        RenderText {#text} at (0,0) size 0x0
