layer at (0,0) size 800x600
  RenderView at (0,0) size 800x600
layer at (0,0) size 800x94
  RenderBlock {HTML} at (0,0) size 800x94
    RenderBody {BODY} at (8,16) size 784x70
      RenderBlock {P} at (0,0) size 784x18
        RenderText {#text} at (0,0) size 233x18
          text run at (0,0) width 233: "The following two lines should look "
        RenderInline {EM} at (0,0) size 91x18
          RenderText {#text} at (233,0) size 91x18
            text run at (233,0) width 91: "approximately"
        RenderText {#text} at (324,0) size 63x18
          text run at (324,0) width 63: " the same:"
      RenderBlock {DIV} at (0,34) size 784x18
        RenderInline {SPAN} at (0,0) size 9x18
          RenderInline (generated) at (0,0) size 9x18
            RenderCounter at (0,0) size 9x18
              text run at (0,0) width 9: "\x{25A0}"
        RenderText {#text} at (8,0) size 5x18
          text run at (8,0) width 5: " "
        RenderInline {SPAN} at (0,0) size 10x18
          RenderInline (generated) at (0,0) size 10x18
            RenderCounter at (12,0) size 10x18
              text run at (12,0) width 10: "\x{25A0}"
        RenderText {#text} at (21,0) size 5x18
          text run at (21,0) width 5: " "
        RenderInline {SPAN} at (0,0) size 10x18
          RenderInline (generated) at (0,0) size 10x18
            RenderCounter at (25,0) size 10x18
              text run at (25,0) width 10: "\x{25A0}"
        RenderText {#text} at (34,0) size 5x18
          text run at (34,0) width 5: " "
        RenderInline {SPAN} at (0,0) size 9x18
          RenderInline (generated) at (0,0) size 9x18
            RenderCounter at (38,0) size 9x18
              text run at (38,0) width 9: "\x{25A0}"
        RenderText {#text} at (46,0) size 5x18
          text run at (46,0) width 5: " "
        RenderInline {SPAN} at (0,0) size 10x18
          RenderInline (generated) at (0,0) size 10x18
            RenderCounter at (50,0) size 10x18
              text run at (50,0) width 10: "\x{25A0}"
        RenderText {#text} at (59,0) size 5x18
          text run at (59,0) width 5: " "
        RenderInline {SPAN} at (0,0) size 10x18
          RenderInline (generated) at (0,0) size 10x18
            RenderCounter at (63,0) size 10x18
              text run at (63,0) width 10: "\x{25A0}"
        RenderText {#text} at (72,0) size 5x18
          text run at (72,0) width 5: " "
        RenderInline {SPAN} at (0,0) size 9x18
          RenderInline (generated) at (0,0) size 9x18
            RenderCounter at (76,0) size 9x18
              text run at (76,0) width 9: "\x{25A0}"
        RenderText {#text} at (84,0) size 5x18
          text run at (84,0) width 5: " "
        RenderInline {SPAN} at (0,0) size 10x18
          RenderInline (generated) at (0,0) size 10x18
            RenderCounter at (88,0) size 10x18
              text run at (88,0) width 10: "\x{25A0}"
        RenderText {#text} at (97,0) size 5x18
          text run at (97,0) width 5: " "
        RenderInline {SPAN} at (0,0) size 10x18
          RenderInline (generated) at (0,0) size 10x18
            RenderCounter at (101,0) size 10x18
              text run at (101,0) width 10: "\x{25A0}"
        RenderText {#text} at (110,0) size 5x18
          text run at (110,0) width 5: " "
        RenderInline {SPAN} at (0,0) size 9x18
          RenderInline (generated) at (0,0) size 9x18
            RenderCounter at (114,0) size 9x18
              text run at (114,0) width 9: "\x{25A0}"
        RenderText {#text} at (122,0) size 5x18
          text run at (122,0) width 5: " "
        RenderInline {SPAN} at (0,0) size 10x18
          RenderInline (generated) at (0,0) size 10x18
            RenderCounter at (126,0) size 10x18
              text run at (126,0) width 10: "\x{25A0}"
        RenderText {#text} at (135,0) size 5x18
          text run at (135,0) width 5: " "
        RenderInline {SPAN} at (0,0) size 10x18
          RenderInline (generated) at (0,0) size 10x18
            RenderCounter at (139,0) size 10x18
              text run at (139,0) width 10: "\x{25A0}"
        RenderText {#text} at (0,0) size 0x0
      RenderBlock {DIV} at (0,52) size 784x18
        RenderText {#text} at (0,0) size 164x18
          text run at (0,0) width 14: "\x{25FE} "
          text run at (14,0) width 14: "\x{25FE} "
          text run at (28,0) width 14: "\x{25FE} "
          text run at (42,0) width 14: "\x{25FE} "
          text run at (56,0) width 14: "\x{25FE} "
          text run at (70,0) width 14: "\x{25FE} "
          text run at (84,0) width 14: "\x{25FE} "
          text run at (98,0) width 14: "\x{25FE} "
          text run at (112,0) width 14: "\x{25FE} "
          text run at (126,0) width 14: "\x{25FE} "
          text run at (140,0) width 14: "\x{25FE} "
          text run at (154,0) width 10: "\x{25FE}"
