layer at (0,0) size 800x600
  RenderView at (0,0) size 800x600
layer at (0,0) size 800x8
  RenderBlock {HTML} at (0,0) size 800x8
    RenderBody {BODY} at (8,8) size 784x0
Flow Threads
  Thread with flow-name 'flowA'
    layer at (0,0) size 800x600
      RenderFlowThread at (0,0) size 800x600
  Thread with flow-name 'flowB'
    layer at (0,0) size 800x600
      RenderFlowThread at (0,0) size 800x600
  Thread with flow-name 'flowC'
    layer at (0,0) size 800x600
      RenderFlowThread at (0,0) size 800x600
        RenderBlock {DIV} at (0,0) size 800x36
          RenderBlock (anonymous) at (0,0) size 800x18
            RenderText {#text} at (0,0) size 90x18
              text run at (0,0) width 90: "DIV3 - flowC"
          RenderBlock {DIV} at (0,18) size 800x18
            RenderText {#text} at (0,0) size 90x18
              text run at (0,0) width 90: "DIV5 - flowC"
