layer at (0,0) size 800x600
  RenderView at (0,0) size 800x600
layer at (0,0) size 800x422
  RenderBlock {HTML} at (0,0) size 800x422
    RenderBody {BODY} at (8,8) size 784x406
      RenderBlock {DIV} at (0,0) size 784x406
        RenderRegion {DIV} at (0,0) size 202x102 [border: (1px solid #000000)]
        RenderRegion {DIV} at (0,102) size 302x182 [border: (1px solid #000000)]
        RenderRegion {DIV} at (0,284) size 122x122 [border: (1px solid #000000)]
Flow Threads
  Thread with flow-name 'flow1'
    layer at (0,0) size 300x400
      RenderFlowThread at (0,0) size 300x400
        RenderBlock {DIV} at (0,0) size 300x631
          RenderBlock {DIV} at (5,5) size 290x621 [border: (1px solid #0000FF)]
            RenderBlock {DIV} at (11,11) size 268x599 [border: (1px solid #008000)]
              RenderBlock {P} at (1,17) size 266x36
                RenderText {#text} at (0,0) size 166x36
                  text run at (0,0) width 166: "This line of text should"
                  text run at (0,18) width 155: "not get out of the region."
              RenderBlock (floating) {DIV} at (95,84) size 72x37 [border: (1px solid #FF0000)]
                RenderText {#text} at (1,1) size 44x18
                  text run at (1,1) width 44: "Float 1"
              RenderBlock (anonymous) at (1,84) size 266x108
                RenderText {#text} at (0,0) size 266x108
                  text run at (0,0) width 166: "This line of text should"
                  text run at (0,18) width 94: "not get out of"
                  text run at (0,36) width 94: "the region."
                  text run at (0,54) width 266: "This line of text should not get out of the"
                  text run at (0,72) width 266: "region. This line of text should not get out"
                  text run at (0,90) width 84: "of the region."
              RenderBlock {P} at (1,208) size 266x0
              RenderBlock {P} at (1,208) size 266x164
                RenderText {#text} at (0,0) size 266x164
                  text run at (0,0) width 266: "This line of text should not get out of the"
                  text run at (0,18) width 266: "region. This line of text should not get out"
                  text run at (0,36) width 266: "of the region. This line of text should not"
                  text run at (0,56) width 86: "get out of the"
                  text run at (0,74) width 86: "region. This"
                  text run at (0,92) width 86: "line of text"
                  text run at (0,110) width 86: "should not"
                  text run at (0,128) width 86: "get out of the"
                  text run at (0,146) width 44: "region."
              RenderBlock {P} at (1,384) size 266x198
                RenderText {#text} at (0,0) size 44x198
                  text run at (0,0) width 28: "This"
                  text run at (0,18) width 23: "line"
                  text run at (0,36) width 13: "of"
                  text run at (0,54) width 23: "text"
                  text run at (0,72) width 42: "should"
                  text run at (0,90) width 20: "not"
                  text run at (0,108) width 19: "get"
                  text run at (0,126) width 20: "out"
                  text run at (0,144) width 13: "of"
                  text run at (0,162) width 19: "the"
                  text run at (0,180) width 44: "region."
  Regions for flow 'flow1'
    RenderRegion {DIV} #region1 with index 0
    RenderRegion {DIV} #region2 with index 0
    RenderRegion {DIV} #region3 with index 0
