layer at (0,0) size 800x600
  RenderView at (0,0) size 800x600
layer at (0,0) size 800x600
  RenderBlock {HTML} at (0,0) size 800x600
    RenderBody {BODY} at (8,8) size 784x584
      RenderBlock {P} at (0,0) size 784x36
        RenderText {#text} at (0,0) size 783x36
          text run at (0,0) width 243: "Test for font-feature-settings property. "
          text run at (243,0) width 540: "The first word of the following three words should be displayed like \"WebKit\", while"
          text run at (0,18) width 267: "others should be displayed as black boxes."
      RenderBlock {DIV} at (0,52) size 784x17
        RenderText {#text} at (0,0) size 31x16
          text run at (0,0) width 31: "WebKit"
      RenderBlock {DIV} at (0,69) size 784x17
        RenderText {#text} at (0,0) size 96x16
          text run at (0,0) width 96: "WebKit"
      RenderBlock {DIV} at (0,86) size 784x17
        RenderText {#text} at (0,0) size 96x16
          text run at (0,0) width 96: "WebKit"
