layer at (0,0) size 800x600
  RenderView at (0,0) size 800x600
layer at (0,0) size 800x600
  RenderBlock {HTML} at (0,0) size 800x600
    RenderBody {BODY} at (8,8) size 784x584
      RenderBlock {DIR} at (0,0) size 784x120
        RenderBlock (anonymous) at (40,0) size 744x22
          RenderText {#text} at (0,0) size 28x22
            text run at (0,0) width 28: "One"
        RenderBlock {DIR} at (40,38) size 744x82
          RenderBlock (anonymous) at (40,0) size 704x22
            RenderText {#text} at (0,0) size 31x22
              text run at (0,0) width 31: "Two"
          RenderBlock {DIR} at (40,38) size 704x44
            RenderBlock (anonymous) at (40,0) size 664x22
              RenderText {#text} at (0,0) size 41x22
                text run at (0,0) width 41: "Three"
            RenderBlock {CENTER} at (40,22) size 664x22
              RenderText {#text} at (315,0) size 34x22
                text run at (315,0) width 34: "Four"
      RenderBlock {PRE} at (0,136) size 784x338
        RenderText {#text} at (0,0) size 49x17
          text run at (0,0) width 49: "Pre text"
          text run at (49,0) width 0: " "
        RenderEmbeddedObject {OBJECT} at (0,17) size 300x300 [bgcolor=#008000]
        RenderText {#text} at (300,304) size 300x34
          text run at (300,304) width 0: " "
          text run at (0,321) width 80: "Also pre text"
          text run at (80,321) width 0: " "
      RenderBlock (anonymous) at (0,487) size 784x22
        RenderInline {NOBR} at (0,0) size 149x22 [bgcolor=#CCCCCC]
          RenderText {#text} at (0,0) size 149x22
            text run at (0,0) width 149: "This text won't break."
      RenderBlock (anonymous) at (0,522) size 784x17
        RenderBlock {PRE} at (0,0) size 784x17
          RenderText {#text} at (0,0) size 164x17
            text run at (0,0) width 164: "This will be preformatted."
      RenderBlock (anonymous) at (0,552) size 784x22
        RenderInline {NOBR} at (0,0) size 251x22 [bgcolor=#CCCCCC]
          RenderText {#text} at (0,0) size 251x22
            text run at (0,0) width 251: "Now we're back to nonbreaking text."
        RenderText {#text} at (0,0) size 0x0
