layer at (0,0) size 800x600
  RenderView at (0,0) size 800x600
layer at (0,0) size 800x356
  RenderBlock {HTML} at (0,0) size 800x356
    RenderBody {BODY} at (8,16) size 784x332
      RenderBlock {P} at (0,0) size 784x20
        RenderText {#text} at (0,0) size 593x19
          text run at (0,0) width 593: "Animation on original and reflection should both be paused half way through, giving 45deg rotation."
      RenderBlock {DIV} at (0,292) size 784x40
        RenderText {#text} at (0,0) size 645x39
          text run at (0,0) width 536: "FAIL - \"webkitTransform.0\" property for \"inner\" element at 0.5s expected: 0.76 but saw:"
          text run at (0,20) width 645: "matrix(0.0000000000000002220446049250313, 1, -1, 0.0000000000000002220446049250313, 0, 0)"
        RenderBR {BR} at (645,20) size 0x19
layer at (108,56) size 122x232
  RenderBlock {DIV} at (100,40) size 122x232 [border: (1px solid #000000)]
layer at (119,67) size 100x100
  RenderBlock {DIV} at (11,11) size 100x100 [bgcolor=#008000]
    RenderText {#text} at (33,1) size 34x76
      text run at (33,1) width 34: "1"
