layer at (0,0) size 800x600
  RenderView at (0,0) size 800x600
layer at (0,0) size 800x600
  RenderBlock {HTML} at (0,0) size 800x600
    RenderBody {BODY} at (8,8) size 784x584
      RenderBlock {P} at (0,0) size 784x19
        RenderText {#text} at (0,0) size 323x19
          text run at (0,0) width 323: "The black outline box should stretch from the right "
        RenderInline {SPAN} at (0,0) size 27x19 [color=#0000FF]
          RenderText {#text} at (323,0) size 27x19
            text run at (323,0) width 27: "blue"
        RenderText {#text} at (350,0) size 214x19
          text run at (350,0) width 214: " border on the first line, to the left "
        RenderInline {SPAN} at (0,0) size 43x19 [color=#FFA500]
          RenderText {#text} at (564,0) size 43x19
            text run at (564,0) width 43: "orange"
        RenderText {#text} at (607,0) size 152x19
          text run at (607,0) width 152: " border on the third line."
      RenderBlock {DIV} at (0,35) size 600x76
        RenderText {#text} at (414,0) size 186x19
          text run at (414,0) width 186 RTL override: "ILorem ipsum dolor sit amet, "
        RenderText {#text} at (7,38) size 593x38
          text run at (7,38) width 89 RTL override: "duis aute irure"
          text run at (351,57) width 249 RTL override: "dolor in reprehenderit in voluptate velit."
layer at (8,43) size 597x59
  RenderInline (relative positioned) {SPAN} at (0,0) size 597x59 [bgcolor=#008000] [border: (1px solid #808080) (20px solid #0000FF) (1px solid #808080) (20px solid #FFA500)]
    RenderText {#text} at (43,0) size 557x38
      text run at (43,0) width 331 RTL override: "con a pariatur. Excepteur sint occaecat cupidatat non"
      text run at (234,19) width 366 RTL override: "proident, sunt in culp qui officia deserunt mollit animequs "
    RenderText {#text} at (3,19) size 597x38
      text run at (3,19) width 231 RTL override: "ILOREM ipsum dol sDuis aute irure"
      text run at (136,38) width 464 RTL override: "dolor in reprehenderit in voluptate velit esse cillum dolore eu fugiat nullat "
layer at (134,43) size 258x57
  RenderBlock (positioned) {DIV} at (83,1) size 258x57
