layer at (0,0) size 800x600
  RenderView at (0,0) size 800x600
layer at (0,0) size 800x600
  RenderBlock {HTML} at (0,0) size 800x600
    RenderBody {BODY} at (8,8) size 784x584
      RenderBlock {P} at (0,0) size 784x38
        RenderText {#text} at (0,0) size 664x19
          text run at (0,0) width 664: "The black outline box should be a 50px by 50px square with its bottom right corner anchored to the right "
        RenderInline {SPAN} at (0,0) size 43x19 [color=#FFA500]
          RenderText {#text} at (664,0) size 43x19
            text run at (664,0) width 43: "orange"
        RenderText {#text} at (707,0) size 772x38
          text run at (707,0) width 65: " border on"
          text run at (0,19) width 83: "the third line."
      RenderBlock {DIV} at (0,54) size 600x76
        RenderText {#text} at (0,0) size 186x19
          text run at (0,0) width 186: "ILorem ipsum dolor sit amet, "
        RenderText {#text} at (504,38) size 593x38
          text run at (504,38) width 89: "duis aute irure"
          text run at (0,57) width 249: "dolor in reprehenderit in voluptate velit."
layer at (8,62) size 597x59
  RenderInline (relative positioned) {SPAN} at (0,0) size 597x59 [bgcolor=#008000] [border: (1px solid #808080) (20px solid #FFA500) (1px solid #808080) (20px solid #0000FF)]
    RenderText {#text} at (226,0) size 557x38
      text run at (226,0) width 331: "con a pariatur. Excepteur sint occaecat cupidatat non"
      text run at (0,19) width 366: "proident, sunt in culp qui officia deserunt mollit animequs "
    RenderText {#text} at (366,19) size 597x38
      text run at (366,19) width 231: "ILOREM ipsum dol sDuis aute irure"
      text run at (0,38) width 464: "dolor in reprehenderit in voluptate velit esse cillum dolore eu fugiat nullat "
layer at (432,69) size 50x50
  RenderBlock (positioned) {DIV} at (228,8) size 50x50
