layer at (0,0) size 800x600
  RenderView at (0,0) size 800x600
layer at (0,0) size 800x600
  RenderBlock {HTML} at (0,0) size 800x600
    RenderBody {BODY} at (8,8) size 784x584
      RenderBlock {P} at (0,0) size 784x19
        RenderText {#text} at (0,0) size 634x19
          text run at (0,0) width 634: "The red box should be entirely inside the black box with the text content spilling out of both of them."
layer at (8,43) size 404x104
  RenderBlock (relative positioned) {DIV} at (0,35) size 404x104 [border: (2px solid #000000)]
layer at (10,65) size 400x60
  RenderBlock (positioned) {DIV} at (2,22) size 400x60 [border: (2px solid #FF0000)]
    RenderText {#text} at (2,2) size 396x152
      text run at (2,2) width 396: "Lorem ipsum dolor sit amet, consectetur adipisicing elit, sed do"
      text run at (2,21) width 378: "eiusmod tempor incididunt ut labore et dolore magna aliqua."
      text run at (2,40) width 380: "Ut enim ad minim veniam, quis nostrud exercitation ullamco"
      text run at (2,59) width 370: "laboris nisi ut aliquip ex ea commodo consequat. Duis aute"
      text run at (2,78) width 395: "irure dolor in reprehenderit in voluptate velit esse cillum dolore"
      text run at (2,97) width 387: "eu fugiat nulla pariatur. Excepteur sint occaecat cupidatat non"
      text run at (2,116) width 377: "proident, sunt in culpa qui officia deserunt mollit anim id est"
      text run at (2,135) width 56: "laborum."
