layer at (0,0) size 800x600
  RenderView at (0,0) size 800x600
layer at (0,0) size 800x66
  RenderBlock {HTML} at (0,0) size 800x66
    RenderBody {BODY} at (8,8) size 784x50
      RenderBlock {DIV} at (0,0) size 784x21
        RenderText {#text} at (0,0) size 750x21
          text run at (0,0) width 750: "When the caret reaches the edge of the input box, on the next input if must jump to the center of the control."
      RenderBlock (anonymous) at (0,21) size 784x29
        RenderTextControl {INPUT} at (2,2) size 96x25
        RenderText {#text} at (0,0) size 0x0
        RenderText {#text} at (0,0) size 0x0
layer at (12,33) size 92x21 scrollX 55 scrollWidth 380
  RenderBlock {DIV} at (2,2) size 92x21
    RenderText {#text} at (1,0) size 378x21
      text run at (1,0) width 378: "012345678901012345678901234567890123456789"
caret: position 12 of child 0 {#text} of child 0 {DIV} of {#shadow-root} of child 3 {INPUT} of body
