layer at (0,0) size 800x600
  RenderView at (0,0) size 800x600
layer at (0,0) size 800x600
  RenderBlock {HTML} at (0,0) size 800x600
    RenderBody {BODY} at (8,8) size 784x584 [bgcolor=#CCCCCC]
      RenderBlock {P} at (0,0) size 784x19
        RenderText {#text} at (0,0) size 355x19
          text run at (0,0) width 355: "The style declarations which apply to the text below are:"
      RenderBlock {PRE} at (0,35) size 784x45
        RenderText {#text} at (0,0) size 408x45
          text run at (0,0) width 408: ".one {border-top-width: 25px; border-style: solid;}"
          text run at (408,0) width 0: " "
          text run at (0,15) width 408: ".two {border-top-width: thin; border-style: solid;}"
          text run at (408,15) width 0: " "
          text run at (0,30) width 256: ".three {border-top-width: 25px;}"
          text run at (256,30) width 0: " "
      RenderBlock {HR} at (0,93) size 784x2 [border: (1px inset #000000)]
      RenderBlock {P} at (0,111) size 784x85 [border: (25px solid #000000) (3px solid #000000)]
        RenderText {#text} at (3,25) size 172x19
          text run at (3,25) width 172: "This element has a class of "
        RenderInline {TT} at (0,0) size 24x15
          RenderText {#text} at (175,29) size 24x15
            text run at (175,29) width 24: "one"
        RenderText {#text} at (199,25) size 162x19
          text run at (199,25) width 8: ". "
          text run at (207,25) width 154: "However, it contains an "
        RenderInline {SPAN} at (0,0) size 173x23 [border: (1px solid #000000) (3px solid #000000)]
          RenderText {#text} at (364,25) size 143x19
            text run at (364,25) width 143: "inline element of class "
          RenderInline {TT} at (0,0) size 24x15
            RenderText {#text} at (507,29) size 24x15
              text run at (507,29) width 24: "two"
        RenderText {#text} at (534,25) size 772x57
          text run at (534,25) width 220: ", which should result in a thin solid"
          text run at (3,44) width 692: "border on the top side of each box in the inline element (and the UA's default border on the other three sides). "
          text run at (695,44) width 80: "There is also"
          text run at (3,63) width 19: "an "
        RenderInline {SPAN} at (0,0) size 183x19
          RenderText {#text} at (22,63) size 143x19
            text run at (22,63) width 143: "inline element of class "
          RenderInline {TT} at (0,0) size 40x15
            RenderText {#text} at (165,67) size 40x15
              text run at (165,67) width 40: "three"
        RenderText {#text} at (205,63) size 569x19
          text run at (205,63) width 569: ", which should have no top border width or visible border because no border style was set."
      RenderTable {TABLE} at (0,212) size 784x141 [border: (1px outset #808080)]
        RenderTableSection {TBODY} at (1,1) size 782x139
          RenderTableRow {TR} at (0,0) size 782x27
            RenderTableCell {TD} at (0,0) size 782x27 [bgcolor=#C0C0C0] [border: (1px inset #808080)] [r=0 c=0 rs=1 cs=2]
              RenderInline {STRONG} at (0,0) size 163x19
                RenderText {#text} at (4,4) size 163x19
                  text run at (4,4) width 163: "TABLE Testing Section"
          RenderTableRow {TR} at (0,27) size 782x112
            RenderTableCell {TD} at (0,69) size 12x27 [bgcolor=#C0C0C0] [border: (1px inset #808080)] [r=1 c=0 rs=1 cs=1]
              RenderText {#text} at (4,4) size 4x19
                text run at (4,4) width 4: " "
            RenderTableCell {TD} at (12,27) size 770x112 [border: (1px inset #808080)] [r=1 c=1 rs=1 cs=1]
              RenderBlock {P} at (4,4) size 762x104 [border: (25px solid #000000) (3px solid #000000)]
                RenderText {#text} at (3,25) size 172x19
                  text run at (3,25) width 172: "This element has a class of "
                RenderInline {TT} at (0,0) size 24x15
                  RenderText {#text} at (175,29) size 24x15
                    text run at (175,29) width 24: "one"
                RenderText {#text} at (199,25) size 162x19
                  text run at (199,25) width 8: ". "
                  text run at (207,25) width 154: "However, it contains an "
                RenderInline {SPAN} at (0,0) size 173x23 [border: (1px solid #000000) (3px solid #000000)]
                  RenderText {#text} at (364,25) size 143x19
                    text run at (364,25) width 143: "inline element of class "
                  RenderInline {TT} at (0,0) size 24x15
                    RenderText {#text} at (507,29) size 24x15
                      text run at (507,29) width 24: "two"
                RenderText {#text} at (534,25) size 751x57
                  text run at (534,25) width 220: ", which should result in a thin solid"
                  text run at (3,44) width 692: "border on the top side of each box in the inline element (and the UA's default border on the other three sides). "
                  text run at (695,44) width 51: "There is"
                  text run at (3,63) width 48: "also an "
                RenderInline {SPAN} at (0,0) size 183x19
                  RenderText {#text} at (51,63) size 143x19
                    text run at (51,63) width 143: "inline element of class "
                  RenderInline {TT} at (0,0) size 40x15
                    RenderText {#text} at (194,67) size 40x15
                      text run at (194,67) width 40: "three"
                RenderText {#text} at (234,63) size 746x38
                  text run at (234,63) width 515: ", which should have no top border width or visible border because no border style"
                  text run at (3,82) width 50: "was set."
