layer at (0,0) size 785x1430
  RenderView at (0,0) size 785x600
layer at (0,0) size 785x1430
  RenderBlock {HTML} at (0,0) size 785x1430
    RenderBody {BODY} at (8,8) size 769x1414 [bgcolor=#CCCCCC]
      RenderBlock {P} at (0,0) size 769x19
        RenderText {#text} at (0,0) size 355x19
          text run at (0,0) width 355: "The style declarations which apply to the text below are:"
      RenderBlock {PRE} at (0,35) size 769x135
        RenderText {#text} at (0,0) size 272x135
          text run at (0,0) width 272: ".one {border: medium black solid;}"
          text run at (272,0) width 0: " "
          text run at (0,15) width 264: ".two {border: thin maroon ridge;}"
          text run at (264,15) width 0: " "
          text run at (0,30) width 272: ".three {border: 10px teal outset;}"
          text run at (272,30) width 0: " "
          text run at (0,45) width 264: ".four {border: 10px olive inset;}"
          text run at (264,45) width 0: " "
          text run at (0,60) width 224: ".five {border: 10px maroon;}"
          text run at (224,60) width 0: " "
          text run at (0,75) width 232: ".six {border: maroon double;}"
          text run at (232,75) width 0: " "
          text run at (0,90) width 256: ".seven {border: left red solid;}"
          text run at (256,90) width 0: " "
          text run at (0,105) width 168: ".eight {border: 0px;}"
          text run at (168,105) width 0: " "
          text run at (0,120) width 232: "TD {border: 2px solid green;}"
          text run at (232,120) width 0: " "
      RenderBlock {HR} at (0,183) size 769x2 [border: (1px inset #000000)]
      RenderBlock {P} at (0,201) size 769x38
        RenderText {#text} at (0,0) size 748x38
          text run at (0,0) width 627: "Note that all table cells on this page should have a two-pixel solid green border along all four sides. "
          text run at (627,0) width 121: "This border applies"
          text run at (0,19) width 317: "only to the cells, not the rows which contain them."
      RenderBlock {P} at (0,255) size 769x25 [border: (3px solid #000000)]
        RenderText {#text} at (3,3) size 483x19
          text run at (3,3) width 483: "This paragraph should have a medium black solid border all the way around."
      RenderBlock {P} at (0,296) size 769x21 [border: (1px ridge #800000)]
        RenderText {#text} at (1,1) size 480x19
          text run at (1,1) width 480: "This paragraph should have a thin maroon ridged border all the way around."
      RenderBlock {P} at (0,333) size 769x39 [border: (10px outset #008080)]
        RenderText {#text} at (10,10) size 518x19
          text run at (10,10) width 518: "This paragraph should have a ten-pixel-wide teal outset border all the way around."
      RenderBlock {P} at (0,388) size 769x39 [border: (10px inset #808000)]
        RenderText {#text} at (10,10) size 519x19
          text run at (10,10) width 519: "This paragraph should have a ten-pixel-wide olive inset border all the way around."
      RenderBlock {P} at (0,443) size 769x19
        RenderText {#text} at (0,0) size 348x19
          text run at (0,0) width 348: "This paragraph should have no border around it, as the "
        RenderInline {TT} at (0,0) size 96x15
          RenderText {#text} at (348,4) size 96x15
            text run at (348,4) width 96: "border-style"
        RenderText {#text} at (444,0) size 323x19
          text run at (444,0) width 323: " was not set, and it should not be offset in any way."
      RenderBlock {P} at (0,478) size 769x44 [border: (3px double #800000)]
        RenderText {#text} at (3,3) size 535x19
          text run at (3,3) width 535: "This paragraph should have a medium maroon double border around it, even though "
        RenderInline {CODE} at (0,0) size 96x15
          RenderText {#text} at (538,7) size 96x15
            text run at (538,7) width 96: "border-width"
        RenderText {#text} at (634,3) size 746x38
          text run at (634,3) width 115: " was not explicitly"
          text run at (3,22) width 21: "set."
      RenderBlock {P} at (0,538) size 769x19
        RenderText {#text} at (0,0) size 621x19
          text run at (0,0) width 621: "This paragraph should have no border around it, as its declaration is invalid and should be ignored."
      RenderBlock {P} at (0,573) size 769x19
        RenderInline {A} at (0,0) size 25x19
          RenderText {#text} at (0,0) size 25x19
            text run at (0,0) width 25: "The"
        RenderText {#text} at (25,0) size 715x19
          text run at (25,0) width 715: " following image is also an anchor which points to a target on this page, but it should not have a border around it: "
        RenderInline {A} at (0,0) size 15x19 [color=#0000FF]
          RenderImage {IMG} at (740,0) size 15x15
        RenderText {#text} at (755,0) size 4x19
          text run at (755,0) width 4: "."
      RenderTable {TABLE} at (0,608) size 769x117 [border: (1px outset #808080)]
        RenderTableSection {TBODY} at (1,1) size 767x115
          RenderTableRow {TR} at (0,5) size 767x44
            RenderTableCell {TD} at (5,5) size 757x44 [border: (2px solid #008000)] [r=0 c=0 rs=1 cs=2]
              RenderText {#text} at (3,3) size 711x38
                text run at (3,3) width 405: "Every cell in this table should have a 2-pixel solid green border. "
                text run at (408,3) width 306: "This is also true of the table-testing section in the"
                text run at (3,22) width 175: "second half of the test page."
          RenderTableRow {TR} at (0,54) size 767x56
            RenderTableCell {TD} at (5,69) size 194x25 [border: (2px solid #008000)] [r=1 c=0 rs=1 cs=1]
              RenderText {#text} at (3,3) size 53x19
                text run at (3,3) width 53: "Cell one"
            RenderTableCell {TD} at (204,54) size 558x56 [border: (2px solid #008000)] [r=1 c=1 rs=1 cs=1]
              RenderBlock (anonymous) at (3,3) size 552x19
                RenderText {#text} at (0,0) size 54x19
                  text run at (0,0) width 54: "Cell two"
              RenderTable {TABLE} at (3,22) size 163x31 [border: (1px outset #808080)]
                RenderTableSection {TBODY} at (1,1) size 161x29
                  RenderTableRow {TR} at (0,2) size 161x25
                    RenderTableCell {TD} at (2,2) size 157x25 [border: (2px solid #008000)] [r=0 c=0 rs=1 cs=1]
                      RenderText {#text} at (3,3) size 151x19
                        text run at (3,3) width 151: "Nested single-cell table!"
      RenderBlock {P} at (0,741) size 769x19
        RenderText {#text} at (0,0) size 175x19
          text run at (0,0) width 175: "This is an unstyled element."
      RenderTable {TABLE} at (0,776) size 769x638 [border: (1px outset #808080)]
        RenderTableSection {TBODY} at (1,1) size 767x636
          RenderTableRow {TR} at (0,0) size 767x29
            RenderTableCell {TD} at (0,0) size 767x29 [bgcolor=#C0C0C0] [border: (2px solid #008000)] [r=0 c=0 rs=1 cs=2]
              RenderInline {STRONG} at (0,0) size 163x19
                RenderText {#text} at (5,5) size 163x19
                  text run at (5,5) width 163: "TABLE Testing Section"
          RenderTableRow {TR} at (0,29) size 767x607
            RenderTableCell {TD} at (0,318) size 14x29 [bgcolor=#C0C0C0] [border: (2px solid #008000)] [r=1 c=0 rs=1 cs=1]
              RenderText {#text} at (5,5) size 4x19
                text run at (5,5) width 4: " "
            RenderTableCell {TD} at (14,29) size 753x607 [border: (2px solid #008000)] [r=1 c=1 rs=1 cs=1]
              RenderBlock {P} at (5,5) size 743x38
                RenderText {#text} at (0,0) size 700x38
                  text run at (0,0) width 627: "Note that all table cells on this page should have a two-pixel solid green border along all four sides. "
                  text run at (627,0) width 73: "This border"
                  text run at (0,19) width 365: "applies only to the cells, not the rows which contain them."
              RenderBlock {P} at (5,59) size 743x25 [border: (3px solid #000000)]
                RenderText {#text} at (3,3) size 483x19
                  text run at (3,3) width 483: "This paragraph should have a medium black solid border all the way around."
              RenderBlock {P} at (5,100) size 743x21 [border: (1px ridge #800000)]
                RenderText {#text} at (1,1) size 480x19
                  text run at (1,1) width 480: "This paragraph should have a thin maroon ridged border all the way around."
              RenderBlock {P} at (5,137) size 743x39 [border: (10px outset #008080)]
                RenderText {#text} at (10,10) size 518x19
                  text run at (10,10) width 518: "This paragraph should have a ten-pixel-wide teal outset border all the way around."
              RenderBlock {P} at (5,192) size 743x39 [border: (10px inset #808000)]
                RenderText {#text} at (10,10) size 519x19
                  text run at (10,10) width 519: "This paragraph should have a ten-pixel-wide olive inset border all the way around."
              RenderBlock {P} at (5,247) size 743x38
                RenderText {#text} at (0,0) size 348x19
                  text run at (0,0) width 348: "This paragraph should have no border around it, as the "
                RenderInline {TT} at (0,0) size 96x15
                  RenderText {#text} at (348,4) size 96x15
                    text run at (348,4) width 96: "border-style"
                RenderText {#text} at (444,0) size 732x38
                  text run at (444,0) width 288: " was not set, and it should not be offset in any"
                  text run at (0,19) width 31: "way."
              RenderBlock {P} at (5,301) size 743x44 [border: (3px double #800000)]
                RenderText {#text} at (3,3) size 535x19
                  text run at (3,3) width 535: "This paragraph should have a medium maroon double border around it, even though "
                RenderInline {CODE} at (0,0) size 96x15
                  RenderText {#text} at (538,7) size 96x15
                    text run at (538,7) width 96: "border-width"
                RenderText {#text} at (634,3) size 684x38
                  text run at (634,3) width 53: " was not"
                  text run at (3,22) width 83: "explicitly set."
              RenderBlock {P} at (5,361) size 743x19
                RenderText {#text} at (0,0) size 621x19
                  text run at (0,0) width 621: "This paragraph should have no border around it, as its declaration is invalid and should be ignored."
              RenderBlock {P} at (5,396) size 743x38
                RenderInline {A} at (0,0) size 25x19
                  RenderText {#text} at (0,0) size 25x19
                    text run at (0,0) width 25: "The"
                RenderText {#text} at (25,0) size 715x19
                  text run at (25,0) width 715: " following image is also an anchor which points to a target on this page, but it should not have a border around it: "
                RenderInline {A} at (0,0) size 15x19 [color=#0000FF]
                  RenderImage {IMG} at (0,19) size 15x15
                RenderText {#text} at (15,19) size 4x19
                  text run at (15,19) width 4: "."
              RenderTable {TABLE} at (5,450) size 743x117 [border: (1px outset #808080)]
                RenderTableSection {TBODY} at (1,1) size 741x115
                  RenderTableRow {TR} at (0,5) size 741x44
                    RenderTableCell {TD} at (5,5) size 731x44 [border: (2px solid #008000)] [r=0 c=0 rs=1 cs=2]
                      RenderText {#text} at (3,3) size 711x38
                        text run at (3,3) width 405: "Every cell in this table should have a 2-pixel solid green border. "
                        text run at (408,3) width 306: "This is also true of the table-testing section in the"
                        text run at (3,22) width 175: "second half of the test page."
                  RenderTableRow {TR} at (0,54) size 741x56
                    RenderTableCell {TD} at (5,69) size 187x25 [border: (2px solid #008000)] [r=1 c=0 rs=1 cs=1]
                      RenderText {#text} at (3,3) size 53x19
                        text run at (3,3) width 53: "Cell one"
                    RenderTableCell {TD} at (197,54) size 539x56 [border: (2px solid #008000)] [r=1 c=1 rs=1 cs=1]
                      RenderBlock (anonymous) at (3,3) size 533x19
                        RenderText {#text} at (0,0) size 54x19
                          text run at (0,0) width 54: "Cell two"
                      RenderTable {TABLE} at (3,22) size 163x31 [border: (1px outset #808080)]
                        RenderTableSection {TBODY} at (1,1) size 161x29
                          RenderTableRow {TR} at (0,2) size 161x25
                            RenderTableCell {TD} at (2,2) size 157x25 [border: (2px solid #008000)] [r=0 c=0 rs=1 cs=1]
                              RenderText {#text} at (3,3) size 151x19
                                text run at (3,3) width 151: "Nested single-cell table!"
              RenderBlock {P} at (5,583) size 743x19
                RenderText {#text} at (0,0) size 175x19
                  text run at (0,0) width 175: "This is an unstyled element."
