layer at (0,0) size 785x919
  RenderView at (0,0) size 785x600
layer at (0,0) size 785x919
  RenderBlock {HTML} at (0,0) size 785x919
    RenderBody {BODY} at (8,8) size 769x903 [bgcolor=#CCCCCC]
      RenderBlock {P} at (0,0) size 769x19
        RenderText {#text} at (0,0) size 355x19
          text run at (0,0) width 355: "The style declarations which apply to the text below are:"
      RenderBlock {PRE} at (0,35) size 769x90
        RenderText {#text} at (0,0) size 408x90
          text run at (0,0) width 400: ".zero {background-color: silver; border-width: 0;}"
          text run at (400,0) width 0: " "
          text run at (0,15) width 376: ".one {border-width: 50px; border-style: solid;}"
          text run at (376,15) width 0: " "
          text run at (0,30) width 384: ".two {border-width: thick; border-style: solid;}"
          text run at (384,30) width 0: " "
          text run at (0,45) width 408: ".three {border-width: medium; border-style: solid;}"
          text run at (408,45) width 0: " "
          text run at (0,60) width 384: ".four {border-width: thin; border-style: solid;}"
          text run at (384,60) width 0: " "
          text run at (0,75) width 216: ".five {border-width: 25px;}"
          text run at (216,75) width 0: " "
      RenderBlock {HR} at (0,138) size 769x2 [border: (1px inset #000000)]
      RenderBlock {P} at (0,156) size 769x19
        RenderText {#text} at (0,0) size 157x19
          text run at (0,0) width 157: "(These will only work if "
        RenderInline {CODE} at (0,0) size 96x15
          RenderText {#text} at (157,4) size 96x15
            text run at (157,4) width 96: "border-style"
        RenderText {#text} at (253,0) size 89x19
          text run at (253,0) width 89: " is supported.)"
      RenderBlock {P} at (0,191) size 769x19 [bgcolor=#C0C0C0]
        RenderText {#text} at (0,0) size 203x19
          text run at (0,0) width 203: "This element has a class of zero."
      RenderBlock {P} at (0,226) size 769x119 [border: (50px solid #000000)]
        RenderText {#text} at (50,50) size 394x19
          text run at (50,50) width 394: "This element should have an overall border width of 50 pixels."
      RenderBlock {P} at (0,361) size 769x29 [border: (5px solid #000000)]
        RenderText {#text} at (5,5) size 343x19
          text run at (5,5) width 343: "This element should have a thick overall border width."
      RenderBlock {P} at (0,406) size 769x25 [border: (3px solid #000000)]
        RenderText {#text} at (3,3) size 363x19
          text run at (3,3) width 363: "This element should have a medium overall border width."
      RenderBlock {P} at (0,447) size 769x21 [border: (1px solid #000000)]
        RenderText {#text} at (1,1) size 336x19
          text run at (1,1) width 336: "This element should have a thin overall border width."
      RenderBlock {P} at (0,484) size 769x19
        RenderText {#text} at (0,0) size 498x19
          text run at (0,0) width 498: "This element should have no border and no extra \"padding\" on any side, as no "
        RenderInline {CODE} at (0,0) size 96x15
          RenderText {#text} at (498,4) size 96x15
            text run at (498,4) width 96: "border-style"
        RenderText {#text} at (594,0) size 54x19
          text run at (594,0) width 54: " was set."
      RenderTable {TABLE} at (0,519) size 670x384 [border: (1px outset #808080)]
        RenderTableSection {TBODY} at (1,1) size 668x382
          RenderTableRow {TR} at (0,0) size 668x27
            RenderTableCell {TD} at (0,0) size 668x27 [bgcolor=#C0C0C0] [border: (1px inset #808080)] [r=0 c=0 rs=1 cs=2]
              RenderInline {STRONG} at (0,0) size 163x19
                RenderText {#text} at (4,4) size 163x19
                  text run at (4,4) width 163: "TABLE Testing Section"
          RenderTableRow {TR} at (0,27) size 668x355
            RenderTableCell {TD} at (0,191) size 12x27 [bgcolor=#C0C0C0] [border: (1px inset #808080)] [r=1 c=0 rs=1 cs=1]
              RenderText {#text} at (4,4) size 4x19
                text run at (4,4) width 4: " "
            RenderTableCell {TD} at (12,27) size 656x355 [border: (1px inset #808080)] [r=1 c=1 rs=1 cs=1]
              RenderBlock {P} at (4,4) size 648x19
                RenderText {#text} at (0,0) size 157x19
                  text run at (0,0) width 157: "(These will only work if "
                RenderInline {CODE} at (0,0) size 96x15
                  RenderText {#text} at (157,4) size 96x15
                    text run at (157,4) width 96: "border-style"
                RenderText {#text} at (253,0) size 89x19
                  text run at (253,0) width 89: " is supported.)"
              RenderBlock {P} at (4,39) size 648x19 [bgcolor=#C0C0C0]
                RenderText {#text} at (0,0) size 203x19
                  text run at (0,0) width 203: "This element has a class of zero."
              RenderBlock {P} at (4,74) size 648x119 [border: (50px solid #000000)]
                RenderText {#text} at (50,50) size 394x19
                  text run at (50,50) width 394: "This element should have an overall border width of 50 pixels."
              RenderBlock {P} at (4,209) size 648x29 [border: (5px solid #000000)]
                RenderText {#text} at (5,5) size 343x19
                  text run at (5,5) width 343: "This element should have a thick overall border width."
              RenderBlock {P} at (4,254) size 648x25 [border: (3px solid #000000)]
                RenderText {#text} at (3,3) size 363x19
                  text run at (3,3) width 363: "This element should have a medium overall border width."
              RenderBlock {P} at (4,295) size 648x21 [border: (1px solid #000000)]
                RenderText {#text} at (1,1) size 336x19
                  text run at (1,1) width 336: "This element should have a thin overall border width."
              RenderBlock {P} at (4,332) size 648x19
                RenderText {#text} at (0,0) size 498x19
                  text run at (0,0) width 498: "This element should have no border and no extra \"padding\" on any side, as no "
                RenderInline {CODE} at (0,0) size 96x15
                  RenderText {#text} at (498,4) size 96x15
                    text run at (498,4) width 96: "border-style"
                RenderText {#text} at (594,0) size 54x19
                  text run at (594,0) width 54: " was set."
