layer at (0,0) size 785x981
  RenderView at (0,0) size 785x600
layer at (0,0) size 785x981
  RenderBlock {HTML} at (0,0) size 785x981
    RenderBody {BODY} at (8,8) size 769x965 [bgcolor=#CCCCCC]
      RenderBlock {P} at (0,0) size 769x19
        RenderText {#text} at (0,0) size 355x19
          text run at (0,0) width 355: "The style declarations which apply to the text below are:"
      RenderBlock {PRE} at (0,35) size 769x60
        RenderText {#text} at (0,0) size 168x60
          text run at (0,0) width 152: ".one {clear: left;}"
          text run at (152,0) width 0: " "
          text run at (0,15) width 160: ".two {clear: right;}"
          text run at (160,15) width 0: " "
          text run at (0,30) width 168: ".three {clear: both;}"
          text run at (168,30) width 0: " "
          text run at (0,45) width 160: ".four {clear: none;}"
          text run at (160,45) width 0: " "
      RenderBlock {HR} at (0,108) size 769x2 [border: (1px inset #000000)]
      RenderImage {IMG} at (0,118) size 15x50
      RenderBlock {P} at (0,126) size 769x19
        RenderText {#text} at (18,0) size 595x19
          text run at (18,0) width 595: "This text should be flowing past a tall orange rectangle on the left side of the browser window."
      RenderBlock (anonymous) at (0,161) size 769x19
        RenderBR {BR} at (18,0) size 0x19
        RenderImage {IMG} at (0,19) size 15x50
      RenderBlock {P} at (0,230) size 769x19
        RenderText {#text} at (0,0) size 649x19
          text run at (0,0) width 649: "This paragraph should appear below the tall orange rectangle above and to the left, and not flow past it."
      RenderBlock (anonymous) at (0,265) size 769x19
        RenderBR {BR} at (0,0) size 0x19
        RenderImage {IMG} at (754,19) size 15x50
      RenderBlock {P} at (0,334) size 769x19
        RenderText {#text} at (0,0) size 658x19
          text run at (0,0) width 658: "This paragraph should appear below the tall orange rectangle above and to the right, and not flow past it."
      RenderBlock (anonymous) at (0,369) size 769x19
        RenderBR {BR} at (0,0) size 0x19
        RenderImage {IMG} at (0,19) size 15x50
        RenderImage {IMG} at (754,19) size 15x50
      RenderBlock {P} at (0,438) size 769x19
        RenderText {#text} at (0,0) size 602x19
          text run at (0,0) width 602: "This paragraph should appear below the two tall orange rectangles, and not flow between them."
      RenderImage {IMG} at (0,473) size 15x50
      RenderImage {IMG} at (754,473) size 15x50
      RenderBlock {P} at (0,473) size 769x19
        RenderText {#text} at (18,0) size 390x19
          text run at (18,0) width 390: "This paragraph should be between both tall orange rectangles."
      RenderBlock (anonymous) at (0,508) size 769x19
        RenderBR {BR} at (18,0) size 0x19
      RenderTable {TABLE} at (0,527) size 680x438 [border: (1px outset #808080)]
        RenderTableSection {TBODY} at (1,1) size 678x436
          RenderTableRow {TR} at (0,0) size 678x27
            RenderTableCell {TD} at (0,0) size 678x27 [bgcolor=#C0C0C0] [border: (1px inset #808080)] [r=0 c=0 rs=1 cs=2]
              RenderInline {STRONG} at (0,0) size 163x19
                RenderText {#text} at (4,4) size 163x19
                  text run at (4,4) width 163: "TABLE Testing Section"
          RenderTableRow {TR} at (0,27) size 678x409
            RenderTableCell {TD} at (0,218) size 12x27 [bgcolor=#C0C0C0] [border: (1px inset #808080)] [r=1 c=0 rs=1 cs=1]
              RenderText {#text} at (4,4) size 4x19
                text run at (4,4) width 4: " "
            RenderTableCell {TD} at (12,27) size 666x409 [border: (1px inset #808080)] [r=1 c=1 rs=1 cs=1]
              RenderImage {IMG} at (4,4) size 15x50
              RenderBlock {P} at (4,4) size 658x19
                RenderText {#text} at (18,0) size 595x19
                  text run at (18,0) width 595: "This text should be flowing past a tall orange rectangle on the left side of the browser window."
              RenderBlock (anonymous) at (4,39) size 658x19
                RenderBR {BR} at (18,0) size 0x19
                RenderImage {IMG} at (0,19) size 15x50
              RenderBlock {P} at (4,108) size 658x19
                RenderText {#text} at (0,0) size 649x19
                  text run at (0,0) width 649: "This paragraph should appear below the tall orange rectangle above and to the left, and not flow past it."
              RenderBlock (anonymous) at (4,143) size 658x19
                RenderBR {BR} at (0,0) size 0x19
                RenderImage {IMG} at (643,19) size 15x50
              RenderBlock {P} at (4,212) size 658x19
                RenderText {#text} at (0,0) size 658x19
                  text run at (0,0) width 658: "This paragraph should appear below the tall orange rectangle above and to the right, and not flow past it."
              RenderBlock (anonymous) at (4,247) size 658x19
                RenderBR {BR} at (0,0) size 0x19
                RenderImage {IMG} at (0,19) size 15x50
                RenderImage {IMG} at (643,19) size 15x50
              RenderBlock {P} at (4,316) size 658x19
                RenderText {#text} at (0,0) size 602x19
                  text run at (0,0) width 602: "This paragraph should appear below the two tall orange rectangles, and not flow between them."
              RenderImage {IMG} at (4,351) size 15x50
              RenderImage {IMG} at (647,351) size 15x50
              RenderBlock {P} at (4,351) size 658x19
                RenderText {#text} at (18,0) size 390x19
                  text run at (18,0) width 390: "This paragraph should be between both tall orange rectangles."
              RenderBlock (anonymous) at (4,386) size 658x19
                RenderBR {BR} at (18,0) size 0x19
