layer at (0,0) size 785x1038
  RenderView at (0,0) size 785x600
layer at (0,0) size 785x1038
  RenderBlock {HTML} at (0,0) size 785x1038
    RenderBody {BODY} at (8,8) size 769x1022 [bgcolor=#CCCCCC]
      RenderBlock {P} at (0,0) size 769x19
        RenderText {#text} at (0,0) size 355x19
          text run at (0,0) width 355: "The style declarations which apply to the text below are:"
      RenderBlock {PRE} at (0,35) size 769x90
        RenderText {#text} at (0,0) size 408x90
          text run at (0,0) width 392: ".zero {background-color: silver; margin-left: 0;}"
          text run at (392,0) width 0: " "
          text run at (0,15) width 400: ".one {margin-left: 0.5in; background-color: aqua;}"
          text run at (400,15) width 0: " "
          text run at (0,30) width 392: ".two {margin-left: 25px; background-color: aqua;}"
          text run at (392,30) width 0: " "
          text run at (0,45) width 400: ".three {margin-left: 5em; background-color: aqua;}"
          text run at (400,45) width 0: " "
          text run at (0,60) width 392: ".four {margin-left: 25%; background-color: aqua;}"
          text run at (392,60) width 0: " "
          text run at (0,75) width 408: ".five {margin-left: -10px; background-color: aqua;}"
          text run at (408,75) width 0: " "
      RenderBlock {HR} at (0,138) size 769x2 [border: (1px inset #000000)]
      RenderBlock {P} at (0,156) size 769x19 [bgcolor=#C0C0C0]
        RenderText {#text} at (0,0) size 203x19
          text run at (0,0) width 203: "This element has a class of zero."
      RenderBlock {P} at (48,191) size 721x19 [bgcolor=#00FFFF]
        RenderText {#text} at (0,0) size 348x19
          text run at (0,0) width 348: "This sentence should have a left margin of half an inch."
      RenderBlock {P} at (25,226) size 744x19 [bgcolor=#00FFFF]
        RenderText {#text} at (0,0) size 331x19
          text run at (0,0) width 331: "This sentence should have a left margin of 25 pixels."
      RenderBlock {P} at (80,261) size 689x19 [bgcolor=#00FFFF]
        RenderText {#text} at (0,0) size 305x19
          text run at (0,0) width 305: "This sentence should have a left margin of 5 em."
      RenderBlock {P} at (192,296) size 577x38 [bgcolor=#00FFFF]
        RenderText {#text} at (0,0) size 546x38
          text run at (0,0) width 546: "This sentence should have a left margin of 25%, which is calculated with respect to the"
          text run at (0,19) width 176: "width of the parent element."
      RenderBlock {UL} at (25,350) size 744x95 [bgcolor=#808080]
        RenderListItem {LI} at (40,0) size 704x19
          RenderListMarker at (-18,0) size 7x19: bullet
          RenderText {#text} at (0,0) size 686x19
            text run at (0,0) width 686: "The left margin on this unordered list has been set to 25 pixels, and its background color has been set to gray."
        RenderListItem {LI} at (65,19) size 679x57 [bgcolor=#FFFFFF]
          RenderListMarker at (-18,0) size 7x19: bullet
          RenderText {#text} at (0,0) size 668x57
            text run at (0,0) width 656: "Another list item might not be such a bad idea, either, considering that such things do need to be double-"
            text run at (0,19) width 60: "checked. "
            text run at (60,19) width 608: "This list item has its left margin also set to 25 pixels, which should combine with the list's margin"
            text run at (0,38) width 479: "to make 50 pixels of margin, and its background color has been set to white."
        RenderListItem {LI} at (40,76) size 704x19
          RenderListMarker at (-18,0) size 7x19: bullet
          RenderText {#text} at (0,0) size 179x19
            text run at (0,0) width 179: "This is an unclassed list item"
      RenderBlock {P} at (0,461) size 769x19 [bgcolor=#C0C0C0]
        RenderText {#text} at (0,0) size 203x19
          text run at (0,0) width 203: "This element has a class of zero."
      RenderBlock {P} at (-10,496) size 779x57 [bgcolor=#00FFFF]
        RenderText {#text} at (0,0) size 778x57
          text run at (0,0) width 758: "This paragraph has a left margin of -10px, which should cause it to be wider than it might otherwise be, and it has a light"
          text run at (0,19) width 114: "blue background. "
          text run at (114,19) width 386: "In all other respects, however, the element should be normal. "
          text run at (500,19) width 278: "No styles have been applied to it besides the"
          text run at (0,38) width 294: "negative left margin and the background color."
      RenderTable {TABLE} at (0,569) size 769x453 [border: (1px outset #808080)]
        RenderTableSection {TBODY} at (1,1) size 767x451
          RenderTableRow {TR} at (0,0) size 767x27
            RenderTableCell {TD} at (0,0) size 767x27 [bgcolor=#C0C0C0] [border: (1px inset #808080)] [r=0 c=0 rs=1 cs=2]
              RenderInline {STRONG} at (0,0) size 163x19
                RenderText {#text} at (4,4) size 163x19
                  text run at (4,4) width 163: "TABLE Testing Section"
          RenderTableRow {TR} at (0,27) size 767x424
            RenderTableCell {TD} at (0,225) size 12x27 [bgcolor=#C0C0C0] [border: (1px inset #808080)] [r=1 c=0 rs=1 cs=1]
              RenderText {#text} at (4,4) size 4x19
                text run at (4,4) width 4: " "
            RenderTableCell {TD} at (12,27) size 755x424 [border: (1px inset #808080)] [r=1 c=1 rs=1 cs=1]
              RenderBlock {P} at (4,4) size 747x19 [bgcolor=#C0C0C0]
                RenderText {#text} at (0,0) size 203x19
                  text run at (0,0) width 203: "This element has a class of zero."
              RenderBlock {P} at (52,39) size 699x19 [bgcolor=#00FFFF]
                RenderText {#text} at (0,0) size 348x19
                  text run at (0,0) width 348: "This sentence should have a left margin of half an inch."
              RenderBlock {P} at (29,74) size 722x19 [bgcolor=#00FFFF]
                RenderText {#text} at (0,0) size 331x19
                  text run at (0,0) width 331: "This sentence should have a left margin of 25 pixels."
              RenderBlock {P} at (84,109) size 667x19 [bgcolor=#00FFFF]
                RenderText {#text} at (0,0) size 305x19
                  text run at (0,0) width 305: "This sentence should have a left margin of 5 em."
              RenderBlock {P} at (190,144) size 561x38 [bgcolor=#00FFFF]
                RenderText {#text} at (0,0) size 546x38
                  text run at (0,0) width 546: "This sentence should have a left margin of 25%, which is calculated with respect to the"
                  text run at (0,19) width 176: "width of the parent element."
              RenderBlock {UL} at (29,198) size 722x114 [bgcolor=#808080]
                RenderListItem {LI} at (40,0) size 682x38
                  RenderListMarker at (-18,0) size 7x19: bullet
                  RenderText {#text} at (0,0) size 650x38
                    text run at (0,0) width 650: "The left margin on this unordered list has been set to 25 pixels, and its background color has been set to"
                    text run at (0,19) width 32: "gray."
                RenderListItem {LI} at (65,38) size 657x57 [bgcolor=#FFFFFF]
                  RenderListMarker at (-18,0) size 7x19: bullet
                  RenderText {#text} at (0,0) size 656x57
                    text run at (0,0) width 656: "Another list item might not be such a bad idea, either, considering that such things do need to be double-"
                    text run at (0,19) width 60: "checked. "
                    text run at (60,19) width 560: "This list item has its left margin also set to 25 pixels, which should combine with the list's"
                    text run at (0,38) width 527: "margin to make 50 pixels of margin, and its background color has been set to white."
                RenderListItem {LI} at (40,95) size 682x19
                  RenderListMarker at (-18,0) size 7x19: bullet
                  RenderText {#text} at (0,0) size 179x19
                    text run at (0,0) width 179: "This is an unclassed list item"
              RenderBlock {P} at (4,328) size 747x19 [bgcolor=#C0C0C0]
                RenderText {#text} at (0,0) size 203x19
                  text run at (0,0) width 203: "This element has a class of zero."
              RenderBlock {P} at (-6,363) size 757x57 [bgcolor=#00FFFF]
                RenderText {#text} at (0,0) size 737x57
                  text run at (0,0) width 726: "This paragraph has a left margin of -10px, which should cause it to be wider than it might otherwise be, and it has a"
                  text run at (0,19) width 146: "light blue background. "
                  text run at (146,19) width 386: "In all other respects, however, the element should be normal. "
                  text run at (532,19) width 205: "No styles have been applied to it"
                  text run at (0,38) width 367: "besides the negative left margin and the background color."
