layer at (0,0) size 787x1038
  RenderView at (0,0) size 785x585
layer at (0,0) size 785x1038
  RenderBlock {HTML} at (0,0) size 785x1038
    RenderBody {BODY} at (8,8) size 769x1022 [bgcolor=#CCCCCC]
      RenderBlock {P} at (0,0) size 769x19
        RenderText {#text} at (0,0) size 355x19
          text run at (0,0) width 355: "The style declarations which apply to the text below are:"
      RenderBlock {PRE} at (0,35) size 769x90
        RenderText {#text} at (0,0) size 560x90
          text run at (0,0) width 552: ".zero {background-color: silver; margin-right: 0; text-align: right;}"
          text run at (552,0) width 0: " "
          text run at (0,15) width 560: ".one {margin-right: 0.5in; text-align: right; background-color: aqua;}"
          text run at (560,15) width 0: " "
          text run at (0,30) width 552: ".two {margin-right: 25px; text-align: right; background-color: aqua;}"
          text run at (552,30) width 0: " "
          text run at (0,45) width 560: ".three {margin-right: 5em; text-align: right; background-color: aqua;}"
          text run at (560,45) width 0: " "
          text run at (0,60) width 552: ".four {margin-right: 25%; text-align: right; background-color: aqua;}"
          text run at (552,60) width 0: " "
          text run at (0,75) width 416: ".five {margin-right: -10px; background-color: aqua;}"
          text run at (416,75) width 0: " "
      RenderBlock {HR} at (0,138) size 769x2 [border: (1px inset #000000)]
      RenderBlock {P} at (0,156) size 769x19 [bgcolor=#C0C0C0]
        RenderText {#text} at (566,0) size 203x19
          text run at (566,0) width 203: "This element has a class of zero."
      RenderBlock {P} at (0,191) size 721x19 [bgcolor=#00FFFF]
        RenderText {#text} at (364,0) size 357x19
          text run at (364,0) width 357: "This sentence should have a right margin of half an inch."
      RenderBlock {P} at (0,226) size 744x19 [bgcolor=#00FFFF]
        RenderText {#text} at (404,0) size 340x19
          text run at (404,0) width 340: "This sentence should have a right margin of 25 pixels."
      RenderBlock {P} at (0,261) size 689x19 [bgcolor=#00FFFF]
        RenderText {#text} at (375,0) size 314x19
          text run at (375,0) width 314: "This sentence should have a right margin of 5 em."
      RenderBlock {P} at (0,296) size 577x38 [bgcolor=#00FFFF]
        RenderText {#text} at (22,0) size 555x38
          text run at (22,0) width 555: "This sentence should have a right margin of 25%, which is calculated with respect to the"
          text run at (401,19) width 176: "width of the parent element."
      RenderBlock {UL} at (0,350) size 744x95 [bgcolor=#808080]
        RenderListItem {LI} at (40,0) size 704x19
          RenderListMarker at (-18,0) size 7x19: bullet
          RenderText {#text} at (4,0) size 700x19
            text run at (4,0) width 700: "The right margin on this unordered list has been set to 25 pixels, and the background color has been set to gray."
        RenderListItem {LI} at (40,19) size 679x57 [bgcolor=#FFFFFF]
          RenderListMarker at (-18,0) size 7x19: bullet
          RenderText {#text} at (23,0) size 677x57
            text run at (23,0) width 656: "Another list item might not be such a bad idea, either, considering that such things do need to be double-"
            text run at (2,19) width 60: "checked. "
            text run at (62,19) width 617: "This list item has its right margin also set to 25 pixels, which should combine with the list's margin"
            text run at (199,38) width 480: "to make 50 pixels of margin, and its background-color has been set to white."
        RenderListItem {LI} at (40,76) size 704x19
          RenderListMarker at (-18,0) size 7x19: bullet
          RenderText {#text} at (525,0) size 179x19
            text run at (525,0) width 179: "This is an unclassed list item"
      RenderBlock {P} at (0,461) size 769x19 [bgcolor=#C0C0C0]
        RenderText {#text} at (566,0) size 203x19
          text run at (566,0) width 203: "This element has a class of zero."
      RenderBlock {P} at (0,496) size 779x57 [bgcolor=#00FFFF]
        RenderText {#text} at (0,0) size 778x57
          text run at (0,0) width 767: "This paragraph has a right margin of -10px, which should cause it to be wider than it might otherwise be, and it has a light"
          text run at (0,19) width 114: "blue background. "
          text run at (114,19) width 386: "In all other respects, however, the element should be normal. "
          text run at (500,19) width 278: "No styles have been applied to it besides the"
          text run at (0,38) width 303: "negative right margin and the background color."
      RenderTable {TABLE} at (0,569) size 769x453 [border: (1px outset #808080)]
        RenderTableSection {TBODY} at (1,1) size 767x451
          RenderTableRow {TR} at (0,0) size 767x27
            RenderTableCell {TD} at (0,0) size 767x27 [bgcolor=#C0C0C0] [border: (1px inset #808080)] [r=0 c=0 rs=1 cs=2]
              RenderInline {STRONG} at (0,0) size 163x19
                RenderText {#text} at (4,4) size 163x19
                  text run at (4,4) width 163: "TABLE Testing Section"
          RenderTableRow {TR} at (0,27) size 767x424
            RenderTableCell {TD} at (0,225) size 12x27 [bgcolor=#C0C0C0] [border: (1px inset #808080)] [r=1 c=0 rs=1 cs=1]
              RenderText {#text} at (4,4) size 4x19
                text run at (4,4) width 4: " "
            RenderTableCell {TD} at (12,27) size 755x424 [border: (1px inset #808080)] [r=1 c=1 rs=1 cs=1]
              RenderBlock {P} at (4,4) size 747x19 [bgcolor=#C0C0C0]
                RenderText {#text} at (544,0) size 203x19
                  text run at (544,0) width 203: "This element has a class of zero."
              RenderBlock {P} at (4,39) size 699x19 [bgcolor=#00FFFF]
                RenderText {#text} at (342,0) size 357x19
                  text run at (342,0) width 357: "This sentence should have a right margin of half an inch."
              RenderBlock {P} at (4,74) size 722x19 [bgcolor=#00FFFF]
                RenderText {#text} at (382,0) size 340x19
                  text run at (382,0) width 340: "This sentence should have a right margin of 25 pixels."
              RenderBlock {P} at (4,109) size 667x19 [bgcolor=#00FFFF]
                RenderText {#text} at (353,0) size 314x19
                  text run at (353,0) width 314: "This sentence should have a right margin of 5 em."
              RenderBlock {P} at (4,144) size 561x38 [bgcolor=#00FFFF]
                RenderText {#text} at (6,0) size 555x38
                  text run at (6,0) width 555: "This sentence should have a right margin of 25%, which is calculated with respect to the"
                  text run at (385,19) width 176: "width of the parent element."
              RenderBlock {UL} at (4,198) size 722x114 [bgcolor=#808080]
                RenderListItem {LI} at (40,0) size 682x38
                  RenderListMarker at (-18,0) size 7x19: bullet
                  RenderText {#text} at (18,0) size 664x38
                    text run at (18,0) width 664: "The right margin on this unordered list has been set to 25 pixels, and the background color has been set to"
                    text run at (650,19) width 32: "gray."
                RenderListItem {LI} at (40,38) size 657x57 [bgcolor=#FFFFFF]
                  RenderListMarker at (-18,0) size 7x19: bullet
                  RenderText {#text} at (1,0) size 656x57
                    text run at (1,0) width 656: "Another list item might not be such a bad idea, either, considering that such things do need to be double-"
                    text run at (28,19) width 60: "checked. "
                    text run at (88,19) width 569: "This list item has its right margin also set to 25 pixels, which should combine with the list's"
                    text run at (129,38) width 528: "margin to make 50 pixels of margin, and its background-color has been set to white."
                RenderListItem {LI} at (40,95) size 682x19
                  RenderListMarker at (-18,0) size 7x19: bullet
                  RenderText {#text} at (503,0) size 179x19
                    text run at (503,0) width 179: "This is an unclassed list item"
              RenderBlock {P} at (4,328) size 747x19 [bgcolor=#C0C0C0]
                RenderText {#text} at (544,0) size 203x19
                  text run at (544,0) width 203: "This element has a class of zero."
              RenderBlock {P} at (4,363) size 757x57 [bgcolor=#00FFFF]
                RenderText {#text} at (0,0) size 737x57
                  text run at (0,0) width 735: "This paragraph has a right margin of -10px, which should cause it to be wider than it might otherwise be, and it has a"
                  text run at (0,19) width 146: "light blue background. "
                  text run at (146,19) width 386: "In all other respects, however, the element should be normal. "
                  text run at (532,19) width 205: "No styles have been applied to it"
                  text run at (0,38) width 376: "besides the negative right margin and the background color."
