layer at (0,0) size 787x2677
  RenderView at (0,0) size 785x585
layer at (0,0) size 785x2677
  RenderBlock {HTML} at (0,0) size 785x2677
    RenderBody {BODY} at (8,8) size 769x2661 [bgcolor=#CCCCCC]
      RenderBlock {P} at (0,0) size 769x19
        RenderText {#text} at (0,0) size 355x19
          text run at (0,0) width 355: "The style declarations which apply to the text below are:"
      RenderBlock {PRE} at (0,35) size 769x105
        RenderText {#text} at (0,0) size 360x105
          text run at (0,0) width 352: ".zero {background-color: silver; margin: 0;}"
          text run at (352,0) width 0: " "
          text run at (0,15) width 360: ".one {margin: 0.5in; background-color: aqua;}"
          text run at (360,15) width 0: " "
          text run at (0,30) width 352: ".two {margin: 25px; background-color: aqua;}"
          text run at (352,30) width 0: " "
          text run at (0,45) width 360: ".three {margin: 5em; background-color: aqua;}"
          text run at (360,45) width 0: " "
          text run at (0,60) width 352: ".four {margin: 25%; background-color: aqua;}"
          text run at (352,60) width 0: " "
          text run at (0,75) width 168: ".five {margin: 25px;}"
          text run at (168,75) width 0: " "
          text run at (0,90) width 360: ".six {margin: -10px; background-color: aqua;}"
          text run at (360,90) width 0: " "
      RenderBlock {HR} at (0,153) size 769x2 [border: (1px inset #000000)]
      RenderBlock {P} at (0,171) size 769x38
        RenderText {#text} at (0,0) size 738x38
          text run at (0,0) width 738: "NOTE: The following tests are separated by class-zero paragraphs, so as to prevent margin-collapsing as described in"
          text run at (0,19) width 248: "section 4.1.1 of the CSS1 specification."
      RenderBlock {P} at (0,225) size 769x19 [bgcolor=#C0C0C0]
        RenderText {#text} at (0,0) size 203x19
          text run at (0,0) width 203: "This element has a class of zero."
      RenderBlock {P} at (48,292) size 673x19 [bgcolor=#00FFFF]
        RenderText {#text} at (0,0) size 658x19
          text run at (0,0) width 658: "This sentence should have an overall margin of half an inch, which will require extra text in order to test."
      RenderBlock {P} at (0,359) size 769x19 [bgcolor=#C0C0C0]
        RenderText {#text} at (0,0) size 203x19
          text run at (0,0) width 203: "This element has a class of zero."
      RenderBlock {P} at (25,403) size 719x19 [bgcolor=#00FFFF]
        RenderText {#text} at (0,0) size 641x19
          text run at (0,0) width 641: "This sentence should have an overall margin of 25 pixels, which will require extra text in order to test."
      RenderBlock {P} at (0,447) size 769x19 [bgcolor=#C0C0C0]
        RenderText {#text} at (0,0) size 203x19
          text run at (0,0) width 203: "This element has a class of zero."
      RenderBlock {P} at (80,546) size 609x38 [bgcolor=#00FFFF]
        RenderText {#text} at (0,0) size 586x38
          text run at (0,0) width 586: "This sentence should have an overall margin of 5 em, which will require extra text in order to"
          text run at (0,19) width 25: "test."
      RenderBlock {P} at (0,664) size 769x19 [bgcolor=#C0C0C0]
        RenderText {#text} at (0,0) size 203x19
          text run at (0,0) width 203: "This element has a class of zero."
      RenderBlock {P} at (192,875) size 385x57 [bgcolor=#00FFFF]
        RenderText {#text} at (0,0) size 377x57
          text run at (0,0) width 377: "This sentence should have an overall margin of 25%, which"
          text run at (0,19) width 376: "is calculated with respect to the width of the parent element."
          text run at (0,38) width 264: "This will require extra text in order to test."
      RenderBlock {P} at (0,1124) size 769x19 [bgcolor=#C0C0C0]
        RenderText {#text} at (0,0) size 203x19
          text run at (0,0) width 203: "This element has a class of zero."
      RenderBlock {UL} at (25,1168) size 719x126 [bgcolor=#00FFFF]
        RenderListItem {LI} at (40,0) size 679x19
          RenderListMarker at (-18,0) size 7x19: bullet
          RenderText {#text} at (0,0) size 375x19
            text run at (0,0) width 375: "This list has a margin of 25px, and a light blue background."
        RenderListItem {LI} at (40,19) size 679x19
          RenderListMarker at (-18,0) size 7x19: bullet
          RenderText {#text} at (0,0) size 264x19
            text run at (0,0) width 264: "Therefore, it ought to have such a margin."
        RenderListItem {LI} at (65,63) size 629x19
          RenderListMarker at (-18,0) size 7x19: bullet
          RenderText {#text} at (0,0) size 543x19
            text run at (0,0) width 543: "This list item has a margin of 25px, which should cause it to be offset in some fashion."
        RenderListItem {LI} at (40,107) size 679x19
          RenderListMarker at (-18,0) size 7x19: bullet
          RenderText {#text} at (0,0) size 294x19
            text run at (0,0) width 294: "This list item has no special styles applied to it."
      RenderBlock {P} at (0,1319) size 769x19 [bgcolor=#C0C0C0]
        RenderText {#text} at (0,0) size 203x19
          text run at (0,0) width 203: "This element has a class of zero."
      RenderBlock {P} at (-10,1328) size 789x57 [bgcolor=#00FFFF]
        RenderText {#text} at (0,0) size 775x57
          text run at (0,0) width 758: "This paragraph has an overall margin of -10px, which should make it wider than usual as well as shift it upward and pull"
          text run at (0,19) width 369: "subsequent text up toward it, and a light blue background. "
          text run at (369,19) width 386: "In all other respects, however, the element should be normal. "
          text run at (755,19) width 20: "No"
          text run at (0,38) width 528: "styles have been applied to it besides the negative margin and the background color."
      RenderBlock {P} at (0,1375) size 769x19 [bgcolor=#C0C0C0]
        RenderText {#text} at (0,0) size 203x19
          text run at (0,0) width 203: "This element has a class of zero."
      RenderTable {TABLE} at (0,1394) size 769x1267 [border: (1px outset #808080)]
        RenderTableSection {TBODY} at (1,1) size 767x1265
          RenderTableRow {TR} at (0,0) size 767x27
            RenderTableCell {TD} at (0,0) size 767x27 [bgcolor=#C0C0C0] [border: (1px inset #808080)] [r=0 c=0 rs=1 cs=2]
              RenderInline {STRONG} at (0,0) size 163x19
                RenderText {#text} at (4,4) size 163x19
                  text run at (4,4) width 163: "TABLE Testing Section"
          RenderTableRow {TR} at (0,27) size 767x1238
            RenderTableCell {TD} at (0,632) size 12x27 [bgcolor=#C0C0C0] [border: (1px inset #808080)] [r=1 c=0 rs=1 cs=1]
              RenderText {#text} at (4,4) size 4x19
                text run at (4,4) width 4: " "
            RenderTableCell {TD} at (12,27) size 755x1238 [border: (1px inset #808080)] [r=1 c=1 rs=1 cs=1]
              RenderBlock {P} at (4,4) size 747x38
                RenderText {#text} at (0,0) size 738x38
                  text run at (0,0) width 738: "NOTE: The following tests are separated by class-zero paragraphs, so as to prevent margin-collapsing as described in"
                  text run at (0,19) width 248: "section 4.1.1 of the CSS1 specification."
              RenderBlock {P} at (4,58) size 747x19 [bgcolor=#C0C0C0]
                RenderText {#text} at (0,0) size 203x19
                  text run at (0,0) width 203: "This element has a class of zero."
              RenderBlock {P} at (52,125) size 651x38 [bgcolor=#00FFFF]
                RenderText {#text} at (0,0) size 629x38
                  text run at (0,0) width 629: "This sentence should have an overall margin of half an inch, which will require extra text in order to"
                  text run at (0,19) width 25: "test."
              RenderBlock {P} at (4,211) size 747x19 [bgcolor=#C0C0C0]
                RenderText {#text} at (0,0) size 203x19
                  text run at (0,0) width 203: "This element has a class of zero."
              RenderBlock {P} at (29,255) size 697x19 [bgcolor=#00FFFF]
                RenderText {#text} at (0,0) size 641x19
                  text run at (0,0) width 641: "This sentence should have an overall margin of 25 pixels, which will require extra text in order to test."
              RenderBlock {P} at (4,299) size 747x19 [bgcolor=#C0C0C0]
                RenderText {#text} at (0,0) size 203x19
                  text run at (0,0) width 203: "This element has a class of zero."
              RenderBlock {P} at (84,398) size 587x38 [bgcolor=#00FFFF]
                RenderText {#text} at (0,0) size 586x38
                  text run at (0,0) width 586: "This sentence should have an overall margin of 5 em, which will require extra text in order to"
                  text run at (0,19) width 25: "test."
              RenderBlock {P} at (4,516) size 747x19 [bgcolor=#C0C0C0]
                RenderText {#text} at (0,0) size 203x19
                  text run at (0,0) width 203: "This element has a class of zero."
              RenderBlock {P} at (190,721) size 375x57 [bgcolor=#00FFFF]
                RenderText {#text} at (0,0) size 362x57
                  text run at (0,0) width 334: "This sentence should have an overall margin of 25%,"
                  text run at (0,19) width 362: "which is calculated with respect to the width of the parent"
                  text run at (0,38) width 57: "element. "
                  text run at (57,38) width 264: "This will require extra text in order to test."
              RenderBlock {P} at (4,964) size 747x19 [bgcolor=#C0C0C0]
                RenderText {#text} at (0,0) size 203x19
                  text run at (0,0) width 203: "This element has a class of zero."
              RenderBlock {UL} at (29,1008) size 697x126 [bgcolor=#00FFFF]
                RenderListItem {LI} at (40,0) size 657x19
                  RenderListMarker at (-18,0) size 7x19: bullet
                  RenderText {#text} at (0,0) size 375x19
                    text run at (0,0) width 375: "This list has a margin of 25px, and a light blue background."
                RenderListItem {LI} at (40,19) size 657x19
                  RenderListMarker at (-18,0) size 7x19: bullet
                  RenderText {#text} at (0,0) size 264x19
                    text run at (0,0) width 264: "Therefore, it ought to have such a margin."
                RenderListItem {LI} at (65,63) size 607x19
                  RenderListMarker at (-18,0) size 7x19: bullet
                  RenderText {#text} at (0,0) size 543x19
                    text run at (0,0) width 543: "This list item has a margin of 25px, which should cause it to be offset in some fashion."
                RenderListItem {LI} at (40,107) size 657x19
                  RenderListMarker at (-18,0) size 7x19: bullet
                  RenderText {#text} at (0,0) size 294x19
                    text run at (0,0) width 294: "This list item has no special styles applied to it."
              RenderBlock {P} at (4,1159) size 747x19 [bgcolor=#C0C0C0]
                RenderText {#text} at (0,0) size 203x19
                  text run at (0,0) width 203: "This element has a class of zero."
              RenderBlock {P} at (-6,1168) size 767x57 [bgcolor=#00FFFF]
                RenderText {#text} at (0,0) size 758x57
                  text run at (0,0) width 758: "This paragraph has an overall margin of -10px, which should make it wider than usual as well as shift it upward and pull"
                  text run at (0,19) width 369: "subsequent text up toward it, and a light blue background. "
                  text run at (369,19) width 382: "In all other respects, however, the element should be normal."
                  text run at (0,38) width 552: "No styles have been applied to it besides the negative margin and the background color."
              RenderBlock {P} at (4,1215) size 747x19 [bgcolor=#C0C0C0]
                RenderText {#text} at (0,0) size 203x19
                  text run at (0,0) width 203: "This element has a class of zero."
