layer at (0,0) size 785x1676
  RenderView at (0,0) size 785x600
layer at (0,0) size 785x1676
  RenderBlock {HTML} at (0,0) size 785x1676
    RenderBody {BODY} at (8,8) size 769x1660 [bgcolor=#CCCCCC]
      RenderBlock {P} at (0,0) size 769x19
        RenderText {#text} at (0,0) size 355x19
          text run at (0,0) width 355: "The style declarations which apply to the text below are:"
      RenderBlock {PRE} at (0,32) size 769x120
        RenderText {#text} at (0,0) size 392x120
          text run at (0,0) width 384: ".zero {background-color: silver; margin-top: 0;}"
          text run at (384,0) width 0: " "
          text run at (0,15) width 392: ".one {margin-top: 0.5in; background-color: aqua;}"
          text run at (392,15) width 0: " "
          text run at (0,30) width 384: ".two {margin-top: 25px; background-color: aqua;}"
          text run at (384,30) width 0: " "
          text run at (0,45) width 392: ".three {margin-top: 5em; background-color: aqua;}"
          text run at (392,45) width 0: " "
          text run at (0,60) width 384: ".four {margin-top: 25%; background-color: aqua;}"
          text run at (384,60) width 0: " "
          text run at (0,75) width 200: ".five {margin-top: 25px;}"
          text run at (200,75) width 0: " "
          text run at (0,90) width 392: ".six {margin-top: -10px; background-color: aqua;}"
          text run at (392,90) width 0: " "
          text run at (0,105) width 200: "P, UL {margin-bottom: 0;}"
          text run at (200,105) width 0: " "
      RenderBlock {HR} at (0,165) size 769x2 [border: (1px inset #000000)]
      RenderBlock {P} at (0,175) size 769x19 [bgcolor=#C0C0C0]
        RenderText {#text} at (0,0) size 203x19
          text run at (0,0) width 203: "This element has a class of zero."
      RenderBlock {P} at (0,194) size 769x19 [bgcolor=#C0C0C0]
        RenderText {#text} at (0,0) size 232x19
          text run at (0,0) width 232: "This element also has a class of zero."
      RenderBlock {P} at (0,261) size 769x38 [bgcolor=#00FFFF]
        RenderText {#text} at (0,0) size 759x38
          text run at (0,0) width 759: "This element should have a top margin of half an inch, which will require extra text in order to make sure that the margin"
          text run at (0,19) width 155: "isn't applied to each line."
      RenderBlock {P} at (0,324) size 769x38 [bgcolor=#00FFFF]
        RenderText {#text} at (0,0) size 742x38
          text run at (0,0) width 742: "This element should have a top margin of 25 pixels, which will require extra text in order to make sure that the margin"
          text run at (0,19) width 155: "isn't applied to each line."
      RenderBlock {P} at (0,442) size 769x38 [bgcolor=#00FFFF]
        RenderText {#text} at (0,0) size 745x38
          text run at (0,0) width 745: "This element should have a top margin of 5 em, which will require extra text in order to make sure that the margin isn't"
          text run at (0,19) width 126: "applied to each line."
      RenderBlock {P} at (0,672) size 769x38 [bgcolor=#00FFFF]
        RenderText {#text} at (0,0) size 753x38
          text run at (0,0) width 725: "This element should have a top margin of 25%, which is calculated with respect to the width of the parent element. "
          text run at (725,0) width 28: "This"
          text run at (0,19) width 232: "will require extra text in order to test."
      RenderBlock {UL} at (0,735) size 769x101 [bgcolor=#00FFFF]
        RenderListItem {LI} at (40,0) size 729x19
          RenderListMarker at (-18,0) size 7x19: bullet
          RenderText {#text} at (0,0) size 400x19
            text run at (0,0) width 400: "This list has a margin-top of 25px, and a light blue background."
        RenderListItem {LI} at (40,19) size 729x19
          RenderListMarker at (-18,0) size 7x19: bullet
          RenderText {#text} at (0,0) size 264x19
            text run at (0,0) width 264: "Therefore, it ought to have such a margin."
        RenderListItem {LI} at (40,63) size 729x19
          RenderListMarker at (-18,0) size 7x19: bullet
          RenderText {#text} at (0,0) size 567x19
            text run at (0,0) width 567: "This list item has a top margin of 25px, which should cause it to be offset in some fashion."
        RenderListItem {LI} at (40,82) size 729x19
          RenderListMarker at (-18,0) size 7x19: bullet
          RenderText {#text} at (0,0) size 294x19
            text run at (0,0) width 294: "This list item has no special styles applied to it."
      RenderBlock {P} at (0,836) size 769x19 [bgcolor=#C0C0C0]
        RenderText {#text} at (0,0) size 203x19
          text run at (0,0) width 203: "This element has a class of zero."
      RenderBlock {P} at (0,845) size 769x57 [bgcolor=#00FFFF]
        RenderText {#text} at (0,0) size 766x57
          text run at (0,0) width 766: "This element has a top margin of -10px, which should cause it to be shifted \"upward\" on the page, and no bottom margin."
          text run at (0,19) width 488: "No other styles have been applied to it besides a light blue background color. "
          text run at (488,19) width 267: "In all other respects, the element should be"
          text run at (0,38) width 48: "normal."
      RenderTable {TABLE} at (0,902) size 769x758 [border: (1px outset #808080)]
        RenderTableSection {TBODY} at (1,1) size 767x756
          RenderTableRow {TR} at (0,0) size 767x27
            RenderTableCell {TD} at (0,0) size 767x27 [bgcolor=#C0C0C0] [border: (1px inset #808080)] [r=0 c=0 rs=1 cs=2]
              RenderInline {STRONG} at (0,0) size 163x19
                RenderText {#text} at (4,4) size 163x19
                  text run at (4,4) width 163: "TABLE Testing Section"
          RenderTableRow {TR} at (0,27) size 767x729
            RenderTableCell {TD} at (0,378) size 12x27 [bgcolor=#C0C0C0] [border: (1px inset #808080)] [r=1 c=0 rs=1 cs=1]
              RenderText {#text} at (4,4) size 4x19
                text run at (4,4) width 4: " "
            RenderTableCell {TD} at (12,27) size 755x729 [border: (1px inset #808080)] [r=1 c=1 rs=1 cs=1]
              RenderBlock {P} at (4,4) size 747x19 [bgcolor=#C0C0C0]
                RenderText {#text} at (0,0) size 203x19
                  text run at (0,0) width 203: "This element has a class of zero."
              RenderBlock {P} at (4,23) size 747x19 [bgcolor=#C0C0C0]
                RenderText {#text} at (0,0) size 232x19
                  text run at (0,0) width 232: "This element also has a class of zero."
              RenderBlock {P} at (4,90) size 747x38 [bgcolor=#00FFFF]
                RenderText {#text} at (0,0) size 711x38
                  text run at (0,0) width 711: "This element should have a top margin of half an inch, which will require extra text in order to make sure that the"
                  text run at (0,19) width 203: "margin isn't applied to each line."
              RenderBlock {P} at (4,153) size 747x38 [bgcolor=#00FFFF]
                RenderText {#text} at (0,0) size 742x38
                  text run at (0,0) width 742: "This element should have a top margin of 25 pixels, which will require extra text in order to make sure that the margin"
                  text run at (0,19) width 155: "isn't applied to each line."
              RenderBlock {P} at (4,271) size 747x38 [bgcolor=#00FFFF]
                RenderText {#text} at (0,0) size 745x38
                  text run at (0,0) width 745: "This element should have a top margin of 5 em, which will require extra text in order to make sure that the margin isn't"
                  text run at (0,19) width 126: "applied to each line."
              RenderBlock {P} at (4,495) size 747x38 [bgcolor=#00FFFF]
                RenderText {#text} at (0,0) size 721x38
                  text run at (0,0) width 721: "This element should have a top margin of 25%, which is calculated with respect to the width of the parent element."
                  text run at (0,19) width 264: "This will require extra text in order to test."
              RenderBlock {UL} at (4,558) size 747x101 [bgcolor=#00FFFF]
                RenderListItem {LI} at (40,0) size 707x19
                  RenderListMarker at (-18,0) size 7x19: bullet
                  RenderText {#text} at (0,0) size 400x19
                    text run at (0,0) width 400: "This list has a margin-top of 25px, and a light blue background."
                RenderListItem {LI} at (40,19) size 707x19
                  RenderListMarker at (-18,0) size 7x19: bullet
                  RenderText {#text} at (0,0) size 264x19
                    text run at (0,0) width 264: "Therefore, it ought to have such a margin."
                RenderListItem {LI} at (40,63) size 707x19
                  RenderListMarker at (-18,0) size 7x19: bullet
                  RenderText {#text} at (0,0) size 567x19
                    text run at (0,0) width 567: "This list item has a top margin of 25px, which should cause it to be offset in some fashion."
                RenderListItem {LI} at (40,82) size 707x19
                  RenderListMarker at (-18,0) size 7x19: bullet
                  RenderText {#text} at (0,0) size 294x19
                    text run at (0,0) width 294: "This list item has no special styles applied to it."
              RenderBlock {P} at (4,659) size 747x19 [bgcolor=#C0C0C0]
                RenderText {#text} at (0,0) size 203x19
                  text run at (0,0) width 203: "This element has a class of zero."
              RenderBlock {P} at (4,668) size 747x57 [bgcolor=#00FFFF]
                RenderText {#text} at (0,0) size 742x57
                  text run at (0,0) width 714: "This element has a top margin of -10px, which should cause it to be shifted \"upward\" on the page, and no bottom"
                  text run at (0,19) width 52: "margin. "
                  text run at (52,19) width 488: "No other styles have been applied to it besides a light blue background color. "
                  text run at (540,19) width 202: "In all other respects, the element"
                  text run at (0,38) width 113: "should be normal."
