layer at (0,0) size 785x757
  RenderView at (0,0) size 785x600
layer at (0,0) size 785x757
  RenderBlock {HTML} at (0,0) size 785x757
    RenderBody {BODY} at (8,8) size 769x741 [bgcolor=#CCCCCC]
      RenderBlock {P} at (0,0) size 769x18
        RenderText {#text} at (0,0) size 355x19
          text run at (0,0) width 355: "The style declarations which apply to the text below are:"
      RenderBlock {PRE} at (0,34) size 769x60
        RenderText {#text} at (0,0) size 368x60
          text run at (0,0) width 360: ".zero {background-color: silver; padding: 0;}"
          text run at (360,0) width 0: " "
          text run at (0,15) width 360: ".one {padding: 25px; background-color: aqua;}"
          text run at (360,15) width 0: " "
          text run at (0,30) width 368: ".two {padding: -10px; background-color: aqua;}"
          text run at (368,30) width 0: " "
          text run at (0,45) width 0: " "
      RenderBlock {HR} at (0,107) size 769x2 [border: (1px inset #000000)]
      RenderBlock {P} at (0,125) size 769x18 [bgcolor=#C0C0C0]
        RenderText {#text} at (0,0) size 203x19
          text run at (0,0) width 203: "This element has a class of zero."
      RenderBlock {P} at (0,159) size 769x109 [bgcolor=#808080]
        RenderText {#text} at (0,0) size 477x19
          text run at (0,0) width 389: "This element is unstyled save for a background color of gray. "
          text run at (389,0) width 88: "It contains an "
        RenderInline {SPAN} at (0,0) size 748x88 [bgcolor=#00FFFF]
          RenderText {#text} at (502,0) size 143x19
            text run at (502,0) width 143: "inline element of class "
          RenderInline {TT} at (0,0) size 24x15
            RenderText {#text} at (645,4) size 24x15
              text run at (645,4) width 24: "one"
          RenderText {#text} at (669,0) size 748x38
            text run at (669,0) width 79: ", giving it an"
            text run at (0,19) width 238: "aqua background and a 25px padding"
        RenderText {#text} at (263,19) size 765x91
          text run at (263,19) width 8: ". "
          text run at (271,19) width 489: "Padding on inline elements does not affect line-height calculations, so all lines"
          text run at (0,37) width 309: "in this element should have the same line-height. "
          text run at (309,37) width 410: "There may be implementation-specific limits on how much of the"
          text run at (0,55) width 431: "padding the user agent is able to display above and below each line. "
          text run at (431,55) width 334: "However, there should be at least 25px of padding to"
          text run at (0,73) width 753: "the left side of the inline box in the first line it appears, and 25px of padding to the right side of the inline element box in"
          text run at (0,91) width 182: "the last line where it appears."
      RenderBlock {P} at (0,284) size 769x18 [bgcolor=#C0C0C0]
        RenderText {#text} at (0,0) size 203x19
          text run at (0,0) width 203: "This element has a class of zero."
      RenderBlock {P} at (0,318) size 769x55 [bgcolor=#808080]
        RenderText {#text} at (0,0) size 477x19
          text run at (0,0) width 389: "This element is unstyled save for a background color of gray. "
          text run at (389,0) width 88: "It contains an "
        RenderInline {SPAN} at (0,0) size 757x38 [bgcolor=#00FFFF]
          RenderText {#text} at (477,0) size 143x19
            text run at (477,0) width 143: "inline element of class "
          RenderInline {TT} at (0,0) size 24x15
            RenderText {#text} at (620,4) size 24x15
              text run at (620,4) width 24: "two"
          RenderText {#text} at (644,0) size 757x38
            text run at (644,0) width 113: ", giving it an aqua"
            text run at (0,19) width 474: "background and no padding, since negative padding values are not allowed"
        RenderText {#text} at (474,19) size 748x37
          text run at (474,19) width 8: ". "
          text run at (482,19) width 266: "Padding on inline elements does not affect"
          text run at (0,37) width 528: "line-height calculations, so all lines in this element should have the same line-height."
      RenderBlock {P} at (0,389) size 769x18 [bgcolor=#C0C0C0]
        RenderText {#text} at (0,0) size 203x19
          text run at (0,0) width 203: "This element has a class of zero."
      RenderTable {TABLE} at (0,423) size 769x318 [border: (1px outset #808080)]
        RenderTableSection {TBODY} at (1,1) size 767x316
          RenderTableRow {TR} at (0,0) size 767x26
            RenderTableCell {TD} at (0,0) size 767x26 [bgcolor=#C0C0C0] [border: (1px inset #808080)] [r=0 c=0 rs=1 cs=2]
              RenderInline {STRONG} at (0,0) size 163x19
                RenderText {#text} at (4,4) size 163x19
                  text run at (4,4) width 163: "TABLE Testing Section"
          RenderTableRow {TR} at (0,26) size 767x290
            RenderTableCell {TD} at (0,158) size 12x26 [bgcolor=#C0C0C0] [border: (1px inset #808080)] [r=1 c=0 rs=1 cs=1]
              RenderText {#text} at (4,4) size 4x19
                text run at (4,4) width 4: " "
            RenderTableCell {TD} at (12,26) size 755x290 [border: (1px inset #808080)] [r=1 c=1 rs=1 cs=1]
              RenderBlock {P} at (4,4) size 747x18 [bgcolor=#C0C0C0]
                RenderText {#text} at (0,0) size 203x19
                  text run at (0,0) width 203: "This element has a class of zero."
              RenderBlock {P} at (4,38) size 747x109 [bgcolor=#808080]
                RenderText {#text} at (0,0) size 477x19
                  text run at (0,0) width 389: "This element is unstyled save for a background color of gray. "
                  text run at (389,0) width 88: "It contains an "
                RenderInline {SPAN} at (0,0) size 729x88 [bgcolor=#00FFFF]
                  RenderText {#text} at (502,0) size 143x19
                    text run at (502,0) width 143: "inline element of class "
                  RenderInline {TT} at (0,0) size 24x15
                    RenderText {#text} at (645,4) size 24x15
                      text run at (645,4) width 24: "one"
                  RenderText {#text} at (669,0) size 729x38
                    text run at (669,0) width 60: ", giving it"
                    text run at (0,19) width 257: "an aqua background and a 25px padding"
                RenderText {#text} at (282,19) size 746x91
                  text run at (282,19) width 8: ". "
                  text run at (290,19) width 456: "Padding on inline elements does not affect line-height calculations, so all"
                  text run at (0,37) width 342: "lines in this element should have the same line-height. "
                  text run at (342,37) width 387: "There may be implementation-specific limits on how much of"
                  text run at (0,55) width 454: "the padding the user agent is able to display above and below each line. "
                  text run at (454,55) width 263: "However, there should be at least 25px of"
                  text run at (0,73) width 727: "padding to the left side of the inline box in the first line it appears, and 25px of padding to the right side of the inline"
                  text run at (0,91) width 279: "element box in the last line where it appears."
              RenderBlock {P} at (4,163) size 747x18 [bgcolor=#C0C0C0]
                RenderText {#text} at (0,0) size 203x19
                  text run at (0,0) width 203: "This element has a class of zero."
              RenderBlock {P} at (4,197) size 747x55 [bgcolor=#808080]
                RenderText {#text} at (0,0) size 477x19
                  text run at (0,0) width 389: "This element is unstyled save for a background color of gray. "
                  text run at (389,0) width 88: "It contains an "
                RenderInline {SPAN} at (0,0) size 723x38 [bgcolor=#00FFFF]
                  RenderText {#text} at (477,0) size 143x19
                    text run at (477,0) width 143: "inline element of class "
                  RenderInline {TT} at (0,0) size 24x15
                    RenderText {#text} at (620,4) size 24x15
                      text run at (620,4) width 24: "two"
                  RenderText {#text} at (644,0) size 723x38
                    text run at (644,0) width 79: ", giving it an"
                    text run at (0,19) width 508: "aqua background and no padding, since negative padding values are not allowed"
                RenderText {#text} at (508,19) size 743x37
                  text run at (508,19) width 8: ". "
                  text run at (516,19) width 227: "Padding on inline elements does not"
                  text run at (0,37) width 567: "affect line-height calculations, so all lines in this element should have the same line-height."
              RenderBlock {P} at (4,268) size 747x18 [bgcolor=#C0C0C0]
                RenderText {#text} at (0,0) size 203x19
                  text run at (0,0) width 203: "This element has a class of zero."
