layer at (0,0) size 785x1196
  RenderView at (0,0) size 785x600
layer at (0,0) size 785x1196
  RenderBlock {HTML} at (0,0) size 785x1196
    RenderBody {BODY} at (8,8) size 769x1180 [bgcolor=#CCCCCC]
      RenderBlock {P} at (0,0) size 769x19
        RenderText {#text} at (0,0) size 355x19
          text run at (0,0) width 355: "The style declarations which apply to the text below are:"
      RenderBlock {PRE} at (0,35) size 769x90
        RenderText {#text} at (0,0) size 576x90
          text run at (0,0) width 408: ".zero {background-color: silver; padding-right: 0;}"
          text run at (408,0) width 0: " "
          text run at (0,15) width 568: ".one {padding-right: 0.5in; text-align: right; background-color: aqua;}"
          text run at (568,15) width 0: " "
          text run at (0,30) width 560: ".two {padding-right: 25px; text-align: right; background-color: aqua;}"
          text run at (560,30) width 0: " "
          text run at (0,45) width 568: ".three {padding-right: 5em; text-align: right; background-color: aqua;}"
          text run at (568,45) width 0: " "
          text run at (0,60) width 560: ".four {padding-right: 25%; text-align: right; background-color: aqua;}"
          text run at (560,60) width 0: " "
          text run at (0,75) width 576: ".five {padding-right: -20px; text-align: right; background-color: aqua;}"
          text run at (576,75) width 0: " "
      RenderBlock {HR} at (0,138) size 769x2 [border: (1px inset #000000)]
      RenderBlock {P} at (0,156) size 769x19 [bgcolor=#C0C0C0]
        RenderText {#text} at (0,0) size 203x19
          text run at (0,0) width 203: "This element has a class of zero."
      RenderBlock {P} at (0,191) size 769x57 [bgcolor=#00FFFF]
        RenderText {#text} at (25,0) size 712x57
          text run at (25,0) width 642: "This element should have a right padding of half an inch, which will require extra text in order to test. "
          text run at (667,0) width 54: "Both the"
          text run at (9,19) width 410: "content background and the padding should be aqua (light blue). "
          text run at (419,19) width 302: "The text has been right-aligned in order to make"
          text run at (530,38) width 191: "the right padding easier to see."
      RenderBlock {P} at (0,264) size 769x57 [bgcolor=#00FFFF]
        RenderText {#text} at (15,0) size 729x57
          text run at (15,0) width 625: "This element should have a right padding of 25 pixels, which will require extra text in order to test. "
          text run at (640,0) width 104: "Both the content"
          text run at (26,19) width 360: "background and the padding should be aqua (light blue). "
          text run at (386,19) width 358: "The text has been right-aligned in order to make the right"
          text run at (609,38) width 135: "padding easier to see."
      RenderBlock {P} at (0,337) size 769x57 [bgcolor=#00FFFF]
        RenderText {#text} at (36,0) size 674x57
          text run at (36,0) width 599: "This element should have a right padding of 5 em, which will require extra text in order to test. "
          text run at (635,0) width 54: "Both the"
          text run at (15,19) width 410: "content background and the padding should be aqua (light blue). "
          text run at (425,19) width 264: "The text has been right-aligned in order to"
          text run at (460,38) width 229: "make the right padding easier to see."
      RenderBlock {P} at (0,410) size 769x57 [bgcolor=#00FFFF]
        RenderText {#text} at (20,0) size 574x57
          text run at (20,0) width 557: "This element should have a right padding of 25%, which is calculated with respect to the"
          text run at (10,19) width 180: "width of the parent element. "
          text run at (190,19) width 387: "Both the content background and the padding should be aqua"
          text run at (3,38) width 77: "(light blue). "
          text run at (80,38) width 497: "The text has been right-aligned in order to make the right padding easier to see."
      RenderBlock {UL} at (0,483) size 769x76 [bgcolor=#808080]
        RenderListItem {LI} at (40,0) size 704x38
          RenderListMarker at (-18,0) size 7x19: bullet
          RenderText {#text} at (7,0) size 697x38
            text run at (7,0) width 697: "The right padding on this unordered list has been set to 25 pixels, which will require some extra text in order to"
            text run at (679,19) width 25: "test."
        RenderListItem {LI} at (40,38) size 704x38 [bgcolor=#FFFFFF]
          RenderListMarker at (-18,0) size 7x19: bullet
          RenderText {#text} at (19,0) size 660x38
            text run at (19,0) width 660: "This list item has a right padding of 25 pixels, which will appear to the left of the gray padding of the UL"
            text run at (626,19) width 53: "element."
      RenderBlock {P} at (0,575) size 769x57 [bgcolor=#00FFFF]
        RenderText {#text} at (12,0) size 757x57
          text run at (12,0) width 574: "This element should have no right padding, since negative padding values are not allowed. "
          text run at (586,0) width 183: "Both the content background"
          text run at (35,19) width 329: "and the normal padding should be aqua (light blue). "
          text run at (364,19) width 405: "The text has been right-aligned in order to make the lack of right"
          text run at (634,38) width 135: "padding easier to see."
      RenderTable {TABLE} at (0,648) size 769x532 [border: (1px outset #808080)]
        RenderTableSection {TBODY} at (1,1) size 767x530
          RenderTableRow {TR} at (0,0) size 767x27
            RenderTableCell {TD} at (0,0) size 767x27 [bgcolor=#C0C0C0] [border: (1px inset #808080)] [r=0 c=0 rs=1 cs=2]
              RenderInline {STRONG} at (0,0) size 163x19
                RenderText {#text} at (4,4) size 163x19
                  text run at (4,4) width 163: "TABLE Testing Section"
          RenderTableRow {TR} at (0,27) size 767x503
            RenderTableCell {TD} at (0,265) size 12x27 [bgcolor=#C0C0C0] [border: (1px inset #808080)] [r=1 c=0 rs=1 cs=1]
              RenderText {#text} at (4,4) size 4x19
                text run at (4,4) width 4: " "
            RenderTableCell {TD} at (12,27) size 755x503 [border: (1px inset #808080)] [r=1 c=1 rs=1 cs=1]
              RenderBlock {P} at (4,4) size 747x19 [bgcolor=#C0C0C0]
                RenderText {#text} at (0,0) size 203x19
                  text run at (0,0) width 203: "This element has a class of zero."
              RenderBlock {P} at (4,39) size 747x57 [bgcolor=#00FFFF]
                RenderText {#text} at (3,0) size 696x57
                  text run at (3,0) width 642: "This element should have a right padding of half an inch, which will require extra text in order to test. "
                  text run at (645,0) width 54: "Both the"
                  text run at (25,19) width 410: "content background and the padding should be aqua (light blue). "
                  text run at (435,19) width 264: "The text has been right-aligned in order to"
                  text run at (470,38) width 229: "make the right padding easier to see."
              RenderBlock {P} at (4,112) size 747x57 [bgcolor=#00FFFF]
                RenderText {#text} at (43,0) size 712x57
                  text run at (43,0) width 625: "This element should have a right padding of 25 pixels, which will require extra text in order to test. "
                  text run at (668,0) width 54: "Both the"
                  text run at (10,19) width 410: "content background and the padding should be aqua (light blue). "
                  text run at (420,19) width 302: "The text has been right-aligned in order to make"
                  text run at (531,38) width 191: "the right padding easier to see."
              RenderBlock {P} at (4,185) size 747x57 [bgcolor=#00FFFF]
                RenderText {#text} at (14,0) size 658x57
                  text run at (14,0) width 599: "This element should have a right padding of 5 em, which will require extra text in order to test. "
                  text run at (613,0) width 54: "Both the"
                  text run at (9,19) width 410: "content background and the padding should be aqua (light blue). "
                  text run at (419,19) width 248: "The text has been right-aligned in order"
                  text run at (422,38) width 245: "to make the right padding easier to see."
              RenderBlock {P} at (4,258) size 747x76 [bgcolor=#00FFFF]
                RenderText {#text} at (4,0) size 557x76
                  text run at (4,0) width 557: "This element should have a right padding of 25%, which is calculated with respect to the"
                  text run at (28,19) width 180: "width of the parent element. "
                  text run at (208,19) width 353: "Both the content background and the padding should be"
                  text run at (37,38) width 111: "aqua (light blue). "
                  text run at (148,38) width 413: "The text has been right-aligned in order to make the right padding"
                  text run at (481,57) width 80: "easier to see."
              RenderBlock {UL} at (4,350) size 747x76 [bgcolor=#808080]
                RenderListItem {LI} at (40,0) size 682x38
                  RenderListMarker at (-18,0) size 7x19: bullet
                  RenderText {#text} at (1,0) size 681x38
                    text run at (1,0) width 681: "The right padding on this unordered list has been set to 25 pixels, which will require some extra text in order"
                    text run at (641,19) width 41: "to test."
                RenderListItem {LI} at (40,38) size 682x38 [bgcolor=#FFFFFF]
                  RenderListMarker at (-18,0) size 7x19: bullet
                  RenderText {#text} at (23,0) size 634x38
                    text run at (23,0) width 634: "This list item has a right padding of 25 pixels, which will appear to the left of the gray padding of the"
                    text run at (578,19) width 79: "UL element."
              RenderBlock {P} at (4,442) size 747x57 [bgcolor=#00FFFF]
                RenderText {#text} at (69,0) size 733x57
                  text run at (69,0) width 574: "This element should have no right padding, since negative padding values are not allowed. "
                  text run at (643,0) width 104: "Both the content"
                  text run at (14,19) width 408: "background and the normal padding should be aqua (light blue). "
                  text run at (422,19) width 325: "The text has been right-aligned in order to make the"
                  text run at (532,38) width 215: "lack of right padding easier to see."
