layer at (0,0) size 800x600
  RenderView at (0,0) size 800x600
layer at (0,0) size 800x118
  RenderBlock {HTML} at (0,0) size 800x118
    RenderBody {BODY} at (8,16) size 784x86
      RenderBlock {DIV} at (0,0) size 784x86
        RenderBlock {P} at (0,0) size 784x18 [bgcolor=#00FF00]
          RenderText {#text} at (0,0) size 297x18
            text run at (0,0) width 297: "This paragraph should have green background."
        RenderBlock {ADDRESS} at (0,34) size 784x18
          RenderText {#text} at (0,0) size 226x18
            text run at (0,0) width 226: "But this address should be unstyled."
        RenderBlock {P} at (0,68) size 784x18 [bgcolor=#00FF00]
          RenderText {#text} at (0,0) size 297x18
            text run at (0,0) width 297: "This paragraph should have green background."
