layer at (0,0) size 800x600
  RenderView at (0,0) size 800x600
layer at (0,0) size 800x384
  RenderBlock {HTML} at (0,0) size 800x384
    RenderBody {BODY} at (8,16) size 784x352
      RenderBlock {P} at (0,0) size 784x18 [bgcolor=#00FF00]
        RenderText {#text} at (0,0) size 293x18
          text run at (0,0) width 293: "This paragraph should have green background"
      RenderBlock {ADDRESS} at (0,34) size 784x18
        RenderText {#text} at (0,0) size 230x18
          text run at (0,0) width 230: "And this address should be unstyled."
      RenderBlock {P} at (0,68) size 784x18 [bgcolor=#00FF00]
        RenderText {#text} at (0,0) size 327x18
          text run at (0,0) width 327: "This paragraph should also have green background!"
      RenderBlock {P} at (0,102) size 784x18
        RenderText {#text} at (0,0) size 240x18
          text run at (0,0) width 240: "But this one should be unstyled again."
      RenderBlock {DL} at (0,136) size 784x216
        RenderBlock {DT} at (0,0) size 784x18
          RenderText {#text} at (0,0) size 124x18
            text run at (0,0) width 124: "First definition term"
        RenderBlock {DD} at (40,18) size 744x18
          RenderText {#text} at (0,0) size 92x18
            text run at (0,0) width 92: "First definition"
        RenderBlock {DT} at (0,36) size 784x18 [bgcolor=#00FF00]
          RenderText {#text} at (0,0) size 368x18
            text run at (0,0) width 368: "Second definition term that should have green background"
        RenderBlock {DD} at (40,54) size 744x18 [bgcolor=#00FF00]
          RenderText {#text} at (0,0) size 336x18
            text run at (0,0) width 336: "Second definition that should have green background"
        RenderBlock {DT} at (0,72) size 784x18 [bgcolor=#00FF00]
          RenderText {#text} at (0,0) size 356x18
            text run at (0,0) width 356: "Third definition term that should have green background"
        RenderBlock {DD} at (40,90) size 744x18 [bgcolor=#00FF00]
          RenderText {#text} at (0,0) size 324x18
            text run at (0,0) width 324: "Third definition that should have green background"
        RenderBlock {DT} at (0,108) size 784x18
          RenderText {#text} at (0,0) size 138x18
            text run at (0,0) width 138: "Fourth definition term"
        RenderBlock {DD} at (40,126) size 744x18
          RenderText {#text} at (0,0) size 106x18
            text run at (0,0) width 106: "Fourth definition"
        RenderBlock {DT} at (0,144) size 784x18 [bgcolor=#00FF00]
          RenderText {#text} at (0,0) size 351x18
            text run at (0,0) width 351: "Fifth definition term that should have green background"
        RenderBlock {DD} at (40,162) size 744x18 [bgcolor=#00FF00]
          RenderText {#text} at (0,0) size 319x18
            text run at (0,0) width 319: "Fifth definition that should have green background"
        RenderBlock {DT} at (0,180) size 784x18 [bgcolor=#00FF00]
          RenderText {#text} at (0,0) size 354x18
            text run at (0,0) width 354: "Sixth definition term that should have green background"
        RenderBlock {DD} at (40,198) size 744x18 [bgcolor=#00FF00]
          RenderText {#text} at (0,0) size 322x18
            text run at (0,0) width 322: "Sixth definition that should have green background"
