layer at (0,0) size 800x600
  RenderView at (0,0) size 800x600
layer at (0,0) size 800x600
  RenderBlock {HTML} at (0,0) size 800x600
    RenderBody {BODY} at (8,8) size 784x584
      RenderBlock {FORM} at (0,0) size 784x86
        RenderMenuList {SELECT} at (2,2) size 140x38 [bgcolor=#FFFFFF]
          RenderBlock (anonymous) at (15,10) size 84x18
            RenderText at (0,0) size 83x19
              text run at (0,0) width 83: "append cell"
        RenderText {#text} at (144,12) size 52x19
          text run at (144,12) width 52: "   tbody "
        RenderTextControl {INPUT} at (198,6) size 58x28 [bgcolor=#FFFFFF]
        RenderText {#text} at (258,12) size 41x19
          text run at (258,12) width 41: "   row "
        RenderTextControl {INPUT} at (301,6) size 58x28 [bgcolor=#FFFFFF]
        RenderText {#text} at (361,12) size 35x19
          text run at (361,12) width 35: "   col "
        RenderTextControl {INPUT} at (398,6) size 58x28 [bgcolor=#FFFFFF]
        RenderText {#text} at (458,12) size 74x19
          text run at (458,12) width 74: "   row span "
        RenderTextControl {INPUT} at (534,6) size 58x28 [bgcolor=#FFFFFF]
        RenderText {#text} at (594,12) size 68x19
          text run at (594,12) width 68: "   col span "
        RenderTextControl {INPUT} at (664,6) size 58x28 [bgcolor=#FFFFFF]
        RenderText {#text} at (724,12) size 16x19
          text run at (724,12) width 16: "    "
        RenderButton {INPUT} at (2,44) size 67x40 [bgcolor=#C0C0C0] [border: (2px outset #C0C0C0)]
          RenderBlock (anonymous) at (17,10) size 33x18
            RenderText at (0,0) size 33x19
              text run at (0,0) width 33: "Do It"
        RenderText {#text} at (0,0) size 0x0
      RenderBlock (anonymous) at (0,102) size 784x18
        RenderBR {BR} at (0,0) size 0x19
      RenderTable {TABLE} at (0,120) size 62x52 [bgcolor=#FFA500] [border: (1px outset #808080)]
        RenderTableSection {TBODY} at (1,1) size 60x50
          RenderTableRow {TR} at (0,2) size 60x22
            RenderTableCell {TD} at (2,2) size 27x22 [border: (1px inset #808080)] [r=0 c=0 rs=1 cs=1]
              RenderText {#text} at (2,2) size 23x19
                text run at (2,2) width 23: "c11"
          RenderTableRow {TR} at (0,26) size 60x22
            RenderTableCell {TD} at (2,26) size 27x22 [border: (1px inset #808080)] [r=1 c=0 rs=1 cs=1]
              RenderText {#text} at (2,2) size 23x19
                text run at (2,2) width 23: "c21"
            RenderTableCell {TD} at (31,26) size 27x22 [border: (1px inset #808080)] [r=1 c=1 rs=1 cs=1]
              RenderText {#text} at (2,2) size 23x19
                text run at (2,2) width 23: "c22"
      RenderBlock (anonymous) at (0,172) size 784x18
        RenderBR {BR} at (0,0) size 0x19
layer at (210,20) size 51x18 scrollHeight 19
  RenderBlock {DIV} at (4,6) size 51x18
    RenderText {#text} at (0,0) size 9x19
      text run at (0,0) width 9: "0"
layer at (313,20) size 51x18 scrollHeight 19
  RenderBlock {DIV} at (4,6) size 51x18
    RenderText {#text} at (0,0) size 9x19
      text run at (0,0) width 9: "0"
layer at (410,20) size 51x18 scrollHeight 19
  RenderBlock {DIV} at (4,6) size 51x18
    RenderText {#text} at (0,0) size 9x19
      text run at (0,0) width 9: "0"
layer at (546,20) size 51x18 scrollHeight 19
  RenderBlock {DIV} at (4,6) size 51x18
    RenderText {#text} at (0,0) size 9x19
      text run at (0,0) width 9: "1"
layer at (676,20) size 51x18 scrollHeight 19
  RenderBlock {DIV} at (4,6) size 51x18
    RenderText {#text} at (0,0) size 9x19
      text run at (0,0) width 9: "1"
