layer at (0,0) size 800x600
  RenderView at (0,0) size 800x600
layer at (0,0) size 800x588
  RenderBlock {html} at (0,0) size 800x588
    RenderBody {body} at (8,8) size 784x572
      RenderBlock {div} at (10,10) size 220x552
        RenderBlock {h2} at (0,19) size 220x33
          RenderText {#text} at (0,0) size 120x33
            text run at (0,0) width 120: "SVG nested"
        RenderBlock {h2} at (0,290) size 220x33
          RenderText {#text} at (0,0) size 114x33
            text run at (0,0) width 114: "CSS nested"
      RenderText {#text} at (240,0) size 4x22
        text run at (240,0) width 4: " "
      RenderBlock {div} at (254,10) size 220x552
        RenderBlock {h2} at (0,19) size 220x33
          RenderText {#text} at (0,0) size 162x33
            text run at (0,0) width 162: "SVG compound"
        RenderBlock {h2} at (0,290) size 220x33
          RenderText {#text} at (0,0) size 156x33
            text run at (0,0) width 156: "CSS compound"
      RenderText {#text} at (484,0) size 4x22
        text run at (484,0) width 4: " "
      RenderBlock {div} at (498,10) size 220x552
        RenderBlock {h2} at (0,19) size 220x33
          RenderText {#text} at (0,0) size 128x33
            text run at (0,0) width 128: "SVG Matrix"
        RenderBlock {h2} at (0,290) size 220x33
          RenderText {#text} at (0,0) size 116x33
            text run at (0,0) width 116: "CSSMatrix"
      RenderText {#text} at (0,0) size 0x0
layer at (28,89) size 200x200
  RenderBlock (relative positioned) {div} at (10,71) size 200x200 [bgcolor=#C0C0C0] [border: (1px solid #000000)]
    RenderSVGRoot {svg} at (29,113) size 196x174
      RenderSVGContainer {g} at (29,113) size 196x174 [transform={m=((1.00,0.00)(0.00,1.00)) t=(75.00,25.00)}]
        RenderSVGPath {rect} at (103,114) size 62x62 [stroke={[type=SOLID] [color=#000000] [dash array={1.00, 1.00}]}] [x=0.00] [y=0.00] [width=60.00] [height=60.00]
        RenderSVGContainer {g} at (29,113) size 197x174 [transform={m=((2.00,0.00)(0.00,2.00)) t=(0.00,0.00)}]
          RenderSVGPath {rect} at (102,113) size 124x124 [stroke={[type=SOLID] [color=#000000] [dash array={1.00, 1.00}]}] [x=0.00] [y=0.00] [width=60.00] [height=60.00]
          RenderSVGPath {rect} at (29,111) size 163x178 [transform={m=((0.71,0.71)(-0.71,0.71)) t=(0.00,0.00)}] [stroke={[type=SOLID] [color=#0000FF]}] [x=0.00] [y=0.00] [width=60.00] [height=60.00]
    RenderText {#text} at (0,0) size 0x0
layer at (28,360) size 200x200
  RenderBlock (relative positioned) {div} at (10,342) size 200x200 [bgcolor=#C0C0C0] [border: (1px solid #000000)]
layer at (29,361) size 60x60
  RenderBlock (positioned) {div} at (1,1) size 60x60 [border: (1px dotted #000000)]
layer at (30,362) size 60x60
  RenderBlock (positioned) {div} at (1,1) size 60x60 [border: (1px dotted #000000)]
layer at (31,363) size 60x60
  RenderBlock (positioned) {div} at (1,1) size 60x60 [border: (1px solid #0000FF)]
layer at (272,89) size 200x200
  RenderBlock (relative positioned) {div} at (10,71) size 200x200 [bgcolor=#C0C0C0] [border: (1px solid #000000)]
    RenderSVGRoot {svg} at (273,113) size 162x174
      RenderSVGPath {rect} at (273,112) size 163x176 [transform={m=((1.41,1.41)(-1.41,1.41)) t=(75.00,25.00)}] [stroke={[type=SOLID] [color=#0000FF]}] [x=0.00] [y=0.00] [width=60.00] [height=60.00]
    RenderText {#text} at (0,0) size 0x0
layer at (272,360) size 200x200
  RenderBlock (relative positioned) {div} at (10,342) size 200x200 [bgcolor=#C0C0C0] [border: (1px solid #000000)]
layer at (273,361) size 60x60
  RenderBlock (positioned) {div} at (1,1) size 60x60 [border: (1px solid #0000FF)]
layer at (516,89) size 200x200
  RenderBlock (relative positioned) {div} at (10,71) size 200x200 [bgcolor=#C0C0C0] [border: (1px solid #000000)]
    RenderSVGRoot {svg} at (517,113) size 162x174
      RenderSVGPath {rect} at (517,112) size 163x176 [transform={m=((1.41,1.41)(-1.41,1.41)) t=(75.00,25.00)}] [stroke={[type=SOLID] [color=#0000FF]}] [x=0.00] [y=0.00] [width=60.00] [height=60.00]
    RenderText {#text} at (0,0) size 0x0
layer at (516,360) size 200x200
  RenderBlock (relative positioned) {div} at (10,342) size 200x200 [bgcolor=#C0C0C0] [border: (1px solid #000000)]
layer at (517,361) size 60x60
  RenderBlock (positioned) {div} at (1,1) size 60x60 [border: (1px solid #0000FF)]
