layer at (0,0) size 800x600
  RenderView at (0,0) size 800x600
layer at (0,0) size 800x600
  RenderBlock {HTML} at (0,0) size 800x600
    RenderBody {BODY} at (8,8) size 784x577
      RenderBlock {P} at (0,0) size 784x20
        RenderText {#text} at (0,0) size 31x20
          text run at (0,0) width 31: "Test"
layer at (250,50) size 256x66
  RenderBlock (positioned) {DIV} at (250,50) size 256x66 [border: (2px solid #008000)]
    RenderText {#text} at (22,22) size 212x22
      text run at (22,22) width 212: "I should be absolute positioned."
