layer at (0,0) size 800x600
  RenderView at (0,0) size 800x600
layer at (0,0) size 800x164
  RenderBlock {HTML} at (0,0) size 800x164
    RenderBody {BODY} at (8,8) size 784x148
      RenderBlock (anonymous) at (0,0) size 784x18
        RenderText {#text} at (0,0) size 493x19
          text run at (0,0) width 260: "You should see a green rectangle below. "
          text run at (260,0) width 233: "If you see any red, the test has failed."
      RenderBlock {DIV} at (0,18) size 384x130 [bgcolor=#FF0000]
        RenderInline {SPAN} at (0,0) size 320x65 [color=#008000]
          RenderText {#text} at (0,0) size 320x65
            text run at (0,0) width 320: "xxxxx"
        RenderInline {SPAN} at (0,0) size 64x129 [bgcolor=#008000]
        RenderBR {BR} at (384,0) size 0x65
        RenderBlock {DIV} at (0,2) size 64x128 [bgcolor=#008000]
        RenderInline {SPAN} at (0,0) size 320x65 [color=#008000]
          RenderText {#text} at (64,65) size 320x65
            text run at (64,65) width 320: "xxxxx"
        RenderText {#text} at (0,0) size 0x0
