layer at (0,0) size 800x600
  RenderView at (0,0) size 800x600
layer at (0,0) size 800x600
  RenderBlock {HTML} at (0,0) size 800x600
    RenderBody {BODY} at (8,8) size 784x584
      RenderBlock {P} at (0,0) size 784x40
        RenderText {#text} at (0,0) size 767x39
          text run at (0,0) width 767: "This tests SpellCheck API can add misspelled underlines to words. If this test succeeds, we can see misspelled underlines under"
          text run at (0,20) width 170: "the word \"wellcome\" below."
      RenderBlock {DIV} at (0,56) size 784x0
      RenderBlock (anonymous) at (0,56) size 784x114
        RenderTextControl {INPUT} at (2,2) size 155x22 [bgcolor=#FFFFFF] [border: (2px inset #000000)]
        RenderBR {BR} at (159,18) size 0x0
        RenderBR {BR} at (663,114) size 0x0
      RenderBlock {DIV} at (0,170) size 784x20
        RenderText {#text} at (0,0) size 57x19
          text run at (0,0) width 57: "wellcome"
      RenderBlock (anonymous) at (0,190) size 784x20
        RenderBR {BR} at (0,0) size 0x19
layer at (12,69) size 151x16
  RenderBlock {DIV} at (2,3) size 151x16
    RenderText {#text} at (1,0) size 54x16
      text run at (1,0) width 54: "wellcome"
layer at (10,92) size 659x84 clip at (11,93) size 657x82
  RenderTextControl {TEXTAREA} at (2,28) size 659x84 [bgcolor=#FFFFFF] [border: (1px solid #000000)]
    RenderBlock {DIV} at (3,3) size 655x16
      RenderText {#text} at (0,0) size 64x16
        text run at (0,0) width 64: "wellcome"
