layer at (0,0) size 1680x1208
  RenderView at (0,0) size 800x600
layer at (0,0) size 1680x600
  RenderBlock {HTML} at (0,0) size 1680x600
    RenderBody {BODY} at (8,8) size 1664x1200
layer at (8,8) size 404x1200
  RenderBlock {DIV} at (0,0) size 404x1200 [border: (2px solid #000000)]
    RenderBlock (anonymous) at (2,2) size 280x388
      RenderText {#text} at (0,0) size 19x104
        text run at (0,0) width 104: "This is some text."
      RenderBR {BR} at (4,104) size 0x0
      RenderText {#text} at (20,0) size 19x104
        text run at (20,0) width 104: "This is some text."
      RenderBR {BR} at (24,104) size 0x0
      RenderText {#text} at (40,0) size 19x104
        text run at (40,0) width 104: "This is some text."
      RenderBR {BR} at (44,104) size 0x0
      RenderText {#text} at (60,0) size 19x104
        text run at (60,0) width 104: "This is some text."
      RenderBR {BR} at (64,104) size 0x0
      RenderText {#text} at (80,0) size 19x104
        text run at (80,0) width 104: "This is some text."
      RenderBR {BR} at (84,104) size 0x0
      RenderText {#text} at (100,0) size 19x104
        text run at (100,0) width 104: "This is some text."
      RenderBR {BR} at (104,104) size 0x0
      RenderText {#text} at (120,0) size 19x104
        text run at (120,0) width 104: "This is some text."
      RenderBR {BR} at (124,104) size 0x0
      RenderText {#text} at (140,0) size 19x104
        text run at (140,0) width 104: "This is some text."
      RenderBR {BR} at (144,104) size 0x0
      RenderText {#text} at (160,0) size 19x104
        text run at (160,0) width 104: "This is some text."
      RenderBR {BR} at (164,104) size 0x0
      RenderText {#text} at (180,0) size 19x104
        text run at (180,0) width 104: "This is some text."
      RenderBR {BR} at (184,104) size 0x0
      RenderText {#text} at (200,0) size 19x104
        text run at (200,0) width 104: "This is some text."
      RenderBR {BR} at (204,104) size 0x0
      RenderText {#text} at (220,0) size 19x104
        text run at (220,0) width 104: "This is some text."
      RenderBR {BR} at (224,104) size 0x0
      RenderText {#text} at (240,0) size 19x104
        text run at (240,0) width 104: "This is some text."
      RenderBR {BR} at (244,104) size 0x0
      RenderText {#text} at (260,0) size 19x104
        text run at (260,0) width 104: "This is some text."
      RenderBR {BR} at (264,104) size 0x0
    RenderBlock {P} at (298,2) size 624x388
      RenderBlock (floating) {SPAN} at (104,0) size 150x78
        RenderText {#text} at (2,0) size 145x78
          text run at (2,0) width 78: "T"
      RenderText {#text} at (104,78) size 19x95
        text run at (104,78) width 95: "his is some text."
      RenderBR {BR} at (108,173) size 0x0
      RenderText {#text} at (124,78) size 19x104
        text run at (124,78) width 104: "This is some text."
      RenderBR {BR} at (128,182) size 0x0
      RenderText {#text} at (144,78) size 19x104
        text run at (144,78) width 104: "This is some text."
      RenderBR {BR} at (148,182) size 0x0
      RenderText {#text} at (164,78) size 19x104
        text run at (164,78) width 104: "This is some text."
      RenderBR {BR} at (168,182) size 0x0
      RenderText {#text} at (184,78) size 19x104
        text run at (184,78) width 104: "This is some text."
      RenderBR {BR} at (188,182) size 0x0
      RenderText {#text} at (204,78) size 19x104
        text run at (204,78) width 104: "This is some text."
      RenderBR {BR} at (208,182) size 0x0
      RenderText {#text} at (224,78) size 19x104
        text run at (224,78) width 104: "This is some text."
      RenderBR {BR} at (228,182) size 0x0
      RenderText {#text} at (244,78) size 19x104
        text run at (244,78) width 104: "This is some text."
      RenderBR {BR} at (248,182) size 0x0
      RenderText {#text} at (264,0) size 19x104
        text run at (264,0) width 104: "This is some text."
      RenderBR {BR} at (268,104) size 0x0
      RenderText {#text} at (284,0) size 19x104
        text run at (284,0) width 104: "This is some text."
      RenderBR {BR} at (288,104) size 0x0
      RenderText {#text} at (304,0) size 19x104
        text run at (304,0) width 104: "This is some text."
      RenderBR {BR} at (308,104) size 0x0
      RenderText {#text} at (324,0) size 19x104
        text run at (324,0) width 104: "This is some text."
      RenderBR {BR} at (328,104) size 0x0
      RenderText {#text} at (344,0) size 19x104
        text run at (344,0) width 104: "This is some text."
      RenderBR {BR} at (348,104) size 0x0
      RenderText {#text} at (364,0) size 19x104
        text run at (364,0) width 104: "This is some text."
      RenderBR {BR} at (368,104) size 0x0
      RenderText {#text} at (384,0) size 19x104
        text run at (384,0) width 104: "This is some text."
      RenderBR {BR} at (388,104) size 0x0
      RenderText {#text} at (404,0) size 19x104
        text run at (404,0) width 104: "This is some text."
      RenderBR {BR} at (408,104) size 0x0
      RenderText {#text} at (424,0) size 19x104
        text run at (424,0) width 104: "This is some text."
      RenderBR {BR} at (428,104) size 0x0
      RenderText {#text} at (444,0) size 19x104
        text run at (444,0) width 104: "This is some text."
      RenderBR {BR} at (448,104) size 0x0
      RenderText {#text} at (464,0) size 19x104
        text run at (464,0) width 104: "This is some text."
      RenderBR {BR} at (468,104) size 0x0
      RenderText {#text} at (484,0) size 19x104
        text run at (484,0) width 104: "This is some text."
      RenderBR {BR} at (488,104) size 0x0
      RenderText {#text} at (504,0) size 19x104
        text run at (504,0) width 104: "This is some text."
      RenderBR {BR} at (508,104) size 0x0
      RenderText {#text} at (524,0) size 19x104
        text run at (524,0) width 104: "This is some text."
      RenderBR {BR} at (528,104) size 0x0
      RenderText {#text} at (544,0) size 19x104
        text run at (544,0) width 104: "This is some text."
      RenderBR {BR} at (548,104) size 0x0
      RenderText {#text} at (564,0) size 19x104
        text run at (564,0) width 104: "This is some text."
      RenderBR {BR} at (568,104) size 0x0
      RenderText {#text} at (584,0) size 19x104
        text run at (584,0) width 104: "This is some text."
      RenderBR {BR} at (588,104) size 0x0
      RenderText {#text} at (604,0) size 19x104
        text run at (604,0) width 104: "This is some text."
      RenderBR {BR} at (608,104) size 0x0
layer at (428,8) size 404x1200
  RenderBlock {DIV} at (420,0) size 404x1200 [border: (2px solid #000000)]
    RenderBlock (anonymous) at (2,2) size 280x388
      RenderText {#text} at (0,0) size 19x104
        text run at (0,0) width 104: "This is some text."
      RenderBR {BR} at (4,104) size 0x0
      RenderText {#text} at (20,0) size 19x104
        text run at (20,0) width 104: "This is some text."
      RenderBR {BR} at (24,104) size 0x0
      RenderText {#text} at (40,0) size 19x104
        text run at (40,0) width 104: "This is some text."
      RenderBR {BR} at (44,104) size 0x0
      RenderText {#text} at (60,0) size 19x104
        text run at (60,0) width 104: "This is some text."
      RenderBR {BR} at (64,104) size 0x0
      RenderText {#text} at (80,0) size 19x104
        text run at (80,0) width 104: "This is some text."
      RenderBR {BR} at (84,104) size 0x0
      RenderText {#text} at (100,0) size 19x104
        text run at (100,0) width 104: "This is some text."
      RenderBR {BR} at (104,104) size 0x0
      RenderText {#text} at (120,0) size 19x104
        text run at (120,0) width 104: "This is some text."
      RenderBR {BR} at (124,104) size 0x0
      RenderText {#text} at (140,0) size 19x104
        text run at (140,0) width 104: "This is some text."
      RenderBR {BR} at (144,104) size 0x0
      RenderText {#text} at (160,0) size 19x104
        text run at (160,0) width 104: "This is some text."
      RenderBR {BR} at (164,104) size 0x0
      RenderText {#text} at (180,0) size 19x104
        text run at (180,0) width 104: "This is some text."
      RenderBR {BR} at (184,104) size 0x0
      RenderText {#text} at (200,0) size 19x104
        text run at (200,0) width 104: "This is some text."
      RenderBR {BR} at (204,104) size 0x0
      RenderText {#text} at (220,0) size 19x104
        text run at (220,0) width 104: "This is some text."
      RenderBR {BR} at (224,104) size 0x0
      RenderText {#text} at (240,0) size 19x104
        text run at (240,0) width 104: "This is some text."
      RenderBR {BR} at (244,104) size 0x0
      RenderText {#text} at (260,0) size 19x104
        text run at (260,0) width 104: "This is some text."
      RenderBR {BR} at (264,104) size 0x0
    RenderBlock {P} at (298,2) size 624x388
      RenderImage {IMG} at (104,0) size 100x100 [bgcolor=#008000]
      RenderImage {IMG} at (104,288) size 200x100 [bgcolor=#008000]
      RenderText {#text} at (104,100) size 19x100
        text run at (104,100) width 100: "This is some text"
      RenderBR {BR} at (108,200) size 0x0
      RenderText {#text} at (124,100) size 19x104
        text run at (124,100) width 104: "This is some text."
      RenderBR {BR} at (128,204) size 0x0
      RenderText {#text} at (144,100) size 19x104
        text run at (144,100) width 104: "This is some text."
      RenderBR {BR} at (148,204) size 0x0
      RenderText {#text} at (164,100) size 19x104
        text run at (164,100) width 104: "This is some text."
      RenderBR {BR} at (168,204) size 0x0
      RenderText {#text} at (184,100) size 19x104
        text run at (184,100) width 104: "This is some text."
      RenderBR {BR} at (188,204) size 0x0
      RenderText {#text} at (204,0) size 19x104
        text run at (204,0) width 104: "This is some text."
      RenderBR {BR} at (208,104) size 0x0
      RenderText {#text} at (224,0) size 19x104
        text run at (224,0) width 104: "This is some text."
      RenderBR {BR} at (228,104) size 0x0
      RenderText {#text} at (244,0) size 19x104
        text run at (244,0) width 104: "This is some text."
      RenderBR {BR} at (248,104) size 0x0
      RenderText {#text} at (264,0) size 19x104
        text run at (264,0) width 104: "This is some text."
      RenderBR {BR} at (268,104) size 0x0
      RenderText {#text} at (284,0) size 19x104
        text run at (284,0) width 104: "This is some text."
      RenderBR {BR} at (288,104) size 0x0
      RenderText {#text} at (304,0) size 19x104
        text run at (304,0) width 104: "This is some text."
      RenderBR {BR} at (308,104) size 0x0
      RenderText {#text} at (324,0) size 19x104
        text run at (324,0) width 104: "This is some text."
      RenderBR {BR} at (328,104) size 0x0
      RenderText {#text} at (344,0) size 19x104
        text run at (344,0) width 104: "This is some text."
      RenderBR {BR} at (348,104) size 0x0
      RenderText {#text} at (364,0) size 19x104
        text run at (364,0) width 104: "This is some text."
      RenderBR {BR} at (368,104) size 0x0
      RenderText {#text} at (384,0) size 19x104
        text run at (384,0) width 104: "This is some text."
      RenderBR {BR} at (388,104) size 0x0
      RenderText {#text} at (404,0) size 19x104
        text run at (404,0) width 104: "This is some text."
      RenderBR {BR} at (408,104) size 0x0
      RenderText {#text} at (424,0) size 19x104
        text run at (424,0) width 104: "This is some text."
      RenderBR {BR} at (428,104) size 0x0
      RenderText {#text} at (444,0) size 19x104
        text run at (444,0) width 104: "This is some text."
      RenderBR {BR} at (448,104) size 0x0
      RenderText {#text} at (464,0) size 19x104
        text run at (464,0) width 104: "This is some text."
      RenderBR {BR} at (468,104) size 0x0
      RenderText {#text} at (484,0) size 19x104
        text run at (484,0) width 104: "This is some text."
      RenderBR {BR} at (488,104) size 0x0
      RenderText {#text} at (504,0) size 19x104
        text run at (504,0) width 104: "This is some text."
      RenderBR {BR} at (508,104) size 0x0
      RenderText {#text} at (524,0) size 19x104
        text run at (524,0) width 104: "This is some text."
      RenderBR {BR} at (528,104) size 0x0
      RenderText {#text} at (544,0) size 19x104
        text run at (544,0) width 104: "This is some text."
      RenderBR {BR} at (548,104) size 0x0
      RenderText {#text} at (564,0) size 19x104
        text run at (564,0) width 104: "This is some text."
      RenderBR {BR} at (568,104) size 0x0
      RenderText {#text} at (584,0) size 19x104
        text run at (584,0) width 104: "This is some text."
      RenderBR {BR} at (588,104) size 0x0
      RenderText {#text} at (604,0) size 19x104
        text run at (604,0) width 104: "This is some text."
      RenderBR {BR} at (608,104) size 0x0
layer at (848,8) size 404x1200
  RenderBlock {DIV} at (840,0) size 404x1200 [border: (2px solid #000000)]
    RenderImage {IMG} at (2,2) size 390x300 [bgcolor=#008000]
    RenderText {#text} at (2,302) size 419x377
      text run at (2,302) width 69: "Longer text"
      text run at (22,302) width 69: "designed to"
      text run at (42,302) width 77: "test float and"
      text run at (62,302) width 56: "wrapping"
      text run at (82,302) width 56: "behavior."
      text run at (102,302) width 69: "Longer text"
      text run at (122,302) width 69: "designed to"
      text run at (142,302) width 77: "test float and"
      text run at (162,302) width 56: "wrapping"
      text run at (182,302) width 56: "behavior."
      text run at (202,302) width 69: "Longer text"
      text run at (222,302) width 69: "designed to"
      text run at (242,302) width 77: "test float and"
      text run at (262,302) width 56: "wrapping"
      text run at (282,302) width 56: "behavior."
      text run at (302,302) width 69: "Longer text"
      text run at (322,302) width 69: "designed to"
      text run at (342,302) width 77: "test float and"
      text run at (362,302) width 56: "wrapping"
      text run at (382,302) width 56: "behavior."
      text run at (402,2) width 343: "Longer text designed to test float and wrapping behavior."
layer at (1268,8) size 404x1200
  RenderBlock {DIV} at (1260,0) size 404x1200 [border: (2px solid #000000)]
    RenderImage {IMG} at (2,2) size 380x388 [bgcolor=#0000FF]
    RenderInline {SPAN} at (0,0) size 251x378
      RenderImage {IMG} at (402,2) size 20x100 [bgcolor=#008000]
      RenderText {#text} at (402,102) size 27x208
        text run at (402,102) width 208: "Longer text designed "
      RenderImage {IMG} at (430,290) size 20x100 [bgcolor=#008000]
      RenderText {#text} at (402,310) size 251x378
        text run at (402,310) width 59: "to test"
        text run at (430,2) width 276: "float and wrapping behavior."
        text run at (458,2) width 358: "Longer text designed to test float and"
        text run at (486,2) width 303: "wrapping behavior. Longer text"
        text run at (514,2) width 335: "designed to test float and wrapping"
        text run at (542,2) width 363: "behavior. Longer text designed to test"
        text run at (570,2) width 351: "float and wrapping behavior. Longer"
        text run at (598,2) width 378: "text designed to test float and wrapping"
        text run at (626,2) width 90: "behavior."
    RenderText {#text} at (0,0) size 0x0
