layer at (0,0) size 800x1208
  RenderView at (0,0) size 800x600
layer at (0,0) size 800x600
  RenderBlock {HTML} at (0,0) size 800x600
    RenderBody {BODY} at (8,8) size 784x1200
layer at (8,8) size 404x1200
  RenderBlock {DIV} at (0,0) size 404x1200 [border: (2px solid #000000)]
    RenderText {#text} at (2,2) size 19x104
      text run at (2,2) width 104: "This is some text."
    RenderBR {BR} at (6,106) size 0x0
    RenderText {#text} at (22,2) size 19x104
      text run at (22,2) width 104: "This is some text."
    RenderBR {BR} at (26,106) size 0x0
    RenderText {#text} at (42,2) size 19x104
      text run at (42,2) width 104: "This is some text."
    RenderBR {BR} at (46,106) size 0x0
    RenderText {#text} at (62,2) size 19x104
      text run at (62,2) width 104: "This is some text."
    RenderBR {BR} at (66,106) size 0x0
    RenderText {#text} at (82,2) size 19x104
      text run at (82,2) width 104: "This is some text."
    RenderBR {BR} at (86,106) size 0x0
    RenderText {#text} at (102,2) size 19x104
      text run at (102,2) width 104: "This is some text."
    RenderBR {BR} at (106,106) size 0x0
    RenderText {#text} at (122,2) size 19x104
      text run at (122,2) width 104: "This is some text."
    RenderBR {BR} at (126,106) size 0x0
    RenderText {#text} at (142,2) size 19x104
      text run at (142,2) width 104: "This is some text."
    RenderBR {BR} at (146,106) size 0x0
    RenderText {#text} at (162,2) size 19x104
      text run at (162,2) width 104: "This is some text."
    RenderBR {BR} at (166,106) size 0x0
    RenderText {#text} at (182,2) size 19x104
      text run at (182,2) width 104: "This is some text."
    RenderBR {BR} at (186,106) size 0x0
    RenderImage {IMG} at (402,2) size 300x250 [bgcolor=#008000]
    RenderText {#text} at (402,252) size 19x104
      text run at (402,252) width 104: "This is some text."
    RenderBR {BR} at (406,356) size 0x0
    RenderText {#text} at (422,252) size 19x104
      text run at (422,252) width 104: "This is some text."
    RenderBR {BR} at (426,356) size 0x0
    RenderText {#text} at (442,252) size 19x104
      text run at (442,252) width 104: "This is some text."
    RenderBR {BR} at (446,356) size 0x0
    RenderText {#text} at (462,252) size 19x104
      text run at (462,252) width 104: "This is some text."
    RenderBR {BR} at (466,356) size 0x0
    RenderText {#text} at (482,252) size 19x104
      text run at (482,252) width 104: "This is some text."
    RenderBR {BR} at (486,356) size 0x0
    RenderText {#text} at (502,252) size 19x104
      text run at (502,252) width 104: "This is some text."
    RenderBR {BR} at (506,356) size 0x0
    RenderText {#text} at (522,252) size 19x104
      text run at (522,252) width 104: "This is some text."
    RenderBR {BR} at (526,356) size 0x0
    RenderText {#text} at (542,252) size 19x104
      text run at (542,252) width 104: "This is some text."
    RenderBR {BR} at (546,356) size 0x0
    RenderText {#text} at (562,252) size 19x104
      text run at (562,252) width 104: "This is some text."
    RenderBR {BR} at (566,356) size 0x0
    RenderText {#text} at (582,252) size 19x104
      text run at (582,252) width 104: "This is some text."
    RenderBR {BR} at (586,356) size 0x0
    RenderText {#text} at (602,252) size 19x104
      text run at (602,252) width 104: "This is some text."
    RenderBR {BR} at (606,356) size 0x0
    RenderText {#text} at (622,252) size 19x104
      text run at (622,252) width 104: "This is some text."
    RenderBR {BR} at (626,356) size 0x0
    RenderText {#text} at (642,252) size 19x104
      text run at (642,252) width 104: "This is some text."
    RenderBR {BR} at (646,356) size 0x0
    RenderText {#text} at (662,252) size 19x104
      text run at (662,252) width 104: "This is some text."
    RenderBR {BR} at (666,356) size 0x0
    RenderText {#text} at (682,252) size 19x104
      text run at (682,252) width 104: "This is some text."
    RenderBR {BR} at (686,356) size 0x0
    RenderText {#text} at (702,2) size 19x104
      text run at (702,2) width 104: "This is some text."
    RenderBR {BR} at (706,106) size 0x0
    RenderText {#text} at (722,2) size 19x104
      text run at (722,2) width 104: "This is some text."
    RenderBR {BR} at (726,106) size 0x0
    RenderText {#text} at (742,2) size 19x104
      text run at (742,2) width 104: "This is some text."
    RenderBR {BR} at (746,106) size 0x0
    RenderText {#text} at (762,2) size 19x104
      text run at (762,2) width 104: "This is some text."
    RenderBR {BR} at (766,106) size 0x0
    RenderText {#text} at (782,2) size 19x104
      text run at (782,2) width 104: "This is some text."
    RenderBR {BR} at (786,106) size 0x0
    RenderText {#text} at (802,2) size 19x104
      text run at (802,2) width 104: "This is some text."
    RenderBR {BR} at (806,106) size 0x0
    RenderText {#text} at (822,2) size 19x104
      text run at (822,2) width 104: "This is some text."
    RenderBR {BR} at (826,106) size 0x0
    RenderText {#text} at (842,2) size 19x104
      text run at (842,2) width 104: "This is some text."
    RenderBR {BR} at (846,106) size 0x0
    RenderText {#text} at (862,2) size 19x104
      text run at (862,2) width 104: "This is some text."
    RenderBR {BR} at (866,106) size 0x0
    RenderText {#text} at (882,2) size 19x104
      text run at (882,2) width 104: "This is some text."
    RenderBR {BR} at (886,106) size 0x0
    RenderText {#text} at (902,2) size 19x104
      text run at (902,2) width 104: "This is some text."
    RenderBR {BR} at (906,106) size 0x0
    RenderText {#text} at (922,2) size 19x104
      text run at (922,2) width 104: "This is some text."
    RenderBR {BR} at (926,106) size 0x0
    RenderText {#text} at (942,2) size 19x104
      text run at (942,2) width 104: "This is some text."
    RenderBR {BR} at (946,106) size 0x0
    RenderText {#text} at (962,2) size 19x104
      text run at (962,2) width 104: "This is some text."
    RenderBR {BR} at (966,106) size 0x0
    RenderText {#text} at (982,2) size 19x104
      text run at (982,2) width 104: "This is some text."
    RenderBR {BR} at (986,106) size 0x0
