layer at (0,0) size 800x600
  RenderView at (0,0) size 800x600
layer at (0,0) size 800x94
  RenderBlock {html} at (0,0) size 800x94
    RenderBody {body} at (8,16) size 784x62
      RenderBlock {div} at (0,0) size 784x62
        RenderBlock {p} at (0,0) size 784x20 [color=#00FF00]
          RenderInline {a} at (0,0) size 260x19 [color=#000000]
            RenderText {#text} at (0,0) size 260x19
              text run at (0,0) width 260: "This text should turn green while it is active."
          RenderText {#text} at (0,0) size 0x0
        RenderBlock {p} at (0,36) size 784x26 [color=#00FF00]
          RenderButton {button} at (2,2) size 269x22 [color=#000000] [bgcolor=#C0C0C0] [border: (2px outset #C0C0C0)]
            RenderBlock (anonymous) at (8,3) size 253x16
              RenderText {#text} at (0,0) size 253x16
                text run at (0,0) width 253: "This text should turn green while it is active."
          RenderText {#text} at (0,0) size 0x0
