layer at (0,0) size 800x600
  RenderView at (0,0) size 800x600
layer at (0,0) size 800x108
  RenderBlock {html} at (0,0) size 800x108
    RenderBody {body} at (8,16) size 784x76
      RenderBlock {ul} at (0,0) size 784x40
        RenderListItem {li} at (40,0) size 744x20 [bgcolor=#00FF00]
          RenderListMarker at (-18,0) size 7x19: bullet
          RenderText {#text} at (0,0) size 287x19
            text run at (0,0) width 287: "The background of this list item should be green"
        RenderListItem {li} at (40,20) size 744x20 [bgcolor=#00FF00]
          RenderListMarker at (-18,0) size 7x19: bullet
          RenderText {#text} at (0,0) size 362x19
            text run at (0,0) width 362: "The background of this second list item should be also green"
      RenderBlock {p} at (0,56) size 784x20 [bgcolor=#00FF00]
        RenderText {#text} at (0,0) size 307x19
          text run at (0,0) width 307: "The background of this paragraph should be green."
