layer at (0,0) size 800x600
  RenderView at (0,0) size 800x600
layer at (0,0) size 800x232
  RenderBlock {html} at (0,0) size 800x232
    RenderBody {body} at (8,16) size 784x200
      RenderBlock {div} at (0,0) size 784x200
        RenderBlock {p} at (0,0) size 784x20
          RenderText {#text} at (0,0) size 168x19
            text run at (0,0) width 168: "This line should be unstyled."
        RenderBlock {elementA} at (0,36) size 784x20
          RenderText {#text} at (0,0) size 168x19
            text run at (0,0) width 168: "This line should be unstyled."
        RenderBlock {elementB} at (0,72) size 784x20
          RenderText {#text} at (0,0) size 168x19
            text run at (0,0) width 168: "This line should be unstyled."
        RenderBlock {div} at (0,108) size 784x92
          RenderBlock {p} at (0,0) size 784x20 [bgcolor=#00FF00]
            RenderText {#text} at (0,0) size 248x19
              text run at (0,0) width 248: "This line should have a green background"
          RenderBlock {elementA} at (0,36) size 784x20 [bgcolor=#00FF00]
            RenderText {#text} at (0,0) size 248x19
              text run at (0,0) width 248: "This line should have a green background"
          RenderBlock {elementB} at (0,72) size 784x20 [bgcolor=#00FF00]
            RenderText {#text} at (0,0) size 248x19
              text run at (0,0) width 248: "This line should have a green background"
