layer at (0,0) size 800x600
  RenderView at (0,0) size 800x600
layer at (0,0) size 800x416
  RenderBlock {html} at (0,0) size 800x416
    RenderBody {body} at (8,16) size 784x384
      RenderBlock {p} at (0,0) size 784x20 [bgcolor=#00FF00]
        RenderText {#text} at (0,0) size 278x19
          text run at (0,0) width 278: "This paragraph should have green background"
      RenderBlock {address} at (0,36) size 784x20
        RenderText {#text} at (0,0) size 232x19
          text run at (0,0) width 232: "And this address should be unstyled."
      RenderBlock {p} at (0,72) size 784x20 [bgcolor=#00FF00]
        RenderText {#text} at (0,0) size 311x19
          text run at (0,0) width 311: "This paragraph should also have green background!"
      RenderBlock {p} at (0,108) size 784x20
        RenderText {#text} at (0,0) size 225x19
          text run at (0,0) width 225: "But this one should be unstyled again."
      RenderBlock {dl} at (0,144) size 784x240
        RenderBlock {dt} at (0,0) size 784x20
          RenderText {#text} at (0,0) size 116x19
            text run at (0,0) width 116: "First definition term"
        RenderBlock {dd} at (40,20) size 744x20
          RenderText {#text} at (0,0) size 85x19
            text run at (0,0) width 85: "First definition"
        RenderBlock {dt} at (0,40) size 784x20 [bgcolor=#00FF00]
          RenderText {#text} at (0,0) size 349x19
            text run at (0,0) width 349: "Second definition term that should have green background"
        RenderBlock {dd} at (40,60) size 744x20 [bgcolor=#00FF00]
          RenderText {#text} at (0,0) size 318x19
            text run at (0,0) width 318: "Second definition that should have green background"
        RenderBlock {dt} at (0,80) size 784x20 [bgcolor=#00FF00]
          RenderText {#text} at (0,0) size 335x19
            text run at (0,0) width 335: "Third definition term that should have green background"
        RenderBlock {dd} at (40,100) size 744x20 [bgcolor=#00FF00]
          RenderText {#text} at (0,0) size 304x19
            text run at (0,0) width 304: "Third definition that should have green background"
        RenderBlock {dt} at (0,120) size 784x20
          RenderText {#text} at (0,0) size 129x19
            text run at (0,0) width 129: "Fourth definition term"
        RenderBlock {dd} at (40,140) size 744x20
          RenderText {#text} at (0,0) size 98x19
            text run at (0,0) width 98: "Fourth definition"
        RenderBlock {dt} at (0,160) size 784x20 [bgcolor=#00FF00]
          RenderText {#text} at (0,0) size 330x19
            text run at (0,0) width 330: "Fifth definition term that should have green background"
        RenderBlock {dd} at (40,180) size 744x20 [bgcolor=#00FF00]
          RenderText {#text} at (0,0) size 299x19
            text run at (0,0) width 299: "Fifth definition that should have green background"
        RenderBlock {dt} at (0,200) size 784x20 [bgcolor=#00FF00]
          RenderText {#text} at (0,0) size 333x19
            text run at (0,0) width 333: "Sixth definition term that should have green background"
        RenderBlock {dd} at (40,220) size 744x20 [bgcolor=#00FF00]
          RenderText {#text} at (0,0) size 302x19
            text run at (0,0) width 302: "Sixth definition that should have green background"
