layer at (0,0) size 800x600
  RenderView at (0,0) size 800x600
layer at (0,0) size 800x176
  RenderBlock {html} at (0,0) size 800x176
    RenderBody {body} at (8,16) size 784x152
      RenderBlock {div} at (0,0) size 784x94
        RenderBlock {p} at (0,0) size 784x20
          RenderText {#text} at (0,0) size 205x19
            text run at (0,0) width 205: "This paragraph should be unstyled"
        RenderTable {table} at (0,36) size 211x58
          RenderTableSection {tbody} at (0,0) size 211x58
            RenderTableRow {tr} at (0,2) size 211x54
              RenderTableCell {td} at (2,2) size 207x54 [r=0 c=0 rs=1 cs=1]
                RenderBlock {p} at (1,17) size 205x20
                  RenderText {#text} at (0,0) size 205x19
                    text run at (0,0) width 205: "This paragraph should be unstyled"
      RenderTable {table} at (0,94) size 295x58
        RenderTableSection {tbody} at (0,0) size 295x58
          RenderTableRow {tr} at (0,2) size 295x54
            RenderTableCell {td} at (2,2) size 291x54 [r=0 c=0 rs=1 cs=1]
              RenderBlock {p} at (1,17) size 289x20 [bgcolor=#00FF00]
                RenderText {#text} at (0,0) size 289x19
                  text run at (0,0) width 289: "This paragraph should have a green background"
