layer at (0,0) size 800x600
  RenderView at (0,0) size 800x600
layer at (0,0) size 800x128
  RenderBlock {html} at (0,0) size 800x128
    RenderBody {body} at (8,16) size 784x96
      RenderBlock {p} at (0,0) size 784x96 [color=#008000]
        RenderBR {br} at (0,1) size 0x73
        RenderText {#text} at (0,76) size 152x19
          text run at (0,76) width 152: "This line should be green."
