layer at (0,0) size 800x600
  RenderView at (0,0) size 800x600
layer at (0,0) size 800x72
  RenderBlock {html} at (0,0) size 800x72
    RenderBody {body} at (8,16) size 784x40
      RenderBlock {p} at (0,0) size 784x40 [bgcolor=#00FF00]
        RenderText {#text} at (0,0) size 289x19
          text run at (0,0) width 289: "This paragraph should have a green background"
        RenderBR {br} at (289,0) size 0x19
        RenderText {#text} at (0,20) size 249x19
          text run at (0,20) width 249: "because its title attribute begins with \"foo\""
