layer at (0,0) size 800x600
  RenderView at (0,0) size 800x600
layer at (0,0) size 800x196
  RenderBlock {html} at (0,0) size 800x196
    RenderBody {body} at (8,16) size 784x164
      RenderBlock {p} at (0,0) size 784x20
        RenderText {#text} at (0,0) size 168x19
          text run at (0,0) width 168: "This line should be unstyled."
      RenderBlock {p} at (0,36) size 784x20 [bgcolor=#00FF00]
        RenderText {#text} at (0,0) size 252x19
          text run at (0,0) width 252: "This line should have a green background."
      RenderBlock {q} at (0,72) size 784x20 [bgcolor=#00FF00]
        RenderText {#text} at (0,0) size 252x19
          text run at (0,0) width 252: "This line should have a green background."
      RenderBlock {p} at (0,108) size 784x20
        RenderText {#text} at (0,0) size 168x19
          text run at (0,0) width 168: "This line should be unstyled."
      RenderBlock {p} at (0,144) size 784x20 [bgcolor=#00FF00]
        RenderText {#text} at (0,0) size 252x19
          text run at (0,0) width 252: "This line should have a green background."
