layer at (0,0) size 800x600
  RenderView at (0,0) size 800x600
layer at (0,0) size 800x116
  RenderBlock {html} at (0,0) size 800x116 [color=#00FF00]
    RenderBody {body} at (8,16) size 784x92
      RenderBlock {p} at (0,0) size 784x20 [color=#FF0000]
        RenderInline {span} at (0,0) size 440x19 [color=#00FF00]
          RenderText {#text} at (0,0) size 440x19
            text run at (0,0) width 341: "This paragraph, and all textual contents in the document, "
            text run at (341,0) width 99: "should be green."
        RenderText {#text} at (0,0) size 0x0
      RenderBlock {ul} at (0,36) size 784x20 [color=#FF0000]
        RenderListItem {li} at (40,0) size 744x20 [color=#00FF00]
          RenderListMarker at (-18,0) size 7x19: bullet
          RenderText {#text} at (0,0) size 157x19
            text run at (0,0) width 157: "This item should be green."
      RenderBlock (anonymous) at (0,72) size 784x20
        RenderInline {foo} at (0,0) size 432x19
          RenderText {#text} at (0,0) size 432x19
            text run at (0,0) width 313: "And this element, part of a non-HTML namespace, "
            text run at (313,0) width 119: "should be green too"
        RenderText {#text} at (0,0) size 0x0
