layer at (0,0) size 800x600
  RenderView at (0,0) size 800x600
layer at (0,0) size 800x196
  RenderBlock {html} at (0,0) size 800x196
    RenderBody {body} at (8,16) size 784x164
      RenderBlock {div} at (0,0) size 784x164
        RenderBlock {p} at (0,0) size 784x20
          RenderText {#text} at (0,0) size 209x19
            text run at (0,0) width 209: "This paragraph should be unstyled."
        RenderBlock {p} at (0,36) size 784x20 [bgcolor=#00FF00]
          RenderText {#text} at (0,0) size 274x19
            text run at (0,0) width 274: "But this one should have a green background."
        RenderBlock {p} at (0,72) size 784x20 [bgcolor=#00FF00]
          RenderText {#text} at (0,0) size 307x19
            text run at (0,0) width 307: "And this one should also have a green background."
        RenderBlock {address} at (0,108) size 784x20
          RenderText {#text} at (0,0) size 439x19
            text run at (0,0) width 439: "This address is only here to fill some space between two paragraphs."
        RenderBlock {p} at (0,144) size 784x20
          RenderText {#text} at (0,0) size 209x19
            text run at (0,0) width 209: "This paragraph should be unstyled."
