layer at (0,0) size 800x600
  RenderView at (0,0) size 800x600
layer at (0,0) size 800x160
  RenderBlock {html} at (0,0) size 800x160
    RenderBody {body} at (8,16) size 784x128
      RenderBlock {div} at (0,0) size 784x128
        RenderBlock {div} at (0,0) size 784x128 [color=#008000]
          RenderBlock {p} at (0,0) size 784x20
            RenderText {#text} at (0,0) size 152x19
              text run at (0,0) width 152: "This line should be green."
          RenderBlock {p} at (0,36) size 784x20
            RenderText {#text} at (0,0) size 152x19
              text run at (0,0) width 152: "This line should be green."
          RenderBlock {p} at (0,72) size 784x20
            RenderInline {SPAN} at (0,0) size 152x19
              RenderText {#text} at (0,0) size 152x19
                text run at (0,0) width 152: "This line should be green."
          RenderBlock {p} at (0,108) size 784x20 [color=#FF0000]
            RenderInline {SPAN} at (0,0) size 152x19 [color=#008000]
              RenderText {#text} at (0,0) size 152x19
                text run at (0,0) width 152: "This line should be green."
