layer at (0,0) size 800x600
  RenderView at (0,0) size 800x600
layer at (0,0) size 800x124
  RenderBlock {html} at (0,0) size 800x124
    RenderBody {body} at (8,16) size 784x92
      RenderBlock {div} at (0,0) size 784x92
        RenderBlock {p} at (0,0) size 784x20
          RenderText {#text} at (0,0) size 286x19
            text run at (0,0) width 286: "This paragraph should have normal background"
        RenderBlock {address} at (0,36) size 784x20 [bgcolor=#00FF00]
          RenderText {#text} at (0,0) size 304x19
            text run at (0,0) width 304: "But this address should have green background"
        RenderBlock {p} at (0,72) size 784x20
          RenderText {#text} at (0,0) size 286x19
            text run at (0,0) width 286: "This paragraph should have normal background"
