layer at (0,0) size 800x600
  RenderView at (0,0) size 800x600
layer at (0,0) size 800x88
  RenderBlock {html} at (0,0) size 800x88
    RenderBody {body} at (8,16) size 784x56
      RenderBlock {blockquote} at (40,0) size 704x20
        RenderBlock {div} at (0,0) size 704x20
          RenderText {#text} at (0,0) size 170x19
            text run at (0,0) width 170: "This text should be unstyled."
      RenderBlock {div} at (0,36) size 784x20
        RenderBlock {div} at (0,0) size 784x20
          RenderBlock {p} at (0,0) size 784x20 [color=#008000]
            RenderText {#text} at (0,0) size 154x19
              text run at (0,0) width 154: "This text should be green."
