layer at (0,0) size 800x600
  RenderView at (0,0) size 800x600
layer at (0,0) size 800x44
  RenderBlock {html} at (0,0) size 800x44
    RenderBody {body} at (8,8) size 784x20
      RenderBlock {div} at (0,0) size 784x20
        RenderBlock {t} at (0,0) size 784x20 [color=#008000]
          RenderText {#text} at (0,0) size 273x19
            text run at (0,0) width 273: "This paragraph should be in green characters."
