layer at (0,0) size 800x600
  RenderView at (0,0) size 800x600
layer at (0,0) size 800x36
  RenderBlock {html} at (0,0) size 800x36
    RenderBody {body} at (8,8) size 784x20
      RenderInline {testA} at (0,0) size 489x19 [bgcolor=#00FF00]
        RenderText {#text} at (0,0) size 489x19
          text run at (0,0) width 489: "This paragraph has no declared namespace and should have a green background."
      RenderText {#text} at (0,0) size 0x0
