layer at (0,0) size 800x600
  RenderView at (0,0) size 800x600
layer at (0,0) size 800x116
  RenderBlock {html} at (0,0) size 800x116
    RenderBody {body} at (8,8) size 784x92
      RenderBlock {div} at (0,0) size 784x92
        RenderBlock {address} at (0,0) size 784x20 [color=#008000]
          RenderText {#text} at (0,0) size 277x19
            text run at (0,0) width 277: "This address should be in green characters."
        RenderBlock {s} at (0,36) size 784x20 [color=#008000]
          RenderText {#text} at (0,0) size 273x19
            text run at (0,0) width 273: "This paragraph should be in green characters."
        RenderBlock {u} at (0,72) size 784x20 [color=#008000]
          RenderText {#text} at (0,0) size 273x19
            text run at (0,0) width 273: "This paragraph should be in green characters."
