layer at (0,0) size 800x600
  RenderView at (0,0) size 800x600
layer at (0,0) size 800x52
  RenderBlock {html} at (0,0) size 800x52
    RenderBody {body} at (8,16) size 784x20
      RenderBlock {p} at (0,0) size 784x20 [color=#008000]
        RenderInline {foo:bar} at (0,0) size 154x19
          RenderText {#text} at (0,0) size 154x19
            text run at (0,0) width 154: "This text should be green."
        RenderText {#text} at (0,0) size 0x0
