layer at (0,0) size 800x600
  RenderView at (0,0) size 800x600
layer at (0,0) size 800x196
  RenderBlock {html} at (0,0) size 800x196
    RenderBody {body} at (8,16) size 784x164
      RenderBlock {div} at (0,0) size 784x164
        RenderBlock {p} at (0,0) size 784x20 [bgcolor=#00FF00]
          RenderText {#text} at (0,0) size 293x19
            text run at (0,0) width 293: "This paragraph should have a green background."
        RenderBlock {p} at (0,36) size 784x20
          RenderText {#text} at (0,0) size 190x19
            text run at (0,0) width 190: "But this one should be unstyled."
        RenderBlock {p} at (0,72) size 784x20
          RenderText {#text} at (0,0) size 223x19
            text run at (0,0) width 223: "And this one should also be unstyled."
        RenderBlock {address} at (0,108) size 784x20 [bgcolor=#00FF00]
          RenderText {#text} at (0,0) size 681x19
            text run at (0,0) width 681: "This address is only here to fill some space between two paragraphs and should have a green background."
        RenderBlock {p} at (0,144) size 784x20 [bgcolor=#00FF00]
          RenderText {#text} at (0,0) size 317x19
            text run at (0,0) width 317: "This paragraph should have a green background too."
