layer at (0,0) size 800x600
  RenderView at (0,0) size 800x600
layer at (0,0) size 800x144
  RenderBlock {html} at (0,0) size 800x144
    RenderBody {body} at (8,16) size 784x112
      RenderBlock {p} at (0,0) size 784x20 [color=#000080]
        RenderText {#text} at (0,0) size 154x19
          text run at (0,0) width 154: "The background color of "
        RenderInline {a} at (0,0) size 109x19 [color=#0000EE]
          RenderText {#text} at (154,0) size 74x19
            text run at (154,0) width 74: "this anchor ("
          RenderInline {strong} at (0,0) size 30x19
            RenderText {#text} at (228,0) size 30x19
              text run at (228,0) width 30: "here"
          RenderText {#text} at (258,0) size 5x19
            text run at (258,0) width 5: ")"
        RenderText {#text} at (263,0) size 365x19
          text run at (263,0) width 365: " should turn to green when the pointing device hovers over it."
      RenderBlock {p} at (0,36) size 784x20 [color=#000080]
        RenderText {#text} at (0,0) size 154x19
          text run at (0,0) width 154: "The background color of "
        RenderInline {a} at (0,0) size 109x19 [color=#FFFFFF] [bgcolor=#008000]
          RenderText {#text} at (154,0) size 74x19
            text run at (154,0) width 74: "this anchor ("
          RenderInline {strong} at (0,0) size 30x19
            RenderText {#text} at (228,0) size 30x19
              text run at (228,0) width 30: "here"
          RenderText {#text} at (258,0) size 5x19
            text run at (258,0) width 5: ")"
        RenderText {#text} at (263,0) size 47x19
          text run at (263,0) width 47: " should "
        RenderInline {strong} at (0,0) size 209x19
          RenderText {#text} at (310,0) size 209x19
            text run at (310,0) width 209: "remain green when you hover it"
        RenderText {#text} at (519,0) size 4x19
          text run at (519,0) width 4: "."
      RenderBlock {p} at (0,72) size 784x40 [color=#000080]
        RenderText {#text} at (0,0) size 154x19
          text run at (0,0) width 154: "The background color of "
        RenderInline {a} at (0,0) size 109x19 [color=#FFFFFF] [bgcolor=#008000]
          RenderText {#text} at (154,0) size 74x19
            text run at (154,0) width 74: "this anchor ("
          RenderInline {strong} at (0,0) size 30x19
            RenderText {#text} at (228,0) size 30x19
              text run at (228,0) width 30: "here"
          RenderText {#text} at (258,0) size 5x19
            text run at (258,0) width 5: ")"
        RenderText {#text} at (263,0) size 47x19
          text run at (263,0) width 47: " should "
        RenderInline {strong} at (0,0) size 351x19
          RenderText {#text} at (310,0) size 351x19
            text run at (310,0) width 351: "remain green when the pointing device hovers over it"
        RenderText {#text} at (661,0) size 776x39
          text run at (661,0) width 115: " (do not follow that"
          text run at (0,20) width 30: "link)."
