layer at (0,0) size 800x600
  RenderView at (0,0) size 800x600
layer at (0,0) size 800x376
  RenderBlock {html} at (0,0) size 800x376
    RenderBody {body} at (8,8) size 784x360
      RenderBlock (anonymous) at (0,0) size 784x0
        RenderInline {test} at (0,0) size 0x0
          RenderText {#text} at (0,0) size 0x0
      RenderBlock (anonymous) at (0,0) size 784x360
        RenderBlock {line} at (0,0) size 784x20
          RenderText {#text} at (0,0) size 168x19
            text run at (0,0) width 168: "This line should be unstyled."
        RenderBlock {line} at (0,20) size 784x20 [bgcolor=#00FF00]
          RenderText {#text} at (0,0) size 152x19
            text run at (0,0) width 152: "This line should be green."
        RenderBlock {line} at (0,40) size 784x20
          RenderText {#text} at (0,0) size 168x19
            text run at (0,0) width 168: "This line should be unstyled."
        RenderBlock {line} at (0,60) size 784x20
          RenderText {#text} at (0,0) size 168x19
            text run at (0,0) width 168: "This line should be unstyled."
        RenderBlock {line} at (0,80) size 784x20 [bgcolor=#00FF00]
          RenderText {#text} at (0,0) size 152x19
            text run at (0,0) width 152: "This line should be green."
        RenderBlock {line} at (0,100) size 784x20
          RenderText {#text} at (0,0) size 168x19
            text run at (0,0) width 168: "This line should be unstyled."
        RenderBlock {line} at (0,120) size 784x20 [bgcolor=#00FF00]
          RenderText {#text} at (0,0) size 152x19
            text run at (0,0) width 152: "This line should be green."
        RenderBlock {line} at (0,140) size 784x20
          RenderText {#text} at (0,0) size 168x19
            text run at (0,0) width 168: "This line should be unstyled."
        RenderBlock {line} at (0,160) size 784x20
          RenderText {#text} at (0,0) size 168x19
            text run at (0,0) width 168: "This line should be unstyled."
        RenderBlock {line} at (0,180) size 784x20 [bgcolor=#00FF00]
          RenderText {#text} at (0,0) size 152x19
            text run at (0,0) width 152: "This line should be green."
        RenderBlock {line} at (0,200) size 784x20
          RenderText {#text} at (0,0) size 168x19
            text run at (0,0) width 168: "This line should be unstyled."
        RenderBlock {line} at (0,220) size 784x20
          RenderText {#text} at (0,0) size 168x19
            text run at (0,0) width 168: "This line should be unstyled."
        RenderBlock {line} at (0,240) size 784x20
          RenderText {#text} at (0,0) size 168x19
            text run at (0,0) width 168: "This line should be unstyled."
        RenderBlock {line} at (0,260) size 784x20 [bgcolor=#00FF00]
          RenderText {#text} at (0,0) size 152x19
            text run at (0,0) width 152: "This line should be green."
        RenderBlock {line} at (0,280) size 784x20
          RenderText {#text} at (0,0) size 168x19
            text run at (0,0) width 168: "This line should be unstyled."
        RenderBlock {line} at (0,300) size 784x20
          RenderText {#text} at (0,0) size 168x19
            text run at (0,0) width 168: "This line should be unstyled."
        RenderBlock {line} at (0,320) size 784x20 [bgcolor=#00FF00]
          RenderText {#text} at (0,0) size 152x19
            text run at (0,0) width 152: "This line should be green."
        RenderBlock {line} at (0,340) size 784x20
          RenderText {#text} at (0,0) size 168x19
            text run at (0,0) width 168: "This line should be unstyled."
      RenderBlock (anonymous) at (0,360) size 784x0
        RenderInline {test} at (0,0) size 0x0
        RenderText {#text} at (0,0) size 0x0
