layer at (0,0) size 800x600
  RenderView at (0,0) size 800x600
layer at (0,0) size 800x600
  RenderBlock {HTML} at (0,0) size 800x600
    RenderBody {BODY} at (8,16) size 784x568
layer at (8,16) size 784x169
  RenderBlock {DIV} at (0,0) size 784x169 [border: (5px solid #800000)]
    RenderBlock (anonymous) at (5,5) size 379x18
      RenderInline {LABEL} at (0,0) size 105x17
        RenderText {#text} at (0,0) size 105x17
          text run at (0,0) width 105: "Some inline text"
    RenderBlock (anonymous) at (5,23) size 379x285
      RenderSummary {SUMMARY} at (0,0) size 379x285
        RenderBlock (anonymous) at (0,0) size 379x18
          RenderText {#text} at (0,0) size 104x17
            text run at (0,0) width 104: "Some block text"
        RenderBlock {H2} at (0,37) size 379x27 [bgcolor=#EEEEEE]
          RenderText {#text} at (0,0) size 59x26
            text run at (0,0) width 59: "PASS"
        RenderBlock (anonymous) at (0,83) size 379x202
          RenderText {#text} at (0,0) size 378x201
            text run at (0,0) width 364: "Lorem ipsum dolor sit amet, consectetuer adipiscing elit."
            text run at (0,18) width 362: "Nulla varius enim ac mi. Curabitur sollicitudin felis quis"
            text run at (0,36) width 376: "lectus. Quisque adipiscing rhoncus sem. Proin nulla purus,"
            text run at (0,58) width 378: "vulputate vel, varius ut, euismod et, nisi. Sed vitae felis vel"
            text run at (0,76) width 368: "orci sagittis aliquam. Cras convallis adipiscing sem. Nam"
            text run at (0,94) width 324: "nonummy enim. Nullam bibendum lobortis neque."
            text run at (0,112) width 341: "Vestibulum velit orci, tempus euismod, pretium quis,"
            text run at (0,130) width 318: "interdum vitae, nulla. Phasellus eget ante et tortor"
            text run at (0,148) width 377: "condimentum vestibulum. Suspendisse hendrerit quam nec"
            text run at (0,166) width 364: "felis. Sed varius turpis vitae pede. Lorem ipsum dolor sit"
            text run at (0,184) width 218: "amet, consectetuer adipiscing elit."
    RenderBlock (anonymous) at (5,308) size 379x0
      RenderInline {LABEL} at (0,0) size 0x0
