layer at (0,0) size 784x1558
  RenderView at (0,0) size 784x600
layer at (0,0) size 784x1558
  RenderBlock {HTML} at (0,0) size 784x1558
    RenderBody {BODY} at (8,16) size 768x1526
layer at (8,16) size 760x482
  RenderBlock {DIV} at (0,0) size 760x482 [border: (5px solid #800000)]
    RenderBlock (anonymous multi-column span) at (5,203) size 750x65
      RenderBlock {H2} at (0,19) size 750x27 [bgcolor=#EEEEEE]
        RenderText {#text} at (0,0) size 195x26
          text run at (0,0) width 195: "This is a first span."
    RenderBlock (anonymous multi-column span) at (5,286) size 750x65
      RenderBlock {H2} at (0,19) size 750x27 [bgcolor=#EEEEEE]
        RenderText {#text} at (0,0) size 221x26
          text run at (0,0) width 221: "This is a second span."
layer at (13,21) size 750x198
  RenderBlock (anonymous multi-column) at (5,5) size 750x198
    RenderText {#text} at (0,0) size 367x395
      text run at (0,0) width 364: "Lorem ipsum dolor sit amet, consectetuer adipiscing elit."
      text run at (0,18) width 362: "Nulla varius enim ac mi. Curabitur sollicitudin felis quis"
      text run at (0,36) width 332: "lectus. Quisque adipiscing rhoncus sem. Proin nulla"
      text run at (0,54) width 367: "purus, vulputate vel, varius ut, euismod et, nisi. Sed vitae"
      text run at (0,72) width 354: "felis vel orci sagittis aliquam. Cras convallis adipiscing"
      text run at (0,90) width 347: "sem. Nam nonummy enim. Nullam bibendum lobortis"
      text run at (0,108) width 353: "neque. Vestibulum velit orci, tempus euismod, pretium"
      text run at (0,126) width 353: "quis, interdum vitae, nulla. Phasellus eget ante et tortor"
      text run at (0,144) width 351: "condimentum vestibulum. Suspendisse hendrerit quam"
      text run at (0,162) width 333: "nec felis. Sed varius turpis vitae pede. Lorem ipsum"
      text run at (0,180) width 279: "dolor sit amet, consectetuer adipiscing elit. "
      text run at (278,180) width 86: "Lorem ipsum"
      text run at (0,198) width 357: "dolor sit amet, consectetuer adipiscing elit. Nulla varius"
      text run at (0,216) width 324: "enim ac mi. Curabitur sollicitudin felis quis lectus."
      text run at (0,234) width 330: "Quisque adipiscing rhoncus sem. Proin nulla purus,"
      text run at (0,252) width 355: "vulputate vel, varius ut, euismod et, nisi. Sed vitae felis"
      text run at (0,270) width 356: "vel orci sagittis aliquam. Cras convallis adipiscing sem."
      text run at (0,288) width 360: "Nam nonummy enim. Nullam bibendum lobortis neque."
      text run at (0,306) width 341: "Vestibulum velit orci, tempus euismod, pretium quis,"
      text run at (0,324) width 318: "interdum vitae, nulla. Phasellus eget ante et tortor"
      text run at (0,342) width 351: "condimentum vestibulum. Suspendisse hendrerit quam"
      text run at (0,360) width 333: "nec felis. Sed varius turpis vitae pede. Lorem ipsum"
      text run at (0,378) width 275: "dolor sit amet, consectetuer adipiscing elit."
layer at (13,284) size 750x18
  RenderBlock (anonymous multi-column) at (5,268) size 750x18
    RenderText {#text} at (0,0) size 314x35
      text run at (0,0) width 314: "This text should be sitting between two spanning"
      text run at (0,18) width 61: "elements."
layer at (13,367) size 750x126
  RenderBlock (anonymous multi-column) at (5,351) size 750x126
    RenderText {#text} at (0,0) size 367x233
      text run at (0,0) width 364: "Lorem ipsum dolor sit amet, consectetuer adipiscing elit."
      text run at (0,18) width 362: "Nulla varius enim ac mi. Curabitur sollicitudin felis quis"
      text run at (0,36) width 332: "lectus. Quisque adipiscing rhoncus sem. Proin nulla"
      text run at (0,54) width 367: "purus, vulputate vel, varius ut, euismod et, nisi. Sed vitae"
      text run at (0,72) width 354: "felis vel orci sagittis aliquam. Cras convallis adipiscing"
      text run at (0,90) width 347: "sem. Nam nonummy enim. Nullam bibendum lobortis"
      text run at (0,108) width 353: "neque. Vestibulum velit orci, tempus euismod, pretium"
      text run at (0,126) width 353: "quis, interdum vitae, nulla. Phasellus eget ante et tortor"
      text run at (0,144) width 351: "condimentum vestibulum. Suspendisse hendrerit quam"
      text run at (0,162) width 333: "nec felis. Sed varius turpis vitae pede. Lorem ipsum"
      text run at (0,180) width 279: "dolor sit amet, consectetuer adipiscing elit. "
      text run at (278,180) width 86: "Lorem ipsum"
      text run at (0,198) width 357: "dolor sit amet, consectetuer adipiscing elit. Nulla varius"
      text run at (0,216) width 76: "enim ac mi."
layer at (8,514) size 760x514
  RenderBlock {DIV} at (0,498) size 760x514 [border: (5px solid #800000)]
    RenderBlock (anonymous multi-column span) at (5,129) size 750x65
      RenderBlock {H2} at (0,19) size 750x27 [bgcolor=#EEEEEE]
        RenderText {#text} at (0,0) size 195x26
          text run at (0,0) width 195: "This is a first span."
    RenderBlock (anonymous multi-column span) at (5,318) size 750x65
      RenderBlock {H2} at (0,19) size 750x27 [bgcolor=#EEEEEE]
        RenderText {#text} at (0,0) size 221x26
          text run at (0,0) width 221: "This is a second span."
layer at (13,519) size 750x124
  RenderBlock (anonymous multi-column) at (5,5) size 750x124
    RenderBlock {P} at (0,16) size 367x198
      RenderText {#text} at (0,0) size 367x197
        text run at (0,0) width 364: "Lorem ipsum dolor sit amet, consectetuer adipiscing elit."
        text run at (0,18) width 362: "Nulla varius enim ac mi. Curabitur sollicitudin felis quis"
        text run at (0,36) width 332: "lectus. Quisque adipiscing rhoncus sem. Proin nulla"
        text run at (0,54) width 367: "purus, vulputate vel, varius ut, euismod et, nisi. Sed vitae"
        text run at (0,72) width 354: "felis vel orci sagittis aliquam. Cras convallis adipiscing"
        text run at (0,90) width 347: "sem. Nam nonummy enim. Nullam bibendum lobortis"
        text run at (0,108) width 353: "neque. Vestibulum velit orci, tempus euismod, pretium"
        text run at (0,126) width 353: "quis, interdum vitae, nulla. Phasellus eget ante et tortor"
        text run at (0,144) width 351: "condimentum vestibulum. Suspendisse hendrerit quam"
        text run at (0,162) width 333: "nec felis. Sed varius turpis vitae pede. Lorem ipsum"
        text run at (0,180) width 275: "dolor sit amet, consectetuer adipiscing elit."
layer at (13,708) size 750x124
  RenderBlock (anonymous multi-column) at (5,194) size 750x124
    RenderBlock {P} at (0,16) size 367x198
      RenderText {#text} at (0,0) size 367x197
        text run at (0,0) width 364: "Lorem ipsum dolor sit amet, consectetuer adipiscing elit."
        text run at (0,18) width 362: "Nulla varius enim ac mi. Curabitur sollicitudin felis quis"
        text run at (0,36) width 332: "lectus. Quisque adipiscing rhoncus sem. Proin nulla"
        text run at (0,54) width 367: "purus, vulputate vel, varius ut, euismod et, nisi. Sed vitae"
        text run at (0,72) width 354: "felis vel orci sagittis aliquam. Cras convallis adipiscing"
        text run at (0,90) width 347: "sem. Nam nonummy enim. Nullam bibendum lobortis"
        text run at (0,108) width 353: "neque. Vestibulum velit orci, tempus euismod, pretium"
        text run at (0,126) width 353: "quis, interdum vitae, nulla. Phasellus eget ante et tortor"
        text run at (0,144) width 351: "condimentum vestibulum. Suspendisse hendrerit quam"
        text run at (0,162) width 333: "nec felis. Sed varius turpis vitae pede. Lorem ipsum"
        text run at (0,180) width 275: "dolor sit amet, consectetuer adipiscing elit."
layer at (13,897) size 750x126
  RenderBlock (anonymous multi-column) at (5,383) size 750x126
    RenderText {#text} at (0,0) size 367x233
      text run at (0,0) width 364: "Lorem ipsum dolor sit amet, consectetuer adipiscing elit."
      text run at (0,18) width 362: "Nulla varius enim ac mi. Curabitur sollicitudin felis quis"
      text run at (0,36) width 332: "lectus. Quisque adipiscing rhoncus sem. Proin nulla"
      text run at (0,54) width 367: "purus, vulputate vel, varius ut, euismod et, nisi. Sed vitae"
      text run at (0,72) width 354: "felis vel orci sagittis aliquam. Cras convallis adipiscing"
      text run at (0,90) width 347: "sem. Nam nonummy enim. Nullam bibendum lobortis"
      text run at (0,108) width 353: "neque. Vestibulum velit orci, tempus euismod, pretium"
      text run at (0,126) width 353: "quis, interdum vitae, nulla. Phasellus eget ante et tortor"
      text run at (0,144) width 351: "condimentum vestibulum. Suspendisse hendrerit quam"
      text run at (0,162) width 333: "nec felis. Sed varius turpis vitae pede. Lorem ipsum"
      text run at (0,180) width 279: "dolor sit amet, consectetuer adipiscing elit. "
      text run at (278,180) width 86: "Lorem ipsum"
      text run at (0,198) width 357: "dolor sit amet, consectetuer adipiscing elit. Nulla varius"
      text run at (0,216) width 76: "enim ac mi."
layer at (8,1044) size 760x498
  RenderBlock {DIV} at (0,1028) size 760x498 [border: (5px solid #800000)]
    RenderBlock (anonymous multi-column span) at (5,113) size 750x65
      RenderBlock {H2} at (0,19) size 750x27 [bgcolor=#EEEEEE]
        RenderText {#text} at (0,0) size 195x26
          text run at (0,0) width 195: "This is a first span."
    RenderBlock (anonymous multi-column span) at (5,302) size 750x65
      RenderBlock {H2} at (0,19) size 750x27 [bgcolor=#EEEEEE]
        RenderText {#text} at (0,0) size 221x26
          text run at (0,0) width 221: "This is a second span."
layer at (13,1049) size 750x108
  RenderBlock (anonymous multi-column) at (5,5) size 750x108
    RenderBlock (anonymous) at (0,0) size 367x0
      RenderInline {SPAN} at (0,0) size 0x0
        RenderText {#text} at (0,0) size 0x0
    RenderBlock (anonymous) at (0,0) size 367x198
      RenderBlock {SPAN} at (0,0) size 367x198
        RenderText {#text} at (0,0) size 367x197
          text run at (0,0) width 364: "Lorem ipsum dolor sit amet, consectetuer adipiscing elit."
          text run at (0,18) width 362: "Nulla varius enim ac mi. Curabitur sollicitudin felis quis"
          text run at (0,36) width 332: "lectus. Quisque adipiscing rhoncus sem. Proin nulla"
          text run at (0,54) width 367: "purus, vulputate vel, varius ut, euismod et, nisi. Sed vitae"
          text run at (0,72) width 354: "felis vel orci sagittis aliquam. Cras convallis adipiscing"
          text run at (0,90) width 347: "sem. Nam nonummy enim. Nullam bibendum lobortis"
          text run at (0,108) width 353: "neque. Vestibulum velit orci, tempus euismod, pretium"
          text run at (0,126) width 353: "quis, interdum vitae, nulla. Phasellus eget ante et tortor"
          text run at (0,144) width 351: "condimentum vestibulum. Suspendisse hendrerit quam"
          text run at (0,162) width 333: "nec felis. Sed varius turpis vitae pede. Lorem ipsum"
          text run at (0,180) width 275: "dolor sit amet, consectetuer adipiscing elit."
    RenderBlock (anonymous) at (0,198) size 367x0
      RenderInline {SPAN} at (0,0) size 0x0
      RenderText {#text} at (0,0) size 0x0
layer at (13,1222) size 750x124
  RenderBlock (anonymous multi-column) at (5,178) size 750x124
    RenderBlock {P} at (0,16) size 367x198
      RenderText {#text} at (0,0) size 367x197
        text run at (0,0) width 364: "Lorem ipsum dolor sit amet, consectetuer adipiscing elit."
        text run at (0,18) width 362: "Nulla varius enim ac mi. Curabitur sollicitudin felis quis"
        text run at (0,36) width 332: "lectus. Quisque adipiscing rhoncus sem. Proin nulla"
        text run at (0,54) width 367: "purus, vulputate vel, varius ut, euismod et, nisi. Sed vitae"
        text run at (0,72) width 354: "felis vel orci sagittis aliquam. Cras convallis adipiscing"
        text run at (0,90) width 347: "sem. Nam nonummy enim. Nullam bibendum lobortis"
        text run at (0,108) width 353: "neque. Vestibulum velit orci, tempus euismod, pretium"
        text run at (0,126) width 353: "quis, interdum vitae, nulla. Phasellus eget ante et tortor"
        text run at (0,144) width 351: "condimentum vestibulum. Suspendisse hendrerit quam"
        text run at (0,162) width 333: "nec felis. Sed varius turpis vitae pede. Lorem ipsum"
        text run at (0,180) width 275: "dolor sit amet, consectetuer adipiscing elit."
layer at (13,1411) size 750x126
  RenderBlock (anonymous multi-column) at (5,367) size 750x126
    RenderText {#text} at (0,0) size 367x233
      text run at (0,0) width 364: "Lorem ipsum dolor sit amet, consectetuer adipiscing elit."
      text run at (0,18) width 362: "Nulla varius enim ac mi. Curabitur sollicitudin felis quis"
      text run at (0,36) width 332: "lectus. Quisque adipiscing rhoncus sem. Proin nulla"
      text run at (0,54) width 367: "purus, vulputate vel, varius ut, euismod et, nisi. Sed vitae"
      text run at (0,72) width 354: "felis vel orci sagittis aliquam. Cras convallis adipiscing"
      text run at (0,90) width 347: "sem. Nam nonummy enim. Nullam bibendum lobortis"
      text run at (0,108) width 353: "neque. Vestibulum velit orci, tempus euismod, pretium"
      text run at (0,126) width 353: "quis, interdum vitae, nulla. Phasellus eget ante et tortor"
      text run at (0,144) width 351: "condimentum vestibulum. Suspendisse hendrerit quam"
      text run at (0,162) width 333: "nec felis. Sed varius turpis vitae pede. Lorem ipsum"
      text run at (0,180) width 279: "dolor sit amet, consectetuer adipiscing elit. "
      text run at (278,180) width 86: "Lorem ipsum"
      text run at (0,198) width 357: "dolor sit amet, consectetuer adipiscing elit. Nulla varius"
      text run at (0,216) width 76: "enim ac mi."
