layer at (0,0) size 784x1363
  RenderView at (0,0) size 784x600
layer at (0,0) size 784x1363
  RenderBlock {HTML} at (0,0) size 784x1363
    RenderBody {BODY} at (8,16) size 768x1331
layer at (8,16) size 760x423
  RenderBlock {DIV} at (0,0) size 760x423 [border: (5px solid #800000)]
    RenderBlock (anonymous multi-column span) at (5,13) size 750x65 [color=#FFFFFF]
      RenderBlock {H2} at (0,19) size 750x27 [color=#000000] [bgcolor=#EEEEEE]
        RenderText {#text} at (0,0) size 277x26
          text run at (0,0) width 277: "This is a spanning element."
layer at (13,21) size 750x8
  RenderBlock (anonymous multi-column) at (5,5) size 750x8
    RenderBlock {SPAN} at (0,8) size 367x0 [color=#FFFFFF] [bgcolor=#000000]
layer at (13,94) size 750x340
  RenderBlock (anonymous multi-column) at (5,78) size 750x340
    RenderBlock {SPAN} at (0,16) size 367x198 [color=#FFFFFF] [bgcolor=#000000]
      RenderText {#text} at (0,0) size 367x197
        text run at (0,0) width 364: "Lorem ipsum dolor sit amet, consectetuer adipiscing elit."
        text run at (0,18) width 362: "Nulla varius enim ac mi. Curabitur sollicitudin felis quis"
        text run at (0,36) width 332: "lectus. Quisque adipiscing rhoncus sem. Proin nulla"
        text run at (0,54) width 367: "purus, vulputate vel, varius ut, euismod et, nisi. Sed vitae"
        text run at (0,72) width 354: "felis vel orci sagittis aliquam. Cras convallis adipiscing"
        text run at (0,90) width 347: "sem. Nam nonummy enim. Nullam bibendum lobortis"
        text run at (0,108) width 353: "neque. Vestibulum velit orci, tempus euismod, pretium"
        text run at (0,126) width 353: "quis, interdum vitae, nulla. Phasellus eget ante et tortor"
        text run at (0,144) width 351: "condimentum vestibulum. Suspendisse hendrerit quam"
        text run at (0,162) width 333: "nec felis. Sed varius turpis vitae pede. Lorem ipsum"
        text run at (0,180) width 275: "dolor sit amet, consectetuer adipiscing elit."
    RenderBlock (anonymous) at (0,230) size 367x434
      RenderText {#text} at (0,0) size 367x199
        text run at (0,0) width 364: "Lorem ipsum dolor sit amet, consectetuer adipiscing elit."
        text run at (0,18) width 362: "Nulla varius enim ac mi. Curabitur sollicitudin felis quis"
        text run at (0,36) width 332: "lectus. Quisque adipiscing rhoncus sem. Proin nulla"
        text run at (0,54) width 367: "purus, vulputate vel, varius ut, euismod et, nisi. Sed vitae"
        text run at (0,72) width 354: "felis vel orci sagittis aliquam. Cras convallis adipiscing"
        text run at (0,90) width 347: "sem. Nam nonummy enim. Nullam bibendum lobortis"
        text run at (0,110) width 353: "neque. Vestibulum velit orci, tempus euismod, pretium"
        text run at (0,128) width 353: "quis, interdum vitae, nulla. Phasellus eget ante et tortor"
        text run at (0,146) width 351: "condimentum vestibulum. Suspendisse hendrerit quam"
        text run at (0,164) width 333: "nec felis. Sed varius turpis vitae pede. Lorem ipsum"
        text run at (0,182) width 279: "dolor sit amet, consectetuer adipiscing elit. "
      RenderInline {SPAN} at (0,0) size 43x17
        RenderText {#text} at (278,182) size 43x17
          text run at (278,182) width 43: "Lorem"
      RenderText {#text} at (320,182) size 364x251
        text run at (320,182) width 44: " ipsum"
        text run at (0,200) width 357: "dolor sit amet, consectetuer adipiscing elit. Nulla varius"
        text run at (0,218) width 324: "enim ac mi. Curabitur sollicitudin felis quis lectus."
        text run at (0,236) width 330: "Quisque adipiscing rhoncus sem. Proin nulla purus,"
        text run at (0,254) width 355: "vulputate vel, varius ut, euismod et, nisi. Sed vitae felis"
        text run at (0,272) width 356: "vel orci sagittis aliquam. Cras convallis adipiscing sem."
        text run at (0,290) width 360: "Nam nonummy enim. Nullam bibendum lobortis neque."
        text run at (0,308) width 341: "Vestibulum velit orci, tempus euismod, pretium quis,"
        text run at (0,326) width 318: "interdum vitae, nulla. Phasellus eget ante et tortor"
        text run at (0,344) width 351: "condimentum vestibulum. Suspendisse hendrerit quam"
        text run at (0,362) width 333: "nec felis. Sed varius turpis vitae pede. Lorem ipsum"
        text run at (0,380) width 279: "dolor sit amet, consectetuer adipiscing elit. "
        text run at (278,380) width 86: "Lorem ipsum"
        text run at (0,398) width 357: "dolor sit amet, consectetuer adipiscing elit. Nulla varius"
        text run at (0,416) width 76: "enim ac mi."
layer at (8,455) size 760x421
  RenderBlock {DIV} at (0,439) size 760x421 [border: (5px solid #800000)]
    RenderBlock (anonymous multi-column span) at (5,343) size 750x65 [color=#FFFFFF]
      RenderBlock {H2} at (0,19) size 750x27 [color=#000000] [bgcolor=#EEEEEE]
        RenderText {#text} at (0,0) size 277x26
          text run at (0,0) width 277: "This is a spanning element."
layer at (13,460) size 750x338
  RenderBlock (anonymous multi-column) at (5,5) size 750x338
    RenderBlock (anonymous) at (0,0) size 367x608
      RenderText {#text} at (0,0) size 367x607
        text run at (0,0) width 364: "Lorem ipsum dolor sit amet, consectetuer adipiscing elit."
        text run at (0,18) width 362: "Nulla varius enim ac mi. Curabitur sollicitudin felis quis"
        text run at (0,36) width 332: "lectus. Quisque adipiscing rhoncus sem. Proin nulla"
        text run at (0,54) width 367: "purus, vulputate vel, varius ut, euismod et, nisi. Sed vitae"
        text run at (0,72) width 354: "felis vel orci sagittis aliquam. Cras convallis adipiscing"
        text run at (0,90) width 347: "sem. Nam nonummy enim. Nullam bibendum lobortis"
        text run at (0,108) width 353: "neque. Vestibulum velit orci, tempus euismod, pretium"
        text run at (0,126) width 353: "quis, interdum vitae, nulla. Phasellus eget ante et tortor"
        text run at (0,144) width 351: "condimentum vestibulum. Suspendisse hendrerit quam"
        text run at (0,162) width 333: "nec felis. Sed varius turpis vitae pede. Lorem ipsum"
        text run at (0,180) width 279: "dolor sit amet, consectetuer adipiscing elit. "
        text run at (278,180) width 86: "Lorem ipsum"
        text run at (0,198) width 357: "dolor sit amet, consectetuer adipiscing elit. Nulla varius"
        text run at (0,216) width 324: "enim ac mi. Curabitur sollicitudin felis quis lectus."
        text run at (0,234) width 330: "Quisque adipiscing rhoncus sem. Proin nulla purus,"
        text run at (0,252) width 355: "vulputate vel, varius ut, euismod et, nisi. Sed vitae felis"
        text run at (0,270) width 356: "vel orci sagittis aliquam. Cras convallis adipiscing sem."
        text run at (0,288) width 360: "Nam nonummy enim. Nullam bibendum lobortis neque."
        text run at (0,306) width 341: "Vestibulum velit orci, tempus euismod, pretium quis,"
        text run at (0,338) width 318: "interdum vitae, nulla. Phasellus eget ante et tortor"
        text run at (0,356) width 351: "condimentum vestibulum. Suspendisse hendrerit quam"
        text run at (0,374) width 333: "nec felis. Sed varius turpis vitae pede. Lorem ipsum"
        text run at (0,392) width 279: "dolor sit amet, consectetuer adipiscing elit. "
        text run at (278,392) width 86: "Lorem ipsum"
        text run at (0,410) width 357: "dolor sit amet, consectetuer adipiscing elit. Nulla varius"
        text run at (0,428) width 324: "enim ac mi. Curabitur sollicitudin felis quis lectus."
        text run at (0,446) width 330: "Quisque adipiscing rhoncus sem. Proin nulla purus,"
        text run at (0,464) width 355: "vulputate vel, varius ut, euismod et, nisi. Sed vitae felis"
        text run at (0,482) width 356: "vel orci sagittis aliquam. Cras convallis adipiscing sem."
        text run at (0,500) width 360: "Nam nonummy enim. Nullam bibendum lobortis neque."
        text run at (0,518) width 341: "Vestibulum velit orci, tempus euismod, pretium quis,"
        text run at (0,536) width 318: "interdum vitae, nulla. Phasellus eget ante et tortor"
        text run at (0,554) width 351: "condimentum vestibulum. Suspendisse hendrerit quam"
        text run at (0,572) width 333: "nec felis. Sed varius turpis vitae pede. Lorem ipsum"
        text run at (0,590) width 275: "dolor sit amet, consectetuer adipiscing elit."
    RenderBlock {SPAN} at (0,624) size 367x36 [color=#FFFFFF] [bgcolor=#000000]
      RenderText {#text} at (0,0) size 364x35
        text run at (0,0) width 364: "Lorem ipsum dolor sit amet, consectetuer adipiscing elit."
        text run at (0,18) width 158: "Nulla varius enim ac mi."
layer at (13,863) size 750x8
  RenderBlock (anonymous multi-column) at (5,408) size 750x8
    RenderBlock {SPAN} at (0,8) size 367x0 [color=#FFFFFF] [bgcolor=#000000]
layer at (8,892) size 760x455
  RenderBlock {DIV} at (0,876) size 760x455 [border: (5px solid #800000)]
    RenderBlock (anonymous multi-column span) at (5,163) size 750x65 [color=#FFFFFF]
      RenderBlock {H2} at (0,19) size 750x27 [color=#000000] [bgcolor=#EEEEEE]
        RenderText {#text} at (0,0) size 277x26
          text run at (0,0) width 277: "This is a spanning element."
layer at (13,897) size 750x158
  RenderBlock (anonymous multi-column) at (5,5) size 750x158
    RenderBlock {P} at (0,16) size 367x214
      RenderText {#text} at (0,0) size 367x213
        text run at (0,0) width 364: "Lorem ipsum dolor sit amet, consectetuer adipiscing elit."
        text run at (0,18) width 362: "Nulla varius enim ac mi. Curabitur sollicitudin felis quis"
        text run at (0,36) width 332: "lectus. Quisque adipiscing rhoncus sem. Proin nulla"
        text run at (0,54) width 367: "purus, vulputate vel, varius ut, euismod et, nisi. Sed vitae"
        text run at (0,72) width 354: "felis vel orci sagittis aliquam. Cras convallis adipiscing"
        text run at (0,90) width 347: "sem. Nam nonummy enim. Nullam bibendum lobortis"
        text run at (0,108) width 353: "neque. Vestibulum velit orci, tempus euismod, pretium"
        text run at (0,142) width 353: "quis, interdum vitae, nulla. Phasellus eget ante et tortor"
        text run at (0,160) width 351: "condimentum vestibulum. Suspendisse hendrerit quam"
        text run at (0,178) width 333: "nec felis. Sed varius turpis vitae pede. Lorem ipsum"
        text run at (0,196) width 275: "dolor sit amet, consectetuer adipiscing elit."
    RenderBlock {SPAN} at (0,246) size 367x36 [color=#FFFFFF] [bgcolor=#000000]
      RenderBlock (anonymous) at (0,0) size 367x36
        RenderText {#text} at (0,0) size 364x35
          text run at (0,0) width 364: "Lorem ipsum dolor sit amet, consectetuer adipiscing elit."
          text run at (0,18) width 158: "Nulla varius enim ac mi."
layer at (13,1120) size 750x222
  RenderBlock (anonymous multi-column) at (5,228) size 750x222
    RenderBlock {SPAN} at (0,16) size 367x198 [color=#FFFFFF] [bgcolor=#000000]
      RenderBlock {P} at (0,0) size 367x198
        RenderText {#text} at (0,0) size 367x197
          text run at (0,0) width 364: "Lorem ipsum dolor sit amet, consectetuer adipiscing elit."
          text run at (0,18) width 362: "Nulla varius enim ac mi. Curabitur sollicitudin felis quis"
          text run at (0,36) width 332: "lectus. Quisque adipiscing rhoncus sem. Proin nulla"
          text run at (0,54) width 367: "purus, vulputate vel, varius ut, euismod et, nisi. Sed vitae"
          text run at (0,72) width 354: "felis vel orci sagittis aliquam. Cras convallis adipiscing"
          text run at (0,90) width 347: "sem. Nam nonummy enim. Nullam bibendum lobortis"
          text run at (0,108) width 353: "neque. Vestibulum velit orci, tempus euismod, pretium"
          text run at (0,126) width 353: "quis, interdum vitae, nulla. Phasellus eget ante et tortor"
          text run at (0,144) width 351: "condimentum vestibulum. Suspendisse hendrerit quam"
          text run at (0,162) width 333: "nec felis. Sed varius turpis vitae pede. Lorem ipsum"
          text run at (0,180) width 275: "dolor sit amet, consectetuer adipiscing elit."
    RenderBlock (anonymous) at (0,222) size 367x198
      RenderText {#text} at (0,0) size 367x197
        text run at (0,0) width 364: "Lorem ipsum dolor sit amet, consectetuer adipiscing elit."
        text run at (0,18) width 362: "Nulla varius enim ac mi. Curabitur sollicitudin felis quis"
        text run at (0,36) width 332: "lectus. Quisque adipiscing rhoncus sem. Proin nulla"
        text run at (0,54) width 367: "purus, vulputate vel, varius ut, euismod et, nisi. Sed vitae"
        text run at (0,72) width 354: "felis vel orci sagittis aliquam. Cras convallis adipiscing"
        text run at (0,90) width 347: "sem. Nam nonummy enim. Nullam bibendum lobortis"
        text run at (0,108) width 353: "neque. Vestibulum velit orci, tempus euismod, pretium"
        text run at (0,126) width 353: "quis, interdum vitae, nulla. Phasellus eget ante et tortor"
        text run at (0,144) width 351: "condimentum vestibulum. Suspendisse hendrerit quam"
        text run at (0,162) width 333: "nec felis. Sed varius turpis vitae pede. Lorem ipsum"
        text run at (0,180) width 275: "dolor sit amet, consectetuer adipiscing elit."
    RenderBlock {P} at (0,436) size 367x0
