layer at (0,0) size 784x2193
  RenderView at (0,0) size 784x600
layer at (0,0) size 784x2193
  RenderBlock {HTML} at (0,0) size 784x2193
    RenderBody {BODY} at (8,16) size 768x2161
layer at (8,16) size 760x334
  RenderBlock {DIV} at (0,0) size 760x334 [border: (5px solid #800000)]
    RenderText {#text} at (5,5) size 367x629
      text run at (5,5) width 364: "Lorem ipsum dolor sit amet, consectetuer adipiscing elit."
      text run at (5,23) width 362: "Nulla varius enim ac mi. Curabitur sollicitudin felis quis"
      text run at (5,41) width 332: "lectus. Quisque adipiscing rhoncus sem. Proin nulla"
      text run at (5,59) width 367: "purus, vulputate vel, varius ut, euismod et, nisi. Sed vitae"
      text run at (5,77) width 354: "felis vel orci sagittis aliquam. Cras convallis adipiscing"
      text run at (5,95) width 347: "sem. Nam nonummy enim. Nullam bibendum lobortis"
      text run at (5,113) width 353: "neque. Vestibulum velit orci, tempus euismod, pretium"
      text run at (5,131) width 353: "quis, interdum vitae, nulla. Phasellus eget ante et tortor"
      text run at (5,149) width 351: "condimentum vestibulum. Suspendisse hendrerit quam"
      text run at (5,167) width 333: "nec felis. Sed varius turpis vitae pede. Lorem ipsum"
      text run at (5,185) width 279: "dolor sit amet, consectetuer adipiscing elit. "
      text run at (283,185) width 86: "Lorem ipsum"
      text run at (5,203) width 357: "dolor sit amet, consectetuer adipiscing elit. Nulla varius"
      text run at (5,221) width 324: "enim ac mi. Curabitur sollicitudin felis quis lectus."
      text run at (5,239) width 330: "Quisque adipiscing rhoncus sem. Proin nulla purus,"
      text run at (5,257) width 355: "vulputate vel, varius ut, euismod et, nisi. Sed vitae felis"
      text run at (5,275) width 356: "vel orci sagittis aliquam. Cras convallis adipiscing sem."
      text run at (5,293) width 360: "Nam nonummy enim. Nullam bibendum lobortis neque."
      text run at (5,311) width 341: "Vestibulum velit orci, tempus euismod, pretium quis,"
      text run at (5,329) width 318: "interdum vitae, nulla. Phasellus eget ante et tortor"
      text run at (5,347) width 351: "condimentum vestibulum. Suspendisse hendrerit quam"
      text run at (5,365) width 333: "nec felis. Sed varius turpis vitae pede. Lorem ipsum"
      text run at (5,383) width 279: "dolor sit amet, consectetuer adipiscing elit. "
      text run at (283,383) width 86: "Lorem ipsum"
      text run at (5,401) width 357: "dolor sit amet, consectetuer adipiscing elit. Nulla varius"
      text run at (5,419) width 324: "enim ac mi. Curabitur sollicitudin felis quis lectus."
      text run at (5,437) width 330: "Quisque adipiscing rhoncus sem. Proin nulla purus,"
      text run at (5,455) width 355: "vulputate vel, varius ut, euismod et, nisi. Sed vitae felis"
      text run at (5,473) width 356: "vel orci sagittis aliquam. Cras convallis adipiscing sem."
      text run at (5,491) width 360: "Nam nonummy enim. Nullam bibendum lobortis neque."
      text run at (5,509) width 341: "Vestibulum velit orci, tempus euismod, pretium quis,"
      text run at (5,527) width 318: "interdum vitae, nulla. Phasellus eget ante et tortor"
      text run at (5,545) width 351: "condimentum vestibulum. Suspendisse hendrerit quam"
      text run at (5,563) width 333: "nec felis. Sed varius turpis vitae pede. Lorem ipsum"
      text run at (5,581) width 279: "dolor sit amet, consectetuer adipiscing elit. "
      text run at (283,581) width 86: "Lorem ipsum"
      text run at (5,599) width 357: "dolor sit amet, consectetuer adipiscing elit. Nulla varius"
      text run at (5,617) width 76: "enim ac mi."
layer at (8,366) size 760x334
  RenderBlock {DIV} at (0,350) size 760x334 [border: (5px solid #800000)]
    RenderText {#text} at (5,5) size 367x629
      text run at (5,5) width 364: "Lorem ipsum dolor sit amet, consectetuer adipiscing elit."
      text run at (5,23) width 362: "Nulla varius enim ac mi. Curabitur sollicitudin felis quis"
      text run at (5,41) width 332: "lectus. Quisque adipiscing rhoncus sem. Proin nulla"
      text run at (5,59) width 367: "purus, vulputate vel, varius ut, euismod et, nisi. Sed vitae"
      text run at (5,77) width 354: "felis vel orci sagittis aliquam. Cras convallis adipiscing"
      text run at (5,95) width 347: "sem. Nam nonummy enim. Nullam bibendum lobortis"
      text run at (5,113) width 353: "neque. Vestibulum velit orci, tempus euismod, pretium"
      text run at (5,131) width 353: "quis, interdum vitae, nulla. Phasellus eget ante et tortor"
      text run at (5,149) width 351: "condimentum vestibulum. Suspendisse hendrerit quam"
      text run at (5,167) width 333: "nec felis. Sed varius turpis vitae pede. Lorem ipsum"
      text run at (5,185) width 279: "dolor sit amet, consectetuer adipiscing elit. "
      text run at (283,185) width 86: "Lorem ipsum"
      text run at (5,203) width 357: "dolor sit amet, consectetuer adipiscing elit. Nulla varius"
      text run at (5,221) width 324: "enim ac mi. Curabitur sollicitudin felis quis lectus."
      text run at (5,239) width 330: "Quisque adipiscing rhoncus sem. Proin nulla purus,"
      text run at (5,257) width 355: "vulputate vel, varius ut, euismod et, nisi. Sed vitae felis"
      text run at (5,275) width 356: "vel orci sagittis aliquam. Cras convallis adipiscing sem."
      text run at (5,293) width 360: "Nam nonummy enim. Nullam bibendum lobortis neque."
      text run at (5,311) width 341: "Vestibulum velit orci, tempus euismod, pretium quis,"
      text run at (5,329) width 318: "interdum vitae, nulla. Phasellus eget ante et tortor"
      text run at (5,347) width 351: "condimentum vestibulum. Suspendisse hendrerit quam"
      text run at (5,365) width 333: "nec felis. Sed varius turpis vitae pede. Lorem ipsum"
      text run at (5,383) width 279: "dolor sit amet, consectetuer adipiscing elit. "
      text run at (283,383) width 86: "Lorem ipsum"
      text run at (5,401) width 357: "dolor sit amet, consectetuer adipiscing elit. Nulla varius"
      text run at (5,419) width 324: "enim ac mi. Curabitur sollicitudin felis quis lectus."
      text run at (5,437) width 330: "Quisque adipiscing rhoncus sem. Proin nulla purus,"
      text run at (5,455) width 355: "vulputate vel, varius ut, euismod et, nisi. Sed vitae felis"
      text run at (5,473) width 356: "vel orci sagittis aliquam. Cras convallis adipiscing sem."
      text run at (5,491) width 360: "Nam nonummy enim. Nullam bibendum lobortis neque."
      text run at (5,509) width 341: "Vestibulum velit orci, tempus euismod, pretium quis,"
      text run at (5,527) width 318: "interdum vitae, nulla. Phasellus eget ante et tortor"
      text run at (5,545) width 351: "condimentum vestibulum. Suspendisse hendrerit quam"
      text run at (5,563) width 333: "nec felis. Sed varius turpis vitae pede. Lorem ipsum"
      text run at (5,581) width 279: "dolor sit amet, consectetuer adipiscing elit. "
      text run at (283,581) width 86: "Lorem ipsum"
      text run at (5,599) width 357: "dolor sit amet, consectetuer adipiscing elit. Nulla varius"
      text run at (5,617) width 76: "enim ac mi."
layer at (8,716) size 760x350
  RenderBlock {DIV} at (0,700) size 760x350 [border: (5px solid #800000)]
    RenderBlock {P} at (5,21) size 367x234
      RenderText {#text} at (0,0) size 367x233
        text run at (0,0) width 364: "Lorem ipsum dolor sit amet, consectetuer adipiscing elit."
        text run at (0,18) width 362: "Nulla varius enim ac mi. Curabitur sollicitudin felis quis"
        text run at (0,36) width 332: "lectus. Quisque adipiscing rhoncus sem. Proin nulla"
        text run at (0,54) width 367: "purus, vulputate vel, varius ut, euismod et, nisi. Sed vitae"
        text run at (0,72) width 354: "felis vel orci sagittis aliquam. Cras convallis adipiscing"
        text run at (0,90) width 347: "sem. Nam nonummy enim. Nullam bibendum lobortis"
        text run at (0,108) width 353: "neque. Vestibulum velit orci, tempus euismod, pretium"
        text run at (0,126) width 353: "quis, interdum vitae, nulla. Phasellus eget ante et tortor"
        text run at (0,144) width 351: "condimentum vestibulum. Suspendisse hendrerit quam"
        text run at (0,162) width 333: "nec felis. Sed varius turpis vitae pede. Lorem ipsum"
        text run at (0,180) width 279: "dolor sit amet, consectetuer adipiscing elit. "
        text run at (278,180) width 86: "Lorem ipsum"
        text run at (0,198) width 357: "dolor sit amet, consectetuer adipiscing elit. Nulla varius"
        text run at (0,216) width 76: "enim ac mi."
    RenderBlock {P} at (5,271) size 367x398
      RenderText {#text} at (0,0) size 367x397
        text run at (0,0) width 364: "Lorem ipsum dolor sit amet, consectetuer adipiscing elit."
        text run at (0,18) width 362: "Nulla varius enim ac mi. Curabitur sollicitudin felis quis"
        text run at (0,36) width 332: "lectus. Quisque adipiscing rhoncus sem. Proin nulla"
        text run at (0,54) width 367: "purus, vulputate vel, varius ut, euismod et, nisi. Sed vitae"
        text run at (0,74) width 354: "felis vel orci sagittis aliquam. Cras convallis adipiscing"
        text run at (0,92) width 347: "sem. Nam nonummy enim. Nullam bibendum lobortis"
        text run at (0,110) width 353: "neque. Vestibulum velit orci, tempus euismod, pretium"
        text run at (0,128) width 353: "quis, interdum vitae, nulla. Phasellus eget ante et tortor"
        text run at (0,146) width 351: "condimentum vestibulum. Suspendisse hendrerit quam"
        text run at (0,164) width 333: "nec felis. Sed varius turpis vitae pede. Lorem ipsum"
        text run at (0,182) width 279: "dolor sit amet, consectetuer adipiscing elit. "
        text run at (278,182) width 86: "Lorem ipsum"
        text run at (0,200) width 357: "dolor sit amet, consectetuer adipiscing elit. Nulla varius"
        text run at (0,218) width 324: "enim ac mi. Curabitur sollicitudin felis quis lectus."
        text run at (0,236) width 330: "Quisque adipiscing rhoncus sem. Proin nulla purus,"
        text run at (0,254) width 355: "vulputate vel, varius ut, euismod et, nisi. Sed vitae felis"
        text run at (0,272) width 356: "vel orci sagittis aliquam. Cras convallis adipiscing sem."
        text run at (0,290) width 360: "Nam nonummy enim. Nullam bibendum lobortis neque."
        text run at (0,308) width 341: "Vestibulum velit orci, tempus euismod, pretium quis,"
        text run at (0,326) width 318: "interdum vitae, nulla. Phasellus eget ante et tortor"
        text run at (0,344) width 351: "condimentum vestibulum. Suspendisse hendrerit quam"
        text run at (0,362) width 333: "nec felis. Sed varius turpis vitae pede. Lorem ipsum"
        text run at (0,380) width 275: "dolor sit amet, consectetuer adipiscing elit."
layer at (8,1082) size 760x340
  RenderBlock {DIV} at (0,1066) size 760x340 [border: (5px solid #800000)]
    RenderBlock (anonymous) at (5,5) size 367x420
      RenderText {#text} at (0,0) size 367x233
        text run at (0,0) width 364: "Lorem ipsum dolor sit amet, consectetuer adipiscing elit."
        text run at (0,18) width 362: "Nulla varius enim ac mi. Curabitur sollicitudin felis quis"
        text run at (0,36) width 332: "lectus. Quisque adipiscing rhoncus sem. Proin nulla"
        text run at (0,54) width 367: "purus, vulputate vel, varius ut, euismod et, nisi. Sed vitae"
        text run at (0,72) width 354: "felis vel orci sagittis aliquam. Cras convallis adipiscing"
        text run at (0,90) width 347: "sem. Nam nonummy enim. Nullam bibendum lobortis"
        text run at (0,108) width 353: "neque. Vestibulum velit orci, tempus euismod, pretium"
        text run at (0,126) width 353: "quis, interdum vitae, nulla. Phasellus eget ante et tortor"
        text run at (0,144) width 351: "condimentum vestibulum. Suspendisse hendrerit quam"
        text run at (0,162) width 333: "nec felis. Sed varius turpis vitae pede. Lorem ipsum"
        text run at (0,180) width 279: "dolor sit amet, consectetuer adipiscing elit. "
        text run at (278,180) width 86: "Lorem ipsum"
        text run at (0,198) width 357: "dolor sit amet, consectetuer adipiscing elit. Nulla varius"
        text run at (0,216) width 80: "enim ac mi. "
      RenderInline {SPAN} at (0,0) size 43x17
        RenderText {#text} at (79,216) size 43x17
          text run at (79,216) width 43: "Lorem"
      RenderText {#text} at (121,216) size 366x203
        text run at (121,216) width 224: " ipsum dolor sit amet, consectetuer"
        text run at (0,234) width 322: "adipiscing elit. Nulla varius enim ac mi. Curabitur"
        text run at (0,252) width 362: "sollicitudin felis quis lectus. Quisque adipiscing rhoncus"
        text run at (0,270) width 361: "sem. Proin nulla purus, vulputate vel, varius ut, euismod"
        text run at (0,288) width 336: "et, nisi. Sed vitae felis vel orci sagittis aliquam. Cras"
        text run at (0,306) width 358: "convallis adipiscing sem. Nam nonummy enim. Nullam"
        text run at (0,330) width 358: "bibendum lobortis neque. Vestibulum velit orci, tempus"
        text run at (0,348) width 352: "euismod, pretium quis, interdum vitae, nulla. Phasellus"
        text run at (0,366) width 366: "eget ante et tortor condimentum vestibulum. Suspendisse"
        text run at (0,384) width 344: "hendrerit quam nec felis. Sed varius turpis vitae pede."
        text run at (0,402) width 364: "Lorem ipsum dolor sit amet, consectetuer adipiscing elit."
    RenderBlock {P} at (5,441) size 367x198
      RenderText {#text} at (0,0) size 367x197
        text run at (0,0) width 364: "Lorem ipsum dolor sit amet, consectetuer adipiscing elit."
        text run at (0,18) width 362: "Nulla varius enim ac mi. Curabitur sollicitudin felis quis"
        text run at (0,36) width 332: "lectus. Quisque adipiscing rhoncus sem. Proin nulla"
        text run at (0,54) width 367: "purus, vulputate vel, varius ut, euismod et, nisi. Sed vitae"
        text run at (0,72) width 354: "felis vel orci sagittis aliquam. Cras convallis adipiscing"
        text run at (0,90) width 347: "sem. Nam nonummy enim. Nullam bibendum lobortis"
        text run at (0,108) width 353: "neque. Vestibulum velit orci, tempus euismod, pretium"
        text run at (0,126) width 353: "quis, interdum vitae, nulla. Phasellus eget ante et tortor"
        text run at (0,144) width 351: "condimentum vestibulum. Suspendisse hendrerit quam"
        text run at (0,162) width 333: "nec felis. Sed varius turpis vitae pede. Lorem ipsum"
        text run at (0,180) width 275: "dolor sit amet, consectetuer adipiscing elit."
layer at (8,1438) size 760x348
  RenderBlock {DIV} at (0,1422) size 760x348 [border: (5px solid #800000)]
    RenderBlock (anonymous) at (5,5) size 367x198
      RenderInline {SPAN} at (0,0) size 367x197
        RenderText {#text} at (0,0) size 367x197
          text run at (0,0) width 364: "Lorem ipsum dolor sit amet, consectetuer adipiscing elit."
          text run at (0,18) width 362: "Nulla varius enim ac mi. Curabitur sollicitudin felis quis"
          text run at (0,36) width 332: "lectus. Quisque adipiscing rhoncus sem. Proin nulla"
          text run at (0,54) width 367: "purus, vulputate vel, varius ut, euismod et, nisi. Sed vitae"
          text run at (0,72) width 354: "felis vel orci sagittis aliquam. Cras convallis adipiscing"
          text run at (0,90) width 347: "sem. Nam nonummy enim. Nullam bibendum lobortis"
          text run at (0,108) width 353: "neque. Vestibulum velit orci, tempus euismod, pretium"
          text run at (0,126) width 353: "quis, interdum vitae, nulla. Phasellus eget ante et tortor"
          text run at (0,144) width 351: "condimentum vestibulum. Suspendisse hendrerit quam"
          text run at (0,162) width 333: "nec felis. Sed varius turpis vitae pede. Lorem ipsum"
          text run at (0,180) width 275: "dolor sit amet, consectetuer adipiscing elit."
    RenderBlock (anonymous) at (5,203) size 367x36
      RenderBlock {SPAN} at (0,0) size 367x36
        RenderText {#text} at (0,0) size 364x35
          text run at (0,0) width 364: "Lorem ipsum dolor sit amet, consectetuer adipiscing elit."
          text run at (0,18) width 158: "Nulla varius enim ac mi."
    RenderBlock (anonymous) at (5,239) size 367x212
      RenderInline {SPAN} at (0,0) size 43x17
        RenderText {#text} at (0,0) size 43x17
          text run at (0,0) width 43: "Lorem"
      RenderText {#text} at (42,0) size 367x211
        text run at (42,0) width 322: " ipsum dolor sit amet, consectetuer adipiscing elit."
        text run at (0,18) width 362: "Nulla varius enim ac mi. Curabitur sollicitudin felis quis"
        text run at (0,36) width 332: "lectus. Quisque adipiscing rhoncus sem. Proin nulla"
        text run at (0,54) width 367: "purus, vulputate vel, varius ut, euismod et, nisi. Sed vitae"
        text run at (0,72) width 354: "felis vel orci sagittis aliquam. Cras convallis adipiscing"
        text run at (0,104) width 347: "sem. Nam nonummy enim. Nullam bibendum lobortis"
        text run at (0,122) width 353: "neque. Vestibulum velit orci, tempus euismod, pretium"
        text run at (0,140) width 353: "quis, interdum vitae, nulla. Phasellus eget ante et tortor"
        text run at (0,158) width 351: "condimentum vestibulum. Suspendisse hendrerit quam"
        text run at (0,176) width 333: "nec felis. Sed varius turpis vitae pede. Lorem ipsum"
        text run at (0,194) width 275: "dolor sit amet, consectetuer adipiscing elit."
    RenderBlock {P} at (5,467) size 367x198
      RenderText {#text} at (0,0) size 367x197
        text run at (0,0) width 364: "Lorem ipsum dolor sit amet, consectetuer adipiscing elit."
        text run at (0,18) width 362: "Nulla varius enim ac mi. Curabitur sollicitudin felis quis"
        text run at (0,36) width 332: "lectus. Quisque adipiscing rhoncus sem. Proin nulla"
        text run at (0,54) width 367: "purus, vulputate vel, varius ut, euismod et, nisi. Sed vitae"
        text run at (0,72) width 354: "felis vel orci sagittis aliquam. Cras convallis adipiscing"
        text run at (0,90) width 347: "sem. Nam nonummy enim. Nullam bibendum lobortis"
        text run at (0,108) width 353: "neque. Vestibulum velit orci, tempus euismod, pretium"
        text run at (0,126) width 353: "quis, interdum vitae, nulla. Phasellus eget ante et tortor"
        text run at (0,144) width 351: "condimentum vestibulum. Suspendisse hendrerit quam"
        text run at (0,162) width 333: "nec felis. Sed varius turpis vitae pede. Lorem ipsum"
        text run at (0,180) width 275: "dolor sit amet, consectetuer adipiscing elit."
layer at (8,1802) size 760x375
  RenderBlock {DIV} at (0,1786) size 760x375 [border: (5px solid #800000)]
    RenderBlock {P} at (5,21) size 367x198
      RenderText {#text} at (0,0) size 367x197
        text run at (0,0) width 364: "Lorem ipsum dolor sit amet, consectetuer adipiscing elit."
        text run at (0,18) width 362: "Nulla varius enim ac mi. Curabitur sollicitudin felis quis"
        text run at (0,36) width 332: "lectus. Quisque adipiscing rhoncus sem. Proin nulla"
        text run at (0,54) width 367: "purus, vulputate vel, varius ut, euismod et, nisi. Sed vitae"
        text run at (0,72) width 354: "felis vel orci sagittis aliquam. Cras convallis adipiscing"
        text run at (0,90) width 347: "sem. Nam nonummy enim. Nullam bibendum lobortis"
        text run at (0,108) width 353: "neque. Vestibulum velit orci, tempus euismod, pretium"
        text run at (0,126) width 353: "quis, interdum vitae, nulla. Phasellus eget ante et tortor"
        text run at (0,144) width 351: "condimentum vestibulum. Suspendisse hendrerit quam"
        text run at (0,162) width 333: "nec felis. Sed varius turpis vitae pede. Lorem ipsum"
        text run at (0,180) width 275: "dolor sit amet, consectetuer adipiscing elit."
    RenderBlock {P} at (5,235) size 367x36
      RenderText {#text} at (0,0) size 364x35
        text run at (0,0) width 364: "Lorem ipsum dolor sit amet, consectetuer adipiscing elit."
        text run at (0,18) width 158: "Nulla varius enim ac mi."
    RenderBlock {P} at (5,287) size 367x209
      RenderText {#text} at (0,0) size 367x208
        text run at (0,0) width 364: "Lorem ipsum dolor sit amet, consectetuer adipiscing elit."
        text run at (0,18) width 362: "Nulla varius enim ac mi. Curabitur sollicitudin felis quis"
        text run at (0,36) width 332: "lectus. Quisque adipiscing rhoncus sem. Proin nulla"
        text run at (0,54) width 367: "purus, vulputate vel, varius ut, euismod et, nisi. Sed vitae"
        text run at (0,83) width 354: "felis vel orci sagittis aliquam. Cras convallis adipiscing"
        text run at (0,101) width 347: "sem. Nam nonummy enim. Nullam bibendum lobortis"
        text run at (0,119) width 353: "neque. Vestibulum velit orci, tempus euismod, pretium"
        text run at (0,137) width 353: "quis, interdum vitae, nulla. Phasellus eget ante et tortor"
        text run at (0,155) width 351: "condimentum vestibulum. Suspendisse hendrerit quam"
        text run at (0,173) width 333: "nec felis. Sed varius turpis vitae pede. Lorem ipsum"
        text run at (0,191) width 275: "dolor sit amet, consectetuer adipiscing elit."
    RenderBlock (anonymous) at (5,512) size 367x18
      RenderInline {SPAN} at (0,0) size 364x17
        RenderText {#text} at (0,0) size 364x17
          text run at (0,0) width 364: "Lorem ipsum dolor sit amet, consectetuer adipiscing elit."
    RenderBlock (anonymous) at (5,530) size 367x18
      RenderBlock {SPAN} at (0,0) size 367x18
        RenderText {#text} at (0,0) size 158x17
          text run at (0,0) width 158: "Nulla varius enim ac mi."
    RenderBlock (anonymous) at (5,548) size 367x180
      RenderInline {SPAN} at (0,0) size 367x179
        RenderText {#text} at (0,0) size 367x179
          text run at (0,0) width 303: "Curabitur sollicitudin felis quis lectus. Quisque"
          text run at (0,18) width 364: "adipiscing rhoncus sem. Proin nulla purus, vulputate vel,"
          text run at (0,36) width 365: "varius ut, euismod et, nisi. Sed vitae felis vel orci sagittis"
          text run at (0,54) width 359: "aliquam. Cras convallis adipiscing sem. Nam nonummy"
          text run at (0,72) width 367: "enim. Nullam bibendum lobortis neque. Vestibulum velit"
          text run at (0,90) width 331: "orci, tempus euismod, pretium quis, interdum vitae,"
          text run at (0,108) width 309: "nulla. Phasellus eget ante et tortor condimentum"
          text run at (0,126) width 349: "vestibulum. Suspendisse hendrerit quam nec felis. Sed"
          text run at (0,144) width 339: "varius turpis vitae pede. Lorem ipsum dolor sit amet,"
          text run at (0,162) width 179: "consectetuer adipiscing elit."
      RenderText {#text} at (0,0) size 0x0
