layer at (0,0) size 800x600
  RenderView at (0,0) size 800x600
layer at (0,0) size 800x600
  RenderBlock {HTML} at (0,0) size 800x600
    RenderBody {BODY} at (8,8) size 784x584
      RenderBlock {P} at (0,0) size 784x21
        RenderText {#text} at (0,0) size 126x21
          text run at (0,0) width 126: "Tests: the bdo tag"
      RenderBlock {P} at (0,37) size 784x21
        RenderText {#text} at (0,0) size 366x21
          text run at (0,0) width 366: "The bdo element overrides the default text direction."
      RenderBlock {P} at (0,74) size 784x63
        RenderText {#text} at (0,0) size 778x63
          text run at (0,0) width 778: "If successful, the first sentence would be backward, and the second sentence regular. There should then be an"
          text run at (0,21) width 39: "extra "
          text run at (39,21) width 728: "blank line, followed by a line reading only \"A,\" and finally, a sentence where only the word \"umbrella\" is"
          text run at (0,42) width 73: "backward."
      RenderBlock {HR} at (0,153) size 784x2 [border: (1px inset #000000)]
      RenderBlock (anonymous) at (0,163) size 784x126
        RenderBR {BR} at (0,0) size 0x21
        RenderInline {BDO} at (0,0) size 251x21
          RenderText {#text} at (0,21) size 251x21
            text run at (0,21) width 251 RTL override: "This sentence should be backward."
        RenderText {#text} at (251,21) size 4x21
          text run at (251,21) width 4: " "
        RenderBR {BR} at (255,37) size 0x0
        RenderInline {BDO} at (0,0) size 235x21
          RenderText {#text} at (0,42) size 235x21
            text run at (0,42) width 235 LTR override: "This sentence should be forward."
        RenderText {#text} at (235,42) size 4x21
          text run at (235,42) width 4: " "
        RenderBR {BR} at (239,58) size 0x0
        RenderInline {BDO} at (0,0) size 0x0
        RenderText {#text} at (0,0) size 0x0
        RenderBR {BR} at (0,63) size 0x21
        RenderInline {BDO} at (0,0) size 11x21
          RenderText {#text} at (0,84) size 11x21
            text run at (0,84) width 11 RTL override: "A"
        RenderText {#text} at (11,84) size 4x21
          text run at (11,84) width 4: " "
        RenderBR {BR} at (15,100) size 0x0
        RenderInline {BDO} at (0,0) size 319x21
          RenderText {#text} at (0,105) size 25x21
            text run at (0,105) width 25 LTR override: "My "
          RenderInline {BDO} at (0,0) size 62x21
            RenderText {#text} at (25,105) size 62x21
              text run at (25,105) width 62 RTL override: "umbrella"
          RenderText {#text} at (87,105) size 232x21
            text run at (87,105) width 232 LTR override: " sure would be useful in this rain."
        RenderText {#text} at (0,0) size 0x0
