layer at (0,0) size 800x4294
  RenderView at (0,0) size 800x600
layer at (0,0) size 800x4294
  RenderBlock {HTML} at (0,0) size 800x4295
    RenderBody {BODY} at (8,8) size 784x4279 [bgcolor=#CCCCCC]
      RenderBlock {P} at (0,0) size 784x16
        RenderText {#text} at (0,0) size 274x15
          text run at (0,0) width 274: "The style declarations which apply to the text below are:"
      RenderBlock {PRE} at (0,28) size 784x180
        RenderText {#text} at (0,0) size 399x180
          text run at (0,0) width 161: "BODY {font-size: 12px;}"
          text run at (161,0) width 0: " "
          text run at (0,15) width 322: ".one {font: italic small-caps 13pt Helvetica;}"
          text run at (322,15) width 0: " "
          text run at (0,30) width 203: ".two {font: 150%/150% serif;}"
          text run at (203,30) width 0: " "
          text run at (0,45) width 252: ".three {font: 150%/150% sans-serif;}"
          text run at (252,45) width 0: " "
          text run at (0,60) width 231: ".four {font: small/200% cursive;}"
          text run at (231,60) width 0: " "
          text run at (0,75) width 399: ".five {font: italic small-caps 900 150%/150% sans-serif;}"
          text run at (399,75) width 0: " "
          text run at (0,90) width 392: ".six {font: italic small-caps 100 150%/300% sans-serif;}"
          text run at (392,90) width 0: " "
          text run at (0,105) width 392: ".seven {font: italic small-caps 900 150%/2em monospace;}"
          text run at (392,105) width 0: " "
          text run at (0,120) width 399: ".eight {font: italic small-caps 500 150%/1in sans-serif;}"
          text run at (399,120) width 0: " "
          text run at (0,135) width 378: ".nine {font: oblique normal 700 18px/200% sans-serif;}"
          text run at (378,135) width 0: " "
          text run at (0,150) width 301: ".ten {font: normal 400 80%/2.5 sans-serif;}"
          text run at (301,150) width 0: " "
          text run at (0,165) width 266: "SPAN.color {background-color: silver;}"
          text run at (266,165) width 0: " "
      RenderBlock {HR} at (0,220) size 784x2 [border: (1px inset #000000)]
      RenderBlock {P} at (0,234) size 784x16
        RenderText {#text} at (0,0) size 721x15
          text run at (0,0) width 431: "This element is unstyled, and should inherit a font-size of 12px from the BODY element. "
          text run at (431,0) width 290: "This is the \"base font size\" referred to in the following tests."
      RenderBlock {P} at (0,267) size 784x22
        RenderText {#text} at (0,0) size 502x20
          text run at (0,0) width 502: "This element should be 13pt. Helvetica which is in small-cap italics."
      RenderBlock {P} at (0,306) size 784x82
        RenderText {#text} at (0,3) size 760x74
          text run at (0,3) width 278: "This element should be in a serif font. "
          text run at (278,3) width 472: "Its font-size should be 150% the base font size, and its line-height"
          text run at (0,30) width 417: "should 150% of that value (18px and 27px, respectively). "
          text run at (417,30) width 343: "Extra text is included for the purposes of testing"
          text run at (0,57) width 152: "this more effectively."
      RenderBlock {P} at (0,405) size 784x82
        RenderText {#text} at (0,3) size 780x75
          text run at (0,3) width 348: "This element should be in a sans-serif font. "
          text run at (348,3) width 432: "Its font-size should be 150% the base font size, and its"
          text run at (0,30) width 543: "line-height should 150% of that value (18px and 27px, respectively). "
          text run at (543,30) width 220: "Extra text is included for the"
          text run at (0,57) width 320: "purposes of testing this more effectively."
      RenderBlock {P} at (0,504) size 784x81
        RenderText {#text} at (0,4) size 783x44
          text run at (0,4) width 705: "This element should be in a cursive font, 'small' in size, with a line-height 200% the height of the text's actual size. "
          text run at (705,4) width 78: "For example,"
          text run at (0,30) width 132: "if the font-size value "
        RenderInline {CODE} at (0,0) size 30x12
          RenderText {#text} at (132,35) size 30x12
            text run at (132,35) width 30: "small"
        RenderText {#text} at (162,30) size 762x46
          text run at (162,30) width 359: " is calculated at 10px, then the line-height should be 20px. "
          text run at (521,30) width 241: "The actual value of the font-size is UA-"
          text run at (0,58) width 70: "dependent. "
          text run at (70,58) width 434: "Extra text is included for the purposes of testing this more effectively."
      RenderBlock {P} at (0,602) size 784x109
        RenderText {#text} at (0,3) size 753x102
          text run at (0,3) width 731: "This element should be in a sans-serif font, italicized and small caps, with a weight of 900. "
          text run at (731,3) width 22: "Its"
          text run at (0,30) width 749: "font-size should be 150% the base font size, and its line-height should be 150% of that value"
          text run at (0,57) width 244: "(18px and 27px, respectively). "
          text run at (244,57) width 476: "Extra text is included for the purposes of testing this more"
          text run at (0,84) width 94: "effectively."
      RenderBlock {P} at (0,728) size 784x217
        RenderText {#text} at (0,16) size 745x184
          text run at (0,16) width 723: "This element should be in a sans-serif font, italicized and small caps, with a weight of 100. "
          text run at (723,16) width 22: "Its"
          text run at (0,70) width 744: "font-size should be 150% the base font size, and its line-height should be 300% of that value"
          text run at (0,124) width 245: "(18px and 54px, respectively). "
          text run at (245,124) width 478: "Extra text is included for the purposes of testing this more"
          text run at (0,178) width 94: "effectively."
      RenderBlock {P} at (0,962) size 784x145
        RenderText {#text} at (0,8) size 750x128
          text run at (0,8) width 750: "This element should be in a monospace font, italicized and small caps, with a weight of"
          text run at (0,44) width 55: "900. "
          text run at (55,44) width 687: "Its font-size should be 150% the base font size, and its line-height should be"
          text run at (0,80) width 618: "2em, or twice the element's font size (18px and 36px, respectively). "
          text run at (618,80) width 113: "Extra text is"
          text run at (0,116) width 499: "included for the purposes of testing this more effectively."
      RenderBlock {P} at (0,1124) size 784x289
        RenderText {#text} at (0,37) size 779x214
          text run at (0,37) width 723: "This element should be in a sans-serif font, italicized and small caps, with a weight of 500. "
          text run at (723,37) width 22: "Its"
          text run at (0,133) width 693: "font-size should be 150% the base font size, or 18px, and its line-height should be 1in. "
          text run at (693,133) width 86: "Extra text"
          text run at (0,229) width 486: "is included for the purposes of testing this more effectively."
      RenderBlock {P} at (0,1430) size 784x109
        RenderText {#text} at (0,7) size 772x93
          text run at (0,7) width 752: "This element should be in a sans-serif font, oblique and not small-caps, with a weight of"
          text run at (0,43) width 40: "700. "
          text run at (40,43) width 663: "Its font-size should be 18 pixels, and its line-height should be 36px (200% this"
          text run at (0,79) width 177: "element's font size). "
          text run at (177,79) width 595: "Extra text is included for the purposes of testing this more effectively."
      RenderBlock {P} at (0,1556) size 784x51
        RenderText {#text} at (0,6) size 760x38
          text run at (0,6) width 305: "This element should be in a sans-serif font, with a weight of 400. "
          text run at (305,6) width 455: "Its font-size should be 80% of 12px, or 9.6px, and its line-height shoud be 2.5 times that, or 24px."
          text run at (0,31) width 323: "Extra text is included for the purposes of testing this more effectively."
      RenderBlock {P} at (0,1624) size 784x271
        RenderInline {SPAN} at (0,0) size 761x238 [bgcolor=#C0C0C0]
          RenderText {#text} at (0,16) size 761x238
            text run at (0,16) width 723: "This element should be in a sans-serif font, italicized and small caps, with a weight of 100. "
            text run at (723,16) width 22: "Its"
            text run at (0,70) width 744: "font-size should be 150% the base font size, and its line-height should be 300% of that value"
            text run at (0,124) width 761: "(18px and 54px, respectively). The text should have a silver background. The background color"
            text run at (0,178) width 736: "has been set on an inline element and should therefore only cover the text, not the interline"
            text run at (0,232) width 64: "spacing."
        RenderText {#text} at (0,0) size 0x0
      RenderTable {TABLE} at (0,1912) size 784x2367 [border: (1px outset #808080)]
        RenderTableSection {TBODY} at (1,1) size 782x2364
          RenderTableRow {TR} at (0,0) size 782x28
            RenderTableCell {TD} at (0,0) size 782x28 [bgcolor=#C0C0C0] [border: (1px inset #808080)] [r=0 c=0 rs=1 cs=2]
              RenderInline {STRONG} at (0,0) size 159x19
                RenderText {#text} at (4,4) size 159x19
                  text run at (4,4) width 159: "TABLE Testing Section"
          RenderTableRow {TR} at (0,28) size 782x2336
            RenderTableCell {TD} at (0,1182) size 12x28 [bgcolor=#C0C0C0] [border: (1px inset #808080)] [r=1 c=0 rs=1 cs=1]
              RenderText {#text} at (4,4) size 4x19
                text run at (4,4) width 4: " "
            RenderTableCell {TD} at (12,28) size 770x2337 [border: (1px inset #808080)] [r=1 c=1 rs=1 cs=1]
              RenderBlock {P} at (4,4) size 762x40
                RenderText {#text} at (0,0) size 754x39
                  text run at (0,0) width 531: "This element is unstyled, and should inherit a font-size of 12px from the BODY element. "
                  text run at (531,0) width 223: "This is the \"base font size\" referred to"
                  text run at (0,20) width 125: "in the following tests."
              RenderBlock {P} at (4,61) size 762x22
                RenderText {#text} at (0,0) size 502x20
                  text run at (0,0) width 502: "This element should be 13pt. Helvetica which is in small-cap italics."
              RenderBlock {P} at (4,106) size 762x145
                RenderText {#text} at (0,4) size 725x135
                  text run at (0,4) width 367: "This element should be in a serif font. "
                  text run at (367,4) width 358: "Its font-size should be 150% the base"
                  text run at (0,40) width 685: "font size, and its line-height should 150% of that value (18px and 27px,"
                  text run at (0,76) width 136: "respectively). "
                  text run at (136,76) width 556: "Extra text is included for the purposes of testing this more"
                  text run at (0,112) width 109: "effectively."
              RenderBlock {P} at (4,274) size 762x145
                RenderText {#text} at (0,4) size 760x135
                  text run at (0,4) width 471: "This element should be in a sans-serif font. "
                  text run at (471,4) width 237: "Its font-size should be"
                  text run at (0,40) width 749: "150% the base font size, and its line-height should 150% of that value"
                  text run at (0,76) width 327: "(18px and 27px, respectively). "
                  text run at (327,76) width 433: "Extra text is included for the purposes of"
                  text run at (0,112) width 298: "testing this more effectively."
              RenderBlock {P} at (4,442) size 762x81
                RenderText {#text} at (0,4) size 726x44
                  text run at (0,4) width 705: "This element should be in a cursive font, 'small' in size, with a line-height 200% the height of the text's actual size. "
                  text run at (705,4) width 21: "For"
                  text run at (0,30) width 189: "example, if the font-size value "
                RenderInline {CODE} at (0,0) size 30x12
                  RenderText {#text} at (189,35) size 30x12
                    text run at (189,35) width 30: "small"
                RenderText {#text} at (219,30) size 753x46
                  text run at (219,30) width 359: " is calculated at 10px, then the line-height should be 20px. "
                  text run at (578,30) width 175: "The actual value of the font-"
                  text run at (0,58) width 136: "size is UA-dependent. "
                  text run at (136,58) width 434: "Extra text is included for the purposes of testing this more effectively."
              RenderBlock {P} at (4,546) size 762x181
                RenderText {#text} at (0,4) size 762x172
                  text run at (0,4) width 716: "This element should be in a sans-serif font, italicized and small caps,"
                  text run at (0,40) width 226: "with a weight of 900. "
                  text run at (226,40) width 536: "Its font-size should be 150% the base font size, and"
                  text run at (0,76) width 627: "its line-height should be 150% of that value (18px and 27px,"
                  text run at (0,112) width 148: "respectively). "
                  text run at (148,112) width 561: "Extra text is included for the purposes of testing this"
                  text run at (0,148) width 177: "more effectively."
              RenderBlock {P} at (4,750) size 762x289
                RenderText {#text} at (0,22) size 753x244
                  text run at (0,22) width 753: "This element should be in a sans-serif font, italicized and small caps, with"
                  text run at (0,94) width 176: "a weight of 100. "
                  text run at (176,94) width 565: "Its font-size should be 150% the base font size, and its"
                  text run at (0,166) width 735: "line-height should be 300% of that value (18px and 54px, respectively)."
                  text run at (0,238) width 741: "Extra text is included for the purposes of testing this more effectively."
              RenderBlock {P} at (4,1062) size 762x157
                RenderText {#text} at (0,8) size 740x140
                  text run at (0,8) width 740: "This element should be in a monospace font, italicized and small caps, with a weight"
                  text run at (0,47) width 88: "of 900. "
                  text run at (88,47) width 620: "Its font-size should be 150% the base font size, and its line-height"
                  text run at (0,86) width 716: "should be 2em, or twice the element's font size (18px and 36px, respectively)."
                  text run at (0,125) width 636: "Extra text is included for the purposes of testing this more effectively."
              RenderBlock {P} at (4,1242) size 762x385
                RenderText {#text} at (0,34) size 760x316
                  text run at (0,34) width 753: "This element should be in a sans-serif font, italicized and small caps, with"
                  text run at (0,130) width 176: "a weight of 500. "
                  text run at (176,130) width 584: "Its font-size should be 150% the base font size, or 18px,"
                  text run at (0,226) width 339: "and its line-height should be 1in. "
                  text run at (339,226) width 405: "Extra text is included for the purposes"
                  text run at (0,322) width 329: "of testing this more effectively."
              RenderBlock {P} at (4,1650) size 762x145
                RenderText {#text} at (0,7) size 752x129
                  text run at (0,7) width 752: "This element should be in a sans-serif font, oblique and not small-caps, with a weight of"
                  text run at (0,43) width 40: "700. "
                  text run at (40,43) width 663: "Its font-size should be 18 pixels, and its line-height should be 36px (200% this"
                  text run at (0,79) width 177: "element's font size). "
                  text run at (177,79) width 498: "Extra text is included for the purposes of testing this more"
                  text run at (0,115) width 92: "effectively."
              RenderBlock {P} at (4,1812) size 762x65
                RenderText {#text} at (0,8) size 742x48
                  text run at (0,8) width 374: "This element should be in a sans-serif font, with a weight of 400. "
                  text run at (374,8) width 368: "Its font-size should be 80% of 12px, or 9.6px, and its line-height"
                  text run at (0,40) width 196: "shoud be 2.5 times that, or 24px. "
                  text run at (196,40) width 399: "Extra text is included for the purposes of testing this more effectively."
              RenderBlock {P} at (4,1900) size 762x433
                RenderInline {SPAN} at (0,0) size 762x388 [bgcolor=#C0C0C0]
                  RenderText {#text} at (0,22) size 762x388
                    text run at (0,22) width 753: "This element should be in a sans-serif font, italicized and small caps, with"
                    text run at (0,94) width 176: "a weight of 100. "
                    text run at (176,94) width 565: "Its font-size should be 150% the base font size, and its"
                    text run at (0,166) width 735: "line-height should be 300% of that value (18px and 54px, respectively)."
                    text run at (0,238) width 762: "The text should have a silver background. The background color has been"
                    text run at (0,310) width 723: "set on an inline element and should therefore only cover the text, not"
                    text run at (0,382) width 216: "the interline spacing."
                RenderText {#text} at (0,0) size 0x0
