layer at (0,0) size 800x600
  RenderView at (0,0) size 800x600
layer at (0,0) size 800x478
  RenderBlock {HTML} at (0,0) size 800x478
    RenderBody {BODY} at (8,23) size 784x432
      RenderBlock {P} at (0,0) size 784x52
        RenderText {#text} at (0,0) size 777x52
          text run at (0,0) width 777: "The following two blocks should look identical (to the pixel), and they should both"
          text run at (0,26) width 117: "say \"PASS\":"
      RenderBlock {P} at (0,75) size 784x167
        RenderEmbeddedObject {OBJECT} at (0,0) size 784x162 [border: (3px inset #000080)]
          layer at (0,0) size 778x156
            RenderView at (0,0) size 778x156
          layer at (0,0) size 778x156
            RenderSVGRoot {svg} at (0,0) size 467x156
              RenderSVGText {text} at (0,-1) size 3x2 contains 1 chunk(s)
                RenderSVGInlineText {#text} at (0,0) size 3x2
                  chunk 1 text run 1 at (0.00,0.80) startOffset 0 endOffset 4 width 2.40: "PASS"
      RenderBlock {P} at (0,265) size 784x167
        RenderEmbeddedObject {OBJECT} at (0,0) size 784x162 [border: (3px inset #000080)]
          layer at (0,0) size 778x156
            RenderView at (0,0) size 778x156
          layer at (0,0) size 778x156
            RenderSVGRoot {svg} at (0,0) size 375x156
              RenderSVGText {text} at (0,-100) size 2404x1119 contains 1 chunk(s)
                RenderSVGInlineText {#text} at (0,0) size 2404x1119
                  chunk 1 text run 1 at (0.00,800.00) startOffset 0 endOffset 4 width 2403.60: "PASS"
