layer at (0,0) size 800x600
  RenderView at (0,0) size 800x600
layer at (0,0) size 800x291
  RenderBlock {test} at (0,0) size 800x291
    RenderBlock {div} at (0,16) size 800x259
      RenderBlock {p} at (0,0) size 800x36
        RenderText {#text} at (0,0) size 749x18
          text run at (0,0) width 749: "The background color of this paragraph should turn to green when the mouse pointer hovers over any of the following:"
        RenderBR {br} at (749,0) size 0x18
        RenderInline {strong} at (0,0) size 63x18
          RenderText {#text} at (0,18) size 63x18
            text run at (0,18) width 63: "This text."
      RenderBlock {p} at (0,52) size 800x18
        RenderText {#text} at (0,0) size 59x18
          text run at (0,0) width 59: "This text."
      RenderTable {table} at (0,86) size 111x102
        RenderTableSection (anonymous) at (0,0) size 111x102
          RenderTableRow {tr} at (0,2) size 111x76
            RenderTableCell {td} at (2,2) size 107x76 [r=0 c=0 rs=1 cs=1]
              RenderTable {table} at (1,1) size 105x74
                RenderTableSection (anonymous) at (0,0) size 105x74
                  RenderTableRow {tr} at (0,2) size 105x70
                    RenderTableCell {td} at (2,2) size 101x70 [r=0 c=0 rs=1 cs=1]
                      RenderBlock {dl} at (1,17) size 99x36
                        RenderBlock {dt} at (0,0) size 99x18
                          RenderText {#text} at (0,0) size 59x18
                            text run at (0,0) width 59: "This text."
                        RenderBlock {dd} at (40,18) size 59x18
                          RenderText {#text} at (0,0) size 59x18
                            text run at (0,0) width 59: "This text."
          RenderTableRow {tr} at (0,80) size 111x20
            RenderTableCell {td} at (2,80) size 107x20 [r=1 c=0 rs=1 cs=1]
              RenderText {#text} at (1,1) size 59x18
                text run at (1,1) width 59: "This text."
      RenderBlock {p} at (0,204) size 800x21
        RenderInline {sub} at (0,0) size 51x15
          RenderText {#text} at (0,6) size 51x15
            text run at (0,6) width 51: "This text."
      RenderBlock {p} at (0,241) size 800x18
        RenderText {#text} at (0,0) size 573x18
          text run at (0,0) width 573: "...and anything else between the top of the first paragraph and the bottom of this paragraph."
