layer at (0,0) size 800x600
  RenderView at (0,0) size 800x600
layer at (0,0) size 800x68
  RenderBlock {test} at (0,0) size 800x68
    RenderBlock {div} at (0,0) size 800x52
      RenderBlock {q} at (0,0) size 800x18 [color=#FF0000]
        RenderBlock {r} at (0,0) size 800x18 [color=#00FF00]
          RenderText {#text} at (0,0) size 242x18
            text run at (0,0) width 242: "This text should be in green characters"
      RenderBlock {s} at (0,34) size 800x18 [color=#00FF00]
        RenderText {#text} at (0,0) size 242x18
          text run at (0,0) width 242: "This text should be in green characters"
