layer at (0,0) size 800x600
  RenderView at (0,0) size 800x600
layer at (0,0) size 800x172
  RenderBlock {test} at (0,0) size 800x172
    RenderBlock {p} at (0,16) size 800x36 [bgcolor=#FFFFFF]
      RenderText {#text} at (0,0) size 747x18
        text run at (0,0) width 225: "This paragraph should be unstyled. "
        text run at (225,0) width 449: "The background of the following paragraph should become blue when "
        text run at (674,0) width 73: "you follow "
      RenderInline {a} at (0,0) size 769x36 [color=#0000EE]
        RenderText {#text} at (747,0) size 769x36
          text run at (747,0) width 22: "this"
          text run at (0,18) width 24: "link"
      RenderText {#text} at (24,18) size 4x18
        text run at (24,18) width 4: "."
    RenderBlock {p} at (0,68) size 800x36 [bgcolor=#FFFFFF]
      RenderText {#text} at (0,0) size 731x18
        text run at (0,0) width 276: "This paragraph should initially be unstyled. "
        text run at (276,0) width 455: "It should become blue when you select the link above. When you select "
      RenderInline {a} at (0,0) size 50x18 [color=#0000EE]
        RenderText {#text} at (731,0) size 50x18
          text run at (731,0) width 50: "this link"
      RenderText {#text} at (781,0) size 797x36
        text run at (781,0) width 16: ", it"
        text run at (0,18) width 249: "should return to being unstyled and the "
        text run at (249,18) width 359: "background of the paragraph below should become blue."
    RenderBlock {p} at (0,120) size 800x36 [bgcolor=#FFFFFF]
      RenderText {#text} at (0,0) size 737x18
        text run at (0,0) width 276: "This paragraph should initially be unstyled. "
        text run at (276,0) width 461: "It should become blue when you select the link above. When you follow "
      RenderInline {a} at (0,0) size 50x18 [color=#0000EE]
        RenderText {#text} at (737,0) size 50x18
          text run at (737,0) width 50: "this link"
      RenderText {#text} at (787,0) size 791x36
        text run at (787,0) width 4: ","
        text run at (0,18) width 131: "the three paragraphs "
        text run at (131,18) width 218: "should all return to being unstyled."
