layer at (0,0) size 800x600
  RenderView at (0,0) size 800x600
layer at (0,0) size 800x172
  RenderBlock {test} at (0,0) size 800x172
    RenderBlock {p} at (0,16) size 800x36
      RenderText {#text} at (0,0) size 755x18
        text run at (0,0) width 225: "This paragraph should be unstyled. "
        text run at (225,0) width 457: "The background of the following paragraph should become green when "
        text run at (682,0) width 73: "you follow "
      RenderInline {a} at (0,0) size 777x36 [color=#0000EE]
        RenderText {#text} at (755,0) size 777x36
          text run at (755,0) width 22: "this"
          text run at (0,18) width 24: "link"
      RenderText {#text} at (24,18) size 4x18
        text run at (24,18) width 4: "."
    RenderBlock {p} at (0,68) size 800x36
      RenderText {#text} at (0,0) size 739x18
        text run at (0,0) width 276: "This paragraph should initially be unstyled. "
        text run at (276,0) width 463: "It should become green when you select the link above. When you select "
      RenderInline {a} at (0,0) size 50x18 [color=#0000EE]
        RenderText {#text} at (739,0) size 50x18
          text run at (739,0) width 50: "this link"
      RenderText {#text} at (789,0) size 793x36
        text run at (789,0) width 4: ","
        text run at (0,18) width 261: "it should return to being unstyled and the "
        text run at (261,18) width 367: "background of the paragraph below should become green."
    RenderBlock {p} at (0,120) size 800x36
      RenderText {#text} at (0,0) size 745x18
        text run at (0,0) width 276: "This paragraph should initially be unstyled. "
        text run at (276,0) width 469: "It should become green when you select the link above. When you follow "
      RenderInline {a} at (0,0) size 50x18 [color=#0000EE]
        RenderText {#text} at (745,0) size 50x18
          text run at (745,0) width 50: "this link"
      RenderText {#text} at (795,0) size 799x36
        text run at (795,0) width 4: ","
        text run at (0,18) width 131: "the three paragraphs "
        text run at (131,18) width 218: "should all return to being unstyled."
