layer at (0,0) size 800x600
  RenderView at (0,0) size 800x600
layer at (0,0) size 800x81
  RenderBlock {test} at (0,0) size 800x81
    RenderBlock {p} at (0,16) size 800x49
      RenderButton {button} at (2,2) size 246x22 [color=#7F7F7F] [bgcolor=#00FF00] [border: (2px outset #C0C0C0)]
        RenderBlock (anonymous) at (8,4) size 230x13
          RenderText {#text} at (0,0) size 230x13
            text run at (0,0) width 230: "A button (disabled) with green background"
      RenderText {#text} at (249,3) size 5x18
        text run at (249,3) width 5: " "
      RenderBR {br} at (0,0) size 0x0
      RenderTextControl {input} at (2,28) size 203x19 [bgcolor=#00FF00] [border: (2px inset #000000)]
      RenderText {#text} at (0,0) size 0x0
layer at (5,47) size 197x13 scrollWidth 240
  RenderBlock {div} at (3,3) size 197x13 [color=#545454]
    RenderText {#text} at (0,0) size 240x13
      text run at (0,0) width 240: "a text area (disabled) with green background"
