layer at (0,0) size 800x600
  RenderView at (0,0) size 800x600
layer at (0,0) size 800x384
  RenderBlock {test} at (0,0) size 800x384
    RenderBlock {p} at (0,16) size 800x18 [bgcolor=#00FF00]
      RenderText {#text} at (0,0) size 293x18
        text run at (0,0) width 293: "This paragraph should have green background"
    RenderBlock {address} at (0,50) size 800x18
      RenderText {#text} at (0,0) size 230x18
        text run at (0,0) width 230: "And this address should be unstyled."
    RenderBlock {p} at (0,84) size 800x18 [bgcolor=#00FF00]
      RenderText {#text} at (0,0) size 327x18
        text run at (0,0) width 327: "This paragraph should also have green background!"
    RenderBlock {p} at (0,118) size 800x18
      RenderText {#text} at (0,0) size 240x18
        text run at (0,0) width 240: "But this one should be unstyled again."
    RenderBlock {dl} at (0,152) size 800x216
      RenderBlock {dt} at (0,0) size 800x18
        RenderText {#text} at (0,0) size 124x18
          text run at (0,0) width 124: "First definition term"
      RenderBlock {dd} at (40,18) size 760x18
        RenderText {#text} at (0,0) size 92x18
          text run at (0,0) width 92: "First definition"
      RenderBlock {dt} at (0,36) size 800x18 [bgcolor=#00FF00]
        RenderText {#text} at (0,0) size 368x18
          text run at (0,0) width 368: "Second definition term that should have green background"
      RenderBlock {dd} at (40,54) size 760x18 [bgcolor=#00FF00]
        RenderText {#text} at (0,0) size 336x18
          text run at (0,0) width 336: "Second definition that should have green background"
      RenderBlock {dt} at (0,72) size 800x18 [bgcolor=#00FF00]
        RenderText {#text} at (0,0) size 356x18
          text run at (0,0) width 356: "Third definition term that should have green background"
      RenderBlock {dd} at (40,90) size 760x18 [bgcolor=#00FF00]
        RenderText {#text} at (0,0) size 324x18
          text run at (0,0) width 324: "Third definition that should have green background"
      RenderBlock {dt} at (0,108) size 800x18
        RenderText {#text} at (0,0) size 138x18
          text run at (0,0) width 138: "Fourth definition term"
      RenderBlock {dd} at (40,126) size 760x18
        RenderText {#text} at (0,0) size 106x18
          text run at (0,0) width 106: "Fourth definition"
      RenderBlock {dt} at (0,144) size 800x18 [bgcolor=#00FF00]
        RenderText {#text} at (0,0) size 351x18
          text run at (0,0) width 351: "Fifth definition term that should have green background"
      RenderBlock {dd} at (40,162) size 760x18 [bgcolor=#00FF00]
        RenderText {#text} at (0,0) size 319x18
          text run at (0,0) width 319: "Fifth definition that should have green background"
      RenderBlock {dt} at (0,180) size 800x18 [bgcolor=#00FF00]
        RenderText {#text} at (0,0) size 354x18
          text run at (0,0) width 354: "Sixth definition term that should have green background"
      RenderBlock {dd} at (40,198) size 760x18 [bgcolor=#00FF00]
        RenderText {#text} at (0,0) size 322x18
          text run at (0,0) width 322: "Sixth definition that should have green background"
