layer at (0,0) size 800x600
  RenderView at (0,0) size 800x600
layer at (0,0) size 800x18
  RenderBlock {test} at (0,0) size 800x18
    RenderInline {testA} at (0,0) size 510x18 [bgcolor=#00FF00]
      RenderText {#text} at (0,0) size 510x18
        text run at (0,0) width 510: "This paragraph has no declared namespace and should have a green background."
    RenderText {#text} at (0,0) size 0x0
