layer at (0,0) size 800x600
  RenderView at (0,0) size 800x600
layer at (0,0) size 800x118
  RenderBlock {test} at (0,0) size 800x118
    RenderBlock {p} at (0,16) size 800x18 [bgcolor=#00FF00]
      RenderText {#text} at (0,0) size 308x18
        text run at (0,0) width 308: "This paragraph should have a green background."
    RenderBlock {div} at (0,50) size 800x52
      RenderBlock (anonymous) at (0,0) size 800x18
        RenderText {#text} at (0,0) size 238x18
          text run at (0,0) width 238: "This div contains only one paragraph."
      RenderBlock {p} at (0,34) size 800x18
        RenderText {#text} at (0,0) size 221x18
          text run at (0,0) width 221: "This paragraph should be unstyled."
