layer at (0,0) size 800x600
  RenderView at (0,0) size 800x600
layer at (0,0) size 800x600
  RenderBlock {HTML} at (0,0) size 800x600
    RenderBody {BODY} at (8,8) size 784x576
      RenderBlock {UL} at (0,0) size 784x104
        RenderListItem {LI} at (40,0) size 744x39
          RenderListMarker at (-17,17) size 7x18: bullet
          RenderBlock {INPUT} at (2,1) size 88x36 [bgcolor=#FFFFFF] [border: (2px inset #000000)]
            RenderDeprecatedFlexibleBox {DIV} at (3,3) size 82x17
              RenderBlock (anonymous) at (0,0) size 66x17
                RenderBlock {SPAN} at (0,0) size 18x17
                  RenderText {#text} at (2,2) size 14x13
                    text run at (2,2) width 14: "12"
                RenderText {#text} at (17,2) size 8x13
                  text run at (17,2) width 8: ":"
                RenderBlock {SPAN} at (24,0) size 18x17
                  RenderText {#text} at (2,2) size 14x13
                    text run at (2,2) width 14: "34"
                RenderText {#text} at (41,2) size 8x13
                  text run at (41,2) width 8: " "
                RenderInline {SPAN} at (0,0) size 17x17
                  RenderText {#text} at (49,2) size 15x13
                    text run at (49,2) width 15: "PM"
            RenderBlock (anonymous) at (3,19) size 82x14
              RenderInline (generated) at (0,0) size 49x13
                RenderText at (0,0) size 49x13
                  text run at (0,0) width 49: "[after]"
        RenderListItem {LI} at (40,39) size 744x39
          RenderListMarker at (-17,16) size 7x18: bullet
          RenderBlock {INPUT} at (2,1) size 88x37 [bgcolor=#FFFFFF] [border: (2px inset #000000)]
            RenderBlock (anonymous) at (3,3) size 82x13
              RenderInline (generated) at (0,0) size 56x13
                RenderText at (0,0) size 56x13
                  text run at (0,0) width 56: "[before]"
            RenderDeprecatedFlexibleBox {DIV} at (3,16) size 82x17
              RenderBlock (anonymous) at (0,0) size 66x17
                RenderBlock {SPAN} at (0,0) size 18x17
                  RenderText {#text} at (2,2) size 14x13
                    text run at (2,2) width 14: "12"
                RenderText {#text} at (17,2) size 8x13
                  text run at (17,2) width 8: ":"
                RenderBlock {SPAN} at (24,0) size 18x17
                  RenderText {#text} at (2,2) size 14x13
                    text run at (2,2) width 14: "34"
                RenderText {#text} at (41,2) size 8x13
                  text run at (41,2) width 8: " "
                RenderInline {SPAN} at (0,0) size 17x17
                  RenderText {#text} at (49,2) size 15x13
                    text run at (49,2) width 15: "PM"
        RenderListItem {LI} at (40,78) size 744x26
          RenderListMarker at (-17,3) size 7x18: bullet
          RenderBlock {INPUT} at (2,1) size 88x24 [bgcolor=#FFFFFF] [border: (2px inset #000000)]
            RenderDeprecatedFlexibleBox {DIV} at (3,3) size 82x17
              RenderBlock (anonymous) at (0,0) size 66x17
                RenderBlock {SPAN} at (0,0) size 18x17
                  RenderText {#text} at (2,2) size 14x13
                    text run at (2,2) width 14: "12"
                RenderText {#text} at (17,2) size 8x13
                  text run at (17,2) width 8: ":"
                RenderBlock {SPAN} at (24,0) size 18x17
                  RenderText {#text} at (2,2) size 14x13
                    text run at (2,2) width 14: "34"
                RenderText {#text} at (41,2) size 8x13
                  text run at (41,2) width 8: " "
                RenderInline {SPAN} at (0,0) size 17x17
                  RenderText {#text} at (49,2) size 15x13
                    text run at (49,2) width 15: "PM"
layer at (121,13) size 13x17
  RenderBlock (relative positioned) {DIV} at (68,0) size 14x17
layer at (121,65) size 13x17
  RenderBlock (relative positioned) {DIV} at (68,0) size 14x17
layer at (121,91) size 13x17
  RenderBlock (relative positioned) {DIV} at (68,0) size 14x17
