layer at (0,0) size 800x600
  RenderView at (0,0) size 800x600
layer at (0,0) size 800x600
  RenderBlock {HTML} at (0,0) size 800x600
    RenderBody {BODY} at (8,8) size 784x576
      RenderBlock {UL} at (0,0) size 784x174
        RenderListItem {LI} at (40,0) size 744x26
          RenderListMarker at (-17,3) size 7x18: bullet
          RenderText {#text} at (0,3) size 67x18
            text run at (0,3) width 67: "text-align: "
          RenderBlock {INPUT} at (69,1) size 88x24 [bgcolor=#FFFFFF] [border: (2px inset #000000)]
            RenderDeprecatedFlexibleBox {DIV} at (3,3) size 82x17
              RenderBlock (anonymous) at (0,0) size 66x17
                RenderBlock {SPAN} at (0,0) size 18x17
                  RenderText {#text} at (2,2) size 14x13
                    text run at (2,2) width 14: "12"
                RenderText {#text} at (17,2) size 8x13
                  text run at (17,2) width 8: ":"
                RenderBlock {SPAN} at (24,0) size 18x17
                  RenderText {#text} at (2,2) size 14x13
                    text run at (2,2) width 14: "34"
                RenderText {#text} at (41,2) size 8x13
                  text run at (41,2) width 8: " "
                RenderInline {SPAN} at (0,0) size 17x17
                  RenderText {#text} at (49,2) size 15x13
                    text run at (49,2) width 15: "PM"
        RenderListItem {LI} at (40,26) size 744x26
          RenderListMarker at (-17,3) size 7x18: bullet
          RenderText {#text} at (0,3) size 96x18
            text run at (0,3) width 96: "text-transform: "
          RenderBlock {INPUT} at (98,1) size 88x24 [bgcolor=#FFFFFF] [border: (2px inset #000000)]
            RenderDeprecatedFlexibleBox {DIV} at (3,3) size 82x17
              RenderBlock (anonymous) at (0,0) size 66x17
                RenderBlock {SPAN} at (0,0) size 18x17
                  RenderText {#text} at (2,2) size 14x13
                    text run at (2,2) width 14: "12"
                RenderText {#text} at (17,2) size 8x13
                  text run at (17,2) width 8: ":"
                RenderBlock {SPAN} at (24,0) size 18x17
                  RenderText {#text} at (2,2) size 14x13
                    text run at (2,2) width 14: "34"
                RenderText {#text} at (41,2) size 8x13
                  text run at (41,2) width 8: " "
                RenderInline {SPAN} at (0,0) size 17x17
                  RenderText {#text} at (49,2) size 15x13
                    text run at (49,2) width 15: "pm"
        RenderListItem {LI} at (40,52) size 744x22
          RenderListMarker at (-17,1) size 7x18: bullet
          RenderText {#text} at (0,1) size 123x18
            text run at (0,1) width 123: "background, color: "
          RenderBlock {INPUT} at (125,1) size 84x20 [color=#FFFF00] [bgcolor=#008000]
            RenderDeprecatedFlexibleBox {DIV} at (1,1) size 82x17
              RenderBlock (anonymous) at (0,0) size 66x17
                RenderBlock {SPAN} at (0,0) size 18x17
                  RenderText {#text} at (2,2) size 14x13
                    text run at (2,2) width 14: "12"
                RenderText {#text} at (17,2) size 8x13
                  text run at (17,2) width 8: ":"
                RenderBlock {SPAN} at (24,0) size 18x17
                  RenderText {#text} at (2,2) size 14x13
                    text run at (2,2) width 14: "34"
                RenderText {#text} at (41,2) size 8x13
                  text run at (41,2) width 8: " "
                RenderInline {SPAN} at (0,0) size 17x17
                  RenderText {#text} at (49,2) size 15x13
                    text run at (49,2) width 15: "PM"
        RenderListItem {LI} at (40,74) size 744x50
          RenderListMarker at (-17,19) size 7x18: bullet
          RenderText {#text} at (0,19) size 62x18
            text run at (0,19) width 62: "font-size: "
          RenderBlock {INPUT} at (64,1) size 183x47 [bgcolor=#FFFFFF] [border: (2px inset #000000)]
            RenderDeprecatedFlexibleBox {DIV} at (3,3) size 177x40
              RenderBlock (anonymous) at (0,0) size 152x40
                RenderBlock {SPAN} at (0,0) size 40x39
                  RenderText {#text} at (4,4) size 32x31
                    text run at (4,4) width 32: "12"
                RenderText {#text} at (40,4) size 16x31
                  text run at (40,4) width 16: ":"
                RenderBlock {SPAN} at (56,0) size 40x39
                  RenderText {#text} at (4,4) size 32x31
                    text run at (4,4) width 32: "34"
                RenderText {#text} at (96,4) size 16x31
                  text run at (96,4) width 16: " "
                RenderInline {SPAN} at (0,0) size 40x39
                  RenderText {#text} at (116,4) size 32x31
                    text run at (116,4) width 32: "PM"
        RenderListItem {LI} at (40,124) size 744x50
          RenderListMarker at (-17,19) size 7x18: bullet
          RenderText {#text} at (0,19) size 206x18
            text run at (0,19) width 206: "font-size with fixed input width: "
          RenderBlock {INPUT} at (206,1) size 267x47 [bgcolor=#FFFFFF] [border: (2px inset #000000)]
            RenderDeprecatedFlexibleBox {DIV} at (3,3) size 261x40
              RenderBlock (anonymous) at (0,0) size 152x40
                RenderBlock {SPAN} at (0,0) size 40x39
                  RenderText {#text} at (4,4) size 32x31
                    text run at (4,4) width 32: "12"
                RenderText {#text} at (40,4) size 16x31
                  text run at (40,4) width 16: ":"
                RenderBlock {SPAN} at (56,0) size 40x39
                  RenderText {#text} at (4,4) size 32x31
                    text run at (4,4) width 32: "34"
                RenderText {#text} at (96,4) size 16x31
                  text run at (96,4) width 16: " "
                RenderInline {SPAN} at (0,0) size 40x39
                  RenderText {#text} at (116,4) size 32x31
                    text run at (116,4) width 32: "PM"
layer at (188,13) size 13x17
  RenderBlock (relative positioned) {DIV} at (68,0) size 14x17
layer at (217,39) size 13x17
  RenderBlock (relative positioned) {DIV} at (68,0) size 14x17
layer at (242,63) size 13x17
  RenderBlock (relative positioned) {DIV} at (68,0) size 14x17
layer at (272,87) size 19x40
  RenderBlock (relative positioned) {DIV} at (157,0) size 20x40
layer at (414,137) size 19x40
  RenderBlock (relative positioned) {DIV} at (157,0) size 20x40
