layer at (0,0) size 800x600
  RenderView at (0,0) size 800x600
layer at (0,0) size 800x600
  RenderBlock {HTML} at (0,0) size 800x600
    RenderBody {BODY} at (8,8) size 784x576
      RenderBlock (anonymous) at (0,0) size 784x18
        RenderText {#text} at (0,0) size 56x18
          text run at (0,0) width 56: "Disabled"
      RenderBlock {UL} at (0,34) size 784x130
        RenderListItem {LI} at (40,0) size 744x26
          RenderListMarker at (-17,3) size 7x18: bullet
          RenderText {#text} at (0,3) size 69x18
            text run at (0,3) width 69: "step=none "
          RenderBlock {INPUT} at (71,1) size 88x24 [color=#545454] [bgcolor=#FFFFFF] [border: (2px inset #545454)]
            RenderDeprecatedFlexibleBox {DIV} at (3,3) size 82x17
              RenderBlock (anonymous) at (0,0) size 66x17
                RenderBlock {SPAN} at (0,0) size 18x17
                  RenderText {#text} at (2,2) size 14x13
                    text run at (2,2) width 14: "--"
                RenderText {#text} at (17,2) size 8x13
                  text run at (17,2) width 8: ":"
                RenderBlock {SPAN} at (24,0) size 18x17
                  RenderText {#text} at (2,2) size 14x13
                    text run at (2,2) width 14: "--"
                RenderText {#text} at (41,2) size 8x13
                  text run at (41,2) width 8: " "
                RenderInline {SPAN} at (0,0) size 17x17
                  RenderText {#text} at (49,2) size 15x13
                    text run at (49,2) width 15: "--"
          RenderText {#text} at (160,3) size 5x18
            text run at (160,3) width 5: " "
          RenderBlock {INPUT} at (166,1) size 88x24 [color=#545454] [bgcolor=#FFFFFF] [border: (2px inset #545454)]
            RenderDeprecatedFlexibleBox {DIV} at (3,3) size 82x17
              RenderBlock (anonymous) at (0,0) size 66x17
                RenderBlock {SPAN} at (0,0) size 18x17
                  RenderText {#text} at (2,2) size 14x13
                    text run at (2,2) width 14: "12"
                RenderText {#text} at (17,2) size 8x13
                  text run at (17,2) width 8: ":"
                RenderBlock {SPAN} at (24,0) size 18x17
                  RenderText {#text} at (2,2) size 14x13
                    text run at (2,2) width 14: "34"
                RenderText {#text} at (41,2) size 8x13
                  text run at (41,2) width 8: " "
                RenderInline {SPAN} at (0,0) size 17x17
                  RenderText {#text} at (49,2) size 15x13
                    text run at (49,2) width 15: "PM"
        RenderListItem {LI} at (40,26) size 744x26
          RenderListMarker at (-17,3) size 7x18: bullet
          RenderText {#text} at (0,3) size 46x18
            text run at (0,3) width 46: "step=1 "
          RenderBlock {INPUT} at (48,1) size 112x24 [color=#545454] [bgcolor=#FFFFFF] [border: (2px inset #545454)]
            RenderDeprecatedFlexibleBox {DIV} at (3,3) size 106x17
              RenderBlock (anonymous) at (0,0) size 91x17
                RenderBlock {SPAN} at (0,0) size 18x17
                  RenderText {#text} at (2,2) size 14x13
                    text run at (2,2) width 14: "--"
                RenderText {#text} at (17,2) size 8x13
                  text run at (17,2) width 8: ":"
                RenderBlock {SPAN} at (24,0) size 18x17
                  RenderText {#text} at (2,2) size 14x13
                    text run at (2,2) width 14: "--"
                RenderText {#text} at (41,2) size 8x13
                  text run at (41,2) width 8: ":"
                RenderBlock {SPAN} at (48,0) size 18x17
                  RenderText {#text} at (2,2) size 14x13
                    text run at (2,2) width 14: "--"
                RenderText {#text} at (65,2) size 8x13
                  text run at (65,2) width 8: " "
                RenderInline {SPAN} at (0,0) size 17x17
                  RenderText {#text} at (73,2) size 15x13
                    text run at (73,2) width 15: "--"
          RenderText {#text} at (161,3) size 5x18
            text run at (161,3) width 5: " "
          RenderBlock {INPUT} at (167,1) size 112x24 [color=#545454] [bgcolor=#FFFFFF] [border: (2px inset #545454)]
            RenderDeprecatedFlexibleBox {DIV} at (3,3) size 106x17
              RenderBlock (anonymous) at (0,0) size 91x17
                RenderBlock {SPAN} at (0,0) size 18x17
                  RenderText {#text} at (2,2) size 14x13
                    text run at (2,2) width 14: "12"
                RenderText {#text} at (17,2) size 8x13
                  text run at (17,2) width 8: ":"
                RenderBlock {SPAN} at (24,0) size 18x17
                  RenderText {#text} at (2,2) size 14x13
                    text run at (2,2) width 14: "34"
                RenderText {#text} at (41,2) size 8x13
                  text run at (41,2) width 8: ":"
                RenderBlock {SPAN} at (48,0) size 18x17
                  RenderText {#text} at (2,2) size 14x13
                    text run at (2,2) width 14: "56"
                RenderText {#text} at (65,2) size 8x13
                  text run at (65,2) width 8: " "
                RenderInline {SPAN} at (0,0) size 17x17
                  RenderText {#text} at (73,2) size 15x13
                    text run at (73,2) width 15: "PM"
        RenderListItem {LI} at (40,52) size 744x26
          RenderListMarker at (-17,3) size 7x18: bullet
          RenderText {#text} at (0,3) size 82x18
            text run at (0,3) width 82: "step=0.0001 "
          RenderBlock {INPUT} at (84,1) size 143x24 [color=#545454] [bgcolor=#FFFFFF] [border: (2px inset #545454)]
            RenderDeprecatedFlexibleBox {DIV} at (3,3) size 137x17
              RenderBlock (anonymous) at (0,0) size 122x17
                RenderBlock {SPAN} at (0,0) size 18x17
                  RenderText {#text} at (2,2) size 14x13
                    text run at (2,2) width 14: "--"
                RenderText {#text} at (17,2) size 8x13
                  text run at (17,2) width 8: ":"
                RenderBlock {SPAN} at (24,0) size 18x17
                  RenderText {#text} at (2,2) size 14x13
                    text run at (2,2) width 14: "--"
                RenderText {#text} at (41,2) size 8x13
                  text run at (41,2) width 8: ":"
                RenderBlock {SPAN} at (48,0) size 18x17
                  RenderText {#text} at (2,2) size 14x13
                    text run at (2,2) width 14: "--"
                RenderText {#text} at (65,2) size 8x13
                  text run at (65,2) width 8: "."
                RenderBlock {SPAN} at (72,0) size 26x17
                  RenderText {#text} at (2,2) size 21x13
                    text run at (2,2) width 21: "---"
                RenderText {#text} at (97,2) size 8x13
                  text run at (97,2) width 8: " "
                RenderInline {SPAN} at (0,0) size 17x17
                  RenderText {#text} at (105,2) size 15x13
                    text run at (105,2) width 15: "--"
          RenderText {#text} at (228,3) size 5x18
            text run at (228,3) width 5: " "
          RenderBlock {INPUT} at (234,1) size 144x24 [color=#545454] [bgcolor=#FFFFFF] [border: (2px inset #545454)]
            RenderDeprecatedFlexibleBox {DIV} at (3,3) size 137x17
              RenderBlock (anonymous) at (0,0) size 122x17
                RenderBlock {SPAN} at (0,0) size 18x17
                  RenderText {#text} at (2,2) size 14x13
                    text run at (2,2) width 14: "12"
                RenderText {#text} at (17,2) size 8x13
                  text run at (17,2) width 8: ":"
                RenderBlock {SPAN} at (24,0) size 18x17
                  RenderText {#text} at (2,2) size 14x13
                    text run at (2,2) width 14: "34"
                RenderText {#text} at (41,2) size 8x13
                  text run at (41,2) width 8: ":"
                RenderBlock {SPAN} at (48,0) size 18x17
                  RenderText {#text} at (2,2) size 14x13
                    text run at (2,2) width 14: "56"
                RenderText {#text} at (65,2) size 8x13
                  text run at (65,2) width 8: "."
                RenderBlock {SPAN} at (72,0) size 26x17
                  RenderText {#text} at (2,2) size 21x13
                    text run at (2,2) width 21: "789"
                RenderText {#text} at (97,2) size 8x13
                  text run at (97,2) width 8: " "
                RenderInline {SPAN} at (0,0) size 17x17
                  RenderText {#text} at (105,2) size 15x13
                    text run at (105,2) width 15: "PM"
        RenderListItem {LI} at (40,78) size 744x26
          RenderListMarker at (-17,3) size 7x18: bullet
          RenderText {#text} at (0,3) size 54x18
            text run at (0,3) width 54: "step=60 "
          RenderBlock {INPUT} at (56,1) size 88x24 [color=#545454] [bgcolor=#FFFFFF] [border: (2px inset #545454)]
            RenderDeprecatedFlexibleBox {DIV} at (3,3) size 82x17
              RenderBlock (anonymous) at (0,0) size 66x17
                RenderBlock {SPAN} at (0,0) size 18x17
                  RenderText {#text} at (2,2) size 14x13
                    text run at (2,2) width 14: "--"
                RenderText {#text} at (17,2) size 8x13
                  text run at (17,2) width 8: ":"
                RenderBlock {SPAN} at (24,0) size 18x17
                  RenderText {#text} at (2,2) size 14x13
                    text run at (2,2) width 14: "--"
                RenderText {#text} at (41,2) size 8x13
                  text run at (41,2) width 8: " "
                RenderInline {SPAN} at (0,0) size 17x17
                  RenderText {#text} at (49,2) size 15x13
                    text run at (49,2) width 15: "--"
          RenderText {#text} at (145,3) size 5x18
            text run at (145,3) width 5: " "
          RenderBlock {INPUT} at (151,1) size 88x24 [color=#545454] [bgcolor=#FFFFFF] [border: (2px inset #545454)]
            RenderDeprecatedFlexibleBox {DIV} at (3,3) size 82x17
              RenderBlock (anonymous) at (0,0) size 66x17
                RenderBlock {SPAN} at (0,0) size 18x17
                  RenderText {#text} at (2,2) size 14x13
                    text run at (2,2) width 14: "12"
                RenderText {#text} at (17,2) size 8x13
                  text run at (17,2) width 8: ":"
                RenderBlock {SPAN} at (24,0) size 18x17
                  RenderText {#text} at (2,2) size 14x13
                    text run at (2,2) width 14: "34"
                RenderText {#text} at (41,2) size 8x13
                  text run at (41,2) width 8: " "
                RenderInline {SPAN} at (0,0) size 17x17
                  RenderText {#text} at (49,2) size 15x13
                    text run at (49,2) width 15: "PM"
        RenderListItem {LI} at (40,104) size 744x26
          RenderListMarker at (-17,3) size 7x18: bullet
          RenderText {#text} at (0,3) size 70x18
            text run at (0,3) width 70: "step=3600 "
          RenderBlock {INPUT} at (72,1) size 88x24 [color=#545454] [bgcolor=#FFFFFF] [border: (2px inset #545454)]
            RenderDeprecatedFlexibleBox {DIV} at (3,3) size 82x17
              RenderBlock (anonymous) at (0,0) size 66x17
                RenderBlock {SPAN} at (0,0) size 18x17
                  RenderText {#text} at (2,2) size 14x13
                    text run at (2,2) width 14: "--"
                RenderText {#text} at (17,2) size 8x13
                  text run at (17,2) width 8: ":"
                RenderBlock {SPAN} at (24,0) size 18x17 [color=#7F7F7F]
                  RenderText {#text} at (2,2) size 14x13
                    text run at (2,2) width 14: "00"
                RenderText {#text} at (41,2) size 8x13
                  text run at (41,2) width 8: " "
                RenderInline {SPAN} at (0,0) size 17x17
                  RenderText {#text} at (49,2) size 15x13
                    text run at (49,2) width 15: "--"
          RenderText {#text} at (161,3) size 5x18
            text run at (161,3) width 5: " "
          RenderBlock {INPUT} at (167,1) size 88x24 [color=#545454] [bgcolor=#FFFFFF] [border: (2px inset #545454)]
            RenderDeprecatedFlexibleBox {DIV} at (3,3) size 82x17
              RenderBlock (anonymous) at (0,0) size 66x17
                RenderBlock {SPAN} at (0,0) size 18x17
                  RenderText {#text} at (2,2) size 14x13
                    text run at (2,2) width 14: "12"
                RenderText {#text} at (17,2) size 8x13
                  text run at (17,2) width 8: ":"
                RenderBlock {SPAN} at (24,0) size 18x17
                  RenderText {#text} at (2,2) size 14x13
                    text run at (2,2) width 14: "34"
                RenderText {#text} at (41,2) size 8x13
                  text run at (41,2) width 8: " "
                RenderInline {SPAN} at (0,0) size 17x17
                  RenderText {#text} at (49,2) size 15x13
                    text run at (49,2) width 15: "PM"
      RenderBlock (anonymous) at (0,180) size 784x18
        RenderText {#text} at (0,0) size 61x18
          text run at (0,0) width 61: "Readonly"
      RenderBlock {UL} at (0,214) size 784x130
        RenderListItem {LI} at (40,0) size 744x26
          RenderListMarker at (-17,3) size 7x18: bullet
          RenderText {#text} at (0,3) size 69x18
            text run at (0,3) width 69: "step=none "
          RenderBlock {INPUT} at (71,1) size 88x24 [bgcolor=#FFFFFF] [border: (2px inset #000000)]
            RenderDeprecatedFlexibleBox {DIV} at (3,3) size 82x17
              RenderBlock (anonymous) at (0,0) size 66x17
                RenderBlock {SPAN} at (0,0) size 18x17
                  RenderText {#text} at (2,2) size 14x13
                    text run at (2,2) width 14: "--"
                RenderText {#text} at (17,2) size 8x13
                  text run at (17,2) width 8: ":"
                RenderBlock {SPAN} at (24,0) size 18x17
                  RenderText {#text} at (2,2) size 14x13
                    text run at (2,2) width 14: "--"
                RenderText {#text} at (41,2) size 8x13
                  text run at (41,2) width 8: " "
                RenderInline {SPAN} at (0,0) size 17x17
                  RenderText {#text} at (49,2) size 15x13
                    text run at (49,2) width 15: "--"
          RenderText {#text} at (160,3) size 5x18
            text run at (160,3) width 5: " "
          RenderBlock {INPUT} at (166,1) size 88x24 [bgcolor=#FFFFFF] [border: (2px inset #000000)]
            RenderDeprecatedFlexibleBox {DIV} at (3,3) size 82x17
              RenderBlock (anonymous) at (0,0) size 66x17
                RenderBlock {SPAN} at (0,0) size 18x17
                  RenderText {#text} at (2,2) size 14x13
                    text run at (2,2) width 14: "12"
                RenderText {#text} at (17,2) size 8x13
                  text run at (17,2) width 8: ":"
                RenderBlock {SPAN} at (24,0) size 18x17
                  RenderText {#text} at (2,2) size 14x13
                    text run at (2,2) width 14: "34"
                RenderText {#text} at (41,2) size 8x13
                  text run at (41,2) width 8: " "
                RenderInline {SPAN} at (0,0) size 17x17
                  RenderText {#text} at (49,2) size 15x13
                    text run at (49,2) width 15: "PM"
        RenderListItem {LI} at (40,26) size 744x26
          RenderListMarker at (-17,3) size 7x18: bullet
          RenderText {#text} at (0,3) size 46x18
            text run at (0,3) width 46: "step=1 "
          RenderBlock {INPUT} at (48,1) size 112x24 [bgcolor=#FFFFFF] [border: (2px inset #000000)]
            RenderDeprecatedFlexibleBox {DIV} at (3,3) size 106x17
              RenderBlock (anonymous) at (0,0) size 91x17
                RenderBlock {SPAN} at (0,0) size 18x17
                  RenderText {#text} at (2,2) size 14x13
                    text run at (2,2) width 14: "--"
                RenderText {#text} at (17,2) size 8x13
                  text run at (17,2) width 8: ":"
                RenderBlock {SPAN} at (24,0) size 18x17
                  RenderText {#text} at (2,2) size 14x13
                    text run at (2,2) width 14: "--"
                RenderText {#text} at (41,2) size 8x13
                  text run at (41,2) width 8: ":"
                RenderBlock {SPAN} at (48,0) size 18x17
                  RenderText {#text} at (2,2) size 14x13
                    text run at (2,2) width 14: "--"
                RenderText {#text} at (65,2) size 8x13
                  text run at (65,2) width 8: " "
                RenderInline {SPAN} at (0,0) size 17x17
                  RenderText {#text} at (73,2) size 15x13
                    text run at (73,2) width 15: "--"
          RenderText {#text} at (161,3) size 5x18
            text run at (161,3) width 5: " "
          RenderBlock {INPUT} at (167,1) size 112x24 [bgcolor=#FFFFFF] [border: (2px inset #000000)]
            RenderDeprecatedFlexibleBox {DIV} at (3,3) size 106x17
              RenderBlock (anonymous) at (0,0) size 91x17
                RenderBlock {SPAN} at (0,0) size 18x17
                  RenderText {#text} at (2,2) size 14x13
                    text run at (2,2) width 14: "12"
                RenderText {#text} at (17,2) size 8x13
                  text run at (17,2) width 8: ":"
                RenderBlock {SPAN} at (24,0) size 18x17
                  RenderText {#text} at (2,2) size 14x13
                    text run at (2,2) width 14: "34"
                RenderText {#text} at (41,2) size 8x13
                  text run at (41,2) width 8: ":"
                RenderBlock {SPAN} at (48,0) size 18x17
                  RenderText {#text} at (2,2) size 14x13
                    text run at (2,2) width 14: "56"
                RenderText {#text} at (65,2) size 8x13
                  text run at (65,2) width 8: " "
                RenderInline {SPAN} at (0,0) size 17x17
                  RenderText {#text} at (73,2) size 15x13
                    text run at (73,2) width 15: "PM"
        RenderListItem {LI} at (40,52) size 744x26
          RenderListMarker at (-17,3) size 7x18: bullet
          RenderText {#text} at (0,3) size 82x18
            text run at (0,3) width 82: "step=0.0001 "
          RenderBlock {INPUT} at (84,1) size 143x24 [bgcolor=#FFFFFF] [border: (2px inset #000000)]
            RenderDeprecatedFlexibleBox {DIV} at (3,3) size 137x17
              RenderBlock (anonymous) at (0,0) size 122x17
                RenderBlock {SPAN} at (0,0) size 18x17
                  RenderText {#text} at (2,2) size 14x13
                    text run at (2,2) width 14: "--"
                RenderText {#text} at (17,2) size 8x13
                  text run at (17,2) width 8: ":"
                RenderBlock {SPAN} at (24,0) size 18x17
                  RenderText {#text} at (2,2) size 14x13
                    text run at (2,2) width 14: "--"
                RenderText {#text} at (41,2) size 8x13
                  text run at (41,2) width 8: ":"
                RenderBlock {SPAN} at (48,0) size 18x17
                  RenderText {#text} at (2,2) size 14x13
                    text run at (2,2) width 14: "--"
                RenderText {#text} at (65,2) size 8x13
                  text run at (65,2) width 8: "."
                RenderBlock {SPAN} at (72,0) size 26x17
                  RenderText {#text} at (2,2) size 21x13
                    text run at (2,2) width 21: "---"
                RenderText {#text} at (97,2) size 8x13
                  text run at (97,2) width 8: " "
                RenderInline {SPAN} at (0,0) size 17x17
                  RenderText {#text} at (105,2) size 15x13
                    text run at (105,2) width 15: "--"
          RenderText {#text} at (228,3) size 5x18
            text run at (228,3) width 5: " "
          RenderBlock {INPUT} at (234,1) size 144x24 [bgcolor=#FFFFFF] [border: (2px inset #000000)]
            RenderDeprecatedFlexibleBox {DIV} at (3,3) size 137x17
              RenderBlock (anonymous) at (0,0) size 122x17
                RenderBlock {SPAN} at (0,0) size 18x17
                  RenderText {#text} at (2,2) size 14x13
                    text run at (2,2) width 14: "12"
                RenderText {#text} at (17,2) size 8x13
                  text run at (17,2) width 8: ":"
                RenderBlock {SPAN} at (24,0) size 18x17
                  RenderText {#text} at (2,2) size 14x13
                    text run at (2,2) width 14: "34"
                RenderText {#text} at (41,2) size 8x13
                  text run at (41,2) width 8: ":"
                RenderBlock {SPAN} at (48,0) size 18x17
                  RenderText {#text} at (2,2) size 14x13
                    text run at (2,2) width 14: "56"
                RenderText {#text} at (65,2) size 8x13
                  text run at (65,2) width 8: "."
                RenderBlock {SPAN} at (72,0) size 26x17
                  RenderText {#text} at (2,2) size 21x13
                    text run at (2,2) width 21: "789"
                RenderText {#text} at (97,2) size 8x13
                  text run at (97,2) width 8: " "
                RenderInline {SPAN} at (0,0) size 17x17
                  RenderText {#text} at (105,2) size 15x13
                    text run at (105,2) width 15: "PM"
        RenderListItem {LI} at (40,78) size 744x26
          RenderListMarker at (-17,3) size 7x18: bullet
          RenderText {#text} at (0,3) size 54x18
            text run at (0,3) width 54: "step=60 "
          RenderBlock {INPUT} at (56,1) size 88x24 [bgcolor=#FFFFFF] [border: (2px inset #000000)]
            RenderDeprecatedFlexibleBox {DIV} at (3,3) size 82x17
              RenderBlock (anonymous) at (0,0) size 66x17
                RenderBlock {SPAN} at (0,0) size 18x17
                  RenderText {#text} at (2,2) size 14x13
                    text run at (2,2) width 14: "--"
                RenderText {#text} at (17,2) size 8x13
                  text run at (17,2) width 8: ":"
                RenderBlock {SPAN} at (24,0) size 18x17
                  RenderText {#text} at (2,2) size 14x13
                    text run at (2,2) width 14: "--"
                RenderText {#text} at (41,2) size 8x13
                  text run at (41,2) width 8: " "
                RenderInline {SPAN} at (0,0) size 17x17
                  RenderText {#text} at (49,2) size 15x13
                    text run at (49,2) width 15: "--"
          RenderText {#text} at (145,3) size 5x18
            text run at (145,3) width 5: " "
          RenderBlock {INPUT} at (151,1) size 88x24 [bgcolor=#FFFFFF] [border: (2px inset #000000)]
            RenderDeprecatedFlexibleBox {DIV} at (3,3) size 82x17
              RenderBlock (anonymous) at (0,0) size 66x17
                RenderBlock {SPAN} at (0,0) size 18x17
                  RenderText {#text} at (2,2) size 14x13
                    text run at (2,2) width 14: "12"
                RenderText {#text} at (17,2) size 8x13
                  text run at (17,2) width 8: ":"
                RenderBlock {SPAN} at (24,0) size 18x17
                  RenderText {#text} at (2,2) size 14x13
                    text run at (2,2) width 14: "34"
                RenderText {#text} at (41,2) size 8x13
                  text run at (41,2) width 8: " "
                RenderInline {SPAN} at (0,0) size 17x17
                  RenderText {#text} at (49,2) size 15x13
                    text run at (49,2) width 15: "PM"
        RenderListItem {LI} at (40,104) size 744x26
          RenderListMarker at (-17,3) size 7x18: bullet
          RenderText {#text} at (0,3) size 70x18
            text run at (0,3) width 70: "step=3600 "
          RenderBlock {INPUT} at (72,1) size 88x24 [bgcolor=#FFFFFF] [border: (2px inset #000000)]
            RenderDeprecatedFlexibleBox {DIV} at (3,3) size 82x17
              RenderBlock (anonymous) at (0,0) size 66x17
                RenderBlock {SPAN} at (0,0) size 18x17
                  RenderText {#text} at (2,2) size 14x13
                    text run at (2,2) width 14: "--"
                RenderText {#text} at (17,2) size 8x13
                  text run at (17,2) width 8: ":"
                RenderBlock {SPAN} at (24,0) size 18x17 [color=#7F7F7F]
                  RenderText {#text} at (2,2) size 14x13
                    text run at (2,2) width 14: "00"
                RenderText {#text} at (41,2) size 8x13
                  text run at (41,2) width 8: " "
                RenderInline {SPAN} at (0,0) size 17x17
                  RenderText {#text} at (49,2) size 15x13
                    text run at (49,2) width 15: "--"
          RenderText {#text} at (161,3) size 5x18
            text run at (161,3) width 5: " "
          RenderBlock {INPUT} at (167,1) size 88x24 [bgcolor=#FFFFFF] [border: (2px inset #000000)]
            RenderDeprecatedFlexibleBox {DIV} at (3,3) size 82x17
              RenderBlock (anonymous) at (0,0) size 66x17
                RenderBlock {SPAN} at (0,0) size 18x17
                  RenderText {#text} at (2,2) size 14x13
                    text run at (2,2) width 14: "12"
                RenderText {#text} at (17,2) size 8x13
                  text run at (17,2) width 8: ":"
                RenderBlock {SPAN} at (24,0) size 18x17
                  RenderText {#text} at (2,2) size 14x13
                    text run at (2,2) width 14: "34"
                RenderText {#text} at (41,2) size 8x13
                  text run at (41,2) width 8: " "
                RenderInline {SPAN} at (0,0) size 17x17
                  RenderText {#text} at (49,2) size 15x13
                    text run at (49,2) width 15: "PM"
layer at (190,47) size 13x17
  RenderBlock (relative positioned) {DIV} at (68,0) size 14x17
layer at (285,47) size 13x17
  RenderBlock (relative positioned) {DIV} at (68,0) size 14x17
layer at (191,73) size 13x17
  RenderBlock (relative positioned) {DIV} at (92,0) size 14x17
layer at (311,73) size 13x17
  RenderBlock (relative positioned) {DIV} at (92,0) size 14x17
layer at (259,99) size 13x17
  RenderBlock (relative positioned) {DIV} at (123,0) size 14x17
layer at (409,99) size 13x17
  RenderBlock (relative positioned) {DIV} at (123,0) size 14x17
layer at (175,125) size 13x17
  RenderBlock (relative positioned) {DIV} at (68,0) size 14x17
layer at (270,125) size 13x17
  RenderBlock (relative positioned) {DIV} at (68,0) size 14x17
layer at (191,151) size 13x17
  RenderBlock (relative positioned) {DIV} at (68,0) size 14x17
layer at (286,151) size 13x17
  RenderBlock (relative positioned) {DIV} at (68,0) size 14x17
layer at (190,227) size 13x17
  RenderBlock (relative positioned) {DIV} at (68,0) size 14x17
layer at (285,227) size 13x17
  RenderBlock (relative positioned) {DIV} at (68,0) size 14x17
layer at (191,253) size 13x17
  RenderBlock (relative positioned) {DIV} at (92,0) size 14x17
layer at (311,253) size 13x17
  RenderBlock (relative positioned) {DIV} at (92,0) size 14x17
layer at (259,279) size 13x17
  RenderBlock (relative positioned) {DIV} at (123,0) size 14x17
layer at (409,279) size 13x17
  RenderBlock (relative positioned) {DIV} at (123,0) size 14x17
layer at (175,305) size 13x17
  RenderBlock (relative positioned) {DIV} at (68,0) size 14x17
layer at (270,305) size 13x17
  RenderBlock (relative positioned) {DIV} at (68,0) size 14x17
layer at (191,331) size 13x17
  RenderBlock (relative positioned) {DIV} at (68,0) size 14x17
layer at (286,331) size 13x17
  RenderBlock (relative positioned) {DIV} at (68,0) size 14x17
