layer at (0,0) size 800x600
  RenderView at (0,0) size 800x600
layer at (0,0) size 800x341
  RenderBlock {HTML} at (0,0) size 800x341
    RenderBody {BODY} at (8,8) size 784x325
      RenderBlock (anonymous) at (0,0) size 784x245
        RenderText {#text} at (0,0) size 0x0
      RenderBlock {DIV} at (0,245) size 784x80
        RenderText {#text} at (0,0) size 250x19
          text run at (0,0) width 250: "Rendering horizontal line-positioned cues."
        RenderBR {BR} at (250,0) size 0x19
        RenderText {#text} at (0,20) size 151x19
          text run at (0,20) width 151: "EVENT(canplaythrough)"
        RenderBR {BR} at (151,20) size 0x19
        RenderText {#text} at (0,40) size 103x19
          text run at (0,40) width 103: "EVENT(seeked)"
        RenderBR {BR} at (103,40) size 0x19
        RenderText {#text} at (0,60) size 97x19
          text run at (0,60) width 97: "END OF TEST"
        RenderBR {BR} at (97,60) size 0x19
layer at (8,8) size 320x240
  RenderVideo {VIDEO} at (0,0) size 320x240
layer at (8,8) size 320x240
  RenderDeprecatedFlexibleBox (relative positioned) {DIV} at (0,0) size 320x240
    RenderDeprecatedFlexibleBox {DIV} at (0,0) size 320x140
      RenderButton {INPUT} at (120,30) size 80x80
    RenderBlock {DIV} at (0,205) size 320x35
layer at (8,148) size 320x65 scrollHeight 112
  RenderBlock (relative positioned) {DIV} at (0,140) size 320x65 [color=#FFFFFF00]
layer at (8,148) size 320x15
  RenderBlock (positioned) {DIV} at (0,0) size 320x15 [color=#FFFFFF]
    RenderInline {DIV} at (0,0) size 280x19 [bgcolor=#000000CC]
      RenderText {#text} at (22,0) size 276x15
        text run at (22,0) width 276: "Cue 1: should be positioned at the top of the video."
    RenderInline {DIV} at (0,0) size 2x19 [bgcolor=#000000CC]
layer at (8,148) size 320x15
  RenderBlock (positioned) {DIV} at (0,0) size 320x15 [color=#FFFFFF]
    RenderInline {DIV} at (0,0) size 308x19 [bgcolor=#000000CC]
      RenderText {#text} at (8,0) size 304x15
        text run at (8,0) width 304: "Cue 2: should be the second cue and not overlap cue 1."
    RenderInline {DIV} at (0,0) size 2x19 [bgcolor=#000000CC]
layer at (8,167) size 320x15
  RenderBlock (positioned) {DIV} at (0,19) size 320x15 [color=#FFFFFF]
    RenderInline {DIV} at (0,0) size 304x19 [bgcolor=#000000CC]
      RenderText {#text} at (10,0) size 300x15
        text run at (10,0) width 300: "Cue 3: should become the third line from top to bottom."
    RenderInline {DIV} at (0,0) size 2x19 [bgcolor=#000000CC]
layer at (8,194) size 320x15
  RenderBlock (positioned) {DIV} at (0,46) size 320x15 [color=#FFFFFF]
    RenderInline {DIV} at (0,0) size 296x19 [bgcolor=#000000CC]
      RenderText {#text} at (14,0) size 292x15
        text run at (14,0) width 292: "Cue 5: should be displayed at the bottom of the video."
    RenderInline {DIV} at (0,0) size 2x19 [bgcolor=#000000CC]
layer at (8,194) size 320x15
  RenderBlock (positioned) {DIV} at (0,46) size 320x15 [color=#FFFFFF]
    RenderInline {DIV} at (0,0) size 286x19 [bgcolor=#000000CC]
      RenderText {#text} at (19,0) size 282x15
        text run at (19,0) width 282: "Cue 6: should be on top of bottom positioned cue 5."
    RenderInline {DIV} at (0,0) size 2x19 [bgcolor=#000000CC]
layer at (13,213) size 310x35 scrollHeight 39
  RenderDeprecatedFlexibleBox (relative positioned) {DIV} at (5,0) size 310x35 [bgcolor=#141414CC]
    RenderBlock (anonymous) at (0,0) size 53x35
      RenderButton {INPUT} at (9,-1) size 35x36
    RenderSlider {INPUT} at (53,13) size 157x9
      RenderDeprecatedFlexibleBox {DIV} at (0,0) size 157x8 [border: (1px solid #E6E6E659)]
        RenderBlock {DIV} at (1,1) size 137x24
        RenderBlock {DIV} at (131,1) size 32x24
    RenderDeprecatedFlexibleBox {DIV} at (225,0) size 37x35 [color=#FFFFFF]
      RenderBlock (anonymous) at (0,0) size 37x35
        RenderText {#text} at (0,7) size 37x21
          text run at (0,7) width 37: "0:00"
    RenderBlock (anonymous) at (271,0) size 39x35
      RenderButton {INPUT} at (-5,-1) size 35x36
layer at (66,219) size 32x24
  RenderBlock (relative positioned) {DIV} at (-7,-8) size 32x24
