layer at (0,0) size 800x600
  RenderView at (0,0) size 800x600
layer at (0,0) size 800x341
  RenderBlock {HTML} at (0,0) size 800x341
    RenderBody {BODY} at (8,8) size 784x325
      RenderBlock (anonymous) at (0,0) size 784x245
        RenderText {#text} at (0,0) size 0x0
      RenderBlock {DIV} at (0,245) size 784x80
        RenderText {#text} at (0,0) size 349x19
          text run at (0,0) width 349: "Rendering vertical line-positioned cues with Japanese text."
        RenderBR {BR} at (349,0) size 0x19
        RenderText {#text} at (0,20) size 151x19
          text run at (0,20) width 151: "EVENT(canplaythrough)"
        RenderBR {BR} at (151,20) size 0x19
        RenderText {#text} at (0,40) size 103x19
          text run at (0,40) width 103: "EVENT(seeked)"
        RenderBR {BR} at (103,40) size 0x19
        RenderText {#text} at (0,60) size 97x19
          text run at (0,60) width 97: "END OF TEST"
        RenderBR {BR} at (97,60) size 0x19
layer at (8,8) size 320x240
  RenderVideo {VIDEO} at (0,0) size 320x240
layer at (8,8) size 320x240
  RenderDeprecatedFlexibleBox (relative positioned) {DIV} at (0,0) size 320x240
    RenderDeprecatedFlexibleBox {DIV} at (0,0) size 320x140
      RenderButton {INPUT} at (120,30) size 80x80
    RenderBlock {DIV} at (0,205) size 320x35
layer at (8,148) size 320x65 scrollWidth 333
  RenderBlock (relative positioned) {DIV} at (0,140) size 320x65 [color=#FFFFFF00]
layer at (16,148) size 30x65
  RenderBlock (positioned) {DIV} at (8,0) size 30x65 [color=#FFFFFF]
    RenderInline {DIV} at (0,0) size 34x65 [bgcolor=#000000CC]
      RenderText {#text} at (0,2) size 30x63
        text run at (0,2) width 63: "Cue 1: \x{79C1}\x{306F}"
        text run at (15,5) width 48: "\x{7ACB}\x{6D3E}\x{306A}\x{4EBA}"
    RenderInline {DIV} at (0,0) size 17x5 [bgcolor=#000000CC]
layer at (54,148) size 30x65
  RenderBlock (positioned) {DIV} at (46,0) size 30x65 [color=#FFFFFF]
    RenderInline {DIV} at (0,0) size 34x65 [bgcolor=#000000CC]
      RenderText {#text} at (0,2) size 30x63
        text run at (0,2) width 63: "Cue 2: \x{79C1}\x{306F}"
        text run at (15,5) width 48: "\x{7ACB}\x{6D3E}\x{306A}\x{4EBA}"
    RenderInline {DIV} at (0,0) size 17x5 [bgcolor=#000000CC]
layer at (241,148) size 30x65
  RenderBlock (positioned) {DIV} at (233,0) size 30x65 [color=#FFFFFF]
    RenderInline {DIV} at (0,0) size 34x65 [bgcolor=#000000CC]
      RenderText {#text} at (0,2) size 30x63
        text run at (0,2) width 63: "Cue 3: \x{79C1}\x{306F}"
        text run at (15,5) width 48: "\x{7ACB}\x{6D3E}\x{306A}\x{4EBA}"
    RenderInline {DIV} at (0,0) size 17x5 [bgcolor=#000000CC]
layer at (203,148) size 30x65
  RenderBlock (positioned) {DIV} at (195,0) size 30x65 [color=#FFFFFF]
    RenderInline {DIV} at (0,0) size 34x65 [bgcolor=#000000CC]
      RenderText {#text} at (0,2) size 30x63
        text run at (0,2) width 63: "Cue 4: \x{79C1}\x{306F}"
        text run at (15,5) width 48: "\x{7ACB}\x{6D3E}\x{306A}\x{4EBA}"
    RenderInline {DIV} at (0,0) size 17x5 [bgcolor=#000000CC]
layer at (309,148) size 30x65 backgroundClip at (8,148) size 320x65 clip at (8,148) size 320x65 outlineClip at (8,148) size 320x65
  RenderBlock (positioned) {DIV} at (301,0) size 30x65 [color=#FFFFFF]
    RenderInline {DIV} at (0,0) size 34x65 [bgcolor=#000000CC]
      RenderText {#text} at (0,2) size 30x63
        text run at (0,2) width 63: "Cue 5: \x{79C1}\x{306F}"
        text run at (15,5) width 48: "\x{7ACB}\x{6D3E}\x{306A}\x{4EBA}"
    RenderInline {DIV} at (0,0) size 17x5 [bgcolor=#000000CC]
layer at (309,148) size 30x65 backgroundClip at (8,148) size 320x65 clip at (8,148) size 320x65 outlineClip at (8,148) size 320x65
  RenderBlock (positioned) {DIV} at (301,0) size 30x65 [color=#FFFFFF]
    RenderInline {DIV} at (0,0) size 34x65 [bgcolor=#000000CC]
      RenderText {#text} at (0,2) size 30x63
        text run at (0,2) width 63: "Cue 6: \x{79C1}\x{306F}"
        text run at (15,5) width 48: "\x{7ACB}\x{6D3E}\x{306A}\x{4EBA}"
    RenderInline {DIV} at (0,0) size 17x5 [bgcolor=#000000CC]
layer at (13,213) size 310x35 scrollHeight 39
  RenderDeprecatedFlexibleBox (relative positioned) {DIV} at (5,0) size 310x35 [bgcolor=#141414CC]
    RenderBlock (anonymous) at (0,0) size 53x35
      RenderButton {INPUT} at (9,-1) size 35x36
    RenderSlider {INPUT} at (53,13) size 157x9
      RenderDeprecatedFlexibleBox {DIV} at (0,0) size 157x8 [border: (1px solid #E6E6E659)]
        RenderBlock {DIV} at (1,1) size 137x24
        RenderBlock {DIV} at (131,1) size 32x24
    RenderDeprecatedFlexibleBox {DIV} at (225,0) size 37x35 [color=#FFFFFF]
      RenderBlock (anonymous) at (0,0) size 37x35
        RenderText {#text} at (0,7) size 37x21
          text run at (0,7) width 37: "0:00"
    RenderBlock (anonymous) at (271,0) size 39x35
      RenderButton {INPUT} at (-5,-1) size 35x36
layer at (77,219) size 32x24
  RenderBlock (relative positioned) {DIV} at (-7,-8) size 32x24
