CONSOLE MESSAGE: line 38: Uncaught TypeError: Property 'description' of object [object Window] is not a function
layer at (0,0) size 800x600
  RenderView at (0,0) size 800x600
layer at (0,0) size 800x600
  RenderBlock {HTML} at (0,0) size 800x600
    RenderBody {BODY} at (8,8) size 784x584
      RenderBlock {P} at (0,0) size 784x0
      RenderBlock {DIV} at (0,0) size 784x0
      RenderBlock (anonymous) at (0,0) size 784x52
        RenderTextControl {INPUT} at (2,2) size 155x22 [bgcolor=#FFFFFF] [border: (2px inset #000000)]
          RenderBlock {DIV} at (2,3) size 151x16
        RenderText {#text} at (159,3) size 4x19
          text run at (159,3) width 4: " "
        RenderText {#text} at (0,0) size 0x0
        RenderTextControl {INPUT} at (165,2) size 155x22 [bgcolor=#FFFFFF] [border: (2px inset #000000)]
          RenderBlock {DIV} at (2,3) size 151x16
            RenderText {#text} at (1,0) size 17x16
              text run at (1,0) width 17: "foo"
        RenderText {#text} at (322,3) size 4x19
          text run at (322,3) width 4: " "
        RenderText {#text} at (0,0) size 0x0
        RenderTextControl {INPUT} at (328,2) size 155x22 [bgcolor=#FFFFFF] [border: (2px inset #000000)]
          RenderBlock {DIV} at (2,3) size 151x16
            RenderText {#text} at (1,0) size 17x16
              text run at (1,0) width 17: "foo"
        RenderText {#text} at (485,3) size 4x19
          text run at (485,3) width 4: " "
        RenderText {#text} at (0,0) size 0x0
        RenderTextControl {INPUT} at (491,2) size 155x22 [bgcolor=#FFFFFF] [border: (2px inset #000000)]
          RenderBlock {DIV} at (2,3) size 151x16
        RenderText {#text} at (0,0) size 0x0
        RenderText {#text} at (0,0) size 0x0
        RenderTextControl {INPUT} at (2,28) size 155x22 [bgcolor=#FFFFFF] [border: (2px inset #000000)]
          RenderBlock {DIV} at (2,3) size 151x16
            RenderText {#text} at (1,0) size 17x16
              text run at (1,0) width 17: "foo"
        RenderText {#text} at (159,29) size 4x19
          text run at (159,29) width 4: " "
        RenderTextControl {INPUT} at (165,28) size 155x22 [bgcolor=#FFFFFF] [border: (2px inset #000000)]
          RenderBlock {DIV} at (2,3) size 151x16
            RenderText {#text} at (1,0) size 18x16
              text run at (1,0) width 18: "bar"
        RenderText {#text} at (322,29) size 4x19
          text run at (322,29) width 4: " "
        RenderText {#text} at (0,0) size 0x0
        RenderTextControl {INPUT} at (328,28) size 155x22 [bgcolor=#FFFFFF] [border: (2px inset #000000)]
          RenderBlock {DIV} at (2,3) size 151x16
            RenderText {#text} at (1,0) size 17x16
              text run at (1,0) width 17: "foo"
        RenderText {#text} at (0,0) size 0x0
        RenderInline {DATALIST} at (0,0) size 0x0
          RenderText {#text} at (0,0) size 0x0
        RenderText {#text} at (0,0) size 0x0
        RenderInline {DATALIST} at (0,0) size 0x0
          RenderText {#text} at (0,0) size 0x0
          RenderText {#text} at (0,0) size 0x0
        RenderText {#text} at (0,0) size 0x0
        RenderInline {DATALIST} at (0,0) size 0x0
          RenderText {#text} at (0,0) size 0x0
          RenderText {#text} at (0,0) size 0x0
          RenderText {#text} at (0,0) size 0x0
        RenderText {#text} at (0,0) size 0x0
        RenderInline {DATALIST} at (0,0) size 0x0
          RenderText {#text} at (0,0) size 0x0
          RenderText {#text} at (0,0) size 0x0
        RenderText {#text} at (0,0) size 0x0
        RenderText {#text} at (0,0) size 0x0
        RenderText {#text} at (0,0) size 0x0
