layer at (0,0) size 800x600
  RenderView at (0,0) size 800x600
layer at (0,0) size 800x138
  RenderBlock {HTML} at (0,0) size 800x138
    RenderBody {BODY} at (8,16) size 784x114
      RenderBlock {P} at (0,0) size 784x18
        RenderText {#text} at (0,0) size 556x18
          text run at (0,0) width 556: "To PASS this test case the text of the button label should not be selected in the selection."
      RenderBlock {DIV} at (0,34) size 784x80
        RenderBlock (anonymous) at (0,0) size 784x40
          RenderText {#text} at (0,0) size 49x18
            text run at (0,0) width 49: "Buttons"
          RenderBR {BR} at (49,0) size 0x18
          RenderText {#text} at (0,19) size 59x18
            text run at (0,19) width 59: "with text "
          RenderButton {INPUT} at (61,20) size 62x18 [bgcolor=#C0C0C0]
            RenderBlock (anonymous) at (8,2) size 46x14
              RenderText at (0,0) size 46x13
                text run at (0,0) width 46: "too little"
          RenderText {#text} at (124,19) size 56x18
            text run at (124,19) width 56: " too little"
        RenderBlock {DIV} at (0,40) size 784x22
          RenderText {#text} at (0,1) size 54x18
            text run at (0,1) width 54: "and text "
          RenderButton {INPUT} at (56,2) size 67x18 [bgcolor=#C0C0C0]
            RenderBlock (anonymous) at (8,2) size 51x14
              RenderText at (0,0) size 51x13
                text run at (0,0) width 51: "too much"
          RenderText {#text} at (124,1) size 64x18
            text run at (124,1) width 64: " too much"
        RenderBlock (anonymous) at (0,62) size 784x18
          RenderText {#text} at (0,0) size 244x18
            text run at (0,0) width 244: "Should not be selected in the selection."
selection start: position 0 of child 0 {#text} of child 1 {P} of body
selection end:   position 41 of child 6 {#text} of child 3 {DIV} of body
