layer at (0,0) size 784x639
  RenderView at (0,0) size 784x600
layer at (0,0) size 784x639
  RenderBlock {HTML} at (0,0) size 784x639
    RenderBody {BODY} at (8,8) size 768x615
      RenderBlock {P} at (0,0) size 768x615
        RenderTable {TABLE} at (0,0) size 287x164 [border: (2px solid #FFFF00)]
          RenderTableCol {COLGROUP} at (0,0) size 0x0
            RenderTableCol {COL} at (0,0) size 0x0 [border: (3px solid #000000)]
            RenderTableCol {COL} at (0,0) size 0x0
            RenderTableCol {COL} at (0,0) size 0x0
          RenderTableSection {TBODY} at (2,2) size 282x159
            RenderTableRow {TR} at (0,0) size 58x159
              RenderTableCell {TD} at (0,1) size 58x52 [border: (3px solid #FF0000)] [r=0 c=0 rs=1 cs=1]
                RenderText {#text} at (19,18) size 21x9
                  text run at (19,18) width 9: "1"
              RenderTableCell {TD} at (0,54) size 58x52 [border: (2px solid #FF0000)] [r=0 c=1 rs=1 cs=1]
                RenderText {#text} at (18,18) size 21x9
                  text run at (18,18) width 9: "2"
              RenderTableCell {TD} at (0,106) size 58x53 [border: (1px solid #FF0000)] [r=0 c=2 rs=1 cs=1]
                RenderText {#text} at (18,17) size 21x9
                  text run at (18,17) width 9: "3"
            RenderTableRow {TR} at (0,58) size 58x159
              RenderTableCell {TD} at (58,2) size 58x50 [border: (3px solid #FF0000)] [r=1 c=0 rs=1 cs=1]
                RenderText {#text} at (18,17) size 21x9
                  text run at (18,17) width 9: "4"
              RenderTableCell {TD} at (58,54) size 58x52 [border: (3px dashed #0000FF)] [r=1 c=1 rs=1 cs=1]
                RenderText {#text} at (18,19) size 21x9
                  text run at (18,19) width 9: "5"
              RenderTableCell {TD} at (58,106) size 58x53 [border: (3px solid #008000)] [r=1 c=2 rs=1 cs=1]
                RenderText {#text} at (18,19) size 21x9
                  text run at (18,19) width 9: "6"
            RenderTableRow {TR} at (0,116) size 56x159
              RenderTableCell {TD} at (116,1) size 56x52 [border: (3px solid #FF0000)] [r=2 c=0 rs=1 cs=1]
                RenderText {#text} at (17,18) size 21x9
                  text run at (17,18) width 9: "7"
              RenderTableCell {TD} at (116,54) size 56x52 [border: (2px solid #FF0000)] [r=2 c=1 rs=1 cs=1]
                RenderText {#text} at (18,18) size 21x9
                  text run at (18,18) width 9: "8"
              RenderTableCell {TD} at (116,106) size 56x53 [border: (1px solid #FF0000)] [r=2 c=2 rs=1 cs=1]
                RenderText {#text} at (18,17) size 21x9
                  text run at (18,17) width 9: "9"
            RenderTableRow {TR} at (0,172) size 54x159
              RenderTableCell {TD} at (172,0) size 54x54 [border: (3px solid #FF0000)] [r=3 c=0 rs=1 cs=1]
                RenderText {#text} at (16,19) size 21x18
                  text run at (16,19) width 18: "10"
              RenderTableCell {TD} at (172,54) size 54x52 [border: (2px solid #FF0000)] [r=3 c=1 rs=1 cs=1]
                RenderText {#text} at (16,18) size 21x18
                  text run at (16,18) width 18: "11"
              RenderTableCell {TD} at (172,106) size 54x53 [border: (1px solid #FF0000)] [r=3 c=2 rs=1 cs=1]
                RenderText {#text} at (16,17) size 21x18
                  text run at (16,17) width 18: "12"
            RenderTableRow {TR} at (0,226) size 56x159
              RenderTableCell {TD} at (226,0) size 56x54 [border: (3px solid #FF0000)] [r=4 c=0 rs=1 cs=1]
                RenderText {#text} at (16,19) size 21x18
                  text run at (16,19) width 18: "13"
              RenderTableCell {TD} at (226,54) size 56x52 [border: (2px solid #FF0000)] [r=4 c=1 rs=1 cs=1]
                RenderText {#text} at (16,18) size 21x18
                  text run at (16,18) width 18: "14"
              RenderTableCell {TD} at (226,106) size 56x53 [border: (1px solid #FF0000)] [r=4 c=2 rs=1 cs=1]
                RenderText {#text} at (16,17) size 21x18
                  text run at (16,17) width 18: "15"
        RenderTable {TABLE} at (0,164) size 287x164 [border: (2px solid #FFFF00)]
          RenderTableCol {COLGROUP} at (0,0) size 0x0
            RenderTableCol {COL} at (0,0) size 0x0 [border: (3px solid #000000)]
            RenderTableCol {COL} at (0,0) size 0x0
            RenderTableCol {COL} at (0,0) size 0x0
          RenderTableSection {TBODY} at (2,2) size 282x159
            RenderTableRow {TR} at (0,0) size 58x159
              RenderTableCell {TD} at (0,1) size 58x52 [border: (3px solid #FF0000)] [r=0 c=0 rs=1 cs=1]
                RenderText {#text} at (20,18) size 21x9
                  text run at (20,18) width 9: "1"
              RenderTableCell {TD} at (0,54) size 58x52 [border: (2px solid #FF0000)] [r=0 c=1 rs=1 cs=1]
                RenderText {#text} at (19,18) size 21x9
                  text run at (19,18) width 9: "2"
              RenderTableCell {TD} at (0,106) size 58x53 [border: (1px solid #FF0000)] [r=0 c=2 rs=1 cs=1]
                RenderText {#text} at (19,17) size 21x9
                  text run at (19,17) width 9: "3"
            RenderTableRow {TR} at (0,58) size 58x159
              RenderTableCell {TD} at (58,2) size 58x50 [border: (3px solid #FF0000)] [r=1 c=0 rs=1 cs=1]
                RenderText {#text} at (19,17) size 21x9
                  text run at (19,17) width 9: "4"
              RenderTableCell {TD} at (58,54) size 58x52 [border: (3px dashed #0000FF)] [r=1 c=1 rs=1 cs=1]
                RenderText {#text} at (19,19) size 21x9
                  text run at (19,19) width 9: "5"
              RenderTableCell {TD} at (58,106) size 58x53 [border: (3px solid #008000)] [r=1 c=2 rs=1 cs=1]
                RenderText {#text} at (19,19) size 21x9
                  text run at (19,19) width 9: "6"
            RenderTableRow {TR} at (0,116) size 56x159
              RenderTableCell {TD} at (116,1) size 56x52 [border: (3px solid #FF0000)] [r=2 c=0 rs=1 cs=1]
                RenderText {#text} at (18,18) size 21x9
                  text run at (18,18) width 9: "7"
              RenderTableCell {TD} at (116,54) size 56x52 [border: (2px solid #FF0000)] [r=2 c=1 rs=1 cs=1]
                RenderText {#text} at (19,18) size 21x9
                  text run at (19,18) width 9: "8"
              RenderTableCell {TD} at (116,106) size 56x53 [border: (1px solid #FF0000)] [r=2 c=2 rs=1 cs=1]
                RenderText {#text} at (19,17) size 21x9
                  text run at (19,17) width 9: "9"
            RenderTableRow {TR} at (0,172) size 54x159
              RenderTableCell {TD} at (172,0) size 54x54 [border: (3px solid #FF0000)] [r=3 c=0 rs=1 cs=1]
                RenderText {#text} at (17,19) size 21x18
                  text run at (17,19) width 18: "10"
              RenderTableCell {TD} at (172,54) size 54x52 [border: (2px solid #FF0000)] [r=3 c=1 rs=1 cs=1]
                RenderText {#text} at (17,18) size 21x18
                  text run at (17,18) width 18: "11"
              RenderTableCell {TD} at (172,106) size 54x53 [border: (1px solid #FF0000)] [r=3 c=2 rs=1 cs=1]
                RenderText {#text} at (17,17) size 21x18
                  text run at (17,17) width 18: "12"
            RenderTableRow {TR} at (0,226) size 56x159
              RenderTableCell {TD} at (226,0) size 56x54 [border: (3px solid #FF0000)] [r=4 c=0 rs=1 cs=1]
                RenderText {#text} at (17,19) size 21x18
                  text run at (17,19) width 18: "13"
              RenderTableCell {TD} at (226,54) size 56x52 [border: (2px solid #FF0000)] [r=4 c=1 rs=1 cs=1]
                RenderText {#text} at (17,18) size 21x18
                  text run at (17,18) width 18: "14"
              RenderTableCell {TD} at (226,106) size 56x53 [border: (1px solid #FF0000)] [r=4 c=2 rs=1 cs=1]
                RenderText {#text} at (17,17) size 21x18
                  text run at (17,17) width 18: "15"
        RenderTable {TABLE} at (0,328) size 164x287 [border: (3px solid #FFFF00)]
          RenderTableCol {COLGROUP} at (0,0) size 0x0
            RenderTableCol {COL} at (0,0) size 0x0 [border: (3px solid #000000)]
            RenderTableCol {COL} at (0,0) size 0x0
            RenderTableCol {COL} at (0,0) size 0x0
          RenderTableSection {TBODY} at (2,2) size 159x282
            RenderTableRow {TR} at (0,0) size 159x58
              RenderTableCell {TD} at (0,1) size 54x56 [border: (1px solid #FF0000)] [r=0 c=0 rs=1 cs=1]
                RenderText {#text} at (19,18) size 9x21
                  text run at (19,18) width 9: "1"
              RenderTableCell {TD} at (54,0) size 52x58 [border: (3px solid #FF0000)] [r=0 c=1 rs=1 cs=1]
                RenderText {#text} at (18,18) size 9x21
                  text run at (18,18) width 9: "2"
              RenderTableCell {TD} at (106,0) size 53x58 [border: (3px solid #FF0000)] [r=0 c=2 rs=1 cs=1]
                RenderText {#text} at (17,18) size 9x21
                  text run at (17,18) width 9: "3"
            RenderTableRow {TR} at (0,58) size 159x58
              RenderTableCell {TD} at (0,60) size 54x54 [border: (1px solid #FF0000)] [r=1 c=0 rs=1 cs=1]
                RenderText {#text} at (19,16) size 9x21
                  text run at (19,16) width 9: "4"
              RenderTableCell {TD} at (54,58) size 52x58 [border: (3px dashed #0000FF)] [r=1 c=1 rs=1 cs=1]
                RenderText {#text} at (19,18) size 9x21
                  text run at (19,18) width 9: "5"
              RenderTableCell {TD} at (106,58) size 53x58 [border: (3px solid #008000)] [r=1 c=2 rs=1 cs=1]
                RenderText {#text} at (19,18) size 9x21
                  text run at (19,18) width 9: "6"
            RenderTableRow {TR} at (0,116) size 159x56
              RenderTableCell {TD} at (0,117) size 54x54 [border: (1px solid #FF0000)] [r=2 c=0 rs=1 cs=1]
                RenderText {#text} at (19,16) size 9x21
                  text run at (19,16) width 9: "7"
              RenderTableCell {TD} at (54,116) size 52x56 [border: (1px solid #FF0000)] [r=2 c=1 rs=1 cs=1]
                RenderText {#text} at (18,18) size 9x21
                  text run at (18,18) width 9: "8"
              RenderTableCell {TD} at (106,116) size 53x56 [border: (1px solid #FF0000)] [r=2 c=2 rs=1 cs=1]
                RenderText {#text} at (17,18) size 9x21
                  text run at (17,18) width 9: "9"
            RenderTableRow {TR} at (0,172) size 159x54
              RenderTableCell {TD} at (0,172) size 54x54 [border: (1px solid #FF0000)] [r=3 c=0 rs=1 cs=1]
                RenderText {#text} at (19,16) size 18x21
                  text run at (19,16) width 18: "10"
              RenderTableCell {TD} at (54,172) size 52x54 [border: (1px solid #FF0000)] [r=3 c=1 rs=1 cs=1]
                RenderText {#text} at (18,16) size 18x21
                  text run at (18,16) width 18: "11"
              RenderTableCell {TD} at (106,172) size 53x54 [border: (1px solid #FF0000)] [r=3 c=2 rs=1 cs=1]
                RenderText {#text} at (17,16) size 18x21
                  text run at (17,16) width 18: "12"
            RenderTableRow {TR} at (0,226) size 159x56
              RenderTableCell {TD} at (0,226) size 54x56 [border: (3px solid #FF0000)] [r=4 c=0 rs=1 cs=1]
                RenderText {#text} at (19,16) size 18x21
                  text run at (19,16) width 18: "13"
              RenderTableCell {TD} at (54,226) size 52x56 [border: (3px solid #FF0000)] [r=4 c=1 rs=1 cs=1]
                RenderText {#text} at (18,16) size 18x21
                  text run at (18,16) width 18: "14"
              RenderTableCell {TD} at (106,226) size 53x56 [border: (3px solid #FF0000)] [r=4 c=2 rs=1 cs=1]
                RenderText {#text} at (17,16) size 18x21
                  text run at (17,16) width 18: "15"
