layer at (0,0) size 800x600
  RenderView at (0,0) size 800x600
layer at (0,0) size 800x392
  RenderBlock {HTML} at (0,0) size 800x392
    RenderBody {BODY} at (8,16) size 784x344
      RenderBlock {P} at (0,0) size 784x42
        RenderText {#text} at (0,0) size 223x21
          text run at (0,0) width 223: "The black border below should "
        RenderInline {I} at (0,0) size 22x21
          RenderText {#text} at (223,0) size 22x21
            text run at (223,0) width 22: "not"
        RenderText {#text} at (245,0) size 761x42
          text run at (245,0) width 230: " cut through the top left corner of "
          text run at (475,0) width 286: "the blue border. It would cut through with"
          text run at (0,21) width 149: "our old behavior, but "
        RenderInline {A} at (0,0) size 25x21 [color=#0000EE]
          RenderText {#text} at (149,21) size 25x21
            text run at (149,21) width 25: "this"
        RenderText {#text} at (174,21) size 342x21
          text run at (174,21) width 4: " "
          text run at (178,21) width 338: "bug fix changed our behavior to match the spec."
      RenderBlock {DIV} at (32,74) size 720x270 [border: (1px solid #0000FF)]
        RenderTable {DIV} at (1,1) size 115x220 [border:]
          RenderTableSection (anonymous) at (1,10) size 104x200
            RenderTableRow {P} at (0,0) size 104x100
              RenderTableCell {SPAN} at (0,0) size 52x11 [border: (1px solid #000000)] [r=0 c=0 rs=1 cs=1]
              RenderTableCell {SPAN} at (52,0) size 52x68 [border: (10px solid #000000)] [r=0 c=1 rs=1 cs=1]
            RenderTableRow {P} at (0,100) size 104x100 [border: (1px solid #0000FF)]
              RenderTableCell {SPAN} at (0,100) size 52x20 [border: (10px solid #000000)] [r=1 c=0 rs=1 cs=1]
              RenderTableCell {SPAN} at (52,100) size 52x68 [border: (10px solid #000000)] [r=1 c=1 rs=1 cs=1]
