layer at (0,0) size 800x600
  RenderView at (0,0) size 800x600
layer at (0,0) size 800x600
  RenderBlock {HTML} at (0,0) size 800x600
    RenderBody {BODY} at (8,8) size 784x584
      RenderBlock {P} at (0,0) size 784x42
        RenderText {#text} at (0,0) size 57x21
          text run at (0,0) width 57: "Test for "
        RenderInline {I} at (0,0) size 739x42
          RenderInline {A} at (0,0) size 379x21 [color=#0000EE]
            RenderText {#text} at (57,0) size 379x21
              text run at (57,0) width 379: "http://bugzilla.opendarwin.org/show_bug.cgi?id=8848"
          RenderText {#text} at (436,0) size 739x42
            text run at (436,0) width 4: " "
            text run at (440,0) width 299: "TFOOT borders are copied to THEAD and"
            text run at (0,21) width 56: "TBODY"
        RenderText {#text} at (56,21) size 4x21
          text run at (56,21) width 4: "."
      RenderBlock {HR} at (0,58) size 784x2 [border: (1px inset #000000)]
      RenderTable {TABLE} at (0,68) size 334x343
        RenderTableSection {TBODY} at (0,0) size 334x343
          RenderTableRow {TR} at (0,2) size 334x339
            RenderTableCell {TD} at (2,2) size 81x339 [r=0 c=0 rs=1 cs=1]
              RenderTable {TABLE} at (11,11) size 59x99 [border: none]
                RenderTableSection {THEAD} at (0,0) size 58x24
                  RenderTableRow {TR} at (0,0) size 58x24
                    RenderTableCell {TH} at (0,0) size 58x24 [border: (1px solid #D3D3D3)] [r=0 c=0 rs=1 cs=1]
                      RenderText {#text} at (2,2) size 55x21
                        text run at (2,2) width 55: "Header"
                RenderTableSection {TBODY} at (0,24) size 58x24
                  RenderTableRow {TR} at (0,0) size 58x24
                    RenderTableCell {TD} at (0,0) size 58x24 [border: (1px solid #D3D3D3)] [r=0 c=0 rs=1 cs=1]
                      RenderText {#text} at (2,2) size 50x21
                        text run at (2,2) width 50: "Body 1"
                RenderTableSection {TBODY} at (0,48) size 58x25
                  RenderTableRow {TR} at (0,0) size 58x25
                    RenderTableCell {TD} at (0,0) size 58x25 [border: (1px solid #D3D3D3)] [r=0 c=0 rs=1 cs=1]
                      RenderText {#text} at (2,2) size 50x21
                        text run at (2,2) width 50: "Body 2"
                RenderTableSection {TFOOT} at (0,73) size 58x25 [border: (2px solid #0000FF) none (2px solid #008000) none]
                  RenderTableRow {TR} at (0,0) size 58x25
                    RenderTableCell {TD} at (0,0) size 58x25 [border: (1px solid #D3D3D3)] [r=0 c=0 rs=1 cs=1]
                      RenderText {#text} at (2,2) size 46x21
                        text run at (2,2) width 46: "Footer"
              RenderTable {TABLE} at (11,120) size 59x99 [border: none]
                RenderTableSection {TBODY} at (0,24) size 58x24
                  RenderTableRow {TR} at (0,0) size 58x24
                    RenderTableCell {TD} at (0,0) size 58x24 [border: (1px solid #D3D3D3)] [r=0 c=0 rs=1 cs=1]
                      RenderText {#text} at (2,2) size 50x21
                        text run at (2,2) width 50: "Body 1"
                RenderTableSection {THEAD} at (0,0) size 58x24
                  RenderTableRow {TR} at (0,0) size 58x24
                    RenderTableCell {TH} at (0,0) size 58x24 [border: (1px solid #D3D3D3)] [r=0 c=0 rs=1 cs=1]
                      RenderText {#text} at (2,2) size 55x21
                        text run at (2,2) width 55: "Header"
                RenderTableSection {TBODY} at (0,48) size 58x25
                  RenderTableRow {TR} at (0,0) size 58x25
                    RenderTableCell {TD} at (0,0) size 58x25 [border: (1px solid #D3D3D3)] [r=0 c=0 rs=1 cs=1]
                      RenderText {#text} at (2,2) size 50x21
                        text run at (2,2) width 50: "Body 2"
                RenderTableSection {TFOOT} at (0,73) size 58x25 [border: (2px solid #0000FF) none (2px solid #008000) none]
                  RenderTableRow {TR} at (0,0) size 58x25
                    RenderTableCell {TD} at (0,0) size 58x25 [border: (1px solid #D3D3D3)] [r=0 c=0 rs=1 cs=1]
                      RenderText {#text} at (2,2) size 46x21
                        text run at (2,2) width 46: "Footer"
              RenderTable {TABLE} at (11,229) size 59x99 [border: none]
                RenderTableSection {TBODY} at (0,24) size 58x24
                  RenderTableRow {TR} at (0,0) size 58x24
                    RenderTableCell {TD} at (0,0) size 58x24 [border: (1px solid #D3D3D3)] [r=0 c=0 rs=1 cs=1]
                      RenderText {#text} at (2,2) size 50x21
                        text run at (2,2) width 50: "Body 1"
                RenderTableSection {THEAD} at (0,0) size 58x24
                  RenderTableRow {TR} at (0,0) size 58x24
                    RenderTableCell {TH} at (0,0) size 58x24 [border: (1px solid #D3D3D3)] [r=0 c=0 rs=1 cs=1]
                      RenderText {#text} at (2,2) size 55x21
                        text run at (2,2) width 55: "Header"
                RenderTableSection {TFOOT} at (0,73) size 58x25 [border: (2px solid #0000FF) none (2px solid #008000) none]
                  RenderTableRow {TR} at (0,0) size 58x25
                    RenderTableCell {TD} at (0,0) size 58x25 [border: (1px solid #D3D3D3)] [r=0 c=0 rs=1 cs=1]
                      RenderText {#text} at (2,2) size 46x21
                        text run at (2,2) width 46: "Footer"
                RenderTableSection {TBODY} at (0,48) size 58x25
                  RenderTableRow {TR} at (0,0) size 58x25
                    RenderTableCell {TD} at (0,0) size 58x25 [border: (1px solid #D3D3D3)] [r=0 c=0 rs=1 cs=1]
                      RenderText {#text} at (2,2) size 50x21
                        text run at (2,2) width 50: "Body 2"
            RenderTableCell {TD} at (85,2) size 81x339 [r=0 c=1 rs=1 cs=1]
              RenderTable {TABLE} at (11,11) size 59x99 [border: none]
                RenderTableSection {TBODY} at (0,24) size 58x24
                  RenderTableRow {TR} at (0,0) size 58x24
                    RenderTableCell {TD} at (0,0) size 58x24 [border: (1px solid #D3D3D3)] [r=0 c=0 rs=1 cs=1]
                      RenderText {#text} at (2,2) size 50x21
                        text run at (2,2) width 50: "Body 1"
                RenderTableSection {TFOOT} at (0,73) size 58x25 [border: (2px solid #0000FF) none (2px solid #008000) none]
                  RenderTableRow {TR} at (0,0) size 58x25
                    RenderTableCell {TD} at (0,0) size 58x25 [border: (1px solid #D3D3D3)] [r=0 c=0 rs=1 cs=1]
                      RenderText {#text} at (2,2) size 46x21
                        text run at (2,2) width 46: "Footer"
                RenderTableSection {THEAD} at (0,0) size 58x24
                  RenderTableRow {TR} at (0,0) size 58x24
                    RenderTableCell {TH} at (0,0) size 58x24 [border: (1px solid #D3D3D3)] [r=0 c=0 rs=1 cs=1]
                      RenderText {#text} at (2,2) size 55x21
                        text run at (2,2) width 55: "Header"
                RenderTableSection {TBODY} at (0,48) size 58x25
                  RenderTableRow {TR} at (0,0) size 58x25
                    RenderTableCell {TD} at (0,0) size 58x25 [border: (1px solid #D3D3D3)] [r=0 c=0 rs=1 cs=1]
                      RenderText {#text} at (2,2) size 50x21
                        text run at (2,2) width 50: "Body 2"
              RenderTable {TABLE} at (11,120) size 59x99 [border: none]
                RenderTableSection {TFOOT} at (0,73) size 58x25 [border: (2px solid #0000FF) none (2px solid #008000) none]
                  RenderTableRow {TR} at (0,0) size 58x25
                    RenderTableCell {TD} at (0,0) size 58x25 [border: (1px solid #D3D3D3)] [r=0 c=0 rs=1 cs=1]
                      RenderText {#text} at (2,2) size 46x21
                        text run at (2,2) width 46: "Footer"
                RenderTableSection {TBODY} at (0,24) size 58x24
                  RenderTableRow {TR} at (0,0) size 58x24
                    RenderTableCell {TD} at (0,0) size 58x24 [border: (1px solid #D3D3D3)] [r=0 c=0 rs=1 cs=1]
                      RenderText {#text} at (2,2) size 50x21
                        text run at (2,2) width 50: "Body 1"
                RenderTableSection {THEAD} at (0,0) size 58x24
                  RenderTableRow {TR} at (0,0) size 58x24
                    RenderTableCell {TH} at (0,0) size 58x24 [border: (1px solid #D3D3D3)] [r=0 c=0 rs=1 cs=1]
                      RenderText {#text} at (2,2) size 55x21
                        text run at (2,2) width 55: "Header"
                RenderTableSection {TBODY} at (0,48) size 58x25
                  RenderTableRow {TR} at (0,0) size 58x25
                    RenderTableCell {TD} at (0,0) size 58x25 [border: (1px solid #D3D3D3)] [r=0 c=0 rs=1 cs=1]
                      RenderText {#text} at (2,2) size 50x21
                        text run at (2,2) width 50: "Body 2"
              RenderTable {TABLE} at (11,229) size 59x99 [border: none]
                RenderTableSection {TBODY} at (0,24) size 58x24
                  RenderTableRow {TR} at (0,0) size 58x24
                    RenderTableCell {TD} at (0,0) size 58x24 [border: (1px solid #D3D3D3)] [r=0 c=0 rs=1 cs=1]
                      RenderText {#text} at (2,2) size 50x21
                        text run at (2,2) width 50: "Body 1"
                RenderTableSection {TBODY} at (0,48) size 58x25
                  RenderTableRow {TR} at (0,0) size 58x25
                    RenderTableCell {TD} at (0,0) size 58x25 [border: (1px solid #D3D3D3)] [r=0 c=0 rs=1 cs=1]
                      RenderText {#text} at (2,2) size 50x21
                        text run at (2,2) width 50: "Body 2"
                RenderTableSection {TFOOT} at (0,73) size 58x25 [border: (2px solid #0000FF) none (2px solid #008000) none]
                  RenderTableRow {TR} at (0,0) size 58x25
                    RenderTableCell {TD} at (0,0) size 58x25 [border: (1px solid #D3D3D3)] [r=0 c=0 rs=1 cs=1]
                      RenderText {#text} at (2,2) size 46x21
                        text run at (2,2) width 46: "Footer"
                RenderTableSection {THEAD} at (0,0) size 58x24
                  RenderTableRow {TR} at (0,0) size 58x24
                    RenderTableCell {TH} at (0,0) size 58x24 [border: (1px solid #D3D3D3)] [r=0 c=0 rs=1 cs=1]
                      RenderText {#text} at (2,2) size 55x21
                        text run at (2,2) width 55: "Header"
            RenderTableCell {TD} at (168,2) size 81x339 [r=0 c=2 rs=1 cs=1]
              RenderTable {TABLE} at (11,11) size 59x99 [border: (1px none #808080)]
                RenderTableSection {THEAD} at (0,1) size 58x25 [border: (2px solid #0000FF) none (2px solid #008000) none]
                  RenderTableRow {TR} at (0,0) size 58x25
                    RenderTableCell {TH} at (0,0) size 58x25 [border: (1px solid #D3D3D3)] [r=0 c=0 rs=1 cs=1]
                      RenderText {#text} at (2,2) size 55x21
                        text run at (2,2) width 55: "Header"
                RenderTableSection {TBODY} at (0,26) size 58x24
                  RenderTableRow {TR} at (0,0) size 58x24
                    RenderTableCell {TD} at (0,0) size 58x24 [border: (1px solid #D3D3D3)] [r=0 c=0 rs=1 cs=1]
                      RenderText {#text} at (2,2) size 50x21
                        text run at (2,2) width 50: "Body 1"
                RenderTableSection {TBODY} at (0,50) size 58x24
                  RenderTableRow {TR} at (0,0) size 58x24
                    RenderTableCell {TD} at (0,0) size 58x24 [border: (1px solid #D3D3D3)] [r=0 c=0 rs=1 cs=1]
                      RenderText {#text} at (2,2) size 50x21
                        text run at (2,2) width 50: "Body 2"
                RenderTableSection {TFOOT} at (0,74) size 58x24
                  RenderTableRow {TR} at (0,0) size 58x24
                    RenderTableCell {TD} at (0,0) size 58x24 [border: (1px solid #D3D3D3)] [r=0 c=0 rs=1 cs=1]
                      RenderText {#text} at (2,2) size 46x21
                        text run at (2,2) width 46: "Footer"
              RenderTable {TABLE} at (11,120) size 59x99 [border: (1px none #808080)]
                RenderTableSection {TBODY} at (0,26) size 58x24
                  RenderTableRow {TR} at (0,0) size 58x24
                    RenderTableCell {TD} at (0,0) size 58x24 [border: (1px solid #D3D3D3)] [r=0 c=0 rs=1 cs=1]
                      RenderText {#text} at (2,2) size 50x21
                        text run at (2,2) width 50: "Body 1"
                RenderTableSection {THEAD} at (0,1) size 58x25 [border: (2px solid #0000FF) none (2px solid #008000) none]
                  RenderTableRow {TR} at (0,0) size 58x25
                    RenderTableCell {TH} at (0,0) size 58x25 [border: (1px solid #D3D3D3)] [r=0 c=0 rs=1 cs=1]
                      RenderText {#text} at (2,2) size 55x21
                        text run at (2,2) width 55: "Header"
                RenderTableSection {TBODY} at (0,50) size 58x24
                  RenderTableRow {TR} at (0,0) size 58x24
                    RenderTableCell {TD} at (0,0) size 58x24 [border: (1px solid #D3D3D3)] [r=0 c=0 rs=1 cs=1]
                      RenderText {#text} at (2,2) size 50x21
                        text run at (2,2) width 50: "Body 2"
                RenderTableSection {TFOOT} at (0,74) size 58x24
                  RenderTableRow {TR} at (0,0) size 58x24
                    RenderTableCell {TD} at (0,0) size 58x24 [border: (1px solid #D3D3D3)] [r=0 c=0 rs=1 cs=1]
                      RenderText {#text} at (2,2) size 46x21
                        text run at (2,2) width 46: "Footer"
              RenderTable {TABLE} at (11,229) size 59x99 [border: (1px none #808080)]
                RenderTableSection {TBODY} at (0,26) size 58x24
                  RenderTableRow {TR} at (0,0) size 58x24
                    RenderTableCell {TD} at (0,0) size 58x24 [border: (1px solid #D3D3D3)] [r=0 c=0 rs=1 cs=1]
                      RenderText {#text} at (2,2) size 50x21
                        text run at (2,2) width 50: "Body 1"
                RenderTableSection {THEAD} at (0,1) size 58x25 [border: (2px solid #0000FF) none (2px solid #008000) none]
                  RenderTableRow {TR} at (0,0) size 58x25
                    RenderTableCell {TH} at (0,0) size 58x25 [border: (1px solid #D3D3D3)] [r=0 c=0 rs=1 cs=1]
                      RenderText {#text} at (2,2) size 55x21
                        text run at (2,2) width 55: "Header"
                RenderTableSection {TFOOT} at (0,74) size 58x24
                  RenderTableRow {TR} at (0,0) size 58x24
                    RenderTableCell {TD} at (0,0) size 58x24 [border: (1px solid #D3D3D3)] [r=0 c=0 rs=1 cs=1]
                      RenderText {#text} at (2,2) size 46x21
                        text run at (2,2) width 46: "Footer"
                RenderTableSection {TBODY} at (0,50) size 58x24
                  RenderTableRow {TR} at (0,0) size 58x24
                    RenderTableCell {TD} at (0,0) size 58x24 [border: (1px solid #D3D3D3)] [r=0 c=0 rs=1 cs=1]
                      RenderText {#text} at (2,2) size 50x21
                        text run at (2,2) width 50: "Body 2"
            RenderTableCell {TD} at (251,2) size 81x339 [r=0 c=3 rs=1 cs=1]
              RenderTable {TABLE} at (11,11) size 59x99 [border: (1px none #808080)]
                RenderTableSection {TBODY} at (0,26) size 58x24
                  RenderTableRow {TR} at (0,0) size 58x24
                    RenderTableCell {TD} at (0,0) size 58x24 [border: (1px solid #D3D3D3)] [r=0 c=0 rs=1 cs=1]
                      RenderText {#text} at (2,2) size 50x21
                        text run at (2,2) width 50: "Body 1"
                RenderTableSection {TFOOT} at (0,74) size 58x24
                  RenderTableRow {TR} at (0,0) size 58x24
                    RenderTableCell {TD} at (0,0) size 58x24 [border: (1px solid #D3D3D3)] [r=0 c=0 rs=1 cs=1]
                      RenderText {#text} at (2,2) size 46x21
                        text run at (2,2) width 46: "Footer"
                RenderTableSection {THEAD} at (0,1) size 58x25 [border: (2px solid #0000FF) none (2px solid #008000) none]
                  RenderTableRow {TR} at (0,0) size 58x25
                    RenderTableCell {TH} at (0,0) size 58x25 [border: (1px solid #D3D3D3)] [r=0 c=0 rs=1 cs=1]
                      RenderText {#text} at (2,2) size 55x21
                        text run at (2,2) width 55: "Header"
                RenderTableSection {TBODY} at (0,50) size 58x24
                  RenderTableRow {TR} at (0,0) size 58x24
                    RenderTableCell {TD} at (0,0) size 58x24 [border: (1px solid #D3D3D3)] [r=0 c=0 rs=1 cs=1]
                      RenderText {#text} at (2,2) size 50x21
                        text run at (2,2) width 50: "Body 2"
              RenderTable {TABLE} at (11,120) size 59x99 [border: (1px none #808080)]
                RenderTableSection {TFOOT} at (0,74) size 58x24
                  RenderTableRow {TR} at (0,0) size 58x24
                    RenderTableCell {TD} at (0,0) size 58x24 [border: (1px solid #D3D3D3)] [r=0 c=0 rs=1 cs=1]
                      RenderText {#text} at (2,2) size 46x21
                        text run at (2,2) width 46: "Footer"
                RenderTableSection {TBODY} at (0,26) size 58x24
                  RenderTableRow {TR} at (0,0) size 58x24
                    RenderTableCell {TD} at (0,0) size 58x24 [border: (1px solid #D3D3D3)] [r=0 c=0 rs=1 cs=1]
                      RenderText {#text} at (2,2) size 50x21
                        text run at (2,2) width 50: "Body 1"
                RenderTableSection {THEAD} at (0,1) size 58x25 [border: (2px solid #0000FF) none (2px solid #008000) none]
                  RenderTableRow {TR} at (0,0) size 58x25
                    RenderTableCell {TH} at (0,0) size 58x25 [border: (1px solid #D3D3D3)] [r=0 c=0 rs=1 cs=1]
                      RenderText {#text} at (2,2) size 55x21
                        text run at (2,2) width 55: "Header"
                RenderTableSection {TBODY} at (0,50) size 58x24
                  RenderTableRow {TR} at (0,0) size 58x24
                    RenderTableCell {TD} at (0,0) size 58x24 [border: (1px solid #D3D3D3)] [r=0 c=0 rs=1 cs=1]
                      RenderText {#text} at (2,2) size 50x21
                        text run at (2,2) width 50: "Body 2"
              RenderTable {TABLE} at (11,229) size 59x99 [border: (1px none #808080)]
                RenderTableSection {TBODY} at (0,26) size 58x24
                  RenderTableRow {TR} at (0,0) size 58x24
                    RenderTableCell {TD} at (0,0) size 58x24 [border: (1px solid #D3D3D3)] [r=0 c=0 rs=1 cs=1]
                      RenderText {#text} at (2,2) size 50x21
                        text run at (2,2) width 50: "Body 1"
                RenderTableSection {TBODY} at (0,50) size 58x24
                  RenderTableRow {TR} at (0,0) size 58x24
                    RenderTableCell {TD} at (0,0) size 58x24 [border: (1px solid #D3D3D3)] [r=0 c=0 rs=1 cs=1]
                      RenderText {#text} at (2,2) size 50x21
                        text run at (2,2) width 50: "Body 2"
                RenderTableSection {TFOOT} at (0,74) size 58x24
                  RenderTableRow {TR} at (0,0) size 58x24
                    RenderTableCell {TD} at (0,0) size 58x24 [border: (1px solid #D3D3D3)] [r=0 c=0 rs=1 cs=1]
                      RenderText {#text} at (2,2) size 46x21
                        text run at (2,2) width 46: "Footer"
                RenderTableSection {THEAD} at (0,1) size 58x25 [border: (2px solid #0000FF) none (2px solid #008000) none]
                  RenderTableRow {TR} at (0,0) size 58x25
                    RenderTableCell {TH} at (0,0) size 58x25 [border: (1px solid #D3D3D3)] [r=0 c=0 rs=1 cs=1]
                      RenderText {#text} at (2,2) size 55x21
                        text run at (2,2) width 55: "Header"
