layer at (0,0) size 800x600
  RenderView at (0,0) size 800x600
layer at (0,0) size 800x600
  RenderBlock {HTML} at (0,0) size 800x600
    RenderBody {BODY} at (8,8) size 784x584
      RenderBlock {P} at (0,0) size 784x42
        RenderText {#text} at (0,0) size 242x21
          text run at (0,0) width 242: "This tests for a regression against "
        RenderInline {I} at (0,0) size 756x42
          RenderInline {A} at (0,0) size 379x21 [color=#0000EE]
            RenderText {#text} at (242,0) size 379x21
              text run at (242,0) width 379: "http://bugzilla.opendarwin.org/show_bug.cgi?id=6888"
          RenderText {#text} at (621,0) size 756x42
            text run at (621,0) width 135: " Collapsed borders"
            text run at (0,21) width 422: "appear on the wrong side or on the wrong cell in RTL tables"
        RenderText {#text} at (422,21) size 4x21
          text run at (422,21) width 4: "."
      RenderBlock {P} at (0,58) size 784x21
        RenderText {#text} at (0,0) size 403x21
          text run at (0,0) width 403: "The RTL table should be a mirror image of the LTR table."
      RenderBlock {HR} at (0,95) size 784x2 [border: (1px inset #000000)]
      RenderTable {TABLE} at (0,105) size 83x139
        RenderTableSection {TBODY} at (0,0) size 83x139
          RenderTableRow {TR} at (0,0) size 29x139
            RenderTableCell {TD} at (0,0) size 29x70 [border: none (1px solid #000000) none] [r=0 c=0 rs=1 cs=1]
              RenderText {#text} at (4,19) size 21x31
                text run at (4,19) width 31: "RTL"
            RenderTableCell {TD} at (0,70) size 29x69 [r=0 c=1 rs=1 cs=1]
              RenderText {#text} at (4,19) size 21x31
                text run at (4,19) width 31: "LTR"
          RenderTableRow {TR} at (0,29) size 54x139
            RenderTableCell {TD} at (29,0) size 54x70 [border: none (1px solid #000000) none] [r=1 c=0 rs=1 cs=1]
              RenderTable {TABLE} at (4,4) size 46x61 [border: (1px solid #0000FF) none (1px solid #FF0000) none]
                RenderTableCol {COLGROUP} at (0,0) size 0x0
                  RenderTableCol {COL} at (0,0) size 0x0
                  RenderTableCol {COL} at (0,0) size 0x0
                  RenderTableCol {COL} at (0,0) size 0x0 [bgcolor=#FFFF00] [border: (2px dotted #008000) none (1px solid #000000) none]
                  RenderTableCol {COL} at (0,0) size 0x0 [bgcolor=#C0C0C0]
                RenderTableSection {TBODY} at (0,1) size 46x59
                  RenderTableRow {TR} at (0,0) size 23x59
                    RenderTableCell {TD} at (0,46) size 23x13 [border: none] [r=0 c=0 rs=1 cs=1]
                      RenderText {#text} at (1,3) size 21x8
                        text run at (1,3) width 8 RTL: "  "
                    RenderTableCell {TD} at (0,33) size 23x13 [border: (1px none #000000)] [r=0 c=1 rs=1 cs=1]
                      RenderText {#text} at (1,4) size 21x8
                        text run at (1,4) width 8 RTL: "  "
                    RenderTableCell {TD} at (0,11) size 23x22 [r=0 c=2 rs=1 cs=2]
                      RenderText {#text} at (1,13) size 21x8
                        text run at (1,13) width 8 RTL: "  "
                    RenderTableCell {TD} at (0,0) size 23x11 [border: (1px none #000000)] [r=0 c=4 rs=1 cs=1]
                      RenderText {#text} at (1,2) size 21x8
                        text run at (1,2) width 8 RTL: "  "
                  RenderTableRow {TR} at (0,23) size 23x59
                    RenderTableCell {TD} at (23,46) size 23x13 [border: (2px solid #800000) none] [r=1 c=0 rs=1 cs=1]
                      RenderText {#text} at (1,3) size 21x8
                        text run at (1,3) width 8 RTL: "  "
                    RenderTableCell {TD} at (23,33) size 23x13 [border: (1px none #000000)] [r=1 c=1 rs=1 cs=1]
                      RenderText {#text} at (1,2) size 21x8
                        text run at (1,2) width 8 RTL: "  "
                    RenderTableCell {TD} at (23,22) size 23x11 [border: (1px none #000000)] [r=1 c=2 rs=1 cs=1]
                      RenderText {#text} at (1,2) size 21x8
                        text run at (1,2) width 8 RTL: "  "
                    RenderTableCell {TD} at (23,11) size 23x11 [border: none] [r=1 c=3 rs=1 cs=1]
                      RenderText {#text} at (1,1) size 21x8
                        text run at (1,1) width 8 RTL: "  "
                    RenderTableCell {TD} at (23,0) size 23x11 [border: (1px none #000000)] [r=1 c=4 rs=1 cs=1]
                      RenderText {#text} at (1,2) size 21x8
                        text run at (1,2) width 8 RTL: "  "
            RenderTableCell {TD} at (29,70) size 54x69 [r=1 c=1 rs=1 cs=1]
              RenderTable {TABLE} at (4,4) size 46x61 [border: (1px solid #FF0000) none (1px solid #0000FF) none]
                RenderTableCol {COLGROUP} at (0,0) size 0x0
                  RenderTableCol {COL} at (0,0) size 0x0
                  RenderTableCol {COL} at (0,0) size 0x0
                  RenderTableCol {COL} at (0,0) size 0x0 [bgcolor=#FFFF00] [border: (1px solid #000000) none (2px dotted #008000) none]
                  RenderTableCol {COL} at (0,0) size 0x0 [bgcolor=#C0C0C0]
                RenderTableSection {TBODY} at (0,1) size 46x59
                  RenderTableRow {TR} at (0,0) size 23x59
                    RenderTableCell {TD} at (0,0) size 23x13 [border: (1px none #000000)] [r=0 c=0 rs=1 cs=1]
                      RenderText {#text} at (1,2) size 21x8
                        text run at (1,2) width 8: "  "
                    RenderTableCell {TD} at (0,13) size 23x12 [r=0 c=1 rs=1 cs=1]
                      RenderText {#text} at (1,1) size 21x8
                        text run at (1,1) width 8: "  "
                    RenderTableCell {TD} at (0,25) size 23x23 [border: (1px none #000000)] [r=0 c=2 rs=1 cs=2]
                      RenderText {#text} at (1,2) size 21x8
                        text run at (1,2) width 8: "  "
                    RenderTableCell {TD} at (0,48) size 23x11 [border: none] [r=0 c=4 rs=1 cs=1]
                      RenderText {#text} at (1,1) size 21x8
                        text run at (1,1) width 8: "  "
                  RenderTableRow {TR} at (0,23) size 23x59
                    RenderTableCell {TD} at (23,0) size 23x13 [border: (1px none #000000) (2px solid #800000) none] [r=1 c=0 rs=1 cs=1]
                      RenderText {#text} at (1,2) size 21x8
                        text run at (1,2) width 8: "  "
                    RenderTableCell {TD} at (23,13) size 23x12 [border: (2px none #000000)] [r=1 c=1 rs=1 cs=1]
                      RenderText {#text} at (1,3) size 21x8
                        text run at (1,3) width 8: "  "
                    RenderTableCell {TD} at (23,25) size 23x12 [border: (1px none #000000)] [r=1 c=2 rs=1 cs=1]
                      RenderText {#text} at (1,2) size 21x8
                        text run at (1,2) width 8: "  "
                    RenderTableCell {TD} at (23,37) size 23x11 [border: (1px none #000000)] [r=1 c=3 rs=1 cs=1]
                      RenderText {#text} at (1,2) size 21x8
                        text run at (1,2) width 8: "  "
                    RenderTableCell {TD} at (23,48) size 23x11 [border: none] [r=1 c=4 rs=1 cs=1]
                      RenderText {#text} at (1,1) size 21x8
                        text run at (1,1) width 8: "  "
