layer at (0,0) size 800x600
  RenderView at (0,0) size 800x600
layer at (0,0) size 800x600
  RenderBlock {HTML} at (0,0) size 800x600
    RenderBody {BODY} at (8,8) size 784x552
      RenderBlock {P} at (0,0) size 784x38
        RenderText {#text} at (0,0) size 226x19
          text run at (0,0) width 226: "This is a test for regressions against "
        RenderInline {I} at (0,0) size 762x38
          RenderInline {A} at (0,0) size 348x19 [color=#0000EE]
            RenderText {#text} at (226,0) size 348x19
              text run at (226,0) width 348: "http://bugzilla.opendarwin.org/show_bug.cgi?id=8056"
          RenderText {#text} at (574,0) size 762x38
            text run at (574,0) width 4: " "
            text run at (578,0) width 184: "Flexible boxes do not repaint"
            text run at (0,19) width 238: "their top, left and children's overflows"
        RenderText {#text} at (238,19) size 4x19
          text run at (238,19) width 4: "."
      RenderBlock {HR} at (0,54) size 784x2 [border: (1px inset #000000)]
      RenderBlock {DIV} at (0,64) size 784x100
        RenderDeprecatedFlexibleBox {DIV} at (10,10) size 80x80 [bgcolor=#FFFF00]
          RenderBlock {DIV} at (-10,-10) size 100x100 [border: (1px solid #000000)]
            RenderText {#text} at (1,1) size 177x19
              text run at (1,1) width 177: "Lorem ipsum dolor sit amet."
      RenderBlock {DIV} at (0,184) size 784x100
        RenderDeprecatedFlexibleBox {DIV} at (10,10) size 80x80 [bgcolor=#FFFF00]
          RenderBlock {DIV} at (-10,-10) size 100x100 [border: (1px solid #000000)]
      RenderBlock {DIV} at (0,304) size 784x100
        RenderDeprecatedFlexibleBox {DIV} at (10,10) size 80x80 [bgcolor=#FFFF00]
          RenderBlock {DIV} at (-10,-10) size 100x100 [border: (1px solid #000000)]
      RenderBlock {DIV} at (0,424) size 784x100
        RenderDeprecatedFlexibleBox {DIV} at (10,10) size 80x80 [bgcolor=#FFFF00]
          RenderBlock {DIV} at (-10,-10) size 100x100 [border: (1px solid #000000)]
            RenderText {#text} at (1,1) size 98x152
              text run at (1,1) width 84: "Lorem ipsum"
              text run at (1,20) width 89: "dolor sit amet,"
              text run at (1,39) width 78: "consectetuer"
              text run at (1,58) width 91: "adipiscing elit."
              text run at (1,77) width 98: "Etiam et ipsum."
              text run at (1,96) width 31: "Nam"
              text run at (1,115) width 98: "consectetuer mi"
              text run at (1,134) width 61: "eget velit."
