layer at (0,0) size 800x600
  RenderView at (0,0) size 800x600
layer at (0,0) size 800x600
  RenderBlock {HTML} at (0,0) size 800x600
    RenderBody {BODY} at (8,8) size 784x584
      RenderBlock {DIV} at (0,0) size 784x32
        RenderTextControl {INPUT} at (2,2) size 193x28 [bgcolor=#FFFFFF]
        RenderText {#text} at (0,0) size 0x0
      RenderBlock (anonymous) at (0,32) size 784x18
        RenderText {#text} at (0,0) size 4x19
          text run at (0,0) width 4: " "
        RenderText {#text} at (0,0) size 0x0
      RenderBlock {DIV} at (0,50) size 784x0
layer at (14,16) size 186x18
  RenderBlock {DIV} at (4,6) size 186x18
caret: position 0 of child 0 {DIV} of {#shadow-root} of child 1 {INPUT} of child 1 {DIV} of body
