layer at (0,0) size 800x600
  RenderView at (0,0) size 800x600
layer at (0,0) size 800x600
  RenderBlock {HTML} at (0,0) size 800x600
    RenderBody {BODY} at (8,8) size 784x584
      RenderBlock {P} at (0,0) size 784x38
        RenderText {#text} at (0,0) size 53x19
          text run at (0,0) width 53: "Test for "
        RenderInline {I} at (0,0) size 760x38
          RenderInline {A} at (0,0) size 301x19 [color=#0000EE]
            RenderText {#text} at (53,0) size 301x19
              text run at (53,0) width 301: "http://bugs.webkit.org/show_bug.cgi?id=12590"
          RenderText {#text} at (354,0) size 760x38
            text run at (354,0) width 4: " "
            text run at (358,0) width 402: "REGRESSION: Text selection is weird in textareas in Trac wiki"
            text run at (0,19) width 84: "editing pages"
        RenderText {#text} at (84,19) size 4x19
          text run at (84,19) width 4: "."
layer at (13,62) size 126x126 clip at (16,65) size 105x120 scrollY 38 scrollHeight 158
  RenderBlock {DIV} at (5,54) size 126x126 [border: (3px solid #000000)]
    RenderBlock {DIV} at (13,13) size 85x100
    RenderBlock (anonymous) at (13,113) size 85x38
      RenderInline {SPAN} at (0,0) size 42x38
        RenderText {#text} at (0,0) size 42x19
          text run at (0,0) width 42: "Lorem"
        RenderBR {BR} at (42,15) size 0x0
        RenderText {#text} at (0,19) size 38x19
          text run at (0,19) width 38: "ipsum"
      RenderText {#text} at (0,0) size 0x0
