layer at (0,0) size 800x600
  RenderView at (0,0) size 800x600
layer at (0,0) size 800x116
  RenderBlock {HTML} at (0,0) size 800x116
    RenderBody {BODY} at (8,8) size 784x100
layer at (8,8) size 784x100 scrollY 71 scrollHeight 171
  RenderBlock {DIV} at (0,0) size 784x100
    RenderBR {BR} at (0,0) size 0x19
    RenderBR {BR} at (0,19) size 0x19
    RenderBR {BR} at (0,38) size 0x19
    RenderBR {BR} at (0,57) size 0x19
    RenderInline {SPAN} at (0,0) size 197x19 [bgcolor=#008000]
      RenderText {#text} at (0,76) size 197x19
        text run at (0,76) width 197: "Should have green background"
    RenderBR {BR} at (197,76) size 0x19
    RenderBR {BR} at (0,95) size 0x19
    RenderBR {BR} at (0,114) size 0x19
    RenderBR {BR} at (0,133) size 0x19
    RenderBR {BR} at (0,152) size 0x19
