CONSOLE MESSAGE: line 7: ReferenceError: Can't find variable: appendCellAt
layer at (0,0) size 800x600
  RenderView at (0,0) size 800x600
layer at (0,0) size 800x600
  RenderBlock {HTML} at (0,0) size 800x600
    RenderBody {BODY} at (8,8) size 784x584
      RenderBlock (anonymous) at (0,0) size 784x19
        RenderText {#text} at (0,0) size 214x19
          text run at (0,0) width 214: "The 2 tables should look the same"
      RenderTable {TABLE} at (0,19) size 62x54 [bgcolor=#FFA500] [border: (1px outset #808080)]
        RenderTableSection {TBODY} at (1,1) size 60x52
          RenderTableRow {TR} at (0,2) size 60x23
            RenderTableCell {TD} at (2,2) size 27x23 [border: (1px inset #808080)] [r=0 c=0 rs=1 cs=1]
              RenderText {#text} at (2,2) size 23x19
                text run at (2,2) width 23: "c11"
          RenderTableRow {TR} at (0,27) size 60x23
            RenderTableCell {TD} at (2,27) size 27x23 [border: (1px inset #808080)] [r=1 c=0 rs=1 cs=1]
              RenderText {#text} at (2,2) size 23x19
                text run at (2,2) width 23: "c21"
            RenderTableCell {TD} at (31,27) size 27x23 [border: (1px inset #808080)] [r=1 c=1 rs=1 cs=1]
              RenderText {#text} at (2,2) size 23x19
                text run at (2,2) width 23: "c22"
      RenderBlock (anonymous) at (0,73) size 784x19
        RenderBR {BR} at (0,0) size 0x19
      RenderTable {TABLE} at (0,92) size 88x54 [bgcolor=#FFA500] [border: (1px outset #808080)]
        RenderTableSection {TBODY} at (1,1) size 86x52
          RenderTableRow {TR} at (0,2) size 86x23
            RenderTableCell {TD} at (2,2) size 27x23 [border: (1px inset #808080)] [r=0 c=0 rs=1 cs=1]
              RenderText {#text} at (2,2) size 23x19
                text run at (2,2) width 23: "c11"
            RenderTableCell {TD} at (31,14) size 24x23 [border: (1px inset #808080)] [r=0 c=1 rs=2 cs=1]
              RenderText {#text} at (2,2) size 20x19
                text run at (2,2) width 20: "X1"
          RenderTableRow {TR} at (0,27) size 86x23
            RenderTableCell {TD} at (2,27) size 27x23 [border: (1px inset #808080)] [r=1 c=0 rs=1 cs=1]
              RenderText {#text} at (2,2) size 23x19
                text run at (2,2) width 23: "c21"
            RenderTableCell {TD} at (57,27) size 27x23 [border: (1px inset #808080)] [r=1 c=2 rs=1 cs=1]
              RenderText {#text} at (2,2) size 23x19
                text run at (2,2) width 23: "c22"
      RenderBlock (anonymous) at (0,146) size 784x38
        RenderBR {BR} at (0,0) size 0x19
        RenderText {#text} at (0,19) size 214x19
          text run at (0,19) width 214: "The 2 tables should look the same"
      RenderTable {TABLE} at (0,184) size 62x54 [bgcolor=#FFA500] [border: (1px outset #808080)]
        RenderTableSection {TBODY} at (1,1) size 60x52
          RenderTableRow {TR} at (0,2) size 60x23
            RenderTableCell {TD} at (2,2) size 27x23 [border: (1px inset #808080)] [r=0 c=0 rs=1 cs=1]
              RenderText {#text} at (2,2) size 23x19
                text run at (2,2) width 23: "c11"
          RenderTableRow {TR} at (0,27) size 60x23
            RenderTableCell {TD} at (2,27) size 27x23 [border: (1px inset #808080)] [r=1 c=0 rs=1 cs=1]
              RenderText {#text} at (2,2) size 23x19
                text run at (2,2) width 23: "c21"
            RenderTableCell {TD} at (31,27) size 27x23 [border: (1px inset #808080)] [r=1 c=1 rs=1 cs=1]
              RenderText {#text} at (2,2) size 23x19
                text run at (2,2) width 23: "c22"
      RenderBlock (anonymous) at (0,238) size 784x19
        RenderBR {BR} at (0,0) size 0x19
      RenderTable {TABLE} at (0,257) size 114x54 [bgcolor=#FFA500] [border: (1px outset #808080)]
        RenderTableSection {TBODY} at (1,1) size 112x52
          RenderTableRow {TR} at (0,2) size 112x23
            RenderTableCell {TD} at (2,2) size 27x23 [border: (1px inset #808080)] [r=0 c=0 rs=1 cs=1]
              RenderText {#text} at (2,2) size 23x19
                text run at (2,2) width 23: "c11"
            RenderTableCell {TD} at (31,14) size 24x23 [border: (1px inset #808080)] [r=0 c=1 rs=2 cs=1]
              RenderText {#text} at (2,2) size 20x19
                text run at (2,2) width 20: "X2"
            RenderTableCell {TD} at (57,14) size 24x23 [border: (1px inset #808080)] [r=0 c=2 rs=2 cs=1]
              RenderText {#text} at (2,2) size 20x19
                text run at (2,2) width 20: "X3"
          RenderTableRow {TR} at (0,27) size 112x23
            RenderTableCell {TD} at (2,27) size 27x23 [border: (1px inset #808080)] [r=1 c=0 rs=1 cs=1]
              RenderText {#text} at (2,2) size 23x19
                text run at (2,2) width 23: "c21"
            RenderTableCell {TD} at (83,27) size 27x23 [border: (1px inset #808080)] [r=1 c=3 rs=1 cs=1]
              RenderText {#text} at (2,2) size 23x19
                text run at (2,2) width 23: "c22"
