layer at (0,0) size 800x600
  RenderView at (0,0) size 800x600
layer at (0,0) size 800x170
  RenderBlock {test} at (0,0) size 800x170
    RenderBlock {div} at (0,0) size 800x154
      RenderBlock {q} at (0,0) size 800x18 [color=#FF0000]
        RenderInline {r} at (0,0) size 120x18 [color=#00FF00]
          RenderText {#text} at (0,0) size 120x18
            text run at (0,0) width 120: "This text should be"
        RenderText {#text} at (120,0) size 4x18
          text run at (120,0) width 4: " "
        RenderInline {r} at (0,0) size 118x18 [color=#00FF00]
          RenderText {#text} at (124,0) size 118x18
            text run at (124,0) width 118: "in green characters"
        RenderText {#text} at (0,0) size 0x0
      RenderBlock {s} at (0,34) size 800x18 [color=#00FF00]
        RenderText {#text} at (0,0) size 242x18
          text run at (0,0) width 242: "This text should be in green characters"
      RenderBlock {t} at (0,68) size 800x18 [color=#00FF00]
        RenderText {#text} at (0,0) size 242x18
          text run at (0,0) width 242: "This text should be in green characters"
      RenderBlock {p} at (0,102) size 800x18 [color=#00FF00]
        RenderText {#text} at (0,0) size 242x18
          text run at (0,0) width 242: "This text should be in green characters"
      RenderBlock {u} at (0,136) size 800x18 [color=#00FF00]
        RenderText {#text} at (0,0) size 242x18
          text run at (0,0) width 242: "This text should be in green characters"
