layer at (0,0) size 800x600
  RenderView at (0,0) size 800x600
layer at (0,0) size 800x227
  RenderBlock {html} at (0,0) size 800x228
    RenderBody {body} at (5,5) size 790x217
      RenderTable {table} at (142,0) size 505x216
        RenderTableSection (anonymous) at (0,0) size 504x216
          RenderTableRow {tr} at (0,0) size 504x216
            RenderTableCell {td} at (0,0) size 504x217 [r=0 c=0 rs=1 cs=3]
              RenderTable {table} at (7,6) size 490x204
                RenderTableSection (anonymous) at (0,0) size 490x203
                  RenderTableRow {tr} at (0,1) size 490x92
                    RenderTableCell {td} at (1,1) size 488x93 [r=0 c=0 rs=1 cs=2]
                      RenderBlock {h1} at (5,20) size 478x53
                        RenderText {#text} at (41,0) size 394x52
                          text run at (41,0) width 394: "Both sides should have identical size after"
                          text run at (198,26) width 80: "zooming"
                  RenderTableRow {tr} at (0,94) size 490x24
                    RenderTableCell {td} at (1,94) size 243x25 [r=1 c=0 rs=1 cs=1]
                      RenderText {#text} at (94,6) size 55x13
                        text run at (94,6) width 55: "SVG Image"
                    RenderTableCell {td} at (245,94) size 244x25 [r=1 c=1 rs=1 cs=1]
                      RenderText {#text} at (95,6) size 54x13
                        text run at (95,6) width 54: "PNG Image"
                  RenderTableRow {tr} at (0,119) size 490x83
                    RenderTableCell {td} at (1,119) size 243x84 [r=2 c=0 rs=1 cs=1]
                      RenderEmbeddedObject {object} at (98,5) size 139x70
                        layer at (0,0) size 139x69
                          RenderView at (0,0) size 139x69
                        layer at (0,0) size 139x69
                          RenderSVGRoot {svg} at (23,0) size 93x69
                            RenderSVGContainer {g} at (28,8) size 73x47
                              RenderSVGRect {rect} at (28,8) size 11x17 [stroke={[type=SOLID] [color=#000000]}] [x=30.00] [y=46.00] [width=50.00] [height=80.00]
                              RenderSVGRect {rect} at (48,8) size 10x17 [fill={[type=SOLID] [color=#FF0000]}] [x=130.00] [y=46.00] [width=50.00] [height=80.00]
                              RenderSVGRect {rect} at (71,8) size 11x17 [stroke={[type=SOLID] [color=#000000]}] [x=250.00] [y=46.00] [width=50.00] [height=80.00]
                              RenderSVGRect {rect} at (90,8) size 11x17 [fill={[type=SOLID] [color=#FF0000]}] [x=350.00] [y=46.00] [width=50.00] [height=80.00]
                              RenderSVGRect {rect} at (28,37) size 12x18 [stroke={[type=SOLID] [color=#0000FF] [stroke width=8.00]}] [x=30.00] [y=196.00] [width=50.00] [height=80.00]
                              RenderSVGRect {rect} at (47,37) size 12x18 [stroke={[type=SOLID] [color=#0000FF] [stroke width=8.00]}] [fill={[type=SOLID] [color=#00FF00]}] [x=130.00] [y=196.00] [width=50.00] [height=80.00]
                              RenderSVGRect {rect} at (70,37) size 12x18 [stroke={[type=SOLID] [color=#0000FF] [stroke width=8.00]}] [x=250.00] [y=196.00] [width=50.00] [height=80.00]
                              RenderSVGRect {rect} at (90,37) size 11x17 [fill={[type=SOLID] [color=#00FF00]}] [x=350.00] [y=196.00] [width=50.00] [height=80.00]
                            RenderSVGText {text} at (10,303) size 270x47 contains 1 chunk(s)
                              RenderSVGInlineText {#text} at (0,0) size 270x47
                                chunk 1 text run 1 at (10.00,340.00) startOffset 0 endOffset 16 width 269.61: "$Revision: 1.7 $"
                            RenderSVGRect {rect} at (23,0) size 93x69 [stroke={[type=SOLID] [color=#000000]}] [x=1.00] [y=1.00] [width=478.00] [height=358.00]
                      RenderText {#text} at (0,0) size 0x0
                    RenderTableCell {td} at (245,119) size 244x84 [r=2 c=1 rs=1 cs=1]
                      RenderImage {img} at (6,5) size 138x70
                      RenderText {#text} at (0,0) size 0x0
