layer at (0,0) size 800x600
  RenderView at (0,0) size 800x600
layer at (0,0) size 800x348
  RenderBlock {HTML} at (0,0) size 800x349
    RenderBody {BODY} at (5,5) size 790x338
      RenderTable {TABLE} at (0,0) size 464x337
        RenderTableSection {TBODY} at (0,0) size 464x337
          RenderTableRow {TR} at (0,1) size 464x15
            RenderTableCell {TH} at (1,1) size 65x15 [bgcolor=#DDDD99] [r=0 c=0 rs=1 cs=1]
              RenderText {#text} at (6,1) size 53x13
                text run at (6,1) width 53: "viewBox?"
            RenderTableCell {TH} at (67,1) size 112x15 [bgcolor=#DDDD99] [r=0 c=1 rs=1 cs=1]
              RenderText {#text} at (1,1) size 110x13
                text run at (1,1) width 110: "preserve\x{AD}Aspect\x{AD}Ratio"
            RenderTableCell {TH} at (180,1) size 141x15 [bgcolor=#DDDD99] [r=0 c=2 rs=1 cs=1]
              RenderText {#text} at (54,1) size 33x13
                text run at (54,1) width 33: "<img>"
            RenderTableCell {TH} at (322,1) size 141x15 [bgcolor=#DDDD99] [r=0 c=3 rs=1 cs=1]
              RenderText {#text} at (48,1) size 45x13
                text run at (48,1) width 45: "<object>"
          RenderTableRow {TR} at (0,17) size 464x39
            RenderTableCell {TH} at (1,89) size 65x15 [bgcolor=#DDDD99] [r=1 c=0 rs=4 cs=1]
              RenderText {#text} at (1,1) size 63x13
                text run at (1,1) width 63: "No viewBox"
            RenderTableCell {TH} at (67,35) size 112x2 [bgcolor=#DDDD99] [r=1 c=1 rs=1 cs=1]
            RenderTableCell {TD} at (180,17) size 141x39 [r=1 c=2 rs=1 cs=1]
              RenderImage {IMG} at (1,0) size 139x35 [border: (1px dashed #800000)]
              RenderText {#text} at (0,0) size 0x0
            RenderTableCell {TD} at (322,17) size 141x39 [r=1 c=3 rs=1 cs=1]
              RenderEmbeddedObject {OBJECT} at (1,0) size 139x35 [border: (1px dashed #008000)]
                layer at (0,0) size 133x29
                  RenderView at (0,0) size 133x29
                layer at (0,0) size 133x29
                  RenderSVGRoot {svg} at (0,0) size 133x29
                    RenderSVGEllipse {circle} at (0,0) size 133x29 [stroke={[type=SOLID] [color=#000000]}] [fill={[type=SOLID] [color=#D9BB7A] [fill rule=EVEN-ODD]}] [cx=110.00] [cy=110.00] [r=110.00]
              RenderText {#text} at (0,0) size 0x0
          RenderTableRow {TR} at (0,57) size 464x39
            RenderTableCell {TH} at (67,69) size 112x15 [bgcolor=#DDDD99] [r=2 c=1 rs=1 cs=1]
              RenderText {#text} at (42,1) size 28x13
                text run at (42,1) width 28: "none"
            RenderTableCell {TD} at (180,57) size 141x39 [r=2 c=2 rs=1 cs=1]
              RenderImage {IMG} at (1,0) size 139x35 [border: (1px dashed #800000)]
              RenderText {#text} at (0,0) size 0x0
            RenderTableCell {TD} at (322,57) size 141x39 [r=2 c=3 rs=1 cs=1]
              RenderEmbeddedObject {OBJECT} at (1,0) size 139x35 [border: (1px dashed #008000)]
                layer at (0,0) size 133x29
                  RenderView at (0,0) size 133x29
                layer at (0,0) size 133x29
                  RenderSVGRoot {svg} at (0,0) size 133x29
                    RenderSVGHiddenContainer {defs} at (0,0) size 0x0
                    RenderSVGContainer {g} at (0,0) size 133x29 [transform={m=((1.00,0.00)(0.00,1.00)) t=(-162.36,-403.29)}]
                      RenderSVGPath {path} at (0,0) size 133x29 [stroke={[type=SOLID] [color=#000000]}] [fill={[type=SOLID] [color=#D9BB7A] [fill rule=EVEN-ODD]}] [data="M 525.714 585.219 C 525.714 685.419 444.486 766.648 344.286 766.648 C 244.085 766.648 162.857 685.42 162.857 585.219 C 162.857 485.019 244.085 403.791 344.286 403.791 C 444.486 403.791 525.714 485.019 525.714 585.219 Z"]
              RenderText {#text} at (0,0) size 0x0
          RenderTableRow {TR} at (0,97) size 464x39
            RenderTableCell {TH} at (67,109) size 112x15 [bgcolor=#DDDD99] [r=3 c=1 rs=1 cs=1]
              RenderText {#text} at (43,1) size 26x13
                text run at (43,1) width 26: "meet"
            RenderTableCell {TD} at (180,97) size 141x39 [r=3 c=2 rs=1 cs=1]
              RenderImage {IMG} at (1,0) size 139x35 [border: (1px dashed #800000)]
              RenderText {#text} at (0,0) size 0x0
            RenderTableCell {TD} at (322,97) size 141x39 [r=3 c=3 rs=1 cs=1]
              RenderEmbeddedObject {OBJECT} at (1,0) size 139x35 [border: (1px dashed #008000)]
                layer at (0,0) size 133x29
                  RenderView at (0,0) size 133x29
                layer at (0,0) size 133x29
                  RenderSVGRoot {svg} at (0,0) size 133x29
                    RenderSVGHiddenContainer {defs} at (0,0) size 0x0
                    RenderSVGContainer {g} at (0,0) size 133x29 [transform={m=((1.00,0.00)(0.00,1.00)) t=(-162.36,-403.29)}]
                      RenderSVGPath {path} at (0,0) size 133x29 [stroke={[type=SOLID] [color=#000000]}] [fill={[type=SOLID] [color=#D9BB7A] [fill rule=EVEN-ODD]}] [data="M 525.714 585.219 C 525.714 685.419 444.486 766.648 344.286 766.648 C 244.085 766.648 162.857 685.42 162.857 585.219 C 162.857 485.019 244.085 403.791 344.286 403.791 C 444.486 403.791 525.714 485.019 525.714 585.219 Z"]
              RenderText {#text} at (0,0) size 0x0
          RenderTableRow {TR} at (0,137) size 464x39
            RenderTableCell {TH} at (67,149) size 112x15 [bgcolor=#DDDD99] [r=4 c=1 rs=1 cs=1]
              RenderText {#text} at (44,1) size 24x13
                text run at (44,1) width 24: "slice"
            RenderTableCell {TD} at (180,137) size 141x39 [r=4 c=2 rs=1 cs=1]
              RenderImage {IMG} at (1,0) size 139x35 [border: (1px dashed #800000)]
              RenderText {#text} at (0,0) size 0x0
            RenderTableCell {TD} at (322,137) size 141x39 [r=4 c=3 rs=1 cs=1]
              RenderEmbeddedObject {OBJECT} at (1,0) size 139x35 [border: (1px dashed #008000)]
                layer at (0,0) size 133x29
                  RenderView at (0,0) size 133x29
                layer at (0,0) size 133x29
                  RenderSVGRoot {svg} at (0,0) size 133x29
                    RenderSVGHiddenContainer {defs} at (0,0) size 0x0
                    RenderSVGContainer {g} at (0,0) size 133x29 [transform={m=((1.00,0.00)(0.00,1.00)) t=(-162.36,-403.29)}]
                      RenderSVGPath {path} at (0,0) size 133x29 [stroke={[type=SOLID] [color=#000000]}] [fill={[type=SOLID] [color=#D9BB7A] [fill rule=EVEN-ODD]}] [data="M 525.714 585.219 C 525.714 685.419 444.486 766.648 344.286 766.648 C 244.085 766.648 162.857 685.42 162.857 585.219 C 162.857 485.019 244.085 403.791 344.286 403.791 C 444.486 403.791 525.714 485.019 525.714 585.219 Z"]
              RenderText {#text} at (0,0) size 0x0
          RenderTableRow {TR} at (0,177) size 464x39
            RenderTableCell {TH} at (1,249) size 65x15 [bgcolor=#DDDD99] [r=5 c=0 rs=4 cs=1]
              RenderText {#text} at (10,1) size 45x13
                text run at (10,1) width 45: "viewBox"
            RenderTableCell {TH} at (67,195) size 112x2 [bgcolor=#DDDD99] [r=5 c=1 rs=1 cs=1]
            RenderTableCell {TD} at (180,177) size 141x39 [r=5 c=2 rs=1 cs=1]
              RenderImage {IMG} at (1,0) size 139x35 [border: (1px dashed #800000)]
              RenderText {#text} at (0,0) size 0x0
            RenderTableCell {TD} at (322,177) size 141x39 [r=5 c=3 rs=1 cs=1]
              RenderEmbeddedObject {OBJECT} at (1,0) size 139x35 [border: (1px dashed #008000)]
                layer at (0,0) size 133x29
                  RenderView at (0,0) size 133x29
                layer at (0,0) size 133x29
                  RenderSVGRoot {svg} at (52,0) size 21x21
                    RenderSVGHiddenContainer {defs} at (0,0) size 0x0
                    RenderSVGContainer {g} at (52,0) size 21x21 [transform={m=((1.00,0.00)(0.00,1.00)) t=(-162.36,-403.29)}]
                      RenderSVGPath {path} at (52,0) size 21x21 [stroke={[type=SOLID] [color=#000000]}] [fill={[type=SOLID] [color=#D9BB7A] [fill rule=EVEN-ODD]}] [data="M 525.714 585.219 C 525.714 685.419 444.486 766.648 344.286 766.648 C 244.085 766.648 162.857 685.42 162.857 585.219 C 162.857 485.019 244.085 403.791 344.286 403.791 C 444.486 403.791 525.714 485.019 525.714 585.219 Z"]
              RenderText {#text} at (0,0) size 0x0
          RenderTableRow {TR} at (0,217) size 464x39
            RenderTableCell {TH} at (67,229) size 112x15 [bgcolor=#DDDD99] [r=6 c=1 rs=1 cs=1]
              RenderText {#text} at (42,1) size 28x13
                text run at (42,1) width 28: "none"
            RenderTableCell {TD} at (180,217) size 141x39 [r=6 c=2 rs=1 cs=1]
              RenderImage {IMG} at (1,0) size 139x35 [border: (1px dashed #800000)]
              RenderText {#text} at (0,0) size 0x0
            RenderTableCell {TD} at (322,217) size 141x39 [r=6 c=3 rs=1 cs=1]
              RenderEmbeddedObject {OBJECT} at (1,0) size 139x35 [border: (1px dashed #008000)]
                layer at (0,0) size 133x29
                  RenderView at (0,0) size 133x29
                layer at (0,0) size 133x29
                  RenderSVGRoot {svg} at (0,0) size 97x21
                    RenderSVGHiddenContainer {defs} at (0,0) size 0x0
                    RenderSVGContainer {g} at (0,0) size 97x21 [transform={m=((1.00,0.00)(0.00,1.00)) t=(-162.36,-403.29)}]
                      RenderSVGPath {path} at (0,0) size 97x21 [stroke={[type=SOLID] [color=#000000]}] [fill={[type=SOLID] [color=#D9BB7A] [fill rule=EVEN-ODD]}] [data="M 525.714 585.219 C 525.714 685.419 444.486 766.648 344.286 766.648 C 244.085 766.648 162.857 685.42 162.857 585.219 C 162.857 485.019 244.085 403.791 344.286 403.791 C 444.486 403.791 525.714 485.019 525.714 585.219 Z"]
              RenderText {#text} at (0,0) size 0x0
          RenderTableRow {TR} at (0,257) size 464x39
            RenderTableCell {TH} at (67,269) size 112x15 [bgcolor=#DDDD99] [r=7 c=1 rs=1 cs=1]
              RenderText {#text} at (43,1) size 26x13
                text run at (43,1) width 26: "meet"
            RenderTableCell {TD} at (180,257) size 141x39 [r=7 c=2 rs=1 cs=1]
              RenderImage {IMG} at (1,0) size 139x35 [border: (1px dashed #800000)]
              RenderText {#text} at (0,0) size 0x0
            RenderTableCell {TD} at (322,257) size 141x39 [r=7 c=3 rs=1 cs=1]
              RenderEmbeddedObject {OBJECT} at (1,0) size 139x35 [border: (1px dashed #008000)]
                layer at (0,0) size 133x29
                  RenderView at (0,0) size 133x29
                layer at (0,0) size 133x29
                  RenderSVGRoot {svg} at (52,0) size 21x21
                    RenderSVGHiddenContainer {defs} at (0,0) size 0x0
                    RenderSVGContainer {g} at (52,0) size 21x21 [transform={m=((1.00,0.00)(0.00,1.00)) t=(-162.36,-403.29)}]
                      RenderSVGPath {path} at (52,0) size 21x21 [stroke={[type=SOLID] [color=#000000]}] [fill={[type=SOLID] [color=#D9BB7A] [fill rule=EVEN-ODD]}] [data="M 525.714 585.219 C 525.714 685.419 444.486 766.648 344.286 766.648 C 244.085 766.648 162.857 685.42 162.857 585.219 C 162.857 485.019 244.085 403.791 344.286 403.791 C 444.486 403.791 525.714 485.019 525.714 585.219 Z"]
              RenderText {#text} at (0,0) size 0x0
          RenderTableRow {TR} at (0,297) size 464x39
            RenderTableCell {TH} at (67,309) size 112x15 [bgcolor=#DDDD99] [r=8 c=1 rs=1 cs=1]
              RenderText {#text} at (44,1) size 24x13
                text run at (44,1) width 24: "slice"
            RenderTableCell {TD} at (180,297) size 141x39 [r=8 c=2 rs=1 cs=1]
              RenderImage {IMG} at (1,0) size 139x35 [border: (1px dashed #800000)]
              RenderText {#text} at (0,0) size 0x0
            RenderTableCell {TD} at (322,297) size 141x39 [r=8 c=3 rs=1 cs=1]
              RenderEmbeddedObject {OBJECT} at (1,0) size 139x35 [border: (1px dashed #008000)]
                layer at (0,0) size 133x29
                  RenderView at (0,0) size 133x29
                layer at (0,0) size 133x29
                  RenderSVGRoot {svg} at (0,0) size 97x29
                    RenderSVGHiddenContainer {defs} at (0,0) size 0x0
                    RenderSVGContainer {g} at (0,0) size 97x29 [transform={m=((1.00,0.00)(0.00,1.00)) t=(-162.36,-403.29)}]
                      RenderSVGPath {path} at (0,0) size 97x29 [stroke={[type=SOLID] [color=#000000]}] [fill={[type=SOLID] [color=#D9BB7A] [fill rule=EVEN-ODD]}] [data="M 525.714 585.219 C 525.714 685.419 444.486 766.648 344.286 766.648 C 244.085 766.648 162.857 685.42 162.857 585.219 C 162.857 485.019 244.085 403.791 344.286 403.791 C 444.486 403.791 525.714 485.019 525.714 585.219 Z"]
              RenderText {#text} at (0,0) size 0x0
