layer at (0,0) size 800x600
  RenderView at (0,0) size 800x600
layer at (0,0) size 800x212
  RenderBlock {HTML} at (0,0) size 800x212
    RenderBody {BODY} at (8,16) size 784x188
      RenderBlock {P} at (0,0) size 784x18
        RenderText {#text} at (0,0) size 472x17
          text run at (0,0) width 414: "All the following should look the same (and all should look like "
          text run at (413,0) width 59: "the first)."
      RenderTable {TABLE} at (0,34) size 458x154
        RenderTableSection {TBODY} at (0,0) size 458x154
          RenderTableRow {TR} at (0,2) size 458x150
            RenderTableCell {TD} at (2,2) size 55x150 [bgcolor=#FF0000] [border: (3px solid #000000)] [r=0 c=0 rs=1 cs=1]
              RenderBlock {DIV} at (3,3) size 49x144 [color=#FFFF00] [bgcolor=#FFA500]
                RenderBlock {DIV} at (0,0) size 49x48 [bgcolor=#00FF00]
                  RenderText {#text} at (0,0) size 49x48
                    text run at (0,0) width 49: "A"
                RenderBlock {DIV} at (0,96) size 49x48 [bgcolor=#00FFFF]
                  RenderText {#text} at (0,0) size 49x48
                    text run at (0,0) width 49: "C"
            RenderTableCell {TD} at (59,2) size 55x150 [bgcolor=#FF0000] [border: (3px solid #000000)] [r=0 c=1 rs=1 cs=1]
              RenderBlock {DIV} at (3,3) size 49x144 [color=#FFFF00] [bgcolor=#FFA500]
                RenderBlock {DIV} at (0,0) size 49x48 [bgcolor=#00FF00]
                  RenderText {#text} at (0,0) size 49x48
                    text run at (0,0) width 49: "A"
                RenderBlock {DIV} at (0,96) size 49x0
                RenderBlock {DIV} at (0,96) size 49x48 [bgcolor=#00FFFF]
                  RenderText {#text} at (0,0) size 49x48
                    text run at (0,0) width 49: "C"
            RenderTableCell {TD} at (116,2) size 55x150 [bgcolor=#FF0000] [border: (3px solid #000000)] [r=0 c=2 rs=1 cs=1]
              RenderBlock {DIV} at (3,3) size 49x144 [color=#FFFF00] [bgcolor=#FFA500]
                RenderBlock {DIV} at (0,0) size 49x48 [bgcolor=#00FF00]
                  RenderText {#text} at (0,0) size 49x48
                    text run at (0,0) width 49: "A"
                RenderBlock {DIV} at (0,96) size 49x0
                RenderBlock {DIV} at (0,96) size 49x48 [bgcolor=#00FFFF]
                  RenderText {#text} at (0,0) size 49x48
                    text run at (0,0) width 49: "C"
            RenderTableCell {TD} at (173,2) size 55x150 [bgcolor=#FF0000] [border: (3px solid #000000)] [r=0 c=3 rs=1 cs=1]
              RenderBlock {DIV} at (3,3) size 49x144 [color=#FFFF00] [bgcolor=#FFA500]
                RenderBlock {DIV} at (0,0) size 49x48 [bgcolor=#00FF00]
                  RenderText {#text} at (0,0) size 49x48
                    text run at (0,0) width 49: "A"
                RenderBlock {DIV} at (0,96) size 49x0
                RenderBlock {DIV} at (0,96) size 49x48 [bgcolor=#00FFFF]
                  RenderText {#text} at (0,0) size 49x48
                    text run at (0,0) width 49: "C"
            RenderTableCell {TD} at (230,2) size 55x150 [bgcolor=#FF0000] [border: (3px solid #000000)] [r=0 c=4 rs=1 cs=1]
              RenderBlock {DIV} at (3,3) size 49x144 [color=#FFFF00] [bgcolor=#FFA500]
                RenderBlock {DIV} at (0,0) size 49x48 [bgcolor=#00FF00]
                  RenderText {#text} at (0,0) size 49x48
                    text run at (0,0) width 49: "A"
                RenderBlock {DIV} at (0,96) size 49x0
                RenderBlock {DIV} at (0,96) size 49x48 [bgcolor=#00FFFF]
                  RenderText {#text} at (0,0) size 49x48
                    text run at (0,0) width 49: "C"
            RenderTableCell {TD} at (287,2) size 55x150 [bgcolor=#FF0000] [border: (3px solid #000000)] [r=0 c=5 rs=1 cs=1]
              RenderBlock {DIV} at (3,3) size 49x144 [color=#FFFF00] [bgcolor=#FFA500]
                RenderBlock {DIV} at (0,0) size 49x48 [bgcolor=#00FF00]
                  RenderText {#text} at (0,0) size 49x48
                    text run at (0,0) width 49: "A"
                RenderBlock {DIV} at (0,96) size 49x0
                RenderBlock {DIV} at (0,96) size 49x48 [bgcolor=#00FFFF]
                  RenderText {#text} at (0,0) size 49x48
                    text run at (0,0) width 49: "C"
            RenderTableCell {TD} at (344,2) size 55x150 [bgcolor=#FF0000] [border: (3px solid #000000)] [r=0 c=6 rs=1 cs=1]
              RenderBlock {DIV} at (3,3) size 49x144 [color=#FFFF00] [bgcolor=#FFA500]
                RenderBlock {DIV} at (0,0) size 49x48 [bgcolor=#00FF00]
                  RenderText {#text} at (0,0) size 49x48
                    text run at (0,0) width 49: "A"
                RenderBlock {DIV} at (0,96) size 49x0
                RenderBlock {DIV} at (0,96) size 49x48 [bgcolor=#00FFFF]
                  RenderText {#text} at (0,0) size 49x48
                    text run at (0,0) width 49: "C"
            RenderTableCell {TD} at (401,2) size 55x150 [bgcolor=#FF0000] [border: (3px solid #000000)] [r=0 c=7 rs=1 cs=1]
              RenderBlock {DIV} at (3,3) size 49x144 [color=#FFFF00] [bgcolor=#FFA500]
                RenderBlock {DIV} at (0,0) size 49x48 [bgcolor=#00FF00]
                  RenderText {#text} at (0,0) size 49x48
                    text run at (0,0) width 49: "A"
                RenderBlock {DIV} at (0,96) size 49x0
                RenderBlock {DIV} at (0,96) size 49x48 [bgcolor=#00FFFF]
                  RenderText {#text} at (0,0) size 49x48
                    text run at (0,0) width 49: "C"
