layer at (0,0) size 800x600
  RenderView at (0,0) size 800x600
layer at (0,0) size 800x600
  RenderBlock {HTML} at (0,0) size 800x600
    RenderBody {BODY} at (8,8) size 784x584
      RenderBlock {DIV} at (0,0) size 385x501
        RenderImage {IMG} at (0,0) size 395x275
        RenderBlock {H2} at (0,315) size 385x27
          RenderText {#text} at (0,0) size 317x26
            text run at (0,0) width 317: "This text should be on line one."
        RenderBlock (anonymous) at (0,361) size 385x36
          RenderText {#text} at (0,0) size 347x35
            text run at (0,0) width 275: "This text should be on the following lines. "
            text run at (274,0) width 73: "These lines"
            text run at (0,18) width 124: "should not overlap."
        RenderBlock {H2} at (0,437) size 385x27
          RenderText {#text} at (0,0) size 210x26
            text run at (0,0) width 210: "Here's what's weird."
        RenderBlock (anonymous) at (0,483) size 385x18
          RenderText {#text} at (0,0) size 140x17
            text run at (0,0) width 140: "The problem persists!"
