layer at (0,0) size 784x1810
  RenderView at (0,0) size 784x600
layer at (0,0) size 784x1810
  RenderBlock {HTML} at (0,0) size 784x1810
    RenderBody {BODY} at (8,20) size 768x1770 [bgcolor=#A6A972]
      RenderBlock {DIV} at (83,0) size 602x1770 [bgcolor=#FDFDE9] [border: (1px solid #000000)]
        RenderBlock {DIV} at (1,31) size 600x70
        RenderBlock {DIV} at (1,114) size 600x1584
          RenderBlock {P} at (20,0) size 560x80 [color=#333333]
            RenderText {#text} at (0,2) size 517x35
              text run at (0,2) width 517: "We are trying to understand how UVic students perform Shakespeare related research for"
              text run at (0,22) width 259: "classes as well as for their own interest. The "
            RenderInline {A} at (0,0) size 175x15
              RenderText {#text} at (258,22) size 175x15
                text run at (258,22) width 175: "Internet Shakespeare Editions"
            RenderText {#text} at (432,22) size 555x55
              text run at (432,22) width 123: " are being developed"
              text run at (0,42) width 213: "for students as well as Shakespeare "
              text run at (212,42) width 343: "scholars world wide to better understand the man, his plays"
              text run at (0,62) width 149: "and our interpretations of "
              text run at (148,62) width 33: "them."
          RenderBlock {P} at (20,93) size 560x20 [color=#333333]
            RenderText {#text} at (0,2) size 446x15
              text run at (0,2) width 446: "Please take the time to carefully review and complete the following questions."
          RenderBlock {FORM} at (20,138) size 560x1413
            RenderBlock {H2} at (0,0) size 560x16 [color=#333333]
              RenderText {#text} at (0,0) size 184x15
                text run at (0,0) width 184: "PERSONAL INFORMATION"
            RenderBlock (floating) {SPAN} at (0,26) size 325x20 [color=#333333]
              RenderText {#text} at (0,2) size 71x15
                text run at (0,2) width 71: "Your Name*"
            RenderTextControl {INPUT} at (325,26) size 186x24 [bgcolor=#FFFFFF] [border: (2px inset #000000)]
            RenderBlock (floating) {SPAN} at (0,52) size 325x20 [color=#333333]
              RenderText {#text} at (0,2) size 122x15
                text run at (0,2) width 122: "Your e-mail address*"
            RenderTextControl {INPUT} at (325,52) size 186x24 [bgcolor=#FFFFFF] [border: (2px inset #000000)]
            RenderBlock (floating) {SPAN} at (0,78) size 325x20 [color=#333333]
              RenderText {#text} at (0,2) size 129x15
                text run at (0,2) width 129: "Your degree program*"
            RenderMenuList {SELECT} at (325,78) size 180x28 [bgcolor=#FFFFFF] [border: (1px solid #000000)]
              RenderBlock (anonymous) at (1,1) size 178x26
                RenderText at (4,4) size 118x17
                  text run at (4,4) width 118: "Program options"
            RenderBlock (floating) {SPAN} at (0,108) size 325x20 [color=#333333]
              RenderText {#text} at (0,2) size 111x15
                text run at (0,2) width 111: "Your year of study*"
            RenderMenuList {SELECT} at (325,108) size 180x28 [bgcolor=#FFFFFF] [border: (1px solid #000000)]
              RenderBlock (anonymous) at (1,1) size 178x26
                RenderText at (4,4) size 169x17
                  text run at (4,4) width 169: "Years you've been here"
            RenderBlock (floating) {SPAN} at (0,138) size 325x20 [color=#333333]
              RenderText {#text} at (0,2) size 159x15
                text run at (0,2) width 159: "Shakespeare classes taken"
            RenderMenuList {SELECT} at (325,138) size 180x28 [bgcolor=#FFFFFF] [border: (1px solid #000000)]
              RenderBlock (anonymous) at (1,1) size 178x26
                RenderText at (4,4) size 101x17
                  text run at (4,4) width 101: "Number taken"
            RenderBlock {P} at (0,179) size 560x20 [color=#333333]
              RenderText {#text} at (0,2) size 150x15
                text run at (0,2) width 150: "* indicates a required field"
            RenderBlock {H2} at (0,224) size 560x16 [color=#333333]
              RenderText {#text} at (0,0) size 271x15
                text run at (0,0) width 271: "SHAKESPEARE RESEARCH QUESTIONS"
            RenderBlock (floating) {SPAN} at (0,250) size 325x20 [color=#333333]
              RenderText {#text} at (0,2) size 319x15
                text run at (0,2) width 319: "What percentage of your research time is spent online?"
            RenderMenuList {SELECT} at (325,250) size 180x28 [bgcolor=#FFFFFF] [border: (1px solid #000000)]
              RenderBlock (anonymous) at (1,1) size 178x26
                RenderText at (4,4) size 143x17
                  text run at (4,4) width 143: "Percentages of time"
            RenderBlock (floating) {SPAN} at (0,280) size 325x20 [color=#333333]
              RenderText {#text} at (0,2) size 297x35
                text run at (0,2) width 297: "What is holding you back from doing more research"
                text run at (0,22) width 42: "online?"
            RenderMenuList {SELECT} at (325,280) size 180x28 [bgcolor=#FFFFFF] [border: (1px solid #000000)]
              RenderBlock (anonymous) at (1,1) size 178x26
                RenderText at (4,4) size 64x17
                  text run at (4,4) width 64: "Reasons"
            RenderBlock (floating) {SPAN} at (0,310) size 325x20 [color=#333333]
              RenderText {#text} at (0,2) size 219x15
                text run at (0,2) width 219: "Your research is primarily focused on:"
            RenderBlock {SPAN} at (325,310) size 180x23 [color=#333333]
              RenderBlock {INPUT} at (4,3) size 16x16 [color=#000000]
              RenderText {#text} at (24,5) size 32x15
                text run at (24,5) width 32: "Texts"
            RenderBlock {SPAN} at (325,333) size 180x23 [color=#333333]
              RenderBlock {INPUT} at (4,3) size 16x16 [color=#000000]
              RenderText {#text} at (24,5) size 131x15
                text run at (24,5) width 131: "Performance materials"
            RenderBlock {SPAN} at (325,356) size 180x23 [color=#333333]
              RenderBlock {INPUT} at (4,3) size 16x16 [color=#000000]
              RenderText {#text} at (24,5) size 19x15
                text run at (24,5) width 19: "n/a"
            RenderBlock {H2} at (0,404) size 560x16 [color=#333333]
              RenderText {#text} at (0,0) size 339x15
                text run at (0,0) width 339: "INTERNET SHAKESPEARE EDITIONS QUESTIONS"
            RenderBlock (floating) {SPAN} at (0,430) size 325x20 [color=#333333]
              RenderText {#text} at (0,2) size 312x15
                text run at (0,2) width 312: "Have you used UVic's Internet Shakespeare Editions?"
            RenderBlock {SPAN} at (325,430) size 180x23 [color=#333333]
              RenderText {#text} at (0,5) size 23x15
                text run at (0,5) width 23: "Yes"
              RenderBlock {INPUT} at (26,3) size 16x16 [color=#000000]
              RenderText {#text} at (46,5) size 21x15
                text run at (46,5) width 5: " "
                text run at (50,5) width 17: "No"
              RenderBlock {INPUT} at (71,3) size 16x16 [color=#000000]
              RenderText {#text} at (0,0) size 0x0
            RenderBlock {P} at (0,466) size 560x20 [color=#333333]
              RenderText {#text} at (0,2) size 365x15
                text run at (0,2) width 365: "-- If you answered no to this question, skip to the next section --"
            RenderBlock (floating) {SPAN} at (0,499) size 325x20 [color=#333333]
              RenderText {#text} at (0,2) size 274x15
                text run at (0,2) width 274: "Which area of the ISE did you find most useful?"
            RenderMenuList {SELECT} at (325,499) size 180x28 [bgcolor=#FFFFFF] [border: (1px solid #000000)]
              RenderBlock (anonymous) at (1,1) size 178x26
                RenderText at (4,4) size 137x17
                  text run at (4,4) width 137: "Sections of the ISE"
            RenderBlock (floating) {SPAN} at (0,529) size 325x20 [color=#333333]
              RenderText {#text} at (0,2) size 249x15
                text run at (0,2) width 249: "How did you find the navigation of the ISE?"
            RenderMenuList {SELECT} at (325,529) size 180x28 [bgcolor=#FFFFFF] [border: (1px solid #000000)]
              RenderBlock (anonymous) at (1,1) size 178x26
                RenderText at (4,4) size 119x17
                  text run at (4,4) width 119: "Level of difficulty"
            RenderBlock (floating) {SPAN} at (0,559) size 325x20 [color=#333333]
              RenderText {#text} at (0,2) size 211x15
                text run at (0,2) width 211: "Please describe your use of the ISE."
            RenderBlock {H2} at (0,713) size 560x16 [color=#333333]
              RenderText {#text} at (0,0) size 266x15
                text run at (0,0) width 266: "TOOLS IN DEVELOPMENT QUESTIONS"
            RenderBlock {P} at (0,742) size 560x60 [color=#333333]
              RenderText {#text} at (0,2) size 542x55
                text run at (0,2) width 443: "We are in the process of both making new material available and developing "
                text run at (442,2) width 100: "new tools to view"
                text run at (0,22) width 348: "and extrapolate information from Shakespeare's works. The "
                text run at (347,22) width 156: "following images are visual"
                text run at (0,42) width 337: "representations of some of the ideas being thrown around."
            RenderBlock {P} at (0,815) size 560x20 [color=#333333]
              RenderText {#text} at (0,2) size 331x15
                text run at (0,2) width 331: "Please review them carefully and provide feedback below"
            RenderBlock (floating) {SPAN} at (0,848) size 325x20 [color=#333333]
              RenderText {#text} at (0,2) size 146x15
                text run at (0,2) width 146: "Your comments on Fig. 1"
            RenderBlock (floating) {SPAN} at (0,979) size 325x20 [color=#333333]
              RenderText {#text} at (0,2) size 146x15
                text run at (0,2) width 146: "Your comments on Fig. 2"
            RenderBlock (floating) {SPAN} at (0,1110) size 325x20 [color=#333333]
              RenderText {#text} at (0,2) size 146x15
                text run at (0,2) width 146: "Your comments on Fig. 3"
            RenderBlock {H2} at (0,1261) size 560x16 [color=#333333]
              RenderText {#text} at (0,0) size 132x15
                text run at (0,0) width 132: "OTHER FEEDBACK"
            RenderBlock (floating) {SPAN} at (0,1287) size 325x20 [color=#333333]
              RenderText {#text} at (0,2) size 218x15
                text run at (0,2) width 218: "Please enter any other thoughts here."
          RenderBlock {P} at (20,1564) size 560x20 [color=#333333]
            RenderText {#text} at (0,2) size 219x15
              text run at (0,2) width 219: "Thank you for your time filling this out."
        RenderBlock {DIV} at (1,1718) size 600x51 [border: (1px dashed #A6A972) none]
          RenderBlock {SPAN} at (0,16) size 600x20 [color=#333333]
            RenderText {#text} at (244,2) size 112x15
              text run at (244,2) width 112: "\x{A9}2003 Kevin Davis"
layer at (440,301) size 180x18
  RenderBlock {DIV} at (3,3) size 180x18
layer at (440,327) size 180x18
  RenderBlock {DIV} at (3,3) size 180x18
layer at (112,854) size 506x106 clip at (113,855) size 504x104
  RenderTextControl {TEXTAREA} at (0,582) size 506x106 [bgcolor=#FFFFFF] [border: (1px solid #000000)]
    RenderBlock {DIV} at (3,3) size 500x18
layer at (112,1140) size 506x106 clip at (113,1141) size 504x104
  RenderTextControl {TEXTAREA} at (0,868) size 506x106 [bgcolor=#FFFFFF] [border: (1px solid #000000)]
    RenderBlock {DIV} at (3,3) size 500x18
layer at (112,1271) size 506x106 clip at (113,1272) size 504x104
  RenderTextControl {TEXTAREA} at (0,999) size 506x106 [bgcolor=#FFFFFF] [border: (1px solid #000000)]
    RenderBlock {DIV} at (3,3) size 500x18
layer at (112,1402) size 506x106 clip at (113,1403) size 504x104
  RenderTextControl {TEXTAREA} at (0,1130) size 506x106 [bgcolor=#FFFFFF] [border: (1px solid #000000)]
    RenderBlock {DIV} at (3,3) size 500x18
layer at (112,1579) size 506x106 clip at (113,1580) size 504x104
  RenderTextControl {TEXTAREA} at (0,1307) size 506x106 [bgcolor=#FFFFFF] [border: (1px solid #000000)]
    RenderBlock {DIV} at (3,3) size 500x18
