layer at (0,0) size 784x1110
  RenderView at (0,0) size 784x600
layer at (0,0) size 784x1110
  RenderBlock {HTML} at (0,0) size 784x1110
    RenderBody {BODY} at (8,8) size 768x1094
      RenderBlock {SPAN} at (0,0) size 768x18
        RenderBlock (floating) {DIV} at (0,0) size 100x100 [bgcolor=#00FF00]
          RenderText {#text} at (0,0) size 88x53
            text run at (0,0) width 88: "This is a float"
            text run at (0,18) width 83: "that is 100px"
            text run at (0,36) width 33: "high."
        RenderText {#text} at (100,0) size 289x17
          text run at (100,0) width 289: "This paragraph has a bottom margin of 50px."
      RenderBlock {SPAN} at (0,100) size 768x0
      RenderBlock {SPAN} at (0,100) size 768x18
        RenderText {#text} at (0,0) size 308x17
          text run at (0,0) width 308: "This text should be immediately under the float."
      RenderBlock {HR} at (0,126) size 768x2 [border: (1px inset #000000)]
      RenderBlock {SPAN} at (0,136) size 768x18
        RenderBlock (floating) {DIV} at (0,0) size 100x100 [bgcolor=#00FF00]
          RenderText {#text} at (0,0) size 88x53
            text run at (0,0) width 88: "This is a float"
            text run at (0,18) width 83: "that is 100px"
            text run at (0,36) width 33: "high."
        RenderText {#text} at (100,0) size 289x17
          text run at (100,0) width 289: "This paragraph has a bottom margin of 50px."
      RenderBlock {SPAN} at (0,236) size 768x0
      RenderBlock {SPAN} at (0,246) size 768x18
        RenderText {#text} at (0,0) size 260x17
          text run at (0,0) width 260: "This text should be 10px under the float."
      RenderBlock {HR} at (0,272) size 768x2 [border: (1px inset #000000)]
      RenderBlock {SPAN} at (0,282) size 768x18
        RenderBlock (floating) {DIV} at (0,0) size 100x100 [bgcolor=#00FF00]
          RenderText {#text} at (0,0) size 88x53
            text run at (0,0) width 88: "This is a float"
            text run at (0,18) width 83: "that is 100px"
            text run at (0,36) width 33: "high."
        RenderText {#text} at (100,0) size 289x17
          text run at (100,0) width 289: "This paragraph has a bottom margin of 50px."
      RenderBlock {SPAN} at (0,382) size 768x0
      RenderBlock {SPAN} at (0,382) size 768x18
        RenderText {#text} at (0,0) size 308x17
          text run at (0,0) width 308: "This text should be immediately under the float."
      RenderBlock {HR} at (0,408) size 768x2 [border: (1px inset #000000)]
      RenderBlock {SPAN} at (0,418) size 768x18
        RenderBlock (floating) {DIV} at (0,0) size 100x100 [bgcolor=#00FF00]
          RenderText {#text} at (0,0) size 88x53
            text run at (0,0) width 88: "This is a float"
            text run at (0,18) width 83: "that is 100px"
            text run at (0,36) width 33: "high."
        RenderText {#text} at (100,0) size 289x17
          text run at (100,0) width 289: "This paragraph has a bottom margin of 50px."
      RenderBlock {SPAN} at (0,518) size 768x0
      RenderBlock {SPAN} at (0,518) size 768x18
        RenderText {#text} at (0,0) size 308x17
          text run at (0,0) width 308: "This text should be immediately under the float."
      RenderBlock {HR} at (0,544) size 768x2 [border: (1px inset #000000)]
      RenderBlock {SPAN} at (0,554) size 768x18
        RenderBlock (floating) {DIV} at (0,0) size 100x100 [bgcolor=#00FF00]
          RenderText {#text} at (0,0) size 88x53
            text run at (0,0) width 88: "This is a float"
            text run at (0,18) width 83: "that is 100px"
            text run at (0,36) width 33: "high."
        RenderText {#text} at (100,0) size 289x17
          text run at (100,0) width 289: "This paragraph has a bottom margin of 50px."
      RenderBlock {SPAN} at (0,654) size 768x0
      RenderBlock {SPAN} at (0,664) size 768x18
        RenderText {#text} at (0,0) size 260x17
          text run at (0,0) width 260: "This text should be 10px under the float."
      RenderBlock {HR} at (0,690) size 768x2 [border: (1px inset #000000)]
      RenderBlock {SPAN} at (0,700) size 768x18
        RenderBlock (floating) {DIV} at (0,0) size 100x100 [bgcolor=#00FF00]
          RenderText {#text} at (0,0) size 88x53
            text run at (0,0) width 88: "This is a float"
            text run at (0,18) width 83: "that is 100px"
            text run at (0,36) width 33: "high."
        RenderText {#text} at (100,0) size 289x17
          text run at (100,0) width 289: "This paragraph has a bottom margin of 50px."
      RenderBlock {SPAN} at (0,800) size 768x0
      RenderBlock {SPAN} at (0,800) size 768x18
        RenderText {#text} at (0,0) size 308x17
          text run at (0,0) width 308: "This text should be immediately under the float."
      RenderBlock {HR} at (0,826) size 768x2 [border: (1px inset #000000)]
      RenderBlock {SPAN} at (0,836) size 768x120 [border: (10px dotted #000000)]
        RenderBlock {SPAN} at (10,10) size 748x18
          RenderBlock (floating) {DIV} at (0,0) size 100x100 [bgcolor=#00FF00]
            RenderText {#text} at (0,0) size 88x53
              text run at (0,0) width 88: "This is a float"
              text run at (0,18) width 83: "that is 100px"
              text run at (0,36) width 33: "high."
          RenderText {#text} at (100,0) size 289x17
            text run at (100,0) width 289: "This paragraph has a bottom margin of 50px."
        RenderBlock {SPAN} at (10,110) size 748x0
      RenderBlock {HR} at (0,964) size 768x2 [border: (1px inset #000000)]
      RenderBlock {SPAN} at (0,974) size 768x120 [border: (10px dotted #000000)]
        RenderBlock {SPAN} at (10,10) size 748x18
          RenderBlock (floating) {DIV} at (0,0) size 100x100 [bgcolor=#00FF00]
            RenderText {#text} at (0,0) size 88x53
              text run at (0,0) width 88: "This is a float"
              text run at (0,18) width 83: "that is 100px"
              text run at (0,36) width 33: "high."
          RenderText {#text} at (100,0) size 289x17
            text run at (100,0) width 289: "This paragraph has a bottom margin of 50px."
        RenderBlock {SPAN} at (10,110) size 748x0
