layer at (0,0) size 800x600
  RenderView at (0,0) size 800x600
layer at (0,0) size 800x34
  RenderBlock {HTML} at (0,0) size 800x34
    RenderBody {BODY} at (8,8) size 784x18
      RenderBlock {DIV} at (0,0) size 784x18
        RenderText {#text} at (0,0) size 510x18
          text run at (0,0) width 510: "This tests proper handling of unicode-bidi: plaintext. You should not see any red."
layer at (8,26) size 102x400
  RenderBlock (positioned) {DIV} at (0,0) size 102x400
    RenderBlock {DIV} at (0,0) size 102x75 [color=#FF0000]
      RenderText {#text} at (0,0) size 44x18
        text run at (0,0) width 44: "!hello. "
      RenderBR {BR} at (44,0) size 0x18
      RenderText {#text} at (0,19) size 50x18
        text run at (0,19) width 50 RTL: "!\x{5E9}\x{5DC}\x{5D5}\x{5DD}. "
      RenderBR {BR} at (0,19) size 0x18
      RenderText {#text} at (0,38) size 67x18
        text run at (0,38) width 39: "hello, "
        text run at (39,38) width 19 RTL: "\x{5DC}\x{5D5}\x{5D9}"
        text run at (57,38) width 10: "! "
      RenderBR {BR} at (66,38) size 1x18
      RenderText {#text} at (0,57) size 100x18
        text run at (0,57) width 5 RTL: "!"
        text run at (5,57) width 50: "WebKit"
        text run at (55,57) width 45 RTL: "\x{5E9}\x{5DC}\x{5D5}\x{5DD}, "
    RenderBlock {PRE} at (0,75) size 102x77 [color=#FF0000]
      RenderText {#text} at (0,0) size 102x77
        text run at (0,0) width 8: "a"
        text run at (8,0) width 0: " "
        text run at (0,15) width 8: "("
        text run at (8,15) width 0: " "
        text run at (0,31) width 0 RTL: " "
        text run at (0,31) width 8 RTL: "!"
        text run at (8,31) width 48: "WebKit"
        text run at (56,31) width 46 RTL: "\x{5E9}\x{5DC}\x{5D5}\x{5DD}, "
        text run at (0,47) width 56: "hello, "
        text run at (56,47) width 16 RTL: "\x{5DC}\x{5D5}\x{5D9}"
        text run at (71,47) width 9: "!"
        text run at (79,47) width 1: " "
        text run at (0,62) width 8: ")"
        text run at (8,62) width 0: " "
layer at (8,26) size 102x400
  RenderBlock (positioned) {DIV} at (0,0) size 102x400 [color=#008000]
    RenderBlock (anonymous) at (0,0) size 102x75
      RenderText {#text} at (0,0) size 40x18
        text run at (0,0) width 40: "!hello."
      RenderBR {BR} at (40,0) size 0x18
      RenderInline {SPAN} at (0,0) size 50x18
        RenderText {#text} at (0,19) size 50x18
          text run at (0,19) width 50 RTL: "!\x{5E9}\x{5DC}\x{5D5}\x{5DD}. "
      RenderBR {BR} at (49,19) size 1x18
      RenderInline {SPAN} at (0,0) size 67x18
        RenderText {#text} at (0,38) size 67x18
          text run at (0,38) width 39: "hello, "
          text run at (39,38) width 19 RTL: "\x{5DC}\x{5D5}\x{5D9}"
          text run at (57,38) width 10: "! "
      RenderBR {BR} at (66,38) size 1x18
      RenderInline {SPAN} at (0,0) size 100x18
        RenderText {#text} at (0,57) size 100x18
          text run at (0,57) width 5 RTL: "!"
          text run at (5,57) width 50: "WebKit"
          text run at (55,57) width 45 RTL: "\x{5E9}\x{5DC}\x{5D5}\x{5DD}, "
      RenderBR {BR} at (99,57) size 1x18
    RenderBlock {PRE} at (0,75) size 102x77
      RenderText {#text} at (0,0) size 102x77
        text run at (0,0) width 8: "a"
        text run at (8,0) width 0: " "
        text run at (0,15) width 8: "("
        text run at (8,15) width 0: " "
        text run at (0,31) width 72: "!WebKit ,"
        text run at (72,31) width 30 RTL: "\x{5E9}\x{5DC}\x{5D5}\x{5DD}"
        text run at (101,31) width 1: " "
        text run at (0,47) width 56: "hello, "
        text run at (56,47) width 16 RTL: "\x{5DC}\x{5D5}\x{5D9}"
        text run at (71,47) width 9: "!"
        text run at (79,47) width 1: " "
        text run at (0,62) width 8: ")"
        text run at (8,62) width 0: " "
