layer at (0,0) size 800x600
  RenderView at (0,0) size 800x600
layer at (0,0) size 800x252
  RenderBlock {HTML} at (0,0) size 800x252
    RenderBody {BODY} at (8,16) size 784x228
      RenderBlock {P} at (0,0) size 784x20
        RenderText {#text} at (0,0) size 290x19
          text run at (0,0) width 290: "Test passes if there is no red visible on the page."
      RenderTable {TABLE} at (0,36) size 192x192 [border: (2px none #808080)]
        RenderTableSection {TBODY} at (2,2) size 187x173
          RenderTableRow {TR} at (0,0) size 187x173
            RenderTableCell {TD} at (0,83) size 62x7 [border: (3px solid #000000)] [r=0 c=0 rs=1 cs=1]
            RenderTableCell {TD} at (62,83) size 62x7 [border: (3px solid #000000)] [r=0 c=1 rs=1 cs=1]
            RenderTableCell {TD} at (124,83) size 63x7 [border: (3px solid #000000)] [r=0 c=2 rs=1 cs=1]
        RenderTableSection {TBODY} at (2,175) size 187x7 [border: (5px solid #FF0000) none (5px solid #FF0000) none]
          RenderTableRow {TR} at (0,0) size 187x7
            RenderTableCell {TD} at (0,0) size 62x7 [border: (3px none #000000) (2px solid #000000) (2px none #000000) (3px solid #000000)] [r=0 c=0 rs=1 cs=1]
            RenderTableCell {TD} at (62,0) size 62x7 [border: (3px none #000000) (2px solid #000000) (2px none #000000) (3px solid #000000)] [r=0 c=1 rs=1 cs=1]
            RenderTableCell {TD} at (124,0) size 63x7 [border: (3px none #000000) (2px solid #000000) (2px none #000000) (3px solid #000000)] [r=0 c=2 rs=1 cs=1]
        RenderTableSection {TBODY} at (2,182) size 187x7
          RenderTableRow {TR} at (0,0) size 187x7
            RenderTableCell {TD} at (0,0) size 62x7 [border: (3px solid #000000)] [r=0 c=0 rs=1 cs=1]
            RenderTableCell {TD} at (62,0) size 62x7 [border: (3px solid #000000)] [r=0 c=1 rs=1 cs=1]
            RenderTableCell {TD} at (124,0) size 63x7 [border: (3px solid #000000)] [r=0 c=2 rs=1 cs=1]
