layer at (0,0) size 800x600
  RenderView at (0,0) size 800x600
layer at (0,0) size 800x88
  RenderBlock {HTML} at (0,0) size 800x88
    RenderBody {BODY} at (8,16) size 784x56
      RenderBlock {P} at (0,0) size 784x20
        RenderInline {Q} at (0,0) size 35x19
          RenderInline (generated) at (0,0) size 5x19
            RenderQuote at (0,0) size 5x19
              text run at (0,0) width 5: "\""
          RenderText {#text} at (5,0) size 25x19
            text run at (5,0) width 25: "Foo"
          RenderInline (generated) at (0,0) size 5x19
            RenderQuote at (30,0) size 5x19
              text run at (30,0) width 5: "\""
      RenderBlock {P} at (0,36) size 784x20
        RenderInline {Q} at (0,0) size 64x19
          RenderInline (generated) at (0,0) size 26x19
            RenderQuote at (0,0) size 26x19
              text run at (0,0) width 26: "<1>"
          RenderText {#text} at (26,0) size 8x19
            text run at (26,0) width 8: "0"
          RenderInline (generated) at (0,0) size 30x19
            RenderQuote at (34,0) size 30x19
              text run at (34,0) width 30: "</1>"
