layer at (0,0) size 800x600
  RenderView at (0,0) size 800x600
layer at (0,0) size 800x36
  RenderBlock {HTML} at (0,0) size 800x36
    RenderBody {BODY} at (8,8) size 784x20
      RenderBlock {DIV} at (0,0) size 784x20
        RenderInline {SPAN} at (0,0) size 74x19
          RenderInline (generated) at (0,0) size 34x19
            RenderInline (generated) at (0,0) size 5x19 [color=#008000]
              RenderText at (0,0) size 5x19
                text run at (0,0) width 5: "\""
            RenderText at (0,0) size 0x0
            RenderInline (generated) at (0,0) size 9x19 [color=#008000]
              RenderText at (5,0) size 9x19
                text run at (5,0) width 9: "T"
            RenderText at (14,0) size 20x19
              text run at (14,0) width 20: "his "
          RenderText {#text} at (34,0) size 35x19
            text run at (34,0) width 35: "is text"
          RenderInline (generated) at (0,0) size 5x19
            RenderQuote at (69,0) size 5x19
              text run at (69,0) width 5: "\""
