layer at (0,0) size 785x869
  RenderView at (0,0) size 785x600
layer at (0,0) size 785x805
  RenderBlock {HTML} at (0,0) size 785x805
    RenderBody {BODY} at (8,8) size 242x782 [border: (1px dashed #C0C0C0)]
      RenderBlock {P} at (1,17) size 240x32
        RenderText {#text} at (0,-1) size 237x35
          text run at (0,-1) width 237: "The following six blue boxes must be of"
          text run at (0,15) width 231: "the same width. There must be no red."
      RenderBlock {P} at (17,65) size 208x48 [bgcolor=#008000] [border: (16px solid #0000FF)]
        RenderText {#text} at (16,15) size 4x19
          text run at (16,15) width 4: " "
      RenderBlock {P} at (1,209) size 240x16
        RenderText {#text} at (0,-1) size 24x19
          text run at (0,-1) width 24: "      "
        RenderText {#text} at (0,0) size 0x0
        RenderEmbeddedObject {OBJECT} at (16,0) size 208x76 [bgcolor=#FF0000] [border: (16px solid #0000FF)]
          layer at (0,0) size 176x44
            RenderView at (0,0) size 176x44
          layer at (0,0) size 176x44
            RenderSVGRoot {svg} at (0,0) size 176x44
              RenderSVGRect {rect} at (0,0) size 176x44 [stroke={[type=SOLID] [color=#008000] [stroke width=12.00]}] [fill={[type=SOLID] [color=#00FF00]}] [x=0.00] [y=0.00] [width=1000.00] [height=250.00]
              RenderSVGPath {path} at (26,8) size 124x28 [fill={[type=SOLID] [color=#008000]}] [data="M 500 50 L 150 200 L 850 200 Z"]
      RenderBlock {P} at (1,321) size 240x16
        RenderEmbeddedObject {OBJECT} at (16,0) size 208x76 [bgcolor=#FF0000] [border: (16px solid #0000FF)]
          layer at (0,0) size 176x44
            RenderView at (0,0) size 176x44
          layer at (0,0) size 176x44
            RenderSVGRoot {svg} at (0,0) size 176x44
              RenderSVGRect {rect} at (0,0) size 176x44 [stroke={[type=SOLID] [color=#008000] [stroke width=12.00]}] [fill={[type=SOLID] [color=#00FF00]}] [x=0.00] [y=0.00] [width=1000.00] [height=250.00]
              RenderSVGPath {path} at (26,8) size 124x28 [fill={[type=SOLID] [color=#008000]}] [data="M 500 50 L 150 200 L 850 200 Z"]
      RenderTable at (1,433) size 240x78
        RenderTableSection (anonymous) at (0,0) size 240x78
          RenderTableRow (anonymous) at (0,0) size 240x78
            RenderTableCell {P} at (0,0) size 240x78 [r=0 c=0 rs=1 cs=1]
              RenderEmbeddedObject {OBJECT} at (16,0) size 208x76 [bgcolor=#FF0000] [border: (16px solid #0000FF)]
                layer at (0,0) size 176x44
                  RenderView at (0,0) size 176x44
                layer at (0,0) size 176x44
                  RenderSVGRoot {svg} at (0,0) size 176x44
                    RenderSVGRect {rect} at (0,0) size 176x44 [stroke={[type=SOLID] [color=#008000] [stroke width=12.00]}] [fill={[type=SOLID] [color=#00FF00]}] [x=0.00] [y=0.00] [width=1000.00] [height=250.00]
                    RenderSVGPath {path} at (26,8) size 124x28 [fill={[type=SOLID] [color=#008000]}] [data="M 500 50 L 150 200 L 850 200 Z"]
      RenderTable {TABLE} at (1,607) size 240x78
        RenderTableSection {TBODY} at (0,0) size 240x78
          RenderTableRow {TR} at (0,0) size 240x78
            RenderTableCell {TD} at (0,0) size 240x78 [r=0 c=0 rs=1 cs=1]
              RenderEmbeddedObject {OBJECT} at (16,0) size 208x76 [bgcolor=#FF0000] [border: (16px solid #0000FF)]
                layer at (0,0) size 176x44
                  RenderView at (0,0) size 176x44
                layer at (0,0) size 176x44
                  RenderSVGRoot {svg} at (0,0) size 176x44
                    RenderSVGRect {rect} at (0,0) size 176x44 [stroke={[type=SOLID] [color=#008000] [stroke width=12.00]}] [fill={[type=SOLID] [color=#00FF00]}] [x=0.00] [y=0.00] [width=1000.00] [height=250.00]
                    RenderSVGPath {path} at (26,8) size 124x28 [fill={[type=SOLID] [color=#008000]}] [data="M 500 50 L 150 200 L 850 200 Z"]
      RenderBlock (floating) {P} at (1,781) size 240x16
        RenderEmbeddedObject {OBJECT} at (16,0) size 208x76 [bgcolor=#FF0000] [border: (16px solid #0000FF)]
          layer at (0,0) size 176x44
            RenderView at (0,0) size 176x44
          layer at (0,0) size 176x44
            RenderSVGRoot {svg} at (0,0) size 176x44
              RenderSVGRect {rect} at (0,0) size 176x44 [stroke={[type=SOLID] [color=#008000] [stroke width=12.00]}] [fill={[type=SOLID] [color=#00FF00]}] [x=0.00] [y=0.00] [width=1000.00] [height=250.00]
              RenderSVGPath {path} at (26,8) size 124x28 [fill={[type=SOLID] [color=#008000]}] [data="M 500 50 L 150 200 L 850 200 Z"]
