layer at (0,0) size 800x600
  RenderView at (0,0) size 800x600
layer at (0,0) size 800x78
  RenderBlock {HTML} at (0,0) size 800x78
    RenderBody {BODY} at (8,16) size 784x54
      RenderBlock {P} at (0,0) size 784x19
        RenderText {#text} at (0,0) size 284x19
          text run at (0,0) width 284: "Test passes if there is green visible on the page."
      RenderBlock {DIV} at (0,35) size 784x19
        RenderText {#text} at (0,0) size 61x19
          text run at (0,0) width 61: "Filler Text"
      RenderBlock {DIV} at (0,54) size 784x0
