layer at (0,0) size 800x600
  RenderView at (0,0) size 800x600
layer at (0,0) size 800x125
  RenderBlock {HTML} at (0,0) size 800x125
    RenderBody {BODY} at (8,16) size 784x101
      RenderBlock {P} at (0,0) size 784x21
        RenderText {#text} at (0,0) size 577x21
          text run at (0,0) width 577: "Test passes if there are two pairs of black and blue 'Filler Text' instances on page."
      RenderBlock {DIV} at (0,37) size 784x32
        RenderText {#text} at (673,0) size 111x32
          text run at (673,0) width 111: "Filler Text"
      RenderBlock {DIV} at (0,69) size 784x32
        RenderText {#text} at (673,0) size 111x32
          text run at (673,0) width 111: "Filler Text"
