layer at (0,0) size 800x600
  RenderView at (0,0) size 800x600
layer at (0,0) size 800x53
  RenderBlock {HTML} at (0,0) size 800x53
    RenderBody {BODY} at (8,16) size 784x21
      RenderBlock {P} at (0,0) size 784x21
        RenderText {#text} at (0,0) size 345x21
          text run at (0,0) width 345: "Test passes if there is no red visible on the page."
layer at (96,192) size 96x16
  RenderBlock (positioned) {DIV} at (96,192) size 96x16 [bgcolor=#FF0000]
layer at (0,96) size 96x17
  RenderBlock (positioned) {DIV} at (0,96) size 96x17
    RenderText {#text} at (0,0) size 96x17
      text run at (0,0) width 96: "Filler"
