layer at (0,0) size 800x600
  RenderView at (0,0) size 800x600
layer at (0,0) size 800x138
  RenderBlock {HTML} at (0,0) size 800x138
    RenderBody {BODY} at (8,16) size 784x97
      RenderBlock {P} at (0,0) size 784x21
        RenderText {#text} at (0,0) size 778x21
          text run at (0,0) width 778: "Test passes if there are three black and three blue instances of 'Filler Text' such that all text has a line above it."
      RenderBlock {DIV} at (25,46) size 734x51
        RenderText {#text} at (0,0) size 544x51
          text run at (0,0) width 544: "Filler Text Filler Text Filler Text"
      RenderBlock {DIV} at (0,122) size 784x0
