layer at (0,0) size 800x600
  RenderView at (0,0) size 800x600
layer at (0,0) size 800x289
  RenderBlock {HTML} at (0,0) size 800x289
    RenderBody {BODY} at (8,16) size 784x265
      RenderBlock {P} at (0,0) size 784x21
        RenderText {#text} at (0,0) size 345x21
          text run at (0,0) width 345: "Test passes if there is no red visible on the page."
      RenderBlock {DIV} at (0,37) size 784x228
        RenderBlock (anonymous) at (0,0) size 784x76
          RenderText {#text} at (0,0) size 246x76
            text run at (0,0) width 246: "FillerText"
        RenderBlock {DIV} at (0,76) size 784x76
          RenderText {#text} at (0,0) size 246x76
            text run at (0,0) width 246: "FillerText"
        RenderBlock (anonymous) at (0,152) size 784x76
          RenderText {#text} at (0,0) size 246x76
            text run at (0,0) width 246: "FillerText"
