layer at (0,0) size 800x600
  RenderView at (0,0) size 800x600
layer at (0,0) size 800x600
  RenderBlock {HTML} at (0,0) size 800x600
    RenderBody {BODY} at (8,8) size 784x584
      RenderMenuList {SELECT} at (2,2) size 64x28 [bgcolor=#FFFFFF] [border: (1px solid #000000)]
        RenderBlock (anonymous) at (1,1) size 62x26
          RenderText at (4,4) size 37x17
            text run at (4,4) width 37: "Hello"
      RenderText {#text} at (68,7) size 4x17
        text run at (68,7) width 4: " "
      RenderMenuList {SELECT} at (74,2) size 92x28 [bgcolor=#FFFFFF] [border: (1px solid #000000)]
        RenderBlock (anonymous) at (1,1) size 90x26
          RenderText at (4,4) size 65x17
            text run at (4,4) width 65: "Goodbye"
      RenderText {#text} at (0,0) size 0x0
