layer at (0,0) size 800x600
  RenderView at (0,0) size 800x600
layer at (0,0) size 800x600
  RenderBlock {HTML} at (0,0) size 800x600
    RenderBody {BODY} at (8,8) size 784x584
      RenderFieldSet {FIELDSET} at (2,0) size 116x71 [border: (2px groove #C0C0C0)]
        RenderBlock {LEGEND} at (14,0) size 88x18
          RenderText {#text} at (2,0) size 84x17
            text run at (2,0) width 84: "Number One"
        RenderBlock (anonymous) at (14,23) size 88x36
          RenderText {#text} at (0,0) size 81x17
            text run at (0,0) width 81: "Hello world."
          RenderBR {BR} at (80,14) size 1x0
          RenderText {#text} at (0,18) size 81x17
            text run at (0,18) width 81: "Hello world."
      RenderText {#text} at (120,41) size 4x17
        text run at (120,41) width 4: " "
      RenderFieldSet {FIELDSET} at (126,18) size 118x53 [border: (2px groove #C0C0C0)]
        RenderBlock {LEGEND} at (14,0) size 90x18
          RenderText {#text} at (2,0) size 86x17
            text run at (2,0) width 86: "Number Two"
        RenderBlock (anonymous) at (14,23) size 90x18
          RenderText {#text} at (0,0) size 81x17
            text run at (0,0) width 81: "Hello world."
      RenderText {#text} at (0,0) size 0x0
