layer at (0,0) size 784x2032
  RenderView at (0,0) size 784x600
layer at (0,0) size 784x2032
  RenderBlock {HTML} at (0,0) size 784x2032
    RenderBody {BODY} at (0,0) size 784x2032
      RenderPartObject {IFRAME} at (0,0) size 784x1037
        layer at (0,0) size 784x1037
          RenderView at (0,0) size 784x1037
        layer at (0,0) size 784x1037
          RenderBlock {HTML} at (0,0) size 784x1037
            RenderBody {BODY} at (0,5) size 784x1032
              RenderBlock {DIV} at (0,0) size 784x18
                RenderText {#text} at (0,0) size 196x17
                  text run at (0,0) width 196: "CompatMode: CSS1Compat"
              RenderBlock (anonymous) at (0,23) size 784x1009
                RenderBlock {DIV} at (0,31) size 208x67 [border: (1px solid #0000FF)]
                  RenderBlock {SPAN} at (1,12) size 80x0
                  RenderBR {BR} at (81,1) size 0x14
                RenderBlock {DIV} at (208,31) size 208x67 [border: (1px solid #0000FF)]
                  RenderBlock {SPAN} at (1,1) size 80x15
                    RenderText {#text} at (0,0) size 78x14
                      text run at (0,0) width 78: "disabled: \"true\","
                  RenderBR {BR} at (81,1) size 0x14
                RenderBlock {DIV} at (416,0) size 224x98 [border: (1px solid #0000FF)]
                  RenderBlock {SPAN} at (1,1) size 80x30
                    RenderText {#text} at (0,0) size 79x29
                      text run at (0,0) width 26: "style:"
                      text run at (0,15) width 79: "\"padding:10px\","
                  RenderBR {BR} at (81,16) size 0x14
                RenderBlock {DIV} at (0,118) size 204x78 [border: (1px solid #0000FF)]
                  RenderBlock {SPAN} at (1,1) size 80x30
                    RenderText {#text} at (0,0) size 73x29
                      text run at (0,0) width 26: "style:"
                      text run at (0,15) width 73: "\"padding:0px\","
                  RenderBR {BR} at (81,16) size 0x14
                RenderBlock {DIV} at (204,98) size 224x98 [border: (1px solid #0000FF)]
                  RenderBlock {SPAN} at (1,1) size 80x30
                    RenderText {#text} at (0,0) size 75x29
                      text run at (0,0) width 26: "style:"
                      text run at (0,15) width 75: "\"margin:10px\","
                  RenderBR {BR} at (81,16) size 0x14
                RenderBlock {DIV} at (428,118) size 204x78 [border: (1px solid #0000FF)]
                  RenderBlock {SPAN} at (1,1) size 80x30
                    RenderText {#text} at (0,0) size 69x29
                      text run at (0,0) width 26: "style:"
                      text run at (0,15) width 69: "\"margin:0px\","
                  RenderBR {BR} at (81,16) size 0x14
                RenderBlock {DIV} at (632,114) size 82x82 [border: (1px solid #0000FF)]
                  RenderBlock {SPAN} at (1,1) size 80x30
                    RenderText {#text} at (0,0) size 68x29
                      text run at (0,0) width 26: "style:"
                      text run at (0,15) width 68: "\"width:60px\","
                  RenderBR {BR} at (81,16) size 0x14
                RenderBlock {DIV} at (0,196) size 104x133 [border: (1px solid #0000FF)]
                  RenderBlock {SPAN} at (1,1) size 80x45
                    RenderText {#text} at (0,0) size 74x44
                      text run at (0,0) width 26: "style:"
                      text run at (0,15) width 63: "\"width:60px;"
                      text run at (0,30) width 74: "padding:20px\","
                  RenderBR {BR} at (81,31) size 0x14
                RenderBlock {DIV} at (104,236) size 82x93 [border: (1px solid #0000FF)]
                  RenderBlock {SPAN} at (1,1) size 80x45
                    RenderText {#text} at (0,0) size 63x44
                      text run at (0,0) width 26: "style:"
                      text run at (0,15) width 63: "\"width:60px;"
                      text run at (0,30) width 56: "padding:0\","
                  RenderBR {BR} at (81,31) size 0x14
                RenderBlock {DIV} at (186,227) size 208x102 [border: (1px solid #0000FF)]
                  RenderBlock {SPAN} at (1,1) size 80x30
                    RenderText {#text} at (0,0) size 71x29
                      text run at (0,0) width 26: "style:"
                      text run at (0,15) width 71: "\"height:60px\","
                  RenderBR {BR} at (81,16) size 0x14
                RenderBlock {DIV} at (394,212) size 82x117 [border: (1px solid #0000FF)]
                  RenderBlock {SPAN} at (1,1) size 80x45
                    RenderText {#text} at (0,0) size 66x44
                      text run at (0,0) width 26: "style:"
                      text run at (0,15) width 63: "\"width:60px;"
                      text run at (0,30) width 66: "height:60px\","
                  RenderBR {BR} at (81,31) size 0x14
                RenderBlock {DIV} at (476,247) size 208x82 [border: (1px solid #0000FF)]
                  RenderBlock {SPAN} at (1,1) size 80x30
                    RenderText {#text} at (0,0) size 93x29
                      text run at (0,0) width 26: "style:"
                      text run at (0,15) width 93: "\"overflow:hidden\","
                  RenderBR {BR} at (81,16) size 0x14
                RenderBlock {DIV} at (0,363) size 208x98 [border: (1px solid #0000FF)]
                  RenderBlock {SPAN} at (1,1) size 80x30
                    RenderText {#text} at (0,0) size 87x29
                      text run at (0,0) width 26: "style:"
                      text run at (0,15) width 87: "\"overflow:scroll\","
                  RenderBR {BR} at (81,16) size 0x14
                RenderBlock {DIV} at (208,329) size 82x132 [border: (1px solid #0000FF)]
                  RenderBlock {SPAN} at (1,1) size 80x60
                    RenderText {#text} at (0,0) size 88x59
                      text run at (0,0) width 26: "style:"
                      text run at (0,15) width 88: "\"overflow:hidden;"
                      text run at (0,30) width 59: "width:60px;"
                      text run at (0,45) width 66: "height:60px\","
                  RenderBR {BR} at (81,46) size 0x14
                RenderBlock {DIV} at (290,329) size 82x132 [border: (1px solid #0000FF)]
                  RenderBlock {SPAN} at (1,1) size 80x60
                    RenderText {#text} at (0,0) size 82x59
                      text run at (0,0) width 26: "style:"
                      text run at (0,15) width 82: "\"overflow:scroll;"
                      text run at (0,30) width 59: "width:60px;"
                      text run at (0,45) width 66: "height:60px\","
                  RenderBR {BR} at (81,46) size 0x14
                RenderBlock {DIV} at (372,344) size 82x117 [border: (1px solid #0000FF)]
                  RenderBlock {SPAN} at (1,1) size 80x45
                    RenderText {#text} at (0,0) size 74x44
                      text run at (0,0) width 74: "cols: \"5\", style:"
                      text run at (0,15) width 63: "\"width:60px;"
                      text run at (0,30) width 66: "height:60px\","
                  RenderBR {BR} at (81,31) size 0x14
                RenderBlock {DIV} at (454,344) size 82x117 [border: (1px solid #0000FF)]
                  RenderBlock {SPAN} at (1,1) size 80x45
                    RenderText {#text} at (0,0) size 78x44
                      text run at (0,0) width 78: "rows: \"4\", style:"
                      text run at (0,15) width 63: "\"width:60px;"
                      text run at (0,30) width 66: "height:60px\","
                  RenderBR {BR} at (81,31) size 0x14
                RenderBlock {DIV} at (536,329) size 82x132 [border: (1px solid #0000FF)]
                  RenderBlock {SPAN} at (1,1) size 80x60
                    RenderText {#text} at (0,0) size 75x59
                      text run at (0,0) width 75: "cols: \"5\", rows:"
                      text run at (0,15) width 48: "\"4\", style:"
                      text run at (0,30) width 63: "\"width:60px;"
                      text run at (0,45) width 66: "height:60px\","
                  RenderBR {BR} at (81,46) size 0x14
                RenderBlock {DIV} at (618,394) size 82x67 [border: (1px solid #0000FF)]
                  RenderBlock {SPAN} at (1,1) size 80x15
                    RenderText {#text} at (0,0) size 45x14
                      text run at (0,0) width 45: "cols: \"3\","
                  RenderBR {BR} at (81,1) size 0x14
                RenderBlock {DIV} at (0,533) size 208x85 [border: (1px solid #0000FF)]
                  RenderBlock {SPAN} at (1,1) size 80x15
                    RenderText {#text} at (0,0) size 49x14
                      text run at (0,0) width 49: "rows: \"3\","
                  RenderBR {BR} at (81,1) size 0x14
                RenderBlock {DIV} at (208,551) size 91x67 [border: (1px solid #0000FF)]
                  RenderBlock {SPAN} at (1,1) size 80x15
                    RenderText {#text} at (0,0) size 45x14
                      text run at (0,0) width 45: "cols: \"7\","
                  RenderBR {BR} at (81,1) size 0x14
                RenderBlock {DIV} at (299,461) size 208x157 [border: (1px solid #0000FF)]
                  RenderBlock {SPAN} at (1,1) size 80x15
                    RenderText {#text} at (0,0) size 49x14
                      text run at (0,0) width 49: "rows: \"7\","
                  RenderBR {BR} at (81,1) size 0x14
                RenderBlock {DIV} at (507,500) size 82x118 [border: (1px solid #0000FF)]
                  RenderBlock {SPAN} at (1,1) size 80x30
                    RenderText {#text} at (0,0) size 75x29
                      text run at (0,0) width 75: "cols: \"5\", rows:"
                      text run at (0,15) width 19: "\"4\","
                  RenderBR {BR} at (81,16) size 0x14
                RenderBlock {DIV} at (0,618) size 208x83 [border: (1px solid #0000FF)]
                  RenderBlock {SPAN} at (1,1) size 80x15
                    RenderText {#text} at (0,0) size 58x14
                      text run at (0,0) width 58: "wrap: \"off\","
                  RenderBR {BR} at (81,1) size 0x14
                RenderBlock {DIV} at (208,634) size 208x67 [border: (1px solid #0000FF)]
                  RenderBlock {SPAN} at (1,1) size 80x15
                    RenderText {#text} at (0,0) size 65x14
                      text run at (0,0) width 65: "wrap: \"hard\","
                  RenderBR {BR} at (81,1) size 0x14
                RenderBlock {DIV} at (416,634) size 208x67 [border: (1px solid #0000FF)]
                  RenderBlock {SPAN} at (1,1) size 80x15
                    RenderText {#text} at (0,0) size 62x14
                      text run at (0,0) width 62: "wrap: \"soft\","
                  RenderBR {BR} at (81,1) size 0x14
                RenderBlock {DIV} at (0,701) size 208x82 [border: (1px solid #0000FF)]
                  RenderBlock {SPAN} at (1,1) size 80x30
                    RenderText {#text} at (0,0) size 72x29
                      text run at (0,0) width 65: "style: \"white-"
                      text run at (0,15) width 72: "space:normal\","
                  RenderBR {BR} at (81,16) size 0x14
                RenderBlock {DIV} at (208,701) size 208x82 [border: (1px solid #0000FF)]
                  RenderBlock {SPAN} at (1,1) size 80x30
                    RenderText {#text} at (0,0) size 65x29
                      text run at (0,0) width 65: "style: \"white-"
                      text run at (0,15) width 54: "space:pre\","
                  RenderBR {BR} at (81,16) size 0x14
                RenderBlock {DIV} at (416,701) size 208x82 [border: (1px solid #0000FF)]
                  RenderBlock {SPAN} at (1,1) size 80x30
                    RenderText {#text} at (0,0) size 78x29
                      text run at (0,0) width 65: "style: \"white-"
                      text run at (0,15) width 78: "space:prewrap\","
                  RenderBR {BR} at (81,16) size 0x14
                RenderBlock {DIV} at (0,799) size 208x82 [border: (1px solid #0000FF)]
                  RenderBlock {SPAN} at (1,1) size 80x30
                    RenderText {#text} at (0,0) size 74x29
                      text run at (0,0) width 65: "style: \"white-"
                      text run at (0,15) width 74: "space:nowrap\","
                  RenderBR {BR} at (81,16) size 0x14
                RenderBlock {DIV} at (208,799) size 208x82 [border: (1px solid #0000FF)]
                  RenderBlock {SPAN} at (1,1) size 80x30
                    RenderText {#text} at (0,0) size 76x29
                      text run at (0,0) width 65: "style: \"white-"
                      text run at (0,15) width 76: "space:pre-line\","
                  RenderBR {BR} at (81,16) size 0x14
                RenderBlock {DIV} at (416,783) size 208x98 [border: (1px solid #0000FF)]
                  RenderBlock {SPAN} at (1,1) size 80x30
                    RenderText {#text} at (0,0) size 70x29
                      text run at (0,0) width 63: "style: \"word-"
                      text run at (0,15) width 70: "wrap:normal\","
                  RenderBR {BR} at (81,16) size 0x14
                RenderBlock {DIV} at (0,881) size 208x128 [border: (1px solid #0000FF)]
                  RenderBlock {SPAN} at (1,1) size 80x60
                    RenderText {#text} at (0,0) size 65x59
                      text run at (0,0) width 58: "wrap: \"off\","
                      text run at (0,15) width 65: "style: \"white-"
                      text run at (0,30) width 50: "space:pre-"
                      text run at (0,45) width 32: "wrap\","
                  RenderBR {BR} at (81,46) size 0x14
        layer at (3,77) size 202x42 clip at (4,78) size 200x40
          RenderTextControl {TEXTAREA} at (3,18) size 202x42 [bgcolor=#FFFFFF] [border: (1px solid #000000)]
            RenderBlock {DIV} at (3,3) size 196x18
              RenderText {#text} at (0,0) size 133x17
                text run at (0,0) width 133: "Lorem ipsum dolor"
        layer at (211,77) size 202x42 clip at (212,78) size 184x40 scrollHeight 76
          RenderTextControl {TEXTAREA} at (3,18) size 202x42 [bgcolor=#FFFFFF] [border: (1px solid #000000)]
            RenderBlock {DIV} at (3,3) size 180x72 [color=#545454]
              RenderText {#text} at (0,0) size 169x71
                text run at (0,0) width 137: "Lorem ipsum  dolor"
                text run at (136,0) width 6: " "
                text run at (0,18) width 169: "ABCDEFGHIJKLMNOP"
                text run at (0,36) width 113: "QRSTUVWXYZ"
                text run at (112,36) width 6: " "
                text run at (0,54) width 169: "abcdefghijklmnopqrstuv"
        layer at (419,61) size 218x58 clip at (420,62) size 200x56 scrollHeight 92
          RenderTextControl {TEXTAREA} at (3,33) size 218x58 [bgcolor=#FFFFFF] [border: (1px solid #000000)]
            RenderBlock {DIV} at (11,11) size 180x72
              RenderText {#text} at (0,0) size 169x71
                text run at (0,0) width 137: "Lorem ipsum  dolor"
                text run at (136,0) width 6: " "
                text run at (0,18) width 169: "ABCDEFGHIJKLMNOP"
                text run at (0,36) width 113: "QRSTUVWXYZ"
                text run at (112,36) width 6: " "
                text run at (0,54) width 169: "abcdefghijklmnopqrstuv"
        layer at (3,179) size 198x38 clip at (4,180) size 180x36 scrollHeight 72
          RenderTextControl {TEXTAREA} at (3,33) size 198x38 [bgcolor=#FFFFFF] [border: (1px solid #000000)]
            RenderBlock {DIV} at (1,1) size 180x72
              RenderText {#text} at (0,0) size 169x71
                text run at (0,0) width 137: "Lorem ipsum  dolor"
                text run at (136,0) width 6: " "
                text run at (0,18) width 169: "ABCDEFGHIJKLMNOP"
                text run at (0,36) width 113: "QRSTUVWXYZ"
                text run at (112,36) width 6: " "
                text run at (0,54) width 169: "abcdefghijklmnopqrstuv"
        layer at (215,167) size 202x42 clip at (216,168) size 184x40 scrollHeight 76
          RenderTextControl {TEXTAREA} at (11,41) size 202x42 [bgcolor=#FFFFFF] [border: (1px solid #000000)]
            RenderBlock {DIV} at (3,3) size 180x72
              RenderText {#text} at (0,0) size 169x71
                text run at (0,0) width 137: "Lorem ipsum  dolor"
                text run at (136,0) width 6: " "
                text run at (0,18) width 169: "ABCDEFGHIJKLMNOP"
                text run at (0,36) width 113: "QRSTUVWXYZ"
                text run at (112,36) width 6: " "
                text run at (0,54) width 169: "abcdefghijklmnopqrstuv"
        layer at (429,177) size 202x42 clip at (430,178) size 184x40 scrollHeight 76
          RenderTextControl {TEXTAREA} at (1,31) size 202x42 [bgcolor=#FFFFFF] [border: (1px solid #000000)]
            RenderBlock {DIV} at (3,3) size 180x72
              RenderText {#text} at (0,0) size 169x71
                text run at (0,0) width 137: "Lorem ipsum  dolor"
                text run at (136,0) width 6: " "
                text run at (0,18) width 169: "ABCDEFGHIJKLMNOP"
                text run at (0,36) width 113: "QRSTUVWXYZ"
                text run at (112,36) width 6: " "
                text run at (0,54) width 169: "abcdefghijklmnopqrstuv"
        layer at (633,175) size 66x42 clip at (634,176) size 48x40 scrollHeight 328
          RenderTextControl {TEXTAREA} at (1,33) size 66x42 [bgcolor=#FFFFFF] [border: (1px solid #000000)]
            RenderBlock {DIV} at (3,3) size 44x324
              RenderText {#text} at (0,0) size 44x323
                text run at (0,0) width 33: "Lore"
                text run at (0,18) width 14: "m"
                text run at (13,18) width 5: " "
                text run at (0,36) width 43: "ipsum"
                text run at (0,54) width 9: "  "
                text run at (0,72) width 36: "dolor"
                text run at (35,72) width 6: " "
                text run at (0,90) width 33: "ABC"
                text run at (0,108) width 32: "DEF"
                text run at (0,126) width 37: "GHIJ"
                text run at (0,144) width 33: "KLM"
                text run at (0,162) width 35: "NOP"
                text run at (0,180) width 35: "QRS"
                text run at (0,198) width 32: "TUV"
                text run at (0,216) width 37: "WXY"
                text run at (0,234) width 10: "Z"
                text run at (9,234) width 6: " "
                text run at (0,252) width 44: "abcde"
                text run at (0,270) width 41: "fghijkl"
                text run at (0,288) width 41: "mnop"
                text run at (0,306) width 44: "qrstuv"
        layer at (1,272) size 102x78 clip at (2,273) size 84x76 scrollHeight 364
          RenderTextControl {TEXTAREA} at (1,48) size 102x78 [bgcolor=#FFFFFF] [border: (1px solid #000000)]
            RenderBlock {DIV} at (21,21) size 44x324
              RenderText {#text} at (0,0) size 44x323
                text run at (0,0) width 33: "Lore"
                text run at (0,18) width 14: "m"
                text run at (13,18) width 5: " "
                text run at (0,36) width 43: "ipsum"
                text run at (0,54) width 9: "  "
                text run at (0,72) width 36: "dolor"
                text run at (35,72) width 6: " "
                text run at (0,90) width 33: "ABC"
                text run at (0,108) width 32: "DEF"
                text run at (0,126) width 37: "GHIJ"
                text run at (0,144) width 33: "KLM"
                text run at (0,162) width 35: "NOP"
                text run at (0,180) width 35: "QRS"
                text run at (0,198) width 32: "TUV"
                text run at (0,216) width 37: "WXY"
                text run at (0,234) width 10: "Z"
                text run at (9,234) width 6: " "
                text run at (0,252) width 44: "abcde"
                text run at (0,270) width 41: "fghijkl"
                text run at (0,288) width 41: "mnop"
                text run at (0,306) width 44: "qrstuv"
        layer at (105,312) size 62x38 clip at (106,313) size 44x36 scrollHeight 324
          RenderTextControl {TEXTAREA} at (1,48) size 62x38 [bgcolor=#FFFFFF] [border: (1px solid #000000)]
            RenderBlock {DIV} at (1,1) size 44x324
              RenderText {#text} at (0,0) size 44x323
                text run at (0,0) width 33: "Lore"
                text run at (0,18) width 14: "m"
                text run at (13,18) width 5: " "
                text run at (0,36) width 43: "ipsum"
                text run at (0,54) width 9: "  "
                text run at (0,72) width 36: "dolor"
                text run at (35,72) width 6: " "
                text run at (0,90) width 33: "ABC"
                text run at (0,108) width 32: "DEF"
                text run at (0,126) width 37: "GHIJ"
                text run at (0,144) width 33: "KLM"
                text run at (0,162) width 35: "NOP"
                text run at (0,180) width 35: "QRS"
                text run at (0,198) width 32: "TUV"
                text run at (0,216) width 37: "WXY"
                text run at (0,234) width 10: "Z"
                text run at (9,234) width 6: " "
                text run at (0,252) width 44: "abcde"
                text run at (0,270) width 41: "fghijkl"
                text run at (0,288) width 41: "mnop"
                text run at (0,306) width 44: "qrstuv"
        layer at (189,286) size 202x66 clip at (190,287) size 184x64 scrollHeight 76
          RenderTextControl {TEXTAREA} at (3,31) size 202x66 [bgcolor=#FFFFFF] [border: (1px solid #000000)]
            RenderBlock {DIV} at (3,3) size 180x72
              RenderText {#text} at (0,0) size 169x71
                text run at (0,0) width 137: "Lorem ipsum  dolor"
                text run at (136,0) width 6: " "
                text run at (0,18) width 169: "ABCDEFGHIJKLMNOP"
                text run at (0,36) width 113: "QRSTUVWXYZ"
                text run at (112,36) width 6: " "
                text run at (0,54) width 169: "abcdefghijklmnopqrstuv"
        layer at (395,286) size 66x66 clip at (396,287) size 48x64 scrollHeight 328
          RenderTextControl {TEXTAREA} at (1,46) size 66x66 [bgcolor=#FFFFFF] [border: (1px solid #000000)]
            RenderBlock {DIV} at (3,3) size 44x324
              RenderText {#text} at (0,0) size 44x323
                text run at (0,0) width 33: "Lore"
                text run at (0,18) width 14: "m"
                text run at (13,18) width 5: " "
                text run at (0,36) width 43: "ipsum"
                text run at (0,54) width 9: "  "
                text run at (0,72) width 36: "dolor"
                text run at (35,72) width 6: " "
                text run at (0,90) width 33: "ABC"
                text run at (0,108) width 32: "DEF"
                text run at (0,126) width 37: "GHIJ"
                text run at (0,144) width 33: "KLM"
                text run at (0,162) width 35: "NOP"
                text run at (0,180) width 35: "QRS"
                text run at (0,198) width 32: "TUV"
                text run at (0,216) width 37: "WXY"
                text run at (0,234) width 10: "Z"
                text run at (9,234) width 6: " "
                text run at (0,252) width 44: "abcde"
                text run at (0,270) width 41: "fghijkl"
                text run at (0,288) width 41: "mnop"
                text run at (0,306) width 44: "qrstuv"
        layer at (479,308) size 202x42 clip at (480,309) size 200x40 scrollHeight 76
          RenderTextControl {TEXTAREA} at (3,33) size 202x42 [bgcolor=#FFFFFF] [border: (1px solid #000000)]
            RenderBlock {DIV} at (3,3) size 196x72
              RenderText {#text} at (0,0) size 193x71
                text run at (0,0) width 137: "Lorem ipsum  dolor"
                text run at (136,0) width 6: " "
                text run at (0,18) width 193: "ABCDEFGHIJKLMNOPQR"
                text run at (0,36) width 89: "STUVWXYZ"
                text run at (88,36) width 6: " "
                text run at (0,54) width 169: "abcdefghijklmnopqrstuv"
        layer at (3,424) size 202x58 clip at (4,425) size 184x40 scrollHeight 76
          RenderTextControl {TEXTAREA} at (3,33) size 202x58 [bgcolor=#FFFFFF] [border: (1px solid #000000)]
            RenderBlock {DIV} at (3,3) size 180x72
              RenderText {#text} at (0,0) size 169x71
                text run at (0,0) width 137: "Lorem ipsum  dolor"
                text run at (136,0) width 6: " "
                text run at (0,18) width 169: "ABCDEFGHIJKLMNOP"
                text run at (0,36) width 113: "QRSTUVWXYZ"
                text run at (112,36) width 6: " "
                text run at (0,54) width 169: "abcdefghijklmnopqrstuv"
        layer at (209,418) size 66x66 clip at (210,419) size 64x64 scrollHeight 202
          RenderTextControl {TEXTAREA} at (1,61) size 66x66 [bgcolor=#FFFFFF] [border: (1px solid #000000)]
            RenderBlock {DIV} at (3,3) size 60x198
              RenderText {#text} at (0,0) size 60x197
                text run at (0,0) width 46: "Lorem"
                text run at (45,0) width 5: " "
                text run at (0,18) width 43: "ipsum"
                text run at (42,18) width 10: "  "
                text run at (0,36) width 36: "dolor"
                text run at (35,36) width 6: " "
                text run at (0,54) width 56: "ABCDE"
                text run at (0,72) width 57: "FGHIJK"
                text run at (0,90) width 57: "LMNOP"
                text run at (0,108) width 56: "QRSTU"
                text run at (0,126) width 57: "VWXYZ"
                text run at (56,126) width 4: " "
                text run at (0,144) width 57: "abcdefg"
                text run at (0,162) width 59: "hijklmno"
                text run at (0,180) width 53: "pqrstuv"
        layer at (291,418) size 66x66 clip at (292,419) size 48x48 scrollHeight 328
          RenderTextControl {TEXTAREA} at (1,61) size 66x66 [bgcolor=#FFFFFF] [border: (1px solid #000000)]
            RenderBlock {DIV} at (3,3) size 44x324
              RenderText {#text} at (0,0) size 44x323
                text run at (0,0) width 33: "Lore"
                text run at (0,18) width 14: "m"
                text run at (13,18) width 5: " "
                text run at (0,36) width 43: "ipsum"
                text run at (0,54) width 9: "  "
                text run at (0,72) width 36: "dolor"
                text run at (35,72) width 6: " "
                text run at (0,90) width 33: "ABC"
                text run at (0,108) width 32: "DEF"
                text run at (0,126) width 37: "GHIJ"
                text run at (0,144) width 33: "KLM"
                text run at (0,162) width 35: "NOP"
                text run at (0,180) width 35: "QRS"
                text run at (0,198) width 32: "TUV"
                text run at (0,216) width 37: "WXY"
                text run at (0,234) width 10: "Z"
                text run at (9,234) width 6: " "
                text run at (0,252) width 44: "abcde"
                text run at (0,270) width 41: "fghijkl"
                text run at (0,288) width 41: "mnop"
                text run at (0,306) width 44: "qrstuv"
        layer at (373,418) size 66x66 clip at (374,419) size 48x64 scrollHeight 328
          RenderTextControl {TEXTAREA} at (1,46) size 66x66 [bgcolor=#FFFFFF] [border: (1px solid #000000)]
            RenderBlock {DIV} at (3,3) size 44x324
              RenderText {#text} at (0,0) size 44x323
                text run at (0,0) width 33: "Lore"
                text run at (0,18) width 14: "m"
                text run at (13,18) width 5: " "
                text run at (0,36) width 43: "ipsum"
                text run at (0,54) width 9: "  "
                text run at (0,72) width 36: "dolor"
                text run at (35,72) width 6: " "
                text run at (0,90) width 33: "ABC"
                text run at (0,108) width 32: "DEF"
                text run at (0,126) width 37: "GHIJ"
                text run at (0,144) width 33: "KLM"
                text run at (0,162) width 35: "NOP"
                text run at (0,180) width 35: "QRS"
                text run at (0,198) width 32: "TUV"
                text run at (0,216) width 37: "WXY"
                text run at (0,234) width 10: "Z"
                text run at (9,234) width 6: " "
                text run at (0,252) width 44: "abcde"
                text run at (0,270) width 41: "fghijkl"
                text run at (0,288) width 41: "mnop"
                text run at (0,306) width 44: "qrstuv"
        layer at (455,418) size 66x66 clip at (456,419) size 48x64 scrollHeight 328
          RenderTextControl {TEXTAREA} at (1,46) size 66x66 [bgcolor=#FFFFFF] [border: (1px solid #000000)]
            RenderBlock {DIV} at (3,3) size 44x324
              RenderText {#text} at (0,0) size 44x323
                text run at (0,0) width 33: "Lore"
                text run at (0,18) width 14: "m"
                text run at (13,18) width 5: " "
                text run at (0,36) width 43: "ipsum"
                text run at (0,54) width 9: "  "
                text run at (0,72) width 36: "dolor"
                text run at (35,72) width 6: " "
                text run at (0,90) width 33: "ABC"
                text run at (0,108) width 32: "DEF"
                text run at (0,126) width 37: "GHIJ"
                text run at (0,144) width 33: "KLM"
                text run at (0,162) width 35: "NOP"
                text run at (0,180) width 35: "QRS"
                text run at (0,198) width 32: "TUV"
                text run at (0,216) width 37: "WXY"
                text run at (0,234) width 10: "Z"
                text run at (9,234) width 6: " "
                text run at (0,252) width 44: "abcde"
                text run at (0,270) width 41: "fghijkl"
                text run at (0,288) width 41: "mnop"
                text run at (0,306) width 44: "qrstuv"
        layer at (537,418) size 66x66 clip at (538,419) size 48x64 scrollHeight 328
          RenderTextControl {TEXTAREA} at (1,61) size 66x66 [bgcolor=#FFFFFF] [border: (1px solid #000000)]
            RenderBlock {DIV} at (3,3) size 44x324
              RenderText {#text} at (0,0) size 44x323
                text run at (0,0) width 33: "Lore"
                text run at (0,18) width 14: "m"
                text run at (13,18) width 5: " "
                text run at (0,36) width 43: "ipsum"
                text run at (0,54) width 9: "  "
                text run at (0,72) width 36: "dolor"
                text run at (35,72) width 6: " "
                text run at (0,90) width 33: "ABC"
                text run at (0,108) width 32: "DEF"
                text run at (0,126) width 37: "GHIJ"
                text run at (0,144) width 33: "KLM"
                text run at (0,162) width 35: "NOP"
                text run at (0,180) width 35: "QRS"
                text run at (0,198) width 32: "TUV"
                text run at (0,216) width 37: "WXY"
                text run at (0,234) width 10: "Z"
                text run at (9,234) width 6: " "
                text run at (0,252) width 44: "abcde"
                text run at (0,270) width 41: "fghijkl"
                text run at (0,288) width 41: "mnop"
                text run at (0,306) width 44: "qrstuv"
        layer at (621,440) size 49x42 clip at (622,441) size 31x40 scrollHeight 472
          RenderTextControl {TEXTAREA} at (3,18) size 49x42 [bgcolor=#FFFFFF] [border: (1px solid #000000)]
            RenderBlock {DIV} at (3,3) size 27x468
              RenderText {#text} at (0,0) size 27x467
                text run at (0,0) width 24: "Lor"
                text run at (0,18) width 23: "em"
                text run at (22,18) width 5: " "
                text run at (0,36) width 21: "ips"
                text run at (0,54) width 23: "um"
                text run at (22,54) width 5: "  "
                text run at (0,72) width 22: "dol"
                text run at (0,90) width 15: "or"
                text run at (14,90) width 5: " "
                text run at (0,108) width 22: "AB"
                text run at (0,126) width 24: "CD"
                text run at (0,144) width 21: "EF"
                text run at (0,162) width 24: "GH"
                text run at (0,180) width 24: "IJK"
                text run at (0,198) width 23: "LM"
                text run at (0,216) width 24: "NO"
                text run at (0,234) width 24: "PQ"
                text run at (0,252) width 23: "RS"
                text run at (0,270) width 22: "TU"
                text run at (0,288) width 26: "VW"
                text run at (0,306) width 22: "XY"
                text run at (0,324) width 10: "Z"
                text run at (9,324) width 6: " "
                text run at (0,342) width 26: "abc"
                text run at (0,360) width 23: "def"
                text run at (0,378) width 25: "ghij"
                text run at (0,396) width 25: "klm"
                text run at (0,414) width 27: "nop"
                text run at (0,432) width 27: "qrst"
                text run at (0,450) width 17: "uv"
        layer at (3,579) size 202x60 clip at (4,580) size 184x58 scrollHeight 76
          RenderTextControl {TEXTAREA} at (3,18) size 202x60 [bgcolor=#FFFFFF] [border: (1px solid #000000)]
            RenderBlock {DIV} at (3,3) size 180x72
              RenderText {#text} at (0,0) size 169x71
                text run at (0,0) width 137: "Lorem ipsum  dolor"
                text run at (136,0) width 6: " "
                text run at (0,18) width 169: "ABCDEFGHIJKLMNOP"
                text run at (0,36) width 113: "QRSTUVWXYZ"
                text run at (112,36) width 6: " "
                text run at (0,54) width 169: "abcdefghijklmnopqrstuv"
        layer at (211,597) size 85x42 clip at (212,598) size 67x40 scrollHeight 202
          RenderTextControl {TEXTAREA} at (3,18) size 85x42 [bgcolor=#FFFFFF] [border: (1px solid #000000)]
            RenderBlock {DIV} at (3,3) size 63x198
              RenderText {#text} at (0,0) size 62x197
                text run at (0,0) width 46: "Lorem"
                text run at (45,0) width 5: " "
                text run at (0,18) width 43: "ipsum"
                text run at (42,18) width 10: "  "
                text run at (0,36) width 36: "dolor"
                text run at (35,36) width 6: " "
                text run at (0,54) width 56: "ABCDE"
                text run at (0,72) width 57: "FGHIJK"
                text run at (0,90) width 57: "LMNOP"
                text run at (0,108) width 56: "QRSTU"
                text run at (0,126) width 57: "VWXYZ"
                text run at (56,126) width 6: " "
                text run at (0,144) width 57: "abcdefg"
                text run at (0,162) width 59: "hijklmno"
                text run at (0,180) width 53: "pqrstuv"
        layer at (302,507) size 202x132 clip at (303,508) size 200x130
          RenderTextControl {TEXTAREA} at (3,18) size 202x132 [bgcolor=#FFFFFF] [border: (1px solid #000000)]
            RenderBlock {DIV} at (3,3) size 196x72
              RenderText {#text} at (0,0) size 193x71
                text run at (0,0) width 137: "Lorem ipsum  dolor"
                text run at (136,0) width 6: " "
                text run at (0,18) width 193: "ABCDEFGHIJKLMNOPQR"
                text run at (0,36) width 89: "STUVWXYZ"
                text run at (88,36) width 6: " "
                text run at (0,54) width 169: "abcdefghijklmnopqrstuv"
        layer at (510,561) size 67x78 clip at (511,562) size 49x76 scrollHeight 292
          RenderTextControl {TEXTAREA} at (3,33) size 67x78 [bgcolor=#FFFFFF] [border: (1px solid #000000)]
            RenderBlock {DIV} at (3,3) size 45x288
              RenderText {#text} at (0,0) size 45x287
                text run at (0,0) width 33: "Lore"
                text run at (0,18) width 14: "m"
                text run at (13,18) width 5: " "
                text run at (0,36) width 43: "ipsum"
                text run at (0,54) width 45: "  dolor"
                text run at (44,54) width 1: " "
                text run at (0,72) width 45: "ABCD"
                text run at (0,90) width 45: "EFGH"
                text run at (0,108) width 33: "IJKL"
                text run at (0,126) width 38: "MNO"
                text run at (0,144) width 35: "PQR"
                text run at (0,162) width 43: "STUV"
                text run at (0,180) width 37: "WXY"
                text run at (0,198) width 10: "Z"
                text run at (9,198) width 6: " "
                text run at (0,216) width 44: "abcde"
                text run at (0,234) width 41: "fghijkl"
                text run at (0,252) width 41: "mnop"
                text run at (0,270) width 44: "qrstuv"
        layer at (3,664) size 202x58 clip at (4,665) size 200x40 scrollWidth 598
          RenderTextControl {TEXTAREA} at (3,18) size 202x58 [bgcolor=#FFFFFF] [border: (1px solid #000000)]
            RenderBlock {DIV} at (3,3) size 196x18
              RenderText {#text} at (0,0) size 596x17
                text run at (0,0) width 596: "Lorem ipsum  dolor ABCDEFGHIJKLMNOPQRSTUVWXYZ abcdefghijklmnopqrstuv"
        layer at (211,680) size 202x42 clip at (212,681) size 184x40 scrollHeight 76
          RenderTextControl {TEXTAREA} at (3,18) size 202x42 [bgcolor=#FFFFFF] [border: (1px solid #000000)]
            RenderBlock {DIV} at (3,3) size 180x72
              RenderText {#text} at (0,0) size 169x71
                text run at (0,0) width 137: "Lorem ipsum  dolor"
                text run at (136,0) width 6: " "
                text run at (0,18) width 169: "ABCDEFGHIJKLMNOP"
                text run at (0,36) width 113: "QRSTUVWXYZ"
                text run at (112,36) width 6: " "
                text run at (0,54) width 169: "abcdefghijklmnopqrstuv"
        layer at (419,680) size 202x42 clip at (420,681) size 184x40 scrollHeight 76
          RenderTextControl {TEXTAREA} at (3,18) size 202x42 [bgcolor=#FFFFFF] [border: (1px solid #000000)]
            RenderBlock {DIV} at (3,3) size 180x72
              RenderText {#text} at (0,0) size 169x71
                text run at (0,0) width 137: "Lorem ipsum  dolor"
                text run at (136,0) width 6: " "
                text run at (0,18) width 169: "ABCDEFGHIJKLMNOP"
                text run at (0,36) width 113: "QRSTUVWXYZ"
                text run at (112,36) width 6: " "
                text run at (0,54) width 169: "abcdefghijklmnopqrstuv"
        layer at (3,762) size 202x42 clip at (4,763) size 184x40 scrollHeight 76
          RenderTextControl {TEXTAREA} at (3,33) size 202x42 [bgcolor=#FFFFFF] [border: (1px solid #000000)]
            RenderBlock {DIV} at (3,3) size 180x72
              RenderText {#text} at (0,0) size 169x71
                text run at (0,0) width 97: "Lorem ipsum "
                text run at (96,0) width 37: "dolor"
                text run at (0,18) width 169: "ABCDEFGHIJKLMNOP"
                text run at (0,36) width 113: "QRSTUVWXYZ"
                text run at (0,54) width 169: "abcdefghijklmnopqrstuv"
        layer at (211,762) size 202x42 clip at (212,763) size 184x40 scrollHeight 76
          RenderTextControl {TEXTAREA} at (3,33) size 202x42 [bgcolor=#FFFFFF] [border: (1px solid #000000)]
            RenderBlock {DIV} at (3,3) size 180x72
              RenderText {#text} at (0,0) size 175x71
                text run at (0,0) width 175: "Lorem ipsum  dolor ABC"
                text run at (0,18) width 171: "DEFGHIJKLMNOPQRS"
                text run at (0,36) width 168: "TUVWXYZ abcdefghijkl"
                text run at (0,54) width 84: "mnopqrstuv"
        layer at (419,762) size 202x42 clip at (420,763) size 184x40 scrollHeight 76
          RenderTextControl {TEXTAREA} at (3,33) size 202x42 [bgcolor=#FFFFFF] [border: (1px solid #000000)]
            RenderBlock {DIV} at (3,3) size 180x72
              RenderText {#text} at (0,0) size 169x71
                text run at (0,0) width 137: "Lorem ipsum  dolor"
                text run at (136,0) width 6: " "
                text run at (0,18) width 169: "ABCDEFGHIJKLMNOP"
                text run at (0,36) width 113: "QRSTUVWXYZ"
                text run at (112,36) width 6: " "
                text run at (0,54) width 169: "abcdefghijklmnopqrstuv"
        layer at (3,860) size 202x42 clip at (4,861) size 200x24 scrollWidth 594
          RenderTextControl {TEXTAREA} at (3,33) size 202x42 [bgcolor=#FFFFFF] [border: (1px solid #000000)]
            RenderBlock {DIV} at (3,3) size 196x18
              RenderText {#text} at (0,0) size 592x17
                text run at (0,0) width 97: "Lorem ipsum "
                text run at (96,0) width 496: "dolor ABCDEFGHIJKLMNOPQRSTUVWXYZ abcdefghijklmnopqrstuv"
        layer at (211,860) size 202x42 clip at (212,861) size 184x40 scrollHeight 76
          RenderTextControl {TEXTAREA} at (3,33) size 202x42 [bgcolor=#FFFFFF] [border: (1px solid #000000)]
            RenderBlock {DIV} at (3,3) size 180x72
              RenderText {#text} at (0,0) size 169x71
                text run at (0,0) width 97: "Lorem ipsum "
                text run at (96,0) width 37: "dolor"
                text run at (0,18) width 169: "ABCDEFGHIJKLMNOP"
                text run at (0,36) width 113: "QRSTUVWXYZ"
                text run at (0,54) width 169: "abcdefghijklmnopqrstuv"
        layer at (419,844) size 202x58 clip at (420,845) size 184x40 scrollWidth 284 scrollHeight 58
          RenderTextControl {TEXTAREA} at (3,33) size 202x58 [bgcolor=#FFFFFF] [border: (1px solid #000000)]
            RenderBlock {DIV} at (3,3) size 180x54
              RenderText {#text} at (0,0) size 282x53
                text run at (0,0) width 137: "Lorem ipsum  dolor"
                text run at (136,0) width 6: " "
                text run at (0,18) width 282: "ABCDEFGHIJKLMNOPQRSTUVWXYZ"
                text run at (0,36) width 173: " abcdefghijklmnopqrstuv"
        layer at (3,972) size 202x58 clip at (4,973) size 184x40 scrollWidth 284 scrollHeight 58
          RenderTextControl {TEXTAREA} at (3,63) size 202x58 [bgcolor=#FFFFFF] [border: (1px solid #000000)]
            RenderBlock {DIV} at (3,3) size 180x54
              RenderText {#text} at (0,0) size 282x53
                text run at (0,0) width 137: "Lorem ipsum  dolor"
                text run at (136,0) width 6: " "
                text run at (0,18) width 282: "ABCDEFGHIJKLMNOPQRSTUVWXYZ"
                text run at (0,36) width 173: " abcdefghijklmnopqrstuv"
      RenderPartObject {IFRAME} at (0,1037) size 784x995
        layer at (0,0) size 784x995
          RenderView at (0,0) size 784x995
        layer at (0,0) size 784x995
          RenderBlock {HTML} at (0,0) size 784x995
            RenderBody {BODY} at (0,5) size 784x990
              RenderBlock {DIV} at (0,0) size 784x18
                RenderText {#text} at (0,0) size 194x17
                  text run at (0,0) width 194: "CompatMode: BackCompat"
              RenderBlock (anonymous) at (0,23) size 784x967
                RenderBlock {DIV} at (0,46) size 208x48 [border: (1px solid #0000FF)]
                  RenderBlock {SPAN} at (1,1) size 80x0
                  RenderBR {BR} at (81,1) size 0x0
                RenderBlock {DIV} at (208,31) size 208x63 [border: (1px solid #0000FF)]
                  RenderBlock {SPAN} at (1,1) size 80x15
                    RenderText {#text} at (0,0) size 78x14
                      text run at (0,0) width 78: "disabled: \"true\","
                  RenderBR {BR} at (81,12) size 0x0
                RenderBlock {DIV} at (416,0) size 224x94 [border: (1px solid #0000FF)]
                  RenderBlock {SPAN} at (1,1) size 80x30
                    RenderText {#text} at (0,0) size 79x29
                      text run at (0,0) width 26: "style:"
                      text run at (0,15) width 79: "\"padding:10px\","
                  RenderBR {BR} at (81,27) size 0x0
                RenderBlock {DIV} at (0,114) size 204x74 [border: (1px solid #0000FF)]
                  RenderBlock {SPAN} at (1,1) size 80x30
                    RenderText {#text} at (0,0) size 73x29
                      text run at (0,0) width 26: "style:"
                      text run at (0,15) width 73: "\"padding:0px\","
                  RenderBR {BR} at (81,27) size 0x0
                RenderBlock {DIV} at (204,94) size 224x94 [border: (1px solid #0000FF)]
                  RenderBlock {SPAN} at (1,1) size 80x30
                    RenderText {#text} at (0,0) size 75x29
                      text run at (0,0) width 26: "style:"
                      text run at (0,15) width 75: "\"margin:10px\","
                  RenderBR {BR} at (81,27) size 0x0
                RenderBlock {DIV} at (428,114) size 204x74 [border: (1px solid #0000FF)]
                  RenderBlock {SPAN} at (1,1) size 80x30
                    RenderText {#text} at (0,0) size 69x29
                      text run at (0,0) width 26: "style:"
                      text run at (0,15) width 69: "\"margin:0px\","
                  RenderBR {BR} at (81,27) size 0x0
                RenderBlock {DIV} at (632,110) size 82x78 [border: (1px solid #0000FF)]
                  RenderBlock {SPAN} at (1,1) size 80x30
                    RenderText {#text} at (0,0) size 68x29
                      text run at (0,0) width 26: "style:"
                      text run at (0,15) width 68: "\"width:60px\","
                  RenderBR {BR} at (81,27) size 0x0
                RenderBlock {DIV} at (0,188) size 82x129 [border: (1px solid #0000FF)]
                  RenderBlock {SPAN} at (1,1) size 80x45
                    RenderText {#text} at (0,0) size 74x44
                      text run at (0,0) width 26: "style:"
                      text run at (0,15) width 63: "\"width:60px;"
                      text run at (0,30) width 74: "padding:20px\","
                  RenderBR {BR} at (81,42) size 0x0
                RenderBlock {DIV} at (82,228) size 82x89 [border: (1px solid #0000FF)]
                  RenderBlock {SPAN} at (1,1) size 80x45
                    RenderText {#text} at (0,0) size 63x44
                      text run at (0,0) width 26: "style:"
                      text run at (0,15) width 63: "\"width:60px;"
                      text run at (0,30) width 56: "padding:0\","
                  RenderBR {BR} at (81,42) size 0x0
                RenderBlock {DIV} at (164,225) size 208x92 [border: (1px solid #0000FF)]
                  RenderBlock {SPAN} at (1,1) size 80x30
                    RenderText {#text} at (0,0) size 71x29
                      text run at (0,0) width 26: "style:"
                      text run at (0,15) width 71: "\"height:60px\","
                  RenderBR {BR} at (81,27) size 0x0
                RenderBlock {DIV} at (372,210) size 82x107 [border: (1px solid #0000FF)]
                  RenderBlock {SPAN} at (1,1) size 80x45
                    RenderText {#text} at (0,0) size 66x44
                      text run at (0,0) width 26: "style:"
                      text run at (0,15) width 63: "\"width:60px;"
                      text run at (0,30) width 66: "height:60px\","
                  RenderBR {BR} at (81,42) size 0x0
                RenderBlock {DIV} at (454,239) size 208x78 [border: (1px solid #0000FF)]
                  RenderBlock {SPAN} at (1,1) size 80x30
                    RenderText {#text} at (0,0) size 93x29
                      text run at (0,0) width 26: "style:"
                      text run at (0,15) width 93: "\"overflow:hidden\","
                  RenderBR {BR} at (81,27) size 0x0
                RenderBlock {DIV} at (0,345) size 208x94 [border: (1px solid #0000FF)]
                  RenderBlock {SPAN} at (1,1) size 80x30
                    RenderText {#text} at (0,0) size 87x29
                      text run at (0,0) width 26: "style:"
                      text run at (0,15) width 87: "\"overflow:scroll\","
                  RenderBR {BR} at (81,27) size 0x0
                RenderBlock {DIV} at (208,317) size 82x122 [border: (1px solid #0000FF)]
                  RenderBlock {SPAN} at (1,1) size 80x60
                    RenderText {#text} at (0,0) size 88x59
                      text run at (0,0) width 26: "style:"
                      text run at (0,15) width 88: "\"overflow:hidden;"
                      text run at (0,30) width 59: "width:60px;"
                      text run at (0,45) width 66: "height:60px\","
                  RenderBR {BR} at (81,57) size 0x0
                RenderBlock {DIV} at (290,317) size 82x122 [border: (1px solid #0000FF)]
                  RenderBlock {SPAN} at (1,1) size 80x60
                    RenderText {#text} at (0,0) size 82x59
                      text run at (0,0) width 26: "style:"
                      text run at (0,15) width 82: "\"overflow:scroll;"
                      text run at (0,30) width 59: "width:60px;"
                      text run at (0,45) width 66: "height:60px\","
                  RenderBR {BR} at (81,57) size 0x0
                RenderBlock {DIV} at (372,332) size 82x107 [border: (1px solid #0000FF)]
                  RenderBlock {SPAN} at (1,1) size 80x45
                    RenderText {#text} at (0,0) size 74x44
                      text run at (0,0) width 74: "cols: \"5\", style:"
                      text run at (0,15) width 63: "\"width:60px;"
                      text run at (0,30) width 66: "height:60px\","
                  RenderBR {BR} at (81,42) size 0x0
                RenderBlock {DIV} at (454,332) size 82x107 [border: (1px solid #0000FF)]
                  RenderBlock {SPAN} at (1,1) size 80x45
                    RenderText {#text} at (0,0) size 78x44
                      text run at (0,0) width 78: "rows: \"4\", style:"
                      text run at (0,15) width 63: "\"width:60px;"
                      text run at (0,30) width 66: "height:60px\","
                  RenderBR {BR} at (81,42) size 0x0
                RenderBlock {DIV} at (536,317) size 82x122 [border: (1px solid #0000FF)]
                  RenderBlock {SPAN} at (1,1) size 80x60
                    RenderText {#text} at (0,0) size 75x59
                      text run at (0,0) width 75: "cols: \"5\", rows:"
                      text run at (0,15) width 48: "\"4\", style:"
                      text run at (0,30) width 63: "\"width:60px;"
                      text run at (0,45) width 66: "height:60px\","
                  RenderBR {BR} at (81,57) size 0x0
                RenderBlock {DIV} at (618,376) size 82x63 [border: (1px solid #0000FF)]
                  RenderBlock {SPAN} at (1,1) size 80x15
                    RenderText {#text} at (0,0) size 45x14
                      text run at (0,0) width 45: "cols: \"3\","
                  RenderBR {BR} at (81,12) size 0x0
                RenderBlock {DIV} at (0,511) size 208x81 [border: (1px solid #0000FF)]
                  RenderBlock {SPAN} at (1,1) size 80x15
                    RenderText {#text} at (0,0) size 49x14
                      text run at (0,0) width 49: "rows: \"3\","
                  RenderBR {BR} at (81,12) size 0x0
                RenderBlock {DIV} at (208,529) size 91x63 [border: (1px solid #0000FF)]
                  RenderBlock {SPAN} at (1,1) size 80x15
                    RenderText {#text} at (0,0) size 45x14
                      text run at (0,0) width 45: "cols: \"7\","
                  RenderBR {BR} at (81,12) size 0x0
                RenderBlock {DIV} at (299,439) size 208x153 [border: (1px solid #0000FF)]
                  RenderBlock {SPAN} at (1,1) size 80x15
                    RenderText {#text} at (0,0) size 49x14
                      text run at (0,0) width 49: "rows: \"7\","
                  RenderBR {BR} at (81,12) size 0x0
                RenderBlock {DIV} at (507,478) size 82x114 [border: (1px solid #0000FF)]
                  RenderBlock {SPAN} at (1,1) size 80x30
                    RenderText {#text} at (0,0) size 75x29
                      text run at (0,0) width 75: "cols: \"5\", rows:"
                      text run at (0,15) width 19: "\"4\","
                  RenderBR {BR} at (81,27) size 0x0
                RenderBlock {DIV} at (0,592) size 208x79 [border: (1px solid #0000FF)]
                  RenderBlock {SPAN} at (1,1) size 80x15
                    RenderText {#text} at (0,0) size 58x14
                      text run at (0,0) width 58: "wrap: \"off\","
                  RenderBR {BR} at (81,12) size 0x0
                RenderBlock {DIV} at (208,608) size 208x63 [border: (1px solid #0000FF)]
                  RenderBlock {SPAN} at (1,1) size 80x15
                    RenderText {#text} at (0,0) size 65x14
                      text run at (0,0) width 65: "wrap: \"hard\","
                  RenderBR {BR} at (81,12) size 0x0
                RenderBlock {DIV} at (416,608) size 208x63 [border: (1px solid #0000FF)]
                  RenderBlock {SPAN} at (1,1) size 80x15
                    RenderText {#text} at (0,0) size 62x14
                      text run at (0,0) width 62: "wrap: \"soft\","
                  RenderBR {BR} at (81,12) size 0x0
                RenderBlock {DIV} at (0,671) size 208x78 [border: (1px solid #0000FF)]
                  RenderBlock {SPAN} at (1,1) size 80x30
                    RenderText {#text} at (0,0) size 72x29
                      text run at (0,0) width 65: "style: \"white-"
                      text run at (0,15) width 72: "space:normal\","
                  RenderBR {BR} at (81,27) size 0x0
                RenderBlock {DIV} at (208,671) size 208x78 [border: (1px solid #0000FF)]
                  RenderBlock {SPAN} at (1,1) size 80x30
                    RenderText {#text} at (0,0) size 65x29
                      text run at (0,0) width 65: "style: \"white-"
                      text run at (0,15) width 54: "space:pre\","
                  RenderBR {BR} at (81,27) size 0x0
                RenderBlock {DIV} at (416,671) size 208x78 [border: (1px solid #0000FF)]
                  RenderBlock {SPAN} at (1,1) size 80x30
                    RenderText {#text} at (0,0) size 78x29
                      text run at (0,0) width 65: "style: \"white-"
                      text run at (0,15) width 78: "space:prewrap\","
                  RenderBR {BR} at (81,27) size 0x0
                RenderBlock {DIV} at (0,765) size 208x78 [border: (1px solid #0000FF)]
                  RenderBlock {SPAN} at (1,1) size 80x30
                    RenderText {#text} at (0,0) size 74x29
                      text run at (0,0) width 65: "style: \"white-"
                      text run at (0,15) width 74: "space:nowrap\","
                  RenderBR {BR} at (81,27) size 0x0
                RenderBlock {DIV} at (208,765) size 208x78 [border: (1px solid #0000FF)]
                  RenderBlock {SPAN} at (1,1) size 80x30
                    RenderText {#text} at (0,0) size 76x29
                      text run at (0,0) width 65: "style: \"white-"
                      text run at (0,15) width 76: "space:pre-line\","
                  RenderBR {BR} at (81,27) size 0x0
                RenderBlock {DIV} at (416,749) size 208x94 [border: (1px solid #0000FF)]
                  RenderBlock {SPAN} at (1,1) size 80x30
                    RenderText {#text} at (0,0) size 70x29
                      text run at (0,0) width 63: "style: \"word-"
                      text run at (0,15) width 70: "wrap:normal\","
                  RenderBR {BR} at (81,27) size 0x0
                RenderBlock {DIV} at (0,843) size 208x124 [border: (1px solid #0000FF)]
                  RenderBlock {SPAN} at (1,1) size 80x60
                    RenderText {#text} at (0,0) size 65x59
                      text run at (0,0) width 58: "wrap: \"off\","
                      text run at (0,15) width 65: "style: \"white-"
                      text run at (0,30) width 50: "space:pre-"
                      text run at (0,45) width 32: "wrap\","
                  RenderBR {BR} at (81,57) size 0x0
        layer at (3,77) size 202x42 clip at (4,78) size 200x40
          RenderTextControl {TEXTAREA} at (3,3) size 202x42 [bgcolor=#FFFFFF] [border: (1px solid #000000)]
            RenderBlock {DIV} at (3,3) size 196x18
              RenderText {#text} at (0,0) size 133x17
                text run at (0,0) width 133: "Lorem ipsum dolor"
        layer at (211,77) size 202x42 clip at (212,78) size 184x40 scrollHeight 76
          RenderTextControl {TEXTAREA} at (3,18) size 202x42 [bgcolor=#FFFFFF] [border: (1px solid #000000)]
            RenderBlock {DIV} at (3,3) size 180x72 [color=#545454]
              RenderText {#text} at (0,0) size 169x71
                text run at (0,0) width 137: "Lorem ipsum  dolor"
                text run at (136,0) width 6: " "
                text run at (0,18) width 169: "ABCDEFGHIJKLMNOP"
                text run at (0,36) width 113: "QRSTUVWXYZ"
                text run at (112,36) width 6: " "
                text run at (0,54) width 169: "abcdefghijklmnopqrstuv"
        layer at (419,61) size 218x58 clip at (420,62) size 200x56 scrollHeight 92
          RenderTextControl {TEXTAREA} at (3,33) size 218x58 [bgcolor=#FFFFFF] [border: (1px solid #000000)]
            RenderBlock {DIV} at (11,11) size 180x72
              RenderText {#text} at (0,0) size 169x71
                text run at (0,0) width 137: "Lorem ipsum  dolor"
                text run at (136,0) width 6: " "
                text run at (0,18) width 169: "ABCDEFGHIJKLMNOP"
                text run at (0,36) width 113: "QRSTUVWXYZ"
                text run at (112,36) width 6: " "
                text run at (0,54) width 169: "abcdefghijklmnopqrstuv"
        layer at (3,175) size 198x38 clip at (4,176) size 180x36 scrollHeight 72
          RenderTextControl {TEXTAREA} at (3,33) size 198x38 [bgcolor=#FFFFFF] [border: (1px solid #000000)]
            RenderBlock {DIV} at (1,1) size 180x72
              RenderText {#text} at (0,0) size 169x71
                text run at (0,0) width 137: "Lorem ipsum  dolor"
                text run at (136,0) width 6: " "
                text run at (0,18) width 169: "ABCDEFGHIJKLMNOP"
                text run at (0,36) width 113: "QRSTUVWXYZ"
                text run at (112,36) width 6: " "
                text run at (0,54) width 169: "abcdefghijklmnopqrstuv"
        layer at (215,163) size 202x42 clip at (216,164) size 184x40 scrollHeight 76
          RenderTextControl {TEXTAREA} at (11,41) size 202x42 [bgcolor=#FFFFFF] [border: (1px solid #000000)]
            RenderBlock {DIV} at (3,3) size 180x72
              RenderText {#text} at (0,0) size 169x71
                text run at (0,0) width 137: "Lorem ipsum  dolor"
                text run at (136,0) width 6: " "
                text run at (0,18) width 169: "ABCDEFGHIJKLMNOP"
                text run at (0,36) width 113: "QRSTUVWXYZ"
                text run at (112,36) width 6: " "
                text run at (0,54) width 169: "abcdefghijklmnopqrstuv"
        layer at (429,173) size 202x42 clip at (430,174) size 184x40 scrollHeight 76
          RenderTextControl {TEXTAREA} at (1,31) size 202x42 [bgcolor=#FFFFFF] [border: (1px solid #000000)]
            RenderBlock {DIV} at (3,3) size 180x72
              RenderText {#text} at (0,0) size 169x71
                text run at (0,0) width 137: "Lorem ipsum  dolor"
                text run at (136,0) width 6: " "
                text run at (0,18) width 169: "ABCDEFGHIJKLMNOP"
                text run at (0,36) width 113: "QRSTUVWXYZ"
                text run at (112,36) width 6: " "
                text run at (0,54) width 169: "abcdefghijklmnopqrstuv"
        layer at (633,171) size 60x42 clip at (634,172) size 42x40 scrollHeight 346
          RenderTextControl {TEXTAREA} at (1,33) size 60x42 [bgcolor=#FFFFFF] [border: (1px solid #000000)]
            RenderBlock {DIV} at (3,3) size 38x342
              RenderText {#text} at (0,0) size 38x341
                text run at (0,0) width 33: "Lore"
                text run at (0,18) width 14: "m"
                text run at (13,18) width 5: " "
                text run at (0,36) width 30: "ipsu"
                text run at (0,54) width 14: "m"
                text run at (13,54) width 10: "  "
                text run at (0,72) width 36: "dolor"
                text run at (35,72) width 3: " "
                text run at (0,90) width 33: "ABC"
                text run at (0,108) width 32: "DEF"
                text run at (0,126) width 37: "GHIJ"
                text run at (0,144) width 33: "KLM"
                text run at (0,162) width 35: "NOP"
                text run at (0,180) width 35: "QRS"
                text run at (0,198) width 32: "TUV"
                text run at (0,216) width 37: "WXY"
                text run at (0,234) width 10: "Z"
                text run at (9,234) width 6: " "
                text run at (0,252) width 35: "abcd"
                text run at (0,270) width 35: "efghi"
                text run at (0,288) width 38: "jklmn"
                text run at (0,306) width 33: "opqr"
                text run at (0,324) width 30: "stuv"
        layer at (1,264) size 60x78 clip at (2,265) size 42x76 scrollHeight 1264
          RenderTextControl {TEXTAREA} at (1,48) size 60x78 [bgcolor=#FFFFFF] [border: (1px solid #000000)]
            RenderBlock {DIV} at (21,21) size 2x1224
              RenderText {#text} at (0,0) size 16x1223
                text run at (0,0) width 9: "L"
                text run at (0,18) width 9: "o"
                text run at (0,36) width 6: "r"
                text run at (0,54) width 9: "e"
                text run at (0,72) width 14: "m"
                text run at (0,90) width 2: " "
                text run at (0,108) width 4: "i"
                text run at (0,126) width 9: "p"
                text run at (0,144) width 8: "s"
                text run at (0,162) width 9: "u"
                text run at (0,180) width 14: "m"
                text run at (0,198) width 2: " "
                text run at (0,216) width 2: " "
                text run at (0,234) width 9: "d"
                text run at (0,252) width 9: "o"
                text run at (0,270) width 4: "l"
                text run at (0,288) width 9: "o"
                text run at (0,306) width 6: "r"
                text run at (0,324) width 2: " "
                text run at (0,342) width 11: "A"
                text run at (0,360) width 11: "B"
                text run at (0,378) width 12: "C"
                text run at (0,396) width 12: "D"
                text run at (0,414) width 11: "E"
                text run at (0,432) width 10: "F"
                text run at (0,450) width 13: "G"
                text run at (0,468) width 12: "H"
                text run at (0,486) width 5: "I"
                text run at (0,504) width 8: "J"
                text run at (0,522) width 11: "K"
                text run at (0,540) width 9: "L"
                text run at (0,558) width 14: "M"
                text run at (0,576) width 12: "N"
                text run at (0,594) width 13: "O"
                text run at (0,612) width 11: "P"
                text run at (0,630) width 13: "Q"
                text run at (0,648) width 12: "R"
                text run at (0,666) width 11: "S"
                text run at (0,684) width 10: "T"
                text run at (0,702) width 12: "U"
                text run at (0,720) width 11: "V"
                text run at (0,738) width 16: "W"
                text run at (0,756) width 11: "X"
                text run at (0,774) width 11: "Y"
                text run at (0,792) width 10: "Z"
                text run at (0,810) width 2: " "
                text run at (0,828) width 9: "a"
                text run at (0,846) width 9: "b"
                text run at (0,864) width 8: "c"
                text run at (0,882) width 9: "d"
                text run at (0,900) width 9: "e"
                text run at (0,918) width 5: "f"
                text run at (0,936) width 9: "g"
                text run at (0,954) width 9: "h"
                text run at (0,972) width 4: "i"
                text run at (0,990) width 4: "j"
                text run at (0,1008) width 8: "k"
                text run at (0,1026) width 4: "l"
                text run at (0,1044) width 14: "m"
                text run at (0,1062) width 9: "n"
                text run at (0,1080) width 9: "o"
                text run at (0,1098) width 9: "p"
                text run at (0,1116) width 9: "q"
                text run at (0,1134) width 6: "r"
                text run at (0,1152) width 8: "s"
                text run at (0,1170) width 5: "t"
                text run at (0,1188) width 9: "u"
                text run at (0,1206) width 8: "v"
        layer at (83,304) size 60x38 clip at (84,305) size 42x36 scrollHeight 342
          RenderTextControl {TEXTAREA} at (1,48) size 60x38 [bgcolor=#FFFFFF] [border: (1px solid #000000)]
            RenderBlock {DIV} at (1,1) size 42x342
              RenderText {#text} at (0,0) size 41x341
                text run at (0,0) width 33: "Lore"
                text run at (0,18) width 14: "m"
                text run at (13,18) width 5: " "
                text run at (0,36) width 30: "ipsu"
                text run at (0,54) width 14: "m"
                text run at (13,54) width 10: "  "
                text run at (0,72) width 36: "dolor"
                text run at (35,72) width 6: " "
                text run at (0,90) width 33: "ABC"
                text run at (0,108) width 32: "DEF"
                text run at (0,126) width 37: "GHIJ"
                text run at (0,144) width 33: "KLM"
                text run at (0,162) width 35: "NOP"
                text run at (0,180) width 35: "QRS"
                text run at (0,198) width 32: "TUV"
                text run at (0,216) width 37: "WXY"
                text run at (0,234) width 10: "Z"
                text run at (9,234) width 6: " "
                text run at (0,252) width 35: "abcd"
                text run at (0,270) width 39: "efghij"
                text run at (0,288) width 34: "klmn"
                text run at (0,306) width 41: "opqrs"
                text run at (0,324) width 22: "tuv"
        layer at (167,284) size 202x60 clip at (168,285) size 184x58 scrollHeight 76
          RenderTextControl {TEXTAREA} at (3,31) size 202x60 [bgcolor=#FFFFFF] [border: (1px solid #000000)]
            RenderBlock {DIV} at (3,3) size 180x72
              RenderText {#text} at (0,0) size 169x71
                text run at (0,0) width 137: "Lorem ipsum  dolor"
                text run at (136,0) width 6: " "
                text run at (0,18) width 169: "ABCDEFGHIJKLMNOP"
                text run at (0,36) width 113: "QRSTUVWXYZ"
                text run at (112,36) width 6: " "
                text run at (0,54) width 169: "abcdefghijklmnopqrstuv"
        layer at (373,284) size 60x60 clip at (374,285) size 42x58 scrollHeight 346
          RenderTextControl {TEXTAREA} at (1,46) size 60x60 [bgcolor=#FFFFFF] [border: (1px solid #000000)]
            RenderBlock {DIV} at (3,3) size 38x342
              RenderText {#text} at (0,0) size 38x341
                text run at (0,0) width 33: "Lore"
                text run at (0,18) width 14: "m"
                text run at (13,18) width 5: " "
                text run at (0,36) width 30: "ipsu"
                text run at (0,54) width 14: "m"
                text run at (13,54) width 10: "  "
                text run at (0,72) width 36: "dolor"
                text run at (35,72) width 3: " "
                text run at (0,90) width 33: "ABC"
                text run at (0,108) width 32: "DEF"
                text run at (0,126) width 37: "GHIJ"
                text run at (0,144) width 33: "KLM"
                text run at (0,162) width 35: "NOP"
                text run at (0,180) width 35: "QRS"
                text run at (0,198) width 32: "TUV"
                text run at (0,216) width 37: "WXY"
                text run at (0,234) width 10: "Z"
                text run at (9,234) width 6: " "
                text run at (0,252) width 35: "abcd"
                text run at (0,270) width 35: "efghi"
                text run at (0,288) width 38: "jklmn"
                text run at (0,306) width 33: "opqr"
                text run at (0,324) width 30: "stuv"
        layer at (457,300) size 202x42 clip at (458,301) size 200x40 scrollHeight 76
          RenderTextControl {TEXTAREA} at (3,33) size 202x42 [bgcolor=#FFFFFF] [border: (1px solid #000000)]
            RenderBlock {DIV} at (3,3) size 196x72
              RenderText {#text} at (0,0) size 193x71
                text run at (0,0) width 137: "Lorem ipsum  dolor"
                text run at (136,0) width 6: " "
                text run at (0,18) width 193: "ABCDEFGHIJKLMNOPQR"
                text run at (0,36) width 89: "STUVWXYZ"
                text run at (88,36) width 6: " "
                text run at (0,54) width 169: "abcdefghijklmnopqrstuv"
        layer at (3,406) size 202x58 clip at (4,407) size 184x40 scrollHeight 76
          RenderTextControl {TEXTAREA} at (3,33) size 202x58 [bgcolor=#FFFFFF] [border: (1px solid #000000)]
            RenderBlock {DIV} at (3,3) size 180x72
              RenderText {#text} at (0,0) size 169x71
                text run at (0,0) width 137: "Lorem ipsum  dolor"
                text run at (136,0) width 6: " "
                text run at (0,18) width 169: "ABCDEFGHIJKLMNOP"
                text run at (0,36) width 113: "QRSTUVWXYZ"
                text run at (112,36) width 6: " "
                text run at (0,54) width 169: "abcdefghijklmnopqrstuv"
        layer at (209,406) size 60x60 clip at (210,407) size 58x58 scrollHeight 238
          RenderTextControl {TEXTAREA} at (1,61) size 60x60 [bgcolor=#FFFFFF] [border: (1px solid #000000)]
            RenderBlock {DIV} at (3,3) size 54x234
              RenderText {#text} at (0,0) size 54x233
                text run at (0,0) width 46: "Lorem"
                text run at (45,0) width 5: " "
                text run at (0,18) width 43: "ipsum"
                text run at (42,18) width 10: "  "
                text run at (0,36) width 36: "dolor"
                text run at (35,36) width 6: " "
                text run at (0,54) width 45: "ABCD"
                text run at (0,72) width 49: "EFGHI"
                text run at (0,90) width 53: "JKLMN"
                text run at (0,108) width 48: "OPQR"
                text run at (0,126) width 43: "STUV"
                text run at (0,144) width 47: "WXYZ"
                text run at (46,144) width 5: " "
                text run at (0,162) width 49: "abcdef"
                text run at (0,180) width 50: "ghijklm"
                text run at (0,198) width 54: "nopqrst"
                text run at (0,216) width 17: "uv"
        layer at (291,406) size 60x60 clip at (292,407) size 42x42 scrollHeight 346
          RenderTextControl {TEXTAREA} at (1,61) size 60x60 [bgcolor=#FFFFFF] [border: (1px solid #000000)]
            RenderBlock {DIV} at (3,3) size 38x342
              RenderText {#text} at (0,0) size 38x341
                text run at (0,0) width 33: "Lore"
                text run at (0,18) width 14: "m"
                text run at (13,18) width 5: " "
                text run at (0,36) width 30: "ipsu"
                text run at (0,54) width 14: "m"
                text run at (13,54) width 10: "  "
                text run at (0,72) width 36: "dolor"
                text run at (35,72) width 3: " "
                text run at (0,90) width 33: "ABC"
                text run at (0,108) width 32: "DEF"
                text run at (0,126) width 37: "GHIJ"
                text run at (0,144) width 33: "KLM"
                text run at (0,162) width 35: "NOP"
                text run at (0,180) width 35: "QRS"
                text run at (0,198) width 32: "TUV"
                text run at (0,216) width 37: "WXY"
                text run at (0,234) width 10: "Z"
                text run at (9,234) width 6: " "
                text run at (0,252) width 35: "abcd"
                text run at (0,270) width 35: "efghi"
                text run at (0,288) width 38: "jklmn"
                text run at (0,306) width 33: "opqr"
                text run at (0,324) width 30: "stuv"
        layer at (373,406) size 60x60 clip at (374,407) size 42x58 scrollHeight 346
          RenderTextControl {TEXTAREA} at (1,46) size 60x60 [bgcolor=#FFFFFF] [border: (1px solid #000000)]
            RenderBlock {DIV} at (3,3) size 38x342
              RenderText {#text} at (0,0) size 38x341
                text run at (0,0) width 33: "Lore"
                text run at (0,18) width 14: "m"
                text run at (13,18) width 5: " "
                text run at (0,36) width 30: "ipsu"
                text run at (0,54) width 14: "m"
                text run at (13,54) width 10: "  "
                text run at (0,72) width 36: "dolor"
                text run at (35,72) width 3: " "
                text run at (0,90) width 33: "ABC"
                text run at (0,108) width 32: "DEF"
                text run at (0,126) width 37: "GHIJ"
                text run at (0,144) width 33: "KLM"
                text run at (0,162) width 35: "NOP"
                text run at (0,180) width 35: "QRS"
                text run at (0,198) width 32: "TUV"
                text run at (0,216) width 37: "WXY"
                text run at (0,234) width 10: "Z"
                text run at (9,234) width 6: " "
                text run at (0,252) width 35: "abcd"
                text run at (0,270) width 35: "efghi"
                text run at (0,288) width 38: "jklmn"
                text run at (0,306) width 33: "opqr"
                text run at (0,324) width 30: "stuv"
        layer at (455,406) size 60x60 clip at (456,407) size 42x58 scrollHeight 346
          RenderTextControl {TEXTAREA} at (1,46) size 60x60 [bgcolor=#FFFFFF] [border: (1px solid #000000)]
            RenderBlock {DIV} at (3,3) size 38x342
              RenderText {#text} at (0,0) size 38x341
                text run at (0,0) width 33: "Lore"
                text run at (0,18) width 14: "m"
                text run at (13,18) width 5: " "
                text run at (0,36) width 30: "ipsu"
                text run at (0,54) width 14: "m"
                text run at (13,54) width 10: "  "
                text run at (0,72) width 36: "dolor"
                text run at (35,72) width 3: " "
                text run at (0,90) width 33: "ABC"
                text run at (0,108) width 32: "DEF"
                text run at (0,126) width 37: "GHIJ"
                text run at (0,144) width 33: "KLM"
                text run at (0,162) width 35: "NOP"
                text run at (0,180) width 35: "QRS"
                text run at (0,198) width 32: "TUV"
                text run at (0,216) width 37: "WXY"
                text run at (0,234) width 10: "Z"
                text run at (9,234) width 6: " "
                text run at (0,252) width 35: "abcd"
                text run at (0,270) width 35: "efghi"
                text run at (0,288) width 38: "jklmn"
                text run at (0,306) width 33: "opqr"
                text run at (0,324) width 30: "stuv"
        layer at (537,406) size 60x60 clip at (538,407) size 42x58 scrollHeight 346
          RenderTextControl {TEXTAREA} at (1,61) size 60x60 [bgcolor=#FFFFFF] [border: (1px solid #000000)]
            RenderBlock {DIV} at (3,3) size 38x342
              RenderText {#text} at (0,0) size 38x341
                text run at (0,0) width 33: "Lore"
                text run at (0,18) width 14: "m"
                text run at (13,18) width 5: " "
                text run at (0,36) width 30: "ipsu"
                text run at (0,54) width 14: "m"
                text run at (13,54) width 10: "  "
                text run at (0,72) width 36: "dolor"
                text run at (35,72) width 3: " "
                text run at (0,90) width 33: "ABC"
                text run at (0,108) width 32: "DEF"
                text run at (0,126) width 37: "GHIJ"
                text run at (0,144) width 33: "KLM"
                text run at (0,162) width 35: "NOP"
                text run at (0,180) width 35: "QRS"
                text run at (0,198) width 32: "TUV"
                text run at (0,216) width 37: "WXY"
                text run at (0,234) width 10: "Z"
                text run at (9,234) width 6: " "
                text run at (0,252) width 35: "abcd"
                text run at (0,270) width 35: "efghi"
                text run at (0,288) width 38: "jklmn"
                text run at (0,306) width 33: "opqr"
                text run at (0,324) width 30: "stuv"
        layer at (621,422) size 49x42 clip at (622,423) size 31x40 scrollHeight 472
          RenderTextControl {TEXTAREA} at (3,18) size 49x42 [bgcolor=#FFFFFF] [border: (1px solid #000000)]
            RenderBlock {DIV} at (3,3) size 27x468
              RenderText {#text} at (0,0) size 27x467
                text run at (0,0) width 24: "Lor"
                text run at (0,18) width 23: "em"
                text run at (22,18) width 5: " "
                text run at (0,36) width 21: "ips"
                text run at (0,54) width 23: "um"
                text run at (22,54) width 5: "  "
                text run at (0,72) width 22: "dol"
                text run at (0,90) width 15: "or"
                text run at (14,90) width 5: " "
                text run at (0,108) width 22: "AB"
                text run at (0,126) width 24: "CD"
                text run at (0,144) width 21: "EF"
                text run at (0,162) width 24: "GH"
                text run at (0,180) width 24: "IJK"
                text run at (0,198) width 23: "LM"
                text run at (0,216) width 24: "NO"
                text run at (0,234) width 24: "PQ"
                text run at (0,252) width 23: "RS"
                text run at (0,270) width 22: "TU"
                text run at (0,288) width 26: "VW"
                text run at (0,306) width 22: "XY"
                text run at (0,324) width 10: "Z"
                text run at (9,324) width 6: " "
                text run at (0,342) width 26: "abc"
                text run at (0,360) width 23: "def"
                text run at (0,378) width 25: "ghij"
                text run at (0,396) width 25: "klm"
                text run at (0,414) width 27: "nop"
                text run at (0,432) width 27: "qrst"
                text run at (0,450) width 17: "uv"
        layer at (3,557) size 202x60 clip at (4,558) size 184x58 scrollHeight 76
          RenderTextControl {TEXTAREA} at (3,18) size 202x60 [bgcolor=#FFFFFF] [border: (1px solid #000000)]
            RenderBlock {DIV} at (3,3) size 180x72
              RenderText {#text} at (0,0) size 169x71
                text run at (0,0) width 137: "Lorem ipsum  dolor"
                text run at (136,0) width 6: " "
                text run at (0,18) width 169: "ABCDEFGHIJKLMNOP"
                text run at (0,36) width 113: "QRSTUVWXYZ"
                text run at (112,36) width 6: " "
                text run at (0,54) width 169: "abcdefghijklmnopqrstuv"
        layer at (211,575) size 85x42 clip at (212,576) size 67x40 scrollHeight 202
          RenderTextControl {TEXTAREA} at (3,18) size 85x42 [bgcolor=#FFFFFF] [border: (1px solid #000000)]
            RenderBlock {DIV} at (3,3) size 63x198
              RenderText {#text} at (0,0) size 62x197
                text run at (0,0) width 46: "Lorem"
                text run at (45,0) width 5: " "
                text run at (0,18) width 43: "ipsum"
                text run at (42,18) width 10: "  "
                text run at (0,36) width 36: "dolor"
                text run at (35,36) width 6: " "
                text run at (0,54) width 56: "ABCDE"
                text run at (0,72) width 57: "FGHIJK"
                text run at (0,90) width 57: "LMNOP"
                text run at (0,108) width 56: "QRSTU"
                text run at (0,126) width 57: "VWXYZ"
                text run at (56,126) width 6: " "
                text run at (0,144) width 57: "abcdefg"
                text run at (0,162) width 59: "hijklmno"
                text run at (0,180) width 53: "pqrstuv"
        layer at (302,485) size 202x132 clip at (303,486) size 200x130
          RenderTextControl {TEXTAREA} at (3,18) size 202x132 [bgcolor=#FFFFFF] [border: (1px solid #000000)]
            RenderBlock {DIV} at (3,3) size 196x72
              RenderText {#text} at (0,0) size 193x71
                text run at (0,0) width 137: "Lorem ipsum  dolor"
                text run at (136,0) width 6: " "
                text run at (0,18) width 193: "ABCDEFGHIJKLMNOPQR"
                text run at (0,36) width 89: "STUVWXYZ"
                text run at (88,36) width 6: " "
                text run at (0,54) width 169: "abcdefghijklmnopqrstuv"
        layer at (510,539) size 67x78 clip at (511,540) size 49x76 scrollHeight 292
          RenderTextControl {TEXTAREA} at (3,33) size 67x78 [bgcolor=#FFFFFF] [border: (1px solid #000000)]
            RenderBlock {DIV} at (3,3) size 45x288
              RenderText {#text} at (0,0) size 45x287
                text run at (0,0) width 33: "Lore"
                text run at (0,18) width 14: "m"
                text run at (13,18) width 5: " "
                text run at (0,36) width 43: "ipsum"
                text run at (0,54) width 45: "  dolor"
                text run at (44,54) width 1: " "
                text run at (0,72) width 45: "ABCD"
                text run at (0,90) width 45: "EFGH"
                text run at (0,108) width 33: "IJKL"
                text run at (0,126) width 38: "MNO"
                text run at (0,144) width 35: "PQR"
                text run at (0,162) width 43: "STUV"
                text run at (0,180) width 37: "WXY"
                text run at (0,198) width 10: "Z"
                text run at (9,198) width 6: " "
                text run at (0,216) width 44: "abcde"
                text run at (0,234) width 41: "fghijkl"
                text run at (0,252) width 41: "mnop"
                text run at (0,270) width 44: "qrstuv"
        layer at (3,638) size 202x58 clip at (4,639) size 200x40 scrollWidth 598
          RenderTextControl {TEXTAREA} at (3,18) size 202x58 [bgcolor=#FFFFFF] [border: (1px solid #000000)]
            RenderBlock {DIV} at (3,3) size 196x18
              RenderText {#text} at (0,0) size 596x17
                text run at (0,0) width 596: "Lorem ipsum  dolor ABCDEFGHIJKLMNOPQRSTUVWXYZ abcdefghijklmnopqrstuv"
        layer at (211,654) size 202x42 clip at (212,655) size 184x40 scrollHeight 76
          RenderTextControl {TEXTAREA} at (3,18) size 202x42 [bgcolor=#FFFFFF] [border: (1px solid #000000)]
            RenderBlock {DIV} at (3,3) size 180x72
              RenderText {#text} at (0,0) size 169x71
                text run at (0,0) width 137: "Lorem ipsum  dolor"
                text run at (136,0) width 6: " "
                text run at (0,18) width 169: "ABCDEFGHIJKLMNOP"
                text run at (0,36) width 113: "QRSTUVWXYZ"
                text run at (112,36) width 6: " "
                text run at (0,54) width 169: "abcdefghijklmnopqrstuv"
        layer at (419,654) size 202x42 clip at (420,655) size 184x40 scrollHeight 76
          RenderTextControl {TEXTAREA} at (3,18) size 202x42 [bgcolor=#FFFFFF] [border: (1px solid #000000)]
            RenderBlock {DIV} at (3,3) size 180x72
              RenderText {#text} at (0,0) size 169x71
                text run at (0,0) width 137: "Lorem ipsum  dolor"
                text run at (136,0) width 6: " "
                text run at (0,18) width 169: "ABCDEFGHIJKLMNOP"
                text run at (0,36) width 113: "QRSTUVWXYZ"
                text run at (112,36) width 6: " "
                text run at (0,54) width 169: "abcdefghijklmnopqrstuv"
        layer at (3,732) size 202x42 clip at (4,733) size 184x40 scrollHeight 76
          RenderTextControl {TEXTAREA} at (3,33) size 202x42 [bgcolor=#FFFFFF] [border: (1px solid #000000)]
            RenderBlock {DIV} at (3,3) size 180x72
              RenderText {#text} at (0,0) size 169x71
                text run at (0,0) width 97: "Lorem ipsum "
                text run at (96,0) width 37: "dolor"
                text run at (0,18) width 169: "ABCDEFGHIJKLMNOP"
                text run at (0,36) width 113: "QRSTUVWXYZ"
                text run at (0,54) width 169: "abcdefghijklmnopqrstuv"
        layer at (211,732) size 202x42 clip at (212,733) size 184x40 scrollHeight 76
          RenderTextControl {TEXTAREA} at (3,33) size 202x42 [bgcolor=#FFFFFF] [border: (1px solid #000000)]
            RenderBlock {DIV} at (3,3) size 180x72
              RenderText {#text} at (0,0) size 175x71
                text run at (0,0) width 175: "Lorem ipsum  dolor ABC"
                text run at (0,18) width 171: "DEFGHIJKLMNOPQRS"
                text run at (0,36) width 168: "TUVWXYZ abcdefghijkl"
                text run at (0,54) width 84: "mnopqrstuv"
        layer at (419,732) size 202x42 clip at (420,733) size 184x40 scrollHeight 76
          RenderTextControl {TEXTAREA} at (3,33) size 202x42 [bgcolor=#FFFFFF] [border: (1px solid #000000)]
            RenderBlock {DIV} at (3,3) size 180x72
              RenderText {#text} at (0,0) size 169x71
                text run at (0,0) width 137: "Lorem ipsum  dolor"
                text run at (136,0) width 6: " "
                text run at (0,18) width 169: "ABCDEFGHIJKLMNOP"
                text run at (0,36) width 113: "QRSTUVWXYZ"
                text run at (112,36) width 6: " "
                text run at (0,54) width 169: "abcdefghijklmnopqrstuv"
        layer at (3,826) size 202x42 clip at (4,827) size 200x24 scrollWidth 594
          RenderTextControl {TEXTAREA} at (3,33) size 202x42 [bgcolor=#FFFFFF] [border: (1px solid #000000)]
            RenderBlock {DIV} at (3,3) size 196x18
              RenderText {#text} at (0,0) size 592x17
                text run at (0,0) width 97: "Lorem ipsum "
                text run at (96,0) width 496: "dolor ABCDEFGHIJKLMNOPQRSTUVWXYZ abcdefghijklmnopqrstuv"
        layer at (211,826) size 202x42 clip at (212,827) size 184x40 scrollHeight 76
          RenderTextControl {TEXTAREA} at (3,33) size 202x42 [bgcolor=#FFFFFF] [border: (1px solid #000000)]
            RenderBlock {DIV} at (3,3) size 180x72
              RenderText {#text} at (0,0) size 169x71
                text run at (0,0) width 97: "Lorem ipsum "
                text run at (96,0) width 37: "dolor"
                text run at (0,18) width 169: "ABCDEFGHIJKLMNOP"
                text run at (0,36) width 113: "QRSTUVWXYZ"
                text run at (0,54) width 169: "abcdefghijklmnopqrstuv"
        layer at (419,810) size 202x58 clip at (420,811) size 184x40 scrollWidth 284 scrollHeight 58
          RenderTextControl {TEXTAREA} at (3,33) size 202x58 [bgcolor=#FFFFFF] [border: (1px solid #000000)]
            RenderBlock {DIV} at (3,3) size 180x54
              RenderText {#text} at (0,0) size 282x53
                text run at (0,0) width 137: "Lorem ipsum  dolor"
                text run at (136,0) width 6: " "
                text run at (0,18) width 282: "ABCDEFGHIJKLMNOPQRSTUVWXYZ"
                text run at (0,36) width 173: " abcdefghijklmnopqrstuv"
        layer at (3,934) size 202x58 clip at (4,935) size 184x40 scrollWidth 284 scrollHeight 58
          RenderTextControl {TEXTAREA} at (3,63) size 202x58 [bgcolor=#FFFFFF] [border: (1px solid #000000)]
            RenderBlock {DIV} at (3,3) size 180x54
              RenderText {#text} at (0,0) size 282x53
                text run at (0,0) width 137: "Lorem ipsum  dolor"
                text run at (136,0) width 6: " "
                text run at (0,18) width 282: "ABCDEFGHIJKLMNOPQRSTUVWXYZ"
                text run at (0,36) width 173: " abcdefghijklmnopqrstuv"
      RenderText {#text} at (0,0) size 0x0
