layer at (0,0) size 784x1148
  RenderView at (0,0) size 784x600
layer at (0,0) size 784x1148
  RenderBlock {HTML} at (0,0) size 784x1148
    RenderBody {BODY} at (8,8) size 768x584
      RenderBlock (floating) {DIV} at (0,0) size 352x1027 [border: (1px solid #FF0000)]
        RenderBlock (anonymous) at (1,1) size 350x14
          RenderText {#text} at (0,-1) size 181x17
            text run at (0,-1) width 181: "Plain textarea with little content"
        RenderBlock {DIV} at (1,15) size 352x52 [border: (1px solid #FF0000)]
          RenderText {#text} at (1,36) size 14x17
            text run at (1,36) width 14: "A "
          RenderText {#text} at (221,36) size 13x17
            text run at (221,36) width 13: " B"
        RenderBlock (anonymous) at (1,67) size 350x14
          RenderText {#text} at (0,-1) size 77x17
            text run at (0,-1) width 77: "Plain textarea"
        RenderBlock {DIV} at (1,81) size 352x52 [border: (1px solid #FF0000)]
          RenderText {#text} at (1,36) size 14x17
            text run at (1,36) width 14: "A "
          RenderText {#text} at (221,36) size 13x17
            text run at (221,36) width 13: " B"
        RenderBlock (anonymous) at (1,133) size 350x14
          RenderText {#text} at (0,-1) size 97x17
            text run at (0,-1) width 97: "Disabled textarea"
        RenderBlock {DIV} at (1,147) size 352x52 [border: (1px solid #FF0000)]
          RenderText {#text} at (1,36) size 14x17
            text run at (1,36) width 14: "A "
          RenderText {#text} at (221,36) size 13x17
            text run at (221,36) width 13: " B"
        RenderBlock (anonymous) at (1,199) size 350x14
          RenderText {#text} at (0,-1) size 123x17
            text run at (0,-1) width 123: "style=\"padding:10px\""
        RenderBlock {DIV} at (1,213) size 352x68 [border: (1px solid #FF0000)]
          RenderText {#text} at (1,52) size 14x17
            text run at (1,52) width 14: "A "
          RenderText {#text} at (237,52) size 13x17
            text run at (237,52) width 13: " B"
        RenderBlock (anonymous) at (1,281) size 350x14
          RenderText {#text} at (0,-1) size 116x17
            text run at (0,-1) width 116: "style=\"padding:0px\""
        RenderBlock {DIV} at (1,295) size 352x48 [border: (1px solid #FF0000)]
          RenderText {#text} at (1,32) size 14x17
            text run at (1,32) width 14: "A "
          RenderText {#text} at (217,32) size 13x17
            text run at (217,32) width 13: " B"
        RenderBlock (anonymous) at (1,343) size 350x14
          RenderText {#text} at (0,-1) size 118x17
            text run at (0,-1) width 118: "style=\"margin:10px\""
        RenderBlock {DIV} at (1,357) size 352x68 [border: (1px solid #FF0000)]
          RenderText {#text} at (1,52) size 14x17
            text run at (1,52) width 14: "A "
          RenderText {#text} at (237,52) size 13x17
            text run at (237,52) width 13: " B"
        RenderBlock (anonymous) at (1,425) size 350x14
          RenderText {#text} at (0,-1) size 111x17
            text run at (0,-1) width 111: "style=\"margin:0px\""
        RenderBlock {DIV} at (1,439) size 352x48 [border: (1px solid #FF0000)]
          RenderText {#text} at (1,32) size 14x17
            text run at (1,32) width 14: "A "
          RenderText {#text} at (217,32) size 13x17
            text run at (217,32) width 13: " B"
        RenderBlock (anonymous) at (1,487) size 350x14
          RenderText {#text} at (0,-1) size 37x17
            text run at (0,-1) width 37: "cols=3"
        RenderBlock {DIV} at (1,501) size 352x52 [border: (1px solid #FF0000)]
          RenderText {#text} at (1,36) size 14x17
            text run at (1,36) width 14: "A "
          RenderText {#text} at (68,36) size 13x17
            text run at (68,36) width 13: " B"
        RenderBlock (anonymous) at (1,553) size 350x14
          RenderText {#text} at (0,-1) size 42x17
            text run at (0,-1) width 42: "rows=3"
        RenderBlock {DIV} at (1,567) size 352x71 [border: (1px solid #FF0000)]
          RenderText {#text} at (1,55) size 14x17
            text run at (1,55) width 14: "A "
          RenderText {#text} at (221,55) size 13x17
            text run at (221,55) width 13: " B"
        RenderBlock (anonymous) at (1,638) size 350x14
          RenderText {#text} at (0,-1) size 44x17
            text run at (0,-1) width 44: "cols=10"
        RenderBlock {DIV} at (1,652) size 352x52 [border: (1px solid #FF0000)]
          RenderText {#text} at (1,36) size 14x17
            text run at (1,36) width 14: "A "
          RenderText {#text} at (131,36) size 13x17
            text run at (131,36) width 13: " B"
        RenderBlock (anonymous) at (1,704) size 350x14
          RenderText {#text} at (0,-1) size 49x17
            text run at (0,-1) width 49: "rows=10"
        RenderBlock {DIV} at (1,718) size 352x204 [border: (1px solid #FF0000)]
          RenderText {#text} at (1,188) size 14x17
            text run at (1,188) width 14: "A "
          RenderText {#text} at (221,188) size 13x17
            text run at (221,188) width 13: " B"
        RenderBlock (anonymous) at (1,922) size 350x14
          RenderText {#text} at (0,-1) size 83x17
            text run at (0,-1) width 83: "cols=5 rows=4"
        RenderBlock {DIV} at (1,936) size 352x90 [border: (1px solid #FF0000)]
          RenderText {#text} at (1,74) size 14x17
            text run at (1,74) width 14: "A "
          RenderText {#text} at (86,74) size 13x17
            text run at (86,74) width 13: " B"
      RenderBlock (floating) {DIV} at (352,0) size 352x1140 [border: (1px solid #FF0000)]
        RenderBlock (anonymous) at (1,1) size 350x14
          RenderText {#text} at (0,-1) size 110x17
            text run at (0,-1) width 110: "style=\"width:60px\""
        RenderBlock {DIV} at (1,15) size 352x52 [border: (1px solid #FF0000)]
          RenderText {#text} at (1,36) size 14x17
            text run at (1,36) width 14: "A "
          RenderText {#text} at (75,36) size 13x17
            text run at (75,36) width 13: " B"
        RenderBlock (anonymous) at (1,67) size 350x14
          RenderText {#text} at (0,-1) size 191x17
            text run at (0,-1) width 191: "style=\"width:60px;padding:20px\""
        RenderBlock {DIV} at (1,81) size 352x88 [border: (1px solid #FF0000)]
          RenderText {#text} at (1,72) size 14x17
            text run at (1,72) width 14: "A "
          RenderText {#text} at (75,72) size 13x17
            text run at (75,72) width 13: " B"
        RenderBlock (anonymous) at (1,169) size 350x14
          RenderText {#text} at (0,-1) size 170x17
            text run at (0,-1) width 170: "style=\"width:60px;padding:0\""
        RenderBlock {DIV} at (1,183) size 352x48 [border: (1px solid #FF0000)]
          RenderText {#text} at (1,32) size 14x17
            text run at (1,32) width 14: "A "
          RenderText {#text} at (75,32) size 13x17
            text run at (75,32) width 13: " B"
        RenderBlock (anonymous) at (1,231) size 350x14
          RenderText {#text} at (0,-1) size 113x17
            text run at (0,-1) width 113: "style=\"height:60px\""
        RenderBlock {DIV} at (1,245) size 352x64 [border: (1px solid #FF0000)]
          RenderText {#text} at (1,48) size 14x17
            text run at (1,48) width 14: "A "
          RenderText {#text} at (221,48) size 13x17
            text run at (221,48) width 13: " B"
        RenderBlock (anonymous) at (1,309) size 350x14
          RenderText {#text} at (0,-1) size 181x17
            text run at (0,-1) width 181: "style=\"width:60px;height:60px\""
        RenderBlock {DIV} at (1,323) size 352x64 [border: (1px solid #FF0000)]
          RenderText {#text} at (1,48) size 14x17
            text run at (1,48) width 14: "A "
          RenderText {#text} at (75,48) size 13x17
            text run at (75,48) width 13: " B"
        RenderBlock (anonymous) at (1,387) size 350x14
          RenderText {#text} at (0,-1) size 139x17
            text run at (0,-1) width 139: "style=\"overflow:hidden\""
        RenderBlock {DIV} at (1,401) size 352x52 [border: (1px solid #FF0000)]
          RenderText {#text} at (1,36) size 14x17
            text run at (1,36) width 14: "A "
          RenderText {#text} at (221,36) size 13x17
            text run at (221,36) width 13: " B"
        RenderBlock (anonymous) at (1,453) size 350x14
          RenderText {#text} at (0,-1) size 132x17
            text run at (0,-1) width 132: "style=\"overflow:scroll\""
        RenderBlock {DIV} at (1,467) size 352x68 [border: (1px solid #FF0000)]
          RenderText {#text} at (1,52) size 14x17
            text run at (1,52) width 14: "A "
          RenderText {#text} at (221,52) size 13x17
            text run at (221,52) width 13: " B"
        RenderBlock (anonymous) at (1,535) size 350x14
          RenderText {#text} at (0,-1) size 278x17
            text run at (0,-1) width 278: "style=\"overflow:hidden;width:60px;height:60px\""
        RenderBlock {DIV} at (1,549) size 352x64 [border: (1px solid #FF0000)]
          RenderText {#text} at (1,48) size 14x17
            text run at (1,48) width 14: "A "
          RenderText {#text} at (75,48) size 13x17
            text run at (75,48) width 13: " B"
        RenderBlock (anonymous) at (1,613) size 350x14
          RenderText {#text} at (0,-1) size 271x17
            text run at (0,-1) width 271: "style=\"overflow:scroll;width:60px;height:60px\""
        RenderBlock {DIV} at (1,627) size 352x64 [border: (1px solid #FF0000)]
          RenderText {#text} at (1,48) size 14x17
            text run at (1,48) width 14: "A "
          RenderText {#text} at (75,48) size 13x17
            text run at (75,48) width 13: " B"
        RenderBlock (anonymous) at (1,691) size 350x14
          RenderText {#text} at (0,-1) size 222x17
            text run at (0,-1) width 222: "cols=5 style=\"width:60px;height:60px\""
        RenderBlock {DIV} at (1,705) size 352x64 [border: (1px solid #FF0000)]
          RenderText {#text} at (1,48) size 14x17
            text run at (1,48) width 14: "A "
          RenderText {#text} at (75,48) size 13x17
            text run at (75,48) width 13: " B"
        RenderBlock (anonymous) at (1,769) size 350x14
          RenderText {#text} at (0,-1) size 227x17
            text run at (0,-1) width 227: "rows=4 style=\"width:60px;height:60px\""
        RenderBlock {DIV} at (1,783) size 352x64 [border: (1px solid #FF0000)]
          RenderText {#text} at (1,48) size 14x17
            text run at (1,48) width 14: "A "
          RenderText {#text} at (75,48) size 13x17
            text run at (75,48) width 13: " B"
        RenderBlock (anonymous) at (1,847) size 350x14
          RenderText {#text} at (0,-1) size 268x17
            text run at (0,-1) width 268: "cols=5 rows=4 style=\"width:60px;height:60px\""
        RenderBlock {DIV} at (1,861) size 352x64 [border: (1px solid #FF0000)]
          RenderText {#text} at (1,48) size 14x17
            text run at (1,48) width 14: "A "
          RenderText {#text} at (75,48) size 13x17
            text run at (75,48) width 13: " B"
        RenderBlock (anonymous) at (1,925) size 350x14
          RenderText {#text} at (0,-1) size 65x17
            text run at (0,-1) width 65: "wrap=\"off\""
        RenderBlock {DIV} at (1,939) size 352x68 [border: (1px solid #FF0000)]
          RenderText {#text} at (1,52) size 14x17
            text run at (1,52) width 14: "A "
          RenderText {#text} at (221,52) size 13x17
            text run at (221,52) width 4: " "
            text run at (225,52) width 9: "B"
        RenderBlock (anonymous) at (1,1007) size 350x14
          RenderText {#text} at (0,-1) size 73x17
            text run at (0,-1) width 73: "wrap=\"hard\""
        RenderBlock {DIV} at (1,1021) size 352x52 [border: (1px solid #FF0000)]
          RenderText {#text} at (1,36) size 14x17
            text run at (1,36) width 14: "A "
          RenderText {#text} at (221,36) size 13x17
            text run at (221,36) width 4: " "
            text run at (225,36) width 9: "B"
        RenderBlock (anonymous) at (1,1073) size 350x14
          RenderText {#text} at (0,-1) size 69x17
            text run at (0,-1) width 69: "wrap=\"soft\""
        RenderBlock {DIV} at (1,1087) size 352x52 [border: (1px solid #FF0000)]
          RenderText {#text} at (1,36) size 14x17
            text run at (1,36) width 14: "A "
          RenderText {#text} at (221,36) size 13x17
            text run at (221,36) width 4: " "
            text run at (225,36) width 9: "B"
layer at (26,26) size 202x44 clip at (27,27) size 200x42
  RenderTextControl {TEXTAREA} at (17,3) size 202x44 [bgcolor=#FFFFFF] [border: (1px solid #000000)]
    RenderBlock {DIV} at (3,3) size 196x19
      RenderText {#text} at (0,0) size 132x19
        text run at (0,0) width 132: "Lorem ipsum dolor"
layer at (26,92) size 202x44 clip at (27,93) size 184x42 scrollHeight 80
  RenderTextControl {TEXTAREA} at (17,3) size 202x44 [bgcolor=#FFFFFF] [border: (1px solid #000000)]
    RenderBlock {DIV} at (3,3) size 180x76
      RenderText {#text} at (0,0) size 173x76
        text run at (0,0) width 132: "Lorem ipsum dolor"
        text run at (132,0) width 4: " "
        text run at (0,19) width 171: "ABCDEFGHIJKLMNOP"
        text run at (0,38) width 115: "QRSTUVWXYZ"
        text run at (115,38) width 4: " "
        text run at (0,57) width 169: "abcdefghijklmnopqrstuv"
        text run at (169,57) width 4: " "
layer at (26,158) size 202x44 clip at (27,159) size 184x42 scrollHeight 80
  RenderTextControl {TEXTAREA} at (17,3) size 202x44 [bgcolor=#FFFFFF] [border: (1px solid #000000)]
    RenderBlock {DIV} at (3,3) size 180x76 [color=#545454]
      RenderText {#text} at (0,0) size 173x76
        text run at (0,0) width 132: "Lorem ipsum dolor"
        text run at (132,0) width 4: " "
        text run at (0,19) width 171: "ABCDEFGHIJKLMNOP"
        text run at (0,38) width 115: "QRSTUVWXYZ"
        text run at (115,38) width 4: " "
        text run at (0,57) width 169: "abcdefghijklmnopqrstuv"
        text run at (169,57) width 4: " "
layer at (26,224) size 218x60 clip at (27,225) size 200x58 scrollHeight 96
  RenderTextControl {TEXTAREA} at (17,3) size 218x60 [bgcolor=#FFFFFF] [border: (1px solid #000000)]
    RenderBlock {DIV} at (11,11) size 180x76
      RenderText {#text} at (0,0) size 173x76
        text run at (0,0) width 132: "Lorem ipsum dolor"
        text run at (132,0) width 4: " "
        text run at (0,19) width 171: "ABCDEFGHIJKLMNOP"
        text run at (0,38) width 115: "QRSTUVWXYZ"
        text run at (115,38) width 4: " "
        text run at (0,57) width 169: "abcdefghijklmnopqrstuv"
        text run at (169,57) width 4: " "
layer at (26,306) size 198x40 clip at (27,307) size 180x38 scrollHeight 76
  RenderTextControl {TEXTAREA} at (17,3) size 198x40 [bgcolor=#FFFFFF] [border: (1px solid #000000)]
    RenderBlock {DIV} at (1,1) size 180x76
      RenderText {#text} at (0,0) size 173x76
        text run at (0,0) width 132: "Lorem ipsum dolor"
        text run at (132,0) width 4: " "
        text run at (0,19) width 171: "ABCDEFGHIJKLMNOP"
        text run at (0,38) width 115: "QRSTUVWXYZ"
        text run at (115,38) width 4: " "
        text run at (0,57) width 169: "abcdefghijklmnopqrstuv"
        text run at (169,57) width 4: " "
layer at (34,376) size 202x44 clip at (35,377) size 184x42 scrollHeight 80
  RenderTextControl {TEXTAREA} at (25,11) size 202x44 [bgcolor=#FFFFFF] [border: (1px solid #000000)]
    RenderBlock {DIV} at (3,3) size 180x76
      RenderText {#text} at (0,0) size 173x76
        text run at (0,0) width 132: "Lorem ipsum dolor"
        text run at (132,0) width 4: " "
        text run at (0,19) width 171: "ABCDEFGHIJKLMNOP"
        text run at (0,38) width 115: "QRSTUVWXYZ"
        text run at (115,38) width 4: " "
        text run at (0,57) width 169: "abcdefghijklmnopqrstuv"
        text run at (169,57) width 4: " "
layer at (24,448) size 202x44 clip at (25,449) size 184x42 scrollHeight 80
  RenderTextControl {TEXTAREA} at (15,1) size 202x44 [bgcolor=#FFFFFF] [border: (1px solid #000000)]
    RenderBlock {DIV} at (3,3) size 180x76
      RenderText {#text} at (0,0) size 173x76
        text run at (0,0) width 132: "Lorem ipsum dolor"
        text run at (132,0) width 4: " "
        text run at (0,19) width 171: "ABCDEFGHIJKLMNOP"
        text run at (0,38) width 115: "QRSTUVWXYZ"
        text run at (115,38) width 4: " "
        text run at (0,57) width 169: "abcdefghijklmnopqrstuv"
        text run at (169,57) width 4: " "
layer at (26,512) size 49x44 clip at (27,513) size 31x42 scrollHeight 498
  RenderTextControl {TEXTAREA} at (17,3) size 49x44 [bgcolor=#FFFFFF] [border: (1px solid #000000)]
    RenderBlock {DIV} at (3,3) size 27x494
      RenderText {#text} at (0,0) size 27x494
        text run at (0,0) width 23: "Lor"
        text run at (0,19) width 22: "em"
        text run at (22,19) width 4: " "
        text run at (0,38) width 21: "ips"
        text run at (0,57) width 22: "um"
        text run at (22,57) width 4: " "
        text run at (0,76) width 22: "dol"
        text run at (0,95) width 14: "or"
        text run at (14,95) width 4: " "
        text run at (0,114) width 22: "AB"
        text run at (0,133) width 24: "CD"
        text run at (0,152) width 21: "EF"
        text run at (0,171) width 24: "GH"
        text run at (0,190) width 23: "IJK"
        text run at (0,209) width 22: "LM"
        text run at (0,228) width 24: "NO"
        text run at (0,247) width 23: "PQ"
        text run at (0,266) width 23: "RS"
        text run at (0,285) width 22: "TU"
        text run at (0,304) width 26: "VW"
        text run at (0,323) width 22: "XY"
        text run at (0,342) width 10: "Z"
        text run at (10,342) width 4: " "
        text run at (0,361) width 26: "abc"
        text run at (0,380) width 22: "def"
        text run at (0,399) width 26: "ghij"
        text run at (0,418) width 25: "klm"
        text run at (0,437) width 27: "nop"
        text run at (0,456) width 26: "qrst"
        text run at (0,475) width 17: "uv"
        text run at (17,475) width 4: " "
layer at (26,578) size 202x63 clip at (27,579) size 184x61 scrollHeight 80
  RenderTextControl {TEXTAREA} at (17,3) size 202x63 [bgcolor=#FFFFFF] [border: (1px solid #000000)]
    RenderBlock {DIV} at (3,3) size 180x76
      RenderText {#text} at (0,0) size 173x76
        text run at (0,0) width 132: "Lorem ipsum dolor"
        text run at (132,0) width 4: " "
        text run at (0,19) width 171: "ABCDEFGHIJKLMNOP"
        text run at (0,38) width 115: "QRSTUVWXYZ"
        text run at (115,38) width 4: " "
        text run at (0,57) width 169: "abcdefghijklmnopqrstuv"
        text run at (169,57) width 4: " "
layer at (26,663) size 112x44 clip at (27,664) size 94x42 scrollHeight 156
  RenderTextControl {TEXTAREA} at (17,3) size 112x44 [bgcolor=#FFFFFF] [border: (1px solid #000000)]
    RenderBlock {DIV} at (3,3) size 90x152
      RenderText {#text} at (0,0) size 87x152
        text run at (0,0) width 45: "Lorem"
        text run at (45,0) width 4: " "
        text run at (0,19) width 83: "ipsum dolor"
        text run at (83,19) width 4: " "
        text run at (0,38) width 79: "ABCDEFG"
        text run at (0,57) width 81: "HIJKLMNO"
        text run at (0,76) width 79: "PQRSTUV"
        text run at (0,95) width 47: "WXYZ"
        text run at (47,95) width 4: " "
        text run at (0,114) width 86: "abcdefghijkl"
        text run at (0,133) width 83: "mnopqrstuv"
        text run at (83,133) width 4: " "
layer at (26,729) size 202x196 clip at (27,730) size 200x194
  RenderTextControl {TEXTAREA} at (17,3) size 202x196 [bgcolor=#FFFFFF] [border: (1px solid #000000)]
    RenderBlock {DIV} at (3,3) size 196x76
      RenderText {#text} at (0,0) size 195x76
        text run at (0,0) width 132: "Lorem ipsum dolor"
        text run at (132,0) width 4: " "
        text run at (0,19) width 195: "ABCDEFGHIJKLMNOPQR"
        text run at (0,38) width 91: "STUVWXYZ"
        text run at (91,38) width 4: " "
        text run at (0,57) width 169: "abcdefghijklmnopqrstuv"
        text run at (169,57) width 4: " "
layer at (26,947) size 67x82 clip at (27,948) size 49x80 scrollHeight 308
  RenderTextControl {TEXTAREA} at (17,3) size 67x82 [bgcolor=#FFFFFF] [border: (1px solid #000000)]
    RenderBlock {DIV} at (3,3) size 45x304
      RenderText {#text} at (0,0) size 45x304
        text run at (0,0) width 45: "Lorem"
        text run at (45,0) width 0: " "
        text run at (0,19) width 43: "ipsum"
        text run at (43,19) width 2: " "
        text run at (0,38) width 36: "dolor"
        text run at (36,38) width 4: " "
        text run at (0,57) width 34: "ABC"
        text run at (0,76) width 45: "DEFG"
        text run at (0,95) width 44: "HIJKL"
        text run at (0,114) width 37: "MNO"
        text run at (0,133) width 35: "PQR"
        text run at (0,152) width 44: "STUV"
        text run at (0,171) width 37: "WXY"
        text run at (0,190) width 10: "Z"
        text run at (10,190) width 4: " "
        text run at (0,209) width 44: "abcde"
        text run at (0,228) width 42: "fghijkl"
        text run at (0,247) width 40: "mnop"
        text run at (0,266) width 43: "qrstuv"
        text run at (0,285) width 4: " "
layer at (376,26) size 60x44 clip at (377,27) size 42x42 scrollHeight 365
  RenderTextControl {TEXTAREA} at (15,3) size 60x44 [bgcolor=#FFFFFF] [border: (1px solid #000000)]
    RenderBlock {DIV} at (3,3) size 38x361
      RenderText {#text} at (0,0) size 38x361
        text run at (0,0) width 32: "Lore"
        text run at (0,19) width 13: "m"
        text run at (13,19) width 4: " "
        text run at (0,38) width 30: "ipsu"
        text run at (0,57) width 13: "m"
        text run at (13,57) width 4: " "
        text run at (0,76) width 36: "dolor"
        text run at (36,76) width 2: " "
        text run at (0,95) width 34: "ABC"
        text run at (0,114) width 33: "DEF"
        text run at (0,133) width 36: "GHIJ"
        text run at (0,152) width 33: "KLM"
        text run at (0,171) width 35: "NOP"
        text run at (0,190) width 35: "QRS"
        text run at (0,209) width 33: "TUV"
        text run at (0,228) width 37: "WXY"
        text run at (0,247) width 10: "Z"
        text run at (10,247) width 4: " "
        text run at (0,266) width 35: "abcd"
        text run at (0,285) width 35: "efghi"
        text run at (0,304) width 38: "jklmn"
        text run at (0,323) width 32: "opqr"
        text run at (0,342) width 29: "stuv"
        text run at (29,342) width 4: " "
layer at (376,92) size 60x80 clip at (377,93) size 42x78 scrollHeight 1332
  RenderTextControl {TEXTAREA} at (15,3) size 60x80 [bgcolor=#FFFFFF] [border: (1px solid #000000)]
    RenderBlock {DIV} at (21,21) size 2x1292
      RenderText {#text} at (0,0) size 15x1292
        text run at (0,0) width 9: "L"
        text run at (0,19) width 9: "o"
        text run at (0,38) width 5: "r"
        text run at (0,57) width 9: "e"
        text run at (0,76) width 13: "m"
        text run at (0,95) width 2: " "
        text run at (0,114) width 4: "i"
        text run at (0,133) width 9: "p"
        text run at (0,152) width 8: "s"
        text run at (0,171) width 9: "u"
        text run at (0,190) width 13: "m"
        text run at (0,209) width 2: " "
        text run at (0,228) width 9: "d"
        text run at (0,247) width 9: "o"
        text run at (0,266) width 4: "l"
        text run at (0,285) width 9: "o"
        text run at (0,304) width 5: "r"
        text run at (0,323) width 2: " "
        text run at (0,342) width 11: "A"
        text run at (0,361) width 11: "B"
        text run at (0,380) width 12: "C"
        text run at (0,399) width 12: "D"
        text run at (0,418) width 11: "E"
        text run at (0,437) width 10: "F"
        text run at (0,456) width 12: "G"
        text run at (0,475) width 12: "H"
        text run at (0,494) width 4: "I"
        text run at (0,513) width 8: "J"
        text run at (0,532) width 11: "K"
        text run at (0,551) width 9: "L"
        text run at (0,570) width 13: "M"
        text run at (0,589) width 12: "N"
        text run at (0,608) width 12: "O"
        text run at (0,627) width 11: "P"
        text run at (0,646) width 12: "Q"
        text run at (0,665) width 12: "R"
        text run at (0,684) width 11: "S"
        text run at (0,703) width 10: "T"
        text run at (0,722) width 12: "U"
        text run at (0,741) width 11: "V"
        text run at (0,760) width 15: "W"
        text run at (0,779) width 11: "X"
        text run at (0,798) width 11: "Y"
        text run at (0,817) width 10: "Z"
        text run at (0,836) width 2: " "
        text run at (0,855) width 9: "a"
        text run at (0,874) width 9: "b"
        text run at (0,893) width 8: "c"
        text run at (0,912) width 9: "d"
        text run at (0,931) width 9: "e"
        text run at (0,950) width 4: "f"
        text run at (0,969) width 9: "g"
        text run at (0,988) width 9: "h"
        text run at (0,1007) width 4: "i"
        text run at (0,1026) width 4: "j"
        text run at (0,1045) width 8: "k"
        text run at (0,1064) width 4: "l"
        text run at (0,1083) width 13: "m"
        text run at (0,1102) width 9: "n"
        text run at (0,1121) width 9: "o"
        text run at (0,1140) width 9: "p"
        text run at (0,1159) width 9: "q"
        text run at (0,1178) width 5: "r"
        text run at (0,1197) width 8: "s"
        text run at (0,1216) width 4: "t"
        text run at (0,1235) width 9: "u"
        text run at (0,1254) width 8: "v"
        text run at (0,1273) width 2: " "
layer at (376,194) size 60x40 clip at (377,195) size 42x38 scrollHeight 361
  RenderTextControl {TEXTAREA} at (15,3) size 60x40 [bgcolor=#FFFFFF] [border: (1px solid #000000)]
    RenderBlock {DIV} at (1,1) size 42x361
      RenderText {#text} at (0,0) size 40x361
        text run at (0,0) width 32: "Lore"
        text run at (0,19) width 13: "m"
        text run at (13,19) width 4: " "
        text run at (0,38) width 30: "ipsu"
        text run at (0,57) width 13: "m"
        text run at (13,57) width 4: " "
        text run at (0,76) width 36: "dolor"
        text run at (36,76) width 4: " "
        text run at (0,95) width 34: "ABC"
        text run at (0,114) width 33: "DEF"
        text run at (0,133) width 36: "GHIJ"
        text run at (0,152) width 33: "KLM"
        text run at (0,171) width 35: "NOP"
        text run at (0,190) width 35: "QRS"
        text run at (0,209) width 33: "TUV"
        text run at (0,228) width 37: "WXY"
        text run at (0,247) width 10: "Z"
        text run at (10,247) width 4: " "
        text run at (0,266) width 35: "abcd"
        text run at (0,285) width 39: "efghij"
        text run at (0,304) width 34: "klmn"
        text run at (0,323) width 40: "opqrs"
        text run at (0,342) width 21: "tuv"
        text run at (21,342) width 4: " "
layer at (378,254) size 202x60 clip at (379,255) size 184x58 scrollHeight 80
  RenderTextControl {TEXTAREA} at (17,1) size 202x60 [bgcolor=#FFFFFF] [border: (1px solid #000000)]
    RenderBlock {DIV} at (3,3) size 180x76
      RenderText {#text} at (0,0) size 173x76
        text run at (0,0) width 132: "Lorem ipsum dolor"
        text run at (132,0) width 4: " "
        text run at (0,19) width 171: "ABCDEFGHIJKLMNOP"
        text run at (0,38) width 115: "QRSTUVWXYZ"
        text run at (115,38) width 4: " "
        text run at (0,57) width 169: "abcdefghijklmnopqrstuv"
        text run at (169,57) width 4: " "
layer at (376,332) size 60x60 clip at (377,333) size 42x58 scrollHeight 365
  RenderTextControl {TEXTAREA} at (15,1) size 60x60 [bgcolor=#FFFFFF] [border: (1px solid #000000)]
    RenderBlock {DIV} at (3,3) size 38x361
      RenderText {#text} at (0,0) size 38x361
        text run at (0,0) width 32: "Lore"
        text run at (0,19) width 13: "m"
        text run at (13,19) width 4: " "
        text run at (0,38) width 30: "ipsu"
        text run at (0,57) width 13: "m"
        text run at (13,57) width 4: " "
        text run at (0,76) width 36: "dolor"
        text run at (36,76) width 2: " "
        text run at (0,95) width 34: "ABC"
        text run at (0,114) width 33: "DEF"
        text run at (0,133) width 36: "GHIJ"
        text run at (0,152) width 33: "KLM"
        text run at (0,171) width 35: "NOP"
        text run at (0,190) width 35: "QRS"
        text run at (0,209) width 33: "TUV"
        text run at (0,228) width 37: "WXY"
        text run at (0,247) width 10: "Z"
        text run at (10,247) width 4: " "
        text run at (0,266) width 35: "abcd"
        text run at (0,285) width 35: "efghi"
        text run at (0,304) width 38: "jklmn"
        text run at (0,323) width 32: "opqr"
        text run at (0,342) width 29: "stuv"
        text run at (29,342) width 4: " "
layer at (378,412) size 202x44 clip at (379,413) size 200x42 scrollHeight 80
  RenderTextControl {TEXTAREA} at (17,3) size 202x44 [bgcolor=#FFFFFF] [border: (1px solid #000000)]
    RenderBlock {DIV} at (3,3) size 196x76
      RenderText {#text} at (0,0) size 195x76
        text run at (0,0) width 132: "Lorem ipsum dolor"
        text run at (132,0) width 4: " "
        text run at (0,19) width 195: "ABCDEFGHIJKLMNOPQR"
        text run at (0,38) width 91: "STUVWXYZ"
        text run at (91,38) width 4: " "
        text run at (0,57) width 169: "abcdefghijklmnopqrstuv"
        text run at (169,57) width 4: " "
layer at (378,478) size 202x60 clip at (379,479) size 184x42 scrollHeight 80
  RenderTextControl {TEXTAREA} at (17,3) size 202x60 [bgcolor=#FFFFFF] [border: (1px solid #000000)]
    RenderBlock {DIV} at (3,3) size 180x76
      RenderText {#text} at (0,0) size 173x76
        text run at (0,0) width 132: "Lorem ipsum dolor"
        text run at (132,0) width 4: " "
        text run at (0,19) width 171: "ABCDEFGHIJKLMNOP"
        text run at (0,38) width 115: "QRSTUVWXYZ"
        text run at (115,38) width 4: " "
        text run at (0,57) width 169: "abcdefghijklmnopqrstuv"
        text run at (169,57) width 4: " "
layer at (376,558) size 60x60 clip at (377,559) size 58x58 scrollHeight 251
  RenderTextControl {TEXTAREA} at (15,1) size 60x60 [bgcolor=#FFFFFF] [border: (1px solid #000000)]
    RenderBlock {DIV} at (3,3) size 54x247
      RenderText {#text} at (0,0) size 53x247
        text run at (0,0) width 45: "Lorem"
        text run at (45,0) width 4: " "
        text run at (0,19) width 43: "ipsum"
        text run at (43,19) width 4: " "
        text run at (0,38) width 36: "dolor"
        text run at (36,38) width 4: " "
        text run at (0,57) width 46: "ABCD"
        text run at (0,76) width 49: "EFGHI"
        text run at (0,95) width 53: "JKLMN"
        text run at (0,114) width 47: "OPQR"
        text run at (0,133) width 44: "STUV"
        text run at (0,152) width 47: "WXYZ"
        text run at (47,152) width 4: " "
        text run at (0,171) width 48: "abcdef"
        text run at (0,190) width 51: "ghijklm"
        text run at (0,209) width 53: "nopqrst"
        text run at (0,228) width 17: "uv"
        text run at (17,228) width 4: " "
layer at (376,636) size 60x60 clip at (377,637) size 42x42 scrollHeight 365
  RenderTextControl {TEXTAREA} at (15,1) size 60x60 [bgcolor=#FFFFFF] [border: (1px solid #000000)]
    RenderBlock {DIV} at (3,3) size 38x361
      RenderText {#text} at (0,0) size 38x361
        text run at (0,0) width 32: "Lore"
        text run at (0,19) width 13: "m"
        text run at (13,19) width 4: " "
        text run at (0,38) width 30: "ipsu"
        text run at (0,57) width 13: "m"
        text run at (13,57) width 4: " "
        text run at (0,76) width 36: "dolor"
        text run at (36,76) width 2: " "
        text run at (0,95) width 34: "ABC"
        text run at (0,114) width 33: "DEF"
        text run at (0,133) width 36: "GHIJ"
        text run at (0,152) width 33: "KLM"
        text run at (0,171) width 35: "NOP"
        text run at (0,190) width 35: "QRS"
        text run at (0,209) width 33: "TUV"
        text run at (0,228) width 37: "WXY"
        text run at (0,247) width 10: "Z"
        text run at (10,247) width 4: " "
        text run at (0,266) width 35: "abcd"
        text run at (0,285) width 35: "efghi"
        text run at (0,304) width 38: "jklmn"
        text run at (0,323) width 32: "opqr"
        text run at (0,342) width 29: "stuv"
        text run at (29,342) width 4: " "
layer at (376,714) size 60x60 clip at (377,715) size 42x58 scrollHeight 365
  RenderTextControl {TEXTAREA} at (15,1) size 60x60 [bgcolor=#FFFFFF] [border: (1px solid #000000)]
    RenderBlock {DIV} at (3,3) size 38x361
      RenderText {#text} at (0,0) size 38x361
        text run at (0,0) width 32: "Lore"
        text run at (0,19) width 13: "m"
        text run at (13,19) width 4: " "
        text run at (0,38) width 30: "ipsu"
        text run at (0,57) width 13: "m"
        text run at (13,57) width 4: " "
        text run at (0,76) width 36: "dolor"
        text run at (36,76) width 2: " "
        text run at (0,95) width 34: "ABC"
        text run at (0,114) width 33: "DEF"
        text run at (0,133) width 36: "GHIJ"
        text run at (0,152) width 33: "KLM"
        text run at (0,171) width 35: "NOP"
        text run at (0,190) width 35: "QRS"
        text run at (0,209) width 33: "TUV"
        text run at (0,228) width 37: "WXY"
        text run at (0,247) width 10: "Z"
        text run at (10,247) width 4: " "
        text run at (0,266) width 35: "abcd"
        text run at (0,285) width 35: "efghi"
        text run at (0,304) width 38: "jklmn"
        text run at (0,323) width 32: "opqr"
        text run at (0,342) width 29: "stuv"
        text run at (29,342) width 4: " "
layer at (376,792) size 60x60 clip at (377,793) size 42x58 scrollHeight 365
  RenderTextControl {TEXTAREA} at (15,1) size 60x60 [bgcolor=#FFFFFF] [border: (1px solid #000000)]
    RenderBlock {DIV} at (3,3) size 38x361
      RenderText {#text} at (0,0) size 38x361
        text run at (0,0) width 32: "Lore"
        text run at (0,19) width 13: "m"
        text run at (13,19) width 4: " "
        text run at (0,38) width 30: "ipsu"
        text run at (0,57) width 13: "m"
        text run at (13,57) width 4: " "
        text run at (0,76) width 36: "dolor"
        text run at (36,76) width 2: " "
        text run at (0,95) width 34: "ABC"
        text run at (0,114) width 33: "DEF"
        text run at (0,133) width 36: "GHIJ"
        text run at (0,152) width 33: "KLM"
        text run at (0,171) width 35: "NOP"
        text run at (0,190) width 35: "QRS"
        text run at (0,209) width 33: "TUV"
        text run at (0,228) width 37: "WXY"
        text run at (0,247) width 10: "Z"
        text run at (10,247) width 4: " "
        text run at (0,266) width 35: "abcd"
        text run at (0,285) width 35: "efghi"
        text run at (0,304) width 38: "jklmn"
        text run at (0,323) width 32: "opqr"
        text run at (0,342) width 29: "stuv"
        text run at (29,342) width 4: " "
layer at (376,870) size 60x60 clip at (377,871) size 42x58 scrollHeight 365
  RenderTextControl {TEXTAREA} at (15,1) size 60x60 [bgcolor=#FFFFFF] [border: (1px solid #000000)]
    RenderBlock {DIV} at (3,3) size 38x361
      RenderText {#text} at (0,0) size 38x361
        text run at (0,0) width 32: "Lore"
        text run at (0,19) width 13: "m"
        text run at (13,19) width 4: " "
        text run at (0,38) width 30: "ipsu"
        text run at (0,57) width 13: "m"
        text run at (13,57) width 4: " "
        text run at (0,76) width 36: "dolor"
        text run at (36,76) width 2: " "
        text run at (0,95) width 34: "ABC"
        text run at (0,114) width 33: "DEF"
        text run at (0,133) width 36: "GHIJ"
        text run at (0,152) width 33: "KLM"
        text run at (0,171) width 35: "NOP"
        text run at (0,190) width 35: "QRS"
        text run at (0,209) width 33: "TUV"
        text run at (0,228) width 37: "WXY"
        text run at (0,247) width 10: "Z"
        text run at (10,247) width 4: " "
        text run at (0,266) width 35: "abcd"
        text run at (0,285) width 35: "efghi"
        text run at (0,304) width 38: "jklmn"
        text run at (0,323) width 32: "opqr"
        text run at (0,342) width 29: "stuv"
        text run at (29,342) width 4: " "
layer at (378,950) size 202x60 clip at (379,951) size 184x42 scrollWidth 245 scrollHeight 308
  RenderTextControl {TEXTAREA} at (17,3) size 202x60 [bgcolor=#FFFFFF] [border: (1px solid #000000)]
    RenderBlock {DIV} at (3,3) size 180x304
      RenderText {#text} at (0,0) size 243x285
        text run at (0,0) width 4: " "
        text run at (4,0) width 0: " "
        text run at (0,19) width 243: "This is a text area with wrap=\"soft\""
        text run at (243,19) width 0: " "
        text run at (0,38) width 243: "This is a text area with wrap=\"soft\""
        text run at (243,38) width 0: " "
        text run at (0,57) width 243: "This is a text area with wrap=\"soft\""
        text run at (243,57) width 0: " "
        text run at (0,76) width 243: "This is a text area with wrap=\"soft\""
        text run at (243,76) width 0: " "
        text run at (0,95) width 243: "This is a text area with wrap=\"soft\""
        text run at (243,95) width 0: " "
        text run at (0,114) width 243: "This is a text area with wrap=\"soft\""
        text run at (243,114) width 0: " "
        text run at (0,133) width 243: "This is a text area with wrap=\"soft\""
        text run at (243,133) width 0: " "
        text run at (0,152) width 243: "This is a text area with wrap=\"soft\""
        text run at (243,152) width 0: " "
        text run at (0,171) width 243: "This is a text area with wrap=\"soft\""
        text run at (243,171) width 0: " "
        text run at (0,190) width 243: "This is a text area with wrap=\"soft\""
        text run at (243,190) width 0: " "
        text run at (0,209) width 243: "This is a text area with wrap=\"soft\""
        text run at (243,209) width 0: " "
        text run at (0,228) width 243: "This is a text area with wrap=\"soft\""
        text run at (243,228) width 0: " "
        text run at (0,247) width 243: "This is a text area with wrap=\"soft\""
        text run at (243,247) width 0: " "
        text run at (0,266) width 243: "This is a text area with wrap=\"soft\""
        text run at (243,266) width 0: " "
      RenderBR {BR} at (0,285) size 0x19
layer at (378,1032) size 202x44 clip at (379,1033) size 184x42 scrollHeight 574
  RenderTextControl {TEXTAREA} at (17,3) size 202x44 [bgcolor=#FFFFFF] [border: (1px solid #000000)]
    RenderBlock {DIV} at (3,3) size 180x570
      RenderText {#text} at (0,0) size 162x551
        text run at (0,0) width 4: " "
        text run at (4,0) width 0: " "
        text run at (0,19) width 158: "This is a text area with"
        text run at (158,19) width 4: " "
        text run at (0,38) width 81: "wrap=\"soft\""
        text run at (81,38) width 0: " "
        text run at (0,57) width 158: "This is a text area with"
        text run at (158,57) width 4: " "
        text run at (0,76) width 81: "wrap=\"soft\""
        text run at (81,76) width 0: " "
        text run at (0,95) width 158: "This is a text area with"
        text run at (158,95) width 4: " "
        text run at (0,114) width 81: "wrap=\"soft\""
        text run at (81,114) width 0: " "
        text run at (0,133) width 158: "This is a text area with"
        text run at (158,133) width 4: " "
        text run at (0,152) width 81: "wrap=\"soft\""
        text run at (81,152) width 0: " "
        text run at (0,171) width 158: "This is a text area with"
        text run at (158,171) width 4: " "
        text run at (0,190) width 81: "wrap=\"soft\""
        text run at (81,190) width 0: " "
        text run at (0,209) width 158: "This is a text area with"
        text run at (158,209) width 4: " "
        text run at (0,228) width 81: "wrap=\"soft\""
        text run at (81,228) width 0: " "
        text run at (0,247) width 158: "This is a text area with"
        text run at (158,247) width 4: " "
        text run at (0,266) width 81: "wrap=\"soft\""
        text run at (81,266) width 0: " "
        text run at (0,285) width 158: "This is a text area with"
        text run at (158,285) width 4: " "
        text run at (0,304) width 81: "wrap=\"soft\""
        text run at (81,304) width 0: " "
        text run at (0,323) width 158: "This is a text area with"
        text run at (158,323) width 4: " "
        text run at (0,342) width 81: "wrap=\"soft\""
        text run at (81,342) width 0: " "
        text run at (0,361) width 158: "This is a text area with"
        text run at (158,361) width 4: " "
        text run at (0,380) width 81: "wrap=\"soft\""
        text run at (81,380) width 0: " "
        text run at (0,399) width 158: "This is a text area with"
        text run at (158,399) width 4: " "
        text run at (0,418) width 81: "wrap=\"soft\""
        text run at (81,418) width 0: " "
        text run at (0,437) width 158: "This is a text area with"
        text run at (158,437) width 4: " "
        text run at (0,456) width 81: "wrap=\"soft\""
        text run at (81,456) width 0: " "
        text run at (0,475) width 158: "This is a text area with"
        text run at (158,475) width 4: " "
        text run at (0,494) width 81: "wrap=\"soft\""
        text run at (81,494) width 0: " "
        text run at (0,513) width 158: "This is a text area with"
        text run at (158,513) width 4: " "
        text run at (0,532) width 81: "wrap=\"soft\""
        text run at (81,532) width 0: " "
      RenderBR {BR} at (0,551) size 0x19
layer at (378,1098) size 202x44 clip at (379,1099) size 184x42 scrollHeight 574
  RenderTextControl {TEXTAREA} at (17,3) size 202x44 [bgcolor=#FFFFFF] [border: (1px solid #000000)]
    RenderBlock {DIV} at (3,3) size 180x570
      RenderText {#text} at (0,0) size 162x551
        text run at (0,0) width 4: " "
        text run at (4,0) width 0: " "
        text run at (0,19) width 158: "This is a text area with"
        text run at (158,19) width 4: " "
        text run at (0,38) width 81: "wrap=\"soft\""
        text run at (81,38) width 0: " "
        text run at (0,57) width 158: "This is a text area with"
        text run at (158,57) width 4: " "
        text run at (0,76) width 81: "wrap=\"soft\""
        text run at (81,76) width 0: " "
        text run at (0,95) width 158: "This is a text area with"
        text run at (158,95) width 4: " "
        text run at (0,114) width 81: "wrap=\"soft\""
        text run at (81,114) width 0: " "
        text run at (0,133) width 158: "This is a text area with"
        text run at (158,133) width 4: " "
        text run at (0,152) width 81: "wrap=\"soft\""
        text run at (81,152) width 0: " "
        text run at (0,171) width 158: "This is a text area with"
        text run at (158,171) width 4: " "
        text run at (0,190) width 81: "wrap=\"soft\""
        text run at (81,190) width 0: " "
        text run at (0,209) width 158: "This is a text area with"
        text run at (158,209) width 4: " "
        text run at (0,228) width 81: "wrap=\"soft\""
        text run at (81,228) width 0: " "
        text run at (0,247) width 158: "This is a text area with"
        text run at (158,247) width 4: " "
        text run at (0,266) width 81: "wrap=\"soft\""
        text run at (81,266) width 0: " "
        text run at (0,285) width 158: "This is a text area with"
        text run at (158,285) width 4: " "
        text run at (0,304) width 81: "wrap=\"soft\""
        text run at (81,304) width 0: " "
        text run at (0,323) width 158: "This is a text area with"
        text run at (158,323) width 4: " "
        text run at (0,342) width 81: "wrap=\"soft\""
        text run at (81,342) width 0: " "
        text run at (0,361) width 158: "This is a text area with"
        text run at (158,361) width 4: " "
        text run at (0,380) width 81: "wrap=\"soft\""
        text run at (81,380) width 0: " "
        text run at (0,399) width 158: "This is a text area with"
        text run at (158,399) width 4: " "
        text run at (0,418) width 81: "wrap=\"soft\""
        text run at (81,418) width 0: " "
        text run at (0,437) width 158: "This is a text area with"
        text run at (158,437) width 4: " "
        text run at (0,456) width 81: "wrap=\"soft\""
        text run at (81,456) width 0: " "
        text run at (0,475) width 158: "This is a text area with"
        text run at (158,475) width 4: " "
        text run at (0,494) width 81: "wrap=\"soft\""
        text run at (81,494) width 0: " "
        text run at (0,513) width 158: "This is a text area with"
        text run at (158,513) width 4: " "
        text run at (0,532) width 81: "wrap=\"soft\""
        text run at (81,532) width 0: " "
      RenderBR {BR} at (0,551) size 0x19
