layer at (0,0) size 784x664
  RenderView at (0,0) size 784x600
layer at (0,0) size 784x664
  RenderBlock {HTML} at (0,0) size 784x664
    RenderBody {BODY} at (8,8) size 768x648
      RenderBlock {DIV} at (0,0) size 768x648 [border: (1px solid #FF0000)]
        RenderText {#text} at (1,8) size 164x19
          text run at (1,8) width 164: "Whitespace in option text:"
        RenderMenuList {SELECT} at (167,3) size 57x29 [bgcolor=#FFFFFF] [border: (1px solid #000000)]
          RenderBlock (anonymous) at (1,1) size 55x27
            RenderText at (4,4) size 30x19
              text run at (4,4) width 30: "f o o"
        RenderText {#text} at (226,8) size 7x19
          text run at (226,8) width 7: "a"
        RenderMenuList {SELECT} at (235,3) size 57x29 [bgcolor=#FFFFFF] [border: (1px solid #000000)]
          RenderBlock (anonymous) at (1,1) size 55x27
            RenderText at (4,4) size 30x19
              text run at (4,4) width 30: "f o o"
        RenderText {#text} at (294,8) size 8x19
          text run at (294,8) width 8: "b"
        RenderBR {BR} at (302,8) size 0x19
        RenderBR {BR} at (1,33) size 0x19
        RenderText {#text} at (1,57) size 135x19
          text run at (1,57) width 135: "Simple select control:"
        RenderMenuList {SELECT} at (138,52) size 50x29 [bgcolor=#FFFFFF] [border: (1px solid #000000)]
          RenderBlock (anonymous) at (1,1) size 48x27
            RenderText at (4,4) size 22x19
              text run at (4,4) width 22: "foo"
        RenderText {#text} at (190,57) size 7x19
          text run at (190,57) width 7: "a"
        RenderMenuList {SELECT} at (199,52) size 50x29 [color=#808080] [bgcolor=#FFFFFF] [border: (1px solid #808080)]
          RenderBlock (anonymous) at (1,1) size 48x27
            RenderText at (4,4) size 22x19
              text run at (4,4) width 22: "foo"
        RenderText {#text} at (251,57) size 8x19
          text run at (251,57) width 8: "b"
        RenderBR {BR} at (259,57) size 0x19
        RenderBR {BR} at (1,82) size 0x19
        RenderText {#text} at (1,106) size 194x19
          text run at (1,106) width 194: "Line-height should be ignored:"
        RenderMenuList {SELECT} at (197,101) size 49x29 [bgcolor=#FFFFFF] [border: (1px solid #000000)]
          RenderBlock (anonymous) at (1,1) size 47x27
            RenderText at (4,4) size 22x19
              text run at (4,4) width 22: "foo"
        RenderText {#text} at (248,106) size 7x19
          text run at (248,106) width 7: "a"
        RenderMenuList {SELECT} at (257,101) size 50x29 [color=#808080] [bgcolor=#FFFFFF] [border: (1px solid #808080)]
          RenderBlock (anonymous) at (1,1) size 48x27
            RenderText at (4,4) size 22x19
              text run at (4,4) width 22: "foo"
        RenderText {#text} at (309,106) size 8x19
          text run at (309,106) width 8: "b"
        RenderBR {BR} at (317,106) size 0x19
        RenderBR {BR} at (1,131) size 0x19
        RenderText {#text} at (1,159) size 434x19
          text run at (1,159) width 434: "Padding should be respected, the arrow button shouldn't change size:"
        RenderMenuList {SELECT} at (437,150) size 57x37 [bgcolor=#FFFFFF] [border: (1px solid #000000)]
          RenderBlock (anonymous) at (5,5) size 47x27
            RenderText at (4,4) size 22x19
              text run at (4,4) width 22: "foo"
        RenderText {#text} at (496,159) size 7x19
          text run at (496,159) width 7: "a"
        RenderMenuList {SELECT} at (505,150) size 57x37 [color=#808080] [bgcolor=#FFFFFF] [border: (1px solid #808080)]
          RenderBlock (anonymous) at (5,5) size 47x27
            RenderText at (4,4) size 22x19
              text run at (4,4) width 22: "foo"
        RenderText {#text} at (564,159) size 8x19
          text run at (564,159) width 8: "b"
        RenderBR {BR} at (572,159) size 0x19
        RenderBR {BR} at (1,188) size 0x19
        RenderText {#text} at (1,219) size 176x19
          text run at (1,219) width 176: "Border should be respected:"
        RenderMenuList {SELECT} at (179,207) size 63x43 [bgcolor=#FFFFFF] [border: (8px solid #33CCFF)]
          RenderBlock (anonymous) at (8,8) size 47x27
            RenderText at (4,4) size 22x19
              text run at (4,4) width 22: "foo"
        RenderText {#text} at (244,219) size 7x19
          text run at (244,219) width 7: "a"
        RenderMenuList {SELECT} at (253,207) size 63x43 [color=#808080] [bgcolor=#FFFFFF] [border: (8px solid #33CCFF)]
          RenderBlock (anonymous) at (8,8) size 47x27
            RenderText at (4,4) size 22x19
              text run at (4,4) width 22: "foo"
        RenderText {#text} at (318,219) size 8x19
          text run at (318,219) width 8: "b"
        RenderBR {BR} at (326,219) size 0x19
        RenderBR {BR} at (1,251) size 0x19
        RenderText {#text} at (1,283) size 116x19
          text run at (1,283) width 116: "Border + padding:"
        RenderMenuList {SELECT} at (119,270) size 65x45 [bgcolor=#FFFFFF] [border: (4px solid #33CCFF)]
          RenderBlock (anonymous) at (9,9) size 47x27
            RenderText at (4,4) size 22x19
              text run at (4,4) width 22: "foo"
        RenderText {#text} at (186,283) size 7x19
          text run at (186,283) width 7: "a"
        RenderMenuList {SELECT} at (195,270) size 65x45 [color=#808080] [bgcolor=#FFFFFF] [border: (4px solid #33CCFF)]
          RenderBlock (anonymous) at (9,9) size 47x27
            RenderText at (4,4) size 22x19
              text run at (4,4) width 22: "foo"
        RenderText {#text} at (262,283) size 8x19
          text run at (262,283) width 8: "b"
        RenderBR {BR} at (270,283) size 0x19
        RenderBR {BR} at (1,316) size 0x19
        RenderText {#text} at (1,338) size 481x19
          text run at (1,338) width 481: "Height larger than font-size, button should grow, text baseline should center:"
        RenderMenuList {SELECT} at (484,333) size 49x30 [bgcolor=#FFFFFF] [border: (1px solid #000000)]
          RenderBlock (anonymous) at (1,1) size 47x27
            RenderText at (4,4) size 22x19
              text run at (4,4) width 22: "foo"
        RenderText {#text} at (535,338) size 7x19
          text run at (535,338) width 7: "a"
        RenderMenuList {SELECT} at (544,333) size 49x30 [color=#808080] [bgcolor=#FFFFFF] [border: (1px solid #808080)]
          RenderBlock (anonymous) at (1,1) size 47x27
            RenderText at (4,4) size 22x19
              text run at (4,4) width 22: "foo"
        RenderText {#text} at (595,338) size 8x19
          text run at (595,338) width 8: "b"
        RenderBR {BR} at (603,338) size 0x19
        RenderBR {BR} at (1,362) size 0x19
        RenderText {#text} at (1,378) size 502x19
          text run at (1,378) width 502: "Heigh smaller than font-size, whole select shrinks and is baselined with the text:"
        RenderMenuList {SELECT} at (505,390) size 50x3 [bgcolor=#FFFFFF] [border: (1px solid #000000)]
          RenderBlock (anonymous) at (1,1) size 48x27
            RenderText at (4,4) size 22x19
              text run at (4,4) width 22: "foo"
        RenderText {#text} at (557,378) size 7x19
          text run at (557,378) width 7: "a"
        RenderMenuList {SELECT} at (566,390) size 50x3 [bgcolor=#FFFFFF] [border: (1px solid #000000)]
          RenderBlock (anonymous) at (1,1) size 48x27
            RenderText at (4,4) size 22x19
              text run at (4,4) width 22: "foo"
        RenderText {#text} at (618,378) size 8x19
          text run at (618,378) width 8: "b"
        RenderBR {BR} at (626,378) size 0x19
        RenderBR {BR} at (1,394) size 0x19
        RenderText {#text} at (1,410) size 168x19
          text run at (1,410) width 168: "select control with size=0: "
        RenderBR {BR} at (169,410) size 0x19
        RenderMenuList {SELECT} at (3,429) size 251x29 [bgcolor=#FFFFFF] [border: (1px solid #000000)]
          RenderBlock (anonymous) at (1,1) size 249x27
            RenderText at (4,4) size 96x19
              text run at (4,4) width 96: "Future Series"
        RenderText {#text} at (256,434) size 4x19
          text run at (256,434) width 4: " "
        RenderBR {BR} at (0,0) size 0x0
        RenderText {#text} at (1,459) size 168x19
          text run at (1,459) width 168: "select control with size=1: "
        RenderBR {BR} at (169,459) size 0x19
        RenderMenuList {SELECT} at (3,478) size 251x29 [bgcolor=#FFFFFF] [border: (1px solid #000000)]
          RenderBlock (anonymous) at (1,1) size 249x27
            RenderText at (4,4) size 96x19
              text run at (4,4) width 96: "Future Series"
        RenderText {#text} at (256,483) size 4x19
          text run at (256,483) width 4: " "
        RenderBR {BR} at (0,0) size 0x0
        RenderText {#text} at (1,508) size 165x19
          text run at (1,508) width 165: "Non-styled select control: "
        RenderBR {BR} at (166,508) size 0x19
        RenderMenuList {SELECT} at (3,527) size 271x49 [bgcolor=#FFFFFF] [border: (1px solid #000000)]
          RenderBlock (anonymous) at (11,11) size 249x27
            RenderText at (4,4) size 96x19
              text run at (4,4) width 96: "Future Series"
        RenderText {#text} at (276,542) size 4x19
          text run at (276,542) width 4: " "
        RenderBR {BR} at (0,0) size 0x0
        RenderText {#text} at (1,577) size 290x19
          text run at (1,577) width 290: "Styled select control with large border-radius: "
        RenderBR {BR} at (291,577) size 0x19
        RenderMenuList {SELECT} at (3,596) size 271x49 [bgcolor=#33CCFF] [border: (1px solid #000000)]
          RenderBlock (anonymous) at (11,11) size 249x27
            RenderText at (4,4) size 96x19
              text run at (4,4) width 96: "Future Series"
        RenderText {#text} at (276,611) size 4x19
          text run at (276,611) width 4: " "
        RenderBR {BR} at (0,0) size 0x0
