layer at (0,0) size 800x600
  RenderView at (0,0) size 800x600
layer at (0,0) size 800x600
  RenderBlock {HTML} at (0,0) size 800x600
    RenderBody {BODY} at (8,8) size 784x584
      RenderBlock {P} at (0,0) size 784x36
        RenderText {#text} at (0,0) size 213x17
          text run at (0,0) width 213: "This tests for regressions against "
        RenderInline {I} at (0,0) size 738x35
          RenderInline {A} at (0,0) size 355x17 [color=#0000EE]
            RenderText {#text} at (212,0) size 355x17
              text run at (212,0) width 355: "http://bugzilla.opendarwin.org/show_bug.cgi?id=8420"
          RenderText {#text} at (566,0) size 738x35
            text run at (566,0) width 5: " "
            text run at (570,0) width 168: "iExploder(#12): Assertion"
            text run at (0,18) width 302: "failure in RenderContainer::removeChildNode"
        RenderText {#text} at (301,18) size 5x17
          text run at (301,18) width 5: "."
      RenderBlock {P} at (0,52) size 784x36
        RenderText {#text} at (0,0) size 716x35
          text run at (0,0) width 568: "In the render tree, the button should have only one child, an anonymous block wrapping "
          text run at (567,0) width 149: "all of the button's other"
          text run at (0,18) width 82: "descendants."
      RenderBlock {HR} at (0,104) size 784x2 [border: (1px inset #000000)]
      RenderBlock (anonymous) at (0,114) size 784x13
        RenderButton {BUTTON} at (2,2) size 16x9 [bgcolor=#C0C0C0] [border: (2px outset #C0C0C0)]
          RenderBlock (anonymous) at (8,4) size 0x0
            RenderBlock (anonymous) at (0,0) size 0x0
              RenderInline {SPAN} at (0,0) size 0x0
            RenderBlock (anonymous) at (0,0) size 0x0
              RenderBlock {DIV} at (0,0) size 0x0
            RenderBlock (anonymous) at (0,0) size 0x0
              RenderInline {SPAN} at (0,0) size 0x0
        RenderText {#text} at (0,0) size 0x0
