layer at (0,0) size 784x650
  RenderView at (0,0) size 784x600
layer at (0,0) size 784x650
  RenderBlock {HTML} at (0,0) size 784x650
    RenderBody {BODY} at (8,8) size 768x634
      RenderBlock {H3} at (0,0) size 768x22
        RenderText {#text} at (0,0) size 193x21
          text run at (0,0) width 193: "<input type=\"submit\">"
      RenderBlock {P} at (0,40) size 768x18
        RenderText {#text} at (0,0) size 352x17
          text run at (0,0) width 352: "This button should have the default submit button title:"
      RenderBlock (anonymous) at (0,74) size 768x21
        RenderButton {INPUT} at (0,0) size 80x21 [bgcolor=#008000] [border: (2px outset #C0C0C0)]
          RenderBlock (anonymous) at (8,4) size 64x18
            RenderText at (7,0) size 50x17
              text run at (7,0) width 50: "Submit"
        RenderText {#text} at (0,0) size 0x0
      RenderBlock {P} at (0,111) size 768x18
        RenderText {#text} at (0,0) size 300x17
          text run at (0,0) width 300: "This button should should have the title \"Foo\":"
      RenderBlock (anonymous) at (0,145) size 768x21
        RenderButton {INPUT} at (0,0) size 80x21 [bgcolor=#008000] [border: (2px outset #C0C0C0)]
          RenderBlock (anonymous) at (8,4) size 64x18
            RenderText at (18,0) size 28x17
              text run at (18,0) width 28: "Foo"
        RenderText {#text} at (0,0) size 0x0
      RenderBlock {P} at (0,182) size 768x18
        RenderText {#text} at (0,0) size 316x17
          text run at (0,0) width 316: "This button should have a single space in its title:"
      RenderBlock (anonymous) at (0,216) size 768x21
        RenderButton {INPUT} at (0,0) size 80x21 [bgcolor=#008000] [border: (2px outset #C0C0C0)]
          RenderBlock (anonymous) at (8,4) size 64x18
            RenderText at (29,0) size 6x17
              text run at (29,0) width 6: " "
        RenderText {#text} at (0,0) size 0x0
      RenderBlock {P} at (0,253) size 768x18
        RenderText {#text} at (0,0) size 208x17
          text run at (0,0) width 208: "This button should have no title:"
      RenderBlock (anonymous) at (0,287) size 768x21
        RenderButton {INPUT} at (0,0) size 80x21 [bgcolor=#008000] [border: (2px outset #C0C0C0)]
        RenderText {#text} at (0,0) size 0x0
      RenderBlock {H3} at (0,326) size 768x22
        RenderText {#text} at (0,0) size 176x21
          text run at (0,0) width 176: "<input type=\"reset\">"
      RenderBlock {P} at (0,366) size 768x18
        RenderText {#text} at (0,0) size 339x17
          text run at (0,0) width 339: "This button should have the default reset button title:"
      RenderBlock (anonymous) at (0,400) size 768x21
        RenderButton {INPUT} at (0,0) size 80x21 [bgcolor=#008000] [border: (2px outset #C0C0C0)]
          RenderBlock (anonymous) at (8,4) size 64x18
            RenderText at (11,0) size 42x17
              text run at (11,0) width 42: "Reset"
        RenderText {#text} at (0,0) size 0x0
      RenderBlock {P} at (0,437) size 768x18
        RenderText {#text} at (0,0) size 300x17
          text run at (0,0) width 300: "This button should should have the title \"Foo\":"
      RenderBlock (anonymous) at (0,471) size 768x21
        RenderButton {INPUT} at (0,0) size 80x21 [bgcolor=#008000] [border: (2px outset #C0C0C0)]
          RenderBlock (anonymous) at (8,4) size 64x18
            RenderText at (18,0) size 28x17
              text run at (18,0) width 28: "Foo"
        RenderText {#text} at (0,0) size 0x0
      RenderBlock {P} at (0,508) size 768x18
        RenderText {#text} at (0,0) size 316x17
          text run at (0,0) width 316: "This button should have a single space in its title:"
      RenderBlock (anonymous) at (0,542) size 768x21
        RenderButton {INPUT} at (0,0) size 80x21 [bgcolor=#008000] [border: (2px outset #C0C0C0)]
          RenderBlock (anonymous) at (8,4) size 64x18
            RenderText at (29,0) size 6x17
              text run at (29,0) width 6: " "
        RenderText {#text} at (0,0) size 0x0
      RenderBlock {P} at (0,579) size 768x18
        RenderText {#text} at (0,0) size 208x17
          text run at (0,0) width 208: "This button should have no title:"
      RenderBlock (anonymous) at (0,613) size 768x21
        RenderButton {INPUT} at (0,0) size 80x21 [bgcolor=#008000] [border: (2px outset #C0C0C0)]
        RenderText {#text} at (0,0) size 0x0
