layer at (0,0) size 800x600
  RenderView at (0,0) size 800x600
layer at (0,0) size 800x600
  RenderBlock {HTML} at (0,0) size 800x600
    RenderBody {BODY} at (8,8) size 784x572
      RenderBlock {P} at (0,0) size 784x36
        RenderText {#text} at (0,0) size 55x17
          text run at (0,0) width 55: "Test for "
        RenderInline {I} at (0,0) size 772x35
          RenderInline {A} at (0,0) size 306x17 [color=#0000EE]
            RenderText {#text} at (54,0) size 306x17
              text run at (54,0) width 306: "http://bugs.webkit.org/show_bug.cgi?id=17033"
          RenderText {#text} at (359,0) size 772x35
            text run at (359,0) width 5: " "
            text run at (363,0) width 409: "REGRESSION: Really long <option> causes unnecessary page"
            text run at (0,18) width 230: "scroll bars to accommodate content"
        RenderText {#text} at (229,18) size 5x17
          text run at (229,18) width 5: "."
      RenderBlock {P} at (0,52) size 784x18
        RenderText {#text} at (0,0) size 408x17
          text run at (0,0) width 408: "There should not be scroll bars below the popup and the button."
layer at (8,94) size 100x50
  RenderBlock {DIV} at (0,86) size 100x50
    RenderMenuList {SELECT} at (0,2) size 80x28 [bgcolor=#FFFFFF] [border: (1px solid #000000)]
      RenderBlock (anonymous) at (1,1) size 78x26
        RenderText at (4,4) size 193x17
          text run at (4,4) width 193: "Lorem ipsum dolor sit amet"
    RenderText {#text} at (0,0) size 0x0
layer at (8,164) size 100x50
  RenderBlock {DIV} at (0,156) size 100x50
    RenderButton {BUTTON} at (0,2) size 80x27 [bgcolor=#C0C0C0] [border: (2px outset #C0C0C0)]
      RenderBlock (anonymous) at (8,4) size 64x18
        RenderText {#text} at (0,0) size 193x17
          text run at (0,0) width 193: "Lorem ipsum dolor sit amet"
    RenderText {#text} at (0,0) size 0x0
