layer at (0,0) size 800x600
  RenderView at (0,0) size 800x600
layer at (0,0) size 800x600
  RenderBlock {HTML} at (0,0) size 800x600
    RenderBody {BODY} at (8,8) size 784x584
      RenderText {#text} at (0,0) size 519x19
        text run at (0,0) width 519: "This tests that we don't honor line-height for controls that have restricted font size. "
      RenderBR {BR} at (0,0) size 0x0
      RenderMenuList {SELECT} at (2,21) size 386x27 [bgcolor=#FFFFFF] [border: (1px solid #000000)]
        RenderBlock (anonymous) at (1,1) size 384x25
          RenderText at (3,3) size 358x19
            text run at (3,3) width 358: "This text should be centered vertically in the button"
      RenderText {#text} at (390,25) size 4x19
        text run at (390,25) width 4: " "
      RenderBR {BR} at (0,0) size 0x0
      RenderButton {INPUT} at (2,52) size 374x28 [bgcolor=#C0C0C0] [border: (2px outset #C0C0C0)]
        RenderBlock (anonymous) at (8,4) size 358x19
          RenderText at (0,0) size 358x19
            text run at (0,0) width 358: "This text should be centered vertically in the button"
      RenderText {#text} at (378,56) size 4x19
        text run at (378,56) width 4: " "
      RenderBR {BR} at (0,0) size 0x0
      RenderTextControl {INPUT} at (2,84) size 194x25 [bgcolor=#FFFFFF] [border: (2px inset #000000)]
        RenderBlock {DIV} at (3,2) size 188x20
          RenderBlock {DIV} at (0,16) size 0x0
          RenderBlock {DIV} at (172,0) size 16x16
      RenderText {#text} at (0,0) size 0x0
layer at (13,95) size 172x19 scrollWidth 360
  RenderBlock {DIV} at (0,1) size 172x19
    RenderText {#text} at (1,0) size 358x19
      text run at (1,0) width 358: "This text should be centered vertically in the button"
