layer at (0,0) size 800x600
  RenderView at (0,0) size 800x600
layer at (0,0) size 800x600
  RenderBlock {HTML} at (0,0) size 800x600
    RenderBody {BODY} at (8,8) size 784x584
      RenderMenuList {SELECT} at (2,2) size 70x28 [color=#808080] [bgcolor=#FFFFFF] [border: (1px solid #808080)]
        RenderBlock (anonymous) at (1,1) size 68x26
          RenderText at (4,4) size 43x17
            text run at (4,4) width 43: "PASS"
      RenderBR {BR} at (74,21) size 0x0
      RenderMenuList {SELECT} at (2,34) size 70x28 [color=#808080] [bgcolor=#FFFFFF] [border: (1px solid #808080)]
        RenderBlock (anonymous) at (1,1) size 68x26
          RenderText at (4,4) size 43x17
            text run at (4,4) width 43: "PASS"
      RenderBR {BR} at (74,53) size 0x0
      RenderMenuList {SELECT} at (2,66) size 70x28 [bgcolor=#FFFFFF] [border: (1px solid #000000)]
        RenderBlock (anonymous) at (1,1) size 68x26
          RenderText at (4,4) size 43x17
            text run at (4,4) width 43: "PASS"
      RenderBR {BR} at (74,85) size 0x0
      RenderMenuList {SELECT} at (2,98) size 70x28 [bgcolor=#FFFFFF] [border: (1px solid #000000)]
        RenderBlock (anonymous) at (1,1) size 68x26
          RenderText at (4,4) size 43x17
            text run at (4,4) width 43: "PASS"
      RenderBR {BR} at (74,117) size 0x0
      RenderListBox {SELECT} at (2,130) size 65x73 [color=#808080] [bgcolor=#FFFFFF] [border: (1px inset #808080)]
      RenderBR {BR} at (69,198) size 0x0
      RenderListBox {SELECT} at (2,207) size 65x73 [color=#808080] [bgcolor=#FFFFFF] [border: (1px inset #808080)]
      RenderBR {BR} at (69,275) size 0x0
      RenderListBox {SELECT} at (2,284) size 65x73 [bgcolor=#FFFFFF] [border: (1px inset #808080)]
      RenderBR {BR} at (69,352) size 0x0
      RenderListBox {SELECT} at (2,361) size 65x73 [bgcolor=#FFFFFF] [border: (1px inset #808080)]
      RenderBR {BR} at (69,429) size 0x0
      RenderText {#text} at (0,436) size 497x17
        text run at (0,436) width 497: "PASS: sel1 correctly set to selectedIndex 1 by sel1.options[1].selected = true."
      RenderBR {BR} at (496,450) size 1x0
      RenderText {#text} at (0,454) size 447x17
        text run at (0,454) width 447: "PASS: sel2 correctly set to selectedIndex 1 by sel2.selectedIndex = 1."
      RenderBR {BR} at (446,468) size 1x0
      RenderText {#text} at (0,472) size 497x17
        text run at (0,472) width 497: "PASS: sel3 correctly set to selectedIndex 1 by sel3.options[1].selected = true."
      RenderBR {BR} at (496,486) size 1x0
      RenderText {#text} at (0,490) size 447x17
        text run at (0,490) width 447: "PASS: sel4 correctly set to selectedIndex 1 by sel4.selectedIndex = 1."
      RenderBR {BR} at (446,504) size 1x0
      RenderText {#text} at (0,508) size 497x17
        text run at (0,508) width 497: "PASS: sel5 correctly set to selectedIndex 1 by sel5.options[1].selected = true."
      RenderBR {BR} at (496,522) size 1x0
      RenderText {#text} at (0,526) size 447x17
        text run at (0,526) width 447: "PASS: sel6 correctly set to selectedIndex 1 by sel6.selectedIndex = 1."
      RenderBR {BR} at (446,540) size 1x0
      RenderText {#text} at (0,544) size 497x17
        text run at (0,544) width 497: "PASS: sel7 correctly set to selectedIndex 1 by sel7.options[1].selected = true."
      RenderBR {BR} at (496,558) size 1x0
      RenderText {#text} at (0,562) size 447x17
        text run at (0,562) width 447: "PASS: sel8 correctly set to selectedIndex 1 by sel8.selectedIndex = 1."
      RenderBR {BR} at (446,576) size 1x0
