layer at (0,0) size 800x600
  RenderView at (0,0) size 800x600
layer at (0,0) size 800x600
  RenderBlock {HTML} at (0,0) size 800x600
    RenderBody {BODY} at (8,8) size 784x584
      RenderBlock {FORM} at (0,0) size 784x22
        RenderBlock {INPUT} at (4,3) size 16x16
        RenderText {#text} at (24,3) size 34x17
          text run at (24,3) width 34: "Two "
        RenderBlock {INPUT} at (61,3) size 16x16
        RenderText {#text} at (81,3) size 38x17
          text run at (81,3) width 38: "Three"
      RenderBlock {FORM} at (0,38) size 784x22
        RenderBlock {INPUT} at (4,3) size 16x16
        RenderText {#text} at (24,3) size 31x17
          text run at (24,3) width 31: "One "
        RenderBlock {INPUT} at (59,3) size 16x16
        RenderText {#text} at (78,3) size 34x17
          text run at (78,3) width 34: "Two "
        RenderBlock {INPUT} at (116,3) size 16x16
        RenderText {#text} at (135,3) size 43x17
          text run at (135,3) width 43: "Three "
        RenderBlock {INPUT} at (181,3) size 16x16
        RenderText {#text} at (201,3) size 27x17
          text run at (201,3) width 27: "One"
      RenderBlock (anonymous) at (0,76) size 784x36
        RenderText {#text} at (0,0) size 779x35
          text run at (0,0) width 514: "The count of the # of elements in form 1 should be 2 and in form 2 should be 4. "
          text run at (513,0) width 266: "The count in form 1 is 2, and the count in"
          text run at (0,18) width 70: "form 2 is 4"
