layer at (0,0) size 784x756
  RenderView at (0,0) size 784x600
layer at (0,0) size 784x756
  RenderBlock {HTML} at (0,0) size 784x756
    RenderBody {BODY} at (8,8) size 768x740
      RenderBlock {H1} at (0,0) size 768x37
        RenderText {#text} at (0,0) size 422x36
          text run at (0,0) width 422: "Form Element Geometry Tests"
      RenderBlock {P} at (0,58) size 768x19
        RenderText {#text} at (0,0) size 540x19
          text run at (0,0) width 540: "These tests help us tune the widget classes in KWQ to have all the right fudge factors."
      RenderBlock {H2} at (0,96) size 768x28
        RenderText {#text} at (0,0) size 165x28
          text run at (0,0) width 165: "Bounding Boxes"
      RenderTable {TABLE} at (0,143) size 193x39
        RenderTableSection {TBODY} at (0,0) size 193x39
          RenderTableRow {TR} at (0,2) size 193x35
            RenderTableCell {TD} at (2,2) size 66x34 [r=0 c=0 rs=1 cs=1]
              RenderBlock {DIV} at (1,1) size 64x32 [border: (2px solid #0000FF)]
                RenderInline {FONT} at (0,0) size 60x28
                  RenderButton {INPUT} at (2,2) size 60x28 [bgcolor=#C0C0C0] [border: (2px outset #C0C0C0)]
                    RenderBlock (anonymous) at (8,4) size 44x19
                      RenderText at (0,0) size 44x19
                        text run at (0,0) width 44: "button"
            RenderTableCell {TD} at (70,2) size 73x35 [r=0 c=1 rs=1 cs=1]
              RenderBlock {DIV} at (1,1) size 71x33 [border: (2px solid #0000FF)]
                RenderInline {FONT} at (0,0) size 67x28
                  RenderMenuList {SELECT} at (2,2) size 67x29 [bgcolor=#FFFFFF] [border: (1px solid #000000)]
                    RenderBlock (anonymous) at (1,1) size 65x27
                      RenderText at (4,4) size 40x19
                        text run at (4,4) width 40: "menu"
            RenderTableCell {TD} at (145,8) size 22x22 [r=0 c=2 rs=1 cs=1]
              RenderBlock {DIV} at (1,1) size 20x20 [border: (2px solid #0000FF)]
                RenderInline {FONT} at (0,0) size 16x28
                  RenderBlock {INPUT} at (2,2) size 16x16
            RenderTableCell {TD} at (169,8) size 22x22 [r=0 c=3 rs=1 cs=1]
              RenderBlock {DIV} at (1,1) size 20x20 [border: (2px solid #0000FF)]
                RenderInline {FONT} at (0,0) size 16x28
                  RenderBlock {INPUT} at (2,2) size 16x16
      RenderTable {TABLE} at (0,182) size 193x39
        RenderTableSection {TBODY} at (0,0) size 193x39
          RenderTableRow {TR} at (0,2) size 193x35
            RenderTableCell {TD} at (2,2) size 66x34 [r=0 c=0 rs=1 cs=1]
              RenderBlock {DIV} at (1,1) size 64x32 [border: (2px solid #0000FF)]
                RenderButton {INPUT} at (2,2) size 60x28 [bgcolor=#C0C0C0] [border: (2px outset #C0C0C0)]
                  RenderBlock (anonymous) at (8,4) size 44x19
                    RenderText at (0,0) size 44x19
                      text run at (0,0) width 44: "button"
            RenderTableCell {TD} at (70,2) size 73x35 [r=0 c=1 rs=1 cs=1]
              RenderBlock {DIV} at (1,1) size 71x33 [border: (2px solid #0000FF)]
                RenderMenuList {SELECT} at (2,2) size 67x29 [bgcolor=#FFFFFF] [border: (1px solid #000000)]
                  RenderBlock (anonymous) at (1,1) size 65x27
                    RenderText at (4,4) size 40x19
                      text run at (4,4) width 40: "menu"
            RenderTableCell {TD} at (145,8) size 22x22 [r=0 c=2 rs=1 cs=1]
              RenderBlock {DIV} at (1,1) size 20x20 [border: (2px solid #0000FF)]
                RenderBlock {INPUT} at (2,2) size 16x16
            RenderTableCell {TD} at (169,8) size 22x22 [r=0 c=3 rs=1 cs=1]
              RenderBlock {DIV} at (1,1) size 20x20 [border: (2px solid #0000FF)]
                RenderBlock {INPUT} at (2,2) size 16x16
      RenderTable {TABLE} at (0,221) size 193x39
        RenderTableSection {TBODY} at (0,0) size 193x39
          RenderTableRow {TR} at (0,2) size 193x35
            RenderTableCell {TD} at (2,2) size 66x34 [r=0 c=0 rs=1 cs=1]
              RenderBlock {DIV} at (1,1) size 64x32 [border: (2px solid #0000FF)]
                RenderInline {FONT} at (0,0) size 60x12
                  RenderButton {INPUT} at (2,2) size 60x28 [bgcolor=#C0C0C0] [border: (2px outset #C0C0C0)]
                    RenderBlock (anonymous) at (8,4) size 44x19
                      RenderText at (0,0) size 44x19
                        text run at (0,0) width 44: "button"
            RenderTableCell {TD} at (70,2) size 73x35 [r=0 c=1 rs=1 cs=1]
              RenderBlock {DIV} at (1,1) size 71x33 [border: (2px solid #0000FF)]
                RenderInline {FONT} at (0,0) size 67x12
                  RenderMenuList {SELECT} at (2,2) size 67x29 [bgcolor=#FFFFFF] [border: (1px solid #000000)]
                    RenderBlock (anonymous) at (1,1) size 65x27
                      RenderText at (4,4) size 40x19
                        text run at (4,4) width 40: "menu"
            RenderTableCell {TD} at (145,8) size 22x22 [r=0 c=2 rs=1 cs=1]
              RenderBlock {DIV} at (1,1) size 20x20 [border: (2px solid #0000FF)]
                RenderInline {FONT} at (0,0) size 16x12
                  RenderBlock {INPUT} at (2,2) size 16x16
            RenderTableCell {TD} at (169,8) size 22x22 [r=0 c=3 rs=1 cs=1]
              RenderBlock {DIV} at (1,1) size 20x20 [border: (2px solid #0000FF)]
                RenderInline {FONT} at (0,0) size 16x12
                  RenderBlock {INPUT} at (2,2) size 16x16
      RenderTable {TABLE} at (0,260) size 692x91
        RenderTableSection {TBODY} at (0,0) size 692x91
          RenderTableRow {TR} at (0,2) size 692x87
            RenderTableCell {TD} at (2,2) size 110x31 [r=0 c=0 rs=1 cs=1]
              RenderBlock {DIV} at (1,1) size 108x29 [border: (2px solid #0000FF)]
                RenderTextControl {INPUT} at (2,2) size 104x25 [bgcolor=#FFFFFF] [border: (2px inset #000000)]
            RenderTableCell {TD} at (114,2) size 48x87 [r=0 c=1 rs=1 cs=1]
              RenderBlock {DIV} at (1,1) size 46x85 [border: (2px solid #0000FF)]
                RenderListBox {SELECT} at (2,2) size 42x81 [bgcolor=#FFFFFF] [border: (1px inset #808080)]
            RenderTableCell {TD} at (164,2) size 312x34 [r=0 c=2 rs=1 cs=1]
              RenderBlock {DIV} at (1,1) size 310x32 [border: (2px solid #0000FF)]
                RenderFileUploadControl {INPUT} at (2,2) size 306x28 "(None)"
                  RenderButton {INPUT} at (0,0) size 103x28 [bgcolor=#C0C0C0] [border: (2px outset #C0C0C0)]
                    RenderBlock (anonymous) at (8,4) size 87x19
                      RenderText at (0,0) size 87x19
                        text run at (0,0) width 87: "Choose File"
            RenderTableCell {TD} at (478,2) size 212x54 [r=0 c=3 rs=1 cs=1]
              RenderBlock {DIV} at (1,1) size 210x52 [border: (2px solid #0000FF)]
      RenderBlock {H2} at (0,370) size 768x28
        RenderText {#text} at (0,0) size 200x28
          text run at (0,0) width 200: "Baseline Alignment"
      RenderBlock {DIV} at (0,417) size 768x33
        RenderInline {FONT} at (0,0) size 244x28
          RenderText {#text} at (0,0) size 43x28
            text run at (0,0) width 43: "text "
          RenderButton {INPUT} at (45,3) size 60x28 [bgcolor=#C0C0C0] [border: (2px outset #C0C0C0)]
            RenderBlock (anonymous) at (8,4) size 44x19
              RenderText at (0,0) size 44x19
                text run at (0,0) width 44: "button"
          RenderText {#text} at (107,0) size 6x28
            text run at (107,0) width 6: " "
          RenderMenuList {SELECT} at (115,2) size 67x29 [bgcolor=#FFFFFF] [border: (1px solid #000000)]
            RenderBlock (anonymous) at (1,1) size 65x27
              RenderText at (4,4) size 40x19
                text run at (4,4) width 40: "menu"
          RenderText {#text} at (184,0) size 6x28
            text run at (184,0) width 6: " "
          RenderBlock {INPUT} at (194,8) size 16x16
          RenderText {#text} at (214,0) size 6x28
            text run at (214,0) width 6: " "
          RenderBlock {INPUT} at (224,8) size 16x16
          RenderText {#text} at (0,0) size 0x0
      RenderBlock {DIV} at (0,450) size 768x33
        RenderText {#text} at (0,7) size 27x19
          text run at (0,7) width 27: "text "
        RenderButton {INPUT} at (29,3) size 60x28 [bgcolor=#C0C0C0] [border: (2px outset #C0C0C0)]
          RenderBlock (anonymous) at (8,4) size 44x19
            RenderText at (0,0) size 44x19
              text run at (0,0) width 44: "button"
        RenderText {#text} at (91,7) size 4x19
          text run at (91,7) width 4: " "
        RenderMenuList {SELECT} at (97,2) size 67x29 [bgcolor=#FFFFFF] [border: (1px solid #000000)]
          RenderBlock (anonymous) at (1,1) size 65x27
            RenderText at (4,4) size 40x19
              text run at (4,4) width 40: "menu"
        RenderText {#text} at (166,7) size 4x19
          text run at (166,7) width 4: " "
        RenderBlock {INPUT} at (174,8) size 16x16
        RenderText {#text} at (194,7) size 4x19
          text run at (194,7) width 4: " "
        RenderBlock {INPUT} at (202,8) size 16x16
        RenderText {#text} at (0,0) size 0x0
      RenderBlock {DIV} at (0,483) size 768x33
        RenderInline {FONT} at (0,0) size 210x12
          RenderText {#text} at (0,13) size 18x12
            text run at (0,13) width 18: "text "
          RenderButton {INPUT} at (20,3) size 60x28 [bgcolor=#C0C0C0] [border: (2px outset #C0C0C0)]
            RenderBlock (anonymous) at (8,4) size 44x19
              RenderText at (0,0) size 44x19
                text run at (0,0) width 44: "button"
          RenderText {#text} at (82,13) size 3x12
            text run at (82,13) width 3: " "
          RenderMenuList {SELECT} at (87,2) size 67x29 [bgcolor=#FFFFFF] [border: (1px solid #000000)]
            RenderBlock (anonymous) at (1,1) size 65x27
              RenderText at (4,4) size 40x19
                text run at (4,4) width 40: "menu"
          RenderText {#text} at (156,13) size 3x12
            text run at (156,13) width 3: " "
          RenderBlock {INPUT} at (163,8) size 16x16
          RenderText {#text} at (183,13) size 3x12
            text run at (183,13) width 3: " "
          RenderBlock {INPUT} at (190,8) size 16x16
          RenderText {#text} at (0,0) size 0x0
      RenderBlock {DIV} at (0,516) size 768x59
        RenderText {#text} at (0,33) size 27x19
          text run at (0,33) width 27: "text "
        RenderTextControl {INPUT} at (29,30) size 104x25 [bgcolor=#FFFFFF] [border: (2px inset #000000)]
        RenderText {#text} at (135,33) size 4x19
          text run at (135,33) width 4: " "
        RenderFileUploadControl {INPUT} at (141,29) size 306x28 "(None)"
          RenderButton {INPUT} at (0,0) size 103x28 [bgcolor=#C0C0C0] [border: (2px outset #C0C0C0)]
            RenderBlock (anonymous) at (8,4) size 87x19
              RenderText at (0,0) size 87x19
                text run at (0,0) width 87: "Choose File"
        RenderText {#text} at (449,33) size 4x19
          text run at (449,33) width 4: " "
        RenderText {#text} at (0,0) size 0x0
      RenderBlock {H2} at (0,594) size 768x28
        RenderText {#text} at (0,0) size 197x28
          text run at (0,0) width 197: "Pop-up Menu Sizes"
      RenderBlock {DIV} at (0,641) size 768x33
        RenderInline {FONT} at (0,0) size 173x28
          RenderText {#text} at (0,0) size 0x0
          RenderMenuList {SELECT} at (2,2) size 27x29 [bgcolor=#FFFFFF] [border: (1px solid #000000)]
            RenderBlock (anonymous) at (1,1) size 25x27
              RenderBR at (4,4) size 0x19 [bgcolor=#FFFFFF]
          RenderText {#text} at (31,0) size 6x28
            text run at (31,0) width 6: " "
          RenderMenuList {SELECT} at (39,2) size 31x29 [bgcolor=#FFFFFF] [border: (1px solid #000000)]
            RenderBlock (anonymous) at (1,1) size 29x27
              RenderText at (4,4) size 4x19
                text run at (4,4) width 4: "|"
          RenderText {#text} at (72,0) size 6x28
            text run at (72,0) width 6: " "
          RenderMenuList {SELECT} at (80,2) size 91x29 [bgcolor=#FFFFFF] [border: (1px solid #000000)]
            RenderBlock (anonymous) at (1,1) size 89x27
              RenderText at (4,4) size 64x19
                text run at (4,4) width 64: "xxxxxxxx"
          RenderText {#text} at (0,0) size 0x0
      RenderBlock {DIV} at (0,674) size 768x33
        RenderMenuList {SELECT} at (2,2) size 27x29 [bgcolor=#FFFFFF] [border: (1px solid #000000)]
          RenderBlock (anonymous) at (1,1) size 25x27
            RenderBR at (4,4) size 0x19 [bgcolor=#FFFFFF]
        RenderText {#text} at (31,7) size 4x19
          text run at (31,7) width 4: " "
        RenderMenuList {SELECT} at (37,2) size 31x29 [bgcolor=#FFFFFF] [border: (1px solid #000000)]
          RenderBlock (anonymous) at (1,1) size 29x27
            RenderText at (4,4) size 4x19
              text run at (4,4) width 4: "|"
        RenderText {#text} at (70,7) size 4x19
          text run at (70,7) width 4: " "
        RenderMenuList {SELECT} at (76,2) size 91x29 [bgcolor=#FFFFFF] [border: (1px solid #000000)]
          RenderBlock (anonymous) at (1,1) size 89x27
            RenderText at (4,4) size 64x19
              text run at (4,4) width 64: "xxxxxxxx"
        RenderText {#text} at (0,0) size 0x0
      RenderBlock {DIV} at (0,707) size 768x33
        RenderInline {FONT} at (0,0) size 167x12
          RenderText {#text} at (0,0) size 0x0
          RenderMenuList {SELECT} at (2,2) size 27x29 [bgcolor=#FFFFFF] [border: (1px solid #000000)]
            RenderBlock (anonymous) at (1,1) size 25x27
              RenderBR at (4,4) size 0x19 [bgcolor=#FFFFFF]
          RenderText {#text} at (31,13) size 3x12
            text run at (31,13) width 3: " "
          RenderMenuList {SELECT} at (36,2) size 31x29 [bgcolor=#FFFFFF] [border: (1px solid #000000)]
            RenderBlock (anonymous) at (1,1) size 29x27
              RenderText at (4,4) size 4x19
                text run at (4,4) width 4: "|"
          RenderText {#text} at (69,13) size 3x12
            text run at (69,13) width 3: " "
          RenderMenuList {SELECT} at (74,2) size 91x29 [bgcolor=#FFFFFF] [border: (1px solid #000000)]
            RenderBlock (anonymous) at (1,1) size 89x27
              RenderText at (4,4) size 64x19
                text run at (4,4) width 64: "xxxxxxxx"
          RenderText {#text} at (0,0) size 0x0
layer at (16,276) size 98x19
  RenderBlock {DIV} at (3,3) size 98x19
    RenderText {#text} at (1,0) size 59x19
      text run at (1,0) width 59: "text field"
layer at (491,275) size 202x44 clip at (492,276) size 200x42
  RenderTextControl {TEXTAREA} at (4,4) size 202x44 [bgcolor=#FFFFFF] [border: (1px solid #000000)]
    RenderBlock {DIV} at (3,3) size 196x19
      RenderText {#text} at (0,0) size 57x19
        text run at (0,0) width 57: "textarea"
layer at (40,557) size 98x19
  RenderBlock {DIV} at (3,3) size 98x19
    RenderText {#text} at (1,0) size 59x19
      text run at (1,0) width 59: "text field"
layer at (463,526) size 202x44 clip at (464,527) size 200x42
  RenderTextControl {TEXTAREA} at (455,2) size 202x44 [bgcolor=#FFFFFF] [border: (1px solid #000000)]
    RenderBlock {DIV} at (3,3) size 196x19
      RenderText {#text} at (0,0) size 57x19
        text run at (0,0) width 57: "textarea"
