layer at (0,0) size 800x600
  RenderView at (0,0) size 800x600
layer at (0,0) size 800x600
  RenderBlock {HTML} at (0,0) size 800x600
    RenderBody {BODY} at (8,8) size 784x584
      RenderText {#text} at (0,0) size 687x17
        text run at (0,0) width 687: "In the selection list below, the text 'The label for this element is \"1\"' should appear, and not the character '1'"
      RenderBR {BR} at (686,14) size 1x0
      RenderMenuList {SELECT} at (2,20) size 243x28 [bgcolor=#FFFFFF] [border: (1px solid #000000)]
        RenderBlock (anonymous) at (1,1) size 241x26
          RenderText at (4,4) size 216x17
            text run at (4,4) width 216: "the label for this element is \"1\""
      RenderText {#text} at (0,0) size 0x0
