layer at (0,0) size 800x600
  RenderView at (0,0) size 800x600
layer at (0,0) size 800x600
  RenderBlock {HTML} at (0,0) size 800x600
    RenderBody {BODY} at (8,8) size 784x584
      RenderText {#text} at (0,0) size 308x17
        text run at (0,0) width 308: "With the label empty, the enclosing text is used."
      RenderBR {BR} at (307,14) size 1x0
      RenderMenuList {SELECT} at (2,20) size 392x28 [bgcolor=#FFFFFF] [border: (1px solid #000000)]
        RenderBlock (anonymous) at (1,1) size 390x26
          RenderText at (4,4) size 365x17
            text run at (4,4) width 365: "empty label should display empty string to match IE"
      RenderText {#text} at (0,0) size 0x0
