layer at (0,0) size 800x600
  RenderView at (0,0) size 800x600
layer at (0,0) size 800x74
  RenderBlock {HTML} at (0,0) size 800x74
    RenderBody {BODY} at (8,8) size 784x58
      RenderBR {BR} at (198,5) size 0x19
      RenderTextControl {INPUT} at (2,31) size 194x25 [bgcolor=#FFFFFF] [border: (2px inset #000000)]
        RenderDeprecatedFlexibleBox {DIV} at (3,3) size 188x19
          RenderBlock {DIV} at (0,0) size 172x19
      RenderText {#text} at (0,0) size 0x0
layer at (13,42) size 172x19
  RenderBlock {DIV} at (0,0) size 172x19
    RenderText {#text} at (1,0) size 18x19
      text run at (1,0) width 18: "10"
layer at (10,10) size 194x25
  RenderTextControl {INPUT} at (2,2) size 194x25 [bgcolor=#FFFFFF] [border: (2px inset #000000)]
    RenderDeprecatedFlexibleBox {DIV} at (3,3) size 188x19
      RenderBlock {DIV} at (0,0) size 172x19
layer at (13,13) size 172x19
  RenderBlock {DIV} at (0,0) size 172x19
    RenderText {#text} at (1,0) size 18x19
      text run at (1,0) width 18: "10"
layer at (186,12) size 16x21
  RenderBlock (relative positioned) {DIV} at (173,-1) size 16x21
layer at (186,41) size 16x21
  RenderBlock (relative positioned) {DIV} at (173,-1) size 16x21
