layer at (0,0) size 800x600
  RenderView at (0,0) size 800x600
layer at (0,0) size 800x600
  RenderBlock {HTML} at (0,0) size 800x600
    RenderBody {BODY} at (8,8) size 784x584
      RenderBlock {P} at (0,0) size 784x36
        RenderText {#text} at (0,0) size 763x35
          text run at (0,0) width 763: "Test appearances of spin buttons. Disabled state and read-only state should have appearances different from the normal"
          text run at (0,18) width 34: "state."
      RenderBlock {DIV} at (0,52) size 784x33
        RenderInline {LABEL} at (0,0) size 326x17
          RenderTextControl {INPUT} at (2,2) size 235x29 [bgcolor=#FFFFFF] [border: (2px inset #000000)]
            RenderDeprecatedFlexibleBox {DIV} at (3,3) size 229x23
              RenderBlock {DIV} at (0,0) size 213x23
          RenderText {#text} at (239,9) size 87x17
            text run at (239,9) width 87: " Normal state"
      RenderBlock {DIV} at (0,85) size 784x33
        RenderInline {LABEL} at (0,0) size 334x17
          RenderTextControl {INPUT} at (2,2) size 235x29 [bgcolor=#FFFFFF] [border: (2px inset #000000)]
            RenderDeprecatedFlexibleBox {DIV} at (3,3) size 229x23
              RenderBlock {DIV} at (0,0) size 213x23
          RenderText {#text} at (239,9) size 95x17
            text run at (239,9) width 95: " Disabled state"
      RenderBlock {DIV} at (0,118) size 784x33
        RenderInline {LABEL} at (0,0) size 343x17
          RenderTextControl {INPUT} at (2,2) size 235x29 [bgcolor=#FFFFFF] [border: (2px inset #000000)]
            RenderDeprecatedFlexibleBox {DIV} at (3,3) size 229x23
              RenderBlock {DIV} at (0,0) size 213x23
          RenderText {#text} at (239,9) size 104x17
            text run at (239,9) width 104: " Read-only state"
layer at (13,65) size 213x23
  RenderBlock {DIV} at (0,0) size 213x23
    RenderText {#text} at (1,0) size 12x22
      text run at (1,0) width 12: "0"
layer at (13,98) size 213x23
  RenderBlock {DIV} at (0,0) size 213x23 [color=#545454]
    RenderText {#text} at (1,0) size 12x22
      text run at (1,0) width 12: "0"
layer at (13,131) size 213x23
  RenderBlock {DIV} at (0,0) size 213x23
    RenderText {#text} at (1,0) size 12x22
      text run at (1,0) width 12: "0"
layer at (227,64) size 16x25
  RenderBlock (relative positioned) {DIV} at (214,-1) size 16x25
layer at (227,97) size 16x25
  RenderBlock (relative positioned) {DIV} at (214,-1) size 16x25
layer at (227,130) size 16x25
  RenderBlock (relative positioned) {DIV} at (214,-1) size 16x25
