layer at (0,0) size 800x600
  RenderView at (0,0) size 800x600
layer at (0,0) size 800x600
  RenderBlock {HTML} at (0,0) size 800x600
    RenderBody {BODY} at (8,8) size 784x584
      RenderText {#text} at (0,0) size 344x17
        text run at (0,0) width 344: "This tests that the new text fields use the correct width."
      RenderBR {BR} at (344,14) size 0x0
      RenderTextControl {INPUT} at (2,20) size 192x24 [bgcolor=#FFFFFF] [border: (2px inset #000000)]
      RenderBR {BR} at (196,37) size 0x0
      RenderTextControl {INPUT} at (0,48) size 200x24 [bgcolor=#FFFFFF] [border: (2px inset #000000)]
      RenderBR {BR} at (200,65) size 0x0
      RenderTextControl {INPUT} at (2,76) size 462x24 [bgcolor=#FFFFFF] [border: (2px inset #000000)]
      RenderBR {BR} at (466,93) size 0x0
      RenderTextControl {INPUT} at (0,104) size 200x24 [bgcolor=#FFFFFF] [border: (2px inset #000000)]
      RenderBR {BR} at (200,121) size 0x0
      RenderTextControl {INPUT} at (2,132) size 102x24 [bgcolor=#FFFFFF] [border: (2px inset #000000)]
      RenderBR {BR} at (106,149) size 0x0
layer at (13,31) size 186x18
  RenderBlock {DIV} at (3,3) size 186x18
layer at (11,59) size 194x18
  RenderBlock {DIV} at (3,3) size 194x18
    RenderText {#text} at (0,0) size 132x17
      text run at (0,0) width 132: "styled width 200px"
layer at (13,87) size 456x18
  RenderBlock {DIV} at (3,3) size 456x18
    RenderText {#text} at (0,0) size 51x17
      text run at (0,0) width 51: "size 50"
layer at (11,115) size 194x18 scrollWidth 208
  RenderBlock {DIV} at (3,3) size 194x18
    RenderText {#text} at (0,0) size 207x17
      text run at (0,0) width 207: "styled width 200px & size=10"
layer at (13,143) size 96x18
  RenderBlock {DIV} at (3,3) size 96x18
    RenderText {#text} at (0,0) size 51x17
      text run at (0,0) width 51: "size 10"
