layer at (0,0) size 800x600
  RenderView at (0,0) size 800x600
layer at (0,0) size 800x600
  RenderBlock {HTML} at (0,0) size 800x600
    RenderBody {BODY} at (8,8) size 784x576
      RenderBlock (anonymous) at (0,0) size 784x18
        RenderText {#text} at (0,0) size 781x17
          text run at (0,0) width 781: "This tests the height attribute of form elements. The only element that should honour this value is the Image type of input."
      RenderBlock {FORM} at (0,18) size 784x315
        RenderText {#text} at (0,5) size 37x17
          text run at (0,5) width 37: "input "
        RenderTextControl {INPUT} at (39,2) size 193x24 [bgcolor=#FFFFFF] [border: (2px inset #000000)]
        RenderText {#text} at (233,5) size 5x17
          text run at (233,5) width 5: " "
        RenderBR {BR} at (237,19) size 1x0
        RenderText {#text} at (0,33) size 28x17
          text run at (0,33) width 28: "text "
        RenderTextControl {INPUT} at (30,30) size 193x24 [bgcolor=#FFFFFF] [border: (2px inset #000000)]
        RenderText {#text} at (224,33) size 5x17
          text run at (224,33) width 5: " "
        RenderBR {BR} at (228,47) size 1x0
        RenderText {#text} at (0,59) size 66x17
          text run at (0,59) width 66: "checkbox "
        RenderBlock {INPUT} at (69,59) size 16x16
        RenderText {#text} at (89,59) size 5x17
          text run at (89,59) width 5: " "
        RenderBR {BR} at (93,73) size 1x0
        RenderText {#text} at (0,84) size 26x17
          text run at (0,84) width 26: "file "
        RenderFileUploadControl {INPUT} at (27,80) size 303x27 "(None)"
          RenderButton {INPUT} at (0,0) size 102x27 [bgcolor=#C0C0C0] [border: (2px outset #C0C0C0)]
            RenderBlock (anonymous) at (8,4) size 86x18
              RenderText at (0,0) size 86x17
                text run at (0,0) width 86: "Choose File"
        RenderText {#text} at (332,84) size 5x17
          text run at (332,84) width 5: " "
        RenderBR {BR} at (336,98) size 1x0
        RenderText {#text} at (0,109) size 44x17
          text run at (0,109) width 44: "image "
        RenderImage {INPUT} at (43,122) size 10x1
        RenderText {#text} at (53,109) size 5x17
          text run at (53,109) width 5: " "
        RenderBR {BR} at (57,123) size 1x0
        RenderText {#text} at (0,130) size 37x17
          text run at (0,130) width 37: "radio "
        RenderBlock {INPUT} at (41,130) size 16x16
        RenderText {#text} at (60,130) size 5x17
          text run at (60,130) width 5: " "
        RenderBR {BR} at (64,144) size 1x0
        RenderText {#text} at (0,151) size 40x17
          text run at (0,151) width 40: "range "
        RenderSlider {INPUT} at (42,151) size 129x14 [bgcolor=#FFFFFF]
          RenderDeprecatedFlexibleBox {DIV} at (0,0) size 129x14
            RenderBlock {DIV} at (0,0) size 98x14
            RenderBlock {DIV} at (98,0) size 31x14
        RenderText {#text} at (172,151) size 5x17
          text run at (172,151) width 5: " "
        RenderBR {BR} at (176,165) size 1x0
        RenderText {#text} at (0,175) size 35x17
          text run at (0,175) width 35: "reset "
        RenderButton {INPUT} at (36,171) size 58x27 [bgcolor=#C0C0C0] [border: (2px outset #C0C0C0)]
          RenderBlock (anonymous) at (8,4) size 42x18
            RenderText at (0,0) size 42x17
              text run at (0,0) width 42: "Reset"
        RenderText {#text} at (96,175) size 5x17
          text run at (96,175) width 5: " "
        RenderBR {BR} at (100,189) size 1x0
        RenderText {#text} at (0,206) size 48x17
          text run at (0,206) width 48: "submit "
        RenderButton {INPUT} at (50,202) size 66x27 [bgcolor=#C0C0C0] [border: (2px outset #C0C0C0)]
          RenderBlock (anonymous) at (8,4) size 50x18
            RenderText at (0,0) size 50x17
              text run at (0,0) width 50: "Submit"
        RenderText {#text} at (117,206) size 5x17
          text run at (117,206) width 5: " "
        RenderBR {BR} at (121,220) size 1x0
        RenderText {#text} at (0,236) size 51x17
          text run at (0,236) width 51: "isindex "
        RenderTextControl {INPUT} at (52,233) size 193x24 [bgcolor=#FFFFFF] [border: (2px inset #000000)]
        RenderText {#text} at (247,236) size 5x17
          text run at (247,236) width 5: " "
        RenderBR {BR} at (251,250) size 1x0
        RenderText {#text} at (0,264) size 65x17
          text run at (0,264) width 65: "password "
        RenderTextControl {INPUT} at (66,261) size 193x24 [bgcolor=#FFFFFF] [border: (2px inset #000000)]
        RenderText {#text} at (261,264) size 5x17
          text run at (261,264) width 5: " "
        RenderBR {BR} at (265,278) size 1x0
        RenderText {#text} at (0,292) size 45x17
          text run at (0,292) width 45: "search "
        RenderTextControl {INPUT} at (47,289) size 193x24 [bgcolor=#FFFFFF] [border: (2px inset #000000)]
          RenderDeprecatedFlexibleBox {DIV} at (3,3) size 187x18
            RenderBlock {DIV} at (0,9) size 0x0
            RenderBlock {DIV} at (0,0) size 171x18
            RenderBlock {DIV} at (171,1) size 16x16
        RenderText {#text} at (0,0) size 0x0
layer at (50,31) size 187x18
  RenderBlock {DIV} at (3,3) size 187x18
layer at (41,59) size 187x18
  RenderBlock {DIV} at (3,3) size 187x18
layer at (63,262) size 187x18
  RenderBlock {DIV} at (3,3) size 187x18
layer at (77,290) size 187x18
  RenderBlock {DIV} at (3,3) size 187x18
layer at (58,318) size 171x18
  RenderBlock {DIV} at (0,0) size 171x18
layer at (99,177) size 31x14
  RenderBlock (relative positioned) {DIV} at (0,0) size 31x14
