layer at (0,0) size 800x600
  RenderView at (0,0) size 800x600
layer at (0,0) size 800x600
  RenderBlock {HTML} at (0,0) size 800x600
    RenderBody {BODY} at (8,8) size 784x584
      RenderText {#text} at (0,0) size 509x19
        text run at (0,0) width 509: "This tests that the text color changes appropriately when the text field is disabled."
      RenderBR {BR} at (509,15) size 0x0
      RenderTextControl {INPUT} at (2,20) size 194x24 [bgcolor=#FFFFFF] [border: (2px inset #000000)]
      RenderText {#text} at (198,23) size 4x19
        text run at (198,23) width 4: " "
      RenderTextControl {INPUT} at (204,20) size 194x24 [bgcolor=#FFFFFF] [border: (2px inset #000000)]
      RenderBR {BR} at (400,38) size 0x0
      RenderTextControl {INPUT} at (2,48) size 194x24 [color=#FF0000] [bgcolor=#FFFFFF] [border: (2px inset #FF0000)]
      RenderText {#text} at (198,51) size 4x19
        text run at (198,51) width 4: " "
      RenderTextControl {INPUT} at (204,48) size 194x24 [color=#FF0000] [bgcolor=#FFFFFF] [border: (2px inset #FF0000)]
      RenderBR {BR} at (400,66) size 0x0
      RenderTextControl {INPUT} at (2,76) size 194x24 [bgcolor=#0000FF] [border: (2px inset #000000)]
      RenderText {#text} at (198,79) size 4x19
        text run at (198,79) width 4: " "
      RenderTextControl {INPUT} at (204,76) size 194x24 [bgcolor=#0000FF] [border: (2px inset #000000)]
      RenderBR {BR} at (400,94) size 0x0
      RenderTextControl {INPUT} at (2,104) size 194x24 [color=#FF0000] [bgcolor=#0000FF] [border: (2px inset #FF0000)]
      RenderText {#text} at (198,107) size 4x19
        text run at (198,107) width 4: " "
      RenderTextControl {INPUT} at (204,104) size 194x24 [color=#FF0000] [bgcolor=#0000FF] [border: (2px inset #FF0000)]
      RenderBR {BR} at (400,122) size 0x0
      RenderTextControl {INPUT} at (2,132) size 194x24 [bgcolor=#000000] [border: (2px inset #000000)]
      RenderText {#text} at (198,135) size 4x19
        text run at (198,135) width 4: " "
      RenderTextControl {INPUT} at (204,132) size 194x24 [bgcolor=#000000] [border: (2px inset #000000)]
      RenderBR {BR} at (400,150) size 0x0
      RenderTextControl {INPUT} at (2,160) size 194x24 [color=#FFFFFF] [bgcolor=#000000] [border: (2px inset #FFFFFF)]
      RenderText {#text} at (198,163) size 4x19
        text run at (198,163) width 4: " "
      RenderTextControl {INPUT} at (204,160) size 194x24 [color=#FFFFFF] [bgcolor=#000000] [border: (2px inset #FFFFFF)]
      RenderBR {BR} at (400,178) size 0x0
      RenderTextControl {INPUT} at (2,188) size 194x24 [bgcolor=#808080] [border: (2px inset #000000)]
      RenderText {#text} at (198,191) size 4x19
        text run at (198,191) width 4: " "
      RenderTextControl {INPUT} at (204,188) size 194x24 [bgcolor=#808080] [border: (2px inset #000000)]
      RenderBR {BR} at (400,206) size 0x0
      RenderTextControl {INPUT} at (2,216) size 194x24 [color=#FFFFFF] [bgcolor=#A9A9A9] [border: (2px inset #FFFFFF)]
      RenderText {#text} at (198,219) size 4x19
        text run at (198,219) width 4: " "
      RenderTextControl {INPUT} at (204,216) size 194x24 [color=#FFFFFF] [bgcolor=#A9A9A9] [border: (2px inset #FFFFFF)]
      RenderBR {BR} at (400,234) size 0x0
      RenderTextControl {INPUT} at (2,244) size 194x24 [color=#808080] [bgcolor=#000000] [border: (2px inset #808080)]
      RenderText {#text} at (198,247) size 4x19
        text run at (198,247) width 4: " "
      RenderTextControl {INPUT} at (204,244) size 194x24 [color=#808080] [bgcolor=#000000] [border: (2px inset #808080)]
      RenderBR {BR} at (400,262) size 0x0
      RenderTextControl {INPUT} at (2,272) size 194x24 [color=#FF0000] [bgcolor=#808080] [border: (2px inset #FF0000)]
      RenderText {#text} at (198,275) size 4x19
        text run at (198,275) width 4: " "
      RenderTextControl {INPUT} at (204,272) size 194x24 [color=#FF0000] [bgcolor=#808080] [border: (2px inset #FF0000)]
      RenderBR {BR} at (400,290) size 0x0
      RenderTextControl {INPUT} at (2,300) size 194x24 [color=#808080] [bgcolor=#FF0000] [border: (2px inset #808080)]
      RenderText {#text} at (198,303) size 4x19
        text run at (198,303) width 4: " "
      RenderTextControl {INPUT} at (204,300) size 194x24 [color=#808080] [bgcolor=#FF0000] [border: (2px inset #808080)]
      RenderBR {BR} at (400,318) size 0x0
      RenderTextControl {INPUT} at (2,328) size 194x24 [color=#FF0000] [bgcolor=#FFFFFF] [border: (2px inset #FF0000)]
      RenderText {#text} at (198,331) size 4x19
        text run at (198,331) width 4: " "
      RenderTextControl {INPUT} at (204,328) size 194x24 [color=#FF0000] [bgcolor=#FFFFFF] [border: (2px inset #FF0000)]
      RenderBR {BR} at (400,346) size 0x0
      RenderTextControl {INPUT} at (2,356) size 194x24 [color=#FF0000] [border: (2px inset #FF0000)]
      RenderText {#text} at (198,359) size 4x19
        text run at (198,359) width 4: " "
      RenderTextControl {INPUT} at (204,356) size 194x24 [color=#FF0000] [border: (2px inset #FF0000)]
      RenderBR {BR} at (400,374) size 0x0
layer at (13,31) size 188x18 scrollWidth 464 scrollHeight 19
  RenderBlock {DIV} at (3,3) size 188x18 [color=#545454]
    RenderText {#text} at (1,0) size 462x19
      text run at (1,0) width 462: "The text in this disabled field should displayed as dimmed or grey"
layer at (215,31) size 188x18 scrollWidth 203 scrollHeight 19
  RenderBlock {DIV} at (3,3) size 188x18
    RenderText {#text} at (1,0) size 201x19
      text run at (1,0) width 201: "This text field is not disabled"
layer at (13,59) size 188x18 scrollWidth 464 scrollHeight 19
  RenderBlock {DIV} at (3,3) size 188x18
    RenderText {#text} at (1,0) size 462x19
      text run at (1,0) width 462: "The text in this disabled field should displayed as dimmed or grey"
layer at (215,59) size 188x18 scrollWidth 203 scrollHeight 19
  RenderBlock {DIV} at (3,3) size 188x18
    RenderText {#text} at (1,0) size 201x19
      text run at (1,0) width 201: "This text field is not disabled"
layer at (13,87) size 188x18 scrollWidth 464 scrollHeight 19
  RenderBlock {DIV} at (3,3) size 188x18 [color=#545454]
    RenderText {#text} at (1,0) size 462x19
      text run at (1,0) width 462: "The text in this disabled field should displayed as dimmed or grey"
layer at (215,87) size 188x18 scrollWidth 203 scrollHeight 19
  RenderBlock {DIV} at (3,3) size 188x18
    RenderText {#text} at (1,0) size 201x19
      text run at (1,0) width 201: "This text field is not disabled"
layer at (13,115) size 188x18 scrollWidth 464 scrollHeight 19
  RenderBlock {DIV} at (3,3) size 188x18 [color=#AB0000]
    RenderText {#text} at (1,0) size 462x19
      text run at (1,0) width 462: "The text in this disabled field should displayed as dimmed or grey"
layer at (215,115) size 188x18 scrollWidth 203 scrollHeight 19
  RenderBlock {DIV} at (3,3) size 188x18
    RenderText {#text} at (1,0) size 201x19
      text run at (1,0) width 201: "This text field is not disabled"
layer at (13,143) size 188x18 scrollWidth 464 scrollHeight 19
  RenderBlock {DIV} at (3,3) size 188x18 [color=#545454]
    RenderText {#text} at (1,0) size 462x19
      text run at (1,0) width 462: "The text in this disabled field should displayed as dimmed or grey"
layer at (215,143) size 188x18 scrollWidth 203 scrollHeight 19
  RenderBlock {DIV} at (3,3) size 188x18
    RenderText {#text} at (1,0) size 201x19
      text run at (1,0) width 201: "This text field is not disabled"
layer at (13,171) size 188x18 scrollWidth 464 scrollHeight 19
  RenderBlock {DIV} at (3,3) size 188x18 [color=#ABABAB]
    RenderText {#text} at (1,0) size 462x19
      text run at (1,0) width 462: "The text in this disabled field should displayed as dimmed or grey"
layer at (215,171) size 188x18 scrollWidth 203 scrollHeight 19
  RenderBlock {DIV} at (3,3) size 188x18
    RenderText {#text} at (1,0) size 201x19
      text run at (1,0) width 201: "This text field is not disabled"
layer at (13,199) size 188x18 scrollWidth 464 scrollHeight 19
  RenderBlock {DIV} at (3,3) size 188x18 [color=#545454]
    RenderText {#text} at (1,0) size 462x19
      text run at (1,0) width 462: "The text in this disabled field should displayed as dimmed or grey"
layer at (215,199) size 188x18 scrollWidth 203 scrollHeight 19
  RenderBlock {DIV} at (3,3) size 188x18
    RenderText {#text} at (1,0) size 201x19
      text run at (1,0) width 201: "This text field is not disabled"
layer at (13,227) size 188x18 scrollWidth 464 scrollHeight 19
  RenderBlock {DIV} at (3,3) size 188x18
    RenderText {#text} at (1,0) size 462x19
      text run at (1,0) width 462: "The text in this disabled field should displayed as dimmed or grey"
layer at (215,227) size 188x18 scrollWidth 203 scrollHeight 19
  RenderBlock {DIV} at (3,3) size 188x18
    RenderText {#text} at (1,0) size 201x19
      text run at (1,0) width 201: "This text field is not disabled"
layer at (13,255) size 188x18 scrollWidth 464 scrollHeight 19
  RenderBlock {DIV} at (3,3) size 188x18 [color=#2C2C2C]
    RenderText {#text} at (1,0) size 462x19
      text run at (1,0) width 462: "The text in this disabled field should displayed as dimmed or grey"
layer at (215,255) size 188x18 scrollWidth 203 scrollHeight 19
  RenderBlock {DIV} at (3,3) size 188x18
    RenderText {#text} at (1,0) size 201x19
      text run at (1,0) width 201: "This text field is not disabled"
layer at (13,283) size 188x18 scrollWidth 464 scrollHeight 19
  RenderBlock {DIV} at (3,3) size 188x18
    RenderText {#text} at (1,0) size 462x19
      text run at (1,0) width 462: "The text in this disabled field should displayed as dimmed or grey"
layer at (215,283) size 188x18 scrollWidth 203 scrollHeight 19
  RenderBlock {DIV} at (3,3) size 188x18
    RenderText {#text} at (1,0) size 201x19
      text run at (1,0) width 201: "This text field is not disabled"
layer at (13,311) size 188x18 scrollWidth 464 scrollHeight 19
  RenderBlock {DIV} at (3,3) size 188x18 [color=#2C2C2C]
    RenderText {#text} at (1,0) size 462x19
      text run at (1,0) width 462: "The text in this disabled field should displayed as dimmed or grey"
layer at (215,311) size 188x18 scrollWidth 203 scrollHeight 19
  RenderBlock {DIV} at (3,3) size 188x18
    RenderText {#text} at (1,0) size 201x19
      text run at (1,0) width 201: "This text field is not disabled"
layer at (13,339) size 188x18 scrollWidth 464 scrollHeight 19
  RenderBlock {DIV} at (3,3) size 188x18
    RenderText {#text} at (1,0) size 462x19
      text run at (1,0) width 462: "The text in this disabled field should displayed as dimmed or grey"
layer at (215,339) size 188x18 scrollWidth 203 scrollHeight 19
  RenderBlock {DIV} at (3,3) size 188x18
    RenderText {#text} at (1,0) size 201x19
      text run at (1,0) width 201: "This text field is not disabled"
layer at (13,367) size 188x18 scrollWidth 464 scrollHeight 19
  RenderBlock {DIV} at (3,3) size 188x18
    RenderText {#text} at (1,0) size 462x19
      text run at (1,0) width 462: "The text in this disabled field should displayed as dimmed or grey"
layer at (215,367) size 188x18 scrollWidth 203 scrollHeight 19
  RenderBlock {DIV} at (3,3) size 188x18
    RenderText {#text} at (1,0) size 201x19
      text run at (1,0) width 201: "This text field is not disabled"
