layer at (0,0) size 800x600
  RenderView at (0,0) size 800x600
layer at (0,0) size 800x376
  RenderBlock {HTML} at (0,0) size 800x376
    RenderBody {BODY} at (8,16) size 784x344
      RenderBlock {P} at (0,0) size 784x29
        RenderTextControl {INPUT} at (588,2) size 194x25 [bgcolor=#FFFFFF] [border: (2px inset #000000)]
          RenderDeprecatedFlexibleBox {DIV} at (3,3) size 188x19
            RenderBlock {DIV} at (16,0) size 172x19
        RenderText {#text} at (0,0) size 0x0
      RenderBlock {P} at (0,45) size 784x29
        RenderTextControl {INPUT} at (588,2) size 194x25 [bgcolor=#FFFFFF] [border: (2px inset #000000)]
          RenderDeprecatedFlexibleBox {DIV} at (3,3) size 188x19
            RenderBlock {DIV} at (16,0) size 172x19
        RenderText {#text} at (0,0) size 0x0
      RenderBlock {P} at (0,90) size 784x29
        RenderTextControl {INPUT} at (2,2) size 194x25 [bgcolor=#FFFFFF] [border: (2px inset #000000)]
          RenderDeprecatedFlexibleBox {DIV} at (3,3) size 188x19
            RenderBlock {DIV} at (16,0) size 172x19
        RenderText {#text} at (0,0) size 0x0
      RenderBlock {P} at (0,135) size 784x29
        RenderTextControl {INPUT} at (2,2) size 194x25 [bgcolor=#FFFFFF] [border: (2px inset #000000)]
          RenderDeprecatedFlexibleBox {DIV} at (3,3) size 188x19
            RenderBlock {DIV} at (16,0) size 172x19
        RenderText {#text} at (0,0) size 0x0
        RenderText {#text} at (0,0) size 0x0
      RenderBlock {P} at (0,180) size 784x29
        RenderTextControl {INPUT} at (2,2) size 194x25 [bgcolor=#FFFFFF] [border: (2px inset #000000)]
          RenderDeprecatedFlexibleBox {DIV} at (3,3) size 188x19
            RenderBlock {DIV} at (0,0) size 172x19
        RenderText {#text} at (0,0) size 0x0
      RenderBlock {P} at (0,225) size 784x29
        RenderTextControl {INPUT} at (2,2) size 194x25 [bgcolor=#FFFFFF] [border: (2px inset #000000)]
          RenderDeprecatedFlexibleBox {DIV} at (3,3) size 188x19
            RenderBlock {DIV} at (0,0) size 172x19
        RenderText {#text} at (0,0) size 0x0
        RenderText {#text} at (0,0) size 0x0
      RenderBlock {P} at (0,270) size 784x29
        RenderTextControl {INPUT} at (2,2) size 194x25 [bgcolor=#FFFFFF] [border: (2px inset #000000)]
          RenderDeprecatedFlexibleBox {DIV} at (3,3) size 188x19
            RenderBlock {DIV} at (16,0) size 172x19
        RenderText {#text} at (0,0) size 0x0
      RenderBlock {P} at (0,315) size 784x29
        RenderTextControl {INPUT} at (2,2) size 194x25 [bgcolor=#FFFFFF] [border: (2px inset #000000)]
          RenderDeprecatedFlexibleBox {DIV} at (3,3) size 188x19
            RenderBlock {DIV} at (16,0) size 172x19
        RenderText {#text} at (0,0) size 0x0
        RenderText {#text} at (0,0) size 0x0
layer at (615,21) size 172x19
  RenderBlock {DIV} at (0,0) size 172x19
    RenderText {#text} at (162,0) size 9x19
      text run at (162,0) width 9: "1"
layer at (615,66) size 172x19
  RenderBlock {DIV} at (0,0) size 172x19
    RenderText {#text} at (162,0) size 9x19
      text run at (162,0) width 9: "2"
layer at (29,111) size 172x19
  RenderBlock {DIV} at (0,0) size 172x19
    RenderText {#text} at (162,0) size 9x19
      text run at (162,0) width 9: "3"
layer at (29,156) size 172x19
  RenderBlock {DIV} at (0,0) size 172x19
    RenderText {#text} at (135,0) size 36x19
      text run at (135,0) width 36: "1234"
layer at (13,201) size 172x19
  RenderBlock {DIV} at (0,0) size 172x19
    RenderText {#text} at (1,0) size 9x19
      text run at (1,0) width 9: "5"
layer at (13,246) size 172x19
  RenderBlock {DIV} at (0,0) size 172x19
    RenderText {#text} at (1,0) size 9x19
      text run at (1,0) width 9: "6"
layer at (29,291) size 172x19
  RenderBlock {DIV} at (0,0) size 172x19
    RenderText {#text} at (162,0) size 9x19
      text run at (162,0) width 9: "7"
layer at (29,336) size 172x19
  RenderBlock {DIV} at (0,0) size 172x19
    RenderText {#text} at (162,0) size 9x19
      text run at (162,0) width 9: "8"
layer at (598,20) size 16x21
  RenderBlock (relative positioned) {DIV} at (-1,-1) size 16x21
layer at (598,65) size 16x21
  RenderBlock (relative positioned) {DIV} at (-1,-1) size 16x21
layer at (12,110) size 16x21
  RenderBlock (relative positioned) {DIV} at (-1,-1) size 16x21
layer at (12,155) size 16x21
  RenderBlock (relative positioned) {DIV} at (-1,-1) size 16x21
layer at (186,200) size 16x21
  RenderBlock (relative positioned) {DIV} at (173,-1) size 16x21
layer at (186,245) size 16x21
  RenderBlock (relative positioned) {DIV} at (173,-1) size 16x21
layer at (12,290) size 16x21
  RenderBlock (relative positioned) {DIV} at (-1,-1) size 16x21
layer at (12,335) size 16x21
  RenderBlock (relative positioned) {DIV} at (-1,-1) size 16x21
caret: position 4 of child 0 {#text} of child 0 {DIV} of child 0 {DIV} of child 0 {DIV} of {#shadow-root} of child 0 {INPUT} of child 6 {P} of body
