layer at (0,0) size 800x600
  RenderView at (0,0) size 800x600
layer at (0,0) size 800x600
  RenderBlock {HTML} at (0,0) size 800x600
    RenderBody {BODY} at (8,8) size 784x576
      RenderBlock (anonymous) at (0,0) size 784x28
        RenderTextControl {INPUT} at (2,2) size 193x24 [bgcolor=#FFFFFF] [border: (2px inset #000000)]
        RenderText {#text} at (0,0) size 0x0
      RenderBlock {P} at (0,44) size 784x18
        RenderText {#text} at (0,0) size 655x17
          text run at (0,0) width 655: "Tests option-deleting a word. If the test succeeds, the word \"word\" should end up with a space after it."
layer at (13,13) size 187x18
  RenderBlock {DIV} at (3,3) size 187x18
    RenderText {#text} at (1,0) size 40x17
      text run at (1,0) width 40: "word "
caret: position 5 of child 0 {#text} of child 0 {DIV} of {#shadow-root} of child 0 {INPUT} of body
