layer at (0,0) size 800x600
  RenderView at (0,0) size 800x600
layer at (0,0) size 800x600
  RenderBlock {HTML} at (0,0) size 800x600
    RenderBody {BODY} at (8,8) size 784x584
      RenderText {#text} at (0,0) size 411x17
        text run at (0,0) width 411: "This tests that text can not be inserted into a readonly text field. "
      RenderBR {BR} at (410,14) size 1x0
      RenderTextControl {INPUT} at (2,20) size 193x24 [bgcolor=#FFFFFF] [border: (2px inset #000000)]
      RenderText {#text} at (0,0) size 0x0
layer at (13,31) size 187x18
  RenderBlock {DIV} at (3,3) size 187x18
    RenderText {#text} at (1,0) size 89x17
      text run at (1,0) width 89: "Test Passed"
selection start: position 0 of child 0 {#text} of child 0 {DIV} of {#shadow-root} of child 2 {INPUT} of body
selection end:   position 11 of child 0 {#text} of child 0 {DIV} of {#shadow-root} of child 2 {INPUT} of body
