layer at (0,0) size 784x740
  RenderView at (0,0) size 784x600
layer at (0,0) size 784x740
  RenderBlock {HTML} at (0,0) size 784x740
    RenderBody {BODY} at (8,8) size 768x724
      RenderBlock (anonymous) at (0,0) size 768x18
        RenderText {#text} at (0,0) size 254x17
          text run at (0,0) width 254: "This tests minMaxWidth for text fields."
      RenderBlock {P} at (0,34) size 768x18
        RenderText {#text} at (0,0) size 72x17
          text run at (0,0) width 72: "Test case 1"
      RenderTable {TABLE} at (0,68) size 118x46 [border: (3px solid #0000FF)]
        RenderTableSection {TBODY} at (3,3) size 112x40
          RenderTableRow {TR} at (0,2) size 112x36
            RenderTableCell {TD} at (2,2) size 108x36 [border: (3px solid #FF0000)] [r=0 c=0 rs=1 cs=1]
              RenderTextControl {INPUT} at (4,6) size 100x24 [bgcolor=#FFFFFF] [border: (2px inset #000000)]
      RenderBlock {P} at (0,130) size 768x18
        RenderText {#text} at (0,0) size 72x17
          text run at (0,0) width 72: "Test case 2"
      RenderTable {TABLE} at (0,164) size 167x84 [border: (3px solid #0000FF)]
        RenderTableSection {TBODY} at (3,3) size 161x78
          RenderTableRow {TR} at (0,2) size 161x36
            RenderTableCell {TD} at (2,10) size 47x20 [r=0 c=0 rs=1 cs=1]
              RenderText {#text} at (1,1) size 26x17
                text run at (1,1) width 26: "first"
            RenderTableCell {TD} at (51,2) size 108x36 [border: (3px solid #FF0000)] [r=0 c=1 rs=1 cs=1]
              RenderTextControl {INPUT} at (4,6) size 100x24 [bgcolor=#FFFFFF] [border: (2px inset #000000)]
          RenderTableRow {TR} at (0,40) size 161x36
            RenderTableCell {TD} at (2,48) size 47x20 [r=1 c=0 rs=1 cs=1]
              RenderText {#text} at (1,1) size 45x17
                text run at (1,1) width 45: "second"
            RenderTableCell {TD} at (51,40) size 108x36 [border: (3px solid #FF0000)] [r=1 c=1 rs=1 cs=1]
              RenderTextControl {INPUT} at (4,6) size 100x24 [bgcolor=#FFFFFF] [border: (2px inset #000000)]
      RenderBlock {P} at (0,264) size 768x18
        RenderText {#text} at (0,0) size 72x17
          text run at (0,0) width 72: "Test case 3"
      RenderTable {TABLE} at (0,298) size 55x82 [border: (3px solid #0000FF)]
        RenderTableSection {TBODY} at (3,3) size 49x76
          RenderTableRow {TR} at (0,2) size 49x72
            RenderTableCell {TD} at (2,2) size 45x72 [border: (3px solid #FF0000)] [r=0 c=0 rs=1 cs=1]
              RenderText {#text} at (4,4) size 37x35
                text run at (4,4) width 37: "width"
                text run at (4,22) width 32: "30px"
              RenderTextControl {INPUT} at (4,42) size 30x24 [bgcolor=#FFFFFF] [border: (2px inset #000000)]
      RenderBlock {P} at (0,396) size 768x18
        RenderText {#text} at (0,0) size 72x17
          text run at (0,0) width 72: "Test case 4"
      RenderTable {TABLE} at (0,430) size 218x74 [border: (3px solid #0000FF)]
        RenderTableSection {TBODY} at (3,3) size 212x68
          RenderTableRow {TR} at (0,2) size 212x36
            RenderTableCell {TD} at (2,2) size 208x36 [border: (3px solid #FF0000)] [r=0 c=0 rs=1 cs=1]
              RenderTextControl {INPUT} at (4,6) size 200x24 [bgcolor=#FFFFFF] [border: (2px inset #000000)]
          RenderTableRow {TR} at (0,40) size 212x26
            RenderTableCell {TD} at (2,40) size 208x26 [border: (3px solid #FF0000)] [r=1 c=0 rs=1 cs=1]
              RenderBlock {DIV} at (4,4) size 200x18
                RenderText {#text} at (0,0) size 40x17
                  text run at (0,0) width 40: "200px"
      RenderBlock {P} at (0,520) size 768x18
        RenderText {#text} at (0,0) size 72x17
          text run at (0,0) width 72: "Test case 5"
      RenderTable {TABLE} at (0,554) size 92x46 [border: (3px solid #0000FF)]
        RenderTableSection {TBODY} at (3,3) size 86x40
          RenderTableRow {TR} at (0,2) size 86x36
            RenderTableCell {TD} at (2,2) size 82x36 [border: (3px solid #FF0000)] [r=0 c=0 rs=1 cs=1]
              RenderTextControl {INPUT} at (6,6) size 70x24 [bgcolor=#FFFFFF] [border: (2px inset #000000)]
      RenderBlock {P} at (0,616) size 768x18
        RenderText {#text} at (0,0) size 72x17
          text run at (0,0) width 72: "Test case 6"
      RenderTable {TABLE} at (0,650) size 215x74 [border: (3px solid #0000FF)]
        RenderTableSection {TBODY} at (3,3) size 209x68
          RenderTableRow {TR} at (0,2) size 209x36
            RenderTableCell {TD} at (2,2) size 205x36 [border: (3px solid #FF0000)] [r=0 c=0 rs=1 cs=1]
              RenderTextControl {INPUT} at (6,6) size 193x24 [bgcolor=#FFFFFF] [border: (2px inset #000000)]
          RenderTableRow {TR} at (0,40) size 209x26
            RenderTableCell {TD} at (2,40) size 205x26 [border: (3px solid #FF0000)] [r=1 c=0 rs=1 cs=1]
              RenderBlock {DIV} at (4,4) size 70x18
                RenderText {#text} at (0,0) size 32x17
                  text run at (0,0) width 32: "70px"
layer at (20,90) size 94x18
  RenderBlock {DIV} at (3,3) size 94x18
layer at (69,186) size 94x18
  RenderBlock {DIV} at (3,3) size 94x18
layer at (69,224) size 94x18
  RenderBlock {DIV} at (3,3) size 94x18
layer at (20,356) size 24x18
  RenderBlock {DIV} at (3,3) size 24x18
layer at (20,452) size 194x18
  RenderBlock {DIV} at (3,3) size 194x18
    RenderText {#text} at (1,0) size 83x17
      text run at (1,0) width 83: "width 100%"
layer at (22,576) size 64x18 scrollWidth 72
  RenderBlock {DIV} at (3,3) size 64x18
    RenderText {#text} at (1,0) size 70x17
      text run at (1,0) width 70: "max 70px"
layer at (22,672) size 187x18
  RenderBlock {DIV} at (3,3) size 187x18
    RenderText {#text} at (1,0) size 117x17
      text run at (1,0) width 117: "min-width 100px"
