layer at (0,0) size 800x600
  RenderView at (0,0) size 800x600
layer at (0,0) size 800x600
  RenderBlock {HTML} at (0,0) size 800x600
    RenderBody {BODY} at (8,8) size 784x584
      RenderButton {INPUT} at (0,10) size 42x15 [bgcolor=#C0C0C0] [border: (2px outset #C0C0C0)]
        RenderBlock (anonymous) at (8,4) size 26x6
          RenderText at (0,0) size 26x6
            text run at (0,0) width 26: "Test Button"
      RenderText {#text} at (42,5) size 4x17
        text run at (42,5) width 4: " "
      RenderButton {INPUT} at (46,10) size 47x15 [bgcolor=#C0C0C0] [border: (2px outset #C0C0C0)]
        RenderBlock (anonymous) at (8,4) size 31x6
          RenderText at (0,0) size 31x6
            text run at (0,0) width 31: "Test Button"
      RenderText {#text} at (93,5) size 4x17
        text run at (93,5) width 4: " "
      RenderButton {INPUT} at (97,9) size 52x16 [bgcolor=#C0C0C0] [border: (2px outset #C0C0C0)]
        RenderBlock (anonymous) at (8,4) size 36x7
          RenderText at (0,0) size 36x7
            text run at (0,0) width 36: "Test Button"
      RenderText {#text} at (149,5) size 4x17
        text run at (149,5) width 4: " "
      RenderButton {INPUT} at (153,8) size 57x18 [bgcolor=#C0C0C0] [border: (2px outset #C0C0C0)]
        RenderBlock (anonymous) at (8,4) size 41x9
          RenderText at (0,0) size 41x9
            text run at (0,0) width 41: "Test Button"
      RenderText {#text} at (210,5) size 4x17
        text run at (210,5) width 4: " "
      RenderButton {INPUT} at (214,7) size 63x19 [bgcolor=#C0C0C0] [border: (2px outset #C0C0C0)]
        RenderBlock (anonymous) at (8,4) size 47x10
          RenderText at (0,0) size 47x10
            text run at (0,0) width 47: "Test Button"
      RenderText {#text} at (277,5) size 4x17
        text run at (277,5) width 4: " "
      RenderButton {INPUT} at (281,6) size 68x20 [bgcolor=#C0C0C0] [border: (2px outset #C0C0C0)]
        RenderBlock (anonymous) at (8,4) size 52x11
          RenderText at (0,0) size 52x11
            text run at (0,0) width 52: "Test Button"
      RenderText {#text} at (349,5) size 4x17
        text run at (349,5) width 4: " "
      RenderButton {INPUT} at (355,5) size 73x21 [bgcolor=#C0C0C0] [border: (2px outset #C0C0C0)]
        RenderBlock (anonymous) at (8,4) size 57x12
          RenderText at (0,0) size 57x12
            text run at (0,0) width 57: "Test Button"
      RenderText {#text} at (430,5) size 4x17
        text run at (430,5) width 4: " "
      RenderButton {INPUT} at (436,4) size 78x23 [bgcolor=#C0C0C0] [border: (2px outset #C0C0C0)]
        RenderBlock (anonymous) at (8,4) size 62x14
          RenderText at (0,0) size 62x14
            text run at (0,0) width 62: "Test Button"
      RenderText {#text} at (516,5) size 4x17
        text run at (516,5) width 4: " "
      RenderButton {INPUT} at (522,3) size 83x24 [bgcolor=#C0C0C0] [border: (2px outset #C0C0C0)]
        RenderBlock (anonymous) at (8,4) size 67x15
          RenderText at (0,0) size 67x15
            text run at (0,0) width 67: "Test Button"
      RenderText {#text} at (607,5) size 4x17
        text run at (607,5) width 4: " "
      RenderButton {INPUT} at (613,2) size 88x25 [bgcolor=#C0C0C0] [border: (2px outset #C0C0C0)]
        RenderBlock (anonymous) at (8,4) size 72x16
          RenderText at (0,0) size 72x16
            text run at (0,0) width 72: "Test Button"
      RenderText {#text} at (703,5) size 4x17
        text run at (703,5) width 4: " "
      RenderButton {INPUT} at (2,35) size 93x26 [bgcolor=#C0C0C0] [border: (2px outset #C0C0C0)]
        RenderBlock (anonymous) at (8,4) size 77x17
          RenderText at (0,0) size 77x17
            text run at (0,0) width 77: "Test Button"
      RenderText {#text} at (97,39) size 4x17
        text run at (97,39) width 4: " "
      RenderButton {INPUT} at (103,35) size 98x27 [bgcolor=#C0C0C0] [border: (2px outset #C0C0C0)]
        RenderBlock (anonymous) at (8,4) size 82x18
          RenderText at (0,0) size 82x17
            text run at (0,0) width 82: "Test Button"
      RenderText {#text} at (203,39) size 4x17
        text run at (203,39) width 4: " "
      RenderButton {INPUT} at (209,34) size 103x29 [bgcolor=#C0C0C0] [border: (2px outset #C0C0C0)]
        RenderBlock (anonymous) at (8,4) size 87x20
          RenderText at (0,0) size 87x19
            text run at (0,0) width 87: "Test Button"
      RenderText {#text} at (314,39) size 4x17
        text run at (314,39) width 4: " "
      RenderButton {INPUT} at (320,33) size 109x30 [bgcolor=#C0C0C0] [border: (2px outset #C0C0C0)]
        RenderBlock (anonymous) at (8,4) size 93x21
          RenderText at (0,0) size 93x20
            text run at (0,0) width 93: "Test Button"
      RenderText {#text} at (431,39) size 4x17
        text run at (431,39) width 4: " "
      RenderButton {INPUT} at (437,32) size 114x31 [bgcolor=#C0C0C0] [border: (2px outset #C0C0C0)]
        RenderBlock (anonymous) at (8,4) size 98x22
          RenderText at (0,0) size 98x21
            text run at (0,0) width 98: "Test Button"
      RenderText {#text} at (553,39) size 4x17
        text run at (553,39) width 4: " "
      RenderButton {INPUT} at (559,31) size 119x32 [bgcolor=#C0C0C0] [border: (2px outset #C0C0C0)]
        RenderBlock (anonymous) at (8,4) size 103x23
          RenderText at (0,0) size 103x22
            text run at (0,0) width 103: "Test Button"
      RenderText {#text} at (680,39) size 4x17
        text run at (680,39) width 4: " "
      RenderButton {INPUT} at (2,67) size 124x33 [bgcolor=#C0C0C0] [border: (2px outset #C0C0C0)]
        RenderBlock (anonymous) at (8,4) size 108x24
          RenderText at (0,0) size 108x23
            text run at (0,0) width 108: "Test Button"
      RenderText {#text} at (0,0) size 0x0
