layer at (0,0) size 784x613
  RenderView at (0,0) size 784x600
layer at (0,0) size 784x613
  RenderBlock {HTML} at (0,0) size 784x613
    RenderBody {BODY} at (8,8) size 768x589
      RenderBlock {P} at (0,0) size 768x38
        RenderText {#text} at (0,0) size 750x38
          text run at (0,0) width 750: "Results that match WinIE are two columns on the right that say \"after\" every time, except for the last row which should"
          text run at (0,19) width 192: "have nothing in either column."
      RenderBlock {P} at (0,54) size 768x19
        RenderText {#text} at (0,0) size 713x19
          text run at (0,0) width 713: "Results that match Gecko are like WinIE, but with \"before\" for the attribute in the first two rows and the last row."
      RenderBlock {HR} at (0,89) size 768x2 [border: (1px inset #000000)]
      RenderBlock {FORM} at (0,99) size 768x490
        RenderTable {TABLE} at (0,0) size 768x490
          RenderTableSection {THEAD} at (0,0) size 768x25
            RenderTableRow {TR} at (0,2) size 768x21
              RenderTableCell {TH} at (2,2) size 323x21 [r=0 c=0 rs=1 cs=1]
                RenderText {#text} at (1,1) size 55x19
                  text run at (1,1) width 55: "test case"
              RenderTableCell {TH} at (327,2) size 312x21 [r=0 c=1 rs=1 cs=1]
                RenderText {#text} at (1,1) size 89x19
                  text run at (1,1) width 89: "form element"
              RenderTableCell {TH} at (641,2) size 62x21 [r=0 c=2 rs=1 cs=1]
                RenderText {#text} at (1,1) size 60x19
                  text run at (1,1) width 60: "property"
              RenderTableCell {TH} at (705,2) size 61x21 [r=0 c=3 rs=1 cs=1]
                RenderText {#text} at (1,1) size 59x19
                  text run at (1,1) width 59: "attribute"
          RenderTableSection {TBODY} at (0,25) size 768x465
            RenderTableRow {TR} at (0,2) size 768x31
              RenderTableCell {TD} at (2,7) size 323x21 [r=0 c=0 rs=1 cs=1]
                RenderText {#text} at (1,1) size 207x19
                  text run at (1,1) width 207: "text with value property changed"
              RenderTableCell {TD} at (327,2) size 312x31 [r=0 c=1 rs=1 cs=1]
                RenderTextControl {INPUT} at (3,3) size 194x25 [bgcolor=#FFFFFF] [border: (2px inset #000000)]
              RenderTableCell {TD} at (641,7) size 62x21 [r=0 c=2 rs=1 cs=1]
                RenderText {#text} at (1,1) size 28x19
                  text run at (1,1) width 28: "after"
              RenderTableCell {TD} at (705,7) size 61x21 [r=0 c=3 rs=1 cs=1]
                RenderText {#text} at (1,1) size 40x19
                  text run at (1,1) width 40: "before"
            RenderTableRow {TR} at (0,35) size 768x31
              RenderTableCell {TD} at (2,40) size 323x21 [r=1 c=0 rs=1 cs=1]
                RenderText {#text} at (1,1) size 244x19
                  text run at (1,1) width 244: "password with value property changed"
              RenderTableCell {TD} at (327,35) size 312x31 [r=1 c=1 rs=1 cs=1]
                RenderTextControl {INPUT} at (3,3) size 194x25 [bgcolor=#FFFFFF] [border: (2px inset #000000)]
              RenderTableCell {TD} at (641,40) size 62x21 [r=1 c=2 rs=1 cs=1]
                RenderText {#text} at (1,1) size 28x19
                  text run at (1,1) width 28: "after"
              RenderTableCell {TD} at (705,40) size 61x21 [r=1 c=3 rs=1 cs=1]
                RenderText {#text} at (1,1) size 40x19
                  text run at (1,1) width 40: "before"
            RenderTableRow {TR} at (0,68) size 768x24
              RenderTableCell {TD} at (2,69) size 323x21 [r=2 c=0 rs=1 cs=1]
                RenderText {#text} at (1,1) size 249x19
                  text run at (1,1) width 249: "check box with value property changed"
              RenderTableCell {TD} at (327,68) size 312x24 [r=2 c=1 rs=1 cs=1]
                RenderBlock {INPUT} at (5,4) size 16x16
              RenderTableCell {TD} at (641,69) size 62x21 [r=2 c=2 rs=1 cs=1]
                RenderText {#text} at (1,1) size 28x19
                  text run at (1,1) width 28: "after"
              RenderTableCell {TD} at (705,69) size 61x21 [r=2 c=3 rs=1 cs=1]
                RenderText {#text} at (1,1) size 28x19
                  text run at (1,1) width 28: "after"
            RenderTableRow {TR} at (0,94) size 768x21
              RenderTableCell {TD} at (2,94) size 323x21 [r=3 c=0 rs=1 cs=1]
                RenderText {#text} at (1,1) size 227x19
                  text run at (1,1) width 227: "hidden with value property changed"
              RenderTableCell {TD} at (327,103) size 312x2 [r=3 c=1 rs=1 cs=1]
              RenderTableCell {TD} at (641,94) size 62x21 [r=3 c=2 rs=1 cs=1]
                RenderText {#text} at (1,1) size 28x19
                  text run at (1,1) width 28: "after"
              RenderTableCell {TD} at (705,94) size 61x21 [r=3 c=3 rs=1 cs=1]
                RenderText {#text} at (1,1) size 28x19
                  text run at (1,1) width 28: "after"
            RenderTableRow {TR} at (0,117) size 768x34
              RenderTableCell {TD} at (2,123) size 323x21 [r=4 c=0 rs=1 cs=1]
                RenderText {#text} at (1,1) size 224x19
                  text run at (1,1) width 224: "button with value property changed"
              RenderTableCell {TD} at (327,117) size 312x34 [r=4 c=1 rs=1 cs=1]
                RenderButton {INPUT} at (3,3) size 47x28 [bgcolor=#C0C0C0] [border: (2px outset #C0C0C0)]
                  RenderBlock (anonymous) at (8,4) size 31x19
                    RenderText at (0,0) size 31x19
                      text run at (0,0) width 31: "after"
              RenderTableCell {TD} at (641,123) size 62x21 [r=4 c=2 rs=1 cs=1]
                RenderText {#text} at (1,1) size 28x19
                  text run at (1,1) width 28: "after"
              RenderTableCell {TD} at (705,123) size 61x21 [r=4 c=3 rs=1 cs=1]
                RenderText {#text} at (1,1) size 28x19
                  text run at (1,1) width 28: "after"
            RenderTableRow {TR} at (0,153) size 768x21
              RenderTableCell {TD} at (2,153) size 323x21 [r=5 c=0 rs=1 cs=1]
                RenderText {#text} at (1,1) size 222x19
                  text run at (1,1) width 222: "image with value property changed"
              RenderTableCell {TD} at (327,153) size 312x21 [r=5 c=1 rs=1 cs=1]
                RenderImage {INPUT} at (1,1) size 45x19
              RenderTableCell {TD} at (641,153) size 62x21 [r=5 c=2 rs=1 cs=1]
                RenderText {#text} at (1,1) size 28x19
                  text run at (1,1) width 28: "after"
              RenderTableCell {TD} at (705,153) size 61x21 [r=5 c=3 rs=1 cs=1]
                RenderText {#text} at (1,1) size 28x19
                  text run at (1,1) width 28: "after"
            RenderTableRow {TR} at (0,176) size 768x24
              RenderTableCell {TD} at (2,177) size 323x21 [r=6 c=0 rs=1 cs=1]
                RenderText {#text} at (1,1) size 216x19
                  text run at (1,1) width 216: "radio with value property changed"
              RenderTableCell {TD} at (327,176) size 312x24 [r=6 c=1 rs=1 cs=1]
                RenderBlock {INPUT} at (5,4) size 16x16
              RenderTableCell {TD} at (641,177) size 62x21 [r=6 c=2 rs=1 cs=1]
                RenderText {#text} at (1,1) size 28x19
                  text run at (1,1) width 28: "after"
              RenderTableCell {TD} at (705,177) size 61x21 [r=6 c=3 rs=1 cs=1]
                RenderText {#text} at (1,1) size 28x19
                  text run at (1,1) width 28: "after"
            RenderTableRow {TR} at (0,202) size 768x31
              RenderTableCell {TD} at (2,207) size 323x21 [r=7 c=0 rs=1 cs=1]
                RenderText {#text} at (1,1) size 205x19
                  text run at (1,1) width 205: "text with value attribute changed"
              RenderTableCell {TD} at (327,202) size 312x31 [r=7 c=1 rs=1 cs=1]
                RenderTextControl {INPUT} at (3,3) size 194x25 [bgcolor=#FFFFFF] [border: (2px inset #000000)]
              RenderTableCell {TD} at (641,207) size 62x21 [r=7 c=2 rs=1 cs=1]
                RenderText {#text} at (1,1) size 28x19
                  text run at (1,1) width 28: "after"
              RenderTableCell {TD} at (705,207) size 61x21 [r=7 c=3 rs=1 cs=1]
                RenderText {#text} at (1,1) size 28x19
                  text run at (1,1) width 28: "after"
            RenderTableRow {TR} at (0,235) size 768x24
              RenderTableCell {TD} at (2,236) size 323x21 [r=8 c=0 rs=1 cs=1]
                RenderText {#text} at (1,1) size 247x19
                  text run at (1,1) width 247: "check box with value attribute changed"
              RenderTableCell {TD} at (327,235) size 312x24 [r=8 c=1 rs=1 cs=1]
                RenderBlock {INPUT} at (5,4) size 16x16
              RenderTableCell {TD} at (641,236) size 62x21 [r=8 c=2 rs=1 cs=1]
                RenderText {#text} at (1,1) size 28x19
                  text run at (1,1) width 28: "after"
              RenderTableCell {TD} at (705,236) size 61x21 [r=8 c=3 rs=1 cs=1]
                RenderText {#text} at (1,1) size 28x19
                  text run at (1,1) width 28: "after"
            RenderTableRow {TR} at (0,261) size 768x40
              RenderTableCell {TD} at (2,261) size 323x40 [r=9 c=0 rs=1 cs=1]
                RenderText {#text} at (1,1) size 314x38
                  text run at (1,1) width 314: "text with value property changed, then turned into"
                  text run at (1,20) width 65: "check box"
              RenderTableCell {TD} at (327,269) size 312x24 [r=9 c=1 rs=1 cs=1]
                RenderBlock {INPUT} at (5,4) size 16x16
              RenderTableCell {TD} at (641,270) size 62x21 [r=9 c=2 rs=1 cs=1]
                RenderText {#text} at (1,1) size 28x19
                  text run at (1,1) width 28: "after"
              RenderTableCell {TD} at (705,270) size 61x21 [r=9 c=3 rs=1 cs=1]
                RenderText {#text} at (1,1) size 28x19
                  text run at (1,1) width 28: "after"
            RenderTableRow {TR} at (0,303) size 768x40
              RenderTableCell {TD} at (2,303) size 323x40 [r=10 c=0 rs=1 cs=1]
                RenderText {#text} at (1,1) size 284x38
                  text run at (1,1) width 284: "check box with value property changed, then"
                  text run at (1,20) width 95: "turned into text"
              RenderTableCell {TD} at (327,307) size 312x31 [r=10 c=1 rs=1 cs=1]
                RenderTextControl {INPUT} at (3,3) size 194x25 [bgcolor=#FFFFFF] [border: (2px inset #000000)]
              RenderTableCell {TD} at (641,312) size 62x21 [r=10 c=2 rs=1 cs=1]
                RenderText {#text} at (1,1) size 28x19
                  text run at (1,1) width 28: "after"
              RenderTableCell {TD} at (705,312) size 61x21 [r=10 c=3 rs=1 cs=1]
                RenderText {#text} at (1,1) size 28x19
                  text run at (1,1) width 28: "after"
            RenderTableRow {TR} at (0,345) size 768x40
              RenderTableCell {TD} at (2,345) size 323x40 [r=11 c=0 rs=1 cs=1]
                RenderText {#text} at (1,1) size 312x38
                  text run at (1,1) width 312: "text with value attribute changed, then turned into"
                  text run at (1,20) width 65: "check box"
              RenderTableCell {TD} at (327,353) size 312x24 [r=11 c=1 rs=1 cs=1]
                RenderBlock {INPUT} at (5,4) size 16x16
              RenderTableCell {TD} at (641,354) size 62x21 [r=11 c=2 rs=1 cs=1]
                RenderText {#text} at (1,1) size 28x19
                  text run at (1,1) width 28: "after"
              RenderTableCell {TD} at (705,354) size 61x21 [r=11 c=3 rs=1 cs=1]
                RenderText {#text} at (1,1) size 28x19
                  text run at (1,1) width 28: "after"
            RenderTableRow {TR} at (0,387) size 768x40
              RenderTableCell {TD} at (2,387) size 323x40 [r=12 c=0 rs=1 cs=1]
                RenderText {#text} at (1,1) size 282x38
                  text run at (1,1) width 282: "check box with value attribute changed, then"
                  text run at (1,20) width 95: "turned into text"
              RenderTableCell {TD} at (327,391) size 312x31 [r=12 c=1 rs=1 cs=1]
                RenderTextControl {INPUT} at (3,3) size 194x25 [bgcolor=#FFFFFF] [border: (2px inset #000000)]
              RenderTableCell {TD} at (641,396) size 62x21 [r=12 c=2 rs=1 cs=1]
                RenderText {#text} at (1,1) size 28x19
                  text run at (1,1) width 28: "after"
              RenderTableCell {TD} at (705,396) size 61x21 [r=12 c=3 rs=1 cs=1]
                RenderText {#text} at (1,1) size 28x19
                  text run at (1,1) width 28: "after"
            RenderTableRow {TR} at (0,429) size 768x34
              RenderTableCell {TD} at (2,435) size 323x21 [r=13 c=0 rs=1 cs=1]
                RenderText {#text} at (1,1) size 204x19
                  text run at (1,1) width 204: "file with value property changed"
              RenderTableCell {TD} at (327,429) size 312x34 [r=13 c=1 rs=1 cs=1]
                RenderFileUploadControl {INPUT} at (3,3) size 306x28 "(None)"
                  RenderButton {INPUT} at (0,0) size 103x28 [bgcolor=#C0C0C0] [border: (2px outset #C0C0C0)]
                    RenderBlock (anonymous) at (8,4) size 87x19
                      RenderText at (0,0) size 87x19
                        text run at (0,0) width 87: "Choose File"
              RenderTableCell {TD} at (641,445) size 62x2 [r=13 c=2 rs=1 cs=1]
              RenderTableCell {TD} at (705,435) size 61x21 [r=13 c=3 rs=1 cs=1]
                RenderText {#text} at (1,1) size 40x19
                  text run at (1,1) width 40: "before"
layer at (341,140) size 188x19
  RenderBlock {DIV} at (3,3) size 188x19
    RenderText {#text} at (1,0) size 45x19
      text run at (1,0) width 45: "before"
layer at (341,173) size 188x19
  RenderBlock {DIV} at (3,3) size 188x19
    RenderText {#text} at (1,0) size 36x19
      text run at (1,0) width 36: "\x{2022}\x{2022}\x{2022}\x{2022}\x{2022}\x{2022}"
layer at (341,340) size 188x19
  RenderBlock {DIV} at (3,3) size 188x19
    RenderText {#text} at (1,0) size 31x19
      text run at (1,0) width 31: "after"
layer at (341,445) size 188x19
  RenderBlock {DIV} at (3,3) size 188x19
    RenderText {#text} at (1,0) size 31x19
      text run at (1,0) width 31: "after"
layer at (341,529) size 188x19
  RenderBlock {DIV} at (3,3) size 188x19
    RenderText {#text} at (1,0) size 31x19
      text run at (1,0) width 31: "after"
