layer at (0,0) size 800x600
  RenderView at (0,0) size 800x600
layer at (0,0) size 800x44
  RenderBlock {HTML} at (0,0) size 800x44
    RenderBody {BODY} at (8,8) size 784x28
      RenderTextControl {INPUT} at (2,2) size 193x24 [bgcolor=#FFFFFF] [border: (2px inset #000000)]
        RenderDeprecatedFlexibleBox {DIV} at (3,3) size 187x18
          RenderBlock {DIV} at (0,0) size 171x18
      RenderText {#text} at (197,5) size 4x17
        text run at (197,5) width 4: " "
      RenderTextControl {INPUT} at (203,2) size 193x24 [bgcolor=#FFFFFF] [border: (2px inset #000000)]
        RenderDeprecatedFlexibleBox {DIV} at (3,3) size 187x18
          RenderBlock {DIV} at (0,0) size 171x18
      RenderText {#text} at (0,0) size 0x0
layer at (13,13) size 171x18
  RenderBlock {DIV} at (0,0) size 171x18
layer at (214,13) size 171x18
  RenderBlock {DIV} at (0,0) size 171x18
layer at (185,12) size 16x20
  RenderBlock (relative positioned) {DIV} at (172,-1) size 16x20
