layer at (0,0) size 800x600
  RenderView at (0,0) size 800x600
layer at (0,0) size 800x600
  RenderBlock {HTML} at (0,0) size 800x600
    RenderBody {BODY} at (8,8) size 784x584
      RenderText {#text} at (0,0) size 738x35
        text run at (0,0) width 738: "This test checks if correct min width is applied to \"input type=text\". To match IE and Firefox, the input field below"
        text run at (0,18) width 671: "should show \"1987\", with the 7 slightly truncated. See https://bugs.webkit.org/show_bug.cgi?id=15312 ."
      RenderBR {BR} at (670,32) size 1x0
      RenderTextControl {INPUT} at (2,38) size 22x24 [bgcolor=#FFFFFF] [border: (2px inset #000000)]
      RenderText {#text} at (0,0) size 0x0
layer at (13,49) size 16x18 scrollWidth 56
  RenderBlock {DIV} at (3,3) size 16x18
    RenderText {#text} at (1,0) size 54x17
      text run at (1,0) width 54: "198765"
