layer at (0,0) size 800x600
  RenderView at (0,0) size 800x600
layer at (0,0) size 800x600
  RenderBlock {HTML} at (0,0) size 800x600
    RenderBody {BODY} at (8,8) size 784x576
      RenderBlock {P} at (0,0) size 784x19
        RenderText {#text} at (0,0) size 31x19
          text run at (0,0) width 31: "Test "
        RenderInline {TT} at (0,0) size 72x15
          RenderText {#text} at (31,4) size 72x15
            text run at (31,4) width 72: "<isindex>"
        RenderText {#text} at (103,0) size 127x19
          text run at (103,0) width 127: " placeholder styling."
      RenderBlock (anonymous) at (0,35) size 784x19
        RenderText {#text} at (0,0) size 230x19
          text run at (0,0) width 230: "The placeholder text should be gray:"
      RenderBlock {FORM} at (0,62) size 784x49
        RenderBlock {HR} at (0,0) size 784x2 [border: (1px inset #000000)]
        RenderBlock (anonymous) at (0,10) size 784x29
          RenderInline {LABEL} at (0,0) size 520x19
            RenderText {#text} at (0,5) size 322x19
              text run at (0,5) width 322: "This is a searchable index. Enter search keywords: "
            RenderTextControl {INPUT} at (324,2) size 194x25 [bgcolor=#FFFFFF] [border: (2px inset #000000)]
        RenderBlock {HR} at (0,47) size 784x2 [border: (1px inset #000000)]
      RenderBlock (anonymous) at (0,127) size 784x19
        RenderText {#text} at (0,0) size 237x19
          text run at (0,0) width 237: "The placeholder text should be green:"
      RenderBlock {FORM} at (0,154) size 784x49
        RenderBlock {HR} at (0,0) size 784x2 [border: (1px inset #000000)]
        RenderBlock (anonymous) at (0,10) size 784x29
          RenderInline {LABEL} at (0,0) size 520x19
            RenderText {#text} at (0,5) size 322x19
              text run at (0,5) width 322: "This is a searchable index. Enter search keywords: "
            RenderTextControl {INPUT} at (324,2) size 194x25 [bgcolor=#FFFFFF] [border: (2px inset #000000)]
        RenderBlock {HR} at (0,47) size 784x2 [border: (1px inset #000000)]
layer at (335,85) size 188x19
  RenderBlock {DIV} at (3,3) size 188x19
layer at (335,177) size 188x19
  RenderBlock {DIV} at (3,3) size 188x19
layer at (335,85) size 188x19
  RenderBlock (relative positioned) {DIV} at (3,3) size 188x19 [color=#A9A9A9]
    RenderText {#text} at (1,0) size 84x19
      text run at (1,0) width 84: "placeholder"
layer at (335,177) size 188x19
  RenderBlock (relative positioned) {DIV} at (3,3) size 188x19 [color=#008000]
    RenderText {#text} at (1,0) size 84x19
      text run at (1,0) width 84: "placeholder"
