layer at (0,0) size 1016x600
  RenderView at (0,0) size 800x584
layer at (0,0) size 800x600
  RenderBlock {HTML} at (0,0) size 800x600
    RenderBody {BODY} at (8,8) size 784x584
      RenderBlock (anonymous) at (0,0) size 784x36
        RenderText {#text} at (0,0) size 615x17
          text run at (0,0) width 615: "This test verifies the visual alignment of items in a select element while changing text direction."
        RenderBR {BR} at (614,0) size 1x17
        RenderText {#text} at (0,18) size 438x17
          text run at (0,18) width 438: "All the items in the following select elements should be left-aligned."
      RenderTable {TABLE} at (0,36) size 898x164
        RenderTableSection {TBODY} at (0,0) size 898x164
          RenderTableRow {TR} at (0,2) size 898x79
            RenderTableCell {TD} at (2,2) size 207x79 [r=0 c=0 rs=1 cs=1]
              RenderListBox {SELECT} at (3,3) size 201x73 [bgcolor=#FFFFFF] [border: (1px inset #808080)]
            RenderTableCell {TD} at (211,2) size 237x79 [r=0 c=1 rs=1 cs=1]
              RenderListBox {SELECT} at (3,3) size 231x73 [bgcolor=#FFFFFF] [border: (1px inset #808080)]
            RenderTableCell {TD} at (450,2) size 207x79 [r=0 c=2 rs=1 cs=1]
              RenderListBox {SELECT} at (3,3) size 201x73 [bgcolor=#FFFFFF] [border: (1px inset #808080)]
            RenderTableCell {TD} at (659,2) size 237x79 [r=0 c=3 rs=1 cs=1]
              RenderListBox {SELECT} at (3,3) size 231x73 [bgcolor=#FFFFFF] [border: (1px inset #808080)]
          RenderTableRow {TR} at (0,83) size 898x79
            RenderTableCell {TD} at (2,83) size 207x79 [r=1 c=0 rs=1 cs=1]
              RenderListBox {SELECT} at (3,3) size 201x73 [bgcolor=#FFFFFF] [border: (1px inset #808080)]
            RenderTableCell {TD} at (211,83) size 237x79 [r=1 c=1 rs=1 cs=1]
              RenderListBox {SELECT} at (3,3) size 231x73 [bgcolor=#FFFFFF] [border: (1px inset #808080)]
      RenderBlock (anonymous) at (0,200) size 784x18
        RenderText {#text} at (0,0) size 447x17
          text run at (0,0) width 447: "All the items in the following select elements should be right-aligned."
      RenderTable {TABLE} at (0,218) size 878x164
        RenderTableSection {TBODY} at (0,0) size 878x164
          RenderTableRow {TR} at (0,2) size 878x79
            RenderTableCell {TD} at (2,2) size 217x79 [r=0 c=0 rs=1 cs=1]
              RenderListBox {SELECT} at (3,3) size 211x73 [bgcolor=#FFFFFF] [border: (1px inset #808080)]
            RenderTableCell {TD} at (221,2) size 217x79 [r=0 c=1 rs=1 cs=1]
              RenderListBox {SELECT} at (3,3) size 211x73 [bgcolor=#FFFFFF] [border: (1px inset #808080)]
            RenderTableCell {TD} at (440,2) size 217x79 [r=0 c=2 rs=1 cs=1]
              RenderListBox {SELECT} at (3,3) size 211x73 [bgcolor=#FFFFFF] [border: (1px inset #808080)]
            RenderTableCell {TD} at (659,2) size 217x79 [r=0 c=3 rs=1 cs=1]
              RenderListBox {SELECT} at (3,3) size 211x73 [bgcolor=#FFFFFF] [border: (1px inset #808080)]
          RenderTableRow {TR} at (0,83) size 878x79
            RenderTableCell {TD} at (2,83) size 217x79 [r=1 c=0 rs=1 cs=1]
              RenderListBox {SELECT} at (3,3) size 211x73 [bgcolor=#FFFFFF] [border: (1px inset #808080)]
            RenderTableCell {TD} at (221,83) size 217x79 [r=1 c=1 rs=1 cs=1]
              RenderListBox {SELECT} at (3,3) size 211x73 [bgcolor=#FFFFFF] [border: (1px inset #808080)]
      RenderBlock (anonymous) at (0,382) size 784x18
        RenderText {#text} at (0,0) size 456x17
          text run at (0,0) width 456: "All the items in the following select elements should be center-aligned."
      RenderTable {TABLE} at (0,400) size 936x83
        RenderTableSection {TBODY} at (0,0) size 936x83
          RenderTableRow {TR} at (0,2) size 936x79
            RenderTableCell {TD} at (2,2) size 230x79 [r=0 c=0 rs=1 cs=1]
              RenderListBox {SELECT} at (3,3) size 224x73 [bgcolor=#FFFFFF] [border: (1px inset #808080)]
            RenderTableCell {TD} at (234,2) size 233x79 [r=0 c=1 rs=1 cs=1]
              RenderListBox {SELECT} at (3,3) size 227x73 [bgcolor=#FFFFFF] [border: (1px inset #808080)]
            RenderTableCell {TD} at (469,2) size 230x79 [r=0 c=2 rs=1 cs=1]
              RenderListBox {SELECT} at (3,3) size 224x73 [bgcolor=#FFFFFF] [border: (1px inset #808080)]
            RenderTableCell {TD} at (701,2) size 233x79 [r=0 c=3 rs=1 cs=1]
              RenderListBox {SELECT} at (3,3) size 227x73 [bgcolor=#FFFFFF] [border: (1px inset #808080)]
      RenderBlock (anonymous) at (0,483) size 784x18
        RenderText {#text} at (0,0) size 296x17
          text run at (0,0) width 296: "The following tables check mixed alignments."
      RenderTable {TABLE} at (0,501) size 1008x83
        RenderTableSection {TBODY} at (0,0) size 1008x83
          RenderTableRow {TR} at (0,2) size 1008x79
            RenderTableCell {TD} at (2,2) size 224x79 [r=0 c=0 rs=1 cs=1]
              RenderListBox {SELECT} at (3,3) size 218x73 [bgcolor=#FFFFFF] [border: (1px inset #808080)]
            RenderTableCell {TD} at (228,2) size 224x79 [r=0 c=1 rs=1 cs=1]
              RenderListBox {SELECT} at (3,3) size 218x73 [bgcolor=#FFFFFF] [border: (1px inset #808080)]
            RenderTableCell {TD} at (454,2) size 275x79 [r=0 c=2 rs=1 cs=1]
              RenderListBox {SELECT} at (3,3) size 269x73 [bgcolor=#FFFFFF] [border: (1px inset #808080)]
            RenderTableCell {TD} at (731,2) size 275x79 [r=0 c=3 rs=1 cs=1]
              RenderListBox {SELECT} at (3,3) size 269x73 [bgcolor=#FFFFFF] [border: (1px inset #808080)]
