layer at (0,0) size 1114x584
  RenderView at (0,0) size 800x584
layer at (0,0) size 800x584
  RenderBlock {HTML} at (0,0) size 800x584
    RenderBody {BODY} at (9,9) size 782x560
      RenderBlock (anonymous) at (0,0) size 782x162
        RenderListBox {SELECT} at (2,0) size 156x162 [bgcolor=#FFFFFF] [border: (12px solid #000000)]
        RenderText {#text} at (0,0) size 0x0
      RenderBlock {DIV} at (0,162) size 782x117
        RenderBlock (anonymous) at (0,0) size 782x66
          RenderText {#text} at (0,0) size 62x21
            text run at (0,0) width 62: "Results:"
          RenderBR {BR} at (61,17) size 1x0
          RenderText {#text} at (0,22) size 104x21
            text run at (0,22) width 104: "Test 1 Passed"
          RenderBR {BR} at (103,39) size 1x0
          RenderText {#text} at (0,44) size 100x21
            text run at (0,44) width 100: "Test 2 Failed"
          RenderBR {BR} at (99,61) size 1x0
        RenderBlock {PRE} at (0,81) size 782x36
          RenderText {#text} at (0,0) size 1105x18
            text run at (0,0) width 1105: "     Expected: false,false,false,false,false,false,true,false,false,false,false,false,false,false,false,false,false"
          RenderBR {BR} at (0,0) size 0x0
          RenderText {#text} at (0,18) size 1085x18
            text run at (0,18) width 1085: "     Actual: false,false,false,false,true,false,false,false,false,false,false,false,false,false,false,false,false"
