layer at (0,0) size 800x600
  RenderView at (0,0) size 800x600
layer at (0,0) size 800x600
  RenderBlock {HTML} at (0,0) size 800x600
    RenderBody {BODY} at (8,8) size 784x584
      RenderMenuList {SELECT} at (2,2) size 78x29 [bgcolor=#FFFFFF] [border: (1px solid #000000)]
        RenderBlock (anonymous) at (1,1) size 76x27
          RenderText at (4,4) size 51x19
            text run at (4,4) width 51: "Default"
      RenderText {#text} at (82,7) size 4x19
        text run at (82,7) width 4: " "
      RenderMenuList {SELECT} at (88,2) size 57x29 [color=#FF0000] [bgcolor=#FFFFFF] [border: (1px solid #FF0000)]
        RenderBlock (anonymous) at (1,1) size 55x27
          RenderText at (4,4) size 30x19
            text run at (4,4) width 30: "Red"
      RenderText {#text} at (147,7) size 4x19
        text run at (147,7) width 4: " "
      RenderMenuList {SELECT} at (153,2) size 145x29 [bgcolor=#008000] [border: (1px solid #000000)]
        RenderBlock (anonymous) at (1,1) size 143x27
          RenderText at (4,4) size 118x19
            text run at (4,4) width 118: "Default on green"
      RenderText {#text} at (300,7) size 4x19
        text run at (300,7) width 4: " "
      RenderMenuList {SELECT} at (306,2) size 124x29 [color=#FF0000] [bgcolor=#008000] [border: (1px solid #FF0000)]
        RenderBlock (anonymous) at (1,1) size 122x27
          RenderText at (4,4) size 97x19
            text run at (4,4) width 97: "Red on green"
      RenderText {#text} at (0,0) size 0x0
