layer at (0,0) size 800x600
  RenderView at (0,0) size 800x600
layer at (0,0) size 800x600
  RenderBlock {HTML} at (0,0) size 800x600
    RenderBody {BODY} at (8,8) size 784x576
      RenderBlock {P} at (0,0) size 784x18
        RenderText {#text} at (0,0) size 55x17
          text run at (0,0) width 55: "Test for "
        RenderInline {I} at (0,0) size 582x17
          RenderInline {A} at (0,0) size 306x17 [color=#0000EE]
            RenderText {#text} at (54,0) size 306x17
              text run at (54,0) width 306: "http://bugs.webkit.org/show_bug.cgi?id=11362"
          RenderText {#text} at (359,0) size 277x17
            text run at (359,0) width 5: " "
            text run at (363,0) width 273: "Native popup with size=\"1\" wraps options"
        RenderText {#text} at (635,0) size 5x17
          text run at (635,0) width 5: "."
      RenderBlock {P} at (0,34) size 784x24
        RenderText {#text} at (0,3) size 36x17
          text run at (0,3) width 36: "With "
        RenderInline {TT} at (0,0) size 64x15
          RenderText {#text} at (35,6) size 64x15
            text run at (35,6) width 64: "size=\"1\""
        RenderText {#text} at (98,3) size 9x17
          text run at (98,3) width 9: ": "
        RenderMenuList {SELECT} at (107,2) size 100x20 [bgcolor=#FFFFFF] [border: (1px solid #000000)]
          RenderBlock (anonymous) at (1,1) size 98x18
            RenderText at (0,0) size 230x17
              text run at (0,0) width 230: "Very long option that does not fit"
        RenderText {#text} at (0,0) size 0x0
      RenderBlock {P} at (0,74) size 784x24
        RenderText {#text} at (0,3) size 57x17
          text run at (0,3) width 57: "Without "
        RenderInline {TT} at (0,0) size 32x15
          RenderText {#text} at (56,6) size 32x15
            text run at (56,6) width 32: "size"
        RenderText {#text} at (87,3) size 10x17
          text run at (87,3) width 10: ": "
        RenderMenuList {SELECT} at (96,2) size 100x20 [bgcolor=#FFFFFF] [border: (1px solid #000000)]
          RenderBlock (anonymous) at (1,1) size 98x18
            RenderText at (0,0) size 230x17
              text run at (0,0) width 230: "Very long option that does not fit"
        RenderText {#text} at (0,0) size 0x0
