layer at (0,0) size 800x600
  RenderView at (0,0) size 800x600
layer at (0,0) size 800x600
  RenderBlock {HTML} at (0,0) size 800x600
    RenderBody {BODY} at (8,8) size 784x584
      RenderText {#text} at (0,0) size 637x19
        text run at (0,0) width 637: "This tests that the text security mode switches correctly when the placeholder appears and disappears."
      RenderBR {BR} at (637,15) size 0x0
      RenderText {#text} at (0,24) size 357x19
        text run at (0,24) width 357: "Leave field 1 alone. It should show the placeholder text: "
      RenderTextControl {INPUT} at (359,21) size 194x25 [bgcolor=#FFFFFF] [border: (2px inset #000000)]
      RenderBR {BR} at (555,39) size 0x0
      RenderText {#text} at (0,53) size 407x19
        text run at (0,53) width 148: "Focus field 2 and type. "
        text run at (148,53) width 259: "It should show bullets for the password.: "
      RenderTextControl {INPUT} at (409,50) size 194x25 [bgcolor=#FFFFFF] [border: (2px inset #000000)]
      RenderBR {BR} at (605,68) size 0x0
      RenderText {#text} at (0,77) size 590x19
        text run at (0,77) width 148: "Focus field 3 and type. "
        text run at (148,77) width 214: "Clear the value and blur the field. "
        text run at (362,77) width 228: "It should show the placeholder text: "
      RenderTextControl {INPUT} at (2,98) size 194x25 [bgcolor=#FFFFFF] [border: (2px inset #000000)]
      RenderBR {BR} at (198,116) size 0x0
layer at (370,32) size 188x19
  RenderBlock {DIV} at (3,3) size 188x19
layer at (420,61) size 188x19
  RenderBlock {DIV} at (3,3) size 188x19
    RenderText {#text} at (1,0) size 24x19
      text run at (1,0) width 24: "\x{2022}\x{2022}\x{2022}\x{2022}"
layer at (13,109) size 188x19
  RenderBlock {DIV} at (3,3) size 188x19
layer at (370,32) size 188x19
  RenderBlock (relative positioned) {DIV} at (3,3) size 188x19 [color=#A9A9A9]
    RenderText {#text} at (1,0) size 84x19
      text run at (1,0) width 84: "placeholder"
layer at (13,109) size 188x19
  RenderBlock (relative positioned) {DIV} at (3,3) size 188x19 [color=#A9A9A9]
    RenderText {#text} at (1,0) size 84x19
      text run at (1,0) width 84: "placeholder"
