layer at (0,0) size 800x600
  RenderView at (0,0) size 800x600
layer at (0,0) size 800x600
  RenderBlock {HTML} at (0,0) size 800x600
    RenderBody {BODY} at (8,8) size 784x584
      RenderText {#text} at (0,0) size 328x19
        text run at (0,0) width 328: "This tests that you can set the placeholder text color."
      RenderBR {BR} at (328,15) size 0x0
      RenderTextControl {INPUT} at (2,20) size 194x24 [bgcolor=#FFFFFF] [border: (2px inset #000000)]
        RenderBlock {DIV} at (3,3) size 188x18
      RenderText {#text} at (198,23) size 4x19
        text run at (198,23) width 4: " "
      RenderTextControl {INPUT} at (204,20) size 194x24 [bgcolor=#FFFFFF] [border: (2px inset #000000)]
        RenderDeprecatedFlexibleBox {DIV} at (3,3) size 188x18
          RenderBlock {DIV} at (0,9) size 0x0
          RenderBlock {DIV} at (0,0) size 172x18
            RenderBlock {DIV} at (0,0) size 172x18
          RenderBlock {DIV} at (172,1) size 16x16
      RenderText {#text} at (400,23) size 4x19
        text run at (400,23) width 4: " "
      RenderTextControl {INPUT} at (406,20) size 194x24 [bgcolor=#FFFFFF] [border: (2px inset #000000)]
        RenderBlock {DIV} at (3,3) size 188x18
      RenderText {#text} at (602,23) size 4x19
        text run at (602,23) width 4: " "
      RenderTextControl {INPUT} at (2,48) size 194x24 [bgcolor=#FFFFFF] [border: (2px inset #000000)]
        RenderBlock {DIV} at (3,3) size 188x18 [color=#545454]
      RenderText {#text} at (198,51) size 4x19
        text run at (198,51) width 4: " "
      RenderTextControl {INPUT} at (204,48) size 194x24 [bgcolor=#FFFFFF] [border: (2px inset #000000)]
        RenderBlock {DIV} at (3,3) size 188x18
      RenderText {#text} at (400,51) size 4x19
        text run at (400,51) width 4: " "
      RenderTextControl {INPUT} at (406,48) size 194x24 [bgcolor=#FFFFFF] [border: (2px inset #000000)]
        RenderBlock {DIV} at (3,3) size 188x18
      RenderText {#text} at (0,0) size 0x0
layer at (13,31) size 188x18 scrollHeight 19
  RenderBlock {DIV} at (3,3) size 188x18 [color=#640000]
    RenderText {#text} at (1,0) size 25x19
      text run at (1,0) width 25: "text"
layer at (215,31) size 172x18 scrollHeight 19
  RenderBlock {DIV} at (3,3) size 172x18 [color=#640000]
    RenderText {#text} at (1,0) size 48x19
      text run at (1,0) width 48: "search"
layer at (417,31) size 188x18 scrollHeight 19
  RenderBlock {DIV} at (3,3) size 188x18 [color=#640000]
    RenderText {#text} at (1,0) size 69x19
      text run at (1,0) width 69: "password"
layer at (13,59) size 188x18 scrollHeight 19
  RenderBlock {DIV} at (3,3) size 188x18 [color=#640000]
    RenderText {#text} at (1,0) size 90x19
      text run at (1,0) width 90: "disabled text"
layer at (215,59) size 188x18 scrollHeight 19
  RenderBlock {DIV} at (3,3) size 188x18 [color=#A9A9A9]
    RenderText {#text} at (1,0) size 48x19
      text run at (1,0) width 48: "default"
layer at (417,59) size 188x18 scrollHeight 19
  RenderBlock {DIV} at (3,3) size 188x18 [color=#A9A9A9]
    RenderText {#text} at (1,0) size 113x19
      text run at (1,0) width 113: "default disabled"
