layer at (0,0) size 800x600
  RenderView at (0,0) size 800x600
layer at (0,0) size 800x600
  RenderBlock {HTML} at (0,0) size 800x600
    RenderBody {BODY} at (8,8) size 784x584
      RenderTextControl {INPUT} at (2,2) size 194x24 [bgcolor=#FFFFFF] [border: (2px inset #000000)]
        RenderDeprecatedFlexibleBox {DIV} at (3,3) size 188x18
          RenderBlock {DIV} at (0,9) size 0x0
          RenderBlock {DIV} at (0,0) size 172x18
          RenderBlock {DIV} at (172,1) size 16x16
      RenderBR {BR} at (198,20) size 0x0
      RenderTextControl {INPUT} at (2,30) size 194x24 [bgcolor=#FFFFFF] [border: (2px inset #000000)]
      RenderBR {BR} at (198,48) size 0x0
      RenderTextControl {INPUT} at (2,58) size 194x24 [bgcolor=#FFFFFF] [border: (2px inset #000000)]
        RenderDeprecatedFlexibleBox {DIV} at (3,3) size 188x18
          RenderBlock {DIV} at (0,9) size 0x0
          RenderBlock {DIV} at (0,0) size 172x18
          RenderBlock {DIV} at (172,1) size 16x16
      RenderBR {BR} at (198,76) size 0x0
      RenderTextControl {INPUT} at (2,86) size 194x24 [bgcolor=#FFFFFF] [border: (2px inset #000000)]
        RenderDeprecatedFlexibleBox {DIV} at (3,3) size 188x18
          RenderBlock {DIV} at (0,1) size 16x16
          RenderBlock {DIV} at (16,0) size 156x18
          RenderBlock {DIV} at (172,1) size 16x16
      RenderBR {BR} at (198,104) size 0x0
      RenderBR {BR} at (205,158) size 0x0
      RenderTextControl {INPUT} at (2,160) size 194x38 [bgcolor=#FFFFFF] [border: (2px inset #000000)]
      RenderBR {BR} at (198,178) size 0x0
      RenderBR {BR} at (205,259) size 0x0
      RenderTextControl {INPUT} at (5,264) size 180x29 [bgcolor=#FFFFFF] [border: (5px solid #000000)]
      RenderBR {BR} at (190,284) size 0x0
      RenderTextControl {INPUT} at (2,300) size 194x31 [bgcolor=#FFFFFF] [border: (2px inset #000000)]
      RenderText {#text} at (198,306) size 4x19
        text run at (198,306) width 4: " "
      RenderTextControl {INPUT} at (204,300) size 194x31 [bgcolor=#FFFFFF] [border: (2px inset #000000)]
      RenderText {#text} at (400,306) size 4x19
        text run at (400,306) width 4: " "
      RenderBR {BR} at (404,321) size 0x0
      RenderTextControl {INPUT} at (2,335) size 194x24 [bgcolor=#FFFFFF] [border: (2px inset #000000)]
      RenderText {#text} at (198,338) size 4x19
        text run at (198,338) width 4: " "
      RenderTextControl {INPUT} at (204,335) size 194x24 [bgcolor=#FFFFFF] [border: (2px inset #000000)]
      RenderText {#text} at (400,338) size 4x19
        text run at (400,338) width 4: " "
      RenderTextControl {INPUT} at (406,335) size 194x24 [bgcolor=#FFFFFF] [border: (2px inset #000000)]
      RenderText {#text} at (602,338) size 4x19
        text run at (602,338) width 4: " "
      RenderBR {BR} at (606,353) size 0x0
      RenderBR {BR} at (198,395) size 0x0
layer at (13,13) size 172x18
  RenderBlock {DIV} at (0,0) size 172x18
layer at (13,13) size 172x18 scrollHeight 19
  RenderBlock {DIV} at (3,3) size 172x18 [color=#A9A9A9]
    RenderText {#text} at (1,0) size 84x19
      text run at (1,0) width 84: "placeholder"
layer at (13,41) size 188x18
  RenderBlock {DIV} at (3,3) size 188x18
layer at (13,41) size 188x18 scrollHeight 19
  RenderBlock {DIV} at (3,3) size 188x18 [color=#A9A9A9]
    RenderText {#text} at (1,0) size 84x19
      text run at (1,0) width 84: "placeholder"
layer at (13,69) size 172x18
  RenderBlock {DIV} at (0,0) size 172x18
layer at (13,69) size 172x18 scrollHeight 19
  RenderBlock {DIV} at (3,3) size 172x18 [color=#A9A9A9]
    RenderText {#text} at (87,0) size 84x19
      text run at (87,0) width 84: "placeholder"
layer at (29,97) size 156x18
  RenderBlock {DIV} at (0,0) size 156x18
layer at (29,97) size 156x18 scrollHeight 19
  RenderBlock {DIV} at (19,3) size 156x18 [color=#A9A9A9]
    RenderText {#text} at (1,0) size 84x19
      text run at (1,0) width 84: "placeholder"
layer at (10,122) size 201x42 clip at (11,123) size 199x40
  RenderTextControl {TEXTAREA} at (2,114) size 201x42 [bgcolor=#FFFFFF] [border: (1px solid #000000)]
    RenderBlock {DIV} at (3,3) size 195x18
    RenderBlock {DIV} at (3,3) size 195x18 [color=#A9A9A9]
      RenderText {#text} at (0,0) size 84x19
        text run at (0,0) width 84: "placeholder"
layer at (13,171) size 188x18
  RenderBlock {DIV} at (3,3) size 188x18
layer at (13,171) size 188x18 scrollHeight 19
  RenderBlock {DIV} at (3,3) size 188x18 [color=#A9A9A9]
    RenderText {#text} at (1,0) size 84x19
      text run at (1,0) width 84: "placeholder"
layer at (10,210) size 201x55 clip at (11,211) size 199x53
  RenderTextControl {TEXTAREA} at (2,202) size 201x55 [bgcolor=#FFFFFF] [border: (1px solid #000000)]
    RenderBlock {DIV} at (3,16) size 195x18
    RenderBlock {DIV} at (3,16) size 195x18 [color=#A9A9A9]
      RenderText {#text} at (0,0) size 84x19
        text run at (0,0) width 84: "placeholder"
layer at (19,278) size 168x17
  RenderBlock {DIV} at (6,6) size 168x17
layer at (19,278) size 168x17 scrollHeight 18
  RenderBlock {DIV} at (6,6) size 168x17 [color=#A9A9A9]
    RenderText {#text} at (1,0) size 75x18
      text run at (1,0) width 75: "placeholder"
layer at (13,311) size 188x25
  RenderBlock {DIV} at (3,3) size 188x25
    RenderText {#text} at (1,3) size 42x19
      text run at (1,3) width 42: "Value"
layer at (215,311) size 188x25
  RenderBlock {DIV} at (3,3) size 188x25
layer at (215,311) size 188x25
  RenderBlock {DIV} at (3,3) size 188x25 [color=#A9A9A9]
    RenderText {#text} at (1,3) size 84x19
      text run at (1,3) width 84: "placeholder"
layer at (13,346) size 188x18 scrollHeight 19
  RenderBlock {DIV} at (3,3) size 188x18
    RenderText {#text} at (73,0) size 42x19
      text run at (73,0) width 42: "Value"
layer at (215,346) size 188x18
  RenderBlock {DIV} at (3,3) size 188x18
layer at (215,346) size 188x18 scrollHeight 19
  RenderBlock {DIV} at (3,3) size 188x18 [color=#A9A9A9]
    RenderText {#text} at (52,0) size 84x19
      text run at (52,0) width 84: "placeholder"
layer at (417,346) size 188x18
  RenderBlock {DIV} at (3,3) size 188x18
layer at (417,346) size 188x18 scrollHeight 19
  RenderBlock {DIV} at (3,3) size 188x18 [color=#A9A9A9]
    RenderText {#text} at (52,0) size 84x19
      text run at (52,0) width 84: "placeholder"
layer at (10,371) size 194x38
  RenderTextControl {INPUT} at (2,363) size 194x38 [bgcolor=#FFFFFF] [border: (2px inset #000000)]
layer at (13,388) size 188x18
  RenderBlock {DIV} at (3,17) size 188x18
layer at (13,388) size 188x18 scrollHeight 19
  RenderBlock {DIV} at (3,17) size 188x18 [color=#A9A9A9]
    RenderText {#text} at (1,0) size 84x19
      text run at (1,0) width 84: "placeholder"
