layer at (0,0) size 800x600
  RenderView at (0,0) size 800x600
layer at (0,0) size 800x600
  RenderBlock {HTML} at (0,0) size 800x600
    RenderBody {BODY} at (8,8) size 784x576
      RenderBlock (anonymous) at (0,0) size 784x28
        RenderTextControl {INPUT} at (0,2) size 600x24 [bgcolor=#FFFFFF] [border: (2px inset #000000)]
        RenderText {#text} at (600,5) size 4x19
          text run at (600,5) width 4: " "
        RenderBR {BR} at (604,20) size 0x0
      RenderBlock {DIV} at (0,28) size 784x18
        RenderText {#text} at (0,0) size 32x19
          text run at (0,0) width 32: "This "
        RenderInline {B} at (0,0) size 66x19
          RenderText {#text} at (32,0) size 43x19
            text run at (32,0) width 43: "styled "
          RenderInline {I} at (0,0) size 23x19
            RenderText {#text} at (75,0) size 23x19
              text run at (75,0) width 23: "text"
        RenderText {#text} at (98,0) size 35x19
          text run at (98,0) width 35: ", and "
        RenderInline {A} at (0,0) size 24x19 [color=#0000EE]
          RenderText {#text} at (133,0) size 24x19
            text run at (133,0) width 24: "link"
        RenderText {#text} at (157,0) size 403x19
          text run at (157,0) width 205: " will be pasted into the textfield. "
          text run at (362,0) width 198: "All richness should be stripped."
      RenderBlock {OL} at (0,62) size 784x36
        RenderListItem {LI} at (40,0) size 744x18
          RenderListMarker at (-21,0) size 16x19: "1"
          RenderText {#text} at (0,0) size 328x19
            text run at (0,0) width 328: "Success: document.execCommand(\"Copy\") == true"
        RenderListItem {LI} at (40,18) size 744x18
          RenderListMarker at (-21,0) size 16x19: "2"
          RenderText {#text} at (0,0) size 326x19
            text run at (0,0) width 326: "Success: document.execCommand(\"Paste\") == true"
layer at (11,13) size 594x18 scrollX 24 scrollWidth 618 scrollHeight 19
  RenderBlock {DIV} at (3,3) size 594x18
    RenderText {#text} at (0,0) size 617x19
      text run at (0,0) width 617: "This styled text, and link will be pasted into the textfield. All richness should be stripped."
caret: position 94 of child 0 {#text} of child 0 {DIV} of {#shadow-root} of child 0 {INPUT} of body
