layer at (0,0) size 800x600
  RenderView at (0,0) size 800x600
layer at (0,0) size 800x600
  RenderBlock {HTML} at (0,0) size 800x600
    RenderBody {BODY} at (8,8) size 784x584
      RenderBlock (anonymous) at (0,0) size 784x76
        RenderText {#text} at (0,0) size 761x17
          text run at (0,0) width 761: "This tests that radio buttons are checked by default, even when the name attribute is parsed after the checked attribute. "
        RenderBR {BR} at (760,14) size 1x0
        RenderBR {BR} at (0,18) size 0x17
        RenderBlock {INPUT} at (4,39) size 16x16
        RenderText {#text} at (24,39) size 305x17
          text run at (24,39) width 305: "This radio button should be checked by default "
        RenderBR {BR} at (328,53) size 1x0
        RenderBR {BR} at (0,58) size 0x17
      RenderBlock {DIV} at (0,76) size 784x18
        RenderText {#text} at (0,0) size 306x17
          text run at (0,0) width 84: "Test Passed. "
          text run at (83,0) width 223: "Radio button is checked by default"
