layer at (0,0) size 800x600
  RenderView at (0,0) size 800x600
layer at (0,0) size 800x600
  RenderBlock {HTML} at (0,0) size 800x600
    RenderBody {BODY} at (8,8) size 784x576
      RenderBlock {P} at (0,0) size 784x19
        RenderText {#text} at (0,0) size 53x19
          text run at (0,0) width 53: "Test for "
        RenderInline {I} at (0,0) size 699x19
          RenderInline {A} at (0,0) size 301x19 [color=#0000EE]
            RenderText {#text} at (53,0) size 301x19
              text run at (53,0) width 301: "http://bugs.webkit.org/show_bug.cgi?id=11916"
          RenderText {#text} at (354,0) size 398x19
            text run at (354,0) width 4: " "
            text run at (358,0) width 394: "REGRESSION (SearchField): RTL search fields are mixed up"
        RenderText {#text} at (752,0) size 4x19
          text run at (752,0) width 4: "."
      RenderBlock {P} at (0,35) size 784x87
        RenderTextControl {INPUT} at (2,2) size 194x25 [bgcolor=#FFFFFF] [border: (2px inset #000000)]
          RenderDeprecatedFlexibleBox {DIV} at (3,3) size 188x19
            RenderBlock {DIV} at (0,1) size 16x16
            RenderBlock {DIV} at (16,0) size 156x19
            RenderBlock {DIV} at (172,1) size 16x16
        RenderText {#text} at (198,5) size 4x19
          text run at (198,5) width 4: " "
        RenderBR {BR} at (0,0) size 0x0
        RenderTextControl {INPUT} at (2,31) size 284x25 [bgcolor=#FFFFFF] [border: (2px inset #000000)]
          RenderDeprecatedFlexibleBox {DIV} at (3,3) size 278x19
            RenderBlock {DIV} at (0,1) size 16x16
            RenderBlock {DIV} at (16,0) size 246x19
            RenderBlock {DIV} at (262,1) size 16x16
        RenderText {#text} at (288,34) size 4x19
          text run at (288,34) width 4: " "
        RenderBR {BR} at (0,0) size 0x0
        RenderTextControl {INPUT} at (2,60) size 194x25 [bgcolor=#FFFFFF] [border: (2px inset #000000)]
          RenderDeprecatedFlexibleBox {DIV} at (3,3) size 188x19
            RenderBlock {DIV} at (0,1) size 16x16
            RenderBlock {DIV} at (16,0) size 156x19
            RenderBlock {DIV} at (172,1) size 16x16
        RenderText {#text} at (0,0) size 0x0
      RenderBlock {P} at (0,138) size 784x19
        RenderText {#text} at (0,0) size 39x19
          text run at (0,0) width 39: "PASS"
layer at (29,48) size 156x19 scrollX 23 scrollWidth 179
  RenderBlock {DIV} at (0,0) size 156x19
    RenderText {#text} at (-23,0) size 178x19
      text run at (-23,0) width 28 RTL: " \x{5D5}\x{5D6}\x{5D4}\x{5D5}"
      text run at (5,0) width 26: "she"
      text run at (31,0) width 57 RTL: " \x{5D5}\x{5D4}\x{5D9}\x{5D0} \x{5D6}\x{5D4} "
      text run at (88,0) width 18: "he"
      text run at (106,0) width 49 RTL: "\x{5D4}\x{5D5}\x{5D0} \x{5D6}\x{5D4} "
layer at (29,77) size 246x19
  RenderBlock {DIV} at (0,0) size 246x19
    RenderText {#text} at (67,0) size 178x19
      text run at (67,0) width 28 RTL: " \x{5D5}\x{5D6}\x{5D4}\x{5D5}"
      text run at (95,0) width 26: "she"
      text run at (121,0) width 57 RTL: " \x{5D5}\x{5D4}\x{5D9}\x{5D0} \x{5D6}\x{5D4} "
      text run at (178,0) width 18: "he"
      text run at (196,0) width 49 RTL: "\x{5D4}\x{5D5}\x{5D0} \x{5D6}\x{5D4} "
layer at (29,106) size 156x19
  RenderBlock {DIV} at (0,0) size 156x19
caret: position 0 of child 0 {DIV} of child 1 {DIV} of child 0 {DIV} of {#shadow-root} of child 9 {INPUT} of child 3 {P} of body
