layer at (0,0) size 842x584
  RenderView at (0,0) size 800x584
layer at (0,0) size 800x584
  RenderBlock {HTML} at (0,0) size 800x584
    RenderBody {BODY} at (8,8) size 784x560
      RenderBlock {P} at (0,0) size 784x38
        RenderText {#text} at (0,0) size 53x19
          text run at (0,0) width 53: "Test for "
        RenderInline {A} at (0,0) size 305x19 [color=#0000EE]
          RenderText {#text} at (53,0) size 305x19
            text run at (53,0) width 305: "https://bugs.webkit.org/show_bug.cgi?id=22190"
        RenderText {#text} at (358,0) size 4x19
          text run at (358,0) width 4: ":"
        RenderBR {BR} at (362,15) size 0x0
        RenderText {#text} at (0,19) size 398x19
          text run at (0,19) width 398: "Tests drawing and event handling on transformed search fields."
      RenderBlock {P} at (0,143) size 784x19
        RenderText {#text} at (0,0) size 39x19
          text run at (0,0) width 39: "PASS"
layer at (8,62) size 784x29
  RenderBlock {P} at (0,54) size 784x29
    RenderTextControl {INPUT} at (2,2) size 194x25 [bgcolor=#FFFFFF] [border: (2px inset #000000)]
      RenderBlock {DIV} at (3,2) size 188x20
        RenderBlock {DIV} at (0,0) size 16x16
        RenderBlock {DIV} at (172,0) size 16x16
    RenderText {#text} at (0,0) size 0x0
layer at (29,67) size 156x19
  RenderBlock {DIV} at (16,1) size 156x19
    RenderText {#text} at (1,0) size 111x19
      text run at (1,0) width 111: "Some other text"
caret: position 15 of child 0 {#text} of child 1 {DIV} of child 0 {DIV} of child 1 {INPUT} of child 3 {P} of body
