layer at (0,0) size 800x600
  RenderView at (0,0) size 800x600
layer at (0,0) size 800x600
  RenderBlock {HTML} at (0,0) size 800x600
    RenderBody {BODY} at (8,8) size 784x584
      RenderBlock {P} at (0,0) size 784x19
        RenderText {#text} at (0,0) size 385x19
          text run at (0,0) width 385: "Only the second search field should have a cancel button (\x{D7})."
      RenderBlock (anonymous) at (0,35) size 784x29
        RenderTextControl {INPUT} at (2,2) size 194x25 [bgcolor=#FFFFFF] [border: (2px inset #000000)]
          RenderBlock {DIV} at (3,2) size 188x20
            RenderBlock {DIV} at (0,16) size 0x0
            RenderBlock {DIV} at (172,0) size 16x16
        RenderText {#text} at (198,5) size 4x19
          text run at (198,5) width 4: " "
        RenderTextControl {INPUT} at (204,2) size 194x25 [bgcolor=#FFFFFF] [border: (2px inset #000000)]
          RenderBlock {DIV} at (3,2) size 188x20
            RenderBlock {DIV} at (0,16) size 0x0
            RenderBlock {DIV} at (172,0) size 16x16
        RenderText {#text} at (0,0) size 0x0
layer at (13,48) size 172x19
  RenderBlock {DIV} at (0,1) size 172x19
layer at (215,48) size 172x19
  RenderBlock {DIV} at (0,1) size 172x19
    RenderText {#text} at (1,0) size 56x19
      text run at (1,0) width 56: "this one"
