layer at (0,0) size 800x600
  RenderView at (0,0) size 800x600
layer at (0,0) size 800x600
  RenderBlock {HTML} at (0,0) size 800x600
    RenderBody {BODY} at (8,8) size 784x584
      RenderTextControl {INPUT} at (2,2) size 194x25 [bgcolor=#FFFFFF] [border: (2px inset #000000)]
        RenderDeprecatedFlexibleBox {DIV} at (3,3) size 188x19
          RenderBlock {DIV} at (0,9) size 0x0
          RenderBlock {DIV} at (0,0) size 172x19
          RenderBlock {DIV} at (172,1) size 16x16
      RenderText {#text} at (0,0) size 0x0
      RenderText {#text} at (0,0) size 0x0
layer at (13,13) size 172x19
  RenderBlock {DIV} at (0,0) size 172x19
layer at (13,13) size 172x19
  RenderBlock (relative positioned) {DIV} at (3,3) size 172x19 [color=#A9A9A9]
    RenderText {#text} at (1,0) size 89x19
      text run at (1,0) width 89: "Test Passed"
