layer at (0,0) size 800x600
  RenderView at (0,0) size 800x600
layer at (0,0) size 800x41
  RenderBlock {HTML} at (0,0) size 800x41
    RenderBody {BODY} at (8,8) size 784x25
      RenderTextControl {INPUT} at (2,2) size 146x21 [bgcolor=#FFFFFF] [border: (1px solid #BDC7D8)]
        RenderDeprecatedFlexibleBox {DIV} at (18,4) size 124x13
          RenderBlock {DIV} at (0,1) size 11x11
          RenderBlock {DIV} at (11,0) size 102x13
          RenderBlock {DIV} at (113,1) size 11x11
      RenderText {#text} at (0,0) size 0x0
layer at (39,14) size 102x13
  RenderBlock {DIV} at (29,4) size 102x13 [color=#A9A9A9]
    RenderText {#text} at (0,0) size 88x13
      text run at (0,0) width 88: "Search for Events"
layer at (39,14) size 102x13
  RenderBlock {DIV} at (0,0) size 102x13
