layer at (0,0) size 800x600
  RenderView at (0,0) size 800x600
layer at (0,0) size 800x600
  RenderBlock {HTML} at (0,0) size 800x600
    RenderBody {BODY} at (8,8) size 784x584
      RenderText {#text} at (0,0) size 782x35
        text run at (0,0) width 782: "This tests that a malformed size attribute will be parsed and corrected so that the right size attribute value is used to match"
        text run at (0,18) width 441: "the style rule that determines whether to use a menu list or a list box."
      RenderBR {BR} at (440,32) size 1x0
      RenderMenuList {SELECT} at (2,38) size 53x28 [bgcolor=#FFFFFF] [border: (1px solid #000000)]
        RenderBlock (anonymous) at (1,1) size 51x26
          RenderText at (4,4) size 26x17
            text run at (4,4) width 26: "test"
      RenderText {#text} at (0,0) size 0x0
