layer at (0,0) size 800x600
  RenderView at (0,0) size 800x600
layer at (0,0) size 800x600
  RenderBlock {HTML} at (0,0) size 800x600
    RenderBody {BODY} at (8,8) size 784x584
      RenderBlock {P} at (0,0) size 784x36
        RenderText {#text} at (0,0) size 55x17
          text run at (0,0) width 55: "Test for "
        RenderInline {I} at (0,0) size 784x35
          RenderInline {A} at (0,0) size 306x17 [color=#0000EE]
            RenderText {#text} at (54,0) size 306x17
              text run at (54,0) width 306: "http://bugs.webkit.org/show_bug.cgi?id=12364"
          RenderText {#text} at (359,0) size 784x35
            text run at (359,0) width 5: " "
            text run at (363,0) width 421: "REGRESSSION (NativeListBox): Selected option's background is"
            text run at (0,18) width 163: "not clipped to the list box"
        RenderText {#text} at (162,18) size 5x17
          text run at (162,18) width 5: "."
      RenderBlock (anonymous) at (0,52) size 784x70
        RenderListBox {SELECT} at (2,0) size 69x70 [bgcolor=#FFFFFF] [border: (3px solid #0000FF)]
        RenderText {#text} at (0,0) size 0x0
        RenderText {#text} at (0,0) size 0x0
