layer at (0,0) size 800x600
  RenderView at (0,0) size 800x600
layer at (0,0) size 800x100
  RenderBlock {HTML} at (0,0) size 800x100
    RenderBody {BODY} at (8,8) size 784x76
      RenderTable {TABLE} at (0,0) size 67x42 [border: (1px outset #808080)]
        RenderTableSection {TBODY} at (1,1) size 65x40
          RenderTableRow {TR} at (0,2) size 65x36
            RenderTableCell {TD} at (2,2) size 61x36 [border: (1px inset #808080)] [r=0 c=0 rs=1 cs=1]
              RenderMenuList {SELECT} at (4,4) size 53x28 [bgcolor=#FFFFFF] [border: (1px solid #000000)]
                RenderBlock (anonymous) at (1,1) size 51x26
                  RenderText at (4,4) size 26x17
                    text run at (4,4) width 26: "test"
      RenderBlock {P} at (0,58) size 784x18
        RenderText {#text} at (0,0) size 459x17
          text run at (0,0) width 459: "The select element in the table above must not spill outside of the table."
