layer at (0,0) size 800x600
  RenderView at (0,0) size 800x600
layer at (0,0) size 800x600
  RenderBlock {HTML} at (0,0) size 800x600
    RenderBody {BODY} at (8,8) size 784x584
      RenderMenuList {SELECT} at (2,2) size 76x28 [bgcolor=#FFFFFF] [border: (1px solid #000000)]
        RenderBlock (anonymous) at (1,1) size 74x26
          RenderText at (4,4) size 31x17
            text run at (4,4) width 31: "One"
      RenderBR {BR} at (80,21) size 0x0
      RenderMenuList {SELECT} at (2,34) size 76x28 [bgcolor=#FFFFFF] [border: (1px solid #000000)]
        RenderBlock (anonymous) at (1,1) size 74x26
          RenderText at (4,4) size 31x17
            text run at (4,4) width 31: "One"
      RenderText {#text} at (0,0) size 0x0
