layer at (0,0) size 800x600
  RenderView at (0,0) size 800x600
layer at (0,0) size 800x600
  RenderBlock {HTML} at (0,0) size 800x600
    RenderBody {BODY} at (8,8) size 784x584
      RenderText {#text} at (206,33) size 4x19
        text run at (206,33) width 4: " "
      RenderText {#text} at (0,0) size 0x0
layer at (10,10) size 202x44 clip at (11,11) size 184x42 scrollHeight 99
  RenderTextControl {TEXTAREA} at (2,2) size 202x44 [bgcolor=#FFFFFF] [border: (1px solid #000000)]
    RenderBlock {DIV} at (3,3) size 180x95
      RenderText {#text} at (0,0) size 177x76
        text run at (0,0) width 173: "A quick brown fox jumps"
        text run at (173,0) width 4: " "
        text run at (0,19) width 140: "over the lazy dog. A"
        text run at (140,19) width 4: " "
        text run at (0,38) width 158: "quick brown fox jumps"
        text run at (158,38) width 4: " "
        text run at (0,57) width 125: "over the lazy dog."
        text run at (125,57) width 0: " "
      RenderBR {BR} at (0,76) size 0x19
layer at (220,10) size 202x44 clip at (221,11) size 184x42 scrollHeight 78
  RenderTextControl {TEXTAREA} at (212,2) size 202x44 [bgcolor=#FFFFFF] [border: (1px solid #000000)]
    RenderBlock {DIV} at (3,3) size 180x19
layer at (223,13) size 180x76 backgroundClip at (221,11) size 184x42 clip at (221,11) size 184x42 outlineClip at (221,11) size 184x42
  RenderBlock (relative positioned) {DIV} at (3,3) size 180x76 [color=#A9A9A9]
    RenderText {#text} at (0,0) size 177x76
      text run at (0,0) width 173: "A quick brown fox jumps"
      text run at (173,0) width 4: " "
      text run at (0,19) width 140: "over the lazy dog. A"
      text run at (140,19) width 4: " "
      text run at (0,38) width 158: "quick brown fox jumps"
      text run at (158,38) width 4: " "
      text run at (0,57) width 125: "over the lazy dog."
