layer at (0,0) size 784x1227
  RenderView at (0,0) size 784x600
layer at (0,0) size 784x1227
  RenderBlock {HTML} at (0,0) size 784x1227
    RenderBody {BODY} at (8,8) size 768x1203
      RenderBlock (anonymous) at (0,0) size 768x18
        RenderText {#text} at (0,0) size 278x17
          text run at (0,0) width 278: "line-height settings not reflected in textarea"
        RenderBR {BR} at (277,0) size 1x17
      RenderBlock {P} at (0,34) size 768x264
        RenderText {#text} at (0,0) size 85x17
          text run at (0,0) width 85: "TEXTAREA"
        RenderBR {BR} at (84,0) size 1x17
        RenderText {#text} at (406,210) size 4x17
          text run at (406,210) width 4: " "
        RenderBR {BR} at (0,0) size 0x0
        RenderBR {BR} at (0,228) size 0x17
        RenderText {#text} at (0,246) size 150x17
          text run at (0,246) width 150: "PARAGRAPH - works"
      RenderBlock {P} at (0,314) size 402x202 [border: (1px dotted #C0C0C0)]
        RenderText {#text} at (1,19) size 346x67
          text run at (1,19) width 346: "Demo text here that wraps a bit and should demonstrate the"
          text run at (1,71) width 135: "goodness of line-height"
      RenderBlock (anonymous) at (0,529) size 768x36
        RenderBR {BR} at (0,0) size 0x17
        RenderText {#text} at (0,18) size 81x17
          text run at (0,18) width 81: "DIV - works"
        RenderBR {BR} at (80,18) size 1x17
      RenderBlock {DIV} at (0,565) size 402x202 [border: (1px dotted #C0C0C0)]
        RenderText {#text} at (1,19) size 346x67
          text run at (1,19) width 346: "Demo text here that wraps a bit and should demonstrate the"
          text run at (1,71) width 135: "goodness of line-height"
      RenderBlock (anonymous) at (0,767) size 768x436
        RenderBR {BR} at (0,0) size 0x17
        RenderBR {BR} at (0,18) size 0x17
        RenderText {#text} at (0,36) size 126x17
          text run at (0,36) width 126: "Un-Styled Textarea"
        RenderBR {BR} at (125,36) size 1x17
        RenderText {#text} at (206,86) size 4x17
          text run at (206,86) width 4: " "
        RenderBR {BR} at (0,0) size 0x0
        RenderBR {BR} at (0,104) size 0x17
        RenderText {#text} at (0,122) size 219x17
          text run at (0,122) width 219: "Totally Blank Un-Styled Textarea"
        RenderBR {BR} at (218,122) size 1x17
        RenderText {#text} at (206,172) size 4x17
          text run at (206,172) width 4: " "
        RenderBR {BR} at (0,0) size 0x0
        RenderBR {BR} at (0,190) size 0x17
        RenderText {#text} at (0,208) size 214x17
          text run at (0,208) width 214: "Totally Blank STYLED Textarea"
        RenderBR {BR} at (213,208) size 1x17
        RenderText {#text} at (0,0) size 0x0
      RenderBlock {P} at (0,1219) size 768x0
layer at (8,60) size 406x206 clip at (9,61) size 404x204
  RenderTextControl {TEXTAREA} at (0,18) size 406x206 [bgcolor=#FFFFFF] [border: (1px dotted #C0C0C0)]
    RenderBlock {DIV} at (3,3) size 400x104
      RenderText {#text} at (0,18) size 350x67
        text run at (0,18) width 346: "Demo text here that wraps a bit and should demonstrate the"
        text run at (345,18) width 5: " "
        text run at (0,70) width 135: "goodness of line-height"
layer at (10,831) size 202x42 clip at (11,832) size 184x40 scrollHeight 76
  RenderTextControl {TEXTAREA} at (2,56) size 202x42 [bgcolor=#FFFFFF] [border: (1px solid #000000)]
    RenderBlock {DIV} at (3,3) size 180x72
      RenderText {#text} at (0,0) size 166x71
        text run at (0,0) width 141: "Demo text here that"
        text run at (140,0) width 5: " "
        text run at (0,18) width 161: "wraps a bit and should"
        text run at (160,18) width 5: " "
        text run at (0,36) width 116: "demonstrate the"
        text run at (115,36) width 6: " "
        text run at (0,54) width 166: "goodness of line-height"
layer at (10,917) size 202x42 clip at (11,918) size 200x40
  RenderTextControl {TEXTAREA} at (2,142) size 202x42 [bgcolor=#FFFFFF] [border: (1px solid #000000)]
    RenderBlock {DIV} at (3,3) size 196x18
layer at (8,1001) size 406x206 clip at (9,1002) size 404x204
  RenderTextControl {TEXTAREA} at (0,226) size 406x206 [bgcolor=#FFFFFF] [border: (1px dotted #C0C0C0)]
    RenderBlock {DIV} at (3,3) size 400x52
