layer at (0,0) size 800x600
  RenderView at (0,0) size 800x600
layer at (0,0) size 800x600
  RenderBlock {HTML} at (0,0) size 800x600
    RenderBody {BODY} at (8,8) size 784x584
      RenderBlock (anonymous) at (0,0) size 784x166
        RenderText {#text} at (0,0) size 502x19
          text run at (0,0) width 502: "This tests that typing in a scrolled textarea does not cause unnecessary scrolling."
        RenderBR {BR} at (502,15) size 0x0
        RenderText {#text} at (206,147) size 4x19
          text run at (206,147) width 4: " "
        RenderBR {BR} at (210,162) size 0x0
      RenderBlock {DIV} at (0,166) size 784x0
layer at (10,29) size 202x139 clip at (11,30) size 184x137 scrollY 266 scrollHeight 403
  RenderTextControl {TEXTAREA} at (2,21) size 202x139 [bgcolor=#FFFFFF] [border: (1px solid #000000)]
    RenderBlock {DIV} at (3,3) size 180x399
      RenderText {#text} at (0,0) size 58x380
        text run at (0,0) width 9: "1"
        text run at (9,0) width 0: " "
        text run at (0,19) width 9: "2"
        text run at (9,19) width 0: " "
        text run at (0,38) width 9: "3"
        text run at (9,38) width 0: " "
        text run at (0,57) width 9: "4"
        text run at (9,57) width 0: " "
        text run at (0,76) width 9: "5"
        text run at (9,76) width 0: " "
        text run at (0,95) width 9: "6"
        text run at (9,95) width 0: " "
        text run at (0,114) width 9: "7"
        text run at (9,114) width 0: " "
        text run at (0,133) width 9: "8"
        text run at (9,133) width 0: " "
        text run at (0,152) width 9: "9"
        text run at (9,152) width 0: " "
        text run at (0,171) width 18: "10"
        text run at (18,171) width 0: " "
        text run at (0,190) width 18: "11"
        text run at (18,190) width 0: " "
        text run at (0,209) width 18: "12"
        text run at (18,209) width 0: " "
        text run at (0,228) width 18: "13"
        text run at (18,228) width 0: " "
        text run at (0,247) width 18: "14"
        text run at (18,247) width 0: " "
        text run at (0,266) width 18: "15"
        text run at (18,266) width 0: " "
        text run at (0,285) width 18: "16"
        text run at (18,285) width 0: " "
        text run at (0,304) width 18: "17"
        text run at (18,304) width 0: " "
        text run at (0,323) width 58: "18 Pass"
        text run at (58,323) width 0: " "
        text run at (0,342) width 18: "19"
        text run at (18,342) width 0: " "
        text run at (0,361) width 18: "20"
        text run at (18,361) width 0: " "
      RenderBR {BR} at (0,380) size 0x19
caret: position 49 of child 0 {#text} of child 0 {DIV} of child 3 {TEXTAREA} of body
