layer at (0,0) size 800x600
  RenderView at (0,0) size 800x600
layer at (0,0) size 800x600
  RenderBlock {HTML} at (0,0) size 800x600
    RenderBody {BODY} at (8,8) size 784x584
      RenderBlock {P} at (0,0) size 784x36
        RenderText {#text} at (0,0) size 278x17
          text run at (0,0) width 278 LTR override: "This tests for a regression against "
        RenderInline {I} at (0,0) size 710x35
          RenderInline {A} at (0,0) size 433x17 [color=#0000EE]
            RenderText {#text} at (277,0) size 433x17
              text run at (277,0) width 433 LTR override: "http://bugzilla.opendarwin.org/show_bug.cgi?id=8076"
          RenderText {#text} at (0,18) size 569x17
            text run at (0,18) width 569 LTR override: "REGRESSION: native text fields are reversed on \"visual Hebrew\" pages"
        RenderText {#text} at (568,18) size 6x17
          text run at (568,18) width 6 LTR override: "."
      RenderBlock {HR} at (0,52) size 784x2 [border: (1px inset #000000)]
      RenderBlock {P} at (0,70) size 784x18
        RenderText {#text} at (0,0) size 344x17
          text run at (0,0) width 344 LTR override: "Text in the field should look like this: \x{5E8}\x{5D5}\x{5EA}\x{5E4}\x{5DB}"
      RenderBlock (anonymous) at (0,104) size 784x28
        RenderTextControl {INPUT} at (2,2) size 193x24 [bgcolor=#FFFFFF] [border: (2px inset #000000)]
        RenderText {#text} at (0,0) size 0x0
layer at (13,117) size 187x18
  RenderBlock {DIV} at (3,3) size 187x18
    RenderText {#text} at (1,0) size 43x17
      text run at (1,0) width 43 RTL: "\x{5DB}\x{5E4}\x{5EA}\x{5D5}\x{5E8}"
