layer at (0,0) size 800x600
  RenderView at (0,0) size 800x600
layer at (0,0) size 800x600
  RenderBlock {HTML} at (0,0) size 800x600
    RenderBody {BODY} at (8,8) size 784x584 [bgcolor=#CCCCCC]
      RenderBlock {P} at (0,0) size 784x18
        RenderText {#text} at (0,0) size 363x17
          text run at (0,0) width 363: "The style declarations which apply to the text below are:"
      RenderBlock {PRE} at (0,34) size 784x60
        RenderText {#text} at (0,0) size 172x60
          text run at (0,0) width 157: ".one {color: green;}"
          text run at (156,0) width 1: " "
          text run at (0,15) width 125: ".1 {color: red;}"
          text run at (124,15) width 1: " "
          text run at (0,30) width 149: ".a1 {color: green;}"
          text run at (148,30) width 1: " "
          text run at (0,45) width 172: "P.two {color: purple;}"
          text run at (171,45) width 1: " "
      RenderBlock {HR} at (0,107) size 784x2 [border: (1px inset #000000)]
      RenderBlock {P} at (0,125) size 784x18 [color=#008000]
        RenderText {#text} at (0,0) size 197x17
          text run at (0,0) width 197: "This sentence should be green."
      RenderBlock {P} at (0,159) size 784x18
        RenderText {#text} at (0,0) size 570x17
          text run at (0,0) width 570: "This sentence should be black, not red-- class selectors cannot begin with digits in CSS1."
      RenderBlock {P} at (0,193) size 784x18 [color=#008000]
        RenderText {#text} at (0,0) size 197x17
          text run at (0,0) width 197: "This sentence should be green."
      RenderBlock {P} at (0,227) size 784x18 [color=#800080]
        RenderText {#text} at (0,0) size 203x17
          text run at (0,0) width 203: "This sentence should be purple."
      RenderBlock {PRE} at (0,261) size 784x15
        RenderText {#text} at (0,0) size 274x15
          text run at (0,0) width 274: "This sentence should NOT be purple."
          text run at (273,0) width 1: " "
      RenderBlock {UL} at (0,292) size 784x18
        RenderListItem {LI} at (40,0) size 744x18
          RenderListMarker at (-17,0) size 7x17: bullet
          RenderText {#text} at (0,0) size 240x17
            text run at (0,0) width 240: "This sentence should NOT be purple."
      RenderTable {TABLE} at (0,326) size 592x237 [border: (1px outset #808080)]
        RenderTableSection {TBODY} at (1,1) size 590x235
          RenderTableRow {TR} at (0,0) size 590x26
            RenderTableCell {TD} at (0,0) size 590x26 [bgcolor=#C0C0C0] [border: (1px inset #808080)] [r=0 c=0 rs=1 cs=2]
              RenderInline {STRONG} at (0,0) size 163x17
                RenderText {#text} at (4,4) size 163x17
                  text run at (4,4) width 163: "TABLE Testing Section"
          RenderTableRow {TR} at (0,26) size 590x209
            RenderTableCell {TD} at (0,117) size 12x26 [bgcolor=#C0C0C0] [border: (1px inset #808080)] [r=1 c=0 rs=1 cs=1]
              RenderText {#text} at (4,4) size 4x17
                text run at (4,4) width 4: " "
            RenderTableCell {TD} at (12,26) size 578x209 [border: (1px inset #808080)] [r=1 c=1 rs=1 cs=1]
              RenderBlock {P} at (4,4) size 570x18 [color=#008000]
                RenderText {#text} at (0,0) size 197x17
                  text run at (0,0) width 197: "This sentence should be green."
              RenderBlock {P} at (4,38) size 570x18
                RenderText {#text} at (0,0) size 570x17
                  text run at (0,0) width 570: "This sentence should be black, not red-- class selectors cannot begin with digits in CSS1."
              RenderBlock {P} at (4,72) size 570x18 [color=#008000]
                RenderText {#text} at (0,0) size 197x17
                  text run at (0,0) width 197: "This sentence should be green."
              RenderBlock {P} at (4,106) size 570x18 [color=#800080]
                RenderText {#text} at (0,0) size 203x17
                  text run at (0,0) width 203: "This sentence should be purple."
              RenderBlock {PRE} at (4,140) size 570x15
                RenderText {#text} at (0,0) size 274x15
                  text run at (0,0) width 274: "This sentence should NOT be purple."
                  text run at (273,0) width 1: " "
              RenderBlock {UL} at (4,171) size 570x18
                RenderListItem {LI} at (40,0) size 530x18
                  RenderListMarker at (-17,0) size 7x17: bullet
                  RenderText {#text} at (0,0) size 240x17
                    text run at (0,0) width 240: "This sentence should NOT be purple."
