layer at (0,0) size 784x870
  RenderView at (0,0) size 784x600
layer at (0,0) size 784x870
  RenderBlock {HTML} at (0,0) size 784x870
    RenderBody {BODY} at (8,8) size 768x854 [bgcolor=#CCCCCC]
      RenderBlock {P} at (0,0) size 768x18
        RenderText {#text} at (0,0) size 363x17
          text run at (0,0) width 363: "The style declarations which apply to the text below are:"
      RenderBlock {PRE} at (0,34) size 768x225
        RenderText {#text} at (0,0) size 328x225
          text run at (0,0) width 227: "/* This is a CSS1 comment. */"
          text run at (226,0) width 1: " "
          text run at (0,15) width 328: ".one {color: green;} /* Another comment */"
          text run at (327,15) width 1: " "
          text run at (0,30) width 281: "/* The following should not be used:"
          text run at (280,30) width 1: " "
          text run at (0,45) width 164: ".two {color: red;} */"
          text run at (163,45) width 1: " "
          text run at (0,60) width 313: ".three {color: green; /* color: red; */}"
          text run at (312,60) width 1: " "
          text run at (0,75) width 24: "/**"
          text run at (23,75) width 1: " "
          text run at (0,90) width 172: ".four {color: red;} */"
          text run at (171,90) width 1: " "
          text run at (0,105) width 164: ".five {color: green;}"
          text run at (163,105) width 1: " "
          text run at (0,120) width 32: "/**/"
          text run at (31,120) width 1: " "
          text run at (0,135) width 157: ".six {color: green;}"
          text run at (156,135) width 1: " "
          text run at (0,150) width 86: "/*********/"
          text run at (85,150) width 1: " "
          text run at (0,165) width 172: ".seven {color: green;}"
          text run at (171,165) width 1: " "
          text run at (0,180) width 125: "/* a comment **/"
          text run at (124,180) width 1: " "
          text run at (0,195) width 172: ".eight {color: green;}"
          text run at (171,195) width 1: " "
          text run at (0,210) width 0: " "
      RenderBlock {HR} at (0,272) size 768x2 [border: (1px inset #000000)]
      RenderBlock {P} at (0,290) size 768x18 [color=#008000]
        RenderText {#text} at (0,0) size 197x17
          text run at (0,0) width 197: "This sentence should be green."
      RenderBlock {P} at (0,324) size 768x18
        RenderText {#text} at (0,0) size 196x17
          text run at (0,0) width 196: "This sentence should be black."
      RenderBlock {P} at (0,358) size 768x18 [color=#008000]
        RenderText {#text} at (0,0) size 197x17
          text run at (0,0) width 197: "This sentence should be green."
      RenderBlock {P} at (0,392) size 768x18
        RenderText {#text} at (0,0) size 196x17
          text run at (0,0) width 196: "This sentence should be black."
      RenderBlock {P} at (0,426) size 768x18 [color=#008000]
        RenderText {#text} at (0,0) size 197x17
          text run at (0,0) width 197: "This sentence should be green."
      RenderBlock {P} at (0,460) size 768x18 [color=#008000]
        RenderText {#text} at (0,0) size 197x17
          text run at (0,0) width 197: "This sentence should be green."
      RenderBlock {P} at (0,494) size 768x18 [color=#008000]
        RenderText {#text} at (0,0) size 197x17
          text run at (0,0) width 197: "This sentence should be green."
      RenderBlock {P} at (0,528) size 768x18 [color=#008000]
        RenderText {#text} at (0,0) size 197x17
          text run at (0,0) width 197: "This sentence should be green."
      RenderTable {TABLE} at (0,562) size 219x292 [border: (1px outset #808080)]
        RenderTableSection {TBODY} at (1,1) size 217x290
          RenderTableRow {TR} at (0,0) size 217x26
            RenderTableCell {TD} at (0,0) size 217x26 [bgcolor=#C0C0C0] [border: (1px inset #808080)] [r=0 c=0 rs=1 cs=2]
              RenderInline {STRONG} at (0,0) size 163x17
                RenderText {#text} at (4,4) size 163x17
                  text run at (4,4) width 163: "TABLE Testing Section"
          RenderTableRow {TR} at (0,26) size 217x264
            RenderTableCell {TD} at (0,145) size 12x26 [bgcolor=#C0C0C0] [border: (1px inset #808080)] [r=1 c=0 rs=1 cs=1]
              RenderText {#text} at (4,4) size 4x17
                text run at (4,4) width 4: " "
            RenderTableCell {TD} at (12,26) size 205x264 [border: (1px inset #808080)] [r=1 c=1 rs=1 cs=1]
              RenderBlock {P} at (4,4) size 197x18 [color=#008000]
                RenderText {#text} at (0,0) size 197x17
                  text run at (0,0) width 197: "This sentence should be green."
              RenderBlock {P} at (4,38) size 197x18
                RenderText {#text} at (0,0) size 196x17
                  text run at (0,0) width 196: "This sentence should be black."
              RenderBlock {P} at (4,72) size 197x18 [color=#008000]
                RenderText {#text} at (0,0) size 197x17
                  text run at (0,0) width 197: "This sentence should be green."
              RenderBlock {P} at (4,106) size 197x18
                RenderText {#text} at (0,0) size 196x17
                  text run at (0,0) width 196: "This sentence should be black."
              RenderBlock {P} at (4,140) size 197x18 [color=#008000]
                RenderText {#text} at (0,0) size 197x17
                  text run at (0,0) width 197: "This sentence should be green."
              RenderBlock {P} at (4,174) size 197x18 [color=#008000]
                RenderText {#text} at (0,0) size 197x17
                  text run at (0,0) width 197: "This sentence should be green."
              RenderBlock {P} at (4,208) size 197x18 [color=#008000]
                RenderText {#text} at (0,0) size 197x17
                  text run at (0,0) width 197: "This sentence should be green."
              RenderBlock {P} at (4,242) size 197x18 [color=#008000]
                RenderText {#text} at (0,0) size 197x17
                  text run at (0,0) width 197: "This sentence should be green."
