layer at (0,0) size 784x724
  RenderView at (0,0) size 784x600
layer at (0,0) size 784x724
  RenderBlock {HTML} at (0,0) size 784x724
    RenderBody {BODY} at (8,8) size 768x708 [color=#008000] [bgcolor=#CCCCCC]
      RenderBlock {P} at (0,0) size 768x18
        RenderText {#text} at (0,0) size 363x17
          text run at (0,0) width 363: "The style declarations which apply to the text below are:"
      RenderBlock {PRE} at (0,34) size 768x105
        RenderText {#text} at (0,0) size 266x105
          text run at (0,0) width 157: "BODY {color: green;}"
          text run at (156,0) width 1: " "
          text run at (0,15) width 133: "H3 {color: blue;}"
          text run at (132,15) width 1: " "
          text run at (0,30) width 149: "EM {color: purple;}"
          text run at (148,30) width 1: " "
          text run at (0,45) width 203: ".one {font-style: italic;}"
          text run at (202,45) width 1: " "
          text run at (0,60) width 266: ".two {text-decoration: underline;}"
          text run at (265,60) width 1: " "
          text run at (0,75) width 149: "#two {color: navy;}"
          text run at (148,75) width 1: " "
          text run at (0,90) width 180: ".three {color: purple;}"
          text run at (179,90) width 1: " "
      RenderBlock {HR} at (0,152) size 768x2 [border: (1px inset #008000)]
      RenderBlock {H3} at (0,172) size 768x22 [color=#0000FF]
        RenderText {#text} at (0,0) size 219x21
          text run at (0,0) width 219: "This sentence should show "
        RenderInline {STRONG} at (0,0) size 36x21
          RenderText {#text} at (218,0) size 36x21
            text run at (218,0) width 36: "blue"
        RenderText {#text} at (253,0) size 41x21
          text run at (253,0) width 41: " and "
        RenderInline {EM} at (0,0) size 52x21 [color=#800080]
          RenderText {#text} at (293,0) size 52x21
            text run at (293,0) width 52: "purple"
        RenderText {#text} at (344,0) size 5x21
          text run at (344,0) width 5: "."
      RenderBlock {H3} at (0,212) size 768x22 [color=#0000FF]
        RenderText {#text} at (0,0) size 197x21
          text run at (0,0) width 197: "This sentence should be "
        RenderInline {SPAN} at (0,0) size 35x21
          RenderText {#text} at (196,0) size 35x21
            text run at (196,0) width 35: "blue"
        RenderText {#text} at (230,0) size 102x21
          text run at (230,0) width 102: " throughout."
      RenderBlock {P} at (0,252) size 768x18
        RenderText {#text} at (0,0) size 230x17
          text run at (0,0) width 230: "This should be green except for the "
        RenderInline {EM} at (0,0) size 119x17 [color=#800080]
          RenderText {#text} at (229,0) size 119x17
            text run at (229,0) width 119: "emphasized words"
        RenderText {#text} at (347,0) size 163x17
          text run at (347,0) width 163: ", which should be purple."
      RenderBlock {H3} at (0,288) size 768x22 [color=#0000FF]
        RenderText {#text} at (0,0) size 292x21
          text run at (0,0) width 292: "This should be blue and underlined."
      RenderBlock {P} at (0,328) size 768x18
        RenderText {#text} at (0,0) size 299x17
          text run at (0,0) width 299: "This sentence should be underlined, including "
        RenderInline {TT} at (0,0) size 71x15
          RenderText {#text} at (298,3) size 71x15
            text run at (298,3) width 71: "this part"
        RenderText {#text} at (368,0) size 9x17
          text run at (368,0) width 9: ", "
        RenderInline {I} at (0,0) size 55x17
          RenderText {#text} at (376,0) size 55x17
            text run at (376,0) width 55: "this part"
        RenderText {#text} at (430,0) size 9x17
          text run at (430,0) width 9: ", "
        RenderInline {EM} at (0,0) size 54x17 [color=#800080]
          RenderText {#text} at (438,0) size 54x17
            text run at (438,0) width 54: "this part"
        RenderText {#text} at (491,0) size 37x17
          text run at (491,0) width 37: ", and "
        RenderInline {STRONG} at (0,0) size 59x17
          RenderText {#text} at (527,0) size 59x17
            text run at (527,0) width 59: "this part"
        RenderText {#text} at (585,0) size 5x17
          text run at (585,0) width 5: "."
      RenderBlock {P} at (0,362) size 768x18 [color=#000080]
        RenderText {#text} at (0,0) size 444x17
          text run at (0,0) width 444: "This sentence should also be underlined, as well as dark blue (navy), "
        RenderInline {TT} at (0,0) size 149x15
          RenderText {#text} at (443,3) size 149x15
            text run at (443,3) width 149: "including this part"
        RenderText {#text} at (591,0) size 5x17
          text run at (591,0) width 5: "."
      RenderBlock {P} at (0,396) size 768x18 [color=#800080]
        RenderText {#text} at (0,0) size 271x17
          text run at (0,0) width 271: "This sentence should be purple, including "
        RenderInline {STRONG} at (0,0) size 59x17
          RenderText {#text} at (270,0) size 59x17
            text run at (270,0) width 59: "this part"
        RenderText {#text} at (328,0) size 32x17
          text run at (328,0) width 32: " and "
        RenderInline {SPAN} at (0,0) size 178x17
          RenderText {#text} at (359,0) size 178x17
            text run at (359,0) width 178: "this part (which is spanned)"
        RenderText {#text} at (536,0) size 5x17
          text run at (536,0) width 5: "."
      RenderTable {TABLE} at (0,430) size 618x278 [border: (1px outset #808080)]
        RenderTableSection {TBODY} at (1,1) size 616x276
          RenderTableRow {TR} at (0,0) size 616x26
            RenderTableCell {TD} at (0,0) size 616x26 [bgcolor=#C0C0C0] [border: (1px inset #808080)] [r=0 c=0 rs=1 cs=2]
              RenderInline {STRONG} at (0,0) size 163x17
                RenderText {#text} at (4,4) size 163x17
                  text run at (4,4) width 163: "TABLE Testing Section"
          RenderTableRow {TR} at (0,26) size 616x250
            RenderTableCell {TD} at (0,138) size 12x26 [bgcolor=#C0C0C0] [border: (1px inset #808080)] [r=1 c=0 rs=1 cs=1]
              RenderText {#text} at (4,4) size 4x17
                text run at (4,4) width 4: " "
            RenderTableCell {TD} at (12,26) size 604x250 [border: (1px inset #808080)] [r=1 c=1 rs=1 cs=1]
              RenderBlock {H3} at (4,4) size 596x22 [color=#0000FF]
                RenderText {#text} at (0,0) size 219x21
                  text run at (0,0) width 219: "This sentence should show "
                RenderInline {STRONG} at (0,0) size 36x21
                  RenderText {#text} at (218,0) size 36x21
                    text run at (218,0) width 36: "blue"
                RenderText {#text} at (253,0) size 41x21
                  text run at (253,0) width 41: " and "
                RenderInline {EM} at (0,0) size 52x21 [color=#800080]
                  RenderText {#text} at (293,0) size 52x21
                    text run at (293,0) width 52: "purple"
                RenderText {#text} at (344,0) size 5x21
                  text run at (344,0) width 5: "."
              RenderBlock {H3} at (4,44) size 596x22 [color=#0000FF]
                RenderText {#text} at (0,0) size 197x21
                  text run at (0,0) width 197: "This sentence should be "
                RenderInline {SPAN} at (0,0) size 35x21
                  RenderText {#text} at (196,0) size 35x21
                    text run at (196,0) width 35: "blue"
                RenderText {#text} at (230,0) size 102x21
                  text run at (230,0) width 102: " throughout."
              RenderBlock {P} at (4,84) size 596x18
                RenderText {#text} at (0,0) size 230x17
                  text run at (0,0) width 230: "This should be green except for the "
                RenderInline {EM} at (0,0) size 119x17 [color=#800080]
                  RenderText {#text} at (229,0) size 119x17
                    text run at (229,0) width 119: "emphasized words"
                RenderText {#text} at (347,0) size 163x17
                  text run at (347,0) width 163: ", which should be purple."
              RenderBlock {H3} at (4,120) size 596x22 [color=#0000FF]
                RenderText {#text} at (0,0) size 292x21
                  text run at (0,0) width 292: "This should be blue and underlined."
              RenderBlock {P} at (4,160) size 596x18
                RenderText {#text} at (0,0) size 299x17
                  text run at (0,0) width 299: "This sentence should be underlined, including "
                RenderInline {TT} at (0,0) size 71x15
                  RenderText {#text} at (298,3) size 71x15
                    text run at (298,3) width 71: "this part"
                RenderText {#text} at (368,0) size 9x17
                  text run at (368,0) width 9: ", "
                RenderInline {I} at (0,0) size 55x17
                  RenderText {#text} at (376,0) size 55x17
                    text run at (376,0) width 55: "this part"
                RenderText {#text} at (430,0) size 9x17
                  text run at (430,0) width 9: ", "
                RenderInline {EM} at (0,0) size 54x17 [color=#800080]
                  RenderText {#text} at (438,0) size 54x17
                    text run at (438,0) width 54: "this part"
                RenderText {#text} at (491,0) size 37x17
                  text run at (491,0) width 37: ", and "
                RenderInline {STRONG} at (0,0) size 59x17
                  RenderText {#text} at (527,0) size 59x17
                    text run at (527,0) width 59: "this part"
                RenderText {#text} at (585,0) size 5x17
                  text run at (585,0) width 5: "."
              RenderBlock {P} at (4,194) size 596x18 [color=#000080]
                RenderText {#text} at (0,0) size 444x17
                  text run at (0,0) width 444: "This sentence should also be underlined, as well as dark blue (navy), "
                RenderInline {TT} at (0,0) size 149x15
                  RenderText {#text} at (443,3) size 149x15
                    text run at (443,3) width 149: "including this part"
                RenderText {#text} at (591,0) size 5x17
                  text run at (591,0) width 5: "."
              RenderBlock {P} at (4,228) size 596x18 [color=#800080]
                RenderText {#text} at (0,0) size 271x17
                  text run at (0,0) width 271: "This sentence should be purple, including "
                RenderInline {STRONG} at (0,0) size 59x17
                  RenderText {#text} at (270,0) size 59x17
                    text run at (270,0) width 59: "this part"
                RenderText {#text} at (328,0) size 32x17
                  text run at (328,0) width 32: " and "
                RenderInline {SPAN} at (0,0) size 178x17
                  RenderText {#text} at (359,0) size 178x17
                    text run at (359,0) width 178: "this part (which is spanned)"
                RenderText {#text} at (536,0) size 5x17
                  text run at (536,0) width 5: "."
