layer at (0,0) size 800x600
  RenderView at (0,0) size 800x600
layer at (0,0) size 800x600
  RenderBlock {HTML} at (0,0) size 800x600
    RenderBody {BODY} at (8,8) size 784x584
      RenderBlock {DIV} at (0,0) size 784x25 [border: (2px solid #FF0000)]
        RenderInline {A} at (0,0) size 31x21 [color=#008000]
          RenderText {#text} at (2,2) size 31x21
            text run at (2,2) width 31: "First"
        RenderInline {A} at (0,0) size 55x21 [color=#008000]
          RenderText {#text} at (33,2) size 55x21
            text run at (33,2) width 55: "Second"
        RenderInline {A} at (0,0) size 37x21 [color=#008000]
          RenderText {#text} at (88,2) size 37x21
            text run at (88,2) width 37: "Third"
