layer at (0,0) size 800x600
  RenderView at (0,0) size 800x600
layer at (0,0) size 800x600
  RenderBlock {HTML} at (0,0) size 800x600
    RenderBody {BODY} at (8,8) size 784x584
      RenderBlock {DIV} at (0,0) size 204x67 [border: (2px solid #FF0000)]
        RenderText {#text} at (2,2) size 180x63
          text run at (2,2) width 180: "This is some text. What is"
          text run at (2,23) width 156: "going on here. Does it"
          text run at (2,44) width 43: "work?"
