layer at (0,0) size 800x600
  RenderView at (0,0) size 800x600
layer at (0,0) size 800x600
  RenderBlock {HTML} at (0,0) size 800x600
    RenderBody {BODY} at (0,0) size 800x600
      RenderPartObject {IFRAME} at (0,0) size 504x104 [border: (2px inset #000000)]
        layer at (0,0) size 500x100
          RenderView at (0,0) size 500x100
        layer at (0,0) size 500x100
          RenderBlock {HTML} at (0,0) size 500x100
            RenderBody {BODY} at (8,8) size 484x76
              RenderBlock {P} at (0,0) size 484x21
                RenderText {#text} at (0,0) size 123x21
                  text run at (0,0) width 123: "This is some text."
              RenderBlock {P} at (0,37) size 484x21
                RenderText {#text} at (0,0) size 165x21
                  text run at (0,0) width 165: "This text is underneath."
      RenderText {#text} at (504,88) size 4x21
        text run at (504,88) width 4: " "
      RenderEmbeddedObject {OBJECT} at (0,109) size 500x100
        layer at (0,0) size 500x100
          RenderView at (0,0) size 500x100
        layer at (0,0) size 500x100
          RenderBlock {HTML} at (0,0) size 500x100
            RenderBody {BODY} at (8,8) size 484x76
              RenderBlock {P} at (0,0) size 484x21
                RenderText {#text} at (0,0) size 123x21
                  text run at (0,0) width 123: "This is some text."
              RenderBlock {P} at (0,37) size 484x21
                RenderText {#text} at (0,0) size 165x21
                  text run at (0,0) width 165: "This text is underneath."
      RenderText {#text} at (0,0) size 0x0
