layer at (0,0) size 800x600
  RenderView at (0,0) size 800x600
layer at (0,0) size 800x470
  RenderBlock {HTML} at (0,0) size 800x470
    RenderBody {BODY} at (8,21) size 784x433
      RenderBlock {H1} at (0,0) size 784x42
        RenderText {#text} at (0,0) size 482x42
          text run at (0,0) width 482: "Minimum and Maximum Widths"
      RenderBlock {DIV} at (0,63) size 784x27 [border: (3px solid #800080)]
        RenderText {#text} at (3,3) size 35x21
          text run at (3,3) width 35: "This "
        RenderInline {CODE} at (0,0) size 17x17
          RenderText {#text} at (38,6) size 17x17
            text run at (38,6) width 17: "div"
        RenderText {#text} at (55,3) size 460x21
          text run at (55,3) width 460: " should have a medium solid purple border, as should all the rest."
      RenderBlock {DIV} at (0,90) size 319x69 [border: (3px solid #800080)]
        RenderText {#text} at (3,3) size 35x21
          text run at (3,3) width 35: "This "
        RenderInline {CODE} at (0,0) size 17x17
          RenderText {#text} at (38,6) size 17x17
            text run at (38,6) width 17: "div"
        RenderText {#text} at (55,3) size 306x42
          text run at (55,3) width 207: " should have a width of 40%. "
          text run at (262,3) width 47: "This is"
          text run at (3,24) width 84: "a reference "
        RenderInline {CODE} at (0,0) size 17x17
          RenderText {#text} at (87,27) size 17x17
            text run at (87,27) width 17: "div"
        RenderText {#text} at (104,24) size 198x21
          text run at (104,24) width 198: " and should work as long as"
        RenderInline {CODE} at (0,0) size 30x17
          RenderText {#text} at (3,48) size 30x17
            text run at (3,48) width 30: "width"
        RenderText {#text} at (33,45) size 50x21
          text run at (33,45) width 50: " works."
      RenderBlock {DIV} at (0,159) size 319x27 [border: (3px solid #800080)]
        RenderText {#text} at (3,3) size 35x21
          text run at (3,3) width 35: "This "
        RenderInline {CODE} at (0,0) size 17x17
          RenderText {#text} at (38,6) size 17x17
            text run at (38,6) width 17: "div"
        RenderText {#text} at (55,3) size 203x21
          text run at (55,3) width 203: " should have a width of 40%."
      RenderBlock {DIV} at (0,186) size 319x27 [border: (3px solid #800080)]
        RenderText {#text} at (3,3) size 35x21
          text run at (3,3) width 35: "This "
        RenderInline {CODE} at (0,0) size 17x17
          RenderText {#text} at (38,6) size 17x17
            text run at (38,6) width 17: "div"
        RenderText {#text} at (55,3) size 203x21
          text run at (55,3) width 203: " should have a width of 40%."
      RenderBlock {DIV} at (0,213) size 319x27 [border: (3px solid #800080)]
        RenderText {#text} at (3,3) size 35x21
          text run at (3,3) width 35: "This "
        RenderInline {CODE} at (0,0) size 17x17
          RenderText {#text} at (38,6) size 17x17
            text run at (38,6) width 17: "div"
        RenderText {#text} at (55,3) size 203x21
          text run at (55,3) width 203: " should have a width of 40%."
      RenderBlock {DIV} at (0,240) size 319x27 [border: (3px solid #800080)]
        RenderText {#text} at (3,3) size 35x21
          text run at (3,3) width 35: "This "
        RenderInline {CODE} at (0,0) size 17x17
          RenderText {#text} at (38,6) size 17x17
            text run at (38,6) width 17: "div"
        RenderText {#text} at (55,3) size 203x21
          text run at (55,3) width 203: " should have a width of 40%."
      RenderBlock {DIV} at (0,267) size 319x27 [border: (3px solid #800080)]
        RenderText {#text} at (3,3) size 35x21
          text run at (3,3) width 35: "This "
        RenderInline {CODE} at (0,0) size 17x17
          RenderText {#text} at (38,6) size 17x17
            text run at (38,6) width 17: "div"
        RenderText {#text} at (55,3) size 203x21
          text run at (55,3) width 203: " should have a width of 40%."
      RenderBlock {DIV} at (0,294) size 319x27 [border: (3px solid #800080)]
        RenderText {#text} at (3,3) size 35x21
          text run at (3,3) width 35: "This "
        RenderInline {CODE} at (0,0) size 17x17
          RenderText {#text} at (38,6) size 17x17
            text run at (38,6) width 17: "div"
        RenderText {#text} at (55,3) size 203x21
          text run at (55,3) width 203: " should have a width of 40%."
      RenderBlock {DIV} at (0,321) size 319x27 [border: (3px solid #800080)]
        RenderText {#text} at (3,3) size 35x21
          text run at (3,3) width 35: "This "
        RenderInline {CODE} at (0,0) size 17x17
          RenderText {#text} at (38,6) size 17x17
            text run at (38,6) width 17: "div"
        RenderText {#text} at (55,3) size 203x21
          text run at (55,3) width 203: " should have a width of 40%."
      RenderBlock {DIV} at (0,348) size 319x27 [border: (3px solid #800080)]
        RenderText {#text} at (3,3) size 35x21
          text run at (3,3) width 35: "This "
        RenderInline {CODE} at (0,0) size 17x17
          RenderText {#text} at (38,6) size 17x17
            text run at (38,6) width 17: "div"
        RenderText {#text} at (55,3) size 203x21
          text run at (55,3) width 203: " should have a width of 40%."
      RenderBlock {P} at (0,391) size 784x42
        RenderText {#text} at (0,0) size 221x21
          text run at (0,0) width 221: "If the browser does not support "
        RenderInline {CODE} at (0,0) size 55x17
          RenderText {#text} at (221,3) size 55x17
            text run at (221,3) width 55: "min-width"
        RenderText {#text} at (276,0) size 35x21
          text run at (276,0) width 35: " and "
        RenderInline {CODE} at (0,0) size 59x17
          RenderText {#text} at (311,3) size 59x17
            text run at (311,3) width 59: "max-width"
        RenderText {#text} at (370,0) size 193x21
          text run at (370,0) width 193: ", then the widths should be "
        RenderInline {CODE} at (0,0) size 25x17
          RenderText {#text} at (563,3) size 25x17
            text run at (563,3) width 25: "auto"
        RenderText {#text} at (588,0) size 8x21
          text run at (588,0) width 8: ", "
        RenderInline {CODE} at (0,0) size 26x17
          RenderText {#text} at (596,3) size 26x17
            text run at (596,3) width 26: "40%"
        RenderText {#text} at (622,0) size 8x21
          text run at (622,0) width 8: ", "
        RenderInline {CODE} at (0,0) size 26x17
          RenderText {#text} at (630,3) size 26x17
            text run at (630,3) width 26: "30%"
        RenderText {#text} at (656,0) size 8x21
          text run at (656,0) width 8: ", "
        RenderInline {CODE} at (0,0) size 26x17
          RenderText {#text} at (664,3) size 26x17
            text run at (664,3) width 26: "50%"
        RenderText {#text} at (690,0) size 8x21
          text run at (690,0) width 8: ", "
        RenderInline {CODE} at (0,0) size 26x17
          RenderText {#text} at (698,3) size 26x17
            text run at (698,3) width 26: "50%"
        RenderText {#text} at (724,0) size 8x21
          text run at (724,0) width 8: ", "
        RenderInline {CODE} at (0,0) size 26x17
          RenderText {#text} at (732,3) size 26x17
            text run at (732,3) width 26: "40%"
        RenderText {#text} at (758,0) size 4x21
          text run at (758,0) width 4: ","
        RenderInline {CODE} at (0,0) size 26x17
          RenderText {#text} at (0,24) size 26x17
            text run at (0,24) width 26: "30%"
        RenderText {#text} at (26,21) size 8x21
          text run at (26,21) width 8: ", "
        RenderInline {CODE} at (0,0) size 26x17
          RenderText {#text} at (34,24) size 26x17
            text run at (34,24) width 26: "40%"
        RenderText {#text} at (60,21) size 8x21
          text run at (60,21) width 8: ", "
        RenderInline {CODE} at (0,0) size 25x17
          RenderText {#text} at (68,24) size 25x17
            text run at (68,24) width 25: "auto"
        RenderText {#text} at (93,21) size 207x21
          text run at (93,21) width 207: " (with 70% margin-right), and "
        RenderInline {CODE} at (0,0) size 25x17
          RenderText {#text} at (300,24) size 25x17
            text run at (300,24) width 25: "auto"
        RenderText {#text} at (325,21) size 4x21
          text run at (325,21) width 4: "."
