layer at (0,0) size 800x600
  RenderView at (0,0) size 800x600
layer at (0,0) size 800x273
  RenderBlock {HTML} at (0,0) size 800x273
    RenderBody {BODY} at (8,16) size 784x241
      RenderBlock {P} at (0,0) size 784x21
        RenderText {#text} at (0,0) size 306x21
          text run at (0,0) width 306: "This <hr width=\"25%\"> should be centered:"
      RenderBlock {HR} at (293,37) size 198x2 [border: (1px inset #000000)]
      RenderBlock {P} at (0,55) size 784x21
        RenderText {#text} at (0,0) size 223x21
          text run at (0,0) width 223: "This one should be left-aligned."
      RenderBlock {HR} at (0,92) size 198x2 [border: (1px inset #000000)]
      RenderBlock {P} at (0,110) size 784x21
        RenderText {#text} at (0,0) size 233x21
          text run at (0,0) width 233: "This one should be right-aligned."
      RenderBlock {HR} at (586,147) size 198x2 [border: (1px inset #000000)]
      RenderBlock {P} at (0,165) size 784x21
        RenderText {#text} at (0,0) size 206x21
          text run at (0,0) width 206: "This one should be centered."
      RenderBlock {HR} at (293,202) size 198x2 [border: (1px inset #000000)]
      RenderBlock {P} at (0,220) size 784x21
        RenderText {#text} at (0,0) size 54x21
          text run at (0,0) width 54: "(W3C: \x{201C}"
        RenderInline {A} at (0,0) size 218x21 [color=#0000EE]
          RenderText {#text} at (54,0) size 218x21
            text run at (54,0) width 218: "By default, the rule is centered."
        RenderText {#text} at (272,0) size 10x21
          text run at (272,0) width 10: "\x{201D})"
