layer at (0,0) size 800x584
  RenderView at (0,0) size 800x584
layer at (0,0) size 800x273
  RenderBlock {HTML} at (0,0) size 800x273
    RenderBody {BODY} at (8,16) size 784x249
      RenderBlock {P} at (0,0) size 784x63
        RenderText {#text} at (0,0) size 288x21
          text run at (0,0) width 288: "This test checks for a regression against "
        RenderInline {I} at (0,0) size 744x42
          RenderInline {A} at (0,0) size 337x21 [color=#0000EE]
            RenderText {#text} at (288,0) size 337x21
              text run at (288,0) width 337: "https://bugs.webkit.org/show_bug.cgi?id=24118"
          RenderText {#text} at (625,0) size 744x42
            text run at (625,0) width 119: " RTL: Truncation"
            text run at (0,21) width 260: "behaves differently than IE/FF/Opera"
        RenderText {#text} at (260,21) size 4x21
          text run at (260,21) width 4: "."
        RenderBR {BR} at (264,21) size 0x21
        RenderText {#text} at (0,42) size 466x21
          text run at (0,42) width 466: "This test passes if the red block below is truncated on the left side."
      RenderBlock {DIV} at (-218,79) size 1002x170 [border: (1px solid #FF0000)]
        RenderText {#text} at (41,1) size 995x168
          text run at (41,1) width 960: "Lorem ipsum dolor sit amet, consectetur adipiscing elit. Nunc et nisl tellus. Vivamus aliquam elit non arcu scelerisque eget dapibus nunc"
          text run at (46,22) width 955: "vulputate. Maecenas scelerisque egestas purus, id bibendum magna venenatis vel. Vestibulum bibendum volutpat aliquam. Cum sociis"
          text run at (6,43) width 995: "natoque penatibus et magnis dis parturient montes, nascetur ridiculus mus. Vestibulum eget risus sodales mi tristique dignissim et sed lectus."
          text run at (43,64) width 958: "Cras convallis, nibh ut dapibus gravida, enim mauris molestie elit, eget fringilla augue est nec est. Curabitur eu quam non purus sodales"
          text run at (13,85) width 988: "pulvinar. Donec ultrices dui eget dolor lobortis in porta quam rutrum. Nulla risus lacus, adipiscing quis ullamcorper vestibulum, condimentum"
          text run at (45,106) width 956: "sed lacus. Sed in nunc dolor, quis egestas turpis. Integer arcu tellus, posuere sit amet pellentesque a, molestie at mi. Nulla blandit, mi et"
          text run at (23,127) width 978: "euismod imperdiet, augue arcu ornare felis, nec viverra lacus ligula ut metus. Proin ut leo ante, at consectetur sem. Nullam non nunc ligula."
          text run at (746,148) width 4 RTL: "."
          text run at (750,148) width 251: "Proin sed ante sem, id rutrum purus"
