layer at (0,0) size 800x600
  RenderView at (0,0) size 800x600
layer at (0,0) size 800x600
  RenderBlock {HTML} at (0,0) size 800x600
    RenderBody {BODY} at (8,8) size 784x576
      RenderBlock {DIV} at (0,0) size 784x21 [color=#FF0000]
        RenderText {#text} at (0,0) size 81x21
          text run at (0,0) width 81: "Hello world"
      RenderBlock {P} at (0,37) size 784x21
        RenderText {#text} at (0,0) size 240x21
          text run at (0,0) width 240: "The number of matched rules is: 1"
