layer at (0,0) size 784x3112
  RenderView at (0,0) size 784x600
layer at (0,0) size 784x3112
  RenderBlock {HTML} at (0,0) size 784x3112
    RenderBody {BODY} at (8,21) size 768x3075
      RenderBlock {H1} at (0,0) size 768x42
        RenderText {#text} at (0,0) size 313x42
          text run at (0,0) width 313: "Tables and captions"
      RenderBlock {P} at (0,63) size 768x21
        RenderText {#text} at (0,0) size 590x21
          text run at (0,0) width 472: "The table should have width 300px, as should the caption (entirely "
          text run at (472,0) width 118: "above the table):"
      RenderTable {TABLE} at (0,100) size 306x99 [border: (10px solid #008000)]
        RenderBlock {CAPTION} at (0,0) size 306x27 [border: (3px solid #800080)]
          RenderText {#text} at (84,3) size 138x21
            text run at (84,3) width 138: "The table's caption."
        RenderTableSection {TBODY} at (10,37) size 286x52
          RenderTableRow {TR} at (0,2) size 286x23
            RenderTableCell {TD} at (2,2) size 140x23 [r=0 c=0 rs=1 cs=1]
              RenderText {#text} at (1,1) size 34x21
                text run at (1,1) width 34: "Data"
            RenderTableCell {TD} at (144,2) size 140x23 [r=0 c=1 rs=1 cs=1]
              RenderText {#text} at (1,1) size 34x21
                text run at (1,1) width 34: "Data"
          RenderTableRow {TR} at (0,27) size 286x23
            RenderTableCell {TD} at (2,27) size 140x23 [r=1 c=0 rs=1 cs=1]
              RenderText {#text} at (1,1) size 34x21
                text run at (1,1) width 34: "Data"
            RenderTableCell {TD} at (144,27) size 140x23 [r=1 c=1 rs=1 cs=1]
              RenderText {#text} at (1,1) size 34x21
                text run at (1,1) width 34: "Data"
      RenderBlock {P} at (0,215) size 768x21
        RenderText {#text} at (0,0) size 550x21
          text run at (0,0) width 460: "The table should have width 300px, and the caption should have "
          text run at (460,0) width 90: "width 600px."
      RenderTable {TABLE} at (0,252) size 606x99 [border: (10px solid #008000)]
        RenderBlock {CAPTION} at (0,0) size 606x27 [border: (3px solid #800080)]
          RenderText {#text} at (234,3) size 138x21
            text run at (234,3) width 138: "The table's caption."
        RenderTableSection {TBODY} at (10,37) size 586x52
          RenderTableRow {TR} at (0,2) size 586x23
            RenderTableCell {TD} at (2,2) size 290x23 [r=0 c=0 rs=1 cs=1]
              RenderText {#text} at (1,1) size 34x21
                text run at (1,1) width 34: "Data"
            RenderTableCell {TD} at (294,2) size 290x23 [r=0 c=1 rs=1 cs=1]
              RenderText {#text} at (1,1) size 34x21
                text run at (1,1) width 34: "Data"
          RenderTableRow {TR} at (0,27) size 586x23
            RenderTableCell {TD} at (2,27) size 290x23 [r=1 c=0 rs=1 cs=1]
              RenderText {#text} at (1,1) size 34x21
                text run at (1,1) width 34: "Data"
            RenderTableCell {TD} at (294,27) size 290x23 [r=1 c=1 rs=1 cs=1]
              RenderText {#text} at (1,1) size 34x21
                text run at (1,1) width 34: "Data"
      RenderBlock {P} at (0,367) size 768x21
        RenderText {#text} at (0,0) size 550x21
          text run at (0,0) width 460: "The table should have width 600px, and the caption should have "
          text run at (460,0) width 90: "width 300px."
      RenderTable {TABLE} at (0,404) size 600x99 [border: (10px solid #008000)]
        RenderBlock {CAPTION} at (0,0) size 306x27 [border: (3px solid #800080)]
          RenderText {#text} at (84,3) size 138x21
            text run at (84,3) width 138: "The table's caption."
        RenderTableSection {TBODY} at (10,37) size 580x52
          RenderTableRow {TR} at (0,2) size 580x23
            RenderTableCell {TD} at (2,2) size 287x23 [r=0 c=0 rs=1 cs=1]
              RenderText {#text} at (1,1) size 34x21
                text run at (1,1) width 34: "Data"
            RenderTableCell {TD} at (291,2) size 287x23 [r=0 c=1 rs=1 cs=1]
              RenderText {#text} at (1,1) size 34x21
                text run at (1,1) width 34: "Data"
          RenderTableRow {TR} at (0,27) size 580x23
            RenderTableCell {TD} at (2,27) size 287x23 [r=1 c=0 rs=1 cs=1]
              RenderText {#text} at (1,1) size 34x21
                text run at (1,1) width 34: "Data"
            RenderTableCell {TD} at (291,27) size 287x23 [r=1 c=1 rs=1 cs=1]
              RenderText {#text} at (1,1) size 34x21
                text run at (1,1) width 34: "Data"
      RenderBlock {P} at (0,519) size 768x21
        RenderText {#text} at (0,0) size 763x21
          text run at (0,0) width 404: "The next four tables should have their caption on the top, "
          text run at (404,0) width 359: "with a 20px gap between the table and the caption."
      RenderTable {TABLE} at (0,560) size 98x120 [border: (10px solid #008000)]
        RenderBlock {CAPTION} at (0,0) size 98x48 [border: (3px solid #800080)]
          RenderText {#text} at (10,3) size 78x42
            text run at (10,3) width 78: "The table's"
            text run at (21,24) width 56: "caption."
        RenderTableSection {TBODY} at (10,58) size 78x52
          RenderTableRow {TR} at (0,2) size 78x23
            RenderTableCell {TD} at (2,2) size 36x23 [r=0 c=0 rs=1 cs=1]
              RenderText {#text} at (1,1) size 34x21
                text run at (1,1) width 34: "Data"
            RenderTableCell {TD} at (40,2) size 36x23 [r=0 c=1 rs=1 cs=1]
              RenderText {#text} at (1,1) size 34x21
                text run at (1,1) width 34: "Data"
          RenderTableRow {TR} at (0,27) size 78x23
            RenderTableCell {TD} at (2,27) size 36x23 [r=1 c=0 rs=1 cs=1]
              RenderText {#text} at (1,1) size 34x21
                text run at (1,1) width 34: "Data"
            RenderTableCell {TD} at (40,27) size 36x23 [r=1 c=1 rs=1 cs=1]
              RenderText {#text} at (1,1) size 34x21
                text run at (1,1) width 34: "Data"
      RenderTable {TABLE} at (0,680) size 98x140 [border: (10px solid #008000)]
        RenderBlock {CAPTION} at (0,0) size 98x48 [border: (3px solid #800080)]
          RenderText {#text} at (10,3) size 78x42
            text run at (10,3) width 78: "The table's"
            text run at (21,24) width 56: "caption."
        RenderTableSection {TBODY} at (10,78) size 78x52
          RenderTableRow {TR} at (0,2) size 78x23
            RenderTableCell {TD} at (2,2) size 36x23 [r=0 c=0 rs=1 cs=1]
              RenderText {#text} at (1,1) size 34x21
                text run at (1,1) width 34: "Data"
            RenderTableCell {TD} at (40,2) size 36x23 [r=0 c=1 rs=1 cs=1]
              RenderText {#text} at (1,1) size 34x21
                text run at (1,1) width 34: "Data"
          RenderTableRow {TR} at (0,27) size 78x23
            RenderTableCell {TD} at (2,27) size 36x23 [r=1 c=0 rs=1 cs=1]
              RenderText {#text} at (1,1) size 34x21
                text run at (1,1) width 34: "Data"
            RenderTableCell {TD} at (40,27) size 36x23 [r=1 c=1 rs=1 cs=1]
              RenderText {#text} at (1,1) size 34x21
                text run at (1,1) width 34: "Data"
      RenderTable {TABLE} at (0,835) size 98x140 [border: (10px solid #008000)]
        RenderBlock {CAPTION} at (0,0) size 98x48 [border: (3px solid #800080)]
          RenderText {#text} at (10,3) size 78x42
            text run at (10,3) width 78: "The table's"
            text run at (21,24) width 56: "caption."
        RenderTableSection {TBODY} at (10,78) size 78x52
          RenderTableRow {TR} at (0,2) size 78x23
            RenderTableCell {TD} at (2,2) size 36x23 [r=0 c=0 rs=1 cs=1]
              RenderText {#text} at (1,1) size 34x21
                text run at (1,1) width 34: "Data"
            RenderTableCell {TD} at (40,2) size 36x23 [r=0 c=1 rs=1 cs=1]
              RenderText {#text} at (1,1) size 34x21
                text run at (1,1) width 34: "Data"
          RenderTableRow {TR} at (0,27) size 78x23
            RenderTableCell {TD} at (2,27) size 36x23 [r=1 c=0 rs=1 cs=1]
              RenderText {#text} at (1,1) size 34x21
                text run at (1,1) width 34: "Data"
            RenderTableCell {TD} at (40,27) size 36x23 [r=1 c=1 rs=1 cs=1]
              RenderText {#text} at (1,1) size 34x21
                text run at (1,1) width 34: "Data"
      RenderTable {TABLE} at (0,995) size 98x135 [border: (10px solid #008000)]
        RenderBlock {CAPTION} at (0,0) size 98x48 [border: (3px solid #800080)]
          RenderText {#text} at (10,3) size 78x42
            text run at (10,3) width 78: "The table's"
            text run at (21,24) width 56: "caption."
        RenderTableSection {TBODY} at (10,73) size 78x52
          RenderTableRow {TR} at (0,2) size 78x23
            RenderTableCell {TD} at (2,2) size 36x23 [r=0 c=0 rs=1 cs=1]
              RenderText {#text} at (1,1) size 34x21
                text run at (1,1) width 34: "Data"
            RenderTableCell {TD} at (40,2) size 36x23 [r=0 c=1 rs=1 cs=1]
              RenderText {#text} at (1,1) size 34x21
                text run at (1,1) width 34: "Data"
          RenderTableRow {TR} at (0,27) size 78x23
            RenderTableCell {TD} at (2,27) size 36x23 [r=1 c=0 rs=1 cs=1]
              RenderText {#text} at (1,1) size 34x21
                text run at (1,1) width 34: "Data"
            RenderTableCell {TD} at (40,27) size 36x23 [r=1 c=1 rs=1 cs=1]
              RenderText {#text} at (1,1) size 34x21
                text run at (1,1) width 34: "Data"
      RenderBlock {P} at (0,1146) size 768x42
        RenderText {#text} at (0,0) size 712x42
          text run at (0,0) width 413: "The next four tables should have their caption on the right, "
          text run at (413,0) width 299: "with a 20px gap between the table and the"
          text run at (0,21) width 56: "caption."
      RenderTable {TABLE} at (0,1204) size 98x120 [border: (10px solid #008000)]
        RenderBlock {CAPTION} at (0,0) size 98x48 [border: (3px solid #800080)]
          RenderText {#text} at (10,3) size 78x42
            text run at (10,3) width 78: "The table's"
            text run at (21,24) width 56: "caption."
        RenderTableSection {TBODY} at (10,58) size 78x52
          RenderTableRow {TR} at (0,2) size 78x23
            RenderTableCell {TD} at (2,2) size 36x23 [r=0 c=0 rs=1 cs=1]
              RenderText {#text} at (1,1) size 34x21
                text run at (1,1) width 34: "Data"
            RenderTableCell {TD} at (40,2) size 36x23 [r=0 c=1 rs=1 cs=1]
              RenderText {#text} at (1,1) size 34x21
                text run at (1,1) width 34: "Data"
          RenderTableRow {TR} at (0,27) size 78x23
            RenderTableCell {TD} at (2,27) size 36x23 [r=1 c=0 rs=1 cs=1]
              RenderText {#text} at (1,1) size 34x21
                text run at (1,1) width 34: "Data"
            RenderTableCell {TD} at (40,27) size 36x23 [r=1 c=1 rs=1 cs=1]
              RenderText {#text} at (1,1) size 34x21
                text run at (1,1) width 34: "Data"
      RenderTable {TABLE} at (0,1324) size 98x141 [border: (10px solid #008000)]
        RenderBlock {CAPTION} at (20,0) size 78x69 [border: (3px solid #800080)]
          RenderText {#text} at (25,3) size 56x63
            text run at (25,3) width 28: "The"
            text run at (16,24) width 46: "table's"
            text run at (11,45) width 56: "caption."
        RenderTableSection {TBODY} at (10,79) size 78x52
          RenderTableRow {TR} at (0,2) size 78x23
            RenderTableCell {TD} at (2,2) size 36x23 [r=0 c=0 rs=1 cs=1]
              RenderText {#text} at (1,1) size 34x21
                text run at (1,1) width 34: "Data"
            RenderTableCell {TD} at (40,2) size 36x23 [r=0 c=1 rs=1 cs=1]
              RenderText {#text} at (1,1) size 34x21
                text run at (1,1) width 34: "Data"
          RenderTableRow {TR} at (0,27) size 78x23
            RenderTableCell {TD} at (2,27) size 36x23 [r=1 c=0 rs=1 cs=1]
              RenderText {#text} at (1,1) size 34x21
                text run at (1,1) width 34: "Data"
            RenderTableCell {TD} at (40,27) size 36x23 [r=1 c=1 rs=1 cs=1]
              RenderText {#text} at (1,1) size 34x21
                text run at (1,1) width 34: "Data"
      RenderTable {TABLE} at (0,1465) size 98x141 [border: (10px solid #008000)]
        RenderBlock {CAPTION} at (20,0) size 78x69 [border: (3px solid #800080)]
          RenderText {#text} at (25,3) size 56x63
            text run at (25,3) width 28: "The"
            text run at (16,24) width 46: "table's"
            text run at (11,45) width 56: "caption."
        RenderTableSection {TBODY} at (10,79) size 78x52
          RenderTableRow {TR} at (0,2) size 78x23
            RenderTableCell {TD} at (2,2) size 36x23 [r=0 c=0 rs=1 cs=1]
              RenderText {#text} at (1,1) size 34x21
                text run at (1,1) width 34: "Data"
            RenderTableCell {TD} at (40,2) size 36x23 [r=0 c=1 rs=1 cs=1]
              RenderText {#text} at (1,1) size 34x21
                text run at (1,1) width 34: "Data"
          RenderTableRow {TR} at (0,27) size 78x23
            RenderTableCell {TD} at (2,27) size 36x23 [r=1 c=0 rs=1 cs=1]
              RenderText {#text} at (1,1) size 34x21
                text run at (1,1) width 34: "Data"
            RenderTableCell {TD} at (40,27) size 36x23 [r=1 c=1 rs=1 cs=1]
              RenderText {#text} at (1,1) size 34x21
                text run at (1,1) width 34: "Data"
      RenderTable {TABLE} at (0,1606) size 98x141 [border: (10px solid #008000)]
        RenderBlock {CAPTION} at (15,0) size 83x69 [border: (3px solid #800080)]
          RenderText {#text} at (27,3) size 57x63
            text run at (27,3) width 29: "The"
            text run at (18,24) width 47: "table's"
            text run at (13,45) width 57: "caption."
        RenderTableSection {TBODY} at (10,79) size 78x52
          RenderTableRow {TR} at (0,2) size 78x23
            RenderTableCell {TD} at (2,2) size 36x23 [r=0 c=0 rs=1 cs=1]
              RenderText {#text} at (1,1) size 34x21
                text run at (1,1) width 34: "Data"
            RenderTableCell {TD} at (40,2) size 36x23 [r=0 c=1 rs=1 cs=1]
              RenderText {#text} at (1,1) size 34x21
                text run at (1,1) width 34: "Data"
          RenderTableRow {TR} at (0,27) size 78x23
            RenderTableCell {TD} at (2,27) size 36x23 [r=1 c=0 rs=1 cs=1]
              RenderText {#text} at (1,1) size 34x21
                text run at (1,1) width 34: "Data"
            RenderTableCell {TD} at (40,27) size 36x23 [r=1 c=1 rs=1 cs=1]
              RenderText {#text} at (1,1) size 34x21
                text run at (1,1) width 34: "Data"
      RenderBlock {P} at (0,1763) size 768x42
        RenderText {#text} at (0,0) size 729x42
          text run at (0,0) width 430: "The next four tables should have their caption on the bottom, "
          text run at (430,0) width 299: "with a 20px gap between the table and the"
          text run at (0,21) width 56: "caption."
      RenderTable {TABLE} at (0,1821) size 98x120 [border: (10px solid #008000)]
        RenderBlock {CAPTION} at (0,72) size 98x48 [border: (3px solid #800080)]
          RenderText {#text} at (10,3) size 78x42
            text run at (10,3) width 78: "The table's"
            text run at (21,24) width 56: "caption."
        RenderTableSection {TBODY} at (10,10) size 78x52
          RenderTableRow {TR} at (0,2) size 78x23
            RenderTableCell {TD} at (2,2) size 36x23 [r=0 c=0 rs=1 cs=1]
              RenderText {#text} at (1,1) size 34x21
                text run at (1,1) width 34: "Data"
            RenderTableCell {TD} at (40,2) size 36x23 [r=0 c=1 rs=1 cs=1]
              RenderText {#text} at (1,1) size 34x21
                text run at (1,1) width 34: "Data"
          RenderTableRow {TR} at (0,27) size 78x23
            RenderTableCell {TD} at (2,27) size 36x23 [r=1 c=0 rs=1 cs=1]
              RenderText {#text} at (1,1) size 34x21
                text run at (1,1) width 34: "Data"
            RenderTableCell {TD} at (40,27) size 36x23 [r=1 c=1 rs=1 cs=1]
              RenderText {#text} at (1,1) size 34x21
                text run at (1,1) width 34: "Data"
      RenderTable {TABLE} at (0,1961) size 98x140 [border: (10px solid #008000)]
        RenderBlock {CAPTION} at (0,92) size 98x48 [border: (3px solid #800080)]
          RenderText {#text} at (10,3) size 78x42
            text run at (10,3) width 78: "The table's"
            text run at (21,24) width 56: "caption."
        RenderTableSection {TBODY} at (10,10) size 78x52
          RenderTableRow {TR} at (0,2) size 78x23
            RenderTableCell {TD} at (2,2) size 36x23 [r=0 c=0 rs=1 cs=1]
              RenderText {#text} at (1,1) size 34x21
                text run at (1,1) width 34: "Data"
            RenderTableCell {TD} at (40,2) size 36x23 [r=0 c=1 rs=1 cs=1]
              RenderText {#text} at (1,1) size 34x21
                text run at (1,1) width 34: "Data"
          RenderTableRow {TR} at (0,27) size 78x23
            RenderTableCell {TD} at (2,27) size 36x23 [r=1 c=0 rs=1 cs=1]
              RenderText {#text} at (1,1) size 34x21
                text run at (1,1) width 34: "Data"
            RenderTableCell {TD} at (40,27) size 36x23 [r=1 c=1 rs=1 cs=1]
              RenderText {#text} at (1,1) size 34x21
                text run at (1,1) width 34: "Data"
      RenderTable {TABLE} at (0,2101) size 98x140 [border: (10px solid #008000)]
        RenderBlock {CAPTION} at (0,92) size 98x48 [border: (3px solid #800080)]
          RenderText {#text} at (10,3) size 78x42
            text run at (10,3) width 78: "The table's"
            text run at (21,24) width 56: "caption."
        RenderTableSection {TBODY} at (10,10) size 78x52
          RenderTableRow {TR} at (0,2) size 78x23
            RenderTableCell {TD} at (2,2) size 36x23 [r=0 c=0 rs=1 cs=1]
              RenderText {#text} at (1,1) size 34x21
                text run at (1,1) width 34: "Data"
            RenderTableCell {TD} at (40,2) size 36x23 [r=0 c=1 rs=1 cs=1]
              RenderText {#text} at (1,1) size 34x21
                text run at (1,1) width 34: "Data"
          RenderTableRow {TR} at (0,27) size 78x23
            RenderTableCell {TD} at (2,27) size 36x23 [r=1 c=0 rs=1 cs=1]
              RenderText {#text} at (1,1) size 34x21
                text run at (1,1) width 34: "Data"
            RenderTableCell {TD} at (40,27) size 36x23 [r=1 c=1 rs=1 cs=1]
              RenderText {#text} at (1,1) size 34x21
                text run at (1,1) width 34: "Data"
      RenderTable {TABLE} at (0,2256) size 98x135 [border: (10px solid #008000)]
        RenderBlock {CAPTION} at (0,87) size 98x48 [border: (3px solid #800080)]
          RenderText {#text} at (10,3) size 78x42
            text run at (10,3) width 78: "The table's"
            text run at (21,24) width 56: "caption."
        RenderTableSection {TBODY} at (10,10) size 78x52
          RenderTableRow {TR} at (0,2) size 78x23
            RenderTableCell {TD} at (2,2) size 36x23 [r=0 c=0 rs=1 cs=1]
              RenderText {#text} at (1,1) size 34x21
                text run at (1,1) width 34: "Data"
            RenderTableCell {TD} at (40,2) size 36x23 [r=0 c=1 rs=1 cs=1]
              RenderText {#text} at (1,1) size 34x21
                text run at (1,1) width 34: "Data"
          RenderTableRow {TR} at (0,27) size 78x23
            RenderTableCell {TD} at (2,27) size 36x23 [r=1 c=0 rs=1 cs=1]
              RenderText {#text} at (1,1) size 34x21
                text run at (1,1) width 34: "Data"
            RenderTableCell {TD} at (40,27) size 36x23 [r=1 c=1 rs=1 cs=1]
              RenderText {#text} at (1,1) size 34x21
                text run at (1,1) width 34: "Data"
      RenderBlock {P} at (0,2411) size 768x21
        RenderText {#text} at (0,0) size 762x21
          text run at (0,0) width 403: "The next four tables should have their caption on the left, "
          text run at (403,0) width 359: "with a 20px gap between the table and the caption."
      RenderTable {TABLE} at (20,2448) size 98x120 [border: (10px solid #008000)]
        RenderBlock {CAPTION} at (0,0) size 98x48 [border: (3px solid #800080)]
          RenderText {#text} at (10,3) size 78x42
            text run at (10,3) width 78: "The table's"
            text run at (21,24) width 56: "caption."
        RenderTableSection {TBODY} at (10,58) size 78x52
          RenderTableRow {TR} at (0,2) size 78x23
            RenderTableCell {TD} at (2,2) size 36x23 [r=0 c=0 rs=1 cs=1]
              RenderText {#text} at (1,1) size 34x21
                text run at (1,1) width 34: "Data"
            RenderTableCell {TD} at (40,2) size 36x23 [r=0 c=1 rs=1 cs=1]
              RenderText {#text} at (1,1) size 34x21
                text run at (1,1) width 34: "Data"
          RenderTableRow {TR} at (0,27) size 78x23
            RenderTableCell {TD} at (2,27) size 36x23 [r=1 c=0 rs=1 cs=1]
              RenderText {#text} at (1,1) size 34x21
                text run at (1,1) width 34: "Data"
            RenderTableCell {TD} at (40,27) size 36x23 [r=1 c=1 rs=1 cs=1]
              RenderText {#text} at (1,1) size 34x21
                text run at (1,1) width 34: "Data"
      RenderTable {TABLE} at (0,2568) size 98x141 [border: (10px solid #008000)]
        RenderBlock {CAPTION} at (0,0) size 78x69 [border: (3px solid #800080)]
          RenderText {#text} at (25,3) size 56x63
            text run at (25,3) width 28: "The"
            text run at (16,24) width 46: "table's"
            text run at (11,45) width 56: "caption."
        RenderTableSection {TBODY} at (10,79) size 78x52
          RenderTableRow {TR} at (0,2) size 78x23
            RenderTableCell {TD} at (2,2) size 36x23 [r=0 c=0 rs=1 cs=1]
              RenderText {#text} at (1,1) size 34x21
                text run at (1,1) width 34: "Data"
            RenderTableCell {TD} at (40,2) size 36x23 [r=0 c=1 rs=1 cs=1]
              RenderText {#text} at (1,1) size 34x21
                text run at (1,1) width 34: "Data"
          RenderTableRow {TR} at (0,27) size 78x23
            RenderTableCell {TD} at (2,27) size 36x23 [r=1 c=0 rs=1 cs=1]
              RenderText {#text} at (1,1) size 34x21
                text run at (1,1) width 34: "Data"
            RenderTableCell {TD} at (40,27) size 36x23 [r=1 c=1 rs=1 cs=1]
              RenderText {#text} at (1,1) size 34x21
                text run at (1,1) width 34: "Data"
      RenderTable {TABLE} at (15,2709) size 98x141 [border: (10px solid #008000)]
        RenderBlock {CAPTION} at (0,0) size 78x69 [border: (3px solid #800080)]
          RenderText {#text} at (25,3) size 56x63
            text run at (25,3) width 28: "The"
            text run at (16,24) width 46: "table's"
            text run at (11,45) width 56: "caption."
        RenderTableSection {TBODY} at (10,79) size 78x52
          RenderTableRow {TR} at (0,2) size 78x23
            RenderTableCell {TD} at (2,2) size 36x23 [r=0 c=0 rs=1 cs=1]
              RenderText {#text} at (1,1) size 34x21
                text run at (1,1) width 34: "Data"
            RenderTableCell {TD} at (40,2) size 36x23 [r=0 c=1 rs=1 cs=1]
              RenderText {#text} at (1,1) size 34x21
                text run at (1,1) width 34: "Data"
          RenderTableRow {TR} at (0,27) size 78x23
            RenderTableCell {TD} at (2,27) size 36x23 [r=1 c=0 rs=1 cs=1]
              RenderText {#text} at (1,1) size 34x21
                text run at (1,1) width 34: "Data"
            RenderTableCell {TD} at (40,27) size 36x23 [r=1 c=1 rs=1 cs=1]
              RenderText {#text} at (1,1) size 34x21
                text run at (1,1) width 34: "Data"
      RenderTable {TABLE} at (20,2850) size 98x141 [border: (10px solid #008000)]
        RenderBlock {CAPTION} at (0,0) size 83x69 [border: (3px solid #800080)]
          RenderText {#text} at (27,3) size 57x63
            text run at (27,3) width 29: "The"
            text run at (18,24) width 47: "table's"
            text run at (13,45) width 57: "caption."
        RenderTableSection {TBODY} at (10,79) size 78x52
          RenderTableRow {TR} at (0,2) size 78x23
            RenderTableCell {TD} at (2,2) size 36x23 [r=0 c=0 rs=1 cs=1]
              RenderText {#text} at (1,1) size 34x21
                text run at (1,1) width 34: "Data"
            RenderTableCell {TD} at (40,2) size 36x23 [r=0 c=1 rs=1 cs=1]
              RenderText {#text} at (1,1) size 34x21
                text run at (1,1) width 34: "Data"
          RenderTableRow {TR} at (0,27) size 78x23
            RenderTableCell {TD} at (2,27) size 36x23 [r=1 c=0 rs=1 cs=1]
              RenderText {#text} at (1,1) size 34x21
                text run at (1,1) width 34: "Data"
            RenderTableCell {TD} at (40,27) size 36x23 [r=1 c=1 rs=1 cs=1]
              RenderText {#text} at (1,1) size 34x21
                text run at (1,1) width 34: "Data"
      RenderBlock {HR} at (0,2999) size 768x2 [border: (1px inset #000000)]
      RenderBlock {P} at (0,3017) size 768x21
        RenderText {#text} at (0,0) size 62x21
          text run at (0,0) width 62: "(Back to "
        RenderInline {A} at (0,0) size 174x21 [color=#0000EE]
          RenderText {#text} at (62,0) size 174x21
            text run at (62,0) width 174: "CSS Testing Information"
        RenderText {#text} at (236,0) size 8x21
          text run at (236,0) width 8: ", "
        RenderInline {A} at (0,0) size 89x21 [color=#0000EE]
          RenderText {#text} at (244,0) size 89x21
            text run at (244,0) width 89: "David Baron"
        RenderText {#text} at (333,0) size 5x21
          text run at (333,0) width 5: ")"
      RenderBlock {P} at (0,3054) size 768x21
        RenderInline {A} at (0,0) size 32x21 [color=#0000EE]
          RenderText {#text} at (0,0) size 32x21
            text run at (0,0) width 32: "LDB"
        RenderText {#text} at (32,0) size 8x21
          text run at (32,0) width 8: ", "
        RenderInline {A} at (0,0) size 176x21 [color=#0000EE]
          RenderText {#text} at (40,0) size 176x21
            text run at (40,0) width 176: "dbaron@fas.harvard.edu"
