layer at (0,0) size 800x600
  RenderView at (0,0) size 800x600
layer at (0,0) size 800x600
  RenderBlock {HTML} at (0,0) size 800x600
    RenderBody {BODY} at (8,8) size 784x584
      RenderBlock (anonymous) at (0,0) size 784x21
        RenderText {#text} at (0,0) size 219x21
          text run at (0,0) width 219: "Both columns should be 200px"
      RenderTable {TABLE} at (0,21) size 408x31 [bgcolor=#FFA500] [border: (1px outset #808080)]
        RenderTableCol {COLGROUP} at (0,0) size 0x0
        RenderTableSection {TBODY} at (1,1) size 406x29
          RenderTableRow {TR} at (0,2) size 406x25
            RenderTableCell {TD} at (2,2) size 200x25 [border: (1px inset #808080)] [r=0 c=0 rs=1 cs=1]
              RenderText {#text} at (2,2) size 26x21
                text run at (2,2) width 26: "c11"
            RenderTableCell {TD} at (204,2) size 200x25 [border: (1px inset #808080)] [r=0 c=1 rs=1 cs=1]
              RenderText {#text} at (2,2) size 26x21
                text run at (2,2) width 26: "c12"
      RenderBlock (anonymous) at (0,52) size 784x42
        RenderBR {BR} at (0,0) size 0x21
        RenderText {#text} at (0,21) size 219x21
          text run at (0,21) width 219: "Both columns should be 200px"
      RenderTable {TABLE} at (0,94) size 68x31 [bgcolor=#FFA500] [border: (1px outset #808080)]
        RenderTableCol {COLGROUP} at (0,0) size 0x0
          RenderTableCol {COL} at (0,0) size 0x0
        RenderTableSection {TBODY} at (1,1) size 66x29
          RenderTableRow {TR} at (0,2) size 66x25
            RenderTableCell {TD} at (2,2) size 30x25 [border: (1px inset #808080)] [r=0 c=0 rs=1 cs=1]
              RenderText {#text} at (2,2) size 26x21
                text run at (2,2) width 26: "c11"
            RenderTableCell {TD} at (34,2) size 30x25 [border: (1px inset #808080)] [r=0 c=1 rs=1 cs=1]
              RenderText {#text} at (2,2) size 26x21
                text run at (2,2) width 26: "c12"
      RenderBlock (anonymous) at (0,125) size 784x42
        RenderBR {BR} at (0,0) size 0x21
        RenderText {#text} at (0,21) size 219x21
          text run at (0,21) width 219: "Both columns should be 200px"
      RenderTable {TABLE} at (0,167) size 408x31 [bgcolor=#FFA500] [border: (1px outset #808080)]
        RenderTableCol {COLGROUP} at (0,0) size 0x0
          RenderTableCol {COL} at (0,0) size 0x0
        RenderTableSection {TBODY} at (1,1) size 406x29
          RenderTableRow {TR} at (0,2) size 406x25
            RenderTableCell {TD} at (2,2) size 200x25 [border: (1px inset #808080)] [r=0 c=0 rs=1 cs=1]
              RenderText {#text} at (2,2) size 26x21
                text run at (2,2) width 26: "c11"
            RenderTableCell {TD} at (204,2) size 200x25 [border: (1px inset #808080)] [r=0 c=1 rs=1 cs=1]
              RenderText {#text} at (2,2) size 26x21
                text run at (2,2) width 26: "c12"
      RenderBlock (anonymous) at (0,198) size 784x21
        RenderBR {BR} at (0,0) size 0x21
