layer at (0,0) size 784x1069
  RenderView at (0,0) size 784x600
layer at (0,0) size 784x1069
  RenderBlock {HTML} at (0,0) size 784x1069
    RenderBody {BODY} at (8,8) size 768x1053
      RenderBlock (anonymous) at (0,0) size 768x21
        RenderText {#text} at (0,0) size 121x21
          text run at (0,0) width 121: "auto table cols=2"
      RenderTable {TABLE} at (0,21) size 571x31 [border: (1px outset #808080)]
        RenderTableSection {TBODY} at (1,1) size 569x29
          RenderTableRow {TR} at (0,2) size 569x25
            RenderTableCell {TD} at (2,2) size 280x25 [border: (1px inset #808080)] [r=0 c=0 rs=1 cs=1]
              RenderText {#text} at (2,2) size 276x21
                text run at (2,2) width 276: "auto auto auto auto auto auto auto auto"
            RenderTableCell {TD} at (284,2) size 176x25 [border: (1px inset #808080)] [r=0 c=1 rs=1 cs=1]
              RenderText {#text} at (2,2) size 172x21
                text run at (2,2) width 172: "auto-auto auto auto auto"
            RenderTableCell {TD} at (462,2) size 105x25 [border: (1px inset #808080)] [r=0 c=2 rs=1 cs=1]
              RenderText {#text} at (2,2) size 101x21
                text run at (2,2) width 101: "auto auto auto"
      RenderBlock (anonymous) at (0,52) size 768x42
        RenderBR {BR} at (0,0) size 0x21
        RenderText {#text} at (0,21) size 121x21
          text run at (0,21) width 121: "auto table cols=2"
      RenderTable {TABLE} at (0,94) size 221x31 [border: (1px outset #808080)]
        RenderTableSection {TBODY} at (1,1) size 219x29
          RenderTableRow {TR} at (0,2) size 219x25
            RenderTableCell {TD} at (2,2) size 35x25 [border: (1px inset #808080)] [r=0 c=0 rs=1 cs=1]
              RenderText {#text} at (2,2) size 31x21
                text run at (2,2) width 31: "auto"
            RenderTableCell {TD} at (39,2) size 71x25 [border: (1px inset #808080)] [r=0 c=1 rs=1 cs=1]
              RenderText {#text} at (2,2) size 67x21
                text run at (2,2) width 67: "auto-auto"
            RenderTableCell {TD} at (112,2) size 105x25 [border: (1px inset #808080)] [r=0 c=2 rs=1 cs=1]
              RenderText {#text} at (2,2) size 101x21
                text run at (2,2) width 101: "auto auto auto"
      RenderBlock (anonymous) at (0,125) size 768x42
        RenderBR {BR} at (0,0) size 0x21
        RenderText {#text} at (0,21) size 187x21
          text run at (0,21) width 187: "auto table 2 cols with 1*,1*"
      RenderTable {TABLE} at (0,167) size 221x31 [border: (1px outset #808080)]
        RenderTableCol {COLGROUP} at (0,0) size 0x0
          RenderTableCol {COL} at (0,0) size 0x0
          RenderTableCol {COL} at (0,0) size 0x0
        RenderTableSection {TBODY} at (1,1) size 219x29
          RenderTableRow {TR} at (0,2) size 219x25
            RenderTableCell {TD} at (2,2) size 35x25 [border: (1px inset #808080)] [r=0 c=0 rs=1 cs=1]
              RenderText {#text} at (2,2) size 31x21
                text run at (2,2) width 31: "auto"
            RenderTableCell {TD} at (39,2) size 71x25 [border: (1px inset #808080)] [r=0 c=1 rs=1 cs=1]
              RenderText {#text} at (2,2) size 67x21
                text run at (2,2) width 67: "auto-auto"
            RenderTableCell {TD} at (112,2) size 105x25 [border: (1px inset #808080)] [r=0 c=2 rs=1 cs=1]
              RenderText {#text} at (2,2) size 101x21
                text run at (2,2) width 101: "auto auto auto"
      RenderBlock (anonymous) at (0,198) size 768x42
        RenderBR {BR} at (0,0) size 0x21
        RenderText {#text} at (0,21) size 187x21
          text run at (0,21) width 187: "auto table 2 cols with 2*,1*"
      RenderTable {TABLE} at (0,240) size 221x31 [border: (1px outset #808080)]
        RenderTableCol {COLGROUP} at (0,0) size 0x0
          RenderTableCol {COL} at (0,0) size 0x0
          RenderTableCol {COL} at (0,0) size 0x0
        RenderTableSection {TBODY} at (1,1) size 219x29
          RenderTableRow {TR} at (0,2) size 219x25
            RenderTableCell {TD} at (2,2) size 35x25 [border: (1px inset #808080)] [r=0 c=0 rs=1 cs=1]
              RenderText {#text} at (2,2) size 31x21
                text run at (2,2) width 31: "auto"
            RenderTableCell {TD} at (39,2) size 71x25 [border: (1px inset #808080)] [r=0 c=1 rs=1 cs=1]
              RenderText {#text} at (2,2) size 67x21
                text run at (2,2) width 67: "auto-auto"
            RenderTableCell {TD} at (112,2) size 105x25 [border: (1px inset #808080)] [r=0 c=2 rs=1 cs=1]
              RenderText {#text} at (2,2) size 101x21
                text run at (2,2) width 101: "auto auto auto"
      RenderBlock (anonymous) at (0,271) size 768x42
        RenderBR {BR} at (0,0) size 0x21
        RenderText {#text} at (0,21) size 124x21
          text run at (0,21) width 124: "fixed table cols=2"
      RenderTable {TABLE} at (0,313) size 400x31 [border: (1px outset #808080)]
        RenderTableSection {TBODY} at (1,1) size 398x29
          RenderTableRow {TR} at (0,2) size 398x25
            RenderTableCell {TD} at (2,2) size 64x25 [border: (1px inset #808080)] [r=0 c=0 rs=1 cs=1]
              RenderText {#text} at (2,2) size 31x21
                text run at (2,2) width 31: "auto"
            RenderTableCell {TD} at (68,2) size 131x25 [border: (1px inset #808080)] [r=0 c=1 rs=1 cs=1]
              RenderText {#text} at (2,2) size 67x21
                text run at (2,2) width 67: "auto-auto"
            RenderTableCell {TD} at (201,2) size 195x25 [border: (1px inset #808080)] [r=0 c=2 rs=1 cs=1]
              RenderText {#text} at (2,2) size 101x21
                text run at (2,2) width 101: "auto auto auto"
      RenderBlock (anonymous) at (0,344) size 768x42
        RenderBR {BR} at (0,0) size 0x21
        RenderText {#text} at (0,21) size 121x21
          text run at (0,21) width 121: "auto table cols=3"
      RenderTable {TABLE} at (0,386) size 221x31 [border: (1px outset #808080)]
        RenderTableSection {TBODY} at (1,1) size 219x29
          RenderTableRow {TR} at (0,2) size 219x25
            RenderTableCell {TD} at (2,2) size 35x25 [border: (1px inset #808080)] [r=0 c=0 rs=1 cs=1]
              RenderText {#text} at (2,2) size 31x21
                text run at (2,2) width 31: "auto"
            RenderTableCell {TD} at (39,2) size 71x25 [border: (1px inset #808080)] [r=0 c=1 rs=1 cs=1]
              RenderText {#text} at (2,2) size 67x21
                text run at (2,2) width 67: "auto-auto"
            RenderTableCell {TD} at (112,2) size 105x25 [border: (1px inset #808080)] [r=0 c=2 rs=1 cs=1]
              RenderText {#text} at (2,2) size 101x21
                text run at (2,2) width 101: "auto auto auto"
      RenderBlock (anonymous) at (0,417) size 768x42
        RenderBR {BR} at (0,0) size 0x21
        RenderText {#text} at (0,21) size 124x21
          text run at (0,21) width 124: "fixed table cols=3"
      RenderTable {TABLE} at (0,459) size 400x31 [border: (1px outset #808080)]
        RenderTableSection {TBODY} at (1,1) size 398x29
          RenderTableRow {TR} at (0,2) size 398x25
            RenderTableCell {TD} at (2,2) size 64x25 [border: (1px inset #808080)] [r=0 c=0 rs=1 cs=1]
              RenderText {#text} at (2,2) size 31x21
                text run at (2,2) width 31: "auto"
            RenderTableCell {TD} at (68,2) size 131x25 [border: (1px inset #808080)] [r=0 c=1 rs=1 cs=1]
              RenderText {#text} at (2,2) size 67x21
                text run at (2,2) width 67: "auto-auto"
            RenderTableCell {TD} at (201,2) size 195x25 [border: (1px inset #808080)] [r=0 c=2 rs=1 cs=1]
              RenderText {#text} at (2,2) size 101x21
                text run at (2,2) width 101: "auto auto auto"
      RenderBlock (anonymous) at (0,490) size 768x42
        RenderBR {BR} at (0,0) size 0x21
        RenderText {#text} at (0,21) size 121x21
          text run at (0,21) width 121: "auto table cols=3"
      RenderTable {TABLE} at (0,532) size 390x31 [border: (1px outset #808080)]
        RenderTableSection {TBODY} at (1,1) size 388x29
          RenderTableRow {TR} at (0,2) size 388x25
            RenderTableCell {TD} at (2,2) size 204x25 [border: (1px inset #808080)] [r=0 c=0 rs=1 cs=1]
              RenderText {#text} at (2,2) size 27x21
                text run at (2,2) width 27: "200"
            RenderTableCell {TD} at (208,2) size 71x25 [border: (1px inset #808080)] [r=0 c=1 rs=1 cs=1]
              RenderText {#text} at (2,2) size 67x21
                text run at (2,2) width 67: "auto-auto"
            RenderTableCell {TD} at (281,2) size 105x25 [border: (1px inset #808080)] [r=0 c=2 rs=1 cs=1]
              RenderText {#text} at (2,2) size 101x21
                text run at (2,2) width 101: "auto auto auto"
      RenderBlock (anonymous) at (0,563) size 768x42
        RenderBR {BR} at (0,0) size 0x21
        RenderText {#text} at (0,21) size 124x21
          text run at (0,21) width 124: "fixed table cols=3"
      RenderTable {TABLE} at (0,605) size 400x31 [border: (1px outset #808080)]
        RenderTableSection {TBODY} at (1,1) size 398x29
          RenderTableRow {TR} at (0,2) size 398x25
            RenderTableCell {TD} at (2,2) size 204x25 [border: (1px inset #808080)] [r=0 c=0 rs=1 cs=1]
              RenderText {#text} at (2,2) size 27x21
                text run at (2,2) width 27: "200"
            RenderTableCell {TD} at (208,2) size 75x25 [border: (1px inset #808080)] [r=0 c=1 rs=1 cs=1]
              RenderText {#text} at (2,2) size 67x21
                text run at (2,2) width 67: "auto-auto"
            RenderTableCell {TD} at (285,2) size 111x25 [border: (1px inset #808080)] [r=0 c=2 rs=1 cs=1]
              RenderText {#text} at (2,2) size 101x21
                text run at (2,2) width 101: "auto auto auto"
      RenderBlock (anonymous) at (0,636) size 768x42
        RenderBR {BR} at (0,0) size 0x21
        RenderText {#text} at (0,21) size 121x21
          text run at (0,21) width 121: "auto table cols=2"
      RenderTable {TABLE} at (0,678) size 320x31 [border: (1px outset #808080)]
        RenderTableSection {TBODY} at (1,1) size 318x29
          RenderTableRow {TR} at (0,2) size 318x25
            RenderTableCell {TD} at (2,2) size 35x25 [border: (1px inset #808080)] [r=0 c=0 rs=1 cs=1]
              RenderText {#text} at (2,2) size 31x21
                text run at (2,2) width 31: "auto"
            RenderTableCell {TD} at (39,2) size 71x25 [border: (1px inset #808080)] [r=0 c=1 rs=1 cs=1]
              RenderText {#text} at (2,2) size 67x21
                text run at (2,2) width 67: "auto-auto"
            RenderTableCell {TD} at (112,2) size 204x25 [border: (1px inset #808080)] [r=0 c=2 rs=1 cs=1]
              RenderText {#text} at (2,2) size 27x21
                text run at (2,2) width 27: "200"
      RenderBlock (anonymous) at (0,709) size 768x42
        RenderBR {BR} at (0,0) size 0x21
        RenderText {#text} at (0,21) size 124x21
          text run at (0,21) width 124: "fixed table cols=2"
      RenderTable {TABLE} at (0,751) size 400x31 [border: (1px outset #808080)]
        RenderTableSection {TBODY} at (1,1) size 398x29
          RenderTableRow {TR} at (0,2) size 398x25
            RenderTableCell {TD} at (2,2) size 61x25 [border: (1px inset #808080)] [r=0 c=0 rs=1 cs=1]
              RenderText {#text} at (2,2) size 31x21
                text run at (2,2) width 31: "auto"
            RenderTableCell {TD} at (65,2) size 125x25 [border: (1px inset #808080)] [r=0 c=1 rs=1 cs=1]
              RenderText {#text} at (2,2) size 67x21
                text run at (2,2) width 67: "auto-auto"
            RenderTableCell {TD} at (192,2) size 204x25 [border: (1px inset #808080)] [r=0 c=2 rs=1 cs=1]
              RenderText {#text} at (2,2) size 27x21
                text run at (2,2) width 27: "200"
      RenderBlock (anonymous) at (0,782) size 768x21
        RenderText {#text} at (0,0) size 70x21
          text run at (0,0) width 70: "auto table"
      RenderTable {TABLE} at (0,803) size 95x31 [border: (1px outset #808080)]
        RenderTableSection {TBODY} at (1,1) size 93x29
          RenderTableRow {TR} at (0,2) size 93x25
            RenderTableCell {TD} at (2,2) size 52x25 [border: (1px inset #808080)] [r=0 c=0 rs=1 cs=1]
              RenderText {#text} at (2,2) size 48x21
                text run at (2,2) width 48: "0 0 0 0"
            RenderTableCell {TD} at (56,2) size 35x25 [border: (1px inset #808080)] [r=0 c=1 rs=1 cs=1]
              RenderText {#text} at (2,2) size 31x21
                text run at (2,2) width 31: "auto"
      RenderBlock (anonymous) at (0,834) size 768x42
        RenderBR {BR} at (0,0) size 0x21
        RenderText {#text} at (0,21) size 70x21
          text run at (0,21) width 70: "auto table"
      RenderTable {TABLE} at (0,876) size 151x31 [border: (1px outset #808080)]
        RenderTableSection {TBODY} at (1,1) size 149x29
          RenderTableRow {TR} at (0,2) size 149x25
            RenderTableCell {TD} at (2,2) size 108x25 [border: (1px inset #808080)] [r=0 c=0 rs=1 cs=1]
              RenderText {#text} at (2,2) size 104x21
                text run at (2,2) width 104: "0% 0% 0% 0%"
            RenderTableCell {TD} at (112,2) size 35x25 [border: (1px inset #808080)] [r=0 c=1 rs=1 cs=1]
              RenderText {#text} at (2,2) size 31x21
                text run at (2,2) width 31: "auto"
      RenderBlock (anonymous) at (0,907) size 768x42
        RenderBR {BR} at (0,0) size 0x21
        RenderText {#text} at (0,21) size 70x21
          text run at (0,21) width 70: "auto table"
      RenderTable {TABLE} at (0,949) size 87x31 [border: (1px outset #808080)]
        RenderTableCol {COLGROUP} at (0,0) size 0x0
          RenderTableCol {COL} at (0,0) size 0x0
        RenderTableSection {TBODY} at (1,1) size 85x29
          RenderTableRow {TR} at (0,2) size 85x25
            RenderTableCell {TD} at (2,2) size 44x25 [border: (1px inset #808080)] [r=0 c=0 rs=1 cs=1]
              RenderText {#text} at (2,2) size 40x21
                text run at (2,2) width 40: "0* col"
            RenderTableCell {TD} at (48,2) size 35x25 [border: (1px inset #808080)] [r=0 c=1 rs=1 cs=1]
              RenderText {#text} at (2,2) size 31x21
                text run at (2,2) width 31: "auto"
      RenderBlock (anonymous) at (0,980) size 768x42
        RenderBR {BR} at (0,0) size 0x21
        RenderText {#text} at (0,21) size 73x21
          text run at (0,21) width 73: "fixed table"
      RenderTable {TABLE} at (0,1022) size 200x31 [border: (1px outset #808080)]
        RenderTableCol {COLGROUP} at (0,0) size 0x0
          RenderTableCol {COL} at (0,0) size 0x0
        RenderTableSection {TBODY} at (1,1) size 198x29
          RenderTableRow {TR} at (0,2) size 198x25
            RenderTableCell {TD} at (2,2) size 106x25 [border: (1px inset #808080)] [r=0 c=0 rs=1 cs=1]
              RenderText {#text} at (2,2) size 40x21
                text run at (2,2) width 40: "0* col"
            RenderTableCell {TD} at (110,2) size 86x25 [border: (1px inset #808080)] [r=0 c=1 rs=1 cs=1]
              RenderText {#text} at (2,2) size 31x21
                text run at (2,2) width 31: "auto"
