layer at (0,0) size 800x630
  RenderView at (0,0) size 800x600
layer at (0,0) size 800x630
  RenderBlock {html} at (0,0) size 800x631
    RenderBody {body} at (8,8) size 784x600
      RenderBlock (anonymous) at (0,0) size 784x54
        RenderText {#text} at (0,0) size 756x53
          text run at (0,0) width 357: "The two blocks should look identical. "
          text run at (357,0) width 399: "One uses an SVG, and the other just uses a"
          text run at (0,27) width 175: "normal HTML div."
      RenderBlock {p} at (0,77) size 784x28
        RenderText {#text} at (0,0) size 524x26
          text run at (0,0) width 524: "There should be a red, white and blue pattern below this"
      RenderSVGRoot {svg} at (18,145) size 140x141
        RenderSVGRect {rect} at (38,165) size 100x101 [fill={[type=SOLID] [color=#0000FF]}] [x=0.00] [y=0.00] [width=100.00] [height=100.00]
      RenderBlock {p} at (0,287) size 784x28
        RenderText {#text} at (0,0) size 523x26
          text run at (0,0) width 523: "There should be a red, white and blue pattern above this"
      RenderBlock {hr} at (0,337) size 784x3 [border: (1px inset #000000)]
      RenderBlock {p} at (0,362) size 784x28
        RenderText {#text} at (0,0) size 524x26
          text run at (0,0) width 524: "There should be a red, white and blue pattern below this"
      RenderBlock (floating) {div} at (10,422) size 140x141 [border: (10px solid #FF0000)]
        RenderBlock {div} at (20,20) size 100x100 [bgcolor=#0000FF]
      RenderBlock {p} at (0,572) size 784x28
        RenderText {#text} at (0,0) size 523x26
          text run at (0,0) width 523: "There should be a red, white and blue pattern above this"
