layer at (0,0) size 800x600
  RenderView at (0,0) size 800x600
layer at (0,0) size 800x600
  RenderSVGRoot {svg} at (0,0) size 300x100
    RenderSVGForeignObject {foreignObject} at (0,0) size 300x100
      RenderBlock {html} at (0,0) size 300x642
        RenderBlock {p} at (0,0) size 300x21
          RenderText {#text} at (0,0) size 230x21
            text run at (0,0) width 230: "Test from HTML in foreignObject"
        RenderBlock (anonymous) at (0,37) size 300x605
          RenderSVGRoot {svg} at (0,37) size 285x55
            RenderSVGRect {rect} at (0,37) size 20x20 [fill={[type=SOLID] [color=#008000]}] [x=0.00] [y=0.00] [width=20.00] [height=20.00]
            RenderSVGText {text} at (0,34) size 285x21 contains 1 chunk(s)
              RenderSVGInlineText {#text} at (0,0) size 285x21
                chunk 1 text run 1 at (0.00,50.00) startOffset 0 endOffset 38 width 285.00: "Test from SVG in HTML in foreignObject"
          RenderText {#text} at (0,0) size 0x0
