layer at (0,0) size 800x600
  RenderView at (0,0) size 800x600
layer at (0,0) size 800x585
  RenderBlock {HTML} at (0,0) size 800x585
    RenderBody {BODY} at (8,21) size 784x556
      RenderBlock {P} at (0,0) size 784x24
        RenderText {#text} at (0,0) size 134x23
          text run at (0,0) width 134: "Simple text path"
      RenderBlock (anonymous) at (0,45) size 784x216
        RenderBlock {SPAN} at (0,-1) size 24x210
          RenderText {#text} at (0,0) size 23x210
            text run at (0,0) width 210: "string\x{300C}\x{3042}\x{3001}\x{5909}\x{3063}\x{FF01}\x{300D}\x{3002}"
        RenderText {#text} at (0,0) size 0x0
      RenderBlock {HR} at (0,270) size 784x3 [border: (1px inset #000000)]
      RenderBlock {P} at (0,294) size 784x25
        RenderText {#text} at (0,0) size 152x23
          text run at (0,0) width 152: "Complex text path"
      RenderBlock (anonymous) at (0,339) size 784x217
        RenderBlock {SPAN} at (0,0) size 24x210
          RenderText {#text} at (0,0) size 23x210
            text run at (0,0) width 210: "string\x{300C}\x{3042}\x{3001}\x{5909}\x{3063}\x{FF01}\x{300D}\x{3002}"
        RenderText {#text} at (0,0) size 0x0
