layer at (0,0) size 800x2362
  RenderView at (0,0) size 800x600
layer at (0,0) size 800x2362
  RenderBlock {HTML} at (0,0) size 800x2362
    RenderBody {BODY} at (8,8) size 784x2346 [bgcolor=#19BCD2]
      RenderTable {TABLE} at (0,0) size 784x199 [bgcolor=#FFA500] [border: (1px outset #808080)]
        RenderTableSection {TBODY} at (1,1) size 782x197
          RenderTableRow {TR} at (0,0) size 782x158
            RenderTableCell {TD} at (0,0) size 782x22 [border: (1px inset #808080)] [r=0 c=0 rs=1 cs=1]
              RenderText {#text} at (1,1) size 154x19
                text run at (1,1) width 154: "80% of table 200px table"
          RenderTableRow {TR} at (0,158) size 782x39
            RenderTableCell {TD} at (0,158) size 782x22 [border: (1px inset #808080)] [r=1 c=0 rs=1 cs=1]
              RenderText {#text} at (1,1) size 154x19
                text run at (1,1) width 154: "20% of table 200px table"
      RenderBlock (anonymous) at (0,199) size 784x20
        RenderBR {BR} at (0,0) size 0x19
      RenderTable {TABLE} at (0,219) size 784x46 [bgcolor=#FFA500] [border: (1px outset #808080)]
        RenderTableSection {TBODY} at (1,1) size 782x44
          RenderTableRow {TR} at (0,0) size 782x22
            RenderTableCell {TD} at (0,0) size 782x22 [border: (1px inset #808080)] [r=0 c=0 rs=1 cs=1]
              RenderText {#text} at (1,1) size 127x19
                text run at (1,1) width 127: "80% of 200px tbody"
          RenderTableRow {TR} at (0,22) size 782x22
            RenderTableCell {TD} at (0,22) size 782x22 [border: (1px inset #808080)] [r=1 c=0 rs=1 cs=1]
              RenderText {#text} at (1,1) size 127x19
                text run at (1,1) width 127: "20% of 200px tbody"
      RenderBlock (anonymous) at (0,265) size 784x20
        RenderBR {BR} at (0,0) size 0x19
      RenderTable {TABLE} at (0,285) size 784x46 [bgcolor=#FFA500] [border: (1px outset #808080)]
        RenderTableSection {TBODY} at (1,1) size 782x44
          RenderTableRow {TR} at (0,0) size 782x22
            RenderTableCell {TD} at (0,0) size 782x22 [border: (1px inset #808080)] [r=0 c=0 rs=1 cs=1]
              RenderText {#text} at (1,1) size 127x19
                text run at (1,1) width 127: "80% of 200px tbody"
          RenderTableRow {TR} at (0,22) size 782x22
            RenderTableCell {TD} at (0,22) size 782x22 [border: (1px inset #808080)] [r=1 c=0 rs=1 cs=1]
              RenderText {#text} at (1,1) size 127x19
                text run at (1,1) width 127: "20% of 200px tbody"
      RenderBlock (anonymous) at (0,331) size 784x20
        RenderBR {BR} at (0,0) size 0x19
      RenderTable {TABLE} at (0,351) size 784x199 [bgcolor=#FFA500] [border: (1px outset #808080)]
        RenderTableSection {TBODY} at (1,1) size 782x197
          RenderTableRow {TR} at (0,0) size 782x158
            RenderTableCell {TD} at (0,0) size 782x22 [border: (1px inset #808080)] [r=0 c=0 rs=1 cs=1]
              RenderText {#text} at (1,1) size 149x19
                text run at (1,1) width 149: "row 80% of 200px table"
          RenderTableRow {TR} at (0,158) size 782x39
            RenderTableCell {TD} at (0,158) size 782x22 [border: (1px inset #808080)] [r=1 c=0 rs=1 cs=1]
              RenderText {#text} at (1,1) size 149x19
                text run at (1,1) width 149: "row 20% of 200px table"
      RenderBlock (anonymous) at (0,550) size 784x20
        RenderBR {BR} at (0,0) size 0x19
      RenderTable {TABLE} at (0,570) size 784x46 [bgcolor=#FFA500] [border: (1px outset #808080)]
        RenderTableSection {TBODY} at (1,1) size 782x44
          RenderTableRow {TR} at (0,0) size 782x22
            RenderTableCell {TD} at (0,0) size 782x22 [border: (1px inset #808080)] [r=0 c=0 rs=1 cs=1]
              RenderText {#text} at (1,1) size 155x19
                text run at (1,1) width 155: "row 80% of 200px tbody"
          RenderTableRow {TR} at (0,22) size 782x22
            RenderTableCell {TD} at (0,22) size 782x22 [border: (1px inset #808080)] [r=1 c=0 rs=1 cs=1]
              RenderText {#text} at (1,1) size 155x19
                text run at (1,1) width 155: "row 20% of 200px tbody"
      RenderBlock (anonymous) at (0,616) size 784x20
        RenderBR {BR} at (0,0) size 0x19
      RenderTable {TABLE} at (0,636) size 784x404 [bgcolor=#FFA500] [border: (1px outset #808080)]
        RenderTableSection {TBODY} at (1,1) size 782x402
          RenderTableRow {TR} at (0,0) size 782x402
            RenderTableCell {TD} at (0,0) size 782x402 [border: (1px inset #808080)] [r=0 c=0 rs=1 cs=1]
              RenderTable {TABLE} at (1,1) size 780x100 [bgcolor=#FFFF00]
                RenderTableSection {TBODY} at (0,0) size 780x100
                  RenderTableRow {TR} at (0,0) size 780x100
                    RenderTableCell {TD} at (0,40) size 780x20 [r=0 c=0 rs=1 cs=1]
                      RenderText {#text} at (0,0) size 11x19
                        text run at (0,0) width 11: " x"
              RenderTable {TABLE} at (1,101) size 780x300
                RenderTableSection {TBODY} at (0,0) size 780x300
                  RenderTableRow {TR} at (0,0) size 780x300
                    RenderTableCell {TD} at (0,0) size 780x300 [bgcolor=#E0FFFF] [r=0 c=0 rs=1 cs=1]
                      RenderText {#text} at (0,0) size 99x20
                        text run at (0,0) width 71: "yuiyututuyu "
                        text run at (71,0) width 28: "fesfe"
                      RenderBR {BR} at (99,15) size 0x0
                      RenderText {#text} at (0,20) size 4x20
                        text run at (0,20) width 4: " "
                      RenderBR {BR} at (4,35) size 0x0
                      RenderText {#text} at (0,40) size 4x20
                        text run at (0,40) width 4: " "
                      RenderBR {BR} at (4,55) size 0x0
                      RenderText {#text} at (0,60) size 4x20
                        text run at (0,60) width 4: " "
                      RenderBR {BR} at (4,75) size 0x0
                      RenderText {#text} at (0,80) size 4x20
                        text run at (0,80) width 4: " "
                      RenderBR {BR} at (4,95) size 0x0
                      RenderText {#text} at (0,100) size 4x20
                        text run at (0,100) width 4: " "
                      RenderBR {BR} at (4,115) size 0x0
                      RenderText {#text} at (0,120) size 4x20
                        text run at (0,120) width 4: " "
                      RenderBR {BR} at (4,135) size 0x0
                      RenderText {#text} at (0,140) size 4x20
                        text run at (0,140) width 4: " "
                      RenderBR {BR} at (4,155) size 0x0
                      RenderText {#text} at (0,160) size 4x20
                        text run at (0,160) width 4: " "
                      RenderBR {BR} at (4,175) size 0x0
                      RenderText {#text} at (0,180) size 4x20
                        text run at (0,180) width 4: " "
                      RenderBR {BR} at (4,195) size 0x0
                      RenderText {#text} at (0,200) size 4x20
                        text run at (0,200) width 4: " "
                      RenderBR {BR} at (4,215) size 0x0
                      RenderText {#text} at (0,220) size 4x20
                        text run at (0,220) width 4: " "
                      RenderBR {BR} at (4,235) size 0x0
                      RenderText {#text} at (0,240) size 4x20
                        text run at (0,240) width 4: " "
                      RenderBR {BR} at (4,255) size 0x0
                      RenderText {#text} at (0,260) size 4x20
                        text run at (0,260) width 4: " "
                      RenderBR {BR} at (4,275) size 0x0
                      RenderText {#text} at (0,280) size 4x19
                        text run at (0,280) width 4: " "
      RenderBlock (anonymous) at (0,1040) size 784x20
        RenderBR {BR} at (0,0) size 0x19
      RenderTable {TABLE} at (0,1060) size 600x400 [border: (1px outset #808080)]
        RenderTableSection {TBODY} at (1,1) size 598x398
          RenderTableRow {TR} at (0,2) size 598x394
            RenderTableCell {TD} at (2,2) size 594x394 [border: (1px inset #808080)] [r=0 c=0 rs=1 cs=1]
              RenderTable {TABLE} at (2,2) size 590x390 [border: (1px outset #808080)]
                RenderTableSection {TBODY} at (1,1) size 588x388
                  RenderTableRow {TR} at (0,2) size 588x384
                    RenderTableCell {TD} at (2,2) size 584x384 [border: (1px inset #808080)] [r=0 c=0 rs=1 cs=1]
                      RenderTable {TABLE} at (2,2) size 580x380 [border: (1px outset #808080)]
                        RenderTableSection {TBODY} at (1,1) size 578x378
                          RenderTableRow {TR} at (0,2) size 578x374
                            RenderTableCell {TD} at (2,177) size 574x24 [border: (1px inset #808080)] [r=0 c=0 rs=1 cs=1]
                              RenderText {#text} at (2,2) size 20x19
                                text run at (2,2) width 20: "foo"
      RenderBlock (anonymous) at (0,1460) size 784x20
        RenderBR {BR} at (0,0) size 0x19
      RenderTable {TABLE} at (0,1480) size 58x24 [border: (1px outset #808080)]
        RenderTableSection {TBODY} at (1,1) size 56x22
          RenderTableRow {TR} at (0,0) size 56x0
            RenderTableCell {TD} at (0,0) size 56x22 [border: (1px inset #808080)] [r=0 c=0 rs=2 cs=1]
              RenderText {#text} at (1,1) size 54x19
                text run at (1,1) width 54: "blah blah"
          RenderTableRow {TR} at (0,0) size 56x22
      RenderBlock (anonymous) at (0,1504) size 784x20
        RenderBR {BR} at (0,0) size 0x19
      RenderTable {TABLE} at (0,1524) size 602x364 [border: (1px outset #808080)]
        RenderTableSection {TBODY} at (1,1) size 600x362
          RenderTableRow {TR} at (0,0) size 600x0
            RenderTableCell {TD} at (0,0) size 512x362 [bgcolor=#FFFFFF] [border: (1px inset #808080)] [r=0 c=0 rs=2 cs=2]
              RenderImage {IMG} at (1,1) size 132x360
          RenderTableRow {TR} at (0,0) size 600x362
            RenderTableCell {TD} at (512,170) size 88x22 [border: (1px inset #808080)] [r=1 c=2 rs=1 cs=6]
              RenderText {#text} at (66,1) size 21x19
                text run at (66,1) width 21: "xxx"
      RenderBlock (anonymous) at (0,1888) size 784x20
        RenderBR {BR} at (0,0) size 0x19
      RenderTable {TABLE} at (18,1908) size 748x438 [bgcolor=#808080]
        RenderTableSection {TBODY} at (0,0) size 748x438
          RenderTableRow {TR} at (0,4) size 748x430
            RenderTableCell {TD} at (4,4) size 740x430 [r=0 c=0 rs=1 cs=1]
              RenderTable {TABLE} at (3,3) size 734x424 [bgcolor=#FFA500] [border: (1px outset #808080)]
                RenderTableSection {TBODY} at (1,1) size 732x422
                  RenderTableRow {TR} at (0,0) size 732x422
                    RenderTableCell {TD} at (0,0) size 732x422 [border: (1px inset #808080)] [r=0 c=0 rs=1 cs=1]
                      RenderBlock (anonymous) at (1,1) size 730x20
                        RenderText {#text} at (0,0) size 7x19
                          text run at (0,0) width 7: "x"
                      RenderTable {TABLE} at (1,21) size 730x100 [bgcolor=#FFFF00]
                        RenderTableSection {TBODY} at (0,0) size 730x100
                          RenderTableRow {TR} at (0,0) size 730x100
                            RenderTableCell {TD} at (0,40) size 730x20 [r=0 c=0 rs=1 cs=1]
                              RenderText {#text} at (0,0) size 4x19
                                text run at (0,0) width 4: " "
                      RenderTable {TABLE} at (1,121) size 730x300
                        RenderTableSection {TBODY} at (0,0) size 730x300
                          RenderTableRow {TR} at (0,0) size 730x300
                            RenderTableCell {TD} at (0,0) size 730x300 [bgcolor=#E0FFFF] [r=0 c=0 rs=1 cs=1]
                              RenderText {#text} at (0,0) size 103x20
                                text run at (0,0) width 71: "yuiyututuyu "
                                text run at (71,0) width 32: "fesf e"
                              RenderBR {BR} at (103,15) size 0x0
                              RenderText {#text} at (0,20) size 4x20
                                text run at (0,20) width 4: " "
                              RenderBR {BR} at (4,35) size 0x0
                              RenderText {#text} at (0,40) size 4x20
                                text run at (0,40) width 4: " "
                              RenderBR {BR} at (4,55) size 0x0
                              RenderText {#text} at (0,60) size 4x20
                                text run at (0,60) width 4: " "
                              RenderBR {BR} at (4,75) size 0x0
                              RenderText {#text} at (0,80) size 4x20
                                text run at (0,80) width 4: " "
                              RenderBR {BR} at (4,95) size 0x0
                              RenderText {#text} at (0,100) size 4x20
                                text run at (0,100) width 4: " "
                              RenderBR {BR} at (4,115) size 0x0
                              RenderText {#text} at (0,120) size 4x20
                                text run at (0,120) width 4: " "
                              RenderBR {BR} at (4,135) size 0x0
                              RenderText {#text} at (0,140) size 4x20
                                text run at (0,140) width 4: " "
                              RenderBR {BR} at (4,155) size 0x0
                              RenderText {#text} at (0,160) size 4x20
                                text run at (0,160) width 4: " "
                              RenderBR {BR} at (4,175) size 0x0
                              RenderText {#text} at (0,180) size 4x20
                                text run at (0,180) width 4: " "
                              RenderBR {BR} at (4,195) size 0x0
                              RenderText {#text} at (0,200) size 4x20
                                text run at (0,200) width 4: " "
                              RenderBR {BR} at (4,215) size 0x0
                              RenderText {#text} at (0,220) size 4x20
                                text run at (0,220) width 4: " "
                              RenderBR {BR} at (4,235) size 0x0
                              RenderText {#text} at (0,240) size 4x20
                                text run at (0,240) width 4: " "
                              RenderBR {BR} at (4,255) size 0x0
                              RenderText {#text} at (0,260) size 4x20
                                text run at (0,260) width 4: " "
                              RenderBR {BR} at (4,275) size 0x0
                              RenderText {#text} at (0,280) size 4x19
                                text run at (0,280) width 4: " "
