layer at (0,0) size 784x683
  RenderView at (0,0) size 784x600
layer at (0,0) size 784x683
  RenderBlock {HTML} at (0,0) size 784x683
    RenderBody {BODY} at (8,8) size 768x667 [bgcolor=#CCCCCC]
      RenderBlock {P} at (0,0) size 768x18
        RenderText {#text} at (0,0) size 363x17
          text run at (0,0) width 363: "The style declarations which apply to the text below are:"
      RenderBlock {PRE} at (0,34) size 768x90
        RenderText {#text} at (0,0) size 196x90
          text run at (0,0) width 133: "A {color: green;}"
          text run at (132,0) width 1: " "
          text run at (0,15) width 180: "A:link {color: purple;}"
          text run at (179,15) width 1: " "
          text run at (0,30) width 188: "A:visited {color: lime;}"
          text run at (187,30) width 1: " "
          text run at (0,45) width 196: "A:active {color: maroon;}"
          text run at (195,45) width 1: " "
          text run at (0,60) width 172: "#one {color: #006600;}"
          text run at (171,60) width 1: " "
          text run at (0,75) width 0: " "
      RenderBlock {HR} at (0,137) size 768x2 [border: (1px inset #000000)]
      RenderBlock {P} at (0,155) size 768x18
        RenderText {#text} at (0,0) size 508x17
          text run at (0,0) width 508: "The following anchors should appear as described; none of them should be red."
      RenderBlock {UL} at (0,189) size 768x144
        RenderListItem {LI} at (40,0) size 728x108
          RenderBlock (anonymous) at (0,0) size 728x18
            RenderListMarker at (-17,0) size 7x17: bullet
            RenderText {#text} at (0,0) size 583x17
              text run at (0,0) width 583: "Purple unvisited, lime (light green) visited, maroon (dark red) while active (being clicked):"
          RenderBlock {UL} at (0,18) size 728x90
            RenderListItem {LI} at (40,0) size 688x18
              RenderListMarker at (-17,0) size 7x17: white bullet
              RenderInline {A} at (0,0) size 112x17 [color=#800080]
                RenderText {#text} at (0,0) size 112x17
                  text run at (0,0) width 112: "W3C Web server"
              RenderText {#text} at (0,0) size 0x0
            RenderListItem {LI} at (40,18) size 688x18
              RenderListMarker at (-17,0) size 7x17: white bullet
              RenderInline {A} at (0,0) size 113x17 [color=#800080]
                RenderText {#text} at (0,0) size 113x17
                  text run at (0,0) width 113: "NIST Web server"
              RenderText {#text} at (0,0) size 0x0
            RenderListItem {LI} at (40,36) size 688x18
              RenderListMarker at (-17,0) size 7x17: white bullet
              RenderInline {A} at (0,0) size 126x17 [color=#800080]
                RenderText {#text} at (0,0) size 126x17
                  text run at (0,0) width 126: "CWRU Web server"
              RenderText {#text} at (0,0) size 0x0
            RenderListItem {LI} at (40,54) size 688x18
              RenderListMarker at (-17,0) size 7x17: white bullet
              RenderInline {A} at (0,0) size 48x17 [color=#800080]
                RenderText {#text} at (0,0) size 48x17
                  text run at (0,0) width 48: "Yahoo!"
              RenderText {#text} at (0,0) size 0x0
            RenderListItem {LI} at (40,72) size 688x18
              RenderListMarker at (-17,0) size 7x17: white bullet
              RenderInline {A} at (0,0) size 58x17 [color=#800080]
                RenderText {#text} at (0,0) size 58x17
                  text run at (0,0) width 58: "Erewhon"
              RenderText {#text} at (57,0) size 225x17
                text run at (57,0) width 225: " (don't click on it, it goes nowhere)"
        RenderListItem {LI} at (40,108) size 728x36
          RenderBlock (anonymous) at (0,0) size 728x18
            RenderListMarker at (-17,0) size 7x17: bullet
            RenderText {#text} at (0,0) size 208x17
              text run at (0,0) width 208: "Dark green in any circumstance:"
          RenderBlock {UL} at (0,18) size 728x18
            RenderListItem {LI} at (40,0) size 688x18
              RenderListMarker at (-17,0) size 7x17: white bullet
              RenderInline {A} at (0,0) size 126x17 [color=#006600]
                RenderText {#text} at (0,0) size 126x17
                  text run at (0,0) width 126: "CWRU Web server"
              RenderText {#text} at (0,0) size 0x0
      RenderBlock {P} at (0,349) size 768x36
        RenderText {#text} at (0,0) size 120x17
          text run at (0,0) width 120: "The quoted word \""
        RenderInline {A} at (0,0) size 45x17 [color=#008000]
          RenderText {#text} at (119,0) size 45x17
            text run at (119,0) width 45: "anchor"
        RenderText {#text} at (163,0) size 741x35
          text run at (163,0) width 382: "\" should be green, NOT purple, since it's part of an anchor. "
          text run at (544,0) width 197: "It's a named anchor, and styles"
          text run at (0,18) width 356: "declared for the A tag are applied to them under CSS1. "
          text run at (355,18) width 330: "It also should NOT turn orange when clicked upon."
      RenderTable {TABLE} at (0,401) size 768x266 [border: (1px outset #808080)]
        RenderTableSection {TBODY} at (1,1) size 766x264
          RenderTableRow {TR} at (0,0) size 766x26
            RenderTableCell {TD} at (0,0) size 766x26 [bgcolor=#C0C0C0] [border: (1px inset #808080)] [r=0 c=0 rs=1 cs=2]
              RenderInline {STRONG} at (0,0) size 163x17
                RenderText {#text} at (4,4) size 163x17
                  text run at (4,4) width 163: "TABLE Testing Section"
          RenderTableRow {TR} at (0,26) size 766x238
            RenderTableCell {TD} at (0,132) size 12x26 [bgcolor=#C0C0C0] [border: (1px inset #808080)] [r=1 c=0 rs=1 cs=1]
              RenderText {#text} at (4,4) size 4x17
                text run at (4,4) width 4: " "
            RenderTableCell {TD} at (12,26) size 754x238 [border: (1px inset #808080)] [r=1 c=1 rs=1 cs=1]
              RenderBlock {P} at (4,4) size 746x18
                RenderText {#text} at (0,0) size 508x17
                  text run at (0,0) width 508: "The following anchors should appear as described; none of them should be red."
              RenderBlock {UL} at (4,38) size 746x144
                RenderListItem {LI} at (40,0) size 706x108
                  RenderBlock (anonymous) at (0,0) size 706x18
                    RenderListMarker at (-17,0) size 7x17: bullet
                    RenderText {#text} at (0,0) size 583x17
                      text run at (0,0) width 583: "Purple unvisited, lime (light green) visited, maroon (dark red) while active (being clicked):"
                  RenderBlock {UL} at (0,18) size 706x90
                    RenderListItem {LI} at (40,0) size 666x18
                      RenderListMarker at (-17,0) size 7x17: white bullet
                      RenderInline {A} at (0,0) size 112x17 [color=#800080]
                        RenderText {#text} at (0,0) size 112x17
                          text run at (0,0) width 112: "W3C Web server"
                      RenderText {#text} at (0,0) size 0x0
                    RenderListItem {LI} at (40,18) size 666x18
                      RenderListMarker at (-17,0) size 7x17: white bullet
                      RenderInline {A} at (0,0) size 113x17 [color=#800080]
                        RenderText {#text} at (0,0) size 113x17
                          text run at (0,0) width 113: "NIST Web server"
                      RenderText {#text} at (0,0) size 0x0
                    RenderListItem {LI} at (40,36) size 666x18
                      RenderListMarker at (-17,0) size 7x17: white bullet
                      RenderInline {A} at (0,0) size 126x17 [color=#800080]
                        RenderText {#text} at (0,0) size 126x17
                          text run at (0,0) width 126: "CWRU Web server"
                      RenderText {#text} at (0,0) size 0x0
                    RenderListItem {LI} at (40,54) size 666x18
                      RenderListMarker at (-17,0) size 7x17: white bullet
                      RenderInline {A} at (0,0) size 48x17 [color=#800080]
                        RenderText {#text} at (0,0) size 48x17
                          text run at (0,0) width 48: "Yahoo!"
                      RenderText {#text} at (0,0) size 0x0
                    RenderListItem {LI} at (40,72) size 666x18
                      RenderListMarker at (-17,0) size 7x17: white bullet
                      RenderInline {A} at (0,0) size 58x17 [color=#800080]
                        RenderText {#text} at (0,0) size 58x17
                          text run at (0,0) width 58: "Erewhon"
                      RenderText {#text} at (57,0) size 225x17
                        text run at (57,0) width 225: " (don't click on it, it goes nowhere)"
                RenderListItem {LI} at (40,108) size 706x36
                  RenderBlock (anonymous) at (0,0) size 706x18
                    RenderListMarker at (-17,0) size 7x17: bullet
                    RenderText {#text} at (0,0) size 208x17
                      text run at (0,0) width 208: "Dark green in any circumstance:"
                  RenderBlock {UL} at (0,18) size 706x18
                    RenderListItem {LI} at (40,0) size 666x18
                      RenderListMarker at (-17,0) size 7x17: white bullet
                      RenderInline {A} at (0,0) size 126x17 [color=#006600]
                        RenderText {#text} at (0,0) size 126x17
                          text run at (0,0) width 126: "CWRU Web server"
                      RenderText {#text} at (0,0) size 0x0
              RenderBlock {P} at (4,198) size 746x36
                RenderText {#text} at (0,0) size 120x17
                  text run at (0,0) width 120: "The quoted word \""
                RenderInline {A} at (0,0) size 45x17 [color=#008000]
                  RenderText {#text} at (119,0) size 45x17
                    text run at (119,0) width 45: "anchor"
                RenderText {#text} at (163,0) size 741x35
                  text run at (163,0) width 382: "\" should be green, NOT purple, since it's part of an anchor. "
                  text run at (544,0) width 197: "It's a named anchor, and styles"
                  text run at (0,18) width 356: "declared for the A tag are applied to them under CSS1. "
                  text run at (355,18) width 330: "It also should NOT turn orange when clicked upon."
