layer at (0,0) size 800x600
  RenderView at (0,0) size 800x600
layer at (0,0) size 800x600
  RenderBlock {HTML} at (0,0) size 800x600
    RenderBody {BODY} at (8,8) size 784x584
      RenderBlock {P} at (0,0) size 784x20
        RenderText {#text} at (0,0) size 235x19
          text run at (0,0) width 235: "Test appearances of outer-spin-button."
      RenderBlock {DIV} at (0,36) size 784x0
      RenderBlock {DIV} at (0,36) size 784x538
        RenderTable {TABLE} at (0,0) size 463x538
          RenderTableSection {TBODY} at (0,0) size 463x538
            RenderTableRow {TR} at (0,2) size 463x534
              RenderTableCell {TD} at (2,82) size 189x373 [r=0 c=0 rs=1 cs=1]
                RenderBlock {DIV} at (1,1) size 187x36
                  RenderTextControl {INPUT} at (0,4) size 104x16 [bgcolor=#FFFFFF] [border: (2px inset #000000)]
                  RenderText {#text} at (104,0) size 4x19
                    text run at (104,0) width 4: " "
                  RenderBR {BR} at (108,15) size 0x0
                  RenderTextControl {INPUT} at (0,20) size 104x16 [bgcolor=#FFFFFF] [border: (2px inset #000000)]
                    RenderDeprecatedFlexibleBox {DIV} at (2,3) size 100x10
                      RenderBlock {DIV} at (0,0) size 85x10
                RenderBlock {DIV} at (1,37) size 187x39
                  RenderTextControl {INPUT} at (0,3) size 106x18 [bgcolor=#FFFFFF] [border: (2px inset #000000)]
                  RenderText {#text} at (106,0) size 4x19
                    text run at (106,0) width 4: " "
                  RenderBR {BR} at (110,15) size 0x0
                  RenderTextControl {INPUT} at (0,21) size 106x18 [bgcolor=#FFFFFF] [border: (2px inset #000000)]
                    RenderDeprecatedFlexibleBox {DIV} at (2,3) size 102x12
                      RenderBlock {DIV} at (0,0) size 87x12
                RenderBlock {DIV} at (1,76) size 187x40
                  RenderTextControl {INPUT} at (0,2) size 109x19 [bgcolor=#FFFFFF] [border: (2px inset #000000)]
                  RenderText {#text} at (109,0) size 4x19
                    text run at (109,0) width 4: " "
                  RenderBR {BR} at (113,15) size 0x0
                  RenderTextControl {INPUT} at (0,21) size 109x19 [bgcolor=#FFFFFF] [border: (2px inset #000000)]
                    RenderDeprecatedFlexibleBox {DIV} at (2,3) size 105x13
                      RenderBlock {DIV} at (0,0) size 90x13
                RenderBlock {DIV} at (1,116) size 187x48
                  RenderTextControl {INPUT} at (2,2) size 131x20 [bgcolor=#FFFFFF] [border: (2px inset #000000)]
                  RenderText {#text} at (135,1) size 4x19
                    text run at (135,1) width 4: " "
                  RenderBR {BR} at (139,16) size 0x0
                  RenderTextControl {INPUT} at (2,26) size 131x20 [bgcolor=#FFFFFF] [border: (2px inset #000000)]
                    RenderDeprecatedFlexibleBox {DIV} at (2,3) size 127x14
                      RenderBlock {DIV} at (0,0) size 112x14
                RenderBlock {DIV} at (1,164) size 187x50
                  RenderTextControl {INPUT} at (2,2) size 133x21 [bgcolor=#FFFFFF] [border: (2px inset #000000)]
                  RenderText {#text} at (137,2) size 4x19
                    text run at (137,2) width 4: " "
                  RenderBR {BR} at (141,17) size 0x0
                  RenderTextControl {INPUT} at (2,27) size 133x21 [bgcolor=#FFFFFF] [border: (2px inset #000000)]
                    RenderDeprecatedFlexibleBox {DIV} at (2,3) size 129x15
                      RenderBlock {DIV} at (0,0) size 114x15
                RenderBlock {DIV} at (1,214) size 187x52
                  RenderTextControl {INPUT} at (2,2) size 155x22 [bgcolor=#FFFFFF] [border: (2px inset #000000)]
                  RenderText {#text} at (159,3) size 4x19
                    text run at (159,3) width 4: " "
                  RenderBR {BR} at (163,18) size 0x0
                  RenderTextControl {INPUT} at (2,28) size 155x22 [bgcolor=#FFFFFF] [border: (2px inset #000000)]
                    RenderDeprecatedFlexibleBox {DIV} at (2,3) size 151x16
                      RenderBlock {DIV} at (0,0) size 136x16
                RenderBlock {DIV} at (1,266) size 187x52
                  RenderTextControl {INPUT} at (2,2) size 158x22 [bgcolor=#FFFFFF] [border: (2px inset #000000)]
                  RenderText {#text} at (162,3) size 4x19
                    text run at (162,3) width 4: " "
                  RenderBR {BR} at (166,18) size 0x0
                  RenderTextControl {INPUT} at (2,28) size 158x22 [bgcolor=#FFFFFF] [border: (2px inset #000000)]
                    RenderDeprecatedFlexibleBox {DIV} at (2,3) size 154x16
                      RenderBlock {DIV} at (0,0) size 139x16
                RenderBlock {DIV} at (1,318) size 187x54
                  RenderTextControl {INPUT} at (2,2) size 179x23 [bgcolor=#FFFFFF] [border: (2px inset #000000)]
                  RenderText {#text} at (183,4) size 4x19
                    text run at (183,4) width 4: " "
                  RenderBR {BR} at (187,19) size 0x0
                  RenderTextControl {INPUT} at (2,29) size 179x23 [bgcolor=#FFFFFF] [border: (2px inset #000000)]
                    RenderDeprecatedFlexibleBox {DIV} at (2,3) size 175x17
                      RenderBlock {DIV} at (0,0) size 160x17
              RenderTableCell {TD} at (193,2) size 268x534 [r=0 c=1 rs=1 cs=1]
                RenderBlock {DIV} at (1,1) size 266x58
                  RenderTextControl {INPUT} at (2,2) size 182x25 [bgcolor=#FFFFFF] [border: (2px inset #000000)]
                  RenderText {#text} at (186,5) size 4x19
                    text run at (186,5) width 4: " "
                  RenderBR {BR} at (190,20) size 0x0
                  RenderTextControl {INPUT} at (2,31) size 182x25 [bgcolor=#FFFFFF] [border: (2px inset #000000)]
                    RenderDeprecatedFlexibleBox {DIV} at (2,3) size 178x19
                      RenderBlock {DIV} at (0,0) size 163x19
                RenderBlock {DIV} at (1,59) size 266x60
                  RenderTextControl {INPUT} at (2,2) size 204x26 [bgcolor=#FFFFFF] [border: (2px inset #000000)]
                  RenderText {#text} at (208,5) size 4x19
                    text run at (208,5) width 4: " "
                  RenderBR {BR} at (212,20) size 0x0
                  RenderTextControl {INPUT} at (2,32) size 204x26 [bgcolor=#FFFFFF] [border: (2px inset #000000)]
                    RenderDeprecatedFlexibleBox {DIV} at (2,3) size 200x20
                      RenderBlock {DIV} at (0,0) size 185x20
                RenderBlock {DIV} at (1,119) size 266x64
                  RenderTextControl {INPUT} at (2,2) size 206x28 [bgcolor=#FFFFFF] [border: (2px inset #000000)]
                  RenderText {#text} at (210,7) size 4x19
                    text run at (210,7) width 4: " "
                  RenderBR {BR} at (214,22) size 0x0
                  RenderTextControl {INPUT} at (2,34) size 206x28 [bgcolor=#FFFFFF] [border: (2px inset #000000)]
                    RenderDeprecatedFlexibleBox {DIV} at (2,3) size 202x22
                      RenderBlock {DIV} at (0,0) size 187x22
                RenderBlock {DIV} at (1,183) size 266x66
                  RenderTextControl {INPUT} at (2,2) size 209x29 [bgcolor=#FFFFFF] [border: (2px inset #000000)]
                  RenderText {#text} at (213,8) size 4x19
                    text run at (213,8) width 4: " "
                  RenderBR {BR} at (217,23) size 0x0
                  RenderTextControl {INPUT} at (2,35) size 209x29 [bgcolor=#FFFFFF] [border: (2px inset #000000)]
                    RenderDeprecatedFlexibleBox {DIV} at (2,3) size 205x23
                      RenderBlock {DIV} at (0,0) size 190x23
                RenderBlock {DIV} at (1,249) size 266x68
                  RenderTextControl {INPUT} at (2,2) size 231x30 [bgcolor=#FFFFFF] [border: (2px inset #000000)]
                  RenderText {#text} at (235,9) size 4x19
                    text run at (235,9) width 4: " "
                  RenderBR {BR} at (239,24) size 0x0
                  RenderTextControl {INPUT} at (2,36) size 231x30 [bgcolor=#FFFFFF] [border: (2px inset #000000)]
                    RenderDeprecatedFlexibleBox {DIV} at (2,3) size 227x24
                      RenderBlock {DIV} at (0,0) size 212x24
                RenderBlock {DIV} at (1,317) size 266x70
                  RenderTextControl {INPUT} at (2,2) size 234x31 [bgcolor=#FFFFFF] [border: (2px inset #000000)]
                  RenderText {#text} at (238,9) size 4x19
                    text run at (238,9) width 4: " "
                  RenderBR {BR} at (242,24) size 0x0
                  RenderTextControl {INPUT} at (2,37) size 234x31 [bgcolor=#FFFFFF] [border: (2px inset #000000)]
                    RenderDeprecatedFlexibleBox {DIV} at (2,3) size 230x25
                      RenderBlock {DIV} at (0,0) size 215x25
                RenderBlock {DIV} at (1,387) size 266x72
                  RenderTextControl {INPUT} at (2,2) size 255x32 [bgcolor=#FFFFFF] [border: (2px inset #000000)]
                  RenderText {#text} at (259,10) size 4x19
                    text run at (259,10) width 4: " "
                  RenderBR {BR} at (263,25) size 0x0
                  RenderTextControl {INPUT} at (2,38) size 255x32 [bgcolor=#FFFFFF] [border: (2px inset #000000)]
                    RenderDeprecatedFlexibleBox {DIV} at (2,3) size 251x26
                      RenderBlock {DIV} at (0,0) size 236x26
                RenderBlock {DIV} at (1,459) size 266x74
                  RenderTextControl {INPUT} at (2,2) size 258x33 [bgcolor=#FFFFFF] [border: (2px inset #000000)]
                  RenderText {#text} at (262,11) size 4x19
                    text run at (262,11) width 4: " "
                  RenderBR {BR} at (266,26) size 0x0
                  RenderTextControl {INPUT} at (2,39) size 258x33 [bgcolor=#FFFFFF] [border: (2px inset #000000)]
                    RenderDeprecatedFlexibleBox {DIV} at (2,3) size 254x27
                      RenderBlock {DIV} at (0,0) size 239x27
layer at (13,134) size 100x10
  RenderBlock {DIV} at (2,3) size 100x10
layer at (13,150) size 85x10
  RenderBlock {DIV} at (0,0) size 85x10
layer at (13,169) size 102x12
  RenderBlock {DIV} at (2,3) size 102x12
layer at (13,187) size 87x12
  RenderBlock {DIV} at (0,0) size 87x12
layer at (13,207) size 105x13
  RenderBlock {DIV} at (2,3) size 105x13
layer at (13,226) size 90x13
  RenderBlock {DIV} at (0,0) size 90x13
layer at (15,247) size 127x14
  RenderBlock {DIV} at (2,3) size 127x14
layer at (15,271) size 112x14
  RenderBlock {DIV} at (0,0) size 112x14
layer at (15,295) size 129x15
  RenderBlock {DIV} at (2,3) size 129x15
layer at (15,320) size 114x15
  RenderBlock {DIV} at (0,0) size 114x15
layer at (15,345) size 151x16
  RenderBlock {DIV} at (2,3) size 151x16
layer at (15,371) size 136x16
  RenderBlock {DIV} at (0,0) size 136x16
layer at (15,397) size 154x16
  RenderBlock {DIV} at (2,3) size 154x16
layer at (15,423) size 139x16
  RenderBlock {DIV} at (0,0) size 139x16
layer at (15,449) size 175x17
  RenderBlock {DIV} at (2,3) size 175x17
layer at (15,476) size 160x17
  RenderBlock {DIV} at (0,0) size 160x17
layer at (206,52) size 178x19
  RenderBlock {DIV} at (2,3) size 178x19
layer at (206,81) size 163x19
  RenderBlock {DIV} at (0,0) size 163x19
layer at (206,110) size 200x20
  RenderBlock {DIV} at (2,3) size 200x20
layer at (206,140) size 185x20
  RenderBlock {DIV} at (0,0) size 185x20
layer at (206,170) size 202x22
  RenderBlock {DIV} at (2,3) size 202x22
layer at (206,202) size 187x22
  RenderBlock {DIV} at (0,0) size 187x22
layer at (206,234) size 205x23
  RenderBlock {DIV} at (2,3) size 205x23
layer at (206,267) size 190x23
  RenderBlock {DIV} at (0,0) size 190x23
layer at (206,300) size 227x24
  RenderBlock {DIV} at (2,3) size 227x24
layer at (206,334) size 212x24
  RenderBlock {DIV} at (0,0) size 212x24
layer at (206,368) size 230x25
  RenderBlock {DIV} at (2,3) size 230x25
layer at (206,403) size 215x25
  RenderBlock {DIV} at (0,0) size 215x25
layer at (206,438) size 251x26
  RenderBlock {DIV} at (2,3) size 251x26
layer at (206,474) size 236x26
  RenderBlock {DIV} at (0,0) size 236x26
layer at (206,510) size 254x27
  RenderBlock {DIV} at (2,3) size 254x27
layer at (206,547) size 239x27
  RenderBlock {DIV} at (0,0) size 239x27
layer at (98,149) size 15x12
  RenderBlock (relative positioned) {DIV} at (85,-1) size 15x12
layer at (100,186) size 15x14
  RenderBlock (relative positioned) {DIV} at (87,-1) size 15x14
layer at (103,225) size 15x15
  RenderBlock (relative positioned) {DIV} at (90,-1) size 15x15
layer at (127,270) size 15x16
  RenderBlock (relative positioned) {DIV} at (112,-1) size 15x16
layer at (129,319) size 15x17
  RenderBlock (relative positioned) {DIV} at (114,-1) size 15x17
layer at (151,370) size 15x18
  RenderBlock (relative positioned) {DIV} at (136,-1) size 15x18
layer at (154,422) size 15x18
  RenderBlock (relative positioned) {DIV} at (139,-1) size 15x18
layer at (175,475) size 15x19
  RenderBlock (relative positioned) {DIV} at (160,-1) size 15x19
layer at (369,80) size 15x21
  RenderBlock (relative positioned) {DIV} at (163,-1) size 15x21
layer at (391,139) size 15x22
  RenderBlock (relative positioned) {DIV} at (185,-1) size 15x22
layer at (393,201) size 15x24
  RenderBlock (relative positioned) {DIV} at (187,-1) size 15x24
layer at (396,266) size 15x25
  RenderBlock (relative positioned) {DIV} at (190,-1) size 15x25
layer at (418,333) size 15x26
  RenderBlock (relative positioned) {DIV} at (212,-1) size 15x26
layer at (421,402) size 15x27
  RenderBlock (relative positioned) {DIV} at (215,-1) size 15x27
layer at (442,473) size 15x28
  RenderBlock (relative positioned) {DIV} at (236,-1) size 15x28
layer at (445,546) size 15x29
  RenderBlock (relative positioned) {DIV} at (239,-1) size 15x29
