layer at (0,0) size 800x600
  RenderView at (0,0) size 800x600
layer at (0,0) size 800x600
  RenderBlock {HTML} at (0,0) size 800x600
    RenderBody {BODY} at (8,8) size 784x584
      RenderText {#text} at (206,37) size 246x19
        text run at (206,37) width 246: " This should not be part of the textarea."
layer at (10,10) size 202x48 clip at (10,10) size 187x48 scrollHeight 86
  RenderTextControl {TEXTAREA} at (2,2) size 202x48 [color=#202020]
    RenderBlock {DIV} at (4,6) size 180x76
      RenderText {#text} at (0,0) size 179x57
        text run at (0,0) width 23: "<!--"
        text run at (23,0) width 0: " "
        text run at (0,19) width 179: "This should be part of the"
        text run at (0,38) width 65: " textarea."
        text run at (65,38) width 0: " "
      RenderBR {BR} at (0,57) size 0x19
