layer at (0,0) size 800x600
  RenderView at (0,0) size 800x600
layer at (0,0) size 800x121
  RenderBlock {HTML} at (0,0) size 800x121
    RenderBody {BODY} at (8,16) size 784x89
      RenderBlock {P} at (0,0) size 784x19
        RenderText {#text} at (0,0) size 289x19
          text run at (0,0) width 289: "The following paragraphs should be identical:"
      RenderBlock {P} at (0,35) size 784x19
        RenderText {#text} at (0,0) size 248x19
          text run at (0,0) width 248: "This should be in a normal weight font."
      RenderBlock {P} at (0,70) size 784x19
        RenderText {#text} at (0,0) size 248x19
          text run at (0,0) width 248: "This should be in a normal weight font."
