layer at (0,0) size 800x600
  RenderView at (0,0) size 800x600
layer at (0,0) size 800x133
  RenderBlock {HTML} at (0,0) size 800x133
    RenderBody {BODY} at (8,16) size 784x101
      RenderBlock {P} at (0,0) size 784x19
        RenderText {#text} at (0,0) size 296x19
          text run at (0,0) width 296: "The next two paragraphs should look identical:"
      RenderBlock {P} at (0,35) size 166x25 [border: (3px solid #000000)]
        RenderText {#text} at (3,3) size 31x19
          text run at (3,3) width 31: "Test."
      RenderBlock {P} at (0,76) size 166x25 [border: (3px solid #000000)]
        RenderText {#text} at (3,3) size 31x19
          text run at (3,3) width 31: "Test."
