layer at (0,0) size 800x600
  RenderView at (0,0) size 800x600
layer at (0,0) size 800x215
  RenderBlock {HTML} at (0,0) size 800x215
    RenderBody {BODY} at (8,16) size 784x183 [color=#000080]
      RenderBlock {P} at (0,0) size 784x19
        RenderText {#text} at (0,0) size 348x19
          text run at (0,0) width 348: "The next four blocks should look identical, to the pixel."
      RenderBlock {P} at (0,35) size 784x25 [border: (3px solid #000080)]
        RenderText {#text} at (3,3) size 27x19
          text run at (3,3) width 27: "Test"
      RenderBlock {P} at (0,76) size 784x25 [border: (3px solid #000080)]
        RenderText {#text} at (3,3) size 27x19
          text run at (3,3) width 27: "Test"
      RenderBlock {P} at (0,117) size 784x25 [border: (3px solid #000080)]
        RenderText {#text} at (3,3) size 27x19
          text run at (3,3) width 27: "Test"
      RenderBlock {P} at (0,158) size 784x25 [border: (3px solid #000080)]
        RenderText {#text} at (3,3) size 27x19
          text run at (3,3) width 27: "Test"
