layer at (0,0) size 800x600
  RenderView at (0,0) size 800x600
layer at (0,0) size 800x424
  RenderBlock {HTML} at (0,0) size 800x424
    RenderBody {BODY} at (8,16) size 784x392 [color=#0000FF]
      RenderBlock {P} at (0,0) size 784x114
        RenderText {#text} at (0,0) size 29x19
          text run at (0,0) width 29: "The "
        RenderInline {STRONG} at (0,0) size 55x19
          RenderText {#text} at (29,0) size 55x19
            text run at (29,0) width 55: "first line"
        RenderText {#text} at (84,0) size 300x19
          text run at (84,0) width 204: " of this paragraph, and only that "
          text run at (288,0) width 96: "one, should be "
        RenderInline {STRONG} at (0,0) size 38x19
          RenderText {#text} at (384,0) size 38x19
            text run at (384,0) width 38: "green"
        RenderText {#text} at (422,0) size 780x114
          text run at (422,0) width 178: ". If this precise combination "
          text run at (600,0) width 180: "does not occur, then the user"
          text run at (0,19) width 230: "agent has failed this test. Remember "
          text run at (230,19) width 385: "that in order to ensure a complete test, the paragraph must be "
          text run at (615,19) width 147: "displayed on more than"
          text run at (0,38) width 288: "one line. Dummy text. Dummy text. Dummy "
          text run at (288,38) width 462: "text. Dummy text. Dummy text. Dummy text. Dummy text. Dummy text."
          text run at (0,57) width 491: "Dummy text. Dummy text. Dummy text. Dummy text. Dummy text. Dummy "
          text run at (491,57) width 288: "text. Dummy text. Dummy text. Dummy text."
          text run at (0,76) width 174: "Dummy text. Dummy text. "
          text run at (174,76) width 491: "Dummy text. Dummy text. Dummy text. Dummy text. Dummy text. Dummy "
          text run at (665,76) width 114: "text. Dummy text."
          text run at (0,95) width 170: "Dummy text. Dummy text."
      RenderBlock {P} at (0,130) size 784x132
        RenderText {#text} at (0,0) size 58x36
          text run at (0,0) width 58: "The "
        RenderInline {STRONG} at (0,0) size 115x36
          RenderText {#text} at (58,0) size 115x36
            text run at (58,0) width 115: "first line"
        RenderText {#text} at (173,0) size 774x56
          text run at (173,0) width 416: " of this paragraph, and only that "
          text run at (589,0) width 185: "one, should be"
          text run at (0,37) width 11: "a "
        RenderInline {STRONG} at (0,0) size 41x19
          RenderText {#text} at (11,37) size 41x19
            text run at (11,37) width 41: "larger"
        RenderText {#text} at (52,37) size 126x19
          text run at (52,37) width 126: " font size as well as "
        RenderInline {STRONG} at (0,0) size 38x19
          RenderText {#text} at (178,37) size 38x19
            text run at (178,37) width 38: "green"
        RenderText {#text} at (216,37) size 779x95
          text run at (216,37) width 278: ". If this precise combination does not occur, "
          text run at (494,37) width 237: "then the user agent has failed this test."
          text run at (0,56) width 169: "Remember that in order to "
          text run at (169,56) width 409: "ensure a complete test, the paragraph must be displayed on more "
          text run at (578,56) width 172: "than one line. Dummy text."
          text run at (0,75) width 261: "Dummy text. Dummy text. Dummy text. "
          text run at (261,75) width 491: "Dummy text. Dummy text. Dummy text. Dummy text. Dummy text. Dummy "
          text run at (752,75) width 27: "text."
          text run at (0,94) width 435: "Dummy text. Dummy text. Dummy text. Dummy text. Dummy text. "
          text run at (435,94) width 344: "Dummy text. Dummy text. Dummy text. Dummy text."
          text run at (0,113) width 143: "Dummy text. Dummy "
          text run at (143,113) width 466: "text. Dummy text. Dummy text. Dummy text. Dummy text. Dummy text. "
          text run at (609,113) width 170: "Dummy text. Dummy text."
      RenderBlock {P} at (0,278) size 784x114
        RenderText {#text} at (0,0) size 29x19
          text run at (0,0) width 29: "The "
        RenderInline {STRONG} at (0,0) size 62x19
          RenderText {#text} at (29,0) size 62x19
            text run at (29,0) width 62: "first line"
        RenderText {#text} at (91,0) size 402x19
          text run at (91,0) width 222: " of this paragraph, and only that "
          text run at (313,0) width 180: "one, should be displayed in "
        RenderInline {STRONG} at (0,0) size 72x19
          RenderText {#text} at (493,0) size 72x19
            text run at (493,0) width 72: "small-caps"
        RenderText {#text} at (565,0) size 114x19
          text run at (565,0) width 61: " style as "
          text run at (626,0) width 53: "well as "
        RenderInline {STRONG} at (0,0) size 39x19
          RenderText {#text} at (679,0) size 39x19
            text run at (679,0) width 39: "green"
        RenderText {#text} at (718,0) size 784x114
          text run at (718,0) width 58: ". Thus, if"
          text run at (0,19) width 132: "the first line is not in "
          text run at (132,19) width 341: "small-caps style, or if the entire paragraph turns out in "
          text run at (473,19) width 311: "small-caps, then the user agent has failed this test."
          text run at (0,38) width 87: "Dummy text. "
          text run at (87,38) width 491: "Dummy text. Dummy text. Dummy text. Dummy text. Dummy text. Dummy "
          text run at (578,38) width 201: "text. Dummy text. Dummy text."
          text run at (0,57) width 261: "Dummy text. Dummy text. Dummy text. "
          text run at (261,57) width 491: "Dummy text. Dummy text. Dummy text. Dummy text. Dummy text. Dummy "
          text run at (752,57) width 27: "text."
          text run at (0,76) width 435: "Dummy text. Dummy text. Dummy text. Dummy text. Dummy text. "
          text run at (435,76) width 344: "Dummy text. Dummy text. Dummy text. Dummy text."
          text run at (0,95) width 83: "Dummy text."
