layer at (0,0) size 800x600
  RenderView at (0,0) size 800x600
layer at (0,0) size 800x301
  RenderBlock {HTML} at (0,0) size 800x301
    RenderBody {BODY} at (8,16) size 784x269 [color=#0000FF]
      RenderBlock {P} at (0,0) size 784x38
        RenderText {#text} at (0,0) size 496x19
          text run at (0,0) width 496: "There should be a solid blue line directly under every occurrence of the word \""
        RenderInline {SPAN} at (0,0) size 60x21 [border: (2px solid #0000FF) none]
          RenderText {#text} at (496,0) size 60x19
            text run at (496,0) width 60: "HERE \x{21E9}"
        RenderText {#text} at (556,0) size 769x38
          text run at (556,0) width 213: "\". (So there should be 8 blue lines"
          text run at (0,19) width 85: "on this page.)"
      RenderTable {TABLE} at (0,54) size 136x79
        RenderTableSection {TBODY} at (0,0) size 136x79
          RenderTableRow {TR} at (0,2) size 136x23
            RenderTableCell {TD} at (2,2) size 132x23 [border: none (2px solid #0000FF) none] [r=0 c=0 rs=1 cs=2]
              RenderText {#text} at (36,1) size 60x19
                text run at (36,1) width 60: "HERE \x{21E9}"
          RenderTableRow {TR} at (0,27) size 136x50
            RenderTableCell {TD} at (2,40) size 62x23 [border: none (2px solid #0000FF) none] [r=1 c=0 rs=1 cs=1]
              RenderText {#text} at (1,1) size 60x19
                text run at (1,1) width 60: "HERE \x{21E9}"
            RenderTableCell {TD} at (66,27) size 68x50 [border: none (2px solid #0000FF) none] [r=1 c=1 rs=1 cs=1]
              RenderTable {TABLE} at (1,1) size 66x27
                RenderTableSection {TBODY} at (0,0) size 66x27
                  RenderTableRow {TR} at (0,2) size 66x23
                    RenderTableCell {TD} at (2,2) size 62x23 [border: none (2px solid #0000FF) none] [r=0 c=0 rs=1 cs=1]
                      RenderText {#text} at (1,1) size 60x19
                        text run at (1,1) width 60: "HERE \x{21E9}"
              RenderBlock (anonymous) at (1,28) size 66x19
                RenderText {#text} at (3,0) size 60x19
                  text run at (3,0) width 60: "HERE \x{21E9}"
      RenderBlock {UL} at (0,149) size 784x120
        RenderListItem {LI} at (40,0) size 744x78 [border: (2px solid #0000FF) none]
          RenderBlock {UL} at (0,0) size 744x57
            RenderListItem {LI} at (40,0) size 704x19
              RenderListMarker at (-58,0) size 7x19: bullet
              RenderListMarker at (-18,0) size 7x19: white bullet
              RenderText {#text} at (0,0) size 75x19
                text run at (0,0) width 75: "dummy text"
            RenderListItem {LI} at (40,19) size 704x19
              RenderListMarker at (-18,0) size 7x19: white bullet
              RenderText {#text} at (0,0) size 75x19
                text run at (0,0) width 75: "dummy text"
            RenderListItem {LI} at (40,38) size 704x19
              RenderListMarker at (-18,0) size 7x19: white bullet
              RenderText {#text} at (0,0) size 75x19
                text run at (0,0) width 75: "dummy text"
          RenderBlock (anonymous) at (0,57) size 744x19
            RenderText {#text} at (0,0) size 60x19
              text run at (0,0) width 60: "HERE \x{21E9}"
        RenderListItem {LI} at (40,78) size 744x21 [border: (2px solid #0000FF) none]
          RenderListMarker at (-18,0) size 7x19: bullet
          RenderText {#text} at (0,0) size 60x19
            text run at (0,0) width 60: "HERE \x{21E9}"
        RenderListItem {LI} at (40,99) size 744x21 [border: (2px solid #0000FF) none]
          RenderListMarker at (-18,0) size 7x19: bullet
          RenderText {#text} at (0,0) size 60x19
            text run at (0,0) width 60: "HERE \x{21E9}"
