layer at (0,0) size 800x600
  RenderView at (0,0) size 800x600
layer at (0,0) size 800x333
  RenderBlock {HTML} at (0,0) size 800x333
    RenderBody {BODY} at (8,8) size 784x317
      RenderBlock {DIV} at (0,0) size 784x19
        RenderText {#text} at (0,0) size 341x19
          text run at (0,0) width 341: "The blue bits of text should be decorated as described."
      RenderBlock {P} at (0,35) size 784x247 [color=#C0C0C0]
        RenderText {#text} at (0,0) size 759x57
          text run at (0,0) width 474: "dummy text dummy text dummy text dummy text dummy text dummy text "
          text run at (474,0) width 285: "dummy text dummy text dummy text dummy"
          text run at (0,19) width 185: "text dummy text dummy text "
          text run at (185,19) width 474: "dummy text dummy text dummy text dummy text dummy text dummy text "
          text run at (659,19) width 75: "dummy text"
          text run at (0,38) width 395: "dummy text dummy text dummy text dummy text dummy text "
        RenderInline {SPAN} at (0,0) size 783x38 [color=#0000FF] [border: (10px double #0000FF)]
          RenderText {#text} at (405,38) size 172x19
            text run at (405,38) width 172: "\x{21E6} two blue lines to the left "
          RenderInline {SPAN} at (0,0) size 783x38 [color=#C0C0C0]
            RenderText {#text} at (577,38) size 783x38
              text run at (577,38) width 52: "dummy "
              text run at (629,38) width 154: "text dummy text dummy"
              text run at (0,57) width 316: "text dummy text dummy text dummy text dummy "
              text run at (316,57) width 418: "text dummy text dummy text dummy text dummy text dummy text"
          RenderText {#text} at (0,0) size 0x0
        RenderText {#text} at (0,76) size 759x95
          text run at (0,76) width 395: "dummy text dummy text dummy text dummy text dummy text "
          text run at (395,76) width 364: "dummy text dummy text dummy text dummy text dummy"
          text run at (0,95) width 106: "text dummy text "
          text run at (106,95) width 474: "dummy text dummy text dummy text dummy text dummy text dummy text "
          text run at (580,95) width 154: "dummy text dummy text"
          text run at (0,114) width 316: "dummy text dummy text dummy text dummy text "
          text run at (316,114) width 443: "dummy text dummy text dummy text dummy text dummy text dummy"
          text run at (0,133) width 27: "text "
          text run at (27,133) width 474: "dummy text dummy text dummy text dummy text dummy text dummy text "
          text run at (501,133) width 233: "dummy text dummy text dummy text"
          text run at (0,152) width 158: "dummy text dummy text "
        RenderInline {SPAN} at (0,0) size 194x19 [color=#0000FF] [border: (1px solid #0000FF)]
          RenderText {#text} at (159,152) size 193x19
            text run at (159,152) width 193: "\x{21E6} one thin blue line to the left "
        RenderText {#text} at (352,152) size 759x95
          text run at (352,152) width 52: "dummy "
          text run at (404,152) width 339: "text dummy text dummy text dummy text dummy text"
          text run at (0,171) width 131: "dummy text dummy "
          text run at (131,171) width 474: "text dummy text dummy text dummy text dummy text dummy text dummy "
          text run at (605,171) width 154: "text dummy text dummy"
          text run at (0,190) width 316: "text dummy text dummy text dummy text dummy "
          text run at (316,190) width 418: "text dummy text dummy text dummy text dummy text dummy text"
          text run at (0,209) width 52: "dummy "
          text run at (52,209) width 474: "text dummy text dummy text dummy text dummy text dummy text dummy "
          text run at (526,209) width 233: "text dummy text dummy text dummy"
          text run at (0,228) width 237: "text dummy text dummy text dummy "
          text run at (237,228) width 181: "text dummy text dummy text"
      RenderBlock {DIV} at (0,298) size 784x19
        RenderText {#text} at (0,0) size 416x19
          text run at (0,0) width 416: "(All the lines of text in the block above should be equally spaced.)"
