layer at (0,0) size 800x600
  RenderView at (0,0) size 800x600
layer at (0,0) size 800x333
  RenderBlock {HTML} at (0,0) size 800x333
    RenderBody {BODY} at (8,8) size 784x317
      RenderBlock {DIV} at (0,0) size 784x19
        RenderText {#text} at (0,0) size 341x19
          text run at (0,0) width 341: "The blue bits of text should be decorated as described."
      RenderBlock {P} at (0,35) size 784x247 [color=#C0C0C0]
        RenderText {#text} at (0,0) size 759x57
          text run at (0,0) width 474: "dummy text dummy text dummy text dummy text dummy text dummy text "
          text run at (474,0) width 285: "dummy text dummy text dummy text dummy"
          text run at (0,19) width 185: "text dummy text dummy text "
          text run at (185,19) width 474: "dummy text dummy text dummy text dummy text dummy text dummy text "
          text run at (659,19) width 75: "dummy text"
          text run at (0,38) width 395: "dummy text dummy text dummy text dummy text dummy text "
        RenderInline {SPAN} at (0,0) size 759x38 [color=#0000FF] [border: (10px double #0000FF) none]
          RenderInline {SPAN} at (0,0) size 759x38 [color=#C0C0C0]
            RenderText {#text} at (395,38) size 759x38
              text run at (395,38) width 316: "dummy text dummy text dummy text dummy text "
              text run at (711,38) width 48: "dummy"
              text run at (0,57) width 422: "text dummy text dummy text dummy text dummy text dummy text "
              text run at (422,57) width 154: "dummy text dummy text"
          RenderText {#text} at (576,57) size 131x19
            text run at (576,57) width 131: " two blue lines here: "
        RenderText {#text} at (717,57) size 765x114
          text run at (717,57) width 48: "dummy"
          text run at (0,76) width 474: "text dummy text dummy text dummy text dummy text dummy text dummy "
          text run at (474,76) width 260: "text dummy text dummy text dummy text"
          text run at (0,95) width 210: "dummy text dummy text dummy "
          text run at (210,95) width 474: "text dummy text dummy text dummy text dummy text dummy text dummy "
          text run at (684,95) width 75: "text dummy"
          text run at (0,114) width 395: "text dummy text dummy text dummy text dummy text dummy "
          text run at (395,114) width 339: "text dummy text dummy text dummy text dummy text"
          text run at (0,133) width 131: "dummy text dummy "
          text run at (131,133) width 474: "text dummy text dummy text dummy text dummy text dummy text dummy "
          text run at (605,133) width 154: "text dummy text dummy"
          text run at (0,152) width 106: "text dummy text "
        RenderInline {SPAN} at (0,0) size 149x19 [color=#0000FF] [border: (1px solid #0000FF) none]
          RenderText {#text} at (106,152) size 148x19
            text run at (106,152) width 55: "one thin "
            text run at (161,152) width 93: "blue line here: "
        RenderText {#text} at (255,152) size 777x95
          text run at (255,152) width 316: "dummy text dummy text dummy text dummy text "
          text run at (571,152) width 206: "dummy text dummy text dummy"
          text run at (0,171) width 264: "text dummy text dummy text dummy text "
          text run at (264,171) width 470: "dummy text dummy text dummy text dummy text dummy text dummy text"
          text run at (0,190) width 474: "dummy text dummy text dummy text dummy text dummy text dummy text "
          text run at (474,190) width 285: "dummy text dummy text dummy text dummy"
          text run at (0,209) width 185: "text dummy text dummy text "
          text run at (185,209) width 474: "dummy text dummy text dummy text dummy text dummy text dummy text "
          text run at (659,209) width 75: "dummy text"
          text run at (0,228) width 312: "dummy text dummy text dummy text dummy text"
      RenderBlock {DIV} at (0,298) size 784x19
        RenderText {#text} at (0,0) size 416x19
          text run at (0,0) width 416: "(All the lines of text in the block above should be equally spaced.)"
