layer at (0,0) size 800x600
  RenderView at (0,0) size 800x600
layer at (0,0) size 800x333
  RenderBlock {HTML} at (0,0) size 800x333
    RenderBody {BODY} at (8,8) size 784x317
      RenderBlock {DIV} at (0,0) size 784x19
        RenderText {#text} at (0,0) size 341x19
          text run at (0,0) width 341: "The blue bits of text should be decorated as described."
      RenderBlock {P} at (0,35) size 784x247 [color=#C0C0C0]
        RenderText {#text} at (0,0) size 759x76
          text run at (0,0) width 474: "dummy text dummy text dummy text dummy text dummy text dummy text "
          text run at (474,0) width 285: "dummy text dummy text dummy text dummy"
          text run at (0,19) width 185: "text dummy text dummy text "
          text run at (185,19) width 474: "dummy text dummy text dummy text dummy text dummy text dummy text "
          text run at (659,19) width 75: "dummy text"
          text run at (0,38) width 395: "dummy text dummy text dummy text dummy text dummy text "
          text run at (395,38) width 364: "dummy text dummy text dummy text dummy text dummy"
          text run at (0,57) width 106: "text dummy text "
          text run at (106,57) width 474: "dummy text dummy text dummy text dummy text dummy text dummy text "
        RenderInline {SPAN} at (0,0) size 130x29 [color=#0000FF] [border: (10px double #0000FF) none]
          RenderText {#text} at (580,57) size 130x19
            text run at (580,57) width 130: "two blue lines above"
        RenderText {#text} at (710,57) size 762x114
          text run at (710,57) width 52: " dummy"
          text run at (0,76) width 106: "text dummy text "
          text run at (106,76) width 474: "dummy text dummy text dummy text dummy text dummy text dummy text "
          text run at (580,76) width 154: "dummy text dummy text"
          text run at (0,95) width 316: "dummy text dummy text dummy text dummy text "
          text run at (316,95) width 443: "dummy text dummy text dummy text dummy text dummy text dummy"
          text run at (0,114) width 27: "text "
          text run at (27,114) width 474: "dummy text dummy text dummy text dummy text dummy text dummy text "
          text run at (501,114) width 233: "dummy text dummy text dummy text"
          text run at (0,133) width 237: "dummy text dummy text dummy text "
          text run at (237,133) width 474: "dummy text dummy text dummy text dummy text dummy text dummy text "
          text run at (711,133) width 48: "dummy"
          text run at (0,152) width 106: "text dummy text "
        RenderInline {SPAN} at (0,0) size 151x20 [color=#0000FF] [border: (1px solid #0000FF) none]
          RenderText {#text} at (106,152) size 151x19
            text run at (106,152) width 113: "one thin blue line "
            text run at (219,152) width 38: "above"
        RenderText {#text} at (257,152) size 783x95
          text run at (257,152) width 399: " dummy text dummy text dummy text dummy text dummy text "
          text run at (656,152) width 127: "dummy text dummy"
          text run at (0,171) width 343: "text dummy text dummy text dummy text dummy text "
          text run at (343,171) width 391: "dummy text dummy text dummy text dummy text dummy text"
          text run at (0,190) width 79: "dummy text "
          text run at (79,190) width 474: "dummy text dummy text dummy text dummy text dummy text dummy text "
          text run at (553,190) width 206: "dummy text dummy text dummy"
          text run at (0,209) width 264: "text dummy text dummy text dummy text "
          text run at (264,209) width 470: "dummy text dummy text dummy text dummy text dummy text dummy text"
          text run at (0,228) width 312: "dummy text dummy text dummy text dummy text"
      RenderBlock {DIV} at (0,298) size 784x19
        RenderText {#text} at (0,0) size 416x19
          text run at (0,0) width 416: "(All the lines of text in the block above should be equally spaced.)"
