layer at (0,0) size 800x600
  RenderView at (0,0) size 800x600
layer at (0,0) size 800x397
  RenderBlock {HTML} at (0,0) size 800x397
    RenderBody {BODY} at (8,16) size 784x365
      RenderBlock {P} at (0,0) size 784x19 [color=#0000FF]
        RenderText {#text} at (0,0) size 226x19
          text run at (0,0) width 226: "The borders should be as described."
      RenderBlock {P} at (0,35) size 784x25 [color=#0000FF] [border: (3px solid #FFA500)]
        RenderText {#text} at (3,3) size 112x19
          text run at (3,3) width 112: "Orange and solid."
      RenderBlock {P} at (0,76) size 784x29 [color=#0000FF] [border: (5px outset #FFA500)]
        RenderText {#text} at (5,5) size 119x19
          text run at (5,5) width 119: "Orange and outset."
      RenderBlock {P} at (0,121) size 784x29 [color=#0000FF] [border: (5px inset #FFA500)]
        RenderText {#text} at (5,5) size 111x19
          text run at (5,5) width 111: "Orange and inset."
      RenderBlock {P} at (0,166) size 784x39 [color=#0000FF] [border: (10px ridge #FFA500)]
        RenderText {#text} at (10,10) size 122x19
          text run at (10,10) width 122: "Orange and ridged."
      RenderBlock {P} at (0,221) size 784x39 [color=#0000FF] [border: (10px double #FFA500)]
        RenderText {#text} at (10,10) size 125x19
          text run at (10,10) width 125: "Orange and double."
      RenderBlock {P} at (0,276) size 784x19 [color=#0000FF]
        RenderText {#text} at (0,0) size 69x19
          text run at (0,0) width 69: "No border."
      RenderBlock {P} at (0,311) size 784x19 [color=#0000FF]
        RenderText {#text} at (0,0) size 69x19
          text run at (0,0) width 69: "No border."
      RenderBlock {P} at (0,346) size 784x19 [color=#0000FF]
        RenderText {#text} at (0,0) size 69x19
          text run at (0,0) width 69: "No border."
