layer at (0,0) size 785x807
  RenderView at (0,0) size 785x600
layer at (0,0) size 785x807
  RenderBlock {HTML} at (0,0) size 785x807
    RenderBody {BODY} at (8,32) size 769x743
      RenderBlock {P} at (32,0) size 705x111 [color=#000080]
        RenderText {#text} at (0,0) size 673x110
          text run at (0,0) width 673: "\x{21E9} The following blue box should be exactly half the"
          text run at (0,37) width 81: "width "
          text run at (81,37) width 560: "of the viewport, on the left of the 50% ruler"
          text run at (0,74) width 74: "mark."
      RenderBlock (floating) {DIV} at (0,143) size 384x361 [color=#FFFFFF] [bgcolor=#0000FF]
        RenderText {#text} at (0,0) size 384x361
          text run at (0,0) width 384: "ignore this float text ignore this float text ignore this"
          text run at (0,19) width 42: "float "
          text run at (42,19) width 342: "text ignore this float text ignore this float text"
          text run at (0,38) width 78: "ignore this "
          text run at (78,38) width 306: "float text ignore this float text ignore this"
          text run at (0,57) width 125: "float text ignore "
          text run at (125,57) width 259: "this float text ignore this float text"
          text run at (0,76) width 155: "ignore this float text "
          text run at (155,76) width 229: "ignore this float text ignore this"
          text run at (0,95) width 198: "float text ignore this float "
          text run at (198,95) width 186: "text ignore this float text"
          text run at (0,114) width 234: "ignore this float text ignore this "
          text run at (234,114) width 150: "float text ignore this"
          text run at (0,133) width 281: "float text ignore this float text ignore "
          text run at (281,133) width 103: "this float text"
          text run at (0,152) width 311: "ignore this float text ignore this float text "
          text run at (311,152) width 73: "ignore this"
          text run at (0,171) width 355: "float text ignore this float text ignore this float "
          text run at (355,171) width 29: "text"
          text run at (0,190) width 384: "ignore this float text ignore this float text ignore this"
          text run at (0,209) width 384: "float text ignore this float text ignore this float text"
          text run at (0,228) width 47: "ignore "
          text run at (47,228) width 337: "this float text ignore this float text ignore this"
          text run at (0,247) width 77: "float text "
          text run at (77,247) width 307: "ignore this float text ignore this float text"
          text run at (0,266) width 120: "ignore this float "
          text run at (120,266) width 264: "text ignore this float text ignore this"
          text run at (0,285) width 156: "float text ignore this "
          text run at (156,285) width 228: "float text ignore this float text"
          text run at (0,304) width 203: "ignore this float text ignore "
          text run at (203,304) width 181: "this float text ignore this"
          text run at (0,323) width 233: "float text ignore this float text "
          text run at (233,323) width 151: "ignore this float text"
          text run at (0,342) width 259: "ignore this float text ignore this float"
      RenderBlock {DIV} at (0,143) size 769x494 [color=#C0C0C0]
        RenderText {#text} at (384,0) size 769x494
          text run at (384,0) width 385: "this is some dummy text this is some dummy text this is some"
          text run at (384,19) width 54: "dummy "
          text run at (438,19) width 331: "text this is some dummy text this is some dummy"
          text run at (384,38) width 107: "text this is some "
          text run at (491,38) width 278: "dummy text this is some dummy text this is"
          text run at (384,57) width 176: "some dummy text this is "
          text run at (560,57) width 209: "some dummy text this is some"
          text run at (384,76) width 252: "dummy text this is some dummy text "
          text run at (636,76) width 133: "this is some dummy"
          text run at (384,95) width 320: "text this is some dummy text this is some dummy "
          text run at (704,95) width 65: "text this is"
          text run at (384,114) width 385: "some dummy text this is some dummy text this is some"
          text run at (384,133) width 385: "dummy text this is some dummy text this is some dummy"
          text run at (384,152) width 69: "text this is "
          text run at (453,152) width 316: "some dummy text this is some dummy text this is"
          text run at (384,171) width 128: "some dummy text "
          text run at (512,171) width 257: "this is some dummy text this is some"
          text run at (384,190) width 223: "dummy text this is some dummy "
          text run at (607,190) width 162: "text this is some dummy"
          text run at (384,209) width 267: "text this is some dummy text this is some "
          text run at (651,209) width 118: "dummy text this is"
          text run at (384,228) width 352: "some dummy text this is some dummy text this is "
          text run at (736,228) width 33: "some"
          text run at (384,247) width 385: "dummy text this is some dummy text this is some dummy"
          text run at (384,266) width 27: "text "
          text run at (411,266) width 358: "this is some dummy text this is some dummy text this is"
          text run at (384,285) width 97: "some dummy "
          text run at (481,285) width 288: "text this is some dummy text this is some"
          text run at (384,304) width 168: "dummy text this is some "
          text run at (552,304) width 217: "dummy text this is some dummy"
          text run at (384,323) width 229: "text this is some dummy text this is "
          text run at (613,323) width 156: "some dummy text this is"
          text run at (384,342) width 304: "some dummy text this is some dummy text "
          text run at (688,342) width 81: "this is some"
          text run at (0,361) width 378: "dummy text this is some dummy text this is some dummy "
          text run at (378,361) width 391: "text this is some dummy text this is some dummy text this is"
          text run at (0,380) width 37: "some "
          text run at (37,380) width 435: "dummy text this is some dummy text this is some dummy text this is "
          text run at (472,380) width 297: "some dummy text this is some dummy text this"
          text run at (0,399) width 133: "is some dummy text "
          text run at (133,399) width 452: "this is some dummy text this is some dummy text this is some dummy "
          text run at (585,399) width 184: "text this is some dummy text"
          text run at (0,418) width 239: "this is some dummy text this is some "
          text run at (239,418) width 444: "dummy text this is some dummy text this is some dummy text this is "
          text run at (683,418) width 86: "some dummy"
          text run at (0,437) width 360: "text this is some dummy text this is some dummy text "
          text run at (360,437) width 409: "this is some dummy text this is some dummy text this is some"
          text run at (0,456) width 53: "dummy "
          text run at (53,456) width 434: "text this is some dummy text this is some dummy text this is some "
          text run at (487,456) width 282: "dummy text this is some dummy text this is"
          text run at (0,475) width 156: "some dummy text this is "
          text run at (156,475) width 268: "some dummy text this is some dummy text"
      RenderBlock {P} at (32,669) size 705x74 [color=#000080]
        RenderText {#text} at (19,0) size 686x73
          text run at (19,0) width 686: "The above gray text should flow around the blue box."
          text run at (678,37) width 27: "\x{21E7}"
