layer at (0,0) size 785x631
  RenderView at (0,0) size 785x600
layer at (0,0) size 785x631
  RenderBlock {HTML} at (0,0) size 785x631
    RenderBody {BODY} at (8,16) size 769x607
      RenderBlock {P} at (0,0) size 769x19
        RenderText {#text} at (0,0) size 417x19
          text run at (0,0) width 374: "The blue text should not go past the 50% mark on the ruler "
          text run at (374,0) width 43: "below."
      RenderBlock {DIV} at (0,35) size 384x532 [color=#0000FF]
        RenderText {#text} at (0,0) size 377x532
          text run at (0,0) width 377: "a bit of dummy text a bit of dummy text a bit of dummy text"
          text run at (0,19) width 11: "a "
          text run at (11,19) width 366: "bit of dummy text a bit of dummy text a bit of dummy text"
          text run at (0,38) width 48: "a bit of "
          text run at (48,38) width 329: "dummy text a bit of dummy text a bit of dummy text"
          text run at (0,57) width 100: "a bit of dummy "
          text run at (100,57) width 277: "text a bit of dummy text a bit of dummy text"
          text run at (0,76) width 138: "a bit of dummy text a "
          text run at (138,76) width 239: "bit of dummy text a bit of dummy text"
          text run at (0,95) width 175: "a bit of dummy text a bit of "
          text run at (175,95) width 202: "dummy text a bit of dummy text"
          text run at (0,114) width 227: "a bit of dummy text a bit of dummy "
          text run at (227,114) width 150: "text a bit of dummy text"
          text run at (0,133) width 265: "a bit of dummy text a bit of dummy text a "
          text run at (265,133) width 112: "bit of dummy text"
          text run at (0,152) width 302: "a bit of dummy text a bit of dummy text a bit of "
          text run at (302,152) width 75: "dummy text"
          text run at (0,171) width 354: "a bit of dummy text a bit of dummy text a bit of dummy "
          text run at (354,171) width 23: "text"
          text run at (0,190) width 377: "a bit of dummy text a bit of dummy text a bit of dummy text"
          text run at (0,209) width 11: "a "
          text run at (11,209) width 366: "bit of dummy text a bit of dummy text a bit of dummy text"
          text run at (0,228) width 48: "a bit of "
          text run at (48,228) width 329: "dummy text a bit of dummy text a bit of dummy text"
          text run at (0,247) width 100: "a bit of dummy "
          text run at (100,247) width 277: "text a bit of dummy text a bit of dummy text"
          text run at (0,266) width 138: "a bit of dummy text a "
          text run at (138,266) width 239: "bit of dummy text a bit of dummy text"
          text run at (0,285) width 175: "a bit of dummy text a bit of "
          text run at (175,285) width 202: "dummy text a bit of dummy text"
          text run at (0,304) width 227: "a bit of dummy text a bit of dummy "
          text run at (227,304) width 150: "text a bit of dummy text"
          text run at (0,323) width 265: "a bit of dummy text a bit of dummy text a "
          text run at (265,323) width 112: "bit of dummy text"
          text run at (0,342) width 302: "a bit of dummy text a bit of dummy text a bit of "
          text run at (302,342) width 75: "dummy text"
          text run at (0,361) width 354: "a bit of dummy text a bit of dummy text a bit of dummy "
          text run at (354,361) width 23: "text"
          text run at (0,380) width 377: "a bit of dummy text a bit of dummy text a bit of dummy text"
          text run at (0,399) width 11: "a "
          text run at (11,399) width 366: "bit of dummy text a bit of dummy text a bit of dummy text"
          text run at (0,418) width 48: "a bit of "
          text run at (48,418) width 329: "dummy text a bit of dummy text a bit of dummy text"
          text run at (0,437) width 100: "a bit of dummy "
          text run at (100,437) width 277: "text a bit of dummy text a bit of dummy text"
          text run at (0,456) width 138: "a bit of dummy text a "
          text run at (138,456) width 239: "bit of dummy text a bit of dummy text"
          text run at (0,475) width 175: "a bit of dummy text a bit of "
          text run at (175,475) width 202: "dummy text a bit of dummy text"
          text run at (0,494) width 227: "a bit of dummy text a bit of dummy "
          text run at (227,494) width 150: "text a bit of dummy text"
          text run at (0,513) width 227: "a bit of dummy text a bit of dummy "
          text run at (227,513) width 23: "text"
