layer at (0,0) size 800x600
  RenderView at (0,0) size 800x600
layer at (0,0) size 800x135
  RenderBlock {HTML} at (0,0) size 800x135
    RenderBody {BODY} at (8,16) size 784x111
      RenderBlock {P} at (0,0) size 784x19
        RenderText {#text} at (0,0) size 238x19
          text run at (0,0) width 238: "There should be a green block below."
      RenderBlock {DIV} at (0,35) size 160x76 [color=#008000] [bgcolor=#FF0000] [border: (3px solid #000000)]
        RenderBlock {DIV} at (3,3) size 154x70
          RenderText {#text} at (0,0) size 154x71
            text run at (0,0) width 154: "  _  _  _  "
            text run at (0,14) width 154: "  _  _  _  "
            text run at (0,28) width 154: "__ __ __ __"
            text run at (0,42) width 154: "  _  _  _  "
            text run at (0,56) width 154: "  _  _  _  "
