layer at (0,0) size 800x600
  RenderView at (0,0) size 800x600
layer at (0,0) size 800x229
  RenderBlock {HTML} at (0,0) size 800x229
    RenderBody {BODY} at (8,16) size 784x205
      RenderBlock {P} at (0,0) size 784x19
        RenderText {#text} at (0,0) size 317x19
          text run at (0,0) width 317: "There should be no red borders on the table below"
      RenderTable {TABLE} at (0,35) size 138x170 [border: (2px none #808080)]
        RenderTableSection {TBODY} at (2,2) size 133x165
          RenderTableRow {TR} at (0,0) size 133x55
            RenderTableCell {TD} at (0,14) size 44x26 [border: (3px outset #00FF00)] [r=0 c=0 rs=1 cs=1]
              RenderText {#text} at (4,4) size 37x19
                text run at (4,4) width 37: "outset"
            RenderTableCell {TD} at (44,15) size 45x24 [border: (3px outset #00FF00) none (3px outset #00FF00)] [r=0 c=1 rs=1 cs=1]
              RenderText {#text} at (4,4) size 37x19
                text run at (4,4) width 37: "outset"
            RenderTableCell {TD} at (89,14) size 44x26 [border: (3px outset #00FF00)] [r=0 c=2 rs=1 cs=1]
              RenderText {#text} at (4,4) size 37x19
                text run at (4,4) width 37: "outset"
          RenderTableRow {TR} at (0,55) size 133x55
            RenderTableCell {TD} at (0,69) size 44x26 [border: (3px outset #00FF00) none (2px outset #00FF00)] [r=1 c=0 rs=1 cs=1]
              RenderText {#text} at (4,4) size 37x19
                text run at (4,4) width 37: "outset"
            RenderTableCell {TD} at (44,72) size 45x21 [r=1 c=1 rs=1 cs=1]
              RenderText {#text} at (1,1) size 43x19
                text run at (1,1) width 43: "hidden"
            RenderTableCell {TD} at (89,69) size 44x26 [border: (3px outset #00FF00) none] [r=1 c=2 rs=1 cs=1]
              RenderText {#text} at (1,4) size 37x19
                text run at (1,4) width 37: "outset"
          RenderTableRow {TR} at (0,110) size 133x55
            RenderTableCell {TD} at (0,124) size 44x26 [border: (3px outset #00FF00)] [r=2 c=0 rs=1 cs=1]
              RenderText {#text} at (4,4) size 37x19
                text run at (4,4) width 37: "outset"
            RenderTableCell {TD} at (44,126) size 45x23 [border: none (2px outset #00FF00)] [r=2 c=1 rs=1 cs=1]
              RenderText {#text} at (4,1) size 37x19
                text run at (4,1) width 37: "outset"
            RenderTableCell {TD} at (89,124) size 44x26 [border: (3px outset #00FF00)] [r=2 c=2 rs=1 cs=1]
              RenderText {#text} at (4,4) size 37x19
                text run at (4,4) width 37: "outset"
