layer at (0,0) size 800x600
  RenderView at (0,0) size 800x600
layer at (0,0) size 800x229
  RenderBlock {HTML} at (0,0) size 800x229
    RenderBody {BODY} at (8,16) size 784x205
      RenderBlock {P} at (0,0) size 784x19
        RenderText {#text} at (0,0) size 317x19
          text run at (0,0) width 317: "There should be no red borders on the table below"
      RenderTable {TABLE} at (0,35) size 117x170 [border: (2px none #808080)]
        RenderTableSection {TBODY} at (2,2) size 112x165
          RenderTableRow {TR} at (0,0) size 112x55
            RenderTableCell {TD} at (0,14) size 37x26 [border: (3px solid #00FF00)] [r=0 c=0 rs=1 cs=1]
              RenderText {#text} at (4,4) size 30x19
                text run at (4,4) width 30: "solid"
            RenderTableCell {TD} at (37,14) size 38x26 [border: (3px solid #00FF00)] [r=0 c=1 rs=1 cs=1]
              RenderText {#text} at (4,4) size 30x19
                text run at (4,4) width 30: "solid"
            RenderTableCell {TD} at (75,14) size 37x26 [border: (3px solid #00FF00)] [r=0 c=2 rs=1 cs=1]
              RenderText {#text} at (4,4) size 30x19
                text run at (4,4) width 30: "solid"
          RenderTableRow {TR} at (0,55) size 112x55
            RenderTableCell {TD} at (0,69) size 37x26 [border: (3px solid #00FF00)] [r=1 c=0 rs=1 cs=1]
              RenderText {#text} at (4,4) size 30x19
                text run at (4,4) width 30: "solid"
            RenderTableCell {TD} at (37,69) size 38x26 [border: (3px none #FF0000)] [r=1 c=1 rs=1 cs=1]
              RenderText {#text} at (4,4) size 31x19
                text run at (4,4) width 31: "none"
            RenderTableCell {TD} at (75,69) size 37x26 [border: (3px solid #00FF00)] [r=1 c=2 rs=1 cs=1]
              RenderText {#text} at (4,4) size 30x19
                text run at (4,4) width 30: "solid"
          RenderTableRow {TR} at (0,110) size 112x55
            RenderTableCell {TD} at (0,124) size 37x26 [border: (3px solid #00FF00)] [r=2 c=0 rs=1 cs=1]
              RenderText {#text} at (4,4) size 30x19
                text run at (4,4) width 30: "solid"
            RenderTableCell {TD} at (37,124) size 38x26 [border: (3px solid #00FF00)] [r=2 c=1 rs=1 cs=1]
              RenderText {#text} at (4,4) size 30x19
                text run at (4,4) width 30: "solid"
            RenderTableCell {TD} at (75,124) size 37x26 [border: (3px solid #00FF00)] [r=2 c=2 rs=1 cs=1]
              RenderText {#text} at (4,4) size 30x19
                text run at (4,4) width 30: "solid"
