layer at (0,0) size 785x4625
  RenderView at (0,0) size 785x600
layer at (0,0) size 785x4625
  RenderBlock {HTML} at (0,0) size 785x4625
    RenderBody {BODY} at (8,8) size 769x4609
      RenderBlock {DIV} at (0,0) size 769x4593
        RenderBlock (anonymous) at (0,0) size 769x20
          RenderText {#text} at (0,0) size 4x19
            text run at (0,0) width 4: " "
        RenderTable {TABLE} at (67,20) size 474x4525
          RenderTableSection {TBODY} at (0,0) size 473x4525
            RenderTableRow {TR} at (0,0) size 473x21
              RenderTableCell {TD} at (0,0) size 473x21 [r=0 c=0 rs=1 cs=4]
                RenderBlock {P} at (7,0) size 460x0
                  RenderInline {B} at (0,0) size 0x0
                    RenderInline {SPAN} at (0,0) size 0x0
                      RenderInline {O:P} at (0,0) size 0x0
                RenderBlock {P} at (7,0) size 460x21
                  RenderInline {B} at (0,0) size 405x15
                    RenderInline {SPAN} at (0,0) size 405x15
                      RenderInline {FONT} at (0,0) size 405x20 [color=#008080]
                        RenderText {#text} at (27,0) size 405x20
                          text run at (27,0) width 190: "Radio Channel usage at "
                          text run at (217,0) width 215: "Bayside.    Rev date 6-25-01"
                RenderBlock {P} at (7,21) size 460x0
                  RenderInline {B} at (0,0) size 0x0
                    RenderInline {SPAN} at (0,0) size 0x0
                      RenderInline {O:P} at (0,0) size 0x0
            RenderTableRow {TR} at (0,21) size 473x36
              RenderTableCell {TD} at (0,21) size 98x36 [r=1 c=0 rs=1 cs=1]
                RenderInline {B} at (0,0) size 54x37
                  RenderInline {SPAN} at (0,0) size 54x35
                    RenderText {#text} at (22,0) size 54x35
                      text run at (22,0) width 54: "Channel"
                      text run at (24,18) width 50: "number"
                RenderText {#text} at (0,0) size 0x0
              RenderTableCell {TD} at (98,21) size 170x18 [r=1 c=1 rs=1 cs=1]
                RenderInline {B} at (0,0) size 96x19
                  RenderInline {SPAN} at (0,0) size 96x17
                    RenderText {#text} at (37,0) size 96x17
                      text run at (37,0) width 96: "Member name"
                RenderText {#text} at (0,0) size 0x0
              RenderTableCell {TD} at (268,21) size 99x36 [r=1 c=2 rs=1 cs=1]
                RenderBlock {P} at (7,0) size 86x18
                  RenderInline {B} at (0,0) size 45x15
                    RenderInline {SPAN} at (0,0) size 45x17
                      RenderText {#text} at (20,0) size 45x17
                        text run at (20,0) width 45: "Proper"
                      RenderInline {SPAN} at (0,0) size 0x17
                        RenderInline {O:P} at (0,0) size 0x17
                RenderBlock {P} at (7,18) size 86x18
                  RenderInline {B} at (0,0) size 37x15
                    RenderInline {SPAN} at (0,0) size 37x17
                      RenderText {#text} at (24,0) size 37x17
                        text run at (24,0) width 37: "Plane"
              RenderTableCell {TD} at (367,21) size 106x36 [r=1 c=3 rs=1 cs=1]
                RenderBlock {P} at (7,0) size 93x18
                  RenderInline {B} at (0,0) size 70x15
                    RenderInline {SPAN} at (0,0) size 70x17
                      RenderText {#text} at (11,0) size 70x17
                        text run at (11,0) width 70: "Helicopter"
                      RenderInline {SPAN} at (0,0) size 0x17
                        RenderInline {O:P} at (0,0) size 0x17
                RenderBlock {P} at (7,18) size 93x18
                  RenderInline {B} at (0,0) size 50x15
                    RenderInline {SPAN} at (0,0) size 50x17
                      RenderText {#text} at (21,0) size 50x17
                        text run at (21,0) width 50: "thingy.-"
            RenderTableRow {TR} at (0,57) size 473x32
              RenderTableCell {TD} at (0,57) size 98x16 [r=2 c=0 rs=1 cs=1]
                RenderBlock {P} at (7,0) size 85x16
                  RenderText {#text} at (36,0) size 12x15
                    text run at (36,0) width 12: "00"
                  RenderInline {SPAN} at (0,0) size 0x15
                    RenderInline {O:P} at (0,0) size 0x15
              RenderTableCell {TD} at (98,57) size 170x32 [r=2 c=1 rs=1 cs=1]
                RenderBlock {P} at (7,0) size 157x16
                  RenderText {#text} at (0,0) size 54x15
                    text run at (0,0) width 54: "Paul Scott"
                RenderBlock {P} at (7,16) size 157x16
                  RenderText {#text} at (0,0) size 90x15
                    text run at (0,0) width 90: "Donald Carvalho"
                  RenderInline {SPAN} at (0,0) size 0x15
                    RenderInline {O:P} at (0,0) size 0x15
              RenderTableCell {TD} at (268,57) size 99x16 [r=2 c=2 rs=1 cs=1]
                RenderBlock {P} at (7,0) size 86x16
                  RenderText {#text} at (34,0) size 17x15
                    text run at (34,0) width 17: "No"
                  RenderInline {SPAN} at (0,0) size 1x15
                    RenderInline {O:P} at (0,0) size 1x15
              RenderTableCell {TD} at (367,57) size 106x16 [r=2 c=3 rs=1 cs=1]
                RenderBlock {P} at (7,0) size 93x16
                  RenderText {#text} at (36,0) size 20x15
                    text run at (36,0) width 20: "Yes"
                  RenderInline {SPAN} at (0,0) size 0x15
                    RenderInline {O:P} at (0,0) size 0x15
            RenderTableRow {TR} at (0,89) size 473x16
              RenderTableCell {TD} at (0,89) size 98x16 [r=3 c=0 rs=1 cs=1]
                RenderBlock {P} at (7,0) size 85x16
                  RenderText {#text} at (36,0) size 12x15
                    text run at (36,0) width 12: "01"
                  RenderInline {SPAN} at (0,0) size 0x15
                    RenderInline {O:P} at (0,0) size 0x15
              RenderTableCell {TD} at (98,89) size 170x16 [r=3 c=1 rs=1 cs=1]
                RenderBlock {P} at (7,0) size 157x16
                  RenderText {#text} at (0,0) size 54x15
                    text run at (0,0) width 54: "Paul Scott"
                  RenderInline {SPAN} at (0,0) size 0x15
                    RenderInline {O:P} at (0,0) size 0x15
              RenderTableCell {TD} at (268,89) size 99x16 [r=3 c=2 rs=1 cs=1]
                RenderBlock {P} at (7,0) size 86x16
                  RenderText {#text} at (34,0) size 17x15
                    text run at (34,0) width 17: "No"
                  RenderInline {SPAN} at (0,0) size 1x15
                    RenderInline {O:P} at (0,0) size 1x15
              RenderTableCell {TD} at (367,89) size 106x16 [r=3 c=3 rs=1 cs=1]
                RenderBlock {P} at (7,0) size 93x16
                  RenderText {#text} at (36,0) size 20x15
                    text run at (36,0) width 20: "Yes"
                  RenderInline {SPAN} at (0,0) size 0x15
                    RenderInline {O:P} at (0,0) size 0x15
            RenderTableRow {TR} at (0,105) size 473x20
              RenderTableCell {TD} at (0,105) size 98x16 [r=4 c=0 rs=1 cs=1]
                RenderBlock {P} at (7,0) size 85x16
                  RenderInline {FONT} at (0,0) size 12x15
                    RenderText {#text} at (36,0) size 12x15
                      text run at (36,0) width 12: "02"
                  RenderText {#text} at (0,0) size 0x0
              RenderTableCell {TD} at (98,105) size 170x16 [r=4 c=1 rs=1 cs=1]
                RenderInline {FONT} at (0,0) size 55x15
                  RenderText {#text} at (7,0) size 55x15
                    text run at (7,0) width 55: "Don Coon"
                RenderText {#text} at (0,0) size 0x0
              RenderTableCell {TD} at (268,105) size 99x20 [r=4 c=2 rs=1 cs=1]
                RenderText {#text} at (7,0) size 4x19
                  text run at (7,0) width 4: " "
              RenderTableCell {TD} at (367,105) size 106x20 [r=4 c=3 rs=1 cs=1]
                RenderText {#text} at (7,0) size 4x19
                  text run at (7,0) width 4: " "
            RenderTableRow {TR} at (0,125) size 473x32
              RenderTableCell {TD} at (0,125) size 98x16 [r=5 c=0 rs=1 cs=1]
                RenderInline {FONT} at (0,0) size 12x15
                  RenderText {#text} at (43,0) size 12x15
                    text run at (43,0) width 12: "05"
                RenderText {#text} at (0,0) size 0x0
              RenderTableCell {TD} at (98,125) size 170x32 [r=5 c=1 rs=1 cs=1]
                RenderBlock {P} at (7,0) size 157x16
                  RenderInline {FONT} at (0,0) size 54x15
                    RenderText {#text} at (0,0) size 54x15
                      text run at (0,0) width 54: "Paul Scott"
                RenderBlock {P} at (7,16) size 157x16
                  RenderInline {FONT} at (0,0) size 47x15
                    RenderText {#text} at (0,0) size 47x15
                      text run at (0,0) width 47: "Bill Hunt"
                    RenderInline {SPAN} at (0,0) size 0x15
                      RenderInline {O:P} at (0,0) size 0x15
              RenderTableCell {TD} at (268,125) size 99x16 [r=5 c=2 rs=1 cs=1]
                RenderBlock {P} at (7,0) size 86x16
                  RenderInline {FONT} at (0,0) size 17x15
                    RenderText {#text} at (34,0) size 17x15
                      text run at (34,0) width 17: "No"
                    RenderInline {SPAN} at (0,0) size 1x15
                      RenderInline {O:P} at (0,0) size 1x15
              RenderTableCell {TD} at (367,125) size 106x16 [r=5 c=3 rs=1 cs=1]
                RenderBlock {P} at (7,0) size 93x16
                  RenderInline {FONT} at (0,0) size 20x15
                    RenderText {#text} at (36,0) size 20x15
                      text run at (36,0) width 20: "Yes"
                    RenderInline {SPAN} at (0,0) size 0x15
                      RenderInline {O:P} at (0,0) size 0x15
            RenderTableRow {TR} at (0,157) size 473x32
              RenderTableCell {TD} at (0,157) size 98x16 [r=6 c=0 rs=1 cs=1]
                RenderInline {FONT} at (0,0) size 12x15
                  RenderText {#text} at (43,0) size 12x15
                    text run at (43,0) width 12: "06"
                RenderText {#text} at (0,0) size 0x0
              RenderTableCell {TD} at (98,157) size 170x32 [r=6 c=1 rs=1 cs=1]
                RenderInline {FONT} at (0,0) size 128x31
                  RenderText {#text} at (7,0) size 128x31
                    text run at (7,0) width 128: "Gene Pheiffer                   "
                    text run at (7,16) width 81: "Alberto Lanzas"
                RenderText {#text} at (0,0) size 0x0
              RenderTableCell {TD} at (268,157) size 99x32 [r=6 c=2 rs=1 cs=1]
                RenderBlock {P} at (7,0) size 86x16
                  RenderText {#text} at (32,0) size 21x15
                    text run at (32,0) width 21: "Yes"
                RenderBlock {P} at (7,16) size 86x16
                  RenderText {#text} at (32,0) size 21x15
                    text run at (32,0) width 21: "Yes"
              RenderTableCell {TD} at (367,157) size 106x32 [r=6 c=3 rs=1 cs=1]
                RenderBlock (anonymous) at (7,0) size 93x16
                  RenderInline {SPAN} at (0,0) size 16x19
                    RenderInline {FONT} at (0,0) size 16x15
                      RenderText {#text} at (38,0) size 16x15
                        text run at (38,0) width 16: "No"
                  RenderText {#text} at (0,0) size 0x0
                RenderBlock {P} at (7,16) size 93x16
                  RenderText {#text} at (36,0) size 20x15
                    text run at (36,0) width 20: "Yes"
            RenderTableRow {TR} at (0,189) size 473x16
              RenderTableCell {TD} at (0,189) size 98x16 [r=7 c=0 rs=1 cs=1]
                RenderBlock {P} at (7,0) size 85x16
                  RenderInline {FONT} at (0,0) size 12x15
                    RenderText {#text} at (36,0) size 12x15
                      text run at (36,0) width 12: "07"
                  RenderText {#text} at (0,0) size 0x0
              RenderTableCell {TD} at (98,189) size 170x16 [r=7 c=1 rs=1 cs=1]
                RenderInline {FONT} at (0,0) size 47x15
                  RenderText {#text} at (7,0) size 47x15
                    text run at (7,0) width 47: "Phil Cole"
                RenderText {#text} at (0,0) size 0x0
              RenderTableCell {TD} at (268,189) size 99x16 [r=7 c=2 rs=1 cs=1]
                RenderBlock {P} at (7,0) size 86x16
                  RenderInline {FONT} at (0,0) size 21x15
                    RenderText {#text} at (32,0) size 21x15
                      text run at (32,0) width 21: "Yes"
                  RenderText {#text} at (0,0) size 0x0
              RenderTableCell {TD} at (367,189) size 106x16 [r=7 c=3 rs=1 cs=1]
                RenderBlock {P} at (7,0) size 93x16
                  RenderInline {FONT} at (0,0) size 20x15
                    RenderText {#text} at (36,0) size 20x15
                      text run at (36,0) width 20: "Yes"
                  RenderText {#text} at (0,0) size 0x0
            RenderTableRow {TR} at (0,205) size 473x32
              RenderTableCell {TD} at (0,205) size 98x16 [r=8 c=0 rs=1 cs=1]
                RenderBlock {P} at (7,0) size 85x16
                  RenderText {#text} at (36,0) size 12x15
                    text run at (36,0) width 12: "08"
                  RenderInline {SPAN} at (0,0) size 0x15
                    RenderInline {O:P} at (0,0) size 0x15
              RenderTableCell {TD} at (98,205) size 170x32 [r=8 c=1 rs=1 cs=1]
                RenderBlock {P} at (7,0) size 157x16
                  RenderText {#text} at (0,0) size 54x15
                    text run at (0,0) width 54: "Paul Scott"
                RenderBlock {P} at (7,16) size 157x16
                  RenderText {#text} at (0,0) size 71x15
                    text run at (0,0) width 71: "Gene Pheiffer"
                  RenderInline {SPAN} at (0,0) size 0x15
                    RenderInline {O:P} at (0,0) size 0x15
              RenderTableCell {TD} at (268,205) size 99x32 [r=8 c=2 rs=1 cs=1]
                RenderBlock {P} at (7,0) size 86x16
                  RenderText {#text} at (34,0) size 17x15
                    text run at (34,0) width 17: "No"
                RenderBlock {P} at (7,16) size 86x16
                  RenderText {#text} at (32,0) size 21x15
                    text run at (32,0) width 21: "Yes"
                  RenderInline {SPAN} at (0,0) size 1x15
                    RenderInline {O:P} at (0,0) size 1x15
              RenderTableCell {TD} at (367,205) size 106x32 [r=8 c=3 rs=1 cs=1]
                RenderBlock {P} at (7,0) size 93x16
                  RenderText {#text} at (36,0) size 20x15
                    text run at (36,0) width 20: "Yes"
                RenderBlock {P} at (7,16) size 93x16
                  RenderText {#text} at (38,0) size 16x15
                    text run at (38,0) width 16: "No"
                  RenderInline {SPAN} at (0,0) size 0x15
                    RenderInline {O:P} at (0,0) size 0x15
            RenderTableRow {TR} at (0,237) size 473x48
              RenderTableCell {TD} at (0,237) size 98x16 [r=9 c=0 rs=1 cs=1]
                RenderBlock {P} at (7,0) size 85x16
                  RenderText {#text} at (4,0) size 76x15
                    text run at (4,0) width 76: "Programmable"
                  RenderInline {SPAN} at (0,0) size 1x15
                    RenderInline {O:P} at (0,0) size 1x15
              RenderTableCell {TD} at (98,237) size 170x48 [r=9 c=1 rs=1 cs=1]
                RenderBlock {P} at (7,0) size 157x16
                  RenderText {#text} at (0,0) size 103x15
                    text run at (0,0) width 103: "Richard Pevehouse"
                  RenderInline {SPAN} at (0,0) size 0x15
                    RenderInline {O:P} at (0,0) size 0x15
                RenderBlock {P} at (7,16) size 157x16
                  RenderText {#text} at (0,0) size 60x15
                    text run at (0,0) width 60: "Gary Heath"
                RenderBlock {P} at (7,32) size 157x16
                  RenderText {#text} at (0,0) size 63x15
                    text run at (0,0) width 63: "Scott Hersh"
                  RenderInline {SPAN} at (0,0) size 0x15
                    RenderInline {O:P} at (0,0) size 0x15
              RenderTableCell {TD} at (268,237) size 99x32 [r=9 c=2 rs=1 cs=1]
                RenderBlock {P} at (7,0) size 86x16
                  RenderText {#text} at (32,0) size 21x15
                    text run at (32,0) width 21: "Yes"
                  RenderInline {SPAN} at (0,0) size 1x15
                    RenderInline {O:P} at (0,0) size 1x15
                RenderBlock {P} at (7,16) size 86x16
                  RenderText {#text} at (34,0) size 17x15
                    text run at (34,0) width 17: "No"
                  RenderInline {SPAN} at (0,0) size 1x15
                    RenderInline {O:P} at (0,0) size 1x15
              RenderTableCell {TD} at (367,237) size 106x32 [r=9 c=3 rs=1 cs=1]
                RenderBlock {P} at (7,0) size 93x16
                  RenderText {#text} at (38,0) size 16x15
                    text run at (38,0) width 16: "No"
                  RenderInline {SPAN} at (0,0) size 0x15
                    RenderInline {O:P} at (0,0) size 0x15
                RenderBlock {P} at (7,16) size 93x16
                  RenderText {#text} at (36,0) size 20x15
                    text run at (36,0) width 20: "Yes"
                  RenderInline {SPAN} at (0,0) size 0x15
                    RenderInline {O:P} at (0,0) size 0x15
            RenderTableRow {TR} at (0,285) size 473x112
              RenderTableCell {TD} at (0,285) size 98x16 [r=10 c=0 rs=1 cs=1]
                RenderBlock {P} at (7,0) size 85x16
                  RenderText {#text} at (36,0) size 12x15
                    text run at (36,0) width 12: "11"
                  RenderInline {SPAN} at (0,0) size 0x15
                    RenderInline {O:P} at (0,0) size 0x15
              RenderTableCell {TD} at (98,285) size 170x112 [r=10 c=1 rs=1 cs=1]
                RenderBlock {P} at (7,0) size 157x16
                  RenderText {#text} at (0,0) size 78x15
                    text run at (0,0) width 78: "George Cowan"
                  RenderInline {SPAN} at (0,0) size 0x15
                    RenderInline {O:P} at (0,0) size 0x15
                RenderBlock {P} at (7,16) size 157x16
                  RenderText {#text} at (0,0) size 70x15
                    text run at (0,0) width 70: "Rick Klement"
                  RenderInline {SPAN} at (0,0) size 0x15
                    RenderInline {O:P} at (0,0) size 0x15
                RenderBlock {P} at (7,32) size 157x16
                  RenderText {#text} at (0,0) size 79x15
                    text run at (0,0) width 79: "John Mathews"
                RenderBlock {P} at (7,48) size 157x16
                  RenderText {#text} at (0,0) size 53x15
                    text run at (0,0) width 53: "Ed Cypret"
                RenderBlock {P} at (7,64) size 157x16
                  RenderText {#text} at (0,0) size 81x15
                    text run at (0,0) width 81: "John Chamorro"
                RenderBlock {P} at (7,80) size 157x16
                  RenderText {#text} at (0,0) size 83x15
                    text run at (0,0) width 83: "John Yearwood"
                RenderBlock {P} at (7,96) size 157x16
                  RenderText {#text} at (0,0) size 88x15
                    text run at (0,0) width 88: "Jason Anderson"
                  RenderInline {SPAN} at (0,0) size 0x15
                    RenderInline {O:P} at (0,0) size 0x15
              RenderTableCell {TD} at (268,285) size 99x112 [r=10 c=2 rs=1 cs=1]
                RenderBlock {P} at (7,0) size 86x16
                  RenderText {#text} at (32,0) size 21x15
                    text run at (32,0) width 21: "Yes"
                  RenderInline {SPAN} at (0,0) size 1x15
                    RenderInline {O:P} at (0,0) size 1x15
                RenderBlock {P} at (7,16) size 86x16
                  RenderText {#text} at (32,0) size 21x15
                    text run at (32,0) width 21: "Yes"
                  RenderInline {SPAN} at (0,0) size 1x15
                    RenderInline {O:P} at (0,0) size 1x15
                RenderBlock {P} at (7,32) size 86x16
                  RenderText {#text} at (32,0) size 21x15
                    text run at (32,0) width 21: "Yes"
                RenderBlock {P} at (7,48) size 86x16
                  RenderText {#text} at (41,0) size 3x15
                    text run at (41,0) width 3: " "
                RenderBlock {P} at (7,64) size 86x16
                  RenderText {#text} at (41,0) size 3x15
                    text run at (41,0) width 3: " "
                RenderBlock {P} at (7,80) size 86x16
                  RenderText {#text} at (32,0) size 21x15
                    text run at (32,0) width 21: "Yes"
                RenderBlock {P} at (7,96) size 86x16
                  RenderText {#text} at (32,0) size 21x15
                    text run at (32,0) width 21: "Yes"
                  RenderInline {SPAN} at (0,0) size 1x15
                    RenderInline {O:P} at (0,0) size 1x15
              RenderTableCell {TD} at (367,285) size 106x112 [r=10 c=3 rs=1 cs=1]
                RenderBlock {P} at (7,0) size 93x16
                  RenderText {#text} at (38,0) size 16x15
                    text run at (38,0) width 16: "No"
                  RenderInline {SPAN} at (0,0) size 0x15
                    RenderInline {O:P} at (0,0) size 0x15
                RenderBlock {P} at (7,16) size 93x16
                  RenderText {#text} at (36,0) size 20x15
                    text run at (36,0) width 20: "Yes"
                  RenderInline {SPAN} at (0,0) size 0x15
                    RenderInline {O:P} at (0,0) size 0x15
                RenderBlock {P} at (7,32) size 93x16
                  RenderText {#text} at (38,0) size 16x15
                    text run at (38,0) width 16: "No"
                RenderBlock {P} at (7,48) size 93x16
                  RenderText {#text} at (44,0) size 4x15
                    text run at (44,0) width 4: " "
                RenderBlock {P} at (7,64) size 93x16
                  RenderText {#text} at (44,0) size 4x15
                    text run at (44,0) width 4: " "
                RenderBlock {P} at (7,80) size 93x16
                  RenderText {#text} at (38,0) size 16x15
                    text run at (38,0) width 16: "No"
                RenderBlock {P} at (7,96) size 93x16
                  RenderText {#text} at (38,0) size 16x15
                    text run at (38,0) width 16: "No"
                  RenderInline {SPAN} at (0,0) size 0x15
                    RenderInline {O:P} at (0,0) size 0x15
            RenderTableRow {TR} at (0,397) size 473x80
              RenderTableCell {TD} at (0,397) size 98x16 [r=11 c=0 rs=1 cs=1]
                RenderBlock {P} at (7,0) size 85x16
                  RenderText {#text} at (36,0) size 12x15
                    text run at (36,0) width 12: "12"
                  RenderInline {SPAN} at (0,0) size 0x15
                    RenderInline {O:P} at (0,0) size 0x15
              RenderTableCell {TD} at (98,397) size 170x80 [r=11 c=1 rs=1 cs=1]
                RenderBlock {P} at (7,0) size 157x16
                  RenderText {#text} at (0,0) size 70x15
                    text run at (0,0) width 70: "Rick Klement"
                RenderBlock {P} at (7,16) size 157x16
                  RenderText {#text} at (0,0) size 82x15
                    text run at (0,0) width 82: "George Coward"
                RenderBlock {P} at (7,32) size 157x16
                  RenderText {#text} at (0,0) size 81x15
                    text run at (0,0) width 81: "Gerald Cardinal"
                RenderBlock {P} at (7,48) size 157x16
                  RenderText {#text} at (0,0) size 69x15
                    text run at (0,0) width 69: "Brock Brown"
                RenderBlock {P} at (7,64) size 157x16
                  RenderText {#text} at (0,0) size 93x15
                    text run at (0,0) width 93: "Ellsworth Crowell"
              RenderTableCell {TD} at (268,397) size 99x80 [r=11 c=2 rs=1 cs=1]
                RenderBlock {P} at (7,0) size 86x16
                  RenderText {#text} at (32,0) size 21x15
                    text run at (32,0) width 21: "Yes"
                RenderBlock {P} at (7,16) size 86x16
                  RenderText {#text} at (32,0) size 21x15
                    text run at (32,0) width 21: "Yes"
                RenderBlock {P} at (7,32) size 86x16
                  RenderText {#text} at (41,0) size 3x15
                    text run at (41,0) width 3: " "
                RenderBlock {P} at (7,48) size 86x16
                  RenderText {#text} at (32,0) size 21x15
                    text run at (32,0) width 21: "Yes"
                RenderBlock {P} at (7,64) size 86x16
                  RenderText {#text} at (32,0) size 21x15
                    text run at (32,0) width 21: "Yes"
                  RenderInline {SPAN} at (0,0) size 1x15
                    RenderInline {O:P} at (0,0) size 1x15
              RenderTableCell {TD} at (367,397) size 106x80 [r=11 c=3 rs=1 cs=1]
                RenderBlock {P} at (7,0) size 93x16
                  RenderText {#text} at (36,0) size 20x15
                    text run at (36,0) width 20: "Yes"
                RenderBlock {P} at (7,16) size 93x16
                  RenderText {#text} at (38,0) size 16x15
                    text run at (38,0) width 16: "No"
                RenderBlock {P} at (7,32) size 93x16
                  RenderText {#text} at (44,0) size 4x15
                    text run at (44,0) width 4: " "
                RenderBlock {P} at (7,48) size 93x16
                  RenderText {#text} at (38,0) size 16x15
                    text run at (38,0) width 16: "No"
                RenderBlock {P} at (7,64) size 93x16
                  RenderText {#text} at (38,0) size 16x15
                    text run at (38,0) width 16: "No"
                  RenderInline {SPAN} at (0,0) size 0x15
                    RenderInline {O:P} at (0,0) size 0x15
            RenderTableRow {TR} at (0,477) size 473x64
              RenderTableCell {TD} at (0,477) size 98x16 [r=12 c=0 rs=1 cs=1]
                RenderBlock {P} at (7,0) size 85x16
                  RenderText {#text} at (36,0) size 12x15
                    text run at (36,0) width 12: "13"
                  RenderInline {SPAN} at (0,0) size 0x15
                    RenderInline {O:P} at (0,0) size 0x15
              RenderTableCell {TD} at (98,477) size 170x64 [r=12 c=1 rs=1 cs=1]
                RenderBlock {P} at (7,0) size 157x16
                  RenderText {#text} at (0,0) size 62x15
                    text run at (0,0) width 62: " Oliver Baer"
                RenderBlock {P} at (7,16) size 157x16
                  RenderText {#text} at (0,0) size 58x15
                    text run at (0,0) width 58: "Joe Araujo"
                RenderBlock {P} at (7,32) size 157x16
                  RenderText {#text} at (0,0) size 70x15
                    text run at (0,0) width 70: "Jim Mirowski"
                RenderBlock {P} at (7,48) size 157x16
                  RenderText {#text} at (0,0) size 63x15
                    text run at (0,0) width 63: "Scott Hersh"
                  RenderInline {SPAN} at (0,0) size 0x15
                    RenderInline {O:P} at (0,0) size 0x15
              RenderTableCell {TD} at (268,477) size 99x64 [r=12 c=2 rs=1 cs=1]
                RenderBlock {P} at (7,0) size 86x16
                  RenderText {#text} at (31,0) size 23x15
                    text run at (31,0) width 23: " Yes"
                RenderBlock {P} at (7,16) size 86x16
                  RenderText {#text} at (41,0) size 3x15
                    text run at (41,0) width 3: " "
                RenderBlock {P} at (7,32) size 86x16
                  RenderText {#text} at (41,0) size 3x15
                    text run at (41,0) width 3: " "
                RenderBlock {P} at (7,48) size 86x16
                  RenderText {#text} at (32,0) size 21x15
                    text run at (32,0) width 21: "Yes"
                  RenderInline {SPAN} at (0,0) size 1x15
                    RenderInline {O:P} at (0,0) size 1x15
              RenderTableCell {TD} at (367,477) size 106x64 [r=12 c=3 rs=1 cs=1]
                RenderBlock {P} at (7,0) size 93x16
                  RenderText {#text} at (36,0) size 20x15
                    text run at (36,0) width 20: " No"
                RenderBlock {P} at (7,16) size 93x16
                  RenderText {#text} at (44,0) size 4x15
                    text run at (44,0) width 4: " "
                RenderBlock {P} at (7,32) size 93x16
                  RenderText {#text} at (44,0) size 4x15
                    text run at (44,0) width 4: " "
                RenderBlock {P} at (7,48) size 93x16
                  RenderText {#text} at (38,0) size 16x15
                    text run at (38,0) width 16: "No"
                  RenderInline {SPAN} at (0,0) size 0x15
                    RenderInline {O:P} at (0,0) size 0x15
            RenderTableRow {TR} at (0,541) size 473x48
              RenderTableCell {TD} at (0,541) size 98x16 [r=13 c=0 rs=1 cs=1]
                RenderBlock {P} at (7,0) size 85x16
                  RenderText {#text} at (36,0) size 12x15
                    text run at (36,0) width 12: "14"
                  RenderInline {SPAN} at (0,0) size 0x15
                    RenderInline {O:P} at (0,0) size 0x15
              RenderTableCell {TD} at (98,541) size 170x48 [r=13 c=1 rs=1 cs=1]
                RenderBlock {P} at (7,0) size 157x16
                  RenderText {#text} at (0,0) size 61x15
                    text run at (0,0) width 61: " Joe Araujo"
                RenderBlock {P} at (7,16) size 157x16
                  RenderText {#text} at (0,0) size 68x15
                    text run at (0,0) width 68: "Steve Gilbert"
                RenderBlock {P} at (7,32) size 157x16
                  RenderText {#text} at (0,0) size 74x15
                    text run at (0,0) width 74: "Gary Williams"
                  RenderInline {SPAN} at (0,0) size 0x15
                    RenderInline {O:P} at (0,0) size 0x15
              RenderTableCell {TD} at (268,541) size 99x32 [r=13 c=2 rs=1 cs=1]
                RenderBlock {P} at (7,0) size 86x16
                  RenderText {#text} at (41,0) size 3x15
                    text run at (41,0) width 3: " "
                RenderBlock {P} at (7,16) size 86x16
                  RenderText {#text} at (32,0) size 21x15
                    text run at (32,0) width 21: "Yes"
                  RenderInline {SPAN} at (0,0) size 1x15
                    RenderInline {O:P} at (0,0) size 1x15
              RenderTableCell {TD} at (367,541) size 106x32 [r=13 c=3 rs=1 cs=1]
                RenderBlock {P} at (7,0) size 93x16
                  RenderText {#text} at (44,0) size 4x15
                    text run at (44,0) width 4: " "
                RenderBlock {P} at (7,16) size 93x16
                  RenderText {#text} at (38,0) size 16x15
                    text run at (38,0) width 16: "No"
                  RenderInline {SPAN} at (0,0) size 0x15
                    RenderInline {O:P} at (0,0) size 0x15
            RenderTableRow {TR} at (0,589) size 473x80
              RenderTableCell {TD} at (0,589) size 98x16 [r=14 c=0 rs=1 cs=1]
                RenderBlock {P} at (7,0) size 85x16
                  RenderText {#text} at (36,0) size 12x15
                    text run at (36,0) width 12: "15"
                  RenderInline {SPAN} at (0,0) size 0x15
                    RenderInline {O:P} at (0,0) size 0x15
              RenderTableCell {TD} at (98,589) size 170x80 [r=14 c=1 rs=1 cs=1]
                RenderBlock {P} at (7,0) size 157x16
                  RenderText {#text} at (0,0) size 62x15
                    text run at (0,0) width 62: " Oliver Baer"
                RenderBlock {P} at (7,16) size 157x16
                  RenderText {#text} at (0,0) size 51x15
                    text run at (0,0) width 51: "Joe Smith"
                RenderBlock {P} at (7,32) size 157x16
                  RenderText {#text} at (0,0) size 55x15
                    text run at (0,0) width 55: "John Paye"
                RenderBlock {P} at (7,48) size 157x16
                  RenderText {#text} at (0,0) size 83x15
                    text run at (0,0) width 83: "John Yearwood"
                RenderBlock {P} at (7,64) size 157x16
                  RenderText {#text} at (0,0) size 68x15
                    text run at (0,0) width 68: "Harald Close"
                  RenderInline {SPAN} at (0,0) size 0x15
                    RenderInline {O:P} at (0,0) size 0x15
              RenderTableCell {TD} at (268,589) size 99x80 [r=14 c=2 rs=1 cs=1]
                RenderBlock {P} at (7,0) size 86x16
                  RenderText {#text} at (31,0) size 23x15
                    text run at (31,0) width 23: " Yes"
                RenderBlock {P} at (7,16) size 86x16
                  RenderText {#text} at (41,0) size 3x15
                    text run at (41,0) width 3: " "
                RenderBlock {P} at (7,32) size 86x16
                  RenderText {#text} at (41,0) size 3x15
                    text run at (41,0) width 3: " "
                RenderBlock {P} at (7,48) size 86x16
                  RenderText {#text} at (32,0) size 21x15
                    text run at (32,0) width 21: "Yes"
                RenderBlock {P} at (7,64) size 86x16
                  RenderText {#text} at (32,0) size 21x15
                    text run at (32,0) width 21: "Yes"
                  RenderInline {SPAN} at (0,0) size 1x15
                    RenderInline {O:P} at (0,0) size 1x15
              RenderTableCell {TD} at (367,589) size 106x80 [r=14 c=3 rs=1 cs=1]
                RenderBlock {P} at (7,0) size 93x16
                  RenderText {#text} at (36,0) size 20x15
                    text run at (36,0) width 20: " No"
                RenderBlock {P} at (7,16) size 93x16
                  RenderText {#text} at (44,0) size 4x15
                    text run at (44,0) width 4: " "
                RenderBlock {P} at (7,32) size 93x16
                  RenderText {#text} at (44,0) size 4x15
                    text run at (44,0) width 4: " "
                RenderBlock {P} at (7,48) size 93x16
                  RenderText {#text} at (38,0) size 16x15
                    text run at (38,0) width 16: "No"
                RenderBlock {P} at (7,64) size 93x16
                  RenderText {#text} at (38,0) size 16x15
                    text run at (38,0) width 16: "No"
                  RenderInline {SPAN} at (0,0) size 0x15
                    RenderInline {O:P} at (0,0) size 0x15
            RenderTableRow {TR} at (0,669) size 473x32
              RenderTableCell {TD} at (0,669) size 98x16 [r=15 c=0 rs=1 cs=1]
                RenderBlock {P} at (7,0) size 85x16
                  RenderText {#text} at (36,0) size 12x15
                    text run at (36,0) width 12: "16"
                  RenderInline {SPAN} at (0,0) size 0x15
                    RenderInline {O:P} at (0,0) size 0x15
              RenderTableCell {TD} at (98,669) size 170x32 [r=15 c=1 rs=1 cs=1]
                RenderBlock {P} at (7,0) size 157x16
                  RenderText {#text} at (0,0) size 82x15
                    text run at (0,0) width 82: " James Haladus"
                RenderBlock {P} at (7,16) size 157x16
                  RenderText {#text} at (0,0) size 51x15
                    text run at (0,0) width 51: "Joe Smith"
                  RenderInline {SPAN} at (0,0) size 0x15
                    RenderInline {O:P} at (0,0) size 0x15
              RenderTableCell {TD} at (268,669) size 99x16 [r=15 c=2 rs=1 cs=1]
                RenderBlock {P} at (7,0) size 86x16
                  RenderText {#text} at (31,0) size 23x15
                    text run at (31,0) width 23: " Yes"
                  RenderInline {SPAN} at (0,0) size 0x15
                    RenderInline {O:P} at (0,0) size 0x15
              RenderTableCell {TD} at (367,669) size 106x16 [r=15 c=3 rs=1 cs=1]
                RenderBlock {P} at (7,0) size 93x16
                  RenderText {#text} at (36,0) size 20x15
                    text run at (36,0) width 20: " No"
                  RenderInline {SPAN} at (0,0) size 1x15
                    RenderInline {O:P} at (0,0) size 1x15
            RenderTableRow {TR} at (0,701) size 473x80
              RenderTableCell {TD} at (0,701) size 98x16 [r=16 c=0 rs=1 cs=1]
                RenderBlock {P} at (7,0) size 85x16
                  RenderText {#text} at (36,0) size 12x15
                    text run at (36,0) width 12: "17"
                  RenderInline {SPAN} at (0,0) size 0x15
                    RenderInline {O:P} at (0,0) size 0x15
              RenderTableCell {TD} at (98,701) size 170x80 [r=16 c=1 rs=1 cs=1]
                RenderBlock {P} at (7,0) size 157x16
                  RenderText {#text} at (0,0) size 59x15
                    text run at (0,0) width 59: "Doug Field"
                  RenderInline {SPAN} at (0,0) size 0x15
                    RenderInline {O:P} at (0,0) size 0x15
                RenderBlock {P} at (7,16) size 157x16
                  RenderText {#text} at (0,0) size 65x15
                    text run at (0,0) width 65: "Dave Neves"
                RenderBlock {P} at (7,32) size 157x16
                  RenderText {#text} at (0,0) size 59x15
                    text run at (0,0) width 59: "Oliver Baer"
                RenderBlock {P} at (7,48) size 157x16
                  RenderText {#text} at (0,0) size 58x15
                    text run at (0,0) width 58: "John Todd"
                RenderBlock {P} at (7,64) size 157x16
                  RenderText {#text} at (0,0) size 98x15
                    text run at (0,0) width 98: "Dave Christiansen"
                  RenderInline {SPAN} at (0,0) size 0x15
                    RenderInline {O:P} at (0,0) size 0x15
              RenderTableCell {TD} at (268,701) size 99x80 [r=16 c=2 rs=1 cs=1]
                RenderBlock {P} at (7,0) size 86x16
                  RenderText {#text} at (32,0) size 21x15
                    text run at (32,0) width 21: "Yes"
                  RenderInline {SPAN} at (0,0) size 1x15
                    RenderInline {O:P} at (0,0) size 1x15
                RenderBlock {P} at (7,16) size 86x16
                  RenderText {#text} at (32,0) size 21x15
                    text run at (32,0) width 21: "Yes"
                RenderBlock {P} at (7,32) size 86x16
                  RenderText {#text} at (32,0) size 21x15
                    text run at (32,0) width 21: "Yes"
                RenderBlock {P} at (7,48) size 86x16
                  RenderText {#text} at (41,0) size 3x15
                    text run at (41,0) width 3: " "
                RenderBlock {P} at (7,64) size 86x16
                  RenderText {#text} at (32,0) size 21x15
                    text run at (32,0) width 21: "Yes"
                  RenderInline {SPAN} at (0,0) size 1x15
                    RenderInline {O:P} at (0,0) size 1x15
              RenderTableCell {TD} at (367,701) size 106x80 [r=16 c=3 rs=1 cs=1]
                RenderBlock {P} at (7,0) size 93x16
                  RenderText {#text} at (38,0) size 16x15
                    text run at (38,0) width 16: "No"
                  RenderInline {SPAN} at (0,0) size 0x15
                    RenderInline {O:P} at (0,0) size 0x15
                RenderBlock {P} at (7,16) size 93x16
                  RenderText {#text} at (36,0) size 20x15
                    text run at (36,0) width 20: "Yes"
                RenderBlock {P} at (7,32) size 93x16
                  RenderText {#text} at (38,0) size 16x15
                    text run at (38,0) width 16: "No"
                RenderBlock {P} at (7,48) size 93x16
                  RenderText {#text} at (44,0) size 4x15
                    text run at (44,0) width 4: " "
                RenderBlock {P} at (7,64) size 93x16
                  RenderText {#text} at (38,0) size 16x15
                    text run at (38,0) width 16: "No"
                  RenderInline {SPAN} at (0,0) size 0x15
                    RenderInline {O:P} at (0,0) size 0x15
            RenderTableRow {TR} at (0,781) size 473x112
              RenderTableCell {TD} at (0,781) size 98x16 [r=17 c=0 rs=1 cs=1]
                RenderBlock {P} at (7,0) size 85x16
                  RenderText {#text} at (36,0) size 12x15
                    text run at (36,0) width 12: "18"
                  RenderInline {SPAN} at (0,0) size 0x15
                    RenderInline {O:P} at (0,0) size 0x15
              RenderTableCell {TD} at (98,781) size 170x112 [r=17 c=1 rs=1 cs=1]
                RenderBlock {P} at (7,0) size 157x16
                  RenderText {#text} at (0,0) size 78x15
                    text run at (0,0) width 78: "Robert Barnett"
                RenderBlock {P} at (7,16) size 157x16
                  RenderText {#text} at (0,0) size 72x15
                    text run at (0,0) width 72: "Jim Mahoney"
                RenderBlock {P} at (7,32) size 157x16
                  RenderText {#text} at (0,0) size 78x15
                    text run at (0,0) width 78: "Dave Marshall"
                RenderBlock {P} at (7,48) size 157x16
                  RenderText {#text} at (0,0) size 81x15
                    text run at (0,0) width 81: "Gerald Cardinal"
                RenderBlock {P} at (7,64) size 157x16
                  RenderText {#text} at (0,0) size 100x15
                    text run at (0,0) width 100: "Dan & Will Sievert"
                RenderBlock {P} at (7,80) size 157x16
                  RenderText {#text} at (0,0) size 93x15
                    text run at (0,0) width 93: "Ellsworth Crowell"
                RenderBlock {P} at (7,96) size 157x16
                  RenderText {#text} at (0,0) size 55x15
                    text run at (0,0) width 55: "Jim Colvin"
                  RenderInline {SPAN} at (0,0) size 0x15
                    RenderInline {O:P} at (0,0) size 0x15
              RenderTableCell {TD} at (268,781) size 99x96 [r=17 c=2 rs=1 cs=1]
                RenderBlock {P} at (7,0) size 86x16
                  RenderText {#text} at (32,0) size 21x15
                    text run at (32,0) width 21: "Yes"
                RenderBlock {P} at (7,16) size 86x16
                  RenderText {#text} at (32,0) size 21x15
                    text run at (32,0) width 21: "Yes"
                RenderBlock {P} at (7,32) size 86x16
                  RenderText {#text} at (32,0) size 21x15
                    text run at (32,0) width 21: "Yes"
                RenderBlock {P} at (7,48) size 86x16
                  RenderText {#text} at (41,0) size 3x15
                    text run at (41,0) width 3: " "
                RenderBlock {P} at (7,64) size 86x16
                  RenderText {#text} at (32,0) size 21x15
                    text run at (32,0) width 21: "Yes"
                RenderBlock {P} at (7,80) size 86x16
                  RenderText {#text} at (32,0) size 21x15
                    text run at (32,0) width 21: "Yes"
                  RenderInline {SPAN} at (0,0) size 1x15
                    RenderInline {O:P} at (0,0) size 1x15
              RenderTableCell {TD} at (367,781) size 106x96 [r=17 c=3 rs=1 cs=1]
                RenderBlock {P} at (7,0) size 93x16
                  RenderText {#text} at (38,0) size 16x15
                    text run at (38,0) width 16: "No"
                RenderBlock {P} at (7,16) size 93x16
                  RenderText {#text} at (36,0) size 20x15
                    text run at (36,0) width 20: "Yes"
                RenderBlock {P} at (7,32) size 93x16
                  RenderText {#text} at (38,0) size 16x15
                    text run at (38,0) width 16: "No"
                RenderBlock {P} at (7,48) size 93x16
                  RenderText {#text} at (44,0) size 4x15
                    text run at (44,0) width 4: " "
                RenderBlock {P} at (7,64) size 93x16
                  RenderText {#text} at (38,0) size 16x15
                    text run at (38,0) width 16: "No"
                RenderBlock {P} at (7,80) size 93x16
                  RenderText {#text} at (38,0) size 16x15
                    text run at (38,0) width 16: "No"
                  RenderInline {SPAN} at (0,0) size 0x15
                    RenderInline {O:P} at (0,0) size 0x15
            RenderTableRow {TR} at (0,893) size 473x64
              RenderTableCell {TD} at (0,893) size 98x16 [r=18 c=0 rs=1 cs=1]
                RenderBlock {P} at (7,0) size 85x16
                  RenderText {#text} at (36,0) size 12x15
                    text run at (36,0) width 12: "19"
                  RenderInline {SPAN} at (0,0) size 0x15
                    RenderInline {O:P} at (0,0) size 0x15
              RenderTableCell {TD} at (98,893) size 170x64 [r=18 c=1 rs=1 cs=1]
                RenderBlock {P} at (7,0) size 157x16
                  RenderInline {SPAN} at (0,0) size 65x15
                    RenderText {#text} at (0,0) size 65x15
                      text run at (0,0) width 39: "Noriya "
                      text run at (39,0) width 26: "Kato"
                RenderBlock {P} at (7,16) size 157x16
                  RenderText {#text} at (0,0) size 58x15
                    text run at (0,0) width 58: "John Todd"
                RenderBlock {P} at (7,32) size 157x16
                  RenderText {#text} at (0,0) size 70x15
                    text run at (0,0) width 70: "James Brown"
                RenderBlock {P} at (7,48) size 157x16
                  RenderText {#text} at (0,0) size 84x15
                    text run at (0,0) width 84: "Mike Anderson"
                  RenderInline {SPAN} at (0,0) size 0x15
                    RenderInline {O:P} at (0,0) size 0x15
              RenderTableCell {TD} at (268,893) size 99x64 [r=18 c=2 rs=1 cs=1]
                RenderBlock {P} at (7,0) size 86x16
                  RenderInline {SPAN} at (0,0) size 21x15
                    RenderText {#text} at (32,0) size 21x15
                      text run at (32,0) width 21: "Yes"
                RenderBlock {P} at (7,16) size 86x16
                  RenderText {#text} at (41,0) size 3x15
                    text run at (41,0) width 3: " "
                RenderBlock {P} at (7,32) size 86x16
                  RenderInline {SPAN} at (0,0) size 21x15
                    RenderText {#text} at (32,0) size 21x15
                      text run at (32,0) width 21: "Yes"
                RenderBlock {P} at (7,48) size 86x16
                  RenderInline {SPAN} at (0,0) size 21x15
                    RenderText {#text} at (32,0) size 21x15
                      text run at (32,0) width 21: "Yes"
                  RenderInline {SPAN} at (0,0) size 1x15
                    RenderInline {O:P} at (0,0) size 1x15
              RenderTableCell {TD} at (367,893) size 106x64 [r=18 c=3 rs=1 cs=1]
                RenderBlock {P} at (7,0) size 93x16
                  RenderInline {SPAN} at (0,0) size 16x15
                    RenderText {#text} at (38,0) size 16x15
                      text run at (38,0) width 16: "No"
                RenderBlock {P} at (7,16) size 93x16
                  RenderText {#text} at (44,0) size 4x15
                    text run at (44,0) width 4: " "
                RenderBlock {P} at (7,32) size 93x16
                  RenderInline {SPAN} at (0,0) size 16x15
                    RenderText {#text} at (38,0) size 16x15
                      text run at (38,0) width 16: "No"
                RenderBlock {P} at (7,48) size 93x16
                  RenderInline {SPAN} at (0,0) size 16x15
                    RenderText {#text} at (38,0) size 16x15
                      text run at (38,0) width 16: "No"
                  RenderInline {SPAN} at (0,0) size 0x15
                    RenderInline {O:P} at (0,0) size 0x15
            RenderTableRow {TR} at (0,957) size 473x48
              RenderTableCell {TD} at (0,957) size 98x16 [r=19 c=0 rs=1 cs=1]
                RenderBlock {P} at (7,0) size 85x16
                  RenderText {#text} at (36,0) size 12x15
                    text run at (36,0) width 12: "20"
                  RenderInline {SPAN} at (0,0) size 0x15
                    RenderInline {O:P} at (0,0) size 0x15
              RenderTableCell {TD} at (98,957) size 170x48 [r=19 c=1 rs=1 cs=1]
                RenderBlock {P} at (7,0) size 157x16
                  RenderText {#text} at (0,0) size 66x15
                    text run at (0,0) width 66: "Bill Johnson"
                RenderBlock {P} at (7,16) size 157x16
                  RenderText {#text} at (0,0) size 84x15
                    text run at (0,0) width 84: "Dominic Bayani"
                RenderBlock {P} at (7,32) size 157x16
                  RenderText {#text} at (0,0) size 65x15
                    text run at (0,0) width 65: "Rick Latham"
                  RenderInline {SPAN} at (0,0) size 0x15
                    RenderInline {O:P} at (0,0) size 0x15
              RenderTableCell {TD} at (268,957) size 99x48 [r=19 c=2 rs=1 cs=1]
                RenderBlock {P} at (7,0) size 86x16
                  RenderText {#text} at (32,0) size 21x15
                    text run at (32,0) width 21: "Yes"
                RenderBlock {P} at (7,16) size 86x16
                  RenderText {#text} at (41,0) size 3x15
                    text run at (41,0) width 3: " "
                RenderBlock {P} at (7,32) size 86x16
                  RenderText {#text} at (32,0) size 21x15
                    text run at (32,0) width 21: "Yes"
                  RenderInline {SPAN} at (0,0) size 1x15
                    RenderInline {O:P} at (0,0) size 1x15
              RenderTableCell {TD} at (367,957) size 106x48 [r=19 c=3 rs=1 cs=1]
                RenderBlock {P} at (7,0) size 93x16
                  RenderText {#text} at (38,0) size 16x15
                    text run at (38,0) width 16: "No"
                RenderBlock {P} at (7,16) size 93x16
                  RenderText {#text} at (44,0) size 4x15
                    text run at (44,0) width 4: " "
                RenderBlock {P} at (7,32) size 93x16
                  RenderText {#text} at (38,0) size 16x15
                    text run at (38,0) width 16: "No"
                  RenderInline {SPAN} at (0,0) size 0x15
                    RenderInline {O:P} at (0,0) size 0x15
            RenderTableRow {TR} at (0,1005) size 473x16
              RenderTableCell {TD} at (0,1005) size 98x16 [r=20 c=0 rs=1 cs=1]
                RenderBlock {P} at (7,0) size 85x16
                  RenderText {#text} at (36,0) size 12x15
                    text run at (36,0) width 12: "21"
                  RenderInline {SPAN} at (0,0) size 0x15
                    RenderInline {O:P} at (0,0) size 0x15
              RenderTableCell {TD} at (98,1005) size 170x16 [r=20 c=1 rs=1 cs=1]
                RenderBlock {P} at (7,0) size 157x16
                  RenderText {#text} at (0,0) size 62x15
                    text run at (0,0) width 62: " Simon Tam"
                  RenderInline {SPAN} at (0,0) size 0x15
                    RenderInline {O:P} at (0,0) size 0x15
              RenderTableCell {TD} at (268,1005) size 99x16 [r=20 c=2 rs=1 cs=1]
                RenderBlock {P} at (7,0) size 86x16
                  RenderText {#text} at (41,0) size 3x15
                    text run at (41,0) width 3: " "
                  RenderInline {SPAN} at (0,0) size 0x15
                    RenderInline {O:P} at (0,0) size 0x15
              RenderTableCell {TD} at (367,1005) size 106x16 [r=20 c=3 rs=1 cs=1]
                RenderBlock {P} at (7,0) size 93x16
                  RenderText {#text} at (44,0) size 4x15
                    text run at (44,0) width 4: " "
                  RenderInline {SPAN} at (0,0) size 1x15
                    RenderInline {O:P} at (0,0) size 1x15
            RenderTableRow {TR} at (0,1021) size 473x80
              RenderTableCell {TD} at (0,1021) size 98x16 [r=21 c=0 rs=1 cs=1]
                RenderBlock {P} at (7,0) size 85x16
                  RenderText {#text} at (36,0) size 12x15
                    text run at (36,0) width 12: "22"
                  RenderInline {SPAN} at (0,0) size 0x15
                    RenderInline {O:P} at (0,0) size 0x15
              RenderTableCell {TD} at (98,1021) size 170x80 [r=21 c=1 rs=1 cs=1]
                RenderBlock {P} at (7,0) size 157x16
                  RenderText {#text} at (0,0) size 65x15
                    text run at (0,0) width 65: "Dave Neves"
                  RenderInline {SPAN} at (0,0) size 0x15
                    RenderInline {O:P} at (0,0) size 0x15
                RenderBlock {P} at (7,16) size 157x16
                  RenderText {#text} at (0,0) size 89x15
                    text run at (0,0) width 89: "Grant Sanderson"
                  RenderInline {SPAN} at (0,0) size 0x15
                    RenderInline {O:P} at (0,0) size 0x15
                RenderBlock {P} at (7,32) size 157x16
                  RenderText {#text} at (0,0) size 84x15
                    text run at (0,0) width 84: "Maurice Burton"
                RenderBlock {P} at (7,48) size 157x16
                  RenderText {#text} at (0,0) size 110x15
                    text run at (0,0) width 110: "Mike Gilmartin ?????"
                RenderBlock {P} at (7,64) size 157x16
                  RenderText {#text} at (0,0) size 66x15
                    text run at (0,0) width 66: "Chris Walsh"
                  RenderInline {SPAN} at (0,0) size 0x15
                    RenderInline {O:P} at (0,0) size 0x15
              RenderTableCell {TD} at (268,1021) size 99x80 [r=21 c=2 rs=1 cs=1]
                RenderBlock {P} at (7,0) size 86x16
                  RenderText {#text} at (32,0) size 21x15
                    text run at (32,0) width 21: "Yes"
                  RenderInline {SPAN} at (0,0) size 1x15
                    RenderInline {O:P} at (0,0) size 1x15
                RenderBlock {P} at (7,16) size 86x16
                  RenderText {#text} at (32,0) size 21x15
                    text run at (32,0) width 21: "Yes"
                  RenderInline {SPAN} at (0,0) size 1x15
                    RenderInline {O:P} at (0,0) size 1x15
                RenderBlock {P} at (7,32) size 86x16
                  RenderText {#text} at (32,0) size 21x15
                    text run at (32,0) width 21: "Yes"
                RenderBlock {P} at (7,48) size 86x16
                  RenderText {#text} at (32,0) size 21x15
                    text run at (32,0) width 21: "Yes"
                RenderBlock {P} at (7,64) size 86x16
                  RenderText {#text} at (32,0) size 21x15
                    text run at (32,0) width 21: "Yes"
                  RenderInline {SPAN} at (0,0) size 1x15
                    RenderInline {O:P} at (0,0) size 1x15
              RenderTableCell {TD} at (367,1021) size 106x80 [r=21 c=3 rs=1 cs=1]
                RenderBlock {P} at (7,0) size 93x16
                  RenderText {#text} at (36,0) size 20x15
                    text run at (36,0) width 20: "Yes"
                  RenderInline {SPAN} at (0,0) size 0x15
                    RenderInline {O:P} at (0,0) size 0x15
                RenderBlock {P} at (7,16) size 93x16
                  RenderText {#text} at (38,0) size 16x15
                    text run at (38,0) width 16: "No"
                  RenderInline {SPAN} at (0,0) size 0x15
                    RenderInline {O:P} at (0,0) size 0x15
                RenderBlock {P} at (7,32) size 93x16
                  RenderText {#text} at (38,0) size 16x15
                    text run at (38,0) width 16: "No"
                RenderBlock {P} at (7,48) size 93x16
                  RenderText {#text} at (36,0) size 20x15
                    text run at (36,0) width 20: "Yes"
                RenderBlock {P} at (7,64) size 93x16
                  RenderText {#text} at (38,0) size 16x15
                    text run at (38,0) width 16: "No"
                  RenderInline {SPAN} at (0,0) size 0x15
                    RenderInline {O:P} at (0,0) size 0x15
            RenderTableRow {TR} at (0,1101) size 473x80
              RenderTableCell {TD} at (0,1101) size 98x16 [r=22 c=0 rs=1 cs=1]
                RenderBlock {P} at (7,0) size 85x16
                  RenderText {#text} at (36,0) size 12x15
                    text run at (36,0) width 12: "23"
                  RenderInline {SPAN} at (0,0) size 0x15
                    RenderInline {O:P} at (0,0) size 0x15
              RenderTableCell {TD} at (98,1101) size 170x80 [r=22 c=1 rs=1 cs=1]
                RenderBlock {P} at (7,0) size 157x16
                  RenderText {#text} at (0,0) size 65x15
                    text run at (0,0) width 65: "Dave Neves"
                  RenderInline {SPAN} at (0,0) size 0x15
                    RenderInline {O:P} at (0,0) size 0x15
                RenderBlock {P} at (7,16) size 157x16
                  RenderText {#text} at (0,0) size 84x15
                    text run at (0,0) width 84: "Maurice Burton"
                RenderBlock {P} at (7,32) size 157x16
                  RenderText {#text} at (0,0) size 59x15
                    text run at (0,0) width 59: "Oliver Baer"
                RenderBlock {P} at (7,48) size 157x16
                  RenderText {#text} at (0,0) size 58x15
                    text run at (0,0) width 58: "John Todd"
                RenderBlock {P} at (7,64) size 157x16
                  RenderText {#text} at (0,0) size 64x15
                    text run at (0,0) width 64: "Rich Saunef"
                  RenderInline {SPAN} at (0,0) size 0x15
                    RenderInline {O:P} at (0,0) size 0x15
              RenderTableCell {TD} at (268,1101) size 99x80 [r=22 c=2 rs=1 cs=1]
                RenderBlock {P} at (7,0) size 86x16
                  RenderText {#text} at (32,0) size 21x15
                    text run at (32,0) width 21: "Yes"
                  RenderInline {SPAN} at (0,0) size 1x15
                    RenderInline {O:P} at (0,0) size 1x15
                RenderBlock {P} at (7,16) size 86x16
                  RenderText {#text} at (32,0) size 21x15
                    text run at (32,0) width 21: "Yes"
                RenderBlock {P} at (7,32) size 86x16
                  RenderText {#text} at (32,0) size 21x15
                    text run at (32,0) width 21: "Yes"
                RenderBlock {P} at (7,48) size 86x16
                  RenderText {#text} at (41,0) size 3x15
                    text run at (41,0) width 3: " "
                RenderBlock {P} at (7,64) size 86x16
                  RenderText {#text} at (32,0) size 21x15
                    text run at (32,0) width 21: "Yes"
                  RenderInline {SPAN} at (0,0) size 1x15
                    RenderInline {O:P} at (0,0) size 1x15
              RenderTableCell {TD} at (367,1101) size 106x80 [r=22 c=3 rs=1 cs=1]
                RenderBlock {P} at (7,0) size 93x16
                  RenderText {#text} at (36,0) size 20x15
                    text run at (36,0) width 20: "Yes"
                  RenderInline {SPAN} at (0,0) size 0x15
                    RenderInline {O:P} at (0,0) size 0x15
                RenderBlock {P} at (7,16) size 93x16
                  RenderText {#text} at (38,0) size 16x15
                    text run at (38,0) width 16: "No"
                RenderBlock {P} at (7,32) size 93x16
                  RenderText {#text} at (38,0) size 16x15
                    text run at (38,0) width 16: "No"
                RenderBlock {P} at (7,48) size 93x16
                  RenderText {#text} at (44,0) size 4x15
                    text run at (44,0) width 4: " "
                RenderBlock {P} at (7,64) size 93x16
                  RenderText {#text} at (38,0) size 16x15
                    text run at (38,0) width 16: "No"
                  RenderInline {SPAN} at (0,0) size 0x15
                    RenderInline {O:P} at (0,0) size 0x15
            RenderTableRow {TR} at (0,1181) size 473x80
              RenderTableCell {TD} at (0,1181) size 98x16 [r=23 c=0 rs=1 cs=1]
                RenderBlock {P} at (7,0) size 85x16
                  RenderText {#text} at (36,0) size 12x15
                    text run at (36,0) width 12: "24"
                  RenderInline {SPAN} at (0,0) size 0x15
                    RenderInline {O:P} at (0,0) size 0x15
              RenderTableCell {TD} at (98,1181) size 170x80 [r=23 c=1 rs=1 cs=1]
                RenderBlock {P} at (7,0) size 157x16
                  RenderText {#text} at (0,0) size 65x15
                    text run at (0,0) width 65: " Dan Sievert"
                RenderBlock {P} at (7,16) size 157x16
                  RenderText {#text} at (0,0) size 60x15
                    text run at (0,0) width 60: "Jerry Davis"
                RenderBlock {P} at (7,32) size 157x16
                  RenderText {#text} at (0,0) size 63x15
                    text run at (0,0) width 63: "Scott Hersh"
                RenderBlock {P} at (7,48) size 157x16
                  RenderText {#text} at (0,0) size 46x15
                    text run at (0,0) width 46: "Rick Bell"
                RenderBlock {P} at (7,64) size 157x16
                  RenderText {#text} at (0,0) size 53x15
                    text run at (0,0) width 53: "Eric Shum"
                  RenderInline {SPAN} at (0,0) size 0x15
                    RenderInline {O:P} at (0,0) size 0x15
              RenderTableCell {TD} at (268,1181) size 99x80 [r=23 c=2 rs=1 cs=1]
                RenderBlock {P} at (7,0) size 86x16
                  RenderText {#text} at (31,0) size 23x15
                    text run at (31,0) width 23: " Yes"
                RenderBlock {P} at (7,16) size 86x16
                  RenderText {#text} at (32,0) size 21x15
                    text run at (32,0) width 21: "Yes"
                RenderBlock {P} at (7,32) size 86x16
                  RenderText {#text} at (32,0) size 21x15
                    text run at (32,0) width 21: "Yes"
                RenderBlock {P} at (7,48) size 86x16
                  RenderText {#text} at (32,0) size 21x15
                    text run at (32,0) width 21: "Yes"
                RenderBlock {P} at (7,64) size 86x16
                  RenderText {#text} at (32,0) size 21x15
                    text run at (32,0) width 21: "Yes"
                  RenderInline {SPAN} at (0,0) size 1x15
                    RenderInline {O:P} at (0,0) size 1x15
              RenderTableCell {TD} at (367,1181) size 106x80 [r=23 c=3 rs=1 cs=1]
                RenderBlock {P} at (7,0) size 93x16
                  RenderText {#text} at (36,0) size 20x15
                    text run at (36,0) width 20: " No"
                RenderBlock {P} at (7,16) size 93x16
                  RenderText {#text} at (38,0) size 16x15
                    text run at (38,0) width 16: "No"
                RenderBlock {P} at (7,32) size 93x16
                  RenderText {#text} at (38,0) size 16x15
                    text run at (38,0) width 16: "No"
                RenderBlock {P} at (7,48) size 93x16
                  RenderText {#text} at (38,0) size 16x15
                    text run at (38,0) width 16: "No"
                RenderBlock {P} at (7,64) size 93x16
                  RenderText {#text} at (38,0) size 16x15
                    text run at (38,0) width 16: "No"
                  RenderInline {SPAN} at (0,0) size 0x15
                    RenderInline {O:P} at (0,0) size 0x15
            RenderTableRow {TR} at (0,1261) size 473x32
              RenderTableCell {TD} at (0,1261) size 98x16 [r=24 c=0 rs=1 cs=1]
                RenderBlock {P} at (7,0) size 85x16
                  RenderText {#text} at (36,0) size 12x15
                    text run at (36,0) width 12: "25"
                  RenderInline {SPAN} at (0,0) size 0x15
                    RenderInline {O:P} at (0,0) size 0x15
              RenderTableCell {TD} at (98,1261) size 170x32 [r=24 c=1 rs=1 cs=1]
                RenderBlock {P} at (7,0) size 157x16
                  RenderText {#text} at (0,0) size 70x15
                    text run at (0,0) width 70: "James Davey"
                RenderBlock {P} at (7,16) size 157x16
                  RenderText {#text} at (0,0) size 90x15
                    text run at (0,0) width 90: "Ruenjoe (Joe) Lu"
                  RenderInline {SPAN} at (0,0) size 0x15
                    RenderInline {O:P} at (0,0) size 0x15
              RenderTableCell {TD} at (268,1261) size 99x16 [r=24 c=2 rs=1 cs=1]
                RenderBlock {P} at (7,0) size 86x16
                  RenderText {#text} at (32,0) size 21x15
                    text run at (32,0) width 21: "Yes"
                  RenderInline {SPAN} at (0,0) size 1x15
                    RenderInline {O:P} at (0,0) size 1x15
              RenderTableCell {TD} at (367,1261) size 106x16 [r=24 c=3 rs=1 cs=1]
                RenderBlock {P} at (7,0) size 93x16
                  RenderText {#text} at (36,0) size 20x15
                    text run at (36,0) width 20: "Yes"
                  RenderInline {SPAN} at (0,0) size 0x15
                    RenderInline {O:P} at (0,0) size 0x15
            RenderTableRow {TR} at (0,1293) size 473x160
              RenderTableCell {TD} at (0,1293) size 98x16 [r=25 c=0 rs=1 cs=1]
                RenderBlock {P} at (7,0) size 85x16
                  RenderText {#text} at (36,0) size 12x15
                    text run at (36,0) width 12: "26"
                  RenderInline {SPAN} at (0,0) size 0x15
                    RenderInline {O:P} at (0,0) size 0x15
              RenderTableCell {TD} at (98,1293) size 170x160 [r=25 c=1 rs=1 cs=1]
                RenderBlock {P} at (7,0) size 157x16
                  RenderText {#text} at (0,0) size 86x15
                    text run at (0,0) width 86: "Alan Littlewood"
                  RenderInline {SPAN} at (0,0) size 0x15
                    RenderInline {O:P} at (0,0) size 0x15
                RenderBlock {P} at (7,16) size 157x16
                  RenderText {#text} at (0,0) size 71x15
                    text run at (0,0) width 71: "Darren Braun"
                  RenderInline {SPAN} at (0,0) size 0x15
                    RenderInline {O:P} at (0,0) size 0x15
                RenderBlock {P} at (7,32) size 157x16
                  RenderText {#text} at (0,0) size 59x15
                    text run at (0,0) width 59: "Simon Tam"
                RenderBlock {P} at (7,48) size 157x16
                  RenderText {#text} at (0,0) size 74x15
                    text run at (0,0) width 74: "Chuck Pringle"
                RenderBlock {P} at (7,64) size 157x16
                  RenderText {#text} at (0,0) size 88x15
                    text run at (0,0) width 88: "Gary Pendergras"
                RenderBlock {P} at (7,80) size 157x16
                  RenderText {#text} at (0,0) size 78x15
                    text run at (0,0) width 78: "Peter Mazanec"
                RenderBlock {P} at (7,96) size 157x16
                  RenderText {#text} at (0,0) size 78x15
                    text run at (0,0) width 78: "Harry Imamura"
                RenderBlock {P} at (7,112) size 157x16
                  RenderText {#text} at (0,0) size 58x15
                    text run at (0,0) width 58: "Joe Araujo"
                RenderBlock {P} at (7,128) size 157x16
                  RenderText {#text} at (0,0) size 74x15
                    text run at (0,0) width 74: "Gary Williams"
                RenderBlock {P} at (7,144) size 157x16
                  RenderText {#text} at (0,0) size 86x15
                    text run at (0,0) width 86: "Jack Goodfriend"
                  RenderInline {SPAN} at (0,0) size 0x15
                    RenderInline {O:P} at (0,0) size 0x15
              RenderTableCell {TD} at (268,1293) size 99x112 [r=25 c=2 rs=1 cs=1]
                RenderBlock {P} at (7,0) size 86x16
                  RenderText {#text} at (32,0) size 21x15
                    text run at (32,0) width 21: "Yes"
                  RenderInline {SPAN} at (0,0) size 1x15
                    RenderInline {O:P} at (0,0) size 1x15
                RenderBlock {P} at (7,16) size 86x16
                  RenderText {#text} at (32,0) size 21x15
                    text run at (32,0) width 21: "Yes"
                  RenderInline {SPAN} at (0,0) size 1x15
                    RenderInline {O:P} at (0,0) size 1x15
                RenderBlock {P} at (7,32) size 86x16
                  RenderText {#text} at (32,0) size 21x15
                    text run at (32,0) width 21: "Yes"
                RenderBlock {P} at (7,48) size 86x16
                  RenderText {#text} at (32,0) size 21x15
                    text run at (32,0) width 21: "Yes"
                RenderBlock {P} at (7,64) size 86x16
                  RenderText {#text} at (32,0) size 21x15
                    text run at (32,0) width 21: "Yes"
                RenderBlock {P} at (7,80) size 86x16
                  RenderText {#text} at (32,0) size 21x15
                    text run at (32,0) width 21: "Yes"
                RenderBlock {P} at (7,96) size 86x16
                  RenderText {#text} at (34,0) size 17x15
                    text run at (34,0) width 17: "No"
                  RenderInline {SPAN} at (0,0) size 1x15
                    RenderInline {O:P} at (0,0) size 1x15
              RenderTableCell {TD} at (367,1293) size 106x112 [r=25 c=3 rs=1 cs=1]
                RenderBlock {P} at (7,0) size 93x16
                  RenderText {#text} at (38,0) size 16x15
                    text run at (38,0) width 16: "No"
                  RenderInline {SPAN} at (0,0) size 0x15
                    RenderInline {O:P} at (0,0) size 0x15
                RenderBlock {P} at (7,16) size 93x16
                  RenderText {#text} at (38,0) size 16x15
                    text run at (38,0) width 16: "No"
                  RenderInline {SPAN} at (0,0) size 0x15
                    RenderInline {O:P} at (0,0) size 0x15
                RenderBlock {P} at (7,32) size 93x16
                  RenderText {#text} at (38,0) size 16x15
                    text run at (38,0) width 16: "No"
                RenderBlock {P} at (7,48) size 93x16
                  RenderText {#text} at (38,0) size 16x15
                    text run at (38,0) width 16: "No"
                RenderBlock {P} at (7,64) size 93x16
                  RenderText {#text} at (38,0) size 16x15
                    text run at (38,0) width 16: "No"
                RenderBlock {P} at (7,80) size 93x16
                  RenderText {#text} at (38,0) size 16x15
                    text run at (38,0) width 16: "No"
                RenderBlock {P} at (7,96) size 93x16
                  RenderText {#text} at (36,0) size 20x15
                    text run at (36,0) width 20: "Yes"
                  RenderInline {SPAN} at (0,0) size 0x15
                    RenderInline {O:P} at (0,0) size 0x15
            RenderTableRow {TR} at (0,1453) size 473x96
              RenderTableCell {TD} at (0,1453) size 98x16 [r=26 c=0 rs=1 cs=1]
                RenderBlock {P} at (7,0) size 85x16
                  RenderText {#text} at (36,0) size 12x15
                    text run at (36,0) width 12: "27"
                  RenderInline {SPAN} at (0,0) size 0x15
                    RenderInline {O:P} at (0,0) size 0x15
              RenderTableCell {TD} at (98,1453) size 170x96 [r=26 c=1 rs=1 cs=1]
                RenderBlock {P} at (7,0) size 157x16
                  RenderText {#text} at (0,0) size 71x15
                    text run at (0,0) width 71: "Darren Braun"
                  RenderInline {SPAN} at (0,0) size 0x15
                    RenderInline {O:P} at (0,0) size 0x15
                RenderBlock {P} at (7,16) size 157x16
                  RenderText {#text} at (0,0) size 90x15
                    text run at (0,0) width 90: "Ian + Brad Carter"
                  RenderInline {SPAN} at (0,0) size 0x15
                    RenderInline {O:P} at (0,0) size 0x15
                RenderBlock {P} at (7,32) size 157x16
                  RenderText {#text} at (0,0) size 73x15
                    text run at (0,0) width 73: "Pete Peterson"
                RenderBlock {P} at (7,48) size 157x16
                  RenderText {#text} at (0,0) size 81x15
                    text run at (0,0) width 81: "John Chamorro"
                RenderBlock {P} at (7,64) size 157x16
                  RenderText {#text} at (0,0) size 65x15
                    text run at (0,0) width 65: "Ali Erdengiz"
                RenderBlock {P} at (7,80) size 157x16
                  RenderText {#text} at (0,0) size 55x15
                    text run at (0,0) width 55: "Saibal Sen"
                  RenderInline {SPAN} at (0,0) size 0x15
                    RenderInline {O:P} at (0,0) size 0x15
              RenderTableCell {TD} at (268,1453) size 99x96 [r=26 c=2 rs=1 cs=1]
                RenderBlock {P} at (7,0) size 86x16
                  RenderText {#text} at (32,0) size 21x15
                    text run at (32,0) width 21: "Yes"
                  RenderInline {SPAN} at (0,0) size 1x15
                    RenderInline {O:P} at (0,0) size 1x15
                RenderBlock {P} at (7,16) size 86x16
                  RenderText {#text} at (32,0) size 21x15
                    text run at (32,0) width 21: "Yes"
                  RenderInline {SPAN} at (0,0) size 1x15
                    RenderInline {O:P} at (0,0) size 1x15
                RenderBlock {P} at (7,32) size 86x16
                  RenderText {#text} at (32,0) size 21x15
                    text run at (32,0) width 21: "Yes"
                RenderBlock {P} at (7,48) size 86x16
                  RenderText {#text} at (41,0) size 3x15
                    text run at (41,0) width 3: " "
                RenderBlock {P} at (7,64) size 86x16
                  RenderText {#text} at (41,0) size 3x15
                    text run at (41,0) width 3: " "
                RenderBlock {P} at (7,80) size 86x16
                  RenderText {#text} at (32,0) size 21x15
                    text run at (32,0) width 21: "Yes"
                  RenderInline {SPAN} at (0,0) size 1x15
                    RenderInline {O:P} at (0,0) size 1x15
              RenderTableCell {TD} at (367,1453) size 106x96 [r=26 c=3 rs=1 cs=1]
                RenderBlock {P} at (7,0) size 93x16
                  RenderText {#text} at (38,0) size 16x15
                    text run at (38,0) width 16: "No"
                  RenderInline {SPAN} at (0,0) size 0x15
                    RenderInline {O:P} at (0,0) size 0x15
                RenderBlock {P} at (7,16) size 93x16
                  RenderText {#text} at (38,0) size 16x15
                    text run at (38,0) width 16: "No"
                  RenderInline {SPAN} at (0,0) size 0x15
                    RenderInline {O:P} at (0,0) size 0x15
                RenderBlock {P} at (7,32) size 93x16
                  RenderText {#text} at (38,0) size 16x15
                    text run at (38,0) width 16: "No"
                RenderBlock {P} at (7,48) size 93x16
                  RenderText {#text} at (44,0) size 4x15
                    text run at (44,0) width 4: " "
                RenderBlock {P} at (7,64) size 93x16
                  RenderText {#text} at (44,0) size 4x15
                    text run at (44,0) width 4: " "
                RenderBlock {P} at (7,80) size 93x16
                  RenderText {#text} at (38,0) size 16x15
                    text run at (38,0) width 16: "No"
                  RenderInline {SPAN} at (0,0) size 0x15
                    RenderInline {O:P} at (0,0) size 0x15
            RenderTableRow {TR} at (0,1549) size 473x144
              RenderTableCell {TD} at (0,1549) size 98x16 [r=27 c=0 rs=1 cs=1]
                RenderBlock {P} at (7,0) size 85x16
                  RenderText {#text} at (36,0) size 12x15
                    text run at (36,0) width 12: "28"
                  RenderInline {SPAN} at (0,0) size 0x15
                    RenderInline {O:P} at (0,0) size 0x15
              RenderTableCell {TD} at (98,1549) size 170x144 [r=27 c=1 rs=1 cs=1]
                RenderBlock {P} at (7,0) size 157x16
                  RenderText {#text} at (0,0) size 92x15
                    text run at (0,0) width 92: "Zak + Mike West"
                  RenderInline {SPAN} at (0,0) size 0x15
                    RenderInline {O:P} at (0,0) size 0x15
                RenderBlock {P} at (7,16) size 157x16
                  RenderText {#text} at (0,0) size 65x15
                    text run at (0,0) width 65: "Dave Neves"
                  RenderInline {SPAN} at (0,0) size 0x15
                    RenderInline {O:P} at (0,0) size 0x15
                RenderBlock {P} at (7,32) size 157x16
                  RenderText {#text} at (0,0) size 75x15
                    text run at (0,0) width 75: "Richard Green"
                  RenderInline {SPAN} at (0,0) size 0x15
                    RenderInline {O:P} at (0,0) size 0x15
                RenderBlock {P} at (7,48) size 157x16
                  RenderText {#text} at (0,0) size 67x15
                    text run at (0,0) width 67: "Javier Flores"
                RenderBlock {P} at (7,64) size 157x16
                  RenderText {#text} at (0,0) size 81x15
                    text run at (0,0) width 81: "Gerald Cardinal"
                RenderBlock {P} at (7,80) size 157x16
                  RenderText {#text} at (0,0) size 62x15
                    text run at (0,0) width 62: "Dan Sievert"
                RenderBlock {P} at (7,96) size 157x16
                  RenderText {#text} at (0,0) size 65x15
                    text run at (0,0) width 65: "Ali Erdengiz"
                RenderBlock {P} at (7,112) size 157x16
                  RenderText {#text} at (0,0) size 62x15
                    text run at (0,0) width 62: "Paul Walter"
                RenderBlock {P} at (7,128) size 157x16
                  RenderText {#text} at (0,0) size 60x15
                    text run at (0,0) width 60: "Jerry Davis"
                  RenderInline {SPAN} at (0,0) size 0x15
                    RenderInline {O:P} at (0,0) size 0x15
              RenderTableCell {TD} at (268,1549) size 99x144 [r=27 c=2 rs=1 cs=1]
                RenderBlock {P} at (7,0) size 86x16
                  RenderText {#text} at (32,0) size 21x15
                    text run at (32,0) width 21: "Yes"
                  RenderInline {SPAN} at (0,0) size 1x15
                    RenderInline {O:P} at (0,0) size 1x15
                RenderBlock {P} at (7,16) size 86x16
                  RenderText {#text} at (32,0) size 21x15
                    text run at (32,0) width 21: "Yes"
                  RenderInline {SPAN} at (0,0) size 1x15
                    RenderInline {O:P} at (0,0) size 1x15
                RenderBlock {P} at (7,32) size 86x16
                  RenderText {#text} at (32,0) size 21x15
                    text run at (32,0) width 21: "Yes"
                  RenderInline {SPAN} at (0,0) size 1x15
                    RenderInline {O:P} at (0,0) size 1x15
                RenderBlock {P} at (7,48) size 86x16
                  RenderText {#text} at (32,0) size 21x15
                    text run at (32,0) width 21: "Yes"
                RenderBlock {P} at (7,64) size 86x16
                  RenderText {#text} at (41,0) size 3x15
                    text run at (41,0) width 3: " "
                RenderBlock {P} at (7,80) size 86x16
                  RenderText {#text} at (32,0) size 21x15
                    text run at (32,0) width 21: "Yes"
                RenderBlock {P} at (7,96) size 86x16
                  RenderText {#text} at (41,0) size 3x15
                    text run at (41,0) width 3: " "
                RenderBlock {P} at (7,112) size 86x16
                  RenderText {#text} at (41,0) size 3x15
                    text run at (41,0) width 3: " "
                RenderBlock {P} at (7,128) size 86x16
                  RenderText {#text} at (32,0) size 21x15
                    text run at (32,0) width 21: "Yes"
                  RenderInline {SPAN} at (0,0) size 1x15
                    RenderInline {O:P} at (0,0) size 1x15
              RenderTableCell {TD} at (367,1549) size 106x144 [r=27 c=3 rs=1 cs=1]
                RenderBlock {P} at (7,0) size 93x16
                  RenderText {#text} at (36,0) size 20x15
                    text run at (36,0) width 20: "Yes"
                  RenderInline {SPAN} at (0,0) size 0x15
                    RenderInline {O:P} at (0,0) size 0x15
                RenderBlock {P} at (7,16) size 93x16
                  RenderText {#text} at (36,0) size 20x15
                    text run at (36,0) width 20: "Yes"
                  RenderInline {SPAN} at (0,0) size 0x15
                    RenderInline {O:P} at (0,0) size 0x15
                RenderBlock {P} at (7,32) size 93x16
                  RenderText {#text} at (38,0) size 16x15
                    text run at (38,0) width 16: "No"
                  RenderInline {SPAN} at (0,0) size 0x15
                    RenderInline {O:P} at (0,0) size 0x15
                RenderBlock {P} at (7,48) size 93x16
                  RenderText {#text} at (38,0) size 16x15
                    text run at (38,0) width 16: "No"
                RenderBlock {P} at (7,64) size 93x16
                  RenderText {#text} at (44,0) size 4x15
                    text run at (44,0) width 4: " "
                RenderBlock {P} at (7,80) size 93x16
                  RenderText {#text} at (38,0) size 16x15
                    text run at (38,0) width 16: "No"
                RenderBlock {P} at (7,96) size 93x16
                  RenderText {#text} at (44,0) size 4x15
                    text run at (44,0) width 4: " "
                RenderBlock {P} at (7,112) size 93x16
                  RenderText {#text} at (44,0) size 4x15
                    text run at (44,0) width 4: " "
                RenderBlock {P} at (7,128) size 93x16
                  RenderText {#text} at (38,0) size 16x15
                    text run at (38,0) width 16: "No"
                  RenderInline {SPAN} at (0,0) size 0x15
                    RenderInline {O:P} at (0,0) size 0x15
            RenderTableRow {TR} at (0,1693) size 473x48
              RenderTableCell {TD} at (0,1693) size 98x16 [r=28 c=0 rs=1 cs=1]
                RenderBlock {P} at (7,0) size 85x16
                  RenderText {#text} at (36,0) size 12x15
                    text run at (36,0) width 12: "29"
                  RenderInline {SPAN} at (0,0) size 0x15
                    RenderInline {O:P} at (0,0) size 0x15
              RenderTableCell {TD} at (98,1693) size 170x48 [r=28 c=1 rs=1 cs=1]
                RenderBlock {P} at (7,0) size 157x16
                  RenderText {#text} at (0,0) size 67x15
                    text run at (0,0) width 67: "Javier Flores"
                  RenderInline {SPAN} at (0,0) size 0x15
                    RenderInline {O:P} at (0,0) size 0x15
                RenderBlock {P} at (7,16) size 157x16
                  RenderText {#text} at (0,0) size 66x15
                    text run at (0,0) width 66: "Bill Johnson"
                RenderBlock {P} at (7,32) size 157x16
                  RenderText {#text} at (0,0) size 58x15
                    text run at (0,0) width 58: "John Todd"
                  RenderInline {SPAN} at (0,0) size 0x15
                    RenderInline {O:P} at (0,0) size 0x15
              RenderTableCell {TD} at (268,1693) size 99x32 [r=28 c=2 rs=1 cs=1]
                RenderBlock {P} at (7,0) size 86x16
                  RenderText {#text} at (32,0) size 21x15
                    text run at (32,0) width 21: "Yes"
                  RenderInline {SPAN} at (0,0) size 1x15
                    RenderInline {O:P} at (0,0) size 1x15
                RenderBlock {P} at (7,16) size 86x16
                  RenderText {#text} at (32,0) size 21x15
                    text run at (32,0) width 21: "Yes"
                  RenderInline {SPAN} at (0,0) size 1x15
                    RenderInline {O:P} at (0,0) size 1x15
              RenderTableCell {TD} at (367,1693) size 106x32 [r=28 c=3 rs=1 cs=1]
                RenderBlock {P} at (7,0) size 93x16
                  RenderText {#text} at (38,0) size 16x15
                    text run at (38,0) width 16: "No"
                  RenderInline {SPAN} at (0,0) size 0x15
                    RenderInline {O:P} at (0,0) size 0x15
                RenderBlock {P} at (7,16) size 93x16
                  RenderText {#text} at (38,0) size 16x15
                    text run at (38,0) width 16: "No"
                  RenderInline {SPAN} at (0,0) size 0x15
                    RenderInline {O:P} at (0,0) size 0x15
            RenderTableRow {TR} at (0,1741) size 473x112
              RenderTableCell {TD} at (0,1741) size 98x16 [r=29 c=0 rs=1 cs=1]
                RenderBlock {P} at (7,0) size 85x16
                  RenderText {#text} at (36,0) size 12x15
                    text run at (36,0) width 12: "30"
                  RenderInline {SPAN} at (0,0) size 0x15
                    RenderInline {O:P} at (0,0) size 0x15
              RenderTableCell {TD} at (98,1741) size 170x112 [r=29 c=1 rs=1 cs=1]
                RenderBlock {P} at (7,0) size 157x16
                  RenderText {#text} at (0,0) size 86x15
                    text run at (0,0) width 86: "Alan Littlewood"
                  RenderInline {SPAN} at (0,0) size 0x15
                    RenderInline {O:P} at (0,0) size 0x15
                RenderBlock {P} at (7,16) size 157x16
                  RenderText {#text} at (0,0) size 82x15
                    text run at (0,0) width 82: "George Coward"
                  RenderInline {SPAN} at (0,0) size 0x15
                    RenderInline {O:P} at (0,0) size 0x15
                RenderBlock {P} at (7,32) size 157x16
                  RenderText {#text} at (0,0) size 84x15
                    text run at (0,0) width 84: "Maurice Burton"
                RenderBlock {P} at (7,48) size 157x16
                  RenderText {#text} at (0,0) size 62x15
                    text run at (0,0) width 62: "Dan Sievert"
                RenderBlock {P} at (7,64) size 157x16
                  RenderText {#text} at (0,0) size 109x15
                    text run at (0,0) width 109: "Michael DeGiovanni"
                RenderBlock {P} at (7,80) size 157x16
                  RenderText {#text} at (0,0) size 86x15
                    text run at (0,0) width 86: "Jack Goodfriend"
                RenderBlock {P} at (7,96) size 157x16
                  RenderText {#text} at (0,0) size 88x15
                    text run at (0,0) width 88: "Richard Sanchez"
                  RenderInline {SPAN} at (0,0) size 0x15
                    RenderInline {O:P} at (0,0) size 0x15
              RenderTableCell {TD} at (268,1741) size 99x112 [r=29 c=2 rs=1 cs=1]
                RenderBlock {P} at (7,0) size 86x16
                  RenderText {#text} at (32,0) size 21x15
                    text run at (32,0) width 21: "Yes"
                  RenderInline {SPAN} at (0,0) size 1x15
                    RenderInline {O:P} at (0,0) size 1x15
                RenderBlock {P} at (7,16) size 86x16
                  RenderText {#text} at (32,0) size 21x15
                    text run at (32,0) width 21: "Yes"
                  RenderInline {SPAN} at (0,0) size 1x15
                    RenderInline {O:P} at (0,0) size 1x15
                RenderBlock {P} at (7,32) size 86x16
                  RenderText {#text} at (32,0) size 21x15
                    text run at (32,0) width 21: "Yes"
                RenderBlock {P} at (7,48) size 86x16
                  RenderText {#text} at (32,0) size 21x15
                    text run at (32,0) width 21: "Yes"
                RenderBlock {P} at (7,64) size 86x16
                  RenderText {#text} at (41,0) size 3x15
                    text run at (41,0) width 3: " "
                RenderBlock {P} at (7,80) size 86x16
                  RenderText {#text} at (41,0) size 3x15
                    text run at (41,0) width 3: " "
                RenderBlock {P} at (7,96) size 86x16
                  RenderText {#text} at (34,0) size 17x15
                    text run at (34,0) width 17: "No"
                  RenderInline {SPAN} at (0,0) size 1x15
                    RenderInline {O:P} at (0,0) size 1x15
              RenderTableCell {TD} at (367,1741) size 106x112 [r=29 c=3 rs=1 cs=1]
                RenderBlock {P} at (7,0) size 93x16
                  RenderText {#text} at (38,0) size 16x15
                    text run at (38,0) width 16: "No"
                  RenderInline {SPAN} at (0,0) size 0x15
                    RenderInline {O:P} at (0,0) size 0x15
                RenderBlock {P} at (7,16) size 93x16
                  RenderText {#text} at (38,0) size 16x15
                    text run at (38,0) width 16: "No"
                  RenderInline {SPAN} at (0,0) size 0x15
                    RenderInline {O:P} at (0,0) size 0x15
                RenderBlock {P} at (7,32) size 93x16
                  RenderText {#text} at (38,0) size 16x15
                    text run at (38,0) width 16: "No"
                RenderBlock {P} at (7,48) size 93x16
                  RenderText {#text} at (38,0) size 16x15
                    text run at (38,0) width 16: "No"
                RenderBlock {P} at (7,64) size 93x16
                  RenderText {#text} at (44,0) size 4x15
                    text run at (44,0) width 4: " "
                RenderBlock {P} at (7,80) size 93x16
                  RenderText {#text} at (44,0) size 4x15
                    text run at (44,0) width 4: " "
                RenderBlock {P} at (7,96) size 93x16
                  RenderText {#text} at (36,0) size 20x15
                    text run at (36,0) width 20: "Yes"
                  RenderInline {SPAN} at (0,0) size 0x15
                    RenderInline {O:P} at (0,0) size 0x15
            RenderTableRow {TR} at (0,1853) size 473x48
              RenderTableCell {TD} at (0,1853) size 98x16 [r=30 c=0 rs=1 cs=1]
                RenderBlock {P} at (7,0) size 85x16
                  RenderText {#text} at (36,0) size 12x15
                    text run at (36,0) width 12: "31"
                  RenderInline {SPAN} at (0,0) size 0x15
                    RenderInline {O:P} at (0,0) size 0x15
              RenderTableCell {TD} at (98,1853) size 170x48 [r=30 c=1 rs=1 cs=1]
                RenderBlock {P} at (7,0) size 157x16
                  RenderText {#text} at (0,0) size 65x15
                    text run at (0,0) width 65: "Dave Neves"
                RenderBlock {P} at (7,16) size 157x16
                  RenderText {#text} at (0,0) size 79x15
                    text run at (0,0) width 79: "James Haladus"
                RenderBlock {P} at (7,32) size 157x16
                  RenderText {#text} at (0,0) size 62x15
                    text run at (0,0) width 62: "Randy Reid"
                  RenderInline {SPAN} at (0,0) size 0x15
                    RenderInline {O:P} at (0,0) size 0x15
              RenderTableCell {TD} at (268,1853) size 99x32 [r=30 c=2 rs=1 cs=1]
                RenderBlock {P} at (7,0) size 86x16
                  RenderText {#text} at (32,0) size 21x15
                    text run at (32,0) width 21: "Yes"
                RenderBlock {P} at (7,16) size 86x16
                  RenderText {#text} at (32,0) size 21x15
                    text run at (32,0) width 21: "Yes"
                  RenderInline {SPAN} at (0,0) size 1x15
                    RenderInline {O:P} at (0,0) size 1x15
              RenderTableCell {TD} at (367,1853) size 106x32 [r=30 c=3 rs=1 cs=1]
                RenderBlock {P} at (7,0) size 93x16
                  RenderText {#text} at (36,0) size 20x15
                    text run at (36,0) width 20: "Yes"
                RenderBlock {P} at (7,16) size 93x16
                  RenderText {#text} at (38,0) size 16x15
                    text run at (38,0) width 16: "No"
                  RenderInline {SPAN} at (0,0) size 0x15
                    RenderInline {O:P} at (0,0) size 0x15
            RenderTableRow {TR} at (0,1901) size 473x64
              RenderTableCell {TD} at (0,1901) size 98x16 [r=31 c=0 rs=1 cs=1]
                RenderBlock {P} at (7,0) size 85x16
                  RenderText {#text} at (36,0) size 12x15
                    text run at (36,0) width 12: "32"
                  RenderInline {SPAN} at (0,0) size 0x15
                    RenderInline {O:P} at (0,0) size 0x15
              RenderTableCell {TD} at (98,1901) size 170x64 [r=31 c=1 rs=1 cs=1]
                RenderBlock {P} at (7,0) size 157x16
                  RenderText {#text} at (0,0) size 62x15
                    text run at (0,0) width 62: " Oliver Baer"
                RenderBlock {P} at (7,16) size 157x16
                  RenderText {#text} at (0,0) size 66x15
                    text run at (0,0) width 66: "Dale Barnett"
                RenderBlock {P} at (7,32) size 157x16
                  RenderText {#text} at (0,0) size 58x15
                    text run at (0,0) width 58: "John Todd"
                RenderBlock {P} at (7,48) size 157x16
                  RenderText {#text} at (0,0) size 84x15
                    text run at (0,0) width 84: "Dominic Bayani"
                  RenderInline {SPAN} at (0,0) size 0x15
                    RenderInline {O:P} at (0,0) size 0x15
              RenderTableCell {TD} at (268,1901) size 99x32 [r=31 c=2 rs=1 cs=1]
                RenderBlock {P} at (7,0) size 86x16
                  RenderText {#text} at (31,0) size 23x15
                    text run at (31,0) width 23: " Yes"
                RenderBlock {P} at (7,16) size 86x16
                  RenderText {#text} at (32,0) size 21x15
                    text run at (32,0) width 21: "Yes"
                  RenderInline {SPAN} at (0,0) size 1x15
                    RenderInline {O:P} at (0,0) size 1x15
              RenderTableCell {TD} at (367,1901) size 106x32 [r=31 c=3 rs=1 cs=1]
                RenderBlock {P} at (7,0) size 93x16
                  RenderText {#text} at (36,0) size 20x15
                    text run at (36,0) width 20: " No"
                RenderBlock {P} at (7,16) size 93x16
                  RenderText {#text} at (38,0) size 16x15
                    text run at (38,0) width 16: "No"
                  RenderInline {SPAN} at (0,0) size 0x15
                    RenderInline {O:P} at (0,0) size 0x15
            RenderTableRow {TR} at (0,1965) size 473x144
              RenderTableCell {TD} at (0,1965) size 98x16 [r=32 c=0 rs=1 cs=1]
                RenderBlock {P} at (7,0) size 85x16
                  RenderText {#text} at (36,0) size 12x15
                    text run at (36,0) width 12: "33"
                  RenderInline {SPAN} at (0,0) size 0x15
                    RenderInline {O:P} at (0,0) size 0x15
              RenderTableCell {TD} at (98,1965) size 170x144 [r=32 c=1 rs=1 cs=1]
                RenderBlock {P} at (7,0) size 157x16
                  RenderText {#text} at (0,0) size 70x15
                    text run at (0,0) width 70: "Tom Wagner"
                  RenderInline {SPAN} at (0,0) size 0x15
                    RenderInline {O:P} at (0,0) size 0x15
                RenderBlock {P} at (7,16) size 157x16
                  RenderText {#text} at (0,0) size 73x15
                    text run at (0,0) width 73: "Gene Langley"
                RenderBlock {P} at (7,32) size 157x16
                  RenderText {#text} at (0,0) size 79x15
                    text run at (0,0) width 79: "James Haladus"
                RenderBlock {P} at (7,48) size 157x16
                  RenderText {#text} at (0,0) size 80x15
                    text run at (0,0) width 80: "Daniel Buckley"
                RenderBlock {P} at (7,64) size 157x16
                  RenderText {#text} at (0,0) size 67x15
                    text run at (0,0) width 67: "Chris Larsen"
                RenderBlock {P} at (7,80) size 157x16
                  RenderText {#text} at (0,0) size 71x15
                    text run at (0,0) width 71: "Mike Chansu"
                RenderBlock {P} at (7,96) size 157x16
                  RenderText {#text} at (0,0) size 70x15
                    text run at (0,0) width 70: "James Brown"
                RenderBlock {P} at (7,112) size 157x16
                  RenderText {#text} at (0,0) size 62x15
                    text run at (0,0) width 62: "Will Sievert"
                RenderBlock {P} at (7,128) size 157x16
                  RenderText {#text} at (0,0) size 68x15
                    text run at (0,0) width 68: "Terry Chong"
                  RenderInline {SPAN} at (0,0) size 0x15
                    RenderInline {O:P} at (0,0) size 0x15
              RenderTableCell {TD} at (268,1965) size 99x144 [r=32 c=2 rs=1 cs=1]
                RenderBlock {P} at (7,0) size 86x16
                  RenderText {#text} at (32,0) size 21x15
                    text run at (32,0) width 21: "Yes"
                  RenderInline {SPAN} at (0,0) size 1x15
                    RenderInline {O:P} at (0,0) size 1x15
                RenderBlock {P} at (7,16) size 86x16
                  RenderText {#text} at (32,0) size 21x15
                    text run at (32,0) width 21: "Yes"
                RenderBlock {P} at (7,32) size 86x16
                  RenderText {#text} at (32,0) size 21x15
                    text run at (32,0) width 21: "Yes"
                RenderBlock {P} at (7,48) size 86x16
                  RenderText {#text} at (32,0) size 21x15
                    text run at (32,0) width 21: "Yes"
                RenderBlock {P} at (7,64) size 86x16
                  RenderText {#text} at (41,0) size 3x15
                    text run at (41,0) width 3: " "
                RenderBlock {P} at (7,80) size 86x16
                  RenderText {#text} at (32,0) size 21x15
                    text run at (32,0) width 21: "Yes"
                RenderBlock {P} at (7,96) size 86x16
                  RenderText {#text} at (32,0) size 21x15
                    text run at (32,0) width 21: "Yes"
                RenderBlock {P} at (7,112) size 86x16
                  RenderText {#text} at (32,0) size 21x15
                    text run at (32,0) width 21: "Yes"
                RenderBlock {P} at (7,128) size 86x16
                  RenderText {#text} at (32,0) size 21x15
                    text run at (32,0) width 21: "Yes"
                  RenderInline {SPAN} at (0,0) size 1x15
                    RenderInline {O:P} at (0,0) size 1x15
              RenderTableCell {TD} at (367,1965) size 106x144 [r=32 c=3 rs=1 cs=1]
                RenderBlock {P} at (7,0) size 93x16
                  RenderText {#text} at (38,0) size 16x15
                    text run at (38,0) width 16: "No"
                  RenderInline {SPAN} at (0,0) size 0x15
                    RenderInline {O:P} at (0,0) size 0x15
                RenderBlock {P} at (7,16) size 93x16
                  RenderText {#text} at (7,0) size 78x15
                    text run at (7,0) width 78: "Gyro wannabe"
                RenderBlock {P} at (7,32) size 93x16
                  RenderText {#text} at (38,0) size 16x15
                    text run at (38,0) width 16: "No"
                RenderBlock {P} at (7,48) size 93x16
                  RenderText {#text} at (38,0) size 16x15
                    text run at (38,0) width 16: "No"
                RenderBlock {P} at (7,64) size 93x16
                  RenderText {#text} at (44,0) size 4x15
                    text run at (44,0) width 4: " "
                RenderBlock {P} at (7,80) size 93x16
                  RenderText {#text} at (38,0) size 16x15
                    text run at (38,0) width 16: "No"
                RenderBlock {P} at (7,96) size 93x16
                  RenderText {#text} at (38,0) size 16x15
                    text run at (38,0) width 16: "No"
                RenderBlock {P} at (7,112) size 93x16
                  RenderText {#text} at (38,0) size 16x15
                    text run at (38,0) width 16: "No"
                RenderBlock {P} at (7,128) size 93x16
                  RenderText {#text} at (38,0) size 16x15
                    text run at (38,0) width 16: "No"
                  RenderInline {SPAN} at (0,0) size 0x15
                    RenderInline {O:P} at (0,0) size 0x15
            RenderTableRow {TR} at (0,2109) size 473x128
              RenderTableCell {TD} at (0,2109) size 98x16 [r=33 c=0 rs=1 cs=1]
                RenderBlock {P} at (7,0) size 85x16
                  RenderText {#text} at (36,0) size 12x15
                    text run at (36,0) width 12: "34"
                  RenderInline {SPAN} at (0,0) size 0x15
                    RenderInline {O:P} at (0,0) size 0x15
              RenderTableCell {TD} at (98,2109) size 170x128 [r=33 c=1 rs=1 cs=1]
                RenderBlock {P} at (7,0) size 157x16
                  RenderText {#text} at (0,0) size 55x15
                    text run at (0,0) width 55: "Jay Ribera"
                RenderBlock {P} at (7,16) size 157x16
                  RenderText {#text} at (0,0) size 81x15
                    text run at (0,0) width 81: "Gerald Cardinal"
                RenderBlock {P} at (7,32) size 157x16
                  RenderText {#text} at (0,0) size 66x15
                    text run at (0,0) width 66: "Dale Barnett"
                RenderBlock {P} at (7,48) size 157x16
                  RenderText {#text} at (0,0) size 62x15
                    text run at (0,0) width 62: "Paul Walter"
                RenderBlock {P} at (7,64) size 157x16
                  RenderText {#text} at (0,0) size 84x15
                    text run at (0,0) width 84: "Dominic Bayani"
                RenderBlock {P} at (7,80) size 157x16
                  RenderText {#text} at (0,0) size 90x15
                    text run at (0,0) width 90: "Donald Carvalho"
                RenderBlock {P} at (7,96) size 157x16
                  RenderText {#text} at (0,0) size 73x15
                    text run at (0,0) width 73: "Jack Peterson"
                RenderBlock {P} at (7,112) size 157x16
                  RenderText {#text} at (0,0) size 63x15
                    text run at (0,0) width 63: "Scott Hersh"
                  RenderInline {SPAN} at (0,0) size 0x15
                    RenderInline {O:P} at (0,0) size 0x15
              RenderTableCell {TD} at (268,2109) size 99x128 [r=33 c=2 rs=1 cs=1]
                RenderBlock {P} at (7,0) size 86x16
                  RenderText {#text} at (32,0) size 21x15
                    text run at (32,0) width 21: "Yes"
                RenderBlock {P} at (7,16) size 86x16
                  RenderText {#text} at (41,0) size 3x15
                    text run at (41,0) width 3: " "
                RenderBlock {P} at (7,32) size 86x16
                  RenderText {#text} at (32,0) size 21x15
                    text run at (32,0) width 21: "Yes"
                RenderBlock {P} at (7,48) size 86x16
                  RenderText {#text} at (41,0) size 3x15
                    text run at (41,0) width 3: " "
                RenderBlock {P} at (7,64) size 86x16
                  RenderText {#text} at (41,0) size 3x15
                    text run at (41,0) width 3: " "
                RenderBlock {P} at (7,80) size 86x16
                  RenderText {#text} at (41,0) size 3x15
                    text run at (41,0) width 3: " "
                RenderBlock {P} at (7,96) size 86x16
                  RenderText {#text} at (41,0) size 3x15
                    text run at (41,0) width 3: " "
                RenderBlock {P} at (7,112) size 86x16
                  RenderText {#text} at (32,0) size 21x15
                    text run at (32,0) width 21: "Yes"
                  RenderInline {SPAN} at (0,0) size 1x15
                    RenderInline {O:P} at (0,0) size 1x15
              RenderTableCell {TD} at (367,2109) size 106x128 [r=33 c=3 rs=1 cs=1]
                RenderBlock {P} at (7,0) size 93x16
                  RenderText {#text} at (38,0) size 16x15
                    text run at (38,0) width 16: "No"
                RenderBlock {P} at (7,16) size 93x16
                  RenderText {#text} at (44,0) size 4x15
                    text run at (44,0) width 4: " "
                RenderBlock {P} at (7,32) size 93x16
                  RenderText {#text} at (38,0) size 16x15
                    text run at (38,0) width 16: "No"
                RenderBlock {P} at (7,48) size 93x16
                  RenderText {#text} at (44,0) size 4x15
                    text run at (44,0) width 4: " "
                RenderBlock {P} at (7,64) size 93x16
                  RenderText {#text} at (44,0) size 4x15
                    text run at (44,0) width 4: " "
                RenderBlock {P} at (7,80) size 93x16
                  RenderText {#text} at (44,0) size 4x15
                    text run at (44,0) width 4: " "
                RenderBlock {P} at (7,96) size 93x16
                  RenderText {#text} at (44,0) size 4x15
                    text run at (44,0) width 4: " "
                RenderBlock {P} at (7,112) size 93x16
                  RenderText {#text} at (38,0) size 16x15
                    text run at (38,0) width 16: "No"
                  RenderInline {SPAN} at (0,0) size 0x15
                    RenderInline {O:P} at (0,0) size 0x15
            RenderTableRow {TR} at (0,2237) size 473x80
              RenderTableCell {TD} at (0,2237) size 98x16 [r=34 c=0 rs=1 cs=1]
                RenderBlock {P} at (7,0) size 85x16
                  RenderText {#text} at (36,0) size 12x15
                    text run at (36,0) width 12: "35"
                  RenderInline {SPAN} at (0,0) size 0x15
                    RenderInline {O:P} at (0,0) size 0x15
              RenderTableCell {TD} at (98,2237) size 170x80 [r=34 c=1 rs=1 cs=1]
                RenderBlock {P} at (7,0) size 157x16
                  RenderText {#text} at (0,0) size 78x15
                    text run at (0,0) width 78: " Richard Green"
                RenderBlock {P} at (7,16) size 157x16
                  RenderText {#text} at (0,0) size 64x15
                    text run at (0,0) width 64: "David Allen"
                RenderBlock {P} at (7,32) size 157x16
                  RenderText {#text} at (0,0) size 55x15
                    text run at (0,0) width 55: "Jim Colvin"
                RenderBlock {P} at (7,48) size 157x16
                  RenderText {#text} at (0,0) size 68x15
                    text run at (0,0) width 68: "Harald Close"
                RenderBlock {P} at (7,64) size 157x16
                  RenderText {#text} at (0,0) size 59x15
                    text run at (0,0) width 59: "Oliver Baer"
                  RenderInline {SPAN} at (0,0) size 0x15
                    RenderInline {O:P} at (0,0) size 0x15
              RenderTableCell {TD} at (268,2237) size 99x80 [r=34 c=2 rs=1 cs=1]
                RenderBlock {P} at (7,0) size 86x16
                  RenderText {#text} at (41,0) size 3x15
                    text run at (41,0) width 3: " "
                RenderBlock {P} at (7,16) size 86x16
                  RenderText {#text} at (41,0) size 3x15
                    text run at (41,0) width 3: " "
                RenderBlock {P} at (7,32) size 86x16
                  RenderText {#text} at (41,0) size 3x15
                    text run at (41,0) width 3: " "
                RenderBlock {P} at (7,48) size 86x16
                  RenderText {#text} at (32,0) size 21x15
                    text run at (32,0) width 21: "Yes"
                RenderBlock {P} at (7,64) size 86x16
                  RenderText {#text} at (32,0) size 21x15
                    text run at (32,0) width 21: "Yes"
                  RenderInline {SPAN} at (0,0) size 1x15
                    RenderInline {O:P} at (0,0) size 1x15
              RenderTableCell {TD} at (367,2237) size 106x80 [r=34 c=3 rs=1 cs=1]
                RenderBlock {P} at (7,0) size 93x16
                  RenderText {#text} at (44,0) size 4x15
                    text run at (44,0) width 4: " "
                RenderBlock {P} at (7,16) size 93x16
                  RenderText {#text} at (44,0) size 4x15
                    text run at (44,0) width 4: " "
                RenderBlock {P} at (7,32) size 93x16
                  RenderText {#text} at (44,0) size 4x15
                    text run at (44,0) width 4: " "
                RenderBlock {P} at (7,48) size 93x16
                  RenderText {#text} at (36,0) size 20x15
                    text run at (36,0) width 20: "Yes"
                RenderBlock {P} at (7,64) size 93x16
                  RenderText {#text} at (38,0) size 16x15
                    text run at (38,0) width 16: "No"
                  RenderInline {SPAN} at (0,0) size 0x15
                    RenderInline {O:P} at (0,0) size 0x15
            RenderTableRow {TR} at (0,2317) size 473x80
              RenderTableCell {TD} at (0,2317) size 98x16 [r=35 c=0 rs=1 cs=1]
                RenderBlock {P} at (7,0) size 85x16
                  RenderText {#text} at (36,0) size 12x15
                    text run at (36,0) width 12: "36"
                  RenderInline {SPAN} at (0,0) size 0x15
                    RenderInline {O:P} at (0,0) size 0x15
              RenderTableCell {TD} at (98,2317) size 170x80 [r=35 c=1 rs=1 cs=1]
                RenderBlock {P} at (7,0) size 157x16
                  RenderText {#text} at (0,0) size 70x15
                    text run at (0,0) width 70: "Jason Beehm"
                RenderBlock {P} at (7,16) size 157x16
                  RenderText {#text} at (0,0) size 90x15
                    text run at (0,0) width 90: "Darrell Carpenter"
                RenderBlock {P} at (7,32) size 157x16
                  RenderText {#text} at (0,0) size 79x15
                    text run at (0,0) width 79: "Stefan Kiritzov"
                RenderBlock {P} at (7,48) size 157x16
                  RenderText {#text} at (0,0) size 66x15
                    text run at (0,0) width 66: "Dale Barnett"
                RenderBlock {P} at (7,64) size 157x16
                  RenderText {#text} at (0,0) size 62x15
                    text run at (0,0) width 62: "Dan Sievert"
                  RenderInline {SPAN} at (0,0) size 0x15
                    RenderInline {O:P} at (0,0) size 0x15
              RenderTableCell {TD} at (268,2317) size 99x80 [r=35 c=2 rs=1 cs=1]
                RenderBlock {P} at (7,0) size 86x16
                  RenderText {#text} at (32,0) size 21x15
                    text run at (32,0) width 21: "Yes"
                RenderBlock {P} at (7,16) size 86x16
                  RenderText {#text} at (32,0) size 21x15
                    text run at (32,0) width 21: "Yes"
                RenderBlock {P} at (7,32) size 86x16
                  RenderText {#text} at (32,0) size 21x15
                    text run at (32,0) width 21: "Yes"
                RenderBlock {P} at (7,48) size 86x16
                  RenderText {#text} at (32,0) size 21x15
                    text run at (32,0) width 21: "Yes"
                RenderBlock {P} at (7,64) size 86x16
                  RenderText {#text} at (32,0) size 21x15
                    text run at (32,0) width 21: "Yes"
                  RenderInline {SPAN} at (0,0) size 1x15
                    RenderInline {O:P} at (0,0) size 1x15
              RenderTableCell {TD} at (367,2317) size 106x80 [r=35 c=3 rs=1 cs=1]
                RenderBlock {P} at (7,0) size 93x16
                  RenderText {#text} at (38,0) size 16x15
                    text run at (38,0) width 16: "No"
                RenderBlock {P} at (7,16) size 93x16
                  RenderText {#text} at (38,0) size 16x15
                    text run at (38,0) width 16: "No"
                RenderBlock {P} at (7,32) size 93x16
                  RenderText {#text} at (36,0) size 20x15
                    text run at (36,0) width 20: "Yes"
                RenderBlock {P} at (7,48) size 93x16
                  RenderText {#text} at (38,0) size 16x15
                    text run at (38,0) width 16: "No"
                RenderBlock {P} at (7,64) size 93x16
                  RenderText {#text} at (38,0) size 16x15
                    text run at (38,0) width 16: "No"
                  RenderInline {SPAN} at (0,0) size 0x15
                    RenderInline {O:P} at (0,0) size 0x15
            RenderTableRow {TR} at (0,2397) size 473x64
              RenderTableCell {TD} at (0,2397) size 98x16 [r=36 c=0 rs=1 cs=1]
                RenderBlock {P} at (7,0) size 85x16
                  RenderText {#text} at (36,0) size 12x15
                    text run at (36,0) width 12: "37"
                  RenderInline {SPAN} at (0,0) size 0x15
                    RenderInline {O:P} at (0,0) size 0x15
              RenderTableCell {TD} at (98,2397) size 170x64 [r=36 c=1 rs=1 cs=1]
                RenderBlock {P} at (7,0) size 157x16
                  RenderText {#text} at (0,0) size 88x15
                    text run at (0,0) width 88: "Dominic Civiletti"
                RenderBlock {P} at (7,16) size 157x16
                  RenderText {#text} at (0,0) size 81x15
                    text run at (0,0) width 81: "John Chamorro"
                RenderBlock {P} at (7,32) size 157x16
                  RenderText {#text} at (0,0) size 70x15
                    text run at (0,0) width 70: "Jim Mirowski"
                RenderBlock {P} at (7,48) size 157x16
                  RenderText {#text} at (0,0) size 76x15
                    text run at (0,0) width 76: "Soohong  Kim"
                  RenderInline {SPAN} at (0,0) size 0x15
                    RenderInline {O:P} at (0,0) size 0x15
              RenderTableCell {TD} at (268,2397) size 99x64 [r=36 c=2 rs=1 cs=1]
                RenderBlock {P} at (7,0) size 86x16
                  RenderText {#text} at (32,0) size 21x15
                    text run at (32,0) width 21: "Yes"
                RenderBlock {P} at (7,16) size 86x16
                  RenderText {#text} at (41,0) size 3x15
                    text run at (41,0) width 3: " "
                RenderBlock {P} at (7,32) size 86x16
                  RenderText {#text} at (41,0) size 3x15
                    text run at (41,0) width 3: " "
                RenderBlock {P} at (7,48) size 86x16
                  RenderText {#text} at (32,0) size 21x15
                    text run at (32,0) width 21: "Yes"
                  RenderInline {SPAN} at (0,0) size 1x15
                    RenderInline {O:P} at (0,0) size 1x15
              RenderTableCell {TD} at (367,2397) size 106x64 [r=36 c=3 rs=1 cs=1]
                RenderBlock {P} at (7,0) size 93x16
                  RenderText {#text} at (38,0) size 16x15
                    text run at (38,0) width 16: "No"
                RenderBlock {P} at (7,16) size 93x16
                  RenderText {#text} at (44,0) size 4x15
                    text run at (44,0) width 4: " "
                RenderBlock {P} at (7,32) size 93x16
                  RenderText {#text} at (44,0) size 4x15
                    text run at (44,0) width 4: " "
                RenderBlock {P} at (7,48) size 93x16
                  RenderText {#text} at (38,0) size 16x15
                    text run at (38,0) width 16: "No"
                  RenderInline {SPAN} at (0,0) size 0x15
                    RenderInline {O:P} at (0,0) size 0x15
            RenderTableRow {TR} at (0,2461) size 473x96
              RenderTableCell {TD} at (0,2461) size 98x16 [r=37 c=0 rs=1 cs=1]
                RenderBlock {P} at (7,0) size 85x16
                  RenderText {#text} at (36,0) size 12x15
                    text run at (36,0) width 12: "38"
                  RenderInline {SPAN} at (0,0) size 0x15
                    RenderInline {O:P} at (0,0) size 0x15
              RenderTableCell {TD} at (98,2461) size 170x96 [r=37 c=1 rs=1 cs=1]
                RenderBlock {P} at (7,0) size 157x16
                  RenderText {#text} at (0,0) size 97x15
                    text run at (0,0) width 97: "Karl Allmendinger"
                  RenderInline {SPAN} at (0,0) size 0x15
                    RenderInline {O:P} at (0,0) size 0x15
                RenderBlock {P} at (7,16) size 157x16
                  RenderText {#text} at (0,0) size 63x15
                    text run at (0,0) width 63: "John Bernal"
                  RenderInline {SPAN} at (0,0) size 0x15
                    RenderInline {O:P} at (0,0) size 0x15
                RenderBlock {P} at (7,32) size 157x16
                  RenderText {#text} at (0,0) size 73x15
                    text run at (0,0) width 73: "Gene Langley"
                RenderBlock {P} at (7,48) size 157x16
                  RenderText {#text} at (0,0) size 74x15
                    text run at (0,0) width 74: "Chuck Pringle"
                RenderBlock {P} at (7,64) size 157x16
                  RenderText {#text} at (0,0) size 52x15
                    text run at (0,0) width 52: "Jimmy Lei"
                RenderBlock {P} at (7,80) size 157x16
                  RenderText {#text} at (0,0) size 90x15
                    text run at (0,0) width 90: "Ruenjoe (Joe) Lu"
                  RenderInline {SPAN} at (0,0) size 0x15
                    RenderInline {O:P} at (0,0) size 0x15
              RenderTableCell {TD} at (268,2461) size 99x64 [r=37 c=2 rs=1 cs=1]
                RenderBlock {P} at (7,0) size 86x16
                  RenderText {#text} at (32,0) size 21x15
                    text run at (32,0) width 21: "Yes"
                  RenderInline {SPAN} at (0,0) size 1x15
                    RenderInline {O:P} at (0,0) size 1x15
                RenderBlock {P} at (7,16) size 86x16
                  RenderText {#text} at (32,0) size 21x15
                    text run at (32,0) width 21: "Yes"
                  RenderInline {SPAN} at (0,0) size 1x15
                    RenderInline {O:P} at (0,0) size 1x15
                RenderBlock {P} at (7,32) size 86x16
                  RenderText {#text} at (32,0) size 21x15
                    text run at (32,0) width 21: "Yes"
                RenderBlock {P} at (7,48) size 86x16
                  RenderText {#text} at (32,0) size 21x15
                    text run at (32,0) width 21: "Yes"
                  RenderInline {SPAN} at (0,0) size 1x15
                    RenderInline {O:P} at (0,0) size 1x15
              RenderTableCell {TD} at (367,2461) size 106x64 [r=37 c=3 rs=1 cs=1]
                RenderBlock {P} at (7,0) size 93x16
                  RenderText {#text} at (38,0) size 16x15
                    text run at (38,0) width 16: "No"
                  RenderInline {SPAN} at (0,0) size 0x15
                    RenderInline {O:P} at (0,0) size 0x15
                RenderBlock {P} at (7,16) size 93x16
                  RenderText {#text} at (38,0) size 16x15
                    text run at (38,0) width 16: "No"
                  RenderInline {SPAN} at (0,0) size 0x15
                    RenderInline {O:P} at (0,0) size 0x15
                RenderBlock {P} at (7,32) size 93x16
                  RenderText {#text} at (7,0) size 78x15
                    text run at (7,0) width 78: "Gyro wannabe"
                RenderBlock {P} at (7,48) size 93x16
                  RenderText {#text} at (38,0) size 16x15
                    text run at (38,0) width 16: "No"
                  RenderInline {SPAN} at (0,0) size 0x15
                    RenderInline {O:P} at (0,0) size 0x15
            RenderTableRow {TR} at (0,2557) size 473x48
              RenderTableCell {TD} at (0,2557) size 98x16 [r=38 c=0 rs=1 cs=1]
                RenderBlock {P} at (7,0) size 85x16
                  RenderText {#text} at (36,0) size 12x15
                    text run at (36,0) width 12: "39"
                  RenderInline {SPAN} at (0,0) size 0x15
                    RenderInline {O:P} at (0,0) size 0x15
              RenderTableCell {TD} at (98,2557) size 170x48 [r=38 c=1 rs=1 cs=1]
                RenderBlock {P} at (7,0) size 157x16
                  RenderText {#text} at (0,0) size 70x15
                    text run at (0,0) width 70: "Tom Wagner"
                RenderBlock {P} at (7,16) size 157x16
                  RenderText {#text} at (0,0) size 59x15
                    text run at (0,0) width 59: "Oliver Baer"
                RenderBlock {P} at (7,32) size 157x16
                  RenderText {#text} at (0,0) size 62x15
                    text run at (0,0) width 62: "Will Sievert"
                  RenderInline {SPAN} at (0,0) size 0x15
                    RenderInline {O:P} at (0,0) size 0x15
              RenderTableCell {TD} at (268,2557) size 99x48 [r=38 c=2 rs=1 cs=1]
                RenderBlock {P} at (7,0) size 86x16
                  RenderText {#text} at (32,0) size 21x15
                    text run at (32,0) width 21: "Yes"
                RenderBlock {P} at (7,16) size 86x16
                  RenderText {#text} at (32,0) size 21x15
                    text run at (32,0) width 21: "Yes"
                RenderBlock {P} at (7,32) size 86x16
                  RenderText {#text} at (32,0) size 21x15
                    text run at (32,0) width 21: "Yes"
                  RenderInline {SPAN} at (0,0) size 1x15
                    RenderInline {O:P} at (0,0) size 1x15
              RenderTableCell {TD} at (367,2557) size 106x48 [r=38 c=3 rs=1 cs=1]
                RenderBlock {P} at (7,0) size 93x16
                  RenderText {#text} at (38,0) size 16x15
                    text run at (38,0) width 16: "No"
                RenderBlock {P} at (7,16) size 93x16
                  RenderText {#text} at (38,0) size 16x15
                    text run at (38,0) width 16: "No"
                RenderBlock {P} at (7,32) size 93x16
                  RenderText {#text} at (38,0) size 16x15
                    text run at (38,0) width 16: "No"
                  RenderInline {SPAN} at (0,0) size 0x15
                    RenderInline {O:P} at (0,0) size 0x15
            RenderTableRow {TR} at (0,2605) size 473x128
              RenderTableCell {TD} at (0,2605) size 98x16 [r=39 c=0 rs=1 cs=1]
                RenderBlock {P} at (7,0) size 85x16
                  RenderText {#text} at (36,0) size 12x15
                    text run at (36,0) width 12: "40"
                  RenderInline {SPAN} at (0,0) size 0x15
                    RenderInline {O:P} at (0,0) size 0x15
              RenderTableCell {TD} at (98,2605) size 170x128 [r=39 c=1 rs=1 cs=1]
                RenderBlock {P} at (7,0) size 157x16
                  RenderText {#text} at (0,0) size 81x15
                    text run at (0,0) width 81: "Alberto Lanzas"
                  RenderInline {SPAN} at (0,0) size 0x15
                    RenderInline {O:P} at (0,0) size 0x15
                RenderBlock {P} at (7,16) size 157x16
                  RenderText {#text} at (0,0) size 92x15
                    text run at (0,0) width 92: "Zak + Mike West"
                  RenderInline {SPAN} at (0,0) size 0x15
                    RenderInline {O:P} at (0,0) size 0x15
                RenderBlock {P} at (7,32) size 157x16
                  RenderText {#text} at (0,0) size 67x15
                    text run at (0,0) width 67: "Javier Flores"
                  RenderInline {SPAN} at (0,0) size 0x15
                    RenderInline {O:P} at (0,0) size 0x15
                RenderBlock {P} at (7,48) size 157x16
                  RenderText {#text} at (0,0) size 66x15
                    text run at (0,0) width 66: "Bill Johnson"
                  RenderInline {SPAN} at (0,0) size 0x15
                    RenderInline {O:P} at (0,0) size 0x15
                RenderBlock {P} at (7,64) size 157x16
                  RenderText {#text} at (0,0) size 73x15
                    text run at (0,0) width 73: "Gene Langley"
                RenderBlock {P} at (7,80) size 157x16
                  RenderText {#text} at (0,0) size 67x15
                    text run at (0,0) width 67: "Rich Burnett"
                RenderBlock {P} at (7,96) size 157x16
                  RenderText {#text} at (0,0) size 86x15
                    text run at (0,0) width 86: "Jack Goodfriend"
                RenderBlock {P} at (7,112) size 157x16
                  RenderText {#text} at (0,0) size 68x15
                    text run at (0,0) width 68: "Harald Close"
                  RenderInline {SPAN} at (0,0) size 0x15
                    RenderInline {O:P} at (0,0) size 0x15
              RenderTableCell {TD} at (268,2605) size 99x128 [r=39 c=2 rs=1 cs=1]
                RenderBlock {P} at (7,0) size 86x16
                  RenderText {#text} at (32,0) size 21x15
                    text run at (32,0) width 21: "Yes"
                  RenderInline {SPAN} at (0,0) size 1x15
                    RenderInline {O:P} at (0,0) size 1x15
                RenderBlock {P} at (7,16) size 86x16
                  RenderText {#text} at (32,0) size 21x15
                    text run at (32,0) width 21: "Yes"
                  RenderInline {SPAN} at (0,0) size 1x15
                    RenderInline {O:P} at (0,0) size 1x15
                RenderBlock {P} at (7,32) size 86x16
                  RenderText {#text} at (32,0) size 21x15
                    text run at (32,0) width 21: "Yes"
                  RenderInline {SPAN} at (0,0) size 1x15
                    RenderInline {O:P} at (0,0) size 1x15
                RenderBlock {P} at (7,48) size 86x16
                  RenderText {#text} at (32,0) size 21x15
                    text run at (32,0) width 21: "Yes"
                  RenderInline {SPAN} at (0,0) size 1x15
                    RenderInline {O:P} at (0,0) size 1x15
                RenderBlock {P} at (7,64) size 86x16
                  RenderText {#text} at (32,0) size 21x15
                    text run at (32,0) width 21: "Yes"
                RenderBlock {P} at (7,80) size 86x16
                  RenderText {#text} at (41,0) size 3x15
                    text run at (41,0) width 3: " "
                RenderBlock {P} at (7,96) size 86x16
                  RenderText {#text} at (41,0) size 3x15
                    text run at (41,0) width 3: " "
                RenderBlock {P} at (7,112) size 86x16
                  RenderText {#text} at (32,0) size 21x15
                    text run at (32,0) width 21: "Yes"
                  RenderInline {SPAN} at (0,0) size 1x15
                    RenderInline {O:P} at (0,0) size 1x15
              RenderTableCell {TD} at (367,2605) size 106x128 [r=39 c=3 rs=1 cs=1]
                RenderBlock {P} at (7,0) size 93x16
                  RenderText {#text} at (36,0) size 20x15
                    text run at (36,0) width 20: "Yes"
                  RenderInline {SPAN} at (0,0) size 0x15
                    RenderInline {O:P} at (0,0) size 0x15
                RenderBlock {P} at (7,16) size 93x16
                  RenderText {#text} at (36,0) size 20x15
                    text run at (36,0) width 20: "Yes"
                  RenderInline {SPAN} at (0,0) size 0x15
                    RenderInline {O:P} at (0,0) size 0x15
                RenderBlock {P} at (7,32) size 93x16
                  RenderText {#text} at (38,0) size 16x15
                    text run at (38,0) width 16: "No"
                  RenderInline {SPAN} at (0,0) size 0x15
                    RenderInline {O:P} at (0,0) size 0x15
                RenderBlock {P} at (7,48) size 93x16
                  RenderText {#text} at (38,0) size 16x15
                    text run at (38,0) width 16: "No"
                  RenderInline {SPAN} at (0,0) size 0x15
                    RenderInline {O:P} at (0,0) size 0x15
                RenderBlock {P} at (7,64) size 93x16
                  RenderText {#text} at (30,0) size 32x15
                    text run at (30,0) width 32: "Glider"
                RenderBlock {P} at (7,80) size 93x16
                  RenderText {#text} at (44,0) size 4x15
                    text run at (44,0) width 4: " "
                RenderBlock {P} at (7,96) size 93x16
                  RenderText {#text} at (44,0) size 4x15
                    text run at (44,0) width 4: " "
                RenderBlock {P} at (7,112) size 93x16
                  RenderText {#text} at (38,0) size 16x15
                    text run at (38,0) width 16: "No"
                  RenderInline {SPAN} at (0,0) size 0x15
                    RenderInline {O:P} at (0,0) size 0x15
            RenderTableRow {TR} at (0,2733) size 473x128
              RenderTableCell {TD} at (0,2733) size 98x16 [r=40 c=0 rs=1 cs=1]
                RenderBlock {P} at (7,0) size 85x16
                  RenderText {#text} at (36,0) size 12x15
                    text run at (36,0) width 12: "41"
                  RenderInline {SPAN} at (0,0) size 0x15
                    RenderInline {O:P} at (0,0) size 0x15
              RenderTableCell {TD} at (98,2733) size 170x128 [r=40 c=1 rs=1 cs=1]
                RenderBlock {P} at (7,0) size 157x16
                  RenderText {#text} at (0,0) size 88x15
                    text run at (0,0) width 88: "Dominic Civiletti"
                  RenderInline {SPAN} at (0,0) size 0x15
                    RenderInline {O:P} at (0,0) size 0x15
                RenderBlock {P} at (7,16) size 157x16
                  RenderText {#text} at (0,0) size 103x15
                    text run at (0,0) width 103: "Corbin Christensen"
                  RenderInline {SPAN} at (0,0) size 0x15
                    RenderInline {O:P} at (0,0) size 0x15
                RenderBlock {P} at (7,32) size 157x16
                  RenderText {#text} at (0,0) size 56x15
                    text run at (0,0) width 56: "Hal Hirsch"
                  RenderInline {SPAN} at (0,0) size 0x15
                    RenderInline {O:P} at (0,0) size 0x15
                RenderBlock {P} at (7,48) size 157x16
                  RenderText {#text} at (0,0) size 88x15
                    text run at (0,0) width 88: "Richard Sanchez"
                RenderBlock {P} at (7,64) size 157x16
                  RenderText {#text} at (0,0) size 63x15
                    text run at (0,0) width 63: "John Bernal"
                RenderBlock {P} at (7,80) size 157x16
                  RenderText {#text} at (0,0) size 67x15
                    text run at (0,0) width 67: "Rich Burnett"
                RenderBlock {P} at (7,96) size 157x16
                  RenderText {#text} at (0,0) size 69x15
                    text run at (0,0) width 69: "Brock Brown"
                RenderBlock {P} at (7,112) size 157x16
                  RenderText {#text} at (0,0) size 55x15
                    text run at (0,0) width 55: "John Paye"
                  RenderInline {SPAN} at (0,0) size 0x15
                    RenderInline {O:P} at (0,0) size 0x15
              RenderTableCell {TD} at (268,2733) size 99x112 [r=40 c=2 rs=1 cs=1]
                RenderBlock {P} at (7,0) size 86x16
                  RenderText {#text} at (32,0) size 21x15
                    text run at (32,0) width 21: "Yes"
                  RenderInline {SPAN} at (0,0) size 1x15
                    RenderInline {O:P} at (0,0) size 1x15
                RenderBlock {P} at (7,16) size 86x16
                  RenderText {#text} at (32,0) size 21x15
                    text run at (32,0) width 21: "Yes"
                  RenderInline {SPAN} at (0,0) size 1x15
                    RenderInline {O:P} at (0,0) size 1x15
                RenderBlock {P} at (7,32) size 86x16
                  RenderText {#text} at (32,0) size 21x15
                    text run at (32,0) width 21: "Yes"
                  RenderInline {SPAN} at (0,0) size 1x15
                    RenderInline {O:P} at (0,0) size 1x15
                RenderBlock {P} at (7,48) size 86x16
                  RenderText {#text} at (34,0) size 17x15
                    text run at (34,0) width 17: "No"
                RenderBlock {P} at (7,64) size 86x16
                  RenderText {#text} at (32,0) size 21x15
                    text run at (32,0) width 21: "Yes"
                RenderBlock {P} at (7,80) size 86x16
                  RenderText {#text} at (41,0) size 3x15
                    text run at (41,0) width 3: " "
                RenderBlock {P} at (7,96) size 86x16
                  RenderText {#text} at (32,0) size 21x15
                    text run at (32,0) width 21: "Yes"
                  RenderInline {SPAN} at (0,0) size 1x15
                    RenderInline {O:P} at (0,0) size 1x15
              RenderTableCell {TD} at (367,2733) size 106x112 [r=40 c=3 rs=1 cs=1]
                RenderBlock {P} at (7,0) size 93x16
                  RenderText {#text} at (38,0) size 16x15
                    text run at (38,0) width 16: "No"
                  RenderInline {SPAN} at (0,0) size 0x15
                    RenderInline {O:P} at (0,0) size 0x15
                RenderBlock {P} at (7,16) size 93x16
                  RenderText {#text} at (38,0) size 16x15
                    text run at (38,0) width 16: "No"
                  RenderInline {SPAN} at (0,0) size 0x15
                    RenderInline {O:P} at (0,0) size 0x15
                RenderBlock {P} at (7,32) size 93x16
                  RenderText {#text} at (38,0) size 16x15
                    text run at (38,0) width 16: "No"
                  RenderInline {SPAN} at (0,0) size 0x15
                    RenderInline {O:P} at (0,0) size 0x15
                RenderBlock {P} at (7,48) size 93x16
                  RenderText {#text} at (36,0) size 20x15
                    text run at (36,0) width 20: "Yes"
                RenderBlock {P} at (7,64) size 93x16
                  RenderText {#text} at (38,0) size 16x15
                    text run at (38,0) width 16: "No"
                RenderBlock {P} at (7,80) size 93x16
                  RenderText {#text} at (44,0) size 4x15
                    text run at (44,0) width 4: " "
                RenderBlock {P} at (7,96) size 93x16
                  RenderText {#text} at (38,0) size 16x15
                    text run at (38,0) width 16: "No"
                  RenderInline {SPAN} at (0,0) size 0x15
                    RenderInline {O:P} at (0,0) size 0x15
            RenderTableRow {TR} at (0,2861) size 473x128
              RenderTableCell {TD} at (0,2861) size 98x16 [r=41 c=0 rs=1 cs=1]
                RenderBlock {P} at (7,0) size 85x16
                  RenderText {#text} at (36,0) size 12x15
                    text run at (36,0) width 12: "42"
                  RenderInline {SPAN} at (0,0) size 0x15
                    RenderInline {O:P} at (0,0) size 0x15
              RenderTableCell {TD} at (98,2861) size 170x128 [r=41 c=1 rs=1 cs=1]
                RenderBlock {P} at (7,0) size 157x16
                  RenderText {#text} at (0,0) size 47x15
                    text run at (0,0) width 47: "Tony Yu"
                  RenderInline {SPAN} at (0,0) size 0x15
                    RenderInline {O:P} at (0,0) size 0x15
                RenderBlock {P} at (7,16) size 157x16
                  RenderText {#text} at (0,0) size 65x15
                    text run at (0,0) width 65: "Jason Miller"
                  RenderInline {SPAN} at (0,0) size 0x15
                    RenderInline {O:P} at (0,0) size 0x15
                RenderBlock {P} at (7,32) size 157x16
                  RenderText {#text} at (0,0) size 84x15
                    text run at (0,0) width 84: "Maurice Burton"
                RenderBlock {P} at (7,48) size 157x16
                  RenderText {#text} at (0,0) size 62x15
                    text run at (0,0) width 62: "Dan Sievert"
                RenderBlock {P} at (7,64) size 157x16
                  RenderText {#text} at (0,0) size 60x15
                    text run at (0,0) width 60: "Jerry Davis"
                RenderBlock {P} at (7,80) size 157x16
                  RenderText {#text} at (0,0) size 55x15
                    text run at (0,0) width 55: "John Paye"
                RenderBlock {P} at (7,96) size 157x16
                  RenderText {#text} at (0,0) size 71x15
                    text run at (0,0) width 71: "Gordon Frost"
                RenderBlock {P} at (7,112) size 157x16
                  RenderText {#text} at (0,0) size 66x15
                    text run at (0,0) width 66: "Chris Walsh"
                  RenderInline {SPAN} at (0,0) size 0x15
                    RenderInline {O:P} at (0,0) size 0x15
              RenderTableCell {TD} at (268,2861) size 99x80 [r=41 c=2 rs=1 cs=1]
                RenderBlock {P} at (7,0) size 86x16
                  RenderText {#text} at (32,0) size 21x15
                    text run at (32,0) width 21: "Yes"
                  RenderInline {SPAN} at (0,0) size 1x15
                    RenderInline {O:P} at (0,0) size 1x15
                RenderBlock {P} at (7,16) size 86x16
                  RenderText {#text} at (32,0) size 21x15
                    text run at (32,0) width 21: "Yes"
                  RenderInline {SPAN} at (0,0) size 1x15
                    RenderInline {O:P} at (0,0) size 1x15
                RenderBlock {P} at (7,32) size 86x16
                  RenderText {#text} at (32,0) size 21x15
                    text run at (32,0) width 21: "Yes"
                RenderBlock {P} at (7,48) size 86x16
                  RenderText {#text} at (32,0) size 21x15
                    text run at (32,0) width 21: "Yes"
                RenderBlock {P} at (7,64) size 86x16
                  RenderText {#text} at (32,0) size 21x15
                    text run at (32,0) width 21: "Yes"
                  RenderInline {SPAN} at (0,0) size 1x15
                    RenderInline {O:P} at (0,0) size 1x15
              RenderTableCell {TD} at (367,2861) size 106x80 [r=41 c=3 rs=1 cs=1]
                RenderBlock {P} at (7,0) size 93x16
                  RenderText {#text} at (38,0) size 16x15
                    text run at (38,0) width 16: "No"
                  RenderInline {SPAN} at (0,0) size 0x15
                    RenderInline {O:P} at (0,0) size 0x15
                RenderBlock {P} at (7,16) size 93x16
                  RenderText {#text} at (38,0) size 16x15
                    text run at (38,0) width 16: "No"
                  RenderInline {SPAN} at (0,0) size 0x15
                    RenderInline {O:P} at (0,0) size 0x15
                RenderBlock {P} at (7,32) size 93x16
                  RenderText {#text} at (38,0) size 16x15
                    text run at (38,0) width 16: "No"
                RenderBlock {P} at (7,48) size 93x16
                  RenderText {#text} at (38,0) size 16x15
                    text run at (38,0) width 16: "No"
                RenderBlock {P} at (7,64) size 93x16
                  RenderText {#text} at (38,0) size 16x15
                    text run at (38,0) width 16: "No"
                  RenderInline {SPAN} at (0,0) size 0x15
                    RenderInline {O:P} at (0,0) size 0x15
            RenderTableRow {TR} at (0,2989) size 473x112
              RenderTableCell {TD} at (0,2989) size 98x16 [r=42 c=0 rs=1 cs=1]
                RenderBlock {P} at (7,0) size 85x16
                  RenderText {#text} at (36,0) size 12x15
                    text run at (36,0) width 12: "43"
                  RenderInline {SPAN} at (0,0) size 0x15
                    RenderInline {O:P} at (0,0) size 0x15
              RenderTableCell {TD} at (98,2989) size 170x112 [r=42 c=1 rs=1 cs=1]
                RenderBlock {P} at (7,0) size 157x16
                  RenderText {#text} at (0,0) size 88x15
                    text run at (0,0) width 88: "Dominic Civiletti"
                  RenderInline {SPAN} at (0,0) size 0x15
                    RenderInline {O:P} at (0,0) size 0x15
                RenderBlock {P} at (7,16) size 157x16
                  RenderText {#text} at (0,0) size 63x15
                    text run at (0,0) width 63: "Ken Gullion"
                  RenderInline {SPAN} at (0,0) size 0x15
                    RenderInline {O:P} at (0,0) size 0x15
                RenderBlock {P} at (7,32) size 157x16
                  RenderText {#text} at (0,0) size 62x15
                    text run at (0,0) width 62: "Will Sievert"
                RenderBlock {P} at (7,48) size 157x16
                  RenderText {#text} at (0,0) size 72x15
                    text run at (0,0) width 72: "Jim Mahoney"
                RenderBlock {P} at (7,64) size 157x16
                  RenderText {#text} at (0,0) size 66x15
                    text run at (0,0) width 66: "Ken Manuel"
                RenderBlock {P} at (7,80) size 157x16
                  RenderText {#text} at (0,0) size 58x15
                    text run at (0,0) width 58: "John Todd"
                RenderBlock {P} at (7,96) size 157x16
                  RenderText {#text} at (0,0) size 87x15
                    text run at (0,0) width 87: "Rick Rasmussen"
                  RenderInline {SPAN} at (0,0) size 0x15
                    RenderInline {O:P} at (0,0) size 0x15
              RenderTableCell {TD} at (268,2989) size 99x80 [r=42 c=2 rs=1 cs=1]
                RenderBlock {P} at (7,0) size 86x16
                  RenderText {#text} at (32,0) size 21x15
                    text run at (32,0) width 21: "Yes"
                  RenderInline {SPAN} at (0,0) size 1x15
                    RenderInline {O:P} at (0,0) size 1x15
                RenderBlock {P} at (7,16) size 86x16
                  RenderText {#text} at (32,0) size 21x15
                    text run at (32,0) width 21: "Yes"
                  RenderInline {SPAN} at (0,0) size 1x15
                    RenderInline {O:P} at (0,0) size 1x15
                RenderBlock {P} at (7,32) size 86x16
                  RenderText {#text} at (32,0) size 21x15
                    text run at (32,0) width 21: "Yes"
                RenderBlock {P} at (7,48) size 86x16
                  RenderText {#text} at (32,0) size 21x15
                    text run at (32,0) width 21: "Yes"
                RenderBlock {P} at (7,64) size 86x16
                  RenderText {#text} at (32,0) size 21x15
                    text run at (32,0) width 21: "Yes"
                  RenderInline {SPAN} at (0,0) size 1x15
                    RenderInline {O:P} at (0,0) size 1x15
              RenderTableCell {TD} at (367,2989) size 106x80 [r=42 c=3 rs=1 cs=1]
                RenderBlock {P} at (7,0) size 93x16
                  RenderText {#text} at (38,0) size 16x15
                    text run at (38,0) width 16: "No"
                  RenderInline {SPAN} at (0,0) size 0x15
                    RenderInline {O:P} at (0,0) size 0x15
                RenderBlock {P} at (7,16) size 93x16
                  RenderText {#text} at (38,0) size 16x15
                    text run at (38,0) width 16: "No"
                  RenderInline {SPAN} at (0,0) size 0x15
                    RenderInline {O:P} at (0,0) size 0x15
                RenderBlock {P} at (7,32) size 93x16
                  RenderText {#text} at (21,0) size 50x15
                    text run at (21,0) width 50: "Someday"
                RenderBlock {P} at (7,48) size 93x16
                  RenderText {#text} at (36,0) size 20x15
                    text run at (36,0) width 20: "Yes"
                RenderBlock {P} at (7,64) size 93x16
                  RenderText {#text} at (38,0) size 16x15
                    text run at (38,0) width 16: "No"
                  RenderInline {SPAN} at (0,0) size 0x15
                    RenderInline {O:P} at (0,0) size 0x15
            RenderTableRow {TR} at (0,3101) size 473x64
              RenderTableCell {TD} at (0,3101) size 98x16 [r=43 c=0 rs=1 cs=1]
                RenderBlock {P} at (7,0) size 85x16
                  RenderText {#text} at (36,0) size 12x15
                    text run at (36,0) width 12: "44"
                  RenderInline {SPAN} at (0,0) size 0x15
                    RenderInline {O:P} at (0,0) size 0x15
              RenderTableCell {TD} at (98,3101) size 170x64 [r=43 c=1 rs=1 cs=1]
                RenderBlock {P} at (7,0) size 157x16
                  RenderText {#text} at (0,0) size 60x15
                    text run at (0,0) width 60: "Gary Heath"
                  RenderInline {SPAN} at (0,0) size 0x15
                    RenderInline {O:P} at (0,0) size 0x15
                RenderBlock {P} at (7,16) size 157x16
                  RenderText {#text} at (0,0) size 79x15
                    text run at (0,0) width 79: "Quinn Chuong"
                RenderBlock {P} at (7,32) size 157x16
                  RenderText {#text} at (0,0) size 62x15
                    text run at (0,0) width 62: "Dan Sievert"
                RenderBlock {P} at (7,48) size 157x16
                  RenderText {#text} at (0,0) size 84x15
                    text run at (0,0) width 84: "Alexander Wert"
                  RenderInline {SPAN} at (0,0) size 0x15
                    RenderInline {O:P} at (0,0) size 0x15
              RenderTableCell {TD} at (268,3101) size 99x64 [r=43 c=2 rs=1 cs=1]
                RenderBlock {P} at (7,0) size 86x16
                  RenderText {#text} at (34,0) size 17x15
                    text run at (34,0) width 17: "No"
                  RenderInline {SPAN} at (0,0) size 1x15
                    RenderInline {O:P} at (0,0) size 1x15
                RenderBlock {P} at (7,16) size 86x16
                  RenderText {#text} at (32,0) size 21x15
                    text run at (32,0) width 21: "Yes"
                RenderBlock {P} at (7,32) size 86x16
                  RenderText {#text} at (32,0) size 21x15
                    text run at (32,0) width 21: "Yes"
                RenderBlock {P} at (7,48) size 86x16
                  RenderText {#text} at (34,0) size 17x15
                    text run at (34,0) width 17: "No"
                  RenderInline {SPAN} at (0,0) size 1x15
                    RenderInline {O:P} at (0,0) size 1x15
              RenderTableCell {TD} at (367,3101) size 106x64 [r=43 c=3 rs=1 cs=1]
                RenderBlock {P} at (7,0) size 93x16
                  RenderText {#text} at (36,0) size 20x15
                    text run at (36,0) width 20: "Yes"
                  RenderInline {SPAN} at (0,0) size 0x15
                    RenderInline {O:P} at (0,0) size 0x15
                RenderBlock {P} at (7,16) size 93x16
                  RenderText {#text} at (36,0) size 20x15
                    text run at (36,0) width 20: "Yes"
                RenderBlock {P} at (7,32) size 93x16
                  RenderText {#text} at (38,0) size 16x15
                    text run at (38,0) width 16: "No"
                RenderBlock {P} at (7,48) size 93x16
                  RenderText {#text} at (36,0) size 20x15
                    text run at (36,0) width 20: "Yes"
                  RenderInline {SPAN} at (0,0) size 0x15
                    RenderInline {O:P} at (0,0) size 0x15
            RenderTableRow {TR} at (0,3165) size 473x48
              RenderTableCell {TD} at (0,3165) size 98x16 [r=44 c=0 rs=1 cs=1]
                RenderBlock {P} at (7,0) size 85x16
                  RenderText {#text} at (36,0) size 12x15
                    text run at (36,0) width 12: "45"
                  RenderInline {SPAN} at (0,0) size 0x15
                    RenderInline {O:P} at (0,0) size 0x15
              RenderTableCell {TD} at (98,3165) size 170x48 [r=44 c=1 rs=1 cs=1]
                RenderBlock {P} at (7,0) size 157x16
                  RenderText {#text} at (0,0) size 79x15
                    text run at (0,0) width 79: "James Holaduz"
                RenderBlock {P} at (7,16) size 157x16
                  RenderInline {FONT} at (0,0) size 55x15
                    RenderText {#text} at (0,0) size 55x15
                      text run at (0,0) width 55: "Don Coon"
                RenderBlock {P} at (7,32) size 157x16
                  RenderText {#text} at (0,0) size 83x15
                    text run at (0,0) width 83: "John Yearwood"
                  RenderInline {SPAN} at (0,0) size 0x15
                    RenderInline {O:P} at (0,0) size 0x15
              RenderTableCell {TD} at (268,3165) size 99x48 [r=44 c=2 rs=1 cs=1]
                RenderBlock {P} at (7,0) size 86x16
                  RenderText {#text} at (32,0) size 21x15
                    text run at (32,0) width 21: "Yes"
                RenderBlock {P} at (7,16) size 86x16
                  RenderText {#text} at (41,0) size 3x15
                    text run at (41,0) width 3: " "
                RenderBlock {P} at (7,32) size 86x16
                  RenderText {#text} at (32,0) size 21x15
                    text run at (32,0) width 21: "Yes"
                  RenderInline {SPAN} at (0,0) size 1x15
                    RenderInline {O:P} at (0,0) size 1x15
              RenderTableCell {TD} at (367,3165) size 106x48 [r=44 c=3 rs=1 cs=1]
                RenderBlock {P} at (7,0) size 93x16
                  RenderText {#text} at (38,0) size 16x15
                    text run at (38,0) width 16: "No"
                RenderBlock {P} at (7,16) size 93x16
                  RenderText {#text} at (44,0) size 4x15
                    text run at (44,0) width 4: " "
                RenderBlock {P} at (7,32) size 93x16
                  RenderText {#text} at (38,0) size 16x15
                    text run at (38,0) width 16: "No"
                  RenderInline {SPAN} at (0,0) size 0x15
                    RenderInline {O:P} at (0,0) size 0x15
            RenderTableRow {TR} at (0,3213) size 473x128
              RenderTableCell {TD} at (0,3213) size 98x16 [r=45 c=0 rs=1 cs=1]
                RenderBlock {P} at (7,0) size 85x16
                  RenderText {#text} at (36,0) size 12x15
                    text run at (36,0) width 12: "46"
                  RenderInline {SPAN} at (0,0) size 0x15
                    RenderInline {O:P} at (0,0) size 0x15
              RenderTableCell {TD} at (98,3213) size 170x128 [r=45 c=1 rs=1 cs=1]
                RenderBlock {P} at (7,0) size 157x16
                  RenderText {#text} at (0,0) size 52x15
                    text run at (0,0) width 52: "Zak West"
                  RenderInline {SPAN} at (0,0) size 0x15
                    RenderInline {O:P} at (0,0) size 0x15
                RenderBlock {P} at (7,16) size 157x16
                  RenderText {#text} at (0,0) size 97x15
                    text run at (0,0) width 97: "Karl Allmendinger"
                RenderBlock {P} at (7,32) size 157x16
                  RenderText {#text} at (0,0) size 83x15
                    text run at (0,0) width 83: "John Espectzde"
                RenderBlock {P} at (7,48) size 157x16
                  RenderText {#text} at (0,0) size 71x15
                    text run at (0,0) width 71: "Gene Pheiffer"
                RenderBlock {P} at (7,64) size 157x16
                  RenderText {#text} at (0,0) size 68x15
                    text run at (0,0) width 68: "Harold Todd"
                RenderBlock {P} at (7,80) size 157x16
                  RenderText {#text} at (0,0) size 81x15
                    text run at (0,0) width 81: "Gerald Cardinal"
                RenderBlock {P} at (7,96) size 157x16
                  RenderText {#text} at (0,0) size 65x15
                    text run at (0,0) width 65: "Ali Erdengiz"
                RenderBlock {P} at (7,112) size 157x16
                  RenderText {#text} at (0,0) size 88x15
                    text run at (0,0) width 88: "Jason Anderson"
                  RenderInline {SPAN} at (0,0) size 0x15
                    RenderInline {O:P} at (0,0) size 0x15
              RenderTableCell {TD} at (268,3213) size 99x128 [r=45 c=2 rs=1 cs=1]
                RenderBlock {P} at (7,0) size 86x16
                  RenderText {#text} at (32,0) size 21x15
                    text run at (32,0) width 21: "Yes"
                  RenderInline {SPAN} at (0,0) size 1x15
                    RenderInline {O:P} at (0,0) size 1x15
                RenderBlock {P} at (7,16) size 86x16
                  RenderText {#text} at (32,0) size 21x15
                    text run at (32,0) width 21: "Yes"
                RenderBlock {P} at (7,32) size 86x16
                  RenderText {#text} at (41,0) size 3x15
                    text run at (41,0) width 3: " "
                RenderBlock {P} at (7,48) size 86x16
                  RenderText {#text} at (32,0) size 21x15
                    text run at (32,0) width 21: "Yes"
                RenderBlock {P} at (7,64) size 86x16
                  RenderText {#text} at (41,0) size 3x15
                    text run at (41,0) width 3: " "
                RenderBlock {P} at (7,80) size 86x16
                  RenderText {#text} at (41,0) size 3x15
                    text run at (41,0) width 3: " "
                RenderBlock {P} at (7,96) size 86x16
                  RenderText {#text} at (41,0) size 3x15
                    text run at (41,0) width 3: " "
                RenderBlock {P} at (7,112) size 86x16
                  RenderText {#text} at (32,0) size 21x15
                    text run at (32,0) width 21: "Yes"
                  RenderInline {SPAN} at (0,0) size 1x15
                    RenderInline {O:P} at (0,0) size 1x15
              RenderTableCell {TD} at (367,3213) size 106x128 [r=45 c=3 rs=1 cs=1]
                RenderBlock {P} at (7,0) size 93x16
                  RenderText {#text} at (36,0) size 20x15
                    text run at (36,0) width 20: "Yes"
                  RenderInline {SPAN} at (0,0) size 0x15
                    RenderInline {O:P} at (0,0) size 0x15
                RenderBlock {P} at (7,16) size 93x16
                  RenderText {#text} at (38,0) size 16x15
                    text run at (38,0) width 16: "No"
                RenderBlock {P} at (7,32) size 93x16
                  RenderText {#text} at (44,0) size 4x15
                    text run at (44,0) width 4: " "
                RenderBlock {P} at (7,48) size 93x16
                  RenderText {#text} at (38,0) size 16x15
                    text run at (38,0) width 16: "No"
                RenderBlock {P} at (7,64) size 93x16
                  RenderText {#text} at (44,0) size 4x15
                    text run at (44,0) width 4: " "
                RenderBlock {P} at (7,80) size 93x16
                  RenderText {#text} at (44,0) size 4x15
                    text run at (44,0) width 4: " "
                RenderBlock {P} at (7,96) size 93x16
                  RenderText {#text} at (44,0) size 4x15
                    text run at (44,0) width 4: " "
                RenderBlock {P} at (7,112) size 93x16
                  RenderText {#text} at (38,0) size 16x15
                    text run at (38,0) width 16: "No"
                  RenderInline {SPAN} at (0,0) size 0x15
                    RenderInline {O:P} at (0,0) size 0x15
            RenderTableRow {TR} at (0,3341) size 473x176
              RenderTableCell {TD} at (0,3341) size 98x16 [r=46 c=0 rs=1 cs=1]
                RenderBlock {P} at (7,0) size 85x16
                  RenderText {#text} at (36,0) size 12x15
                    text run at (36,0) width 12: "47"
                  RenderInline {SPAN} at (0,0) size 0x15
                    RenderInline {O:P} at (0,0) size 0x15
              RenderTableCell {TD} at (98,3341) size 170x176 [r=46 c=1 rs=1 cs=1]
                RenderBlock {P} at (7,0) size 157x16
                  RenderText {#text} at (0,0) size 79x15
                    text run at (0,0) width 79: "James Holaduz"
                  RenderInline {SPAN} at (0,0) size 0x15
                    RenderInline {O:P} at (0,0) size 0x15
                RenderBlock {P} at (7,16) size 157x16
                  RenderText {#text} at (0,0) size 47x15
                    text run at (0,0) width 47: "Tony Yu"
                  RenderInline {SPAN} at (0,0) size 0x15
                    RenderInline {O:P} at (0,0) size 0x15
                RenderBlock {P} at (7,32) size 157x16
                  RenderText {#text} at (0,0) size 82x15
                    text run at (0,0) width 82: "Quang Nguyen"
                  RenderInline {SPAN} at (0,0) size 0x15
                    RenderInline {O:P} at (0,0) size 0x15
                RenderBlock {P} at (7,48) size 157x16
                  RenderText {#text} at (0,0) size 70x15
                    text run at (0,0) width 70: "Rick Klement"
                  RenderInline {SPAN} at (0,0) size 0x15
                    RenderInline {O:P} at (0,0) size 0x15
                RenderBlock {P} at (7,64) size 157x16
                  RenderText {#text} at (0,0) size 77x15
                    text run at (0,0) width 77: "Mark Glanville"
                  RenderInline {SPAN} at (0,0) size 0x15
                    RenderInline {O:P} at (0,0) size 0x15
                RenderBlock {P} at (7,80) size 157x16
                  RenderText {#text} at (0,0) size 87x15
                    text run at (0,0) width 87: "Michael Chansu"
                RenderBlock {P} at (7,96) size 157x16
                  RenderText {#text} at (0,0) size 68x15
                    text run at (0,0) width 68: "Harold Todd"
                RenderBlock {P} at (7,112) size 157x16
                  RenderInline {FONT} at (0,0) size 55x15
                    RenderText {#text} at (0,0) size 55x15
                      text run at (0,0) width 55: "Don Coon"
                RenderBlock {P} at (7,128) size 157x16
                  RenderText {#text} at (0,0) size 55x15
                    text run at (0,0) width 55: "John Paye"
                RenderBlock {P} at (7,144) size 157x16
                  RenderText {#text} at (0,0) size 64x15
                    text run at (0,0) width 64: "David Allen"
                RenderBlock {P} at (7,160) size 157x16
                  RenderText {#text} at (0,0) size 105x15
                    text run at (0,0) width 105: "Raymund Leonardo"
                  RenderInline {SPAN} at (0,0) size 0x15
                    RenderInline {O:P} at (0,0) size 0x15
              RenderTableCell {TD} at (268,3341) size 99x176 [r=46 c=2 rs=1 cs=1]
                RenderBlock {P} at (7,0) size 86x16
                  RenderText {#text} at (32,0) size 21x15
                    text run at (32,0) width 21: "Yes"
                  RenderInline {SPAN} at (0,0) size 1x15
                    RenderInline {O:P} at (0,0) size 1x15
                RenderBlock {P} at (7,16) size 86x16
                  RenderText {#text} at (32,0) size 21x15
                    text run at (32,0) width 21: "Yes"
                  RenderInline {SPAN} at (0,0) size 1x15
                    RenderInline {O:P} at (0,0) size 1x15
                RenderBlock {P} at (7,32) size 86x16
                  RenderText {#text} at (32,0) size 21x15
                    text run at (32,0) width 21: "Yes"
                  RenderInline {SPAN} at (0,0) size 1x15
                    RenderInline {O:P} at (0,0) size 1x15
                RenderBlock {P} at (7,48) size 86x16
                  RenderText {#text} at (32,0) size 21x15
                    text run at (32,0) width 21: "Yes"
                  RenderInline {SPAN} at (0,0) size 1x15
                    RenderInline {O:P} at (0,0) size 1x15
                RenderBlock {P} at (7,64) size 86x16
                  RenderText {#text} at (32,0) size 21x15
                    text run at (32,0) width 21: "Yes"
                  RenderInline {SPAN} at (0,0) size 1x15
                    RenderInline {O:P} at (0,0) size 1x15
                RenderBlock {P} at (7,80) size 86x16
                  RenderText {#text} at (32,0) size 21x15
                    text run at (32,0) width 21: "Yes"
                RenderBlock {P} at (7,96) size 86x16
                  RenderText {#text} at (41,0) size 3x15
                    text run at (41,0) width 3: " "
                RenderBlock {P} at (7,112) size 86x16
                  RenderText {#text} at (41,0) size 3x15
                    text run at (41,0) width 3: " "
                RenderBlock {P} at (7,128) size 86x16
                  RenderText {#text} at (41,0) size 3x15
                    text run at (41,0) width 3: " "
                RenderBlock {P} at (7,144) size 86x16
                  RenderText {#text} at (41,0) size 3x15
                    text run at (41,0) width 3: " "
                RenderBlock {P} at (7,160) size 86x16
                  RenderText {#text} at (34,0) size 17x15
                    text run at (34,0) width 17: "No"
                  RenderInline {SPAN} at (0,0) size 1x15
                    RenderInline {O:P} at (0,0) size 1x15
              RenderTableCell {TD} at (367,3341) size 106x176 [r=46 c=3 rs=1 cs=1]
                RenderBlock {P} at (7,0) size 93x16
                  RenderText {#text} at (38,0) size 16x15
                    text run at (38,0) width 16: "No"
                  RenderInline {SPAN} at (0,0) size 0x15
                    RenderInline {O:P} at (0,0) size 0x15
                RenderBlock {P} at (7,16) size 93x16
                  RenderText {#text} at (38,0) size 16x15
                    text run at (38,0) width 16: "No"
                  RenderInline {SPAN} at (0,0) size 0x15
                    RenderInline {O:P} at (0,0) size 0x15
                RenderBlock {P} at (7,32) size 93x16
                  RenderText {#text} at (38,0) size 16x15
                    text run at (38,0) width 16: "No"
                  RenderInline {SPAN} at (0,0) size 0x15
                    RenderInline {O:P} at (0,0) size 0x15
                RenderBlock {P} at (7,48) size 93x16
                  RenderText {#text} at (36,0) size 20x15
                    text run at (36,0) width 20: "Yes"
                  RenderInline {SPAN} at (0,0) size 0x15
                    RenderInline {O:P} at (0,0) size 0x15
                RenderBlock {P} at (7,64) size 93x16
                  RenderText {#text} at (38,0) size 16x15
                    text run at (38,0) width 16: "No"
                  RenderInline {SPAN} at (0,0) size 0x15
                    RenderInline {O:P} at (0,0) size 0x15
                RenderBlock {P} at (7,80) size 93x16
                  RenderText {#text} at (38,0) size 16x15
                    text run at (38,0) width 16: "No"
                RenderBlock {P} at (7,96) size 93x16
                  RenderText {#text} at (44,0) size 4x15
                    text run at (44,0) width 4: " "
                RenderBlock {P} at (7,112) size 93x16
                  RenderText {#text} at (44,0) size 4x15
                    text run at (44,0) width 4: " "
                RenderBlock {P} at (7,128) size 93x16
                  RenderText {#text} at (44,0) size 4x15
                    text run at (44,0) width 4: " "
                RenderBlock {P} at (7,144) size 93x16
                  RenderText {#text} at (44,0) size 4x15
                    text run at (44,0) width 4: " "
                RenderBlock {P} at (7,160) size 93x16
                  RenderText {#text} at (36,0) size 20x15
                    text run at (36,0) width 20: "Yes"
                  RenderInline {SPAN} at (0,0) size 0x15
                    RenderInline {O:P} at (0,0) size 0x15
            RenderTableRow {TR} at (0,3517) size 473x144
              RenderTableCell {TD} at (0,3517) size 98x16 [r=47 c=0 rs=1 cs=1]
                RenderBlock {P} at (7,0) size 85x16
                  RenderText {#text} at (36,0) size 12x15
                    text run at (36,0) width 12: "48"
                  RenderInline {SPAN} at (0,0) size 0x15
                    RenderInline {O:P} at (0,0) size 0x15
              RenderTableCell {TD} at (98,3517) size 170x144 [r=47 c=1 rs=1 cs=1]
                RenderBlock {P} at (7,0) size 157x16
                  RenderText {#text} at (0,0) size 77x15
                    text run at (0,0) width 77: "Mark Glanville"
                  RenderInline {SPAN} at (0,0) size 0x15
                    RenderInline {O:P} at (0,0) size 0x15
                RenderBlock {P} at (7,16) size 157x16
                  RenderText {#text} at (0,0) size 90x15
                    text run at (0,0) width 90: "Ian + Brad Carter"
                RenderBlock {P} at (7,32) size 157x16
                  RenderText {#text} at (0,0) size 79x15
                    text run at (0,0) width 79: "Stefan Kiritzov"
                RenderBlock {P} at (7,48) size 157x16
                  RenderText {#text} at (0,0) size 58x15
                    text run at (0,0) width 58: "Joe Araujo"
                RenderBlock {P} at (7,64) size 157x16
                  RenderText {#text} at (0,0) size 68x15
                    text run at (0,0) width 68: "Harold Todd"
                RenderBlock {P} at (7,80) size 157x16
                  RenderText {#text} at (0,0) size 68x15
                    text run at (0,0) width 68: "Steve Gilbert"
                RenderBlock {P} at (7,96) size 157x16
                  RenderText {#text} at (0,0) size 52x15
                    text run at (0,0) width 52: "Mark Diel"
                RenderBlock {P} at (7,112) size 157x16
                  RenderText {#text} at (0,0) size 86x15
                    text run at (0,0) width 86: "Jack Goodfriend"
                RenderBlock {P} at (7,128) size 157x16
                  RenderText {#text} at (0,0) size 90x15
                    text run at (0,0) width 90: "Ruenjoe (Joe) Lu"
                  RenderInline {SPAN} at (0,0) size 0x15
                    RenderInline {O:P} at (0,0) size 0x15
              RenderTableCell {TD} at (268,3517) size 99x96 [r=47 c=2 rs=1 cs=1]
                RenderBlock {P} at (7,0) size 86x16
                  RenderText {#text} at (32,0) size 21x15
                    text run at (32,0) width 21: "Yes"
                  RenderInline {SPAN} at (0,0) size 1x15
                    RenderInline {O:P} at (0,0) size 1x15
                RenderBlock {P} at (7,16) size 86x16
                  RenderText {#text} at (32,0) size 21x15
                    text run at (32,0) width 21: "Yes"
                RenderBlock {P} at (7,32) size 86x16
                  RenderText {#text} at (32,0) size 21x15
                    text run at (32,0) width 21: "Yes"
                RenderBlock {P} at (7,48) size 86x16
                  RenderText {#text} at (41,0) size 3x15
                    text run at (41,0) width 3: " "
                RenderBlock {P} at (7,64) size 86x16
                  RenderText {#text} at (41,0) size 3x15
                    text run at (41,0) width 3: " "
                RenderBlock {P} at (7,80) size 86x16
                  RenderText {#text} at (32,0) size 21x15
                    text run at (32,0) width 21: "Yes"
                  RenderInline {SPAN} at (0,0) size 1x15
                    RenderInline {O:P} at (0,0) size 1x15
              RenderTableCell {TD} at (367,3517) size 106x96 [r=47 c=3 rs=1 cs=1]
                RenderBlock {P} at (7,0) size 93x16
                  RenderText {#text} at (38,0) size 16x15
                    text run at (38,0) width 16: "No"
                  RenderInline {SPAN} at (0,0) size 0x15
                    RenderInline {O:P} at (0,0) size 0x15
                RenderBlock {P} at (7,16) size 93x16
                  RenderText {#text} at (38,0) size 16x15
                    text run at (38,0) width 16: "No"
                RenderBlock {P} at (7,32) size 93x16
                  RenderText {#text} at (36,0) size 20x15
                    text run at (36,0) width 20: "Yes"
                RenderBlock {P} at (7,48) size 93x16
                  RenderText {#text} at (44,0) size 4x15
                    text run at (44,0) width 4: " "
                RenderBlock {P} at (7,64) size 93x16
                  RenderText {#text} at (44,0) size 4x15
                    text run at (44,0) width 4: " "
                RenderBlock {P} at (7,80) size 93x16
                  RenderText {#text} at (38,0) size 16x15
                    text run at (38,0) width 16: "No"
                  RenderInline {SPAN} at (0,0) size 0x15
                    RenderInline {O:P} at (0,0) size 0x15
            RenderTableRow {TR} at (0,3661) size 473x64
              RenderTableCell {TD} at (0,3661) size 98x16 [r=48 c=0 rs=1 cs=1]
                RenderBlock {P} at (7,0) size 85x16
                  RenderText {#text} at (36,0) size 12x15
                    text run at (36,0) width 12: "49"
                  RenderInline {SPAN} at (0,0) size 0x15
                    RenderInline {O:P} at (0,0) size 0x15
              RenderTableCell {TD} at (98,3661) size 170x64 [r=48 c=1 rs=1 cs=1]
                RenderBlock {P} at (7,0) size 157x16
                  RenderText {#text} at (0,0) size 65x15
                    text run at (0,0) width 65: "Ali Erdengiz"
                RenderBlock {P} at (7,16) size 157x16
                  RenderText {#text} at (0,0) size 64x15
                    text run at (0,0) width 64: "David Allen"
                RenderBlock {P} at (7,32) size 157x16
                  RenderInline {SPAN} at (0,0) size 72x15
                    RenderInline {O:P} at (0,0) size 0x0
                    RenderText {#text} at (0,0) size 72x15
                      text run at (0,0) width 72: "Narayen Raju"
                RenderBlock {P} at (7,48) size 157x16
                  RenderInline {SPAN} at (0,0) size 88x15
                    RenderText {#text} at (0,0) size 88x15
                      text run at (0,0) width 34: "Jason "
                      text run at (34,0) width 54: "Anderson"
              RenderTableCell {TD} at (268,3661) size 99x64 [r=48 c=2 rs=1 cs=1]
                RenderBlock {P} at (7,0) size 86x16
                  RenderText {#text} at (41,0) size 3x15
                    text run at (41,0) width 3: " "
                RenderBlock {P} at (7,16) size 86x16
                  RenderText {#text} at (41,0) size 3x15
                    text run at (41,0) width 3: " "
                RenderBlock {P} at (7,32) size 86x16
                  RenderText {#text} at (41,0) size 3x15
                    text run at (41,0) width 3: " "
                RenderBlock {P} at (7,48) size 86x16
                  RenderText {#text} at (32,0) size 21x15
                    text run at (32,0) width 21: "Yes"
                  RenderInline {SPAN} at (0,0) size 1x15
                    RenderInline {O:P} at (0,0) size 1x15
              RenderTableCell {TD} at (367,3661) size 106x64 [r=48 c=3 rs=1 cs=1]
                RenderBlock {P} at (7,0) size 93x16
                  RenderText {#text} at (44,0) size 4x15
                    text run at (44,0) width 4: " "
                RenderBlock {P} at (7,16) size 93x16
                  RenderText {#text} at (44,0) size 4x15
                    text run at (44,0) width 4: " "
                RenderBlock {P} at (7,32) size 93x16
                  RenderText {#text} at (44,0) size 4x15
                    text run at (44,0) width 4: " "
                RenderBlock {P} at (7,48) size 93x16
                  RenderText {#text} at (38,0) size 16x15
                    text run at (38,0) width 16: "No"
                  RenderInline {SPAN} at (0,0) size 0x15
                    RenderInline {O:P} at (0,0) size 0x15
            RenderTableRow {TR} at (0,3725) size 473x144
              RenderTableCell {TD} at (0,3725) size 98x16 [r=49 c=0 rs=1 cs=1]
                RenderBlock {P} at (7,0) size 85x16
                  RenderText {#text} at (36,0) size 12x15
                    text run at (36,0) width 12: "50"
                  RenderInline {SPAN} at (0,0) size 0x15
                    RenderInline {O:P} at (0,0) size 0x15
              RenderTableCell {TD} at (98,3725) size 170x144 [r=49 c=1 rs=1 cs=1]
                RenderBlock {P} at (7,0) size 157x16
                  RenderText {#text} at (0,0) size 52x15
                    text run at (0,0) width 52: "Zak West"
                  RenderInline {SPAN} at (0,0) size 0x15
                    RenderInline {O:P} at (0,0) size 0x15
                RenderBlock {P} at (7,16) size 157x16
                  RenderText {#text} at (0,0) size 70x15
                    text run at (0,0) width 70: "Rick Klement"
                  RenderInline {SPAN} at (0,0) size 0x15
                    RenderInline {O:P} at (0,0) size 0x15
                RenderBlock {P} at (7,32) size 157x16
                  RenderText {#text} at (0,0) size 54x15
                    text run at (0,0) width 54: "Jim Bernal"
                RenderBlock {P} at (7,48) size 157x16
                  RenderText {#text} at (0,0) size 86x15
                    text run at (0,0) width 86: "Alan Littlewood"
                RenderBlock {P} at (7,64) size 157x16
                  RenderText {#text} at (0,0) size 60x15
                    text run at (0,0) width 60: "Jerry Davis"
                RenderBlock {P} at (7,80) size 157x16
                  RenderText {#text} at (0,0) size 84x15
                    text run at (0,0) width 84: "Lauren Bussard"
                RenderBlock {P} at (7,96) size 157x16
                  RenderText {#text} at (0,0) size 83x15
                    text run at (0,0) width 83: "John Yearwood"
                RenderBlock {P} at (7,112) size 157x16
                  RenderText {#text} at (0,0) size 72x15
                    text run at (0,0) width 72: "Narayan Raju"
                RenderBlock {P} at (7,128) size 157x16
                  RenderText {#text} at (0,0) size 66x15
                    text run at (0,0) width 66: "Ken Manuel"
                  RenderInline {SPAN} at (0,0) size 0x15
                    RenderInline {O:P} at (0,0) size 0x15
              RenderTableCell {TD} at (268,3725) size 99x112 [r=49 c=2 rs=1 cs=1]
                RenderBlock {P} at (7,0) size 86x16
                  RenderText {#text} at (32,0) size 21x15
                    text run at (32,0) width 21: "Yes"
                  RenderInline {SPAN} at (0,0) size 1x15
                    RenderInline {O:P} at (0,0) size 1x15
                RenderBlock {P} at (7,16) size 86x16
                  RenderText {#text} at (32,0) size 21x15
                    text run at (32,0) width 21: "Yes"
                  RenderInline {SPAN} at (0,0) size 1x15
                    RenderInline {O:P} at (0,0) size 1x15
                RenderBlock {P} at (7,32) size 86x16
                  RenderText {#text} at (32,0) size 21x15
                    text run at (32,0) width 21: "Yes"
                RenderBlock {P} at (7,48) size 86x16
                  RenderText {#text} at (32,0) size 21x15
                    text run at (32,0) width 21: "Yes"
                RenderBlock {P} at (7,64) size 86x16
                  RenderText {#text} at (32,0) size 21x15
                    text run at (32,0) width 21: "Yes"
                RenderBlock {P} at (7,80) size 86x16
                  RenderText {#text} at (41,0) size 3x15
                    text run at (41,0) width 3: " "
                RenderBlock {P} at (7,96) size 86x16
                  RenderText {#text} at (32,0) size 21x15
                    text run at (32,0) width 21: "Yes"
                  RenderInline {SPAN} at (0,0) size 1x15
                    RenderInline {O:P} at (0,0) size 1x15
              RenderTableCell {TD} at (367,3725) size 106x112 [r=49 c=3 rs=1 cs=1]
                RenderBlock {P} at (7,0) size 93x16
                  RenderText {#text} at (36,0) size 20x15
                    text run at (36,0) width 20: "Yes"
                  RenderInline {SPAN} at (0,0) size 0x15
                    RenderInline {O:P} at (0,0) size 0x15
                RenderBlock {P} at (7,16) size 93x16
                  RenderText {#text} at (36,0) size 20x15
                    text run at (36,0) width 20: "Yes"
                  RenderInline {SPAN} at (0,0) size 0x15
                    RenderInline {O:P} at (0,0) size 0x15
                RenderBlock {P} at (7,32) size 93x16
                  RenderText {#text} at (38,0) size 16x15
                    text run at (38,0) width 16: "No"
                RenderBlock {P} at (7,48) size 93x16
                  RenderText {#text} at (38,0) size 16x15
                    text run at (38,0) width 16: "No"
                RenderBlock {P} at (7,64) size 93x16
                  RenderText {#text} at (36,0) size 20x15
                    text run at (36,0) width 20: "Yes"
                RenderBlock {P} at (7,80) size 93x16
                  RenderText {#text} at (44,0) size 4x15
                    text run at (44,0) width 4: " "
                RenderBlock {P} at (7,96) size 93x16
                  RenderText {#text} at (38,0) size 16x15
                    text run at (38,0) width 16: "No"
                  RenderInline {SPAN} at (0,0) size 0x15
                    RenderInline {O:P} at (0,0) size 0x15
            RenderTableRow {TR} at (0,3869) size 473x48
              RenderTableCell {TD} at (0,3869) size 98x16 [r=50 c=0 rs=1 cs=1]
                RenderBlock {P} at (7,0) size 85x16
                  RenderText {#text} at (36,0) size 12x15
                    text run at (36,0) width 12: "51"
                  RenderInline {SPAN} at (0,0) size 0x15
                    RenderInline {O:P} at (0,0) size 0x15
              RenderTableCell {TD} at (98,3869) size 170x48 [r=50 c=1 rs=1 cs=1]
                RenderBlock {P} at (7,0) size 157x16
                  RenderText {#text} at (0,0) size 78x15
                    text run at (0,0) width 78: "Robert Barnett"
                RenderBlock {P} at (7,16) size 157x16
                  RenderText {#text} at (0,0) size 72x15
                    text run at (0,0) width 72: "Jim Mahoney"
                RenderBlock {P} at (7,32) size 157x16
                  RenderText {#text} at (0,0) size 88x15
                    text run at (0,0) width 88: "Jason Anderson"
                  RenderInline {SPAN} at (0,0) size 0x15
                    RenderInline {O:P} at (0,0) size 0x15
              RenderTableCell {TD} at (268,3869) size 99x48 [r=50 c=2 rs=1 cs=1]
                RenderBlock {P} at (7,0) size 86x16
                  RenderText {#text} at (32,0) size 21x15
                    text run at (32,0) width 21: "Yes"
                RenderBlock {P} at (7,16) size 86x16
                  RenderText {#text} at (32,0) size 21x15
                    text run at (32,0) width 21: "Yes"
                RenderBlock {P} at (7,32) size 86x16
                  RenderText {#text} at (32,0) size 21x15
                    text run at (32,0) width 21: "Yes"
                  RenderInline {SPAN} at (0,0) size 1x15
                    RenderInline {O:P} at (0,0) size 1x15
              RenderTableCell {TD} at (367,3869) size 106x48 [r=50 c=3 rs=1 cs=1]
                RenderBlock {P} at (7,0) size 93x16
                  RenderInline {SPAN} at (0,0) size 16x15
                    RenderText {#text} at (38,0) size 16x15
                      text run at (38,0) width 16: "No"
                    RenderInline {O:P} at (0,0) size 0x15
                RenderBlock {P} at (7,16) size 93x16
                  RenderInline {SPAN} at (0,0) size 20x15
                    RenderText {#text} at (36,0) size 20x15
                      text run at (36,0) width 20: "Yes"
                RenderBlock {P} at (7,32) size 93x16
                  RenderInline {SPAN} at (0,0) size 16x15
                    RenderText {#text} at (38,0) size 16x15
                      text run at (38,0) width 16: "No"
                  RenderInline {SPAN} at (0,0) size 0x15
                    RenderInline {O:P} at (0,0) size 0x15
            RenderTableRow {TR} at (0,3917) size 473x80
              RenderTableCell {TD} at (0,3917) size 98x16 [r=51 c=0 rs=1 cs=1]
                RenderBlock {P} at (7,0) size 85x16
                  RenderText {#text} at (36,0) size 12x15
                    text run at (36,0) width 12: "52"
                  RenderInline {SPAN} at (0,0) size 0x15
                    RenderInline {O:P} at (0,0) size 0x15
              RenderTableCell {TD} at (98,3917) size 170x80 [r=51 c=1 rs=1 cs=1]
                RenderBlock {P} at (7,0) size 157x16
                  RenderText {#text} at (0,0) size 59x15
                    text run at (0,0) width 59: "Mike West"
                  RenderInline {SPAN} at (0,0) size 0x15
                    RenderInline {O:P} at (0,0) size 0x15
                RenderBlock {P} at (7,16) size 157x16
                  RenderText {#text} at (0,0) size 81x15
                    text run at (0,0) width 81: "Robert Frogner"
                RenderBlock {P} at (7,32) size 157x16
                  RenderText {#text} at (0,0) size 86x15
                    text run at (0,0) width 86: "Chris McDowell"
                RenderBlock {P} at (7,48) size 157x16
                  RenderText {#text} at (0,0) size 53x15
                    text run at (0,0) width 53: "Ed Cypret"
                RenderBlock {P} at (7,64) size 157x16
                  RenderText {#text} at (0,0) size 66x15
                    text run at (0,0) width 66: "Dale Barnett"
                  RenderInline {SPAN} at (0,0) size 0x15
                    RenderInline {O:P} at (0,0) size 0x15
              RenderTableCell {TD} at (268,3917) size 99x80 [r=51 c=2 rs=1 cs=1]
                RenderBlock {P} at (7,0) size 86x16
                  RenderText {#text} at (32,0) size 21x15
                    text run at (32,0) width 21: "Yes"
                  RenderInline {SPAN} at (0,0) size 1x15
                    RenderInline {O:P} at (0,0) size 1x15
                RenderBlock {P} at (7,16) size 86x16
                  RenderText {#text} at (32,0) size 21x15
                    text run at (32,0) width 21: "Yes"
                RenderBlock {P} at (7,32) size 86x16
                  RenderText {#text} at (32,0) size 21x15
                    text run at (32,0) width 21: "Yes"
                RenderBlock {P} at (7,48) size 86x16
                  RenderText {#text} at (41,0) size 3x15
                    text run at (41,0) width 3: " "
                RenderBlock {P} at (7,64) size 86x16
                  RenderText {#text} at (32,0) size 21x15
                    text run at (32,0) width 21: "Yes"
                  RenderInline {SPAN} at (0,0) size 1x15
                    RenderInline {O:P} at (0,0) size 1x15
              RenderTableCell {TD} at (367,3917) size 106x80 [r=51 c=3 rs=1 cs=1]
                RenderBlock {P} at (7,0) size 93x16
                  RenderText {#text} at (36,0) size 20x15
                    text run at (36,0) width 20: "Yes"
                  RenderInline {SPAN} at (0,0) size 0x15
                    RenderInline {O:P} at (0,0) size 0x15
                RenderBlock {P} at (7,16) size 93x16
                  RenderText {#text} at (38,0) size 16x15
                    text run at (38,0) width 16: "No"
                RenderBlock {P} at (7,32) size 93x16
                  RenderText {#text} at (38,0) size 16x15
                    text run at (38,0) width 16: "No"
                RenderBlock {P} at (7,48) size 93x16
                  RenderText {#text} at (44,0) size 4x15
                    text run at (44,0) width 4: " "
                RenderBlock {P} at (7,64) size 93x16
                  RenderText {#text} at (38,0) size 16x15
                    text run at (38,0) width 16: "No"
                  RenderInline {SPAN} at (0,0) size 0x15
                    RenderInline {O:P} at (0,0) size 0x15
            RenderTableRow {TR} at (0,3997) size 473x80
              RenderTableCell {TD} at (0,3997) size 98x16 [r=52 c=0 rs=1 cs=1]
                RenderBlock {P} at (7,0) size 85x16
                  RenderText {#text} at (36,0) size 12x15
                    text run at (36,0) width 12: "53"
                  RenderInline {SPAN} at (0,0) size 0x15
                    RenderInline {O:P} at (0,0) size 0x15
              RenderTableCell {TD} at (98,3997) size 170x80 [r=52 c=1 rs=1 cs=1]
                RenderBlock {P} at (7,0) size 157x16
                  RenderText {#text} at (0,0) size 81x15
                    text run at (0,0) width 81: "Alberto Lanzas"
                  RenderInline {SPAN} at (0,0) size 0x15
                    RenderInline {O:P} at (0,0) size 0x15
                RenderBlock {P} at (7,16) size 157x16
                  RenderText {#text} at (0,0) size 66x15
                    text run at (0,0) width 66: "Bill Johnson"
                RenderBlock {P} at (7,32) size 157x16
                  RenderText {#text} at (0,0) size 43x15
                    text run at (0,0) width 43: "Al Wert"
                RenderBlock {P} at (7,48) size 157x16
                  RenderText {#text} at (0,0) size 66x15
                    text run at (0,0) width 66: "Dale Barnett"
                RenderBlock {P} at (7,64) size 157x16
                  RenderText {#text} at (0,0) size 101x15
                    text run at (0,0) width 101: "Ramin Khoshnevis"
                  RenderInline {SPAN} at (0,0) size 0x15
                    RenderInline {O:P} at (0,0) size 0x15
              RenderTableCell {TD} at (268,3997) size 99x80 [r=52 c=2 rs=1 cs=1]
                RenderBlock {P} at (7,0) size 86x16
                  RenderText {#text} at (32,0) size 21x15
                    text run at (32,0) width 21: "Yes"
                  RenderInline {SPAN} at (0,0) size 1x15
                    RenderInline {O:P} at (0,0) size 1x15
                RenderBlock {P} at (7,16) size 86x16
                  RenderText {#text} at (32,0) size 21x15
                    text run at (32,0) width 21: "Yes"
                RenderBlock {P} at (7,32) size 86x16
                  RenderText {#text} at (34,0) size 17x15
                    text run at (34,0) width 17: "No"
                RenderBlock {P} at (7,48) size 86x16
                  RenderText {#text} at (32,0) size 21x15
                    text run at (32,0) width 21: "Yes"
                RenderBlock {P} at (7,64) size 86x16
                  RenderText {#text} at (32,0) size 21x15
                    text run at (32,0) width 21: "Yes"
                  RenderInline {SPAN} at (0,0) size 1x15
                    RenderInline {O:P} at (0,0) size 1x15
              RenderTableCell {TD} at (367,3997) size 106x80 [r=52 c=3 rs=1 cs=1]
                RenderBlock {P} at (7,0) size 93x16
                  RenderText {#text} at (36,0) size 20x15
                    text run at (36,0) width 20: "Yes"
                  RenderInline {SPAN} at (0,0) size 0x15
                    RenderInline {O:P} at (0,0) size 0x15
                RenderBlock {P} at (7,16) size 93x16
                  RenderText {#text} at (38,0) size 16x15
                    text run at (38,0) width 16: "No"
                RenderBlock {P} at (7,32) size 93x16
                  RenderText {#text} at (36,0) size 20x15
                    text run at (36,0) width 20: "Yes"
                RenderBlock {P} at (7,48) size 93x16
                  RenderText {#text} at (38,0) size 16x15
                    text run at (38,0) width 16: "No"
                RenderBlock {P} at (7,64) size 93x16
                  RenderText {#text} at (38,0) size 16x15
                    text run at (38,0) width 16: "No"
                  RenderInline {SPAN} at (0,0) size 0x15
                    RenderInline {O:P} at (0,0) size 0x15
            RenderTableRow {TR} at (0,4077) size 473x112
              RenderTableCell {TD} at (0,4077) size 98x16 [r=53 c=0 rs=1 cs=1]
                RenderBlock {P} at (7,0) size 85x16
                  RenderText {#text} at (36,0) size 12x15
                    text run at (36,0) width 12: "54"
                  RenderInline {SPAN} at (0,0) size 0x15
                    RenderInline {O:P} at (0,0) size 0x15
              RenderTableCell {TD} at (98,4077) size 170x112 [r=53 c=1 rs=1 cs=1]
                RenderBlock {P} at (7,0) size 157x16
                  RenderText {#text} at (0,0) size 73x15
                    text run at (0,0) width 73: "Gene Langley"
                RenderBlock {P} at (7,16) size 157x16
                  RenderText {#text} at (0,0) size 66x15
                    text run at (0,0) width 66: "Bill Johnson"
                RenderBlock {P} at (7,32) size 157x16
                  RenderText {#text} at (0,0) size 52x15
                    text run at (0,0) width 52: "Mark Diel"
                RenderBlock {P} at (7,48) size 157x16
                  RenderText {#text} at (0,0) size 60x15
                    text run at (0,0) width 60: "Jerry Davis"
                RenderBlock {P} at (7,64) size 157x16
                  RenderText {#text} at (0,0) size 55x15
                    text run at (0,0) width 55: "Peter Starr"
                RenderBlock {P} at (7,80) size 157x16
                  RenderText {#text} at (0,0) size 83x15
                    text run at (0,0) width 83: "John Yearwood"
                RenderBlock {P} at (7,96) size 157x16
                  RenderText {#text} at (0,0) size 63x15
                    text run at (0,0) width 63: "Scott Hersh"
                  RenderInline {SPAN} at (0,0) size 0x15
                    RenderInline {O:P} at (0,0) size 0x15
              RenderTableCell {TD} at (268,4077) size 99x112 [r=53 c=2 rs=1 cs=1]
                RenderBlock {P} at (7,0) size 86x16
                  RenderText {#text} at (32,0) size 21x15
                    text run at (32,0) width 21: "Yes"
                RenderBlock {P} at (7,16) size 86x16
                  RenderText {#text} at (32,0) size 21x15
                    text run at (32,0) width 21: "Yes"
                RenderBlock {P} at (7,32) size 86x16
                  RenderText {#text} at (41,0) size 3x15
                    text run at (41,0) width 3: " "
                RenderBlock {P} at (7,48) size 86x16
                  RenderText {#text} at (32,0) size 21x15
                    text run at (32,0) width 21: "Yes"
                RenderBlock {P} at (7,64) size 86x16
                  RenderText {#text} at (41,0) size 3x15
                    text run at (41,0) width 3: " "
                RenderBlock {P} at (7,80) size 86x16
                  RenderText {#text} at (32,0) size 21x15
                    text run at (32,0) width 21: "Yes"
                RenderBlock {P} at (7,96) size 86x16
                  RenderText {#text} at (32,0) size 21x15
                    text run at (32,0) width 21: "Yes"
                  RenderInline {SPAN} at (0,0) size 1x15
                    RenderInline {O:P} at (0,0) size 1x15
              RenderTableCell {TD} at (367,4077) size 106x112 [r=53 c=3 rs=1 cs=1]
                RenderBlock {P} at (7,0) size 93x16
                  RenderText {#text} at (7,0) size 78x15
                    text run at (7,0) width 78: "Gyro wannabe"
                RenderBlock {P} at (7,16) size 93x16
                  RenderText {#text} at (38,0) size 16x15
                    text run at (38,0) width 16: "No"
                RenderBlock {P} at (7,32) size 93x16
                  RenderText {#text} at (44,0) size 4x15
                    text run at (44,0) width 4: " "
                RenderBlock {P} at (7,48) size 93x16
                  RenderText {#text} at (38,0) size 16x15
                    text run at (38,0) width 16: "No"
                RenderBlock {P} at (7,64) size 93x16
                  RenderText {#text} at (44,0) size 4x15
                    text run at (44,0) width 4: " "
                RenderBlock {P} at (7,80) size 93x16
                  RenderText {#text} at (38,0) size 16x15
                    text run at (38,0) width 16: "No"
                RenderBlock {P} at (7,96) size 93x16
                  RenderText {#text} at (38,0) size 16x15
                    text run at (38,0) width 16: "No"
                  RenderInline {SPAN} at (0,0) size 0x15
                    RenderInline {O:P} at (0,0) size 0x15
            RenderTableRow {TR} at (0,4189) size 473x48
              RenderTableCell {TD} at (0,4189) size 98x16 [r=54 c=0 rs=1 cs=1]
                RenderBlock {P} at (7,0) size 85x16
                  RenderText {#text} at (36,0) size 12x15
                    text run at (36,0) width 12: "55"
                  RenderInline {SPAN} at (0,0) size 0x15
                    RenderInline {O:P} at (0,0) size 0x15
              RenderTableCell {TD} at (98,4189) size 170x48 [r=54 c=1 rs=1 cs=1]
                RenderBlock {P} at (7,0) size 157x16
                  RenderText {#text} at (0,0) size 81x15
                    text run at (0,0) width 81: "Alberto Lanzas"
                  RenderInline {SPAN} at (0,0) size 0x15
                    RenderInline {O:P} at (0,0) size 0x15
                RenderBlock {P} at (7,16) size 157x16
                  RenderText {#text} at (0,0) size 57x15
                    text run at (0,0) width 57: "Bob Roger"
                RenderBlock {P} at (7,32) size 157x16
                  RenderText {#text} at (0,0) size 73x15
                    text run at (0,0) width 73: "Randy StClair"
                  RenderInline {SPAN} at (0,0) size 0x15
                    RenderInline {O:P} at (0,0) size 0x15
              RenderTableCell {TD} at (268,4189) size 99x48 [r=54 c=2 rs=1 cs=1]
                RenderBlock {P} at (7,0) size 86x16
                  RenderText {#text} at (32,0) size 21x15
                    text run at (32,0) width 21: "Yes"
                  RenderInline {SPAN} at (0,0) size 1x15
                    RenderInline {O:P} at (0,0) size 1x15
                RenderBlock {P} at (7,16) size 86x16
                  RenderText {#text} at (32,0) size 21x15
                    text run at (32,0) width 21: "Yes"
                RenderBlock {P} at (7,32) size 86x16
                  RenderText {#text} at (32,0) size 21x15
                    text run at (32,0) width 21: "Yes"
                  RenderInline {SPAN} at (0,0) size 1x15
                    RenderInline {O:P} at (0,0) size 1x15
              RenderTableCell {TD} at (367,4189) size 106x48 [r=54 c=3 rs=1 cs=1]
                RenderBlock {P} at (7,0) size 93x16
                  RenderText {#text} at (36,0) size 20x15
                    text run at (36,0) width 20: "Yes"
                  RenderInline {SPAN} at (0,0) size 0x15
                    RenderInline {O:P} at (0,0) size 0x15
                RenderBlock {P} at (7,16) size 93x16
                  RenderText {#text} at (38,0) size 16x15
                    text run at (38,0) width 16: "No"
                RenderBlock {P} at (7,32) size 93x16
                  RenderText {#text} at (38,0) size 16x15
                    text run at (38,0) width 16: "No"
                  RenderInline {SPAN} at (0,0) size 0x15
                    RenderInline {O:P} at (0,0) size 0x15
            RenderTableRow {TR} at (0,4237) size 473x80
              RenderTableCell {TD} at (0,4237) size 98x16 [r=55 c=0 rs=1 cs=1]
                RenderBlock {P} at (7,0) size 85x16
                  RenderText {#text} at (36,0) size 12x15
                    text run at (36,0) width 12: "56"
                  RenderInline {SPAN} at (0,0) size 0x15
                    RenderInline {O:P} at (0,0) size 0x15
              RenderTableCell {TD} at (98,4237) size 170x80 [r=55 c=1 rs=1 cs=1]
                RenderBlock {P} at (7,0) size 157x16
                  RenderText {#text} at (0,0) size 77x15
                    text run at (0,0) width 77: "Mark Glanville"
                RenderBlock {P} at (7,16) size 157x16
                  RenderText {#text} at (0,0) size 68x15
                    text run at (0,0) width 68: "Steve Gilbert"
                RenderBlock {P} at (7,32) size 157x16
                  RenderText {#text} at (0,0) size 60x15
                    text run at (0,0) width 60: "Jerry Davis"
                RenderBlock {P} at (7,48) size 157x16
                  RenderText {#text} at (0,0) size 64x15
                    text run at (0,0) width 64: "Rich Saunef"
                RenderBlock {P} at (7,64) size 157x16
                  RenderText {#text} at (0,0) size 68x15
                    text run at (0,0) width 68: "Harald Close"
                  RenderInline {SPAN} at (0,0) size 0x15
                    RenderInline {O:P} at (0,0) size 0x15
              RenderTableCell {TD} at (268,4237) size 99x80 [r=55 c=2 rs=1 cs=1]
                RenderBlock {P} at (7,0) size 86x16
                  RenderText {#text} at (32,0) size 21x15
                    text run at (32,0) width 21: "Yes"
                RenderBlock {P} at (7,16) size 86x16
                  RenderText {#text} at (32,0) size 21x15
                    text run at (32,0) width 21: "Yes"
                RenderBlock {P} at (7,32) size 86x16
                  RenderText {#text} at (32,0) size 21x15
                    text run at (32,0) width 21: "Yes"
                RenderBlock {P} at (7,48) size 86x16
                  RenderText {#text} at (32,0) size 21x15
                    text run at (32,0) width 21: "Yes"
                RenderBlock {P} at (7,64) size 86x16
                  RenderText {#text} at (32,0) size 21x15
                    text run at (32,0) width 21: "Yes"
                  RenderInline {SPAN} at (0,0) size 1x15
                    RenderInline {O:P} at (0,0) size 1x15
              RenderTableCell {TD} at (367,4237) size 106x80 [r=55 c=3 rs=1 cs=1]
                RenderBlock {P} at (7,0) size 93x16
                  RenderText {#text} at (38,0) size 16x15
                    text run at (38,0) width 16: "No"
                RenderBlock {P} at (7,16) size 93x16
                  RenderText {#text} at (38,0) size 16x15
                    text run at (38,0) width 16: "No"
                RenderBlock {P} at (7,32) size 93x16
                  RenderText {#text} at (38,0) size 16x15
                    text run at (38,0) width 16: "No"
                RenderBlock {P} at (7,48) size 93x16
                  RenderText {#text} at (38,0) size 16x15
                    text run at (38,0) width 16: "No"
                RenderBlock {P} at (7,64) size 93x16
                  RenderText {#text} at (38,0) size 16x15
                    text run at (38,0) width 16: "No"
                  RenderInline {SPAN} at (0,0) size 0x15
                    RenderInline {O:P} at (0,0) size 0x15
            RenderTableRow {TR} at (0,4317) size 473x48
              RenderTableCell {TD} at (0,4317) size 98x16 [r=56 c=0 rs=1 cs=1]
                RenderBlock {P} at (7,0) size 85x16
                  RenderText {#text} at (36,0) size 12x15
                    text run at (36,0) width 12: "57"
                  RenderInline {SPAN} at (0,0) size 0x15
                    RenderInline {O:P} at (0,0) size 0x15
              RenderTableCell {TD} at (98,4317) size 170x48 [r=56 c=1 rs=1 cs=1]
                RenderBlock {P} at (7,0) size 157x16
                  RenderText {#text} at (0,0) size 57x15
                    text run at (0,0) width 57: "Bob Roger"
                RenderBlock {P} at (7,16) size 157x16
                  RenderText {#text} at (0,0) size 67x15
                    text run at (0,0) width 67: "Rich Burnett"
                RenderBlock {P} at (7,32) size 157x16
                  RenderText {#text} at (0,0) size 65x15
                    text run at (0,0) width 65: "David Dunn"
                  RenderInline {SPAN} at (0,0) size 0x15
                    RenderInline {O:P} at (0,0) size 0x15
              RenderTableCell {TD} at (268,4317) size 99x16 [r=56 c=2 rs=1 cs=1]
                RenderBlock {P} at (7,0) size 86x16
                  RenderText {#text} at (32,0) size 21x15
                    text run at (32,0) width 21: "Yes"
                  RenderInline {SPAN} at (0,0) size 1x15
                    RenderInline {O:P} at (0,0) size 1x15
              RenderTableCell {TD} at (367,4317) size 106x16 [r=56 c=3 rs=1 cs=1]
                RenderBlock {P} at (7,0) size 93x16
                  RenderText {#text} at (38,0) size 16x15
                    text run at (38,0) width 16: "No"
                  RenderInline {SPAN} at (0,0) size 0x15
                    RenderInline {O:P} at (0,0) size 0x15
            RenderTableRow {TR} at (0,4365) size 473x64
              RenderTableCell {TD} at (0,4365) size 98x16 [r=57 c=0 rs=1 cs=1]
                RenderBlock {P} at (7,0) size 85x16
                  RenderText {#text} at (36,0) size 12x15
                    text run at (36,0) width 12: "58"
                  RenderInline {SPAN} at (0,0) size 0x15
                    RenderInline {O:P} at (0,0) size 0x15
              RenderTableCell {TD} at (98,4365) size 170x64 [r=57 c=1 rs=1 cs=1]
                RenderBlock {P} at (7,0) size 157x16
                  RenderText {#text} at (0,0) size 90x15
                    text run at (0,0) width 90: "Ian + Brad Carter"
                  RenderInline {SPAN} at (0,0) size 0x15
                    RenderInline {O:P} at (0,0) size 0x15
                RenderBlock {P} at (7,16) size 157x16
                  RenderText {#text} at (0,0) size 66x15
                    text run at (0,0) width 66: "Bill Johnson"
                RenderBlock {P} at (7,32) size 157x16
                  RenderText {#text} at (0,0) size 74x15
                    text run at (0,0) width 74: "Chuck Pringle"
                RenderBlock {P} at (7,48) size 157x16
                  RenderText {#text} at (0,0) size 65x15
                    text run at (0,0) width 65: "David Dunn"
                  RenderInline {SPAN} at (0,0) size 0x15
                    RenderInline {O:P} at (0,0) size 0x15
              RenderTableCell {TD} at (268,4365) size 99x48 [r=57 c=2 rs=1 cs=1]
                RenderBlock {P} at (7,0) size 86x16
                  RenderText {#text} at (32,0) size 21x15
                    text run at (32,0) width 21: "Yes"
                  RenderInline {SPAN} at (0,0) size 1x15
                    RenderInline {O:P} at (0,0) size 1x15
                RenderBlock {P} at (7,16) size 86x16
                  RenderText {#text} at (32,0) size 21x15
                    text run at (32,0) width 21: "Yes"
                RenderBlock {P} at (7,32) size 86x16
                  RenderText {#text} at (32,0) size 21x15
                    text run at (32,0) width 21: "Yes"
                  RenderInline {SPAN} at (0,0) size 1x15
                    RenderInline {O:P} at (0,0) size 1x15
              RenderTableCell {TD} at (367,4365) size 106x48 [r=57 c=3 rs=1 cs=1]
                RenderBlock {P} at (7,0) size 93x16
                  RenderText {#text} at (38,0) size 16x15
                    text run at (38,0) width 16: "No"
                  RenderInline {SPAN} at (0,0) size 0x15
                    RenderInline {O:P} at (0,0) size 0x15
                RenderBlock {P} at (7,16) size 93x16
                  RenderText {#text} at (38,0) size 16x15
                    text run at (38,0) width 16: "No"
                RenderBlock {P} at (7,32) size 93x16
                  RenderText {#text} at (38,0) size 16x15
                    text run at (38,0) width 16: "No"
                  RenderInline {SPAN} at (0,0) size 0x15
                    RenderInline {O:P} at (0,0) size 0x15
            RenderTableRow {TR} at (0,4429) size 473x32
              RenderTableCell {TD} at (0,4429) size 98x16 [r=58 c=0 rs=1 cs=1]
                RenderBlock {P} at (7,0) size 85x16
                  RenderText {#text} at (36,0) size 12x15
                    text run at (36,0) width 12: "59"
                  RenderInline {SPAN} at (0,0) size 0x15
                    RenderInline {O:P} at (0,0) size 0x15
              RenderTableCell {TD} at (98,4429) size 170x32 [r=58 c=1 rs=1 cs=1]
                RenderBlock {P} at (7,0) size 157x16
                  RenderText {#text} at (0,0) size 57x15
                    text run at (0,0) width 57: "Bob Roger"
                RenderBlock {P} at (7,16) size 157x16
                  RenderText {#text} at (0,0) size 67x15
                    text run at (0,0) width 67: "Rich Burnett"
                  RenderInline {SPAN} at (0,0) size 0x15
                    RenderInline {O:P} at (0,0) size 0x15
              RenderTableCell {TD} at (268,4429) size 99x16 [r=58 c=2 rs=1 cs=1]
                RenderBlock {P} at (7,0) size 86x16
                  RenderText {#text} at (32,0) size 21x15
                    text run at (32,0) width 21: "Yes"
                  RenderInline {SPAN} at (0,0) size 1x15
                    RenderInline {O:P} at (0,0) size 1x15
              RenderTableCell {TD} at (367,4429) size 106x16 [r=58 c=3 rs=1 cs=1]
                RenderBlock {P} at (7,0) size 93x16
                  RenderText {#text} at (38,0) size 16x15
                    text run at (38,0) width 16: "No"
                  RenderInline {SPAN} at (0,0) size 0x15
                    RenderInline {O:P} at (0,0) size 0x15
            RenderTableRow {TR} at (0,4461) size 473x64
              RenderTableCell {TD} at (0,4461) size 98x16 [r=59 c=0 rs=1 cs=1]
                RenderBlock {P} at (7,0) size 85x16
                  RenderText {#text} at (36,0) size 12x15
                    text run at (36,0) width 12: "60"
                  RenderInline {SPAN} at (0,0) size 0x15
                    RenderInline {O:P} at (0,0) size 0x15
              RenderTableCell {TD} at (98,4461) size 170x64 [r=59 c=1 rs=1 cs=1]
                RenderBlock {P} at (7,0) size 157x16
                  RenderText {#text} at (0,0) size 66x15
                    text run at (0,0) width 66: "Bill Johnson"
                RenderBlock {P} at (7,16) size 157x16
                  RenderText {#text} at (0,0) size 89x15
                    text run at (0,0) width 89: "Vladimir Dvorkin"
                RenderBlock {P} at (7,32) size 157x16
                  RenderText {#text} at (0,0) size 51x15
                    text run at (0,0) width 51: "Ken Price"
                RenderBlock {P} at (7,48) size 157x16
                  RenderText {#text} at (0,0) size 87x15
                    text run at (0,0) width 87: "Rick Rasmussen"
                  RenderInline {SPAN} at (0,0) size 0x15
                    RenderInline {O:P} at (0,0) size 0x15
              RenderTableCell {TD} at (268,4461) size 99x32 [r=59 c=2 rs=1 cs=1]
                RenderBlock {P} at (7,0) size 86x16
                  RenderText {#text} at (32,0) size 21x15
                    text run at (32,0) width 21: "Yes"
                RenderBlock {P} at (7,16) size 86x16
                  RenderText {#text} at (34,0) size 17x15
                    text run at (34,0) width 17: "No"
                  RenderInline {SPAN} at (0,0) size 1x15
                    RenderInline {O:P} at (0,0) size 1x15
              RenderTableCell {TD} at (367,4461) size 106x32 [r=59 c=3 rs=1 cs=1]
                RenderBlock {P} at (7,0) size 93x16
                  RenderText {#text} at (38,0) size 16x15
                    text run at (38,0) width 16: "No"
                RenderBlock {P} at (7,16) size 93x16
                  RenderText {#text} at (36,0) size 20x15
                    text run at (36,0) width 20: "Yes"
                  RenderInline {SPAN} at (0,0) size 0x15
                    RenderInline {O:P} at (0,0) size 0x15
        RenderBlock {P} at (0,4545) size 769x16
          RenderInline {SPAN} at (0,0) size 3x15
            RenderText {#text} at (0,0) size 3x15
              text run at (0,0) width 3: " "
        RenderBlock {P} at (0,4561) size 769x16
          RenderText {#text} at (0,0) size 3x15
            text run at (0,0) width 3: " "
        RenderBlock {P} at (0,4577) size 769x16
          RenderText {#text} at (0,0) size 3x15
            text run at (0,0) width 3: " "
      RenderBlock {P} at (0,4593) size 769x16
        RenderText {#text} at (383,0) size 3x15
          text run at (383,0) width 3: " "
