layer at (0,0) size 983x3048
  RenderView at (0,0) size 785x585
layer at (0,0) size 785x3048
  RenderBlock {HTML} at (0,0) size 785x3048
    RenderBody {BODY} at (32,32) size 721x2984
      RenderBlock {DIV} at (32,0) size 657x668 [border: (1px solid #008000)]
        RenderBlock {DIV} at (33,33) size 591x602 [border: (1px solid #FF0000)]
          RenderImage {IMG} at (1,1) size 589x600
          RenderText {#text} at (0,0) size 0x0
      RenderBlock {P} at (0,700) size 721x20
        RenderText {#text} at (0,0) size 506x19
          text run at (0,0) width 506: "percentage height images in DIV with no height (red) in a DIV with no height (green)"
      RenderBlock {DIV} at (32,752) size 657x672 [border: (3px dotted #008000)]
        RenderBlock {DIV} at (35,35) size 587x602 [border: (1px solid #FF0000)]
          RenderImage {IMG} at (1,1) size 883x600
          RenderText {#text} at (0,0) size 0x0
      RenderBlock {P} at (0,1456) size 721x20
        RenderText {#text} at (0,0) size 443x19
          text run at (0,0) width 443: "percentage height image in table cell (red), in a DIV with no height (green)"
      RenderBlock {DIV} at (32,1508) size 657x1476
        RenderTable {TABLE} at (0,0) size 260x1476 [border: (1px solid #FF0000)]
          RenderTableSection {TBODY} at (1,1) size 258x1474
            RenderTableRow {TR} at (0,2) size 258x1470
              RenderTableCell {TD} at (2,650) size 254x174 [border: (1px solid #FF0000)] [r=0 c=0 rs=1 cs=1]
                RenderImage {IMG} at (2,2) size 250x170
