layer at (0,0) size 785x1817
  RenderView at (0,0) size 785x600
layer at (0,0) size 785x1817
  RenderBlock {HTML} at (0,0) size 785x1817 [border: (1px solid #000000)]
    RenderBody {BODY} at (9,9) size 767x1799 [bgcolor=#FFFFFF] [border: (1px solid #000000)]
      RenderBlock {H1} at (1,1) size 765x39 [border: (1px solid #000000)]
        RenderText {#text} at (1,1) size 289x36
          text run at (1,1) width 289: "Caption Margin Test"
      RenderBlock {DIV} at (1,61) size 102x22 [border: (1px solid #008000)]
        RenderText {#text} at (1,1) size 39x19
          text run at (1,1) width 39: "100px"
      RenderBlock {DIV} at (1,83) size 52x22 [border: (1px solid #FF0000)]
        RenderText {#text} at (1,1) size 31x19
          text run at (1,1) width 31: "50px"
      RenderBlock {H2} at (1,124) size 765x29 [border: (1px solid #000000)]
        RenderText {#text} at (1,1) size 80x26
          text run at (1,1) width 80: "Control"
      RenderTable {TABLE} at (1,172) size 164x52 [border: (1px solid #000000)]
        RenderBlock {CAPTION} at (0,0) size 162x22 [border: (1px solid #000000)]
          RenderText {#text} at (71,1) size 20x19
            text run at (71,1) width 20: "TA"
        RenderTableSection {TBODY} at (1,23) size 162x28 [border: (1px solid #000000)]
          RenderTableRow {TR} at (0,2) size 162x24 [border: (1px solid #000000)]
            RenderTableCell {TD} at (2,2) size 78x24 [border: (1px solid #000000)] [r=0 c=0 rs=1 cs=1]
              RenderText {#text} at (2,2) size 74x19
                text run at (2,2) width 74: "Table Cell 1"
            RenderTableCell {TD} at (82,2) size 78x24 [border: (1px solid #000000)] [r=0 c=1 rs=1 cs=1]
              RenderText {#text} at (2,2) size 74x19
                text run at (2,2) width 74: "Table Cell 2"
      RenderTable {TABLE} at (1,224) size 320x52 [border: (1px solid #000000)]
        RenderBlock {CAPTION} at (0,0) size 318x22 [border: (1px solid #000000)]
          RenderText {#text} at (149,1) size 20x19
            text run at (149,1) width 20: "TB"
        RenderTableSection {TBODY} at (1,23) size 318x28 [border: (1px solid #000000)]
          RenderTableRow {TR} at (0,2) size 318x24 [border: (1px solid #000000)]
            RenderTableCell {TD} at (2,2) size 156x24 [border: (1px solid #000000)] [r=0 c=0 rs=1 cs=1]
              RenderText {#text} at (2,2) size 152x19
                text run at (2,2) width 152: "Table Cell 1 Table Cell 1"
            RenderTableCell {TD} at (160,2) size 156x24 [border: (1px solid #000000)] [r=0 c=1 rs=1 cs=1]
              RenderText {#text} at (2,2) size 152x19
                text run at (2,2) width 152: "Table Cell 2 Table Cell 2"
      RenderBlock {H2} at (1,295) size 765x29 [border: (1px solid #000000)]
        RenderText {#text} at (1,1) size 285x26
          text run at (1,1) width 285: "Test 1 - \"margin-left: 50px\""
      RenderTable {TABLE} at (1,343) size 164x52 [border: (1px solid #000000)]
        RenderBlock {CAPTION} at (50,0) size 112x22 [border: (1px solid #000000)]
          RenderText {#text} at (46,1) size 20x19
            text run at (46,1) width 20: "TA"
        RenderTableSection {TBODY} at (1,23) size 162x28 [border: (1px solid #000000)]
          RenderTableRow {TR} at (0,2) size 162x24 [border: (1px solid #000000)]
            RenderTableCell {TD} at (2,2) size 78x24 [border: (1px solid #000000)] [r=0 c=0 rs=1 cs=1]
              RenderText {#text} at (2,2) size 74x19
                text run at (2,2) width 74: "Table Cell 1"
            RenderTableCell {TD} at (82,2) size 78x24 [border: (1px solid #000000)] [r=0 c=1 rs=1 cs=1]
              RenderText {#text} at (2,2) size 74x19
                text run at (2,2) width 74: "Table Cell 2"
      RenderTable {TABLE} at (1,395) size 320x52 [border: (1px solid #000000)]
        RenderBlock {CAPTION} at (50,0) size 268x22 [border: (1px solid #000000)]
          RenderText {#text} at (124,1) size 20x19
            text run at (124,1) width 20: "TB"
        RenderTableSection {TBODY} at (1,23) size 318x28 [border: (1px solid #000000)]
          RenderTableRow {TR} at (0,2) size 318x24 [border: (1px solid #000000)]
            RenderTableCell {TD} at (2,2) size 156x24 [border: (1px solid #000000)] [r=0 c=0 rs=1 cs=1]
              RenderText {#text} at (2,2) size 152x19
                text run at (2,2) width 152: "Table Cell 1 Table Cell 1"
            RenderTableCell {TD} at (160,2) size 156x24 [border: (1px solid #000000)] [r=0 c=1 rs=1 cs=1]
              RenderText {#text} at (2,2) size 152x19
                text run at (2,2) width 152: "Table Cell 2 Table Cell 2"
      RenderBlock {H2} at (1,466) size 765x29 [border: (1px solid #000000)]
        RenderText {#text} at (1,1) size 303x26
          text run at (1,1) width 303: "Test 2 - \"margin-right: 50px\""
      RenderTable {TABLE} at (1,514) size 164x52 [border: (1px solid #000000)]
        RenderBlock {CAPTION} at (0,0) size 112x22 [border: (1px solid #000000)]
          RenderText {#text} at (46,1) size 20x19
            text run at (46,1) width 20: "TA"
        RenderTableSection {TBODY} at (1,23) size 162x28 [border: (1px solid #000000)]
          RenderTableRow {TR} at (0,2) size 162x24 [border: (1px solid #000000)]
            RenderTableCell {TD} at (2,2) size 78x24 [border: (1px solid #000000)] [r=0 c=0 rs=1 cs=1]
              RenderText {#text} at (2,2) size 74x19
                text run at (2,2) width 74: "Table Cell 1"
            RenderTableCell {TD} at (82,2) size 78x24 [border: (1px solid #000000)] [r=0 c=1 rs=1 cs=1]
              RenderText {#text} at (2,2) size 74x19
                text run at (2,2) width 74: "Table Cell 2"
      RenderTable {TABLE} at (1,566) size 320x52 [border: (1px solid #000000)]
        RenderBlock {CAPTION} at (0,0) size 268x22 [border: (1px solid #000000)]
          RenderText {#text} at (124,1) size 20x19
            text run at (124,1) width 20: "TB"
        RenderTableSection {TBODY} at (1,23) size 318x28 [border: (1px solid #000000)]
          RenderTableRow {TR} at (0,2) size 318x24 [border: (1px solid #000000)]
            RenderTableCell {TD} at (2,2) size 156x24 [border: (1px solid #000000)] [r=0 c=0 rs=1 cs=1]
              RenderText {#text} at (2,2) size 152x19
                text run at (2,2) width 152: "Table Cell 1 Table Cell 1"
            RenderTableCell {TD} at (160,2) size 156x24 [border: (1px solid #000000)] [r=0 c=1 rs=1 cs=1]
              RenderText {#text} at (2,2) size 152x19
                text run at (2,2) width 152: "Table Cell 2 Table Cell 2"
      RenderBlock {H2} at (1,637) size 765x29 [border: (1px solid #000000)]
        RenderText {#text} at (1,1) size 244x26
          text run at (1,1) width 244: "Test 3 - \"margin: 50px\""
      RenderTable {TABLE} at (1,685) size 164x152 [border: (1px solid #000000)]
        RenderBlock {CAPTION} at (50,50) size 62x22 [border: (1px solid #000000)]
          RenderText {#text} at (21,1) size 20x19
            text run at (21,1) width 20: "TA"
        RenderTableSection {TBODY} at (1,123) size 162x28 [border: (1px solid #000000)]
          RenderTableRow {TR} at (0,2) size 162x24 [border: (1px solid #000000)]
            RenderTableCell {TD} at (2,2) size 78x24 [border: (1px solid #000000)] [r=0 c=0 rs=1 cs=1]
              RenderText {#text} at (2,2) size 74x19
                text run at (2,2) width 74: "Table Cell 1"
            RenderTableCell {TD} at (82,2) size 78x24 [border: (1px solid #000000)] [r=0 c=1 rs=1 cs=1]
              RenderText {#text} at (2,2) size 74x19
                text run at (2,2) width 74: "Table Cell 2"
      RenderTable {TABLE} at (1,837) size 320x152 [border: (1px solid #000000)]
        RenderBlock {CAPTION} at (50,50) size 218x22 [border: (1px solid #000000)]
          RenderText {#text} at (99,1) size 20x19
            text run at (99,1) width 20: "TB"
        RenderTableSection {TBODY} at (1,123) size 318x28 [border: (1px solid #000000)]
          RenderTableRow {TR} at (0,2) size 318x24 [border: (1px solid #000000)]
            RenderTableCell {TD} at (2,2) size 156x24 [border: (1px solid #000000)] [r=0 c=0 rs=1 cs=1]
              RenderText {#text} at (2,2) size 152x19
                text run at (2,2) width 152: "Table Cell 1 Table Cell 1"
            RenderTableCell {TD} at (160,2) size 156x24 [border: (1px solid #000000)] [r=0 c=1 rs=1 cs=1]
              RenderText {#text} at (2,2) size 152x19
                text run at (2,2) width 152: "Table Cell 2 Table Cell 2"
      RenderTable {TABLE} at (1,989) size 476x152 [border: (1px solid #000000)]
        RenderBlock {CAPTION} at (50,50) size 374x22 [border: (1px solid #000000)]
          RenderText {#text} at (177,1) size 20x19
            text run at (177,1) width 20: "TC"
        RenderTableSection {TBODY} at (1,123) size 474x28 [border: (1px solid #000000)]
          RenderTableRow {TR} at (0,2) size 474x24 [border: (1px solid #000000)]
            RenderTableCell {TD} at (2,2) size 234x24 [border: (1px solid #000000)] [r=0 c=0 rs=1 cs=1]
              RenderText {#text} at (2,2) size 230x19
                text run at (2,2) width 230: "Table Cell 1 Table Cell 1 Table Cell 1"
            RenderTableCell {TD} at (238,2) size 234x24 [border: (1px solid #000000)] [r=0 c=1 rs=1 cs=1]
              RenderText {#text} at (2,2) size 230x19
                text run at (2,2) width 230: "Table Cell 2 Table Cell 2 Table Cell 2"
      RenderBlock {H2} at (1,1160) size 765x29 [border: (1px solid #000000)]
        RenderText {#text} at (1,1) size 273x26
          text run at (1,1) width 273: "Test 4 - \"margin-left: 5%\""
      RenderTable {TABLE} at (1,1208) size 164x52 [border: (1px solid #000000)]
        RenderBlock {CAPTION} at (8,0) size 154x22 [border: (1px solid #000000)]
          RenderText {#text} at (67,1) size 20x19
            text run at (67,1) width 20: "TA"
        RenderTableSection {TBODY} at (1,23) size 162x28 [border: (1px solid #000000)]
          RenderTableRow {TR} at (0,2) size 162x24 [border: (1px solid #000000)]
            RenderTableCell {TD} at (2,2) size 78x24 [border: (1px solid #000000)] [r=0 c=0 rs=1 cs=1]
              RenderText {#text} at (2,2) size 74x19
                text run at (2,2) width 74: "Table Cell 1"
            RenderTableCell {TD} at (82,2) size 78x24 [border: (1px solid #000000)] [r=0 c=1 rs=1 cs=1]
              RenderText {#text} at (2,2) size 74x19
                text run at (2,2) width 74: "Table Cell 2"
      RenderTable {TABLE} at (1,1260) size 320x52 [border: (1px solid #000000)]
        RenderBlock {CAPTION} at (15,0) size 303x22 [border: (1px solid #000000)]
          RenderText {#text} at (142,1) size 19x19
            text run at (142,1) width 19: "TB"
        RenderTableSection {TBODY} at (1,23) size 318x28 [border: (1px solid #000000)]
          RenderTableRow {TR} at (0,2) size 318x24 [border: (1px solid #000000)]
            RenderTableCell {TD} at (2,2) size 156x24 [border: (1px solid #000000)] [r=0 c=0 rs=1 cs=1]
              RenderText {#text} at (2,2) size 152x19
                text run at (2,2) width 152: "Table Cell 1 Table Cell 1"
            RenderTableCell {TD} at (160,2) size 156x24 [border: (1px solid #000000)] [r=0 c=1 rs=1 cs=1]
              RenderText {#text} at (2,2) size 152x19
                text run at (2,2) width 152: "Table Cell 2 Table Cell 2"
      RenderBlock {H2} at (1,1331) size 765x29 [border: (1px solid #000000)]
        RenderText {#text} at (1,1) size 291x26
          text run at (1,1) width 291: "Test 5 - \"margin-right: 5%\""
      RenderTable {TABLE} at (1,1379) size 164x52 [border: (1px solid #000000)]
        RenderBlock {CAPTION} at (0,0) size 154x22 [border: (1px solid #000000)]
          RenderText {#text} at (67,1) size 20x19
            text run at (67,1) width 20: "TA"
        RenderTableSection {TBODY} at (1,23) size 162x28 [border: (1px solid #000000)]
          RenderTableRow {TR} at (0,2) size 162x24 [border: (1px solid #000000)]
            RenderTableCell {TD} at (2,2) size 78x24 [border: (1px solid #000000)] [r=0 c=0 rs=1 cs=1]
              RenderText {#text} at (2,2) size 74x19
                text run at (2,2) width 74: "Table Cell 1"
            RenderTableCell {TD} at (82,2) size 78x24 [border: (1px solid #000000)] [r=0 c=1 rs=1 cs=1]
              RenderText {#text} at (2,2) size 74x19
                text run at (2,2) width 74: "Table Cell 2"
      RenderTable {TABLE} at (1,1431) size 320x52 [border: (1px solid #000000)]
        RenderBlock {CAPTION} at (0,0) size 303x22 [border: (1px solid #000000)]
          RenderText {#text} at (142,1) size 19x19
            text run at (142,1) width 19: "TB"
        RenderTableSection {TBODY} at (1,23) size 318x28 [border: (1px solid #000000)]
          RenderTableRow {TR} at (0,2) size 318x24 [border: (1px solid #000000)]
            RenderTableCell {TD} at (2,2) size 156x24 [border: (1px solid #000000)] [r=0 c=0 rs=1 cs=1]
              RenderText {#text} at (2,2) size 152x19
                text run at (2,2) width 152: "Table Cell 1 Table Cell 1"
            RenderTableCell {TD} at (160,2) size 156x24 [border: (1px solid #000000)] [r=0 c=1 rs=1 cs=1]
              RenderText {#text} at (2,2) size 152x19
                text run at (2,2) width 152: "Table Cell 2 Table Cell 2"
      RenderBlock {H2} at (1,1502) size 765x29 [border: (1px solid #000000)]
        RenderText {#text} at (1,1) size 232x26
          text run at (1,1) width 232: "Test 6 - \"margin: 5%\""
      RenderTable {TABLE} at (1,1550) size 164x68 [border: (1px solid #000000)]
        RenderBlock {CAPTION} at (8,8) size 146x22 [border: (1px solid #000000)]
          RenderText {#text} at (63,1) size 20x19
            text run at (63,1) width 20: "TA"
        RenderTableSection {TBODY} at (1,39) size 162x28 [border: (1px solid #000000)]
          RenderTableRow {TR} at (0,2) size 162x24 [border: (1px solid #000000)]
            RenderTableCell {TD} at (2,2) size 78x24 [border: (1px solid #000000)] [r=0 c=0 rs=1 cs=1]
              RenderText {#text} at (2,2) size 74x19
                text run at (2,2) width 74: "Table Cell 1"
            RenderTableCell {TD} at (82,2) size 78x24 [border: (1px solid #000000)] [r=0 c=1 rs=1 cs=1]
              RenderText {#text} at (2,2) size 74x19
                text run at (2,2) width 74: "Table Cell 2"
      RenderTable {TABLE} at (1,1618) size 320x82 [border: (1px solid #000000)]
        RenderBlock {CAPTION} at (15,15) size 288x22 [border: (1px solid #000000)]
          RenderText {#text} at (134,1) size 20x19
            text run at (134,1) width 20: "TB"
        RenderTableSection {TBODY} at (1,53) size 318x28 [border: (1px solid #000000)]
          RenderTableRow {TR} at (0,2) size 318x24 [border: (1px solid #000000)]
            RenderTableCell {TD} at (2,2) size 156x24 [border: (1px solid #000000)] [r=0 c=0 rs=1 cs=1]
              RenderText {#text} at (2,2) size 152x19
                text run at (2,2) width 152: "Table Cell 1 Table Cell 1"
            RenderTableCell {TD} at (160,2) size 156x24 [border: (1px solid #000000)] [r=0 c=1 rs=1 cs=1]
              RenderText {#text} at (2,2) size 152x19
                text run at (2,2) width 152: "Table Cell 2 Table Cell 2"
      RenderTable {TABLE} at (1,1700) size 476x98 [border: (1px solid #000000)]
        RenderBlock {CAPTION} at (23,23) size 428x22 [border: (1px solid #000000)]
          RenderText {#text} at (204,1) size 20x19
            text run at (204,1) width 20: "TB"
        RenderTableSection {TBODY} at (1,69) size 474x28 [border: (1px solid #000000)]
          RenderTableRow {TR} at (0,2) size 474x24 [border: (1px solid #000000)]
            RenderTableCell {TD} at (2,2) size 234x24 [border: (1px solid #000000)] [r=0 c=0 rs=1 cs=1]
              RenderText {#text} at (2,2) size 230x19
                text run at (2,2) width 230: "Table Cell 1 Table Cell 1 Table Cell 1"
            RenderTableCell {TD} at (238,2) size 234x24 [border: (1px solid #000000)] [r=0 c=1 rs=1 cs=1]
              RenderText {#text} at (2,2) size 230x19
                text run at (2,2) width 230: "Table Cell 2 Table Cell 2 Table Cell 2"
