layer at (0,0) size 800x600
  RenderView at (0,0) size 800x600
layer at (0,0) size 800x600
  RenderBlock {HTML} at (0,0) size 800x600
    RenderBody {BODY} at (8,8) size 784x584
      RenderTable {TABLE} at (0,0) size 784x140
        RenderTableSection {TBODY} at (0,0) size 784x140
          RenderTableRow {TR} at (0,0) size 784x74
            RenderTableCell {TD} at (0,0) size 784x74 [r=0 c=0 rs=1 cs=4]
              RenderBR {BR} at (392,1) size 0x18
              RenderInline {FONT} at (0,0) size 728x53
                RenderText {#text} at (28,19) size 728x35
                  text run at (28,19) width 181: "The Supreme Court says "
                  text run at (209,19) width 547: "Wisconsin can continue using tuition vouchers to help poor parents send their"
                  text run at (212,37) width 221: "children to church-run schools. "
                  text run at (433,37) width 139: "What's your stand? "
                RenderBR {BR} at (572,51) size 0x0
                RenderBR {BR} at (392,55) size 0x17
              RenderText {#text} at (0,0) size 0x0
          RenderTableRow {TR} at (0,74) size 784x21
            RenderTableCell {TD} at (0,76) size 556x17 [r=1 c=0 rs=1 cs=1]
              RenderInline {FONT} at (0,0) size 140x15
                RenderText {#text} at (415,1) size 140x15
                  text run at (415,1) width 140: "I agree with the program"
              RenderText {#text} at (0,0) size 0x0
            RenderTableCell {TD} at (556,74) size 68x21 [r=1 c=1 rs=1 cs=1]
              RenderBlock {INPUT} at (3,4) size 13x13
          RenderTableRow {TR} at (0,95) size 784x21
            RenderTableCell {TD} at (0,97) size 556x17 [r=2 c=0 rs=1 cs=1]
              RenderInline {FONT} at (0,0) size 153x15
                RenderText {#text} at (402,1) size 153x15
                  text run at (402,1) width 153: "I think vouchers are wrong"
              RenderText {#text} at (0,0) size 0x0
            RenderTableCell {TD} at (556,95) size 68x21 [r=2 c=1 rs=1 cs=1]
              RenderBlock {INPUT} at (3,4) size 13x13
          RenderTableRow {TR} at (0,116) size 784x24
            RenderTableCell {TD} at (0,119) size 624x17 [r=3 c=0 rs=1 cs=2]
              RenderInline {A} at (0,0) size 76x18 [color=#0000EE]
                RenderInline {FONT} at (0,0) size 76x15
                  RenderText {#text} at (274,1) size 76x15
                    text run at (274,1) width 76: "View Results"
              RenderInline {FONT} at (0,0) size 0x0
                RenderText {#text} at (0,0) size 0x0
            RenderTableCell {TD} at (624,116) size 160x24 [r=3 c=2 rs=1 cs=2]
              RenderButton {INPUT} at (60,2) size 40x19 [bgcolor=#C0C0C0]
                RenderBlock (anonymous) at (8,2) size 23x14
                  RenderText at (0,0) size 23x13
                    text run at (0,0) width 23: "vote"
              RenderText {#text} at (0,0) size 0x0
