layer at (0,0) size 800x600
  RenderView at (0,0) size 800x600
layer at (0,0) size 800x600
  RenderBlock {HTML} at (0,0) size 800x600
    RenderBody {BODY} at (8,8) size 784x576
      RenderBlock (anonymous) at (0,0) size 784x18
        RenderText {#text} at (0,0) size 240x18
          text run at (0,0) width 240: "The tables left position should be 250."
      RenderBlock {P} at (0,34) size 784x23
        RenderText {#text} at (0,2) size 34x18
          text run at (0,2) width 34: "Left: "
        RenderTextControl {INPUT} at (36,2) size 123x19 [bgcolor=#FFFFFF] [border: (2px inset #000000)]
      RenderBlock {P} at (0,73) size 784x23
        RenderText {#text} at (0,2) size 34x18
          text run at (0,2) width 34: "Top: "
        RenderTextControl {INPUT} at (36,2) size 123x19 [bgcolor=#FFFFFF] [border: (2px inset #000000)]
      RenderBlock {P} at (0,112) size 784x22
        RenderButton {INPUT} at (2,2) size 45x18 [bgcolor=#C0C0C0]
          RenderBlock (anonymous) at (8,2) size 29x14
            RenderText at (0,0) size 29x13
              text run at (0,0) width 29: "Move"
layer at (47,47) size 117x13
  RenderBlock {DIV} at (3,3) size 117x13
    RenderText {#text} at (0,0) size 35x13
      text run at (0,0) width 35: "120px"
layer at (47,86) size 117x13
  RenderBlock {DIV} at (3,3) size 117x13
    RenderText {#text} at (0,0) size 35x13
      text run at (0,0) width 35: "120px"
layer at (250,120) size 29x48
  RenderTable {TABLE} at (250,120) size 29x48 [border: (1px outset #808080)]
    RenderTableSection {TBODY} at (1,1) size 27x46
      RenderTableRow {TR} at (0,2) size 27x20
        RenderTableCell {TD} at (2,2) size 23x20 [border: (1px inset #808080)] [r=0 c=0 rs=1 cs=1]
          RenderText {#text} at (1,1) size 21x18
            text run at (1,1) width 21: "foo"
      RenderTableRow {TR} at (0,24) size 27x20
        RenderTableCell {TD} at (2,24) size 23x20 [border: (1px inset #808080)] [r=1 c=0 rs=1 cs=1]
          RenderText {#text} at (1,1) size 20x18
            text run at (1,1) width 20: "bar"
