layer at (0,0) size 784x584
  RenderView at (0,0) size 784x584
layer at (0,0) size 784x354
  RenderBlock {HTML} at (0,0) size 784x354
layer at (8,8) size 768x338 clip at (8,8) size 752x322
  RenderBody {BODY} at (8,8) size 768x338
    RenderBlock {P} at (0,16) size 752x18
      RenderText {#text} at (0,0) size 273x17
        text run at (0,0) width 273: "Test passes if there is a blue square below."
layer at (8,90) size 752x192
  RenderBlock (relative positioned) {DIV} at (0,82) size 752x192
    RenderBlock {DIV} at (0,0) size 96x96 [bgcolor=#0000FF] [border: (48px solid #0000FF) none]
    RenderBlock {DIV} at (0,96) size 96x96 [bgcolor=#0000FF] [border: (48px solid #0000FF) none]
layer at (104,90) size 96x192
  RenderBlock (positioned) {DIV} at (96,0) size 96x192 [bgcolor=#0000FF]
