layer at (0,0) size 784x584
  RenderView at (0,0) size 784x584
layer at (0,0) size 784x106
  RenderBlock {HTML} at (0,0) size 784x106
layer at (8,8) size 768x90 clip at (8,8) size 752x74
  RenderBody {BODY} at (8,8) size 768x90
    RenderBlock {P} at (0,16) size 752x18
      RenderText {#text} at (0,0) size 556x17
        text run at (0,0) width 556: "Test passes if there is no white space between the blue box below and the orange lines."
    RenderBlock {DIV} at (0,50) size 96x24 [border: (3px solid #FFA500) none (3px solid #FFA500) none]
      RenderBlock {DIV} at (0,3) size 96x18 [bgcolor=#0000FF]
        RenderText {#text} at (0,0) size 68x17
          text run at (0,0) width 68: "Filler Text"
