layer at (0,0) size 784x584
  RenderView at (0,0) size 784x584
layer at (0,0) size 784x178
  RenderBlock {HTML} at (0,0) size 784x178
layer at (8,8) size 768x162 clip at (8,8) size 752x146 scrollHeight 242
  RenderBody {BODY} at (8,8) size 768x162
    RenderBlock {P} at (0,16) size 752x18
      RenderText {#text} at (0,0) size 433x17
        text run at (0,0) width 433: "Test passes if the blue and orange boxes below are the same height."
layer at (8,58) size 752x96
  RenderBlock (relative positioned) {DIV} at (0,50) size 752x96
    RenderBlock {DIV} at (0,0) size 96x96 [bgcolor=#0000FF]
layer at (104,58) size 96x96
  RenderBlock (positioned) {DIV} at (96,0) size 96x96 [bgcolor=#FFA500]
