layer at (0,0) size 800x600
  RenderView at (0,0) size 800x600
layer at (0,0) size 800x283
  RenderBlock {HTML} at (0,0) size 800x283
    RenderBody {BODY} at (8,16) size 784x259
      RenderBlock {P} at (0,0) size 784x19
        RenderText {#text} at (0,0) size 295x19
          text run at (0,0) width 295: "Test passes if there is a filled green square and "
        RenderInline {STRONG} at (0,0) size 44x19
          RenderText {#text} at (295,0) size 44x19
            text run at (295,0) width 44: "no red"
        RenderText {#text} at (339,0) size 4x19
          text run at (339,0) width 4: "."
      RenderTable {TABLE} at (40,59) size 200x200 [border: none]
        RenderTableSection {TBODY} at (20,0) size 160x200
          RenderTableRow {TR} at (0,0) size 160x50
            RenderTableCell {TD} at (0,25) size 40x0 [border: none (20px solid #008000) none (20px solid #008000)] [r=0 c=0 rs=1 cs=1]
            RenderTableCell {TD} at (40,25) size 40x0 [border: none (20px solid #008000) none (20px solid #FF0000)] [r=0 c=1 rs=1 cs=1]
            RenderTableCell {TD} at (80,25) size 40x0 [border: none (20px solid #008000) none (20px solid #FF0000)] [r=0 c=2 rs=1 cs=1]
            RenderTableCell {TD} at (120,25) size 40x0 [border: none (20px solid #008000) none (20px solid #FF0000)] [r=0 c=3 rs=1 cs=1]
          RenderTableRow {TR} at (0,50) size 160x50
            RenderTableCell {TD} at (0,75) size 40x0 [border: none (20px solid #008000) none (20px solid #008000)] [r=1 c=0 rs=1 cs=1]
            RenderTableCell {TD} at (40,75) size 40x0 [border: none (20px solid #008000) none (20px solid #FF0000)] [r=1 c=1 rs=1 cs=1]
            RenderTableCell {TD} at (80,75) size 40x0 [border: none (20px solid #008000) none (20px solid #FF0000)] [r=1 c=2 rs=1 cs=1]
            RenderTableCell {TD} at (120,75) size 40x0 [border: none (20px solid #008000) none (20px solid #FF0000)] [r=1 c=3 rs=1 cs=1]
          RenderTableRow {TR} at (0,100) size 160x50
            RenderTableCell {TD} at (0,125) size 40x0 [border: none (20px solid #008000) none (20px solid #008000)] [r=2 c=0 rs=1 cs=1]
            RenderTableCell {TD} at (40,125) size 40x0 [border: none (20px solid #008000) none (20px solid #FF0000)] [r=2 c=1 rs=1 cs=1]
            RenderTableCell {TD} at (80,125) size 40x0 [border: none (20px solid #008000) none (20px solid #FF0000)] [r=2 c=2 rs=1 cs=1]
            RenderTableCell {TD} at (120,125) size 40x0 [border: none (20px solid #008000) none (20px solid #FF0000)] [r=2 c=3 rs=1 cs=1]
          RenderTableRow {TR} at (0,150) size 160x50
            RenderTableCell {TD} at (0,175) size 40x0 [border: none (20px solid #008000) none (20px solid #008000)] [r=3 c=0 rs=1 cs=1]
            RenderTableCell {TD} at (40,175) size 40x0 [border: none (20px solid #008000) none (20px solid #FF0000)] [r=3 c=1 rs=1 cs=1]
            RenderTableCell {TD} at (80,175) size 40x0 [border: none (20px solid #008000) none (20px solid #FF0000)] [r=3 c=2 rs=1 cs=1]
            RenderTableCell {TD} at (120,175) size 40x0 [border: none (20px solid #008000) none (20px solid #FF0000)] [r=3 c=3 rs=1 cs=1]
