layer at (0,0) size 800x600
  RenderView at (0,0) size 800x600
layer at (0,0) size 800x119
  RenderBlock {HTML} at (0,0) size 800x119
    RenderBody {BODY} at (8,8) size 784x0
layer at (8,8) size 150x111 clip at (8,8) size 135x96 scrollHeight 105
  RenderBlock (floating) {DIV} at (0,0) size 150x111
    RenderBlock (floating) at (0,0) size 31x10
      RenderText {#text} at (0,-23) size 31x56
        text run at (0,-23) width 31: "T"
    RenderText {#text} at (0,0) size 0x0
    RenderInline {SPAN} at (0,0) size 132x84
      RenderText {#text} at (31,13) size 132x84
        text run at (31,13) width 80: "his is text in a div. "
        text run at (111,13) width 18: "Text"
        text run at (0,37) width 37: "in a div. "
        text run at (37,37) width 58: "Text in a div. "
        text run at (95,37) width 36: "Text in a"
        text run at (0,61) width 19: "div. "
        text run at (19,61) width 58: "Text in a div. "
        text run at (77,61) width 55: "Text in a div."
        text run at (0,85) width 58: "Text in a div. "
        text run at (58,85) width 55: "Text in a div."
