layer at (0,0) size 800x600
  RenderView at (0,0) size 800x600
layer at (0,0) size 800x283
  RenderBlock {HTML} at (0,0) size 800x283
    RenderBody {BODY} at (8,16) size 784x259
      RenderBlock {P} at (0,0) size 784x19
        RenderText {#text} at (0,0) size 425x19
          text run at (0,0) width 425: "Test passes if the blue and orange boxes below are the same height."
layer at (8,131) size 784x144
  RenderBlock (relative positioned) {DIV} at (0,115) size 784x144
    RenderInline {SPAN} at (0,0) size 96x193 [color=#0000FF] [bgcolor=#0000FF] [border: (48px solid #0000FF) none (48px solid #0000FF) none]
      RenderText {#text} at (0,23) size 96x97
        text run at (0,23) width 96: "X"
    RenderText {#text} at (0,0) size 0x0
    RenderText {#text} at (0,0) size 0x0
layer at (104,107) size 96x192
  RenderBlock (positioned) {DIV} at (96,-24) size 96x192 [bgcolor=#FFA500]
