layer at (0,0) size 800x600
  RenderView at (0,0) size 800x600
layer at (0,0) size 800x197
  RenderBlock {HTML} at (0,0) size 800x197
    RenderBody {BODY} at (8,16) size 784x173
      RenderBlock {P} at (0,0) size 784x36
        RenderText {#text} at (0,0) size 108x17
          text run at (0,0) width 108: "There should be "
        RenderInline {STRONG} at (0,0) size 146x17
          RenderText {#text} at (107,0) size 146x17
            text run at (107,0) width 146: "5 filled green squares"
        RenderText {#text} at (252,0) size 189x17
          text run at (252,0) width 189: " with the same width and the "
        RenderInline {STRONG} at (0,0) size 82x17
          RenderText {#text} at (440,0) size 82x17
            text run at (440,0) width 82: "same height"
        RenderText {#text} at (521,0) size 241x17
          text run at (521,0) width 241: ". The 5 filled green squares should be"
        RenderInline {STRONG} at (0,0) size 59x17
          RenderText {#text} at (0,18) size 59x17
            text run at (0,18) width 59: "identical"
        RenderText {#text} at (58,18) size 456x17
          text run at (58,18) width 456: " to each other. This should still remain true even after a window resize."
      RenderBlock {DIV} at (0,52) size 784x121
        RenderImage {IMG} at (0,0) size 117x117
        RenderText {#text} at (117,103) size 4x17
          text run at (117,103) width 4: " "
        RenderImage {IMG} at (121,0) size 117x117
        RenderText {#text} at (238,103) size 4x17
          text run at (238,103) width 4: " "
        RenderImage {IMG} at (242,0) size 117x117
        RenderText {#text} at (359,103) size 4x17
          text run at (359,103) width 4: " "
        RenderImage {IMG} at (363,0) size 117x117
        RenderText {#text} at (480,103) size 4x17
          text run at (480,103) width 4: " "
        RenderImage {IMG} at (484,0) size 117x117
        RenderText {#text} at (0,0) size 0x0
