layer at (0,0) size 800x600
  RenderView at (0,0) size 800x600
layer at (8,8) size 150x249 layerType: background only
layer at (6,101) size 154x154
  RenderBlock (positioned) zI: -1 {P} at (6,101) size 154x154 [bgcolor=#FF0000] [border: (2px solid #00FF00)]
    RenderText zI: -1 {#text} at (2,2) size 97x57
      text run at (2,2) width 97: "FAIL (absolute"
      text run at (2,21) width 94: "positioning not"
      text run at (2,40) width 67: "supported)"
layer at (8,8) size 150x249 layerType: foreground only
  RenderBlock {HTML} at (8,8) size 150x249
    RenderBody {BODY} at (0,0) size 150x249
      RenderBlock {P} at (0,0) size 150x95
        RenderText {#text} at (0,0) size 149x95
          text run at (0,0) width 113: "There should be a"
          text run at (0,19) width 149: "green square below this"
          text run at (0,38) width 117: "line, exactly fitting"
          text run at (0,57) width 107: "inside a 2px lime"
          text run at (0,76) width 45: "border."
      RenderBlock {P} at (0,95) size 150x154
        RenderEmbeddedObject {OBJECT} at (0,0) size 150x150
          layer at (0,0) size 150x150
            RenderView at (0,0) size 150x150
          layer at (0,0) size 150x150
            RenderSVGRoot {svg} at (0,0) size 150x150
              RenderSVGPath {rect} at (0,0) size 150x150 [fill={[type=SOLID] [color=#008000]}] [x=0.00] [y=0.00] [width=300.00] [height=200.00]
