layer at (0,0) size 784x773
  RenderView at (0,0) size 784x600
layer at (0,0) size 784x773
  RenderBlock {HTML} at (0,0) size 784x773
    RenderBody {BODY} at (8,8) size 768x757 [bgcolor=#CCCCCC]
      RenderBlock {P} at (0,0) size 768x21
        RenderText {#text} at (0,0) size 395x21
          text run at (0,0) width 395: "The style declarations which apply to the text below are:"
      RenderBlock {PRE} at (0,37) size 768x68
        RenderText {#text} at (0,0) size 235x68
          text run at (0,0) width 143: "P:first-line {color: green;}"
          text run at (143,0) width 0: " "
          text run at (0,17) width 181: ".two:first-line {font-size: 200%;}"
          text run at (181,17) width 0: " "
          text run at (0,34) width 235: ".three:first-line {font-variant: small-caps;}"
          text run at (235,34) width 0: " "
          text run at (0,51) width 0: " "
      RenderBlock {HR} at (0,118) size 768x2 [border: (1px inset #000000)]
      RenderBlock {P} at (0,136) size 768x63
        RenderText {#text} at (0,0) size 768x63
          text run at (0,0) width 471: "The first line of this paragraph, and only that one, should be green. "
          text run at (471,0) width 296: "If this precise combination does not occur,"
          text run at (0,21) width 275: "then the user agent has failed this test. "
          text run at (275,21) width 493: "Remember that in order to ensure a complete test, the paragraph must"
          text run at (0,42) width 253: "be displayed on more than one line."
      RenderBlock {P} at (0,215) size 768x104
        RenderText {#text} at (0,0) size 755x104
          text run at (0,0) width 703: "The first line of this paragraph, and only that one,"
          text run at (0,41) width 319: "should be a larger font size as well as green. "
          text run at (319,41) width 436: "If this precise combination does not occur, then the user agent"
          text run at (0,62) width 135: "has failed this test. "
          text run at (135,62) width 610: "Remember that in order to ensure a complete test, the paragraph must be displayed on"
          text run at (0,83) width 136: "more than one line."
      RenderBlock {P} at (0,335) size 768x84
        RenderText {#text} at (0,0) size 761x63
          text run at (0,0) width 606: "The first line of this paragraph, and only that one, should be displayed in small-caps style. "
          text run at (606,0) width 155: "Thus, if the first line is"
          text run at (0,21) width 757: "not in small-caps style, OR if the entire paragraph turns out in small-caps, then the user agent has failed this"
          text run at (0,42) width 283: "test (although the problem might be that "
        RenderInline {CODE} at (0,0) size 63x17
          RenderText {#text} at (283,45) size 63x17
            text run at (283,45) width 63: "small-caps"
        RenderText {#text} at (346,42) size 708x42
          text run at (346,42) width 247: " is not supported by your browser). "
          text run at (593,42) width 115: "This is extra text"
          text run at (0,63) width 644: "included for the purposes of making the paragraph long enough to have more than one line."
      RenderTable {TABLE} at (0,435) size 768x322 [border: (1px outset #808080)]
        RenderTableSection {TBODY} at (1,1) size 766x320
          RenderTableRow {TR} at (0,0) size 766x29
            RenderTableCell {TD} at (0,0) size 766x29 [bgcolor=#C0C0C0] [border: (1px inset #808080)] [r=0 c=0 rs=1 cs=2]
              RenderInline {STRONG} at (0,0) size 178x21
                RenderText {#text} at (4,4) size 178x21
                  text run at (4,4) width 178: "TABLE Testing Section"
          RenderTableRow {TR} at (0,29) size 766x291
            RenderTableCell {TD} at (0,160) size 12x29 [bgcolor=#C0C0C0] [border: (1px inset #808080)] [r=1 c=0 rs=1 cs=1]
              RenderText {#text} at (4,4) size 4x21
                text run at (4,4) width 4: " "
            RenderTableCell {TD} at (12,29) size 754x291 [border: (1px inset #808080)] [r=1 c=1 rs=1 cs=1]
              RenderBlock {P} at (4,4) size 746x63
                RenderText {#text} at (0,0) size 720x63
                  text run at (0,0) width 471: "The first line of this paragraph, and only that one, should be green. "
                  text run at (471,0) width 249: "If this precise combination does not"
                  text run at (0,21) width 322: "occur, then the user agent has failed this test. "
                  text run at (322,21) width 378: "Remember that in order to ensure a complete test, the"
                  text run at (0,42) width 368: "paragraph must be displayed on more than one line."
              RenderBlock {P} at (4,83) size 746x104
                RenderText {#text} at (0,0) size 711x104
                  text run at (0,0) width 703: "The first line of this paragraph, and only that one,"
                  text run at (0,41) width 319: "should be a larger font size as well as green. "
                  text run at (319,41) width 392: "If this precise combination does not occur, then the user"
                  text run at (0,62) width 179: "agent has failed this test. "
                  text run at (179,62) width 515: "Remember that in order to ensure a complete test, the paragraph must be"
                  text run at (0,83) width 231: "displayed on more than one line."
              RenderBlock {P} at (4,203) size 746x84
                RenderText {#text} at (0,0) size 731x63
                  text run at (0,0) width 606: "The first line of this paragraph, and only that one, should be displayed in small-caps style. "
                  text run at (606,0) width 113: "Thus, if the first"
                  text run at (0,21) width 731: "line is not in small-caps style, OR if the entire paragraph turns out in small-caps, then the user agent has"
                  text run at (0,42) width 355: "failed this test (although the problem might be that "
                RenderInline {CODE} at (0,0) size 63x17
                  RenderText {#text} at (355,45) size 63x17
                    text run at (355,45) width 63: "small-caps"
                RenderText {#text} at (418,42) size 712x42
                  text run at (418,42) width 247: " is not supported by your browser). "
                  text run at (665,42) width 47: "This is"
                  text run at (0,63) width 712: "extra text included for the purposes of making the paragraph long enough to have more than one line."
