layer at (0,0) size 784x1202
  RenderView at (0,0) size 784x600
layer at (0,0) size 784x1202
  RenderBlock {HTML} at (0,0) size 784x1202
    RenderBody {BODY} at (8,8) size 768x1186 [bgcolor=#CCCCCC]
      RenderBlock {P} at (0,0) size 768x21
        RenderInline (generated) at (0,0) size 10x21 [color=#800000]
          RenderText {#text} at (0,0) size 10x21
            text run at (0,0) width 10: "T"
        RenderText {#text} at (10,0) size 385x21
          text run at (10,0) width 385: "he style declarations which apply to the text below are:"
      RenderBlock {PRE} at (0,37) size 768x119
        RenderText {#text} at (0,0) size 244x119
          text run at (0,0) width 143: "P:first-line {color: green;}"
          text run at (143,0) width 0: " "
          text run at (0,17) width 163: "P:first-letter {color: maroon;}"
          text run at (163,17) width 0: " "
          text run at (0,34) width 181: ".two:first-line {font-size: 200%;}"
          text run at (181,34) width 0: " "
          text run at (0,51) width 190: ".two:first-letter {font-size: 350%;}"
          text run at (190,51) width 0: " "
          text run at (0,68) width 208: "P.three:first-letter {font-size: 350%;}"
          text run at (208,68) width 0: " "
          text run at (0,85) width 244: "P.three:first-line {font-variant: small-caps;}"
          text run at (244,85) width 0: " "
          text run at (0,102) width 0: " "
      RenderBlock {HR} at (0,169) size 768x2 [border: (1px inset #000000)]
      RenderBlock {P} at (0,187) size 768x63
        RenderInline (generated) at (0,0) size 10x21 [color=#800000]
          RenderText {#text} at (0,0) size 10x21
            text run at (0,0) width 10: "T"
        RenderText {#text} at (10,0) size 750x63
          text run at (10,0) width 722: "he first letter of this paragraph, and only that one, should be maroon (dark red), while the entire first line"
          text run at (0,21) width 123: "should be green. "
          text run at (123,21) width 571: "If this precise combination does not occur, then the user agent has failed this test."
          text run at (0,42) width 750: "Remember that in order to ensure a complete test, the paragraph must be displayed on more than one line."
      RenderBlock {P} at (0,266) size 768x223
        RenderInline (generated) at (0,0) size 68x139 [color=#800000]
          RenderText {#text} at (0,0) size 68x139
            text run at (0,0) width 68: "T"
        RenderText {#text} at (68,76) size 768x147
          text run at (68,76) width 633: "he first letter of this paragraph, and only that"
          text run at (0,139) width 748: "one, should be 350% bigger than the rest of the first line of this paragraph and maroon (dark red), while the"
          text run at (0,160) width 439: "entire first line should be 200% bigger than normal and green. "
          text run at (439,160) width 296: "If this precise combination does not occur,"
          text run at (0,181) width 275: "then the user agent has failed this test. "
          text run at (275,181) width 493: "Remember that in order to ensure a complete test, the paragraph must"
          text run at (0,202) width 253: "be displayed on more than one line."
      RenderBlock {P} at (0,505) size 768x133
        RenderInline (generated) at (0,0) size 73x70 [color=#800000]
          RenderText {#text} at (0,0) size 73x70
            text run at (0,0) width 73: "\"W"
        RenderText {#text} at (73,38) size 762x95
          text run at (73,38) width 344: "e should check for quotation support,\" it was said. "
          text run at (417,38) width 307: "The first two characters in this paragraph-- a"
          text run at (0,70) width 735: "double-quote mark and a capital 'W'-- should be 350% bigger than the rest of the paragraph, and maroon"
          text run at (0,91) width 76: "(dark red). "
          text run at (76,91) width 681: "Note that the inclusion of both the quotation mark and the 'W' in the first-letter style is not required"
          text run at (0,112) width 260: "under CSS1, but it is recommended. "
          text run at (260,112) width 502: "In addition, the entire first line should be in a small-caps font and green."
      RenderTable {TABLE} at (0,654) size 768x532 [border: (1px outset #808080)]
        RenderTableSection {TBODY} at (1,1) size 766x530
          RenderTableRow {TR} at (0,0) size 766x29
            RenderTableCell {TD} at (0,0) size 766x29 [bgcolor=#C0C0C0] [border: (1px inset #808080)] [r=0 c=0 rs=1 cs=2]
              RenderInline {STRONG} at (0,0) size 178x21
                RenderText {#text} at (4,4) size 178x21
                  text run at (4,4) width 178: "TABLE Testing Section"
          RenderTableRow {TR} at (0,29) size 766x501
            RenderTableCell {TD} at (0,265) size 12x29 [bgcolor=#C0C0C0] [border: (1px inset #808080)] [r=1 c=0 rs=1 cs=1]
              RenderText {#text} at (4,4) size 4x21
                text run at (4,4) width 4: " "
            RenderTableCell {TD} at (12,29) size 754x501 [border: (1px inset #808080)] [r=1 c=1 rs=1 cs=1]
              RenderBlock {P} at (4,4) size 746x84
                RenderInline (generated) at (0,0) size 10x21 [color=#800000]
                  RenderText {#text} at (0,0) size 10x21
                    text run at (0,0) width 10: "T"
                RenderText {#text} at (10,0) size 732x84
                  text run at (10,0) width 722: "he first letter of this paragraph, and only that one, should be maroon (dark red), while the entire first line"
                  text run at (0,21) width 123: "should be green. "
                  text run at (123,21) width 571: "If this precise combination does not occur, then the user agent has failed this test."
                  text run at (0,42) width 716: "Remember that in order to ensure a complete test, the paragraph must be displayed on more than one"
                  text run at (0,63) width 30: "line."
              RenderBlock {P} at (4,104) size 746x223
                RenderInline (generated) at (0,0) size 68x139 [color=#800000]
                  RenderText {#text} at (0,0) size 68x139
                    text run at (0,0) width 68: "T"
                RenderText {#text} at (68,76) size 722x147
                  text run at (68,76) width 633: "he first letter of this paragraph, and only that"
                  text run at (0,139) width 722: "one, should be 350% bigger than the rest of the first line of this paragraph and maroon (dark red), while"
                  text run at (0,160) width 465: "the entire first line should be 200% bigger than normal and green. "
                  text run at (465,160) width 249: "If this precise combination does not"
                  text run at (0,181) width 322: "occur, then the user agent has failed this test. "
                  text run at (322,181) width 378: "Remember that in order to ensure a complete test, the"
                  text run at (0,202) width 368: "paragraph must be displayed on more than one line."
              RenderBlock {P} at (4,343) size 746x154
                RenderInline (generated) at (0,0) size 73x70 [color=#800000]
                  RenderText {#text} at (0,0) size 73x70
                    text run at (0,0) width 73: "\"W"
                RenderText {#text} at (73,38) size 745x116
                  text run at (73,38) width 344: "e should check for quotation support,\" it was said. "
                  text run at (417,38) width 307: "The first two characters in this paragraph-- a"
                  text run at (0,70) width 735: "double-quote mark and a capital 'W'-- should be 350% bigger than the rest of the paragraph, and maroon"
                  text run at (0,91) width 76: "(dark red). "
                  text run at (76,91) width 618: "Note that the inclusion of both the quotation mark and the 'W' in the first-letter style is not"
                  text run at (0,112) width 323: "required under CSS1, but it is recommended. "
                  text run at (323,112) width 422: "In addition, the entire first line should be in a small-caps font"
                  text run at (0,133) width 76: "and green."
