layer at (0,0) size 784x670
  RenderView at (0,0) size 784x600
layer at (0,0) size 784x670
  RenderBlock {HTML} at (0,0) size 784x670
    RenderBody {BODY} at (8,8) size 768x654 [bgcolor=#CCCCCC]
      RenderBlock {P} at (0,0) size 768x21
        RenderText {#text} at (0,0) size 423x21
          text run at (0,0) width 423: "The style declarations which apply to the text below are:"
      RenderBlock {PRE} at (0,37) size 768x68
        RenderText {#text} at (0,0) size 170x68
          text run at (0,0) width 170: "P:first-line {font-weight: bold;}"
          text run at (170,0) width 0: " "
          text run at (0,17) width 167: "P.two:first-line {color: green;}"
          text run at (167,17) width 0: " "
          text run at (0,34) width 162: "P:first-line.three {color: red;}"
          text run at (162,34) width 0: " "
          text run at (0,51) width 0: " "
      RenderBlock {HR} at (0,118) size 768x2 [border: (1px inset #000000)]
      RenderBlock {P} at (0,136) size 768x42
        RenderText {#text} at (0,0) size 765x42
          text run at (0,0) width 386: "The first line of this sentence should be boldfaced. "
          text run at (386,0) width 379: "This test is included simply to establish a baseline"
          text run at (0,21) width 760: "for the following tests, since if this test fails, then the rest of the tests on this page are expected to fail as well."
      RenderBlock {P} at (0,194) size 768x63
        RenderText {#text} at (0,0) size 748x42
          text run at (0,0) width 633: "The first line of this sentence should be boldfaced and green, thanks to its selector. "
          text run at (633,0) width 115: "If this is not the"
          text run at (0,21) width 734: "case, then the user agent may have failed to properly parse the selector, or it may simply not support the "
        RenderInline {TT} at (0,0) size 764x38
          RenderText {#text} at (734,24) size 764x38
            text run at (734,24) width 30: ":first-"
            text run at (0,45) width 20: "line"
        RenderText {#text} at (20,42) size 123x21
          text run at (20,42) width 123: " pseudo-element."
      RenderBlock {P} at (0,273) size 768x84
        RenderText {#text} at (0,0) size 744x84
          text run at (0,0) width 386: "The first line of this sentence should be boldfaced. "
          text run at (386,0) width 347: "If it is red, then the user agent has violated the"
          text run at (0,21) width 596: "specification in allowing pseudo-elements at a point other than the end of a selector. "
          text run at (596,21) width 145: "If neither is the case,"
          text run at (0,42) width 744: "then the user agent has correctly ignored the incorrect selector, but has suppressed other styles which are"
          text run at (0,63) width 437: "valid, and therefore must be considered to have failed the test."
      RenderTable {TABLE} at (0,373) size 768x281 [border: (1px outset #808080)]
        RenderTableSection {TBODY} at (1,1) size 766x279
          RenderTableRow {TR} at (0,0) size 766x29
            RenderTableCell {TD} at (0,0) size 766x29 [bgcolor=#C0C0C0] [border: (1px inset #808080)] [r=0 c=0 rs=1 cs=2]
              RenderInline {STRONG} at (0,0) size 178x21
                RenderText {#text} at (4,4) size 178x21
                  text run at (4,4) width 178: "TABLE Testing Section"
          RenderTableRow {TR} at (0,29) size 766x250
            RenderTableCell {TD} at (0,139) size 12x29 [bgcolor=#C0C0C0] [border: (1px inset #808080)] [r=1 c=0 rs=1 cs=1]
              RenderText {#text} at (4,4) size 4x21
                text run at (4,4) width 4: " "
            RenderTableCell {TD} at (12,29) size 754x250 [border: (1px inset #808080)] [r=1 c=1 rs=1 cs=1]
              RenderBlock {P} at (4,4) size 746x63
                RenderText {#text} at (0,0) size 742x63
                  text run at (0,0) width 386: "The first line of this sentence should be boldfaced. "
                  text run at (386,0) width 311: "This test is included simply to establish a"
                  text run at (0,21) width 742: "baseline for the following tests, since if this test fails, then the rest of the tests on this page are expected to"
                  text run at (0,42) width 79: "fail as well."
              RenderBlock {P} at (4,83) size 746x63
                RenderText {#text} at (0,0) size 730x63
                  text run at (0,0) width 633: "The first line of this sentence should be boldfaced and green, thanks to its selector. "
                  text run at (633,0) width 87: "If this is not"
                  text run at (0,21) width 730: "the case, then the user agent may have failed to properly parse the selector, or it may simply not support"
                  text run at (0,42) width 26: "the "
                RenderInline {TT} at (0,0) size 50x17
                  RenderText {#text} at (26,45) size 50x17
                    text run at (26,45) width 50: ":first-line"
                RenderText {#text} at (76,42) size 123x21
                  text run at (76,42) width 123: " pseudo-element."
              RenderBlock {P} at (4,162) size 746x84
                RenderText {#text} at (0,0) size 744x84
                  text run at (0,0) width 386: "The first line of this sentence should be boldfaced. "
                  text run at (386,0) width 347: "If it is red, then the user agent has violated the"
                  text run at (0,21) width 596: "specification in allowing pseudo-elements at a point other than the end of a selector. "
                  text run at (596,21) width 145: "If neither is the case,"
                  text run at (0,42) width 744: "then the user agent has correctly ignored the incorrect selector, but has suppressed other styles which are"
                  text run at (0,63) width 437: "valid, and therefore must be considered to have failed the test."
