layer at (0,0) size 800x600
  RenderView at (0,0) size 800x600
layer at (0,0) size 800x600
  RenderBlock {HTML} at (0,0) size 800x600
    RenderBody {BODY} at (8,8) size 784x584
      RenderBlock {P} at (0,0) size 784x42
        RenderText {#text} at (0,0) size 764x42
          text run at (0,0) width 464: "This tests smart paste of a fragment that ends in a select element. "
          text run at (464,0) width 300: "There should be spaces added before and"
          text run at (0,21) width 178: "after the inserted content."
      RenderBlock {DIV} at (0,58) size 784x30
        RenderMenuList {SELECT} at (2,2) size 37x26 [bgcolor=#FFFFFF]
          RenderBlock (anonymous) at (4,2) size 9x21
            RenderText at (0,0) size 9x21
              text run at (0,0) width 9: "1"
      RenderBlock {DIV} at (0,88) size 784x30
        RenderText {#text} at (0,4) size 8x21
          text run at (0,4) width 8: "x"
        RenderText {#text} at (8,4) size 4x21
          text run at (8,4) width 4: " "
        RenderMenuList {SELECT} at (14,2) size 37x26 [bgcolor=#FFFFFF]
          RenderBlock (anonymous) at (4,2) size 9x21
            RenderText at (0,0) size 9x21
              text run at (0,0) width 9: "1"
        RenderText {#text} at (53,4) size 4x21
          text run at (53,4) width 4: " "
        RenderText {#text} at (57,4) size 8x21
          text run at (57,4) width 8: "x"
caret: position 1 of child 3 {#text} of child 4 {DIV} of body
