layer at (0,0) size 800x600
  RenderView at (0,0) size 800x600
layer at (0,0) size 800x600
  RenderBlock {HTML} at (0,0) size 800x600
    RenderBody {BODY} at (8,8) size 784x576
      RenderBlock {FORM} at (0,0) size 784x63
        RenderText {#text} at (204,34) size 4x21
          text run at (204,34) width 4: " "
        RenderText {#text} at (412,34) size 4x21
          text run at (412,34) width 4: " "
        RenderButton {INPUT} at (418,28) size 54x33 [bgcolor=#C0C0C0]
          RenderBlock (anonymous) at (6,6) size 42x21
            RenderText at (0,0) size 42x21
              text run at (0,0) width 42: "Reset"
        RenderText {#text} at (0,0) size 0x0
      RenderBlock {P} at (0,79) size 784x84
        RenderText {#text} at (0,0) size 402x21
          text run at (0,0) width 402: "This test verifies that textarea controls are properly reset. "
        RenderBR {BR} at (402,16) size 0x0
        RenderText {#text} at (0,21) size 521x21
          text run at (0,21) width 521: "You should see two element IDs below, and the word \"SUCCESS\" twice: "
        RenderBR {BR} at (521,37) size 0x0
        RenderText {#text} at (0,42) size 192x21
          text run at (0,42) width 192: "noDefaultText: SUCCESS "
        RenderBR {BR} at (192,58) size 0x0
        RenderText {#text} at (0,63) size 196x21
          text run at (0,63) width 196: "hasDefaultText: SUCCESS"
layer at (10,10) size 200x46
  RenderTextControl {TEXTAREA} at (2,2) size 200x46
    RenderBlock {DIV} at (2,2) size 196x21
layer at (218,10) size 200x46
  RenderTextControl {TEXTAREA} at (210,2) size 200x46
    RenderBlock {DIV} at (2,2) size 196x21
      RenderText {#text} at (0,0) size 86x21
        text run at (0,0) width 86: "Default Text"
