layer at (0,0) size 800x600
  RenderView at (0,0) size 800x600
layer at (0,0) size 800x600
  RenderBlock {HTML} at (0,0) size 800x600
    RenderBody {BODY} at (8,8) size 784x582
      RenderBlock {P} at (0,0) size 784x36
        RenderText {#text} at (0,0) size 55x17
          text run at (0,0) width 55: "Test for "
        RenderInline {I} at (0,0) size 761x35
          RenderInline {A} at (0,0) size 306x17 [color=#0000EE]
            RenderText {#text} at (54,0) size 306x17
              text run at (54,0) width 306: "http://bugs.webkit.org/show_bug.cgi?id=14449"
          RenderText {#text} at (359,0) size 761x35
            text run at (359,0) width 5: " "
            text run at (363,0) width 398: "REGRESSION (r14345-r14375): Absolutely positioned image"
            text run at (0,18) width 287: "does not scale to containing element's height"
        RenderText {#text} at (286,18) size 5x17
          text run at (286,18) width 5: "."
layer at (18,60) size 764x200
  RenderBlock (relative positioned) {DIV} at (10,52) size 764x200
layer at (18,60) size 100x100
  RenderBlock (relative positioned) {DIV} at (0,0) size 100x100 [bgcolor=#808080]
    RenderBlock {DIV} at (0,0) size 100x100
layer at (18,60) size 50x100
  RenderImage {IMG} at (0,0) size 50x100 [bgcolor=#0000FF]
layer at (18,270) size 764x200
  RenderBlock (relative positioned) {DIV} at (10,262) size 764x200
    RenderText {#text} at (0,0) size 0x0
layer at (18,270) size 50x89
  RenderImage {IMG} at (0,0) size 50x89 [bgcolor=#0000FF]
