layer at (0,0) size 800x600
  RenderView at (0,0) size 800x600
layer at (0,0) size 800x299
  RenderBlock {HTML} at (0,0) size 800x299
    RenderBody {BODY} at (8,16) size 784x267
      RenderBlock {P} at (0,0) size 784x18
        RenderText {#text} at (0,0) size 393x19
          text run at (0,0) width 393: "These images should all look the same, square not rectangular."
      RenderBlock {P} at (0,34) size 784x67
        RenderImage {IMG} at (0,0) size 64x64
      RenderBlock {P} at (0,117) size 784x67
        RenderImage {IMG} at (0,0) size 64x64
      RenderBlock {P} at (0,200) size 784x67
        RenderImage {IMG} at (0,0) size 64x64
