layer at (0,0) size 800x600
  RenderView at (0,0) size 800x600
layer at (0,0) size 800x600
  RenderBlock {HTML} at (0,0) size 800x600
    RenderBody {BODY} at (8,8) size 784x584
      RenderBlock {P} at (0,0) size 784x18
        RenderText {#text} at (0,0) size 55x17
          text run at (0,0) width 55: "Test for "
        RenderInline {I} at (0,0) size 536x17
          RenderInline {A} at (0,0) size 298x17 [color=#0000EE]
            RenderText {#text} at (54,0) size 298x17
              text run at (54,0) width 298: "http://bugs.webkit.org/show_bug.cgi?id=9276"
          RenderText {#text} at (351,0) size 239x17
            text run at (351,0) width 5: " "
            text run at (355,0) width 235: "Quirksmode: Image swap resize bug"
        RenderText {#text} at (589,0) size 5x17
          text run at (589,0) width 5: "."
      RenderBlock {P} at (0,34) size 784x18
        RenderText {#text} at (0,0) size 290x17
          text run at (0,0) width 290: "This should be a blue 100\x{D7}100 pixels square."
      RenderBlock (anonymous) at (0,68) size 784x100
        RenderImage {IMG} at (0,0) size 100x100
        RenderText {#text} at (0,0) size 0x0
