layer at (0,0) size 800x600
  RenderView at (0,0) size 800x600
layer at (0,0) size 800x600
  RenderBlock {HTML} at (0,0) size 800x600
    RenderBody {BODY} at (8,8) size 784x584
      RenderBlock (anonymous) at (0,0) size 784x18
        RenderText {#text} at (0,0) size 315x17
          text run at (0,0) width 315: "The following sets of buttons should not overlap."
      RenderTable {TABLE} at (0,18) size 784x35
        RenderTableSection {TBODY} at (0,0) size 784x35
          RenderTableRow {TR} at (0,1) size 784x33
            RenderTableCell {TD} at (1,1) size 84x33 [r=0 c=0 rs=1 cs=1]
              RenderButton {INPUT} at (1,3) size 82x27 [bgcolor=#C0C0C0] [border: (2px outset #C0C0C0)]
                RenderBlock (anonymous) at (8,4) size 66x18
                  RenderText at (0,0) size 66x17
                    text run at (0,0) width 66: "New Mail"
            RenderTableCell {TD} at (86,1) size 59x33 [r=0 c=1 rs=1 cs=1]
              RenderButton {INPUT} at (1,3) size 57x27 [bgcolor=#C0C0C0] [border: (2px outset #C0C0C0)]
                RenderBlock (anonymous) at (8,4) size 41x18
                  RenderText at (0,0) size 41x17
                    text run at (0,0) width 41: "Reply"
            RenderTableCell {TD} at (146,1) size 82x33 [r=0 c=2 rs=1 cs=1]
              RenderButton {INPUT} at (1,3) size 80x27 [bgcolor=#C0C0C0] [border: (2px outset #C0C0C0)]
                RenderBlock (anonymous) at (8,4) size 64x18
                  RenderText at (0,0) size 64x17
                    text run at (0,0) width 64: "Reply All"
            RenderTableCell {TD} at (229,7) size 554x20 [r=0 c=3 rs=1 cs=1]
              RenderText {#text} at (1,1) size 4x17
                text run at (1,1) width 4: " "
      RenderBlock (anonymous) at (0,53) size 784x36
        RenderBR {BR} at (0,0) size 0x17
        RenderBR {BR} at (0,18) size 0x17
      RenderTable {TABLE} at (0,89) size 784x35
        RenderTableSection {TBODY} at (0,0) size 784x35
          RenderTableRow {TR} at (0,1) size 784x33
            RenderTableCell {TD} at (1,1) size 84x33 [r=0 c=0 rs=1 cs=1]
              RenderButton {INPUT} at (1,3) size 82x27 [bgcolor=#C0C0C0] [border: (2px outset #C0C0C0)]
                RenderBlock (anonymous) at (8,4) size 66x18
                  RenderText at (0,0) size 66x17
                    text run at (0,0) width 66: "New Mail"
            RenderTableCell {TD} at (86,1) size 59x33 [r=0 c=1 rs=1 cs=1]
              RenderButton {INPUT} at (1,3) size 57x27 [bgcolor=#C0C0C0] [border: (2px outset #C0C0C0)]
                RenderBlock (anonymous) at (8,4) size 41x18
                  RenderText at (0,0) size 41x17
                    text run at (0,0) width 41: "Reply"
            RenderTableCell {TD} at (146,1) size 82x33 [r=0 c=2 rs=1 cs=1]
              RenderButton {INPUT} at (1,3) size 80x27 [bgcolor=#C0C0C0] [border: (2px outset #C0C0C0)]
                RenderBlock (anonymous) at (8,4) size 64x18
                  RenderText at (0,0) size 64x17
                    text run at (0,0) width 64: "Reply All"
            RenderTableCell {TD} at (229,7) size 554x20 [r=0 c=3 rs=1 cs=1]
              RenderText {#text} at (1,1) size 4x17
                text run at (1,1) width 4: " "
