layer at (0,0) size 955x584
  RenderView at (0,0) size 800x584
layer at (0,0) size 800x584
  RenderBlock {HTML} at (0,0) size 800x584
    RenderBody {BODY} at (8,8) size 784x568
      RenderBlock (anonymous) at (0,0) size 784x19
        RenderText {#text} at (0,0) size 224x19
          text run at (0,0) width 224: "These textfields should not overlap."
      RenderTable {TABLE} at (0,19) size 784x33
        RenderTableSection {TBODY} at (0,0) size 784x33
          RenderTableRow {TR} at (0,1) size 784x31
            RenderTableCell {TD} at (1,1) size 196x31 [r=0 c=0 rs=1 cs=1]
              RenderTextControl {INPUT} at (1,3) size 194x25 [bgcolor=#FFFFFF] [border: (2px inset #000000)]
                RenderBlock {DIV} at (3,2) size 188x20
                  RenderBlock {DIV} at (0,16) size 0x0
                  RenderBlock {DIV} at (172,0) size 16x16
            RenderTableCell {TD} at (198,1) size 8x31 [r=0 c=1 rs=1 cs=1]
              RenderTextControl {INPUT} at (1,3) size 6x25 [bgcolor=#FFFFFF] [border: (2px inset #000000)]
                RenderBlock {DIV} at (3,3) size 0x35
                  RenderBlock {DIV} at (0,0) size 0x0
                  RenderBlock {DIV} at (0,19) size 16x16
            RenderTableCell {TD} at (207,1) size 8x31 [r=0 c=2 rs=1 cs=1]
              RenderTextControl {INPUT} at (1,3) size 6x25 [bgcolor=#FFFFFF] [border: (2px inset #000000)]
                RenderBlock {DIV} at (3,3) size 0x35
                  RenderBlock {DIV} at (0,0) size 0x0
                  RenderBlock {DIV} at (0,19) size 16x16
            RenderTableCell {TD} at (216,6) size 567x21 [r=0 c=3 rs=1 cs=1]
              RenderText {#text} at (1,1) size 4x19
                text run at (1,1) width 4: " "
      RenderBlock (anonymous) at (0,52) size 784x38
        RenderBR {BR} at (0,0) size 0x19
        RenderBR {BR} at (0,19) size 0x19
      RenderTable {TABLE} at (0,90) size 943x33
        RenderTableSection {TBODY} at (0,0) size 943x33
          RenderTableRow {TR} at (0,1) size 943x31
            RenderTableCell {TD} at (1,1) size 916x31 [r=0 c=0 rs=1 cs=1]
              RenderTextControl {INPUT} at (1,3) size 914x25 [bgcolor=#FFFFFF] [border: (2px inset #000000)]
                RenderBlock {DIV} at (3,2) size 908x20
                  RenderBlock {DIV} at (0,0) size 16x16
                  RenderBlock {DIV} at (892,0) size 16x16
            RenderTableCell {TD} at (918,1) size 8x31 [r=0 c=1 rs=1 cs=1]
              RenderTextControl {INPUT} at (1,3) size 6x25 [bgcolor=#FFFFFF] [border: (2px inset #000000)]
                RenderBlock {DIV} at (3,3) size 0x51
                  RenderBlock {DIV} at (0,0) size 16x16
                  RenderBlock {DIV} at (0,35) size 16x16
            RenderTableCell {TD} at (927,1) size 8x31 [r=0 c=2 rs=1 cs=1]
              RenderTextControl {INPUT} at (1,3) size 6x25 [bgcolor=#FFFFFF] [border: (2px inset #000000)]
                RenderBlock {DIV} at (3,3) size 0x51
                  RenderBlock {DIV} at (0,0) size 16x16
                  RenderBlock {DIV} at (0,35) size 16x16
            RenderTableCell {TD} at (936,6) size 6x21 [r=0 c=3 rs=1 cs=1]
              RenderText {#text} at (1,1) size 4x19
                text run at (1,1) width 4: " "
layer at (13,34) size 172x19
  RenderBlock {DIV} at (0,1) size 172x19
    RenderText {#text} at (1,0) size 67x19
      text run at (1,0) width 67: "New Mail"
layer at (210,34) size 2x19 scrollWidth 44
  RenderBlock {DIV} at (0,0) size 2x19
    RenderText {#text} at (1,0) size 42x19
      text run at (1,0) width 42: "Reply"
layer at (219,34) size 2x19 scrollWidth 67
  RenderBlock {DIV} at (0,0) size 2x19
    RenderText {#text} at (1,0) size 65x19
      text run at (1,0) width 65: "Reply All"
layer at (29,105) size 876x19
  RenderBlock {DIV} at (16,1) size 876x19
    RenderText {#text} at (1,0) size 67x19
      text run at (1,0) width 67: "New Mail"
layer at (930,121) size 2x19 scrollWidth 44
  RenderBlock {DIV} at (0,16) size 2x19
    RenderText {#text} at (1,0) size 42x19
      text run at (1,0) width 42: "Reply"
layer at (939,121) size 2x19 scrollWidth 67
  RenderBlock {DIV} at (0,16) size 2x19
    RenderText {#text} at (1,0) size 65x19
      text run at (1,0) width 65: "Reply All"
