layer at (0,0) size 784x646
  RenderView at (0,0) size 784x600
layer at (0,0) size 784x646
  RenderBlock {HTML} at (0,0) size 784x646
    RenderBody {BODY} at (8,8) size 768x630
      RenderBlock (anonymous) at (0,0) size 768x36
        RenderText {#text} at (0,0) size 754x35
          text run at (0,0) width 734: "The following elements behave differently in different browsers. Our current behavior will cause them to overlap, "
          text run at (733,0) width 21: "but"
          text run at (0,18) width 264: "we may need to change this in the future."
      RenderTable {TABLE} at (0,36) size 768x279
        RenderTableSection {TBODY} at (0,0) size 768x279
          RenderTableRow {TR} at (0,1) size 768x277
            RenderTableCell {TD} at (1,1) size 216x277 [r=0 c=0 rs=1 cs=1]
              RenderImage {IMG} at (1,1) size 214x275
            RenderTableCell {TD} at (218,1) size 2x277 [r=0 c=1 rs=1 cs=1]
              RenderImage {IMG} at (1,1) size 214x275
            RenderTableCell {TD} at (221,1) size 2x277 [r=0 c=2 rs=1 cs=1]
              RenderImage {IMG} at (1,1) size 214x275
            RenderTableCell {TD} at (224,129) size 543x20 [r=0 c=3 rs=1 cs=1]
              RenderText {#text} at (1,1) size 4x17
                text run at (1,1) width 4: " "
      RenderBlock (anonymous) at (0,315) size 768x36
        RenderBR {BR} at (0,0) size 0x17
        RenderBR {BR} at (0,18) size 0x17
      RenderTable {TABLE} at (0,351) size 768x279
        RenderTableSection {TBODY} at (0,0) size 768x279
          RenderTableRow {TR} at (0,1) size 768x277
            RenderTableCell {TD} at (1,1) size 216x277 [r=0 c=0 rs=1 cs=1]
              RenderImage {IMG} at (1,1) size 214x275
            RenderTableCell {TD} at (218,1) size 2x277 [r=0 c=1 rs=1 cs=1]
              RenderImage {IMG} at (1,1) size 214x275
            RenderTableCell {TD} at (221,1) size 2x277 [r=0 c=2 rs=1 cs=1]
              RenderImage {IMG} at (1,1) size 214x275
            RenderTableCell {TD} at (224,129) size 543x20 [r=0 c=3 rs=1 cs=1]
              RenderText {#text} at (1,1) size 4x17
                text run at (1,1) width 4: " "
