layer at (0,0) size 950x584
  RenderView at (0,0) size 800x584
layer at (0,0) size 800x584
  RenderBlock {HTML} at (0,0) size 800x584
    RenderBody {BODY} at (8,8) size 784x568
      RenderBlock (anonymous) at (0,0) size 784x18
        RenderText {#text} at (0,0) size 229x17
          text run at (0,0) width 229: "These textfields should not overlap."
      RenderTable {TABLE} at (0,18) size 784x32
        RenderTableSection {TBODY} at (0,0) size 784x32
          RenderTableRow {TR} at (0,1) size 784x30
            RenderTableCell {TD} at (1,1) size 195x30 [r=0 c=0 rs=1 cs=1]
              RenderTextControl {INPUT} at (1,3) size 193x24 [bgcolor=#FFFFFF] [border: (2px inset #000000)]
            RenderTableCell {TD} at (197,1) size 8x30 [r=0 c=1 rs=1 cs=1]
              RenderTextControl {INPUT} at (1,3) size 6x24 [bgcolor=#FFFFFF] [border: (2px inset #000000)]
            RenderTableCell {TD} at (206,1) size 8x30 [r=0 c=2 rs=1 cs=1]
              RenderTextControl {INPUT} at (1,3) size 6x24 [bgcolor=#FFFFFF] [border: (2px inset #000000)]
            RenderTableCell {TD} at (215,6) size 568x20 [r=0 c=3 rs=1 cs=1]
              RenderText {#text} at (1,1) size 4x17
                text run at (1,1) width 4: " "
      RenderBlock (anonymous) at (0,50) size 784x36
        RenderBR {BR} at (0,0) size 0x17
        RenderBR {BR} at (0,18) size 0x17
      RenderTable {TABLE} at (0,86) size 942x32
        RenderTableSection {TBODY} at (0,0) size 942x32
          RenderTableRow {TR} at (0,1) size 942x30
            RenderTableCell {TD} at (1,1) size 915x30 [r=0 c=0 rs=1 cs=1]
              RenderTextControl {INPUT} at (1,3) size 913x24 [bgcolor=#FFFFFF] [border: (2px inset #000000)]
            RenderTableCell {TD} at (917,1) size 8x30 [r=0 c=1 rs=1 cs=1]
              RenderTextControl {INPUT} at (1,3) size 6x24 [bgcolor=#FFFFFF] [border: (2px inset #000000)]
            RenderTableCell {TD} at (926,1) size 8x30 [r=0 c=2 rs=1 cs=1]
              RenderTextControl {INPUT} at (1,3) size 6x24 [bgcolor=#FFFFFF] [border: (2px inset #000000)]
            RenderTableCell {TD} at (935,6) size 6x20 [r=0 c=3 rs=1 cs=1]
              RenderText {#text} at (1,1) size 4x17
                text run at (1,1) width 4: " "
layer at (13,33) size 187x18
  RenderBlock {DIV} at (3,3) size 187x18
    RenderText {#text} at (1,0) size 66x17
      text run at (1,0) width 66: "New Mail"
layer at (209,33) size 2x18 scrollWidth 43
  RenderBlock {DIV} at (3,3) size 2x18
    RenderText {#text} at (1,0) size 41x17
      text run at (1,0) width 41: "Reply"
layer at (218,33) size 2x18 scrollWidth 66
  RenderBlock {DIV} at (3,3) size 2x18
    RenderText {#text} at (1,0) size 64x17
      text run at (1,0) width 64: "Reply All"
layer at (13,101) size 907x18
  RenderBlock {DIV} at (3,3) size 907x18
    RenderText {#text} at (1,0) size 66x17
      text run at (1,0) width 66: "New Mail"
layer at (929,101) size 2x18 scrollWidth 43
  RenderBlock {DIV} at (3,3) size 2x18
    RenderText {#text} at (1,0) size 41x17
      text run at (1,0) width 41: "Reply"
layer at (938,101) size 2x18 scrollWidth 66
  RenderBlock {DIV} at (3,3) size 2x18
    RenderText {#text} at (1,0) size 64x17
      text run at (1,0) width 64: "Reply All"
