layer at (0,0) size 800x600
  RenderView at (0,0) size 800x600
layer at (0,0) size 800x600
  RenderBlock {HTML} at (0,0) size 800x600
    RenderBody {BODY} at (8,8) size 784x584
      RenderBlock (anonymous) at (0,0) size 784x18
        RenderText {#text} at (0,0) size 256x17
          text run at (0,0) width 256: "The textareas below should not overlap."
      RenderTable {TABLE} at (0,18) size 784x50
        RenderTableSection {TBODY} at (0,0) size 784x50
          RenderTableRow {TR} at (0,1) size 784x48
            RenderTableCell {TD} at (1,1) size 204x48 [r=0 c=0 rs=1 cs=1]
            RenderTableCell {TD} at (206,1) size 8x48 [r=0 c=1 rs=1 cs=1]
            RenderTableCell {TD} at (215,1) size 8x48 [r=0 c=2 rs=1 cs=1]
            RenderTableCell {TD} at (224,15) size 559x20 [r=0 c=3 rs=1 cs=1]
              RenderText {#text} at (1,1) size 4x17
                text run at (1,1) width 4: " "
      RenderBlock (anonymous) at (0,68) size 784x36
        RenderBR {BR} at (0,0) size 0x17
        RenderBR {BR} at (0,18) size 0x17
      RenderTable {TABLE} at (0,104) size 784x50
        RenderTableSection {TBODY} at (0,0) size 784x50
          RenderTableRow {TR} at (0,1) size 784x48
            RenderTableCell {TD} at (1,1) size 294x48 [r=0 c=0 rs=1 cs=1]
            RenderTableCell {TD} at (296,1) size 8x48 [r=0 c=1 rs=1 cs=1]
            RenderTableCell {TD} at (305,1) size 8x48 [r=0 c=2 rs=1 cs=1]
            RenderTableCell {TD} at (314,15) size 469x20 [r=0 c=3 rs=1 cs=1]
              RenderText {#text} at (1,1) size 4x17
                text run at (1,1) width 4: " "
layer at (10,30) size 202x42 clip at (11,31) size 200x40
  RenderTextControl {TEXTAREA} at (1,3) size 202x42 [bgcolor=#FFFFFF] [border: (1px solid #000000)]
    RenderBlock {DIV} at (3,3) size 196x18
      RenderText {#text} at (0,0) size 27x17
        text run at (0,0) width 27: "one"
layer at (215,30) size 6x42 clip at (0,0) size 0x0 scrollWidth 14 scrollHeight 58
  RenderTextControl {TEXTAREA} at (1,3) size 6x42 [bgcolor=#FFFFFF] [border: (1px solid #000000)]
    RenderBlock {DIV} at (3,3) size 0x54
      RenderText {#text} at (0,0) size 12x53
        text run at (0,0) width 5: "t"
        text run at (0,18) width 12: "w"
        text run at (0,36) width 9: "o"
layer at (224,30) size 6x42 clip at (0,0) size 0x0 scrollWidth 11 scrollHeight 94
  RenderTextControl {TEXTAREA} at (1,3) size 6x42 [bgcolor=#FFFFFF] [border: (1px solid #000000)]
    RenderBlock {DIV} at (3,3) size 0x90
      RenderText {#text} at (0,0) size 9x89
        text run at (0,0) width 5: "t"
        text run at (0,18) width 9: "h"
        text run at (0,36) width 6: "r"
        text run at (0,54) width 9: "e"
        text run at (0,72) width 9: "e"
layer at (10,116) size 292x42 clip at (11,117) size 290x40
  RenderTextControl {TEXTAREA} at (1,3) size 292x42 [bgcolor=#FFFFFF] [border: (1px solid #000000)]
    RenderBlock {DIV} at (3,3) size 286x18
      RenderText {#text} at (0,0) size 97x17
        text run at (0,0) width 97: "one two three"
layer at (305,116) size 6x42 clip at (0,0) size 0x0 scrollWidth 14 scrollHeight 58
  RenderTextControl {TEXTAREA} at (1,3) size 6x42 [bgcolor=#FFFFFF] [border: (1px solid #000000)]
    RenderBlock {DIV} at (3,3) size 0x54
      RenderText {#text} at (0,0) size 12x53
        text run at (0,0) width 5: "t"
        text run at (0,18) width 12: "w"
        text run at (0,36) width 9: "o"
layer at (314,116) size 6x42 clip at (0,0) size 0x0 scrollWidth 11 scrollHeight 94
  RenderTextControl {TEXTAREA} at (1,3) size 6x42 [bgcolor=#FFFFFF] [border: (1px solid #000000)]
    RenderBlock {DIV} at (3,3) size 0x90
      RenderText {#text} at (0,0) size 9x89
        text run at (0,0) width 5: "t"
        text run at (0,18) width 9: "h"
        text run at (0,36) width 6: "r"
        text run at (0,54) width 9: "e"
        text run at (0,72) width 9: "e"
