layer at (0,0) size 1178x584
  RenderView at (0,0) size 800x584
layer at (0,0) size 800x584 layerType: background only
layer at (0,0) size 800x540 scrollWidth 1216 scrollHeight 594
  RenderBlock (positioned) zI: -1 {DIV} at (0,0) size 800x540 [color=#00FF00]
    RenderText zI: -1 {#text} at (0,9) size 1216x33
      text run at (0,9) width 1216: "xxxxxxxxxxxxxxxxxxxxxxxxxxxxxxxxxxxxxx"
    RenderBR {BR} at (0,0) size 0x0
    RenderText zI: -1 {#text} at (0,55) size 1216x33
      text run at (0,55) width 1216: "xxxxxxxxxxxxxxxxxxxxxxxxxxxxxxxxxxxxxx"
    RenderBR {BR} at (0,0) size 0x0
    RenderText zI: -1 {#text} at (0,101) size 1216x33
      text run at (0,101) width 1216: "xxxxxxxxxxxxxxxxxxxxxxxxxxxxxxxxxxxxxx"
    RenderBR {BR} at (0,0) size 0x0
    RenderText zI: -1 {#text} at (0,147) size 1216x33
      text run at (0,147) width 1216: "xxxxxxxxxxxxxxxxxxxxxxxxxxxxxxxxxxxxxx"
    RenderBR {BR} at (0,0) size 0x0
    RenderText zI: -1 {#text} at (0,193) size 1216x33
      text run at (0,193) width 1216: "xxxxxxxxxxxxxxxxxxxxxxxxxxxxxxxxxxxxxx"
    RenderBR {BR} at (0,0) size 0x0
    RenderText zI: -1 {#text} at (0,239) size 1216x33
      text run at (0,239) width 1216: "xxxxxxxxxxxxxxxxxxxxxxxxxxxxxxxxxxxxxx"
    RenderBR {BR} at (0,0) size 0x0
    RenderText zI: -1 {#text} at (0,285) size 1216x33
      text run at (0,285) width 1216: "xxxxxxxxxxxxxxxxxxxxxxxxxxxxxxxxxxxxxx"
    RenderBR {BR} at (0,0) size 0x0
    RenderText zI: -1 {#text} at (0,331) size 1216x33
      text run at (0,331) width 1216: "xxxxxxxxxxxxxxxxxxxxxxxxxxxxxxxxxxxxxx"
    RenderBR {BR} at (0,0) size 0x0
    RenderText zI: -1 {#text} at (0,377) size 1216x33
      text run at (0,377) width 1216: "xxxxxxxxxxxxxxxxxxxxxxxxxxxxxxxxxxxxxx"
    RenderBR {BR} at (0,0) size 0x0
    RenderText zI: -1 {#text} at (0,423) size 1216x33
      text run at (0,423) width 1216: "xxxxxxxxxxxxxxxxxxxxxxxxxxxxxxxxxxxxxx"
    RenderBR {BR} at (0,0) size 0x0
    RenderText zI: -1 {#text} at (0,469) size 1216x33
      text run at (0,469) width 1216: "xxxxxxxxxxxxxxxxxxxxxxxxxxxxxxxxxxxxxx"
    RenderBR {BR} at (0,0) size 0x0
    RenderText zI: -1 {#text} at (0,515) size 1216x33
      text run at (0,515) width 1216: "xxxxxxxxxxxxxxxxxxxxxxxxxxxxxxxxxxxxxx"
    RenderBR {BR} at (0,0) size 0x0
    RenderText zI: -1 {#text} at (0,561) size 1216x33
      text run at (0,561) width 1216: "xxxxxxxxxxxxxxxxxxxxxxxxxxxxxxxxxxxxxx"
    RenderBR {BR} at (0,0) size 0x0
layer at (0,0) size 800x584 layerType: foreground only
  RenderBlock {HTML} at (0,0) size 800x584
    RenderBody {BODY} at (0,0) size 800x584
layer at (0,0) size 800x540
  RenderBlock (relative positioned) {DIV} at (0,0) size 800x540
layer at (0,0) size 800x540
  RenderBlock {DIV} at (0,0) size 800x540
    RenderBlock {DIV} at (20,20) size 362x434
      RenderText {#text} at (0,45) size 362x113
        text run at (0,45) width 361: "All of this text even though it's smaller should be on"
        text run at (0,91) width 362: "the 36px grid. The grid should reset at the top of the"
        text run at (0,137) width 112: "second column."
      RenderBR {BR} at (112,153) size 0x0
      RenderText {#text} at (0,183) size 362x113
        text run at (0,183) width 361: "All of this text even though it's smaller should be on"
        text run at (0,229) width 362: "the 36px grid. The grid should reset at the top of the"
        text run at (0,275) width 112: "second column."
      RenderBR {BR} at (112,291) size 0x0
      RenderText {#text} at (0,321) size 362x113
        text run at (0,321) width 361: "All of this text even though it's smaller should be on"
        text run at (0,367) width 362: "the 36px grid. The grid should reset at the top of the"
        text run at (0,413) width 112: "second column."
      RenderBR {BR} at (112,429) size 0x0
    RenderBlock {DIV} at (20,454) size 362x634
      RenderText {#text} at (0,18) size 343x208
        text run at (0,18) width 316: "All of this text even though it's"
        text run at (0,104) width 316: "smaller should be on the 36px"
        text run at (0,150) width 343: "grid. The grid should reset at the"
        text run at (0,196) width 273: "top of the second column."
      RenderBR {BR} at (273,219) size 0x0
      RenderText {#text} at (0,242) size 343x168
        text run at (0,242) width 316: "All of this text even though it's"
        text run at (0,288) width 316: "smaller should be on the 36px"
        text run at (0,334) width 343: "grid. The grid should reset at the"
        text run at (0,380) width 273: "top of the second column."
      RenderBR {BR} at (273,403) size 0x0
      RenderText {#text} at (0,426) size 343x208
        text run at (0,426) width 316: "All of this text even though it's"
        text run at (0,472) width 316: "smaller should be on the 36px"
        text run at (0,518) width 343: "grid. The grid should reset at the"
        text run at (0,604) width 273: "top of the second column."
      RenderBR {BR} at (273,627) size 0x0
    RenderBlock {DIV} at (20,1088) size 362x42
      RenderText {#text} at (0,29) size 305x13
        text run at (0,29) width 305: "All of this text even though it's smaller should be on the 36px grid."
