layer at (0,0) size 1586x584
  RenderView at (0,0) size 800x584
layer at (0,0) size 800x584
  RenderBlock {HTML} at (0,0) size 800x584
    RenderBody {BODY} at (8,8) size 784x568
layer at (8,8) size 784x504
  RenderBlock {DIV} at (0,0) size 784x504 [border: (2px solid #FF0000)]
    RenderBlock {DIV} at (2,2) size 382x1771
      RenderBlock {DIV} at (0,0) size 382x408
        RenderText {#text} at (0,19) size 362x113
          text run at (0,19) width 361: "All of this text even though it's smaller should be on"
          text run at (0,65) width 362: "the 36px grid. The grid should reset at the top of the"
          text run at (0,111) width 112: "second column."
        RenderBR {BR} at (112,127) size 0x0
        RenderText {#text} at (0,157) size 362x113
          text run at (0,157) width 361: "All of this text even though it's smaller should be on"
          text run at (0,203) width 362: "the 36px grid. The grid should reset at the top of the"
          text run at (0,249) width 112: "second column."
        RenderBR {BR} at (112,265) size 0x0
        RenderText {#text} at (0,295) size 362x113
          text run at (0,295) width 361: "All of this text even though it's smaller should be on"
          text run at (0,341) width 362: "the 36px grid. The grid should reset at the top of the"
          text run at (0,387) width 112: "second column."
        RenderBR {BR} at (112,403) size 0x0
      RenderBlock {DIV} at (0,408) size 382x634
        RenderText {#text} at (0,18) size 369x208
          text run at (0,18) width 316: "All of this text even though it's"
          text run at (0,104) width 369: "smaller should be on the 36px grid."
          text run at (0,150) width 357: "The grid should reset at the top of"
          text run at (0,196) width 206: "the second column."
        RenderBR {BR} at (206,219) size 0x0
        RenderText {#text} at (0,242) size 369x168
          text run at (0,242) width 316: "All of this text even though it's"
          text run at (0,288) width 369: "smaller should be on the 36px grid."
          text run at (0,334) width 357: "The grid should reset at the top of"
          text run at (0,380) width 206: "the second column."
        RenderBR {BR} at (206,403) size 0x0
        RenderText {#text} at (0,426) size 369x208
          text run at (0,426) width 316: "All of this text even though it's"
          text run at (0,472) width 369: "smaller should be on the 36px grid."
          text run at (0,518) width 357: "The grid should reset at the top of"
          text run at (0,604) width 206: "the second column."
        RenderBR {BR} at (206,627) size 0x0
      RenderBlock {DIV} at (0,1042) size 382x272
        RenderText {#text} at (0,29) size 380x59
          text run at (0,29) width 380: "All of this text even though it's smaller should be on the 36px grid. The grid should"
          text run at (0,75) width 177: "reset at the top of the second column."
        RenderBR {BR} at (177,85) size 0x0
        RenderText {#text} at (0,121) size 380x59
          text run at (0,121) width 380: "All of this text even though it's smaller should be on the 36px grid. The grid should"
          text run at (0,167) width 177: "reset at the top of the second column."
        RenderBR {BR} at (177,177) size 0x0
        RenderText {#text} at (0,213) size 380x59
          text run at (0,213) width 380: "All of this text even though it's smaller should be on the 36px grid. The grid should"
          text run at (0,259) width 177: "reset at the top of the second column."
        RenderBR {BR} at (177,269) size 0x0
      RenderBlock {DIV} at (0,1314) size 382x457
        RenderText {#text} at (0,25) size 358x116
          text run at (0,25) width 358: "All of this text even though it's smaller should"
          text run at (0,71) width 353: "be on the 36px grid. The grid should reset at"
          text run at (0,117) width 236: "the top of the second column."
        RenderBR {BR} at (236,135) size 0x0
        RenderText {#text} at (0,203) size 358x116
          text run at (0,203) width 358: "All of this text even though it's smaller should"
          text run at (0,249) width 353: "be on the 36px grid. The grid should reset at"
          text run at (0,295) width 236: "the top of the second column."
        RenderBR {BR} at (236,313) size 0x0
        RenderText {#text} at (0,341) size 358x116
          text run at (0,341) width 358: "All of this text even though it's smaller should"
          text run at (0,387) width 353: "be on the 36px grid. The grid should reset at"
          text run at (0,433) width 236: "the top of the second column."
        RenderBR {BR} at (236,451) size 0x0
