layer at (0,0) size 800x600
  RenderView at (0,0) size 800x600
layer at (0,0) size 800x127
  RenderBlock {HTML} at (0,0) size 800x127
    RenderBody {BODY} at (8,16) size 784x95
      RenderBlock {DIV} at (0,0) size 784x95
        RenderBlock {P} at (0,0) size 784x21
          RenderText {#text} at (0,0) size 340x21
            text run at (0,0) width 340: "This paragraph should have normal background"
        RenderBlock {ADDRESS} at (0,37) size 784x21 [bgcolor=#00FF00]
          RenderText {#text} at (0,0) size 338x21
            text run at (0,0) width 338: "But this address should have green background"
        RenderBlock {P} at (0,74) size 784x21
          RenderText {#text} at (0,0) size 340x21
            text run at (0,0) width 340: "This paragraph should have normal background"
