layer at (0,0) size 800x600
  RenderView at (0,0) size 800x600
layer at (0,0) size 800x73
  RenderBlock {HTML} at (0,0) size 800x73
    RenderBody {BODY} at (8,8) size 784x57
      RenderBlock {DIV} at (0,0) size 784x57
        RenderText {#text} at (0,0) size 783x57
          text run at (0,0) width 669: "This table shows unicode-bidi: isolate behavior (in red) with display: inline-block behavior overlapping in green. "
          text run at (669,0) width 112: "You should see no"
          text run at (0,19) width 92: "red in this test! "
          text run at (92,19) width 691: "Behavior between these two methods should be identical for non-wrapping strings, assuming unicode-bidi: isolate is"
          text run at (0,38) width 231: "implemented and functioning correctly."
layer at (8,65) size 30x400
  RenderBlock (positioned) {DIV} at (0,0) size 30x400 [color=#FF0000]
    RenderBlock {DIV} at (0,0) size 30x19
      RenderText {#text} at (0,0) size 5x19
        text run at (0,0) width 5: "\""
      RenderInline {SPAN} at (0,0) size 5x19
        RenderText {#text} at (5,0) size 5x19
          text run at (5,0) width 5: ")"
      RenderText {#text} at (10,0) size 5x19
        text run at (10,0) width 5: "("
    RenderBlock {DIV} at (0,19) size 30x19
      RenderText {#text} at (0,0) size 5x19
        text run at (0,0) width 5: "\""
      RenderInline {SPAN} at (0,0) size 5x19
        RenderText {#text} at (5,0) size 5x19
          text run at (5,0) width 5: ")"
      RenderText {#text} at (10,0) size 10x19
        text run at (10,0) width 10 RTL: "\x{5D1}"
    RenderBlock {DIV} at (0,38) size 30x19
      RenderText {#text} at (0,0) size 5x19
        text run at (0,0) width 5: "\""
      RenderInline {SPAN} at (0,0) size 5x19
        RenderText {#text} at (5,0) size 5x19
          text run at (5,0) width 5: ")"
      RenderText {#text} at (10,0) size 7x19
        text run at (10,0) width 7: "c"
    RenderBlock {DIV} at (0,57) size 30x19
      RenderText {#text} at (0,0) size 5x19
        text run at (0,0) width 5: "\""
      RenderInline {SPAN} at (0,0) size 6x19
        RenderText {#text} at (5,0) size 6x19
          text run at (5,0) width 6 RTL: "\x{5E0}"
      RenderText {#text} at (11,0) size 5x19
        text run at (11,0) width 5: "("
    RenderBlock {DIV} at (0,76) size 30x19
      RenderText {#text} at (0,0) size 5x19
        text run at (0,0) width 5: "\""
      RenderInline {SPAN} at (0,0) size 6x19
        RenderText {#text} at (5,0) size 6x19
          text run at (5,0) width 6 RTL: "\x{5E0}"
      RenderText {#text} at (11,0) size 10x19
        text run at (11,0) width 10 RTL: "\x{5D1}"
    RenderBlock {DIV} at (0,95) size 30x19
      RenderText {#text} at (0,0) size 5x19
        text run at (0,0) width 5: "\""
      RenderInline {SPAN} at (0,0) size 6x19
        RenderText {#text} at (5,0) size 6x19
          text run at (5,0) width 6 RTL: "\x{5E0}"
      RenderText {#text} at (11,0) size 7x19
        text run at (11,0) width 7: "c"
    RenderBlock {DIV} at (0,114) size 30x19
      RenderText {#text} at (0,0) size 5x19
        text run at (0,0) width 5: "\""
      RenderInline {SPAN} at (0,0) size 8x19
        RenderText {#text} at (5,0) size 8x19
          text run at (5,0) width 8: "b"
      RenderText {#text} at (13,0) size 5x19
        text run at (13,0) width 5: "("
    RenderBlock {DIV} at (0,133) size 30x19
      RenderText {#text} at (0,0) size 5x19
        text run at (0,0) width 5: "\""
      RenderInline {SPAN} at (0,0) size 8x19
        RenderText {#text} at (5,0) size 8x19
          text run at (5,0) width 8: "b"
      RenderText {#text} at (13,0) size 10x19
        text run at (13,0) width 10 RTL: "\x{5D1}"
    RenderBlock {DIV} at (0,152) size 30x19
      RenderText {#text} at (0,0) size 5x19
        text run at (0,0) width 5: "\""
      RenderInline {SPAN} at (0,0) size 8x19
        RenderText {#text} at (5,0) size 8x19
          text run at (5,0) width 8: "b"
      RenderText {#text} at (13,0) size 7x19
        text run at (13,0) width 7: "c"
    RenderBlock {DIV} at (0,171) size 30x19
      RenderText {#text} at (0,0) size 5x19
        text run at (0,0) width 5: "\""
      RenderInline {SPAN} at (0,0) size 5x19
        RenderText {#text} at (5,0) size 5x19
          text run at (5,0) width 5 RTL: ")"
      RenderText {#text} at (10,0) size 5x19
        text run at (10,0) width 5: "("
    RenderBlock {DIV} at (0,190) size 30x19
      RenderText {#text} at (0,0) size 5x19
        text run at (0,0) width 5: "\""
      RenderInline {SPAN} at (0,0) size 5x19
        RenderText {#text} at (5,0) size 5x19
          text run at (5,0) width 5 RTL: ")"
      RenderText {#text} at (10,0) size 10x19
        text run at (10,0) width 10 RTL: "\x{5D1}"
    RenderBlock {DIV} at (0,209) size 30x19
      RenderText {#text} at (0,0) size 5x19
        text run at (0,0) width 5: "\""
      RenderInline {SPAN} at (0,0) size 5x19
        RenderText {#text} at (5,0) size 5x19
          text run at (5,0) width 5 RTL: ")"
      RenderText {#text} at (10,0) size 7x19
        text run at (10,0) width 7: "c"
    RenderBlock {DIV} at (0,228) size 30x19
      RenderText {#text} at (0,0) size 5x19
        text run at (0,0) width 5: "\""
      RenderInline {SPAN} at (0,0) size 6x19
        RenderText {#text} at (5,0) size 6x19
          text run at (5,0) width 6 RTL: "\x{5E0}"
      RenderText {#text} at (11,0) size 5x19
        text run at (11,0) width 5: "("
    RenderBlock {DIV} at (0,247) size 30x19
      RenderText {#text} at (0,0) size 5x19
        text run at (0,0) width 5: "\""
      RenderInline {SPAN} at (0,0) size 6x19
        RenderText {#text} at (5,0) size 6x19
          text run at (5,0) width 6 RTL: "\x{5E0}"
      RenderText {#text} at (11,0) size 10x19
        text run at (11,0) width 10 RTL: "\x{5D1}"
    RenderBlock {DIV} at (0,266) size 30x19
      RenderText {#text} at (0,0) size 5x19
        text run at (0,0) width 5: "\""
      RenderInline {SPAN} at (0,0) size 6x19
        RenderText {#text} at (5,0) size 6x19
          text run at (5,0) width 6 RTL: "\x{5E0}"
      RenderText {#text} at (11,0) size 7x19
        text run at (11,0) width 7: "c"
    RenderBlock {DIV} at (0,285) size 30x19
      RenderText {#text} at (0,0) size 5x19
        text run at (0,0) width 5: "\""
      RenderInline {SPAN} at (0,0) size 8x19
        RenderText {#text} at (5,0) size 8x19
          text run at (5,0) width 8: "b"
      RenderText {#text} at (13,0) size 5x19
        text run at (13,0) width 5: "("
    RenderBlock {DIV} at (0,304) size 30x19
      RenderText {#text} at (0,0) size 5x19
        text run at (0,0) width 5: "\""
      RenderInline {SPAN} at (0,0) size 8x19
        RenderText {#text} at (5,0) size 8x19
          text run at (5,0) width 8: "b"
      RenderText {#text} at (13,0) size 10x19
        text run at (13,0) width 10 RTL: "\x{5D1}"
    RenderBlock {DIV} at (0,323) size 30x19
      RenderText {#text} at (0,0) size 5x19
        text run at (0,0) width 5: "\""
      RenderInline {SPAN} at (0,0) size 8x19
        RenderText {#text} at (5,0) size 8x19
          text run at (5,0) width 8: "b"
      RenderText {#text} at (13,0) size 7x19
        text run at (13,0) width 7: "c"
    RenderBlock {DIV} at (0,342) size 30x19
      RenderText {#text} at (0,0) size 12x19
        text run at (0,0) width 12 RTL: "\x{5E9}"
      RenderInline {SPAN} at (0,0) size 5x19
        RenderText {#text} at (12,0) size 5x19
          text run at (12,0) width 5: ")"
      RenderText {#text} at (17,0) size 5x19
        text run at (17,0) width 5: "("
    RenderBlock {DIV} at (0,361) size 30x19
      RenderText {#text} at (15,0) size 12x19
        text run at (15,0) width 12 RTL: "\x{5E9}"
      RenderInline {SPAN} at (0,0) size 5x19
        RenderText {#text} at (10,0) size 5x19
          text run at (10,0) width 5: ")"
      RenderText {#text} at (0,0) size 10x19
        text run at (0,0) width 10 RTL: "\x{5D1}"
    RenderBlock {DIV} at (0,380) size 30x19
      RenderText {#text} at (0,0) size 12x19
        text run at (0,0) width 12 RTL: "\x{5E9}"
      RenderInline {SPAN} at (0,0) size 5x19
        RenderText {#text} at (12,0) size 5x19
          text run at (12,0) width 5: ")"
      RenderText {#text} at (17,0) size 7x19
        text run at (17,0) width 7: "c"
    RenderBlock {DIV} at (0,400) size 30x19
      RenderText {#text} at (0,0) size 12x19
        text run at (0,0) width 12 RTL: "\x{5E9}"
      RenderInline {SPAN} at (0,0) size 6x19
        RenderText {#text} at (12,0) size 6x19
          text run at (12,0) width 6 RTL: "\x{5E0}"
      RenderText {#text} at (18,0) size 5x19
        text run at (18,0) width 5: "("
    RenderBlock {DIV} at (0,419) size 30x19
      RenderText {#text} at (16,0) size 12x19
        text run at (16,0) width 12 RTL: "\x{5E9}"
      RenderInline {SPAN} at (0,0) size 6x19
        RenderText {#text} at (10,0) size 6x19
          text run at (10,0) width 6 RTL: "\x{5E0}"
      RenderText {#text} at (0,0) size 10x19
        text run at (0,0) width 10 RTL: "\x{5D1}"
    RenderBlock {DIV} at (0,438) size 30x19
      RenderText {#text} at (0,0) size 12x19
        text run at (0,0) width 12 RTL: "\x{5E9}"
      RenderInline {SPAN} at (0,0) size 6x19
        RenderText {#text} at (12,0) size 6x19
          text run at (12,0) width 6 RTL: "\x{5E0}"
      RenderText {#text} at (18,0) size 7x19
        text run at (18,0) width 7: "c"
    RenderBlock {DIV} at (0,457) size 30x19
      RenderText {#text} at (0,0) size 12x19
        text run at (0,0) width 12 RTL: "\x{5E9}"
      RenderInline {SPAN} at (0,0) size 8x19
        RenderText {#text} at (12,0) size 8x19
          text run at (12,0) width 8: "b"
      RenderText {#text} at (20,0) size 5x19
        text run at (20,0) width 5: "("
    RenderBlock {DIV} at (0,476) size 30x19
      RenderText {#text} at (18,0) size 12x19
        text run at (18,0) width 12 RTL: "\x{5E9}"
      RenderInline {SPAN} at (0,0) size 8x19
        RenderText {#text} at (10,0) size 8x19
          text run at (10,0) width 8: "b"
      RenderText {#text} at (0,0) size 10x19
        text run at (0,0) width 10 RTL: "\x{5D1}"
    RenderBlock {DIV} at (0,495) size 30x19
      RenderText {#text} at (0,0) size 12x19
        text run at (0,0) width 12 RTL: "\x{5E9}"
      RenderInline {SPAN} at (0,0) size 8x19
        RenderText {#text} at (12,0) size 8x19
          text run at (12,0) width 8: "b"
      RenderText {#text} at (20,0) size 7x19
        text run at (20,0) width 7: "c"
    RenderBlock {DIV} at (0,514) size 30x19
      RenderText {#text} at (0,0) size 12x19
        text run at (0,0) width 12 RTL: "\x{5E9}"
      RenderInline {SPAN} at (0,0) size 5x19
        RenderText {#text} at (12,0) size 5x19
          text run at (12,0) width 5 RTL: ")"
      RenderText {#text} at (17,0) size 5x19
        text run at (17,0) width 5: "("
    RenderBlock {DIV} at (0,533) size 30x19
      RenderText {#text} at (15,0) size 12x19
        text run at (15,0) width 12 RTL: "\x{5E9}"
      RenderInline {SPAN} at (0,0) size 5x19
        RenderText {#text} at (10,0) size 5x19
          text run at (10,0) width 5 RTL: ")"
      RenderText {#text} at (0,0) size 10x19
        text run at (0,0) width 10 RTL: "\x{5D1}"
    RenderBlock {DIV} at (0,552) size 30x19
      RenderText {#text} at (0,0) size 12x19
        text run at (0,0) width 12 RTL: "\x{5E9}"
      RenderInline {SPAN} at (0,0) size 5x19
        RenderText {#text} at (12,0) size 5x19
          text run at (12,0) width 5 RTL: ")"
      RenderText {#text} at (17,0) size 7x19
        text run at (17,0) width 7: "c"
    RenderBlock {DIV} at (0,571) size 30x19
      RenderText {#text} at (0,0) size 12x19
        text run at (0,0) width 12 RTL: "\x{5E9}"
      RenderInline {SPAN} at (0,0) size 6x19
        RenderText {#text} at (12,0) size 6x19
          text run at (12,0) width 6 RTL: "\x{5E0}"
      RenderText {#text} at (18,0) size 5x19
        text run at (18,0) width 5: "("
    RenderBlock {DIV} at (0,590) size 30x19
      RenderText {#text} at (16,0) size 12x19
        text run at (16,0) width 12 RTL: "\x{5E9}"
      RenderInline {SPAN} at (0,0) size 6x19
        RenderText {#text} at (10,0) size 6x19
          text run at (10,0) width 6 RTL: "\x{5E0}"
      RenderText {#text} at (0,0) size 10x19
        text run at (0,0) width 10 RTL: "\x{5D1}"
    RenderBlock {DIV} at (0,609) size 30x19
      RenderText {#text} at (0,0) size 12x19
        text run at (0,0) width 12 RTL: "\x{5E9}"
      RenderInline {SPAN} at (0,0) size 6x19
        RenderText {#text} at (12,0) size 6x19
          text run at (12,0) width 6 RTL: "\x{5E0}"
      RenderText {#text} at (18,0) size 7x19
        text run at (18,0) width 7: "c"
    RenderBlock {DIV} at (0,628) size 30x19
      RenderText {#text} at (0,0) size 12x19
        text run at (0,0) width 12 RTL: "\x{5E9}"
      RenderInline {SPAN} at (0,0) size 8x19
        RenderText {#text} at (12,0) size 8x19
          text run at (12,0) width 8: "b"
      RenderText {#text} at (20,0) size 5x19
        text run at (20,0) width 5: "("
    RenderBlock {DIV} at (0,647) size 30x19
      RenderText {#text} at (18,0) size 12x19
        text run at (18,0) width 12 RTL: "\x{5E9}"
      RenderInline {SPAN} at (0,0) size 8x19
        RenderText {#text} at (10,0) size 8x19
          text run at (10,0) width 8: "b"
      RenderText {#text} at (0,0) size 10x19
        text run at (0,0) width 10 RTL: "\x{5D1}"
    RenderBlock {DIV} at (0,666) size 30x19
      RenderText {#text} at (0,0) size 12x19
        text run at (0,0) width 12 RTL: "\x{5E9}"
      RenderInline {SPAN} at (0,0) size 8x19
        RenderText {#text} at (12,0) size 8x19
          text run at (12,0) width 8: "b"
      RenderText {#text} at (20,0) size 7x19
        text run at (20,0) width 7: "c"
    RenderBlock {DIV} at (0,685) size 30x19
      RenderText {#text} at (0,0) size 7x19
        text run at (0,0) width 7: "a"
      RenderInline {SPAN} at (0,0) size 5x19
        RenderText {#text} at (7,0) size 5x19
          text run at (7,0) width 5: ")"
      RenderText {#text} at (12,0) size 5x19
        text run at (12,0) width 5: "("
    RenderBlock {DIV} at (0,704) size 30x19
      RenderText {#text} at (0,0) size 7x19
        text run at (0,0) width 7: "a"
      RenderInline {SPAN} at (0,0) size 5x19
        RenderText {#text} at (7,0) size 5x19
          text run at (7,0) width 5: ")"
      RenderText {#text} at (12,0) size 10x19
        text run at (12,0) width 10 RTL: "\x{5D1}"
    RenderBlock {DIV} at (0,723) size 30x19
      RenderText {#text} at (0,0) size 7x19
        text run at (0,0) width 7: "a"
      RenderInline {SPAN} at (0,0) size 5x19
        RenderText {#text} at (7,0) size 5x19
          text run at (7,0) width 5: ")"
      RenderText {#text} at (12,0) size 7x19
        text run at (12,0) width 7: "c"
    RenderBlock {DIV} at (0,742) size 30x19
      RenderText {#text} at (0,0) size 7x19
        text run at (0,0) width 7: "a"
      RenderInline {SPAN} at (0,0) size 6x19
        RenderText {#text} at (7,0) size 6x19
          text run at (7,0) width 6 RTL: "\x{5E0}"
      RenderText {#text} at (13,0) size 5x19
        text run at (13,0) width 5: "("
    RenderBlock {DIV} at (0,761) size 30x19
      RenderText {#text} at (0,0) size 7x19
        text run at (0,0) width 7: "a"
      RenderInline {SPAN} at (0,0) size 6x19
        RenderText {#text} at (7,0) size 6x19
          text run at (7,0) width 6 RTL: "\x{5E0}"
      RenderText {#text} at (13,0) size 10x19
        text run at (13,0) width 10 RTL: "\x{5D1}"
    RenderBlock {DIV} at (0,780) size 30x19
      RenderText {#text} at (0,0) size 7x19
        text run at (0,0) width 7: "a"
      RenderInline {SPAN} at (0,0) size 6x19
        RenderText {#text} at (7,0) size 6x19
          text run at (7,0) width 6 RTL: "\x{5E0}"
      RenderText {#text} at (13,0) size 7x19
        text run at (13,0) width 7: "c"
    RenderBlock {DIV} at (0,800) size 30x19
      RenderText {#text} at (0,0) size 7x19
        text run at (0,0) width 7: "a"
      RenderInline {SPAN} at (0,0) size 8x19
        RenderText {#text} at (7,0) size 8x19
          text run at (7,0) width 8: "b"
      RenderText {#text} at (15,0) size 5x19
        text run at (15,0) width 5: "("
    RenderBlock {DIV} at (0,819) size 30x19
      RenderText {#text} at (0,0) size 7x19
        text run at (0,0) width 7: "a"
      RenderInline {SPAN} at (0,0) size 8x19
        RenderText {#text} at (7,0) size 8x19
          text run at (7,0) width 8: "b"
      RenderText {#text} at (15,0) size 10x19
        text run at (15,0) width 10 RTL: "\x{5D1}"
    RenderBlock {DIV} at (0,838) size 30x19
      RenderText {#text} at (0,0) size 7x19
        text run at (0,0) width 7: "a"
      RenderInline {SPAN} at (0,0) size 8x19
        RenderText {#text} at (7,0) size 8x19
          text run at (7,0) width 8: "b"
      RenderText {#text} at (15,0) size 7x19
        text run at (15,0) width 7: "c"
    RenderBlock {DIV} at (0,857) size 30x19
      RenderText {#text} at (0,0) size 7x19
        text run at (0,0) width 7: "a"
      RenderInline {SPAN} at (0,0) size 5x19
        RenderText {#text} at (7,0) size 5x19
          text run at (7,0) width 5 RTL: ")"
      RenderText {#text} at (12,0) size 5x19
        text run at (12,0) width 5: "("
    RenderBlock {DIV} at (0,876) size 30x19
      RenderText {#text} at (0,0) size 7x19
        text run at (0,0) width 7: "a"
      RenderInline {SPAN} at (0,0) size 5x19
        RenderText {#text} at (7,0) size 5x19
          text run at (7,0) width 5 RTL: ")"
      RenderText {#text} at (12,0) size 10x19
        text run at (12,0) width 10 RTL: "\x{5D1}"
    RenderBlock {DIV} at (0,895) size 30x19
      RenderText {#text} at (0,0) size 7x19
        text run at (0,0) width 7: "a"
      RenderInline {SPAN} at (0,0) size 5x19
        RenderText {#text} at (7,0) size 5x19
          text run at (7,0) width 5 RTL: ")"
      RenderText {#text} at (12,0) size 7x19
        text run at (12,0) width 7: "c"
    RenderBlock {DIV} at (0,914) size 30x19
      RenderText {#text} at (0,0) size 7x19
        text run at (0,0) width 7: "a"
      RenderInline {SPAN} at (0,0) size 6x19
        RenderText {#text} at (7,0) size 6x19
          text run at (7,0) width 6 RTL: "\x{5E0}"
      RenderText {#text} at (13,0) size 5x19
        text run at (13,0) width 5: "("
    RenderBlock {DIV} at (0,933) size 30x19
      RenderText {#text} at (0,0) size 7x19
        text run at (0,0) width 7: "a"
      RenderInline {SPAN} at (0,0) size 6x19
        RenderText {#text} at (7,0) size 6x19
          text run at (7,0) width 6 RTL: "\x{5E0}"
      RenderText {#text} at (13,0) size 10x19
        text run at (13,0) width 10 RTL: "\x{5D1}"
    RenderBlock {DIV} at (0,952) size 30x19
      RenderText {#text} at (0,0) size 7x19
        text run at (0,0) width 7: "a"
      RenderInline {SPAN} at (0,0) size 6x19
        RenderText {#text} at (7,0) size 6x19
          text run at (7,0) width 6 RTL: "\x{5E0}"
      RenderText {#text} at (13,0) size 7x19
        text run at (13,0) width 7: "c"
    RenderBlock {DIV} at (0,971) size 30x19
      RenderText {#text} at (0,0) size 7x19
        text run at (0,0) width 7: "a"
      RenderInline {SPAN} at (0,0) size 8x19
        RenderText {#text} at (7,0) size 8x19
          text run at (7,0) width 8: "b"
      RenderText {#text} at (15,0) size 5x19
        text run at (15,0) width 5: "("
    RenderBlock {DIV} at (0,990) size 30x19
      RenderText {#text} at (0,0) size 7x19
        text run at (0,0) width 7: "a"
      RenderInline {SPAN} at (0,0) size 8x19
        RenderText {#text} at (7,0) size 8x19
          text run at (7,0) width 8: "b"
      RenderText {#text} at (15,0) size 10x19
        text run at (15,0) width 10 RTL: "\x{5D1}"
    RenderBlock {DIV} at (0,1009) size 30x19
      RenderText {#text} at (0,0) size 7x19
        text run at (0,0) width 7: "a"
      RenderInline {SPAN} at (0,0) size 8x19
        RenderText {#text} at (7,0) size 8x19
          text run at (7,0) width 8: "b"
      RenderText {#text} at (15,0) size 7x19
        text run at (15,0) width 7: "c"
    RenderBlock {DIV} at (0,1028) size 30x19
      RenderText {#text} at (25,0) size 5x19
        text run at (25,0) width 5 RTL: "\""
      RenderInline {SPAN} at (0,0) size 5x19
        RenderText {#text} at (20,0) size 5x19
          text run at (20,0) width 5: ")"
      RenderText {#text} at (15,0) size 5x19
        text run at (15,0) width 5 RTL: "("
    RenderBlock {DIV} at (0,1047) size 30x19
      RenderText {#text} at (25,0) size 5x19
        text run at (25,0) width 5 RTL: "\""
      RenderInline {SPAN} at (0,0) size 5x19
        RenderText {#text} at (20,0) size 5x19
          text run at (20,0) width 5: ")"
      RenderText {#text} at (10,0) size 10x19
        text run at (10,0) width 10 RTL: "\x{5D1}"
    RenderBlock {DIV} at (0,1066) size 30x19
      RenderText {#text} at (25,0) size 5x19
        text run at (25,0) width 5 RTL: "\""
      RenderInline {SPAN} at (0,0) size 5x19
        RenderText {#text} at (20,0) size 5x19
          text run at (20,0) width 5: ")"
      RenderText {#text} at (13,0) size 7x19
        text run at (13,0) width 7: "c"
    RenderBlock {DIV} at (0,1085) size 30x19
      RenderText {#text} at (25,0) size 5x19
        text run at (25,0) width 5 RTL: "\""
      RenderInline {SPAN} at (0,0) size 6x19
        RenderText {#text} at (19,0) size 6x19
          text run at (19,0) width 6 RTL: "\x{5E0}"
      RenderText {#text} at (14,0) size 5x19
        text run at (14,0) width 5 RTL: "("
    RenderBlock {DIV} at (0,1104) size 30x19
      RenderText {#text} at (25,0) size 5x19
        text run at (25,0) width 5 RTL: "\""
      RenderInline {SPAN} at (0,0) size 6x19
        RenderText {#text} at (19,0) size 6x19
          text run at (19,0) width 6 RTL: "\x{5E0}"
      RenderText {#text} at (9,0) size 10x19
        text run at (9,0) width 10 RTL: "\x{5D1}"
    RenderBlock {DIV} at (0,1123) size 30x19
      RenderText {#text} at (25,0) size 5x19
        text run at (25,0) width 5 RTL: "\""
      RenderInline {SPAN} at (0,0) size 6x19
        RenderText {#text} at (19,0) size 6x19
          text run at (19,0) width 6 RTL: "\x{5E0}"
      RenderText {#text} at (12,0) size 7x19
        text run at (12,0) width 7: "c"
    RenderBlock {DIV} at (0,1142) size 30x19
      RenderText {#text} at (25,0) size 5x19
        text run at (25,0) width 5 RTL: "\""
      RenderInline {SPAN} at (0,0) size 8x19
        RenderText {#text} at (17,0) size 8x19
          text run at (17,0) width 8: "b"
      RenderText {#text} at (12,0) size 5x19
        text run at (12,0) width 5 RTL: "("
    RenderBlock {DIV} at (0,1161) size 30x19
      RenderText {#text} at (25,0) size 5x19
        text run at (25,0) width 5 RTL: "\""
      RenderInline {SPAN} at (0,0) size 8x19
        RenderText {#text} at (17,0) size 8x19
          text run at (17,0) width 8: "b"
      RenderText {#text} at (7,0) size 10x19
        text run at (7,0) width 10 RTL: "\x{5D1}"
    RenderBlock {DIV} at (0,1180) size 30x19
      RenderText {#text} at (25,0) size 5x19
        text run at (25,0) width 5 RTL: "\""
      RenderInline {SPAN} at (0,0) size 8x19
        RenderText {#text} at (17,0) size 8x19
          text run at (17,0) width 8: "b"
      RenderText {#text} at (10,0) size 7x19
        text run at (10,0) width 7: "c"
    RenderBlock {DIV} at (0,1200) size 30x19
      RenderText {#text} at (25,0) size 5x19
        text run at (25,0) width 5 RTL: "\""
      RenderInline {SPAN} at (0,0) size 5x19
        RenderText {#text} at (20,0) size 5x19
          text run at (20,0) width 5 RTL: ")"
      RenderText {#text} at (15,0) size 5x19
        text run at (15,0) width 5 RTL: "("
    RenderBlock {DIV} at (0,1219) size 30x19
      RenderText {#text} at (25,0) size 5x19
        text run at (25,0) width 5 RTL: "\""
      RenderInline {SPAN} at (0,0) size 5x19
        RenderText {#text} at (20,0) size 5x19
          text run at (20,0) width 5 RTL: ")"
      RenderText {#text} at (10,0) size 10x19
        text run at (10,0) width 10 RTL: "\x{5D1}"
    RenderBlock {DIV} at (0,1238) size 30x19
      RenderText {#text} at (25,0) size 5x19
        text run at (25,0) width 5 RTL: "\""
      RenderInline {SPAN} at (0,0) size 5x19
        RenderText {#text} at (20,0) size 5x19
          text run at (20,0) width 5 RTL: ")"
      RenderText {#text} at (13,0) size 7x19
        text run at (13,0) width 7: "c"
    RenderBlock {DIV} at (0,1257) size 30x19
      RenderText {#text} at (25,0) size 5x19
        text run at (25,0) width 5 RTL: "\""
      RenderInline {SPAN} at (0,0) size 6x19
        RenderText {#text} at (19,0) size 6x19
          text run at (19,0) width 6 RTL: "\x{5E0}"
      RenderText {#text} at (14,0) size 5x19
        text run at (14,0) width 5 RTL: "("
    RenderBlock {DIV} at (0,1276) size 30x19
      RenderText {#text} at (25,0) size 5x19
        text run at (25,0) width 5 RTL: "\""
      RenderInline {SPAN} at (0,0) size 6x19
        RenderText {#text} at (19,0) size 6x19
          text run at (19,0) width 6 RTL: "\x{5E0}"
      RenderText {#text} at (9,0) size 10x19
        text run at (9,0) width 10 RTL: "\x{5D1}"
    RenderBlock {DIV} at (0,1295) size 30x19
      RenderText {#text} at (25,0) size 5x19
        text run at (25,0) width 5 RTL: "\""
      RenderInline {SPAN} at (0,0) size 6x19
        RenderText {#text} at (19,0) size 6x19
          text run at (19,0) width 6 RTL: "\x{5E0}"
      RenderText {#text} at (12,0) size 7x19
        text run at (12,0) width 7: "c"
    RenderBlock {DIV} at (0,1314) size 30x19
      RenderText {#text} at (25,0) size 5x19
        text run at (25,0) width 5 RTL: "\""
      RenderInline {SPAN} at (0,0) size 8x19
        RenderText {#text} at (17,0) size 8x19
          text run at (17,0) width 8: "b"
      RenderText {#text} at (12,0) size 5x19
        text run at (12,0) width 5 RTL: "("
    RenderBlock {DIV} at (0,1333) size 30x19
      RenderText {#text} at (25,0) size 5x19
        text run at (25,0) width 5 RTL: "\""
      RenderInline {SPAN} at (0,0) size 8x19
        RenderText {#text} at (17,0) size 8x19
          text run at (17,0) width 8: "b"
      RenderText {#text} at (7,0) size 10x19
        text run at (7,0) width 10 RTL: "\x{5D1}"
    RenderBlock {DIV} at (0,1352) size 30x19
      RenderText {#text} at (25,0) size 5x19
        text run at (25,0) width 5 RTL: "\""
      RenderInline {SPAN} at (0,0) size 8x19
        RenderText {#text} at (17,0) size 8x19
          text run at (17,0) width 8: "b"
      RenderText {#text} at (10,0) size 7x19
        text run at (10,0) width 7: "c"
    RenderBlock {DIV} at (0,1371) size 30x19
      RenderText {#text} at (18,0) size 12x19
        text run at (18,0) width 12 RTL: "\x{5E9}"
      RenderInline {SPAN} at (0,0) size 5x19
        RenderText {#text} at (13,0) size 5x19
          text run at (13,0) width 5: ")"
      RenderText {#text} at (8,0) size 5x19
        text run at (8,0) width 5 RTL: "("
    RenderBlock {DIV} at (0,1390) size 30x19
      RenderText {#text} at (18,0) size 12x19
        text run at (18,0) width 12 RTL: "\x{5E9}"
      RenderInline {SPAN} at (0,0) size 5x19
        RenderText {#text} at (13,0) size 5x19
          text run at (13,0) width 5: ")"
      RenderText {#text} at (3,0) size 10x19
        text run at (3,0) width 10 RTL: "\x{5D1}"
    RenderBlock {DIV} at (0,1409) size 30x19
      RenderText {#text} at (18,0) size 12x19
        text run at (18,0) width 12 RTL: "\x{5E9}"
      RenderInline {SPAN} at (0,0) size 5x19
        RenderText {#text} at (13,0) size 5x19
          text run at (13,0) width 5: ")"
      RenderText {#text} at (6,0) size 7x19
        text run at (6,0) width 7: "c"
    RenderBlock {DIV} at (0,1428) size 30x19
      RenderText {#text} at (18,0) size 12x19
        text run at (18,0) width 12 RTL: "\x{5E9}"
      RenderInline {SPAN} at (0,0) size 6x19
        RenderText {#text} at (12,0) size 6x19
          text run at (12,0) width 6 RTL: "\x{5E0}"
      RenderText {#text} at (7,0) size 5x19
        text run at (7,0) width 5 RTL: "("
    RenderBlock {DIV} at (0,1447) size 30x19
      RenderText {#text} at (18,0) size 12x19
        text run at (18,0) width 12 RTL: "\x{5E9}"
      RenderInline {SPAN} at (0,0) size 6x19
        RenderText {#text} at (12,0) size 6x19
          text run at (12,0) width 6 RTL: "\x{5E0}"
      RenderText {#text} at (2,0) size 10x19
        text run at (2,0) width 10 RTL: "\x{5D1}"
    RenderBlock {DIV} at (0,1466) size 30x19
      RenderText {#text} at (18,0) size 12x19
        text run at (18,0) width 12 RTL: "\x{5E9}"
      RenderInline {SPAN} at (0,0) size 6x19
        RenderText {#text} at (12,0) size 6x19
          text run at (12,0) width 6 RTL: "\x{5E0}"
      RenderText {#text} at (5,0) size 7x19
        text run at (5,0) width 7: "c"
    RenderBlock {DIV} at (0,1485) size 30x19
      RenderText {#text} at (18,0) size 12x19
        text run at (18,0) width 12 RTL: "\x{5E9}"
      RenderInline {SPAN} at (0,0) size 8x19
        RenderText {#text} at (10,0) size 8x19
          text run at (10,0) width 8: "b"
      RenderText {#text} at (5,0) size 5x19
        text run at (5,0) width 5 RTL: "("
    RenderBlock {DIV} at (0,1504) size 30x19
      RenderText {#text} at (18,0) size 12x19
        text run at (18,0) width 12 RTL: "\x{5E9}"
      RenderInline {SPAN} at (0,0) size 8x19
        RenderText {#text} at (10,0) size 8x19
          text run at (10,0) width 8: "b"
      RenderText {#text} at (0,0) size 10x19
        text run at (0,0) width 10 RTL: "\x{5D1}"
    RenderBlock {DIV} at (0,1523) size 30x19
      RenderText {#text} at (18,0) size 12x19
        text run at (18,0) width 12 RTL: "\x{5E9}"
      RenderInline {SPAN} at (0,0) size 8x19
        RenderText {#text} at (10,0) size 8x19
          text run at (10,0) width 8: "b"
      RenderText {#text} at (3,0) size 7x19
        text run at (3,0) width 7: "c"
    RenderBlock {DIV} at (0,1542) size 30x19
      RenderText {#text} at (18,0) size 12x19
        text run at (18,0) width 12 RTL: "\x{5E9}"
      RenderInline {SPAN} at (0,0) size 5x19
        RenderText {#text} at (13,0) size 5x19
          text run at (13,0) width 5 RTL: ")"
      RenderText {#text} at (8,0) size 5x19
        text run at (8,0) width 5 RTL: "("
    RenderBlock {DIV} at (0,1561) size 30x19
      RenderText {#text} at (18,0) size 12x19
        text run at (18,0) width 12 RTL: "\x{5E9}"
      RenderInline {SPAN} at (0,0) size 5x19
        RenderText {#text} at (13,0) size 5x19
          text run at (13,0) width 5 RTL: ")"
      RenderText {#text} at (3,0) size 10x19
        text run at (3,0) width 10 RTL: "\x{5D1}"
    RenderBlock {DIV} at (0,1580) size 30x19
      RenderText {#text} at (18,0) size 12x19
        text run at (18,0) width 12 RTL: "\x{5E9}"
      RenderInline {SPAN} at (0,0) size 5x19
        RenderText {#text} at (13,0) size 5x19
          text run at (13,0) width 5 RTL: ")"
      RenderText {#text} at (6,0) size 7x19
        text run at (6,0) width 7: "c"
    RenderBlock {DIV} at (0,1600) size 30x19
      RenderText {#text} at (18,0) size 12x19
        text run at (18,0) width 12 RTL: "\x{5E9}"
      RenderInline {SPAN} at (0,0) size 6x19
        RenderText {#text} at (12,0) size 6x19
          text run at (12,0) width 6 RTL: "\x{5E0}"
      RenderText {#text} at (7,0) size 5x19
        text run at (7,0) width 5 RTL: "("
    RenderBlock {DIV} at (0,1619) size 30x19
      RenderText {#text} at (18,0) size 12x19
        text run at (18,0) width 12 RTL: "\x{5E9}"
      RenderInline {SPAN} at (0,0) size 6x19
        RenderText {#text} at (12,0) size 6x19
          text run at (12,0) width 6 RTL: "\x{5E0}"
      RenderText {#text} at (2,0) size 10x19
        text run at (2,0) width 10 RTL: "\x{5D1}"
    RenderBlock {DIV} at (0,1638) size 30x19
      RenderText {#text} at (18,0) size 12x19
        text run at (18,0) width 12 RTL: "\x{5E9}"
      RenderInline {SPAN} at (0,0) size 6x19
        RenderText {#text} at (12,0) size 6x19
          text run at (12,0) width 6 RTL: "\x{5E0}"
      RenderText {#text} at (5,0) size 7x19
        text run at (5,0) width 7: "c"
    RenderBlock {DIV} at (0,1657) size 30x19
      RenderText {#text} at (18,0) size 12x19
        text run at (18,0) width 12 RTL: "\x{5E9}"
      RenderInline {SPAN} at (0,0) size 8x19
        RenderText {#text} at (10,0) size 8x19
          text run at (10,0) width 8: "b"
      RenderText {#text} at (5,0) size 5x19
        text run at (5,0) width 5 RTL: "("
    RenderBlock {DIV} at (0,1676) size 30x19
      RenderText {#text} at (18,0) size 12x19
        text run at (18,0) width 12 RTL: "\x{5E9}"
      RenderInline {SPAN} at (0,0) size 8x19
        RenderText {#text} at (10,0) size 8x19
          text run at (10,0) width 8: "b"
      RenderText {#text} at (0,0) size 10x19
        text run at (0,0) width 10 RTL: "\x{5D1}"
    RenderBlock {DIV} at (0,1695) size 30x19
      RenderText {#text} at (18,0) size 12x19
        text run at (18,0) width 12 RTL: "\x{5E9}"
      RenderInline {SPAN} at (0,0) size 8x19
        RenderText {#text} at (10,0) size 8x19
          text run at (10,0) width 8: "b"
      RenderText {#text} at (3,0) size 7x19
        text run at (3,0) width 7: "c"
    RenderBlock {DIV} at (0,1714) size 30x19
      RenderText {#text} at (23,0) size 7x19
        text run at (23,0) width 7: "a"
      RenderInline {SPAN} at (0,0) size 5x19
        RenderText {#text} at (18,0) size 5x19
          text run at (18,0) width 5: ")"
      RenderText {#text} at (13,0) size 5x19
        text run at (13,0) width 5 RTL: "("
    RenderBlock {DIV} at (0,1733) size 30x19
      RenderText {#text} at (23,0) size 7x19
        text run at (23,0) width 7: "a"
      RenderInline {SPAN} at (0,0) size 5x19
        RenderText {#text} at (18,0) size 5x19
          text run at (18,0) width 5: ")"
      RenderText {#text} at (8,0) size 10x19
        text run at (8,0) width 10 RTL: "\x{5D1}"
    RenderBlock {DIV} at (0,1752) size 30x19
      RenderText {#text} at (11,0) size 7x19
        text run at (11,0) width 7: "a"
      RenderInline {SPAN} at (0,0) size 5x19
        RenderText {#text} at (18,0) size 5x19
          text run at (18,0) width 5: ")"
      RenderText {#text} at (23,0) size 7x19
        text run at (23,0) width 7: "c"
    RenderBlock {DIV} at (0,1771) size 30x19
      RenderText {#text} at (23,0) size 7x19
        text run at (23,0) width 7: "a"
      RenderInline {SPAN} at (0,0) size 6x19
        RenderText {#text} at (17,0) size 6x19
          text run at (17,0) width 6 RTL: "\x{5E0}"
      RenderText {#text} at (12,0) size 5x19
        text run at (12,0) width 5 RTL: "("
    RenderBlock {DIV} at (0,1790) size 30x19
      RenderText {#text} at (23,0) size 7x19
        text run at (23,0) width 7: "a"
      RenderInline {SPAN} at (0,0) size 6x19
        RenderText {#text} at (17,0) size 6x19
          text run at (17,0) width 6 RTL: "\x{5E0}"
      RenderText {#text} at (7,0) size 10x19
        text run at (7,0) width 10 RTL: "\x{5D1}"
    RenderBlock {DIV} at (0,1809) size 30x19
      RenderText {#text} at (10,0) size 7x19
        text run at (10,0) width 7: "a"
      RenderInline {SPAN} at (0,0) size 6x19
        RenderText {#text} at (17,0) size 6x19
          text run at (17,0) width 6 RTL: "\x{5E0}"
      RenderText {#text} at (23,0) size 7x19
        text run at (23,0) width 7: "c"
    RenderBlock {DIV} at (0,1828) size 30x19
      RenderText {#text} at (23,0) size 7x19
        text run at (23,0) width 7: "a"
      RenderInline {SPAN} at (0,0) size 8x19
        RenderText {#text} at (15,0) size 8x19
          text run at (15,0) width 8: "b"
      RenderText {#text} at (10,0) size 5x19
        text run at (10,0) width 5 RTL: "("
    RenderBlock {DIV} at (0,1847) size 30x19
      RenderText {#text} at (23,0) size 7x19
        text run at (23,0) width 7: "a"
      RenderInline {SPAN} at (0,0) size 8x19
        RenderText {#text} at (15,0) size 8x19
          text run at (15,0) width 8: "b"
      RenderText {#text} at (5,0) size 10x19
        text run at (5,0) width 10 RTL: "\x{5D1}"
    RenderBlock {DIV} at (0,1866) size 30x19
      RenderText {#text} at (8,0) size 7x19
        text run at (8,0) width 7: "a"
      RenderInline {SPAN} at (0,0) size 8x19
        RenderText {#text} at (15,0) size 8x19
          text run at (15,0) width 8: "b"
      RenderText {#text} at (23,0) size 7x19
        text run at (23,0) width 7: "c"
    RenderBlock {DIV} at (0,1885) size 30x19
      RenderText {#text} at (23,0) size 7x19
        text run at (23,0) width 7: "a"
      RenderInline {SPAN} at (0,0) size 5x19
        RenderText {#text} at (18,0) size 5x19
          text run at (18,0) width 5 RTL: ")"
      RenderText {#text} at (13,0) size 5x19
        text run at (13,0) width 5 RTL: "("
    RenderBlock {DIV} at (0,1904) size 30x19
      RenderText {#text} at (23,0) size 7x19
        text run at (23,0) width 7: "a"
      RenderInline {SPAN} at (0,0) size 5x19
        RenderText {#text} at (18,0) size 5x19
          text run at (18,0) width 5 RTL: ")"
      RenderText {#text} at (8,0) size 10x19
        text run at (8,0) width 10 RTL: "\x{5D1}"
    RenderBlock {DIV} at (0,1923) size 30x19
      RenderText {#text} at (11,0) size 7x19
        text run at (11,0) width 7: "a"
      RenderInline {SPAN} at (0,0) size 5x19
        RenderText {#text} at (18,0) size 5x19
          text run at (18,0) width 5 RTL: ")"
      RenderText {#text} at (23,0) size 7x19
        text run at (23,0) width 7: "c"
    RenderBlock {DIV} at (0,1942) size 30x19
      RenderText {#text} at (23,0) size 7x19
        text run at (23,0) width 7: "a"
      RenderInline {SPAN} at (0,0) size 6x19
        RenderText {#text} at (17,0) size 6x19
          text run at (17,0) width 6 RTL: "\x{5E0}"
      RenderText {#text} at (12,0) size 5x19
        text run at (12,0) width 5 RTL: "("
    RenderBlock {DIV} at (0,1961) size 30x19
      RenderText {#text} at (23,0) size 7x19
        text run at (23,0) width 7: "a"
      RenderInline {SPAN} at (0,0) size 6x19
        RenderText {#text} at (17,0) size 6x19
          text run at (17,0) width 6 RTL: "\x{5E0}"
      RenderText {#text} at (7,0) size 10x19
        text run at (7,0) width 10 RTL: "\x{5D1}"
    RenderBlock {DIV} at (0,1980) size 30x19
      RenderText {#text} at (10,0) size 7x19
        text run at (10,0) width 7: "a"
      RenderInline {SPAN} at (0,0) size 6x19
        RenderText {#text} at (17,0) size 6x19
          text run at (17,0) width 6 RTL: "\x{5E0}"
      RenderText {#text} at (23,0) size 7x19
        text run at (23,0) width 7: "c"
    RenderBlock {DIV} at (0,2000) size 30x19
      RenderText {#text} at (23,0) size 7x19
        text run at (23,0) width 7: "a"
      RenderInline {SPAN} at (0,0) size 8x19
        RenderText {#text} at (15,0) size 8x19
          text run at (15,0) width 8: "b"
      RenderText {#text} at (10,0) size 5x19
        text run at (10,0) width 5 RTL: "("
    RenderBlock {DIV} at (0,2019) size 30x19
      RenderText {#text} at (23,0) size 7x19
        text run at (23,0) width 7: "a"
      RenderInline {SPAN} at (0,0) size 8x19
        RenderText {#text} at (15,0) size 8x19
          text run at (15,0) width 8: "b"
      RenderText {#text} at (5,0) size 10x19
        text run at (5,0) width 10 RTL: "\x{5D1}"
    RenderBlock {DIV} at (0,2038) size 30x19
      RenderText {#text} at (8,0) size 7x19
        text run at (8,0) width 7: "a"
      RenderInline {SPAN} at (0,0) size 8x19
        RenderText {#text} at (15,0) size 8x19
          text run at (15,0) width 8: "b"
      RenderText {#text} at (23,0) size 7x19
        text run at (23,0) width 7: "c"
layer at (8,65) size 30x400
  RenderBlock (positioned) {DIV} at (0,0) size 30x400 [color=#008000]
    RenderBlock {DIV} at (0,0) size 30x19
      RenderText {#text} at (0,0) size 5x19
        text run at (0,0) width 5: "\""
      RenderBlock {SPAN} at (5,0) size 5x19
        RenderText {#text} at (0,0) size 5x19
          text run at (0,0) width 5: ")"
      RenderText {#text} at (10,0) size 5x19
        text run at (10,0) width 5: "("
    RenderBlock {DIV} at (0,19) size 30x19
      RenderText {#text} at (0,0) size 5x19
        text run at (0,0) width 5: "\""
      RenderBlock {SPAN} at (5,0) size 5x19
        RenderText {#text} at (0,0) size 5x19
          text run at (0,0) width 5: ")"
      RenderText {#text} at (10,0) size 10x19
        text run at (10,0) width 10 RTL: "\x{5D1}"
    RenderBlock {DIV} at (0,38) size 30x19
      RenderText {#text} at (0,0) size 5x19
        text run at (0,0) width 5: "\""
      RenderBlock {SPAN} at (5,0) size 5x19
        RenderText {#text} at (0,0) size 5x19
          text run at (0,0) width 5: ")"
      RenderText {#text} at (10,0) size 7x19
        text run at (10,0) width 7: "c"
    RenderBlock {DIV} at (0,57) size 30x19
      RenderText {#text} at (0,0) size 5x19
        text run at (0,0) width 5: "\""
      RenderBlock {SPAN} at (5,0) size 6x19
        RenderText {#text} at (0,0) size 6x19
          text run at (0,0) width 6 RTL: "\x{5E0}"
      RenderText {#text} at (11,0) size 5x19
        text run at (11,0) width 5: "("
    RenderBlock {DIV} at (0,76) size 30x19
      RenderText {#text} at (0,0) size 5x19
        text run at (0,0) width 5: "\""
      RenderBlock {SPAN} at (5,0) size 6x19
        RenderText {#text} at (0,0) size 6x19
          text run at (0,0) width 6 RTL: "\x{5E0}"
      RenderText {#text} at (11,0) size 10x19
        text run at (11,0) width 10 RTL: "\x{5D1}"
    RenderBlock {DIV} at (0,95) size 30x19
      RenderText {#text} at (0,0) size 5x19
        text run at (0,0) width 5: "\""
      RenderBlock {SPAN} at (5,0) size 6x19
        RenderText {#text} at (0,0) size 6x19
          text run at (0,0) width 6 RTL: "\x{5E0}"
      RenderText {#text} at (11,0) size 7x19
        text run at (11,0) width 7: "c"
    RenderBlock {DIV} at (0,114) size 30x19
      RenderText {#text} at (0,0) size 5x19
        text run at (0,0) width 5: "\""
      RenderBlock {SPAN} at (5,0) size 8x19
        RenderText {#text} at (0,0) size 8x19
          text run at (0,0) width 8: "b"
      RenderText {#text} at (13,0) size 5x19
        text run at (13,0) width 5: "("
    RenderBlock {DIV} at (0,133) size 30x19
      RenderText {#text} at (0,0) size 5x19
        text run at (0,0) width 5: "\""
      RenderBlock {SPAN} at (5,0) size 8x19
        RenderText {#text} at (0,0) size 8x19
          text run at (0,0) width 8: "b"
      RenderText {#text} at (13,0) size 10x19
        text run at (13,0) width 10 RTL: "\x{5D1}"
    RenderBlock {DIV} at (0,152) size 30x19
      RenderText {#text} at (0,0) size 5x19
        text run at (0,0) width 5: "\""
      RenderBlock {SPAN} at (5,0) size 8x19
        RenderText {#text} at (0,0) size 8x19
          text run at (0,0) width 8: "b"
      RenderText {#text} at (13,0) size 7x19
        text run at (13,0) width 7: "c"
    RenderBlock {DIV} at (0,171) size 30x19
      RenderText {#text} at (0,0) size 5x19
        text run at (0,0) width 5: "\""
      RenderBlock {SPAN} at (5,0) size 5x19
        RenderText {#text} at (0,0) size 5x19
          text run at (0,0) width 5 RTL: ")"
      RenderText {#text} at (10,0) size 5x19
        text run at (10,0) width 5: "("
    RenderBlock {DIV} at (0,190) size 30x19
      RenderText {#text} at (0,0) size 5x19
        text run at (0,0) width 5: "\""
      RenderBlock {SPAN} at (5,0) size 5x19
        RenderText {#text} at (0,0) size 5x19
          text run at (0,0) width 5 RTL: ")"
      RenderText {#text} at (10,0) size 10x19
        text run at (10,0) width 10 RTL: "\x{5D1}"
    RenderBlock {DIV} at (0,209) size 30x19
      RenderText {#text} at (0,0) size 5x19
        text run at (0,0) width 5: "\""
      RenderBlock {SPAN} at (5,0) size 5x19
        RenderText {#text} at (0,0) size 5x19
          text run at (0,0) width 5 RTL: ")"
      RenderText {#text} at (10,0) size 7x19
        text run at (10,0) width 7: "c"
    RenderBlock {DIV} at (0,228) size 30x19
      RenderText {#text} at (0,0) size 5x19
        text run at (0,0) width 5: "\""
      RenderBlock {SPAN} at (5,0) size 6x19
        RenderText {#text} at (0,0) size 6x19
          text run at (0,0) width 6 RTL: "\x{5E0}"
      RenderText {#text} at (11,0) size 5x19
        text run at (11,0) width 5: "("
    RenderBlock {DIV} at (0,247) size 30x19
      RenderText {#text} at (0,0) size 5x19
        text run at (0,0) width 5: "\""
      RenderBlock {SPAN} at (5,0) size 6x19
        RenderText {#text} at (0,0) size 6x19
          text run at (0,0) width 6 RTL: "\x{5E0}"
      RenderText {#text} at (11,0) size 10x19
        text run at (11,0) width 10 RTL: "\x{5D1}"
    RenderBlock {DIV} at (0,266) size 30x19
      RenderText {#text} at (0,0) size 5x19
        text run at (0,0) width 5: "\""
      RenderBlock {SPAN} at (5,0) size 6x19
        RenderText {#text} at (0,0) size 6x19
          text run at (0,0) width 6 RTL: "\x{5E0}"
      RenderText {#text} at (11,0) size 7x19
        text run at (11,0) width 7: "c"
    RenderBlock {DIV} at (0,285) size 30x19
      RenderText {#text} at (0,0) size 5x19
        text run at (0,0) width 5: "\""
      RenderBlock {SPAN} at (5,0) size 8x19
        RenderText {#text} at (0,0) size 8x19
          text run at (0,0) width 8: "b"
      RenderText {#text} at (13,0) size 5x19
        text run at (13,0) width 5: "("
    RenderBlock {DIV} at (0,304) size 30x19
      RenderText {#text} at (0,0) size 5x19
        text run at (0,0) width 5: "\""
      RenderBlock {SPAN} at (5,0) size 8x19
        RenderText {#text} at (0,0) size 8x19
          text run at (0,0) width 8: "b"
      RenderText {#text} at (13,0) size 10x19
        text run at (13,0) width 10 RTL: "\x{5D1}"
    RenderBlock {DIV} at (0,323) size 30x19
      RenderText {#text} at (0,0) size 5x19
        text run at (0,0) width 5: "\""
      RenderBlock {SPAN} at (5,0) size 8x19
        RenderText {#text} at (0,0) size 8x19
          text run at (0,0) width 8: "b"
      RenderText {#text} at (13,0) size 7x19
        text run at (13,0) width 7: "c"
    RenderBlock {DIV} at (0,342) size 30x19
      RenderText {#text} at (0,0) size 12x19
        text run at (0,0) width 12 RTL: "\x{5E9}"
      RenderBlock {SPAN} at (12,0) size 5x19
        RenderText {#text} at (0,0) size 5x19
          text run at (0,0) width 5: ")"
      RenderText {#text} at (17,0) size 5x19
        text run at (17,0) width 5: "("
    RenderBlock {DIV} at (0,361) size 30x19
      RenderText {#text} at (15,0) size 12x19
        text run at (15,0) width 12 RTL: "\x{5E9}"
      RenderBlock {SPAN} at (10,0) size 5x19
        RenderText {#text} at (0,0) size 5x19
          text run at (0,0) width 5: ")"
      RenderText {#text} at (0,0) size 10x19
        text run at (0,0) width 10 RTL: "\x{5D1}"
    RenderBlock {DIV} at (0,380) size 30x19
      RenderText {#text} at (0,0) size 12x19
        text run at (0,0) width 12 RTL: "\x{5E9}"
      RenderBlock {SPAN} at (12,0) size 5x19
        RenderText {#text} at (0,0) size 5x19
          text run at (0,0) width 5: ")"
      RenderText {#text} at (17,0) size 7x19
        text run at (17,0) width 7: "c"
    RenderBlock {DIV} at (0,400) size 30x19
      RenderText {#text} at (0,0) size 12x19
        text run at (0,0) width 12 RTL: "\x{5E9}"
      RenderBlock {SPAN} at (12,0) size 6x19
        RenderText {#text} at (0,0) size 6x19
          text run at (0,0) width 6 RTL: "\x{5E0}"
      RenderText {#text} at (18,0) size 5x19
        text run at (18,0) width 5: "("
    RenderBlock {DIV} at (0,419) size 30x19
      RenderText {#text} at (16,0) size 12x19
        text run at (16,0) width 12 RTL: "\x{5E9}"
      RenderBlock {SPAN} at (10,0) size 6x19
        RenderText {#text} at (0,0) size 6x19
          text run at (0,0) width 6 RTL: "\x{5E0}"
      RenderText {#text} at (0,0) size 10x19
        text run at (0,0) width 10 RTL: "\x{5D1}"
    RenderBlock {DIV} at (0,438) size 30x19
      RenderText {#text} at (0,0) size 12x19
        text run at (0,0) width 12 RTL: "\x{5E9}"
      RenderBlock {SPAN} at (12,0) size 6x19
        RenderText {#text} at (0,0) size 6x19
          text run at (0,0) width 6 RTL: "\x{5E0}"
      RenderText {#text} at (18,0) size 7x19
        text run at (18,0) width 7: "c"
    RenderBlock {DIV} at (0,457) size 30x19
      RenderText {#text} at (0,0) size 12x19
        text run at (0,0) width 12 RTL: "\x{5E9}"
      RenderBlock {SPAN} at (12,0) size 8x19
        RenderText {#text} at (0,0) size 8x19
          text run at (0,0) width 8: "b"
      RenderText {#text} at (20,0) size 5x19
        text run at (20,0) width 5: "("
    RenderBlock {DIV} at (0,476) size 30x19
      RenderText {#text} at (18,0) size 12x19
        text run at (18,0) width 12 RTL: "\x{5E9}"
      RenderBlock {SPAN} at (10,0) size 8x19
        RenderText {#text} at (0,0) size 8x19
          text run at (0,0) width 8: "b"
      RenderText {#text} at (0,0) size 10x19
        text run at (0,0) width 10 RTL: "\x{5D1}"
    RenderBlock {DIV} at (0,495) size 30x19
      RenderText {#text} at (0,0) size 12x19
        text run at (0,0) width 12 RTL: "\x{5E9}"
      RenderBlock {SPAN} at (12,0) size 8x19
        RenderText {#text} at (0,0) size 8x19
          text run at (0,0) width 8: "b"
      RenderText {#text} at (20,0) size 7x19
        text run at (20,0) width 7: "c"
    RenderBlock {DIV} at (0,514) size 30x19
      RenderText {#text} at (0,0) size 12x19
        text run at (0,0) width 12 RTL: "\x{5E9}"
      RenderBlock {SPAN} at (12,0) size 5x19
        RenderText {#text} at (0,0) size 5x19
          text run at (0,0) width 5 RTL: ")"
      RenderText {#text} at (17,0) size 5x19
        text run at (17,0) width 5: "("
    RenderBlock {DIV} at (0,533) size 30x19
      RenderText {#text} at (15,0) size 12x19
        text run at (15,0) width 12 RTL: "\x{5E9}"
      RenderBlock {SPAN} at (10,0) size 5x19
        RenderText {#text} at (0,0) size 5x19
          text run at (0,0) width 5 RTL: ")"
      RenderText {#text} at (0,0) size 10x19
        text run at (0,0) width 10 RTL: "\x{5D1}"
    RenderBlock {DIV} at (0,552) size 30x19
      RenderText {#text} at (0,0) size 12x19
        text run at (0,0) width 12 RTL: "\x{5E9}"
      RenderBlock {SPAN} at (12,0) size 5x19
        RenderText {#text} at (0,0) size 5x19
          text run at (0,0) width 5 RTL: ")"
      RenderText {#text} at (17,0) size 7x19
        text run at (17,0) width 7: "c"
    RenderBlock {DIV} at (0,571) size 30x19
      RenderText {#text} at (0,0) size 12x19
        text run at (0,0) width 12 RTL: "\x{5E9}"
      RenderBlock {SPAN} at (12,0) size 6x19
        RenderText {#text} at (0,0) size 6x19
          text run at (0,0) width 6 RTL: "\x{5E0}"
      RenderText {#text} at (18,0) size 5x19
        text run at (18,0) width 5: "("
    RenderBlock {DIV} at (0,590) size 30x19
      RenderText {#text} at (16,0) size 12x19
        text run at (16,0) width 12 RTL: "\x{5E9}"
      RenderBlock {SPAN} at (10,0) size 6x19
        RenderText {#text} at (0,0) size 6x19
          text run at (0,0) width 6 RTL: "\x{5E0}"
      RenderText {#text} at (0,0) size 10x19
        text run at (0,0) width 10 RTL: "\x{5D1}"
    RenderBlock {DIV} at (0,609) size 30x19
      RenderText {#text} at (0,0) size 12x19
        text run at (0,0) width 12 RTL: "\x{5E9}"
      RenderBlock {SPAN} at (12,0) size 6x19
        RenderText {#text} at (0,0) size 6x19
          text run at (0,0) width 6 RTL: "\x{5E0}"
      RenderText {#text} at (18,0) size 7x19
        text run at (18,0) width 7: "c"
    RenderBlock {DIV} at (0,628) size 30x19
      RenderText {#text} at (0,0) size 12x19
        text run at (0,0) width 12 RTL: "\x{5E9}"
      RenderBlock {SPAN} at (12,0) size 8x19
        RenderText {#text} at (0,0) size 8x19
          text run at (0,0) width 8: "b"
      RenderText {#text} at (20,0) size 5x19
        text run at (20,0) width 5: "("
    RenderBlock {DIV} at (0,647) size 30x19
      RenderText {#text} at (18,0) size 12x19
        text run at (18,0) width 12 RTL: "\x{5E9}"
      RenderBlock {SPAN} at (10,0) size 8x19
        RenderText {#text} at (0,0) size 8x19
          text run at (0,0) width 8: "b"
      RenderText {#text} at (0,0) size 10x19
        text run at (0,0) width 10 RTL: "\x{5D1}"
    RenderBlock {DIV} at (0,666) size 30x19
      RenderText {#text} at (0,0) size 12x19
        text run at (0,0) width 12 RTL: "\x{5E9}"
      RenderBlock {SPAN} at (12,0) size 8x19
        RenderText {#text} at (0,0) size 8x19
          text run at (0,0) width 8: "b"
      RenderText {#text} at (20,0) size 7x19
        text run at (20,0) width 7: "c"
    RenderBlock {DIV} at (0,685) size 30x19
      RenderText {#text} at (0,0) size 7x19
        text run at (0,0) width 7: "a"
      RenderBlock {SPAN} at (7,0) size 5x19
        RenderText {#text} at (0,0) size 5x19
          text run at (0,0) width 5: ")"
      RenderText {#text} at (12,0) size 5x19
        text run at (12,0) width 5: "("
    RenderBlock {DIV} at (0,704) size 30x19
      RenderText {#text} at (0,0) size 7x19
        text run at (0,0) width 7: "a"
      RenderBlock {SPAN} at (7,0) size 5x19
        RenderText {#text} at (0,0) size 5x19
          text run at (0,0) width 5: ")"
      RenderText {#text} at (12,0) size 10x19
        text run at (12,0) width 10 RTL: "\x{5D1}"
    RenderBlock {DIV} at (0,723) size 30x19
      RenderText {#text} at (0,0) size 7x19
        text run at (0,0) width 7: "a"
      RenderBlock {SPAN} at (7,0) size 5x19
        RenderText {#text} at (0,0) size 5x19
          text run at (0,0) width 5: ")"
      RenderText {#text} at (12,0) size 7x19
        text run at (12,0) width 7: "c"
    RenderBlock {DIV} at (0,742) size 30x19
      RenderText {#text} at (0,0) size 7x19
        text run at (0,0) width 7: "a"
      RenderBlock {SPAN} at (7,0) size 6x19
        RenderText {#text} at (0,0) size 6x19
          text run at (0,0) width 6 RTL: "\x{5E0}"
      RenderText {#text} at (13,0) size 5x19
        text run at (13,0) width 5: "("
    RenderBlock {DIV} at (0,761) size 30x19
      RenderText {#text} at (0,0) size 7x19
        text run at (0,0) width 7: "a"
      RenderBlock {SPAN} at (7,0) size 6x19
        RenderText {#text} at (0,0) size 6x19
          text run at (0,0) width 6 RTL: "\x{5E0}"
      RenderText {#text} at (13,0) size 10x19
        text run at (13,0) width 10 RTL: "\x{5D1}"
    RenderBlock {DIV} at (0,780) size 30x19
      RenderText {#text} at (0,0) size 7x19
        text run at (0,0) width 7: "a"
      RenderBlock {SPAN} at (7,0) size 6x19
        RenderText {#text} at (0,0) size 6x19
          text run at (0,0) width 6 RTL: "\x{5E0}"
      RenderText {#text} at (13,0) size 7x19
        text run at (13,0) width 7: "c"
    RenderBlock {DIV} at (0,800) size 30x19
      RenderText {#text} at (0,0) size 7x19
        text run at (0,0) width 7: "a"
      RenderBlock {SPAN} at (7,0) size 8x19
        RenderText {#text} at (0,0) size 8x19
          text run at (0,0) width 8: "b"
      RenderText {#text} at (15,0) size 5x19
        text run at (15,0) width 5: "("
    RenderBlock {DIV} at (0,819) size 30x19
      RenderText {#text} at (0,0) size 7x19
        text run at (0,0) width 7: "a"
      RenderBlock {SPAN} at (7,0) size 8x19
        RenderText {#text} at (0,0) size 8x19
          text run at (0,0) width 8: "b"
      RenderText {#text} at (15,0) size 10x19
        text run at (15,0) width 10 RTL: "\x{5D1}"
    RenderBlock {DIV} at (0,838) size 30x19
      RenderText {#text} at (0,0) size 7x19
        text run at (0,0) width 7: "a"
      RenderBlock {SPAN} at (7,0) size 8x19
        RenderText {#text} at (0,0) size 8x19
          text run at (0,0) width 8: "b"
      RenderText {#text} at (15,0) size 7x19
        text run at (15,0) width 7: "c"
    RenderBlock {DIV} at (0,857) size 30x19
      RenderText {#text} at (0,0) size 7x19
        text run at (0,0) width 7: "a"
      RenderBlock {SPAN} at (7,0) size 5x19
        RenderText {#text} at (0,0) size 5x19
          text run at (0,0) width 5 RTL: ")"
      RenderText {#text} at (12,0) size 5x19
        text run at (12,0) width 5: "("
    RenderBlock {DIV} at (0,876) size 30x19
      RenderText {#text} at (0,0) size 7x19
        text run at (0,0) width 7: "a"
      RenderBlock {SPAN} at (7,0) size 5x19
        RenderText {#text} at (0,0) size 5x19
          text run at (0,0) width 5 RTL: ")"
      RenderText {#text} at (12,0) size 10x19
        text run at (12,0) width 10 RTL: "\x{5D1}"
    RenderBlock {DIV} at (0,895) size 30x19
      RenderText {#text} at (0,0) size 7x19
        text run at (0,0) width 7: "a"
      RenderBlock {SPAN} at (7,0) size 5x19
        RenderText {#text} at (0,0) size 5x19
          text run at (0,0) width 5 RTL: ")"
      RenderText {#text} at (12,0) size 7x19
        text run at (12,0) width 7: "c"
    RenderBlock {DIV} at (0,914) size 30x19
      RenderText {#text} at (0,0) size 7x19
        text run at (0,0) width 7: "a"
      RenderBlock {SPAN} at (7,0) size 6x19
        RenderText {#text} at (0,0) size 6x19
          text run at (0,0) width 6 RTL: "\x{5E0}"
      RenderText {#text} at (13,0) size 5x19
        text run at (13,0) width 5: "("
    RenderBlock {DIV} at (0,933) size 30x19
      RenderText {#text} at (0,0) size 7x19
        text run at (0,0) width 7: "a"
      RenderBlock {SPAN} at (7,0) size 6x19
        RenderText {#text} at (0,0) size 6x19
          text run at (0,0) width 6 RTL: "\x{5E0}"
      RenderText {#text} at (13,0) size 10x19
        text run at (13,0) width 10 RTL: "\x{5D1}"
    RenderBlock {DIV} at (0,952) size 30x19
      RenderText {#text} at (0,0) size 7x19
        text run at (0,0) width 7: "a"
      RenderBlock {SPAN} at (7,0) size 6x19
        RenderText {#text} at (0,0) size 6x19
          text run at (0,0) width 6 RTL: "\x{5E0}"
      RenderText {#text} at (13,0) size 7x19
        text run at (13,0) width 7: "c"
    RenderBlock {DIV} at (0,971) size 30x19
      RenderText {#text} at (0,0) size 7x19
        text run at (0,0) width 7: "a"
      RenderBlock {SPAN} at (7,0) size 8x19
        RenderText {#text} at (0,0) size 8x19
          text run at (0,0) width 8: "b"
      RenderText {#text} at (15,0) size 5x19
        text run at (15,0) width 5: "("
    RenderBlock {DIV} at (0,990) size 30x19
      RenderText {#text} at (0,0) size 7x19
        text run at (0,0) width 7: "a"
      RenderBlock {SPAN} at (7,0) size 8x19
        RenderText {#text} at (0,0) size 8x19
          text run at (0,0) width 8: "b"
      RenderText {#text} at (15,0) size 10x19
        text run at (15,0) width 10 RTL: "\x{5D1}"
    RenderBlock {DIV} at (0,1009) size 30x19
      RenderText {#text} at (0,0) size 7x19
        text run at (0,0) width 7: "a"
      RenderBlock {SPAN} at (7,0) size 8x19
        RenderText {#text} at (0,0) size 8x19
          text run at (0,0) width 8: "b"
      RenderText {#text} at (15,0) size 7x19
        text run at (15,0) width 7: "c"
    RenderBlock {DIV} at (0,1028) size 30x19
      RenderText {#text} at (25,0) size 5x19
        text run at (25,0) width 5 RTL: "\""
      RenderBlock {SPAN} at (20,0) size 5x19
        RenderText {#text} at (0,0) size 5x19
          text run at (0,0) width 5: ")"
      RenderText {#text} at (15,0) size 5x19
        text run at (15,0) width 5 RTL: "("
    RenderBlock {DIV} at (0,1047) size 30x19
      RenderText {#text} at (25,0) size 5x19
        text run at (25,0) width 5 RTL: "\""
      RenderBlock {SPAN} at (20,0) size 5x19
        RenderText {#text} at (0,0) size 5x19
          text run at (0,0) width 5: ")"
      RenderText {#text} at (10,0) size 10x19
        text run at (10,0) width 10 RTL: "\x{5D1}"
    RenderBlock {DIV} at (0,1066) size 30x19
      RenderText {#text} at (25,0) size 5x19
        text run at (25,0) width 5 RTL: "\""
      RenderBlock {SPAN} at (20,0) size 5x19
        RenderText {#text} at (0,0) size 5x19
          text run at (0,0) width 5: ")"
      RenderText {#text} at (13,0) size 7x19
        text run at (13,0) width 7: "c"
    RenderBlock {DIV} at (0,1085) size 30x19
      RenderText {#text} at (25,0) size 5x19
        text run at (25,0) width 5 RTL: "\""
      RenderBlock {SPAN} at (19,0) size 6x19
        RenderText {#text} at (0,0) size 6x19
          text run at (0,0) width 6 RTL: "\x{5E0}"
      RenderText {#text} at (14,0) size 5x19
        text run at (14,0) width 5 RTL: "("
    RenderBlock {DIV} at (0,1104) size 30x19
      RenderText {#text} at (25,0) size 5x19
        text run at (25,0) width 5 RTL: "\""
      RenderBlock {SPAN} at (19,0) size 6x19
        RenderText {#text} at (0,0) size 6x19
          text run at (0,0) width 6 RTL: "\x{5E0}"
      RenderText {#text} at (9,0) size 10x19
        text run at (9,0) width 10 RTL: "\x{5D1}"
    RenderBlock {DIV} at (0,1123) size 30x19
      RenderText {#text} at (25,0) size 5x19
        text run at (25,0) width 5 RTL: "\""
      RenderBlock {SPAN} at (19,0) size 6x19
        RenderText {#text} at (0,0) size 6x19
          text run at (0,0) width 6 RTL: "\x{5E0}"
      RenderText {#text} at (12,0) size 7x19
        text run at (12,0) width 7: "c"
    RenderBlock {DIV} at (0,1142) size 30x19
      RenderText {#text} at (25,0) size 5x19
        text run at (25,0) width 5 RTL: "\""
      RenderBlock {SPAN} at (17,0) size 8x19
        RenderText {#text} at (0,0) size 8x19
          text run at (0,0) width 8: "b"
      RenderText {#text} at (12,0) size 5x19
        text run at (12,0) width 5 RTL: "("
    RenderBlock {DIV} at (0,1161) size 30x19
      RenderText {#text} at (25,0) size 5x19
        text run at (25,0) width 5 RTL: "\""
      RenderBlock {SPAN} at (17,0) size 8x19
        RenderText {#text} at (0,0) size 8x19
          text run at (0,0) width 8: "b"
      RenderText {#text} at (7,0) size 10x19
        text run at (7,0) width 10 RTL: "\x{5D1}"
    RenderBlock {DIV} at (0,1180) size 30x19
      RenderText {#text} at (25,0) size 5x19
        text run at (25,0) width 5 RTL: "\""
      RenderBlock {SPAN} at (17,0) size 8x19
        RenderText {#text} at (0,0) size 8x19
          text run at (0,0) width 8: "b"
      RenderText {#text} at (10,0) size 7x19
        text run at (10,0) width 7: "c"
    RenderBlock {DIV} at (0,1200) size 30x19
      RenderText {#text} at (25,0) size 5x19
        text run at (25,0) width 5 RTL: "\""
      RenderBlock {SPAN} at (20,0) size 5x19
        RenderText {#text} at (0,0) size 5x19
          text run at (0,0) width 5 RTL: ")"
      RenderText {#text} at (15,0) size 5x19
        text run at (15,0) width 5 RTL: "("
    RenderBlock {DIV} at (0,1219) size 30x19
      RenderText {#text} at (25,0) size 5x19
        text run at (25,0) width 5 RTL: "\""
      RenderBlock {SPAN} at (20,0) size 5x19
        RenderText {#text} at (0,0) size 5x19
          text run at (0,0) width 5 RTL: ")"
      RenderText {#text} at (10,0) size 10x19
        text run at (10,0) width 10 RTL: "\x{5D1}"
    RenderBlock {DIV} at (0,1238) size 30x19
      RenderText {#text} at (25,0) size 5x19
        text run at (25,0) width 5 RTL: "\""
      RenderBlock {SPAN} at (20,0) size 5x19
        RenderText {#text} at (0,0) size 5x19
          text run at (0,0) width 5 RTL: ")"
      RenderText {#text} at (13,0) size 7x19
        text run at (13,0) width 7: "c"
    RenderBlock {DIV} at (0,1257) size 30x19
      RenderText {#text} at (25,0) size 5x19
        text run at (25,0) width 5 RTL: "\""
      RenderBlock {SPAN} at (19,0) size 6x19
        RenderText {#text} at (0,0) size 6x19
          text run at (0,0) width 6 RTL: "\x{5E0}"
      RenderText {#text} at (14,0) size 5x19
        text run at (14,0) width 5 RTL: "("
    RenderBlock {DIV} at (0,1276) size 30x19
      RenderText {#text} at (25,0) size 5x19
        text run at (25,0) width 5 RTL: "\""
      RenderBlock {SPAN} at (19,0) size 6x19
        RenderText {#text} at (0,0) size 6x19
          text run at (0,0) width 6 RTL: "\x{5E0}"
      RenderText {#text} at (9,0) size 10x19
        text run at (9,0) width 10 RTL: "\x{5D1}"
    RenderBlock {DIV} at (0,1295) size 30x19
      RenderText {#text} at (25,0) size 5x19
        text run at (25,0) width 5 RTL: "\""
      RenderBlock {SPAN} at (19,0) size 6x19
        RenderText {#text} at (0,0) size 6x19
          text run at (0,0) width 6 RTL: "\x{5E0}"
      RenderText {#text} at (12,0) size 7x19
        text run at (12,0) width 7: "c"
    RenderBlock {DIV} at (0,1314) size 30x19
      RenderText {#text} at (25,0) size 5x19
        text run at (25,0) width 5 RTL: "\""
      RenderBlock {SPAN} at (17,0) size 8x19
        RenderText {#text} at (0,0) size 8x19
          text run at (0,0) width 8: "b"
      RenderText {#text} at (12,0) size 5x19
        text run at (12,0) width 5 RTL: "("
    RenderBlock {DIV} at (0,1333) size 30x19
      RenderText {#text} at (25,0) size 5x19
        text run at (25,0) width 5 RTL: "\""
      RenderBlock {SPAN} at (17,0) size 8x19
        RenderText {#text} at (0,0) size 8x19
          text run at (0,0) width 8: "b"
      RenderText {#text} at (7,0) size 10x19
        text run at (7,0) width 10 RTL: "\x{5D1}"
    RenderBlock {DIV} at (0,1352) size 30x19
      RenderText {#text} at (25,0) size 5x19
        text run at (25,0) width 5 RTL: "\""
      RenderBlock {SPAN} at (17,0) size 8x19
        RenderText {#text} at (0,0) size 8x19
          text run at (0,0) width 8: "b"
      RenderText {#text} at (10,0) size 7x19
        text run at (10,0) width 7: "c"
    RenderBlock {DIV} at (0,1371) size 30x19
      RenderText {#text} at (18,0) size 12x19
        text run at (18,0) width 12 RTL: "\x{5E9}"
      RenderBlock {SPAN} at (13,0) size 5x19
        RenderText {#text} at (0,0) size 5x19
          text run at (0,0) width 5: ")"
      RenderText {#text} at (8,0) size 5x19
        text run at (8,0) width 5 RTL: "("
    RenderBlock {DIV} at (0,1390) size 30x19
      RenderText {#text} at (18,0) size 12x19
        text run at (18,0) width 12 RTL: "\x{5E9}"
      RenderBlock {SPAN} at (13,0) size 5x19
        RenderText {#text} at (0,0) size 5x19
          text run at (0,0) width 5: ")"
      RenderText {#text} at (3,0) size 10x19
        text run at (3,0) width 10 RTL: "\x{5D1}"
    RenderBlock {DIV} at (0,1409) size 30x19
      RenderText {#text} at (18,0) size 12x19
        text run at (18,0) width 12 RTL: "\x{5E9}"
      RenderBlock {SPAN} at (13,0) size 5x19
        RenderText {#text} at (0,0) size 5x19
          text run at (0,0) width 5: ")"
      RenderText {#text} at (6,0) size 7x19
        text run at (6,0) width 7: "c"
    RenderBlock {DIV} at (0,1428) size 30x19
      RenderText {#text} at (18,0) size 12x19
        text run at (18,0) width 12 RTL: "\x{5E9}"
      RenderBlock {SPAN} at (12,0) size 6x19
        RenderText {#text} at (0,0) size 6x19
          text run at (0,0) width 6 RTL: "\x{5E0}"
      RenderText {#text} at (7,0) size 5x19
        text run at (7,0) width 5 RTL: "("
    RenderBlock {DIV} at (0,1447) size 30x19
      RenderText {#text} at (18,0) size 12x19
        text run at (18,0) width 12 RTL: "\x{5E9}"
      RenderBlock {SPAN} at (12,0) size 6x19
        RenderText {#text} at (0,0) size 6x19
          text run at (0,0) width 6 RTL: "\x{5E0}"
      RenderText {#text} at (2,0) size 10x19
        text run at (2,0) width 10 RTL: "\x{5D1}"
    RenderBlock {DIV} at (0,1466) size 30x19
      RenderText {#text} at (18,0) size 12x19
        text run at (18,0) width 12 RTL: "\x{5E9}"
      RenderBlock {SPAN} at (12,0) size 6x19
        RenderText {#text} at (0,0) size 6x19
          text run at (0,0) width 6 RTL: "\x{5E0}"
      RenderText {#text} at (5,0) size 7x19
        text run at (5,0) width 7: "c"
    RenderBlock {DIV} at (0,1485) size 30x19
      RenderText {#text} at (18,0) size 12x19
        text run at (18,0) width 12 RTL: "\x{5E9}"
      RenderBlock {SPAN} at (10,0) size 8x19
        RenderText {#text} at (0,0) size 8x19
          text run at (0,0) width 8: "b"
      RenderText {#text} at (5,0) size 5x19
        text run at (5,0) width 5 RTL: "("
    RenderBlock {DIV} at (0,1504) size 30x19
      RenderText {#text} at (18,0) size 12x19
        text run at (18,0) width 12 RTL: "\x{5E9}"
      RenderBlock {SPAN} at (10,0) size 8x19
        RenderText {#text} at (0,0) size 8x19
          text run at (0,0) width 8: "b"
      RenderText {#text} at (0,0) size 10x19
        text run at (0,0) width 10 RTL: "\x{5D1}"
    RenderBlock {DIV} at (0,1523) size 30x19
      RenderText {#text} at (18,0) size 12x19
        text run at (18,0) width 12 RTL: "\x{5E9}"
      RenderBlock {SPAN} at (10,0) size 8x19
        RenderText {#text} at (0,0) size 8x19
          text run at (0,0) width 8: "b"
      RenderText {#text} at (3,0) size 7x19
        text run at (3,0) width 7: "c"
    RenderBlock {DIV} at (0,1542) size 30x19
      RenderText {#text} at (18,0) size 12x19
        text run at (18,0) width 12 RTL: "\x{5E9}"
      RenderBlock {SPAN} at (13,0) size 5x19
        RenderText {#text} at (0,0) size 5x19
          text run at (0,0) width 5 RTL: ")"
      RenderText {#text} at (8,0) size 5x19
        text run at (8,0) width 5 RTL: "("
    RenderBlock {DIV} at (0,1561) size 30x19
      RenderText {#text} at (18,0) size 12x19
        text run at (18,0) width 12 RTL: "\x{5E9}"
      RenderBlock {SPAN} at (13,0) size 5x19
        RenderText {#text} at (0,0) size 5x19
          text run at (0,0) width 5 RTL: ")"
      RenderText {#text} at (3,0) size 10x19
        text run at (3,0) width 10 RTL: "\x{5D1}"
    RenderBlock {DIV} at (0,1580) size 30x19
      RenderText {#text} at (18,0) size 12x19
        text run at (18,0) width 12 RTL: "\x{5E9}"
      RenderBlock {SPAN} at (13,0) size 5x19
        RenderText {#text} at (0,0) size 5x19
          text run at (0,0) width 5 RTL: ")"
      RenderText {#text} at (6,0) size 7x19
        text run at (6,0) width 7: "c"
    RenderBlock {DIV} at (0,1600) size 30x19
      RenderText {#text} at (18,0) size 12x19
        text run at (18,0) width 12 RTL: "\x{5E9}"
      RenderBlock {SPAN} at (12,0) size 6x19
        RenderText {#text} at (0,0) size 6x19
          text run at (0,0) width 6 RTL: "\x{5E0}"
      RenderText {#text} at (7,0) size 5x19
        text run at (7,0) width 5 RTL: "("
    RenderBlock {DIV} at (0,1619) size 30x19
      RenderText {#text} at (18,0) size 12x19
        text run at (18,0) width 12 RTL: "\x{5E9}"
      RenderBlock {SPAN} at (12,0) size 6x19
        RenderText {#text} at (0,0) size 6x19
          text run at (0,0) width 6 RTL: "\x{5E0}"
      RenderText {#text} at (2,0) size 10x19
        text run at (2,0) width 10 RTL: "\x{5D1}"
    RenderBlock {DIV} at (0,1638) size 30x19
      RenderText {#text} at (18,0) size 12x19
        text run at (18,0) width 12 RTL: "\x{5E9}"
      RenderBlock {SPAN} at (12,0) size 6x19
        RenderText {#text} at (0,0) size 6x19
          text run at (0,0) width 6 RTL: "\x{5E0}"
      RenderText {#text} at (5,0) size 7x19
        text run at (5,0) width 7: "c"
    RenderBlock {DIV} at (0,1657) size 30x19
      RenderText {#text} at (18,0) size 12x19
        text run at (18,0) width 12 RTL: "\x{5E9}"
      RenderBlock {SPAN} at (10,0) size 8x19
        RenderText {#text} at (0,0) size 8x19
          text run at (0,0) width 8: "b"
      RenderText {#text} at (5,0) size 5x19
        text run at (5,0) width 5 RTL: "("
    RenderBlock {DIV} at (0,1676) size 30x19
      RenderText {#text} at (18,0) size 12x19
        text run at (18,0) width 12 RTL: "\x{5E9}"
      RenderBlock {SPAN} at (10,0) size 8x19
        RenderText {#text} at (0,0) size 8x19
          text run at (0,0) width 8: "b"
      RenderText {#text} at (0,0) size 10x19
        text run at (0,0) width 10 RTL: "\x{5D1}"
    RenderBlock {DIV} at (0,1695) size 30x19
      RenderText {#text} at (18,0) size 12x19
        text run at (18,0) width 12 RTL: "\x{5E9}"
      RenderBlock {SPAN} at (10,0) size 8x19
        RenderText {#text} at (0,0) size 8x19
          text run at (0,0) width 8: "b"
      RenderText {#text} at (3,0) size 7x19
        text run at (3,0) width 7: "c"
    RenderBlock {DIV} at (0,1714) size 30x19
      RenderText {#text} at (23,0) size 7x19
        text run at (23,0) width 7: "a"
      RenderBlock {SPAN} at (18,0) size 5x19
        RenderText {#text} at (0,0) size 5x19
          text run at (0,0) width 5: ")"
      RenderText {#text} at (13,0) size 5x19
        text run at (13,0) width 5 RTL: "("
    RenderBlock {DIV} at (0,1733) size 30x19
      RenderText {#text} at (23,0) size 7x19
        text run at (23,0) width 7: "a"
      RenderBlock {SPAN} at (18,0) size 5x19
        RenderText {#text} at (0,0) size 5x19
          text run at (0,0) width 5: ")"
      RenderText {#text} at (8,0) size 10x19
        text run at (8,0) width 10 RTL: "\x{5D1}"
    RenderBlock {DIV} at (0,1752) size 30x19
      RenderText {#text} at (11,0) size 7x19
        text run at (11,0) width 7: "a"
      RenderBlock {SPAN} at (18,0) size 5x19
        RenderText {#text} at (0,0) size 5x19
          text run at (0,0) width 5: ")"
      RenderText {#text} at (23,0) size 7x19
        text run at (23,0) width 7: "c"
    RenderBlock {DIV} at (0,1771) size 30x19
      RenderText {#text} at (23,0) size 7x19
        text run at (23,0) width 7: "a"
      RenderBlock {SPAN} at (17,0) size 6x19
        RenderText {#text} at (0,0) size 6x19
          text run at (0,0) width 6 RTL: "\x{5E0}"
      RenderText {#text} at (12,0) size 5x19
        text run at (12,0) width 5 RTL: "("
    RenderBlock {DIV} at (0,1790) size 30x19
      RenderText {#text} at (23,0) size 7x19
        text run at (23,0) width 7: "a"
      RenderBlock {SPAN} at (17,0) size 6x19
        RenderText {#text} at (0,0) size 6x19
          text run at (0,0) width 6 RTL: "\x{5E0}"
      RenderText {#text} at (7,0) size 10x19
        text run at (7,0) width 10 RTL: "\x{5D1}"
    RenderBlock {DIV} at (0,1809) size 30x19
      RenderText {#text} at (10,0) size 7x19
        text run at (10,0) width 7: "a"
      RenderBlock {SPAN} at (17,0) size 6x19
        RenderText {#text} at (0,0) size 6x19
          text run at (0,0) width 6 RTL: "\x{5E0}"
      RenderText {#text} at (23,0) size 7x19
        text run at (23,0) width 7: "c"
    RenderBlock {DIV} at (0,1828) size 30x19
      RenderText {#text} at (23,0) size 7x19
        text run at (23,0) width 7: "a"
      RenderBlock {SPAN} at (15,0) size 8x19
        RenderText {#text} at (0,0) size 8x19
          text run at (0,0) width 8: "b"
      RenderText {#text} at (10,0) size 5x19
        text run at (10,0) width 5 RTL: "("
    RenderBlock {DIV} at (0,1847) size 30x19
      RenderText {#text} at (23,0) size 7x19
        text run at (23,0) width 7: "a"
      RenderBlock {SPAN} at (15,0) size 8x19
        RenderText {#text} at (0,0) size 8x19
          text run at (0,0) width 8: "b"
      RenderText {#text} at (5,0) size 10x19
        text run at (5,0) width 10 RTL: "\x{5D1}"
    RenderBlock {DIV} at (0,1866) size 30x19
      RenderText {#text} at (8,0) size 7x19
        text run at (8,0) width 7: "a"
      RenderBlock {SPAN} at (15,0) size 8x19
        RenderText {#text} at (0,0) size 8x19
          text run at (0,0) width 8: "b"
      RenderText {#text} at (23,0) size 7x19
        text run at (23,0) width 7: "c"
    RenderBlock {DIV} at (0,1885) size 30x19
      RenderText {#text} at (23,0) size 7x19
        text run at (23,0) width 7: "a"
      RenderBlock {SPAN} at (18,0) size 5x19
        RenderText {#text} at (0,0) size 5x19
          text run at (0,0) width 5 RTL: ")"
      RenderText {#text} at (13,0) size 5x19
        text run at (13,0) width 5 RTL: "("
    RenderBlock {DIV} at (0,1904) size 30x19
      RenderText {#text} at (23,0) size 7x19
        text run at (23,0) width 7: "a"
      RenderBlock {SPAN} at (18,0) size 5x19
        RenderText {#text} at (0,0) size 5x19
          text run at (0,0) width 5 RTL: ")"
      RenderText {#text} at (8,0) size 10x19
        text run at (8,0) width 10 RTL: "\x{5D1}"
    RenderBlock {DIV} at (0,1923) size 30x19
      RenderText {#text} at (11,0) size 7x19
        text run at (11,0) width 7: "a"
      RenderBlock {SPAN} at (18,0) size 5x19
        RenderText {#text} at (0,0) size 5x19
          text run at (0,0) width 5 RTL: ")"
      RenderText {#text} at (23,0) size 7x19
        text run at (23,0) width 7: "c"
    RenderBlock {DIV} at (0,1942) size 30x19
      RenderText {#text} at (23,0) size 7x19
        text run at (23,0) width 7: "a"
      RenderBlock {SPAN} at (17,0) size 6x19
        RenderText {#text} at (0,0) size 6x19
          text run at (0,0) width 6 RTL: "\x{5E0}"
      RenderText {#text} at (12,0) size 5x19
        text run at (12,0) width 5 RTL: "("
    RenderBlock {DIV} at (0,1961) size 30x19
      RenderText {#text} at (23,0) size 7x19
        text run at (23,0) width 7: "a"
      RenderBlock {SPAN} at (17,0) size 6x19
        RenderText {#text} at (0,0) size 6x19
          text run at (0,0) width 6 RTL: "\x{5E0}"
      RenderText {#text} at (7,0) size 10x19
        text run at (7,0) width 10 RTL: "\x{5D1}"
    RenderBlock {DIV} at (0,1980) size 30x19
      RenderText {#text} at (10,0) size 7x19
        text run at (10,0) width 7: "a"
      RenderBlock {SPAN} at (17,0) size 6x19
        RenderText {#text} at (0,0) size 6x19
          text run at (0,0) width 6 RTL: "\x{5E0}"
      RenderText {#text} at (23,0) size 7x19
        text run at (23,0) width 7: "c"
    RenderBlock {DIV} at (0,2000) size 30x19
      RenderText {#text} at (23,0) size 7x19
        text run at (23,0) width 7: "a"
      RenderBlock {SPAN} at (15,0) size 8x19
        RenderText {#text} at (0,0) size 8x19
          text run at (0,0) width 8: "b"
      RenderText {#text} at (10,0) size 5x19
        text run at (10,0) width 5 RTL: "("
    RenderBlock {DIV} at (0,2019) size 30x19
      RenderText {#text} at (23,0) size 7x19
        text run at (23,0) width 7: "a"
      RenderBlock {SPAN} at (15,0) size 8x19
        RenderText {#text} at (0,0) size 8x19
          text run at (0,0) width 8: "b"
      RenderText {#text} at (5,0) size 10x19
        text run at (5,0) width 10 RTL: "\x{5D1}"
    RenderBlock {DIV} at (0,2038) size 30x19
      RenderText {#text} at (8,0) size 7x19
        text run at (8,0) width 7: "a"
      RenderBlock {SPAN} at (15,0) size 8x19
        RenderText {#text} at (0,0) size 8x19
          text run at (0,0) width 8: "b"
      RenderText {#text} at (23,0) size 7x19
        text run at (23,0) width 7: "c"
