layer at (0,0) size 800x600
  RenderView at (0,0) size 800x600
layer at (0,0) size 800x600
  RenderBlock {HTML} at (0,0) size 800x600
    RenderBody {BODY} at (8,8) size 784x584
      RenderBlock {P} at (0,0) size 784x19
        RenderText {#text} at (0,0) size 111x19
          text run at (0,0) width 111: "Tests: the bdo tag"
      RenderBlock {P} at (0,35) size 784x19
        RenderText {#text} at (0,0) size 328x19
          text run at (0,0) width 328: "The bdo element overrides the default text direction."
      RenderBlock {P} at (0,70) size 784x38
        RenderText {#text} at (0,0) size 762x38
          text run at (0,0) width 727: "If successful, the first sentence would be backward, and the second sentence regular. There should then be an extra "
          text run at (727,0) width 35: "blank"
          text run at (0,19) width 698: "line, followed by a line reading only \"A,\" and finally, a sentence where only the word \"umbrella\" is backward."
      RenderBlock {HR} at (0,124) size 784x2 [border: (1px inset #000000)]
      RenderBlock (anonymous) at (0,134) size 784x114
        RenderBR {BR} at (0,0) size 0x19
        RenderInline {BDO} at (0,0) size 221x19
          RenderText {#text} at (0,19) size 221x19
            text run at (0,19) width 221 RTL override: "This sentence should be backward."
        RenderText {#text} at (221,19) size 4x19
          text run at (221,19) width 4: " "
        RenderBR {BR} at (225,34) size 0x0
        RenderInline {BDO} at (0,0) size 209x19
          RenderText {#text} at (0,38) size 209x19
            text run at (0,38) width 209 LTR override: "This sentence should be forward."
        RenderText {#text} at (209,38) size 4x19
          text run at (209,38) width 4: " "
        RenderBR {BR} at (213,53) size 0x0
        RenderInline {BDO} at (0,0) size 0x0
        RenderText {#text} at (0,0) size 0x0
        RenderBR {BR} at (0,57) size 0x19
        RenderInline {BDO} at (0,0) size 12x19
          RenderText {#text} at (0,76) size 12x19
            text run at (0,76) width 12 RTL override: "A"
        RenderText {#text} at (12,76) size 4x19
          text run at (12,76) width 4: " "
        RenderBR {BR} at (16,91) size 0x0
        RenderInline {BDO} at (0,0) size 290x19
          RenderText {#text} at (0,95) size 26x19
            text run at (0,95) width 26 LTR override: "My "
          RenderInline {BDO} at (0,0) size 55x19
            RenderText {#text} at (26,95) size 55x19
              text run at (26,95) width 55 RTL override: "umbrella"
          RenderText {#text} at (81,95) size 209x19
            text run at (81,95) width 209 LTR override: " sure would be useful in this rain."
        RenderText {#text} at (0,0) size 0x0
