layer at (0,0) size 784x639
  RenderView at (0,0) size 784x600
layer at (0,0) size 784x639
  RenderBlock {HTML} at (0,0) size 784x639
    RenderBody {BODY} at (8,8) size 768x623 [bgcolor=#CCCCCC]
      RenderBlock {P} at (0,0) size 768x21 [bgcolor=#008000]
        RenderText {#text} at (0,0) size 395x21
          text run at (0,0) width 395: "The style declarations which apply to the text below are:"
      RenderBlock {PRE} at (0,37) size 768x68
        RenderText {#text} at (0,0) size 212x68
          text run at (0,0) width 164: "P {background-color: green;}"
          text run at (164,0) width 0: " "
          text run at (0,17) width 172: ".one {background-color: lime;}"
          text run at (172,17) width 0: " "
          text run at (0,34) width 212: ".two {background-color: transparent;}"
          text run at (212,34) width 0: " "
          text run at (0,51) width 0: " "
      RenderBlock {HR} at (0,118) size 768x2 [border: (1px inset #000000)]
      RenderBlock {P} at (0,136) size 768x21 [bgcolor=#008000]
        RenderText {#text} at (0,0) size 314x21
          text run at (0,0) width 314: "This element's background should be green."
      RenderBlock {P} at (0,173) size 768x21 [bgcolor=#00FF00]
        RenderText {#text} at (0,0) size 392x21
          text run at (0,0) width 392: "This element's background should be lime (light green)."
      RenderBlock {P} at (0,210) size 768x84 [bgcolor=#008000]
        RenderText {#text} at (0,0) size 737x21
          text run at (0,0) width 737: "This element's background should be green, and the last word in this sentence should also have a green"
        RenderInline {SPAN} at (0,0) size 84x21
          RenderText {#text} at (0,21) size 84x21
            text run at (0,21) width 84: "background"
        RenderText {#text} at (84,21) size 724x42
          text run at (84,21) width 8: ". "
          text run at (92,21) width 632: "This is because the background color of the parent element (the paragraph) should \"shine"
          text run at (0,42) width 411: "through\" the SPANned word \"sentence,\" which was set to "
        RenderInline {CODE} at (0,0) size 65x17
          RenderText {#text} at (411,45) size 65x17
            text run at (411,45) width 65: "transparent"
        RenderText {#text} at (476,42) size 750x42
          text run at (476,42) width 8: ". "
          text run at (484,42) width 266: "If the document background is visible,"
          text run at (0,63) width 157: "the browser is in error."
      RenderBlock {P} at (0,310) size 768x42
        RenderText {#text} at (0,0) size 695x42
          text run at (0,0) width 512: "This element should allow the document background to \"shine through.\" "
          text run at (512,0) width 183: "There should be no green"
          text run at (0,21) width 132: "backgrounds here!"
      RenderTable {TABLE} at (0,368) size 768x255 [border: (1px outset #808080)]
        RenderTableSection {TBODY} at (1,1) size 766x253
          RenderTableRow {TR} at (0,0) size 766x29
            RenderTableCell {TD} at (0,0) size 766x29 [bgcolor=#C0C0C0] [border: (1px inset #808080)] [r=0 c=0 rs=1 cs=2]
              RenderInline {STRONG} at (0,0) size 178x21
                RenderText {#text} at (4,4) size 178x21
                  text run at (4,4) width 178: "TABLE Testing Section"
          RenderTableRow {TR} at (0,29) size 766x224
            RenderTableCell {TD} at (0,126) size 12x29 [bgcolor=#C0C0C0] [border: (1px inset #808080)] [r=1 c=0 rs=1 cs=1]
              RenderText {#text} at (4,4) size 4x21
                text run at (4,4) width 4: " "
            RenderTableCell {TD} at (12,29) size 754x224 [border: (1px inset #808080)] [r=1 c=1 rs=1 cs=1]
              RenderBlock {P} at (4,4) size 746x21 [bgcolor=#008000]
                RenderText {#text} at (0,0) size 314x21
                  text run at (0,0) width 314: "This element's background should be green."
              RenderBlock {P} at (4,41) size 746x21 [bgcolor=#00FF00]
                RenderText {#text} at (0,0) size 392x21
                  text run at (0,0) width 392: "This element's background should be lime (light green)."
              RenderBlock {P} at (4,78) size 746x84 [bgcolor=#008000]
                RenderText {#text} at (0,0) size 737x21
                  text run at (0,0) width 737: "This element's background should be green, and the last word in this sentence should also have a green"
                RenderInline {SPAN} at (0,0) size 84x21
                  RenderText {#text} at (0,21) size 84x21
                    text run at (0,21) width 84: "background"
                RenderText {#text} at (84,21) size 724x42
                  text run at (84,21) width 8: ". "
                  text run at (92,21) width 632: "This is because the background color of the parent element (the paragraph) should \"shine"
                  text run at (0,42) width 411: "through\" the SPANned word \"sentence,\" which was set to "
                RenderInline {CODE} at (0,0) size 65x17
                  RenderText {#text} at (411,45) size 65x17
                    text run at (411,45) width 65: "transparent"
                RenderText {#text} at (476,42) size 696x42
                  text run at (476,42) width 8: ". "
                  text run at (484,42) width 212: "If the document background is"
                  text run at (0,63) width 211: "visible, the browser is in error."
              RenderBlock {P} at (4,178) size 746x42
                RenderText {#text} at (0,0) size 695x42
                  text run at (0,0) width 512: "This element should allow the document background to \"shine through.\" "
                  text run at (512,0) width 183: "There should be no green"
                  text run at (0,21) width 132: "backgrounds here!"
