layer at (0,0) size 784x1660
  RenderView at (0,0) size 784x600
layer at (0,0) size 784x1660
  RenderBlock {HTML} at (0,0) size 784x1660
    RenderBody {BODY} at (8,8) size 768x1644 [bgcolor=#CCCCCC]
      RenderBlock {P} at (0,0) size 768x21
        RenderText {#text} at (0,0) size 395x21
          text run at (0,0) width 395: "The style declarations which apply to the text below are:"
      RenderBlock {PRE} at (0,37) size 768x289
        RenderText {#text} at (0,0) size 487x289
          text run at (0,0) width 469: "BODY {background-image: url(../resources/bg.gif); background-position: right top;"
          text run at (469,0) width 0: " "
          text run at (0,17) width 201: "      background-repeat: no-repeat;}"
          text run at (201,17) width 0: " "
          text run at (0,34) width 446: ".one {background-image: url(../resources/bg.gif); background-position: center;"
          text run at (446,34) width 0: " "
          text run at (0,51) width 344: "      background-repeat: no-repeat; background-color: aqua;}"
          text run at (344,51) width 0: " "
          text run at (0,68) width 465: ".two {background-image: url(../resources/bg.gif); background-position: 50% 50%;"
          text run at (465,68) width 0: " "
          text run at (0,85) width 344: "      background-repeat: no-repeat; background-color: aqua;}"
          text run at (344,85) width 0: " "
          text run at (0,102) width 487: ".three {background-image: url(../resources/bg.gif); background-position: bottom right;"
          text run at (487,102) width 0: " "
          text run at (0,119) width 352: "        background-repeat: no-repeat; background-color: aqua;}"
          text run at (352,119) width 0: " "
          text run at (0,136) width 481: ".four {background-image: url(../resources/bg.gif); background-position: 100% 100%;"
          text run at (481,136) width 0: " "
          text run at (0,153) width 348: "       background-repeat: no-repeat; background-color: aqua;}"
          text run at (348,153) width 0: " "
          text run at (0,170) width 459: ".five {background-image: url(../resources/bg.gif); background-position: 0% 50%;"
          text run at (459,170) width 0: " "
          text run at (0,187) width 348: "       background-repeat: no-repeat; background-color: aqua;}"
          text run at (348,187) width 0: " "
          text run at (0,204) width 462: ".six {background-image: url(../resources/bg.gif); background-position: 75% 25%;"
          text run at (462,204) width 0: " "
          text run at (0,221) width 348: "       background-repeat: no-repeat; background-color: aqua;}"
          text run at (348,221) width 0: " "
          text run at (0,238) width 484: ".seven {background-image: url(../resources/bg.gif); background-position: 20px 20px;"
          text run at (484,238) width 0: " "
          text run at (0,255) width 348: "       background-repeat: no-repeat; background-color: aqua;}"
          text run at (348,255) width 0: " "
          text run at (0,272) width 0: " "
      RenderBlock {HR} at (0,339) size 768x2 [border: (1px inset #000000)]
      RenderBlock {P} at (0,357) size 768x21
        RenderText {#text} at (0,0) size 565x21
          text run at (0,0) width 565: "This document should have a single, small green image in its upper right corner."
      RenderBlock {P} at (0,394) size 768x63 [bgcolor=#00FFFF]
        RenderText {#text} at (0,0) size 756x63
          text run at (0,0) width 756: "This paragraph should have a single, small green image exactly in its center; that is, the center of the image"
          text run at (0,21) width 327: "should be fixed at the center of the paragraph. "
          text run at (327,21) width 404: "The background color will make it easier to determine the"
          text run at (0,42) width 495: "edges of the paragraph, and therefore allow you to calculate its center."
      RenderBlock {P} at (0,473) size 768x63 [bgcolor=#00FFFF]
        RenderText {#text} at (0,0) size 756x63
          text run at (0,0) width 756: "This paragraph should have a single, small green image exactly in its center; that is, the center of the image"
          text run at (0,21) width 327: "should be fixed at the center of the paragraph. "
          text run at (327,21) width 404: "The background color will make it easier to determine the"
          text run at (0,42) width 495: "edges of the paragraph, and therefore allow you to calculate its center."
      RenderBlock {P} at (0,552) size 768x63 [bgcolor=#00FFFF]
        RenderText {#text} at (0,0) size 729x63
          text run at (0,0) width 721: "This paragraph should have a single, small green image in its lower-right corner; that is, the lower right"
          text run at (0,21) width 546: "corner of the image should be fixed at the lower right corner of the paragraph. "
          text run at (546,21) width 183: "The background color will"
          text run at (0,42) width 687: "make it easier to determine the edges of the paragraph, and therefore allow you to see its corners."
      RenderBlock {P} at (0,631) size 768x63 [bgcolor=#00FFFF]
        RenderText {#text} at (0,0) size 729x63
          text run at (0,0) width 721: "This paragraph should have a single, small green image in its lower-right corner; that is, the lower right"
          text run at (0,21) width 546: "corner of the image should be fixed at the lower right corner of the paragraph. "
          text run at (546,21) width 183: "The background color will"
          text run at (0,42) width 687: "make it easier to determine the edges of the paragraph, and therefore allow you to see its corners."
      RenderBlock {P} at (0,710) size 768x63 [bgcolor=#00FFFF]
        RenderText {#text} at (0,0) size 764x63
          text run at (0,0) width 764: "This paragraph should have a single, small green image exactly at the left center; that is, the left center of the"
          text run at (0,21) width 400: "image should be fixed at the left center of the paragraph. "
          text run at (400,21) width 303: "The background color will make it easier to"
          text run at (0,42) width 596: "determine the edges of the paragraph, and therefore allow you to calculate its center."
      RenderBlock {P} at (0,789) size 768x84 [bgcolor=#00FFFF]
        RenderText {#text} at (0,0) size 761x84
          text run at (0,0) width 761: "This paragraph should have a single, small green image positioned 75% of the way across the element, and"
          text run at (0,21) width 83: "25% down. "
          text run at (83,21) width 674: "The background color will make it easier to determine the edges of the paragraph, which should"
          text run at (0,42) width 758: "help in determining if all this is so, and the extra text should make the element long enough for this test to be"
          text run at (0,63) width 138: "simpler to evaluate."
      RenderBlock {P} at (0,889) size 768x84 [bgcolor=#00FFFF]
        RenderText {#text} at (0,0) size 765x84
          text run at (0,0) width 729: "This paragraph should have a single, small green image positioned 20 pixels down and to the left of the"
          text run at (0,21) width 746: "upper left-hand corner; that is, the upper left-hand corner of the image should be 20 pixels down and to the"
          text run at (0,42) width 296: "left of the upper-left corner of the element. "
          text run at (296,42) width 469: "The background color will make it easier to determine the edges of"
          text run at (0,63) width 403: "the paragraph, which should assist in evaluating this test."
      RenderTable {TABLE} at (0,989) size 768x655 [border: (1px outset #808080)]
        RenderTableSection {TBODY} at (1,1) size 766x653
          RenderTableRow {TR} at (0,0) size 766x29
            RenderTableCell {TD} at (0,0) size 766x29 [bgcolor=#C0C0C0] [border: (1px inset #808080)] [r=0 c=0 rs=1 cs=2]
              RenderInline {STRONG} at (0,0) size 178x21
                RenderText {#text} at (4,4) size 178x21
                  text run at (4,4) width 178: "TABLE Testing Section"
          RenderTableRow {TR} at (0,29) size 766x624
            RenderTableCell {TD} at (0,326) size 12x29 [bgcolor=#C0C0C0] [border: (1px inset #808080)] [r=1 c=0 rs=1 cs=1]
              RenderText {#text} at (4,4) size 4x21
                text run at (4,4) width 4: " "
            RenderTableCell {TD} at (12,29) size 754x624 [border: (1px inset #808080)] [r=1 c=1 rs=1 cs=1]
              RenderBlock {P} at (4,4) size 746x21
                RenderText {#text} at (0,0) size 565x21
                  text run at (0,0) width 565: "This document should have a single, small green image in its upper right corner."
              RenderBlock {P} at (4,41) size 746x63 [bgcolor=#00FFFF]
                RenderText {#text} at (0,0) size 708x63
                  text run at (0,0) width 708: "This paragraph should have a single, small green image exactly in its center; that is, the center of the"
                  text run at (0,21) width 375: "image should be fixed at the center of the paragraph. "
                  text run at (375,21) width 303: "The background color will make it easier to"
                  text run at (0,42) width 596: "determine the edges of the paragraph, and therefore allow you to calculate its center."
              RenderBlock {P} at (4,120) size 746x63 [bgcolor=#00FFFF]
                RenderText {#text} at (0,0) size 708x63
                  text run at (0,0) width 708: "This paragraph should have a single, small green image exactly in its center; that is, the center of the"
                  text run at (0,21) width 375: "image should be fixed at the center of the paragraph. "
                  text run at (375,21) width 303: "The background color will make it easier to"
                  text run at (0,42) width 596: "determine the edges of the paragraph, and therefore allow you to calculate its center."
              RenderBlock {P} at (4,199) size 746x63 [bgcolor=#00FFFF]
                RenderText {#text} at (0,0) size 729x63
                  text run at (0,0) width 721: "This paragraph should have a single, small green image in its lower-right corner; that is, the lower right"
                  text run at (0,21) width 546: "corner of the image should be fixed at the lower right corner of the paragraph. "
                  text run at (546,21) width 183: "The background color will"
                  text run at (0,42) width 687: "make it easier to determine the edges of the paragraph, and therefore allow you to see its corners."
              RenderBlock {P} at (4,278) size 746x63 [bgcolor=#00FFFF]
                RenderText {#text} at (0,0) size 729x63
                  text run at (0,0) width 721: "This paragraph should have a single, small green image in its lower-right corner; that is, the lower right"
                  text run at (0,21) width 546: "corner of the image should be fixed at the lower right corner of the paragraph. "
                  text run at (546,21) width 183: "The background color will"
                  text run at (0,42) width 687: "make it easier to determine the edges of the paragraph, and therefore allow you to see its corners."
              RenderBlock {P} at (4,357) size 746x63 [bgcolor=#00FFFF]
                RenderText {#text} at (0,0) size 738x63
                  text run at (0,0) width 738: "This paragraph should have a single, small green image exactly at the left center; that is, the left center of"
                  text run at (0,21) width 426: "the image should be fixed at the left center of the paragraph. "
                  text run at (426,21) width 303: "The background color will make it easier to"
                  text run at (0,42) width 596: "determine the edges of the paragraph, and therefore allow you to calculate its center."
              RenderBlock {P} at (4,436) size 746x84 [bgcolor=#00FFFF]
                RenderText {#text} at (0,0) size 742x84
                  text run at (0,0) width 730: "This paragraph should have a single, small green image positioned 75% of the way across the element,"
                  text run at (0,21) width 114: "and 25% down. "
                  text run at (114,21) width 622: "The background color will make it easier to determine the edges of the paragraph, which"
                  text run at (0,42) width 742: "should help in determining if all this is so, and the extra text should make the element long enough for this"
                  text run at (0,63) width 206: "test to be simpler to evaluate."
              RenderBlock {P} at (4,536) size 746x84 [bgcolor=#00FFFF]
                RenderText {#text} at (0,0) size 746x84
                  text run at (0,0) width 729: "This paragraph should have a single, small green image positioned 20 pixels down and to the left of the"
                  text run at (0,21) width 746: "upper left-hand corner; that is, the upper left-hand corner of the image should be 20 pixels down and to the"
                  text run at (0,42) width 296: "left of the upper-left corner of the element. "
                  text run at (296,42) width 404: "The background color will make it easier to determine the"
                  text run at (0,63) width 468: "edges of the paragraph, which should assist in evaluating this test."
