layer at (0,0) size 784x1367
  RenderView at (0,0) size 784x600
layer at (0,0) size 784x1367
  RenderBlock {HTML} at (0,0) size 784x1367
    RenderBody {BODY} at (8,8) size 768x1351 [bgcolor=#CCCCCC]
      RenderBlock {P} at (0,0) size 768x21
        RenderText {#text} at (0,0) size 395x21
          text run at (0,0) width 395: "The style declarations which apply to the text below are:"
      RenderBlock {PRE} at (0,37) size 768x34
        RenderText {#text} at (0,0) size 644x34
          text run at (0,0) width 644: "BODY {background-image: url(../resources/bg.gif); background-repeat: repeat-x; background-attachment: fixed;}"
          text run at (644,0) width 0: " "
          text run at (0,17) width 0: " "
      RenderBlock {HR} at (0,84) size 768x2 [border: (1px inset #000000)]
      RenderBlock {P} at (0,102) size 768x126
        RenderText {#text} at (0,0) size 750x126
          text run at (0,0) width 680: "This document should have a green grid-pattern line across the top of the page (or at least a tiled"
          text run at (0,21) width 395: "background) which does NOT scroll with the document. "
          text run at (395,21) width 355: "It should, instead, appear to be a fixed pattern past"
          text run at (0,42) width 486: "which the content scrolls, even when the end of the page is reached. "
          text run at (486,42) width 232: "In addition, the default Test Suite"
          text run at (0,63) width 595: "background should NOT appear, as it's been overridden by the styles shown above. "
          text run at (595,63) width 153: "I'll have to add a lot of"
          text run at (0,84) width 561: "extra text to the page in order to make all this something we can actually check. "
          text run at (561,84) width 158: "Don't worry, I'll think of"
          text run at (0,105) width 78: "something."
      RenderBlock {P} at (0,244) size 768x21
        RenderText {#text} at (0,0) size 562x21
          text run at (0,0) width 461: "In fact, why not the relevant section from the CSS1 specification? "
          text run at (461,0) width 101: "A capital idea."
      RenderBlock {HR} at (0,281) size 768x2 [border: (1px inset #000000)]
      RenderBlock {HR} at (0,291) size 768x2 [border: (1px inset #000000)]
      RenderBlock {H4} at (0,314) size 768x21
        RenderInline {A} at (0,0) size 242x21
          RenderText {#text} at (0,0) size 242x21
            text run at (0,0) width 242: "5.3.5    'background-attachment'"
        RenderText {#text} at (0,0) size 0x0
      RenderBlock {P} at (0,356) size 768x105
        RenderInline {EM} at (0,0) size 46x21
          RenderText {#text} at (0,0) size 46x21
            text run at (0,0) width 46: "Value:"
        RenderText {#text} at (46,0) size 88x21
          text run at (46,0) width 88: " scroll | fixed"
        RenderBR {BR} at (134,16) size 0x0
        RenderInline {EM} at (0,0) size 42x21
          RenderText {#text} at (0,21) size 42x21
            text run at (0,21) width 42: "Initial:"
        RenderText {#text} at (42,21) size 42x21
          text run at (42,21) width 42: " scroll"
        RenderBR {BR} at (84,37) size 0x0
        RenderInline {EM} at (0,0) size 75x21
          RenderText {#text} at (0,42) size 75x21
            text run at (0,42) width 75: "Applies to:"
        RenderText {#text} at (75,42) size 90x21
          text run at (75,42) width 90: " all elements"
        RenderBR {BR} at (165,58) size 0x0
        RenderInline {EM} at (0,0) size 66x21
          RenderText {#text} at (0,63) size 66x21
            text run at (0,63) width 66: "Inherited:"
        RenderText {#text} at (66,63) size 22x21
          text run at (66,63) width 22: " no"
        RenderBR {BR} at (88,79) size 0x0
        RenderInline {EM} at (0,0) size 137x21
          RenderText {#text} at (0,84) size 137x21
            text run at (0,84) width 137: "Percentage values:"
        RenderText {#text} at (137,84) size 31x21
          text run at (137,84) width 31: " N/A"
        RenderBR {BR} at (168,100) size 0x0
      RenderBlock {P} at (0,477) size 768x42
        RenderText {#text} at (0,0) size 752x42
          text run at (0,0) width 752: "If a background image is specified, the value of 'background-attachment' determines if it is fixed with regard"
          text run at (0,21) width 349: "to the canvas or if it scrolls along with the content."
      RenderBlock {PRE} at (0,535) size 768x85
        RenderText {#text} at (0,0) size 203x85
          text run at (0,0) width 57: "  BODY { "
          text run at (57,0) width 0: " "
          text run at (0,17) width 203: "    background: red url(pendant.gif);"
          text run at (203,17) width 0: " "
          text run at (0,34) width 182: "    background-repeat: repeat-y;"
          text run at (182,34) width 0: " "
          text run at (0,51) width 192: "    background-attachment: fixed;"
          text run at (192,51) width 0: " "
          text run at (0,68) width 12: "  }"
          text run at (12,68) width 0: " "
      RenderBlock {P} at (0,636) size 768x63
        RenderInline {EM} at (0,0) size 82x21
          RenderText {#text} at (0,0) size 82x21
            text run at (0,0) width 82: "CSS1 core:"
        RenderText {#text} at (82,0) size 734x63
          text run at (82,0) width 652: " UAs may treat 'fixed' as 'scroll'. However, it is recommended they interpret 'fixed' correctly, at"
          text run at (0,21) width 730: "least on the HTML and BODY elements, since there is no way for an author to provide an image only for"
          text run at (0,42) width 243: "those browsers that support 'fixed'."
      RenderTable {TABLE} at (0,715) size 768x636 [border: (1px outset #808080)]
        RenderTableSection {TBODY} at (1,1) size 766x634
          RenderTableRow {TR} at (0,0) size 766x29
            RenderTableCell {TD} at (0,0) size 766x29 [bgcolor=#C0C0C0] [border: (1px inset #808080)] [r=0 c=0 rs=1 cs=2]
              RenderInline {STRONG} at (0,0) size 178x21
                RenderText {#text} at (4,4) size 178x21
                  text run at (4,4) width 178: "TABLE Testing Section"
          RenderTableRow {TR} at (0,29) size 766x605
            RenderTableCell {TD} at (0,317) size 12x29 [bgcolor=#C0C0C0] [border: (1px inset #808080)] [r=1 c=0 rs=1 cs=1]
              RenderText {#text} at (4,4) size 4x21
                text run at (4,4) width 4: " "
            RenderTableCell {TD} at (12,29) size 754x605 [border: (1px inset #808080)] [r=1 c=1 rs=1 cs=1]
              RenderBlock {P} at (4,4) size 746x126
                RenderText {#text} at (0,0) size 738x126
                  text run at (0,0) width 680: "This document should have a green grid-pattern line across the top of the page (or at least a tiled"
                  text run at (0,21) width 395: "background) which does NOT scroll with the document. "
                  text run at (395,21) width 321: "It should, instead, appear to be a fixed pattern"
                  text run at (0,42) width 520: "past which the content scrolls, even when the end of the page is reached. "
                  text run at (520,42) width 191: "In addition, the default Test"
                  text run at (0,63) width 636: "Suite background should NOT appear, as it's been overridden by the styles shown above. "
                  text run at (636,63) width 102: "I'll have to add"
                  text run at (0,84) width 612: "a lot of extra text to the page in order to make all this something we can actually check. "
                  text run at (612,84) width 103: "Don't worry, I'll"
                  text run at (0,105) width 133: "think of something."
              RenderBlock {P} at (4,146) size 746x21
                RenderText {#text} at (0,0) size 562x21
                  text run at (0,0) width 461: "In fact, why not the relevant section from the CSS1 specification? "
                  text run at (461,0) width 101: "A capital idea."
              RenderBlock {HR} at (4,183) size 746x2 [border: (1px inset #000000)]
              RenderBlock {HR} at (4,193) size 746x2 [border: (1px inset #000000)]
              RenderBlock {H4} at (4,216) size 746x21
                RenderInline {A} at (0,0) size 242x21
                  RenderText {#text} at (0,0) size 242x21
                    text run at (0,0) width 242: "5.3.5    'background-attachment'"
                RenderText {#text} at (0,0) size 0x0
              RenderBlock {P} at (4,258) size 746x105
                RenderInline {EM} at (0,0) size 46x21
                  RenderText {#text} at (0,0) size 46x21
                    text run at (0,0) width 46: "Value:"
                RenderText {#text} at (46,0) size 88x21
                  text run at (46,0) width 88: " scroll | fixed"
                RenderBR {BR} at (134,16) size 0x0
                RenderInline {EM} at (0,0) size 42x21
                  RenderText {#text} at (0,21) size 42x21
                    text run at (0,21) width 42: "Initial:"
                RenderText {#text} at (42,21) size 42x21
                  text run at (42,21) width 42: " scroll"
                RenderBR {BR} at (84,37) size 0x0
                RenderInline {EM} at (0,0) size 75x21
                  RenderText {#text} at (0,42) size 75x21
                    text run at (0,42) width 75: "Applies to:"
                RenderText {#text} at (75,42) size 90x21
                  text run at (75,42) width 90: " all elements"
                RenderBR {BR} at (165,58) size 0x0
                RenderInline {EM} at (0,0) size 66x21
                  RenderText {#text} at (0,63) size 66x21
                    text run at (0,63) width 66: "Inherited:"
                RenderText {#text} at (66,63) size 22x21
                  text run at (66,63) width 22: " no"
                RenderBR {BR} at (88,79) size 0x0
                RenderInline {EM} at (0,0) size 137x21
                  RenderText {#text} at (0,84) size 137x21
                    text run at (0,84) width 137: "Percentage values:"
                RenderText {#text} at (137,84) size 31x21
                  text run at (137,84) width 31: " N/A"
                RenderBR {BR} at (168,100) size 0x0
              RenderBlock {P} at (4,379) size 746x42
                RenderText {#text} at (0,0) size 702x42
                  text run at (0,0) width 702: "If a background image is specified, the value of 'background-attachment' determines if it is fixed with"
                  text run at (0,21) width 399: "regard to the canvas or if it scrolls along with the content."
              RenderBlock {PRE} at (4,437) size 746x85
                RenderText {#text} at (0,0) size 203x85
                  text run at (0,0) width 57: "  BODY { "
                  text run at (57,0) width 0: " "
                  text run at (0,17) width 203: "    background: red url(pendant.gif);"
                  text run at (203,17) width 0: " "
                  text run at (0,34) width 182: "    background-repeat: repeat-y;"
                  text run at (182,34) width 0: " "
                  text run at (0,51) width 192: "    background-attachment: fixed;"
                  text run at (192,51) width 0: " "
                  text run at (0,68) width 12: "  }"
                  text run at (12,68) width 0: " "
              RenderBlock {P} at (4,538) size 746x63
                RenderInline {EM} at (0,0) size 82x21
                  RenderText {#text} at (0,0) size 82x21
                    text run at (0,0) width 82: "CSS1 core:"
                RenderText {#text} at (82,0) size 734x63
                  text run at (82,0) width 652: " UAs may treat 'fixed' as 'scroll'. However, it is recommended they interpret 'fixed' correctly, at"
                  text run at (0,21) width 730: "least on the HTML and BODY elements, since there is no way for an author to provide an image only for"
                  text run at (0,42) width 243: "those browsers that support 'fixed'."
