layer at (0,0) size 800x600
  RenderView at (0,0) size 800x600
layer at (0,0) size 800x600
  RenderBlock {HTML} at (0,0) size 800x600
    RenderBody {BODY} at (8,8) size 784x584 [bgcolor=#CCCCCC]
      RenderBlock {P} at (0,0) size 784x22
        RenderText {#text} at (0,0) size 380x22
          text run at (0,0) width 380: "The style declarations which apply to the text below are:"
      RenderBlock {PRE} at (0,38) size 784x34
        RenderText {#text} at (0,0) size 118x34
          text run at (0,0) width 118: ".one {color: green;}"
          text run at (118,0) width 0: " "
          text run at (0,17) width 0: " "
      RenderBlock {HR} at (0,85) size 784x2 [border: (1px inset #000000)]
      RenderBlock {P} at (0,103) size 784x22 [color=#008000]
        RenderText {#text} at (0,0) size 206x22
          text run at (0,0) width 206: "This sentence should be green."
      RenderBlock {P} at (0,141) size 784x22 [color=#008000]
        RenderText {#text} at (0,0) size 206x22
          text run at (0,0) width 206: "This sentence should be green."
      RenderTable {TABLE} at (0,179) size 228x100 [border: (1px outset #808080)]
        RenderTableSection {TBODY} at (1,1) size 226x98
          RenderTableRow {TR} at (0,0) size 226x30
            RenderTableCell {TD} at (0,0) size 226x30 [bgcolor=#C0C0C0] [border: (1px inset #808080)] [r=0 c=0 rs=1 cs=2]
              RenderInline {STRONG} at (0,0) size 163x22
                RenderText {#text} at (4,4) size 163x22
                  text run at (4,4) width 163: "TABLE Testing Section"
          RenderTableRow {TR} at (0,30) size 226x68
            RenderTableCell {TD} at (0,49) size 12x30 [bgcolor=#C0C0C0] [border: (1px inset #808080)] [r=1 c=0 rs=1 cs=1]
              RenderText {#text} at (4,4) size 4x22
                text run at (4,4) width 4: " "
            RenderTableCell {TD} at (12,30) size 214x68 [border: (1px inset #808080)] [r=1 c=1 rs=1 cs=1]
              RenderBlock {P} at (4,4) size 206x22 [color=#008000]
                RenderText {#text} at (0,0) size 206x22
                  text run at (0,0) width 206: "This sentence should be green."
              RenderBlock {P} at (4,42) size 206x22 [color=#008000]
                RenderText {#text} at (0,0) size 206x22
                  text run at (0,0) width 206: "This sentence should be green."
