layer at (0,0) size 800x600
  RenderView at (0,0) size 800x600
layer at (0,0) size 800x172
  RenderBlock {HTML} at (0,0) size 800x172
    RenderBody {BODY} at (8,8) size 784x144
      RenderBlock (anonymous) at (0,0) size 784x16
        RenderInline {DIV} at (0,0) size 528x17 [color=#FFFFFF] [bgcolor=#FF0000]
          RenderText {#text} at (16,0) size 528x17
            text run at (16,0) width 528: "Ahem_font_required_for_this_test."
        RenderText {#text} at (0,0) size 0x0
      RenderBlock {P} at (0,32) size 784x32
        RenderText {#text} at (0,0) size 768x33
          text run at (0,0) width 768: "There should be no red below, only two identical"
          text run at (0,16) width 448: "striped green and lime bars."
      RenderBlock {DIV} at (20,84) size 744x20
        RenderInline {SPAN} at (0,0) size 220x20 [color=#800000] [bgcolor=#FF0000]
          RenderText {#text} at (0,0) size 0x0
          RenderInline {SPAN} at (0,0) size 40x20 [color=#008000] [bgcolor=#00FF00]
            RenderText {#text} at (0,0) size 40x20
              text run at (0,0) width 40: "X "
          RenderText {#text} at (0,0) size 0x0
          RenderInline {SPAN} at (0,0) size 0x0
            RenderText {#text} at (0,0) size 0x0
          RenderText {#text} at (0,0) size 0x0
          RenderInline {SPAN} at (0,0) size 40x20 [color=#008000] [bgcolor=#00FF00]
            RenderText {#text} at (40,0) size 40x20
              text run at (40,0) width 40: "X "
          RenderText {#text} at (0,0) size 0x0
          RenderInline {SPAN} at (0,0) size 40x20 [color=#008000] [bgcolor=#00FF00]
            RenderText {#text} at (80,0) size 40x20
              text run at (80,0) width 40: "X "
          RenderText {#text} at (0,0) size 0x0
          RenderInline {SPAN} at (0,0) size 40x20 [color=#008000] [bgcolor=#00FF00]
            RenderText {#text} at (120,0) size 40x20
              text run at (120,0) width 40: "X "
          RenderText {#text} at (0,0) size 0x0
          RenderInline {SPAN} at (0,0) size 20x20 [color=#008000] [bgcolor=#00FF00]
            RenderText {#text} at (160,0) size 20x20
              text run at (160,0) width 20: "X"
          RenderInline {SPAN} at (0,0) size 40x20 [color=#008000] [bgcolor=#00FF00]
            RenderText {#text} at (180,0) size 40x20
              text run at (180,0) width 40: " X"
            RenderInline {SPAN} at (0,0) size 0x0 [color=#800000] [bgcolor=#FF0000]
              RenderText {#text} at (0,0) size 0x0
          RenderText {#text} at (0,0) size 0x0
      RenderBlock {DIV} at (20,124) size 744x20
        RenderInline {SPAN} at (0,0) size 220x20 [color=#008000] [bgcolor=#00FF00]
          RenderText {#text} at (0,0) size 220x20
            text run at (0,0) width 220: "X X X X X X"
