layer at (0,0) size 800x600
  RenderView at (0,0) size 800x600
layer at (0,0) size 800x600
  RenderBlock {HTML} at (0,0) size 800x600
    RenderBody {BODY} at (8,8) size 784x584
      RenderBlock {DIV} at (0,0) size 204x39 [border: (2px solid #FF0000)]
        RenderInline {FONT} at (0,0) size 458x33 [color=#996699]
          RenderText {#text} at (0,0) size 0x0
          RenderInline {NOBR} at (0,0) size 400x17
            RenderText {#text} at (2,2) size 32x17
              text run at (2,2) width 32: "\x{2022} "
            RenderInline {A} at (0,0) size 288x17 [color=#0000EE]
              RenderText {#text} at (34,2) size 288x17
                text run at (34,2) width 288: "Corporate Services"
            RenderText {#text} at (322,2) size 80x17
              text run at (322,2) width 80: "     "
          RenderText {#text} at (0,0) size 0x0
          RenderInline {NOBR} at (0,0) size 458x17
            RenderText {#text} at (2,18) size 32x17
              text run at (2,18) width 32: "\x{2022} "
            RenderInline {A} at (0,0) size 346x17 [color=#0000EE]
              RenderText {#text} at (34,18) size 320x17
                text run at (34,18) width 320: "1-800-las-flores.com"
              RenderInline {SUB} at (0,0) size 26x14
                RenderText {#text} at (354,24) size 26x14
                  text run at (354,24) width 26: "sm"
            RenderText {#text} at (380,18) size 80x17
              text run at (380,18) width 80: "     "
          RenderText {#text} at (0,0) size 0x0
      RenderBlock (anonymous) at (0,39) size 784x0
        RenderInline {FONT} at (0,0) size 0x0 [color=#996699]
          RenderText {#text} at (0,0) size 0x0
