layer at (0,0) size 1695x585
  RenderView at (0,0) size 800x585
layer at (0,0) size 800x585
  RenderBlock {HTML} at (0,0) size 800x585
    RenderBody {BODY} at (8,8) size 784x569
      RenderTable {TABLE} at (0,0) size 314x30
        RenderTableSection {TBODY} at (0,0) size 314x30
          RenderTableRow {TR} at (0,2) size 314x26
            RenderTableCell {TD} at (2,2) size 310x26 [border: (2px solid #0000FF)] [r=0 c=0 rs=1 cs=1]
              RenderBlock {DIV} at (3,3) size 304x20 [border: (2px solid #008000)]
                RenderInline {NOBR} at (0,0) size 1680x17
                  RenderText {#text} at (2,2) size 1680x17
                    text run at (2,2) width 592: "This text should be all on one line. "
                    text run at (594,2) width 768: "It should spill out of the 300 pixel wide green "
                    text run at (1362,2) width 320: "and blue rectangles."
                RenderText {#text} at (0,0) size 0x0
