layer at (0,0) size 1530x585
  RenderView at (0,0) size 800x585
layer at (0,0) size 800x585
  RenderBlock {HTML} at (0,0) size 800x585
    RenderBody {BODY} at (8,8) size 784x569
      RenderTable {TABLE} at (0,0) size 784x186
        RenderTableSection {TBODY} at (0,0) size 784x186
          RenderTableRow {TR} at (0,2) size 784x182
            RenderTableCell {TD} at (2,2) size 182x182 [r=0 c=0 rs=1 cs=1]
              RenderBlock (floating) {DIV} at (1,1) size 180x180 [border: (2px solid #FF0000)]
                RenderText {#text} at (2,2) size 176x177
                  text run at (2,2) width 128: "Here-is-"
                  text run at (2,18) width 160: "some-info-"
                  text run at (2,34) width 144: "from-the-"
                  text run at (2,50) width 176: "complaints-"
                  text run at (2,66) width 176: "department-"
                  text run at (2,82) width 160: "some-info-"
                  text run at (2,98) width 144: "from-the-"
                  text run at (2,114) width 176: "complaints-"
                  text run at (2,130) width 176: "department-"
                  text run at (2,146) width 160: "some-info-"
                  text run at (2,162) width 128: "from-the"
            RenderTableCell {TD} at (186,92) size 596x2 [r=0 c=1 rs=1 cs=1]
      RenderTable {TABLE} at (0,186) size 784x186
        RenderTableSection {TBODY} at (0,0) size 784x186
          RenderTableRow {TR} at (0,2) size 784x182
            RenderTableCell {TD} at (2,2) size 166x182 [r=0 c=0 rs=1 cs=1]
              RenderBlock (floating) {DIV} at (1,1) size 164x180 [border: (2px solid #FF0000)]
                RenderText {#text} at (2,2) size 160x177
                  text run at (2,2) width 112: "Here is"
                  text run at (2,18) width 144: "some info"
                  text run at (2,34) width 128: "from the"
                  text run at (2,50) width 160: "complaints"
                  text run at (2,66) width 160: "department"
                  text run at (2,82) width 144: "some-info"
                  text run at (2,98) width 128: "from the"
                  text run at (2,114) width 160: "complaints"
                  text run at (2,130) width 160: "department"
                  text run at (2,146) width 144: "some info"
                  text run at (2,162) width 128: "from the"
            RenderTableCell {TD} at (170,92) size 612x2 [r=0 c=1 rs=1 cs=1]
      RenderTable {TABLE} at (0,372) size 1522x60 [border: (2px outset #808080)]
        RenderTableSection {TBODY} at (2,2) size 1518x56
          RenderTableRow {TR} at (0,2) size 1518x52
            RenderTableCell {TD} at (2,2) size 1508x52 [border: (1px inset #808080)] [r=0 c=0 rs=1 cs=1]
              RenderText {#text} at (2,2) size 384x17
                text run at (2,2) width 384: "This is a test to see if"
              RenderInline {SPAN} at (0,0) size 1504x49
                RenderText {#text} at (386,2) size 1504x49
                  text run at (386,2) width 256: "this is computed"
                  text run at (642,2) width 0: " "
                  text run at (2,18) width 1504: "correctly.  In particular, we have a really long line here that could throw off the min-width."
                  text run at (1506,18) width 0: " "
                  text run at (2,34) width 96: "Is it?"
              RenderText {#text} at (0,0) size 0x0
            RenderTableCell {TD} at (1512,26) size 4x4 [border: (1px inset #808080)] [r=0 c=1 rs=1 cs=1]
