layer at (0,0) size 785x755
  RenderView at (0,0) size 785x600
layer at (0,0) size 785x755
  RenderBlock {HTML} at (0,0) size 785x755
    RenderBody {BODY} at (8,8) size 769x739
      RenderFieldSet {FIELDSET} at (2,0) size 765x739 [border: (2px groove #C0C0C0)]
        RenderBlock {DIV} at (14,7) size 737x720
          RenderInline {DIV} at (0,0) size 214x17
            RenderInline {DIV} at (0,0) size 214x17
              RenderText {#text} at (0,0) size 0x0
              RenderInline {A} at (0,0) size 50x17 [color=#0000EE]
                RenderImage {IMG} at (0,0) size 50x34
              RenderText {#text} at (50,21) size 16x17
                text run at (50,21) width 16: " "
              RenderBlock {INPUT} at (70,25) size 12x12
              RenderInline {LABEL} at (0,0) size 112x17
                RenderText {#text} at (86,21) size 112x17
                  text run at (86,21) width 112: "Classic"
              RenderText {#text} at (198,21) size 16x17
                text run at (198,21) width 16: " "
          RenderText {#text} at (0,0) size 0x0
          RenderInline {DIV} at (0,0) size 182x17
            RenderInline {DIV} at (0,0) size 182x17
              RenderText {#text} at (0,0) size 0x0
              RenderInline {A} at (0,0) size 50x17 [color=#0000EE]
                RenderImage {IMG} at (214,0) size 50x34
              RenderText {#text} at (264,21) size 16x17
                text run at (264,21) width 16: " "
              RenderBlock {INPUT} at (284,25) size 12x12
              RenderInline {LABEL} at (0,0) size 96x17
                RenderText {#text} at (300,21) size 96x17
                  text run at (300,21) width 96: "Africa"
              RenderText {#text} at (0,0) size 0x0
          RenderText {#text} at (0,0) size 0x0
          RenderInline {DIV} at (0,0) size 390x17
            RenderInline {DIV} at (0,0) size 390x17
              RenderText {#text} at (0,0) size 0x0
              RenderInline {A} at (0,0) size 50x17 [color=#0000EE]
                RenderImage {IMG} at (0,40) size 50x34
              RenderText {#text} at (50,61) size 16x17
                text run at (50,61) width 16: " "
              RenderBlock {INPUT} at (70,65) size 12x12
              RenderInline {LABEL} at (0,0) size 288x17
                RenderText {#text} at (86,61) size 288x17
                  text run at (86,61) width 288: "Alexander's Empire"
              RenderText {#text} at (374,61) size 16x17
                text run at (374,61) width 16: " "
          RenderText {#text} at (0,0) size 0x0
          RenderInline {DIV} at (0,0) size 310x17
            RenderInline {DIV} at (0,0) size 310x17
              RenderText {#text} at (0,0) size 0x0
              RenderInline {A} at (0,0) size 50x17 [color=#0000EE]
                RenderImage {IMG} at (390,40) size 50x34
              RenderText {#text} at (440,61) size 16x17
                text run at (440,61) width 16: " "
              RenderBlock {INPUT} at (460,65) size 12x12
              RenderInline {LABEL} at (0,0) size 224x17
                RenderText {#text} at (476,61) size 224x17
                  text run at (476,61) width 224: "Ancient Greece"
              RenderText {#text} at (0,0) size 0x0
          RenderText {#text} at (0,0) size 0x0
          RenderInline {DIV} at (0,0) size 214x17
            RenderInline {DIV} at (0,0) size 214x17
              RenderText {#text} at (0,0) size 0x0
              RenderInline {A} at (0,0) size 50x17 [color=#0000EE]
                RenderImage {IMG} at (0,80) size 50x34
              RenderText {#text} at (50,101) size 16x17
                text run at (50,101) width 16: " "
              RenderBlock {INPUT} at (70,105) size 12x12
              RenderInline {LABEL} at (0,0) size 112x17
                RenderText {#text} at (86,101) size 112x17
                  text run at (86,101) width 112: "Classic"
              RenderText {#text} at (198,101) size 16x17
                text run at (198,101) width 16: " "
          RenderText {#text} at (0,0) size 0x0
          RenderInline {DIV} at (0,0) size 182x17
            RenderInline {DIV} at (0,0) size 182x17
              RenderText {#text} at (0,0) size 0x0
              RenderInline {A} at (0,0) size 50x17 [color=#0000EE]
                RenderImage {IMG} at (214,80) size 50x34
              RenderText {#text} at (264,101) size 16x17
                text run at (264,101) width 16: " "
              RenderBlock {INPUT} at (284,105) size 12x12
              RenderInline {LABEL} at (0,0) size 96x17
                RenderText {#text} at (300,101) size 96x17
                  text run at (300,101) width 96: "Africa"
              RenderText {#text} at (0,0) size 0x0
          RenderText {#text} at (0,0) size 0x0
          RenderInline {DIV} at (0,0) size 390x17
            RenderInline {DIV} at (0,0) size 390x17
              RenderText {#text} at (0,0) size 0x0
              RenderInline {A} at (0,0) size 50x17 [color=#0000EE]
                RenderImage {IMG} at (0,120) size 50x34
              RenderText {#text} at (50,141) size 16x17
                text run at (50,141) width 16: " "
              RenderBlock {INPUT} at (70,145) size 12x12
              RenderInline {LABEL} at (0,0) size 288x17
                RenderText {#text} at (86,141) size 288x17
                  text run at (86,141) width 288: "Alexander's Empire"
              RenderText {#text} at (374,141) size 16x17
                text run at (374,141) width 16: " "
          RenderText {#text} at (0,0) size 0x0
          RenderInline {DIV} at (0,0) size 310x17
            RenderInline {DIV} at (0,0) size 310x17
              RenderText {#text} at (0,0) size 0x0
              RenderInline {A} at (0,0) size 50x17 [color=#0000EE]
                RenderImage {IMG} at (390,120) size 50x34
              RenderText {#text} at (440,141) size 16x17
                text run at (440,141) width 16: " "
              RenderBlock {INPUT} at (460,145) size 12x12
              RenderInline {LABEL} at (0,0) size 224x17
                RenderText {#text} at (476,141) size 224x17
                  text run at (476,141) width 224: "Ancient Greece"
              RenderText {#text} at (0,0) size 0x0
          RenderText {#text} at (0,0) size 0x0
          RenderInline {DIV} at (0,0) size 214x17
            RenderInline {DIV} at (0,0) size 214x17
              RenderText {#text} at (0,0) size 0x0
              RenderInline {A} at (0,0) size 50x17 [color=#0000EE]
                RenderImage {IMG} at (0,160) size 50x34
              RenderText {#text} at (50,181) size 16x17
                text run at (50,181) width 16: " "
              RenderBlock {INPUT} at (70,185) size 12x12
              RenderInline {LABEL} at (0,0) size 112x17
                RenderText {#text} at (86,181) size 112x17
                  text run at (86,181) width 112: "Classic"
              RenderText {#text} at (198,181) size 16x17
                text run at (198,181) width 16: " "
          RenderText {#text} at (0,0) size 0x0
          RenderInline {DIV} at (0,0) size 182x17
            RenderInline {DIV} at (0,0) size 182x17
              RenderText {#text} at (0,0) size 0x0
              RenderInline {A} at (0,0) size 50x17 [color=#0000EE]
                RenderImage {IMG} at (214,160) size 50x34
              RenderText {#text} at (264,181) size 16x17
                text run at (264,181) width 16: " "
              RenderBlock {INPUT} at (284,185) size 12x12
              RenderInline {LABEL} at (0,0) size 96x17
                RenderText {#text} at (300,181) size 96x17
                  text run at (300,181) width 96: "Africa"
              RenderText {#text} at (0,0) size 0x0
          RenderText {#text} at (0,0) size 0x0
          RenderInline {DIV} at (0,0) size 390x17
            RenderInline {DIV} at (0,0) size 390x17
              RenderText {#text} at (0,0) size 0x0
              RenderInline {A} at (0,0) size 50x17 [color=#0000EE]
                RenderImage {IMG} at (0,200) size 50x34
              RenderText {#text} at (50,221) size 16x17
                text run at (50,221) width 16: " "
              RenderBlock {INPUT} at (70,225) size 12x12
              RenderInline {LABEL} at (0,0) size 288x17
                RenderText {#text} at (86,221) size 288x17
                  text run at (86,221) width 288: "Alexander's Empire"
              RenderText {#text} at (374,221) size 16x17
                text run at (374,221) width 16: " "
          RenderText {#text} at (0,0) size 0x0
          RenderInline {DIV} at (0,0) size 310x17
            RenderInline {DIV} at (0,0) size 310x17
              RenderText {#text} at (0,0) size 0x0
              RenderInline {A} at (0,0) size 50x17 [color=#0000EE]
                RenderImage {IMG} at (390,200) size 50x34
              RenderText {#text} at (440,221) size 16x17
                text run at (440,221) width 16: " "
              RenderBlock {INPUT} at (460,225) size 12x12
              RenderInline {LABEL} at (0,0) size 224x17
                RenderText {#text} at (476,221) size 224x17
                  text run at (476,221) width 224: "Ancient Greece"
              RenderText {#text} at (0,0) size 0x0
          RenderText {#text} at (0,0) size 0x0
          RenderInline {DIV} at (0,0) size 214x17
            RenderInline {DIV} at (0,0) size 214x17
              RenderText {#text} at (0,0) size 0x0
              RenderInline {A} at (0,0) size 50x17 [color=#0000EE]
                RenderImage {IMG} at (0,240) size 50x34
              RenderText {#text} at (50,261) size 16x17
                text run at (50,261) width 16: " "
              RenderBlock {INPUT} at (70,265) size 12x12
              RenderInline {LABEL} at (0,0) size 112x17
                RenderText {#text} at (86,261) size 112x17
                  text run at (86,261) width 112: "Classic"
              RenderText {#text} at (198,261) size 16x17
                text run at (198,261) width 16: " "
          RenderText {#text} at (0,0) size 0x0
          RenderInline {DIV} at (0,0) size 182x17
            RenderInline {DIV} at (0,0) size 182x17
              RenderText {#text} at (0,0) size 0x0
              RenderInline {A} at (0,0) size 50x17 [color=#0000EE]
                RenderImage {IMG} at (214,240) size 50x34
              RenderText {#text} at (264,261) size 16x17
                text run at (264,261) width 16: " "
              RenderBlock {INPUT} at (284,265) size 12x12
              RenderInline {LABEL} at (0,0) size 96x17
                RenderText {#text} at (300,261) size 96x17
                  text run at (300,261) width 96: "Africa"
              RenderText {#text} at (0,0) size 0x0
          RenderText {#text} at (0,0) size 0x0
          RenderInline {DIV} at (0,0) size 390x17
            RenderInline {DIV} at (0,0) size 390x17
              RenderText {#text} at (0,0) size 0x0
              RenderInline {A} at (0,0) size 50x17 [color=#0000EE]
                RenderImage {IMG} at (0,280) size 50x34
              RenderText {#text} at (50,301) size 16x17
                text run at (50,301) width 16: " "
              RenderBlock {INPUT} at (70,305) size 12x12
              RenderInline {LABEL} at (0,0) size 288x17
                RenderText {#text} at (86,301) size 288x17
                  text run at (86,301) width 288: "Alexander's Empire"
              RenderText {#text} at (374,301) size 16x17
                text run at (374,301) width 16: " "
          RenderText {#text} at (0,0) size 0x0
          RenderInline {DIV} at (0,0) size 310x17
            RenderInline {DIV} at (0,0) size 310x17
              RenderText {#text} at (0,0) size 0x0
              RenderInline {A} at (0,0) size 50x17 [color=#0000EE]
                RenderImage {IMG} at (390,280) size 50x34
              RenderText {#text} at (440,301) size 16x17
                text run at (440,301) width 16: " "
              RenderBlock {INPUT} at (460,305) size 12x12
              RenderInline {LABEL} at (0,0) size 224x17
                RenderText {#text} at (476,301) size 224x17
                  text run at (476,301) width 224: "Ancient Greece"
              RenderText {#text} at (0,0) size 0x0
          RenderText {#text} at (0,0) size 0x0
          RenderInline {DIV} at (0,0) size 214x17
            RenderInline {DIV} at (0,0) size 214x17
              RenderText {#text} at (0,0) size 0x0
              RenderInline {A} at (0,0) size 50x17 [color=#0000EE]
                RenderImage {IMG} at (0,320) size 50x34
              RenderText {#text} at (50,341) size 16x17
                text run at (50,341) width 16: " "
              RenderBlock {INPUT} at (70,345) size 12x12
              RenderInline {LABEL} at (0,0) size 112x17
                RenderText {#text} at (86,341) size 112x17
                  text run at (86,341) width 112: "Classic"
              RenderText {#text} at (198,341) size 16x17
                text run at (198,341) width 16: " "
          RenderText {#text} at (0,0) size 0x0
          RenderInline {DIV} at (0,0) size 182x17
            RenderInline {DIV} at (0,0) size 182x17
              RenderText {#text} at (0,0) size 0x0
              RenderInline {A} at (0,0) size 50x17 [color=#0000EE]
                RenderImage {IMG} at (214,320) size 50x34
              RenderText {#text} at (264,341) size 16x17
                text run at (264,341) width 16: " "
              RenderBlock {INPUT} at (284,345) size 12x12
              RenderInline {LABEL} at (0,0) size 96x17
                RenderText {#text} at (300,341) size 96x17
                  text run at (300,341) width 96: "Africa"
              RenderText {#text} at (0,0) size 0x0
          RenderText {#text} at (0,0) size 0x0
          RenderInline {DIV} at (0,0) size 390x17
            RenderInline {DIV} at (0,0) size 390x17
              RenderText {#text} at (0,0) size 0x0
              RenderInline {A} at (0,0) size 50x17 [color=#0000EE]
                RenderImage {IMG} at (0,360) size 50x34
              RenderText {#text} at (50,381) size 16x17
                text run at (50,381) width 16: " "
              RenderBlock {INPUT} at (70,385) size 12x12
              RenderInline {LABEL} at (0,0) size 288x17
                RenderText {#text} at (86,381) size 288x17
                  text run at (86,381) width 288: "Alexander's Empire"
              RenderText {#text} at (374,381) size 16x17
                text run at (374,381) width 16: " "
          RenderText {#text} at (0,0) size 0x0
          RenderInline {DIV} at (0,0) size 310x17
            RenderInline {DIV} at (0,0) size 310x17
              RenderText {#text} at (0,0) size 0x0
              RenderInline {A} at (0,0) size 50x17 [color=#0000EE]
                RenderImage {IMG} at (390,360) size 50x34
              RenderText {#text} at (440,381) size 16x17
                text run at (440,381) width 16: " "
              RenderBlock {INPUT} at (460,385) size 12x12
              RenderInline {LABEL} at (0,0) size 224x17
                RenderText {#text} at (476,381) size 224x17
                  text run at (476,381) width 224: "Ancient Greece"
              RenderText {#text} at (0,0) size 0x0
          RenderText {#text} at (0,0) size 0x0
          RenderInline {DIV} at (0,0) size 214x17
            RenderInline {DIV} at (0,0) size 214x17
              RenderText {#text} at (0,0) size 0x0
              RenderInline {A} at (0,0) size 50x17 [color=#0000EE]
                RenderImage {IMG} at (0,400) size 50x34
              RenderText {#text} at (50,421) size 16x17
                text run at (50,421) width 16: " "
              RenderBlock {INPUT} at (70,425) size 12x12
              RenderInline {LABEL} at (0,0) size 112x17
                RenderText {#text} at (86,421) size 112x17
                  text run at (86,421) width 112: "Classic"
              RenderText {#text} at (198,421) size 16x17
                text run at (198,421) width 16: " "
          RenderText {#text} at (0,0) size 0x0
          RenderInline {DIV} at (0,0) size 182x17
            RenderInline {DIV} at (0,0) size 182x17
              RenderText {#text} at (0,0) size 0x0
              RenderInline {A} at (0,0) size 50x17 [color=#0000EE]
                RenderImage {IMG} at (214,400) size 50x34
              RenderText {#text} at (264,421) size 16x17
                text run at (264,421) width 16: " "
              RenderBlock {INPUT} at (284,425) size 12x12
              RenderInline {LABEL} at (0,0) size 96x17
                RenderText {#text} at (300,421) size 96x17
                  text run at (300,421) width 96: "Africa"
              RenderText {#text} at (0,0) size 0x0
          RenderText {#text} at (0,0) size 0x0
          RenderInline {DIV} at (0,0) size 390x17
            RenderInline {DIV} at (0,0) size 390x17
              RenderText {#text} at (0,0) size 0x0
              RenderInline {A} at (0,0) size 50x17 [color=#0000EE]
                RenderImage {IMG} at (0,440) size 50x34
              RenderText {#text} at (50,461) size 16x17
                text run at (50,461) width 16: " "
              RenderBlock {INPUT} at (70,465) size 12x12
              RenderInline {LABEL} at (0,0) size 288x17
                RenderText {#text} at (86,461) size 288x17
                  text run at (86,461) width 288: "Alexander's Empire"
              RenderText {#text} at (374,461) size 16x17
                text run at (374,461) width 16: " "
          RenderText {#text} at (0,0) size 0x0
          RenderInline {DIV} at (0,0) size 310x17
            RenderInline {DIV} at (0,0) size 310x17
              RenderText {#text} at (0,0) size 0x0
              RenderInline {A} at (0,0) size 50x17 [color=#0000EE]
                RenderImage {IMG} at (390,440) size 50x34
              RenderText {#text} at (440,461) size 16x17
                text run at (440,461) width 16: " "
              RenderBlock {INPUT} at (460,465) size 12x12
              RenderInline {LABEL} at (0,0) size 224x17
                RenderText {#text} at (476,461) size 224x17
                  text run at (476,461) width 224: "Ancient Greece"
              RenderText {#text} at (0,0) size 0x0
          RenderText {#text} at (0,0) size 0x0
          RenderInline {DIV} at (0,0) size 214x17
            RenderInline {DIV} at (0,0) size 214x17
              RenderText {#text} at (0,0) size 0x0
              RenderInline {A} at (0,0) size 50x17 [color=#0000EE]
                RenderImage {IMG} at (0,480) size 50x34
              RenderText {#text} at (50,501) size 16x17
                text run at (50,501) width 16: " "
              RenderBlock {INPUT} at (70,505) size 12x12
              RenderInline {LABEL} at (0,0) size 112x17
                RenderText {#text} at (86,501) size 112x17
                  text run at (86,501) width 112: "Classic"
              RenderText {#text} at (198,501) size 16x17
                text run at (198,501) width 16: " "
          RenderText {#text} at (0,0) size 0x0
          RenderInline {DIV} at (0,0) size 182x17
            RenderInline {DIV} at (0,0) size 182x17
              RenderText {#text} at (0,0) size 0x0
              RenderInline {A} at (0,0) size 50x17 [color=#0000EE]
                RenderImage {IMG} at (214,480) size 50x34
              RenderText {#text} at (264,501) size 16x17
                text run at (264,501) width 16: " "
              RenderBlock {INPUT} at (284,505) size 12x12
              RenderInline {LABEL} at (0,0) size 96x17
                RenderText {#text} at (300,501) size 96x17
                  text run at (300,501) width 96: "Africa"
              RenderText {#text} at (0,0) size 0x0
          RenderText {#text} at (0,0) size 0x0
          RenderInline {DIV} at (0,0) size 390x17
            RenderInline {DIV} at (0,0) size 390x17
              RenderText {#text} at (0,0) size 0x0
              RenderInline {A} at (0,0) size 50x17 [color=#0000EE]
                RenderImage {IMG} at (0,520) size 50x34
              RenderText {#text} at (50,541) size 16x17
                text run at (50,541) width 16: " "
              RenderBlock {INPUT} at (70,545) size 12x12
              RenderInline {LABEL} at (0,0) size 288x17
                RenderText {#text} at (86,541) size 288x17
                  text run at (86,541) width 288: "Alexander's Empire"
              RenderText {#text} at (374,541) size 16x17
                text run at (374,541) width 16: " "
          RenderText {#text} at (0,0) size 0x0
          RenderInline {DIV} at (0,0) size 310x17
            RenderInline {DIV} at (0,0) size 310x17
              RenderText {#text} at (0,0) size 0x0
              RenderInline {A} at (0,0) size 50x17 [color=#0000EE]
                RenderImage {IMG} at (390,520) size 50x34
              RenderText {#text} at (440,541) size 16x17
                text run at (440,541) width 16: " "
              RenderBlock {INPUT} at (460,545) size 12x12
              RenderInline {LABEL} at (0,0) size 224x17
                RenderText {#text} at (476,541) size 224x17
                  text run at (476,541) width 224: "Ancient Greece"
              RenderText {#text} at (0,0) size 0x0
          RenderText {#text} at (0,0) size 0x0
          RenderInline {DIV} at (0,0) size 214x17
            RenderInline {DIV} at (0,0) size 214x17
              RenderText {#text} at (0,0) size 0x0
              RenderInline {A} at (0,0) size 50x17 [color=#0000EE]
                RenderImage {IMG} at (0,560) size 50x34
              RenderText {#text} at (50,581) size 16x17
                text run at (50,581) width 16: " "
              RenderBlock {INPUT} at (70,585) size 12x12
              RenderInline {LABEL} at (0,0) size 112x17
                RenderText {#text} at (86,581) size 112x17
                  text run at (86,581) width 112: "Classic"
              RenderText {#text} at (198,581) size 16x17
                text run at (198,581) width 16: " "
          RenderText {#text} at (0,0) size 0x0
          RenderInline {DIV} at (0,0) size 182x17
            RenderInline {DIV} at (0,0) size 182x17
              RenderText {#text} at (0,0) size 0x0
              RenderInline {A} at (0,0) size 50x17 [color=#0000EE]
                RenderImage {IMG} at (214,560) size 50x34
              RenderText {#text} at (264,581) size 16x17
                text run at (264,581) width 16: " "
              RenderBlock {INPUT} at (284,585) size 12x12
              RenderInline {LABEL} at (0,0) size 96x17
                RenderText {#text} at (300,581) size 96x17
                  text run at (300,581) width 96: "Africa"
              RenderText {#text} at (0,0) size 0x0
          RenderText {#text} at (0,0) size 0x0
          RenderInline {DIV} at (0,0) size 390x17
            RenderInline {DIV} at (0,0) size 390x17
              RenderText {#text} at (0,0) size 0x0
              RenderInline {A} at (0,0) size 50x17 [color=#0000EE]
                RenderImage {IMG} at (0,600) size 50x34
              RenderText {#text} at (50,621) size 16x17
                text run at (50,621) width 16: " "
              RenderBlock {INPUT} at (70,625) size 12x12
              RenderInline {LABEL} at (0,0) size 288x17
                RenderText {#text} at (86,621) size 288x17
                  text run at (86,621) width 288: "Alexander's Empire"
              RenderText {#text} at (374,621) size 16x17
                text run at (374,621) width 16: " "
          RenderText {#text} at (0,0) size 0x0
          RenderInline {DIV} at (0,0) size 310x17
            RenderInline {DIV} at (0,0) size 310x17
              RenderText {#text} at (0,0) size 0x0
              RenderInline {A} at (0,0) size 50x17 [color=#0000EE]
                RenderImage {IMG} at (390,600) size 50x34
              RenderText {#text} at (440,621) size 16x17
                text run at (440,621) width 16: " "
              RenderBlock {INPUT} at (460,625) size 12x12
              RenderInline {LABEL} at (0,0) size 224x17
                RenderText {#text} at (476,621) size 224x17
                  text run at (476,621) width 224: "Ancient Greece"
              RenderText {#text} at (0,0) size 0x0
          RenderText {#text} at (0,0) size 0x0
          RenderInline {DIV} at (0,0) size 214x17
            RenderInline {DIV} at (0,0) size 214x17
              RenderText {#text} at (0,0) size 0x0
              RenderInline {A} at (0,0) size 50x17 [color=#0000EE]
                RenderImage {IMG} at (0,640) size 50x34
              RenderText {#text} at (50,661) size 16x17
                text run at (50,661) width 16: " "
              RenderBlock {INPUT} at (70,665) size 12x12
              RenderInline {LABEL} at (0,0) size 112x17
                RenderText {#text} at (86,661) size 112x17
                  text run at (86,661) width 112: "Classic"
              RenderText {#text} at (198,661) size 16x17
                text run at (198,661) width 16: " "
          RenderText {#text} at (0,0) size 0x0
          RenderInline {DIV} at (0,0) size 182x17
            RenderInline {DIV} at (0,0) size 182x17
              RenderText {#text} at (0,0) size 0x0
              RenderInline {A} at (0,0) size 50x17 [color=#0000EE]
                RenderImage {IMG} at (214,640) size 50x34
              RenderText {#text} at (264,661) size 16x17
                text run at (264,661) width 16: " "
              RenderBlock {INPUT} at (284,665) size 12x12
              RenderInline {LABEL} at (0,0) size 96x17
                RenderText {#text} at (300,661) size 96x17
                  text run at (300,661) width 96: "Africa"
              RenderText {#text} at (0,0) size 0x0
          RenderText {#text} at (0,0) size 0x0
          RenderInline {DIV} at (0,0) size 390x17
            RenderInline {DIV} at (0,0) size 390x17
              RenderText {#text} at (0,0) size 0x0
              RenderInline {A} at (0,0) size 50x17 [color=#0000EE]
                RenderImage {IMG} at (0,680) size 50x34
              RenderText {#text} at (50,701) size 16x17
                text run at (50,701) width 16: " "
              RenderBlock {INPUT} at (70,705) size 12x12
              RenderInline {LABEL} at (0,0) size 288x17
                RenderText {#text} at (86,701) size 288x17
                  text run at (86,701) width 288: "Alexander's Empire"
              RenderText {#text} at (374,701) size 16x17
                text run at (374,701) width 16: " "
          RenderText {#text} at (0,0) size 0x0
          RenderInline {DIV} at (0,0) size 310x17
            RenderInline {DIV} at (0,0) size 310x17
              RenderText {#text} at (0,0) size 0x0
              RenderInline {A} at (0,0) size 50x17 [color=#0000EE]
                RenderImage {IMG} at (390,680) size 50x34
              RenderText {#text} at (440,701) size 16x17
                text run at (440,701) width 16: " "
              RenderBlock {INPUT} at (460,705) size 12x12
              RenderInline {LABEL} at (0,0) size 224x17
                RenderText {#text} at (476,701) size 224x17
                  text run at (476,701) width 224: "Ancient Greece"
              RenderText {#text} at (0,0) size 0x0
          RenderText {#text} at (0,0) size 0x0
