layer at (0,0) size 800x600
  RenderView at (0,0) size 800x600
layer at (0,0) size 800x600
  RenderBlock {HTML} at (0,0) size 800x600
    RenderBody {BODY} at (8,8) size 784x584
      RenderBlock {P} at (0,0) size 784x64
        RenderText {#text} at (0,0) size 144x17
          text run at (0,0) width 144: "Test for "
        RenderInline {I} at (0,0) size 752x65
          RenderInline {A} at (0,0) size 720x33 [color=#0000EE]
            RenderText {#text} at (144,0) size 720x33
              text run at (144,0) width 576: "http://bugs.webkit.org/show_bug.cgi?"
              text run at (0,16) width 128: "id=13072"
          RenderText {#text} at (128,16) size 752x49
            text run at (128,16) width 16: " "
            text run at (144,16) width 608: "REGRESSION (r15617): white-space: pre-"
            text run at (0,32) width 704: "wrap breaks off the last character of a wide"
            text run at (0,48) width 64: "word"
        RenderText {#text} at (64,48) size 16x17
          text run at (64,48) width 16: "."
      RenderBlock {P} at (0,80) size 784x16
        RenderText {#text} at (0,0) size 560x17
          text run at (0,0) width 560: "The following line should not wrap."
      RenderBlock {DIV} at (0,112) size 150x16 [bgcolor=#D3D3D3]
        RenderText {#text} at (0,0) size 416x17
          text run at (0,0) width 416: "abcdefghijklmnopqrstuvwxyz"
