layer at (0,0) size 800x600
  RenderView at (0,0) size 800x600
layer at (0,0) size 800x600
  RenderBlock {HTML} at (0,0) size 800x600
    RenderBody {BODY} at (8,8) size 784x579
      RenderBlock {P} at (0,0) size 784x64
        RenderText {#text} at (0,0) size 656x17
          text run at (0,0) width 656: "This test checks for a regression against"
        RenderInline {I} at (0,0) size 720x49
          RenderInline {A} at (0,0) size 704x33 [color=#0000EE]
            RenderText {#text} at (0,16) size 704x33
              text run at (0,16) width 704: "http://bugzilla.opendarwin.org/show_bug.cgi?"
              text run at (0,32) width 112: "id=5619"
          RenderText {#text} at (112,32) size 720x33
            text run at (112,32) width 608: " CSS2: pre-wrap has overflow/selection"
            text run at (0,48) width 128: "problems"
        RenderText {#text} at (128,48) size 16x17
          text run at (128,48) width 16: "."
      RenderBlock {P} at (0,80) size 784x48
        RenderText {#text} at (0,0) size 784x49
          text run at (0,0) width 688: "Both boxes should not have scroll bars. The"
          text run at (0,16) width 784: "selection should not spill out of the blue box to"
          text run at (0,32) width 320: "the right of \x{201C}text\x{201D}."
      RenderBlock {HR} at (0,144) size 784x2 [border: (1px inset #000000)]
      RenderBlock {HR} at (0,255) size 784x2 [border: (1px inset #000000)]
      RenderBlock {PRE} at (0,270) size 108x83 [border: (4px solid #0000FF)]
        RenderText {#text} at (4,4) size 100x75
          text run at (4,4) width 88: "This   text"
          text run at (92,4) width 12: "     "
          text run at (4,19) width 72: "will wrap"
          text run at (76,19) width 0: " "
          text run at (4,34) width 72: "and   fit"
          text run at (76,34) width 24: "   "
          text run at (4,49) width 80: "within the"
          text run at (84,49) width 0: " "
          text run at (4,64) width 32: "box."
          text run at (36,64) width 0: " "
layer at (8,167) size 108x83 clip at (12,171) size 100x75
  RenderBlock {PRE} at (0,159) size 108x83 [border: (4px solid #A52A2A)]
    RenderText {#text} at (4,4) size 100x75
      text run at (4,4) width 88: "This   text"
      text run at (92,4) width 12: "     "
      text run at (4,19) width 72: "will wrap"
      text run at (76,19) width 0: " "
      text run at (4,34) width 72: "and   fit"
      text run at (76,34) width 24: "   "
      text run at (4,49) width 80: "within the"
      text run at (84,49) width 0: " "
      text run at (4,64) width 32: "box."
      text run at (36,64) width 0: " "
selection start: position 7 of child 0 {#text} of child 7 {PRE} of body
selection end:   position 15 of child 0 {#text} of child 11 {PRE} of body
