layer at (0,0) size 800x600
  RenderView at (0,0) size 800x600
layer at (0,0) size 800x600
  RenderBlock {HTML} at (0,0) size 800x600
    RenderBody {BODY} at (8,8) size 784x584
      RenderTable {TABLE} at (0,0) size 784x134
        RenderTableSection {TBODY} at (0,0) size 784x134
          RenderTableRow {TR} at (0,2) size 784x130
            RenderTableCell {TD} at (2,2) size 780x130 [r=0 c=0 rs=1 cs=1]
              RenderBlock {DIV} at (1,1) size 778x128
                RenderText {#text} at (0,0) size 752x129
                  text run at (0,0) width 704: "Three cheers    for OldVet and the letter he"
                  text run at (704,0) width 16: " "
                  text run at (0,16) width 736: "wrote to Senator Dodd (see above Comment).  We"
                  text run at (736,16) width 16: " "
                  text run at (0,32) width 640: "all need to be proactive and contact our"
                  text run at (640,32) width 16: " "
                  text run at (0,48) width 720: "senators and representatives to let them know"
                  text run at (720,48) width 16: " "
                  text run at (0,64) width 720: "our strong feelings on this subject.  I would"
                  text run at (720,64) width 16: " "
                  text run at (0,80) width 656: "lose what little faith I have left in our"
                  text run at (656,80) width 16: " "
                  text run at (0,96) width 656: "government if they engineered a tax payer"
                  text run at (656,96) width 16: " "
                  text run at (0,112) width 144: "bailout. "
                  text run at (144,112) width 0: " "
