layer at (0,0) size 785x703
  RenderView at (0,0) size 785x600
layer at (0,0) size 785x703
  RenderBlock {HTML} at (0,0) size 785x703
    RenderBody {BODY} at (8,8) size 769x682
      RenderBlock {P} at (0,0) size 769x64
        RenderText {#text} at (0,0) size 128x17
          text run at (0,0) width 128: "Test for"
        RenderInline {I} at (0,0) size 752x49
          RenderInline {A} at (0,0) size 704x33 [color=#0000EE]
            RenderText {#text} at (0,16) size 704x33
              text run at (0,16) width 704: "http://bugzilla.opendarwin.org/show_bug.cgi?"
              text run at (0,32) width 112: "id=7216"
          RenderText {#text} at (112,32) size 752x33
            text run at (112,32) width 16: " "
            text run at (128,32) width 624: "white-space: pre-wrap collapses leading"
            text run at (0,48) width 480: "whitespace following a newline"
        RenderText {#text} at (480,48) size 16x17
          text run at (480,48) width 16: "."
      RenderBlock {HR} at (0,80) size 769x2 [border: (1px inset #000000)]
      RenderBlock {P} at (0,98) size 769x17
        RenderText {#text} at (0,0) size 80x17
          text run at (0,0) width 80: "Here "
        RenderInline {CODE} at (0,0) size 24x15
          RenderText {#text} at (80,2) size 24x15
            text run at (80,2) width 24: "bar"
        RenderText {#text} at (104,0) size 368x17
          text run at (104,0) width 368: " should be right under "
        RenderInline {CODE} at (0,0) size 24x15
          RenderText {#text} at (472,2) size 24x15
            text run at (472,2) width 24: "foo"
        RenderText {#text} at (496,0) size 16x17
          text run at (496,0) width 16: ":"
      RenderBlock {PRE} at (0,131) size 49x30 [bgcolor=#C0C0C0]
        RenderText {#text} at (0,0) size 49x30
          text run at (0,0) width 24: "foo"
          text run at (24,0) width 25: "      "
          text run at (0,15) width 24: "bar"
      RenderBlock {P} at (0,177) size 769x33
        RenderText {#text} at (0,0) size 80x17
          text run at (0,0) width 80: "Here "
        RenderInline {CODE} at (0,0) size 24x15
          RenderText {#text} at (80,2) size 24x15
            text run at (80,2) width 24: "bar"
        RenderText {#text} at (104,0) size 744x34
          text run at (104,0) width 640: " should be on the right hand side of the"
          text run at (0,17) width 192: "second line:"
      RenderBlock {PRE} at (0,226) size 49x30 [bgcolor=#C0C0C0]
        RenderText {#text} at (0,0) size 24x15
          text run at (0,0) width 24: "foo"
        RenderBR {BR} at (24,11) size 0x0
        RenderText {#text} at (0,15) size 48x15
          text run at (0,15) width 48: "   bar"
      RenderBlock {PRE} at (0,269) size 49x30 [bgcolor=#C0C0C0]
        RenderText {#text} at (0,0) size 56x15
          text run at (0,0) width 48: "foo   "
          text run at (48,0) width 8: " "
        RenderBR {BR} at (56,11) size 0x0
        RenderText {#text} at (0,15) size 48x15
          text run at (0,15) width 48: "   bar"
      RenderBlock {PRE} at (0,312) size 49x30 [bgcolor=#C0C0C0]
        RenderText {#text} at (0,0) size 48x30
          text run at (0,0) width 24: "foo"
          text run at (24,0) width 0: " "
          text run at (0,15) width 48: "   bar"
      RenderBlock {PRE} at (0,355) size 49x30 [bgcolor=#C0C0C0]
        RenderText {#text} at (0,0) size 48x30
          text run at (0,0) width 32: "foo "
          text run at (32,0) width 0: " "
          text run at (0,15) width 48: "   bar"
      RenderBlock {PRE} at (0,398) size 49x30 [bgcolor=#C0C0C0]
        RenderText {#text} at (0,0) size 48x30
          text run at (0,0) width 40: "foo  "
          text run at (40,0) width 0: " "
          text run at (0,15) width 48: "   bar"
      RenderBlock {PRE} at (0,441) size 49x30 [bgcolor=#C0C0C0]
        RenderText {#text} at (0,0) size 48x30
          text run at (0,0) width 48: "foo   "
          text run at (48,0) width 0: " "
          text run at (0,15) width 48: "   bar"
      RenderBlock {PRE} at (0,484) size 49x30 [bgcolor=#C0C0C0]
        RenderText {#text} at (0,0) size 64x30
          text run at (0,0) width 48: "foo   "
          text run at (48,0) width 16: "  "
          text run at (0,15) width 48: "   bar"
      RenderBlock {P} at (0,530) size 769x33
        RenderText {#text} at (0,0) size 80x17
          text run at (0,0) width 80: "Here "
        RenderInline {CODE} at (0,0) size 24x15
          RenderText {#text} at (80,2) size 24x15
            text run at (80,2) width 24: "bar"
        RenderText {#text} at (104,0) size 744x34
          text run at (104,0) width 640: " should be on the right hand side of the"
          text run at (0,17) width 176: "third line:"
      RenderBlock {PRE} at (0,579) size 49x45 [bgcolor=#C0C0C0]
        RenderText {#text} at (0,0) size 24x15
          text run at (0,0) width 24: "foo"
        RenderBR {BR} at (24,11) size 0x0
        RenderText {#text} at (0,15) size 48x30
          text run at (0,15) width 0: " "
          text run at (0,30) width 48: "   bar"
      RenderBlock {PRE} at (0,637) size 49x45 [bgcolor=#C0C0C0]
        RenderText {#text} at (0,0) size 48x45
          text run at (0,0) width 24: "foo"
          text run at (24,0) width 8: " "
          text run at (0,15) width 24: "baz"
          text run at (24,15) width 0: " "
          text run at (0,30) width 48: "   bar"
