layer at (0,0) size 800x600
  RenderView at (0,0) size 800x600
layer at (0,0) size 800x600
  RenderBlock {HTML} at (0,0) size 800x600
    RenderBody {BODY} at (8,8) size 784x584
      RenderBlock {DIV} at (0,0) size 154x260 [border: (2px solid #FF0000)]
        RenderText {#text} at (2,2) size 144x257
          text run at (2,2) width 144: "Even thou"
          text run at (2,18) width 144: "gh this d"
          text run at (2,34) width 144: "iv is whi"
          text run at (2,50) width 144: "te-space "
          text run at (2,66) width 144: "pre, the "
          text run at (2,82) width 144: "text insi"
          text run at (2,98) width 144: "de should"
          text run at (2,114) width 144: " still wr"
          text run at (2,130) width 144: "ap to mul"
          text run at (2,146) width 144: "tiple lin"
          text run at (2,162) width 144: "es becaus"
          text run at (2,178) width 144: "e of the "
          text run at (2,194) width 144: "word-wrap"
          text run at (2,210) width 144: ":break-wo"
          text run at (2,226) width 144: "rd CSS pr"
          text run at (2,242) width 112: "operty."
