layer at (0,0) size 800x600
  RenderView at (0,0) size 800x600
layer at (0,0) size 800x470
  RenderBlock {HTML} at (0,0) size 800x470
    RenderBody {BODY} at (8,8) size 646x454 [border: (3px solid #FF0000)]
      RenderBlock {P} at (3,19) size 640x19 [color=#0000FF]
        RenderText {#text} at (0,0) size 530x19
          text run at (0,0) width 530: "-- Following text and list are whitespace:NORMAL only"
      RenderBlock {P} at (3,54) size 640x38
        RenderText {#text} at (0,0) size 310x19
          text run at (0,0) width 310: "0123456789012345678901234567890"
        RenderBR {BR} at (310,0) size 0x19
        RenderText {#text} at (0,19) size 80x19
          text run at (0,19) width 80: "X\x{9}XX\x{9}XXX"
      RenderBlock {OL} at (3,108) size 640x57
        RenderListItem {LI} at (40,0) size 600x19
          RenderListMarker at (-34,0) size 30x19: "1"
          RenderText {#text} at (0,0) size 30x19
            text run at (0,0) width 30: "a\x{9}X"
        RenderListItem {LI} at (40,19) size 600x19
          RenderListMarker at (-34,0) size 30x19: "2"
          RenderText {#text} at (0,0) size 40x19
            text run at (0,0) width 40: "bb\x{9}X"
        RenderListItem {LI} at (40,38) size 600x19
          RenderListMarker at (-34,0) size 30x19: "3"
          RenderText {#text} at (0,0) size 50x19
            text run at (0,0) width 50: "ccc\x{9}X"
      RenderBlock {P} at (3,181) size 640x19 [color=#0000FF]
        RenderText {#text} at (0,0) size 500x19
          text run at (0,0) width 500: "-- Following text and list are whitespace:PRE only"
      RenderBlock {OL} at (3,216) size 640x57
        RenderListItem {LI} at (40,0) size 600x19
          RenderListMarker at (-34,0) size 30x19: "1"
          RenderText {#text} at (0,0) size 170x19
            text run at (0,0) width 170: "a\x{9}\x{9}X"
        RenderListItem {LI} at (40,19) size 600x19
          RenderListMarker at (-34,0) size 30x19: "2"
          RenderText {#text} at (0,0) size 90x19
            text run at (0,0) width 90: "bb\x{9}X"
        RenderListItem {LI} at (40,38) size 600x19
          RenderListMarker at (-34,0) size 30x19: "3"
          RenderText {#text} at (0,0) size 90x19
            text run at (0,0) width 90: "ccc\x{9}X"
      RenderBlock {P} at (3,289) size 640x57
        RenderText {#text} at (0,0) size 510x19
          text run at (0,0) width 510: "012345678901234567890123456789012345678901234567890"
        RenderBR {BR} at (510,0) size 0x19
        RenderText {#text} at (0,19) size 640x38
          text run at (0,19) width 640: "X\x{9}\x{9}XX\x{9}\x{9}XXX\x{9}\x{9}XXXX\x{9}\x{9}"
          text run at (0,38) width 50: "XXXXX"
      RenderBlock {P} at (3,362) size 640x19 [color=#0000FF]
        RenderText {#text} at (0,0) size 600x19
          text run at (0,0) width 600: "-- Following text mixes whitespace:NORMAL and whitespace:PRE"
      RenderBlock {P} at (3,397) size 640x38
        RenderText {#text} at (0,0) size 490x19
          text run at (0,0) width 490: "AAAA BBBB CCCC DDDD EEEE FFFF GGGG HHHH IIII JJJJ"
        RenderInline {SPAN} at (0,0) size 640x38
          RenderText {#text} at (490,0) size 640x38
            text run at (490,0) width 150: "\x{9}\x{9}"
            text run at (0,19) width 160: "\x{9}\x{9}"
        RenderText {#text} at (160,19) size 40x19
          text run at (160,19) width 40: "KKKK"
