layer at (0,0) size 800x600
  RenderView at (0,0) size 800x600
layer at (0,0) size 800x600
  RenderBlock {HTML} at (0,0) size 800x600
    RenderBody {BODY} at (8,8) size 784x584
      RenderBlock {P} at (0,0) size 784x36
        RenderText {#text} at (0,0) size 55x17
          text run at (0,0) width 55: "Test for "
        RenderInline {A} at (0,0) size 61x17 [color=#0000EE]
          RenderText {#text} at (54,0) size 61x17
            text run at (54,0) width 61: "bug 8121"
        RenderText {#text} at (114,0) size 291x17
          text run at (114,0) width 291: ": REGRESSION: 404s are not displayed and "
        RenderInline {A} at (0,0) size 61x17 [color=#0000EE]
          RenderText {#text} at (404,0) size 61x17
            text run at (404,0) width 61: "bug 7739"
        RenderText {#text} at (464,0) size 778x35
          text run at (464,0) width 314: ": REGRESSION: Assertion failure loading acid2"
          text run at (0,18) width 307: "test in -[WebCoreFrameBridge installInFrame:]"
      RenderBlock {P} at (0,52) size 784x36
        RenderText {#text} at (0,0) size 764x35
          text run at (0,0) width 168: "Here is an invalid iframe. "
          text run at (167,0) width 597: "It should contain a 404 error message, not any green fallback text. Note this will only work if"
          text run at (0,18) width 180: "this page is fetched via http."
      RenderBlock (anonymous) at (0,104) size 784x184
        RenderPartObject {IFRAME} at (0,0) size 552x184 [border: (2px inset #000000)]
          layer at (0,0) size 548x180
            RenderView at (0,0) size 548x180
          layer at (0,0) size 548x180
            RenderBlock {HTML} at (0,0) size 548x180
              RenderBody {BODY} at (8,8) size 532x164
                RenderText {#text} at (0,0) size 373x17
                  text run at (0,0) width 373: "This 404 error was intentionally generated by a test script."
        RenderText {#text} at (0,0) size 0x0
      RenderBlock {P} at (0,304) size 784x18
        RenderText {#text} at (0,0) size 498x17
          text run at (0,0) width 165: "Here is an invalid object. "
          text run at (164,0) width 334: "It should be rendered with some green fallback text."
      RenderBlock (anonymous) at (0,338) size 784x18
        RenderInline {OBJECT} at (0,0) size 80x17
          RenderText {#text} at (0,0) size 0x0
          RenderInline {SPAN} at (0,0) size 80x17 [color=#008000]
            RenderText {#text} at (0,0) size 80x17
              text run at (0,0) width 80: "fallback text"
          RenderText {#text} at (0,0) size 0x0
        RenderText {#text} at (0,0) size 0x0
