layer at (0,0) size 800x600
  RenderView at (0,0) size 800x600
layer at (0,0) size 800x600
  RenderBlock {HTML} at (0,0) size 800x600
    RenderBody {BODY} at (8,8) size 784x584
layer at (8,8) size 404x404 clip at (10,10) size 400x385 scrollX 200 scrollWidth 2900
  RenderBlock {DIV} at (0,0) size 404x404 [border: (2px solid #000000)]
    RenderText {#text} at (2,2) size 399x2195
      text run at (2,2) width 347: "Lorem ipsum dolor sit amet, consectetur adipiscing elit."
      text run at (2,20) width 388: "Maecenas lacinia massa in lectus pretium vulputate. Curabitur"
      text run at (2,38) width 398: "viverra augue in leo faucibus congue. Vestibulum ligula neque,"
      text run at (2,56) width 366: "commodo eget blandit sit amet, facilisis vitae mi. Vivamus"
      text run at (2,74) width 360: "pretium lorem a quam imperdiet in placerat purus sagittis."
      text run at (2,92) width 370: "Aliquam ut dui nibh. Cras faucibus imperdiet pellentesque."
      text run at (2,110) width 378: "Curabitur vel tortor quam, ut pharetra eros. Mauris euismod,"
      text run at (2,128) width 372: "justo in mattis ultricies, risus velit pretium ligula, eu sodales"
      text run at (2,146) width 352: "libero dolor et massa. Phasellus eros quam, faucibus sed"
      text run at (2,164) width 378: "consectetur et, elementum ut erat. Morbi fringilla, lorem non"
      text run at (2,182) width 355: "fermentum vulputate, quam metus ullamcorper quam, eu"
      text run at (2,200) width 362: "porttitor diam metus eget augue. Donec non lorem et arcu"
      text run at (2,218) width 391: "adipiscing suscipit. Donec porta euismod magna a fermentum."
      text run at (2,236) width 382: "Suspendisse vestibulum rhoncus bibendum. Nam in nisi eget"
      text run at (2,254) width 397: "nulla vestibulum rutrum. Aenean eu libero turpis. Lorem ipsum"
      text run at (2,272) width 371: "dolor sit amet, consectetur adipiscing elit. Maecenas lacinia"
      text run at (2,290) width 382: "massa in lectus pretium vulputate. Curabitur viverra augue in"
      text run at (2,308) width 389: "leo faucibus congue. Vestibulum ligula neque, commodo eget"
      text run at (2,326) width 372: "blandit sit amet, facilisis vitae mi. Vivamus pretium lorem a"
      text run at (2,344) width 392: "quam imperdiet in placerat purus sagittis. Aliquam ut dui nibh."
      text run at (2,362) width 360: "Cras faucibus imperdiet pellentesque. Curabitur vel tortor"
      text run at (2,387) width 344: "quam, ut pharetra eros. Mauris euismod, justo in mattis"
      text run at (2,405) width 373: "ultricies, risus velit pretium ligula, eu sodales libero dolor et"
      text run at (2,423) width 354: "massa. Phasellus eros quam, faucibus sed consectetur et,"
      text run at (2,441) width 356: "elementum ut erat. Morbi fringilla, lorem non fermentum"
      text run at (2,459) width 372: "vulputate, quam metus ullamcorper quam, eu porttitor diam"
      text run at (2,477) width 396: "metus eget augue. Donec non lorem et arcu adipiscing suscipit."
      text run at (2,495) width 349: "Donec porta euismod magna a fermentum. Suspendisse"
      text run at (2,513) width 336: "vestibulum rhoncus bibendum. Nam in nisi eget nulla"
      text run at (2,531) width 399: "vestibulum rutrum. Aenean eu libero turpis. Lorem ipsum dolor"
      text run at (2,549) width 392: "sit amet, consectetur adipiscing elit. Maecenas lacinia massa in"
      text run at (2,567) width 347: "lectus pretium vulputate. Curabitur viverra augue in leo"
      text run at (2,585) width 366: "faucibus congue. Vestibulum ligula neque, commodo eget"
      text run at (2,603) width 372: "blandit sit amet, facilisis vitae mi. Vivamus pretium lorem a"
      text run at (2,621) width 392: "quam imperdiet in placerat purus sagittis. Aliquam ut dui nibh."
      text run at (2,639) width 360: "Cras faucibus imperdiet pellentesque. Curabitur vel tortor"
      text run at (2,657) width 344: "quam, ut pharetra eros. Mauris euismod, justo in mattis"
      text run at (2,675) width 373: "ultricies, risus velit pretium ligula, eu sodales libero dolor et"
      text run at (2,693) width 354: "massa. Phasellus eros quam, faucibus sed consectetur et,"
      text run at (2,711) width 356: "elementum ut erat. Morbi fringilla, lorem non fermentum"
      text run at (2,729) width 372: "vulputate, quam metus ullamcorper quam, eu porttitor diam"
      text run at (2,747) width 396: "metus eget augue. Donec non lorem et arcu adipiscing suscipit."
      text run at (2,772) width 349: "Donec porta euismod magna a fermentum. Suspendisse"
      text run at (2,790) width 336: "vestibulum rhoncus bibendum. Nam in nisi eget nulla"
      text run at (2,808) width 399: "vestibulum rutrum. Aenean eu libero turpis. Lorem ipsum dolor"
      text run at (2,826) width 392: "sit amet, consectetur adipiscing elit. Maecenas lacinia massa in"
      text run at (2,844) width 347: "lectus pretium vulputate. Curabitur viverra augue in leo"
      text run at (2,862) width 366: "faucibus congue. Vestibulum ligula neque, commodo eget"
      text run at (2,880) width 372: "blandit sit amet, facilisis vitae mi. Vivamus pretium lorem a"
      text run at (2,898) width 392: "quam imperdiet in placerat purus sagittis. Aliquam ut dui nibh."
      text run at (2,916) width 360: "Cras faucibus imperdiet pellentesque. Curabitur vel tortor"
      text run at (2,934) width 344: "quam, ut pharetra eros. Mauris euismod, justo in mattis"
      text run at (2,952) width 373: "ultricies, risus velit pretium ligula, eu sodales libero dolor et"
      text run at (2,970) width 354: "massa. Phasellus eros quam, faucibus sed consectetur et,"
      text run at (2,988) width 356: "elementum ut erat. Morbi fringilla, lorem non fermentum"
      text run at (2,1006) width 372: "vulputate, quam metus ullamcorper quam, eu porttitor diam"
      text run at (2,1024) width 396: "metus eget augue. Donec non lorem et arcu adipiscing suscipit."
      text run at (2,1042) width 349: "Donec porta euismod magna a fermentum. Suspendisse"
      text run at (2,1060) width 336: "vestibulum rhoncus bibendum. Nam in nisi eget nulla"
      text run at (2,1078) width 399: "vestibulum rutrum. Aenean eu libero turpis. Lorem ipsum dolor"
      text run at (2,1096) width 392: "sit amet, consectetur adipiscing elit. Maecenas lacinia massa in"
      text run at (2,1114) width 347: "lectus pretium vulputate. Curabitur viverra augue in leo"
      text run at (2,1132) width 366: "faucibus congue. Vestibulum ligula neque, commodo eget"
      text run at (2,1157) width 372: "blandit sit amet, facilisis vitae mi. Vivamus pretium lorem a"
      text run at (2,1175) width 392: "quam imperdiet in placerat purus sagittis. Aliquam ut dui nibh."
      text run at (2,1193) width 360: "Cras faucibus imperdiet pellentesque. Curabitur vel tortor"
      text run at (2,1211) width 344: "quam, ut pharetra eros. Mauris euismod, justo in mattis"
      text run at (2,1229) width 373: "ultricies, risus velit pretium ligula, eu sodales libero dolor et"
      text run at (2,1247) width 354: "massa. Phasellus eros quam, faucibus sed consectetur et,"
      text run at (2,1265) width 356: "elementum ut erat. Morbi fringilla, lorem non fermentum"
      text run at (2,1283) width 372: "vulputate, quam metus ullamcorper quam, eu porttitor diam"
      text run at (2,1301) width 396: "metus eget augue. Donec non lorem et arcu adipiscing suscipit."
      text run at (2,1319) width 349: "Donec porta euismod magna a fermentum. Suspendisse"
      text run at (2,1337) width 336: "vestibulum rhoncus bibendum. Nam in nisi eget nulla"
      text run at (2,1355) width 399: "vestibulum rutrum. Aenean eu libero turpis. Lorem ipsum dolor"
      text run at (2,1373) width 392: "sit amet, consectetur adipiscing elit. Maecenas lacinia massa in"
      text run at (2,1391) width 347: "lectus pretium vulputate. Curabitur viverra augue in leo"
      text run at (2,1409) width 366: "faucibus congue. Vestibulum ligula neque, commodo eget"
      text run at (2,1427) width 372: "blandit sit amet, facilisis vitae mi. Vivamus pretium lorem a"
      text run at (2,1445) width 392: "quam imperdiet in placerat purus sagittis. Aliquam ut dui nibh."
      text run at (2,1463) width 360: "Cras faucibus imperdiet pellentesque. Curabitur vel tortor"
      text run at (2,1481) width 344: "quam, ut pharetra eros. Mauris euismod, justo in mattis"
      text run at (2,1499) width 373: "ultricies, risus velit pretium ligula, eu sodales libero dolor et"
      text run at (2,1517) width 354: "massa. Phasellus eros quam, faucibus sed consectetur et,"
      text run at (2,1542) width 356: "elementum ut erat. Morbi fringilla, lorem non fermentum"
      text run at (2,1560) width 372: "vulputate, quam metus ullamcorper quam, eu porttitor diam"
      text run at (2,1578) width 396: "metus eget augue. Donec non lorem et arcu adipiscing suscipit."
      text run at (2,1596) width 349: "Donec porta euismod magna a fermentum. Suspendisse"
      text run at (2,1614) width 336: "vestibulum rhoncus bibendum. Nam in nisi eget nulla"
      text run at (2,1632) width 399: "vestibulum rutrum. Aenean eu libero turpis. Lorem ipsum dolor"
      text run at (2,1650) width 392: "sit amet, consectetur adipiscing elit. Maecenas lacinia massa in"
      text run at (2,1668) width 347: "lectus pretium vulputate. Curabitur viverra augue in leo"
      text run at (2,1686) width 366: "faucibus congue. Vestibulum ligula neque, commodo eget"
      text run at (2,1704) width 372: "blandit sit amet, facilisis vitae mi. Vivamus pretium lorem a"
      text run at (2,1722) width 392: "quam imperdiet in placerat purus sagittis. Aliquam ut dui nibh."
      text run at (2,1740) width 360: "Cras faucibus imperdiet pellentesque. Curabitur vel tortor"
      text run at (2,1758) width 344: "quam, ut pharetra eros. Mauris euismod, justo in mattis"
      text run at (2,1776) width 373: "ultricies, risus velit pretium ligula, eu sodales libero dolor et"
      text run at (2,1794) width 354: "massa. Phasellus eros quam, faucibus sed consectetur et,"
      text run at (2,1812) width 356: "elementum ut erat. Morbi fringilla, lorem non fermentum"
      text run at (2,1830) width 372: "vulputate, quam metus ullamcorper quam, eu porttitor diam"
      text run at (2,1848) width 396: "metus eget augue. Donec non lorem et arcu adipiscing suscipit."
      text run at (2,1866) width 349: "Donec porta euismod magna a fermentum. Suspendisse"
      text run at (2,1884) width 336: "vestibulum rhoncus bibendum. Nam in nisi eget nulla"
      text run at (2,1902) width 399: "vestibulum rutrum. Aenean eu libero turpis. Lorem ipsum dolor"
      text run at (2,1927) width 392: "sit amet, consectetur adipiscing elit. Maecenas lacinia massa in"
      text run at (2,1945) width 347: "lectus pretium vulputate. Curabitur viverra augue in leo"
      text run at (2,1963) width 366: "faucibus congue. Vestibulum ligula neque, commodo eget"
      text run at (2,1981) width 372: "blandit sit amet, facilisis vitae mi. Vivamus pretium lorem a"
      text run at (2,1999) width 392: "quam imperdiet in placerat purus sagittis. Aliquam ut dui nibh."
      text run at (2,2017) width 360: "Cras faucibus imperdiet pellentesque. Curabitur vel tortor"
      text run at (2,2035) width 344: "quam, ut pharetra eros. Mauris euismod, justo in mattis"
      text run at (2,2053) width 373: "ultricies, risus velit pretium ligula, eu sodales libero dolor et"
      text run at (2,2071) width 354: "massa. Phasellus eros quam, faucibus sed consectetur et,"
      text run at (2,2089) width 356: "elementum ut erat. Morbi fringilla, lorem non fermentum"
      text run at (2,2107) width 372: "vulputate, quam metus ullamcorper quam, eu porttitor diam"
      text run at (2,2125) width 396: "metus eget augue. Donec non lorem et arcu adipiscing suscipit."
      text run at (2,2143) width 349: "Donec porta euismod magna a fermentum. Suspendisse"
      text run at (2,2161) width 336: "vestibulum rhoncus bibendum. Nam in nisi eget nulla"
      text run at (2,2179) width 274: "vestibulum rutrum. Aenean eu libero turpis."
