layer at (0,0) size 800x600
  RenderView at (0,0) size 800x600
layer at (0,0) size 800x400
  RenderBlock {HTML} at (0,0) size 800x400
    RenderBody {BODY} at (8,16) size 784x368
      RenderBlock {P} at (0,0) size 784x32
        RenderTextControl {INPUT} at (587,2) size 195x28 [color=#202020]
          RenderDeprecatedFlexibleBox {DIV} at (4,6) size 188x18
            RenderBlock {DIV} at (0,0) size 188x18
        RenderText {#text} at (0,0) size 0x0
      RenderBlock {P} at (0,48) size 784x32
        RenderTextControl {INPUT} at (587,2) size 195x28 [color=#202020]
          RenderDeprecatedFlexibleBox {DIV} at (4,6) size 188x18
            RenderBlock {DIV} at (0,0) size 188x18
        RenderText {#text} at (0,0) size 0x0
      RenderBlock {P} at (0,96) size 784x32
        RenderTextControl {INPUT} at (2,2) size 195x28 [color=#202020]
          RenderDeprecatedFlexibleBox {DIV} at (4,6) size 188x18
            RenderBlock {DIV} at (0,0) size 188x18
        RenderText {#text} at (0,0) size 0x0
      RenderBlock {P} at (0,144) size 784x32
        RenderTextControl {INPUT} at (2,2) size 195x28 [color=#202020]
          RenderDeprecatedFlexibleBox {DIV} at (4,6) size 188x18
            RenderBlock {DIV} at (0,0) size 188x18
        RenderText {#text} at (0,0) size 0x0
        RenderText {#text} at (0,0) size 0x0
      RenderBlock {P} at (0,192) size 784x32
        RenderTextControl {INPUT} at (2,2) size 195x28 [color=#202020]
          RenderDeprecatedFlexibleBox {DIV} at (4,6) size 188x18
            RenderBlock {DIV} at (0,0) size 188x18
        RenderText {#text} at (0,0) size 0x0
      RenderBlock {P} at (0,240) size 784x32
        RenderTextControl {INPUT} at (2,2) size 195x28 [color=#202020]
          RenderDeprecatedFlexibleBox {DIV} at (4,6) size 188x18
            RenderBlock {DIV} at (0,0) size 188x18
        RenderText {#text} at (0,0) size 0x0
        RenderText {#text} at (0,0) size 0x0
      RenderBlock {P} at (0,288) size 784x32
        RenderTextControl {INPUT} at (2,2) size 195x28 [color=#202020]
          RenderDeprecatedFlexibleBox {DIV} at (4,6) size 188x18
            RenderBlock {DIV} at (0,0) size 188x18
        RenderText {#text} at (0,0) size 0x0
      RenderBlock {P} at (0,336) size 784x32
        RenderTextControl {INPUT} at (2,2) size 195x28 [color=#202020]
          RenderDeprecatedFlexibleBox {DIV} at (4,6) size 188x18
            RenderBlock {DIV} at (0,0) size 188x18
        RenderText {#text} at (0,0) size 0x0
        RenderText {#text} at (0,0) size 0x0
layer at (599,24) size 188x18 scrollHeight 19
  RenderBlock {DIV} at (0,0) size 188x18
    RenderText {#text} at (178,0) size 9x19
      text run at (178,0) width 9: "1"
layer at (599,72) size 188x18 scrollHeight 19
  RenderBlock {DIV} at (0,0) size 188x18
    RenderText {#text} at (178,0) size 9x19
      text run at (178,0) width 9: "2"
layer at (14,120) size 188x18 scrollHeight 19
  RenderBlock {DIV} at (0,0) size 188x18
    RenderText {#text} at (178,0) size 9x19
      text run at (178,0) width 9: "3"
layer at (14,168) size 188x18 scrollHeight 19
  RenderBlock {DIV} at (0,0) size 188x18
    RenderText {#text} at (151,0) size 36x19
      text run at (151,0) width 36: "1234"
layer at (14,216) size 188x18 scrollHeight 19
  RenderBlock {DIV} at (0,0) size 188x18
    RenderText {#text} at (1,0) size 9x19
      text run at (1,0) width 9: "5"
layer at (14,264) size 188x18 scrollHeight 19
  RenderBlock {DIV} at (0,0) size 188x18
    RenderText {#text} at (1,0) size 9x19
      text run at (1,0) width 9: "6"
layer at (14,312) size 188x18 scrollHeight 19
  RenderBlock {DIV} at (0,0) size 188x18
    RenderText {#text} at (178,0) size 9x19
      text run at (178,0) width 9: "7"
layer at (14,360) size 188x18 scrollHeight 19
  RenderBlock {DIV} at (0,0) size 188x18
    RenderText {#text} at (178,0) size 9x19
      text run at (178,0) width 9: "8"
layer at (595,18) size 0x28
  RenderBlock (relative positioned) {DIV} at (-4,-6) size 0x28
layer at (595,66) size 0x28
  RenderBlock (relative positioned) {DIV} at (-4,-6) size 0x28
layer at (10,114) size 0x28
  RenderBlock (relative positioned) {DIV} at (-4,-6) size 0x28
layer at (10,162) size 0x28
  RenderBlock (relative positioned) {DIV} at (-4,-6) size 0x28
layer at (205,210) size 0x28
  RenderBlock (relative positioned) {DIV} at (191,-6) size 0x28
layer at (205,258) size 0x28
  RenderBlock (relative positioned) {DIV} at (191,-6) size 0x28
layer at (10,306) size 0x28
  RenderBlock (relative positioned) {DIV} at (-4,-6) size 0x28
layer at (10,354) size 0x28
  RenderBlock (relative positioned) {DIV} at (-4,-6) size 0x28
caret: position 4 of child 0 {#text} of child 0 {DIV} of child 0 {DIV} of child 0 {DIV} of {#shadow-root} of child 0 {INPUT} of child 6 {P} of body
