layer at (0,0) size 784x972
  RenderView at (0,0) size 784x600
layer at (0,0) size 784x972
  RenderBlock {HTML} at (0,0) size 784x972
    RenderBody {BODY} at (8,8) size 768x956 [bgcolor=#CCCCCC]
      RenderBlock {P} at (0,0) size 768x22
        RenderText {#text} at (0,0) size 380x22
          text run at (0,0) width 380: "The style declarations which apply to the text below are:"
      RenderBlock {PRE} at (0,38) size 768x255
        RenderText {#text} at (0,0) size 273x255
          text run at (0,0) width 198: "/* This is a CSS1 comment. */"
          text run at (198,0) width 0: " "
          text run at (0,17) width 273: ".one {color: green;} /* Another comment */"
          text run at (273,17) width 0: " "
          text run at (0,34) width 233: "/* The following should not be used:"
          text run at (233,34) width 0: " "
          text run at (0,51) width 120: ".two {color: red;} */"
          text run at (120,51) width 0: " "
          text run at (0,68) width 233: ".three {color: green; /* color: red; */}"
          text run at (233,68) width 0: " "
          text run at (0,85) width 20: "/**"
          text run at (20,85) width 0: " "
          text run at (0,102) width 124: ".four {color: red;} */"
          text run at (124,102) width 0: " "
          text run at (0,119) width 117: ".five {color: green;}"
          text run at (117,119) width 0: " "
          text run at (0,136) width 28: "/**/"
          text run at (28,136) width 0: " "
          text run at (0,153) width 113: ".six {color: green;}"
          text run at (113,153) width 0: " "
          text run at (0,170) width 70: "/*********/"
          text run at (70,170) width 0: " "
          text run at (0,187) width 132: ".seven {color: green;}"
          text run at (132,187) width 0: " "
          text run at (0,204) width 113: "/* a comment **/"
          text run at (113,204) width 0: " "
          text run at (0,221) width 127: ".eight {color: green;}"
          text run at (127,221) width 0: " "
          text run at (0,238) width 0: " "
      RenderBlock {HR} at (0,306) size 768x2 [border: (1px inset #000000)]
      RenderBlock {P} at (0,324) size 768x22 [color=#008000]
        RenderText {#text} at (0,0) size 206x22
          text run at (0,0) width 206: "This sentence should be green."
      RenderBlock {P} at (0,362) size 768x22
        RenderText {#text} at (0,0) size 205x22
          text run at (0,0) width 205: "This sentence should be black."
      RenderBlock {P} at (0,400) size 768x22 [color=#008000]
        RenderText {#text} at (0,0) size 206x22
          text run at (0,0) width 206: "This sentence should be green."
      RenderBlock {P} at (0,438) size 768x22
        RenderText {#text} at (0,0) size 205x22
          text run at (0,0) width 205: "This sentence should be black."
      RenderBlock {P} at (0,476) size 768x22 [color=#008000]
        RenderText {#text} at (0,0) size 206x22
          text run at (0,0) width 206: "This sentence should be green."
      RenderBlock {P} at (0,514) size 768x22 [color=#008000]
        RenderText {#text} at (0,0) size 206x22
          text run at (0,0) width 206: "This sentence should be green."
      RenderBlock {P} at (0,552) size 768x22 [color=#008000]
        RenderText {#text} at (0,0) size 206x22
          text run at (0,0) width 206: "This sentence should be green."
      RenderBlock {P} at (0,590) size 768x22 [color=#008000]
        RenderText {#text} at (0,0) size 206x22
          text run at (0,0) width 206: "This sentence should be green."
      RenderTable {TABLE} at (0,628) size 228x328 [border: (1px outset #808080)]
        RenderTableSection {TBODY} at (1,1) size 226x326
          RenderTableRow {TR} at (0,0) size 226x30
            RenderTableCell {TD} at (0,0) size 226x30 [bgcolor=#C0C0C0] [border: (1px inset #808080)] [r=0 c=0 rs=1 cs=2]
              RenderInline {STRONG} at (0,0) size 163x22
                RenderText {#text} at (4,4) size 163x22
                  text run at (4,4) width 163: "TABLE Testing Section"
          RenderTableRow {TR} at (0,30) size 226x296
            RenderTableCell {TD} at (0,163) size 12x30 [bgcolor=#C0C0C0] [border: (1px inset #808080)] [r=1 c=0 rs=1 cs=1]
              RenderText {#text} at (4,4) size 4x22
                text run at (4,4) width 4: " "
            RenderTableCell {TD} at (12,30) size 214x296 [border: (1px inset #808080)] [r=1 c=1 rs=1 cs=1]
              RenderBlock {P} at (4,4) size 206x22 [color=#008000]
                RenderText {#text} at (0,0) size 206x22
                  text run at (0,0) width 206: "This sentence should be green."
              RenderBlock {P} at (4,42) size 206x22
                RenderText {#text} at (0,0) size 205x22
                  text run at (0,0) width 205: "This sentence should be black."
              RenderBlock {P} at (4,80) size 206x22 [color=#008000]
                RenderText {#text} at (0,0) size 206x22
                  text run at (0,0) width 206: "This sentence should be green."
              RenderBlock {P} at (4,118) size 206x22
                RenderText {#text} at (0,0) size 205x22
                  text run at (0,0) width 205: "This sentence should be black."
              RenderBlock {P} at (4,156) size 206x22 [color=#008000]
                RenderText {#text} at (0,0) size 206x22
                  text run at (0,0) width 206: "This sentence should be green."
              RenderBlock {P} at (4,194) size 206x22 [color=#008000]
                RenderText {#text} at (0,0) size 206x22
                  text run at (0,0) width 206: "This sentence should be green."
              RenderBlock {P} at (4,232) size 206x22 [color=#008000]
                RenderText {#text} at (0,0) size 206x22
                  text run at (0,0) width 206: "This sentence should be green."
              RenderBlock {P} at (4,270) size 206x22 [color=#008000]
                RenderText {#text} at (0,0) size 206x22
                  text run at (0,0) width 206: "This sentence should be green."
