layer at (0,0) size 800x600
  RenderView at (0,0) size 800x600
layer at (0,0) size 800x214
  RenderBlock {html} at (0,0) size 800x214
    RenderBody {body} at (8,16) size 784x182
      RenderBlock {p} at (0,0) size 784x28
        RenderText {#text} at (0,2) size 432x18
          text run at (0,2) width 432: "following elements should appear in blue on an orange background: "
        RenderMathMLMath {math} at (432,0) size 55x29 [bgcolor=#FFA500] [padding: 0 1 0 1]
          RenderMathMLOperator {mo} at (2,3) size 12x15 [color=#0000FF]
            RenderMathMLBlock (flex) {mo} at (0,0) size 11x15
              RenderBlock (anonymous) at (0,0) size 11x15
                RenderText {mo} at (0,-4) size 11x21
                  text run at (0,-4) width 11: "\x{2211}"
          RenderMathMLFraction {mfrac} at (16,0) size 9x29 [color=#0000FF]
            RenderMathMLBlock (anonymous, flex) at (0,0) size 9x13
              RenderBlock {mi} at (0,0) size 9x9
                RenderText {#text} at (0,-6) size 7x18
                  text run at (0,-6) width 7: "x"
            RenderMathMLBlock (anonymous, flex) at (0,12) size 9x17 [padding: 1 0 0 0]
              RenderBlock {mi} at (0,4) size 9x13
                RenderText {#text} at (0,-6) size 7x18
                  text run at (0,-6) width 7: "y"
          RenderBlock {mn} at (25,5) size 9x12 [color=#0000FF]
            RenderText {#text} at (0,-3) size 8x18
              text run at (0,-3) width 8: "1"
          RenderMathMLSquareRoot {msqrt} at (33,2) size 21x15 [color=#0000FF] [intrinsic padding: 3 0 0 12]
            RenderMathMLRow (anonymous) at (12,3) size 8x12
              RenderBlock {mn} at (0,0) size 8x12
                RenderText {#text} at (0,-3) size 8x18
                  text run at (0,-3) width 8: "2"
        RenderText {#text} at (486,2) size 5x18
          text run at (486,2) width 5: " "
        RenderMathMLMath {math} at (490,0) size 14x29 [bgcolor=#FFA500] [padding: 0 1 0 1]
          RenderMathMLFraction {mfrac} at (2,0) size 9x29 [color=#0000FF]
            RenderMathMLBlock (anonymous, flex) at (0,0) size 9x13
              RenderBlock {mi} at (0,0) size 9x9
                RenderText {#text} at (0,-6) size 7x18
                  text run at (0,-6) width 7: "x"
            RenderMathMLBlock (anonymous, flex) at (0,12) size 9x17 [padding: 1 0 0 0]
              RenderBlock {mi} at (0,4) size 9x13
                RenderText {#text} at (0,-6) size 7x18
                  text run at (0,-6) width 7: "y"
        RenderText {#text} at (0,0) size 0x0
      RenderBlock {p} at (0,44) size 784x19
        RenderText {#text} at (0,1) size 348x18
          text run at (0,1) width 348: "following elements should appear with increasing size: "
        RenderMathMLMath {math} at (348,0) size 48x16 [padding: 0 1 0 1]
          RenderBlock {mi} at (1,9) size 7x7
            RenderText {#text} at (0,-5) size 5x14
              text run at (0,-5) width 5: "x"
          RenderBlock {mi} at (7,7) size 9x9
            RenderText {#text} at (0,-6) size 7x18
              text run at (0,-6) width 7: "x"
          RenderBlock {mi} at (15,4) size 15x12
            RenderText {#text} at (0,-11) size 11x28
              text run at (0,-11) width 11: "x"
          RenderBlock {mi} at (29,0) size 18x16
            RenderText {#text} at (0,-14) size 14x37
              text run at (0,-14) width 14: "x"
        RenderText {#text} at (0,0) size 0x0
      RenderBlock {p} at (0,79) size 784x18
        RenderText {#text} at (0,0) size 86x18
          text run at (0,0) width 86: "font variants: "
        RenderMathMLMath {math} at (86,2) size 54x13 [padding: 0 1 0 1]
          RenderBlock {mi} at (1,1) size 14x12
            RenderText {#text} at (0,-3) size 12x18
              text run at (0,-3) width 12: "A"
          RenderBlock {mi} at (14,0) size 15x13
            RenderText {#text} at (0,-2) size 12x18
              text run at (0,-2) width 12: "A"
          RenderBlock {mi} at (28,1) size 12x12
            RenderText {#text} at (0,-3) size 10x18
              text run at (0,-3) width 10: "A"
          RenderBlock {mi} at (39,1) size 14x12
            RenderText {#text} at (0,-3) size 11x18
              text run at (0,-3) width 11: "A"
        RenderText {#text} at (0,0) size 0x0
      RenderBlock {p} at (0,113) size 784x26
        RenderText {#text} at (0,8) size 152x18
          text run at (0,8) width 152: "test font style attributes: "
        RenderMathMLMath {math} at (152,0) size 58x23 [padding: 0 1 0 1]
          RenderBlock {mtext} at (1,0) size 23x23
            RenderText {#text} at (0,-7) size 23x37
              text run at (0,-7) width 23: "A"
          RenderBlock {mtext} at (24,10) size 11x13
            RenderText {#text} at (0,-2) size 11x18
              text run at (0,-2) width 11: "A"
          RenderBlock {mtext} at (35,11) size 10x12
            RenderText {#text} at (0,-3) size 10x18
              text run at (0,-3) width 10: "A"
          RenderBlock {mtext} at (45,10) size 12x13
            RenderText {#text} at (0,-2) size 12x18
              text run at (0,-2) width 12: "A"
        RenderText {#text} at (0,0) size 0x0
      RenderBlock {p} at (0,155) size 784x27
        RenderBlock (anonymous) at (0,0) size 784x18
          RenderText {#text} at (0,0) size 226x18
            text run at (0,0) width 226: "following element should be inline: "
          RenderMathMLMath {math} at (226,6) size 11x9 [padding: 0 1 0 1]
            RenderBlock {mi} at (1,0) size 9x9
              RenderText {#text} at (0,-6) size 7x18
                text run at (0,-6) width 7: "x"
          RenderText {#text} at (236,0) size 235x18
            text run at (236,0) width 235: ", and this one centered on a new line:"
        RenderMathMLMath {math} at (0,18) size 784x9 [padding: 0 1 0 1]
          RenderBlock {mi} at (387,0) size 10x9
            RenderText {#text} at (0,-6) size 7x18
              text run at (0,-6) width 7: "x"
