layer at (0,0) size 800x600
  RenderView at (0,0) size 800x600
layer at (0,0) size 800x89
  RenderBlock {html} at (0,0) size 800x89
    RenderBody {body} at (8,16) size 784x57
      RenderBlock {p} at (0,0) size 784x57
        RenderMathMLMath {math} at (0,0) size 201x57 [padding: 0 1 0 1]
          RenderMathMLFenced {mfenced} at (1,0) size 199x57
            RenderMathMLOperator {mfenced} at (1,0) size 17x57
            RenderBlock {mtext} at (19,5) size 49x48
              RenderBlock {div} at (0,0) size 48x48 [bgcolor=#00FF00]
            RenderMathMLOperator {mfenced} at (67,31) size 5x5
              RenderMathMLBlock (flex) {mfenced} at (0,0) size 4x5
                RenderBlock (anonymous) at (0,0) size 4x5
                  RenderText {mfenced} at (0,-15) size 4x21
                    text run at (0,-15) width 4: ","
            RenderBlock {mtext} at (75,5) size 49x48
              RenderBlock {div} at (0,0) size 48x48 [bgcolor=#00FF00]
            RenderMathMLOperator {mfenced} at (123,31) size 5x5
              RenderMathMLBlock (flex) {mfenced} at (0,0) size 4x5
                RenderBlock (anonymous) at (0,0) size 4x5
                  RenderText {mfenced} at (0,-15) size 4x21
                    text run at (0,-15) width 4: ","
            RenderBlock {mtext} at (131,5) size 49x48
              RenderBlock {div} at (0,0) size 48x48 [bgcolor=#00FF00]
            RenderMathMLOperator {mfenced} at (180,0) size 17x57
        RenderText {#text} at (0,0) size 0x0
layer at (11,16) size 16x15 scrollHeight 18
  RenderMathMLBlock (flex) {mfenced} at (0,0) size 16x15
    RenderBlock (anonymous) at (0,0) size 16x15
      RenderText {mfenced} at (0,-3) size 16x21
        text run at (0,-3) width 16: "\x{239B}"
layer at (11,31) size 16x15 scrollHeight 19
  RenderMathMLBlock (flex) {mfenced} at (0,15) size 16x15
    RenderBlock (anonymous) at (0,0) size 16x15
layer at (11,46) size 16x12 scrollHeight 19
  RenderMathMLBlock (flex) {mfenced} at (0,30) size 16x12
    RenderBlock (anonymous) at (0,0) size 16x12
layer at (11,58) size 16x15 scrollHeight 19
  RenderMathMLBlock (flex) {mfenced} at (0,42) size 16x15
    RenderBlock (anonymous) at (0,0) size 16x15
layer at (190,16) size 16x15 scrollHeight 18
  RenderMathMLBlock (flex) {mfenced} at (0,0) size 16x15
    RenderBlock (anonymous) at (0,0) size 16x15
      RenderText {mfenced} at (0,-3) size 16x21
        text run at (0,-3) width 16: "\x{239E}"
layer at (190,31) size 16x15 scrollHeight 19
  RenderMathMLBlock (flex) {mfenced} at (0,15) size 16x15
    RenderBlock (anonymous) at (0,0) size 16x15
layer at (190,46) size 16x12 scrollHeight 19
  RenderMathMLBlock (flex) {mfenced} at (0,30) size 16x12
    RenderBlock (anonymous) at (0,0) size 16x12
layer at (190,58) size 16x15 scrollHeight 19
  RenderMathMLBlock (flex) {mfenced} at (0,42) size 16x15
    RenderBlock (anonymous) at (0,0) size 16x15
layer at (11,30) size 16x17 backgroundClip at (11,31) size 16x15 clip at (11,31) size 16x15 outlineClip at (11,31) size 16x15
  RenderBlock (relative positioned) {mfenced} at (0,0) size 16x17
    RenderText {mfenced} at (0,-2) size 16x21
      text run at (0,-2) width 16: "\x{239C}"
layer at (11,45) size 16x17 backgroundClip at (11,46) size 16x12 clip at (11,46) size 16x12 outlineClip at (11,46) size 16x12
  RenderBlock (relative positioned) {mfenced} at (0,0) size 16x17
    RenderText {mfenced} at (0,-2) size 16x21
      text run at (0,-2) width 16: "\x{239C}"
layer at (11,57) size 16x17 backgroundClip at (11,58) size 16x15 clip at (11,58) size 16x15 outlineClip at (11,58) size 16x15
  RenderBlock (relative positioned) {mfenced} at (0,0) size 16x17
    RenderText {mfenced} at (0,-2) size 16x21
      text run at (0,-2) width 16: "\x{239D}"
layer at (190,30) size 16x17 backgroundClip at (190,31) size 16x15 clip at (190,31) size 16x15 outlineClip at (190,31) size 16x15
  RenderBlock (relative positioned) {mfenced} at (0,0) size 16x17
    RenderText {mfenced} at (0,-2) size 16x21
      text run at (0,-2) width 16: "\x{239F}"
layer at (190,45) size 16x17 backgroundClip at (190,46) size 16x12 clip at (190,46) size 16x12 outlineClip at (190,46) size 16x12
  RenderBlock (relative positioned) {mfenced} at (0,0) size 16x17
    RenderText {mfenced} at (0,-2) size 16x21
      text run at (0,-2) width 16: "\x{239F}"
layer at (190,57) size 16x17 backgroundClip at (190,58) size 16x15 clip at (190,58) size 16x15 outlineClip at (190,58) size 16x15
  RenderBlock (relative positioned) {mfenced} at (0,0) size 16x17
    RenderText {mfenced} at (0,-2) size 16x21
      text run at (0,-2) width 16: "\x{23A0}"
