layer at (0,0) size 800x600
  RenderView at (0,0) size 800x600
layer at (0,0) size 800x108
  RenderMathMLMath {math:math} at (0,0) size 800x109 [padding: 0 1 0 1]
    RenderMathMLFraction {math:mfrac} at (2,38) size 13x32
      RenderMathMLBlock (anonymous, flex) at (0,0) size 13x16
        RenderBlock {math:mi} at (0,0) size 13x12
          RenderText {#text} at (0,-3) size 10x18
            text run at (0,-3) width 10: "B"
      RenderMathMLBlock (anonymous, flex) at (0,15) size 13x17 [padding: 1 0 0 0]
        RenderBlock {math:mi} at (0,4) size 13x13
          RenderText {#text} at (0,-3) size 11x18
            text run at (0,-3) width 11: "C"
    RenderMathMLOperator {math:mo} at (18,47) size 10x11
      RenderMathMLBlock (flex) {math:mo} at (0,0) size 9x11
        RenderBlock (anonymous) at (0,0) size 9x11
          RenderText {math:mo} at (0,-7) size 9x21
            text run at (0,-7) width 9: "+"
    RenderMathMLFraction {math:mfrac} at (31,19) size 44x51
      RenderMathMLBlock (anonymous, flex) at (0,0) size 43x35
        RenderMathMLRow {math:mrow} at (0,0) size 43x32
          RenderBlock {math:mi} at (0,8) size 12x12
            RenderText {#text} at (0,-3) size 10x18
              text run at (0,-3) width 10: "B"
          RenderMathMLOperator {math:mo} at (14,9) size 10x11
            RenderMathMLBlock (flex) {math:mo} at (0,0) size 9x11
              RenderBlock (anonymous) at (0,0) size 9x11
                RenderText {math:mo} at (0,-7) size 9x21
                  text run at (0,-7) width 9: "+"
          RenderMathMLFraction {math:mfrac} at (27,0) size 15x32
            RenderMathMLBlock (anonymous, flex) at (0,0) size 14x16
              RenderBlock {math:mi} at (0,0) size 14x12
                RenderText {#text} at (0,-3) size 12x18
                  text run at (0,-3) width 12: "D"
            RenderMathMLBlock (anonymous, flex) at (0,15) size 14x17 [padding: 1 0 0 0]
              RenderBlock {math:mi} at (1,4) size 12x13
                RenderText {#text} at (0,-3) size 10x18
                  text run at (0,-3) width 10: "E"
      RenderMathMLBlock (anonymous, flex) at (0,34) size 43x17 [padding: 1 0 0 0]
        RenderBlock {math:mi} at (14,4) size 14x13
          RenderText {#text} at (0,-3) size 11x18
            text run at (0,-3) width 11: "C"
    RenderMathMLOperator {math:mo} at (78,47) size 10x11
      RenderMathMLBlock (flex) {math:mo} at (0,0) size 9x11
        RenderBlock (anonymous) at (0,0) size 9x11
          RenderText {math:mo} at (0,-7) size 9x21
            text run at (0,-7) width 9: "+"
    RenderMathMLFraction {math:mfrac} at (91,0) size 75x71
      RenderMathMLBlock (anonymous, flex) at (0,0) size 74x54
        RenderMathMLRow {math:mrow} at (0,0) size 74x51
          RenderBlock {math:mi} at (0,27) size 12x12
            RenderText {#text} at (0,-3) size 10x18
              text run at (0,-3) width 10: "B"
          RenderMathMLOperator {math:mo} at (14,28) size 10x11
            RenderMathMLBlock (flex) {math:mo} at (0,0) size 9x11
              RenderBlock (anonymous) at (0,0) size 9x11
                RenderText {math:mo} at (0,-7) size 9x21
                  text run at (0,-7) width 9: "+"
          RenderMathMLFraction {math:mfrac} at (27,0) size 46x51
            RenderMathMLBlock (anonymous, flex) at (0,0) size 45x35
              RenderMathMLRow {math:mrow} at (0,0) size 45x32
                RenderBlock {math:mi} at (0,8) size 14x12
                  RenderText {#text} at (0,-3) size 12x18
                    text run at (0,-3) width 12: "D"
                RenderMathMLOperator {math:mo} at (16,9) size 10x11
                  RenderMathMLBlock (flex) {math:mo} at (0,0) size 9x11
                    RenderBlock (anonymous) at (0,0) size 9x11
                      RenderText {math:mo} at (0,-7) size 9x21
                        text run at (0,-7) width 9: "+"
                RenderMathMLFraction {math:mfrac} at (29,0) size 15x32
                  RenderMathMLBlock (anonymous, flex) at (0,0) size 14x16
                    RenderBlock {math:mi} at (1,0) size 12x12
                      RenderText {#text} at (0,-3) size 10x18
                        text run at (0,-3) width 10: "F"
                  RenderMathMLBlock (anonymous, flex) at (0,15) size 14x17 [padding: 1 0 0 0]
                    RenderBlock {math:mi} at (0,4) size 14x13
                      RenderText {#text} at (0,-3) size 12x18
                        text run at (0,-3) width 12: "G"
            RenderMathMLBlock (anonymous, flex) at (0,34) size 45x17 [padding: 1 0 0 0]
              RenderBlock {math:mi} at (16,4) size 13x13
                RenderText {#text} at (0,-3) size 10x18
                  text run at (0,-3) width 10: "E"
      RenderMathMLBlock (anonymous, flex) at (0,53) size 74x18 [padding: 1 0 0 0]
        RenderBlock {math:mi} at (30,4) size 14x13
          RenderText {#text} at (0,-3) size 11x18
            text run at (0,-3) width 11: "C"
    RenderMathMLOperator {math:mo} at (169,47) size 10x11
      RenderMathMLBlock (flex) {math:mo} at (0,0) size 9x11
        RenderBlock (anonymous) at (0,0) size 9x11
          RenderText {math:mo} at (0,-7) size 9x21
            text run at (0,-7) width 9: "+"
    RenderMathMLFraction {math:mfrac} at (182,38) size 74x71
      RenderMathMLBlock (anonymous, flex) at (0,0) size 73x16
        RenderBlock {math:mi} at (30,0) size 13x12
          RenderText {#text} at (0,-3) size 10x18
            text run at (0,-3) width 10: "B"
      RenderMathMLBlock (anonymous, flex) at (0,15) size 73x56 [padding: 1 0 0 0]
        RenderMathMLRow {math:mrow} at (0,4) size 73x51
          RenderBlock {math:mi} at (0,8) size 13x12
            RenderText {#text} at (0,-3) size 11x18
              text run at (0,-3) width 11: "C"
          RenderMathMLOperator {math:mo} at (15,9) size 10x11
            RenderMathMLBlock (flex) {math:mo} at (0,0) size 9x11
              RenderBlock (anonymous) at (0,0) size 9x11
                RenderText {math:mo} at (0,-7) size 9x21
                  text run at (0,-7) width 9: "+"
          RenderMathMLFraction {math:mfrac} at (28,0) size 44x51
            RenderMathMLBlock (anonymous, flex) at (0,0) size 43x16
              RenderBlock {math:mi} at (14,0) size 15x12
                RenderText {#text} at (0,-3) size 12x18
                  text run at (0,-3) width 12: "D"
            RenderMathMLBlock (anonymous, flex) at (0,15) size 43x36 [padding: 1 0 0 0]
              RenderMathMLRow {math:mrow} at (0,4) size 43x32
                RenderBlock {math:mi} at (0,8) size 12x12
                  RenderText {#text} at (0,-3) size 10x18
                    text run at (0,-3) width 10: "E"
                RenderMathMLOperator {math:mo} at (14,9) size 10x11
                  RenderMathMLBlock (flex) {math:mo} at (0,0) size 9x11
                    RenderBlock (anonymous) at (0,0) size 9x11
                      RenderText {math:mo} at (0,-7) size 9x21
                        text run at (0,-7) width 9: "+"
                RenderMathMLFraction {math:mfrac} at (27,0) size 15x32
                  RenderMathMLBlock (anonymous, flex) at (0,0) size 14x16
                    RenderBlock {math:mi} at (1,0) size 12x12
                      RenderText {#text} at (0,-3) size 10x18
                        text run at (0,-3) width 10: "F"
                  RenderMathMLBlock (anonymous, flex) at (0,15) size 14x17 [padding: 1 0 0 0]
                    RenderBlock {math:mi} at (0,4) size 14x13
                      RenderText {#text} at (0,-3) size 12x18
                        text run at (0,-3) width 12: "G"
