layer at (0,0) size 800x600
  RenderView at (0,0) size 800x600
layer at (0,0) size 800x87
  RenderBlock {HTML} at (0,0) size 800x87
    RenderBody {BODY} at (8,16) size 784x63
      RenderBlock {P} at (0,0) size 784x18
        RenderText {#text} at (0,0) size 405x18
          text run at (0,0) width 405: "The table cell border should go around the mroot, not through it:"
      RenderBlock (anonymous) at (0,34) size 784x29
        RenderMathMLMath {math} at (0,0) size 91x29 [padding: 0 1 0 1]
          RenderMathMLTable {mtable} at (1,0) size 89x29
            RenderTableSection (anonymous) at (0,0) size 89x29
              RenderTableRow {mtr} at (0,0) size 89x29
                RenderTableCell {mtd} at (0,0) size 89x29 [border: (3px solid #000000)] [r=0 c=0 rs=1 cs=1]
                  RenderText {#text} at (0,0) size 0x0
        RenderText {#text} at (0,0) size 0x0
layer at (16,56) size 75x17
  RenderMathMLRoot {mroot} at (6,6) size 77x17 [intrinsic padding: 8 0 0 67]
    RenderMathMLRow (anonymous) at (67,8) size 9x9
      RenderBlock {mi} at (0,0) size 9x9
        RenderText {#text} at (0,-6) size 7x18
          text run at (0,-6) width 7: "x"
layer at (16,56) size 67x14
  RenderBlock (positioned) {mn} at (0,0) size 68x15
    RenderText {#text} at (2,-2) size 60x14
      text run at (2,-2) width 60: "1234567890"
