layer at (0,0) size 800x600
  RenderView at (0,0) size 800x600
layer at (0,0) size 800x372
  RenderBlock {html} at (0,0) size 800x372
    RenderBody {body} at (8,16) size 784x340
      RenderBlock {p} at (0,0) size 784x22
        RenderText {#text} at (0,4) size 36x18
          text run at (0,4) width 36: "over: "
        RenderMathMLMath {math} at (36,0) size 14x19 [padding: 0 1 0 1]
          RenderMathMLUnderOver {mover} at (1,0) size 12x19
            RenderBlock {mi} at (0,7) size 12x12
              RenderText {#text} at (0,-3) size 10x18
                text run at (0,-3) width 10: "B"
            RenderBlock {mi} at (2,0) size 7x7
              RenderText {#text} at (0,-5) size 5x14
                text run at (0,-5) width 5: "x"
        RenderText {#text} at (0,0) size 0x0
      RenderBlock {p} at (0,38) size 784x24
        RenderText {#text} at (0,6) size 36x18
          text run at (0,6) width 36: "over: "
        RenderMathMLMath {math} at (36,0) size 14x21 [padding: 0 1 0 1]
          RenderMathMLUnderOver {mover} at (1,0) size 12x21
            RenderBlock {mi} at (0,9) size 12x12
              RenderText {#text} at (0,-3) size 10x18
                text run at (0,-3) width 10: "B"
            RenderBlock {mi} at (2,0) size 7x9
              RenderText {#text} at (0,-5) size 5x14
                text run at (0,-5) width 5: "y"
        RenderText {#text} at (0,0) size 0x0
      RenderBlock {p} at (0,78) size 784x29
        RenderText {#text} at (0,11) size 36x18
          text run at (0,11) width 36: "over: "
        RenderMathMLMath {math} at (36,0) size 20x26 [padding: 0 1 0 1]
          RenderMathMLUnderOver {mover} at (1,0) size 18x26
            RenderBlock {mi} at (0,9) size 18x17
              RenderText {#text} at (0,-6) size 15x28
                text run at (0,-6) width 15: "B"
            RenderBlock {mi} at (5,0) size 7x9
              RenderText {#text} at (0,-5) size 5x14
                text run at (0,-5) width 5: "y"
        RenderText {#text} at (0,0) size 0x0
      RenderBlock {p} at (0,123) size 784x32
        RenderText {#text} at (0,14) size 36x18
          text run at (0,14) width 36: "over: "
        RenderMathMLMath {math} at (36,0) size 19x31 [padding: 0 1 0 1]
          RenderMathMLUnderOver {mover} at (1,0) size 17x31
            RenderMathMLOperator {mo} at (0,9) size 17x22
              RenderMathMLBlock (flex) {mo} at (0,0) size 17x22
                RenderBlock (anonymous) at (0,0) size 17x22
                  RenderText {mo} at (0,-7) size 17x33
                    text run at (0,-7) width 17: "\x{2211}"
            RenderBlock {mi} at (5,0) size 7x9
              RenderText {#text} at (0,-5) size 5x14
                text run at (0,-5) width 5: "y"
        RenderText {#text} at (0,0) size 0x0
      RenderBlock {p} at (0,171) size 784x60
        RenderText {#text} at (0,26) size 36x18
          text run at (0,26) width 36: "over: "
        RenderMathMLMath {math} at (36,0) size 52x60 [padding: 0 1 0 1]
          RenderMathMLUnderOver {mover} at (1,3) size 10x57
            RenderMathMLOperator {mo} at (0,9) size 10x48
            RenderBlock {mi} at (1,0) size 8x9
              RenderText {#text} at (0,-5) size 5x14
                text run at (0,-5) width 5: "y"
          RenderBlock {div} at (11,0) size 40x40
        RenderText {#text} at (0,0) size 0x0
      RenderBlock {p} at (0,247) size 784x25
        RenderText {#text} at (0,7) size 46x18
          text run at (0,7) width 46: "Overs: "
        RenderMathMLMath {math} at (46,3) size 11x19 [padding: 0 1 0 1]
          RenderMathMLUnderOver {mover} at (1,0) size 9x19
            RenderBlock {mi} at (0,10) size 9x9
              RenderText {#text} at (0,-6) size 7x18
                text run at (0,-6) width 7: "x"
            RenderMathMLOperator {mo} at (1,0) size 7x10
              RenderMathMLBlock (flex) {mo} at (0,0) size 6x10
                RenderBlock (anonymous) at (0,0) size 6x10
                  RenderText {mo} at (0,-4) size 6x16
                    text run at (0,-4) width 6: "^"
        RenderText {#text} at (56,7) size 5x18
          text run at (56,7) width 5: " "
        RenderMathMLMath {math} at (60,8) size 15x14 [padding: 0 1 0 1]
          RenderMathMLUnderOver {mover} at (1,0) size 12x14
            RenderBlock {mi} at (0,2) size 12x12
              RenderText {#text} at (0,-3) size 10x18
                text run at (0,-3) width 10: "A"
            RenderMathMLOperator {mo} at (2,0) size 7x2
              RenderMathMLBlock (flex) {mo} at (0,0) size 6x2
                RenderBlock (anonymous) at (0,0) size 6x2
                  RenderText {mo} at (0,-13) size 6x16
                    text run at (0,-13) width 6: "_"
        RenderText {#text} at (74,7) size 5x18
          text run at (74,7) width 5: " "
        RenderMathMLMath {math} at (78,11) size 11x11 [padding: 0 1 0 1]
          RenderMathMLUnderOver {mover} at (1,0) size 9x11
            RenderBlock {mi} at (0,2) size 9x9
              RenderText {#text} at (0,-6) size 7x18
                text run at (0,-6) width 7: "x"
            RenderMathMLOperator {mo} at (1,0) size 7x2
              RenderMathMLBlock (flex) {mo} at (0,0) size 6x2
                RenderBlock (anonymous) at (0,0) size 6x2
                  RenderText {mo} at (0,-13) size 6x16
                    text run at (0,-13) width 6: "_"
        RenderText {#text} at (88,7) size 5x18
          text run at (88,7) width 5: " "
        RenderMathMLMath {math} at (92,0) size 15x22 [padding: 0 1 0 1]
          RenderMathMLUnderOver {mover} at (1,0) size 12x22
            RenderBlock {mi} at (0,10) size 12x12
              RenderText {#text} at (0,-3) size 10x18
                text run at (0,-3) width 10: "A"
            RenderMathMLOperator {mo} at (2,0) size 7x10
              RenderMathMLBlock (flex) {mo} at (0,0) size 6x10
                RenderBlock (anonymous) at (0,0) size 6x10
                  RenderText {mo} at (0,-4) size 6x16
                    text run at (0,-4) width 6: "^"
        RenderText {#text} at (106,7) size 5x18
          text run at (106,7) width 5: " "
        RenderMathMLMath {math} at (110,7) size 12x15 [padding: 0 1 0 1]
          RenderMathMLUnderOver {mover} at (1,0) size 9x15
            RenderBlock {mi} at (0,6) size 9x9
              RenderText {#text} at (0,-6) size 7x18
                text run at (0,-6) width 7: "v"
            RenderMathMLOperator {mo} at (0,0) size 9x6
              RenderMathMLBlock (flex) {mo} at (0,0) size 9x6
                RenderBlock (anonymous) at (0,0) size 9x6
                  RenderText {mo} at (0,-8) size 9x16
                    text run at (0,-8) width 9: "\x{2192}"
        RenderText {#text} at (0,0) size 0x0
      RenderBlock {p} at (0,288) size 784x52
        RenderMathMLMath {math} at (0,0) size 22x49 [padding: 0 1 0 1]
          RenderBlock {mi} at (1,40) size 10x9
            RenderText {#text} at (0,-6) size 8x18
              text run at (0,-6) width 8: "a"
          RenderMathMLUnderOver {mover} at (10,2) size 11x47 [bgcolor=#FFFF00] [padding: 4 0 0 0]
            RenderBlock {mi} at (0,19) size 10x28 [bgcolor=#FFA500]
              RenderText {#text} at (0,13) size 8x18
                text run at (0,13) width 8: "b"
            RenderBlock {mi} at (1,4) size 7x7
              RenderText {#text} at (0,-5) size 5x14
                text run at (0,-5) width 5: "c"
        RenderText {#text} at (0,0) size 0x0
layer at (45,199) size 10x15 scrollHeight 17
  RenderMathMLBlock (flex) {mo} at (0,0) size 10x15
    RenderBlock (anonymous) at (0,0) size 8x15
      RenderText {mo} at (0,-4) size 8x21
        text run at (0,-4) width 8: "\x{2320}"
layer at (45,214) size 10x15 scrollHeight 17
  RenderMathMLBlock (flex) {mo} at (0,15) size 10x15
    RenderBlock (anonymous) at (0,0) size 10x15
layer at (45,229) size 10x3 scrollHeight 17
  RenderMathMLBlock (flex) {mo} at (0,30) size 10x3
    RenderBlock (anonymous) at (0,0) size 10x3
layer at (45,232) size 10x15 scrollHeight 17
  RenderMathMLBlock (flex) {mo} at (0,33) size 10x15
    RenderBlock (anonymous) at (0,0) size 8x15
layer at (45,213) size 10x17 backgroundClip at (45,214) size 10x15 clip at (45,214) size 10x15 outlineClip at (45,214) size 10x15
  RenderBlock (relative positioned) {mo} at (0,0) size 10x17
    RenderText {mo} at (0,-4) size 10x21
      text run at (0,-4) width 10: "\x{23AE}"
layer at (45,228) size 10x17 backgroundClip at (45,229) size 10x3 clip at (45,229) size 10x3 outlineClip at (45,229) size 10x3
  RenderBlock (relative positioned) {mo} at (0,0) size 10x17
    RenderText {mo} at (0,-4) size 10x21
      text run at (0,-4) width 10: "\x{23AE}"
layer at (45,231) size 8x17 backgroundClip at (45,232) size 10x15 clip at (45,232) size 10x15 outlineClip at (45,232) size 10x15
  RenderBlock (relative positioned) {mo} at (0,0) size 8x17
    RenderText {mo} at (0,-4) size 8x21
      text run at (0,-4) width 8: "\x{2321}"
