layer at (0,0) size 836x600
  RenderView at (0,0) size 800x600
layer at (0,0) size 800x572
  RenderBlock {html} at (0,0) size 800x572
    RenderBody {body} at (8,16) size 784x540
      RenderBlock {p} at (0,0) size 784x18
        RenderText {#text} at (0,0) size 177x18
          text run at (0,0) width 177: "square root (should be red): "
        RenderMathMLMath {math} at (177,0) size 22x15 [padding: 0 1 0 1]
          RenderMathMLSquareRoot {msqrt} at (1,0) size 20x15 [color=#FF0000] [intrinsic padding: 3 0 0 12]
            RenderMathMLRow (anonymous) at (12,3) size 8x12
              RenderBlock {mn} at (0,0) size 8x12
                RenderText {#text} at (0,-3) size 8x18
                  text run at (0,-3) width 8: "2"
      RenderBlock {p} at (0,34) size 784x18
        RenderText {#text} at (0,0) size 110x18
          text run at (0,0) width 110: "long square root: "
        RenderMathMLMath {math} at (110,0) size 46x15 [padding: 0 1 0 1]
          RenderMathMLSquareRoot {msqrt} at (1,0) size 44x15 [intrinsic padding: 3 0 0 12]
            RenderMathMLRow (anonymous) at (12,3) size 32x12
              RenderMathMLRow {mrow} at (0,0) size 32x12
                RenderBlock {mi} at (0,3) size 9x9
                  RenderText {#text} at (0,-6) size 7x18
                    text run at (0,-6) width 7: "x"
                RenderMathMLOperator {mo} at (11,1) size 10x11
                  RenderMathMLBlock (flex) {mo} at (0,0) size 9x11
                    RenderBlock (anonymous) at (0,0) size 9x11
                      RenderText {mo} at (0,-7) size 9x21
                        text run at (0,-7) width 9: "+"
                RenderBlock {mn} at (23,0) size 9x12
                  RenderText {#text} at (0,-3) size 8x18
                    text run at (0,-3) width 8: "1"
      RenderBlock {p} at (0,68) size 784x22
        RenderText {#text} at (0,4) size 222x18
          text run at (0,4) width 222: "long square root with implied row: "
        RenderMathMLMath {math} at (222,0) size 52x19 [padding: 0 1 0 1]
          RenderMathMLSquareRoot {msqrt} at (1,0) size 50x19 [intrinsic padding: 3 0 0 12]
            RenderMathMLRow (anonymous) at (12,3) size 38x16
              RenderMathMLSubSup {msup} at (0,0) size 15x16
                RenderMathMLBlock (anonymous, flex) at (0,0) size 9x16 [padding: 7 0 0 0]
                  RenderBlock {mi} at (0,7) size 9x9
                    RenderText {#text} at (0,-6) size 7x18
                      text run at (0,-6) width 7: "x"
                RenderMathMLBlock (anonymous, flex) at (8,0) size 7x10
                  RenderBlock {mn} at (0,0) size 6x10
                    RenderText {#text} at (0,-2) size 6x14
                      text run at (0,-2) width 6: "2"
              RenderMathMLOperator {mo} at (17,5) size 10x11
                RenderMathMLBlock (flex) {mo} at (0,0) size 9x11
                  RenderBlock (anonymous) at (0,0) size 9x11
                    RenderText {mo} at (0,-7) size 9x21
                      text run at (0,-7) width 9: "+"
              RenderBlock {mn} at (29,4) size 9x12
                RenderText {#text} at (0,-3) size 8x18
                  text run at (0,-3) width 8: "1"
      RenderBlock {p} at (0,106) size 784x37
        RenderText {#text} at (0,8) size 113x18
          text run at (0,8) width 113: "root of a fraction: "
        RenderMathMLMath {math} at (113,0) size 48x38 [padding: 0 1 0 1]
          RenderMathMLSquareRoot {msqrt} at (1,0) size 46x38 [intrinsic padding: 3 0 3 12]
            RenderMathMLRow (anonymous) at (12,3) size 34x32
              RenderMathMLFraction {mfrac} at (1,0) size 32x32
                RenderMathMLBlock (anonymous, flex) at (0,0) size 32x16
                  RenderMathMLRow {mrow} at (0,0) size 32x12
                    RenderBlock {mi} at (0,3) size 9x9
                      RenderText {#text} at (0,-6) size 7x18
                        text run at (0,-6) width 7: "x"
                    RenderMathMLOperator {mo} at (11,1) size 10x11
                      RenderMathMLBlock (flex) {mo} at (0,0) size 9x11
                        RenderBlock (anonymous) at (0,0) size 9x11
                          RenderText {mo} at (0,-7) size 9x21
                            text run at (0,-7) width 9: "+"
                    RenderBlock {mn} at (23,0) size 9x12
                      RenderText {#text} at (0,-3) size 8x18
                        text run at (0,-3) width 8: "1"
                RenderMathMLBlock (anonymous, flex) at (0,15) size 32x17 [padding: 1 0 0 0]
                  RenderMathMLRow {mrow} at (0,4) size 32x13
                    RenderBlock {mi} at (0,3) size 9x9
                      RenderText {#text} at (0,-6) size 7x18
                        text run at (0,-6) width 7: "x"
                    RenderMathMLOperator {mo} at (11,1) size 10x11
                      RenderMathMLBlock (flex) {mo} at (0,0) size 9x11
                        RenderBlock (anonymous) at (0,0) size 9x11
                          RenderText {mo} at (0,-7) size 9x21
                            text run at (0,-7) width 9: "+"
                    RenderBlock {mn} at (23,0) size 9x12
                      RenderText {#text} at (0,-3) size 8x18
                        text run at (0,-3) width 8: "2"
      RenderBlock {p} at (0,159) size 784x22
        RenderText {#text} at (0,4) size 173x18
          text run at (0,4) width 173: "cube root (should be blue): "
        RenderMathMLMath {math} at (173,0) size 23x19 [color=#0000FF] [padding: 0 1 0 1]
      RenderBlock {p} at (0,197) size 784x23
        RenderText {#text} at (0,5) size 75x18
          text run at (0,5) width 75: "long index: "
        RenderMathMLMath {math} at (75,0) size 59x20 [padding: 0 1 0 1]
      RenderBlock {p} at (0,236) size 784x37
        RenderText {#text} at (0,8) size 185x18
          text run at (0,8) width 185: "long index w/ complex base: "
        RenderMathMLMath {math} at (185,0) size 86x38 [padding: 0 1 0 1]
      RenderBlock {p} at (0,289) size 784x47
        RenderText {#text} at (0,29) size 75x18
          text run at (0,29) width 75: "high index: "
        RenderMathMLMath {math} at (75,0) size 25x44 [padding: 0 1 0 1]
      RenderBlock {p} at (0,352) size 784x45
        RenderText {#text} at (0,21) size 155x18
          text run at (0,21) width 155: "Imbricated square roots: "
        RenderMathMLMath {math} at (155,0) size 274x45 [padding: 0 1 0 1]
          RenderMathMLSquareRoot {msqrt} at (1,0) size 272x45 [intrinsic padding: 3 0 3 12]
            RenderMathMLRow (anonymous) at (12,3) size 260x39
              RenderBlock {mn} at (0,21) size 8x12
                RenderText {#text} at (0,-3) size 8x18
                  text run at (0,-3) width 8: "1"
              RenderMathMLOperator {mo} at (11,22) size 10x11
                RenderMathMLBlock (flex) {mo} at (0,0) size 9x11
                  RenderBlock (anonymous) at (0,0) size 9x11
                    RenderText {mo} at (0,-7) size 9x21
                      text run at (0,-7) width 9: "+"
              RenderMathMLSquareRoot {msqrt} at (23,0) size 237x39 [intrinsic padding: 3 0 3 12]
                RenderMathMLRow (anonymous) at (12,3) size 224x33
                  RenderMathMLRow {mrow} at (0,0) size 224x33
                    RenderBlock {mn} at (0,18) size 8x12
                      RenderText {#text} at (0,-3) size 8x18
                        text run at (0,-3) width 8: "2"
                    RenderMathMLOperator {mo} at (11,19) size 10x11
                      RenderMathMLBlock (flex) {mo} at (0,0) size 9x11
                        RenderBlock (anonymous) at (0,0) size 9x11
                          RenderText {mo} at (0,-7) size 9x21
                            text run at (0,-7) width 9: "+"
                    RenderMathMLSquareRoot {msqrt} at (23,0) size 201x33 [intrinsic padding: 3 0 3 12]
                      RenderMathMLRow (anonymous) at (12,3) size 189x27
                        RenderMathMLRow {mrow} at (0,0) size 189x27
                          RenderBlock {mn} at (0,15) size 8x12
                            RenderText {#text} at (0,-3) size 8x18
                              text run at (0,-3) width 8: "3"
                          RenderMathMLOperator {mo} at (11,16) size 10x11
                            RenderMathMLBlock (flex) {mo} at (0,0) size 9x11
                              RenderBlock (anonymous) at (0,0) size 9x11
                                RenderText {mo} at (0,-7) size 9x21
                                  text run at (0,-7) width 9: "+"
                          RenderMathMLSquareRoot {msqrt} at (23,0) size 166x27 [intrinsic padding: 3 0 0 12]
                            RenderMathMLRow (anonymous) at (12,3) size 154x24
                              RenderMathMLRow {mrow} at (0,0) size 154x24
                                RenderBlock {mn} at (0,12) size 8x12
                                  RenderText {#text} at (0,-3) size 8x18
                                    text run at (0,-3) width 8: "4"
                                RenderMathMLOperator {mo} at (11,13) size 10x11
                                  RenderMathMLBlock (flex) {mo} at (0,0) size 9x11
                                    RenderBlock (anonymous) at (0,0) size 9x11
                                      RenderText {mo} at (0,-7) size 9x21
                                        text run at (0,-7) width 9: "+"
                                RenderMathMLSquareRoot {msqrt} at (23,0) size 131x24 [intrinsic padding: 3 0 0 12]
                                  RenderMathMLRow (anonymous) at (12,3) size 118x21
                                    RenderMathMLRow {mrow} at (0,0) size 118x21
                                      RenderBlock {mn} at (0,9) size 8x12
                                        RenderText {#text} at (0,-3) size 8x18
                                          text run at (0,-3) width 8: "5"
                                      RenderMathMLOperator {mo} at (11,10) size 10x11
                                        RenderMathMLBlock (flex) {mo} at (0,0) size 9x11
                                          RenderBlock (anonymous) at (0,0) size 9x11
                                            RenderText {mo} at (0,-7) size 9x21
                                              text run at (0,-7) width 9: "+"
                                      RenderMathMLSquareRoot {msqrt} at (23,0) size 95x21 [intrinsic padding: 3 0 0 12]
                                        RenderMathMLRow (anonymous) at (12,3) size 83x18
                                          RenderMathMLRow {mrow} at (0,0) size 83x18
                                            RenderBlock {mn} at (0,6) size 8x12
                                              RenderText {#text} at (0,-3) size 8x18
                                                text run at (0,-3) width 8: "6"
                                            RenderMathMLOperator {mo} at (11,7) size 10x11
                                              RenderMathMLBlock (flex) {mo} at (0,0) size 9x11
                                                RenderBlock (anonymous) at (0,0) size 9x11
                                                  RenderText {mo} at (0,-7) size 9x21
                                                    text run at (0,-7) width 9: "+"
                                            RenderMathMLSquareRoot {msqrt} at (23,0) size 60x18 [intrinsic padding: 3 0 0 12]
                                              RenderMathMLRow (anonymous) at (12,3) size 47x15
                                                RenderMathMLRow {mrow} at (0,0) size 47x15
                                                  RenderBlock {mn} at (0,3) size 8x12
                                                    RenderText {#text} at (0,-3) size 8x18
                                                      text run at (0,-3) width 8: "7"
                                                  RenderMathMLOperator {mo} at (11,4) size 10x11
                                                    RenderMathMLBlock (flex) {mo} at (0,0) size 9x11
                                                      RenderBlock (anonymous) at (0,0) size 9x11
                                                        RenderText {mo} at (0,-7) size 9x21
                                                          text run at (0,-7) width 9: "+"
                                                  RenderMathMLSquareRoot {msqrt} at (23,0) size 24x15 [intrinsic padding: 3 0 0 12]
                                                    RenderMathMLRow (anonymous) at (12,3) size 12x12
                                                      RenderBlock {mi} at (0,0) size 12x12
                                                        RenderText {#text} at (0,-3) size 10x18
                                                          text run at (0,-3) width 10: "A"
        RenderText {#text} at (0,0) size 0x0
      RenderBlock {p} at (0,413) size 784x75
        RenderText {#text} at (0,39) size 110x18
          text run at (0,39) width 110: "Imbricated roots: "
        RenderMathMLMath {math} at (110,0) size 334x75 [padding: 0 1 0 1]
        RenderText {#text} at (0,0) size 0x0
      RenderBlock {p} at (0,504) size 784x36
        RenderText {#text} at (0,0) size 306x18
          text run at (0,0) width 306: "Don't wrap this wide line with an implicit mrow:"
        RenderBR {br} at (306,0) size 0x18
        RenderMathMLMath {math} at (0,21) size 828x15 [padding: 0 1 0 1]
          RenderMathMLSquareRoot {msqrt} at (1,0) size 826x15 [intrinsic padding: 3 0 0 12]
            RenderMathMLRow (anonymous) at (12,3) size 814x12
              RenderBlock {mi} at (0,0) size 407x9
                RenderText {#text} at (0,-6) size 7x18
                  text run at (0,-6) width 7: "x"
              RenderBlock {mi} at (407,0) size 407x12
                RenderText {#text} at (0,-6) size 7x18
                  text run at (0,-6) width 7: "y"
        RenderText {#text} at (0,0) size 0x0
layer at (182,175) size 21x19
  RenderMathMLRoot {mroot} at (1,0) size 21x19 [intrinsic padding: 7 0 0 13]
    RenderMathMLRow (anonymous) at (13,7) size 8x12
      RenderBlock {mn} at (0,0) size 8x12
        RenderText {#text} at (0,-3) size 8x18
          text run at (0,-3) width 8: "2"
layer at (182,175) size 13x14
  RenderBlock (positioned) {mn} at (0,0) size 14x15
    RenderText {#text} at (2,-2) size 6x14
      text run at (2,-2) width 6: "3"
layer at (84,213) size 57x20
  RenderMathMLRoot {mroot} at (1,0) size 57x20 [intrinsic padding: 8 0 0 49]
    RenderMathMLRow (anonymous) at (49,8) size 8x12
      RenderBlock {mn} at (0,0) size 8x12
        RenderText {#text} at (0,-3) size 8x18
          text run at (0,-3) width 8: "2"
layer at (84,213) size 49x15
  RenderMathMLRow {mrow} at (0,0) size 50x16 [padding: 0 5 4 2]
    RenderBlock {mi} at (2,2) size 7x7
      RenderText {#text} at (0,-5) size 5x14
        text run at (0,-5) width 5: "x"
    RenderMathMLOperator {mo} at (10,0) size 8x9
      RenderMathMLBlock (flex) {mo} at (0,0) size 7x9
        RenderBlock (anonymous) at (0,0) size 7x9
          RenderText {mo} at (0,-5) size 7x16
            text run at (0,-5) width 7: "+"
    RenderBlock {mi} at (20,2) size 7x9
      RenderText {#text} at (0,-5) size 5x14
        text run at (0,-5) width 5: "y"
    RenderMathMLOperator {mo} at (28,0) size 8x9
      RenderMathMLBlock (flex) {mo} at (0,0) size 7x9
        RenderBlock (anonymous) at (0,0) size 7x9
          RenderText {mo} at (0,-5) size 7x16
            text run at (0,-5) width 7: "+"
    RenderBlock {mi} at (38,2) size 7x7
      RenderText {#text} at (0,-5) size 5x14
        text run at (0,-5) width 5: "z"
layer at (194,252) size 84x37
  RenderMathMLRoot {mroot} at (1,0) size 84x38 [intrinsic padding: 3 0 3 50]
    RenderMathMLRow (anonymous) at (50,3) size 34x32
      RenderMathMLFraction {mfrac} at (1,0) size 32x32
        RenderMathMLBlock (anonymous, flex) at (0,0) size 32x16
          RenderMathMLRow {mrow} at (0,0) size 32x12
            RenderBlock {mi} at (0,3) size 9x9
              RenderText {#text} at (0,-6) size 7x18
                text run at (0,-6) width 7: "x"
            RenderMathMLOperator {mo} at (11,1) size 10x11
              RenderMathMLBlock (flex) {mo} at (0,0) size 9x11
                RenderBlock (anonymous) at (0,0) size 9x11
                  RenderText {mo} at (0,-7) size 9x21
                    text run at (0,-7) width 9: "+"
            RenderBlock {mn} at (23,0) size 9x12
              RenderText {#text} at (0,-3) size 8x18
                text run at (0,-3) width 8: "1"
        RenderMathMLBlock (anonymous, flex) at (0,15) size 32x17 [padding: 1 0 0 0]
          RenderMathMLRow {mrow} at (0,4) size 32x13
            RenderBlock {mi} at (0,3) size 9x9
              RenderText {#text} at (0,-6) size 7x18
                text run at (0,-6) width 7: "x"
            RenderMathMLOperator {mo} at (11,1) size 10x11
              RenderMathMLBlock (flex) {mo} at (0,0) size 9x11
                RenderBlock (anonymous) at (0,0) size 9x11
                  RenderText {mo} at (0,-7) size 9x21
                    text run at (0,-7) width 9: "+"
            RenderBlock {mn} at (23,0) size 9x12
              RenderText {#text} at (0,-3) size 8x18
                text run at (0,-3) width 8: "2"
layer at (194,259) size 49x15
  RenderMathMLRow {mrow} at (0,7) size 50x16 [padding: 0 5 4 2]
    RenderBlock {mi} at (2,2) size 7x7
      RenderText {#text} at (0,-5) size 5x14
        text run at (0,-5) width 5: "x"
    RenderMathMLOperator {mo} at (10,0) size 8x9
      RenderMathMLBlock (flex) {mo} at (0,0) size 7x9
        RenderBlock (anonymous) at (0,0) size 7x9
          RenderText {mo} at (0,-5) size 7x16
            text run at (0,-5) width 7: "+"
    RenderBlock {mi} at (20,2) size 7x9
      RenderText {#text} at (0,-5) size 5x14
        text run at (0,-5) width 5: "y"
    RenderMathMLOperator {mo} at (28,0) size 8x9
      RenderMathMLBlock (flex) {mo} at (0,0) size 7x9
        RenderBlock (anonymous) at (0,0) size 7x9
          RenderText {mo} at (0,-5) size 7x16
            text run at (0,-5) width 7: "+"
    RenderBlock {mi} at (38,2) size 7x7
      RenderText {#text} at (0,-5) size 5x14
        text run at (0,-5) width 5: "z"
layer at (84,305) size 23x44
  RenderMathMLRoot {mroot} at (1,0) size 23x44 [intrinsic padding: 32 0 0 15]
    RenderMathMLRow (anonymous) at (15,32) size 8x12
      RenderBlock {mn} at (0,0) size 8x12
        RenderText {#text} at (0,-3) size 8x18
          text run at (0,-3) width 8: "2"
layer at (85,305) size 15x39
  RenderMathMLFraction {mfrac} at (1,0) size 16x39 [padding: 0 5 4 2]
    RenderMathMLBlock (anonymous, flex) at (2,0) size 9x25
      RenderMathMLFraction {mfrac} at (1,0) size 7x22
        RenderMathMLBlock (anonymous, flex) at (0,0) size 7x10
          RenderBlock {mi} at (0,0) size 7x7
            RenderText {#text} at (0,-5) size 5x14
              text run at (0,-5) width 5: "x"
        RenderMathMLBlock (anonymous, flex) at (0,9) size 7x13 [padding: 1 0 0 0]
          RenderBlock {mi} at (0,3) size 7x10
            RenderText {#text} at (0,-5) size 5x14
              text run at (0,-5) width 5: "y"
    RenderMathMLBlock (anonymous, flex) at (2,24) size 9x11 [padding: 1 0 0 0]
      RenderBlock {mi} at (1,3) size 7x8
        RenderText {#text} at (0,-5) size 5x14
          text run at (0,-5) width 5: "z"
layer at (119,429) size 331x75
  RenderMathMLRoot {mroot} at (1,0) size 332x75 [intrinsic padding: 3 0 3 19]
    RenderMathMLRow (anonymous) at (19,3) size 313x69
      RenderMathMLRow {mrow} at (0,0) size 313x69
        RenderBlock {mn} at (0,39) size 8x12
          RenderText {#text} at (0,-3) size 8x18
            text run at (0,-3) width 8: "1"
        RenderMathMLOperator {mo} at (11,40) size 10x11
          RenderMathMLBlock (flex) {mo} at (0,0) size 9x11
            RenderBlock (anonymous) at (0,0) size 9x11
              RenderText {mo} at (0,-7) size 9x21
                text run at (0,-7) width 9: "+"
layer at (161,432) size 289x69
  RenderMathMLRoot {mroot} at (23,0) size 290x69 [intrinsic padding: 3 0 3 19]
    RenderMathMLRow (anonymous) at (19,3) size 270x63
      RenderMathMLRow {mrow} at (0,0) size 270x63
        RenderBlock {mn} at (0,36) size 8x12
          RenderText {#text} at (0,-3) size 8x18
            text run at (0,-3) width 8: "2"
        RenderMathMLOperator {mo} at (11,37) size 10x11
          RenderMathMLBlock (flex) {mo} at (0,0) size 9x11
            RenderBlock (anonymous) at (0,0) size 9x11
              RenderText {mo} at (0,-7) size 9x21
                text run at (0,-7) width 9: "+"
layer at (204,435) size 247x63
  RenderMathMLRoot {mroot} at (23,0) size 247x63 [intrinsic padding: 3 0 3 19]
    RenderMathMLRow (anonymous) at (19,3) size 228x57
      RenderMathMLRow {mrow} at (0,0) size 228x57
        RenderBlock {mn} at (0,33) size 8x12
          RenderText {#text} at (0,-3) size 8x18
            text run at (0,-3) width 8: "3"
        RenderMathMLOperator {mo} at (11,34) size 10x11
          RenderMathMLBlock (flex) {mo} at (0,0) size 9x11
            RenderBlock (anonymous) at (0,0) size 9x11
              RenderText {mo} at (0,-7) size 9x21
                text run at (0,-7) width 9: "+"
layer at (246,438) size 204x57
  RenderMathMLRoot {mroot} at (23,0) size 205x57 [intrinsic padding: 3 0 3 19]
    RenderMathMLRow (anonymous) at (19,3) size 186x51
      RenderMathMLRow {mrow} at (0,0) size 186x51
        RenderBlock {mn} at (0,30) size 8x12
          RenderText {#text} at (0,-3) size 8x18
            text run at (0,-3) width 8: "4"
        RenderMathMLOperator {mo} at (11,31) size 10x11
          RenderMathMLBlock (flex) {mo} at (0,0) size 9x11
            RenderBlock (anonymous) at (0,0) size 9x11
              RenderText {mo} at (0,-7) size 9x21
                text run at (0,-7) width 9: "+"
layer at (289,441) size 162x51
  RenderMathMLRoot {mroot} at (23,0) size 163x51 [intrinsic padding: 3 0 3 18]
    RenderMathMLRow (anonymous) at (18,3) size 144x45
      RenderMathMLRow {mrow} at (0,0) size 144x45
        RenderBlock {mn} at (0,27) size 8x12
          RenderText {#text} at (0,-3) size 8x18
            text run at (0,-3) width 8: "5"
        RenderMathMLOperator {mo} at (11,28) size 10x11
          RenderMathMLBlock (flex) {mo} at (0,0) size 9x11
            RenderBlock (anonymous) at (0,0) size 9x11
              RenderText {mo} at (0,-7) size 9x21
                text run at (0,-7) width 9: "+"
layer at (330,444) size 121x45
  RenderMathMLRoot {mroot} at (23,0) size 121x45 [intrinsic padding: 3 0 3 16]
    RenderMathMLRow (anonymous) at (16,3) size 105x39
      RenderMathMLRow {mrow} at (0,0) size 105x39
        RenderBlock {mn} at (0,24) size 8x12
          RenderText {#text} at (0,-3) size 8x18
            text run at (0,-3) width 8: "6"
        RenderMathMLOperator {mo} at (11,25) size 10x11
          RenderMathMLBlock (flex) {mo} at (0,0) size 9x11
            RenderBlock (anonymous) at (0,0) size 9x11
              RenderText {mo} at (0,-7) size 9x21
                text run at (0,-7) width 9: "+"
layer at (369,447) size 81x39
  RenderMathMLRoot {mroot} at (23,0) size 82x39 [intrinsic padding: 3 0 3 15]
    RenderMathMLRow (anonymous) at (15,3) size 66x33
      RenderMathMLRow {mrow} at (0,0) size 66x33
        RenderBlock {mn} at (0,21) size 8x12
          RenderText {#text} at (0,-3) size 8x18
            text run at (0,-3) width 8: "7"
        RenderMathMLOperator {mo} at (11,22) size 10x11
          RenderMathMLBlock (flex) {mo} at (0,0) size 9x11
            RenderBlock (anonymous) at (0,0) size 9x11
              RenderText {mo} at (0,-7) size 9x21
                text run at (0,-7) width 9: "+"
layer at (408,450) size 43x33
  RenderMathMLRoot {mroot} at (23,0) size 43x33 [intrinsic padding: 21 0 0 31]
    RenderMathMLRow (anonymous) at (31,21) size 12x12
      RenderBlock {mi} at (0,0) size 12x12
        RenderText {#text} at (0,-3) size 10x18
          text run at (0,-3) width 10: "A"
layer at (409,450) size 31x28
  RenderMathMLFraction {mfrac} at (1,0) size 32x28 [padding: 0 5 4 2]
    RenderMathMLBlock (anonymous, flex) at (2,0) size 25x14
      RenderMathMLRow {mrow} at (0,0) size 25x11
        RenderBlock {mi} at (0,2) size 7x7
          RenderText {#text} at (0,-5) size 5x14
            text run at (0,-5) width 5: "x"
        RenderMathMLOperator {mo} at (8,0) size 8x9
          RenderMathMLBlock (flex) {mo} at (0,0) size 7x9
            RenderBlock (anonymous) at (0,0) size 7x9
              RenderText {mo} at (0,-5) size 7x16
                text run at (0,-5) width 7: "+"
        RenderBlock {mi} at (17,2) size 8x9
          RenderText {#text} at (0,-5) size 5x14
            text run at (0,-5) width 5: "y"
    RenderMathMLBlock (anonymous, flex) at (2,13) size 25x11 [padding: 1 0 0 0]
      RenderBlock {mi} at (8,3) size 8x8
        RenderText {#text} at (0,-5) size 5x14
          text run at (0,-5) width 5: "z"
layer at (369,457) size 13x14
  RenderBlock (positioned) {mn} at (0,10) size 14x15
    RenderText {#text} at (2,-2) size 6x14
      text run at (2,-2) width 6: "9"
layer at (330,457) size 13x14
  RenderBlock (positioned) {mn} at (0,13) size 14x15
    RenderText {#text} at (2,-2) size 6x14
      text run at (2,-2) width 6: "8"
layer at (289,459) size 13x13
  RenderBlock (positioned) {mn} at (0,18) size 14x14
    RenderText {#text} at (2,-3) size 6x14
      text run at (2,-3) width 6: "7"
layer at (246,459) size 13x14
  RenderBlock (positioned) {mn} at (0,21) size 14x15
    RenderText {#text} at (2,-2) size 6x14
      text run at (2,-2) width 6: "6"
layer at (204,460) size 13x14
  RenderBlock (positioned) {mn} at (0,25) size 14x15
    RenderText {#text} at (2,-2) size 6x14
      text run at (2,-2) width 6: "5"
layer at (161,460) size 13x14
  RenderBlock (positioned) {mn} at (0,28) size 14x15
    RenderText {#text} at (2,-2) size 6x14
      text run at (2,-2) width 6: "4"
layer at (119,461) size 13x14
  RenderBlock (positioned) {mn} at (0,32) size 14x15
    RenderText {#text} at (2,-2) size 6x14
      text run at (2,-2) width 6: "3"
