layer at (0,0) size 800x600
  RenderView at (0,0) size 800x600
layer at (0,0) size 800x487
  RenderBlock {html} at (0,0) size 800x487
    RenderBody {body} at (8,16) size 784x455
      RenderBlock {p} at (0,0) size 784x18
        RenderMathMLMath {math} at (0,3) size 34x12 [padding: 0 1 0 1]
          RenderBlock {mi} at (1,3) size 9x9
            RenderText {#text} at (0,-6) size 7x18
              text run at (0,-6) width 7: "x"
          RenderMathMLOperator {mo} at (12,1) size 10x11 [bgcolor=#C8C8C8]
            RenderMathMLBlock (flex) {mo} at (0,0) size 9x11
              RenderBlock (anonymous) at (0,0) size 9x11
                RenderText {mo} at (0,-7) size 9x21
                  text run at (0,-7) width 9: "+"
          RenderBlock {mn} at (24,0) size 9x12
            RenderText {#text} at (0,-3) size 8x18
              text run at (0,-3) width 8: "1"
        RenderText {#text} at (0,0) size 0x0
      RenderBlock {p} at (0,34) size 784x24
        RenderText {#text} at (0,5) size 40x18
          text run at (0,5) width 40: "16px: "
        RenderMathMLMath {math} at (40,5) size 45x19 [padding: 0 1 0 1]
          RenderMathMLRow {mrow} at (1,0) size 43x19
            RenderMathMLOperator {mo} at (1,0) size 7x18 [bgcolor=#C8C8C8]
              RenderMathMLBlock (flex) {mo} at (0,0) size 6x18
                RenderBlock (anonymous) at (0,0) size 6x18
                  RenderText {mo} at (0,-5) size 6x24
                    text run at (0,-5) width 6: "{"
            RenderBlock {mi} at (9,6) size 9x9
              RenderText {#text} at (0,-6) size 7x18
                text run at (0,-6) width 7: "x"
            RenderBlock {mtext} at (17,4) size 17x15
              RenderBlock {div} at (0,-1) size 16x17 [bgcolor=#00FF00]
            RenderMathMLOperator {mo} at (35,0) size 7x18 [bgcolor=#C8C8C8]
              RenderMathMLBlock (flex) {mo} at (0,0) size 6x18
                RenderBlock (anonymous) at (0,0) size 6x18
                  RenderText {mo} at (0,-5) size 6x24
                    text run at (0,-5) width 6: "}"
        RenderText {#text} at (84,5) size 5x18
          text run at (84,5) width 5: " "
        RenderMathMLMath {math} at (88,6) size 44x18 [padding: 0 1 0 1]
          RenderMathMLRow {mrow} at (1,0) size 41x18
            RenderMathMLOperator {mo} at (1,0) size 6x17 [bgcolor=#C8C8C8]
              RenderMathMLBlock (flex) {mo} at (0,0) size 5x17
                RenderBlock (anonymous) at (0,0) size 5x17
                  RenderText {mo} at (0,-6) size 5x24
                    text run at (0,-6) width 5: "["
            RenderBlock {mi} at (8,5) size 9x9
              RenderText {#text} at (0,-6) size 7x18
                text run at (0,-6) width 7: "x"
            RenderBlock {mtext} at (16,3) size 17x15
              RenderBlock {div} at (0,-1) size 16x17 [bgcolor=#00FF00]
            RenderMathMLOperator {mo} at (34,0) size 6x17 [bgcolor=#C8C8C8]
              RenderMathMLBlock (flex) {mo} at (0,0) size 5x17
                RenderBlock (anonymous) at (0,0) size 5x17
                  RenderText {mo} at (0,-6) size 5x24
                    text run at (0,-6) width 5: "]"
        RenderText {#text} at (131,5) size 5x18
          text run at (131,5) width 5: " "
        RenderMathMLMath {math} at (135,5) size 46x19 [padding: 0 1 0 1]
          RenderMathMLRow {mrow} at (1,0) size 43x19
            RenderMathMLOperator {mo} at (1,0) size 7x18 [bgcolor=#C8C8C8]
              RenderMathMLBlock (flex) {mo} at (0,0) size 6x18
                RenderBlock (anonymous) at (0,0) size 6x18
                  RenderText {mo} at (0,-5) size 6x24
                    text run at (0,-5) width 6: "("
            RenderBlock {mi} at (9,6) size 9x9
              RenderText {#text} at (0,-6) size 7x18
                text run at (0,-6) width 7: "x"
            RenderBlock {mtext} at (17,4) size 17x15
              RenderBlock {div} at (0,-1) size 16x17 [bgcolor=#00FF00]
            RenderMathMLOperator {mo} at (35,0) size 7x18 [bgcolor=#C8C8C8]
              RenderMathMLBlock (flex) {mo} at (0,0) size 6x18
                RenderBlock (anonymous) at (0,0) size 6x18
                  RenderText {mo} at (0,-5) size 6x24
                    text run at (0,-5) width 6: ")"
        RenderText {#text} at (180,5) size 5x18
          text run at (180,5) width 5: " "
        RenderMathMLMath {math} at (184,6) size 44x18 [padding: 0 1 0 1]
          RenderMathMLRow {mrow} at (1,0) size 41x18
            RenderMathMLOperator {mo} at (1,0) size 6x17 [bgcolor=#C8C8C8]
              RenderMathMLBlock (flex) {mo} at (0,0) size 5x17
                RenderBlock (anonymous) at (0,0) size 5x17
                  RenderText {mo} at (0,-6) size 5x24
                    text run at (0,-6) width 5: "|"
            RenderBlock {mi} at (8,5) size 9x9
              RenderText {#text} at (0,-6) size 7x18
                text run at (0,-6) width 7: "x"
            RenderBlock {mtext} at (16,3) size 17x15
              RenderBlock {div} at (0,-1) size 16x17 [bgcolor=#00FF00]
            RenderMathMLOperator {mo} at (34,0) size 6x17 [bgcolor=#C8C8C8]
              RenderMathMLBlock (flex) {mo} at (0,0) size 5x17
                RenderBlock (anonymous) at (0,0) size 5x17
                  RenderText {mo} at (0,-6) size 5x24
                    text run at (0,-6) width 5: "|"
        RenderText {#text} at (227,5) size 5x18
          text run at (227,5) width 5: " "
        RenderMathMLMath {math} at (231,0) size 40x24 [padding: 0 1 0 1]
          RenderMathMLRow {mrow} at (1,0) size 37x24
            RenderMathMLOperator {mo} at (1,0) size 10x24 [bgcolor=#C8C8C8]
              RenderMathMLBlock (flex) {mo} at (0,0) size 9x24
                RenderBlock (anonymous) at (0,0) size 9x24
                  RenderText {mo} at (0,0) size 9x24
                    text run at (0,0) width 9: "\x{222B}"
            RenderBlock {mi} at (12,11) size 9x9
              RenderText {#text} at (0,-6) size 7x18
                text run at (0,-6) width 7: "x"
            RenderBlock {mtext} at (20,9) size 17x15
              RenderBlock {div} at (0,-1) size 16x17 [bgcolor=#00FF00]
        RenderText {#text} at (0,0) size 0x0
      RenderBlock {p} at (0,74) size 784x36
        RenderText {#text} at (0,14) size 40x18
          text run at (0,14) width 40: "24px: "
        RenderMathMLMath {math} at (40,8) size 59x27 [padding: 0 1 0 1]
          RenderMathMLRow {mrow} at (1,0) size 57x27
            RenderMathMLOperator {mo} at (1,0) size 10x26 [bgcolor=#C8C8C8]
              RenderMathMLBlock (flex) {mo} at (0,0) size 9x26
                RenderBlock (anonymous) at (0,0) size 9x26
                  RenderText {mo} at (0,-9) size 9x36
                    text run at (0,-9) width 9: "{"
            RenderBlock {mi} at (12,12) size 9x9
              RenderText {#text} at (0,-6) size 7x18
                text run at (0,-6) width 7: "x"
            RenderBlock {mtext} at (20,4) size 25x23
              RenderBlock {div} at (0,-1) size 24x25 [bgcolor=#00FF00]
            RenderMathMLOperator {mo} at (46,0) size 10x26 [bgcolor=#C8C8C8]
              RenderMathMLBlock (flex) {mo} at (0,0) size 9x26
                RenderBlock (anonymous) at (0,0) size 9x26
                  RenderText {mo} at (0,-9) size 9x36
                    text run at (0,-9) width 9: "}"
        RenderText {#text} at (98,14) size 5x18
          text run at (98,14) width 5: " "
        RenderMathMLMath {math} at (102,8) size 58x27 [padding: 0 1 0 1]
          RenderMathMLRow {mrow} at (1,0) size 55x27
            RenderMathMLOperator {mo} at (1,0) size 9x26 [bgcolor=#C8C8C8]
              RenderMathMLBlock (flex) {mo} at (0,0) size 8x26
                RenderBlock (anonymous) at (0,0) size 8x26
                  RenderText {mo} at (0,-9) size 8x36
                    text run at (0,-9) width 8: "["
            RenderBlock {mi} at (11,12) size 9x9
              RenderText {#text} at (0,-6) size 7x18
                text run at (0,-6) width 7: "x"
            RenderBlock {mtext} at (19,4) size 25x23
              RenderBlock {div} at (0,-1) size 24x25 [bgcolor=#00FF00]
            RenderMathMLOperator {mo} at (45,0) size 9x26 [bgcolor=#C8C8C8]
              RenderMathMLBlock (flex) {mo} at (0,0) size 8x26
                RenderBlock (anonymous) at (0,0) size 8x26
                  RenderText {mo} at (0,-9) size 8x36
                    text run at (0,-9) width 8: "]"
        RenderText {#text} at (159,14) size 5x18
          text run at (159,14) width 5: " "
        RenderMathMLMath {math} at (163,8) size 60x27 [padding: 0 1 0 1]
          RenderMathMLRow {mrow} at (1,0) size 57x27
            RenderMathMLOperator {mo} at (1,0) size 10x26 [bgcolor=#C8C8C8]
              RenderMathMLBlock (flex) {mo} at (0,0) size 9x26
                RenderBlock (anonymous) at (0,0) size 9x26
                  RenderText {mo} at (0,-9) size 9x36
                    text run at (0,-9) width 9: "("
            RenderBlock {mi} at (12,12) size 9x9
              RenderText {#text} at (0,-6) size 7x18
                text run at (0,-6) width 7: "x"
            RenderBlock {mtext} at (20,4) size 25x23
              RenderBlock {div} at (0,-1) size 24x25 [bgcolor=#00FF00]
            RenderMathMLOperator {mo} at (46,0) size 10x26 [bgcolor=#C8C8C8]
              RenderMathMLBlock (flex) {mo} at (0,0) size 9x26
                RenderBlock (anonymous) at (0,0) size 9x26
                  RenderText {mo} at (0,-9) size 9x36
                    text run at (0,-9) width 9: ")"
        RenderText {#text} at (222,14) size 5x18
          text run at (222,14) width 5: " "
        RenderMathMLMath {math} at (226,8) size 56x27 [padding: 0 1 0 1]
          RenderMathMLRow {mrow} at (1,0) size 53x27
            RenderMathMLOperator {mo} at (1,0) size 8x26 [bgcolor=#C8C8C8]
              RenderMathMLBlock (flex) {mo} at (0,0) size 7x26
                RenderBlock (anonymous) at (0,0) size 7x26
                  RenderText {mo} at (0,-9) size 7x36
                    text run at (0,-9) width 7: "|"
            RenderBlock {mi} at (10,12) size 9x9
              RenderText {#text} at (0,-6) size 7x18
                text run at (0,-6) width 7: "x"
            RenderBlock {mtext} at (18,4) size 25x23
              RenderBlock {div} at (0,-1) size 24x25 [bgcolor=#00FF00]
            RenderMathMLOperator {mo} at (44,0) size 8x26 [bgcolor=#C8C8C8]
              RenderMathMLBlock (flex) {mo} at (0,0) size 7x26
                RenderBlock (anonymous) at (0,0) size 7x26
                  RenderText {mo} at (0,-9) size 7x36
                    text run at (0,-9) width 7: "|"
        RenderText {#text} at (281,14) size 5x18
          text run at (281,14) width 5: " "
        RenderMathMLMath {math} at (285,0) size 53x36 [padding: 0 1 0 1]
          RenderMathMLRow {mrow} at (1,0) size 50x36
            RenderMathMLOperator {mo} at (1,0) size 15x36 [bgcolor=#C8C8C8]
              RenderMathMLBlock (flex) {mo} at (0,0) size 14x36
                RenderBlock (anonymous) at (0,0) size 14x36
                  RenderText {mo} at (0,-1) size 14x36
                    text run at (0,-1) width 14: "\x{222B}"
            RenderBlock {mi} at (17,20) size 9x9
              RenderText {#text} at (0,-6) size 7x18
                text run at (0,-6) width 7: "x"
            RenderBlock {mtext} at (25,12) size 25x23
              RenderBlock {div} at (0,-1) size 24x25 [bgcolor=#00FF00]
        RenderText {#text} at (0,0) size 0x0
      RenderBlock {p} at (0,126) size 784x37
        RenderText {#text} at (0,7) size 40x18
          text run at (0,7) width 40: "32px: "
        RenderMathMLMath {math} at (40,0) size 81x37 [padding: 0 1 0 1]
          RenderMathMLRow {mrow} at (1,0) size 79x37
            RenderMathMLOperator {mo} at (1,0) size 17x37 [bgcolor=#C8C8C8]
            RenderBlock {mi} at (19,13) size 9x9
              RenderText {#text} at (0,-6) size 7x18
                text run at (0,-6) width 7: "x"
            RenderBlock {mtext} at (27,0) size 33x31
              RenderBlock {div} at (0,-1) size 32x33 [bgcolor=#00FF00]
            RenderMathMLOperator {mo} at (61,0) size 17x37 [bgcolor=#C8C8C8]
        RenderText {#text} at (120,7) size 5x18
          text run at (120,7) width 5: " "
        RenderMathMLMath {math} at (124,0) size 82x37 [padding: 0 1 0 1]
          RenderMathMLRow {mrow} at (1,0) size 79x37
            RenderMathMLOperator {mo} at (1,0) size 17x37 [bgcolor=#C8C8C8]
            RenderBlock {mi} at (19,13) size 9x9
              RenderText {#text} at (0,-6) size 7x18
                text run at (0,-6) width 7: "x"
            RenderBlock {mtext} at (27,0) size 33x31
              RenderBlock {div} at (0,-1) size 32x33 [bgcolor=#00FF00]
            RenderMathMLOperator {mo} at (61,0) size 17x37 [bgcolor=#C8C8C8]
        RenderText {#text} at (205,7) size 5x18
          text run at (205,7) width 5: " "
        RenderMathMLMath {math} at (209,0) size 82x37 [padding: 0 1 0 1]
          RenderMathMLRow {mrow} at (1,0) size 79x37
            RenderMathMLOperator {mo} at (1,0) size 17x37 [bgcolor=#C8C8C8]
            RenderBlock {mi} at (19,13) size 9x9
              RenderText {#text} at (0,-6) size 7x18
                text run at (0,-6) width 7: "x"
            RenderBlock {mtext} at (27,0) size 33x31
              RenderBlock {div} at (0,-1) size 32x33 [bgcolor=#00FF00]
            RenderMathMLOperator {mo} at (61,0) size 17x37 [bgcolor=#C8C8C8]
        RenderText {#text} at (290,7) size 5x18
          text run at (290,7) width 5: " "
        RenderMathMLMath {math} at (294,0) size 82x37 [padding: 0 1 0 1]
          RenderMathMLRow {mrow} at (1,0) size 79x37
            RenderMathMLOperator {mo} at (1,0) size 17x37 [bgcolor=#C8C8C8]
            RenderBlock {mi} at (19,13) size 9x9
              RenderText {#text} at (0,-6) size 7x18
                text run at (0,-6) width 7: "x"
            RenderBlock {mtext} at (27,0) size 33x31
              RenderBlock {div} at (0,-1) size 32x33 [bgcolor=#00FF00]
            RenderMathMLOperator {mo} at (61,0) size 17x37 [bgcolor=#C8C8C8]
        RenderText {#text} at (375,7) size 5x18
          text run at (375,7) width 5: " "
        RenderMathMLMath {math} at (379,0) size 57x37 [padding: 0 1 0 1]
          RenderMathMLRow {mrow} at (1,0) size 54x37
            RenderMathMLOperator {mo} at (1,0) size 11x37 [bgcolor=#C8C8C8]
            RenderBlock {mi} at (13,13) size 9x9
              RenderText {#text} at (0,-6) size 7x18
                text run at (0,-6) width 7: "x"
            RenderBlock {mtext} at (21,0) size 33x31
              RenderBlock {div} at (0,-1) size 32x33 [bgcolor=#00FF00]
        RenderText {#text} at (0,0) size 0x0
      RenderBlock {p} at (0,179) size 784x56
        RenderText {#text} at (0,18) size 40x18
          text run at (0,18) width 40: "48px: "
        RenderMathMLMath {math} at (40,0) size 97x56 [padding: 0 1 0 1]
          RenderMathMLRow {mrow} at (1,0) size 95x56
            RenderMathMLOperator {mo} at (1,0) size 17x56 [bgcolor=#C8C8C8]
            RenderBlock {mi} at (19,24) size 9x9
              RenderText {#text} at (0,-6) size 7x18
                text run at (0,-6) width 7: "x"
            RenderBlock {mtext} at (27,0) size 49x47
              RenderBlock {div} at (0,-1) size 48x49 [bgcolor=#00FF00]
            RenderMathMLOperator {mo} at (77,0) size 17x56 [bgcolor=#C8C8C8]
        RenderText {#text} at (136,18) size 5x18
          text run at (136,18) width 5: " "
        RenderMathMLMath {math} at (140,0) size 98x56 [padding: 0 1 0 1]
          RenderMathMLRow {mrow} at (1,0) size 95x56
            RenderMathMLOperator {mo} at (1,0) size 17x56 [bgcolor=#C8C8C8]
            RenderBlock {mi} at (19,24) size 9x9
              RenderText {#text} at (0,-6) size 7x18
                text run at (0,-6) width 7: "x"
            RenderBlock {mtext} at (27,0) size 49x47
              RenderBlock {div} at (0,-1) size 48x49 [bgcolor=#00FF00]
            RenderMathMLOperator {mo} at (77,0) size 17x56 [bgcolor=#C8C8C8]
        RenderText {#text} at (237,18) size 5x18
          text run at (237,18) width 5: " "
        RenderMathMLMath {math} at (241,0) size 98x56 [padding: 0 1 0 1]
          RenderMathMLRow {mrow} at (1,0) size 95x56
            RenderMathMLOperator {mo} at (1,0) size 17x56 [bgcolor=#C8C8C8]
            RenderBlock {mi} at (19,24) size 9x9
              RenderText {#text} at (0,-6) size 7x18
                text run at (0,-6) width 7: "x"
            RenderBlock {mtext} at (27,0) size 49x47
              RenderBlock {div} at (0,-1) size 48x49 [bgcolor=#00FF00]
            RenderMathMLOperator {mo} at (77,0) size 17x56 [bgcolor=#C8C8C8]
        RenderText {#text} at (338,18) size 5x18
          text run at (338,18) width 5: " "
        RenderMathMLMath {math} at (342,0) size 98x56 [padding: 0 1 0 1]
          RenderMathMLRow {mrow} at (1,0) size 95x56
            RenderMathMLOperator {mo} at (1,0) size 17x56 [bgcolor=#C8C8C8]
            RenderBlock {mi} at (19,24) size 9x9
              RenderText {#text} at (0,-6) size 7x18
                text run at (0,-6) width 7: "x"
            RenderBlock {mtext} at (27,0) size 49x47
              RenderBlock {div} at (0,-1) size 48x49 [bgcolor=#00FF00]
            RenderMathMLOperator {mo} at (77,0) size 17x56 [bgcolor=#C8C8C8]
        RenderText {#text} at (439,18) size 5x18
          text run at (439,18) width 5: " "
        RenderMathMLMath {math} at (443,0) size 73x56 [padding: 0 1 0 1]
          RenderMathMLRow {mrow} at (1,0) size 70x56
            RenderMathMLOperator {mo} at (1,0) size 11x56 [bgcolor=#C8C8C8]
            RenderBlock {mi} at (13,24) size 9x9
              RenderText {#text} at (0,-6) size 7x18
                text run at (0,-6) width 7: "x"
            RenderBlock {mtext} at (21,0) size 49x47
              RenderBlock {div} at (0,-1) size 48x49 [bgcolor=#00FF00]
        RenderText {#text} at (0,0) size 0x0
      RenderBlock {p} at (0,251) size 784x142
        RenderText {#text} at (0,68) size 48x18
          text run at (0,68) width 48: "120px: "
        RenderMathMLMath {math} at (48,0) size 97x142 [padding: 0 1 0 1]
          RenderMathMLRow {mrow} at (1,0) size 95x142
            RenderMathMLOperator {mo} at (1,0) size 17x142 [bgcolor=#C8C8C8]
            RenderBlock {mi} at (19,74) size 9x9
              RenderText {#text} at (0,-6) size 7x18
                text run at (0,-6) width 7: "x"
            RenderBlock {mtext} at (27,2) size 49x119
              RenderBlock {div} at (0,-1) size 48x121 [bgcolor=#00FF00]
            RenderMathMLOperator {mo} at (77,0) size 17x142 [bgcolor=#C8C8C8]
        RenderText {#text} at (144,68) size 5x18
          text run at (144,68) width 5: " "
        RenderMathMLMath {math} at (148,0) size 98x142 [padding: 0 1 0 1]
          RenderMathMLRow {mrow} at (1,0) size 95x142
            RenderMathMLOperator {mo} at (1,0) size 17x142 [bgcolor=#C8C8C8]
            RenderBlock {mi} at (19,74) size 9x9
              RenderText {#text} at (0,-6) size 7x18
                text run at (0,-6) width 7: "x"
            RenderBlock {mtext} at (27,2) size 49x119
              RenderBlock {div} at (0,-1) size 48x121 [bgcolor=#00FF00]
            RenderMathMLOperator {mo} at (77,0) size 17x142 [bgcolor=#C8C8C8]
        RenderText {#text} at (245,68) size 5x18
          text run at (245,68) width 5: " "
        RenderMathMLMath {math} at (249,0) size 98x142 [padding: 0 1 0 1]
          RenderMathMLRow {mrow} at (1,0) size 95x142
            RenderMathMLOperator {mo} at (1,0) size 17x142 [bgcolor=#C8C8C8]
            RenderBlock {mi} at (19,74) size 9x9
              RenderText {#text} at (0,-6) size 7x18
                text run at (0,-6) width 7: "x"
            RenderBlock {mtext} at (27,2) size 49x119
              RenderBlock {div} at (0,-1) size 48x121 [bgcolor=#00FF00]
            RenderMathMLOperator {mo} at (77,0) size 17x142 [bgcolor=#C8C8C8]
        RenderText {#text} at (346,68) size 5x18
          text run at (346,68) width 5: " "
        RenderMathMLMath {math} at (350,0) size 98x142 [padding: 0 1 0 1]
          RenderMathMLRow {mrow} at (1,0) size 95x142
            RenderMathMLOperator {mo} at (1,0) size 17x142 [bgcolor=#C8C8C8]
            RenderBlock {mi} at (19,74) size 9x9
              RenderText {#text} at (0,-6) size 7x18
                text run at (0,-6) width 7: "x"
            RenderBlock {mtext} at (27,2) size 49x119
              RenderBlock {div} at (0,-1) size 48x121 [bgcolor=#00FF00]
            RenderMathMLOperator {mo} at (77,0) size 17x142 [bgcolor=#C8C8C8]
        RenderText {#text} at (447,68) size 5x18
          text run at (447,68) width 5: " "
        RenderMathMLMath {math} at (451,0) size 73x142 [padding: 0 1 0 1]
          RenderMathMLRow {mrow} at (1,0) size 70x142
            RenderMathMLOperator {mo} at (1,0) size 11x142 [bgcolor=#C8C8C8]
            RenderBlock {mi} at (13,74) size 9x9
              RenderText {#text} at (0,-6) size 7x18
                text run at (0,-6) width 7: "x"
            RenderBlock {mtext} at (21,2) size 49x119
              RenderBlock {div} at (0,-1) size 48x121 [bgcolor=#00FF00]
        RenderText {#text} at (0,0) size 0x0
      RenderBlock {p} at (0,409) size 784x46
        RenderText {#text} at (0,12) size 40x18
          text run at (0,12) width 40: "40px: "
        RenderMathMLMath {math} at (40,0) size 201x46 [padding: 0 1 0 1]
          RenderMathMLRow {mrow} at (1,0) size 199x46
            RenderMathMLOperator {mo} at (1,0) size 17x46 [bgcolor=#C8C8C8]
            RenderBlock {mi} at (19,18) size 9x9
              RenderText {#text} at (0,-6) size 7x18
                text run at (0,-6) width 7: "x"
            RenderMathMLOperator {mo} at (30,24) size 5x5 [bgcolor=#C8C8C8]
              RenderMathMLBlock (flex) {mo} at (0,0) size 4x5
                RenderBlock (anonymous) at (0,0) size 4x5
                  RenderText {mo} at (0,-15) size 4x21
                    text run at (0,-15) width 4: ","
            RenderBlock {mtext} at (38,0) size 41x39
              RenderBlock {div} at (0,-1) size 40x41 [bgcolor=#00FF00]
            RenderMathMLOperator {mo} at (81,24) size 5x5 [bgcolor=#C8C8C8]
              RenderMathMLBlock (flex) {mo} at (0,0) size 4x5
                RenderBlock (anonymous) at (0,0) size 4x5
                  RenderText {mo} at (0,-15) size 4x21
                    text run at (0,-15) width 4: ","
            RenderBlock {mtext} at (88,0) size 41x39
              RenderBlock {div} at (0,-1) size 40x41 [bgcolor=#00FF00]
            RenderMathMLOperator {mo} at (131,24) size 5x5 [bgcolor=#C8C8C8]
              RenderMathMLBlock (flex) {mo} at (0,0) size 4x5
                RenderBlock (anonymous) at (0,0) size 4x5
                  RenderText {mo} at (0,-15) size 4x21
                    text run at (0,-15) width 4: ","
            RenderBlock {mtext} at (138,0) size 41x39
              RenderBlock {div} at (0,-1) size 40x41 [bgcolor=#00FF00]
            RenderMathMLOperator {mo} at (180,0) size 17x46 [bgcolor=#C8C8C8]
        RenderText {#text} at (0,0) size 0x0
layer at (51,142) size 16x11 scrollHeight 14
  RenderMathMLBlock (flex) {mo} at (0,0) size 16x11
    RenderBlock (anonymous) at (0,0) size 16x11
      RenderText {mo} at (0,-7) size 16x21
        text run at (0,-7) width 16: "\x{23A7}"
layer at (51,153) size 16x15 scrollHeight 19
  RenderMathMLBlock (flex) {mo} at (0,11) size 16x15
    RenderBlock (anonymous) at (0,0) size 16x15
layer at (51,168) size 16x11 scrollHeight 19
  RenderMathMLBlock (flex) {mo} at (0,26) size 16x11
    RenderBlock (anonymous) at (0,0) size 16x11
layer at (110,142) size 16x11 scrollHeight 14
  RenderMathMLBlock (flex) {mo} at (0,0) size 16x11
    RenderBlock (anonymous) at (0,0) size 16x11
      RenderText {mo} at (0,-7) size 16x21
        text run at (0,-7) width 16: "\x{23AB}"
layer at (110,153) size 16x15 scrollHeight 19
  RenderMathMLBlock (flex) {mo} at (0,11) size 16x15
    RenderBlock (anonymous) at (0,0) size 16x15
layer at (110,168) size 16x11 scrollHeight 19
  RenderMathMLBlock (flex) {mo} at (0,26) size 16x11
    RenderBlock (anonymous) at (0,0) size 16x11
layer at (136,142) size 16x15 scrollHeight 18
  RenderMathMLBlock (flex) {mo} at (0,0) size 16x15
    RenderBlock (anonymous) at (0,0) size 16x15
      RenderText {mo} at (0,-3) size 16x21
        text run at (0,-3) width 16: "\x{23A1}"
layer at (136,157) size 16x7 scrollHeight 19
  RenderMathMLBlock (flex) {mo} at (0,15) size 16x7
    RenderBlock (anonymous) at (0,0) size 16x7
layer at (136,164) size 16x15 scrollHeight 19
  RenderMathMLBlock (flex) {mo} at (0,22) size 16x15
    RenderBlock (anonymous) at (0,0) size 16x15
layer at (195,142) size 16x15 scrollHeight 18
  RenderMathMLBlock (flex) {mo} at (0,0) size 16x15
    RenderBlock (anonymous) at (0,0) size 16x15
      RenderText {mo} at (0,-3) size 16x21
        text run at (0,-3) width 16: "\x{23A4}"
layer at (195,157) size 16x7 scrollHeight 19
  RenderMathMLBlock (flex) {mo} at (0,15) size 16x7
    RenderBlock (anonymous) at (0,0) size 16x7
layer at (195,164) size 16x15 scrollHeight 19
  RenderMathMLBlock (flex) {mo} at (0,22) size 16x15
    RenderBlock (anonymous) at (0,0) size 16x15
layer at (221,142) size 16x15 scrollHeight 18
  RenderMathMLBlock (flex) {mo} at (0,0) size 16x15
    RenderBlock (anonymous) at (0,0) size 16x15
      RenderText {mo} at (0,-3) size 16x21
        text run at (0,-3) width 16: "\x{239B}"
layer at (221,157) size 16x7 scrollHeight 19
  RenderMathMLBlock (flex) {mo} at (0,15) size 16x7
    RenderBlock (anonymous) at (0,0) size 16x7
layer at (221,164) size 16x15 scrollHeight 19
  RenderMathMLBlock (flex) {mo} at (0,22) size 16x15
    RenderBlock (anonymous) at (0,0) size 16x15
layer at (280,142) size 16x15 scrollHeight 18
  RenderMathMLBlock (flex) {mo} at (0,0) size 16x15
    RenderBlock (anonymous) at (0,0) size 16x15
      RenderText {mo} at (0,-3) size 16x21
        text run at (0,-3) width 16: "\x{239E}"
layer at (280,157) size 16x7 scrollHeight 19
  RenderMathMLBlock (flex) {mo} at (0,15) size 16x7
    RenderBlock (anonymous) at (0,0) size 16x7
layer at (280,164) size 16x15 scrollHeight 19
  RenderMathMLBlock (flex) {mo} at (0,22) size 16x15
    RenderBlock (anonymous) at (0,0) size 16x15
layer at (306,142) size 16x16 scrollHeight 19
  RenderMathMLBlock (flex) {mo} at (0,0) size 16x16
    RenderBlock (anonymous) at (0,0) size 16x16
      RenderText {mo} at (0,-2) size 16x21
        text run at (0,-2) width 16: "\x{23AA}"
layer at (306,158) size 16x5 scrollHeight 19
  RenderMathMLBlock (flex) {mo} at (0,16) size 16x5
    RenderBlock (anonymous) at (0,0) size 16x5
layer at (306,163) size 16x16 scrollHeight 19
  RenderMathMLBlock (flex) {mo} at (0,21) size 16x16
    RenderBlock (anonymous) at (0,0) size 16x16
layer at (365,142) size 16x16 scrollHeight 19
  RenderMathMLBlock (flex) {mo} at (0,0) size 16x16
    RenderBlock (anonymous) at (0,0) size 16x16
      RenderText {mo} at (0,-2) size 16x21
        text run at (0,-2) width 16: "\x{23AA}"
layer at (365,158) size 16x5 scrollHeight 19
  RenderMathMLBlock (flex) {mo} at (0,16) size 16x5
    RenderBlock (anonymous) at (0,0) size 16x5
layer at (365,163) size 16x16 scrollHeight 19
  RenderMathMLBlock (flex) {mo} at (0,21) size 16x16
    RenderBlock (anonymous) at (0,0) size 16x16
layer at (390,142) size 10x15 scrollHeight 17
  RenderMathMLBlock (flex) {mo} at (0,0) size 10x15
    RenderBlock (anonymous) at (0,0) size 8x15
      RenderText {mo} at (0,-4) size 8x21
        text run at (0,-4) width 8: "\x{2320}"
layer at (390,157) size 10x7 scrollHeight 17
  RenderMathMLBlock (flex) {mo} at (0,15) size 10x7
    RenderBlock (anonymous) at (0,0) size 10x7
layer at (390,164) size 10x15 scrollHeight 17
  RenderMathMLBlock (flex) {mo} at (0,22) size 10x15
    RenderBlock (anonymous) at (0,0) size 8x15
layer at (51,195) size 16x11 scrollHeight 14
  RenderMathMLBlock (flex) {mo} at (0,0) size 16x11
    RenderBlock (anonymous) at (0,0) size 16x11
      RenderText {mo} at (0,-7) size 16x21
        text run at (0,-7) width 16: "\x{23A7}"
layer at (51,206) size 16x9 scrollHeight 19
  RenderMathMLBlock (flex) {mo} at (0,11) size 16x9
    RenderBlock (anonymous) at (0,0) size 16x9
layer at (51,215) size 16x15 scrollHeight 19
  RenderMathMLBlock (flex) {mo} at (0,20) size 16x15
    RenderBlock (anonymous) at (0,0) size 16x15
layer at (51,230) size 16x10 scrollHeight 19
  RenderMathMLBlock (flex) {mo} at (0,35) size 16x10
    RenderBlock (anonymous) at (0,0) size 16x10
layer at (51,240) size 16x11 scrollHeight 19
  RenderMathMLBlock (flex) {mo} at (0,45) size 16x11
    RenderBlock (anonymous) at (0,0) size 16x11
layer at (126,195) size 16x11 scrollHeight 14
  RenderMathMLBlock (flex) {mo} at (0,0) size 16x11
    RenderBlock (anonymous) at (0,0) size 16x11
      RenderText {mo} at (0,-7) size 16x21
        text run at (0,-7) width 16: "\x{23AB}"
layer at (126,206) size 16x9 scrollHeight 19
  RenderMathMLBlock (flex) {mo} at (0,11) size 16x9
    RenderBlock (anonymous) at (0,0) size 16x9
layer at (126,215) size 16x15 scrollHeight 19
  RenderMathMLBlock (flex) {mo} at (0,20) size 16x15
    RenderBlock (anonymous) at (0,0) size 16x15
layer at (126,230) size 16x10 scrollHeight 19
  RenderMathMLBlock (flex) {mo} at (0,35) size 16x10
    RenderBlock (anonymous) at (0,0) size 16x10
layer at (126,240) size 16x11 scrollHeight 19
  RenderMathMLBlock (flex) {mo} at (0,45) size 16x11
    RenderBlock (anonymous) at (0,0) size 16x11
layer at (152,195) size 16x15 scrollHeight 18
  RenderMathMLBlock (flex) {mo} at (0,0) size 16x15
    RenderBlock (anonymous) at (0,0) size 16x15
      RenderText {mo} at (0,-3) size 16x21
        text run at (0,-3) width 16: "\x{23A1}"
layer at (152,210) size 16x15 scrollHeight 19
  RenderMathMLBlock (flex) {mo} at (0,15) size 16x15
    RenderBlock (anonymous) at (0,0) size 16x15
layer at (152,225) size 16x11 scrollHeight 19
  RenderMathMLBlock (flex) {mo} at (0,30) size 16x11
    RenderBlock (anonymous) at (0,0) size 16x11
layer at (152,236) size 16x15 scrollHeight 19
  RenderMathMLBlock (flex) {mo} at (0,41) size 16x15
    RenderBlock (anonymous) at (0,0) size 16x15
layer at (227,195) size 16x15 scrollHeight 18
  RenderMathMLBlock (flex) {mo} at (0,0) size 16x15
    RenderBlock (anonymous) at (0,0) size 16x15
      RenderText {mo} at (0,-3) size 16x21
        text run at (0,-3) width 16: "\x{23A4}"
layer at (227,210) size 16x15 scrollHeight 19
  RenderMathMLBlock (flex) {mo} at (0,15) size 16x15
    RenderBlock (anonymous) at (0,0) size 16x15
layer at (227,225) size 16x11 scrollHeight 19
  RenderMathMLBlock (flex) {mo} at (0,30) size 16x11
    RenderBlock (anonymous) at (0,0) size 16x11
layer at (227,236) size 16x15 scrollHeight 19
  RenderMathMLBlock (flex) {mo} at (0,41) size 16x15
    RenderBlock (anonymous) at (0,0) size 16x15
layer at (253,195) size 16x15 scrollHeight 18
  RenderMathMLBlock (flex) {mo} at (0,0) size 16x15
    RenderBlock (anonymous) at (0,0) size 16x15
      RenderText {mo} at (0,-3) size 16x21
        text run at (0,-3) width 16: "\x{239B}"
layer at (253,210) size 16x15 scrollHeight 19
  RenderMathMLBlock (flex) {mo} at (0,15) size 16x15
    RenderBlock (anonymous) at (0,0) size 16x15
layer at (253,225) size 16x11 scrollHeight 19
  RenderMathMLBlock (flex) {mo} at (0,30) size 16x11
    RenderBlock (anonymous) at (0,0) size 16x11
layer at (253,236) size 16x15 scrollHeight 19
  RenderMathMLBlock (flex) {mo} at (0,41) size 16x15
    RenderBlock (anonymous) at (0,0) size 16x15
layer at (328,195) size 16x15 scrollHeight 18
  RenderMathMLBlock (flex) {mo} at (0,0) size 16x15
    RenderBlock (anonymous) at (0,0) size 16x15
      RenderText {mo} at (0,-3) size 16x21
        text run at (0,-3) width 16: "\x{239E}"
layer at (328,210) size 16x15 scrollHeight 19
  RenderMathMLBlock (flex) {mo} at (0,15) size 16x15
    RenderBlock (anonymous) at (0,0) size 16x15
layer at (328,225) size 16x11 scrollHeight 19
  RenderMathMLBlock (flex) {mo} at (0,30) size 16x11
    RenderBlock (anonymous) at (0,0) size 16x11
layer at (328,236) size 16x15 scrollHeight 19
  RenderMathMLBlock (flex) {mo} at (0,41) size 16x15
    RenderBlock (anonymous) at (0,0) size 16x15
layer at (354,195) size 16x16 scrollHeight 19
  RenderMathMLBlock (flex) {mo} at (0,0) size 16x16
    RenderBlock (anonymous) at (0,0) size 16x16
      RenderText {mo} at (0,-2) size 16x21
        text run at (0,-2) width 16: "\x{23AA}"
layer at (354,211) size 16x15 scrollHeight 19
  RenderMathMLBlock (flex) {mo} at (0,16) size 16x15
    RenderBlock (anonymous) at (0,0) size 16x15
layer at (354,226) size 16x9 scrollHeight 19
  RenderMathMLBlock (flex) {mo} at (0,31) size 16x9
    RenderBlock (anonymous) at (0,0) size 16x9
layer at (354,235) size 16x16 scrollHeight 19
  RenderMathMLBlock (flex) {mo} at (0,40) size 16x16
    RenderBlock (anonymous) at (0,0) size 16x16
layer at (429,195) size 16x16 scrollHeight 19
  RenderMathMLBlock (flex) {mo} at (0,0) size 16x16
    RenderBlock (anonymous) at (0,0) size 16x16
      RenderText {mo} at (0,-2) size 16x21
        text run at (0,-2) width 16: "\x{23AA}"
layer at (429,211) size 16x15 scrollHeight 19
  RenderMathMLBlock (flex) {mo} at (0,16) size 16x15
    RenderBlock (anonymous) at (0,0) size 16x15
layer at (429,226) size 16x9 scrollHeight 19
  RenderMathMLBlock (flex) {mo} at (0,31) size 16x9
    RenderBlock (anonymous) at (0,0) size 16x9
layer at (429,235) size 16x16 scrollHeight 19
  RenderMathMLBlock (flex) {mo} at (0,40) size 16x16
    RenderBlock (anonymous) at (0,0) size 16x16
layer at (454,195) size 10x15 scrollHeight 17
  RenderMathMLBlock (flex) {mo} at (0,0) size 10x15
    RenderBlock (anonymous) at (0,0) size 8x15
      RenderText {mo} at (0,-4) size 8x21
        text run at (0,-4) width 8: "\x{2320}"
layer at (454,210) size 10x15 scrollHeight 17
  RenderMathMLBlock (flex) {mo} at (0,15) size 10x15
    RenderBlock (anonymous) at (0,0) size 10x15
layer at (454,225) size 10x11 scrollHeight 17
  RenderMathMLBlock (flex) {mo} at (0,30) size 10x11
    RenderBlock (anonymous) at (0,0) size 10x11
layer at (454,236) size 10x15 scrollHeight 17
  RenderMathMLBlock (flex) {mo} at (0,41) size 10x15
    RenderBlock (anonymous) at (0,0) size 8x15
layer at (59,267) size 16x11 scrollHeight 14
  RenderMathMLBlock (flex) {mo} at (0,0) size 16x11
    RenderBlock (anonymous) at (0,0) size 16x11
      RenderText {mo} at (0,-7) size 16x21
        text run at (0,-7) width 16: "\x{23A7}"
layer at (59,278) size 16x15 scrollHeight 19
  RenderMathMLBlock (flex) {mo} at (0,11) size 16x15
    RenderBlock (anonymous) at (0,0) size 16x15
layer at (59,293) size 16x15 scrollHeight 19
  RenderMathMLBlock (flex) {mo} at (0,26) size 16x15
    RenderBlock (anonymous) at (0,0) size 16x15
layer at (59,308) size 16x15 scrollHeight 19
  RenderMathMLBlock (flex) {mo} at (0,41) size 16x15
    RenderBlock (anonymous) at (0,0) size 16x15
layer at (59,323) size 16x7 scrollHeight 19
  RenderMathMLBlock (flex) {mo} at (0,56) size 16x7
    RenderBlock (anonymous) at (0,0) size 16x7
layer at (59,330) size 16x15 scrollHeight 19
  RenderMathMLBlock (flex) {mo} at (0,63) size 16x15
    RenderBlock (anonymous) at (0,0) size 16x15
layer at (59,345) size 16x15 scrollHeight 19
  RenderMathMLBlock (flex) {mo} at (0,78) size 16x15
    RenderBlock (anonymous) at (0,0) size 16x15
layer at (59,360) size 16x15 scrollHeight 19
  RenderMathMLBlock (flex) {mo} at (0,93) size 16x15
    RenderBlock (anonymous) at (0,0) size 16x15
layer at (59,375) size 16x15 scrollHeight 19
  RenderMathMLBlock (flex) {mo} at (0,108) size 16x15
    RenderBlock (anonymous) at (0,0) size 16x15
layer at (59,390) size 16x8 scrollHeight 19
  RenderMathMLBlock (flex) {mo} at (0,123) size 16x8
    RenderBlock (anonymous) at (0,0) size 16x8
layer at (59,398) size 16x11 scrollHeight 19
  RenderMathMLBlock (flex) {mo} at (0,131) size 16x11
    RenderBlock (anonymous) at (0,0) size 16x11
layer at (134,267) size 16x11 scrollHeight 14
  RenderMathMLBlock (flex) {mo} at (0,0) size 16x11
    RenderBlock (anonymous) at (0,0) size 16x11
      RenderText {mo} at (0,-7) size 16x21
        text run at (0,-7) width 16: "\x{23AB}"
layer at (134,278) size 16x15 scrollHeight 19
  RenderMathMLBlock (flex) {mo} at (0,11) size 16x15
    RenderBlock (anonymous) at (0,0) size 16x15
layer at (134,293) size 16x15 scrollHeight 19
  RenderMathMLBlock (flex) {mo} at (0,26) size 16x15
    RenderBlock (anonymous) at (0,0) size 16x15
layer at (134,308) size 16x15 scrollHeight 19
  RenderMathMLBlock (flex) {mo} at (0,41) size 16x15
    RenderBlock (anonymous) at (0,0) size 16x15
layer at (134,323) size 16x7 scrollHeight 19
  RenderMathMLBlock (flex) {mo} at (0,56) size 16x7
    RenderBlock (anonymous) at (0,0) size 16x7
layer at (134,330) size 16x15 scrollHeight 19
  RenderMathMLBlock (flex) {mo} at (0,63) size 16x15
    RenderBlock (anonymous) at (0,0) size 16x15
layer at (134,345) size 16x15 scrollHeight 19
  RenderMathMLBlock (flex) {mo} at (0,78) size 16x15
    RenderBlock (anonymous) at (0,0) size 16x15
layer at (134,360) size 16x15 scrollHeight 19
  RenderMathMLBlock (flex) {mo} at (0,93) size 16x15
    RenderBlock (anonymous) at (0,0) size 16x15
layer at (134,375) size 16x15 scrollHeight 19
  RenderMathMLBlock (flex) {mo} at (0,108) size 16x15
    RenderBlock (anonymous) at (0,0) size 16x15
layer at (134,390) size 16x8 scrollHeight 19
  RenderMathMLBlock (flex) {mo} at (0,123) size 16x8
    RenderBlock (anonymous) at (0,0) size 16x8
layer at (134,398) size 16x11 scrollHeight 19
  RenderMathMLBlock (flex) {mo} at (0,131) size 16x11
    RenderBlock (anonymous) at (0,0) size 16x11
layer at (160,267) size 16x15 scrollHeight 18
  RenderMathMLBlock (flex) {mo} at (0,0) size 16x15
    RenderBlock (anonymous) at (0,0) size 16x15
      RenderText {mo} at (0,-3) size 16x21
        text run at (0,-3) width 16: "\x{23A1}"
layer at (160,282) size 16x15 scrollHeight 19
  RenderMathMLBlock (flex) {mo} at (0,15) size 16x15
    RenderBlock (anonymous) at (0,0) size 16x15
layer at (160,297) size 16x15 scrollHeight 19
  RenderMathMLBlock (flex) {mo} at (0,30) size 16x15
    RenderBlock (anonymous) at (0,0) size 16x15
layer at (160,312) size 16x15 scrollHeight 19
  RenderMathMLBlock (flex) {mo} at (0,45) size 16x15
    RenderBlock (anonymous) at (0,0) size 16x15
layer at (160,327) size 16x15 scrollHeight 19
  RenderMathMLBlock (flex) {mo} at (0,60) size 16x15
    RenderBlock (anonymous) at (0,0) size 16x15
layer at (160,342) size 16x15 scrollHeight 19
  RenderMathMLBlock (flex) {mo} at (0,75) size 16x15
    RenderBlock (anonymous) at (0,0) size 16x15
layer at (160,357) size 16x15 scrollHeight 19
  RenderMathMLBlock (flex) {mo} at (0,90) size 16x15
    RenderBlock (anonymous) at (0,0) size 16x15
layer at (160,372) size 16x15 scrollHeight 19
  RenderMathMLBlock (flex) {mo} at (0,105) size 16x15
    RenderBlock (anonymous) at (0,0) size 16x15
layer at (160,387) size 16x7 scrollHeight 19
  RenderMathMLBlock (flex) {mo} at (0,120) size 16x7
    RenderBlock (anonymous) at (0,0) size 16x7
layer at (160,394) size 16x15 scrollHeight 19
  RenderMathMLBlock (flex) {mo} at (0,127) size 16x15
    RenderBlock (anonymous) at (0,0) size 16x15
layer at (235,267) size 16x15 scrollHeight 18
  RenderMathMLBlock (flex) {mo} at (0,0) size 16x15
    RenderBlock (anonymous) at (0,0) size 16x15
      RenderText {mo} at (0,-3) size 16x21
        text run at (0,-3) width 16: "\x{23A4}"
layer at (235,282) size 16x15 scrollHeight 19
  RenderMathMLBlock (flex) {mo} at (0,15) size 16x15
    RenderBlock (anonymous) at (0,0) size 16x15
layer at (235,297) size 16x15 scrollHeight 19
  RenderMathMLBlock (flex) {mo} at (0,30) size 16x15
    RenderBlock (anonymous) at (0,0) size 16x15
layer at (235,312) size 16x15 scrollHeight 19
  RenderMathMLBlock (flex) {mo} at (0,45) size 16x15
    RenderBlock (anonymous) at (0,0) size 16x15
layer at (235,327) size 16x15 scrollHeight 19
  RenderMathMLBlock (flex) {mo} at (0,60) size 16x15
    RenderBlock (anonymous) at (0,0) size 16x15
layer at (235,342) size 16x15 scrollHeight 19
  RenderMathMLBlock (flex) {mo} at (0,75) size 16x15
    RenderBlock (anonymous) at (0,0) size 16x15
layer at (235,357) size 16x15 scrollHeight 19
  RenderMathMLBlock (flex) {mo} at (0,90) size 16x15
    RenderBlock (anonymous) at (0,0) size 16x15
layer at (235,372) size 16x15 scrollHeight 19
  RenderMathMLBlock (flex) {mo} at (0,105) size 16x15
    RenderBlock (anonymous) at (0,0) size 16x15
layer at (235,387) size 16x7 scrollHeight 19
  RenderMathMLBlock (flex) {mo} at (0,120) size 16x7
    RenderBlock (anonymous) at (0,0) size 16x7
layer at (235,394) size 16x15 scrollHeight 19
  RenderMathMLBlock (flex) {mo} at (0,127) size 16x15
    RenderBlock (anonymous) at (0,0) size 16x15
layer at (261,267) size 16x15 scrollHeight 18
  RenderMathMLBlock (flex) {mo} at (0,0) size 16x15
    RenderBlock (anonymous) at (0,0) size 16x15
      RenderText {mo} at (0,-3) size 16x21
        text run at (0,-3) width 16: "\x{239B}"
layer at (261,282) size 16x15 scrollHeight 19
  RenderMathMLBlock (flex) {mo} at (0,15) size 16x15
    RenderBlock (anonymous) at (0,0) size 16x15
layer at (261,297) size 16x15 scrollHeight 19
  RenderMathMLBlock (flex) {mo} at (0,30) size 16x15
    RenderBlock (anonymous) at (0,0) size 16x15
layer at (261,312) size 16x15 scrollHeight 19
  RenderMathMLBlock (flex) {mo} at (0,45) size 16x15
    RenderBlock (anonymous) at (0,0) size 16x15
layer at (261,327) size 16x15 scrollHeight 19
  RenderMathMLBlock (flex) {mo} at (0,60) size 16x15
    RenderBlock (anonymous) at (0,0) size 16x15
layer at (261,342) size 16x15 scrollHeight 19
  RenderMathMLBlock (flex) {mo} at (0,75) size 16x15
    RenderBlock (anonymous) at (0,0) size 16x15
layer at (261,357) size 16x15 scrollHeight 19
  RenderMathMLBlock (flex) {mo} at (0,90) size 16x15
    RenderBlock (anonymous) at (0,0) size 16x15
layer at (261,372) size 16x15 scrollHeight 19
  RenderMathMLBlock (flex) {mo} at (0,105) size 16x15
    RenderBlock (anonymous) at (0,0) size 16x15
layer at (261,387) size 16x7 scrollHeight 19
  RenderMathMLBlock (flex) {mo} at (0,120) size 16x7
    RenderBlock (anonymous) at (0,0) size 16x7
layer at (261,394) size 16x15 scrollHeight 19
  RenderMathMLBlock (flex) {mo} at (0,127) size 16x15
    RenderBlock (anonymous) at (0,0) size 16x15
layer at (336,267) size 16x15 scrollHeight 18
  RenderMathMLBlock (flex) {mo} at (0,0) size 16x15
    RenderBlock (anonymous) at (0,0) size 16x15
      RenderText {mo} at (0,-3) size 16x21
        text run at (0,-3) width 16: "\x{239E}"
layer at (336,282) size 16x15 scrollHeight 19
  RenderMathMLBlock (flex) {mo} at (0,15) size 16x15
    RenderBlock (anonymous) at (0,0) size 16x15
layer at (336,297) size 16x15 scrollHeight 19
  RenderMathMLBlock (flex) {mo} at (0,30) size 16x15
    RenderBlock (anonymous) at (0,0) size 16x15
layer at (336,312) size 16x15 scrollHeight 19
  RenderMathMLBlock (flex) {mo} at (0,45) size 16x15
    RenderBlock (anonymous) at (0,0) size 16x15
layer at (336,327) size 16x15 scrollHeight 19
  RenderMathMLBlock (flex) {mo} at (0,60) size 16x15
    RenderBlock (anonymous) at (0,0) size 16x15
layer at (336,342) size 16x15 scrollHeight 19
  RenderMathMLBlock (flex) {mo} at (0,75) size 16x15
    RenderBlock (anonymous) at (0,0) size 16x15
layer at (336,357) size 16x15 scrollHeight 19
  RenderMathMLBlock (flex) {mo} at (0,90) size 16x15
    RenderBlock (anonymous) at (0,0) size 16x15
layer at (336,372) size 16x15 scrollHeight 19
  RenderMathMLBlock (flex) {mo} at (0,105) size 16x15
    RenderBlock (anonymous) at (0,0) size 16x15
layer at (336,387) size 16x7 scrollHeight 19
  RenderMathMLBlock (flex) {mo} at (0,120) size 16x7
    RenderBlock (anonymous) at (0,0) size 16x7
layer at (336,394) size 16x15 scrollHeight 19
  RenderMathMLBlock (flex) {mo} at (0,127) size 16x15
    RenderBlock (anonymous) at (0,0) size 16x15
layer at (362,267) size 16x16 scrollHeight 19
  RenderMathMLBlock (flex) {mo} at (0,0) size 16x16
    RenderBlock (anonymous) at (0,0) size 16x16
      RenderText {mo} at (0,-2) size 16x21
        text run at (0,-2) width 16: "\x{23AA}"
layer at (362,283) size 16x15 scrollHeight 19
  RenderMathMLBlock (flex) {mo} at (0,16) size 16x15
    RenderBlock (anonymous) at (0,0) size 16x15
layer at (362,298) size 16x15 scrollHeight 19
  RenderMathMLBlock (flex) {mo} at (0,31) size 16x15
    RenderBlock (anonymous) at (0,0) size 16x15
layer at (362,313) size 16x15 scrollHeight 19
  RenderMathMLBlock (flex) {mo} at (0,46) size 16x15
    RenderBlock (anonymous) at (0,0) size 16x15
layer at (362,328) size 16x15 scrollHeight 19
  RenderMathMLBlock (flex) {mo} at (0,61) size 16x15
    RenderBlock (anonymous) at (0,0) size 16x15
layer at (362,343) size 16x15 scrollHeight 19
  RenderMathMLBlock (flex) {mo} at (0,76) size 16x15
    RenderBlock (anonymous) at (0,0) size 16x15
layer at (362,358) size 16x15 scrollHeight 19
  RenderMathMLBlock (flex) {mo} at (0,91) size 16x15
    RenderBlock (anonymous) at (0,0) size 16x15
layer at (362,373) size 16x15 scrollHeight 19
  RenderMathMLBlock (flex) {mo} at (0,106) size 16x15
    RenderBlock (anonymous) at (0,0) size 16x15
layer at (362,388) size 16x5 scrollHeight 19
  RenderMathMLBlock (flex) {mo} at (0,121) size 16x5
    RenderBlock (anonymous) at (0,0) size 16x5
layer at (362,393) size 16x16 scrollHeight 19
  RenderMathMLBlock (flex) {mo} at (0,126) size 16x16
    RenderBlock (anonymous) at (0,0) size 16x16
layer at (437,267) size 16x16 scrollHeight 19
  RenderMathMLBlock (flex) {mo} at (0,0) size 16x16
    RenderBlock (anonymous) at (0,0) size 16x16
      RenderText {mo} at (0,-2) size 16x21
        text run at (0,-2) width 16: "\x{23AA}"
layer at (437,283) size 16x15 scrollHeight 19
  RenderMathMLBlock (flex) {mo} at (0,16) size 16x15
    RenderBlock (anonymous) at (0,0) size 16x15
layer at (437,298) size 16x15 scrollHeight 19
  RenderMathMLBlock (flex) {mo} at (0,31) size 16x15
    RenderBlock (anonymous) at (0,0) size 16x15
layer at (437,313) size 16x15 scrollHeight 19
  RenderMathMLBlock (flex) {mo} at (0,46) size 16x15
    RenderBlock (anonymous) at (0,0) size 16x15
layer at (437,328) size 16x15 scrollHeight 19
  RenderMathMLBlock (flex) {mo} at (0,61) size 16x15
    RenderBlock (anonymous) at (0,0) size 16x15
layer at (437,343) size 16x15 scrollHeight 19
  RenderMathMLBlock (flex) {mo} at (0,76) size 16x15
    RenderBlock (anonymous) at (0,0) size 16x15
layer at (437,358) size 16x15 scrollHeight 19
  RenderMathMLBlock (flex) {mo} at (0,91) size 16x15
    RenderBlock (anonymous) at (0,0) size 16x15
layer at (437,373) size 16x15 scrollHeight 19
  RenderMathMLBlock (flex) {mo} at (0,106) size 16x15
    RenderBlock (anonymous) at (0,0) size 16x15
layer at (437,388) size 16x5 scrollHeight 19
  RenderMathMLBlock (flex) {mo} at (0,121) size 16x5
    RenderBlock (anonymous) at (0,0) size 16x5
layer at (437,393) size 16x16 scrollHeight 19
  RenderMathMLBlock (flex) {mo} at (0,126) size 16x16
    RenderBlock (anonymous) at (0,0) size 16x16
layer at (462,267) size 10x15 scrollHeight 17
  RenderMathMLBlock (flex) {mo} at (0,0) size 10x15
    RenderBlock (anonymous) at (0,0) size 8x15
      RenderText {mo} at (0,-4) size 8x21
        text run at (0,-4) width 8: "\x{2320}"
layer at (462,282) size 10x15 scrollHeight 17
  RenderMathMLBlock (flex) {mo} at (0,15) size 10x15
    RenderBlock (anonymous) at (0,0) size 10x15
layer at (462,297) size 10x15 scrollHeight 17
  RenderMathMLBlock (flex) {mo} at (0,30) size 10x15
    RenderBlock (anonymous) at (0,0) size 10x15
layer at (462,312) size 10x15 scrollHeight 17
  RenderMathMLBlock (flex) {mo} at (0,45) size 10x15
    RenderBlock (anonymous) at (0,0) size 10x15
layer at (462,327) size 10x15 scrollHeight 17
  RenderMathMLBlock (flex) {mo} at (0,60) size 10x15
    RenderBlock (anonymous) at (0,0) size 10x15
layer at (462,342) size 10x15 scrollHeight 17
  RenderMathMLBlock (flex) {mo} at (0,75) size 10x15
    RenderBlock (anonymous) at (0,0) size 10x15
layer at (462,357) size 10x15 scrollHeight 17
  RenderMathMLBlock (flex) {mo} at (0,90) size 10x15
    RenderBlock (anonymous) at (0,0) size 10x15
layer at (462,372) size 10x15 scrollHeight 17
  RenderMathMLBlock (flex) {mo} at (0,105) size 10x15
    RenderBlock (anonymous) at (0,0) size 10x15
layer at (462,387) size 10x7 scrollHeight 17
  RenderMathMLBlock (flex) {mo} at (0,120) size 10x7
    RenderBlock (anonymous) at (0,0) size 10x7
layer at (462,394) size 10x15 scrollHeight 17
  RenderMathMLBlock (flex) {mo} at (0,127) size 10x15
    RenderBlock (anonymous) at (0,0) size 8x15
layer at (51,425) size 16x15 scrollHeight 18
  RenderMathMLBlock (flex) {mo} at (0,0) size 16x15
    RenderBlock (anonymous) at (0,0) size 16x15
      RenderText {mo} at (0,-3) size 16x21
        text run at (0,-3) width 16: "\x{239B}"
layer at (51,440) size 16x15 scrollHeight 19
  RenderMathMLBlock (flex) {mo} at (0,15) size 16x15
    RenderBlock (anonymous) at (0,0) size 16x15
layer at (51,455) size 16x1 scrollHeight 19
  RenderMathMLBlock (flex) {mo} at (0,30) size 16x1
    RenderBlock (anonymous) at (0,0) size 16x1
layer at (51,456) size 16x15 scrollHeight 19
  RenderMathMLBlock (flex) {mo} at (0,31) size 16x15
    RenderBlock (anonymous) at (0,0) size 16x15
layer at (230,425) size 16x15 scrollHeight 18
  RenderMathMLBlock (flex) {mo} at (0,0) size 16x15
    RenderBlock (anonymous) at (0,0) size 16x15
      RenderText {mo} at (0,-3) size 16x21
        text run at (0,-3) width 16: "\x{239E}"
layer at (230,440) size 16x15 scrollHeight 19
  RenderMathMLBlock (flex) {mo} at (0,15) size 16x15
    RenderBlock (anonymous) at (0,0) size 16x15
layer at (230,455) size 16x1 scrollHeight 19
  RenderMathMLBlock (flex) {mo} at (0,30) size 16x1
    RenderBlock (anonymous) at (0,0) size 16x1
layer at (230,456) size 16x15 scrollHeight 19
  RenderMathMLBlock (flex) {mo} at (0,31) size 16x15
    RenderBlock (anonymous) at (0,0) size 16x15
layer at (51,152) size 16x17 backgroundClip at (51,153) size 16x15 clip at (51,153) size 16x15 outlineClip at (51,153) size 16x15
  RenderBlock (relative positioned) {mo} at (0,0) size 16x17
    RenderText {mo} at (0,-2) size 16x21
      text run at (0,-2) width 16: "\x{23A8}"
layer at (51,167) size 16x16 backgroundClip at (51,168) size 16x11 clip at (51,168) size 16x11 outlineClip at (51,168) size 16x11
  RenderBlock (relative positioned) {mo} at (0,0) size 16x16
    RenderText {mo} at (0,-2) size 16x21
      text run at (0,-2) width 16: "\x{23A9}"
layer at (110,152) size 16x17 backgroundClip at (110,153) size 16x15 clip at (110,153) size 16x15 outlineClip at (110,153) size 16x15
  RenderBlock (relative positioned) {mo} at (0,0) size 16x17
    RenderText {mo} at (0,-2) size 16x21
      text run at (0,-2) width 16: "\x{23AC}"
layer at (110,167) size 16x16 backgroundClip at (110,168) size 16x11 clip at (110,168) size 16x11 outlineClip at (110,168) size 16x11
  RenderBlock (relative positioned) {mo} at (0,0) size 16x16
    RenderText {mo} at (0,-2) size 16x21
      text run at (0,-2) width 16: "\x{23AD}"
layer at (136,156) size 16x17 backgroundClip at (136,157) size 16x7 clip at (136,157) size 16x7 outlineClip at (136,157) size 16x7
  RenderBlock (relative positioned) {mo} at (0,0) size 16x17
    RenderText {mo} at (0,-2) size 16x21
      text run at (0,-2) width 16: "\x{23A2}"
layer at (136,163) size 16x17 backgroundClip at (136,164) size 16x15 clip at (136,164) size 16x15 outlineClip at (136,164) size 16x15
  RenderBlock (relative positioned) {mo} at (0,0) size 16x17
    RenderText {mo} at (0,-2) size 16x21
      text run at (0,-2) width 16: "\x{23A3}"
layer at (195,156) size 16x17 backgroundClip at (195,157) size 16x7 clip at (195,157) size 16x7 outlineClip at (195,157) size 16x7
  RenderBlock (relative positioned) {mo} at (0,0) size 16x17
    RenderText {mo} at (0,-2) size 16x21
      text run at (0,-2) width 16: "\x{23A5}"
layer at (195,163) size 16x17 backgroundClip at (195,164) size 16x15 clip at (195,164) size 16x15 outlineClip at (195,164) size 16x15
  RenderBlock (relative positioned) {mo} at (0,0) size 16x17
    RenderText {mo} at (0,-2) size 16x21
      text run at (0,-2) width 16: "\x{23A6}"
layer at (221,156) size 16x17 backgroundClip at (221,157) size 16x7 clip at (221,157) size 16x7 outlineClip at (221,157) size 16x7
  RenderBlock (relative positioned) {mo} at (0,0) size 16x17
    RenderText {mo} at (0,-2) size 16x21
      text run at (0,-2) width 16: "\x{239C}"
layer at (221,163) size 16x17 backgroundClip at (221,164) size 16x15 clip at (221,164) size 16x15 outlineClip at (221,164) size 16x15
  RenderBlock (relative positioned) {mo} at (0,0) size 16x17
    RenderText {mo} at (0,-2) size 16x21
      text run at (0,-2) width 16: "\x{239D}"
layer at (280,156) size 16x17 backgroundClip at (280,157) size 16x7 clip at (280,157) size 16x7 outlineClip at (280,157) size 16x7
  RenderBlock (relative positioned) {mo} at (0,0) size 16x17
    RenderText {mo} at (0,-2) size 16x21
      text run at (0,-2) width 16: "\x{239F}"
layer at (280,163) size 16x17 backgroundClip at (280,164) size 16x15 clip at (280,164) size 16x15 outlineClip at (280,164) size 16x15
  RenderBlock (relative positioned) {mo} at (0,0) size 16x17
    RenderText {mo} at (0,-2) size 16x21
      text run at (0,-2) width 16: "\x{23A0}"
layer at (306,157) size 16x17 backgroundClip at (306,158) size 16x5 clip at (306,158) size 16x5 outlineClip at (306,158) size 16x5
  RenderBlock (relative positioned) {mo} at (0,0) size 16x17
    RenderText {mo} at (0,-2) size 16x21
      text run at (0,-2) width 16: "\x{23AA}"
layer at (306,162) size 16x17 backgroundClip at (306,163) size 16x16 clip at (306,163) size 16x16 outlineClip at (306,163) size 16x16
  RenderBlock (relative positioned) {mo} at (0,0) size 16x17
    RenderText {mo} at (0,-2) size 16x21
      text run at (0,-2) width 16: "\x{23AA}"
layer at (365,157) size 16x17 backgroundClip at (365,158) size 16x5 clip at (365,158) size 16x5 outlineClip at (365,158) size 16x5
  RenderBlock (relative positioned) {mo} at (0,0) size 16x17
    RenderText {mo} at (0,-2) size 16x21
      text run at (0,-2) width 16: "\x{23AA}"
layer at (365,162) size 16x17 backgroundClip at (365,163) size 16x16 clip at (365,163) size 16x16 outlineClip at (365,163) size 16x16
  RenderBlock (relative positioned) {mo} at (0,0) size 16x17
    RenderText {mo} at (0,-2) size 16x21
      text run at (0,-2) width 16: "\x{23AA}"
layer at (390,156) size 10x17 backgroundClip at (390,157) size 10x7 clip at (390,157) size 10x7 outlineClip at (390,157) size 10x7
  RenderBlock (relative positioned) {mo} at (0,0) size 10x17
    RenderText {mo} at (0,-4) size 10x21
      text run at (0,-4) width 10: "\x{23AE}"
layer at (390,163) size 8x17 backgroundClip at (390,164) size 10x15 clip at (390,164) size 10x15 outlineClip at (390,164) size 10x15
  RenderBlock (relative positioned) {mo} at (0,0) size 8x17
    RenderText {mo} at (0,-4) size 8x21
      text run at (0,-4) width 8: "\x{2321}"
layer at (51,205) size 16x17 backgroundClip at (51,206) size 16x9 clip at (51,206) size 16x9 outlineClip at (51,206) size 16x9
  RenderBlock (relative positioned) {mo} at (0,0) size 16x17
    RenderText {mo} at (0,-2) size 16x21
      text run at (0,-2) width 16: "\x{23AA}"
layer at (51,214) size 16x17 backgroundClip at (51,215) size 16x15 clip at (51,215) size 16x15 outlineClip at (51,215) size 16x15
  RenderBlock (relative positioned) {mo} at (0,0) size 16x17
    RenderText {mo} at (0,-2) size 16x21
      text run at (0,-2) width 16: "\x{23A8}"
layer at (51,229) size 16x17 backgroundClip at (51,230) size 16x10 clip at (51,230) size 16x10 outlineClip at (51,230) size 16x10
  RenderBlock (relative positioned) {mo} at (0,0) size 16x17
    RenderText {mo} at (0,-2) size 16x21
      text run at (0,-2) width 16: "\x{23AA}"
layer at (51,239) size 16x16 backgroundClip at (51,240) size 16x11 clip at (51,240) size 16x11 outlineClip at (51,240) size 16x11
  RenderBlock (relative positioned) {mo} at (0,0) size 16x16
    RenderText {mo} at (0,-2) size 16x21
      text run at (0,-2) width 16: "\x{23A9}"
layer at (126,205) size 16x17 backgroundClip at (126,206) size 16x9 clip at (126,206) size 16x9 outlineClip at (126,206) size 16x9
  RenderBlock (relative positioned) {mo} at (0,0) size 16x17
    RenderText {mo} at (0,-2) size 16x21
      text run at (0,-2) width 16: "\x{23AA}"
layer at (126,214) size 16x17 backgroundClip at (126,215) size 16x15 clip at (126,215) size 16x15 outlineClip at (126,215) size 16x15
  RenderBlock (relative positioned) {mo} at (0,0) size 16x17
    RenderText {mo} at (0,-2) size 16x21
      text run at (0,-2) width 16: "\x{23AC}"
layer at (126,229) size 16x17 backgroundClip at (126,230) size 16x10 clip at (126,230) size 16x10 outlineClip at (126,230) size 16x10
  RenderBlock (relative positioned) {mo} at (0,0) size 16x17
    RenderText {mo} at (0,-2) size 16x21
      text run at (0,-2) width 16: "\x{23AA}"
layer at (126,239) size 16x16 backgroundClip at (126,240) size 16x11 clip at (126,240) size 16x11 outlineClip at (126,240) size 16x11
  RenderBlock (relative positioned) {mo} at (0,0) size 16x16
    RenderText {mo} at (0,-2) size 16x21
      text run at (0,-2) width 16: "\x{23AD}"
layer at (152,209) size 16x17 backgroundClip at (152,210) size 16x15 clip at (152,210) size 16x15 outlineClip at (152,210) size 16x15
  RenderBlock (relative positioned) {mo} at (0,0) size 16x17
    RenderText {mo} at (0,-2) size 16x21
      text run at (0,-2) width 16: "\x{23A2}"
layer at (152,224) size 16x17 backgroundClip at (152,225) size 16x11 clip at (152,225) size 16x11 outlineClip at (152,225) size 16x11
  RenderBlock (relative positioned) {mo} at (0,0) size 16x17
    RenderText {mo} at (0,-2) size 16x21
      text run at (0,-2) width 16: "\x{23A2}"
layer at (152,235) size 16x17 backgroundClip at (152,236) size 16x15 clip at (152,236) size 16x15 outlineClip at (152,236) size 16x15
  RenderBlock (relative positioned) {mo} at (0,0) size 16x17
    RenderText {mo} at (0,-2) size 16x21
      text run at (0,-2) width 16: "\x{23A3}"
layer at (227,209) size 16x17 backgroundClip at (227,210) size 16x15 clip at (227,210) size 16x15 outlineClip at (227,210) size 16x15
  RenderBlock (relative positioned) {mo} at (0,0) size 16x17
    RenderText {mo} at (0,-2) size 16x21
      text run at (0,-2) width 16: "\x{23A5}"
layer at (227,224) size 16x17 backgroundClip at (227,225) size 16x11 clip at (227,225) size 16x11 outlineClip at (227,225) size 16x11
  RenderBlock (relative positioned) {mo} at (0,0) size 16x17
    RenderText {mo} at (0,-2) size 16x21
      text run at (0,-2) width 16: "\x{23A5}"
layer at (227,235) size 16x17 backgroundClip at (227,236) size 16x15 clip at (227,236) size 16x15 outlineClip at (227,236) size 16x15
  RenderBlock (relative positioned) {mo} at (0,0) size 16x17
    RenderText {mo} at (0,-2) size 16x21
      text run at (0,-2) width 16: "\x{23A6}"
layer at (253,209) size 16x17 backgroundClip at (253,210) size 16x15 clip at (253,210) size 16x15 outlineClip at (253,210) size 16x15
  RenderBlock (relative positioned) {mo} at (0,0) size 16x17
    RenderText {mo} at (0,-2) size 16x21
      text run at (0,-2) width 16: "\x{239C}"
layer at (253,224) size 16x17 backgroundClip at (253,225) size 16x11 clip at (253,225) size 16x11 outlineClip at (253,225) size 16x11
  RenderBlock (relative positioned) {mo} at (0,0) size 16x17
    RenderText {mo} at (0,-2) size 16x21
      text run at (0,-2) width 16: "\x{239C}"
layer at (253,235) size 16x17 backgroundClip at (253,236) size 16x15 clip at (253,236) size 16x15 outlineClip at (253,236) size 16x15
  RenderBlock (relative positioned) {mo} at (0,0) size 16x17
    RenderText {mo} at (0,-2) size 16x21
      text run at (0,-2) width 16: "\x{239D}"
layer at (328,209) size 16x17 backgroundClip at (328,210) size 16x15 clip at (328,210) size 16x15 outlineClip at (328,210) size 16x15
  RenderBlock (relative positioned) {mo} at (0,0) size 16x17
    RenderText {mo} at (0,-2) size 16x21
      text run at (0,-2) width 16: "\x{239F}"
layer at (328,224) size 16x17 backgroundClip at (328,225) size 16x11 clip at (328,225) size 16x11 outlineClip at (328,225) size 16x11
  RenderBlock (relative positioned) {mo} at (0,0) size 16x17
    RenderText {mo} at (0,-2) size 16x21
      text run at (0,-2) width 16: "\x{239F}"
layer at (328,235) size 16x17 backgroundClip at (328,236) size 16x15 clip at (328,236) size 16x15 outlineClip at (328,236) size 16x15
  RenderBlock (relative positioned) {mo} at (0,0) size 16x17
    RenderText {mo} at (0,-2) size 16x21
      text run at (0,-2) width 16: "\x{23A0}"
layer at (354,210) size 16x17 backgroundClip at (354,211) size 16x15 clip at (354,211) size 16x15 outlineClip at (354,211) size 16x15
  RenderBlock (relative positioned) {mo} at (0,0) size 16x17
    RenderText {mo} at (0,-2) size 16x21
      text run at (0,-2) width 16: "\x{23AA}"
layer at (354,225) size 16x17 backgroundClip at (354,226) size 16x9 clip at (354,226) size 16x9 outlineClip at (354,226) size 16x9
  RenderBlock (relative positioned) {mo} at (0,0) size 16x17
    RenderText {mo} at (0,-2) size 16x21
      text run at (0,-2) width 16: "\x{23AA}"
layer at (354,234) size 16x17 backgroundClip at (354,235) size 16x16 clip at (354,235) size 16x16 outlineClip at (354,235) size 16x16
  RenderBlock (relative positioned) {mo} at (0,0) size 16x17
    RenderText {mo} at (0,-2) size 16x21
      text run at (0,-2) width 16: "\x{23AA}"
layer at (429,210) size 16x17 backgroundClip at (429,211) size 16x15 clip at (429,211) size 16x15 outlineClip at (429,211) size 16x15
  RenderBlock (relative positioned) {mo} at (0,0) size 16x17
    RenderText {mo} at (0,-2) size 16x21
      text run at (0,-2) width 16: "\x{23AA}"
layer at (429,225) size 16x17 backgroundClip at (429,226) size 16x9 clip at (429,226) size 16x9 outlineClip at (429,226) size 16x9
  RenderBlock (relative positioned) {mo} at (0,0) size 16x17
    RenderText {mo} at (0,-2) size 16x21
      text run at (0,-2) width 16: "\x{23AA}"
layer at (429,234) size 16x17 backgroundClip at (429,235) size 16x16 clip at (429,235) size 16x16 outlineClip at (429,235) size 16x16
  RenderBlock (relative positioned) {mo} at (0,0) size 16x17
    RenderText {mo} at (0,-2) size 16x21
      text run at (0,-2) width 16: "\x{23AA}"
layer at (454,209) size 10x17 backgroundClip at (454,210) size 10x15 clip at (454,210) size 10x15 outlineClip at (454,210) size 10x15
  RenderBlock (relative positioned) {mo} at (0,0) size 10x17
    RenderText {mo} at (0,-4) size 10x21
      text run at (0,-4) width 10: "\x{23AE}"
layer at (454,224) size 10x17 backgroundClip at (454,225) size 10x11 clip at (454,225) size 10x11 outlineClip at (454,225) size 10x11
  RenderBlock (relative positioned) {mo} at (0,0) size 10x17
    RenderText {mo} at (0,-4) size 10x21
      text run at (0,-4) width 10: "\x{23AE}"
layer at (454,235) size 8x17 backgroundClip at (454,236) size 10x15 clip at (454,236) size 10x15 outlineClip at (454,236) size 10x15
  RenderBlock (relative positioned) {mo} at (0,0) size 8x17
    RenderText {mo} at (0,-4) size 8x21
      text run at (0,-4) width 8: "\x{2321}"
layer at (59,277) size 16x17 backgroundClip at (59,278) size 16x15 clip at (59,278) size 16x15 outlineClip at (59,278) size 16x15
  RenderBlock (relative positioned) {mo} at (0,0) size 16x17
    RenderText {mo} at (0,-2) size 16x21
      text run at (0,-2) width 16: "\x{23AA}"
layer at (59,292) size 16x17 backgroundClip at (59,293) size 16x15 clip at (59,293) size 16x15 outlineClip at (59,293) size 16x15
  RenderBlock (relative positioned) {mo} at (0,0) size 16x17
    RenderText {mo} at (0,-2) size 16x21
      text run at (0,-2) width 16: "\x{23AA}"
layer at (59,307) size 16x17 backgroundClip at (59,308) size 16x15 clip at (59,308) size 16x15 outlineClip at (59,308) size 16x15
  RenderBlock (relative positioned) {mo} at (0,0) size 16x17
    RenderText {mo} at (0,-2) size 16x21
      text run at (0,-2) width 16: "\x{23AA}"
layer at (59,322) size 16x17 backgroundClip at (59,323) size 16x7 clip at (59,323) size 16x7 outlineClip at (59,323) size 16x7
  RenderBlock (relative positioned) {mo} at (0,0) size 16x17
    RenderText {mo} at (0,-2) size 16x21
      text run at (0,-2) width 16: "\x{23AA}"
layer at (59,329) size 16x17 backgroundClip at (59,330) size 16x15 clip at (59,330) size 16x15 outlineClip at (59,330) size 16x15
  RenderBlock (relative positioned) {mo} at (0,0) size 16x17
    RenderText {mo} at (0,-2) size 16x21
      text run at (0,-2) width 16: "\x{23A8}"
layer at (59,344) size 16x17 backgroundClip at (59,345) size 16x15 clip at (59,345) size 16x15 outlineClip at (59,345) size 16x15
  RenderBlock (relative positioned) {mo} at (0,0) size 16x17
    RenderText {mo} at (0,-2) size 16x21
      text run at (0,-2) width 16: "\x{23AA}"
layer at (59,359) size 16x17 backgroundClip at (59,360) size 16x15 clip at (59,360) size 16x15 outlineClip at (59,360) size 16x15
  RenderBlock (relative positioned) {mo} at (0,0) size 16x17
    RenderText {mo} at (0,-2) size 16x21
      text run at (0,-2) width 16: "\x{23AA}"
layer at (59,374) size 16x17 backgroundClip at (59,375) size 16x15 clip at (59,375) size 16x15 outlineClip at (59,375) size 16x15
  RenderBlock (relative positioned) {mo} at (0,0) size 16x17
    RenderText {mo} at (0,-2) size 16x21
      text run at (0,-2) width 16: "\x{23AA}"
layer at (59,389) size 16x17 backgroundClip at (59,390) size 16x8 clip at (59,390) size 16x8 outlineClip at (59,390) size 16x8
  RenderBlock (relative positioned) {mo} at (0,0) size 16x17
    RenderText {mo} at (0,-2) size 16x21
      text run at (0,-2) width 16: "\x{23AA}"
layer at (59,397) size 16x16 backgroundClip at (59,398) size 16x11 clip at (59,398) size 16x11 outlineClip at (59,398) size 16x11
  RenderBlock (relative positioned) {mo} at (0,0) size 16x16
    RenderText {mo} at (0,-2) size 16x21
      text run at (0,-2) width 16: "\x{23A9}"
layer at (134,277) size 16x17 backgroundClip at (134,278) size 16x15 clip at (134,278) size 16x15 outlineClip at (134,278) size 16x15
  RenderBlock (relative positioned) {mo} at (0,0) size 16x17
    RenderText {mo} at (0,-2) size 16x21
      text run at (0,-2) width 16: "\x{23AA}"
layer at (134,292) size 16x17 backgroundClip at (134,293) size 16x15 clip at (134,293) size 16x15 outlineClip at (134,293) size 16x15
  RenderBlock (relative positioned) {mo} at (0,0) size 16x17
    RenderText {mo} at (0,-2) size 16x21
      text run at (0,-2) width 16: "\x{23AA}"
layer at (134,307) size 16x17 backgroundClip at (134,308) size 16x15 clip at (134,308) size 16x15 outlineClip at (134,308) size 16x15
  RenderBlock (relative positioned) {mo} at (0,0) size 16x17
    RenderText {mo} at (0,-2) size 16x21
      text run at (0,-2) width 16: "\x{23AA}"
layer at (134,322) size 16x17 backgroundClip at (134,323) size 16x7 clip at (134,323) size 16x7 outlineClip at (134,323) size 16x7
  RenderBlock (relative positioned) {mo} at (0,0) size 16x17
    RenderText {mo} at (0,-2) size 16x21
      text run at (0,-2) width 16: "\x{23AA}"
layer at (134,329) size 16x17 backgroundClip at (134,330) size 16x15 clip at (134,330) size 16x15 outlineClip at (134,330) size 16x15
  RenderBlock (relative positioned) {mo} at (0,0) size 16x17
    RenderText {mo} at (0,-2) size 16x21
      text run at (0,-2) width 16: "\x{23AC}"
layer at (134,344) size 16x17 backgroundClip at (134,345) size 16x15 clip at (134,345) size 16x15 outlineClip at (134,345) size 16x15
  RenderBlock (relative positioned) {mo} at (0,0) size 16x17
    RenderText {mo} at (0,-2) size 16x21
      text run at (0,-2) width 16: "\x{23AA}"
layer at (134,359) size 16x17 backgroundClip at (134,360) size 16x15 clip at (134,360) size 16x15 outlineClip at (134,360) size 16x15
  RenderBlock (relative positioned) {mo} at (0,0) size 16x17
    RenderText {mo} at (0,-2) size 16x21
      text run at (0,-2) width 16: "\x{23AA}"
layer at (134,374) size 16x17 backgroundClip at (134,375) size 16x15 clip at (134,375) size 16x15 outlineClip at (134,375) size 16x15
  RenderBlock (relative positioned) {mo} at (0,0) size 16x17
    RenderText {mo} at (0,-2) size 16x21
      text run at (0,-2) width 16: "\x{23AA}"
layer at (134,389) size 16x17 backgroundClip at (134,390) size 16x8 clip at (134,390) size 16x8 outlineClip at (134,390) size 16x8
  RenderBlock (relative positioned) {mo} at (0,0) size 16x17
    RenderText {mo} at (0,-2) size 16x21
      text run at (0,-2) width 16: "\x{23AA}"
layer at (134,397) size 16x16 backgroundClip at (134,398) size 16x11 clip at (134,398) size 16x11 outlineClip at (134,398) size 16x11
  RenderBlock (relative positioned) {mo} at (0,0) size 16x16
    RenderText {mo} at (0,-2) size 16x21
      text run at (0,-2) width 16: "\x{23AD}"
layer at (160,281) size 16x17 backgroundClip at (160,282) size 16x15 clip at (160,282) size 16x15 outlineClip at (160,282) size 16x15
  RenderBlock (relative positioned) {mo} at (0,0) size 16x17
    RenderText {mo} at (0,-2) size 16x21
      text run at (0,-2) width 16: "\x{23A2}"
layer at (160,296) size 16x17 backgroundClip at (160,297) size 16x15 clip at (160,297) size 16x15 outlineClip at (160,297) size 16x15
  RenderBlock (relative positioned) {mo} at (0,0) size 16x17
    RenderText {mo} at (0,-2) size 16x21
      text run at (0,-2) width 16: "\x{23A2}"
layer at (160,311) size 16x17 backgroundClip at (160,312) size 16x15 clip at (160,312) size 16x15 outlineClip at (160,312) size 16x15
  RenderBlock (relative positioned) {mo} at (0,0) size 16x17
    RenderText {mo} at (0,-2) size 16x21
      text run at (0,-2) width 16: "\x{23A2}"
layer at (160,326) size 16x17 backgroundClip at (160,327) size 16x15 clip at (160,327) size 16x15 outlineClip at (160,327) size 16x15
  RenderBlock (relative positioned) {mo} at (0,0) size 16x17
    RenderText {mo} at (0,-2) size 16x21
      text run at (0,-2) width 16: "\x{23A2}"
layer at (160,341) size 16x17 backgroundClip at (160,342) size 16x15 clip at (160,342) size 16x15 outlineClip at (160,342) size 16x15
  RenderBlock (relative positioned) {mo} at (0,0) size 16x17
    RenderText {mo} at (0,-2) size 16x21
      text run at (0,-2) width 16: "\x{23A2}"
layer at (160,356) size 16x17 backgroundClip at (160,357) size 16x15 clip at (160,357) size 16x15 outlineClip at (160,357) size 16x15
  RenderBlock (relative positioned) {mo} at (0,0) size 16x17
    RenderText {mo} at (0,-2) size 16x21
      text run at (0,-2) width 16: "\x{23A2}"
layer at (160,371) size 16x17 backgroundClip at (160,372) size 16x15 clip at (160,372) size 16x15 outlineClip at (160,372) size 16x15
  RenderBlock (relative positioned) {mo} at (0,0) size 16x17
    RenderText {mo} at (0,-2) size 16x21
      text run at (0,-2) width 16: "\x{23A2}"
layer at (160,386) size 16x17 backgroundClip at (160,387) size 16x7 clip at (160,387) size 16x7 outlineClip at (160,387) size 16x7
  RenderBlock (relative positioned) {mo} at (0,0) size 16x17
    RenderText {mo} at (0,-2) size 16x21
      text run at (0,-2) width 16: "\x{23A2}"
layer at (160,393) size 16x17 backgroundClip at (160,394) size 16x15 clip at (160,394) size 16x15 outlineClip at (160,394) size 16x15
  RenderBlock (relative positioned) {mo} at (0,0) size 16x17
    RenderText {mo} at (0,-2) size 16x21
      text run at (0,-2) width 16: "\x{23A3}"
layer at (235,281) size 16x17 backgroundClip at (235,282) size 16x15 clip at (235,282) size 16x15 outlineClip at (235,282) size 16x15
  RenderBlock (relative positioned) {mo} at (0,0) size 16x17
    RenderText {mo} at (0,-2) size 16x21
      text run at (0,-2) width 16: "\x{23A5}"
layer at (235,296) size 16x17 backgroundClip at (235,297) size 16x15 clip at (235,297) size 16x15 outlineClip at (235,297) size 16x15
  RenderBlock (relative positioned) {mo} at (0,0) size 16x17
    RenderText {mo} at (0,-2) size 16x21
      text run at (0,-2) width 16: "\x{23A5}"
layer at (235,311) size 16x17 backgroundClip at (235,312) size 16x15 clip at (235,312) size 16x15 outlineClip at (235,312) size 16x15
  RenderBlock (relative positioned) {mo} at (0,0) size 16x17
    RenderText {mo} at (0,-2) size 16x21
      text run at (0,-2) width 16: "\x{23A5}"
layer at (235,326) size 16x17 backgroundClip at (235,327) size 16x15 clip at (235,327) size 16x15 outlineClip at (235,327) size 16x15
  RenderBlock (relative positioned) {mo} at (0,0) size 16x17
    RenderText {mo} at (0,-2) size 16x21
      text run at (0,-2) width 16: "\x{23A5}"
layer at (235,341) size 16x17 backgroundClip at (235,342) size 16x15 clip at (235,342) size 16x15 outlineClip at (235,342) size 16x15
  RenderBlock (relative positioned) {mo} at (0,0) size 16x17
    RenderText {mo} at (0,-2) size 16x21
      text run at (0,-2) width 16: "\x{23A5}"
layer at (235,356) size 16x17 backgroundClip at (235,357) size 16x15 clip at (235,357) size 16x15 outlineClip at (235,357) size 16x15
  RenderBlock (relative positioned) {mo} at (0,0) size 16x17
    RenderText {mo} at (0,-2) size 16x21
      text run at (0,-2) width 16: "\x{23A5}"
layer at (235,371) size 16x17 backgroundClip at (235,372) size 16x15 clip at (235,372) size 16x15 outlineClip at (235,372) size 16x15
  RenderBlock (relative positioned) {mo} at (0,0) size 16x17
    RenderText {mo} at (0,-2) size 16x21
      text run at (0,-2) width 16: "\x{23A5}"
layer at (235,386) size 16x17 backgroundClip at (235,387) size 16x7 clip at (235,387) size 16x7 outlineClip at (235,387) size 16x7
  RenderBlock (relative positioned) {mo} at (0,0) size 16x17
    RenderText {mo} at (0,-2) size 16x21
      text run at (0,-2) width 16: "\x{23A5}"
layer at (235,393) size 16x17 backgroundClip at (235,394) size 16x15 clip at (235,394) size 16x15 outlineClip at (235,394) size 16x15
  RenderBlock (relative positioned) {mo} at (0,0) size 16x17
    RenderText {mo} at (0,-2) size 16x21
      text run at (0,-2) width 16: "\x{23A6}"
layer at (261,281) size 16x17 backgroundClip at (261,282) size 16x15 clip at (261,282) size 16x15 outlineClip at (261,282) size 16x15
  RenderBlock (relative positioned) {mo} at (0,0) size 16x17
    RenderText {mo} at (0,-2) size 16x21
      text run at (0,-2) width 16: "\x{239C}"
layer at (261,296) size 16x17 backgroundClip at (261,297) size 16x15 clip at (261,297) size 16x15 outlineClip at (261,297) size 16x15
  RenderBlock (relative positioned) {mo} at (0,0) size 16x17
    RenderText {mo} at (0,-2) size 16x21
      text run at (0,-2) width 16: "\x{239C}"
layer at (261,311) size 16x17 backgroundClip at (261,312) size 16x15 clip at (261,312) size 16x15 outlineClip at (261,312) size 16x15
  RenderBlock (relative positioned) {mo} at (0,0) size 16x17
    RenderText {mo} at (0,-2) size 16x21
      text run at (0,-2) width 16: "\x{239C}"
layer at (261,326) size 16x17 backgroundClip at (261,327) size 16x15 clip at (261,327) size 16x15 outlineClip at (261,327) size 16x15
  RenderBlock (relative positioned) {mo} at (0,0) size 16x17
    RenderText {mo} at (0,-2) size 16x21
      text run at (0,-2) width 16: "\x{239C}"
layer at (261,341) size 16x17 backgroundClip at (261,342) size 16x15 clip at (261,342) size 16x15 outlineClip at (261,342) size 16x15
  RenderBlock (relative positioned) {mo} at (0,0) size 16x17
    RenderText {mo} at (0,-2) size 16x21
      text run at (0,-2) width 16: "\x{239C}"
layer at (261,356) size 16x17 backgroundClip at (261,357) size 16x15 clip at (261,357) size 16x15 outlineClip at (261,357) size 16x15
  RenderBlock (relative positioned) {mo} at (0,0) size 16x17
    RenderText {mo} at (0,-2) size 16x21
      text run at (0,-2) width 16: "\x{239C}"
layer at (261,371) size 16x17 backgroundClip at (261,372) size 16x15 clip at (261,372) size 16x15 outlineClip at (261,372) size 16x15
  RenderBlock (relative positioned) {mo} at (0,0) size 16x17
    RenderText {mo} at (0,-2) size 16x21
      text run at (0,-2) width 16: "\x{239C}"
layer at (261,386) size 16x17 backgroundClip at (261,387) size 16x7 clip at (261,387) size 16x7 outlineClip at (261,387) size 16x7
  RenderBlock (relative positioned) {mo} at (0,0) size 16x17
    RenderText {mo} at (0,-2) size 16x21
      text run at (0,-2) width 16: "\x{239C}"
layer at (261,393) size 16x17 backgroundClip at (261,394) size 16x15 clip at (261,394) size 16x15 outlineClip at (261,394) size 16x15
  RenderBlock (relative positioned) {mo} at (0,0) size 16x17
    RenderText {mo} at (0,-2) size 16x21
      text run at (0,-2) width 16: "\x{239D}"
layer at (336,281) size 16x17 backgroundClip at (336,282) size 16x15 clip at (336,282) size 16x15 outlineClip at (336,282) size 16x15
  RenderBlock (relative positioned) {mo} at (0,0) size 16x17
    RenderText {mo} at (0,-2) size 16x21
      text run at (0,-2) width 16: "\x{239F}"
layer at (336,296) size 16x17 backgroundClip at (336,297) size 16x15 clip at (336,297) size 16x15 outlineClip at (336,297) size 16x15
  RenderBlock (relative positioned) {mo} at (0,0) size 16x17
    RenderText {mo} at (0,-2) size 16x21
      text run at (0,-2) width 16: "\x{239F}"
layer at (336,311) size 16x17 backgroundClip at (336,312) size 16x15 clip at (336,312) size 16x15 outlineClip at (336,312) size 16x15
  RenderBlock (relative positioned) {mo} at (0,0) size 16x17
    RenderText {mo} at (0,-2) size 16x21
      text run at (0,-2) width 16: "\x{239F}"
layer at (336,326) size 16x17 backgroundClip at (336,327) size 16x15 clip at (336,327) size 16x15 outlineClip at (336,327) size 16x15
  RenderBlock (relative positioned) {mo} at (0,0) size 16x17
    RenderText {mo} at (0,-2) size 16x21
      text run at (0,-2) width 16: "\x{239F}"
layer at (336,341) size 16x17 backgroundClip at (336,342) size 16x15 clip at (336,342) size 16x15 outlineClip at (336,342) size 16x15
  RenderBlock (relative positioned) {mo} at (0,0) size 16x17
    RenderText {mo} at (0,-2) size 16x21
      text run at (0,-2) width 16: "\x{239F}"
layer at (336,356) size 16x17 backgroundClip at (336,357) size 16x15 clip at (336,357) size 16x15 outlineClip at (336,357) size 16x15
  RenderBlock (relative positioned) {mo} at (0,0) size 16x17
    RenderText {mo} at (0,-2) size 16x21
      text run at (0,-2) width 16: "\x{239F}"
layer at (336,371) size 16x17 backgroundClip at (336,372) size 16x15 clip at (336,372) size 16x15 outlineClip at (336,372) size 16x15
  RenderBlock (relative positioned) {mo} at (0,0) size 16x17
    RenderText {mo} at (0,-2) size 16x21
      text run at (0,-2) width 16: "\x{239F}"
layer at (336,386) size 16x17 backgroundClip at (336,387) size 16x7 clip at (336,387) size 16x7 outlineClip at (336,387) size 16x7
  RenderBlock (relative positioned) {mo} at (0,0) size 16x17
    RenderText {mo} at (0,-2) size 16x21
      text run at (0,-2) width 16: "\x{239F}"
layer at (336,393) size 16x17 backgroundClip at (336,394) size 16x15 clip at (336,394) size 16x15 outlineClip at (336,394) size 16x15
  RenderBlock (relative positioned) {mo} at (0,0) size 16x17
    RenderText {mo} at (0,-2) size 16x21
      text run at (0,-2) width 16: "\x{23A0}"
layer at (362,282) size 16x17 backgroundClip at (362,283) size 16x15 clip at (362,283) size 16x15 outlineClip at (362,283) size 16x15
  RenderBlock (relative positioned) {mo} at (0,0) size 16x17
    RenderText {mo} at (0,-2) size 16x21
      text run at (0,-2) width 16: "\x{23AA}"
layer at (362,297) size 16x17 backgroundClip at (362,298) size 16x15 clip at (362,298) size 16x15 outlineClip at (362,298) size 16x15
  RenderBlock (relative positioned) {mo} at (0,0) size 16x17
    RenderText {mo} at (0,-2) size 16x21
      text run at (0,-2) width 16: "\x{23AA}"
layer at (362,312) size 16x17 backgroundClip at (362,313) size 16x15 clip at (362,313) size 16x15 outlineClip at (362,313) size 16x15
  RenderBlock (relative positioned) {mo} at (0,0) size 16x17
    RenderText {mo} at (0,-2) size 16x21
      text run at (0,-2) width 16: "\x{23AA}"
layer at (362,327) size 16x17 backgroundClip at (362,328) size 16x15 clip at (362,328) size 16x15 outlineClip at (362,328) size 16x15
  RenderBlock (relative positioned) {mo} at (0,0) size 16x17
    RenderText {mo} at (0,-2) size 16x21
      text run at (0,-2) width 16: "\x{23AA}"
layer at (362,342) size 16x17 backgroundClip at (362,343) size 16x15 clip at (362,343) size 16x15 outlineClip at (362,343) size 16x15
  RenderBlock (relative positioned) {mo} at (0,0) size 16x17
    RenderText {mo} at (0,-2) size 16x21
      text run at (0,-2) width 16: "\x{23AA}"
layer at (362,357) size 16x17 backgroundClip at (362,358) size 16x15 clip at (362,358) size 16x15 outlineClip at (362,358) size 16x15
  RenderBlock (relative positioned) {mo} at (0,0) size 16x17
    RenderText {mo} at (0,-2) size 16x21
      text run at (0,-2) width 16: "\x{23AA}"
layer at (362,372) size 16x17 backgroundClip at (362,373) size 16x15 clip at (362,373) size 16x15 outlineClip at (362,373) size 16x15
  RenderBlock (relative positioned) {mo} at (0,0) size 16x17
    RenderText {mo} at (0,-2) size 16x21
      text run at (0,-2) width 16: "\x{23AA}"
layer at (362,387) size 16x17 backgroundClip at (362,388) size 16x5 clip at (362,388) size 16x5 outlineClip at (362,388) size 16x5
  RenderBlock (relative positioned) {mo} at (0,0) size 16x17
    RenderText {mo} at (0,-2) size 16x21
      text run at (0,-2) width 16: "\x{23AA}"
layer at (362,392) size 16x17 backgroundClip at (362,393) size 16x16 clip at (362,393) size 16x16 outlineClip at (362,393) size 16x16
  RenderBlock (relative positioned) {mo} at (0,0) size 16x17
    RenderText {mo} at (0,-2) size 16x21
      text run at (0,-2) width 16: "\x{23AA}"
layer at (437,282) size 16x17 backgroundClip at (437,283) size 16x15 clip at (437,283) size 16x15 outlineClip at (437,283) size 16x15
  RenderBlock (relative positioned) {mo} at (0,0) size 16x17
    RenderText {mo} at (0,-2) size 16x21
      text run at (0,-2) width 16: "\x{23AA}"
layer at (437,297) size 16x17 backgroundClip at (437,298) size 16x15 clip at (437,298) size 16x15 outlineClip at (437,298) size 16x15
  RenderBlock (relative positioned) {mo} at (0,0) size 16x17
    RenderText {mo} at (0,-2) size 16x21
      text run at (0,-2) width 16: "\x{23AA}"
layer at (437,312) size 16x17 backgroundClip at (437,313) size 16x15 clip at (437,313) size 16x15 outlineClip at (437,313) size 16x15
  RenderBlock (relative positioned) {mo} at (0,0) size 16x17
    RenderText {mo} at (0,-2) size 16x21
      text run at (0,-2) width 16: "\x{23AA}"
layer at (437,327) size 16x17 backgroundClip at (437,328) size 16x15 clip at (437,328) size 16x15 outlineClip at (437,328) size 16x15
  RenderBlock (relative positioned) {mo} at (0,0) size 16x17
    RenderText {mo} at (0,-2) size 16x21
      text run at (0,-2) width 16: "\x{23AA}"
layer at (437,342) size 16x17 backgroundClip at (437,343) size 16x15 clip at (437,343) size 16x15 outlineClip at (437,343) size 16x15
  RenderBlock (relative positioned) {mo} at (0,0) size 16x17
    RenderText {mo} at (0,-2) size 16x21
      text run at (0,-2) width 16: "\x{23AA}"
layer at (437,357) size 16x17 backgroundClip at (437,358) size 16x15 clip at (437,358) size 16x15 outlineClip at (437,358) size 16x15
  RenderBlock (relative positioned) {mo} at (0,0) size 16x17
    RenderText {mo} at (0,-2) size 16x21
      text run at (0,-2) width 16: "\x{23AA}"
layer at (437,372) size 16x17 backgroundClip at (437,373) size 16x15 clip at (437,373) size 16x15 outlineClip at (437,373) size 16x15
  RenderBlock (relative positioned) {mo} at (0,0) size 16x17
    RenderText {mo} at (0,-2) size 16x21
      text run at (0,-2) width 16: "\x{23AA}"
layer at (437,387) size 16x17 backgroundClip at (437,388) size 16x5 clip at (437,388) size 16x5 outlineClip at (437,388) size 16x5
  RenderBlock (relative positioned) {mo} at (0,0) size 16x17
    RenderText {mo} at (0,-2) size 16x21
      text run at (0,-2) width 16: "\x{23AA}"
layer at (437,392) size 16x17 backgroundClip at (437,393) size 16x16 clip at (437,393) size 16x16 outlineClip at (437,393) size 16x16
  RenderBlock (relative positioned) {mo} at (0,0) size 16x17
    RenderText {mo} at (0,-2) size 16x21
      text run at (0,-2) width 16: "\x{23AA}"
layer at (462,281) size 10x17 backgroundClip at (462,282) size 10x15 clip at (462,282) size 10x15 outlineClip at (462,282) size 10x15
  RenderBlock (relative positioned) {mo} at (0,0) size 10x17
    RenderText {mo} at (0,-4) size 10x21
      text run at (0,-4) width 10: "\x{23AE}"
layer at (462,296) size 10x17 backgroundClip at (462,297) size 10x15 clip at (462,297) size 10x15 outlineClip at (462,297) size 10x15
  RenderBlock (relative positioned) {mo} at (0,0) size 10x17
    RenderText {mo} at (0,-4) size 10x21
      text run at (0,-4) width 10: "\x{23AE}"
layer at (462,311) size 10x17 backgroundClip at (462,312) size 10x15 clip at (462,312) size 10x15 outlineClip at (462,312) size 10x15
  RenderBlock (relative positioned) {mo} at (0,0) size 10x17
    RenderText {mo} at (0,-4) size 10x21
      text run at (0,-4) width 10: "\x{23AE}"
layer at (462,326) size 10x17 backgroundClip at (462,327) size 10x15 clip at (462,327) size 10x15 outlineClip at (462,327) size 10x15
  RenderBlock (relative positioned) {mo} at (0,0) size 10x17
    RenderText {mo} at (0,-4) size 10x21
      text run at (0,-4) width 10: "\x{23AE}"
layer at (462,341) size 10x17 backgroundClip at (462,342) size 10x15 clip at (462,342) size 10x15 outlineClip at (462,342) size 10x15
  RenderBlock (relative positioned) {mo} at (0,0) size 10x17
    RenderText {mo} at (0,-4) size 10x21
      text run at (0,-4) width 10: "\x{23AE}"
layer at (462,356) size 10x17 backgroundClip at (462,357) size 10x15 clip at (462,357) size 10x15 outlineClip at (462,357) size 10x15
  RenderBlock (relative positioned) {mo} at (0,0) size 10x17
    RenderText {mo} at (0,-4) size 10x21
      text run at (0,-4) width 10: "\x{23AE}"
layer at (462,371) size 10x17 backgroundClip at (462,372) size 10x15 clip at (462,372) size 10x15 outlineClip at (462,372) size 10x15
  RenderBlock (relative positioned) {mo} at (0,0) size 10x17
    RenderText {mo} at (0,-4) size 10x21
      text run at (0,-4) width 10: "\x{23AE}"
layer at (462,386) size 10x17 backgroundClip at (462,387) size 10x7 clip at (462,387) size 10x7 outlineClip at (462,387) size 10x7
  RenderBlock (relative positioned) {mo} at (0,0) size 10x17
    RenderText {mo} at (0,-4) size 10x21
      text run at (0,-4) width 10: "\x{23AE}"
layer at (462,393) size 8x17 backgroundClip at (462,394) size 10x15 clip at (462,394) size 10x15 outlineClip at (462,394) size 10x15
  RenderBlock (relative positioned) {mo} at (0,0) size 8x17
    RenderText {mo} at (0,-4) size 8x21
      text run at (0,-4) width 8: "\x{2321}"
layer at (51,439) size 16x17 backgroundClip at (51,440) size 16x15 clip at (51,440) size 16x15 outlineClip at (51,440) size 16x15
  RenderBlock (relative positioned) {mo} at (0,0) size 16x17
    RenderText {mo} at (0,-2) size 16x21
      text run at (0,-2) width 16: "\x{239C}"
layer at (51,454) size 16x17 backgroundClip at (51,455) size 16x1 clip at (51,455) size 16x1 outlineClip at (51,455) size 16x1
  RenderBlock (relative positioned) {mo} at (0,0) size 16x17
    RenderText {mo} at (0,-2) size 16x21
      text run at (0,-2) width 16: "\x{239C}"
layer at (51,455) size 16x17 backgroundClip at (51,456) size 16x15 clip at (51,456) size 16x15 outlineClip at (51,456) size 16x15
  RenderBlock (relative positioned) {mo} at (0,0) size 16x17
    RenderText {mo} at (0,-2) size 16x21
      text run at (0,-2) width 16: "\x{239D}"
layer at (230,439) size 16x17 backgroundClip at (230,440) size 16x15 clip at (230,440) size 16x15 outlineClip at (230,440) size 16x15
  RenderBlock (relative positioned) {mo} at (0,0) size 16x17
    RenderText {mo} at (0,-2) size 16x21
      text run at (0,-2) width 16: "\x{239F}"
layer at (230,454) size 16x17 backgroundClip at (230,455) size 16x1 clip at (230,455) size 16x1 outlineClip at (230,455) size 16x1
  RenderBlock (relative positioned) {mo} at (0,0) size 16x17
    RenderText {mo} at (0,-2) size 16x21
      text run at (0,-2) width 16: "\x{239F}"
layer at (230,455) size 16x17 backgroundClip at (230,456) size 16x15 clip at (230,456) size 16x15 outlineClip at (230,456) size 16x15
  RenderBlock (relative positioned) {mo} at (0,0) size 16x17
    RenderText {mo} at (0,-2) size 16x21
      text run at (0,-2) width 16: "\x{23A0}"
