layer at (0,0) size 800x600
  RenderView at (0,0) size 800x600
layer at (0,0) size 800x563
  RenderBlock {html} at (0,0) size 800x564
    RenderBody {body} at (8,19) size 784x529
      RenderBlock {div} at (0,0) size 784x66
        RenderBlock {h2} at (0,0) size 784x28
          RenderText {#text} at (0,0) size 129x28
            text run at (0,0) width 129: "Normal flow"
        RenderBlock {p} at (0,47) size 784x19
          RenderText {#text} at (0,0) size 154x18
            text run at (0,0) width 154: "I am a paragraph of text "
          RenderMathMLMath {math} at (154,3) size 34x12 [padding: 0 1 0 1]
            RenderBlock {mi} at (1,3) size 9x9
              RenderText {#text} at (0,-6) size 7x18
                text run at (0,-6) width 7: "x"
            RenderMathMLOperator {mo} at (12,1) size 10x11
              RenderMathMLBlock (flex) {mo} at (0,0) size 9x11
                RenderBlock (anonymous) at (0,0) size 9x11
                  RenderText {mo} at (0,-7) size 9x21
                    text run at (0,-7) width 9: "+"
            RenderBlock {mn} at (24,0) size 9x12
              RenderText {#text} at (0,-3) size 8x18
                text run at (0,-3) width 8: "1"
          RenderText {#text} at (187,0) size 111x18
            text run at (187,0) width 111: " with math inline."
      RenderBlock {div} at (0,85) size 784x147
        RenderBlock {h2} at (0,0) size 784x28
          RenderText {#text} at (0,0) size 203x28
            text run at (0,0) width 203: "Fraction Alignment"
        RenderBlock {p} at (0,47) size 784x32
          RenderText {#text} at (0,5) size 27x18
            text run at (0,5) width 27: "text "
          RenderMathMLMath {math} at (27,0) size 36x32 [padding: 0 1 0 1]
            RenderMathMLFraction {mfrac} at (2,0) size 32x32
              RenderMathMLBlock (anonymous, flex) at (0,0) size 32x16
                RenderMathMLRow {mrow} at (0,0) size 32x12
                  RenderBlock {mi} at (0,3) size 9x9
                    RenderText {#text} at (0,-6) size 7x18
                      text run at (0,-6) width 7: "x"
                  RenderMathMLOperator {mo} at (11,1) size 10x11
                    RenderMathMLBlock (flex) {mo} at (0,0) size 9x11
                      RenderBlock (anonymous) at (0,0) size 9x11
                        RenderText {mo} at (0,-7) size 9x21
                          text run at (0,-7) width 9: "+"
                  RenderBlock {mn} at (23,0) size 9x12
                    RenderText {#text} at (0,-3) size 8x18
                      text run at (0,-3) width 8: "1"
              RenderMathMLBlock (anonymous, flex) at (0,15) size 32x17 [padding: 1 0 0 0]
                RenderBlock {mn} at (11,4) size 9x13
                  RenderText {#text} at (0,-3) size 8x18
                    text run at (0,-3) width 8: "2"
          RenderText {#text} at (0,0) size 0x0
        RenderBlock {p} at (0,94) size 784x52
          RenderText {#text} at (0,15) size 27x18
            text run at (0,15) width 27: "text "
          RenderMathMLMath {math} at (27,0) size 80x52 [padding: 0 1 0 1]
            RenderBlock {mi} at (1,21) size 9x9
              RenderText {#text} at (0,-6) size 7x18
                text run at (0,-6) width 7: "x"
            RenderMathMLOperator {mo} at (12,19) size 10x11
              RenderMathMLBlock (flex) {mo} at (0,0) size 9x11
                RenderBlock (anonymous) at (0,0) size 9x11
                  RenderText {mo} at (0,-7) size 9x21
                    text run at (0,-7) width 9: "+"
            RenderMathMLFraction {mfrac} at (25,0) size 53x52 [bgcolor=#FFFF00] [padding: 10 10 10 10]
              RenderMathMLBlock (anonymous, flex) at (10,10) size 32x16
                RenderMathMLRow {mrow} at (0,0) size 32x12
                  RenderBlock {mi} at (0,3) size 9x9
                    RenderText {#text} at (0,-6) size 7x18
                      text run at (0,-6) width 7: "x"
                  RenderMathMLOperator {mo} at (11,1) size 10x11
                    RenderMathMLBlock (flex) {mo} at (0,0) size 9x11
                      RenderBlock (anonymous) at (0,0) size 9x11
                        RenderText {mo} at (0,-7) size 9x21
                          text run at (0,-7) width 9: "+"
                  RenderBlock {mn} at (23,0) size 9x12
                    RenderText {#text} at (0,-3) size 8x18
                      text run at (0,-3) width 8: "1"
              RenderMathMLBlock (anonymous, flex) at (10,25) size 32x17 [padding: 1 0 0 0]
                RenderBlock {mn} at (11,4) size 9x13
                  RenderText {#text} at (0,-3) size 8x18
                    text run at (0,-3) width 8: "2"
          RenderText {#text} at (0,0) size 0x0
      RenderBlock {div} at (0,251) size 784x277
        RenderBlock {h2} at (0,0) size 784x28
          RenderText {#text} at (0,0) size 210x28
            text run at (0,0) width 210: "Operator Stretching"
        RenderBlock {p} at (0,47) size 784x38
          RenderText {#text} at (0,7) size 27x18
            text run at (0,7) width 27: "text "
          RenderMathMLMath {math} at (27,0) size 99x37 [padding: 0 1 0 1]
            RenderMathMLOperator {mo} at (2,0) size 17x37
            RenderBlock {mi} at (20,13) size 9x9
              RenderText {#text} at (0,-6) size 7x18
                text run at (0,-6) width 7: "x"
            RenderMathMLOperator {mo} at (31,11) size 10x11
              RenderMathMLBlock (flex) {mo} at (0,0) size 9x11
                RenderBlock (anonymous) at (0,0) size 9x11
                  RenderText {mo} at (0,-7) size 9x21
                    text run at (0,-7) width 9: "+"
            RenderMathMLFraction {mfrac} at (45,2) size 33x32
              RenderMathMLBlock (anonymous, flex) at (0,0) size 32x16
                RenderMathMLRow {mrow} at (0,0) size 32x12
                  RenderBlock {mi} at (0,3) size 9x9
                    RenderText {#text} at (0,-6) size 7x18
                      text run at (0,-6) width 7: "x"
                  RenderMathMLOperator {mo} at (11,1) size 10x11
                    RenderMathMLBlock (flex) {mo} at (0,0) size 9x11
                      RenderBlock (anonymous) at (0,0) size 9x11
                        RenderText {mo} at (0,-7) size 9x21
                          text run at (0,-7) width 9: "+"
                  RenderBlock {mn} at (23,0) size 9x12
                    RenderText {#text} at (0,-3) size 8x18
                      text run at (0,-3) width 8: "1"
              RenderMathMLBlock (anonymous, flex) at (0,15) size 32x17 [padding: 1 0 0 0]
                RenderBlock {mn} at (11,4) size 9x13
                  RenderText {#text} at (0,-3) size 8x18
                    text run at (0,-3) width 8: "2"
            RenderMathMLOperator {mo} at (79,0) size 17x37
          RenderText {#text} at (0,0) size 0x0
        RenderBlock {p} at (0,100) size 784x85
          RenderText {#text} at (0,35) size 27x18
            text run at (0,35) width 27: "text "
          RenderMathMLMath {math} at (27,0) size 127x84 [padding: 0 1 0 1]
            RenderBlock {mi} at (1,41) size 9x12
              RenderText {#text} at (0,-6) size 7x18
                text run at (0,-6) width 7: "y"
            RenderMathMLOperator {mo} at (12,0) size 17x84
            RenderMathMLUnderOver {munder} at (31,38) size 16x20
              RenderBlock {mi} at (0,0) size 15x13
                RenderText {#text} at (0,-3) size 13x18
                  text run at (0,-3) width 13: "\x{220F}"
              RenderBlock {mi} at (4,13) size 7x7
                RenderText {#text} at (0,-5) size 5x14
                  text run at (0,-5) width 5: "x"
            RenderMathMLFraction {mfrac} at (47,11) size 59x71
              RenderMathMLBlock (anonymous, flex) at (0,0) size 58x35
                RenderMathMLRow {mrow} at (0,0) size 58x32
                  RenderBlock {mi} at (0,11) size 9x9
                    RenderText {#text} at (0,-6) size 7x18
                      text run at (0,-6) width 7: "x"
                  RenderMathMLOperator {mo} at (11,9) size 10x11
                    RenderMathMLBlock (flex) {mo} at (0,0) size 9x11
                      RenderBlock (anonymous) at (0,0) size 9x11
                        RenderText {mo} at (0,-7) size 9x21
                          text run at (0,-7) width 9: "+"
                  RenderMathMLFraction {mfrac} at (24,0) size 33x32
                    RenderMathMLBlock (anonymous, flex) at (0,0) size 32x16
                      RenderMathMLRow {mrow} at (0,0) size 32x12
                        RenderBlock {mi} at (0,3) size 9x9
                          RenderText {#text} at (0,-6) size 7x18
                            text run at (0,-6) width 7: "x"
                        RenderMathMLOperator {mo} at (11,1) size 10x11
                          RenderMathMLBlock (flex) {mo} at (0,0) size 9x11
                            RenderBlock (anonymous) at (0,0) size 9x11
                              RenderText {mo} at (0,-7) size 9x21
                                text run at (0,-7) width 9: "+"
                        RenderBlock {mn} at (23,0) size 9x12
                          RenderText {#text} at (0,-3) size 8x18
                            text run at (0,-3) width 8: "1"
                    RenderMathMLBlock (anonymous, flex) at (0,15) size 32x17 [padding: 1 0 0 0]
                      RenderBlock {mn} at (11,4) size 9x13
                        RenderText {#text} at (0,-3) size 8x18
                          text run at (0,-3) width 8: "2"
              RenderMathMLBlock (anonymous, flex) at (0,34) size 58x37 [padding: 1 0 0 0]
                RenderMathMLRow {mrow} at (0,4) size 58x32
                  RenderBlock {mi} at (0,11) size 9x9
                    RenderText {#text} at (0,-6) size 7x18
                      text run at (0,-6) width 7: "x"
                  RenderMathMLOperator {mo} at (11,9) size 10x11
                    RenderMathMLBlock (flex) {mo} at (0,0) size 9x11
                      RenderBlock (anonymous) at (0,0) size 9x11
                        RenderText {mo} at (0,-7) size 9x21
                          text run at (0,-7) width 9: "+"
                  RenderMathMLFraction {mfrac} at (24,0) size 33x32
                    RenderMathMLBlock (anonymous, flex) at (0,0) size 32x16
                      RenderMathMLRow {mrow} at (0,0) size 32x12
                        RenderBlock {mi} at (0,3) size 9x9
                          RenderText {#text} at (0,-6) size 7x18
                            text run at (0,-6) width 7: "x"
                        RenderMathMLOperator {mo} at (11,1) size 10x11
                          RenderMathMLBlock (flex) {mo} at (0,0) size 9x11
                            RenderBlock (anonymous) at (0,0) size 9x11
                              RenderText {mo} at (0,-7) size 9x21
                                text run at (0,-7) width 9: "+"
                        RenderBlock {mn} at (23,0) size 9x12
                          RenderText {#text} at (0,-3) size 8x18
                            text run at (0,-3) width 8: "1"
                    RenderMathMLBlock (anonymous, flex) at (0,15) size 32x17 [padding: 1 0 0 0]
                      RenderBlock {mn} at (11,4) size 9x13
                        RenderText {#text} at (0,-3) size 8x18
                          text run at (0,-3) width 8: "2"
            RenderMathMLOperator {mo} at (108,0) size 17x84
          RenderText {#text} at (0,0) size 0x0
        RenderBlock {p} at (0,200) size 784x76
          RenderText {#text} at (0,30) size 27x18
            text run at (0,30) width 27: "text "
          RenderMathMLMath {math} at (27,0) size 122x75 [padding: 0 1 0 1]
            RenderMathMLOperator {mo} at (2,0) size 17x75
            RenderMathMLTable {mtable} at (20,9) size 82x63
              RenderTableSection (anonymous) at (0,0) size 81x63
                RenderTableRow {mtr} at (0,0) size 81x20
                  RenderTableCell {mtd} at (0,0) size 27x20 [r=0 c=0 rs=1 cs=1]
                    RenderMathMLSubSup {msub} at (3,3) size 21x15
                      RenderMathMLBlock (anonymous, flex) at (0,0) size 8x15 [padding: 0 0 5 0]
                        RenderBlock {mi} at (0,0) size 8x9
                          RenderText {#text} at (0,-6) size 8x18
                            text run at (0,-6) width 8: "a"
                      RenderMathMLBlock (anonymous, flex) at (8,4) size 12x11
                        RenderBlock {mn} at (0,0) size 12x10
                          RenderText {#text} at (0,-2) size 12x14
                            text run at (0,-2) width 12: "11"
                  RenderTableCell {mtd} at (27,0) size 27x20 [r=0 c=1 rs=1 cs=1]
                    RenderMathMLSubSup {msub} at (3,3) size 21x15
                      RenderMathMLBlock (anonymous, flex) at (0,0) size 8x15 [padding: 0 0 5 0]
                        RenderBlock {mi} at (0,0) size 8x9
                          RenderText {#text} at (0,-6) size 8x18
                            text run at (0,-6) width 8: "a"
                      RenderMathMLBlock (anonymous, flex) at (8,4) size 12x11
                        RenderBlock {mn} at (0,0) size 12x10
                          RenderText {#text} at (0,-2) size 12x14
                            text run at (0,-2) width 12: "12"
                  RenderTableCell {mtd} at (54,0) size 27x20 [r=0 c=2 rs=1 cs=1]
                    RenderMathMLSubSup {msub} at (3,3) size 21x15
                      RenderMathMLBlock (anonymous, flex) at (0,0) size 8x15 [padding: 0 0 5 0]
                        RenderBlock {mi} at (0,0) size 8x9
                          RenderText {#text} at (0,-6) size 8x18
                            text run at (0,-6) width 8: "a"
                      RenderMathMLBlock (anonymous, flex) at (8,4) size 12x11
                        RenderBlock {mn} at (0,0) size 12x10
                          RenderText {#text} at (0,-2) size 12x14
                            text run at (0,-2) width 12: "13"
                RenderTableRow {mtr} at (0,20) size 81x23
                  RenderTableCell {mtd} at (0,20) size 27x23 [r=1 c=0 rs=1 cs=1]
                    RenderMathMLSubSup {msub} at (3,3) size 21x18
                      RenderMathMLBlock (anonymous, flex) at (0,0) size 8x18 [padding: 0 0 5 0]
                        RenderBlock {mi} at (0,0) size 8x12
                          RenderText {#text} at (0,-3) size 8x18
                            text run at (0,-3) width 8: "b"
                      RenderMathMLBlock (anonymous, flex) at (8,7) size 12x11
                        RenderBlock {mn} at (0,0) size 12x10
                          RenderText {#text} at (0,-2) size 12x14
                            text run at (0,-2) width 12: "21"
                  RenderTableCell {mtd} at (27,20) size 27x23 [r=1 c=1 rs=1 cs=1]
                    RenderMathMLSubSup {msub} at (3,3) size 21x18
                      RenderMathMLBlock (anonymous, flex) at (0,0) size 8x18 [padding: 0 0 5 0]
                        RenderBlock {mi} at (0,0) size 8x12
                          RenderText {#text} at (0,-3) size 8x18
                            text run at (0,-3) width 8: "b"
                      RenderMathMLBlock (anonymous, flex) at (8,7) size 12x11
                        RenderBlock {mn} at (0,0) size 12x10
                          RenderText {#text} at (0,-2) size 12x14
                            text run at (0,-2) width 12: "22"
                  RenderTableCell {mtd} at (54,20) size 27x23 [r=1 c=2 rs=1 cs=1]
                    RenderMathMLSubSup {msub} at (3,3) size 21x18
                      RenderMathMLBlock (anonymous, flex) at (0,0) size 8x18 [padding: 0 0 5 0]
                        RenderBlock {mi} at (0,0) size 8x12
                          RenderText {#text} at (0,-3) size 8x18
                            text run at (0,-3) width 8: "b"
                      RenderMathMLBlock (anonymous, flex) at (8,7) size 12x11
                        RenderBlock {mn} at (0,0) size 12x10
                          RenderText {#text} at (0,-2) size 12x14
                            text run at (0,-2) width 12: "23"
                RenderTableRow {mtr} at (0,43) size 81x20
                  RenderTableCell {mtd} at (0,43) size 27x20 [r=2 c=0 rs=1 cs=1]
                    RenderMathMLSubSup {msub} at (4,3) size 19x15
                      RenderMathMLBlock (anonymous, flex) at (0,0) size 7x15 [padding: 0 0 5 0]
                        RenderBlock {mi} at (0,0) size 7x9
                          RenderText {#text} at (0,-6) size 7x18
                            text run at (0,-6) width 7: "c"
                      RenderMathMLBlock (anonymous, flex) at (7,4) size 12x11
                        RenderBlock {mn} at (0,0) size 12x10
                          RenderText {#text} at (0,-2) size 12x14
                            text run at (0,-2) width 12: "31"
                  RenderTableCell {mtd} at (27,43) size 27x20 [r=2 c=1 rs=1 cs=1]
                    RenderMathMLSubSup {msub} at (4,3) size 19x15
                      RenderMathMLBlock (anonymous, flex) at (0,0) size 7x15 [padding: 0 0 5 0]
                        RenderBlock {mi} at (0,0) size 7x9
                          RenderText {#text} at (0,-6) size 7x18
                            text run at (0,-6) width 7: "c"
                      RenderMathMLBlock (anonymous, flex) at (7,4) size 12x11
                        RenderBlock {mn} at (0,0) size 12x10
                          RenderText {#text} at (0,-2) size 12x14
                            text run at (0,-2) width 12: "32"
                  RenderTableCell {mtd} at (54,43) size 27x20 [r=2 c=2 rs=1 cs=1]
                    RenderMathMLSubSup {msub} at (4,3) size 19x15
                      RenderMathMLBlock (anonymous, flex) at (0,0) size 7x15 [padding: 0 0 5 0]
                        RenderBlock {mi} at (0,0) size 7x9
                          RenderText {#text} at (0,-6) size 7x18
                            text run at (0,-6) width 7: "c"
                      RenderMathMLBlock (anonymous, flex) at (7,4) size 12x11
                        RenderBlock {mn} at (0,0) size 12x10
                          RenderText {#text} at (0,-2) size 12x14
                            text run at (0,-2) width 12: "33"
            RenderMathMLOperator {mo} at (102,0) size 17x75
          RenderText {#text} at (0,0) size 0x0
layer at (38,319) size 16x15 scrollHeight 18
  RenderMathMLBlock (flex) {mo} at (0,0) size 16x15
    RenderBlock (anonymous) at (0,0) size 16x15
      RenderText {mo} at (0,-3) size 16x21
        text run at (0,-3) width 16: "\x{239B}"
layer at (38,334) size 16x7 scrollHeight 19
  RenderMathMLBlock (flex) {mo} at (0,15) size 16x7
    RenderBlock (anonymous) at (0,0) size 16x7
layer at (38,341) size 16x15 scrollHeight 19
  RenderMathMLBlock (flex) {mo} at (0,22) size 16x15
    RenderBlock (anonymous) at (0,0) size 16x15
layer at (115,319) size 16x15 scrollHeight 18
  RenderMathMLBlock (flex) {mo} at (0,0) size 16x15
    RenderBlock (anonymous) at (0,0) size 16x15
      RenderText {mo} at (0,-3) size 16x21
        text run at (0,-3) width 16: "\x{239E}"
layer at (115,334) size 16x7 scrollHeight 19
  RenderMathMLBlock (flex) {mo} at (0,15) size 16x7
    RenderBlock (anonymous) at (0,0) size 16x7
layer at (115,341) size 16x15 scrollHeight 19
  RenderMathMLBlock (flex) {mo} at (0,22) size 16x15
    RenderBlock (anonymous) at (0,0) size 16x15
layer at (48,372) size 16x15 scrollHeight 18
  RenderMathMLBlock (flex) {mo} at (0,0) size 16x15
    RenderBlock (anonymous) at (0,0) size 16x15
      RenderText {mo} at (0,-3) size 16x21
        text run at (0,-3) width 16: "\x{239B}"
layer at (48,387) size 16x15 scrollHeight 19
  RenderMathMLBlock (flex) {mo} at (0,15) size 16x15
    RenderBlock (anonymous) at (0,0) size 16x15
layer at (48,402) size 16x15 scrollHeight 19
  RenderMathMLBlock (flex) {mo} at (0,30) size 16x15
    RenderBlock (anonymous) at (0,0) size 16x15
layer at (48,417) size 16x15 scrollHeight 19
  RenderMathMLBlock (flex) {mo} at (0,45) size 16x15
    RenderBlock (anonymous) at (0,0) size 16x15
layer at (48,432) size 16x9 scrollHeight 19
  RenderMathMLBlock (flex) {mo} at (0,60) size 16x9
    RenderBlock (anonymous) at (0,0) size 16x9
layer at (48,441) size 16x15 scrollHeight 19
  RenderMathMLBlock (flex) {mo} at (0,69) size 16x15
    RenderBlock (anonymous) at (0,0) size 16x15
layer at (143,372) size 16x15 scrollHeight 18
  RenderMathMLBlock (flex) {mo} at (0,0) size 16x15
    RenderBlock (anonymous) at (0,0) size 16x15
      RenderText {mo} at (0,-3) size 16x21
        text run at (0,-3) width 16: "\x{239E}"
layer at (143,387) size 16x15 scrollHeight 19
  RenderMathMLBlock (flex) {mo} at (0,15) size 16x15
    RenderBlock (anonymous) at (0,0) size 16x15
layer at (143,402) size 16x15 scrollHeight 19
  RenderMathMLBlock (flex) {mo} at (0,30) size 16x15
    RenderBlock (anonymous) at (0,0) size 16x15
layer at (143,417) size 16x15 scrollHeight 19
  RenderMathMLBlock (flex) {mo} at (0,45) size 16x15
    RenderBlock (anonymous) at (0,0) size 16x15
layer at (143,432) size 16x9 scrollHeight 19
  RenderMathMLBlock (flex) {mo} at (0,60) size 16x9
    RenderBlock (anonymous) at (0,0) size 16x9
layer at (143,441) size 16x15 scrollHeight 19
  RenderMathMLBlock (flex) {mo} at (0,69) size 16x15
    RenderBlock (anonymous) at (0,0) size 16x15
layer at (38,472) size 16x15 scrollHeight 18
  RenderMathMLBlock (flex) {mo} at (0,0) size 16x15
    RenderBlock (anonymous) at (0,0) size 16x15
      RenderText {mo} at (0,-3) size 16x21
        text run at (0,-3) width 16: "\x{23A1}"
layer at (38,487) size 16x15 scrollHeight 19
  RenderMathMLBlock (flex) {mo} at (0,15) size 16x15
    RenderBlock (anonymous) at (0,0) size 16x15
layer at (38,502) size 16x15 scrollHeight 19
  RenderMathMLBlock (flex) {mo} at (0,30) size 16x15
    RenderBlock (anonymous) at (0,0) size 16x15
layer at (38,517) size 16x15 scrollHeight 19
  RenderMathMLBlock (flex) {mo} at (0,45) size 16x15
    RenderBlock (anonymous) at (0,0) size 16x15
layer at (38,532) size 16x15 scrollHeight 19
  RenderMathMLBlock (flex) {mo} at (0,60) size 16x15
    RenderBlock (anonymous) at (0,0) size 16x15
layer at (138,472) size 16x15 scrollHeight 18
  RenderMathMLBlock (flex) {mo} at (0,0) size 16x15
    RenderBlock (anonymous) at (0,0) size 16x15
      RenderText {mo} at (0,-3) size 16x21
        text run at (0,-3) width 16: "\x{23A4}"
layer at (138,487) size 16x15 scrollHeight 19
  RenderMathMLBlock (flex) {mo} at (0,15) size 16x15
    RenderBlock (anonymous) at (0,0) size 16x15
layer at (138,502) size 16x15 scrollHeight 19
  RenderMathMLBlock (flex) {mo} at (0,30) size 16x15
    RenderBlock (anonymous) at (0,0) size 16x15
layer at (138,517) size 16x15 scrollHeight 19
  RenderMathMLBlock (flex) {mo} at (0,45) size 16x15
    RenderBlock (anonymous) at (0,0) size 16x15
layer at (138,532) size 16x15 scrollHeight 19
  RenderMathMLBlock (flex) {mo} at (0,60) size 16x15
    RenderBlock (anonymous) at (0,0) size 16x15
layer at (38,333) size 16x17 backgroundClip at (38,334) size 16x7 clip at (38,334) size 16x7 outlineClip at (38,334) size 16x7
  RenderBlock (relative positioned) {mo} at (0,0) size 16x17
    RenderText {mo} at (0,-2) size 16x21
      text run at (0,-2) width 16: "\x{239C}"
layer at (38,340) size 16x17 backgroundClip at (38,341) size 16x15 clip at (38,341) size 16x15 outlineClip at (38,341) size 16x15
  RenderBlock (relative positioned) {mo} at (0,0) size 16x17
    RenderText {mo} at (0,-2) size 16x21
      text run at (0,-2) width 16: "\x{239D}"
layer at (115,333) size 16x17 backgroundClip at (115,334) size 16x7 clip at (115,334) size 16x7 outlineClip at (115,334) size 16x7
  RenderBlock (relative positioned) {mo} at (0,0) size 16x17
    RenderText {mo} at (0,-2) size 16x21
      text run at (0,-2) width 16: "\x{239F}"
layer at (115,340) size 16x17 backgroundClip at (115,341) size 16x15 clip at (115,341) size 16x15 outlineClip at (115,341) size 16x15
  RenderBlock (relative positioned) {mo} at (0,0) size 16x17
    RenderText {mo} at (0,-2) size 16x21
      text run at (0,-2) width 16: "\x{23A0}"
layer at (48,386) size 16x17 backgroundClip at (48,387) size 16x15 clip at (48,387) size 16x15 outlineClip at (48,387) size 16x15
  RenderBlock (relative positioned) {mo} at (0,0) size 16x17
    RenderText {mo} at (0,-2) size 16x21
      text run at (0,-2) width 16: "\x{239C}"
layer at (48,401) size 16x17 backgroundClip at (48,402) size 16x15 clip at (48,402) size 16x15 outlineClip at (48,402) size 16x15
  RenderBlock (relative positioned) {mo} at (0,0) size 16x17
    RenderText {mo} at (0,-2) size 16x21
      text run at (0,-2) width 16: "\x{239C}"
layer at (48,416) size 16x17 backgroundClip at (48,417) size 16x15 clip at (48,417) size 16x15 outlineClip at (48,417) size 16x15
  RenderBlock (relative positioned) {mo} at (0,0) size 16x17
    RenderText {mo} at (0,-2) size 16x21
      text run at (0,-2) width 16: "\x{239C}"
layer at (48,431) size 16x17 backgroundClip at (48,432) size 16x9 clip at (48,432) size 16x9 outlineClip at (48,432) size 16x9
  RenderBlock (relative positioned) {mo} at (0,0) size 16x17
    RenderText {mo} at (0,-2) size 16x21
      text run at (0,-2) width 16: "\x{239C}"
layer at (48,440) size 16x17 backgroundClip at (48,441) size 16x15 clip at (48,441) size 16x15 outlineClip at (48,441) size 16x15
  RenderBlock (relative positioned) {mo} at (0,0) size 16x17
    RenderText {mo} at (0,-2) size 16x21
      text run at (0,-2) width 16: "\x{239D}"
layer at (143,386) size 16x17 backgroundClip at (143,387) size 16x15 clip at (143,387) size 16x15 outlineClip at (143,387) size 16x15
  RenderBlock (relative positioned) {mo} at (0,0) size 16x17
    RenderText {mo} at (0,-2) size 16x21
      text run at (0,-2) width 16: "\x{239F}"
layer at (143,401) size 16x17 backgroundClip at (143,402) size 16x15 clip at (143,402) size 16x15 outlineClip at (143,402) size 16x15
  RenderBlock (relative positioned) {mo} at (0,0) size 16x17
    RenderText {mo} at (0,-2) size 16x21
      text run at (0,-2) width 16: "\x{239F}"
layer at (143,416) size 16x17 backgroundClip at (143,417) size 16x15 clip at (143,417) size 16x15 outlineClip at (143,417) size 16x15
  RenderBlock (relative positioned) {mo} at (0,0) size 16x17
    RenderText {mo} at (0,-2) size 16x21
      text run at (0,-2) width 16: "\x{239F}"
layer at (143,431) size 16x17 backgroundClip at (143,432) size 16x9 clip at (143,432) size 16x9 outlineClip at (143,432) size 16x9
  RenderBlock (relative positioned) {mo} at (0,0) size 16x17
    RenderText {mo} at (0,-2) size 16x21
      text run at (0,-2) width 16: "\x{239F}"
layer at (143,440) size 16x17 backgroundClip at (143,441) size 16x15 clip at (143,441) size 16x15 outlineClip at (143,441) size 16x15
  RenderBlock (relative positioned) {mo} at (0,0) size 16x17
    RenderText {mo} at (0,-2) size 16x21
      text run at (0,-2) width 16: "\x{23A0}"
layer at (38,486) size 16x17 backgroundClip at (38,487) size 16x15 clip at (38,487) size 16x15 outlineClip at (38,487) size 16x15
  RenderBlock (relative positioned) {mo} at (0,0) size 16x17
    RenderText {mo} at (0,-2) size 16x21
      text run at (0,-2) width 16: "\x{23A2}"
layer at (38,501) size 16x17 backgroundClip at (38,502) size 16x15 clip at (38,502) size 16x15 outlineClip at (38,502) size 16x15
  RenderBlock (relative positioned) {mo} at (0,0) size 16x17
    RenderText {mo} at (0,-2) size 16x21
      text run at (0,-2) width 16: "\x{23A2}"
layer at (38,516) size 16x17 backgroundClip at (38,517) size 16x15 clip at (38,517) size 16x15 outlineClip at (38,517) size 16x15
  RenderBlock (relative positioned) {mo} at (0,0) size 16x17
    RenderText {mo} at (0,-2) size 16x21
      text run at (0,-2) width 16: "\x{23A2}"
layer at (38,531) size 16x17 backgroundClip at (38,532) size 16x15 clip at (38,532) size 16x15 outlineClip at (38,532) size 16x15
  RenderBlock (relative positioned) {mo} at (0,0) size 16x17
    RenderText {mo} at (0,-2) size 16x21
      text run at (0,-2) width 16: "\x{23A3}"
layer at (138,486) size 16x17 backgroundClip at (138,487) size 16x15 clip at (138,487) size 16x15 outlineClip at (138,487) size 16x15
  RenderBlock (relative positioned) {mo} at (0,0) size 16x17
    RenderText {mo} at (0,-2) size 16x21
      text run at (0,-2) width 16: "\x{23A5}"
layer at (138,501) size 16x17 backgroundClip at (138,502) size 16x15 clip at (138,502) size 16x15 outlineClip at (138,502) size 16x15
  RenderBlock (relative positioned) {mo} at (0,0) size 16x17
    RenderText {mo} at (0,-2) size 16x21
      text run at (0,-2) width 16: "\x{23A5}"
layer at (138,516) size 16x17 backgroundClip at (138,517) size 16x15 clip at (138,517) size 16x15 outlineClip at (138,517) size 16x15
  RenderBlock (relative positioned) {mo} at (0,0) size 16x17
    RenderText {mo} at (0,-2) size 16x21
      text run at (0,-2) width 16: "\x{23A5}"
layer at (138,531) size 16x17 backgroundClip at (138,532) size 16x15 clip at (138,532) size 16x15 outlineClip at (138,532) size 16x15
  RenderBlock (relative positioned) {mo} at (0,0) size 16x17
    RenderText {mo} at (0,-2) size 16x21
      text run at (0,-2) width 16: "\x{23A6}"
