layer at (0,0) size 800x600
  RenderView at (0,0) size 800x600
layer at (0,0) size 800x174
  RenderBlock {html} at (0,0) size 800x174
    RenderBody {body} at (8,16) size 784x142
      RenderBlock {p} at (0,0) size 784x63
        RenderText {#text} at (0,21) size 49x18
          text run at (0,21) width 49: "simple: "
        RenderMathMLMath {math} at (49,0) size 83x63 [padding: 0 1 0 1]
          RenderMathMLTable {mtable} at (1,0) size 81x63
            RenderTableSection (anonymous) at (0,0) size 81x63
              RenderTableRow {mtr} at (0,0) size 81x20
                RenderTableCell {mtd} at (0,0) size 27x20 [r=0 c=0 rs=2 cs=1]
                  RenderMathMLSubSup {msub} at (3,3) size 21x15
                    RenderMathMLBlock (anonymous, flex) at (0,0) size 8x15 [padding: 0 0 5 0]
                      RenderBlock {mi} at (0,0) size 8x9
                        RenderText {#text} at (0,-6) size 8x18
                          text run at (0,-6) width 8: "a"
                    RenderMathMLBlock (anonymous, flex) at (8,4) size 12x11
                      RenderBlock {mn} at (0,0) size 12x10
                        RenderText {#text} at (0,-2) size 12x14
                          text run at (0,-2) width 12: "11"
                RenderTableCell {mtd} at (27,0) size 27x20 [r=0 c=1 rs=1 cs=1]
                  RenderMathMLSubSup {msub} at (3,3) size 21x15
                    RenderMathMLBlock (anonymous, flex) at (0,0) size 8x15 [padding: 0 0 5 0]
                      RenderBlock {mi} at (0,0) size 8x9
                        RenderText {#text} at (0,-6) size 8x18
                          text run at (0,-6) width 8: "a"
                    RenderMathMLBlock (anonymous, flex) at (8,4) size 12x11
                      RenderBlock {mn} at (0,0) size 12x10
                        RenderText {#text} at (0,-2) size 12x14
                          text run at (0,-2) width 12: "12"
                RenderTableCell {mtd} at (54,0) size 27x20 [r=0 c=2 rs=1 cs=1]
                  RenderMathMLSubSup {msub} at (3,3) size 21x15
                    RenderMathMLBlock (anonymous, flex) at (0,0) size 8x15 [padding: 0 0 5 0]
                      RenderBlock {mi} at (0,0) size 8x9
                        RenderText {#text} at (0,-6) size 8x18
                          text run at (0,-6) width 8: "a"
                    RenderMathMLBlock (anonymous, flex) at (8,4) size 12x11
                      RenderBlock {mn} at (0,0) size 12x10
                        RenderText {#text} at (0,-2) size 12x14
                          text run at (0,-2) width 12: "13"
              RenderTableRow {mtr} at (0,20) size 81x23
                RenderTableCell {mtd} at (27,20) size 27x23 [r=1 c=1 rs=1 cs=1]
                  RenderMathMLSubSup {msub} at (3,3) size 21x18
                    RenderMathMLBlock (anonymous, flex) at (0,0) size 8x18 [padding: 0 0 5 0]
                      RenderBlock {mi} at (0,0) size 8x12
                        RenderText {#text} at (0,-3) size 8x18
                          text run at (0,-3) width 8: "b"
                    RenderMathMLBlock (anonymous, flex) at (8,7) size 12x11
                      RenderBlock {mn} at (0,0) size 12x10
                        RenderText {#text} at (0,-2) size 12x14
                          text run at (0,-2) width 12: "22"
                RenderTableCell {mtd} at (54,20) size 27x23 [r=1 c=2 rs=1 cs=1]
                  RenderMathMLSubSup {msub} at (3,3) size 21x18
                    RenderMathMLBlock (anonymous, flex) at (0,0) size 8x18 [padding: 0 0 5 0]
                      RenderBlock {mi} at (0,0) size 8x12
                        RenderText {#text} at (0,-3) size 8x18
                          text run at (0,-3) width 8: "b"
                    RenderMathMLBlock (anonymous, flex) at (8,7) size 12x11
                      RenderBlock {mn} at (0,0) size 12x10
                        RenderText {#text} at (0,-2) size 12x14
                          text run at (0,-2) width 12: "23"
              RenderTableRow {mtr} at (0,43) size 81x20
                RenderTableCell {mtd} at (0,43) size 81x20 [r=2 c=0 rs=1 cs=3]
                  RenderMathMLSubSup {msub} at (31,3) size 19x15
                    RenderMathMLBlock (anonymous, flex) at (0,0) size 7x15 [padding: 0 0 5 0]
                      RenderBlock {mi} at (0,0) size 7x9
                        RenderText {#text} at (0,-6) size 7x18
                          text run at (0,-6) width 7: "c"
                    RenderMathMLBlock (anonymous, flex) at (7,4) size 12x11
                      RenderBlock {mn} at (0,0) size 12x10
                        RenderText {#text} at (0,-2) size 12x14
                          text run at (0,-2) width 12: "31"
        RenderText {#text} at (0,0) size 0x0
      RenderBlock {p} at (0,79) size 784x63
        RenderText {#text} at (0,21) size 308x18
          text run at (0,21) width 308: "left, default (center) and right column alignment: "
        RenderMathMLMath {math} at (308,0) size 251x63 [padding: 0 1 0 1]
          RenderMathMLTable {mtable} at (1,0) size 81x63
            RenderTableSection (anonymous) at (0,0) size 81x63
              RenderTableRow {mtr} at (0,0) size 81x20
                RenderTableCell {mtd} at (0,0) size 27x20 [r=0 c=0 rs=1 cs=1]
                  RenderMathMLSubSup {msub} at (3,3) size 14x15
                    RenderMathMLBlock (anonymous, flex) at (0,0) size 8x15 [padding: 0 0 5 0]
                      RenderBlock {mi} at (0,0) size 8x9
                        RenderText {#text} at (0,-6) size 8x18
                          text run at (0,-6) width 8: "a"
                    RenderMathMLBlock (anonymous, flex) at (8,4) size 6x11
                      RenderBlock {mn} at (0,0) size 6x10
                        RenderText {#text} at (0,-2) size 6x14
                          text run at (0,-2) width 6: "1"
                RenderTableCell {mtd} at (27,0) size 27x20 [r=0 c=1 rs=1 cs=1]
                  RenderMathMLSubSup {msub} at (3,3) size 20x15
                    RenderMathMLBlock (anonymous, flex) at (0,0) size 8x15 [padding: 0 0 5 0]
                      RenderBlock {mi} at (0,0) size 8x9
                        RenderText {#text} at (0,-6) size 8x18
                          text run at (0,-6) width 8: "a"
                    RenderMathMLBlock (anonymous, flex) at (8,4) size 12x11
                      RenderBlock {mn} at (0,0) size 12x10
                        RenderText {#text} at (0,-2) size 12x14
                          text run at (0,-2) width 12: "12"
                RenderTableCell {mtd} at (54,0) size 27x20 [r=0 c=2 rs=1 cs=1]
                  RenderMathMLSubSup {msub} at (3,3) size 20x15
                    RenderMathMLBlock (anonymous, flex) at (0,0) size 8x15 [padding: 0 0 5 0]
                      RenderBlock {mi} at (0,0) size 8x9
                        RenderText {#text} at (0,-6) size 8x18
                          text run at (0,-6) width 8: "a"
                    RenderMathMLBlock (anonymous, flex) at (8,4) size 12x11
                      RenderBlock {mn} at (0,0) size 12x10
                        RenderText {#text} at (0,-2) size 12x14
                          text run at (0,-2) width 12: "13"
              RenderTableRow {mtr} at (0,20) size 81x23
                RenderTableCell {mtd} at (0,20) size 27x23 [r=1 c=0 rs=1 cs=1]
                  RenderMathMLSubSup {msub} at (3,3) size 20x18
                    RenderMathMLBlock (anonymous, flex) at (0,0) size 8x18 [padding: 0 0 5 0]
                      RenderBlock {mi} at (0,0) size 8x12
                        RenderText {#text} at (0,-3) size 8x18
                          text run at (0,-3) width 8: "b"
                    RenderMathMLBlock (anonymous, flex) at (8,7) size 12x11
                      RenderBlock {mn} at (0,0) size 12x10
                        RenderText {#text} at (0,-2) size 12x14
                          text run at (0,-2) width 12: "21"
                RenderTableCell {mtd} at (27,20) size 27x23 [r=1 c=1 rs=1 cs=1]
                  RenderMathMLSubSup {msub} at (3,3) size 14x18
                    RenderMathMLBlock (anonymous, flex) at (0,0) size 8x18 [padding: 0 0 5 0]
                      RenderBlock {mi} at (0,0) size 8x12
                        RenderText {#text} at (0,-3) size 8x18
                          text run at (0,-3) width 8: "b"
                    RenderMathMLBlock (anonymous, flex) at (8,7) size 6x11
                      RenderBlock {mn} at (0,0) size 6x10
                        RenderText {#text} at (0,-2) size 6x14
                          text run at (0,-2) width 6: "2"
                RenderTableCell {mtd} at (54,20) size 27x23 [r=1 c=2 rs=1 cs=1]
                  RenderMathMLSubSup {msub} at (3,3) size 20x18
                    RenderMathMLBlock (anonymous, flex) at (0,0) size 8x18 [padding: 0 0 5 0]
                      RenderBlock {mi} at (0,0) size 8x12
                        RenderText {#text} at (0,-3) size 8x18
                          text run at (0,-3) width 8: "b"
                    RenderMathMLBlock (anonymous, flex) at (8,7) size 12x11
                      RenderBlock {mn} at (0,0) size 12x10
                        RenderText {#text} at (0,-2) size 12x14
                          text run at (0,-2) width 12: "23"
              RenderTableRow {mtr} at (0,43) size 81x20
                RenderTableCell {mtd} at (0,43) size 27x20 [r=2 c=0 rs=1 cs=1]
                  RenderMathMLSubSup {msub} at (3,3) size 19x15
                    RenderMathMLBlock (anonymous, flex) at (0,0) size 7x15 [padding: 0 0 5 0]
                      RenderBlock {mi} at (0,0) size 7x9
                        RenderText {#text} at (0,-6) size 7x18
                          text run at (0,-6) width 7: "c"
                    RenderMathMLBlock (anonymous, flex) at (7,4) size 12x11
                      RenderBlock {mn} at (0,0) size 12x10
                        RenderText {#text} at (0,-2) size 12x14
                          text run at (0,-2) width 12: "31"
                RenderTableCell {mtd} at (27,43) size 27x20 [r=2 c=1 rs=1 cs=1]
                  RenderMathMLSubSup {msub} at (3,3) size 19x15
                    RenderMathMLBlock (anonymous, flex) at (0,0) size 7x15 [padding: 0 0 5 0]
                      RenderBlock {mi} at (0,0) size 7x9
                        RenderText {#text} at (0,-6) size 7x18
                          text run at (0,-6) width 7: "c"
                    RenderMathMLBlock (anonymous, flex) at (7,4) size 12x11
                      RenderBlock {mn} at (0,0) size 12x10
                        RenderText {#text} at (0,-2) size 12x14
                          text run at (0,-2) width 12: "32"
                RenderTableCell {mtd} at (54,43) size 27x20 [r=2 c=2 rs=1 cs=1]
                  RenderMathMLSubSup {msub} at (3,3) size 13x15
                    RenderMathMLBlock (anonymous, flex) at (0,0) size 7x15 [padding: 0 0 5 0]
                      RenderBlock {mi} at (0,0) size 7x9
                        RenderText {#text} at (0,-6) size 7x18
                          text run at (0,-6) width 7: "c"
                    RenderMathMLBlock (anonymous, flex) at (7,4) size 6x11
                      RenderBlock {mn} at (0,0) size 6x10
                        RenderText {#text} at (0,-2) size 6x14
                          text run at (0,-2) width 6: "3"
          RenderBlock {mtext} at (82,33) size 4x5
            RenderText {#text} at (0,-12) size 4x18
              text run at (0,-12) width 4: ","
          RenderMathMLTable {mtable} at (86,0) size 81x63
            RenderTableSection (anonymous) at (0,0) size 81x63
              RenderTableRow {mtr} at (0,0) size 81x20
                RenderTableCell {mtd} at (0,0) size 27x20 [r=0 c=0 rs=1 cs=1]
                  RenderMathMLSubSup {msub} at (6,3) size 15x15
                    RenderMathMLBlock (anonymous, flex) at (0,0) size 8x15 [padding: 0 0 5 0]
                      RenderBlock {mi} at (0,0) size 8x9
                        RenderText {#text} at (0,-6) size 8x18
                          text run at (0,-6) width 8: "a"
                    RenderMathMLBlock (anonymous, flex) at (8,4) size 6x11
                      RenderBlock {mn} at (0,0) size 6x10
                        RenderText {#text} at (0,-2) size 6x14
                          text run at (0,-2) width 6: "1"
                RenderTableCell {mtd} at (27,0) size 27x20 [r=0 c=1 rs=1 cs=1]
                  RenderMathMLSubSup {msub} at (3,3) size 21x15
                    RenderMathMLBlock (anonymous, flex) at (0,0) size 8x15 [padding: 0 0 5 0]
                      RenderBlock {mi} at (0,0) size 8x9
                        RenderText {#text} at (0,-6) size 8x18
                          text run at (0,-6) width 8: "a"
                    RenderMathMLBlock (anonymous, flex) at (8,4) size 12x11
                      RenderBlock {mn} at (0,0) size 12x10
                        RenderText {#text} at (0,-2) size 12x14
                          text run at (0,-2) width 12: "12"
                RenderTableCell {mtd} at (54,0) size 27x20 [r=0 c=2 rs=1 cs=1]
                  RenderMathMLSubSup {msub} at (3,3) size 21x15
                    RenderMathMLBlock (anonymous, flex) at (0,0) size 8x15 [padding: 0 0 5 0]
                      RenderBlock {mi} at (0,0) size 8x9
                        RenderText {#text} at (0,-6) size 8x18
                          text run at (0,-6) width 8: "a"
                    RenderMathMLBlock (anonymous, flex) at (8,4) size 12x11
                      RenderBlock {mn} at (0,0) size 12x10
                        RenderText {#text} at (0,-2) size 12x14
                          text run at (0,-2) width 12: "13"
              RenderTableRow {mtr} at (0,20) size 81x23
                RenderTableCell {mtd} at (0,20) size 27x23 [r=1 c=0 rs=1 cs=1]
                  RenderMathMLSubSup {msub} at (3,3) size 21x18
                    RenderMathMLBlock (anonymous, flex) at (0,0) size 8x18 [padding: 0 0 5 0]
                      RenderBlock {mi} at (0,0) size 8x12
                        RenderText {#text} at (0,-3) size 8x18
                          text run at (0,-3) width 8: "b"
                    RenderMathMLBlock (anonymous, flex) at (8,7) size 12x11
                      RenderBlock {mn} at (0,0) size 12x10
                        RenderText {#text} at (0,-2) size 12x14
                          text run at (0,-2) width 12: "21"
                RenderTableCell {mtd} at (27,20) size 27x23 [r=1 c=1 rs=1 cs=1]
                  RenderMathMLSubSup {msub} at (6,3) size 15x18
                    RenderMathMLBlock (anonymous, flex) at (0,0) size 8x18 [padding: 0 0 5 0]
                      RenderBlock {mi} at (0,0) size 8x12
                        RenderText {#text} at (0,-3) size 8x18
                          text run at (0,-3) width 8: "b"
                    RenderMathMLBlock (anonymous, flex) at (8,7) size 6x11
                      RenderBlock {mn} at (0,0) size 6x10
                        RenderText {#text} at (0,-2) size 6x14
                          text run at (0,-2) width 6: "2"
                RenderTableCell {mtd} at (54,20) size 27x23 [r=1 c=2 rs=1 cs=1]
                  RenderMathMLSubSup {msub} at (3,3) size 21x18
                    RenderMathMLBlock (anonymous, flex) at (0,0) size 8x18 [padding: 0 0 5 0]
                      RenderBlock {mi} at (0,0) size 8x12
                        RenderText {#text} at (0,-3) size 8x18
                          text run at (0,-3) width 8: "b"
                    RenderMathMLBlock (anonymous, flex) at (8,7) size 12x11
                      RenderBlock {mn} at (0,0) size 12x10
                        RenderText {#text} at (0,-2) size 12x14
                          text run at (0,-2) width 12: "23"
              RenderTableRow {mtr} at (0,43) size 81x20
                RenderTableCell {mtd} at (0,43) size 27x20 [r=2 c=0 rs=1 cs=1]
                  RenderMathMLSubSup {msub} at (4,3) size 19x15
                    RenderMathMLBlock (anonymous, flex) at (0,0) size 7x15 [padding: 0 0 5 0]
                      RenderBlock {mi} at (0,0) size 7x9
                        RenderText {#text} at (0,-6) size 7x18
                          text run at (0,-6) width 7: "c"
                    RenderMathMLBlock (anonymous, flex) at (7,4) size 12x11
                      RenderBlock {mn} at (0,0) size 12x10
                        RenderText {#text} at (0,-2) size 12x14
                          text run at (0,-2) width 12: "31"
                RenderTableCell {mtd} at (27,43) size 27x20 [r=2 c=1 rs=1 cs=1]
                  RenderMathMLSubSup {msub} at (4,3) size 19x15
                    RenderMathMLBlock (anonymous, flex) at (0,0) size 7x15 [padding: 0 0 5 0]
                      RenderBlock {mi} at (0,0) size 7x9
                        RenderText {#text} at (0,-6) size 7x18
                          text run at (0,-6) width 7: "c"
                    RenderMathMLBlock (anonymous, flex) at (7,4) size 12x11
                      RenderBlock {mn} at (0,0) size 12x10
                        RenderText {#text} at (0,-2) size 12x14
                          text run at (0,-2) width 12: "32"
                RenderTableCell {mtd} at (54,43) size 27x20 [r=2 c=2 rs=1 cs=1]
                  RenderMathMLSubSup {msub} at (7,3) size 13x15
                    RenderMathMLBlock (anonymous, flex) at (0,0) size 7x15 [padding: 0 0 5 0]
                      RenderBlock {mi} at (0,0) size 7x9
                        RenderText {#text} at (0,-6) size 7x18
                          text run at (0,-6) width 7: "c"
                    RenderMathMLBlock (anonymous, flex) at (7,4) size 6x11
                      RenderBlock {mn} at (0,0) size 6x10
                        RenderText {#text} at (0,-2) size 6x14
                          text run at (0,-2) width 6: "3"
          RenderBlock {mtext} at (167,33) size 4x5
            RenderText {#text} at (0,-12) size 4x18
              text run at (0,-12) width 4: ","
          RenderMathMLTable {mtable} at (171,0) size 79x63
            RenderTableSection (anonymous) at (0,0) size 79x63
              RenderTableRow {mtr} at (0,0) size 79x20
                RenderTableCell {mtd} at (0,0) size 52x20 [r=0 c=0 rs=2 cs=2]
                  RenderMathMLSubSup {msub} at (35,3) size 14x15
                    RenderMathMLBlock (anonymous, flex) at (0,0) size 8x15 [padding: 0 0 5 0]
                      RenderBlock {mi} at (0,0) size 8x9
                        RenderText {#text} at (0,-6) size 8x18
                          text run at (0,-6) width 8: "a"
                    RenderMathMLBlock (anonymous, flex) at (8,4) size 6x11
                      RenderBlock {mn} at (0,0) size 6x10
                        RenderText {#text} at (0,-2) size 6x14
                          text run at (0,-2) width 6: "1"
                RenderTableCell {mtd} at (52,0) size 27x20 [r=0 c=2 rs=1 cs=1]
                  RenderMathMLSubSup {msub} at (4,3) size 20x15
                    RenderMathMLBlock (anonymous, flex) at (0,0) size 8x15 [padding: 0 0 5 0]
                      RenderBlock {mi} at (0,0) size 8x9
                        RenderText {#text} at (0,-6) size 8x18
                          text run at (0,-6) width 8: "a"
                    RenderMathMLBlock (anonymous, flex) at (8,4) size 12x11
                      RenderBlock {mn} at (0,0) size 12x10
                        RenderText {#text} at (0,-2) size 12x14
                          text run at (0,-2) width 12: "13"
              RenderTableRow {mtr} at (0,20) size 79x23
                RenderTableCell {mtd} at (52,20) size 27x23 [r=1 c=2 rs=1 cs=1]
                  RenderMathMLSubSup {msub} at (4,3) size 20x18
                    RenderMathMLBlock (anonymous, flex) at (0,0) size 8x18 [padding: 0 0 5 0]
                      RenderBlock {mi} at (0,0) size 8x12
                        RenderText {#text} at (0,-3) size 8x18
                          text run at (0,-3) width 8: "b"
                    RenderMathMLBlock (anonymous, flex) at (8,7) size 12x11
                      RenderBlock {mn} at (0,0) size 12x10
                        RenderText {#text} at (0,-2) size 12x14
                          text run at (0,-2) width 12: "23"
              RenderTableRow {mtr} at (0,43) size 79x20
                RenderTableCell {mtd} at (0,43) size 26x20 [r=2 c=0 rs=1 cs=1]
                  RenderMathMLSubSup {msub} at (4,3) size 19x15
                    RenderMathMLBlock (anonymous, flex) at (0,0) size 7x15 [padding: 0 0 5 0]
                      RenderBlock {mi} at (0,0) size 7x9
                        RenderText {#text} at (0,-6) size 7x18
                          text run at (0,-6) width 7: "c"
                    RenderMathMLBlock (anonymous, flex) at (7,4) size 12x11
                      RenderBlock {mn} at (0,0) size 12x10
                        RenderText {#text} at (0,-2) size 12x14
                          text run at (0,-2) width 12: "31"
                RenderTableCell {mtd} at (26,43) size 26x20 [r=2 c=1 rs=1 cs=1]
                  RenderMathMLSubSup {msub} at (4,3) size 19x15
                    RenderMathMLBlock (anonymous, flex) at (0,0) size 7x15 [padding: 0 0 5 0]
                      RenderBlock {mi} at (0,0) size 7x9
                        RenderText {#text} at (0,-6) size 7x18
                          text run at (0,-6) width 7: "c"
                    RenderMathMLBlock (anonymous, flex) at (7,4) size 12x11
                      RenderBlock {mn} at (0,0) size 12x10
                        RenderText {#text} at (0,-2) size 12x14
                          text run at (0,-2) width 12: "32"
                RenderTableCell {mtd} at (52,43) size 27x20 [r=2 c=2 rs=1 cs=1]
                  RenderMathMLSubSup {msub} at (11,3) size 13x15
                    RenderMathMLBlock (anonymous, flex) at (0,0) size 7x15 [padding: 0 0 5 0]
                      RenderBlock {mi} at (0,0) size 7x9
                        RenderText {#text} at (0,-6) size 7x18
                          text run at (0,-6) width 7: "c"
                    RenderMathMLBlock (anonymous, flex) at (7,4) size 6x11
                      RenderBlock {mn} at (0,0) size 6x10
                        RenderText {#text} at (0,-2) size 6x14
                          text run at (0,-2) width 6: "3"
        RenderText {#text} at (0,0) size 0x0
