layer at (0,0) size 800x600
  RenderView at (0,0) size 800x600
layer at (0,0) size 800x224
  RenderBlock {html} at (0,0) size 800x224
    RenderBody {body} at (8,16) size 784x192
      RenderBlock {p} at (0,0) size 784x28
        RenderText {#text} at (0,6) size 92x18
          text run at (0,6) width 92: "under & over: "
        RenderMathMLMath {math} at (92,0) size 14x28 [padding: 0 1 0 1]
          RenderMathMLUnderOver {munderover} at (1,0) size 12x28
            RenderBlock {mi} at (0,9) size 12x12
              RenderText {#text} at (0,-3) size 10x18
                text run at (0,-3) width 10: "B"
            RenderBlock {mi} at (2,21) size 7x7
              RenderText {#text} at (0,-5) size 5x14
                text run at (0,-5) width 5: "x"
            RenderBlock {mi} at (2,0) size 7x9
              RenderText {#text} at (0,-5) size 5x14
                text run at (0,-5) width 5: "y"
        RenderText {#text} at (0,0) size 0x0
      RenderBlock {p} at (0,44) size 784x30
        RenderText {#text} at (0,6) size 92x18
          text run at (0,6) width 92: "under & over: "
        RenderMathMLMath {math} at (92,0) size 14x30 [padding: 0 1 0 1]
          RenderMathMLUnderOver {munderover} at (1,0) size 12x30
            RenderBlock {mi} at (0,9) size 12x12
              RenderText {#text} at (0,-3) size 10x18
                text run at (0,-3) width 10: "B"
            RenderBlock {mi} at (1,21) size 9x9
              RenderText {#text} at (0,-3) size 7x14
                text run at (0,-3) width 7: "X"
            RenderBlock {mi} at (2,0) size 7x9
              RenderText {#text} at (0,-5) size 5x14
                text run at (0,-5) width 5: "y"
        RenderText {#text} at (0,0) size 0x0
      RenderBlock {p} at (0,90) size 784x43
        RenderText {#text} at (0,16) size 92x18
          text run at (0,16) width 92: "under & over: "
        RenderMathMLMath {math} at (92,0) size 27x43 [padding: 0 1 0 1]
          RenderMathMLUnderOver {munderover} at (1,0) size 25x43
            RenderMathMLOperator {mo} at (3,11) size 18x22
              RenderMathMLBlock (flex) {mo} at (0,0) size 17x22
                RenderBlock (anonymous) at (0,0) size 17x22
                  RenderText {mo} at (0,-7) size 17x33
                    text run at (0,-7) width 17: "\x{2211}"
            RenderMathMLRow {mrow} at (0,33) size 24x10
              RenderBlock {mi} at (0,1) size 5x9
                RenderText {#text} at (0,-3) size 3x14
                  text run at (0,-3) width 3: "i"
              RenderMathMLOperator {mo} at (6,2) size 8x8
                RenderMathMLBlock (flex) {mo} at (0,0) size 7x8
                  RenderBlock (anonymous) at (0,0) size 7x8
                    RenderText {mo} at (0,-6) size 7x16
                      text run at (0,-6) width 7: "="
              RenderBlock {mi} at (15,0) size 9x10
                RenderText {#text} at (0,-2) size 6x14
                  text run at (0,-2) width 6: "0"
            RenderMathMLRow {mrow} at (0,0) size 25x11
              RenderBlock {mi} at (0,2) size 7x7
                RenderText {#text} at (0,-5) size 5x14
                  text run at (0,-5) width 5: "x"
              RenderMathMLOperator {mo} at (8,0) size 8x9
                RenderMathMLBlock (flex) {mo} at (0,0) size 7x9
                  RenderBlock (anonymous) at (0,0) size 7x9
                    RenderText {mo} at (0,-5) size 7x16
                      text run at (0,-5) width 7: "+"
              RenderBlock {mi} at (17,2) size 8x9
                RenderText {#text} at (0,-5) size 5x14
                  text run at (0,-5) width 5: "y"
        RenderText {#text} at (0,0) size 0x0
      RenderBlock {p} at (0,149) size 784x43
        RenderText {#text} at (0,16) size 92x18
          text run at (0,16) width 92: "under & over: "
        RenderMathMLMath {math} at (92,0) size 29x43 [padding: 0 1 0 1]
          RenderMathMLUnderOver {munderover} at (1,0) size 27x43
            RenderMathMLOperator {mo} at (4,11) size 18x22
              RenderMathMLBlock (flex) {mo} at (0,0) size 17x22
                RenderBlock (anonymous) at (0,0) size 17x22
                  RenderText {mo} at (0,-7) size 17x33
                    text run at (0,-7) width 17: "\x{2211}"
            RenderMathMLRow {mrow} at (1,33) size 25x10
              RenderBlock {mi} at (0,1) size 6x9
                RenderText {#text} at (0,-3) size 4x14
                  text run at (0,-3) width 4: "I"
              RenderMathMLOperator {mo} at (7,2) size 8x8
                RenderMathMLBlock (flex) {mo} at (0,0) size 7x8
                  RenderBlock (anonymous) at (0,0) size 7x8
                    RenderText {mo} at (0,-6) size 7x16
                      text run at (0,-6) width 7: "="
              RenderBlock {mi} at (16,0) size 9x10
                RenderText {#text} at (0,-2) size 6x14
                  text run at (0,-2) width 6: "0"
            RenderMathMLRow {mrow} at (0,0) size 27x11
              RenderBlock {mi} at (0,0) size 9x9
                RenderText {#text} at (0,-3) size 7x14
                  text run at (0,-3) width 7: "X"
              RenderMathMLOperator {mo} at (10,0) size 8x9
                RenderMathMLBlock (flex) {mo} at (0,0) size 7x9
                  RenderBlock (anonymous) at (0,0) size 7x9
                    RenderText {mo} at (0,-5) size 7x16
                      text run at (0,-5) width 7: "+"
              RenderBlock {mi} at (19,2) size 8x9
                RenderText {#text} at (0,-5) size 5x14
                  text run at (0,-5) width 5: "y"
        RenderText {#text} at (0,0) size 0x0
