CONSOLE MESSAGE: line 1: Uncaught SyntaxError: Unexpected token <
layer at (0,0) size 800x600
  RenderView at (0,0) size 800x600
layer at (0,0) size 800x600
  RenderBlock {HTML} at (0,0) size 800x600
    RenderBody {BODY} at (8,8) size 784x584
      RenderText {#text} at (0,0) size 275x18
        text run at (0,0) width 112: "TEST PASSED. "
        text run at (112,0) width 163: "This text should show up."
