layer at (0,0) size 800x600
  RenderView at (0,0) size 800x600
layer at (0,0) size 800x82
  RenderBlock {HTML} at (0,0) size 800x82
    RenderBody {BODY} at (8,16) size 784x58
      RenderBlock {P} at (0,0) size 784x21
        RenderText {#text} at (0,0) size 464x21
          text run at (0,0) width 464: "Test passes if there is an orange box with rounded corners below."
      RenderBlock (anonymous) at (0,37) size 784x21
        RenderInline {DIV} at (0,0) size 101x51 [color=#FFA500] [bgcolor=#FFA500]
          RenderText {#text} at (15,0) size 71x21
            text run at (15,0) width 71: "Filler Text"
        RenderText {#text} at (0,0) size 0x0
