layer at (0,0) size 800x600
  RenderView at (0,0) size 800x600
layer at (0,0) size 800x111
  RenderBlock {HTML} at (0,0) size 800x111
    RenderBody {BODY} at (8,16) size 784x87
      RenderBlock {P} at (0,0) size 784x21
        RenderText {#text} at (0,0) size 345x21
          text run at (0,0) width 345: "Test passes if there is no red visible on the page."
      RenderBlock {DIV} at (0,37) size 100x100
      RenderBlock {DIV} at (0,37) size 50x50 [bgcolor=#000000]
