layer at (0,0) size 784x689
  RenderView at (0,0) size 784x600
layer at (0,0) size 784x689
  RenderBlock {HTML} at (0,0) size 784x689
    RenderBody {BODY} at (8,16) size 768x663
      RenderBlock {P} at (0,0) size 768x21
        RenderText {#text} at (0,0) size 436x21
          text run at (0,0) width 436: "Test passes if the content of the three black boxes is identical."
      RenderBlock {DIV} at (10,37) size 298x202 [border: (5px solid #000000)]
      RenderBlock {DIV} at (10,249) size 298x202 [border: (5px solid #000000)]
      RenderBlock {DIV} at (10,461) size 298x202 [border: (5px solid #000000)]
