layer at (0,0) size 800x600
  RenderView at (0,0) size 800x600
layer at (0,0) size 800x333
  RenderBlock {HTML} at (0,0) size 800x333
    RenderBody {BODY} at (8,16) size 784x309
      RenderBlock {P} at (0,0) size 784x21
        RenderText {#text} at (0,0) size 345x21
          text run at (0,0) width 345: "Test passes if there is no red visible on the page."
      RenderBlock {SPAN} at (0,37) size 272x272 [bgcolor=#FF0000] [border: (20px solid #000000)]
