layer at (0,0) size 800x600
  RenderView at (0,0) size 800x600
layer at (0,0) size 800x202
  RenderBlock {HTML} at (0,0) size 800x202
    RenderBody {BODY} at (8,16) size 784x178
      RenderBlock {P} at (0,0) size 784x21
        RenderText {#text} at (0,0) size 345x21
          text run at (0,0) width 345: "Test passes if there is no red visible on the page."
      RenderBlock (anonymous) at (0,37) size 784x141
        RenderImage {IMG} at (0,0) size 136x136 [border: (10px solid #000000)]
        RenderText {#text} at (0,0) size 0x0
