layer at (0,0) size 800x600
  RenderView at (0,0) size 800x600
layer at (0,0) size 800x289
  RenderBlock {HTML} at (0,0) size 800x289
    RenderBody {BODY} at (8,16) size 784x265
      RenderBlock {P} at (0,0) size 784x19
        RenderText {#text} at (0,0) size 492x19
          text run at (0,0) width 492: "Test passes if the box has rounded corners and there is no red visible on the page."
      RenderBlock {DIV} at (0,35) size 230x230 [border: (19px solid #FF0000)]
      RenderBlock {DIV} at (0,35) size 230x230 [border: (19px solid #008000)]
