layer at (0,0) size 800x600
  RenderView at (0,0) size 800x600
layer at (0,0) size 800x168
  RenderBlock {HTML} at (0,0) size 800x168
    RenderBody {BODY} at (8,16) size 784x144
      RenderBlock {P} at (0,0) size 784x21
        RenderText {#text} at (0,0) size 401x21
          text run at (0,0) width 401: "Test passes if there is a box with rounded corners below."
      RenderBlock (anonymous) at (0,37) size 784x107
        RenderBlock {DIV} at (0,0) size 102x102 [border: (3px solid #008000)]
        RenderText {#text} at (0,0) size 0x0
