layer at (0,0) size 800x600
  RenderView at (0,0) size 800x600
layer at (0,0) size 800x291
  RenderBlock {HTML} at (0,0) size 800x291
    RenderBody {BODY} at (8,16) size 784x267
      RenderBlock {P} at (0,0) size 784x21
        RenderText {#text} at (0,0) size 520x21
          text run at (0,0) width 520: "Test passes if there is a box below with solid border and rounded corners."
      RenderBlock {DIV} at (0,37) size 230x230 [border: (19px solid #000000)]
