layer at (0,0) size 800x600
  RenderView at (0,0) size 800x600
layer at (0,0) size 800x251
  RenderBlock {HTML} at (0,0) size 800x251
    RenderBody {BODY} at (8,16) size 784x227
      RenderBlock {P} at (0,0) size 784x19
        RenderText {#text} at (0,0) size 577x19
          text run at (0,0) width 577: "Test passes if there is a black box below with rounded corners and no red is visible on the page."
      RenderBlock {DIV} at (0,35) size 192x192 [bgcolor=#000000]
