layer at (0,0) size 800x600
  RenderView at (0,0) size 800x600
layer at (0,0) size 800x312
  RenderBlock {HTML} at (0,0) size 800x312
    RenderBody {BODY} at (8,16) size 784x288
      RenderBlock {P} at (0,0) size 784x42
        RenderText {#text} at (0,0) size 775x42
          text run at (0,0) width 775: "Test passes if there is a rounded border with purple dots on the top, green on the right side, blue on the bottom"
          text run at (0,21) width 211: "side, and grey on the left side."
      RenderBlock {DIV} at (0,58) size 230x230 [border: (19px dotted #800080) (19px dotted #008000) (19px dotted #0000FF) (19px dotted #808080)]
