layer at (0,0) size 800x600
  RenderView at (0,0) size 800x600
layer at (0,0) size 800x301
  RenderBlock {HTML} at (0,0) size 800x301
    RenderBody {BODY} at (8,16) size 784x277
      RenderBlock {P} at (0,0) size 784x21
        RenderText {#text} at (0,0) size 535x21
          text run at (0,0) width 535: "Test passes if there is a box below with double border and rounded corners."
      RenderBlock {DIV} at (0,37) size 340x240 [border: (70px double #000000)]
