layer at (0,0) size 800x600
  RenderView at (0,0) size 800x600
layer at (0,0) size 800x291
  RenderBlock {HTML} at (0,0) size 800x291
    RenderBody {BODY} at (8,16) size 784x267
      RenderBlock {P} at (0,0) size 784x21
        RenderText {#text} at (0,0) size 539x21
          text run at (0,0) width 539: "Test passes if there is a box below with dashed border and rounded corners."
      RenderBlock {DIV} at (0,37) size 230x230 [border: (19px dashed #000000)]
