layer at (0,0) size 800x600
  RenderView at (0,0) size 800x600
layer at (0,0) size 800x341
  RenderBlock {HTML} at (0,0) size 800x341
    RenderBody {BODY} at (8,16) size 784x315
      RenderBlock {P} at (0,0) size 784x21
        RenderText {#text} at (0,0) size 295x21
          text run at (0,0) width 295: "Test passes if the two boxes are identical."
      RenderBlock {DIV} at (10,37) size 134x134 [border: (19px solid #000000)]
      RenderBlock {DIV} at (10,181) size 134x134 [border: (19px solid #000000)]
