layer at (0,0) size 800x600
  RenderView at (0,0) size 800x600
layer at (0,0) size 800x293
  RenderBlock {HTML} at (0,0) size 800x293
    RenderBody {BODY} at (8,16) size 784x269
      RenderBlock {P} at (0,0) size 784x21
        RenderText {#text} at (0,0) size 350x21
          text run at (0,0) width 350: "Test passes if two drawings are exactly the same."
      RenderBlock {DIV} at (0,37) size 96x96
      RenderBlock {DIV} at (0,37) size 96x96
      RenderBlock {DIV} at (0,37) size 96x96
      RenderBlock {DIV} at (0,173) size 96x96
