layer at (0,0) size 800x600
  RenderView at (0,0) size 800x600
layer at (0,0) size 800x161
  RenderBlock {HTML} at (0,0) size 800x161
    RenderBody {BODY} at (8,16) size 784x137
      RenderBlock {P} at (0,0) size 784x21
        RenderText {#text} at (0,0) size 345x21
          text run at (0,0) width 345: "Test passes if there is no red visible on the page."
      RenderBlock {DIV} at (40,37) size 120x120 [bgcolor=#FF0000]
      RenderBlock {DIV} at (0,37) size 100x100 [bgcolor=#000000]
