layer at (0,0) size 800x600
  RenderView at (0,0) size 800x600
layer at (0,0) size 800x311
  RenderBlock {HTML} at (0,0) size 800x311
    RenderBody {BODY} at (8,16) size 784x287
      RenderBlock {P} at (0,0) size 784x21
        RenderText {#text} at (0,0) size 544x21
          text run at (0,0) width 544: "Test passes if blue, orange and white boxes are visible on a larger black box."
      RenderBlock {DIV} at (0,37) size 250x250 [bgcolor=#000000]
