layer at (0,0) size 800x600
  RenderView at (0,0) size 800x600
layer at (0,0) size 800x600
  RenderBlock {HTML} at (0,0) size 800x600
    RenderBody {BODY} at (8,8) size 784x584
      RenderBlock (floating) {DIV} at (15,15) size 249x115 [border: (2px solid #000000)]
        RenderText {#text} at (2,17) size 101x14
          text run at (2,17) width 101: "This text should snap"
        RenderBR {BR} at (103,28) size 0x0
        RenderText {#text} at (2,58) size 113x14
          text run at (2,58) width 113: "to a 36px font-size grid."
        RenderBR {BR} at (115,69) size 0x0
        RenderText {#text} at (2,99) size 245x14
          text run at (2,99) width 245: "There should be lots of spacing between these lines."
      RenderBlock (floating) {DIV} at (274,15) size 199x76 [border: (2px solid #000000)]
        RenderText {#text} at (2,10) size 173x23
          text run at (2,10) width 173: "This text should snap"
        RenderBR {BR} at (175,28) size 0x0
        RenderText {#text} at (2,51) size 195x23
          text run at (2,51) width 195: "to a 36px font-size grid."
        RenderBR {BR} at (197,69) size 0x0
      RenderText {#text} at (478,10) size 756x246
        text run at (478,10) width 288: "Here we can see the"
        text run at (478,51) width 255: "actual lines of the"
        text run at (478,92) width 263: "grid outside of the"
        text run at (269,133) width 401: "floating objects. Everything"
        text run at (10,174) width 717: "should be aligned to these lines, including what is"
        text run at (10,215) width 300: "inside the two floats."
