layer at (0,0) size 800x600
  RenderView at (0,0) size 800x600
layer at (0,0) size 800x600
  RenderBlock {HTML} at (0,0) size 800x600
    RenderBody {BODY} at (8,8) size 784x576
      RenderBlock (anonymous) at (0,0) size 784x44
        RenderText {#text} at (0,0) size 728x44
          text run at (0,0) width 514: "This tests whether alt text is shown for image-type form input elements with "
          text run at (514,0) width 214: "no src attribute. You should see"
          text run at (0,22) width 309: "\"Success\" twice, followed by a blue rectangle."
      RenderBlock {P} at (0,60) size 784x0
      RenderBlock {FORM} at (0,60) size 784x99
        RenderImage {INPUT} at (0,0) size 51x22
        RenderBR {BR} at (51,22) size 0x0
        RenderImage {INPUT} at (0,22) size 102x52 [border: (1px solid #000000)]
        RenderBR {BR} at (102,74) size 0x0
        RenderImage {INPUT} at (0,74) size 75x25
        RenderBR {BR} at (75,99) size 0x0
