layer at (0,0) size 784x617
  RenderView at (0,0) size 784x600
layer at (0,0) size 784x617
  RenderBlock {HTML} at (0,0) size 784x617
    RenderBody {BODY} at (8,8) size 768x601
      RenderBlock {P} at (0,0) size 768x19
        RenderText {#text} at (0,0) size 495x19
          text run at (0,0) width 495: "Testing masks on compositing layers. Left and right columns should look the same."
      RenderBlock (anonymous) at (0,35) size 768x566
        RenderBlock {DIV} at (0,0) size 262x562 [border: (1px solid #000000)]
        RenderText {#text} at (262,547) size 4x19
          text run at (262,547) width 4: " "
        RenderBlock {DIV} at (266,0) size 262x562 [border: (1px solid #000000)]
        RenderText {#text} at (0,0) size 0x0
layer at (39,74) size 200x200
  RenderBlock (relative positioned) {DIV} at (31,31) size 200x200 [bgcolor=#6464FFCC] [border: (10px solid #000000)]
layer at (305,74) size 200x200
  RenderBlock (relative positioned) {DIV} at (31,31) size 200x200 [bgcolor=#6464FFCC] [border: (10px solid #000000)]
