layer at (0,0) size 800x600
  RenderView at (0,0) size 800x600
layer at (0,0) size 800x600
  RenderBlock {HTML} at (0,0) size 800x600
    RenderBody {BODY} at (8,8) size 784x584
      RenderBlock (anonymous) at (0,0) size 784x38
        RenderText {#text} at (0,0) size 769x38
          text run at (0,0) width 769: "The two lime squares below should look like mirror images (with a blue rectangle filling half the left square on the left and half the"
          text run at (0,19) width 150: "right square on the right)."
layer at (8,46) size 200x200
  RenderBlock {DIV} at (0,38) size 200x200 [bgcolor=#00FF00]
layer at (8,46) size 100x100
  RenderBlock {DIV} at (0,0) size 100x100 [bgcolor=#0000FF]
