layer at (0,0) size 800x600
  RenderView at (0,0) size 800x600
layer at (0,0) size 800x600
  RenderBlock {HTML} at (0,0) size 800x600
    RenderBody {BODY} at (0,20) size 800x580
layer at (360,20) size 170x200
  RenderBlock {DIV} at (360,0) size 170x200 [border: (20px solid #C0C0C0) none]
    RenderText {#text} at (20,0) size 114x185
      text run at (20,0) width 170: "Lorem ipsum dolor sit"
      text run at (39,0) width 143: "amet, consectetur"
      text run at (58,0) width 185: "adipiscing elit. Curabitur"
      text run at (77,0) width 184: "neque elit, pulvinar eget"
      text run at (96,0) width 88: "lobortis at, "
      text run at (96,88) width 86: "convallis ut"
      text run at (115,0) width 56: "lectus. "
    RenderText {#text} at (115,122) size 188x199
      text run at (115,122) width 77: " vulputate"
      text run at (134,0) width 175: "tincidunt leo, eu varius"
      text run at (170,0) width 167: "nunc ullamcorper vel."
      text run at (189,0) width 167: "Integer nec dolor sed"
      text run at (208,0) width 162: "ante pharetra lacinia."
      text run at (227,0) width 184: "Integer dignissim iaculis"
      text run at (246,0) width 194: "nulla et rutrum. Praesent"
      text run at (265,0) width 136: "pretium euismod "
      text run at (265,136) width 63: "est eget"
      text run at (284,0) width 63: "laoreet. "
    RenderText {#text} at (284,119) size 355x198
      text run at (284,119) width 64: " suscipit"
      text run at (320,0) width 194: "suscipit elementum. Duis"
      text run at (339,0) width 99: "consectetur "
      text run at (339,99) width 61: "pulvinar"
      text run at (358,0) width 165: "tempor. In mi sapien,"
      text run at (377,0) width 193: "malesuada vitae posuere"
      text run at (396,0) width 107: "ut, adipiscing "
      text run at (396,107) width 56: "id odio."
      text run at (415,0) width 198: "Integer est mi, luctus sed"
      text run at (434,0) width 177: "cursus in, cursus vitae"
      text run at (470,0) width 87: "urna. Nam "
      text run at (470,87) width 94: "consectetur"
      text run at (489,0) width 180: "orci tempor nibh iaculis"
      text run at (508,0) width 197: "eu dignissim odio laoreet."
      text run at (527,0) width 63: "Aenean "
      text run at (527,63) width 58: "congue"
      text run at (546,0) width 158: "fermentum nibh sed"
      text run at (565,0) width 166: "malesuada. Curabitur"
      text run at (584,0) width 160: "enim leo, porttitor ut"
      text run at (620,0) width 100: "interdum et, "
    RenderText {#text} at (620,161) size 38x182
      text run at (620,161) width 21: " ut"
      text run at (639,0) width 49: "lorem."
layer at (360,20) size 19x66
  RenderInline (relative positioned) {SPAN} at (0,0) size 19x66 [bgcolor=#FFFF00]
    RenderText {#text} at (115,56) size 19x66
      text run at (115,56) width 66: "Vivamus"
layer at (360,20) size 19x56
  RenderInline (relative positioned) {SPAN} at (0,0) size 19x56 [bgcolor=#FFFF00]
    RenderText {#text} at (284,63) size 19x56
      text run at (284,63) width 56: "Integer"
