layer at (0,0) size 800x600
  RenderView at (0,0) size 800x600
layer at (0,0) size 800x600
  RenderBlock {HTML} at (0,0) size 800x600
    RenderBody {BODY} at (0,360) size 800x240
layer at (20,360) size 200x170
  RenderBlock {DIV} at (20,0) size 200x170 [border: (20px solid #C0C0C0) none]
    RenderText {#text} at (0,20) size 185x114
      text run at (0,20) width 170: "Lorem ipsum dolor sit"
      text run at (0,39) width 143: "amet, consectetur"
      text run at (0,58) width 185: "adipiscing elit. Curabitur"
      text run at (0,77) width 184: "neque elit, pulvinar eget"
      text run at (0,96) width 88: "lobortis at, "
      text run at (88,96) width 86: "convallis ut"
      text run at (0,115) width 56: "lectus. "
    RenderText {#text} at (122,115) size 199x188
      text run at (122,115) width 77: " vulputate"
      text run at (0,134) width 175: "tincidunt leo, eu varius"
      text run at (0,170) width 167: "nunc ullamcorper vel."
      text run at (0,189) width 167: "Integer nec dolor sed"
      text run at (0,208) width 162: "ante pharetra lacinia."
      text run at (0,227) width 184: "Integer dignissim iaculis"
      text run at (0,246) width 194: "nulla et rutrum. Praesent"
      text run at (0,265) width 136: "pretium euismod "
      text run at (136,265) width 63: "est eget"
      text run at (0,284) width 63: "laoreet. "
    RenderText {#text} at (119,284) size 198x355
      text run at (119,284) width 64: " suscipit"
      text run at (0,320) width 194: "suscipit elementum. Duis"
      text run at (0,339) width 99: "consectetur "
      text run at (99,339) width 61: "pulvinar"
      text run at (0,358) width 165: "tempor. In mi sapien,"
      text run at (0,377) width 193: "malesuada vitae posuere"
      text run at (0,396) width 107: "ut, adipiscing "
      text run at (107,396) width 56: "id odio."
      text run at (0,415) width 198: "Integer est mi, luctus sed"
      text run at (0,434) width 177: "cursus in, cursus vitae"
      text run at (0,470) width 87: "urna. Nam "
      text run at (87,470) width 94: "consectetur"
      text run at (0,489) width 180: "orci tempor nibh iaculis"
      text run at (0,508) width 197: "eu dignissim odio laoreet."
      text run at (0,527) width 63: "Aenean "
      text run at (63,527) width 58: "congue"
      text run at (0,546) width 158: "fermentum nibh sed"
      text run at (0,565) width 166: "malesuada. Curabitur"
      text run at (0,584) width 160: "enim leo, porttitor ut"
      text run at (0,620) width 100: "interdum et, "
    RenderText {#text} at (161,620) size 182x38
      text run at (161,620) width 21: " ut"
      text run at (0,639) width 49: "lorem."
layer at (20,360) size 66x19
  RenderInline (relative positioned) {SPAN} at (0,0) size 66x19 [bgcolor=#FFFF00]
    RenderText {#text} at (56,115) size 66x19
      text run at (56,115) width 66: "Vivamus"
layer at (20,360) size 56x19
  RenderInline (relative positioned) {SPAN} at (0,0) size 56x19 [bgcolor=#FFFF00]
    RenderText {#text} at (63,284) size 56x19
      text run at (63,284) width 56: "Integer"
