layer at (0,0) size 784x1200
  RenderView at (0,0) size 784x600
layer at (0,-322) size 784x922 backgroundClip at (0,0) size 784x1200 clip at (0,0) size 784x1200 outlineClip at (0,0) size 784x1200
  RenderBlock {HTML} at (0,0) size 784x922
    RenderBody {BODY} at (8,8) size 768x906
      RenderBlock {DIV} at (0,0) size 768x906 [border: (3px solid #000000)]
        RenderBR {BR} at (3,3) size 0x59
        RenderBR {BR} at (3,62) size 0x59
        RenderBR {BR} at (3,121) size 0x59
        RenderBR {BR} at (3,180) size 0x59
        RenderBR {BR} at (3,239) size 0x59
        RenderBR {BR} at (3,298) size 0x59
        RenderBR {BR} at (3,357) size 0x59
        RenderBR {BR} at (3,416) size 0x59
        RenderBR {BR} at (3,475) size 0x59
        RenderBR {BR} at (3,592) size 0x59
        RenderText {#text} at (3,651) size 160x59
          text run at (3,651) width 160: "Lorem"
        RenderBR {BR} at (163,663) size 0x0
        RenderInline {SPAN} at (0,0) size 153x59 [color=#FF0000]
          RenderText {#text} at (3,710) size 153x59
            text run at (3,710) width 153: "ipsum"
          RenderBR {BR} at (156,722) size 0x0
