layer at (0,0) size 1600x584
  RenderView at (0,0) size 800x584
layer at (0,0) size 800x922 backgroundClip at (0,0) size 1600x584 clip at (0,0) size 1600x584 outlineClip at (0,0) size 1600x584
  RenderBlock {HTML} at (0,0) size 800x922
    RenderBody {BODY} at (8,8) size 784x906
      RenderBlock {DIV} at (0,0) size 784x906 [border: (3px solid #000000)]
        RenderBR {BR} at (3,3) size 0x59
        RenderBR {BR} at (3,62) size 0x59
        RenderBR {BR} at (3,121) size 0x59
        RenderBR {BR} at (3,180) size 0x59
        RenderBR {BR} at (3,239) size 0x59
        RenderBR {BR} at (3,298) size 0x59
        RenderBR {BR} at (3,357) size 0x59
        RenderBR {BR} at (3,416) size 0x59
        RenderBR {BR} at (3,475) size 0x59
        RenderBR {BR} at (3,576) size 0x59
        RenderText {#text} at (3,635) size 160x59
          text run at (3,635) width 160: "Lorem"
        RenderBR {BR} at (163,682) size 0x0
        RenderInline {SPAN} at (0,0) size 153x59 [color=#FF0000]
          RenderText {#text} at (3,694) size 153x59
            text run at (3,694) width 153: "ipsum"
          RenderBR {BR} at (156,741) size 0x0
