layer at (0,0) size 800x600
  RenderView at (0,0) size 800x600
layer at (0,0) size 800x50
  RenderBlock {html:html} at (0,0) size 800x50
    RenderBody {html:body} at (8,16) size 784x18
      RenderBlock {html:p} at (0,0) size 784x18
        RenderText {#text} at (0,0) size 20x19
          text run at (0,0) width 20: "bar"
