layer at (0,0) size 800x600
  RenderView at (0,0) size 800x600
layer at (0,0) size 800x600
  RenderBlock {HTML} at (0,0) size 800x600
    RenderBody {BODY} at (8,8) size 784x584
      RenderBlock {P} at (0,0) size 784x20
        RenderText {#text} at (0,0) size 53x19
          text run at (0,0) width 53: "Test for "
        RenderInline {I} at (0,0) size 695x19
          RenderInline {A} at (0,0) size 294x19 [color=#0000EE]
            RenderText {#text} at (53,0) size 294x19
              text run at (53,0) width 294: "http://bugs.webkit.org/show_bug.cgi?id=13800"
          RenderText {#text} at (347,0) size 401x19
            text run at (347,0) width 4: " "
            text run at (351,0) width 397: "REGRESSION: Moving a slider moves another unrelated slider"
        RenderText {#text} at (748,0) size 4x19
          text run at (748,0) width 4: "."
      RenderBlock {P} at (0,34) size 784x19
        RenderText {#text} at (0,0) size 281x19
          text run at (0,0) width 281: "The first slider\x{2019}s thumb should be on the left."
      RenderBlock {DIV} at (0,67) size 784x46
        RenderSlider {INPUT} at (2,2) size 129x19 [bgcolor=#FFFFFF]
        RenderBR {BR} at (133,21) size 0x0
        RenderSlider {INPUT} at (2,25) size 129x19 [bgcolor=#FFFFFF]
        RenderText {#text} at (0,0) size 0x0
layer at (10,86) size 129x19
  RenderBlock (relative positioned) {DIV} at (0,0) size 129x19
layer at (10,109) size 129x19
  RenderBlock (relative positioned) {DIV} at (0,0) size 129x19
