layer at (0,0) size 800x600
  RenderView at (0,0) size 800x600
layer at (0,0) size 800x600
  RenderBlock {HTML} at (0,0) size 800x600
    RenderBody {BODY} at (8,8) size 784x584
      RenderBlock {P} at (0,0) size 784x19
        RenderText {#text} at (0,0) size 231x19
          text run at (0,0) width 231: "This tests styling of the slider thumb."
      RenderBlock {P} at (0,33) size 784x19
        RenderText {#text} at (0,0) size 262x19
          text run at (0,0) width 262: "You should see a green 20\x{D7}20px square."
      RenderBlock (anonymous) at (0,66) size 784x24
        RenderSlider {INPUT} at (2,2) size 129x20 [bgcolor=#FFFFFF]
        RenderText {#text} at (0,0) size 0x0
        RenderText {#text} at (0,0) size 0x0
        RenderText {#text} at (0,0) size 0x0
layer at (10,76) size 20x20
  RenderBlock (relative positioned) {DIV} at (0,0) size 20x20 [bgcolor=#008000]
