layer at (0,0) size 785x1284
  RenderView at (0,0) size 785x600
layer at (0,0) size 785x1284
  RenderBlock {HTML} at (0,0) size 785x1284
    RenderBody {BODY} at (8,17) size 769x1259 [color=#00FF00] [bgcolor=#333333]
      RenderBlock {H1} at (0,0) size 769x30
        RenderText {#text} at (0,0) size 528x30
          text run at (0,0) width 528: "CSS2 Table Backgrounds Test Suite"
      RenderBlock {H2} at (0,47) size 769x23
        RenderText {#text} at (0,0) size 252x23
          text run at (0,0) width 252: "Part E: Special Tests"
      RenderBlock {H3} at (0,86) size 769x18
        RenderText {#text} at (0,0) size 108x18
          text run at (0,0) width 108: "opacity: 0.5"
      RenderBlock {UL} at (0,119) size 769x60
        RenderListItem {LI} at (40,0) size 729x15
          RenderListMarker at (-15,0) size 6x15: bullet
          RenderText {#text} at (0,0) size 280x15
            text run at (0,0) width 280: "The first three rows should be red."
        RenderListItem {LI} at (40,15) size 729x15
          RenderListMarker at (-15,0) size 6x15: bullet
          RenderText {#text} at (0,0) size 240x15
            text run at (0,0) width 240: "The last row should be orange."
        RenderListItem {LI} at (40,30) size 729x30
          RenderListMarker at (-15,0) size 6x15: bullet
          RenderText {#text} at (0,0) size 696x30
            text run at (0,0) width 696: "Cell A should be purple. Cell P should also be purple, but of a shade that reflects the"
            text run at (0,15) width 304: "underlying orange rather than the red."
      RenderBlock {DL} at (0,192) size 769x90
        RenderBlock {DT} at (0,0) size 769x15
          RenderText {#text} at (0,0) size 32x15
            text run at (0,0) width 32: "next"
        RenderBlock {DD} at (40,15) size 729x15
          RenderInline {A} at (0,0) size 256x15 [color=#FFFF00]
            RenderText {#text} at (0,0) size 256x15
              text run at (0,0) width 256: "Special Tests: Fixed Backgrounds"
          RenderText {#text} at (0,0) size 0x0
        RenderBlock {DT} at (0,30) size 769x15
          RenderText {#text} at (0,0) size 64x15
            text run at (0,0) width 64: "previous"
        RenderBlock {DD} at (40,45) size 729x15
          RenderInline {A} at (0,0) size 408x15 [color=#FFFF00]
            RenderText {#text} at (0,0) size 408x15
              text run at (0,0) width 408: "Background with Borders: Background on 'table-cell'"
          RenderText {#text} at (0,0) size 0x0
        RenderBlock {DT} at (0,60) size 769x15
          RenderText {#text} at (0,0) size 64x15
            text run at (0,0) width 64: "contents"
        RenderBlock {DD} at (40,75) size 729x15
          RenderInline {A} at (0,0) size 136x15 [color=#FFFF00]
            RenderText {#text} at (0,0) size 136x15
              text run at (0,0) width 136: "Table of Contents"
          RenderText {#text} at (0,0) size 0x0
      RenderTable {TABLE} at (0,295) size 618x481 [color=#000000] [bgcolor=#FFFFFF] [border: (1px dotted #000000)]
        RenderBlock {CAPTION} at (0,0) size 618x23 [color=#FFFFFF]
          RenderText {#text} at (161,0) size 296x23
            text run at (161,0) width 296: "With 'border-collapse: separate'"
        RenderTableCol {COLGROUP} at (0,0) size 0x0
          RenderTableCol {COL} at (0,0) size 0x0
          RenderTableCol {COL} at (0,0) size 0x0
          RenderTableCol {COL} at (0,0) size 0x0
        RenderTableCol {COLGROUP} at (0,0) size 0x0
          RenderTableCol {COL} at (0,0) size 0x0
        RenderTableSection {THEAD} at (1,24) size 616x114
        RenderTableSection {TBODY} at (1,138) size 616x213
      RenderTable {TABLE} at (0,776) size 578x433 [color=#000000] [bgcolor=#FFFFFF] [border: (6px dotted #000000)]
        RenderBlock {CAPTION} at (0,0) size 578x23 [color=#FFFFFF]
          RenderText {#text} at (143,0) size 292x23
            text run at (143,0) width 292: "With 'border-collapse: collapse'"
        RenderTableCol {COLGROUP} at (0,0) size 0x0
          RenderTableCol {COL} at (0,0) size 0x0
          RenderTableCol {COL} at (0,0) size 0x0
          RenderTableCol {COL} at (0,0) size 0x0
        RenderTableCol {COLGROUP} at (0,0) size 0x0
          RenderTableCol {COL} at (0,0) size 0x0
        RenderTableSection {THEAD} at (0,29) size 577x99
        RenderTableSection {TBODY} at (0,128) size 577x190
      RenderBlock {DIV} at (0,1209) size 769x35
        RenderInline {A} at (0,0) size 88x15 [color=#FFFF00]
          RenderImage {IMG} at (0,0) size 88x31
        RenderText {#text} at (0,0) size 0x0
      RenderBlock {ADDRESS} at (0,1244) size 769x15
        RenderText {#text} at (0,0) size 704x15
          text run at (0,0) width 704: "CSS2 Table Backgrounds Test Suite designed and written by fantasai <fantasai@escape.com>"
layer at (9,343) size 616x100
  RenderTableRow {TR} at (0,7) size 616x100 [bgcolor=#FF0000]
    RenderTableCell {TH} at (144,31) size 220x51 [border: (13px dotted #000000)] [r=0 c=1 rs=1 cs=1]
      RenderText {#text} at (87,14) size 46x23
        text run at (87,14) width 46: "TH B"
    RenderTableCell {TH} at (371,55) size 118x4 [border: (1px dotted #000000)] [r=0 c=2 rs=1 cs=1]
    RenderTableCell {TH} at (496,43) size 113x27 [border: (1px dotted #000000)] [r=0 c=3 rs=1 cs=1]
      RenderText {#text} at (34,2) size 45x23
        text run at (34,2) width 45: "TH D"
layer at (16,343) size 130x100
  RenderTableCell {TH} at (7,43) size 130x27 [bgcolor=#0000FF] [border: (1px dotted #000000)] [r=0 c=0 rs=1 cs=1]
    RenderText {#text} at (43,2) size 44x23
      text run at (43,2) width 44: "TH A"
layer at (9,663) size 616x129
  RenderTableSection {TFOOT} at (1,351) size 616x129 [bgcolor=#FFFF00]
layer at (9,670) size 616x115
  RenderTableRow {TR} at (0,7) size 616x115 [bgcolor=#FF0000]
    RenderTableCell {TD} at (7,51) size 357x27 [border: (1px dotted #000000)] [r=0 c=0 rs=1 cs=2]
      RenderText {#text} at (2,2) size 49x23
        text run at (2,2) width 49: "TD M"
    RenderTableCell {TD} at (371,51) size 118x27 [border: (1px dotted #000000)] [r=0 c=2 rs=1 cs=1]
      RenderText {#text} at (2,2) size 47x23
        text run at (2,2) width 47: "TD O"
layer at (505,670) size 113x115
  RenderTableCell {TD} at (496,51) size 113x27 [bgcolor=#0000FF] [border: (1px dotted #000000)] [r=0 c=3 rs=1 cs=1]
    RenderText {#text} at (2,2) size 45x23
      text run at (2,2) width 45: "TD P"
layer at (9,457) size 616x108
  RenderTableRow {TR} at (0,7) size 616x108 [bgcolor=#FF0000]
    RenderTableCell {TD} at (7,81) size 130x51 [border: (13px dotted #000000)] [r=0 c=0 rs=2 cs=1]
      RenderText {#text} at (14,14) size 45x23
        text run at (14,14) width 45: "TD E"
    RenderTableCell {TD} at (144,47) size 220x27 [border: (1px dotted #000000)] [r=0 c=1 rs=1 cs=1]
      RenderText {#text} at (2,2) size 44x23
        text run at (2,2) width 44: "TD F"
    RenderTableCell {TD} at (371,47) size 118x27 [border: (1px dotted #000000)] [r=0 c=2 rs=1 cs=1]
      RenderText {#text} at (2,2) size 47x23
        text run at (2,2) width 47: "TD G"
    RenderTableCell {TD} at (496,47) size 113x27 [border: (1px dotted #000000)] [r=0 c=3 rs=1 cs=1]
      RenderText {#text} at (2,2) size 45x23
        text run at (2,2) width 45: "TD H"
layer at (9,572) size 616x84
  RenderTableRow {TR} at (0,122) size 616x84 [bgcolor=#FF0000]
    RenderTableCell {TD} at (144,150) size 220x27 [border: (1px dotted #000000)] [r=1 c=1 rs=1 cs=1]
      RenderText {#text} at (2,2) size 43x23
        text run at (2,2) width 43: "TD J"
    RenderTableCell {TD} at (371,150) size 118x27 [border: (1px dotted #000000)] [r=1 c=2 rs=1 cs=1]
      RenderText {#text} at (2,2) size 46x23
        text run at (2,2) width 46: "TD K"
    RenderTableCell {TD} at (496,150) size 113x27 [border: (1px dotted #000000)] [r=1 c=3 rs=1 cs=1]
      RenderText {#text} at (2,2) size 44x23
        text run at (2,2) width 44: "TD L"
layer at (8,822) size 577x99
  RenderTableRow {TR} at (0,0) size 577x99 [bgcolor=#FF0000]
    RenderTableCell {TH} at (135,30) size 207x38 [border: (7px dotted #000000)] [r=0 c=1 rs=1 cs=1]
      RenderText {#text} at (81,8) size 46x23
        text run at (81,8) width 46: "TH B"
    RenderTableCell {TH} at (342,48) size 123x3 [border: (1px dotted #000000)] [r=0 c=2 rs=1 cs=1]
    RenderTableCell {TH} at (465,36) size 112x26 [border: (1px dotted #000000)] [r=0 c=3 rs=1 cs=1]
      RenderText {#text} at (34,2) size 45x23
        text run at (34,2) width 45: "TH D"
layer at (8,822) size 135x99
  RenderTableCell {TH} at (0,33) size 135x32 [bgcolor=#0000FF] [border: (1px dotted #000000)] [r=0 c=0 rs=1 cs=1]
    RenderText {#text} at (43,2) size 44x23
      text run at (43,2) width 44: "TH A"
layer at (8,1111) size 577x114
  RenderTableSection {TFOOT} at (0,318) size 577x114 [bgcolor=#FFFF00]
layer at (8,1111) size 577x114
  RenderTableRow {TR} at (0,0) size 577x114 [bgcolor=#FF0000]
    RenderTableCell {TD} at (0,41) size 342x32 [border: (7px dotted #000000)] [r=0 c=0 rs=1 cs=2]
      RenderText {#text} at (2,8) size 49x23
        text run at (2,8) width 49: "TD M"
    RenderTableCell {TD} at (342,44) size 123x26 [border: (1px dotted #000000)] [r=0 c=2 rs=1 cs=1]
      RenderText {#text} at (2,2) size 47x23
        text run at (2,2) width 47: "TD O"
layer at (473,1111) size 112x114
  RenderTableCell {TD} at (465,44) size 112x26 [bgcolor=#0000FF] [border: (1px dotted #000000)] [r=0 c=3 rs=1 cs=1]
    RenderText {#text} at (2,2) size 45x23
      text run at (2,2) width 45: "TD P"
layer at (8,921) size 577x107
  RenderTableRow {TR} at (0,0) size 577x107 [bgcolor=#FF0000]
    RenderTableCell {TD} at (0,76) size 135x38 [border: (7px dotted #000000)] [r=0 c=0 rs=2 cs=1]
      RenderText {#text} at (8,8) size 45x23
        text run at (8,8) width 45: "TD E"
    RenderTableCell {TD} at (135,37) size 207x32 [border: (7px dotted #000000)] [r=0 c=1 rs=1 cs=1]
      RenderText {#text} at (8,8) size 44x23
        text run at (8,8) width 44: "TD F"
    RenderTableCell {TD} at (342,40) size 123x26 [border: (1px dotted #000000)] [r=0 c=2 rs=1 cs=1]
      RenderText {#text} at (2,2) size 47x23
        text run at (2,2) width 47: "TD G"
    RenderTableCell {TD} at (465,40) size 112x26 [border: (1px dotted #000000)] [r=0 c=3 rs=1 cs=1]
      RenderText {#text} at (2,2) size 45x23
        text run at (2,2) width 45: "TD H"
layer at (8,1028) size 577x83
  RenderTableRow {TR} at (0,107) size 577x83 [bgcolor=#FF0000]
    RenderTableCell {TD} at (135,135) size 207x26 [border: (1px dotted #000000)] [r=1 c=1 rs=1 cs=1]
      RenderText {#text} at (8,2) size 43x23
        text run at (8,2) width 43: "TD J"
    RenderTableCell {TD} at (342,135) size 123x26 [border: (1px dotted #000000)] [r=1 c=2 rs=1 cs=1]
      RenderText {#text} at (2,2) size 46x23
        text run at (2,2) width 46: "TD K"
    RenderTableCell {TD} at (465,135) size 112x26 [border: (1px dotted #000000)] [r=1 c=3 rs=1 cs=1]
      RenderText {#text} at (2,2) size 44x23
        text run at (2,2) width 44: "TD L"
