layer at (0,0) size 800x600
  RenderView at (0,0) size 800x600
layer at (0,0) size 800x600
  RenderBlock {HTML} at (0,0) size 800x600
    RenderBody {BODY} at (8,8) size 784x584
      RenderBlock {P} at (0,0) size 784x63
        RenderText {#text} at (0,0) size 783x63
          text run at (0,0) width 783: "Colgroups are used to identify column groups. In this test case, the COLGROUP element is used in conjunction"
          text run at (0,21) width 750: "with the SPAN attribute. The table below has two distinct column groups; 'Airport Location' and 'Car Rental"
          text run at (0,42) width 86: "Information'."
      RenderTable {TABLE} at (0,79) size 537x193 [border: (1px outset #808080)]
        RenderTableCol {COLGROUP} at (0,0) size 0x0
        RenderTableCol {COLGROUP} at (0,0) size 0x0
        RenderTableSection {TBODY} at (1,1) size 535x191
          RenderTableRow {TR} at (0,2) size 535x25
            RenderTableCell {TH} at (2,2) size 178x25 [border: (1px inset #808080)] [r=0 c=0 rs=1 cs=2]
              RenderText {#text} at (27,2) size 124x21
                text run at (27,2) width 124: "Airport Location"
            RenderTableCell {TH} at (182,2) size 351x25 [border: (1px inset #808080)] [r=0 c=2 rs=1 cs=3]
              RenderText {#text} at (90,2) size 171x21
                text run at (90,2) width 171: "Car Rental information"
          RenderTableRow {TR} at (0,29) size 535x25
            RenderTableCell {TH} at (2,29) size 91x25 [border: (1px inset #808080)] [r=1 c=0 rs=1 cs=1]
              RenderText {#text} at (14,2) size 63x21
                text run at (14,2) width 63: "Country"
            RenderTableCell {TH} at (95,29) size 85x25 [border: (1px inset #808080)] [r=1 c=1 rs=1 cs=1]
              RenderText {#text} at (27,2) size 31x21
                text run at (27,2) width 31: "City"
            RenderTableCell {TH} at (182,29) size 118x25 [border: (1px inset #808080)] [r=1 c=2 rs=1 cs=1]
              RenderText {#text} at (2,2) size 114x21
                text run at (2,2) width 114: "ABC Company"
            RenderTableCell {TH} at (302,29) size 115x25 [border: (1px inset #808080)] [r=1 c=3 rs=1 cs=1]
              RenderText {#text} at (2,2) size 111x21
                text run at (2,2) width 111: "EFG Company"
            RenderTableCell {TH} at (419,29) size 114x25 [border: (1px inset #808080)] [r=1 c=4 rs=1 cs=1]
              RenderText {#text} at (2,2) size 110x21
                text run at (2,2) width 110: "XYZ Company"
          RenderTableRow {TR} at (0,56) size 535x25
            RenderTableCell {TD} at (2,56) size 91x25 [border: (1px inset #808080)] [r=2 c=0 rs=1 cs=1]
              RenderText {#text} at (2,2) size 50x21
                text run at (2,2) width 50: "France"
            RenderTableCell {TD} at (95,56) size 85x25 [border: (1px inset #808080)] [r=2 c=1 rs=1 cs=1]
              RenderText {#text} at (2,2) size 37x21
                text run at (2,2) width 37: "Paris"
            RenderTableCell {TD} at (182,56) size 118x25 [border: (1px inset #808080)] [r=2 c=2 rs=1 cs=1]
              RenderText {#text} at (2,2) size 25x21
                text run at (2,2) width 25: "yes"
            RenderTableCell {TD} at (302,56) size 115x25 [border: (1px inset #808080)] [r=2 c=3 rs=1 cs=1]
              RenderText {#text} at (2,2) size 25x21
                text run at (2,2) width 25: "yes"
            RenderTableCell {TD} at (419,56) size 114x25 [border: (1px inset #808080)] [r=2 c=4 rs=1 cs=1]
              RenderText {#text} at (2,2) size 25x21
                text run at (2,2) width 25: "yes"
          RenderTableRow {TR} at (0,83) size 535x25
            RenderTableCell {TD} at (2,83) size 91x25 [border: (1px inset #808080)] [r=3 c=0 rs=1 cs=1]
              RenderText {#text} at (2,2) size 65x21
                text run at (2,2) width 65: "Germany"
            RenderTableCell {TD} at (95,83) size 85x25 [border: (1px inset #808080)] [r=3 c=1 rs=1 cs=1]
              RenderText {#text} at (2,2) size 63x21
                text run at (2,2) width 63: "Frankfurt"
            RenderTableCell {TD} at (182,83) size 118x25 [border: (1px inset #808080)] [r=3 c=2 rs=1 cs=1]
              RenderText {#text} at (2,2) size 25x21
                text run at (2,2) width 25: "yes"
            RenderTableCell {TD} at (302,83) size 115x25 [border: (1px inset #808080)] [r=3 c=3 rs=1 cs=1]
              RenderText {#text} at (2,2) size 25x21
                text run at (2,2) width 25: "yes"
            RenderTableCell {TD} at (419,83) size 114x25 [border: (1px inset #808080)] [r=3 c=4 rs=1 cs=1]
              RenderText {#text} at (2,2) size 25x21
                text run at (2,2) width 25: "yes"
          RenderTableRow {TR} at (0,110) size 535x25
            RenderTableCell {TD} at (2,110) size 91x25 [border: (1px inset #808080)] [r=4 c=0 rs=1 cs=1]
              RenderText {#text} at (2,2) size 60x21
                text run at (2,2) width 60: "England"
            RenderTableCell {TD} at (95,110) size 85x25 [border: (1px inset #808080)] [r=4 c=1 rs=1 cs=1]
              RenderText {#text} at (2,2) size 54x21
                text run at (2,2) width 54: "London"
            RenderTableCell {TD} at (182,110) size 118x25 [border: (1px inset #808080)] [r=4 c=2 rs=1 cs=1]
              RenderText {#text} at (2,2) size 25x21
                text run at (2,2) width 25: "yes"
            RenderTableCell {TD} at (302,110) size 115x25 [border: (1px inset #808080)] [r=4 c=3 rs=1 cs=1]
              RenderText {#text} at (2,2) size 25x21
                text run at (2,2) width 25: "yes"
            RenderTableCell {TD} at (419,110) size 114x25 [border: (1px inset #808080)] [r=4 c=4 rs=1 cs=1]
              RenderText {#text} at (2,2) size 25x21
                text run at (2,2) width 25: "yes"
          RenderTableRow {TR} at (0,137) size 535x25
            RenderTableCell {TD} at (2,137) size 91x25 [border: (1px inset #808080)] [r=5 c=0 rs=1 cs=1]
              RenderText {#text} at (2,2) size 87x21
                text run at (2,2) width 87: "Netherlands"
            RenderTableCell {TD} at (95,137) size 85x25 [border: (1px inset #808080)] [r=5 c=1 rs=1 cs=1]
              RenderText {#text} at (2,2) size 81x21
                text run at (2,2) width 81: "Amsterdam"
            RenderTableCell {TD} at (182,137) size 118x25 [border: (1px inset #808080)] [r=5 c=2 rs=1 cs=1]
              RenderText {#text} at (2,2) size 25x21
                text run at (2,2) width 25: "yes"
            RenderTableCell {TD} at (302,137) size 115x25 [border: (1px inset #808080)] [r=5 c=3 rs=1 cs=1]
              RenderText {#text} at (2,2) size 25x21
                text run at (2,2) width 25: "yes"
            RenderTableCell {TD} at (419,137) size 114x25 [border: (1px inset #808080)] [r=5 c=4 rs=1 cs=1]
              RenderText {#text} at (2,2) size 25x21
                text run at (2,2) width 25: "yes"
          RenderTableRow {TR} at (0,164) size 535x25
            RenderTableCell {TD} at (2,164) size 91x25 [border: (1px inset #808080)] [r=6 c=0 rs=1 cs=1]
              RenderText {#text} at (2,2) size 34x21
                text run at (2,2) width 34: "USA"
            RenderTableCell {TD} at (95,164) size 85x25 [border: (1px inset #808080)] [r=6 c=1 rs=1 cs=1]
              RenderText {#text} at (2,2) size 70x21
                text run at (2,2) width 70: "New York"
            RenderTableCell {TD} at (182,164) size 118x25 [border: (1px inset #808080)] [r=6 c=2 rs=1 cs=1]
              RenderText {#text} at (2,2) size 25x21
                text run at (2,2) width 25: "yes"
            RenderTableCell {TD} at (302,164) size 115x25 [border: (1px inset #808080)] [r=6 c=3 rs=1 cs=1]
              RenderText {#text} at (2,2) size 25x21
                text run at (2,2) width 25: "yes"
            RenderTableCell {TD} at (419,164) size 114x25 [border: (1px inset #808080)] [r=6 c=4 rs=1 cs=1]
              RenderText {#text} at (2,2) size 25x21
                text run at (2,2) width 25: "yes"
