layer at (0,0) size 800x600
  RenderView at (0,0) size 800x600
layer at (0,0) size 800x600
  RenderBlock {HTML} at (0,0) size 800x600
    RenderBody {BODY} at (8,8) size 784x584
      RenderBlock (anonymous) at (0,0) size 784x42
        RenderText {#text} at (0,0) size 658x21
          text run at (0,0) width 658: "This table uses a COLSPAN attribute in the TH tag. The COLSPAN attribute has a value of 6."
        RenderBR {BR} at (658,16) size 0x0
        RenderBR {BR} at (0,21) size 0x21
      RenderTable {TABLE} at (0,42) size 367x58 [border: (1px outset #808080)]
        RenderTableSection {TBODY} at (1,1) size 365x56
          RenderTableRow {TR} at (0,2) size 365x25
            RenderTableCell {TH} at (2,2) size 361x25 [border: (1px inset #808080)] [r=0 c=0 rs=1 cs=6]
              RenderText {#text} at (28,2) size 305x21
                text run at (28,2) width 305: "Netscape Communicator 4.0.6 Platforms"
          RenderTableRow {TR} at (0,29) size 365x25
            RenderTableCell {TD} at (2,29) size 64x25 [border: (1px inset #808080)] [r=1 c=0 rs=1 cs=1]
              RenderText {#text} at (2,2) size 60x21
                text run at (2,2) width 60: "Mac 68k"
            RenderTableCell {TD} at (68,29) size 84x25 [border: (1px inset #808080)] [r=1 c=1 rs=1 cs=1]
              RenderText {#text} at (2,2) size 80x21
                text run at (2,2) width 80: "Power Mac"
            RenderTableCell {TD} at (154,29) size 58x25 [border: (1px inset #808080)] [r=1 c=2 rs=1 cs=1]
              RenderText {#text} at (2,2) size 54x21
                text run at (2,2) width 54: "Win 3.1"
            RenderTableCell {TD} at (214,29) size 54x25 [border: (1px inset #808080)] [r=1 c=3 rs=1 cs=1]
              RenderText {#text} at (2,2) size 50x21
                text run at (2,2) width 50: "Win 95"
            RenderTableCell {TD} at (270,29) size 54x25 [border: (1px inset #808080)] [r=1 c=4 rs=1 cs=1]
              RenderText {#text} at (2,2) size 50x21
                text run at (2,2) width 50: "Win 98"
            RenderTableCell {TD} at (326,29) size 37x25 [border: (1px inset #808080)] [r=1 c=5 rs=1 cs=1]
              RenderText {#text} at (2,2) size 33x21
                text run at (2,2) width 33: "Unix"
