layer at (0,0) size 800x600
  RenderView at (0,0) size 800x600
layer at (0,0) size 800x600
  RenderBlock {HTML} at (0,0) size 800x600
    RenderBody {BODY} at (8,8) size 784x584
      RenderBlock (anonymous) at (0,0) size 784x42
        RenderText {#text} at (0,0) size 766x42
          text run at (0,0) width 766: "The TD cell (The EggPlant Exchange) should not wrap when window is resized. However, the cell below the"
          text run at (0,21) width 227: "heading will wrap atuomatically."
        RenderBR {BR} at (227,37) size 0x0
      RenderTable {TABLE} at (0,42) size 266x58 [border: (1px outset #808080)]
        RenderTableSection {TBODY} at (1,1) size 264x56
          RenderTableRow {TR} at (0,2) size 264x25
            RenderTableCell {TD} at (2,2) size 260x25 [border: (1px inset #808080)] [r=0 c=0 rs=1 cs=1]
              RenderText {#text} at (2,2) size 172x21
                text run at (2,2) width 172: "The Eggplant Exchange"
          RenderTableRow {TR} at (0,29) size 264x25
            RenderTableCell {TD} at (2,29) size 260x25 [border: (1px inset #808080)] [r=1 c=0 rs=1 cs=1]
              RenderText {#text} at (2,2) size 256x21
                text run at (2,2) width 256: "Lots of Recipies for Eggplant Lovers"
