layer at (0,0) size 800x600
  RenderView at (0,0) size 800x600
layer at (0,0) size 800x600
  RenderBlock {HTML} at (0,0) size 800x600
    RenderBody {BODY} at (8,8) size 784x584
      RenderTable {TABLE} at (0,0) size 451x126 [border: (2px outset #808080)]
        RenderBlock {CAPTION} at (0,0) size 451x21
          RenderText {#text} at (12,0) size 427x21
            text run at (12,0) width 427: "Communicator 4.5 Installers for Mac and Windows Platforms"
        RenderTableSection {TBODY} at (2,23) size 446x100
          RenderTableRow {TR} at (0,0) size 446x26
            RenderTableCell {TH} at (0,10) size 130x5 [border: (3px solid #808080)] [r=0 c=0 rs=1 cs=1]
            RenderTableCell {TH} at (130,0) size 120x26 [border: (3px solid #808080)] [r=0 c=1 rs=1 cs=1]
              RenderText {#text} at (2,4) size 117x21
                text run at (2,4) width 117: "Macintosh PPC"
            RenderTableCell {TH} at (250,0) size 95x26 [border: (3px solid #808080)] [r=0 c=2 rs=1 cs=1]
              RenderText {#text} at (2,4) size 92x21
                text run at (2,4) width 92: "Windows 95"
            RenderTableCell {TH} at (345,0) size 101x26 [border: (3px solid #808080)] [r=0 c=3 rs=1 cs=1]
              RenderText {#text} at (2,4) size 96x21
                text run at (2,4) width 96: "Windows NT"
          RenderTableRow {TR} at (0,26) size 446x24
            RenderTableCell {TD} at (0,26) size 130x24 [border: (1px solid #808080)] [r=1 c=0 rs=1 cs=1]
              RenderText {#text} at (4,2) size 83x21
                text run at (4,2) width 83: "Base Install"
            RenderTableCell {TD} at (130,26) size 120x24 [border: (1px solid #808080)] [r=1 c=1 rs=1 cs=1]
              RenderText {#text} at (2,2) size 25x21
                text run at (2,2) width 25: "yes"
            RenderTableCell {TD} at (250,26) size 95x24 [border: (1px solid #808080)] [r=1 c=2 rs=1 cs=1]
              RenderText {#text} at (2,2) size 25x21
                text run at (2,2) width 25: "yes"
            RenderTableCell {TD} at (345,26) size 101x24 [border: (1px solid #808080)] [r=1 c=3 rs=1 cs=1]
              RenderText {#text} at (2,2) size 25x21
                text run at (2,2) width 25: "yes"
          RenderTableRow {TR} at (0,50) size 446x24
            RenderTableCell {TD} at (0,50) size 130x24 [border: (1px solid #808080)] [r=2 c=0 rs=1 cs=1]
              RenderText {#text} at (4,2) size 115x21
                text run at (4,2) width 115: "Complete Install"
            RenderTableCell {TD} at (130,50) size 120x24 [border: (1px solid #808080)] [r=2 c=1 rs=1 cs=1]
              RenderText {#text} at (2,2) size 25x21
                text run at (2,2) width 25: "yes"
            RenderTableCell {TD} at (250,50) size 95x24 [border: (1px solid #808080)] [r=2 c=2 rs=1 cs=1]
              RenderText {#text} at (2,2) size 25x21
                text run at (2,2) width 25: "yes"
            RenderTableCell {TD} at (345,50) size 101x24 [border: (1px solid #808080)] [r=2 c=3 rs=1 cs=1]
              RenderText {#text} at (2,2) size 25x21
                text run at (2,2) width 25: "yes"
          RenderTableRow {TR} at (0,74) size 446x26
            RenderTableCell {TD} at (0,74) size 130x26 [border: (1px solid #808080)] [r=3 c=0 rs=1 cs=1]
              RenderText {#text} at (4,2) size 125x21
                text run at (4,2) width 125: "Pro Edition Install"
            RenderTableCell {TD} at (130,74) size 120x26 [border: (1px solid #808080)] [r=3 c=1 rs=1 cs=1]
              RenderText {#text} at (2,2) size 25x21
                text run at (2,2) width 25: "yes"
            RenderTableCell {TD} at (250,74) size 95x26 [border: (1px solid #808080)] [r=3 c=2 rs=1 cs=1]
              RenderText {#text} at (2,2) size 25x21
                text run at (2,2) width 25: "yes"
            RenderTableCell {TD} at (345,74) size 101x26 [border: (1px solid #808080)] [r=3 c=3 rs=1 cs=1]
              RenderText {#text} at (2,2) size 25x21
                text run at (2,2) width 25: "yes"
