layer at (0,0) size 800x600
  RenderView at (0,0) size 800x600
layer at (0,0) size 800x600
  RenderBlock {HTML} at (0,0) size 800x600
    RenderBody {BODY} at (8,8) size 784x584
      RenderBlock (anonymous) at (0,0) size 784x21
        RenderText {#text} at (0,0) size 622x21
          text run at (0,0) width 622: "The TH tag uses the ALIGN attribute. The contents in the TH tag should be right aligned."
        RenderBR {BR} at (622,16) size 0x0
      RenderTable {TABLE} at (0,21) size 312x58 [border: (1px outset #808080)]
        RenderTableSection {TBODY} at (1,1) size 310x56
          RenderTableRow {TR} at (0,2) size 310x25
            RenderTableCell {TH} at (2,2) size 300x25 [border: (1px inset #808080)] [r=0 c=0 rs=1 cs=1]
              RenderText {#text} at (109,2) size 189x21
                text run at (109,2) width 189: "Netscape Communicator"
            RenderTableCell {TH} at (304,12) size 4x4 [border: (1px inset #808080)] [r=0 c=1 rs=1 cs=1]
          RenderTableRow {TR} at (0,29) size 310x25
            RenderTableCell {TD} at (2,29) size 300x25 [border: (1px inset #808080)] [r=1 c=0 rs=1 cs=1]
              RenderText {#text} at (2,2) size 296x21
                text run at (2,2) width 296: "Available on the Mac/PC/UNIX platforms !"
