layer at (0,0) size 800x600
  RenderView at (0,0) size 800x600
layer at (0,0) size 800x600
  RenderBlock {HTML} at (0,0) size 800x600
    RenderBody {BODY} at (8,8) size 784x584
      RenderBlock (anonymous) at (0,0) size 784x42
        RenderText {#text} at (0,0) size 759x42
          text run at (0,0) width 593: "The table displayed is two rows by three columns. Each table row has been aligned "
          text run at (593,0) width 166: "left. The table has been"
          text run at (0,21) width 392: "assigned a width and border value so that it is easier to "
          text run at (392,21) width 130: "see the alignment."
        RenderBR {BR} at (522,37) size 0x0
      RenderTable {TABLE} at (0,42) size 300x58 [border: (1px outset #808080)]
        RenderTableSection {TBODY} at (1,1) size 298x56
          RenderTableRow {TR} at (0,2) size 298x25
            RenderTableCell {TD} at (2,2) size 97x25 [border: (1px inset #808080)] [r=0 c=0 rs=1 cs=1]
              RenderText {#text} at (14,2) size 69x21
                text run at (14,2) width 69: "Navigator"
            RenderTableCell {TD} at (101,2) size 103x25 [border: (1px inset #808080)] [r=0 c=1 rs=1 cs=1]
              RenderText {#text} at (12,2) size 79x21
                text run at (12,2) width 79: "Messenger"
            RenderTableCell {TD} at (206,2) size 90x25 [border: (1px inset #808080)] [r=0 c=2 rs=1 cs=1]
              RenderText {#text} at (14,2) size 62x21
                text run at (14,2) width 62: "Collabra"
          RenderTableRow {TR} at (0,29) size 298x25
            RenderTableCell {TD} at (2,29) size 97x25 [border: (1px inset #808080)] [r=1 c=0 rs=1 cs=1]
              RenderText {#text} at (11,2) size 75x21
                text run at (11,2) width 75: "Composer"
            RenderTableCell {TD} at (101,29) size 103x25 [border: (1px inset #808080)] [r=1 c=1 rs=1 cs=1]
              RenderText {#text} at (18,2) size 67x21
                text run at (18,2) width 67: "Calendar"
            RenderTableCell {TD} at (206,29) size 90x25 [border: (1px inset #808080)] [r=1 c=2 rs=1 cs=1]
              RenderText {#text} at (11,2) size 68x21
                text run at (11,2) width 68: "Netcaster"
