layer at (0,0) size 800x600
  RenderView at (0,0) size 800x600
layer at (0,0) size 800x600
  RenderBlock {HTML} at (0,0) size 800x600
    RenderBody {BODY} at (8,8) size 784x584
      RenderBlock (anonymous) at (0,0) size 784x21
        RenderText {#text} at (0,0) size 481x21
          text run at (0,0) width 481: "The table displayed is two rows by three columns with no alignment."
        RenderBR {BR} at (481,16) size 0x0
      RenderTable {TABLE} at (0,21) size 235x52
        RenderTableSection {TBODY} at (0,0) size 235x52
          RenderTableRow {TR} at (0,2) size 235x23
            RenderTableCell {TD} at (2,2) size 76x23 [r=0 c=0 rs=1 cs=1]
              RenderText {#text} at (1,1) size 69x21
                text run at (1,1) width 69: "Navigator"
            RenderTableCell {TD} at (80,2) size 81x23 [r=0 c=1 rs=1 cs=1]
              RenderText {#text} at (1,1) size 79x21
                text run at (1,1) width 79: "Messenger"
            RenderTableCell {TD} at (163,2) size 70x23 [r=0 c=2 rs=1 cs=1]
              RenderText {#text} at (1,1) size 61x21
                text run at (1,1) width 61: "Collabra"
          RenderTableRow {TR} at (0,27) size 235x23
            RenderTableCell {TD} at (2,27) size 76x23 [r=1 c=0 rs=1 cs=1]
              RenderText {#text} at (1,1) size 74x21
                text run at (1,1) width 74: "Composer"
            RenderTableCell {TD} at (80,27) size 81x23 [r=1 c=1 rs=1 cs=1]
              RenderText {#text} at (1,1) size 66x21
                text run at (1,1) width 66: "Calendar"
            RenderTableCell {TD} at (163,27) size 70x23 [r=1 c=2 rs=1 cs=1]
              RenderText {#text} at (1,1) size 68x21
                text run at (1,1) width 68: "Netcaster"
