layer at (0,0) size 800x600
  RenderView at (0,0) size 800x600
layer at (0,0) size 800x600
  RenderBlock {HTML} at (0,0) size 800x600
    RenderBody {BODY} at (8,8) size 784x584
      RenderBlock (anonymous) at (0,0) size 784x42
        RenderText {#text} at (0,0) size 756x42
          text run at (0,0) width 657: "This test case shows how WIDTH can set the width of the table to a fixed size using PIXELS. "
          text run at (657,0) width 99: "This first table"
          text run at (0,21) width 179: "has a width of 400 pixels."
      RenderTable {TABLE} at (0,42) size 400x52
        RenderTableSection {TBODY} at (0,0) size 400x52
          RenderTableRow {TR} at (0,2) size 400x23
            RenderTableCell {TD} at (2,2) size 131x23 [r=0 c=0 rs=1 cs=1]
              RenderText {#text} at (1,1) size 69x21
                text run at (1,1) width 69: "Navigator"
            RenderTableCell {TD} at (135,2) size 140x23 [r=0 c=1 rs=1 cs=1]
              RenderText {#text} at (1,1) size 79x21
                text run at (1,1) width 79: "Messenger"
            RenderTableCell {TD} at (277,2) size 121x23 [r=0 c=2 rs=1 cs=1]
              RenderText {#text} at (1,1) size 61x21
                text run at (1,1) width 61: "Collabra"
          RenderTableRow {TR} at (0,27) size 400x23
            RenderTableCell {TD} at (2,27) size 131x23 [r=1 c=0 rs=1 cs=1]
              RenderText {#text} at (1,1) size 74x21
                text run at (1,1) width 74: "Composer"
            RenderTableCell {TD} at (135,27) size 140x23 [r=1 c=1 rs=1 cs=1]
              RenderText {#text} at (1,1) size 66x21
                text run at (1,1) width 66: "Calendar"
            RenderTableCell {TD} at (277,27) size 121x23 [r=1 c=2 rs=1 cs=1]
              RenderText {#text} at (1,1) size 68x21
                text run at (1,1) width 68: "Netcaster"
      RenderBlock (anonymous) at (0,94) size 784x42
        RenderBR {BR} at (0,0) size 0x21
        RenderText {#text} at (0,21) size 352x21
          text run at (0,21) width 352: "While, this second table has a width of 300 pixels."
      RenderTable {TABLE} at (0,136) size 300x52
        RenderTableSection {TBODY} at (0,0) size 300x52
          RenderTableRow {TR} at (0,2) size 300x23
            RenderTableCell {TD} at (2,2) size 97x23 [r=0 c=0 rs=1 cs=1]
              RenderText {#text} at (1,1) size 69x21
                text run at (1,1) width 69: "Navigator"
            RenderTableCell {TD} at (101,2) size 104x23 [r=0 c=1 rs=1 cs=1]
              RenderText {#text} at (1,1) size 79x21
                text run at (1,1) width 79: "Messenger"
            RenderTableCell {TD} at (207,2) size 91x23 [r=0 c=2 rs=1 cs=1]
              RenderText {#text} at (1,1) size 61x21
                text run at (1,1) width 61: "Collabra"
          RenderTableRow {TR} at (0,27) size 300x23
            RenderTableCell {TD} at (2,27) size 97x23 [r=1 c=0 rs=1 cs=1]
              RenderText {#text} at (1,1) size 74x21
                text run at (1,1) width 74: "Composer"
            RenderTableCell {TD} at (101,27) size 104x23 [r=1 c=1 rs=1 cs=1]
              RenderText {#text} at (1,1) size 66x21
                text run at (1,1) width 66: "Calendar"
            RenderTableCell {TD} at (207,27) size 91x23 [r=1 c=2 rs=1 cs=1]
              RenderText {#text} at (1,1) size 68x21
                text run at (1,1) width 68: "Netcaster"
