layer at (0,0) size 800x600
  RenderView at (0,0) size 800x600
layer at (0,0) size 800x600
  RenderBlock {HTML} at (0,0) size 800x600
    RenderBody {BODY} at (8,8) size 784x584
      RenderBlock (anonymous) at (0,0) size 784x19
        RenderText {#text} at (0,0) size 527x19
          text run at (0,0) width 527: "The TH tag uses the ALIGN attribute. The contents in the TH tag should be aligned left."
        RenderBR {BR} at (527,15) size 0x0
      RenderTable {TABLE} at (0,19) size 281x54 [border: (1px outset #808080)]
        RenderTableSection {TBODY} at (1,1) size 279x52
          RenderTableRow {TR} at (0,2) size 279x23
            RenderTableCell {TH} at (2,2) size 269x23 [border: (1px inset #808080)] [r=0 c=0 rs=1 cs=1]
              RenderText {#text} at (2,2) size 164x19
                text run at (2,2) width 164: "Netscape Communicator"
            RenderTableCell {TH} at (273,11) size 4x4 [border: (1px inset #808080)] [r=0 c=1 rs=1 cs=1]
          RenderTableRow {TR} at (0,27) size 279x23
            RenderTableCell {TD} at (2,27) size 269x23 [border: (1px inset #808080)] [r=1 c=0 rs=1 cs=1]
              RenderText {#text} at (2,2) size 265x19
                text run at (2,2) width 265: "Available on the Mac/PC/UNIX platforms !"
