layer at (0,0) size 800x600
  RenderView at (0,0) size 800x600
layer at (0,0) size 800x600
  RenderBlock {HTML} at (0,0) size 800x600
    RenderBody {BODY} at (8,8) size 784x584
      RenderBlock (anonymous) at (0,0) size 784x63
        RenderText {#text} at (0,0) size 774x63
          text run at (0,0) width 331: "CELLSPACING controls the distance in pixels "
          text run at (331,0) width 443: "between each cell in the table. The first table has a cellspacing"
          text run at (0,21) width 374: "of 15 pixels; the second table isn't using cellspacing. "
          text run at (374,21) width 360: "Notice the difference here. The first table should be"
          text run at (0,42) width 320: "rendered with a wider gap between the cells. "
        RenderBR {BR} at (0,0) size 0x0
      RenderTable {TABLE} at (0,63) size 287x91
        RenderTableSection {TBODY} at (0,0) size 287x91
          RenderTableRow {TR} at (0,15) size 287x23
            RenderTableCell {TD} at (15,15) size 76x23 [r=0 c=0 rs=1 cs=1]
              RenderText {#text} at (1,1) size 69x21
                text run at (1,1) width 69: "Navigator"
            RenderTableCell {TD} at (106,15) size 81x23 [r=0 c=1 rs=1 cs=1]
              RenderText {#text} at (1,1) size 79x21
                text run at (1,1) width 79: "Messenger"
            RenderTableCell {TD} at (202,15) size 70x23 [r=0 c=2 rs=1 cs=1]
              RenderText {#text} at (1,1) size 61x21
                text run at (1,1) width 61: "Collabra"
          RenderTableRow {TR} at (0,53) size 287x23
            RenderTableCell {TD} at (15,53) size 76x23 [r=1 c=0 rs=1 cs=1]
              RenderText {#text} at (1,1) size 74x21
                text run at (1,1) width 74: "Composer"
            RenderTableCell {TD} at (106,53) size 81x23 [r=1 c=1 rs=1 cs=1]
              RenderText {#text} at (1,1) size 66x21
                text run at (1,1) width 66: "Calendar"
            RenderTableCell {TD} at (202,53) size 70x23 [r=1 c=2 rs=1 cs=1]
              RenderText {#text} at (1,1) size 68x21
                text run at (1,1) width 68: "Netcaster"
      RenderBlock (anonymous) at (0,154) size 784x63
        RenderBR {BR} at (0,0) size 0x21
        RenderBR {BR} at (0,21) size 0x21
        RenderText {#text} at (0,42) size 245x21
          text run at (0,42) width 245: "This table contains no cellspacing."
      RenderTable {TABLE} at (0,217) size 235x52
        RenderTableSection {TBODY} at (0,0) size 235x52
          RenderTableRow {TR} at (0,2) size 235x23
            RenderTableCell {TD} at (2,2) size 76x23 [r=0 c=0 rs=1 cs=1]
              RenderText {#text} at (1,1) size 69x21
                text run at (1,1) width 69: "Navigator"
            RenderTableCell {TD} at (80,2) size 81x23 [r=0 c=1 rs=1 cs=1]
              RenderText {#text} at (1,1) size 79x21
                text run at (1,1) width 79: "Messenger"
            RenderTableCell {TD} at (163,2) size 70x23 [r=0 c=2 rs=1 cs=1]
              RenderText {#text} at (1,1) size 61x21
                text run at (1,1) width 61: "Collabra"
          RenderTableRow {TR} at (0,27) size 235x23
            RenderTableCell {TD} at (2,27) size 76x23 [r=1 c=0 rs=1 cs=1]
              RenderText {#text} at (1,1) size 74x21
                text run at (1,1) width 74: "Composer"
            RenderTableCell {TD} at (80,27) size 81x23 [r=1 c=1 rs=1 cs=1]
              RenderText {#text} at (1,1) size 66x21
                text run at (1,1) width 66: "Calendar"
            RenderTableCell {TD} at (163,27) size 70x23 [r=1 c=2 rs=1 cs=1]
              RenderText {#text} at (1,1) size 68x21
                text run at (1,1) width 68: "Netcaster"
