layer at (0,0) size 800x600
  RenderView at (0,0) size 800x600
layer at (0,0) size 800x600
  RenderBlock {HTML} at (0,0) size 800x600
    RenderBody {BODY} at (8,8) size 784x584
      RenderBlock (anonymous) at (0,0) size 784x21
        RenderText {#text} at (0,0) size 584x21
          text run at (0,0) width 584: "The TD tag uses the WIDTH attribute. The first table's TD width is set to 500 pixels."
        RenderBR {BR} at (584,16) size 0x0
      RenderTable {TABLE} at (0,21) size 610x58 [border: (1px outset #808080)]
        RenderTableSection {TBODY} at (1,1) size 608x56
          RenderTableRow {TR} at (0,2) size 608x25
            RenderTableCell {TD} at (2,2) size 604x25 [border: (1px inset #808080)] [r=0 c=0 rs=1 cs=1]
              RenderText {#text} at (2,2) size 274x21
                text run at (2,2) width 274: "Netscape Communicator Version 4.0.6"
          RenderTableRow {TR} at (0,29) size 608x25
            RenderTableCell {TD} at (2,29) size 604x25 [border: (1px inset #808080)] [r=1 c=0 rs=1 cs=1]
              RenderText {#text} at (2,2) size 67x21
                text run at (2,2) width 67: "Platforms"
      RenderBlock (anonymous) at (0,79) size 784x42
        RenderBR {BR} at (0,0) size 0x21
        RenderText {#text} at (0,21) size 344x21
          text run at (0,21) width 344: "This second table's TD width is set to 200 pixels."
        RenderBR {BR} at (344,37) size 0x0
      RenderTable {TABLE} at (0,121) size 210x79 [border: (1px outset #808080)]
        RenderTableSection {TBODY} at (1,1) size 208x77
          RenderTableRow {TR} at (0,2) size 208x46
            RenderTableCell {TD} at (2,2) size 204x46 [border: (1px inset #808080)] [r=0 c=0 rs=1 cs=1]
              RenderText {#text} at (2,2) size 176x42
                text run at (2,2) width 176: "Netscape Communicator"
                text run at (2,23) width 94: "Version 4.0.6"
          RenderTableRow {TR} at (0,50) size 208x25
            RenderTableCell {TD} at (2,50) size 204x25 [border: (1px inset #808080)] [r=1 c=0 rs=1 cs=1]
              RenderText {#text} at (2,2) size 67x21
                text run at (2,2) width 67: "Platforms"
