layer at (0,0) size 800x600
  RenderView at (0,0) size 800x600
layer at (0,0) size 800x600
  RenderBlock {HTML} at (0,0) size 800x600
    RenderBody {BODY} at (8,8) size 784x584
      RenderBlock (anonymous) at (0,0) size 784x19
        RenderText {#text} at (0,0) size 431x19
          text run at (0,0) width 431: "The table displayed is two rows by three columns with center alignment."
        RenderBR {BR} at (431,15) size 0x0
      RenderTable {TABLE} at (290,19) size 203x48
        RenderTableSection {TBODY} at (0,0) size 203x48
          RenderTableRow {TR} at (0,2) size 203x21
            RenderTableCell {TD} at (2,2) size 66x21 [r=0 c=0 rs=1 cs=1]
              RenderText {#text} at (1,1) size 60x19
                text run at (1,1) width 60: "Navigator"
            RenderTableCell {TD} at (70,2) size 68x21 [r=0 c=1 rs=1 cs=1]
              RenderText {#text} at (1,1) size 66x19
                text run at (1,1) width 66: "Messenger"
            RenderTableCell {TD} at (140,2) size 61x21 [r=0 c=2 rs=1 cs=1]
              RenderText {#text} at (1,1) size 52x19
                text run at (1,1) width 52: "Collabra"
          RenderTableRow {TR} at (0,25) size 203x21
            RenderTableCell {TD} at (2,25) size 66x21 [r=1 c=0 rs=1 cs=1]
              RenderText {#text} at (1,1) size 64x19
                text run at (1,1) width 64: "Composer"
            RenderTableCell {TD} at (70,25) size 68x21 [r=1 c=1 rs=1 cs=1]
              RenderText {#text} at (1,1) size 55x19
                text run at (1,1) width 55: "Calendar"
            RenderTableCell {TD} at (140,25) size 61x21 [r=1 c=2 rs=1 cs=1]
              RenderText {#text} at (1,1) size 59x19
                text run at (1,1) width 59: "Netcaster"
