layer at (0,0) size 800x600
  RenderView at (0,0) size 800x600
layer at (0,0) size 800x600
  RenderBlock {HTML} at (0,0) size 800x600
    RenderBody {BODY} at (8,8) size 784x584
      RenderBlock {P} at (0,0) size 784x63
        RenderText {#text} at (0,0) size 762x63
          text run at (0,0) width 762: "In this test, the TBODY section of the table contains numbers with decimals. The test uses the attribute/value"
          text run at (0,21) width 752: "ALIGN=char without the additional CHAR attribute to specify a particular character. Therefore, ALIGN=char"
          text run at (0,42) width 494: "should cause the numbers to align to the default value (decimal point)."
      RenderTable {TABLE} at (0,79) size 559x118 [border: (1px outset #808080)]
        RenderTableSection {THEAD} at (1,1) size 557x29
          RenderTableRow {TR} at (0,2) size 557x25
            RenderTableCell {TD} at (2,2) size 183x25 [border: (1px inset #808080)] [r=0 c=0 rs=1 cs=1]
              RenderText {#text} at (2,2) size 179x21
                text run at (2,2) width 179: "This text is in the THEAD"
            RenderTableCell {TD} at (187,2) size 183x25 [border: (1px inset #808080)] [r=0 c=1 rs=1 cs=1]
              RenderText {#text} at (2,2) size 179x21
                text run at (2,2) width 179: "This text is in the THEAD"
            RenderTableCell {TD} at (372,2) size 183x25 [border: (1px inset #808080)] [r=0 c=2 rs=1 cs=1]
              RenderText {#text} at (2,2) size 179x21
                text run at (2,2) width 179: "This text is in the THEAD"
        RenderTableSection {TFOOT} at (1,88) size 557x29
          RenderTableRow {TR} at (0,2) size 557x25
            RenderTableCell {TD} at (2,2) size 183x25 [border: (1px inset #808080)] [r=0 c=0 rs=1 cs=1]
              RenderText {#text} at (2,2) size 177x21
                text run at (2,2) width 177: "This text is in the TFOOT"
            RenderTableCell {TD} at (187,2) size 183x25 [border: (1px inset #808080)] [r=0 c=1 rs=1 cs=1]
              RenderText {#text} at (2,2) size 177x21
                text run at (2,2) width 177: "This text is in the TFOOT"
            RenderTableCell {TD} at (372,2) size 183x25 [border: (1px inset #808080)] [r=0 c=2 rs=1 cs=1]
              RenderText {#text} at (2,2) size 177x21
                text run at (2,2) width 177: "This text is in the TFOOT"
        RenderTableSection {TBODY} at (1,30) size 557x56
          RenderTableRow {TR} at (0,2) size 557x25
            RenderTableCell {TD} at (2,2) size 183x25 [border: (1px inset #808080)] [r=0 c=0 rs=1 cs=1]
              RenderText {#text} at (2,2) size 40x21
                text run at (2,2) width 40: "55.00"
            RenderTableCell {TD} at (187,2) size 183x25 [border: (1px inset #808080)] [r=0 c=1 rs=1 cs=1]
              RenderText {#text} at (2,2) size 67x21
                text run at (2,2) width 67: "55555.00"
            RenderTableCell {TD} at (372,2) size 183x25 [border: (1px inset #808080)] [r=0 c=2 rs=1 cs=1]
              RenderText {#text} at (2,2) size 49x21
                text run at (2,2) width 49: "555.00"
          RenderTableRow {TR} at (0,29) size 557x25
            RenderTableCell {TD} at (2,29) size 183x25 [border: (1px inset #808080)] [r=1 c=0 rs=1 cs=1]
              RenderText {#text} at (2,2) size 58x21
                text run at (2,2) width 58: "1234.56"
            RenderTableCell {TD} at (187,29) size 183x25 [border: (1px inset #808080)] [r=1 c=1 rs=1 cs=1]
              RenderText {#text} at (2,2) size 49x21
                text run at (2,2) width 49: "123.45"
            RenderTableCell {TD} at (372,29) size 183x25 [border: (1px inset #808080)] [r=1 c=2 rs=1 cs=1]
              RenderText {#text} at (2,2) size 67x21
                text run at (2,2) width 67: "12345.67"
        RenderTableSection {TBODY} at (1,86) size 557x2
