layer at (0,0) size 800x600
  RenderView at (0,0) size 800x600
layer at (0,0) size 800x176
  RenderBlock {html} at (0,0) size 800x176
    RenderBody {body} at (8,16) size 784x152
      RenderBlock {p} at (0,0) size 784x21
        RenderText {#text} at (0,0) size 151x21
          text run at (0,0) width 151: "COL WIDTH=relative"
      RenderTable {table} at (0,37) size 300x115 [border: (1px outset #808080)]
        RenderTableCol {colgroup} at (0,0) size 0x0
          RenderTableCol {col} at (0,0) size 0x0
          RenderTableCol {col} at (0,0) size 0x0
        RenderTableSection (anonymous) at (1,1) size 298x113
          RenderTableRow {tr} at (0,2) size 298x109
            RenderTableCell {td} at (2,2) size 144x109 [border: (1px inset #808080)] [r=0 c=0 rs=1 cs=1]
              RenderText {#text} at (2,2) size 139x105
                text run at (2,2) width 99: "Table width is"
                text run at (2,23) width 139: "300px. This column"
                text run at (2,44) width 117: "should be 1/2 as"
                text run at (2,65) width 59: "wide as "
                text run at (61,65) width 69: "Column 2"
                text run at (2,86) width 62: "or 100px"
            RenderTableCell {td} at (148,2) size 148x109 [border: (1px inset #808080)] [r=0 c=1 rs=1 cs=1]
              RenderText {#text} at (2,2) size 139x105
                text run at (2,2) width 99: "Table width is"
                text run at (2,23) width 139: "300px. This column"
                text run at (2,44) width 132: "should be twice as"
                text run at (2,65) width 59: "wide as "
                text run at (61,65) width 69: "Column 1"
                text run at (2,86) width 62: "or 200px"
