layer at (0,0) size 800x600
  RenderView at (0,0) size 800x600
layer at (0,0) size 800x299
  RenderBlock {html} at (0,0) size 800x299
    RenderBody {body} at (8,16) size 784x275
      RenderBlock {p} at (0,0) size 784x19
        RenderText {#text} at (0,0) size 231x19
          text run at (0,0) width 231: "COLGROUP VALIGN=BASELINE"
      RenderTable {table} at (0,35) size 784x240 [border: (1px outset #808080)]
        RenderTableCol {colgroup} at (0,0) size 0x0
          RenderTableCol {col} at (0,0) size 0x0
          RenderTableCol {col} at (0,0) size 0x0
        RenderTableSection (anonymous) at (1,1) size 782x238
          RenderTableRow {tr} at (0,2) size 782x234
            RenderTableCell {td} at (2,69) size 205x99 [border: (1px inset #808080)] [r=0 c=0 rs=1 cs=1]
              RenderText {#text} at (2,2) size 195x95
                text run at (2,2) width 195: "Compare the baseline of the first"
                text run at (2,21) width 128: "line of text in this cell "
                text run at (130,21) width 47: "with the"
                text run at (2,40) width 192: "baseline of the first line of text in"
                text run at (2,59) width 107: "the next cell: they "
                text run at (109,59) width 58: "should be"
                text run at (2,78) width 99: "vertically aligned"
            RenderTableCell {td} at (209,2) size 571x234 [border: (1px inset #808080)] [r=0 c=1 rs=1 cs=1]
              RenderText {#text} at (2,2) size 521x229
                text run at (2,2) width 515: "Compare the baseline of the first"
                text run at (2,48) width 69: "line "
                text run at (71,48) width 413: "of text in this cell with the"
                text run at (2,94) width 521: "baseline of the first line of text in"
                text run at (2,140) width 509: "the previous cell: they should be"
                text run at (2,186) width 273: "vertically aligned"
