layer at (0,0) size 800x600
  RenderView at (0,0) size 800x600
layer at (0,0) size 800x45
  RenderBlock {html} at (0,0) size 800x45
    RenderBody {body} at (8,8) size 784x29
      RenderTable {table} at (0,0) size 600x29 [border: (1px outset #808080)]
        RenderTableCol {colgroup} at (0,0) size 0x0
          RenderTableCol {col} at (0,0) size 0x0
          RenderTableCol {col} at (0,0) size 0x0
        RenderTableSection (anonymous) at (1,1) size 598x27
          RenderTableRow {tr} at (0,2) size 598x23
            RenderTableCell {td} at (2,2) size 296x23 [border: (1px inset #808080)] [r=0 c=0 rs=1 cs=1]
              RenderText {#text} at (2,2) size 199x19
                text run at (2,2) width 199: "Cell text should be center aligned"
            RenderTableCell {td} at (300,2) size 296x23 [border: (1px inset #808080)] [r=0 c=1 rs=1 cs=1]
              RenderText {#text} at (2,2) size 199x19
                text run at (2,2) width 199: "Cell text should be center aligned"
