layer at (0,0) size 800x600
  RenderView at (0,0) size 800x600
layer at (0,0) size 800x107
  RenderBlock {html} at (0,0) size 800x107
    RenderBody {body} at (8,16) size 784x83
      RenderBlock {p} at (0,0) size 784x19
        RenderText {#text} at (0,0) size 111x19
          text run at (0,0) width 111: "COL WIDTH=px"
      RenderTable {table} at (0,35) size 608x48 [border: (1px outset #808080)]
        RenderTableCol {colgroup} at (0,0) size 0x0
          RenderTableCol {col} at (0,0) size 0x0
          RenderTableCol {col} at (0,0) size 0x0
        RenderTableSection (anonymous) at (1,1) size 606x46
          RenderTableRow {tr} at (0,2) size 606x42
            RenderTableCell {td} at (2,2) size 200x42 [border: (1px inset #808080)] [r=0 c=0 rs=1 cs=1]
              RenderText {#text} at (2,2) size 195x38
                text run at (2,2) width 195: "This column should have a width"
                text run at (2,21) width 78: "of 200 pixels"
            RenderTableCell {td} at (204,11) size 400x23 [border: (1px inset #808080)] [r=0 c=1 rs=1 cs=1]
              RenderText {#text} at (2,2) size 277x19
                text run at (2,2) width 277: "This column should have a width of 400 pixels"
