layer at (0,0) size 800x600
  RenderView at (0,0) size 800x600
layer at (0,0) size 800x131
  RenderBlock {html} at (0,0) size 800x131
    RenderBody {body} at (8,8) size 784x115
      RenderTable {table} at (0,0) size 600x115 [border: (1px outset #808080)]
        RenderTableCol {colgroup} at (0,0) size 0x0
          RenderTableCol {col} at (0,0) size 0x0
          RenderTableCol {col} at (0,0) size 0x0
        RenderTableSection (anonymous) at (1,1) size 598x113
          RenderTableRow {tr} at (0,2) size 598x109
            RenderTableCell {td} at (2,2) size 296x109 [border: (1px inset #808080)] [r=0 c=0 rs=1 cs=1]
              RenderText {#text} at (2,2) size 292x105
                text run at (2,2) width 235: "The text in this cell text should be"
                text run at (2,23) width 187: "justified which means that "
                text run at (189,23) width 88: "the right and"
                text run at (2,44) width 260: "left margins should line up, no matter"
                text run at (2,65) width 95: "how long the "
                text run at (97,65) width 177: "content becomes (except"
                text run at (2,86) width 230: "the last line which should be left "
                text run at (232,86) width 62: "aligned)."
            RenderTableCell {td} at (300,2) size 296x109 [border: (1px inset #808080)] [r=0 c=1 rs=1 cs=1]
              RenderText {#text} at (2,2) size 292x105
                text run at (2,2) width 235: "The text in this cell text should be"
                text run at (2,23) width 187: "justified which means that "
                text run at (189,23) width 88: "the right and"
                text run at (2,44) width 260: "left margins should line up, no matter"
                text run at (2,65) width 95: "how long the "
                text run at (97,65) width 177: "content becomes (except"
                text run at (2,86) width 230: "the last line which should be left "
                text run at (232,86) width 62: "aligned)."
