layer at (0,0) size 800x600
  RenderView at (0,0) size 800x600
layer at (0,0) size 800x121
  RenderBlock {html} at (0,0) size 800x121
    RenderBody {body} at (8,8) size 784x105
      RenderTable {table} at (0,0) size 600x105 [border: (1px outset #808080)]
        RenderTableCol {colgroup} at (0,0) size 0x0
          RenderTableCol {col} at (0,0) size 0x0
          RenderTableCol {col} at (0,0) size 0x0
        RenderTableSection (anonymous) at (1,1) size 598x103
          RenderTableRow {tr} at (0,2) size 598x99
            RenderTableCell {td} at (2,2) size 296x99 [border: (1px inset #808080)] [r=0 c=0 rs=1 cs=1]
              RenderText {#text} at (2,2) size 288x95
                text run at (2,2) width 288: "The text in this cell text should be justified which"
                text run at (2,21) width 68: "means that "
                text run at (70,21) width 213: "the right and left margins should line"
                text run at (2,40) width 165: "up, no matter how long the "
                text run at (167,40) width 102: "content becomes"
                text run at (2,59) width 238: "(except the last line which should be left"
                text run at (2,78) width 51: "aligned)."
            RenderTableCell {td} at (300,2) size 296x99 [border: (1px inset #808080)] [r=0 c=1 rs=1 cs=1]
              RenderText {#text} at (2,2) size 288x95
                text run at (2,2) width 288: "The text in this cell text should be justified which"
                text run at (2,21) width 68: "means that "
                text run at (70,21) width 213: "the right and left margins should line"
                text run at (2,40) width 165: "up, no matter how long the "
                text run at (167,40) width 102: "content becomes"
                text run at (2,59) width 238: "(except the last line which should be left"
                text run at (2,78) width 51: "aligned)."
