layer at (0,0) size 800x600
  RenderView at (0,0) size 800x600
layer at (0,0) size 800x68
  RenderBlock {html} at (0,0) size 800x68
    RenderBody {body} at (8,8) size 784x52
      RenderTable {table} at (0,0) size 408x52 [border: (1px outset #808080)]
        RenderTableCol {colgroup} at (0,0) size 0x0
          RenderTableCol {col} at (0,0) size 0x0
        RenderTableSection (anonymous) at (1,1) size 406x50
          RenderTableRow {tr} at (0,2) size 406x46
            RenderTableCell {td} at (2,2) size 200x46 [border: (1px inset #808080)] [r=0 c=0 rs=1 cs=1]
              RenderText {#text} at (2,2) size 161x42
                text run at (2,2) width 161: "This column should be"
                text run at (2,23) width 82: "200px wide"
            RenderTableCell {td} at (204,2) size 200x46 [border: (1px inset #808080)] [r=0 c=1 rs=1 cs=1]
              RenderText {#text} at (2,2) size 161x42
                text run at (2,2) width 161: "This column should be"
                text run at (2,23) width 82: "200px wide"
