layer at (0,0) size 800x600
  RenderView at (0,0) size 800x600
layer at (0,0) size 800x197
  RenderBlock {html} at (0,0) size 800x197
    RenderBody {body} at (8,16) size 784x173
      RenderBlock {p} at (0,0) size 784x21
        RenderText {#text} at (0,0) size 120x21
          text run at (0,0) width 120: "COL WIDTH=pct"
      RenderTable {table} at (0,37) size 400x136 [border: (1px outset #808080)]
        RenderTableCol {colgroup} at (0,0) size 0x0
          RenderTableCol {col} at (0,0) size 0x0
          RenderTableCol {col} at (0,0) size 0x0
        RenderTableSection (anonymous) at (1,1) size 398x134
          RenderTableRow {tr} at (0,2) size 398x130
            RenderTableCell {td} at (2,2) size 98x130 [border: (1px inset #808080)] [r=0 c=0 rs=1 cs=1]
              RenderText {#text} at (2,2) size 87x126
                text run at (2,2) width 87: "This column"
                text run at (2,23) width 87: "should have"
                text run at (2,44) width 68: "a width of"
                text run at (2,65) width 49: "25% of"
                text run at (2,86) width 62: "400px or"
                text run at (2,107) width 44: "100px"
            RenderTableCell {td} at (102,44) size 294x46 [border: (1px inset #808080)] [r=0 c=1 rs=1 cs=1]
              RenderText {#text} at (2,2) size 286x42
                text run at (2,2) width 286: "This column should have a width of 75%"
                text run at (2,23) width 127: "of 400px or 300px"
