layer at (0,0) size 800x600
  RenderView at (0,0) size 800x600
layer at (0,0) size 800x45
  RenderBlock {html} at (0,0) size 800x45
    RenderBody {body} at (8,8) size 784x29
      RenderTable {table} at (0,0) size 428x29 [border: (1px outset #808080)]
        RenderTableSection (anonymous) at (1,1) size 426x27
          RenderTableRow {tr} at (0,2) size 426x23
            RenderTableCell {td} at (2,2) size 210x23 [border: (1px inset #808080)] [r=0 c=0 rs=1 cs=1]
              RenderText {#text} at (2,2) size 206x19
                text run at (2,2) width 206: "This cell should have 20% spacing"
            RenderTableCell {td} at (214,2) size 210x23 [border: (1px inset #808080)] [r=0 c=1 rs=1 cs=1]
              RenderText {#text} at (2,2) size 206x19
                text run at (2,2) width 206: "This cell should have 20% spacing"
