layer at (0,0) size 800x600
  RenderView at (0,0) size 800x600
layer at (0,0) size 800x198
  RenderBlock {html} at (0,0) size 800x198
    RenderBody {body} at (8,16) size 784x174
      RenderBlock {p} at (0,0) size 784x42
        RenderText {#text} at (0,0) size 753x42
          text run at (0,0) width 450: "No 'number' specification is given for border. There should be a "
          text run at (450,0) width 303: "2 pixel border around the frame of the table"
          text run at (0,21) width 47: "below."
      RenderTable {table} at (0,58) size 193x116 [border: (1px outset #808080)]
        RenderTableCol {colgroup} at (0,0) size 0x0
          RenderTableCol {col} at (0,0) size 0x0
        RenderTableCol {colgroup} at (0,0) size 0x0
          RenderTableCol {col} at (0,0) size 0x0
        RenderTableCol {colgroup} at (0,0) size 0x0
          RenderTableCol {col} at (0,0) size 0x0
        RenderTableSection {thead} at (1,1) size 191x29
          RenderTableRow {tr} at (0,2) size 191x25
            RenderTableCell {th} at (2,2) size 61x25 [border: (1px inset #808080)] [r=0 c=0 rs=1 cs=1]
              RenderText {#text} at (2,2) size 57x21
                text run at (2,2) width 57: "THEAD"
            RenderTableCell {th} at (65,2) size 61x25 [border: (1px inset #808080)] [r=0 c=1 rs=1 cs=1]
              RenderText {#text} at (2,2) size 57x21
                text run at (2,2) width 57: "THEAD"
            RenderTableCell {th} at (128,2) size 61x25 [border: (1px inset #808080)] [r=0 c=2 rs=1 cs=1]
              RenderText {#text} at (2,2) size 57x21
                text run at (2,2) width 57: "THEAD"
        RenderTableSection {tfoot} at (1,86) size 191x29
          RenderTableRow {tr} at (0,2) size 191x25
            RenderTableCell {td} at (2,2) size 61x25 [border: (1px inset #808080)] [r=0 c=0 rs=1 cs=1]
              RenderText {#text} at (2,2) size 54x21
                text run at (2,2) width 54: "TFOOT"
            RenderTableCell {td} at (65,2) size 61x25 [border: (1px inset #808080)] [r=0 c=1 rs=1 cs=1]
              RenderText {#text} at (2,2) size 54x21
                text run at (2,2) width 54: "TFOOT"
            RenderTableCell {td} at (128,2) size 61x25 [border: (1px inset #808080)] [r=0 c=2 rs=1 cs=1]
              RenderText {#text} at (2,2) size 54x21
                text run at (2,2) width 54: "TFOOT"
        RenderTableSection {tbody} at (1,30) size 191x56
          RenderTableRow {tr} at (0,2) size 191x25
            RenderTableCell {td} at (2,2) size 61x25 [border: (1px inset #808080)] [r=0 c=0 rs=1 cs=1]
              RenderText {#text} at (2,2) size 56x21
                text run at (2,2) width 56: "TBODY"
            RenderTableCell {td} at (65,2) size 61x25 [border: (1px inset #808080)] [r=0 c=1 rs=1 cs=1]
              RenderText {#text} at (2,2) size 56x21
                text run at (2,2) width 56: "TBODY"
            RenderTableCell {td} at (128,2) size 61x25 [border: (1px inset #808080)] [r=0 c=2 rs=1 cs=1]
              RenderText {#text} at (2,2) size 56x21
                text run at (2,2) width 56: "TBODY"
          RenderTableRow {tr} at (0,29) size 191x25
            RenderTableCell {td} at (2,29) size 61x25 [border: (1px inset #808080)] [r=1 c=0 rs=1 cs=1]
              RenderText {#text} at (2,2) size 56x21
                text run at (2,2) width 56: "TBODY"
            RenderTableCell {td} at (65,29) size 61x25 [border: (1px inset #808080)] [r=1 c=1 rs=1 cs=1]
              RenderText {#text} at (2,2) size 56x21
                text run at (2,2) width 56: "TBODY"
            RenderTableCell {td} at (128,29) size 61x25 [border: (1px inset #808080)] [r=1 c=2 rs=1 cs=1]
              RenderText {#text} at (2,2) size 56x21
                text run at (2,2) width 56: "TBODY"
