layer at (0,0) size 800x600
  RenderView at (0,0) size 800x600
layer at (0,0) size 800x167
  RenderBlock {html} at (0,0) size 800x167
    RenderBody {body} at (8,16) size 784x143
      RenderBlock {p} at (0,0) size 784x21
        RenderText {#text} at (0,0) size 445x21
          text run at (0,0) width 398: "There should be no border around the frame of the table "
          text run at (398,0) width 47: "below."
      RenderTable {table} at (0,37) size 185x106
        RenderTableCol {colgroup} at (0,0) size 0x0
          RenderTableCol {col} at (0,0) size 0x0
        RenderTableCol {colgroup} at (0,0) size 0x0
          RenderTableCol {col} at (0,0) size 0x0
        RenderTableCol {colgroup} at (0,0) size 0x0
          RenderTableCol {col} at (0,0) size 0x0
        RenderTableSection {thead} at (0,0) size 185x27
          RenderTableRow {tr} at (0,2) size 185x23
            RenderTableCell {th} at (2,2) size 59x23 [r=0 c=0 rs=1 cs=1]
              RenderText {#text} at (1,1) size 57x21
                text run at (1,1) width 57: "THEAD"
            RenderTableCell {th} at (63,2) size 59x23 [r=0 c=1 rs=1 cs=1]
              RenderText {#text} at (1,1) size 57x21
                text run at (1,1) width 57: "THEAD"
            RenderTableCell {th} at (124,2) size 59x23 [r=0 c=2 rs=1 cs=1]
              RenderText {#text} at (1,1) size 57x21
                text run at (1,1) width 57: "THEAD"
        RenderTableSection {tfoot} at (0,79) size 185x27
          RenderTableRow {tr} at (0,2) size 185x23
            RenderTableCell {td} at (2,2) size 59x23 [r=0 c=0 rs=1 cs=1]
              RenderText {#text} at (1,1) size 54x21
                text run at (1,1) width 54: "TFOOT"
            RenderTableCell {td} at (63,2) size 59x23 [r=0 c=1 rs=1 cs=1]
              RenderText {#text} at (1,1) size 54x21
                text run at (1,1) width 54: "TFOOT"
            RenderTableCell {td} at (124,2) size 59x23 [r=0 c=2 rs=1 cs=1]
              RenderText {#text} at (1,1) size 54x21
                text run at (1,1) width 54: "TFOOT"
        RenderTableSection {tbody} at (0,27) size 185x52
          RenderTableRow {tr} at (0,2) size 185x23
            RenderTableCell {td} at (2,2) size 59x23 [r=0 c=0 rs=1 cs=1]
              RenderText {#text} at (1,1) size 56x21
                text run at (1,1) width 56: "TBODY"
            RenderTableCell {td} at (63,2) size 59x23 [r=0 c=1 rs=1 cs=1]
              RenderText {#text} at (1,1) size 56x21
                text run at (1,1) width 56: "TBODY"
            RenderTableCell {td} at (124,2) size 59x23 [r=0 c=2 rs=1 cs=1]
              RenderText {#text} at (1,1) size 56x21
                text run at (1,1) width 56: "TBODY"
          RenderTableRow {tr} at (0,27) size 185x23
            RenderTableCell {td} at (2,27) size 59x23 [r=1 c=0 rs=1 cs=1]
              RenderText {#text} at (1,1) size 56x21
                text run at (1,1) width 56: "TBODY"
            RenderTableCell {td} at (63,27) size 59x23 [r=1 c=1 rs=1 cs=1]
              RenderText {#text} at (1,1) size 56x21
                text run at (1,1) width 56: "TBODY"
            RenderTableCell {td} at (124,27) size 59x23 [r=1 c=2 rs=1 cs=1]
              RenderText {#text} at (1,1) size 56x21
                text run at (1,1) width 56: "TBODY"
