layer at (0,0) size 800x600
  RenderView at (0,0) size 800x600
layer at (0,0) size 800x199
  RenderBlock {html} at (0,0) size 800x199
    RenderBody {body} at (8,16) size 784x175
      RenderBlock {p} at (0,0) size 784x19
        RenderText {#text} at (0,0) size 286x19
          text run at (0,0) width 286: "In this test, the TBODY text should be justified."
      RenderTable {table} at (0,35) size 300x140 [border: (1px outset #808080)]
        RenderTableSection {thead} at (1,1) size 298x27
          RenderTableRow {tr} at (0,2) size 298x23
            RenderTableCell {td} at (2,2) size 294x23 [border: (1px inset #808080)] [r=0 c=0 rs=1 cs=1]
              RenderText {#text} at (2,2) size 155x19
                text run at (2,2) width 155: "This text is in the THEAD"
        RenderTableSection {tfoot} at (1,112) size 298x27
          RenderTableRow {tr} at (0,2) size 298x23
            RenderTableCell {td} at (2,2) size 294x23 [border: (1px inset #808080)] [r=0 c=0 rs=1 cs=1]
              RenderText {#text} at (2,2) size 155x19
                text run at (2,2) width 155: "This text is in the TFOOT"
        RenderTableSection {tbody} at (1,28) size 298x84
          RenderTableRow {tr} at (0,2) size 298x80
            RenderTableCell {td} at (2,2) size 294x80 [border: (1px inset #808080)] [r=0 c=0 rs=1 cs=1]
              RenderText {#text} at (2,2) size 290x76
                text run at (2,2) width 290: "This TBODY text should be justified which"
                text run at (2,21) width 124: "means that the right "
                text run at (126,21) width 166: "and left margins should line"
                text run at (2,40) width 236: "up, no matter how long the content "
                text run at (238,40) width 54: "becomes"
                text run at (2,59) width 289: "(except the last line which should be left aligned)"
