layer at (0,0) size 800x600
  RenderView at (0,0) size 800x600
layer at (0,0) size 800x231
  RenderBlock {html} at (0,0) size 800x231
    RenderBody {body} at (8,16) size 784x207
      RenderBlock {p} at (0,0) size 784x21
        RenderText {#text} at (0,0) size 438x21
          text run at (0,0) width 438: "The numbers in the TBODY should align at the decimal points"
      RenderTable {table} at (0,37) size 394x170 [border: (1px outset #808080)]
        RenderTableSection {thead} at (1,1) size 392x56
          RenderTableRow {tr} at (0,2) size 392x25
            RenderTableCell {td} at (2,2) size 122x25 [border: (1px inset #808080)] [r=0 c=0 rs=1 cs=1]
              RenderText {#text} at (2,2) size 56x21
                text run at (2,2) width 56: "THEAD"
            RenderTableCell {td} at (126,2) size 131x25 [border: (1px inset #808080)] [r=0 c=1 rs=1 cs=1]
              RenderText {#text} at (2,2) size 56x21
                text run at (2,2) width 56: "THEAD"
            RenderTableCell {td} at (259,2) size 131x25 [border: (1px inset #808080)] [r=0 c=2 rs=1 cs=1]
              RenderText {#text} at (2,2) size 56x21
                text run at (2,2) width 56: "THEAD"
          RenderTableRow {tr} at (0,29) size 392x25
            RenderTableCell {td} at (2,29) size 122x25 [border: (1px inset #808080)] [r=1 c=0 rs=1 cs=1]
              RenderText {#text} at (2,2) size 56x21
                text run at (2,2) width 56: "THEAD"
            RenderTableCell {td} at (126,29) size 131x25 [border: (1px inset #808080)] [r=1 c=1 rs=1 cs=1]
              RenderText {#text} at (2,2) size 56x21
                text run at (2,2) width 56: "THEAD"
            RenderTableCell {td} at (259,29) size 131x25 [border: (1px inset #808080)] [r=1 c=2 rs=1 cs=1]
              RenderText {#text} at (2,2) size 56x21
                text run at (2,2) width 56: "THEAD"
        RenderTableSection {tfoot} at (1,113) size 392x56
          RenderTableRow {tr} at (0,2) size 392x25
            RenderTableCell {td} at (2,2) size 122x25 [border: (1px inset #808080)] [r=0 c=0 rs=1 cs=1]
              RenderText {#text} at (2,2) size 54x21
                text run at (2,2) width 54: "TFOOT"
            RenderTableCell {td} at (126,2) size 131x25 [border: (1px inset #808080)] [r=0 c=1 rs=1 cs=1]
              RenderText {#text} at (2,2) size 54x21
                text run at (2,2) width 54: "TFOOT"
            RenderTableCell {td} at (259,2) size 131x25 [border: (1px inset #808080)] [r=0 c=2 rs=1 cs=1]
              RenderText {#text} at (2,2) size 54x21
                text run at (2,2) width 54: "TFOOT"
          RenderTableRow {tr} at (0,29) size 392x25
            RenderTableCell {td} at (2,29) size 122x25 [border: (1px inset #808080)] [r=1 c=0 rs=1 cs=1]
              RenderText {#text} at (2,2) size 54x21
                text run at (2,2) width 54: "TFOOT"
            RenderTableCell {td} at (126,29) size 131x25 [border: (1px inset #808080)] [r=1 c=1 rs=1 cs=1]
              RenderText {#text} at (2,2) size 54x21
                text run at (2,2) width 54: "TFOOT"
            RenderTableCell {td} at (259,29) size 131x25 [border: (1px inset #808080)] [r=1 c=2 rs=1 cs=1]
              RenderText {#text} at (2,2) size 54x21
                text run at (2,2) width 54: "TFOOT"
        RenderTableSection {tbody} at (1,57) size 392x56
          RenderTableRow {tr} at (0,2) size 392x25
            RenderTableCell {td} at (2,2) size 122x25 [border: (1px inset #808080)] [r=0 c=0 rs=1 cs=1]
              RenderText {#text} at (2,2) size 100x21
                text run at (2,2) width 100: "TBODY 55.00"
            RenderTableCell {td} at (126,2) size 131x25 [border: (1px inset #808080)] [r=0 c=1 rs=1 cs=1]
              RenderText {#text} at (2,2) size 127x21
                text run at (2,2) width 127: "TBODY 55555.00"
            RenderTableCell {td} at (259,2) size 131x25 [border: (1px inset #808080)] [r=0 c=2 rs=1 cs=1]
              RenderText {#text} at (2,2) size 109x21
                text run at (2,2) width 109: "TBODY 555.00"
          RenderTableRow {tr} at (0,29) size 392x25
            RenderTableCell {td} at (2,29) size 122x25 [border: (1px inset #808080)] [r=1 c=0 rs=1 cs=1]
              RenderText {#text} at (2,2) size 118x21
                text run at (2,2) width 118: "TBODY 1234.56"
            RenderTableCell {td} at (126,29) size 131x25 [border: (1px inset #808080)] [r=1 c=1 rs=1 cs=1]
              RenderText {#text} at (2,2) size 109x21
                text run at (2,2) width 109: "TBODY 123.45"
            RenderTableCell {td} at (259,29) size 131x25 [border: (1px inset #808080)] [r=1 c=2 rs=1 cs=1]
              RenderText {#text} at (2,2) size 127x21
                text run at (2,2) width 127: "TBODY 12345.67"
