layer at (0,0) size 800x600
  RenderView at (0,0) size 800x600
layer at (0,0) size 800x327
  RenderBlock {html} at (0,0) size 800x327
    RenderBody {body} at (8,16) size 784x303
      RenderBlock {p} at (0,0) size 784x19
        RenderText {#text} at (0,0) size 191x19
          text run at (0,0) width 191: "TBODY VALIGN=BOTTOM"
      RenderTable {table} at (0,35) size 784x268 [border: (1px outset #808080)]
        RenderTableSection {thead} at (1,1) size 782x27
          RenderTableRow {tr} at (0,2) size 782x23
            RenderTableCell {td} at (2,2) size 204x23 [border: (1px inset #808080)] [r=0 c=0 rs=1 cs=1]
              RenderText {#text} at (2,2) size 51x19
                text run at (2,2) width 51: "THEAD"
            RenderTableCell {td} at (208,2) size 572x23 [border: (1px inset #808080)] [r=0 c=1 rs=1 cs=1]
              RenderText {#text} at (2,2) size 51x19
                text run at (2,2) width 51: "THEAD"
        RenderTableSection {tfoot} at (1,240) size 782x27
          RenderTableRow {tr} at (0,2) size 782x23
            RenderTableCell {td} at (2,2) size 204x23 [border: (1px inset #808080)] [r=0 c=0 rs=1 cs=1]
              RenderText {#text} at (2,2) size 51x19
                text run at (2,2) width 51: "TFOOT"
            RenderTableCell {td} at (208,2) size 572x23 [border: (1px inset #808080)] [r=0 c=1 rs=1 cs=1]
              RenderText {#text} at (2,2) size 51x19
                text run at (2,2) width 51: "TFOOT"
        RenderTableSection {tbody} at (1,28) size 782x212
          RenderTableRow {tr} at (0,2) size 782x208
            RenderTableCell {td} at (2,2) size 204x208 [border: (1px inset #808080)] [r=0 c=0 rs=1 cs=1]
              RenderImage {img} at (2,2) size 200x200
            RenderTableCell {td} at (208,149) size 572x61 [border: (1px inset #808080)] [r=0 c=1 rs=1 cs=1]
              RenderText {#text} at (2,2) size 566x57
                text run at (2,2) width 343: "The bottom of this text should be vertically aligned to the "
                text run at (345,2) width 214: "bottom of the image. x-fill x-fill x-fill"
                text run at (2,21) width 90: "x-fill x-fill x-fill "
                text run at (92,21) width 270: "x-fill x-fill x-fill x-fill x-fill x-fill x-fill x-fill x-fill "
                text run at (362,21) width 206: "x-fill x-fill x-fill x-fill x-fill x-fill x-fill"
                text run at (2,40) width 60: "x-fill x-fill "
                text run at (62,40) width 116: "x-fill x-fill x-fill x-fill"
