layer at (0,0) size 800x600
  RenderView at (0,0) size 800x600
layer at (0,0) size 800x47
  RenderBlock {html} at (0,0) size 800x47
    RenderBody {body} at (8,8) size 784x31
      RenderTable {table} at (0,0) size 616x31 [border: (1px outset #808080)]
        RenderTableSection {tbody} at (1,1) size 614x29 [bgcolor=#00FF00]
          RenderTableRow {tr} at (0,2) size 614x25
            RenderTableCell {td} at (2,2) size 304x25 [border: (1px inset #808080)] [r=0 c=0 rs=1 cs=1]
              RenderText {#text} at (2,2) size 300x21
                text run at (2,2) width 300: "This tbody should have a lime background"
            RenderTableCell {td} at (308,2) size 304x25 [border: (1px inset #808080)] [r=0 c=1 rs=1 cs=1]
              RenderText {#text} at (2,2) size 300x21
                text run at (2,2) width 300: "This tbody should have a lime background"
