layer at (0,0) size 800x600
  RenderView at (0,0) size 800x600
layer at (0,0) size 800x327
  RenderBlock {html} at (0,0) size 800x327
    RenderBody {body} at (8,16) size 784x303
      RenderBlock {p} at (0,0) size 784x19
        RenderText {#text} at (0,0) size 155x19
          text run at (0,0) width 155: "TBODY VALIGN=TOP"
      RenderTable {table} at (0,35) size 633x268 [border: (1px outset #808080)]
        RenderTableSection {thead} at (1,1) size 631x27
          RenderTableRow {tr} at (0,2) size 631x23
            RenderTableCell {td} at (2,2) size 204x23 [border: (1px inset #808080)] [r=0 c=0 rs=1 cs=1]
              RenderText {#text} at (2,2) size 51x19
                text run at (2,2) width 51: "THEAD"
            RenderTableCell {td} at (208,2) size 421x23 [border: (1px inset #808080)] [r=0 c=1 rs=1 cs=1]
              RenderText {#text} at (2,2) size 51x19
                text run at (2,2) width 51: "THEAD"
        RenderTableSection {tfoot} at (1,240) size 631x27
          RenderTableRow {tr} at (0,2) size 631x23
            RenderTableCell {td} at (2,2) size 204x23 [border: (1px inset #808080)] [r=0 c=0 rs=1 cs=1]
              RenderText {#text} at (2,2) size 51x19
                text run at (2,2) width 51: "TFOOT"
            RenderTableCell {td} at (208,2) size 421x23 [border: (1px inset #808080)] [r=0 c=1 rs=1 cs=1]
              RenderText {#text} at (2,2) size 51x19
                text run at (2,2) width 51: "TFOOT"
        RenderTableSection {tbody} at (1,28) size 631x212
          RenderTableRow {tr} at (0,2) size 631x208
            RenderTableCell {td} at (2,2) size 204x208 [border: (1px inset #808080)] [r=0 c=0 rs=1 cs=1]
              RenderImage {img} at (2,2) size 200x200
            RenderTableCell {td} at (208,2) size 421x23 [border: (1px inset #808080)] [r=0 c=1 rs=1 cs=1]
              RenderText {#text} at (2,2) size 417x19
                text run at (2,2) width 360: "The top of this text should be vertically aligned to the top of "
                text run at (362,2) width 57: "the image"
