layer at (0,0) size 800x600
  RenderView at (0,0) size 800x600
layer at (0,0) size 800x45
  RenderBlock {html} at (0,0) size 800x45
    RenderBody {body} at (8,8) size 784x29
      RenderTable {table} at (0,0) size 494x29 [border: (1px outset #808080)]
        RenderTableSection (anonymous) at (1,1) size 492x27
          RenderTableRow {tr} at (0,2) size 492x23
            RenderTableCell {td} at (2,2) size 243x23 [bgcolor=#00FF00] [border: (1px inset #808080)] [r=0 c=0 rs=1 cs=1]
              RenderText {#text} at (2,2) size 239x19
                text run at (2,2) width 167: "This cell should have a lime "
                text run at (169,2) width 72: "background"
            RenderTableCell {td} at (247,2) size 243x23 [bgcolor=#00FF00] [border: (1px inset #808080)] [r=0 c=1 rs=1 cs=1]
              RenderText {#text} at (2,2) size 239x19
                text run at (2,2) width 167: "This cell should have a lime "
                text run at (169,2) width 72: "background"
