layer at (0,0) size 800x600
  RenderView at (0,0) size 800x600
layer at (0,0) size 800x70
  RenderBlock {html} at (0,0) size 800x70
    RenderBody {body} at (8,8) size 784x54
      RenderTable {table} at (0,0) size 177x54 [border: (1px outset #808080)]
        RenderTableSection (anonymous) at (1,1) size 175x52
          RenderTableRow {tr} at (0,2) size 175x23
            RenderTableCell {td} at (2,2) size 171x23 [border: (1px inset #808080)] [r=0 c=0 rs=1 cs=2]
              RenderText {#text} at (2,2) size 167x19
                text run at (2,2) width 167: "This cell spans two columns"
          RenderTableRow {tr} at (0,27) size 175x23
            RenderTableCell {td} at (2,27) size 84x23 [border: (1px inset #808080)] [r=1 c=0 rs=1 cs=1]
              RenderText {#text} at (2,2) size 46x19
                text run at (2,2) width 46: "xxx xxx"
            RenderTableCell {td} at (88,27) size 85x23 [border: (1px inset #808080)] [r=1 c=1 rs=1 cs=1]
              RenderText {#text} at (2,2) size 46x19
                text run at (2,2) width 46: "xxx xxx"
