layer at (0,0) size 930x584
  RenderView at (0,0) size 800x584
layer at (0,0) size 800x74
  RenderBlock {html} at (0,0) size 800x74
    RenderBody {body} at (8,8) size 784x58
      RenderTable {table} at (0,0) size 922x58 [border: (1px outset #808080)]
        RenderTableSection (anonymous) at (1,1) size 920x56
          RenderTableRow {tr} at (0,2) size 920x25
            RenderTableCell {td} at (2,2) size 916x25 [border: (1px inset #808080)] [r=0 c=0 rs=1 cs=1]
              RenderText {#text} at (2,2) size 912x21
                text run at (2,2) width 290: "The text in the cell should not wrap upon "
                text run at (292,2) width 263: "window resizing    x-fill x-fill x-fill x-fill "
                text run at (555,2) width 297: "x-fill x-fill x-fill x-fill x-fill x-fill x-fill x-fill x-fill "
                text run at (852,2) width 62: "x-fill x-fill"
          RenderTableRow {tr} at (0,29) size 920x25
            RenderTableCell {td} at (2,29) size 916x25 [border: (1px inset #808080)] [r=1 c=0 rs=1 cs=1]
              RenderText {#text} at (2,2) size 912x21
                text run at (2,2) width 290: "The text in the cell should not wrap upon "
                text run at (292,2) width 263: "window resizing    x-fill x-fill x-fill x-fill "
                text run at (555,2) width 297: "x-fill x-fill x-fill x-fill x-fill x-fill x-fill x-fill x-fill "
                text run at (852,2) width 62: "x-fill x-fill"
