layer at (0,0) size 800x600
  RenderView at (0,0) size 800x600
layer at (0,0) size 800x266
  RenderBlock {html} at (0,0) size 800x266
    RenderBody {body} at (8,16) size 784x242
      RenderBlock {p} at (0,0) size 784x19
        RenderText {#text} at (0,0) size 142x19
          text run at (0,0) width 142: "TEST: td align=\"center\""
      RenderBlock {p} at (0,35) size 784x38
        RenderInline {b} at (0,0) size 74x19
          RenderText {#text} at (0,0) size 74x19
            text run at (0,0) width 74: "Example 1."
        RenderBR {br} at (74,0) size 0x19
        RenderText {#text} at (0,19) size 117x19
          text run at (0,19) width 117: "Table width=100%"
      RenderTable {table} at (0,89) size 784x29 [border: (1px outset #808080)]
        RenderTableSection (anonymous) at (1,1) size 782x27
          RenderTableRow {tr} at (0,2) size 782x23
            RenderTableCell {td} at (2,2) size 778x23 [border: (1px inset #808080)] [r=0 c=0 rs=1 cs=1]
              RenderText {#text} at (289,2) size 200x19
                text run at (289,2) width 200: "Cell text should be center aligned"
      RenderBlock {p} at (0,134) size 784x38
        RenderInline {b} at (0,0) size 74x19
          RenderText {#text} at (0,0) size 74x19
            text run at (0,0) width 74: "Example 2."
        RenderBR {br} at (74,0) size 0x19
        RenderText {#text} at (0,19) size 405x19
          text run at (0,19) width 381: "No specific table width; text in second row exceeds text in first "
          text run at (381,19) width 24: "row"
      RenderTable {table} at (0,188) size 506x54 [border: (1px outset #808080)]
        RenderTableSection (anonymous) at (1,1) size 504x52
          RenderTableRow {tr} at (0,2) size 504x23
            RenderTableCell {td} at (2,2) size 500x23 [border: (1px inset #808080)] [r=0 c=0 rs=1 cs=1]
              RenderText {#text} at (150,2) size 200x19
                text run at (150,2) width 200: "Cell text should be center aligned"
          RenderTableRow {tr} at (0,27) size 504x23
            RenderTableCell {td} at (2,27) size 500x23 [border: (1px inset #808080)] [r=1 c=0 rs=1 cs=1]
              RenderText {#text} at (2,2) size 496x19
                text run at (2,2) width 400: "xxx xxx xxx xxx xxx xxx xxx xxx xxx xxx xxx xxx xxx xxx xxx xxx "
                text run at (402,2) width 96: "xxx xxx xxx xxx"
