layer at (0,0) size 800x600
  RenderView at (0,0) size 800x600
layer at (0,0) size 800x231
  RenderBlock {html} at (0,0) size 800x231
    RenderBody {body} at (8,16) size 784x207
      RenderBlock {p} at (0,0) size 784x21
        RenderText {#text} at (0,0) size 436x21
          text run at (0,0) width 436: "The numbers in the TFOOT should align at the decimal points"
      RenderTable {table} at (0,37) size 388x170 [border: (1px outset #808080)]
        RenderTableSection {thead} at (1,1) size 386x56
          RenderTableRow {tr} at (0,2) size 386x25
            RenderTableCell {td} at (2,2) size 120x25 [border: (1px inset #808080)] [r=0 c=0 rs=1 cs=1]
              RenderText {#text} at (2,2) size 56x21
                text run at (2,2) width 56: "THEAD"
            RenderTableCell {td} at (124,2) size 129x25 [border: (1px inset #808080)] [r=0 c=1 rs=1 cs=1]
              RenderText {#text} at (2,2) size 56x21
                text run at (2,2) width 56: "THEAD"
            RenderTableCell {td} at (255,2) size 129x25 [border: (1px inset #808080)] [r=0 c=2 rs=1 cs=1]
              RenderText {#text} at (2,2) size 56x21
                text run at (2,2) width 56: "THEAD"
          RenderTableRow {tr} at (0,29) size 386x25
            RenderTableCell {td} at (2,29) size 120x25 [border: (1px inset #808080)] [r=1 c=0 rs=1 cs=1]
              RenderText {#text} at (2,2) size 56x21
                text run at (2,2) width 56: "THEAD"
            RenderTableCell {td} at (124,29) size 129x25 [border: (1px inset #808080)] [r=1 c=1 rs=1 cs=1]
              RenderText {#text} at (2,2) size 56x21
                text run at (2,2) width 56: "THEAD"
            RenderTableCell {td} at (255,29) size 129x25 [border: (1px inset #808080)] [r=1 c=2 rs=1 cs=1]
              RenderText {#text} at (2,2) size 56x21
                text run at (2,2) width 56: "THEAD"
        RenderTableSection {tfoot} at (1,113) size 386x56
          RenderTableRow {tr} at (0,2) size 386x25
            RenderTableCell {td} at (2,2) size 120x25 [border: (1px inset #808080)] [r=0 c=0 rs=1 cs=1]
              RenderText {#text} at (2,2) size 98x21
                text run at (2,2) width 98: "TFOOT 55.00"
            RenderTableCell {td} at (124,2) size 129x25 [border: (1px inset #808080)] [r=0 c=1 rs=1 cs=1]
              RenderText {#text} at (2,2) size 125x21
                text run at (2,2) width 125: "TFOOT 55555.00"
            RenderTableCell {td} at (255,2) size 129x25 [border: (1px inset #808080)] [r=0 c=2 rs=1 cs=1]
              RenderText {#text} at (2,2) size 107x21
                text run at (2,2) width 107: "TFOOT 555.00"
          RenderTableRow {tr} at (0,29) size 386x25
            RenderTableCell {td} at (2,29) size 120x25 [border: (1px inset #808080)] [r=1 c=0 rs=1 cs=1]
              RenderText {#text} at (2,2) size 116x21
                text run at (2,2) width 116: "TFOOT 1234.56"
            RenderTableCell {td} at (124,29) size 129x25 [border: (1px inset #808080)] [r=1 c=1 rs=1 cs=1]
              RenderText {#text} at (2,2) size 107x21
                text run at (2,2) width 107: "TFOOT 123.45"
            RenderTableCell {td} at (255,29) size 129x25 [border: (1px inset #808080)] [r=1 c=2 rs=1 cs=1]
              RenderText {#text} at (2,2) size 125x21
                text run at (2,2) width 125: "TFOOT 12345.67"
        RenderTableSection {tbody} at (1,57) size 386x56
          RenderTableRow {tr} at (0,2) size 386x25
            RenderTableCell {td} at (2,2) size 120x25 [border: (1px inset #808080)] [r=0 c=0 rs=1 cs=1]
              RenderText {#text} at (2,2) size 56x21
                text run at (2,2) width 56: "TBODY"
            RenderTableCell {td} at (124,2) size 129x25 [border: (1px inset #808080)] [r=0 c=1 rs=1 cs=1]
              RenderText {#text} at (2,2) size 56x21
                text run at (2,2) width 56: "TBODY"
            RenderTableCell {td} at (255,2) size 129x25 [border: (1px inset #808080)] [r=0 c=2 rs=1 cs=1]
              RenderText {#text} at (2,2) size 56x21
                text run at (2,2) width 56: "TBODY"
          RenderTableRow {tr} at (0,29) size 386x25
            RenderTableCell {td} at (2,29) size 120x25 [border: (1px inset #808080)] [r=1 c=0 rs=1 cs=1]
              RenderText {#text} at (2,2) size 56x21
                text run at (2,2) width 56: "TBODY"
            RenderTableCell {td} at (124,29) size 129x25 [border: (1px inset #808080)] [r=1 c=1 rs=1 cs=1]
              RenderText {#text} at (2,2) size 56x21
                text run at (2,2) width 56: "TBODY"
            RenderTableCell {td} at (255,29) size 129x25 [border: (1px inset #808080)] [r=1 c=2 rs=1 cs=1]
              RenderText {#text} at (2,2) size 56x21
                text run at (2,2) width 56: "TBODY"
