layer at (0,0) size 800x600
  RenderView at (0,0) size 800x600
layer at (0,0) size 800x334
  RenderBlock {html} at (0,0) size 800x334
    RenderBody {body} at (8,16) size 784x310
      RenderBlock {p} at (0,0) size 784x21
        RenderText {#text} at (0,0) size 159x21
          text run at (0,0) width 159: "TFOOT VALIGN=TOP"
      RenderTable {table} at (0,37) size 703x273 [border: (1px outset #808080)]
        RenderTableSection {thead} at (1,1) size 701x29
          RenderTableRow {tr} at (0,2) size 701x25
            RenderTableCell {td} at (2,2) size 204x25 [border: (1px inset #808080)] [r=0 c=0 rs=1 cs=1]
              RenderText {#text} at (2,2) size 56x21
                text run at (2,2) width 56: "THEAD"
            RenderTableCell {td} at (208,2) size 491x25 [border: (1px inset #808080)] [r=0 c=1 rs=1 cs=1]
              RenderText {#text} at (2,2) size 56x21
                text run at (2,2) width 56: "THEAD"
        RenderTableSection {tfoot} at (1,59) size 701x213
          RenderTableRow {tr} at (0,2) size 701x209
            RenderTableCell {td} at (2,2) size 204x209 [border: (1px inset #808080)] [r=0 c=0 rs=1 cs=1]
              RenderImage {img} at (2,2) size 200x200
            RenderTableCell {td} at (208,2) size 491x25 [border: (1px inset #808080)] [r=0 c=1 rs=1 cs=1]
              RenderText {#text} at (2,2) size 487x21
                text run at (2,2) width 417: "The top of this text should be vertically aligned to the top of "
                text run at (419,2) width 70: "the image"
        RenderTableSection {tbody} at (1,30) size 701x29
          RenderTableRow {tr} at (0,2) size 701x25
            RenderTableCell {td} at (2,2) size 204x25 [border: (1px inset #808080)] [r=0 c=0 rs=1 cs=1]
              RenderText {#text} at (2,2) size 56x21
                text run at (2,2) width 56: "TBODY"
            RenderTableCell {td} at (208,2) size 491x25 [border: (1px inset #808080)] [r=0 c=1 rs=1 cs=1]
              RenderText {#text} at (2,2) size 56x21
                text run at (2,2) width 56: "TBODY"
