layer at (0,0) size 800x600
  RenderView at (0,0) size 800x600
layer at (0,0) size 800x150
  RenderBlock {html} at (0,0) size 800x150
    RenderBody {body} at (8,16) size 784x126
      RenderBlock {p} at (0,0) size 784x21
        RenderText {#text} at (0,0) size 354x21
          text run at (0,0) width 354: "In this test, the TFOOT text should be right aligned"
      RenderTable {table} at (0,37) size 189x89 [border: (1px outset #808080)]
        RenderTableSection {thead} at (1,1) size 187x29
          RenderTableRow {tr} at (0,2) size 187x25
            RenderTableCell {td} at (2,2) size 183x25 [border: (1px inset #808080)] [r=0 c=0 rs=1 cs=1]
              RenderText {#text} at (2,2) size 179x21
                text run at (2,2) width 179: "This text is in the THEAD"
        RenderTableSection {tfoot} at (1,59) size 187x29
          RenderTableRow {tr} at (0,2) size 187x25
            RenderTableCell {td} at (2,2) size 183x25 [border: (1px inset #808080)] [r=0 c=0 rs=1 cs=1]
              RenderText {#text} at (127,2) size 54x21
                text run at (127,2) width 54: "TFOOT"
        RenderTableSection {tbody} at (1,30) size 187x29
          RenderTableRow {tr} at (0,2) size 187x25
            RenderTableCell {td} at (2,2) size 183x25 [border: (1px inset #808080)] [r=0 c=0 rs=1 cs=1]
              RenderText {#text} at (2,2) size 179x21
                text run at (2,2) width 179: "This text is in the TBODY"
