layer at (0,0) size 800x600
  RenderView at (0,0) size 800x600
layer at (0,0) size 800x76
  RenderBlock {html} at (0,0) size 800x76
    RenderBody {body} at (8,8) size 784x60
      RenderTable {table} at (0,0) size 692x60 [border: (1px outset #808080)]
        RenderTableSection {tfoot} at (1,30) size 690x29 [bgcolor=#00FF00]
          RenderTableRow {tr} at (0,2) size 690x25
            RenderTableCell {td} at (2,2) size 342x25 [border: (1px inset #808080)] [r=0 c=0 rs=1 cs=1]
              RenderText {#text} at (2,2) size 291x21
                text run at (2,2) width 291: "This tfoot should have a lime background"
            RenderTableCell {td} at (346,2) size 342x25 [border: (1px inset #808080)] [r=0 c=1 rs=1 cs=1]
              RenderText {#text} at (2,2) size 291x21
                text run at (2,2) width 291: "This tfoot should have a lime background"
        RenderTableSection {tbody} at (1,1) size 690x29
          RenderTableRow {tr} at (0,2) size 690x25
            RenderTableCell {td} at (2,2) size 342x25 [border: (1px inset #808080)] [r=0 c=0 rs=1 cs=1]
              RenderText {#text} at (2,2) size 338x21
                text run at (2,2) width 338: "This tbody should NOT have a lime background"
            RenderTableCell {td} at (346,2) size 342x25 [border: (1px inset #808080)] [r=0 c=1 rs=1 cs=1]
              RenderText {#text} at (2,2) size 338x21
                text run at (2,2) width 338: "This tbody should NOT have a lime background"
