layer at (0,0) size 800x600
  RenderView at (0,0) size 800x600
layer at (0,0) size 800x242
  RenderBlock {html} at (0,0) size 800x242
    RenderBody {body} at (8,16) size 784x218
      RenderBlock {p} at (0,0) size 784x22
        RenderText {#text} at (0,0) size 319x22
          text run at (0,0) width 319: "In this test, the TFOOT text should be justified."
      RenderTable {table} at (0,38) size 300x180 [border: (1px outset #808080)]
        RenderTableSection {thead} at (1,1) size 298x30
          RenderTableRow {tr} at (0,2) size 298x26
            RenderTableCell {td} at (2,2) size 294x26 [border: (1px inset #808080)] [r=0 c=0 rs=1 cs=1]
              RenderText {#text} at (2,2) size 177x22
                text run at (2,2) width 177: "This text is in the THEAD"
        RenderTableSection {tfoot} at (1,61) size 298x118
          RenderTableRow {tr} at (0,2) size 298x114
            RenderTableCell {td} at (2,2) size 294x114 [border: (1px inset #808080)] [r=0 c=0 rs=1 cs=1]
              RenderText {#text} at (2,2) size 290x110
                text run at (2,2) width 290: "This TFOOT text should be justified"
                text run at (2,24) width 230: "which means that the right "
                text run at (232,24) width 60: "and left"
                text run at (2,46) width 290: "margins should line up, no matter how"
                text run at (2,68) width 120: "long the content "
                text run at (122,68) width 170: "becomes (except the last"
                text run at (2,90) width 221: "line which should be left aligned)"
        RenderTableSection {tbody} at (1,31) size 298x30
          RenderTableRow {tr} at (0,2) size 298x26
            RenderTableCell {td} at (2,2) size 294x26 [border: (1px inset #808080)] [r=0 c=0 rs=1 cs=1]
              RenderText {#text} at (2,2) size 177x22
                text run at (2,2) width 177: "This text is in the TBODY"
