layer at (0,0) size 784x1650
  RenderView at (0,0) size 784x600
layer at (0,0) size 784x1650
  RenderBlock {html} at (0,0) size 784x1650
    RenderBody {body} at (8,8) size 768x1634
      RenderTable {table} at (0,0) size 332x110 [border: (1px outset #808080)]
        RenderTableSection (anonymous) at (1,1) size 330x108
          RenderTableRow {tr} at (0,2) size 330x104
            RenderTableCell {th} at (2,41) size 326x25 [border: (1px inset #808080)] [r=0 c=0 rs=1 cs=1]
              RenderText {#text} at (2,2) size 322x21
                text run at (2,2) width 322: "The height of this cell should be 100 pixels"
      RenderBlock (anonymous) at (0,110) size 768x21
        RenderBR {br} at (0,0) size 0x21
      RenderTable {table} at (0,131) size 332x210 [border: (1px outset #808080)]
        RenderTableSection (anonymous) at (1,1) size 330x208
          RenderTableRow {tr} at (0,2) size 330x204
            RenderTableCell {th} at (2,91) size 326x25 [border: (1px inset #808080)] [r=0 c=0 rs=1 cs=1]
              RenderText {#text} at (2,2) size 322x21
                text run at (2,2) width 322: "The height of this cell should be 200 pixels"
      RenderBlock (anonymous) at (0,341) size 768x21
        RenderBR {br} at (0,0) size 0x21
      RenderTable {table} at (0,362) size 332x310 [border: (1px outset #808080)]
        RenderTableSection (anonymous) at (1,1) size 330x308
          RenderTableRow {tr} at (0,2) size 330x304
            RenderTableCell {th} at (2,141) size 326x25 [border: (1px inset #808080)] [r=0 c=0 rs=1 cs=1]
              RenderText {#text} at (2,2) size 322x21
                text run at (2,2) width 322: "The height of this cell should be 300 pixels"
      RenderBlock (anonymous) at (0,672) size 768x21
        RenderBR {br} at (0,0) size 0x21
      RenderTable {table} at (0,693) size 332x410 [border: (1px outset #808080)]
        RenderTableSection (anonymous) at (1,1) size 330x408
          RenderTableRow {tr} at (0,2) size 330x404
            RenderTableCell {th} at (2,191) size 326x25 [border: (1px inset #808080)] [r=0 c=0 rs=1 cs=1]
              RenderText {#text} at (2,2) size 322x21
                text run at (2,2) width 322: "The height of this cell should be 400 pixels"
      RenderBlock (anonymous) at (0,1103) size 768x21
        RenderBR {br} at (0,0) size 0x21
      RenderTable {table} at (0,1124) size 332x510 [border: (1px outset #808080)]
        RenderTableSection (anonymous) at (1,1) size 330x508
          RenderTableRow {tr} at (0,2) size 330x504
            RenderTableCell {th} at (2,241) size 326x25 [border: (1px inset #808080)] [r=0 c=0 rs=1 cs=1]
              RenderText {#text} at (2,2) size 322x21
                text run at (2,2) width 322: "The height of this cell should be 500 pixels"
