layer at (0,0) size 784x1778
  RenderView at (0,0) size 784x600
layer at (0,0) size 784x1778
  RenderBlock {html} at (0,0) size 784x1778
    RenderBody {body} at (8,16) size 768x1754 [bgcolor=#FFFFFF]
      RenderBlock {p} at (0,0) size 768x21
        RenderText {#text} at (0,0) size 294x21
          text run at (0,0) width 294: "Black table with a white body background"
      RenderTable {table} at (0,37) size 502x58 [border: (1px outset #808080)]
        RenderTableSection (anonymous) at (1,1) size 500x56
          RenderTableRow {tr} at (0,2) size 500x25
            RenderTableCell {th} at (2,2) size 164x25 [bgcolor=#000000] [border: (1px inset #808080)] [r=0 c=0 rs=1 cs=1]
              RenderText {#text} at (2,2) size 160x21
                text run at (2,2) width 160: "table table table table"
            RenderTableCell {th} at (168,2) size 164x25 [bgcolor=#000000] [border: (1px inset #808080)] [r=0 c=1 rs=1 cs=1]
              RenderText {#text} at (2,2) size 160x21
                text run at (2,2) width 160: "table table table table"
            RenderTableCell {th} at (334,2) size 164x25 [bgcolor=#000000] [border: (1px inset #808080)] [r=0 c=2 rs=1 cs=1]
              RenderText {#text} at (2,2) size 160x21
                text run at (2,2) width 160: "table table table table"
          RenderTableRow {tr} at (0,29) size 500x25
            RenderTableCell {th} at (2,29) size 164x25 [bgcolor=#000000] [border: (1px inset #808080)] [r=1 c=0 rs=1 cs=1]
              RenderText {#text} at (2,2) size 160x21
                text run at (2,2) width 160: "table table table table"
            RenderTableCell {th} at (168,29) size 164x25 [bgcolor=#000000] [border: (1px inset #808080)] [r=1 c=1 rs=1 cs=1]
              RenderText {#text} at (2,2) size 160x21
                text run at (2,2) width 160: "table table table table"
            RenderTableCell {th} at (334,29) size 164x25 [bgcolor=#000000] [border: (1px inset #808080)] [r=1 c=2 rs=1 cs=1]
              RenderText {#text} at (2,2) size 160x21
                text run at (2,2) width 160: "table table table table"
      RenderBlock {p} at (0,111) size 768x21
        RenderText {#text} at (0,0) size 295x21
          text run at (0,0) width 295: "Silver table with a white body background"
      RenderTable {table} at (0,148) size 502x58 [border: (1px outset #808080)]
        RenderTableSection (anonymous) at (1,1) size 500x56
          RenderTableRow {tr} at (0,2) size 500x25
            RenderTableCell {th} at (2,2) size 164x25 [bgcolor=#C0C0C0] [border: (1px inset #808080)] [r=0 c=0 rs=1 cs=1]
              RenderText {#text} at (2,2) size 160x21
                text run at (2,2) width 160: "table table table table"
            RenderTableCell {th} at (168,2) size 164x25 [bgcolor=#C0C0C0] [border: (1px inset #808080)] [r=0 c=1 rs=1 cs=1]
              RenderText {#text} at (2,2) size 160x21
                text run at (2,2) width 160: "table table table table"
            RenderTableCell {th} at (334,2) size 164x25 [bgcolor=#C0C0C0] [border: (1px inset #808080)] [r=0 c=2 rs=1 cs=1]
              RenderText {#text} at (2,2) size 160x21
                text run at (2,2) width 160: "table table table table"
          RenderTableRow {tr} at (0,29) size 500x25
            RenderTableCell {th} at (2,29) size 164x25 [bgcolor=#C0C0C0] [border: (1px inset #808080)] [r=1 c=0 rs=1 cs=1]
              RenderText {#text} at (2,2) size 160x21
                text run at (2,2) width 160: "table table table table"
            RenderTableCell {th} at (168,29) size 164x25 [bgcolor=#C0C0C0] [border: (1px inset #808080)] [r=1 c=1 rs=1 cs=1]
              RenderText {#text} at (2,2) size 160x21
                text run at (2,2) width 160: "table table table table"
            RenderTableCell {th} at (334,29) size 164x25 [bgcolor=#C0C0C0] [border: (1px inset #808080)] [r=1 c=2 rs=1 cs=1]
              RenderText {#text} at (2,2) size 160x21
                text run at (2,2) width 160: "table table table table"
      RenderBlock {p} at (0,222) size 768x21
        RenderText {#text} at (0,0) size 288x21
          text run at (0,0) width 288: "Gray table with a white body background"
      RenderTable {table} at (0,259) size 502x58 [border: (1px outset #808080)]
        RenderTableSection (anonymous) at (1,1) size 500x56
          RenderTableRow {tr} at (0,2) size 500x25
            RenderTableCell {th} at (2,2) size 164x25 [bgcolor=#808080] [border: (1px inset #808080)] [r=0 c=0 rs=1 cs=1]
              RenderText {#text} at (2,2) size 160x21
                text run at (2,2) width 160: "table table table table"
            RenderTableCell {th} at (168,2) size 164x25 [bgcolor=#808080] [border: (1px inset #808080)] [r=0 c=1 rs=1 cs=1]
              RenderText {#text} at (2,2) size 160x21
                text run at (2,2) width 160: "table table table table"
            RenderTableCell {th} at (334,2) size 164x25 [bgcolor=#808080] [border: (1px inset #808080)] [r=0 c=2 rs=1 cs=1]
              RenderText {#text} at (2,2) size 160x21
                text run at (2,2) width 160: "table table table table"
          RenderTableRow {tr} at (0,29) size 500x25
            RenderTableCell {th} at (2,29) size 164x25 [bgcolor=#808080] [border: (1px inset #808080)] [r=1 c=0 rs=1 cs=1]
              RenderText {#text} at (2,2) size 160x21
                text run at (2,2) width 160: "table table table table"
            RenderTableCell {th} at (168,29) size 164x25 [bgcolor=#808080] [border: (1px inset #808080)] [r=1 c=1 rs=1 cs=1]
              RenderText {#text} at (2,2) size 160x21
                text run at (2,2) width 160: "table table table table"
            RenderTableCell {th} at (334,29) size 164x25 [bgcolor=#808080] [border: (1px inset #808080)] [r=1 c=2 rs=1 cs=1]
              RenderText {#text} at (2,2) size 160x21
                text run at (2,2) width 160: "table table table table"
      RenderBlock {p} at (0,333) size 768x21
        RenderText {#text} at (0,0) size 295x21
          text run at (0,0) width 295: "White table with a white body background"
      RenderTable {table} at (0,370) size 502x58 [border: (1px outset #808080)]
        RenderTableSection (anonymous) at (1,1) size 500x56
          RenderTableRow {tr} at (0,2) size 500x25
            RenderTableCell {th} at (2,2) size 164x25 [bgcolor=#FFFFFF] [border: (1px inset #808080)] [r=0 c=0 rs=1 cs=1]
              RenderText {#text} at (2,2) size 160x21
                text run at (2,2) width 160: "table table table table"
            RenderTableCell {th} at (168,2) size 164x25 [bgcolor=#FFFFFF] [border: (1px inset #808080)] [r=0 c=1 rs=1 cs=1]
              RenderText {#text} at (2,2) size 160x21
                text run at (2,2) width 160: "table table table table"
            RenderTableCell {th} at (334,2) size 164x25 [bgcolor=#FFFFFF] [border: (1px inset #808080)] [r=0 c=2 rs=1 cs=1]
              RenderText {#text} at (2,2) size 160x21
                text run at (2,2) width 160: "table table table table"
          RenderTableRow {tr} at (0,29) size 500x25
            RenderTableCell {th} at (2,29) size 164x25 [bgcolor=#FFFFFF] [border: (1px inset #808080)] [r=1 c=0 rs=1 cs=1]
              RenderText {#text} at (2,2) size 160x21
                text run at (2,2) width 160: "table table table table"
            RenderTableCell {th} at (168,29) size 164x25 [bgcolor=#FFFFFF] [border: (1px inset #808080)] [r=1 c=1 rs=1 cs=1]
              RenderText {#text} at (2,2) size 160x21
                text run at (2,2) width 160: "table table table table"
            RenderTableCell {th} at (334,29) size 164x25 [bgcolor=#FFFFFF] [border: (1px inset #808080)] [r=1 c=2 rs=1 cs=1]
              RenderText {#text} at (2,2) size 160x21
                text run at (2,2) width 160: "table table table table"
      RenderBlock {p} at (0,444) size 768x21
        RenderText {#text} at (0,0) size 308x21
          text run at (0,0) width 308: "Maroon table with a white body background"
      RenderTable {table} at (0,481) size 502x58 [border: (1px outset #808080)]
        RenderTableSection (anonymous) at (1,1) size 500x56
          RenderTableRow {tr} at (0,2) size 500x25
            RenderTableCell {th} at (2,2) size 164x25 [bgcolor=#800000] [border: (1px inset #808080)] [r=0 c=0 rs=1 cs=1]
              RenderText {#text} at (2,2) size 160x21
                text run at (2,2) width 160: "table table table table"
            RenderTableCell {th} at (168,2) size 164x25 [bgcolor=#800000] [border: (1px inset #808080)] [r=0 c=1 rs=1 cs=1]
              RenderText {#text} at (2,2) size 160x21
                text run at (2,2) width 160: "table table table table"
            RenderTableCell {th} at (334,2) size 164x25 [bgcolor=#800000] [border: (1px inset #808080)] [r=0 c=2 rs=1 cs=1]
              RenderText {#text} at (2,2) size 160x21
                text run at (2,2) width 160: "table table table table"
          RenderTableRow {tr} at (0,29) size 500x25
            RenderTableCell {th} at (2,29) size 164x25 [bgcolor=#800000] [border: (1px inset #808080)] [r=1 c=0 rs=1 cs=1]
              RenderText {#text} at (2,2) size 160x21
                text run at (2,2) width 160: "table table table table"
            RenderTableCell {th} at (168,29) size 164x25 [bgcolor=#800000] [border: (1px inset #808080)] [r=1 c=1 rs=1 cs=1]
              RenderText {#text} at (2,2) size 160x21
                text run at (2,2) width 160: "table table table table"
            RenderTableCell {th} at (334,29) size 164x25 [bgcolor=#800000] [border: (1px inset #808080)] [r=1 c=2 rs=1 cs=1]
              RenderText {#text} at (2,2) size 160x21
                text run at (2,2) width 160: "table table table table"
      RenderBlock {p} at (0,555) size 768x21
        RenderText {#text} at (0,0) size 284x21
          text run at (0,0) width 284: "Red table with a white body background"
      RenderTable {table} at (0,592) size 502x58 [border: (1px outset #808080)]
        RenderTableSection (anonymous) at (1,1) size 500x56
          RenderTableRow {tr} at (0,2) size 500x25
            RenderTableCell {th} at (2,2) size 164x25 [bgcolor=#FF0000] [border: (1px inset #808080)] [r=0 c=0 rs=1 cs=1]
              RenderText {#text} at (2,2) size 160x21
                text run at (2,2) width 160: "table table table table"
            RenderTableCell {th} at (168,2) size 164x25 [bgcolor=#FF0000] [border: (1px inset #808080)] [r=0 c=1 rs=1 cs=1]
              RenderText {#text} at (2,2) size 160x21
                text run at (2,2) width 160: "table table table table"
            RenderTableCell {th} at (334,2) size 164x25 [bgcolor=#FF0000] [border: (1px inset #808080)] [r=0 c=2 rs=1 cs=1]
              RenderText {#text} at (2,2) size 160x21
                text run at (2,2) width 160: "table table table table"
          RenderTableRow {tr} at (0,29) size 500x25
            RenderTableCell {th} at (2,29) size 164x25 [bgcolor=#FF0000] [border: (1px inset #808080)] [r=1 c=0 rs=1 cs=1]
              RenderText {#text} at (2,2) size 160x21
                text run at (2,2) width 160: "table table table table"
            RenderTableCell {th} at (168,29) size 164x25 [bgcolor=#FF0000] [border: (1px inset #808080)] [r=1 c=1 rs=1 cs=1]
              RenderText {#text} at (2,2) size 160x21
                text run at (2,2) width 160: "table table table table"
            RenderTableCell {th} at (334,29) size 164x25 [bgcolor=#FF0000] [border: (1px inset #808080)] [r=1 c=2 rs=1 cs=1]
              RenderText {#text} at (2,2) size 160x21
                text run at (2,2) width 160: "table table table table"
      RenderBlock {p} at (0,666) size 768x21
        RenderText {#text} at (0,0) size 301x21
          text run at (0,0) width 301: "Purple table with a white body background"
      RenderTable {table} at (0,703) size 502x58 [border: (1px outset #808080)]
        RenderTableSection (anonymous) at (1,1) size 500x56
          RenderTableRow {tr} at (0,2) size 500x25
            RenderTableCell {th} at (2,2) size 164x25 [bgcolor=#800080] [border: (1px inset #808080)] [r=0 c=0 rs=1 cs=1]
              RenderText {#text} at (2,2) size 160x21
                text run at (2,2) width 160: "table table table table"
            RenderTableCell {th} at (168,2) size 164x25 [bgcolor=#800080] [border: (1px inset #808080)] [r=0 c=1 rs=1 cs=1]
              RenderText {#text} at (2,2) size 160x21
                text run at (2,2) width 160: "table table table table"
            RenderTableCell {th} at (334,2) size 164x25 [bgcolor=#800080] [border: (1px inset #808080)] [r=0 c=2 rs=1 cs=1]
              RenderText {#text} at (2,2) size 160x21
                text run at (2,2) width 160: "table table table table"
          RenderTableRow {tr} at (0,29) size 500x25
            RenderTableCell {th} at (2,29) size 164x25 [bgcolor=#800080] [border: (1px inset #808080)] [r=1 c=0 rs=1 cs=1]
              RenderText {#text} at (2,2) size 160x21
                text run at (2,2) width 160: "table table table table"
            RenderTableCell {th} at (168,29) size 164x25 [bgcolor=#800080] [border: (1px inset #808080)] [r=1 c=1 rs=1 cs=1]
              RenderText {#text} at (2,2) size 160x21
                text run at (2,2) width 160: "table table table table"
            RenderTableCell {th} at (334,29) size 164x25 [bgcolor=#800080] [border: (1px inset #808080)] [r=1 c=2 rs=1 cs=1]
              RenderText {#text} at (2,2) size 160x21
                text run at (2,2) width 160: "table table table table"
      RenderBlock {p} at (0,777) size 768x21
        RenderText {#text} at (0,0) size 311x21
          text run at (0,0) width 311: "Fuchsia table with a white body background"
      RenderTable {table} at (0,814) size 502x58 [border: (1px outset #808080)]
        RenderTableSection (anonymous) at (1,1) size 500x56
          RenderTableRow {tr} at (0,2) size 500x25
            RenderTableCell {th} at (2,2) size 164x25 [bgcolor=#FF00FF] [border: (1px inset #808080)] [r=0 c=0 rs=1 cs=1]
              RenderText {#text} at (2,2) size 160x21
                text run at (2,2) width 160: "table table table table"
            RenderTableCell {th} at (168,2) size 164x25 [bgcolor=#FF00FF] [border: (1px inset #808080)] [r=0 c=1 rs=1 cs=1]
              RenderText {#text} at (2,2) size 160x21
                text run at (2,2) width 160: "table table table table"
            RenderTableCell {th} at (334,2) size 164x25 [bgcolor=#FF00FF] [border: (1px inset #808080)] [r=0 c=2 rs=1 cs=1]
              RenderText {#text} at (2,2) size 160x21
                text run at (2,2) width 160: "table table table table"
          RenderTableRow {tr} at (0,29) size 500x25
            RenderTableCell {th} at (2,29) size 164x25 [bgcolor=#FF00FF] [border: (1px inset #808080)] [r=1 c=0 rs=1 cs=1]
              RenderText {#text} at (2,2) size 160x21
                text run at (2,2) width 160: "table table table table"
            RenderTableCell {th} at (168,29) size 164x25 [bgcolor=#FF00FF] [border: (1px inset #808080)] [r=1 c=1 rs=1 cs=1]
              RenderText {#text} at (2,2) size 160x21
                text run at (2,2) width 160: "table table table table"
            RenderTableCell {th} at (334,29) size 164x25 [bgcolor=#FF00FF] [border: (1px inset #808080)] [r=1 c=2 rs=1 cs=1]
              RenderText {#text} at (2,2) size 160x21
                text run at (2,2) width 160: "table table table table"
      RenderBlock {p} at (0,888) size 768x21
        RenderText {#text} at (0,0) size 298x21
          text run at (0,0) width 298: "Green table with a white body background"
      RenderTable {table} at (0,925) size 502x58 [border: (1px outset #808080)]
        RenderTableSection (anonymous) at (1,1) size 500x56
          RenderTableRow {tr} at (0,2) size 500x25
            RenderTableCell {th} at (2,2) size 164x25 [bgcolor=#008000] [border: (1px inset #808080)] [r=0 c=0 rs=1 cs=1]
              RenderText {#text} at (2,2) size 160x21
                text run at (2,2) width 160: "table table table table"
            RenderTableCell {th} at (168,2) size 164x25 [bgcolor=#008000] [border: (1px inset #808080)] [r=0 c=1 rs=1 cs=1]
              RenderText {#text} at (2,2) size 160x21
                text run at (2,2) width 160: "table table table table"
            RenderTableCell {th} at (334,2) size 164x25 [bgcolor=#008000] [border: (1px inset #808080)] [r=0 c=2 rs=1 cs=1]
              RenderText {#text} at (2,2) size 160x21
                text run at (2,2) width 160: "table table table table"
          RenderTableRow {tr} at (0,29) size 500x25
            RenderTableCell {th} at (2,29) size 164x25 [bgcolor=#008000] [border: (1px inset #808080)] [r=1 c=0 rs=1 cs=1]
              RenderText {#text} at (2,2) size 160x21
                text run at (2,2) width 160: "table table table table"
            RenderTableCell {th} at (168,29) size 164x25 [bgcolor=#008000] [border: (1px inset #808080)] [r=1 c=1 rs=1 cs=1]
              RenderText {#text} at (2,2) size 160x21
                text run at (2,2) width 160: "table table table table"
            RenderTableCell {th} at (334,29) size 164x25 [bgcolor=#008000] [border: (1px inset #808080)] [r=1 c=2 rs=1 cs=1]
              RenderText {#text} at (2,2) size 160x21
                text run at (2,2) width 160: "table table table table"
      RenderBlock {p} at (0,999) size 768x21
        RenderText {#text} at (0,0) size 289x21
          text run at (0,0) width 289: "Lime table with a white body background"
      RenderTable {table} at (0,1036) size 502x58 [border: (1px outset #808080)]
        RenderTableSection (anonymous) at (1,1) size 500x56
          RenderTableRow {tr} at (0,2) size 500x25
            RenderTableCell {th} at (2,2) size 164x25 [bgcolor=#00FF00] [border: (1px inset #808080)] [r=0 c=0 rs=1 cs=1]
              RenderText {#text} at (2,2) size 160x21
                text run at (2,2) width 160: "table table table table"
            RenderTableCell {th} at (168,2) size 164x25 [bgcolor=#00FF00] [border: (1px inset #808080)] [r=0 c=1 rs=1 cs=1]
              RenderText {#text} at (2,2) size 160x21
                text run at (2,2) width 160: "table table table table"
            RenderTableCell {th} at (334,2) size 164x25 [bgcolor=#00FF00] [border: (1px inset #808080)] [r=0 c=2 rs=1 cs=1]
              RenderText {#text} at (2,2) size 160x21
                text run at (2,2) width 160: "table table table table"
          RenderTableRow {tr} at (0,29) size 500x25
            RenderTableCell {th} at (2,29) size 164x25 [bgcolor=#00FF00] [border: (1px inset #808080)] [r=1 c=0 rs=1 cs=1]
              RenderText {#text} at (2,2) size 160x21
                text run at (2,2) width 160: "table table table table"
            RenderTableCell {th} at (168,29) size 164x25 [bgcolor=#00FF00] [border: (1px inset #808080)] [r=1 c=1 rs=1 cs=1]
              RenderText {#text} at (2,2) size 160x21
                text run at (2,2) width 160: "table table table table"
            RenderTableCell {th} at (334,29) size 164x25 [bgcolor=#00FF00] [border: (1px inset #808080)] [r=1 c=2 rs=1 cs=1]
              RenderText {#text} at (2,2) size 160x21
                text run at (2,2) width 160: "table table table table"
      RenderBlock {p} at (0,1110) size 768x21
        RenderText {#text} at (0,0) size 291x21
          text run at (0,0) width 291: "Olive table with a white body background"
      RenderTable {table} at (0,1147) size 502x58 [border: (1px outset #808080)]
        RenderTableSection (anonymous) at (1,1) size 500x56
          RenderTableRow {tr} at (0,2) size 500x25
            RenderTableCell {th} at (2,2) size 164x25 [bgcolor=#808000] [border: (1px inset #808080)] [r=0 c=0 rs=1 cs=1]
              RenderText {#text} at (2,2) size 160x21
                text run at (2,2) width 160: "table table table table"
            RenderTableCell {th} at (168,2) size 164x25 [bgcolor=#808000] [border: (1px inset #808080)] [r=0 c=1 rs=1 cs=1]
              RenderText {#text} at (2,2) size 160x21
                text run at (2,2) width 160: "table table table table"
            RenderTableCell {th} at (334,2) size 164x25 [bgcolor=#808000] [border: (1px inset #808080)] [r=0 c=2 rs=1 cs=1]
              RenderText {#text} at (2,2) size 160x21
                text run at (2,2) width 160: "table table table table"
          RenderTableRow {tr} at (0,29) size 500x25
            RenderTableCell {th} at (2,29) size 164x25 [bgcolor=#808000] [border: (1px inset #808080)] [r=1 c=0 rs=1 cs=1]
              RenderText {#text} at (2,2) size 160x21
                text run at (2,2) width 160: "table table table table"
            RenderTableCell {th} at (168,29) size 164x25 [bgcolor=#808000] [border: (1px inset #808080)] [r=1 c=1 rs=1 cs=1]
              RenderText {#text} at (2,2) size 160x21
                text run at (2,2) width 160: "table table table table"
            RenderTableCell {th} at (334,29) size 164x25 [bgcolor=#808000] [border: (1px inset #808080)] [r=1 c=2 rs=1 cs=1]
              RenderText {#text} at (2,2) size 160x21
                text run at (2,2) width 160: "table table table table"
      RenderBlock {p} at (0,1221) size 768x21
        RenderText {#text} at (0,0) size 303x21
          text run at (0,0) width 303: "Yellow table with a white body background"
      RenderTable {table} at (0,1258) size 502x58 [border: (1px outset #808080)]
        RenderTableSection (anonymous) at (1,1) size 500x56
          RenderTableRow {tr} at (0,2) size 500x25
            RenderTableCell {th} at (2,2) size 164x25 [bgcolor=#FFFF00] [border: (1px inset #808080)] [r=0 c=0 rs=1 cs=1]
              RenderText {#text} at (2,2) size 160x21
                text run at (2,2) width 160: "table table table table"
            RenderTableCell {th} at (168,2) size 164x25 [bgcolor=#FFFF00] [border: (1px inset #808080)] [r=0 c=1 rs=1 cs=1]
              RenderText {#text} at (2,2) size 160x21
                text run at (2,2) width 160: "table table table table"
            RenderTableCell {th} at (334,2) size 164x25 [bgcolor=#FFFF00] [border: (1px inset #808080)] [r=0 c=2 rs=1 cs=1]
              RenderText {#text} at (2,2) size 160x21
                text run at (2,2) width 160: "table table table table"
          RenderTableRow {tr} at (0,29) size 500x25
            RenderTableCell {th} at (2,29) size 164x25 [bgcolor=#FFFF00] [border: (1px inset #808080)] [r=1 c=0 rs=1 cs=1]
              RenderText {#text} at (2,2) size 160x21
                text run at (2,2) width 160: "table table table table"
            RenderTableCell {th} at (168,29) size 164x25 [bgcolor=#FFFF00] [border: (1px inset #808080)] [r=1 c=1 rs=1 cs=1]
              RenderText {#text} at (2,2) size 160x21
                text run at (2,2) width 160: "table table table table"
            RenderTableCell {th} at (334,29) size 164x25 [bgcolor=#FFFF00] [border: (1px inset #808080)] [r=1 c=2 rs=1 cs=1]
              RenderText {#text} at (2,2) size 160x21
                text run at (2,2) width 160: "table table table table"
      RenderBlock {p} at (0,1332) size 768x21
        RenderText {#text} at (0,0) size 291x21
          text run at (0,0) width 291: "Navy table with a white body background"
      RenderTable {table} at (0,1369) size 502x58 [border: (1px outset #808080)]
        RenderTableSection (anonymous) at (1,1) size 500x56
          RenderTableRow {tr} at (0,2) size 500x25
            RenderTableCell {th} at (2,2) size 164x25 [bgcolor=#000080] [border: (1px inset #808080)] [r=0 c=0 rs=1 cs=1]
              RenderText {#text} at (2,2) size 160x21
                text run at (2,2) width 160: "table table table table"
            RenderTableCell {th} at (168,2) size 164x25 [bgcolor=#000080] [border: (1px inset #808080)] [r=0 c=1 rs=1 cs=1]
              RenderText {#text} at (2,2) size 160x21
                text run at (2,2) width 160: "table table table table"
            RenderTableCell {th} at (334,2) size 164x25 [bgcolor=#000080] [border: (1px inset #808080)] [r=0 c=2 rs=1 cs=1]
              RenderText {#text} at (2,2) size 160x21
                text run at (2,2) width 160: "table table table table"
          RenderTableRow {tr} at (0,29) size 500x25
            RenderTableCell {th} at (2,29) size 164x25 [bgcolor=#000080] [border: (1px inset #808080)] [r=1 c=0 rs=1 cs=1]
              RenderText {#text} at (2,2) size 160x21
                text run at (2,2) width 160: "table table table table"
            RenderTableCell {th} at (168,29) size 164x25 [bgcolor=#000080] [border: (1px inset #808080)] [r=1 c=1 rs=1 cs=1]
              RenderText {#text} at (2,2) size 160x21
                text run at (2,2) width 160: "table table table table"
            RenderTableCell {th} at (334,29) size 164x25 [bgcolor=#000080] [border: (1px inset #808080)] [r=1 c=2 rs=1 cs=1]
              RenderText {#text} at (2,2) size 160x21
                text run at (2,2) width 160: "table table table table"
      RenderBlock {p} at (0,1443) size 768x21
        RenderText {#text} at (0,0) size 287x21
          text run at (0,0) width 287: "Blue table with a white body background"
      RenderTable {table} at (0,1480) size 502x58 [border: (1px outset #808080)]
        RenderTableSection (anonymous) at (1,1) size 500x56
          RenderTableRow {tr} at (0,2) size 500x25
            RenderTableCell {th} at (2,2) size 164x25 [bgcolor=#0000FF] [border: (1px inset #808080)] [r=0 c=0 rs=1 cs=1]
              RenderText {#text} at (2,2) size 160x21
                text run at (2,2) width 160: "table table table table"
            RenderTableCell {th} at (168,2) size 164x25 [bgcolor=#0000FF] [border: (1px inset #808080)] [r=0 c=1 rs=1 cs=1]
              RenderText {#text} at (2,2) size 160x21
                text run at (2,2) width 160: "table table table table"
            RenderTableCell {th} at (334,2) size 164x25 [bgcolor=#0000FF] [border: (1px inset #808080)] [r=0 c=2 rs=1 cs=1]
              RenderText {#text} at (2,2) size 160x21
                text run at (2,2) width 160: "table table table table"
          RenderTableRow {tr} at (0,29) size 500x25
            RenderTableCell {th} at (2,29) size 164x25 [bgcolor=#0000FF] [border: (1px inset #808080)] [r=1 c=0 rs=1 cs=1]
              RenderText {#text} at (2,2) size 160x21
                text run at (2,2) width 160: "table table table table"
            RenderTableCell {th} at (168,29) size 164x25 [bgcolor=#0000FF] [border: (1px inset #808080)] [r=1 c=1 rs=1 cs=1]
              RenderText {#text} at (2,2) size 160x21
                text run at (2,2) width 160: "table table table table"
            RenderTableCell {th} at (334,29) size 164x25 [bgcolor=#0000FF] [border: (1px inset #808080)] [r=1 c=2 rs=1 cs=1]
              RenderText {#text} at (2,2) size 160x21
                text run at (2,2) width 160: "table table table table"
      RenderBlock {p} at (0,1554) size 768x21
        RenderText {#text} at (0,0) size 286x21
          text run at (0,0) width 286: "Teal table with a white body background"
      RenderTable {table} at (0,1591) size 494x52
        RenderTableSection (anonymous) at (0,0) size 494x52
          RenderTableRow {tr} at (0,2) size 494x23
            RenderTableCell {th} at (2,2) size 162x23 [bgcolor=#008080] [r=0 c=0 rs=1 cs=1]
              RenderText {#text} at (1,1) size 160x21
                text run at (1,1) width 160: "table table table table"
            RenderTableCell {th} at (166,2) size 162x23 [bgcolor=#008080] [r=0 c=1 rs=1 cs=1]
              RenderText {#text} at (1,1) size 160x21
                text run at (1,1) width 160: "table table table table"
            RenderTableCell {th} at (330,2) size 162x23 [bgcolor=#008080] [r=0 c=2 rs=1 cs=1]
              RenderText {#text} at (1,1) size 160x21
                text run at (1,1) width 160: "table table table table"
          RenderTableRow {tr} at (0,27) size 494x23
            RenderTableCell {th} at (2,27) size 162x23 [bgcolor=#008080] [r=1 c=0 rs=1 cs=1]
              RenderText {#text} at (1,1) size 160x21
                text run at (1,1) width 160: "table table table table"
            RenderTableCell {th} at (166,27) size 162x23 [bgcolor=#008080] [r=1 c=1 rs=1 cs=1]
              RenderText {#text} at (1,1) size 160x21
                text run at (1,1) width 160: "table table table table"
            RenderTableCell {th} at (330,27) size 162x23 [bgcolor=#008080] [r=1 c=2 rs=1 cs=1]
              RenderText {#text} at (1,1) size 160x21
                text run at (1,1) width 160: "table table table table"
      RenderBlock {p} at (0,1659) size 768x21
        RenderText {#text} at (0,0) size 292x21
          text run at (0,0) width 292: "Aqua table with a white body background"
      RenderTable {table} at (0,1696) size 502x58 [border: (1px outset #808080)]
        RenderTableSection (anonymous) at (1,1) size 500x56
          RenderTableRow {tr} at (0,2) size 500x25
            RenderTableCell {th} at (2,2) size 164x25 [bgcolor=#00FFFF] [border: (1px inset #808080)] [r=0 c=0 rs=1 cs=1]
              RenderText {#text} at (2,2) size 160x21
                text run at (2,2) width 160: "table table table table"
            RenderTableCell {th} at (168,2) size 164x25 [bgcolor=#00FFFF] [border: (1px inset #808080)] [r=0 c=1 rs=1 cs=1]
              RenderText {#text} at (2,2) size 160x21
                text run at (2,2) width 160: "table table table table"
            RenderTableCell {th} at (334,2) size 164x25 [bgcolor=#00FFFF] [border: (1px inset #808080)] [r=0 c=2 rs=1 cs=1]
              RenderText {#text} at (2,2) size 160x21
                text run at (2,2) width 160: "table table table table"
          RenderTableRow {tr} at (0,29) size 500x25
            RenderTableCell {th} at (2,29) size 164x25 [bgcolor=#00FFFF] [border: (1px inset #808080)] [r=1 c=0 rs=1 cs=1]
              RenderText {#text} at (2,2) size 160x21
                text run at (2,2) width 160: "table table table table"
            RenderTableCell {th} at (168,29) size 164x25 [bgcolor=#00FFFF] [border: (1px inset #808080)] [r=1 c=1 rs=1 cs=1]
              RenderText {#text} at (2,2) size 160x21
                text run at (2,2) width 160: "table table table table"
            RenderTableCell {th} at (334,29) size 164x25 [bgcolor=#00FFFF] [border: (1px inset #808080)] [r=1 c=2 rs=1 cs=1]
              RenderText {#text} at (2,2) size 160x21
                text run at (2,2) width 160: "table table table table"
