layer at (0,0) size 800x600
  RenderView at (0,0) size 800x600
layer at (0,0) size 800x47
  RenderBlock {html} at (0,0) size 800x47
    RenderBody {body} at (8,8) size 784x31
      RenderTable {table} at (0,0) size 760x31 [border: (1px outset #808080)]
        RenderTableSection (anonymous) at (1,1) size 758x29
          RenderTableRow {tr} at (0,2) size 758x25
            RenderTableCell {th} at (2,2) size 376x25 [bgcolor=#00FF00] [border: (1px inset #808080)] [r=0 c=0 rs=1 cs=1]
              RenderText {#text} at (2,2) size 372x21
                text run at (2,2) width 279: "This heading cell should have a lime "
                text run at (281,2) width 93: "background"
            RenderTableCell {th} at (380,2) size 376x25 [bgcolor=#00FF00] [border: (1px inset #808080)] [r=0 c=1 rs=1 cs=1]
              RenderText {#text} at (2,2) size 372x21
                text run at (2,2) width 279: "This heading cell should have a lime "
                text run at (281,2) width 93: "background"
