layer at (0,0) size 800x600
  RenderView at (0,0) size 800x600
layer at (0,0) size 800x360
  RenderBlock {html} at (0,0) size 800x360
    RenderBody {body} at (8,8) size 784x344
      RenderTable {table} at (0,0) size 110x94 [border: (1px outset #808080)]
        RenderTableSection (anonymous) at (1,1) size 108x92
          RenderTableRow {tr} at (0,2) size 108x88
            RenderTableCell {th} at (2,2) size 104x88 [border: (1px inset #808080)] [r=0 c=0 rs=1 cs=1]
              RenderText {#text} at (5,2) size 94x84
                text run at (5,2) width 94: "The width of"
                text run at (23,23) width 58: "this cell"
                text run at (14,44) width 76: "should be"
                text run at (14,65) width 76: "100 pixels"
      RenderBlock (anonymous) at (0,94) size 784x21
        RenderBR {br} at (0,0) size 0x21
      RenderTable {table} at (0,115) size 210x52 [border: (1px outset #808080)]
        RenderTableSection (anonymous) at (1,1) size 208x50
          RenderTableRow {tr} at (0,2) size 208x46
            RenderTableCell {th} at (2,2) size 204x46 [border: (1px inset #808080)] [r=0 c=0 rs=1 cs=1]
              RenderText {#text} at (24,2) size 156x42
                text run at (24,2) width 156: "The width of this cell"
                text run at (24,23) width 156: "should be 200 pixels"
      RenderBlock (anonymous) at (0,167) size 784x21
        RenderBR {br} at (0,0) size 0x21
      RenderTable {table} at (0,188) size 310x52 [border: (1px outset #808080)]
        RenderTableSection (anonymous) at (1,1) size 308x50
          RenderTableRow {tr} at (0,2) size 308x46
            RenderTableCell {th} at (2,2) size 304x46 [border: (1px inset #808080)] [r=0 c=0 rs=1 cs=1]
              RenderText {#text} at (19,2) size 266x42
                text run at (19,2) width 266: "The width of this cell should be 300"
                text run at (129,23) width 46: "pixels"
      RenderBlock (anonymous) at (0,240) size 784x21
        RenderBR {br} at (0,0) size 0x21
      RenderTable {table} at (0,261) size 410x31 [border: (1px outset #808080)]
        RenderTableSection (anonymous) at (1,1) size 408x29
          RenderTableRow {tr} at (0,2) size 408x25
            RenderTableCell {th} at (2,2) size 404x25 [border: (1px inset #808080)] [r=0 c=0 rs=1 cs=1]
              RenderText {#text} at (44,2) size 316x21
                text run at (44,2) width 316: "The width of this cell should be 400 pixels"
      RenderBlock (anonymous) at (0,292) size 784x21
        RenderBR {br} at (0,0) size 0x21
      RenderTable {table} at (0,313) size 510x31 [border: (1px outset #808080)]
        RenderTableSection (anonymous) at (1,1) size 508x29
          RenderTableRow {tr} at (0,2) size 508x25
            RenderTableCell {th} at (2,2) size 504x25 [border: (1px inset #808080)] [r=0 c=0 rs=1 cs=1]
              RenderText {#text} at (94,2) size 316x21
                text run at (94,2) width 316: "The width of this cell should be 500 pixels"
