layer at (0,0) size 800x600
  RenderView at (0,0) size 800x600
layer at (0,0) size 800x276
  RenderBlock {html} at (0,0) size 800x276
    RenderBody {body} at (8,16) size 784x252
      RenderBlock {p} at (0,0) size 784x21
        RenderText {#text} at (0,0) size 155x21
          text run at (0,0) width 155: "TH VALIGN=MIDDLE"
      RenderTable {table} at (0,37) size 692x215 [border: (1px outset #808080)]
        RenderTableSection (anonymous) at (1,1) size 690x213
          RenderTableRow {tr} at (0,2) size 690x209
            RenderTableCell {th} at (2,2) size 204x209 [border: (1px inset #808080)] [r=0 c=0 rs=1 cs=1]
              RenderImage {img} at (2,2) size 200x200
            RenderTableCell {th} at (208,94) size 480x25 [border: (1px inset #808080)] [r=0 c=1 rs=1 cs=1]
              RenderText {#text} at (2,2) size 476x21
                text run at (2,2) width 328: "This text should be vertically aligned to the "
                text run at (330,2) width 148: "middle of the image"
