layer at (0,0) size 989x584
  RenderView at (0,0) size 800x584
layer at (0,0) size 800x74
  RenderBlock {html} at (0,0) size 800x74
    RenderBody {body} at (8,8) size 784x58
      RenderTable {table} at (0,0) size 981x58 [border: (1px outset #808080)]
        RenderTableSection (anonymous) at (1,1) size 979x56
          RenderTableRow {tr} at (0,2) size 979x25
            RenderTableCell {th} at (2,2) size 975x25 [border: (1px inset #808080)] [r=0 c=0 rs=1 cs=1]
              RenderText {#text} at (2,2) size 971x21
                text run at (2,2) width 312: "The text in the cell should not wrap upon "
                text run at (314,2) width 278: "window resizing    x-fill x-fill x-fill x-fill "
                text run at (592,2) width 315: "x-fill x-fill x-fill x-fill x-fill x-fill x-fill x-fill x-fill "
                text run at (907,2) width 66: "x-fill x-fill"
          RenderTableRow {tr} at (0,29) size 979x25
            RenderTableCell {th} at (2,29) size 975x25 [border: (1px inset #808080)] [r=1 c=0 rs=1 cs=1]
              RenderText {#text} at (2,2) size 971x21
                text run at (2,2) width 312: "The text in the cell should not wrap upon "
                text run at (314,2) width 278: "window resizing    x-fill x-fill x-fill x-fill "
                text run at (592,2) width 315: "x-fill x-fill x-fill x-fill x-fill x-fill x-fill x-fill x-fill "
                text run at (907,2) width 66: "x-fill x-fill"
