layer at (0,0) size 800x600
  RenderView at (0,0) size 800x600
layer at (0,0) size 800x99
  RenderBlock {html} at (0,0) size 800x99
    RenderBody {body} at (8,8) size 784x83
      RenderTable {table} at (0,0) size 598x83 [border: (1px outset #808080)]
        RenderTableSection {thead} at (1,1) size 596x27 [bgcolor=#00FF00]
          RenderTableRow {tr} at (0,2) size 596x23
            RenderTableCell {td} at (2,2) size 295x23 [border: (1px inset #808080)] [r=0 c=0 rs=1 cs=1]
              RenderText {#text} at (2,2) size 252x19
                text run at (2,2) width 252: "This thead should have a lime background"
            RenderTableCell {td} at (299,2) size 295x23 [border: (1px inset #808080)] [r=0 c=1 rs=1 cs=1]
              RenderText {#text} at (2,2) size 252x19
                text run at (2,2) width 252: "This thead should have a lime background"
        RenderTableSection {tfoot} at (1,55) size 596x27
          RenderTableRow {tr} at (0,2) size 596x23
            RenderTableCell {td} at (2,2) size 295x23 [border: (1px inset #808080)] [r=0 c=0 rs=1 cs=1]
              RenderText {#text} at (2,2) size 284x19
                text run at (2,2) width 284: "This tfoot should NOT have a lime background"
            RenderTableCell {td} at (299,2) size 295x23 [border: (1px inset #808080)] [r=0 c=1 rs=1 cs=1]
              RenderText {#text} at (2,2) size 284x19
                text run at (2,2) width 284: "This tfoot should NOT have a lime background"
        RenderTableSection {tbody} at (1,28) size 596x27
          RenderTableRow {tr} at (0,2) size 596x23
            RenderTableCell {td} at (2,2) size 295x23 [border: (1px inset #808080)] [r=0 c=0 rs=1 cs=1]
              RenderText {#text} at (2,2) size 291x19
                text run at (2,2) width 291: "This tbody should NOT have a lime background"
            RenderTableCell {td} at (299,2) size 295x23 [border: (1px inset #808080)] [r=0 c=1 rs=1 cs=1]
              RenderText {#text} at (2,2) size 291x19
                text run at (2,2) width 291: "This tbody should NOT have a lime background"
