layer at (0,0) size 800x600
  RenderView at (0,0) size 800x600
layer at (0,0) size 800x74
  RenderBlock {html} at (0,0) size 800x74
    RenderBody {body} at (8,8) size 784x58
      RenderTable {table} at (0,0) size 225x58 [border: (1px outset #808080)]
        RenderTableSection (anonymous) at (1,1) size 223x56
          RenderTableRow {tr} at (0,2) size 223x25
            RenderTableCell {th} at (2,2) size 219x25 [border: (1px inset #808080)] [r=0 c=0 rs=1 cs=2]
              RenderText {#text} at (2,2) size 215x21
                text run at (2,2) width 215: "This cell spans two columns"
          RenderTableRow {tr} at (0,29) size 223x25
            RenderTableCell {th} at (2,29) size 108x25 [border: (1px inset #808080)] [r=1 c=0 rs=1 cs=1]
              RenderText {#text} at (25,2) size 58x21
                text run at (25,2) width 58: "xxx xxx"
            RenderTableCell {th} at (112,29) size 109x25 [border: (1px inset #808080)] [r=1 c=1 rs=1 cs=1]
              RenderText {#text} at (25,2) size 59x21
                text run at (25,2) width 59: "xxx xxx"
