layer at (0,0) size 800x600
  RenderView at (0,0) size 800x600
layer at (0,0) size 800x276
  RenderBlock {html} at (0,0) size 800x276
    RenderBody {body} at (8,16) size 784x252
      RenderBlock {p} at (0,0) size 784x21
        RenderText {#text} at (0,0) size 162x21
          text run at (0,0) width 162: "TH VALIGN=BOTTOM"
      RenderTable {table} at (0,37) size 784x215 [border: (1px outset #808080)]
        RenderTableSection (anonymous) at (1,1) size 782x213
          RenderTableRow {tr} at (0,2) size 782x209
            RenderTableCell {th} at (2,2) size 204x209 [border: (1px inset #808080)] [r=0 c=0 rs=1 cs=1]
              RenderImage {img} at (2,2) size 200x200
            RenderTableCell {th} at (208,144) size 572x67 [border: (1px inset #808080)] [r=0 c=1 rs=1 cs=1]
              RenderText {#text} at (19,2) size 558x63
                text run at (19,2) width 326: "The bottom of this text should be vertically "
                text run at (345,2) width 208: "aligned to the bottom of the"
                text run at (7,23) width 194: "image. x-fill x-fill x-fill x-fill "
                text run at (201,23) width 315: "x-fill x-fill x-fill x-fill x-fill x-fill x-fill x-fill x-fill "
                text run at (516,23) width 49: "x-fill x-"
                text run at (50,44) width 266: "fill x-fill x-fill x-fill x-fill x-fill x-fill x-fill "
                text run at (316,44) width 206: "x-fill x-fill x-fill x-fill x-fill x-fill"
