layer at (0,0) size 800x600
  RenderView at (0,0) size 800x600
layer at (0,0) size 800x234
  RenderBlock {html} at (0,0) size 800x234
    RenderBody {body} at (8,16) size 784x210
      RenderBlock {p} at (0,0) size 784x21
        RenderText {#text} at (0,0) size 327x21
          text run at (0,0) width 327: "In this test, the THEAD text should be justified."
      RenderTable {table} at (0,37) size 300x173 [border: (1px outset #808080)]
        RenderTableSection {thead} at (1,1) size 298x113
          RenderTableRow {tr} at (0,2) size 298x109
            RenderTableCell {td} at (2,2) size 294x109 [border: (1px inset #808080)] [r=0 c=0 rs=1 cs=1]
              RenderText {#text} at (2,2) size 290x105
                text run at (2,2) width 290: "This THEAD text should be justified"
                text run at (2,23) width 229: "which means that the right "
                text run at (231,23) width 61: "and left"
                text run at (2,44) width 290: "margins should line up, no matter how"
                text run at (2,65) width 132: "long the content "
                text run at (134,65) width 158: "becomes (except the"
                text run at (2,86) width 262: "last line which should be left aligned)"
        RenderTableSection {tfoot} at (1,143) size 298x29
          RenderTableRow {tr} at (0,2) size 298x25
            RenderTableCell {td} at (2,2) size 294x25 [border: (1px inset #808080)] [r=0 c=0 rs=1 cs=1]
              RenderText {#text} at (2,2) size 177x21
                text run at (2,2) width 177: "This text is in the TFOOT"
        RenderTableSection {tbody} at (1,114) size 298x29
          RenderTableRow {tr} at (0,2) size 298x25
            RenderTableCell {td} at (2,2) size 294x25 [border: (1px inset #808080)] [r=0 c=0 rs=1 cs=1]
              RenderText {#text} at (2,2) size 179x21
                text run at (2,2) width 179: "This text is in the TBODY"
