layer at (0,0) size 785x1682
  RenderView at (0,0) size 785x600
layer at (0,0) size 785x1682
  RenderBlock {html} at (0,0) size 785x1682
    RenderBody {body} at (8,16) size 769x1658 [bgcolor=#FFFFFF]
      RenderBlock {p} at (0,0) size 769x19
        RenderText {#text} at (0,0) size 255x19
          text run at (0,0) width 255: "Black table with a white body background"
      RenderTable {table} at (0,35) size 406x54 [border: (1px outset #808080)]
        RenderTableSection (anonymous) at (1,1) size 404x52
          RenderTableRow {tr} at (0,2) size 404x23 [bgcolor=#000000]
            RenderTableCell {td} at (2,2) size 132x23 [border: (1px inset #808080)] [r=0 c=0 rs=1 cs=1]
              RenderText {#text} at (2,2) size 128x19
                text run at (2,2) width 128: "table table table table"
            RenderTableCell {td} at (136,2) size 132x23 [border: (1px inset #808080)] [r=0 c=1 rs=1 cs=1]
              RenderText {#text} at (2,2) size 128x19
                text run at (2,2) width 128: "table table table table"
            RenderTableCell {td} at (270,2) size 132x23 [border: (1px inset #808080)] [r=0 c=2 rs=1 cs=1]
              RenderText {#text} at (2,2) size 128x19
                text run at (2,2) width 128: "table table table table"
          RenderTableRow {tr} at (0,27) size 404x23 [bgcolor=#000000]
            RenderTableCell {td} at (2,27) size 132x23 [border: (1px inset #808080)] [r=1 c=0 rs=1 cs=1]
              RenderText {#text} at (2,2) size 128x19
                text run at (2,2) width 128: "table table table table"
            RenderTableCell {td} at (136,27) size 132x23 [border: (1px inset #808080)] [r=1 c=1 rs=1 cs=1]
              RenderText {#text} at (2,2) size 128x19
                text run at (2,2) width 128: "table table table table"
            RenderTableCell {td} at (270,27) size 132x23 [border: (1px inset #808080)] [r=1 c=2 rs=1 cs=1]
              RenderText {#text} at (2,2) size 128x19
                text run at (2,2) width 128: "table table table table"
      RenderBlock {p} at (0,105) size 769x19
        RenderText {#text} at (0,0) size 254x19
          text run at (0,0) width 254: "Silver table with a white body background"
      RenderTable {table} at (0,140) size 406x54 [border: (1px outset #808080)]
        RenderTableSection (anonymous) at (1,1) size 404x52
          RenderTableRow {tr} at (0,2) size 404x23 [bgcolor=#C0C0C0]
            RenderTableCell {td} at (2,2) size 132x23 [border: (1px inset #808080)] [r=0 c=0 rs=1 cs=1]
              RenderText {#text} at (2,2) size 128x19
                text run at (2,2) width 128: "table table table table"
            RenderTableCell {td} at (136,2) size 132x23 [border: (1px inset #808080)] [r=0 c=1 rs=1 cs=1]
              RenderText {#text} at (2,2) size 128x19
                text run at (2,2) width 128: "table table table table"
            RenderTableCell {td} at (270,2) size 132x23 [border: (1px inset #808080)] [r=0 c=2 rs=1 cs=1]
              RenderText {#text} at (2,2) size 128x19
                text run at (2,2) width 128: "table table table table"
          RenderTableRow {tr} at (0,27) size 404x23 [bgcolor=#C0C0C0]
            RenderTableCell {td} at (2,27) size 132x23 [border: (1px inset #808080)] [r=1 c=0 rs=1 cs=1]
              RenderText {#text} at (2,2) size 128x19
                text run at (2,2) width 128: "table table table table"
            RenderTableCell {td} at (136,27) size 132x23 [border: (1px inset #808080)] [r=1 c=1 rs=1 cs=1]
              RenderText {#text} at (2,2) size 128x19
                text run at (2,2) width 128: "table table table table"
            RenderTableCell {td} at (270,27) size 132x23 [border: (1px inset #808080)] [r=1 c=2 rs=1 cs=1]
              RenderText {#text} at (2,2) size 128x19
                text run at (2,2) width 128: "table table table table"
      RenderBlock {p} at (0,210) size 769x19
        RenderText {#text} at (0,0) size 250x19
          text run at (0,0) width 250: "Gray table with a white body background"
      RenderTable {table} at (0,245) size 406x54 [border: (1px outset #808080)]
        RenderTableSection (anonymous) at (1,1) size 404x52
          RenderTableRow {tr} at (0,2) size 404x23 [bgcolor=#808080]
            RenderTableCell {td} at (2,2) size 132x23 [border: (1px inset #808080)] [r=0 c=0 rs=1 cs=1]
              RenderText {#text} at (2,2) size 128x19
                text run at (2,2) width 128: "table table table table"
            RenderTableCell {td} at (136,2) size 132x23 [border: (1px inset #808080)] [r=0 c=1 rs=1 cs=1]
              RenderText {#text} at (2,2) size 128x19
                text run at (2,2) width 128: "table table table table"
            RenderTableCell {td} at (270,2) size 132x23 [border: (1px inset #808080)] [r=0 c=2 rs=1 cs=1]
              RenderText {#text} at (2,2) size 128x19
                text run at (2,2) width 128: "table table table table"
          RenderTableRow {tr} at (0,27) size 404x23 [bgcolor=#808080]
            RenderTableCell {td} at (2,27) size 132x23 [border: (1px inset #808080)] [r=1 c=0 rs=1 cs=1]
              RenderText {#text} at (2,2) size 128x19
                text run at (2,2) width 128: "table table table table"
            RenderTableCell {td} at (136,27) size 132x23 [border: (1px inset #808080)] [r=1 c=1 rs=1 cs=1]
              RenderText {#text} at (2,2) size 128x19
                text run at (2,2) width 128: "table table table table"
            RenderTableCell {td} at (270,27) size 132x23 [border: (1px inset #808080)] [r=1 c=2 rs=1 cs=1]
              RenderText {#text} at (2,2) size 128x19
                text run at (2,2) width 128: "table table table table"
      RenderBlock {p} at (0,315) size 769x19
        RenderText {#text} at (0,0) size 256x19
          text run at (0,0) width 256: "White table with a white body background"
      RenderTable {table} at (0,350) size 406x54 [border: (1px outset #808080)]
        RenderTableSection (anonymous) at (1,1) size 404x52
          RenderTableRow {tr} at (0,2) size 404x23 [bgcolor=#FFFFFF]
            RenderTableCell {td} at (2,2) size 132x23 [border: (1px inset #808080)] [r=0 c=0 rs=1 cs=1]
              RenderText {#text} at (2,2) size 128x19
                text run at (2,2) width 128: "table table table table"
            RenderTableCell {td} at (136,2) size 132x23 [border: (1px inset #808080)] [r=0 c=1 rs=1 cs=1]
              RenderText {#text} at (2,2) size 128x19
                text run at (2,2) width 128: "table table table table"
            RenderTableCell {td} at (270,2) size 132x23 [border: (1px inset #808080)] [r=0 c=2 rs=1 cs=1]
              RenderText {#text} at (2,2) size 128x19
                text run at (2,2) width 128: "table table table table"
          RenderTableRow {tr} at (0,27) size 404x23 [bgcolor=#FFFFFF]
            RenderTableCell {td} at (2,27) size 132x23 [border: (1px inset #808080)] [r=1 c=0 rs=1 cs=1]
              RenderText {#text} at (2,2) size 128x19
                text run at (2,2) width 128: "table table table table"
            RenderTableCell {td} at (136,27) size 132x23 [border: (1px inset #808080)] [r=1 c=1 rs=1 cs=1]
              RenderText {#text} at (2,2) size 128x19
                text run at (2,2) width 128: "table table table table"
            RenderTableCell {td} at (270,27) size 132x23 [border: (1px inset #808080)] [r=1 c=2 rs=1 cs=1]
              RenderText {#text} at (2,2) size 128x19
                text run at (2,2) width 128: "table table table table"
      RenderBlock {p} at (0,420) size 769x19
        RenderText {#text} at (0,0) size 269x19
          text run at (0,0) width 269: "Maroon table with a white body background"
      RenderTable {table} at (0,455) size 406x54 [border: (1px outset #808080)]
        RenderTableSection (anonymous) at (1,1) size 404x52
          RenderTableRow {tr} at (0,2) size 404x23 [bgcolor=#800000]
            RenderTableCell {td} at (2,2) size 132x23 [border: (1px inset #808080)] [r=0 c=0 rs=1 cs=1]
              RenderText {#text} at (2,2) size 128x19
                text run at (2,2) width 128: "table table table table"
            RenderTableCell {td} at (136,2) size 132x23 [border: (1px inset #808080)] [r=0 c=1 rs=1 cs=1]
              RenderText {#text} at (2,2) size 128x19
                text run at (2,2) width 128: "table table table table"
            RenderTableCell {td} at (270,2) size 132x23 [border: (1px inset #808080)] [r=0 c=2 rs=1 cs=1]
              RenderText {#text} at (2,2) size 128x19
                text run at (2,2) width 128: "table table table table"
          RenderTableRow {tr} at (0,27) size 404x23 [bgcolor=#800000]
            RenderTableCell {td} at (2,27) size 132x23 [border: (1px inset #808080)] [r=1 c=0 rs=1 cs=1]
              RenderText {#text} at (2,2) size 128x19
                text run at (2,2) width 128: "table table table table"
            RenderTableCell {td} at (136,27) size 132x23 [border: (1px inset #808080)] [r=1 c=1 rs=1 cs=1]
              RenderText {#text} at (2,2) size 128x19
                text run at (2,2) width 128: "table table table table"
            RenderTableCell {td} at (270,27) size 132x23 [border: (1px inset #808080)] [r=1 c=2 rs=1 cs=1]
              RenderText {#text} at (2,2) size 128x19
                text run at (2,2) width 128: "table table table table"
      RenderBlock {p} at (0,525) size 769x19
        RenderText {#text} at (0,0) size 245x19
          text run at (0,0) width 245: "Red table with a white body background"
      RenderTable {table} at (0,560) size 406x54 [border: (1px outset #808080)]
        RenderTableSection (anonymous) at (1,1) size 404x52
          RenderTableRow {tr} at (0,2) size 404x23 [bgcolor=#FF0000]
            RenderTableCell {td} at (2,2) size 132x23 [border: (1px inset #808080)] [r=0 c=0 rs=1 cs=1]
              RenderText {#text} at (2,2) size 128x19
                text run at (2,2) width 128: "table table table table"
            RenderTableCell {td} at (136,2) size 132x23 [border: (1px inset #808080)] [r=0 c=1 rs=1 cs=1]
              RenderText {#text} at (2,2) size 128x19
                text run at (2,2) width 128: "table table table table"
            RenderTableCell {td} at (270,2) size 132x23 [border: (1px inset #808080)] [r=0 c=2 rs=1 cs=1]
              RenderText {#text} at (2,2) size 128x19
                text run at (2,2) width 128: "table table table table"
          RenderTableRow {tr} at (0,27) size 404x23 [bgcolor=#FF0000]
            RenderTableCell {td} at (2,27) size 132x23 [border: (1px inset #808080)] [r=1 c=0 rs=1 cs=1]
              RenderText {#text} at (2,2) size 128x19
                text run at (2,2) width 128: "table table table table"
            RenderTableCell {td} at (136,27) size 132x23 [border: (1px inset #808080)] [r=1 c=1 rs=1 cs=1]
              RenderText {#text} at (2,2) size 128x19
                text run at (2,2) width 128: "table table table table"
            RenderTableCell {td} at (270,27) size 132x23 [border: (1px inset #808080)] [r=1 c=2 rs=1 cs=1]
              RenderText {#text} at (2,2) size 128x19
                text run at (2,2) width 128: "table table table table"
      RenderBlock {p} at (0,630) size 769x19
        RenderText {#text} at (0,0) size 259x19
          text run at (0,0) width 259: "Purple table with a white body background"
      RenderTable {table} at (0,665) size 406x54 [border: (1px outset #808080)]
        RenderTableSection (anonymous) at (1,1) size 404x52
          RenderTableRow {tr} at (0,2) size 404x23 [bgcolor=#800080]
            RenderTableCell {td} at (2,2) size 132x23 [border: (1px inset #808080)] [r=0 c=0 rs=1 cs=1]
              RenderText {#text} at (2,2) size 128x19
                text run at (2,2) width 128: "table table table table"
            RenderTableCell {td} at (136,2) size 132x23 [border: (1px inset #808080)] [r=0 c=1 rs=1 cs=1]
              RenderText {#text} at (2,2) size 128x19
                text run at (2,2) width 128: "table table table table"
            RenderTableCell {td} at (270,2) size 132x23 [border: (1px inset #808080)] [r=0 c=2 rs=1 cs=1]
              RenderText {#text} at (2,2) size 128x19
                text run at (2,2) width 128: "table table table table"
          RenderTableRow {tr} at (0,27) size 404x23 [bgcolor=#800080]
            RenderTableCell {td} at (2,27) size 132x23 [border: (1px inset #808080)] [r=1 c=0 rs=1 cs=1]
              RenderText {#text} at (2,2) size 128x19
                text run at (2,2) width 128: "table table table table"
            RenderTableCell {td} at (136,27) size 132x23 [border: (1px inset #808080)] [r=1 c=1 rs=1 cs=1]
              RenderText {#text} at (2,2) size 128x19
                text run at (2,2) width 128: "table table table table"
            RenderTableCell {td} at (270,27) size 132x23 [border: (1px inset #808080)] [r=1 c=2 rs=1 cs=1]
              RenderText {#text} at (2,2) size 128x19
                text run at (2,2) width 128: "table table table table"
      RenderBlock {p} at (0,735) size 769x19
        RenderText {#text} at (0,0) size 266x19
          text run at (0,0) width 266: "Fuchsia table with a white body background"
      RenderTable {table} at (0,770) size 406x54 [border: (1px outset #808080)]
        RenderTableSection (anonymous) at (1,1) size 404x52
          RenderTableRow {tr} at (0,2) size 404x23 [bgcolor=#FF00FF]
            RenderTableCell {td} at (2,2) size 132x23 [border: (1px inset #808080)] [r=0 c=0 rs=1 cs=1]
              RenderText {#text} at (2,2) size 128x19
                text run at (2,2) width 128: "table table table table"
            RenderTableCell {td} at (136,2) size 132x23 [border: (1px inset #808080)] [r=0 c=1 rs=1 cs=1]
              RenderText {#text} at (2,2) size 128x19
                text run at (2,2) width 128: "table table table table"
            RenderTableCell {td} at (270,2) size 132x23 [border: (1px inset #808080)] [r=0 c=2 rs=1 cs=1]
              RenderText {#text} at (2,2) size 128x19
                text run at (2,2) width 128: "table table table table"
          RenderTableRow {tr} at (0,27) size 404x23 [bgcolor=#FF00FF]
            RenderTableCell {td} at (2,27) size 132x23 [border: (1px inset #808080)] [r=1 c=0 rs=1 cs=1]
              RenderText {#text} at (2,2) size 128x19
                text run at (2,2) width 128: "table table table table"
            RenderTableCell {td} at (136,27) size 132x23 [border: (1px inset #808080)] [r=1 c=1 rs=1 cs=1]
              RenderText {#text} at (2,2) size 128x19
                text run at (2,2) width 128: "table table table table"
            RenderTableCell {td} at (270,27) size 132x23 [border: (1px inset #808080)] [r=1 c=2 rs=1 cs=1]
              RenderText {#text} at (2,2) size 128x19
                text run at (2,2) width 128: "table table table table"
      RenderBlock {p} at (0,840) size 769x19
        RenderText {#text} at (0,0) size 257x19
          text run at (0,0) width 257: "Green table with a white body background"
      RenderTable {table} at (0,875) size 406x54 [border: (1px outset #808080)]
        RenderTableSection (anonymous) at (1,1) size 404x52
          RenderTableRow {tr} at (0,2) size 404x23 [bgcolor=#008000]
            RenderTableCell {td} at (2,2) size 132x23 [border: (1px inset #808080)] [r=0 c=0 rs=1 cs=1]
              RenderText {#text} at (2,2) size 128x19
                text run at (2,2) width 128: "table table table table"
            RenderTableCell {td} at (136,2) size 132x23 [border: (1px inset #808080)] [r=0 c=1 rs=1 cs=1]
              RenderText {#text} at (2,2) size 128x19
                text run at (2,2) width 128: "table table table table"
            RenderTableCell {td} at (270,2) size 132x23 [border: (1px inset #808080)] [r=0 c=2 rs=1 cs=1]
              RenderText {#text} at (2,2) size 128x19
                text run at (2,2) width 128: "table table table table"
          RenderTableRow {tr} at (0,27) size 404x23 [bgcolor=#008000]
            RenderTableCell {td} at (2,27) size 132x23 [border: (1px inset #808080)] [r=1 c=0 rs=1 cs=1]
              RenderText {#text} at (2,2) size 128x19
                text run at (2,2) width 128: "table table table table"
            RenderTableCell {td} at (136,27) size 132x23 [border: (1px inset #808080)] [r=1 c=1 rs=1 cs=1]
              RenderText {#text} at (2,2) size 128x19
                text run at (2,2) width 128: "table table table table"
            RenderTableCell {td} at (270,27) size 132x23 [border: (1px inset #808080)] [r=1 c=2 rs=1 cs=1]
              RenderText {#text} at (2,2) size 128x19
                text run at (2,2) width 128: "table table table table"
      RenderBlock {p} at (0,945) size 769x19
        RenderText {#text} at (0,0) size 250x19
          text run at (0,0) width 250: "Lime table with a white body background"
      RenderTable {table} at (0,980) size 406x54 [border: (1px outset #808080)]
        RenderTableSection (anonymous) at (1,1) size 404x52
          RenderTableRow {tr} at (0,2) size 404x23 [bgcolor=#00FF00]
            RenderTableCell {td} at (2,2) size 132x23 [border: (1px inset #808080)] [r=0 c=0 rs=1 cs=1]
              RenderText {#text} at (2,2) size 128x19
                text run at (2,2) width 128: "table table table table"
            RenderTableCell {td} at (136,2) size 132x23 [border: (1px inset #808080)] [r=0 c=1 rs=1 cs=1]
              RenderText {#text} at (2,2) size 128x19
                text run at (2,2) width 128: "table table table table"
            RenderTableCell {td} at (270,2) size 132x23 [border: (1px inset #808080)] [r=0 c=2 rs=1 cs=1]
              RenderText {#text} at (2,2) size 128x19
                text run at (2,2) width 128: "table table table table"
          RenderTableRow {tr} at (0,27) size 404x23 [bgcolor=#00FF00]
            RenderTableCell {td} at (2,27) size 132x23 [border: (1px inset #808080)] [r=1 c=0 rs=1 cs=1]
              RenderText {#text} at (2,2) size 128x19
                text run at (2,2) width 128: "table table table table"
            RenderTableCell {td} at (136,27) size 132x23 [border: (1px inset #808080)] [r=1 c=1 rs=1 cs=1]
              RenderText {#text} at (2,2) size 128x19
                text run at (2,2) width 128: "table table table table"
            RenderTableCell {td} at (270,27) size 132x23 [border: (1px inset #808080)] [r=1 c=2 rs=1 cs=1]
              RenderText {#text} at (2,2) size 128x19
                text run at (2,2) width 128: "table table table table"
      RenderBlock {p} at (0,1050) size 769x19
        RenderText {#text} at (0,0) size 252x19
          text run at (0,0) width 252: "Olive table with a white body background"
      RenderTable {table} at (0,1085) size 406x54 [border: (1px outset #808080)]
        RenderTableSection (anonymous) at (1,1) size 404x52
          RenderTableRow {tr} at (0,2) size 404x23 [bgcolor=#808000]
            RenderTableCell {td} at (2,2) size 132x23 [border: (1px inset #808080)] [r=0 c=0 rs=1 cs=1]
              RenderText {#text} at (2,2) size 128x19
                text run at (2,2) width 128: "table table table table"
            RenderTableCell {td} at (136,2) size 132x23 [border: (1px inset #808080)] [r=0 c=1 rs=1 cs=1]
              RenderText {#text} at (2,2) size 128x19
                text run at (2,2) width 128: "table table table table"
            RenderTableCell {td} at (270,2) size 132x23 [border: (1px inset #808080)] [r=0 c=2 rs=1 cs=1]
              RenderText {#text} at (2,2) size 128x19
                text run at (2,2) width 128: "table table table table"
          RenderTableRow {tr} at (0,27) size 404x23 [bgcolor=#808000]
            RenderTableCell {td} at (2,27) size 132x23 [border: (1px inset #808080)] [r=1 c=0 rs=1 cs=1]
              RenderText {#text} at (2,2) size 128x19
                text run at (2,2) width 128: "table table table table"
            RenderTableCell {td} at (136,27) size 132x23 [border: (1px inset #808080)] [r=1 c=1 rs=1 cs=1]
              RenderText {#text} at (2,2) size 128x19
                text run at (2,2) width 128: "table table table table"
            RenderTableCell {td} at (270,27) size 132x23 [border: (1px inset #808080)] [r=1 c=2 rs=1 cs=1]
              RenderText {#text} at (2,2) size 128x19
                text run at (2,2) width 128: "table table table table"
      RenderBlock {p} at (0,1155) size 769x19
        RenderText {#text} at (0,0) size 263x19
          text run at (0,0) width 263: "Yellow table with a white body background"
      RenderTable {table} at (0,1190) size 406x54 [border: (1px outset #808080)]
        RenderTableSection (anonymous) at (1,1) size 404x52
          RenderTableRow {tr} at (0,2) size 404x23 [bgcolor=#FFFF00]
            RenderTableCell {td} at (2,2) size 132x23 [border: (1px inset #808080)] [r=0 c=0 rs=1 cs=1]
              RenderText {#text} at (2,2) size 128x19
                text run at (2,2) width 128: "table table table table"
            RenderTableCell {td} at (136,2) size 132x23 [border: (1px inset #808080)] [r=0 c=1 rs=1 cs=1]
              RenderText {#text} at (2,2) size 128x19
                text run at (2,2) width 128: "table table table table"
            RenderTableCell {td} at (270,2) size 132x23 [border: (1px inset #808080)] [r=0 c=2 rs=1 cs=1]
              RenderText {#text} at (2,2) size 128x19
                text run at (2,2) width 128: "table table table table"
          RenderTableRow {tr} at (0,27) size 404x23 [bgcolor=#FFFF00]
            RenderTableCell {td} at (2,27) size 132x23 [border: (1px inset #808080)] [r=1 c=0 rs=1 cs=1]
              RenderText {#text} at (2,2) size 128x19
                text run at (2,2) width 128: "table table table table"
            RenderTableCell {td} at (136,27) size 132x23 [border: (1px inset #808080)] [r=1 c=1 rs=1 cs=1]
              RenderText {#text} at (2,2) size 128x19
                text run at (2,2) width 128: "table table table table"
            RenderTableCell {td} at (270,27) size 132x23 [border: (1px inset #808080)] [r=1 c=2 rs=1 cs=1]
              RenderText {#text} at (2,2) size 128x19
                text run at (2,2) width 128: "table table table table"
      RenderBlock {p} at (0,1260) size 769x19
        RenderText {#text} at (0,0) size 253x19
          text run at (0,0) width 253: "Navy table with a white body background"
      RenderTable {table} at (0,1295) size 406x54 [border: (1px outset #808080)]
        RenderTableSection (anonymous) at (1,1) size 404x52
          RenderTableRow {tr} at (0,2) size 404x23 [bgcolor=#000080]
            RenderTableCell {td} at (2,2) size 132x23 [border: (1px inset #808080)] [r=0 c=0 rs=1 cs=1]
              RenderText {#text} at (2,2) size 128x19
                text run at (2,2) width 128: "table table table table"
            RenderTableCell {td} at (136,2) size 132x23 [border: (1px inset #808080)] [r=0 c=1 rs=1 cs=1]
              RenderText {#text} at (2,2) size 128x19
                text run at (2,2) width 128: "table table table table"
            RenderTableCell {td} at (270,2) size 132x23 [border: (1px inset #808080)] [r=0 c=2 rs=1 cs=1]
              RenderText {#text} at (2,2) size 128x19
                text run at (2,2) width 128: "table table table table"
          RenderTableRow {tr} at (0,27) size 404x23 [bgcolor=#000080]
            RenderTableCell {td} at (2,27) size 132x23 [border: (1px inset #808080)] [r=1 c=0 rs=1 cs=1]
              RenderText {#text} at (2,2) size 128x19
                text run at (2,2) width 128: "table table table table"
            RenderTableCell {td} at (136,27) size 132x23 [border: (1px inset #808080)] [r=1 c=1 rs=1 cs=1]
              RenderText {#text} at (2,2) size 128x19
                text run at (2,2) width 128: "table table table table"
            RenderTableCell {td} at (270,27) size 132x23 [border: (1px inset #808080)] [r=1 c=2 rs=1 cs=1]
              RenderText {#text} at (2,2) size 128x19
                text run at (2,2) width 128: "table table table table"
      RenderBlock {p} at (0,1365) size 769x19
        RenderText {#text} at (0,0) size 247x19
          text run at (0,0) width 247: "Blue table with a white body background"
      RenderTable {table} at (0,1400) size 406x54 [border: (1px outset #808080)]
        RenderTableSection (anonymous) at (1,1) size 404x52
          RenderTableRow {tr} at (0,2) size 404x23 [bgcolor=#0000FF]
            RenderTableCell {td} at (2,2) size 132x23 [border: (1px inset #808080)] [r=0 c=0 rs=1 cs=1]
              RenderText {#text} at (2,2) size 128x19
                text run at (2,2) width 128: "table table table table"
            RenderTableCell {td} at (136,2) size 132x23 [border: (1px inset #808080)] [r=0 c=1 rs=1 cs=1]
              RenderText {#text} at (2,2) size 128x19
                text run at (2,2) width 128: "table table table table"
            RenderTableCell {td} at (270,2) size 132x23 [border: (1px inset #808080)] [r=0 c=2 rs=1 cs=1]
              RenderText {#text} at (2,2) size 128x19
                text run at (2,2) width 128: "table table table table"
          RenderTableRow {tr} at (0,27) size 404x23 [bgcolor=#0000FF]
            RenderTableCell {td} at (2,27) size 132x23 [border: (1px inset #808080)] [r=1 c=0 rs=1 cs=1]
              RenderText {#text} at (2,2) size 128x19
                text run at (2,2) width 128: "table table table table"
            RenderTableCell {td} at (136,27) size 132x23 [border: (1px inset #808080)] [r=1 c=1 rs=1 cs=1]
              RenderText {#text} at (2,2) size 128x19
                text run at (2,2) width 128: "table table table table"
            RenderTableCell {td} at (270,27) size 132x23 [border: (1px inset #808080)] [r=1 c=2 rs=1 cs=1]
              RenderText {#text} at (2,2) size 128x19
                text run at (2,2) width 128: "table table table table"
      RenderBlock {p} at (0,1470) size 769x19
        RenderText {#text} at (0,0) size 246x19
          text run at (0,0) width 246: "Teal table with a white body background"
      RenderTable {table} at (0,1505) size 398x48
        RenderTableSection (anonymous) at (0,0) size 398x48
          RenderTableRow {tr} at (0,2) size 398x21 [bgcolor=#008080]
            RenderTableCell {td} at (2,2) size 130x21 [r=0 c=0 rs=1 cs=1]
              RenderText {#text} at (1,1) size 128x19
                text run at (1,1) width 128: "table table table table"
            RenderTableCell {td} at (134,2) size 130x21 [r=0 c=1 rs=1 cs=1]
              RenderText {#text} at (1,1) size 128x19
                text run at (1,1) width 128: "table table table table"
            RenderTableCell {td} at (266,2) size 130x21 [r=0 c=2 rs=1 cs=1]
              RenderText {#text} at (1,1) size 128x19
                text run at (1,1) width 128: "table table table table"
          RenderTableRow {tr} at (0,25) size 398x21 [bgcolor=#008080]
            RenderTableCell {td} at (2,25) size 130x21 [r=1 c=0 rs=1 cs=1]
              RenderText {#text} at (1,1) size 128x19
                text run at (1,1) width 128: "table table table table"
            RenderTableCell {td} at (134,25) size 130x21 [r=1 c=1 rs=1 cs=1]
              RenderText {#text} at (1,1) size 128x19
                text run at (1,1) width 128: "table table table table"
            RenderTableCell {td} at (266,25) size 130x21 [r=1 c=2 rs=1 cs=1]
              RenderText {#text} at (1,1) size 128x19
                text run at (1,1) width 128: "table table table table"
      RenderBlock {p} at (0,1569) size 769x19
        RenderText {#text} at (0,0) size 253x19
          text run at (0,0) width 253: "Aqua table with a white body background"
      RenderTable {table} at (0,1604) size 406x54 [border: (1px outset #808080)]
        RenderTableSection (anonymous) at (1,1) size 404x52
          RenderTableRow {tr} at (0,2) size 404x23 [bgcolor=#00FFFF]
            RenderTableCell {td} at (2,2) size 132x23 [border: (1px inset #808080)] [r=0 c=0 rs=1 cs=1]
              RenderText {#text} at (2,2) size 128x19
                text run at (2,2) width 128: "table table table table"
            RenderTableCell {td} at (136,2) size 132x23 [border: (1px inset #808080)] [r=0 c=1 rs=1 cs=1]
              RenderText {#text} at (2,2) size 128x19
                text run at (2,2) width 128: "table table table table"
            RenderTableCell {td} at (270,2) size 132x23 [border: (1px inset #808080)] [r=0 c=2 rs=1 cs=1]
              RenderText {#text} at (2,2) size 128x19
                text run at (2,2) width 128: "table table table table"
          RenderTableRow {tr} at (0,27) size 404x23 [bgcolor=#00FFFF]
            RenderTableCell {td} at (2,27) size 132x23 [border: (1px inset #808080)] [r=1 c=0 rs=1 cs=1]
              RenderText {#text} at (2,2) size 128x19
                text run at (2,2) width 128: "table table table table"
            RenderTableCell {td} at (136,27) size 132x23 [border: (1px inset #808080)] [r=1 c=1 rs=1 cs=1]
              RenderText {#text} at (2,2) size 128x19
                text run at (2,2) width 128: "table table table table"
            RenderTableCell {td} at (270,27) size 132x23 [border: (1px inset #808080)] [r=1 c=2 rs=1 cs=1]
              RenderText {#text} at (2,2) size 128x19
                text run at (2,2) width 128: "table table table table"
