layer at (0,0) size 800x600
  RenderView at (0,0) size 800x600
layer at (0,0) size 800x273
  RenderBlock {html} at (0,0) size 800x273
    RenderBody {body} at (8,16) size 784x249
      RenderBlock {p} at (0,0) size 784x19
        RenderText {#text} at (0,0) size 150x19
          text run at (0,0) width 150: "TR VALIGN=MIDDLE"
      RenderTable {table} at (0,35) size 591x214 [border: (1px outset #808080)]
        RenderTableSection (anonymous) at (1,1) size 589x212
          RenderTableRow {tr} at (0,2) size 589x208
            RenderTableCell {td} at (2,2) size 204x208 [border: (1px inset #808080)] [r=0 c=0 rs=1 cs=1]
              RenderImage {img} at (2,2) size 200x200
            RenderTableCell {td} at (208,94) size 379x23 [border: (1px inset #808080)] [r=0 c=1 rs=1 cs=1]
              RenderText {#text} at (2,2) size 375x19
                text run at (2,2) width 340: "This text should be vertically aligned to the middle of the "
                text run at (342,2) width 35: "image"
