EDITING DELEGATE: shouldBeginEditingInDOMRange:range from 0 of DIV > BODY > HTML > #document to 1 of DIV > BODY > HTML > #document
EDITING DELEGATE: webViewDidBeginEditing:WebViewDidBeginEditingNotification
EDITING DELEGATE: webViewDidChangeSelection:WebViewDidChangeSelectionNotification
EDITING DELEGATE: webViewDidChangeSelection:WebViewDidChangeSelectionNotification
layer at (0,0) size 800x600
  RenderView at (0,0) size 800x600
layer at (0,0) size 800x600
  RenderBlock {HTML} at (0,0) size 800x600
    RenderBody {BODY} at (8,8) size 784x584
      RenderBlock {P} at (0,0) size 784x38
        RenderText {#text} at (0,0) size 754x38
          text run at (0,0) width 308: "This tests paragraphBoundary selection navigation. "
          text run at (308,0) width 446: "The caret should be at the end of the paragraph below, just after the select"
          text run at (0,19) width 27: "box."
      RenderBlock {DIV} at (0,54) size 784x28
        RenderMenuList {SELECT} at (2,2) size 36x24 [bgcolor=#FFFFFF]
          RenderBlock (anonymous) at (4,2) size 8x19
            RenderText at (0,0) size 8x19
              text run at (0,0) width 8: "1"
caret: position 1 of child 0 {SELECT} of child 2 {DIV} of body
