EDITING DELEGATE: shouldInsertText:http://www.ibm.com/ replacingDOMRange:range from 0 of DIV > #document-fragment to 0 of DIV > #document-fragment givenAction:WebViewInsertActionDropped
EDITING DELEGATE: webViewDidChangeSelection:WebViewDidChangeSelectionNotification
EDITING DELEGATE: shouldChangeSelectedDOMRange:range from 0 of DIV > #document-fragment to 0 of DIV > #document-fragment toDOMRange:range from 0 of #text > DIV > #document-fragment to 19 of #text > DIV > #document-fragment affinity:NSSelectionAffinityDownstream stillSelecting:FALSE
EDITING DELEGATE: webViewDidChangeSelection:WebViewDidChangeSelectionNotification
EDITING DELEGATE: webViewDidChange:WebViewDidChangeNotification
layer at (0,0) size 800x600
  RenderView at (0,0) size 800x600
layer at (0,0) size 800x600
  RenderBlock {HTML} at (0,0) size 800x600
    RenderBody {BODY} at (8,8) size 784x584
      RenderBlock {P} at (0,0) size 784x40
        RenderText {#text} at (0,0) size 99x19
          text run at (0,0) width 99: "This is a test for "
        RenderInline {I} at (0,0) size 755x39
          RenderInline {A} at (0,0) size 350x19 [color=#0000EE]
            RenderText {#text} at (99,0) size 350x19
              text run at (99,0) width 350: "http://bugzilla.opendarwin.org/show_bug.cgi?id=8394"
          RenderText {#text} at (449,0) size 755x39
            text run at (449,0) width 4: " "
            text run at (453,0) width 302: "Editable region does not accept dropped text if"
            text run at (0,20) width 127: "there is no selection"
        RenderText {#text} at (127,20) size 4x19
          text run at (127,20) width 4: "."
      RenderBlock {P} at (0,56) size 784x20
        RenderText {#text} at (0,0) size 625x19
          text run at (0,0) width 458: "The text field should accept drag-and-dropped text, such as the link, even if "
          text run at (458,0) width 167: "no text is currently selected."
      RenderBlock {HR} at (0,92) size 784x2 [border: (1px inset #000000)]
      RenderBlock (anonymous) at (0,102) size 784x26
        RenderTextControl {INPUT} at (2,2) size 153x22 [bgcolor=#FFFFFF] [border: (2px inset #000000)]
        RenderText {#text} at (157,3) size 4x19
          text run at (157,3) width 4: " "
        RenderInline {A} at (0,0) size 154x19 [color=#0000EE]
          RenderText {#text} at (161,3) size 154x19
            text run at (161,3) width 154: "drop me into the text field"
        RenderText {#text} at (0,0) size 0x0
        RenderText {#text} at (0,0) size 0x0
layer at (12,115) size 149x16
  RenderBlock {DIV} at (2,3) size 149x16
    RenderText {#text} at (0,0) size 119x16
      text run at (0,0) width 119: "http://www.ibm.com/"
selection start: position 0 of child 0 {#text} of child 0 {DIV} of {#document-fragment} of child 7 {INPUT} of body
selection end:   position 19 of child 0 {#text} of child 0 {DIV} of {#document-fragment} of child 7 {INPUT} of body
