EDITING DELEGATE: shouldBeginEditingInDOMRange:range from 0 of DIV > BODY > HTML > #document to 3 of DIV > BODY > HTML > #document
EDITING DELEGATE: webViewDidBeginEditing:WebViewDidBeginEditingNotification
EDITING DELEGATE: webViewDidChangeSelection:WebViewDidChangeSelectionNotification
EDITING DELEGATE: webViewDidChangeSelection:WebViewDidChangeSelectionNotification
EDITING DELEGATE: webViewDidChangeSelection:WebViewDidChangeSelectionNotification
EDITING DELEGATE: webViewDidChangeSelection:WebViewDidChangeSelectionNotification
EDITING DELEGATE: shouldDeleteDOMRange:range from 1 of DIV > DIV > BODY > HTML > #document to 6 of #text > DIV > DIV > BODY > HTML > #document
EDITING DELEGATE: shouldChangeSelectedDOMRange:range from 0 of DIV > DIV > BODY > HTML > #document to 0 of DIV > DIV > BODY > HTML > #document toDOMRange:range from 0 of DIV > DIV > BODY > HTML > #document to 0 of DIV > DIV > BODY > HTML > #document affinity:NSSelectionAffinityDownstream stillSelecting:FALSE
EDITING DELEGATE: webViewDidChangeSelection:WebViewDidChangeSelectionNotification
EDITING DELEGATE: webViewDidChange:WebViewDidChangeNotification
EDITING DELEGATE: shouldInsertNode:#document-fragment replacingDOMRange:range from 0 of DIV > DIV > BODY > HTML > #document to 0 of DIV > DIV > BODY > HTML > #document givenAction:WebViewInsertActionPasted
EDITING DELEGATE: shouldChangeSelectedDOMRange:range from 5 of #text > DIV > DIV > BODY > HTML > #document to 5 of #text > DIV > DIV > BODY > HTML > #document toDOMRange:range from 5 of #text > DIV > DIV > BODY > HTML > #document to 5 of #text > DIV > DIV > BODY > HTML > #document affinity:NSSelectionAffinityDownstream stillSelecting:FALSE
EDITING DELEGATE: webViewDidChangeSelection:WebViewDidChangeSelectionNotification
EDITING DELEGATE: webViewDidChange:WebViewDidChangeNotification
layer at (0,0) size 800x600
  RenderView at (0,0) size 800x600
layer at (0,0) size 800x600
  RenderBlock {HTML} at (0,0) size 800x600
    RenderBody {BODY} at (8,8) size 784x584
      RenderBlock {DIV} at (0,0) size 784x237 [border: (2px solid #0000FF)]
        RenderBlock {DIV} at (14,14) size 756x83
          RenderText {#text} at (0,0) size 66x26
            text run at (0,0) width 66: "Tests: "
          RenderBR {BR} at (0,0) size 0x0
          RenderText {#text} at (0,27) size 111x27
            text run at (0,27) width 111: "Bug fix for "
          RenderInline {A} at (0,0) size 257x27 [color=#0000EE]
            RenderText {#text} at (111,27) size 257x27
              text run at (111,27) width 257: "<rdar://problem/4035648>"
          RenderText {#text} at (368,27) size 704x55
            text run at (368,27) width 336: " REGRESSION (Mail): line feed in"
            text run at (0,55) width 483: "source HTML file causes bad copy/paste behavior"
        RenderBlock {DIV} at (14,113) size 756x110
          RenderText {#text} at (0,0) size 189x26
            text run at (0,0) width 189: "Expected Results: "
          RenderBR {BR} at (189,21) size 0x0
          RenderText {#text} at (0,27) size 511x27
            text run at (0,27) width 511: "Should see the text self-documenting itself correctly: "
          RenderBR {BR} at (511,48) size 0x0
          RenderInline {B} at (0,0) size 45x26
            RenderText {#text} at (0,55) size 45x26
              text run at (0,55) width 45: "bold"
            RenderBR {BR} at (45,76) size 0x0
          RenderText {#text} at (0,82) size 47x27
            text run at (0,82) width 47: "plain"
      RenderBlock {DIV} at (0,261) size 784x87
        RenderBlock {DIV} at (0,0) size 784x87 [border: (2px solid #FF0000)]
          RenderBR {BR} at (2,2) size 0x27
          RenderInline {B} at (0,0) size 45x26
            RenderText {#text} at (2,30) size 45x26
              text run at (2,30) width 45: "bold"
            RenderBR {BR} at (47,51) size 0x0
          RenderText {#text} at (2,57) size 47x27
            text run at (2,57) width 47: "plain"
caret: position 5 of child 2 {#text} of child 1 {DIV} of child 3 {DIV} of body
