layer at (0,0) size 800x600
  RenderView at (0,0) size 800x600
layer at (0,0) size 800x374
  RenderBlock {html} at (0,0) size 800x374
    RenderBody {body} at (8,16) size 784x342
      RenderBlock {p} at (0,0) size 784x20
        RenderText {#text} at (0,0) size 59x19
          text run at (0,0) width 59: "operator: "
        RenderMathMLMath {math} at (59,6) size 13x11 [padding: 0 1 0 1]
          RenderMathMLOperator {mo} at (2,0) size 9x11
            RenderMathMLBlock (flex) {mo} at (0,0) size 8x11
              RenderBlock (anonymous) at (0,0) size 8x11
                RenderText {mo} at (0,-2) size 8x14
                  text run at (0,-2) width 8: "\x{2211}"
        RenderText {#text} at (71,0) size 72x19
          text run at (71,0) width 72: " , operator: "
        RenderMathMLMath {math} at (142,6) size 13x10 [padding: 0 1 0 1]
          RenderMathMLOperator {mo} at (2,0) size 9x10
            RenderMathMLBlock (flex) {mo} at (0,0) size 8x10
              RenderBlock (anonymous) at (0,0) size 8x10
                RenderText {mo} at (0,-2) size 8x14
                  text run at (0,-2) width 8: "B"
        RenderText {#text} at (154,0) size 110x19
          text run at (154,0) width 110: " , minus operator: "
        RenderMathMLMath {math} at (263,11) size 16x5 [padding: 0 1 0 1]
          RenderMathMLOperator {mo} at (2,0) size 11x5
            RenderMathMLBlock (flex) {mo} at (0,0) size 10x5
              RenderBlock (anonymous) at (0,0) size 10x5
                RenderText {mo} at (0,-7) size 10x14
                  text run at (0,-7) width 10: "\x{2212}"
        RenderText {#text} at (0,0) size 0x0
      RenderBlock {p} at (0,36) size 784x20
        RenderText {#text} at (0,0) size 59x19
          text run at (0,0) width 59: "operator: "
        RenderMathMLMath {math} at (59,3) size 17x15 [padding: 0 1 0 1]
          RenderMathMLOperator {mo} at (2,0) size 12x15
            RenderMathMLBlock (flex) {mo} at (0,0) size 11x15
              RenderBlock (anonymous) at (0,0) size 11x15
                RenderText {mo} at (0,-3) size 11x19
                  text run at (0,-3) width 11: "\x{2211}"
        RenderText {#text} at (75,0) size 72x19
          text run at (75,0) width 72: " , operator: "
        RenderMathMLMath {math} at (146,3) size 17x13 [padding: 0 1 0 1]
          RenderMathMLOperator {mo} at (2,0) size 12x13
            RenderMathMLBlock (flex) {mo} at (0,0) size 11x13
              RenderBlock (anonymous) at (0,0) size 11x13
                RenderText {mo} at (0,-3) size 11x19
                  text run at (0,-3) width 11: "B"
        RenderText {#text} at (162,0) size 110x19
          text run at (162,0) width 110: " , minus operator: "
        RenderMathMLMath {math} at (271,10) size 19x6 [padding: 0 1 0 1]
          RenderMathMLOperator {mo} at (2,0) size 14x6
            RenderMathMLBlock (flex) {mo} at (0,0) size 13x6
              RenderBlock (anonymous) at (0,0) size 13x6
                RenderText {mo} at (0,-10) size 13x19
                  text run at (0,-10) width 13: "\x{2212}"
        RenderText {#text} at (0,0) size 0x0
      RenderBlock {p} at (0,72) size 784x23
        RenderText {#text} at (0,3) size 59x19
          text run at (0,3) width 59: "operator: "
        RenderMathMLMath {math} at (59,1) size 23x22 [padding: 0 1 0 1]
          RenderMathMLOperator {mo} at (3,0) size 17x22
            RenderMathMLBlock (flex) {mo} at (0,0) size 16x22
              RenderBlock (anonymous) at (0,0) size 16x22
                RenderText {mo} at (0,-5) size 16x28
                  text run at (0,-5) width 16: "\x{2211}"
        RenderText {#text} at (81,3) size 72x19
          text run at (81,3) width 72: " , operator: "
        RenderMathMLMath {math} at (152,0) size 24x19 [padding: 0 1 0 1]
          RenderMathMLOperator {mo} at (3,0) size 17x19
            RenderMathMLBlock (flex) {mo} at (0,0) size 16x19
              RenderBlock (anonymous) at (0,0) size 16x19
                RenderText {mo} at (0,-4) size 16x28
                  text run at (0,-4) width 16: "B"
        RenderText {#text} at (175,3) size 110x19
          text run at (175,3) width 110: " , minus operator: "
        RenderMathMLMath {math} at (284,9) size 28x10 [padding: 0 1 0 1]
          RenderMathMLOperator {mo} at (3,0) size 21x10
            RenderMathMLBlock (flex) {mo} at (0,0) size 20x10
              RenderBlock (anonymous) at (0,0) size 20x10
                RenderText {mo} at (0,-13) size 20x28
                  text run at (0,-13) width 20: "\x{2212}"
        RenderText {#text} at (0,0) size 0x0
      RenderBlock {p} at (0,111) size 784x23
        RenderText {#text} at (0,3) size 59x19
          text run at (0,3) width 59: "operator: "
        RenderMathMLMath {math} at (59,1) size 51x22 [padding: 0 1 0 1]
          RenderMathMLOperator {mo} at (2,8) size 9x11
            RenderMathMLBlock (flex) {mo} at (0,0) size 8x11
              RenderBlock (anonymous) at (0,0) size 8x11
                RenderText {mo} at (0,-2) size 8x14
                  text run at (0,-2) width 8: "\x{2211}"
          RenderMathMLOperator {mo} at (14,5) size 12x15
            RenderMathMLBlock (flex) {mo} at (0,0) size 11x15
              RenderBlock (anonymous) at (0,0) size 11x15
                RenderText {mo} at (0,-3) size 11x19
                  text run at (0,-3) width 11: "\x{2211}"
          RenderMathMLOperator {mo} at (31,0) size 17x22
            RenderMathMLBlock (flex) {mo} at (0,0) size 16x22
              RenderBlock (anonymous) at (0,0) size 16x22
                RenderText {mo} at (0,-5) size 16x28
                  text run at (0,-5) width 16: "\x{2211}"
        RenderText {#text} at (109,3) size 72x19
          text run at (109,3) width 72: " , operator: "
        RenderMathMLMath {math} at (180,0) size 52x19 [padding: 0 1 0 1]
          RenderMathMLOperator {mo} at (2,9) size 9x10
            RenderMathMLBlock (flex) {mo} at (0,0) size 8x10
              RenderBlock (anonymous) at (0,0) size 8x10
                RenderText {mo} at (0,-2) size 8x14
                  text run at (0,-2) width 8: "B"
          RenderMathMLOperator {mo} at (14,6) size 12x13
            RenderMathMLBlock (flex) {mo} at (0,0) size 11x13
              RenderBlock (anonymous) at (0,0) size 11x13
                RenderText {mo} at (0,-3) size 11x19
                  text run at (0,-3) width 11: "B"
          RenderMathMLOperator {mo} at (31,0) size 17x19
            RenderMathMLBlock (flex) {mo} at (0,0) size 16x19
              RenderBlock (anonymous) at (0,0) size 16x19
                RenderText {mo} at (0,-4) size 16x28
                  text run at (0,-4) width 16: "B"
        RenderText {#text} at (231,3) size 110x19
          text run at (231,3) width 110: " , minus operator: "
        RenderMathMLMath {math} at (340,9) size 59x10 [padding: 0 1 0 1]
          RenderMathMLOperator {mo} at (2,5) size 11x5
            RenderMathMLBlock (flex) {mo} at (0,0) size 10x5
              RenderBlock (anonymous) at (0,0) size 10x5
                RenderText {mo} at (0,-7) size 10x14
                  text run at (0,-7) width 10: "\x{2212}"
          RenderMathMLOperator {mo} at (16,4) size 14x6
            RenderMathMLBlock (flex) {mo} at (0,0) size 13x6
              RenderBlock (anonymous) at (0,0) size 13x6
                RenderText {mo} at (0,-10) size 13x19
                  text run at (0,-10) width 13: "\x{2212}"
          RenderMathMLOperator {mo} at (35,0) size 21x10
            RenderMathMLBlock (flex) {mo} at (0,0) size 20x10
              RenderBlock (anonymous) at (0,0) size 20x10
                RenderText {mo} at (0,-13) size 20x28
                  text run at (0,-13) width 20: "\x{2212}"
        RenderText {#text} at (0,0) size 0x0
      RenderBlock {p} at (0,150) size 784x61
        RenderText {#text} at (0,20) size 59x19
          text run at (0,20) width 59: "operator: "
        RenderMathMLMath {math} at (59,0) size 150x61 [padding: 0 1 0 1]
          RenderMathMLOperator {mo} at (2,0) size 13x61
          RenderMathMLOperator {mo} at (19,0) size 9x61
          RenderMathMLOperator {mo} at (33,0) size 13x61
          RenderMathMLOperator {mo} at (52,0) size 9x61
          RenderBlock {mtext} at (63,0) size 57x51
            RenderBlock {div} at (2,-1) size 52x53 [border: (1px solid #000000)]
            RenderText {#text} at (0,0) size 0x0
          RenderMathMLOperator {mo} at (122,0) size 9x61
          RenderMathMLOperator {mo} at (135,0) size 13x61
        RenderText {#text} at (0,0) size 0x0
      RenderBlock {p} at (0,227) size 784x115
        RenderMathMLMath {math} at (0,0) size 124x115 [padding: 0 1 0 1]
          RenderMathMLOperator {mo} at (5,0) size 37x115
          RenderMathMLFraction {mfrac} at (47,1) size 30x97
            RenderMathMLBlock (anonymous, flex) at (0,0) size 29x54
              RenderBlock {mi} at (5,0) size 19x44
                RenderText {#text} at (0,-9) size 13x55
                  text run at (0,-9) width 13: "f"
            RenderMathMLBlock (anonymous, flex) at (0,53) size 29x44 [padding: 1 0 0 0]
              RenderBlock {mi} at (0,10) size 29x33
                RenderText {#text} at (0,-21) size 24x55
                  text run at (0,-21) width 24: "g"
          RenderMathMLOperator {mo} at (82,0) size 37x115
        RenderText {#text} at (0,0) size 0x0
layer at (70,166) size 12x18
  RenderMathMLBlock (flex) {mo} at (0,0) size 12x18
    RenderBlock (anonymous) at (0,0) size 12x18
      RenderText {mo} at (0,-2) size 12x19
        text run at (0,-2) width 12: "\x{23AA}"
layer at (70,184) size 12x17 scrollHeight 18
  RenderMathMLBlock (flex) {mo} at (0,18) size 12x17
    RenderBlock (anonymous) at (0,0) size 12x17
layer at (70,201) size 12x8 scrollHeight 18
  RenderMathMLBlock (flex) {mo} at (0,35) size 12x8
    RenderBlock (anonymous) at (0,0) size 12x8
layer at (70,209) size 12x18
  RenderMathMLBlock (flex) {mo} at (0,43) size 12x18
    RenderBlock (anonymous) at (0,0) size 12x18
layer at (86,166) size 8x17
  RenderMathMLBlock (flex) {mo} at (0,0) size 8x17
    RenderBlock (anonymous) at (0,0) size 8x17
      RenderText {mo} at (0,-2) size 8x19
        text run at (0,-2) width 8: "\x{2320}"
layer at (86,183) size 8x16 scrollHeight 17
  RenderMathMLBlock (flex) {mo} at (0,17) size 8x16
    RenderBlock (anonymous) at (0,0) size 8x16
layer at (86,199) size 8x11 scrollHeight 17
  RenderMathMLBlock (flex) {mo} at (0,33) size 8x11
    RenderBlock (anonymous) at (0,0) size 8x11
layer at (86,210) size 8x17
  RenderMathMLBlock (flex) {mo} at (0,44) size 8x17
    RenderBlock (anonymous) at (0,0) size 8x17
layer at (101,166) size 12x18
  RenderMathMLBlock (flex) {mo} at (0,0) size 12x18
    RenderBlock (anonymous) at (0,0) size 12x18
      RenderText {mo} at (0,-2) size 12x19
        text run at (0,-2) width 12: "\x{23A7}"
layer at (101,184) size 12x4 scrollHeight 18
  RenderMathMLBlock (flex) {mo} at (0,18) size 12x4
    RenderBlock (anonymous) at (0,0) size 12x4
layer at (101,188) size 12x17 scrollHeight 18
  RenderMathMLBlock (flex) {mo} at (0,22) size 12x17
    RenderBlock (anonymous) at (0,0) size 12x17
layer at (101,205) size 12x5 scrollHeight 18
  RenderMathMLBlock (flex) {mo} at (0,39) size 12x5
    RenderBlock (anonymous) at (0,0) size 12x5
layer at (101,210) size 12x17
  RenderMathMLBlock (flex) {mo} at (0,44) size 12x17
    RenderBlock (anonymous) at (0,0) size 12x17
layer at (119,166) size 8x18
  RenderMathMLBlock (flex) {mo} at (0,0) size 8x18
    RenderBlock (anonymous) at (0,0) size 8x18
      RenderText {mo} at (0,-2) size 8x19
        text run at (0,-2) width 8: "\x{23A1}"
layer at (119,184) size 8x17 scrollHeight 18
  RenderMathMLBlock (flex) {mo} at (0,18) size 8x17
    RenderBlock (anonymous) at (0,0) size 8x17
layer at (119,201) size 8x9 scrollHeight 18
  RenderMathMLBlock (flex) {mo} at (0,35) size 8x9
    RenderBlock (anonymous) at (0,0) size 8x9
layer at (119,210) size 8x17
  RenderMathMLBlock (flex) {mo} at (0,44) size 8x17
    RenderBlock (anonymous) at (0,0) size 8x17
layer at (190,166) size 8x18
  RenderMathMLBlock (flex) {mo} at (0,0) size 8x18
    RenderBlock (anonymous) at (0,0) size 8x18
      RenderText {mo} at (0,-2) size 8x19
        text run at (0,-2) width 8: "\x{23A4}"
layer at (190,184) size 8x17 scrollHeight 18
  RenderMathMLBlock (flex) {mo} at (0,18) size 8x17
    RenderBlock (anonymous) at (0,0) size 8x17
layer at (190,201) size 8x9 scrollHeight 18
  RenderMathMLBlock (flex) {mo} at (0,35) size 8x9
    RenderBlock (anonymous) at (0,0) size 8x9
layer at (190,210) size 8x17
  RenderMathMLBlock (flex) {mo} at (0,44) size 8x17
    RenderBlock (anonymous) at (0,0) size 8x17
layer at (202,166) size 12x18
  RenderMathMLBlock (flex) {mo} at (0,0) size 12x18
    RenderBlock (anonymous) at (0,0) size 12x18
      RenderText {mo} at (0,-2) size 12x19
        text run at (0,-2) width 12: "\x{23AB}"
layer at (202,184) size 12x4 scrollHeight 18
  RenderMathMLBlock (flex) {mo} at (0,18) size 12x4
    RenderBlock (anonymous) at (0,0) size 12x4
layer at (202,188) size 12x17 scrollHeight 18
  RenderMathMLBlock (flex) {mo} at (0,22) size 12x17
    RenderBlock (anonymous) at (0,0) size 12x17
layer at (202,205) size 12x5 scrollHeight 18
  RenderMathMLBlock (flex) {mo} at (0,39) size 12x5
    RenderBlock (anonymous) at (0,0) size 12x5
layer at (202,210) size 12x17
  RenderMathMLBlock (flex) {mo} at (0,44) size 12x17
    RenderBlock (anonymous) at (0,0) size 12x17
layer at (14,243) size 36x51
  RenderMathMLBlock (flex) {mo} at (0,0) size 36x51
    RenderBlock (anonymous) at (0,0) size 36x51
      RenderText {mo} at (0,-7) size 36x56
        text run at (0,-7) width 36: "\x{23AA}"
layer at (14,294) size 36x13 scrollHeight 51
  RenderMathMLBlock (flex) {mo} at (0,51) size 36x13
    RenderBlock (anonymous) at (0,0) size 36x13
layer at (14,307) size 36x51
  RenderMathMLBlock (flex) {mo} at (0,64) size 36x51
    RenderBlock (anonymous) at (0,0) size 36x51
layer at (90,243) size 36x51
  RenderMathMLBlock (flex) {mo} at (0,0) size 36x51
    RenderBlock (anonymous) at (0,0) size 36x51
      RenderText {mo} at (0,-7) size 36x56
        text run at (0,-7) width 36: "\x{23AA}"
layer at (90,294) size 36x13 scrollHeight 51
  RenderMathMLBlock (flex) {mo} at (0,51) size 36x13
    RenderBlock (anonymous) at (0,0) size 36x13
layer at (90,307) size 36x51
  RenderMathMLBlock (flex) {mo} at (0,64) size 36x51
    RenderBlock (anonymous) at (0,0) size 36x51
layer at (70,183) size 12x18 backgroundClip at (70,184) size 12x17 clip at (70,184) size 12x17 outlineClip at (70,184) size 12x17
  RenderBlock (relative positioned) {mo} at (0,0) size 12x18
    RenderText {mo} at (0,-2) size 12x19
      text run at (0,-2) width 12: "\x{23AA}"
layer at (70,200) size 12x18 backgroundClip at (70,201) size 12x8 clip at (70,201) size 12x8 outlineClip at (70,201) size 12x8
  RenderBlock (relative positioned) {mo} at (0,0) size 12x18
    RenderText {mo} at (0,-2) size 12x19
      text run at (0,-2) width 12: "\x{23AA}"
layer at (70,208) size 12x18 backgroundClip at (70,209) size 12x18 clip at (70,209) size 12x18 outlineClip at (70,209) size 12x18
  RenderBlock (relative positioned) {mo} at (0,0) size 12x18
    RenderText {mo} at (0,-2) size 12x19
      text run at (0,-2) width 12: "\x{23AA}"
layer at (86,182) size 8x17 backgroundClip at (86,183) size 8x16 clip at (86,183) size 8x16 outlineClip at (86,183) size 8x16
  RenderBlock (relative positioned) {mo} at (0,0) size 8x17
    RenderText {mo} at (0,-2) size 8x19
      text run at (0,-2) width 8: "\x{23AE}"
layer at (86,198) size 8x17 backgroundClip at (86,199) size 8x11 clip at (86,199) size 8x11 outlineClip at (86,199) size 8x11
  RenderBlock (relative positioned) {mo} at (0,0) size 8x17
    RenderText {mo} at (0,-2) size 8x19
      text run at (0,-2) width 8: "\x{23AE}"
layer at (86,209) size 8x17 backgroundClip at (86,210) size 8x17 clip at (86,210) size 8x17 outlineClip at (86,210) size 8x17
  RenderBlock (relative positioned) {mo} at (0,0) size 8x17
    RenderText {mo} at (0,-2) size 8x19
      text run at (0,-2) width 8: "\x{2321}"
layer at (101,183) size 12x18 backgroundClip at (101,184) size 12x4 clip at (101,184) size 12x4 outlineClip at (101,184) size 12x4
  RenderBlock (relative positioned) {mo} at (0,0) size 12x18
    RenderText {mo} at (0,-2) size 12x19
      text run at (0,-2) width 12: "\x{23AA}"
layer at (101,187) size 12x18 backgroundClip at (101,188) size 12x17 clip at (101,188) size 12x17 outlineClip at (101,188) size 12x17
  RenderBlock (relative positioned) {mo} at (0,0) size 12x18
    RenderText {mo} at (0,-2) size 12x19
      text run at (0,-2) width 12: "\x{23A8}"
layer at (101,204) size 12x18 backgroundClip at (101,205) size 12x5 clip at (101,205) size 12x5 outlineClip at (101,205) size 12x5
  RenderBlock (relative positioned) {mo} at (0,0) size 12x18
    RenderText {mo} at (0,-2) size 12x19
      text run at (0,-2) width 12: "\x{23AA}"
layer at (101,209) size 12x17 backgroundClip at (101,210) size 12x17 clip at (101,210) size 12x17 outlineClip at (101,210) size 12x17
  RenderBlock (relative positioned) {mo} at (0,0) size 12x17
    RenderText {mo} at (0,-2) size 12x19
      text run at (0,-2) width 12: "\x{23A9}"
layer at (119,183) size 8x18 backgroundClip at (119,184) size 8x17 clip at (119,184) size 8x17 outlineClip at (119,184) size 8x17
  RenderBlock (relative positioned) {mo} at (0,0) size 8x18
    RenderText {mo} at (0,-2) size 8x19
      text run at (0,-2) width 8: "\x{23A2}"
layer at (119,200) size 8x18 backgroundClip at (119,201) size 8x9 clip at (119,201) size 8x9 outlineClip at (119,201) size 8x9
  RenderBlock (relative positioned) {mo} at (0,0) size 8x18
    RenderText {mo} at (0,-2) size 8x19
      text run at (0,-2) width 8: "\x{23A2}"
layer at (119,209) size 8x17 backgroundClip at (119,210) size 8x17 clip at (119,210) size 8x17 outlineClip at (119,210) size 8x17
  RenderBlock (relative positioned) {mo} at (0,0) size 8x17
    RenderText {mo} at (0,-2) size 8x19
      text run at (0,-2) width 8: "\x{23A3}"
layer at (190,183) size 8x18 backgroundClip at (190,184) size 8x17 clip at (190,184) size 8x17 outlineClip at (190,184) size 8x17
  RenderBlock (relative positioned) {mo} at (0,0) size 8x18
    RenderText {mo} at (0,-2) size 8x19
      text run at (0,-2) width 8: "\x{23A5}"
layer at (190,200) size 8x18 backgroundClip at (190,201) size 8x9 clip at (190,201) size 8x9 outlineClip at (190,201) size 8x9
  RenderBlock (relative positioned) {mo} at (0,0) size 8x18
    RenderText {mo} at (0,-2) size 8x19
      text run at (0,-2) width 8: "\x{23A5}"
layer at (190,209) size 8x17 backgroundClip at (190,210) size 8x17 clip at (190,210) size 8x17 outlineClip at (190,210) size 8x17
  RenderBlock (relative positioned) {mo} at (0,0) size 8x17
    RenderText {mo} at (0,-2) size 8x19
      text run at (0,-2) width 8: "\x{23A6}"
layer at (202,183) size 12x18 backgroundClip at (202,184) size 12x4 clip at (202,184) size 12x4 outlineClip at (202,184) size 12x4
  RenderBlock (relative positioned) {mo} at (0,0) size 12x18
    RenderText {mo} at (0,-2) size 12x19
      text run at (0,-2) width 12: "\x{23AA}"
layer at (202,187) size 12x18 backgroundClip at (202,188) size 12x17 clip at (202,188) size 12x17 outlineClip at (202,188) size 12x17
  RenderBlock (relative positioned) {mo} at (0,0) size 12x18
    RenderText {mo} at (0,-2) size 12x19
      text run at (0,-2) width 12: "\x{23AC}"
layer at (202,204) size 12x18 backgroundClip at (202,205) size 12x5 clip at (202,205) size 12x5 outlineClip at (202,205) size 12x5
  RenderBlock (relative positioned) {mo} at (0,0) size 12x18
    RenderText {mo} at (0,-2) size 12x19
      text run at (0,-2) width 12: "\x{23AA}"
layer at (202,209) size 12x17 backgroundClip at (202,210) size 12x17 clip at (202,210) size 12x17 outlineClip at (202,210) size 12x17
  RenderBlock (relative positioned) {mo} at (0,0) size 12x17
    RenderText {mo} at (0,-2) size 12x19
      text run at (0,-2) width 12: "\x{23AD}"
layer at (14,293) size 36x51 backgroundClip at (14,294) size 36x13 clip at (14,294) size 36x13 outlineClip at (14,294) size 36x13
  RenderBlock (relative positioned) {mo} at (0,0) size 36x51
    RenderText {mo} at (0,-7) size 36x56
      text run at (0,-7) width 36: "\x{23AA}"
layer at (14,306) size 36x51 backgroundClip at (14,307) size 36x51 clip at (14,307) size 36x51 outlineClip at (14,307) size 36x51
  RenderBlock (relative positioned) {mo} at (0,0) size 36x51
    RenderText {mo} at (0,-7) size 36x56
      text run at (0,-7) width 36: "\x{23AA}"
layer at (90,293) size 36x51 backgroundClip at (90,294) size 36x13 clip at (90,294) size 36x13 outlineClip at (90,294) size 36x13
  RenderBlock (relative positioned) {mo} at (0,0) size 36x51
    RenderText {mo} at (0,-7) size 36x56
      text run at (0,-7) width 36: "\x{23AA}"
layer at (90,306) size 36x51 backgroundClip at (90,307) size 36x51 clip at (90,307) size 36x51 outlineClip at (90,307) size 36x51
  RenderBlock (relative positioned) {mo} at (0,0) size 36x51
    RenderText {mo} at (0,-7) size 36x56
      text run at (0,-7) width 36: "\x{23AA}"
