layer at (0,0) size 800x600
  RenderView at (0,0) size 800x600
layer at (0,0) size 800x102
  RenderBlock {html} at (0,0) size 800x102
    RenderBody {body} at (8,16) size 784x70
      RenderBlock {p} at (0,0) size 784x23
        RenderText {#text} at (0,0) size 0x0
      RenderBlock {p} at (0,39) size 784x31
        RenderText {#text} at (0,3) size 322x19
          text run at (0,3) width 322: "Square root, green on yellow, padded and bordered: "
layer at (8,20) size 39x19
  RenderMathMLMath {math} at (0,4) size 39x20 [padding: 0 1 0 1]
    RenderBlock {mi} at (1,4) size 10x8
      RenderText {#text} at (0,-8) size 8x19
        text run at (0,-8) width 8: "x"
    RenderMathMLOperator {mo} at (13,2) size 14x10
      RenderMathMLBlock (flex) {mo} at (0,0) size 13x10
        RenderBlock (anonymous) at (0,0) size 13x10
          RenderText {mo} at (0,-6) size 13x19
            text run at (0,-6) width 13: "+"
    RenderBlock {mn} at (29,0) size 9x12
      RenderText {#text} at (0,-4) size 8x19
        text run at (0,-4) width 8: "1"
layer at (330,55) size 46x31
  RenderMathMLMath {math} at (322,0) size 46x31 [padding: 0 1 0 1]
    RenderMathMLSquareRoot {msqrt} at (1,0) size 44x31 [color=#008000] [bgcolor=#FFFF00] [border: (1px solid #008000) (2px solid #008000) (3px solid #008000) (4px solid #008000)] [intrinsic + CSS padding: 6 6 9 24]
      RenderMathMLRow (anonymous) at (28,7) size 8x12
        RenderBlock {mn} at (0,0) size 8x12
          RenderText {#text} at (0,-4) size 8x19
            text run at (0,-4) width 8: "2"
