layer at (0,0) size 800x600
  RenderView at (0,0) size 800x600
layer at (0,0) size 800x170
  RenderBlock {html} at (0,0) size 800x170
    RenderBody {body} at (8,16) size 784x138
      RenderBlock {p} at (0,0) size 784x61
        RenderText {#text} at (0,19) size 45x19
          text run at (0,19) width 45: "simple: "
        RenderMathMLMath {math} at (45,0) size 83x61 [padding: 0 1 0 1]
          RenderMathMLTable {mtable} at (1,0) size 81x61
            RenderTableSection (anonymous) at (0,0) size 81x61
              RenderTableRow {mtr} at (0,0) size 81x19
                RenderTableCell {mtd} at (0,0) size 27x19 [r=0 c=0 rs=2 cs=1]
                  RenderMathMLSubSup {msub} at (3,3) size 21x14
                    RenderMathMLBlock (anonymous, flex) at (0,0) size 8x14 [padding: 0 0 6 0]
                      RenderBlock {mi} at (0,0) size 8x8
                        RenderText {#text} at (0,-8) size 8x19
                          text run at (0,-8) width 8: "a"
                    RenderMathMLBlock (anonymous, flex) at (8,3) size 12x11
                      RenderBlock {mn} at (0,0) size 12x10
                        RenderText {#text} at (0,-3) size 12x15
                          text run at (0,-3) width 12: "11"
                RenderTableCell {mtd} at (27,0) size 27x19 [r=0 c=1 rs=1 cs=1]
                  RenderMathMLSubSup {msub} at (3,3) size 21x14
                    RenderMathMLBlock (anonymous, flex) at (0,0) size 8x14 [padding: 0 0 6 0]
                      RenderBlock {mi} at (0,0) size 8x8
                        RenderText {#text} at (0,-8) size 8x19
                          text run at (0,-8) width 8: "a"
                    RenderMathMLBlock (anonymous, flex) at (8,3) size 12x11
                      RenderBlock {mn} at (0,0) size 12x10
                        RenderText {#text} at (0,-3) size 12x15
                          text run at (0,-3) width 12: "12"
                RenderTableCell {mtd} at (54,0) size 27x19 [r=0 c=2 rs=1 cs=1]
                  RenderMathMLSubSup {msub} at (3,3) size 21x14
                    RenderMathMLBlock (anonymous, flex) at (0,0) size 8x14 [padding: 0 0 6 0]
                      RenderBlock {mi} at (0,0) size 8x8
                        RenderText {#text} at (0,-8) size 8x19
                          text run at (0,-8) width 8: "a"
                    RenderMathMLBlock (anonymous, flex) at (8,3) size 12x11
                      RenderBlock {mn} at (0,0) size 12x10
                        RenderText {#text} at (0,-3) size 12x15
                          text run at (0,-3) width 12: "13"
              RenderTableRow {mtr} at (0,19) size 81x23
                RenderTableCell {mtd} at (27,19) size 27x23 [r=1 c=1 rs=1 cs=1]
                  RenderMathMLSubSup {msub} at (3,3) size 21x18
                    RenderMathMLBlock (anonymous, flex) at (0,0) size 8x18 [padding: 0 0 6 0]
                      RenderBlock {mi} at (0,0) size 8x12
                        RenderText {#text} at (0,-4) size 8x19
                          text run at (0,-4) width 8: "b"
                    RenderMathMLBlock (anonymous, flex) at (8,7) size 12x11
                      RenderBlock {mn} at (0,0) size 12x10
                        RenderText {#text} at (0,-3) size 12x15
                          text run at (0,-3) width 12: "22"
                RenderTableCell {mtd} at (54,19) size 27x23 [r=1 c=2 rs=1 cs=1]
                  RenderMathMLSubSup {msub} at (3,3) size 21x18
                    RenderMathMLBlock (anonymous, flex) at (0,0) size 8x18 [padding: 0 0 6 0]
                      RenderBlock {mi} at (0,0) size 8x12
                        RenderText {#text} at (0,-4) size 8x19
                          text run at (0,-4) width 8: "b"
                    RenderMathMLBlock (anonymous, flex) at (8,7) size 12x11
                      RenderBlock {mn} at (0,0) size 12x10
                        RenderText {#text} at (0,-3) size 12x15
                          text run at (0,-3) width 12: "23"
              RenderTableRow {mtr} at (0,42) size 81x19
                RenderTableCell {mtd} at (0,42) size 81x19 [r=2 c=0 rs=1 cs=3]
                  RenderMathMLSubSup {msub} at (31,3) size 19x14
                    RenderMathMLBlock (anonymous, flex) at (0,0) size 7x14 [padding: 0 0 6 0]
                      RenderBlock {mi} at (0,0) size 7x8
                        RenderText {#text} at (0,-8) size 7x19
                          text run at (0,-8) width 7: "c"
                    RenderMathMLBlock (anonymous, flex) at (7,3) size 12x11
                      RenderBlock {mn} at (0,0) size 12x10
                        RenderText {#text} at (0,-3) size 12x15
                          text run at (0,-3) width 12: "31"
        RenderText {#text} at (0,0) size 0x0
      RenderBlock {p} at (0,77) size 784x61
        RenderText {#text} at (0,19) size 287x19
          text run at (0,19) width 287: "left, default (center) and right column alignment: "
        RenderMathMLMath {math} at (287,0) size 251x61 [padding: 0 1 0 1]
          RenderMathMLTable {mtable} at (1,0) size 81x61
            RenderTableSection (anonymous) at (0,0) size 81x61
              RenderTableRow {mtr} at (0,0) size 81x19
                RenderTableCell {mtd} at (0,0) size 27x19 [r=0 c=0 rs=1 cs=1]
                  RenderMathMLSubSup {msub} at (3,3) size 14x14
                    RenderMathMLBlock (anonymous, flex) at (0,0) size 8x14 [padding: 0 0 6 0]
                      RenderBlock {mi} at (0,0) size 8x8
                        RenderText {#text} at (0,-8) size 8x19
                          text run at (0,-8) width 8: "a"
                    RenderMathMLBlock (anonymous, flex) at (8,3) size 6x11
                      RenderBlock {mn} at (0,0) size 6x10
                        RenderText {#text} at (0,-3) size 6x15
                          text run at (0,-3) width 6: "1"
                RenderTableCell {mtd} at (27,0) size 27x19 [r=0 c=1 rs=1 cs=1]
                  RenderMathMLSubSup {msub} at (3,3) size 20x14
                    RenderMathMLBlock (anonymous, flex) at (0,0) size 8x14 [padding: 0 0 6 0]
                      RenderBlock {mi} at (0,0) size 8x8
                        RenderText {#text} at (0,-8) size 8x19
                          text run at (0,-8) width 8: "a"
                    RenderMathMLBlock (anonymous, flex) at (8,3) size 12x11
                      RenderBlock {mn} at (0,0) size 12x10
                        RenderText {#text} at (0,-3) size 12x15
                          text run at (0,-3) width 12: "12"
                RenderTableCell {mtd} at (54,0) size 27x19 [r=0 c=2 rs=1 cs=1]
                  RenderMathMLSubSup {msub} at (3,3) size 20x14
                    RenderMathMLBlock (anonymous, flex) at (0,0) size 8x14 [padding: 0 0 6 0]
                      RenderBlock {mi} at (0,0) size 8x8
                        RenderText {#text} at (0,-8) size 8x19
                          text run at (0,-8) width 8: "a"
                    RenderMathMLBlock (anonymous, flex) at (8,3) size 12x11
                      RenderBlock {mn} at (0,0) size 12x10
                        RenderText {#text} at (0,-3) size 12x15
                          text run at (0,-3) width 12: "13"
              RenderTableRow {mtr} at (0,19) size 81x23
                RenderTableCell {mtd} at (0,19) size 27x23 [r=1 c=0 rs=1 cs=1]
                  RenderMathMLSubSup {msub} at (3,3) size 20x18
                    RenderMathMLBlock (anonymous, flex) at (0,0) size 8x18 [padding: 0 0 6 0]
                      RenderBlock {mi} at (0,0) size 8x12
                        RenderText {#text} at (0,-4) size 8x19
                          text run at (0,-4) width 8: "b"
                    RenderMathMLBlock (anonymous, flex) at (8,7) size 12x11
                      RenderBlock {mn} at (0,0) size 12x10
                        RenderText {#text} at (0,-3) size 12x15
                          text run at (0,-3) width 12: "21"
                RenderTableCell {mtd} at (27,19) size 27x23 [r=1 c=1 rs=1 cs=1]
                  RenderMathMLSubSup {msub} at (3,3) size 14x18
                    RenderMathMLBlock (anonymous, flex) at (0,0) size 8x18 [padding: 0 0 6 0]
                      RenderBlock {mi} at (0,0) size 8x12
                        RenderText {#text} at (0,-4) size 8x19
                          text run at (0,-4) width 8: "b"
                    RenderMathMLBlock (anonymous, flex) at (8,7) size 6x11
                      RenderBlock {mn} at (0,0) size 6x10
                        RenderText {#text} at (0,-3) size 6x15
                          text run at (0,-3) width 6: "2"
                RenderTableCell {mtd} at (54,19) size 27x23 [r=1 c=2 rs=1 cs=1]
                  RenderMathMLSubSup {msub} at (3,3) size 20x18
                    RenderMathMLBlock (anonymous, flex) at (0,0) size 8x18 [padding: 0 0 6 0]
                      RenderBlock {mi} at (0,0) size 8x12
                        RenderText {#text} at (0,-4) size 8x19
                          text run at (0,-4) width 8: "b"
                    RenderMathMLBlock (anonymous, flex) at (8,7) size 12x11
                      RenderBlock {mn} at (0,0) size 12x10
                        RenderText {#text} at (0,-3) size 12x15
                          text run at (0,-3) width 12: "23"
              RenderTableRow {mtr} at (0,42) size 81x19
                RenderTableCell {mtd} at (0,42) size 27x19 [r=2 c=0 rs=1 cs=1]
                  RenderMathMLSubSup {msub} at (3,3) size 19x14
                    RenderMathMLBlock (anonymous, flex) at (0,0) size 7x14 [padding: 0 0 6 0]
                      RenderBlock {mi} at (0,0) size 7x8
                        RenderText {#text} at (0,-8) size 7x19
                          text run at (0,-8) width 7: "c"
                    RenderMathMLBlock (anonymous, flex) at (7,3) size 12x11
                      RenderBlock {mn} at (0,0) size 12x10
                        RenderText {#text} at (0,-3) size 12x15
                          text run at (0,-3) width 12: "31"
                RenderTableCell {mtd} at (27,42) size 27x19 [r=2 c=1 rs=1 cs=1]
                  RenderMathMLSubSup {msub} at (3,3) size 19x14
                    RenderMathMLBlock (anonymous, flex) at (0,0) size 7x14 [padding: 0 0 6 0]
                      RenderBlock {mi} at (0,0) size 7x8
                        RenderText {#text} at (0,-8) size 7x19
                          text run at (0,-8) width 7: "c"
                    RenderMathMLBlock (anonymous, flex) at (7,3) size 12x11
                      RenderBlock {mn} at (0,0) size 12x10
                        RenderText {#text} at (0,-3) size 12x15
                          text run at (0,-3) width 12: "32"
                RenderTableCell {mtd} at (54,42) size 27x19 [r=2 c=2 rs=1 cs=1]
                  RenderMathMLSubSup {msub} at (3,3) size 13x14
                    RenderMathMLBlock (anonymous, flex) at (0,0) size 7x14 [padding: 0 0 6 0]
                      RenderBlock {mi} at (0,0) size 7x8
                        RenderText {#text} at (0,-8) size 7x19
                          text run at (0,-8) width 7: "c"
                    RenderMathMLBlock (anonymous, flex) at (7,3) size 6x11
                      RenderBlock {mn} at (0,0) size 6x10
                        RenderText {#text} at (0,-3) size 6x15
                          text run at (0,-3) width 6: "3"
          RenderBlock {mtext} at (82,33) size 4x3
            RenderText {#text} at (0,-14) size 4x19
              text run at (0,-14) width 4: ","
          RenderMathMLTable {mtable} at (86,0) size 81x61
            RenderTableSection (anonymous) at (0,0) size 81x61
              RenderTableRow {mtr} at (0,0) size 81x19
                RenderTableCell {mtd} at (0,0) size 27x19 [r=0 c=0 rs=1 cs=1]
                  RenderMathMLSubSup {msub} at (6,3) size 15x14
                    RenderMathMLBlock (anonymous, flex) at (0,0) size 8x14 [padding: 0 0 6 0]
                      RenderBlock {mi} at (0,0) size 8x8
                        RenderText {#text} at (0,-8) size 8x19
                          text run at (0,-8) width 8: "a"
                    RenderMathMLBlock (anonymous, flex) at (8,3) size 6x11
                      RenderBlock {mn} at (0,0) size 6x10
                        RenderText {#text} at (0,-3) size 6x15
                          text run at (0,-3) width 6: "1"
                RenderTableCell {mtd} at (27,0) size 27x19 [r=0 c=1 rs=1 cs=1]
                  RenderMathMLSubSup {msub} at (3,3) size 21x14
                    RenderMathMLBlock (anonymous, flex) at (0,0) size 8x14 [padding: 0 0 6 0]
                      RenderBlock {mi} at (0,0) size 8x8
                        RenderText {#text} at (0,-8) size 8x19
                          text run at (0,-8) width 8: "a"
                    RenderMathMLBlock (anonymous, flex) at (8,3) size 12x11
                      RenderBlock {mn} at (0,0) size 12x10
                        RenderText {#text} at (0,-3) size 12x15
                          text run at (0,-3) width 12: "12"
                RenderTableCell {mtd} at (54,0) size 27x19 [r=0 c=2 rs=1 cs=1]
                  RenderMathMLSubSup {msub} at (3,3) size 21x14
                    RenderMathMLBlock (anonymous, flex) at (0,0) size 8x14 [padding: 0 0 6 0]
                      RenderBlock {mi} at (0,0) size 8x8
                        RenderText {#text} at (0,-8) size 8x19
                          text run at (0,-8) width 8: "a"
                    RenderMathMLBlock (anonymous, flex) at (8,3) size 12x11
                      RenderBlock {mn} at (0,0) size 12x10
                        RenderText {#text} at (0,-3) size 12x15
                          text run at (0,-3) width 12: "13"
              RenderTableRow {mtr} at (0,19) size 81x23
                RenderTableCell {mtd} at (0,19) size 27x23 [r=1 c=0 rs=1 cs=1]
                  RenderMathMLSubSup {msub} at (3,3) size 21x18
                    RenderMathMLBlock (anonymous, flex) at (0,0) size 8x18 [padding: 0 0 6 0]
                      RenderBlock {mi} at (0,0) size 8x12
                        RenderText {#text} at (0,-4) size 8x19
                          text run at (0,-4) width 8: "b"
                    RenderMathMLBlock (anonymous, flex) at (8,7) size 12x11
                      RenderBlock {mn} at (0,0) size 12x10
                        RenderText {#text} at (0,-3) size 12x15
                          text run at (0,-3) width 12: "21"
                RenderTableCell {mtd} at (27,19) size 27x23 [r=1 c=1 rs=1 cs=1]
                  RenderMathMLSubSup {msub} at (6,3) size 15x18
                    RenderMathMLBlock (anonymous, flex) at (0,0) size 8x18 [padding: 0 0 6 0]
                      RenderBlock {mi} at (0,0) size 8x12
                        RenderText {#text} at (0,-4) size 8x19
                          text run at (0,-4) width 8: "b"
                    RenderMathMLBlock (anonymous, flex) at (8,7) size 6x11
                      RenderBlock {mn} at (0,0) size 6x10
                        RenderText {#text} at (0,-3) size 6x15
                          text run at (0,-3) width 6: "2"
                RenderTableCell {mtd} at (54,19) size 27x23 [r=1 c=2 rs=1 cs=1]
                  RenderMathMLSubSup {msub} at (3,3) size 21x18
                    RenderMathMLBlock (anonymous, flex) at (0,0) size 8x18 [padding: 0 0 6 0]
                      RenderBlock {mi} at (0,0) size 8x12
                        RenderText {#text} at (0,-4) size 8x19
                          text run at (0,-4) width 8: "b"
                    RenderMathMLBlock (anonymous, flex) at (8,7) size 12x11
                      RenderBlock {mn} at (0,0) size 12x10
                        RenderText {#text} at (0,-3) size 12x15
                          text run at (0,-3) width 12: "23"
              RenderTableRow {mtr} at (0,42) size 81x19
                RenderTableCell {mtd} at (0,42) size 27x19 [r=2 c=0 rs=1 cs=1]
                  RenderMathMLSubSup {msub} at (4,3) size 19x14
                    RenderMathMLBlock (anonymous, flex) at (0,0) size 7x14 [padding: 0 0 6 0]
                      RenderBlock {mi} at (0,0) size 7x8
                        RenderText {#text} at (0,-8) size 7x19
                          text run at (0,-8) width 7: "c"
                    RenderMathMLBlock (anonymous, flex) at (7,3) size 12x11
                      RenderBlock {mn} at (0,0) size 12x10
                        RenderText {#text} at (0,-3) size 12x15
                          text run at (0,-3) width 12: "31"
                RenderTableCell {mtd} at (27,42) size 27x19 [r=2 c=1 rs=1 cs=1]
                  RenderMathMLSubSup {msub} at (4,3) size 19x14
                    RenderMathMLBlock (anonymous, flex) at (0,0) size 7x14 [padding: 0 0 6 0]
                      RenderBlock {mi} at (0,0) size 7x8
                        RenderText {#text} at (0,-8) size 7x19
                          text run at (0,-8) width 7: "c"
                    RenderMathMLBlock (anonymous, flex) at (7,3) size 12x11
                      RenderBlock {mn} at (0,0) size 12x10
                        RenderText {#text} at (0,-3) size 12x15
                          text run at (0,-3) width 12: "32"
                RenderTableCell {mtd} at (54,42) size 27x19 [r=2 c=2 rs=1 cs=1]
                  RenderMathMLSubSup {msub} at (7,3) size 13x14
                    RenderMathMLBlock (anonymous, flex) at (0,0) size 7x14 [padding: 0 0 6 0]
                      RenderBlock {mi} at (0,0) size 7x8
                        RenderText {#text} at (0,-8) size 7x19
                          text run at (0,-8) width 7: "c"
                    RenderMathMLBlock (anonymous, flex) at (7,3) size 6x11
                      RenderBlock {mn} at (0,0) size 6x10
                        RenderText {#text} at (0,-3) size 6x15
                          text run at (0,-3) width 6: "3"
          RenderBlock {mtext} at (167,33) size 4x3
            RenderText {#text} at (0,-14) size 4x19
              text run at (0,-14) width 4: ","
          RenderMathMLTable {mtable} at (171,0) size 79x61
            RenderTableSection (anonymous) at (0,0) size 79x61
              RenderTableRow {mtr} at (0,0) size 79x19
                RenderTableCell {mtd} at (0,0) size 52x19 [r=0 c=0 rs=2 cs=2]
                  RenderMathMLSubSup {msub} at (35,3) size 14x14
                    RenderMathMLBlock (anonymous, flex) at (0,0) size 8x14 [padding: 0 0 6 0]
                      RenderBlock {mi} at (0,0) size 8x8
                        RenderText {#text} at (0,-8) size 8x19
                          text run at (0,-8) width 8: "a"
                    RenderMathMLBlock (anonymous, flex) at (8,3) size 6x11
                      RenderBlock {mn} at (0,0) size 6x10
                        RenderText {#text} at (0,-3) size 6x15
                          text run at (0,-3) width 6: "1"
                RenderTableCell {mtd} at (52,0) size 27x19 [r=0 c=2 rs=1 cs=1]
                  RenderMathMLSubSup {msub} at (4,3) size 20x14
                    RenderMathMLBlock (anonymous, flex) at (0,0) size 8x14 [padding: 0 0 6 0]
                      RenderBlock {mi} at (0,0) size 8x8
                        RenderText {#text} at (0,-8) size 8x19
                          text run at (0,-8) width 8: "a"
                    RenderMathMLBlock (anonymous, flex) at (8,3) size 12x11
                      RenderBlock {mn} at (0,0) size 12x10
                        RenderText {#text} at (0,-3) size 12x15
                          text run at (0,-3) width 12: "13"
              RenderTableRow {mtr} at (0,19) size 79x23
                RenderTableCell {mtd} at (52,19) size 27x23 [r=1 c=2 rs=1 cs=1]
                  RenderMathMLSubSup {msub} at (4,3) size 20x18
                    RenderMathMLBlock (anonymous, flex) at (0,0) size 8x18 [padding: 0 0 6 0]
                      RenderBlock {mi} at (0,0) size 8x12
                        RenderText {#text} at (0,-4) size 8x19
                          text run at (0,-4) width 8: "b"
                    RenderMathMLBlock (anonymous, flex) at (8,7) size 12x11
                      RenderBlock {mn} at (0,0) size 12x10
                        RenderText {#text} at (0,-3) size 12x15
                          text run at (0,-3) width 12: "23"
              RenderTableRow {mtr} at (0,42) size 79x19
                RenderTableCell {mtd} at (0,42) size 26x19 [r=2 c=0 rs=1 cs=1]
                  RenderMathMLSubSup {msub} at (4,3) size 19x14
                    RenderMathMLBlock (anonymous, flex) at (0,0) size 7x14 [padding: 0 0 6 0]
                      RenderBlock {mi} at (0,0) size 7x8
                        RenderText {#text} at (0,-8) size 7x19
                          text run at (0,-8) width 7: "c"
                    RenderMathMLBlock (anonymous, flex) at (7,3) size 12x11
                      RenderBlock {mn} at (0,0) size 12x10
                        RenderText {#text} at (0,-3) size 12x15
                          text run at (0,-3) width 12: "31"
                RenderTableCell {mtd} at (26,42) size 26x19 [r=2 c=1 rs=1 cs=1]
                  RenderMathMLSubSup {msub} at (4,3) size 19x14
                    RenderMathMLBlock (anonymous, flex) at (0,0) size 7x14 [padding: 0 0 6 0]
                      RenderBlock {mi} at (0,0) size 7x8
                        RenderText {#text} at (0,-8) size 7x19
                          text run at (0,-8) width 7: "c"
                    RenderMathMLBlock (anonymous, flex) at (7,3) size 12x11
                      RenderBlock {mn} at (0,0) size 12x10
                        RenderText {#text} at (0,-3) size 12x15
                          text run at (0,-3) width 12: "32"
                RenderTableCell {mtd} at (52,42) size 27x19 [r=2 c=2 rs=1 cs=1]
                  RenderMathMLSubSup {msub} at (11,3) size 13x14
                    RenderMathMLBlock (anonymous, flex) at (0,0) size 7x14 [padding: 0 0 6 0]
                      RenderBlock {mi} at (0,0) size 7x8
                        RenderText {#text} at (0,-8) size 7x19
                          text run at (0,-8) width 7: "c"
                    RenderMathMLBlock (anonymous, flex) at (7,3) size 6x11
                      RenderBlock {mn} at (0,0) size 6x10
                        RenderText {#text} at (0,-3) size 6x15
                          text run at (0,-3) width 6: "3"
        RenderText {#text} at (0,0) size 0x0
