layer at (0,0) size 800x600
  RenderView at (0,0) size 800x600
layer at (0,0) size 800x97
  RenderBlock {html} at (0,0) size 800x97
    RenderBody {body} at (8,16) size 784x65
      RenderBlock {p} at (0,0) size 784x23
        RenderText {#text} at (0,0) size 41x19
          text run at (0,0) width 41: "under: "
        RenderMathMLMath {math} at (41,4) size 13x19 [padding: 0 1 0 1]
          RenderMathMLUnderOver {munder} at (1,0) size 11x19
            RenderBlock {mi} at (0,0) size 11x12
              RenderText {#text} at (0,-4) size 9x19
                text run at (0,-4) width 9: "B"
            RenderBlock {mi} at (2,12) size 7x7
              RenderText {#text} at (0,-6) size 5x15
                text run at (0,-6) width 5: "x"
        RenderText {#text} at (0,0) size 0x0
      RenderBlock {p} at (0,39) size 784x26
        RenderText {#text} at (0,0) size 41x19
          text run at (0,0) width 41: "under: "
        RenderMathMLMath {math} at (41,4) size 13x22 [padding: 0 1 0 1]
          RenderMathMLUnderOver {munder} at (1,0) size 11x22
            RenderBlock {mi} at (0,0) size 11x12
              RenderText {#text} at (0,-4) size 9x19
                text run at (0,-4) width 9: "B"
            RenderBlock {mi} at (1,12) size 9x10
              RenderText {#text} at (0,-3) size 7x15
                text run at (0,-3) width 7: "X"
        RenderText {#text} at (0,0) size 0x0
