layer at (0,0) size 800x2802
  RenderView at (0,0) size 800x600
layer at (0,0) size 800x2802
  RenderBlock {HTML} at (0,0) size 800x2802
    RenderBody {BODY} at (8,8) size 784x2786 [bgcolor=#CCCCCC]
      RenderBlock (floating) {P} at (0,0) size 392x40 [bgcolor=#FFFF00]
        RenderText {#text} at (0,0) size 392x39
          text run at (0,0) width 392: "This paragraph is of class \"one\". It has a width of 50% and is"
          text run at (0,20) width 105: "floated to the left."
      RenderBlock {P} at (0,0) size 784x80
        RenderText {#text} at (392,0) size 784x79
          text run at (392,0) width 392: "This paragraph should start on the right side of a yellow box"
          text run at (392,20) width 392: "which contains the previous paragraph. Since the text of this"
          text run at (0,40) width 784: "element is much longer than the text in the previous element, the text will wrap around the yellow box. There is no padding, border"
          text run at (0,60) width 664: "or margins on this and the previous element, so the text of the two elements should be very close to each other."
      RenderBlock (anonymous) at (0,80) size 784x20
        RenderBR {BR} at (0,0) size 0x19
      RenderBlock {HR} at (0,108) size 784x2 [border: (1px inset #000000)]
      RenderBlock (floating) {P} at (0,118) size 784x80 [bgcolor=#FFFF00]
        RenderText {#text} at (0,0) size 784x79
          text run at (0,0) width 784: "This paragraph is of class \"two\". Since the width has been set to 100%, it should automatically be as wide as its parent element"
          text run at (0,20) width 784: "allows it to be. Therefore, even though the element is floated, there is no room for other content on the sides and a orange square"
          text run at (0,40) width 784: "image should be seen AFTER the paragraph, not next to it. A yellow background has been added to this paragraph for diagnostic"
          text run at (0,60) width 59: "purposes."
      RenderBlock (anonymous) at (0,118) size 784x100
        RenderImage {IMG} at (0,80) size 15x15
        RenderText {#text} at (15,80) size 4x19
          text run at (15,80) width 4: " "
        RenderBR {BR} at (19,95) size 0x0
      RenderBlock {HR} at (0,226) size 784x2 [border: (1px inset #000000)]
      RenderBlock (floating) {P} at (0,236) size 392x100 [bgcolor=#FFFF00]
        RenderText {#text} at (0,0) size 392x99
          text run at (0,0) width 392: "This paragraph is floated to the left and the orange square image"
          text run at (0,20) width 392: "should appear to the right of the paragraph. This paragraph has a"
          text run at (0,40) width 392: "yellow background and no padding, margin or border. The right"
          text run at (0,60) width 392: "edge of this yellow box should be horizontally aligned with the left"
          text run at (0,80) width 216: "edge of the yellow box undernearth."
      RenderBlock (anonymous) at (0,236) size 784x100
        RenderImage {IMG} at (392,0) size 15x15
        RenderText {#text} at (407,0) size 4x19
          text run at (407,0) width 4: " "
        RenderBR {BR} at (411,15) size 0x0
      RenderBlock {HR} at (0,344) size 784x2 [border: (1px inset #000000)]
      RenderBlock (floating) {P} at (392,354) size 392x120 [bgcolor=#FFFF00]
        RenderText {#text} at (0,0) size 392x119
          text run at (0,0) width 392: "This paragraph is floated to the right (using a STYLE attribute)"
          text run at (0,20) width 392: "and the orange square image should appear to the left of the"
          text run at (0,40) width 392: "paragraph. This paragraph has a yellow background and no"
          text run at (0,60) width 392: "padding, margin or border. The left edge of this yellow box"
          text run at (0,80) width 392: "should be horizonally aligned with the right edge of the yellow"
          text run at (0,100) width 68: "box above."
      RenderBlock (anonymous) at (0,354) size 784x120
        RenderImage {IMG} at (0,0) size 15x15
        RenderText {#text} at (15,0) size 4x19
          text run at (15,0) width 4: " "
        RenderBR {BR} at (19,15) size 0x0
      RenderBlock {HR} at (0,482) size 784x2 [border: (1px inset #000000)]
      RenderBlock {P} at (0,492) size 784x60
        RenderBlock (floating) {SPAN} at (0,0) size 48x37 [bgcolor=#C0C0C0]
          RenderText {#text} at (0,0) size 21x36
            text run at (0,0) width 21: "T"
        RenderText {#text} at (48,0) size 784x59
          text run at (48,0) width 736: "he first letter (a \"T\") of this paragraph should float left and be twice the font-size of the rest of the paragraph, as well as"
          text run at (48,20) width 440: "bold, with a content width of 1.5em and a background-color of silver. "
          text run at (488,20) width 296: "The top of the big letter \"T\" should be vertically"
          text run at (0,40) width 559: "aligned with the top of the first line of this paragraph. This is commonly known as \"drop-cap\"."
      RenderBlock (anonymous) at (0,552) size 784x20
        RenderBR {BR} at (0,0) size 0x19
      RenderBlock {HR} at (0,580) size 784x2 [border: (1px inset #000000)]
      RenderBlock (floating) {P} at (438,600) size 336x216 [bgcolor=#FFFF00] [border: (3px solid #FF0000)]
        RenderText {#text} at (8,8) size 320x199
          text run at (8,8) width 320: "This paragraph should be floated to the right, sort of"
          text run at (8,28) width 320: "like a 'sidebar' in a magazine article. Its width is"
          text run at (8,48) width 320: "20em so the box should not be reformatted when the"
          text run at (8,68) width 320: "size of the viewport is changed (e.g. when the"
          text run at (8,88) width 320: "window is resized). The background color of the"
          text run at (8,108) width 320: "element is yellow, and there should be a 3px solid"
          text run at (8,128) width 320: "red border outside a 5px wide padding. Also, the"
          text run at (8,148) width 320: "element has a 10px wide margin around it where the"
          text run at (8,168) width 320: "blue background of the paragraph in the normal flow"
          text run at (8,188) width 126: "should shine through."
      RenderBlock {P} at (0,590) size 784x200 [bgcolor=#66CCFF]
        RenderText {#text} at (0,0) size 428x199
          text run at (0,0) width 428: "This paragraph is not floating. If there is enough room, the textual"
          text run at (0,20) width 428: "content of the paragraph should appear on the left side of the yellow"
          text run at (0,40) width 138: "\"sidebar\" on the right. "
          text run at (138,40) width 290: "The content of this element should flow around"
          text run at (0,60) width 124: "the floated element. "
          text run at (124,60) width 304: "However, the floated element may or may not be"
          text run at (0,80) width 428: "obscured by the blue background of this element, as the specification"
          text run at (0,100) width 247: "does not say which is drawn \"on top.\" "
          text run at (247,100) width 181: "Even if the floated element is"
          text run at (0,120) width 419: "obscured, it still forces the content of this element to flow around it. "
          text run at (419,120) width 9: "If"
          text run at (0,140) width 428: "the floated element is not obscured, then the blue rectangle of this"
          text run at (0,160) width 428: "paragraph should extend 10px above and to the right of the sidebar's"
          text run at (0,180) width 377: "red border, due to the margin styles set for the floated element."
      RenderBlock (anonymous) at (0,790) size 784x36
        RenderBR {BR} at (0,0) size 0x19
      RenderBlock {HR} at (0,834) size 784x2 [border: (1px inset #000000)]
      RenderBlock {DIV} at (0,844) size 784x28 [bgcolor=#66CCFF] [border: (4px solid #FF0000)]
        RenderBlock (floating) {DIV} at (440,14) size 330x250 [bgcolor=#FFFF00]
          RenderBlock {P} at (5,5) size 320x240
            RenderText {#text} at (0,0) size 320x239
              text run at (0,0) width 320: "This paragraph is placed inside a DIV element which"
              text run at (0,20) width 320: "is floated to the right. The width of the DIV element"
              text run at (0,40) width 320: "is 20em. The background is yellow and there is a"
              text run at (0,60) width 320: "5px padding, a 10px margin and no border. Since it"
              text run at (0,80) width 320: "is floated, the yellow box should be rendered on top"
              text run at (0,100) width 320: "of the background and borders of adjacent non-"
              text run at (0,120) width 320: "floated elements. To the left of this yellow box there"
              text run at (0,140) width 320: "should be a short paragraph with a blue background"
              text run at (0,160) width 320: "and a red border. The yellow box should be"
              text run at (0,180) width 320: "rendered on top of the bottom red border. I.e., the"
              text run at (0,200) width 320: "bottom red border will appear broken where it's"
              text run at (0,220) width 194: "overlaid by the yellow rectangle."
        RenderBlock {P} at (4,4) size 776x20
          RenderText {#text} at (0,0) size 255x19
            text run at (0,0) width 255: "See description in the box on the right side"
      RenderBlock (anonymous) at (0,872) size 784x246
        RenderBR {BR} at (0,0) size 0x19
      RenderBlock {HR} at (0,1126) size 784x2 [border: (1px inset #000000)]
      RenderBlock (floating) {DIV} at (0,1136) size 196x80 [bgcolor=#66CCFF]
        RenderBlock {P} at (0,0) size 196x80
          RenderText {#text} at (0,0) size 196x79
            text run at (0,0) width 196: "This paragraph is inside a DIV"
            text run at (0,20) width 196: "which is floated left. Its"
            text run at (0,40) width 196: "background is blue and the"
            text run at (0,60) width 83: "width is 25%."
      RenderBlock (floating) {DIV} at (588,1136) size 196x80 [bgcolor=#FFFF00]
        RenderBlock {P} at (0,0) size 196x80
          RenderText {#text} at (0,0) size 196x79
            text run at (0,0) width 196: "This paragraph is inside a DIV"
            text run at (0,20) width 196: "which is floated right. Its"
            text run at (0,40) width 196: "background is yellow and the"
            text run at (0,60) width 83: "width is 25%."
      RenderBlock {P} at (0,1136) size 784x40
        RenderText {#text} at (196,0) size 392x39
          text run at (196,0) width 392: "This paragraph should appear between a blue box (on the left)"
          text run at (196,20) width 188: "and a yellow box (on the right)."
      RenderBlock (anonymous) at (0,1176) size 784x40
        RenderBR {BR} at (196,0) size 0x19
      RenderBlock {HR} at (0,1224) size 784x2 [border: (1px inset #000000)]
      RenderBlock (floating) {DIV} at (0,1234) size 588x120 [bgcolor=#66CCFF]
        RenderBlock (floating) {DIV} at (431,0) size 147x40 [bgcolor=#FFFF00]
          RenderBlock {P} at (0,0) size 147x40
            RenderText {#text} at (0,0) size 147x39
              text run at (0,0) width 147: "See description in the"
              text run at (0,20) width 118: "box on the left side."
        RenderBlock {P} at (0,0) size 588x120
          RenderText {#text} at (0,0) size 588x119
            text run at (0,0) width 342: "This paragraph is inside a DIV which is floated left. The "
            text run at (342,0) width 89: "background of"
            text run at (0,20) width 324: "the DIV element is blue and its width is 75%. This "
            text run at (324,20) width 107: "text should all be"
            text run at (0,40) width 253: "inside the blue rectangle. The blue DIV "
            text run at (253,40) width 335: "element has another DIV element as a child. It has a"
            text run at (0,60) width 43: "yellow "
            text run at (43,60) width 346: "background color and is floated to the right. Since it is a "
            text run at (389,60) width 199: "child of the blue DIV, the yellow"
            text run at (0,80) width 180: "DIV should appear inside the "
            text run at (180,80) width 365: "blue rectangle. Due to it being floated to the right and having "
            text run at (545,80) width 43: "a 10px"
            text run at (0,100) width 348: "right margin, the yellow rectange should have a 10px blue "
            text run at (348,100) width 131: "stripe on its right side."
      RenderBlock (anonymous) at (0,1234) size 784x120
        RenderBR {BR} at (588,0) size 0x19
      RenderBlock {HR} at (0,1362) size 784x2 [border: (1px inset #000000)]
      RenderTable {TABLE} at (0,1372) size 784x1414 [border: (1px outset #808080)]
        RenderTableSection {TBODY} at (1,1) size 782x1412
          RenderTableRow {TR} at (0,0) size 782x28
            RenderTableCell {TD} at (0,0) size 782x28 [bgcolor=#C0C0C0] [border: (1px inset #808080)] [r=0 c=0 rs=1 cs=2]
              RenderInline {STRONG} at (0,0) size 159x19
                RenderText {#text} at (4,4) size 159x19
                  text run at (4,4) width 159: "TABLE Testing Section"
          RenderTableRow {TR} at (0,28) size 782x1384
            RenderTableCell {TD} at (0,706) size 12x28 [bgcolor=#C0C0C0] [border: (1px inset #808080)] [r=1 c=0 rs=1 cs=1]
              RenderText {#text} at (4,4) size 4x19
                text run at (4,4) width 4: " "
            RenderTableCell {TD} at (12,28) size 770x1384 [border: (1px inset #808080)] [r=1 c=1 rs=1 cs=1]
              RenderBlock (floating) {P} at (4,4) size 381x40 [bgcolor=#FFFF00]
                RenderText {#text} at (0,0) size 381x39
                  text run at (0,0) width 381: "This paragraph is of class \"one\". It has a width of 50% and is"
                  text run at (0,20) width 105: "floated to the left."
              RenderBlock {P} at (4,4) size 762x80
                RenderText {#text} at (381,0) size 762x79
                  text run at (381,0) width 381: "This paragraph should start on the right side of a yellow box"
                  text run at (381,20) width 381: "which contains the previous paragraph. Since the text of this"
                  text run at (0,40) width 762: "element is much longer than the text in the previous element, the text will wrap around the yellow box. There is no padding,"
                  text run at (0,60) width 709: "border or margins on this and the previous element, so the text of the two elements should be very close to each other."
              RenderBlock (anonymous) at (4,84) size 762x20
                RenderBR {BR} at (0,0) size 0x19
              RenderBlock {HR} at (4,112) size 762x2 [border: (1px inset #000000)]
              RenderBlock (floating) {P} at (4,122) size 762x80 [bgcolor=#FFFF00]
                RenderText {#text} at (0,0) size 762x79
                  text run at (0,0) width 762: "This paragraph is of class \"two\". Since the width has been set to 100%, it should automatically be as wide as its parent element"
                  text run at (0,20) width 762: "allows it to be. Therefore, even though the element is floated, there is no room for other content on the sides and a orange"
                  text run at (0,40) width 762: "square image should be seen AFTER the paragraph, not next to it. A yellow background has been added to this paragraph for"
                  text run at (0,60) width 123: "diagnostic purposes."
              RenderBlock (anonymous) at (4,122) size 762x100
                RenderImage {IMG} at (0,80) size 15x15
                RenderText {#text} at (15,80) size 4x19
                  text run at (15,80) width 4: " "
                RenderBR {BR} at (19,95) size 0x0
              RenderBlock {HR} at (4,230) size 762x2 [border: (1px inset #000000)]
              RenderBlock (floating) {P} at (4,240) size 381x100 [bgcolor=#FFFF00]
                RenderText {#text} at (0,0) size 381x99
                  text run at (0,0) width 381: "This paragraph is floated to the left and the orange square"
                  text run at (0,20) width 381: "image should appear to the right of the paragraph. This"
                  text run at (0,40) width 381: "paragraph has a yellow background and no padding, margin or"
                  text run at (0,60) width 381: "border. The right edge of this yellow box should be horizontally"
                  text run at (0,80) width 335: "aligned with the left edge of the yellow box undernearth."
              RenderBlock (anonymous) at (4,240) size 762x100
                RenderImage {IMG} at (381,0) size 15x15
                RenderText {#text} at (396,0) size 4x19
                  text run at (396,0) width 4: " "
                RenderBR {BR} at (400,15) size 0x0
              RenderBlock {HR} at (4,348) size 762x2 [border: (1px inset #000000)]
              RenderBlock (floating) {P} at (385,358) size 381x120 [bgcolor=#FFFF00]
                RenderText {#text} at (0,0) size 381x119
                  text run at (0,0) width 381: "This paragraph is floated to the right (using a STYLE attribute)"
                  text run at (0,20) width 381: "and the orange square image should appear to the left of the"
                  text run at (0,40) width 381: "paragraph. This paragraph has a yellow background and no"
                  text run at (0,60) width 381: "padding, margin or border. The left edge of this yellow box"
                  text run at (0,80) width 381: "should be horizonally aligned with the right edge of the yellow"
                  text run at (0,100) width 68: "box above."
              RenderBlock (anonymous) at (4,358) size 762x120
                RenderImage {IMG} at (0,0) size 15x15
                RenderText {#text} at (15,0) size 4x19
                  text run at (15,0) width 4: " "
                RenderBR {BR} at (19,15) size 0x0
              RenderBlock {HR} at (4,486) size 762x2 [border: (1px inset #000000)]
              RenderBlock {P} at (4,496) size 762x60
                RenderBlock (floating) {SPAN} at (0,0) size 48x37 [bgcolor=#C0C0C0]
                  RenderText {#text} at (0,0) size 21x36
                    text run at (0,0) width 21: "T"
                RenderText {#text} at (48,0) size 762x59
                  text run at (48,0) width 714: "he first letter (a \"T\") of this paragraph should float left and be twice the font-size of the rest of the paragraph, as well as"
                  text run at (48,20) width 427: "bold, with a content width of 1.5em and a background-color of silver. "
                  text run at (475,20) width 287: "The top of the big letter \"T\" should be vertically"
                  text run at (0,40) width 559: "aligned with the top of the first line of this paragraph. This is commonly known as \"drop-cap\"."
              RenderBlock (anonymous) at (4,556) size 762x20
                RenderBR {BR} at (0,0) size 0x19
              RenderBlock {HR} at (4,584) size 762x2 [border: (1px inset #000000)]
              RenderBlock (floating) {P} at (420,604) size 336x216 [bgcolor=#FFFF00] [border: (3px solid #FF0000)]
                RenderText {#text} at (8,8) size 320x199
                  text run at (8,8) width 320: "This paragraph should be floated to the right, sort of"
                  text run at (8,28) width 320: "like a 'sidebar' in a magazine article. Its width is"
                  text run at (8,48) width 320: "20em so the box should not be reformatted when the"
                  text run at (8,68) width 320: "size of the viewport is changed (e.g. when the"
                  text run at (8,88) width 320: "window is resized). The background color of the"
                  text run at (8,108) width 320: "element is yellow, and there should be a 3px solid"
                  text run at (8,128) width 320: "red border outside a 5px wide padding. Also, the"
                  text run at (8,148) width 320: "element has a 10px wide margin around it where the"
                  text run at (8,168) width 320: "blue background of the paragraph in the normal flow"
                  text run at (8,188) width 126: "should shine through."
              RenderBlock {P} at (4,594) size 762x220 [bgcolor=#66CCFF]
                RenderText {#text} at (0,0) size 406x219
                  text run at (0,0) width 406: "This paragraph is not floating. If there is enough room, the textual"
                  text run at (0,20) width 406: "content of the paragraph should appear on the left side of the"
                  text run at (0,40) width 189: "yellow \"sidebar\" on the right. "
                  text run at (189,40) width 217: "The content of this element should"
                  text run at (0,60) width 198: "flow around the floated element. "
                  text run at (198,60) width 208: "However, the floated element may"
                  text run at (0,80) width 406: "or may not be obscured by the blue background of this element, as"
                  text run at (0,100) width 341: "the specification does not say which is drawn \"on top.\" "
                  text run at (341,100) width 65: "Even if the"
                  text run at (0,120) width 406: "floated element is obscured, it still forces the content of this element"
                  text run at (0,140) width 114: "to flow around it. "
                  text run at (114,140) width 292: "If the floated element is not obscured, then the"
                  text run at (0,160) width 406: "blue rectangle of this paragraph should extend 10px above and to"
                  text run at (0,180) width 406: "the right of the sidebar's red border, due to the margin styles set for"
                  text run at (0,200) width 117: "the floated element."
              RenderBlock (anonymous) at (4,814) size 762x20
                RenderBR {BR} at (0,0) size 0x19
              RenderBlock {HR} at (4,842) size 762x2 [border: (1px inset #000000)]
              RenderBlock {DIV} at (4,852) size 762x28 [bgcolor=#66CCFF] [border: (4px solid #FF0000)]
                RenderBlock (floating) {DIV} at (418,14) size 330x250 [bgcolor=#FFFF00]
                  RenderBlock {P} at (5,5) size 320x240
                    RenderText {#text} at (0,0) size 320x239
                      text run at (0,0) width 320: "This paragraph is placed inside a DIV element which"
                      text run at (0,20) width 320: "is floated to the right. The width of the DIV element"
                      text run at (0,40) width 320: "is 20em. The background is yellow and there is a"
                      text run at (0,60) width 320: "5px padding, a 10px margin and no border. Since it"
                      text run at (0,80) width 320: "is floated, the yellow box should be rendered on top"
                      text run at (0,100) width 320: "of the background and borders of adjacent non-"
                      text run at (0,120) width 320: "floated elements. To the left of this yellow box there"
                      text run at (0,140) width 320: "should be a short paragraph with a blue background"
                      text run at (0,160) width 320: "and a red border. The yellow box should be"
                      text run at (0,180) width 320: "rendered on top of the bottom red border. I.e., the"
                      text run at (0,200) width 320: "bottom red border will appear broken where it's"
                      text run at (0,220) width 194: "overlaid by the yellow rectangle."
                RenderBlock {P} at (4,4) size 754x20
                  RenderText {#text} at (0,0) size 255x19
                    text run at (0,0) width 255: "See description in the box on the right side"
              RenderBlock (anonymous) at (4,880) size 762x246
                RenderBR {BR} at (0,0) size 0x19
              RenderBlock {HR} at (4,1134) size 762x2 [border: (1px inset #000000)]
              RenderBlock (floating) {DIV} at (4,1144) size 191x80 [bgcolor=#66CCFF]
                RenderBlock {P} at (0,0) size 191x80
                  RenderText {#text} at (0,0) size 190x79
                    text run at (0,0) width 190: "This paragraph is inside a DIV"
                    text run at (0,20) width 190: "which is floated left. Its"
                    text run at (0,40) width 190: "background is blue and the"
                    text run at (0,60) width 83: "width is 25%."
              RenderBlock (floating) {DIV} at (575,1144) size 191x80 [bgcolor=#FFFF00]
                RenderBlock {P} at (0,0) size 191x80
                  RenderText {#text} at (0,0) size 190x79
                    text run at (0,0) width 190: "This paragraph is inside a DIV"
                    text run at (0,20) width 190: "which is floated right. Its"
                    text run at (0,40) width 190: "background is yellow and the"
                    text run at (0,60) width 83: "width is 25%."
              RenderBlock {P} at (4,1144) size 762x40
                RenderText {#text} at (191,0) size 380x39
                  text run at (191,0) width 380: "This paragraph should appear between a blue box (on the left)"
                  text run at (191,20) width 188: "and a yellow box (on the right)."
              RenderBlock (anonymous) at (4,1184) size 762x40
                RenderBR {BR} at (191,0) size 0x19
              RenderBlock {HR} at (4,1232) size 762x2 [border: (1px inset #000000)]
              RenderBlock (floating) {DIV} at (4,1242) size 572x120 [bgcolor=#66CCFF]
                RenderBlock (floating) {DIV} at (418,0) size 144x40 [bgcolor=#FFFF00]
                  RenderBlock {P} at (0,0) size 143x40
                    RenderText {#text} at (0,0) size 142x39
                      text run at (0,0) width 142: "See description in the"
                      text run at (0,20) width 118: "box on the left side."
                RenderBlock {P} at (0,0) size 572x120
                  RenderText {#text} at (0,0) size 571x119
                    text run at (0,0) width 346: "This paragraph is inside a DIV which is floated left. The "
                    text run at (346,0) width 72: "background"
                    text run at (0,20) width 333: "of the DIV element is blue and its width is 75%. This "
                    text run at (333,20) width 85: "text should all"
                    text run at (0,40) width 257: "be inside the blue rectangle. The blue DIV "
                    text run at (257,40) width 314: "element has another DIV element as a child. It has a"
                    text run at (0,60) width 45: "yellow "
                    text run at (45,60) width 363: "background color and is floated to the right. Since it is a "
                    text run at (408,60) width 163: "child of the blue DIV, the"
                    text run at (0,80) width 234: "yellow DIV should appear inside the "
                    text run at (234,80) width 337: "blue rectangle. Due to it being floated to the right and"
                    text run at (0,100) width 42: "having "
                    text run at (42,100) width 394: "a 10px right margin, the yellow rectange should have a 10px blue "
                    text run at (436,100) width 131: "stripe on its right side."
              RenderBlock (anonymous) at (4,1242) size 762x120
                RenderBR {BR} at (572,0) size 0x19
              RenderBlock {HR} at (4,1370) size 762x2 [border: (1px inset #000000)]
