layer at (0,0) size 802x1057
  RenderView at (0,0) size 800x600
layer at (0,0) size 800x1057
  RenderBlock {HTML} at (0,0) size 800x1057
    RenderBody {BODY} at (8,8) size 784x1041 [bgcolor=#CCCCCC]
      RenderBlock {P} at (0,0) size 784x20
        RenderText {#text} at (0,0) size 337x19
          text run at (0,0) width 337: "The style declarations which apply to the text below are:"
      RenderBlock {PRE} at (0,36) size 784x96
        RenderText {#text} at (0,0) size 560x96
          text run at (0,0) width 552: ".zero {background-color: silver; margin-right: 0; text-align: right;}"
          text run at (552,0) width 0: " "
          text run at (0,16) width 560: ".one {margin-right: 0.5in; text-align: right; background-color: aqua;}"
          text run at (560,16) width 0: " "
          text run at (0,32) width 552: ".two {margin-right: 25px; text-align: right; background-color: aqua;}"
          text run at (552,32) width 0: " "
          text run at (0,48) width 560: ".three {margin-right: 5em; text-align: right; background-color: aqua;}"
          text run at (560,48) width 0: " "
          text run at (0,64) width 552: ".four {margin-right: 25%; text-align: right; background-color: aqua;}"
          text run at (552,64) width 0: " "
          text run at (0,80) width 416: ".five {margin-right: -10px; background-color: aqua;}"
          text run at (416,80) width 0: " "
      RenderBlock {HR} at (0,145) size 784x2 [border: (1px inset #000000)]
      RenderBlock {P} at (0,163) size 784x20 [bgcolor=#C0C0C0]
        RenderText {#text} at (591,0) size 193x19
          text run at (591,0) width 193: "This element has a class of zero."
      RenderBlock {P} at (0,199) size 736x20 [bgcolor=#00FFFF]
        RenderText {#text} at (404,0) size 332x19
          text run at (404,0) width 332: "This sentence should have a right margin of half an inch."
      RenderBlock {P} at (0,235) size 759x20 [bgcolor=#00FFFF]
        RenderText {#text} at (440,0) size 319x19
          text run at (440,0) width 319: "This sentence should have a right margin of 25 pixels."
      RenderBlock {P} at (0,271) size 704x20 [bgcolor=#00FFFF]
        RenderText {#text} at (409,0) size 295x19
          text run at (409,0) width 295: "This sentence should have a right margin of 5 em."
      RenderBlock {P} at (0,307) size 588x40 [bgcolor=#00FFFF]
        RenderText {#text} at (10,0) size 578x39
          text run at (10,0) width 578: "This sentence should have a right margin of 25%, which is calculated with respect to the width of"
          text run at (474,20) width 114: "the parent element."
      RenderBlock {UL} at (0,363) size 759x100 [bgcolor=#808080]
        RenderListItem {LI} at (40,0) size 719x20
          RenderListMarker at (-18,0) size 7x19: bullet
          RenderText {#text} at (50,0) size 669x19
            text run at (50,0) width 669: "The right margin on this unordered list has been set to 25 pixels, and the background color has been set to gray."
        RenderListItem {LI} at (40,20) size 694x60 [bgcolor=#FFFFFF]
          RenderListMarker at (-18,0) size 7x19: bullet
          RenderText {#text} at (14,0) size 688x59
            text run at (14,0) width 680: "Another list item might not be such a bad idea, either, considering that such things do need to be double-checked."
            text run at (6,20) width 688: "This list item has its right margin also set to 25 pixels, which should combine with the list's margin to make 50 pixels"
            text run at (344,40) width 350: "of margin, and its background-color has been set to white."
        RenderListItem {LI} at (40,80) size 719x20
          RenderListMarker at (-18,0) size 7x19: bullet
          RenderText {#text} at (552,0) size 167x19
            text run at (552,0) width 167: "This is an unclassed list item"
      RenderBlock {P} at (0,479) size 784x20 [bgcolor=#C0C0C0]
        RenderText {#text} at (591,0) size 193x19
          text run at (591,0) width 193: "This element has a class of zero."
      RenderBlock {P} at (0,515) size 794x60 [bgcolor=#00FFFF]
        RenderText {#text} at (0,0) size 770x59
          text run at (0,0) width 754: "This paragraph has a right margin of -10px, which should cause it to be wider than it might otherwise be, and it has a light blue"
          text run at (0,20) width 80: "background. "
          text run at (80,20) width 369: "In all other respects, however, the element should be normal. "
          text run at (449,20) width 321: "No styles have been applied to it besides the negative"
          text run at (0,40) width 233: "right margin and the background color."
      RenderTable {TABLE} at (0,591) size 784x450 [border: (1px outset #808080)]
        RenderTableSection {TBODY} at (1,1) size 782x448
          RenderTableRow {TR} at (0,0) size 782x28
            RenderTableCell {TD} at (0,0) size 782x28 [bgcolor=#C0C0C0] [border: (1px inset #808080)] [r=0 c=0 rs=1 cs=2]
              RenderInline {STRONG} at (0,0) size 159x19
                RenderText {#text} at (4,4) size 159x19
                  text run at (4,4) width 159: "TABLE Testing Section"
          RenderTableRow {TR} at (0,28) size 782x420
            RenderTableCell {TD} at (0,224) size 12x28 [bgcolor=#C0C0C0] [border: (1px inset #808080)] [r=1 c=0 rs=1 cs=1]
              RenderText {#text} at (4,4) size 4x19
                text run at (4,4) width 4: " "
            RenderTableCell {TD} at (12,28) size 770x420 [border: (1px inset #808080)] [r=1 c=1 rs=1 cs=1]
              RenderBlock {P} at (4,4) size 762x20 [bgcolor=#C0C0C0]
                RenderText {#text} at (569,0) size 193x19
                  text run at (569,0) width 193: "This element has a class of zero."
              RenderBlock {P} at (4,40) size 714x20 [bgcolor=#00FFFF]
                RenderText {#text} at (382,0) size 332x19
                  text run at (382,0) width 332: "This sentence should have a right margin of half an inch."
              RenderBlock {P} at (4,76) size 737x20 [bgcolor=#00FFFF]
                RenderText {#text} at (418,0) size 319x19
                  text run at (418,0) width 319: "This sentence should have a right margin of 25 pixels."
              RenderBlock {P} at (4,112) size 682x20 [bgcolor=#00FFFF]
                RenderText {#text} at (387,0) size 295x19
                  text run at (387,0) width 295: "This sentence should have a right margin of 5 em."
              RenderBlock {P} at (4,148) size 572x40 [bgcolor=#00FFFF]
                RenderText {#text} at (9,0) size 562x39
                  text run at (9,0) width 562: "This sentence should have a right margin of 25%, which is calculated with respect to the width"
                  text run at (441,20) width 130: "of the parent element."
              RenderBlock {UL} at (4,204) size 737x100 [bgcolor=#808080]
                RenderListItem {LI} at (40,0) size 697x20
                  RenderListMarker at (-18,0) size 7x19: bullet
                  RenderText {#text} at (28,0) size 669x19
                    text run at (28,0) width 669: "The right margin on this unordered list has been set to 25 pixels, and the background color has been set to gray."
                RenderListItem {LI} at (40,20) size 672x60 [bgcolor=#FFFFFF]
                  RenderListMarker at (-18,0) size 7x19: bullet
                  RenderText {#text} at (47,0) size 652x59
                    text run at (47,0) width 625: "Another list item might not be such a bad idea, either, considering that such things do need to be double-"
                    text run at (20,20) width 59: "checked. "
                    text run at (79,20) width 593: "This list item has its right margin also set to 25 pixels, which should combine with the list's margin to"
                    text run at (227,40) width 445: "make 50 pixels of margin, and its background-color has been set to white."
                RenderListItem {LI} at (40,80) size 697x20
                  RenderListMarker at (-18,0) size 7x19: bullet
                  RenderText {#text} at (530,0) size 167x19
                    text run at (530,0) width 167: "This is an unclassed list item"
              RenderBlock {P} at (4,320) size 762x20 [bgcolor=#C0C0C0]
                RenderText {#text} at (569,0) size 193x19
                  text run at (569,0) width 193: "This element has a class of zero."
              RenderBlock {P} at (4,356) size 772x60 [bgcolor=#00FFFF]
                RenderText {#text} at (0,0) size 770x59
                  text run at (0,0) width 754: "This paragraph has a right margin of -10px, which should cause it to be wider than it might otherwise be, and it has a light blue"
                  text run at (0,20) width 80: "background. "
                  text run at (80,20) width 369: "In all other respects, however, the element should be normal. "
                  text run at (449,20) width 321: "No styles have been applied to it besides the negative"
                  text run at (0,40) width 233: "right margin and the background color."
