layer at (0,0) size 800x1057
  RenderView at (0,0) size 800x600
layer at (0,0) size 800x1057
  RenderBlock {HTML} at (0,0) size 800x1057
    RenderBody {BODY} at (8,8) size 784x1041 [bgcolor=#CCCCCC]
      RenderBlock {P} at (0,0) size 784x20
        RenderText {#text} at (0,0) size 337x19
          text run at (0,0) width 337: "The style declarations which apply to the text below are:"
      RenderBlock {PRE} at (0,36) size 784x96
        RenderText {#text} at (0,0) size 408x96
          text run at (0,0) width 392: ".zero {background-color: silver; margin-left: 0;}"
          text run at (392,0) width 0: " "
          text run at (0,16) width 400: ".one {margin-left: 0.5in; background-color: aqua;}"
          text run at (400,16) width 0: " "
          text run at (0,32) width 392: ".two {margin-left: 25px; background-color: aqua;}"
          text run at (392,32) width 0: " "
          text run at (0,48) width 400: ".three {margin-left: 5em; background-color: aqua;}"
          text run at (400,48) width 0: " "
          text run at (0,64) width 392: ".four {margin-left: 25%; background-color: aqua;}"
          text run at (392,64) width 0: " "
          text run at (0,80) width 408: ".five {margin-left: -10px; background-color: aqua;}"
          text run at (408,80) width 0: " "
      RenderBlock {HR} at (0,145) size 784x2 [border: (1px inset #000000)]
      RenderBlock {P} at (0,163) size 784x20 [bgcolor=#C0C0C0]
        RenderText {#text} at (0,0) size 193x19
          text run at (0,0) width 193: "This element has a class of zero."
      RenderBlock {P} at (48,199) size 736x20 [bgcolor=#00FFFF]
        RenderText {#text} at (0,0) size 324x19
          text run at (0,0) width 324: "This sentence should have a left margin of half an inch."
      RenderBlock {P} at (25,235) size 759x20 [bgcolor=#00FFFF]
        RenderText {#text} at (0,0) size 311x19
          text run at (0,0) width 311: "This sentence should have a left margin of 25 pixels."
      RenderBlock {P} at (80,271) size 704x20 [bgcolor=#00FFFF]
        RenderText {#text} at (0,0) size 287x19
          text run at (0,0) width 287: "This sentence should have a left margin of 5 em."
      RenderBlock {P} at (196,307) size 588x40 [bgcolor=#00FFFF]
        RenderText {#text} at (0,0) size 570x39
          text run at (0,0) width 570: "This sentence should have a left margin of 25%, which is calculated with respect to the width of"
          text run at (0,20) width 114: "the parent element."
      RenderBlock {UL} at (25,363) size 759x100 [bgcolor=#808080]
        RenderListItem {LI} at (40,0) size 719x20
          RenderListMarker at (-18,0) size 7x19: bullet
          RenderText {#text} at (0,0) size 656x19
            text run at (0,0) width 656: "The left margin on this unordered list has been set to 25 pixels, and its background color has been set to gray."
        RenderListItem {LI} at (65,20) size 694x60 [bgcolor=#FFFFFF]
          RenderListMarker at (-18,0) size 7x19: bullet
          RenderText {#text} at (0,0) size 680x59
            text run at (0,0) width 680: "Another list item might not be such a bad idea, either, considering that such things do need to be double-checked."
            text run at (0,20) width 680: "This list item has its left margin also set to 25 pixels, which should combine with the list's margin to make 50 pixels"
            text run at (0,40) width 348: "of margin, and its background color has been set to white."
        RenderListItem {LI} at (40,80) size 719x20
          RenderListMarker at (-18,0) size 7x19: bullet
          RenderText {#text} at (0,0) size 167x19
            text run at (0,0) width 167: "This is an unclassed list item"
      RenderBlock {P} at (0,479) size 784x20 [bgcolor=#C0C0C0]
        RenderText {#text} at (0,0) size 193x19
          text run at (0,0) width 193: "This element has a class of zero."
      RenderBlock {P} at (-10,515) size 794x60 [bgcolor=#00FFFF]
        RenderText {#text} at (0,0) size 792x59
          text run at (0,0) width 746: "This paragraph has a left margin of -10px, which should cause it to be wider than it might otherwise be, and it has a light blue"
          text run at (0,20) width 80: "background. "
          text run at (80,20) width 369: "In all other respects, however, the element should be normal. "
          text run at (449,20) width 343: "No styles have been applied to it besides the negative left"
          text run at (0,40) width 203: "margin and the background color."
      RenderTable {TABLE} at (0,591) size 784x450 [border: (1px outset #808080)]
        RenderTableSection {TBODY} at (1,1) size 782x448
          RenderTableRow {TR} at (0,0) size 782x28
            RenderTableCell {TD} at (0,0) size 782x28 [bgcolor=#C0C0C0] [border: (1px inset #808080)] [r=0 c=0 rs=1 cs=2]
              RenderInline {STRONG} at (0,0) size 159x19
                RenderText {#text} at (4,4) size 159x19
                  text run at (4,4) width 159: "TABLE Testing Section"
          RenderTableRow {TR} at (0,28) size 782x420
            RenderTableCell {TD} at (0,224) size 12x28 [bgcolor=#C0C0C0] [border: (1px inset #808080)] [r=1 c=0 rs=1 cs=1]
              RenderText {#text} at (4,4) size 4x19
                text run at (4,4) width 4: " "
            RenderTableCell {TD} at (12,28) size 770x420 [border: (1px inset #808080)] [r=1 c=1 rs=1 cs=1]
              RenderBlock {P} at (4,4) size 762x20 [bgcolor=#C0C0C0]
                RenderText {#text} at (0,0) size 193x19
                  text run at (0,0) width 193: "This element has a class of zero."
              RenderBlock {P} at (52,40) size 714x20 [bgcolor=#00FFFF]
                RenderText {#text} at (0,0) size 324x19
                  text run at (0,0) width 324: "This sentence should have a left margin of half an inch."
              RenderBlock {P} at (29,76) size 737x20 [bgcolor=#00FFFF]
                RenderText {#text} at (0,0) size 311x19
                  text run at (0,0) width 311: "This sentence should have a left margin of 25 pixels."
              RenderBlock {P} at (84,112) size 682x20 [bgcolor=#00FFFF]
                RenderText {#text} at (0,0) size 287x19
                  text run at (0,0) width 287: "This sentence should have a left margin of 5 em."
              RenderBlock {P} at (194,148) size 572x40 [bgcolor=#00FFFF]
                RenderText {#text} at (0,0) size 570x39
                  text run at (0,0) width 570: "This sentence should have a left margin of 25%, which is calculated with respect to the width of"
                  text run at (0,20) width 114: "the parent element."
              RenderBlock {UL} at (29,204) size 737x100 [bgcolor=#808080]
                RenderListItem {LI} at (40,0) size 697x20
                  RenderListMarker at (-18,0) size 7x19: bullet
                  RenderText {#text} at (0,0) size 656x19
                    text run at (0,0) width 656: "The left margin on this unordered list has been set to 25 pixels, and its background color has been set to gray."
                RenderListItem {LI} at (65,20) size 672x60 [bgcolor=#FFFFFF]
                  RenderListMarker at (-18,0) size 7x19: bullet
                  RenderText {#text} at (0,0) size 644x59
                    text run at (0,0) width 625: "Another list item might not be such a bad idea, either, considering that such things do need to be double-"
                    text run at (0,20) width 59: "checked. "
                    text run at (59,20) width 585: "This list item has its left margin also set to 25 pixels, which should combine with the list's margin to"
                    text run at (0,40) width 443: "make 50 pixels of margin, and its background color has been set to white."
                RenderListItem {LI} at (40,80) size 697x20
                  RenderListMarker at (-18,0) size 7x19: bullet
                  RenderText {#text} at (0,0) size 167x19
                    text run at (0,0) width 167: "This is an unclassed list item"
              RenderBlock {P} at (4,320) size 762x20 [bgcolor=#C0C0C0]
                RenderText {#text} at (0,0) size 193x19
                  text run at (0,0) width 193: "This element has a class of zero."
              RenderBlock {P} at (-6,356) size 772x60 [bgcolor=#00FFFF]
                RenderText {#text} at (0,0) size 770x59
                  text run at (0,0) width 746: "This paragraph has a left margin of -10px, which should cause it to be wider than it might otherwise be, and it has a light blue"
                  text run at (0,20) width 80: "background. "
                  text run at (80,20) width 369: "In all other respects, however, the element should be normal. "
                  text run at (449,20) width 321: "No styles have been applied to it besides the negative"
                  text run at (0,40) width 225: "left margin and the background color."
