layer at (0,0) size 800x1597
  RenderView at (0,0) size 800x600
layer at (0,0) size 800x1597
  RenderBlock {HTML} at (0,0) size 800x1597
    RenderBody {BODY} at (8,8) size 784x1581 [bgcolor=#CCCCCC]
      RenderBlock {P} at (0,0) size 784x20
        RenderText {#text} at (0,0) size 337x19
          text run at (0,0) width 337: "The style declarations which apply to the text below are:"
      RenderBlock {PRE} at (0,36) size 784x96
        RenderText {#text} at (0,0) size 432x96
          text run at (0,0) width 416: ".zero {background-color: silver; padding-bottom: 0;}"
          text run at (416,0) width 0: " "
          text run at (0,16) width 424: ".one {padding-bottom: 0.5in; background-color: aqua;}"
          text run at (424,16) width 0: " "
          text run at (0,32) width 416: ".two {padding-bottom: 25px; background-color: aqua;}"
          text run at (416,32) width 0: " "
          text run at (0,48) width 424: ".three {padding-bottom: 5em; background-color: aqua;}"
          text run at (424,48) width 0: " "
          text run at (0,64) width 416: ".four {padding-bottom: 25%; background-color: aqua;}"
          text run at (416,64) width 0: " "
          text run at (0,80) width 432: ".five {padding-bottom: -20px; background-color: aqua;}"
          text run at (432,80) width 0: " "
      RenderBlock {HR} at (0,145) size 784x2 [border: (1px inset #000000)]
      RenderBlock {P} at (0,163) size 784x20 [bgcolor=#C0C0C0]
        RenderText {#text} at (0,0) size 193x19
          text run at (0,0) width 193: "This element has a class of zero."
      RenderBlock {P} at (0,199) size 784x88 [bgcolor=#00FFFF]
        RenderText {#text} at (0,0) size 719x39
          text run at (0,0) width 620: "This element should have a bottom padding of half an inch, which will require extra text in order to test. "
          text run at (620,0) width 99: "Both the content"
          text run at (0,20) width 338: "background and the padding should be aqua (light blue)."
      RenderBlock {P} at (0,303) size 784x65 [bgcolor=#00FFFF]
        RenderText {#text} at (0,0) size 782x39
          text run at (0,0) width 607: "This element should have a bottom padding of 25 pixels, which will require extra text in order to test. "
          text run at (607,0) width 175: "Both the content background"
          text run at (0,20) width 262: "and the padding should be aqua (light blue)."
      RenderBlock {P} at (0,384) size 784x120 [bgcolor=#00FFFF]
        RenderText {#text} at (0,0) size 784x39
          text run at (0,0) width 583: "This element should have a bottom padding of 5 em, which will require extra text in order to test. "
          text run at (583,0) width 201: "Both the content background and"
          text run at (0,20) width 236: "the padding should be aqua (light blue)."
      RenderBlock {P} at (0,520) size 784x236 [bgcolor=#00FFFF]
        RenderText {#text} at (0,0) size 768x39
          text run at (0,0) width 719: "This element should have a bottom padding of 25%, which is calculated with respect to the width of the parent element. "
          text run at (719,0) width 49: "This will"
          text run at (0,20) width 202: "require extra text in order to test. "
          text run at (202,20) width 441: "Both the content background and the padding should be aqua (light blue)."
      RenderBlock {P} at (0,772) size 784x20 [bgcolor=#C0C0C0]
        RenderText {#text} at (0,0) size 193x19
          text run at (0,0) width 193: "This element has a class of zero."
      RenderBlock {P} at (0,808) size 784x40 [bgcolor=#00FFFF]
        RenderText {#text} at (0,0) size 780x39
          text run at (0,0) width 557: "This element should have no bottom padding, since negative padding values are not allowed. "
          text run at (557,0) width 223: "Both the content background and the"
          text run at (0,20) width 259: "normal padding should be aqua (light blue)."
      RenderTable {TABLE} at (0,864) size 784x717 [border: (1px outset #808080)]
        RenderTableSection {TBODY} at (1,1) size 782x715
          RenderTableRow {TR} at (0,0) size 782x28
            RenderTableCell {TD} at (0,0) size 782x28 [bgcolor=#C0C0C0] [border: (1px inset #808080)] [r=0 c=0 rs=1 cs=2]
              RenderInline {STRONG} at (0,0) size 159x19
                RenderText {#text} at (4,4) size 159x19
                  text run at (4,4) width 159: "TABLE Testing Section"
          RenderTableRow {TR} at (0,28) size 782x687
            RenderTableCell {TD} at (0,357) size 12x28 [bgcolor=#C0C0C0] [border: (1px inset #808080)] [r=1 c=0 rs=1 cs=1]
              RenderText {#text} at (4,4) size 4x19
                text run at (4,4) width 4: " "
            RenderTableCell {TD} at (12,28) size 770x688 [border: (1px inset #808080)] [r=1 c=1 rs=1 cs=1]
              RenderBlock {P} at (4,4) size 762x20 [bgcolor=#C0C0C0]
                RenderText {#text} at (0,0) size 193x19
                  text run at (0,0) width 193: "This element has a class of zero."
              RenderBlock {P} at (4,40) size 762x88 [bgcolor=#00FFFF]
                RenderText {#text} at (0,0) size 719x39
                  text run at (0,0) width 620: "This element should have a bottom padding of half an inch, which will require extra text in order to test. "
                  text run at (620,0) width 99: "Both the content"
                  text run at (0,20) width 338: "background and the padding should be aqua (light blue)."
              RenderBlock {P} at (4,144) size 762x65 [bgcolor=#00FFFF]
                RenderText {#text} at (0,0) size 706x39
                  text run at (0,0) width 607: "This element should have a bottom padding of 25 pixels, which will require extra text in order to test. "
                  text run at (607,0) width 99: "Both the content"
                  text run at (0,20) width 338: "background and the padding should be aqua (light blue)."
              RenderBlock {P} at (4,225) size 762x120 [bgcolor=#00FFFF]
                RenderText {#text} at (0,0) size 758x39
                  text run at (0,0) width 583: "This element should have a bottom padding of 5 em, which will require extra text in order to test. "
                  text run at (583,0) width 175: "Both the content background"
                  text run at (0,20) width 262: "and the padding should be aqua (light blue)."
              RenderBlock {P} at (4,361) size 762x231 [bgcolor=#00FFFF]
                RenderText {#text} at (0,0) size 744x39
                  text run at (0,0) width 719: "This element should have a bottom padding of 25%, which is calculated with respect to the width of the parent element. "
                  text run at (719,0) width 25: "This"
                  text run at (0,20) width 226: "will require extra text in order to test. "
                  text run at (226,20) width 441: "Both the content background and the padding should be aqua (light blue)."
              RenderBlock {P} at (4,607) size 762x21 [bgcolor=#C0C0C0]
                RenderText {#text} at (0,0) size 193x19
                  text run at (0,0) width 193: "This element has a class of zero."
              RenderBlock {P} at (4,643) size 762x41 [bgcolor=#00FFFF]
                RenderText {#text} at (0,0) size 758x39
                  text run at (0,0) width 557: "This element should have no bottom padding, since negative padding values are not allowed. "
                  text run at (557,0) width 201: "Both the content background and"
                  text run at (0,20) width 281: "the normal padding should be aqua (light blue)."
