layer at (0,0) size 800x2298
  RenderView at (0,0) size 800x600
layer at (0,0) size 800x2298
  RenderBlock {HTML} at (0,0) size 800x2298
    RenderBody {BODY} at (8,8) size 784x2282 [bgcolor=#CCCCCC]
      RenderBlock {P} at (0,0) size 784x20
        RenderText {#text} at (0,0) size 337x19
          text run at (0,0) width 337: "The style declarations which apply to the text below are:"
      RenderBlock {PRE} at (0,36) size 784x96
        RenderText {#text} at (0,0) size 376x96
          text run at (0,0) width 360: ".zero {background-color: silver; padding: 0;}"
          text run at (360,0) width 0: " "
          text run at (0,16) width 368: ".one {padding: 0.5in; background-color: aqua;}"
          text run at (368,16) width 0: " "
          text run at (0,32) width 360: ".two {padding: 25px; background-color: aqua;}"
          text run at (360,32) width 0: " "
          text run at (0,48) width 368: ".three {padding: 5em; background-color: aqua;}"
          text run at (368,48) width 0: " "
          text run at (0,64) width 360: ".four {padding: 25%; background-color: aqua;}"
          text run at (360,64) width 0: " "
          text run at (0,80) width 376: ".five {padding: -20px; background-color: aqua;}"
          text run at (376,80) width 0: " "
      RenderBlock {HR} at (0,145) size 784x2 [border: (1px inset #000000)]
      RenderBlock {P} at (0,163) size 784x20 [bgcolor=#C0C0C0]
        RenderText {#text} at (0,0) size 193x19
          text run at (0,0) width 193: "This element has a class of zero."
      RenderBlock {P} at (0,199) size 784x136 [bgcolor=#00FFFF]
        RenderText {#text} at (48,48) size 675x39
          text run at (48,48) width 624: "This element should have an overall padding of half an inch, which will require extra text in order to test. "
          text run at (672,48) width 51: "Both the"
          text run at (48,68) width 386: "content background and the padding should be aqua (light blue)."
      RenderBlock {P} at (0,351) size 784x90 [bgcolor=#00FFFF]
        RenderText {#text} at (25,25) size 710x39
          text run at (25,25) width 611: "This element should have an overall padding of 25 pixels, which will require extra text in order to test. "
          text run at (636,25) width 99: "Both the content"
          text run at (25,45) width 338: "background and the padding should be aqua (light blue)."
      RenderBlock {P} at (0,457) size 784x200 [bgcolor=#00FFFF]
        RenderText {#text} at (80,80) size 616x39
          text run at (80,80) width 587: "This element should have an overall padding of 5 em, which will require extra text in order to test. "
          text run at (667,80) width 29: "Both"
          text run at (80,100) width 408: "the content background and the padding should be aqua (light blue)."
      RenderBlock {P} at (0,673) size 784x472 [bgcolor=#00FFFF]
        RenderText {#text} at (196,196) size 379x79
          text run at (196,196) width 369: "This element should have an overall padding of 25%, which is"
          text run at (196,216) width 350: "calculated with respect to the width of the parent element. "
          text run at (546,216) width 29: "Both"
          text run at (196,236) width 370: "the content background and the padding should be aqua (light"
          text run at (196,256) width 34: "blue)."
      RenderBlock {P} at (0,1161) size 784x40 [bgcolor=#00FFFF]
        RenderText {#text} at (0,0) size 778x39
          text run at (0,0) width 510: "This element should have no padding, since negative padding values are not allowed. "
          text run at (510,0) width 268: "Both the content background and the normal"
          text run at (0,20) width 214: "padding should be aqua (light blue)."
      RenderTable {TABLE} at (0,1217) size 784x1065 [border: (1px outset #808080)]
        RenderTableSection {TBODY} at (1,1) size 782x1063
          RenderTableRow {TR} at (0,0) size 782x28
            RenderTableCell {TD} at (0,0) size 782x28 [bgcolor=#C0C0C0] [border: (1px inset #808080)] [r=0 c=0 rs=1 cs=2]
              RenderInline {STRONG} at (0,0) size 159x19
                RenderText {#text} at (4,4) size 159x19
                  text run at (4,4) width 159: "TABLE Testing Section"
          RenderTableRow {TR} at (0,28) size 782x1035
            RenderTableCell {TD} at (0,531) size 12x28 [bgcolor=#C0C0C0] [border: (1px inset #808080)] [r=1 c=0 rs=1 cs=1]
              RenderText {#text} at (4,4) size 4x19
                text run at (4,4) width 4: " "
            RenderTableCell {TD} at (12,28) size 770x1035 [border: (1px inset #808080)] [r=1 c=1 rs=1 cs=1]
              RenderBlock {P} at (4,4) size 762x20 [bgcolor=#C0C0C0]
                RenderText {#text} at (0,0) size 193x19
                  text run at (0,0) width 193: "This element has a class of zero."
              RenderBlock {P} at (4,40) size 762x136 [bgcolor=#00FFFF]
                RenderText {#text} at (48,48) size 653x39
                  text run at (48,48) width 624: "This element should have an overall padding of half an inch, which will require extra text in order to test. "
                  text run at (672,48) width 29: "Both"
                  text run at (48,68) width 408: "the content background and the padding should be aqua (light blue)."
              RenderBlock {P} at (4,192) size 762x90 [bgcolor=#00FFFF]
                RenderText {#text} at (25,25) size 710x39
                  text run at (25,25) width 611: "This element should have an overall padding of 25 pixels, which will require extra text in order to test. "
                  text run at (636,25) width 99: "Both the content"
                  text run at (25,45) width 338: "background and the padding should be aqua (light blue)."
              RenderBlock {P} at (4,298) size 762x200 [bgcolor=#00FFFF]
                RenderText {#text} at (80,80) size 583x39
                  text run at (80,80) width 583: "This element should have an overall padding of 5 em, which will require extra text in order to test."
                  text run at (80,100) width 441: "Both the content background and the padding should be aqua (light blue)."
              RenderBlock {P} at (4,514) size 762x461 [bgcolor=#00FFFF]
                RenderText {#text} at (191,191) size 379x79
                  text run at (191,191) width 369: "This element should have an overall padding of 25%, which is"
                  text run at (191,211) width 350: "calculated with respect to the width of the parent element. "
                  text run at (541,211) width 29: "Both"
                  text run at (191,231) width 370: "the content background and the padding should be aqua (light"
                  text run at (191,251) width 34: "blue)."
              RenderBlock {P} at (4,991) size 762x40 [bgcolor=#00FFFF]
                RenderText {#text} at (0,0) size 733x39
                  text run at (0,0) width 510: "This element should have no padding, since negative padding values are not allowed. "
                  text run at (510,0) width 223: "Both the content background and the"
                  text run at (0,20) width 259: "normal padding should be aqua (light blue)."
