layer at (0,0) size 800x1145
  RenderView at (0,0) size 800x600
layer at (0,0) size 800x1145
  RenderBlock {HTML} at (0,0) size 800x1145
    RenderBody {BODY} at (8,8) size 784x1129 [bgcolor=#CCCCCC]
      RenderBlock {P} at (0,0) size 784x20
        RenderText {#text} at (0,0) size 337x19
          text run at (0,0) width 337: "The style declarations which apply to the text below are:"
      RenderBlock {PRE} at (0,36) size 784x96
        RenderText {#text} at (0,0) size 576x96
          text run at (0,0) width 408: ".zero {background-color: silver; padding-right: 0;}"
          text run at (408,0) width 0: " "
          text run at (0,16) width 568: ".one {padding-right: 0.5in; text-align: right; background-color: aqua;}"
          text run at (568,16) width 0: " "
          text run at (0,32) width 560: ".two {padding-right: 25px; text-align: right; background-color: aqua;}"
          text run at (560,32) width 0: " "
          text run at (0,48) width 568: ".three {padding-right: 5em; text-align: right; background-color: aqua;}"
          text run at (568,48) width 0: " "
          text run at (0,64) width 560: ".four {padding-right: 25%; text-align: right; background-color: aqua;}"
          text run at (560,64) width 0: " "
          text run at (0,80) width 576: ".five {padding-right: -20px; text-align: right; background-color: aqua;}"
          text run at (576,80) width 0: " "
      RenderBlock {HR} at (0,145) size 784x2 [border: (1px inset #000000)]
      RenderBlock {P} at (0,163) size 784x20 [bgcolor=#C0C0C0]
        RenderText {#text} at (0,0) size 193x19
          text run at (0,0) width 193: "This element has a class of zero."
      RenderBlock {P} at (0,199) size 784x60 [bgcolor=#00FFFF]
        RenderText {#text} at (34,0) size 734x59
          text run at (34,0) width 603: "This element should have a right padding of half an inch, which will require extra text in order to test. "
          text run at (637,0) width 99: "Both the content"
          text run at (2,20) width 342: "background and the padding should be aqua (light blue). "
          text run at (344,20) width 392: "The text has been right-aligned in order to make the right padding"
          text run at (657,40) width 79: "easier to see."
      RenderBlock {P} at (0,275) size 784x60 [bgcolor=#00FFFF]
        RenderText {#text} at (70,0) size 734x59
          text run at (70,0) width 590: "This element should have a right padding of 25 pixels, which will require extra text in order to test. "
          text run at (660,0) width 99: "Both the content"
          text run at (25,20) width 342: "background and the padding should be aqua (light blue). "
          text run at (367,20) width 392: "The text has been right-aligned in order to make the right padding"
          text run at (680,40) width 79: "easier to see."
      RenderBlock {P} at (0,351) size 784x60 [bgcolor=#00FFFF]
        RenderText {#text} at (39,0) size 682x59
          text run at (39,0) width 566: "This element should have a right padding of 5 em, which will require extra text in order to test. "
          text run at (605,0) width 99: "Both the content"
          text run at (22,20) width 342: "background and the padding should be aqua (light blue). "
          text run at (364,20) width 340: "The text has been right-aligned in order to make the right"
          text run at (573,40) width 131: "padding easier to see."
      RenderBlock {P} at (0,427) size 784x60 [bgcolor=#00FFFF]
        RenderText {#text} at (8,0) size 586x59
          text run at (8,0) width 580: "This element should have a right padding of 25%, which is calculated with respect to the width of"
          text run at (2,20) width 118: "the parent element. "
          text run at (120,20) width 445: "Both the content background and the padding should be aqua (light blue). "
          text run at (565,20) width 23: "The"
          text run at (140,40) width 448: "text has been right-aligned in order to make the right padding easier to see."
      RenderBlock {UL} at (0,503) size 784x40 [bgcolor=#808080]
        RenderListItem {LI} at (40,0) size 719x20
          RenderListMarker at (-18,0) size 7x19: bullet
          RenderText {#text} at (28,0) size 691x19
            text run at (28,0) width 691: "The right padding on this unordered list has been set to 25 pixels, which will require some extra text in order to test."
        RenderListItem {LI} at (40,20) size 719x20 [bgcolor=#FFFFFF]
          RenderListMarker at (-18,0) size 7x19: bullet
          RenderText {#text} at (20,0) size 674x19
            text run at (20,0) width 674: "This list item has a right padding of 25 pixels, which will appear to the left of the gray padding of the UL element."
      RenderBlock {P} at (0,559) size 784x40 [bgcolor=#00FFFF]
        RenderText {#text} at (21,0) size 783x39
          text run at (21,0) width 540: "This element should have no right padding, since negative padding values are not allowed. "
          text run at (561,0) width 223: "Both the content background and the"
          text run at (1,20) width 263: "normal padding should be aqua (light blue). "
          text run at (264,20) width 520: "The text has been right-aligned in order to make the lack of right padding easier to see."
      RenderTable {TABLE} at (0,615) size 784x514 [border: (1px outset #808080)]
        RenderTableSection {TBODY} at (1,1) size 782x512
          RenderTableRow {TR} at (0,0) size 782x28
            RenderTableCell {TD} at (0,0) size 782x28 [bgcolor=#C0C0C0] [border: (1px inset #808080)] [r=0 c=0 rs=1 cs=2]
              RenderInline {STRONG} at (0,0) size 159x19
                RenderText {#text} at (4,4) size 159x19
                  text run at (4,4) width 159: "TABLE Testing Section"
          RenderTableRow {TR} at (0,28) size 782x484
            RenderTableCell {TD} at (0,256) size 12x28 [bgcolor=#C0C0C0] [border: (1px inset #808080)] [r=1 c=0 rs=1 cs=1]
              RenderText {#text} at (4,4) size 4x19
                text run at (4,4) width 4: " "
            RenderTableCell {TD} at (12,28) size 770x484 [border: (1px inset #808080)] [r=1 c=1 rs=1 cs=1]
              RenderBlock {P} at (4,4) size 762x20 [bgcolor=#C0C0C0]
                RenderText {#text} at (0,0) size 193x19
                  text run at (0,0) width 193: "This element has a class of zero."
              RenderBlock {P} at (4,40) size 762x60 [bgcolor=#00FFFF]
                RenderText {#text} at (12,0) size 702x59
                  text run at (12,0) width 603: "This element should have a right padding of half an inch, which will require extra text in order to test. "
                  text run at (615,0) width 99: "Both the content"
                  text run at (32,20) width 342: "background and the padding should be aqua (light blue). "
                  text run at (374,20) width 340: "The text has been right-aligned in order to make the right"
                  text run at (583,40) width 131: "padding easier to see."
              RenderBlock {P} at (4,116) size 762x60 [bgcolor=#00FFFF]
                RenderText {#text} at (48,0) size 734x59
                  text run at (48,0) width 590: "This element should have a right padding of 25 pixels, which will require extra text in order to test. "
                  text run at (638,0) width 99: "Both the content"
                  text run at (3,20) width 342: "background and the padding should be aqua (light blue). "
                  text run at (345,20) width 392: "The text has been right-aligned in order to make the right padding"
                  text run at (658,40) width 79: "easier to see."
              RenderBlock {P} at (4,192) size 762x60 [bgcolor=#00FFFF]
                RenderText {#text} at (17,0) size 682x59
                  text run at (17,0) width 566: "This element should have a right padding of 5 em, which will require extra text in order to test. "
                  text run at (583,0) width 99: "Both the content"
                  text run at (0,20) width 342: "background and the padding should be aqua (light blue). "
                  text run at (342,20) width 340: "The text has been right-aligned in order to make the right"
                  text run at (551,40) width 131: "padding easier to see."
              RenderBlock {P} at (4,268) size 762x60 [bgcolor=#00FFFF]
                RenderText {#text} at (7,0) size 564x59
                  text run at (7,0) width 564: "This element should have a right padding of 25%, which is calculated with respect to the width"
                  text run at (34,20) width 134: "of the parent element. "
                  text run at (168,20) width 403: "Both the content background and the padding should be aqua (light"
                  text run at (58,40) width 38: "blue). "
                  text run at (96,40) width 475: "The text has been right-aligned in order to make the right padding easier to see."
              RenderBlock {UL} at (4,344) size 762x60 [bgcolor=#808080]
                RenderListItem {LI} at (40,0) size 697x20
                  RenderListMarker at (-18,0) size 7x19: bullet
                  RenderText {#text} at (6,0) size 691x19
                    text run at (6,0) width 691: "The right padding on this unordered list has been set to 25 pixels, which will require some extra text in order to test."
                RenderListItem {LI} at (40,20) size 697x40 [bgcolor=#FFFFFF]
                  RenderListMarker at (-18,0) size 7x19: bullet
                  RenderText {#text} at (52,0) size 620x39
                    text run at (52,0) width 620: "This list item has a right padding of 25 pixels, which will appear to the left of the gray padding of the UL"
                    text run at (622,20) width 50: "element."
              RenderBlock {P} at (4,420) size 762x60 [bgcolor=#00FFFF]
                RenderText {#text} at (21,0) size 761x59
                  text run at (21,0) width 540: "This element should have no right padding, since negative padding values are not allowed. "
                  text run at (561,0) width 201: "Both the content background and"
                  text run at (1,20) width 285: "the normal padding should be aqua (light blue). "
                  text run at (286,20) width 476: "The text has been right-aligned in order to make the lack of right padding easier"
                  text run at (722,40) width 40: "to see."
