layer at (0,0) size 800x1025
  RenderView at (0,0) size 800x600
layer at (0,0) size 800x1025
  RenderBlock {HTML} at (0,0) size 800x1025
    RenderBody {BODY} at (8,8) size 784x1009 [bgcolor=#CCCCCC]
      RenderBlock {P} at (0,0) size 784x20
        RenderText {#text} at (0,0) size 337x19
          text run at (0,0) width 337: "The style declarations which apply to the text below are:"
      RenderBlock {PRE} at (0,36) size 784x96
        RenderText {#text} at (0,0) size 416x96
          text run at (0,0) width 400: ".zero {background-color: silver; padding-left: 0;}"
          text run at (400,0) width 0: " "
          text run at (0,16) width 408: ".one {padding-left: 0.5in; background-color: aqua;}"
          text run at (408,16) width 0: " "
          text run at (0,32) width 400: ".two {padding-left: 25px; background-color: aqua;}"
          text run at (400,32) width 0: " "
          text run at (0,48) width 408: ".three {padding-left: 5em; background-color: aqua;}"
          text run at (408,48) width 0: " "
          text run at (0,64) width 400: ".four {padding-left: 25%; background-color: aqua;}"
          text run at (400,64) width 0: " "
          text run at (0,80) width 416: ".five {padding-left: -20px; background-color: aqua;}"
          text run at (416,80) width 0: " "
      RenderBlock {HR} at (0,145) size 784x2 [border: (1px inset #000000)]
      RenderBlock {P} at (0,163) size 784x20 [bgcolor=#C0C0C0]
        RenderText {#text} at (0,0) size 193x19
          text run at (0,0) width 193: "This element has a class of zero."
      RenderBlock {P} at (0,199) size 784x40 [bgcolor=#00FFFF]
        RenderText {#text} at (48,0) size 694x39
          text run at (48,0) width 595: "This element should have a left padding of half an inch, which will require extra text in order to test. "
          text run at (643,0) width 99: "Both the content"
          text run at (48,20) width 338: "background and the padding should be aqua (light blue)."
      RenderBlock {P} at (0,255) size 784x40 [bgcolor=#00FFFF]
        RenderText {#text} at (25,0) size 757x39
          text run at (25,0) width 582: "This element should have a left padding of 25 pixels, which will require extra text in order to test. "
          text run at (607,0) width 175: "Both the content background"
          text run at (25,20) width 262: "and the padding should be aqua (light blue)."
      RenderBlock {P} at (0,311) size 784x40 [bgcolor=#00FFFF]
        RenderText {#text} at (80,0) size 653x39
          text run at (80,0) width 554: "This element should have a left padding of 5em, which will require extra text in order to test. "
          text run at (634,0) width 99: "Both the content"
          text run at (80,20) width 338: "background and the padding should be aqua (light blue)."
      RenderBlock {P} at (0,367) size 784x40 [bgcolor=#00FFFF]
        RenderText {#text} at (196,0) size 572x39
          text run at (196,0) width 572: "This element should have a left padding of 25%, which is calculated with respect to the width of"
          text run at (196,20) width 118: "the parent element. "
          text run at (314,20) width 441: "Both the content background and the padding should be aqua (light blue)."
      RenderBlock {UL} at (0,423) size 784x60 [bgcolor=#808080]
        RenderListItem {LI} at (25,0) size 759x20
          RenderListMarker at (-18,0) size 7x19: bullet
          RenderText {#text} at (0,0) size 682x19
            text run at (0,0) width 682: "The left padding on this unordered list has been set to 25 pixels, which will require some extra test in order to test."
        RenderListItem {LI} at (25,20) size 759x40 [bgcolor=#FFFFFF]
          RenderListMarker at (-18,0) size 7x19: bullet
          RenderText {#text} at (25,0) size 729x39
            text run at (25,0) width 684: "Another list item might not be such a bad idea, either, considering that such things do need to be double-checked. "
            text run at (709,0) width 45: "This list"
            text run at (25,20) width 711: "item has its left padding also set to 25 pixels, which should combine with the list's padding to make 50 pixels of margin."
      RenderBlock {P} at (0,499) size 784x40 [bgcolor=#00FFFF]
        RenderText {#text} at (0,0) size 755x39
          text run at (0,0) width 532: "This element should have no left padding, since negative padding values are not allowed. "
          text run at (532,0) width 223: "Both the content background and the"
          text run at (0,20) width 259: "normal padding should be aqua (light blue)."
      RenderTable {TABLE} at (0,555) size 784x454 [border: (1px outset #808080)]
        RenderTableSection {TBODY} at (1,1) size 782x452
          RenderTableRow {TR} at (0,0) size 782x28
            RenderTableCell {TD} at (0,0) size 782x28 [bgcolor=#C0C0C0] [border: (1px inset #808080)] [r=0 c=0 rs=1 cs=2]
              RenderInline {STRONG} at (0,0) size 159x19
                RenderText {#text} at (4,4) size 159x19
                  text run at (4,4) width 159: "TABLE Testing Section"
          RenderTableRow {TR} at (0,28) size 782x424
            RenderTableCell {TD} at (0,226) size 12x28 [bgcolor=#C0C0C0] [border: (1px inset #808080)] [r=1 c=0 rs=1 cs=1]
              RenderText {#text} at (4,4) size 4x19
                text run at (4,4) width 4: " "
            RenderTableCell {TD} at (12,28) size 770x424 [border: (1px inset #808080)] [r=1 c=1 rs=1 cs=1]
              RenderBlock {P} at (4,4) size 762x20 [bgcolor=#C0C0C0]
                RenderText {#text} at (0,0) size 193x19
                  text run at (0,0) width 193: "This element has a class of zero."
              RenderBlock {P} at (4,40) size 762x40 [bgcolor=#00FFFF]
                RenderText {#text} at (48,0) size 694x39
                  text run at (48,0) width 595: "This element should have a left padding of half an inch, which will require extra text in order to test. "
                  text run at (643,0) width 99: "Both the content"
                  text run at (48,20) width 338: "background and the padding should be aqua (light blue)."
              RenderBlock {P} at (4,96) size 762x40 [bgcolor=#00FFFF]
                RenderText {#text} at (25,0) size 681x39
                  text run at (25,0) width 582: "This element should have a left padding of 25 pixels, which will require extra text in order to test. "
                  text run at (607,0) width 99: "Both the content"
                  text run at (25,20) width 338: "background and the padding should be aqua (light blue)."
              RenderBlock {P} at (4,152) size 762x40 [bgcolor=#00FFFF]
                RenderText {#text} at (80,0) size 653x39
                  text run at (80,0) width 554: "This element should have a left padding of 5em, which will require extra text in order to test. "
                  text run at (634,0) width 99: "Both the content"
                  text run at (80,20) width 338: "background and the padding should be aqua (light blue)."
              RenderBlock {P} at (4,208) size 762x60 [bgcolor=#00FFFF]
                RenderText {#text} at (191,0) size 556x59
                  text run at (191,0) width 556: "This element should have a left padding of 25%, which is calculated with respect to the width"
                  text run at (191,20) width 134: "of the parent element. "
                  text run at (325,20) width 403: "Both the content background and the padding should be aqua (light"
                  text run at (191,40) width 34: "blue)."
              RenderBlock {UL} at (4,284) size 762x80 [bgcolor=#808080]
                RenderListItem {LI} at (25,0) size 737x20
                  RenderListMarker at (-18,0) size 7x19: bullet
                  RenderText {#text} at (0,0) size 682x19
                    text run at (0,0) width 682: "The left padding on this unordered list has been set to 25 pixels, which will require some extra test in order to test."
                RenderListItem {LI} at (25,20) size 737x60 [bgcolor=#FFFFFF]
                  RenderListMarker at (-18,0) size 7x19: bullet
                  RenderText {#text} at (25,0) size 709x59
                    text run at (25,0) width 684: "Another list item might not be such a bad idea, either, considering that such things do need to be double-checked. "
                    text run at (709,0) width 25: "This"
                    text run at (25,20) width 683: "list item has its left padding also set to 25 pixels, which should combine with the list's padding to make 50 pixels of"
                    text run at (25,40) width 44: "margin."
              RenderBlock {P} at (4,380) size 762x40 [bgcolor=#00FFFF]
                RenderText {#text} at (0,0) size 755x39
                  text run at (0,0) width 532: "This element should have no left padding, since negative padding values are not allowed. "
                  text run at (532,0) width 223: "Both the content background and the"
                  text run at (0,20) width 259: "normal padding should be aqua (light blue)."
