layer at (0,0) size 800x1382
  RenderView at (0,0) size 800x600
layer at (0,0) size 800x1382
  RenderBlock {HTML} at (0,0) size 800x1382
    RenderBody {BODY} at (8,8) size 784x1366 [bgcolor=#CCCCCC]
      RenderBlock {P} at (0,0) size 784x20
        RenderText {#text} at (0,0) size 337x19
          text run at (0,0) width 337: "The style declarations which apply to the text below are:"
      RenderBlock {PRE} at (0,36) size 784x48
        RenderText {#text} at (0,0) size 152x48
          text run at (0,0) width 152: ".one {width: 50px;}"
          text run at (152,0) width 0: " "
          text run at (0,16) width 144: ".two {width: 50%;}"
          text run at (144,16) width 0: " "
          text run at (0,32) width 152: "TABLE {width: 50%;}"
          text run at (152,32) width 0: " "
      RenderBlock {HR} at (0,97) size 784x2 [border: (1px inset #000000)]
      RenderBlock (anonymous) at (0,107) size 784x50
        RenderImage {IMG} at (0,0) size 50x50
        RenderText {#text} at (0,0) size 0x0
      RenderBlock {P} at (0,173) size 784x20
        RenderText {#text} at (0,0) size 271x19
          text run at (0,0) width 271: "The square above should be fifty pixels wide."
      RenderBlock (anonymous) at (0,209) size 784x392
        RenderImage {IMG} at (0,0) size 392x392
        RenderText {#text} at (0,0) size 0x0
      RenderBlock {P} at (0,617) size 784x20
        RenderText {#text} at (0,0) size 641x19
          text run at (0,0) width 641: "The square above should be half as wide as the image's parent element (either the BODY or the table cell)."
      RenderBlock {P} at (0,653) size 392x100
        RenderText {#text} at (0,0) size 391x79
          text run at (0,0) width 361: "This paragraph should be half the width of its parent element"
          text run at (0,20) width 391: "(either the BODY or the table, which should itself be half as wide"
          text run at (0,40) width 146: "as the BODY element). "
          text run at (146,40) width 237: "This is extra text included to ensure that"
          text run at (0,60) width 164: "this will be a fair test of the "
        RenderInline {CODE} at (0,0) size 40x16
          RenderText {#text} at (164,63) size 40x16
            text run at (164,63) width 40: "width"
        RenderText {#text} at (204,60) size 384x39
          text run at (204,60) width 180: " property without the need for"
          text run at (0,80) width 228: "the user to resize the viewing window."
      RenderTable {TABLE} at (0,769) size 392x597 [border: (1px outset #808080)]
        RenderTableSection {TBODY} at (1,1) size 390x595
          RenderTableRow {TR} at (0,0) size 390x28
            RenderTableCell {TD} at (0,0) size 390x28 [bgcolor=#C0C0C0] [border: (1px inset #808080)] [r=0 c=0 rs=1 cs=2]
              RenderInline {STRONG} at (0,0) size 159x19
                RenderText {#text} at (4,4) size 159x19
                  text run at (4,4) width 159: "TABLE Testing Section"
          RenderTableRow {TR} at (0,28) size 390x567
            RenderTableCell {TD} at (0,297) size 12x28 [bgcolor=#C0C0C0] [border: (1px inset #808080)] [r=1 c=0 rs=1 cs=1]
              RenderText {#text} at (4,4) size 4x19
                text run at (4,4) width 4: " "
            RenderTableCell {TD} at (12,28) size 378x567 [border: (1px inset #808080)] [r=1 c=1 rs=1 cs=1]
              RenderBlock (anonymous) at (4,4) size 370x50
                RenderImage {IMG} at (0,0) size 50x50
                RenderText {#text} at (0,0) size 0x0
              RenderBlock {P} at (4,70) size 370x20
                RenderText {#text} at (0,0) size 271x19
                  text run at (0,0) width 271: "The square above should be fifty pixels wide."
              RenderBlock (anonymous) at (4,106) size 370x185
                RenderImage {IMG} at (0,0) size 185x185
                RenderText {#text} at (0,0) size 0x0
              RenderBlock {P} at (4,307) size 370x40
                RenderText {#text} at (0,0) size 332x39
                  text run at (0,0) width 332: "The square above should be half as wide as the image's"
                  text run at (0,20) width 305: "parent element (either the BODY or the table cell)."
              RenderBlock {P} at (4,363) size 185x200
                RenderText {#text} at (0,0) size 184x159
                  text run at (0,0) width 177: "This paragraph should be half"
                  text run at (0,20) width 180: "the width of its parent element"
                  text run at (0,40) width 184: "(either the BODY or the table,"
                  text run at (0,60) width 170: "which should itself be half as"
                  text run at (0,80) width 175: "wide as the BODY element)."
                  text run at (0,100) width 168: "This is extra text included to"
                  text run at (0,120) width 166: "ensure that this will be a fair"
                  text run at (0,140) width 63: "test of the "
                RenderInline {CODE} at (0,0) size 40x16
                  RenderText {#text} at (63,143) size 40x16
                    text run at (63,143) width 40: "width"
                RenderText {#text} at (103,140) size 177x59
                  text run at (103,140) width 56: " property"
                  text run at (0,160) width 171: "without the need for the user"
                  text run at (0,180) width 177: "to resize the viewing window."
