layer at (0,0) size 800x600
  RenderView at (0,0) size 800x600
layer at (0,0) size 800x600
  RenderBlock {HTML} at (0,0) size 800x600
    RenderBody {BODY} at (8,8) size 784x584
      RenderTable {TABLE} at (0,0) size 212x312 [border: (2px outset #808080)]
        RenderTableSection {TBODY} at (2,2) size 208x308
          RenderTableRow {TR} at (0,2) size 208x304
            RenderTableCell {TD} at (2,2) size 204x304 [border: (1px inset #808080)] [r=0 c=0 rs=1 cs=1]
layer at (14,14) size 200x300 clip at (14,14) size 185x300 scrollHeight 456
  RenderBlock {DIV} at (2,2) size 200x300
    RenderText {#text} at (0,0) size 137x19
      text run at (0,0) width 137: "Lots of overflow text."
    RenderBR {BR} at (137,15) size 0x0
    RenderText {#text} at (0,19) size 137x19
      text run at (0,19) width 137: "Lots of overflow text."
    RenderBR {BR} at (137,34) size 0x0
    RenderText {#text} at (0,38) size 137x19
      text run at (0,38) width 137: "Lots of overflow text."
    RenderBR {BR} at (137,53) size 0x0
    RenderText {#text} at (0,57) size 137x19
      text run at (0,57) width 137: "Lots of overflow text."
    RenderBR {BR} at (137,72) size 0x0
    RenderText {#text} at (0,76) size 137x19
      text run at (0,76) width 137: "Lots of overflow text."
    RenderBR {BR} at (137,91) size 0x0
    RenderText {#text} at (0,95) size 137x19
      text run at (0,95) width 137: "Lots of overflow text."
    RenderBR {BR} at (137,110) size 0x0
    RenderText {#text} at (0,114) size 137x19
      text run at (0,114) width 137: "Lots of overflow text."
    RenderBR {BR} at (137,129) size 0x0
    RenderText {#text} at (0,133) size 137x19
      text run at (0,133) width 137: "Lots of overflow text."
    RenderBR {BR} at (137,148) size 0x0
    RenderText {#text} at (0,152) size 137x19
      text run at (0,152) width 137: "Lots of overflow text."
    RenderBR {BR} at (137,167) size 0x0
    RenderText {#text} at (0,171) size 137x19
      text run at (0,171) width 137: "Lots of overflow text."
    RenderBR {BR} at (137,186) size 0x0
    RenderText {#text} at (0,190) size 137x19
      text run at (0,190) width 137: "Lots of overflow text."
    RenderBR {BR} at (137,205) size 0x0
    RenderText {#text} at (0,209) size 137x19
      text run at (0,209) width 137: "Lots of overflow text."
    RenderBR {BR} at (137,224) size 0x0
    RenderText {#text} at (0,228) size 137x19
      text run at (0,228) width 137: "Lots of overflow text."
    RenderBR {BR} at (137,243) size 0x0
    RenderText {#text} at (0,247) size 137x19
      text run at (0,247) width 137: "Lots of overflow text."
    RenderBR {BR} at (137,262) size 0x0
    RenderText {#text} at (0,266) size 137x19
      text run at (0,266) width 137: "Lots of overflow text."
    RenderBR {BR} at (137,281) size 0x0
    RenderText {#text} at (0,285) size 137x19
      text run at (0,285) width 137: "Lots of overflow text."
    RenderBR {BR} at (137,300) size 0x0
    RenderText {#text} at (0,304) size 137x19
      text run at (0,304) width 137: "Lots of overflow text."
    RenderBR {BR} at (137,319) size 0x0
    RenderText {#text} at (0,323) size 137x19
      text run at (0,323) width 137: "Lots of overflow text."
    RenderBR {BR} at (137,338) size 0x0
    RenderText {#text} at (0,342) size 137x19
      text run at (0,342) width 137: "Lots of overflow text."
    RenderBR {BR} at (137,357) size 0x0
    RenderText {#text} at (0,361) size 137x19
      text run at (0,361) width 137: "Lots of overflow text."
    RenderBR {BR} at (137,376) size 0x0
    RenderText {#text} at (0,380) size 137x19
      text run at (0,380) width 137: "Lots of overflow text."
    RenderBR {BR} at (137,395) size 0x0
    RenderText {#text} at (0,399) size 137x19
      text run at (0,399) width 137: "Lots of overflow text."
    RenderBR {BR} at (137,414) size 0x0
    RenderText {#text} at (0,418) size 137x19
      text run at (0,418) width 137: "Lots of overflow text."
    RenderBR {BR} at (137,433) size 0x0
    RenderText {#text} at (0,437) size 137x19
      text run at (0,437) width 137: "Lots of overflow text."
    RenderBR {BR} at (137,452) size 0x0
