layer at (0,0) size 785x1045
  RenderView at (0,0) size 785x585
layer at (0,0) size 785x585
  RenderBlock {HTML} at (0,0) size 785x585
    RenderBody {BODY} at (0,0) size 785x585
      RenderText {#text} at (0,0) size 420x19
        text run at (0,0) width 420: "ffffffffffffffffffffffffffffffffffffffffffffffffffffffffffffffffffffffffffffffffffff"
      RenderBR {BR} at (420,15) size 0x0
      RenderText {#text} at (0,19) size 420x19
        text run at (0,19) width 420: "ffffffffffffffffffffffffffffffffffffffffffffffffffffffffffffffffffffffffffffffffffff"
      RenderBR {BR} at (420,34) size 0x0
      RenderText {#text} at (0,38) size 420x19
        text run at (0,38) width 420: "ffffffffffffffffffffffffffffffffffffffffffffffffffffffffffffffffffffffffffffffffffff"
      RenderBR {BR} at (420,53) size 0x0
      RenderText {#text} at (0,57) size 420x19
        text run at (0,57) width 420: "ffffffffffffffffffffffffffffffffffffffffffffffffffffffffffffffffffffffffffffffffffff"
      RenderBR {BR} at (420,72) size 0x0
      RenderText {#text} at (0,76) size 420x19
        text run at (0,76) width 420: "ffffffffffffffffffffffffffffffffffffffffffffffffffffffffffffffffffffffffffffffffffff"
      RenderBR {BR} at (420,91) size 0x0
      RenderText {#text} at (0,95) size 420x19
        text run at (0,95) width 420: "ffffffffffffffffffffffffffffffffffffffffffffffffffffffffffffffffffffffffffffffffffff"
      RenderBR {BR} at (420,110) size 0x0
      RenderText {#text} at (0,114) size 420x19
        text run at (0,114) width 420: "ffffffffffffffffffffffffffffffffffffffffffffffffffffffffffffffffffffffffffffffffffff"
      RenderBR {BR} at (420,129) size 0x0
      RenderText {#text} at (0,133) size 420x19
        text run at (0,133) width 420: "ffffffffffffffffffffffffffffffffffffffffffffffffffffffffffffffffffffffffffffffffffff"
      RenderBR {BR} at (420,148) size 0x0
      RenderText {#text} at (0,152) size 420x19
        text run at (0,152) width 420: "ffffffffffffffffffffffffffffffffffffffffffffffffffffffffffffffffffffffffffffffffffff"
      RenderBR {BR} at (420,167) size 0x0
      RenderText {#text} at (0,171) size 420x19
        text run at (0,171) width 420: "ffffffffffffffffffffffffffffffffffffffffffffffffffffffffffffffffffffffffffffffffffff"
      RenderBR {BR} at (420,186) size 0x0
      RenderText {#text} at (0,190) size 420x19
        text run at (0,190) width 420: "ffffffffffffffffffffffffffffffffffffffffffffffffffffffffffffffffffffffffffffffffffff"
      RenderBR {BR} at (420,205) size 0x0
      RenderText {#text} at (0,209) size 420x19
        text run at (0,209) width 420: "ffffffffffffffffffffffffffffffffffffffffffffffffffffffffffffffffffffffffffffffffffff"
      RenderBR {BR} at (420,224) size 0x0
      RenderText {#text} at (0,228) size 420x19
        text run at (0,228) width 420: "ffffffffffffffffffffffffffffffffffffffffffffffffffffffffffffffffffffffffffffffffffff"
      RenderBR {BR} at (420,243) size 0x0
      RenderText {#text} at (0,247) size 420x19
        text run at (0,247) width 420: "ffffffffffffffffffffffffffffffffffffffffffffffffffffffffffffffffffffffffffffffffffff"
      RenderBR {BR} at (420,262) size 0x0
      RenderText {#text} at (0,266) size 420x19
        text run at (0,266) width 420: "ffffffffffffffffffffffffffffffffffffffffffffffffffffffffffffffffffffffffffffffffffff"
      RenderBR {BR} at (420,281) size 0x0
      RenderText {#text} at (0,285) size 420x19
        text run at (0,285) width 420: "ffffffffffffffffffffffffffffffffffffffffffffffffffffffffffffffffffffffffffffffffffff"
      RenderBR {BR} at (420,300) size 0x0
      RenderText {#text} at (0,304) size 420x19
        text run at (0,304) width 420: "ffffffffffffffffffffffffffffffffffffffffffffffffffffffffffffffffffffffffffffffffffff"
      RenderBR {BR} at (420,319) size 0x0
      RenderText {#text} at (0,323) size 420x19
        text run at (0,323) width 420: "ffffffffffffffffffffffffffffffffffffffffffffffffffffffffffffffffffffffffffffffffffff"
      RenderBR {BR} at (420,338) size 0x0
      RenderText {#text} at (0,342) size 420x19
        text run at (0,342) width 420: "ffffffffffffffffffffffffffffffffffffffffffffffffffffffffffffffffffffffffffffffffffff"
      RenderBR {BR} at (420,357) size 0x0
      RenderText {#text} at (0,361) size 420x19
        text run at (0,361) width 420: "ffffffffffffffffffffffffffffffffffffffffffffffffffffffffffffffffffffffffffffffffffff"
      RenderBR {BR} at (420,376) size 0x0
      RenderText {#text} at (0,380) size 420x19
        text run at (0,380) width 420: "ffffffffffffffffffffffffffffffffffffffffffffffffffffffffffffffffffffffffffffffffffff"
      RenderBR {BR} at (420,395) size 0x0
      RenderText {#text} at (0,399) size 420x19
        text run at (0,399) width 420: "ffffffffffffffffffffffffffffffffffffffffffffffffffffffffffffffffffffffffffffffffffff"
      RenderBR {BR} at (420,414) size 0x0
      RenderText {#text} at (0,418) size 420x19
        text run at (0,418) width 420: "ffffffffffffffffffffffffffffffffffffffffffffffffffffffffffffffffffffffffffffffffffff"
      RenderBR {BR} at (420,433) size 0x0
      RenderText {#text} at (0,437) size 420x19
        text run at (0,437) width 420: "ffffffffffffffffffffffffffffffffffffffffffffffffffffffffffffffffffffffffffffffffffff"
      RenderBR {BR} at (420,452) size 0x0
      RenderText {#text} at (0,456) size 420x19
        text run at (0,456) width 420: "ffffffffffffffffffffffffffffffffffffffffffffffffffffffffffffffffffffffffffffffffffff"
      RenderBR {BR} at (420,471) size 0x0
      RenderText {#text} at (0,475) size 420x19
        text run at (0,475) width 420: "ffffffffffffffffffffffffffffffffffffffffffffffffffffffffffffffffffffffffffffffffffff"
      RenderBR {BR} at (420,490) size 0x0
      RenderText {#text} at (0,494) size 420x19
        text run at (0,494) width 420: "ffffffffffffffffffffffffffffffffffffffffffffffffffffffffffffffffffffffffffffffffffff"
      RenderBR {BR} at (420,509) size 0x0
      RenderText {#text} at (0,513) size 420x19
        text run at (0,513) width 420: "ffffffffffffffffffffffffffffffffffffffffffffffffffffffffffffffffffffffffffffffffffff"
      RenderBR {BR} at (420,528) size 0x0
      RenderText {#text} at (0,532) size 420x19
        text run at (0,532) width 420: "ffffffffffffffffffffffffffffffffffffffffffffffffffffffffffffffffffffffffffffffffffff"
      RenderBR {BR} at (420,547) size 0x0
      RenderText {#text} at (0,551) size 420x19
        text run at (0,551) width 420: "ffffffffffffffffffffffffffffffffffffffffffffffffffffffffffffffffffffffffffffffffffff"
      RenderBR {BR} at (420,566) size 0x0
      RenderText {#text} at (0,570) size 420x19
        text run at (0,570) width 420: "ffffffffffffffffffffffffffffffffffffffffffffffffffffffffffffffffffffffffffffffffffff"
      RenderBR {BR} at (420,585) size 0x0
      RenderText {#text} at (0,589) size 420x19
        text run at (0,589) width 420: "ffffffffffffffffffffffffffffffffffffffffffffffffffffffffffffffffffffffffffffffffffff"
      RenderBR {BR} at (420,604) size 0x0
      RenderText {#text} at (0,608) size 420x19
        text run at (0,608) width 420: "ffffffffffffffffffffffffffffffffffffffffffffffffffffffffffffffffffffffffffffffffffff"
      RenderBR {BR} at (420,623) size 0x0
      RenderText {#text} at (0,627) size 420x19
        text run at (0,627) width 420: "ffffffffffffffffffffffffffffffffffffffffffffffffffffffffffffffffffffffffffffffffffff"
      RenderBR {BR} at (420,642) size 0x0
      RenderText {#text} at (0,646) size 420x19
        text run at (0,646) width 420: "ffffffffffffffffffffffffffffffffffffffffffffffffffffffffffffffffffffffffffffffffffff"
      RenderBR {BR} at (420,661) size 0x0
      RenderText {#text} at (0,665) size 420x19
        text run at (0,665) width 420: "ffffffffffffffffffffffffffffffffffffffffffffffffffffffffffffffffffffffffffffffffffff"
      RenderBR {BR} at (420,680) size 0x0
      RenderText {#text} at (0,684) size 420x19
        text run at (0,684) width 420: "ffffffffffffffffffffffffffffffffffffffffffffffffffffffffffffffffffffffffffffffffffff"
      RenderBR {BR} at (420,699) size 0x0
      RenderText {#text} at (0,703) size 420x19
        text run at (0,703) width 420: "ffffffffffffffffffffffffffffffffffffffffffffffffffffffffffffffffffffffffffffffffffff"
      RenderBR {BR} at (420,718) size 0x0
      RenderText {#text} at (0,722) size 420x19
        text run at (0,722) width 420: "ffffffffffffffffffffffffffffffffffffffffffffffffffffffffffffffffffffffffffffffffffff"
      RenderBR {BR} at (420,737) size 0x0
      RenderText {#text} at (0,741) size 420x19
        text run at (0,741) width 420: "ffffffffffffffffffffffffffffffffffffffffffffffffffffffffffffffffffffffffffffffffffff"
      RenderBR {BR} at (420,756) size 0x0
      RenderText {#text} at (0,760) size 420x19
        text run at (0,760) width 420: "ffffffffffffffffffffffffffffffffffffffffffffffffffffffffffffffffffffffffffffffffffff"
      RenderBR {BR} at (420,775) size 0x0
      RenderText {#text} at (0,779) size 420x19
        text run at (0,779) width 420: "ffffffffffffffffffffffffffffffffffffffffffffffffffffffffffffffffffffffffffffffffffff"
      RenderBR {BR} at (420,794) size 0x0
      RenderText {#text} at (0,798) size 420x19
        text run at (0,798) width 420: "ffffffffffffffffffffffffffffffffffffffffffffffffffffffffffffffffffffffffffffffffffff"
      RenderBR {BR} at (420,813) size 0x0
      RenderText {#text} at (0,817) size 420x19
        text run at (0,817) width 420: "ffffffffffffffffffffffffffffffffffffffffffffffffffffffffffffffffffffffffffffffffffff"
      RenderBR {BR} at (420,832) size 0x0
      RenderText {#text} at (0,836) size 420x19
        text run at (0,836) width 420: "ffffffffffffffffffffffffffffffffffffffffffffffffffffffffffffffffffffffffffffffffffff"
      RenderBR {BR} at (420,851) size 0x0
      RenderText {#text} at (0,855) size 420x19
        text run at (0,855) width 420: "ffffffffffffffffffffffffffffffffffffffffffffffffffffffffffffffffffffffffffffffffffff"
      RenderBR {BR} at (420,870) size 0x0
      RenderText {#text} at (0,874) size 420x19
        text run at (0,874) width 420: "ffffffffffffffffffffffffffffffffffffffffffffffffffffffffffffffffffffffffffffffffffff"
      RenderBR {BR} at (420,889) size 0x0
      RenderText {#text} at (0,893) size 420x19
        text run at (0,893) width 420: "ffffffffffffffffffffffffffffffffffffffffffffffffffffffffffffffffffffffffffffffffffff"
      RenderBR {BR} at (420,908) size 0x0
      RenderText {#text} at (0,912) size 420x19
        text run at (0,912) width 420: "ffffffffffffffffffffffffffffffffffffffffffffffffffffffffffffffffffffffffffffffffffff"
      RenderBR {BR} at (420,927) size 0x0
      RenderText {#text} at (0,931) size 420x19
        text run at (0,931) width 420: "ffffffffffffffffffffffffffffffffffffffffffffffffffffffffffffffffffffffffffffffffffff"
      RenderBR {BR} at (420,946) size 0x0
      RenderText {#text} at (0,950) size 420x19
        text run at (0,950) width 420: "ffffffffffffffffffffffffffffffffffffffffffffffffffffffffffffffffffffffffffffffffffff"
      RenderBR {BR} at (420,965) size 0x0
      RenderText {#text} at (0,969) size 420x19
        text run at (0,969) width 420: "ffffffffffffffffffffffffffffffffffffffffffffffffffffffffffffffffffffffffffffffffffff"
      RenderBR {BR} at (420,984) size 0x0
      RenderText {#text} at (0,988) size 420x19
        text run at (0,988) width 420: "ffffffffffffffffffffffffffffffffffffffffffffffffffffffffffffffffffffffffffffffffffff"
      RenderBR {BR} at (420,1003) size 0x0
      RenderText {#text} at (0,1007) size 420x19
        text run at (0,1007) width 420: "ffffffffffffffffffffffffffffffffffffffffffffffffffffffffffffffffffffffffffffffffffff"
      RenderBR {BR} at (420,1022) size 0x0
      RenderText {#text} at (0,1026) size 420x19
        text run at (0,1026) width 420: "ffffffffffffffffffffffffffffffffffffffffffffffffffffffffffffffffffffffffffffffffffff"
      RenderBR {BR} at (420,1041) size 0x0
