layer at (0,0) size 800x600
  RenderView at (0,0) size 800x600
layer at (0,0) size 800x8
  RenderBlock {HTML} at (0,0) size 800x8
    RenderBody {BODY} at (8,8) size 784x0
layer at (8,8) size 300x300 scrollHeight 760
  RenderBlock (positioned) {DIV} at (8,8) size 300x300
    RenderText {#text} at (0,0) size 299x760
      text run at (0,0) width 252: "Lorem ipsum dolor sit amet, consectetur"
      text run at (0,19) width 245: "adipisicing elit, sed do eiusmod tempor"
      text run at (0,38) width 293: "incididunt ut labore et dolore magna aliqua. Ut"
      text run at (0,57) width 229: "enim ad minim veniam, quis nostrud"
      text run at (0,76) width 299: "exercitation ullamco laboris nisi ut aliquip ex ea"
      text run at (0,95) width 284: "commodo consequat. Duis aute irure dolor in"
      text run at (0,114) width 265: "reprehenderit in voluptate velit esse cillum"
      text run at (0,133) width 284: "dolore eu fugiat nulla pariatur. Excepteur sint"
      text run at (0,152) width 287: "occaecat cupidatat non proident, sunt in culpa"
      text run at (0,171) width 293: "qui officia deserunt mollit anim id est laborum."
      text run at (0,190) width 252: "Lorem ipsum dolor sit amet, consectetur"
      text run at (0,209) width 245: "adipisicing elit, sed do eiusmod tempor"
      text run at (0,228) width 293: "incididunt ut labore et dolore magna aliqua. Ut"
      text run at (0,247) width 229: "enim ad minim veniam, quis nostrud"
      text run at (0,266) width 299: "exercitation ullamco laboris nisi ut aliquip ex ea"
      text run at (0,285) width 284: "commodo consequat. Duis aute irure dolor in"
      text run at (0,304) width 265: "reprehenderit in voluptate velit esse cillum"
      text run at (0,323) width 284: "dolore eu fugiat nulla pariatur. Excepteur sint"
      text run at (0,342) width 287: "occaecat cupidatat non proident, sunt in culpa"
      text run at (0,361) width 293: "qui officia deserunt mollit anim id est laborum."
      text run at (0,380) width 252: "Lorem ipsum dolor sit amet, consectetur"
      text run at (0,399) width 245: "adipisicing elit, sed do eiusmod tempor"
      text run at (0,418) width 293: "incididunt ut labore et dolore magna aliqua. Ut"
      text run at (0,437) width 229: "enim ad minim veniam, quis nostrud"
      text run at (0,456) width 299: "exercitation ullamco laboris nisi ut aliquip ex ea"
      text run at (0,475) width 284: "commodo consequat. Duis aute irure dolor in"
      text run at (0,494) width 265: "reprehenderit in voluptate velit esse cillum"
      text run at (0,513) width 284: "dolore eu fugiat nulla pariatur. Excepteur sint"
      text run at (0,532) width 287: "occaecat cupidatat non proident, sunt in culpa"
      text run at (0,551) width 233: "qui officia deserunt mollit anim id est"
      text run at (0,570) width 233: "laborum.Lorem ipsum dolor sit amet,"
      text run at (0,589) width 272: "consectetur adipisicing elit, sed do eiusmod"
      text run at (0,608) width 275: "tempor incididunt ut labore et dolore magna"
      text run at (0,627) width 295: "aliqua. Ut enim ad minim veniam, quis nostrud"
      text run at (0,646) width 299: "exercitation ullamco laboris nisi ut aliquip ex ea"
      text run at (0,665) width 284: "commodo consequat. Duis aute irure dolor in"
      text run at (0,684) width 265: "reprehenderit in voluptate velit esse cillum"
      text run at (0,703) width 284: "dolore eu fugiat nulla pariatur. Excepteur sint"
      text run at (0,722) width 287: "occaecat cupidatat non proident, sunt in culpa"
      text run at (0,741) width 293: "qui officia deserunt mollit anim id est laborum."
