layer at (0,0) size 785x604
  RenderView at (0,0) size 785x600
layer at (0,0) size 785x604
  RenderBlock {HTML} at (0,0) size 785x604
    RenderBody {BODY} at (8,8) size 769x588
      RenderBlock (anonymous) at (0,0) size 769x38
        RenderText {#text} at (0,0) size 739x38
          text run at (0,0) width 739: "Make sure that overflow:auto/hidden/scroll blocks interleave their background and foreground with other overlapping"
          text run at (0,19) width 165: "blocks in the normal flow."
      RenderBlock {DIV} at (0,288) size 300x300 [bgcolor=#FFFF00]
        RenderText {#text} at (0,0) size 174x109
          text run at (0,0) width 168: "This text"
          text run at (0,55) width 174: "overlaps."
layer at (8,46) size 300x300 clip at (8,46) size 285x300 scrollHeight 893
  RenderBlock {DIV} at (0,38) size 300x300 [bgcolor=#00FF00]
    RenderText {#text} at (0,0) size 76x19
      text run at (0,0) width 76: "Hello world"
    RenderBR {BR} at (76,15) size 0x0
    RenderText {#text} at (0,19) size 76x19
      text run at (0,19) width 76: "Hello world"
    RenderBR {BR} at (76,34) size 0x0
    RenderText {#text} at (0,38) size 76x19
      text run at (0,38) width 76: "Hello world"
    RenderBR {BR} at (76,53) size 0x0
    RenderText {#text} at (0,57) size 76x19
      text run at (0,57) width 76: "Hello world"
    RenderBR {BR} at (76,72) size 0x0
    RenderText {#text} at (0,76) size 76x19
      text run at (0,76) width 76: "Hello world"
    RenderBR {BR} at (76,91) size 0x0
    RenderText {#text} at (0,95) size 76x19
      text run at (0,95) width 76: "Hello world"
    RenderBR {BR} at (76,110) size 0x0
    RenderText {#text} at (0,114) size 76x19
      text run at (0,114) width 76: "Hello world"
    RenderBR {BR} at (76,129) size 0x0
    RenderText {#text} at (0,133) size 76x19
      text run at (0,133) width 76: "Hello world"
    RenderBR {BR} at (76,148) size 0x0
    RenderText {#text} at (0,152) size 76x19
      text run at (0,152) width 76: "Hello world"
    RenderBR {BR} at (76,167) size 0x0
    RenderText {#text} at (0,171) size 76x19
      text run at (0,171) width 76: "Hello world"
    RenderBR {BR} at (76,186) size 0x0
    RenderText {#text} at (0,190) size 76x19
      text run at (0,190) width 76: "Hello world"
    RenderBR {BR} at (76,205) size 0x0
    RenderText {#text} at (0,209) size 76x19
      text run at (0,209) width 76: "Hello world"
    RenderBR {BR} at (76,224) size 0x0
    RenderText {#text} at (0,228) size 76x19
      text run at (0,228) width 76: "Hello world"
    RenderBR {BR} at (76,243) size 0x0
    RenderText {#text} at (0,247) size 76x19
      text run at (0,247) width 76: "Hello world"
    RenderBR {BR} at (76,262) size 0x0
    RenderText {#text} at (0,266) size 76x19
      text run at (0,266) width 76: "Hello world"
    RenderBR {BR} at (76,281) size 0x0
    RenderText {#text} at (0,285) size 76x19
      text run at (0,285) width 76: "Hello world"
    RenderBR {BR} at (76,300) size 0x0
    RenderText {#text} at (0,304) size 76x19
      text run at (0,304) width 76: "Hello world"
    RenderBR {BR} at (76,319) size 0x0
    RenderText {#text} at (0,323) size 76x19
      text run at (0,323) width 76: "Hello world"
    RenderBR {BR} at (76,338) size 0x0
    RenderText {#text} at (0,342) size 76x19
      text run at (0,342) width 76: "Hello world"
    RenderBR {BR} at (76,357) size 0x0
    RenderText {#text} at (0,361) size 76x19
      text run at (0,361) width 76: "Hello world"
    RenderBR {BR} at (76,376) size 0x0
    RenderText {#text} at (0,380) size 76x19
      text run at (0,380) width 76: "Hello world"
    RenderBR {BR} at (76,395) size 0x0
    RenderText {#text} at (0,399) size 76x19
      text run at (0,399) width 76: "Hello world"
    RenderBR {BR} at (76,414) size 0x0
    RenderText {#text} at (0,418) size 76x19
      text run at (0,418) width 76: "Hello world"
    RenderBR {BR} at (76,433) size 0x0
    RenderText {#text} at (0,437) size 76x19
      text run at (0,437) width 76: "Hello world"
    RenderBR {BR} at (76,452) size 0x0
    RenderText {#text} at (0,456) size 76x19
      text run at (0,456) width 76: "Hello world"
    RenderBR {BR} at (76,471) size 0x0
    RenderText {#text} at (0,475) size 76x19
      text run at (0,475) width 76: "Hello world"
    RenderBR {BR} at (76,490) size 0x0
    RenderText {#text} at (0,494) size 76x19
      text run at (0,494) width 76: "Hello world"
    RenderBR {BR} at (76,509) size 0x0
    RenderText {#text} at (0,513) size 76x19
      text run at (0,513) width 76: "Hello world"
    RenderBR {BR} at (76,528) size 0x0
    RenderText {#text} at (0,532) size 76x19
      text run at (0,532) width 76: "Hello world"
    RenderBR {BR} at (76,547) size 0x0
    RenderText {#text} at (0,551) size 76x19
      text run at (0,551) width 76: "Hello world"
    RenderBR {BR} at (76,566) size 0x0
    RenderText {#text} at (0,570) size 76x19
      text run at (0,570) width 76: "Hello world"
    RenderBR {BR} at (76,585) size 0x0
    RenderText {#text} at (0,589) size 76x19
      text run at (0,589) width 76: "Hello world"
    RenderBR {BR} at (76,604) size 0x0
    RenderText {#text} at (0,608) size 76x19
      text run at (0,608) width 76: "Hello world"
    RenderBR {BR} at (76,623) size 0x0
    RenderText {#text} at (0,627) size 76x19
      text run at (0,627) width 76: "Hello world"
    RenderBR {BR} at (76,642) size 0x0
    RenderText {#text} at (0,646) size 76x19
      text run at (0,646) width 76: "Hello world"
    RenderBR {BR} at (76,661) size 0x0
    RenderText {#text} at (0,665) size 76x19
      text run at (0,665) width 76: "Hello world"
    RenderBR {BR} at (76,680) size 0x0
    RenderText {#text} at (0,684) size 76x19
      text run at (0,684) width 76: "Hello world"
    RenderBR {BR} at (76,699) size 0x0
    RenderText {#text} at (0,703) size 76x19
      text run at (0,703) width 76: "Hello world"
    RenderBR {BR} at (76,718) size 0x0
    RenderText {#text} at (0,722) size 76x19
      text run at (0,722) width 76: "Hello world"
    RenderBR {BR} at (76,737) size 0x0
    RenderText {#text} at (0,741) size 76x19
      text run at (0,741) width 76: "Hello world"
    RenderBR {BR} at (76,756) size 0x0
    RenderText {#text} at (0,760) size 76x19
      text run at (0,760) width 76: "Hello world"
    RenderBR {BR} at (76,775) size 0x0
    RenderText {#text} at (0,779) size 76x19
      text run at (0,779) width 76: "Hello world"
    RenderBR {BR} at (76,794) size 0x0
    RenderText {#text} at (0,798) size 76x19
      text run at (0,798) width 76: "Hello world"
    RenderBR {BR} at (76,813) size 0x0
    RenderText {#text} at (0,817) size 76x19
      text run at (0,817) width 76: "Hello world"
    RenderBR {BR} at (76,832) size 0x0
    RenderText {#text} at (0,836) size 76x19
      text run at (0,836) width 76: "Hello world"
    RenderBR {BR} at (76,851) size 0x0
    RenderText {#text} at (0,855) size 76x19
      text run at (0,855) width 76: "Hello world"
    RenderBR {BR} at (76,870) size 0x0
    RenderText {#text} at (0,874) size 76x19
      text run at (0,874) width 76: "Hello world"
    RenderBR {BR} at (76,889) size 0x0
