layer at (0,0) size 800x600
  RenderView at (0,0) size 800x600
layer at (0,0) size 800x600
  RenderBlock {HTML} at (0,0) size 800x600
    RenderBody {BODY} at (8,8) size 784x584
      RenderTable {TABLE} at (0,0) size 106x106
        RenderTableSection {TBODY} at (0,0) size 106x106
          RenderTableRow {TR} at (0,2) size 106x102
            RenderTableCell {TD} at (2,2) size 102x102 [bgcolor=#CCCCCC] [r=0 c=0 rs=1 cs=1]
      RenderBlock (anonymous) at (0,106) size 784x133
        RenderText {#text} at (0,0) size 764x38
          text run at (0,0) width 764: "Here it is: a gray, one-cell, no-width-specified table, with a 100x100 scrolling (overflow:auto) div inside. In this div, there"
          text run at (0,19) width 367: "are floating (float: left) span tags with content inside (text)."
        RenderBR {BR} at (367,34) size 0x0
        RenderBR {BR} at (0,38) size 0x19
        RenderText {#text} at (0,57) size 746x38
          text run at (0,57) width 746: "You would expect that the table would expand to fit the defined width of the div tag. But in Safari and Shiira, the table"
          text run at (0,76) width 195: "expands to fit the height of the "
        RenderInline {I} at (0,0) size 133x19
          RenderText {#text} at (195,76) size 133x19
            text run at (195,76) width 133: "content inside the div"
        RenderText {#text} at (328,76) size 777x38
          text run at (328,76) width 449: ", not the height of the div. This behavior does not occur if the content is"
          text run at (0,95) width 71: "not floated."
        RenderBR {BR} at (71,110) size 0x0
        RenderBR {BR} at (0,114) size 0x19
layer at (11,11) size 100x100 clip at (11,11) size 85x100 scrollHeight 228
  RenderBlock {DIV} at (1,1) size 100x100
    RenderBlock (floating) {SPAN} at (0,0) size 28x19
      RenderText {#text} at (0,0) size 28x19
        text run at (0,0) width 28: "stuff"
    RenderBlock (floating) {SPAN} at (28,0) size 28x19
      RenderText {#text} at (0,0) size 28x19
        text run at (0,0) width 28: "stuff"
    RenderBlock (floating) {SPAN} at (56,0) size 28x19
      RenderText {#text} at (0,0) size 28x19
        text run at (0,0) width 28: "stuff"
    RenderBlock (floating) {SPAN} at (0,19) size 28x19
      RenderText {#text} at (0,0) size 28x19
        text run at (0,0) width 28: "stuff"
    RenderBlock (floating) {SPAN} at (28,19) size 28x19
      RenderText {#text} at (0,0) size 28x19
        text run at (0,0) width 28: "stuff"
    RenderBlock (floating) {SPAN} at (56,19) size 28x19
      RenderText {#text} at (0,0) size 28x19
        text run at (0,0) width 28: "stuff"
    RenderBlock (floating) {SPAN} at (0,38) size 28x19
      RenderText {#text} at (0,0) size 28x19
        text run at (0,0) width 28: "stuff"
    RenderBlock (floating) {SPAN} at (28,38) size 28x19
      RenderText {#text} at (0,0) size 28x19
        text run at (0,0) width 28: "stuff"
    RenderBlock (floating) {SPAN} at (56,38) size 28x19
      RenderText {#text} at (0,0) size 28x19
        text run at (0,0) width 28: "stuff"
    RenderBlock (floating) {SPAN} at (0,57) size 28x19
      RenderText {#text} at (0,0) size 28x19
        text run at (0,0) width 28: "stuff"
    RenderBlock (floating) {SPAN} at (28,57) size 28x19
      RenderText {#text} at (0,0) size 28x19
        text run at (0,0) width 28: "stuff"
    RenderBlock (floating) {SPAN} at (56,57) size 28x19
      RenderText {#text} at (0,0) size 28x19
        text run at (0,0) width 28: "stuff"
    RenderBlock (floating) {SPAN} at (0,76) size 28x19
      RenderText {#text} at (0,0) size 28x19
        text run at (0,0) width 28: "stuff"
    RenderBlock (floating) {SPAN} at (28,76) size 28x19
      RenderText {#text} at (0,0) size 28x19
        text run at (0,0) width 28: "stuff"
    RenderBlock (floating) {SPAN} at (56,76) size 28x19
      RenderText {#text} at (0,0) size 28x19
        text run at (0,0) width 28: "stuff"
    RenderBlock (floating) {SPAN} at (0,95) size 28x19
      RenderText {#text} at (0,0) size 28x19
        text run at (0,0) width 28: "stuff"
    RenderBlock (floating) {SPAN} at (28,95) size 28x19
      RenderText {#text} at (0,0) size 28x19
        text run at (0,0) width 28: "stuff"
    RenderBlock (floating) {SPAN} at (56,95) size 28x19
      RenderText {#text} at (0,0) size 28x19
        text run at (0,0) width 28: "stuff"
    RenderBlock (floating) {SPAN} at (0,114) size 28x19
      RenderText {#text} at (0,0) size 28x19
        text run at (0,0) width 28: "stuff"
    RenderBlock (floating) {SPAN} at (28,114) size 28x19
      RenderText {#text} at (0,0) size 28x19
        text run at (0,0) width 28: "stuff"
    RenderBlock (floating) {SPAN} at (56,114) size 28x19
      RenderText {#text} at (0,0) size 28x19
        text run at (0,0) width 28: "stuff"
    RenderBlock (floating) {SPAN} at (0,133) size 28x19
      RenderText {#text} at (0,0) size 28x19
        text run at (0,0) width 28: "stuff"
    RenderBlock (floating) {SPAN} at (28,133) size 28x19
      RenderText {#text} at (0,0) size 28x19
        text run at (0,0) width 28: "stuff"
    RenderBlock (floating) {SPAN} at (56,133) size 28x19
      RenderText {#text} at (0,0) size 28x19
        text run at (0,0) width 28: "stuff"
    RenderBlock (floating) {SPAN} at (0,152) size 28x19
      RenderText {#text} at (0,0) size 28x19
        text run at (0,0) width 28: "stuff"
    RenderBlock (floating) {SPAN} at (28,152) size 28x19
      RenderText {#text} at (0,0) size 28x19
        text run at (0,0) width 28: "stuff"
    RenderBlock (floating) {SPAN} at (56,152) size 28x19
      RenderText {#text} at (0,0) size 28x19
        text run at (0,0) width 28: "stuff"
    RenderBlock (floating) {SPAN} at (0,171) size 28x19
      RenderText {#text} at (0,0) size 28x19
        text run at (0,0) width 28: "stuff"
    RenderBlock (floating) {SPAN} at (28,171) size 28x19
      RenderText {#text} at (0,0) size 28x19
        text run at (0,0) width 28: "stuff"
    RenderBlock (floating) {SPAN} at (56,171) size 28x19
      RenderText {#text} at (0,0) size 28x19
        text run at (0,0) width 28: "stuff"
    RenderBlock (floating) {SPAN} at (0,190) size 28x19
      RenderText {#text} at (0,0) size 28x19
        text run at (0,0) width 28: "stuff"
    RenderBlock (floating) {SPAN} at (28,190) size 28x19
      RenderText {#text} at (0,0) size 28x19
        text run at (0,0) width 28: "stuff"
    RenderBlock (floating) {SPAN} at (56,190) size 28x19
      RenderText {#text} at (0,0) size 28x19
        text run at (0,0) width 28: "stuff"
    RenderBlock (floating) {SPAN} at (0,209) size 28x19
      RenderText {#text} at (0,0) size 28x19
        text run at (0,0) width 28: "stuff"
