layer at (0,0) size 800x600
  RenderView at (0,0) size 800x600
layer at (0,0) size 800x136
  RenderBlock {HTML} at (0,0) size 800x136
    RenderBody {BODY} at (8,8) size 784x120
layer at (8,8) size 100x100
  RenderBlock {DIV} at (0,0) size 100x100 [bgcolor=#0000FF]
layer at (8,108) size 784x20
  RenderBlock {DIV} at (0,100) size 784x20
    RenderText {#text} at (0,0) size 602x19
      text run at (0,0) width 602: "PASS - \"webkitTransform\" property for \"box\" element at 1s saw something close to: 0,1,-1,0,0,100"
    RenderBR {BR} at (602,0) size 0x19
