layer at (0,0) size 785x2981
  RenderView at (0,0) size 785x600
layer at (0,0) size 785x2981
  RenderBlock {HTML} at (0,0) size 785x2981
    RenderBody {BODY} at (8,21) size 769x2944
      RenderBlock {H1} at (0,0) size 769x37
        RenderText {#text} at (0,0) size 272x37
          text run at (0,0) width 272: "Tables and captions"
      RenderBlock {P} at (0,58) size 769x18
        RenderText {#text} at (0,0) size 527x18
          text run at (0,0) width 423: "The table should have width 300px, as should the caption (entirely "
          text run at (423,0) width 104: "above the table):"
      RenderTable {TABLE} at (0,92) size 306x90 [border: (10px solid #008000)]
        RenderBlock {CAPTION} at (0,0) size 306x24 [border: (3px solid #800080)]
          RenderText {#text} at (92,3) size 122x18
            text run at (92,3) width 122: "The table's caption."
        RenderTableSection {TBODY} at (10,34) size 286x46
          RenderTableRow {TR} at (0,2) size 286x20
            RenderTableCell {TD} at (2,2) size 140x20 [r=0 c=0 rs=1 cs=1]
              RenderText {#text} at (1,1) size 30x18
                text run at (1,1) width 30: "Data"
            RenderTableCell {TD} at (144,2) size 140x20 [r=0 c=1 rs=1 cs=1]
              RenderText {#text} at (1,1) size 30x18
                text run at (1,1) width 30: "Data"
          RenderTableRow {TR} at (0,24) size 286x20
            RenderTableCell {TD} at (2,24) size 140x20 [r=1 c=0 rs=1 cs=1]
              RenderText {#text} at (1,1) size 30x18
                text run at (1,1) width 30: "Data"
            RenderTableCell {TD} at (144,24) size 140x20 [r=1 c=1 rs=1 cs=1]
              RenderText {#text} at (1,1) size 30x18
                text run at (1,1) width 30: "Data"
      RenderBlock {P} at (0,198) size 769x18
        RenderText {#text} at (0,0) size 495x18
          text run at (0,0) width 411: "The table should have width 300px, and the caption should have "
          text run at (411,0) width 84: "width 600px."
      RenderTable {TABLE} at (0,232) size 606x90 [border: (10px solid #008000)]
        RenderBlock {CAPTION} at (0,0) size 606x24 [border: (3px solid #800080)]
          RenderText {#text} at (242,3) size 122x18
            text run at (242,3) width 122: "The table's caption."
        RenderTableSection {TBODY} at (10,34) size 586x46
          RenderTableRow {TR} at (0,2) size 586x20
            RenderTableCell {TD} at (2,2) size 290x20 [r=0 c=0 rs=1 cs=1]
              RenderText {#text} at (1,1) size 30x18
                text run at (1,1) width 30: "Data"
            RenderTableCell {TD} at (294,2) size 290x20 [r=0 c=1 rs=1 cs=1]
              RenderText {#text} at (1,1) size 30x18
                text run at (1,1) width 30: "Data"
          RenderTableRow {TR} at (0,24) size 586x20
            RenderTableCell {TD} at (2,24) size 290x20 [r=1 c=0 rs=1 cs=1]
              RenderText {#text} at (1,1) size 30x18
                text run at (1,1) width 30: "Data"
            RenderTableCell {TD} at (294,24) size 290x20 [r=1 c=1 rs=1 cs=1]
              RenderText {#text} at (1,1) size 30x18
                text run at (1,1) width 30: "Data"
      RenderBlock {P} at (0,338) size 769x18
        RenderText {#text} at (0,0) size 495x18
          text run at (0,0) width 411: "The table should have width 600px, and the caption should have "
          text run at (411,0) width 84: "width 300px."
      RenderTable {TABLE} at (0,372) size 600x90 [border: (10px solid #008000)]
        RenderBlock {CAPTION} at (0,0) size 306x24 [border: (3px solid #800080)]
          RenderText {#text} at (92,3) size 122x18
            text run at (92,3) width 122: "The table's caption."
        RenderTableSection {TBODY} at (10,34) size 580x46
          RenderTableRow {TR} at (0,2) size 580x20
            RenderTableCell {TD} at (2,2) size 287x20 [r=0 c=0 rs=1 cs=1]
              RenderText {#text} at (1,1) size 30x18
                text run at (1,1) width 30: "Data"
            RenderTableCell {TD} at (291,2) size 287x20 [r=0 c=1 rs=1 cs=1]
              RenderText {#text} at (1,1) size 30x18
                text run at (1,1) width 30: "Data"
          RenderTableRow {TR} at (0,24) size 580x20
            RenderTableCell {TD} at (2,24) size 287x20 [r=1 c=0 rs=1 cs=1]
              RenderText {#text} at (1,1) size 30x18
                text run at (1,1) width 30: "Data"
            RenderTableCell {TD} at (291,24) size 287x20 [r=1 c=1 rs=1 cs=1]
              RenderText {#text} at (1,1) size 30x18
                text run at (1,1) width 30: "Data"
      RenderBlock {P} at (0,478) size 769x18
        RenderText {#text} at (0,0) size 683x18
          text run at (0,0) width 363: "The next four tables should have their caption on the top, "
          text run at (363,0) width 320: "with a 20px gap between the table and the caption."
      RenderTable {TABLE} at (0,516) size 90x126 [border: (10px solid #008000)]
        RenderBlock {CAPTION} at (0,0) size 70x60 [border: (3px solid #800080)]
          RenderText {#text} at (22,3) size 50x54
            text run at (22,3) width 26: "The"
            text run at (15,21) width 40: "table's"
            text run at (10,39) width 50: "caption."
        RenderTableSection {TBODY} at (10,70) size 70x46
          RenderTableRow {TR} at (0,2) size 70x20
            RenderTableCell {TD} at (2,2) size 32x20 [r=0 c=0 rs=1 cs=1]
              RenderText {#text} at (1,1) size 30x18
                text run at (1,1) width 30: "Data"
            RenderTableCell {TD} at (36,2) size 32x20 [r=0 c=1 rs=1 cs=1]
              RenderText {#text} at (1,1) size 30x18
                text run at (1,1) width 30: "Data"
          RenderTableRow {TR} at (0,24) size 70x20
            RenderTableCell {TD} at (2,24) size 32x20 [r=1 c=0 rs=1 cs=1]
              RenderText {#text} at (1,1) size 30x18
                text run at (1,1) width 30: "Data"
            RenderTableCell {TD} at (36,24) size 32x20 [r=1 c=1 rs=1 cs=1]
              RenderText {#text} at (1,1) size 30x18
                text run at (1,1) width 30: "Data"
      RenderTable {TABLE} at (0,642) size 90x146 [border: (10px solid #008000)]
        RenderBlock {CAPTION} at (0,0) size 70x60 [border: (3px solid #800080)]
          RenderText {#text} at (22,3) size 50x54
            text run at (22,3) width 26: "The"
            text run at (15,21) width 40: "table's"
            text run at (10,39) width 50: "caption."
        RenderTableSection {TBODY} at (10,90) size 70x46
          RenderTableRow {TR} at (0,2) size 70x20
            RenderTableCell {TD} at (2,2) size 32x20 [r=0 c=0 rs=1 cs=1]
              RenderText {#text} at (1,1) size 30x18
                text run at (1,1) width 30: "Data"
            RenderTableCell {TD} at (36,2) size 32x20 [r=0 c=1 rs=1 cs=1]
              RenderText {#text} at (1,1) size 30x18
                text run at (1,1) width 30: "Data"
          RenderTableRow {TR} at (0,24) size 70x20
            RenderTableCell {TD} at (2,24) size 32x20 [r=1 c=0 rs=1 cs=1]
              RenderText {#text} at (1,1) size 30x18
                text run at (1,1) width 30: "Data"
            RenderTableCell {TD} at (36,24) size 32x20 [r=1 c=1 rs=1 cs=1]
              RenderText {#text} at (1,1) size 30x18
                text run at (1,1) width 30: "Data"
      RenderTable {TABLE} at (0,803) size 90x146 [border: (10px solid #008000)]
        RenderBlock {CAPTION} at (0,0) size 70x60 [border: (3px solid #800080)]
          RenderText {#text} at (22,3) size 50x54
            text run at (22,3) width 26: "The"
            text run at (15,21) width 40: "table's"
            text run at (10,39) width 50: "caption."
        RenderTableSection {TBODY} at (10,90) size 70x46
          RenderTableRow {TR} at (0,2) size 70x20
            RenderTableCell {TD} at (2,2) size 32x20 [r=0 c=0 rs=1 cs=1]
              RenderText {#text} at (1,1) size 30x18
                text run at (1,1) width 30: "Data"
            RenderTableCell {TD} at (36,2) size 32x20 [r=0 c=1 rs=1 cs=1]
              RenderText {#text} at (1,1) size 30x18
                text run at (1,1) width 30: "Data"
          RenderTableRow {TR} at (0,24) size 70x20
            RenderTableCell {TD} at (2,24) size 32x20 [r=1 c=0 rs=1 cs=1]
              RenderText {#text} at (1,1) size 30x18
                text run at (1,1) width 30: "Data"
            RenderTableCell {TD} at (36,24) size 32x20 [r=1 c=1 rs=1 cs=1]
              RenderText {#text} at (1,1) size 30x18
                text run at (1,1) width 30: "Data"
      RenderTable {TABLE} at (0,969) size 90x141 [border: (10px solid #008000)]
        RenderBlock {CAPTION} at (0,0) size 70x60 [border: (3px solid #800080)]
          RenderText {#text} at (22,3) size 50x54
            text run at (22,3) width 26: "The"
            text run at (15,21) width 40: "table's"
            text run at (10,39) width 50: "caption."
        RenderTableSection {TBODY} at (10,85) size 70x46
          RenderTableRow {TR} at (0,2) size 70x20
            RenderTableCell {TD} at (2,2) size 32x20 [r=0 c=0 rs=1 cs=1]
              RenderText {#text} at (1,1) size 30x18
                text run at (1,1) width 30: "Data"
            RenderTableCell {TD} at (36,2) size 32x20 [r=0 c=1 rs=1 cs=1]
              RenderText {#text} at (1,1) size 30x18
                text run at (1,1) width 30: "Data"
          RenderTableRow {TR} at (0,24) size 70x20
            RenderTableCell {TD} at (2,24) size 32x20 [r=1 c=0 rs=1 cs=1]
              RenderText {#text} at (1,1) size 30x18
                text run at (1,1) width 30: "Data"
            RenderTableCell {TD} at (36,24) size 32x20 [r=1 c=1 rs=1 cs=1]
              RenderText {#text} at (1,1) size 30x18
                text run at (1,1) width 30: "Data"
      RenderBlock {P} at (0,1126) size 769x18
        RenderText {#text} at (0,0) size 692x18
          text run at (0,0) width 372: "The next four tables should have their caption on the right, "
          text run at (372,0) width 320: "with a 20px gap between the table and the caption."
      RenderTable {TABLE} at (0,1160) size 90x126 [border: (10px solid #008000)]
        RenderBlock {CAPTION} at (0,0) size 70x60 [border: (3px solid #800080)]
          RenderText {#text} at (22,3) size 50x54
            text run at (22,3) width 26: "The"
            text run at (15,21) width 40: "table's"
            text run at (10,39) width 50: "caption."
        RenderTableSection {TBODY} at (10,70) size 70x46
          RenderTableRow {TR} at (0,2) size 70x20
            RenderTableCell {TD} at (2,2) size 32x20 [r=0 c=0 rs=1 cs=1]
              RenderText {#text} at (1,1) size 30x18
                text run at (1,1) width 30: "Data"
            RenderTableCell {TD} at (36,2) size 32x20 [r=0 c=1 rs=1 cs=1]
              RenderText {#text} at (1,1) size 30x18
                text run at (1,1) width 30: "Data"
          RenderTableRow {TR} at (0,24) size 70x20
            RenderTableCell {TD} at (2,24) size 32x20 [r=1 c=0 rs=1 cs=1]
              RenderText {#text} at (1,1) size 30x18
                text run at (1,1) width 30: "Data"
            RenderTableCell {TD} at (36,24) size 32x20 [r=1 c=1 rs=1 cs=1]
              RenderText {#text} at (1,1) size 30x18
                text run at (1,1) width 30: "Data"
      RenderTable {TABLE} at (0,1286) size 90x126 [border: (10px solid #008000)]
        RenderBlock {CAPTION} at (20,0) size 50x60 [border: (3px solid #800080)]
          RenderText {#text} at (12,3) size 50x54
            text run at (12,3) width 26: "The"
            text run at (5,21) width 40: "table's"
            text run at (3,39) width 50: "caption."
        RenderTableSection {TBODY} at (10,70) size 70x46
          RenderTableRow {TR} at (0,2) size 70x20
            RenderTableCell {TD} at (2,2) size 32x20 [r=0 c=0 rs=1 cs=1]
              RenderText {#text} at (1,1) size 30x18
                text run at (1,1) width 30: "Data"
            RenderTableCell {TD} at (36,2) size 32x20 [r=0 c=1 rs=1 cs=1]
              RenderText {#text} at (1,1) size 30x18
                text run at (1,1) width 30: "Data"
          RenderTableRow {TR} at (0,24) size 70x20
            RenderTableCell {TD} at (2,24) size 32x20 [r=1 c=0 rs=1 cs=1]
              RenderText {#text} at (1,1) size 30x18
                text run at (1,1) width 30: "Data"
            RenderTableCell {TD} at (36,24) size 32x20 [r=1 c=1 rs=1 cs=1]
              RenderText {#text} at (1,1) size 30x18
                text run at (1,1) width 30: "Data"
      RenderTable {TABLE} at (0,1412) size 90x126 [border: (10px solid #008000)]
        RenderBlock {CAPTION} at (20,0) size 50x60 [border: (3px solid #800080)]
          RenderText {#text} at (12,3) size 50x54
            text run at (12,3) width 26: "The"
            text run at (5,21) width 40: "table's"
            text run at (3,39) width 50: "caption."
        RenderTableSection {TBODY} at (10,70) size 70x46
          RenderTableRow {TR} at (0,2) size 70x20
            RenderTableCell {TD} at (2,2) size 32x20 [r=0 c=0 rs=1 cs=1]
              RenderText {#text} at (1,1) size 30x18
                text run at (1,1) width 30: "Data"
            RenderTableCell {TD} at (36,2) size 32x20 [r=0 c=1 rs=1 cs=1]
              RenderText {#text} at (1,1) size 30x18
                text run at (1,1) width 30: "Data"
          RenderTableRow {TR} at (0,24) size 70x20
            RenderTableCell {TD} at (2,24) size 32x20 [r=1 c=0 rs=1 cs=1]
              RenderText {#text} at (1,1) size 30x18
                text run at (1,1) width 30: "Data"
            RenderTableCell {TD} at (36,24) size 32x20 [r=1 c=1 rs=1 cs=1]
              RenderText {#text} at (1,1) size 30x18
                text run at (1,1) width 30: "Data"
      RenderTable {TABLE} at (0,1538) size 90x126 [border: (10px solid #008000)]
        RenderBlock {CAPTION} at (15,0) size 55x60 [border: (3px solid #800080)]
          RenderText {#text} at (15,3) size 50x54
            text run at (15,3) width 25: "The"
            text run at (8,21) width 39: "table's"
            text run at (3,39) width 50: "caption."
        RenderTableSection {TBODY} at (10,70) size 70x46
          RenderTableRow {TR} at (0,2) size 70x20
            RenderTableCell {TD} at (2,2) size 32x20 [r=0 c=0 rs=1 cs=1]
              RenderText {#text} at (1,1) size 30x18
                text run at (1,1) width 30: "Data"
            RenderTableCell {TD} at (36,2) size 32x20 [r=0 c=1 rs=1 cs=1]
              RenderText {#text} at (1,1) size 30x18
                text run at (1,1) width 30: "Data"
          RenderTableRow {TR} at (0,24) size 70x20
            RenderTableCell {TD} at (2,24) size 32x20 [r=1 c=0 rs=1 cs=1]
              RenderText {#text} at (1,1) size 30x18
                text run at (1,1) width 30: "Data"
            RenderTableCell {TD} at (36,24) size 32x20 [r=1 c=1 rs=1 cs=1]
              RenderText {#text} at (1,1) size 30x18
                text run at (1,1) width 30: "Data"
      RenderBlock {P} at (0,1680) size 769x18
        RenderText {#text} at (0,0) size 707x18
          text run at (0,0) width 387: "The next four tables should have their caption on the bottom, "
          text run at (387,0) width 320: "with a 20px gap between the table and the caption."
      RenderTable {TABLE} at (0,1714) size 90x126 [border: (10px solid #008000)]
        RenderBlock {CAPTION} at (0,66) size 70x60 [border: (3px solid #800080)]
          RenderText {#text} at (22,3) size 50x54
            text run at (22,3) width 26: "The"
            text run at (15,21) width 40: "table's"
            text run at (10,39) width 50: "caption."
        RenderTableSection {TBODY} at (10,10) size 70x46
          RenderTableRow {TR} at (0,2) size 70x20
            RenderTableCell {TD} at (2,2) size 32x20 [r=0 c=0 rs=1 cs=1]
              RenderText {#text} at (1,1) size 30x18
                text run at (1,1) width 30: "Data"
            RenderTableCell {TD} at (36,2) size 32x20 [r=0 c=1 rs=1 cs=1]
              RenderText {#text} at (1,1) size 30x18
                text run at (1,1) width 30: "Data"
          RenderTableRow {TR} at (0,24) size 70x20
            RenderTableCell {TD} at (2,24) size 32x20 [r=1 c=0 rs=1 cs=1]
              RenderText {#text} at (1,1) size 30x18
                text run at (1,1) width 30: "Data"
            RenderTableCell {TD} at (36,24) size 32x20 [r=1 c=1 rs=1 cs=1]
              RenderText {#text} at (1,1) size 30x18
                text run at (1,1) width 30: "Data"
      RenderTable {TABLE} at (0,1860) size 90x146 [border: (10px solid #008000)]
        RenderBlock {CAPTION} at (0,86) size 70x60 [border: (3px solid #800080)]
          RenderText {#text} at (22,3) size 50x54
            text run at (22,3) width 26: "The"
            text run at (15,21) width 40: "table's"
            text run at (10,39) width 50: "caption."
        RenderTableSection {TBODY} at (10,10) size 70x46
          RenderTableRow {TR} at (0,2) size 70x20
            RenderTableCell {TD} at (2,2) size 32x20 [r=0 c=0 rs=1 cs=1]
              RenderText {#text} at (1,1) size 30x18
                text run at (1,1) width 30: "Data"
            RenderTableCell {TD} at (36,2) size 32x20 [r=0 c=1 rs=1 cs=1]
              RenderText {#text} at (1,1) size 30x18
                text run at (1,1) width 30: "Data"
          RenderTableRow {TR} at (0,24) size 70x20
            RenderTableCell {TD} at (2,24) size 32x20 [r=1 c=0 rs=1 cs=1]
              RenderText {#text} at (1,1) size 30x18
                text run at (1,1) width 30: "Data"
            RenderTableCell {TD} at (36,24) size 32x20 [r=1 c=1 rs=1 cs=1]
              RenderText {#text} at (1,1) size 30x18
                text run at (1,1) width 30: "Data"
      RenderTable {TABLE} at (0,2006) size 90x146 [border: (10px solid #008000)]
        RenderBlock {CAPTION} at (0,86) size 70x60 [border: (3px solid #800080)]
          RenderText {#text} at (22,3) size 50x54
            text run at (22,3) width 26: "The"
            text run at (15,21) width 40: "table's"
            text run at (10,39) width 50: "caption."
        RenderTableSection {TBODY} at (10,10) size 70x46
          RenderTableRow {TR} at (0,2) size 70x20
            RenderTableCell {TD} at (2,2) size 32x20 [r=0 c=0 rs=1 cs=1]
              RenderText {#text} at (1,1) size 30x18
                text run at (1,1) width 30: "Data"
            RenderTableCell {TD} at (36,2) size 32x20 [r=0 c=1 rs=1 cs=1]
              RenderText {#text} at (1,1) size 30x18
                text run at (1,1) width 30: "Data"
          RenderTableRow {TR} at (0,24) size 70x20
            RenderTableCell {TD} at (2,24) size 32x20 [r=1 c=0 rs=1 cs=1]
              RenderText {#text} at (1,1) size 30x18
                text run at (1,1) width 30: "Data"
            RenderTableCell {TD} at (36,24) size 32x20 [r=1 c=1 rs=1 cs=1]
              RenderText {#text} at (1,1) size 30x18
                text run at (1,1) width 30: "Data"
      RenderTable {TABLE} at (0,2167) size 90x141 [border: (10px solid #008000)]
        RenderBlock {CAPTION} at (0,81) size 70x60 [border: (3px solid #800080)]
          RenderText {#text} at (22,3) size 50x54
            text run at (22,3) width 26: "The"
            text run at (15,21) width 40: "table's"
            text run at (10,39) width 50: "caption."
        RenderTableSection {TBODY} at (10,10) size 70x46
          RenderTableRow {TR} at (0,2) size 70x20
            RenderTableCell {TD} at (2,2) size 32x20 [r=0 c=0 rs=1 cs=1]
              RenderText {#text} at (1,1) size 30x18
                text run at (1,1) width 30: "Data"
            RenderTableCell {TD} at (36,2) size 32x20 [r=0 c=1 rs=1 cs=1]
              RenderText {#text} at (1,1) size 30x18
                text run at (1,1) width 30: "Data"
          RenderTableRow {TR} at (0,24) size 70x20
            RenderTableCell {TD} at (2,24) size 32x20 [r=1 c=0 rs=1 cs=1]
              RenderText {#text} at (1,1) size 30x18
                text run at (1,1) width 30: "Data"
            RenderTableCell {TD} at (36,24) size 32x20 [r=1 c=1 rs=1 cs=1]
              RenderText {#text} at (1,1) size 30x18
                text run at (1,1) width 30: "Data"
      RenderBlock {P} at (0,2328) size 769x18
        RenderText {#text} at (0,0) size 683x18
          text run at (0,0) width 363: "The next four tables should have their caption on the left, "
          text run at (363,0) width 320: "with a 20px gap between the table and the caption."
      RenderTable {TABLE} at (20,2362) size 90x126 [border: (10px solid #008000)]
        RenderBlock {CAPTION} at (0,0) size 70x60 [border: (3px solid #800080)]
          RenderText {#text} at (22,3) size 50x54
            text run at (22,3) width 26: "The"
            text run at (15,21) width 40: "table's"
            text run at (10,39) width 50: "caption."
        RenderTableSection {TBODY} at (10,70) size 70x46
          RenderTableRow {TR} at (0,2) size 70x20
            RenderTableCell {TD} at (2,2) size 32x20 [r=0 c=0 rs=1 cs=1]
              RenderText {#text} at (1,1) size 30x18
                text run at (1,1) width 30: "Data"
            RenderTableCell {TD} at (36,2) size 32x20 [r=0 c=1 rs=1 cs=1]
              RenderText {#text} at (1,1) size 30x18
                text run at (1,1) width 30: "Data"
          RenderTableRow {TR} at (0,24) size 70x20
            RenderTableCell {TD} at (2,24) size 32x20 [r=1 c=0 rs=1 cs=1]
              RenderText {#text} at (1,1) size 30x18
                text run at (1,1) width 30: "Data"
            RenderTableCell {TD} at (36,24) size 32x20 [r=1 c=1 rs=1 cs=1]
              RenderText {#text} at (1,1) size 30x18
                text run at (1,1) width 30: "Data"
      RenderTable {TABLE} at (0,2488) size 90x126 [border: (10px solid #008000)]
        RenderBlock {CAPTION} at (0,0) size 50x60 [border: (3px solid #800080)]
          RenderText {#text} at (12,3) size 50x54
            text run at (12,3) width 26: "The"
            text run at (5,21) width 40: "table's"
            text run at (3,39) width 50: "caption."
        RenderTableSection {TBODY} at (10,70) size 70x46
          RenderTableRow {TR} at (0,2) size 70x20
            RenderTableCell {TD} at (2,2) size 32x20 [r=0 c=0 rs=1 cs=1]
              RenderText {#text} at (1,1) size 30x18
                text run at (1,1) width 30: "Data"
            RenderTableCell {TD} at (36,2) size 32x20 [r=0 c=1 rs=1 cs=1]
              RenderText {#text} at (1,1) size 30x18
                text run at (1,1) width 30: "Data"
          RenderTableRow {TR} at (0,24) size 70x20
            RenderTableCell {TD} at (2,24) size 32x20 [r=1 c=0 rs=1 cs=1]
              RenderText {#text} at (1,1) size 30x18
                text run at (1,1) width 30: "Data"
            RenderTableCell {TD} at (36,24) size 32x20 [r=1 c=1 rs=1 cs=1]
              RenderText {#text} at (1,1) size 30x18
                text run at (1,1) width 30: "Data"
      RenderTable {TABLE} at (15,2614) size 90x126 [border: (10px solid #008000)]
        RenderBlock {CAPTION} at (0,0) size 50x60 [border: (3px solid #800080)]
          RenderText {#text} at (12,3) size 50x54
            text run at (12,3) width 26: "The"
            text run at (5,21) width 40: "table's"
            text run at (3,39) width 50: "caption."
        RenderTableSection {TBODY} at (10,70) size 70x46
          RenderTableRow {TR} at (0,2) size 70x20
            RenderTableCell {TD} at (2,2) size 32x20 [r=0 c=0 rs=1 cs=1]
              RenderText {#text} at (1,1) size 30x18
                text run at (1,1) width 30: "Data"
            RenderTableCell {TD} at (36,2) size 32x20 [r=0 c=1 rs=1 cs=1]
              RenderText {#text} at (1,1) size 30x18
                text run at (1,1) width 30: "Data"
          RenderTableRow {TR} at (0,24) size 70x20
            RenderTableCell {TD} at (2,24) size 32x20 [r=1 c=0 rs=1 cs=1]
              RenderText {#text} at (1,1) size 30x18
                text run at (1,1) width 30: "Data"
            RenderTableCell {TD} at (36,24) size 32x20 [r=1 c=1 rs=1 cs=1]
              RenderText {#text} at (1,1) size 30x18
                text run at (1,1) width 30: "Data"
      RenderTable {TABLE} at (20,2740) size 90x126 [border: (10px solid #008000)]
        RenderBlock {CAPTION} at (0,0) size 55x60 [border: (3px solid #800080)]
          RenderText {#text} at (15,3) size 50x54
            text run at (15,3) width 25: "The"
            text run at (8,21) width 39: "table's"
            text run at (3,39) width 50: "caption."
        RenderTableSection {TBODY} at (10,70) size 70x46
          RenderTableRow {TR} at (0,2) size 70x20
            RenderTableCell {TD} at (2,2) size 32x20 [r=0 c=0 rs=1 cs=1]
              RenderText {#text} at (1,1) size 30x18
                text run at (1,1) width 30: "Data"
            RenderTableCell {TD} at (36,2) size 32x20 [r=0 c=1 rs=1 cs=1]
              RenderText {#text} at (1,1) size 30x18
                text run at (1,1) width 30: "Data"
          RenderTableRow {TR} at (0,24) size 70x20
            RenderTableCell {TD} at (2,24) size 32x20 [r=1 c=0 rs=1 cs=1]
              RenderText {#text} at (1,1) size 30x18
                text run at (1,1) width 30: "Data"
            RenderTableCell {TD} at (36,24) size 32x20 [r=1 c=1 rs=1 cs=1]
              RenderText {#text} at (1,1) size 30x18
                text run at (1,1) width 30: "Data"
      RenderBlock {HR} at (0,2874) size 769x2 [border: (1px inset #000000)]
      RenderBlock {P} at (0,2892) size 769x18
        RenderText {#text} at (0,0) size 58x18
          text run at (0,0) width 58: "(Back to "
        RenderInline {A} at (0,0) size 158x18 [color=#0000EE]
          RenderText {#text} at (58,0) size 158x18
            text run at (58,0) width 158: "CSS Testing Information"
        RenderText {#text} at (216,0) size 8x18
          text run at (216,0) width 8: ", "
        RenderInline {A} at (0,0) size 82x18 [color=#0000EE]
          RenderText {#text} at (224,0) size 82x18
            text run at (224,0) width 82: "David Baron"
        RenderText {#text} at (306,0) size 5x18
          text run at (306,0) width 5: ")"
      RenderBlock {P} at (0,2926) size 769x18
        RenderInline {A} at (0,0) size 33x18 [color=#0000EE]
          RenderText {#text} at (0,0) size 33x18
            text run at (0,0) width 33: "LDB"
        RenderText {#text} at (33,0) size 8x18
          text run at (33,0) width 8: ", "
        RenderInline {A} at (0,0) size 156x18 [color=#0000EE]
          RenderText {#text} at (41,0) size 156x18
            text run at (41,0) width 156: "dbaron@fas.harvard.edu"
