layer at (0,0) size 800x600
  RenderView at (0,0) size 800x600
layer at (0,0) size 800x220
  RenderBlock {test} at (0,0) size 800x220
    RenderBlock {p} at (0,16) size 800x18 [color=#008000]
      RenderText {#text} at (0,0) size 166x17
        text run at (0,0) width 166: "This text should be green."
    RenderBlock {p} at (0,50) size 800x18 [color=#008000]
      RenderText {#text} at (0,0) size 166x17
        text run at (0,0) width 166: "This text should be green."
    RenderBlock {p} at (0,84) size 800x18 [color=#008000]
      RenderText {#text} at (0,0) size 166x17
        text run at (0,0) width 166: "This text should be green."
    RenderBlock {p} at (0,118) size 800x18 [color=#008000]
      RenderText {#text} at (0,0) size 166x17
        text run at (0,0) width 166: "This text should be green."
    RenderBlock {p} at (0,152) size 800x18 [color=#008000]
      RenderText {#text} at (0,0) size 166x17
        text run at (0,0) width 166: "This text should be green."
    RenderBlock {p} at (0,186) size 800x18 [color=#008000]
      RenderText {#text} at (0,0) size 166x17
        text run at (0,0) width 166: "This text should be green."
