layer at (0,0) size 800x600
  RenderView at (0,0) size 800x600
layer at (0,0) size 800x51
  RenderBlock {test} at (0,0) size 800x51
    RenderBlock {p} at (0,16) size 800x19
      RenderText {#text} at (0,0) size 283x19
        text run at (0,0) width 283: "When you select this text, it shouldn't go red."
