layer at (0,0) size 800x600
  RenderView at (0,0) size 800x600
layer at (0,0) size 800x146
  RenderBlock {test} at (0,0) size 800x146
    RenderBlock {div} at (0,16) size 800x114
      RenderBlock {p} at (0,0) size 800x18
        RenderText {#text} at (0,0) size 260x17
          text run at (0,0) width 260: "The following two bars should be green."
      RenderBlock {div} at (16,34) size 768x32 [bgcolor=#00FF00]
      RenderBlock {div} at (16,82) size 768x32 [bgcolor=#FF0000]
