layer at (0,0) size 800x600
  RenderView at (0,0) size 800x600
layer at (0,0) size 800x118
  RenderBlock {test} at (0,0) size 800x118
    RenderBlock {div} at (0,16) size 800x86
      RenderBlock {p} at (0,0) size 800x18
        RenderText {#text} at (0,0) size 307x17
          text run at (0,0) width 307: "This paragraph should have normal background"
      RenderBlock {address} at (0,34) size 800x18 [bgcolor=#00FF00]
        RenderText {#text} at (0,0) size 305x17
          text run at (0,0) width 305: "But this address should have green background"
      RenderBlock {p} at (0,68) size 800x18
        RenderText {#text} at (0,0) size 307x17
          text run at (0,0) width 307: "This paragraph should have normal background"
