layer at (0,0) size 800x600
  RenderView at (0,0) size 800x600
layer at (0,0) size 800x152
  RenderBlock {test} at (0,0) size 800x152
    RenderBlock {div} at (0,16) size 800x120
      RenderBlock {div} at (0,0) size 800x120 [color=#008000]
        RenderBlock {p} at (0,0) size 800x18
          RenderText {#text} at (0,0) size 166x17
            text run at (0,0) width 166: "This line should be green."
        RenderBlock {p} at (0,34) size 800x18
          RenderText {#text} at (0,0) size 166x17
            text run at (0,0) width 166: "This line should be green."
        RenderBlock {p} at (0,68) size 800x18
          RenderInline {SPAN} at (0,0) size 166x17
            RenderText {#text} at (0,0) size 166x17
              text run at (0,0) width 166: "This line should be green."
        RenderBlock {p} at (0,102) size 800x18 [color=#FF0000]
          RenderInline {SPAN} at (0,0) size 166x17 [color=#008000]
            RenderText {#text} at (0,0) size 166x17
              text run at (0,0) width 166: "This line should be green."
