layer at (0,0) size 800x600
  RenderView at (0,0) size 800x600
layer at (0,0) size 800x102
  RenderBlock {test} at (0,0) size 800x102
    RenderBlock {ul} at (0,16) size 800x36
      RenderListItem {li} at (40,0) size 760x18 [bgcolor=#00FF00]
        RenderListMarker at (-17,0) size 7x17: bullet
        RenderText {#text} at (0,0) size 311x17
          text run at (0,0) width 311: "The background of this list item should be green"
      RenderListItem {li} at (40,18) size 760x18 [bgcolor=#00FF00]
        RenderListMarker at (-17,0) size 7x17: bullet
        RenderText {#text} at (0,0) size 389x17
          text run at (0,0) width 389: "The background of this second list item should be also green"
    RenderBlock {p} at (0,68) size 800x18 [bgcolor=#00FF00]
      RenderText {#text} at (0,0) size 327x17
        text run at (0,0) width 327: "The background of this paragraph should be green."
