layer at (0,0) size 800x600
  RenderView at (0,0) size 800x600
layer at (0,0) size 800x136
  RenderBlock {test} at (0,0) size 800x136
    RenderBlock {blockquote} at (40,16) size 720x18
      RenderBlock {div} at (0,0) size 720x18
        RenderText {#text} at (0,0) size 185x17
          text run at (0,0) width 185: "This text should be unstyled."
    RenderBlock {div} at (0,50) size 800x18
      RenderText {#text} at (0,0) size 185x17
        text run at (0,0) width 185: "This text should be unstyled."
    RenderBlock {div} at (0,68) size 800x18
      RenderText {#text} at (0,0) size 185x17
        text run at (0,0) width 185: "This text should be unstyled."
    RenderBlock {p} at (0,102) size 800x18 [color=#008000]
      RenderText {#text} at (0,0) size 166x17
        text run at (0,0) width 166: "This text should be green."
