layer at (0,0) size 800x600
  RenderView at (0,0) size 800x600
layer at (0,0) size 800x50
  RenderBlock {test} at (0,0) size 800x50
    RenderBlock {p} at (0,16) size 800x18
      RenderInline {a} at (0,0) size 262x17 [color=#0000EE] [bgcolor=#00FF00]
        RenderText {#text} at (0,0) size 262x17
          text run at (0,0) width 262: "This link should have green background."
      RenderText {#text} at (261,0) size 156x17
        text run at (261,0) width 156: " (Don't follow this link.)"
