layer at (0,0) size 800x600
  RenderView at (0,0) size 800x600
layer at (0,0) size 800x50
  RenderBlock {test} at (0,0) size 800x50
    RenderBlock {div} at (0,16) size 800x18 [color=#008000]
      RenderBlock {p} at (0,0) size 800x18
        RenderText {#text} at (0,0) size 166x17
          text run at (0,0) width 166: "This line should be green."
