layer at (0,0) size 800x600
  RenderView at (0,0) size 800x600
layer at (0,0) size 800x384
  RenderBlock {test} at (0,0) size 800x384
    RenderBlock {p} at (0,16) size 800x18
      RenderText {#text} at (0,0) size 336x17
        text run at (0,0) width 336: "This paragraph is here only to fill space in the DOM"
    RenderBlock {address} at (0,50) size 800x18
      RenderText {#text} at (0,0) size 140x17
        text run at (0,0) width 140: "And this address too.."
    RenderBlock {p} at (0,84) size 800x18
      RenderText {#text} at (0,0) size 155x17
        text run at (0,0) width 155: "So does this paragraph !"
    RenderBlock {p} at (0,118) size 800x18 [bgcolor=#00FF00]
      RenderText {#text} at (0,0) size 278x17
        text run at (0,0) width 278: "But this one should have green background"
    RenderBlock {dl} at (0,152) size 800x216
      RenderBlock {dt} at (0,0) size 800x18 [bgcolor=#00FF00]
        RenderText {#text} at (0,0) size 357x17
          text run at (0,0) width 357: "First definition term that should have green background"
      RenderBlock {dd} at (40,18) size 760x18 [bgcolor=#00FF00]
        RenderText {#text} at (0,0) size 324x17
          text run at (0,0) width 324: "First definition that should have green background"
      RenderBlock {dt} at (0,36) size 800x18
        RenderText {#text} at (0,0) size 147x17
          text run at (0,0) width 147: "Second definition term"
      RenderBlock {dd} at (40,54) size 760x18
        RenderText {#text} at (0,0) size 114x17
          text run at (0,0) width 114: "Second definition"
      RenderBlock {dt} at (0,72) size 800x18
        RenderText {#text} at (0,0) size 136x17
          text run at (0,0) width 136: "Third definition term"
      RenderBlock {dd} at (40,90) size 760x18
        RenderText {#text} at (0,0) size 102x17
          text run at (0,0) width 102: "Third definition"
      RenderBlock {dt} at (0,108) size 800x18 [bgcolor=#00FF00]
        RenderText {#text} at (0,0) size 371x17
          text run at (0,0) width 371: "Fourth definition term that should have green background"
      RenderBlock {dd} at (40,126) size 760x18 [bgcolor=#00FF00]
        RenderText {#text} at (0,0) size 337x17
          text run at (0,0) width 337: "Fourth definition that should have green background"
      RenderBlock {dt} at (0,144) size 800x18
        RenderText {#text} at (0,0) size 131x17
          text run at (0,0) width 131: "Fifth definition term"
      RenderBlock {dd} at (40,162) size 760x18
        RenderText {#text} at (0,0) size 98x17
          text run at (0,0) width 98: "Fifth definition"
      RenderBlock {dt} at (0,180) size 800x18
        RenderText {#text} at (0,0) size 134x17
          text run at (0,0) width 134: "Sixth definition term"
      RenderBlock {dd} at (40,198) size 760x18
        RenderText {#text} at (0,0) size 100x17
          text run at (0,0) width 100: "Sixth definition"
