layer at (0,0) size 800x600
  RenderView at (0,0) size 800x600
layer at (0,0) size 800x186
  RenderBlock {test} at (0,0) size 800x186
    RenderBlock {p} at (0,16) size 800x18 [bgcolor=#00FF00]
      RenderText {#text} at (0,0) size 312x17
        text run at (0,0) width 312: "This paragraph should have a green background."
    RenderBlock {q} at (0,50) size 800x18
      RenderText {#text} at (0,0) size 225x17
        text run at (0,0) width 225: "This paragraph should be unstyled."
    RenderBlock {r} at (0,84) size 800x18 [bgcolor=#00FF00]
      RenderText {#text} at (0,0) size 312x17
        text run at (0,0) width 312: "This paragraph should have a green background."
    RenderBlock {s} at (0,118) size 800x18 [bgcolor=#00FF00]
      RenderText {#text} at (0,0) size 312x17
        text run at (0,0) width 312: "This paragraph should have a green background."
    RenderBlock {t} at (0,152) size 800x18
      RenderText {#text} at (0,0) size 225x17
        text run at (0,0) width 225: "This paragraph should be unstyled."
