layer at (0,0) size 800x600
  RenderView at (0,0) size 800x600
layer at (0,0) size 800x54
  RenderBlock {test} at (0,0) size 800x54
    RenderBlock {p} at (0,16) size 800x22
      RenderBlock {input} at (4,3) size 16x16 [bgcolor=#00FF00]
      RenderText {#text} at (24,3) size 4x17
        text run at (24,3) width 4: " "
      RenderInline {span} at (0,0) size 394x17 [bgcolor=#00FF00]
        RenderText {#text} at (28,3) size 394x17
          text run at (28,3) width 394: "Everything in this paragraph should have a green background"
