layer at (0,0) size 800x600
  RenderView at (0,0) size 800x600
layer at (0,0) size 800x140
  RenderBlock {test} at (0,0) size 800x140
    RenderBlock {div} at (0,16) size 800x52
      RenderBlock {p} at (0,0) size 800x18 [bgcolor=#00FF00]
        RenderText {#text} at (0,0) size 308x17
          text run at (0,0) width 308: "This paragraph should have a green background"
      RenderBlock {div} at (0,34) size 800x18
        RenderBlock {p} at (0,0) size 800x18 [bgcolor=#00FF00]
          RenderText {#text} at (0,0) size 308x17
            text run at (0,0) width 308: "This paragraph should have a green background"
    RenderTable {table} at (0,84) size 231x56
      RenderTableSection {tbody} at (0,0) size 231x56
        RenderTableRow {tr} at (0,2) size 231x52
          RenderTableCell {td} at (2,2) size 227x52 [r=0 c=0 rs=1 cs=1]
            RenderBlock {p} at (1,17) size 225x18
              RenderText {#text} at (0,0) size 225x17
                text run at (0,0) width 225: "This paragraph should be unstyled."
