layer at (0,0) size 800x600
  RenderView at (0,0) size 800x600
layer at (0,0) size 800x118
  RenderBlock {test} at (0,0) size 800x118
    RenderBlock {p} at (0,16) size 800x18 [bgcolor=#00FF00]
      RenderText {#text} at (0,0) size 312x17
        text run at (0,0) width 312: "This paragraph should have a green background."
    RenderBlock {div} at (0,50) size 800x52
      RenderBlock (anonymous) at (0,0) size 800x18
        RenderText {#text} at (0,0) size 242x17
          text run at (0,0) width 242: "This div contains only one paragraph."
      RenderBlock {p} at (0,34) size 800x18
        RenderText {#text} at (0,0) size 225x17
          text run at (0,0) width 225: "This paragraph should be unstyled."
