layer at (0,0) size 800x600
  RenderView at (0,0) size 800x600
layer at (0,0) size 800x118
  RenderBlock {test} at (0,0) size 800x118
    RenderBlock {p} at (0,16) size 800x18
      RenderText {#text} at (0,0) size 307x17
        text run at (0,0) width 307: "This paragraph should have normal background"
    RenderBlock {div} at (0,50) size 800x52
      RenderBlock (anonymous) at (0,0) size 800x18
        RenderText {#text} at (0,0) size 238x17
          text run at (0,0) width 238: "This div contains only one paragraph"
      RenderBlock {p} at (0,34) size 800x18 [bgcolor=#00FF00]
        RenderText {#text} at (0,0) size 297x17
          text run at (0,0) width 297: "This paragraph should have green background"
