layer at (0,0) size 800x600
  RenderView at (0,0) size 800x600
layer at (0,0) size 800x70
  RenderBlock {test} at (0,0) size 800x70
    RenderBlock {p} at (0,16) size 800x38
      RenderInline {a} at (0,0) size 379x19 [color=#0000EE] [bgcolor=#FF0000]
        RenderText {#text} at (0,0) size 379x19
          text run at (0,0) width 379: "You should see a green background assigned by the anchor."
      RenderText {#text} at (379,0) size 786x38
        text run at (379,0) width 407: " (Note: You must have visited http://www.w3.org/ for this test to"
        text run at (0,19) width 59: "be valid.)"
