layer at (0,0) size 800x600
  RenderView at (0,0) size 800x600
layer at (0,0) size 800x384
  RenderBlock {test} at (0,0) size 800x384
    RenderBlock {p} at (0,16) size 800x18
      RenderText {#text} at (0,0) size 225x17
        text run at (0,0) width 225: "This paragraph should be unstyled."
    RenderBlock {address} at (0,50) size 800x18
      RenderText {#text} at (0,0) size 209x17
        text run at (0,0) width 209: "This address should be unstyled."
    RenderBlock {p} at (0,84) size 800x18 [bgcolor=#00FF00]
      RenderText {#text} at (0,0) size 301x17
        text run at (0,0) width 301: "This paragraph should have green background."
    RenderBlock {p} at (0,118) size 800x18 [bgcolor=#00FF00]
      RenderText {#text} at (0,0) size 301x17
        text run at (0,0) width 301: "This paragraph should have green background."
    RenderBlock {dl} at (0,152) size 800x216
      RenderBlock {dt} at (0,0) size 800x18 [bgcolor=#00FF00]
        RenderText {#text} at (0,0) size 361x17
          text run at (0,0) width 361: "First definition term that should have green background."
      RenderBlock {dd} at (40,18) size 760x18 [bgcolor=#00FF00]
        RenderText {#text} at (0,0) size 369x17
          text run at (0,0) width 369: "First definition that should also have a green background."
      RenderBlock {dt} at (0,36) size 800x18 [bgcolor=#00FF00]
        RenderText {#text} at (0,0) size 379x17
          text run at (0,0) width 379: "Second definition term that should have green background."
      RenderBlock {dd} at (40,54) size 760x18 [bgcolor=#00FF00]
        RenderText {#text} at (0,0) size 346x17
          text run at (0,0) width 346: "Second definition that should have green background."
      RenderBlock {dt} at (0,72) size 800x18
        RenderText {#text} at (0,0) size 140x17
          text run at (0,0) width 140: "Third definition term."
      RenderBlock {dd} at (40,90) size 760x18
        RenderText {#text} at (0,0) size 106x17
          text run at (0,0) width 106: "Third definition."
      RenderBlock {dt} at (0,108) size 800x18 [bgcolor=#00FF00]
        RenderText {#text} at (0,0) size 375x17
          text run at (0,0) width 375: "Fourth definition term that should have green background."
      RenderBlock {dd} at (40,126) size 760x18 [bgcolor=#00FF00]
        RenderText {#text} at (0,0) size 341x17
          text run at (0,0) width 341: "Fourth definition that should have green background."
      RenderBlock {dt} at (0,144) size 800x18 [bgcolor=#00FF00]
        RenderText {#text} at (0,0) size 363x17
          text run at (0,0) width 363: "Fifth definition term that should have green background."
      RenderBlock {dd} at (40,162) size 760x18 [bgcolor=#00FF00]
        RenderText {#text} at (0,0) size 330x17
          text run at (0,0) width 330: "Fifth definition that should have green background."
      RenderBlock {dt} at (0,180) size 800x18
        RenderText {#text} at (0,0) size 138x17
          text run at (0,0) width 138: "Sixth definition term."
      RenderBlock {dd} at (40,198) size 760x18
        RenderText {#text} at (0,0) size 104x17
          text run at (0,0) width 104: "Sixth definition."
