layer at (0,0) size 800x600
  RenderView at (0,0) size 800x600
layer at (0,0) size 800x267
  RenderBlock {test} at (0,0) size 800x267
    RenderBlock {p} at (0,16) size 800x235
      RenderInline (generated) at (0,0) size 20x17 [color=#FF0000]
        RenderInline (generated) at (0,0) size 20x36 [color=#00FF00]
          RenderText at (0,0) size 20x36
            text run at (0,0) width 20: "T"
        RenderText at (0,0) size 0x0
      RenderText {#text} at (19,15) size 792x219
        text run at (19,15) width 397: "his very long paragraph should have a big green first letter T. "
        text run at (415,15) width 351: "Dummy text. Dummy text. Dummy text. Dummy text."
        text run at (0,37) width 792: "Dummy text. Dummy text. Dummy text. Dummy text. Dummy text. Dummy text. Dummy text. Dummy text. Dummy text."
        text run at (0,55) width 792: "Dummy text. Dummy text. Dummy text. Dummy text. Dummy text. Dummy text. Dummy text. Dummy text. Dummy text."
        text run at (0,73) width 792: "Dummy text. Dummy text. Dummy text. Dummy text. Dummy text. Dummy text. Dummy text. Dummy text. Dummy text."
        text run at (0,91) width 792: "Dummy text. Dummy text. Dummy text. Dummy text. Dummy text. Dummy text. Dummy text. Dummy text. Dummy text."
        text run at (0,109) width 792: "Dummy text. Dummy text. Dummy text. Dummy text. Dummy text. Dummy text. Dummy text. Dummy text. Dummy text."
        text run at (0,127) width 792: "Dummy text. Dummy text. Dummy text. Dummy text. Dummy text. Dummy text. Dummy text. Dummy text. Dummy text."
        text run at (0,145) width 792: "Dummy text. Dummy text. Dummy text. Dummy text. Dummy text. Dummy text. Dummy text. Dummy text. Dummy text."
        text run at (0,163) width 792: "Dummy text. Dummy text. Dummy text. Dummy text. Dummy text. Dummy text. Dummy text. Dummy text. Dummy text."
        text run at (0,181) width 792: "Dummy text. Dummy text. Dummy text. Dummy text. Dummy text. Dummy text. Dummy text. Dummy text. Dummy text."
        text run at (0,199) width 792: "Dummy text. Dummy text. Dummy text. Dummy text. Dummy text. Dummy text. Dummy text. Dummy text. Dummy text."
        text run at (0,217) width 85: "Dummy text."
