layer at (0,0) size 800x600
  RenderView at (0,0) size 800x600
layer at (0,0) size 800x128
  RenderBlock {test} at (0,0) size 800x128
    RenderBlock {p} at (0,16) size 800x78 [bgcolor=#00FF00] [border: (5px solid #008000)]
      RenderText {#text} at (21,21) size 741x35
        text run at (21,21) width 741: "This paragraph should have a green background and a green thick solid border because it carries both classes t1 and"
        text run at (21,39) width 17: "t2."
    RenderBlock {div} at (0,110) size 800x18 [color=#FFFFFF] [bgcolor=#008000]
      RenderText {#text} at (0,0) size 166x17
        text run at (0,0) width 166: "This line should be green."
