layer at (0,0) size 800x600
  RenderView at (0,0) size 800x600
layer at (0,0) size 800x156
  RenderBlock {test} at (0,0) size 800x156
    RenderBlock {p} at (0,16) size 800x19 [bgcolor=#00FF00]
      RenderText {#text} at (0,0) size 308x19
        text run at (0,0) width 308: "This paragraph should have a green background."
    RenderBlock {address} at (0,51) size 800x19
      RenderText {#text} at (0,0) size 205x19
        text run at (0,0) width 205: "This address should be unstyled."
    RenderBlock {q} at (0,86) size 800x19 [bgcolor=#00FF00]
      RenderText {#text} at (0,0) size 308x19
        text run at (0,0) width 308: "This paragraph should have a green background."
    RenderBlock {r} at (0,121) size 800x19
      RenderText {#text} at (0,0) size 221x19
        text run at (0,0) width 221: "This paragraph should be unstyled."
