layer at (0,0) size 800x600
  RenderView at (0,0) size 800x600
layer at (0,0) size 800x124
  RenderBlock {test} at (0,0) size 800x124
    RenderBlock {p} at (0,16) size 800x92 [color=#008000]
      RenderBR {br} at (0,1) size 0x71
      RenderText {#text} at (0,74) size 166x17
        text run at (0,74) width 166: "This line should be green."
