layer at (0,0) size 800x600
  RenderView at (0,0) size 800x600
layer at (0,0) size 800x18
  RenderBlock {test} at (0,0) size 800x18
    RenderBlock {div} at (0,0) size 800x18
      RenderInline {a} at (0,0) size 288x17 [color=#0000EE] [bgcolor=#00FF00]
        RenderText {#text} at (0,0) size 288x17
          text run at (0,0) width 288: "This anchor should have a green background"
      RenderText {#text} at (287,0) size 156x17
        text run at (287,0) width 156: " (Don't follow this link.)"
