layer at (0,0) size 800x600
  RenderView at (0,0) size 800x600
layer at (0,0) size 800x400
  RenderBlock {test} at (0,0) size 800x400
    RenderBlock {p} at (0,16) size 800x19
      RenderText {#text} at (0,0) size 221x19
        text run at (0,0) width 221: "This paragraph should be unstyled."
    RenderBlock {address} at (0,51) size 800x19
      RenderText {#text} at (0,0) size 205x19
        text run at (0,0) width 205: "This address should be unstyled."
    RenderBlock {p} at (0,86) size 800x19 [bgcolor=#00FF00]
      RenderText {#text} at (0,0) size 297x19
        text run at (0,0) width 297: "This paragraph should have green background."
    RenderBlock {p} at (0,121) size 800x19 [bgcolor=#00FF00]
      RenderText {#text} at (0,0) size 297x19
        text run at (0,0) width 297: "This paragraph should have green background."
    RenderBlock {dl} at (0,156) size 800x228
      RenderBlock {dt} at (0,0) size 800x19 [bgcolor=#00FF00]
        RenderText {#text} at (0,0) size 353x19
          text run at (0,0) width 353: "First definition term that should have green background."
      RenderBlock {dd} at (40,19) size 760x19 [bgcolor=#00FF00]
        RenderText {#text} at (0,0) size 361x19
          text run at (0,0) width 361: "First definition that should also have a green background."
      RenderBlock {dt} at (0,38) size 800x19 [bgcolor=#00FF00]
        RenderText {#text} at (0,0) size 372x19
          text run at (0,0) width 372: "Second definition term that should have green background."
      RenderBlock {dd} at (40,57) size 760x19 [bgcolor=#00FF00]
        RenderText {#text} at (0,0) size 340x19
          text run at (0,0) width 340: "Second definition that should have green background."
      RenderBlock {dt} at (0,76) size 800x19
        RenderText {#text} at (0,0) size 135x19
          text run at (0,0) width 135: "Third definition term."
      RenderBlock {dd} at (40,95) size 760x19
        RenderText {#text} at (0,0) size 103x19
          text run at (0,0) width 103: "Third definition."
      RenderBlock {dt} at (0,114) size 800x19 [bgcolor=#00FF00]
        RenderText {#text} at (0,0) size 367x19
          text run at (0,0) width 367: "Fourth definition term that should have green background."
      RenderBlock {dd} at (40,133) size 760x19 [bgcolor=#00FF00]
        RenderText {#text} at (0,0) size 335x19
          text run at (0,0) width 335: "Fourth definition that should have green background."
      RenderBlock {dt} at (0,152) size 800x19 [bgcolor=#00FF00]
        RenderText {#text} at (0,0) size 355x19
          text run at (0,0) width 355: "Fifth definition term that should have green background."
      RenderBlock {dd} at (40,171) size 760x19 [bgcolor=#00FF00]
        RenderText {#text} at (0,0) size 323x19
          text run at (0,0) width 323: "Fifth definition that should have green background."
      RenderBlock {dt} at (0,190) size 800x19
        RenderText {#text} at (0,0) size 133x19
          text run at (0,0) width 133: "Sixth definition term."
      RenderBlock {dd} at (40,209) size 760x19
        RenderText {#text} at (0,0) size 101x19
          text run at (0,0) width 101: "Sixth definition."
