layer at (0,0) size 800x600
  RenderView at (0,0) size 800x600
layer at (0,0) size 800x102
  RenderBlock {test} at (0,0) size 800x102
    RenderBlock {div} at (0,0) size 800x86
      RenderBlock {address} at (0,0) size 800x18 [color=#008000]
        RenderText {#text} at (0,0) size 281x17
          text run at (0,0) width 281: "This address should be in green characters."
      RenderBlock {s} at (0,34) size 800x18 [color=#008000]
        RenderText {#text} at (0,0) size 291x17
          text run at (0,0) width 291: "This paragraph should be in green characters."
      RenderBlock {u} at (0,68) size 800x18 [color=#008000]
        RenderText {#text} at (0,0) size 291x17
          text run at (0,0) width 291: "This paragraph should be in green characters."
