layer at (0,0) size 800x600
  RenderView at (0,0) size 800x600
layer at (0,0) size 800x126
  RenderBlock {test} at (0,0) size 800x126
    RenderBlock {div} at (0,0) size 800x76
      RenderTable {table} at (0,0) size 125x76 [border: (1px outset #808080)]
        RenderTableSection (anonymous) at (1,1) size 123x74
          RenderTableRow {tr} at (0,2) size 123x22
            RenderTableCell {td} at (2,2) size 67x22 [bgcolor=#00FF00] [border: (1px inset #808080)] [r=0 c=0 rs=1 cs=1]
              RenderText {#text} at (2,2) size 63x17
                text run at (2,2) width 63: "green cell"
            RenderTableCell {td} at (71,2) size 24x22 [border: (1px inset #808080)] [r=0 c=1 rs=1 cs=1]
              RenderText {#text} at (2,2) size 20x17
                text run at (2,2) width 20: "1.2"
            RenderTableCell {td} at (97,2) size 24x22 [border: (1px inset #808080)] [r=0 c=2 rs=1 cs=1]
              RenderText {#text} at (2,2) size 20x17
                text run at (2,2) width 20: "1.3"
          RenderTableRow {tr} at (0,26) size 123x22
            RenderTableCell {td} at (2,26) size 67x22 [bgcolor=#00FF00] [border: (1px inset #808080)] [r=1 c=0 rs=1 cs=1]
              RenderText {#text} at (2,2) size 63x17
                text run at (2,2) width 63: "green cell"
            RenderTableCell {td} at (71,26) size 24x22 [border: (1px inset #808080)] [r=1 c=1 rs=1 cs=1]
              RenderText {#text} at (2,2) size 20x17
                text run at (2,2) width 20: "2.2"
            RenderTableCell {td} at (97,26) size 24x22 [border: (1px inset #808080)] [r=1 c=2 rs=1 cs=1]
              RenderText {#text} at (2,2) size 20x17
                text run at (2,2) width 20: "2.3"
          RenderTableRow {tr} at (0,50) size 123x22
            RenderTableCell {td} at (2,50) size 67x22 [bgcolor=#00FF00] [border: (1px inset #808080)] [r=2 c=0 rs=1 cs=1]
              RenderText {#text} at (2,2) size 63x17
                text run at (2,2) width 63: "green cell"
            RenderTableCell {td} at (71,50) size 24x22 [border: (1px inset #808080)] [r=2 c=1 rs=1 cs=1]
              RenderText {#text} at (2,2) size 20x17
                text run at (2,2) width 20: "3.2"
            RenderTableCell {td} at (97,50) size 24x22 [border: (1px inset #808080)] [r=2 c=2 rs=1 cs=1]
              RenderText {#text} at (2,2) size 20x17
                text run at (2,2) width 20: "3.3"
    RenderBlock {p} at (0,92) size 800x18
      RenderText {#text} at (0,0) size 224x17
        text run at (0,0) width 224: "This paragraph contains some text "
      RenderInline {span} at (0,0) size 308x17 [bgcolor=#00FF00]
        RenderText {#text} at (223,0) size 308x17
          text run at (223,0) width 308: "and a span that should have a green background"
      RenderText {#text} at (0,0) size 0x0
