layer at (0,0) size 800x600
  RenderView at (0,0) size 800x600
layer at (0,0) size 800x186
  RenderBlock {test} at (0,0) size 800x186
    RenderBlock {div} at (0,16) size 800x154
      RenderBlock {p} at (0,0) size 800x18
        RenderInline {span} at (0,0) size 376x17 [bgcolor=#00FF00]
          RenderText {#text} at (0,0) size 376x17
            text run at (0,0) width 376: "The text in this paragraph should have a green background"
        RenderText {#text} at (0,0) size 0x0
      RenderBlock {address} at (16,34) size 768x18 [bgcolor=#00FF00]
        RenderText {#text} at (0,0) size 296x17
          text run at (0,0) width 296: "This address should have a green background"
      RenderBlock {q} at (16,68) size 768x18 [bgcolor=#00FF00]
        RenderText {#text} at (0,0) size 441x17
          text run at (0,0) width 441: "This element in another namespace should have a green background."
      RenderBlock {r} at (16,102) size 768x18 [bgcolor=#00FF00]
        RenderText {#text} at (0,0) size 437x17
          text run at (0,0) width 437: "This element without a namespace should have a green background."
      RenderBlock {p} at (0,136) size 800x18
        RenderText {#text} at (0,0) size 225x17
          text run at (0,0) width 225: "This paragraph should be unstyled."
