layer at (0,0) size 800x600
  RenderView at (0,0) size 800x600
layer at (0,0) size 800x144
  RenderBlock {test} at (0,0) size 800x144
    RenderBlock {p} at (0,16) size 800x19 [bgcolor=#00FF00]
      RenderText {#text} at (0,0) size 268x19
        text run at (0,0) width 268: "This line should have a green background."
    RenderBlock {p} at (0,51) size 800x52 [bgcolor=#00FF00]
      RenderText {#text} at (0,0) size 692x19
        text run at (0,0) width 692: "UAs may render the following element as a pop up menu. If so, please ensure the menu is unstyled (or green)."
      RenderMenuList {select} at (2,21) size 120x29 [border: (1px solid #000000)]
        RenderBlock (anonymous) at (1,1) size 118x27
          RenderText at (4,4) size 83x19
            text run at (4,4) width 83: "This should"
      RenderText {#text} at (0,0) size 0x0
    RenderTable {table} at (0,119) size 429x25 [bgcolor=#00FF00]
      RenderTableSection (anonymous) at (0,0) size 429x25
        RenderTableRow {tr} at (0,2) size 429x21
          RenderTableCell {td} at (2,2) size 425x21 [r=0 c=0 rs=1 cs=1]
            RenderText {#text} at (1,1) size 423x19
              text run at (1,1) width 423: "This line should have a green background (or it might be unstyled)."
