layer at (0,0) size 800x600
  RenderView at (0,0) size 800x600
layer at (0,0) size 800x120
  RenderBlock {test} at (0,0) size 800x120
    RenderBlock {div} at (0,0) size 800x104
      RenderBlock (anonymous) at (0,0) size 800x18
        RenderText {#text} at (0,0) size 192x17
          text run at (0,0) width 192: "This div contains 3 addresses:"
      RenderBlock {address} at (16,18) size 784x18 [bgcolor=#00FF00]
        RenderText {#text} at (0,0) size 336x17
          text run at (0,0) width 336: "A first address that should have a green background"
      RenderBlock {address} at (16,52) size 784x18
        RenderText {#text} at (0,0) size 275x17
          text run at (0,0) width 275: "A second address with normal background"
      RenderBlock {address} at (16,86) size 784x18
        RenderText {#text} at (0,0) size 261x17
          text run at (0,0) width 261: "A third address with normal background"
