layer at (0,0) size 800x600
  RenderView at (0,0) size 800x600
layer at (0,0) size 800x102
  RenderBlock {test} at (0,0) size 800x102
    RenderBlock {div} at (0,0) size 800x86
      RenderBlock {q} at (0,0) size 800x18 [color=#FF0000]
        RenderInline {r} at (0,0) size 123x17 [color=#00FF00]
          RenderText {#text} at (0,0) size 123x17
            text run at (0,0) width 123: "This text should be"
        RenderText {#text} at (122,0) size 5x17
          text run at (122,0) width 5: " "
        RenderInline {r} at (0,0) size 122x17 [color=#00FF00]
          RenderText {#text} at (126,0) size 122x17
            text run at (126,0) width 122: "in green characters"
        RenderText {#text} at (0,0) size 0x0
      RenderBlock {s} at (0,34) size 800x18 [color=#00FF00]
        RenderText {#text} at (0,0) size 248x17
          text run at (0,0) width 248: "This text should be in green characters"
      RenderBlock {p} at (0,68) size 800x18 [color=#00FF00]
        RenderText {#text} at (0,0) size 248x17
          text run at (0,0) width 248: "This text should be in green characters"
