layer at (0,0) size 800x600
  RenderView at (0,0) size 800x600
layer at (0,0) size 800x86
  RenderBlock {test} at (0,0) size 800x86
    RenderBlock {ul} at (0,16) size 800x54
      RenderListItem {li} at (40,0) size 760x18 [bgcolor=#00FF00]
        RenderListMarker at (-17,0) size 7x17: bullet
        RenderText {#text} at (0,0) size 439x17
          text run at (0,0) width 439: "This list item should have a green background. because its ID is \"t1\""
      RenderListItem {li} at (40,18) size 760x18 [bgcolor=#00FF00]
        RenderListMarker at (-17,0) size 7x17: bullet
        RenderText {#text} at (0,0) size 439x17
          text run at (0,0) width 439: "This list item should have a green background. because its ID is \"t2\""
      RenderListItem {li} at (40,36) size 760x18 [bgcolor=#00FF00]
        RenderListMarker at (-17,0) size 7x17: bullet
        RenderInline {span} at (0,0) size 598x17
          RenderText {#text} at (0,0) size 598x17
            text run at (0,0) width 598: "This list item should have a green background. because the inner SPAN does not match \"#t4\""
