layer at (0,0) size 784x735
  RenderView at (0,0) size 784x600
layer at (0,0) size 784x735
  RenderBlock {HTML} at (0,0) size 784x735
    RenderBody {BODY} at (8,21) size 768x698
      RenderBlock {H1} at (0,0) size 768x37
        RenderText {#text} at (0,0) size 377x36
          text run at (0,0) width 377: "Shorthand border property"
      RenderBlock {P} at (0,58) size 768x24 [color=#008000] [bgcolor=#FFFFFF] [border: (3px solid #008000)]
        RenderText {#text} at (3,3) size 370x17
          text run at (3,3) width 370: "This paragraph should have a medium solid green border."
      RenderBlock {P} at (0,98) size 768x24 [color=#008000] [bgcolor=#FFFFFF] [border: (3px solid #008000)]
        RenderText {#text} at (3,3) size 370x17
          text run at (3,3) width 370: "This paragraph should have a medium solid green border."
      RenderBlock {P} at (0,138) size 768x18 [bgcolor=#FFFFFF]
        RenderText {#text} at (0,0) size 263x17
          text run at (0,0) width 263: "This paragraph should not have a border."
      RenderBlock {P} at (0,172) size 768x24 [bgcolor=#FFFFFF] [border: (3px solid #000000)]
        RenderText {#text} at (3,3) size 284x17
          text run at (3,3) width 284: "This paragraph should have a medium solid "
        RenderInline {EM} at (0,0) size 36x17
          RenderText {#text} at (286,3) size 36x17
            text run at (286,3) width 36: "black"
        RenderText {#text} at (321,3) size 51x17
          text run at (321,3) width 51: " border."
      RenderBlock {P} at (0,212) size 768x18 [bgcolor=#FFFFFF]
        RenderText {#text} at (0,0) size 263x17
          text run at (0,0) width 263: "This paragraph should not have a border."
      RenderBlock {P} at (0,246) size 768x18 [bgcolor=#FFFFFF]
        RenderText {#text} at (0,0) size 263x17
          text run at (0,0) width 263: "This paragraph should not have a border."
      RenderBlock {P} at (0,280) size 768x24 [bgcolor=#FFFFFF] [border: (3px solid #000000)]
        RenderText {#text} at (3,3) size 284x17
          text run at (3,3) width 284: "This paragraph should have a medium solid "
        RenderInline {EM} at (0,0) size 36x17
          RenderText {#text} at (286,3) size 36x17
            text run at (286,3) width 36: "black"
        RenderText {#text} at (321,3) size 51x17
          text run at (321,3) width 51: " border."
      RenderBlock {P} at (0,320) size 768x24 [bgcolor=#FFFFFF] [border: (3px solid #000000)]
        RenderText {#text} at (3,3) size 284x17
          text run at (3,3) width 284: "This paragraph should have a medium solid "
        RenderInline {EM} at (0,0) size 36x17
          RenderText {#text} at (286,3) size 36x17
            text run at (286,3) width 36: "black"
        RenderText {#text} at (321,3) size 51x17
          text run at (321,3) width 51: " border."
      RenderBlock {P} at (0,360) size 768x24 [bgcolor=#FFFFFF] [border: (3px solid #008000)]
        RenderText {#text} at (3,3) size 370x17
          text run at (3,3) width 370: "This paragraph should have a medium solid green border."
      RenderBlock {P} at (0,400) size 768x24 [bgcolor=#FFFFFF] [border: (3px solid #008000)]
        RenderText {#text} at (3,3) size 370x17
          text run at (3,3) width 370: "This paragraph should have a medium solid green border."
      RenderBlock {P} at (0,440) size 768x18 [bgcolor=#FFFFFF]
        RenderText {#text} at (0,0) size 263x17
          text run at (0,0) width 263: "This paragraph should not have a border."
      RenderBlock {P} at (0,474) size 768x24 [bgcolor=#FFFFFF] [border: (3px solid #008000)]
        RenderText {#text} at (3,3) size 370x17
          text run at (3,3) width 370: "This paragraph should have a medium solid green border."
      RenderBlock {P} at (0,514) size 768x24 [bgcolor=#FFFFFF] [border: (3px solid #008000)]
        RenderText {#text} at (3,3) size 370x17
          text run at (3,3) width 370: "This paragraph should have a medium solid green border."
      RenderBlock {P} at (0,554) size 768x24 [bgcolor=#FFFFFF] [border: (3px solid #008000)]
        RenderText {#text} at (3,3) size 370x17
          text run at (3,3) width 370: "This paragraph should have a medium solid green border."
      RenderBlock {P} at (0,594) size 768x24 [bgcolor=#FFFFFF] [border: (3px solid #008000)]
        RenderText {#text} at (3,3) size 370x17
          text run at (3,3) width 370: "This paragraph should have a medium solid green border."
      RenderBlock {P} at (0,634) size 768x24 [bgcolor=#FFFFFF] [border: (3px solid #008000)]
        RenderText {#text} at (3,3) size 370x17
          text run at (3,3) width 370: "This paragraph should have a medium solid green border."
      RenderBlock {P} at (0,674) size 768x24 [bgcolor=#FFFFFF] [border: (3px solid #008000)]
        RenderText {#text} at (3,3) size 370x17
          text run at (3,3) width 370: "This paragraph should have a medium solid green border."
