layer at (0,0) size 1576x584
  RenderView at (0,0) size 800x584
layer at (0,0) size 800x584
  RenderBlock {HTML} at (0,0) size 800x584
    RenderBody {BODY} at (8,8) size 784x568
layer at (8,8) size 784x18
  RenderBlock {DIV} at (0,0) size 784x18
    RenderInline {SPAN} at (0,0) size 223x17 [bgcolor=#FF0000]
      RenderText {#text} at (0,0) size 223x17
        text run at (0,0) width 223: "This text should be nice and sharp."
    RenderText {#text} at (0,0) size 0x0
