layer at (0,0) size 800x600
  RenderView at (0,0) size 800x600
layer at (0,0) size 800x417
  RenderBlock {HTML} at (0,0) size 800x417
    RenderBody {BODY} at (8,16) size 784x385
      RenderBlock {DIV} at (0,0) size 784x36 [color=#008000] [bgcolor=#FFFFFF]
        RenderBlock {P} at (0,0) size 784x36
          RenderText {#text} at (0,0) size 751x35
            text run at (0,0) width 751: "First sentence: this text should be green. The markup code is invalid according to W3C HTML validator and the CSS"
            text run at (0,18) width 312: "code is invalid according to W3C CSS validator."
      RenderBlock {DIV} at (0,52) size 784x54 [color=#008000] [bgcolor=#FFFFFF]
        RenderBlock {P} at (0,0) size 784x54 [color=#FF0000]
          RenderText {#text} at (0,0) size 753x53
            text run at (0,0) width 753: "Second sentence: this text should be green according to CSS 1 but it should be red according to CSS 2.1. The markup"
            text run at (0,18) width 735: "code is also invalid according to W3C HTML validator but the CSS code is perfectly valid according to W3C CSS"
            text run at (0,36) width 61: "validator."
      RenderBlock {H3} at (0,124) size 784x44 [color=#008000] [bgcolor=#FFFFFF]
        RenderText {#text} at (0,0) size 761x43
          text run at (0,0) width 761: "Third sentence: this text should be green. The markup code is valid according to W3C HTML"
          text run at (0,22) width 572: "validator but the CSS code is invalid according to W3C CSS validator."
      RenderBlock {H4} at (0,189) size 784x54 [color=#FF0000] [bgcolor=#FFFFFF]
        RenderText {#text} at (0,0) size 784x53
          text run at (0,0) width 784: "Fourth sentence: this text should be green according to CSS 1 (class name can not start with a dash in CSS 1) but it"
          text run at (0,18) width 777: "should be red according to CSS 2.1 and the markup code is valid according to W3C HTML validator and the CSS"
          text run at (0,36) width 380: "code is perfectly valid according to W3C CSS validator."
      RenderBlock {H5} at (0,269) size 784x72 [color=#800080] [bgcolor=#FFFFFF]
        RenderText {#text} at (0,0) size 779x71
          text run at (0,0) width 770: "Fifth sentence: this text should be green according to CSS 1 (class name can not start with a dash in CSS 1) but it"
          text run at (0,18) width 723: "should be purple according to latest CSS 2.1 WD (class name can not start with a dash unless immediately"
          text run at (0,36) width 779: "followed by [_A-Za-z] character in CSS 2.1) and the markup code is valid according to W3C HTML validator and"
          text run at (0,54) width 466: "the CSS code is perfectly valid according to the W3C CSS validator!"
      RenderBlock {P} at (0,367) size 784x18
        RenderText {#text} at (0,0) size 28x17
          text run at (0,0) width 28: "See "
        RenderInline {A} at (0,0) size 71x17 [color=#0000EE]
          RenderText {#text} at (27,0) size 71x17
            text run at (27,0) width 71: "Bug 14373"
        RenderInline {A} at (0,0) size 5x17
          RenderText {#text} at (97,0) size 5x17
            text run at (97,0) width 5: "."
      RenderBlock (anonymous) at (0,401) size 784x0
        RenderInline {A} at (0,0) size 0x0
          RenderText {#text} at (0,0) size 0x0
