ALERT: 1 rule(s) were returned from getMatchedCSSRules, expected zero.
layer at (0,0) size 800x600
  RenderView at (0,0) size 800x600
layer at (0,0) size 800x600
  RenderBlock {HTML} at (0,0) size 800x600
    RenderBody {BODY} at (8,8) size 784x584
      RenderBlock {DIV} at (0,0) size 784x18 [color=#FF0000]
        RenderText {#text} at (0,0) size 214x19
          text run at (0,0) width 214: "This text should be black, not red."
      RenderBlock {DIV} at (0,18) size 784x18
        RenderInline (generated) at (0,0) size 290x19 [color=#FF0000]
          RenderText at (0,0) size 290x19
            text run at (0,0) width 290: "This pseudo-element text should not show up."
