layer at (0,0) size 784x2902
  RenderView at (0,0) size 784x600
layer at (0,0) size 784x2902
  RenderBlock {HTML} at (0,0) size 784x2902
    RenderBody {BODY} at (8,16) size 768x2838 [bgcolor=#FFFFFF]
      RenderBlock {P} at (0,0) size 768x18
        RenderText {#text} at (0,0) size 168x17
          text run at (0,0) width 168: "This page is part of the "
        RenderInline {A} at (0,0) size 73x17 [color=#0000EE]
          RenderText {#text} at (167,0) size 73x17
            text run at (167,0) width 73: "CSS3.info"
        RenderText {#text} at (239,0) size 5x17
          text run at (239,0) width 5: " "
        RenderInline {A} at (0,0) size 133x17 [color=#0000EE]
          RenderText {#text} at (243,0) size 133x17
            text run at (243,0) width 133: "CSS selectors test"
        RenderText {#text} at (375,0) size 136x17
          text run at (375,0) width 136: ". See more info on "
        RenderInline {A} at (0,0) size 111x17 [color=#0000EE]
          RenderText {#text} at (510,0) size 111x17
            text run at (510,0) width 111: "CSS3 selectors"
        RenderText {#text} at (620,0) size 6x17
          text run at (620,0) width 6: "."
      RenderBlock {DIV} at (0,34) size 768x0 [bgcolor=#009900]
      RenderBlock {OL} at (0,34) size 768x2804
        RenderListItem {LI} at (40,0) size 614x212 [bgcolor=#AAAAAA]
          RenderBlock {DIV} at (16,16) size 582x24 [bgcolor=#990000]
            RenderBlock {DIV} at (0,0) size 582x24 [bgcolor=#009900]
          RenderBlock {PRE} at (16,53) size 582x75 [bgcolor=#FFFFFF]
            RenderListMarker at (-36,6) size 16x17: "1"
            RenderText {#text} at (6,9) size 274x60
              text run at (6,9) width 149: "div:first-of-type {"
              text run at (154,9) width 1: " "
              text run at (6,24) width 8: "}"
              text run at (13,24) width 1: " "
              text run at (6,39) width 0: " "
              text run at (6,54) width 274: "<div>Does this element match?</div>"
          RenderBlock {P} at (16,144) size 582x36
            RenderText {#text} at (0,0) size 555x35
              text run at (0,0) width 555: "The CSS selector should match the marked div element, because it is the only"
              text run at (0,18) width 139: "element of this type"
        RenderListItem {LI} at (40,260) size 614x227 [bgcolor=#AAAAAA]
          RenderBlock {DIV} at (16,16) size 582x24 [bgcolor=#990000]
            RenderBlock {DIV} at (0,0) size 582x24 [bgcolor=#009900]
            RenderBlock {DIV} at (0,24) size 582x0
          RenderBlock {PRE} at (16,53) size 582x90 [bgcolor=#FFFFFF]
            RenderListMarker at (-36,6) size 16x17: "2"
            RenderText {#text} at (6,9) size 274x75
              text run at (6,9) width 149: "div:first-of-type {"
              text run at (154,9) width 1: " "
              text run at (6,24) width 8: "}"
              text run at (13,24) width 1: " "
              text run at (6,39) width 0: " "
              text run at (6,54) width 274: "<div>Does this element match?</div>"
              text run at (279,54) width 1: " "
              text run at (6,69) width 86: "<div></div>"
          RenderBlock {P} at (16,159) size 582x36
            RenderText {#text} at (0,0) size 551x35
              text run at (0,0) width 551: "The CSS selector should match the marked div element, because it is the first"
              text run at (0,18) width 139: "element of this type"
        RenderListItem {LI} at (40,535) size 614x227 [bgcolor=#AAAAAA]
          RenderBlock {DIV} at (16,16) size 582x24 [bgcolor=#990000]
            RenderBlock {BLOCKQUOTE} at (0,0) size 582x0 [bgcolor=#009900]
            RenderBlock {DIV} at (0,0) size 582x24 [bgcolor=#009900]
          RenderBlock {PRE} at (16,53) size 582x90 [bgcolor=#FFFFFF]
            RenderListMarker at (-36,6) size 16x17: "3"
            RenderText {#text} at (6,9) size 274x75
              text run at (6,9) width 149: "div:first-of-type {"
              text run at (154,9) width 1: " "
              text run at (6,24) width 8: "}"
              text run at (13,24) width 1: " "
              text run at (6,39) width 0: " "
              text run at (6,54) width 196: "<blockquote></blockquote>"
              text run at (201,54) width 1: " "
              text run at (6,69) width 274: "<div>Does this element match?</div>"
          RenderBlock {P} at (16,159) size 582x36
            RenderText {#text} at (0,0) size 551x35
              text run at (0,0) width 551: "The CSS selector should match the marked div element, because it is the first"
              text run at (0,18) width 139: "element of this type"
        RenderListItem {LI} at (40,810) size 614x257 [bgcolor=#AAAAAA]
          RenderBlock {DIV} at (16,16) size 582x24 [bgcolor=#990000]
            RenderBlock {DIV} at (0,0) size 582x0 [bgcolor=#009900]
            RenderBlock {BLOCKQUOTE} at (0,0) size 582x24 [bgcolor=#009900]
              RenderBlock {DIV} at (0,0) size 582x24
          RenderBlock {PRE} at (16,53) size 582x120 [bgcolor=#FFFFFF]
            RenderListMarker at (-36,6) size 16x17: "4"
            RenderText {#text} at (6,9) size 297x105
              text run at (6,9) width 149: "div:first-of-type {"
              text run at (154,9) width 1: " "
              text run at (6,24) width 8: "}"
              text run at (13,24) width 1: " "
              text run at (6,39) width 0: " "
              text run at (6,54) width 86: "<div></div>"
              text run at (91,54) width 1: " "
              text run at (6,69) width 94: "<blockquote>"
              text run at (99,69) width 1: " "
              text run at (6,84) width 297: "   <div>Does this element match?</div>"
              text run at (302,84) width 1: " "
              text run at (6,99) width 102: "</blockquote>"
          RenderBlock {P} at (16,189) size 582x36
            RenderText {#text} at (0,0) size 551x35
              text run at (0,0) width 551: "The CSS selector should match the marked div element, because it is the first"
              text run at (0,18) width 233: "element of this type in this scope"
        RenderListItem {LI} at (40,1115) size 614x242 [bgcolor=#AAAAAA]
          RenderBlock {DIV} at (16,16) size 582x24 [bgcolor=#990000]
            RenderBlock {DIV} at (0,0) size 582x24 [bgcolor=#009900]
              RenderBlock {DIV} at (0,0) size 582x24
          RenderBlock {PRE} at (16,53) size 582x105 [bgcolor=#FFFFFF]
            RenderListMarker at (-36,6) size 16x17: "5"
            RenderText {#text} at (6,9) size 297x90
              text run at (6,9) width 149: "div:first-of-type {"
              text run at (154,9) width 1: " "
              text run at (6,24) width 8: "}"
              text run at (13,24) width 1: " "
              text run at (6,39) width 0: " "
              text run at (6,54) width 40: "<div>"
              text run at (45,54) width 1: " "
              text run at (6,69) width 297: "   <div>Does this element match?</div>"
              text run at (302,69) width 1: " "
              text run at (6,84) width 47: "</div>"
          RenderBlock {P} at (16,174) size 582x36
            RenderText {#text} at (0,0) size 551x35
              text run at (0,0) width 551: "The CSS selector should match the marked div element, because it is the first"
              text run at (0,18) width 284: "element of this type in the current scope"
        RenderListItem {LI} at (40,1405) size 614x257 [bgcolor=#AAAAAA]
          RenderBlock {DIV} at (16,16) size 582x24 [bgcolor=#990000]
            RenderBlock {BLOCKQUOTE} at (0,0) size 582x0 [bgcolor=#009900]
              RenderBlock {DIV} at (0,0) size 582x0
            RenderBlock {DIV} at (0,0) size 582x24 [bgcolor=#009900]
          RenderBlock {PRE} at (16,53) size 582x120 [bgcolor=#FFFFFF]
            RenderListMarker at (-36,6) size 16x17: "6"
            RenderText {#text} at (6,9) size 274x105
              text run at (6,9) width 149: "div:first-of-type {"
              text run at (154,9) width 1: " "
              text run at (6,24) width 8: "}"
              text run at (13,24) width 1: " "
              text run at (6,39) width 0: " "
              text run at (6,54) width 94: "<blockquote>"
              text run at (99,54) width 1: " "
              text run at (6,69) width 110: "   <div></div>"
              text run at (115,69) width 1: " "
              text run at (6,84) width 102: "</blockquote>"
              text run at (107,84) width 1: " "
              text run at (6,99) width 274: "<div>Does this element match?</div>"
          RenderBlock {P} at (16,189) size 582x36
            RenderText {#text} at (0,0) size 551x35
              text run at (0,0) width 551: "The CSS selector should match the marked div element, because it is the first"
              text run at (0,18) width 284: "element of this type in the current scope"
        RenderListItem {LI} at (40,1710) size 614x227 [bgcolor=#AAAAAA]
          RenderBlock {DIV} at (16,16) size 582x24 [bgcolor=#009900]
            RenderBlock {DIV} at (0,0) size 582x0 [bgcolor=#990000]
            RenderBlock {DIV} at (0,0) size 582x24
          RenderBlock {PRE} at (16,53) size 582x90 [bgcolor=#FFFFFF]
            RenderListMarker at (-36,6) size 16x17: "7"
            RenderText {#text} at (6,9) size 274x75
              text run at (6,9) width 149: "div:first-of-type {"
              text run at (154,9) width 1: " "
              text run at (6,24) width 8: "}"
              text run at (13,24) width 1: " "
              text run at (6,39) width 0: " "
              text run at (6,54) width 86: "<div></div>"
              text run at (91,54) width 1: " "
              text run at (6,69) width 274: "<div>Does this element match?</div>"
          RenderBlock {P} at (16,159) size 582x36
            RenderText {#text} at (0,0) size 547x35
              text run at (0,0) width 547: "The CSS selector should not match the marked div element, because it is the"
              text run at (0,18) width 195: "second element of this type"
        RenderListItem {LI} at (40,1985) size 614x227 [bgcolor=#AAAAAA]
          RenderBlock {DIV} at (16,16) size 582x24 [bgcolor=#009900]
            RenderBlock {DIV} at (0,0) size 582x0 [bgcolor=#990000]
            RenderBlock {DIV} at (0,0) size 582x24
          RenderBlock {PRE} at (16,53) size 582x90 [bgcolor=#FFFFFF]
            RenderListMarker at (-36,6) size 16x17: "8"
            RenderText {#text} at (6,9) size 274x75
              text run at (6,9) width 149: "div:first-of-type {"
              text run at (154,9) width 1: " "
              text run at (6,24) width 8: "}"
              text run at (13,24) width 1: " "
              text run at (6,39) width 0: " "
              text run at (6,54) width 86: "<DIV></DIV>"
              text run at (91,54) width 1: " "
              text run at (6,69) width 274: "<div>Does this element match?</div>"
          RenderBlock {P} at (16,159) size 582x36
            RenderText {#text} at (0,0) size 547x35
              text run at (0,0) width 547: "The CSS selector should not match the marked div element, because it is the"
              text run at (0,18) width 195: "second element of this type"
        RenderListItem {LI} at (40,2260) size 614x257 [bgcolor=#AAAAAA]
          RenderBlock {DIV} at (16,16) size 582x24 [bgcolor=#990000]
            RenderBlock {DIV} at (0,0) size 582x24 [bgcolor=#009900]
            RenderBlock {DIV} at (0,24) size 582x0
          RenderBlock {PRE} at (16,53) size 582x120 [bgcolor=#FFFFFF]
            RenderListMarker at (-36,6) size 16x17: "9"
            RenderText {#text} at (6,9) size 508x105
              text run at (6,9) width 149: "div:first-of-type {"
              text run at (154,9) width 1: " "
              text run at (6,24) width 8: "}"
              text run at (13,24) width 1: " "
              text run at (6,39) width 0: " "
              text run at (6,54) width 227: "<div id='insertBefore'></div>"
              text run at (232,54) width 1: " "
              text run at (6,69) width 0: " "
              text run at (6,84) width 383: "var ib = document.getElementById('insertBefore');"
              text run at (388,84) width 1: " "
              text run at (6,99) width 508: "ib.parentElement.insertBefore(document.createElement(\"div\"), ib);"
          RenderBlock {P} at (16,189) size 582x36
            RenderText {#text} at (0,0) size 571x35
              text run at (0,0) width 571: "The CSS selector should match the div element that is inserted by the Javascript"
              text run at (0,18) width 40: "code."
        RenderListItem {LI} at (40,2565) size 614x239 [bgcolor=#AAAAAA]
          RenderBlock {DIV} at (16,16) size 582x24 [bgcolor=#009900]
            RenderBlock {DIV} at (0,0) size 582x0 [bgcolor=#990000]
            RenderBlock {DIV} at (0,0) size 582x24
          RenderBlock {PRE} at (16,53) size 582x120 [bgcolor=#FFFFFF]
            RenderListMarker at (-45,6) size 25x17: "10"
            RenderText {#text} at (6,9) size 508x105
              text run at (6,9) width 149: "div:first-of-type {"
              text run at (154,9) width 1: " "
              text run at (6,24) width 8: "}"
              text run at (13,24) width 1: " "
              text run at (6,39) width 0: " "
              text run at (6,54) width 227: "<div id='insertBefore'></div>"
              text run at (232,54) width 1: " "
              text run at (6,69) width 0: " "
              text run at (6,84) width 383: "var ib = document.getElementById('insertBefore');"
              text run at (388,84) width 1: " "
              text run at (6,99) width 508: "ib.parentElement.insertBefore(document.createElement(\"div\"), ib);"
          RenderBlock {P} at (16,189) size 582x18
            RenderText {#text} at (0,0) size 536x17
              text run at (0,0) width 536: "The original div element should not be a match for the :first-of-type selector."
