layer at (0,0) size 800x600
  RenderView at (0,0) size 800x600
layer at (0,0) size 800x600
  RenderBlock {HTML} at (0,0) size 800x600
    RenderBody {BODY} at (8,8) size 784x576
      RenderBlock {P} at (0,0) size 784x36
        RenderText {#text} at (0,0) size 55x17
          text run at (0,0) width 55: "Test for "
        RenderInline {I} at (0,0) size 761x35
          RenderInline {A} at (0,0) size 312x17 [color=#0000EE]
            RenderText {#text} at (54,0) size 312x17
              text run at (54,0) width 312: "https://bugs.webkit.org/show_bug.cgi?id=34147"
          RenderText {#text} at (365,0) size 761x35
            text run at (365,0) width 396: " If @font-face does not provide an explicit italic/bold variant,"
            text run at (0,18) width 96: "regular is used"
        RenderText {#text} at (96,18) size 4x17
          text run at (96,18) width 4: "."
      RenderBlock {P} at (0,52) size 784x18
        RenderText {#text} at (0,0) size 93x17
          text run at (0,0) width 93: "Ahem regular:"
      RenderBlock {P} at (0,86) size 784x16
        RenderText {#text} at (0,0) size 193x16
          text run at (0,0) width 193: "Ahem regular"
      RenderBlock {P} at (0,118) size 784x18
        RenderText {#text} at (0,0) size 138x17
          text run at (0,0) width 138: "Ahem synthetic bold:"
      RenderBlock (anonymous) at (0,152) size 784x0
        RenderInline {STRONG} at (0,0) size 0x0
      RenderBlock (anonymous) at (0,152) size 784x16
        RenderBlock {P} at (0,0) size 784x16
          RenderText {#text} at (0,0) size 305x16
            text run at (0,0) width 305: "Ahem synthetic bold"
      RenderBlock (anonymous) at (0,184) size 784x0
        RenderInline {STRONG} at (0,0) size 0x0
        RenderText {#text} at (0,0) size 0x0
      RenderBlock {P} at (0,184) size 784x18
        RenderText {#text} at (0,0) size 142x17
          text run at (0,0) width 142: "Ahem synthetic italic:"
      RenderBlock (anonymous) at (0,218) size 784x0
        RenderInline {I} at (0,0) size 0x0
      RenderBlock (anonymous) at (0,218) size 784x16
        RenderBlock {P} at (0,0) size 784x16
          RenderText {#text} at (0,0) size 337x16
            text run at (0,0) width 337: "Ahem synthetic italic"
      RenderBlock (anonymous) at (0,250) size 784x0
        RenderInline {I} at (0,0) size 0x0
        RenderText {#text} at (0,0) size 0x0
      RenderBlock {P} at (0,250) size 784x18
        RenderText {#text} at (0,0) size 174x17
          text run at (0,0) width 174: "Ahem synthetic bold italic:"
      RenderBlock (anonymous) at (0,284) size 784x0
        RenderInline {STRONG} at (0,0) size 0x0
          RenderInline {I} at (0,0) size 0x0
      RenderBlock (anonymous) at (0,284) size 784x16
        RenderBlock {P} at (0,0) size 784x16
          RenderText {#text} at (0,0) size 417x16
            text run at (0,0) width 417: "Ahem synthetic bold italic"
      RenderBlock (anonymous) at (0,316) size 784x0
        RenderInline {STRONG} at (0,0) size 0x0
          RenderInline {I} at (0,0) size 0x0
        RenderText {#text} at (0,0) size 0x0
        RenderText {#text} at (0,0) size 0x0
