layer at (0,0) size 800x600
  RenderView at (0,0) size 800x600
layer at (0,0) size 800x597
  RenderBlock {HTML} at (0,0) size 800x597
    RenderBody {BODY} at (8,16) size 784x565
      RenderBlock {P} at (0,0) size 784x18
        RenderText {#text} at (0,0) size 471x17
          text run at (0,0) width 471: "Fails indicate that the font property specification is invalid in strict mode."
      RenderBlock {P} at (0,50) size 784x37
        RenderText {#text} at (0,0) size 220x36
          text run at (0,0) width 220: "24pt italic = 24pt"
      RenderBlock {P} at (0,119) size 784x37
        RenderText {#text} at (0,0) size 294x36
          text run at (0,0) width 294: "24pt italic Arial = 24pt"
      RenderBlock {P} at (0,188) size 784x37
        RenderText {#text} at (0,0) size 392x36
          text run at (0,0) width 392: "24pt italic 'Arial' = 24pt Arial"
      RenderBlock {P} at (0,257) size 784x18
        RenderText {#text} at (0,0) size 109x17
          text run at (0,0) width 109: "italic 24pt = fails"
      RenderBlock {P} at (0,307) size 784x37
        RenderText {#text} at (0,0) size 455x36
          text run at (0,0) width 455: "italic 24pt Arial = 24pt Arial Italic"
      RenderBlock {P} at (0,376) size 784x37
        RenderText {#text} at (0,0) size 467x36
          text run at (0,0) width 467: "italic 24pt 'Arial' = 24pt Arial Italic"
      RenderBlock {P} at (0,445) size 784x18
        RenderText {#text} at (0,0) size 146x17
          text run at (0,0) width 146: "Arial 24pt italic = fails"
      RenderBlock {P} at (0,479) size 784x18
        RenderText {#text} at (0,0) size 152x17
          text run at (0,0) width 152: "'Arial' 24pt italic = fails"
      RenderBlock {P} at (0,513) size 784x18
        RenderText {#text} at (0,0) size 146x17
          text run at (0,0) width 146: "Arial italic 24pt = fails"
      RenderBlock {P} at (0,547) size 784x18
        RenderText {#text} at (0,0) size 152x17
          text run at (0,0) width 152: "'Arial' italic 24pt = fails"
