layer at (0,0) size 800x600
  RenderView at (0,0) size 800x600
layer at (0,0) size 800x405
  RenderBlock {HTML} at (0,0) size 800x405
    RenderBody {BODY} at (8,16) size 784x184
      RenderBlock {P} at (0,0) size 784x18
        RenderText {#text} at (0,0) size 448x17
          text run at (0,0) width 448: "For each of pairs, the first one and the second one should be identical."
        RenderText {#text} at (0,0) size 0x0
      RenderTable {TABLE} at (0,34) size 150x355
        RenderTableSection {TBODY} at (0,0) size 150x355
          RenderTableRow {TR} at (0,2) size 150x73
            RenderTableCell {TD} at (2,2) size 72x73 [r=0 c=0 rs=1 cs=1]
              RenderBlock {SECTION} at (1,1) size 70x71
                RenderBlock {HR} at (0,0) size 70x2 [border: (1px inset #000000)]
                RenderBlock {H1} at (0,21) size 70x29 [border: (1px solid #00FF00)]
                  RenderText {#text} at (1,1) size 68x26
                    text run at (1,1) width 68: "MMM"
                RenderBlock {HR} at (0,69) size 70x2 [border: (1px inset #000000)]
            RenderTableCell {TD} at (76,2) size 72x73 [r=0 c=1 rs=1 cs=1]
              RenderBlock {HR} at (1,1) size 70x2 [border: (1px inset #000000)]
              RenderBlock {H2} at (1,22) size 70x29 [border: (1px solid #00FF00)]
                RenderText {#text} at (1,1) size 68x26
                  text run at (1,1) width 68: "MMM"
              RenderBlock {HR} at (1,70) size 70x2 [border: (1px inset #000000)]
          RenderTableRow {TR} at (0,77) size 150x66
            RenderTableCell {TD} at (2,77) size 72x66 [r=1 c=0 rs=1 cs=1]
              RenderBlock {ARTICLE} at (1,1) size 70x64
                RenderBlock {SECTION} at (0,0) size 70x64
                  RenderBlock {HR} at (0,0) size 70x2 [border: (1px inset #000000)]
                  RenderBlock {H1} at (0,20) size 70x24 [border: (1px solid #00FF00)]
                    RenderText {#text} at (1,1) size 54x21
                      text run at (1,1) width 54: "MMM"
                  RenderBlock {HR} at (0,62) size 70x2 [border: (1px inset #000000)]
            RenderTableCell {TD} at (76,77) size 72x66 [r=1 c=1 rs=1 cs=1]
              RenderBlock {HR} at (1,1) size 70x2 [border: (1px inset #000000)]
              RenderBlock {H3} at (1,21) size 70x24 [border: (1px solid #00FF00)]
                RenderText {#text} at (1,1) size 54x21
                  text run at (1,1) width 54: "MMM"
              RenderBlock {HR} at (1,63) size 70x2 [border: (1px inset #000000)]
          RenderTableRow {TR} at (0,145) size 150x68
            RenderTableCell {TD} at (2,145) size 72x68 [r=2 c=0 rs=1 cs=1]
              RenderBlock {NAV} at (1,1) size 70x66
                RenderBlock {ARTICLE} at (0,0) size 70x66
                  RenderBlock {SECTION} at (0,0) size 70x66
                    RenderBlock {HR} at (0,0) size 70x2 [border: (1px inset #000000)]
                    RenderBlock {H1} at (0,23) size 70x20 [border: (1px solid #00FF00)]
                      RenderText {#text} at (1,1) size 46x17
                        text run at (1,1) width 46: "MMM"
                    RenderBlock {HR} at (0,64) size 70x2 [border: (1px inset #000000)]
            RenderTableCell {TD} at (76,145) size 72x68 [r=2 c=1 rs=1 cs=1]
              RenderBlock {HR} at (1,1) size 70x2 [border: (1px inset #000000)]
              RenderBlock {H4} at (1,24) size 70x20 [border: (1px solid #00FF00)]
                RenderText {#text} at (1,1) size 46x17
                  text run at (1,1) width 46: "MMM"
              RenderBlock {HR} at (1,65) size 70x2 [border: (1px inset #000000)]
          RenderTableRow {TR} at (0,215) size 150x68
            RenderTableCell {TD} at (2,215) size 72x68 [r=3 c=0 rs=1 cs=1]
              RenderBlock {NAV} at (1,1) size 70x66
                RenderBlock {ASIDE} at (0,0) size 70x66
                  RenderBlock {ARTICLE} at (0,0) size 70x66
                    RenderBlock {SECTION} at (0,0) size 70x66
                      RenderBlock {HR} at (0,0) size 70x2 [border: (1px inset #000000)]
                      RenderBlock {H1} at (0,24) size 70x18 [border: (1px solid #00FF00)]
                        RenderText {#text} at (1,1) size 37x15
                          text run at (1,1) width 37: "MMM"
                      RenderBlock {HR} at (0,64) size 70x2 [border: (1px inset #000000)]
            RenderTableCell {TD} at (76,215) size 72x68 [r=3 c=1 rs=1 cs=1]
              RenderBlock {HR} at (1,1) size 70x2 [border: (1px inset #000000)]
              RenderBlock {H5} at (1,25) size 70x18 [border: (1px solid #00FF00)]
                RenderText {#text} at (1,1) size 37x15
                  text run at (1,1) width 37: "MMM"
              RenderBlock {HR} at (1,65) size 70x2 [border: (1px inset #000000)]
          RenderTableRow {TR} at (0,285) size 150x68
            RenderTableCell {TD} at (2,285) size 72x68 [r=4 c=0 rs=1 cs=1]
              RenderBlock {SECTION} at (1,1) size 70x66
                RenderBlock {DIV} at (0,0) size 70x66
                  RenderBlock {NAV} at (0,0) size 70x66
                    RenderBlock {ASIDE} at (0,0) size 70x66
                      RenderBlock {ARTICLE} at (0,0) size 70x66
                        RenderBlock {SECTION} at (0,0) size 70x66
                          RenderBlock {HR} at (0,0) size 70x2 [border: (1px inset #000000)]
                          RenderBlock {H1} at (0,26) size 70x14 [border: (1px solid #00FF00)]
                            RenderText {#text} at (1,1) size 32x12
                              text run at (1,1) width 32: "MMM"
                          RenderBlock {HR} at (0,64) size 70x2 [border: (1px inset #000000)]
                  RenderBlock {DIV} at (0,66) size 70x0
            RenderTableCell {TD} at (76,285) size 72x68 [r=4 c=1 rs=1 cs=1]
              RenderBlock {HR} at (1,1) size 70x2 [border: (1px inset #000000)]
              RenderBlock {H6} at (1,27) size 70x14 [border: (1px solid #00FF00)]
                RenderText {#text} at (1,1) size 32x12
                  text run at (1,1) width 32: "MMM"
              RenderBlock {HR} at (1,65) size 70x2 [border: (1px inset #000000)]
      RenderTable {TABLE} at (150,34) size 355x150
        RenderTableSection {TBODY} at (0,0) size 355x150
          RenderTableRow {TR} at (0,2) size 73x150
            RenderTableCell {TD} at (2,2) size 73x72 [r=0 c=0 rs=1 cs=1]
              RenderBlock {SECTION} at (1,1) size 71x70
                RenderBlock {HR} at (0,0) size 2x70 [border: (1px inset #000000)]
                RenderBlock {H1} at (21,0) size 29x70 [border: (1px solid #00FF00)]
                  RenderText {#text} at (1,1) size 26x68
                    text run at (1,1) width 68: "MMM"
                RenderBlock {HR} at (69,0) size 2x70 [border: (1px inset #000000)]
            RenderTableCell {TD} at (2,76) size 73x72 [r=0 c=1 rs=1 cs=1]
              RenderBlock {HR} at (1,1) size 2x70 [border: (1px inset #000000)]
              RenderBlock {H2} at (22,1) size 29x70 [border: (1px solid #00FF00)]
                RenderText {#text} at (1,1) size 26x68
                  text run at (1,1) width 68: "MMM"
              RenderBlock {HR} at (70,1) size 2x70 [border: (1px inset #000000)]
          RenderTableRow {TR} at (0,77) size 66x150
            RenderTableCell {TD} at (77,2) size 66x72 [r=1 c=0 rs=1 cs=1]
              RenderBlock {ARTICLE} at (1,1) size 64x70
                RenderBlock {SECTION} at (0,0) size 64x70
                  RenderBlock {HR} at (0,0) size 2x70 [border: (1px inset #000000)]
                  RenderBlock {H1} at (20,0) size 24x70 [border: (1px solid #00FF00)]
                    RenderText {#text} at (1,1) size 21x54
                      text run at (1,1) width 54: "MMM"
                  RenderBlock {HR} at (62,0) size 2x70 [border: (1px inset #000000)]
            RenderTableCell {TD} at (77,76) size 66x72 [r=1 c=1 rs=1 cs=1]
              RenderBlock {HR} at (1,1) size 2x70 [border: (1px inset #000000)]
              RenderBlock {H3} at (21,1) size 24x70 [border: (1px solid #00FF00)]
                RenderText {#text} at (1,1) size 21x54
                  text run at (1,1) width 54: "MMM"
              RenderBlock {HR} at (63,1) size 2x70 [border: (1px inset #000000)]
          RenderTableRow {TR} at (0,145) size 68x150
            RenderTableCell {TD} at (145,2) size 68x72 [r=2 c=0 rs=1 cs=1]
              RenderBlock {NAV} at (1,1) size 66x70
                RenderBlock {ARTICLE} at (0,0) size 66x70
                  RenderBlock {SECTION} at (0,0) size 66x70
                    RenderBlock {HR} at (0,0) size 2x70 [border: (1px inset #000000)]
                    RenderBlock {H1} at (23,0) size 20x70 [border: (1px solid #00FF00)]
                      RenderText {#text} at (1,1) size 17x46
                        text run at (1,1) width 46: "MMM"
                    RenderBlock {HR} at (64,0) size 2x70 [border: (1px inset #000000)]
            RenderTableCell {TD} at (145,76) size 68x72 [r=2 c=1 rs=1 cs=1]
              RenderBlock {HR} at (1,1) size 2x70 [border: (1px inset #000000)]
              RenderBlock {H4} at (24,1) size 20x70 [border: (1px solid #00FF00)]
                RenderText {#text} at (1,1) size 17x46
                  text run at (1,1) width 46: "MMM"
              RenderBlock {HR} at (65,1) size 2x70 [border: (1px inset #000000)]
          RenderTableRow {TR} at (0,215) size 68x150
            RenderTableCell {TD} at (215,2) size 68x72 [r=3 c=0 rs=1 cs=1]
              RenderBlock {NAV} at (1,1) size 66x70
                RenderBlock {ASIDE} at (0,0) size 66x70
                  RenderBlock {ARTICLE} at (0,0) size 66x70
                    RenderBlock {SECTION} at (0,0) size 66x70
                      RenderBlock {HR} at (0,0) size 2x70 [border: (1px inset #000000)]
                      RenderBlock {H1} at (24,0) size 18x70 [border: (1px solid #00FF00)]
                        RenderText {#text} at (1,1) size 15x37
                          text run at (1,1) width 37: "MMM"
                      RenderBlock {HR} at (64,0) size 2x70 [border: (1px inset #000000)]
            RenderTableCell {TD} at (215,76) size 68x72 [r=3 c=1 rs=1 cs=1]
              RenderBlock {HR} at (1,1) size 2x70 [border: (1px inset #000000)]
              RenderBlock {H5} at (25,1) size 18x70 [border: (1px solid #00FF00)]
                RenderText {#text} at (1,1) size 15x37
                  text run at (1,1) width 37: "MMM"
              RenderBlock {HR} at (65,1) size 2x70 [border: (1px inset #000000)]
          RenderTableRow {TR} at (0,285) size 68x150
            RenderTableCell {TD} at (285,2) size 68x72 [r=4 c=0 rs=1 cs=1]
              RenderBlock {SECTION} at (1,1) size 66x70
                RenderBlock {DIV} at (0,0) size 66x70
                  RenderBlock {NAV} at (0,0) size 66x70
                    RenderBlock {ASIDE} at (0,0) size 66x70
                      RenderBlock {ARTICLE} at (0,0) size 66x70
                        RenderBlock {SECTION} at (0,0) size 66x70
                          RenderBlock {HR} at (0,0) size 2x70 [border: (1px inset #000000)]
                          RenderBlock {H1} at (26,0) size 14x70 [border: (1px solid #00FF00)]
                            RenderText {#text} at (1,1) size 12x32
                              text run at (1,1) width 32: "MMM"
                          RenderBlock {HR} at (64,0) size 2x70 [border: (1px inset #000000)]
                  RenderBlock {DIV} at (66,0) size 0x70
            RenderTableCell {TD} at (285,76) size 68x72 [r=4 c=1 rs=1 cs=1]
              RenderBlock {HR} at (1,1) size 2x70 [border: (1px inset #000000)]
              RenderBlock {H6} at (27,1) size 14x70 [border: (1px solid #00FF00)]
                RenderText {#text} at (1,1) size 12x32
                  text run at (1,1) width 32: "MMM"
              RenderBlock {HR} at (65,1) size 2x70 [border: (1px inset #000000)]
