layer at (0,0) size 784x1341
  RenderView at (0,0) size 784x600
layer at (0,0) size 784x1341
  RenderBlock {HTML} at (0,0) size 784x1341
    RenderBody {BODY} at (8,8) size 768x1312
      RenderBlock {H1} at (0,0) size 768x37 [color=#FF0000]
        RenderText {#text} at (0,0) size 525x36
          text run at (0,0) width 525: "This should be red: hsl(0, 100%, 50%)"
      RenderBlock {H1} at (0,58) size 768x37 [color=#00FF00]
        RenderText {#text} at (0,0) size 587x36
          text run at (0,0) width 587: "This should be green: hsl(120, 100%, 50%)"
      RenderBlock {H1} at (0,116) size 768x37 [color=#00FFFF]
        RenderText {#text} at (0,0) size 578x36
          text run at (0,0) width 578: "This should be aqua: hsl(180, 100%, 50%)"
      RenderBlock {H1} at (0,174) size 768x37 [color=#0000FF]
        RenderText {#text} at (0,0) size 570x36
          text run at (0,0) width 570: "This should be blue: hsl(240, 100%, 50%)"
      RenderBlock {H1} at (0,232) size 768x37 [color=#7FFF7F]
        RenderText {#text} at (0,0) size 657x36
          text run at (0,0) width 657: "This should be light green: hsl(120, 100%, 75%)"
      RenderBlock {H1} at (0,290) size 768x37 [color=#007F00]
        RenderText {#text} at (0,0) size 661x36
          text run at (0,0) width 661: "This should be dark green: hsl(120, 100%, 25%)"
      RenderBlock {H1} at (0,348) size 768x37 [color=#3FBF3F]
        RenderText {#text} at (0,0) size 659x36
          text run at (0,0) width 659: "This should be pastel green: hsl(120, 50%, 50%)"
      RenderBlock (anonymous) at (0,406) size 768x36
        RenderInline {B} at (0,0) size 142x17
          RenderText {#text} at (0,0) size 142x17
            text run at (0,0) width 142: "Out of bounds cases:"
        RenderBR {BR} at (141,14) size 1x0
        RenderText {#text} at (0,18) size 412x17
          text run at (0,18) width 412: "Check percentages larger than 100%, should be limited to 100%"
      RenderBlock {H1} at (0,463) size 768x37 [color=#00FF00]
        RenderText {#text} at (0,0) size 587x36
          text run at (0,0) width 587: "This should be green: hsl(120, 100%, 50%)"
      RenderBlock {H1} at (0,521) size 768x37 [color=#00FF00]
        RenderText {#text} at (0,0) size 638x36
          text run at (0,0) width 638: "This should be green too: hsl(120, 200%, 50%)"
      RenderBlock (anonymous) at (0,579) size 768x18
        RenderText {#text} at (0,0) size 480x17
          text run at (0,0) width 480: "Check percentages less than 0% (negative values), should be limited to 0%"
      RenderBlock {H1} at (0,618) size 768x37 [color=#7F7F7F]
        RenderText {#text} at (0,0) size 539x36
          text run at (0,0) width 539: "This should be grey: hsl(120, 0%, 50%)"
      RenderBlock {H1} at (0,676) size 768x37 [color=#7F7F7F]
        RenderText {#text} at (0,0) size 641x36
          text run at (0,0) width 641: "This should be grey, too: hsl(120, -100%, 50%)"
      RenderBlock (anonymous) at (0,734) size 768x36
        RenderText {#text} at (0,0) size 765x35
          text run at (0,0) width 765: "Check Hue values that are larger than 360, should be normalized back to a value between 0 and 360. As Hue values are"
          text run at (0,18) width 461: "in degrees, there is no maximum like percentages, they are loop around."
      RenderBlock {H1} at (0,791) size 768x37 [color=#007F00]
        RenderText {#text} at (0,0) size 661x36
          text run at (0,0) width 661: "This should be dark green: hsl(120, 100%, 25%)"
      RenderBlock {H1} at (0,849) size 768x37 [color=#007F00]
        RenderText {#text} at (0,0) size 720x36
          text run at (0,0) width 720: "This should be dark green, too: hsl(480, 100%, 25%)"
      RenderBlock (anonymous) at (0,907) size 768x18
        RenderText {#text} at (0,0) size 261x17
          text run at (0,0) width 261: "Check Hue values with a negative angle."
      RenderBlock {H1} at (0,946) size 768x37 [color=#7FFF7F]
        RenderText {#text} at (0,0) size 657x36
          text run at (0,0) width 657: "This should be light green: hsl(120, 100%, 75%)"
      RenderBlock {H1} at (0,1004) size 768x37 [color=#7FFF7F]
        RenderText {#text} at (0,0) size 727x36
          text run at (0,0) width 727: "This should be light green, too: hsl(-240, 100%, 75%)"
      RenderBlock {H1} at (0,1062) size 768x37 [color=#7FFF7F]
        RenderText {#text} at (0,0) size 727x36
          text run at (0,0) width 727: "This should be light green, too: hsl(-600, 100%, 75%)"
      RenderBlock (anonymous) at (0,1120) size 768x18
        RenderText {#text} at (0,0) size 300x17
          text run at (0,0) width 300: "Check Hues values with a floating point angle."
      RenderBlock {H1} at (0,1159) size 768x37 [color=#FF0000]
        RenderText {#text} at (0,0) size 549x36
          text run at (0,0) width 549: "This should be red: hsl(0.0, 100%, 50%)"
      RenderBlock {H1} at (0,1217) size 768x37 [color=#00FF00]
        RenderText {#text} at (0,0) size 627x36
          text run at (0,0) width 627: "This should be green: hsl(120.00, 100%, 50%)"
      RenderBlock {H1} at (0,1275) size 768x37 [color=#0000FF]
        RenderText {#text} at (0,0) size 626x36
          text run at (0,0) width 626: "This should be blue: hsl(240.000, 100%, 50%)"
