layer at (0,0) size 800x600
  RenderView at (0,0) size 800x600
layer at (0,0) size 800x600
  RenderBlock {HTML} at (0,0) size 800x600
    RenderBody {BODY} at (8,8) size 784x584
      RenderTextControl {INPUT} at (2,2) size 501x80 [bgcolor=#FFFFFF] [border: (2px inset #000000)]
        RenderFlexibleBox {DIV} at (3,3) size 495x45
          RenderBlock {DIV} at (0,22) size 0x0
          RenderBlock {DIV} at (0,0) size 455x45
          RenderImage {DIV} at (455,2) size 40x41
      RenderBR {BR} at (505,41) size 0x0
      RenderTextControl {INPUT} at (2,86) size 461x80 [bgcolor=#FFFFFF] [border: (2px inset #000000)]
      RenderBR {BR} at (465,125) size 0x0
      RenderTextControl {INPUT} at (2,168) size 260x25 [bgcolor=#FFFFFF] [border: (2px inset #000000)]
        RenderFlexibleBox {DIV} at (6,1) size 248x23
          RenderBlock {DIV} at (0,11) size 0x0
          RenderBlock {DIV} at (0,0) size 228x23
          RenderImage {DIV} at (228,1) size 20x21
layer at (13,13) size 455x45
  RenderBlock {DIV} at (0,0) size 455x45
    RenderText {#text} at (0,0) size 362x44
      text run at (0,0) width 362: "value jgq not clipped"
layer at (13,97) size 455x45
  RenderBlock {DIV} at (3,3) size 455x45
    RenderText {#text} at (0,0) size 362x44
      text run at (0,0) width 362: "value jgq not clipped"
layer at (16,177) size 228x23
  RenderBlock {DIV} at (0,0) size 228x23
    RenderText {#text} at (0,0) size 118x22
      text run at (0,0) width 118: "Sample Input"
