layer at (0,0) size 800x600
  RenderView at (0,0) size 800x600
layer at (0,0) size 800x76
  RenderBlock {HTML} at (0,0) size 800x76
    RenderBody {BODY} at (8,16) size 784x52
      RenderBlock {P} at (0,0) size 784x19
        RenderText {#text} at (0,0) size 268x19
          text run at (0,0) width 268: "There should be no red below, only green."
      RenderBlock {DIV} at (0,35) size 16x17 [color=#008000] [bgcolor=#FF0000]
        RenderText {#text} at (0,0) size 16x17
          text run at (0,0) width 16: "X"
