layer at (0,0) size 784x32802
  RenderView at (0,0) size 784x600
layer at (0,0) size 784x32802
  RenderBlock {HTML} at (0,0) size 784x32802
    RenderBody {BODY} at (8,8) size 768x32786
      RenderBlock (anonymous) at (0,0) size 768x18
        RenderText {#text} at (0,0) size 568x17
          text run at (0,0) width 568: "You should see a large green block below that is 32,768px tall. No red should be visible."
        RenderBR {BR} at (567,14) size 1x0
      RenderBlock {DIV} at (0,18) size 768x32768 [bgcolor=#FF0000]
        RenderPartObject {IFRAME} at (0,0) size 768x32768 [bgcolor=#008000]
          layer at (0,0) size 768x32768
            RenderView at (0,0) size 768x32768
          layer at (0,0) size 768x32768
            RenderBlock {HTML} at (0,0) size 768x32768
              RenderBody {BODY} at (8,8) size 752x32752
        RenderText {#text} at (0,0) size 0x0
