layer at (0,0) size 800x600
  RenderView at (0,0) size 800x600
layer at (0,0) size 800x272
  RenderBlock {HTML} at (0,0) size 800x272
    RenderBody {BODY} at (8,12) size 784x248
      RenderBlock {P} at (0,0) size 784x30
        RenderText {#text} at (0,0) size 775x29
          text run at (0,0) width 775: "This test verifies that line height is determined solely by a box's primary font, not by its fallback fonts. The following two lines should have a solid, unbroken red"
          text run at (0,15) width 81: "line below them:"
      RenderBlock {DIV} at (0,42) size 784x97
        RenderBlock {UL} at (0,0) size 567x97
          RenderBlock (floating) {LI} at (40,0) size 48x31 [border: (1px solid #FF0000) none]
            RenderInline {A} at (0,0) size 26x15
              RenderText {#text} at (12,7) size 26x15
                text run at (12,7) width 26: "\x{6EE8}\x{5D0E}\x{6B65}"
          RenderBlock (floating) {LI} at (88,0) size 55x31 [border: (1px solid #FF0000) none]
            RenderInline {A} at (0,0) size 33x20
              RenderText {#text} at (12,5) size 33x20
                text run at (12,5) width 33: "\x{8521}\x{4F9D}\x{6797}"
          RenderBlock (floating) {LI} at (143,0) size 66x31 [border: (1px solid #FF0000) none]
            RenderInline {A} at (0,0) size 44x26
              RenderText {#text} at (12,2) size 44x26
                text run at (12,2) width 44: "\x{9648}\x{7EEE}\x{8D1E}"
          RenderBlock (floating) {LI} at (209,0) size 55x31 [border: (1px solid #FF0000) none]
            RenderInline {A} at (0,0) size 33x20
              RenderText {#text} at (12,5) size 33x20
                text run at (12,5) width 33: "\x{9648}\x{5955}\x{8FC5}"
          RenderBlock (floating) {LI} at (264,0) size 44x31 [border: (1px solid #FF0000) none]
            RenderInline {A} at (0,0) size 22x14
              RenderText {#text} at (12,8) size 22x14
                text run at (12,8) width 22: "\x{9ED1}\x{9E2D}\x{5B50}"
          RenderBlock (floating) {LI} at (308,0) size 48x31 [border: (1px solid #FF0000) none]
            RenderInline {A} at (0,0) size 26x15
              RenderText {#text} at (12,7) size 26x15
                text run at (12,7) width 26: "\x{674E}\x{5B87}\x{6625}"
          RenderBlock (floating) {LI} at (356,0) size 48x31 [border: (1px solid #FF0000) none]
            RenderInline {A} at (0,0) size 26x15
              RenderText {#text} at (12,7) size 26x15
                text run at (12,7) width 26: "\x{6881}\x{9759}\x{8339}"
      RenderBlock {DIV} at (0,151) size 784x97
        RenderBlock {UL} at (0,0) size 567x97
          RenderBlock (floating) {LI} at (40,0) size 48x31 [border: (1px solid #FF0000) none]
            RenderText {#text} at (12,7) size 26x15
              text run at (12,7) width 26: "\x{6EE8}\x{5D0E}\x{6B65}"
          RenderBlock (floating) {LI} at (88,0) size 55x31 [border: (1px solid #FF0000) none]
            RenderText {#text} at (12,5) size 33x20
              text run at (12,5) width 33: "\x{8521}\x{4F9D}\x{6797}"
          RenderBlock (floating) {LI} at (143,0) size 66x31 [border: (1px solid #FF0000) none]
            RenderText {#text} at (12,2) size 44x26
              text run at (12,2) width 44: "\x{9648}\x{7EEE}\x{8D1E}"
          RenderBlock (floating) {LI} at (209,0) size 55x31 [border: (1px solid #FF0000) none]
            RenderText {#text} at (12,5) size 33x20
              text run at (12,5) width 33: "\x{9648}\x{5955}\x{8FC5}"
          RenderBlock (floating) {LI} at (264,0) size 44x31 [border: (1px solid #FF0000) none]
            RenderText {#text} at (12,8) size 22x14
              text run at (12,8) width 22: "\x{9ED1}\x{9E2D}\x{5B50}"
          RenderBlock (floating) {LI} at (308,0) size 48x31 [border: (1px solid #FF0000) none]
            RenderText {#text} at (12,7) size 26x15
              text run at (12,7) width 26: "\x{674E}\x{5B87}\x{6625}"
          RenderBlock (floating) {LI} at (356,0) size 48x31 [border: (1px solid #FF0000) none]
            RenderText {#text} at (12,7) size 26x15
              text run at (12,7) width 26: "\x{6881}\x{9759}\x{8339}"
