layer at (0,0) size 800x600
  RenderView at (0,0) size 800x600
layer at (0,0) size 800x600
  RenderBlock {HTML} at (0,0) size 800x600
    RenderBody {BODY} at (8,8) size 784x582
      RenderBlock {P} at (0,0) size 784x18
        RenderText {#text} at (0,0) size 332x17
          text run at (0,0) width 332: "Test :nth-child() when dynamically adding siblings."
      RenderBlock {P} at (0,34) size 784x18
        RenderInline {A} at (0,0) size 310x17 [color=#0000EE]
          RenderText {#text} at (0,0) size 310x17
            text run at (0,0) width 310: "https://bugs.webkit.org/show_bug.cgi?id=26362"
      RenderBlock {DIV} at (10,68) size 764x210 [border: (1px solid #000000)]
        RenderBlock {P} at (11,6) size 747x18 [color=#FF0000]
          RenderText {#text} at (0,0) size 62x17
            text run at (0,0) width 13: "P "
            text run at (12,0) width 50: "red text"
        RenderBlock {DIV} at (6,24) size 752x18
          RenderText {#text} at (0,0) size 29x17
            text run at (0,0) width 29: "DIV"
        RenderBlock {P} at (11,42) size 747x18
          RenderText {#text} at (0,0) size 9x17
            text run at (0,0) width 9: "P"
        RenderBlock {DIV} at (6,60) size 752x18 [color=#FF0000] [bgcolor=#9999FF]
          RenderText {#text} at (0,0) size 133x17
            text run at (0,0) width 33: "DIV "
            text run at (32,0) width 53: "red text "
            text run at (84,0) width 49: "blue bg"
        RenderBlock {P} at (11,78) size 747x18
          RenderText {#text} at (0,0) size 9x17
            text run at (0,0) width 9: "P"
        RenderBlock {DIV} at (6,96) size 752x18
          RenderText {#text} at (0,0) size 29x17
            text run at (0,0) width 29: "DIV"
        RenderBlock {P} at (11,114) size 747x18 [color=#FF0000]
          RenderText {#text} at (0,0) size 62x17
            text run at (0,0) width 13: "P "
            text run at (12,0) width 50: "red text"
        RenderBlock {DIV} at (6,132) size 752x18
          RenderText {#text} at (0,0) size 29x17
            text run at (0,0) width 29: "DIV"
        RenderBlock {P} at (11,150) size 747x18
          RenderText {#text} at (0,0) size 9x17
            text run at (0,0) width 9: "P"
        RenderBlock {DIV} at (6,168) size 752x18 [color=#FF0000]
          RenderText {#text} at (0,0) size 81x17
            text run at (0,0) width 33: "DIV "
            text run at (32,0) width 49: "red text"
        RenderBlock {P} at (11,186) size 747x18
          RenderText {#text} at (0,0) size 9x17
            text run at (0,0) width 9: "P"
      RenderBlock {DIV} at (10,288) size 764x228 [border: (1px solid #000000)]
        RenderText {#text} at (6,6) size 266x17
          text run at (6,6) width 266: "child 0: PASS: found color rgb(255, 0, 0)"
        RenderBR {BR} at (271,20) size 1x0
        RenderText {#text} at (6,24) size 250x17
          text run at (6,24) width 250: "child 1: PASS: found color rgb(0, 0, 0)"
        RenderBR {BR} at (255,38) size 1x0
        RenderText {#text} at (6,42) size 250x17
          text run at (6,42) width 250: "child 2: PASS: found color rgb(0, 0, 0)"
        RenderBR {BR} at (255,56) size 1x0
        RenderText {#text} at (6,60) size 266x17
          text run at (6,60) width 266: "child 3: PASS: found color rgb(255, 0, 0)"
        RenderBR {BR} at (271,74) size 1x0
        RenderText {#text} at (6,78) size 250x17
          text run at (6,78) width 250: "child 4: PASS: found color rgb(0, 0, 0)"
        RenderBR {BR} at (255,92) size 1x0
        RenderText {#text} at (6,96) size 250x17
          text run at (6,96) width 250: "child 5: PASS: found color rgb(0, 0, 0)"
        RenderBR {BR} at (255,110) size 1x0
        RenderText {#text} at (6,114) size 266x17
          text run at (6,114) width 266: "child 6: PASS: found color rgb(255, 0, 0)"
        RenderBR {BR} at (271,128) size 1x0
        RenderText {#text} at (6,132) size 250x17
          text run at (6,132) width 250: "child 7: PASS: found color rgb(0, 0, 0)"
        RenderBR {BR} at (255,146) size 1x0
        RenderText {#text} at (6,150) size 250x17
          text run at (6,150) width 250: "child 8: PASS: found color rgb(0, 0, 0)"
        RenderBR {BR} at (255,164) size 1x0
        RenderText {#text} at (6,168) size 266x17
          text run at (6,168) width 266: "child 9: PASS: found color rgb(255, 0, 0)"
        RenderBR {BR} at (271,182) size 1x0
        RenderText {#text} at (6,186) size 258x17
          text run at (6,186) width 258: "child 10: PASS: found color rgb(0, 0, 0)"
        RenderBR {BR} at (263,200) size 1x0
        RenderText {#text} at (6,204) size 286x17
          text run at (6,204) width 286: "div 1: PASS: found color rgb(153, 153, 255)"
        RenderBR {BR} at (291,218) size 1x0
