layer at (0,0) size 784x1488
  RenderView at (0,0) size 784x600
layer at (0,0) size 784x1488
  RenderBlock {HTML} at (0,0) size 784x1488
    RenderBody {BODY} at (8,16) size 768x1424 [bgcolor=#FFFFFF]
      RenderBlock {P} at (0,0) size 768x18
        RenderText {#text} at (0,0) size 168x17
          text run at (0,0) width 168: "This page is part of the "
        RenderInline {A} at (0,0) size 73x17 [color=#0000EE]
          RenderText {#text} at (167,0) size 73x17
            text run at (167,0) width 73: "CSS3.info"
        RenderText {#text} at (239,0) size 5x17
          text run at (239,0) width 5: " "
        RenderInline {A} at (0,0) size 133x17 [color=#0000EE]
          RenderText {#text} at (243,0) size 133x17
            text run at (243,0) width 133: "CSS selectors test"
        RenderText {#text} at (375,0) size 136x17
          text run at (375,0) width 136: ". See more info on "
        RenderInline {A} at (0,0) size 111x17 [color=#0000EE]
          RenderText {#text} at (510,0) size 111x17
            text run at (510,0) width 111: "CSS3 selectors"
        RenderText {#text} at (620,0) size 6x17
          text run at (620,0) width 6: "."
      RenderBlock {DIV} at (0,34) size 768x0 [bgcolor=#009900]
      RenderBlock {OL} at (0,34) size 768x1390
        RenderListItem {LI} at (40,0) size 614x212 [bgcolor=#AAAAAA]
          RenderBlock {DIV} at (16,16) size 582x24 [bgcolor=#990000]
            RenderBlock {DIV} at (0,0) size 582x24 [bgcolor=#009900]
          RenderBlock {PRE} at (16,53) size 582x75 [bgcolor=#FFFFFF]
            RenderListMarker at (-36,6) size 16x17: "1"
            RenderText {#text} at (6,9) size 274x60
              text run at (6,9) width 141: "div:only-of-type {"
              text run at (146,9) width 1: " "
              text run at (6,24) width 8: "}"
              text run at (13,24) width 1: " "
              text run at (6,39) width 0: " "
              text run at (6,54) width 274: "<div>Does this element match?</div>"
          RenderBlock {P} at (16,144) size 582x36
            RenderText {#text} at (0,0) size 555x35
              text run at (0,0) width 555: "The CSS selector should match the marked div element, because it is the only"
              text run at (0,18) width 139: "element of this type"
        RenderListItem {LI} at (40,260) size 614x227 [bgcolor=#AAAAAA]
          RenderBlock {DIV} at (16,16) size 582x24 [bgcolor=#990000]
            RenderBlock {DIV} at (0,0) size 582x24 [bgcolor=#009900]
            RenderBlock {BLOCKQUOTE} at (0,24) size 582x0 [bgcolor=#009900]
          RenderBlock {PRE} at (16,53) size 582x90 [bgcolor=#FFFFFF]
            RenderListMarker at (-36,6) size 16x17: "2"
            RenderText {#text} at (6,9) size 274x75
              text run at (6,9) width 141: "div:only-of-type {"
              text run at (146,9) width 1: " "
              text run at (6,24) width 8: "}"
              text run at (13,24) width 1: " "
              text run at (6,39) width 0: " "
              text run at (6,54) width 274: "<div>Does this element match?</div>"
              text run at (279,54) width 1: " "
              text run at (6,69) width 196: "<blockquote></blockquote>"
          RenderBlock {P} at (16,159) size 582x36
            RenderText {#text} at (0,0) size 555x35
              text run at (0,0) width 555: "The CSS selector should match the marked div element, because it is the only"
              text run at (0,18) width 139: "element of this type"
        RenderListItem {LI} at (40,535) size 614x257 [bgcolor=#AAAAAA]
          RenderBlock {DIV} at (16,16) size 582x24 [bgcolor=#990000]
            RenderBlock {DIV} at (0,0) size 582x24 [bgcolor=#009900]
            RenderBlock {BLOCKQUOTE} at (0,24) size 582x0 [bgcolor=#009900]
              RenderBlock {DIV} at (0,0) size 582x0
          RenderBlock {PRE} at (16,53) size 582x120 [bgcolor=#FFFFFF]
            RenderListMarker at (-36,6) size 16x17: "3"
            RenderText {#text} at (6,9) size 274x105
              text run at (6,9) width 141: "div:only-of-type {"
              text run at (146,9) width 1: " "
              text run at (6,24) width 8: "}"
              text run at (13,24) width 1: " "
              text run at (6,39) width 0: " "
              text run at (6,54) width 274: "<div>Does this element match?</div>"
              text run at (279,54) width 1: " "
              text run at (6,69) width 94: "<blockquote>"
              text run at (99,69) width 1: " "
              text run at (6,84) width 110: "   <div></div>"
              text run at (115,84) width 1: " "
              text run at (6,99) width 102: "</blockquote>"
          RenderBlock {P} at (16,189) size 582x36
            RenderText {#text} at (0,0) size 555x35
              text run at (0,0) width 555: "The CSS selector should match the marked div element, because it is the only"
              text run at (0,18) width 233: "element of this type in this scope"
        RenderListItem {LI} at (40,840) size 614x227 [bgcolor=#AAAAAA]
          RenderBlock {DIV} at (16,16) size 582x24 [bgcolor=#009900]
            RenderBlock {DIV} at (0,0) size 582x24
            RenderBlock {DIV} at (0,24) size 582x0
          RenderBlock {PRE} at (16,53) size 582x90 [bgcolor=#FFFFFF]
            RenderListMarker at (-36,6) size 16x17: "4"
            RenderText {#text} at (6,9) size 274x75
              text run at (6,9) width 141: "div:only-of-type {"
              text run at (146,9) width 1: " "
              text run at (6,24) width 8: "}"
              text run at (13,24) width 1: " "
              text run at (6,39) width 0: " "
              text run at (6,54) width 274: "<div>Does this element match?</div>"
              text run at (279,54) width 1: " "
              text run at (6,69) width 86: "<div></div>"
          RenderBlock {P} at (16,159) size 582x36
            RenderText {#text} at (0,0) size 574x35
              text run at (0,0) width 574: "The CSS selector should not match the marked div element, because it is not the"
              text run at (0,18) width 173: "only element of this type"
        RenderListItem {LI} at (40,1115) size 614x275 [bgcolor=#AAAAAA]
          RenderBlock {DIV} at (16,16) size 582x24 [bgcolor=#009900]
            RenderBlock {DIV} at (0,0) size 582x24
            RenderBlock {DIV} at (0,24) size 582x0
          RenderBlock {PRE} at (16,53) size 582x120 [bgcolor=#FFFFFF]
            RenderListMarker at (-36,6) size 16x17: "5"
            RenderText {#text} at (6,9) size 469x105
              text run at (6,9) width 141: "div:only-of-type {"
              text run at (146,9) width 1: " "
              text run at (6,24) width 8: "}"
              text run at (13,24) width 1: " "
              text run at (6,39) width 0: " "
              text run at (6,54) width 219: "<div id='appendChild'></div>"
              text run at (224,54) width 1: " "
              text run at (6,69) width 0: " "
              text run at (6,84) width 375: "var ib = document.getElementById('appendChild');"
              text run at (380,84) width 1: " "
              text run at (6,99) width 469: "ib.parentElement.appendChild(document.createElement(\"div\"));"
          RenderBlock {P} at (16,189) size 582x54
            RenderText {#text} at (0,0) size 572x53
              text run at (0,0) width 523: "The CSS selector should not match the original div element, because it is "
              text run at (522,0) width 50: "not the"
              text run at (0,18) width 518: "only of its type anymore after another child with the same type is append "
              text run at (517,18) width 45: "by the"
              text run at (0,36) width 116: "Javascript code."
