layer at (0,0) size 800x600
  RenderView at (0,0) size 800x600
layer at (0,0) size 800x450
  RenderBlock {HTML} at (0,0) size 800x450
    RenderBody {BODY} at (8,8) size 784x342
      RenderBlock {DIV} at (0,0) size 784x32
        RenderText {#text} at (0,0) size 145x16
          text run at (0,0) width 145: "Test for "
        RenderInline {A} at (0,0) size 737x32 [color=#0000EE]
          RenderText {#text} at (144,0) size 737x32
            text run at (144,0) width 593: "https://bugs.webkit.org/show_bug.cgi?"
            text run at (0,16) width 129: "id=79526"
      RenderBlock {P} at (0,132) size 784x210
        RenderText {#text} at (0,0) size 350x10
          text run at (0,0) width 350: "A green 10px border on the left of "
        RenderInline {SPAN} at (0,0) size 500x210 [border: (100px solid #008000)]
          RenderText {#text} at (359,0) size 51x10
            text run at (359,0) width 51: "this,"
          RenderBR {BR} at (409,0) size 1x10
          RenderText {#text} at (0,10) size 500x200
            text run at (0,10) width 400: "is a"
            text run at (0,110) width 500: "pass."
