layer at (0,0) size 800x600
  RenderView at (0,0) size 800x600
layer at (0,0) size 800x600
  RenderBlock {HTML} at (0,0) size 800x600
    RenderBody {BODY} at (8,8) size 784x584
      RenderBlock {DIV} at (0,0) size 784x37
        RenderInline (generated) at (0,0) size 20x36
          RenderText {#text} at (0,0) size 20x36
            text run at (0,0) width 20: "T"
        RenderText {#text} at (20,14) size 367x19
          text run at (20,14) width 367: "he first letter in this sentence should be larger than the rest."
      RenderBlock {DIV} at (0,37) size 784x37
        RenderText {#text} at (0,0) size 535x36
          text run at (0,0) width 535: "This sentence should be extra-extra-large."
      RenderBlock (anonymous) at (0,74) size 784x29
        RenderTextControl {INPUT} at (2,2) size 194x25 [bgcolor=#FFFFFF] [border: (2px inset #000000)]
          RenderBlock {DIV} at (3,2) size 188x20
            RenderBlock {DIV} at (0,16) size 0x0
            RenderBlock {DIV} at (172,0) size 16x16
        RenderText {#text} at (0,0) size 0x0
        RenderText {#text} at (0,0) size 0x0
layer at (13,87) size 172x19
  RenderBlock {DIV} at (0,1) size 172x19
