layer at (0,0) size 784x740
  RenderView at (0,0) size 784x600
layer at (0,0) size 784x740
  RenderBlock {HTML} at (0,0) size 784x740
    RenderBody {BODY} at (8,8) size 768x712
      RenderBlock (anonymous) at (0,0) size 768x90
        RenderText {#text} at (0,0) size 573x17
          text run at (0,0) width 573: "This tests checks that the text-overflow:ellipsis property is handled correctly for bidi text."
        RenderBR {BR} at (572,14) size 1x0
        RenderBR {BR} at (0,18) size 0x17
        RenderText {#text} at (0,36) size 760x17
          text run at (0,36) width 760: "Pass if the ellipsis do not overlap the text and the underlines for the links are placed under the text and not the ellipsis. "
        RenderBR {BR} at (759,50) size 1x0
        RenderBR {BR} at (0,54) size 0x17
        RenderText {#text} at (0,72) size 35x17
          text run at (0,72) width 35: "RTL:"
      RenderBlock (anonymous) at (0,132) size 768x18
        RenderText {#text} at (0,0) size 96x17
          text run at (0,0) width 96: "RTL Override:"
      RenderBlock (anonymous) at (0,192) size 768x18
        RenderText {#text} at (0,0) size 64x17
          text run at (0,0) width 64: "RTL link:"
      RenderBlock (anonymous) at (0,252) size 768x18
        RenderText {#text} at (0,0) size 137x17
          text run at (0,0) width 137: "RTL with ltr content:"
      RenderBlock (anonymous) at (0,312) size 768x18
        RenderText {#text} at (0,0) size 166x17
          text run at (0,0) width 166: "RTL link with ltr content:"
      RenderBlock (anonymous) at (0,372) size 768x18
        RenderText {#text} at (0,0) size 64x17
          text run at (0,0) width 64: "LTR link:"
      RenderBlock (anonymous) at (0,432) size 768x18
        RenderText {#text} at (0,0) size 35x17
          text run at (0,0) width 35: "LTR:"
      RenderBlock (anonymous) at (0,492) size 768x18
        RenderText {#text} at (0,0) size 137x17
          text run at (0,0) width 137: "LTR with rtl content:"
      RenderBlock (anonymous) at (0,552) size 768x18
        RenderText {#text} at (0,0) size 182x17
          text run at (0,0) width 182: "LTR with forced rtl content:"
      RenderBlock (anonymous) at (0,612) size 768x18
        RenderText {#text} at (0,0) size 166x17
          text run at (0,0) width 166: "LTR link with rtl content:"
      RenderBlock (anonymous) at (0,672) size 768x18
        RenderText {#text} at (0,0) size 211x17
          text run at (0,0) width 211: "LTR link with forced rtl content:"
layer at (8,98) size 182x22 clip at (9,99) size 180x20 scrollX 198 scrollWidth 378
  RenderBlock {DIV} at (0,90) size 182x22 [border: (1px solid #000000)]
    RenderText {#text} at (-196,1) size 378x17
      text run at (-196,1) width 377 RTL: "\x{5DB}\x{5E9}\x{5D4}\x{5D8}\x{5E7}\x{5E1}\x{5D8} \x{5E2}\x{5E8}\x{5D5}\x{5DA} \x{5DE}\x{5D3}\x{5D9} \x{5E0}\x{5E8}\x{5E6}\x{5D4} \x{5DC}\x{5D4}\x{5D5}\x{5E1}\x{5D9}\x{5E3} \x{5D0}\x{5DC}\x{5D9}\x{5E4}\x{5E1}\x{5D5}\x{5EA} \x{5D1}\x{5E1}\x{5D5}\x{5E3} \x{5E9}\x{5D5}\x{5E8}\x{5D4}"
layer at (8,158) size 182x22 clip at (9,159) size 180x20 scrollX 149 scrollWidth 329
  RenderBlock {DIV} at (0,150) size 182x22 [border: (1px solid #000000)]
    RenderText {#text} at (-147,1) size 329x17
      text run at (-147,1) width 328 RTL override: "Lorem ipsum dolor sit amet, consectetur adipiscing"
layer at (8,218) size 182x22 clip at (9,219) size 180x20 scrollX 149 scrollWidth 329
  RenderBlock {DIV} at (0,210) size 182x22 [border: (1px solid #000000)]
    RenderInline {A} at (0,0) size 329x17 [color=#0000EE]
      RenderText {#text} at (-147,1) size 329x17
        text run at (-147,1) width 328 RTL override: "Lorem ipsum dolor sit amet, consectetur adipiscing"
    RenderText {#text} at (0,0) size 0x0
layer at (8,278) size 182x22 clip at (9,279) size 180x20 scrollX 149 scrollWidth 329
  RenderBlock {DIV} at (0,270) size 182x22 [border: (1px solid #000000)]
    RenderText {#text} at (-147,1) size 329x17
      text run at (-147,1) width 328: "Lorem ipsum dolor sit amet, consectetur adipiscing"
layer at (8,338) size 182x22 clip at (9,339) size 180x20 scrollX 149 scrollWidth 329
  RenderBlock {DIV} at (0,330) size 182x22 [border: (1px solid #000000)]
    RenderInline {A} at (0,0) size 329x17 [color=#0000EE]
      RenderText {#text} at (-147,1) size 329x17
        text run at (-147,1) width 328: "Lorem ipsum dolor sit amet, consectetur adipiscing"
    RenderText {#text} at (0,0) size 0x0
layer at (8,398) size 182x22 clip at (9,399) size 180x20 scrollWidth 329
  RenderBlock {DIV} at (0,390) size 182x22 [border: (1px solid #000000)]
    RenderInline {A} at (0,0) size 329x17 [color=#0000EE]
      RenderText {#text} at (1,1) size 329x17
        text run at (1,1) width 329: "Lorem ipsum dolor sit amet, consectetur adipiscing"
    RenderText {#text} at (0,0) size 0x0
layer at (8,458) size 182x22 clip at (9,459) size 180x20 scrollWidth 329
  RenderBlock {DIV} at (0,450) size 182x22 [border: (1px solid #000000)]
    RenderText {#text} at (1,1) size 329x17
      text run at (1,1) width 329: "Lorem ipsum dolor sit amet, consectetur adipiscing"
layer at (8,518) size 182x22 clip at (9,519) size 180x20 scrollWidth 378
  RenderBlock {DIV} at (0,510) size 182x22 [border: (1px solid #000000)]
    RenderText {#text} at (1,1) size 378x17
      text run at (1,1) width 378 RTL: "\x{5DB}\x{5E9}\x{5D4}\x{5D8}\x{5E7}\x{5E1}\x{5D8} \x{5E2}\x{5E8}\x{5D5}\x{5DA} \x{5DE}\x{5D3}\x{5D9} \x{5E0}\x{5E8}\x{5E6}\x{5D4} \x{5DC}\x{5D4}\x{5D5}\x{5E1}\x{5D9}\x{5E3} \x{5D0}\x{5DC}\x{5D9}\x{5E4}\x{5E1}\x{5D5}\x{5EA} \x{5D1}\x{5E1}\x{5D5}\x{5E3} \x{5E9}\x{5D5}\x{5E8}\x{5D4}"
layer at (8,578) size 182x22 clip at (9,579) size 180x20 scrollWidth 329
  RenderBlock {DIV} at (0,570) size 182x22 [border: (1px solid #000000)]
    RenderInline {SPAN} at (0,0) size 329x17
      RenderText {#text} at (1,1) size 329x17
        text run at (1,1) width 329 RTL override: "Lorem ipsum dolor sit amet, consectetur adipiscing"
    RenderText {#text} at (0,0) size 0x0
layer at (8,638) size 182x22 clip at (9,639) size 180x20 scrollWidth 378
  RenderBlock {DIV} at (0,630) size 182x22 [border: (1px solid #000000)]
    RenderInline {A} at (0,0) size 378x17 [color=#0000EE]
      RenderText {#text} at (1,1) size 378x17
        text run at (1,1) width 378 RTL: "\x{5DB}\x{5E9}\x{5D4}\x{5D8}\x{5E7}\x{5E1}\x{5D8} \x{5E2}\x{5E8}\x{5D5}\x{5DA} \x{5DE}\x{5D3}\x{5D9} \x{5E0}\x{5E8}\x{5E6}\x{5D4} \x{5DC}\x{5D4}\x{5D5}\x{5E1}\x{5D9}\x{5E3} \x{5D0}\x{5DC}\x{5D9}\x{5E4}\x{5E1}\x{5D5}\x{5EA} \x{5D1}\x{5E1}\x{5D5}\x{5E3} \x{5E9}\x{5D5}\x{5E8}\x{5D4}"
    RenderText {#text} at (0,0) size 0x0
layer at (8,698) size 182x22 clip at (9,699) size 180x20 scrollWidth 329
  RenderBlock {DIV} at (0,690) size 182x22 [border: (1px solid #000000)]
    RenderInline {A} at (0,0) size 329x17 [color=#0000EE]
      RenderText {#text} at (0,0) size 0x0
      RenderInline {SPAN} at (0,0) size 329x17
        RenderText {#text} at (1,1) size 329x17
          text run at (1,1) width 329 RTL override: "Lorem ipsum dolor sit amet, consectetur adipiscing"
      RenderText {#text} at (0,0) size 0x0
    RenderText {#text} at (0,0) size 0x0
