layer at (0,0) size 800x600
  RenderView at (0,0) size 800x600
layer at (0,0) size 800x520
  RenderBlock {HTML} at (0,0) size 800x520
    RenderBody {BODY} at (8,10) size 784x494
      RenderBlock {H1} at (0,0) size 784x18
        RenderText {#text} at (0,0) size 80x17
          text run at (0,0) width 80: "Simple case"
      RenderBlock {P} at (0,34) size 784x18
        RenderText {#text} at (0,0) size 65x17
          text run at (0,0) width 65: "LTR Start"
      RenderBlock {P} at (0,68) size 784x18
        RenderText {#text} at (724,0) size 60x17
          text run at (724,0) width 60: "LTR End"
      RenderBlock {P} at (0,102) size 784x18
        RenderText {#text} at (719,0) size 65x17
          text run at (719,0) width 65: "RTL Start"
      RenderBlock {P} at (0,136) size 784x18
        RenderText {#text} at (0,0) size 60x17
          text run at (0,0) width 60: "RTL End"
      RenderBlock {H1} at (0,170) size 784x18
        RenderText {#text} at (0,0) size 97x17
          text run at (0,0) width 97: "Inherited case"
      RenderBlock {DIV} at (0,204) size 784x18
        RenderBlock {P} at (0,0) size 784x18
          RenderText {#text} at (0,0) size 65x17
            text run at (0,0) width 65: "LTR Start"
      RenderBlock {DIV} at (0,238) size 784x18
        RenderBlock {P} at (0,0) size 784x18
          RenderText {#text} at (724,0) size 60x17
            text run at (724,0) width 60: "LTR End"
      RenderBlock {DIV} at (0,272) size 784x18
        RenderBlock {P} at (0,0) size 784x18
          RenderText {#text} at (719,0) size 65x17
            text run at (719,0) width 65: "RTL Start"
      RenderBlock {DIV} at (0,306) size 784x18
        RenderBlock {P} at (0,0) size 784x18
          RenderText {#text} at (0,0) size 60x17
            text run at (0,0) width 60: "RTL End"
      RenderBlock {H1} at (0,340) size 784x18
        RenderText {#text} at (0,0) size 421x17
          text run at (0,0) width 421: "Inherited case where parent block has opposite directionality."
      RenderBlock {DIV} at (0,374) size 784x18
        RenderBlock {P} at (0,0) size 784x18
          RenderText {#text} at (0,0) size 65x17
            text run at (0,0) width 65: "LTR Start"
      RenderBlock {DIV} at (0,408) size 784x18
        RenderBlock {P} at (0,0) size 784x18
          RenderText {#text} at (724,0) size 60x17
            text run at (724,0) width 60: "LTR End"
      RenderBlock {DIV} at (0,442) size 784x18
        RenderBlock {P} at (0,0) size 784x18
          RenderText {#text} at (719,0) size 65x17
            text run at (719,0) width 65: "RTL Start"
      RenderBlock {DIV} at (0,476) size 784x18
        RenderBlock {P} at (0,0) size 784x18
          RenderText {#text} at (0,0) size 60x17
            text run at (0,0) width 60: "RTL End"
