layer at (0,0) size 785x884
  RenderView at (0,0) size 785x600
layer at (0,0) size 785x884
  RenderBlock {HTML} at (0,0) size 785x884
    RenderBody {BODY} at (8,8) size 769x856
      RenderBlock {P} at (0,0) size 769x18
        RenderText {#text} at (0,0) size 552x19
          text run at (0,0) width 552: "This test checks that text with text-overflow:ellipsis follows 'text-align: justify' correctly."
      RenderBlock {P} at (0,34) size 769x36
        RenderText {#text} at (0,0) size 743x37
          text run at (0,0) width 743: "LTR text should be aligned with the left hand side of their box. RTL text should be aligned with the right hand side of"
          text run at (0,18) width 60: "their box."
      RenderBlock {H3} at (0,88) size 769x22
        RenderText {#text} at (0,0) size 84x22
          text run at (0,0) width 84: "Single line"
      RenderBlock {H3} at (0,168) size 769x22
        RenderText {#text} at (0,0) size 79x22
          text run at (0,0) width 79: "Multi line"
      RenderBlock {H3} at (0,302) size 769x22
        RenderText {#text} at (0,0) size 232x22
          text run at (0,0) width 232: "Containing replaced content"
      RenderBlock {H3} at (0,392) size 769x22
        RenderText {#text} at (0,0) size 396x22
          text run at (0,0) width 396: "Containing replaced content blocking the ellipsis"
      RenderBlock {H3} at (0,482) size 769x22
        RenderText {#text} at (0,0) size 199x22
          text run at (0,0) width 199: "Right-To-Left single line"
      RenderBlock {H3} at (0,562) size 769x22
        RenderText {#text} at (0,0) size 198x22
          text run at (0,0) width 198: "Right-To-Left Multi line"
      RenderBlock {H3} at (0,696) size 769x22
        RenderText {#text} at (0,0) size 345x22
          text run at (0,0) width 345: "Right-To-Left containing replaced content"
      RenderBlock {H3} at (0,786) size 769x22
        RenderText {#text} at (0,0) size 509x22
          text run at (0,0) width 509: "Right-To-Left containing replaced content blocking the ellipsis"
layer at (8,136) size 310x20 clip at (9,137) size 308x18 scrollWidth 719 scrollHeight 19
  RenderBlock {DIV} at (0,128) size 310x20 [border: (1px solid #000000)]
    RenderText {#text} at (1,1) size 719x19
      text run at (1,1) width 719: "Lorem ipsum dolor sit amet, consectetur adipiscing elit. Vivamus vitae eros non libero faucibus sagittis sed ut eros."
layer at (8,216) size 310x74 clip at (9,217) size 308x72 scrollWidth 719 scrollHeight 73
  RenderBlock {DIV} at (0,208) size 310x74 [border: (1px solid #000000)]
    RenderText {#text} at (1,1) size 719x19
      text run at (1,1) width 719: "Lorem ipsum dolor sit amet, consectetur adipiscing elit. Vivamus vitae eros non libero faucibus sagittis sed ut eros."
    RenderBR {BR} at (0,0) size 0x0
    RenderText {#text} at (1,19) size 709x19
      text run at (1,19) width 709: "orem ipsum dolor sit amet, consectetur adipiscing elit. Vivamus vitae eros non libero faucibus sagittis sed ut eros."
    RenderBR {BR} at (0,0) size 0x0
    RenderText {#text} at (1,37) size 701x19
      text run at (1,37) width 701: "rem ipsum dolor sit amet, consectetur adipiscing elit. Vivamus vitae eros non libero faucibus sagittis sed ut eros."
    RenderBR {BR} at (0,0) size 0x0
    RenderText {#text} at (1,55) size 696x19
      text run at (1,55) width 696: "em ipsum dolor sit amet, consectetur adipiscing elit. Vivamus vitae eros non libero faucibus sagittis sed ut eros."
    RenderBR {BR} at (0,0) size 0x0
layer at (8,350) size 310x30 clip at (9,351) size 308x28 scrollWidth 748 scrollHeight 29
  RenderBlock {DIV} at (0,342) size 310x30 [border: (1px solid #000000)]
    RenderText {#text} at (1,11) size 181x19
      text run at (1,11) width 181: "Lorem ipsum dolor sit amet, "
    RenderImage {IMG} at (182,1) size 25x25
    RenderText {#text} at (207,11) size 542x19
      text run at (207,11) width 542: " consectetur adipiscing elit. Vivamus vitae eros non libero faucibus sagittis sed ut eros."
layer at (8,440) size 310x30 clip at (9,441) size 308x28 scrollWidth 744 scrollHeight 29
  RenderBlock {DIV} at (0,432) size 310x30 [border: (1px solid #000000)]
    RenderText {#text} at (1,11) size 271x19
      text run at (1,11) width 271: "Lorem ipsum dolor sit amet, consectetur ad"
    RenderImage {IMG} at (272,1) size 25x25
    RenderText {#text} at (297,11) size 448x19
      text run at (297,11) width 448: "ipiscing elit. Vivamus vitae eros non libero faucibus sagittis sed ut eros."
layer at (8,530) size 310x20 clip at (9,531) size 308x18 scrollX 411 scrollWidth 719 scrollHeight 19
  RenderBlock {DIV} at (0,522) size 310x20 [border: (1px solid #000000)]
    RenderText {#text} at (-410,1) size 719x19
      text run at (-410,1) width 719 RTL override: "Lorem ipsum dolor sit amet, consectetur adipiscing elit. Vivamus vitae eros non libero faucibus sagittis sed ut eros."
layer at (8,610) size 310x74 clip at (9,611) size 308x72 scrollHeight 73
  RenderBlock {DIV} at (0,602) size 310x74 [border: (1px solid #000000)]
    RenderText {#text} at (1,1) size 719x19
      text run at (1,1) width 719 RTL override: "Lorem ipsum dolor sit amet, consectetur adipiscing elit. Vivamus vitae eros non libero faucibus sagittis sed ut eros."
    RenderBR {BR} at (0,0) size 0x0
    RenderText {#text} at (1,19) size 709x19
      text run at (1,19) width 709 RTL override: "orem ipsum dolor sit amet, consectetur adipiscing elit. Vivamus vitae eros non libero faucibus sagittis sed ut eros."
    RenderBR {BR} at (0,0) size 0x0
    RenderText {#text} at (1,37) size 701x19
      text run at (1,37) width 701 RTL override: "rem ipsum dolor sit amet, consectetur adipiscing elit. Vivamus vitae eros non libero faucibus sagittis sed ut eros."
    RenderBR {BR} at (0,0) size 0x0
    RenderText {#text} at (1,55) size 696x19
      text run at (1,55) width 696 RTL override: "em ipsum dolor sit amet, consectetur adipiscing elit. Vivamus vitae eros non libero faucibus sagittis sed ut eros."
    RenderBR {BR} at (0,0) size 0x0
layer at (8,744) size 310x30 clip at (9,745) size 308x28 scrollX 440 scrollWidth 748 scrollHeight 29
  RenderBlock {DIV} at (0,736) size 310x30 [border: (1px solid #000000)]
    RenderText {#text} at (128,11) size 181x19
      text run at (128,11) width 181 RTL override: "Lorem ipsum dolor sit amet, "
    RenderImage {IMG} at (103,1) size 25x25
    RenderText {#text} at (-439,11) size 542x19
      text run at (-439,11) width 542 RTL override: " consectetur adipiscing elit. Vivamus vitae eros non libero faucibus sagittis sed ut eros."
layer at (8,834) size 310x30 clip at (9,835) size 308x28 scrollX 436 scrollWidth 744 scrollHeight 29
  RenderBlock {DIV} at (0,826) size 310x30 [border: (1px solid #000000)]
    RenderText {#text} at (38,11) size 271x19
      text run at (38,11) width 271 RTL override: "Lorem ipsum dolor sit amet, consectetur ad"
    RenderImage {IMG} at (13,1) size 25x25
    RenderText {#text} at (-435,11) size 448x19
      text run at (-435,11) width 448 RTL override: "ipiscing elit. Vivamus vitae eros non libero faucibus sagittis sed ut eros."
