layer at (0,0) size 800x600
  RenderView at (0,0) size 800x600
layer at (0,0) size 800x600
  RenderBlock {HTML} at (0,0) size 800x600
    RenderBody {BODY} at (8,8) size 784x584
      RenderTable {TABLE} at (0,0) size 151x56
        RenderTableSection {TBODY} at (0,0) size 151x56
          RenderTableRow {TR} at (0,2) size 151x52
            RenderTableCell {TD} at (2,2) size 147x52 [r=0 c=0 rs=1 cs=1]
              RenderBlock (anonymous) at (1,1) size 145x0
                RenderInline {SPAN} at (0,0) size 0x0
                  RenderText {#text} at (0,0) size 0x0
                  RenderInline {SPAN} at (0,0) size 0x0
                    RenderText {#text} at (0,0) size 0x0
                    RenderText {#text} at (0,0) size 0x0
              RenderBlock (anonymous) at (1,1) size 145x50
                RenderTable {TABLE} at (0,0) size 145x50
                  RenderTableSection {TBODY} at (0,0) size 145x50
                    RenderTableRow {TR} at (0,2) size 145x46
                      RenderTableCell {TD} at (2,2) size 141x46 [r=0 c=0 rs=1 cs=1]
                        RenderTable {TABLE} at (1,1) size 139x44
                          RenderTableSection {TBODY} at (0,0) size 139x44
                            RenderTableRow {TR} at (0,2) size 139x40
                              RenderTableCell {TD} at (2,2) size 135x40 [r=0 c=0 rs=1 cs=1]
                                RenderBlock {FORM} at (1,1) size 133x22
                                  RenderButton {INPUT} at (2,2) size 129x18 [bgcolor=#C0C0C0]
                                    RenderBlock (anonymous) at (8,2) size 113x14
                                      RenderText at (0,0) size 113x13
                                        text run at (0,0) width 113: "ApplyForThisPosition"
                                  RenderText {#text} at (0,0) size 0x0
              RenderBlock (anonymous) at (1,51) size 145x0
                RenderInline {SPAN} at (0,0) size 0x0
                  RenderInline {SPAN} at (0,0) size 0x0
                  RenderText {#text} at (0,0) size 0x0
                RenderText {#text} at (0,0) size 0x0
