layer at (0,0) size 800x600
  RenderView at (0,0) size 800x600
layer at (0,0) size 800x600
  RenderBlock {HTML} at (0,0) size 800x600
    RenderBody {BODY} at (8,8) size 784x584
      RenderBlock {H3} at (0,0) size 784x22
        RenderText {#text} at (0,0) size 200x22
          text run at (0,0) width 200: "With long hidden values"
      RenderTable {TABLE} at (0,40) size 196x68 [border: (1px solid #FF0000)]
        RenderTableSection {TBODY} at (1,1) size 194x65
          RenderTableRow {TR} at (0,2) size 194x59
            RenderTableCell {TD} at (2,2) size 190x59 [r=0 c=0 rs=1 cs=1]
              RenderBlock {FORM} at (1,1) size 188x41
                RenderTextControl {INPUT} at (2,2) size 88x19 [bgcolor=#FFFFFF] [border: (2px inset #000000)]
                RenderText {#text} at (92,2) size 4x18
                  text run at (92,2) width 4: " "
                RenderButton {INPUT} at (98,3) size 38x18 [bgcolor=#C0C0C0]
                  RenderBlock (anonymous) at (8,2) size 22x14
                    RenderText at (0,0) size 22x13
                      text run at (0,0) width 22: " Go "
                RenderText {#text} at (137,2) size 5x18
                  text run at (137,2) width 5: " "
                RenderBR {BR} at (141,16) size 1x0
                RenderText {#text} at (0,23) size 188x18
                  text run at (0,23) width 188: "Enter City Name or Zip Code"
          RenderTableRow {TR} at (0,63) size 194x0
      RenderBlock {HR} at (0,115) size 784x3 [border: (1px inset #000000)]
      RenderBlock {H3} at (0,136) size 784x23
        RenderText {#text} at (0,0) size 206x22
          text run at (0,0) width 206: "With short hidden values"
      RenderTable {TABLE} at (0,177) size 196x68 [border: (1px solid #FF0000)]
        RenderTableSection {TBODY} at (1,1) size 194x65
          RenderTableRow {TR} at (0,2) size 194x59
            RenderTableCell {TD} at (2,2) size 190x59 [r=0 c=0 rs=1 cs=1]
              RenderBlock {FORM} at (1,1) size 188x41
                RenderTextControl {INPUT} at (2,2) size 88x19 [bgcolor=#FFFFFF] [border: (2px inset #000000)]
                RenderText {#text} at (92,2) size 4x18
                  text run at (92,2) width 4: " "
                RenderButton {INPUT} at (98,3) size 38x18 [bgcolor=#C0C0C0]
                  RenderBlock (anonymous) at (8,2) size 22x14
                    RenderText at (0,0) size 22x13
                      text run at (0,0) width 22: " Go "
                RenderText {#text} at (137,2) size 5x18
                  text run at (137,2) width 5: " "
                RenderBR {BR} at (141,16) size 1x0
                RenderText {#text} at (0,23) size 188x18
                  text run at (0,23) width 188: "Enter City Name or Zip Code"
          RenderTableRow {TR} at (0,63) size 194x0
layer at (17,58) size 82x13
  RenderBlock {DIV} at (3,3) size 82x13
layer at (17,194) size 82x13
  RenderBlock {DIV} at (3,3) size 82x13
