layer at (0,0) size 800x600
  RenderView at (0,0) size 800x600
layer at (0,0) size 800x600
  RenderBlock {HTML} at (0,0) size 800x600
    RenderBody {BODY} at (8,8) size 784x584
      RenderTable {TABLE} at (0,0) size 784x111 [bgcolor=#00FFFF] [border: (1px outset #808080)]
        RenderTableSection {TBODY} at (1,1) size 782x109
          RenderTableRow {TR} at (0,2) size 782x105
            RenderTableCell {TD} at (2,2) size 454x105 [border: (1px inset #808080)] [r=0 c=0 rs=1 cs=1]
              RenderTable {TABLE} at (2,2) size 450x101 [bgcolor=#FF00FF] [border: (1px outset #808080)]
                RenderTableSection {TBODY} at (1,1) size 448x99
                  RenderTableRow {TR} at (0,2) size 448x95
                    RenderTableCell {TD} at (2,2) size 444x95 [border: (1px inset #808080)] [r=0 c=0 rs=1 cs=1]
                      RenderText {#text} at (2,2) size 201x18
                        text run at (2,2) width 201: "Mozilla To Be Dually-Licensed"
                      RenderBR {BR} at (203,16) size 0x0
                      RenderText {#text} at (2,35) size 205x18
                        text run at (2,35) width 205: "Plans are underway to make the "
                      RenderInline {FONT} at (0,0) size 99x37 [color=#0000FF]
                        RenderText {#text} at (207,20) size 99x37
                          text run at (207,20) width 99: "Mozilla"
                      RenderText {#text} at (306,35) size 438x58
                        text run at (306,35) width 134: " code available under"
                        text run at (2,57) width 11: "a "
                        text run at (13,57) width 154: "dual MPL/GPL license. "
                        text run at (167,57) width 241: "See the for more info. We're gathering"
                        text run at (2,75) width 258: "contributor input now, in the newsgroup."
                      RenderBR {BR} at (260,89) size 0x0
            RenderTableCell {TD} at (458,25) size 322x58 [border: (1px inset #808080)] [r=0 c=1 rs=1 cs=1]
              RenderText {#text} at (2,2) size 317x54
                text run at (2,2) width 266: "This status update contains information on"
                text run at (2,20) width 317: "MailNews, XML/DOM, XPToolkit, Architecture,"
                text run at (2,38) width 201: "Bidi, Necko/Imglib, and more..."
      RenderBlock (anonymous) at (0,111) size 784x41
        RenderBR {BR} at (0,0) size 0x18
        RenderButton {INPUT} at (2,21) size 53x18 [bgcolor=#C0C0C0]
          RenderBlock (anonymous) at (8,2) size 37x14
            RenderText at (0,0) size 37x13
              text run at (0,0) width 37: "Reload"
        RenderText {#text} at (56,20) size 9x18
          text run at (56,20) width 9: "  "
        RenderButton {INPUT} at (66,21) size 84x18 [bgcolor=#C0C0C0]
          RenderBlock (anonymous) at (8,2) size 68x14
            RenderText at (0,0) size 68x13
              text run at (0,0) width 68: "Change Font"
        RenderText {#text} at (151,20) size 9x18
          text run at (151,20) width 9: "  "
        RenderTextControl {INPUT} at (161,20) size 124x19 [bgcolor=#FFFFFF] [border: (2px inset #000000)]
        RenderText {#text} at (0,0) size 0x0
layer at (172,142) size 117x13
  RenderBlock {DIV} at (3,3) size 117x13
    RenderText {#text} at (0,0) size 7x13
      text run at (0,0) width 7: "6"
