layer at (0,0) size 800x600
  RenderView at (0,0) size 800x600
layer at (0,0) size 800x214
  RenderBlock {HTML} at (0,0) size 800x214
    RenderBody {BODY} at (8,8) size 784x198
      RenderBlock (anonymous) at (0,0) size 784x18
        RenderText {#text} at (0,0) size 52x17
          text run at (0,0) width 52: "Case A:"
      RenderBlock {DIV} at (0,18) size 784x36
        RenderBlock (run-in) {DIV} at (0,0) size 784x18
          RenderText {#text} at (0,0) size 112x17
            text run at (0,0) width 112: "This should NOT"
        RenderBlock (anonymous) at (0,18) size 784x18
          RenderInline {DIV} at (0,0) size 42x17
            RenderText {#text} at (0,0) size 42x17
              text run at (0,0) width 42: "run in."
          RenderText {#text} at (0,0) size 0x0
      RenderBlock (anonymous) at (0,54) size 784x18
        RenderText {#text} at (0,0) size 51x17
          text run at (0,0) width 51: "Case B:"
      RenderBlock {DIV} at (0,72) size 784x36
        RenderBlock (run-in) {DIV} at (0,0) size 784x18
          RenderText {#text} at (0,0) size 112x17
            text run at (0,0) width 112: "This should NOT"
        RenderBlock (anonymous) at (0,18) size 784x18
          RenderText {#text} at (0,0) size 42x17
            text run at (0,0) width 42: "run in."
      RenderBlock (anonymous) at (0,108) size 784x18
        RenderText {#text} at (0,0) size 51x17
          text run at (0,0) width 51: "Case C:"
      RenderBlock {DIV} at (0,126) size 784x18
        RenderBlock {DIV} at (0,0) size 784x18
          RenderInline (run-in) {DIV} at (0,0) size 80x17
            RenderText {#text} at (0,0) size 80x17
              text run at (0,0) width 80: "This should "
          RenderText {#text} at (79,0) size 42x17
            text run at (79,0) width 42: "run in."
      RenderBlock (anonymous) at (0,144) size 784x18
        RenderText {#text} at (0,0) size 52x17
          text run at (0,0) width 52: "Case D:"
      RenderBlock {DIV} at (0,162) size 784x36
        RenderBlock (run-in) {DIV} at (0,0) size 784x18
          RenderText {#text} at (0,0) size 112x17
            text run at (0,0) width 112: "This should NOT"
        RenderBlock (run-in) {DIV} at (0,18) size 784x18
          RenderText {#text} at (0,0) size 42x17
            text run at (0,0) width 42: "run in."
