layer at (0,0) size 800x600
  RenderView at (0,0) size 800x600
layer at (0,0) size 800x50
  RenderBlock {HTML} at (0,0) size 800x50
    RenderBody {BODY} at (8,16) size 784x18
      RenderBlock {DL} at (0,0) size 784x18
        RenderBlock {DD} at (40,0) size 744x18
          RenderInline (run-in) {DT} at (0,0) size 40x17
            RenderText {#text} at (0,0) size 35x17
              text run at (0,0) width 35: "Term"
            RenderInline (generated) at (0,0) size 6x17
              RenderText at (34,0) size 6x17
                text run at (34,0) width 6: ":"
          RenderText {#text} at (39,0) size 66x17
            text run at (39,0) width 66: "Definition"
