layer at (0,0) size 800x600
  RenderView at (0,0) size 800x600
layer at (0,0) size 800x600
  RenderBlock {HTML} at (0,0) size 800x600
    RenderBody {BODY} at (8,8) size 784x584
      RenderBlock {P} at (0,0) size 784x18
        RenderText {#text} at (0,0) size 8x17
          text run at (0,0) width 8: "x"
      RenderBlock {DIV} at (0,34) size 784x18 [color=#0000FF]
        RenderBlock {DIV} at (0,0) size 784x18
          RenderInline (generated) at (0,0) size 39x17
            RenderText at (0,0) size 39x17
              text run at (0,0) width 39: "PASS"
          RenderText {#text} at (38,0) size 223x17
            text run at (38,0) width 223: " < this should say still say \x{201C}PASS\x{201D}"
