layer at (0,0) size 800x600
  RenderView at (0,0) size 800x600
layer at (0,0) size 800x48
  RenderBlock {HTML} at (0,0) size 800x48
    RenderBody {BODY} at (8,8) size 784x32
      RenderBlock {DIV} at (0,0) size 784x32 [color=#008000]
        RenderInline (run-in) {DIV} at (0,0) size 129x32 [color=#FFA500]
          RenderText {#text} at (0,0) size 129x32
            text run at (0,0) width 129: "ABCD"
        RenderInline (generated) at (0,0) size 129x32 [color=#0000FF]
          RenderText at (128,0) size 129x32
            text run at (128,0) width 129: "EFGH"
        RenderText {#text} at (256,0) size 129x32
          text run at (256,0) width 129: "IJKL"
