layer at (0,0) size 785x814
  RenderView at (0,0) size 785x600
layer at (0,0) size 785x814
  RenderBlock {HTML} at (0,0) size 785x814
    RenderBody {BODY} at (8,8) size 769x798 [bgcolor=#CCCCCC]
      RenderBlock {P} at (0,0) size 769x19
        RenderText {#text} at (0,0) size 355x19
          text run at (0,0) width 355: "The style declarations which apply to the text below are:"
      RenderBlock {PRE} at (0,35) size 769x165
        RenderText {#text} at (0,0) size 576x165
          text run at (0,0) width 576: "<LINK rel=\"stylesheet\" type=\"text/css\" HREF=\"../resources/linktest.css\">"
          text run at (576,0) width 0: " "
          text run at (0,15) width 152: "LI {color: purple;}"
          text run at (152,15) width 0: " "
          text run at (0,30) width 160: "UL LI {color: blue;}"
          text run at (160,30) width 0: " "
          text run at (0,45) width 184: "UL LI LI {color: gray;}"
          text run at (184,45) width 0: " "
          text run at (0,60) width 176: "LI.red {color: green;}"
          text run at (176,60) width 0: " "
          text run at (0,75) width 216: "UL LI.mar {color: #660000;}"
          text run at (216,75) width 0: " "
          text run at (0,90) width 200: "UL LI#gre {color: green;}"
          text run at (200,90) width 0: " "
          text run at (0,105) width 160: ".test {color: blue;}"
          text run at (160,105) width 0: " "
          text run at (0,120) width 176: ".test {color: purple;}"
          text run at (176,120) width 0: " "
          text run at (0,135) width 296: ".one {text-decoration: line-through;}"
          text run at (296,135) width 0: " "
          text run at (0,150) width 0: " "
      RenderBlock {HR} at (0,213) size 769x2 [border: (1px inset #000000)]
      RenderBlock {UL} at (0,231) size 769x152
        RenderListItem {LI} at (40,0) size 729x19 [color=#0000FF]
          RenderListMarker at (-18,0) size 7x19: bullet
          RenderText {#text} at (0,0) size 189x19
            text run at (0,0) width 189: "This list item should be blue..."
        RenderListItem {LI} at (40,19) size 729x76 [color=#0000FF]
          RenderBlock (anonymous) at (0,0) size 729x19
            RenderListMarker at (-18,0) size 7x19: bullet
            RenderText {#text} at (0,0) size 289x19
              text run at (0,0) width 289: "...and so should this; neither should be purple."
          RenderBlock {UL} at (0,19) size 729x57
            RenderListItem {LI} at (40,0) size 689x19 [color=#808080]
              RenderListMarker at (-18,0) size 7x19: white bullet
              RenderText {#text} at (0,0) size 190x19
                text run at (0,0) width 190: "This list item should be gray..."
            RenderListItem {LI} at (40,19) size 689x19 [color=#808080]
              RenderListMarker at (-18,0) size 7x19: white bullet
              RenderText {#text} at (0,0) size 113x19
                text run at (0,0) width 113: "...as should this...."
            RenderListItem {LI} at (40,38) size 689x19 [color=#008000]
              RenderListMarker at (-18,0) size 7x19: white bullet
              RenderText {#text} at (0,0) size 193x19
                text run at (0,0) width 193: "...but this one should be green."
        RenderListItem {LI} at (40,95) size 729x19 [color=#660000]
          RenderListMarker at (-18,0) size 7x19: bullet
          RenderText {#text} at (0,0) size 171x19
            text run at (0,0) width 171: "This ought to be dark red..."
        RenderListItem {LI} at (40,114) size 729x19 [color=#008000]
          RenderListMarker at (-18,0) size 7x19: bullet
          RenderText {#text} at (0,0) size 85x19
            text run at (0,0) width 85: "...this green..."
        RenderListItem {LI} at (40,133) size 729x19 [color=#0000FF]
          RenderListMarker at (-18,0) size 7x19: bullet
          RenderText {#text} at (0,0) size 96x19
            text run at (0,0) width 96: "...and this blue."
      RenderBlock {P} at (0,399) size 769x19 [color=#0000FF]
        RenderText {#text} at (0,0) size 279x19
          text run at (0,0) width 279: "This sentence should be blue (STYLE attr.)."
      RenderBlock {P} at (0,434) size 769x19 [color=#800080]
        RenderText {#text} at (0,0) size 204x19
          text run at (0,0) width 204: "This sentence should be purple ["
        RenderInline {CODE} at (0,0) size 96x15
          RenderText {#text} at (204,4) size 96x15
            text run at (204,4) width 96: "class=\"test\""
        RenderText {#text} at (300,0) size 9x19
          text run at (300,0) width 9: "]."
      RenderBlock {P} at (0,469) size 769x19
        RenderText {#text} at (0,0) size 683x19
          text run at (0,0) width 683: "This text should be stricken (overriding the imported underline; only works if LINKed sheets are supported)."
      RenderTable {TABLE} at (0,504) size 705x294 [border: (1px outset #808080)]
        RenderTableSection {TBODY} at (1,1) size 703x292
          RenderTableRow {TR} at (0,0) size 703x27
            RenderTableCell {TD} at (0,0) size 703x27 [bgcolor=#C0C0C0] [border: (1px inset #808080)] [r=0 c=0 rs=1 cs=2]
              RenderInline {STRONG} at (0,0) size 163x19
                RenderText {#text} at (4,4) size 163x19
                  text run at (4,4) width 163: "TABLE Testing Section"
          RenderTableRow {TR} at (0,27) size 703x265
            RenderTableCell {TD} at (0,146) size 12x27 [bgcolor=#C0C0C0] [border: (1px inset #808080)] [r=1 c=0 rs=1 cs=1]
              RenderText {#text} at (4,4) size 4x19
                text run at (4,4) width 4: " "
            RenderTableCell {TD} at (12,27) size 691x265 [border: (1px inset #808080)] [r=1 c=1 rs=1 cs=1]
              RenderBlock {UL} at (4,4) size 683x152
                RenderListItem {LI} at (40,0) size 643x19 [color=#0000FF]
                  RenderListMarker at (-18,0) size 7x19: bullet
                  RenderText {#text} at (0,0) size 189x19
                    text run at (0,0) width 189: "This list item should be blue..."
                RenderListItem {LI} at (40,19) size 643x76 [color=#0000FF]
                  RenderBlock (anonymous) at (0,0) size 643x19
                    RenderListMarker at (-18,0) size 7x19: bullet
                    RenderText {#text} at (0,0) size 289x19
                      text run at (0,0) width 289: "...and so should this; neither should be purple."
                  RenderBlock {UL} at (0,19) size 643x57
                    RenderListItem {LI} at (40,0) size 603x19 [color=#808080]
                      RenderListMarker at (-18,0) size 7x19: white bullet
                      RenderText {#text} at (0,0) size 190x19
                        text run at (0,0) width 190: "This list item should be gray..."
                    RenderListItem {LI} at (40,19) size 603x19 [color=#808080]
                      RenderListMarker at (-18,0) size 7x19: white bullet
                      RenderText {#text} at (0,0) size 113x19
                        text run at (0,0) width 113: "...as should this...."
                    RenderListItem {LI} at (40,38) size 603x19 [color=#008000]
                      RenderListMarker at (-18,0) size 7x19: white bullet
                      RenderText {#text} at (0,0) size 193x19
                        text run at (0,0) width 193: "...but this one should be green."
                RenderListItem {LI} at (40,95) size 643x19 [color=#660000]
                  RenderListMarker at (-18,0) size 7x19: bullet
                  RenderText {#text} at (0,0) size 171x19
                    text run at (0,0) width 171: "This ought to be dark red..."
                RenderListItem {LI} at (40,114) size 643x19 [color=#008000]
                  RenderListMarker at (-18,0) size 7x19: bullet
                  RenderText {#text} at (0,0) size 85x19
                    text run at (0,0) width 85: "...this green..."
                RenderListItem {LI} at (40,133) size 643x19 [color=#0000FF]
                  RenderListMarker at (-18,0) size 7x19: bullet
                  RenderText {#text} at (0,0) size 96x19
                    text run at (0,0) width 96: "...and this blue."
              RenderBlock {P} at (4,172) size 683x19 [color=#0000FF]
                RenderText {#text} at (0,0) size 279x19
                  text run at (0,0) width 279: "This sentence should be blue (STYLE attr.)."
              RenderBlock {P} at (4,207) size 683x19 [color=#800080]
                RenderText {#text} at (0,0) size 204x19
                  text run at (0,0) width 204: "This sentence should be purple ["
                RenderInline {CODE} at (0,0) size 96x15
                  RenderText {#text} at (204,4) size 96x15
                    text run at (204,4) width 96: "class=\"test\""
                RenderText {#text} at (300,0) size 9x19
                  text run at (300,0) width 9: "]."
              RenderBlock {P} at (4,242) size 683x19
                RenderText {#text} at (0,0) size 683x19
                  text run at (0,0) width 683: "This text should be stricken (overriding the imported underline; only works if LINKed sheets are supported)."
