layer at (0,0) size 800x600
  RenderView at (0,0) size 800x600
layer at (0,435) size 800x165
  RenderBlock {HTML} at (0,0) size 800x165
    RenderBody {BODY} at (8,8) size 784x149
      RenderText {#text} at (0,0) size 391x41
        text run at (0,0) width 391: "This is the first line of text."
      RenderBR {BR} at (391,0) size 0x41
      RenderImage {IMG} at (0,49) size 20x50 [bgcolor=#008000]
      RenderText {#text} at (20,41) size 379x41
        text run at (20,41) width 379: " This is the second line of "
      RenderImage {IMG} at (399,49) size 20x100 [bgcolor=#800080]
      RenderText {#text} at (419,41) size 72x41
        text run at (419,41) width 72: " text."
selection start: position 1 of child 0 {#text} of body
selection end:   position 1 of child 3 {IMG} of body
