layer at (0,0) size 800x600
  RenderView at (0,0) size 800x600
layer at (0,496) size 800x104
  RenderBlock {HTML} at (0,0) size 800x104 [border: (10px solid #800000)]
    RenderBody {BODY} at (18,18) size 764x68
      RenderText {#text} at (0,1) size 141x45
        text run at (0,1) width 141: "\x{653B}\x{6BBB} \x{6A5F}\x{52D5}\x{968A} "
      RenderRuby (inline) {RUBY} at (0,0) size 123x45
        RenderRubyRun (anonymous) at (140,0) size 49x47
          RenderRubyText {RT} at (0,46) size 49x23
            RenderText {#text} at (0,0) size 49x22
              text run at (0,0) width 49: "\x{3053}\x{3046}\x{304B}\x{304F}"
          RenderRubyBase (anonymous) at (0,0) size 49x47
            RenderText {#text} at (0,1) size 49x45
              text run at (0,1) width 49: "\x{653B}\x{6BBB}"
        RenderRubyRun (anonymous) at (189,0) size 73x47
          RenderRubyText {RT} at (0,46) size 73x23
            RenderText {#text} at (6,0) size 61x22
              text run at (6,0) width 61: "\x{304D}\x{3069}\x{3046}\x{305F}\x{3044}"
          RenderRubyBase (anonymous) at (0,0) size 73x47
            RenderText {#text} at (0,1) size 73x45
              text run at (0,1) width 73: "\x{6A5F}\x{52D5}\x{968A}"
      RenderText {#text} at (0,0) size 0x0
