layer at (0,0) size 800x600
  RenderView at (0,0) size 800x600
layer at (696,0) size 104x600
  RenderBlock {HTML} at (0,0) size 104x600 [border: (10px solid #800000)]
    RenderBody {BODY} at (18,18) size 68x564
      RenderText {#text} at (22,0) size 45x141
        text run at (22,0) width 141: "\x{653B}\x{6BBB} \x{6A5F}\x{52D5}\x{968A} "
      RenderRuby (inline) {RUBY} at (0,0) size 45x123
        RenderRubyRun (anonymous) at (21,140) size 47x49
          RenderRubyText {RT} at (-21,0) size 23x49
            RenderText {#text} at (0,0) size 22x49
              text run at (0,0) width 49: "\x{3053}\x{3046}\x{304B}\x{304F}"
          RenderRubyBase (anonymous) at (0,0) size 47x49
            RenderText {#text} at (1,0) size 45x49
              text run at (1,0) width 49: "\x{653B}\x{6BBB}"
        RenderRubyRun (anonymous) at (21,189) size 47x73
          RenderRubyText {RT} at (-21,0) size 23x73
            RenderText {#text} at (0,6) size 22x61
              text run at (0,6) width 61: "\x{304D}\x{3069}\x{3046}\x{305F}\x{3044}"
          RenderRubyBase (anonymous) at (0,0) size 47x73
            RenderText {#text} at (1,0) size 45x73
              text run at (1,0) width 73: "\x{6A5F}\x{52D5}\x{968A}"
      RenderText {#text} at (0,0) size 0x0
