layer at (0,0) size 800x600
  RenderView at (0,0) size 800x600
layer at (537,0) size 263x600
  RenderBlock {HTML} at (0,0) size 263x600
    RenderBody {BODY} at (24,8) size 215x584
      RenderBlock {P} at (0,0) size 110x584
        RenderInline {SPAN} at (0,0) size 26x64
          RenderText {#text} at (23,0) size 26x64
            text run at (23,0) width 64: "\x{7B2C}\x{4E00}\x{6BB5}\x{843D} "
        RenderInline {SPAN} at (0,0) size 108x461
          RenderText {#text} at (1,63) size 53x340
            text run at (1,63) width 339: "PARAGRAPH 1 "
          RenderBR {BR} at (1,402) size 53x1
          RenderText {#text} at (56,0) size 53x298
            text run at (56,0) width 298: "MORE TEXT. "
          RenderInline {SPAN} at (0,0) size 14x164
            RenderText {#text} at (88,297) size 14x164
              text run at (88,297) width 164: "SHOULD NOT BE CENTERED."
          RenderText {#text} at (0,0) size 0x0
      RenderBlock {P} at (134,0) size 81x584
        RenderInline {SPAN} at (0,0) size 26x433
          RenderText {#text} at (49,0) size 26x64
            text run at (49,0) width 64: "\x{7B2C}\x{4E8C}\x{6BB5}\x{843D} "
          RenderInline {SPAN} at (0,0) size 53x370
            RenderText {#text} at (27,63) size 53x340
              text run at (27,63) width 339: "PARAGRAPH 2 "
            RenderImage {IMG} at (0,402) size 70x30 [bgcolor=#008000]
            RenderText {#text} at (0,0) size 0x0
