layer at (0,0) size 800x600
  RenderView at (0,0) size 800x600
layer at (0,0) size 800x338
  RenderBlock {HTML} at (0,0) size 800x338
    RenderBody {BODY} at (5,5) size 790x328
      RenderTable {TABLE} at (0,0) size 463x328
        RenderTableSection {TBODY} at (0,0) size 463x328
          RenderTableRow {TR} at (0,1) size 463x14
            RenderTableCell {TH} at (1,1) size 65x14 [bgcolor=#DDDD99] [r=0 c=0 rs=1 cs=1]
              RenderText {#text} at (6,1) size 53x12
                text run at (6,1) width 53: "viewBox?"
            RenderTableCell {TH} at (67,1) size 113x14 [bgcolor=#DDDD99] [r=0 c=1 rs=1 cs=1]
              RenderText {#text} at (1,1) size 111x12
                text run at (1,1) width 111: "preserve\x{AD}Aspect\x{AD}Ratio"
            RenderTableCell {TH} at (181,1) size 140x14 [bgcolor=#DDDD99] [r=0 c=2 rs=1 cs=1]
              RenderText {#text} at (53,1) size 34x12
                text run at (53,1) width 34: "<img>"
            RenderTableCell {TH} at (322,1) size 140x14 [bgcolor=#DDDD99] [r=0 c=3 rs=1 cs=1]
              RenderText {#text} at (47,1) size 46x12
                text run at (47,1) width 46: "<object>"
          RenderTableRow {TR} at (0,16) size 463x38
            RenderTableCell {TH} at (1,86) size 65x14 [bgcolor=#DDDD99] [r=1 c=0 rs=4 cs=1]
              RenderText {#text} at (1,1) size 63x12
                text run at (1,1) width 63: "No viewBox"
            RenderTableCell {TH} at (67,34) size 113x2 [bgcolor=#DDDD99] [r=1 c=1 rs=1 cs=1]
            RenderTableCell {TD} at (181,16) size 140x38 [r=1 c=2 rs=1 cs=1]
              RenderImage {IMG} at (1,1) size 138x34 [border: (1px dashed #800000)]
              RenderText {#text} at (0,0) size 0x0
            RenderTableCell {TD} at (322,16) size 140x38 [r=1 c=3 rs=1 cs=1]
              RenderEmbeddedObject {OBJECT} at (1,1) size 138x34 [border: (1px dashed #008000)]
                layer at (0,0) size 132x28
                  RenderView at (0,0) size 132x28
                layer at (0,0) size 132x28
                  RenderSVGRoot {svg} at (0,0) size 132x28
                    RenderSVGPath {circle} at (0,0) size 132x28 [stroke={[type=SOLID] [color=#000000]}] [fill={[type=SOLID] [color=#D9BB7A] [fill rule=EVEN-ODD]}] [cx=110.00] [cy=110.00] [r=110.00]
              RenderText {#text} at (0,0) size 0x0
          RenderTableRow {TR} at (0,55) size 463x38
            RenderTableCell {TH} at (67,67) size 113x14 [bgcolor=#DDDD99] [r=2 c=1 rs=1 cs=1]
              RenderText {#text} at (43,1) size 27x12
                text run at (43,1) width 27: "none"
            RenderTableCell {TD} at (181,55) size 140x38 [r=2 c=2 rs=1 cs=1]
              RenderImage {IMG} at (1,1) size 138x34 [border: (1px dashed #800000)]
              RenderText {#text} at (0,0) size 0x0
            RenderTableCell {TD} at (322,55) size 140x38 [r=2 c=3 rs=1 cs=1]
              RenderEmbeddedObject {OBJECT} at (1,1) size 138x34 [border: (1px dashed #008000)]
                layer at (0,0) size 132x28
                  RenderView at (0,0) size 132x28
                layer at (0,0) size 132x28
                  RenderSVGRoot {svg} at (0,0) size 132x28
                    RenderSVGHiddenContainer {defs} at (0,0) size 0x0
                    RenderSVGContainer {g} at (0,0) size 132x28 [transform={m=((1.00,0.00)(0.00,1.00)) t=(-162.36,-403.29)}]
                      RenderSVGPath {path} at (0,0) size 132x28 [stroke={[type=SOLID] [color=#000000]}] [fill={[type=SOLID] [color=#D9BB7A] [fill rule=EVEN-ODD]}] [data="M 525.714 585.219 C 525.739 685.437 444.503 766.692 344.286 766.692 C 244.068 766.692 162.833 685.437 162.857 585.219 C 162.833 485.002 244.068 403.746 344.286 403.746 C 444.503 403.746 525.739 485.002 525.714 585.219 Z"]
              RenderText {#text} at (0,0) size 0x0
          RenderTableRow {TR} at (0,94) size 463x38
            RenderTableCell {TH} at (67,106) size 113x14 [bgcolor=#DDDD99] [r=3 c=1 rs=1 cs=1]
              RenderText {#text} at (43,1) size 27x12
                text run at (43,1) width 27: "meet"
            RenderTableCell {TD} at (181,94) size 140x38 [r=3 c=2 rs=1 cs=1]
              RenderImage {IMG} at (1,1) size 138x34 [border: (1px dashed #800000)]
              RenderText {#text} at (0,0) size 0x0
            RenderTableCell {TD} at (322,94) size 140x38 [r=3 c=3 rs=1 cs=1]
              RenderEmbeddedObject {OBJECT} at (1,1) size 138x34 [border: (1px dashed #008000)]
                layer at (0,0) size 132x28
                  RenderView at (0,0) size 132x28
                layer at (0,0) size 132x28
                  RenderSVGRoot {svg} at (0,0) size 132x28
                    RenderSVGHiddenContainer {defs} at (0,0) size 0x0
                    RenderSVGContainer {g} at (0,0) size 132x28 [transform={m=((1.00,0.00)(0.00,1.00)) t=(-162.36,-403.29)}]
                      RenderSVGPath {path} at (0,0) size 132x28 [stroke={[type=SOLID] [color=#000000]}] [fill={[type=SOLID] [color=#D9BB7A] [fill rule=EVEN-ODD]}] [data="M 525.714 585.219 C 525.739 685.437 444.503 766.692 344.286 766.692 C 244.068 766.692 162.833 685.437 162.857 585.219 C 162.833 485.002 244.068 403.746 344.286 403.746 C 444.503 403.746 525.739 485.002 525.714 585.219 Z"]
              RenderText {#text} at (0,0) size 0x0
          RenderTableRow {TR} at (0,133) size 463x38
            RenderTableCell {TH} at (67,145) size 113x14 [bgcolor=#DDDD99] [r=4 c=1 rs=1 cs=1]
              RenderText {#text} at (44,1) size 25x12
                text run at (44,1) width 25: "slice"
            RenderTableCell {TD} at (181,133) size 140x38 [r=4 c=2 rs=1 cs=1]
              RenderImage {IMG} at (1,1) size 138x34 [border: (1px dashed #800000)]
              RenderText {#text} at (0,0) size 0x0
            RenderTableCell {TD} at (322,133) size 140x38 [r=4 c=3 rs=1 cs=1]
              RenderEmbeddedObject {OBJECT} at (1,1) size 138x34 [border: (1px dashed #008000)]
                layer at (0,0) size 132x28
                  RenderView at (0,0) size 132x28
                layer at (0,0) size 132x28
                  RenderSVGRoot {svg} at (0,0) size 132x28
                    RenderSVGHiddenContainer {defs} at (0,0) size 0x0
                    RenderSVGContainer {g} at (0,0) size 132x28 [transform={m=((1.00,0.00)(0.00,1.00)) t=(-162.36,-403.29)}]
                      RenderSVGPath {path} at (0,0) size 132x28 [stroke={[type=SOLID] [color=#000000]}] [fill={[type=SOLID] [color=#D9BB7A] [fill rule=EVEN-ODD]}] [data="M 525.714 585.219 C 525.739 685.437 444.503 766.692 344.286 766.692 C 244.068 766.692 162.833 685.437 162.857 585.219 C 162.833 485.002 244.068 403.746 344.286 403.746 C 444.503 403.746 525.739 485.002 525.714 585.219 Z"]
              RenderText {#text} at (0,0) size 0x0
          RenderTableRow {TR} at (0,172) size 463x38
            RenderTableCell {TH} at (1,242) size 65x14 [bgcolor=#DDDD99] [r=5 c=0 rs=4 cs=1]
              RenderText {#text} at (10,1) size 45x12
                text run at (10,1) width 45: "viewBox"
            RenderTableCell {TH} at (67,190) size 113x2 [bgcolor=#DDDD99] [r=5 c=1 rs=1 cs=1]
            RenderTableCell {TD} at (181,172) size 140x38 [r=5 c=2 rs=1 cs=1]
              RenderImage {IMG} at (1,1) size 138x34 [border: (1px dashed #800000)]
              RenderText {#text} at (0,0) size 0x0
            RenderTableCell {TD} at (322,172) size 140x38 [r=5 c=3 rs=1 cs=1]
              RenderEmbeddedObject {OBJECT} at (1,1) size 138x34 [border: (1px dashed #008000)]
                layer at (0,0) size 132x28
                  RenderView at (0,0) size 132x28
                layer at (0,0) size 132x28
                  RenderSVGRoot {svg} at (51,0) size 22x21
                    RenderSVGHiddenContainer {defs} at (0,0) size 0x0
                    RenderSVGContainer {g} at (51,0) size 22x21 [transform={m=((1.00,0.00)(0.00,1.00)) t=(-162.36,-403.29)}]
                      RenderSVGPath {path} at (51,0) size 22x21 [stroke={[type=SOLID] [color=#000000]}] [fill={[type=SOLID] [color=#D9BB7A] [fill rule=EVEN-ODD]}] [data="M 525.714 585.219 C 525.739 685.437 444.503 766.692 344.286 766.692 C 244.068 766.692 162.833 685.437 162.857 585.219 C 162.833 485.002 244.068 403.746 344.286 403.746 C 444.503 403.746 525.739 485.002 525.714 585.219 Z"]
              RenderText {#text} at (0,0) size 0x0
          RenderTableRow {TR} at (0,211) size 463x38
            RenderTableCell {TH} at (67,223) size 113x14 [bgcolor=#DDDD99] [r=6 c=1 rs=1 cs=1]
              RenderText {#text} at (43,1) size 27x12
                text run at (43,1) width 27: "none"
            RenderTableCell {TD} at (181,211) size 140x38 [r=6 c=2 rs=1 cs=1]
              RenderImage {IMG} at (1,1) size 138x34 [border: (1px dashed #800000)]
              RenderText {#text} at (0,0) size 0x0
            RenderTableCell {TD} at (322,211) size 140x38 [r=6 c=3 rs=1 cs=1]
              RenderEmbeddedObject {OBJECT} at (1,1) size 138x34 [border: (1px dashed #008000)]
                layer at (0,0) size 132x28
                  RenderView at (0,0) size 132x28
                layer at (0,0) size 132x28
                  RenderSVGRoot {svg} at (0,0) size 97x21
                    RenderSVGHiddenContainer {defs} at (0,0) size 0x0
                    RenderSVGContainer {g} at (0,0) size 97x21 [transform={m=((1.00,0.00)(0.00,1.00)) t=(-162.36,-403.29)}]
                      RenderSVGPath {path} at (0,0) size 97x21 [stroke={[type=SOLID] [color=#000000]}] [fill={[type=SOLID] [color=#D9BB7A] [fill rule=EVEN-ODD]}] [data="M 525.714 585.219 C 525.739 685.437 444.503 766.692 344.286 766.692 C 244.068 766.692 162.833 685.437 162.857 585.219 C 162.833 485.002 244.068 403.746 344.286 403.746 C 444.503 403.746 525.739 485.002 525.714 585.219 Z"]
              RenderText {#text} at (0,0) size 0x0
          RenderTableRow {TR} at (0,250) size 463x38
            RenderTableCell {TH} at (67,262) size 113x14 [bgcolor=#DDDD99] [r=7 c=1 rs=1 cs=1]
              RenderText {#text} at (43,1) size 27x12
                text run at (43,1) width 27: "meet"
            RenderTableCell {TD} at (181,250) size 140x38 [r=7 c=2 rs=1 cs=1]
              RenderImage {IMG} at (1,1) size 138x34 [border: (1px dashed #800000)]
              RenderText {#text} at (0,0) size 0x0
            RenderTableCell {TD} at (322,250) size 140x38 [r=7 c=3 rs=1 cs=1]
              RenderEmbeddedObject {OBJECT} at (1,1) size 138x34 [border: (1px dashed #008000)]
                layer at (0,0) size 132x28
                  RenderView at (0,0) size 132x28
                layer at (0,0) size 132x28
                  RenderSVGRoot {svg} at (51,0) size 22x21
                    RenderSVGHiddenContainer {defs} at (0,0) size 0x0
                    RenderSVGContainer {g} at (51,0) size 22x21 [transform={m=((1.00,0.00)(0.00,1.00)) t=(-162.36,-403.29)}]
                      RenderSVGPath {path} at (51,0) size 22x21 [stroke={[type=SOLID] [color=#000000]}] [fill={[type=SOLID] [color=#D9BB7A] [fill rule=EVEN-ODD]}] [data="M 525.714 585.219 C 525.739 685.437 444.503 766.692 344.286 766.692 C 244.068 766.692 162.833 685.437 162.857 585.219 C 162.833 485.002 244.068 403.746 344.286 403.746 C 444.503 403.746 525.739 485.002 525.714 585.219 Z"]
              RenderText {#text} at (0,0) size 0x0
          RenderTableRow {TR} at (0,289) size 463x38
            RenderTableCell {TH} at (67,301) size 113x14 [bgcolor=#DDDD99] [r=8 c=1 rs=1 cs=1]
              RenderText {#text} at (44,1) size 25x12
                text run at (44,1) width 25: "slice"
            RenderTableCell {TD} at (181,289) size 140x38 [r=8 c=2 rs=1 cs=1]
              RenderImage {IMG} at (1,1) size 138x34 [border: (1px dashed #800000)]
              RenderText {#text} at (0,0) size 0x0
            RenderTableCell {TD} at (322,289) size 140x38 [r=8 c=3 rs=1 cs=1]
              RenderEmbeddedObject {OBJECT} at (1,1) size 138x34 [border: (1px dashed #008000)]
                layer at (0,0) size 132x28
                  RenderView at (0,0) size 132x28
                layer at (0,0) size 132x28
                  RenderSVGRoot {svg} at (0,0) size 97x28
                    RenderSVGHiddenContainer {defs} at (0,0) size 0x0
                    RenderSVGContainer {g} at (0,0) size 97x28 [transform={m=((1.00,0.00)(0.00,1.00)) t=(-162.36,-403.29)}]
                      RenderSVGPath {path} at (0,0) size 97x28 [stroke={[type=SOLID] [color=#000000]}] [fill={[type=SOLID] [color=#D9BB7A] [fill rule=EVEN-ODD]}] [data="M 525.714 585.219 C 525.739 685.437 444.503 766.692 344.286 766.692 C 244.068 766.692 162.833 685.437 162.857 585.219 C 162.833 485.002 244.068 403.746 344.286 403.746 C 444.503 403.746 525.739 485.002 525.714 585.219 Z"]
              RenderText {#text} at (0,0) size 0x0
