layer at (0,0) size 800x600
  RenderView at (0,0) size 800x600
layer at (0,0) size 800x193
  RenderBlock {html} at (0,0) size 800x193
    RenderBody {body} at (5,5) size 790x183
      RenderTable {table} at (145,0) size 499x183
        RenderTableSection (anonymous) at (0,0) size 499x183
          RenderTableRow {tr} at (0,0) size 499x183
            RenderTableCell {td} at (0,0) size 499x183 [r=0 c=0 rs=1 cs=3]
              RenderTable {table} at (6,6) size 487x171
                RenderTableSection (anonymous) at (0,0) size 487x171
                  RenderTableRow {tr} at (0,1) size 487x64
                    RenderTableCell {td} at (1,1) size 485x64 [r=0 c=0 rs=1 cs=2]
                      RenderBlock {h1} at (5,19) size 475x26
                        RenderText {#text} at (0,0) size 475x25
                          text run at (0,0) width 475: "Both sides should have identical size after zooming"
                  RenderTableRow {tr} at (0,66) size 487x22
                    RenderTableCell {td} at (1,66) size 242x22 [r=1 c=0 rs=1 cs=1]
                      RenderText {#text} at (94,5) size 54x12
                        text run at (94,5) width 54: "SVG Image"
                    RenderTableCell {td} at (244,66) size 242x22 [r=1 c=1 rs=1 cs=1]
                      RenderText {#text} at (94,5) size 54x12
                        text run at (94,5) width 54: "PNG Image"
                  RenderTableRow {tr} at (0,89) size 487x81
                    RenderTableCell {td} at (1,89) size 242x81 [r=2 c=0 rs=1 cs=1]
                      RenderEmbeddedObject {object} at (99,5) size 138x69
                        layer at (0,0) size 138x69
                          RenderView at (0,0) size 138x69
                        layer at (0,0) size 138x69
                          RenderSVGRoot {svg} at (23,0) size 92x69
                            RenderSVGContainer {g} at (27,8) size 73x46
                              RenderSVGRect {rect} at (28,8) size 11x17 [stroke={[type=SOLID] [color=#000000]}] [x=30.00] [y=46.00] [width=50.00] [height=80.00]
                              RenderSVGRect {rect} at (47,8) size 11x17 [fill={[type=SOLID] [color=#FF0000]}] [x=130.00] [y=46.00] [width=50.00] [height=80.00]
                              RenderSVGRect {rect} at (70,8) size 11x17 [stroke={[type=SOLID] [color=#000000]}] [x=250.00] [y=46.00] [width=50.00] [height=80.00]
                              RenderSVGRect {rect} at (90,8) size 10x17 [fill={[type=SOLID] [color=#FF0000]}] [x=350.00] [y=46.00] [width=50.00] [height=80.00]
                              RenderSVGRect {rect} at (27,36) size 13x18 [stroke={[type=SOLID] [color=#0000FF] [stroke width=8.00]}] [x=30.00] [y=196.00] [width=50.00] [height=80.00]
                              RenderSVGRect {rect} at (47,36) size 12x18 [stroke={[type=SOLID] [color=#0000FF] [stroke width=8.00]}] [fill={[type=SOLID] [color=#00FF00]}] [x=130.00] [y=196.00] [width=50.00] [height=80.00]
                              RenderSVGRect {rect} at (70,36) size 12x18 [stroke={[type=SOLID] [color=#0000FF] [stroke width=8.00]}] [x=250.00] [y=196.00] [width=50.00] [height=80.00]
                              RenderSVGRect {rect} at (90,37) size 10x16 [fill={[type=SOLID] [color=#00FF00]}] [x=350.00] [y=196.00] [width=50.00] [height=80.00]
                            RenderSVGText {text} at (10,302) size 275x47 contains 1 chunk(s)
                              RenderSVGInlineText {#text} at (0,0) size 275x47
                                chunk 1 text run 1 at (10.00,340.00) startOffset 0 endOffset 16 width 274.79: "$Revision: 1.7 $"
                            RenderSVGRect {rect} at (23,0) size 92x69 [stroke={[type=SOLID] [color=#000000]}] [x=1.00] [y=1.00] [width=478.00] [height=358.00]
                      RenderText {#text} at (0,0) size 0x0
                    RenderTableCell {td} at (244,89) size 242x81 [r=2 c=1 rs=1 cs=1]
                      RenderImage {img} at (5,5) size 138x69
                      RenderText {#text} at (0,0) size 0x0
