layer at (0,0) size 1129x841
  RenderView at (0,0) size 784x584
layer at (0,0) size 1129x841
  RenderSVGRoot {svg} at (12,12) size 1117x829
    RenderSVGForeignObject {foreignObject} at (10,10) size 580x380
      RenderBlock {xhtml:div} at (0,0) size 580x19
        RenderText {#text} at (0,0) size 78x19
          text run at (0,0) width 78: "This is a test"
      RenderBlock (anonymous) at (0,19) size 580x19
        RenderInline {xhtml:a} at (0,0) size 66x19 [color=#0000EE]
          RenderText {#text} at (0,0) size 66x19
            text run at (0,0) width 66: "and a link."
        RenderBR {xhtml:br} at (66,0) size 0x19
    RenderSVGPath {rect} at (12,12) size 840x552 [stroke={[type=SOLID] [color=#008000]}] [x=10.00] [y=10.00] [width=580.00] [height=380.00]
    RenderSVGHiddenContainer {defs} at (0,0) size 0x0
