layer at (0,0) size 784x763
  RenderView at (0,0) size 784x600
layer at (0,0) size 784x763
  RenderBlock {html} at (0,0) size 784x763
    RenderBody {body} at (11,11) size 762x729
      RenderBlock (anonymous) at (0,0) size 762x52
        RenderText {#text} at (0,0) size 747x51
          text run at (0,0) width 352: "The two blocks should look identical. "
          text run at (351,0) width 396: "One uses an SVG, and the other just uses a"
          text run at (0,26) width 177: "normal HTML div."
      RenderBlock {p} at (0,75) size 762x26
        RenderText {#text} at (0,0) size 517x25
          text run at (0,0) width 517: "There should be a red, white and blue pattern below this"
      RenderSVGRoot {svg} at (25,149) size 200x200
        RenderSVGRect {rect} at (53,177) size 144x144 [fill={[type=SOLID] [color=#0000FF]}] [x=0.00] [y=0.00] [width=100.00] [height=100.00]
      RenderBlock {p} at (0,352) size 762x26
        RenderText {#text} at (0,0) size 516x25
          text run at (0,0) width 516: "There should be a red, white and blue pattern above this"
      RenderBlock {hr} at (0,401) size 762x2 [border: (1px inset #000000)]
      RenderBlock {p} at (0,426) size 762x26
        RenderText {#text} at (0,0) size 517x25
          text run at (0,0) width 517: "There should be a red, white and blue pattern below this"
      RenderBlock (floating) {div} at (14,489) size 200x200 [border: (14px solid #FF0000)]
        RenderBlock {div} at (28,28) size 144x144 [bgcolor=#0000FF]
      RenderBlock {p} at (0,703) size 762x26
        RenderText {#text} at (0,0) size 516x25
          text run at (0,0) width 516: "There should be a red, white and blue pattern above this"
