layer at (0,0) size 800x600
  RenderView at (0,0) size 800x600
layer at (0,0) size 800x600
  RenderBlock {HTML} at (0,0) size 800x600
    RenderBody {BODY} at (8,8) size 784x584
      RenderBlock {DIV} at (0,0) size 10x44
        RenderText {#text} at (0,0) size 25x19
          text run at (0,0) width 25: "Foo"
        RenderImage {IMG} at (0,19) size 25x25
      RenderBlock {DIV} at (0,44) size 10x62
        RenderText {#text} at (0,0) size 25x19
          text run at (0,0) width 25: "Foo"
        RenderMenuList {SELECT} at (2,21) size 86x39 [color=#202020]
          RenderBlock (anonymous) at (15,10) size 30x19
            RenderText at (0,0) size 30x19
              text run at (0,0) width 30: "One"
      RenderBlock {DIV} at (0,106) size 10x52
        RenderText {#text} at (0,0) size 25x19
          text run at (0,0) width 25: "Foo"
        RenderTextControl {INPUT} at (2,21) size 195x29 [color=#202020]
      RenderBlock {DIV} at (0,158) size 10x44
        RenderImage {IMG} at (0,0) size 25x25
        RenderText {#text} at (0,25) size 25x19
          text run at (0,25) width 25: "Foo"
      RenderBlock {DIV} at (0,202) size 10x62
        RenderMenuList {SELECT} at (2,2) size 86x39 [color=#202020]
          RenderBlock (anonymous) at (15,10) size 30x19
            RenderText at (0,0) size 30x19
              text run at (0,0) width 30: "One"
        RenderText {#text} at (0,43) size 25x19
          text run at (0,43) width 25: "Foo"
      RenderBlock {DIV} at (0,264) size 10x52
        RenderTextControl {INPUT} at (2,2) size 195x29 [color=#202020]
        RenderText {#text} at (0,33) size 25x19
          text run at (0,33) width 25: "Foo"
layer at (14,141) size 188x19
  RenderBlock {DIV} at (4,6) size 188x19
layer at (14,280) size 188x19
  RenderBlock {DIV} at (4,6) size 188x19
