layer at (0,0) size 800x600
  RenderView at (0,0) size 800x600
layer at (0,0) size 800x600
  RenderBlock {HTML} at (0,0) size 800x600
    RenderBody {BODY} at (8,8) size 784x584
      RenderBlock (anonymous) at (0,0) size 784x19
        RenderText {#text} at (0,0) size 309x19
          text run at (0,0) width 309: "The following sets of buttons should not overlap."
      RenderTable {TABLE} at (0,19) size 784x45
        RenderTableSection {TBODY} at (0,0) size 784x45
          RenderTableRow {TR} at (0,1) size 784x43
            RenderTableCell {TD} at (1,1) size 99x43 [r=0 c=0 rs=1 cs=1]
              RenderButton {INPUT} at (1,3) size 97x37 [color=#202020]
                RenderBlock (anonymous) at (15,8) size 67x19
                  RenderText at (0,0) size 67x19
                    text run at (0,0) width 67: "New Mail"
            RenderTableCell {TD} at (101,1) size 74x43 [r=0 c=1 rs=1 cs=1]
              RenderButton {INPUT} at (1,3) size 72x37 [color=#202020]
                RenderBlock (anonymous) at (15,8) size 42x19
                  RenderText at (0,0) size 42x19
                    text run at (0,0) width 42: "Reply"
            RenderTableCell {TD} at (176,1) size 97x43 [r=0 c=2 rs=1 cs=1]
              RenderButton {INPUT} at (1,3) size 95x37 [color=#202020]
                RenderBlock (anonymous) at (15,8) size 65x19
                  RenderText at (0,0) size 65x19
                    text run at (0,0) width 65: "Reply All"
            RenderTableCell {TD} at (274,12) size 509x21 [r=0 c=3 rs=1 cs=1]
              RenderText {#text} at (1,1) size 4x19
                text run at (1,1) width 4: " "
      RenderBlock (anonymous) at (0,64) size 784x38
        RenderBR {BR} at (0,0) size 0x19
        RenderBR {BR} at (0,19) size 0x19
      RenderTable {TABLE} at (0,102) size 784x45
        RenderTableSection {TBODY} at (0,0) size 784x45
          RenderTableRow {TR} at (0,1) size 784x43
            RenderTableCell {TD} at (1,1) size 99x43 [r=0 c=0 rs=1 cs=1]
              RenderButton {INPUT} at (1,3) size 97x37 [color=#202020]
                RenderBlock (anonymous) at (15,8) size 67x19
                  RenderText at (0,0) size 67x19
                    text run at (0,0) width 67: "New Mail"
            RenderTableCell {TD} at (101,1) size 74x43 [r=0 c=1 rs=1 cs=1]
              RenderButton {INPUT} at (1,3) size 72x37 [color=#202020]
                RenderBlock (anonymous) at (15,8) size 42x19
                  RenderText at (0,0) size 42x19
                    text run at (0,0) width 42: "Reply"
            RenderTableCell {TD} at (176,1) size 97x43 [r=0 c=2 rs=1 cs=1]
              RenderButton {INPUT} at (1,3) size 95x37 [color=#202020]
                RenderBlock (anonymous) at (15,8) size 65x19
                  RenderText at (0,0) size 65x19
                    text run at (0,0) width 65: "Reply All"
            RenderTableCell {TD} at (274,12) size 509x21 [r=0 c=3 rs=1 cs=1]
              RenderText {#text} at (1,1) size 4x19
                text run at (1,1) width 4: " "
