layer at (0,0) size 800x600
  RenderView at (0,0) size 800x600
layer at (0,0) size 800x600
  RenderBlock {HTML} at (0,0) size 800x600
    RenderBody {BODY} at (8,8) size 784x584
      RenderBlock (anonymous) at (0,0) size 784x19
        RenderText {#text} at (0,0) size 287x19
          text run at (0,0) width 287: "The popup buttons below should not overlap."
      RenderTable {TABLE} at (0,19) size 784x47
        RenderTableSection {TBODY} at (0,0) size 784x47
          RenderTableRow {TR} at (0,1) size 784x45
            RenderTableCell {TD} at (1,1) size 85x45 [r=0 c=0 rs=1 cs=1]
              RenderMenuList {SELECT} at (1,3) size 83x39 [color=#202020]
                RenderBlock (anonymous) at (15,10) size 27x19
                  RenderText at (0,0) size 27x19
                    text run at (0,0) width 27: "one"
            RenderTableCell {TD} at (87,1) size 58x45 [r=0 c=1 rs=1 cs=1]
              RenderMenuList {SELECT} at (1,3) size 56x39 [color=#202020]
                RenderBlock (anonymous) at (15,10) size 0x19
                  RenderText at (0,0) size 25x19
                    text run at (0,0) width 25: "two"
            RenderTableCell {TD} at (146,1) size 58x45 [r=0 c=2 rs=1 cs=1]
              RenderMenuList {SELECT} at (1,3) size 56x39 [color=#202020]
                RenderBlock (anonymous) at (15,10) size 0x19
                  RenderText at (0,0) size 36x19
                    text run at (0,0) width 36: "three"
            RenderTableCell {TD} at (205,13) size 578x21 [r=0 c=3 rs=1 cs=1]
              RenderText {#text} at (1,1) size 4x19
                text run at (1,1) width 4: " "
