layer at (0,0) size 800x600
  RenderView at (0,0) size 800x600
layer at (0,0) size 800x600
  RenderBlock {HTML} at (0,0) size 800x600
    RenderBody {BODY} at (8,8) size 784x576
      RenderBlock {P} at (0,0) size 784x20 [color=#008000]
        RenderText {#text} at (0,0) size 211x19
          text run at (0,0) width 211: "Success. This text should be green."
      RenderBlock {P} at (0,36) size 784x20
        RenderText {#text} at (0,0) size 352x19
          text run at (0,0) width 352: "Caught exception: Error: SyntaxError: DOM Exception 12"
