layer at (0,0) size 800x600
  RenderView at (0,0) size 800x600
layer at (0,0) size 800x600
  RenderBlock {HTML} at (0,0) size 800x600
    RenderBody {BODY} at (8,8) size 784x576
      RenderBlock {P} at (0,0) size 784x40 [color=#FF0000]
        RenderText {#text} at (0,0) size 770x39
          text run at (0,0) width 770: "This text should be green. If running in a build of WebKit with 3d transforms, it will appear red (and this should not happen while"
          text run at (0,20) width 122: "3d is not supported)"
