layer at (0,0) size 800x600
  RenderView at (0,0) size 800x600
layer at (0,0) size 800x600
  RenderBlock {HTML} at (0,0) size 800x600
    RenderBody {BODY} at (8,8) size 784x584
layer at (8,8) size 200x200 clip at (8,8) size 183x183 scrollWidth 317 scrollHeight 836
  RenderBlock {DIV} at (0,0) size 200x200
    RenderText {#text} at (0,0) size 35x19
      text run at (0,0) width 35: "Hello"
    RenderBR {BR} at (35,15) size 0x0
    RenderText {#text} at (0,19) size 35x19
      text run at (0,19) width 35: "Hello"
    RenderBR {BR} at (35,34) size 0x0
    RenderText {#text} at (0,38) size 35x19
      text run at (0,38) width 35: "Hello"
    RenderBR {BR} at (35,53) size 0x0
    RenderText {#text} at (0,57) size 35x19
      text run at (0,57) width 35: "Hello"
    RenderBR {BR} at (35,72) size 0x0
    RenderText {#text} at (0,76) size 35x19
      text run at (0,76) width 35: "Hello"
    RenderBR {BR} at (35,91) size 0x0
    RenderText {#text} at (0,95) size 35x19
      text run at (0,95) width 35: "Hello"
    RenderBR {BR} at (35,110) size 0x0
    RenderText {#text} at (0,114) size 35x19
      text run at (0,114) width 35: "Hello"
    RenderBR {BR} at (35,129) size 0x0
    RenderText {#text} at (0,133) size 35x19
      text run at (0,133) width 35: "Hello"
    RenderBR {BR} at (35,148) size 0x0
    RenderText {#text} at (0,152) size 35x19
      text run at (0,152) width 35: "Hello"
    RenderBR {BR} at (35,167) size 0x0
    RenderText {#text} at (0,171) size 35x19
      text run at (0,171) width 35: "Hello"
    RenderBR {BR} at (35,186) size 0x0
    RenderText {#text} at (0,190) size 35x19
      text run at (0,190) width 35: "Hello"
    RenderBR {BR} at (35,205) size 0x0
    RenderText {#text} at (0,209) size 35x19
      text run at (0,209) width 35: "Hello"
    RenderBR {BR} at (35,224) size 0x0
    RenderText {#text} at (0,228) size 35x19
      text run at (0,228) width 35: "Hello"
    RenderBR {BR} at (35,243) size 0x0
    RenderText {#text} at (0,247) size 35x19
      text run at (0,247) width 35: "Hello"
    RenderBR {BR} at (35,262) size 0x0
    RenderText {#text} at (0,266) size 35x19
      text run at (0,266) width 35: "Hello"
    RenderBR {BR} at (35,281) size 0x0
    RenderText {#text} at (0,285) size 35x19
      text run at (0,285) width 35: "Hello"
    RenderBR {BR} at (35,300) size 0x0
    RenderInline {SPAN} at (0,0) size 317x19
      RenderText {#text} at (0,304) size 317x19
        text run at (0,304) width 317: "Hello world this is a long string and will not wrap."
    RenderText {#text} at (0,323) size 35x19
      text run at (0,323) width 35: "Hello"
    RenderBR {BR} at (35,338) size 0x0
    RenderText {#text} at (0,342) size 35x19
      text run at (0,342) width 35: "Hello"
    RenderBR {BR} at (35,357) size 0x0
    RenderText {#text} at (0,361) size 35x19
      text run at (0,361) width 35: "Hello"
    RenderBR {BR} at (35,376) size 0x0
    RenderText {#text} at (0,380) size 35x19
      text run at (0,380) width 35: "Hello"
    RenderBR {BR} at (35,395) size 0x0
    RenderText {#text} at (0,399) size 35x19
      text run at (0,399) width 35: "Hello"
    RenderBR {BR} at (35,414) size 0x0
    RenderText {#text} at (0,418) size 35x19
      text run at (0,418) width 35: "Hello"
    RenderBR {BR} at (35,433) size 0x0
    RenderText {#text} at (0,437) size 35x19
      text run at (0,437) width 35: "Hello"
    RenderBR {BR} at (35,452) size 0x0
    RenderText {#text} at (0,456) size 35x19
      text run at (0,456) width 35: "Hello"
    RenderBR {BR} at (35,471) size 0x0
    RenderText {#text} at (0,475) size 35x19
      text run at (0,475) width 35: "Hello"
    RenderBR {BR} at (35,490) size 0x0
    RenderText {#text} at (0,494) size 35x19
      text run at (0,494) width 35: "Hello"
    RenderBR {BR} at (35,509) size 0x0
    RenderText {#text} at (0,513) size 35x19
      text run at (0,513) width 35: "Hello"
    RenderBR {BR} at (35,528) size 0x0
    RenderText {#text} at (0,532) size 35x19
      text run at (0,532) width 35: "Hello"
    RenderBR {BR} at (35,547) size 0x0
    RenderText {#text} at (0,551) size 35x19
      text run at (0,551) width 35: "Hello"
    RenderBR {BR} at (35,566) size 0x0
    RenderText {#text} at (0,570) size 35x19
      text run at (0,570) width 35: "Hello"
    RenderBR {BR} at (35,585) size 0x0
    RenderText {#text} at (0,589) size 35x19
      text run at (0,589) width 35: "Hello"
    RenderBR {BR} at (35,604) size 0x0
    RenderText {#text} at (0,608) size 35x19
      text run at (0,608) width 35: "Hello"
    RenderBR {BR} at (35,623) size 0x0
    RenderText {#text} at (0,627) size 35x19
      text run at (0,627) width 35: "Hello"
    RenderBR {BR} at (35,642) size 0x0
    RenderText {#text} at (0,646) size 35x19
      text run at (0,646) width 35: "Hello"
    RenderBR {BR} at (35,661) size 0x0
    RenderText {#text} at (0,665) size 35x19
      text run at (0,665) width 35: "Hello"
    RenderBR {BR} at (35,680) size 0x0
    RenderText {#text} at (0,684) size 35x19
      text run at (0,684) width 35: "Hello"
    RenderBR {BR} at (35,699) size 0x0
    RenderText {#text} at (0,703) size 35x19
      text run at (0,703) width 35: "Hello"
    RenderBR {BR} at (35,718) size 0x0
    RenderText {#text} at (0,722) size 35x19
      text run at (0,722) width 35: "Hello"
    RenderBR {BR} at (35,737) size 0x0
    RenderText {#text} at (0,741) size 35x19
      text run at (0,741) width 35: "Hello"
    RenderBR {BR} at (35,756) size 0x0
    RenderText {#text} at (0,760) size 35x19
      text run at (0,760) width 35: "Hello"
    RenderBR {BR} at (35,775) size 0x0
    RenderText {#text} at (0,779) size 35x19
      text run at (0,779) width 35: "Hello"
    RenderBR {BR} at (35,794) size 0x0
    RenderText {#text} at (0,798) size 35x19
      text run at (0,798) width 35: "Hello"
    RenderBR {BR} at (35,813) size 0x0
    RenderText {#text} at (0,817) size 35x19
      text run at (0,817) width 35: "Hello"
    RenderBR {BR} at (35,832) size 0x0
