layer at (0,0) size 800x600
  RenderView at (0,0) size 800x600
layer at (0,0) size 800x600
  RenderBlock {HTML} at (0,0) size 800x600
    RenderBody {BODY} at (8,8) size 784x576
      RenderBlock {H1} at (0,0) size 784x19
        RenderText {#text} at (0,0) size 218x19
          text run at (0,0) width 218: "Meters with various appearance"
      RenderBlock {H2} at (0,32) size 784x19
        RenderText {#text} at (0,0) size 214x19
          text run at (0,0) width 214: "discrete-capacity-level-indicator"
      RenderBlock {H2} at (0,67) size 784x221
        RenderBlock {UL} at (0,0) size 784x221
          RenderListItem {LI} at (40,0) size 744x19 [bgcolor=#EEEEEE]
            RenderListMarker at (-18,0) size 7x19: bullet
            RenderText {#text} at (0,0) size 86x19
              text run at (0,0) width 86: "value=10/10:"
            RenderMeter {METER} at (664,0) size 80x16
              RenderBlock {DIV} at (0,0) size 80x16
                RenderBlock {DIV} at (0,0) size 80x16
          RenderListItem {LI} at (40,19) size 744x19 [bgcolor=#CCCCCC]
            RenderListMarker at (-18,0) size 7x19: bullet
            RenderText {#text} at (0,0) size 78x19
              text run at (0,0) width 78: "value=8/10:"
            RenderMeter {METER} at (664,0) size 80x16
              RenderBlock {DIV} at (0,0) size 80x16
                RenderBlock {DIV} at (0,0) size 64x16
          RenderListItem {LI} at (40,38) size 744x19 [bgcolor=#EEEEEE]
            RenderListMarker at (-18,0) size 7x19: bullet
            RenderText {#text} at (0,0) size 78x19
              text run at (0,0) width 78: "value=5/10:"
            RenderMeter {METER} at (664,0) size 80x16
              RenderBlock {DIV} at (0,0) size 80x16
                RenderBlock {DIV} at (0,0) size 40x16
          RenderListItem {LI} at (40,57) size 744x19 [bgcolor=#CCCCCC]
            RenderListMarker at (-18,0) size 7x19: bullet
            RenderText {#text} at (0,0) size 78x19
              text run at (0,0) width 78: "value=2/10:"
            RenderMeter {METER} at (664,0) size 80x16
              RenderBlock {DIV} at (0,0) size 80x16
                RenderBlock {DIV} at (0,0) size 16x16
          RenderListItem {LI} at (40,76) size 744x19 [bgcolor=#EEEEEE]
            RenderListMarker at (-18,0) size 7x19: bullet
            RenderText {#text} at (0,0) size 78x19
              text run at (0,0) width 78: "value=0/10:"
            RenderMeter {METER} at (664,0) size 80x16
              RenderBlock {DIV} at (0,0) size 80x16
                RenderBlock {DIV} at (0,0) size 0x16
          RenderListItem {LI} at (40,95) size 744x19 [bgcolor=#CCCCCC]
            RenderListMarker at (-18,0) size 7x19: bullet
            RenderText {#text} at (0,0) size 39x19
              text run at (0,0) width 39: "RTL:"
            RenderMeter {METER} at (664,0) size 80x16
              RenderBlock {DIV} at (0,0) size 80x16
                RenderBlock {DIV} at (40,0) size 40x16
          RenderListItem {LI} at (40,114) size 744x50 [bgcolor=#EEEEEE]
            RenderListMarker at (-18,0) size 7x19: bullet
            RenderText {#text} at (0,0) size 32x19
              text run at (0,0) width 32: "Tall:"
            RenderMeter {METER} at (664,0) size 80x50
              RenderBlock {DIV} at (0,0) size 80x50
                RenderBlock {DIV} at (0,0) size 40x50
          RenderListItem {LI} at (40,164) size 744x19 [bgcolor=#CCCCCC]
            RenderListMarker at (-18,0) size 7x19: bullet
            RenderText {#text} at (0,0) size 43x19
              text run at (0,0) width 43: "Short:"
            RenderMeter {METER} at (664,0) size 80x5
              RenderBlock {DIV} at (0,0) size 80x5
                RenderBlock {DIV} at (0,0) size 24x5
          RenderListItem {LI} at (40,183) size 744x19 [bgcolor=#EEEEEE]
            RenderListMarker at (-18,0) size 7x19: bullet
            RenderText {#text} at (0,0) size 41x19
              text run at (0,0) width 41: "Wide:"
            RenderMeter {METER} at (444,0) size 300x16
              RenderBlock {DIV} at (0,0) size 300x16
                RenderBlock {DIV} at (0,0) size 150x16
          RenderListItem {LI} at (40,202) size 744x19 [bgcolor=#CCCCCC]
            RenderListMarker at (-18,0) size 7x19: bullet
            RenderText {#text} at (0,0) size 59x19
              text run at (0,0) width 59: "Narrow:"
            RenderMeter {METER} at (714,0) size 30x16
              RenderBlock {DIV} at (0,0) size 30x16
                RenderBlock {DIV} at (0,0) size 15x16
      RenderBlock {H2} at (0,304) size 784x19
        RenderText {#text} at (0,0) size 236x19
          text run at (0,0) width 236: "continuous-capacity-level-indicator"
      RenderBlock {H2} at (0,339) size 784x221
        RenderBlock {UL} at (0,0) size 784x221
          RenderListItem {LI} at (40,0) size 744x19 [bgcolor=#EEEEEE]
            RenderListMarker at (-18,0) size 7x19: bullet
            RenderText {#text} at (0,0) size 86x19
              text run at (0,0) width 86: "value=10/10:"
            RenderMeter {METER} at (664,0) size 80x16
              RenderBlock {DIV} at (0,0) size 80x16
                RenderBlock {DIV} at (0,0) size 80x16
          RenderListItem {LI} at (40,19) size 744x19 [bgcolor=#CCCCCC]
            RenderListMarker at (-18,0) size 7x19: bullet
            RenderText {#text} at (0,0) size 78x19
              text run at (0,0) width 78: "value=8/10:"
            RenderMeter {METER} at (664,0) size 80x16
              RenderBlock {DIV} at (0,0) size 80x16
                RenderBlock {DIV} at (0,0) size 64x16
          RenderListItem {LI} at (40,38) size 744x19 [bgcolor=#EEEEEE]
            RenderListMarker at (-18,0) size 7x19: bullet
            RenderText {#text} at (0,0) size 78x19
              text run at (0,0) width 78: "value=5/10:"
            RenderMeter {METER} at (664,0) size 80x16
              RenderBlock {DIV} at (0,0) size 80x16
                RenderBlock {DIV} at (0,0) size 40x16
          RenderListItem {LI} at (40,57) size 744x19 [bgcolor=#CCCCCC]
            RenderListMarker at (-18,0) size 7x19: bullet
            RenderText {#text} at (0,0) size 78x19
              text run at (0,0) width 78: "value=2/10:"
            RenderMeter {METER} at (664,0) size 80x16
              RenderBlock {DIV} at (0,0) size 80x16
                RenderBlock {DIV} at (0,0) size 16x16
          RenderListItem {LI} at (40,76) size 744x19 [bgcolor=#EEEEEE]
            RenderListMarker at (-18,0) size 7x19: bullet
            RenderText {#text} at (0,0) size 78x19
              text run at (0,0) width 78: "value=0/10:"
            RenderMeter {METER} at (664,0) size 80x16
              RenderBlock {DIV} at (0,0) size 80x16
                RenderBlock {DIV} at (0,0) size 0x16
          RenderListItem {LI} at (40,95) size 744x19 [bgcolor=#CCCCCC]
            RenderListMarker at (-18,0) size 7x19: bullet
            RenderText {#text} at (0,0) size 39x19
              text run at (0,0) width 39: "RTL:"
            RenderMeter {METER} at (664,0) size 80x16
              RenderBlock {DIV} at (0,0) size 80x16
                RenderBlock {DIV} at (40,0) size 40x16
          RenderListItem {LI} at (40,114) size 744x50 [bgcolor=#EEEEEE]
            RenderListMarker at (-18,0) size 7x19: bullet
            RenderText {#text} at (0,0) size 32x19
              text run at (0,0) width 32: "Tall:"
            RenderMeter {METER} at (664,0) size 80x50
              RenderBlock {DIV} at (0,0) size 80x50
                RenderBlock {DIV} at (0,0) size 40x50
          RenderListItem {LI} at (40,164) size 744x19 [bgcolor=#CCCCCC]
            RenderListMarker at (-18,0) size 7x19: bullet
            RenderText {#text} at (0,0) size 43x19
              text run at (0,0) width 43: "Short:"
            RenderMeter {METER} at (664,0) size 80x5
              RenderBlock {DIV} at (0,0) size 80x5
                RenderBlock {DIV} at (0,0) size 24x5
          RenderListItem {LI} at (40,183) size 744x19 [bgcolor=#EEEEEE]
            RenderListMarker at (-18,0) size 7x19: bullet
            RenderText {#text} at (0,0) size 41x19
              text run at (0,0) width 41: "Wide:"
            RenderMeter {METER} at (444,0) size 300x16
              RenderBlock {DIV} at (0,0) size 300x16
                RenderBlock {DIV} at (0,0) size 150x16
          RenderListItem {LI} at (40,202) size 744x19 [bgcolor=#CCCCCC]
            RenderListMarker at (-18,0) size 7x19: bullet
            RenderText {#text} at (0,0) size 59x19
              text run at (0,0) width 59: "Narrow:"
            RenderMeter {METER} at (714,0) size 30x16
              RenderBlock {DIV} at (0,0) size 30x16
                RenderBlock {DIV} at (0,0) size 15x16
