layer at (0,0) size 800x600
  RenderView at (0,0) size 800x600
layer at (0,0) size 800x220
  RenderBlock {html} at (0,0) size 800x220
    RenderBody {body} at (8,16) size 784x188
      RenderBlock {div} at (0,0) size 784x188
        RenderBlock {p} at (0,0) size 784x18
          RenderText {#text} at (0,0) size 181x18
            text run at (0,0) width 181: "This line should be unstyled."
        RenderBlock {elementA} at (0,34) size 784x18
          RenderText {#text} at (0,0) size 181x18
            text run at (0,0) width 181: "This line should be unstyled."
        RenderBlock {elementB} at (0,68) size 784x18
          RenderText {#text} at (0,0) size 181x18
            text run at (0,0) width 181: "This line should be unstyled."
        RenderBlock {div} at (0,102) size 784x86
          RenderBlock {p} at (0,0) size 784x18 [bgcolor=#00FF00]
            RenderText {#text} at (0,0) size 264x18
              text run at (0,0) width 264: "This line should have a green background"
          RenderBlock {elementA} at (0,34) size 784x18 [bgcolor=#00FF00]
            RenderText {#text} at (0,0) size 264x18
              text run at (0,0) width 264: "This line should have a green background"
          RenderBlock {elementB} at (0,68) size 784x18 [bgcolor=#00FF00]
            RenderText {#text} at (0,0) size 264x18
              text run at (0,0) width 264: "This line should have a green background"
