layer at (0,0) size 800x600
  RenderView at (0,0) size 800x600
layer at (0,0) size 800x118
  RenderBlock {html} at (0,0) size 800x118
    RenderBody {body} at (8,16) size 784x86
      RenderBlock {div} at (0,0) size 784x86
        RenderBlock {div} at (0,0) size 784x86
          RenderBlock {p} at (0,0) size 784x18 [bgcolor=#FF0000]
            RenderText {#text} at (0,0) size 203x18
              text run at (0,0) width 203: "This line should be unstyled. (2)"
          RenderBlock {p} at (0,34) size 784x18
            RenderText {#text} at (0,0) size 290x18
              text run at (0,0) width 290: "This line should have a green background. (3)"
          RenderBlock {p} at (0,68) size 784x18
            RenderText {#text} at (0,0) size 283x18
              text run at (0,0) width 283: "This line should be unstyled. (4 moving to 1)"
