layer at (0,0) size 800x600
  RenderView at (0,0) size 800x600
layer at (0,0) size 800x76
  RenderBlock {html} at (0,0) size 800x76
    RenderBody {body} at (8,8) size 784x52
      RenderBlock {div} at (0,0) size 784x18
        RenderText {#text} at (0,0) size 154x18
          text run at (0,0) width 154: "This should be unstyled."
      RenderBlock {p} at (0,34) size 784x18 [bgcolor=#008000]
        RenderText {#text} at (0,0) size 241x18
          text run at (0,0) width 241: "This should have a green background."
