layer at (0,0) size 800x600
  RenderView at (0,0) size 800x600
layer at (0,0) size 800x118
  RenderBlock {html} at (0,0) size 800x118
    RenderBody {body} at (8,16) size 784x86
      RenderBlock {div} at (0,0) size 784x86
        RenderBlock {p} at (0,0) size 784x18 [color=#00FF00]
          RenderText {#text} at (0,0) size 286x18
            text run at (0,0) width 286: "This paragraph should be in green characters."
        RenderBlock {p} at (0,34) size 784x18 [color=#00FF00]
          RenderText {#text} at (0,0) size 286x18
            text run at (0,0) width 286: "This paragraph should be in green characters."
        RenderBlock {p} at (0,68) size 784x18 [color=#FF0000]
          RenderInline {span} at (0,0) size 286x18 [color=#00FF00]
            RenderText {#text} at (0,0) size 286x18
              text run at (0,0) width 286: "This paragraph should be in green characters."
          RenderText {#text} at (0,0) size 0x0
