layer at (0,0) size 800x600
  RenderView at (0,0) size 800x600
layer at (0,0) size 800x267
  RenderBlock {html} at (0,0) size 800x267
    RenderBody {body} at (8,16) size 784x235
      RenderBlock {p} at (0,0) size 784x235
        RenderInline (generated) at (0,0) size 20x18 [color=#FF0000]
          RenderInline (generated) at (0,0) size 20x37 [color=#00FF00]
            RenderText at (0,0) size 20x37
              text run at (0,0) width 20: "T"
          RenderText at (0,0) size 0x0
        RenderText {#text} at (20,15) size 779x220
          text run at (20,15) width 732: "his very long paragraph should have a big green first letter T. Dummy text. Dummy text. Dummy text. Dummy text."
          text run at (0,37) width 779: "Dummy text. Dummy text. Dummy text. Dummy text. Dummy text. Dummy text. Dummy text. Dummy text. Dummy text."
          text run at (0,55) width 779: "Dummy text. Dummy text. Dummy text. Dummy text. Dummy text. Dummy text. Dummy text. Dummy text. Dummy text."
          text run at (0,73) width 779: "Dummy text. Dummy text. Dummy text. Dummy text. Dummy text. Dummy text. Dummy text. Dummy text. Dummy text."
          text run at (0,91) width 779: "Dummy text. Dummy text. Dummy text. Dummy text. Dummy text. Dummy text. Dummy text. Dummy text. Dummy text."
          text run at (0,109) width 779: "Dummy text. Dummy text. Dummy text. Dummy text. Dummy text. Dummy text. Dummy text. Dummy text. Dummy text."
          text run at (0,127) width 779: "Dummy text. Dummy text. Dummy text. Dummy text. Dummy text. Dummy text. Dummy text. Dummy text. Dummy text."
          text run at (0,145) width 779: "Dummy text. Dummy text. Dummy text. Dummy text. Dummy text. Dummy text. Dummy text. Dummy text. Dummy text."
          text run at (0,163) width 779: "Dummy text. Dummy text. Dummy text. Dummy text. Dummy text. Dummy text. Dummy text. Dummy text. Dummy text."
          text run at (0,181) width 779: "Dummy text. Dummy text. Dummy text. Dummy text. Dummy text. Dummy text. Dummy text. Dummy text. Dummy text."
          text run at (0,199) width 779: "Dummy text. Dummy text. Dummy text. Dummy text. Dummy text. Dummy text. Dummy text. Dummy text. Dummy text."
          text run at (0,217) width 83: "Dummy text."
