layer at (0,0) size 800x600
  RenderView at (0,0) size 800x600
layer at (0,0) size 800x144
  RenderBlock {html} at (0,0) size 800x144
    RenderBody {body} at (8,8) size 784x120
      RenderBlock {div} at (0,0) size 784x120
        RenderBlock {address} at (0,0) size 784x18 [color=#008000]
          RenderText {#text} at (0,0) size 276x18
            text run at (0,0) width 276: "This address should be in green characters."
        RenderBlock {s} at (0,34) size 784x18 [color=#008000]
          RenderText {#text} at (0,0) size 286x18
            text run at (0,0) width 286: "This paragraph should be in green characters."
        RenderBlock {t} at (0,68) size 784x18 [color=#008000]
          RenderText {#text} at (0,0) size 286x18
            text run at (0,0) width 286: "This paragraph should be in green characters."
        RenderBlock {u} at (0,102) size 784x18 [color=#FF0000]
          RenderInline {v} at (0,0) size 286x18 [color=#008000]
            RenderText {#text} at (0,0) size 286x18
              text run at (0,0) width 286: "This paragraph should be in green characters."
          RenderText {#text} at (0,0) size 0x0
