layer at (0,0) size 800x600
  RenderView at (0,0) size 800x600
layer at (0,0) size 800x84
  RenderBlock {html} at (0,0) size 800x84 [color=#00FF00]
    RenderBody {body} at (8,16) size 784x52
      RenderBlock {p} at (0,0) size 784x18 [color=#FF0000]
        RenderInline {span} at (0,0) size 464x18 [color=#00FF00]
          RenderText {#text} at (0,0) size 464x18
            text run at (0,0) width 360: "This paragraph, and all textual contents in the document, "
            text run at (360,0) width 104: "should be green."
        RenderText {#text} at (0,0) size 0x0
      RenderBlock {ul} at (0,34) size 784x18 [color=#FF0000]
        RenderListItem {li} at (40,0) size 744x18 [color=#00FF00]
          RenderListMarker at (-17,0) size 7x18: bullet
          RenderText {#text} at (0,0) size 167x18
            text run at (0,0) width 167: "This item should be green."
