layer at (0,0) size 800x600
  RenderView at (0,0) size 800x600
layer at (0,0) size 800x600
  RenderBlock {HTML} at (0,0) size 800x600
    RenderBody {BODY} at (8,8) size 784x584
      RenderTable {TABLE} at (0,0) size 784x51
        RenderTableSection {TBODY} at (0,0) size 784x51
          RenderTableRow {TR} at (0,2) size 784x25
            RenderTableCell {TD} at (2,4) size 60x20 [r=0 c=0 rs=1 cs=1]
              RenderText {#text} at (1,1) size 37x18
                text run at (1,1) width 37: "URL:"
            RenderTableCell {TD} at (64,2) size 718x25 [r=0 c=1 rs=1 cs=1]
              RenderTextControl {INPUT} at (1,3) size 716x19 [bgcolor=#FFFFFF] [border: (2px inset #000000)]
          RenderTableRow {TR} at (0,29) size 784x20
            RenderTableCell {TD} at (2,29) size 780x20 [bgcolor=#FF0000] [r=1 c=0 rs=1 cs=2]
              RenderText {#text} at (1,1) size 253x18
                text run at (1,1) width 253: "Alongwordtogiveyouanicebigminwidth."
      RenderTable {TABLE} at (0,51) size 100x100 [bgcolor=#FF0000] [border: (2px outset #808080)]
        RenderTableSection {TBODY} at (2,2) size 96x96
          RenderTableRow {TR} at (0,2) size 96x92
            RenderTableCell {TD} at (2,46) size 92x4 [border: (1px inset #808080)] [r=0 c=0 rs=1 cs=1]
      RenderTable {TABLE} at (0,151) size 177x120 [border: (2px outset #808080)]
        RenderTableSection {TBODY} at (2,2) size 173x116
          RenderTableRow {TR} at (0,2) size 173x22
            RenderTableCell {TD} at (2,2) size 169x22 [border: (1px inset #808080)] [r=0 c=0 rs=1 cs=1]
              RenderText {#text} at (2,2) size 31x18
                text run at (2,2) width 31: "hello"
          RenderTableRow {TR} at (0,26) size 173x22
            RenderTableCell {TD} at (2,26) size 169x22 [border: (1px inset #808080)] [r=1 c=0 rs=1 cs=1]
              RenderText {#text} at (2,2) size 67x18
                text run at (2,2) width 67: "more hello"
          RenderTableRow {TR} at (0,50) size 173x22
            RenderTableCell {TD} at (2,50) size 169x22 [border: (1px inset #808080)] [r=2 c=0 rs=1 cs=1]
              RenderText {#text} at (2,2) size 37x18
                text run at (2,2) width 37: "world"
          RenderTableRow {TR} at (0,74) size 173x40
            RenderTableCell {TD} at (2,77) size 169x34 [border: (1px inset #808080)] [r=3 c=0 rs=1 cs=1]
              RenderText {#text} at (0,0) size 0x0
      RenderTable {TABLE} at (0,271) size 106x78
        RenderTableSection {TBODY} at (0,0) size 106x78
          RenderTableRow {TR} at (0,2) size 106x74
            RenderTableCell {TD} at (2,2) size 102x74 [r=0 c=0 rs=1 cs=1]
              RenderText {#text} at (1,1) size 100x72
                text run at (1,1) width 87: "I should wrap"
                text run at (1,19) width 81: "and not have"
                text run at (1,37) width 56: "nowrap. "
                text run at (57,37) width 44: "I really"
                text run at (1,55) width 46: "should."
      RenderTable {TABLE} at (0,349) size 106x78
        RenderTableSection {TBODY} at (0,0) size 106x78
          RenderTableRow {TR} at (0,2) size 106x74
            RenderTableCell {TD} at (2,2) size 102x74 [r=0 c=0 rs=1 cs=1]
              RenderBlock {DIV} at (1,1) size 100x72
                RenderText {#text} at (0,0) size 100x72
                  text run at (0,0) width 87: "I should wrap"
                  text run at (0,18) width 81: "and not have"
                  text run at (0,36) width 56: "nowrap. "
                  text run at (56,36) width 44: "I really"
                  text run at (0,54) width 46: "should."
      RenderTable {TABLE} at (0,427) size 369x24
        RenderTableSection {TBODY} at (0,0) size 369x24
          RenderTableRow {TR} at (0,2) size 369x20
            RenderTableCell {TD} at (2,2) size 365x20 [r=0 c=0 rs=1 cs=1]
              RenderText {#text} at (1,1) size 363x18
                text run at (1,1) width 145: "I should have nowrap. "
                text run at (146,1) width 98: "I really should. "
                text run at (244,1) width 120: "Definitely. Should."
      RenderTable {TABLE} at (0,451) size 369x24
        RenderTableSection {TBODY} at (0,0) size 369x24
          RenderTableRow {TR} at (0,2) size 369x20
            RenderTableCell {TD} at (2,2) size 365x20 [r=0 c=0 rs=1 cs=1]
              RenderBlock {DIV} at (1,1) size 363x18
                RenderText {#text} at (0,0) size 363x18
                  text run at (0,0) width 145: "I should have nowrap. "
                  text run at (145,0) width 98: "I really should. "
                  text run at (243,0) width 120: "Definitely. Should."
layer at (76,16) size 710x13
  RenderBlock {DIV} at (3,3) size 710x13
layer at (16,240) size 161x30 clip at (17,241) size 159x28
  RenderTextControl {TEXTAREA} at (4,2) size 161x30 [bgcolor=#FFFFFF] [border: (1px solid #000000)]
    RenderBlock {DIV} at (3,3) size 155x13
