layer at (0,0) size 800x600
  RenderView at (0,0) size 800x600
layer at (0,0) size 800x600
  RenderBlock {HTML} at (0,0) size 800x600
    RenderBody {BODY} at (8,8) size 784x584
      RenderText {#text} at (184,34) size 274x21
        text run at (184,34) width 274: " This should not be part of the textarea."
layer at (10,10) size 180x46 clip at (10,10) size 164x46 scrollHeight 88
  RenderTextControl {TEXTAREA} at (2,2) size 180x46
    RenderBlock {DIV} at (2,2) size 160x84
      RenderText {#text} at (0,0) size 157x63
        text run at (0,0) width 23: "<!--"
        text run at (23,0) width 0: " "
        text run at (0,21) width 153: "This should be part of"
        text run at (153,21) width 4: " "
        text run at (0,42) width 87: "the textarea."
        text run at (87,42) width 0: " "
      RenderBR {BR} at (0,63) size 0x21
