layer at (0,0) size 784x624
  RenderView at (0,0) size 784x600
layer at (0,0) size 784x624
  RenderBlock {html} at (0,0) size 784x624
    RenderBody {body} at (8,8) size 768x593
      RenderBlock (anonymous) at (0,0) size 768x52
        RenderText {#text} at (0,0) size 747x51
          text run at (0,0) width 352: "The two blocks should look identical. "
          text run at (351,0) width 396: "One uses an SVG, and the other just uses a"
          text run at (0,26) width 177: "normal HTML div."
      RenderBlock {p} at (0,75) size 768x26
        RenderText {#text} at (0,0) size 517x25
          text run at (0,0) width 517: "There should be a red, white and blue pattern below this"
      RenderSVGRoot {svg} at (18,142) size 140x140
        RenderSVGPath {rect} at (38,162) size 100x100 [fill={[type=SOLID] [color=#0000FF]}] [x=0.00] [y=0.00] [width=100.00] [height=100.00]
      RenderBlock {p} at (0,284) size 768x26
        RenderText {#text} at (0,0) size 516x25
          text run at (0,0) width 516: "There should be a red, white and blue pattern above this"
      RenderBlock {hr} at (0,333) size 768x2 [border: (1px inset #000000)]
      RenderBlock {p} at (0,358) size 768x26
        RenderText {#text} at (0,0) size 517x25
          text run at (0,0) width 517: "There should be a red, white and blue pattern below this"
      RenderBlock (floating) {div} at (10,417) size 140x140 [border: (10px solid #FF0000)]
        RenderBlock {div} at (20,20) size 100x100 [bgcolor=#0000FF]
      RenderBlock {p} at (0,567) size 768x26
        RenderText {#text} at (0,0) size 516x25
          text run at (0,0) width 516: "There should be a red, white and blue pattern above this"
