layer at (0,0) size 800x600
  RenderView at (0,0) size 800x600
layer at (0,0) size 800x600
  RenderBlock {HTML} at (0,0) size 800x600
    RenderBody {BODY} at (8,8) size 784x584
      RenderBlock {DIV} at (0,0) size 370x445 [border: (1px solid #000000)]
        RenderBlock {H2} at (1,20) size 368x33
          RenderText {#text} at (0,0) size 196x33
            text run at (0,0) width 196: "SVG border-image"
        RenderBlock (anonymous) at (1,72) size 368x372
          RenderBlock {DIV} at (10,10) size 160x160 [border: (30px none #000000)]
          RenderText {#text} at (180,164) size 4x22
            text run at (180,164) width 4: " "
          RenderBlock {DIV} at (194,10) size 160x160 [border: (30px none #000000)]
          RenderText {#text} at (364,164) size 4x22
            text run at (364,164) width 4: " "
          RenderBR {BR} at (0,0) size 0x0
          RenderBlock {DIV} at (10,196) size 160x160 [border: (30px none #000000)]
          RenderText {#text} at (180,350) size 4x22
            text run at (180,350) width 4: " "
          RenderBlock {DIV} at (194,196) size 160x160 [border: (30px none #000000)]
          RenderText {#text} at (0,0) size 0x0
      RenderText {#text} at (370,422) size 4x22
        text run at (370,422) width 4: " "
      RenderBlock {DIV} at (374,0) size 370x445 [border: (1px solid #000000)]
        RenderBlock {H2} at (1,20) size 368x33
          RenderText {#text} at (0,0) size 198x33
            text run at (0,0) width 198: "PNG border-image"
        RenderBlock (anonymous) at (1,72) size 368x372
          RenderBlock {DIV} at (10,10) size 160x160 [border: (30px none #000000)]
          RenderText {#text} at (180,164) size 4x22
            text run at (180,164) width 4: " "
          RenderBlock {DIV} at (194,10) size 160x160 [border: (30px none #000000)]
          RenderText {#text} at (364,164) size 4x22
            text run at (364,164) width 4: " "
          RenderBR {BR} at (0,0) size 0x0
          RenderBlock {DIV} at (10,196) size 160x160 [border: (30px none #000000)]
          RenderText {#text} at (180,350) size 4x22
            text run at (180,350) width 4: " "
          RenderBlock {DIV} at (194,196) size 160x160 [border: (30px none #000000)]
          RenderText {#text} at (0,0) size 0x0
      RenderText {#text} at (0,0) size 0x0
