layer at (0,0) size 800x600
  RenderView at (0,0) size 800x600
layer at (0,0) size 800x600
  RenderBlock {HTML} at (0,0) size 800x600
    RenderBody {BODY} at (8,8) size 784x582
      RenderBlock {DIV} at (0,0) size 784x79
        RenderBlock (anonymous) at (0,0) size 784x42
          RenderText {#text} at (0,0) size 772x42
            text run at (0,0) width 652: "Test how many resize events are emitted during page load and dynamic content generation. "
            text run at (652,0) width 120: "Do not resize the"
            text run at (0,21) width 192: "page. It invalidates the test."
        RenderBlock {P} at (0,58) size 784x21
          RenderText {#text} at (10,0) size 206x21
            text run at (10,0) width 206: "Resize events (should be 0): "
          RenderInline {SPAN} at (0,0) size 9x21
            RenderText {#text} at (216,0) size 9x21
              text run at (216,0) width 9: "0"
          RenderText {#text} at (0,0) size 0x0
      RenderBlock {DIV} at (0,95) size 784x402
        RenderBlock {DIV} at (10,0) size 764x402 [border: (1px solid #000000)]
