layer at (0,0) size 800x600
  RenderView at (0,0) size 800x600
layer at (0,0) size 800x58
  RenderBlock {HTML} at (0,0) size 800x58
    RenderBody {BODY} at (8,8) size 784x42
      RenderText {#text} at (0,0) size 769x42
        text run at (0,0) width 343: "You should see a 100x100 green square below. "
        text run at (343,0) width 265: "If you see any red, the test has failed. "
        text run at (608,0) width 161: "This test is checking to"
        text run at (0,21) width 241: "make sure overflow is done using "
        text run at (241,21) width 181: "a containing block model."
      RenderText {#text} at (0,0) size 0x0
layer at (8,50) size 100x100 scrollWidth 200 scrollHeight 400
  RenderBlock (positioned) {DIV} at (8,50) size 100x100 [bgcolor=#008000]
    RenderBlock {DIV} at (100,100) size 100x100 [bgcolor=#FF0000]
