layer at (0,0) size 800x600
  RenderView at (0,0) size 800x600
layer at (0,0) size 800x79
  RenderBlock {HTML} at (0,0) size 800x79
    RenderBody {BODY} at (8,8) size 784x63
      RenderText {#text} at (0,0) size 782x63
        text run at (0,0) width 343: "You should see a 100x100 green square below. "
        text run at (343,0) width 408: "If you see nothing at all or see any red, the test has failed. "
        text run at (751,0) width 31: "This"
        text run at (0,21) width 371: "test is checking to make sure overflow is done using "
        text run at (371,21) width 371: "a containing block model, and that a fixed positioned"
        text run at (0,42) width 523: "element inside an absolute positioned element is not considered overflow."
      RenderText {#text} at (0,0) size 0x0
layer at (8,71) size 100x100
  RenderBlock (positioned) {DIV} at (8,71) size 100x100
layer at (100,100) size 100x100
  RenderBlock (positioned) {DIV} at (100,100) size 100x100
layer at (200,200) size 100x100
  RenderBlock (positioned) {DIV} at (100,100) size 100x100 [bgcolor=#008000]
