layer at (0,0) size 800x600
  RenderView at (0,0) size 800x600
layer at (0,0) size 800x73
  RenderBlock {HTML} at (0,0) size 800x73
    RenderBody {BODY} at (8,8) size 784x57
      RenderText {#text} at (0,0) size 776x57
        text run at (0,0) width 293: "You should see a 100x100 green square below. "
        text run at (293,0) width 347: "If you see nothing at all or see any red, the test has failed. "
        text run at (640,0) width 136: "This test is checking to"
        text run at (0,19) width 204: "make sure overflow is done using "
        text run at (204,19) width 542: "a containing block model, and that a fixed positioned element inside an absolute positioned"
        text run at (0,38) width 213: "element is not considered overflow."
      RenderText {#text} at (0,0) size 0x0
layer at (8,65) size 100x100
  RenderBlock (positioned) {DIV} at (8,65) size 100x100
layer at (100,100) size 100x100
  RenderBlock (positioned) {DIV} at (100,100) size 100x100
layer at (200,200) size 100x100
  RenderBlock {DIV} at (100,100) size 100x100 [bgcolor=#008000]
