layer at (0,0) size 800x600
  RenderView at (0,0) size 800x600
layer at (0,0) size 800x600
  RenderBlock {HTML} at (0,0) size 800x600
    RenderBody {BODY} at (8,8) size 784x584
      RenderBlock (anonymous) at (0,0) size 784x21
        RenderText {#text} at (0,0) size 680x21
          text run at (0,0) width 680: "The div below should be rounded. You should see a rounded green square or the test has failed."
        RenderText {#text} at (0,0) size 0x0
      RenderBlock {P} at (0,151) size 784x21
        RenderText {#text} at (0,0) size 637x21
          text run at (0,0) width 637: "This div should not be rounded. You should see a solid green square or the test has failed."
      RenderBlock {P} at (0,304) size 784x21
        RenderText {#text} at (0,0) size 636x21
          text run at (0,0) width 636: "This div should be rounded. You should see a rounded green square or the test has failed."
layer at (8,196) size 100x100
  RenderBlock {DIV} at (0,188) size 100x100
layer at (8,29) size 100x100
  RenderBlock (positioned) {DIV} at (8,29) size 100x100
layer at (8,29) size 100x100
  RenderBlock (relative positioned) {DIV} at (0,0) size 100x100 [bgcolor=#008000]
layer at (8,196) size 100x100
  RenderBlock (positioned) {DIV} at (8,196) size 100x100 [bgcolor=#008000]
layer at (8,349) size 100x100
  RenderBlock (relative positioned) {DIV} at (0,341) size 100x100
layer at (8,349) size 100x100
  RenderBlock {DIV} at (0,0) size 100x100
layer at (8,349) size 100x100
  RenderBlock (positioned) {DIV} at (0,0) size 100x100 [bgcolor=#008000]
