layer at (0,0) size 800x600
  RenderView at (0,0) size 800x600
layer at (0,0) size 800x600
  RenderBlock {HTML} at (0,0) size 800x600
    RenderBody {BODY} at (8,8) size 784x584
      RenderText {#text} at (0,0) size 513x21
        text run at (0,0) width 513: "The white text and grey backgrounds should all clip to the border-radius. "
      RenderBR {BR} at (513,16) size 0x0
      RenderText {#text} at (240,41) size 4x21
        text run at (240,41) width 4: " "
      RenderText {#text} at (484,41) size 4x21
        text run at (484,41) width 4: " "
      RenderText {#text} at (0,0) size 0x0
      RenderText {#text} at (0,0) size 0x0
      RenderText {#text} at (240,181) size 4x21
        text run at (240,181) width 4: " "
      RenderBR {BR} at (244,197) size 0x0
      RenderText {#text} at (0,0) size 0x0
layer at (18,39) size 220x120 clip at (28,49) size 200x100
  RenderBlock {DIV} at (10,31) size 220x120 [border: (10px solid #000000)]
    RenderBlock {DIV} at (10,10) size 200x100 [color=#FFFFFF] [bgcolor=#808080]
      RenderText {#text} at (0,0) size 91x21
        text run at (0,0) width 91: "static > static"
layer at (262,39) size 220x120 clip at (272,49) size 200x100
  RenderBlock {DIV} at (254,31) size 220x120 [border: (10px solid #000000)]
layer at (272,49) size 200x100
  RenderBlock (relative positioned) {DIV} at (10,10) size 200x100 [color=#FFFFFF] [bgcolor=#808080]
    RenderText {#text} at (0,0) size 106x21
      text run at (0,0) width 106: "static > relative"
layer at (506,39) size 220x120 clip at (516,49) size 200x100
  RenderBlock (relative positioned) {DIV} at (498,31) size 220x120 [border: (10px solid #000000)]
    RenderBlock {DIV} at (10,10) size 200x100 [color=#FFFFFF] [bgcolor=#808080]
      RenderText {#text} at (0,0) size 106x21
        text run at (0,0) width 106: "relative > static"
layer at (18,179) size 220x120 clip at (28,189) size 200x100
  RenderBlock (relative positioned) {DIV} at (10,171) size 220x120 [border: (10px solid #000000)]
layer at (28,189) size 200x100
  RenderBlock (relative positioned) {DIV} at (10,10) size 200x100 [color=#FFFFFF] [bgcolor=#808080]
    RenderText {#text} at (0,0) size 121x21
      text run at (0,0) width 121: "relative > relative"
layer at (18,319) size 220x120 clip at (28,329) size 200x100
  RenderBlock (relative positioned) {DIV} at (10,311) size 220x120 [border: (10px solid #000000)]
layer at (28,329) size 200x100
  RenderBlock (positioned) {DIV} at (10,10) size 200x100 [color=#FFFFFF] [bgcolor=#808080]
    RenderText {#text} at (0,0) size 130x21
      text run at (0,0) width 130: "relative > absolute"
