layer at (0,0) size 859x1193
  RenderView at (0,0) size 784x584
layer at (0,0) size 784x1193
  RenderBlock {HTML} at (0,0) size 784x1193
    RenderBody {BODY} at (8,8) size 768x1177 [bgcolor=#CCCCCC]
      RenderBlock {P} at (0,0) size 768x18
        RenderText {#text} at (0,0) size 363x17
          text run at (0,0) width 363: "The style declarations which apply to the text below are:"
      RenderBlock {PRE} at (0,34) size 768x30
        RenderText {#text} at (0,0) size 851x30
          text run at (0,0) width 851: "BODY {background-image: url(../resources/bg.gif); background-repeat: repeat-x; background-attachment: fixed;}"
          text run at (850,0) width 1: " "
          text run at (0,15) width 0: " "
      RenderBlock {HR} at (0,77) size 768x2 [border: (1px inset #000000)]
      RenderBlock {P} at (0,95) size 768x90
        RenderText {#text} at (0,0) size 761x89
          text run at (0,0) width 745: "This document should have a green grid-pattern line across the top of the page (or at least a tiled background) which"
          text run at (0,18) width 237: "does NOT scroll with the document. "
          text run at (236,18) width 525: "It should, instead, appear to be a fixed pattern past which the content scrolls, even"
          text run at (0,36) width 237: "when the end of the page is reached. "
          text run at (236,36) width 503: "In addition, the default Test Suite background should NOT appear, as it's been"
          text run at (0,54) width 250: "overridden by the styles shown above. "
          text run at (249,54) width 510: "I'll have to add a lot of extra text to the page in order to make all this something"
          text run at (0,72) width 149: "we can actually check. "
          text run at (148,72) width 232: "Don't worry, I'll think of something."
      RenderBlock {P} at (0,201) size 768x18
        RenderText {#text} at (0,0) size 519x17
          text run at (0,0) width 426: "In fact, why not the relevant section from the CSS1 specification? "
          text run at (425,0) width 94: "A capital idea."
      RenderBlock {HR} at (0,235) size 768x2 [border: (1px inset #000000)]
      RenderBlock {HR} at (0,245) size 768x2 [border: (1px inset #000000)]
      RenderBlock {H4} at (0,268) size 768x18
        RenderInline {A} at (0,0) size 223x17
          RenderText {#text} at (0,0) size 223x17
            text run at (0,0) width 223: "5.3.5    'background-attachment'"
        RenderText {#text} at (0,0) size 0x0
      RenderBlock {P} at (0,307) size 768x90
        RenderInline {EM} at (0,0) size 43x17
          RenderText {#text} at (0,0) size 43x17
            text run at (0,0) width 43: "Value:"
        RenderText {#text} at (42,0) size 85x17
          text run at (42,0) width 85: " scroll | fixed"
        RenderBR {BR} at (126,14) size 1x0
        RenderInline {EM} at (0,0) size 45x17
          RenderText {#text} at (0,18) size 45x17
            text run at (0,18) width 45: "Initial:"
        RenderText {#text} at (44,18) size 40x17
          text run at (44,18) width 40: " scroll"
        RenderBR {BR} at (83,32) size 1x0
        RenderInline {EM} at (0,0) size 70x17
          RenderText {#text} at (0,36) size 70x17
            text run at (0,36) width 70: "Applies to:"
        RenderText {#text} at (69,36) size 82x17
          text run at (69,36) width 82: " all elements"
        RenderBR {BR} at (150,50) size 1x0
        RenderInline {EM} at (0,0) size 64x17
          RenderText {#text} at (0,54) size 64x17
            text run at (0,54) width 64: "Inherited:"
        RenderText {#text} at (63,54) size 21x17
          text run at (63,54) width 21: " no"
        RenderBR {BR} at (83,68) size 1x0
        RenderInline {EM} at (0,0) size 124x17
          RenderText {#text} at (0,72) size 124x17
            text run at (0,72) width 124: "Percentage values:"
        RenderText {#text} at (123,72) size 32x17
          text run at (123,72) width 32: " N/A"
        RenderBR {BR} at (154,86) size 1x0
      RenderBlock {P} at (0,413) size 768x36
        RenderText {#text} at (0,0) size 735x35
          text run at (0,0) width 735: "If a background image is specified, the value of 'background-attachment' determines if it is fixed with regard to the"
          text run at (0,18) width 284: "canvas or if it scrolls along with the content."
      RenderBlock {PRE} at (0,465) size 768x75
        RenderText {#text} at (0,0) size 289x75
          text run at (0,0) width 71: "  BODY { "
          text run at (70,0) width 1: " "
          text run at (0,15) width 289: "    background: red url(pendant.gif);"
          text run at (288,15) width 1: " "
          text run at (0,30) width 250: "    background-repeat: repeat-y;"
          text run at (249,30) width 1: " "
          text run at (0,45) width 258: "    background-attachment: fixed;"
          text run at (257,45) width 1: " "
          text run at (0,60) width 24: "  }"
          text run at (23,60) width 1: " "
      RenderBlock {P} at (0,556) size 768x54
        RenderInline {EM} at (0,0) size 73x17
          RenderText {#text} at (0,0) size 73x17
            text run at (0,0) width 73: "CSS1 core:"
        RenderText {#text} at (72,0) size 758x53
          text run at (72,0) width 686: " UAs may treat 'fixed' as 'scroll'. However, it is recommended they interpret 'fixed' correctly, at least on the"
          text run at (0,18) width 726: "HTML and BODY elements, since there is no way for an author to provide an image only for those browsers that"
          text run at (0,36) width 95: "support 'fixed'."
      RenderTable {TABLE} at (0,626) size 768x551 [border: (1px outset #808080)]
        RenderTableSection {TBODY} at (1,1) size 766x549
          RenderTableRow {TR} at (0,0) size 766x26
            RenderTableCell {TD} at (0,0) size 766x26 [bgcolor=#C0C0C0] [border: (1px inset #808080)] [r=0 c=0 rs=1 cs=2]
              RenderInline {STRONG} at (0,0) size 163x17
                RenderText {#text} at (4,4) size 163x17
                  text run at (4,4) width 163: "TABLE Testing Section"
          RenderTableRow {TR} at (0,26) size 766x523
            RenderTableCell {TD} at (0,274) size 12x26 [bgcolor=#C0C0C0] [border: (1px inset #808080)] [r=1 c=0 rs=1 cs=1]
              RenderText {#text} at (4,4) size 4x17
                text run at (4,4) width 4: " "
            RenderTableCell {TD} at (12,26) size 754x523 [border: (1px inset #808080)] [r=1 c=1 rs=1 cs=1]
              RenderBlock {P} at (4,4) size 746x90
                RenderText {#text} at (0,0) size 745x89
                  text run at (0,0) width 745: "This document should have a green grid-pattern line across the top of the page (or at least a tiled background) which"
                  text run at (0,18) width 237: "does NOT scroll with the document. "
                  text run at (236,18) width 491: "It should, instead, appear to be a fixed pattern past which the content scrolls,"
                  text run at (0,36) width 271: "even when the end of the page is reached. "
                  text run at (270,36) width 469: "In addition, the default Test Suite background should NOT appear, as it's"
                  text run at (0,54) width 284: "been overridden by the styles shown above. "
                  text run at (283,54) width 440: "I'll have to add a lot of extra text to the page in order to make all this"
                  text run at (0,72) width 220: "something we can actually check. "
                  text run at (219,72) width 232: "Don't worry, I'll think of something."
              RenderBlock {P} at (4,110) size 746x18
                RenderText {#text} at (0,0) size 519x17
                  text run at (0,0) width 426: "In fact, why not the relevant section from the CSS1 specification? "
                  text run at (425,0) width 94: "A capital idea."
              RenderBlock {HR} at (4,144) size 746x2 [border: (1px inset #000000)]
              RenderBlock {HR} at (4,154) size 746x2 [border: (1px inset #000000)]
              RenderBlock {H4} at (4,177) size 746x18
                RenderInline {A} at (0,0) size 223x17
                  RenderText {#text} at (0,0) size 223x17
                    text run at (0,0) width 223: "5.3.5    'background-attachment'"
                RenderText {#text} at (0,0) size 0x0
              RenderBlock {P} at (4,216) size 746x90
                RenderInline {EM} at (0,0) size 43x17
                  RenderText {#text} at (0,0) size 43x17
                    text run at (0,0) width 43: "Value:"
                RenderText {#text} at (42,0) size 85x17
                  text run at (42,0) width 85: " scroll | fixed"
                RenderBR {BR} at (126,14) size 1x0
                RenderInline {EM} at (0,0) size 45x17
                  RenderText {#text} at (0,18) size 45x17
                    text run at (0,18) width 45: "Initial:"
                RenderText {#text} at (44,18) size 40x17
                  text run at (44,18) width 40: " scroll"
                RenderBR {BR} at (83,32) size 1x0
                RenderInline {EM} at (0,0) size 70x17
                  RenderText {#text} at (0,36) size 70x17
                    text run at (0,36) width 70: "Applies to:"
                RenderText {#text} at (69,36) size 82x17
                  text run at (69,36) width 82: " all elements"
                RenderBR {BR} at (150,50) size 1x0
                RenderInline {EM} at (0,0) size 64x17
                  RenderText {#text} at (0,54) size 64x17
                    text run at (0,54) width 64: "Inherited:"
                RenderText {#text} at (63,54) size 21x17
                  text run at (63,54) width 21: " no"
                RenderBR {BR} at (83,68) size 1x0
                RenderInline {EM} at (0,0) size 124x17
                  RenderText {#text} at (0,72) size 124x17
                    text run at (0,72) width 124: "Percentage values:"
                RenderText {#text} at (123,72) size 32x17
                  text run at (123,72) width 32: " N/A"
                RenderBR {BR} at (154,86) size 1x0
              RenderBlock {P} at (4,322) size 746x36
                RenderText {#text} at (0,0) size 735x35
                  text run at (0,0) width 735: "If a background image is specified, the value of 'background-attachment' determines if it is fixed with regard to the"
                  text run at (0,18) width 284: "canvas or if it scrolls along with the content."
              RenderBlock {PRE} at (4,374) size 746x75
                RenderText {#text} at (0,0) size 289x75
                  text run at (0,0) width 71: "  BODY { "
                  text run at (70,0) width 1: " "
                  text run at (0,15) width 289: "    background: red url(pendant.gif);"
                  text run at (288,15) width 1: " "
                  text run at (0,30) width 250: "    background-repeat: repeat-y;"
                  text run at (249,30) width 1: " "
                  text run at (0,45) width 258: "    background-attachment: fixed;"
                  text run at (257,45) width 1: " "
                  text run at (0,60) width 24: "  }"
                  text run at (23,60) width 1: " "
              RenderBlock {P} at (4,465) size 746x54
                RenderInline {EM} at (0,0) size 73x17
                  RenderText {#text} at (0,0) size 73x17
                    text run at (0,0) width 73: "CSS1 core:"
                RenderText {#text} at (72,0) size 734x53
                  text run at (72,0) width 662: " UAs may treat 'fixed' as 'scroll'. However, it is recommended they interpret 'fixed' correctly, at least on"
                  text run at (0,18) width 722: "the HTML and BODY elements, since there is no way for an author to provide an image only for those browsers"
                  text run at (0,36) width 123: "that support 'fixed'."
