layer at (0,0) size 800x600
  RenderView at (0,0) size 800x600
layer at (0,0) size 800x600
  RenderBlock {HTML} at (0,0) size 800x600
    RenderBody {BODY} at (8,8) size 784x584
      RenderBlock {DIV} at (0,0) size 784x0
layer at (96,560) size 307x30
  RenderBlock (positioned) {FONT} at (96,560) size 307x30
    RenderText {#text} at (0,0) size 307x30
      text run at (0,0) width 307: "Hello World, And Stuff!"
