layer at (0,0) size 784x689
  RenderView at (0,0) size 784x600
layer at (0,0) size 784x600
  RenderBlock {HTML} at (0,0) size 784x600
    RenderBody {BODY} at (0,0) size 784x600 [border: (1px solid #000000)]
layer at (30,500) size 370x189
  RenderBlock (positioned) {DIV} at (30,500) size 370x189
    RenderInline {SPAN} at (0,0) size 325x21 [color=#008000]
      RenderText {#text} at (0,0) size 325x21
        text run at (0,0) width 325: "PASS: event at (44, 44) hit box1 at offset (2, 2)"
    RenderBR {BR} at (325,16) size 0x0
    RenderInline {SPAN} at (0,0) size 325x21 [color=#008000]
      RenderText {#text} at (0,21) size 325x21
        text run at (0,21) width 325: "PASS: event at (69, 55) hit box2 at offset (2, 2)"
    RenderBR {BR} at (325,37) size 0x0
    RenderInline {SPAN} at (0,0) size 361x21 [color=#008000]
      RenderText {#text} at (0,42) size 361x21
        text run at (0,42) width 361: "PASS: event at (165, 182) hit box2 at offset (96, 96)"
    RenderBR {BR} at (361,58) size 0x0
    RenderInline {SPAN} at (0,0) size 334x21 [color=#008000]
      RenderText {#text} at (0,63) size 334x21
        text run at (0,63) width 334: "PASS: event at (333, 79) hit box7 at offset (2, 2)"
    RenderBR {BR} at (334,79) size 0x0
    RenderInline {SPAN} at (0,0) size 343x21 [color=#008000]
      RenderText {#text} at (0,84) size 343x21
        text run at (0,84) width 343: "PASS: event at (87, 325) hit box10 at offset (2, 2)"
    RenderBR {BR} at (343,100) size 0x0
    RenderInline {SPAN} at (0,0) size 370x21 [color=#008000]
      RenderText {#text} at (0,105) size 370x21
        text run at (0,105) width 370: "PASS: event at (196, 467) hit box10 at offset (98, 98)"
    RenderBR {BR} at (370,121) size 0x0
    RenderInline {SPAN} at (0,0) size 352x21 [color=#008000]
      RenderText {#text} at (0,126) size 352x21
        text run at (0,126) width 352: "PASS: event at (333, 325) hit box13 at offset (2, 2)"
    RenderBR {BR} at (352,142) size 0x0
    RenderInline {SPAN} at (0,0) size 352x21 [color=#008000]
      RenderText {#text} at (0,147) size 352x21
        text run at (0,147) width 352: "PASS: event at (353, 352) hit box14 at offset (2, 2)"
    RenderBR {BR} at (352,163) size 0x0
    RenderInline {SPAN} at (0,0) size 370x21 [color=#008000]
      RenderText {#text} at (0,168) size 370x21
        text run at (0,168) width 370: "PASS: event at (472, 507) hit box14 at offset (97, 97)"
    RenderBR {BR} at (370,184) size 0x0
layer at (21,21) size 202x202
  RenderBlock (positioned) {DIV} at (21,21) size 202x202 [border: (1px solid #000000)]
layer at (42,42) size 140x140
  RenderBlock {DIV} at (21,21) size 140x140 [bgcolor=#DDDDDD] [border: (1px solid #000000)]
layer at (63,63) size 100x100
  RenderBlock (relative positioned) {DIV} at (21,21) size 100x100 [bgcolor=#AAAAAA] [border: (1px solid #000000)]
layer at (267,21) size 202x202
  RenderBlock (positioned) {DIV} at (267,21) size 202x202 [border: (1px solid #000000)]
layer at (288,42) size 140x140
  RenderBlock {DIV} at (21,21) size 140x140 [bgcolor=#DDDDDD] [border: (1px solid #000000)]
layer at (309,63) size 100x100
  RenderBlock (relative positioned) {DIV} at (21,21) size 100x100 [bgcolor=#AAAAAA] [border: (1px solid #000000)]
    RenderBlock {DIV} at (21,21) size 100x100 [bgcolor=#0000FF] [border: (1px solid #000000)]
layer at (21,267) size 202x202
  RenderBlock (positioned) {DIV} at (21,267) size 202x202 [border: (1px solid #000000)]
layer at (42,288) size 140x140
  RenderBlock {DIV} at (21,21) size 140x140 [bgcolor=#DDDDDD] [border: (1px solid #000000)]
layer at (63,309) size 100x100
  RenderBlock (relative positioned) {DIV} at (21,21) size 100x100 [bgcolor=#AAAAAA] [border: (1px solid #000000)]
layer at (84,330) size 100x100
  RenderBlock (relative positioned) {DIV} at (21,21) size 100x100 [bgcolor=#0000FF] [border: (1px solid #000000)]
layer at (267,267) size 202x202
  RenderBlock (positioned) {DIV} at (267,267) size 202x202 [border: (1px solid #000000)]
layer at (288,288) size 140x140
  RenderBlock {DIV} at (21,21) size 140x140 [bgcolor=#DDDDDD] [border: (1px solid #000000)]
layer at (309,309) size 100x100
  RenderBlock (relative positioned) {DIV} at (21,21) size 100x100 [bgcolor=#AAAAAA] [border: (1px solid #000000)]
    RenderBlock {DIV} at (21,21) size 100x100 [bgcolor=#C0D69E] [border: (1px solid #000000)]
layer at (351,351) size 100x100
  RenderBlock (relative positioned) {DIV} at (21,21) size 100x100 [bgcolor=#0000FF] [border: (1px solid #000000)]
