layer at (0,0) size 784x857
  RenderView at (0,0) size 784x600
layer at (0,0) size 784x600
  RenderBlock {HTML} at (0,0) size 784x600
    RenderBody {BODY} at (0,0) size 784x600 [border: (1px solid #000000)]
layer at (30,500) size 370x357
  RenderBlock (positioned) {DIV} at (30,500) size 370x357
    RenderInline {SPAN} at (0,0) size 325x21 [color=#008000]
      RenderText {#text} at (0,0) size 325x21
        text run at (0,0) width 325: "PASS: event at (44, 44) hit box1 at offset (2, 2)"
    RenderBR {BR} at (325,16) size 0x0
    RenderInline {SPAN} at (0,0) size 325x21 [color=#008000]
      RenderText {#text} at (0,21) size 325x21
        text run at (0,21) width 325: "PASS: event at (74, 68) hit box2 at offset (2, 2)"
    RenderBR {BR} at (325,37) size 0x0
    RenderInline {SPAN} at (0,0) size 361x21 [color=#008000]
      RenderText {#text} at (0,42) size 361x21
        text run at (0,42) width 361: "PASS: event at (157, 164) hit box2 at offset (98, 98)"
    RenderBR {BR} at (361,58) size 0x0
    RenderInline {SPAN} at (0,0) size 334x21 [color=#008000]
      RenderText {#text} at (0,63) size 334x21
        text run at (0,63) width 334: "PASS: event at (320, 68) hit box4 at offset (2, 2)"
    RenderBR {BR} at (334,79) size 0x0
    RenderInline {SPAN} at (0,0) size 334x21 [color=#008000]
      RenderText {#text} at (0,84) size 334x21
        text run at (0,84) width 334: "PASS: event at (336, 87) hit box5 at offset (2, 2)"
    RenderBR {BR} at (334,100) size 0x0
    RenderInline {SPAN} at (0,0) size 334x21 [color=#008000]
      RenderText {#text} at (0,105) size 334x21
        text run at (0,105) width 334: "PASS: event at (582, 87) hit box8 at offset (2, 2)"
    RenderBR {BR} at (334,121) size 0x0
    RenderInline {SPAN} at (0,0) size 361x21 [color=#008000]
      RenderText {#text} at (0,126) size 361x21
        text run at (0,126) width 361: "PASS: event at (658, 174) hit box8 at offset (86, 86)"
    RenderBR {BR} at (361,142) size 0x0
    RenderInline {SPAN} at (0,0) size 343x21 [color=#008000]
      RenderText {#text} at (0,147) size 343x21
        text run at (0,147) width 343: "PASS: event at (74, 314) hit box10 at offset (2, 2)"
    RenderBR {BR} at (343,163) size 0x0
    RenderInline {SPAN} at (0,0) size 343x21 [color=#008000]
      RenderText {#text} at (0,168) size 343x21
        text run at (0,168) width 343: "PASS: event at (91, 351) hit box11 at offset (2, 2)"
    RenderBR {BR} at (343,184) size 0x0
    RenderInline {SPAN} at (0,0) size 352x21 [color=#008000]
      RenderText {#text} at (0,189) size 352x21
        text run at (0,189) width 352: "PASS: event at (320, 314) hit box13 at offset (2, 2)"
    RenderBR {BR} at (352,205) size 0x0
    RenderInline {SPAN} at (0,0) size 352x21 [color=#008000]
      RenderText {#text} at (0,210) size 352x21
        text run at (0,210) width 352: "PASS: event at (343, 351) hit box14 at offset (2, 2)"
    RenderBR {BR} at (352,226) size 0x0
    RenderInline {SPAN} at (0,0) size 352x21 [color=#008000]
      RenderText {#text} at (0,231) size 352x21
        text run at (0,231) width 352: "PASS: event at (365, 375) hit box15 at offset (2, 2)"
    RenderBR {BR} at (352,247) size 0x0
    RenderInline {SPAN} at (0,0) size 352x21 [color=#008000]
      RenderText {#text} at (0,252) size 352x21
        text run at (0,252) width 352: "PASS: event at (566, 314) hit box17 at offset (2, 2)"
    RenderBR {BR} at (352,268) size 0x0
    RenderInline {SPAN} at (0,0) size 352x21 [color=#008000]
      RenderText {#text} at (0,273) size 352x21
        text run at (0,273) width 352: "PASS: event at (587, 352) hit box18 at offset (2, 2)"
    RenderBR {BR} at (352,289) size 0x0
    RenderInline {SPAN} at (0,0) size 352x21 [color=#008000]
      RenderText {#text} at (0,294) size 352x21
        text run at (0,294) width 352: "PASS: event at (629, 401) hit box19 at offset (2, 2)"
    RenderBR {BR} at (352,310) size 0x0
    RenderInline {SPAN} at (0,0) size 352x21 [color=#008000]
      RenderText {#text} at (0,315) size 352x21
        text run at (0,315) width 352: "PASS: event at (653, 422) hit box20 at offset (2, 2)"
    RenderBR {BR} at (352,331) size 0x0
    RenderInline {SPAN} at (0,0) size 370x21 [color=#008000]
      RenderText {#text} at (0,336) size 370x21
        text run at (0,336) width 370: "PASS: event at (745, 505) hit box20 at offset (86, 87)"
    RenderBR {BR} at (370,352) size 0x0
layer at (21,21) size 202x202
  RenderBlock (positioned) {DIV} at (21,21) size 202x202 [border: (1px solid #000000)]
layer at (42,42) size 140x140
  RenderBlock {DIV} at (21,21) size 140x140 [bgcolor=#DDDDDD] [border: (1px solid #000000)]
layer at (63,63) size 100x100
  RenderBlock (relative positioned) {DIV} at (21,21) size 100x100 [bgcolor=#81AA8A] [border: (1px solid #000000)]
layer at (267,21) size 202x202
  RenderBlock (positioned) {DIV} at (267,21) size 202x202 [border: (1px solid #000000)]
layer at (288,42) size 140x140
  RenderBlock {DIV} at (21,21) size 140x140 [bgcolor=#DDDDDD] [border: (1px solid #000000)]
layer at (309,63) size 100x100
  RenderBlock (relative positioned) {DIV} at (21,21) size 100x100 [bgcolor=#81AA8A] [border: (1px solid #000000)]
    RenderBlock {DIV} at (21,21) size 90x90 [bgcolor=#0000FF] [border: (1px solid #000000)]
layer at (513,21) size 202x202
  RenderBlock (positioned) {DIV} at (513,21) size 202x202 [border: (1px solid #000000)]
layer at (534,42) size 140x140
  RenderBlock {DIV} at (21,21) size 140x140 [bgcolor=#DDDDDD] [border: (1px solid #000000)]
layer at (555,63) size 100x100
  RenderBlock (relative positioned) {DIV} at (21,21) size 100x100 [bgcolor=#81AA8A] [border: (1px solid #000000)]
layer at (576,84) size 90x90
  RenderBlock (relative positioned) {DIV} at (21,21) size 90x90 [bgcolor=#0000FF] [border: (1px solid #000000)]
layer at (21,267) size 202x202
  RenderBlock (positioned) {DIV} at (21,267) size 202x202 [border: (1px solid #000000)]
layer at (42,288) size 140x140
  RenderBlock {DIV} at (21,21) size 140x140 [bgcolor=#DDDDDD] [border: (1px solid #000000)]
layer at (63,309) size 100x100
  RenderBlock (relative positioned) {DIV} at (21,21) size 100x100 [bgcolor=#81AA8A] [border: (1px solid #000000)]
layer at (104,350) size 100x100
  RenderBlock (relative positioned) {DIV} at (41,41) size 100x100 [border: (1px solid #000000)]
layer at (267,267) size 202x202
  RenderBlock (positioned) {DIV} at (267,267) size 202x202 [border: (1px solid #000000)]
layer at (288,288) size 140x140
  RenderBlock {DIV} at (21,21) size 140x140 [bgcolor=#DDDDDD] [border: (1px solid #000000)]
layer at (309,309) size 100x100
  RenderBlock (relative positioned) {DIV} at (21,21) size 100x100 [bgcolor=#81AA8A] [border: (1px solid #000000)]
layer at (350,350) size 100x100
  RenderBlock (relative positioned) {DIV} at (41,41) size 100x100 [border: (1px solid #000000)]
    RenderBlock {DIV} at (21,21) size 90x90 [bgcolor=#0000FF] [border: (1px solid #000000)]
layer at (513,267) size 202x202
  RenderBlock (positioned) {DIV} at (513,267) size 202x202 [border: (1px solid #000000)]
layer at (534,288) size 140x140
  RenderBlock {DIV} at (21,21) size 140x140 [bgcolor=#DDDDDD] [border: (1px solid #000000)]
layer at (555,309) size 100x100
  RenderBlock (relative positioned) {DIV} at (21,21) size 100x100 [bgcolor=#81AA8A] [border: (1px solid #000000)]
layer at (596,350) size 100x100
  RenderBlock (relative positioned) {DIV} at (41,41) size 100x100 [border: (1px solid #000000)]
layer at (637,391) size 100x100
  RenderBlock (relative positioned) {DIV} at (41,41) size 100x100 [bgcolor=#AA7994] [border: (1px solid #000000)]
    RenderBlock {DIV} at (21,21) size 90x90 [bgcolor=#0000FF] [border: (1px solid #000000)]
