layer at (0,0) size 800x600
  RenderView at (0,0) size 800x600
layer at (0,0) size 800x600
  RenderBlock {HTML} at (0,0) size 800x600
    RenderBody {BODY} at (8,8) size 784x584
layer at (30,500) size 375x84
  RenderBlock (positioned) {DIV} at (30,500) size 375x84
    RenderInline {SPAN} at (0,0) size 330x21 [color=#008000]
      RenderText {#text} at (0,0) size 330x21
        text run at (0,0) width 330: "PASS: event at (158, 83) hit card at offset (2, 2)"
    RenderBR {BR} at (330,16) size 0x0
    RenderInline {SPAN} at (0,0) size 357x21 [color=#008000]
      RenderText {#text} at (0,21) size 357x21
        text run at (0,21) width 357: "PASS: event at (309, 112) hit card at offset (198, 2)"
    RenderBR {BR} at (357,37) size 0x0
    RenderInline {SPAN} at (0,0) size 357x21 [color=#008000]
      RenderText {#text} at (0,42) size 357x21
        text run at (0,42) width 357: "PASS: event at (158, 338) hit card at offset (2, 198)"
    RenderBR {BR} at (357,58) size 0x0
    RenderInline {SPAN} at (0,0) size 375x21 [color=#008000]
      RenderText {#text} at (0,63) size 375x21
        text run at (0,63) width 375: "PASS: event at (309, 308) hit card at offset (198, 198)"
    RenderBR {BR} at (375,79) size 0x0
layer at (8,8) size 402x402
  RenderBlock (positioned) {DIV} at (8,8) size 402x402 [border: (1px solid #000000)]
layer at (59,59) size 302x302
  RenderBlock (positioned) {DIV} at (51,51) size 302x302 [border: (1px solid #0000FF)]
layer at (110,110) size 200x200
  RenderBlock (positioned) {DIV} at (51,51) size 200x200 [bgcolor=#81AA8A]
