layer at (0,0) size 785x585
  RenderView at (0,0) size 785x585
layer at (0,0) size 785x70
  RenderBlock {HTML} at (0,0) size 785x70
    RenderBody {BODY} at (8,8) size 769x54
      RenderText {#text} at (0,0) size 741x36
        text run at (0,0) width 594: "Simple test of composited iframe content. There should be a blue box with a gray background "
        text run at (594,0) width 147: "inside the black border."
        text run at (0,18) width 413: "The gray background should fit perfectly within the block border "
        text run at (413,18) width 89: "with no gaps. "
      RenderBR {BR} at (0,0) size 0x0
      RenderBR {BR} at (0,36) size 0x18
      RenderText {#text} at (0,0) size 0x0
layer at (100,100) size 440x340
  RenderPartObject {IFRAME} at (100,100) size 440x340 [border: (20px solid #000000)]
    layer at (0,0) size 400x300
      RenderView at (0,0) size 400x300
    layer at (0,0) size 400x230
      RenderBlock {HTML} at (0,0) size 400x230
        RenderBody {BODY} at (8,10) size 384x210 [bgcolor=#C0C0C0]
    layer at (18,10) size 210x210
      RenderBlock {DIV} at (10,0) size 210x210 [bgcolor=#0000FF]
