layer at (0,0) size 785x1208
  RenderView at (0,0) size 785x600
layer at (0,0) size 785x600
  RenderBlock {HTML} at (0,0) size 785x600
    RenderBody {BODY} at (8,8) size 769x1200
layer at (8,8) size 404x1200
  RenderBlock {DIV} at (0,0) size 404x1200 [border: (2px solid #000000)]
    RenderMultiColumnSet at (2,2) size 400x1196
layer at (10,10) size 944x388 backgroundClip at (0,0) size 785x1208 clip at (0,0) size 785x1208
  RenderMultiColumnFlowThread at (2,2) size 944x388
    RenderText {#text} at (0,0) size 17x110
      text run at (0,0) width 110: "This is some text."
    RenderBR {BR} at (3,110) size 0x0
    RenderText {#text} at (18,0) size 17x110
      text run at (18,0) width 110: "This is some text."
    RenderBR {BR} at (21,110) size 0x0
    RenderText {#text} at (36,0) size 17x110
      text run at (36,0) width 110: "This is some text."
    RenderBR {BR} at (39,110) size 0x0
    RenderText {#text} at (54,0) size 17x110
      text run at (54,0) width 110: "This is some text."
    RenderBR {BR} at (57,110) size 0x0
    RenderText {#text} at (72,0) size 17x110
      text run at (72,0) width 110: "This is some text."
    RenderBR {BR} at (75,110) size 0x0
    RenderText {#text} at (90,0) size 17x110
      text run at (90,0) width 110: "This is some text."
    RenderBR {BR} at (93,110) size 0x0
    RenderText {#text} at (108,0) size 17x110
      text run at (108,0) width 110: "This is some text."
    RenderBR {BR} at (111,110) size 0x0
    RenderText {#text} at (126,0) size 17x110
      text run at (126,0) width 110: "This is some text."
    RenderBR {BR} at (129,110) size 0x0
    RenderText {#text} at (144,0) size 17x110
      text run at (144,0) width 110: "This is some text."
    RenderBR {BR} at (147,110) size 0x0
    RenderText {#text} at (162,0) size 17x110
      text run at (162,0) width 110: "This is some text."
    RenderBR {BR} at (165,110) size 0x0
    RenderImage {IMG} at (400,0) size 300x250 [bgcolor=#008000]
    RenderText {#text} at (400,250) size 17x110
      text run at (400,250) width 110: "This is some text."
    RenderBR {BR} at (403,360) size 0x0
    RenderText {#text} at (418,250) size 17x110
      text run at (418,250) width 110: "This is some text."
    RenderBR {BR} at (421,360) size 0x0
    RenderText {#text} at (436,250) size 17x110
      text run at (436,250) width 110: "This is some text."
    RenderBR {BR} at (439,360) size 0x0
    RenderText {#text} at (454,250) size 17x110
      text run at (454,250) width 110: "This is some text."
    RenderBR {BR} at (457,360) size 0x0
    RenderText {#text} at (472,250) size 17x110
      text run at (472,250) width 110: "This is some text."
    RenderBR {BR} at (475,360) size 0x0
    RenderText {#text} at (490,250) size 17x110
      text run at (490,250) width 110: "This is some text."
    RenderBR {BR} at (493,360) size 0x0
    RenderText {#text} at (508,250) size 17x110
      text run at (508,250) width 110: "This is some text."
    RenderBR {BR} at (511,360) size 0x0
    RenderText {#text} at (526,250) size 17x110
      text run at (526,250) width 110: "This is some text."
    RenderBR {BR} at (529,360) size 0x0
    RenderText {#text} at (544,250) size 17x110
      text run at (544,250) width 110: "This is some text."
    RenderBR {BR} at (547,360) size 0x0
    RenderText {#text} at (562,250) size 17x110
      text run at (562,250) width 110: "This is some text."
    RenderBR {BR} at (565,360) size 0x0
    RenderText {#text} at (580,250) size 17x110
      text run at (580,250) width 110: "This is some text."
    RenderBR {BR} at (583,360) size 0x0
    RenderText {#text} at (598,250) size 17x110
      text run at (598,250) width 110: "This is some text."
    RenderBR {BR} at (601,360) size 0x0
    RenderText {#text} at (616,250) size 17x110
      text run at (616,250) width 110: "This is some text."
    RenderBR {BR} at (619,360) size 0x0
    RenderText {#text} at (634,250) size 17x110
      text run at (634,250) width 110: "This is some text."
    RenderBR {BR} at (637,360) size 0x0
    RenderText {#text} at (652,250) size 17x110
      text run at (652,250) width 110: "This is some text."
    RenderBR {BR} at (655,360) size 0x0
    RenderText {#text} at (670,250) size 17x110
      text run at (670,250) width 110: "This is some text."
    RenderBR {BR} at (673,360) size 0x0
    RenderText {#text} at (688,250) size 17x110
      text run at (688,250) width 110: "This is some text."
    RenderBR {BR} at (691,360) size 0x0
    RenderText {#text} at (706,0) size 17x110
      text run at (706,0) width 110: "This is some text."
    RenderBR {BR} at (709,110) size 0x0
    RenderText {#text} at (724,0) size 17x110
      text run at (724,0) width 110: "This is some text."
    RenderBR {BR} at (727,110) size 0x0
    RenderText {#text} at (742,0) size 17x110
      text run at (742,0) width 110: "This is some text."
    RenderBR {BR} at (745,110) size 0x0
    RenderText {#text} at (760,0) size 17x110
      text run at (760,0) width 110: "This is some text."
    RenderBR {BR} at (763,110) size 0x0
    RenderText {#text} at (778,0) size 17x110
      text run at (778,0) width 110: "This is some text."
    RenderBR {BR} at (781,110) size 0x0
    RenderText {#text} at (800,0) size 17x110
      text run at (800,0) width 110: "This is some text."
    RenderBR {BR} at (803,110) size 0x0
    RenderText {#text} at (818,0) size 17x110
      text run at (818,0) width 110: "This is some text."
    RenderBR {BR} at (821,110) size 0x0
    RenderText {#text} at (836,0) size 17x110
      text run at (836,0) width 110: "This is some text."
    RenderBR {BR} at (839,110) size 0x0
    RenderText {#text} at (854,0) size 17x110
      text run at (854,0) width 110: "This is some text."
    RenderBR {BR} at (857,110) size 0x0
    RenderText {#text} at (872,0) size 17x110
      text run at (872,0) width 110: "This is some text."
    RenderBR {BR} at (875,110) size 0x0
    RenderText {#text} at (890,0) size 17x110
      text run at (890,0) width 110: "This is some text."
    RenderBR {BR} at (893,110) size 0x0
    RenderText {#text} at (908,0) size 17x110
      text run at (908,0) width 110: "This is some text."
    RenderBR {BR} at (911,110) size 0x0
    RenderText {#text} at (926,0) size 17x110
      text run at (926,0) width 110: "This is some text."
    RenderBR {BR} at (929,110) size 0x0
