layer at (0,0) size 784x1226
  RenderView at (0,0) size 784x600
layer at (0,0) size 784x1226
  RenderBlock {HTML} at (0,0) size 784x1226
    RenderBody {BODY} at (8,8) size 768x1205 [bgcolor=#EEEEEE]
      RenderBlock (anonymous) at (0,0) size 768x23
        RenderInline {SPAN} at (0,0) size 191x17
          RenderText {#text} at (0,0) size 0x0
          RenderInline {SPAN} at (0,0) size 191x17
            RenderText {#text} at (0,0) size 0x0
            RenderTable {TABLE} at (0,0) size 191x23
              RenderTableSection {TBODY} at (0,0) size 191x23
                RenderTableRow {TR} at (0,0) size 191x23
                  RenderTableCell {TD} at (0,0) size 115x23 [r=0 c=0 rs=1 cs=1]
                    RenderText {#text} at (1,1) size 113x21
                      text run at (1,1) width 113: "Record Locator:"
                  RenderTableCell {TD} at (115,0) size 76x23 [r=0 c=1 rs=1 cs=1]
                    RenderInline {B} at (0,0) size 74x21
                      RenderText {#text} at (1,1) size 74x21
                        text run at (1,1) width 74: "WHGNSO"
                    RenderText {#text} at (0,0) size 0x0
            RenderText {#text} at (0,0) size 0x0
          RenderText {#text} at (0,0) size 0x0
      RenderBlock (anonymous) at (0,29) size 768x2
        RenderBlock {HR} at (0,0) size 768x2 [border: (1px inset #000000)]
      RenderBlock (anonymous) at (0,37) size 768x47
        RenderInline {SPAN} at (0,0) size 110x44
          RenderInline {SPAN} at (0,0) size 110x44
            RenderText {#text} at (0,0) size 0x0
            RenderInline {SPAN} at (0,0) size 110x21
              RenderText {#text} at (0,0) size 0x0
              RenderImage {IMG} at (0,2) size 53x21
              RenderText {#text} at (53,0) size 57x21
                text run at (53,0) width 4: " "
                text run at (57,0) width 53: "Names"
              RenderBR {BR} at (110,16) size 0x0
            RenderText {#text} at (0,0) size 0x0
            RenderInline {SPAN} at (0,0) size 104x17
              RenderText {#text} at (0,0) size 0x0
              RenderText {#text} at (0,0) size 0x0
            RenderText {#text} at (0,0) size 0x0
          RenderText {#text} at (0,0) size 0x0
      RenderBlock (anonymous) at (0,90) size 768x2
        RenderBlock {HR} at (0,0) size 768x2 [border: (1px inset #000000)]
      RenderBlock (anonymous) at (0,98) size 768x71
        RenderInline {SPAN} at (0,0) size 592x68
          RenderInline {SPAN} at (0,0) size 592x68
            RenderText {#text} at (0,0) size 0x0
            RenderImage {IMG} at (0,3) size 62x20
            RenderText {#text} at (62,3) size 4x17
              text run at (62,3) width 4: " "
            RenderInline {SPAN} at (0,0) size 83x21
              RenderText {#text} at (66,0) size 83x21
                text run at (66,0) width 83: "Addresses"
              RenderBR {BR} at (149,16) size 0x0
            RenderText {#text} at (0,0) size 0x0
            RenderText {#text} at (0,0) size 0x0
          RenderText {#text} at (0,0) size 0x0
      RenderBlock (anonymous) at (0,175) size 768x2
        RenderBlock {HR} at (0,0) size 768x2 [border: (1px inset #000000)]
      RenderBlock (anonymous) at (0,183) size 768x43
        RenderInline {SPAN} at (0,0) size 126x44
          RenderInline {SPAN} at (0,0) size 126x44
            RenderText {#text} at (0,0) size 0x0
            RenderInline {SPAN} at (0,0) size 126x21
              RenderText {#text} at (0,0) size 0x0
              RenderImage {IMG} at (0,2) size 59x21
              RenderText {#text} at (59,0) size 67x21
                text run at (59,0) width 4: " "
                text run at (63,0) width 63: "Phones "
              RenderBR {BR} at (126,16) size 0x0
            RenderText {#text} at (0,0) size 0x0
      RenderBlock (anonymous) at (0,226) size 768x66
      RenderBlock (anonymous) at (0,292) size 768x0
        RenderInline {SPAN} at (0,0) size 0x0
          RenderInline {SPAN} at (0,0) size 0x0
            RenderText {#text} at (0,0) size 0x0
          RenderText {#text} at (0,0) size 0x0
      RenderBlock (anonymous) at (0,298) size 768x2
        RenderBlock {HR} at (0,0) size 768x2 [border: (1px inset #000000)]
      RenderBlock (anonymous) at (0,306) size 768x23
        RenderInline {SPAN} at (0,0) size 128x17
          RenderInline {SPAN} at (0,0) size 128x17
            RenderText {#text} at (0,0) size 0x0
            RenderInline {SPAN} at (0,0) size 128x21
              RenderText {#text} at (0,0) size 0x0
              RenderImage {IMG} at (0,2) size 62x21
              RenderText {#text} at (62,0) size 66x21
                text run at (62,0) width 4: " "
                text run at (66,0) width 62: "Itinerary"
            RenderText {#text} at (0,0) size 0x0
            RenderInline {SPAN} at (0,0) size 0x0
              RenderText {#text} at (0,0) size 0x0
              RenderInline {SPAN} at (0,0) size 0x0
                RenderText {#text} at (0,0) size 0x0
      RenderBlock (anonymous) at (0,329) size 768x69
        RenderTable {TABLE} at (0,0) size 581x69
          RenderTableSection {TBODY} at (0,0) size 581x69
            RenderTableRow {TR} at (0,2) size 581x65
              RenderTableCell {TD} at (2,33) size 2x2 [r=0 c=0 rs=1 cs=1]
              RenderTableCell {TD} at (6,2) size 2x2 [r=0 c=1 rs=1 cs=1]
              RenderTableCell {TD} at (10,23) size 149x23 [r=0 c=2 rs=1 cs=1]
                RenderImage {IMG} at (1,1) size 147x21
                RenderText {#text} at (0,0) size 0x0
              RenderTableCell {TD} at (161,2) size 418x65 [r=0 c=3 rs=1 cs=1]
                RenderText {#text} at (1,1) size 147x21
                  text run at (1,1) width 147: "TUR - Tour Package"
                RenderBR {BR} at (148,17) size 0x0
                RenderText {#text} at (1,22) size 228x21
                  text run at (1,22) width 228: "Date: Sunday, January 12, 2003"
                RenderBR {BR} at (229,38) size 0x0
                RenderText {#text} at (1,43) size 416x21
                  text run at (1,43) width 416: "Comments: -** TICKETLESS CONF CODE IS WHGNSO**"
      RenderBlock (anonymous) at (0,398) size 768x0
        RenderInline {SPAN} at (0,0) size 0x0
          RenderInline {SPAN} at (0,0) size 0x0
            RenderInline {SPAN} at (0,0) size 0x0
              RenderInline {SPAN} at (0,0) size 0x0
              RenderText {#text} at (0,0) size 0x0
      RenderBlock (anonymous) at (0,404) size 768x2
        RenderBlock {HR} at (0,0) size 768x2 [border: (1px inset #000000)]
      RenderBlock (anonymous) at (0,412) size 768x0
        RenderInline {SPAN} at (0,0) size 0x0
          RenderInline {SPAN} at (0,0) size 0x0
            RenderInline {SPAN} at (0,0) size 0x0
              RenderInline {SPAN} at (0,0) size 0x0
                RenderText {#text} at (0,0) size 0x0
      RenderBlock (anonymous) at (0,412) size 768x226
        RenderTable {TABLE} at (0,0) size 710x226
          RenderTableSection {TBODY} at (0,0) size 710x226
            RenderTableRow {TR} at (0,2) size 710x222
              RenderTableCell {TD} at (2,112) size 2x2 [r=0 c=0 rs=1 cs=1]
              RenderTableCell {TD} at (6,2) size 2x2 [r=0 c=1 rs=1 cs=1]
              RenderTableCell {TD} at (10,101) size 90x23 [r=0 c=2 rs=1 cs=1]
                RenderImage {IMG} at (1,1) size 88x21
                RenderText {#text} at (0,0) size 0x0
              RenderTableCell {TD} at (102,2) size 606x222 [r=0 c=3 rs=1 cs=1]
                RenderBlock (anonymous) at (1,1) size 604x147
                  RenderText {#text} at (0,0) size 24x21
                    text run at (0,0) width 24: "Air "
                  RenderBR {BR} at (0,0) size 0x0
                  RenderText {#text} at (0,21) size 486x21
                    text run at (0,21) width 51: "United "
                    text run at (51,21) width 84: "Flight 1187 "
                    text run at (135,21) width 123: "Booking Code:M "
                    text run at (258,21) width 228: "Date: Sunday, January 12, 2003"
                  RenderBR {BR} at (486,37) size 0x0
                  RenderText {#text} at (0,42) size 388x21
                    text run at (0,42) width 388: "From: San Francisco Intl Arpt, San Francisco CA - U.S."
                  RenderBR {BR} at (388,58) size 0x0
                  RenderText {#text} at (0,63) size 405x21
                    text run at (0,63) width 27: "To: "
                    text run at (27,63) width 378: "Burbank Glendale Pasadena Arpt, Burbank CA - U.S."
                  RenderBR {BR} at (405,79) size 0x0
                  RenderText {#text} at (0,84) size 244x21
                    text run at (0,84) width 127: "Departs: 6:05 PM "
                    text run at (127,84) width 117: "Arrives: 7:10 PM"
                  RenderBR {BR} at (244,100) size 0x0
                  RenderText {#text} at (0,105) size 49x21
                    text run at (0,105) width 49: "Status:"
                  RenderInline {SPACE} at (0,0) size 127x42
                    RenderText {#text} at (49,105) size 74x21
                      text run at (49,105) width 74: " confirmed"
                    RenderInline {SPACE} at (0,0) size 127x42
                      RenderText {#text} at (123,105) size 4x21
                        text run at (123,105) width 4: " "
                      RenderBR {BR} at (0,0) size 0x0
                      RenderText {#text} at (0,126) size 45x21
                        text run at (0,126) width 45: "Seats:"
                      RenderBR {BR} at (45,142) size 0x0
                RenderBlock (anonymous) at (1,148) size 604x52
                  RenderTable {TABLE} at (0,0) size 604x52 [border: (1px outset #808080)]
                    RenderTableSection {TBODY} at (1,1) size 602x50
                      RenderTableRow {TR} at (0,0) size 602x25 [bgcolor=#E0E0E0]
                        RenderTableCell {TD} at (0,0) size 98x25 [border: (1px inset #808080)] [r=0 c=0 rs=1 cs=1]
                          RenderText {#text} at (2,2) size 43x21
                            text run at (2,2) width 43: "Name"
                        RenderTableCell {TD} at (98,0) size 37x25 [border: (1px inset #808080)] [r=0 c=1 rs=1 cs=1]
                          RenderText {#text} at (2,2) size 33x21
                            text run at (2,2) width 33: "Seat"
                        RenderTableCell {TD} at (135,0) size 78x25 [border: (1px inset #808080)] [r=0 c=2 rs=1 cs=1]
                          RenderText {#text} at (2,2) size 45x21
                            text run at (2,2) width 45: "Status"
                        RenderTableCell {TD} at (213,0) size 316x25 [border: (1px inset #808080)] [r=0 c=3 rs=1 cs=1]
                          RenderText {#text} at (2,2) size 36x21
                            text run at (2,2) width 36: "Type"
                        RenderTableCell {TD} at (529,0) size 73x25 [border: (1px inset #808080)] [r=0 c=4 rs=1 cs=1]
                          RenderText {#text} at (2,2) size 69x21
                            text run at (2,2) width 69: "Comment"
                      RenderTableRow {TR} at (0,25) size 602x25
                        RenderTableCell {TD} at (0,25) size 98x25 [border: (1px inset #808080)] [r=1 c=0 rs=1 cs=1]
                          RenderText {#text} at (2,2) size 94x21
                            text run at (2,2) width 94: "HAO,SCOTT"
                        RenderTableCell {TD} at (98,25) size 37x25 [border: (1px inset #808080)] [r=1 c=1 rs=1 cs=1]
                          RenderText {#text} at (2,2) size 29x21
                            text run at (2,2) width 29: "08A"
                        RenderTableCell {TD} at (135,25) size 78x25 [border: (1px inset #808080)] [r=1 c=2 rs=1 cs=1]
                          RenderText {#text} at (2,2) size 74x21
                            text run at (2,2) width 74: "confirmed "
                        RenderTableCell {TD} at (213,25) size 316x25 [border: (1px inset #808080)] [r=1 c=3 rs=1 cs=1]
                          RenderText {#text} at (2,2) size 312x21
                            text run at (2,2) width 312: "Non-Smoking, Window Seat, Preferred Seat"
                        RenderTableCell {TD} at (529,25) size 73x25 [border: (1px inset #808080)] [r=1 c=4 rs=1 cs=1]
                          RenderText {#text} at (2,2) size 4x21
                            text run at (2,2) width 4: " "
                RenderBlock (anonymous) at (1,200) size 604x21
                  RenderInline {SPACE} at (0,0) size 0x21
                    RenderInline {SPACE} at (0,0) size 0x21
                      RenderBR {BR} at (0,0) size 0x21
      RenderBlock (anonymous) at (0,638) size 768x0
        RenderInline {SPAN} at (0,0) size 0x0
          RenderInline {SPAN} at (0,0) size 0x0
            RenderInline {SPAN} at (0,0) size 0x0
              RenderInline {SPAN} at (0,0) size 0x0
              RenderText {#text} at (0,0) size 0x0
      RenderBlock (anonymous) at (0,644) size 768x2
        RenderBlock {HR} at (0,0) size 768x2 [border: (1px inset #000000)]
      RenderBlock (anonymous) at (0,652) size 768x0
        RenderInline {SPAN} at (0,0) size 0x0
          RenderInline {SPAN} at (0,0) size 0x0
            RenderInline {SPAN} at (0,0) size 0x0
              RenderInline {SPAN} at (0,0) size 0x0
                RenderText {#text} at (0,0) size 0x0
      RenderBlock (anonymous) at (0,652) size 768x226
        RenderTable {TABLE} at (0,0) size 599x226
          RenderTableSection {TBODY} at (0,0) size 599x226
            RenderTableRow {TR} at (0,2) size 599x222
              RenderTableCell {TD} at (2,112) size 2x2 [r=0 c=0 rs=1 cs=1]
              RenderTableCell {TD} at (6,2) size 2x2 [r=0 c=1 rs=1 cs=1]
              RenderTableCell {TD} at (10,101) size 90x23 [r=0 c=2 rs=1 cs=1]
                RenderImage {IMG} at (1,1) size 88x21
                RenderText {#text} at (0,0) size 0x0
              RenderTableCell {TD} at (102,2) size 495x222 [r=0 c=3 rs=1 cs=1]
                RenderBlock (anonymous) at (1,1) size 493x147
                  RenderText {#text} at (0,0) size 24x21
                    text run at (0,0) width 24: "Air "
                  RenderBR {BR} at (0,0) size 0x0
                  RenderText {#text} at (0,21) size 466x21
                    text run at (0,21) width 51: "United "
                    text run at (51,21) width 75: "Flight 480 "
                    text run at (126,21) width 122: "Booking Code:Q "
                    text run at (248,21) width 218: "Date: Friday, January 24, 2003"
                  RenderBR {BR} at (466,37) size 0x0
                  RenderText {#text} at (0,42) size 423x21
                    text run at (0,42) width 423: "From: Burbank Glendale Pasadena Arpt, Burbank CA - U.S."
                  RenderBR {BR} at (423,58) size 0x0
                  RenderText {#text} at (0,63) size 370x21
                    text run at (0,63) width 27: "To: "
                    text run at (27,63) width 343: "San Francisco Intl Arpt, San Francisco CA - U.S."
                  RenderBR {BR} at (370,79) size 0x0
                  RenderText {#text} at (0,84) size 244x21
                    text run at (0,84) width 127: "Departs: 1:40 PM "
                    text run at (127,84) width 117: "Arrives: 2:50 PM"
                  RenderBR {BR} at (244,100) size 0x0
                  RenderText {#text} at (0,105) size 49x21
                    text run at (0,105) width 49: "Status:"
                  RenderInline {SPACE} at (0,0) size 127x42
                    RenderText {#text} at (49,105) size 74x21
                      text run at (49,105) width 74: " confirmed"
                    RenderInline {SPACE} at (0,0) size 127x42
                      RenderText {#text} at (123,105) size 4x21
                        text run at (123,105) width 4: " "
                      RenderBR {BR} at (0,0) size 0x0
                      RenderText {#text} at (0,126) size 45x21
                        text run at (0,126) width 45: "Seats:"
                      RenderBR {BR} at (45,142) size 0x0
                RenderBlock (anonymous) at (1,148) size 493x52
                  RenderTable {TABLE} at (0,0) size 493x52 [border: (1px outset #808080)]
                    RenderTableSection {TBODY} at (1,1) size 491x50
                      RenderTableRow {TR} at (0,0) size 491x25 [bgcolor=#E0E0E0]
                        RenderTableCell {TD} at (0,0) size 98x25 [border: (1px inset #808080)] [r=0 c=0 rs=1 cs=1]
                          RenderText {#text} at (2,2) size 43x21
                            text run at (2,2) width 43: "Name"
                        RenderTableCell {TD} at (98,0) size 37x25 [border: (1px inset #808080)] [r=0 c=1 rs=1 cs=1]
                          RenderText {#text} at (2,2) size 33x21
                            text run at (2,2) width 33: "Seat"
                        RenderTableCell {TD} at (135,0) size 78x25 [border: (1px inset #808080)] [r=0 c=2 rs=1 cs=1]
                          RenderText {#text} at (2,2) size 45x21
                            text run at (2,2) width 45: "Status"
                        RenderTableCell {TD} at (213,0) size 205x25 [border: (1px inset #808080)] [r=0 c=3 rs=1 cs=1]
                          RenderText {#text} at (2,2) size 36x21
                            text run at (2,2) width 36: "Type"
                        RenderTableCell {TD} at (418,0) size 73x25 [border: (1px inset #808080)] [r=0 c=4 rs=1 cs=1]
                          RenderText {#text} at (2,2) size 69x21
                            text run at (2,2) width 69: "Comment"
                      RenderTableRow {TR} at (0,25) size 491x25
                        RenderTableCell {TD} at (0,25) size 98x25 [border: (1px inset #808080)] [r=1 c=0 rs=1 cs=1]
                          RenderText {#text} at (2,2) size 94x21
                            text run at (2,2) width 94: "HAO,SCOTT"
                        RenderTableCell {TD} at (98,25) size 37x25 [border: (1px inset #808080)] [r=1 c=1 rs=1 cs=1]
                          RenderText {#text} at (2,2) size 28x21
                            text run at (2,2) width 28: "13F"
                        RenderTableCell {TD} at (135,25) size 78x25 [border: (1px inset #808080)] [r=1 c=2 rs=1 cs=1]
                          RenderText {#text} at (2,2) size 74x21
                            text run at (2,2) width 74: "confirmed "
                        RenderTableCell {TD} at (213,25) size 205x25 [border: (1px inset #808080)] [r=1 c=3 rs=1 cs=1]
                          RenderText {#text} at (2,2) size 201x21
                            text run at (2,2) width 201: "Non-Smoking, Window Seat"
                        RenderTableCell {TD} at (418,25) size 73x25 [border: (1px inset #808080)] [r=1 c=4 rs=1 cs=1]
                          RenderText {#text} at (2,2) size 4x21
                            text run at (2,2) width 4: " "
                RenderBlock (anonymous) at (1,200) size 493x21
                  RenderInline {SPACE} at (0,0) size 0x21
                    RenderInline {SPACE} at (0,0) size 0x21
                      RenderBR {BR} at (0,0) size 0x21
      RenderBlock (anonymous) at (0,878) size 768x0
        RenderInline {SPAN} at (0,0) size 0x0
          RenderInline {SPAN} at (0,0) size 0x0
            RenderInline {SPAN} at (0,0) size 0x0
              RenderInline {SPAN} at (0,0) size 0x0
              RenderText {#text} at (0,0) size 0x0
      RenderBlock (anonymous) at (0,884) size 768x2
        RenderBlock {HR} at (0,0) size 768x2 [border: (1px inset #000000)]
      RenderBlock (anonymous) at (0,892) size 768x0
        RenderInline {SPAN} at (0,0) size 0x0
          RenderInline {SPAN} at (0,0) size 0x0
            RenderInline {SPAN} at (0,0) size 0x0
              RenderInline {SPAN} at (0,0) size 0x0
                RenderText {#text} at (0,0) size 0x0
      RenderBlock (anonymous) at (0,892) size 768x132
        RenderTable {TABLE} at (0,0) size 614x132
          RenderTableSection {TBODY} at (0,0) size 614x132
            RenderTableRow {TR} at (0,2) size 614x128
              RenderTableCell {TD} at (2,65) size 2x2 [r=0 c=0 rs=1 cs=1]
              RenderTableCell {TD} at (6,2) size 2x2 [r=0 c=1 rs=1 cs=1]
              RenderTableCell {TD} at (10,54) size 90x23 [r=0 c=2 rs=1 cs=1]
                RenderImage {IMG} at (1,1) size 88x21
                RenderText {#text} at (0,0) size 0x0
              RenderTableCell {TD} at (102,2) size 510x128 [r=0 c=3 rs=1 cs=1]
                RenderText {#text} at (1,1) size 24x21
                  text run at (1,1) width 24: "Air "
                RenderBR {BR} at (0,0) size 0x0
                RenderText {#text} at (1,22) size 508x21
                  text run at (1,22) width 90: "UNKNOWN "
                  text run at (91,22) width 75: "Flight 123 "
                  text run at (166,22) width 121: "Booking Code:Y "
                  text run at (287,22) width 222: "Date: Tuesday, March 25, 2003"
                RenderBR {BR} at (509,38) size 0x0
                RenderText {#text} at (1,43) size 388x21
                  text run at (1,43) width 388: "From: San Francisco Intl Arpt, San Francisco CA - U.S."
                RenderBR {BR} at (389,59) size 0x0
                RenderText {#text} at (1,64) size 370x21
                  text run at (1,64) width 27: "To: "
                  text run at (28,64) width 343: "San Francisco Intl Arpt, San Francisco CA - U.S."
                RenderBR {BR} at (371,80) size 0x0
                RenderText {#text} at (1,85) size 170x21
                  text run at (1,85) width 90: "Departs: n/a "
                  text run at (91,85) width 80: "Arrives: n/a"
                RenderBR {BR} at (171,101) size 0x0
                RenderText {#text} at (1,106) size 49x21
                  text run at (1,106) width 49: "Status:"
                RenderInline {SPACE} at (0,0) size 195x21
                  RenderText {#text} at (50,106) size 191x21
                    text run at (50,106) width 191: " requested, await response"
                  RenderInline {SPACE} at (0,0) size 4x21
                    RenderText {#text} at (241,106) size 4x21
                      text run at (241,106) width 4: " "
                    RenderBR {BR} at (245,122) size 0x0
      RenderBlock (anonymous) at (0,1024) size 768x0
        RenderInline {SPAN} at (0,0) size 0x0
          RenderInline {SPAN} at (0,0) size 0x0
            RenderInline {SPAN} at (0,0) size 0x0
              RenderInline {SPAN} at (0,0) size 0x0
              RenderText {#text} at (0,0) size 0x0
      RenderBlock (anonymous) at (0,1030) size 768x2
        RenderBlock {HR} at (0,0) size 768x2 [border: (1px inset #000000)]
      RenderBlock (anonymous) at (0,1038) size 768x56
        RenderInline {SPAN} at (0,0) size 196x53
          RenderInline {SPAN} at (0,0) size 0x0
            RenderInline {SPAN} at (0,0) size 0x0
            RenderText {#text} at (0,0) size 0x0
          RenderText {#text} at (0,0) size 0x0
          RenderInline {SPAN} at (0,0) size 97x21
            RenderText {#text} at (0,0) size 0x0
            RenderImage {IMG} at (0,2) size 20x20
            RenderText {#text} at (20,0) size 77x21
              text run at (20,0) width 4: " "
              text run at (24,0) width 73: "Remarks:"
            RenderBR {BR} at (97,16) size 0x0
          RenderText {#text} at (0,0) size 0x0
          RenderBR {BR} at (0,22) size 0x17
          RenderInline {SPAN} at (0,0) size 196x17
            RenderText {#text} at (0,39) size 196x17
              text run at (0,39) width 126: "SERVICE FEE MCO "
              text run at (126,39) width 70: "8103220490"
            RenderBR {BR} at (196,52) size 0x0
          RenderText {#text} at (0,0) size 0x0
      RenderBlock (anonymous) at (0,1100) size 768x2
        RenderBlock {HR} at (0,0) size 768x2 [border: (1px inset #000000)]
      RenderBlock (anonymous) at (0,1108) size 768x23
        RenderInline {SPAN} at (0,0) size 182x17
          RenderInline {SPAN} at (0,0) size 182x21
            RenderText {#text} at (0,0) size 0x0
            RenderImage {IMG} at (0,2) size 62x21
            RenderText {#text} at (62,0) size 4x21
              text run at (62,0) width 4: " "
            RenderInline {B} at (0,0) size 112x21
              RenderText {#text} at (66,0) size 112x21
                text run at (66,0) width 112: "Web Bookings"
            RenderText {#text} at (178,0) size 4x21
              text run at (178,0) width 4: " "
            RenderInline {SPAN} at (0,0) size 0x21
              RenderBR {BR} at (182,16) size 0x0
              RenderInline {SPAN} at (0,0) size 0x0
            RenderText {#text} at (0,0) size 0x0
          RenderText {#text} at (0,0) size 0x0
      RenderBlock (anonymous) at (0,1137) size 768x2
        RenderBlock {HR} at (0,0) size 768x2 [border: (1px inset #000000)]
      RenderBlock (anonymous) at (0,1145) size 768x22
        RenderInline {SPAN} at (0,0) size 277x17
          RenderInline {SPAN} at (0,0) size 277x17
            RenderText {#text} at (0,0) size 0x0
            RenderInline {SPAN} at (0,0) size 277x21
              RenderText {#text} at (0,0) size 0x0
              RenderImage {IMG} at (0,2) size 20x20
              RenderText {#text} at (20,0) size 257x21
                text run at (20,0) width 4: " "
                text run at (24,0) width 253: "Remarks and Service Information"
              RenderBR {BR} at (277,16) size 0x0
            RenderText {#text} at (0,0) size 0x0
            RenderText {#text} at (0,0) size 0x0
      RenderBlock (anonymous) at (0,1173) size 768x32
        RenderBlock {HR} at (0,0) size 768x2 [border: (1px inset #000000)]
        RenderBlock {P} at (0,15) size 768x17
          RenderText {#text} at (0,0) size 204x17
            text run at (0,0) width 204: "This itinerary is subject to change. "
          RenderInline {A} at (0,0) size 163x17 [color=#0000EE]
            RenderText {#text} at (204,0) size 163x17
              text run at (204,0) width 163: "Click here for latest updates"
          RenderText {#text} at (0,0) size 0x0
      RenderBlock (anonymous) at (0,1218) size 768x0
        RenderInline {SPAN} at (0,0) size 0x0
          RenderInline {SPAN} at (0,0) size 0x0
          RenderText {#text} at (0,0) size 0x0
layer at (23,45) size 104x17
  RenderInline (relative positioned) {SPAN} at (0,0) size 104x17
    RenderText {#text} at (0,0) size 0x0
    RenderInline {SPAN} at (0,0) size 104x17
      RenderText {#text} at (0,0) size 0x0
      RenderImage {IMG} at (0,23) size 20x20
      RenderText {#text} at (20,30) size 4x17
        text run at (20,30) width 4: " "
      RenderInline {SPAN} at (0,0) size 80x17
        RenderText {#text} at (24,30) size 80x17
          text run at (24,30) width 80: "HAO, SCOTT"
        RenderBR {BR} at (104,43) size 0x0
        RenderText {#text} at (0,0) size 0x0
      RenderText {#text} at (0,0) size 0x0
    RenderText {#text} at (0,0) size 0x0
layer at (23,106) size 592x41
  RenderInline (relative positioned) {SPAN} at (0,0) size 592x41
    RenderText {#text} at (0,0) size 0x0
    RenderImage {IMG} at (0,23) size 20x20
    RenderText {#text} at (20,30) size 572x17
      text run at (20,30) width 4: " "
      text run at (24,30) width 56: "Address: "
      text run at (80,30) width 512: "ST. JUDE MEDICAL, 21700 OXNARD ST SUITE 800, WOODLAND HILLS CA Z/91367 "
    RenderBR {BR} at (592,43) size 0x0
    RenderImage {IMG} at (0,47) size 20x20
    RenderText {#text} at (20,54) size 409x17
      text run at (20,54) width 4: " "
      text run at (24,54) width 48: "Deliver: "
      text run at (72,54) width 104: "DEBI STANGEL, "
      text run at (176,54) width 117: "119 GLEN COURT, "
      text run at (293,54) width 136: "DANVILLE CA Z/94526"
layer at (23,191) size 20x17
  RenderInline (relative positioned) {SPAN} at (0,0) size 20x17
    RenderText {#text} at (0,0) size 0x0
    RenderImage {IMG} at (0,23) size 20x20
    RenderText {#text} at (0,0) size 0x0
layer at (28,219) size 529x66
  RenderTable {TABLE} at (0,0) size 529x66 [border: (1px outset #808080)]
    RenderTableSection {TBODY} at (1,1) size 527x64
      RenderTableRow {TR} at (0,2) size 527x25 [bgcolor=#E0E0E0]
        RenderTableCell {TD} at (2,2) size 95x25 [border: (1px inset #808080)] [r=0 c=0 rs=1 cs=1]
          RenderText {#text} at (2,2) size 36x21
            text run at (2,2) width 36: "Type"
        RenderTableCell {TD} at (99,2) size 45x25 [border: (1px inset #808080)] [r=0 c=1 rs=1 cs=1]
          RenderText {#text} at (2,2) size 28x21
            text run at (2,2) width 28: "City"
        RenderTableCell {TD} at (146,2) size 379x25 [border: (1px inset #808080)] [r=0 c=2 rs=1 cs=1]
          RenderText {#text} at (2,2) size 47x21
            text run at (2,2) width 47: "Phone"
      RenderTableRow {TR} at (0,29) size 527x0
      RenderTableRow {TR} at (0,31) size 527x25
        RenderTableCell {TD} at (2,31) size 95x25 [border: (1px inset #808080)] [r=2 c=0 rs=1 cs=1]
          RenderText {#text} at (2,2) size 91x21
            text run at (2,2) width 91: "Travel Agent"
        RenderTableCell {TD} at (99,31) size 45x25 [border: (1px inset #808080)] [r=2 c=1 rs=1 cs=1]
          RenderText {#text} at (2,2) size 41x21
            text run at (2,2) width 41: "(LAX)"
        RenderTableCell {TD} at (146,31) size 379x25 [border: (1px inset #808080)] [r=2 c=2 rs=1 cs=1]
          RenderText {#text} at (2,2) size 375x21
            text run at (2,2) width 375: "RQ0/818 990-4053-PLAZA TRAVEL - 05838276-RC"
      RenderTableRow {TR} at (0,58) size 527x0
      RenderTableRow {TR} at (0,60) size 527x0
      RenderTableRow {TR} at (0,62) size 527x0
