layer at (0,0) size 800x600
  RenderView at (0,0) size 800x600
layer at (0,0) size 800x600
  RenderBlock {HTML} at (0,0) size 800x600
    RenderBody {BODY} at (8,8) size 784x584
      RenderText {#text} at (0,0) size 25x21
        text run at (0,0) width 25: "text"
      RenderText {#text} at (25,0) size 29x21
        text run at (25,0) width 4: " "
        text run at (29,0) width 25: "test"
