layer at (0,0) size 800x600
  RenderView at (0,0) size 800x600
layer at (0,0) size 800x600
  RenderBlock {HTML} at (0,0) size 800x600
    RenderBody {BODY} at (8,8) size 784x576
      RenderBlock (anonymous) at (0,0) size 784x36
        RenderText {#text} at (0,0) size 782x35
          text run at (0,0) width 782: "This tests whether alt text is shown for image elements with no src attribute. You should see \"Success\" twice, followed by"
          text run at (0,18) width 106: "a blue rectangle."
      RenderBlock {P} at (0,52) size 784x94
        RenderImage {IMG} at (0,0) size 50x17
        RenderBR {BR} at (50,17) size 0x0
        RenderImage {IMG} at (0,17) size 102x52 [border: (1px solid #000000)]
        RenderBR {BR} at (102,69) size 0x0
        RenderImage {IMG} at (0,69) size 75x25
        RenderBR {BR} at (75,94) size 0x0
