layer at (0,0) size 800x1435
  RenderView at (0,0) size 800x600
layer at (0,0) size 800x1435
  RenderBlock {HTML} at (0,0) size 800x1435
    RenderBody {BODY} at (8,16) size 784x1403
layer at (8,16) size 760x441
  RenderBlock {DIV} at (0,0) size 760x441 [border: (5px solid #800000)]
    RenderBlock (anonymous multi-column span) at (5,13) size 750x67 [color=#FFFFFF]
      RenderBlock {H2} at (0,19) size 750x28 [color=#000000] [bgcolor=#EEEEEE]
        RenderText {#text} at (0,0) size 274x26
          text run at (0,0) width 274: "This is a spanning element."
layer at (13,21) size 750x8
  RenderBlock (anonymous multi-column) at (5,5) size 750x8
    RenderBlock {SPAN} at (0,8) size 367x0 [color=#FFFFFF] [bgcolor=#000000]
layer at (13,96) size 750x356
  RenderBlock (anonymous multi-column) at (5,79) size 750x357
    RenderBlock {SPAN} at (0,16) size 367x220 [color=#FFFFFF] [bgcolor=#000000]
      RenderText {#text} at (0,0) size 367x219
        text run at (0,0) width 337: "Lorem ipsum dolor sit amet, consectetuer adipiscing elit."
        text run at (0,20) width 367: "Nulla varius enim ac mi. Curabitur sollicitudin felis quis lectus."
        text run at (0,40) width 362: "Quisque adipiscing rhoncus sem. Proin nulla purus, vulputate"
        text run at (0,60) width 358: "vel, varius ut, euismod et, nisi. Sed vitae felis vel orci sagittis"
        text run at (0,80) width 365: "aliquam. Cras convallis adipiscing sem. Nam nonummy enim."
        text run at (0,100) width 329: "Nullam bibendum lobortis neque. Vestibulum velit orci,"
        text run at (0,120) width 309: "tempus euismod, pretium quis, interdum vitae, nulla."
        text run at (0,140) width 321: "Phasellus eget ante et tortor condimentum vestibulum."
        text run at (0,160) width 360: "Suspendisse hendrerit quam nec felis. Sed varius turpis vitae"
        text run at (0,180) width 350: "pede. Lorem ipsum dolor sit amet, consectetuer adipiscing"
        text run at (0,200) width 21: "elit."
    RenderBlock (anonymous) at (0,252) size 367x444
      RenderText {#text} at (0,0) size 367x223
        text run at (0,0) width 337: "Lorem ipsum dolor sit amet, consectetuer adipiscing elit."
        text run at (0,20) width 367: "Nulla varius enim ac mi. Curabitur sollicitudin felis quis lectus."
        text run at (0,40) width 362: "Quisque adipiscing rhoncus sem. Proin nulla purus, vulputate"
        text run at (0,60) width 358: "vel, varius ut, euismod et, nisi. Sed vitae felis vel orci sagittis"
        text run at (0,80) width 365: "aliquam. Cras convallis adipiscing sem. Nam nonummy enim."
        text run at (0,104) width 329: "Nullam bibendum lobortis neque. Vestibulum velit orci,"
        text run at (0,124) width 309: "tempus euismod, pretium quis, interdum vitae, nulla."
        text run at (0,144) width 321: "Phasellus eget ante et tortor condimentum vestibulum."
        text run at (0,164) width 360: "Suspendisse hendrerit quam nec felis. Sed varius turpis vitae"
        text run at (0,184) width 350: "pede. Lorem ipsum dolor sit amet, consectetuer adipiscing"
        text run at (0,204) width 25: "elit. "
      RenderInline {SPAN} at (0,0) size 40x19
        RenderText {#text} at (25,204) size 40x19
          text run at (25,204) width 40: "Lorem"
      RenderText {#text} at (65,204) size 367x239
        text run at (65,204) width 297: " ipsum dolor sit amet, consectetuer adipiscing elit."
        text run at (0,224) width 367: "Nulla varius enim ac mi. Curabitur sollicitudin felis quis lectus."
        text run at (0,244) width 362: "Quisque adipiscing rhoncus sem. Proin nulla purus, vulputate"
        text run at (0,264) width 358: "vel, varius ut, euismod et, nisi. Sed vitae felis vel orci sagittis"
        text run at (0,284) width 365: "aliquam. Cras convallis adipiscing sem. Nam nonummy enim."
        text run at (0,304) width 329: "Nullam bibendum lobortis neque. Vestibulum velit orci,"
        text run at (0,324) width 309: "tempus euismod, pretium quis, interdum vitae, nulla."
        text run at (0,344) width 321: "Phasellus eget ante et tortor condimentum vestibulum."
        text run at (0,364) width 360: "Suspendisse hendrerit quam nec felis. Sed varius turpis vitae"
        text run at (0,384) width 350: "pede. Lorem ipsum dolor sit amet, consectetuer adipiscing"
        text run at (0,404) width 25: "elit. "
        text run at (25,404) width 337: "Lorem ipsum dolor sit amet, consectetuer adipiscing elit."
        text run at (0,424) width 143: "Nulla varius enim ac mi."
layer at (8,473) size 760x437
  RenderBlock {DIV} at (0,456) size 760x438 [border: (5px solid #800000)]
    RenderBlock (anonymous multi-column span) at (5,357) size 750x67 [color=#FFFFFF]
      RenderBlock {H2} at (0,19) size 750x28 [color=#000000] [bgcolor=#EEEEEE]
        RenderText {#text} at (0,0) size 274x26
          text run at (0,0) width 274: "This is a spanning element."
layer at (13,478) size 750x352
  RenderBlock (anonymous multi-column) at (5,5) size 750x352
    RenderBlock (anonymous) at (0,0) size 367x632
      RenderText {#text} at (0,0) size 367x631
        text run at (0,0) width 337: "Lorem ipsum dolor sit amet, consectetuer adipiscing elit."
        text run at (0,20) width 367: "Nulla varius enim ac mi. Curabitur sollicitudin felis quis lectus."
        text run at (0,40) width 362: "Quisque adipiscing rhoncus sem. Proin nulla purus, vulputate"
        text run at (0,60) width 358: "vel, varius ut, euismod et, nisi. Sed vitae felis vel orci sagittis"
        text run at (0,80) width 365: "aliquam. Cras convallis adipiscing sem. Nam nonummy enim."
        text run at (0,100) width 329: "Nullam bibendum lobortis neque. Vestibulum velit orci,"
        text run at (0,120) width 309: "tempus euismod, pretium quis, interdum vitae, nulla."
        text run at (0,140) width 321: "Phasellus eget ante et tortor condimentum vestibulum."
        text run at (0,160) width 360: "Suspendisse hendrerit quam nec felis. Sed varius turpis vitae"
        text run at (0,180) width 350: "pede. Lorem ipsum dolor sit amet, consectetuer adipiscing"
        text run at (0,200) width 25: "elit. "
        text run at (25,200) width 337: "Lorem ipsum dolor sit amet, consectetuer adipiscing elit."
        text run at (0,220) width 367: "Nulla varius enim ac mi. Curabitur sollicitudin felis quis lectus."
        text run at (0,240) width 362: "Quisque adipiscing rhoncus sem. Proin nulla purus, vulputate"
        text run at (0,260) width 358: "vel, varius ut, euismod et, nisi. Sed vitae felis vel orci sagittis"
        text run at (0,280) width 365: "aliquam. Cras convallis adipiscing sem. Nam nonummy enim."
        text run at (0,300) width 329: "Nullam bibendum lobortis neque. Vestibulum velit orci,"
        text run at (0,320) width 309: "tempus euismod, pretium quis, interdum vitae, nulla."
        text run at (0,352) width 321: "Phasellus eget ante et tortor condimentum vestibulum."
        text run at (0,372) width 360: "Suspendisse hendrerit quam nec felis. Sed varius turpis vitae"
        text run at (0,392) width 350: "pede. Lorem ipsum dolor sit amet, consectetuer adipiscing"
        text run at (0,412) width 25: "elit. "
        text run at (25,412) width 337: "Lorem ipsum dolor sit amet, consectetuer adipiscing elit."
        text run at (0,432) width 367: "Nulla varius enim ac mi. Curabitur sollicitudin felis quis lectus."
        text run at (0,452) width 362: "Quisque adipiscing rhoncus sem. Proin nulla purus, vulputate"
        text run at (0,472) width 358: "vel, varius ut, euismod et, nisi. Sed vitae felis vel orci sagittis"
        text run at (0,492) width 365: "aliquam. Cras convallis adipiscing sem. Nam nonummy enim."
        text run at (0,512) width 329: "Nullam bibendum lobortis neque. Vestibulum velit orci,"
        text run at (0,532) width 309: "tempus euismod, pretium quis, interdum vitae, nulla."
        text run at (0,552) width 321: "Phasellus eget ante et tortor condimentum vestibulum."
        text run at (0,572) width 360: "Suspendisse hendrerit quam nec felis. Sed varius turpis vitae"
        text run at (0,592) width 350: "pede. Lorem ipsum dolor sit amet, consectetuer adipiscing"
        text run at (0,612) width 21: "elit."
    RenderBlock {SPAN} at (0,648) size 367x40 [color=#FFFFFF] [bgcolor=#000000]
      RenderText {#text} at (0,0) size 337x39
        text run at (0,0) width 337: "Lorem ipsum dolor sit amet, consectetuer adipiscing elit."
        text run at (0,20) width 143: "Nulla varius enim ac mi."
layer at (13,897) size 750x8
  RenderBlock (anonymous multi-column) at (5,423) size 750x9
    RenderBlock {SPAN} at (0,8) size 367x0 [color=#FFFFFF] [bgcolor=#000000]
layer at (8,926) size 760x493
  RenderBlock {DIV} at (0,909) size 760x494 [border: (5px solid #800000)]
    RenderBlock (anonymous multi-column span) at (5,177) size 750x67 [color=#FFFFFF]
      RenderBlock {H2} at (0,19) size 750x28 [color=#000000] [bgcolor=#EEEEEE]
        RenderText {#text} at (0,0) size 274x26
          text run at (0,0) width 274: "This is a spanning element."
layer at (13,931) size 750x172
  RenderBlock (anonymous multi-column) at (5,5) size 750x172
    RenderBlock {P} at (0,16) size 367x236
      RenderText {#text} at (0,0) size 367x235
        text run at (0,0) width 337: "Lorem ipsum dolor sit amet, consectetuer adipiscing elit."
        text run at (0,20) width 367: "Nulla varius enim ac mi. Curabitur sollicitudin felis quis lectus."
        text run at (0,40) width 362: "Quisque adipiscing rhoncus sem. Proin nulla purus, vulputate"
        text run at (0,60) width 358: "vel, varius ut, euismod et, nisi. Sed vitae felis vel orci sagittis"
        text run at (0,80) width 365: "aliquam. Cras convallis adipiscing sem. Nam nonummy enim."
        text run at (0,100) width 329: "Nullam bibendum lobortis neque. Vestibulum velit orci,"
        text run at (0,120) width 309: "tempus euismod, pretium quis, interdum vitae, nulla."
        text run at (0,156) width 321: "Phasellus eget ante et tortor condimentum vestibulum."
        text run at (0,176) width 360: "Suspendisse hendrerit quam nec felis. Sed varius turpis vitae"
        text run at (0,196) width 350: "pede. Lorem ipsum dolor sit amet, consectetuer adipiscing"
        text run at (0,216) width 21: "elit."
    RenderBlock {SPAN} at (0,268) size 367x40 [color=#FFFFFF] [bgcolor=#000000]
      RenderBlock (anonymous) at (0,0) size 367x40
        RenderText {#text} at (0,0) size 337x39
          text run at (0,0) width 337: "Lorem ipsum dolor sit amet, consectetuer adipiscing elit."
          text run at (0,20) width 143: "Nulla varius enim ac mi."
layer at (13,1170) size 750x244
  RenderBlock (anonymous multi-column) at (5,243) size 750x245
    RenderBlock {SPAN} at (0,16) size 367x220 [color=#FFFFFF] [bgcolor=#000000]
      RenderBlock {P} at (0,0) size 367x220
        RenderText {#text} at (0,0) size 367x219
          text run at (0,0) width 337: "Lorem ipsum dolor sit amet, consectetuer adipiscing elit."
          text run at (0,20) width 367: "Nulla varius enim ac mi. Curabitur sollicitudin felis quis lectus."
          text run at (0,40) width 362: "Quisque adipiscing rhoncus sem. Proin nulla purus, vulputate"
          text run at (0,60) width 358: "vel, varius ut, euismod et, nisi. Sed vitae felis vel orci sagittis"
          text run at (0,80) width 365: "aliquam. Cras convallis adipiscing sem. Nam nonummy enim."
          text run at (0,100) width 329: "Nullam bibendum lobortis neque. Vestibulum velit orci,"
          text run at (0,120) width 309: "tempus euismod, pretium quis, interdum vitae, nulla."
          text run at (0,140) width 321: "Phasellus eget ante et tortor condimentum vestibulum."
          text run at (0,160) width 360: "Suspendisse hendrerit quam nec felis. Sed varius turpis vitae"
          text run at (0,180) width 350: "pede. Lorem ipsum dolor sit amet, consectetuer adipiscing"
          text run at (0,200) width 21: "elit."
    RenderBlock (anonymous) at (0,244) size 367x220
      RenderText {#text} at (0,0) size 367x219
        text run at (0,0) width 337: "Lorem ipsum dolor sit amet, consectetuer adipiscing elit."
        text run at (0,20) width 367: "Nulla varius enim ac mi. Curabitur sollicitudin felis quis lectus."
        text run at (0,40) width 362: "Quisque adipiscing rhoncus sem. Proin nulla purus, vulputate"
        text run at (0,60) width 358: "vel, varius ut, euismod et, nisi. Sed vitae felis vel orci sagittis"
        text run at (0,80) width 365: "aliquam. Cras convallis adipiscing sem. Nam nonummy enim."
        text run at (0,100) width 329: "Nullam bibendum lobortis neque. Vestibulum velit orci,"
        text run at (0,120) width 309: "tempus euismod, pretium quis, interdum vitae, nulla."
        text run at (0,140) width 321: "Phasellus eget ante et tortor condimentum vestibulum."
        text run at (0,160) width 360: "Suspendisse hendrerit quam nec felis. Sed varius turpis vitae"
        text run at (0,180) width 350: "pede. Lorem ipsum dolor sit amet, consectetuer adipiscing"
        text run at (0,200) width 21: "elit."
    RenderBlock {P} at (0,480) size 367x0
