layer at (0,0) size 800x1407
  RenderView at (0,0) size 800x600
layer at (0,0) size 800x1407
  RenderBlock {HTML} at (0,0) size 800x1407
    RenderBody {BODY} at (8,16) size 784x1375
layer at (8,16) size 760x441
  RenderBlock {DIV} at (0,0) size 760x441 [border: (5px solid #800000)]
    RenderBlock (anonymous multi-column span) at (5,13) size 750x67 [color=#FFFFFF]
      RenderBlock {H2} at (0,19) size 750x28 [color=#000000] [bgcolor=#EEEEEE]
        RenderText {#text} at (0,0) size 660x26
          text run at (0,0) width 660: "This is a spanning element at the beginning of the columns block."
layer at (13,21) size 750x8
  RenderBlock (anonymous multi-column) at (5,5) size 750x8
    RenderBlock {SPAN} at (0,8) size 367x0 [color=#FFFFFF] [bgcolor=#000000]
layer at (13,96) size 750x356
  RenderBlock (anonymous multi-column) at (5,79) size 750x357
    RenderBlock {SPAN} at (0,16) size 367x220 [color=#FFFFFF] [bgcolor=#000000]
      RenderText {#text} at (0,0) size 367x219
        text run at (0,0) width 337: "Lorem ipsum dolor sit amet, consectetuer adipiscing elit."
        text run at (0,20) width 367: "Nulla varius enim ac mi. Curabitur sollicitudin felis quis lectus."
        text run at (0,40) width 362: "Quisque adipiscing rhoncus sem. Proin nulla purus, vulputate"
        text run at (0,60) width 358: "vel, varius ut, euismod et, nisi. Sed vitae felis vel orci sagittis"
        text run at (0,80) width 365: "aliquam. Cras convallis adipiscing sem. Nam nonummy enim."
        text run at (0,100) width 329: "Nullam bibendum lobortis neque. Vestibulum velit orci,"
        text run at (0,120) width 309: "tempus euismod, pretium quis, interdum vitae, nulla."
        text run at (0,140) width 321: "Phasellus eget ante et tortor condimentum vestibulum."
        text run at (0,160) width 360: "Suspendisse hendrerit quam nec felis. Sed varius turpis vitae"
        text run at (0,180) width 350: "pede. Lorem ipsum dolor sit amet, consectetuer adipiscing"
        text run at (0,200) width 21: "elit."
    RenderBlock (anonymous) at (0,252) size 367x444
      RenderText {#text} at (0,0) size 367x443
        text run at (0,0) width 337: "Lorem ipsum dolor sit amet, consectetuer adipiscing elit."
        text run at (0,20) width 367: "Nulla varius enim ac mi. Curabitur sollicitudin felis quis lectus."
        text run at (0,40) width 362: "Quisque adipiscing rhoncus sem. Proin nulla purus, vulputate"
        text run at (0,60) width 358: "vel, varius ut, euismod et, nisi. Sed vitae felis vel orci sagittis"
        text run at (0,80) width 365: "aliquam. Cras convallis adipiscing sem. Nam nonummy enim."
        text run at (0,104) width 329: "Nullam bibendum lobortis neque. Vestibulum velit orci,"
        text run at (0,124) width 309: "tempus euismod, pretium quis, interdum vitae, nulla."
        text run at (0,144) width 321: "Phasellus eget ante et tortor condimentum vestibulum."
        text run at (0,164) width 360: "Suspendisse hendrerit quam nec felis. Sed varius turpis vitae"
        text run at (0,184) width 350: "pede. Lorem ipsum dolor sit amet, consectetuer adipiscing"
        text run at (0,204) width 25: "elit. "
        text run at (25,204) width 337: "Lorem ipsum dolor sit amet, consectetuer adipiscing elit."
        text run at (0,224) width 367: "Nulla varius enim ac mi. Curabitur sollicitudin felis quis lectus."
        text run at (0,244) width 362: "Quisque adipiscing rhoncus sem. Proin nulla purus, vulputate"
        text run at (0,264) width 358: "vel, varius ut, euismod et, nisi. Sed vitae felis vel orci sagittis"
        text run at (0,284) width 365: "aliquam. Cras convallis adipiscing sem. Nam nonummy enim."
        text run at (0,304) width 329: "Nullam bibendum lobortis neque. Vestibulum velit orci,"
        text run at (0,324) width 309: "tempus euismod, pretium quis, interdum vitae, nulla."
        text run at (0,344) width 321: "Phasellus eget ante et tortor condimentum vestibulum."
        text run at (0,364) width 360: "Suspendisse hendrerit quam nec felis. Sed varius turpis vitae"
        text run at (0,384) width 350: "pede. Lorem ipsum dolor sit amet, consectetuer adipiscing"
        text run at (0,404) width 25: "elit. "
        text run at (25,404) width 337: "Lorem ipsum dolor sit amet, consectetuer adipiscing elit."
        text run at (0,424) width 143: "Nulla varius enim ac mi."
layer at (8,473) size 760x437
  RenderBlock {DIV} at (0,456) size 760x438 [border: (5px solid #800000)]
    RenderBlock (anonymous multi-column span) at (5,357) size 750x67 [color=#FFFFFF]
      RenderBlock {H2} at (0,19) size 750x28 [color=#000000] [bgcolor=#EEEEEE]
        RenderText {#text} at (0,0) size 596x26
          text run at (0,0) width 596: "This is a spanning element at the end of the columns block."
layer at (13,478) size 750x352
  RenderBlock (anonymous multi-column) at (5,5) size 750x352
    RenderBlock (anonymous) at (0,0) size 367x432
      RenderText {#text} at (0,0) size 367x431
        text run at (0,0) width 337: "Lorem ipsum dolor sit amet, consectetuer adipiscing elit."
        text run at (0,20) width 367: "Nulla varius enim ac mi. Curabitur sollicitudin felis quis lectus."
        text run at (0,40) width 362: "Quisque adipiscing rhoncus sem. Proin nulla purus, vulputate"
        text run at (0,60) width 358: "vel, varius ut, euismod et, nisi. Sed vitae felis vel orci sagittis"
        text run at (0,80) width 365: "aliquam. Cras convallis adipiscing sem. Nam nonummy enim."
        text run at (0,100) width 329: "Nullam bibendum lobortis neque. Vestibulum velit orci,"
        text run at (0,120) width 309: "tempus euismod, pretium quis, interdum vitae, nulla."
        text run at (0,140) width 321: "Phasellus eget ante et tortor condimentum vestibulum."
        text run at (0,160) width 360: "Suspendisse hendrerit quam nec felis. Sed varius turpis vitae"
        text run at (0,180) width 350: "pede. Lorem ipsum dolor sit amet, consectetuer adipiscing"
        text run at (0,200) width 25: "elit. "
        text run at (25,200) width 337: "Lorem ipsum dolor sit amet, consectetuer adipiscing elit."
        text run at (0,220) width 367: "Nulla varius enim ac mi. Curabitur sollicitudin felis quis lectus."
        text run at (0,240) width 362: "Quisque adipiscing rhoncus sem. Proin nulla purus, vulputate"
        text run at (0,260) width 358: "vel, varius ut, euismod et, nisi. Sed vitae felis vel orci sagittis"
        text run at (0,280) width 365: "aliquam. Cras convallis adipiscing sem. Nam nonummy enim."
        text run at (0,300) width 329: "Nullam bibendum lobortis neque. Vestibulum velit orci,"
        text run at (0,320) width 309: "tempus euismod, pretium quis, interdum vitae, nulla."
        text run at (0,352) width 321: "Phasellus eget ante et tortor condimentum vestibulum."
        text run at (0,372) width 360: "Suspendisse hendrerit quam nec felis. Sed varius turpis vitae"
        text run at (0,392) width 350: "pede. Lorem ipsum dolor sit amet, consectetuer adipiscing"
        text run at (0,412) width 21: "elit."
    RenderBlock {SPAN} at (0,448) size 367x240 [color=#FFFFFF] [bgcolor=#000000]
      RenderText {#text} at (0,0) size 367x239
        text run at (0,0) width 337: "Lorem ipsum dolor sit amet, consectetuer adipiscing elit."
        text run at (0,20) width 367: "Nulla varius enim ac mi. Curabitur sollicitudin felis quis lectus."
        text run at (0,40) width 362: "Quisque adipiscing rhoncus sem. Proin nulla purus, vulputate"
        text run at (0,60) width 358: "vel, varius ut, euismod et, nisi. Sed vitae felis vel orci sagittis"
        text run at (0,80) width 365: "aliquam. Cras convallis adipiscing sem. Nam nonummy enim."
        text run at (0,100) width 329: "Nullam bibendum lobortis neque. Vestibulum velit orci,"
        text run at (0,120) width 309: "tempus euismod, pretium quis, interdum vitae, nulla."
        text run at (0,140) width 321: "Phasellus eget ante et tortor condimentum vestibulum."
        text run at (0,160) width 360: "Suspendisse hendrerit quam nec felis. Sed varius turpis vitae"
        text run at (0,180) width 350: "pede. Lorem ipsum dolor sit amet, consectetuer adipiscing"
        text run at (0,200) width 25: "elit. "
        text run at (25,200) width 337: "Lorem ipsum dolor sit amet, consectetuer adipiscing elit."
        text run at (0,220) width 143: "Nulla varius enim ac mi."
layer at (13,897) size 750x8
  RenderBlock (anonymous multi-column) at (5,423) size 750x9
    RenderBlock {SPAN} at (0,8) size 367x0 [color=#FFFFFF] [bgcolor=#000000]
      RenderText {#text} at (0,0) size 0x0
layer at (8,926) size 760x465
  RenderBlock {DIV} at (0,909) size 760x466 [border: (5px solid #800000)]
    RenderBlock (anonymous multi-column span) at (5,157) size 750x67 [color=#FFFFFF]
      RenderBlock {H2} at (0,19) size 750x28 [color=#000000] [bgcolor=#EEEEEE]
        RenderText {#text} at (0,0) size 629x26
          text run at (0,0) width 629: "This is a spanning element in the middle of the columns block."
layer at (13,931) size 750x152
  RenderBlock (anonymous multi-column) at (5,5) size 750x152
    RenderBlock (anonymous) at (0,0) size 367x232
      RenderText {#text} at (0,0) size 367x231
        text run at (0,0) width 337: "Lorem ipsum dolor sit amet, consectetuer adipiscing elit."
        text run at (0,20) width 367: "Nulla varius enim ac mi. Curabitur sollicitudin felis quis lectus."
        text run at (0,40) width 362: "Quisque adipiscing rhoncus sem. Proin nulla purus, vulputate"
        text run at (0,60) width 358: "vel, varius ut, euismod et, nisi. Sed vitae felis vel orci sagittis"
        text run at (0,80) width 365: "aliquam. Cras convallis adipiscing sem. Nam nonummy enim."
        text run at (0,100) width 329: "Nullam bibendum lobortis neque. Vestibulum velit orci,"
        text run at (0,120) width 309: "tempus euismod, pretium quis, interdum vitae, nulla."
        text run at (0,152) width 321: "Phasellus eget ante et tortor condimentum vestibulum."
        text run at (0,172) width 360: "Suspendisse hendrerit quam nec felis. Sed varius turpis vitae"
        text run at (0,192) width 350: "pede. Lorem ipsum dolor sit amet, consectetuer adipiscing"
        text run at (0,212) width 21: "elit."
    RenderBlock {SPAN} at (0,248) size 367x40 [color=#FFFFFF] [bgcolor=#000000]
      RenderText {#text} at (0,0) size 337x39
        text run at (0,0) width 337: "Lorem ipsum dolor sit amet, consectetuer adipiscing elit."
        text run at (0,20) width 143: "Nulla varius enim ac mi."
layer at (13,1150) size 750x236
  RenderBlock (anonymous multi-column) at (5,223) size 750x237
    RenderBlock {SPAN} at (0,16) size 367x220 [color=#FFFFFF] [bgcolor=#000000]
      RenderText {#text} at (0,0) size 367x219
        text run at (0,0) width 337: "Lorem ipsum dolor sit amet, consectetuer adipiscing elit."
        text run at (0,20) width 367: "Nulla varius enim ac mi. Curabitur sollicitudin felis quis lectus."
        text run at (0,40) width 362: "Quisque adipiscing rhoncus sem. Proin nulla purus, vulputate"
        text run at (0,60) width 358: "vel, varius ut, euismod et, nisi. Sed vitae felis vel orci sagittis"
        text run at (0,80) width 365: "aliquam. Cras convallis adipiscing sem. Nam nonummy enim."
        text run at (0,100) width 329: "Nullam bibendum lobortis neque. Vestibulum velit orci,"
        text run at (0,120) width 309: "tempus euismod, pretium quis, interdum vitae, nulla."
        text run at (0,140) width 321: "Phasellus eget ante et tortor condimentum vestibulum."
        text run at (0,160) width 360: "Suspendisse hendrerit quam nec felis. Sed varius turpis vitae"
        text run at (0,180) width 350: "pede. Lorem ipsum dolor sit amet, consectetuer adipiscing"
        text run at (0,200) width 21: "elit."
    RenderBlock (anonymous) at (0,252) size 367x220
      RenderText {#text} at (0,0) size 367x219
        text run at (0,0) width 337: "Lorem ipsum dolor sit amet, consectetuer adipiscing elit."
        text run at (0,20) width 367: "Nulla varius enim ac mi. Curabitur sollicitudin felis quis lectus."
        text run at (0,40) width 362: "Quisque adipiscing rhoncus sem. Proin nulla purus, vulputate"
        text run at (0,60) width 358: "vel, varius ut, euismod et, nisi. Sed vitae felis vel orci sagittis"
        text run at (0,80) width 365: "aliquam. Cras convallis adipiscing sem. Nam nonummy enim."
        text run at (0,100) width 329: "Nullam bibendum lobortis neque. Vestibulum velit orci,"
        text run at (0,120) width 309: "tempus euismod, pretium quis, interdum vitae, nulla."
        text run at (0,140) width 321: "Phasellus eget ante et tortor condimentum vestibulum."
        text run at (0,160) width 360: "Suspendisse hendrerit quam nec felis. Sed varius turpis vitae"
        text run at (0,180) width 350: "pede. Lorem ipsum dolor sit amet, consectetuer adipiscing"
        text run at (0,200) width 21: "elit."
