layer at (0,0) size 800x600
  RenderView at (0,0) size 800x600
layer at (0,0) size 800x600
  RenderBlock {HTML} at (0,0) size 800x600
    RenderBody {BODY} at (8,8) size 784x584 [bgcolor=#CCCCCC]
      RenderBlock {P} at (0,0) size 784x19
        RenderText {#text} at (0,0) size 355x19
          text run at (0,0) width 355: "The style declarations which apply to the text below are:"
      RenderBlock {PRE} at (0,35) size 784x75
        RenderText {#text} at (0,0) size 224x75
          text run at (0,0) width 192: ".one {text-align: left;}"
          text run at (192,0) width 0: " "
          text run at (0,15) width 200: ".two {text-align: right;}"
          text run at (200,15) width 0: " "
          text run at (0,30) width 224: ".three {text-align: center;}"
          text run at (224,30) width 0: " "
          text run at (0,45) width 224: ".four {text-align: justify;}"
          text run at (224,45) width 0: " "
          text run at (0,60) width 0: " "
      RenderBlock {HR} at (0,123) size 784x2 [border: (1px inset #000000)]
      RenderBlock {P} at (0,141) size 784x19
        RenderText {#text} at (0,0) size 234x19
          text run at (0,0) width 234: "This sentence should be left-justified."
      RenderBlock {P} at (0,176) size 784x19
        RenderText {#text} at (541,0) size 243x19
          text run at (541,0) width 243: "This sentence should be right-justified."
      RenderBlock {P} at (0,211) size 784x19
        RenderText {#text} at (286,0) size 212x19
          text run at (286,0) width 212: "This sentence should be centered."
      RenderBlock {P} at (0,246) size 784x57
        RenderText {#text} at (0,0) size 784x57
          text run at (0,0) width 784: "This sentence should be fully justified, which means that the right and left margins of this paragraph should line up, no"
          text run at (0,19) width 784: "matter how long the paragraph becomes; the exception, of course, is the last line, which should be left-justified in Western"
          text run at (0,38) width 67: "languages."
      RenderTable {TABLE} at (0,319) size 784x199 [border: (1px outset #808080)]
        RenderTableSection {TBODY} at (1,1) size 782x197
          RenderTableRow {TR} at (0,0) size 782x27
            RenderTableCell {TD} at (0,0) size 782x27 [bgcolor=#C0C0C0] [border: (1px inset #808080)] [r=0 c=0 rs=1 cs=2]
              RenderInline {STRONG} at (0,0) size 163x19
                RenderText {#text} at (4,4) size 163x19
                  text run at (4,4) width 163: "TABLE Testing Section"
          RenderTableRow {TR} at (0,27) size 782x170
            RenderTableCell {TD} at (0,98) size 12x27 [bgcolor=#C0C0C0] [border: (1px inset #808080)] [r=1 c=0 rs=1 cs=1]
              RenderText {#text} at (4,4) size 4x19
                text run at (4,4) width 4: " "
            RenderTableCell {TD} at (12,27) size 770x170 [border: (1px inset #808080)] [r=1 c=1 rs=1 cs=1]
              RenderBlock {P} at (4,4) size 762x19
                RenderText {#text} at (0,0) size 234x19
                  text run at (0,0) width 234: "This sentence should be left-justified."
              RenderBlock {P} at (4,39) size 762x19
                RenderText {#text} at (519,0) size 243x19
                  text run at (519,0) width 243: "This sentence should be right-justified."
              RenderBlock {P} at (4,74) size 762x19
                RenderText {#text} at (275,0) size 212x19
                  text run at (275,0) width 212: "This sentence should be centered."
              RenderBlock {P} at (4,109) size 762x57
                RenderText {#text} at (0,0) size 762x57
                  text run at (0,0) width 762: "This sentence should be fully justified, which means that the right and left margins of this paragraph should line up, no"
                  text run at (0,19) width 762: "matter how long the paragraph becomes; the exception, of course, is the last line, which should be left-justified in"
                  text run at (0,38) width 123: "Western languages."
