layer at (0,0) size 800x600
  RenderView at (0,0) size 800x600
layer at (0,0) size 800x600
  RenderBlock {HTML} at (0,0) size 800x600
    RenderBody {BODY} at (8,8) size 784x584
      RenderTable {TABLE} at (0,0) size 159x163 [border: (2px outset #808080)]
        RenderTableCol {COLGROUP} at (0,0) size 0x0
          RenderTableCol {COL} at (0,0) size 0x0
          RenderTableCol {COL} at (0,0) size 0x0
        RenderTableSection {TBODY} at (2,2) size 155x159
          RenderTableRow {TR} at (0,2) size 155x42
            RenderTableCell {TH} at (2,2) size 49x42 [border: (1px inset #808080)] [r=0 c=0 rs=1 cs=1]
              RenderText {#text} at (15,2) size 37x38
                text run at (15,2) width 19: "La"
                text run at (6,21) width 37: "Mesa"
            RenderTableCell {TD} at (53,11) size 100x23 [border: (1px inset #808080)] [r=0 c=1 rs=1 cs=1]
              RenderText {#text} at (2,2) size 12x19
                text run at (2,2) width 12: "X"
          RenderTableRow {TR} at (0,46) size 155x42
            RenderTableCell {TH} at (2,46) size 49x42 [border: (1px inset #808080)] [r=1 c=0 rs=1 cs=1]
              RenderText {#text} at (17,2) size 43x38
                text run at (17,2) width 15: "El"
                text run at (3,21) width 43: "Cajon"
            RenderTableCell {TD} at (53,55) size 100x23 [border: (1px inset #808080)] [r=1 c=1 rs=1 cs=1]
              RenderText {#text} at (2,2) size 12x19
                text run at (2,2) width 12: "X"
          RenderTableRow {TR} at (0,90) size 155x42
            RenderTableCell {TH} at (2,90) size 49x42 [border: (1px inset #808080)] [r=2 c=0 rs=1 cs=1]
              RenderText {#text} at (3,2) size 43x38
                text run at (3,2) width 43: "Chula"
                text run at (7,21) width 35: "Vista"
            RenderTableCell {TD} at (53,99) size 100x23 [border: (1px inset #808080)] [r=2 c=1 rs=1 cs=1]
              RenderText {#text} at (2,2) size 12x19
                text run at (2,2) width 12: "X"
          RenderTableRow {TR} at (0,134) size 155x23
            RenderTableCell {TH} at (2,134) size 49x23 [border: (1px inset #808080)] [r=3 c=0 rs=1 cs=1]
              RenderText {#text} at (2,2) size 45x19
                text run at (2,2) width 45: "Bonita"
            RenderTableCell {TD} at (53,134) size 100x23 [border: (1px inset #808080)] [r=3 c=1 rs=1 cs=1]
              RenderText {#text} at (2,2) size 28x19
                text run at (2,2) width 28: "N/A"
