layer at (0,0) size 800x600
  RenderView at (0,0) size 800x600
layer at (0,0) size 800x600
  RenderBlock {HTML} at (0,0) size 800x600
    RenderBody {BODY} at (8,8) size 784x584
      RenderBlock (anonymous) at (0,0) size 784x19
        RenderText {#text} at (0,0) size 265x19
          text run at (0,0) width 265: "This table should have cell spacing of 2px"
      RenderTable {TABLE} at (0,19) size 100x58 [border: (1px outset #808080)]
        RenderTableSection {TBODY} at (1,1) size 98x56
          RenderTableRow {TR} at (0,2) size 98x27
            RenderTableCell {TD} at (2,2) size 44x27 [border: (3px inset #000000)] [r=0 c=0 rs=1 cs=1]
              RenderText {#text} at (4,4) size 36x19
                text run at (4,4) width 36: "AAA"
            RenderTableCell {TD} at (48,4) size 48x23 [border: (1px inset #808080)] [r=0 c=1 rs=1 cs=1]
              RenderText {#text} at (2,2) size 44x19
                text run at (2,2) width 44: "BBBB"
          RenderTableRow {TR} at (0,31) size 98x23
            RenderTableCell {TD} at (2,31) size 44x23 [border: (1px inset #808080)] [r=1 c=0 rs=1 cs=1]
              RenderText {#text} at (2,2) size 36x19
                text run at (2,2) width 36: "AAA"
            RenderTableCell {TD} at (48,31) size 48x23 [border: (1px inset #808080)] [r=1 c=1 rs=1 cs=1]
              RenderText {#text} at (2,2) size 44x19
                text run at (2,2) width 44: "BBBB"
      RenderBlock (anonymous) at (0,77) size 784x38
        RenderBR {BR} at (0,0) size 0x19
        RenderText {#text} at (0,19) size 265x19
          text run at (0,19) width 265: "This table should have cell spacing of 5px"
      RenderTable {TABLE} at (0,115) size 105x63 [border: (1px outset #808080)]
        RenderTableSection {TBODY} at (1,1) size 103x61
          RenderTableRow {TR} at (0,5) size 103x23
            RenderTableCell {TD} at (5,5) size 40x23 [border: (1px inset #808080)] [r=0 c=0 rs=1 cs=1]
              RenderText {#text} at (2,2) size 36x19
                text run at (2,2) width 36: "AAA"
            RenderTableCell {TD} at (50,5) size 48x23 [border: (1px inset #808080)] [r=0 c=1 rs=1 cs=1]
              RenderText {#text} at (2,2) size 44x19
                text run at (2,2) width 44: "BBBB"
          RenderTableRow {TR} at (0,33) size 103x23
            RenderTableCell {TD} at (5,33) size 40x23 [border: (1px inset #808080)] [r=1 c=0 rs=1 cs=1]
              RenderText {#text} at (2,2) size 36x19
                text run at (2,2) width 36: "AAA"
            RenderTableCell {TD} at (50,33) size 48x23 [border: (1px inset #808080)] [r=1 c=1 rs=1 cs=1]
              RenderText {#text} at (2,2) size 44x19
                text run at (2,2) width 44: "BBBB"
      RenderBlock (anonymous) at (0,178) size 784x38
        RenderBR {BR} at (0,0) size 0x19
        RenderText {#text} at (0,19) size 398x19
          text run at (0,19) width 398: "This table should have cell spacingX of 5px, spacingY of 10px"
      RenderTable {TABLE} at (0,216) size 105x78 [border: (1px outset #808080)]
        RenderTableSection {TBODY} at (1,1) size 103x76
          RenderTableRow {TR} at (0,10) size 103x23
            RenderTableCell {TD} at (5,10) size 40x23 [border: (1px inset #808080)] [r=0 c=0 rs=1 cs=1]
              RenderText {#text} at (2,2) size 36x19
                text run at (2,2) width 36: "AAA"
            RenderTableCell {TD} at (50,10) size 48x23 [border: (1px inset #808080)] [r=0 c=1 rs=1 cs=1]
              RenderText {#text} at (2,2) size 44x19
                text run at (2,2) width 44: "BBBB"
          RenderTableRow {TR} at (0,43) size 103x23
            RenderTableCell {TD} at (5,43) size 40x23 [border: (1px inset #808080)] [r=1 c=0 rs=1 cs=1]
              RenderText {#text} at (2,2) size 36x19
                text run at (2,2) width 36: "AAA"
            RenderTableCell {TD} at (50,43) size 48x23 [border: (1px inset #808080)] [r=1 c=1 rs=1 cs=1]
              RenderText {#text} at (2,2) size 44x19
                text run at (2,2) width 44: "BBBB"
      RenderBlock (anonymous) at (0,294) size 784x38
        RenderBR {BR} at (0,0) size 0x19
        RenderText {#text} at (0,19) size 398x19
          text run at (0,19) width 398: "This table should have cell spacingX of 5px, spacingY of 10px"
      RenderTable {TABLE} at (0,332) size 105x78 [border: (1px outset #808080)]
        RenderTableSection {TBODY} at (1,1) size 103x76
          RenderTableRow {TR} at (0,10) size 103x23
            RenderTableCell {TD} at (5,10) size 40x23 [border: (1px inset #808080)] [r=0 c=0 rs=1 cs=1]
              RenderText {#text} at (2,2) size 36x19
                text run at (2,2) width 36: "AAA"
            RenderTableCell {TD} at (50,10) size 48x23 [border: (1px inset #808080)] [r=0 c=1 rs=1 cs=1]
              RenderText {#text} at (2,2) size 44x19
                text run at (2,2) width 44: "BBBB"
          RenderTableRow {TR} at (0,43) size 103x23
            RenderTableCell {TD} at (5,43) size 40x23 [border: (1px inset #808080)] [r=1 c=0 rs=1 cs=1]
              RenderText {#text} at (2,2) size 36x19
                text run at (2,2) width 36: "AAA"
            RenderTableCell {TD} at (50,43) size 48x23 [border: (1px inset #808080)] [r=1 c=1 rs=1 cs=1]
              RenderText {#text} at (2,2) size 44x19
                text run at (2,2) width 44: "BBBB"
