layer at (0,0) size 785x845
  RenderView at (0,0) size 785x600
layer at (0,0) size 785x845
  RenderBlock {HTML} at (0,0) size 785x845
    RenderBody {BODY} at (8,8) size 769x829
      RenderBlock (anonymous) at (0,0) size 769x19
        RenderText {#text} at (0,0) size 4x19
          text run at (0,0) width 4: " "
      RenderTable {TABLE} at (0,19) size 769x753 [bgcolor=#FFFFCC] [border: (1px outset #808080)]
        RenderTableSection {TBODY} at (1,1) size 767x751
          RenderTableRow {TR} at (0,2) size 767x23
            RenderTableCell {TD} at (2,2) size 614x23 [border: (1px inset #808080)] [r=0 c=0 rs=1 cs=1]
              RenderText {#text} at (2,2) size 53x19
                text run at (2,2) width 53: "Cell one"
            RenderTableCell {TD} at (618,2) size 72x23 [border: (1px inset #808080)] [r=0 c=1 rs=1 cs=1]
              RenderText {#text} at (2,2) size 34x19
                text run at (2,2) width 34: "Cell2"
            RenderTableCell {TD} at (692,2) size 73x23 [border: (1px inset #808080)] [r=0 c=2 rs=1 cs=1]
              RenderText {#text} at (2,2) size 38x19
                text run at (2,2) width 38: "Cell 3"
          RenderTableRow {TR} at (0,27) size 767x23
            RenderTableCell {TD} at (2,27) size 614x23 [border: (1px inset #808080)] [r=1 c=0 rs=1 cs=1]
              RenderText {#text} at (2,2) size 38x19
                text run at (2,2) width 38: "Cell 4"
            RenderTableCell {TD} at (618,27) size 72x23 [border: (1px inset #808080)] [r=1 c=1 rs=1 cs=1]
              RenderText {#text} at (2,2) size 38x19
                text run at (2,2) width 38: "Cell 5"
            RenderTableCell {TD} at (692,27) size 73x23 [border: (1px inset #808080)] [r=1 c=2 rs=1 cs=1]
              RenderText {#text} at (2,2) size 38x19
                text run at (2,2) width 38: "Cell 6"
          RenderTableRow {TR} at (0,52) size 767x697
            RenderTableCell {TD} at (2,52) size 614x697 [border: (1px inset #808080)] [r=2 c=0 rs=1 cs=1]
              RenderTable {TABLE} at (2,2) size 610x674 [bgcolor=#DDDDDD] [border: (1px outset #808080)]
                RenderTableSection {TBODY} at (1,1) size 608x672
                  RenderTableRow {TR} at (0,2) size 608x23
                    RenderTableCell {TD} at (2,2) size 21x23 [border: (1px inset #808080)] [r=0 c=0 rs=1 cs=1]
                      RenderText {#text} at (2,2) size 8x19
                        text run at (2,2) width 8: "1"
                    RenderTableCell {TD} at (25,2) size 557x23 [border: (1px inset #808080)] [r=0 c=1 rs=1 cs=1]
                      RenderText {#text} at (2,2) size 8x19
                        text run at (2,2) width 8: "2"
                    RenderTableCell {TD} at (584,2) size 22x23 [border: (1px inset #808080)] [r=0 c=2 rs=1 cs=1]
                      RenderText {#text} at (2,2) size 8x19
                        text run at (2,2) width 8: "3"
                  RenderTableRow {TR} at (0,27) size 608x618
                    RenderTableCell {TD} at (2,324) size 21x23 [border: (1px inset #808080)] [r=1 c=0 rs=1 cs=1]
                      RenderText {#text} at (2,2) size 8x19
                        text run at (2,2) width 8: "4"
                    RenderTableCell {TD} at (25,27) size 557x618 [border: (1px inset #808080)] [r=1 c=1 rs=1 cs=1]
                      RenderTable {TABLE} at (2,2) size 553x595 [bgcolor=#66FFFF] [border: (1px outset #808080)]
                        RenderTableSection {TBODY} at (1,1) size 551x593
                          RenderTableRow {TR} at (0,2) size 551x539
                            RenderTableCell {TD} at (2,260) size 21x23 [border: (1px inset #808080)] [r=0 c=0 rs=1 cs=1]
                              RenderText {#text} at (2,2) size 8x19
                                text run at (2,2) width 8: "1"
                            RenderTableCell {TD} at (25,2) size 500x539 [border: (1px inset #808080)] [r=0 c=1 rs=1 cs=1]
                              RenderTable {TABLE} at (2,2) size 496x516 [bgcolor=#FF0000] [border: (1px outset #808080)]
                                RenderTableSection {TBODY} at (1,1) size 494x514
                                  RenderTableRow {TR} at (0,2) size 494x23
                                    RenderTableCell {TD} at (2,2) size 22x23 [border: (1px inset #808080)] [r=0 c=0 rs=1 cs=1]
                                      RenderText {#text} at (2,2) size 8x19
                                        text run at (2,2) width 8: "1"
                                    RenderTableCell {TD} at (26,2) size 22x23 [border: (1px inset #808080)] [r=0 c=1 rs=1 cs=1]
                                      RenderText {#text} at (2,2) size 8x19
                                        text run at (2,2) width 8: "2"
                                    RenderTableCell {TD} at (50,2) size 393x23 [border: (1px inset #808080)] [r=0 c=2 rs=1 cs=1]
                                      RenderText {#text} at (2,2) size 8x19
                                        text run at (2,2) width 8: "3"
                                    RenderTableCell {TD} at (445,2) size 22x23 [border: (1px inset #808080)] [r=0 c=3 rs=1 cs=1]
                                      RenderText {#text} at (2,2) size 8x19
                                        text run at (2,2) width 8: "4"
                                    RenderTableCell {TD} at (469,2) size 23x23 [border: (1px inset #808080)] [r=0 c=4 rs=1 cs=1]
                                      RenderText {#text} at (2,2) size 8x19
                                        text run at (2,2) width 8: "5"
                                  RenderTableRow {TR} at (0,27) size 494x410
                                    RenderTableCell {TD} at (2,220) size 22x23 [border: (1px inset #808080)] [r=1 c=0 rs=1 cs=1]
                                      RenderText {#text} at (2,2) size 8x19
                                        text run at (2,2) width 8: "6"
                                    RenderTableCell {TD} at (26,220) size 22x23 [border: (1px inset #808080)] [r=1 c=1 rs=1 cs=1]
                                      RenderText {#text} at (2,2) size 8x19
                                        text run at (2,2) width 8: "7"
                                    RenderTableCell {TD} at (50,27) size 393x410 [border: (1px inset #808080)] [r=1 c=2 rs=1 cs=1]
                                      RenderTable {TABLE} at (2,2) size 389x387 [bgcolor=#66FF99] [border: (1px outset #808080)]
                                        RenderTableSection {TBODY} at (1,1) size 387x385
                                          RenderTableRow {TR} at (0,2) size 387x23
                                            RenderTableCell {TD} at (2,2) size 22x23 [border: (1px inset #808080)] [r=0 c=0 rs=1 cs=1]
                                              RenderText {#text} at (2,2) size 7x19
                                                text run at (2,2) width 7: "a"
                                            RenderTableCell {TD} at (26,2) size 23x23 [border: (1px inset #808080)] [r=0 c=1 rs=1 cs=1]
                                              RenderText {#text} at (2,2) size 8x19
                                                text run at (2,2) width 8: "b"
                                            RenderTableCell {TD} at (51,2) size 283x23 [border: (1px inset #808080)] [r=0 c=2 rs=1 cs=1]
                                              RenderText {#text} at (2,2) size 7x19
                                                text run at (2,2) width 7: "c"
                                            RenderTableCell {TD} at (336,2) size 23x23 [border: (1px inset #808080)] [r=0 c=3 rs=1 cs=1]
                                              RenderText {#text} at (2,2) size 8x19
                                                text run at (2,2) width 8: "d"
                                            RenderTableCell {TD} at (361,2) size 24x23 [border: (1px inset #808080)] [r=0 c=4 rs=1 cs=1]
                                              RenderText {#text} at (2,2) size 7x19
                                                text run at (2,2) width 7: "e"
                                          RenderTableRow {TR} at (0,27) size 387x23
                                            RenderTableCell {TD} at (2,27) size 22x23 [border: (1px inset #808080)] [r=1 c=0 rs=1 cs=1]
                                              RenderText {#text} at (2,2) size 5x19
                                                text run at (2,2) width 5: "f"
                                            RenderTableCell {TD} at (26,27) size 23x23 [border: (1px inset #808080)] [r=1 c=1 rs=1 cs=1]
                                              RenderText {#text} at (2,2) size 8x19
                                                text run at (2,2) width 8: "g"
                                            RenderTableCell {TD} at (51,27) size 283x23 [border: (1px inset #808080)] [r=1 c=2 rs=1 cs=1]
                                              RenderText {#text} at (2,2) size 8x19
                                                text run at (2,2) width 8: "h"
                                            RenderTableCell {TD} at (336,27) size 23x23 [border: (1px inset #808080)] [r=1 c=3 rs=1 cs=1]
                                              RenderText {#text} at (2,2) size 4x19
                                                text run at (2,2) width 4: "i"
                                            RenderTableCell {TD} at (361,27) size 24x23 [border: (1px inset #808080)] [r=1 c=4 rs=1 cs=1]
                                              RenderText {#text} at (2,2) size 4x19
                                                text run at (2,2) width 4: "j"
                                          RenderTableRow {TR} at (0,52) size 387x281
                                            RenderTableCell {TD} at (2,181) size 22x23 [border: (1px inset #808080)] [r=2 c=0 rs=1 cs=1]
                                              RenderText {#text} at (2,2) size 8x19
                                                text run at (2,2) width 8: "k"
                                            RenderTableCell {TD} at (26,181) size 23x23 [border: (1px inset #808080)] [r=2 c=1 rs=1 cs=1]
                                              RenderText {#text} at (2,2) size 4x19
                                                text run at (2,2) width 4: "l"
                                            RenderTableCell {TD} at (51,52) size 283x281 [border: (1px inset #808080)] [r=2 c=2 rs=1 cs=1]
                                              RenderTable {TABLE} at (2,2) size 279x258 [bgcolor=#FF99FF] [border: (1px outset #808080)]
                                                RenderTableSection {TBODY} at (1,1) size 277x256
                                                  RenderTableRow {TR} at (0,2) size 277x23
                                                    RenderTableCell {TD} at (2,2) size 24x23 [border: (1px inset #808080)] [r=0 c=0 rs=1 cs=1]
                                                      RenderText {#text} at (2,2) size 7x19
                                                        text run at (2,2) width 7: "a"
                                                    RenderTableCell {TD} at (28,2) size 24x23 [border: (1px inset #808080)] [r=0 c=1 rs=1 cs=1]
                                                      RenderText {#text} at (2,2) size 8x19
                                                        text run at (2,2) width 8: "b"
                                                    RenderTableCell {TD} at (54,2) size 167x23 [border: (1px inset #808080)] [r=0 c=2 rs=1 cs=1]
                                                      RenderText {#text} at (2,2) size 7x19
                                                        text run at (2,2) width 7: "c"
                                                    RenderTableCell {TD} at (223,2) size 25x23 [border: (1px inset #808080)] [r=0 c=3 rs=1 cs=1]
                                                      RenderText {#text} at (2,2) size 8x19
                                                        text run at (2,2) width 8: "d"
                                                    RenderTableCell {TD} at (250,2) size 25x23 [border: (1px inset #808080)] [r=0 c=4 rs=1 cs=1]
                                                      RenderText {#text} at (2,2) size 7x19
                                                        text run at (2,2) width 7: "e"
                                                  RenderTableRow {TR} at (0,27) size 277x23
                                                    RenderTableCell {TD} at (2,27) size 24x23 [border: (1px inset #808080)] [r=1 c=0 rs=1 cs=1]
                                                      RenderText {#text} at (2,2) size 5x19
                                                        text run at (2,2) width 5: "f"
                                                    RenderTableCell {TD} at (28,27) size 24x23 [border: (1px inset #808080)] [r=1 c=1 rs=1 cs=1]
                                                      RenderText {#text} at (2,2) size 8x19
                                                        text run at (2,2) width 8: "g"
                                                    RenderTableCell {TD} at (54,27) size 167x23 [border: (1px inset #808080)] [r=1 c=2 rs=1 cs=1]
                                                      RenderText {#text} at (2,2) size 8x19
                                                        text run at (2,2) width 8: "h"
                                                    RenderTableCell {TD} at (223,27) size 25x23 [border: (1px inset #808080)] [r=1 c=3 rs=1 cs=1]
                                                      RenderText {#text} at (2,2) size 4x19
                                                        text run at (2,2) width 4: "i"
                                                    RenderTableCell {TD} at (250,27) size 25x23 [border: (1px inset #808080)] [r=1 c=4 rs=1 cs=1]
                                                      RenderText {#text} at (2,2) size 4x19
                                                        text run at (2,2) width 4: "j"
                                                  RenderTableRow {TR} at (0,52) size 277x152
                                                    RenderTableCell {TD} at (2,116) size 24x23 [border: (1px inset #808080)] [r=2 c=0 rs=1 cs=1]
                                                      RenderText {#text} at (2,2) size 8x19
                                                        text run at (2,2) width 8: "k"
                                                    RenderTableCell {TD} at (28,116) size 24x23 [border: (1px inset #808080)] [r=2 c=1 rs=1 cs=1]
                                                      RenderText {#text} at (2,2) size 4x19
                                                        text run at (2,2) width 4: "l"
                                                    RenderTableCell {TD} at (54,52) size 167x152 [border: (1px inset #808080)] [r=2 c=2 rs=1 cs=1]
                                                      RenderTable {TABLE} at (2,2) size 163x129 [bgcolor=#FF9900] [border: (1px outset #808080)]
                                                        RenderTableSection {TBODY} at (1,1) size 161x127
                                                          RenderTableRow {TR} at (0,2) size 161x23
                                                            RenderTableCell {TD} at (2,2) size 27x23 [border: (1px inset #808080)] [r=0 c=0 rs=1 cs=1]
                                                              RenderText {#text} at (2,2) size 7x19
                                                                text run at (2,2) width 7: "a"
                                                            RenderTableCell {TD} at (31,2) size 28x23 [border: (1px inset #808080)] [r=0 c=1 rs=1 cs=1]
                                                              RenderText {#text} at (2,2) size 8x19
                                                                text run at (2,2) width 8: "b"
                                                            RenderTableCell {TD} at (61,2) size 37x23 [border: (1px inset #808080)] [r=0 c=2 rs=1 cs=1]
                                                              RenderText {#text} at (2,2) size 7x19
                                                                text run at (2,2) width 7: "c"
                                                            RenderTableCell {TD} at (100,2) size 28x23 [border: (1px inset #808080)] [r=0 c=3 rs=1 cs=1]
                                                              RenderText {#text} at (2,2) size 8x19
                                                                text run at (2,2) width 8: "d"
                                                            RenderTableCell {TD} at (130,2) size 29x23 [border: (1px inset #808080)] [r=0 c=4 rs=1 cs=1]
                                                              RenderText {#text} at (2,2) size 7x19
                                                                text run at (2,2) width 7: "e"
                                                          RenderTableRow {TR} at (0,27) size 161x23
                                                            RenderTableCell {TD} at (2,27) size 27x23 [border: (1px inset #808080)] [r=1 c=0 rs=1 cs=1]
                                                              RenderText {#text} at (2,2) size 5x19
                                                                text run at (2,2) width 5: "f"
                                                            RenderTableCell {TD} at (31,27) size 28x23 [border: (1px inset #808080)] [r=1 c=1 rs=1 cs=1]
                                                              RenderText {#text} at (2,2) size 8x19
                                                                text run at (2,2) width 8: "g"
                                                            RenderTableCell {TD} at (61,27) size 37x23 [border: (1px inset #808080)] [r=1 c=2 rs=1 cs=1]
                                                              RenderText {#text} at (2,2) size 8x19
                                                                text run at (2,2) width 8: "h"
                                                            RenderTableCell {TD} at (100,27) size 28x23 [border: (1px inset #808080)] [r=1 c=3 rs=1 cs=1]
                                                              RenderText {#text} at (2,2) size 4x19
                                                                text run at (2,2) width 4: "i"
                                                            RenderTableCell {TD} at (130,27) size 29x23 [border: (1px inset #808080)] [r=1 c=4 rs=1 cs=1]
                                                              RenderText {#text} at (2,2) size 4x19
                                                                text run at (2,2) width 4: "j"
                                                          RenderTableRow {TR} at (0,52) size 161x23
                                                            RenderTableCell {TD} at (2,52) size 27x23 [border: (1px inset #808080)] [r=2 c=0 rs=1 cs=1]
                                                              RenderText {#text} at (2,2) size 8x19
                                                                text run at (2,2) width 8: "k"
                                                            RenderTableCell {TD} at (31,52) size 28x23 [border: (1px inset #808080)] [r=2 c=1 rs=1 cs=1]
                                                              RenderText {#text} at (2,2) size 4x19
                                                                text run at (2,2) width 4: "l"
                                                            RenderTableCell {TD} at (61,52) size 37x23 [border: (1px inset #808080)] [r=2 c=2 rs=1 cs=1]
                                                              RenderText {#text} at (2,2) size 12x19
                                                                text run at (2,2) width 12: "m"
                                                            RenderTableCell {TD} at (100,52) size 28x23 [border: (1px inset #808080)] [r=2 c=3 rs=1 cs=1]
                                                              RenderText {#text} at (2,2) size 8x19
                                                                text run at (2,2) width 8: "n"
                                                            RenderTableCell {TD} at (130,52) size 29x23 [border: (1px inset #808080)] [r=2 c=4 rs=1 cs=1]
                                                              RenderText {#text} at (2,2) size 8x19
                                                                text run at (2,2) width 8: "o"
                                                          RenderTableRow {TR} at (0,77) size 161x23
                                                            RenderTableCell {TD} at (2,77) size 27x23 [border: (1px inset #808080)] [r=3 c=0 rs=1 cs=1]
                                                              RenderText {#text} at (2,2) size 8x19
                                                                text run at (2,2) width 8: "p"
                                                            RenderTableCell {TD} at (31,77) size 28x23 [border: (1px inset #808080)] [r=3 c=1 rs=1 cs=1]
                                                              RenderText {#text} at (2,2) size 8x19
                                                                text run at (2,2) width 8: "q"
                                                            RenderTableCell {TD} at (61,77) size 37x23 [border: (1px inset #808080)] [r=3 c=2 rs=1 cs=1]
                                                              RenderText {#text} at (2,2) size 5x19
                                                                text run at (2,2) width 5: "r"
                                                            RenderTableCell {TD} at (100,77) size 28x23 [border: (1px inset #808080)] [r=3 c=3 rs=1 cs=1]
                                                              RenderText {#text} at (2,2) size 6x19
                                                                text run at (2,2) width 6: "s"
                                                            RenderTableCell {TD} at (130,77) size 29x23 [border: (1px inset #808080)] [r=3 c=4 rs=1 cs=1]
                                                              RenderText {#text} at (2,2) size 4x19
                                                                text run at (2,2) width 4: "t"
                                                          RenderTableRow {TR} at (0,102) size 161x23
                                                            RenderTableCell {TD} at (2,102) size 27x23 [border: (1px inset #808080)] [r=4 c=0 rs=1 cs=1]
                                                              RenderText {#text} at (2,2) size 8x19
                                                                text run at (2,2) width 8: "u"
                                                            RenderTableCell {TD} at (31,102) size 28x23 [border: (1px inset #808080)] [r=4 c=1 rs=1 cs=1]
                                                              RenderText {#text} at (2,2) size 8x19
                                                                text run at (2,2) width 8: "v"
                                                            RenderTableCell {TD} at (61,102) size 37x23 [border: (1px inset #808080)] [r=4 c=2 rs=1 cs=1]
                                                              RenderText {#text} at (2,2) size 12x19
                                                                text run at (2,2) width 12: "w"
                                                            RenderTableCell {TD} at (100,102) size 28x23 [border: (1px inset #808080)] [r=4 c=3 rs=1 cs=1]
                                                              RenderText {#text} at (2,2) size 8x19
                                                                text run at (2,2) width 8: "x"
                                                            RenderTableCell {TD} at (130,102) size 29x23 [border: (1px inset #808080)] [r=4 c=4 rs=1 cs=1]
                                                              RenderText {#text} at (2,2) size 8x19
                                                                text run at (2,2) width 8: "y"
                                                      RenderBlock (anonymous) at (2,131) size 163x19
                                                        RenderText {#text} at (0,0) size 4x19
                                                          text run at (0,0) width 4: " "
                                                    RenderTableCell {TD} at (223,116) size 25x23 [border: (1px inset #808080)] [r=2 c=3 rs=1 cs=1]
                                                      RenderText {#text} at (2,2) size 8x19
                                                        text run at (2,2) width 8: "n"
                                                    RenderTableCell {TD} at (250,116) size 25x23 [border: (1px inset #808080)] [r=2 c=4 rs=1 cs=1]
                                                      RenderText {#text} at (2,2) size 8x19
                                                        text run at (2,2) width 8: "o"
                                                  RenderTableRow {TR} at (0,206) size 277x23
                                                    RenderTableCell {TD} at (2,206) size 24x23 [border: (1px inset #808080)] [r=3 c=0 rs=1 cs=1]
                                                      RenderText {#text} at (2,2) size 8x19
                                                        text run at (2,2) width 8: "p"
                                                    RenderTableCell {TD} at (28,206) size 24x23 [border: (1px inset #808080)] [r=3 c=1 rs=1 cs=1]
                                                      RenderText {#text} at (2,2) size 8x19
                                                        text run at (2,2) width 8: "q"
                                                    RenderTableCell {TD} at (54,206) size 167x23 [border: (1px inset #808080)] [r=3 c=2 rs=1 cs=1]
                                                      RenderText {#text} at (2,2) size 5x19
                                                        text run at (2,2) width 5: "r"
                                                    RenderTableCell {TD} at (223,206) size 25x23 [border: (1px inset #808080)] [r=3 c=3 rs=1 cs=1]
                                                      RenderText {#text} at (2,2) size 6x19
                                                        text run at (2,2) width 6: "s"
                                                    RenderTableCell {TD} at (250,206) size 25x23 [border: (1px inset #808080)] [r=3 c=4 rs=1 cs=1]
                                                      RenderText {#text} at (2,2) size 4x19
                                                        text run at (2,2) width 4: "t"
                                                  RenderTableRow {TR} at (0,231) size 277x23
                                                    RenderTableCell {TD} at (2,231) size 24x23 [border: (1px inset #808080)] [r=4 c=0 rs=1 cs=1]
                                                      RenderText {#text} at (2,2) size 8x19
                                                        text run at (2,2) width 8: "u"
                                                    RenderTableCell {TD} at (28,231) size 24x23 [border: (1px inset #808080)] [r=4 c=1 rs=1 cs=1]
                                                      RenderText {#text} at (2,2) size 8x19
                                                        text run at (2,2) width 8: "v"
                                                    RenderTableCell {TD} at (54,231) size 167x23 [border: (1px inset #808080)] [r=4 c=2 rs=1 cs=1]
                                                      RenderText {#text} at (2,2) size 12x19
                                                        text run at (2,2) width 12: "w"
                                                    RenderTableCell {TD} at (223,231) size 25x23 [border: (1px inset #808080)] [r=4 c=3 rs=1 cs=1]
                                                      RenderText {#text} at (2,2) size 8x19
                                                        text run at (2,2) width 8: "x"
                                                    RenderTableCell {TD} at (250,231) size 25x23 [border: (1px inset #808080)] [r=4 c=4 rs=1 cs=1]
                                                      RenderText {#text} at (2,2) size 8x19
                                                        text run at (2,2) width 8: "y"
                                              RenderBlock (anonymous) at (2,260) size 279x19
                                                RenderText {#text} at (0,0) size 4x19
                                                  text run at (0,0) width 4: " "
                                            RenderTableCell {TD} at (336,181) size 23x23 [border: (1px inset #808080)] [r=2 c=3 rs=1 cs=1]
                                              RenderText {#text} at (2,2) size 8x19
                                                text run at (2,2) width 8: "n"
                                            RenderTableCell {TD} at (361,181) size 24x23 [border: (1px inset #808080)] [r=2 c=4 rs=1 cs=1]
                                              RenderText {#text} at (2,2) size 8x19
                                                text run at (2,2) width 8: "o"
                                          RenderTableRow {TR} at (0,335) size 387x23
                                            RenderTableCell {TD} at (2,335) size 22x23 [border: (1px inset #808080)] [r=3 c=0 rs=1 cs=1]
                                              RenderText {#text} at (2,2) size 8x19
                                                text run at (2,2) width 8: "p"
                                            RenderTableCell {TD} at (26,335) size 23x23 [border: (1px inset #808080)] [r=3 c=1 rs=1 cs=1]
                                              RenderText {#text} at (2,2) size 8x19
                                                text run at (2,2) width 8: "q"
                                            RenderTableCell {TD} at (51,335) size 283x23 [border: (1px inset #808080)] [r=3 c=2 rs=1 cs=1]
                                              RenderText {#text} at (2,2) size 5x19
                                                text run at (2,2) width 5: "r"
                                            RenderTableCell {TD} at (336,335) size 23x23 [border: (1px inset #808080)] [r=3 c=3 rs=1 cs=1]
                                              RenderText {#text} at (2,2) size 6x19
                                                text run at (2,2) width 6: "s"
                                            RenderTableCell {TD} at (361,335) size 24x23 [border: (1px inset #808080)] [r=3 c=4 rs=1 cs=1]
                                              RenderText {#text} at (2,2) size 4x19
                                                text run at (2,2) width 4: "t"
                                          RenderTableRow {TR} at (0,360) size 387x23
                                            RenderTableCell {TD} at (2,360) size 22x23 [border: (1px inset #808080)] [r=4 c=0 rs=1 cs=1]
                                              RenderText {#text} at (2,2) size 8x19
                                                text run at (2,2) width 8: "u"
                                            RenderTableCell {TD} at (26,360) size 23x23 [border: (1px inset #808080)] [r=4 c=1 rs=1 cs=1]
                                              RenderText {#text} at (2,2) size 8x19
                                                text run at (2,2) width 8: "v"
                                            RenderTableCell {TD} at (51,360) size 283x23 [border: (1px inset #808080)] [r=4 c=2 rs=1 cs=1]
                                              RenderText {#text} at (2,2) size 12x19
                                                text run at (2,2) width 12: "w"
                                            RenderTableCell {TD} at (336,360) size 23x23 [border: (1px inset #808080)] [r=4 c=3 rs=1 cs=1]
                                              RenderText {#text} at (2,2) size 8x19
                                                text run at (2,2) width 8: "x"
                                            RenderTableCell {TD} at (361,360) size 24x23 [border: (1px inset #808080)] [r=4 c=4 rs=1 cs=1]
                                              RenderText {#text} at (2,2) size 8x19
                                                text run at (2,2) width 8: "y"
                                      RenderBlock (anonymous) at (2,389) size 389x19
                                        RenderText {#text} at (0,0) size 4x19
                                          text run at (0,0) width 4: " "
                                    RenderTableCell {TD} at (445,220) size 22x23 [border: (1px inset #808080)] [r=1 c=3 rs=1 cs=1]
                                      RenderText {#text} at (2,2) size 8x19
                                        text run at (2,2) width 8: "9"
                                    RenderTableCell {TD} at (469,220) size 23x23 [border: (1px inset #808080)] [r=1 c=4 rs=1 cs=1]
                                      RenderText {#text} at (2,2) size 8x19
                                        text run at (2,2) width 8: "0"
                                  RenderTableRow {TR} at (0,439) size 494x23
                                    RenderTableCell {TD} at (2,439) size 22x23 [border: (1px inset #808080)] [r=2 c=0 rs=1 cs=1]
                                      RenderText {#text} at (2,2) size 7x19
                                        text run at (2,2) width 7: "a"
                                    RenderTableCell {TD} at (26,439) size 22x23 [border: (1px inset #808080)] [r=2 c=1 rs=1 cs=1]
                                      RenderText {#text} at (2,2) size 8x19
                                        text run at (2,2) width 8: "b"
                                    RenderTableCell {TD} at (50,439) size 393x23 [border: (1px inset #808080)] [r=2 c=2 rs=1 cs=1]
                                      RenderText {#text} at (2,2) size 7x19
                                        text run at (2,2) width 7: "c"
                                    RenderTableCell {TD} at (445,439) size 22x23 [border: (1px inset #808080)] [r=2 c=3 rs=1 cs=1]
                                      RenderText {#text} at (2,2) size 8x19
                                        text run at (2,2) width 8: "d"
                                    RenderTableCell {TD} at (469,439) size 23x23 [border: (1px inset #808080)] [r=2 c=4 rs=1 cs=1]
                                      RenderText {#text} at (2,2) size 7x19
                                        text run at (2,2) width 7: "e"
                                  RenderTableRow {TR} at (0,464) size 494x23
                                    RenderTableCell {TD} at (2,464) size 22x23 [border: (1px inset #808080)] [r=3 c=0 rs=1 cs=1]
                                      RenderText {#text} at (2,2) size 5x19
                                        text run at (2,2) width 5: "f"
                                    RenderTableCell {TD} at (26,464) size 22x23 [border: (1px inset #808080)] [r=3 c=1 rs=1 cs=1]
                                      RenderText {#text} at (2,2) size 8x19
                                        text run at (2,2) width 8: "g"
                                    RenderTableCell {TD} at (50,464) size 393x23 [border: (1px inset #808080)] [r=3 c=2 rs=1 cs=1]
                                      RenderText {#text} at (2,2) size 8x19
                                        text run at (2,2) width 8: "h"
                                    RenderTableCell {TD} at (445,464) size 22x23 [border: (1px inset #808080)] [r=3 c=3 rs=1 cs=1]
                                      RenderText {#text} at (2,2) size 4x19
                                        text run at (2,2) width 4: "i"
                                    RenderTableCell {TD} at (469,464) size 23x23 [border: (1px inset #808080)] [r=3 c=4 rs=1 cs=1]
                                      RenderText {#text} at (2,2) size 4x19
                                        text run at (2,2) width 4: "j"
                                  RenderTableRow {TR} at (0,489) size 494x23
                                    RenderTableCell {TD} at (2,489) size 22x23 [border: (1px inset #808080)] [r=4 c=0 rs=1 cs=1]
                                      RenderText {#text} at (2,2) size 8x19
                                        text run at (2,2) width 8: "k"
                                    RenderTableCell {TD} at (26,489) size 22x23 [border: (1px inset #808080)] [r=4 c=1 rs=1 cs=1]
                                      RenderText {#text} at (2,2) size 4x19
                                        text run at (2,2) width 4: "l"
                                    RenderTableCell {TD} at (50,489) size 393x23 [border: (1px inset #808080)] [r=4 c=2 rs=1 cs=1]
                                      RenderText {#text} at (2,2) size 12x19
                                        text run at (2,2) width 12: "m"
                                    RenderTableCell {TD} at (445,489) size 22x23 [border: (1px inset #808080)] [r=4 c=3 rs=1 cs=1]
                                      RenderText {#text} at (2,2) size 8x19
                                        text run at (2,2) width 8: "n"
                                    RenderTableCell {TD} at (469,489) size 23x23 [border: (1px inset #808080)] [r=4 c=4 rs=1 cs=1]
                                      RenderText {#text} at (2,2) size 8x19
                                        text run at (2,2) width 8: "o"
                              RenderBlock (anonymous) at (2,518) size 496x19
                                RenderText {#text} at (0,0) size 4x19
                                  text run at (0,0) width 4: " "
                            RenderTableCell {TD} at (527,260) size 22x23 [border: (1px inset #808080)] [r=0 c=2 rs=1 cs=1]
                              RenderText {#text} at (2,2) size 8x19
                                text run at (2,2) width 8: "3"
                          RenderTableRow {TR} at (0,543) size 551x23
                            RenderTableCell {TD} at (2,543) size 21x23 [border: (1px inset #808080)] [r=1 c=0 rs=1 cs=1]
                              RenderText {#text} at (2,2) size 8x19
                                text run at (2,2) width 8: "4"
                            RenderTableCell {TD} at (25,543) size 500x23 [border: (1px inset #808080)] [r=1 c=1 rs=1 cs=1]
                              RenderText {#text} at (2,2) size 8x19
                                text run at (2,2) width 8: "5"
                            RenderTableCell {TD} at (527,543) size 22x23 [border: (1px inset #808080)] [r=1 c=2 rs=1 cs=1]
                              RenderText {#text} at (2,2) size 8x19
                                text run at (2,2) width 8: "6"
                          RenderTableRow {TR} at (0,568) size 551x23
                            RenderTableCell {TD} at (2,568) size 21x23 [border: (1px inset #808080)] [r=2 c=0 rs=1 cs=1]
                              RenderText {#text} at (2,2) size 8x19
                                text run at (2,2) width 8: "7"
                            RenderTableCell {TD} at (25,568) size 500x23 [border: (1px inset #808080)] [r=2 c=1 rs=1 cs=1]
                              RenderText {#text} at (2,2) size 8x19
                                text run at (2,2) width 8: "8"
                            RenderTableCell {TD} at (527,568) size 22x23 [border: (1px inset #808080)] [r=2 c=2 rs=1 cs=1]
                              RenderText {#text} at (2,2) size 8x19
                                text run at (2,2) width 8: "9"
                      RenderBlock (anonymous) at (2,597) size 553x19
                        RenderText {#text} at (0,0) size 4x19
                          text run at (0,0) width 4: " "
                    RenderTableCell {TD} at (584,324) size 22x23 [border: (1px inset #808080)] [r=1 c=2 rs=1 cs=1]
                      RenderText {#text} at (2,2) size 8x19
                        text run at (2,2) width 8: "6"
                  RenderTableRow {TR} at (0,647) size 608x23
                    RenderTableCell {TD} at (2,647) size 21x23 [border: (1px inset #808080)] [r=2 c=0 rs=1 cs=1]
                      RenderText {#text} at (2,2) size 8x19
                        text run at (2,2) width 8: "7"
                    RenderTableCell {TD} at (25,647) size 557x23 [border: (1px inset #808080)] [r=2 c=1 rs=1 cs=1]
                      RenderText {#text} at (2,2) size 8x19
                        text run at (2,2) width 8: "8"
                    RenderTableCell {TD} at (584,647) size 22x23 [border: (1px inset #808080)] [r=2 c=2 rs=1 cs=1]
                      RenderText {#text} at (2,2) size 8x19
                        text run at (2,2) width 8: "9"
              RenderBlock (anonymous) at (2,676) size 610x19
                RenderText {#text} at (0,0) size 4x19
                  text run at (0,0) width 4: " "
            RenderTableCell {TD} at (618,389) size 72x23 [border: (1px inset #808080)] [r=2 c=1 rs=1 cs=1]
              RenderText {#text} at (2,2) size 8x19
                text run at (2,2) width 8: "8"
            RenderTableCell {TD} at (692,389) size 73x23 [border: (1px inset #808080)] [r=2 c=2 rs=1 cs=1]
              RenderText {#text} at (2,2) size 8x19
                text run at (2,2) width 8: "9"
      RenderBlock (anonymous) at (0,772) size 769x38
        RenderText {#text} at (0,0) size 8x19
          text run at (0,0) width 8: "  "
        RenderBR {BR} at (8,15) size 0x0
        RenderText {#text} at (0,19) size 280x19
          text run at (0,19) width 280: "the following text should display on one line"
      RenderTable {TABLE} at (0,810) size 207x19
        RenderTableSection {TBODY} at (0,0) size 207x19
          RenderTableRow {TR} at (0,0) size 207x19
            RenderTableCell {TD} at (0,0) size 207x19 [bgcolor=#B70000] [r=0 c=0 rs=1 cs=1]
              RenderTable {TABLE} at (0,0) size 207x19
                RenderTableSection {TBODY} at (0,0) size 207x19
                  RenderTableRow {TR} at (0,0) size 207x19
                    RenderTableCell {TD} at (0,0) size 13x16 [r=0 c=0 rs=1 cs=1]
                      RenderImage {IMG} at (0,0) size 13x16
                    RenderTableCell {TD} at (13,0) size 190x19 [r=0 c=1 rs=1 cs=1]
                      RenderText {#text} at (0,0) size 162x19
                        text run at (0,0) width 162: "AlphaLinux Distributions"
                    RenderTableCell {TD} at (203,0) size 4x4 [r=0 c=2 rs=1 cs=1]
                      RenderImage {IMG} at (0,0) size 4x4
