layer at (0,0) size 800x600
  RenderView at (0,0) size 800x600
layer at (0,0) size 800x600
  RenderBlock {HTML} at (0,0) size 800x600
    RenderBody {BODY} at (8,8) size 784x584
      RenderBlock (anonymous) at (0,0) size 784x19
        RenderText {#text} at (0,0) size 268x19
          text run at (0,0) width 268: "This table should have cell padding of 5px"
      RenderTable {TABLE} at (0,19) size 112x70 [border: (1px outset #808080)]
        RenderTableSection {TBODY} at (1,1) size 110x68
          RenderTableRow {TR} at (0,2) size 110x31
            RenderTableCell {TD} at (2,2) size 48x31 [border: (1px inset #808080)] [r=0 c=0 rs=1 cs=1]
              RenderText {#text} at (6,6) size 36x19
                text run at (6,6) width 36: "AAA"
            RenderTableCell {TD} at (52,2) size 56x31 [border: (1px inset #808080)] [r=0 c=1 rs=1 cs=1]
              RenderText {#text} at (6,6) size 44x19
                text run at (6,6) width 44: "BBBB"
          RenderTableRow {TR} at (0,35) size 110x31
            RenderTableCell {TD} at (2,35) size 48x31 [border: (1px inset #808080)] [r=1 c=0 rs=1 cs=1]
              RenderText {#text} at (6,6) size 36x19
                text run at (6,6) width 36: "AAA"
            RenderTableCell {TD} at (52,35) size 56x31 [border: (1px inset #808080)] [r=1 c=1 rs=1 cs=1]
              RenderText {#text} at (6,6) size 44x19
                text run at (6,6) width 44: "BBBB"
      RenderBlock (anonymous) at (0,89) size 784x38
        RenderBR {BR} at (0,0) size 0x19
        RenderText {#text} at (0,19) size 268x19
          text run at (0,19) width 268: "This table should have cell padding of 5px"
      RenderTable {TABLE} at (0,127) size 112x70 [border: (1px outset #808080)]
        RenderTableSection {TBODY} at (1,1) size 110x68
          RenderTableRow {TR} at (0,2) size 110x31
            RenderTableCell {TD} at (2,2) size 48x31 [border: (1px inset #808080)] [r=0 c=0 rs=1 cs=1]
              RenderText {#text} at (6,6) size 36x19
                text run at (6,6) width 36: "AAA"
            RenderTableCell {TD} at (52,2) size 56x31 [border: (1px inset #808080)] [r=0 c=1 rs=1 cs=1]
              RenderText {#text} at (6,6) size 44x19
                text run at (6,6) width 44: "BBBB"
          RenderTableRow {TR} at (0,35) size 110x31
            RenderTableCell {TD} at (2,35) size 48x31 [border: (1px inset #808080)] [r=1 c=0 rs=1 cs=1]
              RenderText {#text} at (6,6) size 36x19
                text run at (6,6) width 36: "AAA"
            RenderTableCell {TD} at (52,35) size 56x31 [border: (1px inset #808080)] [r=1 c=1 rs=1 cs=1]
              RenderText {#text} at (6,6) size 44x19
                text run at (6,6) width 44: "BBBB"
      RenderBlock (anonymous) at (0,197) size 784x38
        RenderBR {BR} at (0,0) size 0x19
        RenderText {#text} at (0,19) size 268x19
          text run at (0,19) width 268: "This table should have cell padding of 5px"
      RenderTable {TABLE} at (0,235) size 112x70 [border: (1px outset #808080)]
        RenderTableSection {TBODY} at (1,1) size 110x68
          RenderTableRow {TR} at (0,2) size 110x31
            RenderTableCell {TD} at (2,2) size 48x31 [border: (1px inset #808080)] [r=0 c=0 rs=1 cs=1]
              RenderText {#text} at (6,6) size 36x19
                text run at (6,6) width 36: "AAA"
            RenderTableCell {TD} at (52,2) size 56x31 [border: (1px inset #808080)] [r=0 c=1 rs=1 cs=1]
              RenderText {#text} at (6,6) size 44x19
                text run at (6,6) width 44: "BBBB"
          RenderTableRow {TR} at (0,35) size 110x31
            RenderTableCell {TD} at (2,35) size 48x31 [border: (1px inset #808080)] [r=1 c=0 rs=1 cs=1]
              RenderText {#text} at (6,6) size 36x19
                text run at (6,6) width 36: "AAA"
            RenderTableCell {TD} at (52,35) size 56x31 [border: (1px inset #808080)] [r=1 c=1 rs=1 cs=1]
              RenderText {#text} at (6,6) size 44x19
                text run at (6,6) width 44: "BBBB"
      RenderBlock (anonymous) at (0,305) size 784x38
        RenderBR {BR} at (0,0) size 0x19
        RenderText {#text} at (0,19) size 531x19
          text run at (0,19) width 531: "This table should have cell padding of 5px except the 1st cell's left padding will be 0"
      RenderTable {TABLE} at (0,343) size 112x70 [border: (1px outset #808080)]
        RenderTableSection {TBODY} at (1,1) size 110x68
          RenderTableRow {TR} at (0,2) size 110x31
            RenderTableCell {TD} at (2,2) size 48x31 [border: (1px inset #808080)] [r=0 c=0 rs=1 cs=1]
              RenderText {#text} at (1,6) size 36x19
                text run at (1,6) width 36: "AAA"
            RenderTableCell {TD} at (52,2) size 56x31 [border: (1px inset #808080)] [r=0 c=1 rs=1 cs=1]
              RenderText {#text} at (6,6) size 44x19
                text run at (6,6) width 44: "BBBB"
          RenderTableRow {TR} at (0,35) size 110x31
            RenderTableCell {TD} at (2,35) size 48x31 [border: (1px inset #808080)] [r=1 c=0 rs=1 cs=1]
              RenderText {#text} at (6,6) size 36x19
                text run at (6,6) width 36: "AAA"
            RenderTableCell {TD} at (52,35) size 56x31 [border: (1px inset #808080)] [r=1 c=1 rs=1 cs=1]
              RenderText {#text} at (6,6) size 44x19
                text run at (6,6) width 44: "BBBB"
      RenderBlock (anonymous) at (0,413) size 784x38
        RenderBR {BR} at (0,0) size 0x19
        RenderText {#text} at (0,19) size 542x19
          text run at (0,19) width 542: "This table should have cell padding of 5px except the last cell's left padding will be 30"
      RenderTable {TABLE} at (0,451) size 137x70 [border: (1px outset #808080)]
        RenderTableSection {TBODY} at (1,1) size 135x68
          RenderTableRow {TR} at (0,2) size 135x31
            RenderTableCell {TD} at (2,2) size 48x31 [border: (1px inset #808080)] [r=0 c=0 rs=1 cs=1]
              RenderText {#text} at (6,6) size 36x19
                text run at (6,6) width 36: "AAA"
            RenderTableCell {TD} at (52,2) size 81x31 [border: (1px inset #808080)] [r=0 c=1 rs=1 cs=1]
              RenderText {#text} at (6,6) size 44x19
                text run at (6,6) width 44: "BBBB"
          RenderTableRow {TR} at (0,35) size 135x31
            RenderTableCell {TD} at (2,35) size 48x31 [border: (1px inset #808080)] [r=1 c=0 rs=1 cs=1]
              RenderText {#text} at (6,6) size 36x19
                text run at (6,6) width 36: "AAA"
            RenderTableCell {TD} at (52,35) size 81x31 [border: (1px inset #808080)] [r=1 c=1 rs=1 cs=1]
              RenderText {#text} at (31,6) size 44x19
                text run at (31,6) width 44: "BBBB"
