layer at (0,0) size 785x2437
  RenderView at (0,0) size 785x600
layer at (0,0) size 785x2437
  RenderBlock {HTML} at (0,0) size 785x2437
    RenderBody {BODY} at (8,8) size 769x2413 [bgcolor=#FFDEAD]
      RenderBlock {H1} at (0,0) size 769x74
        RenderInline {FONT} at (0,0) size 473x73 [color=#FF0000]
          RenderText {#text} at (0,0) size 295x36
            text run at (0,0) width 295: "Acceptance Test Case"
          RenderBR {BR} at (295,29) size 0x0
          RenderText {#text} at (0,37) size 473x36
            text run at (0,37) width 473: "Web Browser: Web View (HTML)"
      RenderBlock {P} at (0,95) size 769x28
        RenderInline {FONT} at (0,0) size 357x28 [color=#FF0000]
          RenderInline {B} at (0,0) size 357x28
            RenderText {#text} at (0,0) size 357x28
              text run at (0,0) width 357: "Table: <TH> & <TD> ROWSPAN"
        RenderText {#text} at (0,0) size 0x0
      RenderBlock {HR} at (0,139) size 769x2 [border: (1px inset #000000)]
      RenderBlock (anonymous) at (0,149) size 769x57
        RenderText {#text} at (0,0) size 270x19
          text run at (0,0) width 270: "This acceptance test case tests the optional "
        RenderInline {B} at (0,0) size 41x19
          RenderText {#text} at (270,0) size 41x19
            text run at (270,0) width 41: "<TH>"
        RenderText {#text} at (311,0) size 20x19
          text run at (311,0) width 20: " & "
        RenderInline {B} at (0,0) size 41x19
          RenderText {#text} at (331,0) size 41x19
            text run at (331,0) width 41: "<TD>"
        RenderText {#text} at (372,0) size 27x19
          text run at (372,0) width 27: " tag "
        RenderInline {B} at (0,0) size 83x19
          RenderText {#text} at (399,0) size 83x19
            text run at (399,0) width 83: "ROWSPAN"
        RenderText {#text} at (482,0) size 729x38
          text run at (482,0) width 106: " attribute which, "
          text run at (588,0) width 141: "when placed in a table"
          text run at (0,19) width 554: "header or data tag, specifies how many rows the table header or data cell will span. The "
        RenderInline {B} at (0,0) size 83x19
          RenderText {#text} at (554,19) size 83x19
            text run at (554,19) width 83: "ROWSPAN"
        RenderText {#text} at (637,19) size 762x38
          text run at (637,19) width 125: " attribute is set to an"
          text run at (0,38) width 465: "integer value equal the number of rows the table header or data cell spans."
      RenderBlock {P} at (0,222) size 769x19
        RenderInline {B} at (0,0) size 119x19
          RenderText {#text} at (0,0) size 119x19
            text run at (0,0) width 119: "Test Instructions:"
        RenderText {#text} at (0,0) size 0x0
      RenderBlock {OL} at (0,257) size 769x253
        RenderListItem {LI} at (40,0) size 729x19
          RenderListMarker at (-21,0) size 16x19: "1"
          RenderText {#text} at (0,0) size 498x19
            text run at (0,0) width 498: "Verify that the sample text displays as stated in each of the following test cases:"
        RenderBlock {P} at (40,35) size 729x107
          RenderTable {TABLE} at (0,0) size 526x107 [bgcolor=#F08080]
            RenderTableSection {TBODY} at (0,0) size 526x107
              RenderTableRow {TR} at (0,2) size 526x33
                RenderTableCell {TD} at (2,2) size 96x33 [r=0 c=0 rs=1 cs=1]
                  RenderInline {A} at (0,0) size 82x19 [color=#0000EE]
                    RenderText {#text} at (7,7) size 82x19
                      text run at (7,7) width 82: "Test Case #1"
                RenderTableCell {TD} at (100,2) size 424x33 [r=0 c=1 rs=1 cs=1]
                  RenderInline {FONT} at (0,0) size 312x19 [color=#0000FF]
                    RenderInline {B} at (0,0) size 312x19
                      RenderText {#text} at (7,7) size 312x19
                        text run at (7,7) width 312: "table with header cells spanning multiple rows"
              RenderTableRow {TR} at (0,37) size 526x33
                RenderTableCell {TD} at (2,37) size 96x33 [r=1 c=0 rs=1 cs=1]
                  RenderInline {A} at (0,0) size 82x19 [color=#0000EE]
                    RenderText {#text} at (7,7) size 82x19
                      text run at (7,7) width 82: "Test Case #2"
                RenderTableCell {TD} at (100,37) size 424x33 [r=1 c=1 rs=1 cs=1]
                  RenderInline {FONT} at (0,0) size 295x19 [color=#0000FF]
                    RenderInline {B} at (0,0) size 295x19
                      RenderText {#text} at (7,7) size 295x19
                        text run at (7,7) width 295: "table with data cells spanning multiple rows"
              RenderTableRow {TR} at (0,72) size 526x33
                RenderTableCell {TD} at (2,72) size 96x33 [r=2 c=0 rs=1 cs=1]
                  RenderInline {A} at (0,0) size 82x19 [color=#0000EE]
                    RenderText {#text} at (7,7) size 82x19
                      text run at (7,7) width 82: "Test Case #3"
                RenderTableCell {TD} at (100,72) size 424x33 [r=2 c=1 rs=1 cs=1]
                  RenderInline {FONT} at (0,0) size 410x19 [color=#0000FF]
                    RenderInline {B} at (0,0) size 410x19
                      RenderText {#text} at (7,7) size 410x19
                        text run at (7,7) width 410: "table with nested header & data cells spanning multiple rows"
        RenderBlock {P} at (40,158) size 729x0
        RenderListItem {LI} at (40,158) size 729x19
          RenderListMarker at (-21,0) size 16x19: "2"
          RenderText {#text} at (0,0) size 283x19
            text run at (0,0) width 283: "Verify that the table is maintained when you "
          RenderInline {B} at (0,0) size 129x19
            RenderText {#text} at (283,0) size 129x19
              text run at (283,0) width 129: "minimize/maximize"
          RenderText {#text} at (412,0) size 71x19
            text run at (412,0) width 71: " the screen."
        RenderListItem {LI} at (40,177) size 729x19
          RenderListMarker at (-21,0) size 16x19: "3"
          RenderText {#text} at (0,0) size 283x19
            text run at (0,0) width 283: "Verify that the table is maintained when you "
          RenderInline {B} at (0,0) size 122x19
            RenderText {#text} at (283,0) size 122x19
              text run at (283,0) width 122: "re-size left & right"
          RenderText {#text} at (405,0) size 71x19
            text run at (405,0) width 71: " the screen."
        RenderListItem {LI} at (40,196) size 729x19
          RenderListMarker at (-21,0) size 16x19: "4"
          RenderText {#text} at (0,0) size 283x19
            text run at (0,0) width 283: "Verify that the table is maintained when you "
          RenderInline {B} at (0,0) size 138x19
            RenderText {#text} at (283,0) size 138x19
              text run at (283,0) width 138: "re-size top & bottom"
          RenderText {#text} at (421,0) size 71x19
            text run at (421,0) width 71: " the screen."
        RenderListItem {LI} at (40,215) size 729x19
          RenderListMarker at (-21,0) size 16x19: "5"
          RenderText {#text} at (0,0) size 407x19
            text run at (0,0) width 407: "Verify re-draw takes place correctly after maximizing the screen."
        RenderListItem {LI} at (40,234) size 729x19
          RenderListMarker at (-21,0) size 16x19: "6"
          RenderText {#text} at (0,0) size 131x19
            text run at (0,0) width 131: "Verify reload works."
      RenderBlock {HR} at (0,526) size 769x2 [border: (1px inset #000000)]
      RenderBlock {P} at (0,544) size 769x62
        RenderTable {TABLE} at (0,0) size 653x62 [bgcolor=#F08080] [border: (1px outset #808080)]
          RenderTableSection {TBODY} at (1,1) size 651x60
            RenderTableRow {TR} at (0,2) size 651x56
              RenderTableCell {TH} at (2,2) size 647x56 [border: (1px inset #808080)] [r=0 c=0 rs=1 cs=1]
                RenderInline {A} at (0,0) size 0x0
                RenderText {#text} at (11,11) size 95x19
                  text run at (11,11) width 95: "Test Case #1: "
                RenderInline {FONT} at (0,0) size 312x19 [color=#0000FF]
                  RenderText {#text} at (106,11) size 312x19
                    text run at (106,11) width 312: "table with header cells spanning multiple rows"
                RenderText {#text} at (418,11) size 4x19
                  text run at (418,11) width 4: " "
                RenderInline {FONT} at (0,0) size 625x31
                  RenderInline {I} at (0,0) size 625x31
                    RenderText {#text} at (422,14) size 625x31
                      text run at (422,14) width 214: "(using <TH ROWSPAN=integer value>"
                      text run at (11,30) width 22: "tag)"
                RenderText {#text} at (0,0) size 0x0
      RenderBlock {P} at (0,622) size 769x142
        RenderBlock (anonymous) at (0,0) size 769x19
          RenderBR {BR} at (0,0) size 0x19
        RenderTable {TABLE} at (0,19) size 692x123 [bgcolor=#FFD700] [border: (1px outset #808080)]
          RenderTableSection {TBODY} at (1,1) size 690x121
            RenderTableRow {TR} at (0,2) size 690x117
              RenderTableCell {TD} at (2,2) size 686x117 [border: (1px inset #808080)] [r=0 c=0 rs=1 cs=1]
                RenderInline {FONT} at (0,0) size 659x95 [color=#FF0000]
                  RenderInline {B} at (0,0) size 659x95
                    RenderText {#text} at (11,11) size 356x19
                      text run at (11,11) width 356: "In the following sample table you should see that the "
                    RenderInline {FONT} at (0,0) size 83x19 [color=#0000FF]
                      RenderText {#text} at (367,11) size 83x19
                        text run at (367,11) width 83: "ROWSPAN"
                    RenderText {#text} at (450,11) size 625x38
                      text run at (450,11) width 4: " "
                      text run at (454,11) width 182: "attribute applies an integer"
                      text run at (11,30) width 260: "value equal to the number of rows the "
                    RenderInline {FONT} at (0,0) size 70x19 [color=#0000FF]
                      RenderText {#text} at (271,30) size 70x19
                        text run at (271,30) width 70: "HEADER"
                    RenderText {#text} at (341,30) size 659x76
                      text run at (341,30) width 135: " cell is to span. This "
                      text run at (476,30) width 194: "tells the browser to make the"
                      text run at (11,49) width 637: "table header cell occupy the same vertical space as the integer number of cells specified in rows"
                      text run at (11,68) width 606: "above or below it. The browser flows the contents of the spanning cell to occupy the entire"
                      text run at (11,87) width 102: "spanned space."
      RenderBlock {P} at (0,780) size 769x38
        RenderBR {BR} at (0,0) size 0x19
        RenderBR {BR} at (0,19) size 0x19
      RenderBlock {UL} at (0,834) size 769x273
        RenderTable {TABLE} at (40,0) size 473x273 [border: (1px outset #808080)]
          RenderBlock {CAPTION} at (0,0) size 471x19
            RenderText {#text} at (96,0) size 41x19
              text run at (96,0) width 41: "Table "
            RenderInline {B} at (0,0) size 88x19
              RenderText {#text} at (136,0) size 88x19
                text run at (136,0) width 88: "Header Cells"
            RenderText {#text} at (223,0) size 152x19
              text run at (223,0) width 152: " spanning multiple rows"
          RenderTableSection {TBODY} at (1,20) size 471x252
            RenderTableRow {TR} at (0,2) size 471x23
              RenderTableCell {TH} at (2,5) size 99x42 [bgcolor=#FFE4C4] [border: (1px inset #808080)] [r=0 c=0 rs=2 cs=1]
                RenderText {#text} at (18,2) size 63x19
                  text run at (18,2) width 63: "Header 1"
                RenderBR {BR} at (80,17) size 1x0
                RenderText {#text} at (6,21) size 87x19
                  text run at (6,21) width 87: "span=2 rows"
              RenderTableCell {TD} at (103,2) size 38x23 [bgcolor=#EE82EE] [border: (1px inset #808080)] [r=0 c=1 rs=1 cs=1]
                RenderText {#text} at (2,2) size 31x19
                  text run at (2,2) width 31: "col 1"
              RenderTableCell {TD} at (143,2) size 39x23 [bgcolor=#EE82EE] [border: (1px inset #808080)] [r=0 c=2 rs=1 cs=1]
                RenderText {#text} at (2,2) size 31x19
                  text run at (2,2) width 31: "col 2"
              RenderTableCell {TD} at (184,2) size 39x23 [bgcolor=#EE82EE] [border: (1px inset #808080)] [r=0 c=3 rs=1 cs=1]
                RenderText {#text} at (2,2) size 31x19
                  text run at (2,2) width 31: "col 3"
              RenderTableCell {TD} at (225,2) size 39x23 [bgcolor=#EE82EE] [border: (1px inset #808080)] [r=0 c=4 rs=1 cs=1]
                RenderText {#text} at (2,2) size 31x19
                  text run at (2,2) width 31: "col 4"
              RenderTableCell {TD} at (266,2) size 39x23 [bgcolor=#EE82EE] [border: (1px inset #808080)] [r=0 c=5 rs=1 cs=1]
                RenderText {#text} at (2,2) size 31x19
                  text run at (2,2) width 31: "col 5"
              RenderTableCell {TD} at (307,2) size 39x23 [bgcolor=#EE82EE] [border: (1px inset #808080)] [r=0 c=6 rs=1 cs=1]
                RenderText {#text} at (2,2) size 31x19
                  text run at (2,2) width 31: "col 6"
              RenderTableCell {TD} at (348,2) size 39x23 [bgcolor=#EE82EE] [border: (1px inset #808080)] [r=0 c=7 rs=1 cs=1]
                RenderText {#text} at (2,2) size 31x19
                  text run at (2,2) width 31: "col 7"
              RenderTableCell {TD} at (389,2) size 39x23 [bgcolor=#EE82EE] [border: (1px inset #808080)] [r=0 c=8 rs=1 cs=1]
                RenderText {#text} at (2,2) size 31x19
                  text run at (2,2) width 31: "col 8"
              RenderTableCell {TD} at (430,2) size 39x23 [bgcolor=#EE82EE] [border: (1px inset #808080)] [r=0 c=9 rs=1 cs=1]
                RenderText {#text} at (2,2) size 31x19
                  text run at (2,2) width 31: "col 9"
            RenderTableRow {TR} at (0,27) size 471x23
              RenderTableCell {TD} at (103,27) size 38x23 [bgcolor=#EE82EE] [border: (1px inset #808080)] [r=1 c=1 rs=1 cs=1]
                RenderText {#text} at (2,2) size 31x19
                  text run at (2,2) width 31: "col 1"
              RenderTableCell {TD} at (143,27) size 39x23 [bgcolor=#EE82EE] [border: (1px inset #808080)] [r=1 c=2 rs=1 cs=1]
                RenderText {#text} at (2,2) size 31x19
                  text run at (2,2) width 31: "col 2"
              RenderTableCell {TD} at (184,27) size 39x23 [bgcolor=#EE82EE] [border: (1px inset #808080)] [r=1 c=3 rs=1 cs=1]
                RenderText {#text} at (2,2) size 31x19
                  text run at (2,2) width 31: "col 3"
              RenderTableCell {TD} at (225,27) size 39x23 [bgcolor=#EE82EE] [border: (1px inset #808080)] [r=1 c=4 rs=1 cs=1]
                RenderText {#text} at (2,2) size 31x19
                  text run at (2,2) width 31: "col 4"
              RenderTableCell {TD} at (266,27) size 39x23 [bgcolor=#EE82EE] [border: (1px inset #808080)] [r=1 c=5 rs=1 cs=1]
                RenderText {#text} at (2,2) size 31x19
                  text run at (2,2) width 31: "col 5"
              RenderTableCell {TD} at (307,27) size 39x23 [bgcolor=#EE82EE] [border: (1px inset #808080)] [r=1 c=6 rs=1 cs=1]
                RenderText {#text} at (2,2) size 31x19
                  text run at (2,2) width 31: "col 6"
              RenderTableCell {TD} at (348,27) size 39x23 [bgcolor=#EE82EE] [border: (1px inset #808080)] [r=1 c=7 rs=1 cs=1]
                RenderText {#text} at (2,2) size 31x19
                  text run at (2,2) width 31: "col 7"
              RenderTableCell {TD} at (389,27) size 39x23 [bgcolor=#EE82EE] [border: (1px inset #808080)] [r=1 c=8 rs=1 cs=1]
                RenderText {#text} at (2,2) size 31x19
                  text run at (2,2) width 31: "col 8"
              RenderTableCell {TD} at (430,27) size 39x23 [bgcolor=#EE82EE] [border: (1px inset #808080)] [r=1 c=9 rs=1 cs=1]
                RenderText {#text} at (2,2) size 31x19
                  text run at (2,2) width 31: "col 9"
            RenderTableRow {TR} at (0,52) size 471x23
              RenderTableCell {TH} at (2,92) size 99x42 [bgcolor=#FFE4C4] [border: (1px inset #808080)] [r=2 c=0 rs=5 cs=1]
                RenderText {#text} at (18,2) size 63x19
                  text run at (18,2) width 63: "Header 2"
                RenderBR {BR} at (80,17) size 1x0
                RenderText {#text} at (6,21) size 87x19
                  text run at (6,21) width 87: "span=5 rows"
              RenderTableCell {TD} at (103,52) size 38x23 [bgcolor=#90EE90] [border: (1px inset #808080)] [r=2 c=1 rs=1 cs=1]
                RenderText {#text} at (2,2) size 31x19
                  text run at (2,2) width 31: "col 1"
              RenderTableCell {TD} at (143,52) size 39x23 [bgcolor=#90EE90] [border: (1px inset #808080)] [r=2 c=2 rs=1 cs=1]
                RenderText {#text} at (2,2) size 31x19
                  text run at (2,2) width 31: "col 2"
              RenderTableCell {TD} at (184,52) size 39x23 [bgcolor=#90EE90] [border: (1px inset #808080)] [r=2 c=3 rs=1 cs=1]
                RenderText {#text} at (2,2) size 31x19
                  text run at (2,2) width 31: "col 3"
              RenderTableCell {TD} at (225,52) size 39x23 [bgcolor=#90EE90] [border: (1px inset #808080)] [r=2 c=4 rs=1 cs=1]
                RenderText {#text} at (2,2) size 31x19
                  text run at (2,2) width 31: "col 4"
              RenderTableCell {TD} at (266,52) size 39x23 [bgcolor=#90EE90] [border: (1px inset #808080)] [r=2 c=5 rs=1 cs=1]
                RenderText {#text} at (2,2) size 31x19
                  text run at (2,2) width 31: "col 5"
              RenderTableCell {TD} at (307,52) size 39x23 [bgcolor=#90EE90] [border: (1px inset #808080)] [r=2 c=6 rs=1 cs=1]
                RenderText {#text} at (2,2) size 31x19
                  text run at (2,2) width 31: "col 6"
              RenderTableCell {TD} at (348,52) size 39x23 [bgcolor=#90EE90] [border: (1px inset #808080)] [r=2 c=7 rs=1 cs=1]
                RenderText {#text} at (2,2) size 31x19
                  text run at (2,2) width 31: "col 7"
              RenderTableCell {TD} at (389,52) size 39x23 [bgcolor=#90EE90] [border: (1px inset #808080)] [r=2 c=8 rs=1 cs=1]
                RenderText {#text} at (2,2) size 31x19
                  text run at (2,2) width 31: "col 8"
              RenderTableCell {TD} at (430,52) size 39x23 [bgcolor=#90EE90] [border: (1px inset #808080)] [r=2 c=9 rs=1 cs=1]
                RenderText {#text} at (2,2) size 31x19
                  text run at (2,2) width 31: "col 9"
            RenderTableRow {TR} at (0,77) size 471x23
              RenderTableCell {TD} at (103,77) size 38x23 [bgcolor=#90EE90] [border: (1px inset #808080)] [r=3 c=1 rs=1 cs=1]
                RenderText {#text} at (2,2) size 31x19
                  text run at (2,2) width 31: "col 1"
              RenderTableCell {TD} at (143,77) size 39x23 [bgcolor=#90EE90] [border: (1px inset #808080)] [r=3 c=2 rs=1 cs=1]
                RenderText {#text} at (2,2) size 31x19
                  text run at (2,2) width 31: "col 2"
              RenderTableCell {TD} at (184,77) size 39x23 [bgcolor=#90EE90] [border: (1px inset #808080)] [r=3 c=3 rs=1 cs=1]
                RenderText {#text} at (2,2) size 31x19
                  text run at (2,2) width 31: "col 3"
              RenderTableCell {TD} at (225,77) size 39x23 [bgcolor=#90EE90] [border: (1px inset #808080)] [r=3 c=4 rs=1 cs=1]
                RenderText {#text} at (2,2) size 31x19
                  text run at (2,2) width 31: "col 4"
              RenderTableCell {TD} at (266,77) size 39x23 [bgcolor=#90EE90] [border: (1px inset #808080)] [r=3 c=5 rs=1 cs=1]
                RenderText {#text} at (2,2) size 31x19
                  text run at (2,2) width 31: "col 5"
              RenderTableCell {TD} at (307,77) size 39x23 [bgcolor=#90EE90] [border: (1px inset #808080)] [r=3 c=6 rs=1 cs=1]
                RenderText {#text} at (2,2) size 31x19
                  text run at (2,2) width 31: "col 6"
              RenderTableCell {TD} at (348,77) size 39x23 [bgcolor=#90EE90] [border: (1px inset #808080)] [r=3 c=7 rs=1 cs=1]
                RenderText {#text} at (2,2) size 31x19
                  text run at (2,2) width 31: "col 7"
              RenderTableCell {TD} at (389,77) size 39x23 [bgcolor=#90EE90] [border: (1px inset #808080)] [r=3 c=8 rs=1 cs=1]
                RenderText {#text} at (2,2) size 31x19
                  text run at (2,2) width 31: "col 8"
              RenderTableCell {TD} at (430,77) size 39x23 [bgcolor=#90EE90] [border: (1px inset #808080)] [r=3 c=9 rs=1 cs=1]
                RenderText {#text} at (2,2) size 31x19
                  text run at (2,2) width 31: "col 9"
            RenderTableRow {TR} at (0,102) size 471x23 [bgcolor=#FFE4C4]
              RenderTableCell {TD} at (103,102) size 38x23 [bgcolor=#90EE90] [border: (1px inset #808080)] [r=4 c=1 rs=1 cs=1]
                RenderText {#text} at (2,2) size 31x19
                  text run at (2,2) width 31: "col 1"
              RenderTableCell {TD} at (143,102) size 39x23 [bgcolor=#90EE90] [border: (1px inset #808080)] [r=4 c=2 rs=1 cs=1]
                RenderText {#text} at (2,2) size 31x19
                  text run at (2,2) width 31: "col 2"
              RenderTableCell {TD} at (184,102) size 39x23 [bgcolor=#90EE90] [border: (1px inset #808080)] [r=4 c=3 rs=1 cs=1]
                RenderText {#text} at (2,2) size 31x19
                  text run at (2,2) width 31: "col 3"
              RenderTableCell {TD} at (225,102) size 39x23 [bgcolor=#90EE90] [border: (1px inset #808080)] [r=4 c=4 rs=1 cs=1]
                RenderText {#text} at (2,2) size 31x19
                  text run at (2,2) width 31: "col 4"
              RenderTableCell {TD} at (266,102) size 39x23 [bgcolor=#90EE90] [border: (1px inset #808080)] [r=4 c=5 rs=1 cs=1]
                RenderText {#text} at (2,2) size 31x19
                  text run at (2,2) width 31: "col 5"
              RenderTableCell {TD} at (307,102) size 39x23 [bgcolor=#90EE90] [border: (1px inset #808080)] [r=4 c=6 rs=1 cs=1]
                RenderText {#text} at (2,2) size 31x19
                  text run at (2,2) width 31: "col 6"
              RenderTableCell {TD} at (348,102) size 39x23 [bgcolor=#90EE90] [border: (1px inset #808080)] [r=4 c=7 rs=1 cs=1]
                RenderText {#text} at (2,2) size 31x19
                  text run at (2,2) width 31: "col 7"
              RenderTableCell {TD} at (389,102) size 39x23 [bgcolor=#90EE90] [border: (1px inset #808080)] [r=4 c=8 rs=1 cs=1]
                RenderText {#text} at (2,2) size 31x19
                  text run at (2,2) width 31: "col 8"
              RenderTableCell {TD} at (430,102) size 39x23 [bgcolor=#90EE90] [border: (1px inset #808080)] [r=4 c=9 rs=1 cs=1]
                RenderText {#text} at (2,2) size 31x19
                  text run at (2,2) width 31: "col 9"
            RenderTableRow {TR} at (0,127) size 471x23
              RenderTableCell {TD} at (103,127) size 38x23 [bgcolor=#90EE90] [border: (1px inset #808080)] [r=5 c=1 rs=1 cs=1]
                RenderText {#text} at (2,2) size 31x19
                  text run at (2,2) width 31: "col 1"
              RenderTableCell {TD} at (143,127) size 39x23 [bgcolor=#90EE90] [border: (1px inset #808080)] [r=5 c=2 rs=1 cs=1]
                RenderText {#text} at (2,2) size 31x19
                  text run at (2,2) width 31: "col 2"
              RenderTableCell {TD} at (184,127) size 39x23 [bgcolor=#90EE90] [border: (1px inset #808080)] [r=5 c=3 rs=1 cs=1]
                RenderText {#text} at (2,2) size 31x19
                  text run at (2,2) width 31: "col 3"
              RenderTableCell {TD} at (225,127) size 39x23 [bgcolor=#90EE90] [border: (1px inset #808080)] [r=5 c=4 rs=1 cs=1]
                RenderText {#text} at (2,2) size 31x19
                  text run at (2,2) width 31: "col 4"
              RenderTableCell {TD} at (266,127) size 39x23 [bgcolor=#90EE90] [border: (1px inset #808080)] [r=5 c=5 rs=1 cs=1]
                RenderText {#text} at (2,2) size 31x19
                  text run at (2,2) width 31: "col 5"
              RenderTableCell {TD} at (307,127) size 39x23 [bgcolor=#90EE90] [border: (1px inset #808080)] [r=5 c=6 rs=1 cs=1]
                RenderText {#text} at (2,2) size 31x19
                  text run at (2,2) width 31: "col 6"
              RenderTableCell {TD} at (348,127) size 39x23 [bgcolor=#90EE90] [border: (1px inset #808080)] [r=5 c=7 rs=1 cs=1]
                RenderText {#text} at (2,2) size 31x19
                  text run at (2,2) width 31: "col 7"
              RenderTableCell {TD} at (389,127) size 39x23 [bgcolor=#90EE90] [border: (1px inset #808080)] [r=5 c=8 rs=1 cs=1]
                RenderText {#text} at (2,2) size 31x19
                  text run at (2,2) width 31: "col 8"
              RenderTableCell {TD} at (430,127) size 39x23 [bgcolor=#90EE90] [border: (1px inset #808080)] [r=5 c=9 rs=1 cs=1]
                RenderText {#text} at (2,2) size 31x19
                  text run at (2,2) width 31: "col 9"
            RenderTableRow {TR} at (0,152) size 471x23
              RenderTableCell {TD} at (103,152) size 38x23 [bgcolor=#90EE90] [border: (1px inset #808080)] [r=6 c=1 rs=1 cs=1]
                RenderText {#text} at (2,2) size 31x19
                  text run at (2,2) width 31: "col 1"
              RenderTableCell {TD} at (143,152) size 39x23 [bgcolor=#90EE90] [border: (1px inset #808080)] [r=6 c=2 rs=1 cs=1]
                RenderText {#text} at (2,2) size 31x19
                  text run at (2,2) width 31: "col 2"
              RenderTableCell {TD} at (184,152) size 39x23 [bgcolor=#90EE90] [border: (1px inset #808080)] [r=6 c=3 rs=1 cs=1]
                RenderText {#text} at (2,2) size 31x19
                  text run at (2,2) width 31: "col 3"
              RenderTableCell {TD} at (225,152) size 39x23 [bgcolor=#90EE90] [border: (1px inset #808080)] [r=6 c=4 rs=1 cs=1]
                RenderText {#text} at (2,2) size 31x19
                  text run at (2,2) width 31: "col 4"
              RenderTableCell {TD} at (266,152) size 39x23 [bgcolor=#90EE90] [border: (1px inset #808080)] [r=6 c=5 rs=1 cs=1]
                RenderText {#text} at (2,2) size 31x19
                  text run at (2,2) width 31: "col 5"
              RenderTableCell {TD} at (307,152) size 39x23 [bgcolor=#90EE90] [border: (1px inset #808080)] [r=6 c=6 rs=1 cs=1]
                RenderText {#text} at (2,2) size 31x19
                  text run at (2,2) width 31: "col 6"
              RenderTableCell {TD} at (348,152) size 39x23 [bgcolor=#90EE90] [border: (1px inset #808080)] [r=6 c=7 rs=1 cs=1]
                RenderText {#text} at (2,2) size 31x19
                  text run at (2,2) width 31: "col 7"
              RenderTableCell {TD} at (389,152) size 39x23 [bgcolor=#90EE90] [border: (1px inset #808080)] [r=6 c=8 rs=1 cs=1]
                RenderText {#text} at (2,2) size 31x19
                  text run at (2,2) width 31: "col 8"
              RenderTableCell {TD} at (430,152) size 39x23 [bgcolor=#90EE90] [border: (1px inset #808080)] [r=6 c=9 rs=1 cs=1]
                RenderText {#text} at (2,2) size 31x19
                  text run at (2,2) width 31: "col 9"
            RenderTableRow {TR} at (0,177) size 471x23
              RenderTableCell {TH} at (2,192) size 99x42 [bgcolor=#FFE4C4] [border: (1px inset #808080)] [r=7 c=0 rs=3 cs=1]
                RenderText {#text} at (18,2) size 63x19
                  text run at (18,2) width 63: "Header 3"
                RenderBR {BR} at (80,17) size 1x0
                RenderText {#text} at (6,21) size 87x19
                  text run at (6,21) width 87: "span=3 rows"
              RenderTableCell {TD} at (103,177) size 38x23 [bgcolor=#ADD8E6] [border: (1px inset #808080)] [r=7 c=1 rs=1 cs=1]
                RenderText {#text} at (2,2) size 31x19
                  text run at (2,2) width 31: "col 1"
              RenderTableCell {TD} at (143,177) size 39x23 [bgcolor=#ADD8E6] [border: (1px inset #808080)] [r=7 c=2 rs=1 cs=1]
                RenderText {#text} at (2,2) size 31x19
                  text run at (2,2) width 31: "col 2"
              RenderTableCell {TD} at (184,177) size 39x23 [bgcolor=#ADD8E6] [border: (1px inset #808080)] [r=7 c=3 rs=1 cs=1]
                RenderText {#text} at (2,2) size 31x19
                  text run at (2,2) width 31: "col 3"
              RenderTableCell {TD} at (225,177) size 39x23 [bgcolor=#ADD8E6] [border: (1px inset #808080)] [r=7 c=4 rs=1 cs=1]
                RenderText {#text} at (2,2) size 31x19
                  text run at (2,2) width 31: "col 4"
              RenderTableCell {TD} at (266,177) size 39x23 [bgcolor=#ADD8E6] [border: (1px inset #808080)] [r=7 c=5 rs=1 cs=1]
                RenderText {#text} at (2,2) size 31x19
                  text run at (2,2) width 31: "col 5"
              RenderTableCell {TD} at (307,177) size 39x23 [bgcolor=#ADD8E6] [border: (1px inset #808080)] [r=7 c=6 rs=1 cs=1]
                RenderText {#text} at (2,2) size 31x19
                  text run at (2,2) width 31: "col 6"
              RenderTableCell {TD} at (348,177) size 39x23 [bgcolor=#ADD8E6] [border: (1px inset #808080)] [r=7 c=7 rs=1 cs=1]
                RenderText {#text} at (2,2) size 31x19
                  text run at (2,2) width 31: "col 7"
              RenderTableCell {TD} at (389,177) size 39x23 [bgcolor=#ADD8E6] [border: (1px inset #808080)] [r=7 c=8 rs=1 cs=1]
                RenderText {#text} at (2,2) size 31x19
                  text run at (2,2) width 31: "col 8"
              RenderTableCell {TD} at (430,177) size 39x23 [bgcolor=#ADD8E6] [border: (1px inset #808080)] [r=7 c=9 rs=1 cs=1]
                RenderText {#text} at (2,2) size 31x19
                  text run at (2,2) width 31: "col 9"
            RenderTableRow {TR} at (0,202) size 471x23
              RenderTableCell {TD} at (103,202) size 38x23 [bgcolor=#ADD8E6] [border: (1px inset #808080)] [r=8 c=1 rs=1 cs=1]
                RenderText {#text} at (2,2) size 31x19
                  text run at (2,2) width 31: "col 1"
              RenderTableCell {TD} at (143,202) size 39x23 [bgcolor=#ADD8E6] [border: (1px inset #808080)] [r=8 c=2 rs=1 cs=1]
                RenderText {#text} at (2,2) size 31x19
                  text run at (2,2) width 31: "col 2"
              RenderTableCell {TD} at (184,202) size 39x23 [bgcolor=#ADD8E6] [border: (1px inset #808080)] [r=8 c=3 rs=1 cs=1]
                RenderText {#text} at (2,2) size 31x19
                  text run at (2,2) width 31: "col 3"
              RenderTableCell {TD} at (225,202) size 39x23 [bgcolor=#ADD8E6] [border: (1px inset #808080)] [r=8 c=4 rs=1 cs=1]
                RenderText {#text} at (2,2) size 31x19
                  text run at (2,2) width 31: "col 4"
              RenderTableCell {TD} at (266,202) size 39x23 [bgcolor=#ADD8E6] [border: (1px inset #808080)] [r=8 c=5 rs=1 cs=1]
                RenderText {#text} at (2,2) size 31x19
                  text run at (2,2) width 31: "col 5"
              RenderTableCell {TD} at (307,202) size 39x23 [bgcolor=#ADD8E6] [border: (1px inset #808080)] [r=8 c=6 rs=1 cs=1]
                RenderText {#text} at (2,2) size 31x19
                  text run at (2,2) width 31: "col 6"
              RenderTableCell {TD} at (348,202) size 39x23 [bgcolor=#ADD8E6] [border: (1px inset #808080)] [r=8 c=7 rs=1 cs=1]
                RenderText {#text} at (2,2) size 31x19
                  text run at (2,2) width 31: "col 7"
              RenderTableCell {TD} at (389,202) size 39x23 [bgcolor=#ADD8E6] [border: (1px inset #808080)] [r=8 c=8 rs=1 cs=1]
                RenderText {#text} at (2,2) size 31x19
                  text run at (2,2) width 31: "col 8"
              RenderTableCell {TD} at (430,202) size 39x23 [bgcolor=#ADD8E6] [border: (1px inset #808080)] [r=8 c=9 rs=1 cs=1]
                RenderText {#text} at (2,2) size 31x19
                  text run at (2,2) width 31: "col 9"
            RenderTableRow {TR} at (0,227) size 471x23
              RenderTableCell {TD} at (103,227) size 38x23 [bgcolor=#ADD8E6] [border: (1px inset #808080)] [r=9 c=1 rs=1 cs=1]
                RenderText {#text} at (2,2) size 31x19
                  text run at (2,2) width 31: "col 1"
              RenderTableCell {TD} at (143,227) size 39x23 [bgcolor=#ADD8E6] [border: (1px inset #808080)] [r=9 c=2 rs=1 cs=1]
                RenderText {#text} at (2,2) size 31x19
                  text run at (2,2) width 31: "col 2"
              RenderTableCell {TD} at (184,227) size 39x23 [bgcolor=#ADD8E6] [border: (1px inset #808080)] [r=9 c=3 rs=1 cs=1]
                RenderText {#text} at (2,2) size 31x19
                  text run at (2,2) width 31: "col 3"
              RenderTableCell {TD} at (225,227) size 39x23 [bgcolor=#ADD8E6] [border: (1px inset #808080)] [r=9 c=4 rs=1 cs=1]
                RenderText {#text} at (2,2) size 31x19
                  text run at (2,2) width 31: "col 4"
              RenderTableCell {TD} at (266,227) size 39x23 [bgcolor=#ADD8E6] [border: (1px inset #808080)] [r=9 c=5 rs=1 cs=1]
                RenderText {#text} at (2,2) size 31x19
                  text run at (2,2) width 31: "col 5"
              RenderTableCell {TD} at (307,227) size 39x23 [bgcolor=#ADD8E6] [border: (1px inset #808080)] [r=9 c=6 rs=1 cs=1]
                RenderText {#text} at (2,2) size 31x19
                  text run at (2,2) width 31: "col 6"
              RenderTableCell {TD} at (348,227) size 39x23 [bgcolor=#ADD8E6] [border: (1px inset #808080)] [r=9 c=7 rs=1 cs=1]
                RenderText {#text} at (2,2) size 31x19
                  text run at (2,2) width 31: "col 7"
              RenderTableCell {TD} at (389,227) size 39x23 [bgcolor=#ADD8E6] [border: (1px inset #808080)] [r=9 c=8 rs=1 cs=1]
                RenderText {#text} at (2,2) size 31x19
                  text run at (2,2) width 31: "col 8"
              RenderTableCell {TD} at (430,227) size 39x23 [bgcolor=#ADD8E6] [border: (1px inset #808080)] [r=9 c=9 rs=1 cs=1]
                RenderText {#text} at (2,2) size 31x19
                  text run at (2,2) width 31: "col 9"
      RenderBlock {P} at (0,1123) size 769x0
      RenderBlock {HR} at (0,1123) size 769x2 [border: (1px inset #000000)]
      RenderBlock {P} at (0,1141) size 769x62
        RenderTable {TABLE} at (0,0) size 653x62 [bgcolor=#F08080] [border: (1px outset #808080)]
          RenderTableSection {TBODY} at (1,1) size 651x60
            RenderTableRow {TR} at (0,2) size 651x56
              RenderTableCell {TH} at (2,2) size 647x56 [border: (1px inset #808080)] [r=0 c=0 rs=1 cs=1]
                RenderInline {A} at (0,0) size 0x0
                RenderText {#text} at (11,11) size 95x19
                  text run at (11,11) width 95: "Test Case #2: "
                RenderInline {FONT} at (0,0) size 295x19 [color=#0000FF]
                  RenderText {#text} at (106,11) size 295x19
                    text run at (106,11) width 295: "table with data cells spanning multiple rows"
                RenderText {#text} at (401,11) size 4x19
                  text run at (401,11) width 4: " "
                RenderInline {FONT} at (0,0) size 607x31
                  RenderInline {I} at (0,0) size 607x31
                    RenderText {#text} at (405,14) size 607x31
                      text run at (405,14) width 213: "(using <TD ROWSPAN=integer value>"
                      text run at (11,30) width 22: "tag)"
                RenderText {#text} at (0,0) size 0x0
      RenderBlock {P} at (0,1219) size 769x142
        RenderBlock (anonymous) at (0,0) size 769x19
          RenderBR {BR} at (0,0) size 0x19
        RenderTable {TABLE} at (0,19) size 692x123 [bgcolor=#FFD700] [border: (1px outset #808080)]
          RenderTableSection {TBODY} at (1,1) size 690x121
            RenderTableRow {TR} at (0,2) size 690x117
              RenderTableCell {TD} at (2,2) size 686x117 [border: (1px inset #808080)] [r=0 c=0 rs=1 cs=1]
                RenderInline {FONT} at (0,0) size 664x95 [color=#FF0000]
                  RenderInline {B} at (0,0) size 664x95
                    RenderText {#text} at (11,11) size 356x19
                      text run at (11,11) width 356: "In the following sample table you should see that the "
                    RenderInline {FONT} at (0,0) size 83x19 [color=#0000FF]
                      RenderText {#text} at (367,11) size 83x19
                        text run at (367,11) width 83: "ROWSPAN"
                    RenderText {#text} at (450,11) size 625x38
                      text run at (450,11) width 4: " "
                      text run at (454,11) width 182: "attribute applies an integer"
                      text run at (11,30) width 260: "value equal to the number of rows the "
                    RenderInline {FONT} at (0,0) size 47x19 [color=#0000FF]
                      RenderText {#text} at (271,30) size 47x19
                        text run at (271,30) width 47: "DATA"
                    RenderText {#text} at (318,30) size 664x76
                      text run at (318,30) width 135: " cell is to span. This "
                      text run at (453,30) width 194: "tells the browser to make the"
                      text run at (11,49) width 624: "table data cell occupy the same vertical space as the integer number of cells specified in rows "
                      text run at (635,49) width 40: "above"
                      text run at (11,68) width 623: "or below it. The browser flows the contents of the spanning cell to occupy the entire spanned"
                      text run at (11,87) width 41: "space."
      RenderBlock {P} at (0,1377) size 769x38
        RenderBR {BR} at (0,0) size 0x19
        RenderBR {BR} at (0,19) size 0x19
      RenderBlock {UL} at (0,1431) size 769x273
        RenderTable {TABLE} at (40,0) size 473x273 [border: (1px outset #808080)]
          RenderBlock {CAPTION} at (0,0) size 471x19
            RenderText {#text} at (105,0) size 40x19
              text run at (105,0) width 40: "Table "
            RenderInline {B} at (0,0) size 70x19
              RenderText {#text} at (145,0) size 70x19
                text run at (145,0) width 70: "Data Cells"
            RenderText {#text} at (215,0) size 151x19
              text run at (215,0) width 151: " spanning multiple rows"
          RenderTableSection {TBODY} at (1,20) size 471x252
            RenderTableRow {TR} at (0,2) size 471x23
              RenderTableCell {TH} at (2,2) size 40x23 [bgcolor=#EE82EE] [border: (1px inset #808080)] [r=0 c=0 rs=1 cs=1]
                RenderText {#text} at (2,2) size 36x19
                  text run at (2,2) width 36: "Head"
              RenderTableCell {TD} at (44,5) size 86x42 [bgcolor=#FFFACD] [border: (1px inset #808080)] [r=0 c=1 rs=2 cs=1]
                RenderText {#text} at (2,2) size 42x19
                  text run at (2,2) width 42: "Data 1"
                RenderBR {BR} at (44,17) size 0x0
                RenderText {#text} at (2,21) size 81x19
                  text run at (2,21) width 81: "span=2 rows"
              RenderTableCell {TD} at (132,2) size 35x23 [bgcolor=#EE82EE] [border: (1px inset #808080)] [r=0 c=2 rs=1 cs=1]
                RenderText {#text} at (2,2) size 31x19
                  text run at (2,2) width 31: "col 1"
              RenderTableCell {TD} at (169,2) size 35x23 [bgcolor=#EE82EE] [border: (1px inset #808080)] [r=0 c=3 rs=1 cs=1]
                RenderText {#text} at (2,2) size 31x19
                  text run at (2,2) width 31: "col 2"
              RenderTableCell {TD} at (206,2) size 35x23 [bgcolor=#EE82EE] [border: (1px inset #808080)] [r=0 c=4 rs=1 cs=1]
                RenderText {#text} at (2,2) size 31x19
                  text run at (2,2) width 31: "col 3"
              RenderTableCell {TD} at (243,2) size 36x23 [bgcolor=#EE82EE] [border: (1px inset #808080)] [r=0 c=5 rs=1 cs=1]
                RenderText {#text} at (2,2) size 31x19
                  text run at (2,2) width 31: "col 4"
              RenderTableCell {TD} at (281,2) size 36x23 [bgcolor=#EE82EE] [border: (1px inset #808080)] [r=0 c=6 rs=1 cs=1]
                RenderText {#text} at (2,2) size 31x19
                  text run at (2,2) width 31: "col 5"
              RenderTableCell {TD} at (319,2) size 36x23 [bgcolor=#EE82EE] [border: (1px inset #808080)] [r=0 c=7 rs=1 cs=1]
                RenderText {#text} at (2,2) size 31x19
                  text run at (2,2) width 31: "col 6"
              RenderTableCell {TD} at (357,2) size 36x23 [bgcolor=#EE82EE] [border: (1px inset #808080)] [r=0 c=8 rs=1 cs=1]
                RenderText {#text} at (2,2) size 31x19
                  text run at (2,2) width 31: "col 7"
              RenderTableCell {TD} at (395,2) size 36x23 [bgcolor=#EE82EE] [border: (1px inset #808080)] [r=0 c=9 rs=1 cs=1]
                RenderText {#text} at (2,2) size 31x19
                  text run at (2,2) width 31: "col 8"
              RenderTableCell {TD} at (433,2) size 36x23 [bgcolor=#EE82EE] [border: (1px inset #808080)] [r=0 c=10 rs=1 cs=1]
                RenderText {#text} at (2,2) size 31x19
                  text run at (2,2) width 31: "col 9"
            RenderTableRow {TR} at (0,27) size 471x23
              RenderTableCell {TH} at (2,27) size 40x23 [bgcolor=#EE82EE] [border: (1px inset #808080)] [r=1 c=0 rs=1 cs=1]
                RenderText {#text} at (2,2) size 36x19
                  text run at (2,2) width 36: "Head"
              RenderTableCell {TD} at (132,27) size 35x23 [bgcolor=#EE82EE] [border: (1px inset #808080)] [r=1 c=2 rs=1 cs=1]
                RenderText {#text} at (2,2) size 31x19
                  text run at (2,2) width 31: "col 1"
              RenderTableCell {TD} at (169,27) size 35x23 [bgcolor=#EE82EE] [border: (1px inset #808080)] [r=1 c=3 rs=1 cs=1]
                RenderText {#text} at (2,2) size 31x19
                  text run at (2,2) width 31: "col 2"
              RenderTableCell {TD} at (206,27) size 35x23 [bgcolor=#EE82EE] [border: (1px inset #808080)] [r=1 c=4 rs=1 cs=1]
                RenderText {#text} at (2,2) size 31x19
                  text run at (2,2) width 31: "col 3"
              RenderTableCell {TD} at (243,27) size 36x23 [bgcolor=#EE82EE] [border: (1px inset #808080)] [r=1 c=5 rs=1 cs=1]
                RenderText {#text} at (2,2) size 31x19
                  text run at (2,2) width 31: "col 4"
              RenderTableCell {TD} at (281,27) size 36x23 [bgcolor=#EE82EE] [border: (1px inset #808080)] [r=1 c=6 rs=1 cs=1]
                RenderText {#text} at (2,2) size 31x19
                  text run at (2,2) width 31: "col 5"
              RenderTableCell {TD} at (319,27) size 36x23 [bgcolor=#EE82EE] [border: (1px inset #808080)] [r=1 c=7 rs=1 cs=1]
                RenderText {#text} at (2,2) size 31x19
                  text run at (2,2) width 31: "col 6"
              RenderTableCell {TD} at (357,27) size 36x23 [bgcolor=#EE82EE] [border: (1px inset #808080)] [r=1 c=8 rs=1 cs=1]
                RenderText {#text} at (2,2) size 31x19
                  text run at (2,2) width 31: "col 7"
              RenderTableCell {TD} at (395,27) size 36x23 [bgcolor=#EE82EE] [border: (1px inset #808080)] [r=1 c=9 rs=1 cs=1]
                RenderText {#text} at (2,2) size 31x19
                  text run at (2,2) width 31: "col 8"
              RenderTableCell {TD} at (433,27) size 36x23 [bgcolor=#EE82EE] [border: (1px inset #808080)] [r=1 c=10 rs=1 cs=1]
                RenderText {#text} at (2,2) size 31x19
                  text run at (2,2) width 31: "col 9"
            RenderTableRow {TR} at (0,52) size 471x23
              RenderTableCell {TH} at (2,52) size 40x23 [bgcolor=#90EE90] [border: (1px inset #808080)] [r=2 c=0 rs=1 cs=1]
                RenderText {#text} at (2,2) size 36x19
                  text run at (2,2) width 36: "Head"
              RenderTableCell {TD} at (44,92) size 86x42 [bgcolor=#FFFACD] [border: (1px inset #808080)] [r=2 c=1 rs=5 cs=1]
                RenderText {#text} at (2,2) size 42x19
                  text run at (2,2) width 42: "Data 2"
                RenderBR {BR} at (44,17) size 0x0
                RenderText {#text} at (2,21) size 81x19
                  text run at (2,21) width 81: "span=5 rows"
              RenderTableCell {TD} at (132,52) size 35x23 [bgcolor=#90EE90] [border: (1px inset #808080)] [r=2 c=2 rs=1 cs=1]
                RenderText {#text} at (2,2) size 31x19
                  text run at (2,2) width 31: "col 1"
              RenderTableCell {TD} at (169,52) size 35x23 [bgcolor=#90EE90] [border: (1px inset #808080)] [r=2 c=3 rs=1 cs=1]
                RenderText {#text} at (2,2) size 31x19
                  text run at (2,2) width 31: "col 2"
              RenderTableCell {TD} at (206,52) size 35x23 [bgcolor=#90EE90] [border: (1px inset #808080)] [r=2 c=4 rs=1 cs=1]
                RenderText {#text} at (2,2) size 31x19
                  text run at (2,2) width 31: "col 3"
              RenderTableCell {TD} at (243,52) size 36x23 [bgcolor=#90EE90] [border: (1px inset #808080)] [r=2 c=5 rs=1 cs=1]
                RenderText {#text} at (2,2) size 31x19
                  text run at (2,2) width 31: "col 4"
              RenderTableCell {TD} at (281,52) size 36x23 [bgcolor=#90EE90] [border: (1px inset #808080)] [r=2 c=6 rs=1 cs=1]
                RenderText {#text} at (2,2) size 31x19
                  text run at (2,2) width 31: "col 5"
              RenderTableCell {TD} at (319,52) size 36x23 [bgcolor=#90EE90] [border: (1px inset #808080)] [r=2 c=7 rs=1 cs=1]
                RenderText {#text} at (2,2) size 31x19
                  text run at (2,2) width 31: "col 6"
              RenderTableCell {TD} at (357,52) size 36x23 [bgcolor=#90EE90] [border: (1px inset #808080)] [r=2 c=8 rs=1 cs=1]
                RenderText {#text} at (2,2) size 31x19
                  text run at (2,2) width 31: "col 7"
              RenderTableCell {TD} at (395,52) size 36x23 [bgcolor=#90EE90] [border: (1px inset #808080)] [r=2 c=9 rs=1 cs=1]
                RenderText {#text} at (2,2) size 31x19
                  text run at (2,2) width 31: "col 8"
              RenderTableCell {TD} at (433,52) size 36x23 [bgcolor=#90EE90] [border: (1px inset #808080)] [r=2 c=10 rs=1 cs=1]
                RenderText {#text} at (2,2) size 31x19
                  text run at (2,2) width 31: "col 9"
            RenderTableRow {TR} at (0,77) size 471x23
              RenderTableCell {TH} at (2,77) size 40x23 [bgcolor=#90EE90] [border: (1px inset #808080)] [r=3 c=0 rs=1 cs=1]
                RenderText {#text} at (2,2) size 36x19
                  text run at (2,2) width 36: "Head"
              RenderTableCell {TD} at (132,77) size 35x23 [bgcolor=#90EE90] [border: (1px inset #808080)] [r=3 c=2 rs=1 cs=1]
                RenderText {#text} at (2,2) size 31x19
                  text run at (2,2) width 31: "col 1"
              RenderTableCell {TD} at (169,77) size 35x23 [bgcolor=#90EE90] [border: (1px inset #808080)] [r=3 c=3 rs=1 cs=1]
                RenderText {#text} at (2,2) size 31x19
                  text run at (2,2) width 31: "col 2"
              RenderTableCell {TD} at (206,77) size 35x23 [bgcolor=#90EE90] [border: (1px inset #808080)] [r=3 c=4 rs=1 cs=1]
                RenderText {#text} at (2,2) size 31x19
                  text run at (2,2) width 31: "col 3"
              RenderTableCell {TD} at (243,77) size 36x23 [bgcolor=#90EE90] [border: (1px inset #808080)] [r=3 c=5 rs=1 cs=1]
                RenderText {#text} at (2,2) size 31x19
                  text run at (2,2) width 31: "col 4"
              RenderTableCell {TD} at (281,77) size 36x23 [bgcolor=#90EE90] [border: (1px inset #808080)] [r=3 c=6 rs=1 cs=1]
                RenderText {#text} at (2,2) size 31x19
                  text run at (2,2) width 31: "col 5"
              RenderTableCell {TD} at (319,77) size 36x23 [bgcolor=#90EE90] [border: (1px inset #808080)] [r=3 c=7 rs=1 cs=1]
                RenderText {#text} at (2,2) size 31x19
                  text run at (2,2) width 31: "col 6"
              RenderTableCell {TD} at (357,77) size 36x23 [bgcolor=#90EE90] [border: (1px inset #808080)] [r=3 c=8 rs=1 cs=1]
                RenderText {#text} at (2,2) size 31x19
                  text run at (2,2) width 31: "col 7"
              RenderTableCell {TD} at (395,77) size 36x23 [bgcolor=#90EE90] [border: (1px inset #808080)] [r=3 c=9 rs=1 cs=1]
                RenderText {#text} at (2,2) size 31x19
                  text run at (2,2) width 31: "col 8"
              RenderTableCell {TD} at (433,77) size 36x23 [bgcolor=#90EE90] [border: (1px inset #808080)] [r=3 c=10 rs=1 cs=1]
                RenderText {#text} at (2,2) size 31x19
                  text run at (2,2) width 31: "col 9"
            RenderTableRow {TR} at (0,102) size 471x23
              RenderTableCell {TH} at (2,102) size 40x23 [bgcolor=#90EE90] [border: (1px inset #808080)] [r=4 c=0 rs=1 cs=1]
                RenderText {#text} at (2,2) size 36x19
                  text run at (2,2) width 36: "Head"
              RenderTableCell {TD} at (132,102) size 35x23 [bgcolor=#90EE90] [border: (1px inset #808080)] [r=4 c=2 rs=1 cs=1]
                RenderText {#text} at (2,2) size 31x19
                  text run at (2,2) width 31: "col 1"
              RenderTableCell {TD} at (169,102) size 35x23 [bgcolor=#90EE90] [border: (1px inset #808080)] [r=4 c=3 rs=1 cs=1]
                RenderText {#text} at (2,2) size 31x19
                  text run at (2,2) width 31: "col 2"
              RenderTableCell {TD} at (206,102) size 35x23 [bgcolor=#90EE90] [border: (1px inset #808080)] [r=4 c=4 rs=1 cs=1]
                RenderText {#text} at (2,2) size 31x19
                  text run at (2,2) width 31: "col 3"
              RenderTableCell {TD} at (243,102) size 36x23 [bgcolor=#90EE90] [border: (1px inset #808080)] [r=4 c=5 rs=1 cs=1]
                RenderText {#text} at (2,2) size 31x19
                  text run at (2,2) width 31: "col 4"
              RenderTableCell {TD} at (281,102) size 36x23 [bgcolor=#90EE90] [border: (1px inset #808080)] [r=4 c=6 rs=1 cs=1]
                RenderText {#text} at (2,2) size 31x19
                  text run at (2,2) width 31: "col 5"
              RenderTableCell {TD} at (319,102) size 36x23 [bgcolor=#90EE90] [border: (1px inset #808080)] [r=4 c=7 rs=1 cs=1]
                RenderText {#text} at (2,2) size 31x19
                  text run at (2,2) width 31: "col 6"
              RenderTableCell {TD} at (357,102) size 36x23 [bgcolor=#90EE90] [border: (1px inset #808080)] [r=4 c=8 rs=1 cs=1]
                RenderText {#text} at (2,2) size 31x19
                  text run at (2,2) width 31: "col 7"
              RenderTableCell {TD} at (395,102) size 36x23 [bgcolor=#90EE90] [border: (1px inset #808080)] [r=4 c=9 rs=1 cs=1]
                RenderText {#text} at (2,2) size 31x19
                  text run at (2,2) width 31: "col 8"
              RenderTableCell {TD} at (433,102) size 36x23 [bgcolor=#90EE90] [border: (1px inset #808080)] [r=4 c=10 rs=1 cs=1]
                RenderText {#text} at (2,2) size 31x19
                  text run at (2,2) width 31: "col 9"
            RenderTableRow {TR} at (0,127) size 471x23
              RenderTableCell {TH} at (2,127) size 40x23 [bgcolor=#90EE90] [border: (1px inset #808080)] [r=5 c=0 rs=1 cs=1]
                RenderText {#text} at (2,2) size 36x19
                  text run at (2,2) width 36: "Head"
              RenderTableCell {TD} at (132,127) size 35x23 [bgcolor=#90EE90] [border: (1px inset #808080)] [r=5 c=2 rs=1 cs=1]
                RenderText {#text} at (2,2) size 31x19
                  text run at (2,2) width 31: "col 1"
              RenderTableCell {TD} at (169,127) size 35x23 [bgcolor=#90EE90] [border: (1px inset #808080)] [r=5 c=3 rs=1 cs=1]
                RenderText {#text} at (2,2) size 31x19
                  text run at (2,2) width 31: "col 2"
              RenderTableCell {TD} at (206,127) size 35x23 [bgcolor=#90EE90] [border: (1px inset #808080)] [r=5 c=4 rs=1 cs=1]
                RenderText {#text} at (2,2) size 31x19
                  text run at (2,2) width 31: "col 3"
              RenderTableCell {TD} at (243,127) size 36x23 [bgcolor=#90EE90] [border: (1px inset #808080)] [r=5 c=5 rs=1 cs=1]
                RenderText {#text} at (2,2) size 31x19
                  text run at (2,2) width 31: "col 4"
              RenderTableCell {TD} at (281,127) size 36x23 [bgcolor=#90EE90] [border: (1px inset #808080)] [r=5 c=6 rs=1 cs=1]
                RenderText {#text} at (2,2) size 31x19
                  text run at (2,2) width 31: "col 5"
              RenderTableCell {TD} at (319,127) size 36x23 [bgcolor=#90EE90] [border: (1px inset #808080)] [r=5 c=7 rs=1 cs=1]
                RenderText {#text} at (2,2) size 31x19
                  text run at (2,2) width 31: "col 6"
              RenderTableCell {TD} at (357,127) size 36x23 [bgcolor=#90EE90] [border: (1px inset #808080)] [r=5 c=8 rs=1 cs=1]
                RenderText {#text} at (2,2) size 31x19
                  text run at (2,2) width 31: "col 7"
              RenderTableCell {TD} at (395,127) size 36x23 [bgcolor=#90EE90] [border: (1px inset #808080)] [r=5 c=9 rs=1 cs=1]
                RenderText {#text} at (2,2) size 31x19
                  text run at (2,2) width 31: "col 8"
              RenderTableCell {TD} at (433,127) size 36x23 [bgcolor=#90EE90] [border: (1px inset #808080)] [r=5 c=10 rs=1 cs=1]
                RenderText {#text} at (2,2) size 31x19
                  text run at (2,2) width 31: "col 9"
            RenderTableRow {TR} at (0,152) size 471x23
              RenderTableCell {TH} at (2,152) size 40x23 [bgcolor=#90EE90] [border: (1px inset #808080)] [r=6 c=0 rs=1 cs=1]
                RenderText {#text} at (2,2) size 36x19
                  text run at (2,2) width 36: "Head"
              RenderTableCell {TD} at (132,152) size 35x23 [bgcolor=#90EE90] [border: (1px inset #808080)] [r=6 c=2 rs=1 cs=1]
                RenderText {#text} at (2,2) size 31x19
                  text run at (2,2) width 31: "col 1"
              RenderTableCell {TD} at (169,152) size 35x23 [bgcolor=#90EE90] [border: (1px inset #808080)] [r=6 c=3 rs=1 cs=1]
                RenderText {#text} at (2,2) size 31x19
                  text run at (2,2) width 31: "col 2"
              RenderTableCell {TD} at (206,152) size 35x23 [bgcolor=#90EE90] [border: (1px inset #808080)] [r=6 c=4 rs=1 cs=1]
                RenderText {#text} at (2,2) size 31x19
                  text run at (2,2) width 31: "col 3"
              RenderTableCell {TD} at (243,152) size 36x23 [bgcolor=#90EE90] [border: (1px inset #808080)] [r=6 c=5 rs=1 cs=1]
                RenderText {#text} at (2,2) size 31x19
                  text run at (2,2) width 31: "col 4"
              RenderTableCell {TD} at (281,152) size 36x23 [bgcolor=#90EE90] [border: (1px inset #808080)] [r=6 c=6 rs=1 cs=1]
                RenderText {#text} at (2,2) size 31x19
                  text run at (2,2) width 31: "col 5"
              RenderTableCell {TD} at (319,152) size 36x23 [bgcolor=#90EE90] [border: (1px inset #808080)] [r=6 c=7 rs=1 cs=1]
                RenderText {#text} at (2,2) size 31x19
                  text run at (2,2) width 31: "col 6"
              RenderTableCell {TD} at (357,152) size 36x23 [bgcolor=#90EE90] [border: (1px inset #808080)] [r=6 c=8 rs=1 cs=1]
                RenderText {#text} at (2,2) size 31x19
                  text run at (2,2) width 31: "col 7"
              RenderTableCell {TD} at (395,152) size 36x23 [bgcolor=#90EE90] [border: (1px inset #808080)] [r=6 c=9 rs=1 cs=1]
                RenderText {#text} at (2,2) size 31x19
                  text run at (2,2) width 31: "col 8"
              RenderTableCell {TD} at (433,152) size 36x23 [bgcolor=#90EE90] [border: (1px inset #808080)] [r=6 c=10 rs=1 cs=1]
                RenderText {#text} at (2,2) size 31x19
                  text run at (2,2) width 31: "col 9"
            RenderTableRow {TR} at (0,177) size 471x23
              RenderTableCell {TH} at (2,177) size 40x23 [bgcolor=#ADD8E6] [border: (1px inset #808080)] [r=7 c=0 rs=1 cs=1]
                RenderText {#text} at (2,2) size 36x19
                  text run at (2,2) width 36: "Head"
              RenderTableCell {TD} at (44,192) size 86x42 [bgcolor=#FFFACD] [border: (1px inset #808080)] [r=7 c=1 rs=3 cs=1]
                RenderText {#text} at (2,2) size 42x19
                  text run at (2,2) width 42: "Data 3"
                RenderBR {BR} at (44,17) size 0x0
                RenderText {#text} at (2,21) size 81x19
                  text run at (2,21) width 81: "span=3 rows"
              RenderTableCell {TD} at (132,177) size 35x23 [bgcolor=#ADD8E6] [border: (1px inset #808080)] [r=7 c=2 rs=1 cs=1]
                RenderText {#text} at (2,2) size 31x19
                  text run at (2,2) width 31: "col 1"
              RenderTableCell {TD} at (169,177) size 35x23 [bgcolor=#ADD8E6] [border: (1px inset #808080)] [r=7 c=3 rs=1 cs=1]
                RenderText {#text} at (2,2) size 31x19
                  text run at (2,2) width 31: "col 2"
              RenderTableCell {TD} at (206,177) size 35x23 [bgcolor=#ADD8E6] [border: (1px inset #808080)] [r=7 c=4 rs=1 cs=1]
                RenderText {#text} at (2,2) size 31x19
                  text run at (2,2) width 31: "col 3"
              RenderTableCell {TD} at (243,177) size 36x23 [bgcolor=#ADD8E6] [border: (1px inset #808080)] [r=7 c=5 rs=1 cs=1]
                RenderText {#text} at (2,2) size 31x19
                  text run at (2,2) width 31: "col 4"
              RenderTableCell {TD} at (281,177) size 36x23 [bgcolor=#ADD8E6] [border: (1px inset #808080)] [r=7 c=6 rs=1 cs=1]
                RenderText {#text} at (2,2) size 31x19
                  text run at (2,2) width 31: "col 5"
              RenderTableCell {TD} at (319,177) size 36x23 [bgcolor=#ADD8E6] [border: (1px inset #808080)] [r=7 c=7 rs=1 cs=1]
                RenderText {#text} at (2,2) size 31x19
                  text run at (2,2) width 31: "col 6"
              RenderTableCell {TD} at (357,177) size 36x23 [bgcolor=#ADD8E6] [border: (1px inset #808080)] [r=7 c=8 rs=1 cs=1]
                RenderText {#text} at (2,2) size 31x19
                  text run at (2,2) width 31: "col 7"
              RenderTableCell {TD} at (395,177) size 36x23 [bgcolor=#ADD8E6] [border: (1px inset #808080)] [r=7 c=9 rs=1 cs=1]
                RenderText {#text} at (2,2) size 31x19
                  text run at (2,2) width 31: "col 8"
              RenderTableCell {TD} at (433,177) size 36x23 [bgcolor=#ADD8E6] [border: (1px inset #808080)] [r=7 c=10 rs=1 cs=1]
                RenderText {#text} at (2,2) size 31x19
                  text run at (2,2) width 31: "col 9"
            RenderTableRow {TR} at (0,202) size 471x23
              RenderTableCell {TH} at (2,202) size 40x23 [bgcolor=#ADD8E6] [border: (1px inset #808080)] [r=8 c=0 rs=1 cs=1]
                RenderText {#text} at (2,2) size 36x19
                  text run at (2,2) width 36: "Head"
              RenderTableCell {TD} at (132,202) size 35x23 [bgcolor=#ADD8E6] [border: (1px inset #808080)] [r=8 c=2 rs=1 cs=1]
                RenderText {#text} at (2,2) size 31x19
                  text run at (2,2) width 31: "col 1"
              RenderTableCell {TD} at (169,202) size 35x23 [bgcolor=#ADD8E6] [border: (1px inset #808080)] [r=8 c=3 rs=1 cs=1]
                RenderText {#text} at (2,2) size 31x19
                  text run at (2,2) width 31: "col 2"
              RenderTableCell {TD} at (206,202) size 35x23 [bgcolor=#ADD8E6] [border: (1px inset #808080)] [r=8 c=4 rs=1 cs=1]
                RenderText {#text} at (2,2) size 31x19
                  text run at (2,2) width 31: "col 3"
              RenderTableCell {TD} at (243,202) size 36x23 [bgcolor=#ADD8E6] [border: (1px inset #808080)] [r=8 c=5 rs=1 cs=1]
                RenderText {#text} at (2,2) size 31x19
                  text run at (2,2) width 31: "col 4"
              RenderTableCell {TD} at (281,202) size 36x23 [bgcolor=#ADD8E6] [border: (1px inset #808080)] [r=8 c=6 rs=1 cs=1]
                RenderText {#text} at (2,2) size 31x19
                  text run at (2,2) width 31: "col 5"
              RenderTableCell {TD} at (319,202) size 36x23 [bgcolor=#ADD8E6] [border: (1px inset #808080)] [r=8 c=7 rs=1 cs=1]
                RenderText {#text} at (2,2) size 31x19
                  text run at (2,2) width 31: "col 6"
              RenderTableCell {TD} at (357,202) size 36x23 [bgcolor=#ADD8E6] [border: (1px inset #808080)] [r=8 c=8 rs=1 cs=1]
                RenderText {#text} at (2,2) size 31x19
                  text run at (2,2) width 31: "col 7"
              RenderTableCell {TD} at (395,202) size 36x23 [bgcolor=#ADD8E6] [border: (1px inset #808080)] [r=8 c=9 rs=1 cs=1]
                RenderText {#text} at (2,2) size 31x19
                  text run at (2,2) width 31: "col 8"
              RenderTableCell {TD} at (433,202) size 36x23 [bgcolor=#ADD8E6] [border: (1px inset #808080)] [r=8 c=10 rs=1 cs=1]
                RenderText {#text} at (2,2) size 31x19
                  text run at (2,2) width 31: "col 9"
            RenderTableRow {TR} at (0,227) size 471x23
              RenderTableCell {TH} at (2,227) size 40x23 [bgcolor=#ADD8E6] [border: (1px inset #808080)] [r=9 c=0 rs=1 cs=1]
                RenderText {#text} at (2,2) size 36x19
                  text run at (2,2) width 36: "Head"
              RenderTableCell {TD} at (132,227) size 35x23 [bgcolor=#ADD8E6] [border: (1px inset #808080)] [r=9 c=2 rs=1 cs=1]
                RenderText {#text} at (2,2) size 31x19
                  text run at (2,2) width 31: "col 1"
              RenderTableCell {TD} at (169,227) size 35x23 [bgcolor=#ADD8E6] [border: (1px inset #808080)] [r=9 c=3 rs=1 cs=1]
                RenderText {#text} at (2,2) size 31x19
                  text run at (2,2) width 31: "col 2"
              RenderTableCell {TD} at (206,227) size 35x23 [bgcolor=#ADD8E6] [border: (1px inset #808080)] [r=9 c=4 rs=1 cs=1]
                RenderText {#text} at (2,2) size 31x19
                  text run at (2,2) width 31: "col 3"
              RenderTableCell {TD} at (243,227) size 36x23 [bgcolor=#ADD8E6] [border: (1px inset #808080)] [r=9 c=5 rs=1 cs=1]
                RenderText {#text} at (2,2) size 31x19
                  text run at (2,2) width 31: "col 4"
              RenderTableCell {TD} at (281,227) size 36x23 [bgcolor=#ADD8E6] [border: (1px inset #808080)] [r=9 c=6 rs=1 cs=1]
                RenderText {#text} at (2,2) size 31x19
                  text run at (2,2) width 31: "col 5"
              RenderTableCell {TD} at (319,227) size 36x23 [bgcolor=#ADD8E6] [border: (1px inset #808080)] [r=9 c=7 rs=1 cs=1]
                RenderText {#text} at (2,2) size 31x19
                  text run at (2,2) width 31: "col 6"
              RenderTableCell {TD} at (357,227) size 36x23 [bgcolor=#ADD8E6] [border: (1px inset #808080)] [r=9 c=8 rs=1 cs=1]
                RenderText {#text} at (2,2) size 31x19
                  text run at (2,2) width 31: "col 7"
              RenderTableCell {TD} at (395,227) size 36x23 [bgcolor=#ADD8E6] [border: (1px inset #808080)] [r=9 c=9 rs=1 cs=1]
                RenderText {#text} at (2,2) size 31x19
                  text run at (2,2) width 31: "col 8"
              RenderTableCell {TD} at (433,227) size 36x23 [bgcolor=#ADD8E6] [border: (1px inset #808080)] [r=9 c=10 rs=1 cs=1]
                RenderText {#text} at (2,2) size 31x19
                  text run at (2,2) width 31: "col 9"
      RenderBlock {P} at (0,1720) size 769x0
      RenderBlock {HR} at (0,1720) size 769x2 [border: (1px inset #000000)]
      RenderBlock {P} at (0,1738) size 769x62
        RenderTable {TABLE} at (0,0) size 653x62 [bgcolor=#F08080] [border: (1px outset #808080)]
          RenderTableSection {TBODY} at (1,1) size 651x60
            RenderTableRow {TR} at (0,2) size 651x56
              RenderTableCell {TH} at (2,2) size 647x56 [border: (1px inset #808080)] [r=0 c=0 rs=1 cs=1]
                RenderInline {A} at (0,0) size 0x0
                RenderText {#text} at (11,11) size 95x19
                  text run at (11,11) width 95: "Test Case #3: "
                RenderInline {FONT} at (0,0) size 410x19 [color=#0000FF]
                  RenderText {#text} at (106,11) size 410x19
                    text run at (106,11) width 410: "table with nested header & data cells spanning multiple rows"
                RenderText {#text} at (516,11) size 4x19
                  text run at (516,11) width 4: " "
                RenderInline {FONT} at (0,0) size 571x31
                  RenderInline {I} at (0,0) size 571x31
                    RenderText {#text} at (520,14) size 571x31
                      text run at (520,14) width 62: "(using <TH"
                      text run at (11,30) width 353: "ROWSPAN=integer value> <TD ROWSPAN=integer value> tag)"
                RenderText {#text} at (0,0) size 0x0
      RenderBlock {P} at (0,1816) size 769x38
        RenderBR {BR} at (0,0) size 0x19
        RenderBR {BR} at (0,19) size 0x19
      RenderBlock {UL} at (0,1870) size 769x463
        RenderTable {TABLE} at (40,0) size 473x463 [border: (1px outset #808080)]
          RenderBlock {CAPTION} at (0,0) size 471x19
            RenderText {#text} at (27,0) size 89x19
              text run at (27,0) width 89: "Nested Table "
            RenderInline {B} at (0,0) size 88x19
              RenderText {#text} at (115,0) size 88x19
                text run at (115,0) width 88: "Header Cells"
            RenderText {#text} at (202,0) size 21x19
              text run at (202,0) width 21: " & "
            RenderInline {B} at (0,0) size 71x19
              RenderText {#text} at (222,0) size 71x19
                text run at (222,0) width 71: "Data Cells"
            RenderText {#text} at (292,0) size 152x19
              text run at (292,0) width 152: " spanning multiple rows"
          RenderTableSection {TBODY} at (1,20) size 471x442
            RenderTableRow {TR} at (0,2) size 471x42
              RenderTableCell {TH} at (2,124) size 82x61 [bgcolor=#FFE4C4] [border: (1px inset #808080)] [r=0 c=0 rs=7 cs=1]
                RenderText {#text} at (10,2) size 62x19
                  text run at (10,2) width 62: "Header 1"
                RenderBR {BR} at (72,17) size 0x0
                RenderText {#text} at (16,21) size 50x38
                  text run at (16,21) width 50: "span=7"
                  text run at (24,40) width 34: "rows"
              RenderTableCell {TD} at (86,14) size 77x61 [bgcolor=#FFFACD] [border: (1px inset #808080)] [r=0 c=1 rs=2 cs=1]
                RenderText {#text} at (2,2) size 42x19
                  text run at (2,2) width 42: "Data 1"
                RenderBR {BR} at (44,17) size 0x0
                RenderText {#text} at (2,21) size 46x38
                  text run at (2,21) width 46: "span=2"
                  text run at (2,40) width 31: "rows"
              RenderTableCell {TD} at (165,2) size 32x42 [bgcolor=#EE82EE] [border: (1px inset #808080)] [r=0 c=2 rs=1 cs=1]
                RenderText {#text} at (2,2) size 19x38
                  text run at (2,2) width 19: "col"
                  text run at (2,21) width 8: "1"
              RenderTableCell {TD} at (199,2) size 32x42 [bgcolor=#EE82EE] [border: (1px inset #808080)] [r=0 c=3 rs=1 cs=1]
                RenderText {#text} at (2,2) size 19x38
                  text run at (2,2) width 19: "col"
                  text run at (2,21) width 8: "2"
              RenderTableCell {TD} at (233,2) size 32x42 [bgcolor=#EE82EE] [border: (1px inset #808080)] [r=0 c=4 rs=1 cs=1]
                RenderText {#text} at (2,2) size 19x38
                  text run at (2,2) width 19: "col"
                  text run at (2,21) width 8: "3"
              RenderTableCell {TD} at (267,2) size 32x42 [bgcolor=#EE82EE] [border: (1px inset #808080)] [r=0 c=5 rs=1 cs=1]
                RenderText {#text} at (2,2) size 19x38
                  text run at (2,2) width 19: "col"
                  text run at (2,21) width 8: "4"
              RenderTableCell {TD} at (301,2) size 32x42 [bgcolor=#EE82EE] [border: (1px inset #808080)] [r=0 c=6 rs=1 cs=1]
                RenderText {#text} at (2,2) size 19x38
                  text run at (2,2) width 19: "col"
                  text run at (2,21) width 8: "5"
              RenderTableCell {TD} at (335,2) size 32x42 [bgcolor=#EE82EE] [border: (1px inset #808080)] [r=0 c=7 rs=1 cs=1]
                RenderText {#text} at (2,2) size 19x38
                  text run at (2,2) width 19: "col"
                  text run at (2,21) width 8: "6"
              RenderTableCell {TD} at (369,2) size 32x42 [bgcolor=#EE82EE] [border: (1px inset #808080)] [r=0 c=8 rs=1 cs=1]
                RenderText {#text} at (2,2) size 19x38
                  text run at (2,2) width 19: "col"
                  text run at (2,21) width 8: "7"
              RenderTableCell {TD} at (403,2) size 32x42 [bgcolor=#EE82EE] [border: (1px inset #808080)] [r=0 c=9 rs=1 cs=1]
                RenderText {#text} at (2,2) size 19x38
                  text run at (2,2) width 19: "col"
                  text run at (2,21) width 8: "8"
              RenderTableCell {TD} at (437,2) size 32x42 [bgcolor=#EE82EE] [border: (1px inset #808080)] [r=0 c=10 rs=1 cs=1]
                RenderText {#text} at (2,2) size 19x38
                  text run at (2,2) width 19: "col"
                  text run at (2,21) width 8: "9"
            RenderTableRow {TR} at (0,46) size 471x42
              RenderTableCell {TD} at (165,46) size 32x42 [bgcolor=#EE82EE] [border: (1px inset #808080)] [r=1 c=2 rs=1 cs=1]
                RenderText {#text} at (2,2) size 19x38
                  text run at (2,2) width 19: "col"
                  text run at (2,21) width 8: "1"
              RenderTableCell {TD} at (199,46) size 32x42 [bgcolor=#EE82EE] [border: (1px inset #808080)] [r=1 c=3 rs=1 cs=1]
                RenderText {#text} at (2,2) size 19x38
                  text run at (2,2) width 19: "col"
                  text run at (2,21) width 8: "2"
              RenderTableCell {TD} at (233,46) size 32x42 [bgcolor=#EE82EE] [border: (1px inset #808080)] [r=1 c=4 rs=1 cs=1]
                RenderText {#text} at (2,2) size 19x38
                  text run at (2,2) width 19: "col"
                  text run at (2,21) width 8: "3"
              RenderTableCell {TD} at (267,46) size 32x42 [bgcolor=#EE82EE] [border: (1px inset #808080)] [r=1 c=5 rs=1 cs=1]
                RenderText {#text} at (2,2) size 19x38
                  text run at (2,2) width 19: "col"
                  text run at (2,21) width 8: "4"
              RenderTableCell {TD} at (301,46) size 32x42 [bgcolor=#EE82EE] [border: (1px inset #808080)] [r=1 c=6 rs=1 cs=1]
                RenderText {#text} at (2,2) size 19x38
                  text run at (2,2) width 19: "col"
                  text run at (2,21) width 8: "5"
              RenderTableCell {TD} at (335,46) size 32x42 [bgcolor=#EE82EE] [border: (1px inset #808080)] [r=1 c=7 rs=1 cs=1]
                RenderText {#text} at (2,2) size 19x38
                  text run at (2,2) width 19: "col"
                  text run at (2,21) width 8: "6"
              RenderTableCell {TD} at (369,46) size 32x42 [bgcolor=#EE82EE] [border: (1px inset #808080)] [r=1 c=8 rs=1 cs=1]
                RenderText {#text} at (2,2) size 19x38
                  text run at (2,2) width 19: "col"
                  text run at (2,21) width 8: "7"
              RenderTableCell {TD} at (403,46) size 32x42 [bgcolor=#EE82EE] [border: (1px inset #808080)] [r=1 c=9 rs=1 cs=1]
                RenderText {#text} at (2,2) size 19x38
                  text run at (2,2) width 19: "col"
                  text run at (2,21) width 8: "8"
              RenderTableCell {TD} at (437,46) size 32x42 [bgcolor=#EE82EE] [border: (1px inset #808080)] [r=1 c=10 rs=1 cs=1]
                RenderText {#text} at (2,2) size 19x38
                  text run at (2,2) width 19: "col"
                  text run at (2,21) width 8: "9"
            RenderTableRow {TR} at (0,90) size 471x42
              RenderTableCell {TD} at (86,168) size 77x61 [bgcolor=#FFFACD] [border: (1px inset #808080)] [r=2 c=1 rs=5 cs=1]
                RenderText {#text} at (2,2) size 42x19
                  text run at (2,2) width 42: "Data 2"
                RenderBR {BR} at (44,17) size 0x0
                RenderText {#text} at (2,21) size 46x38
                  text run at (2,21) width 46: "span=5"
                  text run at (2,40) width 31: "rows"
              RenderTableCell {TD} at (165,90) size 32x42 [bgcolor=#90EE90] [border: (1px inset #808080)] [r=2 c=2 rs=1 cs=1]
                RenderText {#text} at (2,2) size 19x38
                  text run at (2,2) width 19: "col"
                  text run at (2,21) width 8: "1"
              RenderTableCell {TD} at (199,90) size 32x42 [bgcolor=#90EE90] [border: (1px inset #808080)] [r=2 c=3 rs=1 cs=1]
                RenderText {#text} at (2,2) size 19x38
                  text run at (2,2) width 19: "col"
                  text run at (2,21) width 8: "2"
              RenderTableCell {TD} at (233,90) size 32x42 [bgcolor=#90EE90] [border: (1px inset #808080)] [r=2 c=4 rs=1 cs=1]
                RenderText {#text} at (2,2) size 19x38
                  text run at (2,2) width 19: "col"
                  text run at (2,21) width 8: "3"
              RenderTableCell {TD} at (267,90) size 32x42 [bgcolor=#90EE90] [border: (1px inset #808080)] [r=2 c=5 rs=1 cs=1]
                RenderText {#text} at (2,2) size 19x38
                  text run at (2,2) width 19: "col"
                  text run at (2,21) width 8: "4"
              RenderTableCell {TD} at (301,90) size 32x42 [bgcolor=#90EE90] [border: (1px inset #808080)] [r=2 c=6 rs=1 cs=1]
                RenderText {#text} at (2,2) size 19x38
                  text run at (2,2) width 19: "col"
                  text run at (2,21) width 8: "5"
              RenderTableCell {TD} at (335,90) size 32x42 [bgcolor=#90EE90] [border: (1px inset #808080)] [r=2 c=7 rs=1 cs=1]
                RenderText {#text} at (2,2) size 19x38
                  text run at (2,2) width 19: "col"
                  text run at (2,21) width 8: "6"
              RenderTableCell {TD} at (369,90) size 32x42 [bgcolor=#90EE90] [border: (1px inset #808080)] [r=2 c=8 rs=1 cs=1]
                RenderText {#text} at (2,2) size 19x38
                  text run at (2,2) width 19: "col"
                  text run at (2,21) width 8: "7"
              RenderTableCell {TD} at (403,90) size 32x42 [bgcolor=#90EE90] [border: (1px inset #808080)] [r=2 c=9 rs=1 cs=1]
                RenderText {#text} at (2,2) size 19x38
                  text run at (2,2) width 19: "col"
                  text run at (2,21) width 8: "8"
              RenderTableCell {TD} at (437,90) size 32x42 [bgcolor=#90EE90] [border: (1px inset #808080)] [r=2 c=10 rs=1 cs=1]
                RenderText {#text} at (2,2) size 19x38
                  text run at (2,2) width 19: "col"
                  text run at (2,21) width 8: "9"
            RenderTableRow {TR} at (0,134) size 471x42
              RenderTableCell {TD} at (165,134) size 32x42 [bgcolor=#90EE90] [border: (1px inset #808080)] [r=3 c=2 rs=1 cs=1]
                RenderText {#text} at (2,2) size 19x38
                  text run at (2,2) width 19: "col"
                  text run at (2,21) width 8: "1"
              RenderTableCell {TD} at (199,134) size 32x42 [bgcolor=#90EE90] [border: (1px inset #808080)] [r=3 c=3 rs=1 cs=1]
                RenderText {#text} at (2,2) size 19x38
                  text run at (2,2) width 19: "col"
                  text run at (2,21) width 8: "2"
              RenderTableCell {TD} at (233,134) size 32x42 [bgcolor=#90EE90] [border: (1px inset #808080)] [r=3 c=4 rs=1 cs=1]
                RenderText {#text} at (2,2) size 19x38
                  text run at (2,2) width 19: "col"
                  text run at (2,21) width 8: "3"
              RenderTableCell {TD} at (267,134) size 32x42 [bgcolor=#90EE90] [border: (1px inset #808080)] [r=3 c=5 rs=1 cs=1]
                RenderText {#text} at (2,2) size 19x38
                  text run at (2,2) width 19: "col"
                  text run at (2,21) width 8: "4"
              RenderTableCell {TD} at (301,134) size 32x42 [bgcolor=#90EE90] [border: (1px inset #808080)] [r=3 c=6 rs=1 cs=1]
                RenderText {#text} at (2,2) size 19x38
                  text run at (2,2) width 19: "col"
                  text run at (2,21) width 8: "5"
              RenderTableCell {TD} at (335,134) size 32x42 [bgcolor=#90EE90] [border: (1px inset #808080)] [r=3 c=7 rs=1 cs=1]
                RenderText {#text} at (2,2) size 19x38
                  text run at (2,2) width 19: "col"
                  text run at (2,21) width 8: "6"
              RenderTableCell {TD} at (369,134) size 32x42 [bgcolor=#90EE90] [border: (1px inset #808080)] [r=3 c=8 rs=1 cs=1]
                RenderText {#text} at (2,2) size 19x38
                  text run at (2,2) width 19: "col"
                  text run at (2,21) width 8: "7"
              RenderTableCell {TD} at (403,134) size 32x42 [bgcolor=#90EE90] [border: (1px inset #808080)] [r=3 c=9 rs=1 cs=1]
                RenderText {#text} at (2,2) size 19x38
                  text run at (2,2) width 19: "col"
                  text run at (2,21) width 8: "8"
              RenderTableCell {TD} at (437,134) size 32x42 [bgcolor=#90EE90] [border: (1px inset #808080)] [r=3 c=10 rs=1 cs=1]
                RenderText {#text} at (2,2) size 19x38
                  text run at (2,2) width 19: "col"
                  text run at (2,21) width 8: "9"
            RenderTableRow {TR} at (0,178) size 471x42
              RenderTableCell {TD} at (165,178) size 32x42 [bgcolor=#90EE90] [border: (1px inset #808080)] [r=4 c=2 rs=1 cs=1]
                RenderText {#text} at (2,2) size 19x38
                  text run at (2,2) width 19: "col"
                  text run at (2,21) width 8: "1"
              RenderTableCell {TD} at (199,178) size 32x42 [bgcolor=#90EE90] [border: (1px inset #808080)] [r=4 c=3 rs=1 cs=1]
                RenderText {#text} at (2,2) size 19x38
                  text run at (2,2) width 19: "col"
                  text run at (2,21) width 8: "2"
              RenderTableCell {TD} at (233,178) size 32x42 [bgcolor=#90EE90] [border: (1px inset #808080)] [r=4 c=4 rs=1 cs=1]
                RenderText {#text} at (2,2) size 19x38
                  text run at (2,2) width 19: "col"
                  text run at (2,21) width 8: "3"
              RenderTableCell {TD} at (267,178) size 32x42 [bgcolor=#90EE90] [border: (1px inset #808080)] [r=4 c=5 rs=1 cs=1]
                RenderText {#text} at (2,2) size 19x38
                  text run at (2,2) width 19: "col"
                  text run at (2,21) width 8: "4"
              RenderTableCell {TD} at (301,178) size 32x42 [bgcolor=#90EE90] [border: (1px inset #808080)] [r=4 c=6 rs=1 cs=1]
                RenderText {#text} at (2,2) size 19x38
                  text run at (2,2) width 19: "col"
                  text run at (2,21) width 8: "5"
              RenderTableCell {TD} at (335,178) size 32x42 [bgcolor=#90EE90] [border: (1px inset #808080)] [r=4 c=7 rs=1 cs=1]
                RenderText {#text} at (2,2) size 19x38
                  text run at (2,2) width 19: "col"
                  text run at (2,21) width 8: "6"
              RenderTableCell {TD} at (369,178) size 32x42 [bgcolor=#90EE90] [border: (1px inset #808080)] [r=4 c=8 rs=1 cs=1]
                RenderText {#text} at (2,2) size 19x38
                  text run at (2,2) width 19: "col"
                  text run at (2,21) width 8: "7"
              RenderTableCell {TD} at (403,178) size 32x42 [bgcolor=#90EE90] [border: (1px inset #808080)] [r=4 c=9 rs=1 cs=1]
                RenderText {#text} at (2,2) size 19x38
                  text run at (2,2) width 19: "col"
                  text run at (2,21) width 8: "8"
              RenderTableCell {TD} at (437,178) size 32x42 [bgcolor=#90EE90] [border: (1px inset #808080)] [r=4 c=10 rs=1 cs=1]
                RenderText {#text} at (2,2) size 19x38
                  text run at (2,2) width 19: "col"
                  text run at (2,21) width 8: "9"
            RenderTableRow {TR} at (0,222) size 471x42
              RenderTableCell {TD} at (165,222) size 32x42 [bgcolor=#90EE90] [border: (1px inset #808080)] [r=5 c=2 rs=1 cs=1]
                RenderText {#text} at (2,2) size 19x38
                  text run at (2,2) width 19: "col"
                  text run at (2,21) width 8: "1"
              RenderTableCell {TD} at (199,222) size 32x42 [bgcolor=#90EE90] [border: (1px inset #808080)] [r=5 c=3 rs=1 cs=1]
                RenderText {#text} at (2,2) size 19x38
                  text run at (2,2) width 19: "col"
                  text run at (2,21) width 8: "2"
              RenderTableCell {TD} at (233,222) size 32x42 [bgcolor=#90EE90] [border: (1px inset #808080)] [r=5 c=4 rs=1 cs=1]
                RenderText {#text} at (2,2) size 19x38
                  text run at (2,2) width 19: "col"
                  text run at (2,21) width 8: "3"
              RenderTableCell {TD} at (267,222) size 32x42 [bgcolor=#90EE90] [border: (1px inset #808080)] [r=5 c=5 rs=1 cs=1]
                RenderText {#text} at (2,2) size 19x38
                  text run at (2,2) width 19: "col"
                  text run at (2,21) width 8: "4"
              RenderTableCell {TD} at (301,222) size 32x42 [bgcolor=#90EE90] [border: (1px inset #808080)] [r=5 c=6 rs=1 cs=1]
                RenderText {#text} at (2,2) size 19x38
                  text run at (2,2) width 19: "col"
                  text run at (2,21) width 8: "5"
              RenderTableCell {TD} at (335,222) size 32x42 [bgcolor=#90EE90] [border: (1px inset #808080)] [r=5 c=7 rs=1 cs=1]
                RenderText {#text} at (2,2) size 19x38
                  text run at (2,2) width 19: "col"
                  text run at (2,21) width 8: "6"
              RenderTableCell {TD} at (369,222) size 32x42 [bgcolor=#90EE90] [border: (1px inset #808080)] [r=5 c=8 rs=1 cs=1]
                RenderText {#text} at (2,2) size 19x38
                  text run at (2,2) width 19: "col"
                  text run at (2,21) width 8: "7"
              RenderTableCell {TD} at (403,222) size 32x42 [bgcolor=#90EE90] [border: (1px inset #808080)] [r=5 c=9 rs=1 cs=1]
                RenderText {#text} at (2,2) size 19x38
                  text run at (2,2) width 19: "col"
                  text run at (2,21) width 8: "8"
              RenderTableCell {TD} at (437,222) size 32x42 [bgcolor=#90EE90] [border: (1px inset #808080)] [r=5 c=10 rs=1 cs=1]
                RenderText {#text} at (2,2) size 19x38
                  text run at (2,2) width 19: "col"
                  text run at (2,21) width 8: "9"
            RenderTableRow {TR} at (0,266) size 471x42
              RenderTableCell {TD} at (165,266) size 32x42 [bgcolor=#90EE90] [border: (1px inset #808080)] [r=6 c=2 rs=1 cs=1]
                RenderText {#text} at (2,2) size 19x38
                  text run at (2,2) width 19: "col"
                  text run at (2,21) width 8: "1"
              RenderTableCell {TD} at (199,266) size 32x42 [bgcolor=#90EE90] [border: (1px inset #808080)] [r=6 c=3 rs=1 cs=1]
                RenderText {#text} at (2,2) size 19x38
                  text run at (2,2) width 19: "col"
                  text run at (2,21) width 8: "2"
              RenderTableCell {TD} at (233,266) size 32x42 [bgcolor=#90EE90] [border: (1px inset #808080)] [r=6 c=4 rs=1 cs=1]
                RenderText {#text} at (2,2) size 19x38
                  text run at (2,2) width 19: "col"
                  text run at (2,21) width 8: "3"
              RenderTableCell {TD} at (267,266) size 32x42 [bgcolor=#90EE90] [border: (1px inset #808080)] [r=6 c=5 rs=1 cs=1]
                RenderText {#text} at (2,2) size 19x38
                  text run at (2,2) width 19: "col"
                  text run at (2,21) width 8: "4"
              RenderTableCell {TD} at (301,266) size 32x42 [bgcolor=#90EE90] [border: (1px inset #808080)] [r=6 c=6 rs=1 cs=1]
                RenderText {#text} at (2,2) size 19x38
                  text run at (2,2) width 19: "col"
                  text run at (2,21) width 8: "5"
              RenderTableCell {TD} at (335,266) size 32x42 [bgcolor=#90EE90] [border: (1px inset #808080)] [r=6 c=7 rs=1 cs=1]
                RenderText {#text} at (2,2) size 19x38
                  text run at (2,2) width 19: "col"
                  text run at (2,21) width 8: "6"
              RenderTableCell {TD} at (369,266) size 32x42 [bgcolor=#90EE90] [border: (1px inset #808080)] [r=6 c=8 rs=1 cs=1]
                RenderText {#text} at (2,2) size 19x38
                  text run at (2,2) width 19: "col"
                  text run at (2,21) width 8: "7"
              RenderTableCell {TD} at (403,266) size 32x42 [bgcolor=#90EE90] [border: (1px inset #808080)] [r=6 c=9 rs=1 cs=1]
                RenderText {#text} at (2,2) size 19x38
                  text run at (2,2) width 19: "col"
                  text run at (2,21) width 8: "8"
              RenderTableCell {TD} at (437,266) size 32x42 [bgcolor=#90EE90] [border: (1px inset #808080)] [r=6 c=10 rs=1 cs=1]
                RenderText {#text} at (2,2) size 19x38
                  text run at (2,2) width 19: "col"
                  text run at (2,21) width 8: "9"
            RenderTableRow {TR} at (0,310) size 471x42
              RenderTableCell {TH} at (2,344) size 82x61 [bgcolor=#FFE4C4] [border: (1px inset #808080)] [r=7 c=0 rs=3 cs=1]
                RenderText {#text} at (10,2) size 62x19
                  text run at (10,2) width 62: "Header 2"
                RenderBR {BR} at (72,17) size 0x0
                RenderText {#text} at (16,21) size 50x38
                  text run at (16,21) width 50: "span=3"
                  text run at (24,40) width 34: "rows"
              RenderTableCell {TD} at (86,344) size 77x61 [bgcolor=#FFFACD] [border: (1px inset #808080)] [r=7 c=1 rs=3 cs=1]
                RenderText {#text} at (2,2) size 42x19
                  text run at (2,2) width 42: "Data 3"
                RenderBR {BR} at (44,17) size 0x0
                RenderText {#text} at (2,21) size 46x38
                  text run at (2,21) width 46: "span=3"
                  text run at (2,40) width 31: "rows"
              RenderTableCell {TD} at (165,310) size 32x42 [bgcolor=#ADD8E6] [border: (1px inset #808080)] [r=7 c=2 rs=1 cs=1]
                RenderText {#text} at (2,2) size 19x38
                  text run at (2,2) width 19: "col"
                  text run at (2,21) width 8: "1"
              RenderTableCell {TD} at (199,310) size 32x42 [bgcolor=#ADD8E6] [border: (1px inset #808080)] [r=7 c=3 rs=1 cs=1]
                RenderText {#text} at (2,2) size 19x38
                  text run at (2,2) width 19: "col"
                  text run at (2,21) width 8: "2"
              RenderTableCell {TD} at (233,310) size 32x42 [bgcolor=#ADD8E6] [border: (1px inset #808080)] [r=7 c=4 rs=1 cs=1]
                RenderText {#text} at (2,2) size 19x38
                  text run at (2,2) width 19: "col"
                  text run at (2,21) width 8: "3"
              RenderTableCell {TD} at (267,310) size 32x42 [bgcolor=#ADD8E6] [border: (1px inset #808080)] [r=7 c=5 rs=1 cs=1]
                RenderText {#text} at (2,2) size 19x38
                  text run at (2,2) width 19: "col"
                  text run at (2,21) width 8: "4"
              RenderTableCell {TD} at (301,310) size 32x42 [bgcolor=#ADD8E6] [border: (1px inset #808080)] [r=7 c=6 rs=1 cs=1]
                RenderText {#text} at (2,2) size 19x38
                  text run at (2,2) width 19: "col"
                  text run at (2,21) width 8: "5"
              RenderTableCell {TD} at (335,310) size 32x42 [bgcolor=#ADD8E6] [border: (1px inset #808080)] [r=7 c=7 rs=1 cs=1]
                RenderText {#text} at (2,2) size 19x38
                  text run at (2,2) width 19: "col"
                  text run at (2,21) width 8: "6"
              RenderTableCell {TD} at (369,310) size 32x42 [bgcolor=#ADD8E6] [border: (1px inset #808080)] [r=7 c=8 rs=1 cs=1]
                RenderText {#text} at (2,2) size 19x38
                  text run at (2,2) width 19: "col"
                  text run at (2,21) width 8: "7"
              RenderTableCell {TD} at (403,310) size 32x42 [bgcolor=#ADD8E6] [border: (1px inset #808080)] [r=7 c=9 rs=1 cs=1]
                RenderText {#text} at (2,2) size 19x38
                  text run at (2,2) width 19: "col"
                  text run at (2,21) width 8: "8"
              RenderTableCell {TD} at (437,310) size 32x42 [bgcolor=#ADD8E6] [border: (1px inset #808080)] [r=7 c=10 rs=1 cs=1]
                RenderText {#text} at (2,2) size 19x38
                  text run at (2,2) width 19: "col"
                  text run at (2,21) width 8: "9"
            RenderTableRow {TR} at (0,354) size 471x42
              RenderTableCell {TD} at (165,354) size 32x42 [bgcolor=#ADD8E6] [border: (1px inset #808080)] [r=8 c=2 rs=1 cs=1]
                RenderText {#text} at (2,2) size 19x38
                  text run at (2,2) width 19: "col"
                  text run at (2,21) width 8: "1"
              RenderTableCell {TD} at (199,354) size 32x42 [bgcolor=#ADD8E6] [border: (1px inset #808080)] [r=8 c=3 rs=1 cs=1]
                RenderText {#text} at (2,2) size 19x38
                  text run at (2,2) width 19: "col"
                  text run at (2,21) width 8: "2"
              RenderTableCell {TD} at (233,354) size 32x42 [bgcolor=#ADD8E6] [border: (1px inset #808080)] [r=8 c=4 rs=1 cs=1]
                RenderText {#text} at (2,2) size 19x38
                  text run at (2,2) width 19: "col"
                  text run at (2,21) width 8: "3"
              RenderTableCell {TD} at (267,354) size 32x42 [bgcolor=#ADD8E6] [border: (1px inset #808080)] [r=8 c=5 rs=1 cs=1]
                RenderText {#text} at (2,2) size 19x38
                  text run at (2,2) width 19: "col"
                  text run at (2,21) width 8: "4"
              RenderTableCell {TD} at (301,354) size 32x42 [bgcolor=#ADD8E6] [border: (1px inset #808080)] [r=8 c=6 rs=1 cs=1]
                RenderText {#text} at (2,2) size 19x38
                  text run at (2,2) width 19: "col"
                  text run at (2,21) width 8: "5"
              RenderTableCell {TD} at (335,354) size 32x42 [bgcolor=#ADD8E6] [border: (1px inset #808080)] [r=8 c=7 rs=1 cs=1]
                RenderText {#text} at (2,2) size 19x38
                  text run at (2,2) width 19: "col"
                  text run at (2,21) width 8: "6"
              RenderTableCell {TD} at (369,354) size 32x42 [bgcolor=#ADD8E6] [border: (1px inset #808080)] [r=8 c=8 rs=1 cs=1]
                RenderText {#text} at (2,2) size 19x38
                  text run at (2,2) width 19: "col"
                  text run at (2,21) width 8: "7"
              RenderTableCell {TD} at (403,354) size 32x42 [bgcolor=#ADD8E6] [border: (1px inset #808080)] [r=8 c=9 rs=1 cs=1]
                RenderText {#text} at (2,2) size 19x38
                  text run at (2,2) width 19: "col"
                  text run at (2,21) width 8: "8"
              RenderTableCell {TD} at (437,354) size 32x42 [bgcolor=#ADD8E6] [border: (1px inset #808080)] [r=8 c=10 rs=1 cs=1]
                RenderText {#text} at (2,2) size 19x38
                  text run at (2,2) width 19: "col"
                  text run at (2,21) width 8: "9"
            RenderTableRow {TR} at (0,398) size 471x42
              RenderTableCell {TD} at (165,398) size 32x42 [bgcolor=#ADD8E6] [border: (1px inset #808080)] [r=9 c=2 rs=1 cs=1]
                RenderText {#text} at (2,2) size 19x38
                  text run at (2,2) width 19: "col"
                  text run at (2,21) width 8: "1"
              RenderTableCell {TD} at (199,398) size 32x42 [bgcolor=#ADD8E6] [border: (1px inset #808080)] [r=9 c=3 rs=1 cs=1]
                RenderText {#text} at (2,2) size 19x38
                  text run at (2,2) width 19: "col"
                  text run at (2,21) width 8: "2"
              RenderTableCell {TD} at (233,398) size 32x42 [bgcolor=#ADD8E6] [border: (1px inset #808080)] [r=9 c=4 rs=1 cs=1]
                RenderText {#text} at (2,2) size 19x38
                  text run at (2,2) width 19: "col"
                  text run at (2,21) width 8: "3"
              RenderTableCell {TD} at (267,398) size 32x42 [bgcolor=#ADD8E6] [border: (1px inset #808080)] [r=9 c=5 rs=1 cs=1]
                RenderText {#text} at (2,2) size 19x38
                  text run at (2,2) width 19: "col"
                  text run at (2,21) width 8: "4"
              RenderTableCell {TD} at (301,398) size 32x42 [bgcolor=#ADD8E6] [border: (1px inset #808080)] [r=9 c=6 rs=1 cs=1]
                RenderText {#text} at (2,2) size 19x38
                  text run at (2,2) width 19: "col"
                  text run at (2,21) width 8: "5"
              RenderTableCell {TD} at (335,398) size 32x42 [bgcolor=#ADD8E6] [border: (1px inset #808080)] [r=9 c=7 rs=1 cs=1]
                RenderText {#text} at (2,2) size 19x38
                  text run at (2,2) width 19: "col"
                  text run at (2,21) width 8: "6"
              RenderTableCell {TD} at (369,398) size 32x42 [bgcolor=#ADD8E6] [border: (1px inset #808080)] [r=9 c=8 rs=1 cs=1]
                RenderText {#text} at (2,2) size 19x38
                  text run at (2,2) width 19: "col"
                  text run at (2,21) width 8: "7"
              RenderTableCell {TD} at (403,398) size 32x42 [bgcolor=#ADD8E6] [border: (1px inset #808080)] [r=9 c=9 rs=1 cs=1]
                RenderText {#text} at (2,2) size 19x38
                  text run at (2,2) width 19: "col"
                  text run at (2,21) width 8: "8"
              RenderTableCell {TD} at (437,398) size 32x42 [bgcolor=#ADD8E6] [border: (1px inset #808080)] [r=9 c=10 rs=1 cs=1]
                RenderText {#text} at (2,2) size 19x38
                  text run at (2,2) width 19: "col"
                  text run at (2,21) width 8: "9"
      RenderBlock {P} at (0,2349) size 769x0
      RenderBlock {HR} at (0,2349) size 769x2 [border: (1px inset #000000)]
      RenderBlock (anonymous) at (0,2359) size 769x19
        RenderImage {IMG} at (0,2) size 13x13
        RenderText {#text} at (13,0) size 129x19
          text run at (13,0) width 129: " Created 9/19/96 by "
        RenderInline {A} at (0,0) size 82x19 [color=#0000EE]
          RenderText {#text} at (142,0) size 82x19
            text run at (142,0) width 82: "Ronald Greti"
        RenderBR {BR} at (224,15) size 0x0
      RenderBlock {P} at (0,2394) size 769x19
        RenderBR {BR} at (0,0) size 0x19
