layer at (0,0) size 785x1066
  RenderView at (0,0) size 785x600
layer at (0,0) size 785x1066
  RenderBlock {HTML} at (0,0) size 785x1066
    RenderBody {BODY} at (8,8) size 769x584
      RenderBlock (floating) {DIV} at (4,0) size 202x529 [border: (1px solid #ADD8E6)]
        RenderText {#text} at (1,1) size 200x527
          text run at (1,1) width 200: "also the division of"
          text run at (1,32) width 200: "the mind into the"
          text run at (1,63) width 87: "rational,"
          text run at (1,94) width 200: "concupiscent, and"
          text run at (1,125) width 200: "irascible elements,"
          text run at (1,156) width 200: "or of pleasures"
          text run at (1,187) width 200: "and desires into"
          text run at (1,218) width 165: "necessary and "
          text run at (166,218) width 35: "un" + hyphen string "-"
          text run at (1,249) width 183: "necessary\x{2014}these"
          text run at (1,280) width 200: "and other great"
          text run at (1,311) width 200: "forms of thought"
          text run at (1,342) width 180: "are all of them "
          text run at (181,342) width 20: "to"
          text run at (1,373) width 200: "be found in the"
          text run at (1,404) width 200: "Republic, and"
          text run at (1,435) width 200: "were probably"
          text run at (1,466) width 200: "first invented by"
          text run at (1,497) width 60: "Plato."
      RenderBlock (floating) {DIV} at (214,0) size 202x529 [border: (1px solid #ADD8E6)]
        RenderText {#text} at (1,1) size 200x527
          text run at (1,1) width 200: "also the division of"
          text run at (1,32) width 200: "the mind into the"
          text run at (1,63) width 87: "rational,"
          text run at (1,94) width 200: "concupiscent, and"
          text run at (1,125) width 200: "irascible elements,"
          text run at (1,156) width 200: "or of pleasures"
          text run at (1,187) width 200: "and desires into"
          text run at (1,218) width 165: "necessary and "
          text run at (166,218) width 35: "un" + hyphen string "-"
          text run at (1,249) width 183: "necessary\x{2014}these"
          text run at (1,280) width 200: "and other great"
          text run at (1,311) width 200: "forms of thought"
          text run at (1,342) width 180: "are all of them "
          text run at (181,342) width 20: "to"
          text run at (1,373) width 200: "be found in the"
          text run at (1,404) width 200: "Republic, and"
          text run at (1,435) width 200: "were probably"
          text run at (1,466) width 200: "first invented by"
          text run at (1,497) width 60: "Plato."
      RenderBlock (floating) {DIV} at (424,0) size 202x529 [border: (1px solid #ADD8E6)]
        RenderText {#text} at (1,1) size 200x527
          text run at (1,1) width 200: "also the division of"
          text run at (1,32) width 200: "the mind into the"
          text run at (1,63) width 87: "rational,"
          text run at (1,94) width 200: "concupiscent, and"
          text run at (1,125) width 200: "irascible elements,"
          text run at (1,156) width 200: "or of pleasures"
          text run at (1,187) width 200: "and desires into"
          text run at (1,218) width 165: "necessary and "
          text run at (166,218) width 35: "un" + hyphen string "-"
          text run at (1,249) width 183: "necessary\x{2014}these"
          text run at (1,280) width 200: "and other great"
          text run at (1,311) width 200: "forms of thought"
          text run at (1,342) width 180: "are all of them "
          text run at (181,342) width 20: "to"
          text run at (1,373) width 200: "be found in the"
          text run at (1,404) width 200: "Republic, and"
          text run at (1,435) width 200: "were probably"
          text run at (1,466) width 200: "first invented by"
          text run at (1,497) width 60: "Plato."
      RenderBlock (floating) {DIV} at (4,529) size 202x529 [border: (1px solid #ADD8E6)]
        RenderText {#text} at (1,1) size 200x527
          text run at (1,1) width 200: "also the division of"
          text run at (1,32) width 200: "the mind into the"
          text run at (1,63) width 87: "rational,"
          text run at (1,94) width 200: "concupiscent, and"
          text run at (1,125) width 200: "irascible elements,"
          text run at (1,156) width 200: "or of pleasures"
          text run at (1,187) width 200: "and desires into"
          text run at (1,218) width 165: "necessary and "
          text run at (166,218) width 35: "un" + hyphen string "-"
          text run at (1,249) width 183: "necessary\x{2014}these"
          text run at (1,280) width 200: "and other great"
          text run at (1,311) width 200: "forms of thought"
          text run at (1,342) width 180: "are all of them "
          text run at (181,342) width 20: "to"
          text run at (1,373) width 200: "be found in the"
          text run at (1,404) width 200: "Republic, and"
          text run at (1,435) width 200: "were probably"
          text run at (1,466) width 200: "first invented by"
          text run at (1,497) width 60: "Plato."
      RenderBlock (floating) {DIV} at (214,529) size 202x529 [border: (1px solid #ADD8E6)]
        RenderText {#text} at (1,1) size 200x527
          text run at (1,1) width 200: "also the division of"
          text run at (1,32) width 200: "the mind into the"
          text run at (1,63) width 87: "rational,"
          text run at (1,94) width 200: "concupiscent, and"
          text run at (1,125) width 200: "irascible elements,"
          text run at (1,156) width 200: "or of pleasures"
          text run at (1,187) width 200: "and desires into"
          text run at (1,218) width 200: "necessary and"
          text run at (1,249) width 155: "unnecessary\x{2014}"
          text run at (1,280) width 200: "these and other"
          text run at (1,311) width 200: "great forms of"
          text run at (1,342) width 200: "thought are all of"
          text run at (1,373) width 66: "them "
          text run at (67,373) width 134: "to be found"
          text run at (1,404) width 200: "in the Republic,"
          text run at (1,435) width 200: "and were probably"
          text run at (1,466) width 200: "first invented by"
          text run at (1,497) width 60: "Plato."
