layer at (0,0) size 800x600
  RenderView at (0,0) size 800x600
layer at (0,0) size 800x600
  RenderBlock {HTML} at (0,0) size 800x600
    RenderBody {BODY} at (8,8) size 784x584
      RenderBlock {P} at (0,0) size 784x36
        RenderInline {A} at (0,0) size 305x18 [color=#0000EE]
          RenderText {#text} at (0,0) size 305x18
            text run at (0,0) width 305: "https://bugs.webkit.org/show_bug.cgi?id=25066"
        RenderBR {BR} at (305,14) size 0x0
        RenderText {#text} at (0,18) size 415x18
          text run at (0,18) width 415: "controls should not be misplaced when video gets a RenderLayer."
      RenderBlock (anonymous) at (0,52) size 784x252
        RenderText {#text} at (0,0) size 0x0
        RenderText {#text} at (0,0) size 0x0
layer at (58,110) size 302x152
  RenderVideo {VIDEO} at (50,50) size 302x152 [border: (1px solid #000000)]
layer at (59,111) size 300x150
  RenderDeprecatedFlexibleBox (relative positioned) {DIV} at (1,1) size 300x150
    RenderBlock {DIV} at (0,115) size 300x35
layer at (64,226) size 290x30 scrollHeight 36
  RenderDeprecatedFlexibleBox (relative positioned) {DIV} at (5,0) size 290x30 [bgcolor=#141414CC]
    RenderBlock (anonymous) at (0,0) size 48x30
      RenderButton {INPUT} at (9,-1) size 30x31
    RenderSlider {INPUT} at (48,11) size 81x8
      RenderDeprecatedFlexibleBox {DIV} at (0,0) size 81x8 [border: (1px solid #828282)]
        RenderBlock {DIV} at (1,1) size 61x24
        RenderBlock {DIV} at (55,1) size 32x24
    RenderDeprecatedFlexibleBox {DIV} at (144,0) size 25x30 [color=#FFFFFF]
      RenderBlock (anonymous) at (0,0) size 25x30
        RenderText {#text} at (0,7) size 25x15
          text run at (0,7) width 25: "0:00"
    RenderBlock (anonymous) at (178,0) size 41x30
      RenderButton {INPUT} at (0,-1) size 35x31
    RenderSlider {INPUT} at (219,11) size 22x8
      RenderDeprecatedFlexibleBox {DIV} at (0,0) size 22x8 [border: (1px solid #828282)]
        RenderBlock {DIV} at (1,1) size 10x24
        RenderBlock {DIV} at (4,1) size 24x24
    RenderBlock (anonymous) at (256,0) size 34x30
      RenderButton {INPUT} at (-5,-1) size 30x31
layer at (106,229) size 32x24
  RenderBlock (relative positioned) {DIV} at (-7,-8) size 32x24
layer at (287,229) size 24x24
  RenderBlock (relative positioned) {DIV} at (-7,-8) size 24x24
