layer at (0,0) size 800x600
  RenderView at (0,0) size 800x600
layer at (0,0) size 800x176
  RenderBlock {html} at (0,0) size 800x176
    RenderBody {body} at (8,16) size 784x144
      RenderBlock {parsererror} at (16,0) size 752x144 [bgcolor=#FFDDDD] [border: (2px solid #CC7777)]
        RenderBlock {h3} at (18,20) size 716x26
          RenderText {#text} at (0,0) size 324x26
            text run at (0,0) width 324: "This page contains the following errors:"
        RenderBlock {div} at (18,64) size 716x16
          RenderText {#text} at (0,0) size 333x16
            text run at (0,0) width 333: "error on line 3 at column 0: Premature end of document."
        RenderBlock {h3} at (18,98) size 716x26
          RenderText {#text} at (0,0) size 429x26
            text run at (0,0) width 429: "Below is a rendering of the page up to the first error."
