layer at (0,0) size 800x600
  RenderView at (0,0) size 800x600
layer at (0,0) size 800x60
  RenderBlock {html} at (0,0) size 800x60
    RenderBody {body} at (8,8) size 784x44
      RenderText {#text} at (0,0) size 182x22
        text run at (0,0) width 182: "This tests the behaviour of "
      RenderInline {code} at (0,0) size 200x17
        RenderText {#text} at (182,3) size 200x17
          text run at (182,3) width 200: "SVGLocatable::getScreenCTM()"
      RenderText {#text} at (382,0) size 120x22
        text run at (382,0) width 120: " in mixed content "
      RenderBR {br} at (502,0) size 0x22
      RenderText {#text} at (0,22) size 335x22
        text run at (0,22) width 335: "If the test passes you should see a green rectangle."
layer at (30,100) size 400x200
  RenderBlock (positioned) {div} at (30,100) size 400x200
    RenderSVGRoot {svg} at (30,100) size 400x200
      RenderSVGPath {rect} at (30,100) size 400x200 [fill={[type=SOLID] [color=#008000]}] [x=0.00] [y=0.00] [width=200.00] [height=100.00]
    RenderText {#text} at (0,0) size 0x0
