layer at (0,0) size 784x722
  RenderView at (0,0) size 784x600
layer at (0,0) size 784x722
  RenderBlock {HTML} at (0,0) size 784x722
    RenderBody {BODY} at (8,8) size 768x706
      RenderBlock {DIV} at (0,0) size 32x706 [border: (1px solid #FF0000)]
        RenderTextControl {INPUT} at (3,3) size 166x26
        RenderTextControl {INPUT} at (3,33) size 166x26
        RenderText {#text} at (0,0) size 0x0
        RenderImage {IMG} at (1,61) size 27x27 [border: (1px solid #000000)]
        RenderImage {IMG} at (1,88) size 27x27 [border: (1px solid #000000)]
        RenderText {#text} at (0,0) size 0x0
        RenderButton {INPUT} at (3,117) size 48x34 [bgcolor=#C0C0C0]
          RenderBlock (anonymous) at (6,6) size 36x22
            RenderText at (0,0) size 36x22
              text run at (0,0) width 36: "input"
        RenderButton {INPUT} at (3,155) size 48x34 [bgcolor=#C0C0C0]
          RenderBlock (anonymous) at (6,6) size 36x22
            RenderText at (0,0) size 36x22
              text run at (0,0) width 36: "input"
        RenderText {#text} at (0,0) size 0x0
        RenderButton {BUTTON} at (3,193) size 57x34 [bgcolor=#C0C0C0]
          RenderBlock (anonymous) at (6,6) size 45x22
            RenderText {#text} at (0,0) size 45x22
              text run at (0,0) width 45: "button"
        RenderButton {BUTTON} at (3,231) size 57x34 [bgcolor=#C0C0C0]
          RenderBlock (anonymous) at (6,6) size 45x22
            RenderText {#text} at (0,0) size 45x22
              text run at (0,0) width 45: "button"
        RenderText {#text} at (0,0) size 0x0
        RenderMenuList {SELECT} at (3,269) size 64x27 [bgcolor=#FFFFFF]
          RenderBlock (anonymous) at (4,2) size 36x22
            RenderText at (0,0) size 36x22
              text run at (0,0) width 36: "select"
        RenderMenuList {SELECT} at (3,300) size 64x27 [bgcolor=#FFFFFF]
          RenderBlock (anonymous) at (4,2) size 36x22
            RenderText at (0,0) size 36x22
              text run at (0,0) width 36: "select"
        RenderText {#text} at (0,0) size 0x0
        RenderListBox {SELECT} at (3,331) size 58x93 [bgcolor=#FFFFFF] [border: (1px inset #808080)]
        RenderListBox {SELECT} at (3,428) size 58x93 [bgcolor=#FFFFFF] [border: (1px inset #808080)]
        RenderText {#text} at (0,0) size 0x0
        RenderBlock {INPUT} at (4,526) size 13x13
        RenderBlock {INPUT} at (4,545) size 13x13
        RenderText {#text} at (0,0) size 0x0
        RenderBlock {INPUT} at (4,564) size 12x12
        RenderBlock {INPUT} at (4,582) size 12x12
        RenderText {#text} at (0,0) size 0x0
        RenderPartObject {IFRAME} at (1,597) size 27x27 [border: (1px solid #000000)]
          layer at (0,0) size 25x25
            RenderView at (0,0) size 25x25
          layer at (0,0) size 25x25
            RenderBlock {HTML} at (0,0) size 25x25
              RenderBody {BODY} at (8,8) size 9x9
        RenderPartObject {IFRAME} at (1,624) size 27x27 [border: (1px solid #000000)]
          layer at (0,0) size 25x25
            RenderView at (0,0) size 25x25
          layer at (0,0) size 25x25
            RenderBlock {HTML} at (0,0) size 25x25
              RenderBody {BODY} at (8,8) size 9x9
        RenderText {#text} at (0,0) size 0x0
        RenderEmbeddedObject {EMBED} at (1,651) size 27x27 [border: (1px solid #000000)]
        RenderEmbeddedObject {EMBED} at (1,678) size 27x27 [border: (1px solid #000000)]
        RenderText {#text} at (0,0) size 0x0
layer at (13,13) size 162x22
  RenderBlock {DIV} at (2,2) size 162x22
layer at (13,43) size 162x22
  RenderBlock {DIV} at (2,2) size 162x22
