layer at (0,0) size 800x600
  RenderView at (0,0) size 800x600
layer at (0,0) size 800x600
  RenderBlock {HTML} at (0,0) size 800x600
    RenderBody {BODY} at (8,8) size 784x584
      RenderBlock (anonymous) at (0,0) size 784x22
        RenderText {#text} at (0,0) size 327x22
          text run at (0,0) width 327: "The following sets of buttons should not overlap."
      RenderTable {TABLE} at (0,22) size 784x42
        RenderTableSection {TBODY} at (0,0) size 784x42
          RenderTableRow {TR} at (0,1) size 784x40
            RenderTableCell {TD} at (1,1) size 80x40 [r=0 c=0 rs=1 cs=1]
              RenderButton {INPUT} at (1,3) size 78x34 [bgcolor=#C0C0C0]
                RenderBlock (anonymous) at (6,6) size 66x22
                  RenderText at (0,0) size 66x22
                    text run at (0,0) width 66: "New Mail"
            RenderTableCell {TD} at (82,1) size 54x40 [r=0 c=1 rs=1 cs=1]
              RenderButton {INPUT} at (1,3) size 52x34 [bgcolor=#C0C0C0]
                RenderBlock (anonymous) at (6,6) size 40x22
                  RenderText at (0,0) size 40x22
                    text run at (0,0) width 40: "Reply"
            RenderTableCell {TD} at (137,1) size 78x40 [r=0 c=2 rs=1 cs=1]
              RenderButton {INPUT} at (1,3) size 76x34 [bgcolor=#C0C0C0]
                RenderBlock (anonymous) at (6,6) size 64x22
                  RenderText at (0,0) size 64x22
                    text run at (0,0) width 64: "Reply All"
            RenderTableCell {TD} at (216,9) size 567x24 [r=0 c=3 rs=1 cs=1]
              RenderText {#text} at (1,1) size 4x22
                text run at (1,1) width 4: " "
      RenderBlock (anonymous) at (0,64) size 784x44
        RenderBR {BR} at (0,0) size 0x22
        RenderBR {BR} at (0,22) size 0x22
      RenderTable {TABLE} at (0,108) size 784x42
        RenderTableSection {TBODY} at (0,0) size 784x42
          RenderTableRow {TR} at (0,1) size 784x40
            RenderTableCell {TD} at (1,1) size 80x40 [r=0 c=0 rs=1 cs=1]
              RenderButton {INPUT} at (1,3) size 78x34 [bgcolor=#C0C0C0]
                RenderBlock (anonymous) at (6,6) size 66x22
                  RenderText at (0,0) size 66x22
                    text run at (0,0) width 66: "New Mail"
            RenderTableCell {TD} at (82,1) size 54x40 [r=0 c=1 rs=1 cs=1]
              RenderButton {INPUT} at (1,3) size 52x34 [bgcolor=#C0C0C0]
                RenderBlock (anonymous) at (6,6) size 40x22
                  RenderText at (0,0) size 40x22
                    text run at (0,0) width 40: "Reply"
            RenderTableCell {TD} at (137,1) size 78x40 [r=0 c=2 rs=1 cs=1]
              RenderButton {INPUT} at (1,3) size 76x34 [bgcolor=#C0C0C0]
                RenderBlock (anonymous) at (6,6) size 64x22
                  RenderText at (0,0) size 64x22
                    text run at (0,0) width 64: "Reply All"
            RenderTableCell {TD} at (216,9) size 567x24 [r=0 c=3 rs=1 cs=1]
              RenderText {#text} at (1,1) size 4x22
                text run at (1,1) width 4: " "
