layer at (0,0) size 784x952
  RenderView at (0,0) size 784x600
layer at (0,0) size 784x952
  RenderBlock {HTML} at (0,0) size 784x952
    RenderBody {BODY} at (8,8) size 768x936
      RenderBlock {HR} at (0,0) size 768x2 [border: (1px inset #000000)]
      RenderBlock {H3} at (0,20) size 768x26
        RenderText {#text} at (0,0) size 62x26
          text run at (0,0) width 62: "Table 1"
      RenderBlock {PRE} at (0,64) size 768x68
        RenderText {#text} at (0,0) size 204x68
          text run at (0,0) width 204: "<TABLE width=\"500\" border=1>"
          text run at (204,0) width 0: " "
          text run at (0,17) width 91: "<COLGROUP>"
          text run at (91,17) width 0: " "
          text run at (0,34) width 91: "<COLGROUP>"
          text run at (91,34) width 0: " "
          text run at (0,51) width 163: "<COLGROUP width=\"0*\">"
          text run at (163,51) width 0: " "
      RenderTable {TABLE} at (0,145) size 500x88 [border: (1px outset #808080)]
        RenderTableCol {COLGROUP} at (0,0) size 0x0
        RenderTableCol {COLGROUP} at (0,0) size 0x0
        RenderTableCol {COLGROUP} at (0,0) size 0x0
        RenderTableSection {TBODY} at (1,1) size 498x86
          RenderTableRow {TR} at (0,2) size 498x26
            RenderTableCell {TD} at (2,2) size 163x26 [border: (1px inset #808080)] [r=0 c=0 rs=1 cs=1]
              RenderText {#text} at (2,2) size 43x22
                text run at (2,2) width 43: "Cell A"
            RenderTableCell {TD} at (167,2) size 163x26 [border: (1px inset #808080)] [r=0 c=1 rs=1 cs=1]
              RenderText {#text} at (2,2) size 42x22
                text run at (2,2) width 42: "Cell B"
            RenderTableCell {TD} at (332,2) size 164x26 [border: (1px inset #808080)] [r=0 c=2 rs=1 cs=1]
              RenderText {#text} at (2,2) size 43x22
                text run at (2,2) width 43: "Cell C"
          RenderTableRow {TR} at (0,30) size 498x26
            RenderTableCell {TD} at (2,30) size 163x26 [border: (1px inset #808080)] [r=1 c=0 rs=1 cs=1]
              RenderText {#text} at (2,2) size 43x22
                text run at (2,2) width 43: "Cell D"
            RenderTableCell {TD} at (167,30) size 163x26 [border: (1px inset #808080)] [r=1 c=1 rs=1 cs=1]
              RenderText {#text} at (2,2) size 42x22
                text run at (2,2) width 42: "Cell E"
            RenderTableCell {TD} at (332,30) size 164x26 [border: (1px inset #808080)] [r=1 c=2 rs=1 cs=1]
              RenderText {#text} at (2,2) size 41x22
                text run at (2,2) width 41: "Cell F"
          RenderTableRow {TR} at (0,58) size 498x26
            RenderTableCell {TD} at (2,58) size 163x26 [border: (1px inset #808080)] [r=2 c=0 rs=1 cs=1]
              RenderText {#text} at (2,2) size 43x22
                text run at (2,2) width 43: "Cell G"
            RenderTableCell {TD} at (167,58) size 163x26 [border: (1px inset #808080)] [r=2 c=1 rs=1 cs=1]
              RenderText {#text} at (2,2) size 43x22
                text run at (2,2) width 43: "Cell H"
            RenderTableCell {TD} at (332,58) size 164x26 [border: (1px inset #808080)] [r=2 c=2 rs=1 cs=1]
              RenderText {#text} at (2,2) size 37x22
                text run at (2,2) width 37: "Cell I"
      RenderBlock {HR} at (0,241) size 768x2 [border: (1px inset #000000)]
      RenderBlock {H3} at (0,261) size 768x26
        RenderText {#text} at (0,0) size 77x26
          text run at (0,0) width 77: "Table 2.1"
      RenderBlock {PRE} at (0,305) size 768x68
        RenderText {#text} at (0,0) size 204x68
          text run at (0,0) width 204: "<TABLE width=\"500\" border=1>"
          text run at (204,0) width 0: " "
          text run at (0,17) width 163: "<COLGROUP width=\"1*\">"
          text run at (163,17) width 0: " "
          text run at (0,34) width 163: "<COLGROUP width=\"1*\">"
          text run at (163,34) width 0: " "
          text run at (0,51) width 163: "<COLGROUP width=\"0*\">"
          text run at (163,51) width 0: " "
      RenderTable {TABLE} at (0,386) size 500x88 [border: (1px outset #808080)]
        RenderTableCol {COLGROUP} at (0,0) size 0x0
        RenderTableCol {COLGROUP} at (0,0) size 0x0
        RenderTableCol {COLGROUP} at (0,0) size 0x0
        RenderTableSection {TBODY} at (1,1) size 498x86
          RenderTableRow {TR} at (0,2) size 498x26
            RenderTableCell {TD} at (2,2) size 154x26 [border: (1px inset #808080)] [r=0 c=0 rs=1 cs=1]
              RenderText {#text} at (2,2) size 43x22
                text run at (2,2) width 43: "Cell A"
            RenderTableCell {TD} at (158,2) size 181x26 [border: (1px inset #808080)] [r=0 c=1 rs=1 cs=1]
              RenderText {#text} at (2,2) size 50x22
                text run at (2,2) width 50: "Cell_ B"
            RenderTableCell {TD} at (341,2) size 155x26 [border: (1px inset #808080)] [r=0 c=2 rs=1 cs=1]
              RenderText {#text} at (2,2) size 43x22
                text run at (2,2) width 43: "Cell C"
          RenderTableRow {TR} at (0,30) size 498x26
            RenderTableCell {TD} at (2,30) size 154x26 [border: (1px inset #808080)] [r=1 c=0 rs=1 cs=1]
              RenderText {#text} at (2,2) size 43x22
                text run at (2,2) width 43: "Cell D"
            RenderTableCell {TD} at (158,30) size 181x26 [border: (1px inset #808080)] [r=1 c=1 rs=1 cs=1]
              RenderText {#text} at (2,2) size 50x22
                text run at (2,2) width 50: "Cell_ E"
            RenderTableCell {TD} at (341,30) size 155x26 [border: (1px inset #808080)] [r=1 c=2 rs=1 cs=1]
              RenderText {#text} at (2,2) size 41x22
                text run at (2,2) width 41: "Cell F"
          RenderTableRow {TR} at (0,58) size 498x26
            RenderTableCell {TD} at (2,58) size 154x26 [border: (1px inset #808080)] [r=2 c=0 rs=1 cs=1]
              RenderText {#text} at (2,2) size 43x22
                text run at (2,2) width 43: "Cell G"
            RenderTableCell {TD} at (158,58) size 181x26 [border: (1px inset #808080)] [r=2 c=1 rs=1 cs=1]
              RenderText {#text} at (2,2) size 51x22
                text run at (2,2) width 51: "Cell_ H"
            RenderTableCell {TD} at (341,58) size 155x26 [border: (1px inset #808080)] [r=2 c=2 rs=1 cs=1]
              RenderText {#text} at (2,2) size 37x22
                text run at (2,2) width 37: "Cell I"
      RenderBlock {H3} at (0,492) size 768x26
        RenderText {#text} at (0,0) size 77x26
          text run at (0,0) width 77: "Table 2.2"
      RenderBlock {PRE} at (0,536) size 768x68
        RenderText {#text} at (0,0) size 204x68
          text run at (0,0) width 204: "<TABLE width=\"500\" border=1>"
          text run at (204,0) width 0: " "
          text run at (0,17) width 163: "<COLGROUP width=\"1*\">"
          text run at (163,17) width 0: " "
          text run at (0,34) width 163: "<COLGROUP width=\"2*\">"
          text run at (163,34) width 0: " "
          text run at (0,51) width 163: "<COLGROUP width=\"0*\">"
          text run at (163,51) width 0: " "
      RenderTable {TABLE} at (0,617) size 500x88 [border: (1px outset #808080)]
        RenderTableCol {COLGROUP} at (0,0) size 0x0
        RenderTableCol {COLGROUP} at (0,0) size 0x0
        RenderTableCol {COLGROUP} at (0,0) size 0x0
        RenderTableSection {TBODY} at (1,1) size 498x86
          RenderTableRow {TR} at (0,2) size 498x26
            RenderTableCell {TD} at (2,2) size 163x26 [border: (1px inset #808080)] [r=0 c=0 rs=1 cs=1]
              RenderText {#text} at (2,2) size 43x22
                text run at (2,2) width 43: "Cell A"
            RenderTableCell {TD} at (167,2) size 163x26 [border: (1px inset #808080)] [r=0 c=1 rs=1 cs=1]
              RenderText {#text} at (2,2) size 42x22
                text run at (2,2) width 42: "Cell B"
            RenderTableCell {TD} at (332,2) size 164x26 [border: (1px inset #808080)] [r=0 c=2 rs=1 cs=1]
              RenderText {#text} at (2,2) size 43x22
                text run at (2,2) width 43: "Cell C"
          RenderTableRow {TR} at (0,30) size 498x26
            RenderTableCell {TD} at (2,30) size 163x26 [border: (1px inset #808080)] [r=1 c=0 rs=1 cs=1]
              RenderText {#text} at (2,2) size 43x22
                text run at (2,2) width 43: "Cell D"
            RenderTableCell {TD} at (167,30) size 163x26 [border: (1px inset #808080)] [r=1 c=1 rs=1 cs=1]
              RenderText {#text} at (2,2) size 42x22
                text run at (2,2) width 42: "Cell E"
            RenderTableCell {TD} at (332,30) size 164x26 [border: (1px inset #808080)] [r=1 c=2 rs=1 cs=1]
              RenderText {#text} at (2,2) size 41x22
                text run at (2,2) width 41: "Cell F"
          RenderTableRow {TR} at (0,58) size 498x26
            RenderTableCell {TD} at (2,58) size 163x26 [border: (1px inset #808080)] [r=2 c=0 rs=1 cs=1]
              RenderText {#text} at (2,2) size 43x22
                text run at (2,2) width 43: "Cell G"
            RenderTableCell {TD} at (167,58) size 163x26 [border: (1px inset #808080)] [r=2 c=1 rs=1 cs=1]
              RenderText {#text} at (2,2) size 43x22
                text run at (2,2) width 43: "Cell H"
            RenderTableCell {TD} at (332,58) size 164x26 [border: (1px inset #808080)] [r=2 c=2 rs=1 cs=1]
              RenderText {#text} at (2,2) size 37x22
                text run at (2,2) width 37: "Cell I"
      RenderBlock {H3} at (0,723) size 768x26
        RenderText {#text} at (0,0) size 77x26
          text run at (0,0) width 77: "Table 3.1"
      RenderBlock {PRE} at (0,767) size 768x68
        RenderText {#text} at (0,0) size 204x68
          text run at (0,0) width 204: "<TABLE width=\"500\" border=1>"
          text run at (204,0) width 0: " "
          text run at (0,17) width 163: "<COLGROUP width=\"1*\">"
          text run at (163,17) width 0: " "
          text run at (0,34) width 173: "<COLGROUP width=\"100\">"
          text run at (173,34) width 0: " "
          text run at (0,51) width 163: "<COLGROUP width=\"0*\">"
          text run at (163,51) width 0: " "
      RenderTable {TABLE} at (0,848) size 500x88 [border: (1px outset #808080)]
        RenderTableCol {COLGROUP} at (0,0) size 0x0
        RenderTableCol {COLGROUP} at (0,0) size 0x0
        RenderTableCol {COLGROUP} at (0,0) size 0x0
        RenderTableSection {TBODY} at (1,1) size 498x86
          RenderTableRow {TR} at (0,2) size 498x26
            RenderTableCell {TD} at (2,2) size 195x26 [border: (1px inset #808080)] [r=0 c=0 rs=1 cs=1]
              RenderText {#text} at (2,2) size 43x22
                text run at (2,2) width 43: "Cell A"
            RenderTableCell {TD} at (199,2) size 100x26 [border: (1px inset #808080)] [r=0 c=1 rs=1 cs=1]
              RenderText {#text} at (2,2) size 42x22
                text run at (2,2) width 42: "Cell B"
            RenderTableCell {TD} at (301,2) size 195x26 [border: (1px inset #808080)] [r=0 c=2 rs=1 cs=1]
              RenderText {#text} at (2,2) size 43x22
                text run at (2,2) width 43: "Cell C"
          RenderTableRow {TR} at (0,30) size 498x26
            RenderTableCell {TD} at (2,30) size 195x26 [border: (1px inset #808080)] [r=1 c=0 rs=1 cs=1]
              RenderText {#text} at (2,2) size 43x22
                text run at (2,2) width 43: "Cell D"
            RenderTableCell {TD} at (199,30) size 100x26 [border: (1px inset #808080)] [r=1 c=1 rs=1 cs=1]
              RenderText {#text} at (2,2) size 42x22
                text run at (2,2) width 42: "Cell E"
            RenderTableCell {TD} at (301,30) size 195x26 [border: (1px inset #808080)] [r=1 c=2 rs=1 cs=1]
              RenderText {#text} at (2,2) size 41x22
                text run at (2,2) width 41: "Cell F"
          RenderTableRow {TR} at (0,58) size 498x26
            RenderTableCell {TD} at (2,58) size 195x26 [border: (1px inset #808080)] [r=2 c=0 rs=1 cs=1]
              RenderText {#text} at (2,2) size 43x22
                text run at (2,2) width 43: "Cell G"
            RenderTableCell {TD} at (199,58) size 100x26 [border: (1px inset #808080)] [r=2 c=1 rs=1 cs=1]
              RenderText {#text} at (2,2) size 43x22
                text run at (2,2) width 43: "Cell H"
            RenderTableCell {TD} at (301,58) size 195x26 [border: (1px inset #808080)] [r=2 c=2 rs=1 cs=1]
              RenderText {#text} at (2,2) size 37x22
                text run at (2,2) width 37: "Cell I"
