layer at (0,0) size 800x600
  RenderView at (0,0) size 800x600
layer at (0,0) size 800x600
  RenderBlock {HTML} at (0,0) size 800x600
    RenderBody {BODY} at (8,8) size 784x576
      RenderBlock {P} at (0,0) size 784x18
        RenderText {#text} at (0,0) size 564x17
          text run at (0,0) width 564: "This tests for HIERARCHY_REQUEST_ERRs when calling Range::surroundContents."
      RenderBlock {DIV} at (0,34) size 784x22 [border: (1px solid #0000FF)]
        RenderBlock {DIV} at (1,1) size 782x20 [border: (1px solid #FF0000)]
          RenderText {#text} at (1,1) size 81x17
            text run at (1,1) width 81: "Hello world."
      RenderBlock {UL} at (0,72) size 784x0
