layer at (0,0) size 800x600
  RenderView at (0,0) size 800x600
layer at (0,0) size 800x250
  RenderBlock {HTML} at (0,0) size 800x250
    RenderBody {BODY} at (8,16) size 784x226
      RenderBlock {P} at (0,0) size 784x18
        RenderText {#text} at (0,0) size 303x18
          text run at (0,0) width 303: "Test passes if there is no red visible on the page."
      RenderTable {TABLE} at (0,34) size 192x192 [border: (2px none #808080)]
        RenderTableSection {TBODY} at (2,2) size 187x187
          RenderTableRow {TR} at (0,0) size 187x62
            RenderTableCell {TD} at (0,27) size 62x7 [border: (3px solid #000000)] [r=0 c=0 rs=1 cs=1]
            RenderTableCell {TD} at (62,27) size 62x7 [border: (3px solid #000000)] [r=0 c=1 rs=1 cs=1]
            RenderTableCell {TD} at (124,27) size 63x7 [border: (3px solid #000000)] [r=0 c=2 rs=1 cs=1]
          RenderTableRow {TR} at (0,62) size 187x62 [border: (5px solid #FF0000) none (5px solid #FF0000) none]
            RenderTableCell {TD} at (0,89) size 62x7 [border: (3px none #000000) (2px solid #000000) (2px none #000000) (3px solid #000000)] [r=1 c=0 rs=1 cs=1]
            RenderTableCell {TD} at (62,89) size 62x7 [border: (3px none #000000) (2px solid #000000) (2px none #000000) (3px solid #000000)] [r=1 c=1 rs=1 cs=1]
            RenderTableCell {TD} at (124,89) size 63x7 [border: (3px none #000000) (2px solid #000000) (2px none #000000) (3px solid #000000)] [r=1 c=2 rs=1 cs=1]
          RenderTableRow {TR} at (0,124) size 187x63
            RenderTableCell {TD} at (0,152) size 62x7 [border: (3px solid #000000)] [r=2 c=0 rs=1 cs=1]
            RenderTableCell {TD} at (62,152) size 62x7 [border: (3px solid #000000)] [r=2 c=1 rs=1 cs=1]
            RenderTableCell {TD} at (124,152) size 63x7 [border: (3px solid #000000)] [r=2 c=2 rs=1 cs=1]
