layer at (0,0) size 800x600
  RenderView at (0,0) size 800x600
layer at (0,0) size 800x84
  RenderBlock {HTML} at (0,0) size 800x84
    RenderBody {BODY} at (8,16) size 784x52
      RenderBlock {P} at (0,0) size 784x18
        RenderInline {SPAN} at (0,0) size 45x18
          RenderInline (generated) at (0,0) size 7x18
            RenderInline (generated) at (0,0) size 7x18 [color=#008000]
              RenderText at (0,0) size 7x18
                text run at (0,0) width 7: "\""
            RenderText at (0,0) size 0x0
          RenderInline (generated) at (0,0) size 9x18 [color=#008000]
            RenderText {#text} at (7,0) size 9x18
              text run at (7,0) width 9: "F"
          RenderText {#text} at (16,0) size 16x18
            text run at (16,0) width 16: "oo"
          RenderInline (generated) at (0,0) size 13x24 [border: (3px solid #008000)]
            RenderQuote at (35,0) size 7x18
              text run at (35,0) width 7: "\""
      RenderBlock {P} at (0,34) size 784x18
        RenderInline {SPAN} at (0,0) size 20x18
          RenderInline (generated) at (0,0) size 7x18
            RenderInline (generated) at (0,0) size 7x18 [color=#008000]
              RenderText at (0,0) size 7x18
                text run at (0,0) width 7: "\""
            RenderText at (0,0) size 0x0
          RenderInline (generated) at (0,0) size 13x24 [border: (3px solid #008000)]
            RenderInline (generated) at (0,0) size 7x18 [color=#008000]
              RenderText at (10,0) size 7x18
                text run at (10,0) width 7: "\""
            RenderText at (0,0) size 0x0
