layer at (0,0) size 800x600
  RenderView at (0,0) size 800x600
layer at (0,0) size 800x52
  RenderBlock {html} at (0,0) size 800x52
    RenderBody {body} at (8,16) size 784x20
      RenderBlock {p} at (0,0) size 784x20
        RenderText {#text} at (0,0) size 301x18
          text run at (0,0) width 301: "The green square should be vertically centered: "
        RenderMathMLMath {math} at (301,0) size 31x20 [padding: 0 1 0 1]
          RenderBlock {mi} at (1,6) size 9x9
            RenderText {#text} at (0,-6) size 7x18
              text run at (0,-6) width 7: "x"
          RenderBlock {mtext} at (9,0) size 21x20
            RenderBlock {div} at (0,0) size 20x20 [bgcolor=#00FF00]
            RenderText {#text} at (0,0) size 0x0
        RenderText {#text} at (0,0) size 0x0
