layer at (0,0) size 800x844
  RenderView at (0,0) size 800x600
layer at (0,0) size 800x844
  RenderBlock {HTML} at (0,0) size 800x844
    RenderBody {BODY} at (8,8) size 784x820
      RenderBlock {H2} at (0,0) size 784x24
        RenderText {#text} at (0,1) size 119x22
          text run at (0,1) width 119: "Normal Weight"
      RenderBlock {P} at (0,40) size 784x20
        RenderText {#text} at (0,0) size 670x20
          text run at (0,0) width 670: "Body Text: Lorem ipsum dolor sit amet, consectetur adipiscing elit. Quisque ornare ornare mi"
      RenderBlock {H2} at (0,76) size 784x24
        RenderText {#text} at (0,1) size 91x22
          text run at (0,1) width 91: "100 Weight"
      RenderBlock {P} at (0,116) size 784x20
        RenderText {#text} at (0,0) size 635x20
          text run at (0,0) width 635: "Body Text: Lorem ipsum dolor sit amet, consectetur adipiscing elit. Quisque ornare ornare mi"
      RenderBlock {H2} at (0,152) size 784x24
        RenderText {#text} at (0,1) size 93x22
          text run at (0,1) width 93: "200 Weight"
      RenderBlock {P} at (0,192) size 784x20
        RenderText {#text} at (0,0) size 643x20
          text run at (0,0) width 643: "Body Text: Lorem ipsum dolor sit amet, consectetur adipiscing elit. Quisque ornare ornare mi"
      RenderBlock {H2} at (0,228) size 784x24
        RenderText {#text} at (0,1) size 93x22
          text run at (0,1) width 93: "300 Weight"
      RenderBlock {P} at (0,268) size 784x20
        RenderText {#text} at (0,0) size 658x20
          text run at (0,0) width 658: "Body Text: Lorem ipsum dolor sit amet, consectetur adipiscing elit. Quisque ornare ornare mi"
      RenderBlock {H2} at (0,304) size 784x24
        RenderText {#text} at (0,1) size 94x22
          text run at (0,1) width 94: "400 Weight"
      RenderBlock {P} at (0,344) size 784x20
        RenderText {#text} at (0,0) size 670x20
          text run at (0,0) width 670: "Body Text: Lorem ipsum dolor sit amet, consectetur adipiscing elit. Quisque ornare ornare mi"
      RenderBlock {H2} at (0,380) size 784x24
        RenderText {#text} at (0,1) size 93x22
          text run at (0,1) width 93: "500 Weight"
      RenderBlock {P} at (0,420) size 784x20
        RenderText {#text} at (0,0) size 686x20
          text run at (0,0) width 686: "Body Text: Lorem ipsum dolor sit amet, consectetur adipiscing elit. Quisque ornare ornare mi"
      RenderBlock {H2} at (0,456) size 784x24
        RenderText {#text} at (0,1) size 97x22
          text run at (0,1) width 97: "Bold Weight"
      RenderBlock {P} at (0,496) size 784x20
        RenderText {#text} at (0,0) size 716x20
          text run at (0,0) width 716: "Body Text: Lorem ipsum dolor sit amet, consectetur adipiscing elit. Quisque ornare ornare mi"
      RenderBlock {H2} at (0,532) size 784x24
        RenderText {#text} at (0,1) size 94x22
          text run at (0,1) width 94: "600 Weight"
      RenderBlock {P} at (0,572) size 784x20
        RenderText {#text} at (0,0) size 699x20
          text run at (0,0) width 699: "Body Text: Lorem ipsum dolor sit amet, consectetur adipiscing elit. Quisque ornare ornare mi"
      RenderBlock {H2} at (0,608) size 784x24
        RenderText {#text} at (0,1) size 92x22
          text run at (0,1) width 92: "700 Weight"
      RenderBlock {P} at (0,648) size 784x20
        RenderText {#text} at (0,0) size 716x20
          text run at (0,0) width 716: "Body Text: Lorem ipsum dolor sit amet, consectetur adipiscing elit. Quisque ornare ornare mi"
      RenderBlock {H2} at (0,684) size 784x24
        RenderText {#text} at (0,1) size 94x22
          text run at (0,1) width 94: "800 Weight"
      RenderBlock {P} at (0,724) size 784x20
        RenderText {#text} at (0,0) size 740x20
          text run at (0,0) width 740: "Body Text: Lorem ipsum dolor sit amet, consectetur adipiscing elit. Quisque ornare ornare mi"
      RenderBlock {H2} at (0,760) size 784x24
        RenderText {#text} at (0,1) size 94x22
          text run at (0,1) width 94: "900 Weight"
      RenderBlock {P} at (0,800) size 784x20
        RenderText {#text} at (0,0) size 762x20
          text run at (0,0) width 762: "Body Text: Lorem ipsum dolor sit amet, consectetur adipiscing elit. Quisque ornare ornare mi"
