layer at (0,0) size 784x2454
  RenderView at (0,0) size 784x600
layer at (0,0) size 784x2454
  RenderBlock {HTML} at (0,0) size 784x2454
    RenderBody {BODY} at (8,8) size 768x2438
      RenderBlock (anonymous) at (0,0) size 768x36
        RenderBR {BR} at (0,0) size 0x17
        RenderText {#text} at (0,18) size 78x17
          text run at (0,18) width 78: "table - color"
      RenderTable {TABLE} at (0,36) size 71x36 [bgcolor=#FFA500] [border: (1px outset #808080)]
        RenderTableSection {TBODY} at (1,1) size 69x34
          RenderTableRow {TR} at (0,6) size 69x22
            RenderTableCell {TD} at (6,6) size 26x22 [border: (1px inset #808080)] [r=0 c=0 rs=1 cs=1]
              RenderText {#text} at (2,2) size 22x17
                text run at (2,2) width 22: "foo"
            RenderTableCell {TD} at (38,6) size 25x22 [border: (1px inset #808080)] [r=0 c=1 rs=1 cs=1]
              RenderText {#text} at (2,2) size 21x17
                text run at (2,2) width 21: "bar"
      RenderBlock (anonymous) at (0,72) size 768x36
        RenderBR {BR} at (0,0) size 0x17
        RenderText {#text} at (0,18) size 84x17
          text run at (0,18) width 84: "table - image"
      RenderTable {TABLE} at (0,108) size 71x36 [border: (1px outset #808080)]
        RenderTableSection {TBODY} at (1,1) size 69x34
          RenderTableRow {TR} at (0,6) size 69x22
            RenderTableCell {TD} at (6,6) size 26x22 [border: (1px inset #808080)] [r=0 c=0 rs=1 cs=1]
              RenderText {#text} at (2,2) size 22x17
                text run at (2,2) width 22: "foo"
            RenderTableCell {TD} at (38,6) size 25x22 [border: (1px inset #808080)] [r=0 c=1 rs=1 cs=1]
              RenderText {#text} at (2,2) size 21x17
                text run at (2,2) width 21: "bar"
      RenderBlock (anonymous) at (0,144) size 768x36
        RenderBR {BR} at (0,0) size 0x17
        RenderText {#text} at (0,18) size 125x17
          text run at (0,18) width 125: "table - color, image"
      RenderTable {TABLE} at (0,180) size 71x36 [bgcolor=#FFA500] [border: (1px outset #808080)]
        RenderTableSection {TBODY} at (1,1) size 69x34
          RenderTableRow {TR} at (0,6) size 69x22
            RenderTableCell {TD} at (6,6) size 26x22 [border: (1px inset #808080)] [r=0 c=0 rs=1 cs=1]
              RenderText {#text} at (2,2) size 22x17
                text run at (2,2) width 22: "foo"
            RenderTableCell {TD} at (38,6) size 25x22 [border: (1px inset #808080)] [r=0 c=1 rs=1 cs=1]
              RenderText {#text} at (2,2) size 21x17
                text run at (2,2) width 21: "bar"
      RenderBlock (anonymous) at (0,216) size 768x36
        RenderBR {BR} at (0,0) size 0x17
        RenderText {#text} at (0,18) size 70x17
          text run at (0,18) width 70: "cell - color"
      RenderTable {TABLE} at (0,252) size 71x36 [border: (1px outset #808080)]
        RenderTableSection {TBODY} at (1,1) size 69x34
          RenderTableRow {TR} at (0,6) size 69x22
            RenderTableCell {TD} at (6,6) size 26x22 [bgcolor=#FF55DD] [border: (1px inset #808080)] [r=0 c=0 rs=1 cs=1]
              RenderText {#text} at (2,2) size 22x17
                text run at (2,2) width 22: "foo"
            RenderTableCell {TD} at (38,6) size 25x22 [border: (1px inset #808080)] [r=0 c=1 rs=1 cs=1]
              RenderText {#text} at (2,2) size 21x17
                text run at (2,2) width 21: "bar"
      RenderBlock (anonymous) at (0,288) size 768x36
        RenderBR {BR} at (0,0) size 0x17
        RenderText {#text} at (0,18) size 76x17
          text run at (0,18) width 76: "cell - image"
      RenderTable {TABLE} at (0,324) size 71x36 [border: (1px outset #808080)]
        RenderTableSection {TBODY} at (1,1) size 69x34
          RenderTableRow {TR} at (0,6) size 69x22
            RenderTableCell {TD} at (6,6) size 26x22 [border: (1px inset #808080)] [r=0 c=0 rs=1 cs=1]
              RenderText {#text} at (2,2) size 22x17
                text run at (2,2) width 22: "foo"
            RenderTableCell {TD} at (38,6) size 25x22 [border: (1px inset #808080)] [r=0 c=1 rs=1 cs=1]
              RenderText {#text} at (2,2) size 21x17
                text run at (2,2) width 21: "bar"
      RenderBlock (anonymous) at (0,360) size 768x36
        RenderBR {BR} at (0,0) size 0x17
        RenderText {#text} at (0,18) size 117x17
          text run at (0,18) width 117: "cell - color, image"
      RenderTable {TABLE} at (0,396) size 71x36 [border: (1px outset #808080)]
        RenderTableSection {TBODY} at (1,1) size 69x34
          RenderTableRow {TR} at (0,6) size 69x22
            RenderTableCell {TD} at (6,6) size 26x22 [bgcolor=#FF55DD] [border: (1px inset #808080)] [r=0 c=0 rs=1 cs=1]
              RenderText {#text} at (2,2) size 22x17
                text run at (2,2) width 22: "foo"
            RenderTableCell {TD} at (38,6) size 25x22 [border: (1px inset #808080)] [r=0 c=1 rs=1 cs=1]
              RenderText {#text} at (2,2) size 21x17
                text run at (2,2) width 21: "bar"
      RenderBlock (anonymous) at (0,432) size 768x36
        RenderBR {BR} at (0,0) size 0x17
        RenderText {#text} at (0,18) size 156x17
          text run at (0,18) width 156: "table - color; cell - color"
      RenderTable {TABLE} at (0,468) size 71x36 [bgcolor=#FFA500] [border: (1px outset #808080)]
        RenderTableSection {TBODY} at (1,1) size 69x34
          RenderTableRow {TR} at (0,6) size 69x22
            RenderTableCell {TD} at (6,6) size 26x22 [bgcolor=#FF55DD] [border: (1px inset #808080)] [r=0 c=0 rs=1 cs=1]
              RenderText {#text} at (2,2) size 22x17
                text run at (2,2) width 22: "foo"
            RenderTableCell {TD} at (38,6) size 25x22 [border: (1px inset #808080)] [r=0 c=1 rs=1 cs=1]
              RenderText {#text} at (2,2) size 21x17
                text run at (2,2) width 21: "bar"
      RenderBlock (anonymous) at (0,504) size 768x36
        RenderBR {BR} at (0,0) size 0x17
        RenderText {#text} at (0,18) size 162x17
          text run at (0,18) width 162: "table - image; cell - color"
      RenderTable {TABLE} at (0,540) size 71x36 [border: (1px outset #808080)]
        RenderTableSection {TBODY} at (1,1) size 69x34
          RenderTableRow {TR} at (0,6) size 69x22
            RenderTableCell {TD} at (6,6) size 26x22 [bgcolor=#FF55DD] [border: (1px inset #808080)] [r=0 c=0 rs=1 cs=1]
              RenderText {#text} at (2,2) size 22x17
                text run at (2,2) width 22: "foo"
            RenderTableCell {TD} at (38,6) size 25x22 [border: (1px inset #808080)] [r=0 c=1 rs=1 cs=1]
              RenderText {#text} at (2,2) size 21x17
                text run at (2,2) width 21: "bar"
      RenderBlock (anonymous) at (0,576) size 768x36
        RenderBR {BR} at (0,0) size 0x17
        RenderText {#text} at (0,18) size 168x17
          text run at (0,18) width 168: "table - image; cell - image"
      RenderTable {TABLE} at (0,612) size 71x36 [border: (1px outset #808080)]
        RenderTableSection {TBODY} at (1,1) size 69x34
          RenderTableRow {TR} at (0,6) size 69x22
            RenderTableCell {TD} at (6,6) size 26x22 [border: (1px inset #808080)] [r=0 c=0 rs=1 cs=1]
              RenderText {#text} at (2,2) size 22x17
                text run at (2,2) width 22: "foo"
            RenderTableCell {TD} at (38,6) size 25x22 [border: (1px inset #808080)] [r=0 c=1 rs=1 cs=1]
              RenderText {#text} at (2,2) size 21x17
                text run at (2,2) width 21: "bar"
      RenderBlock (anonymous) at (0,648) size 768x36
        RenderBR {BR} at (0,0) size 0x17
        RenderText {#text} at (0,18) size 104x17
          text run at (0,18) width 104: "row group color"
      RenderTable {TABLE} at (0,684) size 71x36 [border: (1px outset #808080)]
        RenderTableSection {TBODY} at (1,1) size 69x34 [bgcolor=#FF0000]
          RenderTableRow {TR} at (0,6) size 69x22
            RenderTableCell {TD} at (6,6) size 26x22 [border: (1px inset #808080)] [r=0 c=0 rs=1 cs=1]
              RenderText {#text} at (2,2) size 22x17
                text run at (2,2) width 22: "foo"
            RenderTableCell {TD} at (38,6) size 25x22 [border: (1px inset #808080)] [r=0 c=1 rs=1 cs=1]
              RenderText {#text} at (2,2) size 21x17
                text run at (2,2) width 21: "bar"
      RenderBlock (anonymous) at (0,720) size 768x36
        RenderBR {BR} at (0,0) size 0x17
        RenderText {#text} at (0,18) size 104x17
          text run at (0,18) width 104: "row group color"
      RenderTable {TABLE} at (0,756) size 71x70 [border: (1px outset #808080)]
        RenderTableSection {TBODY} at (1,1) size 69x34 [bgcolor=#FF0000]
          RenderTableRow {TR} at (0,6) size 69x22
            RenderTableCell {TD} at (6,6) size 26x22 [border: (1px inset #808080)] [r=0 c=0 rs=1 cs=1]
              RenderText {#text} at (2,2) size 22x17
                text run at (2,2) width 22: "foo"
            RenderTableCell {TD} at (38,6) size 25x22 [border: (1px inset #808080)] [r=0 c=1 rs=1 cs=1]
              RenderText {#text} at (2,2) size 21x17
                text run at (2,2) width 21: "bar"
        RenderTableSection {TBODY} at (1,35) size 69x34
          RenderTableRow {TR} at (0,6) size 69x22
            RenderTableCell {TD} at (6,6) size 26x22 [border: (1px inset #808080)] [r=0 c=0 rs=1 cs=1]
              RenderText {#text} at (2,2) size 22x17
                text run at (2,2) width 22: "foo"
            RenderTableCell {TD} at (38,6) size 25x22 [border: (1px inset #808080)] [r=0 c=1 rs=1 cs=1]
              RenderText {#text} at (2,2) size 21x17
                text run at (2,2) width 21: "bar"
      RenderBlock (anonymous) at (0,826) size 768x36
        RenderBR {BR} at (0,0) size 0x17
        RenderText {#text} at (0,18) size 62x17
          text run at (0,18) width 62: "row color"
      RenderTable {TABLE} at (0,862) size 71x36 [border: (1px outset #808080)]
        RenderTableSection {TBODY} at (1,1) size 69x34
          RenderTableRow {TR} at (0,6) size 69x22 [bgcolor=#FF0000]
            RenderTableCell {TD} at (6,6) size 26x22 [border: (1px inset #808080)] [r=0 c=0 rs=1 cs=1]
              RenderText {#text} at (2,2) size 22x17
                text run at (2,2) width 22: "foo"
            RenderTableCell {TD} at (38,6) size 25x22 [border: (1px inset #808080)] [r=0 c=1 rs=1 cs=1]
              RenderText {#text} at (2,2) size 21x17
                text run at (2,2) width 21: "bar"
      RenderBlock (anonymous) at (0,898) size 768x36
        RenderBR {BR} at (0,0) size 0x17
        RenderText {#text} at (0,18) size 62x17
          text run at (0,18) width 62: "row color"
      RenderTable {TABLE} at (0,934) size 71x64 [border: (1px outset #808080)]
        RenderTableSection {TBODY} at (1,1) size 69x62
          RenderTableRow {TR} at (0,6) size 69x22 [bgcolor=#FF0000]
            RenderTableCell {TD} at (6,6) size 26x22 [border: (1px inset #808080)] [r=0 c=0 rs=1 cs=1]
              RenderText {#text} at (2,2) size 22x17
                text run at (2,2) width 22: "foo"
            RenderTableCell {TD} at (38,6) size 25x22 [border: (1px inset #808080)] [r=0 c=1 rs=1 cs=1]
              RenderText {#text} at (2,2) size 21x17
                text run at (2,2) width 21: "bar"
          RenderTableRow {TR} at (0,34) size 69x22
            RenderTableCell {TD} at (6,34) size 26x22 [border: (1px inset #808080)] [r=1 c=0 rs=1 cs=1]
              RenderText {#text} at (2,2) size 22x17
                text run at (2,2) width 22: "foo"
            RenderTableCell {TD} at (38,34) size 25x22 [border: (1px inset #808080)] [r=1 c=1 rs=1 cs=1]
              RenderText {#text} at (2,2) size 21x17
                text run at (2,2) width 21: "bar"
      RenderBlock (anonymous) at (0,998) size 768x36
        RenderBR {BR} at (0,0) size 0x17
        RenderText {#text} at (0,18) size 68x17
          text run at (0,18) width 68: "row image"
      RenderTable {TABLE} at (0,1034) size 71x36 [border: (1px outset #808080)]
        RenderTableSection {TBODY} at (1,1) size 69x34
          RenderTableRow {TR} at (0,6) size 69x22
            RenderTableCell {TD} at (6,6) size 26x22 [border: (1px inset #808080)] [r=0 c=0 rs=1 cs=1]
              RenderText {#text} at (2,2) size 22x17
                text run at (2,2) width 22: "foo"
            RenderTableCell {TD} at (38,6) size 25x22 [border: (1px inset #808080)] [r=0 c=1 rs=1 cs=1]
              RenderText {#text} at (2,2) size 21x17
                text run at (2,2) width 21: "bar"
      RenderBlock (anonymous) at (0,1070) size 768x36
        RenderBR {BR} at (0,0) size 0x17
        RenderText {#text} at (0,18) size 148x17
          text run at (0,18) width 148: "table - color, row color"
      RenderTable {TABLE} at (0,1106) size 71x64 [bgcolor=#FFA500] [border: (1px outset #808080)]
        RenderTableSection {TBODY} at (1,1) size 69x62
          RenderTableRow {TR} at (0,6) size 69x22 [bgcolor=#FF0000]
            RenderTableCell {TD} at (6,6) size 26x22 [border: (1px inset #808080)] [r=0 c=0 rs=1 cs=1]
              RenderText {#text} at (2,2) size 22x17
                text run at (2,2) width 22: "foo"
            RenderTableCell {TD} at (38,6) size 25x22 [border: (1px inset #808080)] [r=0 c=1 rs=1 cs=1]
              RenderText {#text} at (2,2) size 21x17
                text run at (2,2) width 21: "bar"
          RenderTableRow {TR} at (0,34) size 69x22
            RenderTableCell {TD} at (6,34) size 26x22 [border: (1px inset #808080)] [r=1 c=0 rs=1 cs=1]
              RenderText {#text} at (2,2) size 22x17
                text run at (2,2) width 22: "foo"
            RenderTableCell {TD} at (38,34) size 25x22 [border: (1px inset #808080)] [r=1 c=1 rs=1 cs=1]
              RenderText {#text} at (2,2) size 21x17
                text run at (2,2) width 21: "bar"
      RenderBlock (anonymous) at (0,1170) size 768x36
        RenderBR {BR} at (0,0) size 0x17
        RenderText {#text} at (0,18) size 154x17
          text run at (0,18) width 154: "table - image, row color"
      RenderTable {TABLE} at (0,1206) size 71x64 [border: (1px outset #808080)]
        RenderTableSection {TBODY} at (1,1) size 69x62
          RenderTableRow {TR} at (0,6) size 69x22 [bgcolor=#FF0000]
            RenderTableCell {TD} at (6,6) size 26x22 [border: (1px inset #808080)] [r=0 c=0 rs=1 cs=1]
              RenderText {#text} at (2,2) size 22x17
                text run at (2,2) width 22: "foo"
            RenderTableCell {TD} at (38,6) size 25x22 [border: (1px inset #808080)] [r=0 c=1 rs=1 cs=1]
              RenderText {#text} at (2,2) size 21x17
                text run at (2,2) width 21: "bar"
          RenderTableRow {TR} at (0,34) size 69x22
            RenderTableCell {TD} at (6,34) size 26x22 [border: (1px inset #808080)] [r=1 c=0 rs=1 cs=1]
              RenderText {#text} at (2,2) size 22x17
                text run at (2,2) width 22: "foo"
            RenderTableCell {TD} at (38,34) size 25x22 [border: (1px inset #808080)] [r=1 c=1 rs=1 cs=1]
              RenderText {#text} at (2,2) size 21x17
                text run at (2,2) width 21: "bar"
      RenderBlock (anonymous) at (0,1270) size 768x36
        RenderBR {BR} at (0,0) size 0x17
        RenderText {#text} at (0,18) size 154x17
          text run at (0,18) width 154: "table - color; row image"
      RenderTable {TABLE} at (0,1306) size 71x36 [bgcolor=#FFA500] [border: (1px outset #808080)]
        RenderTableSection {TBODY} at (1,1) size 69x34
          RenderTableRow {TR} at (0,6) size 69x22
            RenderTableCell {TD} at (6,6) size 26x22 [border: (1px inset #808080)] [r=0 c=0 rs=1 cs=1]
              RenderText {#text} at (2,2) size 22x17
                text run at (2,2) width 22: "foo"
            RenderTableCell {TD} at (38,6) size 25x22 [border: (1px inset #808080)] [r=0 c=1 rs=1 cs=1]
              RenderText {#text} at (2,2) size 21x17
                text run at (2,2) width 21: "bar"
      RenderBlock (anonymous) at (0,1342) size 768x36
        RenderBR {BR} at (0,0) size 0x17
        RenderText {#text} at (0,18) size 160x17
          text run at (0,18) width 160: "table - image, row image"
      RenderTable {TABLE} at (0,1378) size 71x36 [border: (1px outset #808080)]
        RenderTableSection {TBODY} at (1,1) size 69x34
          RenderTableRow {TR} at (0,6) size 69x22
            RenderTableCell {TD} at (6,6) size 26x22 [border: (1px inset #808080)] [r=0 c=0 rs=1 cs=1]
              RenderText {#text} at (2,2) size 22x17
                text run at (2,2) width 22: "foo"
            RenderTableCell {TD} at (38,6) size 25x22 [border: (1px inset #808080)] [r=0 c=1 rs=1 cs=1]
              RenderText {#text} at (2,2) size 21x17
                text run at (2,2) width 21: "bar"
      RenderBlock (anonymous) at (0,1414) size 768x36
        RenderBR {BR} at (0,0) size 0x17
        RenderText {#text} at (0,18) size 216x17
          text run at (0,18) width 216: "table - color; row color; cell color"
      RenderTable {TABLE} at (0,1450) size 71x64 [bgcolor=#FFA500] [border: (1px outset #808080)]
        RenderTableSection {TBODY} at (1,1) size 69x62
          RenderTableRow {TR} at (0,6) size 69x22 [bgcolor=#FF0000]
            RenderTableCell {TD} at (6,6) size 26x22 [bgcolor=#FF55DD] [border: (1px inset #808080)] [r=0 c=0 rs=1 cs=1]
              RenderText {#text} at (2,2) size 22x17
                text run at (2,2) width 22: "foo"
            RenderTableCell {TD} at (38,6) size 25x22 [border: (1px inset #808080)] [r=0 c=1 rs=1 cs=1]
              RenderText {#text} at (2,2) size 21x17
                text run at (2,2) width 21: "bar"
          RenderTableRow {TR} at (0,34) size 69x22
            RenderTableCell {TD} at (6,34) size 26x22 [border: (1px inset #808080)] [r=1 c=0 rs=1 cs=1]
              RenderText {#text} at (2,2) size 22x17
                text run at (2,2) width 22: "foo"
            RenderTableCell {TD} at (38,34) size 25x22 [border: (1px inset #808080)] [r=1 c=1 rs=1 cs=1]
              RenderText {#text} at (2,2) size 21x17
                text run at (2,2) width 21: "bar"
      RenderBlock (anonymous) at (0,1514) size 768x36
        RenderBR {BR} at (0,0) size 0x17
        RenderText {#text} at (0,18) size 223x17
          text run at (0,18) width 223: "table - image; row color; cell color"
      RenderTable {TABLE} at (0,1550) size 71x64 [border: (1px outset #808080)]
        RenderTableSection {TBODY} at (1,1) size 69x62
          RenderTableRow {TR} at (0,6) size 69x22 [bgcolor=#FF0000]
            RenderTableCell {TD} at (6,6) size 26x22 [bgcolor=#FF55DD] [border: (1px inset #808080)] [r=0 c=0 rs=1 cs=1]
              RenderText {#text} at (2,2) size 22x17
                text run at (2,2) width 22: "foo"
            RenderTableCell {TD} at (38,6) size 25x22 [border: (1px inset #808080)] [r=0 c=1 rs=1 cs=1]
              RenderText {#text} at (2,2) size 21x17
                text run at (2,2) width 21: "bar"
          RenderTableRow {TR} at (0,34) size 69x22
            RenderTableCell {TD} at (6,34) size 26x22 [border: (1px inset #808080)] [r=1 c=0 rs=1 cs=1]
              RenderText {#text} at (2,2) size 22x17
                text run at (2,2) width 22: "foo"
            RenderTableCell {TD} at (38,34) size 25x22 [border: (1px inset #808080)] [r=1 c=1 rs=1 cs=1]
              RenderText {#text} at (2,2) size 21x17
                text run at (2,2) width 21: "bar"
      RenderBlock (anonymous) at (0,1614) size 768x36
        RenderBR {BR} at (0,0) size 0x17
        RenderText {#text} at (0,18) size 223x17
          text run at (0,18) width 223: "table - color; row image; cell color"
      RenderTable {TABLE} at (0,1650) size 71x64 [bgcolor=#FFA500] [border: (1px outset #808080)]
        RenderTableSection {TBODY} at (1,1) size 69x62
          RenderTableRow {TR} at (0,6) size 69x22
            RenderTableCell {TD} at (6,6) size 26x22 [bgcolor=#FF55DD] [border: (1px inset #808080)] [r=0 c=0 rs=1 cs=1]
              RenderText {#text} at (2,2) size 22x17
                text run at (2,2) width 22: "foo"
            RenderTableCell {TD} at (38,6) size 25x22 [border: (1px inset #808080)] [r=0 c=1 rs=1 cs=1]
              RenderText {#text} at (2,2) size 21x17
                text run at (2,2) width 21: "bar"
          RenderTableRow {TR} at (0,34) size 69x22
            RenderTableCell {TD} at (6,34) size 26x22 [border: (1px inset #808080)] [r=1 c=0 rs=1 cs=1]
              RenderText {#text} at (2,2) size 22x17
                text run at (2,2) width 22: "foo"
            RenderTableCell {TD} at (38,34) size 25x22 [border: (1px inset #808080)] [r=1 c=1 rs=1 cs=1]
              RenderText {#text} at (2,2) size 21x17
                text run at (2,2) width 21: "bar"
      RenderBlock (anonymous) at (0,1714) size 768x36
        RenderBR {BR} at (0,0) size 0x17
        RenderText {#text} at (0,18) size 223x17
          text run at (0,18) width 223: "table - color; row color; cell image"
      RenderTable {TABLE} at (0,1750) size 71x64 [bgcolor=#FFA500] [border: (1px outset #808080)]
        RenderTableSection {TBODY} at (1,1) size 69x62
          RenderTableRow {TR} at (0,6) size 69x22 [bgcolor=#FF0000]
            RenderTableCell {TD} at (6,6) size 26x22 [border: (1px inset #808080)] [r=0 c=0 rs=1 cs=1]
              RenderText {#text} at (2,2) size 22x17
                text run at (2,2) width 22: "foo"
            RenderTableCell {TD} at (38,6) size 25x22 [border: (1px inset #808080)] [r=0 c=1 rs=1 cs=1]
              RenderText {#text} at (2,2) size 21x17
                text run at (2,2) width 21: "bar"
          RenderTableRow {TR} at (0,34) size 69x22
            RenderTableCell {TD} at (6,34) size 26x22 [border: (1px inset #808080)] [r=1 c=0 rs=1 cs=1]
              RenderText {#text} at (2,2) size 22x17
                text run at (2,2) width 22: "foo"
            RenderTableCell {TD} at (38,34) size 25x22 [border: (1px inset #808080)] [r=1 c=1 rs=1 cs=1]
              RenderText {#text} at (2,2) size 21x17
                text run at (2,2) width 21: "bar"
      RenderBlock (anonymous) at (0,1814) size 768x36
        RenderBR {BR} at (0,0) size 0x17
        RenderText {#text} at (0,18) size 98x17
          text run at (0,18) width 98: "col group color"
      RenderTable {TABLE} at (0,1850) size 40x36 [border: (1px outset #808080)]
        RenderTableCol {COLGROUP} at (0,0) size 0x0 [bgcolor=#FF0000]
          RenderTableCol {COL} at (0,0) size 0x0
        RenderTableSection {TBODY} at (1,1) size 38x34
          RenderTableRow {TR} at (0,6) size 38x22
            RenderTableCell {TD} at (6,6) size 26x22 [border: (1px inset #808080)] [r=0 c=0 rs=1 cs=1]
              RenderText {#text} at (2,2) size 22x17
                text run at (2,2) width 22: "foo"
      RenderBlock (anonymous) at (0,1886) size 768x36
        RenderBR {BR} at (0,0) size 0x17
        RenderText {#text} at (0,18) size 57x17
          text run at (0,18) width 57: "col color"
      RenderTable {TABLE} at (0,1922) size 40x36 [border: (1px outset #808080)]
        RenderTableCol {COLGROUP} at (0,0) size 0x0
          RenderTableCol {COL} at (0,0) size 0x0 [bgcolor=#FF0000]
        RenderTableSection {TBODY} at (1,1) size 38x34
          RenderTableRow {TR} at (0,6) size 38x22
            RenderTableCell {TD} at (6,6) size 26x22 [border: (1px inset #808080)] [r=0 c=0 rs=1 cs=1]
              RenderText {#text} at (2,2) size 22x17
                text run at (2,2) width 22: "foo"
      RenderBlock (anonymous) at (0,1958) size 768x36
        RenderBR {BR} at (0,0) size 0x17
        RenderText {#text} at (0,18) size 235x17
          text run at (0,18) width 235: "table - image; row image; cell image"
      RenderTable {TABLE} at (0,1994) size 71x64 [border: (1px outset #808080)]
        RenderTableSection {TBODY} at (1,1) size 69x62
          RenderTableRow {TR} at (0,6) size 69x22
            RenderTableCell {TD} at (6,6) size 26x22 [border: (1px inset #808080)] [r=0 c=0 rs=1 cs=1]
              RenderText {#text} at (2,2) size 22x17
                text run at (2,2) width 22: "foo"
            RenderTableCell {TD} at (38,6) size 25x22 [border: (1px inset #808080)] [r=0 c=1 rs=1 cs=1]
              RenderText {#text} at (2,2) size 21x17
                text run at (2,2) width 21: "bar"
          RenderTableRow {TR} at (0,34) size 69x22
            RenderTableCell {TD} at (6,34) size 26x22 [border: (1px inset #808080)] [r=1 c=0 rs=1 cs=1]
              RenderText {#text} at (2,2) size 22x17
                text run at (2,2) width 22: "foo"
            RenderTableCell {TD} at (38,34) size 25x22 [border: (1px inset #808080)] [r=1 c=1 rs=1 cs=1]
              RenderText {#text} at (2,2) size 21x17
                text run at (2,2) width 21: "bar"
      RenderBlock (anonymous) at (0,2058) size 768x36
        RenderBR {BR} at (0,0) size 0x17
        RenderText {#text} at (0,18) size 239x17
          text run at (0,18) width 239: "table - color, tbodies color, row color"
      RenderTable {TABLE} at (0,2094) size 48x100 [bgcolor=#FFA500] [border: (1px outset #808080)]
        RenderTableSection {TBODY} at (7,7) size 34x56 [bgcolor=#FF0000]
          RenderTableRow {TR} at (0,4) size 34x22 [bgcolor=#FFFF00]
            RenderTableCell {TD} at (4,4) size 26x22 [border: (1px inset #808080)] [r=0 c=0 rs=1 cs=1]
              RenderText {#text} at (2,2) size 22x17
                text run at (2,2) width 22: "foo"
          RenderTableRow {TR} at (0,30) size 34x22
            RenderTableCell {TD} at (4,30) size 26x22 [border: (1px inset #808080)] [r=1 c=0 rs=1 cs=1]
              RenderText {#text} at (2,2) size 22x17
                text run at (2,2) width 22: "foo"
        RenderTableSection {TBODY} at (7,63) size 34x30 [bgcolor=#008000]
          RenderTableRow {TR} at (0,4) size 34x22
            RenderTableCell {TD} at (4,4) size 26x22 [border: (1px inset #808080)] [r=0 c=0 rs=1 cs=1]
              RenderText {#text} at (2,2) size 22x17
                text run at (2,2) width 22: "foo"
      RenderBlock (anonymous) at (0,2194) size 768x36
        RenderBR {BR} at (0,0) size 0x17
        RenderText {#text} at (0,18) size 63x17
          text run at (0,18) width 63: "col image"
      RenderTable {TABLE} at (0,2230) size 77x70 [border: (1px outset #808080)]
        RenderTableCol {COLGROUP} at (0,0) size 0x0
          RenderTableCol {COL} at (0,0) size 0x0 [bgcolor=#FF0000]
        RenderTableSection {TBODY} at (7,7) size 63x56
          RenderTableRow {TR} at (0,4) size 63x22
            RenderTableCell {TD} at (4,4) size 26x22 [border: (1px inset #808080)] [r=0 c=0 rs=1 cs=1]
              RenderText {#text} at (2,2) size 22x17
                text run at (2,2) width 22: "foo"
            RenderTableCell {TD} at (34,4) size 25x22 [border: (1px inset #808080)] [r=0 c=1 rs=1 cs=1]
              RenderText {#text} at (2,2) size 21x17
                text run at (2,2) width 21: "bar"
          RenderTableRow {TR} at (0,30) size 63x22
            RenderTableCell {TD} at (4,30) size 26x22 [border: (1px inset #808080)] [r=1 c=0 rs=1 cs=1]
              RenderText {#text} at (2,2) size 22x17
                text run at (2,2) width 22: "foo"
            RenderTableCell {TD} at (34,30) size 25x22 [border: (1px inset #808080)] [r=1 c=1 rs=1 cs=1]
              RenderText {#text} at (2,2) size 21x17
                text run at (2,2) width 21: "bar"
      RenderBlock (anonymous) at (0,2300) size 768x36
        RenderBR {BR} at (0,0) size 0x17
        RenderText {#text} at (0,18) size 378x17
          text run at (0,18) width 378: "table color; col group color; col color; row color; cell color"
      RenderTable {TABLE} at (0,2336) size 124x84 [bgcolor=#FFA500] [border: (1px outset #808080)]
        RenderTableCol {COLGROUP} at (0,0) size 0x0 [bgcolor=#FF0000]
          RenderTableCol {COL} at (0,0) size 0x0 [bgcolor=#FF9999]
          RenderTableCol {COL} at (0,0) size 0x0
        RenderTableCol {COLGROUP} at (0,0) size 0x0 [bgcolor=#0000FF]
          RenderTableCol {COL} at (0,0) size 0x0
          RenderTableCol {COL} at (0,0) size 0x0 [bgcolor=#9999FF]
        RenderTableSection {TBODY} at (1,1) size 122x82
          RenderTableRow {TR} at (0,4) size 122x22 [bgcolor=#FFFF00]
            RenderTableCell {TD} at (4,4) size 26x22 [border: (1px inset #808080)] [r=0 c=0 rs=1 cs=1]
              RenderText {#text} at (2,2) size 22x17
                text run at (2,2) width 22: "foo"
            RenderTableCell {TD} at (34,4) size 25x22 [bgcolor=#FFA500] [border: (1px inset #808080)] [r=0 c=1 rs=1 cs=1]
              RenderText {#text} at (2,2) size 21x17
                text run at (2,2) width 21: "bar"
            RenderTableCell {TD} at (63,4) size 26x22 [border: (1px inset #808080)] [r=0 c=2 rs=1 cs=1]
              RenderText {#text} at (2,2) size 22x17
                text run at (2,2) width 22: "foo"
            RenderTableCell {TD} at (93,4) size 25x22 [border: (1px inset #808080)] [r=0 c=3 rs=1 cs=1]
              RenderText {#text} at (2,2) size 21x17
                text run at (2,2) width 21: "bar"
          RenderTableRow {TR} at (0,30) size 122x22
            RenderTableCell {TD} at (4,30) size 26x22 [border: (1px inset #808080)] [r=1 c=0 rs=1 cs=1]
              RenderText {#text} at (2,2) size 22x17
                text run at (2,2) width 22: "foo"
            RenderTableCell {TD} at (34,30) size 25x22 [border: (1px inset #808080)] [r=1 c=1 rs=1 cs=1]
              RenderText {#text} at (2,2) size 21x17
                text run at (2,2) width 21: "bar"
            RenderTableCell {TD} at (63,30) size 26x22 [border: (1px inset #808080)] [r=1 c=2 rs=1 cs=1]
              RenderText {#text} at (2,2) size 22x17
                text run at (2,2) width 22: "foo"
            RenderTableCell {TD} at (93,30) size 25x22 [border: (1px inset #808080)] [r=1 c=3 rs=1 cs=1]
              RenderText {#text} at (2,2) size 21x17
                text run at (2,2) width 21: "bar"
          RenderTableRow {TR} at (0,56) size 122x22
            RenderTableCell {TD} at (4,56) size 26x22 [border: (1px inset #808080)] [r=2 c=0 rs=1 cs=1]
              RenderText {#text} at (2,2) size 22x17
                text run at (2,2) width 22: "foo"
            RenderTableCell {TD} at (34,56) size 25x22 [border: (1px inset #808080)] [r=2 c=1 rs=1 cs=1]
              RenderText {#text} at (2,2) size 21x17
                text run at (2,2) width 21: "bar"
            RenderTableCell {TD} at (63,56) size 26x22 [border: (1px inset #808080)] [r=2 c=2 rs=1 cs=1]
              RenderText {#text} at (2,2) size 22x17
                text run at (2,2) width 22: "foo"
            RenderTableCell {TD} at (93,56) size 25x22 [border: (1px inset #808080)] [r=2 c=3 rs=1 cs=1]
              RenderText {#text} at (2,2) size 21x17
                text run at (2,2) width 21: "bar"
      RenderBlock (anonymous) at (0,2420) size 768x18
        RenderText {#text} at (0,0) size 20x17
          text run at (0,0) width 20: "-->"
