layer at (0,0) size 784x2355
  RenderView at (0,0) size 784x600
layer at (0,0) size 784x2355
  RenderBlock {HTML} at (0,0) size 784x2355
    RenderBody {BODY} at (8,21) size 768x2326
      RenderBlock {H1} at (0,0) size 768x37
        RenderText {#text} at (0,0) size 541x36
          text run at (0,0) width 541: "Problems with COLSPAN and WIDTH"
      RenderBlock {P} at (0,58) size 768x18
        RenderText {#text} at (0,0) size 260x17
          text run at (0,0) width 260: "Each block of tables should be identical."
      RenderBlock {H2} at (0,95) size 768x27
        RenderText {#text} at (0,0) size 129x26
          text run at (0,0) width 129: "Sized Tables"
      RenderBlock {P} at (0,141) size 768x36
        RenderText {#text} at (0,0) size 744x35
          text run at (0,0) width 744: "The following tables have width=400, which should make them the same width as the red lines which are caused by"
          text run at (0,18) width 40: "DIVs:"
      RenderBlock {H3} at (0,195) size 768x22
        RenderText {#text} at (0,0) size 63x21
          text run at (0,0) width 63: "260/140"
      RenderBlock {DIV} at (0,235) size 406x6 [border: (3px solid #FF0000)]
      RenderTable {TABLE} at (0,241) size 400x46
        RenderTableSection {TBODY} at (0,0) size 400x46
          RenderTableRow {TR} at (0,2) size 400x20
            RenderTableCell {TD} at (2,2) size 252x20 [bgcolor=#00FF00] [r=0 c=0 rs=1 cs=1]
              RenderText {#text} at (1,1) size 32x17
                text run at (1,1) width 32: "plain"
            RenderTableCell {TD} at (256,2) size 142x20 [bgcolor=#FFFF00] [r=0 c=1 rs=1 cs=1]
              RenderText {#text} at (1,1) size 70x17
                text run at (1,1) width 70: "width=140"
          RenderTableRow {TR} at (0,24) size 400x20
            RenderTableCell {TD} at (2,24) size 396x20 [bgcolor=#FF00FF] [r=1 c=0 rs=1 cs=2]
              RenderText {#text} at (1,1) size 140x17
                text run at (1,1) width 140: "colspan=2 width=400"
      RenderBlock {DIV} at (0,287) size 406x6 [border: (3px solid #FF0000)]
      RenderTable {TABLE} at (0,293) size 400x46
        RenderTableSection {TBODY} at (0,0) size 400x46
          RenderTableRow {TR} at (0,2) size 400x20
            RenderTableCell {TD} at (2,2) size 262x20 [bgcolor=#00FF00] [r=0 c=0 rs=1 cs=1]
              RenderText {#text} at (1,1) size 70x17
                text run at (1,1) width 70: "width=260"
            RenderTableCell {TD} at (266,2) size 132x20 [bgcolor=#FFFF00] [r=0 c=1 rs=1 cs=1]
              RenderText {#text} at (1,1) size 32x17
                text run at (1,1) width 32: "plain"
          RenderTableRow {TR} at (0,24) size 400x20
            RenderTableCell {TD} at (2,24) size 396x20 [bgcolor=#FF00FF] [r=1 c=0 rs=1 cs=2]
              RenderText {#text} at (1,1) size 140x17
                text run at (1,1) width 140: "colspan=2 width=400"
      RenderBlock {DIV} at (0,339) size 406x6 [border: (3px solid #FF0000)]
      RenderTable {TABLE} at (0,345) size 400x46
        RenderTableSection {TBODY} at (0,0) size 400x46
          RenderTableRow {TR} at (0,2) size 400x20
            RenderTableCell {TD} at (2,2) size 254x20 [bgcolor=#00FF00] [r=0 c=0 rs=1 cs=1]
              RenderText {#text} at (1,1) size 70x17
                text run at (1,1) width 70: "width=260"
            RenderTableCell {TD} at (258,2) size 140x20 [bgcolor=#FFFF00] [r=0 c=1 rs=1 cs=1]
              RenderText {#text} at (1,1) size 70x17
                text run at (1,1) width 70: "width=140"
          RenderTableRow {TR} at (0,24) size 400x20
            RenderTableCell {TD} at (2,24) size 396x20 [bgcolor=#FF00FF] [r=1 c=0 rs=1 cs=2]
              RenderText {#text} at (1,1) size 140x17
                text run at (1,1) width 140: "colspan=2 width=400"
      RenderBlock {DIV} at (0,391) size 406x6 [border: (3px solid #FF0000)]
      RenderTable {TABLE} at (0,397) size 400x46
        RenderTableSection {TBODY} at (0,0) size 400x46
          RenderTableRow {TR} at (0,2) size 400x20
            RenderTableCell {TD} at (2,2) size 254x20 [bgcolor=#00FF00] [r=0 c=0 rs=1 cs=1]
              RenderText {#text} at (1,1) size 70x17
                text run at (1,1) width 70: "width=260"
            RenderTableCell {TD} at (258,2) size 140x20 [bgcolor=#FFFF00] [r=0 c=1 rs=1 cs=1]
              RenderText {#text} at (1,1) size 70x17
                text run at (1,1) width 70: "width=140"
          RenderTableRow {TR} at (0,24) size 400x20
            RenderTableCell {TD} at (2,24) size 396x20 [bgcolor=#FF00FF] [r=1 c=0 rs=1 cs=2]
              RenderText {#text} at (1,1) size 66x17
                text run at (1,1) width 66: "colspan=2"
      RenderBlock {DIV} at (0,443) size 406x6 [border: (3px solid #FF0000)]
      RenderTable {TABLE} at (0,449) size 400x46
        RenderTableSection {TBODY} at (0,0) size 400x46
          RenderTableRow {TR} at (0,2) size 400x20
            RenderTableCell {TD} at (2,2) size 256x20 [bgcolor=#00FF00] [r=0 c=0 rs=1 cs=1]
              RenderText {#text} at (1,1) size 75x17
                text run at (1,1) width 75: "width=65%"
            RenderTableCell {TD} at (260,2) size 138x20 [bgcolor=#FFFF00] [r=0 c=1 rs=1 cs=1]
              RenderText {#text} at (1,1) size 32x17
                text run at (1,1) width 32: "plain"
          RenderTableRow {TR} at (0,24) size 400x20
            RenderTableCell {TD} at (2,24) size 396x20 [bgcolor=#FF00FF] [r=1 c=0 rs=1 cs=2]
              RenderText {#text} at (1,1) size 66x17
                text run at (1,1) width 66: "colspan=2"
      RenderBlock {DIV} at (0,495) size 406x6 [border: (3px solid #FF0000)]
      RenderTable {TABLE} at (0,501) size 400x46
        RenderTableSection {TBODY} at (0,0) size 400x46
          RenderTableRow {TR} at (0,2) size 400x20
            RenderTableCell {TD} at (2,2) size 257x20 [bgcolor=#00FF00] [r=0 c=0 rs=1 cs=1]
              RenderText {#text} at (1,1) size 32x17
                text run at (1,1) width 32: "plain"
            RenderTableCell {TD} at (261,2) size 137x20 [bgcolor=#FFFF00] [r=0 c=1 rs=1 cs=1]
              RenderText {#text} at (1,1) size 75x17
                text run at (1,1) width 75: "width=35%"
          RenderTableRow {TR} at (0,24) size 400x20
            RenderTableCell {TD} at (2,24) size 396x20 [bgcolor=#FF00FF] [r=1 c=0 rs=1 cs=2]
              RenderText {#text} at (1,1) size 66x17
                text run at (1,1) width 66: "colspan=2"
      RenderBlock {DIV} at (0,547) size 406x6 [border: (3px solid #FF0000)]
      RenderTable {TABLE} at (0,553) size 400x46
        RenderTableSection {TBODY} at (0,0) size 400x46
          RenderTableRow {TR} at (0,2) size 400x20
            RenderTableCell {TD} at (2,2) size 257x20 [bgcolor=#00FF00] [r=0 c=0 rs=1 cs=1]
              RenderText {#text} at (1,1) size 75x17
                text run at (1,1) width 75: "width=65%"
            RenderTableCell {TD} at (261,2) size 137x20 [bgcolor=#FFFF00] [r=0 c=1 rs=1 cs=1]
              RenderText {#text} at (1,1) size 75x17
                text run at (1,1) width 75: "width=35%"
          RenderTableRow {TR} at (0,24) size 400x20
            RenderTableCell {TD} at (2,24) size 396x20 [bgcolor=#FF00FF] [r=1 c=0 rs=1 cs=2]
              RenderText {#text} at (1,1) size 66x17
                text run at (1,1) width 66: "colspan=2"
      RenderBlock {DIV} at (0,599) size 406x6 [border: (3px solid #FF0000)]
      RenderBlock {H3} at (0,623) size 768x22
        RenderText {#text} at (0,0) size 63x21
          text run at (0,0) width 63: "140/260"
      RenderBlock {DIV} at (0,663) size 406x6 [border: (3px solid #FF0000)]
      RenderTable {TABLE} at (0,669) size 400x46
        RenderTableSection {TBODY} at (0,0) size 400x46
          RenderTableRow {TR} at (0,2) size 400x20
            RenderTableCell {TD} at (2,2) size 142x20 [bgcolor=#00FF00] [r=0 c=0 rs=1 cs=1]
              RenderText {#text} at (1,1) size 70x17
                text run at (1,1) width 70: "width=140"
            RenderTableCell {TD} at (146,2) size 252x20 [bgcolor=#FFFF00] [r=0 c=1 rs=1 cs=1]
              RenderText {#text} at (1,1) size 32x17
                text run at (1,1) width 32: "plain"
          RenderTableRow {TR} at (0,24) size 400x20
            RenderTableCell {TD} at (2,24) size 396x20 [bgcolor=#FF00FF] [r=1 c=0 rs=1 cs=2]
              RenderText {#text} at (1,1) size 140x17
                text run at (1,1) width 140: "colspan=2 width=400"
      RenderBlock {DIV} at (0,715) size 406x6 [border: (3px solid #FF0000)]
      RenderTable {TABLE} at (0,721) size 400x46
        RenderTableSection {TBODY} at (0,0) size 400x46
          RenderTableRow {TR} at (0,2) size 400x20
            RenderTableCell {TD} at (2,2) size 132x20 [bgcolor=#00FF00] [r=0 c=0 rs=1 cs=1]
              RenderText {#text} at (1,1) size 32x17
                text run at (1,1) width 32: "plain"
            RenderTableCell {TD} at (136,2) size 262x20 [bgcolor=#FFFF00] [r=0 c=1 rs=1 cs=1]
              RenderText {#text} at (1,1) size 70x17
                text run at (1,1) width 70: "width=260"
          RenderTableRow {TR} at (0,24) size 400x20
            RenderTableCell {TD} at (2,24) size 396x20 [bgcolor=#FF00FF] [r=1 c=0 rs=1 cs=2]
              RenderText {#text} at (1,1) size 140x17
                text run at (1,1) width 140: "colspan=2 width=400"
      RenderBlock {DIV} at (0,767) size 406x6 [border: (3px solid #FF0000)]
      RenderTable {TABLE} at (0,773) size 400x46
        RenderTableSection {TBODY} at (0,0) size 400x46
          RenderTableRow {TR} at (0,2) size 400x20
            RenderTableCell {TD} at (2,2) size 139x20 [bgcolor=#00FF00] [r=0 c=0 rs=1 cs=1]
              RenderText {#text} at (1,1) size 70x17
                text run at (1,1) width 70: "width=140"
            RenderTableCell {TD} at (143,2) size 255x20 [bgcolor=#FFFF00] [r=0 c=1 rs=1 cs=1]
              RenderText {#text} at (1,1) size 70x17
                text run at (1,1) width 70: "width=260"
          RenderTableRow {TR} at (0,24) size 400x20
            RenderTableCell {TD} at (2,24) size 396x20 [bgcolor=#FF00FF] [r=1 c=0 rs=1 cs=2]
              RenderText {#text} at (1,1) size 140x17
                text run at (1,1) width 140: "colspan=2 width=400"
      RenderBlock {DIV} at (0,819) size 406x6 [border: (3px solid #FF0000)]
      RenderTable {TABLE} at (0,825) size 400x46
        RenderTableSection {TBODY} at (0,0) size 400x46
          RenderTableRow {TR} at (0,2) size 400x20
            RenderTableCell {TD} at (2,2) size 139x20 [bgcolor=#00FF00] [r=0 c=0 rs=1 cs=1]
              RenderText {#text} at (1,1) size 70x17
                text run at (1,1) width 70: "width=140"
            RenderTableCell {TD} at (143,2) size 255x20 [bgcolor=#FFFF00] [r=0 c=1 rs=1 cs=1]
              RenderText {#text} at (1,1) size 70x17
                text run at (1,1) width 70: "width=260"
          RenderTableRow {TR} at (0,24) size 400x20
            RenderTableCell {TD} at (2,24) size 396x20 [bgcolor=#FF00FF] [r=1 c=0 rs=1 cs=2]
              RenderText {#text} at (1,1) size 66x17
                text run at (1,1) width 66: "colspan=2"
      RenderBlock {DIV} at (0,871) size 406x6 [border: (3px solid #FF0000)]
      RenderTable {TABLE} at (0,877) size 400x46
        RenderTableSection {TBODY} at (0,0) size 400x46
          RenderTableRow {TR} at (0,2) size 400x20
            RenderTableCell {TD} at (2,2) size 137x20 [bgcolor=#00FF00] [r=0 c=0 rs=1 cs=1]
              RenderText {#text} at (1,1) size 75x17
                text run at (1,1) width 75: "width=35%"
            RenderTableCell {TD} at (141,2) size 257x20 [bgcolor=#FFFF00] [r=0 c=1 rs=1 cs=1]
              RenderText {#text} at (1,1) size 32x17
                text run at (1,1) width 32: "plain"
          RenderTableRow {TR} at (0,24) size 400x20
            RenderTableCell {TD} at (2,24) size 396x20 [bgcolor=#FF00FF] [r=1 c=0 rs=1 cs=2]
              RenderText {#text} at (1,1) size 66x17
                text run at (1,1) width 66: "colspan=2"
      RenderBlock {DIV} at (0,923) size 406x6 [border: (3px solid #FF0000)]
      RenderTable {TABLE} at (0,929) size 400x46
        RenderTableSection {TBODY} at (0,0) size 400x46
          RenderTableRow {TR} at (0,2) size 400x20
            RenderTableCell {TD} at (2,2) size 138x20 [bgcolor=#00FF00] [r=0 c=0 rs=1 cs=1]
              RenderText {#text} at (1,1) size 32x17
                text run at (1,1) width 32: "plain"
            RenderTableCell {TD} at (142,2) size 256x20 [bgcolor=#FFFF00] [r=0 c=1 rs=1 cs=1]
              RenderText {#text} at (1,1) size 75x17
                text run at (1,1) width 75: "width=65%"
          RenderTableRow {TR} at (0,24) size 400x20
            RenderTableCell {TD} at (2,24) size 396x20 [bgcolor=#FF00FF] [r=1 c=0 rs=1 cs=2]
              RenderText {#text} at (1,1) size 66x17
                text run at (1,1) width 66: "colspan=2"
      RenderBlock {DIV} at (0,975) size 406x6 [border: (3px solid #FF0000)]
      RenderTable {TABLE} at (0,981) size 400x46
        RenderTableSection {TBODY} at (0,0) size 400x46
          RenderTableRow {TR} at (0,2) size 400x20
            RenderTableCell {TD} at (2,2) size 138x20 [bgcolor=#00FF00] [r=0 c=0 rs=1 cs=1]
              RenderText {#text} at (1,1) size 75x17
                text run at (1,1) width 75: "width=35%"
            RenderTableCell {TD} at (142,2) size 256x20 [bgcolor=#FFFF00] [r=0 c=1 rs=1 cs=1]
              RenderText {#text} at (1,1) size 75x17
                text run at (1,1) width 75: "width=65%"
          RenderTableRow {TR} at (0,24) size 400x20
            RenderTableCell {TD} at (2,24) size 396x20 [bgcolor=#FF00FF] [r=1 c=0 rs=1 cs=2]
              RenderText {#text} at (1,1) size 66x17
                text run at (1,1) width 66: "colspan=2"
      RenderBlock {DIV} at (0,1027) size 406x6 [border: (3px solid #FF0000)]
      RenderBlock {H3} at (0,1051) size 768x22
        RenderText {#text} at (0,0) size 38x21
          text run at (0,0) width 38: "50%"
      RenderBlock {DIV} at (0,1091) size 406x6 [border: (3px solid #FF0000)]
      RenderTable {TABLE} at (0,1097) size 400x46
        RenderTableSection {TBODY} at (0,0) size 400x46
          RenderTableRow {TR} at (0,2) size 400x20
            RenderTableCell {TD} at (2,2) size 197x20 [bgcolor=#00FF00] [r=0 c=0 rs=1 cs=1]
              RenderText {#text} at (1,1) size 75x17
                text run at (1,1) width 75: "width=50%"
            RenderTableCell {TD} at (201,2) size 197x20 [bgcolor=#FFFF00] [r=0 c=1 rs=1 cs=1]
              RenderText {#text} at (1,1) size 32x17
                text run at (1,1) width 32: "plain"
          RenderTableRow {TR} at (0,24) size 400x20
            RenderTableCell {TD} at (2,24) size 396x20 [bgcolor=#FF00FF] [r=1 c=0 rs=1 cs=2]
              RenderText {#text} at (1,1) size 140x17
                text run at (1,1) width 140: "colspan=2 width=400"
      RenderBlock {DIV} at (0,1143) size 406x6 [border: (3px solid #FF0000)]
      RenderTable {TABLE} at (0,1149) size 400x46
        RenderTableSection {TBODY} at (0,0) size 400x46
          RenderTableRow {TR} at (0,2) size 400x20
            RenderTableCell {TD} at (2,2) size 197x20 [bgcolor=#00FF00] [r=0 c=0 rs=1 cs=1]
              RenderText {#text} at (1,1) size 32x17
                text run at (1,1) width 32: "plain"
            RenderTableCell {TD} at (201,2) size 197x20 [bgcolor=#FFFF00] [r=0 c=1 rs=1 cs=1]
              RenderText {#text} at (1,1) size 75x17
                text run at (1,1) width 75: "width=50%"
          RenderTableRow {TR} at (0,24) size 400x20
            RenderTableCell {TD} at (2,24) size 396x20 [bgcolor=#FF00FF] [r=1 c=0 rs=1 cs=2]
              RenderText {#text} at (1,1) size 140x17
                text run at (1,1) width 140: "colspan=2 width=400"
      RenderBlock {DIV} at (0,1195) size 406x6 [border: (3px solid #FF0000)]
      RenderTable {TABLE} at (0,1201) size 400x46
        RenderTableSection {TBODY} at (0,0) size 400x46
          RenderTableRow {TR} at (0,2) size 400x20
            RenderTableCell {TD} at (2,2) size 197x20 [bgcolor=#00FF00] [r=0 c=0 rs=1 cs=1]
              RenderText {#text} at (1,1) size 75x17
                text run at (1,1) width 75: "width=50%"
            RenderTableCell {TD} at (201,2) size 197x20 [bgcolor=#FFFF00] [r=0 c=1 rs=1 cs=1]
              RenderText {#text} at (1,1) size 75x17
                text run at (1,1) width 75: "width=50%"
          RenderTableRow {TR} at (0,24) size 400x20
            RenderTableCell {TD} at (2,24) size 396x20 [bgcolor=#FF00FF] [r=1 c=0 rs=1 cs=2]
              RenderText {#text} at (1,1) size 140x17
                text run at (1,1) width 140: "colspan=2 width=400"
      RenderBlock {DIV} at (0,1247) size 406x6 [border: (3px solid #FF0000)]
      RenderTable {TABLE} at (0,1253) size 400x46
        RenderTableSection {TBODY} at (0,0) size 400x46
          RenderTableRow {TR} at (0,2) size 400x20
            RenderTableCell {TD} at (2,2) size 197x20 [bgcolor=#00FF00] [r=0 c=0 rs=1 cs=1]
              RenderText {#text} at (1,1) size 32x17
                text run at (1,1) width 32: "plain"
            RenderTableCell {TD} at (201,2) size 197x20 [bgcolor=#FFFF00] [r=0 c=1 rs=1 cs=1]
              RenderText {#text} at (1,1) size 32x17
                text run at (1,1) width 32: "plain"
          RenderTableRow {TR} at (0,24) size 400x20
            RenderTableCell {TD} at (2,24) size 396x20 [bgcolor=#FF00FF] [r=1 c=0 rs=1 cs=2]
              RenderText {#text} at (1,1) size 140x17
                text run at (1,1) width 140: "colspan=2 width=400"
      RenderBlock {DIV} at (0,1299) size 406x6 [border: (3px solid #FF0000)]
      RenderTable {TABLE} at (0,1305) size 400x46
        RenderTableSection {TBODY} at (0,0) size 400x46
          RenderTableRow {TR} at (0,2) size 400x20
            RenderTableCell {TD} at (2,2) size 197x20 [bgcolor=#00FF00] [r=0 c=0 rs=1 cs=1]
              RenderText {#text} at (1,1) size 70x17
                text run at (1,1) width 70: "width=200"
            RenderTableCell {TD} at (201,2) size 197x20 [bgcolor=#FFFF00] [r=0 c=1 rs=1 cs=1]
              RenderText {#text} at (1,1) size 70x17
                text run at (1,1) width 70: "width=200"
          RenderTableRow {TR} at (0,24) size 400x20
            RenderTableCell {TD} at (2,24) size 396x20 [bgcolor=#FF00FF] [r=1 c=0 rs=1 cs=2]
              RenderText {#text} at (1,1) size 66x17
                text run at (1,1) width 66: "colspan=2"
      RenderBlock {DIV} at (0,1351) size 406x6 [border: (3px solid #FF0000)]
      RenderBlock {H2} at (0,1376) size 768x27
        RenderText {#text} at (0,0) size 231x26
          text run at (0,0) width 231: "Tables Without Width"
      RenderBlock {P} at (0,1422) size 768x36
        RenderText {#text} at (0,0) size 767x35
          text run at (0,0) width 767: "The following tables have no width. They should still be the same size, by virtue of them having a 400 pixel cell and no"
          text run at (0,18) width 158: "padding/margin/borders."
      RenderBlock {H3} at (0,1476) size 768x22
        RenderText {#text} at (0,0) size 63x21
          text run at (0,0) width 63: "260/140"
      RenderBlock {DIV} at (0,1516) size 406x6 [border: (3px solid #FF0000)]
      RenderTable {TABLE} at (0,1522) size 406x46
        RenderTableSection {TBODY} at (0,0) size 406x46
          RenderTableRow {TR} at (0,2) size 406x20
            RenderTableCell {TD} at (2,2) size 258x20 [bgcolor=#00FF00] [r=0 c=0 rs=1 cs=1]
              RenderText {#text} at (1,1) size 32x17
                text run at (1,1) width 32: "plain"
            RenderTableCell {TD} at (262,2) size 142x20 [bgcolor=#FFFF00] [r=0 c=1 rs=1 cs=1]
              RenderText {#text} at (1,1) size 70x17
                text run at (1,1) width 70: "width=140"
          RenderTableRow {TR} at (0,24) size 406x20
            RenderTableCell {TD} at (2,24) size 402x20 [bgcolor=#FF00FF] [r=1 c=0 rs=1 cs=2]
              RenderText {#text} at (1,1) size 140x17
                text run at (1,1) width 140: "colspan=2 width=400"
      RenderBlock {DIV} at (0,1568) size 406x6 [border: (3px solid #FF0000)]
      RenderTable {TABLE} at (0,1574) size 406x46
        RenderTableSection {TBODY} at (0,0) size 406x46
          RenderTableRow {TR} at (0,2) size 406x20
            RenderTableCell {TD} at (2,2) size 262x20 [bgcolor=#00FF00] [r=0 c=0 rs=1 cs=1]
              RenderText {#text} at (1,1) size 70x17
                text run at (1,1) width 70: "width=260"
            RenderTableCell {TD} at (266,2) size 138x20 [bgcolor=#FFFF00] [r=0 c=1 rs=1 cs=1]
              RenderText {#text} at (1,1) size 32x17
                text run at (1,1) width 32: "plain"
          RenderTableRow {TR} at (0,24) size 406x20
            RenderTableCell {TD} at (2,24) size 402x20 [bgcolor=#FF00FF] [r=1 c=0 rs=1 cs=2]
              RenderText {#text} at (1,1) size 140x17
                text run at (1,1) width 140: "colspan=2 width=400"
      RenderBlock {DIV} at (0,1620) size 406x6 [border: (3px solid #FF0000)]
      RenderTable {TABLE} at (0,1626) size 410x46
        RenderTableSection {TBODY} at (0,0) size 410x46
          RenderTableRow {TR} at (0,2) size 410x20
            RenderTableCell {TD} at (2,2) size 262x20 [bgcolor=#00FF00] [r=0 c=0 rs=1 cs=1]
              RenderText {#text} at (1,1) size 70x17
                text run at (1,1) width 70: "width=260"
            RenderTableCell {TD} at (266,2) size 142x20 [bgcolor=#FFFF00] [r=0 c=1 rs=1 cs=1]
              RenderText {#text} at (1,1) size 70x17
                text run at (1,1) width 70: "width=140"
          RenderTableRow {TR} at (0,24) size 410x20
            RenderTableCell {TD} at (2,24) size 406x20 [bgcolor=#FF00FF] [r=1 c=0 rs=1 cs=2]
              RenderText {#text} at (1,1) size 140x17
                text run at (1,1) width 140: "colspan=2 width=400"
      RenderBlock {DIV} at (0,1672) size 406x6 [border: (3px solid #FF0000)]
      RenderTable {TABLE} at (0,1678) size 410x46
        RenderTableSection {TBODY} at (0,0) size 410x46
          RenderTableRow {TR} at (0,2) size 410x20
            RenderTableCell {TD} at (2,2) size 262x20 [bgcolor=#00FF00] [r=0 c=0 rs=1 cs=1]
              RenderText {#text} at (1,1) size 70x17
                text run at (1,1) width 70: "width=260"
            RenderTableCell {TD} at (266,2) size 142x20 [bgcolor=#FFFF00] [r=0 c=1 rs=1 cs=1]
              RenderText {#text} at (1,1) size 70x17
                text run at (1,1) width 70: "width=140"
          RenderTableRow {TR} at (0,24) size 410x20
            RenderTableCell {TD} at (2,24) size 406x20 [bgcolor=#FF00FF] [r=1 c=0 rs=1 cs=2]
              RenderText {#text} at (1,1) size 66x17
                text run at (1,1) width 66: "colspan=2"
      RenderBlock {DIV} at (0,1724) size 406x6 [border: (3px solid #FF0000)]
      RenderBlock {H3} at (0,1748) size 768x22
        RenderText {#text} at (0,0) size 63x21
          text run at (0,0) width 63: "140/260"
      RenderBlock {DIV} at (0,1788) size 406x6 [border: (3px solid #FF0000)]
      RenderTable {TABLE} at (0,1794) size 406x46
        RenderTableSection {TBODY} at (0,0) size 406x46
          RenderTableRow {TR} at (0,2) size 406x20
            RenderTableCell {TD} at (2,2) size 142x20 [bgcolor=#00FF00] [r=0 c=0 rs=1 cs=1]
              RenderText {#text} at (1,1) size 70x17
                text run at (1,1) width 70: "width=140"
            RenderTableCell {TD} at (146,2) size 258x20 [bgcolor=#FFFF00] [r=0 c=1 rs=1 cs=1]
              RenderText {#text} at (1,1) size 32x17
                text run at (1,1) width 32: "plain"
          RenderTableRow {TR} at (0,24) size 406x20
            RenderTableCell {TD} at (2,24) size 402x20 [bgcolor=#FF00FF] [r=1 c=0 rs=1 cs=2]
              RenderText {#text} at (1,1) size 140x17
                text run at (1,1) width 140: "colspan=2 width=400"
      RenderBlock {DIV} at (0,1840) size 406x6 [border: (3px solid #FF0000)]
      RenderTable {TABLE} at (0,1846) size 406x46
        RenderTableSection {TBODY} at (0,0) size 406x46
          RenderTableRow {TR} at (0,2) size 406x20
            RenderTableCell {TD} at (2,2) size 138x20 [bgcolor=#00FF00] [r=0 c=0 rs=1 cs=1]
              RenderText {#text} at (1,1) size 32x17
                text run at (1,1) width 32: "plain"
            RenderTableCell {TD} at (142,2) size 262x20 [bgcolor=#FFFF00] [r=0 c=1 rs=1 cs=1]
              RenderText {#text} at (1,1) size 70x17
                text run at (1,1) width 70: "width=260"
          RenderTableRow {TR} at (0,24) size 406x20
            RenderTableCell {TD} at (2,24) size 402x20 [bgcolor=#FF00FF] [r=1 c=0 rs=1 cs=2]
              RenderText {#text} at (1,1) size 140x17
                text run at (1,1) width 140: "colspan=2 width=400"
      RenderBlock {DIV} at (0,1892) size 406x6 [border: (3px solid #FF0000)]
      RenderTable {TABLE} at (0,1898) size 410x46
        RenderTableSection {TBODY} at (0,0) size 410x46
          RenderTableRow {TR} at (0,2) size 410x20
            RenderTableCell {TD} at (2,2) size 142x20 [bgcolor=#00FF00] [r=0 c=0 rs=1 cs=1]
              RenderText {#text} at (1,1) size 70x17
                text run at (1,1) width 70: "width=140"
            RenderTableCell {TD} at (146,2) size 262x20 [bgcolor=#FFFF00] [r=0 c=1 rs=1 cs=1]
              RenderText {#text} at (1,1) size 70x17
                text run at (1,1) width 70: "width=260"
          RenderTableRow {TR} at (0,24) size 410x20
            RenderTableCell {TD} at (2,24) size 406x20 [bgcolor=#FF00FF] [r=1 c=0 rs=1 cs=2]
              RenderText {#text} at (1,1) size 140x17
                text run at (1,1) width 140: "colspan=2 width=400"
      RenderBlock {DIV} at (0,1944) size 406x6 [border: (3px solid #FF0000)]
      RenderTable {TABLE} at (0,1950) size 410x46
        RenderTableSection {TBODY} at (0,0) size 410x46
          RenderTableRow {TR} at (0,2) size 410x20
            RenderTableCell {TD} at (2,2) size 142x20 [bgcolor=#00FF00] [r=0 c=0 rs=1 cs=1]
              RenderText {#text} at (1,1) size 70x17
                text run at (1,1) width 70: "width=140"
            RenderTableCell {TD} at (146,2) size 262x20 [bgcolor=#FFFF00] [r=0 c=1 rs=1 cs=1]
              RenderText {#text} at (1,1) size 70x17
                text run at (1,1) width 70: "width=260"
          RenderTableRow {TR} at (0,24) size 410x20
            RenderTableCell {TD} at (2,24) size 406x20 [bgcolor=#FF00FF] [r=1 c=0 rs=1 cs=2]
              RenderText {#text} at (1,1) size 66x17
                text run at (1,1) width 66: "colspan=2"
      RenderBlock {DIV} at (0,1996) size 406x6 [border: (3px solid #FF0000)]
      RenderBlock {H3} at (0,2020) size 768x22
        RenderText {#text} at (0,0) size 38x21
          text run at (0,0) width 38: "50%"
      RenderBlock {DIV} at (0,2060) size 406x6 [border: (3px solid #FF0000)]
      RenderTable {TABLE} at (0,2066) size 560x46
        RenderTableSection {TBODY} at (0,0) size 560x46
          RenderTableRow {TR} at (0,2) size 560x20
            RenderTableCell {TD} at (2,2) size 277x20 [bgcolor=#00FF00] [r=0 c=0 rs=1 cs=1]
              RenderText {#text} at (1,1) size 75x17
                text run at (1,1) width 75: "width=50%"
            RenderTableCell {TD} at (281,2) size 277x20 [bgcolor=#FFFF00] [r=0 c=1 rs=1 cs=1]
              RenderText {#text} at (1,1) size 32x17
                text run at (1,1) width 32: "plain"
          RenderTableRow {TR} at (0,24) size 560x20
            RenderTableCell {TD} at (2,24) size 556x20 [bgcolor=#FF00FF] [r=1 c=0 rs=1 cs=2]
              RenderText {#text} at (1,1) size 140x17
                text run at (1,1) width 140: "colspan=2 width=400"
      RenderBlock {DIV} at (0,2112) size 406x6 [border: (3px solid #FF0000)]
      RenderTable {TABLE} at (0,2118) size 562x46
        RenderTableSection {TBODY} at (0,0) size 562x46
          RenderTableRow {TR} at (0,2) size 562x20
            RenderTableCell {TD} at (2,2) size 278x20 [bgcolor=#00FF00] [r=0 c=0 rs=1 cs=1]
              RenderText {#text} at (1,1) size 32x17
                text run at (1,1) width 32: "plain"
            RenderTableCell {TD} at (282,2) size 278x20 [bgcolor=#FFFF00] [r=0 c=1 rs=1 cs=1]
              RenderText {#text} at (1,1) size 75x17
                text run at (1,1) width 75: "width=50%"
          RenderTableRow {TR} at (0,24) size 562x20
            RenderTableCell {TD} at (2,24) size 558x20 [bgcolor=#FF00FF] [r=1 c=0 rs=1 cs=2]
              RenderText {#text} at (1,1) size 140x17
                text run at (1,1) width 140: "colspan=2 width=400"
      RenderBlock {DIV} at (0,2164) size 406x6 [border: (3px solid #FF0000)]
      RenderTable {TABLE} at (0,2170) size 406x46
        RenderTableSection {TBODY} at (0,0) size 406x46
          RenderTableRow {TR} at (0,2) size 406x20
            RenderTableCell {TD} at (2,2) size 200x20 [bgcolor=#00FF00] [r=0 c=0 rs=1 cs=1]
              RenderText {#text} at (1,1) size 75x17
                text run at (1,1) width 75: "width=50%"
            RenderTableCell {TD} at (204,2) size 200x20 [bgcolor=#FFFF00] [r=0 c=1 rs=1 cs=1]
              RenderText {#text} at (1,1) size 75x17
                text run at (1,1) width 75: "width=50%"
          RenderTableRow {TR} at (0,24) size 406x20
            RenderTableCell {TD} at (2,24) size 402x20 [bgcolor=#FF00FF] [r=1 c=0 rs=1 cs=2]
              RenderText {#text} at (1,1) size 140x17
                text run at (1,1) width 140: "colspan=2 width=400"
      RenderBlock {DIV} at (0,2216) size 406x6 [border: (3px solid #FF0000)]
      RenderTable {TABLE} at (0,2222) size 406x46
        RenderTableSection {TBODY} at (0,0) size 406x46
          RenderTableRow {TR} at (0,2) size 406x20
            RenderTableCell {TD} at (2,2) size 200x20 [bgcolor=#00FF00] [r=0 c=0 rs=1 cs=1]
              RenderText {#text} at (1,1) size 32x17
                text run at (1,1) width 32: "plain"
            RenderTableCell {TD} at (204,2) size 200x20 [bgcolor=#FFFF00] [r=0 c=1 rs=1 cs=1]
              RenderText {#text} at (1,1) size 32x17
                text run at (1,1) width 32: "plain"
          RenderTableRow {TR} at (0,24) size 406x20
            RenderTableCell {TD} at (2,24) size 402x20 [bgcolor=#FF00FF] [r=1 c=0 rs=1 cs=2]
              RenderText {#text} at (1,1) size 140x17
                text run at (1,1) width 140: "colspan=2 width=400"
      RenderBlock {DIV} at (0,2268) size 406x6 [border: (3px solid #FF0000)]
      RenderTable {TABLE} at (0,2274) size 410x46
        RenderTableSection {TBODY} at (0,0) size 410x46
          RenderTableRow {TR} at (0,2) size 410x20
            RenderTableCell {TD} at (2,2) size 202x20 [bgcolor=#00FF00] [r=0 c=0 rs=1 cs=1]
              RenderText {#text} at (1,1) size 70x17
                text run at (1,1) width 70: "width=200"
            RenderTableCell {TD} at (206,2) size 202x20 [bgcolor=#FFFF00] [r=0 c=1 rs=1 cs=1]
              RenderText {#text} at (1,1) size 70x17
                text run at (1,1) width 70: "width=200"
          RenderTableRow {TR} at (0,24) size 410x20
            RenderTableCell {TD} at (2,24) size 406x20 [bgcolor=#FF00FF] [r=1 c=0 rs=1 cs=2]
              RenderText {#text} at (1,1) size 66x17
                text run at (1,1) width 66: "colspan=2"
      RenderBlock {DIV} at (0,2320) size 406x6 [border: (3px solid #FF0000)]
