layer at (0,0) size 800x600
  RenderView at (0,0) size 800x600
layer at (0,0) size 800x322
  RenderBlock {html} at (0,0) size 800x322
    RenderBody {body} at (8,16) size 784x290
      RenderBlock {p} at (0,0) size 784x31
        RenderText {#text} at (0,4) size 45x19
          text run at (0,4) width 45: "simple: "
        RenderMathMLMath {math} at (45,0) size 12x32 [padding: 0 1 0 1]
          RenderMathMLFraction {mfrac} at (2,0) size 8x32
            RenderMathMLBlock (anonymous, flex) at (0,0) size 8x16
              RenderBlock {mn} at (0,0) size 8x12
                RenderText {#text} at (0,-4) size 8x19
                  text run at (0,-4) width 8: "1"
            RenderMathMLBlock (anonymous, flex) at (0,15) size 8x17 [padding: 1 0 0 0]
              RenderBlock {mn} at (0,4) size 8x13
                RenderText {#text} at (0,-4) size 8x19
                  text run at (0,-4) width 8: "2"
      RenderBlock {p} at (0,47) size 784x31
        RenderText {#text} at (0,4) size 189x19
          text run at (0,4) width 189: "more complex (should be red): "
        RenderMathMLMath {math} at (189,0) size 41x32 [padding: 0 1 0 1]
          RenderMathMLFraction {mfrac} at (2,0) size 37x32 [color=#FF0000]
            RenderMathMLBlock (anonymous, flex) at (0,0) size 37x16
              RenderMathMLRow {mrow} at (0,0) size 37x12
                RenderBlock {mi} at (0,4) size 10x8
                  RenderText {#text} at (0,-8) size 8x19
                    text run at (0,-8) width 8: "x"
                RenderMathMLOperator {mo} at (12,2) size 14x10
                  RenderMathMLBlock (flex) {mo} at (0,0) size 13x10
                    RenderBlock (anonymous) at (0,0) size 13x10
                      RenderText {mo} at (0,-6) size 13x19
                        text run at (0,-6) width 13: "+"
                RenderBlock {mn} at (28,0) size 9x12
                  RenderText {#text} at (0,-4) size 8x19
                    text run at (0,-4) width 8: "1"
            RenderMathMLBlock (anonymous, flex) at (0,15) size 37x17 [padding: 1 0 0 0]
              RenderMathMLRow {mrow} at (0,4) size 37x13
                RenderBlock {mi} at (0,4) size 10x8
                  RenderText {#text} at (0,-8) size 8x19
                    text run at (0,-8) width 8: "x"
                RenderMathMLOperator {mo} at (12,2) size 14x10
                  RenderMathMLBlock (flex) {mo} at (0,0) size 13x10
                    RenderBlock (anonymous) at (0,0) size 13x10
                      RenderText {mo} at (0,-6) size 13x19
                        text run at (0,-6) width 13: "+"
                RenderBlock {mn} at (28,0) size 9x12
                  RenderText {#text} at (0,-4) size 8x19
                    text run at (0,-4) width 8: "2"
        RenderText {#text} at (0,0) size 0x0
      RenderBlock {p} at (0,94) size 784x35
        RenderText {#text} at (0,6) size 29x19
          text run at (0,6) width 29: "text: "
        RenderMathMLMath {math} at (29,0) size 117x36 [padding: 0 1 0 1]
          RenderMathMLFraction {mfrac} at (2,0) size 113x36
            RenderMathMLBlock (anonymous, flex) at (0,0) size 113x18
              RenderBlock {mtext} at (10,0) size 93x14
                RenderText {#text} at (0,-4) size 93x19
                  text run at (0,-4) width 93: "number of bugs"
            RenderMathMLBlock (anonymous, flex) at (0,17) size 113x19 [padding: 1 0 0 0]
              RenderBlock {mtext} at (0,4) size 113x15
                RenderText {#text} at (0,-4) size 113x19
                  text run at (0,-4) width 113: "number of changes"
        RenderText {#text} at (0,0) size 0x0
      RenderBlock {p} at (0,145) size 784x59
        RenderText {#text} at (0,23) size 163x19
          text run at (0,23) width 163: "line thickness by keyword: "
        RenderMathMLMath {math} at (163,0) size 56x60 [padding: 0 1 0 1]
          RenderMathMLFraction {mfrac} at (2,3) size 16x57
            RenderMathMLBlock (anonymous, flex) at (0,0) size 16x29
              RenderBlock {mn} at (0,0) size 16x22
                RenderText {#text} at (0,-7) size 16x36
                  text run at (0,-7) width 16: "1"
            RenderMathMLBlock (anonymous, flex) at (0,28) size 16x29
              RenderBlock {mn} at (0,6) size 16x23
                RenderText {#text} at (0,-7) size 16x36
                  text run at (0,-7) width 16: "2"
          RenderMathMLFraction {mfrac} at (20,2) size 16x58
            RenderMathMLBlock (anonymous, flex) at (0,0) size 16x29
              RenderBlock {mn} at (0,0) size 16x22
                RenderText {#text} at (0,-7) size 16x36
                  text run at (0,-7) width 16: "1"
            RenderMathMLBlock (anonymous, flex) at (0,28) size 16x30 [padding: 1 0 0 0]
              RenderBlock {mn} at (0,7) size 16x23
                RenderText {#text} at (0,-7) size 16x36
                  text run at (0,-7) width 16: "2"
          RenderMathMLFraction {mfrac} at (38,0) size 16x60
            RenderMathMLBlock (anonymous, flex) at (0,0) size 16x29
              RenderBlock {mn} at (0,0) size 16x22
                RenderText {#text} at (0,-7) size 16x36
                  text run at (0,-7) width 16: "1"
            RenderMathMLBlock (anonymous, flex) at (0,28) size 16x32 [padding: 3 0 0 0]
              RenderBlock {mn} at (0,9) size 16x23
                RenderText {#text} at (0,-7) size 16x36
                  text run at (0,-7) width 16: "2"
        RenderText {#text} at (0,0) size 0x0
      RenderBlock {p} at (0,220) size 784x27
        RenderText {#text} at (0,0) size 128x19
          text run at (0,0) width 128: "numerator alignment: "
        RenderMathMLMath {math} at (128,0) size 122x28 [padding: 0 1 0 1]
          RenderMathMLFraction {mfrac} at (2,0) size 118x28
            RenderMathMLBlock (anonymous, flex) at (0,0) size 118x12
              RenderBlock {mi} at (0,0) size 10x8
                RenderText {#text} at (0,-8) size 8x19
                  text run at (0,-8) width 8: "x"
            RenderMathMLBlock (anonymous, flex) at (0,11) size 118x17 [padding: 1 0 0 0]
              RenderMathMLRow {mrow} at (0,4) size 118x13
                RenderBlock {mn} at (0,0) size 8x12
                  RenderText {#text} at (0,-4) size 8x19
                    text run at (0,-4) width 8: "1"
                RenderMathMLOperator {mo} at (11,2) size 14x10
                  RenderMathMLBlock (flex) {mo} at (0,0) size 13x10
                    RenderBlock (anonymous) at (0,0) size 13x10
                      RenderText {mo} at (0,-6) size 13x19
                        text run at (0,-6) width 13: "+"
                RenderBlock {mn} at (27,0) size 9x12
                  RenderText {#text} at (0,-4) size 8x19
                    text run at (0,-4) width 8: "2"
                RenderMathMLOperator {mo} at (38,2) size 14x10
                  RenderMathMLBlock (flex) {mo} at (0,0) size 13x10
                    RenderBlock (anonymous) at (0,0) size 13x10
                      RenderText {mo} at (0,-6) size 13x19
                        text run at (0,-6) width 13: "+"
                RenderBlock {mn} at (54,0) size 9x12
                  RenderText {#text} at (0,-4) size 8x19
                    text run at (0,-4) width 8: "3"
                RenderMathMLOperator {mo} at (65,2) size 14x10
                  RenderMathMLBlock (flex) {mo} at (0,0) size 13x10
                    RenderBlock (anonymous) at (0,0) size 13x10
                      RenderText {mo} at (0,-6) size 13x19
                        text run at (0,-6) width 13: "+"
                RenderBlock {mn} at (82,0) size 9x12
                  RenderText {#text} at (0,-4) size 8x19
                    text run at (0,-4) width 8: "4"
                RenderMathMLOperator {mo} at (93,2) size 14x10
                  RenderMathMLBlock (flex) {mo} at (0,0) size 13x10
                    RenderBlock (anonymous) at (0,0) size 13x10
                      RenderText {mo} at (0,-6) size 13x19
                        text run at (0,-6) width 13: "+"
                RenderBlock {mn} at (109,0) size 9x12
                  RenderText {#text} at (0,-4) size 8x19
                    text run at (0,-4) width 8: "5"
        RenderText {#text} at (249,0) size 5x19
          text run at (249,0) width 5: " "
        RenderMathMLMath {math} at (253,0) size 122x28 [padding: 0 1 0 1]
          RenderMathMLFraction {mfrac} at (2,0) size 118x28
            RenderMathMLBlock (anonymous, flex) at (0,0) size 118x12
              RenderBlock {mi} at (53,0) size 11x8
                RenderText {#text} at (0,-8) size 8x19
                  text run at (0,-8) width 8: "x"
            RenderMathMLBlock (anonymous, flex) at (0,11) size 118x17 [padding: 1 0 0 0]
              RenderMathMLRow {mrow} at (0,4) size 118x13
                RenderBlock {mn} at (0,0) size 8x12
                  RenderText {#text} at (0,-4) size 8x19
                    text run at (0,-4) width 8: "1"
                RenderMathMLOperator {mo} at (11,2) size 14x10
                  RenderMathMLBlock (flex) {mo} at (0,0) size 13x10
                    RenderBlock (anonymous) at (0,0) size 13x10
                      RenderText {mo} at (0,-6) size 13x19
                        text run at (0,-6) width 13: "+"
                RenderBlock {mn} at (27,0) size 9x12
                  RenderText {#text} at (0,-4) size 8x19
                    text run at (0,-4) width 8: "2"
                RenderMathMLOperator {mo} at (38,2) size 14x10
                  RenderMathMLBlock (flex) {mo} at (0,0) size 13x10
                    RenderBlock (anonymous) at (0,0) size 13x10
                      RenderText {mo} at (0,-6) size 13x19
                        text run at (0,-6) width 13: "+"
                RenderBlock {mn} at (54,0) size 9x12
                  RenderText {#text} at (0,-4) size 8x19
                    text run at (0,-4) width 8: "3"
                RenderMathMLOperator {mo} at (65,2) size 14x10
                  RenderMathMLBlock (flex) {mo} at (0,0) size 13x10
                    RenderBlock (anonymous) at (0,0) size 13x10
                      RenderText {mo} at (0,-6) size 13x19
                        text run at (0,-6) width 13: "+"
                RenderBlock {mn} at (82,0) size 9x12
                  RenderText {#text} at (0,-4) size 8x19
                    text run at (0,-4) width 8: "4"
                RenderMathMLOperator {mo} at (93,2) size 14x10
                  RenderMathMLBlock (flex) {mo} at (0,0) size 13x10
                    RenderBlock (anonymous) at (0,0) size 13x10
                      RenderText {mo} at (0,-6) size 13x19
                        text run at (0,-6) width 13: "+"
                RenderBlock {mn} at (109,0) size 9x12
                  RenderText {#text} at (0,-4) size 8x19
                    text run at (0,-4) width 8: "5"
        RenderText {#text} at (375,0) size 4x19
          text run at (375,0) width 4: " "
        RenderMathMLMath {math} at (379,0) size 122x28 [padding: 0 1 0 1]
          RenderMathMLFraction {mfrac} at (2,0) size 118x28
            RenderMathMLBlock (anonymous, flex) at (0,0) size 118x12
              RenderBlock {mi} at (107,0) size 11x8
                RenderText {#text} at (0,-8) size 8x19
                  text run at (0,-8) width 8: "x"
            RenderMathMLBlock (anonymous, flex) at (0,11) size 118x17 [padding: 1 0 0 0]
              RenderMathMLRow {mrow} at (0,4) size 118x13
                RenderBlock {mn} at (0,0) size 8x12
                  RenderText {#text} at (0,-4) size 8x19
                    text run at (0,-4) width 8: "1"
                RenderMathMLOperator {mo} at (11,2) size 14x10
                  RenderMathMLBlock (flex) {mo} at (0,0) size 13x10
                    RenderBlock (anonymous) at (0,0) size 13x10
                      RenderText {mo} at (0,-6) size 13x19
                        text run at (0,-6) width 13: "+"
                RenderBlock {mn} at (27,0) size 9x12
                  RenderText {#text} at (0,-4) size 8x19
                    text run at (0,-4) width 8: "2"
                RenderMathMLOperator {mo} at (38,2) size 14x10
                  RenderMathMLBlock (flex) {mo} at (0,0) size 13x10
                    RenderBlock (anonymous) at (0,0) size 13x10
                      RenderText {mo} at (0,-6) size 13x19
                        text run at (0,-6) width 13: "+"
                RenderBlock {mn} at (54,0) size 9x12
                  RenderText {#text} at (0,-4) size 8x19
                    text run at (0,-4) width 8: "3"
                RenderMathMLOperator {mo} at (65,2) size 14x10
                  RenderMathMLBlock (flex) {mo} at (0,0) size 13x10
                    RenderBlock (anonymous) at (0,0) size 13x10
                      RenderText {mo} at (0,-6) size 13x19
                        text run at (0,-6) width 13: "+"
                RenderBlock {mn} at (82,0) size 9x12
                  RenderText {#text} at (0,-4) size 8x19
                    text run at (0,-4) width 8: "4"
                RenderMathMLOperator {mo} at (93,2) size 14x10
                  RenderMathMLBlock (flex) {mo} at (0,0) size 13x10
                    RenderBlock (anonymous) at (0,0) size 13x10
                      RenderText {mo} at (0,-6) size 13x19
                        text run at (0,-6) width 13: "+"
                RenderBlock {mn} at (109,0) size 9x12
                  RenderText {#text} at (0,-4) size 8x19
                    text run at (0,-4) width 8: "5"
        RenderText {#text} at (0,0) size 0x0
      RenderBlock {p} at (0,263) size 784x27
        RenderText {#text} at (0,4) size 142x19
          text run at (0,4) width 142: "denominator alignment: "
        RenderMathMLMath {math} at (142,0) size 122x28 [padding: 0 1 0 1]
          RenderMathMLFraction {mfrac} at (2,0) size 118x28
            RenderMathMLBlock (anonymous, flex) at (0,0) size 118x16
              RenderMathMLRow {mrow} at (0,0) size 118x12
                RenderBlock {mn} at (0,0) size 8x12
                  RenderText {#text} at (0,-4) size 8x19
                    text run at (0,-4) width 8: "1"
                RenderMathMLOperator {mo} at (11,2) size 14x10
                  RenderMathMLBlock (flex) {mo} at (0,0) size 13x10
                    RenderBlock (anonymous) at (0,0) size 13x10
                      RenderText {mo} at (0,-6) size 13x19
                        text run at (0,-6) width 13: "+"
                RenderBlock {mn} at (27,0) size 9x12
                  RenderText {#text} at (0,-4) size 8x19
                    text run at (0,-4) width 8: "2"
                RenderMathMLOperator {mo} at (38,2) size 14x10
                  RenderMathMLBlock (flex) {mo} at (0,0) size 13x10
                    RenderBlock (anonymous) at (0,0) size 13x10
                      RenderText {mo} at (0,-6) size 13x19
                        text run at (0,-6) width 13: "+"
                RenderBlock {mn} at (54,0) size 9x12
                  RenderText {#text} at (0,-4) size 8x19
                    text run at (0,-4) width 8: "3"
                RenderMathMLOperator {mo} at (65,2) size 14x10
                  RenderMathMLBlock (flex) {mo} at (0,0) size 13x10
                    RenderBlock (anonymous) at (0,0) size 13x10
                      RenderText {mo} at (0,-6) size 13x19
                        text run at (0,-6) width 13: "+"
                RenderBlock {mn} at (82,0) size 9x12
                  RenderText {#text} at (0,-4) size 8x19
                    text run at (0,-4) width 8: "4"
                RenderMathMLOperator {mo} at (93,2) size 14x10
                  RenderMathMLBlock (flex) {mo} at (0,0) size 13x10
                    RenderBlock (anonymous) at (0,0) size 13x10
                      RenderText {mo} at (0,-6) size 13x19
                        text run at (0,-6) width 13: "+"
                RenderBlock {mn} at (109,0) size 9x12
                  RenderText {#text} at (0,-4) size 8x19
                    text run at (0,-4) width 8: "5"
            RenderMathMLBlock (anonymous, flex) at (0,15) size 118x13 [padding: 1 0 0 0]
              RenderBlock {mi} at (0,4) size 10x9
                RenderText {#text} at (0,-8) size 8x19
                  text run at (0,-8) width 8: "x"
        RenderText {#text} at (263,4) size 5x19
          text run at (263,4) width 5: " "
        RenderMathMLMath {math} at (267,0) size 122x28 [padding: 0 1 0 1]
          RenderMathMLFraction {mfrac} at (2,0) size 118x28
            RenderMathMLBlock (anonymous, flex) at (0,0) size 118x16
              RenderMathMLRow {mrow} at (0,0) size 118x12
                RenderBlock {mn} at (0,0) size 8x12
                  RenderText {#text} at (0,-4) size 8x19
                    text run at (0,-4) width 8: "1"
                RenderMathMLOperator {mo} at (11,2) size 14x10
                  RenderMathMLBlock (flex) {mo} at (0,0) size 13x10
                    RenderBlock (anonymous) at (0,0) size 13x10
                      RenderText {mo} at (0,-6) size 13x19
                        text run at (0,-6) width 13: "+"
                RenderBlock {mn} at (27,0) size 9x12
                  RenderText {#text} at (0,-4) size 8x19
                    text run at (0,-4) width 8: "2"
                RenderMathMLOperator {mo} at (38,2) size 14x10
                  RenderMathMLBlock (flex) {mo} at (0,0) size 13x10
                    RenderBlock (anonymous) at (0,0) size 13x10
                      RenderText {mo} at (0,-6) size 13x19
                        text run at (0,-6) width 13: "+"
                RenderBlock {mn} at (54,0) size 9x12
                  RenderText {#text} at (0,-4) size 8x19
                    text run at (0,-4) width 8: "3"
                RenderMathMLOperator {mo} at (65,2) size 14x10
                  RenderMathMLBlock (flex) {mo} at (0,0) size 13x10
                    RenderBlock (anonymous) at (0,0) size 13x10
                      RenderText {mo} at (0,-6) size 13x19
                        text run at (0,-6) width 13: "+"
                RenderBlock {mn} at (82,0) size 9x12
                  RenderText {#text} at (0,-4) size 8x19
                    text run at (0,-4) width 8: "4"
                RenderMathMLOperator {mo} at (93,2) size 14x10
                  RenderMathMLBlock (flex) {mo} at (0,0) size 13x10
                    RenderBlock (anonymous) at (0,0) size 13x10
                      RenderText {mo} at (0,-6) size 13x19
                        text run at (0,-6) width 13: "+"
                RenderBlock {mn} at (109,0) size 9x12
                  RenderText {#text} at (0,-4) size 8x19
                    text run at (0,-4) width 8: "5"
            RenderMathMLBlock (anonymous, flex) at (0,15) size 118x13 [padding: 1 0 0 0]
              RenderBlock {mi} at (53,4) size 11x9
                RenderText {#text} at (0,-8) size 8x19
                  text run at (0,-8) width 8: "x"
        RenderText {#text} at (389,4) size 4x19
          text run at (389,4) width 4: " "
        RenderMathMLMath {math} at (393,0) size 122x28 [padding: 0 1 0 1]
          RenderMathMLFraction {mfrac} at (2,0) size 118x28
            RenderMathMLBlock (anonymous, flex) at (0,0) size 118x16
              RenderMathMLRow {mrow} at (0,0) size 118x12
                RenderBlock {mn} at (0,0) size 8x12
                  RenderText {#text} at (0,-4) size 8x19
                    text run at (0,-4) width 8: "1"
                RenderMathMLOperator {mo} at (11,2) size 14x10
                  RenderMathMLBlock (flex) {mo} at (0,0) size 13x10
                    RenderBlock (anonymous) at (0,0) size 13x10
                      RenderText {mo} at (0,-6) size 13x19
                        text run at (0,-6) width 13: "+"
                RenderBlock {mn} at (27,0) size 9x12
                  RenderText {#text} at (0,-4) size 8x19
                    text run at (0,-4) width 8: "2"
                RenderMathMLOperator {mo} at (38,2) size 14x10
                  RenderMathMLBlock (flex) {mo} at (0,0) size 13x10
                    RenderBlock (anonymous) at (0,0) size 13x10
                      RenderText {mo} at (0,-6) size 13x19
                        text run at (0,-6) width 13: "+"
                RenderBlock {mn} at (54,0) size 9x12
                  RenderText {#text} at (0,-4) size 8x19
                    text run at (0,-4) width 8: "3"
                RenderMathMLOperator {mo} at (65,2) size 14x10
                  RenderMathMLBlock (flex) {mo} at (0,0) size 13x10
                    RenderBlock (anonymous) at (0,0) size 13x10
                      RenderText {mo} at (0,-6) size 13x19
                        text run at (0,-6) width 13: "+"
                RenderBlock {mn} at (82,0) size 9x12
                  RenderText {#text} at (0,-4) size 8x19
                    text run at (0,-4) width 8: "4"
                RenderMathMLOperator {mo} at (93,2) size 14x10
                  RenderMathMLBlock (flex) {mo} at (0,0) size 13x10
                    RenderBlock (anonymous) at (0,0) size 13x10
                      RenderText {mo} at (0,-6) size 13x19
                        text run at (0,-6) width 13: "+"
                RenderBlock {mn} at (109,0) size 9x12
                  RenderText {#text} at (0,-4) size 8x19
                    text run at (0,-4) width 8: "5"
            RenderMathMLBlock (anonymous, flex) at (0,15) size 118x13 [padding: 1 0 0 0]
              RenderBlock {mi} at (107,4) size 11x9
                RenderText {#text} at (0,-8) size 8x19
                  text run at (0,-8) width 8: "x"
        RenderText {#text} at (0,0) size 0x0
