layer at (0,0) size 800x600
  RenderView at (0,0) size 800x600
layer at (0,0) size 800x376
  RenderBlock {html} at (0,0) size 800x376
    RenderBody {body} at (8,16) size 784x344
      RenderBlock {p} at (0,0) size 784x23
        RenderText {#text} at (0,3) size 34x19
          text run at (0,3) width 34: "over: "
        RenderMathMLMath {math} at (34,0) size 13x19 [padding: 0 1 0 1]
          RenderMathMLUnderOver {mover} at (1,0) size 11x19
            RenderBlock {mi} at (0,7) size 11x12
              RenderText {#text} at (0,-4) size 9x19
                text run at (0,-4) width 9: "B"
            RenderBlock {mi} at (2,0) size 7x7
              RenderText {#text} at (0,-6) size 5x15
                text run at (0,-6) width 5: "x"
        RenderText {#text} at (0,0) size 0x0
      RenderBlock {p} at (0,39) size 784x25
        RenderText {#text} at (0,5) size 34x19
          text run at (0,5) width 34: "over: "
        RenderMathMLMath {math} at (34,0) size 13x21 [padding: 0 1 0 1]
          RenderMathMLUnderOver {mover} at (1,0) size 11x21
            RenderBlock {mi} at (0,9) size 11x12
              RenderText {#text} at (0,-4) size 9x19
                text run at (0,-4) width 9: "B"
            RenderBlock {mi} at (2,0) size 7x9
              RenderText {#text} at (0,-6) size 5x15
                text run at (0,-6) width 5: "y"
        RenderText {#text} at (0,0) size 0x0
      RenderBlock {p} at (0,80) size 784x30
        RenderText {#text} at (0,10) size 34x19
          text run at (0,10) width 34: "over: "
        RenderMathMLMath {math} at (34,0) size 20x26 [padding: 0 1 0 1]
          RenderMathMLUnderOver {mover} at (1,0) size 18x26
            RenderBlock {mi} at (0,9) size 18x17
              RenderText {#text} at (0,-5) size 15x27
                text run at (0,-5) width 15: "B"
            RenderBlock {mi} at (5,0) size 7x9
              RenderText {#text} at (0,-6) size 5x15
                text run at (0,-6) width 5: "y"
        RenderText {#text} at (0,0) size 0x0
      RenderBlock {p} at (0,126) size 784x31
        RenderText {#text} at (0,11) size 34x19
          text run at (0,11) width 34: "over: "
        RenderMathMLMath {math} at (34,0) size 18x31 [padding: 0 1 0 1]
          RenderMathMLUnderOver {mover} at (1,0) size 16x31
            RenderMathMLOperator {mo} at (0,9) size 16x22
              RenderMathMLBlock (flex) {mo} at (0,0) size 16x22
                RenderBlock (anonymous) at (0,0) size 16x22
                  RenderText {mo} at (0,-5) size 16x28
                    text run at (0,-5) width 16: "\x{2211}"
            RenderBlock {mi} at (4,0) size 8x9
              RenderText {#text} at (0,-6) size 5x15
                text run at (0,-6) width 5: "y"
        RenderText {#text} at (0,0) size 0x0
      RenderBlock {p} at (0,173) size 784x60
        RenderText {#text} at (0,25) size 34x19
          text run at (0,25) width 34: "over: "
        RenderMathMLMath {math} at (34,0) size 50x60 [padding: 0 1 0 1]
          RenderMathMLUnderOver {mover} at (1,3) size 8x57
            RenderMathMLOperator {mo} at (0,9) size 8x48
            RenderBlock {mi} at (0,0) size 8x9
              RenderText {#text} at (0,-6) size 5x15
                text run at (0,-6) width 5: "y"
          RenderBlock {div} at (9,0) size 40x40
        RenderText {#text} at (0,0) size 0x0
      RenderBlock {p} at (0,249) size 784x26
        RenderText {#text} at (0,6) size 44x19
          text run at (0,6) width 44: "Overs: "
        RenderMathMLMath {math} at (44,4) size 12x18 [padding: 0 1 0 1]
          RenderMathMLUnderOver {mover} at (1,0) size 10x18
            RenderBlock {mi} at (0,10) size 10x8
              RenderText {#text} at (0,-8) size 8x19
                text run at (0,-8) width 8: "x"
            RenderMathMLOperator {mo} at (0,0) size 10x10
              RenderMathMLBlock (flex) {mo} at (0,0) size 10x10
                RenderBlock (anonymous) at (0,0) size 10x10
                  RenderText {mo} at (0,-2) size 10x14
                    text run at (0,-2) width 10: "^"
        RenderText {#text} at (56,6) size 4x19
          text run at (56,6) width 4: " "
        RenderMathMLMath {math} at (60,7) size 14x15 [padding: 0 1 0 1]
          RenderMathMLUnderOver {mover} at (1,0) size 12x15
            RenderBlock {mi} at (0,3) size 12x12
              RenderText {#text} at (0,-4) size 10x19
                text run at (0,-4) width 10: "A"
            RenderMathMLOperator {mo} at (2,0) size 7x3
              RenderMathMLBlock (flex) {mo} at (0,0) size 6x3
                RenderBlock (anonymous) at (0,0) size 6x3
                  RenderText {mo} at (0,-11) size 6x14
                    text run at (0,-11) width 6: "_"
        RenderText {#text} at (73,6) size 5x19
          text run at (73,6) width 5: " "
        RenderMathMLMath {math} at (77,11) size 13x11 [padding: 0 1 0 1]
          RenderMathMLUnderOver {mover} at (1,0) size 10x11
            RenderBlock {mi} at (0,3) size 10x8
              RenderText {#text} at (0,-8) size 8x19
                text run at (0,-8) width 8: "x"
            RenderMathMLOperator {mo} at (1,0) size 7x3
              RenderMathMLBlock (flex) {mo} at (0,0) size 6x3
                RenderBlock (anonymous) at (0,0) size 6x3
                  RenderText {mo} at (0,-11) size 6x14
                    text run at (0,-11) width 6: "_"
        RenderText {#text} at (89,6) size 5x19
          text run at (89,6) width 5: " "
        RenderMathMLMath {math} at (93,0) size 14x22 [padding: 0 1 0 1]
          RenderMathMLUnderOver {mover} at (1,0) size 12x22
            RenderBlock {mi} at (0,10) size 12x12
              RenderText {#text} at (0,-4) size 10x19
                text run at (0,-4) width 10: "A"
            RenderMathMLOperator {mo} at (0,0) size 11x10
              RenderMathMLBlock (flex) {mo} at (0,0) size 10x10
                RenderBlock (anonymous) at (0,0) size 10x10
                  RenderText {mo} at (0,-2) size 10x14
                    text run at (0,-2) width 10: "^"
        RenderText {#text} at (106,6) size 5x19
          text run at (106,6) width 5: " "
        RenderMathMLMath {math} at (110,7) size 13x15 [padding: 0 1 0 1]
          RenderMathMLUnderOver {mover} at (1,0) size 10x15
            RenderBlock {mi} at (0,7) size 10x8
              RenderText {#text} at (0,-8) size 8x19
                text run at (0,-8) width 8: "v"
            RenderMathMLOperator {mo} at (0,0) size 10x7
              RenderMathMLBlock (flex) {mo} at (0,0) size 10x7
                RenderBlock (anonymous) at (0,0) size 10x7
                  RenderText {mo} at (0,-5) size 10x14
                    text run at (0,-5) width 10: "\x{2192}"
        RenderText {#text} at (0,0) size 0x0
      RenderBlock {p} at (0,291) size 784x53
        RenderMathMLMath {math} at (0,0) size 22x49 [padding: 0 1 0 1]
          RenderBlock {mi} at (1,41) size 10x8
            RenderText {#text} at (0,-8) size 8x19
              text run at (0,-8) width 8: "a"
          RenderMathMLUnderOver {mover} at (10,2) size 11x47 [bgcolor=#FFFF00] [padding: 4 0 0 0]
            RenderBlock {mi} at (0,19) size 10x28 [bgcolor=#FFA500]
              RenderText {#text} at (0,12) size 8x19
                text run at (0,12) width 8: "b"
            RenderBlock {mi} at (1,4) size 7x7
              RenderText {#text} at (0,-6) size 5x15
                text run at (0,-6) width 5: "c"
        RenderText {#text} at (0,0) size 0x0
layer at (43,201) size 8x17
  RenderMathMLBlock (flex) {mo} at (0,0) size 8x17
    RenderBlock (anonymous) at (0,0) size 8x17
      RenderText {mo} at (0,-2) size 8x19
        text run at (0,-2) width 8: "\x{2320}"
layer at (43,218) size 8x14 scrollHeight 17
  RenderMathMLBlock (flex) {mo} at (0,17) size 8x14
    RenderBlock (anonymous) at (0,0) size 8x14
layer at (43,232) size 8x17
  RenderMathMLBlock (flex) {mo} at (0,31) size 8x17
    RenderBlock (anonymous) at (0,0) size 8x17
layer at (43,217) size 8x17 backgroundClip at (43,218) size 8x14 clip at (43,218) size 8x14 outlineClip at (43,218) size 8x14
  RenderBlock (relative positioned) {mo} at (0,0) size 8x17
    RenderText {mo} at (0,-2) size 8x19
      text run at (0,-2) width 8: "\x{23AE}"
layer at (43,231) size 8x17 backgroundClip at (43,232) size 8x17 clip at (43,232) size 8x17 outlineClip at (43,232) size 8x17
  RenderBlock (relative positioned) {mo} at (0,0) size 8x17
    RenderText {mo} at (0,-2) size 8x19
      text run at (0,-2) width 8: "\x{2321}"
