layer at (0,0) size 800x600
  RenderView at (0,0) size 800x600
layer at (0,0) size 800x263
  RenderBlock {HTML} at (0,0) size 800x263
    RenderBody {BODY} at (8,8) size 784x247
      RenderBlock {DIV} at (0,0) size 784x19
        RenderText {#text} at (0,0) size 300x19
          text run at (0,0) width 300: "No font is specified. expected: backslash, actual: \\"
      RenderBlock {DIV} at (0,19) size 784x19
        RenderText {#text} at (0,0) size 327x19
          text run at (0,0) width 327: "Using font \"MS PGothic\". expected: yen sign, actual: \x{A5}"
      RenderBlock {DIV} at (0,38) size 784x19
        RenderText {#text} at (0,0) size 318x19
          text run at (0,0) width 318: "Using font \"MS Gothic\". expected: yen sign, actual: \x{A5}"
      RenderBlock {DIV} at (0,57) size 784x19
        RenderText {#text} at (0,0) size 333x19
          text run at (0,0) width 333: "Using font \"MS PMincho\". expected: yen sign, actual: \x{A5}"
      RenderBlock {DIV} at (0,76) size 784x19
        RenderText {#text} at (0,0) size 324x19
          text run at (0,0) width 324: "Using font \"MS Mincho\". expected: yen sign, actual: \x{A5}"
      RenderBlock {DIV} at (0,95) size 784x19
        RenderText {#text} at (0,0) size 295x19
          text run at (0,0) width 295: "Using font \"Meiryo\". expected: yen sign, actual: \x{A5}"
      RenderBlock {DIV} at (0,114) size 784x19
        RenderText {#text} at (0,0) size 255x19
          text run at (0,0) width 255: "Using font \"\x{FF2D}\x{FF33} \x{FF30}\x{30B4}\x{30B7}\x{30C3}\x{30AF}\". expected: yen sign, actual: \x{A5}"
      RenderBlock {DIV} at (0,133) size 784x19
        RenderText {#text} at (0,0) size 255x19
          text run at (0,0) width 255: "Using font \"\x{FF2D}\x{FF33} \x{30B4}\x{30B7}\x{30C3}\x{30AF}\". expected: yen sign, actual: \x{A5}"
      RenderBlock {DIV} at (0,152) size 784x19
        RenderText {#text} at (0,0) size 255x19
          text run at (0,0) width 255: "Using font \"\x{FF2D}\x{FF33} \x{FF30}\x{660E}\x{671D}\". expected: yen sign, actual: \x{A5}"
      RenderBlock {DIV} at (0,171) size 784x19
        RenderText {#text} at (0,0) size 255x19
          text run at (0,0) width 255: "Using font \"\x{FF2D}\x{FF33} \x{660E}\x{671D}\". expected: yen sign, actual: \x{A5}"
      RenderBlock {DIV} at (0,190) size 784x19
        RenderText {#text} at (0,0) size 251x19
          text run at (0,0) width 251: "Using font \"\x{30E1}\x{30A4}\x{30EA}\x{30AA}\". expected: yen sign, actual: \x{A5}"
      RenderBlock {DIV} at (0,209) size 784x19
        RenderText {#text} at (0,0) size 294x19
          text run at (0,0) width 294: "Using font \"Times\". expected: backslash, actual: \\"
      RenderBlock {DIV} at (0,228) size 784x19
        RenderText {#text} at (0,0) size 298x19
          text run at (0,0) width 298: "Using font \"foobar\". expected: backslash, actual: \\"
