layer at (0,0) size 784x15650
  RenderView at (0,0) size 784x600
layer at (0,0) size 784x15650
  RenderBlock {HTML} at (0,0) size 784x15650
    RenderBody {BODY} at (8,8) size 768x15634
      RenderTable {TABLE} at (0,0) size 40x584 [bgcolor=#0000FF] [border: (1px outset #808080)]
        RenderTableSection {TBODY} at (1,1) size 38x582
          RenderTableRow {TR} at (0,2) size 38x114
            RenderTableCell {TD} at (2,48) size 34x22 [border: (1px inset #808080)] [r=0 c=0 rs=1 cs=1]
              RenderText {#text} at (2,2) size 30x17
                text run at (2,2) width 30: "20%"
          RenderTableRow {TR} at (0,118) size 38x462
            RenderTableCell {TD} at (2,338) size 34x22 [border: (1px inset #808080)] [r=1 c=0 rs=1 cs=1]
              RenderText {#text} at (2,2) size 30x17
                text run at (2,2) width 30: "80%"
      RenderBlock (anonymous) at (0,584) size 768x18
        RenderBR {BR} at (0,0) size 0x17
      RenderTable {TABLE} at (0,602) size 55x108 [bgcolor=#0000FF] [border: (1px outset #808080)]
        RenderTableSection {TBODY} at (1,1) size 53x106
          RenderTableRow {TR} at (0,2) size 53x50
            RenderTableCell {TD} at (2,16) size 49x22 [border: (1px inset #808080)] [r=0 c=0 rs=1 cs=1]
              RenderText {#text} at (2,2) size 45x17
                text run at (2,2) width 45: "row 50"
          RenderTableRow {TR} at (0,54) size 53x50
            RenderTableCell {TD} at (2,68) size 49x22 [border: (1px inset #808080)] [r=1 c=0 rs=1 cs=1]
              RenderText {#text} at (2,2) size 16x17
                text run at (2,2) width 16: "50"
      RenderBlock (anonymous) at (0,710) size 768x18
        RenderBR {BR} at (0,0) size 0x17
      RenderTable {TABLE} at (0,728) size 26x116 [bgcolor=#0000FF] [border: (1px outset #808080)]
        RenderTableSection {TBODY} at (1,1) size 24x114
          RenderTableRow {TR} at (0,2) size 24x58
            RenderTableCell {TD} at (2,2) size 20x58 [border: (1px inset #808080)] [r=0 c=0 rs=1 cs=1]
              RenderText {#text} at (2,2) size 8x53
                text run at (2,2) width 8: "5"
                text run at (2,20) width 8: "5"
                text run at (2,38) width 8: "5"
          RenderTableRow {TR} at (0,62) size 24x50
            RenderTableCell {TD} at (2,76) size 20x22 [border: (1px inset #808080)] [r=1 c=0 rs=1 cs=1]
              RenderText {#text} at (2,2) size 16x17
                text run at (2,2) width 16: "50"
      RenderTable {TABLE} at (0,844) size 34x258 [bgcolor=#0000FF] [border: (1px outset #808080)]
        RenderTableSection {TBODY} at (1,1) size 32x256
          RenderTableRow {TR} at (0,2) size 32x200
            RenderTableCell {TD} at (2,91) size 28x22 [border: (1px inset #808080)] [r=0 c=0 rs=1 cs=1]
              RenderText {#text} at (2,2) size 24x17
                text run at (2,2) width 24: "200"
          RenderTableRow {TR} at (0,204) size 32x50
            RenderTableCell {TD} at (2,218) size 28x22 [border: (1px inset #808080)] [r=1 c=0 rs=1 cs=1]
              RenderText {#text} at (2,2) size 16x17
                text run at (2,2) width 16: "50"
      RenderBlock (anonymous) at (0,1102) size 768x18
        RenderBR {BR} at (0,0) size 0x17
      RenderTable {TABLE} at (0,1120) size 34x258 [bgcolor=#0000FF] [border: (1px outset #808080)]
        RenderTableSection {TBODY} at (1,1) size 32x256
          RenderTableRow {TR} at (0,2) size 32x200
            RenderTableCell {TD} at (2,91) size 28x22 [border: (1px inset #808080)] [r=0 c=0 rs=1 cs=1]
              RenderText {#text} at (2,2) size 24x17
                text run at (2,2) width 24: "200"
          RenderTableRow {TR} at (0,204) size 32x50
            RenderTableCell {TD} at (2,218) size 28x22 [border: (1px inset #808080)] [r=1 c=0 rs=1 cs=1]
              RenderText {#text} at (2,2) size 16x17
                text run at (2,2) width 16: "50"
      RenderBlock (anonymous) at (0,1378) size 768x18
        RenderBR {BR} at (0,0) size 0x17
      RenderTable {TABLE} at (0,1396) size 64x208 [bgcolor=#FFA500] [border: (1px outset #808080)]
        RenderTableSection {TBODY} at (1,1) size 62x206
          RenderTableRow {TR} at (0,2) size 62x100
            RenderTableCell {TD} at (2,92) size 28x22 [border: (1px inset #808080)] [r=0 c=0 rs=2 cs=1]
              RenderText {#text} at (2,2) size 24x17
                text run at (2,2) width 24: "100"
            RenderTableCell {TD} at (32,41) size 28x22 [border: (1px inset #808080)] [r=0 c=1 rs=1 cs=1]
              RenderText {#text} at (2,2) size 24x17
                text run at (2,2) width 24: "100"
          RenderTableRow {TR} at (0,104) size 62x100
            RenderTableCell {TD} at (32,125) size 28x58 [border: (1px inset #808080)] [r=1 c=1 rs=1 cs=1]
              RenderText {#text} at (2,2) size 24x53
                text run at (2,2) width 24: "100"
                text run at (2,20) width 24: "100"
                text run at (2,38) width 24: "100"
      RenderBlock (anonymous) at (0,1604) size 768x18
        RenderBR {BR} at (0,0) size 0x17
      RenderTable {TABLE} at (0,1622) size 48x28 [bgcolor=#FFFF00] [border: (1px outset #808080)]
        RenderTableSection {TBODY} at (1,1) size 46x26
          RenderTableRow {TR} at (0,2) size 46x22
            RenderTableCell {TD} at (2,2) size 42x22 [border: (1px inset #808080)] [r=0 c=0 rs=1 cs=1]
              RenderText {#text} at (2,2) size 38x17
                text run at (2,2) width 38: "100%"
      RenderBlock (anonymous) at (0,1650) size 768x18
        RenderBR {BR} at (0,0) size 0x17
      RenderTable {TABLE} at (0,1668) size 40x1668 [bgcolor=#FFA500] [border: (1px outset #808080)]
        RenderTableSection {TBODY} at (1,1) size 38x1666
          RenderTableRow {TR} at (0,2) size 38x331
            RenderTableCell {TD} at (2,156) size 34x22 [border: (1px inset #808080)] [r=0 c=0 rs=1 cs=1]
              RenderText {#text} at (2,2) size 30x17
                text run at (2,2) width 30: "20%"
          RenderTableRow {TR} at (0,335) size 38x1329
            RenderTableCell {TD} at (2,988) size 34x22 [border: (1px inset #808080)] [r=1 c=0 rs=1 cs=1]
              RenderText {#text} at (2,2) size 30x17
                text run at (2,2) width 30: "80%"
      RenderBlock (anonymous) at (0,3336) size 768x18
        RenderBR {BR} at (0,0) size 0x17
      RenderTable {TABLE} at (0,3354) size 62x206 [bgcolor=#808080] [border: (1px outset #808080)]
        RenderTableSection {TBODY} at (1,1) size 60x204
          RenderTableRow {TR} at (0,2) size 60x200
            RenderTableCell {TD} at (2,91) size 26x22 [border: (1px inset #808080)] [r=0 c=0 rs=1 cs=1]
              RenderText {#text} at (2,2) size 22x17
                text run at (2,2) width 22: "5%"
            RenderTableCell {TD} at (30,91) size 28x22 [border: (1px inset #808080)] [r=0 c=1 rs=1 cs=1]
              RenderText {#text} at (2,2) size 24x17
                text run at (2,2) width 24: "200"
      RenderBlock (anonymous) at (0,3560) size 768x18
        RenderBR {BR} at (0,0) size 0x17
      RenderTable {TABLE} at (0,3578) size 62x198 [bgcolor=#FFA500] [border: (1px outset #808080)]
        RenderTableSection {TBODY} at (1,1) size 60x196
          RenderTableRow {TR} at (0,2) size 60x192
            RenderTableCell {TD} at (2,87) size 34x22 [border: (1px inset #808080)] [r=0 c=0 rs=1 cs=1]
              RenderText {#text} at (2,2) size 30x17
                text run at (2,2) width 30: "50%"
            RenderTableCell {TD} at (38,87) size 20x22 [border: (1px inset #808080)] [r=0 c=1 rs=1 cs=1]
              RenderText {#text} at (2,2) size 16x17
                text run at (2,2) width 16: "20"
      RenderBlock (anonymous) at (0,3776) size 768x18
        RenderBR {BR} at (0,0) size 0x17
      RenderTable {TABLE} at (0,3794) size 40x3793 [border: (1px outset #808080)]
        RenderTableSection {TBODY} at (1,1) size 38x3791
          RenderTableRow {TR} at (0,2) size 38x536
            RenderTableCell {TD} at (2,259) size 34x22 [border: (1px inset #808080)] [r=0 c=0 rs=1 cs=1]
              RenderText {#text} at (2,2) size 24x17
                text run at (2,2) width 24: "500"
          RenderTableRow {TR} at (0,540) size 38x3249
            RenderTableCell {TD} at (2,2153) size 34x22 [border: (1px inset #808080)] [r=1 c=0 rs=1 cs=1]
              RenderText {#text} at (2,2) size 30x17
                text run at (2,2) width 30: "80%"
      RenderBlock (anonymous) at (0,7587) size 768x18
        RenderBR {BR} at (0,0) size 0x17
      RenderTable {TABLE} at (0,7605) size 106x7605 [bgcolor=#FF0000] [border: (1px outset #808080)]
        RenderTableSection {TBODY} at (1,1) size 104x7603
          RenderTableRow {TR} at (0,2) size 104x2380
            RenderTableCell {TD} at (2,2599) size 32x22 [border: (1px inset #808080)] [r=0 c=0 rs=2 cs=1]
              RenderText {#text} at (2,2) size 24x17
                text run at (2,2) width 24: "500"
            RenderTableCell {TD} at (36,1181) size 32x22 [border: (1px inset #808080)] [r=0 c=1 rs=1 cs=1]
              RenderText {#text} at (2,2) size 28x17
                text run at (2,2) width 28: "auto"
          RenderTableRow {TR} at (0,2384) size 104x2834
            RenderTableCell {TD} at (36,3790) size 32x22 [border: (1px inset #808080)] [r=1 c=1 rs=1 cs=1]
              RenderText {#text} at (2,2) size 28x17
                text run at (2,2) width 28: "auto"
            RenderTableCell {TD} at (70,3790) size 32x22 [border: (1px inset #808080)] [r=1 c=2 rs=1 cs=1]
              RenderText {#text} at (2,2) size 28x17
                text run at (2,2) width 28: "auto"
          RenderTableRow {TR} at (0,5220) size 104x2381
            RenderTableCell {TD} at (2,6399) size 32x22 [border: (1px inset #808080)] [r=2 c=0 rs=1 cs=1]
              RenderText {#text} at (2,2) size 28x17
                text run at (2,2) width 28: "auto"
            RenderTableCell {TD} at (36,6399) size 32x22 [border: (1px inset #808080)] [r=2 c=1 rs=1 cs=1]
              RenderText {#text} at (2,2) size 28x17
                text run at (2,2) width 28: "auto"
      RenderBlock (anonymous) at (0,15210) size 768x18
        RenderBR {BR} at (0,0) size 0x17
      RenderTable {TABLE} at (0,15228) size 54x406 [bgcolor=#FFA500] [border: (1px outset #808080)]
        RenderTableSection {TBODY} at (1,1) size 52x404
          RenderTableRow {TR} at (0,2) size 52x400
            RenderTableCell {TD} at (2,2) size 48x400 [border: (1px inset #808080)] [r=0 c=0 rs=1 cs=1]
              RenderTable {TABLE} at (2,2) size 44x396 [bgcolor=#0000FF]
                RenderTableSection {TBODY} at (0,0) size 44x396
                  RenderTableRow {TR} at (0,2) size 44x392
                    RenderTableCell {TD} at (2,188) size 40x20 [r=0 c=0 rs=1 cs=1]
                      RenderText {#text} at (1,1) size 38x17
                        text run at (1,1) width 38: "100%"
