layer at (0,0) size 784x756
  RenderView at (0,0) size 784x600
layer at (0,0) size 784x756
  RenderBlock {HTML} at (0,0) size 784x756
    RenderBody {BODY} at (8,8) size 768x740
      RenderBlock (anonymous) at (0,0) size 768x18
        RenderText {#text} at (0,0) size 163x17
          text run at (0,0) width 163: "Table auto, no cells fixed"
      RenderTable {TABLE} at (0,18) size 347x28 [border: (1px outset #808080)]
        RenderTableSection {TBODY} at (1,1) size 345x26
          RenderTableRow {TR} at (0,2) size 345x22
            RenderTableCell {TD} at (2,2) size 242x22 [border: (1px inset #808080)] [r=0 c=0 rs=1 cs=1]
              RenderText {#text} at (2,2) size 238x17
                text run at (2,2) width 238: "fooooooooooooooooooooooooooooo"
            RenderTableCell {TD} at (246,2) size 68x22 [border: (1px inset #808080)] [r=0 c=1 rs=1 cs=1]
              RenderText {#text} at (2,2) size 64x17
                text run at (2,2) width 64: "barrrrrrrrr"
            RenderTableCell {TD} at (316,2) size 27x22 [border: (1px inset #808080)] [r=0 c=2 rs=1 cs=1]
              RenderText {#text} at (2,2) size 23x17
                text run at (2,2) width 23: "zap"
      RenderBlock (anonymous) at (0,46) size 768x36
        RenderBR {BR} at (0,0) size 0x17
        RenderText {#text} at (0,18) size 168x17
          text run at (0,18) width 168: "Table fixed, no cells fixed"
      RenderTable {TABLE} at (0,82) size 500x28 [border: (1px outset #808080)]
        RenderTableSection {TBODY} at (1,1) size 498x26
          RenderTableRow {TR} at (0,2) size 498x22
            RenderTableCell {TD} at (2,2) size 351x22 [border: (1px inset #808080)] [r=0 c=0 rs=1 cs=1]
              RenderText {#text} at (2,2) size 238x17
                text run at (2,2) width 238: "fooooooooooooooooooooooooooooo"
            RenderTableCell {TD} at (355,2) size 99x22 [border: (1px inset #808080)] [r=0 c=1 rs=1 cs=1]
              RenderText {#text} at (2,2) size 64x17
                text run at (2,2) width 64: "barrrrrrrrr"
            RenderTableCell {TD} at (456,2) size 40x22 [border: (1px inset #808080)] [r=0 c=2 rs=1 cs=1]
              RenderText {#text} at (2,2) size 23x17
                text run at (2,2) width 23: "zap"
      RenderBlock (anonymous) at (0,110) size 768x36
        RenderBR {BR} at (0,0) size 0x17
        RenderText {#text} at (0,18) size 168x17
          text run at (0,18) width 168: "Table fixed, no cells fixed"
      RenderTable {TABLE} at (0,146) size 200x64 [border: (1px outset #808080)]
        RenderTableSection {TBODY} at (1,1) size 198x62
          RenderTableRow {TR} at (0,2) size 198x58
            RenderTableCell {TD} at (2,2) size 125x58 [border: (1px inset #808080)] [r=0 c=0 rs=1 cs=1]
              RenderText {#text} at (2,2) size 116x53
                text run at (2,2) width 114: "fo oo oo oo oo oo"
                text run at (2,20) width 116: "oo oo oo oo oo oo"
                text run at (2,38) width 56: "oo oo oo"
            RenderTableCell {TD} at (129,2) size 38x58 [border: (1px inset #808080)] [r=0 c=1 rs=1 cs=1]
              RenderText {#text} at (2,2) size 26x53
                text run at (2,2) width 26: "barr"
                text run at (2,20) width 22: "rrrr"
                text run at (2,38) width 22: "rrrr"
            RenderTableCell {TD} at (169,20) size 27x22 [border: (1px inset #808080)] [r=0 c=2 rs=1 cs=1]
              RenderText {#text} at (2,2) size 23x17
                text run at (2,2) width 23: "zap"
      RenderBlock (anonymous) at (0,210) size 768x36
        RenderBR {BR} at (0,0) size 0x17
        RenderText {#text} at (0,18) size 159x17
          text run at (0,18) width 159: "Table auto, 1st cell fixed"
      RenderTable {TABLE} at (0,246) size 137x28 [border: (1px outset #808080)]
        RenderTableSection {TBODY} at (1,1) size 135x26
          RenderTableRow {TR} at (0,2) size 135x22
            RenderTableCell {TD} at (2,2) size 104x22 [border: (1px inset #808080)] [r=0 c=0 rs=1 cs=1]
              RenderText {#text} at (2,2) size 46x17
                text run at (2,2) width 46: "fooooo"
            RenderTableCell {TD} at (108,2) size 25x22 [border: (1px inset #808080)] [r=0 c=1 rs=1 cs=1]
              RenderText {#text} at (2,2) size 21x17
                text run at (2,2) width 21: "bar"
      RenderBlock (anonymous) at (0,274) size 768x36
        RenderBR {BR} at (0,0) size 0x17
        RenderText {#text} at (0,18) size 164x17
          text run at (0,18) width 164: "Table fixed, 1st cell fixed"
      RenderTable {TABLE} at (0,310) size 500x28 [border: (1px outset #808080)]
        RenderTableSection {TBODY} at (1,1) size 498x26
          RenderTableRow {TR} at (0,2) size 498x22
            RenderTableCell {TD} at (2,2) size 104x22 [border: (1px inset #808080)] [r=0 c=0 rs=1 cs=1]
              RenderText {#text} at (2,2) size 46x17
                text run at (2,2) width 46: "fooooo"
            RenderTableCell {TD} at (108,2) size 388x22 [border: (1px inset #808080)] [r=0 c=1 rs=1 cs=1]
              RenderText {#text} at (2,2) size 21x17
                text run at (2,2) width 21: "bar"
      RenderBlock (anonymous) at (0,338) size 768x36
        RenderBR {BR} at (0,0) size 0x17
        RenderText {#text} at (0,18) size 222x17
          text run at (0,18) width 222: "Table auto, 1st cell fixed too small"
      RenderTable {TABLE} at (0,374) size 275x28 [border: (1px outset #808080)]
        RenderTableSection {TBODY} at (1,1) size 273x26
          RenderTableRow {TR} at (0,2) size 273x22
            RenderTableCell {TD} at (2,2) size 242x22 [border: (1px inset #808080)] [r=0 c=0 rs=1 cs=1]
              RenderText {#text} at (2,2) size 238x17
                text run at (2,2) width 238: "fooooooooooooooooooooooooooooo"
            RenderTableCell {TD} at (246,2) size 25x22 [border: (1px inset #808080)] [r=0 c=1 rs=1 cs=1]
              RenderText {#text} at (2,2) size 21x17
                text run at (2,2) width 21: "bar"
      RenderBlock (anonymous) at (0,402) size 768x36
        RenderBR {BR} at (0,0) size 0x17
        RenderText {#text} at (0,18) size 228x17
          text run at (0,18) width 228: "Table fixed, 1st cell fixed too small"
      RenderTable {TABLE} at (0,438) size 500x28 [border: (1px outset #808080)]
        RenderTableSection {TBODY} at (1,1) size 498x26
          RenderTableRow {TR} at (0,2) size 498x22
            RenderTableCell {TD} at (2,2) size 242x22 [border: (1px inset #808080)] [r=0 c=0 rs=1 cs=1]
              RenderText {#text} at (2,2) size 238x17
                text run at (2,2) width 238: "fooooooooooooooooooooooooooooo"
            RenderTableCell {TD} at (246,2) size 250x22 [border: (1px inset #808080)] [r=0 c=1 rs=1 cs=1]
              RenderText {#text} at (2,2) size 21x17
                text run at (2,2) width 21: "bar"
      RenderBlock (anonymous) at (0,466) size 768x36
        RenderBR {BR} at (0,0) size 0x17
        RenderText {#text} at (0,18) size 175x17
          text run at (0,18) width 175: "Table auto, both cells fixed"
      RenderTable {TABLE} at (0,502) size 216x28 [border: (1px outset #808080)]
        RenderTableSection {TBODY} at (1,1) size 214x26
          RenderTableRow {TR} at (0,2) size 214x22
            RenderTableCell {TD} at (2,2) size 104x22 [border: (1px inset #808080)] [r=0 c=0 rs=1 cs=1]
              RenderText {#text} at (2,2) size 38x17
                text run at (2,2) width 38: "foooo"
            RenderTableCell {TD} at (108,2) size 104x22 [border: (1px inset #808080)] [r=0 c=1 rs=1 cs=1]
              RenderText {#text} at (2,2) size 21x17
                text run at (2,2) width 21: "bar"
      RenderBlock (anonymous) at (0,530) size 768x36
        RenderBR {BR} at (0,0) size 0x17
        RenderText {#text} at (0,18) size 180x17
          text run at (0,18) width 180: "Table fixed, both cells fixed"
      RenderTable {TABLE} at (0,566) size 500x28 [border: (1px outset #808080)]
        RenderTableSection {TBODY} at (1,1) size 498x26
          RenderTableRow {TR} at (0,2) size 498x22
            RenderTableCell {TD} at (2,2) size 246x22 [border: (1px inset #808080)] [r=0 c=0 rs=1 cs=1]
              RenderText {#text} at (2,2) size 38x17
                text run at (2,2) width 38: "foooo"
            RenderTableCell {TD} at (250,2) size 246x22 [border: (1px inset #808080)] [r=0 c=1 rs=1 cs=1]
              RenderText {#text} at (2,2) size 21x17
                text run at (2,2) width 21: "bar"
      RenderBlock (anonymous) at (0,594) size 768x36
        RenderBR {BR} at (0,0) size 0x17
        RenderText {#text} at (0,18) size 292x17
          text run at (0,18) width 292: "Table auto, both cells fixed, 1st one too small"
      RenderTable {TABLE} at (0,630) size 354x28 [border: (1px outset #808080)]
        RenderTableSection {TBODY} at (1,1) size 352x26
          RenderTableRow {TR} at (0,2) size 352x22
            RenderTableCell {TD} at (2,2) size 242x22 [border: (1px inset #808080)] [r=0 c=0 rs=1 cs=1]
              RenderText {#text} at (2,2) size 238x17
                text run at (2,2) width 238: "fooooooooooooooooooooooooooooo"
            RenderTableCell {TD} at (246,2) size 104x22 [border: (1px inset #808080)] [r=0 c=1 rs=1 cs=1]
              RenderText {#text} at (2,2) size 21x17
                text run at (2,2) width 21: "bar"
      RenderBlock (anonymous) at (0,658) size 768x36
        RenderBR {BR} at (0,0) size 0x17
        RenderText {#text} at (0,18) size 334x17
          text run at (0,18) width 334: "Table fixed, both cells fixed, 1st cell fixed too small"
      RenderTable {TABLE} at (0,694) size 500x28 [border: (1px outset #808080)]
        RenderTableSection {TBODY} at (1,1) size 498x26
          RenderTableRow {TR} at (0,2) size 498x22
            RenderTableCell {TD} at (2,2) size 344x22 [border: (1px inset #808080)] [r=0 c=0 rs=1 cs=1]
              RenderText {#text} at (2,2) size 238x17
                text run at (2,2) width 238: "fooooooooooooooooooooooooooooo"
            RenderTableCell {TD} at (348,2) size 148x22 [border: (1px inset #808080)] [r=0 c=1 rs=1 cs=1]
              RenderText {#text} at (2,2) size 21x17
                text run at (2,2) width 21: "bar"
      RenderBlock (anonymous) at (0,722) size 768x18
        RenderBR {BR} at (0,0) size 0x17
