layer at (0,0) size 800x600
  RenderView at (0,0) size 800x600
layer at (0,0) size 800x600
  RenderBlock {HTML} at (0,0) size 800x600
    RenderBody {BODY} at (8,8) size 784x584
      RenderTable {TABLE} at (0,0) size 70x42 [border: none]
        RenderTableSection {TBODY} at (0,0) size 69x41
          RenderTableRow {TR} at (0,0) size 69x21
            RenderTableCell {TD} at (0,0) size 35x21 [border: (1px none #000000)] [r=0 c=0 rs=1 cs=1]
              RenderText {#text} at (2,2) size 32x17
                text run at (2,2) width 32: "rules"
            RenderTableCell {TD} at (35,0) size 34x21 [border: (1px none #000000)] [r=0 c=1 rs=1 cs=1]
              RenderText {#text} at (1,2) size 32x17
                text run at (1,2) width 32: "none"
          RenderTableRow {TR} at (0,21) size 69x20
            RenderTableCell {TD} at (0,21) size 35x20 [border: none] [r=1 c=0 rs=1 cs=1]
              RenderText {#text} at (2,1) size 32x17
                text run at (2,1) width 32: "rules"
            RenderTableCell {TD} at (35,21) size 34x20 [r=1 c=1 rs=1 cs=1]
              RenderText {#text} at (1,1) size 32x17
                text run at (1,1) width 32: "none"
      RenderBlock (anonymous) at (0,42) size 784x18
        RenderBR {BR} at (0,0) size 0x17
      RenderTable {TABLE} at (0,60) size 117x83 [border: none]
        RenderTableSection {TBODY} at (0,0) size 116x41 [border: (1px solid #808080) none (1px solid #808080) none]
          RenderTableRow {TR} at (0,0) size 116x21
            RenderTableCell {TD} at (0,0) size 35x21 [border: (1px none #000000)] [r=0 c=0 rs=1 cs=1]
              RenderText {#text} at (2,2) size 32x17
                text run at (2,2) width 32: "rules"
            RenderTableCell {TD} at (35,0) size 81x21 [border: (1px none #000000)] [r=0 c=1 rs=1 cs=1]
              RenderText {#text} at (1,2) size 79x17
                text run at (1,2) width 79: "row group 1"
          RenderTableRow {TR} at (0,21) size 116x20
            RenderTableCell {TD} at (0,21) size 35x20 [border: none] [r=1 c=0 rs=1 cs=1]
              RenderText {#text} at (2,1) size 32x17
                text run at (2,1) width 32: "rules"
            RenderTableCell {TD} at (35,21) size 81x20 [r=1 c=1 rs=1 cs=1]
              RenderText {#text} at (1,1) size 79x17
                text run at (1,1) width 79: "row group 1"
        RenderTableSection {TBODY} at (0,41) size 116x41 [border: (1px solid #808080) none (1px solid #808080) none]
          RenderTableRow {TR} at (0,0) size 116x21
            RenderTableCell {TD} at (0,0) size 35x21 [border: (1px none #000000)] [r=0 c=0 rs=1 cs=1]
              RenderText {#text} at (2,2) size 32x17
                text run at (2,2) width 32: "rules"
            RenderTableCell {TD} at (35,0) size 81x21 [border: (1px none #000000)] [r=0 c=1 rs=1 cs=1]
              RenderText {#text} at (1,2) size 79x17
                text run at (1,2) width 79: "row group 2"
          RenderTableRow {TR} at (0,21) size 116x20
            RenderTableCell {TD} at (0,21) size 35x20 [border: none] [r=1 c=0 rs=1 cs=1]
              RenderText {#text} at (2,1) size 32x17
                text run at (2,1) width 32: "rules"
            RenderTableCell {TD} at (35,21) size 81x20 [r=1 c=1 rs=1 cs=1]
              RenderText {#text} at (1,1) size 79x17
                text run at (1,1) width 79: "row group 2"
      RenderBlock (anonymous) at (0,143) size 784x18
        RenderBR {BR} at (0,0) size 0x17
      RenderTable {TABLE} at (0,161) size 221x42 [border: none]
        RenderTableCol {COLGROUP} at (0,0) size 0x0 [border: (1px solid #000000) none (1px solid #000000)]
          RenderTableCol {COL} at (0,0) size 0x0
          RenderTableCol {COL} at (0,0) size 0x0
        RenderTableCol {COLGROUP} at (0,0) size 0x0 [border: (1px solid #000000) none (1px solid #000000)]
          RenderTableCol {COL} at (0,0) size 0x0
          RenderTableCol {COL} at (0,0) size 0x0
        RenderTableSection {TBODY} at (0,0) size 220x41 [border: (1px solid #808080) none (1px solid #808080) none]
          RenderTableRow {TR} at (0,0) size 220x21
            RenderTableCell {TD} at (0,0) size 35x21 [border: (1px none #000000)] [r=0 c=0 rs=1 cs=1]
              RenderText {#text} at (2,2) size 32x17
                text run at (2,2) width 32: "rules"
            RenderTableCell {TD} at (35,0) size 75x21 [border: (1px none #000000)] [r=0 c=1 rs=1 cs=1]
              RenderText {#text} at (1,2) size 73x17
                text run at (1,2) width 73: "col group 1"
            RenderTableCell {TD} at (110,0) size 35x21 [border: (1px none #000000)] [r=0 c=2 rs=1 cs=1]
              RenderText {#text} at (2,2) size 32x17
                text run at (2,2) width 32: "rules"
            RenderTableCell {TD} at (145,0) size 75x21 [border: (1px none #000000)] [r=0 c=3 rs=1 cs=1]
              RenderText {#text} at (1,2) size 73x17
                text run at (1,2) width 73: "col group 2"
          RenderTableRow {TR} at (0,21) size 220x20
            RenderTableCell {TD} at (0,21) size 35x20 [border: none] [r=1 c=0 rs=1 cs=1]
              RenderText {#text} at (2,1) size 32x17
                text run at (2,1) width 32: "rules"
            RenderTableCell {TD} at (35,21) size 75x20 [r=1 c=1 rs=1 cs=1]
              RenderText {#text} at (1,1) size 73x17
                text run at (1,1) width 73: "col group 1"
            RenderTableCell {TD} at (110,21) size 35x20 [border: none] [r=1 c=2 rs=1 cs=1]
              RenderText {#text} at (2,1) size 32x17
                text run at (2,1) width 32: "rules"
            RenderTableCell {TD} at (145,21) size 75x20 [r=1 c=3 rs=1 cs=1]
              RenderText {#text} at (1,1) size 73x17
                text run at (1,1) width 73: "col group 2"
      RenderBlock (anonymous) at (0,203) size 784x18
        RenderBR {BR} at (0,0) size 0x17
      RenderTable {TABLE} at (0,221) size 70x43 [border: none]
        RenderTableSection {TBODY} at (0,0) size 69x42
          RenderTableRow {TR} at (0,0) size 69x21
            RenderTableCell {TD} at (0,0) size 35x21 [border: (1px solid #808080) none none (1px none #808080)] [r=0 c=0 rs=1 cs=1]
              RenderText {#text} at (2,2) size 32x17
                text run at (2,2) width 32: "rules"
            RenderTableCell {TD} at (35,0) size 34x21 [border: (1px solid #808080) none none none] [r=0 c=1 rs=1 cs=1]
              RenderText {#text} at (1,2) size 32x17
                text run at (1,2) width 32: "rows"
          RenderTableRow {TR} at (0,21) size 69x21
            RenderTableCell {TD} at (0,21) size 35x21 [border: (1px solid #808080) none none (1px none #808080)] [r=1 c=0 rs=1 cs=1]
              RenderText {#text} at (2,2) size 32x17
                text run at (2,2) width 32: "rules"
            RenderTableCell {TD} at (35,21) size 34x21 [border: (1px solid #808080) none none none] [r=1 c=1 rs=1 cs=1]
              RenderText {#text} at (1,2) size 32x17
                text run at (1,2) width 32: "rows"
      RenderBlock (anonymous) at (0,264) size 784x18
        RenderBR {BR} at (0,0) size 0x17
      RenderTable {TABLE} at (0,282) size 65x42 [border: none]
        RenderTableSection {TBODY} at (0,0) size 64x41
          RenderTableRow {TR} at (0,0) size 64x21
            RenderTableCell {TD} at (0,0) size 35x21 [border: (1px none #808080) none none (1px solid #808080)] [r=0 c=0 rs=1 cs=1]
              RenderText {#text} at (2,2) size 32x17
                text run at (2,2) width 32: "rules"
            RenderTableCell {TD} at (35,0) size 29x21 [border: (1px none #808080) none none (1px solid #808080)] [r=0 c=1 rs=1 cs=1]
              RenderText {#text} at (2,2) size 26x17
                text run at (2,2) width 26: "cols"
          RenderTableRow {TR} at (0,21) size 64x20
            RenderTableCell {TD} at (0,21) size 35x20 [border: none none none (1px solid #808080)] [r=1 c=0 rs=1 cs=1]
              RenderText {#text} at (2,1) size 32x17
                text run at (2,1) width 32: "rules"
            RenderTableCell {TD} at (35,21) size 29x20 [border: none none none (1px solid #808080)] [r=1 c=1 rs=1 cs=1]
              RenderText {#text} at (2,1) size 26x17
                text run at (2,1) width 26: "cols"
      RenderBlock (anonymous) at (0,324) size 784x18
        RenderBR {BR} at (0,0) size 0x17
      RenderTable {TABLE} at (0,342) size 55x43 [border: none]
        RenderTableSection {TBODY} at (0,0) size 54x42
          RenderTableRow {TR} at (0,0) size 54x21
            RenderTableCell {TD} at (0,0) size 35x21 [border: (1px solid #808080)] [r=0 c=0 rs=1 cs=1]
              RenderText {#text} at (2,2) size 32x17
                text run at (2,2) width 32: "rules"
            RenderTableCell {TD} at (35,0) size 19x21 [border: (1px solid #808080)] [r=0 c=1 rs=1 cs=1]
              RenderText {#text} at (2,2) size 16x17
                text run at (2,2) width 16: "all"
          RenderTableRow {TR} at (0,21) size 54x21
            RenderTableCell {TD} at (0,21) size 35x21 [border: (1px solid #808080)] [r=1 c=0 rs=1 cs=1]
              RenderText {#text} at (2,2) size 32x17
                text run at (2,2) width 32: "rules"
            RenderTableCell {TD} at (35,21) size 19x21 [border: (1px solid #808080)] [r=1 c=1 rs=1 cs=1]
              RenderText {#text} at (2,2) size 16x17
                text run at (2,2) width 16: "all"
      RenderBlock (anonymous) at (0,385) size 784x18
        RenderBR {BR} at (0,0) size 0x17
