layer at (0,0) size 784x9216
  RenderView at (0,0) size 784x600
layer at (0,0) size 784x9216
  RenderBlock {HTML} at (0,0) size 784x9216
    RenderBody {BODY} at (8,21) size 768x9179
      RenderBlock {H1} at (0,0) size 768x42
        RenderText {#text} at (0,0) size 252x42
          text run at (0,0) width 252: "table-layout: fixed"
      RenderBlock {P} at (0,63) size 768x22
        RenderText {#text} at (0,0) size 606x22
          text run at (0,0) width 606: "The following tables should be laid out in the traditional manner because their widths are "
        RenderInline {CODE} at (0,0) size 29x17
          RenderText {#text} at (606,3) size 29x17
            text run at (606,3) width 29: "auto"
        RenderText {#text} at (635,0) size 5x22
          text run at (635,0) width 5: ":"
      RenderTable {TABLE} at (0,101) size 119x58
        RenderTableSection {TBODY} at (0,0) size 119x58
          RenderTableRow {TR} at (0,2) size 119x26
            RenderTableCell {TD} at (2,2) size 37x26 [border: (1px solid #000000)] [r=0 c=0 rs=1 cs=1]
              RenderText {#text} at (2,2) size 33x22
                text run at (2,2) width 33: "Data"
            RenderTableCell {TD} at (41,2) size 37x26 [border: (1px solid #000000)] [r=0 c=1 rs=1 cs=1]
              RenderText {#text} at (2,2) size 33x22
                text run at (2,2) width 33: "Data"
            RenderTableCell {TD} at (80,2) size 37x26 [border: (1px solid #000000)] [r=0 c=2 rs=1 cs=1]
              RenderText {#text} at (2,2) size 33x22
                text run at (2,2) width 33: "Data"
          RenderTableRow {TR} at (0,30) size 119x26
            RenderTableCell {TD} at (2,30) size 37x26 [border: (1px solid #000000)] [r=1 c=0 rs=1 cs=1]
              RenderText {#text} at (2,2) size 33x22
                text run at (2,2) width 33: "Data"
            RenderTableCell {TD} at (41,30) size 37x26 [border: (1px solid #000000)] [r=1 c=1 rs=1 cs=1]
              RenderText {#text} at (2,2) size 33x22
                text run at (2,2) width 33: "Data"
            RenderTableCell {TD} at (80,30) size 37x26 [border: (1px solid #000000)] [r=1 c=2 rs=1 cs=1]
              RenderText {#text} at (2,2) size 33x22
                text run at (2,2) width 33: "Data"
      RenderTable {TABLE} at (0,159) size 768x454
        RenderTableSection {TBODY} at (0,0) size 768x454
          RenderTableRow {TR} at (0,2) size 768x26
            RenderTableCell {TD} at (2,2) size 37x26 [border: (1px solid #000000)] [r=0 c=0 rs=1 cs=1]
              RenderText {#text} at (2,2) size 33x22
                text run at (2,2) width 33: "Data"
            RenderTableCell {TD} at (41,2) size 37x26 [border: (1px solid #000000)] [r=0 c=1 rs=1 cs=1]
              RenderText {#text} at (2,2) size 33x22
                text run at (2,2) width 33: "Data"
            RenderTableCell {TD} at (80,2) size 686x26 [border: (1px solid #000000)] [r=0 c=2 rs=1 cs=1]
              RenderText {#text} at (2,2) size 33x22
                text run at (2,2) width 33: "Data"
          RenderTableRow {TR} at (0,30) size 768x422
            RenderTableCell {TD} at (2,228) size 37x26 [border: (1px solid #000000)] [r=1 c=0 rs=1 cs=1]
              RenderText {#text} at (2,2) size 33x22
                text run at (2,2) width 33: "Data"
            RenderTableCell {TD} at (41,228) size 37x26 [border: (1px solid #000000)] [r=1 c=1 rs=1 cs=1]
              RenderText {#text} at (2,2) size 33x22
                text run at (2,2) width 33: "Data"
            RenderTableCell {TD} at (80,30) size 686x422 [border: (1px solid #000000)] [r=1 c=2 rs=1 cs=1]
              RenderText {#text} at (2,2) size 679x418
                text run at (2,2) width 203: "Lots and lots and lots of data. "
                text run at (205,2) width 203: "Lots and lots and lots of data. "
                text run at (408,2) width 203: "Lots and lots and lots of data. "
                text run at (611,2) width 60: "Lots and"
                text run at (2,24) width 139: "lots and lots of data. "
                text run at (141,24) width 203: "Lots and lots and lots of data. "
                text run at (344,24) width 203: "Lots and lots and lots of data. "
                text run at (547,24) width 117: "Lots and lots and"
                text run at (2,46) width 82: "lots of data. "
                text run at (84,46) width 203: "Lots and lots and lots of data. "
                text run at (287,46) width 203: "Lots and lots and lots of data. "
                text run at (490,46) width 161: "Lots and lots and lots of"
                text run at (2,68) width 38: "data. "
                text run at (40,68) width 203: "Lots and lots and lots of data. "
                text run at (243,68) width 203: "Lots and lots and lots of data. "
                text run at (446,68) width 203: "Lots and lots and lots of data. "
                text run at (649,68) width 30: "Lots"
                text run at (2,90) width 169: "and lots and lots of data. "
                text run at (171,90) width 203: "Lots and lots and lots of data. "
                text run at (374,90) width 203: "Lots and lots and lots of data. "
                text run at (577,90) width 87: "Lots and lots"
                text run at (2,112) width 112: "and lots of data. "
                text run at (114,112) width 203: "Lots and lots and lots of data. "
                text run at (317,112) width 203: "Lots and lots and lots of data. "
                text run at (520,112) width 161: "Lots and lots and lots of"
                text run at (2,134) width 38: "data. "
                text run at (40,134) width 203: "Lots and lots and lots of data. "
                text run at (243,134) width 203: "Lots and lots and lots of data. "
                text run at (446,134) width 203: "Lots and lots and lots of data. "
                text run at (649,134) width 30: "Lots"
                text run at (2,156) width 169: "and lots and lots of data. "
                text run at (171,156) width 203: "Lots and lots and lots of data. "
                text run at (374,156) width 203: "Lots and lots and lots of data. "
                text run at (577,156) width 87: "Lots and lots"
                text run at (2,178) width 112: "and lots of data. "
                text run at (114,178) width 203: "Lots and lots and lots of data. "
                text run at (317,178) width 203: "Lots and lots and lots of data. "
                text run at (520,178) width 161: "Lots and lots and lots of"
                text run at (2,200) width 38: "data. "
                text run at (40,200) width 203: "Lots and lots and lots of data. "
                text run at (243,200) width 203: "Lots and lots and lots of data. "
                text run at (446,200) width 203: "Lots and lots and lots of data. "
                text run at (649,200) width 30: "Lots"
                text run at (2,222) width 169: "and lots and lots of data. "
                text run at (171,222) width 203: "Lots and lots and lots of data. "
                text run at (374,222) width 203: "Lots and lots and lots of data. "
                text run at (577,222) width 87: "Lots and lots"
                text run at (2,244) width 112: "and lots of data. "
                text run at (114,244) width 203: "Lots and lots and lots of data. "
                text run at (317,244) width 203: "Lots and lots and lots of data. "
                text run at (520,244) width 161: "Lots and lots and lots of"
                text run at (2,266) width 38: "data. "
                text run at (40,266) width 203: "Lots and lots and lots of data. "
                text run at (243,266) width 203: "Lots and lots and lots of data. "
                text run at (446,266) width 203: "Lots and lots and lots of data. "
                text run at (649,266) width 30: "Lots"
                text run at (2,288) width 169: "and lots and lots of data. "
                text run at (171,288) width 203: "Lots and lots and lots of data. "
                text run at (374,288) width 203: "Lots and lots and lots of data. "
                text run at (577,288) width 87: "Lots and lots"
                text run at (2,310) width 112: "and lots of data. "
                text run at (114,310) width 203: "Lots and lots and lots of data. "
                text run at (317,310) width 203: "Lots and lots and lots of data. "
                text run at (520,310) width 161: "Lots and lots and lots of"
                text run at (2,332) width 38: "data. "
                text run at (40,332) width 203: "Lots and lots and lots of data. "
                text run at (243,332) width 203: "Lots and lots and lots of data. "
                text run at (446,332) width 203: "Lots and lots and lots of data. "
                text run at (649,332) width 30: "Lots"
                text run at (2,354) width 169: "and lots and lots of data. "
                text run at (171,354) width 203: "Lots and lots and lots of data. "
                text run at (374,354) width 203: "Lots and lots and lots of data. "
                text run at (577,354) width 87: "Lots and lots"
                text run at (2,376) width 112: "and lots of data. "
                text run at (114,376) width 203: "Lots and lots and lots of data. "
                text run at (317,376) width 203: "Lots and lots and lots of data. "
                text run at (520,376) width 161: "Lots and lots and lots of"
                text run at (2,398) width 34: "data."
      RenderTable {TABLE} at (0,613) size 768x454
        RenderTableSection {TBODY} at (0,0) size 768x454
          RenderTableRow {TR} at (0,2) size 768x422
            RenderTableCell {TD} at (2,200) size 37x26 [border: (1px solid #000000)] [r=0 c=0 rs=1 cs=1]
              RenderText {#text} at (2,2) size 33x22
                text run at (2,2) width 33: "Data"
            RenderTableCell {TD} at (41,200) size 37x26 [border: (1px solid #000000)] [r=0 c=1 rs=1 cs=1]
              RenderText {#text} at (2,2) size 33x22
                text run at (2,2) width 33: "Data"
            RenderTableCell {TD} at (80,2) size 686x422 [border: (1px solid #000000)] [r=0 c=2 rs=1 cs=1]
              RenderText {#text} at (2,2) size 679x418
                text run at (2,2) width 203: "Lots and lots and lots of data. "
                text run at (205,2) width 203: "Lots and lots and lots of data. "
                text run at (408,2) width 203: "Lots and lots and lots of data. "
                text run at (611,2) width 60: "Lots and"
                text run at (2,24) width 139: "lots and lots of data. "
                text run at (141,24) width 203: "Lots and lots and lots of data. "
                text run at (344,24) width 203: "Lots and lots and lots of data. "
                text run at (547,24) width 117: "Lots and lots and"
                text run at (2,46) width 82: "lots of data. "
                text run at (84,46) width 203: "Lots and lots and lots of data. "
                text run at (287,46) width 203: "Lots and lots and lots of data. "
                text run at (490,46) width 161: "Lots and lots and lots of"
                text run at (2,68) width 38: "data. "
                text run at (40,68) width 203: "Lots and lots and lots of data. "
                text run at (243,68) width 203: "Lots and lots and lots of data. "
                text run at (446,68) width 203: "Lots and lots and lots of data. "
                text run at (649,68) width 30: "Lots"
                text run at (2,90) width 169: "and lots and lots of data. "
                text run at (171,90) width 203: "Lots and lots and lots of data. "
                text run at (374,90) width 203: "Lots and lots and lots of data. "
                text run at (577,90) width 87: "Lots and lots"
                text run at (2,112) width 112: "and lots of data. "
                text run at (114,112) width 203: "Lots and lots and lots of data. "
                text run at (317,112) width 203: "Lots and lots and lots of data. "
                text run at (520,112) width 161: "Lots and lots and lots of"
                text run at (2,134) width 38: "data. "
                text run at (40,134) width 203: "Lots and lots and lots of data. "
                text run at (243,134) width 203: "Lots and lots and lots of data. "
                text run at (446,134) width 203: "Lots and lots and lots of data. "
                text run at (649,134) width 30: "Lots"
                text run at (2,156) width 169: "and lots and lots of data. "
                text run at (171,156) width 203: "Lots and lots and lots of data. "
                text run at (374,156) width 203: "Lots and lots and lots of data. "
                text run at (577,156) width 87: "Lots and lots"
                text run at (2,178) width 112: "and lots of data. "
                text run at (114,178) width 203: "Lots and lots and lots of data. "
                text run at (317,178) width 203: "Lots and lots and lots of data. "
                text run at (520,178) width 161: "Lots and lots and lots of"
                text run at (2,200) width 38: "data. "
                text run at (40,200) width 203: "Lots and lots and lots of data. "
                text run at (243,200) width 203: "Lots and lots and lots of data. "
                text run at (446,200) width 203: "Lots and lots and lots of data. "
                text run at (649,200) width 30: "Lots"
                text run at (2,222) width 169: "and lots and lots of data. "
                text run at (171,222) width 203: "Lots and lots and lots of data. "
                text run at (374,222) width 203: "Lots and lots and lots of data. "
                text run at (577,222) width 87: "Lots and lots"
                text run at (2,244) width 112: "and lots of data. "
                text run at (114,244) width 203: "Lots and lots and lots of data. "
                text run at (317,244) width 203: "Lots and lots and lots of data. "
                text run at (520,244) width 161: "Lots and lots and lots of"
                text run at (2,266) width 38: "data. "
                text run at (40,266) width 203: "Lots and lots and lots of data. "
                text run at (243,266) width 203: "Lots and lots and lots of data. "
                text run at (446,266) width 203: "Lots and lots and lots of data. "
                text run at (649,266) width 30: "Lots"
                text run at (2,288) width 169: "and lots and lots of data. "
                text run at (171,288) width 203: "Lots and lots and lots of data. "
                text run at (374,288) width 203: "Lots and lots and lots of data. "
                text run at (577,288) width 87: "Lots and lots"
                text run at (2,310) width 112: "and lots of data. "
                text run at (114,310) width 203: "Lots and lots and lots of data. "
                text run at (317,310) width 203: "Lots and lots and lots of data. "
                text run at (520,310) width 161: "Lots and lots and lots of"
                text run at (2,332) width 38: "data. "
                text run at (40,332) width 203: "Lots and lots and lots of data. "
                text run at (243,332) width 203: "Lots and lots and lots of data. "
                text run at (446,332) width 203: "Lots and lots and lots of data. "
                text run at (649,332) width 30: "Lots"
                text run at (2,354) width 169: "and lots and lots of data. "
                text run at (171,354) width 203: "Lots and lots and lots of data. "
                text run at (374,354) width 203: "Lots and lots and lots of data. "
                text run at (577,354) width 87: "Lots and lots"
                text run at (2,376) width 112: "and lots of data. "
                text run at (114,376) width 203: "Lots and lots and lots of data. "
                text run at (317,376) width 203: "Lots and lots and lots of data. "
                text run at (520,376) width 161: "Lots and lots and lots of"
                text run at (2,398) width 34: "data."
          RenderTableRow {TR} at (0,426) size 768x26
            RenderTableCell {TD} at (2,426) size 37x26 [border: (1px solid #000000)] [r=1 c=0 rs=1 cs=1]
              RenderText {#text} at (2,2) size 33x22
                text run at (2,2) width 33: "Data"
            RenderTableCell {TD} at (41,426) size 37x26 [border: (1px solid #000000)] [r=1 c=1 rs=1 cs=1]
              RenderText {#text} at (2,2) size 33x22
                text run at (2,2) width 33: "Data"
            RenderTableCell {TD} at (80,426) size 686x26 [border: (1px solid #000000)] [r=1 c=2 rs=1 cs=1]
              RenderText {#text} at (2,2) size 33x22
                text run at (2,2) width 33: "Data"
      RenderBlock {P} at (0,1083) size 768x44
        RenderText {#text} at (0,0) size 748x44
          text run at (0,0) width 748: "All the columns in the following three tables should divide equally the available space (100% of the width of the"
          text run at (0,22) width 42: "page):"
      RenderTable {TABLE} at (0,1143) size 768x58
        RenderTableSection {TBODY} at (0,0) size 768x58
          RenderTableRow {TR} at (0,2) size 768x26
            RenderTableCell {TD} at (2,2) size 253x26 [border: (1px solid #000000)] [r=0 c=0 rs=1 cs=1]
              RenderText {#text} at (2,2) size 33x22
                text run at (2,2) width 33: "Data"
            RenderTableCell {TD} at (257,2) size 253x26 [border: (1px solid #000000)] [r=0 c=1 rs=1 cs=1]
              RenderText {#text} at (2,2) size 33x22
                text run at (2,2) width 33: "Data"
            RenderTableCell {TD} at (512,2) size 254x26 [border: (1px solid #000000)] [r=0 c=2 rs=1 cs=1]
              RenderText {#text} at (2,2) size 33x22
                text run at (2,2) width 33: "Data"
          RenderTableRow {TR} at (0,30) size 768x26
            RenderTableCell {TD} at (2,30) size 253x26 [border: (1px solid #000000)] [r=1 c=0 rs=1 cs=1]
              RenderText {#text} at (2,2) size 33x22
                text run at (2,2) width 33: "Data"
            RenderTableCell {TD} at (257,30) size 253x26 [border: (1px solid #000000)] [r=1 c=1 rs=1 cs=1]
              RenderText {#text} at (2,2) size 33x22
                text run at (2,2) width 33: "Data"
            RenderTableCell {TD} at (512,30) size 254x26 [border: (1px solid #000000)] [r=1 c=2 rs=1 cs=1]
              RenderText {#text} at (2,2) size 33x22
                text run at (2,2) width 33: "Data"
      RenderTable {TABLE} at (0,1201) size 768x1180
        RenderTableSection {TBODY} at (0,0) size 768x1180
          RenderTableRow {TR} at (0,2) size 768x26
            RenderTableCell {TD} at (2,2) size 253x26 [border: (1px solid #000000)] [r=0 c=0 rs=1 cs=1]
              RenderText {#text} at (2,2) size 33x22
                text run at (2,2) width 33: "Data"
            RenderTableCell {TD} at (257,2) size 253x26 [border: (1px solid #000000)] [r=0 c=1 rs=1 cs=1]
              RenderText {#text} at (2,2) size 33x22
                text run at (2,2) width 33: "Data"
            RenderTableCell {TD} at (512,2) size 254x26 [border: (1px solid #000000)] [r=0 c=2 rs=1 cs=1]
              RenderText {#text} at (2,2) size 33x22
                text run at (2,2) width 33: "Data"
          RenderTableRow {TR} at (0,30) size 768x1148
            RenderTableCell {TD} at (2,591) size 253x26 [border: (1px solid #000000)] [r=1 c=0 rs=1 cs=1]
              RenderText {#text} at (2,2) size 33x22
                text run at (2,2) width 33: "Data"
            RenderTableCell {TD} at (257,591) size 253x26 [border: (1px solid #000000)] [r=1 c=1 rs=1 cs=1]
              RenderText {#text} at (2,2) size 33x22
                text run at (2,2) width 33: "Data"
            RenderTableCell {TD} at (512,30) size 254x1148 [border: (1px solid #000000)] [r=1 c=2 rs=1 cs=1]
              RenderText {#text} at (2,2) size 243x1144
                text run at (2,2) width 203: "Lots and lots and lots of data. "
                text run at (205,2) width 30: "Lots"
                text run at (2,24) width 169: "and lots and lots of data. "
                text run at (171,24) width 60: "Lots and"
                text run at (2,46) width 139: "lots and lots of data. "
                text run at (141,46) width 87: "Lots and lots"
                text run at (2,68) width 112: "and lots of data. "
                text run at (114,68) width 117: "Lots and lots and"
                text run at (2,90) width 82: "lots of data. "
                text run at (84,90) width 161: "Lots and lots and lots of"
                text run at (2,112) width 38: "data. "
                text run at (40,112) width 199: "Lots and lots and lots of data."
                text run at (2,134) width 203: "Lots and lots and lots of data. "
                text run at (205,134) width 30: "Lots"
                text run at (2,156) width 169: "and lots and lots of data. "
                text run at (171,156) width 60: "Lots and"
                text run at (2,178) width 139: "lots and lots of data. "
                text run at (141,178) width 87: "Lots and lots"
                text run at (2,200) width 112: "and lots of data. "
                text run at (114,200) width 117: "Lots and lots and"
                text run at (2,222) width 82: "lots of data. "
                text run at (84,222) width 161: "Lots and lots and lots of"
                text run at (2,244) width 38: "data. "
                text run at (40,244) width 199: "Lots and lots and lots of data."
                text run at (2,266) width 203: "Lots and lots and lots of data. "
                text run at (205,266) width 30: "Lots"
                text run at (2,288) width 169: "and lots and lots of data. "
                text run at (171,288) width 60: "Lots and"
                text run at (2,310) width 139: "lots and lots of data. "
                text run at (141,310) width 87: "Lots and lots"
                text run at (2,332) width 112: "and lots of data. "
                text run at (114,332) width 117: "Lots and lots and"
                text run at (2,354) width 82: "lots of data. "
                text run at (84,354) width 161: "Lots and lots and lots of"
                text run at (2,376) width 38: "data. "
                text run at (40,376) width 199: "Lots and lots and lots of data."
                text run at (2,398) width 203: "Lots and lots and lots of data. "
                text run at (205,398) width 30: "Lots"
                text run at (2,420) width 169: "and lots and lots of data. "
                text run at (171,420) width 60: "Lots and"
                text run at (2,442) width 139: "lots and lots of data. "
                text run at (141,442) width 87: "Lots and lots"
                text run at (2,464) width 112: "and lots of data. "
                text run at (114,464) width 117: "Lots and lots and"
                text run at (2,486) width 82: "lots of data. "
                text run at (84,486) width 161: "Lots and lots and lots of"
                text run at (2,508) width 38: "data. "
                text run at (40,508) width 199: "Lots and lots and lots of data."
                text run at (2,530) width 203: "Lots and lots and lots of data. "
                text run at (205,530) width 30: "Lots"
                text run at (2,552) width 169: "and lots and lots of data. "
                text run at (171,552) width 60: "Lots and"
                text run at (2,574) width 139: "lots and lots of data. "
                text run at (141,574) width 87: "Lots and lots"
                text run at (2,596) width 112: "and lots of data. "
                text run at (114,596) width 117: "Lots and lots and"
                text run at (2,618) width 82: "lots of data. "
                text run at (84,618) width 161: "Lots and lots and lots of"
                text run at (2,640) width 38: "data. "
                text run at (40,640) width 199: "Lots and lots and lots of data."
                text run at (2,662) width 203: "Lots and lots and lots of data. "
                text run at (205,662) width 30: "Lots"
                text run at (2,684) width 169: "and lots and lots of data. "
                text run at (171,684) width 60: "Lots and"
                text run at (2,706) width 139: "lots and lots of data. "
                text run at (141,706) width 87: "Lots and lots"
                text run at (2,728) width 112: "and lots of data. "
                text run at (114,728) width 117: "Lots and lots and"
                text run at (2,750) width 82: "lots of data. "
                text run at (84,750) width 161: "Lots and lots and lots of"
                text run at (2,772) width 38: "data. "
                text run at (40,772) width 199: "Lots and lots and lots of data."
                text run at (2,794) width 203: "Lots and lots and lots of data. "
                text run at (205,794) width 30: "Lots"
                text run at (2,816) width 169: "and lots and lots of data. "
                text run at (171,816) width 60: "Lots and"
                text run at (2,838) width 139: "lots and lots of data. "
                text run at (141,838) width 87: "Lots and lots"
                text run at (2,860) width 112: "and lots of data. "
                text run at (114,860) width 117: "Lots and lots and"
                text run at (2,882) width 82: "lots of data. "
                text run at (84,882) width 161: "Lots and lots and lots of"
                text run at (2,904) width 38: "data. "
                text run at (40,904) width 199: "Lots and lots and lots of data."
                text run at (2,926) width 203: "Lots and lots and lots of data. "
                text run at (205,926) width 30: "Lots"
                text run at (2,948) width 169: "and lots and lots of data. "
                text run at (171,948) width 60: "Lots and"
                text run at (2,970) width 139: "lots and lots of data. "
                text run at (141,970) width 87: "Lots and lots"
                text run at (2,992) width 112: "and lots of data. "
                text run at (114,992) width 117: "Lots and lots and"
                text run at (2,1014) width 82: "lots of data. "
                text run at (84,1014) width 161: "Lots and lots and lots of"
                text run at (2,1036) width 38: "data. "
                text run at (40,1036) width 199: "Lots and lots and lots of data."
                text run at (2,1058) width 203: "Lots and lots and lots of data. "
                text run at (205,1058) width 30: "Lots"
                text run at (2,1080) width 169: "and lots and lots of data. "
                text run at (171,1080) width 60: "Lots and"
                text run at (2,1102) width 139: "lots and lots of data. "
                text run at (141,1102) width 87: "Lots and lots"
                text run at (2,1124) width 108: "and lots of data."
      RenderTable {TABLE} at (0,2381) size 768x1180
        RenderTableSection {TBODY} at (0,0) size 768x1180
          RenderTableRow {TR} at (0,2) size 768x1148
            RenderTableCell {TD} at (2,563) size 253x26 [border: (1px solid #000000)] [r=0 c=0 rs=1 cs=1]
              RenderText {#text} at (2,2) size 33x22
                text run at (2,2) width 33: "Data"
            RenderTableCell {TD} at (257,563) size 253x26 [border: (1px solid #000000)] [r=0 c=1 rs=1 cs=1]
              RenderText {#text} at (2,2) size 33x22
                text run at (2,2) width 33: "Data"
            RenderTableCell {TD} at (512,2) size 254x1148 [border: (1px solid #000000)] [r=0 c=2 rs=1 cs=1]
              RenderText {#text} at (2,2) size 243x1144
                text run at (2,2) width 203: "Lots and lots and lots of data. "
                text run at (205,2) width 30: "Lots"
                text run at (2,24) width 169: "and lots and lots of data. "
                text run at (171,24) width 60: "Lots and"
                text run at (2,46) width 139: "lots and lots of data. "
                text run at (141,46) width 87: "Lots and lots"
                text run at (2,68) width 112: "and lots of data. "
                text run at (114,68) width 117: "Lots and lots and"
                text run at (2,90) width 82: "lots of data. "
                text run at (84,90) width 161: "Lots and lots and lots of"
                text run at (2,112) width 38: "data. "
                text run at (40,112) width 199: "Lots and lots and lots of data."
                text run at (2,134) width 203: "Lots and lots and lots of data. "
                text run at (205,134) width 30: "Lots"
                text run at (2,156) width 169: "and lots and lots of data. "
                text run at (171,156) width 60: "Lots and"
                text run at (2,178) width 139: "lots and lots of data. "
                text run at (141,178) width 87: "Lots and lots"
                text run at (2,200) width 112: "and lots of data. "
                text run at (114,200) width 117: "Lots and lots and"
                text run at (2,222) width 82: "lots of data. "
                text run at (84,222) width 161: "Lots and lots and lots of"
                text run at (2,244) width 38: "data. "
                text run at (40,244) width 199: "Lots and lots and lots of data."
                text run at (2,266) width 203: "Lots and lots and lots of data. "
                text run at (205,266) width 30: "Lots"
                text run at (2,288) width 169: "and lots and lots of data. "
                text run at (171,288) width 60: "Lots and"
                text run at (2,310) width 139: "lots and lots of data. "
                text run at (141,310) width 87: "Lots and lots"
                text run at (2,332) width 112: "and lots of data. "
                text run at (114,332) width 117: "Lots and lots and"
                text run at (2,354) width 82: "lots of data. "
                text run at (84,354) width 161: "Lots and lots and lots of"
                text run at (2,376) width 38: "data. "
                text run at (40,376) width 199: "Lots and lots and lots of data."
                text run at (2,398) width 203: "Lots and lots and lots of data. "
                text run at (205,398) width 30: "Lots"
                text run at (2,420) width 169: "and lots and lots of data. "
                text run at (171,420) width 60: "Lots and"
                text run at (2,442) width 139: "lots and lots of data. "
                text run at (141,442) width 87: "Lots and lots"
                text run at (2,464) width 112: "and lots of data. "
                text run at (114,464) width 117: "Lots and lots and"
                text run at (2,486) width 82: "lots of data. "
                text run at (84,486) width 161: "Lots and lots and lots of"
                text run at (2,508) width 38: "data. "
                text run at (40,508) width 199: "Lots and lots and lots of data."
                text run at (2,530) width 203: "Lots and lots and lots of data. "
                text run at (205,530) width 30: "Lots"
                text run at (2,552) width 169: "and lots and lots of data. "
                text run at (171,552) width 60: "Lots and"
                text run at (2,574) width 139: "lots and lots of data. "
                text run at (141,574) width 87: "Lots and lots"
                text run at (2,596) width 112: "and lots of data. "
                text run at (114,596) width 117: "Lots and lots and"
                text run at (2,618) width 82: "lots of data. "
                text run at (84,618) width 161: "Lots and lots and lots of"
                text run at (2,640) width 38: "data. "
                text run at (40,640) width 199: "Lots and lots and lots of data."
                text run at (2,662) width 203: "Lots and lots and lots of data. "
                text run at (205,662) width 30: "Lots"
                text run at (2,684) width 169: "and lots and lots of data. "
                text run at (171,684) width 60: "Lots and"
                text run at (2,706) width 139: "lots and lots of data. "
                text run at (141,706) width 87: "Lots and lots"
                text run at (2,728) width 112: "and lots of data. "
                text run at (114,728) width 117: "Lots and lots and"
                text run at (2,750) width 82: "lots of data. "
                text run at (84,750) width 161: "Lots and lots and lots of"
                text run at (2,772) width 38: "data. "
                text run at (40,772) width 199: "Lots and lots and lots of data."
                text run at (2,794) width 203: "Lots and lots and lots of data. "
                text run at (205,794) width 30: "Lots"
                text run at (2,816) width 169: "and lots and lots of data. "
                text run at (171,816) width 60: "Lots and"
                text run at (2,838) width 139: "lots and lots of data. "
                text run at (141,838) width 87: "Lots and lots"
                text run at (2,860) width 112: "and lots of data. "
                text run at (114,860) width 117: "Lots and lots and"
                text run at (2,882) width 82: "lots of data. "
                text run at (84,882) width 161: "Lots and lots and lots of"
                text run at (2,904) width 38: "data. "
                text run at (40,904) width 199: "Lots and lots and lots of data."
                text run at (2,926) width 203: "Lots and lots and lots of data. "
                text run at (205,926) width 30: "Lots"
                text run at (2,948) width 169: "and lots and lots of data. "
                text run at (171,948) width 60: "Lots and"
                text run at (2,970) width 139: "lots and lots of data. "
                text run at (141,970) width 87: "Lots and lots"
                text run at (2,992) width 112: "and lots of data. "
                text run at (114,992) width 117: "Lots and lots and"
                text run at (2,1014) width 82: "lots of data. "
                text run at (84,1014) width 161: "Lots and lots and lots of"
                text run at (2,1036) width 38: "data. "
                text run at (40,1036) width 199: "Lots and lots and lots of data."
                text run at (2,1058) width 203: "Lots and lots and lots of data. "
                text run at (205,1058) width 30: "Lots"
                text run at (2,1080) width 169: "and lots and lots of data. "
                text run at (171,1080) width 60: "Lots and"
                text run at (2,1102) width 139: "lots and lots of data. "
                text run at (141,1102) width 87: "Lots and lots"
                text run at (2,1124) width 108: "and lots of data."
          RenderTableRow {TR} at (0,1152) size 768x26
            RenderTableCell {TD} at (2,1152) size 253x26 [border: (1px solid #000000)] [r=1 c=0 rs=1 cs=1]
              RenderText {#text} at (2,2) size 33x22
                text run at (2,2) width 33: "Data"
            RenderTableCell {TD} at (257,1152) size 253x26 [border: (1px solid #000000)] [r=1 c=1 rs=1 cs=1]
              RenderText {#text} at (2,2) size 33x22
                text run at (2,2) width 33: "Data"
            RenderTableCell {TD} at (512,1152) size 254x26 [border: (1px solid #000000)] [r=1 c=2 rs=1 cs=1]
              RenderText {#text} at (2,2) size 33x22
                text run at (2,2) width 33: "Data"
      RenderBlock {P} at (0,3577) size 768x44
        RenderText {#text} at (0,0) size 740x44
          text run at (0,0) width 740: "All the columns in the following three tables should divide equally the available space (50% of the width of the"
          text run at (0,22) width 42: "page):"
      RenderTable {TABLE} at (0,3637) size 384x58
        RenderTableSection {TBODY} at (0,0) size 384x58
          RenderTableRow {TR} at (0,2) size 384x26
            RenderTableCell {TD} at (2,2) size 125x26 [border: (1px solid #000000)] [r=0 c=0 rs=1 cs=1]
              RenderText {#text} at (2,2) size 33x22
                text run at (2,2) width 33: "Data"
            RenderTableCell {TD} at (129,2) size 125x26 [border: (1px solid #000000)] [r=0 c=1 rs=1 cs=1]
              RenderText {#text} at (2,2) size 33x22
                text run at (2,2) width 33: "Data"
            RenderTableCell {TD} at (256,2) size 126x26 [border: (1px solid #000000)] [r=0 c=2 rs=1 cs=1]
              RenderText {#text} at (2,2) size 33x22
                text run at (2,2) width 33: "Data"
          RenderTableRow {TR} at (0,30) size 384x26
            RenderTableCell {TD} at (2,30) size 125x26 [border: (1px solid #000000)] [r=1 c=0 rs=1 cs=1]
              RenderText {#text} at (2,2) size 33x22
                text run at (2,2) width 33: "Data"
            RenderTableCell {TD} at (129,30) size 125x26 [border: (1px solid #000000)] [r=1 c=1 rs=1 cs=1]
              RenderText {#text} at (2,2) size 33x22
                text run at (2,2) width 33: "Data"
            RenderTableCell {TD} at (256,30) size 126x26 [border: (1px solid #000000)] [r=1 c=2 rs=1 cs=1]
              RenderText {#text} at (2,2) size 33x22
                text run at (2,2) width 33: "Data"
      RenderTable {TABLE} at (0,3695) size 384x2676
        RenderTableSection {TBODY} at (0,0) size 384x2676
          RenderTableRow {TR} at (0,2) size 384x26
            RenderTableCell {TD} at (2,2) size 125x26 [border: (1px solid #000000)] [r=0 c=0 rs=1 cs=1]
              RenderText {#text} at (2,2) size 33x22
                text run at (2,2) width 33: "Data"
            RenderTableCell {TD} at (129,2) size 125x26 [border: (1px solid #000000)] [r=0 c=1 rs=1 cs=1]
              RenderText {#text} at (2,2) size 33x22
                text run at (2,2) width 33: "Data"
            RenderTableCell {TD} at (256,2) size 126x26 [border: (1px solid #000000)] [r=0 c=2 rs=1 cs=1]
              RenderText {#text} at (2,2) size 33x22
                text run at (2,2) width 33: "Data"
          RenderTableRow {TR} at (0,30) size 384x2644
            RenderTableCell {TD} at (2,1339) size 125x26 [border: (1px solid #000000)] [r=1 c=0 rs=1 cs=1]
              RenderText {#text} at (2,2) size 33x22
                text run at (2,2) width 33: "Data"
            RenderTableCell {TD} at (129,1339) size 125x26 [border: (1px solid #000000)] [r=1 c=1 rs=1 cs=1]
              RenderText {#text} at (2,2) size 33x22
                text run at (2,2) width 33: "Data"
            RenderTableCell {TD} at (256,30) size 126x2644 [border: (1px solid #000000)] [r=1 c=2 rs=1 cs=1]
              RenderText {#text} at (2,2) size 117x2640
                text run at (2,2) width 117: "Lots and lots and"
                text run at (2,24) width 82: "lots of data. "
                text run at (84,24) width 30: "Lots"
                text run at (2,46) width 110: "and lots and lots"
                text run at (2,68) width 55: "of data. "
                text run at (57,68) width 60: "Lots and"
                text run at (2,90) width 97: "lots and lots of"
                text run at (2,112) width 38: "data. "
                text run at (40,112) width 60: "Lots and"
                text run at (2,134) width 97: "lots and lots of"
                text run at (2,156) width 38: "data. "
                text run at (40,156) width 60: "Lots and"
                text run at (2,178) width 97: "lots and lots of"
                text run at (2,200) width 38: "data. "
                text run at (40,200) width 60: "Lots and"
                text run at (2,222) width 97: "lots and lots of"
                text run at (2,244) width 38: "data. "
                text run at (40,244) width 60: "Lots and"
                text run at (2,266) width 97: "lots and lots of"
                text run at (2,288) width 38: "data. "
                text run at (40,288) width 60: "Lots and"
                text run at (2,310) width 97: "lots and lots of"
                text run at (2,332) width 38: "data. "
                text run at (40,332) width 60: "Lots and"
                text run at (2,354) width 97: "lots and lots of"
                text run at (2,376) width 38: "data. "
                text run at (40,376) width 60: "Lots and"
                text run at (2,398) width 97: "lots and lots of"
                text run at (2,420) width 38: "data. "
                text run at (40,420) width 60: "Lots and"
                text run at (2,442) width 97: "lots and lots of"
                text run at (2,464) width 38: "data. "
                text run at (40,464) width 60: "Lots and"
                text run at (2,486) width 97: "lots and lots of"
                text run at (2,508) width 38: "data. "
                text run at (40,508) width 60: "Lots and"
                text run at (2,530) width 97: "lots and lots of"
                text run at (2,552) width 38: "data. "
                text run at (40,552) width 60: "Lots and"
                text run at (2,574) width 97: "lots and lots of"
                text run at (2,596) width 38: "data. "
                text run at (40,596) width 60: "Lots and"
                text run at (2,618) width 97: "lots and lots of"
                text run at (2,640) width 38: "data. "
                text run at (40,640) width 60: "Lots and"
                text run at (2,662) width 97: "lots and lots of"
                text run at (2,684) width 38: "data. "
                text run at (40,684) width 60: "Lots and"
                text run at (2,706) width 97: "lots and lots of"
                text run at (2,728) width 38: "data. "
                text run at (40,728) width 60: "Lots and"
                text run at (2,750) width 97: "lots and lots of"
                text run at (2,772) width 38: "data. "
                text run at (40,772) width 60: "Lots and"
                text run at (2,794) width 97: "lots and lots of"
                text run at (2,816) width 38: "data. "
                text run at (40,816) width 60: "Lots and"
                text run at (2,838) width 97: "lots and lots of"
                text run at (2,860) width 38: "data. "
                text run at (40,860) width 60: "Lots and"
                text run at (2,882) width 97: "lots and lots of"
                text run at (2,904) width 38: "data. "
                text run at (40,904) width 60: "Lots and"
                text run at (2,926) width 97: "lots and lots of"
                text run at (2,948) width 38: "data. "
                text run at (40,948) width 60: "Lots and"
                text run at (2,970) width 97: "lots and lots of"
                text run at (2,992) width 38: "data. "
                text run at (40,992) width 60: "Lots and"
                text run at (2,1014) width 97: "lots and lots of"
                text run at (2,1036) width 38: "data. "
                text run at (40,1036) width 60: "Lots and"
                text run at (2,1058) width 97: "lots and lots of"
                text run at (2,1080) width 38: "data. "
                text run at (40,1080) width 60: "Lots and"
                text run at (2,1102) width 97: "lots and lots of"
                text run at (2,1124) width 38: "data. "
                text run at (40,1124) width 60: "Lots and"
                text run at (2,1146) width 97: "lots and lots of"
                text run at (2,1168) width 38: "data. "
                text run at (40,1168) width 60: "Lots and"
                text run at (2,1190) width 97: "lots and lots of"
                text run at (2,1212) width 38: "data. "
                text run at (40,1212) width 60: "Lots and"
                text run at (2,1234) width 97: "lots and lots of"
                text run at (2,1256) width 38: "data. "
                text run at (40,1256) width 60: "Lots and"
                text run at (2,1278) width 97: "lots and lots of"
                text run at (2,1300) width 38: "data. "
                text run at (40,1300) width 60: "Lots and"
                text run at (2,1322) width 97: "lots and lots of"
                text run at (2,1344) width 38: "data. "
                text run at (40,1344) width 60: "Lots and"
                text run at (2,1366) width 97: "lots and lots of"
                text run at (2,1388) width 38: "data. "
                text run at (40,1388) width 60: "Lots and"
                text run at (2,1410) width 97: "lots and lots of"
                text run at (2,1432) width 38: "data. "
                text run at (40,1432) width 60: "Lots and"
                text run at (2,1454) width 97: "lots and lots of"
                text run at (2,1476) width 38: "data. "
                text run at (40,1476) width 60: "Lots and"
                text run at (2,1498) width 97: "lots and lots of"
                text run at (2,1520) width 38: "data. "
                text run at (40,1520) width 60: "Lots and"
                text run at (2,1542) width 97: "lots and lots of"
                text run at (2,1564) width 38: "data. "
                text run at (40,1564) width 60: "Lots and"
                text run at (2,1586) width 97: "lots and lots of"
                text run at (2,1608) width 38: "data. "
                text run at (40,1608) width 60: "Lots and"
                text run at (2,1630) width 97: "lots and lots of"
                text run at (2,1652) width 38: "data. "
                text run at (40,1652) width 60: "Lots and"
                text run at (2,1674) width 97: "lots and lots of"
                text run at (2,1696) width 38: "data. "
                text run at (40,1696) width 60: "Lots and"
                text run at (2,1718) width 97: "lots and lots of"
                text run at (2,1740) width 38: "data. "
                text run at (40,1740) width 60: "Lots and"
                text run at (2,1762) width 97: "lots and lots of"
                text run at (2,1784) width 38: "data. "
                text run at (40,1784) width 60: "Lots and"
                text run at (2,1806) width 97: "lots and lots of"
                text run at (2,1828) width 38: "data. "
                text run at (40,1828) width 60: "Lots and"
                text run at (2,1850) width 97: "lots and lots of"
                text run at (2,1872) width 38: "data. "
                text run at (40,1872) width 60: "Lots and"
                text run at (2,1894) width 97: "lots and lots of"
                text run at (2,1916) width 38: "data. "
                text run at (40,1916) width 60: "Lots and"
                text run at (2,1938) width 97: "lots and lots of"
                text run at (2,1960) width 38: "data. "
                text run at (40,1960) width 60: "Lots and"
                text run at (2,1982) width 97: "lots and lots of"
                text run at (2,2004) width 38: "data. "
                text run at (40,2004) width 60: "Lots and"
                text run at (2,2026) width 97: "lots and lots of"
                text run at (2,2048) width 38: "data. "
                text run at (40,2048) width 60: "Lots and"
                text run at (2,2070) width 97: "lots and lots of"
                text run at (2,2092) width 38: "data. "
                text run at (40,2092) width 60: "Lots and"
                text run at (2,2114) width 97: "lots and lots of"
                text run at (2,2136) width 38: "data. "
                text run at (40,2136) width 60: "Lots and"
                text run at (2,2158) width 97: "lots and lots of"
                text run at (2,2180) width 38: "data. "
                text run at (40,2180) width 60: "Lots and"
                text run at (2,2202) width 97: "lots and lots of"
                text run at (2,2224) width 38: "data. "
                text run at (40,2224) width 60: "Lots and"
                text run at (2,2246) width 97: "lots and lots of"
                text run at (2,2268) width 38: "data. "
                text run at (40,2268) width 60: "Lots and"
                text run at (2,2290) width 97: "lots and lots of"
                text run at (2,2312) width 38: "data. "
                text run at (40,2312) width 60: "Lots and"
                text run at (2,2334) width 97: "lots and lots of"
                text run at (2,2356) width 38: "data. "
                text run at (40,2356) width 60: "Lots and"
                text run at (2,2378) width 97: "lots and lots of"
                text run at (2,2400) width 38: "data. "
                text run at (40,2400) width 60: "Lots and"
                text run at (2,2422) width 97: "lots and lots of"
                text run at (2,2444) width 38: "data. "
                text run at (40,2444) width 60: "Lots and"
                text run at (2,2466) width 97: "lots and lots of"
                text run at (2,2488) width 38: "data. "
                text run at (40,2488) width 60: "Lots and"
                text run at (2,2510) width 97: "lots and lots of"
                text run at (2,2532) width 38: "data. "
                text run at (40,2532) width 60: "Lots and"
                text run at (2,2554) width 97: "lots and lots of"
                text run at (2,2576) width 38: "data. "
                text run at (40,2576) width 60: "Lots and"
                text run at (2,2598) width 97: "lots and lots of"
                text run at (2,2620) width 34: "data."
      RenderTable {TABLE} at (0,6371) size 384x2676
        RenderTableSection {TBODY} at (0,0) size 384x2676
          RenderTableRow {TR} at (0,2) size 384x2644
            RenderTableCell {TD} at (2,1311) size 125x26 [border: (1px solid #000000)] [r=0 c=0 rs=1 cs=1]
              RenderText {#text} at (2,2) size 33x22
                text run at (2,2) width 33: "Data"
            RenderTableCell {TD} at (129,1311) size 125x26 [border: (1px solid #000000)] [r=0 c=1 rs=1 cs=1]
              RenderText {#text} at (2,2) size 33x22
                text run at (2,2) width 33: "Data"
            RenderTableCell {TD} at (256,2) size 126x2644 [border: (1px solid #000000)] [r=0 c=2 rs=1 cs=1]
              RenderText {#text} at (2,2) size 117x2640
                text run at (2,2) width 117: "Lots and lots and"
                text run at (2,24) width 82: "lots of data. "
                text run at (84,24) width 30: "Lots"
                text run at (2,46) width 110: "and lots and lots"
                text run at (2,68) width 55: "of data. "
                text run at (57,68) width 60: "Lots and"
                text run at (2,90) width 97: "lots and lots of"
                text run at (2,112) width 38: "data. "
                text run at (40,112) width 60: "Lots and"
                text run at (2,134) width 97: "lots and lots of"
                text run at (2,156) width 38: "data. "
                text run at (40,156) width 60: "Lots and"
                text run at (2,178) width 97: "lots and lots of"
                text run at (2,200) width 38: "data. "
                text run at (40,200) width 60: "Lots and"
                text run at (2,222) width 97: "lots and lots of"
                text run at (2,244) width 38: "data. "
                text run at (40,244) width 60: "Lots and"
                text run at (2,266) width 97: "lots and lots of"
                text run at (2,288) width 38: "data. "
                text run at (40,288) width 60: "Lots and"
                text run at (2,310) width 97: "lots and lots of"
                text run at (2,332) width 38: "data. "
                text run at (40,332) width 60: "Lots and"
                text run at (2,354) width 97: "lots and lots of"
                text run at (2,376) width 38: "data. "
                text run at (40,376) width 60: "Lots and"
                text run at (2,398) width 97: "lots and lots of"
                text run at (2,420) width 38: "data. "
                text run at (40,420) width 60: "Lots and"
                text run at (2,442) width 97: "lots and lots of"
                text run at (2,464) width 38: "data. "
                text run at (40,464) width 60: "Lots and"
                text run at (2,486) width 97: "lots and lots of"
                text run at (2,508) width 38: "data. "
                text run at (40,508) width 60: "Lots and"
                text run at (2,530) width 97: "lots and lots of"
                text run at (2,552) width 38: "data. "
                text run at (40,552) width 60: "Lots and"
                text run at (2,574) width 97: "lots and lots of"
                text run at (2,596) width 38: "data. "
                text run at (40,596) width 60: "Lots and"
                text run at (2,618) width 97: "lots and lots of"
                text run at (2,640) width 38: "data. "
                text run at (40,640) width 60: "Lots and"
                text run at (2,662) width 97: "lots and lots of"
                text run at (2,684) width 38: "data. "
                text run at (40,684) width 60: "Lots and"
                text run at (2,706) width 97: "lots and lots of"
                text run at (2,728) width 38: "data. "
                text run at (40,728) width 60: "Lots and"
                text run at (2,750) width 97: "lots and lots of"
                text run at (2,772) width 38: "data. "
                text run at (40,772) width 60: "Lots and"
                text run at (2,794) width 97: "lots and lots of"
                text run at (2,816) width 38: "data. "
                text run at (40,816) width 60: "Lots and"
                text run at (2,838) width 97: "lots and lots of"
                text run at (2,860) width 38: "data. "
                text run at (40,860) width 60: "Lots and"
                text run at (2,882) width 97: "lots and lots of"
                text run at (2,904) width 38: "data. "
                text run at (40,904) width 60: "Lots and"
                text run at (2,926) width 97: "lots and lots of"
                text run at (2,948) width 38: "data. "
                text run at (40,948) width 60: "Lots and"
                text run at (2,970) width 97: "lots and lots of"
                text run at (2,992) width 38: "data. "
                text run at (40,992) width 60: "Lots and"
                text run at (2,1014) width 97: "lots and lots of"
                text run at (2,1036) width 38: "data. "
                text run at (40,1036) width 60: "Lots and"
                text run at (2,1058) width 97: "lots and lots of"
                text run at (2,1080) width 38: "data. "
                text run at (40,1080) width 60: "Lots and"
                text run at (2,1102) width 97: "lots and lots of"
                text run at (2,1124) width 38: "data. "
                text run at (40,1124) width 60: "Lots and"
                text run at (2,1146) width 97: "lots and lots of"
                text run at (2,1168) width 38: "data. "
                text run at (40,1168) width 60: "Lots and"
                text run at (2,1190) width 97: "lots and lots of"
                text run at (2,1212) width 38: "data. "
                text run at (40,1212) width 60: "Lots and"
                text run at (2,1234) width 97: "lots and lots of"
                text run at (2,1256) width 38: "data. "
                text run at (40,1256) width 60: "Lots and"
                text run at (2,1278) width 97: "lots and lots of"
                text run at (2,1300) width 38: "data. "
                text run at (40,1300) width 60: "Lots and"
                text run at (2,1322) width 97: "lots and lots of"
                text run at (2,1344) width 38: "data. "
                text run at (40,1344) width 60: "Lots and"
                text run at (2,1366) width 97: "lots and lots of"
                text run at (2,1388) width 38: "data. "
                text run at (40,1388) width 60: "Lots and"
                text run at (2,1410) width 97: "lots and lots of"
                text run at (2,1432) width 38: "data. "
                text run at (40,1432) width 60: "Lots and"
                text run at (2,1454) width 97: "lots and lots of"
                text run at (2,1476) width 38: "data. "
                text run at (40,1476) width 60: "Lots and"
                text run at (2,1498) width 97: "lots and lots of"
                text run at (2,1520) width 38: "data. "
                text run at (40,1520) width 60: "Lots and"
                text run at (2,1542) width 97: "lots and lots of"
                text run at (2,1564) width 38: "data. "
                text run at (40,1564) width 60: "Lots and"
                text run at (2,1586) width 97: "lots and lots of"
                text run at (2,1608) width 38: "data. "
                text run at (40,1608) width 60: "Lots and"
                text run at (2,1630) width 97: "lots and lots of"
                text run at (2,1652) width 38: "data. "
                text run at (40,1652) width 60: "Lots and"
                text run at (2,1674) width 97: "lots and lots of"
                text run at (2,1696) width 38: "data. "
                text run at (40,1696) width 60: "Lots and"
                text run at (2,1718) width 97: "lots and lots of"
                text run at (2,1740) width 38: "data. "
                text run at (40,1740) width 60: "Lots and"
                text run at (2,1762) width 97: "lots and lots of"
                text run at (2,1784) width 38: "data. "
                text run at (40,1784) width 60: "Lots and"
                text run at (2,1806) width 97: "lots and lots of"
                text run at (2,1828) width 38: "data. "
                text run at (40,1828) width 60: "Lots and"
                text run at (2,1850) width 97: "lots and lots of"
                text run at (2,1872) width 38: "data. "
                text run at (40,1872) width 60: "Lots and"
                text run at (2,1894) width 97: "lots and lots of"
                text run at (2,1916) width 38: "data. "
                text run at (40,1916) width 60: "Lots and"
                text run at (2,1938) width 97: "lots and lots of"
                text run at (2,1960) width 38: "data. "
                text run at (40,1960) width 60: "Lots and"
                text run at (2,1982) width 97: "lots and lots of"
                text run at (2,2004) width 38: "data. "
                text run at (40,2004) width 60: "Lots and"
                text run at (2,2026) width 97: "lots and lots of"
                text run at (2,2048) width 38: "data. "
                text run at (40,2048) width 60: "Lots and"
                text run at (2,2070) width 97: "lots and lots of"
                text run at (2,2092) width 38: "data. "
                text run at (40,2092) width 60: "Lots and"
                text run at (2,2114) width 97: "lots and lots of"
                text run at (2,2136) width 38: "data. "
                text run at (40,2136) width 60: "Lots and"
                text run at (2,2158) width 97: "lots and lots of"
                text run at (2,2180) width 38: "data. "
                text run at (40,2180) width 60: "Lots and"
                text run at (2,2202) width 97: "lots and lots of"
                text run at (2,2224) width 38: "data. "
                text run at (40,2224) width 60: "Lots and"
                text run at (2,2246) width 97: "lots and lots of"
                text run at (2,2268) width 38: "data. "
                text run at (40,2268) width 60: "Lots and"
                text run at (2,2290) width 97: "lots and lots of"
                text run at (2,2312) width 38: "data. "
                text run at (40,2312) width 60: "Lots and"
                text run at (2,2334) width 97: "lots and lots of"
                text run at (2,2356) width 38: "data. "
                text run at (40,2356) width 60: "Lots and"
                text run at (2,2378) width 97: "lots and lots of"
                text run at (2,2400) width 38: "data. "
                text run at (40,2400) width 60: "Lots and"
                text run at (2,2422) width 97: "lots and lots of"
                text run at (2,2444) width 38: "data. "
                text run at (40,2444) width 60: "Lots and"
                text run at (2,2466) width 97: "lots and lots of"
                text run at (2,2488) width 38: "data. "
                text run at (40,2488) width 60: "Lots and"
                text run at (2,2510) width 97: "lots and lots of"
                text run at (2,2532) width 38: "data. "
                text run at (40,2532) width 60: "Lots and"
                text run at (2,2554) width 97: "lots and lots of"
                text run at (2,2576) width 38: "data. "
                text run at (40,2576) width 60: "Lots and"
                text run at (2,2598) width 97: "lots and lots of"
                text run at (2,2620) width 34: "data."
          RenderTableRow {TR} at (0,2648) size 384x26
            RenderTableCell {TD} at (2,2648) size 125x26 [border: (1px solid #000000)] [r=1 c=0 rs=1 cs=1]
              RenderText {#text} at (2,2) size 33x22
                text run at (2,2) width 33: "Data"
            RenderTableCell {TD} at (129,2648) size 125x26 [border: (1px solid #000000)] [r=1 c=1 rs=1 cs=1]
              RenderText {#text} at (2,2) size 33x22
                text run at (2,2) width 33: "Data"
            RenderTableCell {TD} at (256,2648) size 126x26 [border: (1px solid #000000)] [r=1 c=2 rs=1 cs=1]
              RenderText {#text} at (2,2) size 33x22
                text run at (2,2) width 33: "Data"
      RenderBlock {P} at (0,9063) size 768x22
        RenderText {#text} at (0,0) size 204x22
          text run at (0,0) width 204: "This test is still being written..."
      RenderBlock {HR} at (0,9101) size 768x2 [border: (1px inset #000000)]
      RenderBlock {P} at (0,9119) size 768x22
        RenderText {#text} at (0,0) size 61x22
          text run at (0,0) width 61: "(Back to "
        RenderInline {A} at (0,0) size 170x22 [color=#0000EE]
          RenderText {#text} at (61,0) size 170x22
            text run at (61,0) width 170: "CSS Testing Information"
        RenderText {#text} at (231,0) size 8x22
          text run at (231,0) width 8: ", "
        RenderInline {A} at (0,0) size 88x22 [color=#0000EE]
          RenderText {#text} at (239,0) size 88x22
            text run at (239,0) width 88: "David Baron"
        RenderText {#text} at (327,0) size 5x22
          text run at (327,0) width 5: ")"
      RenderBlock {P} at (0,9157) size 768x22
        RenderInline {A} at (0,0) size 34x22 [color=#0000EE]
          RenderText {#text} at (0,0) size 34x22
            text run at (0,0) width 34: "LDB"
        RenderText {#text} at (34,0) size 8x22
          text run at (34,0) width 8: ", "
        RenderInline {A} at (0,0) size 173x22 [color=#0000EE]
          RenderText {#text} at (42,0) size 173x22
            text run at (42,0) width 173: "dbaron@fas.harvard.edu"
