layer at (0,0) size 800x600
  RenderView at (0,0) size 800x600
layer at (0,0) size 800x600
  RenderBlock {HTML} at (0,0) size 800x600
    RenderBody {BODY} at (8,8) size 784x576 [bgcolor=#FFFFFF]
      RenderBlock {H4} at (0,0) size 784x22
        RenderText {#text} at (0,0) size 538x22
          text run at (0,0) width 538: "TBODY is not correctly positioned when TFOOT is present but THEAD is not:"
      RenderTable {TABLE} at (0,43) size 68x62 [border: (1px outset #808080)]
        RenderTableSection {TFOOT} at (1,31) size 66x30
          RenderTableRow {TR} at (0,2) size 66x26
            RenderTableCell {TD} at (2,2) size 62x26 [border: (1px inset #808080)] [r=0 c=0 rs=1 cs=1]
              RenderText {#text} at (2,2) size 56x22
                text run at (2,2) width 56: "TFOOT"
        RenderTableSection {TBODY} at (1,1) size 66x30
          RenderTableRow {TR} at (0,2) size 66x26
            RenderTableCell {TD} at (2,2) size 62x26 [border: (1px inset #808080)] [r=0 c=0 rs=1 cs=1]
              RenderText {#text} at (2,2) size 58x22
                text run at (2,2) width 58: "TBODY"
      RenderBlock (anonymous) at (0,105) size 784x22
        RenderBR {BR} at (0,0) size 0x22
      RenderTable {TABLE} at (0,127) size 68x92 [border: (1px outset #808080)]
        RenderTableSection {THEAD} at (1,1) size 66x30
          RenderTableRow {TR} at (0,2) size 66x26
            RenderTableCell {TH} at (2,2) size 62x26 [border: (1px inset #808080)] [r=0 c=0 rs=1 cs=1]
              RenderText {#text} at (2,2) size 58x22
                text run at (2,2) width 58: "THEAD"
        RenderTableSection {TFOOT} at (1,61) size 66x30
          RenderTableRow {TR} at (0,2) size 66x26
            RenderTableCell {TD} at (2,2) size 62x26 [border: (1px inset #808080)] [r=0 c=0 rs=1 cs=1]
              RenderText {#text} at (2,2) size 56x22
                text run at (2,2) width 56: "TFOOT"
        RenderTableSection {TBODY} at (1,31) size 66x30
          RenderTableRow {TR} at (0,2) size 66x26
            RenderTableCell {TD} at (2,2) size 62x26 [border: (1px inset #808080)] [r=0 c=0 rs=1 cs=1]
              RenderText {#text} at (2,2) size 58x22
                text run at (2,2) width 58: "TBODY"
      RenderBlock {P} at (0,235) size 784x278
        RenderBlock (anonymous) at (0,0) size 784x22
          RenderText {#text} at (0,0) size 164x22
            text run at (0,0) width 164: "Same as above but with "
          RenderInline {CODE} at (0,0) size 129x17
            RenderText {#text} at (164,3) size 129x17
              text run at (164,3) width 129: "CELLSPACING=\"10\""
          RenderText {#text} at (293,0) size 5x22
            text run at (293,0) width 5: ":"
        RenderTable {TABLE} at (0,22) size 84x94 [border: (1px outset #808080)]
          RenderTableSection {TFOOT} at (1,47) size 82x46
            RenderTableRow {TR} at (0,10) size 82x26
              RenderTableCell {TD} at (10,10) size 62x26 [border: (1px inset #808080)] [r=0 c=0 rs=1 cs=1]
                RenderText {#text} at (2,2) size 56x22
                  text run at (2,2) width 56: "TFOOT"
          RenderTableSection {TBODY} at (1,1) size 82x46
            RenderTableRow {TR} at (0,10) size 82x26
              RenderTableCell {TD} at (10,10) size 62x26 [border: (1px inset #808080)] [r=0 c=0 rs=1 cs=1]
                RenderText {#text} at (2,2) size 58x22
                  text run at (2,2) width 58: "TBODY"
        RenderBlock (anonymous) at (0,116) size 784x22
          RenderBR {BR} at (0,0) size 0x22
        RenderTable {TABLE} at (0,138) size 84x140 [border: (1px outset #808080)]
          RenderTableSection {THEAD} at (1,1) size 82x46
            RenderTableRow {TR} at (0,10) size 82x26
              RenderTableCell {TH} at (10,10) size 62x26 [border: (1px inset #808080)] [r=0 c=0 rs=1 cs=1]
                RenderText {#text} at (2,2) size 58x22
                  text run at (2,2) width 58: "THEAD"
          RenderTableSection {TFOOT} at (1,93) size 82x46
            RenderTableRow {TR} at (0,10) size 82x26
              RenderTableCell {TD} at (10,10) size 62x26 [border: (1px inset #808080)] [r=0 c=0 rs=1 cs=1]
                RenderText {#text} at (2,2) size 56x22
                  text run at (2,2) width 56: "TFOOT"
          RenderTableSection {TBODY} at (1,47) size 82x46
            RenderTableRow {TR} at (0,10) size 82x26
              RenderTableCell {TD} at (10,10) size 62x26 [border: (1px inset #808080)] [r=0 c=0 rs=1 cs=1]
                RenderText {#text} at (2,2) size 58x22
                  text run at (2,2) width 58: "TBODY"
