layer at (0,0) size 784x2244
  RenderView at (0,0) size 784x600
layer at (0,0) size 784x2244
  RenderBlock {HTML} at (0,0) size 784x2244
    RenderBody {BODY} at (8,8) size 768x2228
      RenderBlock (anonymous) at (0,0) size 768x22
        RenderBR {BR} at (0,0) size 0x22
      RenderBlock {HR} at (0,30) size 768x2 [border: (1px inset #000000)]
      RenderBlock {H3} at (0,50) size 768x26
        RenderText {#text} at (0,0) size 89x26
          text run at (0,0) width 89: "border-top"
      RenderBlock {P} at (0,94) size 768x22
        RenderInline {CODE} at (0,0) size 50x17
          RenderText {#text} at (0,3) size 50x17
            text run at (0,3) width 50: "<table>"
        RenderText {#text} at (50,0) size 31x22
          text run at (50,0) width 31: " has "
        RenderInline {CODE} at (0,0) size 44x17
          RenderText {#text} at (81,3) size 44x17
            text run at (81,3) width 44: "border"
        RenderText {#text} at (125,0) size 72x22
          text run at (125,0) width 72: " attribute; "
        RenderInline {CODE} at (0,0) size 30x17
          RenderText {#text} at (197,3) size 30x17
            text run at (197,3) width 30: "<td>"
        RenderText {#text} at (227,0) size 40x22
          text run at (227,0) width 40: " have "
        RenderInline {CODE} at (0,0) size 247x17
          RenderText {#text} at (267,3) size 247x17
            text run at (267,3) width 247: "style=\"border-top: green 10px solid;\""
        RenderText {#text} at (514,0) size 4x22
          text run at (514,0) width 4: "."
      RenderTable {TABLE} at (0,132) size 477x128 [border: (1px outset #808080)]
        RenderTableSection {TBODY} at (1,1) size 475x126
          RenderTableRow {TR} at (0,5) size 475x35
            RenderTableCell {TD} at (5,5) size 465x35 [border: (10px solid #008000) (1px inset #808080)] [r=0 c=0 rs=1 cs=2]
              RenderText {#text} at (2,11) size 461x22
                text run at (2,11) width 461: "Every cell in this table should have a 10-pixel solid green top border."
          RenderTableRow {TR} at (0,45) size 475x76
            RenderTableCell {TD} at (5,65) size 118x35 [border: (10px solid #008000) (1px inset #808080)] [r=1 c=0 rs=1 cs=1]
              RenderText {#text} at (2,11) size 55x22
                text run at (2,11) width 55: "Cell one"
            RenderTableCell {TD} at (128,45) size 342x76 [border: (10px solid #008000) (1px inset #808080)] [r=1 c=1 rs=1 cs=1]
              RenderBlock (anonymous) at (2,11) size 338x22
                RenderText {#text} at (0,0) size 56x22
                  text run at (0,0) width 56: "Cell two"
              RenderTable {TABLE} at (2,33) size 167x41 [border: (1px outset #808080)]
                RenderTableSection {TBODY} at (1,1) size 165x39
                  RenderTableRow {TR} at (0,2) size 165x35
                    RenderTableCell {TD} at (2,2) size 161x35 [border: (10px solid #008000) (1px inset #808080)] [r=0 c=0 rs=1 cs=1]
                      RenderText {#text} at (2,11) size 157x22
                        text run at (2,11) width 157: "Nested single-cell table!"
      RenderBlock (anonymous) at (0,260) size 768x22
        RenderBR {BR} at (0,0) size 0x22
      RenderBlock {P} at (0,298) size 768x22
        RenderInline {CODE} at (0,0) size 50x17
          RenderText {#text} at (0,3) size 50x17
            text run at (0,3) width 50: "<table>"
        RenderText {#text} at (50,0) size 68x22
          text run at (50,0) width 68: " has *no* "
        RenderInline {CODE} at (0,0) size 44x17
          RenderText {#text} at (118,3) size 44x17
            text run at (118,3) width 44: "border"
        RenderText {#text} at (162,0) size 72x22
          text run at (162,0) width 72: " attribute; "
        RenderInline {CODE} at (0,0) size 30x17
          RenderText {#text} at (234,3) size 30x17
            text run at (234,3) width 30: "<td>"
        RenderText {#text} at (264,0) size 40x22
          text run at (264,0) width 40: " have "
        RenderInline {CODE} at (0,0) size 247x17
          RenderText {#text} at (304,3) size 247x17
            text run at (304,3) width 247: "style=\"border-top: green 10px solid;\""
        RenderText {#text} at (551,0) size 4x22
          text run at (551,0) width 4: "."
      RenderTable {TABLE} at (0,336) size 473x121
        RenderTableSection {TBODY} at (0,0) size 473x121
          RenderTableRow {TR} at (0,5) size 473x34
            RenderTableCell {TD} at (5,5) size 463x34 [border: (10px solid #008000) none] [r=0 c=0 rs=1 cs=2]
              RenderText {#text} at (1,11) size 461x22
                text run at (1,11) width 461: "Every cell in this table should have a 10-pixel solid green top border."
          RenderTableRow {TR} at (0,44) size 473x72
            RenderTableCell {TD} at (5,63) size 117x34 [border: (10px solid #008000) none] [r=1 c=0 rs=1 cs=1]
              RenderText {#text} at (1,11) size 55x22
                text run at (1,11) width 55: "Cell one"
            RenderTableCell {TD} at (127,44) size 341x72 [border: (10px solid #008000) none] [r=1 c=1 rs=1 cs=1]
              RenderBlock (anonymous) at (1,11) size 339x22
                RenderText {#text} at (0,0) size 56x22
                  text run at (0,0) width 56: "Cell two"
              RenderTable {TABLE} at (1,33) size 163x38
                RenderTableSection {TBODY} at (0,0) size 163x38
                  RenderTableRow {TR} at (0,2) size 163x34
                    RenderTableCell {TD} at (2,2) size 159x34 [border: (10px solid #008000) none] [r=0 c=0 rs=1 cs=1]
                      RenderText {#text} at (1,11) size 157x22
                        text run at (1,11) width 157: "Nested single-cell table!"
      RenderBlock (anonymous) at (0,457) size 768x22
        RenderBR {BR} at (0,0) size 0x22
      RenderBlock {HR} at (0,487) size 768x2 [border: (1px inset #000000)]
      RenderBlock {H3} at (0,507) size 768x26
        RenderText {#text} at (0,0) size 102x26
          text run at (0,0) width 102: "border-right"
      RenderBlock {P} at (0,551) size 768x22
        RenderInline {CODE} at (0,0) size 50x17
          RenderText {#text} at (0,3) size 50x17
            text run at (0,3) width 50: "<table>"
        RenderText {#text} at (50,0) size 31x22
          text run at (50,0) width 31: " has "
        RenderInline {CODE} at (0,0) size 44x17
          RenderText {#text} at (81,3) size 44x17
            text run at (81,3) width 44: "border"
        RenderText {#text} at (125,0) size 72x22
          text run at (125,0) width 72: " attribute; "
        RenderInline {CODE} at (0,0) size 30x17
          RenderText {#text} at (197,3) size 30x17
            text run at (197,3) width 30: "<td>"
        RenderText {#text} at (227,0) size 40x22
          text run at (227,0) width 40: " have "
        RenderInline {CODE} at (0,0) size 259x17
          RenderText {#text} at (267,3) size 259x17
            text run at (267,3) width 259: "style=\"border-right: green 10px solid;\""
        RenderText {#text} at (526,0) size 4x22
          text run at (526,0) width 4: "."
      RenderTable {TABLE} at (0,589) size 497x101 [border: (1px outset #808080)]
        RenderTableSection {TBODY} at (1,1) size 495x99
          RenderTableRow {TR} at (0,5) size 495x26
            RenderTableCell {TD} at (5,5) size 485x26 [border: (1px inset #808080) (10px solid #008000) (1px inset #808080)] [r=0 c=0 rs=1 cs=2]
              RenderText {#text} at (2,2) size 472x22
                text run at (2,2) width 472: "Every cell in this table should have a 10-pixel solid green right border."
          RenderTableRow {TR} at (0,36) size 495x58
            RenderTableCell {TD} at (5,52) size 127x26 [border: (1px inset #808080) (10px solid #008000) (1px inset #808080)] [r=1 c=0 rs=1 cs=1]
              RenderText {#text} at (2,2) size 55x22
                text run at (2,2) width 55: "Cell one"
            RenderTableCell {TD} at (137,36) size 353x58 [border: (1px inset #808080) (10px solid #008000) (1px inset #808080)] [r=1 c=1 rs=1 cs=1]
              RenderBlock (anonymous) at (2,2) size 340x22
                RenderText {#text} at (0,0) size 56x22
                  text run at (0,0) width 56: "Cell two"
              RenderTable {TABLE} at (2,24) size 176x32 [border: (1px outset #808080)]
                RenderTableSection {TBODY} at (1,1) size 174x30
                  RenderTableRow {TR} at (0,2) size 174x26
                    RenderTableCell {TD} at (2,2) size 170x26 [border: (1px inset #808080) (10px solid #008000) (1px inset #808080)] [r=0 c=0 rs=1 cs=1]
                      RenderText {#text} at (2,2) size 157x22
                        text run at (2,2) width 157: "Nested single-cell table!"
      RenderBlock (anonymous) at (0,690) size 768x22
        RenderBR {BR} at (0,0) size 0x22
      RenderBlock {P} at (0,728) size 768x22
        RenderInline {CODE} at (0,0) size 50x17
          RenderText {#text} at (0,3) size 50x17
            text run at (0,3) width 50: "<table>"
        RenderText {#text} at (50,0) size 31x22
          text run at (50,0) width 31: " has "
        RenderInline {CODE} at (0,0) size 44x17
          RenderText {#text} at (81,3) size 44x17
            text run at (81,3) width 44: "border"
        RenderText {#text} at (125,0) size 72x22
          text run at (125,0) width 72: " attribute; "
        RenderInline {CODE} at (0,0) size 30x17
          RenderText {#text} at (197,3) size 30x17
            text run at (197,3) width 30: "<td>"
        RenderText {#text} at (227,0) size 40x22
          text run at (227,0) width 40: " have "
        RenderInline {CODE} at (0,0) size 259x17
          RenderText {#text} at (267,3) size 259x17
            text run at (267,3) width 259: "style=\"border-right: green 10px solid;\""
        RenderText {#text} at (526,0) size 4x22
          text run at (526,0) width 4: "."
      RenderTable {TABLE} at (0,766) size 494x91
        RenderTableSection {TBODY} at (0,0) size 494x91
          RenderTableRow {TR} at (0,5) size 494x24
            RenderTableCell {TD} at (5,5) size 484x24 [border: none (10px solid #008000) none] [r=0 c=0 rs=1 cs=2]
              RenderText {#text} at (1,1) size 472x22
                text run at (1,1) width 472: "Every cell in this table should have a 10-pixel solid green right border."
          RenderTableRow {TR} at (0,34) size 494x52
            RenderTableCell {TD} at (5,48) size 127x24 [border: none (10px solid #008000) none] [r=1 c=0 rs=1 cs=1]
              RenderText {#text} at (1,1) size 55x22
                text run at (1,1) width 55: "Cell one"
            RenderTableCell {TD} at (137,34) size 352x52 [border: none (10px solid #008000) none] [r=1 c=1 rs=1 cs=1]
              RenderBlock (anonymous) at (1,1) size 340x22
                RenderText {#text} at (0,0) size 56x22
                  text run at (0,0) width 56: "Cell two"
              RenderTable {TABLE} at (1,23) size 173x28
                RenderTableSection {TBODY} at (0,0) size 173x28
                  RenderTableRow {TR} at (0,2) size 173x24
                    RenderTableCell {TD} at (2,2) size 169x24 [border: none (10px solid #008000) none] [r=0 c=0 rs=1 cs=1]
                      RenderText {#text} at (1,1) size 157x22
                        text run at (1,1) width 157: "Nested single-cell table!"
      RenderBlock (anonymous) at (0,857) size 768x22
        RenderBR {BR} at (0,0) size 0x22
      RenderBlock {HR} at (0,887) size 768x2 [border: (1px inset #000000)]
      RenderBlock {H3} at (0,907) size 768x26
        RenderText {#text} at (0,0) size 121x26
          text run at (0,0) width 121: "border-bottom"
      RenderBlock {P} at (0,951) size 768x22
        RenderInline {CODE} at (0,0) size 50x17
          RenderText {#text} at (0,3) size 50x17
            text run at (0,3) width 50: "<table>"
        RenderText {#text} at (50,0) size 31x22
          text run at (50,0) width 31: " has "
        RenderInline {CODE} at (0,0) size 44x17
          RenderText {#text} at (81,3) size 44x17
            text run at (81,3) width 44: "border"
        RenderText {#text} at (125,0) size 72x22
          text run at (125,0) width 72: " attribute; "
        RenderInline {CODE} at (0,0) size 30x17
          RenderText {#text} at (197,3) size 30x17
            text run at (197,3) width 30: "<td>"
        RenderText {#text} at (227,0) size 40x22
          text run at (227,0) width 40: " have "
        RenderInline {CODE} at (0,0) size 274x17
          RenderText {#text} at (267,3) size 274x17
            text run at (267,3) width 274: "style=\"border-bottom: green 10px solid;\""
        RenderText {#text} at (541,0) size 4x22
          text run at (541,0) width 4: "."
      RenderTable {TABLE} at (0,989) size 503x128 [border: (1px outset #808080)]
        RenderTableSection {TBODY} at (1,1) size 501x126
          RenderTableRow {TR} at (0,5) size 501x35
            RenderTableCell {TD} at (5,5) size 491x35 [border: (1px inset #808080) (10px solid #008000) (1px inset #808080)] [r=0 c=0 rs=1 cs=2]
              RenderText {#text} at (2,2) size 487x22
                text run at (2,2) width 487: "Every cell in this table should have a 10-pixel solid green bottom border."
          RenderTableRow {TR} at (0,45) size 501x76
            RenderTableCell {TD} at (5,65) size 124x35 [border: (1px inset #808080) (10px solid #008000) (1px inset #808080)] [r=1 c=0 rs=1 cs=1]
              RenderText {#text} at (2,2) size 55x22
                text run at (2,2) width 55: "Cell one"
            RenderTableCell {TD} at (134,45) size 362x76 [border: (1px inset #808080) (10px solid #008000) (1px inset #808080)] [r=1 c=1 rs=1 cs=1]
              RenderBlock (anonymous) at (2,2) size 358x22
                RenderText {#text} at (0,0) size 56x22
                  text run at (0,0) width 56: "Cell two"
              RenderTable {TABLE} at (2,24) size 167x41 [border: (1px outset #808080)]
                RenderTableSection {TBODY} at (1,1) size 165x39
                  RenderTableRow {TR} at (0,2) size 165x35
                    RenderTableCell {TD} at (2,2) size 161x35 [border: (1px inset #808080) (10px solid #008000) (1px inset #808080)] [r=0 c=0 rs=1 cs=1]
                      RenderText {#text} at (2,2) size 157x22
                        text run at (2,2) width 157: "Nested single-cell table!"
      RenderBlock (anonymous) at (0,1117) size 768x22
        RenderBR {BR} at (0,0) size 0x22
      RenderBlock {P} at (0,1155) size 768x22
        RenderInline {CODE} at (0,0) size 50x17
          RenderText {#text} at (0,3) size 50x17
            text run at (0,3) width 50: "<table>"
        RenderText {#text} at (50,0) size 68x22
          text run at (50,0) width 68: " has *no* "
        RenderInline {CODE} at (0,0) size 44x17
          RenderText {#text} at (118,3) size 44x17
            text run at (118,3) width 44: "border"
        RenderText {#text} at (162,0) size 72x22
          text run at (162,0) width 72: " attribute; "
        RenderInline {CODE} at (0,0) size 30x17
          RenderText {#text} at (234,3) size 30x17
            text run at (234,3) width 30: "<td>"
        RenderText {#text} at (264,0) size 40x22
          text run at (264,0) width 40: " have "
        RenderInline {CODE} at (0,0) size 274x17
          RenderText {#text} at (304,3) size 274x17
            text run at (304,3) width 274: "style=\"border-bottom: green 10px solid;\""
        RenderText {#text} at (578,0) size 4x22
          text run at (578,0) width 4: "."
      RenderTable {TABLE} at (0,1193) size 499x121
        RenderTableSection {TBODY} at (0,0) size 499x121
          RenderTableRow {TR} at (0,5) size 499x34
            RenderTableCell {TD} at (5,5) size 489x34 [border: none (10px solid #008000) none] [r=0 c=0 rs=1 cs=2]
              RenderText {#text} at (1,1) size 487x22
                text run at (1,1) width 487: "Every cell in this table should have a 10-pixel solid green bottom border."
          RenderTableRow {TR} at (0,44) size 499x72
            RenderTableCell {TD} at (5,63) size 124x34 [border: none (10px solid #008000) none] [r=1 c=0 rs=1 cs=1]
              RenderText {#text} at (1,1) size 55x22
                text run at (1,1) width 55: "Cell one"
            RenderTableCell {TD} at (134,44) size 360x72 [border: none (10px solid #008000) none] [r=1 c=1 rs=1 cs=1]
              RenderBlock (anonymous) at (1,1) size 358x22
                RenderText {#text} at (0,0) size 56x22
                  text run at (0,0) width 56: "Cell two"
              RenderTable {TABLE} at (1,23) size 163x38
                RenderTableSection {TBODY} at (0,0) size 163x38
                  RenderTableRow {TR} at (0,2) size 163x34
                    RenderTableCell {TD} at (2,2) size 159x34 [border: none (10px solid #008000) none] [r=0 c=0 rs=1 cs=1]
                      RenderText {#text} at (1,1) size 157x22
                        text run at (1,1) width 157: "Nested single-cell table!"
      RenderBlock (anonymous) at (0,1314) size 768x22
        RenderBR {BR} at (0,0) size 0x22
      RenderBlock {HR} at (0,1344) size 768x2 [border: (1px inset #000000)]
      RenderBlock {H3} at (0,1364) size 768x26
        RenderText {#text} at (0,0) size 87x26
          text run at (0,0) width 87: "border-left"
      RenderBlock {P} at (0,1408) size 768x22
        RenderInline {CODE} at (0,0) size 50x17
          RenderText {#text} at (0,3) size 50x17
            text run at (0,3) width 50: "<table>"
        RenderText {#text} at (50,0) size 31x22
          text run at (50,0) width 31: " has "
        RenderInline {CODE} at (0,0) size 44x17
          RenderText {#text} at (81,3) size 44x17
            text run at (81,3) width 44: "border"
        RenderText {#text} at (125,0) size 72x22
          text run at (125,0) width 72: " attribute; "
        RenderInline {CODE} at (0,0) size 30x17
          RenderText {#text} at (197,3) size 30x17
            text run at (197,3) width 30: "<td>"
        RenderText {#text} at (227,0) size 40x22
          text run at (227,0) width 40: " have "
        RenderInline {CODE} at (0,0) size 248x17
          RenderText {#text} at (267,3) size 248x17
            text run at (267,3) width 248: "style=\"border-left: green 10px solid;\""
        RenderText {#text} at (515,0) size 4x22
          text run at (515,0) width 4: "."
      RenderTable {TABLE} at (0,1446) size 485x101 [border: (1px outset #808080)]
        RenderTableSection {TBODY} at (1,1) size 483x99
          RenderTableRow {TR} at (0,5) size 483x26
            RenderTableCell {TD} at (5,5) size 473x26 [border: (1px inset #808080) (10px solid #008000)] [r=0 c=0 rs=1 cs=2]
              RenderText {#text} at (11,2) size 460x22
                text run at (11,2) width 460: "Every cell in this table should have a 10-pixel solid green left border."
          RenderTableRow {TR} at (0,36) size 483x58
            RenderTableCell {TD} at (5,52) size 123x26 [border: (1px inset #808080) (10px solid #008000)] [r=1 c=0 rs=1 cs=1]
              RenderText {#text} at (11,2) size 55x22
                text run at (11,2) width 55: "Cell one"
            RenderTableCell {TD} at (133,36) size 345x58 [border: (1px inset #808080) (10px solid #008000)] [r=1 c=1 rs=1 cs=1]
              RenderBlock (anonymous) at (11,2) size 332x22
                RenderText {#text} at (0,0) size 56x22
                  text run at (0,0) width 56: "Cell two"
              RenderTable {TABLE} at (11,24) size 176x32 [border: (1px outset #808080)]
                RenderTableSection {TBODY} at (1,1) size 174x30
                  RenderTableRow {TR} at (0,2) size 174x26
                    RenderTableCell {TD} at (2,2) size 170x26 [border: (1px inset #808080) (10px solid #008000)] [r=0 c=0 rs=1 cs=1]
                      RenderText {#text} at (11,2) size 157x22
                        text run at (11,2) width 157: "Nested single-cell table!"
      RenderBlock (anonymous) at (0,1547) size 768x22
        RenderBR {BR} at (0,0) size 0x22
      RenderBlock {P} at (0,1585) size 768x22
        RenderInline {CODE} at (0,0) size 50x17
          RenderText {#text} at (0,3) size 50x17
            text run at (0,3) width 50: "<table>"
        RenderText {#text} at (50,0) size 68x22
          text run at (50,0) width 68: " has *no* "
        RenderInline {CODE} at (0,0) size 44x17
          RenderText {#text} at (118,3) size 44x17
            text run at (118,3) width 44: "border"
        RenderText {#text} at (162,0) size 72x22
          text run at (162,0) width 72: " attribute; "
        RenderInline {CODE} at (0,0) size 30x17
          RenderText {#text} at (234,3) size 30x17
            text run at (234,3) width 30: "<td>"
        RenderText {#text} at (264,0) size 40x22
          text run at (264,0) width 40: " have "
        RenderInline {CODE} at (0,0) size 248x17
          RenderText {#text} at (304,3) size 248x17
            text run at (304,3) width 248: "style=\"border-left: green 10px solid;\""
        RenderText {#text} at (552,0) size 4x22
          text run at (552,0) width 4: "."
      RenderTable {TABLE} at (0,1623) size 482x91
        RenderTableSection {TBODY} at (0,0) size 482x91
          RenderTableRow {TR} at (0,5) size 482x24
            RenderTableCell {TD} at (5,5) size 472x24 [border: none (10px solid #008000)] [r=0 c=0 rs=1 cs=2]
              RenderText {#text} at (11,1) size 460x22
                text run at (11,1) width 460: "Every cell in this table should have a 10-pixel solid green left border."
          RenderTableRow {TR} at (0,34) size 482x52
            RenderTableCell {TD} at (5,48) size 124x24 [border: none (10px solid #008000)] [r=1 c=0 rs=1 cs=1]
              RenderText {#text} at (11,1) size 55x22
                text run at (11,1) width 55: "Cell one"
            RenderTableCell {TD} at (134,34) size 343x52 [border: none (10px solid #008000)] [r=1 c=1 rs=1 cs=1]
              RenderBlock (anonymous) at (11,1) size 331x22
                RenderText {#text} at (0,0) size 56x22
                  text run at (0,0) width 56: "Cell two"
              RenderTable {TABLE} at (11,23) size 173x28
                RenderTableSection {TBODY} at (0,0) size 173x28
                  RenderTableRow {TR} at (0,2) size 173x24
                    RenderTableCell {TD} at (2,2) size 169x24 [border: none (10px solid #008000)] [r=0 c=0 rs=1 cs=1]
                      RenderText {#text} at (11,1) size 157x22
                        text run at (11,1) width 157: "Nested single-cell table!"
      RenderBlock (anonymous) at (0,1714) size 768x22
        RenderBR {BR} at (0,0) size 0x22
      RenderBlock {HR} at (0,1744) size 768x2 [border: (1px inset #000000)]
      RenderBlock {H3} at (0,1764) size 768x26
        RenderText {#text} at (0,0) size 56x26
          text run at (0,0) width 56: "border"
      RenderBlock {P} at (0,1808) size 768x22
        RenderInline {CODE} at (0,0) size 50x17
          RenderText {#text} at (0,3) size 50x17
            text run at (0,3) width 50: "<table>"
        RenderText {#text} at (50,0) size 31x22
          text run at (50,0) width 31: " has "
        RenderInline {CODE} at (0,0) size 44x17
          RenderText {#text} at (81,3) size 44x17
            text run at (81,3) width 44: "border"
        RenderText {#text} at (125,0) size 72x22
          text run at (125,0) width 72: " attribute; "
        RenderInline {CODE} at (0,0) size 30x17
          RenderText {#text} at (197,3) size 30x17
            text run at (197,3) width 30: "<td>"
        RenderText {#text} at (227,0) size 40x22
          text run at (227,0) width 40: " have "
        RenderInline {CODE} at (0,0) size 220x17
          RenderText {#text} at (267,3) size 220x17
            text run at (267,3) width 220: "style=\"border: green 10px solid;\""
        RenderText {#text} at (487,0) size 4x22
          text run at (487,0) width 4: "."
      RenderTable {TABLE} at (0,1846) size 469x155 [border: (1px outset #808080)]
        RenderTableSection {TBODY} at (1,1) size 467x153
          RenderTableRow {TR} at (0,5) size 467x44
            RenderTableCell {TD} at (5,5) size 457x44 [border: (10px solid #008000)] [r=0 c=0 rs=1 cs=2]
              RenderText {#text} at (11,11) size 435x22
                text run at (11,11) width 435: "Every cell in this table should have a 10-pixel solid green border."
          RenderTableRow {TR} at (0,54) size 467x94
            RenderTableCell {TD} at (5,79) size 122x44 [border: (10px solid #008000)] [r=1 c=0 rs=1 cs=1]
              RenderText {#text} at (11,11) size 55x22
                text run at (11,11) width 55: "Cell one"
            RenderTableCell {TD} at (132,54) size 330x94 [border: (10px solid #008000)] [r=1 c=1 rs=1 cs=1]
              RenderBlock (anonymous) at (11,11) size 308x22
                RenderText {#text} at (0,0) size 56x22
                  text run at (0,0) width 56: "Cell two"
              RenderTable {TABLE} at (11,33) size 185x50 [border: (1px outset #808080)]
                RenderTableSection {TBODY} at (1,1) size 183x48
                  RenderTableRow {TR} at (0,2) size 183x44
                    RenderTableCell {TD} at (2,2) size 179x44 [border: (10px solid #008000)] [r=0 c=0 rs=1 cs=1]
                      RenderText {#text} at (11,11) size 157x22
                        text run at (11,11) width 157: "Nested single-cell table!"
      RenderBlock (anonymous) at (0,2001) size 768x22
        RenderBR {BR} at (0,0) size 0x22
      RenderBlock {P} at (0,2039) size 768x22
        RenderInline {CODE} at (0,0) size 50x17
          RenderText {#text} at (0,3) size 50x17
            text run at (0,3) width 50: "<table>"
        RenderText {#text} at (50,0) size 68x22
          text run at (50,0) width 68: " has *no* "
        RenderInline {CODE} at (0,0) size 44x17
          RenderText {#text} at (118,3) size 44x17
            text run at (118,3) width 44: "border"
        RenderText {#text} at (162,0) size 72x22
          text run at (162,0) width 72: " attribute; "
        RenderInline {CODE} at (0,0) size 30x17
          RenderText {#text} at (234,3) size 30x17
            text run at (234,3) width 30: "<td>"
        RenderText {#text} at (264,0) size 40x22
          text run at (264,0) width 40: " have "
        RenderInline {CODE} at (0,0) size 220x17
          RenderText {#text} at (304,3) size 220x17
            text run at (304,3) width 220: "style=\"border: green 10px solid;\""
        RenderText {#text} at (524,0) size 4x22
          text run at (524,0) width 4: "."
      RenderTable {TABLE} at (0,2077) size 467x151
        RenderTableSection {TBODY} at (0,0) size 467x151
          RenderTableRow {TR} at (0,5) size 467x44
            RenderTableCell {TD} at (5,5) size 457x44 [border: (10px solid #008000)] [r=0 c=0 rs=1 cs=2]
              RenderText {#text} at (11,11) size 435x22
                text run at (11,11) width 435: "Every cell in this table should have a 10-pixel solid green border."
          RenderTableRow {TR} at (0,54) size 467x92
            RenderTableCell {TD} at (5,78) size 123x44 [border: (10px solid #008000)] [r=1 c=0 rs=1 cs=1]
              RenderText {#text} at (11,11) size 55x22
                text run at (11,11) width 55: "Cell one"
            RenderTableCell {TD} at (133,54) size 329x92 [border: (10px solid #008000)] [r=1 c=1 rs=1 cs=1]
              RenderBlock (anonymous) at (11,11) size 307x22
                RenderText {#text} at (0,0) size 56x22
                  text run at (0,0) width 56: "Cell two"
              RenderTable {TABLE} at (11,33) size 183x48
                RenderTableSection {TBODY} at (0,0) size 183x48
                  RenderTableRow {TR} at (0,2) size 183x44
                    RenderTableCell {TD} at (2,2) size 179x44 [border: (10px solid #008000)] [r=0 c=0 rs=1 cs=1]
                      RenderText {#text} at (11,11) size 157x22
                        text run at (11,11) width 157: "Nested single-cell table!"
