layer at (0,0) size 800x600
  RenderView at (0,0) size 800x600
layer at (0,0) size 800x544
  RenderBlock {HTML} at (0,0) size 800x544
    RenderBody {BODY} at (8,8) size 784x523
      RenderTable {TABLE} at (0,0) size 25x0
        RenderTableSection {TBODY} at (0,0) size 25x0
          RenderTableRow {TR} at (0,0) size 25x0
            RenderTableCell {TD} at (0,0) size 2x0 [r=0 c=0 rs=1 cs=1]
            RenderTableCell {TD} at (2,0) size 1x0 [r=0 c=1 rs=1 cs=1]
            RenderTableCell {TD} at (3,0) size 1x0 [r=0 c=2 rs=1 cs=1]
            RenderTableCell {TD} at (4,0) size 1x0 [r=0 c=3 rs=1 cs=1]
            RenderTableCell {TD} at (5,0) size 1x0 [r=0 c=4 rs=1 cs=1]
            RenderTableCell {TD} at (6,0) size 1x0 [r=0 c=5 rs=1 cs=1]
            RenderTableCell {TD} at (7,0) size 1x0 [r=0 c=6 rs=1 cs=1]
            RenderTableCell {TD} at (8,0) size 1x0 [r=0 c=7 rs=1 cs=1]
            RenderTableCell {TD} at (9,0) size 1x0 [r=0 c=8 rs=1 cs=1]
            RenderTableCell {TD} at (10,0) size 1x0 [r=0 c=9 rs=1 cs=1]
            RenderTableCell {TD} at (11,0) size 1x0 [r=0 c=10 rs=1 cs=1]
            RenderTableCell {TD} at (12,0) size 1x0 [r=0 c=11 rs=1 cs=1]
            RenderTableCell {TD} at (13,0) size 1x0 [r=0 c=12 rs=1 cs=1]
            RenderTableCell {TD} at (14,0) size 1x0 [r=0 c=13 rs=1 cs=1]
            RenderTableCell {TD} at (15,0) size 1x0 [r=0 c=14 rs=1 cs=1]
            RenderTableCell {TD} at (16,0) size 1x0 [r=0 c=15 rs=1 cs=1]
            RenderTableCell {TD} at (17,0) size 8x0 [r=0 c=16 rs=1 cs=1]
      RenderTable {TABLE} at (0,0) size 12x0
        RenderTableSection {TBODY} at (0,0) size 12x0
          RenderTableRow {TR} at (0,0) size 12x0
            RenderTableCell {TD} at (0,0) size 1x0 [r=0 c=0 rs=1 cs=1]
            RenderTableCell {TD} at (1,0) size 1x0 [r=0 c=1 rs=1 cs=1]
            RenderTableCell {TD} at (2,0) size 1x0 [r=0 c=2 rs=1 cs=1]
            RenderTableCell {TD} at (3,0) size 1x0 [r=0 c=3 rs=1 cs=1]
            RenderTableCell {TD} at (4,0) size 8x0 [r=0 c=4 rs=1 cs=1]
      RenderTable {TABLE} at (0,0) size 13x0
        RenderTableSection {TBODY} at (0,0) size 13x0
          RenderTableRow {TR} at (0,0) size 13x0
            RenderTableCell {TD} at (0,0) size 2x0 [r=0 c=0 rs=1 cs=1]
            RenderTableCell {TD} at (2,0) size 1x0 [r=0 c=1 rs=1 cs=1]
            RenderTableCell {TD} at (3,0) size 1x0 [r=0 c=2 rs=1 cs=1]
            RenderTableCell {TD} at (4,0) size 1x0 [r=0 c=3 rs=1 cs=1]
            RenderTableCell {TD} at (5,0) size 8x0 [r=0 c=4 rs=1 cs=1]
      RenderTable {TABLE} at (0,0) size 24x0
        RenderTableSection {TBODY} at (0,0) size 24x0
          RenderTableRow {TR} at (0,0) size 24x0
            RenderTableCell {TD} at (0,0) size 2x0 [r=0 c=0 rs=1 cs=1]
            RenderTableCell {TD} at (2,0) size 2x0 [r=0 c=1 rs=1 cs=1]
            RenderTableCell {TD} at (4,0) size 2x0 [r=0 c=2 rs=1 cs=1]
            RenderTableCell {TD} at (6,0) size 2x0 [r=0 c=3 rs=1 cs=1]
            RenderTableCell {TD} at (8,0) size 16x0 [r=0 c=4 rs=1 cs=1]
      RenderTable {TABLE} at (0,0) size 25x0
        RenderTableSection {TBODY} at (0,0) size 25x0
          RenderTableRow {TR} at (0,0) size 25x0
            RenderTableCell {TD} at (0,0) size 3x0 [r=0 c=0 rs=1 cs=1]
            RenderTableCell {TD} at (3,0) size 2x0 [r=0 c=1 rs=1 cs=1]
            RenderTableCell {TD} at (5,0) size 2x0 [r=0 c=2 rs=1 cs=1]
            RenderTableCell {TD} at (7,0) size 2x0 [r=0 c=3 rs=1 cs=1]
            RenderTableCell {TD} at (9,0) size 16x0 [r=0 c=4 rs=1 cs=1]
      RenderTable {TABLE} at (0,0) size 17x0
        RenderTableSection {TBODY} at (0,0) size 17x0
          RenderTableRow {TR} at (0,0) size 17x0
            RenderTableCell {TD} at (0,0) size 2x0 [r=0 c=0 rs=1 cs=1]
            RenderTableCell {TD} at (2,0) size 2x0 [r=0 c=1 rs=1 cs=1]
            RenderTableCell {TD} at (4,0) size 2x0 [r=0 c=2 rs=1 cs=1]
            RenderTableCell {TD} at (6,0) size 2x0 [r=0 c=3 rs=1 cs=1]
            RenderTableCell {TD} at (8,0) size 2x0 [r=0 c=4 rs=1 cs=1]
            RenderTableCell {TD} at (10,0) size 2x0 [r=0 c=5 rs=1 cs=1]
            RenderTableCell {TD} at (12,0) size 2x0 [r=0 c=6 rs=1 cs=1]
            RenderTableCell {TD} at (14,0) size 1x0 [r=0 c=7 rs=1 cs=1]
            RenderTableCell {TD} at (15,0) size 1x0 [r=0 c=8 rs=1 cs=1]
            RenderTableCell {TD} at (16,0) size 1x0 [r=0 c=9 rs=1 cs=1]
      RenderBlock {PRE} at (0,13) size 784x510
        RenderText {#text} at (0,0) size 173x17
          text run at (0,0) width 173: "Specified table width: 25px"
          text run at (173,0) width 0: " "
        RenderText {#text} at (0,17) size 169x17
          text run at (0,17) width 169: "Actual table width:    25px"
          text run at (169,17) width 0: " "
        RenderText {#text} at (0,34) size 135x17
          text run at (0,34) width 135: "Specified TD widths: "
        RenderText {#text} at (135,34) size 27x17
          text run at (135,34) width 27: "1px "
        RenderText {#text} at (162,34) size 27x17
          text run at (162,34) width 27: "1px "
        RenderText {#text} at (189,34) size 27x17
          text run at (189,34) width 27: "1px "
        RenderText {#text} at (216,34) size 27x17
          text run at (216,34) width 27: "1px "
        RenderText {#text} at (243,34) size 27x17
          text run at (243,34) width 27: "1px "
        RenderText {#text} at (270,34) size 27x17
          text run at (270,34) width 27: "1px "
        RenderText {#text} at (297,34) size 27x17
          text run at (297,34) width 27: "1px "
        RenderText {#text} at (324,34) size 27x17
          text run at (324,34) width 27: "1px "
        RenderText {#text} at (351,34) size 27x17
          text run at (351,34) width 27: "1px "
        RenderText {#text} at (378,34) size 27x17
          text run at (378,34) width 27: "1px "
        RenderText {#text} at (405,34) size 27x17
          text run at (405,34) width 27: "1px "
        RenderText {#text} at (432,34) size 27x17
          text run at (432,34) width 27: "1px "
        RenderText {#text} at (459,34) size 27x17
          text run at (459,34) width 27: "1px "
        RenderText {#text} at (486,34) size 27x17
          text run at (486,34) width 27: "1px "
        RenderText {#text} at (513,34) size 27x17
          text run at (513,34) width 27: "1px "
        RenderText {#text} at (540,34) size 27x17
          text run at (540,34) width 27: "1px "
        RenderText {#text} at (567,34) size 27x17
          text run at (567,34) width 27: "8px "
        RenderText {#text} at (594,34) size 0x17
          text run at (594,34) width 0: " "
        RenderText {#text} at (0,51) size 131x17
          text run at (0,51) width 131: "Actual TD widths:    "
        RenderText {#text} at (131,51) size 27x17
          text run at (131,51) width 27: "2px "
        RenderText {#text} at (158,51) size 27x17
          text run at (158,51) width 27: "1px "
        RenderText {#text} at (185,51) size 27x17
          text run at (185,51) width 27: "1px "
        RenderText {#text} at (212,51) size 27x17
          text run at (212,51) width 27: "1px "
        RenderText {#text} at (239,51) size 27x17
          text run at (239,51) width 27: "1px "
        RenderText {#text} at (266,51) size 27x17
          text run at (266,51) width 27: "1px "
        RenderText {#text} at (293,51) size 27x17
          text run at (293,51) width 27: "1px "
        RenderText {#text} at (320,51) size 27x17
          text run at (320,51) width 27: "1px "
        RenderText {#text} at (347,51) size 27x17
          text run at (347,51) width 27: "1px "
        RenderText {#text} at (374,51) size 27x17
          text run at (374,51) width 27: "1px "
        RenderText {#text} at (401,51) size 27x17
          text run at (401,51) width 27: "1px "
        RenderText {#text} at (428,51) size 27x17
          text run at (428,51) width 27: "1px "
        RenderText {#text} at (455,51) size 27x17
          text run at (455,51) width 27: "1px "
        RenderText {#text} at (482,51) size 27x17
          text run at (482,51) width 27: "1px "
        RenderText {#text} at (509,51) size 27x17
          text run at (509,51) width 27: "1px "
        RenderText {#text} at (536,51) size 27x17
          text run at (536,51) width 27: "1px "
        RenderText {#text} at (563,51) size 27x17
          text run at (563,51) width 27: "8px "
        RenderText {#text} at (590,51) size 590x34
          text run at (590,51) width 0: " "
          text run at (0,68) width 0: " "
        RenderText {#text} at (0,85) size 173x17
          text run at (0,85) width 173: "Specified table width: 12px"
          text run at (173,85) width 0: " "
        RenderText {#text} at (0,102) size 169x17
          text run at (0,102) width 169: "Actual table width:    12px"
          text run at (169,102) width 0: " "
        RenderText {#text} at (0,119) size 135x17
          text run at (0,119) width 135: "Specified TD widths: "
        RenderText {#text} at (135,119) size 27x17
          text run at (135,119) width 27: "1px "
        RenderText {#text} at (162,119) size 27x17
          text run at (162,119) width 27: "1px "
        RenderText {#text} at (189,119) size 27x17
          text run at (189,119) width 27: "1px "
        RenderText {#text} at (216,119) size 27x17
          text run at (216,119) width 27: "1px "
        RenderText {#text} at (243,119) size 27x17
          text run at (243,119) width 27: "8px "
        RenderText {#text} at (270,119) size 0x17
          text run at (270,119) width 0: " "
        RenderText {#text} at (0,136) size 131x17
          text run at (0,136) width 131: "Actual TD widths:    "
        RenderText {#text} at (131,136) size 27x17
          text run at (131,136) width 27: "1px "
        RenderText {#text} at (158,136) size 27x17
          text run at (158,136) width 27: "1px "
        RenderText {#text} at (185,136) size 27x17
          text run at (185,136) width 27: "1px "
        RenderText {#text} at (212,136) size 27x17
          text run at (212,136) width 27: "1px "
        RenderText {#text} at (239,136) size 27x17
          text run at (239,136) width 27: "8px "
        RenderText {#text} at (266,136) size 266x34
          text run at (266,136) width 0: " "
          text run at (0,153) width 0: " "
        RenderText {#text} at (0,170) size 173x17
          text run at (0,170) width 173: "Specified table width: 13px"
          text run at (173,170) width 0: " "
        RenderText {#text} at (0,187) size 169x17
          text run at (0,187) width 169: "Actual table width:    13px"
          text run at (169,187) width 0: " "
        RenderText {#text} at (0,204) size 135x17
          text run at (0,204) width 135: "Specified TD widths: "
        RenderText {#text} at (135,204) size 27x17
          text run at (135,204) width 27: "1px "
        RenderText {#text} at (162,204) size 27x17
          text run at (162,204) width 27: "1px "
        RenderText {#text} at (189,204) size 27x17
          text run at (189,204) width 27: "1px "
        RenderText {#text} at (216,204) size 27x17
          text run at (216,204) width 27: "1px "
        RenderText {#text} at (243,204) size 27x17
          text run at (243,204) width 27: "8px "
        RenderText {#text} at (270,204) size 0x17
          text run at (270,204) width 0: " "
        RenderText {#text} at (0,221) size 131x17
          text run at (0,221) width 131: "Actual TD widths:    "
        RenderText {#text} at (131,221) size 27x17
          text run at (131,221) width 27: "2px "
        RenderText {#text} at (158,221) size 27x17
          text run at (158,221) width 27: "1px "
        RenderText {#text} at (185,221) size 27x17
          text run at (185,221) width 27: "1px "
        RenderText {#text} at (212,221) size 27x17
          text run at (212,221) width 27: "1px "
        RenderText {#text} at (239,221) size 27x17
          text run at (239,221) width 27: "8px "
        RenderText {#text} at (266,221) size 266x34
          text run at (266,221) width 0: " "
          text run at (0,238) width 0: " "
        RenderText {#text} at (0,255) size 173x17
          text run at (0,255) width 173: "Specified table width: 24px"
          text run at (173,255) width 0: " "
        RenderText {#text} at (0,272) size 169x17
          text run at (0,272) width 169: "Actual table width:    24px"
          text run at (169,272) width 0: " "
        RenderText {#text} at (0,289) size 135x17
          text run at (0,289) width 135: "Specified TD widths: "
        RenderText {#text} at (135,289) size 27x17
          text run at (135,289) width 27: "1px "
        RenderText {#text} at (162,289) size 27x17
          text run at (162,289) width 27: "1px "
        RenderText {#text} at (189,289) size 27x17
          text run at (189,289) width 27: "1px "
        RenderText {#text} at (216,289) size 27x17
          text run at (216,289) width 27: "1px "
        RenderText {#text} at (243,289) size 27x17
          text run at (243,289) width 27: "8px "
        RenderText {#text} at (270,289) size 0x17
          text run at (270,289) width 0: " "
        RenderText {#text} at (0,306) size 131x17
          text run at (0,306) width 131: "Actual TD widths:    "
        RenderText {#text} at (131,306) size 27x17
          text run at (131,306) width 27: "2px "
        RenderText {#text} at (158,306) size 27x17
          text run at (158,306) width 27: "2px "
        RenderText {#text} at (185,306) size 27x17
          text run at (185,306) width 27: "2px "
        RenderText {#text} at (212,306) size 27x17
          text run at (212,306) width 27: "2px "
        RenderText {#text} at (239,306) size 35x17
          text run at (239,306) width 35: "16px "
        RenderText {#text} at (274,306) size 274x34
          text run at (274,306) width 0: " "
          text run at (0,323) width 0: " "
        RenderText {#text} at (0,340) size 173x17
          text run at (0,340) width 173: "Specified table width: 25px"
          text run at (173,340) width 0: " "
        RenderText {#text} at (0,357) size 169x17
          text run at (0,357) width 169: "Actual table width:    25px"
          text run at (169,357) width 0: " "
        RenderText {#text} at (0,374) size 135x17
          text run at (0,374) width 135: "Specified TD widths: "
        RenderText {#text} at (135,374) size 27x17
          text run at (135,374) width 27: "1px "
        RenderText {#text} at (162,374) size 27x17
          text run at (162,374) width 27: "1px "
        RenderText {#text} at (189,374) size 27x17
          text run at (189,374) width 27: "1px "
        RenderText {#text} at (216,374) size 27x17
          text run at (216,374) width 27: "1px "
        RenderText {#text} at (243,374) size 27x17
          text run at (243,374) width 27: "8px "
        RenderText {#text} at (270,374) size 0x17
          text run at (270,374) width 0: " "
        RenderText {#text} at (0,391) size 131x17
          text run at (0,391) width 131: "Actual TD widths:    "
        RenderText {#text} at (131,391) size 27x17
          text run at (131,391) width 27: "3px "
        RenderText {#text} at (158,391) size 27x17
          text run at (158,391) width 27: "2px "
        RenderText {#text} at (185,391) size 27x17
          text run at (185,391) width 27: "2px "
        RenderText {#text} at (212,391) size 27x17
          text run at (212,391) width 27: "2px "
        RenderText {#text} at (239,391) size 35x17
          text run at (239,391) width 35: "16px "
        RenderText {#text} at (274,391) size 274x34
          text run at (274,391) width 0: " "
          text run at (0,408) width 0: " "
        RenderText {#text} at (0,425) size 173x17
          text run at (0,425) width 173: "Specified table width: 17px"
          text run at (173,425) width 0: " "
        RenderText {#text} at (0,442) size 169x17
          text run at (0,442) width 169: "Actual table width:    17px"
          text run at (169,442) width 0: " "
        RenderText {#text} at (0,459) size 135x17
          text run at (0,459) width 135: "Specified TD widths: "
        RenderText {#text} at (135,459) size 32x17
          text run at (135,459) width 32: "10% "
        RenderText {#text} at (167,459) size 32x17
          text run at (167,459) width 32: "10% "
        RenderText {#text} at (199,459) size 32x17
          text run at (199,459) width 32: "10% "
        RenderText {#text} at (231,459) size 32x17
          text run at (231,459) width 32: "10% "
        RenderText {#text} at (263,459) size 32x17
          text run at (263,459) width 32: "10% "
        RenderText {#text} at (295,459) size 32x17
          text run at (295,459) width 32: "10% "
        RenderText {#text} at (327,459) size 32x17
          text run at (327,459) width 32: "10% "
        RenderText {#text} at (359,459) size 32x17
          text run at (359,459) width 32: "10% "
        RenderText {#text} at (391,459) size 32x17
          text run at (391,459) width 32: "10% "
        RenderText {#text} at (423,459) size 32x17
          text run at (423,459) width 32: "10% "
        RenderText {#text} at (455,459) size 0x17
          text run at (455,459) width 0: " "
        RenderText {#text} at (0,476) size 131x17
          text run at (0,476) width 131: "Actual TD widths:    "
        RenderText {#text} at (131,476) size 27x17
          text run at (131,476) width 27: "2px "
        RenderText {#text} at (158,476) size 27x17
          text run at (158,476) width 27: "2px "
        RenderText {#text} at (185,476) size 27x17
          text run at (185,476) width 27: "2px "
        RenderText {#text} at (212,476) size 27x17
          text run at (212,476) width 27: "2px "
        RenderText {#text} at (239,476) size 27x17
          text run at (239,476) width 27: "2px "
        RenderText {#text} at (266,476) size 27x17
          text run at (266,476) width 27: "2px "
        RenderText {#text} at (293,476) size 27x17
          text run at (293,476) width 27: "2px "
        RenderText {#text} at (320,476) size 27x17
          text run at (320,476) width 27: "1px "
        RenderText {#text} at (347,476) size 27x17
          text run at (347,476) width 27: "1px "
        RenderText {#text} at (374,476) size 27x17
          text run at (374,476) width 27: "1px "
        RenderText {#text} at (401,476) size 401x34
          text run at (401,476) width 0: " "
          text run at (0,493) width 0: " "
