layer at (0,0) size 800x600
  RenderView at (0,0) size 800x600
layer at (0,0) size 800x586
  RenderBlock {HTML} at (0,0) size 800x586 [bgcolor=#00FF99]
    RenderBody {BODY} at (57,64) size 686x458 [bgcolor=#99FFCC] [border: (3px solid #000000)]
      RenderBlock {P} at (3,3) size 680x64
        RenderText {#text} at (0,5) size 673x53
          text run at (0,5) width 571: "These links are in an element with display table-row, and the li elements "
          text run at (571,5) width 102: "have display:"
          text run at (0,37) width 80: "table-cell. "
          text run at (80,37) width 124: "They disappear:"
      RenderTable at (3,67) size 284x21
        RenderTableSection (anonymous) at (0,0) size 284x21
          RenderTableRow {UL} at (0,0) size 284x21 [bgcolor=#00CC99]
            RenderTableCell {LI} at (0,0) size 71x21 [r=0 c=0 rs=1 cs=1]
              RenderInline {A} at (0,0) size 51x21 [color=#0000EE]
                RenderText {#text} at (10,0) size 51x21
                  text run at (10,0) width 51: "people"
            RenderTableCell {LI} at (71,0) size 71x21 [r=0 c=1 rs=1 cs=1]
              RenderInline {A} at (0,0) size 49x21 [color=#0000EE]
                RenderText {#text} at (11,0) size 49x21
                  text run at (11,0) width 49: "places"
            RenderTableCell {LI} at (142,0) size 71x21 [r=0 c=2 rs=1 cs=1]
              RenderInline {A} at (0,0) size 71x21 [color=#0000EE]
                RenderText {#text} at (0,0) size 71x21
                  text run at (0,0) width 71: "members"
            RenderTableCell {LI} at (213,0) size 71x21 [r=0 c=3 rs=1 cs=1]
              RenderInline {A} at (0,0) size 39x21 [color=#0000EE]
                RenderText {#text} at (16,0) size 39x21
                  text run at (16,0) width 39: "links"
      RenderBlock {DIV} at (3,88) size 680x367
        RenderBlock (anonymous) at (16,16) size 648x21
          RenderText {#text} at (0,0) size 494x21
            text run at (0,0) width 219: "This text is not in the form. "
            text run at (219,0) width 275: "The form should be indented 40px."
        RenderBlock {FORM} at (96,37) size 568x314
          RenderBlock {P} at (0,0) size 568x64
            RenderText {#text} at (0,5) size 554x53
              text run at (0,5) width 188: "This is text in the form. "
              text run at (188,5) width 221: "It should be indented 40px. "
              text run at (409,5) width 145: "The form itself has"
              text run at (0,37) width 323: "the same table-row/table-cell problem as "
              text run at (323,37) width 49: "above."
          RenderBlock {P} at (0,64) size 568x71
            RenderTable {SPAN} at (0,0) size 165x60
              RenderTableSection (anonymous) at (0,0) size 165x60
                RenderTableRow {SPAN} at (0,0) size 165x28
                  RenderTableCell (anonymous) at (0,0) size 165x28 [r=0 c=0 rs=1 cs=1]
                    RenderText {#text} at (0,5) size 142x18
                      text run at (0,5) width 142: "First Name (required)"
                RenderTableRow (anonymous) at (0,28) size 165x32
                  RenderTableCell (anonymous) at (0,28) size 165x32 [r=1 c=0 rs=1 cs=1]
                    RenderTextControl {INPUT} at (2,3) size 161x25
            RenderText {#text} at (165,44) size 5x21
              text run at (165,44) width 5: " "
            RenderTable {SPAN} at (170,0) size 165x60
              RenderTableSection (anonymous) at (0,0) size 165x60
                RenderTableRow {SPAN} at (0,0) size 165x28
                  RenderTableCell (anonymous) at (0,0) size 165x28 [r=0 c=0 rs=1 cs=1]
                    RenderText {#text} at (0,5) size 139x18
                      text run at (0,5) width 139: "Last Name (required)"
                RenderTableRow (anonymous) at (0,28) size 165x32
                  RenderTableCell (anonymous) at (0,28) size 165x32 [r=1 c=0 rs=1 cs=1]
                    RenderTextControl {INPUT} at (2,3) size 161x25
            RenderText {#text} at (0,0) size 0x0
          RenderBlock {P} at (0,135) size 568x71
            RenderTable {SPAN} at (0,0) size 381x60
              RenderTableSection (anonymous) at (0,0) size 381x60
                RenderTableRow {SPAN} at (0,0) size 381x28
                  RenderTableCell (anonymous) at (0,0) size 381x28 [r=0 c=0 rs=1 cs=1]
                    RenderText {#text} at (0,5) size 98x18
                      text run at (0,5) width 98: "Email Address"
                RenderTableRow (anonymous) at (0,28) size 381x32
                  RenderTableCell (anonymous) at (0,28) size 381x32 [r=1 c=0 rs=1 cs=1]
                    RenderTextControl {INPUT} at (2,3) size 377x25
            RenderText {#text} at (0,0) size 0x0
          RenderBlock {P} at (0,206) size 568x71
            RenderTable {SPAN} at (0,0) size 165x60
              RenderTableSection (anonymous) at (0,0) size 165x60
                RenderTableRow {SPAN} at (0,0) size 165x28
                  RenderTableCell (anonymous) at (0,0) size 165x28 [r=0 c=0 rs=1 cs=1]
                    RenderText {#text} at (0,5) size 107x18
                      text run at (0,5) width 107: "Company Name"
                RenderTableRow (anonymous) at (0,28) size 165x32
                  RenderTableCell (anonymous) at (0,28) size 165x32 [r=1 c=0 rs=1 cs=1]
                    RenderTextControl {INPUT} at (2,3) size 161x25
            RenderText {#text} at (165,44) size 5x21
              text run at (165,44) width 5: " "
            RenderTable {SPAN} at (170,0) size 165x60
              RenderTableSection (anonymous) at (0,0) size 165x60
                RenderTableRow {SPAN} at (0,0) size 165x28
                  RenderTableCell (anonymous) at (0,0) size 165x28 [r=0 c=0 rs=1 cs=1]
                    RenderText {#text} at (0,5) size 29x18
                      text run at (0,5) width 29: "Title"
                RenderTableRow (anonymous) at (0,28) size 165x32
                  RenderTableCell (anonymous) at (0,28) size 165x32 [r=1 c=0 rs=1 cs=1]
                    RenderTextControl {INPUT} at (2,3) size 161x25
            RenderText {#text} at (0,0) size 0x0
          RenderBlock {P} at (0,277) size 568x37
            RenderButton {INPUT} at (2,2) size 75x33 [bgcolor=#C0C0C0]
              RenderBlock (anonymous) at (6,6) size 63x21
                RenderText at (0,0) size 63x21
                  text run at (0,0) width 63: "Submit!"
            RenderText {#text} at (79,8) size 5x21
              text run at (79,8) width 5: " "
            RenderButton {INPUT} at (86,2) size 99x33 [bgcolor=#C0C0C0]
              RenderBlock (anonymous) at (6,6) size 87x21
                RenderText at (0,0) size 87x21
                  text run at (0,0) width 87: "Clear Form"
            RenderText {#text} at (0,0) size 0x0
layer at (160,286) size 157x21
  RenderBlock {DIV} at (2,2) size 157x21
layer at (330,286) size 157x21
  RenderBlock {DIV} at (2,2) size 157x21
layer at (160,357) size 373x21
  RenderBlock {DIV} at (2,2) size 373x21
layer at (160,428) size 157x21
  RenderBlock {DIV} at (2,2) size 157x21
layer at (330,428) size 157x21
  RenderBlock {DIV} at (2,2) size 157x21
