layer at (0,0) size 800x600
  RenderView at (0,0) size 800x600
layer at (0,0) size 800x600
  RenderBlock {HTML} at (0,0) size 800x600
    RenderBody {BODY} at (8,8) size 784x584 [bgcolor=#FFFFFF]
      RenderBlock {P} at (0,0) size 784x44
        RenderInline {B} at (0,0) size 427x44
          RenderText {#text} at (0,0) size 154x22
            text run at (0,0) width 154: "Testcase distilled from "
          RenderInline {A} at (0,0) size 273x22 [color=#0000EE]
            RenderText {#text} at (154,0) size 273x22
              text run at (154,0) width 273: "http://www.linuxplanet.com/linuxplanet/"
          RenderBR {BR} at (427,16) size 0x0
          RenderText {#text} at (0,22) size 143x22
            text run at (0,22) width 143: "First cell is coded as: "
        RenderInline {CODE} at (0,0) size 270x17
          RenderText {#text} at (143,25) size 270x17
            text run at (143,25) width 270: "<TD><form>Weekly Poll<P></form></TD>"
      RenderTable {TABLE} at (0,60) size 784x60
        RenderTableSection {TBODY} at (0,0) size 784x60
          RenderTableRow {TR} at (0,0) size 784x60
            RenderTableCell {TD} at (0,0) size 51x60 [r=0 c=0 rs=1 cs=1]
              RenderBlock {FORM} at (0,0) size 51x44
                RenderBlock (anonymous) at (0,0) size 51x44
                  RenderText {#text} at (0,0) size 51x44
                    text run at (0,0) width 51: "Weekly"
                    text run at (0,22) width 26: "Poll"
                RenderBlock {P} at (0,60) size 51x0
            RenderTableCell {TD} at (51,5) size 1x50 [r=0 c=1 rs=1 cs=1]
              RenderImage {IMG} at (0,0) size 1x50
            RenderTableCell {TD} at (52,19) size 732x22 [r=0 c=2 rs=1 cs=1]
              RenderBR {BR} at (0,0) size 0x22
