layer at (0,0) size 784x796
  RenderView at (0,0) size 784x600
layer at (0,0) size 784x796
  RenderBlock {HTML} at (0,0) size 784x796
    RenderBody {BODY} at (8,21) size 768x759
      RenderBlock {H1} at (0,0) size 768x42
        RenderText {#text} at (0,0) size 315x42
          text run at (0,0) width 315: "Generic Table Tests - 1"
      RenderBlock {P} at (0,63) size 768x22
        RenderText {#text} at (0,0) size 414x22
          text run at (0,0) width 414: "If you have any comments to make regarding this test, e-mail "
        RenderInline {A} at (0,0) size 193x22 [color=#0000EE]
          RenderText {#text} at (414,0) size 193x22
            text run at (414,0) width 193: "py8ieh=eviltests@bath.ac.uk"
        RenderText {#text} at (607,0) size 4x22
          text run at (607,0) width 4: "."
      RenderBlock {DL} at (0,101) size 768x66
        RenderBlock {DT} at (0,0) size 768x22
          RenderText {#text} at (0,0) size 88x22
            text run at (0,0) width 88: "Prerequisites"
        RenderBlock {DD} at (40,22) size 728x44
          RenderText {#text} at (0,0) size 681x44
            text run at (0,0) width 681: "Browsers that are subjected to this test should support CSS1 and the CSS2 table model, and multiple"
            text run at (0,22) width 48: "classes."
      RenderBlock {P} at (0,183) size 768x114 [border: (5px double #FF0000)]
        RenderBlock (anonymous) at (13,13) size 742x22
          RenderText {#text} at (0,0) size 258x22
            text run at (0,0) width 258: "If this paragraph breaks the line here:"
        RenderTable {SPAN} at (13,35) size 65x22
          RenderTableSection (anonymous) at (0,0) size 65x22
            RenderTableRow (anonymous) at (0,0) size 65x22
              RenderTableCell (anonymous) at (0,0) size 65x22 [r=0 c=0 rs=1 cs=1]
                RenderText {#text} at (0,0) size 65x22
                  text run at (0,0) width 65: "and here:"
        RenderBlock (anonymous) at (13,57) size 742x44
          RenderText {#text} at (0,0) size 130x22
            text run at (0,0) width 130: "then your browser "
          RenderInline {EM} at (0,0) size 82x22
            RenderText {#text} at (130,0) size 82x22
              text run at (130,0) width 82: "does support"
          RenderText {#text} at (212,0) size 172x22
            text run at (212,0) width 172: " table values on 'display'. "
          RenderInline {STRONG} at (0,0) size 731x44
            RenderText {#text} at (384,0) size 731x44
              text run at (384,0) width 347: "If this paragraphs flows without any undue breaks,"
              text run at (0,22) width 455: "then you should mark your browser as not supporting table values!"
      RenderBlock {H2} at (0,316) size 768x33
        RenderText {#text} at (0,0) size 224x33
          text run at (0,0) width 224: "1. Table -> Table Cell"
      RenderBlock {P} at (0,368) size 768x44
        RenderText {#text} at (0,0) size 749x44
          text run at (0,0) width 749: "Below there should be a gray bar, spanning the width of the BODY, with the text \"Left\" to the left and the text"
          text run at (0,22) width 296: "\"Right\", on the same line, flush to the right."
      RenderTable {DIV} at (0,428) size 768x22 [bgcolor=#C0C0C0]
        RenderTableSection (anonymous) at (0,0) size 768x22
          RenderTableRow (anonymous) at (0,0) size 768x22
            RenderTableCell {DIV} at (0,0) size 325x22 [r=0 c=0 rs=1 cs=1]
              RenderText {#text} at (0,0) size 28x22
                text run at (0,0) width 28: "Left"
            RenderTableCell {DIV} at (325,0) size 443x22 [r=0 c=1 rs=1 cs=1]
              RenderText {#text} at (405,0) size 38x22
                text run at (405,0) width 38: "Right"
      RenderBlock {H2} at (0,469) size 768x33
        RenderText {#text} at (0,0) size 154x33
          text run at (0,0) width 154: "Submit Results"
      RenderBlock {FORM} at (0,521) size 768x68
        RenderBlock {P} at (0,0) size 768x68
          RenderText {#text} at (0,4) size 281x22
            text run at (0,4) width 281: "How does your browser fare on this test? "
          RenderMenuList {SELECT} at (283,2) size 300x27 [bgcolor=#FFFFFF]
            RenderBlock (anonymous) at (4,2) size 272x22
              RenderText at (0,0) size 178x22
                text run at (0,0) width 178: "The test renders correctly."
          RenderText {#text} at (585,4) size 4x22
            text run at (585,4) width 4: " "
          RenderInline {LABEL} at (0,0) size 665x57
            RenderText {#text} at (589,4) size 76x22
              text run at (589,4) width 76: "Comment: "
            RenderTextControl {INPUT} at (2,37) size 166x26
          RenderText {#text} at (170,39) size 4x22
            text run at (170,39) width 4: " "
          RenderButton {INPUT} at (176,33) size 70x33 [bgcolor=#C0C0C0]
            RenderBlock (anonymous) at (6,6) size 58x21
              RenderText at (0,0) size 58x21
                text run at (0,0) width 58: "Submit"
          RenderText {#text} at (0,0) size 0x0
      RenderBlock {HR} at (0,605) size 768x2 [border: (1px inset #000000)]
      RenderBlock {P} at (0,623) size 768x22
        RenderText {#text} at (0,0) size 67x22
          text run at (0,0) width 67: "Up to the "
        RenderInline {A} at (0,0) size 78x22 [color=#0000EE]
          RenderText {#text} at (67,0) size 78x22
            text run at (67,0) width 78: "Table Tests"
        RenderText {#text} at (145,0) size 4x22
          text run at (145,0) width 4: "."
      RenderBlock {P} at (0,661) size 768x22
        RenderText {#text} at (0,0) size 67x22
          text run at (0,0) width 67: "Up to the "
        RenderInline {A} at (0,0) size 103x22 [color=#0000EE]
          RenderText {#text} at (67,0) size 103x22
            text run at (67,0) width 103: "Evil Tests Page"
        RenderText {#text} at (170,0) size 4x22
          text run at (170,0) width 4: "."
      RenderBlock {P} at (0,699) size 768x22
        RenderText {#text} at (0,0) size 185x22
          text run at (0,0) width 185: "This page is maintained by "
        RenderInline {A} at (0,0) size 82x22 [color=#0000EE]
          RenderText {#text} at (185,0) size 82x22
            text run at (185,0) width 82: "Ian Hickson"
        RenderText {#text} at (267,0) size 9x22
          text run at (267,0) width 9: " ("
        RenderInline {A} at (0,0) size 132x22 [color=#0000EE]
          RenderText {#text} at (276,0) size 132x22
            text run at (276,0) width 132: "py8ieh@bath.ac.uk"
        RenderText {#text} at (408,0) size 9x22
          text run at (408,0) width 9: ")."
      RenderBlock {P} at (0,737) size 768x22
        RenderText {#text} at (0,0) size 197x22
          text run at (0,0) width 197: "Last updated in March 1999."
layer at (12,581) size 162x22
  RenderBlock {DIV} at (2,2) size 162x22
