layer at (0,0) size 800x600
  RenderView at (0,0) size 800x600
layer at (0,0) size 800x600
  RenderBlock {HTML} at (0,0) size 800x600
    RenderBody {BODY} at (8,8) size 784x584
      RenderBlock {H3} at (0,0) size 784x26
        RenderText {#text} at (0,0) size 200x26
          text run at (0,0) width 200: "With long hidden values"
      RenderTable {TABLE} at (0,44) size 211x86 [border: (1px solid #FF0000)]
        RenderTableSection {TBODY} at (1,1) size 209x84
          RenderTableRow {TR} at (0,2) size 209x78
            RenderTableCell {TD} at (2,2) size 205x78 [r=0 c=0 rs=1 cs=1]
              RenderBlock {FORM} at (1,1) size 203x60
                RenderTextControl {INPUT} at (2,6) size 110x26
                RenderText {#text} at (114,8) size 4x22
                  text run at (114,8) width 4: " "
                RenderButton {INPUT} at (120,2) size 40x34 [bgcolor=#C0C0C0]
                  RenderBlock (anonymous) at (6,6) size 28x22
                    RenderText at (0,0) size 28x22
                      text run at (0,0) width 28: " Go "
                RenderText {#text} at (162,8) size 4x22
                  text run at (162,8) width 4: " "
                RenderBR {BR} at (166,24) size 0x0
                RenderText {#text} at (0,38) size 203x22
                  text run at (0,38) width 203: "Enter City Name or Zip Code"
          RenderTableRow {TR} at (0,82) size 209x0
      RenderBlock {HR} at (0,138) size 784x2 [border: (1px inset #000000)]
      RenderBlock {H3} at (0,158) size 784x26
        RenderText {#text} at (0,0) size 206x26
          text run at (0,0) width 206: "With short hidden values"
      RenderTable {TABLE} at (0,202) size 211x86 [border: (1px solid #FF0000)]
        RenderTableSection {TBODY} at (1,1) size 209x84
          RenderTableRow {TR} at (0,2) size 209x78
            RenderTableCell {TD} at (2,2) size 205x78 [r=0 c=0 rs=1 cs=1]
              RenderBlock {FORM} at (1,1) size 203x60
                RenderTextControl {INPUT} at (2,6) size 110x26
                RenderText {#text} at (114,8) size 4x22
                  text run at (114,8) width 4: " "
                RenderButton {INPUT} at (120,2) size 40x34 [bgcolor=#C0C0C0]
                  RenderBlock (anonymous) at (6,6) size 28x22
                    RenderText at (0,0) size 28x22
                      text run at (0,0) width 28: " Go "
                RenderText {#text} at (162,8) size 4x22
                  text run at (162,8) width 4: " "
                RenderBR {BR} at (166,24) size 0x0
                RenderText {#text} at (0,38) size 203x22
                  text run at (0,38) width 203: "Enter City Name or Zip Code"
          RenderTableRow {TR} at (0,82) size 209x0
layer at (16,64) size 106x22
  RenderBlock {DIV} at (2,2) size 106x22
layer at (16,222) size 106x22
  RenderBlock {DIV} at (2,2) size 106x22
