layer at (0,0) size 800x600
  RenderView at (0,0) size 800x600
layer at (0,0) size 800x600
  RenderBlock {HTML} at (0,0) size 800x600
    RenderBody {BODY} at (8,8) size 784x576
      RenderBlock {FORM} at (0,0) size 784x69
        RenderTable {TABLE} at (0,0) size 31x32 [border: (1px outset #808080)]
          RenderTableSection {TBODY} at (1,1) size 29x30
            RenderTableRow {TR} at (0,2) size 29x26
              RenderTableCell {TD} at (2,2) size 25x26 [border: (1px inset #808080)] [r=0 c=0 rs=1 cs=1]
                RenderText {#text} at (2,2) size 21x22
                  text run at (2,2) width 21: "foo"
        RenderBlock (anonymous) at (0,32) size 784x37
          RenderButton {INPUT} at (2,2) size 70x33 [bgcolor=#C0C0C0]
            RenderBlock (anonymous) at (6,6) size 58x21
              RenderText at (0,0) size 58x21
                text run at (0,0) width 58: "Submit"
          RenderText {#text} at (0,0) size 0x0
