layer at (0,0) size 784x704
  RenderView at (0,0) size 784x600
layer at (0,0) size 784x704
  RenderBlock {HTML} at (0,0) size 784x704
    RenderBody {BODY} at (8,8) size 768x688 [bgcolor=#FFFFFF]
      RenderTable {TABLE} at (0,0) size 308x60 [border: (1px outset #808080)]
        RenderTableCol {COLGROUP} at (0,0) size 0x0
          RenderTableCol {COL} at (0,0) size 0x0
          RenderTableCol {COL} at (0,0) size 0x0
        RenderTableSection {TBODY} at (1,1) size 306x58
          RenderTableRow {TR} at (0,2) size 306x26
          RenderTableRow {TR} at (0,30) size 306x26
      RenderTable {TABLE} at (0,60) size 308x60 [border: (1px outset #808080)]
        RenderTableCol {COLGROUP} at (0,0) size 0x0
          RenderTableCol {COL} at (0,0) size 0x0
          RenderTableCol {COL} at (0,0) size 0x0
        RenderTableSection {TBODY} at (1,1) size 306x58
          RenderTableRow {TR} at (0,2) size 306x26
          RenderTableRow {TR} at (0,30) size 306x26
      RenderTable {TABLE} at (0,120) size 300x60 [border: (1px outset #808080)]
        RenderTableSection {TBODY} at (1,1) size 298x58
          RenderTableRow {TR} at (0,2) size 298x26
          RenderTableRow {TR} at (0,30) size 298x26
      RenderTable {TABLE} at (0,180) size 300x60 [border: (1px outset #808080)]
        RenderTableSection {TBODY} at (1,1) size 298x58
          RenderTableRow {TR} at (0,2) size 298x26
          RenderTableRow {TR} at (0,30) size 298x26
      RenderTable {TABLE} at (0,240) size 300x75 [border: (1px outset #808080)]
        RenderTableSection {TBODY} at (1,1) size 298x73
          RenderTableRow {TR} at (0,2) size 298x41
          RenderTableRow {TR} at (0,45) size 298x26
      RenderTable {TABLE} at (0,315) size 300x75 [border: (1px outset #808080)]
        RenderTableSection {TBODY} at (1,1) size 298x73
          RenderTableRow {TR} at (0,2) size 298x41
          RenderTableRow {TR} at (0,45) size 298x26
      RenderTable {TABLE} at (0,390) size 300x102 [border: (1px outset #808080)]
        RenderTableSection {TBODY} at (1,1) size 298x100
          RenderTableRow {TR} at (0,2) size 298x50
          RenderTableRow {TR} at (0,54) size 298x44
      RenderTable {TABLE} at (0,590) size 300x98 [border: (1px outset #808080)]
        RenderTableSection {TBODY} at (1,1) size 298x96
          RenderTableRow {TR} at (0,2) size 298x64
          RenderTableRow {TR} at (0,68) size 298x26
layer at (11,11) size 200x26 clip at (12,12) size 198x24
  RenderTableCell {TD} at (2,2) size 200x26 [bgcolor=#0000FF] [border: (1px inset #808080)] [r=0 c=0 rs=1 cs=1]
    RenderText {#text} at (2,2) size 4x22
      text run at (2,2) width 4: " "
layer at (213,11) size 100x26 clip at (214,12) size 98x24
  RenderTableCell {TD} at (204,2) size 100x26 [bgcolor=#0000FF] [border: (1px inset #808080)] [r=0 c=1 rs=1 cs=1]
    RenderText {#text} at (2,2) size 4x22
      text run at (2,2) width 4: " "
layer at (11,39) size 200x26 clip at (12,40) size 198x24
  RenderTableCell {TD} at (2,30) size 200x26 [bgcolor=#0000FF] [border: (1px inset #808080)] [r=1 c=0 rs=1 cs=1]
    RenderText {#text} at (2,2) size 4x22
      text run at (2,2) width 4: " "
layer at (213,39) size 100x26 clip at (214,40) size 98x24
  RenderTableCell {TD} at (204,30) size 100x26 [bgcolor=#0000FF] [border: (1px inset #808080)] [r=1 c=1 rs=1 cs=1]
    RenderText {#text} at (2,2) size 4x22
      text run at (2,2) width 4: " "
layer at (11,71) size 200x26 clip at (12,72) size 198x24
  RenderTableCell {TD} at (2,2) size 200x26 [bgcolor=#0000FF] [border: (1px inset #808080)] [r=0 c=0 rs=1 cs=1]
    RenderText {#text} at (2,2) size 4x22
      text run at (2,2) width 4: " "
layer at (213,71) size 100x26 clip at (214,72) size 98x24
  RenderTableCell {TD} at (204,2) size 100x26 [bgcolor=#0000FF] [border: (1px inset #808080)] [r=0 c=1 rs=1 cs=1]
    RenderText {#text} at (2,2) size 4x22
      text run at (2,2) width 4: " "
layer at (11,99) size 200x26 clip at (12,100) size 198x24
  RenderTableCell {TD} at (2,30) size 200x26 [bgcolor=#0000FF] [border: (1px inset #808080)] [r=1 c=0 rs=1 cs=1]
    RenderText {#text} at (2,2) size 4x22
      text run at (2,2) width 4: " "
layer at (213,99) size 100x26 clip at (214,100) size 98x24
  RenderTableCell {TD} at (204,30) size 100x26 [bgcolor=#0000FF] [border: (1px inset #808080)] [r=1 c=1 rs=1 cs=1]
    RenderText {#text} at (2,2) size 4x22
      text run at (2,2) width 4: " "
layer at (11,131) size 233x26 clip at (12,132) size 231x24
  RenderTableCell {TD} at (2,2) size 233x26 [bgcolor=#0000FF] [border: (1px inset #808080)] [r=0 c=0 rs=1 cs=1]
    RenderText {#text} at (2,2) size 4x22
      text run at (2,2) width 4: " "
layer at (246,131) size 59x26 clip at (247,132) size 57x24
  RenderTableCell {TD} at (237,2) size 59x26 [bgcolor=#0000FF] [border: (1px inset #808080)] [r=0 c=1 rs=1 cs=1]
    RenderText {#text} at (2,2) size 4x22
      text run at (2,2) width 4: " "
layer at (11,159) size 233x26 clip at (12,160) size 231x24
  RenderTableCell {TD} at (2,30) size 233x26 [bgcolor=#0000FF] [border: (1px inset #808080)] [r=1 c=0 rs=1 cs=1]
    RenderText {#text} at (2,2) size 4x22
      text run at (2,2) width 4: " "
layer at (246,159) size 59x26 clip at (247,160) size 57x24
  RenderTableCell {TD} at (237,30) size 59x26 [bgcolor=#0000FF] [border: (1px inset #808080)] [r=1 c=1 rs=1 cs=1]
    RenderText {#text} at (2,2) size 4x22
      text run at (2,2) width 4: " "
layer at (11,191) size 150x26 clip at (12,192) size 148x24
  RenderTableCell {TD} at (2,2) size 150x26 [bgcolor=#0000FF] [border: (1px inset #808080)] [r=0 c=0 rs=1 cs=1]
    RenderText {#text} at (2,2) size 4x22
      text run at (2,2) width 4: " "
layer at (163,191) size 142x26 clip at (164,192) size 140x24
  RenderTableCell {TD} at (154,2) size 142x26 [bgcolor=#0000FF] [border: (1px inset #808080)] [r=0 c=1 rs=1 cs=1]
    RenderText {#text} at (2,2) size 4x22
      text run at (2,2) width 4: " "
layer at (11,219) size 150x26 clip at (12,220) size 148x24
  RenderTableCell {TD} at (2,30) size 150x26 [bgcolor=#0000FF] [border: (1px inset #808080)] [r=1 c=0 rs=1 cs=1]
    RenderText {#text} at (2,2) size 4x22
      text run at (2,2) width 4: " "
layer at (163,219) size 142x26 clip at (164,220) size 140x24
  RenderTableCell {TD} at (154,30) size 142x26 [bgcolor=#0000FF] [border: (1px inset #808080)] [r=1 c=1 rs=1 cs=1]
    RenderText {#text} at (2,2) size 4x22
      text run at (2,2) width 4: " "
layer at (11,251) size 150x41 clip at (12,252) size 148x39 scrollWidth 201
  RenderTableCell {TD} at (2,2) size 150x41 [bgcolor=#0000FF] [border: (1px inset #808080)] [r=0 c=0 rs=1 cs=1]
    RenderBlock {FORM} at (2,2) size 146x37
      RenderButton {BUTTON} at (0,2) size 200x33 [bgcolor=#C0C0C0]
        RenderBlock (anonymous) at (6,6) size 188x21
          RenderText {#text} at (67,0) size 54x21
            text run at (67,0) width 54: "button"
layer at (163,251) size 142x41 clip at (164,252) size 140x39
  RenderTableCell {TD} at (154,9) size 142x26 [bgcolor=#0000FF] [border: (1px inset #808080)] [r=0 c=1 rs=1 cs=1]
    RenderText {#text} at (2,2) size 4x22
      text run at (2,2) width 4: " "
layer at (11,294) size 150x26 clip at (12,295) size 148x24
  RenderTableCell {TD} at (2,45) size 150x26 [bgcolor=#0000FF] [border: (1px inset #808080)] [r=1 c=0 rs=1 cs=1]
    RenderText {#text} at (2,2) size 4x22
      text run at (2,2) width 4: " "
layer at (163,294) size 142x26 clip at (164,295) size 140x24
  RenderTableCell {TD} at (154,45) size 142x26 [bgcolor=#0000FF] [border: (1px inset #808080)] [r=1 c=1 rs=1 cs=1]
    RenderText {#text} at (2,2) size 4x22
      text run at (2,2) width 4: " "
layer at (11,326) size 280x41 clip at (12,327) size 278x39
  RenderTableCell {TD} at (2,2) size 280x41 [bgcolor=#0000FF] [border: (1px inset #808080)] [r=0 c=0 rs=1 cs=1]
    RenderBlock {FORM} at (2,2) size 276x37
      RenderButton {BUTTON} at (0,2) size 200x33 [bgcolor=#C0C0C0]
        RenderBlock (anonymous) at (6,6) size 188x21
          RenderText {#text} at (67,0) size 54x21
            text run at (67,0) width 54: "button"
layer at (293,326) size 12x41 clip at (294,327) size 10x39
  RenderTableCell {TD} at (284,9) size 12x26 [bgcolor=#0000FF] [border: (1px inset #808080)] [r=0 c=1 rs=1 cs=1]
    RenderText {#text} at (2,2) size 4x22
      text run at (2,2) width 4: " "
layer at (11,369) size 280x26 clip at (12,370) size 278x24
  RenderTableCell {TD} at (2,45) size 280x26 [bgcolor=#0000FF] [border: (1px inset #808080)] [r=1 c=0 rs=1 cs=1]
    RenderText {#text} at (2,2) size 4x22
      text run at (2,2) width 4: " "
layer at (293,369) size 12x26 clip at (294,370) size 10x24
  RenderTableCell {TD} at (284,45) size 12x26 [bgcolor=#0000FF] [border: (1px inset #808080)] [r=1 c=1 rs=1 cs=1]
    RenderText {#text} at (2,2) size 4x22
      text run at (2,2) width 4: " "
layer at (11,401) size 150x50 clip at (12,402) size 148x48 scrollWidth 216
  RenderTableCell {TD} at (2,2) size 150x50 [bgcolor=#0000FF] [border: (1px inset #808080)] [r=0 c=0 rs=1 cs=1]
    RenderBlock {DIV} at (11,11) size 206x28 [border: (3px solid #000000)]
      RenderText {#text} at (3,3) size 21x22
        text run at (3,3) width 21: "div"
layer at (163,401) size 142x50 clip at (164,402) size 140x48
  RenderTableCell {TD} at (154,5) size 142x44 [bgcolor=#0000FF] [border: (1px inset #808080)] [r=0 c=1 rs=1 cs=1]
    RenderText {#text} at (11,11) size 4x22
      text run at (11,11) width 4: " "
layer at (11,453) size 150x44 clip at (12,454) size 148x42
  RenderTableCell {TD} at (2,54) size 150x44 [bgcolor=#0000FF] [border: (1px inset #808080)] [r=1 c=0 rs=1 cs=1]
    RenderText {#text} at (11,11) size 4x22
      text run at (11,11) width 4: " "
layer at (163,453) size 142x44 clip at (164,454) size 140x42
  RenderTableCell {TD} at (154,54) size 142x44 [bgcolor=#0000FF] [border: (1px inset #808080)] [r=1 c=1 rs=1 cs=1]
    RenderText {#text} at (11,11) size 4x22
      text run at (11,11) width 4: " "
layer at (8,500) size 300x98 clip at (9,501) size 298x96
  RenderTable {TABLE} at (0,492) size 300x98 [border: (1px outset #808080)]
    RenderTableSection {TBODY} at (1,1) size 298x96
      RenderTableRow {TR} at (0,2) size 298x64
      RenderTableRow {TR} at (0,68) size 298x26
layer at (11,503) size 150x64 clip at (12,504) size 148x62 scrollWidth 207
  RenderTableCell {TD} at (2,2) size 150x64 [bgcolor=#0000FF] [border: (1px inset #808080)] [r=0 c=0 rs=1 cs=1]
    RenderBlock {P} at (2,18) size 206x28 [border: (3px solid #000000)]
      RenderText {#text} at (3,3) size 32x22
        text run at (3,3) width 32: "para"
layer at (163,503) size 142x64 clip at (164,504) size 140x62
  RenderTableCell {TD} at (154,21) size 142x26 [bgcolor=#0000FF] [border: (1px inset #808080)] [r=0 c=1 rs=1 cs=1]
    RenderText {#text} at (2,2) size 4x22
      text run at (2,2) width 4: " "
layer at (11,569) size 150x26 clip at (12,570) size 148x24
  RenderTableCell {TD} at (2,68) size 150x26 [bgcolor=#0000FF] [border: (1px inset #808080)] [r=1 c=0 rs=1 cs=1]
    RenderText {#text} at (2,2) size 4x22
      text run at (2,2) width 4: " "
layer at (163,569) size 142x26 clip at (164,570) size 140x24
  RenderTableCell {TD} at (154,68) size 142x26 [bgcolor=#0000FF] [border: (1px inset #808080)] [r=1 c=1 rs=1 cs=1]
    RenderText {#text} at (2,2) size 4x22
      text run at (2,2) width 4: " "
layer at (11,601) size 254x64 clip at (12,602) size 252x62
  RenderTableCell {TD} at (2,2) size 254x64 [bgcolor=#0000FF] [border: (1px inset #808080)] [r=0 c=0 rs=1 cs=1]
    RenderBlock {P} at (2,18) size 206x28 [border: (3px solid #000000)]
      RenderText {#text} at (3,3) size 32x22
        text run at (3,3) width 32: "para"
layer at (267,601) size 38x64 clip at (268,602) size 36x62
  RenderTableCell {TD} at (258,21) size 38x26 [bgcolor=#0000FF] [border: (1px inset #808080)] [r=0 c=1 rs=1 cs=1]
    RenderText {#text} at (2,2) size 4x22
      text run at (2,2) width 4: " "
layer at (11,667) size 254x26 clip at (12,668) size 252x24
  RenderTableCell {TD} at (2,68) size 254x26 [bgcolor=#0000FF] [border: (1px inset #808080)] [r=1 c=0 rs=1 cs=1]
    RenderText {#text} at (2,2) size 4x22
      text run at (2,2) width 4: " "
layer at (267,667) size 38x26 clip at (268,668) size 36x24
  RenderTableCell {TD} at (258,68) size 38x26 [bgcolor=#0000FF] [border: (1px inset #808080)] [r=1 c=1 rs=1 cs=1]
    RenderText {#text} at (2,2) size 4x22
      text run at (2,2) width 4: " "
