layer at (0,0) size 800x600
  RenderView at (0,0) size 800x600
layer at (0,0) size 800x600
  RenderBlock {HTML} at (0,0) size 800x600
    RenderBody {BODY} at (8,8) size 784x576
      RenderBlock {P} at (0,0) size 784x22
        RenderText {#text} at (0,0) size 502x22
          text run at (0,0) width 502: "This test case creates a TR element then tries to assign to the cells property"
      RenderBlock {P} at (0,38) size 784x37
        RenderText {#text} at (0,8) size 46x22
          text run at (0,8) width 46: "Crash "
        RenderButton {BUTTON} at (48,2) size 125x33 [bgcolor=#C0C0C0]
          RenderBlock (anonymous) at (6,6) size 113x21
            RenderText {#text} at (0,0) size 113x21
              text run at (0,0) width 113: "TR.cells = null"
        RenderText {#text} at (0,0) size 0x0
