layer at (0,0) size 800x600
  RenderView at (0,0) size 800x600
layer at (0,0) size 800x600
  RenderBlock {HTML} at (0,0) size 800x600
    RenderBody {BODY} at (8,8) size 784x584
      RenderTable {TABLE} at (0,0) size 653x253 [border: (1px outset #808080)]
        RenderTableSection {TBODY} at (1,1) size 651x251
          RenderTableRow {TR} at (0,2) size 651x247
            RenderTableCell {TD} at (2,2) size 647x247 [border: (1px inset #808080)] [r=0 c=0 rs=1 cs=6]
              RenderTable {TABLE} at (2,2) size 641x243 [border: (1px outset #808080)]
                RenderTableSection {TBODY} at (1,1) size 639x241
                  RenderTableRow {TR} at (0,2) size 639x26
                    RenderTableCell {TD} at (2,2) size 635x26 [border: (1px inset #808080)] [r=0 c=0 rs=1 cs=1]
                      RenderText {#text} at (2,2) size 21x22
                        text run at (2,2) width 21: "foo"
                  RenderTableRow {TR} at (0,30) size 639x209
                    RenderTableCell {TD} at (2,30) size 635x209 [border: (1px inset #808080)] [r=1 c=0 rs=1 cs=1]
                      RenderTable {TABLE} at (2,2) size 631x205 [border: (1px outset #808080)]
                        RenderTableSection {TBODY} at (1,1) size 629x203
                          RenderTableRow {TR} at (0,2) size 629x47
                            RenderTableCell {TD} at (2,2) size 28x26 [border: (1px inset #808080)] [r=0 c=0 rs=1 cs=1]
                              RenderText {#text} at (2,2) size 24x22
                                text run at (2,2) width 24: "bar"
                            RenderTableCell {TD} at (32,12) size 595x26 [border: (1px inset #808080)] [r=0 c=1 rs=1 cs=1]
                              RenderText {#text} at (285,2) size 25x22
                                text run at (285,2) width 25: "baz"
                          RenderTableRow {TR} at (0,51) size 629x150
                            RenderTableCell {TD} at (2,51) size 28x26 [border: (1px inset #808080)] [r=1 c=0 rs=1 cs=1]
                              RenderText {#text} at (2,2) size 20x22
                                text run at (2,2) width 20: "faz"
                            RenderTableCell {TD} at (32,51) size 595x150 [border: (1px inset #808080)] [r=1 c=1 rs=1 cs=1]
                              RenderTable {TABLE} at (2,2) size 591x146 [border: (1px outset #808080)]
                                RenderTableSection {TBODY} at (1,1) size 589x144
                                  RenderTableRow {TR} at (0,2) size 589x140
                                    RenderTableCell {TD} at (2,2) size 585x140 [border: (1px inset #808080)] [r=0 c=0 rs=1 cs=2]
                                      RenderTable {TABLE} at (2,2) size 581x136 [border: (1px outset #808080)]
                                        RenderTableSection {TBODY} at (1,1) size 579x134
                                          RenderTableRow {TR} at (0,2) size 579x130
                                            RenderTableCell {TD} at (2,2) size 112x26 [border: (1px inset #808080)] [r=0 c=0 rs=1 cs=1]
                                              RenderText {#text} at (2,2) size 25x22
                                                text run at (2,2) width 25: "frip"
                                            RenderTableCell {TD} at (116,2) size 461x130 [border: (1px inset #808080)] [r=0 c=1 rs=1 cs=1]
                                              RenderBlock (anonymous) at (2,2) size 457x22
                                                RenderText {#text} at (156,0) size 145x22
                                                  text run at (156,0) width 145: "Feel free to browse ..."
                                              RenderBlock {P} at (2,40) size 457x0
                                              RenderBlock {CENTER} at (2,40) size 457x88
                                                RenderTable {TABLE} at (92,0) size 273x88 [border: (1px outset #808080)]
                                                  RenderTableSection {TBODY} at (1,1) size 271x86
                                                    RenderTableRow {TR} at (0,2) size 271x26
                                                      RenderTableCell {TD} at (2,2) size 144x26 [border: (1px inset #808080)] [r=0 c=0 rs=1 cs=1]
                                                        RenderInline {A} at (0,0) size 53x22 [color=#0000EE]
                                                          RenderText {#text} at (2,2) size 53x22
                                                            text run at (2,2) width 53: "Holiday"
                                                      RenderTableCell {TD} at (148,2) size 121x26 [border: (1px inset #808080)] [r=0 c=1 rs=1 cs=1]
                                                        RenderInline {A} at (0,0) size 33x22 [color=#0000EE]
                                                          RenderText {#text} at (2,2) size 33x22
                                                            text run at (2,2) width 33: "Cars"
                                                    RenderTableRow {TR} at (0,30) size 271x26
                                                      RenderTableCell {TD} at (2,30) size 144x26 [border: (1px inset #808080)] [r=1 c=0 rs=1 cs=1]
                                                        RenderInline {A} at (0,0) size 44x22 [color=#0000EE]
                                                          RenderText {#text} at (2,2) size 44x22
                                                            text run at (2,2) width 44: "Sports"
                                                      RenderTableCell {TD} at (148,30) size 121x26 [border: (1px inset #808080)] [r=1 c=1 rs=1 cs=1]
                                                        RenderInline {A} at (0,0) size 56x22 [color=#0000EE]
                                                          RenderText {#text} at (2,2) size 56x22
                                                            text run at (2,2) width 56: "Animals"
                                                    RenderTableRow {TR} at (0,58) size 271x26
                                                      RenderTableCell {TD} at (2,58) size 144x26 [border: (1px inset #808080)] [r=2 c=0 rs=1 cs=1]
                                                        RenderInline {A} at (0,0) size 76x22 [color=#0000EE]
                                                          RenderText {#text} at (2,2) size 76x22
                                                            text run at (2,2) width 76: "Computers"
                                                      RenderTableCell {TD} at (148,58) size 121x26 [border: (1px inset #808080)] [r=2 c=1 rs=1 cs=1]
                                                        RenderInline {A} at (0,0) size 63x22 [color=#0000EE]
                                                          RenderText {#text} at (2,2) size 63x22
                                                            text run at (2,2) width 63: "Cartoons"
      RenderBlock (anonymous) at (0,253) size 784x22
        RenderBR {BR} at (0,0) size 0x22
      RenderBlock {P} at (0,291) size 784x66
        RenderText {#text} at (0,0) size 582x22
          text run at (0,0) width 582: "The second (nested) table below has fixed widths 300px, 500px, 200px (outer to inner)."
        RenderBR {BR} at (582,16) size 0x0
        RenderText {#text} at (0,22) size 70x22
          text run at (0,22) width 70: "When the "
        RenderInline {CODE} at (0,0) size 48x17
          RenderText {#text} at (70,25) size 48x17
            text run at (70,25) width 48: "a:hover"
        RenderText {#text} at (118,22) size 123x22
          text run at (118,22) width 123: " for 'Holiday' gets "
        RenderInline {CODE} at (0,0) size 94x17
          RenderText {#text} at (241,25) size 94x17
            text run at (241,25) width 94: "'onMouseOver'"
        RenderText {#text} at (335,22) size 225x22
          text run at (335,22) width 225: ", the outer table reflows to 300px,"
        RenderBR {BR} at (560,38) size 0x0
        RenderText {#text} at (0,44) size 321x22
          text run at (0,44) width 321: "clipping the middle (500px) table in the process."
      RenderTable {TABLE} at (0,373) size 300x32 [border: (1px outset #808080)]
        RenderTableSection {TBODY} at (1,1) size 298x30
          RenderTableRow {TR} at (0,2) size 298x26
            RenderTableCell {TD} at (2,2) size 294x26 [border: (1px inset #808080)] [r=0 c=0 rs=1 cs=1]
              RenderText {#text} at (2,2) size 184x22
                text run at (2,2) width 184: "300px wide for comparison"
      RenderBlock (anonymous) at (0,405) size 784x22
        RenderBR {BR} at (0,0) size 0x22
      RenderTable {TABLE} at (0,427) size 510x52 [border: (1px outset #808080)]
        RenderTableSection {TBODY} at (1,1) size 508x50
          RenderTableRow {TR} at (0,2) size 508x46
            RenderTableCell {TD} at (2,2) size 504x46 [border: (1px inset #808080)] [r=0 c=0 rs=1 cs=1]
              RenderTable {TABLE} at (2,2) size 500x42 [border: (1px outset #808080)]
                RenderTableSection {TBODY} at (1,1) size 498x40
                  RenderTableRow {TR} at (0,2) size 498x36
                    RenderTableCell {TD} at (2,2) size 494x36 [border: (1px inset #808080)] [r=0 c=0 rs=1 cs=1]
                      RenderTable {TABLE} at (2,2) size 200x32 [border: (1px outset #808080)]
                        RenderTableSection {TBODY} at (1,1) size 198x30
                          RenderTableRow {TR} at (0,2) size 198x26
                            RenderTableCell {TD} at (2,2) size 194x26 [border: (1px inset #808080)] [r=0 c=0 rs=1 cs=1]
                              RenderInline {A} at (0,0) size 53x22 [color=#0000EE]
                                RenderText {#text} at (2,2) size 53x22
                                  text run at (2,2) width 53: "Holiday"
