layer at (0,0) size 800x1142
  RenderView at (0,0) size 800x600
layer at (0,0) size 800x1142
  RenderBlock {HTML} at (0,0) size 800x1142
    RenderBody {BODY} at (8,8) size 784x1126
      RenderBlock {SPAN} at (0,0) size 784x20
        RenderBlock (floating) {DIV} at (0,0) size 100x100 [bgcolor=#00FF00]
          RenderText {#text} at (0,0) size 79x59
            text run at (0,0) width 79: "This is a float"
            text run at (0,20) width 78: "that is 100px"
            text run at (0,40) width 28: "high."
        RenderText {#text} at (100,0) size 271x19
          text run at (100,0) width 271: "This paragraph has a bottom margin of 50px."
      RenderBlock {SPAN} at (0,75) size 784x0
      RenderBlock {SPAN} at (0,105) size 784x20
        RenderText {#text} at (0,0) size 282x19
          text run at (0,0) width 282: "This text should be immediately under the float."
      RenderBlock {HR} at (0,133) size 784x2 [border: (1px inset #000000)]
      RenderBlock {SPAN} at (0,143) size 784x20
        RenderBlock (floating) {DIV} at (0,0) size 100x100 [bgcolor=#00FF00]
          RenderText {#text} at (0,0) size 79x59
            text run at (0,0) width 79: "This is a float"
            text run at (0,20) width 78: "that is 100px"
            text run at (0,40) width 28: "high."
        RenderText {#text} at (100,0) size 271x19
          text run at (100,0) width 271: "This paragraph has a bottom margin of 50px."
      RenderBlock {SPAN} at (0,218) size 784x0
      RenderBlock {SPAN} at (0,258) size 784x20
        RenderText {#text} at (0,0) size 242x19
          text run at (0,0) width 242: "This text should be 10px under the float."
      RenderBlock {HR} at (0,286) size 784x2 [border: (1px inset #000000)]
      RenderBlock {SPAN} at (0,296) size 784x20
        RenderBlock (floating) {DIV} at (0,0) size 100x100 [bgcolor=#00FF00]
          RenderText {#text} at (0,0) size 79x59
            text run at (0,0) width 79: "This is a float"
            text run at (0,20) width 78: "that is 100px"
            text run at (0,40) width 28: "high."
        RenderText {#text} at (100,0) size 271x19
          text run at (100,0) width 271: "This paragraph has a bottom margin of 50px."
      RenderBlock {SPAN} at (0,366) size 784x0
      RenderBlock {SPAN} at (0,366) size 784x20
        RenderText {#text} at (100,0) size 253x19
          text run at (100,0) width 253: "This text should be to the right of the float."
      RenderBlock {HR} at (100,394) size 684x2 [border: (1px inset #000000)]
      RenderBlock {SPAN} at (0,404) size 784x20
        RenderBlock (floating) {DIV} at (0,0) size 100x100 [bgcolor=#00FF00]
          RenderText {#text} at (0,0) size 79x59
            text run at (0,0) width 79: "This is a float"
            text run at (0,20) width 78: "that is 100px"
            text run at (0,40) width 28: "high."
        RenderText {#text} at (100,0) size 271x19
          text run at (100,0) width 271: "This paragraph has a bottom margin of 50px."
      RenderBlock {SPAN} at (0,479) size 784x0
      RenderBlock {SPAN} at (0,509) size 784x20
        RenderText {#text} at (0,0) size 282x19
          text run at (0,0) width 282: "This text should be immediately under the float."
      RenderBlock {HR} at (0,537) size 784x2 [border: (1px inset #000000)]
      RenderBlock {SPAN} at (0,547) size 784x20
        RenderBlock (floating) {DIV} at (0,0) size 100x100 [bgcolor=#00FF00]
          RenderText {#text} at (0,0) size 79x59
            text run at (0,0) width 79: "This is a float"
            text run at (0,20) width 78: "that is 100px"
            text run at (0,40) width 28: "high."
        RenderText {#text} at (100,0) size 271x19
          text run at (100,0) width 271: "This paragraph has a bottom margin of 50px."
      RenderBlock {SPAN} at (0,617) size 784x0
      RenderBlock {SPAN} at (0,657) size 784x20
        RenderText {#text} at (0,0) size 242x19
          text run at (0,0) width 242: "This text should be 10px under the float."
      RenderBlock {HR} at (0,685) size 784x2 [border: (1px inset #000000)]
      RenderBlock {SPAN} at (0,695) size 784x20
        RenderBlock (floating) {DIV} at (0,0) size 100x100 [bgcolor=#00FF00]
          RenderText {#text} at (0,0) size 79x59
            text run at (0,0) width 79: "This is a float"
            text run at (0,20) width 78: "that is 100px"
            text run at (0,40) width 28: "high."
        RenderText {#text} at (100,0) size 271x19
          text run at (100,0) width 271: "This paragraph has a bottom margin of 50px."
      RenderBlock {SPAN} at (0,825) size 784x0
      RenderBlock {SPAN} at (0,825) size 784x20
        RenderText {#text} at (0,0) size 242x19
          text run at (0,0) width 242: "This text should be 20px under the float."
      RenderBlock {HR} at (0,853) size 784x2 [border: (1px inset #000000)]
      RenderBlock {SPAN} at (0,863) size 784x125 [border: (10px dotted #000000)]
        RenderBlock {SPAN} at (10,10) size 764x20
          RenderBlock (floating) {DIV} at (0,0) size 100x100 [bgcolor=#00FF00]
            RenderText {#text} at (0,0) size 79x59
              text run at (0,0) width 79: "This is a float"
              text run at (0,20) width 78: "that is 100px"
              text run at (0,40) width 28: "high."
          RenderText {#text} at (100,0) size 271x19
            text run at (100,0) width 271: "This paragraph has a bottom margin of 50px."
        RenderBlock {SPAN} at (10,85) size 764x0
      RenderBlock {HR} at (0,996) size 784x2 [border: (1px inset #000000)]
      RenderBlock {SPAN} at (0,1006) size 784x120 [border: (10px dotted #000000)]
        RenderBlock {SPAN} at (10,10) size 764x20
          RenderBlock (floating) {DIV} at (0,0) size 100x100 [bgcolor=#00FF00]
            RenderText {#text} at (0,0) size 79x59
              text run at (0,0) width 79: "This is a float"
              text run at (0,20) width 78: "that is 100px"
              text run at (0,40) width 28: "high."
          RenderText {#text} at (100,0) size 271x19
            text run at (100,0) width 271: "This paragraph has a bottom margin of 50px."
        RenderBlock {SPAN} at (10,140) size 764x0
