layer at (0,0) size 800x600
  RenderView at (0,0) size 800x600
layer at (0,0) size 800x600
  RenderBlock {HTML} at (0,0) size 800x600
    RenderBody {BODY} at (8,8) size 784x584
      RenderBlock {P} at (0,0) size 784x63
        RenderText {#text} at (0,0) size 753x63
          text run at (0,0) width 735: "This tests to see that plaintext-only regions can be styled as long as they are fully selected. The editable,"
          text run at (0,21) width 753: "plaintext-only cell should contain bold text, which should be implemented with the bold CSS property in the"
          text run at (0,42) width 477: "cell's inline style declaration, not with wrapper spans inside the cell."
      RenderBlock {DIV} at (0,79) size 784x52
        RenderBlock {DIV} at (0,0) size 784x21
          RenderInline {B} at (0,0) size 25x21
            RenderText {#text} at (0,0) size 25x21
              text run at (0,0) width 25: "foo"
        RenderTable {TABLE} at (0,21) size 208x31 [border: (1px outset #808080)]
          RenderTableSection {TBODY} at (1,1) size 206x29
            RenderTableRow {TR} at (0,2) size 206x25
              RenderTableCell {TD} at (2,2) size 93x25 [border: (1px inset #808080)] [r=0 c=0 rs=1 cs=1]
                RenderText {#text} at (2,2) size 89x21
                  text run at (2,2) width 89: "non-editable"
              RenderTableCell {TD} at (97,2) size 107x25 [border: (1px inset #808080)] [r=0 c=1 rs=1 cs=1]
                RenderText {#text} at (2,2) size 103x21
                  text run at (2,2) width 103: "plaintext-only"
selection start: position 0 of child 0 {#text} of child 0 {B} of child 0 {DIV} of child 2 {DIV} of body
selection end:   position 1 of child 1 {TABLE} of child 2 {DIV} of body
