layer at (0,0) size 800x600
  RenderView at (0,0) size 800x600
layer at (0,0) size 800x600
  RenderBlock {HTML} at (0,0) size 800x600
    RenderBody {BODY} at (8,8) size 784x584
      RenderBlock {P} at (0,0) size 784x42
        RenderText {#text} at (0,0) size 669x21
          text run at (0,0) width 632: "This tests to make sure that plaintext-only regions aren't styled if they aren't fully selected. "
          text run at (632,0) width 37: "Only "
        RenderInline {B} at (0,0) size 25x21
          RenderText {#text} at (669,0) size 25x21
            text run at (669,0) width 25: "foo"
        RenderText {#text} at (694,0) size 768x42
          text run at (694,0) width 74: " should be"
          text run at (0,21) width 82: "bold below."
      RenderBlock {DIV} at (0,58) size 784x52
        RenderBlock {DIV} at (0,0) size 784x21
          RenderInline {B} at (0,0) size 25x21
            RenderText {#text} at (0,0) size 25x21
              text run at (0,0) width 25: "foo"
        RenderTable {TABLE} at (0,21) size 200x31 [border: (1px outset #808080)]
          RenderTableSection {TBODY} at (1,1) size 198x29
            RenderTableRow {TR} at (0,2) size 198x25
              RenderTableCell {TD} at (2,2) size 93x25 [border: (1px inset #808080)] [r=0 c=0 rs=1 cs=1]
                RenderText {#text} at (2,2) size 89x21
                  text run at (2,2) width 89: "non-editable"
              RenderTableCell {TD} at (97,2) size 99x25 [border: (1px inset #808080)] [r=0 c=1 rs=1 cs=1]
                RenderInline {SPAN} at (0,0) size 60x21
                  RenderText {#text} at (2,2) size 60x21
                    text run at (2,2) width 60: "plaintext"
                RenderText {#text} at (62,2) size 35x21
                  text run at (62,2) width 35: "-only"
selection start: position 0 of child 0 {#text} of child 0 {B} of child 0 {DIV} of child 2 {DIV} of body
selection end:   position 9 of child 0 {#text} of child 0 {SPAN} of child 1 {TD} of child 0 {TR} of child 0 {TBODY} of child 1 {TABLE} of child 2 {DIV} of body
