layer at (0,0) size 800x600
  RenderView at (0,0) size 800x600
layer at (0,0) size 800x600
  RenderBlock {HTML} at (0,0) size 800x600
    RenderBody {BODY} at (8,8) size 784x584
      RenderBlock {P} at (0,0) size 784x21
        RenderText {#text} at (0,0) size 499x21
          text run at (0,0) width 499: "This tests for a bug where the color of pasted text couldn't be changed.'"
      RenderBlock {DIV} at (0,37) size 784x42
        RenderBlock (anonymous) at (0,0) size 784x21
          RenderInline {FONT} at (0,0) size 165x21 [color=#FF0000]
            RenderText {#text} at (0,0) size 165x21
              text run at (0,0) width 165: "This text should be red."
        RenderBlock {DIV} at (0,21) size 784x21
          RenderInline {FONT} at (0,0) size 138x21 [color=#0000FF]
            RenderText {#text} at (0,0) size 138x21
              text run at (0,0) width 138: "This text should be "
          RenderInline {FONT} at (0,0) size 262x21 [color=#008000]
            RenderText {#text} at (138,0) size 262x21
              text run at (138,0) width 262: "a combination of green and blue, not "
          RenderInline {FONT} at (0,0) size 27x21 [color=#0000FF]
            RenderText {#text} at (400,0) size 27x21
              text run at (400,0) width 27: "red."
caret: position 37 of child 0 {#text} of child 1 {FONT} of child 1 {DIV} of child 2 {DIV} of body
