layer at (0,0) size 800x600
  RenderView at (0,0) size 800x600
layer at (0,0) size 800x600
  RenderBlock {HTML} at (0,0) size 800x600
    RenderBody {BODY} at (8,8) size 784x584
      RenderBlock {P} at (0,0) size 784x42
        RenderText {#text} at (0,0) size 731x42
          text run at (0,0) width 731: "This tests for a bug where deleting everything in a paragraph of colored text would prevent the user from"
          text run at (0,21) width 164: "changing the text color."
      RenderBlock {DIV} at (0,58) size 784x21
        RenderInline {FONT} at (0,0) size 165x21 [color=#FF0000]
          RenderText {#text} at (0,0) size 165x21
            text run at (0,0) width 165: "This text should be red."
        RenderInline {FONT} at (0,0) size 173x21 [color=#0000FF]
          RenderText {#text} at (165,0) size 173x21
            text run at (165,0) width 173: "This text should be blue."
caret: position 25 of child 0 {#text} of child 1 {FONT} of child 2 {DIV} of body
