EDITING DELEGATE: shouldChangeSelectedDOMRange:(null) toDOMRange:range from 1 of BODY > HTML > #document to 4 of BODY > HTML > #document affinity:NSSelectionAffinityDownstream stillSelecting:FALSE
EDITING DELEGATE: shouldBeginEditingInDOMRange:range from 0 of BODY > HTML > #document to 5 of BODY > HTML > #document
EDITING DELEGATE: webViewDidBeginEditing:WebViewDidBeginEditingNotification
EDITING DELEGATE: webViewDidChangeSelection:WebViewDidChangeSelectionNotification
EDITING DELEGATE: webViewDidChangeSelection:WebViewDidChangeSelectionNotification
EDITING DELEGATE: webViewDidChange:WebViewDidChangeNotification
layer at (0,0) size 800x600
  RenderView at (0,0) size 800x600
layer at (0,0) size 800x600
  RenderBlock {HTML} at (0,0) size 800x600
    RenderBody {BODY} at (8,8) size 784x584
      RenderTable {TABLE} at (0,0) size 784x48
        RenderTableSection {TBODY} at (0,0) size 784x48
          RenderTableRow {TR} at (0,2) size 784x44
            RenderTableCell {TD} at (2,2) size 670x44 [r=0 c=0 rs=1 cs=1]
              RenderText {#text} at (1,1) size 612x42
                text run at (1,1) width 612: "This tests that a style can be applied to a selection that contains both editable and non-"
                text run at (1,22) width 117: "editable content."
            RenderTableCell {TD} at (674,2) size 108x44 [r=0 c=1 rs=1 cs=1]
              RenderInline {SPAN} at (0,0) size 106x42
                RenderInline {B} at (0,0) size 106x42
                  RenderText {#text} at (1,1) size 106x42
                    text run at (1,1) width 102: "Editable - line"
                    text run at (103,1) width 4: " "
                    text run at (1,22) width 9: "1"
              RenderText {#text} at (0,0) size 0x0
      RenderTable {TABLE} at (0,48) size 784x48
        RenderTableSection {TBODY} at (0,0) size 784x48
          RenderTableRow {TR} at (0,2) size 784x44
            RenderTableCell {TD} at (2,2) size 663x44 [r=0 c=0 rs=1 cs=1]
              RenderText {#text} at (1,1) size 592x42
                text run at (1,1) width 588: "The test passes if the editable content is bold, and the non editable content remains"
                text run at (589,1) width 4: " "
                text run at (1,22) width 84: "unchanged."
            RenderTableCell {TD} at (667,2) size 115x44 [r=0 c=1 rs=1 cs=1]
              RenderInline {SPAN} at (0,0) size 106x42
                RenderInline {B} at (0,0) size 106x42
                  RenderText {#text} at (1,1) size 106x42
                    text run at (1,1) width 102: "Editable - line"
                    text run at (103,1) width 4: " "
                    text run at (1,22) width 9: "2"
              RenderText {#text} at (0,0) size 0x0
selection start: position 0 of child 1 {TABLE} of body
selection end:   position 2 of child 3 {TABLE} of body
