EDITING DELEGATE: shouldBeginEditingInDOMRange:range from 0 of BODY > HTML > #document to 6 of BODY > HTML > #document
EDITING DELEGATE: webViewDidBeginEditing:WebViewDidBeginEditingNotification
EDITING DELEGATE: webViewDidChangeSelection:WebViewDidChangeSelectionNotification
EDITING DELEGATE: webViewDidChangeSelection:WebViewDidChangeSelectionNotification
EDITING DELEGATE: webViewDidChange:WebViewDidChangeNotification
layer at (0,0) size 800x600
  RenderView at (0,0) size 800x600
layer at (0,0) size 800x600
  RenderBlock {HTML} at (0,0) size 800x600
    RenderBody {BODY} at (8,8) size 784x584
      RenderBlock {DIV} at (0,0) size 784x60 [border: (2px solid #FF0000)]
        RenderText {#text} at (182,15) size 314x30
          text run at (182,15) width 314: "Here is some text. Should be "
        RenderInline {B} at (0,0) size 100x32
          RenderText {#text} at (495,14) size 100x32
            text run at (495,14) width 100: "centered"
        RenderText {#text} at (594,15) size 8x30
          text run at (594,15) width 8: "."
      RenderBlock {DIV} at (0,60) size 784x60 [border: (2px solid #FF0000)]
        RenderText {#text} at (14,15) size 313x30
          text run at (14,15) width 313: "Here is some text. Should be "
        RenderInline {B} at (0,0) size 101x32
          RenderText {#text} at (327,14) size 101x32
            text run at (327,14) width 101: "flush left"
        RenderText {#text} at (428,15) size 7x30
          text run at (428,15) width 7: "."
caret: position 1 of child 0 {#text} of child 1 {DIV} of body
