layer at (0,0) size 800x600
  RenderView at (0,0) size 800x600
layer at (0,0) size 800x600
  RenderBlock {HTML} at (0,0) size 800x600
    RenderBody {BODY} at (8,8) size 784x584
      RenderInline {U} at (0,0) size 297x17
        RenderText {#text} at (0,0) size 297x17
          text run at (0,0) width 297: "This text should be Times New Roman bold."
      RenderInline {U} at (0,0) size 297x17
        RenderText {#text} at (297,0) size 297x17
          text run at (297,0) width 297: "This text should be Times New Roman bold."
      RenderText {#text} at (0,0) size 0x0
caret: position 41 of child 0 {#text} of child 1 {U} of body
