EDITING DELEGATE: shouldBeginEditingInDOMRange:range from 0 of BODY > HTML > #document to 8 of BODY > HTML > #document
EDITING DELEGATE: webViewDidBeginEditing:WebViewDidBeginEditingNotification
EDITING DELEGATE: webViewDidChangeSelection:WebViewDidChangeSelectionNotification
EDITING DELEGATE: webViewDidChangeSelection:WebViewDidChangeSelectionNotification
EDITING DELEGATE: webViewDidChangeSelection:WebViewDidChangeSelectionNotification
EDITING DELEGATE: webViewDidChangeSelection:WebViewDidChangeSelectionNotification
EDITING DELEGATE: webViewDidChangeSelection:WebViewDidChangeSelectionNotification
EDITING DELEGATE: webViewDidChangeSelection:WebViewDidChangeSelectionNotification
EDITING DELEGATE: shouldChangeSelectedDOMRange:(null) toDOMRange:range from 0 of #text > SPAN > DIV > DIV > BODY > HTML > #document to 7 of #text > SPAN > DIV > DIV > DIV > BODY > HTML > #document affinity:NSSelectionAffinityDownstream stillSelecting:FALSE
EDITING DELEGATE: webViewDidChangeSelection:WebViewDidChangeSelectionNotification
EDITING DELEGATE: webViewDidChange:WebViewDidChangeNotification
EDITING DELEGATE: webViewDidChangeSelection:WebViewDidChangeSelectionNotification
EDITING DELEGATE: webViewDidChange:WebViewDidChangeNotification
EDITING DELEGATE: webViewDidChangeSelection:WebViewDidChangeSelectionNotification
EDITING DELEGATE: webViewDidChange:WebViewDidChangeNotification
EDITING DELEGATE: webViewDidChangeSelection:WebViewDidChangeSelectionNotification
EDITING DELEGATE: webViewDidChange:WebViewDidChangeNotification
EDITING DELEGATE: webViewDidChangeSelection:WebViewDidChangeSelectionNotification
EDITING DELEGATE: webViewDidChange:WebViewDidChangeNotification
EDITING DELEGATE: webViewDidChangeSelection:WebViewDidChangeSelectionNotification
EDITING DELEGATE: webViewDidChange:WebViewDidChangeNotification
layer at (0,0) size 800x600
  RenderView at (0,0) size 800x600
layer at (0,0) size 800x600
  RenderBlock {HTML} at (0,0) size 800x600
    RenderBody {BODY} at (8,8) size 784x584
      RenderBlock {DIV} at (0,0) size 784x94 [border: (2px solid #0000FF)]
        RenderText {#text} at (14,14) size 718x66
          text run at (14,14) width 712: "Size check should say: 30px. All text on the first line, and the first two"
          text run at (726,14) width 6: " "
          text run at (14,47) width 519: "words of the second line, should appear to be 30px."
      RenderBlock {DIV} at (0,118) size 784x33
        RenderText {#text} at (0,0) size 121x33
          text run at (0,0) width 121: "Size check: "
        RenderInline {SPAN} at (0,0) size 49x33
          RenderText {#text} at (121,0) size 49x33
            text run at (121,0) width 49: "30px"
      RenderBlock {DIV} at (0,167) size 784x169
        RenderBlock {DIV} at (0,0) size 784x169 [border: (2px solid #FF0000)]
          RenderBlock (anonymous) at (14,14) size 756x40
            RenderInline {SPAN} at (0,0) size 183x40
              RenderText {#text} at (0,0) size 183x40
                text run at (0,0) width 183: "There is a tide"
          RenderBlock {DIV} at (14,54) size 756x68 [border: (2px solid #FF0000)]
            RenderInline {SPAN} at (0,0) size 77x40
              RenderText {#text} at (14,14) size 77x40
                text run at (14,14) width 77: "In the"
            RenderText {#text} at (91,19) size 149x33
              text run at (91,19) width 149: " affairs of men"
          RenderBlock (anonymous) at (14,122) size 756x33
            RenderText {#text} at (0,0) size 253x33
              text run at (0,0) width 253: "Which taken at the flood"
selection start: position 0 of child 0 {#text} of child 0 {SPAN} of child 1 {DIV} of child 5 {DIV} of body
selection end:   position 7 of child 0 {#text} of child 0 {SPAN} of child 1 {DIV} of child 1 {DIV} of child 5 {DIV} of body
