EDITING DELEGATE: shouldBeginEditingInDOMRange:range from 0 of DIV > BODY > HTML > #document to 3 of DIV > BODY > HTML > #document
EDITING DELEGATE: webViewDidBeginEditing:WebViewDidBeginEditingNotification
EDITING DELEGATE: webViewDidChangeSelection:WebViewDidChangeSelectionNotification
EDITING DELEGATE: webViewDidChangeSelection:WebViewDidChangeSelectionNotification
EDITING DELEGATE: webViewDidChangeSelection:WebViewDidChangeSelectionNotification
EDITING DELEGATE: webViewDidChangeSelection:WebViewDidChangeSelectionNotification
EDITING DELEGATE: webViewDidChangeSelection:WebViewDidChangeSelectionNotification
EDITING DELEGATE: shouldChangeSelectedDOMRange:(null) toDOMRange:range from 1 of #text > B > DIV > DIV > DIV > BODY > HTML > #document to 1 of #text > B > DIV > DIV > DIV > BODY > HTML > #document affinity:NSSelectionAffinityDownstream stillSelecting:FALSE
EDITING DELEGATE: webViewDidChangeSelection:WebViewDidChangeSelectionNotification
EDITING DELEGATE: webViewDidChange:WebViewDidChangeNotification
layer at (0,0) size 800x600
  RenderView at (0,0) size 800x600
layer at (0,0) size 800x600
  RenderBlock {HTML} at (0,0) size 800x600
    RenderBody {BODY} at (8,8) size 784x584
      RenderBlock {DIV} at (0,0) size 784x242 [border: (2px solid #0000FF)]
        RenderBlock {DIV} at (14,14) size 756x66
          RenderText {#text} at (0,0) size 67x33
            text run at (0,0) width 67: "Tests: "
          RenderBR {BR} at (0,0) size 0x0
          RenderText {#text} at (0,33) size 628x33
            text run at (0,33) width 628: "Style checks performed on boundaries between style changes."
        RenderBlock {DIV} at (14,96) size 756x132
          RenderBlock (anonymous) at (0,0) size 756x66
            RenderText {#text} at (0,0) size 189x33
              text run at (0,0) width 189: "Expected Results: "
            RenderBR {BR} at (189,24) size 0x0
            RenderText {#text} at (0,33) size 455x33
              text run at (0,33) width 455: "Should see this content in the red box below:"
            RenderInline {B} at (0,0) size 0x0
          RenderBlock (anonymous) at (0,66) size 756x66
            RenderBlock {DIV} at (0,0) size 756x33
              RenderText {#text} at (0,0) size 12x33
                text run at (0,0) width 12: "a"
            RenderBlock {DIV} at (0,33) size 756x33
              RenderText {#text} at (0,0) size 13x33
                text run at (0,0) width 13: "b"
          RenderBlock (anonymous) at (0,132) size 756x0
            RenderInline {B} at (0,0) size 0x0
            RenderText {#text} at (0,0) size 0x0
      RenderBlock {DIV} at (0,266) size 784x70
        RenderBlock {DIV} at (0,0) size 784x70 [border: (2px solid #FF0000)]
          RenderBlock {DIV} at (2,2) size 780x33
            RenderInline {B} at (0,0) size 12x33
              RenderText {#text} at (0,0) size 12x33
                text run at (0,0) width 12: "a"
          RenderBlock {DIV} at (2,35) size 780x33
            RenderInline {B} at (0,0) size 13x33
              RenderText {#text} at (0,0) size 13x33
                text run at (0,0) width 13: "b"
selection start: position 1 of child 0 {#text} of child 0 {B} of child 0 {DIV} of child 1 {DIV} of child 3 {DIV} of body
selection end:   position 1 of child 0 {#text} of child 0 {B} of child 1 {DIV} of child 1 {DIV} of child 3 {DIV} of body
