layer at (0,0) size 800x600
  RenderView at (0,0) size 800x600
layer at (0,0) size 800x425
  RenderBlock {HTML} at (0,0) size 800x425
    RenderBody {BODY} at (8,16) size 784x393 [color=#0000FF]
      RenderBlock {P} at (0,0) size 784x108
        RenderText {#text} at (0,0) size 29x17
          text run at (0,0) width 29: "The "
        RenderInline {STRONG} at (0,0) size 59x17
          RenderText {#text} at (28,0) size 59x17
            text run at (28,0) width 59: "first line"
        RenderText {#text} at (86,0) size 306x17
          text run at (86,0) width 209: " of this paragraph, and only that "
          text run at (294,0) width 98: "one, should be "
        RenderInline {STRONG} at (0,0) size 39x17
          RenderText {#text} at (391,0) size 39x17
            text run at (391,0) width 39: "green"
        RenderText {#text} at (429,0) size 779x107
          text run at (429,0) width 184: ". If this precise combination "
          text run at (612,0) width 153: "does not occur, then the"
          text run at (0,18) width 267: "user agent has failed this test. Remember "
          text run at (266,18) width 395: "that in order to ensure a complete test, the paragraph must be "
          text run at (660,18) width 119: "displayed on more"
          text run at (0,36) width 324: "than one line. Dummy text. Dummy text. Dummy "
          text run at (323,36) width 440: "text. Dummy text. Dummy text. Dummy text. Dummy text. Dummy"
          text run at (0,54) width 32: "text. "
          text run at (31,54) width 500: "Dummy text. Dummy text. Dummy text. Dummy text. Dummy text. Dummy "
          text run at (530,54) width 206: "text. Dummy text. Dummy text."
          text run at (0,72) width 266: "Dummy text. Dummy text. Dummy text. "
          text run at (265,72) width 495: "Dummy text. Dummy text. Dummy text. Dummy text. Dummy text. Dummy"
          text run at (0,90) width 294: "text. Dummy text. Dummy text. Dummy text."
      RenderBlock {P} at (0,124) size 784x145
        RenderText {#text} at (0,0) size 58x36
          text run at (0,0) width 58: "The "
        RenderInline {STRONG} at (0,0) size 116x36
          RenderText {#text} at (57,0) size 116x36
            text run at (57,0) width 116: "first line"
        RenderText {#text} at (172,0) size 775x54
          text run at (172,0) width 417: " of this paragraph, and only that "
          text run at (588,0) width 187: "one, should be"
          text run at (0,37) width 12: "a "
        RenderInline {STRONG} at (0,0) size 42x17
          RenderText {#text} at (11,37) size 42x17
            text run at (11,37) width 42: "larger"
        RenderText {#text} at (52,37) size 130x17
          text run at (52,37) width 130: " font size as well as "
        RenderInline {STRONG} at (0,0) size 39x17
          RenderText {#text} at (181,37) size 39x17
            text run at (181,37) width 39: "green"
        RenderText {#text} at (219,37) size 766x107
          text run at (219,37) width 286: ". If this precise combination does not occur, "
          text run at (504,37) width 244: "then the user agent has failed this test."
          text run at (0,55) width 173: "Remember that in order to "
          text run at (172,55) width 419: "ensure a complete test, the paragraph must be displayed on more "
          text run at (590,55) width 176: "than one line. Dummy text."
          text run at (0,73) width 266: "Dummy text. Dummy text. Dummy text. "
          text run at (265,73) width 495: "Dummy text. Dummy text. Dummy text. Dummy text. Dummy text. Dummy"
          text run at (0,91) width 475: "text. Dummy text. Dummy text. Dummy text. Dummy text. Dummy text. "
          text run at (474,91) width 262: "Dummy text. Dummy text. Dummy text."
          text run at (0,109) width 234: "Dummy text. Dummy text. Dummy "
          text run at (233,109) width 475: "text. Dummy text. Dummy text. Dummy text. Dummy text. Dummy text. "
          text run at (707,109) width 53: "Dummy"
          text run at (0,127) width 117: "text. Dummy text."
      RenderBlock {P} at (0,285) size 784x108
        RenderText {#text} at (0,0) size 29x17
          text run at (0,0) width 29: "The "
        RenderInline {STRONG} at (0,0) size 66x17
          RenderText {#text} at (28,0) size 66x17
            text run at (28,0) width 66: "first line"
        RenderText {#text} at (93,0) size 406x17
          text run at (93,0) width 225: " of this paragraph, and only that "
          text run at (317,0) width 182: "one, should be displayed in "
        RenderInline {STRONG} at (0,0) size 75x17
          RenderText {#text} at (498,0) size 75x17
            text run at (498,0) width 75: "small-caps"
        RenderText {#text} at (572,0) size 116x17
          text run at (572,0) width 62: " style as "
          text run at (633,0) width 55: "well as "
        RenderInline {STRONG} at (0,0) size 41x17
          RenderText {#text} at (687,0) size 41x17
            text run at (687,0) width 41: "green"
        RenderText {#text} at (727,0) size 772x107
          text run at (727,0) width 45: ". Thus,"
          text run at (0,18) width 151: "if the first line is not in "
          text run at (150,18) width 352: "small-caps style, or if the entire paragraph turns out in "
          text run at (501,18) width 263: "small-caps, then the user agent has failed"
          text run at (0,36) width 146: "this test. Dummy text. "
          text run at (145,36) width 500: "Dummy text. Dummy text. Dummy text. Dummy text. Dummy text. Dummy "
          text run at (644,36) width 117: "text. Dummy text."
          text run at (0,54) width 354: "Dummy text. Dummy text. Dummy text. Dummy text. "
          text run at (353,54) width 407: "Dummy text. Dummy text. Dummy text. Dummy text. Dummy"
          text run at (0,72) width 89: "text. Dummy "
          text run at (88,72) width 475: "text. Dummy text. Dummy text. Dummy text. Dummy text. Dummy text. "
          text run at (562,72) width 174: "Dummy text. Dummy text."
          text run at (0,90) width 262: "Dummy text. Dummy text. Dummy text."
