layer at (0,0) size 800x600
  RenderView at (0,0) size 800x600
layer at (0,0) size 800x152
  RenderBlock {HTML} at (0,0) size 800x152
    RenderBody {BODY} at (8,16) size 784x120 [color=#008000]
      RenderBlock {P} at (0,0) size 784x18
        RenderText {#text} at (0,0) size 197x17
          text run at (0,0) width 197: "This sentence should be green."
      RenderBlock {P} at (0,34) size 784x18 [color=#FFFFFF] [bgcolor=#008000]
        RenderText {#text} at (0,0) size 92x17
          text run at (0,0) width 92: "This sentence "
        RenderInline {SPAN} at (0,0) size 63x17
          RenderText {#text} at (91,0) size 63x17
            text run at (91,0) width 63: "should be"
        RenderText {#text} at (153,0) size 104x17
          text run at (153,0) width 104: " white on green."
      RenderBlock {P} at (0,68) size 784x18 [color=#FFFFFF]
        RenderInline {EM} at (0,0) size 36x17 [color=#008000]
          RenderText {#text} at (0,0) size 36x17
            text run at (0,0) width 36: "PASS"
        RenderText {#text} at (35,0) size 5x17
          text run at (35,0) width 5: " "
        RenderInline {STRONG} at (0,0) size 39x17
          RenderText {#text} at (39,0) size 39x17
            text run at (39,0) width 39: "FAIL"
        RenderText {#text} at (0,0) size 0x0
      RenderBlock {P} at (0,102) size 784x18
        RenderText {#text} at (0,0) size 43x17
          text run at (0,0) width 43: "PASS "
        RenderInline {DFN} at (0,0) size 35x17 [color=#FFFFFF]
          RenderText {#text} at (42,0) size 35x17
            text run at (42,0) width 35: "FAIL"
        RenderText {#text} at (0,0) size 0x0
