layer at (0,0) size 800x600
  RenderView at (0,0) size 800x600
layer at (0,0) size 800x110
  RenderBlock {HTML} at (0,0) size 800x110
    RenderBody {BODY} at (8,16) size 784x79
      RenderBlock {P} at (0,0) size 784x18
        RenderText {#text} at (0,0) size 295x17
          text run at (0,0) width 295: "There should be a green horizontal bar below:"
      RenderBlock {DIV} at (15,34) size 195x45 [bgcolor=#008000]
        RenderBlock {P} at (0,0) size 195x30 [color=#FFFFFF] [bgcolor=#FFFFFF]
          RenderText {#text} at (0,0) size 31x15
            text run at (0,0) width 31: "x "
          RenderInline {SPAN} at (0,0) size 106x30
            RenderText {#text} at (30,0) size 106x30
              text run at (30,0) width 76: "xxxxx"
              text run at (0,15) width 76: "xxxxx"
          RenderText {#text} at (135,15) size 31x15
            text run at (135,15) width 31: " x"
