layer at (0,0) size 800x600
  RenderView at (0,0) size 800x600
layer at (0,0) size 800x131
  RenderBlock {HTML} at (0,0) size 800x131
    RenderBody {BODY} at (8,16) size 784x99
      RenderBlock {P} at (0,0) size 784x18 [color=#000080]
        RenderText {#text} at (0,0) size 256x17
          text run at (0,0) width 256: "The two bars below should be identical:"
      RenderBlock {DIV} at (15,34) size 105x30 [bgcolor=#FF0000]
        RenderBlock {DIV} at (0,0) size 105x30 [color=#008000] [bgcolor=#00FF00]
          RenderText {#text} at (0,0) size 16x15
            text run at (0,0) width 16: "x"
          RenderInline {SPAN} at (0,0) size 31x15 [color=#FFFF00] [bgcolor=#FFA500]
            RenderText {#text} at (30,0) size 31x15
              text run at (30,0) width 31: " x"
          RenderText {#text} at (0,15) size 16x15
            text run at (0,15) width 16: "x"
      RenderBlock {DIV} at (16,80) size 752x19
        RenderImage {IMG} at (0,0) size 15x15
        RenderImage {IMG} at (15,0) size 15x15
        RenderImage {IMG} at (30,0) size 15x15
        RenderImage {IMG} at (45,0) size 15x15
        RenderImage {IMG} at (60,0) size 15x15
        RenderImage {IMG} at (75,0) size 15x15
        RenderImage {IMG} at (90,0) size 15x15
        RenderText {#text} at (0,0) size 0x0
