layer at (0,0) size 800x600
  RenderView at (0,0) size 800x600
layer at (0,0) size 800x207
  RenderBlock {HTML} at (0,0) size 800x207
    RenderBody {BODY} at (8,16) size 784x159
      RenderBlock {P} at (0,0) size 784x18 [color=#000080]
        RenderText {#text} at (0,0) size 272x17
          text run at (0,0) width 272: "The two sweets below should be identical:"
      RenderBlock {DIV} at (0,48) size 105x30 [bgcolor=#FF0000]
        RenderBlock {P} at (0,0) size 105x30 [color=#008000] [bgcolor=#00FF00]
          RenderText {#text} at (0,0) size 31x15
            text run at (0,0) width 31: "x "
          RenderInline {SPAN} at (0,0) size 46x45 [color=#FFFF00] [bgcolor=#FFA500]
            RenderText {#text} at (45,0) size 16x15
              text run at (45,0) width 16: "x"
          RenderText {#text} at (0,15) size 16x15
            text run at (0,15) width 16: "x"
      RenderBlock {DIV} at (0,110) size 784x49
        RenderImage {IMG} at (0,0) size 105x45
