layer at (0,0) size 800x600
  RenderView at (0,0) size 800x600
layer at (0,0) size 800x184
  RenderBlock {HTML} at (0,0) size 800x184
    RenderBody {BODY} at (8,8) size 784x168
      RenderBlock {P} at (0,0) size 784x18
        RenderText {#text} at (0,0) size 278x17
          text run at (0,0) width 278: "There should be a green box to the right. \x{2798}"
      RenderBlock {DIV} at (0,18) size 784x150 [bgcolor=#FFFFFF]
        RenderBlock (floating) {P} at (458,10) size 316x106 [color=#008000] [border: (3px solid #008000)]
          RenderText {#text} at (8,8) size 286x90
            text run at (8,8) width 271: "x x xxxx xx xxxx x"
            text run at (8,23) width 31: "x "
            text run at (38,23) width 226: "x xx xx xxxx xx"
            text run at (8,38) width 76: "xx x "
            text run at (83,38) width 211: "x xxx xx xx xx"
            text run at (8,53) width 91: "xxx x "
            text run at (98,53) width 181: "x xx xx xxxx"
            text run at (8,68) width 121: "xx xx x "
            text run at (128,68) width 166: "x x xxxx xx"
            text run at (8,83) width 121: "xxxx x x"
        RenderBlock {P} at (0,0) size 784x45 [color=#FFFFFF]
          RenderText {#text} at (432,0) size 16x15
            text run at (432,0) width 16: "x"
          RenderBR {BR} at (448,0) size 0x15
          RenderText {#text} at (432,15) size 16x15
            text run at (432,15) width 16: "x"
          RenderBR {BR} at (448,15) size 0x15
          RenderText {#text} at (432,30) size 16x15
            text run at (432,30) width 16: "x"
