layer at (0,0) size 800x600
  RenderView at (0,0) size 800x600
layer at (0,0) size 800x192
  RenderBlock {HTML} at (0,0) size 800x192
    RenderBody {BODY} at (8,16) size 784x160
      RenderBlock {P} at (0,0) size 784x18 [color=#000080]
        RenderText {#text} at (0,0) size 265x17
          text run at (0,0) width 265: "The word \"fail\" should not appear below."
      RenderBlock {DIV} at (16,34) size 240x126 [color=#FFFFFF] [bgcolor=#FFFFFF]
        RenderBlock (floating) {P} at (0,0) size 43x18 [color=#000080]
          RenderText {#text} at (0,0) size 43x17
            text run at (0,0) width 43: "TEST:"
        RenderBlock (floating) {P} at (1,18) size 239x18 [color=#00FFFF] [bgcolor=#008080]
          RenderText {#text} at (100,0) size 39x17
            text run at (100,0) width 39: "PASS"
        RenderText {#text} at (43,0) size 224x125
          text run at (43,0) width 174: "fail fail fail fail fail fail fail"
          text run at (0,36) width 76: "fail fail fail "
          text run at (75,36) width 149: "fail fail fail fail fail fail"
          text run at (0,54) width 102: "fail fail fail fail "
          text run at (101,54) width 123: "fail fail fail fail fail"
          text run at (0,72) width 127: "fail fail fail fail fail "
          text run at (126,72) width 98: "fail fail fail fail"
          text run at (0,90) width 152: "fail fail fail fail fail fail "
          text run at (151,90) width 73: "fail fail fail"
          text run at (0,108) width 174: "fail fail fail fail fail fail fail"
