layer at (0,0) size 784x781
  RenderView at (0,0) size 784x600
layer at (0,0) size 784x781
  RenderBlock {HTML} at (0,0) size 784x781
    RenderBody {BODY} at (8,32) size 768x717
      RenderBlock {P} at (32,0) size 704x111 [color=#000080]
        RenderText {#text} at (0,0) size 673x110
          text run at (0,0) width 673: "\x{21E9} The following blue box should be exactly half the"
          text run at (0,37) width 81: "width "
          text run at (80,37) width 559: "of the viewport, on the left of the 50% ruler"
          text run at (0,74) width 74: "mark."
      RenderBlock (floating) {DIV} at (0,143) size 384x342 [color=#FFFFFF] [bgcolor=#0000FF]
        RenderText {#text} at (0,0) size 384x341
          text run at (0,0) width 384: "ignore this float text ignore this float text ignore this"
          text run at (0,18) width 43: "float "
          text run at (42,18) width 342: "text ignore this float text ignore this float text"
          text run at (0,36) width 79: "ignore this "
          text run at (78,36) width 306: "float text ignore this float text ignore this"
          text run at (0,54) width 126: "float text ignore "
          text run at (125,54) width 259: "this float text ignore this float text"
          text run at (0,72) width 155: "ignore this float text "
          text run at (154,72) width 230: "ignore this float text ignore this"
          text run at (0,90) width 199: "float text ignore this float "
          text run at (198,90) width 186: "text ignore this float text"
          text run at (0,108) width 235: "ignore this float text ignore this "
          text run at (234,108) width 150: "float text ignore this"
          text run at (0,126) width 282: "float text ignore this float text ignore "
          text run at (281,126) width 103: "this float text"
          text run at (0,144) width 311: "ignore this float text ignore this float text "
          text run at (310,144) width 74: "ignore this"
          text run at (0,162) width 355: "float text ignore this float text ignore this float "
          text run at (354,162) width 30: "text"
          text run at (0,180) width 384: "ignore this float text ignore this float text ignore this"
          text run at (0,198) width 384: "float text ignore this float text ignore this float text"
          text run at (0,216) width 48: "ignore "
          text run at (47,216) width 337: "this float text ignore this float text ignore this"
          text run at (0,234) width 77: "float text "
          text run at (76,234) width 308: "ignore this float text ignore this float text"
          text run at (0,252) width 121: "ignore this float "
          text run at (120,252) width 264: "text ignore this float text ignore this"
          text run at (0,270) width 156: "float text ignore this "
          text run at (155,270) width 229: "float text ignore this float text"
          text run at (0,288) width 204: "ignore this float text ignore "
          text run at (203,288) width 181: "this float text ignore this"
          text run at (0,306) width 233: "float text ignore this float text "
          text run at (232,306) width 152: "ignore this float text"
          text run at (0,324) width 260: "ignore this float text ignore this float"
      RenderBlock {DIV} at (0,143) size 768x468 [color=#C0C0C0]
        RenderText {#text} at (384,0) size 768x467
          text run at (384,0) width 384: "this is some dummy text this is some dummy text this is"
          text run at (384,18) width 96: "some dummy "
          text run at (479,18) width 289: "text this is some dummy text this is some"
          text run at (384,36) width 168: "dummy text this is some "
          text run at (551,36) width 217: "dummy text this is some dummy"
          text run at (384,54) width 239: "text this is some dummy text this is "
          text run at (622,54) width 146: "some dummy text this"
          text run at (384,72) width 305: "is some dummy text this is some dummy text "
          text run at (688,72) width 80: "this is some"
          text run at (384,90) width 384: "dummy text this is some dummy text this is some dummy"
          text run at (384,108) width 384: "text this is some dummy text this is some dummy text this"
          text run at (384,126) width 55: "is some "
          text run at (438,126) width 330: "dummy text this is some dummy text this is some"
          text run at (384,144) width 128: "dummy text this is "
          text run at (511,144) width 257: "some dummy text this is some dummy"
          text run at (384,162) width 195: "text this is some dummy text "
          text run at (578,162) width 190: "this is some dummy text this"
          text run at (384,180) width 276: "is some dummy text this is some dummy "
          text run at (659,180) width 109: "text this is some"
          text run at (384,198) width 335: "dummy text this is some dummy text this is some "
          text run at (718,198) width 50: "dummy"
          text run at (384,216) width 384: "text this is some dummy text this is some dummy text this"
          text run at (384,234) width 16: "is "
          text run at (399,234) width 369: "some dummy text this is some dummy text this is some"
          text run at (384,252) width 83: "dummy text "
          text run at (466,252) width 302: "this is some dummy text this is some dummy"
          text run at (384,270) width 166: "text this is some dummy "
          text run at (549,270) width 219: "text this is some dummy text this"
          text run at (384,288) width 222: "is some dummy text this is some "
          text run at (605,288) width 163: "dummy text this is some"
          text run at (384,306) width 296: "dummy text this is some dummy text this is "
          text run at (679,306) width 89: "some dummy"
          text run at (384,324) width 361: "text this is some dummy text this is some dummy text "
          text run at (744,324) width 24: "this"
          text run at (0,342) width 441: "is some dummy text this is some dummy text this is some dummy "
          text run at (440,342) width 328: "text this is some dummy text this is some dummy"
          text run at (0,360) width 111: "text this is some "
          text run at (110,360) width 459: "dummy text this is some dummy text this is some dummy text this is "
          text run at (568,360) width 200: "some dummy text this is some"
          text run at (0,378) width 244: "dummy text this is some dummy text "
          text run at (243,378) width 458: "this is some dummy text this is some dummy text this is some dummy "
          text run at (700,378) width 68: "text this is"
          text run at (0,396) width 364: "some dummy text this is some dummy text this is some "
          text run at (363,396) width 405: "dummy text this is some dummy text this is some dummy text"
          text run at (0,414) width 46: "this is "
          text run at (45,414) width 471: "some dummy text this is some dummy text this is some dummy text "
          text run at (515,414) width 253: "this is some dummy text this is some"
          text run at (0,432) width 215: "dummy text this is some dummy "
          text run at (214,432) width 434: "text this is some dummy text this is some dummy text this is some "
          text run at (647,432) width 121: "dummy text this is"
          text run at (0,450) width 321: "some dummy text this is some dummy text this is "
          text run at (320,450) width 276: "some dummy text this is some dummy text"
      RenderBlock {P} at (32,643) size 704x74 [color=#000080]
        RenderText {#text} at (17,0) size 687x73
          text run at (17,0) width 687: "The above gray text should flow around the blue box."
          text run at (677,37) width 27: "\x{21E7}"
