layer at (0,0) size 800x600
  RenderView at (0,0) size 800x600
layer at (0,0) size 800x464
  RenderBlock {HTML} at (0,0) size 800x464
    RenderBody {BODY} at (8,16) size 784x432
      RenderBlock {P} at (0,0) size 784x54 [color=#000080]
        RenderText {#text} at (0,0) size 778x55
          text run at (0,0) width 408: "The big coloured boxes should be level with the top of the small "
          text run at (408,0) width 329: "coloured boxes of the same color (unless there is not"
          text run at (0,18) width 88: "enough room "
          text run at (88,18) width 398: "for the big box to fit on the small box's line after the small box, "
          text run at (486,18) width 292: "in which case the big box should be as high as"
          text run at (0,36) width 121: "possible below the "
          text run at (121,36) width 70: "small box)."
      RenderBlock {DIV} at (16,70) size 752x362 [color=#C0C0C0] [border: (5px solid #800080)]
        RenderText {#text} at (171,21) size 316x19
          text run at (171,21) width 316: "dummy text dummy text dummy text dummy text "
        RenderInline {SPAN} at (0,0) size 18x25 [color=#FFFFFF] [bgcolor=#008080] [border: (3px solid #00FFFF)]
          RenderText {#text} at (490,21) size 12x19
            text run at (490,21) width 12: "A"
        RenderText {#text} at (505,21) size 4x19
          text run at (505,21) width 4: " "
        RenderBlock (floating) {P} at (21,21) size 150x58 [color=#FFFFFF] [bgcolor=#008080] [border: (3px solid #00FFFF)]
          RenderText {#text} at (19,19) size 48x19
            text run at (19,19) width 48: "AAAA"
        RenderText {#text} at (0,0) size 0x0
        RenderInline {SPAN} at (0,0) size 17x25 [color=#FFFFFF] [bgcolor=#800080] [border: (3px solid #FF00FF)]
          RenderText {#text} at (512,21) size 11x19
            text run at (512,21) width 11: "B"
        RenderText {#text} at (526,21) size 4x19
          text run at (526,21) width 4: " "
        RenderBlock (floating) {P} at (581,21) size 150x58 [color=#FFFFFF] [bgcolor=#800080] [border: (3px solid #FF00FF)]
          RenderText {#text} at (19,19) size 44x19
            text run at (19,19) width 44: "BBBB"
        RenderText {#text} at (530,21) size 707x319
          text run at (530,21) width 48: "dummy"
          text run at (171,41) width 391: "text dummy text dummy text dummy text dummy text dummy"
          text run at (171,61) width 27: "text "
          text run at (198,61) width 364: "dummy text dummy text dummy text dummy text dummy"
          text run at (21,81) width 106: "text dummy text "
          text run at (127,81) width 474: "dummy text dummy text dummy text dummy text dummy text dummy text "
          text run at (601,81) width 127: "dummy text dummy"
          text run at (21,101) width 343: "text dummy text dummy text dummy text dummy text "
          text run at (364,101) width 364: "dummy text dummy text dummy text dummy text dummy"
          text run at (21,121) width 106: "text dummy text "
          text run at (127,121) width 474: "dummy text dummy text dummy text dummy text dummy text dummy text "
          text run at (601,121) width 127: "dummy text dummy"
          text run at (21,141) width 343: "text dummy text dummy text dummy text dummy text "
          text run at (364,141) width 364: "dummy text dummy text dummy text dummy text dummy"
          text run at (21,161) width 106: "text dummy text "
          text run at (127,161) width 474: "dummy text dummy text dummy text dummy text dummy text dummy text "
          text run at (601,161) width 127: "dummy text dummy"
          text run at (21,181) width 343: "text dummy text dummy text dummy text dummy text "
          text run at (364,181) width 364: "dummy text dummy text dummy text dummy text dummy"
          text run at (21,201) width 106: "text dummy text "
          text run at (127,201) width 474: "dummy text dummy text dummy text dummy text dummy text dummy text "
          text run at (601,201) width 127: "dummy text dummy"
          text run at (21,221) width 343: "text dummy text dummy text dummy text dummy text "
          text run at (364,221) width 364: "dummy text dummy text dummy text dummy text dummy"
          text run at (21,241) width 106: "text dummy text "
          text run at (127,241) width 474: "dummy text dummy text dummy text dummy text dummy text dummy text "
          text run at (601,241) width 127: "dummy text dummy"
          text run at (21,261) width 343: "text dummy text dummy text dummy text dummy text "
          text run at (364,261) width 364: "dummy text dummy text dummy text dummy text dummy"
          text run at (21,281) width 106: "text dummy text "
          text run at (127,281) width 474: "dummy text dummy text dummy text dummy text dummy text dummy text "
          text run at (601,281) width 127: "dummy text dummy"
          text run at (21,301) width 343: "text dummy text dummy text dummy text dummy text "
          text run at (364,301) width 364: "dummy text dummy text dummy text dummy text dummy"
          text run at (21,321) width 102: "text dummy text"
