layer at (0,0) size 784x679
  RenderView at (0,0) size 784x600
layer at (0,0) size 784x679
  RenderBlock {HTML} at (0,0) size 784x679
    RenderBody {BODY} at (8,16) size 768x655
      RenderBlock {P} at (0,0) size 768x18
        RenderText {#text} at (0,0) size 335x17
          text run at (0,0) width 335: "There should be a tall green box below, with no red."
      RenderBlock {DIV} at (0,34) size 126x621 [color=#008000] [bgcolor=#FF0000] [border: (3px solid #000000)]
        RenderBlock {P} at (18,18) size 90x45
          RenderText {#text} at (0,0) size 76x45
            text run at (0,0) width 76: "x x x"
            text run at (0,15) width 61: "xx x"
            text run at (0,30) width 46: "x x"
        RenderBlock {P} at (18,78) size 90x75
          RenderImage {IMG} at (0,0) size 45x45 [color=#FF0000]
          RenderText {#text} at (45,0) size 61x75
            text run at (45,0) width 16: "x"
            text run at (45,15) width 16: "x"
            text run at (45,30) width 16: "x"
            text run at (0,45) width 61: "xx x"
            text run at (0,60) width 46: "x x"
        RenderBlock {P} at (18,168) size 90x120
          RenderImage {IMG} at (30,30) size 45x45 [color=#FF0000]
          RenderText {#text} at (0,75) size 76x45
            text run at (0,75) width 76: "x x x"
            text run at (0,90) width 61: "xx x"
            text run at (0,105) width 46: "x x"
        RenderBlock {P} at (48,333) size 60x75
          RenderImage {IMG} at (-30,-30) size 45x45 [color=#FF0000]
          RenderText {#text} at (15,0) size 46x75
            text run at (15,0) width 16: "x"
            text run at (0,15) width 46: "x x"
            text run at (0,30) width 31: "xx"
            text run at (0,45) width 46: "x x"
            text run at (0,60) width 16: "x"
        RenderBlock {P} at (18,423) size 90x120
          RenderImage {IMG} at (0,0) size 45x45 [color=#FF0000]
          RenderText {#text} at (0,75) size 76x45
            text run at (0,75) width 76: "x x x"
            text run at (0,90) width 61: "xx x"
            text run at (0,105) width 46: "x x"
        RenderBlock {P} at (18,558) size 90x45
          RenderImage {IMG} at (0,0) size 45x45 [color=#FF0000]
          RenderText {#text} at (15,0) size 76x45
            text run at (15,0) width 46: "x x"
            text run at (0,15) width 61: "x xx"
            text run at (0,30) width 76: "x x x"
