layer at (0,0) size 800x600
  RenderView at (0,0) size 800x600
layer at (0,0) size 800x298
  RenderBlock {HTML} at (0,0) size 800x298
    RenderBody {BODY} at (8,16) size 784x274
      RenderBlock {P} at (0,0) size 784x18
        RenderText {#text} at (0,0) size 446x17
          text run at (0,0) width 446: "There should be no red below, just the outline of an empty green box."
      RenderBlock {DIV} at (0,34) size 430x240 [color=#FFFFFF] [bgcolor=#FF0000] [border: (10px solid #008000)]
        RenderText {#text} at (20,20) size 390x105
          text run at (20,20) width 390: "xxxx xxxx xxxx xxxx xxxx xxxx xxxx xxxx"
          text run at (20,115) width 50: "xxxx "
        RenderImage {IMG} at (85,50) size 60x60 [border: (10px solid #FFFFFF)]
        RenderText {#text} at (159,115) size 111x10
          text run at (159,115) width 11: " "
          text run at (169,115) width 101: "xxxx xxxx "
        RenderImage {IMG} at (285,130) size 60x60 [border: (10px solid #FFFFFF)]
        RenderText {#text} at (359,115) size 390x105
          text run at (359,115) width 11: " "
          text run at (369,115) width 41: "xxxx"
          text run at (20,210) width 390: "xxxx xxxx xxxx xxxx xxxx xxxx xxxx xxxx"
