layer at (0,0) size 800x600
  RenderView at (0,0) size 800x600
layer at (0,0) size 800x317
  RenderBlock {HTML} at (0,0) size 800x317
    RenderBody {BODY} at (8,16) size 784x286
      RenderBlock {P} at (0,0) size 784x36
        RenderText {#text} at (0,0) size 761x35
          text run at (0,0) width 391: "Change your window size. However the lines wrap, the blue "
          text run at (390,0) width 371: "rectanglues should always have their middles on the same"
          text run at (0,18) width 86: "alignment as "
          text run at (85,18) width 210: "other blue rectangles on the line."
      RenderBlock {P} at (15,52) size 754x234 [color=#0000FF] [bgcolor=#FFFFFF] [border: (1px solid #C0C0C0)]
        RenderText {#text} at (8,35) size 61x15
          text run at (8,35) width 61: "\x{C9}\x{C9}\x{C9} "
        RenderImage {IMG} at (68,25) size 30x30
        RenderText {#text} at (98,35) size 16x15
          text run at (98,35) width 16: " "
        RenderInline {SPAN} at (0,0) size 115x38 [color=#C0C0C0]
          RenderText {#text} at (113,17) size 115x38
            text run at (113,17) width 115: "xxx"
        RenderText {#text} at (227,35) size 16x15
          text run at (227,35) width 16: " "
        RenderImage {IMG} at (242,15) size 50x50
        RenderText {#text} at (292,35) size 76x15
          text run at (292,35) width 16: " "
          text run at (307,35) width 61: "\x{C9}\x{C9}\x{C9} "
        RenderImage {IMG} at (367,35) size 10x10
        RenderText {#text} at (377,35) size 16x15
          text run at (377,35) width 16: " "
        RenderInline {SMALL} at (0,0) size 31x10 [color=#C0C0C0]
          RenderText {#text} at (392,39) size 31x10
            text run at (392,39) width 31: "xxx"
        RenderText {#text} at (422,35) size 16x15
          text run at (422,35) width 16: " "
        RenderImage {IMG} at (437,30) size 20x20
        RenderText {#text} at (457,35) size 76x15
          text run at (457,35) width 16: " "
          text run at (472,35) width 61: "\x{C9}\x{C9}\x{C9} "
        RenderImage {IMG} at (532,8) size 65x65
        RenderText {#text} at (597,35) size 76x15
          text run at (597,35) width 16: " "
          text run at (612,35) width 61: "\x{C9}\x{C9}\x{C9} "
        RenderImage {IMG} at (672,23) size 35x35
        RenderText {#text} at (0,0) size 0x0
        RenderInline {SPAN} at (0,0) size 90x30 [color=#C0C0C0]
          RenderText {#text} at (8,94) size 90x30
            text run at (8,94) width 90: "xxx"
        RenderText {#text} at (97,106) size 17x15
          text run at (97,106) width 17: " "
        RenderImage {IMG} at (113,86) size 50x50
        RenderText {#text} at (163,106) size 16x15
          text run at (163,106) width 16: " "
        RenderInline {SPAN} at (0,0) size 353x23 [color=#C0C0C0]
          RenderText {#text} at (178,100) size 93x23
            text run at (178,100) width 93: "xxx "
          RenderInline {SPAN} at (0,0) size 169x56
            RenderText {#text} at (270,73) size 169x56
              text run at (270,73) width 169: "xxx"
          RenderText {#text} at (438,100) size 93x23
            text run at (438,100) width 93: " xxx"
        RenderText {#text} at (530,106) size 16x15
          text run at (530,106) width 16: " "
        RenderImage {IMG} at (545,86) size 50x50
        RenderText {#text} at (595,106) size 16x15
          text run at (595,106) width 16: " "
        RenderInline {SMALL} at (0,0) size 31x10 [color=#C0C0C0]
          RenderText {#text} at (610,110) size 31x10
            text run at (610,110) width 31: "xxx"
        RenderText {#text} at (640,106) size 16x15
          text run at (640,106) width 16: " "
        RenderImage {IMG} at (655,104) size 15x15
        RenderText {#text} at (670,106) size 16x15
          text run at (670,106) width 16: " "
        RenderInline {BIG} at (0,0) size 61x20 [color=#C0C0C0]
          RenderText {#text} at (685,102) size 61x20
            text run at (685,102) width 61: "xxx"
        RenderText {#text} at (0,0) size 0x0
        RenderImage {IMG} at (8,136) size 90x90
        RenderText {#text} at (98,176) size 61x15
          text run at (98,176) width 16: " "
          text run at (113,176) width 46: "\x{C9}\x{C9}\x{C9}"
