layer at (0,0) size 800x600
  RenderView at (0,0) size 800x600
layer at (0,0) size 800x322
  RenderBlock {HTML} at (0,0) size 800x322
    RenderBody {BODY} at (8,16) size 784x298
      RenderBlock {P} at (0,0) size 784x18
        RenderText {#text} at (0,0) size 446x17
          text run at (0,0) width 446: "There should be no red below, just the outline of an empty green box."
      RenderBlock {DIV} at (0,34) size 360x264 [color=#FFFFFF] [bgcolor=#FF0000] [border: (20px solid #008000)]
        RenderText {#text} at (40,40) size 280x104
          text run at (40,40) width 280: "xxxx xxxx xxxx"
          text run at (40,80) width 280: "xxxx xxxx xxxx"
          text run at (40,124) width 100: "xxxx "
        RenderImage {IMG} at (130,80) size 100x100 [border: (20px solid #FFFFFF)]
        RenderText {#text} at (219,124) size 280x100
          text run at (219,124) width 21: " "
          text run at (239,124) width 81: "xxxx"
          text run at (40,164) width 280: "xxxx xxxx xxxx"
          text run at (40,204) width 280: "xxxx xxxx xxxx"
