layer at (0,0) size 800x600
  RenderView at (0,0) size 800x600
layer at (0,0) size 800x310
  RenderBlock {HTML} at (0,0) size 800x310
    RenderBody {BODY} at (8,8) size 784x294
      RenderBlock {P} at (0,0) size 784x18
        RenderText {#text} at (0,0) size 513x17
          text run at (0,0) width 513: "There should be a big pattern of green and lime dots below, with no red present."
      RenderBlock {DIV} at (6,24) size 66x270 [color=#00FF00] [bgcolor=#FF0000] [border: (3px solid #000000)]
        RenderBlock {P} at (15,9) size 48x48
          RenderText {#text} at (0,6) size 37x36
            text run at (0,6) width 37: "X X"
            text run at (0,30) width 37: "X X"
        RenderBlock {P} at (15,57) size 48x48
          RenderText {#text} at (0,6) size 37x36
            text run at (0,6) width 37: "X X"
            text run at (0,30) width 37: "X X"
        RenderBlock {P} at (15,105) size 48x48
          RenderText {#text} at (0,6) size 37x36
            text run at (0,6) width 37: "X X"
            text run at (0,30) width 37: "X X"
        RenderBlock {P} at (15,153) size 48x48
          RenderText {#text} at (0,6) size 37x36
            text run at (0,6) width 37: "X X"
            text run at (0,30) width 37: "X X"
        RenderBlock {P} at (15,201) size 48x60
          RenderText {#text} at (0,9) size 37x42
            text run at (0,9) width 37: "X X"
            text run at (0,39) width 37: "X X"
