layer at (0,0) size 800x600
  RenderView at (0,0) size 800x600
layer at (0,0) size 800x118
  RenderBlock {HTML} at (0,0) size 800x118
    RenderBody {BODY} at (8,16) size 784x94
      RenderBlock {P} at (0,0) size 784x18
        RenderText {#text} at (0,0) size 363x17
          text run at (0,0) width 363: "There should be no red below, only green lines and dots."
      RenderBlock {DIV} at (0,34) size 200x60 [color=#008000]
        RenderText {#text} at (0,1) size 40x10
          text run at (0,1) width 40: "z z "
        RenderInline {EM} at (0,0) size 190x22 [color=#FF0000]
          RenderText {#text} at (39,1) size 190x22
            text run at (39,1) width 151: "x x x x x x x x"
            text run at (0,13) width 40: "x x "
        RenderText {#text} at (0,0) size 0x0
        RenderInline {SPAN} at (0,0) size 190x58 [border: (10px solid #00FF00)]
          RenderText {#text} at (0,0) size 0x0
          RenderInline {EM} at (0,0) size 190x22 [color=#FF0000]
            RenderText {#text} at (59,13) size 190x22
              text run at (59,13) width 131: "x x x x x x x"
              text run at (0,25) width 60: "x x x "
              text run at (59,25) width 61: "x x x "
          RenderText {#text} at (119,25) size 190x22
            text run at (119,25) width 71: "y y y y"
            text run at (0,37) width 100: "y y y y y "
        RenderText {#text} at (119,37) size 190x22
          text run at (119,37) width 71: "y y y y"
          text run at (0,49) width 190: "y y y y y y z z z z"
