layer at (0,0) size 800x600
  RenderView at (0,0) size 800x600
layer at (0,0) size 800x131
  RenderBlock {HTML} at (0,0) size 800x131
    RenderBody {BODY} at (8,16) size 784x100
      RenderBlock {P} at (0,0) size 784x18
        RenderText {#text} at (0,0) size 195x17
          text run at (0,0) width 195: "There should be no red below."
      RenderBlock {UL} at (75,34) size 96x66 [color=#00FF00] [bgcolor=#FF0000] [border: (3px solid #000000)]
        RenderListItem {LI} at (3,3) size 90x60
          RenderListMarker at (0,0) size 45x15: "A"
          RenderText {#text} at (45,0) size 61x60
            text run at (45,0) width 16: "x"
            text run at (0,15) width 61: "x xx"
            text run at (0,30) width 61: "xx x"
            text run at (0,45) width 16: "x"
