layer at (0,0) size 1074x584
  RenderView at (0,0) size 800x584
layer at (0,0) size 800x94
  RenderBlock {HTML} at (0,0) size 800x94
    RenderBody {BODY} at (8,16) size 784x70
      RenderBlock {P} at (0,0) size 784x18
        RenderText {#text} at (0,0) size 298x17
          text run at (0,0) width 298: "The following two lines should look the same:"
      RenderBlock {DIV} at (0,34) size 784x18
        RenderInline {SPAN} at (0,0) size 21x17
          RenderInline (generated) at (0,0) size 21x17
            RenderCounter at (0,0) size 21x17
              text run at (0,0) width 21: "\x{10D0}.\x{10D0}"
        RenderText {#text} at (20,0) size 5x17
          text run at (20,0) width 5: " "
        RenderInline {SPAN} at (0,0) size 21x17
          RenderInline (generated) at (0,0) size 21x17
            RenderCounter at (24,0) size 21x17
              text run at (24,0) width 21: "\x{10D0}.\x{10D1}"
        RenderText {#text} at (44,0) size 5x17
          text run at (44,0) width 5: " "
        RenderInline {SPAN} at (0,0) size 22x17
          RenderInline (generated) at (0,0) size 22x17
            RenderCounter at (48,0) size 22x17
              text run at (48,0) width 22: "\x{10D0}.\x{10D2}"
        RenderText {#text} at (69,0) size 5x17
          text run at (69,0) width 5: " "
        RenderInline {SPAN} at (0,0) size 25x17
          RenderInline (generated) at (0,0) size 25x17
            RenderCounter at (73,0) size 25x17
              text run at (73,0) width 25: "\x{10D0}.\x{10D3}"
        RenderText {#text} at (97,0) size 5x17
          text run at (97,0) width 5: " "
        RenderInline {SPAN} at (0,0) size 22x17
          RenderInline (generated) at (0,0) size 22x17
            RenderCounter at (101,0) size 22x17
              text run at (101,0) width 22: "\x{10D0}.\x{10D4}"
        RenderText {#text} at (122,0) size 5x17
          text run at (122,0) width 5: " "
        RenderInline {SPAN} at (0,0) size 21x17
          RenderInline (generated) at (0,0) size 21x17
            RenderCounter at (126,0) size 21x17
              text run at (126,0) width 21: "\x{10D0}.\x{10D5}"
        RenderText {#text} at (146,0) size 5x17
          text run at (146,0) width 5: " "
        RenderInline {SPAN} at (0,0) size 21x17
          RenderInline (generated) at (0,0) size 21x17
            RenderCounter at (150,0) size 21x17
              text run at (150,0) width 21: "\x{10D0}.\x{10D6}"
        RenderText {#text} at (170,0) size 5x17
          text run at (170,0) width 5: " "
        RenderInline {SPAN} at (0,0) size 23x17
          RenderInline (generated) at (0,0) size 23x17
            RenderCounter at (174,0) size 23x17
              text run at (174,0) width 23: "\x{10D0}.\x{10F1}"
        RenderText {#text} at (196,0) size 5x17
          text run at (196,0) width 5: " "
        RenderInline {SPAN} at (0,0) size 25x17
          RenderInline (generated) at (0,0) size 25x17
            RenderCounter at (200,0) size 25x17
              text run at (200,0) width 25: "\x{10D0}.\x{10D7}"
        RenderText {#text} at (224,0) size 5x17
          text run at (224,0) width 5: " "
        RenderInline {SPAN} at (0,0) size 22x17
          RenderInline (generated) at (0,0) size 22x17
            RenderCounter at (228,0) size 22x17
              text run at (228,0) width 22: "\x{10D0}.\x{10D8}"
        RenderText {#text} at (249,0) size 5x17
          text run at (249,0) width 5: " "
        RenderInline {SPAN} at (0,0) size 29x17
          RenderInline (generated) at (0,0) size 29x17
            RenderCounter at (253,0) size 29x17
              text run at (253,0) width 29: "\x{10D0}.\x{10D8}\x{10D0}"
        RenderText {#text} at (281,0) size 5x17
          text run at (281,0) width 5: " "
        RenderInline {SPAN} at (0,0) size 29x17
          RenderInline (generated) at (0,0) size 29x17
            RenderCounter at (285,0) size 29x17
              text run at (285,0) width 29: "\x{10D0}.\x{10D8}\x{10D1}"
        RenderText {#text} at (313,0) size 5x17
          text run at (313,0) width 5: " "
        RenderInline {SPAN} at (0,0) size 22x17
          RenderInline (generated) at (0,0) size 22x17
            RenderCounter at (317,0) size 22x17
              text run at (317,0) width 22: "\x{10D0}.\x{10D9}"
        RenderText {#text} at (338,0) size 5x17
          text run at (338,0) width 5: " "
        RenderInline {SPAN} at (0,0) size 30x17
          RenderInline (generated) at (0,0) size 30x17
            RenderCounter at (342,0) size 30x17
              text run at (342,0) width 30: "\x{10D0}.\x{10DA}"
        RenderText {#text} at (371,0) size 5x17
          text run at (371,0) width 5: " "
        RenderInline {SPAN} at (0,0) size 21x17
          RenderInline (generated) at (0,0) size 21x17
            RenderCounter at (375,0) size 21x17
              text run at (375,0) width 21: "\x{10D0}.\x{10DB}"
        RenderText {#text} at (395,0) size 5x17
          text run at (395,0) width 5: " "
        RenderInline {SPAN} at (0,0) size 22x17
          RenderInline (generated) at (0,0) size 22x17
            RenderCounter at (399,0) size 22x17
              text run at (399,0) width 22: "\x{10D0}.\x{10DC}"
        RenderText {#text} at (420,0) size 5x17
          text run at (420,0) width 5: " "
        RenderInline {SPAN} at (0,0) size 21x17
          RenderInline (generated) at (0,0) size 21x17
            RenderCounter at (424,0) size 21x17
              text run at (424,0) width 21: "\x{10D0}.\x{10F2}"
        RenderText {#text} at (444,0) size 5x17
          text run at (444,0) width 5: " "
        RenderInline {SPAN} at (0,0) size 26x17
          RenderInline (generated) at (0,0) size 26x17
            RenderCounter at (448,0) size 26x17
              text run at (448,0) width 26: "\x{10D0}.\x{10DD}"
        RenderText {#text} at (473,0) size 5x17
          text run at (473,0) width 5: " "
        RenderInline {SPAN} at (0,0) size 21x17
          RenderInline (generated) at (0,0) size 21x17
            RenderCounter at (477,0) size 21x17
              text run at (477,0) width 21: "\x{10D0}.\x{10DE}"
        RenderText {#text} at (497,0) size 5x17
          text run at (497,0) width 5: " "
        RenderInline {SPAN} at (0,0) size 22x17
          RenderInline (generated) at (0,0) size 22x17
            RenderCounter at (501,0) size 22x17
              text run at (501,0) width 22: "\x{10D0}.\x{10DF}"
        RenderText {#text} at (522,0) size 5x17
          text run at (522,0) width 5: " "
        RenderInline {SPAN} at (0,0) size 25x17
          RenderInline (generated) at (0,0) size 25x17
            RenderCounter at (526,0) size 25x17
              text run at (526,0) width 25: "\x{10D0}.\x{10E0}"
        RenderText {#text} at (550,0) size 5x17
          text run at (550,0) width 5: " "
        RenderInline {SPAN} at (0,0) size 22x17
          RenderInline (generated) at (0,0) size 22x17
            RenderCounter at (554,0) size 22x17
              text run at (554,0) width 22: "\x{10D0}.\x{10E1}"
        RenderText {#text} at (575,0) size 5x17
          text run at (575,0) width 5: " "
        RenderInline {SPAN} at (0,0) size 24x17
          RenderInline (generated) at (0,0) size 24x17
            RenderCounter at (579,0) size 24x17
              text run at (579,0) width 24: "\x{10D0}.\x{10E2}"
        RenderText {#text} at (602,0) size 5x17
          text run at (602,0) width 5: " "
        RenderInline {SPAN} at (0,0) size 21x17
          RenderInline (generated) at (0,0) size 21x17
            RenderCounter at (606,0) size 21x17
              text run at (606,0) width 21: "\x{10D0}.\x{10F3}"
        RenderText {#text} at (626,0) size 5x17
          text run at (626,0) width 5: " "
        RenderInline {SPAN} at (0,0) size 26x17
          RenderInline (generated) at (0,0) size 26x17
            RenderCounter at (630,0) size 26x17
              text run at (630,0) width 26: "\x{10D0}.\x{10E4}"
        RenderText {#text} at (655,0) size 5x17
          text run at (655,0) width 5: " "
        RenderInline {SPAN} at (0,0) size 21x17
          RenderInline (generated) at (0,0) size 21x17
            RenderCounter at (659,0) size 21x17
              text run at (659,0) width 21: "\x{10D0}.\x{10E5}"
        RenderText {#text} at (679,0) size 5x17
          text run at (679,0) width 5: " "
        RenderInline {SPAN} at (0,0) size 26x17
          RenderInline (generated) at (0,0) size 26x17
            RenderCounter at (683,0) size 26x17
              text run at (683,0) width 26: "\x{10D0}.\x{10E6}"
        RenderText {#text} at (708,0) size 5x17
          text run at (708,0) width 5: " "
        RenderInline {SPAN} at (0,0) size 21x17
          RenderInline (generated) at (0,0) size 21x17
            RenderCounter at (712,0) size 21x17
              text run at (712,0) width 21: "\x{10D0}.\x{10E7}"
        RenderText {#text} at (732,0) size 5x17
          text run at (732,0) width 5: " "
        RenderInline {SPAN} at (0,0) size 22x17
          RenderInline (generated) at (0,0) size 22x17
            RenderCounter at (736,0) size 22x17
              text run at (736,0) width 22: "\x{10D0}.\x{10E8}"
        RenderText {#text} at (757,0) size 5x17
          text run at (757,0) width 5: " "
        RenderInline {SPAN} at (0,0) size 21x17
          RenderInline (generated) at (0,0) size 21x17
            RenderCounter at (761,0) size 21x17
              text run at (761,0) width 21: "\x{10D0}.\x{10E9}"
        RenderText {#text} at (781,0) size 5x17
          text run at (781,0) width 5: " "
        RenderInline {SPAN} at (0,0) size 22x17
          RenderInline (generated) at (0,0) size 22x17
            RenderCounter at (785,0) size 22x17
              text run at (785,0) width 22: "\x{10D0}.\x{10EA}"
        RenderText {#text} at (806,0) size 5x17
          text run at (806,0) width 5: " "
        RenderInline {SPAN} at (0,0) size 22x17
          RenderInline (generated) at (0,0) size 22x17
            RenderCounter at (810,0) size 22x17
              text run at (810,0) width 22: "\x{10D0}.\x{10EB}"
        RenderText {#text} at (831,0) size 5x17
          text run at (831,0) width 5: " "
        RenderInline {SPAN} at (0,0) size 21x17
          RenderInline (generated) at (0,0) size 21x17
            RenderCounter at (835,0) size 21x17
              text run at (835,0) width 21: "\x{10D0}.\x{10EC}"
        RenderText {#text} at (855,0) size 5x17
          text run at (855,0) width 5: " "
        RenderInline {SPAN} at (0,0) size 21x17
          RenderInline (generated) at (0,0) size 21x17
            RenderCounter at (859,0) size 21x17
              text run at (859,0) width 21: "\x{10D0}.\x{10ED}"
        RenderText {#text} at (879,0) size 5x17
          text run at (879,0) width 5: " "
        RenderInline {SPAN} at (0,0) size 22x17
          RenderInline (generated) at (0,0) size 22x17
            RenderCounter at (883,0) size 22x17
              text run at (883,0) width 22: "\x{10D0}.\x{10EE}"
        RenderText {#text} at (904,0) size 5x17
          text run at (904,0) width 5: " "
        RenderInline {SPAN} at (0,0) size 21x17
          RenderInline (generated) at (0,0) size 21x17
            RenderCounter at (908,0) size 21x17
              text run at (908,0) width 21: "\x{10D0}.\x{10F4}"
        RenderText {#text} at (928,0) size 5x17
          text run at (928,0) width 5: " "
        RenderInline {SPAN} at (0,0) size 21x17
          RenderInline (generated) at (0,0) size 21x17
            RenderCounter at (932,0) size 21x17
              text run at (932,0) width 21: "\x{10D0}.\x{10EF}"
        RenderText {#text} at (952,0) size 5x17
          text run at (952,0) width 5: " "
        RenderInline {SPAN} at (0,0) size 21x17
          RenderInline (generated) at (0,0) size 21x17
            RenderCounter at (956,0) size 21x17
              text run at (956,0) width 21: "\x{10D0}.\x{10F0}"
        RenderText {#text} at (976,0) size 5x17
          text run at (976,0) width 5: " "
        RenderInline {SPAN} at (0,0) size 23x17
          RenderInline (generated) at (0,0) size 23x17
            RenderCounter at (980,0) size 23x17
              text run at (980,0) width 23: "\x{10D0}.\x{10F5}"
        RenderText {#text} at (1002,0) size 5x17
          text run at (1002,0) width 5: " "
        RenderInline {SPAN} at (0,0) size 60x17
          RenderInline (generated) at (0,0) size 60x17
            RenderCounter at (1006,0) size 60x17
              text run at (1006,0) width 60: "\x{10D0}.\x{10F5}\x{10F0}\x{10E8}\x{10DF}\x{10D7}"
        RenderText {#text} at (0,0) size 0x0
      RenderBlock {DIV} at (0,52) size 784x18
        RenderText {#text} at (0,0) size 1066x17
          text run at (0,0) width 25: "\x{10D0}.\x{10D0} "
          text run at (24,0) width 25: "\x{10D0}.\x{10D1} "
          text run at (48,0) width 26: "\x{10D0}.\x{10D2} "
          text run at (73,0) width 29: "\x{10D0}.\x{10D3} "
          text run at (101,0) width 26: "\x{10D0}.\x{10D4} "
          text run at (126,0) width 25: "\x{10D0}.\x{10D5} "
          text run at (150,0) width 25: "\x{10D0}.\x{10D6} "
          text run at (174,0) width 27: "\x{10D0}.\x{10F1} "
          text run at (200,0) width 29: "\x{10D0}.\x{10D7} "
          text run at (228,0) width 26: "\x{10D0}.\x{10D8} "
          text run at (253,0) width 33: "\x{10D0}.\x{10D8}\x{10D0} "
          text run at (285,0) width 33: "\x{10D0}.\x{10D8}\x{10D1} "
          text run at (317,0) width 26: "\x{10D0}.\x{10D9} "
          text run at (342,0) width 34: "\x{10D0}.\x{10DA} "
          text run at (375,0) width 25: "\x{10D0}.\x{10DB} "
          text run at (399,0) width 26: "\x{10D0}.\x{10DC} "
          text run at (424,0) width 25: "\x{10D0}.\x{10F2} "
          text run at (448,0) width 30: "\x{10D0}.\x{10DD} "
          text run at (477,0) width 25: "\x{10D0}.\x{10DE} "
          text run at (501,0) width 26: "\x{10D0}.\x{10DF} "
          text run at (526,0) width 29: "\x{10D0}.\x{10E0} "
          text run at (554,0) width 26: "\x{10D0}.\x{10E1} "
          text run at (579,0) width 28: "\x{10D0}.\x{10E2} "
          text run at (606,0) width 25: "\x{10D0}.\x{10F3} "
          text run at (630,0) width 30: "\x{10D0}.\x{10E4} "
          text run at (659,0) width 25: "\x{10D0}.\x{10E5} "
          text run at (683,0) width 30: "\x{10D0}.\x{10E6} "
          text run at (712,0) width 25: "\x{10D0}.\x{10E7} "
          text run at (736,0) width 26: "\x{10D0}.\x{10E8} "
          text run at (761,0) width 25: "\x{10D0}.\x{10E9} "
          text run at (785,0) width 26: "\x{10D0}.\x{10EA} "
          text run at (810,0) width 26: "\x{10D0}.\x{10EB} "
          text run at (835,0) width 25: "\x{10D0}.\x{10EC} "
          text run at (859,0) width 25: "\x{10D0}.\x{10ED} "
          text run at (883,0) width 26: "\x{10D0}.\x{10EE} "
          text run at (908,0) width 25: "\x{10D0}.\x{10F4} "
          text run at (932,0) width 25: "\x{10D0}.\x{10EF} "
          text run at (956,0) width 25: "\x{10D0}.\x{10F0} "
          text run at (980,0) width 27: "\x{10D0}.\x{10F5} "
          text run at (1006,0) width 60: "\x{10D0}.\x{10F5}\x{10F0}\x{10E8}\x{10DF}\x{10D7}"
