layer at (0,0) size 800x600
  RenderView at (0,0) size 800x600
layer at (0,0) size 800x94
  RenderBlock {HTML} at (0,0) size 800x94
    RenderBody {BODY} at (8,16) size 784x70
      RenderBlock {P} at (0,0) size 784x18
        RenderText {#text} at (0,0) size 237x17
          text run at (0,0) width 237: "The following two lines should look "
        RenderInline {EM} at (0,0) size 93x17
          RenderText {#text} at (236,0) size 93x17
            text run at (236,0) width 93: "approximately"
        RenderText {#text} at (328,0) size 66x17
          text run at (328,0) width 66: " the same:"
      RenderBlock {DIV} at (0,34) size 784x18
        RenderInline {SPAN} at (0,0) size 10x17
          RenderInline (generated) at (0,0) size 10x17
            RenderCounter at (0,0) size 10x17
              text run at (0,0) width 10: "\x{25A0}"
        RenderText {#text} at (9,0) size 5x17
          text run at (9,0) width 5: " "
        RenderInline {SPAN} at (0,0) size 11x17
          RenderInline (generated) at (0,0) size 11x17
            RenderCounter at (13,0) size 11x17
              text run at (13,0) width 11: "\x{25A0}"
        RenderText {#text} at (23,0) size 5x17
          text run at (23,0) width 5: " "
        RenderInline {SPAN} at (0,0) size 10x17
          RenderInline (generated) at (0,0) size 10x17
            RenderCounter at (27,0) size 10x17
              text run at (27,0) width 10: "\x{25A0}"
        RenderText {#text} at (36,0) size 5x17
          text run at (36,0) width 5: " "
        RenderInline {SPAN} at (0,0) size 11x17
          RenderInline (generated) at (0,0) size 11x17
            RenderCounter at (40,0) size 11x17
              text run at (40,0) width 11: "\x{25A0}"
        RenderText {#text} at (50,0) size 5x17
          text run at (50,0) width 5: " "
        RenderInline {SPAN} at (0,0) size 11x17
          RenderInline (generated) at (0,0) size 11x17
            RenderCounter at (54,0) size 11x17
              text run at (54,0) width 11: "\x{25A0}"
        RenderText {#text} at (64,0) size 5x17
          text run at (64,0) width 5: " "
        RenderInline {SPAN} at (0,0) size 10x17
          RenderInline (generated) at (0,0) size 10x17
            RenderCounter at (68,0) size 10x17
              text run at (68,0) width 10: "\x{25A0}"
        RenderText {#text} at (77,0) size 5x17
          text run at (77,0) width 5: " "
        RenderInline {SPAN} at (0,0) size 11x17
          RenderInline (generated) at (0,0) size 11x17
            RenderCounter at (81,0) size 11x17
              text run at (81,0) width 11: "\x{25A0}"
        RenderText {#text} at (91,0) size 5x17
          text run at (91,0) width 5: " "
        RenderInline {SPAN} at (0,0) size 11x17
          RenderInline (generated) at (0,0) size 11x17
            RenderCounter at (95,0) size 11x17
              text run at (95,0) width 11: "\x{25A0}"
        RenderText {#text} at (105,0) size 5x17
          text run at (105,0) width 5: " "
        RenderInline {SPAN} at (0,0) size 10x17
          RenderInline (generated) at (0,0) size 10x17
            RenderCounter at (109,0) size 10x17
              text run at (109,0) width 10: "\x{25A0}"
        RenderText {#text} at (118,0) size 5x17
          text run at (118,0) width 5: " "
        RenderInline {SPAN} at (0,0) size 11x17
          RenderInline (generated) at (0,0) size 11x17
            RenderCounter at (122,0) size 11x17
              text run at (122,0) width 11: "\x{25A0}"
        RenderText {#text} at (132,0) size 5x17
          text run at (132,0) width 5: " "
        RenderInline {SPAN} at (0,0) size 11x17
          RenderInline (generated) at (0,0) size 11x17
            RenderCounter at (136,0) size 11x17
              text run at (136,0) width 11: "\x{25A0}"
        RenderText {#text} at (146,0) size 5x17
          text run at (146,0) width 5: " "
        RenderInline {SPAN} at (0,0) size 10x17
          RenderInline (generated) at (0,0) size 10x17
            RenderCounter at (150,0) size 10x17
              text run at (150,0) width 10: "\x{25A0}"
        RenderText {#text} at (0,0) size 0x0
      RenderBlock {DIV} at (0,52) size 784x18
        RenderText {#text} at (0,0) size 185x17
          text run at (0,0) width 16: "\x{25FE} "
          text run at (15,0) width 17: "\x{25FE} "
          text run at (31,0) width 17: "\x{25FE} "
          text run at (47,0) width 16: "\x{25FE} "
          text run at (62,0) width 17: "\x{25FE} "
          text run at (78,0) width 17: "\x{25FE} "
          text run at (94,0) width 17: "\x{25FE} "
          text run at (110,0) width 16: "\x{25FE} "
          text run at (125,0) width 17: "\x{25FE} "
          text run at (141,0) width 17: "\x{25FE} "
          text run at (157,0) width 16: "\x{25FE} "
          text run at (172,0) width 13: "\x{25FE}"
