layer at (0,0) size 800x600
  RenderView at (0,0) size 800x600
layer at (0,0) size 800x101
  RenderBlock {HTML} at (0,0) size 800x101
    RenderBody {BODY} at (8,13) size 784x75 [color=#000080]
      RenderBlock {P} at (0,0) size 784x75
        RenderText {#text} at (0,0) size 618x15
          text run at (0,0) width 618: "This text should be 13px Helvetica in small-caps and italicized. There should be a small gap between each line. "
        RenderInline {SPAN} at (0,0) size 782x75 [color=#C0C0C0]
          RenderText {#text} at (617,0) size 782x75
            text run at (617,0) width 165: "dummy text dummy text dummy"
            text run at (0,15) width 195: "text dummy text dummy text dummy "
            text run at (194,15) width 390: "text dummy text dummy text dummy text dummy text dummy text dummy "
            text run at (583,15) width 192: "text dummy text dummy text dummy"
            text run at (0,30) width 195: "text dummy text dummy text dummy "
            text run at (194,30) width 390: "text dummy text dummy text dummy text dummy text dummy text dummy "
            text run at (583,30) width 192: "text dummy text dummy text dummy"
            text run at (0,45) width 195: "text dummy text dummy text dummy "
            text run at (194,45) width 390: "text dummy text dummy text dummy text dummy text dummy text dummy "
            text run at (583,45) width 192: "text dummy text dummy text dummy"
            text run at (0,60) width 195: "text dummy text dummy text dummy "
            text run at (194,60) width 348: "text dummy text dummy text dummy text dummy text dummy text"
        RenderText {#text} at (0,0) size 0x0
