layer at (0,0) size 800x600
  RenderView at (0,0) size 800x600
layer at (0,0) size 800x318
  RenderBlock {HTML} at (0,0) size 800x318
    RenderBody {BODY} at (8,16) size 784x294
      RenderBlock {P} at (0,0) size 784x38
        RenderText {#text} at (0,0) size 741x38
          text run at (0,0) width 741: "Test passes if there is a blue and orange square below and there is no vertical gap between the"
          text run at (0,19) width 68: "squares."
      RenderTable {DIV} at (0,54) size 120x240
        RenderBlock {DIV} at (0,0) size 120x120 [border: (10px solid #0000FF)]
        RenderBlock {DIV} at (0,120) size 120x120 [border: (10px solid #FFA500)]
