layer at (0,0) size 800x600
  RenderView at (0,0) size 800x600
layer at (0,0) size 800x201
  RenderBlock {HTML} at (0,0) size 800x201
    RenderBody {BODY} at (8,16) size 784x177
      RenderBlock {P} at (0,0) size 784x38
        RenderText {#text} at (0,0) size 744x38
          text run at (0,0) width 744: "Test passes if the left square below has \"Filler Text\" directly above it and the square on the right"
          text run at (0,19) width 74: "does not."
      RenderBlock {DIV} at (0,54) size 784x123
        RenderTable {SPAN} at (0,0) size 100x119
          RenderBlock {SPAN} at (0,0) size 100x19
            RenderText {#text} at (0,0) size 73x19
              text run at (0,0) width 73: "Filler Text"
          RenderTableSection (anonymous) at (0,19) size 100x100
            RenderTableRow {SPAN} at (0,0) size 100x50
              RenderTableCell {SPAN} at (0,0) size 50x0 [bgcolor=#000000] [r=0 c=0 rs=1 cs=1]
              RenderTableCell {SPAN} at (50,0) size 50x0 [bgcolor=#000000] [r=0 c=1 rs=1 cs=1]
            RenderTableRow {SPAN} at (0,50) size 100x50
              RenderTableCell {SPAN} at (0,50) size 50x0 [bgcolor=#000000] [r=1 c=0 rs=1 cs=1]
              RenderTableCell {SPAN} at (50,50) size 50x0 [bgcolor=#000000] [r=1 c=1 rs=1 cs=1]
        RenderText {#text} at (100,104) size 20x19
          text run at (100,104) width 5: " "
          text run at (105,104) width 15: "   "
        RenderTable {SPAN} at (120,19) size 100x100
          RenderTableSection (anonymous) at (0,0) size 100x100
            RenderTableRow {SPAN} at (0,0) size 100x50
              RenderTableCell {SPAN} at (0,0) size 50x0 [bgcolor=#000000] [r=0 c=0 rs=1 cs=1]
              RenderTableCell {SPAN} at (50,0) size 50x0 [bgcolor=#000000] [r=0 c=1 rs=1 cs=1]
            RenderTableRow {SPAN} at (0,50) size 100x50
              RenderTableCell {SPAN} at (0,50) size 50x0 [bgcolor=#000000] [r=1 c=0 rs=1 cs=1]
              RenderTableCell {SPAN} at (50,50) size 50x0 [bgcolor=#000000] [r=1 c=1 rs=1 cs=1]
        RenderText {#text} at (0,0) size 0x0
