layer at (0,0) size 800x600
  RenderView at (0,0) size 800x600
layer at (0,0) size 800x600
  RenderBlock {HTML} at (0,0) size 800x600
    RenderBody {BODY} at (8,8) size 784x584
      RenderBlock {P} at (0,0) size 784x42
        RenderText {#text} at (0,0) size 762x42
          text run at (0,0) width 762: "There are two boxes inside a container that is rotated 180\x{B0} in Y. box2 has backface-visibility: hidden, so you"
          text run at (0,21) width 79: "can't see it."
      RenderBlock {DIV} at (0,260) size 784x42
        RenderText {#text} at (0,0) size 215x21
          text run at (0,0) width 215: "Found container on left: PASS"
        RenderBR {BR} at (215,16) size 0x0
        RenderText {#text} at (0,21) size 194x21
          text run at (0,21) width 194: "Found box1 on right: PASS"
        RenderBR {BR} at (194,37) size 0x0
layer at (8,66) size 402x202
  RenderBlock {DIV} at (0,58) size 402x202 [bgcolor=#EEEEEE] [border: (1px solid #000000)]
    RenderText {#text} at (197,34) size 4x21
      text run at (197,34) width 4: " "
    RenderText {#text} at (0,0) size 0x0
layer at (27,85) size 160x160
  RenderBlock (relative positioned) {DIV} at (19,19) size 160x160 [bgcolor=#808080]
    RenderText {#text} at (45,0) size 70x41
      text run at (45,0) width 70: "box1"
layer at (227,85) size 160x160
  RenderBlock (relative positioned) {DIV} at (219,19) size 160x160 [bgcolor=#808080]
    RenderText {#text} at (45,0) size 70x41
      text run at (45,0) width 70: "box2"
