layer at (0,0) size 800x600
  RenderView at (0,0) size 800x600
layer at (0,0) size 800x344
  RenderBlock {HTML} at (0,0) size 800x344
    RenderBody {BODY} at (8,16) size 784x320
      RenderBlock {P} at (0,0) size 784x19
        RenderText {#text} at (0,0) size 379x19
          text run at (0,0) width 379: "The top left box, and all reflections should be rotated 45deg."
      RenderBlock {DIV} at (0,301) size 784x19
        RenderText {#text} at (0,0) size 625x19
          text run at (0,0) width 625: "PASS - \"webkitTransform.0\" property for \"animated\" element at 0.5s saw something close to: 0.76"
        RenderBR {BR} at (625,0) size 0x19
layer at (28,55) size 122x242
  RenderBlock {DIV} at (20,39) size 122x242 [border: (1px solid #000000)]
layer at (39,66) size 104x104
  RenderBlock {DIV} at (11,11) size 104x104 [border: (2px solid #0000FF)]
layer at (51,78) size 80x80
  RenderBlock {DIV} at (12,12) size 80x80 [bgcolor=#008000]
