layer at (0,0) size 800x600
  RenderView at (0,0) size 800x600
layer at (0,0) size 800x326
  RenderBlock {HTML} at (0,0) size 800x326
    RenderBody {BODY} at (8,16) size 784x290
      RenderBlock {P} at (0,0) size 784x38
        RenderText {#text} at (0,0) size 769x38
          text run at (0,0) width 769: "Transform inside nested reflections should be applied correctly. You should see four rotated green boxes, as mirror images"
          text run at (0,19) width 86: "of each other."
layer at (28,74) size 122x232
  RenderBlock {DIV} at (20,58) size 122x232 [border: (1px solid #000000)]
layer at (39,85) size 102x102
  RenderBlock {DIV} at (11,11) size 102x102 [border: (1px solid #000000)]
layer at (50,96) size 80x80
  RenderBlock {DIV} at (11,11) size 80x80 [bgcolor=#008000]
