layer at (0,0) size 800x600
  RenderView at (0,0) size 800x600
layer at (0,0) size 800x600
  RenderBlock {HTML} at (0,0) size 800x600
    RenderBody {BODY} at (8,8) size 784x576
      RenderBlock {P} at (0,0) size 784x18
        RenderText {#text} at (0,0) size 237x18
          text run at (0,0) width 237: "a b c d e f g h i j k l m n o p q r s t u v"
      RenderBlock {P} at (0,34) size 784x18
        RenderText {#text} at (0,0) size 251x18
          text run at (0,0) width 251: "a b c d e f g h i j k l m n o p q r s t u v"
