layer at (0,0) size 800x600
  RenderView at (0,0) size 800x600
layer at (0,0) size 800x600
  RenderBlock {HTML} at (0,0) size 800x600
    RenderBody {BODY} at (8,8) size 784x584
      RenderBlock {P} at (0,0) size 784x21
        RenderText {#text} at (0,0) size 296x21
          text run at (0,0) width 296: "Tests: the TABLE.createCaption() method"
        RenderBR {BR} at (296,16) size 0x0
      RenderBlock {P} at (0,37) size 784x63
        RenderText {#text} at (0,0) size 81x21
          text run at (0,0) width 81: "Conditions:"
        RenderBR {BR} at (81,16) size 0x0
        RenderText {#text} at (0,21) size 776x42
          text run at (0,21) width 755: "If no caption exists, the method should create an empty caption, add it to the table, and return a pointer to it. "
          text run at (755,21) width 21: "If a"
          text run at (0,42) width 411: "caption does exist, the method should return a pointer to it."
      RenderBlock {P} at (0,116) size 784x63
        RenderText {#text} at (0,0) size 362x21
          text run at (0,0) width 362: "If successful, the first table should have the caption "
        RenderInline {B} at (0,0) size 44x21
          RenderText {#text} at (362,0) size 44x21
            text run at (362,0) width 44: "Fruity"
        RenderText {#text} at (406,0) size 329x21
          text run at (406,0) width 329: ", and the second table should have the caption"
        RenderInline {B} at (0,0) size 85x21
          RenderText {#text} at (0,21) size 85x21
            text run at (0,21) width 85: "Vegetabley"
        RenderText {#text} at (85,21) size 728x42
          text run at (85,21) width 643: ". Upon failure, the first table will have no caption, and the second table will have the caption"
          text run at (0,42) width 53: "Things."
      RenderBlock {HR} at (0,195) size 784x2 [border: (1px inset #000000)]
      RenderTable {TABLE} at (0,205) size 121x106 [border: (1px outset #808080)]
        RenderBlock {CAPTION} at (0,0) size 121x21
          RenderInline {B} at (0,0) size 45x21
            RenderText {#text} at (38,0) size 45x21
              text run at (38,0) width 45: "Fruity"
        RenderTableSection {TBODY} at (1,22) size 119x83
          RenderTableRow {TR} at (0,2) size 119x25
            RenderTableCell {TH} at (2,2) size 60x25 [border: (1px inset #808080)] [r=0 c=0 rs=1 cs=1]
              RenderText {#text} at (12,2) size 36x21
                text run at (12,2) width 36: "Fruit"
            RenderTableCell {TH} at (64,2) size 53x25 [border: (1px inset #808080)] [r=0 c=1 rs=1 cs=1]
              RenderText {#text} at (5,2) size 43x21
                text run at (5,2) width 43: "Color"
          RenderTableRow {TR} at (0,29) size 119x25
            RenderTableCell {TD} at (2,29) size 60x25 [border: (1px inset #808080)] [r=1 c=0 rs=1 cs=1]
              RenderText {#text} at (2,2) size 56x21
                text run at (2,2) width 56: "Banana"
            RenderTableCell {TD} at (64,29) size 53x25 [border: (1px inset #808080)] [r=1 c=1 rs=1 cs=1]
              RenderText {#text} at (2,2) size 49x21
                text run at (2,2) width 49: "Yellow"
          RenderTableRow {TR} at (0,56) size 119x25
            RenderTableCell {TD} at (2,56) size 60x25 [border: (1px inset #808080)] [r=2 c=0 rs=1 cs=1]
              RenderText {#text} at (2,2) size 44x21
                text run at (2,2) width 44: "Grape"
            RenderTableCell {TD} at (64,56) size 53x25 [border: (1px inset #808080)] [r=2 c=1 rs=1 cs=1]
              RenderText {#text} at (2,2) size 47x21
                text run at (2,2) width 47: "Purple"
      RenderBlock (anonymous) at (0,311) size 784x21
        RenderBR {BR} at (0,0) size 0x21
      RenderTable {TABLE} at (0,332) size 145x106 [border: (1px outset #808080)]
        RenderBlock {CAPTION} at (0,0) size 145x21
          RenderInline {B} at (0,0) size 85x21
            RenderText {#text} at (30,0) size 85x21
              text run at (30,0) width 85: "Vegetabley"
        RenderTableSection {TBODY} at (1,22) size 143x83
          RenderTableRow {TR} at (0,2) size 143x25
            RenderTableCell {TH} at (2,2) size 80x25 [border: (1px inset #808080)] [r=0 c=0 rs=1 cs=1]
              RenderText {#text} at (2,2) size 76x21
                text run at (2,2) width 76: "Vegetable"
            RenderTableCell {TH} at (84,2) size 57x25 [border: (1px inset #808080)] [r=0 c=1 rs=1 cs=1]
              RenderText {#text} at (7,2) size 43x21
                text run at (7,2) width 43: "Color"
          RenderTableRow {TR} at (0,29) size 143x25
            RenderTableCell {TD} at (2,29) size 80x25 [border: (1px inset #808080)] [r=1 c=0 rs=1 cs=1]
              RenderText {#text} at (2,2) size 44x21
                text run at (2,2) width 44: "Carrot"
            RenderTableCell {TD} at (84,29) size 57x25 [border: (1px inset #808080)] [r=1 c=1 rs=1 cs=1]
              RenderText {#text} at (2,2) size 53x21
                text run at (2,2) width 53: "Orange"
          RenderTableRow {TR} at (0,56) size 143x25
            RenderTableCell {TD} at (2,56) size 80x25 [border: (1px inset #808080)] [r=2 c=0 rs=1 cs=1]
              RenderText {#text} at (2,2) size 74x21
                text run at (2,2) width 74: "Cucumber"
            RenderTableCell {TD} at (84,56) size 57x25 [border: (1px inset #808080)] [r=2 c=1 rs=1 cs=1]
              RenderText {#text} at (2,2) size 44x21
                text run at (2,2) width 44: "Green"
