layer at (0,0) size 800x600
  RenderView at (0,0) size 800x600
layer at (0,0) size 800x600
  RenderBlock {HTML} at (0,0) size 800x600
    RenderBody {BODY} at (8,8) size 784x584
      RenderBlock {P} at (0,0) size 784x21
        RenderText {#text} at (0,0) size 57x21
          text run at (0,0) width 57: "Test for "
        RenderInline {I} at (0,0) size 548x21
          RenderInline {A} at (0,0) size 165x21 [color=#0000EE]
            RenderText {#text} at (57,0) size 165x21
              text run at (57,0) width 165: "rdar://problem/6777374"
          RenderText {#text} at (222,0) size 383x21
            text run at (222,0) width 4: " "
            text run at (226,0) width 379: "Generated content with display: run-in causes a crash"
        RenderText {#text} at (605,0) size 4x21
          text run at (605,0) width 4: "."
      RenderBlock {DIV} at (0,37) size 784x21
        RenderBlock {DIV} at (0,0) size 784x21
          RenderInline (generated) at (0,0) size 44x21
            RenderText at (0,0) size 44x21
              text run at (0,0) width 44: "PASS"
          RenderText {#text} at (44,0) size 181x21
            text run at (44,0) width 181: " < this should say \x{201C}PASS\x{201D}"
