layer at (0,0) size 800x600
  RenderView at (0,0) size 800x600
layer at (0,0) size 800x600
  RenderBlock {HTML} at (0,0) size 800x600
    RenderBody {BODY} at (8,8) size 784x584
      RenderBlock (anonymous) at (0,0) size 784x18
        RenderText {#text} at (0,0) size 254x18
          text run at (0,0) width 254: "These lines should have the same width:"
      RenderBlock {DIV} at (0,18) size 784x42
        RenderText {#text} at (0,0) size 106x20
          text run at (0,0) width 106: ". . . . . . . . a"
        RenderBR {BR} at (106,16) size 0x0
        RenderText {#text} at (0,21) size 106x20
          text run at (0,21) width 106: ". . . . . . . . a\x{300}"
