CONSOLE MESSAGE: line 10: Error: Invalid negative value for <svg> attribute width="-100"
layer at (0,0) size 800x600
  RenderView at (0,0) size 800x600
layer at (0,0) size 800x107
  RenderBlock {html} at (0,0) size 800x107
    RenderBody {body} at (8,8) size 784x83
      RenderBlock (anonymous) at (0,0) size 784x25
        RenderSVGRoot {svg} at (8,8) size 0x0
          RenderSVGText {text} at (10,20) size 138x13 contains 1 chunk(s)
            RenderSVGInlineText {#text} at (0,0) size 138x13
              chunk 1 text run 1 at (10.00,30.00) startOffset 0 endOffset 30 width 138.00: "FAIL (This should not render.)"
        RenderText {#text} at (0,0) size 0x0
      RenderBlock {p} at (0,41) size 784x42 [color=#008000]
        RenderText {#text} at (0,0) size 772x42
          text run at (0,0) width 457: "This line should be green, the word \"FAIL\" should not appear on "
          text run at (457,0) width 315: "this page, but a highly perceivable indication"
          text run at (0,21) width 128: "of error should be "
          text run at (128,21) width 144: "present somewhere."
