layer at (0,0) size 800x600
  RenderView at (0,0) size 800x600
layer at (0,0) size 800x600
  RenderBlock {HTML} at (0,0) size 800x600
    RenderBody {BODY} at (8,8) size 784x584
      RenderBlock {P} at (0,0) size 784x20
        RenderText {#text} at (0,0) size 147x19
          text run at (0,0) width 147: "Test controls placement."
      RenderBlock (anonymous) at (0,36) size 784x124
        RenderMedia {AUDIO} at (0,0) size 300x32 [bgcolor=#0000FF]
        RenderBR {BR} at (300,32) size 0x0
        RenderBR {BR} at (0,32) size 0x19
        RenderMedia {AUDIO} at (0,52) size 320x32 [bgcolor=#0000FF]
        RenderBR {BR} at (320,84) size 0x0
        RenderBR {BR} at (0,84) size 0x19
        RenderBR {BR} at (0,104) size 0x19
layer at (8,44) size 300x32
  RenderBlock (relative positioned) {DIV} at (0,0) size 300x32
layer at (8,44) size 300x32
  RenderFlexibleBox (positioned) {DIV} at (0,0) size 300x32 [bgcolor=#00000099]
layer at (15,50) size 18x19
  RenderButton {INPUT} at (7,6) size 18x19
layer at (38,44) size 236x32
  RenderFlexibleBox (positioned) {DIV} at (30,0) size 236x32 [border: (1px solid #FFFFFF33) none (1px solid #FFFFFF33)]
    RenderSlider {INPUT} at (7,7) size 164x18 [color=#328CDF] [bgcolor=#FFFFFF14] [border: (1px solid #FFFFFF33)]
      RenderBlock {DIV} at (1,-5) size 9x29
layer at (215,50) size 58x20 scrollHeight 21
  RenderFlexibleBox {DIV} at (177,6) size 58x20 [color=#FFFFFF]
    RenderBlock (anonymous) at (8,0) size 42x21
      RenderText {#text} at (0,1) size 42x19
        text run at (0,1) width 42: "00:00"
layer at (274,44) size 34x32
  RenderButton {INPUT} at (266,0) size 34x32
layer at (8,96) size 320x32
  RenderBlock (relative positioned) {DIV} at (0,0) size 320x32
layer at (8,96) size 320x32
  RenderFlexibleBox (positioned) {DIV} at (0,0) size 320x32 [bgcolor=#00000099]
layer at (15,102) size 18x19
  RenderButton {INPUT} at (7,6) size 18x19
layer at (38,96) size 256x32
  RenderFlexibleBox (positioned) {DIV} at (30,0) size 256x32 [border: (1px solid #FFFFFF33) none (1px solid #FFFFFF33)]
    RenderSlider {INPUT} at (7,7) size 184x18 [color=#328CDF] [bgcolor=#FFFFFF14] [border: (1px solid #FFFFFF33)]
      RenderBlock {DIV} at (1,-5) size 9x29
layer at (235,102) size 58x20 scrollHeight 21
  RenderFlexibleBox {DIV} at (197,6) size 58x20 [color=#FFFFFF]
    RenderBlock (anonymous) at (8,0) size 42x21
      RenderText {#text} at (0,1) size 42x19
        text run at (0,1) width 42: "00:00"
layer at (294,96) size 34x32
  RenderButton {INPUT} at (286,0) size 34x32
layer at (8,148) size 320x100
  RenderMedia {AUDIO} at (8,148) size 320x100 [bgcolor=#0000FF]
layer at (8,148) size 320x100
  RenderBlock (relative positioned) {DIV} at (0,0) size 320x100
layer at (8,216) size 320x32
  RenderFlexibleBox (positioned) {DIV} at (0,68) size 320x32 [bgcolor=#00000099]
layer at (15,222) size 18x19
  RenderButton {INPUT} at (7,6) size 18x19
layer at (38,216) size 256x32
  RenderFlexibleBox (positioned) {DIV} at (30,0) size 256x32 [border: (1px solid #FFFFFF33) none (1px solid #FFFFFF33)]
    RenderSlider {INPUT} at (7,7) size 184x18 [color=#328CDF] [bgcolor=#FFFFFF14] [border: (1px solid #FFFFFF33)]
      RenderBlock {DIV} at (1,-5) size 9x29
layer at (235,222) size 58x20 scrollHeight 21
  RenderFlexibleBox {DIV} at (197,6) size 58x20 [color=#FFFFFF]
    RenderBlock (anonymous) at (8,0) size 42x21
      RenderText {#text} at (0,1) size 42x19
        text run at (0,1) width 42: "00:00"
layer at (294,216) size 34x32
  RenderButton {INPUT} at (286,0) size 34x32
