layer at (0,0) size 800x600
  RenderView at (0,0) size 800x600
layer at (0,0) size 800x600
  RenderBlock {HTML} at (0,0) size 800x600
    RenderBody {BODY} at (8,8) size 784x584
      RenderBlock {P} at (0,0) size 784x20
        RenderText {#text} at (0,0) size 656x19
          text run at (0,0) width 575: "This tests that in a html document with inline audio content, the media element repaints correctly "
          text run at (575,0) width 81: "while playing."
      RenderBlock (anonymous) at (0,36) size 784x169
        RenderMedia {AUDIO} at (0,0) size 300x30
        RenderBR {BR} at (300,30) size 0x0
        RenderBR {BR} at (300,85) size 0x0
        RenderBR {BR} at (300,169) size 0x0
layer at (8,74) size 300x30
  RenderMedia {AUDIO} at (0,30) size 300x30
layer at (8,74) size 300x30
  RenderDeprecatedFlexibleBox (relative positioned) {DIV} at (0,0) size 300x30
    RenderBlock {DIV} at (0,0) size 300x30
layer at (8,74) size 300x30 scrollHeight 36
  RenderDeprecatedFlexibleBox (relative positioned) {DIV} at (0,0) size 300x30 [bgcolor=#141414CC]
    RenderBlock (anonymous) at (0,0) size 48x30
      RenderButton {INPUT} at (9,0) size 30x30
    RenderSlider {INPUT} at (48,11) size 86x8
      RenderDeprecatedFlexibleBox {DIV} at (0,0) size 86x8 [border: (1px solid #828282)]
        RenderBlock {DIV} at (1,1) size 66x24
        RenderBlock {DIV} at (60,1) size 32x24
    RenderDeprecatedFlexibleBox {DIV} at (149,0) size 25x30 [color=#FFFFFF]
      RenderBlock (anonymous) at (0,0) size 25x30
        RenderText {#text} at (0,7) size 25x16
          text run at (0,7) width 25: "0:00"
    RenderBlock (anonymous) at (183,0) size 41x30
      RenderButton {INPUT} at (0,0) size 35x30
    RenderSlider {INPUT} at (224,11) size 27x8
      RenderDeprecatedFlexibleBox {DIV} at (0,0) size 27x8 [border: (1px solid #828282)]
        RenderBlock {DIV} at (1,1) size 15x24
        RenderBlock {DIV} at (9,1) size 24x24
    RenderBlock (anonymous) at (266,0) size 34x30
      RenderButton {INPUT} at (-5,0) size 30x30
layer at (83,77) size 32x24
  RenderBlock (relative positioned) {DIV} at (-7,-8) size 32x24
layer at (241,77) size 24x24
  RenderBlock (relative positioned) {DIV} at (-7,-8) size 24x24
layer at (8,44) size 300x30
  RenderDeprecatedFlexibleBox (relative positioned) {DIV} at (0,0) size 300x30
    RenderBlock {DIV} at (0,0) size 300x30
layer at (8,44) size 300x30 scrollHeight 36
  RenderDeprecatedFlexibleBox (relative positioned) {DIV} at (0,0) size 300x30 [bgcolor=#141414CC]
    RenderBlock (anonymous) at (0,0) size 48x30
      RenderButton {INPUT} at (9,0) size 30x30
    RenderSlider {INPUT} at (48,11) size 86x8
      RenderDeprecatedFlexibleBox {DIV} at (0,0) size 86x8 [border: (1px solid #828282)]
        RenderBlock {DIV} at (1,1) size 66x24
        RenderBlock {DIV} at (60,1) size 32x24
    RenderDeprecatedFlexibleBox {DIV} at (149,0) size 25x30 [color=#FFFFFF]
      RenderBlock (anonymous) at (0,0) size 25x30
        RenderText {#text} at (0,7) size 25x16
          text run at (0,7) width 25: "0:00"
    RenderBlock (anonymous) at (183,0) size 41x30
      RenderButton {INPUT} at (0,0) size 35x30
    RenderSlider {INPUT} at (224,11) size 27x8
      RenderDeprecatedFlexibleBox {DIV} at (0,0) size 27x8 [border: (1px solid #828282)]
        RenderBlock {DIV} at (1,1) size 15x24
        RenderBlock {DIV} at (9,1) size 24x24
    RenderBlock (anonymous) at (266,0) size 34x30
      RenderButton {INPUT} at (-5,0) size 30x30
layer at (83,47) size 32x24
  RenderBlock (relative positioned) {DIV} at (-7,-8) size 32x24
layer at (241,47) size 24x24
  RenderBlock (relative positioned) {DIV} at (-7,-8) size 24x24
layer at (8,156) size 300x30
  RenderMedia {AUDIO} at (0,112) size 300x30
layer at (8,156) size 300x30
  RenderDeprecatedFlexibleBox (relative positioned) {DIV} at (0,0) size 300x30
    RenderBlock {DIV} at (0,0) size 300x30
layer at (8,156) size 300x30 scrollHeight 36
  RenderDeprecatedFlexibleBox (relative positioned) {DIV} at (0,0) size 300x30 [bgcolor=#141414CC]
    RenderBlock (anonymous) at (0,0) size 48x30
      RenderButton {INPUT} at (9,0) size 30x30
    RenderSlider {INPUT} at (48,11) size 86x8
      RenderDeprecatedFlexibleBox {DIV} at (0,0) size 86x8 [border: (1px solid #828282)]
        RenderBlock {DIV} at (1,1) size 66x24
        RenderBlock {DIV} at (60,1) size 32x24
    RenderDeprecatedFlexibleBox {DIV} at (149,0) size 25x30 [color=#FFFFFF]
      RenderBlock (anonymous) at (0,0) size 25x30
        RenderText {#text} at (0,7) size 25x16
          text run at (0,7) width 25: "0:00"
    RenderBlock (anonymous) at (183,0) size 41x30
      RenderButton {INPUT} at (0,0) size 35x30
    RenderSlider {INPUT} at (224,11) size 27x8
      RenderDeprecatedFlexibleBox {DIV} at (0,0) size 27x8 [border: (1px solid #828282)]
        RenderBlock {DIV} at (1,1) size 15x24
        RenderBlock {DIV} at (9,1) size 24x24
    RenderBlock (anonymous) at (266,0) size 34x30
      RenderButton {INPUT} at (-5,0) size 30x30
