layer at (0,0) size 800x600
  RenderView at (0,0) size 800x600
layer at (0,0) size 800x600
  RenderBlock {HTML} at (0,0) size 800x600
    RenderBody {BODY} at (8,8) size 784x584
      RenderBlock {P} at (0,0) size 784x20
        RenderText {#text} at (0,0) size 392x19
          text run at (0,0) width 392: "Movie with no audio track. The volume button should not render."
      RenderBlock (anonymous) at (0,36) size 784x288
        RenderText {#text} at (0,0) size 0x0
layer at (8,44) size 352x288
  RenderVideo {VIDEO} at (0,0) size 352x288
layer at (8,44) size 352x288
  RenderBlock (relative positioned) {DIV} at (0,0) size 352x288
layer at (8,300) size 352x32
  RenderDeprecatedFlexibleBox (positioned) {DIV} at (0,256) size 352x32 [bgcolor=#00000099]
layer at (15,306) size 18x19
  RenderButton {INPUT} at (7,6) size 18x19
layer at (38,300) size 288x32
  RenderDeprecatedFlexibleBox (positioned) {DIV} at (30,0) size 288x32 [border: (1px solid #FFFFFF33) none (1px solid #FFFFFF33)]
    RenderSlider {INPUT} at (7,7) size 216x18 [color=#328CDF] [bgcolor=#FFFFFF14] [border: (1px solid #FFFFFF33)]
      RenderFlexibleBox {DIV} at (1,1) size 214x16
        RenderBlock {DIV} at (0,0) size 205x29
        RenderBlock {DIV} at (205,0) size 9x29
layer at (267,306) size 58x20 scrollHeight 21
  RenderDeprecatedFlexibleBox {DIV} at (229,6) size 58x20 [color=#FFFFFF]
    RenderBlock (anonymous) at (8,0) size 42x21
      RenderText {#text} at (0,1) size 42x19
        text run at (0,1) width 42: "00:00"
layer at (46,302) size 9x29
  RenderBlock (relative positioned) {DIV} at (0,-6) size 9x29
layer at (326,300) size 34x32
  RenderButton {INPUT} at (318,0) size 34x32
