layer at (0,0) size 800x600
  RenderView at (0,0) size 800x600
layer at (0,0) size 800x600
  RenderBlock {HTML} at (0,0) size 800x600
    RenderBody {BODY} at (8,8) size 784x584
      RenderText {#text} at (0,0) size 471x19
        text run at (0,0) width 471: "This tests that toggling the display property won't make the controls disappear."
      RenderBR {BR} at (471,15) size 0x0
      RenderText {#text} at (0,0) size 0x0
layer at (8,28) size 320x240
  RenderVideo {VIDEO} at (0,20) size 320x240
layer at (8,28) size 320x240
  RenderBlock (relative positioned) {DIV} at (0,0) size 320x240
layer at (8,236) size 320x32
  RenderFlexibleBox (positioned) {DIV} at (0,208) size 320x32 [bgcolor=#00000099]
layer at (15,242) size 18x19
  RenderButton {INPUT} at (7,6) size 18x19
layer at (38,236) size 256x32
  RenderFlexibleBox (positioned) {DIV} at (30,0) size 256x32 [border: (1px solid #FFFFFF33) none (1px solid #FFFFFF33)]
    RenderSlider {INPUT} at (7,7) size 184x18 [color=#328CDF] [bgcolor=#FFFFFF14] [border: (1px solid #FFFFFF33)]
      RenderBlock {DIV} at (1,-5) size 9x29
layer at (235,242) size 58x20 scrollHeight 21
  RenderFlexibleBox {DIV} at (197,6) size 58x20 [color=#FFFFFF]
    RenderBlock (anonymous) at (8,0) size 42x21
      RenderText {#text} at (0,1) size 42x19
        text run at (0,1) width 42: "00:00"
layer at (294,236) size 34x32
  RenderButton {INPUT} at (286,0) size 34x32
