layer at (0,0) size 800x600
  RenderView at (0,0) size 800x600
layer at (0,0) size 800x600
  RenderBlock {HTML} at (0,0) size 800x600
    RenderBody {BODY} at (12,12) size 776x543
      RenderBlock {P} at (0,0) size 776x28
        RenderText {#text} at (0,0) size 275x27
          text run at (0,0) width 275: "Zoomed video with controls."
layer at (57,85) size 240x180
  RenderVideo {VIDEO} at (45,73) size 240x180
layer at (57,85) size 240x180
  RenderBlock (relative positioned) {DIV} at (0,0) size 240x180
layer at (57,217) size 240x48
  RenderDeprecatedFlexibleBox (positioned) {DIV} at (0,132) size 240x48 [bgcolor=#00000099]
layer at (67,227) size 27x28
  RenderButton {INPUT} at (10,10) size 27x28
layer at (102,217) size 144x48
  RenderDeprecatedFlexibleBox (positioned) {DIV} at (45,0) size 144x48 [border: (1px solid #FFFFFF33) none (1px solid #FFFFFF33)]
    RenderSlider {INPUT} at (10,10) size 124x27 [color=#328CDF] [bgcolor=#FFFFFF14] [border: (1px solid #FFFFFF33)]
      RenderDeprecatedFlexibleBox {DIV} at (1,1) size 122x25
        RenderBlock {DIV} at (0,0) size 109x43
        RenderBlock {DIV} at (109,0) size 13x43
layer at (245,226) size 0x30 scrollWidth 87 scrollHeight 31
  RenderDeprecatedFlexibleBox {DIV} at (143,9) size 0x30 [color=#FFFFFF]
    RenderBlock (anonymous) at (14,0) size 59x31
      RenderText {#text} at (0,1) size 59x29
        text run at (0,1) width 59: "00:00"
layer at (113,219) size 13x43
  RenderBlock (relative positioned) {DIV} at (0,-9) size 13x43
layer at (246,217) size 51x48
  RenderButton {INPUT} at (189,0) size 51x48
layer at (57,310) size 240x180
  RenderVideo {VIDEO} at (45,298) size 240x180
layer at (57,310) size 240x180
  RenderBlock (relative positioned) {DIV} at (0,0) size 240x180
layer at (57,442) size 240x48
  RenderDeprecatedFlexibleBox (positioned) {DIV} at (0,132) size 240x48 [bgcolor=#00000099]
layer at (67,452) size 27x28
  RenderButton {INPUT} at (10,10) size 27x28
layer at (102,442) size 144x48
  RenderDeprecatedFlexibleBox (positioned) {DIV} at (45,0) size 144x48 [border: (1px solid #FFFFFF33) none (1px solid #FFFFFF33)]
    RenderSlider {INPUT} at (10,10) size 124x27 [color=#328CDF] [bgcolor=#FFFFFF14] [border: (1px solid #FFFFFF33)]
      RenderDeprecatedFlexibleBox {DIV} at (1,1) size 122x25
        RenderBlock {DIV} at (0,0) size 109x43
        RenderBlock {DIV} at (109,0) size 13x43
layer at (245,451) size 0x30 scrollWidth 87 scrollHeight 31
  RenderDeprecatedFlexibleBox {DIV} at (143,9) size 0x30 [color=#FFFFFF]
    RenderBlock (anonymous) at (14,0) size 59x31
      RenderText {#text} at (0,1) size 59x29
        text run at (0,1) width 59: "00:00"
layer at (113,444) size 13x43
  RenderBlock (relative positioned) {DIV} at (0,-9) size 13x43
layer at (246,442) size 51x48
  RenderButton {INPUT} at (189,0) size 51x48
