layer at (0,0) size 800x600
  RenderView at (0,0) size 800x600
layer at (0,0) size 800x600
  RenderBlock {HTML} at (0,0) size 800x600
    RenderBody {BODY} at (8,8) size 784x584
      RenderBlock {P} at (0,0) size 784x20
        RenderText {#text} at (0,0) size 409x19
          text run at (0,0) width 409: "Slider drawing with no source. The controls should render correctly."
      RenderBlock (anonymous) at (0,36) size 784x152
        RenderText {#text} at (0,0) size 0x0
layer at (8,44) size 302x152
  RenderVideo {VIDEO} at (0,0) size 302x152 [border: (1px solid #000000)]
layer at (9,45) size 300x150
  RenderDeprecatedFlexibleBox (relative positioned) {DIV} at (1,1) size 300x150
    RenderBlock {DIV} at (0,115) size 300x35
layer at (14,160) size 290x30
  RenderDeprecatedFlexibleBox (relative positioned) {DIV} at (5,0) size 290x30 [bgcolor=#141414CC]
    RenderBlock (anonymous) at (104,0) size 48x30
      RenderButton {INPUT} at (9,0) size 30x30
    RenderDeprecatedFlexibleBox {DIV} at (152,0) size 25x30 [color=#FFFFFF]
      RenderBlock (anonymous) at (0,0) size 25x30
        RenderText {#text} at (0,7) size 25x16
          text run at (0,7) width 25: "0:00"
    RenderBlock (anonymous) at (186,15) size 0x0
