layer at (0,0) size 784x852
  RenderView at (0,0) size 784x600
layer at (0,0) size 784x852
  RenderBlock {HTML} at (0,0) size 784x852
    RenderBody {BODY} at (8,8) size 768x836
      RenderBlock {DIV} at (0,0) size 768x22
        RenderInline {SPAN} at (0,0) size 340x22
          RenderText {#text} at (0,0) size 324x22
            text run at (0,0) width 324: "No font is specified. expected: yen sign, actual: \x{A5}"
          RenderInline {SPAN} at (0,0) size 8x22
            RenderText {#text} at (324,0) size 8x22
              text run at (324,0) width 8: "\x{A5}"
          RenderInline {SPAN} at (0,0) size 8x22
            RenderText {#text} at (332,0) size 8x22
              text run at (332,0) width 8: "\x{A5}"
      RenderBlock {DIV} at (0,22) size 768x22
        RenderInline {SPAN} at (0,0) size 442x21
          RenderText {#text} at (0,0) size 422x21
            text run at (0,0) width 422: "Using font \"MS PGothic\". expected: yen sign, actual: \x{A5}"
          RenderInline {SPAN} at (0,0) size 10x21
            RenderText {#text} at (422,0) size 10x21
              text run at (422,0) width 10: "\x{A5}"
          RenderInline {SPAN} at (0,0) size 10x21
            RenderText {#text} at (432,0) size 10x21
              text run at (432,0) width 10: "\x{A5}"
        RenderInline {SPAN} at (0,0) size 10x21
          RenderText {#text} at (442,0) size 10x21
            text run at (442,0) width 10: "\x{A5}"
      RenderBlock {DIV} at (0,44) size 768x22
        RenderInline {SPAN} at (0,0) size 432x21
          RenderText {#text} at (0,0) size 412x21
            text run at (0,0) width 412: "Using font \"MS Gothic\". expected: yen sign, actual: \x{A5}"
          RenderInline {SPAN} at (0,0) size 10x21
            RenderText {#text} at (412,0) size 10x21
              text run at (412,0) width 10: "\x{A5}"
          RenderInline {SPAN} at (0,0) size 10x21
            RenderText {#text} at (422,0) size 10x21
              text run at (422,0) width 10: "\x{A5}"
        RenderInline {SPAN} at (0,0) size 10x21
          RenderText {#text} at (432,0) size 10x21
            text run at (432,0) width 10: "\x{A5}"
      RenderBlock {DIV} at (0,66) size 768x22
        RenderInline {SPAN} at (0,0) size 449x21
          RenderText {#text} at (0,0) size 429x21
            text run at (0,0) width 429: "Using font \"MS PMincho\". expected: yen sign, actual: \x{A5}"
          RenderInline {SPAN} at (0,0) size 10x21
            RenderText {#text} at (429,0) size 10x21
              text run at (429,0) width 10: "\x{A5}"
          RenderInline {SPAN} at (0,0) size 10x21
            RenderText {#text} at (439,0) size 10x21
              text run at (439,0) width 10: "\x{A5}"
        RenderInline {SPAN} at (0,0) size 10x21
          RenderText {#text} at (449,0) size 10x21
            text run at (449,0) width 10: "\x{A5}"
      RenderBlock {DIV} at (0,88) size 768x22
        RenderInline {SPAN} at (0,0) size 439x21
          RenderText {#text} at (0,0) size 419x21
            text run at (0,0) width 419: "Using font \"MS Mincho\". expected: yen sign, actual: \x{A5}"
          RenderInline {SPAN} at (0,0) size 10x21
            RenderText {#text} at (419,0) size 10x21
              text run at (419,0) width 10: "\x{A5}"
          RenderInline {SPAN} at (0,0) size 10x21
            RenderText {#text} at (429,0) size 10x21
              text run at (429,0) width 10: "\x{A5}"
        RenderInline {SPAN} at (0,0) size 10x21
          RenderText {#text} at (439,0) size 10x21
            text run at (439,0) width 10: "\x{A5}"
      RenderBlock {DIV} at (0,110) size 768x22
        RenderInline {SPAN} at (0,0) size 402x21
          RenderText {#text} at (0,0) size 382x21
            text run at (0,0) width 382: "Using font \"Meiryo\". expected: yen sign, actual: \x{A5}"
          RenderInline {SPAN} at (0,0) size 10x21
            RenderText {#text} at (382,0) size 10x21
              text run at (382,0) width 10: "\x{A5}"
          RenderInline {SPAN} at (0,0) size 10x21
            RenderText {#text} at (392,0) size 10x21
              text run at (392,0) width 10: "\x{A5}"
        RenderInline {SPAN} at (0,0) size 10x21
          RenderText {#text} at (402,0) size 10x21
            text run at (402,0) width 10: "\x{A5}"
      RenderBlock {DIV} at (0,132) size 768x22
        RenderInline {SPAN} at (0,0) size 389x21
          RenderText {#text} at (0,0) size 369x21
            text run at (0,0) width 369: "Using font \"\x{FF2D}\x{FF33} \x{FF30}\x{30B4}\x{30B7}\x{30C3}\x{30AF}\". expected: yen sign, actual: \x{A5}"
          RenderInline {SPAN} at (0,0) size 10x21
            RenderText {#text} at (369,0) size 10x21
              text run at (369,0) width 10: "\x{A5}"
          RenderInline {SPAN} at (0,0) size 10x21
            RenderText {#text} at (379,0) size 10x21
              text run at (379,0) width 10: "\x{A5}"
        RenderInline {SPAN} at (0,0) size 10x21
          RenderText {#text} at (389,0) size 10x21
            text run at (389,0) width 10: "\x{A5}"
      RenderBlock {DIV} at (0,154) size 768x22
        RenderInline {SPAN} at (0,0) size 384x21
          RenderText {#text} at (0,0) size 364x21
            text run at (0,0) width 364: "Using font \"\x{FF2D}\x{FF33} \x{30B4}\x{30B7}\x{30C3}\x{30AF}\". expected: yen sign, actual: \x{A5}"
          RenderInline {SPAN} at (0,0) size 10x21
            RenderText {#text} at (364,0) size 10x21
              text run at (364,0) width 10: "\x{A5}"
          RenderInline {SPAN} at (0,0) size 10x21
            RenderText {#text} at (374,0) size 10x21
              text run at (374,0) width 10: "\x{A5}"
        RenderInline {SPAN} at (0,0) size 10x21
          RenderText {#text} at (384,0) size 10x21
            text run at (384,0) width 10: "\x{A5}"
      RenderBlock {DIV} at (0,176) size 768x22
        RenderInline {SPAN} at (0,0) size 379x21
          RenderText {#text} at (0,0) size 359x21
            text run at (0,0) width 359: "Using font \"\x{FF2D}\x{FF33} \x{FF30}\x{660E}\x{671D}\". expected: yen sign, actual: \x{A5}"
          RenderInline {SPAN} at (0,0) size 10x21
            RenderText {#text} at (359,0) size 10x21
              text run at (359,0) width 10: "\x{A5}"
          RenderInline {SPAN} at (0,0) size 10x21
            RenderText {#text} at (369,0) size 10x21
              text run at (369,0) width 10: "\x{A5}"
        RenderInline {SPAN} at (0,0) size 10x21
          RenderText {#text} at (379,0) size 10x21
            text run at (379,0) width 10: "\x{A5}"
      RenderBlock {DIV} at (0,198) size 768x22
        RenderInline {SPAN} at (0,0) size 374x21
          RenderText {#text} at (0,0) size 354x21
            text run at (0,0) width 354: "Using font \"\x{FF2D}\x{FF33} \x{660E}\x{671D}\". expected: yen sign, actual: \x{A5}"
          RenderInline {SPAN} at (0,0) size 10x21
            RenderText {#text} at (354,0) size 10x21
              text run at (354,0) width 10: "\x{A5}"
          RenderInline {SPAN} at (0,0) size 10x21
            RenderText {#text} at (364,0) size 10x21
              text run at (364,0) width 10: "\x{A5}"
        RenderInline {SPAN} at (0,0) size 10x21
          RenderText {#text} at (374,0) size 10x21
            text run at (374,0) width 10: "\x{A5}"
      RenderBlock {DIV} at (0,220) size 768x22
        RenderInline {SPAN} at (0,0) size 369x21
          RenderText {#text} at (0,0) size 349x21
            text run at (0,0) width 349: "Using font \"\x{30E1}\x{30A4}\x{30EA}\x{30AA}\". expected: yen sign, actual: \x{A5}"
          RenderInline {SPAN} at (0,0) size 10x21
            RenderText {#text} at (349,0) size 10x21
              text run at (349,0) width 10: "\x{A5}"
          RenderInline {SPAN} at (0,0) size 10x21
            RenderText {#text} at (359,0) size 10x21
              text run at (359,0) width 10: "\x{A5}"
        RenderInline {SPAN} at (0,0) size 10x21
          RenderText {#text} at (369,0) size 10x21
            text run at (369,0) width 10: "\x{A5}"
      RenderBlock {DIV} at (0,242) size 768x22
        RenderInline {SPAN} at (0,0) size 345x22
          RenderText {#text} at (0,0) size 337x22
            text run at (0,0) width 337: "Using font \"Times\". expected: backslash, actual: \\"
          RenderInline {SPAN} at (0,0) size 4x22
            RenderText {#text} at (337,0) size 4x22
              text run at (337,0) width 4: "\\"
          RenderInline {SPAN} at (0,0) size 4x22
            RenderText {#text} at (341,0) size 4x22
              text run at (341,0) width 4: "\\"
        RenderInline {SPAN} at (0,0) size 4x22
          RenderText {#text} at (345,0) size 4x22
            text run at (345,0) width 4: "\\"
      RenderBlock {DIV} at (0,264) size 768x22
        RenderInline {SPAN} at (0,0) size 410x21
          RenderText {#text} at (0,0) size 390x21
            text run at (0,0) width 390: "Using font \"foobar\". expected: backslash, actual: \\"
          RenderInline {SPAN} at (0,0) size 10x21
            RenderText {#text} at (390,0) size 10x21
              text run at (390,0) width 10: "\\"
          RenderInline {SPAN} at (0,0) size 10x21
            RenderText {#text} at (400,0) size 10x21
              text run at (400,0) width 10: "\\"
        RenderInline {SPAN} at (0,0) size 10x21
          RenderText {#text} at (410,0) size 10x21
            text run at (410,0) width 10: "\\"
      RenderBlock {DIV} at (0,286) size 768x22
        RenderInline {SPAN} at (0,0) size 495x22
          RenderText {#text} at (0,0) size 479x22
            text run at (0,0) width 479: "Using font \"*INVALID FONT NAME*\". expected: yen sign, actual: \x{A5}"
          RenderInline {SPAN} at (0,0) size 8x22
            RenderText {#text} at (479,0) size 8x22
              text run at (479,0) width 8: "\x{A5}"
          RenderInline {SPAN} at (0,0) size 8x22
            RenderText {#text} at (487,0) size 8x22
              text run at (487,0) width 8: "\x{A5}"
        RenderInline {SPAN} at (0,0) size 8x22
          RenderText {#text} at (495,0) size 8x22
            text run at (495,0) width 8: "\x{A5}"
      RenderBlock {DIV} at (0,308) size 768x22
        RenderInline {SPAN} at (0,0) size 334x22
          RenderText {#text} at (0,0) size 318x22
            text run at (0,0) width 318: "Using font \"serif\". expected: yen sign, actual: \x{A5}"
          RenderInline {SPAN} at (0,0) size 8x22
            RenderText {#text} at (318,0) size 8x22
              text run at (318,0) width 8: "\x{A5}"
          RenderInline {SPAN} at (0,0) size 8x22
            RenderText {#text} at (326,0) size 8x22
              text run at (326,0) width 8: "\x{A5}"
        RenderInline {SPAN} at (0,0) size 8x22
          RenderText {#text} at (334,0) size 8x22
            text run at (334,0) width 8: "\x{A5}"
      RenderBlock {DIV} at (0,330) size 768x22
        RenderInline {SPAN} at (0,0) size 384x21
          RenderText {#text} at (0,0) size 366x21
            text run at (0,0) width 366: "Using font \"sans-serif\". expected: yen sign, actual: \x{A5}"
          RenderInline {SPAN} at (0,0) size 9x21
            RenderText {#text} at (366,0) size 9x21
              text run at (366,0) width 9: "\x{A5}"
          RenderInline {SPAN} at (0,0) size 9x21
            RenderText {#text} at (375,0) size 9x21
              text run at (375,0) width 9: "\x{A5}"
        RenderInline {SPAN} at (0,0) size 9x21
          RenderText {#text} at (384,0) size 9x21
            text run at (384,0) width 9: "\x{A5}"
      RenderBlock {DIV} at (0,352) size 768x22
        RenderInline {SPAN} at (0,0) size 404x21
          RenderText {#text} at (0,0) size 384x21
            text run at (0,0) width 384: "Using font \"cursive\". expected: yen sign, actual: \x{A5}"
          RenderInline {SPAN} at (0,0) size 10x21
            RenderText {#text} at (384,0) size 10x21
              text run at (384,0) width 10: "\x{A5}"
          RenderInline {SPAN} at (0,0) size 10x21
            RenderText {#text} at (394,0) size 10x21
              text run at (394,0) width 10: "\x{A5}"
        RenderInline {SPAN} at (0,0) size 10x21
          RenderText {#text} at (404,0) size 10x21
            text run at (404,0) width 10: "\x{A5}"
      RenderBlock {DIV} at (0,374) size 768x22
        RenderInline {SPAN} at (0,0) size 406x21
          RenderText {#text} at (0,0) size 386x21
            text run at (0,0) width 386: "Using font \"fantasy\". expected: yen sign, actual: \x{A5}"
          RenderInline {SPAN} at (0,0) size 10x21
            RenderText {#text} at (386,0) size 10x21
              text run at (386,0) width 10: "\x{A5}"
          RenderInline {SPAN} at (0,0) size 10x21
            RenderText {#text} at (396,0) size 10x21
              text run at (396,0) width 10: "\x{A5}"
        RenderInline {SPAN} at (0,0) size 10x21
          RenderText {#text} at (406,0) size 10x21
            text run at (406,0) width 10: "\x{A5}"
      RenderBlock {DIV} at (0,396) size 768x22
        RenderInline {SPAN} at (0,0) size 359x17
          RenderText {#text} at (0,3) size 343x17
            text run at (0,3) width 343: "Using font \"monospace\". expected: yen sign, actual: \x{A5}"
          RenderInline {SPAN} at (0,0) size 8x17
            RenderText {#text} at (343,3) size 8x17
              text run at (343,3) width 8: "\x{A5}"
          RenderInline {SPAN} at (0,0) size 8x17
            RenderText {#text} at (351,3) size 8x17
              text run at (351,3) width 8: "\x{A5}"
        RenderInline {SPAN} at (0,0) size 8x17
          RenderText {#text} at (359,3) size 8x17
            text run at (359,3) width 8: "\x{A5}"
      RenderBlock {DIV} at (0,418) size 768x22
        RenderInline {SPAN} at (0,0) size 394x22
          RenderText {#text} at (0,0) size 386x22
            text run at (0,0) width 386: "Using font \"-webkit-body\". expected: backslash, actual: \\"
          RenderInline {SPAN} at (0,0) size 4x22
            RenderText {#text} at (386,0) size 4x22
              text run at (386,0) width 4: "\\"
          RenderInline {SPAN} at (0,0) size 4x22
            RenderText {#text} at (390,0) size 4x22
              text run at (390,0) width 4: "\\"
        RenderInline {SPAN} at (0,0) size 4x22
          RenderText {#text} at (394,0) size 4x22
            text run at (394,0) width 4: "\\"
      RenderBlock {DIV} at (0,440) size 768x22
        RenderInline {SPAN} at (0,0) size 355x22
          RenderText {#text} at (0,0) size 339x22
            text run at (0,0) width 339: "Using font \"caption\". expected: yen sign, actual: \x{A5}"
          RenderInline {SPAN} at (0,0) size 8x22
            RenderText {#text} at (339,0) size 8x22
              text run at (339,0) width 8: "\x{A5}"
          RenderInline {SPAN} at (0,0) size 8x22
            RenderText {#text} at (347,0) size 8x22
              text run at (347,0) width 8: "\x{A5}"
      RenderBlock {DIV} at (0,462) size 768x22
        RenderInline {SPAN} at (0,0) size 333x22
          RenderText {#text} at (0,0) size 317x22
            text run at (0,0) width 317: "Using font \"icon\". expected: yen sign, actual: \x{A5}"
          RenderInline {SPAN} at (0,0) size 8x22
            RenderText {#text} at (317,0) size 8x22
              text run at (317,0) width 8: "\x{A5}"
          RenderInline {SPAN} at (0,0) size 8x22
            RenderText {#text} at (325,0) size 8x22
              text run at (325,0) width 8: "\x{A5}"
      RenderBlock {DIV} at (0,484) size 768x22
        RenderInline {SPAN} at (0,0) size 343x22
          RenderText {#text} at (0,0) size 327x22
            text run at (0,0) width 327: "Using font \"menu\". expected: yen sign, actual: \x{A5}"
          RenderInline {SPAN} at (0,0) size 8x22
            RenderText {#text} at (327,0) size 8x22
              text run at (327,0) width 8: "\x{A5}"
          RenderInline {SPAN} at (0,0) size 8x22
            RenderText {#text} at (335,0) size 8x22
              text run at (335,0) width 8: "\x{A5}"
      RenderBlock {DIV} at (0,506) size 768x22
        RenderInline {SPAN} at (0,0) size 390x22
          RenderText {#text} at (0,0) size 374x22
            text run at (0,0) width 374: "Using font \"message-box\". expected: yen sign, actual: \x{A5}"
          RenderInline {SPAN} at (0,0) size 8x22
            RenderText {#text} at (374,0) size 8x22
              text run at (374,0) width 8: "\x{A5}"
          RenderInline {SPAN} at (0,0) size 8x22
            RenderText {#text} at (382,0) size 8x22
              text run at (382,0) width 8: "\x{A5}"
      RenderBlock {DIV} at (0,528) size 768x22
        RenderInline {SPAN} at (0,0) size 395x22
          RenderText {#text} at (0,0) size 379x22
            text run at (0,0) width 379: "Using font \"small-caption\". expected: yen sign, actual: \x{A5}"
          RenderInline {SPAN} at (0,0) size 8x22
            RenderText {#text} at (379,0) size 8x22
              text run at (379,0) width 8: "\x{A5}"
          RenderInline {SPAN} at (0,0) size 8x22
            RenderText {#text} at (387,0) size 8x22
              text run at (387,0) width 8: "\x{A5}"
      RenderBlock {DIV} at (0,550) size 768x22
        RenderInline {SPAN} at (0,0) size 373x22
          RenderText {#text} at (0,0) size 357x22
            text run at (0,0) width 357: "Using font \"status-bar\". expected: yen sign, actual: \x{A5}"
          RenderInline {SPAN} at (0,0) size 8x22
            RenderText {#text} at (357,0) size 8x22
              text run at (357,0) width 8: "\x{A5}"
          RenderInline {SPAN} at (0,0) size 8x22
            RenderText {#text} at (365,0) size 8x22
              text run at (365,0) width 8: "\x{A5}"
      RenderBlock {DIV} at (0,572) size 768x22
        RenderInline {SPAN} at (0,0) size 444x22
          RenderText {#text} at (0,0) size 428x22
            text run at (0,0) width 428: "Using font \"-webkit-mini-control\". expected: yen sign, actual: \x{A5}"
          RenderInline {SPAN} at (0,0) size 8x22
            RenderText {#text} at (428,0) size 8x22
              text run at (428,0) width 8: "\x{A5}"
          RenderInline {SPAN} at (0,0) size 8x22
            RenderText {#text} at (436,0) size 8x22
              text run at (436,0) width 8: "\x{A5}"
      RenderBlock {DIV} at (0,594) size 768x22
        RenderInline {SPAN} at (0,0) size 449x22
          RenderText {#text} at (0,0) size 433x22
            text run at (0,0) width 433: "Using font \"-webkit-small-control\". expected: yen sign, actual: \x{A5}"
          RenderInline {SPAN} at (0,0) size 8x22
            RenderText {#text} at (433,0) size 8x22
              text run at (433,0) width 8: "\x{A5}"
          RenderInline {SPAN} at (0,0) size 8x22
            RenderText {#text} at (441,0) size 8x22
              text run at (441,0) width 8: "\x{A5}"
      RenderBlock {DIV} at (0,616) size 768x22
        RenderInline {SPAN} at (0,0) size 409x22
          RenderText {#text} at (0,0) size 393x22
            text run at (0,0) width 393: "Using font \"-webkit-control\". expected: yen sign, actual: \x{A5}"
          RenderInline {SPAN} at (0,0) size 8x22
            RenderText {#text} at (393,0) size 8x22
              text run at (393,0) width 8: "\x{A5}"
          RenderInline {SPAN} at (0,0) size 8x22
            RenderText {#text} at (401,0) size 8x22
              text run at (401,0) width 8: "\x{A5}"
      RenderBlock {DIV} at (0,638) size 768x22
        RenderInline {SPAN} at (0,0) size 488x21
          RenderText {#text} at (0,0) size 468x21
            text run at (0,0) width 468: "Using font \"MS Gothic, Times\". expected: yen sign, actual: \x{A5}"
          RenderInline {SPAN} at (0,0) size 10x21
            RenderText {#text} at (468,0) size 10x21
              text run at (468,0) width 10: "\x{A5}"
          RenderInline {SPAN} at (0,0) size 10x21
            RenderText {#text} at (478,0) size 10x21
              text run at (478,0) width 10: "\x{A5}"
        RenderInline {SPAN} at (0,0) size 10x21
          RenderText {#text} at (488,0) size 10x21
            text run at (488,0) width 10: "\x{A5}"
      RenderBlock {DIV} at (0,660) size 768x22
        RenderInline {SPAN} at (0,0) size 426x22
          RenderText {#text} at (0,0) size 418x22
            text run at (0,0) width 418: "Using font \"Times, MS Gothic\". expected: backslash, actual: \\"
          RenderInline {SPAN} at (0,0) size 4x22
            RenderText {#text} at (418,0) size 4x22
              text run at (418,0) width 4: "\\"
          RenderInline {SPAN} at (0,0) size 4x22
            RenderText {#text} at (422,0) size 4x22
              text run at (422,0) width 4: "\\"
        RenderInline {SPAN} at (0,0) size 4x22
          RenderText {#text} at (426,0) size 4x22
            text run at (426,0) width 4: "\\"
      RenderBlock {DIV} at (0,682) size 768x22
        RenderInline {SPAN} at (0,0) size 491x21
          RenderText {#text} at (0,0) size 471x21
            text run at (0,0) width 471: "Using font \"MS Gothic, foobar\". expected: yen sign, actual: \x{A5}"
          RenderInline {SPAN} at (0,0) size 10x21
            RenderText {#text} at (471,0) size 10x21
              text run at (471,0) width 10: "\x{A5}"
          RenderInline {SPAN} at (0,0) size 10x21
            RenderText {#text} at (481,0) size 10x21
              text run at (481,0) width 10: "\x{A5}"
        RenderInline {SPAN} at (0,0) size 10x21
          RenderText {#text} at (491,0) size 10x21
            text run at (491,0) width 10: "\x{A5}"
      RenderBlock {DIV} at (0,704) size 768x22
        RenderInline {SPAN} at (0,0) size 503x21
          RenderText {#text} at (0,0) size 483x21
            text run at (0,0) width 483: "Using font \"foobar, MS Gothic\". expected: backslash, actual: \\"
          RenderInline {SPAN} at (0,0) size 10x21
            RenderText {#text} at (483,0) size 10x21
              text run at (483,0) width 10: "\\"
          RenderInline {SPAN} at (0,0) size 10x21
            RenderText {#text} at (493,0) size 10x21
              text run at (493,0) width 10: "\\"
        RenderInline {SPAN} at (0,0) size 10x21
          RenderText {#text} at (503,0) size 10x21
            text run at (503,0) width 10: "\\"
      RenderBlock {DIV} at (0,726) size 768x22
        RenderInline {SPAN} at (0,0) size 383x22
          RenderText {#text} at (0,0) size 367x22
            text run at (0,0) width 367: "Using font \"serif, Times\". expected: yen sign, actual: \x{A5}"
          RenderInline {SPAN} at (0,0) size 8x22
            RenderText {#text} at (367,0) size 8x22
              text run at (367,0) width 8: "\x{A5}"
          RenderInline {SPAN} at (0,0) size 8x22
            RenderText {#text} at (375,0) size 8x22
              text run at (375,0) width 8: "\x{A5}"
        RenderInline {SPAN} at (0,0) size 8x22
          RenderText {#text} at (383,0) size 8x22
            text run at (383,0) width 8: "\x{A5}"
      RenderBlock {DIV} at (0,748) size 768x22
        RenderInline {SPAN} at (0,0) size 382x22
          RenderText {#text} at (0,0) size 374x22
            text run at (0,0) width 374: "Using font \"Times, serif\". expected: backslash, actual: \\"
          RenderInline {SPAN} at (0,0) size 4x22
            RenderText {#text} at (374,0) size 4x22
              text run at (374,0) width 4: "\\"
          RenderInline {SPAN} at (0,0) size 4x22
            RenderText {#text} at (378,0) size 4x22
              text run at (378,0) width 4: "\\"
        RenderInline {SPAN} at (0,0) size 4x22
          RenderText {#text} at (382,0) size 4x22
            text run at (382,0) width 4: "\\"
      RenderBlock {DIV} at (0,770) size 768x22
        RenderInline {SPAN} at (0,0) size 371x22
          RenderText {#text} at (0,0) size 355x22
            text run at (0,0) width 355: "Using font \"serif, serif\". expected: yen sign, actual: \x{A5}"
          RenderInline {SPAN} at (0,0) size 8x22
            RenderText {#text} at (355,0) size 8x22
              text run at (355,0) width 8: "\x{A5}"
          RenderInline {SPAN} at (0,0) size 8x22
            RenderText {#text} at (363,0) size 8x22
              text run at (363,0) width 8: "\x{A5}"
        RenderInline {SPAN} at (0,0) size 8x22
          RenderText {#text} at (371,0) size 8x22
            text run at (371,0) width 8: "\x{A5}"
      RenderBlock {DIV} at (0,792) size 768x22
        RenderInline {SPAN} at (0,0) size 466x21
          RenderText {#text} at (0,0) size 446x21
            text run at (0,0) width 446: "Using font \"foobar, Times\". expected: backslash, actual: \\"
          RenderInline {SPAN} at (0,0) size 10x21
            RenderText {#text} at (446,0) size 10x21
              text run at (446,0) width 10: "\\"
          RenderInline {SPAN} at (0,0) size 10x21
            RenderText {#text} at (456,0) size 10x21
              text run at (456,0) width 10: "\\"
        RenderInline {SPAN} at (0,0) size 10x21
          RenderText {#text} at (466,0) size 10x21
            text run at (466,0) width 10: "\\"
      RenderBlock {DIV} at (0,814) size 768x22
        RenderInline {SPAN} at (0,0) size 398x22
          RenderText {#text} at (0,0) size 390x22
            text run at (0,0) width 390: "Using font \"Times, foobar\". expected: backslash, actual: \\"
          RenderInline {SPAN} at (0,0) size 4x22
            RenderText {#text} at (390,0) size 4x22
              text run at (390,0) width 4: "\\"
          RenderInline {SPAN} at (0,0) size 4x22
            RenderText {#text} at (394,0) size 4x22
              text run at (394,0) width 4: "\\"
        RenderInline {SPAN} at (0,0) size 4x22
          RenderText {#text} at (398,0) size 4x22
            text run at (398,0) width 4: "\\"
