layer at (0,0) size 800x600
  RenderView at (0,0) size 800x600
layer at (0,0) size 800x600
  RenderBlock {HTML} at (0,0) size 800x600
    RenderBody {BODY} at (8,8) size 784x584
      RenderBlock {P} at (0,0) size 784x44
        RenderText {#text} at (0,0) size 57x22
          text run at (0,0) width 57: "Test for "
        RenderInline {I} at (0,0) size 764x44
          RenderInline {A} at (0,0) size 304x22 [color=#0000EE]
            RenderText {#text} at (57,0) size 304x22
              text run at (57,0) width 304: "http://bugs.webkit.org/show_bug.cgi?id=12726"
          RenderText {#text} at (361,0) size 764x44
            text run at (361,0) width 4: " "
            text run at (365,0) width 399: "REGRESSION (r12073): Text wraps in the middle of a word"
            text run at (0,22) width 315: "instead of wrapping at the space before the word"
        RenderText {#text} at (315,22) size 4x22
          text run at (315,22) width 4: "."
      RenderBlock {P} at (0,60) size 784x22
        RenderText {#text} at (0,0) size 413x22
          text run at (0,0) width 413: "\x{201C}onelongwrodwithnobreaks\x{201D} should not break in the middle."
      RenderBlock {DIV} at (0,98) size 200x28 [bgcolor=#FFFF00]
        RenderText {#text} at (0,0) size 165x28
          text run at (0,0) width 165: "lllllllllllllllllllllllllllllllllllllllllllllllllllllll"
          text run at (0,14) width 141: "onelongwrodwithnobreaks"
