layer at (0,0) size 800x600
  RenderView at (0,0) size 800x600
layer at (0,0) size 800x600
  RenderBlock {HTML} at (0,0) size 800x600
    RenderBody {BODY} at (8,8) size 784x584
      RenderBlock (anonymous) at (0,0) size 784x22
        RenderText {#text} at (0,0) size 270x22
          text run at (0,0) width 270: "These lines should have the same width:"
      RenderBlock {DIV} at (0,22) size 784x42
        RenderText {#text} at (0,0) size 89x21
          text run at (0,0) width 89: ". . . . . . . . a"
        RenderBR {BR} at (89,16) size 0x0
        RenderText {#text} at (0,21) size 89x21
          text run at (0,21) width 89: ". . . . . . . . a\x{300}"
