layer at (0,0) size 800x600
  RenderView at (0,0) size 800x600
layer at (0,0) size 800x600
  RenderBlock {HTML} at (0,0) size 800x600
    RenderBody {BODY} at (8,8) size 784x584
      RenderBlock {CENTER} at (0,0) size 784x75
        RenderBlock {FORM} at (0,0) size 784x37
          RenderTable {TABLE} at (6,0) size 772x37
            RenderTableSection {TBODY} at (0,0) size 772x37
              RenderTableRow {TR} at (0,0) size 772x37
                RenderTableCell {TD} at (0,7) size 150x22 [r=0 c=0 rs=2 cs=1]
                  RenderText {#text} at (0,0) size 4x22
                    text run at (0,0) width 4: " "
                RenderTableCell {TD} at (150,3) size 330x30 [r=0 c=1 rs=1 cs=1]
                  RenderTextControl {INPUT} at (2,2) size 326x26
                  RenderText {#text} at (0,0) size 0x0
                RenderTableCell {TD} at (480,0) size 132x37 [r=0 c=2 rs=1 cs=1]
                  RenderButton {INPUT} at (2,2) size 128x33 [bgcolor=#C0C0C0]
                    RenderBlock (anonymous) at (6,6) size 116x21
                      RenderText at (0,0) size 116x21
                        text run at (0,0) width 116: "Search Froogle"
                  RenderText {#text} at (0,0) size 0x0
                RenderTableCell {TD} at (612,9) size 160x19 [r=0 c=3 rs=2 cs=1]
                  RenderInline {LABEL} at (0,0) size 121x14
                    RenderText {#text} at (0,0) size 0x0
                    RenderBlock {INPUT} at (12,3) size 13x13
                    RenderText {#text} at (27,4) size 104x14
                      text run at (27,4) width 104: " Remember this location"
                  RenderText {#text} at (0,0) size 0x0
        RenderBlock (anonymous) at (0,53) size 784x22
          RenderBR {BR} at (392,0) size 0x22
layer at (168,15) size 322x22
  RenderBlock {DIV} at (2,2) size 322x22
caret: position 1 of child 0 {#text} of child 1 {TD} of child 0 {TR} of child 1 {TBODY} of child 1 {TABLE} of child 1 {FORM} of child 1 {CENTER} of body
