layer at (0,0) size 800x600
  RenderView at (0,0) size 800x600
layer at (0,0) size 800x600
  RenderBlock {HTML} at (0,0) size 800x600
    RenderBody {BODY} at (8,8) size 784x576
      RenderBlock {FORM} at (0,0) size 784x58
        RenderText {#text} at (203,31) size 4x19
          text run at (203,31) width 4: " "
        RenderText {#text} at (410,31) size 4x19
          text run at (410,31) width 4: " "
        RenderButton {INPUT} at (416,25) size 46x31 [bgcolor=#C0C0C0]
          RenderBlock (anonymous) at (6,6) size 34x19
            RenderText at (0,0) size 34x19
              text run at (0,0) width 34: "Reset"
        RenderText {#text} at (0,0) size 0x0
      RenderBlock {P} at (0,74) size 784x76
        RenderText {#text} at (0,0) size 345x19
          text run at (0,0) width 345: "This test verifies that textarea controls are properly reset. "
        RenderBR {BR} at (345,15) size 0x0
        RenderText {#text} at (0,19) size 451x19
          text run at (0,19) width 451: "You should see two element IDs below, and the word \"SUCCESS\" twice: "
        RenderBR {BR} at (451,34) size 0x0
        RenderText {#text} at (0,38) size 165x19
          text run at (0,38) width 165: "noDefaultText: SUCCESS "
        RenderBR {BR} at (165,53) size 0x0
        RenderText {#text} at (0,57) size 166x19
          text run at (0,57) width 166: "hasDefaultText: SUCCESS"
layer at (10,10) size 199x42
  RenderTextControl {TEXTAREA} at (2,2) size 199x42
    RenderBlock {DIV} at (2,2) size 195x19
layer at (217,10) size 199x42
  RenderTextControl {TEXTAREA} at (209,2) size 199x42
    RenderBlock {DIV} at (2,2) size 195x19
      RenderText {#text} at (0,0) size 74x19
        text run at (0,0) width 74: "Default Text"
