layer at (0,0) size 800x7168
  RenderView at (0,0) size 800x600
layer at (0,0) size 800x7168
  RenderBlock {HTML} at (0,0) size 800x7168
    RenderBody {BODY} at (8,21) size 784x7131
      RenderBlock {H1} at (0,0) size 784x37
        RenderText {#text} at (0,0) size 252x36
          text run at (0,0) width 252: "table-layout: fixed"
      RenderBlock {P} at (0,58) size 784x21
        RenderText {#text} at (0,0) size 530x19
          text run at (0,0) width 530: "The following tables should be laid out in the traditional manner because their widths are "
        RenderInline {CODE} at (0,0) size 32x16
          RenderText {#text} at (530,3) size 32x16
            text run at (530,3) width 32: "auto"
        RenderText {#text} at (562,0) size 3x19
          text run at (562,0) width 3: ":"
      RenderTable {TABLE} at (0,94) size 107x55
        RenderTableSection {TBODY} at (0,0) size 107x54
          RenderTableRow {TR} at (0,2) size 107x24
            RenderTableCell {TD} at (2,2) size 33x24 [border: (1px solid #000000)] [r=0 c=0 rs=1 cs=1]
              RenderText {#text} at (2,2) size 29x19
                text run at (2,2) width 29: "Data"
            RenderTableCell {TD} at (37,2) size 33x24 [border: (1px solid #000000)] [r=0 c=1 rs=1 cs=1]
              RenderText {#text} at (2,2) size 29x19
                text run at (2,2) width 29: "Data"
            RenderTableCell {TD} at (72,2) size 33x24 [border: (1px solid #000000)] [r=0 c=2 rs=1 cs=1]
              RenderText {#text} at (2,2) size 29x19
                text run at (2,2) width 29: "Data"
          RenderTableRow {TR} at (0,28) size 107x24
            RenderTableCell {TD} at (2,28) size 33x24 [border: (1px solid #000000)] [r=1 c=0 rs=1 cs=1]
              RenderText {#text} at (2,2) size 29x19
                text run at (2,2) width 29: "Data"
            RenderTableCell {TD} at (37,28) size 33x24 [border: (1px solid #000000)] [r=1 c=1 rs=1 cs=1]
              RenderText {#text} at (2,2) size 29x19
                text run at (2,2) width 29: "Data"
            RenderTableCell {TD} at (72,28) size 33x24 [border: (1px solid #000000)] [r=1 c=2 rs=1 cs=1]
              RenderText {#text} at (2,2) size 29x19
                text run at (2,2) width 29: "Data"
      RenderTable {TABLE} at (0,148) size 784x355
        RenderTableSection {TBODY} at (0,0) size 784x354
          RenderTableRow {TR} at (0,2) size 784x24
            RenderTableCell {TD} at (2,2) size 33x24 [border: (1px solid #000000)] [r=0 c=0 rs=1 cs=1]
              RenderText {#text} at (2,2) size 29x19
                text run at (2,2) width 29: "Data"
            RenderTableCell {TD} at (37,2) size 33x24 [border: (1px solid #000000)] [r=0 c=1 rs=1 cs=1]
              RenderText {#text} at (2,2) size 29x19
                text run at (2,2) width 29: "Data"
            RenderTableCell {TD} at (72,2) size 710x24 [border: (1px solid #000000)] [r=0 c=2 rs=1 cs=1]
              RenderText {#text} at (2,2) size 29x19
                text run at (2,2) width 29: "Data"
          RenderTableRow {TR} at (0,28) size 784x324
            RenderTableCell {TD} at (2,178) size 33x24 [border: (1px solid #000000)] [r=1 c=0 rs=1 cs=1]
              RenderText {#text} at (2,2) size 29x19
                text run at (2,2) width 29: "Data"
            RenderTableCell {TD} at (37,178) size 33x24 [border: (1px solid #000000)] [r=1 c=1 rs=1 cs=1]
              RenderText {#text} at (2,2) size 29x19
                text run at (2,2) width 29: "Data"
            RenderTableCell {TD} at (72,28) size 710x324 [border: (1px solid #000000)] [r=1 c=2 rs=1 cs=1]
              RenderText {#text} at (2,2) size 703x319
                text run at (2,2) width 183: "Lots and lots and lots of data. "
                text run at (185,2) width 183: "Lots and lots and lots of data. "
                text run at (368,2) width 183: "Lots and lots and lots of data. "
                text run at (551,2) width 145: "Lots and lots and lots of"
                text run at (2,22) width 34: "data. "
                text run at (36,22) width 183: "Lots and lots and lots of data. "
                text run at (219,22) width 183: "Lots and lots and lots of data. "
                text run at (402,22) width 183: "Lots and lots and lots of data. "
                text run at (585,22) width 104: "Lots and lots and"
                text run at (2,42) width 75: "lots of data. "
                text run at (77,42) width 183: "Lots and lots and lots of data. "
                text run at (260,42) width 183: "Lots and lots and lots of data. "
                text run at (443,42) width 183: "Lots and lots and lots of data. "
                text run at (626,42) width 78: "Lots and lots"
                text run at (2,62) width 101: "and lots of data. "
                text run at (103,62) width 183: "Lots and lots and lots of data. "
                text run at (286,62) width 183: "Lots and lots and lots of data. "
                text run at (469,62) width 183: "Lots and lots and lots of data. "
                text run at (652,62) width 53: "Lots and"
                text run at (2,82) width 126: "lots and lots of data. "
                text run at (128,82) width 183: "Lots and lots and lots of data. "
                text run at (311,82) width 183: "Lots and lots and lots of data. "
                text run at (494,82) width 183: "Lots and lots and lots of data. "
                text run at (677,82) width 27: "Lots"
                text run at (2,102) width 152: "and lots and lots of data. "
                text run at (154,102) width 183: "Lots and lots and lots of data. "
                text run at (337,102) width 183: "Lots and lots and lots of data. "
                text run at (520,102) width 179: "Lots and lots and lots of data."
                text run at (2,122) width 183: "Lots and lots and lots of data. "
                text run at (185,122) width 183: "Lots and lots and lots of data. "
                text run at (368,122) width 183: "Lots and lots and lots of data. "
                text run at (551,122) width 145: "Lots and lots and lots of"
                text run at (2,142) width 34: "data. "
                text run at (36,142) width 183: "Lots and lots and lots of data. "
                text run at (219,142) width 183: "Lots and lots and lots of data. "
                text run at (402,142) width 183: "Lots and lots and lots of data. "
                text run at (585,142) width 104: "Lots and lots and"
                text run at (2,162) width 75: "lots of data. "
                text run at (77,162) width 183: "Lots and lots and lots of data. "
                text run at (260,162) width 183: "Lots and lots and lots of data. "
                text run at (443,162) width 183: "Lots and lots and lots of data. "
                text run at (626,162) width 78: "Lots and lots"
                text run at (2,182) width 101: "and lots of data. "
                text run at (103,182) width 183: "Lots and lots and lots of data. "
                text run at (286,182) width 183: "Lots and lots and lots of data. "
                text run at (469,182) width 183: "Lots and lots and lots of data. "
                text run at (652,182) width 53: "Lots and"
                text run at (2,202) width 126: "lots and lots of data. "
                text run at (128,202) width 183: "Lots and lots and lots of data. "
                text run at (311,202) width 183: "Lots and lots and lots of data. "
                text run at (494,202) width 183: "Lots and lots and lots of data. "
                text run at (677,202) width 27: "Lots"
                text run at (2,222) width 152: "and lots and lots of data. "
                text run at (154,222) width 183: "Lots and lots and lots of data. "
                text run at (337,222) width 183: "Lots and lots and lots of data. "
                text run at (520,222) width 179: "Lots and lots and lots of data."
                text run at (2,242) width 183: "Lots and lots and lots of data. "
                text run at (185,242) width 183: "Lots and lots and lots of data. "
                text run at (368,242) width 183: "Lots and lots and lots of data. "
                text run at (551,242) width 145: "Lots and lots and lots of"
                text run at (2,262) width 34: "data. "
                text run at (36,262) width 183: "Lots and lots and lots of data. "
                text run at (219,262) width 183: "Lots and lots and lots of data. "
                text run at (402,262) width 183: "Lots and lots and lots of data. "
                text run at (585,262) width 104: "Lots and lots and"
                text run at (2,282) width 75: "lots of data. "
                text run at (77,282) width 183: "Lots and lots and lots of data. "
                text run at (260,282) width 183: "Lots and lots and lots of data. "
                text run at (443,282) width 183: "Lots and lots and lots of data. "
                text run at (626,282) width 78: "Lots and lots"
                text run at (2,302) width 101: "and lots of data. "
                text run at (103,302) width 183: "Lots and lots and lots of data. "
                text run at (286,302) width 179: "Lots and lots and lots of data."
      RenderTable {TABLE} at (0,502) size 784x355
        RenderTableSection {TBODY} at (0,0) size 784x354
          RenderTableRow {TR} at (0,2) size 784x324
            RenderTableCell {TD} at (2,152) size 33x24 [border: (1px solid #000000)] [r=0 c=0 rs=1 cs=1]
              RenderText {#text} at (2,2) size 29x19
                text run at (2,2) width 29: "Data"
            RenderTableCell {TD} at (37,152) size 33x24 [border: (1px solid #000000)] [r=0 c=1 rs=1 cs=1]
              RenderText {#text} at (2,2) size 29x19
                text run at (2,2) width 29: "Data"
            RenderTableCell {TD} at (72,2) size 710x324 [border: (1px solid #000000)] [r=0 c=2 rs=1 cs=1]
              RenderText {#text} at (2,2) size 703x319
                text run at (2,2) width 183: "Lots and lots and lots of data. "
                text run at (185,2) width 183: "Lots and lots and lots of data. "
                text run at (368,2) width 183: "Lots and lots and lots of data. "
                text run at (551,2) width 145: "Lots and lots and lots of"
                text run at (2,22) width 34: "data. "
                text run at (36,22) width 183: "Lots and lots and lots of data. "
                text run at (219,22) width 183: "Lots and lots and lots of data. "
                text run at (402,22) width 183: "Lots and lots and lots of data. "
                text run at (585,22) width 104: "Lots and lots and"
                text run at (2,42) width 75: "lots of data. "
                text run at (77,42) width 183: "Lots and lots and lots of data. "
                text run at (260,42) width 183: "Lots and lots and lots of data. "
                text run at (443,42) width 183: "Lots and lots and lots of data. "
                text run at (626,42) width 78: "Lots and lots"
                text run at (2,62) width 101: "and lots of data. "
                text run at (103,62) width 183: "Lots and lots and lots of data. "
                text run at (286,62) width 183: "Lots and lots and lots of data. "
                text run at (469,62) width 183: "Lots and lots and lots of data. "
                text run at (652,62) width 53: "Lots and"
                text run at (2,82) width 126: "lots and lots of data. "
                text run at (128,82) width 183: "Lots and lots and lots of data. "
                text run at (311,82) width 183: "Lots and lots and lots of data. "
                text run at (494,82) width 183: "Lots and lots and lots of data. "
                text run at (677,82) width 27: "Lots"
                text run at (2,102) width 152: "and lots and lots of data. "
                text run at (154,102) width 183: "Lots and lots and lots of data. "
                text run at (337,102) width 183: "Lots and lots and lots of data. "
                text run at (520,102) width 179: "Lots and lots and lots of data."
                text run at (2,122) width 183: "Lots and lots and lots of data. "
                text run at (185,122) width 183: "Lots and lots and lots of data. "
                text run at (368,122) width 183: "Lots and lots and lots of data. "
                text run at (551,122) width 145: "Lots and lots and lots of"
                text run at (2,142) width 34: "data. "
                text run at (36,142) width 183: "Lots and lots and lots of data. "
                text run at (219,142) width 183: "Lots and lots and lots of data. "
                text run at (402,142) width 183: "Lots and lots and lots of data. "
                text run at (585,142) width 104: "Lots and lots and"
                text run at (2,162) width 75: "lots of data. "
                text run at (77,162) width 183: "Lots and lots and lots of data. "
                text run at (260,162) width 183: "Lots and lots and lots of data. "
                text run at (443,162) width 183: "Lots and lots and lots of data. "
                text run at (626,162) width 78: "Lots and lots"
                text run at (2,182) width 101: "and lots of data. "
                text run at (103,182) width 183: "Lots and lots and lots of data. "
                text run at (286,182) width 183: "Lots and lots and lots of data. "
                text run at (469,182) width 183: "Lots and lots and lots of data. "
                text run at (652,182) width 53: "Lots and"
                text run at (2,202) width 126: "lots and lots of data. "
                text run at (128,202) width 183: "Lots and lots and lots of data. "
                text run at (311,202) width 183: "Lots and lots and lots of data. "
                text run at (494,202) width 183: "Lots and lots and lots of data. "
                text run at (677,202) width 27: "Lots"
                text run at (2,222) width 152: "and lots and lots of data. "
                text run at (154,222) width 183: "Lots and lots and lots of data. "
                text run at (337,222) width 183: "Lots and lots and lots of data. "
                text run at (520,222) width 179: "Lots and lots and lots of data."
                text run at (2,242) width 183: "Lots and lots and lots of data. "
                text run at (185,242) width 183: "Lots and lots and lots of data. "
                text run at (368,242) width 183: "Lots and lots and lots of data. "
                text run at (551,242) width 145: "Lots and lots and lots of"
                text run at (2,262) width 34: "data. "
                text run at (36,262) width 183: "Lots and lots and lots of data. "
                text run at (219,262) width 183: "Lots and lots and lots of data. "
                text run at (402,262) width 183: "Lots and lots and lots of data. "
                text run at (585,262) width 104: "Lots and lots and"
                text run at (2,282) width 75: "lots of data. "
                text run at (77,282) width 183: "Lots and lots and lots of data. "
                text run at (260,282) width 183: "Lots and lots and lots of data. "
                text run at (443,282) width 183: "Lots and lots and lots of data. "
                text run at (626,282) width 78: "Lots and lots"
                text run at (2,302) width 101: "and lots of data. "
                text run at (103,302) width 183: "Lots and lots and lots of data. "
                text run at (286,302) width 179: "Lots and lots and lots of data."
          RenderTableRow {TR} at (0,328) size 784x24
            RenderTableCell {TD} at (2,328) size 33x24 [border: (1px solid #000000)] [r=1 c=0 rs=1 cs=1]
              RenderText {#text} at (2,2) size 29x19
                text run at (2,2) width 29: "Data"
            RenderTableCell {TD} at (37,328) size 33x24 [border: (1px solid #000000)] [r=1 c=1 rs=1 cs=1]
              RenderText {#text} at (2,2) size 29x19
                text run at (2,2) width 29: "Data"
            RenderTableCell {TD} at (72,328) size 710x24 [border: (1px solid #000000)] [r=1 c=2 rs=1 cs=1]
              RenderText {#text} at (2,2) size 29x19
                text run at (2,2) width 29: "Data"
      RenderBlock {P} at (0,872) size 784x21
        RenderText {#text} at (0,0) size 705x19
          text run at (0,0) width 705: "All the columns in the following three tables should divide equally the available space (100% of the width of the page):"
      RenderTable {TABLE} at (0,908) size 784x55
        RenderTableSection {TBODY} at (0,0) size 784x54
          RenderTableRow {TR} at (0,2) size 784x24
            RenderTableCell {TD} at (2,2) size 258x24 [border: (1px solid #000000)] [r=0 c=0 rs=1 cs=1]
              RenderText {#text} at (2,2) size 29x19
                text run at (2,2) width 29: "Data"
            RenderTableCell {TD} at (262,2) size 259x24 [border: (1px solid #000000)] [r=0 c=1 rs=1 cs=1]
              RenderText {#text} at (2,2) size 29x19
                text run at (2,2) width 29: "Data"
            RenderTableCell {TD} at (523,2) size 259x24 [border: (1px solid #000000)] [r=0 c=2 rs=1 cs=1]
              RenderText {#text} at (2,2) size 29x19
                text run at (2,2) width 29: "Data"
          RenderTableRow {TR} at (0,28) size 784x24
            RenderTableCell {TD} at (2,28) size 258x24 [border: (1px solid #000000)] [r=1 c=0 rs=1 cs=1]
              RenderText {#text} at (2,2) size 29x19
                text run at (2,2) width 29: "Data"
            RenderTableCell {TD} at (262,28) size 259x24 [border: (1px solid #000000)] [r=1 c=1 rs=1 cs=1]
              RenderText {#text} at (2,2) size 29x19
                text run at (2,2) width 29: "Data"
            RenderTableCell {TD} at (523,28) size 259x24 [border: (1px solid #000000)] [r=1 c=2 rs=1 cs=1]
              RenderText {#text} at (2,2) size 29x19
                text run at (2,2) width 29: "Data"
      RenderTable {TABLE} at (0,962) size 784x935
        RenderTableSection {TBODY} at (0,0) size 784x934
          RenderTableRow {TR} at (0,2) size 784x24
            RenderTableCell {TD} at (2,2) size 258x24 [border: (1px solid #000000)] [r=0 c=0 rs=1 cs=1]
              RenderText {#text} at (2,2) size 29x19
                text run at (2,2) width 29: "Data"
            RenderTableCell {TD} at (262,2) size 259x24 [border: (1px solid #000000)] [r=0 c=1 rs=1 cs=1]
              RenderText {#text} at (2,2) size 29x19
                text run at (2,2) width 29: "Data"
            RenderTableCell {TD} at (523,2) size 259x24 [border: (1px solid #000000)] [r=0 c=2 rs=1 cs=1]
              RenderText {#text} at (2,2) size 29x19
                text run at (2,2) width 29: "Data"
          RenderTableRow {TR} at (0,28) size 784x904
            RenderTableCell {TD} at (2,468) size 258x24 [border: (1px solid #000000)] [r=1 c=0 rs=1 cs=1]
              RenderText {#text} at (2,2) size 29x19
                text run at (2,2) width 29: "Data"
            RenderTableCell {TD} at (262,468) size 259x24 [border: (1px solid #000000)] [r=1 c=1 rs=1 cs=1]
              RenderText {#text} at (2,2) size 29x19
                text run at (2,2) width 29: "Data"
            RenderTableCell {TD} at (523,28) size 259x904 [border: (1px solid #000000)] [r=1 c=2 rs=1 cs=1]
              RenderText {#text} at (2,2) size 255x899
                text run at (2,2) width 183: "Lots and lots and lots of data. "
                text run at (185,2) width 53: "Lots and"
                text run at (2,22) width 126: "lots and lots of data. "
                text run at (128,22) width 129: "Lots and lots and lots"
                text run at (2,42) width 50: "of data. "
                text run at (52,42) width 179: "Lots and lots and lots of data."
                text run at (2,62) width 183: "Lots and lots and lots of data. "
                text run at (185,62) width 53: "Lots and"
                text run at (2,82) width 126: "lots and lots of data. "
                text run at (128,82) width 129: "Lots and lots and lots"
                text run at (2,102) width 50: "of data. "
                text run at (52,102) width 179: "Lots and lots and lots of data."
                text run at (2,122) width 183: "Lots and lots and lots of data. "
                text run at (185,122) width 53: "Lots and"
                text run at (2,142) width 126: "lots and lots of data. "
                text run at (128,142) width 129: "Lots and lots and lots"
                text run at (2,162) width 50: "of data. "
                text run at (52,162) width 179: "Lots and lots and lots of data."
                text run at (2,182) width 183: "Lots and lots and lots of data. "
                text run at (185,182) width 53: "Lots and"
                text run at (2,202) width 126: "lots and lots of data. "
                text run at (128,202) width 129: "Lots and lots and lots"
                text run at (2,222) width 50: "of data. "
                text run at (52,222) width 179: "Lots and lots and lots of data."
                text run at (2,242) width 183: "Lots and lots and lots of data. "
                text run at (185,242) width 53: "Lots and"
                text run at (2,262) width 126: "lots and lots of data. "
                text run at (128,262) width 129: "Lots and lots and lots"
                text run at (2,282) width 50: "of data. "
                text run at (52,282) width 179: "Lots and lots and lots of data."
                text run at (2,302) width 183: "Lots and lots and lots of data. "
                text run at (185,302) width 53: "Lots and"
                text run at (2,322) width 126: "lots and lots of data. "
                text run at (128,322) width 129: "Lots and lots and lots"
                text run at (2,342) width 50: "of data. "
                text run at (52,342) width 179: "Lots and lots and lots of data."
                text run at (2,362) width 183: "Lots and lots and lots of data. "
                text run at (185,362) width 53: "Lots and"
                text run at (2,382) width 126: "lots and lots of data. "
                text run at (128,382) width 129: "Lots and lots and lots"
                text run at (2,402) width 50: "of data. "
                text run at (52,402) width 179: "Lots and lots and lots of data."
                text run at (2,422) width 183: "Lots and lots and lots of data. "
                text run at (185,422) width 53: "Lots and"
                text run at (2,442) width 126: "lots and lots of data. "
                text run at (128,442) width 129: "Lots and lots and lots"
                text run at (2,462) width 50: "of data. "
                text run at (52,462) width 179: "Lots and lots and lots of data."
                text run at (2,482) width 183: "Lots and lots and lots of data. "
                text run at (185,482) width 53: "Lots and"
                text run at (2,502) width 126: "lots and lots of data. "
                text run at (128,502) width 129: "Lots and lots and lots"
                text run at (2,522) width 50: "of data. "
                text run at (52,522) width 179: "Lots and lots and lots of data."
                text run at (2,542) width 183: "Lots and lots and lots of data. "
                text run at (185,542) width 53: "Lots and"
                text run at (2,562) width 126: "lots and lots of data. "
                text run at (128,562) width 129: "Lots and lots and lots"
                text run at (2,582) width 50: "of data. "
                text run at (52,582) width 179: "Lots and lots and lots of data."
                text run at (2,602) width 183: "Lots and lots and lots of data. "
                text run at (185,602) width 53: "Lots and"
                text run at (2,622) width 126: "lots and lots of data. "
                text run at (128,622) width 129: "Lots and lots and lots"
                text run at (2,642) width 50: "of data. "
                text run at (52,642) width 179: "Lots and lots and lots of data."
                text run at (2,662) width 183: "Lots and lots and lots of data. "
                text run at (185,662) width 53: "Lots and"
                text run at (2,682) width 126: "lots and lots of data. "
                text run at (128,682) width 129: "Lots and lots and lots"
                text run at (2,702) width 50: "of data. "
                text run at (52,702) width 179: "Lots and lots and lots of data."
                text run at (2,722) width 183: "Lots and lots and lots of data. "
                text run at (185,722) width 53: "Lots and"
                text run at (2,742) width 126: "lots and lots of data. "
                text run at (128,742) width 129: "Lots and lots and lots"
                text run at (2,762) width 50: "of data. "
                text run at (52,762) width 179: "Lots and lots and lots of data."
                text run at (2,782) width 183: "Lots and lots and lots of data. "
                text run at (185,782) width 53: "Lots and"
                text run at (2,802) width 126: "lots and lots of data. "
                text run at (128,802) width 129: "Lots and lots and lots"
                text run at (2,822) width 50: "of data. "
                text run at (52,822) width 179: "Lots and lots and lots of data."
                text run at (2,842) width 183: "Lots and lots and lots of data. "
                text run at (185,842) width 53: "Lots and"
                text run at (2,862) width 126: "lots and lots of data. "
                text run at (128,862) width 129: "Lots and lots and lots"
                text run at (2,882) width 50: "of data. "
                text run at (52,882) width 179: "Lots and lots and lots of data."
      RenderTable {TABLE} at (0,1896) size 784x935
        RenderTableSection {TBODY} at (0,0) size 784x934
          RenderTableRow {TR} at (0,2) size 784x904
            RenderTableCell {TD} at (2,442) size 258x24 [border: (1px solid #000000)] [r=0 c=0 rs=1 cs=1]
              RenderText {#text} at (2,2) size 29x19
                text run at (2,2) width 29: "Data"
            RenderTableCell {TD} at (262,442) size 259x24 [border: (1px solid #000000)] [r=0 c=1 rs=1 cs=1]
              RenderText {#text} at (2,2) size 29x19
                text run at (2,2) width 29: "Data"
            RenderTableCell {TD} at (523,2) size 259x904 [border: (1px solid #000000)] [r=0 c=2 rs=1 cs=1]
              RenderText {#text} at (2,2) size 255x899
                text run at (2,2) width 183: "Lots and lots and lots of data. "
                text run at (185,2) width 53: "Lots and"
                text run at (2,22) width 126: "lots and lots of data. "
                text run at (128,22) width 129: "Lots and lots and lots"
                text run at (2,42) width 50: "of data. "
                text run at (52,42) width 179: "Lots and lots and lots of data."
                text run at (2,62) width 183: "Lots and lots and lots of data. "
                text run at (185,62) width 53: "Lots and"
                text run at (2,82) width 126: "lots and lots of data. "
                text run at (128,82) width 129: "Lots and lots and lots"
                text run at (2,102) width 50: "of data. "
                text run at (52,102) width 179: "Lots and lots and lots of data."
                text run at (2,122) width 183: "Lots and lots and lots of data. "
                text run at (185,122) width 53: "Lots and"
                text run at (2,142) width 126: "lots and lots of data. "
                text run at (128,142) width 129: "Lots and lots and lots"
                text run at (2,162) width 50: "of data. "
                text run at (52,162) width 179: "Lots and lots and lots of data."
                text run at (2,182) width 183: "Lots and lots and lots of data. "
                text run at (185,182) width 53: "Lots and"
                text run at (2,202) width 126: "lots and lots of data. "
                text run at (128,202) width 129: "Lots and lots and lots"
                text run at (2,222) width 50: "of data. "
                text run at (52,222) width 179: "Lots and lots and lots of data."
                text run at (2,242) width 183: "Lots and lots and lots of data. "
                text run at (185,242) width 53: "Lots and"
                text run at (2,262) width 126: "lots and lots of data. "
                text run at (128,262) width 129: "Lots and lots and lots"
                text run at (2,282) width 50: "of data. "
                text run at (52,282) width 179: "Lots and lots and lots of data."
                text run at (2,302) width 183: "Lots and lots and lots of data. "
                text run at (185,302) width 53: "Lots and"
                text run at (2,322) width 126: "lots and lots of data. "
                text run at (128,322) width 129: "Lots and lots and lots"
                text run at (2,342) width 50: "of data. "
                text run at (52,342) width 179: "Lots and lots and lots of data."
                text run at (2,362) width 183: "Lots and lots and lots of data. "
                text run at (185,362) width 53: "Lots and"
                text run at (2,382) width 126: "lots and lots of data. "
                text run at (128,382) width 129: "Lots and lots and lots"
                text run at (2,402) width 50: "of data. "
                text run at (52,402) width 179: "Lots and lots and lots of data."
                text run at (2,422) width 183: "Lots and lots and lots of data. "
                text run at (185,422) width 53: "Lots and"
                text run at (2,442) width 126: "lots and lots of data. "
                text run at (128,442) width 129: "Lots and lots and lots"
                text run at (2,462) width 50: "of data. "
                text run at (52,462) width 179: "Lots and lots and lots of data."
                text run at (2,482) width 183: "Lots and lots and lots of data. "
                text run at (185,482) width 53: "Lots and"
                text run at (2,502) width 126: "lots and lots of data. "
                text run at (128,502) width 129: "Lots and lots and lots"
                text run at (2,522) width 50: "of data. "
                text run at (52,522) width 179: "Lots and lots and lots of data."
                text run at (2,542) width 183: "Lots and lots and lots of data. "
                text run at (185,542) width 53: "Lots and"
                text run at (2,562) width 126: "lots and lots of data. "
                text run at (128,562) width 129: "Lots and lots and lots"
                text run at (2,582) width 50: "of data. "
                text run at (52,582) width 179: "Lots and lots and lots of data."
                text run at (2,602) width 183: "Lots and lots and lots of data. "
                text run at (185,602) width 53: "Lots and"
                text run at (2,622) width 126: "lots and lots of data. "
                text run at (128,622) width 129: "Lots and lots and lots"
                text run at (2,642) width 50: "of data. "
                text run at (52,642) width 179: "Lots and lots and lots of data."
                text run at (2,662) width 183: "Lots and lots and lots of data. "
                text run at (185,662) width 53: "Lots and"
                text run at (2,682) width 126: "lots and lots of data. "
                text run at (128,682) width 129: "Lots and lots and lots"
                text run at (2,702) width 50: "of data. "
                text run at (52,702) width 179: "Lots and lots and lots of data."
                text run at (2,722) width 183: "Lots and lots and lots of data. "
                text run at (185,722) width 53: "Lots and"
                text run at (2,742) width 126: "lots and lots of data. "
                text run at (128,742) width 129: "Lots and lots and lots"
                text run at (2,762) width 50: "of data. "
                text run at (52,762) width 179: "Lots and lots and lots of data."
                text run at (2,782) width 183: "Lots and lots and lots of data. "
                text run at (185,782) width 53: "Lots and"
                text run at (2,802) width 126: "lots and lots of data. "
                text run at (128,802) width 129: "Lots and lots and lots"
                text run at (2,822) width 50: "of data. "
                text run at (52,822) width 179: "Lots and lots and lots of data."
                text run at (2,842) width 183: "Lots and lots and lots of data. "
                text run at (185,842) width 53: "Lots and"
                text run at (2,862) width 126: "lots and lots of data. "
                text run at (128,862) width 129: "Lots and lots and lots"
                text run at (2,882) width 50: "of data. "
                text run at (52,882) width 179: "Lots and lots and lots of data."
          RenderTableRow {TR} at (0,908) size 784x24
            RenderTableCell {TD} at (2,908) size 258x24 [border: (1px solid #000000)] [r=1 c=0 rs=1 cs=1]
              RenderText {#text} at (2,2) size 29x19
                text run at (2,2) width 29: "Data"
            RenderTableCell {TD} at (262,908) size 259x24 [border: (1px solid #000000)] [r=1 c=1 rs=1 cs=1]
              RenderText {#text} at (2,2) size 29x19
                text run at (2,2) width 29: "Data"
            RenderTableCell {TD} at (523,908) size 259x24 [border: (1px solid #000000)] [r=1 c=2 rs=1 cs=1]
              RenderText {#text} at (2,2) size 29x19
                text run at (2,2) width 29: "Data"
      RenderBlock {P} at (0,2846) size 784x21
        RenderText {#text} at (0,0) size 697x19
          text run at (0,0) width 697: "All the columns in the following three tables should divide equally the available space (50% of the width of the page):"
      RenderTable {TABLE} at (0,2882) size 392x55
        RenderTableSection {TBODY} at (0,0) size 392x54
          RenderTableRow {TR} at (0,2) size 392x24
            RenderTableCell {TD} at (2,2) size 128x24 [border: (1px solid #000000)] [r=0 c=0 rs=1 cs=1]
              RenderText {#text} at (2,2) size 29x19
                text run at (2,2) width 29: "Data"
            RenderTableCell {TD} at (132,2) size 128x24 [border: (1px solid #000000)] [r=0 c=1 rs=1 cs=1]
              RenderText {#text} at (2,2) size 29x19
                text run at (2,2) width 29: "Data"
            RenderTableCell {TD} at (262,2) size 128x24 [border: (1px solid #000000)] [r=0 c=2 rs=1 cs=1]
              RenderText {#text} at (2,2) size 29x19
                text run at (2,2) width 29: "Data"
          RenderTableRow {TR} at (0,28) size 392x24
            RenderTableCell {TD} at (2,28) size 128x24 [border: (1px solid #000000)] [r=1 c=0 rs=1 cs=1]
              RenderText {#text} at (2,2) size 29x19
                text run at (2,2) width 29: "Data"
            RenderTableCell {TD} at (132,28) size 128x24 [border: (1px solid #000000)] [r=1 c=1 rs=1 cs=1]
              RenderText {#text} at (2,2) size 29x19
                text run at (2,2) width 29: "Data"
            RenderTableCell {TD} at (262,28) size 128x24 [border: (1px solid #000000)] [r=1 c=2 rs=1 cs=1]
              RenderText {#text} at (2,2) size 29x19
                text run at (2,2) width 29: "Data"
      RenderTable {TABLE} at (0,2936) size 392x2035
        RenderTableSection {TBODY} at (0,0) size 392x2034
          RenderTableRow {TR} at (0,2) size 392x24
            RenderTableCell {TD} at (2,2) size 128x24 [border: (1px solid #000000)] [r=0 c=0 rs=1 cs=1]
              RenderText {#text} at (2,2) size 29x19
                text run at (2,2) width 29: "Data"
            RenderTableCell {TD} at (132,2) size 128x24 [border: (1px solid #000000)] [r=0 c=1 rs=1 cs=1]
              RenderText {#text} at (2,2) size 29x19
                text run at (2,2) width 29: "Data"
            RenderTableCell {TD} at (262,2) size 128x24 [border: (1px solid #000000)] [r=0 c=2 rs=1 cs=1]
              RenderText {#text} at (2,2) size 29x19
                text run at (2,2) width 29: "Data"
          RenderTableRow {TR} at (0,28) size 392x2004
            RenderTableCell {TD} at (2,1018) size 128x24 [border: (1px solid #000000)] [r=1 c=0 rs=1 cs=1]
              RenderText {#text} at (2,2) size 29x19
                text run at (2,2) width 29: "Data"
            RenderTableCell {TD} at (132,1018) size 128x24 [border: (1px solid #000000)] [r=1 c=1 rs=1 cs=1]
              RenderText {#text} at (2,2) size 29x19
                text run at (2,2) width 29: "Data"
            RenderTableCell {TD} at (262,28) size 128x2004 [border: (1px solid #000000)] [r=1 c=2 rs=1 cs=1]
              RenderText {#text} at (2,2) size 114x1999
                text run at (2,2) width 104: "Lots and lots and"
                text run at (2,22) width 75: "lots of data. "
                text run at (77,22) width 27: "Lots"
                text run at (2,42) width 114: "and lots and lots of"
                text run at (2,62) width 34: "data. "
                text run at (36,62) width 78: "Lots and lots"
                text run at (2,82) width 97: "and lots of data."
                text run at (2,102) width 104: "Lots and lots and"
                text run at (2,122) width 75: "lots of data. "
                text run at (77,122) width 27: "Lots"
                text run at (2,142) width 114: "and lots and lots of"
                text run at (2,162) width 34: "data. "
                text run at (36,162) width 78: "Lots and lots"
                text run at (2,182) width 97: "and lots of data."
                text run at (2,202) width 104: "Lots and lots and"
                text run at (2,222) width 75: "lots of data. "
                text run at (77,222) width 27: "Lots"
                text run at (2,242) width 114: "and lots and lots of"
                text run at (2,262) width 34: "data. "
                text run at (36,262) width 78: "Lots and lots"
                text run at (2,282) width 97: "and lots of data."
                text run at (2,302) width 104: "Lots and lots and"
                text run at (2,322) width 75: "lots of data. "
                text run at (77,322) width 27: "Lots"
                text run at (2,342) width 114: "and lots and lots of"
                text run at (2,362) width 34: "data. "
                text run at (36,362) width 78: "Lots and lots"
                text run at (2,382) width 97: "and lots of data."
                text run at (2,402) width 104: "Lots and lots and"
                text run at (2,422) width 75: "lots of data. "
                text run at (77,422) width 27: "Lots"
                text run at (2,442) width 114: "and lots and lots of"
                text run at (2,462) width 34: "data. "
                text run at (36,462) width 78: "Lots and lots"
                text run at (2,482) width 97: "and lots of data."
                text run at (2,502) width 104: "Lots and lots and"
                text run at (2,522) width 75: "lots of data. "
                text run at (77,522) width 27: "Lots"
                text run at (2,542) width 114: "and lots and lots of"
                text run at (2,562) width 34: "data. "
                text run at (36,562) width 78: "Lots and lots"
                text run at (2,582) width 97: "and lots of data."
                text run at (2,602) width 104: "Lots and lots and"
                text run at (2,622) width 75: "lots of data. "
                text run at (77,622) width 27: "Lots"
                text run at (2,642) width 114: "and lots and lots of"
                text run at (2,662) width 34: "data. "
                text run at (36,662) width 78: "Lots and lots"
                text run at (2,682) width 97: "and lots of data."
                text run at (2,702) width 104: "Lots and lots and"
                text run at (2,722) width 75: "lots of data. "
                text run at (77,722) width 27: "Lots"
                text run at (2,742) width 114: "and lots and lots of"
                text run at (2,762) width 34: "data. "
                text run at (36,762) width 78: "Lots and lots"
                text run at (2,782) width 97: "and lots of data."
                text run at (2,802) width 104: "Lots and lots and"
                text run at (2,822) width 75: "lots of data. "
                text run at (77,822) width 27: "Lots"
                text run at (2,842) width 114: "and lots and lots of"
                text run at (2,862) width 34: "data. "
                text run at (36,862) width 78: "Lots and lots"
                text run at (2,882) width 97: "and lots of data."
                text run at (2,902) width 104: "Lots and lots and"
                text run at (2,922) width 75: "lots of data. "
                text run at (77,922) width 27: "Lots"
                text run at (2,942) width 114: "and lots and lots of"
                text run at (2,962) width 34: "data. "
                text run at (36,962) width 78: "Lots and lots"
                text run at (2,982) width 97: "and lots of data."
                text run at (2,1002) width 104: "Lots and lots and"
                text run at (2,1022) width 75: "lots of data. "
                text run at (77,1022) width 27: "Lots"
                text run at (2,1042) width 114: "and lots and lots of"
                text run at (2,1062) width 34: "data. "
                text run at (36,1062) width 78: "Lots and lots"
                text run at (2,1082) width 97: "and lots of data."
                text run at (2,1102) width 104: "Lots and lots and"
                text run at (2,1122) width 75: "lots of data. "
                text run at (77,1122) width 27: "Lots"
                text run at (2,1142) width 114: "and lots and lots of"
                text run at (2,1162) width 34: "data. "
                text run at (36,1162) width 78: "Lots and lots"
                text run at (2,1182) width 97: "and lots of data."
                text run at (2,1202) width 104: "Lots and lots and"
                text run at (2,1222) width 75: "lots of data. "
                text run at (77,1222) width 27: "Lots"
                text run at (2,1242) width 114: "and lots and lots of"
                text run at (2,1262) width 34: "data. "
                text run at (36,1262) width 78: "Lots and lots"
                text run at (2,1282) width 97: "and lots of data."
                text run at (2,1302) width 104: "Lots and lots and"
                text run at (2,1322) width 75: "lots of data. "
                text run at (77,1322) width 27: "Lots"
                text run at (2,1342) width 114: "and lots and lots of"
                text run at (2,1362) width 34: "data. "
                text run at (36,1362) width 78: "Lots and lots"
                text run at (2,1382) width 97: "and lots of data."
                text run at (2,1402) width 104: "Lots and lots and"
                text run at (2,1422) width 75: "lots of data. "
                text run at (77,1422) width 27: "Lots"
                text run at (2,1442) width 114: "and lots and lots of"
                text run at (2,1462) width 34: "data. "
                text run at (36,1462) width 78: "Lots and lots"
                text run at (2,1482) width 97: "and lots of data."
                text run at (2,1502) width 104: "Lots and lots and"
                text run at (2,1522) width 75: "lots of data. "
                text run at (77,1522) width 27: "Lots"
                text run at (2,1542) width 114: "and lots and lots of"
                text run at (2,1562) width 34: "data. "
                text run at (36,1562) width 78: "Lots and lots"
                text run at (2,1582) width 97: "and lots of data."
                text run at (2,1602) width 104: "Lots and lots and"
                text run at (2,1622) width 75: "lots of data. "
                text run at (77,1622) width 27: "Lots"
                text run at (2,1642) width 114: "and lots and lots of"
                text run at (2,1662) width 34: "data. "
                text run at (36,1662) width 78: "Lots and lots"
                text run at (2,1682) width 97: "and lots of data."
                text run at (2,1702) width 104: "Lots and lots and"
                text run at (2,1722) width 75: "lots of data. "
                text run at (77,1722) width 27: "Lots"
                text run at (2,1742) width 114: "and lots and lots of"
                text run at (2,1762) width 34: "data. "
                text run at (36,1762) width 78: "Lots and lots"
                text run at (2,1782) width 97: "and lots of data."
                text run at (2,1802) width 104: "Lots and lots and"
                text run at (2,1822) width 75: "lots of data. "
                text run at (77,1822) width 27: "Lots"
                text run at (2,1842) width 114: "and lots and lots of"
                text run at (2,1862) width 34: "data. "
                text run at (36,1862) width 78: "Lots and lots"
                text run at (2,1882) width 97: "and lots of data."
                text run at (2,1902) width 104: "Lots and lots and"
                text run at (2,1922) width 75: "lots of data. "
                text run at (77,1922) width 27: "Lots"
                text run at (2,1942) width 114: "and lots and lots of"
                text run at (2,1962) width 34: "data. "
                text run at (36,1962) width 78: "Lots and lots"
                text run at (2,1982) width 97: "and lots of data."
      RenderTable {TABLE} at (0,4970) size 392x2035
        RenderTableSection {TBODY} at (0,0) size 392x2034
          RenderTableRow {TR} at (0,2) size 392x2004
            RenderTableCell {TD} at (2,992) size 128x24 [border: (1px solid #000000)] [r=0 c=0 rs=1 cs=1]
              RenderText {#text} at (2,2) size 29x19
                text run at (2,2) width 29: "Data"
            RenderTableCell {TD} at (132,992) size 128x24 [border: (1px solid #000000)] [r=0 c=1 rs=1 cs=1]
              RenderText {#text} at (2,2) size 29x19
                text run at (2,2) width 29: "Data"
            RenderTableCell {TD} at (262,2) size 128x2004 [border: (1px solid #000000)] [r=0 c=2 rs=1 cs=1]
              RenderText {#text} at (2,2) size 114x1999
                text run at (2,2) width 104: "Lots and lots and"
                text run at (2,22) width 75: "lots of data. "
                text run at (77,22) width 27: "Lots"
                text run at (2,42) width 114: "and lots and lots of"
                text run at (2,62) width 34: "data. "
                text run at (36,62) width 78: "Lots and lots"
                text run at (2,82) width 97: "and lots of data."
                text run at (2,102) width 104: "Lots and lots and"
                text run at (2,122) width 75: "lots of data. "
                text run at (77,122) width 27: "Lots"
                text run at (2,142) width 114: "and lots and lots of"
                text run at (2,162) width 34: "data. "
                text run at (36,162) width 78: "Lots and lots"
                text run at (2,182) width 97: "and lots of data."
                text run at (2,202) width 104: "Lots and lots and"
                text run at (2,222) width 75: "lots of data. "
                text run at (77,222) width 27: "Lots"
                text run at (2,242) width 114: "and lots and lots of"
                text run at (2,262) width 34: "data. "
                text run at (36,262) width 78: "Lots and lots"
                text run at (2,282) width 97: "and lots of data."
                text run at (2,302) width 104: "Lots and lots and"
                text run at (2,322) width 75: "lots of data. "
                text run at (77,322) width 27: "Lots"
                text run at (2,342) width 114: "and lots and lots of"
                text run at (2,362) width 34: "data. "
                text run at (36,362) width 78: "Lots and lots"
                text run at (2,382) width 97: "and lots of data."
                text run at (2,402) width 104: "Lots and lots and"
                text run at (2,422) width 75: "lots of data. "
                text run at (77,422) width 27: "Lots"
                text run at (2,442) width 114: "and lots and lots of"
                text run at (2,462) width 34: "data. "
                text run at (36,462) width 78: "Lots and lots"
                text run at (2,482) width 97: "and lots of data."
                text run at (2,502) width 104: "Lots and lots and"
                text run at (2,522) width 75: "lots of data. "
                text run at (77,522) width 27: "Lots"
                text run at (2,542) width 114: "and lots and lots of"
                text run at (2,562) width 34: "data. "
                text run at (36,562) width 78: "Lots and lots"
                text run at (2,582) width 97: "and lots of data."
                text run at (2,602) width 104: "Lots and lots and"
                text run at (2,622) width 75: "lots of data. "
                text run at (77,622) width 27: "Lots"
                text run at (2,642) width 114: "and lots and lots of"
                text run at (2,662) width 34: "data. "
                text run at (36,662) width 78: "Lots and lots"
                text run at (2,682) width 97: "and lots of data."
                text run at (2,702) width 104: "Lots and lots and"
                text run at (2,722) width 75: "lots of data. "
                text run at (77,722) width 27: "Lots"
                text run at (2,742) width 114: "and lots and lots of"
                text run at (2,762) width 34: "data. "
                text run at (36,762) width 78: "Lots and lots"
                text run at (2,782) width 97: "and lots of data."
                text run at (2,802) width 104: "Lots and lots and"
                text run at (2,822) width 75: "lots of data. "
                text run at (77,822) width 27: "Lots"
                text run at (2,842) width 114: "and lots and lots of"
                text run at (2,862) width 34: "data. "
                text run at (36,862) width 78: "Lots and lots"
                text run at (2,882) width 97: "and lots of data."
                text run at (2,902) width 104: "Lots and lots and"
                text run at (2,922) width 75: "lots of data. "
                text run at (77,922) width 27: "Lots"
                text run at (2,942) width 114: "and lots and lots of"
                text run at (2,962) width 34: "data. "
                text run at (36,962) width 78: "Lots and lots"
                text run at (2,982) width 97: "and lots of data."
                text run at (2,1002) width 104: "Lots and lots and"
                text run at (2,1022) width 75: "lots of data. "
                text run at (77,1022) width 27: "Lots"
                text run at (2,1042) width 114: "and lots and lots of"
                text run at (2,1062) width 34: "data. "
                text run at (36,1062) width 78: "Lots and lots"
                text run at (2,1082) width 97: "and lots of data."
                text run at (2,1102) width 104: "Lots and lots and"
                text run at (2,1122) width 75: "lots of data. "
                text run at (77,1122) width 27: "Lots"
                text run at (2,1142) width 114: "and lots and lots of"
                text run at (2,1162) width 34: "data. "
                text run at (36,1162) width 78: "Lots and lots"
                text run at (2,1182) width 97: "and lots of data."
                text run at (2,1202) width 104: "Lots and lots and"
                text run at (2,1222) width 75: "lots of data. "
                text run at (77,1222) width 27: "Lots"
                text run at (2,1242) width 114: "and lots and lots of"
                text run at (2,1262) width 34: "data. "
                text run at (36,1262) width 78: "Lots and lots"
                text run at (2,1282) width 97: "and lots of data."
                text run at (2,1302) width 104: "Lots and lots and"
                text run at (2,1322) width 75: "lots of data. "
                text run at (77,1322) width 27: "Lots"
                text run at (2,1342) width 114: "and lots and lots of"
                text run at (2,1362) width 34: "data. "
                text run at (36,1362) width 78: "Lots and lots"
                text run at (2,1382) width 97: "and lots of data."
                text run at (2,1402) width 104: "Lots and lots and"
                text run at (2,1422) width 75: "lots of data. "
                text run at (77,1422) width 27: "Lots"
                text run at (2,1442) width 114: "and lots and lots of"
                text run at (2,1462) width 34: "data. "
                text run at (36,1462) width 78: "Lots and lots"
                text run at (2,1482) width 97: "and lots of data."
                text run at (2,1502) width 104: "Lots and lots and"
                text run at (2,1522) width 75: "lots of data. "
                text run at (77,1522) width 27: "Lots"
                text run at (2,1542) width 114: "and lots and lots of"
                text run at (2,1562) width 34: "data. "
                text run at (36,1562) width 78: "Lots and lots"
                text run at (2,1582) width 97: "and lots of data."
                text run at (2,1602) width 104: "Lots and lots and"
                text run at (2,1622) width 75: "lots of data. "
                text run at (77,1622) width 27: "Lots"
                text run at (2,1642) width 114: "and lots and lots of"
                text run at (2,1662) width 34: "data. "
                text run at (36,1662) width 78: "Lots and lots"
                text run at (2,1682) width 97: "and lots of data."
                text run at (2,1702) width 104: "Lots and lots and"
                text run at (2,1722) width 75: "lots of data. "
                text run at (77,1722) width 27: "Lots"
                text run at (2,1742) width 114: "and lots and lots of"
                text run at (2,1762) width 34: "data. "
                text run at (36,1762) width 78: "Lots and lots"
                text run at (2,1782) width 97: "and lots of data."
                text run at (2,1802) width 104: "Lots and lots and"
                text run at (2,1822) width 75: "lots of data. "
                text run at (77,1822) width 27: "Lots"
                text run at (2,1842) width 114: "and lots and lots of"
                text run at (2,1862) width 34: "data. "
                text run at (36,1862) width 78: "Lots and lots"
                text run at (2,1882) width 97: "and lots of data."
                text run at (2,1902) width 104: "Lots and lots and"
                text run at (2,1922) width 75: "lots of data. "
                text run at (77,1922) width 27: "Lots"
                text run at (2,1942) width 114: "and lots and lots of"
                text run at (2,1962) width 34: "data. "
                text run at (36,1962) width 78: "Lots and lots"
                text run at (2,1982) width 97: "and lots of data."
          RenderTableRow {TR} at (0,2008) size 392x24
            RenderTableCell {TD} at (2,2008) size 128x24 [border: (1px solid #000000)] [r=1 c=0 rs=1 cs=1]
              RenderText {#text} at (2,2) size 29x19
                text run at (2,2) width 29: "Data"
            RenderTableCell {TD} at (132,2008) size 128x24 [border: (1px solid #000000)] [r=1 c=1 rs=1 cs=1]
              RenderText {#text} at (2,2) size 29x19
                text run at (2,2) width 29: "Data"
            RenderTableCell {TD} at (262,2008) size 128x24 [border: (1px solid #000000)] [r=1 c=2 rs=1 cs=1]
              RenderText {#text} at (2,2) size 29x19
                text run at (2,2) width 29: "Data"
      RenderBlock {P} at (0,7020) size 784x21
        RenderText {#text} at (0,0) size 179x19
          text run at (0,0) width 179: "This test is still being written..."
      RenderBlock {HR} at (0,7056) size 784x3 [border: (1px inset #000000)]
      RenderBlock {P} at (0,7074) size 784x21
        RenderText {#text} at (0,0) size 57x19
          text run at (0,0) width 57: "(Back to "
        RenderInline {A} at (0,0) size 149x19 [color=#0000EE]
          RenderText {#text} at (57,0) size 149x19
            text run at (57,0) width 149: "CSS Testing Information"
        RenderText {#text} at (206,0) size 8x19
          text run at (206,0) width 8: ", "
        RenderInline {A} at (0,0) size 77x19 [color=#0000EE]
          RenderText {#text} at (214,0) size 77x19
            text run at (214,0) width 77: "David Baron"
        RenderText {#text} at (291,0) size 5x19
          text run at (291,0) width 5: ")"
      RenderBlock {P} at (0,7110) size 784x21
        RenderInline {A} at (0,0) size 30x19 [color=#0000EE]
          RenderText {#text} at (0,0) size 30x19
            text run at (0,0) width 30: "LDB"
        RenderText {#text} at (30,0) size 8x19
          text run at (30,0) width 8: ", "
        RenderInline {A} at (0,0) size 151x19 [color=#0000EE]
          RenderText {#text} at (38,0) size 151x19
            text run at (38,0) width 151: "dbaron@fas.harvard.edu"
