layer at (0,0) size 800x600
  RenderView at (0,0) size 800x600
layer at (0,0) size 800x600
  RenderBlock {HTML} at (0,0) size 800x600
    RenderBody {BODY} at (8,8) size 784x300
      RenderBlock (floating) {DIV} at (0,0) size 392x100 [bgcolor=#008000]
      RenderBlock (floating) {DIV} at (392,0) size 100x100 [bgcolor=#800080]
      RenderBlock (floating) {DIV} at (584,0) size 200x500 [bgcolor=#FFA500]
      RenderBlock (floating) {DIV} at (484,100) size 100x50 [bgcolor=#0000FF]
      RenderBlock (floating) {DIV} at (0,100) size 160x200 [bgcolor=#FF0000]
      RenderBlock (floating) {DIV} at (384,100) size 100x100 [bgcolor=#808000]
      RenderText {#text} at (492,0) size 415x171
        text run at (492,0) width 67: "Some text."
        text run at (492,19) width 74: "This should"
        text run at (492,38) width 83: "find a way to"
        text run at (492,57) width 79: "wrap among"
        text run at (492,76) width 76: "all the floats"
        text run at (492,95) width 48: "without"
        text run at (160,114) width 162: "overlapping any of them. "
        text run at (322,114) width 55: "It should"
        text run at (160,133) width 201: "start just under the blue box and"
        text run at (160,152) width 133: "wrap to several lines."
