layer at (0,0) size 800x600
  RenderView at (0,0) size 800x600
layer at (0,0) size 800x600
  RenderBlock {HTML} at (0,0) size 800x600
    RenderBody {BODY} at (8,8) size 784x584
      RenderTable {TABLE} at (0,0) size 573x31
        RenderTableSection {TBODY} at (0,0) size 573x31
          RenderTableRow {TR} at (0,2) size 573x27
            RenderTableCell {TD} at (2,2) size 265x27 [r=0 c=0 rs=1 cs=1]
              RenderTable {TABLE} at (1,1) size 263x25
                RenderTableSection {TBODY} at (0,0) size 263x25
                  RenderTableRow {TR} at (0,2) size 263x21
                    RenderTableCell {TD} at (2,2) size 259x21 [r=0 c=0 rs=1 cs=1]
                      RenderText {#text} at (1,1) size 257x19
                        text run at (1,1) width 257: "Look at me contributing some minwidth."
            RenderTableCell {TD} at (269,14) size 302x2 [bgcolor=#FF0000] [r=0 c=1 rs=1 cs=1]
