layer at (0,0) size 800x600
  RenderView at (0,0) size 800x600
layer at (0,0) size 800x169
  RenderBlock {HTML} at (0,0) size 800x169
    RenderBody {BODY} at (8,8) size 784x40
      RenderBlock (floating) {DIV} at (532,0) size 252x102 [border: (1px solid #FF0000)]
        RenderText {#text} at (1,1) size 86x19
          text run at (1,1) width 86: "TOP-RIGHT"
        RenderBR {BR} at (87,1) size 0x19
        RenderText {#text} at (1,20) size 65x19
          text run at (1,20) width 65: "float:right;"
        RenderBR {BR} at (66,20) size 0x19
        RenderText {#text} at (1,39) size 88x19
          text run at (1,39) width 88: "width: 250px;"
        RenderBR {BR} at (89,39) size 0x19
        RenderText {#text} at (1,58) size 87x19
          text run at (1,58) width 87: "height:100px;"
      RenderBlock {DIV} at (0,0) size 394x40 [border: (1px solid #FF0000)]
        RenderText {#text} at (1,1) size 31x19
          text run at (1,1) width 31: "TOP"
        RenderBR {BR} at (32,1) size 0x19
        RenderText {#text} at (1,20) size 73x19
          text run at (1,20) width 73: "width:50%;"
      RenderBlock (floating) {DIV} at (0,102) size 115x59 [border: (1px solid #FF0000)]
        RenderText {#text} at (1,1) size 113x19
          text run at (1,1) width 113: "BOTTOM-LEFT"
        RenderBR {BR} at (114,1) size 0x19
        RenderText {#text} at (1,20) size 60x19
          text run at (1,20) width 60: "float: left;"
        RenderBR {BR} at (61,20) size 0x19
        RenderText {#text} at (1,39) size 70x19
          text run at (1,39) width 70: "clear: both;"
