layer at (0,0) size 785x2691
  RenderView at (0,0) size 785x600
layer at (0,0) size 785x2691
  RenderBlock {HTML} at (0,0) size 785x2691
    RenderBody {BODY} at (8,8) size 769x2675
      RenderBlock (anonymous) at (0,0) size 769x38
        RenderText {#text} at (0,0) size 765x38
          text run at (0,0) width 538: "Test of objects that avoid floats to see what they do with percentage and auto widths. "
          text run at (538,0) width 227: "This test is designed to illustrate that"
          text run at (0,19) width 447: "we have removed the WinIE quirk and are behaving more like Firefox."
      RenderBlock {HR} at (0,46) size 769x2 [border: (1px inset #000000)]
      RenderBlock (anonymous) at (0,56) size 769x19
        RenderText {#text} at (0,0) size 507x19
          text run at (0,0) width 507: "The inline-level button should be below the select and fill the width of the block."
      RenderBlock {P} at (0,91) size 220x123 [border: (10px solid #FF0000)]
        RenderText {#text} at (10,10) size 60x19
          text run at (10,10) width 60: "Line One"
        RenderBR {BR} at (70,25) size 0x0
        RenderMenuList {SELECT} at (10,31) size 100x39 [color=#202020]
          RenderBlock (anonymous) at (15,10) size 44x19
            RenderText at (0,0) size 30x19
              text run at (0,0) width 30: "One"
        RenderText {#text} at (0,0) size 0x0
        RenderButton {INPUT} at (10,74) size 200x37 [color=#202020]
          RenderBlock (anonymous) at (15,8) size 170x19
            RenderText at (77,0) size 16x19
              text run at (77,0) width 16: "Hi"
        RenderText {#text} at (0,0) size 0x0
      RenderBlock (anonymous) at (0,230) size 769x19
        RenderText {#text} at (0,0) size 473x19
          text run at (0,0) width 473: "The floating button with a percentage width should be even with the select."
      RenderBlock {P} at (0,265) size 220x82 [border: (10px solid #FF0000)]
        RenderText {#text} at (10,10) size 60x19
          text run at (10,10) width 60: "Line One"
        RenderBR {BR} at (70,25) size 0x0
        RenderMenuList {SELECT} at (10,31) size 100x39 [color=#202020]
          RenderBlock (anonymous) at (15,10) size 44x19
            RenderText at (0,0) size 30x19
              text run at (0,0) width 30: "One"
        RenderText {#text} at (0,0) size 0x0
        RenderButton {INPUT} at (110,31) size 100x37 [color=#202020]
          RenderBlock (anonymous) at (15,8) size 70x19
            RenderText at (27,0) size 16x19
              text run at (27,0) width 16: "Hi"
        RenderText {#text} at (0,0) size 0x0
        RenderBR {BR} at (210,29) size 0x19
      RenderBlock (anonymous) at (0,363) size 769x19
        RenderText {#text} at (0,0) size 462x19
          text run at (0,0) width 462: "The block-level button with an auto width should be even with the select."
      RenderBlock {P} at (0,398) size 220x99 [border: (10px solid #FF0000)]
        RenderBlock (anonymous) at (10,10) size 200x19
          RenderText {#text} at (0,0) size 60x19
            text run at (0,0) width 60: "Line One"
          RenderBR {BR} at (60,15) size 0x0
          RenderMenuList {SELECT} at (0,21) size 100x39 [color=#202020]
            RenderBlock (anonymous) at (15,10) size 44x19
              RenderText at (0,0) size 30x19
                text run at (0,0) width 30: "One"
          RenderText {#text} at (0,0) size 0x0
        RenderButton {INPUT} at (110,31) size 46x37 [color=#202020]
          RenderBlock (anonymous) at (15,8) size 16x19
            RenderText at (0,0) size 16x19
              text run at (0,0) width 16: "Hi"
        RenderBlock (anonymous) at (10,70) size 200x19
          RenderBR {BR} at (100,0) size 0x19
      RenderBlock (anonymous) at (0,513) size 769x19
        RenderText {#text} at (0,0) size 495x19
          text run at (0,0) width 495: "The block-level button with a percentage width should be even with the select."
      RenderBlock {P} at (0,548) size 220x99 [border: (10px solid #FF0000)]
        RenderBlock (anonymous) at (10,10) size 200x19
          RenderText {#text} at (0,0) size 60x19
            text run at (0,0) width 60: "Line One"
          RenderBR {BR} at (60,15) size 0x0
          RenderMenuList {SELECT} at (0,21) size 100x39 [color=#202020]
            RenderBlock (anonymous) at (15,10) size 44x19
              RenderText at (0,0) size 30x19
                text run at (0,0) width 30: "One"
          RenderText {#text} at (0,0) size 0x0
        RenderButton {INPUT} at (110,31) size 100x37 [color=#202020]
          RenderBlock (anonymous) at (15,8) size 70x19
            RenderText at (27,0) size 16x19
              text run at (27,0) width 16: "Hi"
        RenderBlock (anonymous) at (10,70) size 200x19
          RenderBR {BR} at (100,0) size 0x19
      RenderBlock (anonymous) at (0,663) size 769x19
        RenderText {#text} at (0,0) size 463x19
          text run at (0,0) width 463: "The floating table with a percentage width should be even with the select."
      RenderBlock {P} at (0,698) size 220x82 [border: (10px solid #FF0000)]
        RenderText {#text} at (10,10) size 60x19
          text run at (10,10) width 60: "Line One"
        RenderBR {BR} at (70,25) size 0x0
        RenderMenuList {SELECT} at (10,31) size 100x39 [color=#202020]
          RenderBlock (anonymous) at (15,10) size 44x19
            RenderText at (0,0) size 30x19
              text run at (0,0) width 30: "One"
        RenderText {#text} at (0,0) size 0x0
        RenderTable {TABLE} at (110,29) size 100x31 [border: (2px outset #808080)]
          RenderTableSection {TBODY} at (2,2) size 96x27
            RenderTableRow {TR} at (0,2) size 96x23
              RenderTableCell {TD} at (2,2) size 92x23 [border: (1px inset #808080)] [r=0 c=0 rs=1 cs=1]
                RenderText {#text} at (2,2) size 36x19
                  text run at (2,2) width 36: "Table"
        RenderText {#text} at (0,0) size 0x0
        RenderBR {BR} at (210,29) size 0x19
      RenderBlock (anonymous) at (0,796) size 769x38
        RenderText {#text} at (0,0) size 755x38
          text run at (0,0) width 755: "The floating table with an auto width should be even with the select and shrinks to use the available line width. THIS IS"
          text run at (0,19) width 166: "CURRENTLY BUGGY."
      RenderBlock {P} at (0,850) size 220x151 [border: (10px solid #FF0000)]
        RenderText {#text} at (10,10) size 60x19
          text run at (10,10) width 60: "Line One"
        RenderBR {BR} at (70,25) size 0x0
        RenderMenuList {SELECT} at (10,31) size 100x39 [color=#202020]
          RenderBlock (anonymous) at (15,10) size 44x19
            RenderText at (0,0) size 30x19
              text run at (0,0) width 30: "One"
        RenderText {#text} at (0,0) size 0x0
        RenderTable {TABLE} at (10,72) size 200x69 [border: (2px outset #808080)]
          RenderTableSection {TBODY} at (2,2) size 196x65
            RenderTableRow {TR} at (0,2) size 196x61
              RenderTableCell {TD} at (2,2) size 192x61 [border: (1px inset #808080)] [r=0 c=0 rs=1 cs=1]
                RenderText {#text} at (2,2) size 161x57
                  text run at (2,2) width 159: "Floating table that should"
                  text run at (2,21) width 161: "shrink so it can be next to"
                  text run at (2,40) width 90: "previous float."
        RenderText {#text} at (0,0) size 0x0
        RenderBR {BR} at (110,29) size 0x19
      RenderBlock (anonymous) at (0,1017) size 769x19
        RenderText {#text} at (0,0) size 730x19
          text run at (0,0) width 578: "The block-level table below has a percentage width and should still be even with the select. "
          text run at (578,0) width 152: "It spills out of the block."
      RenderBlock {P} at (0,1052) size 220x170 [border: (10px solid #FF0000)]
        RenderBlock (anonymous) at (10,10) size 200x19
          RenderText {#text} at (0,0) size 60x19
            text run at (0,0) width 60: "Line One"
          RenderBR {BR} at (60,15) size 0x0
          RenderMenuList {SELECT} at (0,21) size 100x39 [color=#202020]
            RenderBlock (anonymous) at (15,10) size 44x19
              RenderText at (0,0) size 30x19
                text run at (0,0) width 30: "One"
          RenderText {#text} at (0,0) size 0x0
        RenderTable {TABLE} at (10,72) size 200x69 [border: (2px outset #808080)]
          RenderTableSection {TBODY} at (2,2) size 196x65
            RenderTableRow {TR} at (0,2) size 196x61
              RenderTableCell {TD} at (2,2) size 192x61 [border: (1px inset #808080)] [r=0 c=0 rs=1 cs=1]
                RenderText {#text} at (2,2) size 161x57
                  text run at (2,2) width 159: "Floating table that should"
                  text run at (2,21) width 161: "shrink so it can be next to"
                  text run at (2,40) width 90: "previous float."
        RenderBlock (anonymous) at (10,141) size 200x19
          RenderBR {BR} at (0,0) size 0x19
      RenderBlock (anonymous) at (0,1238) size 769x19
        RenderText {#text} at (0,0) size 743x19
          text run at (0,0) width 545: "The block-level table below has an auto width and should still be even with the select. "
          text run at (545,0) width 198: "It shrinks to fit inside the block."
      RenderBlock {P} at (0,1273) size 220x184 [border: (10px solid #FF0000)]
        RenderBlock (anonymous) at (10,10) size 200x19
          RenderText {#text} at (0,0) size 60x19
            text run at (0,0) width 60: "Line One"
          RenderBR {BR} at (60,15) size 0x0
          RenderMenuList {SELECT} at (0,21) size 100x39 [color=#202020]
            RenderBlock (anonymous) at (15,10) size 44x19
              RenderText at (0,0) size 30x19
                text run at (0,0) width 30: "One"
          RenderText {#text} at (0,0) size 0x0
        RenderTable {TABLE} at (110,29) size 100x126 [border: (2px outset #808080)]
          RenderTableSection {TBODY} at (2,2) size 96x122
            RenderTableRow {TR} at (0,2) size 96x118
              RenderTableCell {TD} at (2,2) size 92x118 [border: (1px inset #808080)] [r=0 c=0 rs=1 cs=1]
                RenderText {#text} at (2,2) size 88x114
                  text run at (2,2) width 86: "Floating table"
                  text run at (2,21) width 69: "that should"
                  text run at (2,40) width 69: "shrink so it"
                  text run at (2,59) width 88: "can be next to"
                  text run at (2,78) width 54: "previous"
                  text run at (2,97) width 32: "float."
        RenderBlock (anonymous) at (10,155) size 200x19
          RenderBR {BR} at (0,0) size 0x19
      RenderBlock (anonymous) at (0,1473) size 769x19
        RenderText {#text} at (0,0) size 538x19
          text run at (0,0) width 538: "The floating overflow section with a percentage width should be even with the select."
      RenderBlock {DIV} at (0,1492) size 220x153 [border: (10px solid #FF0000)]
        RenderText {#text} at (10,10) size 60x19
          text run at (10,10) width 60: "Line One"
        RenderBR {BR} at (70,25) size 0x0
        RenderMenuList {SELECT} at (10,31) size 100x39 [color=#202020]
          RenderBlock (anonymous) at (15,10) size 44x19
            RenderText at (0,0) size 30x19
              text run at (0,0) width 30: "One"
        RenderText {#text} at (0,0) size 0x0
        RenderText {#text} at (0,0) size 0x0
        RenderBR {BR} at (210,29) size 0x19
      RenderBlock (anonymous) at (0,1645) size 769x38
        RenderText {#text} at (0,0) size 728x38
          text run at (0,0) width 728: "The floating overflow section with an auto width should be even with the select and shrinks to use the available line"
          text run at (0,19) width 268: "width. THIS IS CURRENTLY BUGGY."
      RenderBlock {DIV} at (0,1683) size 220x139 [border: (10px solid #FF0000)]
        RenderText {#text} at (10,10) size 60x19
          text run at (10,10) width 60: "Line One"
        RenderBR {BR} at (70,25) size 0x0
        RenderMenuList {SELECT} at (10,31) size 100x39 [color=#202020]
          RenderBlock (anonymous) at (15,10) size 44x19
            RenderText at (0,0) size 30x19
              text run at (0,0) width 30: "One"
        RenderText {#text} at (0,0) size 0x0
        RenderText {#text} at (0,0) size 0x0
        RenderBR {BR} at (110,29) size 0x19
      RenderBlock (anonymous) at (0,1822) size 769x19
        RenderText {#text} at (0,0) size 649x19
          text run at (0,0) width 649: "The block-level overflow section below has a percentage width and should still be even with the select."
      RenderBlock {DIV} at (0,1841) size 220x172 [border: (10px solid #FF0000)]
        RenderBlock (anonymous) at (10,10) size 200x19
          RenderText {#text} at (0,0) size 60x19
            text run at (0,0) width 60: "Line One"
          RenderBR {BR} at (60,15) size 0x0
          RenderMenuList {SELECT} at (0,21) size 100x39 [color=#202020]
            RenderBlock (anonymous) at (15,10) size 44x19
              RenderText at (0,0) size 30x19
                text run at (0,0) width 30: "One"
          RenderText {#text} at (0,0) size 0x0
        RenderBlock (anonymous) at (10,143) size 200x19
          RenderBR {BR} at (0,0) size 0x19
      RenderBlock (anonymous) at (0,2013) size 769x38
        RenderText {#text} at (0,0) size 752x38
          text run at (0,0) width 620: "The block-level overflow section below has an auto width and should still be even with the select. "
          text run at (620,0) width 132: "It shrinks to fit inside"
          text run at (0,19) width 62: "the block."
      RenderBlock {DIV} at (0,2051) size 220x172 [border: (10px solid #FF0000)]
        RenderBlock (anonymous) at (10,10) size 200x19
          RenderText {#text} at (0,0) size 60x19
            text run at (0,0) width 60: "Line One"
          RenderBR {BR} at (60,15) size 0x0
          RenderMenuList {SELECT} at (0,21) size 100x39 [color=#202020]
            RenderBlock (anonymous) at (15,10) size 44x19
              RenderText at (0,0) size 30x19
                text run at (0,0) width 30: "One"
          RenderText {#text} at (0,0) size 0x0
        RenderBlock (anonymous) at (10,143) size 200x19
          RenderBR {BR} at (0,0) size 0x19
      RenderBlock (anonymous) at (0,2223) size 769x19
        RenderText {#text} at (0,0) size 446x19
          text run at (0,0) width 446: "The floating hr with a percentage width should be even with the select."
      RenderBlock {DIV} at (0,2242) size 220x82 [border: (10px solid #FF0000)]
        RenderText {#text} at (10,10) size 60x19
          text run at (10,10) width 60: "Line One"
        RenderBR {BR} at (70,25) size 0x0
        RenderMenuList {SELECT} at (10,31) size 100x39 [color=#202020]
          RenderBlock (anonymous) at (15,10) size 44x19
            RenderText at (0,0) size 30x19
              text run at (0,0) width 30: "One"
        RenderText {#text} at (0,0) size 0x0
        RenderBlock (floating) {HR} at (112,31) size 82x2 [border: (1px inset #000000)]
        RenderText {#text} at (0,0) size 0x0
        RenderBR {BR} at (196,29) size 0x19
      RenderBlock (anonymous) at (0,2324) size 769x38
        RenderText {#text} at (0,0) size 750x38
          text run at (0,0) width 750: "The floating hr below should still be even with the select and shrinks to use its intrinsic width (which is basically like 1-"
          text run at (0,19) width 33: "2px)."
      RenderBlock {DIV} at (0,2362) size 220x82 [border: (10px solid #FF0000)]
        RenderText {#text} at (10,10) size 60x19
          text run at (10,10) width 60: "Line One"
        RenderBR {BR} at (70,25) size 0x0
        RenderMenuList {SELECT} at (10,31) size 100x39 [color=#202020]
          RenderBlock (anonymous) at (15,10) size 44x19
            RenderText at (0,0) size 30x19
              text run at (0,0) width 30: "One"
        RenderText {#text} at (0,0) size 0x0
        RenderBlock (floating) {HR} at (112,31) size 2x2 [border: (1px inset #000000)]
        RenderText {#text} at (0,0) size 0x0
        RenderBR {BR} at (116,29) size 0x19
      RenderBlock (anonymous) at (0,2444) size 769x19
        RenderText {#text} at (0,0) size 557x19
          text run at (0,0) width 557: "The block-level hr below has a percentage width and should still be even with the select."
      RenderBlock {DIV} at (0,2463) size 220x111 [border: (10px solid #FF0000)]
        RenderBlock (anonymous) at (10,10) size 200x19
          RenderText {#text} at (0,0) size 60x19
            text run at (0,0) width 60: "Line One"
          RenderBR {BR} at (60,15) size 0x0
          RenderMenuList {SELECT} at (0,21) size 100x39 [color=#202020]
            RenderBlock (anonymous) at (15,10) size 44x19
              RenderText at (0,0) size 30x19
                text run at (0,0) width 30: "One"
          RenderText {#text} at (0,0) size 0x0
        RenderBlock {HR} at (10,72) size 202x2 [border: (1px inset #000000)]
        RenderBlock (anonymous) at (10,82) size 200x19
          RenderBR {BR} at (0,0) size 0x19
      RenderBlock (anonymous) at (0,2574) size 769x19
        RenderText {#text} at (0,0) size 623x19
          text run at (0,0) width 528: "The block-level hr below has an auto width and should still be even with the select. "
          text run at (528,0) width 95: "It shrinks to fit."
      RenderBlock {DIV} at (0,2593) size 220x82 [border: (10px solid #FF0000)]
        RenderBlock (anonymous) at (10,10) size 200x19
          RenderText {#text} at (0,0) size 60x19
            text run at (0,0) width 60: "Line One"
          RenderBR {BR} at (60,15) size 0x0
          RenderMenuList {SELECT} at (0,21) size 100x39 [color=#202020]
            RenderBlock (anonymous) at (15,10) size 44x19
              RenderText at (0,0) size 30x19
                text run at (0,0) width 30: "One"
          RenderText {#text} at (0,0) size 0x0
        RenderBlock {HR} at (110,37) size 100x2 [border: (1px inset #000000)]
        RenderBlock (anonymous) at (10,47) size 200x25
          RenderBR {BR} at (100,0) size 0x19
layer at (118,1529) size 100x114
  RenderBlock (floating) {DIV} at (110,29) size 100x114
    RenderText {#text} at (0,0) size 98x114
      text run at (0,0) width 61: "This is an"
      text run at (0,19) width 57: "overflow"
      text run at (0,38) width 76: "section with"
      text run at (0,57) width 90: "enough text to"
      text run at (0,76) width 98: "have to wrap to"
      text run at (0,95) width 88: "multiple lines."
layer at (18,1763) size 200x57
  RenderBlock (floating) {DIV} at (10,72) size 200x57
    RenderText {#text} at (0,0) size 172x57
      text run at (0,0) width 170: "This is an overflow section"
      text run at (0,19) width 172: "with enough text to have to"
      text run at (0,38) width 140: "wrap to multiple lines."
layer at (118,1878) size 100x114
  RenderBlock {DIV} at (110,29) size 100x114
    RenderText {#text} at (0,0) size 98x114
      text run at (0,0) width 61: "This is an"
      text run at (0,19) width 57: "overflow"
      text run at (0,38) width 76: "section with"
      text run at (0,57) width 90: "enough text to"
      text run at (0,76) width 98: "have to wrap to"
      text run at (0,95) width 88: "multiple lines."
layer at (118,2088) size 100x114
  RenderBlock {DIV} at (110,29) size 100x114
    RenderText {#text} at (0,0) size 98x114
      text run at (0,0) width 61: "This is an"
      text run at (0,19) width 57: "overflow"
      text run at (0,38) width 76: "section with"
      text run at (0,57) width 90: "enough text to"
      text run at (0,76) width 98: "have to wrap to"
      text run at (0,95) width 88: "multiple lines."
