layer at (0,0) size 800x600
  RenderView at (0,0) size 800x600
layer at (0,0) size 800x600
  RenderBlock {HTML} at (0,0) size 800x600
    RenderBody {BODY} at (8,8) size 784x584
      RenderBlock {P} at (0,0) size 784x38
        RenderText {#text} at (0,0) size 139x19
          text run at (0,0) width 139: "This is a pixel test for "
        RenderInline {I} at (0,0) size 763x38
          RenderInline {A} at (0,0) size 348x19 [color=#0000EE]
            RenderText {#text} at (139,0) size 348x19
              text run at (139,0) width 348: "http://bugzilla.opendarwin.org/show_bug.cgi?id=4334"
          RenderText {#text} at (487,0) size 763x38
            text run at (487,0) width 4: " "
            text run at (491,0) width 272: "REGRESSION: Flickering when css-hover"
            text run at (0,19) width 273: "should change opacity on floating elements"
        RenderText {#text} at (273,19) size 4x19
          text run at (273,19) width 4: "."
      RenderBlock {P} at (0,54) size 784x19
        RenderText {#text} at (0,0) size 278x19
          text run at (0,0) width 278: "There should be a solid green square below."
      RenderBlock {HR} at (0,89) size 784x2 [border: (1px inset #000000)]
      RenderBlock (floating) {DIV} at (0,99) size 100x100 [bgcolor=#008000]
