layer at (0,0) size 784x1309
  RenderView at (0,0) size 784x600
layer at (0,0) size 784x1309
  RenderBlock {HTML} at (0,0) size 784x1309
    RenderBody {BODY} at (8,8) size 768x1293 [bgcolor=#CCCCCC]
      RenderBlock {P} at (0,0) size 768x21
        RenderText {#text} at (0,0) size 395x21
          text run at (0,0) width 395: "The style declarations which apply to the text below are:"
      RenderBlock {PRE} at (0,37) size 768x136
        RenderText {#text} at (0,0) size 321x136
          text run at (0,0) width 187: ".one {text-decoration: underline;}"
          text run at (187,0) width 0: " "
          text run at (0,17) width 179: ".two {text-decoration: overline;}"
          text run at (179,17) width 0: " "
          text run at (0,34) width 210: ".three {text-decoration: line-through;}"
          text run at (210,34) width 0: " "
          text run at (0,51) width 163: ".four {text-decoration: blink;}"
          text run at (163,51) width 0: " "
          text run at (0,68) width 172: "B.five {text-decoration: none;}"
          text run at (172,68) width 0: " "
          text run at (0,85) width 232: ".six {text-decoration: underline overline;}"
          text run at (232,85) width 0: " "
          text run at (0,102) width 321: ".seven {text-decoration: underline overline line-through;}"
          text run at (321,102) width 0: " "
          text run at (0,119) width 0: " "
      RenderBlock {HR} at (0,186) size 768x2 [border: (1px inset #000000)]
      RenderBlock {P} at (0,204) size 768x21
        RenderText {#text} at (0,0) size 258x21
          text run at (0,0) width 258: "This sentence should be underlined."
      RenderBlock {P} at (0,241) size 768x21
        RenderText {#text} at (0,0) size 248x21
          text run at (0,0) width 248: "This sentence should be overlined."
      RenderBlock {P} at (0,278) size 768x21
        RenderText {#text} at (0,0) size 377x21
          text run at (0,0) width 377: "This sentence should have stricken text (linethrough)."
      RenderBlock {P} at (0,315) size 768x21
        RenderText {#text} at (0,0) size 651x21
          text run at (0,0) width 234: "This element should be blinking. "
          text run at (234,0) width 417: "(It is not required, however, that UAs support this behavior.)"
      RenderBlock {P} at (0,352) size 768x63
        RenderText {#text} at (0,0) size 568x21
          text run at (0,0) width 326: "The text in this element should be underlined. "
          text run at (326,0) width 242: "The boldfaced text in this element "
        RenderInline {B} at (0,0) size 680x42
          RenderText {#text} at (568,0) size 680x42
            text run at (568,0) width 112: "should also be"
            text run at (0,21) width 82: "underlined"
        RenderText {#text} at (82,21) size 746x42
          text run at (82,21) width 8: ". "
          text run at (90,21) width 656: "This is because the parent's underline will 'span' the boldfaced text, even if the inline element"
          text run at (0,42) width 194: "has no underline of its own."
      RenderBlock {P} at (0,431) size 768x21
        RenderText {#text} at (0,0) size 359x21
          text run at (0,0) width 359: "This sentence should be underlined and overlined."
      RenderBlock {P} at (0,468) size 768x21
        RenderText {#text} at (0,0) size 426x21
          text run at (0,0) width 426: "This sentence should be underlined, overlined, and stricken."
      RenderBlock {P} at (0,505) size 768x0
      RenderBlock {P} at (0,505) size 768x42
        RenderText {#text} at (0,0) size 729x42
          text run at (0,0) width 729: "There should be nothing visible between this sentence and the one above (there is an empty paragraph"
          text run at (0,21) width 204: "element with class of seven)."
      RenderBlock {P} at (0,563) size 768x63
        RenderText {#text} at (0,0) size 711x21
          text run at (0,0) width 711: "Text decorations only apply to the text of an element, so the image at the end of this sentence should "
        RenderInline {EM} at (0,0) size 22x21
          RenderText {#text} at (711,0) size 22x21
            text run at (711,0) width 22: "not"
        RenderText {#text} at (733,0) size 755x42
          text run at (733,0) width 22: " be"
          text run at (0,21) width 74: "overlined: "
        RenderImage {IMG} at (74,22) size 15x15
        RenderText {#text} at (89,21) size 752x42
          text run at (89,21) width 8: ". "
          text run at (97,21) width 655: "The underline of the parent element should hold true beneath the image, however, since text-"
          text run at (0,42) width 239: "decoration 'spans' child elements."
      RenderBlock {P} at (0,642) size 768x21 [color=#008000]
        RenderText {#text} at (0,0) size 116x21
          text run at (0,0) width 116: "The underlining "
        RenderInline {SPAN} at (0,0) size 111x21 [color=#0000FF]
          RenderText {#text} at (116,0) size 111x21
            text run at (116,0) width 111: "in this sentence"
        RenderText {#text} at (227,0) size 261x21
          text run at (227,0) width 261: " should be green, no matter what the "
        RenderInline {SPAN} at (0,0) size 120x21 [color=#000000]
          RenderText {#text} at (488,0) size 120x21
            text run at (488,0) width 120: "text color may be"
        RenderText {#text} at (608,0) size 4x21
          text run at (608,0) width 4: "."
      RenderBlock {P} at (0,679) size 768x42
        RenderText {#text} at (0,0) size 122x21
          text run at (0,0) width 122: "The colors of the "
        RenderInline {SPAN} at (0,0) size 80x21 [color=#800080]
          RenderText {#text} at (122,0) size 80x21
            text run at (122,0) width 80: "underlining"
        RenderText {#text} at (202,0) size 21x21
          text run at (202,0) width 21: " in "
        RenderInline {SPAN} at (0,0) size 94x21 [color=#0000FF]
          RenderText {#text} at (223,0) size 94x21
            text run at (223,0) width 94: "this sentence"
        RenderText {#text} at (317,0) size 78x21
          text run at (317,0) width 78: " should be "
        RenderInline {SPAN} at (0,0) size 237x21 [color=#808080]
          RenderText {#text} at (395,0) size 237x21
            text run at (395,0) width 237: "the same as that of the parent text"
        RenderText {#text} at (632,0) size 742x42
          text run at (632,0) width 110: " (that is, the first"
          text run at (0,21) width 322: "word in the sentence, which should be black)."
      RenderTable {TABLE} at (0,737) size 768x556 [border: (1px outset #808080)]
        RenderTableSection {TBODY} at (1,1) size 766x554
          RenderTableRow {TR} at (0,0) size 766x29
            RenderTableCell {TD} at (0,0) size 766x29 [bgcolor=#C0C0C0] [border: (1px inset #808080)] [r=0 c=0 rs=1 cs=2]
              RenderInline {STRONG} at (0,0) size 178x21
                RenderText {#text} at (4,4) size 178x21
                  text run at (4,4) width 178: "TABLE Testing Section"
          RenderTableRow {TR} at (0,29) size 766x525
            RenderTableCell {TD} at (0,277) size 12x29 [bgcolor=#C0C0C0] [border: (1px inset #808080)] [r=1 c=0 rs=1 cs=1]
              RenderText {#text} at (4,4) size 4x21
                text run at (4,4) width 4: " "
            RenderTableCell {TD} at (12,29) size 754x525 [border: (1px inset #808080)] [r=1 c=1 rs=1 cs=1]
              RenderBlock {P} at (4,4) size 746x21
                RenderText {#text} at (0,0) size 258x21
                  text run at (0,0) width 258: "This sentence should be underlined."
              RenderBlock {P} at (4,41) size 746x21
                RenderText {#text} at (0,0) size 248x21
                  text run at (0,0) width 248: "This sentence should be overlined."
              RenderBlock {P} at (4,78) size 746x21
                RenderText {#text} at (0,0) size 377x21
                  text run at (0,0) width 377: "This sentence should have stricken text (linethrough)."
              RenderBlock {P} at (4,115) size 746x21
                RenderText {#text} at (0,0) size 651x21
                  text run at (0,0) width 234: "This element should be blinking. "
                  text run at (234,0) width 417: "(It is not required, however, that UAs support this behavior.)"
              RenderBlock {P} at (4,152) size 746x63
                RenderText {#text} at (0,0) size 568x21
                  text run at (0,0) width 326: "The text in this element should be underlined. "
                  text run at (326,0) width 242: "The boldfaced text in this element "
                RenderInline {B} at (0,0) size 680x42
                  RenderText {#text} at (568,0) size 680x42
                    text run at (568,0) width 112: "should also be"
                    text run at (0,21) width 82: "underlined"
                RenderText {#text} at (82,21) size 746x42
                  text run at (82,21) width 8: ". "
                  text run at (90,21) width 656: "This is because the parent's underline will 'span' the boldfaced text, even if the inline element"
                  text run at (0,42) width 194: "has no underline of its own."
              RenderBlock {P} at (4,231) size 746x21
                RenderText {#text} at (0,0) size 359x21
                  text run at (0,0) width 359: "This sentence should be underlined and overlined."
              RenderBlock {P} at (4,268) size 746x21
                RenderText {#text} at (0,0) size 426x21
                  text run at (0,0) width 426: "This sentence should be underlined, overlined, and stricken."
              RenderBlock {P} at (4,305) size 746x0
              RenderBlock {P} at (4,305) size 746x42
                RenderText {#text} at (0,0) size 729x42
                  text run at (0,0) width 729: "There should be nothing visible between this sentence and the one above (there is an empty paragraph"
                  text run at (0,21) width 204: "element with class of seven)."
              RenderBlock {P} at (4,363) size 746x63
                RenderText {#text} at (0,0) size 711x21
                  text run at (0,0) width 711: "Text decorations only apply to the text of an element, so the image at the end of this sentence should "
                RenderInline {EM} at (0,0) size 22x21
                  RenderText {#text} at (711,0) size 22x21
                    text run at (711,0) width 22: "not"
                RenderText {#text} at (0,21) size 96x21
                  text run at (0,21) width 96: "be overlined: "
                RenderImage {IMG} at (96,22) size 15x15
                RenderText {#text} at (111,21) size 740x42
                  text run at (111,21) width 8: ". "
                  text run at (119,21) width 621: "The underline of the parent element should hold true beneath the image, however, since"
                  text run at (0,42) width 269: "text-decoration 'spans' child elements."
              RenderBlock {P} at (4,442) size 746x21 [color=#008000]
                RenderText {#text} at (0,0) size 116x21
                  text run at (0,0) width 116: "The underlining "
                RenderInline {SPAN} at (0,0) size 111x21 [color=#0000FF]
                  RenderText {#text} at (116,0) size 111x21
                    text run at (116,0) width 111: "in this sentence"
                RenderText {#text} at (227,0) size 261x21
                  text run at (227,0) width 261: " should be green, no matter what the "
                RenderInline {SPAN} at (0,0) size 120x21 [color=#000000]
                  RenderText {#text} at (488,0) size 120x21
                    text run at (488,0) width 120: "text color may be"
                RenderText {#text} at (608,0) size 4x21
                  text run at (608,0) width 4: "."
              RenderBlock {P} at (4,479) size 746x42
                RenderText {#text} at (0,0) size 122x21
                  text run at (0,0) width 122: "The colors of the "
                RenderInline {SPAN} at (0,0) size 80x21 [color=#800080]
                  RenderText {#text} at (122,0) size 80x21
                    text run at (122,0) width 80: "underlining"
                RenderText {#text} at (202,0) size 21x21
                  text run at (202,0) width 21: " in "
                RenderInline {SPAN} at (0,0) size 94x21 [color=#0000FF]
                  RenderText {#text} at (223,0) size 94x21
                    text run at (223,0) width 94: "this sentence"
                RenderText {#text} at (317,0) size 78x21
                  text run at (317,0) width 78: " should be "
                RenderInline {SPAN} at (0,0) size 237x21 [color=#808080]
                  RenderText {#text} at (395,0) size 237x21
                    text run at (395,0) width 237: "the same as that of the parent text"
                RenderText {#text} at (632,0) size 742x42
                  text run at (632,0) width 110: " (that is, the first"
                  text run at (0,21) width 322: "word in the sentence, which should be black)."
