layer at (0,0) size 784x686
  RenderView at (0,0) size 784x600
layer at (0,0) size 784x686
  RenderBlock {HTML} at (0,0) size 784x686
    RenderBody {BODY} at (8,16) size 768x660
      RenderBlock {P} at (0,0) size 768x18
        RenderText {#text} at (0,0) size 396x17
          text run at (0,0) width 396: "Test passes if the content of the three black boxes is identical."
      RenderBlock {DIV} at (10,34) size 298x202 [border: (5px solid #000000)]
      RenderBlock {DIV} at (10,246) size 298x202 [border: (5px solid #000000)]
      RenderBlock {DIV} at (10,458) size 298x202 [border: (5px solid #000000)]
