layer at (0,0) size 800x600
  RenderView at (0,0) size 800x600
layer at (0,0) size 800x163
  RenderBlock {HTML} at (0,0) size 800x163
    RenderBody {BODY} at (8,16) size 784x139
      RenderBlock {P} at (0,0) size 784x18
        RenderText {#text} at (0,0) size 357x19
          text run at (0,0) width 357: "Test passes if there is a box with rounded corners below."
      RenderBlock (anonymous) at (0,34) size 784x105
        RenderBlock {DIV} at (0,0) size 102x102 [border: (3px solid #008000)]
        RenderText {#text} at (0,0) size 0x0
