layer at (0,0) size 784x1068
  RenderView at (0,0) size 784x600
layer at (0,0) size 784x1068
  RenderBlock {HTML} at (0,0) size 784x1068
    RenderBody {BODY} at (8,8) size 768x584
      RenderBlock (floating) {DIV} at (0,0) size 352x921 [border: (1px solid #FF0000)]
        RenderBlock (anonymous) at (1,1) size 350x14
          RenderText {#text} at (0,-1) size 177x17
            text run at (0,-1) width 177: "Plain textarea with little content"
        RenderBlock {DIV} at (1,15) size 352x46 [border: (1px solid #FF0000)]
          RenderText {#text} at (1,30) size 13x17
            text run at (1,30) width 13: "A "
          RenderText {#text} at (178,30) size 12x17
            text run at (178,30) width 12: " B"
        RenderBlock (anonymous) at (1,61) size 350x14
          RenderText {#text} at (0,-1) size 75x17
            text run at (0,-1) width 75: "Plain textarea"
        RenderBlock {DIV} at (1,75) size 352x46 [border: (1px solid #FF0000)]
          RenderText {#text} at (1,30) size 13x17
            text run at (1,30) width 13: "A "
          RenderText {#text} at (178,30) size 12x17
            text run at (178,30) width 12: " B"
        RenderBlock (anonymous) at (1,121) size 350x14
          RenderText {#text} at (0,-1) size 96x17
            text run at (0,-1) width 96: "Disabled textarea"
        RenderBlock {DIV} at (1,135) size 352x46 [border: (1px solid #FF0000)]
          RenderText {#text} at (1,30) size 13x17
            text run at (1,30) width 13: "A "
          RenderText {#text} at (178,30) size 12x17
            text run at (178,30) width 12: " B"
        RenderBlock (anonymous) at (1,181) size 350x14
          RenderText {#text} at (0,-1) size 119x17
            text run at (0,-1) width 119: "style=\"padding:10px\""
        RenderBlock {DIV} at (1,195) size 352x46 [border: (1px solid #FF0000)]
          RenderText {#text} at (1,30) size 13x17
            text run at (1,30) width 13: "A "
          RenderText {#text} at (178,30) size 12x17
            text run at (178,30) width 12: " B"
        RenderBlock (anonymous) at (1,241) size 350x14
          RenderText {#text} at (0,-1) size 112x17
            text run at (0,-1) width 112: "style=\"padding:0px\""
        RenderBlock {DIV} at (1,255) size 352x46 [border: (1px solid #FF0000)]
          RenderText {#text} at (1,30) size 13x17
            text run at (1,30) width 13: "A "
          RenderText {#text} at (178,30) size 12x17
            text run at (178,30) width 12: " B"
        RenderBlock (anonymous) at (1,301) size 350x14
          RenderText {#text} at (0,-1) size 114x17
            text run at (0,-1) width 114: "style=\"margin:10px\""
        RenderBlock {DIV} at (1,315) size 352x62 [border: (1px solid #FF0000)]
          RenderText {#text} at (1,46) size 13x17
            text run at (1,46) width 13: "A "
          RenderText {#text} at (194,46) size 12x17
            text run at (194,46) width 12: " B"
        RenderBlock (anonymous) at (1,377) size 350x14
          RenderText {#text} at (0,-1) size 107x17
            text run at (0,-1) width 107: "style=\"margin:0px\""
        RenderBlock {DIV} at (1,391) size 352x42 [border: (1px solid #FF0000)]
          RenderText {#text} at (1,26) size 13x17
            text run at (1,26) width 13: "A "
          RenderText {#text} at (174,26) size 12x17
            text run at (174,26) width 12: " B"
        RenderBlock (anonymous) at (1,433) size 350x14
          RenderText {#text} at (0,-1) size 38x17
            text run at (0,-1) width 38: "cols=3"
        RenderBlock {DIV} at (1,447) size 352x46 [border: (1px solid #FF0000)]
          RenderText {#text} at (1,30) size 13x17
            text run at (1,30) width 13: "A "
          RenderText {#text} at (59,30) size 12x17
            text run at (59,30) width 12: " B"
        RenderBlock (anonymous) at (1,493) size 350x14
          RenderText {#text} at (0,-1) size 44x17
            text run at (0,-1) width 44: "rows=3"
        RenderBlock {DIV} at (1,507) size 352x63 [border: (1px solid #FF0000)]
          RenderText {#text} at (1,47) size 13x17
            text run at (1,47) width 13: "A "
          RenderText {#text} at (178,47) size 12x17
            text run at (178,47) width 12: " B"
        RenderBlock (anonymous) at (1,570) size 350x14
          RenderText {#text} at (0,-1) size 45x17
            text run at (0,-1) width 45: "cols=10"
        RenderBlock {DIV} at (1,584) size 352x46 [border: (1px solid #FF0000)]
          RenderText {#text} at (1,30) size 13x17
            text run at (1,30) width 13: "A "
          RenderText {#text} at (108,30) size 12x17
            text run at (108,30) width 12: " B"
        RenderBlock (anonymous) at (1,630) size 350x14
          RenderText {#text} at (0,-1) size 51x17
            text run at (0,-1) width 51: "rows=10"
        RenderBlock {DIV} at (1,644) size 352x182 [border: (1px solid #FF0000)]
          RenderText {#text} at (1,166) size 13x17
            text run at (1,166) width 13: "A "
          RenderText {#text} at (178,166) size 12x17
            text run at (178,166) width 12: " B"
        RenderBlock (anonymous) at (1,826) size 350x14
          RenderText {#text} at (0,-1) size 86x17
            text run at (0,-1) width 86: "cols=5 rows=4"
        RenderBlock {DIV} at (1,840) size 352x80 [border: (1px solid #FF0000)]
          RenderText {#text} at (1,64) size 13x17
            text run at (1,64) width 13: "A "
          RenderText {#text} at (73,64) size 12x17
            text run at (73,64) width 12: " B"
      RenderBlock (floating) {DIV} at (352,0) size 352x1060 [border: (1px solid #FF0000)]
        RenderBlock (anonymous) at (1,1) size 350x14
          RenderText {#text} at (0,-1) size 107x17
            text run at (0,-1) width 107: "style=\"width:60px\""
        RenderBlock {DIV} at (1,15) size 352x46 [border: (1px solid #FF0000)]
          RenderText {#text} at (1,30) size 13x17
            text run at (1,30) width 13: "A "
          RenderText {#text} at (74,30) size 12x17
            text run at (74,30) width 12: " B"
        RenderBlock (anonymous) at (1,61) size 350x14
          RenderText {#text} at (0,-1) size 186x17
            text run at (0,-1) width 186: "style=\"width:60px;padding:20px\""
        RenderBlock {DIV} at (1,75) size 352x46 [border: (1px solid #FF0000)]
          RenderText {#text} at (1,30) size 13x17
            text run at (1,30) width 13: "A "
          RenderText {#text} at (74,30) size 12x17
            text run at (74,30) width 12: " B"
        RenderBlock (anonymous) at (1,121) size 350x14
          RenderText {#text} at (0,-1) size 165x17
            text run at (0,-1) width 165: "style=\"width:60px;padding:0\""
        RenderBlock {DIV} at (1,135) size 352x46 [border: (1px solid #FF0000)]
          RenderText {#text} at (1,30) size 13x17
            text run at (1,30) width 13: "A "
          RenderText {#text} at (74,30) size 12x17
            text run at (74,30) width 12: " B"
        RenderBlock (anonymous) at (1,181) size 350x14
          RenderText {#text} at (0,-1) size 109x17
            text run at (0,-1) width 109: "style=\"height:60px\""
        RenderBlock {DIV} at (1,195) size 352x64 [border: (1px solid #FF0000)]
          RenderText {#text} at (1,48) size 13x17
            text run at (1,48) width 13: "A "
          RenderText {#text} at (178,48) size 12x17
            text run at (178,48) width 12: " B"
        RenderBlock (anonymous) at (1,259) size 350x14
          RenderText {#text} at (0,-1) size 176x17
            text run at (0,-1) width 176: "style=\"width:60px;height:60px\""
        RenderBlock {DIV} at (1,273) size 352x64 [border: (1px solid #FF0000)]
          RenderText {#text} at (1,48) size 13x17
            text run at (1,48) width 13: "A "
          RenderText {#text} at (74,48) size 12x17
            text run at (74,48) width 12: " B"
        RenderBlock (anonymous) at (1,337) size 350x14
          RenderText {#text} at (0,-1) size 135x17
            text run at (0,-1) width 135: "style=\"overflow:hidden\""
        RenderBlock {DIV} at (1,351) size 352x46 [border: (1px solid #FF0000)]
          RenderText {#text} at (1,30) size 13x17
            text run at (1,30) width 13: "A "
          RenderText {#text} at (178,30) size 12x17
            text run at (178,30) width 12: " B"
        RenderBlock (anonymous) at (1,397) size 350x14
          RenderText {#text} at (0,-1) size 129x17
            text run at (0,-1) width 129: "style=\"overflow:scroll\""
        RenderBlock {DIV} at (1,411) size 352x62 [border: (1px solid #FF0000)]
          RenderText {#text} at (1,46) size 13x17
            text run at (1,46) width 13: "A "
          RenderText {#text} at (178,46) size 12x17
            text run at (178,46) width 12: " B"
        RenderBlock (anonymous) at (1,473) size 350x14
          RenderText {#text} at (0,-1) size 271x17
            text run at (0,-1) width 271: "style=\"overflow:hidden;width:60px;height:60px\""
        RenderBlock {DIV} at (1,487) size 352x64 [border: (1px solid #FF0000)]
          RenderText {#text} at (1,48) size 13x17
            text run at (1,48) width 13: "A "
          RenderText {#text} at (74,48) size 12x17
            text run at (74,48) width 12: " B"
        RenderBlock (anonymous) at (1,551) size 350x14
          RenderText {#text} at (0,-1) size 265x17
            text run at (0,-1) width 265: "style=\"overflow:scroll;width:60px;height:60px\""
        RenderBlock {DIV} at (1,565) size 352x64 [border: (1px solid #FF0000)]
          RenderText {#text} at (1,48) size 13x17
            text run at (1,48) width 13: "A "
          RenderText {#text} at (74,48) size 12x17
            text run at (74,48) width 12: " B"
        RenderBlock (anonymous) at (1,629) size 350x14
          RenderText {#text} at (0,-1) size 218x17
            text run at (0,-1) width 218: "cols=5 style=\"width:60px;height:60px\""
        RenderBlock {DIV} at (1,643) size 352x64 [border: (1px solid #FF0000)]
          RenderText {#text} at (1,48) size 13x17
            text run at (1,48) width 13: "A "
          RenderText {#text} at (74,48) size 12x17
            text run at (74,48) width 12: " B"
        RenderBlock (anonymous) at (1,707) size 350x14
          RenderText {#text} at (0,-1) size 224x17
            text run at (0,-1) width 224: "rows=4 style=\"width:60px;height:60px\""
        RenderBlock {DIV} at (1,721) size 352x64 [border: (1px solid #FF0000)]
          RenderText {#text} at (1,48) size 13x17
            text run at (1,48) width 13: "A "
          RenderText {#text} at (74,48) size 12x17
            text run at (74,48) width 12: " B"
        RenderBlock (anonymous) at (1,785) size 350x14
          RenderText {#text} at (0,-1) size 266x17
            text run at (0,-1) width 266: "cols=5 rows=4 style=\"width:60px;height:60px\""
        RenderBlock {DIV} at (1,799) size 352x64 [border: (1px solid #FF0000)]
          RenderText {#text} at (1,48) size 13x17
            text run at (1,48) width 13: "A "
          RenderText {#text} at (74,48) size 12x17
            text run at (74,48) width 12: " B"
        RenderBlock (anonymous) at (1,863) size 350x14
          RenderText {#text} at (0,-1) size 64x17
            text run at (0,-1) width 64: "wrap=\"off\""
        RenderBlock {DIV} at (1,877) size 352x62 [border: (1px solid #FF0000)]
          RenderText {#text} at (1,46) size 13x17
            text run at (1,46) width 13: "A "
          RenderText {#text} at (178,46) size 12x17
            text run at (178,46) width 4: " "
            text run at (182,46) width 8: "B"
        RenderBlock (anonymous) at (1,939) size 350x14
          RenderText {#text} at (0,-1) size 72x17
            text run at (0,-1) width 72: "wrap=\"hard\""
        RenderBlock {DIV} at (1,953) size 352x46 [border: (1px solid #FF0000)]
          RenderText {#text} at (1,30) size 13x17
            text run at (1,30) width 13: "A "
          RenderText {#text} at (178,30) size 12x17
            text run at (178,30) width 4: " "
            text run at (182,30) width 8: "B"
        RenderBlock (anonymous) at (1,999) size 350x14
          RenderText {#text} at (0,-1) size 69x17
            text run at (0,-1) width 69: "wrap=\"soft\""
        RenderBlock {DIV} at (1,1013) size 352x46 [border: (1px solid #FF0000)]
          RenderText {#text} at (1,30) size 13x17
            text run at (1,30) width 13: "A "
          RenderText {#text} at (178,30) size 12x17
            text run at (178,30) width 4: " "
            text run at (182,30) width 8: "B"
layer at (25,26) size 160x38
  RenderTextControl {TEXTAREA} at (16,3) size 160x38
    RenderBlock {DIV} at (2,2) size 156x17
      RenderText {#text} at (0,0) size 108x17
        text run at (0,0) width 108: "Lorem ipsum dolor"
layer at (25,86) size 160x38 clip at (25,86) size 144x38 scrollHeight 72
  RenderTextControl {TEXTAREA} at (16,3) size 160x38
    RenderBlock {DIV} at (2,2) size 140x68
      RenderText {#text} at (0,0) size 140x68
        text run at (0,0) width 108: "Lorem ipsum dolor"
        text run at (108,0) width 4: " "
        text run at (0,17) width 139: "ABCDEFGHIJKLMNOP"
        text run at (0,34) width 94: "QRSTUVWXYZ"
        text run at (94,34) width 4: " "
        text run at (0,51) width 136: "abcdefghijklmnopqrstuv"
        text run at (136,51) width 4: " "
layer at (25,146) size 160x38 clip at (25,146) size 144x38 scrollHeight 72
  RenderTextControl {TEXTAREA} at (16,3) size 160x38
    RenderBlock {DIV} at (2,2) size 140x68 [color=#545454]
      RenderText {#text} at (0,0) size 140x68
        text run at (0,0) width 108: "Lorem ipsum dolor"
        text run at (108,0) width 4: " "
        text run at (0,17) width 139: "ABCDEFGHIJKLMNOP"
        text run at (0,34) width 94: "QRSTUVWXYZ"
        text run at (94,34) width 4: " "
        text run at (0,51) width 136: "abcdefghijklmnopqrstuv"
        text run at (136,51) width 4: " "
layer at (25,206) size 160x38 clip at (25,206) size 144x38 scrollHeight 72
  RenderTextControl {TEXTAREA} at (16,3) size 160x38
    RenderBlock {DIV} at (2,2) size 140x68
      RenderText {#text} at (0,0) size 140x68
        text run at (0,0) width 108: "Lorem ipsum dolor"
        text run at (108,0) width 4: " "
        text run at (0,17) width 139: "ABCDEFGHIJKLMNOP"
        text run at (0,34) width 94: "QRSTUVWXYZ"
        text run at (94,34) width 4: " "
        text run at (0,51) width 136: "abcdefghijklmnopqrstuv"
        text run at (136,51) width 4: " "
layer at (25,266) size 160x38 clip at (25,266) size 144x38 scrollHeight 72
  RenderTextControl {TEXTAREA} at (16,3) size 160x38
    RenderBlock {DIV} at (2,2) size 140x68
      RenderText {#text} at (0,0) size 140x68
        text run at (0,0) width 108: "Lorem ipsum dolor"
        text run at (108,0) width 4: " "
        text run at (0,17) width 139: "ABCDEFGHIJKLMNOP"
        text run at (0,34) width 94: "QRSTUVWXYZ"
        text run at (94,34) width 4: " "
        text run at (0,51) width 136: "abcdefghijklmnopqrstuv"
        text run at (136,51) width 4: " "
layer at (33,334) size 160x38 clip at (33,334) size 144x38 scrollHeight 72
  RenderTextControl {TEXTAREA} at (24,11) size 160x38
    RenderBlock {DIV} at (2,2) size 140x68
      RenderText {#text} at (0,0) size 140x68
        text run at (0,0) width 108: "Lorem ipsum dolor"
        text run at (108,0) width 4: " "
        text run at (0,17) width 139: "ABCDEFGHIJKLMNOP"
        text run at (0,34) width 94: "QRSTUVWXYZ"
        text run at (94,34) width 4: " "
        text run at (0,51) width 136: "abcdefghijklmnopqrstuv"
        text run at (136,51) width 4: " "
layer at (23,400) size 160x38 clip at (23,400) size 144x38 scrollHeight 72
  RenderTextControl {TEXTAREA} at (14,1) size 160x38
    RenderBlock {DIV} at (2,2) size 140x68
      RenderText {#text} at (0,0) size 140x68
        text run at (0,0) width 108: "Lorem ipsum dolor"
        text run at (108,0) width 4: " "
        text run at (0,17) width 139: "ABCDEFGHIJKLMNOP"
        text run at (0,34) width 94: "QRSTUVWXYZ"
        text run at (94,34) width 4: " "
        text run at (0,51) width 136: "abcdefghijklmnopqrstuv"
        text run at (136,51) width 4: " "
layer at (25,458) size 41x38 clip at (25,458) size 25x38 scrollHeight 480
  RenderTextControl {TEXTAREA} at (16,3) size 41x38
    RenderBlock {DIV} at (2,2) size 21x476
      RenderText {#text} at (0,0) size 21x476
        text run at (0,0) width 20: "Lor"
        text run at (0,17) width 17: "em"
        text run at (17,17) width 4: " "
        text run at (0,34) width 16: "ips"
        text run at (0,51) width 18: "um"
        text run at (18,51) width 3: " "
        text run at (0,68) width 17: "dol"
        text run at (0,85) width 12: "or"
        text run at (12,85) width 4: " "
        text run at (0,102) width 17: "AB"
        text run at (0,119) width 19: "CD"
        text run at (0,136) width 16: "EF"
        text run at (0,153) width 19: "GH"
        text run at (0,170) width 20: "IJK"
        text run at (0,187) width 20: "LM"
        text run at (0,204) width 20: "NO"
        text run at (0,221) width 18: "PQ"
        text run at (0,238) width 17: "RS"
        text run at (0,255) width 18: "TU"
        text run at (0,272) width 9: "V"
        text run at (0,289) width 13: "W"
        text run at (0,306) width 19: "XY"
        text run at (0,323) width 8: "Z"
        text run at (8,323) width 4: " "
        text run at (0,340) width 20: "abc"
        text run at (0,357) width 18: "def"
        text run at (0,374) width 20: "ghij"
        text run at (0,391) width 21: "klm"
        text run at (0,408) width 21: "nop"
        text run at (0,425) width 18: "qrs"
        text run at (0,442) width 18: "tuv"
        text run at (0,459) width 4: " "
layer at (25,518) size 160x55 clip at (25,518) size 144x55 scrollHeight 72
  RenderTextControl {TEXTAREA} at (16,3) size 160x55
    RenderBlock {DIV} at (2,2) size 140x68
      RenderText {#text} at (0,0) size 140x68
        text run at (0,0) width 108: "Lorem ipsum dolor"
        text run at (108,0) width 4: " "
        text run at (0,17) width 139: "ABCDEFGHIJKLMNOP"
        text run at (0,34) width 94: "QRSTUVWXYZ"
        text run at (94,34) width 4: " "
        text run at (0,51) width 136: "abcdefghijklmnopqrstuv"
        text run at (136,51) width 4: " "
layer at (25,595) size 90x38 clip at (25,595) size 74x38 scrollHeight 157
  RenderTextControl {TEXTAREA} at (16,3) size 90x38
    RenderBlock {DIV} at (2,2) size 70x153
      RenderText {#text} at (0,0) size 70x153
        text run at (0,0) width 37: "Lorem"
        text run at (37,0) width 4: " "
        text run at (0,17) width 67: "ipsum dolor"
        text run at (67,17) width 3: " "
        text run at (0,34) width 62: "ABCDEFG"
        text run at (0,51) width 69: "HIJKLMNO"
        text run at (0,68) width 62: "PQRSTUV"
        text run at (0,85) width 40: "WXYZ"
        text run at (40,85) width 4: " "
        text run at (0,102) width 68: "abcdefghijkl"
        text run at (0,119) width 68: "mnopqrstuv"
        text run at (0,136) width 4: " "
layer at (25,655) size 160x174
  RenderTextControl {TEXTAREA} at (16,3) size 160x174
    RenderBlock {DIV} at (2,2) size 156x68
      RenderText {#text} at (0,0) size 149x68
        text run at (0,0) width 108: "Lorem ipsum dolor"
        text run at (108,0) width 4: " "
        text run at (0,17) width 149: "ABCDEFGHIJKLMNOPQ"
        text run at (0,34) width 84: "RSTUVWXYZ"
        text run at (84,34) width 4: " "
        text run at (0,51) width 136: "abcdefghijklmnopqrstuv"
        text run at (136,51) width 4: " "
layer at (25,851) size 55x72 clip at (25,851) size 39x72 scrollHeight 310
  RenderTextControl {TEXTAREA} at (16,3) size 55x72
    RenderBlock {DIV} at (2,2) size 35x306
      RenderText {#text} at (0,0) size 35x306
        text run at (0,0) width 26: "Lore"
        text run at (0,17) width 11: "m"
        text run at (11,17) width 4: " "
        text run at (0,34) width 34: "ipsum"
        text run at (34,34) width 1: " "
        text run at (0,51) width 29: "dolor"
        text run at (29,51) width 4: " "
        text run at (0,68) width 26: "ABC"
        text run at (0,85) width 26: "DEF"
        text run at (0,102) width 30: "GHIJ"
        text run at (0,119) width 29: "KLM"
        text run at (0,136) width 28: "NOP"
        text run at (0,153) width 27: "QRS"
        text run at (0,170) width 27: "TUV"
        text run at (0,187) width 32: "WXY"
        text run at (0,204) width 8: "Z"
        text run at (8,204) width 4: " "
        text run at (0,221) width 33: "abcde"
        text run at (0,238) width 35: "fghijkl"
        text run at (0,255) width 32: "mnop"
        text run at (0,272) width 29: "qrstu"
        text run at (0,289) width 7: "v"
        text run at (7,289) width 4: " "
layer at (375,26) size 60x38 clip at (375,26) size 44x38 scrollHeight 242
  RenderTextControl {TEXTAREA} at (14,3) size 60x38
    RenderBlock {DIV} at (2,2) size 40x238
      RenderText {#text} at (0,0) size 40x238
        text run at (0,0) width 37: "Lorem"
        text run at (37,0) width 3: " "
        text run at (0,17) width 34: "ipsum"
        text run at (34,17) width 4: " "
        text run at (0,34) width 29: "dolor"
        text run at (29,34) width 4: " "
        text run at (0,51) width 36: "ABCD"
        text run at (0,68) width 40: "EFGHI"
        text run at (0,85) width 35: "JKLM"
        text run at (0,102) width 38: "NOPQ"
        text run at (0,119) width 35: "RSTU"
        text run at (0,136) width 32: "VWX"
        text run at (0,153) width 17: "YZ"
        text run at (17,153) width 4: " "
        text run at (0,170) width 38: "abcdef"
        text run at (0,187) width 30: "ghijkl"
        text run at (0,204) width 39: "mnopq"
        text run at (0,221) width 29: "rstuv"
        text run at (29,221) width 4: " "
layer at (375,86) size 60x38 clip at (375,86) size 44x38 scrollHeight 242
  RenderTextControl {TEXTAREA} at (14,3) size 60x38
    RenderBlock {DIV} at (2,2) size 40x238
      RenderText {#text} at (0,0) size 40x238
        text run at (0,0) width 37: "Lorem"
        text run at (37,0) width 3: " "
        text run at (0,17) width 34: "ipsum"
        text run at (34,17) width 4: " "
        text run at (0,34) width 29: "dolor"
        text run at (29,34) width 4: " "
        text run at (0,51) width 36: "ABCD"
        text run at (0,68) width 40: "EFGHI"
        text run at (0,85) width 35: "JKLM"
        text run at (0,102) width 38: "NOPQ"
        text run at (0,119) width 35: "RSTU"
        text run at (0,136) width 32: "VWX"
        text run at (0,153) width 17: "YZ"
        text run at (17,153) width 4: " "
        text run at (0,170) width 38: "abcdef"
        text run at (0,187) width 30: "ghijkl"
        text run at (0,204) width 39: "mnopq"
        text run at (0,221) width 29: "rstuv"
        text run at (29,221) width 4: " "
layer at (375,146) size 60x38 clip at (375,146) size 44x38 scrollHeight 242
  RenderTextControl {TEXTAREA} at (14,3) size 60x38
    RenderBlock {DIV} at (2,2) size 40x238
      RenderText {#text} at (0,0) size 40x238
        text run at (0,0) width 37: "Lorem"
        text run at (37,0) width 3: " "
        text run at (0,17) width 34: "ipsum"
        text run at (34,17) width 4: " "
        text run at (0,34) width 29: "dolor"
        text run at (29,34) width 4: " "
        text run at (0,51) width 36: "ABCD"
        text run at (0,68) width 40: "EFGHI"
        text run at (0,85) width 35: "JKLM"
        text run at (0,102) width 38: "NOPQ"
        text run at (0,119) width 35: "RSTU"
        text run at (0,136) width 32: "VWX"
        text run at (0,153) width 17: "YZ"
        text run at (17,153) width 4: " "
        text run at (0,170) width 38: "abcdef"
        text run at (0,187) width 30: "ghijkl"
        text run at (0,204) width 39: "mnopq"
        text run at (0,221) width 29: "rstuv"
        text run at (29,221) width 4: " "
layer at (377,204) size 160x60 clip at (377,204) size 144x60 scrollHeight 72
  RenderTextControl {TEXTAREA} at (16,1) size 160x60
    RenderBlock {DIV} at (2,2) size 140x68
      RenderText {#text} at (0,0) size 140x68
        text run at (0,0) width 108: "Lorem ipsum dolor"
        text run at (108,0) width 4: " "
        text run at (0,17) width 139: "ABCDEFGHIJKLMNOP"
        text run at (0,34) width 94: "QRSTUVWXYZ"
        text run at (94,34) width 4: " "
        text run at (0,51) width 136: "abcdefghijklmnopqrstuv"
        text run at (136,51) width 4: " "
layer at (375,282) size 60x60 clip at (375,282) size 44x60 scrollHeight 242
  RenderTextControl {TEXTAREA} at (14,1) size 60x60
    RenderBlock {DIV} at (2,2) size 40x238
      RenderText {#text} at (0,0) size 40x238
        text run at (0,0) width 37: "Lorem"
        text run at (37,0) width 3: " "
        text run at (0,17) width 34: "ipsum"
        text run at (34,17) width 4: " "
        text run at (0,34) width 29: "dolor"
        text run at (29,34) width 4: " "
        text run at (0,51) width 36: "ABCD"
        text run at (0,68) width 40: "EFGHI"
        text run at (0,85) width 35: "JKLM"
        text run at (0,102) width 38: "NOPQ"
        text run at (0,119) width 35: "RSTU"
        text run at (0,136) width 32: "VWX"
        text run at (0,153) width 17: "YZ"
        text run at (17,153) width 4: " "
        text run at (0,170) width 38: "abcdef"
        text run at (0,187) width 30: "ghijkl"
        text run at (0,204) width 39: "mnopq"
        text run at (0,221) width 29: "rstuv"
        text run at (29,221) width 4: " "
layer at (377,362) size 160x38 scrollHeight 72
  RenderTextControl {TEXTAREA} at (16,3) size 160x38
    RenderBlock {DIV} at (2,2) size 156x68
      RenderText {#text} at (0,0) size 149x68
        text run at (0,0) width 108: "Lorem ipsum dolor"
        text run at (108,0) width 4: " "
        text run at (0,17) width 149: "ABCDEFGHIJKLMNOPQ"
        text run at (0,34) width 84: "RSTUVWXYZ"
        text run at (84,34) width 4: " "
        text run at (0,51) width 136: "abcdefghijklmnopqrstuv"
        text run at (136,51) width 4: " "
layer at (377,422) size 160x54 clip at (377,422) size 144x38 scrollHeight 72
  RenderTextControl {TEXTAREA} at (16,3) size 160x54
    RenderBlock {DIV} at (2,2) size 140x68
      RenderText {#text} at (0,0) size 140x68
        text run at (0,0) width 108: "Lorem ipsum dolor"
        text run at (108,0) width 4: " "
        text run at (0,17) width 139: "ABCDEFGHIJKLMNOP"
        text run at (0,34) width 94: "QRSTUVWXYZ"
        text run at (94,34) width 4: " "
        text run at (0,51) width 136: "abcdefghijklmnopqrstuv"
        text run at (136,51) width 4: " "
layer at (375,496) size 60x60 scrollHeight 191
  RenderTextControl {TEXTAREA} at (14,1) size 60x60
    RenderBlock {DIV} at (2,2) size 56x187
      RenderText {#text} at (0,0) size 55x187
        text run at (0,0) width 37: "Lorem"
        text run at (37,0) width 4: " "
        text run at (0,17) width 34: "ipsum"
        text run at (34,17) width 4: " "
        text run at (0,34) width 29: "dolor"
        text run at (29,34) width 4: " "
        text run at (0,51) width 52: "ABCDEF"
        text run at (0,68) width 47: "GHIJKL"
        text run at (0,85) width 50: "MNOPQ"
        text run at (0,102) width 44: "RSTUV"
        text run at (0,119) width 40: "WXYZ"
        text run at (40,119) width 4: " "
        text run at (0,136) width 55: "abcdefghi"
        text run at (0,153) width 52: "jklmnopq"
        text run at (0,170) width 29: "rstuv"
        text run at (29,170) width 4: " "
layer at (375,574) size 60x60 clip at (375,574) size 44x44 scrollHeight 242
  RenderTextControl {TEXTAREA} at (14,1) size 60x60
    RenderBlock {DIV} at (2,2) size 40x238
      RenderText {#text} at (0,0) size 40x238
        text run at (0,0) width 37: "Lorem"
        text run at (37,0) width 3: " "
        text run at (0,17) width 34: "ipsum"
        text run at (34,17) width 4: " "
        text run at (0,34) width 29: "dolor"
        text run at (29,34) width 4: " "
        text run at (0,51) width 36: "ABCD"
        text run at (0,68) width 40: "EFGHI"
        text run at (0,85) width 35: "JKLM"
        text run at (0,102) width 38: "NOPQ"
        text run at (0,119) width 35: "RSTU"
        text run at (0,136) width 32: "VWX"
        text run at (0,153) width 17: "YZ"
        text run at (17,153) width 4: " "
        text run at (0,170) width 38: "abcdef"
        text run at (0,187) width 30: "ghijkl"
        text run at (0,204) width 39: "mnopq"
        text run at (0,221) width 29: "rstuv"
        text run at (29,221) width 4: " "
layer at (375,652) size 60x60 clip at (375,652) size 44x60 scrollHeight 242
  RenderTextControl {TEXTAREA} at (14,1) size 60x60
    RenderBlock {DIV} at (2,2) size 40x238
      RenderText {#text} at (0,0) size 40x238
        text run at (0,0) width 37: "Lorem"
        text run at (37,0) width 3: " "
        text run at (0,17) width 34: "ipsum"
        text run at (34,17) width 4: " "
        text run at (0,34) width 29: "dolor"
        text run at (29,34) width 4: " "
        text run at (0,51) width 36: "ABCD"
        text run at (0,68) width 40: "EFGHI"
        text run at (0,85) width 35: "JKLM"
        text run at (0,102) width 38: "NOPQ"
        text run at (0,119) width 35: "RSTU"
        text run at (0,136) width 32: "VWX"
        text run at (0,153) width 17: "YZ"
        text run at (17,153) width 4: " "
        text run at (0,170) width 38: "abcdef"
        text run at (0,187) width 30: "ghijkl"
        text run at (0,204) width 39: "mnopq"
        text run at (0,221) width 29: "rstuv"
        text run at (29,221) width 4: " "
layer at (375,730) size 60x60 clip at (375,730) size 44x60 scrollHeight 242
  RenderTextControl {TEXTAREA} at (14,1) size 60x60
    RenderBlock {DIV} at (2,2) size 40x238
      RenderText {#text} at (0,0) size 40x238
        text run at (0,0) width 37: "Lorem"
        text run at (37,0) width 3: " "
        text run at (0,17) width 34: "ipsum"
        text run at (34,17) width 4: " "
        text run at (0,34) width 29: "dolor"
        text run at (29,34) width 4: " "
        text run at (0,51) width 36: "ABCD"
        text run at (0,68) width 40: "EFGHI"
        text run at (0,85) width 35: "JKLM"
        text run at (0,102) width 38: "NOPQ"
        text run at (0,119) width 35: "RSTU"
        text run at (0,136) width 32: "VWX"
        text run at (0,153) width 17: "YZ"
        text run at (17,153) width 4: " "
        text run at (0,170) width 38: "abcdef"
        text run at (0,187) width 30: "ghijkl"
        text run at (0,204) width 39: "mnopq"
        text run at (0,221) width 29: "rstuv"
        text run at (29,221) width 4: " "
layer at (375,808) size 60x60 clip at (375,808) size 44x60 scrollHeight 242
  RenderTextControl {TEXTAREA} at (14,1) size 60x60
    RenderBlock {DIV} at (2,2) size 40x238
      RenderText {#text} at (0,0) size 40x238
        text run at (0,0) width 37: "Lorem"
        text run at (37,0) width 3: " "
        text run at (0,17) width 34: "ipsum"
        text run at (34,17) width 4: " "
        text run at (0,34) width 29: "dolor"
        text run at (29,34) width 4: " "
        text run at (0,51) width 36: "ABCD"
        text run at (0,68) width 40: "EFGHI"
        text run at (0,85) width 35: "JKLM"
        text run at (0,102) width 38: "NOPQ"
        text run at (0,119) width 35: "RSTU"
        text run at (0,136) width 32: "VWX"
        text run at (0,153) width 17: "YZ"
        text run at (17,153) width 4: " "
        text run at (0,170) width 38: "abcdef"
        text run at (0,187) width 30: "ghijkl"
        text run at (0,204) width 39: "mnopq"
        text run at (0,221) width 29: "rstuv"
        text run at (29,221) width 4: " "
layer at (377,888) size 160x54 clip at (377,888) size 144x38 scrollWidth 204 scrollHeight 276
  RenderTextControl {TEXTAREA} at (16,3) size 160x54
    RenderBlock {DIV} at (2,2) size 140x272
      RenderText {#text} at (0,0) size 202x255
        text run at (0,0) width 4: " "
        text run at (4,0) width 0: " "
        text run at (0,17) width 202: "This is a text area with wrap=\"soft\""
        text run at (202,17) width 0: " "
        text run at (0,34) width 202: "This is a text area with wrap=\"soft\""
        text run at (202,34) width 0: " "
        text run at (0,51) width 202: "This is a text area with wrap=\"soft\""
        text run at (202,51) width 0: " "
        text run at (0,68) width 202: "This is a text area with wrap=\"soft\""
        text run at (202,68) width 0: " "
        text run at (0,85) width 202: "This is a text area with wrap=\"soft\""
        text run at (202,85) width 0: " "
        text run at (0,102) width 202: "This is a text area with wrap=\"soft\""
        text run at (202,102) width 0: " "
        text run at (0,119) width 202: "This is a text area with wrap=\"soft\""
        text run at (202,119) width 0: " "
        text run at (0,136) width 202: "This is a text area with wrap=\"soft\""
        text run at (202,136) width 0: " "
        text run at (0,153) width 202: "This is a text area with wrap=\"soft\""
        text run at (202,153) width 0: " "
        text run at (0,170) width 202: "This is a text area with wrap=\"soft\""
        text run at (202,170) width 0: " "
        text run at (0,187) width 202: "This is a text area with wrap=\"soft\""
        text run at (202,187) width 0: " "
        text run at (0,204) width 202: "This is a text area with wrap=\"soft\""
        text run at (202,204) width 0: " "
        text run at (0,221) width 202: "This is a text area with wrap=\"soft\""
        text run at (202,221) width 0: " "
        text run at (0,238) width 202: "This is a text area with wrap=\"soft\""
        text run at (202,238) width 0: " "
      RenderBR {BR} at (0,255) size 0x17
layer at (377,964) size 160x38 clip at (377,964) size 144x38 scrollHeight 514
  RenderTextControl {TEXTAREA} at (16,3) size 160x38
    RenderBlock {DIV} at (2,2) size 140x510
      RenderText {#text} at (0,0) size 133x493
        text run at (0,0) width 4: " "
        text run at (4,0) width 0: " "
        text run at (0,17) width 129: "This is a text area with"
        text run at (129,17) width 4: " "
        text run at (0,34) width 69: "wrap=\"soft\""
        text run at (69,34) width 0: " "
        text run at (0,51) width 129: "This is a text area with"
        text run at (129,51) width 4: " "
        text run at (0,68) width 69: "wrap=\"soft\""
        text run at (69,68) width 0: " "
        text run at (0,85) width 129: "This is a text area with"
        text run at (129,85) width 4: " "
        text run at (0,102) width 69: "wrap=\"soft\""
        text run at (69,102) width 0: " "
        text run at (0,119) width 129: "This is a text area with"
        text run at (129,119) width 4: " "
        text run at (0,136) width 69: "wrap=\"soft\""
        text run at (69,136) width 0: " "
        text run at (0,153) width 129: "This is a text area with"
        text run at (129,153) width 4: " "
        text run at (0,170) width 69: "wrap=\"soft\""
        text run at (69,170) width 0: " "
        text run at (0,187) width 129: "This is a text area with"
        text run at (129,187) width 4: " "
        text run at (0,204) width 69: "wrap=\"soft\""
        text run at (69,204) width 0: " "
        text run at (0,221) width 129: "This is a text area with"
        text run at (129,221) width 4: " "
        text run at (0,238) width 69: "wrap=\"soft\""
        text run at (69,238) width 0: " "
        text run at (0,255) width 129: "This is a text area with"
        text run at (129,255) width 4: " "
        text run at (0,272) width 69: "wrap=\"soft\""
        text run at (69,272) width 0: " "
        text run at (0,289) width 129: "This is a text area with"
        text run at (129,289) width 4: " "
        text run at (0,306) width 69: "wrap=\"soft\""
        text run at (69,306) width 0: " "
        text run at (0,323) width 129: "This is a text area with"
        text run at (129,323) width 4: " "
        text run at (0,340) width 69: "wrap=\"soft\""
        text run at (69,340) width 0: " "
        text run at (0,357) width 129: "This is a text area with"
        text run at (129,357) width 4: " "
        text run at (0,374) width 69: "wrap=\"soft\""
        text run at (69,374) width 0: " "
        text run at (0,391) width 129: "This is a text area with"
        text run at (129,391) width 4: " "
        text run at (0,408) width 69: "wrap=\"soft\""
        text run at (69,408) width 0: " "
        text run at (0,425) width 129: "This is a text area with"
        text run at (129,425) width 4: " "
        text run at (0,442) width 69: "wrap=\"soft\""
        text run at (69,442) width 0: " "
        text run at (0,459) width 129: "This is a text area with"
        text run at (129,459) width 4: " "
        text run at (0,476) width 69: "wrap=\"soft\""
        text run at (69,476) width 0: " "
      RenderBR {BR} at (0,493) size 0x17
layer at (377,1024) size 160x38 clip at (377,1024) size 144x38 scrollHeight 514
  RenderTextControl {TEXTAREA} at (16,3) size 160x38
    RenderBlock {DIV} at (2,2) size 140x510
      RenderText {#text} at (0,0) size 133x493
        text run at (0,0) width 4: " "
        text run at (4,0) width 0: " "
        text run at (0,17) width 129: "This is a text area with"
        text run at (129,17) width 4: " "
        text run at (0,34) width 69: "wrap=\"soft\""
        text run at (69,34) width 0: " "
        text run at (0,51) width 129: "This is a text area with"
        text run at (129,51) width 4: " "
        text run at (0,68) width 69: "wrap=\"soft\""
        text run at (69,68) width 0: " "
        text run at (0,85) width 129: "This is a text area with"
        text run at (129,85) width 4: " "
        text run at (0,102) width 69: "wrap=\"soft\""
        text run at (69,102) width 0: " "
        text run at (0,119) width 129: "This is a text area with"
        text run at (129,119) width 4: " "
        text run at (0,136) width 69: "wrap=\"soft\""
        text run at (69,136) width 0: " "
        text run at (0,153) width 129: "This is a text area with"
        text run at (129,153) width 4: " "
        text run at (0,170) width 69: "wrap=\"soft\""
        text run at (69,170) width 0: " "
        text run at (0,187) width 129: "This is a text area with"
        text run at (129,187) width 4: " "
        text run at (0,204) width 69: "wrap=\"soft\""
        text run at (69,204) width 0: " "
        text run at (0,221) width 129: "This is a text area with"
        text run at (129,221) width 4: " "
        text run at (0,238) width 69: "wrap=\"soft\""
        text run at (69,238) width 0: " "
        text run at (0,255) width 129: "This is a text area with"
        text run at (129,255) width 4: " "
        text run at (0,272) width 69: "wrap=\"soft\""
        text run at (69,272) width 0: " "
        text run at (0,289) width 129: "This is a text area with"
        text run at (129,289) width 4: " "
        text run at (0,306) width 69: "wrap=\"soft\""
        text run at (69,306) width 0: " "
        text run at (0,323) width 129: "This is a text area with"
        text run at (129,323) width 4: " "
        text run at (0,340) width 69: "wrap=\"soft\""
        text run at (69,340) width 0: " "
        text run at (0,357) width 129: "This is a text area with"
        text run at (129,357) width 4: " "
        text run at (0,374) width 69: "wrap=\"soft\""
        text run at (69,374) width 0: " "
        text run at (0,391) width 129: "This is a text area with"
        text run at (129,391) width 4: " "
        text run at (0,408) width 69: "wrap=\"soft\""
        text run at (69,408) width 0: " "
        text run at (0,425) width 129: "This is a text area with"
        text run at (129,425) width 4: " "
        text run at (0,442) width 69: "wrap=\"soft\""
        text run at (69,442) width 0: " "
        text run at (0,459) width 129: "This is a text area with"
        text run at (129,459) width 4: " "
        text run at (0,476) width 69: "wrap=\"soft\""
        text run at (69,476) width 0: " "
      RenderBR {BR} at (0,493) size 0x17
