layer at (0,0) size 800x600
  RenderView at (0,0) size 800x600
layer at (0,0) size 800x600
  RenderBlock {HTML} at (0,0) size 800x600
    RenderBody {BODY} at (8,8) size 784x584
      RenderText {#text} at (0,0) size 485x19
        text run at (0,0) width 485: "This tests that the text color changes appropriately when the text field is disabled."
      RenderBR {BR} at (485,15) size 0x0
      RenderTextControl {INPUT} at (2,21) size 164x23
      RenderText {#text} at (168,23) size 4x19
        text run at (168,23) width 4: " "
      RenderTextControl {INPUT} at (174,21) size 164x23
      RenderBR {BR} at (340,38) size 0x0
      RenderTextControl {INPUT} at (2,48) size 164x23 [color=#FF0000]
      RenderText {#text} at (168,50) size 4x19
        text run at (168,50) width 4: " "
      RenderTextControl {INPUT} at (174,48) size 164x23 [color=#FF0000]
      RenderBR {BR} at (340,65) size 0x0
      RenderTextControl {INPUT} at (2,75) size 166x25 [bgcolor=#0000FF] [border: (2px inset #000000)]
      RenderText {#text} at (170,78) size 4x19
        text run at (170,78) width 4: " "
      RenderTextControl {INPUT} at (176,75) size 166x25 [bgcolor=#0000FF] [border: (2px inset #000000)]
      RenderBR {BR} at (344,93) size 0x0
      RenderTextControl {INPUT} at (2,104) size 166x25 [color=#FF0000] [bgcolor=#0000FF] [border: (2px inset #FF0000)]
      RenderText {#text} at (170,107) size 4x19
        text run at (170,107) width 4: " "
      RenderTextControl {INPUT} at (176,104) size 166x25 [color=#FF0000] [bgcolor=#0000FF] [border: (2px inset #FF0000)]
      RenderBR {BR} at (344,122) size 0x0
      RenderTextControl {INPUT} at (2,133) size 166x25 [bgcolor=#000000] [border: (2px inset #000000)]
      RenderText {#text} at (170,136) size 4x19
        text run at (170,136) width 4: " "
      RenderTextControl {INPUT} at (176,133) size 166x25 [bgcolor=#000000] [border: (2px inset #000000)]
      RenderBR {BR} at (344,151) size 0x0
      RenderTextControl {INPUT} at (2,162) size 166x25 [color=#FFFFFF] [bgcolor=#000000] [border: (2px inset #FFFFFF)]
      RenderText {#text} at (170,165) size 4x19
        text run at (170,165) width 4: " "
      RenderTextControl {INPUT} at (176,162) size 166x25 [color=#FFFFFF] [bgcolor=#000000] [border: (2px inset #FFFFFF)]
      RenderBR {BR} at (344,180) size 0x0
      RenderTextControl {INPUT} at (2,191) size 166x25 [bgcolor=#808080] [border: (2px inset #000000)]
      RenderText {#text} at (170,194) size 4x19
        text run at (170,194) width 4: " "
      RenderTextControl {INPUT} at (176,191) size 166x25 [bgcolor=#808080] [border: (2px inset #000000)]
      RenderBR {BR} at (344,209) size 0x0
      RenderTextControl {INPUT} at (2,220) size 166x25 [color=#FFFFFF] [bgcolor=#A9A9A9] [border: (2px inset #FFFFFF)]
      RenderText {#text} at (170,223) size 4x19
        text run at (170,223) width 4: " "
      RenderTextControl {INPUT} at (176,220) size 166x25 [color=#FFFFFF] [bgcolor=#A9A9A9] [border: (2px inset #FFFFFF)]
      RenderBR {BR} at (344,238) size 0x0
      RenderTextControl {INPUT} at (2,249) size 166x25 [color=#808080] [bgcolor=#000000] [border: (2px inset #808080)]
      RenderText {#text} at (170,252) size 4x19
        text run at (170,252) width 4: " "
      RenderTextControl {INPUT} at (176,249) size 166x25 [color=#808080] [bgcolor=#000000] [border: (2px inset #808080)]
      RenderBR {BR} at (344,267) size 0x0
      RenderTextControl {INPUT} at (2,278) size 166x25 [color=#FF0000] [bgcolor=#808080] [border: (2px inset #FF0000)]
      RenderText {#text} at (170,281) size 4x19
        text run at (170,281) width 4: " "
      RenderTextControl {INPUT} at (176,278) size 166x25 [color=#FF0000] [bgcolor=#808080] [border: (2px inset #FF0000)]
      RenderBR {BR} at (344,296) size 0x0
      RenderTextControl {INPUT} at (2,307) size 166x25 [color=#808080] [bgcolor=#FF0000] [border: (2px inset #808080)]
      RenderText {#text} at (170,310) size 4x19
        text run at (170,310) width 4: " "
      RenderTextControl {INPUT} at (176,307) size 166x25 [color=#808080] [bgcolor=#FF0000] [border: (2px inset #808080)]
      RenderBR {BR} at (344,325) size 0x0
      RenderTextControl {INPUT} at (2,336) size 164x23 [color=#FF0000]
      RenderText {#text} at (168,338) size 4x19
        text run at (168,338) width 4: " "
      RenderTextControl {INPUT} at (174,336) size 164x23 [color=#FF0000]
      RenderBR {BR} at (340,353) size 0x0
      RenderTextControl {INPUT} at (2,363) size 166x25 [color=#FF0000] [border: (2px inset #FF0000)]
      RenderText {#text} at (170,366) size 4x19
        text run at (170,366) width 4: " "
      RenderTextControl {INPUT} at (176,363) size 166x25 [color=#FF0000] [border: (2px inset #FF0000)]
      RenderBR {BR} at (344,381) size 0x0
layer at (12,31) size 160x19 scrollWidth 390
  RenderBlock {DIV} at (2,2) size 160x19 [color=#545454]
    RenderText {#text} at (0,0) size 390x19
      text run at (0,0) width 390: "The text in this disabled field should displayed as dimmed or grey"
layer at (184,31) size 160x19 scrollWidth 171
  RenderBlock {DIV} at (2,2) size 160x19
    RenderText {#text} at (0,0) size 170x19
      text run at (0,0) width 170: "This text field is not disabled"
layer at (12,58) size 160x19 scrollWidth 390
  RenderBlock {DIV} at (2,2) size 160x19
    RenderText {#text} at (0,0) size 390x19
      text run at (0,0) width 390: "The text in this disabled field should displayed as dimmed or grey"
layer at (184,58) size 160x19 scrollWidth 171
  RenderBlock {DIV} at (2,2) size 160x19
    RenderText {#text} at (0,0) size 170x19
      text run at (0,0) width 170: "This text field is not disabled"
layer at (13,86) size 160x19 scrollWidth 390
  RenderBlock {DIV} at (3,3) size 160x19 [color=#545454]
    RenderText {#text} at (0,0) size 390x19
      text run at (0,0) width 390: "The text in this disabled field should displayed as dimmed or grey"
layer at (187,86) size 160x19 scrollWidth 171
  RenderBlock {DIV} at (3,3) size 160x19
    RenderText {#text} at (0,0) size 170x19
      text run at (0,0) width 170: "This text field is not disabled"
layer at (13,115) size 160x19 scrollWidth 390
  RenderBlock {DIV} at (3,3) size 160x19 [color=#AB0000]
    RenderText {#text} at (0,0) size 390x19
      text run at (0,0) width 390: "The text in this disabled field should displayed as dimmed or grey"
layer at (187,115) size 160x19 scrollWidth 171
  RenderBlock {DIV} at (3,3) size 160x19
    RenderText {#text} at (0,0) size 170x19
      text run at (0,0) width 170: "This text field is not disabled"
layer at (13,144) size 160x19 scrollWidth 390
  RenderBlock {DIV} at (3,3) size 160x19 [color=#545454]
    RenderText {#text} at (0,0) size 390x19
      text run at (0,0) width 390: "The text in this disabled field should displayed as dimmed or grey"
layer at (187,144) size 160x19 scrollWidth 171
  RenderBlock {DIV} at (3,3) size 160x19
    RenderText {#text} at (0,0) size 170x19
      text run at (0,0) width 170: "This text field is not disabled"
layer at (13,173) size 160x19 scrollWidth 390
  RenderBlock {DIV} at (3,3) size 160x19 [color=#ABABAB]
    RenderText {#text} at (0,0) size 390x19
      text run at (0,0) width 390: "The text in this disabled field should displayed as dimmed or grey"
layer at (187,173) size 160x19 scrollWidth 171
  RenderBlock {DIV} at (3,3) size 160x19
    RenderText {#text} at (0,0) size 170x19
      text run at (0,0) width 170: "This text field is not disabled"
layer at (13,202) size 160x19 scrollWidth 390
  RenderBlock {DIV} at (3,3) size 160x19 [color=#545454]
    RenderText {#text} at (0,0) size 390x19
      text run at (0,0) width 390: "The text in this disabled field should displayed as dimmed or grey"
layer at (187,202) size 160x19 scrollWidth 171
  RenderBlock {DIV} at (3,3) size 160x19
    RenderText {#text} at (0,0) size 170x19
      text run at (0,0) width 170: "This text field is not disabled"
layer at (13,231) size 160x19 scrollWidth 390
  RenderBlock {DIV} at (3,3) size 160x19
    RenderText {#text} at (0,0) size 390x19
      text run at (0,0) width 390: "The text in this disabled field should displayed as dimmed or grey"
layer at (187,231) size 160x19 scrollWidth 171
  RenderBlock {DIV} at (3,3) size 160x19
    RenderText {#text} at (0,0) size 170x19
      text run at (0,0) width 170: "This text field is not disabled"
layer at (13,260) size 160x19 scrollWidth 390
  RenderBlock {DIV} at (3,3) size 160x19 [color=#2C2C2C]
    RenderText {#text} at (0,0) size 390x19
      text run at (0,0) width 390: "The text in this disabled field should displayed as dimmed or grey"
layer at (187,260) size 160x19 scrollWidth 171
  RenderBlock {DIV} at (3,3) size 160x19
    RenderText {#text} at (0,0) size 170x19
      text run at (0,0) width 170: "This text field is not disabled"
layer at (13,289) size 160x19 scrollWidth 390
  RenderBlock {DIV} at (3,3) size 160x19
    RenderText {#text} at (0,0) size 390x19
      text run at (0,0) width 390: "The text in this disabled field should displayed as dimmed or grey"
layer at (187,289) size 160x19 scrollWidth 171
  RenderBlock {DIV} at (3,3) size 160x19
    RenderText {#text} at (0,0) size 170x19
      text run at (0,0) width 170: "This text field is not disabled"
layer at (13,318) size 160x19 scrollWidth 390
  RenderBlock {DIV} at (3,3) size 160x19 [color=#2C2C2C]
    RenderText {#text} at (0,0) size 390x19
      text run at (0,0) width 390: "The text in this disabled field should displayed as dimmed or grey"
layer at (187,318) size 160x19 scrollWidth 171
  RenderBlock {DIV} at (3,3) size 160x19
    RenderText {#text} at (0,0) size 170x19
      text run at (0,0) width 170: "This text field is not disabled"
layer at (12,346) size 160x19 scrollWidth 390
  RenderBlock {DIV} at (2,2) size 160x19
    RenderText {#text} at (0,0) size 390x19
      text run at (0,0) width 390: "The text in this disabled field should displayed as dimmed or grey"
layer at (184,346) size 160x19 scrollWidth 171
  RenderBlock {DIV} at (2,2) size 160x19
    RenderText {#text} at (0,0) size 170x19
      text run at (0,0) width 170: "This text field is not disabled"
layer at (13,374) size 160x19 scrollWidth 390
  RenderBlock {DIV} at (3,3) size 160x19
    RenderText {#text} at (0,0) size 390x19
      text run at (0,0) width 390: "The text in this disabled field should displayed as dimmed or grey"
layer at (187,374) size 160x19 scrollWidth 171
  RenderBlock {DIV} at (3,3) size 160x19
    RenderText {#text} at (0,0) size 170x19
      text run at (0,0) width 170: "This text field is not disabled"
