layer at (0,0) size 800x600
  RenderView at (0,0) size 800x600
layer at (0,0) size 800x600
  RenderBlock {HTML} at (0,0) size 800x600
    RenderBody {BODY} at (8,8) size 784x584
      RenderTextControl {INPUT} at (2,2) size 164x23
        RenderDeprecatedFlexibleBox {DIV} at (2,2) size 160x19
          RenderBlock {DIV} at (0,9) size 0x0
          RenderBlock {DIV} at (0,0) size 149x19
          RenderBlock {DIV} at (149,4) size 11x11
      RenderBR {BR} at (168,19) size 0x0
      RenderTextControl {INPUT} at (2,29) size 164x23
      RenderBR {BR} at (168,46) size 0x0
      RenderTextControl {INPUT} at (2,56) size 164x23
        RenderDeprecatedFlexibleBox {DIV} at (2,2) size 160x19
          RenderBlock {DIV} at (0,9) size 0x0
          RenderBlock {DIV} at (0,0) size 149x19
          RenderBlock {DIV} at (149,4) size 11x11
      RenderBR {BR} at (168,73) size 0x0
      RenderTextControl {INPUT} at (2,83) size 164x23
        RenderDeprecatedFlexibleBox {DIV} at (2,2) size 160x19
          RenderBlock {DIV} at (0,9) size 0x0
          RenderBlock {DIV} at (0,0) size 149x19
          RenderBlock {DIV} at (149,4) size 11x11
      RenderBR {BR} at (168,100) size 0x0
      RenderBR {BR} at (184,154) size 0x0
      RenderTextControl {INPUT} at (2,156) size 164x23
      RenderBR {BR} at (168,173) size 0x0
      RenderBR {BR} at (184,227) size 0x0
      RenderTextControl {INPUT} at (5,232) size 152x30 [bgcolor=#FFFFFF] [border: (5px solid #000000)]
      RenderBR {BR} at (162,252) size 0x0
      RenderTextControl {INPUT} at (2,269) size 164x29
      RenderText {#text} at (168,274) size 4x19
        text run at (168,274) width 4: " "
      RenderTextControl {INPUT} at (174,269) size 164x29
      RenderText {#text} at (340,274) size 4x19
        text run at (340,274) width 4: " "
      RenderBR {BR} at (344,289) size 0x0
      RenderTextControl {INPUT} at (2,302) size 164x23
      RenderText {#text} at (168,304) size 4x19
        text run at (168,304) width 4: " "
      RenderTextControl {INPUT} at (174,302) size 164x23
      RenderText {#text} at (340,304) size 4x19
        text run at (340,304) width 4: " "
      RenderTextControl {INPUT} at (346,302) size 164x23
      RenderText {#text} at (512,304) size 4x19
        text run at (512,304) width 4: " "
      RenderBR {BR} at (516,319) size 0x0
      RenderBR {BR} at (168,346) size 0x0
layer at (12,12) size 149x19
  RenderBlock {DIV} at (2,2) size 149x19 [color=#A9A9A9]
    RenderText {#text} at (0,0) size 70x19
      text run at (0,0) width 70: "placeholder"
layer at (12,12) size 149x19
  RenderBlock {DIV} at (0,0) size 149x19
layer at (12,39) size 160x19
  RenderBlock {DIV} at (2,2) size 160x19 [color=#A9A9A9]
    RenderText {#text} at (0,0) size 70x19
      text run at (0,0) width 70: "placeholder"
layer at (12,39) size 160x19
  RenderBlock {DIV} at (2,2) size 160x19
layer at (12,66) size 149x19
  RenderBlock {DIV} at (2,2) size 149x19 [color=#A9A9A9]
    RenderText {#text} at (79,0) size 70x19
      text run at (79,0) width 70: "placeholder"
layer at (12,66) size 149x19
  RenderBlock {DIV} at (0,0) size 149x19
layer at (12,93) size 149x19
  RenderBlock {DIV} at (2,2) size 149x19 [color=#A9A9A9]
    RenderText {#text} at (0,0) size 70x19
      text run at (0,0) width 70: "placeholder"
layer at (12,93) size 149x19
  RenderBlock {DIV} at (0,0) size 149x19
layer at (10,118) size 180x42
  RenderTextControl {TEXTAREA} at (2,110) size 180x42
    RenderBlock {DIV} at (2,2) size 176x19 [color=#A9A9A9]
      RenderText {#text} at (0,0) size 70x19
        text run at (0,0) width 70: "placeholder"
    RenderBlock {DIV} at (2,2) size 176x19
layer at (12,166) size 160x19
  RenderBlock {DIV} at (2,2) size 160x19 [color=#A9A9A9]
    RenderText {#text} at (0,0) size 70x19
      text run at (0,0) width 70: "placeholder"
layer at (12,166) size 160x19
  RenderBlock {DIV} at (2,2) size 160x19
layer at (10,191) size 180x42
  RenderTextControl {TEXTAREA} at (2,183) size 180x42
    RenderBlock {DIV} at (2,2) size 176x19 [color=#A9A9A9]
      RenderText {#text} at (0,0) size 70x19
        text run at (0,0) width 70: "placeholder"
    RenderBlock {DIV} at (2,2) size 176x19
layer at (19,246) size 140x18
  RenderBlock {DIV} at (6,6) size 140x18 [color=#A9A9A9]
    RenderText {#text} at (0,0) size 67x18
      text run at (0,0) width 67: "placeholder"
layer at (19,246) size 140x18
  RenderBlock {DIV} at (6,6) size 140x18
layer at (12,279) size 160x25
  RenderBlock {DIV} at (2,2) size 160x25
    RenderText {#text} at (0,3) size 35x19
      text run at (0,3) width 35: "Value"
layer at (184,279) size 160x25
  RenderBlock {DIV} at (2,2) size 160x25 [color=#A9A9A9]
    RenderText {#text} at (0,3) size 70x19
      text run at (0,3) width 70: "placeholder"
layer at (184,279) size 160x25
  RenderBlock {DIV} at (2,2) size 160x25
layer at (12,312) size 160x19
  RenderBlock {DIV} at (2,2) size 160x19
    RenderText {#text} at (62,0) size 36x19
      text run at (62,0) width 36: "Value"
layer at (184,312) size 160x19
  RenderBlock {DIV} at (2,2) size 160x19 [color=#A9A9A9]
    RenderText {#text} at (45,0) size 70x19
      text run at (45,0) width 70: "placeholder"
layer at (184,312) size 160x19
  RenderBlock {DIV} at (2,2) size 160x19
layer at (356,312) size 160x19
  RenderBlock {DIV} at (2,2) size 160x19 [color=#A9A9A9]
    RenderText {#text} at (45,0) size 70x19
      text run at (45,0) width 70: "placeholder"
layer at (356,312) size 160x19
  RenderBlock {DIV} at (2,2) size 160x19
layer at (10,337) size 164x23
  RenderTextControl {INPUT} at (2,329) size 164x23
layer at (12,339) size 160x19
  RenderBlock {DIV} at (2,2) size 160x19 [color=#A9A9A9]
    RenderText {#text} at (0,0) size 70x19
      text run at (0,0) width 70: "placeholder"
layer at (12,339) size 160x19
  RenderBlock {DIV} at (2,2) size 160x19
