layer at (0,0) size 800x600
  RenderView at (0,0) size 800x600
layer at (0,0) size 800x600
  RenderBlock {HTML} at (0,0) size 800x600
    RenderBody {BODY} at (8,8) size 784x584
      RenderText {#text} at (0,0) size 315x19
        text run at (0,0) width 315: "This tests that you can set the placeholder text color."
      RenderBR {BR} at (315,15) size 0x0
      RenderTextControl {INPUT} at (2,21) size 164x23
      RenderText {#text} at (168,23) size 4x19
        text run at (168,23) width 4: " "
      RenderTextControl {INPUT} at (174,21) size 164x23
        RenderDeprecatedFlexibleBox {DIV} at (2,2) size 160x19
          RenderBlock {DIV} at (0,9) size 0x0
          RenderBlock {DIV} at (0,0) size 149x19
          RenderBlock {DIV} at (149,4) size 11x11
      RenderText {#text} at (340,23) size 4x19
        text run at (340,23) width 4: " "
      RenderTextControl {INPUT} at (346,21) size 164x23
      RenderText {#text} at (512,23) size 4x19
        text run at (512,23) width 4: " "
      RenderTextControl {INPUT} at (518,21) size 164x23
      RenderText {#text} at (684,23) size 4x19
        text run at (684,23) width 4: " "
      RenderTextControl {INPUT} at (2,48) size 164x23
      RenderText {#text} at (168,50) size 4x19
        text run at (168,50) width 4: " "
      RenderTextControl {INPUT} at (174,48) size 164x23
      RenderText {#text} at (0,0) size 0x0
layer at (12,31) size 160x19
  RenderBlock {DIV} at (2,2) size 160x19 [color=#640000]
    RenderText {#text} at (0,0) size 22x19
      text run at (0,0) width 22: "text"
layer at (12,31) size 160x19
  RenderBlock {DIV} at (2,2) size 160x19
layer at (184,31) size 149x19
  RenderBlock {DIV} at (2,2) size 149x19 [color=#640000]
    RenderText {#text} at (0,0) size 39x19
      text run at (0,0) width 39: "search"
layer at (184,31) size 149x19
  RenderBlock {DIV} at (0,0) size 149x19
layer at (356,31) size 160x19
  RenderBlock {DIV} at (2,2) size 160x19 [color=#640000]
    RenderText {#text} at (0,0) size 59x19
      text run at (0,0) width 59: "password"
layer at (356,31) size 160x19
  RenderBlock {DIV} at (2,2) size 160x19
layer at (528,31) size 160x19
  RenderBlock {DIV} at (2,2) size 160x19 [color=#640000]
    RenderText {#text} at (0,0) size 76x19
      text run at (0,0) width 76: "disabled text"
layer at (528,31) size 160x19
  RenderBlock {DIV} at (2,2) size 160x19 [color=#545454]
layer at (12,58) size 160x19
  RenderBlock {DIV} at (2,2) size 160x19 [color=#A9A9A9]
    RenderText {#text} at (0,0) size 40x19
      text run at (0,0) width 40: "default"
layer at (12,58) size 160x19
  RenderBlock {DIV} at (2,2) size 160x19
layer at (184,58) size 160x19
  RenderBlock {DIV} at (2,2) size 160x19 [color=#A9A9A9]
    RenderText {#text} at (0,0) size 94x19
      text run at (0,0) width 94: "default disabled"
layer at (184,58) size 160x19
  RenderBlock {DIV} at (2,2) size 160x19
