layer at (0,0) size 800x600
  RenderView at (0,0) size 800x600
layer at (0,0) size 800x600
  RenderBlock {HTML} at (0,0) size 800x600
    RenderBody {BODY} at (8,8) size 784x576
      RenderBlock {P} at (0,0) size 784x19
        RenderText {#text} at (0,0) size 51x19
          text run at (0,0) width 51: "Test for "
        RenderInline {I} at (0,0) size 701x19
          RenderInline {A} at (0,0) size 305x19 [color=#0000EE]
            RenderText {#text} at (51,0) size 305x19
              text run at (51,0) width 305: "http://bugs.webkit.org/show_bug.cgi?id=11916"
          RenderText {#text} at (356,0) size 396x19
            text run at (356,0) width 4: " "
            text run at (360,0) width 392: "REGRESSION (SearchField): RTL search fields are mixed up"
        RenderText {#text} at (752,0) size 4x19
          text run at (752,0) width 4: "."
      RenderBlock {P} at (0,35) size 784x81
        RenderTextControl {INPUT} at (2,2) size 164x23
          RenderDeprecatedFlexibleBox {DIV} at (2,2) size 160x19
            RenderBlock {DIV} at (0,9) size 0x0
            RenderBlock {DIV} at (0,0) size 149x19
            RenderBlock {DIV} at (149,4) size 11x11
        RenderText {#text} at (168,4) size 4x19
          text run at (168,4) width 4: " "
        RenderBR {BR} at (0,0) size 0x0
        RenderTextControl {INPUT} at (2,29) size 244x23
          RenderDeprecatedFlexibleBox {DIV} at (2,2) size 240x19
            RenderBlock {DIV} at (0,9) size 0x0
            RenderBlock {DIV} at (0,0) size 229x19
            RenderBlock {DIV} at (229,4) size 11x11
        RenderText {#text} at (248,31) size 4x19
          text run at (248,31) width 4: " "
        RenderBR {BR} at (0,0) size 0x0
        RenderTextControl {INPUT} at (2,56) size 164x23
          RenderDeprecatedFlexibleBox {DIV} at (2,2) size 160x19
            RenderBlock {DIV} at (0,9) size 0x0
            RenderBlock {DIV} at (0,0) size 149x19
            RenderBlock {DIV} at (149,4) size 11x11
        RenderText {#text} at (0,0) size 0x0
      RenderBlock {P} at (0,132) size 784x19
        RenderText {#text} at (0,0) size 38x19
          text run at (0,0) width 38: "PASS"
layer at (12,47) size 149x19
  RenderBlock {DIV} at (0,0) size 149x19
    RenderText {#text} at (91,0) size 58x19
      text run at (91,0) width 4 RTL: " \x{5D5}\x{5D6}\x{5D4}\x{5D5}"
      text run at (95,0) width 20: "she"
      text run at (115,0) width 12 RTL: " \x{5D5}\x{5D4}\x{5D9}\x{5D0} \x{5D6}\x{5D4} "
      text run at (127,0) width 14: "he"
      text run at (141,0) width 8 RTL: "\x{5D4}\x{5D5}\x{5D0} \x{5D6}\x{5D4} "
layer at (12,74) size 229x19
  RenderBlock {DIV} at (0,0) size 229x19
    RenderText {#text} at (171,0) size 58x19
      text run at (171,0) width 4 RTL: " \x{5D5}\x{5D6}\x{5D4}\x{5D5}"
      text run at (175,0) width 20: "she"
      text run at (195,0) width 12 RTL: " \x{5D5}\x{5D4}\x{5D9}\x{5D0} \x{5D6}\x{5D4} "
      text run at (207,0) width 14: "he"
      text run at (221,0) width 8 RTL: "\x{5D4}\x{5D5}\x{5D0} \x{5D6}\x{5D4} "
layer at (12,101) size 149x19
  RenderBlock {DIV} at (0,0) size 149x19
caret: position 0 of child 0 {DIV} of child 1 {DIV} of child 0 {DIV} of {#shadow-root} of child 9 {INPUT} of child 3 {P} of body
