layer at (0,0) size 800x600
  RenderView at (0,0) size 800x600
layer at (0,0) size 800x600
  RenderBlock {HTML} at (0,0) size 800x600
    RenderBody {BODY} at (8,8) size 784x576
      RenderBlock {P} at (0,0) size 784x38
        RenderText {#text} at (0,0) size 784x38
          text run at (0,0) width 398: "Test that search field text is vertically centered if the search field is "
          text run at (398,0) width 386: "taller than the text. In each of the following pairs of a search field"
          text run at (0,19) width 26: "and "
          text run at (26,19) width 338: "a text field, the vertical position of the text should be the "
          text run at (364,19) width 115: "same in both fields."
      RenderBlock {P} at (0,54) size 784x45
        RenderTextControl {INPUT} at (2,0) size 166x45 [bgcolor=#FFFFFF] [border: (2px inset #000000)]
          RenderDeprecatedFlexibleBox {DIV} at (3,3) size 160x39
            RenderBlock {DIV} at (0,19) size 0x0
            RenderBlock {DIV} at (0,10) size 149x19
            RenderBlock {DIV} at (149,14) size 11x11
        RenderText {#text} at (170,13) size 4x19
          text run at (170,13) width 4: " "
        RenderTextControl {INPUT} at (176,0) size 166x45 [bgcolor=#FFFFFF] [border: (2px inset #000000)]
        RenderText {#text} at (0,0) size 0x0
      RenderBlock {P} at (0,115) size 784x20
        RenderTextControl {INPUT} at (2,0) size 166x16 [bgcolor=#FFFFFF] [border: (2px inset #000000)]
          RenderDeprecatedFlexibleBox {DIV} at (3,0) size 160x16
            RenderBlock {DIV} at (0,8) size 0x0
            RenderBlock {DIV} at (0,3) size 149x10
            RenderBlock {DIV} at (149,2) size 11x11
        RenderText {#text} at (170,1) size 4x19
          text run at (170,1) width 4: " "
        RenderTextControl {INPUT} at (176,0) size 166x16 [bgcolor=#FFFFFF] [border: (2px inset #000000)]
        RenderText {#text} at (0,0) size 0x0
      RenderBlock {P} at (0,151) size 784x19
        RenderTextControl {INPUT} at (2,3) size 166x12 [bgcolor=#FFFFFF] [border: (2px inset #000000)]
          RenderDeprecatedFlexibleBox {DIV} at (3,0) size 160x12
            RenderBlock {DIV} at (0,6) size 0x0
            RenderBlock {DIV} at (0,3) size 149x6
            RenderBlock {DIV} at (149,0) size 11x11
        RenderText {#text} at (170,0) size 4x19
          text run at (170,0) width 4: " "
        RenderTextControl {INPUT} at (176,3) size 166x12 [bgcolor=#FFFFFF] [border: (2px inset #000000)]
        RenderText {#text} at (0,0) size 0x0
layer at (13,75) size 149x19
  RenderBlock {DIV} at (0,0) size 149x19
    RenderText {#text} at (0,0) size 27x19
      text run at (0,0) width 27: "Text"
layer at (187,75) size 160x19
  RenderBlock {DIV} at (3,13) size 160x19
    RenderText {#text} at (0,0) size 27x19
      text run at (0,0) width 27: "Text"
layer at (13,126) size 149x10 scrollHeight 19
  RenderBlock {DIV} at (0,0) size 149x10
    RenderText {#text} at (0,0) size 27x19
      text run at (0,0) width 27: "Text"
layer at (187,126) size 160x10 scrollHeight 19
  RenderBlock {DIV} at (3,3) size 160x10
    RenderText {#text} at (0,0) size 27x19
      text run at (0,0) width 27: "Text"
layer at (13,165) size 149x6 scrollHeight 19
  RenderBlock {DIV} at (0,0) size 149x6
    RenderText {#text} at (0,0) size 27x19
      text run at (0,0) width 27: "Text"
layer at (187,165) size 160x6 scrollHeight 19
  RenderBlock {DIV} at (3,3) size 160x6
    RenderText {#text} at (0,0) size 27x19
      text run at (0,0) width 27: "Text"
