layer at (0,0) size 800x600
  RenderView at (0,0) size 800x600
layer at (0,0) size 800x600
  RenderBlock {HTML} at (0,0) size 800x600
    RenderBody {BODY} at (8,8) size 784x584
      RenderText {#text} at (0,0) size 444x19
        text run at (0,0) width 444: "This tests that empty select controls and buttons have the correct baseline."
      RenderBR {BR} at (444,15) size 0x0
      RenderMenuList {SELECT} at (2,25) size 35x24 [bgcolor=#FFFFFF]
        RenderBlock (anonymous) at (4,2) size 7x19
          RenderBR at (0,0) size 0x19 [bgcolor=#FFFFFF]
      RenderText {#text} at (39,27) size 29x19
        text run at (39,27) width 29: " test "
      RenderMenuList {SELECT} at (70,25) size 49x24 [bgcolor=#FFFFFF]
        RenderBlock (anonymous) at (4,2) size 21x19
          RenderText at (0,0) size 21x19
            text run at (0,0) width 21: "test"
      RenderText {#text} at (121,27) size 4x19
        text run at (121,27) width 4: " "
      RenderMenuList {SELECT} at (127,24) size 37x25 [color=#00008B] [bgcolor=#ADD8E6] [border: (1px solid #00008B)]
        RenderBlock (anonymous) at (5,3) size 7x19
          RenderBR at (0,0) size 0x19 [bgcolor=#ADD8E6]
      RenderText {#text} at (166,27) size 29x19
        text run at (166,27) width 29: " test "
      RenderMenuList {SELECT} at (197,24) size 51x25 [color=#00008B] [bgcolor=#ADD8E6] [border: (1px solid #00008B)]
        RenderBlock (anonymous) at (5,3) size 21x19
          RenderText at (0,0) size 21x19
            text run at (0,0) width 21: "test"
      RenderText {#text} at (250,27) size 4x19
        text run at (250,27) width 4: " "
      RenderButton {BUTTON} at (256,21) size 12x31 [bgcolor=#C0C0C0]
      RenderText {#text} at (270,27) size 4x19
        text run at (270,27) width 4: " "
      RenderButton {BUTTON} at (276,21) size 33x31 [bgcolor=#C0C0C0]
        RenderBlock (anonymous) at (6,6) size 21x19
          RenderText {#text} at (0,0) size 21x19
            text run at (0,0) width 21: "test"
      RenderText {#text} at (311,27) size 4x19
        text run at (311,27) width 4: " "
      RenderButton {BUTTON} at (317,23) size 16x28 [color=#00008B] [bgcolor=#ADD8E6] [border: (2px outset #C0C0C0)]
      RenderText {#text} at (335,27) size 4x19
        text run at (335,27) width 4: " "
      RenderButton {BUTTON} at (341,23) size 37x28 [color=#00008B] [bgcolor=#ADD8E6] [border: (2px outset #C0C0C0)]
        RenderBlock (anonymous) at (8,4) size 21x19
          RenderText {#text} at (0,0) size 21x19
            text run at (0,0) width 21: "test"
      RenderText {#text} at (0,0) size 0x0
