layer at (0,0) size 800x600
  RenderView at (0,0) size 800x600
layer at (0,0) size 800x45
  RenderBlock {HTML} at (0,0) size 800x45
    RenderBody {BODY} at (8,8) size 784x29 [bgcolor=#666666]
      RenderMenuList {SELECT} at (2,2) size 38x25 [border: (1px solid #000000)]
        RenderBlock (anonymous) at (5,3) size 8x19
          RenderText at (0,0) size 8x19
            text run at (0,0) width 8: "1"
      RenderText {#text} at (0,0) size 0x0
