layer at (0,0) size 800x600
  RenderView at (0,0) size 800x600
layer at (0,0) size 800x600
  RenderBlock {HTML} at (0,0) size 800x600
    RenderBody {BODY} at (8,8) size 784x584
      RenderBlock (anonymous) at (0,0) size 784x19
        RenderText {#text} at (0,0) size 158x19
          text run at (0,0) width 158: "The text should be default:"
      RenderBlock {FORM} at (0,27) size 784x47
        RenderBlock {HR} at (0,0) size 784x2 [border: (1px inset #000000)]
        RenderBlock (anonymous) at (0,10) size 784x27
          RenderInline {LABEL} at (0,0) size 475x19
            RenderText {#text} at (0,4) size 307x19
              text run at (0,4) width 307: "This is a searchable index. Enter search keywords: "
            RenderTextControl {INPUT} at (309,2) size 164x23
        RenderBlock {HR} at (0,45) size 784x2 [border: (1px inset #000000)]
      RenderBlock (anonymous) at (0,90) size 784x19
        RenderText {#text} at (0,0) size 138x19
          text run at (0,0) width 138: "The text should be red:"
      RenderBlock {FORM} at (0,117) size 784x47
        RenderBlock {HR} at (0,0) size 784x2 [border: (1px inset #000000)]
        RenderBlock (anonymous) at (0,10) size 784x27
          RenderInline {LABEL} at (0,0) size 475x19
            RenderText {#text} at (0,4) size 307x19
              text run at (0,4) width 307: "This is a searchable index. Enter search keywords: "
            RenderTextControl {INPUT} at (309,2) size 164x23 [color=#FF0000]
        RenderBlock {HR} at (0,45) size 784x2 [border: (1px inset #000000)]
      RenderBlock (anonymous) at (0,180) size 784x19
        RenderText {#text} at (0,0) size 200x19
          text run at (0,0) width 200: "The text should be gray on green:"
      RenderBlock {FORM} at (0,207) size 784x49
        RenderBlock {HR} at (0,0) size 784x2 [border: (1px inset #000000)]
        RenderBlock (anonymous) at (0,10) size 784x29
          RenderInline {LABEL} at (0,0) size 477x19
            RenderText {#text} at (0,5) size 307x19
              text run at (0,5) width 307: "This is a searchable index. Enter search keywords: "
            RenderTextControl {INPUT} at (309,2) size 166x25 [bgcolor=#008000] [border: (2px inset #000000)]
        RenderBlock {HR} at (0,47) size 784x2 [border: (1px inset #000000)]
      RenderBlock (anonymous) at (0,272) size 784x19
        RenderText {#text} at (0,0) size 198x19
          text run at (0,0) width 198: "The text should be red on Green:"
      RenderBlock {FORM} at (0,299) size 784x49
        RenderBlock {HR} at (0,0) size 784x2 [border: (1px inset #000000)]
        RenderBlock (anonymous) at (0,10) size 784x29
          RenderInline {LABEL} at (0,0) size 477x19
            RenderText {#text} at (0,5) size 307x19
              text run at (0,5) width 307: "This is a searchable index. Enter search keywords: "
            RenderTextControl {INPUT} at (309,2) size 166x25 [color=#FF0000] [bgcolor=#008000] [border: (2px inset #FF0000)]
        RenderBlock {HR} at (0,47) size 784x2 [border: (1px inset #000000)]
      RenderBlock (anonymous) at (0,364) size 784x29
        RenderTextControl {INPUT} at (2,3) size 164x23
        RenderText {#text} at (168,5) size 4x19
          text run at (168,5) width 4: " "
        RenderTextControl {INPUT} at (174,3) size 164x23 [color=#FF0000]
        RenderText {#text} at (340,5) size 4x19
          text run at (340,5) width 4: " "
        RenderTextControl {INPUT} at (346,2) size 166x25 [bgcolor=#008000] [border: (2px inset #000000)]
        RenderText {#text} at (514,5) size 4x19
          text run at (514,5) width 4: " "
        RenderTextControl {INPUT} at (520,2) size 166x25 [color=#FF0000] [bgcolor=#008000] [border: (2px inset #FF0000)]
        RenderText {#text} at (0,0) size 0x0
layer at (319,49) size 160x19
  RenderBlock {DIV} at (2,2) size 160x19
    RenderText {#text} at (0,0) size 40x19
      text run at (0,0) width 40: "default"
layer at (319,139) size 160x19
  RenderBlock {DIV} at (2,2) size 160x19
    RenderText {#text} at (0,0) size 20x19
      text run at (0,0) width 20: "red"
layer at (320,230) size 160x19
  RenderBlock {DIV} at (3,3) size 160x19
    RenderText {#text} at (0,0) size 96x19
      text run at (0,0) width 96: "default on green"
layer at (320,322) size 160x19
  RenderBlock {DIV} at (3,3) size 160x19
    RenderText {#text} at (0,0) size 76x19
      text run at (0,0) width 76: "red on green"
layer at (12,377) size 160x19
  RenderBlock {DIV} at (2,2) size 160x19
    RenderText {#text} at (0,0) size 40x19
      text run at (0,0) width 40: "default"
layer at (184,377) size 160x19
  RenderBlock {DIV} at (2,2) size 160x19
    RenderText {#text} at (0,0) size 20x19
      text run at (0,0) width 20: "red"
layer at (357,377) size 160x19
  RenderBlock {DIV} at (3,3) size 160x19
    RenderText {#text} at (0,0) size 96x19
      text run at (0,0) width 96: "default on green"
layer at (531,377) size 160x19
  RenderBlock {DIV} at (3,3) size 160x19
    RenderText {#text} at (0,0) size 76x19
      text run at (0,0) width 76: "red on green"
