layer at (0,0) size 800x600
  RenderView at (0,0) size 800x600
layer at (0,0) size 800x600
  RenderBlock {HTML} at (0,0) size 800x600
    RenderBody {BODY} at (8,8) size 784x584
      RenderBlock {P} at (0,0) size 784x21
        RenderText {#text} at (0,0) size 692x21
          text run at (0,0) width 692: "The following textarea elements should all be rendered on the left, with their text aligned to the left."
      RenderBlock (anonymous) at (0,37) size 784x215
        RenderText {#text} at (474,34) size 4x21
          text run at (474,34) width 4: " "
        RenderBR {BR} at (0,0) size 0x0
        RenderText {#text} at (474,89) size 4x21
          text run at (474,89) width 4: " "
        RenderBR {BR} at (0,0) size 0x0
        RenderText {#text} at (474,144) size 4x21
          text run at (474,144) width 4: " "
        RenderBR {BR} at (0,0) size 0x0
        RenderText {#text} at (0,0) size 0x0
        RenderText {#text} at (0,0) size 0x0
      RenderBlock {DIV} at (0,252) size 784x50
layer at (10,47) size 470x46
  RenderTextControl {TEXTAREA} at (2,2) size 470x46
    RenderBlock {DIV} at (2,2) size 466x21
      RenderText {#text} at (0,0) size 250x21
        text run at (0,0) width 250: "This is should be aligned to the left."
layer at (10,102) size 470x46
  RenderTextControl {TEXTAREA} at (2,57) size 470x46
    RenderBlock {DIV} at (2,2) size 466x21
      RenderText {#text} at (0,0) size 250x21
        text run at (0,0) width 250: "This is should be aligned to the left."
layer at (10,157) size 470x46
  RenderTextControl {TEXTAREA} at (2,112) size 470x46
    RenderBlock {DIV} at (2,2) size 466x21
      RenderText {#text} at (0,0) size 250x21
        text run at (0,0) width 250: "This is should be aligned to the left."
layer at (10,212) size 470x46
  RenderTextControl {TEXTAREA} at (2,167) size 470x46
    RenderBlock {DIV} at (2,2) size 466x21
      RenderText {#text} at (0,0) size 250x21
        text run at (0,0) width 250: "This is should be aligned to the left."
layer at (10,262) size 470x46
  RenderTextControl {TEXTAREA} at (2,2) size 470x46
    RenderBlock {DIV} at (2,2) size 466x21
      RenderText {#text} at (0,0) size 250x21
        text run at (0,0) width 250: "This is should be aligned to the left."
