layer at (0,0) size 785x638
  RenderView at (0,0) size 785x600
layer at (0,0) size 785x638
  RenderBlock {html} at (0,0) size 785x638
    RenderBody {body} at (8,8) size 769x622
      RenderBlock {div} at (10,10) size 220x602
        RenderBlock {h2} at (0,28) size 220x40
          RenderText {#text} at (0,0) size 176x40
            text run at (0,0) width 176: "SVG nested"
        RenderBlock {h2} at (0,324) size 220x40
          RenderText {#text} at (0,0) size 168x40
            text run at (0,0) width 168: "CSS nested"
      RenderText {#text} at (240,0) size 6x26
        text run at (240,0) width 6: " "
      RenderBlock {div} at (256,10) size 237x602
        RenderBlock {h2} at (0,28) size 237x40
          RenderText {#text} at (0,0) size 237x40
            text run at (0,0) width 237: "SVG compound"
        RenderBlock {h2} at (0,324) size 237x40
          RenderText {#text} at (0,0) size 229x40
            text run at (0,0) width 229: "CSS compound"
      RenderText {#text} at (0,0) size 0x0
layer at (28,114) size 200x200
  RenderBlock (relative positioned) {div} at (10,96) size 200x200 [bgcolor=#C0C0C0] [border: (1px solid #000000)]
    RenderSVGRoot {svg} at (29,138) size 196x174
      RenderSVGContainer {g} at (29,138) size 196x174 [transform={m=((1.00,0.00)(0.00,1.00)) t=(75.00,25.00)}]
        RenderSVGRect {rect} at (103,139) size 62x62 [stroke={[type=SOLID] [color=#000000] [dash array={1.00, 1.00}]}] [x=0.00] [y=0.00] [width=60.00] [height=60.00]
        RenderSVGContainer {g} at (29,138) size 196x174 [transform={m=((2.00,0.00)(0.00,2.00)) t=(0.00,0.00)}]
          RenderSVGRect {rect} at (103,139) size 122x122 [stroke={[type=SOLID] [color=#000000] [dash array={1.00, 1.00}]}] [x=0.00] [y=0.00] [width=60.00] [height=60.00]
          RenderSVGRect {rect} at (29,138) size 162x174 [transform={m=((0.71,0.71)(-0.71,0.71)) t=(0.00,0.00)}] [stroke={[type=SOLID] [color=#0000FF]}] [x=0.00] [y=0.00] [width=60.00] [height=60.00]
    RenderText {#text} at (0,0) size 0x0
layer at (28,410) size 200x200
  RenderBlock (relative positioned) {div} at (10,392) size 200x200 [bgcolor=#C0C0C0] [border: (1px solid #000000)]
layer at (29,411) size 60x60
  RenderBlock (positioned) {div} at (1,1) size 60x60 [border: (1px dotted #000000)]
layer at (30,412) size 60x60
  RenderBlock (positioned) {div} at (1,1) size 60x60 [border: (1px dotted #000000)]
layer at (31,413) size 60x60
  RenderBlock (positioned) {div} at (1,1) size 60x60 [border: (1px solid #0000FF)]
layer at (274,114) size 200x200
  RenderBlock (relative positioned) {div} at (10,96) size 200x200 [bgcolor=#C0C0C0] [border: (1px solid #000000)]
    RenderSVGRoot {svg} at (275,138) size 162x174
      RenderSVGRect {rect} at (275,138) size 162x174 [transform={m=((1.41,1.41)(-1.41,1.41)) t=(75.00,25.00)}] [stroke={[type=SOLID] [color=#0000FF]}] [x=0.00] [y=0.00] [width=60.00] [height=60.00]
    RenderText {#text} at (0,0) size 0x0
layer at (274,410) size 200x200
  RenderBlock (relative positioned) {div} at (10,392) size 200x200 [bgcolor=#C0C0C0] [border: (1px solid #000000)]
layer at (275,411) size 60x60
  RenderBlock (positioned) {div} at (1,1) size 60x60 [border: (1px solid #0000FF)]
