layer at (0,0) size 800x600
  RenderView at (0,0) size 800x600
layer at (0,0) size 800x422
  RenderBlock {HTML} at (0,0) size 800x422
    RenderBody {BODY} at (8,8) size 784x406
      RenderBlock {DIV} at (0,0) size 784x406
        RenderRegion {DIV} at (0,0) size 302x102 [border: (1px solid #000000)]
        RenderRegion {DIV} at (0,102) size 402x182 [border: (1px solid #000000)]
        RenderRegion {DIV} at (0,284) size 222x122 [border: (1px solid #000000)]
Flow Threads
  Thread with flow-name 'flow1'
    layer at (0,0) size 400x400
      RenderFlowThread at (0,0) size 400x400
        RenderBlock {DIV} at (0,0) size 400x247
          RenderBlock {DIV} at (5,5) size 390x237 [border: (1px solid #0000FF)]
            RenderBlock {DIV} at (48,1) size 293x235 [border: (1px solid #008000)]
              RenderBlock (floating) {DIV} at (-11,1) size 50x50 [bgcolor=#00FF00]
              RenderBlock (floating) {DIV} at (155,1) size 50x50 [bgcolor=#00FF00]
              RenderBlock {P} at (1,17) size 291x113
                RenderText {#text} at (38,0) size 303x113
                  text run at (38,0) width 116: "These lines will"
                  text run at (38,18) width 116: "not spill out of the"
                  text run at (-12,36) width 216: "regions. These lines will not spill"
                  text run at (-12,54) width 139: "out of the regions. "
                  text run at (127,54) width 77: "These lines"
                  text run at (0,77) width 291: "will not spill out of the regions. These lines"
                  text run at (0,95) width 196: "will not spill out of the regions."
              RenderBlock {P} at (1,146) size 291x72
                RenderText {#text} at (0,0) size 291x72
                  text run at (0,0) width 291: "These lines will not spill out of the regions."
                  text run at (0,18) width 291: "These lines will not spill out of the regions."
                  text run at (0,36) width 291: "These lines will not spill out of the regions."
                  text run at (0,54) width 271: "These lines will not spill out of the regions."
  Regions for flow 'flow1'
    RenderRegion {DIV} #region1
    RenderRegion {DIV} #region2
    RenderRegion {DIV} #region3
