layer at (0,0) size 800x600
  RenderView at (0,0) size 800x600
layer at (0,0) size 800x600
  RenderBlock {HTML} at (0,0) size 800x600
    RenderBody {BODY} at (8,8) size 784x584
      RenderRegion {DIV} at (0,0) size 200x200
      RenderBlock {DIV} at (0,221) size 200x200
        RenderBlock {H1} at (0,0) size 200x37
          RenderText {#text} at (0,0) size 8x37
            text run at (0,0) width 8: " "
Flow Threads
  Thread with flow-name 'body'
    layer at (0,0) size 200x200
      RenderFlowThread at (0,0) size 200x200
        RenderBlock {DIV} at (0,21) size 200x200
          RenderBlock {H1} at (0,0) size 200x37
            RenderText {#text} at (0,0) size 8x37
              text run at (0,0) width 8: " "
  Regions for flow 'body'
    RenderRegion {DIV} #region
