layer at (0,0) size 800x600
  RenderView at (0,0) size 800x600
layer at (0,0) size 800x500
  RenderBlock {HTML} at (0,0) size 800x500
    RenderBody {BODY} at (8,16) size 784x476
      RenderBlock {P} at (0,0) size 784x54
        RenderText {#text} at (0,0) size 745x54
          text run at (0,0) width 745: "The first and last lines of text in the regions below should be clipped to the green box. The overflow section sizes itself"
          text run at (0,18) width 736: "based off the first region. Since it is a scrollable box, it has to maintain the same width and placement across all of the"
          text run at (0,36) width 50: "regions."
      RenderBlock {DIV} at (0,70) size 784x406
        RenderRegion {DIV} at (0,0) size 202x102 [border: (1px solid #000000)]
        RenderRegion {DIV} at (0,102) size 302x182 [border: (1px solid #000000)]
        RenderRegion {DIV} at (0,284) size 122x122 [border: (1px solid #000000)]
Flow Threads
  Thread with flow-name 'flow1'
    layer at (0,0) size 300x400
      RenderFlowThread at (0,0) size 300x400
        RenderBlock {DIV} at (0,0) size 300x325
          RenderBlock {DIV} at (5,5) size 290x315 [border: (1px solid #0000FF)]
    layer at (46,46) size 108x233 clip at (47,47) size 106x231 scrollWidth 500
      RenderBlock {DIV} at (41,41) size 108x233 [border: (1px solid #008000)]
        RenderBlock {DIV} at (1,1) size 500x18
          RenderText {#text} at (0,0) size 286x18
            text run at (0,0) width 286: "Clipped line of text that should not be visible."
        RenderBlock {P} at (1,35) size 106x163
          RenderText {#text} at (0,0) size 106x163
            text run at (0,0) width 106: "These lines will"
            text run at (0,19) width 106: "not spill out of"
            text run at (0,37) width 106: "the regions."
            text run at (0,55) width 106: "These lines will"
            text run at (0,73) width 106: "not spill out of"
            text run at (0,91) width 106: "the regions."
            text run at (0,109) width 106: "These lines will"
            text run at (0,127) width 106: "not spill out of"
            text run at (0,145) width 73: "the regions."
        RenderBlock {DIV} at (1,214) size 500x18
          RenderText {#text} at (0,0) size 286x18
            text run at (0,0) width 286: "Clipped line of text that should not be visible."
  Regions for flow 'flow1'
    RenderRegion {DIV} #region1 with index 0
    RenderRegion {DIV} #region2 with index 0
    RenderRegion {DIV} #region3 with index 0
