layer at (0,0) size 800x600
  RenderView at (0,0) size 800x600
layer at (0,0) size 800x532
  RenderBlock {HTML} at (0,0) size 800x532
    RenderBody {BODY} at (8,16) size 784x508
      RenderBlock {P} at (0,0) size 784x36
        RenderText {#text} at (0,0) size 772x36
          text run at (0,0) width 772: "The first and last lines of text in the regions below should be clipped to the green box. The overflow section sizes itself and"
          text run at (0,18) width 692: "clips differently in each region. The green box should be even with the lime floats at the top of the first region."
      RenderBlock {DIV} at (0,52) size 784x456
        RenderRegion {DIV} at (0,0) size 402x152 [border: (1px solid #000000)]
        RenderRegion {DIV} at (0,152) size 402x152 [border: (1px solid #000000)]
        RenderRegion {DIV} at (0,304) size 402x152 [border: (1px solid #000000)]
Flow Threads
  Thread with flow-name 'flow1'
    layer at (0,0) size 400x450
      RenderFlowThread at (0,0) size 400x450
        RenderBlock {DIV} at (0,0) size 400x232
          RenderBlock {DIV} at (5,5) size 390x222 [border: (1px solid #0000FF)]
            RenderBlock (floating) {DIV} at (6,6) size 30x50 [bgcolor=#00FF00]
            RenderBlock (floating) {DIV} at (354,6) size 30x50 [bgcolor=#00FF00]
    layer at (11,11) size 378x210 clip at (12,12) size 376x208
      RenderBlock {DIV} at (6,6) size 378x210 [border: (1px solid #008000)]
        RenderBlock {P} at (1,17) size 376x72
          RenderText {#text} at (30,0) size 316x72
            text run at (30,0) width 316: "These lines will not spill out of the regions. These"
            text run at (30,18) width 243: "lines will not spill out of the regions. "
            text run at (273,18) width 73: "These lines"
            text run at (30,36) width 316: "will not spill out of the regions. These lines will"
            text run at (30,54) width 168: "not spill out of the regions."
        RenderBlock {P} at (1,105) size 376x88
          RenderText {#text} at (30,0) size 376x88
            text run at (30,0) width 316: "These lines will not spill out of the regions. These"
            text run at (0,34) width 247: "lines will not spill out of the regions. "
            text run at (247,34) width 129: "These lines will not"
            text run at (0,52) width 376: "spill out of the regions. These lines will not spill out of the"
            text run at (0,70) width 50: "regions."
  Regions for flow 'flow1'
    RenderRegion {DIV} #region1
    RenderRegion {DIV} #region2
    RenderRegion {DIV} #region3
