layer at (0,0) size 800x600
  RenderView at (0,0) size 800x600
layer at (0,0) size 800x422
  RenderBlock {HTML} at (0,0) size 800x422
    RenderBody {BODY} at (8,8) size 784x406
      RenderBlock {DIV} at (0,0) size 784x406
        RenderRegion {DIV} at (0,0) size 202x102 [border: (1px solid #000000)]
        RenderRegion {DIV} at (0,102) size 302x182 [border: (1px solid #000000)]
        RenderRegion {DIV} at (0,284) size 122x122 [border: (1px solid #000000)]
Flow Threads
  Thread with flow-name 'flow1'
    layer at (0,0) size 300x400
      RenderNamedFlowThread at (0,0) size 300x400
        RenderBlock {DIV} at (0,0) size 300x599
          RenderBlock {DIV} at (34,5) size 232x589 [border: (1px solid #0000FF)]
            RenderBlock {DIV} at (11,11) size 210x567 [border: (1px solid #008000)]
              RenderBlock {P} at (1,17) size 208x157
                RenderText {#text} at (-10,0) size 218x157
                  text run at (-10,0) width 128: "This line of text"
                  text run at (-10,18) width 128: "should not get out"
                  text run at (-10,36) width 128: "of the region. This"
                  text run at (0,67) width 208: "line of text should not get out of"
                  text run at (0,85) width 208: "the region. This line of text"
                  text run at (0,103) width 208: "should not get out of the region."
                  text run at (0,121) width 208: "This line of text should not get"
                  text run at (100,139) width 4 RTL: "."
                  text run at (104,139) width 104: "out of the region"
              RenderBlock {P} at (1,190) size 208x236
                RenderText {#text} at (0,0) size 226x236
                  text run at (0,0) width 208: "This line of text should not get"
                  text run at (0,18) width 208: "out of the region. This line of"
                  text run at (0,36) width 208: "text should not get out of the"
                  text run at (0,54) width 208: "region. This line of text should"
                  text run at (-18,74) width 64: "not get"
                  text run at (-18,92) width 64: "out of the"
                  text run at (2,110) width 44: "region."
                  text run at (-18,128) width 64: "This line"
                  text run at (-18,146) width 64: "of text"
                  text run at (4,164) width 42: "should"
                  text run at (-18,182) width 64: "not get"
                  text run at (-18,200) width 64: "out of the"
                  text run at (2,218) width 4 RTL: "."
                  text run at (6,218) width 40: "region"
              RenderBlock {P} at (1,442) size 208x108
                RenderText {#text} at (-18,0) size 64x108
                  text run at (-18,0) width 64: "This line"
                  text run at (-18,18) width 64: "of text"
                  text run at (4,36) width 42: "should"
                  text run at (-18,54) width 64: "not get"
                  text run at (-18,72) width 64: "out of the"
                  text run at (2,90) width 4 RTL: "."
                  text run at (6,90) width 40: "region"
  Regions for flow 'flow1'
    RenderRegion {DIV} #region1
    RenderRegion {DIV} #region2
    RenderRegion {DIV} #region3
