layer at (0,0) size 800x600
  RenderView at (0,0) size 800x600
layer at (0,0) size 800x532
  RenderBlock {HTML} at (0,0) size 800x532
    RenderBody {BODY} at (8,16) size 784x508
      RenderBlock {P} at (0,0) size 784x36
        RenderText {#text} at (0,0) size 772x36
          text run at (0,0) width 772: "The green positioned object should go through all three regions. Its left edge should align with the left side of the light grey"
          text run at (0,18) width 296: "boxes in each region. No red should be visible."
      RenderBlock {DIV} at (0,52) size 784x456
        RenderRegion {DIV} at (0,0) size 202x152 [border: (1px solid #000000)]
        RenderRegion {DIV} at (0,152) size 302x182 [border: (1px solid #000000)]
        RenderRegion {DIV} at (0,334) size 122x122 [border: (1px solid #000000)]
Flow Threads
  Thread with flow-name 'flow1'
    layer at (0,0) size 300x450
      RenderFlowThread at (0,0) size 300x450
        RenderBlock {DIV} at (0,30) size 300x350
          RenderBlock {DIV} at (30,0) size 240x350 [bgcolor=#CCCCCC]
            RenderBlock {DIV} at (0,0) size 100x100 [bgcolor=#FF0000]
    layer at (30,0) size 150x450
      RenderBlock (positioned) {DIV} at (30,0) size 150x450 [color=#00A000] [bgcolor=#00A000]
        RenderText {#text} at (-10,0) size 67x18
          text run at (-10,0) width 67: "Some text."
        RenderBR {BR} at (57,0) size 0x18
        RenderText {#text} at (-10,18) size 67x18
          text run at (-10,18) width 67: "Some text."
        RenderBR {BR} at (57,18) size 0x18
        RenderText {#text} at (-10,36) size 67x18
          text run at (-10,36) width 67: "Some text."
        RenderBR {BR} at (57,36) size 0x18
        RenderText {#text} at (-10,54) size 67x18
          text run at (-10,54) width 67: "Some text."
        RenderBR {BR} at (57,54) size 0x18
        RenderText {#text} at (-10,72) size 67x18
          text run at (-10,72) width 67: "Some text."
        RenderBR {BR} at (57,72) size 0x18
        RenderText {#text} at (-10,90) size 67x18
          text run at (-10,90) width 67: "Some text."
        RenderBR {BR} at (57,90) size 0x18
        RenderText {#text} at (-10,108) size 67x18
          text run at (-10,108) width 67: "Some text."
        RenderBR {BR} at (57,108) size 0x18
        RenderText {#text} at (-10,126) size 67x18
          text run at (-10,126) width 67: "Some text."
        RenderBR {BR} at (57,126) size 0x18
        RenderText {#text} at (0,150) size 67x18
          text run at (0,150) width 67: "Some text."
        RenderBR {BR} at (67,150) size 0x18
        RenderText {#text} at (0,168) size 67x18
          text run at (0,168) width 67: "Some text."
        RenderBR {BR} at (67,168) size 0x18
        RenderText {#text} at (0,186) size 67x18
          text run at (0,186) width 67: "Some text."
        RenderBR {BR} at (67,186) size 0x18
        RenderText {#text} at (0,204) size 67x18
          text run at (0,204) width 67: "Some text."
        RenderBR {BR} at (67,204) size 0x18
        RenderText {#text} at (0,222) size 67x18
          text run at (0,222) width 67: "Some text."
        RenderBR {BR} at (67,222) size 0x18
        RenderText {#text} at (0,240) size 67x18
          text run at (0,240) width 67: "Some text."
        RenderBR {BR} at (67,240) size 0x18
        RenderText {#text} at (0,258) size 67x18
          text run at (0,258) width 67: "Some text."
        RenderBR {BR} at (67,258) size 0x18
        RenderText {#text} at (0,276) size 67x18
          text run at (0,276) width 67: "Some text."
        RenderBR {BR} at (67,276) size 0x18
        RenderText {#text} at (0,294) size 67x18
          text run at (0,294) width 67: "Some text."
        RenderBR {BR} at (67,294) size 0x18
        RenderText {#text} at (0,312) size 67x18
          text run at (0,312) width 67: "Some text."
        RenderBR {BR} at (67,312) size 0x18
        RenderText {#text} at (-18,330) size 36x36
          text run at (-18,330) width 36: "Some"
          text run at (-18,348) width 27: "text."
        RenderBR {BR} at (9,348) size 0x18
  Regions for flow 'flow1'
    RenderRegion {DIV} #region1
    RenderRegion {DIV} #region2
    RenderRegion {DIV} #region3
