layer at (0,0) size 800x600
  RenderView at (0,0) size 800x600
layer at (0,0) size 800x514
  RenderBlock {HTML} at (0,0) size 800x514
    RenderBody {BODY} at (8,16) size 784x490
      RenderBlock {P} at (0,0) size 784x18
        RenderText {#text} at (0,0) size 609x18
          text run at (0,0) width 609: "The green positioned object should span all the regions. It should fill the left half of every region."
      RenderBlock {DIV} at (0,34) size 784x456
        RenderRegion {DIV} at (0,0) size 202x152 [border: (1px solid #000000)]
        RenderRegion {DIV} at (0,152) size 302x182 [border: (1px solid #000000)]
        RenderRegion {DIV} at (0,334) size 122x122 [border: (1px solid #000000)]
Flow Threads
  Thread with flow-name 'flow1'
    layer at (0,0) size 300x450
      RenderFlowThread at (0,0) size 300x450
        RenderBlock {DIV} at (0,0) size 300x39
          RenderBlock {DIV} at (34,34) size 232x0
    layer at (0,0) size 150x450
      RenderBlock (positioned) {DIV} at (0,0) size 150x450 [bgcolor=#008000]
  Regions for flow 'flow1'
    RenderRegion {DIV} #region1
    RenderRegion {DIV} #region2
    RenderRegion {DIV} #region3
