layer at (0,0) size 800x600
  RenderView at (0,0) size 800x600
layer at (0,0) size 800x532
  RenderBlock {HTML} at (0,0) size 800x532
    RenderBody {BODY} at (8,16) size 784x508
      RenderBlock {P} at (0,0) size 784x36
        RenderText {#text} at (0,0) size 756x36
          text run at (0,0) width 756: "The green positioned object should go through all three regions. Its right edge should have the same offset from the right"
          text run at (0,18) width 267: "side of the light grey boxes in each region."
      RenderBlock {DIV} at (0,52) size 784x456
        RenderRegion {DIV} at (582,0) size 202x152 [border: (1px solid #000000)]
        RenderRegion {DIV} at (482,152) size 302x182 [border: (1px solid #000000)]
        RenderRegion {DIV} at (662,334) size 122x122 [border: (1px solid #000000)]
Flow Threads
  Thread with flow-name 'flow1'
    layer at (0,0) size 300x450
      RenderFlowThread at (0,0) size 300x450
        RenderBlock {DIV} at (0,30) size 300x350
          RenderBlock {DIV} at (30,0) size 240x350 [bgcolor=#CCCCCC]
    layer at (120,0) size 150x450
      RenderBlock (positioned) {SPAN} at (120,0) size 150x450 [color=#00A000] [bgcolor=#00A000]
  Regions for flow 'flow1'
    RenderRegion {DIV} #region1
    RenderRegion {DIV} #region2
    RenderRegion {DIV} #region3
