layer at (0,0) size 800x600
  RenderView at (0,0) size 800x600
layer at (0,0) size 800x532
  RenderBlock {HTML} at (0,0) size 800x532
    RenderBody {BODY} at (8,16) size 784x508
      RenderBlock {P} at (0,0) size 784x36
        RenderText {#text} at (0,0) size 758x36
          text run at (0,0) width 758: "The green positioned object should go through all three regions. Its right edge should align with the right side of the light"
          text run at (0,18) width 328: "grey boxes in each region. No red should be visible."
      RenderBlock {DIV} at (0,52) size 784x456
        RenderRegion {DIV} at (582,0) size 202x152 [border: (1px solid #000000)]
        RenderRegion {DIV} at (482,152) size 302x182 [border: (1px solid #000000)]
        RenderRegion {DIV} at (662,334) size 122x122 [border: (1px solid #000000)]
Flow Threads
  Thread with flow-name 'flow1'
    layer at (0,0) size 300x450
      RenderFlowThread at (0,0) size 300x450
        RenderBlock {DIV} at (0,30) size 300x350
          RenderBlock {DIV} at (30,0) size 240x350 [bgcolor=#CCCCCC]
            RenderBlock {DIV} at (140,0) size 100x100 [bgcolor=#FF0000]
    layer at (120,0) size 150x450
      RenderBlock (positioned) {DIV} at (120,0) size 150x450 [color=#00A000] [bgcolor=#00A000]
        RenderText {#text} at (93,0) size 67x18
          text run at (93,0) width 4 RTL: "."
          text run at (97,0) width 63: "Some text"
        RenderBR {BR} at (93,0) size 0x18
        RenderText {#text} at (93,18) size 67x18
          text run at (93,18) width 4 RTL: "."
          text run at (97,18) width 63: "Some text"
        RenderBR {BR} at (93,18) size 0x18
        RenderText {#text} at (93,36) size 67x18
          text run at (93,36) width 4 RTL: "."
          text run at (97,36) width 63: "Some text"
        RenderBR {BR} at (93,36) size 0x18
        RenderText {#text} at (93,54) size 67x18
          text run at (93,54) width 4 RTL: "."
          text run at (97,54) width 63: "Some text"
        RenderBR {BR} at (93,54) size 0x18
        RenderText {#text} at (93,72) size 67x18
          text run at (93,72) width 4 RTL: "."
          text run at (97,72) width 63: "Some text"
        RenderBR {BR} at (93,72) size 0x18
        RenderText {#text} at (93,90) size 67x18
          text run at (93,90) width 4 RTL: "."
          text run at (97,90) width 63: "Some text"
        RenderBR {BR} at (93,90) size 0x18
        RenderText {#text} at (93,108) size 67x18
          text run at (93,108) width 4 RTL: "."
          text run at (97,108) width 63: "Some text"
        RenderBR {BR} at (93,108) size 0x18
        RenderText {#text} at (93,126) size 67x18
          text run at (93,126) width 4 RTL: "."
          text run at (97,126) width 63: "Some text"
        RenderBR {BR} at (93,126) size 0x18
        RenderText {#text} at (83,150) size 67x18
          text run at (83,150) width 4 RTL: "."
          text run at (87,150) width 63: "Some text"
        RenderBR {BR} at (83,150) size 0x18
        RenderText {#text} at (83,168) size 67x18
          text run at (83,168) width 4 RTL: "."
          text run at (87,168) width 63: "Some text"
        RenderBR {BR} at (83,168) size 0x18
        RenderText {#text} at (83,186) size 67x18
          text run at (83,186) width 4 RTL: "."
          text run at (87,186) width 63: "Some text"
        RenderBR {BR} at (83,186) size 0x18
        RenderText {#text} at (83,204) size 67x18
          text run at (83,204) width 4 RTL: "."
          text run at (87,204) width 63: "Some text"
        RenderBR {BR} at (83,204) size 0x18
        RenderText {#text} at (83,222) size 67x18
          text run at (83,222) width 4 RTL: "."
          text run at (87,222) width 63: "Some text"
        RenderBR {BR} at (83,222) size 0x18
        RenderText {#text} at (83,240) size 67x18
          text run at (83,240) width 4 RTL: "."
          text run at (87,240) width 63: "Some text"
        RenderBR {BR} at (83,240) size 0x18
        RenderText {#text} at (83,258) size 67x18
          text run at (83,258) width 4 RTL: "."
          text run at (87,258) width 63: "Some text"
        RenderBR {BR} at (83,258) size 0x18
        RenderText {#text} at (83,276) size 67x18
          text run at (83,276) width 4 RTL: "."
          text run at (87,276) width 63: "Some text"
        RenderBR {BR} at (83,276) size 0x18
        RenderText {#text} at (83,294) size 67x18
          text run at (83,294) width 4 RTL: "."
          text run at (87,294) width 63: "Some text"
        RenderBR {BR} at (83,294) size 0x18
        RenderText {#text} at (83,312) size 67x18
          text run at (83,312) width 4 RTL: "."
          text run at (87,312) width 63: "Some text"
        RenderBR {BR} at (83,312) size 0x18
        RenderText {#text} at (132,330) size 36x36
          text run at (132,330) width 36: "Some"
          text run at (141,348) width 4 RTL: "."
          text run at (145,348) width 23: "text"
        RenderBR {BR} at (141,348) size 0x18
  Regions for flow 'flow1'
    RenderRegion {DIV} #region1
    RenderRegion {DIV} #region2
    RenderRegion {DIV} #region3
