layer at (0,0) size 800x600
  RenderView at (0,0) size 800x600
layer at (0,0) size 800x546
  RenderBlock {HTML} at (0,0) size 800x546
    RenderBody {BODY} at (8,8) size 784x530
      RenderRegion {DIV} at (0,0) size 280x50
      RenderBlock {DIV} at (0,66) size 784x18
        RenderBlock {P} at (0,0) size 280x18 [bgcolor=#00FF00]
          RenderText {#text} at (0,0) size 260x18
            text run at (0,0) width 260: "Lime background text styled out region2."
      RenderBlock {DIV} at (0,100) size 784x0
      RenderRegion {DIV} at (0,100) size 280x50
      RenderRegion {DIV} at (0,150) size 280x30
      RenderRegion {DIV} at (0,180) size 280x50
      RenderRegion {DIV} at (0,230) size 280x30
      RenderRegion {DIV} at (0,260) size 280x100
      RenderRegion {DIV} at (0,360) size 280x10
      RenderRegion {DIV} at (0,370) size 280x50
      RenderRegion {DIV} at (0,420) size 280x30
      RenderRegion {DIV} at (0,450) size 280x50
      RenderRegion {DIV} at (0,500) size 280x30
Flow Threads
  Thread with flow-name 'flow1'
    layer at (0,0) size 280x50
      RenderNamedFlowThread at (0,0) size 280x50
        RenderBlock {DIV} at (0,16) size 280x18
          RenderBlock {P} at (0,0) size 280x18 [bgcolor=#FF0000]
            RenderText {#text} at (0,0) size 258x18
              text run at (0,0) width 258: "Green background text styled in region1."
  Regions for flow 'flow1'
    RenderRegion {DIV} #region1 region style: 1
  Thread with flow-name 'flow3'
    layer at (0,0) size 280x80
      RenderNamedFlowThread at (0,0) size 280x80
        RenderBlock {DIV} at (0,16) size 280x52
          RenderBlock {P} at (0,0) size 280x18 [bgcolor=#FF0000]
            RenderText {#text} at (0,0) size 266x18
              text run at (0,0) width 266: "Green background text styled in region31."
          RenderBlock {P} at (0,34) size 280x18 [bgcolor=#FF0000]
            RenderText {#text} at (0,0) size 260x18
              text run at (0,0) width 260: "Lime background text styled in region32."
  Regions for flow 'flow3'
    RenderRegion {DIV} #region31 region style: 1
    RenderRegion {DIV} #region32 region style: 1
  Thread with flow-name 'flow4'
    layer at (0,0) size 280x80
      RenderNamedFlowThread at (0,0) size 280x80
        RenderBlock {DIV} at (0,16) size 280x52
          RenderBlock {P} at (0,0) size 280x18 [bgcolor=#FF0000]
            RenderText {#text} at (0,0) size 266x18
              text run at (0,0) width 266: "Green background text styled in region41."
          RenderBlock {P} at (0,34) size 280x18 [bgcolor=#FF0000]
            RenderText {#text} at (0,0) size 260x18
              text run at (0,0) width 260: "Lime background text styled in region42."
  Regions for flow 'flow4'
    RenderRegion {DIV} #region41 region style: 1
    RenderRegion {DIV} #region42 region style: 1
  Thread with flow-name 'flow5'
    layer at (0,0) size 280x110
      RenderNamedFlowThread at (0,0) size 280x110
        RenderBlock {DIV} at (0,16) size 280x52
          RenderBlock {P} at (0,0) size 280x18 [bgcolor=#FF0000]
            RenderText {#text} at (0,0) size 266x18
              text run at (0,0) width 266: "Green background text styled in region51."
          RenderBlock {P} at (0,34) size 280x18 [bgcolor=#FF0000]
            RenderText {#text} at (0,0) size 266x18
              text run at (0,0) width 266: "Green background text styled in region51."
  Regions for flow 'flow5'
    RenderRegion {DIV} #region51 region style: 1
    RenderRegion {DIV} #region52 region style: 1
  Thread with flow-name 'flow6'
    layer at (0,0) size 280x80
      RenderNamedFlowThread at (0,0) size 280x80
        RenderBlock {DIV} at (0,16) size 280x52
          RenderBlock {P} at (0,0) size 280x18 [bgcolor=#FF0000]
            RenderText {#text} at (0,0) size 266x18
              text run at (0,0) width 266: "Green background text styled in region61."
          RenderBlock {P} at (0,34) size 280x18 [bgcolor=#FF0000]
            RenderText {#text} at (0,0) size 260x18
              text run at (0,0) width 260: "Lime background text styled in region62."
  Regions for flow 'flow6'
    RenderRegion {DIV} #region61 region style: 1
    RenderRegion {DIV} #region62 region style: 1
  Thread with flow-name 'flow7'
    layer at (0,0) size 280x80
      RenderNamedFlowThread at (0,0) size 280x80
        RenderBlock {DIV} at (0,16) size 280x52
          RenderBlock {P} at (0,0) size 280x18 [bgcolor=#FF0000]
            RenderText {#text} at (0,0) size 266x18
              text run at (0,0) width 266: "Green background text styled in region71."
          RenderBlock {P} at (0,34) size 280x18 [bgcolor=#FF0000]
            RenderText {#text} at (0,0) size 260x18
              text run at (0,0) width 260: "Lime background text styled in region72."
  Regions for flow 'flow7'
    RenderRegion {DIV} #region71 region style: 1
    RenderRegion {DIV} #region72 region style: 1
