layer at (0,0) size 800x600
  RenderView at (0,0) size 800x600
layer at (0,0) size 800x422
  RenderBlock {HTML} at (0,0) size 800x422
    RenderBody {BODY} at (8,8) size 784x406
      RenderBlock {DIV} at (0,0) size 784x406
        RenderRegion {DIV} at (0,0) size 202x102 [border: (1px solid #000000)]
        RenderRegion {DIV} at (0,102) size 302x182 [border: (1px solid #000000)]
        RenderRegion {DIV} at (0,284) size 122x122 [border: (1px solid #000000)]
Flow Threads
  Thread with flow-name 'flow1'
    layer at (0,0) size 300x400
      RenderFlowThread at (0,0) size 300x400
        RenderBlock {DIV} at (0,0) size 300x459
          RenderBlock {DIV} at (5,5) size 290x449 [border: (1px solid #0000FF)]
            RenderBlock {DIV} at (11,11) size 268x427 [border: (1px solid #008000)]
              RenderInline {SPAN} at (0,0) size 266x101
                RenderText {#text} at (1,1) size 166x36
                  text run at (1,1) width 166: "This line of text should"
                  text run at (1,19) width 166: "not get out of the region."
                RenderText {#text} at (1,37) size 266x65
                  text run at (1,37) width 166: "Here is some added"
                  text run at (1,55) width 166: "content that will mess"
                  text run at (1,84) width 266: "things up, since it shoves things down."
              RenderText {#text} at (1,102) size 266x72
                text run at (1,102) width 266: "This line of text should not get out of the"
                text run at (1,120) width 266: "region. This line of text should not get out"
                text run at (1,138) width 266: "of the region. This line of text should not"
                text run at (1,156) width 131: "get out of the region."
              RenderBR {BR} at (132,156) size 0x18
              RenderBR {BR} at (1,174) size 0x18
              RenderText {#text} at (1,192) size 266x126
                text run at (1,192) width 266: "This line of text should not get out of the"
                text run at (1,210) width 266: "region. This line of text should not get out"
                text run at (1,228) width 266: "of the region. This line of text should not"
                text run at (1,246) width 266: "get out of the region. This line of text"
                text run at (1,264) width 86: "should not"
                text run at (1,282) width 86: "get out of the"
                text run at (1,300) width 44: "region."
              RenderBR {BR} at (45,300) size 0x18
              RenderBR {BR} at (1,318) size 0x18
              RenderText {#text} at (1,336) size 86x72
                text run at (1,336) width 86: "This line of"
                text run at (1,354) width 86: "text should"
                text run at (1,372) width 86: "not get out of"
                text run at (1,390) width 67: "the region."
              RenderBR {BR} at (68,390) size 0x18
              RenderBR {BR} at (1,408) size 0x18
  Regions for flow 'flow1'
    RenderRegion {DIV} #region1
    RenderRegion {DIV} #region2
    RenderRegion {DIV} #region3
