layer at (0,0) size 800x600
  RenderView at (0,0) size 800x600
layer at (0,0) size 800x216
  RenderBlock {HTML} at (0,0) size 800x216
    RenderBody {BODY} at (8,8) size 784x200
      RenderRegion {DIV} at (0,0) size 784x100
      RenderRegion {DIV} at (0,100) size 784x100
Flow Threads
  Thread with flow-name 'flowA'
    layer at (0,0) size 784x100
      RenderFlowThread at (0,0) size 784x100
        RenderBlock {DIV} at (0,0) size 784x18
          RenderBlock (anonymous) at (0,0) size 784x18
            RenderText {#text} at (0,0) size 91x18
              text run at (0,0) width 91: "DIV1 - flowA"
            RenderText {#text} at (0,0) size 0x0
          RenderBlock {P} at (0,34) size 784x0
          RenderBlock {P} at (0,34) size 784x0
        RenderBlock {DIV} at (0,34) size 784x18
          RenderText {#text} at (0,0) size 91x18
            text run at (0,0) width 91: "DIV3 - flowA"
  Regions for flow 'flowA'
    RenderRegion {DIV} #REGION1 with index 0
  Thread with flow-name 'flowB'
    layer at (0,0) size 784x100
      RenderFlowThread at (0,0) size 784x100
        RenderBlock {DIV} at (0,0) size 784x18
          RenderText {#text} at (0,0) size 90x18
            text run at (0,0) width 90: "DIV2 - flowB"
  Regions for flow 'flowB'
    RenderRegion {DIV} #REGION2 with index 0
