layer at (0,0) size 800x600
  RenderView at (0,0) size 800x600
layer at (0,0) size 800x422
  RenderBlock {HTML} at (0,0) size 800x422
    RenderBody {BODY} at (8,8) size 784x406
      RenderBlock {DIV} at (0,0) size 784x406
        RenderRegion {DIV} at (0,0) size 202x102 [border: (1px solid #000000)]
        RenderRegion {DIV} at (0,102) size 302x182 [border: (1px solid #000000)]
        RenderRegion {DIV} at (0,284) size 122x122 [border: (1px solid #000000)]
Flow Threads
  Thread with flow-name 'flow1'
    layer at (0,0) size 300x400
      RenderNamedFlowThread at (0,0) size 300x400
        RenderBlock {DIV} at (0,0) size 300x385
          RenderBlock {DIV} at (5,5) size 290x375 [border: (1px solid #0000FF)]
            RenderBlock {DIV} at (11,11) size 268x353 [border: (1px solid #008000)]
              RenderBlock {P} at (1,17) size 266x121
                RenderText {#text} at (0,0) size 266x121
                  text run at (0,0) width 166: "This line of text should"
                  text run at (0,18) width 166: "not get out of the region."
                  text run at (0,36) width 166: "This line of text should"
                  text run at (0,67) width 266: "not get out of the region. This line of text"
                  text run at (0,85) width 266: "should not get out of the region. This line"
                  text run at (0,103) width 245: "of text should not get out of the region."
              RenderBlock {P} at (1,154) size 266x90
                RenderText {#text} at (0,0) size 266x90
                  text run at (0,0) width 266: "This line of text should not get out of the"
                  text run at (0,18) width 266: "region. This line of text should not get out"
                  text run at (0,36) width 266: "of the region. This line of text should not"
                  text run at (0,54) width 266: "get out of the region. This line of text"
                  text run at (0,72) width 201: "should not get out of the region."
              RenderBlock {P} at (1,264) size 266x72
                RenderText {#text} at (0,0) size 86x72
                  text run at (0,0) width 86: "This line of"
                  text run at (0,18) width 86: "text should"
                  text run at (0,36) width 86: "not get out of"
                  text run at (0,54) width 67: "the region."
  Regions for flow 'flow1'
    RenderRegion {DIV} #region1
    RenderRegion {DIV} #region2
    RenderRegion {DIV} #region3
