layer at (0,0) size 800x600
  RenderView at (0,0) size 800x600
layer at (441,0) size 359x600
  RenderBlock {HTML} at (0,0) size 359x600
    RenderBody {BODY} at (8,8) size 335x584
      RenderBlock {DIV} at (0,0) size 38x584
        RenderText {#text} at (0,0) size 38x566
          text run at (0,0) width 443: "The words \"flow content\" in green should display twice after this div, "
          text run at (0,443) width 123: "and there should be"
          text run at (19,0) width 234: "two copies of this content that match."
      RenderRegion {DIV} at (38,0) size 112x312 [border: (1px solid #000000)]
      RenderRegion {DIV} at (150,0) size 112x312 [border: (1px solid #000000)]
      RenderBlock {DIV} at (262,0) size 38x584
        RenderText {#text} at (0,0) size 38x556
          text run at (0,0) width 405: "The words \"flow content\" in green should display after this div, "
          text run at (0,405) width 151: "and there should be two"
          text run at (19,0) width 206: "copies of this content that match."
      RenderBlock {DIV} at (316,0) size 19x584 [color=#008000]
        RenderBlock {P} at (0,0) size 19x584
          RenderText {#text} at (0,0) size 19x79
            text run at (0,0) width 79: "flow content"
Flow Threads
  Thread with flow-name 'main-thread'
    layer at (600,0) size 200x300
      RenderFlowThread at (0,0) size 200x300
        RenderBlock {DIV} at (0,0) size 200x300 [color=#008000]
          RenderBlock {DIV} at (0,0) size 100x300
            RenderText {#text} at (0,0) size 19x107
              text run at (0,0) width 107: "first flow content"
          RenderBlock {DIV} at (100,0) size 100x300
            RenderText {#text} at (0,0) size 19x127
              text run at (0,0) width 127: "second flow content"
  Regions for flow 'main-thread'
    RenderRegion {DIV} #region1
    RenderRegion {DIV} #region2
