layer at (0,0) size 800x600
  RenderView at (0,0) size 800x600
layer at (0,0) size 800x422
  RenderBlock {HTML} at (0,0) size 800x422
    RenderBody {BODY} at (8,8) size 784x406
      RenderBlock {DIV} at (0,0) size 784x406
        RenderRegion {DIV} at (0,0) size 202x102 [border: (1px solid #000000)]
        RenderRegion {DIV} at (0,102) size 302x182 [border: (1px solid #000000)]
        RenderRegion {DIV} at (0,284) size 122x122 [border: (1px solid #000000)]
Flow Threads
  Thread with flow-name 'flow1'
    layer at (0,0) size 300x400
      RenderFlowThread at (0,0) size 300x400
        RenderBlock {DIV} at (0,0) size 300x690
          RenderBlock {DIV} at (34,5) size 232x680 [border: (1px solid #0000FF)]
            RenderBlock {DIV} at (11,11) size 210x658 [border: (1px solid #008000)]
              RenderBlock {P} at (1,17) size 208x162
                RenderText {#text} at (-10,0) size 218x162
                  text run at (-10,0) width 128: "This line of text"
                  text run at (-10,19) width 128: "should not get out"
                  text run at (-10,38) width 128: "of the region. This"
                  text run at (0,67) width 208: "line of text should not get out of"
                  text run at (0,86) width 208: "the region. This line of text"
                  text run at (0,105) width 208: "should not get out of the region."
                  text run at (0,124) width 208: "This line of text should not get"
                  text run at (100,143) width 4 RTL: "."
                  text run at (104,143) width 104: "out of the region"
              RenderBlock {P} at (1,195) size 208x316
                RenderText {#text} at (0,0) size 226x316
                  text run at (0,0) width 208: "This line of text should not get"
                  text run at (0,19) width 208: "out of the region. This line of"
                  text run at (0,38) width 208: "text should not get out of the"
                  text run at (2,69) width 44: "region."
                  text run at (-18,88) width 64: "This line"
                  text run at (-18,107) width 64: "of text"
                  text run at (4,126) width 42: "should"
                  text run at (-18,145) width 64: "not get"
                  text run at (-18,164) width 64: "out of the"
                  text run at (2,183) width 44: "region."
                  text run at (-18,202) width 64: "This line"
                  text run at (-18,221) width 64: "of text"
                  text run at (4,240) width 42: "should"
                  text run at (-18,259) width 64: "not get"
                  text run at (-18,278) width 64: "out of the"
                  text run at (2,297) width 4 RTL: "."
                  text run at (6,297) width 40: "region"
              RenderBlock {P} at (1,527) size 208x114
                RenderText {#text} at (-18,0) size 64x114
                  text run at (-18,0) width 64: "This line"
                  text run at (-18,19) width 64: "of text"
                  text run at (4,38) width 42: "should"
                  text run at (-18,57) width 64: "not get"
                  text run at (-18,76) width 64: "out of the"
                  text run at (2,95) width 4 RTL: "."
                  text run at (6,95) width 40: "region"
  Regions for flow 'flow1'
    RenderRegion {DIV} #region1
    RenderRegion {DIV} #region2
    RenderRegion {DIV} #region3
