layer at (0,0) size 800x600
  RenderView at (0,0) size 800x600
layer at (0,0) size 800x534
  RenderBlock {HTML} at (0,0) size 800x534
    RenderBody {BODY} at (8,16) size 784x510
      RenderBlock {P} at (0,0) size 784x38
        RenderText {#text} at (0,0) size 758x38
          text run at (0,0) width 758: "The green positioned object should only be as tall as the first region it is contained in. It should fill the left half of the first"
          text run at (0,19) width 229: "region, and no red should be visible."
      RenderBlock {DIV} at (0,54) size 784x456
        RenderRegion {DIV} at (582,0) size 202x152 [border: (1px solid #000000)]
        RenderRegion {DIV} at (482,152) size 302x182 [border: (1px solid #000000)]
        RenderRegion {DIV} at (662,334) size 122x122 [border: (1px solid #000000)]
Flow Threads
  Thread with flow-name 'flow1'
    layer at (0,0) size 300x450
      RenderFlowThread at (0,0) size 300x450
        RenderBlock {DIV} at (0,30) size 300x0
          RenderBlock {DIV} at (30,0) size 240x0
    layer at (90,0) size 100x150
      RenderBlock (positioned) {SPAN} at (90,0) size 100x150 [bgcolor=#008000]
  Regions for flow 'flow1'
    RenderRegion {DIV} #region1
    RenderRegion {DIV} #region2
    RenderRegion {DIV} #region3
