layer at (0,0) size 800x600
  RenderView at (0,0) size 800x600
layer at (0,0) size 800x534
  RenderBlock {HTML} at (0,0) size 800x534
    RenderBody {BODY} at (8,16) size 784x510
      RenderBlock {P} at (0,0) size 784x38
        RenderText {#text} at (0,0) size 758x38
          text run at (0,0) width 758: "The green positioned object should go through all three regions. Its right edge should align with the right side of the light"
          text run at (0,19) width 328: "grey boxes in each region. No red should be visible."
      RenderBlock {DIV} at (0,54) size 784x456
        RenderRegion {DIV} at (582,0) size 202x152 [border: (1px solid #000000)]
        RenderRegion {DIV} at (482,152) size 302x182 [border: (1px solid #000000)]
        RenderRegion {DIV} at (662,334) size 122x122 [border: (1px solid #000000)]
Flow Threads
  Thread with flow-name 'flow1'
    layer at (0,0) size 300x450
      RenderFlowThread at (0,0) size 300x450
        RenderBlock {DIV} at (0,30) size 300x350
          RenderBlock {DIV} at (30,0) size 240x350 [bgcolor=#CCCCCC]
            RenderBlock {DIV} at (140,0) size 100x100 [bgcolor=#FF0000]
    layer at (120,0) size 150x450
      RenderBlock (positioned) {DIV} at (120,0) size 150x450 [color=#00A000] [bgcolor=#00A000]
        RenderText {#text} at (93,0) size 67x19
          text run at (93,0) width 4 RTL: "."
          text run at (97,0) width 63: "Some text"
        RenderBR {BR} at (93,0) size 0x19
        RenderText {#text} at (93,19) size 67x19
          text run at (93,19) width 4 RTL: "."
          text run at (97,19) width 63: "Some text"
        RenderBR {BR} at (93,19) size 0x19
        RenderText {#text} at (93,38) size 67x19
          text run at (93,38) width 4 RTL: "."
          text run at (97,38) width 63: "Some text"
        RenderBR {BR} at (93,38) size 0x19
        RenderText {#text} at (93,57) size 67x19
          text run at (93,57) width 4 RTL: "."
          text run at (97,57) width 63: "Some text"
        RenderBR {BR} at (93,57) size 0x19
        RenderText {#text} at (93,76) size 67x19
          text run at (93,76) width 4 RTL: "."
          text run at (97,76) width 63: "Some text"
        RenderBR {BR} at (93,76) size 0x19
        RenderText {#text} at (93,95) size 67x19
          text run at (93,95) width 4 RTL: "."
          text run at (97,95) width 63: "Some text"
        RenderBR {BR} at (93,95) size 0x19
        RenderText {#text} at (93,114) size 67x19
          text run at (93,114) width 4 RTL: "."
          text run at (97,114) width 63: "Some text"
        RenderBR {BR} at (93,114) size 0x19
        RenderText {#text} at (83,150) size 67x19
          text run at (83,150) width 4 RTL: "."
          text run at (87,150) width 63: "Some text"
        RenderBR {BR} at (83,150) size 0x19
        RenderText {#text} at (83,169) size 67x19
          text run at (83,169) width 4 RTL: "."
          text run at (87,169) width 63: "Some text"
        RenderBR {BR} at (83,169) size 0x19
        RenderText {#text} at (83,188) size 67x19
          text run at (83,188) width 4 RTL: "."
          text run at (87,188) width 63: "Some text"
        RenderBR {BR} at (83,188) size 0x19
        RenderText {#text} at (83,207) size 67x19
          text run at (83,207) width 4 RTL: "."
          text run at (87,207) width 63: "Some text"
        RenderBR {BR} at (83,207) size 0x19
        RenderText {#text} at (83,226) size 67x19
          text run at (83,226) width 4 RTL: "."
          text run at (87,226) width 63: "Some text"
        RenderBR {BR} at (83,226) size 0x19
        RenderText {#text} at (83,245) size 67x19
          text run at (83,245) width 4 RTL: "."
          text run at (87,245) width 63: "Some text"
        RenderBR {BR} at (83,245) size 0x19
        RenderText {#text} at (83,264) size 67x19
          text run at (83,264) width 4 RTL: "."
          text run at (87,264) width 63: "Some text"
        RenderBR {BR} at (83,264) size 0x19
        RenderText {#text} at (83,283) size 67x19
          text run at (83,283) width 4 RTL: "."
          text run at (87,283) width 63: "Some text"
        RenderBR {BR} at (83,283) size 0x19
        RenderText {#text} at (83,302) size 67x19
          text run at (83,302) width 4 RTL: "."
          text run at (87,302) width 63: "Some text"
        RenderBR {BR} at (83,302) size 0x19
        RenderText {#text} at (132,330) size 36x38
          text run at (132,330) width 36: "Some"
          text run at (141,349) width 4 RTL: "."
          text run at (145,349) width 23: "text"
        RenderBR {BR} at (141,349) size 0x19
        RenderText {#text} at (132,368) size 36x38
          text run at (132,368) width 36: "Some"
          text run at (141,387) width 4 RTL: "."
          text run at (145,387) width 23: "text"
        RenderBR {BR} at (141,387) size 0x19
        RenderText {#text} at (132,406) size 36x38
          text run at (132,406) width 36: "Some"
          text run at (141,425) width 4 RTL: "."
          text run at (145,425) width 23: "text"
        RenderBR {BR} at (141,425) size 0x19
  Regions for flow 'flow1'
    RenderRegion {DIV} #region1
    RenderRegion {DIV} #region2
    RenderRegion {DIV} #region3
