layer at (0,0) size 800x600
  RenderView at (0,0) size 800x600
layer at (0,0) size 800x534
  RenderBlock {HTML} at (0,0) size 800x534
    RenderBody {BODY} at (8,16) size 784x510
      RenderBlock {P} at (0,0) size 784x38
        RenderText {#text} at (47,0) size 737x38
          text run at (47,0) width 737: "The green positioned object should only be as tall as the first region it is contained in. It should be centered in the first"
          text run at (555,19) width 4 RTL: "."
          text run at (559,19) width 225: "region, and no red should be visible"
      RenderBlock {DIV} at (0,54) size 784x456
        RenderRegion {DIV} at (582,0) size 202x152 [border: (1px solid #000000)]
        RenderRegion {DIV} at (482,152) size 302x182 [border: (1px solid #000000)]
        RenderRegion {DIV} at (662,334) size 122x122 [border: (1px solid #000000)]
Flow Threads
  Thread with flow-name 'flow1'
    layer at (0,0) size 300x450
      RenderFlowThread at (0,0) size 300x450
        RenderBlock {DIV} at (0,30) size 300x100
          RenderBlock {DIV} at (30,0) size 240x100
            RenderBlock {DIV} at (140,0) size 100x100 [bgcolor=#FF0000]
    layer at (110,0) size 160x150
      RenderBlock (positioned) {DIV} at (110,0) size 160x150 [bgcolor=#008000]
  Regions for flow 'flow1'
    RenderRegion {DIV} #region1
    RenderRegion {DIV} #region2
    RenderRegion {DIV} #region3
