layer at (0,0) size 800x600
  RenderView at (0,0) size 800x600
layer at (0,0) size 800x402
  RenderBlock {HTML} at (0,0) size 800x402
    RenderBody {BODY} at (8,8) size 784x386
      RenderRegion {DIV} at (2,2) size 302x382 [border: (1px solid #A0A0A0)]
      RenderText {#text} at (306,0) size 4x19
        text run at (306,0) width 4: " "
      RenderRegion {DIV} at (312,2) size 202x202 [border: (1px solid #000000)]
Flow Threads
  Thread with flow-name 'article'
    layer at (0,0) size 300x580
      RenderFlowThread at (0,0) size 300x580
        RenderBlock {DIV} at (0,0) size 300x676
          RenderBlock {DIV} at (0,0) size 300x360 [color=#A0A0A0]
            RenderInline {SPAN} at (0,0) size 300x345 [bgcolor=#A0A0A0]
              RenderText {#text} at (0,7) size 300x345
                text run at (0,7) width 300: "This is some content This is some"
                text run at (0,43) width 64: "content "
                text run at (64,43) width 236: "This is some content This is"
                text run at (0,79) width 105: "some content "
                text run at (105,79) width 195: "This is some content This"
                text run at (0,115) width 134: "is some content "
                text run at (134,115) width 166: "This is some content"
                text run at (0,151) width 190: "This is some content "
                text run at (190,151) width 110: "This is some"
                text run at (0,187) width 244: "content This is some content "
                text run at (244,187) width 56: "This is"
                text run at (0,223) width 268: "some content This is some content "
                text run at (268,223) width 32: "This"
                text run at (0,259) width 300: "is some content This is some content"
                text run at (0,295) width 300: "This is some content This is some"
                text run at (0,331) width 58: "content "
                text run at (58,331) width 187: "This is some content This"
          RenderBlock {DIV} at (0,380) size 300x192 [color=#00A0E0]
            RenderInline {SPAN} at (0,0) size 200x182 [bgcolor=#00A0E0]
              RenderText {#text} at (0,5) size 200x182
                text run at (0,5) width 200: "This is some content This is some content"
                text run at (0,29) width 200: "This is some content This is some content"
                text run at (0,53) width 200: "This is some content This is some content"
                text run at (0,77) width 200: "This is some content This is some content"
                text run at (0,101) width 200: "This is some content This is some content"
                text run at (0,125) width 200: "This is some content This is some content"
                text run at (0,149) width 200: "This is some content This is some content"
                text run at (0,173) width 197: "This is some content This is some content"
          RenderBlock {DIV} at (0,572) size 300x104 [color=#800000]
            RenderInline {SPAN} at (0,0) size 200x86 [bgcolor=#800000]
              RenderText {#text} at (0,13) size 200x86
                text run at (0,13) width 200: "This is some content This is some content"
                text run at (0,37) width 200: "This is some content This is some content"
                text run at (0,61) width 200: "This is some content This is some content"
                text run at (0,85) width 100: "This is some content."
            RenderText {#text} at (0,0) size 0x0
  Regions for flow 'article'
    RenderRegion {DIV} #region_1
    RenderRegion {DIV} #region_2
