layer at (0,0) size 800x600
  RenderView at (0,0) size 800x600
layer at (0,0) size 800x422
  RenderBlock {HTML} at (0,0) size 800x422
    RenderBody {BODY} at (8,8) size 784x406
      RenderBlock {DIV} at (0,0) size 784x406
        RenderRegion {DIV} at (0,0) size 202x102 [border: (1px solid #000000)]
        RenderRegion {DIV} at (0,102) size 302x182 [border: (1px solid #000000)]
        RenderRegion {DIV} at (0,284) size 122x122 [border: (1px solid #000000)]
Flow Threads
  Thread with flow-name 'flow1'
    layer at (0,0) size 300x400
      RenderFlowThread at (0,0) size 300x400
        RenderBlock {DIV} at (0,0) size 300x534
          RenderBlock {DIV} at (5,5) size 290x524 [border: (1px solid #0000FF)]
            RenderBlock {DIV} at (11,11) size 268x502 [border: (1px solid #008000)]
              RenderInline {SPAN} at (0,0) size 266x102
                RenderText {#text} at (1,1) size 166x38
                  text run at (1,1) width 166: "This line of text should"
                  text run at (1,20) width 166: "not get out of the region."
                RenderText {#text} at (1,39) size 266x64
                  text run at (1,39) width 166: "Here is some added"
                  text run at (1,58) width 166: "content that will mess"
                  text run at (1,84) width 266: "things up, since it shoves things down."
              RenderText {#text} at (1,103) size 266x76
                text run at (1,103) width 266: "This line of text should not get out of the"
                text run at (1,122) width 266: "region. This line of text should not get out"
                text run at (1,141) width 266: "of the region. This line of text should not"
                text run at (1,160) width 131: "get out of the region."
              RenderBR {BR} at (132,160) size 0x19
              RenderBR {BR} at (1,179) size 0x19
              RenderText {#text} at (1,198) size 266x180
                text run at (1,198) width 266: "This line of text should not get out of the"
                text run at (1,217) width 266: "region. This line of text should not get out"
                text run at (1,236) width 266: "of the region. This line of text should not"
                text run at (1,264) width 86: "get out of the"
                text run at (1,283) width 86: "region. This"
                text run at (1,302) width 86: "line of text"
                text run at (1,321) width 86: "should not"
                text run at (1,340) width 86: "get out of the"
                text run at (1,359) width 44: "region."
              RenderBR {BR} at (45,359) size 0x19
              RenderBR {BR} at (1,387) size 0x19
              RenderText {#text} at (1,406) size 86x76
                text run at (1,406) width 86: "This line of"
                text run at (1,425) width 86: "text should"
                text run at (1,444) width 86: "not get out of"
                text run at (1,463) width 67: "the region."
              RenderBR {BR} at (68,463) size 0x19
              RenderBR {BR} at (1,482) size 0x19
  Regions for flow 'flow1'
    RenderRegion {DIV} #region1
    RenderRegion {DIV} #region2
    RenderRegion {DIV} #region3
