layer at (0,0) size 800x600
  RenderView at (0,0) size 800x600
layer at (158,0) size 642x600
  RenderBlock {HTML} at (0,0) size 642x600
    RenderBody {BODY} at (8,8) size 626x584
      RenderBlock {DIV} at (0,0) size 626x584
        RenderRegion {DIV} at (0,0) size 202x102 [border: (1px solid #000000)]
        RenderRegion {DIV} at (202,0) size 302x182 [border: (1px solid #000000)]
        RenderRegion {DIV} at (504,0) size 122x122 [border: (1px solid #000000)]
Flow Threads
  Thread with flow-name 'flow1'
    layer at (180,0) size 620x180
      RenderFlowThread at (0,0) size 620x180
        RenderBlock {DIV} at (0,0) size 663x180
          RenderBlock {DIV} at (5,5) size 653x170 [border: (1px solid #0000FF)]
            RenderBlock {DIV} at (11,11) size 631x148 [border: (1px solid #008000)]
              RenderBlock {P} at (17,1) size 281x146
                RenderText {#text} at (0,0) size 281x146
                  text run at (0,0) width 66: "This line"
                  text run at (19,0) width 66: "of text"
                  text run at (38,0) width 66: "should not"
                  text run at (57,0) width 66: "get out of"
                  text run at (76,0) width 19: "the"
                  text run at (95,0) width 44: "region."
                  text run at (114,0) width 66: "This line"
                  text run at (133,0) width 66: "of text"
                  text run at (167,0) width 146: "should not get out of"
                  text run at (186,0) width 146: "the region. This line of"
                  text run at (205,0) width 146: "text should not get out"
                  text run at (224,0) width 146: "of the region. This line"
                  text run at (243,0) width 146: "of text should not get"
                  text run at (262,0) width 108: "out of the region."
              RenderBlock {P} at (314,1) size 208x146
                RenderText {#text} at (0,0) size 208x146
                  text run at (0,0) width 146: "This line of text should"
                  text run at (19,0) width 146: "not get out of the"
                  text run at (38,0) width 146: "region. This line of"
                  text run at (57,0) width 146: "text should not get out"
                  text run at (76,0) width 146: "of the region. This line"
                  text run at (95,0) width 146: "of text should not get"
                  text run at (114,0) width 146: "out of the region. This"
                  text run at (133,0) width 146: "line of text should not"
                  text run at (170,0) width 86: "get out of the"
                  text run at (189,0) width 44: "region."
              RenderBlock {P} at (538,1) size 76x146
                RenderText {#text} at (0,0) size 76x86
                  text run at (0,0) width 86: "This line of"
                  text run at (19,0) width 86: "text should"
                  text run at (38,0) width 86: "not get out of"
                  text run at (57,0) width 67: "the region."
  Regions for flow 'flow1'
    RenderRegion {DIV} #region1
    RenderRegion {DIV} #region2
    RenderRegion {DIV} #region3
