layer at (0,0) size 800x600
  RenderView at (0,0) size 800x600
layer at (0,0) size 800x416
  RenderBlock {test} at (0,0) size 800x416
    RenderBlock {p} at (0,16) size 800x20
      RenderText {#text} at (0,0) size 209x19
        text run at (0,0) width 209: "This paragraph should be unstyled."
    RenderBlock {address} at (0,52) size 800x20
      RenderText {#text} at (0,0) size 206x19
        text run at (0,0) width 206: "This address should be unstyled."
    RenderBlock {p} at (0,88) size 800x20 [bgcolor=#00FF00]
      RenderText {#text} at (0,0) size 282x19
        text run at (0,0) width 282: "This paragraph should have green background."
    RenderBlock {p} at (0,124) size 800x20 [bgcolor=#00FF00]
      RenderText {#text} at (0,0) size 282x19
        text run at (0,0) width 282: "This paragraph should have green background."
    RenderBlock {dl} at (0,160) size 800x240
      RenderBlock {dt} at (0,0) size 800x20 [bgcolor=#00FF00]
        RenderText {#text} at (0,0) size 334x19
          text run at (0,0) width 334: "First definition term that should have green background."
      RenderBlock {dd} at (40,20) size 760x20 [bgcolor=#00FF00]
        RenderText {#text} at (0,0) size 342x19
          text run at (0,0) width 342: "First definition that should also have a green background."
      RenderBlock {dt} at (0,40) size 800x20 [bgcolor=#00FF00]
        RenderText {#text} at (0,0) size 353x19
          text run at (0,0) width 353: "Second definition term that should have green background."
      RenderBlock {dd} at (40,60) size 760x20 [bgcolor=#00FF00]
        RenderText {#text} at (0,0) size 322x19
          text run at (0,0) width 322: "Second definition that should have green background."
      RenderBlock {dt} at (0,80) size 800x20
        RenderText {#text} at (0,0) size 125x19
          text run at (0,0) width 125: "Third definition term."
      RenderBlock {dd} at (40,100) size 760x20
        RenderText {#text} at (0,0) size 94x19
          text run at (0,0) width 94: "Third definition."
      RenderBlock {dt} at (0,120) size 800x20 [bgcolor=#00FF00]
        RenderText {#text} at (0,0) size 347x19
          text run at (0,0) width 347: "Fourth definition term that should have green background."
      RenderBlock {dd} at (40,140) size 760x20 [bgcolor=#00FF00]
        RenderText {#text} at (0,0) size 316x19
          text run at (0,0) width 316: "Fourth definition that should have green background."
      RenderBlock {dt} at (0,160) size 800x20 [bgcolor=#00FF00]
        RenderText {#text} at (0,0) size 334x19
          text run at (0,0) width 334: "Fifth definition term that should have green background."
      RenderBlock {dd} at (40,180) size 760x20 [bgcolor=#00FF00]
        RenderText {#text} at (0,0) size 303x19
          text run at (0,0) width 303: "Fifth definition that should have green background."
      RenderBlock {dt} at (0,200) size 800x20
        RenderText {#text} at (0,0) size 123x19
          text run at (0,0) width 123: "Sixth definition term."
      RenderBlock {dd} at (40,220) size 760x20
        RenderText {#text} at (0,0) size 92x19
          text run at (0,0) width 92: "Sixth definition."
