layer at (0,0) size 800x600
  RenderView at (0,0) size 800x600
layer at (0,0) size 800x304
  RenderBlock {test} at (0,0) size 800x304
    RenderBlock {div} at (0,16) size 800x272
      RenderBlock {div} at (0,0) size 800x128
        RenderBlock {p} at (0,0) size 800x20 [bgcolor=#00FF00]
          RenderText {#text} at (0,0) size 293x19
            text run at (0,0) width 293: "This paragraph should have a green background."
        RenderBlock {p} at (0,36) size 800x20 [bgcolor=#00FF00]
          RenderText {#text} at (0,0) size 293x19
            text run at (0,0) width 293: "This paragraph should have a green background."
        RenderBlock {p} at (0,72) size 800x20 [bgcolor=#00FF00]
          RenderText {#text} at (0,0) size 293x19
            text run at (0,0) width 293: "This paragraph should have a green background."
        RenderBlock {p} at (0,108) size 800x20 [bgcolor=#00FF00]
          RenderText {#text} at (0,0) size 293x19
            text run at (0,0) width 293: "This paragraph should have a green background."
      RenderBlock {address} at (0,144) size 800x20 [bgcolor=#00FF00]
        RenderText {#text} at (0,0) size 298x19
          text run at (0,0) width 298: "This address should have a green background."
      RenderBlock {s} at (0,180) size 800x20 [bgcolor=#00FF00]
        RenderText {#text} at (0,0) size 293x19
          text run at (0,0) width 293: "This paragraph should have a green background."
      RenderBlock {t} at (0,216) size 800x20 [bgcolor=#00FF00]
        RenderText {#text} at (0,0) size 293x19
          text run at (0,0) width 293: "This paragraph should have a green background."
      RenderBlock {u} at (0,252) size 800x20 [bgcolor=#00FF00]
        RenderText {#text} at (0,0) size 293x19
          text run at (0,0) width 293: "This paragraph should have a green background."
