layer at (0,0) size 800x600
  RenderView at (0,0) size 800x600
layer at (0,0) size 800x88
  RenderBlock {test} at (0,0) size 800x88
    RenderBlock {p} at (0,16) size 800x20 [color=#FFFFFF] [bgcolor=#008000]
      RenderText {#text} at (0,0) size 152x19
        text run at (0,0) width 152: "This line should be green."
    RenderBlock {p} at (0,52) size 800x20 [color=#FFFFFF] [bgcolor=#008000]
      RenderText {#text} at (0,0) size 152x19
        text run at (0,0) width 152: "This line should be green."
