layer at (0,0) size 800x600
  RenderView at (0,0) size 800x600
layer at (0,0) size 800x196
  RenderBlock {test} at (0,0) size 800x196
    RenderBlock {div} at (0,16) size 800x164
      RenderBlock {p} at (0,0) size 800x20
        RenderText {#text} at (0,0) size 209x19
          text run at (0,0) width 209: "This paragraph should be unstyled."
      RenderBlock {address} at (0,36) size 800x20 [bgcolor=#00FF00]
        RenderText {#text} at (0,0) size 298x19
          text run at (0,0) width 298: "This address should have a green background."
      RenderBlock {address} at (0,72) size 800x20 [bgcolor=#00FF00]
        RenderText {#text} at (0,0) size 298x19
          text run at (0,0) width 298: "This address should have a green background."
      RenderBlock {q} at (0,108) size 800x20
        RenderText {#text} at (0,0) size 209x19
          text run at (0,0) width 209: "This paragraph should be unstyled."
      RenderBlock {r} at (0,144) size 800x20 [bgcolor=#00FF00]
        RenderText {#text} at (0,0) size 293x19
          text run at (0,0) width 293: "This paragraph should have a green background."
