layer at (0,0) size 800x600
  RenderView at (0,0) size 800x600
layer at (0,0) size 800x112
  RenderBlock {test} at (0,0) size 800x112
    RenderBlock {p} at (0,16) size 800x80
      RenderText {#text} at (0,0) size 800x79
        text run at (0,0) width 239: "This very long paragraph should have a "
        text run at (239,0) width 461: "first line with green background. This very long paragraph should have a first "
        text run at (700,0) width 86: "line with green"
        text run at (0,20) width 80: "background. "
        text run at (80,20) width 289: "This very long paragraph should have a first line "
        text run at (369,20) width 431: "with green background. This very long paragraph should have a first line"
        text run at (0,40) width 29: "with "
        text run at (29,40) width 472: "green background. This very long paragraph should have a first line with green "
        text run at (501,40) width 272: "background. This very long paragraph should"
        text run at (0,60) width 239: "have a first line with green background. "
        text run at (239,60) width 431: "This very long paragraph should have a first line with green background."
