layer at (0,0) size 800x600
  RenderView at (0,0) size 800x600
layer at (0,0) size 800x53
  RenderBlock {test} at (0,0) size 800x53
    RenderBlock {p} at (0,16) size 800x21
      RenderBlock {input} at (4,3) size 13x13 [bgcolor=#00FF00]
      RenderText {#text} at (20,1) size 4x19
        text run at (20,1) width 4: " "
      RenderInline {span} at (0,0) size 365x19 [bgcolor=#00FF00]
        RenderText {#text} at (24,1) size 365x19
          text run at (24,1) width 365: "Everything in this paragraph should have a green background"
