layer at (0,0) size 800x600
  RenderView at (0,0) size 800x600
layer at (0,0) size 800x140
  RenderBlock {test} at (0,0) size 800x140
    RenderBlock {tests} at (0,0) size 800x140 [color=#008000]
      RenderBlock {testA} at (0,0) size 800x20
        RenderText {#text} at (0,0) size 128x19
          text run at (0,0) width 128: "This should be green."
      RenderBlock {testB} at (0,20) size 800x20
        RenderText {#text} at (0,0) size 128x19
          text run at (0,0) width 128: "This should be green."
      RenderBlock {testC} at (0,40) size 800x20
        RenderText {#text} at (0,0) size 128x19
          text run at (0,0) width 128: "This should be green."
      RenderBlock {testD} at (0,60) size 800x20
        RenderText {#text} at (0,0) size 128x19
          text run at (0,0) width 128: "This should be green."
      RenderBlock {testE} at (0,80) size 800x20
        RenderText {#text} at (0,0) size 128x19
          text run at (0,0) width 128: "This should be green."
      RenderBlock {testF} at (0,100) size 800x20
        RenderText {#text} at (0,0) size 128x19
          text run at (0,0) width 128: "This should be green."
      RenderBlock {testG} at (0,120) size 800x20
        RenderText {#text} at (0,0) size 128x19
          text run at (0,0) width 128: "This should be green."
