layer at (0,0) size 800x600
  RenderView at (0,0) size 800x600
layer at (0,0) size 800x88
  RenderBlock {test} at (0,0) size 800x88
    RenderBlock {blockquote} at (40,16) size 720x20
      RenderBlock {div} at (0,0) size 720x20
        RenderText {#text} at (0,0) size 170x19
          text run at (0,0) width 170: "This text should be unstyled."
    RenderBlock {div} at (0,52) size 800x20
      RenderBlock {div} at (0,0) size 800x20
        RenderBlock {p} at (0,0) size 800x20 [color=#008000]
          RenderText {#text} at (0,0) size 154x19
            text run at (0,0) width 154: "This text should be green."
