layer at (0,0) size 800x600
  RenderView at (0,0) size 800x600
layer at (0,0) size 800x88
  RenderBlock {test} at (0,0) size 800x88
    RenderBlock {p} at (0,16) size 800x20
      RenderText {#text} at (0,0) size 78x19
        text run at (0,0) width 78: "This test has "
      RenderInline {span} at (0,0) size 58x19
        RenderInline (generated) at (0,0) size 58x19 [bgcolor=#00FF00]
          RenderText at (78,0) size 58x19
            text run at (78,0) width 58: "PASSED"
      RenderText {#text} at (136,0) size 4x19
        text run at (136,0) width 4: "."
    RenderBlock {p} at (0,52) size 800x20
      RenderText {#text} at (0,0) size 420x19
        text run at (0,0) width 420: "(If the previous line just reads \"This test has .\" then this test has failed.)"
