layer at (0,0) size 800x600
  RenderView at (0,0) size 800x600
layer at (0,0) size 800x52
  RenderBlock {test} at (0,0) size 800x52
    RenderBlock {p} at (0,16) size 800x20 [bgcolor=#00FF00]
      RenderText {#text} at (0,0) size 532x19
        text run at (0,0) width 532: "This paragraph should have a green background because its title attribute ends with \"bar\""
