layer at (0,0) size 800x600
  RenderView at (0,0) size 800x600
layer at (0,0) size 800x52
  RenderBlock {test} at (0,0) size 800x52
    RenderBlock {p} at (0,16) size 800x20
      RenderInline (generated) at (0,0) size 9x19 [bgcolor=#00FF00]
        RenderText {#text} at (0,0) size 9x19
          text run at (0,0) width 9: "T"
      RenderText {#text} at (9,0) size 382x19
        text run at (9,0) width 382: "he first letter of this paragraph should have a green background."
