layer at (0,0) size 800x600
  RenderView at (0,0) size 800x600
layer at (0,0) size 800x180
  RenderBlock {test} at (0,0) size 800x180
    RenderBlock {p} at (0,16) size 800x20
      RenderText {#text} at (0,0) size 209x19
        text run at (0,0) width 209: "This paragraph should be unstyled."
    RenderBlock {q} at (0,52) size 800x20 [bgcolor=#00FF00]
      RenderText {#text} at (0,0) size 289x19
        text run at (0,0) width 289: "This paragraph should have a green background"
    RenderBlock {s} at (0,88) size 800x20
      RenderText {#text} at (0,0) size 209x19
        text run at (0,0) width 209: "This paragraph should be unstyled."
    RenderBlock {r} at (0,124) size 800x20
      RenderText {#text} at (0,0) size 209x19
        text run at (0,0) width 209: "This paragraph should be unstyled."
    RenderBlock (anonymous) at (0,160) size 800x20
      RenderInline {t} at (0,0) size 289x19 [bgcolor=#00FF00]
        RenderText {#text} at (0,0) size 289x19
          text run at (0,0) width 289: "This paragraph should have a green background"
      RenderText {#text} at (0,0) size 0x0
