layer at (0,0) size 800x600
  RenderView at (0,0) size 800x600
layer at (0,0) size 800x108
  RenderBlock {test} at (0,0) size 800x108
    RenderBlock {div} at (0,0) size 800x92
      RenderBlock {q} at (0,0) size 800x20 [color=#FF0000]
        RenderInline {r} at (0,0) size 113x19 [color=#00FF00]
          RenderText {#text} at (0,0) size 113x19
            text run at (0,0) width 113: "This text should be"
        RenderText {#text} at (113,0) size 4x19
          text run at (113,0) width 4: " "
        RenderInline {r} at (0,0) size 113x19 [color=#00FF00]
          RenderText {#text} at (117,0) size 113x19
            text run at (117,0) width 113: "in green characters"
        RenderText {#text} at (0,0) size 0x0
      RenderBlock {s} at (0,36) size 800x20 [color=#00FF00]
        RenderText {#text} at (0,0) size 230x19
          text run at (0,0) width 230: "This text should be in green characters"
      RenderBlock {p} at (0,72) size 800x20 [color=#00FF00]
        RenderText {#text} at (0,0) size 230x19
          text run at (0,0) width 230: "This text should be in green characters"
