layer at (0,0) size 800x600
  RenderView at (0,0) size 800x600
layer at (0,0) size 800x160
  RenderBlock {test} at (0,0) size 800x160
    RenderBlock {div} at (0,16) size 800x128
      RenderBlock {p} at (0,0) size 800x20 [bgcolor=#00FF00]
        RenderText {#text} at (0,0) size 289x19
          text run at (0,0) width 289: "This paragraph should have a green background"
      RenderBlock {p} at (0,36) size 800x20 [bgcolor=#00FF00]
        RenderText {#text} at (0,0) size 289x19
          text run at (0,0) width 289: "This paragraph should have a green background"
      RenderBlock {l} at (0,72) size 800x20 [bgcolor=#00FF00]
        RenderInline {p} at (0,0) size 289x19
          RenderText {#text} at (0,0) size 289x19
            text run at (0,0) width 180: "This paragraph should have a "
            text run at (180,0) width 109: "green background"
        RenderText {#text} at (0,0) size 0x0
      RenderBlock {p} at (0,108) size 800x20 [bgcolor=#00FF00]
        RenderText {#text} at (0,0) size 289x19
          text run at (0,0) width 289: "This paragraph should have a green background"
