layer at (0,0) size 800x600
  RenderView at (0,0) size 800x600
layer at (0,0) size 800x52
  RenderBlock {test} at (0,0) size 800x52
    RenderBlock {blockquote} at (40,16) size 720x20
      RenderBlock {div} at (0,0) size 720x20
        RenderBlock {div} at (0,0) size 720x20
          RenderBlock {p} at (0,0) size 720x20 [color=#008000]
            RenderText {#text} at (0,0) size 154x19
              text run at (0,0) width 154: "This text should be green."
