layer at (0,0) size 800x600
  RenderView at (0,0) size 800x600
layer at (0,0) size 800x58
  RenderBlock {test} at (0,0) size 800x58
    RenderBlock {p} at (0,16) size 800x26
      RenderButton {button} at (2,2) size 520x22 [bgcolor=#C0C0C0] [border: (2px outset #C0C0C0)]
        RenderBlock (anonymous) at (8,3) size 504x16
          RenderText {#text} at (0,0) size 504x16
            text run at (0,0) width 504: "Activating (e.g. holding the mouse button down on) this button should make it go green."
