layer at (0,0) size 800x600
  RenderView at (0,0) size 800x600
layer at (0,0) size 800x416
  RenderBlock {test} at (0,0) size 800x416
    RenderBlock {p} at (0,16) size 800x20 [bgcolor=#00FF00]
      RenderText {#text} at (0,0) size 278x19
        text run at (0,0) width 278: "This paragraph should have green background"
    RenderBlock {address} at (0,52) size 800x20
      RenderText {#text} at (0,0) size 337x19
        text run at (0,0) width 337: "But this address is here only to fill space in the dom.."
    RenderBlock {p} at (0,88) size 800x20
      RenderText {#text} at (0,0) size 148x19
        text run at (0,0) width 148: "So does this paragraph !"
    RenderBlock {p} at (0,124) size 800x20
      RenderText {#text} at (0,0) size 155x19
        text run at (0,0) width 155: "And so does this one too."
    RenderBlock {dl} at (0,160) size 800x240
      RenderBlock {dt} at (0,0) size 800x20
        RenderText {#text} at (0,0) size 116x19
          text run at (0,0) width 116: "First definition term"
      RenderBlock {dd} at (40,20) size 760x20
        RenderText {#text} at (0,0) size 85x19
          text run at (0,0) width 85: "First definition"
      RenderBlock {dt} at (0,40) size 800x20
        RenderText {#text} at (0,0) size 135x19
          text run at (0,0) width 135: "Second definition term"
      RenderBlock {dd} at (40,60) size 760x20
        RenderText {#text} at (0,0) size 104x19
          text run at (0,0) width 104: "Second definition"
      RenderBlock {dt} at (0,80) size 800x20 [bgcolor=#00FF00]
        RenderText {#text} at (0,0) size 335x19
          text run at (0,0) width 335: "Third definition term that should have green background"
      RenderBlock {dd} at (40,100) size 760x20 [bgcolor=#00FF00]
        RenderText {#text} at (0,0) size 304x19
          text run at (0,0) width 304: "Third definition that should have green background"
      RenderBlock {dt} at (0,120) size 800x20
        RenderText {#text} at (0,0) size 129x19
          text run at (0,0) width 129: "Fourth definition term"
      RenderBlock {dd} at (40,140) size 760x20
        RenderText {#text} at (0,0) size 98x19
          text run at (0,0) width 98: "Fourth definition"
      RenderBlock {dt} at (0,160) size 800x20
        RenderText {#text} at (0,0) size 116x19
          text run at (0,0) width 116: "Fifth definition term"
      RenderBlock {dd} at (40,180) size 760x20
        RenderText {#text} at (0,0) size 85x19
          text run at (0,0) width 85: "Fifth definition"
      RenderBlock {dt} at (0,200) size 800x20 [bgcolor=#00FF00]
        RenderText {#text} at (0,0) size 333x19
          text run at (0,0) width 333: "Sixth definition term that should have green background"
      RenderBlock {dd} at (40,220) size 760x20 [bgcolor=#00FF00]
        RenderText {#text} at (0,0) size 302x19
          text run at (0,0) width 302: "Sixth definition that should have green background"
