layer at (0,0) size 800x600
  RenderView at (0,0) size 800x600
layer at (0,0) size 800x52
  RenderBlock {test} at (0,0) size 800x52 [bgcolor=#00FF00]
    RenderBlock {p} at (0,16) size 800x20
      RenderText {#text} at (0,0) size 299x19
        text run at (0,0) width 299: "The background of the document should be green"
