layer at (0,0) size 800x600
  RenderView at (0,0) size 800x600
layer at (0,0) size 800x160
  RenderBlock {test} at (0,0) size 800x160
    RenderBlock {p} at (0,16) size 800x20 [bgcolor=#00FF00]
      RenderText {#text} at (0,0) size 293x19
        text run at (0,0) width 293: "This paragraph should have a green background."
    RenderBlock {address} at (0,52) size 800x20
      RenderText {#text} at (0,0) size 206x19
        text run at (0,0) width 206: "This address should be unstyled."
    RenderBlock {q} at (0,88) size 800x20 [bgcolor=#00FF00]
      RenderText {#text} at (0,0) size 293x19
        text run at (0,0) width 293: "This paragraph should have a green background."
    RenderBlock {r} at (0,124) size 800x20
      RenderText {#text} at (0,0) size 209x19
        text run at (0,0) width 209: "This paragraph should be unstyled."
