layer at (0,0) size 800x600
  RenderView at (0,0) size 800x600
layer at (0,0) size 800x52
  RenderBlock {test} at (0,0) size 800x52
    RenderBlock {p} at (0,16) size 800x20
      RenderInline {a} at (0,0) size 365x19 [color=#000080]
        RenderText {#text} at (0,0) size 42x19
          text run at (0,0) width 42: "Hover "
        RenderInline {strong} at (0,0) size 30x19
          RenderText {#text} at (42,0) size 30x19
            text run at (42,0) width 30: "here"
        RenderText {#text} at (72,0) size 144x19
          text run at (72,0) width 144: " and the background of "
        RenderInline {span} at (0,0) size 145x19
          RenderText {#text} at (216,0) size 145x19
            text run at (216,0) width 145: "this text should go green"
        RenderText {#text} at (361,0) size 4x19
          text run at (361,0) width 4: "."
