layer at (0,0) size 800x600
  RenderView at (0,0) size 800x600
layer at (0,0) size 800x92
  RenderBlock {test} at (0,0) size 800x92
    RenderBlock {ul} at (0,16) size 800x60
      RenderListItem {li} at (40,0) size 760x20 [bgcolor=#00FF00]
        RenderListMarker at (-18,0) size 7x19: bullet
        RenderText {#text} at (0,0) size 404x19
          text run at (0,0) width 404: "This list item should have green background because its class is \"t1\""
      RenderListItem {li} at (40,20) size 760x20 [bgcolor=#00FF00]
        RenderListMarker at (-18,0) size 7x19: bullet
        RenderText {#text} at (0,0) size 404x19
          text run at (0,0) width 404: "This list item should have green background because its class is \"t2\""
      RenderListItem {li} at (40,40) size 760x20 [bgcolor=#00FF00]
        RenderListMarker at (-18,0) size 7x19: bullet
        RenderInline {span} at (0,0) size 572x19
          RenderText {#text} at (0,0) size 572x19
            text run at (0,0) width 319: "This list item should have green background because "
            text run at (319,0) width 253: "the inner SPAN does not match SPAN.t3"
        RenderText {#text} at (0,0) size 0x0
