layer at (0,0) size 800x600
  RenderView at (0,0) size 800x600
layer at (0,0) size 800x72
  RenderBlock {test} at (0,0) size 800x72
    RenderBlock {p} at (0,16) size 800x20 [bgcolor=#00FF00]
      RenderText {#text} at (0,0) size 459x19
        text run at (0,0) width 388: "This paragraph should have green background because CLASS "
        text run at (388,0) width 71: "contains \"b\""
    RenderBlock {address} at (0,52) size 800x20 [bgcolor=#00FF00]
      RenderInline {span} at (0,0) size 156x19
        RenderText {#text} at (0,0) size 156x19
          text run at (0,0) width 156: "This address should also"
      RenderText {#text} at (156,0) size 4x19
        text run at (156,0) width 4: " "
      RenderInline {span} at (0,0) size 609x19
        RenderText {#text} at (160,0) size 609x19
          text run at (160,0) width 356: "have green background because the selector in the last "
          text run at (516,0) width 253: "rule does not apply to the inner SPANs."
      RenderText {#text} at (0,0) size 0x0
