layer at (0,0) size 800x600
  RenderView at (0,0) size 800x600
layer at (0,0) size 800x196
  RenderBlock {test} at (0,0) size 800x196
    RenderBlock {div} at (0,16) size 800x164
      RenderBlock {p} at (0,0) size 800x20 [bgcolor=#00FF00]
        RenderText {#text} at (0,0) size 248x19
          text run at (0,0) width 96: "This line should "
          text run at (96,0) width 152: "have a green background"
      RenderBlock {p} at (0,36) size 800x20 [bgcolor=#00FF00]
        RenderText {#text} at (0,0) size 248x19
          text run at (0,0) width 248: "This line should have a green background"
      RenderBlock {q} at (0,72) size 800x20 [bgcolor=#00FF00]
        RenderText {#text} at (0,0) size 248x19
          text run at (0,0) width 248: "This line should have a green background"
      RenderBlock {p} at (0,108) size 800x20 [bgcolor=#00FF00]
        RenderText {#text} at (0,0) size 248x19
          text run at (0,0) width 248: "This line should have a green background"
      RenderBlock {foo} at (0,144) size 800x20 [bgcolor=#00FF00]
        RenderText {#text} at (0,0) size 248x19
          text run at (0,0) width 248: "This line should have a green background"
