layer at (0,0) size 800x600
  RenderView at (0,0) size 800x600
layer at (0,0) size 800x546
  RenderBlock {test} at (0,0) size 800x546
    RenderBlock {ul} at (0,16) size 800x120
      RenderListItem {li} at (40,0) size 760x20 [bgcolor=#00FF00]
        RenderListMarker at (-18,0) size 7x19: bullet
        RenderText {#text} at (0,0) size 299x19
          text run at (0,0) width 299: "This first list item should have a green background"
      RenderListItem {li} at (40,20) size 760x20
        RenderListMarker at (-18,0) size 7x19: bullet
        RenderText {#text} at (0,0) size 95x19
          text run at (0,0) width 95: "Second list item"
      RenderListItem {li} at (40,40) size 760x20 [bgcolor=#00FF00]
        RenderListMarker at (-18,0) size 7x19: bullet
        RenderText {#text} at (0,0) size 304x19
          text run at (0,0) width 304: "This third list item should have a green background"
      RenderListItem {li} at (40,60) size 760x20
        RenderListMarker at (-18,0) size 7x19: bullet
        RenderText {#text} at (0,0) size 89x19
          text run at (0,0) width 89: "Fourth list item"
      RenderListItem {li} at (40,80) size 760x20 [bgcolor=#00FF00]
        RenderListMarker at (-18,0) size 7x19: bullet
        RenderText {#text} at (0,0) size 299x19
          text run at (0,0) width 299: "This fifth list item should have a green background"
      RenderListItem {li} at (40,100) size 760x20
        RenderListMarker at (-18,0) size 7x19: bullet
        RenderText {#text} at (0,0) size 79x19
          text run at (0,0) width 79: "Sixth list item"
    RenderBlock {ol} at (0,152) size 800x120
      RenderListItem {li} at (40,0) size 760x20
        RenderListMarker at (-21,0) size 16x19: "1"
        RenderText {#text} at (0,0) size 76x19
          text run at (0,0) width 76: "First list item"
      RenderListItem {li} at (40,20) size 760x20 [bgcolor=#00FF00]
        RenderListMarker at (-21,0) size 16x19: "2"
        RenderText {#text} at (0,0) size 320x19
          text run at (0,0) width 320: "This second list item should have a green background"
      RenderListItem {li} at (40,40) size 760x20
        RenderListMarker at (-21,0) size 16x19: "3"
        RenderText {#text} at (0,0) size 81x19
          text run at (0,0) width 81: "Third list item"
      RenderListItem {li} at (40,60) size 760x20 [bgcolor=#00FF00]
        RenderListMarker at (-21,0) size 16x19: "4"
        RenderText {#text} at (0,0) size 312x19
          text run at (0,0) width 312: "This fourth list item should have a green background"
      RenderListItem {li} at (40,80) size 760x20
        RenderListMarker at (-21,0) size 16x19: "5"
        RenderText {#text} at (0,0) size 76x19
          text run at (0,0) width 76: "Fifth list item"
      RenderListItem {li} at (40,100) size 760x20 [bgcolor=#00FF00]
        RenderListMarker at (-21,0) size 16x19: "6"
        RenderText {#text} at (0,0) size 304x19
          text run at (0,0) width 304: "This sixth list item should have a green background"
    RenderBlock {div} at (0,288) size 800x258
      RenderTable {table} at (0,0) size 158x160 [border: (1px outset #808080)]
        RenderTableSection (anonymous) at (1,1) size 156x158
          RenderTableRow {tr} at (0,2) size 156x24 [bgcolor=#00FF00]
            RenderTableCell {td} at (2,2) size 100x24 [border: (1px solid #000000)] [r=0 c=0 rs=1 cs=1]
              RenderText {#text} at (2,2) size 96x19
                text run at (2,2) width 96: "Green row : 1.1"
            RenderTableCell {td} at (104,2) size 24x24 [border: (1px solid #000000)] [r=0 c=1 rs=1 cs=1]
              RenderText {#text} at (2,2) size 20x19
                text run at (2,2) width 20: "1.2"
            RenderTableCell {td} at (130,2) size 24x24 [border: (1px solid #000000)] [r=0 c=2 rs=1 cs=1]
              RenderText {#text} at (2,2) size 20x19
                text run at (2,2) width 20: "1.3"
          RenderTableRow {tr} at (0,28) size 156x24 [bgcolor=#00FF00]
            RenderTableCell {td} at (2,28) size 100x24 [border: (1px solid #000000)] [r=1 c=0 rs=1 cs=1]
              RenderText {#text} at (2,2) size 96x19
                text run at (2,2) width 96: "Green row : 2.1"
            RenderTableCell {td} at (104,28) size 24x24 [border: (1px solid #000000)] [r=1 c=1 rs=1 cs=1]
              RenderText {#text} at (2,2) size 20x19
                text run at (2,2) width 20: "2.2"
            RenderTableCell {td} at (130,28) size 24x24 [border: (1px solid #000000)] [r=1 c=2 rs=1 cs=1]
              RenderText {#text} at (2,2) size 20x19
                text run at (2,2) width 20: "2.3"
          RenderTableRow {tr} at (0,54) size 156x24
            RenderTableCell {td} at (2,54) size 100x24 [border: (1px solid #000000)] [r=2 c=0 rs=1 cs=1]
              RenderText {#text} at (2,2) size 20x19
                text run at (2,2) width 20: "3.1"
            RenderTableCell {td} at (104,54) size 24x24 [border: (1px solid #000000)] [r=2 c=1 rs=1 cs=1]
              RenderText {#text} at (2,2) size 20x19
                text run at (2,2) width 20: "3.2"
            RenderTableCell {td} at (130,54) size 24x24 [border: (1px solid #000000)] [r=2 c=2 rs=1 cs=1]
              RenderText {#text} at (2,2) size 20x19
                text run at (2,2) width 20: "3.3"
          RenderTableRow {tr} at (0,80) size 156x24
            RenderTableCell {td} at (2,80) size 100x24 [border: (1px solid #000000)] [r=3 c=0 rs=1 cs=1]
              RenderText {#text} at (2,2) size 20x19
                text run at (2,2) width 20: "4.1"
            RenderTableCell {td} at (104,80) size 24x24 [border: (1px solid #000000)] [r=3 c=1 rs=1 cs=1]
              RenderText {#text} at (2,2) size 20x19
                text run at (2,2) width 20: "4.2"
            RenderTableCell {td} at (130,80) size 24x24 [border: (1px solid #000000)] [r=3 c=2 rs=1 cs=1]
              RenderText {#text} at (2,2) size 20x19
                text run at (2,2) width 20: "4.3"
          RenderTableRow {tr} at (0,106) size 156x24
            RenderTableCell {td} at (2,106) size 100x24 [border: (1px solid #000000)] [r=4 c=0 rs=1 cs=1]
              RenderText {#text} at (2,2) size 20x19
                text run at (2,2) width 20: "5.1"
            RenderTableCell {td} at (104,106) size 24x24 [border: (1px solid #000000)] [r=4 c=1 rs=1 cs=1]
              RenderText {#text} at (2,2) size 20x19
                text run at (2,2) width 20: "5.2"
            RenderTableCell {td} at (130,106) size 24x24 [border: (1px solid #000000)] [r=4 c=2 rs=1 cs=1]
              RenderText {#text} at (2,2) size 20x19
                text run at (2,2) width 20: "5.3"
          RenderTableRow {tr} at (0,132) size 156x24
            RenderTableCell {td} at (2,132) size 100x24 [border: (1px solid #000000)] [r=5 c=0 rs=1 cs=1]
              RenderText {#text} at (2,2) size 20x19
                text run at (2,2) width 20: "6.1"
            RenderTableCell {td} at (104,132) size 24x24 [border: (1px solid #000000)] [r=5 c=1 rs=1 cs=1]
              RenderText {#text} at (2,2) size 20x19
                text run at (2,2) width 20: "6.2"
            RenderTableCell {td} at (130,132) size 24x24 [border: (1px solid #000000)] [r=5 c=2 rs=1 cs=1]
              RenderText {#text} at (2,2) size 20x19
                text run at (2,2) width 20: "6.3"
      RenderBlock {p} at (0,176) size 800x0
      RenderTable {table} at (0,176) size 397x82 [border: (1px outset #808080)]
        RenderTableSection (anonymous) at (1,1) size 395x80
          RenderTableRow {tr} at (0,2) size 395x24
            RenderTableCell {td} at (2,2) size 61x24 [bgcolor=#00FF00] [border: (1px solid #000000)] [r=0 c=0 rs=1 cs=1]
              RenderText {#text} at (2,2) size 57x19
                text run at (2,2) width 57: "green cell"
            RenderTableCell {td} at (65,2) size 24x24 [border: (1px solid #000000)] [r=0 c=1 rs=1 cs=1]
              RenderText {#text} at (2,2) size 20x19
                text run at (2,2) width 20: "1.2"
            RenderTableCell {td} at (91,2) size 61x24 [bgcolor=#00FF00] [border: (1px solid #000000)] [r=0 c=2 rs=1 cs=1]
              RenderText {#text} at (2,2) size 57x19
                text run at (2,2) width 57: "green cell"
            RenderTableCell {td} at (154,2) size 61x24 [bgcolor=#00FF00] [border: (1px solid #000000)] [r=0 c=3 rs=1 cs=1]
              RenderText {#text} at (2,2) size 57x19
                text run at (2,2) width 57: "green cell"
            RenderTableCell {td} at (217,2) size 24x24 [border: (1px solid #000000)] [r=0 c=4 rs=1 cs=1]
              RenderText {#text} at (2,2) size 20x19
                text run at (2,2) width 20: "1.5"
            RenderTableCell {td} at (243,2) size 61x24 [bgcolor=#00FF00] [border: (1px solid #000000)] [r=0 c=5 rs=1 cs=1]
              RenderText {#text} at (2,2) size 57x19
                text run at (2,2) width 57: "green cell"
            RenderTableCell {td} at (306,2) size 61x24 [bgcolor=#00FF00] [border: (1px solid #000000)] [r=0 c=6 rs=1 cs=1]
              RenderText {#text} at (2,2) size 57x19
                text run at (2,2) width 57: "green cell"
            RenderTableCell {td} at (369,2) size 24x24 [border: (1px solid #000000)] [r=0 c=7 rs=1 cs=1]
              RenderText {#text} at (2,2) size 20x19
                text run at (2,2) width 20: "1.8"
          RenderTableRow {tr} at (0,28) size 395x24
            RenderTableCell {td} at (2,28) size 61x24 [bgcolor=#00FF00] [border: (1px solid #000000)] [r=1 c=0 rs=1 cs=1]
              RenderText {#text} at (2,2) size 57x19
                text run at (2,2) width 57: "green cell"
            RenderTableCell {td} at (65,28) size 24x24 [border: (1px solid #000000)] [r=1 c=1 rs=1 cs=1]
              RenderText {#text} at (2,2) size 20x19
                text run at (2,2) width 20: "2.2"
            RenderTableCell {td} at (91,28) size 61x24 [bgcolor=#00FF00] [border: (1px solid #000000)] [r=1 c=2 rs=1 cs=1]
              RenderText {#text} at (2,2) size 57x19
                text run at (2,2) width 57: "green cell"
            RenderTableCell {td} at (154,28) size 61x24 [bgcolor=#00FF00] [border: (1px solid #000000)] [r=1 c=3 rs=1 cs=1]
              RenderText {#text} at (2,2) size 57x19
                text run at (2,2) width 57: "green cell"
            RenderTableCell {td} at (217,28) size 24x24 [border: (1px solid #000000)] [r=1 c=4 rs=1 cs=1]
              RenderText {#text} at (2,2) size 20x19
                text run at (2,2) width 20: "2.5"
            RenderTableCell {td} at (243,28) size 61x24 [bgcolor=#00FF00] [border: (1px solid #000000)] [r=1 c=5 rs=1 cs=1]
              RenderText {#text} at (2,2) size 57x19
                text run at (2,2) width 57: "green cell"
            RenderTableCell {td} at (306,28) size 61x24 [bgcolor=#00FF00] [border: (1px solid #000000)] [r=1 c=6 rs=1 cs=1]
              RenderText {#text} at (2,2) size 57x19
                text run at (2,2) width 57: "green cell"
            RenderTableCell {td} at (369,28) size 24x24 [border: (1px solid #000000)] [r=1 c=7 rs=1 cs=1]
              RenderText {#text} at (2,2) size 20x19
                text run at (2,2) width 20: "2.8"
          RenderTableRow {tr} at (0,54) size 395x24
            RenderTableCell {td} at (2,54) size 61x24 [bgcolor=#00FF00] [border: (1px solid #000000)] [r=2 c=0 rs=1 cs=1]
              RenderText {#text} at (2,2) size 57x19
                text run at (2,2) width 57: "green cell"
            RenderTableCell {td} at (65,54) size 24x24 [border: (1px solid #000000)] [r=2 c=1 rs=1 cs=1]
              RenderText {#text} at (2,2) size 20x19
                text run at (2,2) width 20: "3.2"
            RenderTableCell {td} at (91,54) size 61x24 [bgcolor=#00FF00] [border: (1px solid #000000)] [r=2 c=2 rs=1 cs=1]
              RenderText {#text} at (2,2) size 57x19
                text run at (2,2) width 57: "green cell"
            RenderTableCell {td} at (154,54) size 61x24 [bgcolor=#00FF00] [border: (1px solid #000000)] [r=2 c=3 rs=1 cs=1]
              RenderText {#text} at (2,2) size 57x19
                text run at (2,2) width 57: "green cell"
            RenderTableCell {td} at (217,54) size 24x24 [border: (1px solid #000000)] [r=2 c=4 rs=1 cs=1]
              RenderText {#text} at (2,2) size 20x19
                text run at (2,2) width 20: "3.5"
            RenderTableCell {td} at (243,54) size 61x24 [bgcolor=#00FF00] [border: (1px solid #000000)] [r=2 c=5 rs=1 cs=1]
              RenderText {#text} at (2,2) size 57x19
                text run at (2,2) width 57: "green cell"
            RenderTableCell {td} at (306,54) size 61x24 [bgcolor=#00FF00] [border: (1px solid #000000)] [r=2 c=6 rs=1 cs=1]
              RenderText {#text} at (2,2) size 57x19
                text run at (2,2) width 57: "green cell"
            RenderTableCell {td} at (369,54) size 24x24 [border: (1px solid #000000)] [r=2 c=7 rs=1 cs=1]
              RenderText {#text} at (2,2) size 20x19
                text run at (2,2) width 20: "3.8"
