layer at (0,0) size 800x600
  RenderView at (0,0) size 800x600
layer at (0,0) size 800x84
  RenderBlock {test} at (0,0) size 800x84
    RenderBlock {p} at (0,16) size 800x52
      RenderButton {button} at (2,2) size 259x22 [color=#808080] [bgcolor=#00FF00] [border: (2px outset #C0C0C0)]
        RenderBlock (anonymous) at (8,3) size 243x16
          RenderText {#text} at (0,0) size 243x16
            text run at (0,0) width 243: "A button (disabled) with green background"
      RenderText {#text} at (263,3) size 4x19
        text run at (263,3) width 4: " "
      RenderBR {br} at (0,0) size 0x0
      RenderTextControl {input} at (2,28) size 249x22 [color=#545454] [bgcolor=#00FF00] [border: (2px inset #545454)]
      RenderText {#text} at (0,0) size 0x0
layer at (4,47) size 245x16 scrollWidth 256
  RenderBlock {div} at (2,3) size 245x16
    RenderText {#text} at (0,0) size 256x16
      text run at (0,0) width 256: "a text area (disabled) with green background"
