layer at (0,0) size 800x600
  RenderView at (0,0) size 800x600
layer at (0,0) size 800x196
  RenderBlock {test} at (0,0) size 800x196
    RenderBlock {p} at (0,16) size 800x20
      RenderText {#text} at (0,0) size 168x19
        text run at (0,0) width 168: "This line should be unstyled."
    RenderBlock {p} at (0,52) size 800x20 [bgcolor=#00FF00]
      RenderText {#text} at (0,0) size 252x19
        text run at (0,0) width 252: "This line should have a green background."
    RenderBlock {q} at (0,88) size 800x20 [bgcolor=#00FF00]
      RenderText {#text} at (0,0) size 252x19
        text run at (0,0) width 252: "This line should have a green background."
    RenderBlock {p} at (0,124) size 800x20
      RenderText {#text} at (0,0) size 168x19
        text run at (0,0) width 168: "This line should be unstyled."
    RenderBlock {p} at (0,160) size 800x20 [bgcolor=#00FF00]
      RenderText {#text} at (0,0) size 252x19
        text run at (0,0) width 252: "This line should have a green background."
