layer at (0,0) size 800x600
  RenderView at (0,0) size 800x600
layer at (0,0) size 800x128
  RenderBlock {test} at (0,0) size 800x128
    RenderBlock {div} at (0,0) size 800x112
      RenderBlock (anonymous) at (0,0) size 800x20
        RenderText {#text} at (0,0) size 183x19
          text run at (0,0) width 183: "This div contains 3 addresses :"
      RenderBlock {address} at (16,20) size 784x20
        RenderText {#text} at (0,0) size 256x19
          text run at (0,0) width 256: "A first address with normal background"
      RenderBlock {address} at (16,56) size 784x20 [bgcolor=#00FF00]
        RenderText {#text} at (0,0) size 355x19
          text run at (0,0) width 355: "A second address that should have a green background"
      RenderBlock {address} at (16,92) size 784x20 [bgcolor=#00FF00]
        RenderText {#text} at (0,0) size 342x19
          text run at (0,0) width 342: "A third address that should have a green background"
