layer at (0,0) size 800x600
  RenderView at (0,0) size 800x600
layer at (0,0) size 800x232
  RenderBlock {test} at (0,0) size 800x232
    RenderBlock {p} at (0,16) size 800x20 [color=#008000]
      RenderText {#text} at (0,0) size 154x19
        text run at (0,0) width 154: "This text should be green."
    RenderBlock {p} at (0,52) size 800x20 [color=#008000]
      RenderText {#text} at (0,0) size 154x19
        text run at (0,0) width 154: "This text should be green."
    RenderBlock {p} at (0,88) size 800x20 [color=#008000]
      RenderText {#text} at (0,0) size 154x19
        text run at (0,0) width 154: "This text should be green."
    RenderBlock {p} at (0,124) size 800x20 [color=#008000]
      RenderText {#text} at (0,0) size 154x19
        text run at (0,0) width 154: "This text should be green."
    RenderBlock {p} at (0,160) size 800x20 [color=#008000]
      RenderText {#text} at (0,0) size 154x19
        text run at (0,0) width 154: "This text should be green."
    RenderBlock {p} at (0,196) size 800x20 [color=#008000]
      RenderText {#text} at (0,0) size 154x19
        text run at (0,0) width 154: "This text should be green."
