layer at (0,0) size 800x600
  RenderView at (0,0) size 800x600
layer at (0,0) size 800x53
  RenderBlock {HTML} at (0,0) size 800x53
    RenderBody {BODY} at (8,16) size 784x21
      RenderBlock {P} at (0,0) size 784x21
        RenderText {#text} at (0,0) size 345x21
          text run at (0,0) width 345: "Gray div should be clipped by overflow: scroll div"
layer at (8,53) size 202x202 clip at (9,54) size 200x200 scrollHeight 516
  RenderBlock (positioned) {DIV} at (8,53) size 202x202 [border: (1px solid #000000)]
layer at (9,70) size 200x500 backgroundClip at (9,54) size 200x200 clip at (9,54) size 200x200 outlineClip at (9,54) size 200x200
  RenderBlock (relative positioned) {DIV} at (1,17) size 200x500 [bgcolor=#808080]
    RenderBlock {P} at (0,0) size 200x147
      RenderText {#text} at (0,0) size 181x147
        text run at (0,0) width 170: "ihasdkas sdkha sjdkahk"
        text run at (0,21) width 181: "dahsd jashd kashd kasdh"
        text run at (0,42) width 141: "aksd haskdh aksd h"
        text run at (0,63) width 159: "asfadjaskdh akdhaskd"
        text run at (0,84) width 137: "haskd haskd haskd"
        text run at (0,105) width 171: "haskdhka shdkasdh kas"
        text run at (0,126) width 30: "hdk "
        text run at (30,126) width 146: "asd asd asdas das d"
    RenderBlock {P} at (0,163) size 200x147
      RenderText {#text} at (0,0) size 181x147
        text run at (0,0) width 170: "ihasdkas sdkha sjdkahk"
        text run at (0,21) width 181: "dahsd jashd kashd kasdh"
        text run at (0,42) width 141: "aksd haskdh aksd h"
        text run at (0,63) width 159: "asfadjaskdh akdhaskd"
        text run at (0,84) width 137: "haskd haskd haskd"
        text run at (0,105) width 171: "haskdhka shdkasdh kas"
        text run at (0,126) width 30: "hdk "
        text run at (30,126) width 146: "asd asd asdas das d"
    RenderBlock {P} at (0,326) size 200x147
      RenderText {#text} at (0,0) size 181x147
        text run at (0,0) width 170: "ihasdkas sdkha sjdkahk"
        text run at (0,21) width 181: "dahsd jashd kashd kasdh"
        text run at (0,42) width 141: "aksd haskdh aksd h"
        text run at (0,63) width 159: "asfadjaskdh akdhaskd"
        text run at (0,84) width 137: "haskd haskd haskd"
        text run at (0,105) width 171: "haskdhka shdkasdh kas"
        text run at (0,126) width 30: "hdk "
        text run at (30,126) width 146: "asd asd asdas das d"
