layer at (0,0) size 800x600
  RenderView at (0,0) size 800x600
layer at (0,0) size 800x384
  RenderBlock {HTML} at (0,0) size 800x384
    RenderBody {BODY} at (8,16) size 784x360
      RenderBlock {P} at (0,0) size 784x42
        RenderText {#text} at (0,0) size 563x21
          text run at (0,0) width 563: "You should see a green box inside a gray box. If you see red, the test has failed."
        RenderInline {A} at (0,0) size 337x21 [color=#0000EE]
          RenderText {#text} at (0,21) size 337x21
            text run at (0,21) width 337: "https://bugs.webkit.org/show_bug.cgi?id=18885"
        RenderText {#text} at (0,0) size 0x0
layer at (8,74) size 302x302
  RenderBlock (relative positioned) {DIV} at (0,58) size 302x302 [border: (1px solid #000000)]
layer at (59,125) size 200x200
  RenderBlock {DIV} at (51,51) size 200x200 [bgcolor=#808080]
layer at (109,175) size 100x100
  RenderBlock (positioned) {DIV} at (50,50) size 100x100 [bgcolor=#FF0000]
layer at (109,175) size 100x100
  RenderBlock (positioned) {DIV} at (101,101) size 100x100 [bgcolor=#008000]
