layer at (0,0) size 800x600
  RenderView at (0,0) size 800x600
layer at (0,0) size 800x53
  RenderBlock {HTML} at (0,0) size 800x53
    RenderBody {BODY} at (8,16) size 784x21 [bgcolor=#808080]
      RenderBlock {P} at (0,0) size 784x21
        RenderText {#text} at (0,0) size 616x21
          text run at (0,0) width 616: "The portions of the view exposed by the transformed document should be painted white"
