layer at (0,0) size 360x1600
  RenderView at (0,0) size 360x240
layer at (0,0) size 360x1600
  RenderBlock {HTML} at (0,0) size 360x1600
    RenderBody {BODY} at (8,8) size 344x1584
      RenderBlock {DIV} at (0,0) size 344x792 [border: (1px solid #000000)]
        RenderBlock {H2} at (1,20) size 342x27
          RenderText {#text} at (0,0) size 194x26
            text run at (0,0) width 194: "SVG border-image"
        RenderBlock (anonymous) at (1,66) size 342x725
          RenderBlock {DIV} at (10,10) size 160x160 [border: (30px none #000000)]
          RenderText {#text} at (0,0) size 0x0
          RenderBlock {DIV} at (10,190) size 160x160 [border: (30px none #000000)]
          RenderText {#text} at (180,345) size 4x19
            text run at (180,345) width 4: " "
          RenderBR {BR} at (0,0) size 0x0
          RenderBlock {DIV} at (10,375) size 160x160 [border: (30px none #000000)]
          RenderText {#text} at (0,0) size 0x0
          RenderBlock {DIV} at (10,555) size 160x160 [border: (30px none #000000)]
          RenderText {#text} at (0,0) size 0x0
      RenderText {#text} at (0,0) size 0x0
      RenderBlock {DIV} at (0,792) size 344x792 [border: (1px solid #000000)]
        RenderBlock {H2} at (1,20) size 342x27
          RenderText {#text} at (0,0) size 196x26
            text run at (0,0) width 196: "PNG border-image"
        RenderBlock (anonymous) at (1,66) size 342x725
          RenderBlock {DIV} at (10,10) size 160x160 [border: (30px none #000000)]
          RenderText {#text} at (0,0) size 0x0
          RenderBlock {DIV} at (10,190) size 160x160 [border: (30px none #000000)]
          RenderText {#text} at (180,345) size 4x19
            text run at (180,345) width 4: " "
          RenderBR {BR} at (0,0) size 0x0
          RenderBlock {DIV} at (10,375) size 160x160 [border: (30px none #000000)]
          RenderText {#text} at (0,0) size 0x0
          RenderBlock {DIV} at (10,555) size 160x160 [border: (30px none #000000)]
          RenderText {#text} at (0,0) size 0x0
      RenderText {#text} at (0,0) size 0x0
