layer at (0,0) size 800x600
  RenderView at (0,0) size 800x600
layer at (0,0) size 800x600
  RenderBlock {HTML} at (0,0) size 800x600
    RenderBody {BODY} at (8,8) size 784x584
      RenderBlock {DIV} at (0,0) size 32x584 [border: (1px solid #FF0000)]
        RenderTextControl {INPUT} at (3,3) size 153x22 [bgcolor=#FFFFFF] [border: (2px inset #000000)]
        RenderTextControl {INPUT} at (3,29) size 153x22 [bgcolor=#FFFFFF] [border: (2px inset #000000)]
        RenderText {#text} at (0,0) size 0x0
        RenderImage {IMG} at (1,53) size 27x27 [border: (1px solid #000000)]
        RenderImage {IMG} at (1,80) size 27x27 [border: (1px solid #000000)]
        RenderText {#text} at (0,0) size 0x0
        RenderButton {INPUT} at (3,109) size 44x22 [bgcolor=#C0C0C0] [border: (2px outset #C0C0C0)]
          RenderBlock (anonymous) at (8,3) size 28x16
            RenderText at (0,0) size 28x16
              text run at (0,0) width 28: "input"
        RenderButton {INPUT} at (3,135) size 44x22 [bgcolor=#C0C0C0] [border: (2px outset #C0C0C0)]
          RenderBlock (anonymous) at (8,3) size 28x16
            RenderText at (0,0) size 28x16
              text run at (0,0) width 28: "input"
        RenderText {#text} at (0,0) size 0x0
        RenderButton {BUTTON} at (3,161) size 52x22 [bgcolor=#C0C0C0] [border: (2px outset #C0C0C0)]
          RenderBlock (anonymous) at (8,3) size 36x16
            RenderText {#text} at (0,0) size 36x16
              text run at (0,0) width 36: "button"
        RenderButton {BUTTON} at (3,187) size 52x22 [bgcolor=#C0C0C0] [border: (2px outset #C0C0C0)]
          RenderBlock (anonymous) at (8,3) size 36x16
            RenderText {#text} at (0,0) size 36x16
              text run at (0,0) width 36: "button"
        RenderText {#text} at (0,0) size 0x0
        RenderMenuList {SELECT} at (3,213) size 60x20 [bgcolor=#FFFFFF] [border: (1px solid #000000)]
          RenderBlock (anonymous) at (1,1) size 58x18
            RenderText at (4,1) size 35x16
              text run at (4,1) width 35: "select"
        RenderMenuList {SELECT} at (3,237) size 60x20 [bgcolor=#FFFFFF] [border: (1px solid #000000)]
          RenderBlock (anonymous) at (1,1) size 58x18
            RenderText at (4,1) size 35x16
              text run at (4,1) width 35: "select"
        RenderText {#text} at (0,0) size 0x0
        RenderListBox {SELECT} at (3,261) size 56x69 [bgcolor=#FFFFFF] [border: (1px inset #808080)]
        RenderListBox {SELECT} at (3,334) size 56x69 [bgcolor=#FFFFFF] [border: (1px inset #808080)]
        RenderText {#text} at (0,0) size 0x0
        RenderBlock {INPUT} at (5,408) size 13x13
        RenderBlock {INPUT} at (5,427) size 13x13
        RenderText {#text} at (0,0) size 0x0
        RenderBlock {INPUT} at (6,446) size 13x13
        RenderBlock {INPUT} at (6,462) size 13x13
        RenderText {#text} at (0,0) size 0x0
        RenderPartObject {IFRAME} at (1,475) size 27x27 [border: (1px solid #000000)]
          layer at (0,0) size 25x25
            RenderView at (0,0) size 25x25
          layer at (0,0) size 25x25
            RenderBlock {HTML} at (0,0) size 25x25
              RenderBody {BODY} at (8,8) size 9x9
        RenderPartObject {IFRAME} at (1,502) size 27x27 [border: (1px solid #000000)]
          layer at (0,0) size 25x25
            RenderView at (0,0) size 25x25
          layer at (0,0) size 25x25
            RenderBlock {HTML} at (0,0) size 25x25
              RenderBody {BODY} at (8,8) size 9x9
        RenderText {#text} at (0,0) size 0x0
        RenderEmbeddedObject {EMBED} at (1,529) size 27x27 [border: (1px solid #000000)]
        RenderEmbeddedObject {EMBED} at (1,556) size 27x27 [border: (1px solid #000000)]
        RenderText {#text} at (0,0) size 0x0
layer at (13,14) size 149x16
  RenderBlock {DIV} at (2,3) size 149x16
layer at (13,40) size 149x16
  RenderBlock {DIV} at (2,3) size 149x16
