layer at (0,0) size 785x980
  RenderView at (0,0) size 785x600
layer at (0,0) size 785x980
  RenderBlock {HTML} at (0,0) size 785x980
    RenderBody {BODY} at (8,8) size 769x964
      RenderText {#text} at (0,0) size 0x0
      RenderText {#text} at (0,0) size 0x0
layer at (10,10) size 382x960
  RenderTextControl {TEXTAREA} at (2,2) size 382x960 [color=#202020]
    RenderBlock {DIV} at (4,6) size 375x19
      RenderText {#text} at (0,0) size 84x19
        text run at (0,0) width 84: "Sample text"
