layer at (0,0) size 800x600
  RenderView at (0,0) size 800x600
layer at (0,0) size 800x600
  RenderBlock {HTML} at (0,0) size 800x600
    RenderBody {BODY} at (8,8) size 784x584
      RenderBlock {DIV} at (0,0) size 100x100 [bgcolor=#FF0000]
        RenderText {#text} at (0,0) size 98x57
          text run at (0,0) width 98: "You should not"
          text run at (0,19) width 96: "see this. Resize"
          text run at (0,38) width 79: "the window."
layer at (8,8) size 100x145
  RenderBlock (positioned) {DIV} at (0,0) size 100x145
    RenderBlock {DIV} at (0,0) size 100x100 [bgcolor=#008000]
    RenderBlock (anonymous) at (0,100) size 100x45
      RenderButton {BUTTON} at (2,2) size 80x41 [bgcolor=#C0C0C0] [border: (2px outset #C0C0C0)]
        RenderBlock (anonymous) at (17,10) size 46x19
          RenderText {#text} at (0,0) size 46x19
            text run at (0,0) width 46: "Button"
      RenderText {#text} at (0,0) size 0x0
