layer at (0,0) size 800x600
  RenderView at (0,0) size 800x600
layer at (0,0) size 800x600
  RenderBlock {HTML} at (0,0) size 800x600
    RenderBody {BODY} at (8,8) size 784x584
      RenderBlock {P} at (0,0) size 784x22
        RenderText {#text} at (0,0) size 336x22
          text run at (0,0) width 336: "This tests that the background of a table cell with "
        RenderInline {TT} at (0,0) size 103x17
          RenderText {#text} at (336,3) size 103x17
            text run at (336,3) width 103: "visibility:hidden"
        RenderText {#text} at (439,0) size 115x22
          text run at (439,0) width 115: " is never painted."
      RenderBlock {P} at (0,38) size 784x22
        RenderText {#text} at (0,0) size 492x22
          text run at (0,0) width 492: "You should see nine green squares and no red, orange or yellow squares."
      RenderTable {TABLE} at (4,76) size 27x25
        RenderTableSection {TBODY} at (0,0) size 27x25 [bgcolor=#FFFF00]
          RenderTableRow {TR} at (0,0) size 27x25 [bgcolor=#FFA500]
            RenderTableCell {TD} at (0,11) size 27x2 [bgcolor=#FF0000] [r=0 c=0 rs=1 cs=1]
      RenderTable {TABLE} at (4,105) size 27x25 [bgcolor=#FF0000]
        RenderTableSection {TBODY} at (0,0) size 27x25 [bgcolor=#FFFF00]
          RenderTableRow {TR} at (0,0) size 27x25 [bgcolor=#FFA500]
            RenderTableCell {TD} at (0,11) size 27x2 [bgcolor=#008000] [r=0 c=0 rs=1 cs=1]
      RenderTable {TABLE} at (4,134) size 27x25 [bgcolor=#FF0000]
        RenderTableSection {TBODY} at (0,0) size 27x25 [bgcolor=#FFFF00]
          RenderTableRow {TR} at (0,0) size 27x25 [bgcolor=#FFA500]
            RenderTableCell {TD} at (0,11) size 27x2 [bgcolor=#008000] [r=0 c=0 rs=1 cs=1]
      RenderTable {TABLE} at (4,163) size 27x25 [bgcolor=#FF0000]
        RenderTableSection {TBODY} at (0,0) size 27x25 [bgcolor=#FFFF00]
          RenderTableRow {TR} at (0,0) size 27x25 [bgcolor=#FFA500]
            RenderTableCell {TD} at (0,11) size 27x2 [bgcolor=#008000] [r=0 c=0 rs=1 cs=1]
      RenderTable {TABLE} at (4,192) size 27x25 [bgcolor=#008000]
        RenderTableSection {TBODY} at (0,0) size 27x25 [bgcolor=#FF0000]
          RenderTableRow {TR} at (0,0) size 27x25 [bgcolor=#FFA500]
            RenderTableCell {TD} at (0,11) size 27x2 [r=0 c=0 rs=1 cs=1]
      RenderTable {TABLE} at (4,221) size 27x25 [bgcolor=#FF0000]
        RenderTableSection {TBODY} at (0,0) size 27x25 [bgcolor=#FFFF00]
          RenderTableRow {TR} at (0,0) size 27x25 [bgcolor=#FFA500]
            RenderTableCell {TD} at (0,11) size 27x2 [bgcolor=#008000] [r=0 c=0 rs=1 cs=1]
      RenderTable {TABLE} at (4,250) size 27x25 [bgcolor=#FF0000]
        RenderTableSection {TBODY} at (0,0) size 27x25 [bgcolor=#FFFF00]
          RenderTableRow {TR} at (0,0) size 27x25 [bgcolor=#FFA500]
            RenderTableCell {TD} at (0,11) size 27x2 [bgcolor=#008000] [r=0 c=0 rs=1 cs=1]
      RenderTable {TABLE} at (4,279) size 27x25 [bgcolor=#008000]
        RenderTableSection {TBODY} at (0,0) size 27x25 [bgcolor=#FFFF00]
          RenderTableRow {TR} at (0,0) size 27x25 [bgcolor=#FFA500]
            RenderTableCell {TD} at (0,11) size 27x2 [bgcolor=#FF0000] [r=0 c=0 rs=1 cs=1]
      RenderTable {TABLE} at (4,308) size 27x25 [bgcolor=#FF0000]
        RenderTableSection {TBODY} at (0,0) size 27x25 [bgcolor=#FFFF00]
          RenderTableRow {TR} at (0,0) size 27x25 [bgcolor=#FFA500]
            RenderTableCell {TD} at (0,11) size 27x2 [bgcolor=#008000] [r=0 c=0 rs=1 cs=1]
      RenderTable {TABLE} at (4,337) size 27x25 [bgcolor=#008000]
        RenderTableSection {TBODY} at (0,0) size 27x25 [bgcolor=#FFFF00]
          RenderTableRow {TR} at (0,0) size 27x25 [bgcolor=#FFA500]
            RenderTableCell {TD} at (0,11) size 27x2 [bgcolor=#FF0000] [r=0 c=0 rs=1 cs=1]
