layer at (0,0) size 800x600
  RenderView at (0,0) size 800x600
layer at (0,0) size 800x43
  RenderBlock {HTML} at (0,0) size 800x43
    RenderBody {BODY} at (8,8) size 784x27
      RenderBlock {DIV} at (0,0) size 784x27
        RenderFileUploadControl {INPUT} at (3,2) size 238x23 "No file chosen"
          RenderButton {INPUT} at (0,0) size 85x22 [bgcolor=#DDDDDD] [border: (2px outset #DDDDDD)]
            RenderBlock (anonymous) at (8,3) size 69x16
              RenderText at (0,0) size 69x16
                text run at (0,0) width 69: "Choose File"
