layer at (0,0) size 800x600
  RenderView at (0,0) size 800x600
layer at (0,0) size 800x600
  RenderBlock {HTML} at (0,0) size 800x600
    RenderBody {BODY} at (8,8) size 784x584
      RenderTable {TABLE} at (0,0) size 784x125 [border: (1px outset #808080)]
        RenderTableSection {TBODY} at (1,1) size 782x123
          RenderTableRow {TR} at (0,2) size 782x119
            RenderTableCell {TD} at (2,2) size 74x119 [border: (1px inset #808080)] [r=0 c=0 rs=1 cs=1]
              RenderText {#text} at (2,2) size 70x76
                text run at (2,2) width 59: "check for"
                text run at (2,21) width 55: "handling"
                text run at (2,40) width 13: "of"
                text run at (2,59) width 70: "whitespace"
              RenderImage {IMG} at (2,78) size 20x16
              RenderText {#text} at (22,79) size 68x38
                text run at (22,79) width 48: " around"
                text run at (2,98) width 61: "the image"
            RenderTableCell {TD} at (78,50) size 702x23 [border: (1px inset #808080)] [r=0 c=1 rs=1 cs=1]
              RenderText {#text} at (2,2) size 12x19
                text run at (2,2) width 12: "X"
      RenderBlock {HR} at (0,133) size 77x2 [border: (1px inset #000000)]
      RenderTable {TABLE} at (0,143) size 784x159 [border: (1px outset #808080)]
        RenderTableSection {TBODY} at (1,1) size 782x157
          RenderTableRow {TR} at (0,2) size 782x153
            RenderTableCell {TD} at (2,2) size 24x153 [border: (1px inset #808080)] [r=0 c=0 rs=1 cs=1]
              RenderText {#text} at (2,2) size 16x76
                text run at (2,2) width 14: "aa"
                text run at (2,21) width 16: "bb"
                text run at (2,40) width 14: "cc"
                text run at (2,59) width 16: "dd"
              RenderImage {IMG} at (2,78) size 20x16
              RenderText {#text} at (2,94) size 16x57
                text run at (2,94) width 14: "ee"
                text run at (2,113) width 10: "ff"
                text run at (2,132) width 16: "gg"
            RenderTableCell {TD} at (28,67) size 752x23 [border: (1px inset #808080)] [r=0 c=1 rs=1 cs=1]
              RenderText {#text} at (2,2) size 12x19
                text run at (2,2) width 12: "X"
      RenderBlock {HR} at (0,310) size 77x2 [border: (1px inset #000000)]
      RenderTable {TABLE} at (0,320) size 784x49 [border: (1px outset #808080)]
        RenderTableSection {TBODY} at (1,1) size 782x47
          RenderTableRow {TR} at (0,2) size 782x43
            RenderTableCell {TD} at (2,2) size 213x43 [border: (1px inset #808080)] [r=0 c=0 rs=1 cs=1]
              RenderText {#text} at (2,2) size 209x19
                text run at (2,2) width 209: "checkforhandlingofnowhitespace"
              RenderImage {IMG} at (2,21) size 20x16
              RenderText {#text} at (22,22) size 105x19
                text run at (22,22) width 105: " aroundtheimage"
            RenderTableCell {TD} at (217,12) size 563x23 [border: (1px inset #808080)] [r=0 c=1 rs=1 cs=1]
              RenderText {#text} at (2,2) size 12x19
                text run at (2,2) width 12: "X"
      RenderBlock {HR} at (0,377) size 77x2 [border: (1px inset #000000)]
      RenderTable {TABLE} at (0,387) size 784x30 [border: (1px outset #808080)]
        RenderTableSection {TBODY} at (1,1) size 782x28
          RenderTableRow {TR} at (0,2) size 782x24
            RenderTableCell {TD} at (2,2) size 334x24 [border: (1px inset #808080)] [r=0 c=0 rs=1 cs=1]
              RenderText {#text} at (2,3) size 209x19
                text run at (2,3) width 209: "checkforhandlingofnowhitespace"
              RenderImage {IMG} at (211,2) size 20x16
              RenderText {#text} at (231,3) size 101x19
                text run at (231,3) width 101: "aroundtheimage"
            RenderTableCell {TD} at (338,2) size 442x23 [border: (1px inset #808080)] [r=0 c=1 rs=1 cs=1]
              RenderText {#text} at (2,2) size 12x19
                text run at (2,2) width 12: "X"
