layer at (0,0) size 785x1380
  RenderView at (0,0) size 785x600
layer at (0,0) size 785x1380
  RenderBlock {HTML} at (0,0) size 785x1380
    RenderBody {BODY} at (8,8) size 769x1356
      RenderBlock {CENTER} at (0,0) size 769x1356
        RenderBlock (anonymous) at (0,0) size 769x19
          RenderText {#text} at (252,0) size 265x19
            text run at (252,0) width 265: "Build 1999/10/27/08 Win95 - Daily Build"
          RenderBR {BR} at (517,15) size 0x0
        RenderTable {TABLE} at (74,19) size 621x1207 [border: (10px outset #808080)]
          RenderBlock {CAPTION} at (0,0) size 601x19
            RenderText {#text} at (258,0) size 85x19
              text run at (258,0) width 85: "January 2000"
          RenderTableSection {TBODY} at (10,29) size 601x1168
            RenderTableRow {TR} at (0,0) size 601x449
              RenderTableCell {TD} at (0,0) size 87x23 [color=#FFFFFF] [bgcolor=#404080] [border: (1px inset #808080)] [r=0 c=0 rs=1 cs=1]
                RenderText {#text} at (2,2) size 5x19
                  text run at (2,2) width 5: "-"
              RenderTableCell {TD} at (87,0) size 84x23 [color=#FFFFFF] [bgcolor=#404080] [border: (1px inset #808080)] [r=0 c=1 rs=1 cs=1]
                RenderText {#text} at (2,2) size 5x19
                  text run at (2,2) width 5: "-"
              RenderTableCell {TD} at (171,0) size 84x23 [color=#FFFFFF] [bgcolor=#404080] [border: (1px inset #808080)] [r=0 c=2 rs=1 cs=1]
                RenderText {#text} at (2,2) size 5x19
                  text run at (2,2) width 5: "-"
              RenderTableCell {TD} at (255,0) size 84x23 [color=#FFFFFF] [bgcolor=#404080] [border: (1px inset #808080)] [r=0 c=3 rs=1 cs=1]
                RenderText {#text} at (2,2) size 5x19
                  text run at (2,2) width 5: "-"
              RenderTableCell {TD} at (339,0) size 84x23 [color=#FFFFFF] [bgcolor=#404080] [border: (1px inset #808080)] [r=0 c=4 rs=1 cs=1]
                RenderText {#text} at (2,2) size 5x19
                  text run at (2,2) width 5: "-"
              RenderTableCell {TD} at (423,0) size 86x23 [color=#FFFFFF] [bgcolor=#404080] [border: (1px inset #808080)] [r=0 c=5 rs=1 cs=1]
                RenderText {#text} at (2,2) size 5x19
                  text run at (2,2) width 5: "-"
              RenderTableCell {TD} at (509,0) size 92x449 [color=#FFFFFF] [bgcolor=#404080] [border: (1px inset #808080)] [r=0 c=6 rs=1 cs=1]
                RenderTable {TABLE} at (2,2) size 88x426 [color=#000000]
                  RenderTableSection {TBODY} at (0,0) size 88x426
                    RenderTableRow {TR} at (0,0) size 88x426
                      RenderTableCell {TD} at (0,0) size 18x26 [color=#FFFF00] [bgcolor=#404080] [r=0 c=0 rs=1 cs=1]
                        RenderText {#text} at (1,1) size 16x24
                          text run at (1,1) width 16: "1."
                      RenderTableCell {TD} at (18,0) size 70x426 [color=#FFFFFF] [bgcolor=#404080] [r=0 c=1 rs=1 cs=1]
                        RenderTable {TABLE} at (1,1) size 68x424 [color=#000000]
                          RenderTableSection {TBODY} at (0,0) size 68x424 [bgcolor=#FFFF00]
                            RenderTableRow {TR} at (0,0) size 68x424
                              RenderTableCell {TD} at (0,0) size 68x424 [color=#FFFFFF] [bgcolor=#404080] [r=0 c=0 rs=1 cs=1]
                                RenderBlock {P} at (1,1) size 66x76
                                  RenderText {#text} at (0,0) size 48x76
                                    text run at (0,0) width 27: "Test"
                                    text run at (0,19) width 46: "mozilla"
                                    text run at (0,38) width 48: "one last"
                                    text run at (0,57) width 31: "time."
                                RenderBlock {P} at (1,93) size 66x57
                                  RenderText {#text} at (0,0) size 37x57
                                    text run at (0,0) width 31: "New"
                                    text run at (0,19) width 37: "Years"
                                    text run at (0,38) width 27: "day."
                                RenderBlock {P} at (1,166) size 66x19
                                  RenderText {#text} at (0,0) size 47x19
                                    text run at (0,0) width 47: "Y2K!!!"
                                RenderBlock {P} at (1,201) size 66x57
                                  RenderText {#text} at (0,0) size 60x57
                                    text run at (0,0) width 29: "Find"
                                    text run at (0,19) width 48: "Abacus"
                                    text run at (0,38) width 60: "from attic"
                                RenderBlock {P} at (1,274) size 66x76
                                  RenderText {#text} at (0,0) size 52x76
                                    text run at (0,0) width 44: "Eat Ice"
                                    text run at (0,19) width 42: "Cream"
                                    text run at (0,38) width 52: "before it"
                                    text run at (0,57) width 33: "melts"
                                RenderBlock {P} at (1,366) size 66x57
                                  RenderText {#text} at (0,0) size 51x57
                                    text run at (0,0) width 33: "Lock"
                                    text run at (0,19) width 51: "doors &"
                                    text run at (0,38) width 27: "hide"
                RenderBlock (anonymous) at (2,428) size 88x19
                  RenderBR {BR} at (0,0) size 0x19
            RenderTableRow {TR} at (0,449) size 601x287
              RenderTableCell {TD} at (0,449) size 87x211 [color=#FFFFFF] [bgcolor=#404080] [border: (1px inset #808080)] [r=1 c=0 rs=1 cs=1]
                RenderTable {TABLE} at (2,2) size 83x188 [color=#000000]
                  RenderTableSection {TBODY} at (0,0) size 83x188
                    RenderTableRow {TR} at (0,0) size 83x188
                      RenderTableCell {TD} at (0,0) size 18x26 [color=#FFFF00] [bgcolor=#404080] [r=0 c=0 rs=1 cs=1]
                        RenderText {#text} at (1,1) size 16x24
                          text run at (1,1) width 16: "2."
                      RenderTableCell {TD} at (18,0) size 65x188 [color=#FFFFFF] [bgcolor=#404080] [r=0 c=1 rs=1 cs=1]
                        RenderTable {TABLE} at (1,1) size 63x186 [color=#000000]
                          RenderTableSection {TBODY} at (0,0) size 63x186 [bgcolor=#FFFF00]
                            RenderTableRow {TR} at (0,0) size 63x186
                              RenderTableCell {TD} at (0,0) size 63x186 [color=#FFFFFF] [bgcolor=#404080] [r=0 c=0 rs=1 cs=1]
                                RenderBlock {P} at (1,1) size 61x57
                                  RenderText {#text} at (0,0) size 61x57
                                    text run at (0,0) width 56: "Look for"
                                    text run at (0,19) width 32: "Y2K"
                                    text run at (0,38) width 61: "survivers."
                                RenderBlock {P} at (1,74) size 61x38
                                  RenderText {#text} at (0,0) size 57x38
                                    text run at (0,0) width 35: "Build"
                                    text run at (0,19) width 57: "outhouse"
                                RenderBlock {P} at (1,128) size 61x57
                                  RenderText {#text} at (0,0) size 45x57
                                    text run at (0,0) width 21: "Eat"
                                    text run at (0,19) width 45: "reserve"
                                    text run at (0,38) width 29: "food"
                RenderBlock (anonymous) at (2,190) size 83x19
                  RenderBR {BR} at (0,0) size 0x19
              RenderTableCell {TD} at (87,449) size 84x84 [color=#FFFFFF] [bgcolor=#404080] [border: (1px inset #808080)] [r=1 c=1 rs=1 cs=1]
                RenderTable {TABLE} at (2,2) size 80x80 [color=#000000]
                  RenderTableSection {TBODY} at (0,0) size 80x80
                    RenderTableRow {TR} at (0,0) size 80x80
                      RenderTableCell {TD} at (0,0) size 18x26 [color=#FFFF00] [bgcolor=#404080] [r=0 c=0 rs=1 cs=1]
                        RenderText {#text} at (1,1) size 16x24
                          text run at (1,1) width 16: "3."
                      RenderTableCell {TD} at (18,0) size 62x80 [color=#FFFFFF] [bgcolor=#404080] [r=0 c=1 rs=1 cs=1]
                        RenderTable {TABLE} at (1,1) size 60x78 [color=#000000]
                          RenderTableSection {TBODY} at (0,0) size 60x78 [bgcolor=#FFFF00]
                            RenderTableRow {TR} at (0,0) size 60x78
                              RenderTableCell {TD} at (0,0) size 60x78 [color=#FFFFFF] [bgcolor=#404080] [r=0 c=0 rs=1 cs=1]
                                RenderBlock {P} at (1,1) size 58x76
                                  RenderText {#text} at (0,0) size 58x76
                                    text run at (0,0) width 35: "Write"
                                    text run at (0,19) width 47: "letter to"
                                    text run at (0,38) width 45: "electric"
                                    text run at (0,57) width 58: "company"
              RenderTableCell {TD} at (171,449) size 84x249 [color=#FFFFFF] [bgcolor=#404080] [border: (1px inset #808080)] [r=1 c=2 rs=1 cs=1]
                RenderTable {TABLE} at (2,2) size 80x245 [color=#000000]
                  RenderTableSection {TBODY} at (0,0) size 80x245
                    RenderTableRow {TR} at (0,0) size 80x245
                      RenderTableCell {TD} at (0,0) size 18x26 [color=#FFFF00] [bgcolor=#404080] [r=0 c=0 rs=1 cs=1]
                        RenderText {#text} at (1,1) size 16x24
                          text run at (1,1) width 16: "4."
                      RenderTableCell {TD} at (18,0) size 62x245 [color=#FFFFFF] [bgcolor=#404080] [r=0 c=1 rs=1 cs=1]
                        RenderTable {TABLE} at (1,1) size 60x243 [color=#000000]
                          RenderTableSection {TBODY} at (0,0) size 60x243 [bgcolor=#FFFF00]
                            RenderTableRow {TR} at (0,0) size 60x243
                              RenderTableCell {TD} at (0,0) size 60x243 [color=#FFFFFF] [bgcolor=#404080] [r=0 c=0 rs=1 cs=1]
                                RenderBlock {P} at (1,1) size 58x57
                                  RenderText {#text} at (0,0) size 55x57
                                    text run at (0,0) width 55: "Send the"
                                    text run at (0,19) width 29: "snail"
                                    text run at (0,38) width 27: "mail"
                                RenderBlock {P} at (1,74) size 58x95
                                  RenderText {#text} at (0,0) size 56x95
                                    text run at (0,0) width 36: "Go to"
                                    text run at (0,19) width 33: "work"
                                    text run at (0,38) width 56: "and stare"
                                    text run at (0,57) width 45: "at dead"
                                    text run at (0,76) width 49: "monitor"
                                RenderBlock {P} at (1,185) size 58x57
                                  RenderText {#text} at (0,0) size 45x57
                                    text run at (0,0) width 21: "Eat"
                                    text run at (0,19) width 45: "reserve"
                                    text run at (0,38) width 29: "food"
              RenderTableCell {TD} at (255,449) size 84x176 [color=#FFFFFF] [bgcolor=#404080] [border: (1px inset #808080)] [r=1 c=3 rs=1 cs=1]
                RenderTable {TABLE} at (2,2) size 80x172 [color=#000000]
                  RenderTableSection {TBODY} at (0,0) size 80x172
                    RenderTableRow {TR} at (0,0) size 80x172
                      RenderTableCell {TD} at (0,0) size 18x26 [color=#FFFF00] [bgcolor=#404080] [r=0 c=0 rs=1 cs=1]
                        RenderText {#text} at (1,1) size 16x24
                          text run at (1,1) width 16: "5."
                      RenderTableCell {TD} at (18,0) size 62x172 [color=#FFFFFF] [bgcolor=#404080] [r=0 c=1 rs=1 cs=1]
                        RenderTable {TABLE} at (1,1) size 60x170 [color=#000000]
                          RenderTableSection {TBODY} at (0,0) size 60x170 [bgcolor=#FFFF00]
                            RenderTableRow {TR} at (0,0) size 60x170
                              RenderTableCell {TD} at (0,0) size 60x170 [color=#FFFFFF] [bgcolor=#404080] [r=0 c=0 rs=1 cs=1]
                                RenderBlock {P} at (1,1) size 58x95
                                  RenderText {#text} at (0,0) size 56x95
                                    text run at (0,0) width 36: "Go to"
                                    text run at (0,19) width 33: "work"
                                    text run at (0,38) width 56: "and stare"
                                    text run at (0,57) width 45: "at dead"
                                    text run at (0,76) width 49: "monitor"
                                RenderBlock {P} at (1,112) size 58x57
                                  RenderText {#text} at (0,0) size 45x57
                                    text run at (0,0) width 21: "Eat"
                                    text run at (0,19) width 45: "reserve"
                                    text run at (0,38) width 29: "food"
              RenderTableCell {TD} at (339,449) size 84x176 [color=#FFFFFF] [bgcolor=#404080] [border: (1px inset #808080)] [r=1 c=4 rs=1 cs=1]
                RenderTable {TABLE} at (2,2) size 80x172 [color=#000000]
                  RenderTableSection {TBODY} at (0,0) size 80x172
                    RenderTableRow {TR} at (0,0) size 80x172
                      RenderTableCell {TD} at (0,0) size 18x26 [color=#FFFF00] [bgcolor=#404080] [r=0 c=0 rs=1 cs=1]
                        RenderText {#text} at (1,1) size 16x24
                          text run at (1,1) width 16: "6."
                      RenderTableCell {TD} at (18,0) size 62x172 [color=#FFFFFF] [bgcolor=#404080] [r=0 c=1 rs=1 cs=1]
                        RenderTable {TABLE} at (1,1) size 60x170 [color=#000000]
                          RenderTableSection {TBODY} at (0,0) size 60x170 [bgcolor=#FFFF00]
                            RenderTableRow {TR} at (0,0) size 60x170
                              RenderTableCell {TD} at (0,0) size 60x170 [color=#FFFFFF] [bgcolor=#404080] [r=0 c=0 rs=1 cs=1]
                                RenderBlock {P} at (1,1) size 58x95
                                  RenderText {#text} at (0,0) size 56x95
                                    text run at (0,0) width 36: "Go to"
                                    text run at (0,19) width 33: "work"
                                    text run at (0,38) width 56: "and stare"
                                    text run at (0,57) width 45: "at dead"
                                    text run at (0,76) width 49: "monitor"
                                RenderBlock {P} at (1,112) size 58x57
                                  RenderText {#text} at (0,0) size 45x57
                                    text run at (0,0) width 21: "Eat"
                                    text run at (0,19) width 45: "reserve"
                                    text run at (0,38) width 29: "food"
              RenderTableCell {TD} at (423,449) size 86x249 [color=#FFFFFF] [bgcolor=#404080] [border: (1px inset #808080)] [r=1 c=5 rs=1 cs=1]
                RenderTable {TABLE} at (2,2) size 82x245 [color=#000000]
                  RenderTableSection {TBODY} at (0,0) size 82x245
                    RenderTableRow {TR} at (0,0) size 82x245
                      RenderTableCell {TD} at (0,0) size 18x26 [color=#FFFF00] [bgcolor=#404080] [r=0 c=0 rs=1 cs=1]
                        RenderText {#text} at (1,1) size 16x24
                          text run at (1,1) width 16: "7."
                      RenderTableCell {TD} at (18,0) size 64x245 [color=#FFFFFF] [bgcolor=#404080] [r=0 c=1 rs=1 cs=1]
                        RenderTable {TABLE} at (1,1) size 62x243 [color=#000000]
                          RenderTableSection {TBODY} at (0,0) size 62x243 [bgcolor=#FFFF00]
                            RenderTableRow {TR} at (0,0) size 62x243
                              RenderTableCell {TD} at (0,0) size 62x243 [color=#FFFFFF] [bgcolor=#404080] [r=0 c=0 rs=1 cs=1]
                                RenderBlock {P} at (1,1) size 60x76
                                  RenderText {#text} at (0,0) size 60x76
                                    text run at (0,0) width 20: "Go"
                                    text run at (0,19) width 47: "internet"
                                    text run at (0,38) width 60: "exploring"
                                    text run at (0,57) width 55: "for food."
                                RenderBlock {P} at (1,93) size 60x76
                                  RenderText {#text} at (0,0) size 60x76
                                    text run at (0,0) width 48: "Internet"
                                    text run at (0,19) width 60: "exploring"
                                    text run at (0,38) width 44: "doesn't"
                                    text run at (0,57) width 37: "work."
                                RenderBlock {P} at (1,185) size 60x57
                                  RenderText {#text} at (0,0) size 45x57
                                    text run at (0,0) width 21: "Eat"
                                    text run at (0,19) width 45: "reserve"
                                    text run at (0,38) width 29: "food"
              RenderTableCell {TD} at (509,449) size 92x287 [color=#FFFFFF] [bgcolor=#404080] [border: (1px inset #808080)] [r=1 c=6 rs=1 cs=1]
                RenderTable {TABLE} at (2,2) size 88x283 [color=#000000]
                  RenderTableSection {TBODY} at (0,0) size 88x283
                    RenderTableRow {TR} at (0,0) size 88x283
                      RenderTableCell {TD} at (0,0) size 18x26 [color=#FFFF00] [bgcolor=#404080] [r=0 c=0 rs=1 cs=1]
                        RenderText {#text} at (1,1) size 16x24
                          text run at (1,1) width 16: "8."
                      RenderTableCell {TD} at (18,0) size 70x283 [color=#FFFFFF] [bgcolor=#404080] [r=0 c=1 rs=1 cs=1]
                        RenderTable {TABLE} at (1,1) size 68x281 [color=#000000]
                          RenderTableSection {TBODY} at (0,0) size 68x281 [bgcolor=#FFFF00]
                            RenderTableRow {TR} at (0,0) size 68x281
                              RenderTableCell {TD} at (0,0) size 68x281 [color=#FFFFFF] [bgcolor=#404080] [r=0 c=0 rs=1 cs=1]
                                RenderBlock {P} at (1,1) size 66x95
                                  RenderText {#text} at (0,0) size 60x95
                                    text run at (0,0) width 20: "Go"
                                    text run at (0,19) width 47: "internet"
                                    text run at (0,38) width 60: "exploring"
                                    text run at (0,57) width 51: "for food"
                                    text run at (0,76) width 38: "again."
                                RenderBlock {P} at (1,112) size 66x95
                                  RenderText {#text} at (0,0) size 60x95
                                    text run at (0,0) width 48: "Internet"
                                    text run at (0,19) width 60: "exploring"
                                    text run at (0,38) width 44: "doesn't"
                                    text run at (0,57) width 33: "work"
                                    text run at (0,76) width 38: "again."
                                RenderBlock {P} at (1,223) size 66x57
                                  RenderText {#text} at (0,0) size 45x57
                                    text run at (0,0) width 21: "Eat"
                                    text run at (0,19) width 45: "reserve"
                                    text run at (0,38) width 29: "food"
            RenderTableRow {TR} at (0,736) size 601x379
              RenderTableCell {TD} at (0,736) size 87x379 [color=#FFFFFF] [bgcolor=#404080] [border: (1px inset #808080)] [r=2 c=0 rs=1 cs=1]
                RenderTable {TABLE} at (2,2) size 83x356 [color=#000000]
                  RenderTableSection {TBODY} at (0,0) size 83x356
                    RenderTableRow {TR} at (0,0) size 83x356
                      RenderTableCell {TD} at (0,0) size 18x26 [color=#FFFF00] [bgcolor=#404080] [r=0 c=0 rs=1 cs=1]
                        RenderText {#text} at (1,1) size 16x24
                          text run at (1,1) width 16: "9."
                      RenderTableCell {TD} at (18,0) size 65x356 [color=#FFFFFF] [bgcolor=#404080] [r=0 c=1 rs=1 cs=1]
                        RenderTable {TABLE} at (1,1) size 63x354 [color=#000000]
                          RenderTableSection {TBODY} at (0,0) size 63x354 [bgcolor=#FFFF00]
                            RenderTableRow {TR} at (0,0) size 63x354
                              RenderTableCell {TD} at (0,0) size 63x354 [color=#FFFFFF] [bgcolor=#404080] [r=0 c=0 rs=1 cs=1]
                                RenderBlock {P} at (1,1) size 61x76
                                  RenderText {#text} at (0,0) size 60x76
                                    text run at (0,0) width 20: "Go"
                                    text run at (0,19) width 47: "internet"
                                    text run at (0,38) width 60: "exploring"
                                    text run at (0,57) width 55: "for food."
                                RenderBlock {P} at (1,93) size 61x95
                                  RenderText {#text} at (0,0) size 60x95
                                    text run at (0,0) width 48: "Internet"
                                    text run at (0,19) width 60: "exploring"
                                    text run at (0,38) width 22: "still"
                                    text run at (0,57) width 44: "doesn't"
                                    text run at (0,76) width 37: "work."
                                RenderBlock {P} at (1,204) size 61x76
                                  RenderText {#text} at (0,0) size 60x76
                                    text run at (0,0) width 51: "Give up"
                                    text run at (0,19) width 47: "internet"
                                    text run at (0,38) width 60: "exploring"
                                    text run at (0,57) width 55: "for food."
                                RenderBlock {P} at (1,296) size 61x57
                                  RenderText {#text} at (0,0) size 45x57
                                    text run at (0,0) width 21: "Eat"
                                    text run at (0,19) width 45: "reserve"
                                    text run at (0,38) width 29: "food"
                RenderBlock (anonymous) at (2,358) size 83x19
                  RenderBR {BR} at (0,0) size 0x19
              RenderTableCell {TD} at (87,736) size 84x303 [color=#FFFFFF] [bgcolor=#404080] [border: (1px inset #808080)] [r=2 c=1 rs=1 cs=1]
                RenderTable {TABLE} at (2,2) size 80x299 [color=#000000]
                  RenderTableSection {TBODY} at (0,0) size 80x299
                    RenderTableRow {TR} at (0,0) size 80x299
                      RenderTableCell {TD} at (0,0) size 29x26 [color=#FFFF00] [bgcolor=#404080] [r=0 c=0 rs=1 cs=1]
                        RenderText {#text} at (1,1) size 27x24
                          text run at (1,1) width 27: "10."
                      RenderTableCell {TD} at (29,0) size 51x299 [color=#FFFFFF] [bgcolor=#404080] [r=0 c=1 rs=1 cs=1]
                        RenderTable {TABLE} at (1,1) size 49x297 [color=#000000]
                          RenderTableSection {TBODY} at (0,0) size 49x297 [bgcolor=#FFFF00]
                            RenderTableRow {TR} at (0,0) size 49x297
                              RenderTableCell {TD} at (0,0) size 49x297 [color=#FFFFFF] [bgcolor=#404080] [r=0 c=0 rs=1 cs=1]
                                RenderBlock {P} at (1,1) size 47x76
                                  RenderText {#text} at (0,0) size 41x76
                                    text run at (0,0) width 41: "Power"
                                    text run at (0,19) width 40: "comes"
                                    text run at (0,38) width 30: "back"
                                    text run at (0,57) width 20: "on."
                                RenderBlock {P} at (1,93) size 47x95
                                  RenderText {#text} at (0,0) size 46x95
                                    text run at (0,0) width 21: "Put"
                                    text run at (0,19) width 35: "trusty"
                                    text run at (0,38) width 43: "abacus"
                                    text run at (0,57) width 46: "back in"
                                    text run at (0,76) width 26: "attic"
                                RenderBlock {P} at (1,204) size 47x57
                                  RenderText {#text} at (0,0) size 46x57
                                    text run at (0,0) width 32: "Grab"
                                    text run at (0,19) width 32: "latest"
                                    text run at (0,38) width 46: "mozilla"
                                RenderBlock {P} at (1,277) size 47x19
                                  RenderText {#text} at (0,0) size 39x19
                                    text run at (0,0) width 39: "Test it"
              RenderTableCell {TD} at (171,736) size 84x100 [color=#FFFFFF] [bgcolor=#404080] [border: (1px inset #808080)] [r=2 c=2 rs=1 cs=1]
                RenderTable {TABLE} at (2,2) size 80x96 [color=#000000]
                  RenderTableSection {TBODY} at (0,0) size 80x96
                    RenderTableRow {TR} at (0,0) size 80x96
                      RenderTableCell {TD} at (0,0) size 29x26 [color=#FFFF00] [bgcolor=#404080] [r=0 c=0 rs=1 cs=1]
                        RenderText {#text} at (1,1) size 27x24
                          text run at (1,1) width 27: "11."
                      RenderTableCell {TD} at (29,0) size 51x96 [color=#FFFFFF] [bgcolor=#404080] [r=0 c=1 rs=1 cs=1]
                        RenderTable {TABLE} at (1,1) size 49x94 [color=#000000]
                          RenderTableSection {TBODY} at (0,0) size 49x94 [bgcolor=#FFFF00]
                            RenderTableRow {TR} at (0,0) size 49x94
                              RenderTableCell {TD} at (0,0) size 49x94 [color=#FFFFFF] [bgcolor=#404080] [r=0 c=0 rs=1 cs=1]
                                RenderBlock {P} at (1,1) size 47x57
                                  RenderText {#text} at (0,0) size 46x57
                                    text run at (0,0) width 32: "Grab"
                                    text run at (0,19) width 32: "latest"
                                    text run at (0,38) width 46: "mozilla"
                                RenderBlock {P} at (1,74) size 47x19
                                  RenderText {#text} at (0,0) size 39x19
                                    text run at (0,0) width 39: "Test it"
              RenderTableCell {TD} at (255,736) size 84x100 [color=#FFFFFF] [bgcolor=#404080] [border: (1px inset #808080)] [r=2 c=3 rs=1 cs=1]
                RenderTable {TABLE} at (2,2) size 80x96 [color=#000000]
                  RenderTableSection {TBODY} at (0,0) size 80x96
                    RenderTableRow {TR} at (0,0) size 80x96
                      RenderTableCell {TD} at (0,0) size 29x26 [color=#FFFF00] [bgcolor=#404080] [r=0 c=0 rs=1 cs=1]
                        RenderText {#text} at (1,1) size 27x24
                          text run at (1,1) width 27: "12."
                      RenderTableCell {TD} at (29,0) size 51x96 [color=#FFFFFF] [bgcolor=#404080] [r=0 c=1 rs=1 cs=1]
                        RenderTable {TABLE} at (1,1) size 49x94 [color=#000000]
                          RenderTableSection {TBODY} at (0,0) size 49x94 [bgcolor=#FFFF00]
                            RenderTableRow {TR} at (0,0) size 49x94
                              RenderTableCell {TD} at (0,0) size 49x94 [color=#FFFFFF] [bgcolor=#404080] [r=0 c=0 rs=1 cs=1]
                                RenderBlock {P} at (1,1) size 47x57
                                  RenderText {#text} at (0,0) size 46x57
                                    text run at (0,0) width 32: "Grab"
                                    text run at (0,19) width 32: "latest"
                                    text run at (0,38) width 46: "mozilla"
                                RenderBlock {P} at (1,74) size 47x19
                                  RenderText {#text} at (0,0) size 39x19
                                    text run at (0,0) width 39: "Test it"
              RenderTableCell {TD} at (339,736) size 84x100 [color=#FFFFFF] [bgcolor=#404080] [border: (1px inset #808080)] [r=2 c=4 rs=1 cs=1]
                RenderTable {TABLE} at (2,2) size 80x96 [color=#000000]
                  RenderTableSection {TBODY} at (0,0) size 80x96
                    RenderTableRow {TR} at (0,0) size 80x96
                      RenderTableCell {TD} at (0,0) size 29x26 [color=#FFFF00] [bgcolor=#404080] [r=0 c=0 rs=1 cs=1]
                        RenderText {#text} at (1,1) size 27x24
                          text run at (1,1) width 27: "13."
                      RenderTableCell {TD} at (29,0) size 51x96 [color=#FFFFFF] [bgcolor=#404080] [r=0 c=1 rs=1 cs=1]
                        RenderTable {TABLE} at (1,1) size 49x94 [color=#000000]
                          RenderTableSection {TBODY} at (0,0) size 49x94 [bgcolor=#FFFF00]
                            RenderTableRow {TR} at (0,0) size 49x94
                              RenderTableCell {TD} at (0,0) size 49x94 [color=#FFFFFF] [bgcolor=#404080] [r=0 c=0 rs=1 cs=1]
                                RenderBlock {P} at (1,1) size 47x57
                                  RenderText {#text} at (0,0) size 46x57
                                    text run at (0,0) width 32: "Grab"
                                    text run at (0,19) width 32: "latest"
                                    text run at (0,38) width 46: "mozilla"
                                RenderBlock {P} at (1,74) size 47x19
                                  RenderText {#text} at (0,0) size 39x19
                                    text run at (0,0) width 39: "Test it"
              RenderTableCell {TD} at (423,736) size 86x100 [color=#FFFFFF] [bgcolor=#404080] [border: (1px inset #808080)] [r=2 c=5 rs=1 cs=1]
                RenderTable {TABLE} at (2,2) size 82x96 [color=#000000]
                  RenderTableSection {TBODY} at (0,0) size 82x96
                    RenderTableRow {TR} at (0,0) size 82x96
                      RenderTableCell {TD} at (0,0) size 29x26 [color=#FFFF00] [bgcolor=#404080] [r=0 c=0 rs=1 cs=1]
                        RenderText {#text} at (1,1) size 27x24
                          text run at (1,1) width 27: "14."
                      RenderTableCell {TD} at (29,0) size 53x96 [color=#FFFFFF] [bgcolor=#404080] [r=0 c=1 rs=1 cs=1]
                        RenderTable {TABLE} at (1,1) size 51x94 [color=#000000]
                          RenderTableSection {TBODY} at (0,0) size 51x94 [bgcolor=#FFFF00]
                            RenderTableRow {TR} at (0,0) size 51x94
                              RenderTableCell {TD} at (0,0) size 51x94 [color=#FFFFFF] [bgcolor=#404080] [r=0 c=0 rs=1 cs=1]
                                RenderBlock {P} at (1,1) size 49x57
                                  RenderText {#text} at (0,0) size 46x57
                                    text run at (0,0) width 32: "Grab"
                                    text run at (0,19) width 32: "latest"
                                    text run at (0,38) width 46: "mozilla"
                                RenderBlock {P} at (1,74) size 49x19
                                  RenderText {#text} at (0,0) size 39x19
                                    text run at (0,0) width 39: "Test it"
              RenderTableCell {TD} at (509,736) size 92x303 [color=#FFFFFF] [bgcolor=#404080] [border: (1px inset #808080)] [r=2 c=6 rs=1 cs=1]
                RenderTable {TABLE} at (2,2) size 88x299 [color=#000000]
                  RenderTableSection {TBODY} at (0,0) size 88x299
                    RenderTableRow {TR} at (0,0) size 88x299
                      RenderTableCell {TD} at (0,0) size 29x26 [color=#FFFF00] [bgcolor=#404080] [r=0 c=0 rs=1 cs=1]
                        RenderText {#text} at (1,1) size 27x24
                          text run at (1,1) width 27: "15."
                      RenderTableCell {TD} at (29,0) size 59x299 [color=#FFFFFF] [bgcolor=#404080] [r=0 c=1 rs=1 cs=1]
                        RenderTable {TABLE} at (1,1) size 57x297 [color=#000000]
                          RenderTableSection {TBODY} at (0,0) size 57x297 [bgcolor=#FFFF00]
                            RenderTableRow {TR} at (0,0) size 57x297
                              RenderTableCell {TD} at (0,0) size 57x297 [color=#FFFFFF] [bgcolor=#404080] [r=0 c=0 rs=1 cs=1]
                                RenderBlock {P} at (1,1) size 55x57
                                  RenderText {#text} at (0,0) size 46x57
                                    text run at (0,0) width 32: "Grab"
                                    text run at (0,19) width 32: "latest"
                                    text run at (0,38) width 46: "mozilla"
                                RenderBlock {P} at (1,74) size 55x19
                                  RenderText {#text} at (0,0) size 39x19
                                    text run at (0,0) width 39: "Test it"
                                RenderBlock {P} at (1,109) size 55x114
                                  RenderText {#text} at (0,0) size 55x114
                                    text run at (0,0) width 48: "Mozilla"
                                    text run at (0,19) width 53: "removes"
                                    text run at (0,38) width 32: "Y2K"
                                    text run at (0,57) width 55: "Warning"
                                    text run at (0,76) width 30: "from"
                                    text run at (0,95) width 53: "FTP site"
                                RenderBlock {P} at (1,239) size 55x57
                                  RenderText {#text} at (0,0) size 38x57
                                    text run at (0,0) width 28: "This"
                                    text run at (0,19) width 38: "bug is"
                                    text run at (0,38) width 32: "fixed"
            RenderTableRow {TR} at (0,1115) size 601x30
              RenderTableCell {TD} at (0,1115) size 87x30 [color=#FFFFFF] [bgcolor=#404080] [border: (1px inset #808080)] [r=3 c=0 rs=1 cs=1]
                RenderTable {TABLE} at (2,2) size 83x26 [color=#000000]
                  RenderTableSection {TBODY} at (0,0) size 83x26
                    RenderTableRow {TR} at (0,0) size 83x26
                      RenderTableCell {TD} at (0,0) size 29x26 [color=#FFFF00] [bgcolor=#404080] [r=0 c=0 rs=1 cs=1]
                        RenderText {#text} at (1,1) size 27x24
                          text run at (1,1) width 27: "16."
                      RenderTableCell {TD} at (29,0) size 54x23 [color=#FFFFFF] [bgcolor=#404080] [r=0 c=1 rs=1 cs=1]
                        RenderTable {TABLE} at (1,1) size 52x21 [color=#000000]
                          RenderTableSection {TBODY} at (0,0) size 52x21 [bgcolor=#FFFF00]
                            RenderTableRow {TR} at (0,0) size 52x21
                              RenderTableCell {TD} at (0,0) size 52x21 [color=#FFFFFF] [bgcolor=#404080] [r=0 c=0 rs=1 cs=1]
                                RenderText {#text} at (1,1) size 7x19
                                  text run at (1,1) width 7: "?"
              RenderTableCell {TD} at (87,1115) size 84x23 [color=#FFFFFF] [bgcolor=#404080] [border: (1px inset #808080)] [r=3 c=1 rs=1 cs=1]
                RenderText {#text} at (2,2) size 5x19
                  text run at (2,2) width 5: "-"
              RenderTableCell {TD} at (171,1115) size 84x23 [color=#FFFFFF] [bgcolor=#404080] [border: (1px inset #808080)] [r=3 c=2 rs=1 cs=1]
                RenderText {#text} at (2,2) size 5x19
                  text run at (2,2) width 5: "-"
              RenderTableCell {TD} at (255,1115) size 84x23 [color=#FFFFFF] [bgcolor=#404080] [border: (1px inset #808080)] [r=3 c=3 rs=1 cs=1]
                RenderText {#text} at (2,2) size 5x19
                  text run at (2,2) width 5: "-"
              RenderTableCell {TD} at (339,1115) size 84x23 [color=#FFFFFF] [bgcolor=#404080] [border: (1px inset #808080)] [r=3 c=4 rs=1 cs=1]
                RenderText {#text} at (2,2) size 5x19
                  text run at (2,2) width 5: "-"
              RenderTableCell {TD} at (423,1115) size 86x23 [color=#FFFFFF] [bgcolor=#404080] [border: (1px inset #808080)] [r=3 c=5 rs=1 cs=1]
                RenderText {#text} at (2,2) size 5x19
                  text run at (2,2) width 5: "-"
              RenderTableCell {TD} at (509,1115) size 92x23 [color=#FFFFFF] [bgcolor=#404080] [border: (1px inset #808080)] [r=3 c=6 rs=1 cs=1]
                RenderText {#text} at (2,2) size 5x19
                  text run at (2,2) width 5: "-"
            RenderTableRow {TR} at (0,1145) size 601x23
              RenderTableCell {TD} at (0,1145) size 87x23 [color=#FFFFFF] [bgcolor=#404080] [border: (1px inset #808080)] [r=4 c=0 rs=1 cs=1]
                RenderText {#text} at (2,2) size 5x19
                  text run at (2,2) width 5: "-"
              RenderTableCell {TD} at (87,1145) size 84x23 [color=#FFFFFF] [bgcolor=#404080] [border: (1px inset #808080)] [r=4 c=1 rs=1 cs=1]
                RenderText {#text} at (2,2) size 5x19
                  text run at (2,2) width 5: "-"
              RenderTableCell {TD} at (171,1145) size 84x23 [color=#FFFFFF] [bgcolor=#404080] [border: (1px inset #808080)] [r=4 c=2 rs=1 cs=1]
                RenderText {#text} at (2,2) size 5x19
                  text run at (2,2) width 5: "-"
              RenderTableCell {TD} at (255,1145) size 84x23 [color=#FFFFFF] [bgcolor=#404080] [border: (1px inset #808080)] [r=4 c=3 rs=1 cs=1]
                RenderText {#text} at (2,2) size 5x19
                  text run at (2,2) width 5: "-"
              RenderTableCell {TD} at (339,1145) size 84x23 [color=#FFFFFF] [bgcolor=#404080] [border: (1px inset #808080)] [r=4 c=4 rs=1 cs=1]
                RenderText {#text} at (2,2) size 5x19
                  text run at (2,2) width 5: "-"
              RenderTableCell {TD} at (423,1145) size 86x23 [color=#FFFFFF] [bgcolor=#404080] [border: (1px inset #808080)] [r=4 c=5 rs=1 cs=1]
                RenderText {#text} at (2,2) size 5x19
                  text run at (2,2) width 5: "-"
              RenderTableCell {TD} at (509,1145) size 92x23 [color=#FFFFFF] [bgcolor=#404080] [border: (1px inset #808080)] [r=4 c=6 rs=1 cs=1]
                RenderText {#text} at (2,2) size 5x19
                  text run at (2,2) width 5: "-"
        RenderBlock (anonymous) at (0,1226) size 769x38
          RenderBR {BR} at (384,0) size 1x19
          RenderText {#text} at (4,19) size 761x19
            text run at (4,19) width 761: "Notice the scrollbars, they are rendered outside of the table columns, and the yellow day numbers are hidden under them."
        RenderBlock {P} at (0,1280) size 769x76
          RenderText {#text} at (9,0) size 757x76
            text run at (9,0) width 751: "This is probably another bug already covered, or fixed, but day 3 & 16 should have no scrollbar, but the area where the"
            text run at (6,19) width 418: "other scrollbars are drawn is drawn funny. They are not rendered. "
            text run at (423,19) width 340: "They seem to be whatever was drawn there before, or"
            text run at (22,38) width 725: "drawn somewhere else. Day 16 (contaings only the letter \"?\") has a region below the ? mark that is never rendered."
            text run at (122,57) width 525: "Resize the window so the window can scroll down and scroll the page up & down."
