layer at (0,0) size 785x737
  RenderView at (0,0) size 785x600
layer at (0,0) size 785x737
  RenderBlock {HTML} at (0,0) size 785x737
    RenderBody {BODY} at (8,21) size 769x708
      RenderBlock {H1} at (0,0) size 769x37
        RenderText {#text} at (0,0) size 434x36
          text run at (0,0) width 434: "caption element: align attribute"
      RenderTable {TABLE} at (0,58) size 76x168 [border: (1px outset #808080)]
        RenderBlock {CAPTION} at (0,0) size 74x114
          RenderText {#text} at (3,0) size 68x114
            text run at (3,0) width 68: "The table's"
            text run at (12,19) width 50: "caption,"
            text run at (13,38) width 48: "with no"
            text run at (19,57) width 36: "align."
            text run at (6,76) width 62: "Default is"
            text run at (18,95) width 38: "\"top\"."
        RenderTableSection {TBODY} at (1,115) size 74x52
          RenderTableRow {TR} at (0,2) size 74x23
            RenderTableCell {TD} at (2,2) size 34x23 [border: (1px inset #808080)] [r=0 c=0 rs=1 cs=1]
              RenderText {#text} at (2,2) size 30x19
                text run at (2,2) width 30: "Data"
            RenderTableCell {TD} at (38,2) size 34x23 [border: (1px inset #808080)] [r=0 c=1 rs=1 cs=1]
              RenderText {#text} at (2,2) size 30x19
                text run at (2,2) width 30: "Data"
          RenderTableRow {TR} at (0,27) size 74x23
            RenderTableCell {TD} at (2,27) size 34x23 [border: (1px inset #808080)] [r=1 c=0 rs=1 cs=1]
              RenderText {#text} at (2,2) size 30x19
                text run at (2,2) width 30: "Data"
            RenderTableCell {TD} at (38,27) size 34x23 [border: (1px inset #808080)] [r=1 c=1 rs=1 cs=1]
              RenderText {#text} at (2,2) size 30x19
                text run at (2,2) width 30: "Data"
      RenderTable {TABLE} at (0,226) size 78x130 [border: (1px outset #808080)]
        RenderBlock {CAPTION} at (0,0) size 76x76
          RenderText {#text} at (4,0) size 78x76
            text run at (4,0) width 68: "The table's"
            text run at (13,19) width 50: "caption,"
            text run at (24,38) width 28: "with"
            text run at (0,57) width 78: "align=\"top\"."
        RenderTableSection {TBODY} at (1,77) size 76x52
          RenderTableRow {TR} at (0,2) size 76x23
            RenderTableCell {TD} at (2,2) size 35x23 [border: (1px inset #808080)] [r=0 c=0 rs=1 cs=1]
              RenderText {#text} at (2,2) size 30x19
                text run at (2,2) width 30: "Data"
            RenderTableCell {TD} at (39,2) size 35x23 [border: (1px inset #808080)] [r=0 c=1 rs=1 cs=1]
              RenderText {#text} at (2,2) size 30x19
                text run at (2,2) width 30: "Data"
          RenderTableRow {TR} at (0,27) size 76x23
            RenderTableCell {TD} at (2,27) size 35x23 [border: (1px inset #808080)] [r=1 c=0 rs=1 cs=1]
              RenderText {#text} at (2,2) size 30x19
                text run at (2,2) width 30: "Data"
            RenderTableCell {TD} at (39,27) size 35x23 [border: (1px inset #808080)] [r=1 c=1 rs=1 cs=1]
              RenderText {#text} at (2,2) size 30x19
                text run at (2,2) width 30: "Data"
      RenderTable {TABLE} at (0,356) size 102x111 [border: (1px outset #808080)]
        RenderBlock {CAPTION} at (0,54) size 100x57
          RenderText {#text} at (16,0) size 102x57
            text run at (16,0) width 68: "The table's"
            text run at (9,19) width 82: "caption, with"
            text run at (0,38) width 102: "align=\"bottom\"."
        RenderTableSection {TBODY} at (1,1) size 100x52
          RenderTableRow {TR} at (0,2) size 100x23
            RenderTableCell {TD} at (2,2) size 47x23 [border: (1px inset #808080)] [r=0 c=0 rs=1 cs=1]
              RenderText {#text} at (2,2) size 30x19
                text run at (2,2) width 30: "Data"
            RenderTableCell {TD} at (51,2) size 47x23 [border: (1px inset #808080)] [r=0 c=1 rs=1 cs=1]
              RenderText {#text} at (2,2) size 30x19
                text run at (2,2) width 30: "Data"
          RenderTableRow {TR} at (0,27) size 100x23
            RenderTableCell {TD} at (2,27) size 47x23 [border: (1px inset #808080)] [r=1 c=0 rs=1 cs=1]
              RenderText {#text} at (2,2) size 30x19
                text run at (2,2) width 30: "Data"
            RenderTableCell {TD} at (51,27) size 47x23 [border: (1px inset #808080)] [r=1 c=1 rs=1 cs=1]
              RenderText {#text} at (2,2) size 30x19
                text run at (2,2) width 30: "Data"
      RenderTable {TABLE} at (0,467) size 78x130 [border: (1px outset #808080)]
        RenderBlock {CAPTION} at (0,0) size 76x76
          RenderText {#text} at (4,0) size 78x76
            text run at (4,0) width 68: "The table's"
            text run at (13,19) width 50: "caption,"
            text run at (24,38) width 28: "with"
            text run at (0,57) width 78: "align=\"left\"."
        RenderTableSection {TBODY} at (1,77) size 76x52
          RenderTableRow {TR} at (0,2) size 76x23
            RenderTableCell {TD} at (2,2) size 35x23 [border: (1px inset #808080)] [r=0 c=0 rs=1 cs=1]
              RenderText {#text} at (2,2) size 30x19
                text run at (2,2) width 30: "Data"
            RenderTableCell {TD} at (39,2) size 35x23 [border: (1px inset #808080)] [r=0 c=1 rs=1 cs=1]
              RenderText {#text} at (2,2) size 30x19
                text run at (2,2) width 30: "Data"
          RenderTableRow {TR} at (0,27) size 76x23
            RenderTableCell {TD} at (2,27) size 35x23 [border: (1px inset #808080)] [r=1 c=0 rs=1 cs=1]
              RenderText {#text} at (2,2) size 30x19
                text run at (2,2) width 30: "Data"
            RenderTableCell {TD} at (39,27) size 35x23 [border: (1px inset #808080)] [r=1 c=1 rs=1 cs=1]
              RenderText {#text} at (2,2) size 30x19
                text run at (2,2) width 30: "Data"
      RenderTable {TABLE} at (0,597) size 87x111 [border: (1px outset #808080)]
        RenderBlock {CAPTION} at (0,0) size 85x57
          RenderText {#text} at (8,0) size 87x57
            text run at (8,0) width 69: "The table's"
            text run at (1,19) width 83: "caption, with"
            text run at (0,38) width 87: "align=\"right\"."
        RenderTableSection {TBODY} at (1,58) size 85x52
          RenderTableRow {TR} at (0,2) size 85x23
            RenderTableCell {TD} at (2,2) size 39x23 [border: (1px inset #808080)] [r=0 c=0 rs=1 cs=1]
              RenderText {#text} at (2,2) size 30x19
                text run at (2,2) width 30: "Data"
            RenderTableCell {TD} at (43,2) size 40x23 [border: (1px inset #808080)] [r=0 c=1 rs=1 cs=1]
              RenderText {#text} at (2,2) size 30x19
                text run at (2,2) width 30: "Data"
          RenderTableRow {TR} at (0,27) size 85x23
            RenderTableCell {TD} at (2,27) size 39x23 [border: (1px inset #808080)] [r=1 c=0 rs=1 cs=1]
              RenderText {#text} at (2,2) size 30x19
                text run at (2,2) width 30: "Data"
            RenderTableCell {TD} at (43,27) size 40x23 [border: (1px inset #808080)] [r=1 c=1 rs=1 cs=1]
              RenderText {#text} at (2,2) size 30x19
                text run at (2,2) width 30: "Data"
