layer at (0,0) size 785x1427
  RenderView at (0,0) size 785x600
layer at (0,0) size 785x1427
  RenderBlock {HTML} at (0,0) size 785x1427
    RenderBody {BODY} at (8,8) size 769x1411
      RenderTable {TABLE} at (0,0) size 200x120 [bgcolor=#FFA500] [border: (10px solid #0000FF)]
        RenderBlock {CAPTION} at (0,0) size 150x19
          RenderText {#text} at (20,0) size 110x19
            text run at (20,0) width 110: "clip at table-outer"
        RenderTableSection {TBODY} at (25,44) size 150x51
          RenderTableRow {TR} at (0,15) size 150x21
            RenderTableCell {TD} at (15,15) size 52x21 [bgcolor=#FFFF00] [r=0 c=0 rs=1 cs=1]
              RenderText {#text} at (1,1) size 30x19
                text run at (1,1) width 30: "cell1"
            RenderTableCell {TD} at (82,15) size 53x21 [bgcolor=#FFFF00] [r=0 c=1 rs=1 cs=1]
              RenderText {#text} at (1,1) size 129x19
                text run at (1,1) width 129: "contentwithoutspace"
      RenderBlock (anonymous) at (0,120) size 769x19
        RenderBR {BR} at (0,0) size 0x19
      RenderTable {TABLE} at (0,259) size 200x156 [bgcolor=#FFA500] [border: (10px solid #0000FF)]
        RenderBlock {CAPTION} at (0,0) size 150x19
          RenderText {#text} at (49,0) size 52x19
            text run at (49,0) width 52: "clip at tr"
        RenderTableSection {TBODY} at (25,44) size 150x87
          RenderTableRow {TR} at (0,51) size 150x21
            RenderTableCell {TD} at (15,51) size 52x21 [bgcolor=#FFFF00] [r=1 c=0 rs=1 cs=1]
              RenderText {#text} at (1,1) size 30x19
                text run at (1,1) width 30: "cell1"
            RenderTableCell {TD} at (82,51) size 53x21 [bgcolor=#FFFF00] [r=1 c=1 rs=1 cs=1]
              RenderText {#text} at (1,1) size 129x19
                text run at (1,1) width 129: "contentwithoutspace"
      RenderTable {TABLE} at (0,415) size 200x156 [bgcolor=#FFA500] [border: (10px solid #0000FF)]
        RenderTableCol {COLGROUP} at (0,0) size 0x0
          RenderTableCol {COL} at (0,0) size 0x0
          RenderTableCol {COL} at (0,0) size 0x0
        RenderBlock {CAPTION} at (0,0) size 150x19
          RenderText {#text} at (38,0) size 74x19
            text run at (38,0) width 74: "clip column"
        RenderTableSection {TBODY} at (25,44) size 150x87
          RenderTableRow {TR} at (0,15) size 150x21
            RenderTableCell {TD} at (15,15) size 52x21 [bgcolor=#FFFF00] [r=0 c=0 rs=1 cs=1]
              RenderText {#text} at (1,1) size 30x19
                text run at (1,1) width 30: "cell1"
            RenderTableCell {TD} at (82,15) size 53x21 [bgcolor=#FFFF00] [r=0 c=1 rs=1 cs=1]
              RenderText {#text} at (1,1) size 129x19
                text run at (1,1) width 129: "contentwithoutspace"
          RenderTableRow {TR} at (0,51) size 150x21
            RenderTableCell {TD} at (15,51) size 52x21 [bgcolor=#FFFF00] [r=1 c=0 rs=1 cs=1]
              RenderText {#text} at (1,1) size 30x19
                text run at (1,1) width 30: "cell1"
            RenderTableCell {TD} at (82,51) size 53x21 [bgcolor=#FFFF00] [r=1 c=1 rs=1 cs=1]
              RenderText {#text} at (1,1) size 129x19
                text run at (1,1) width 129: "contentwithoutspace"
      RenderTable {TABLE} at (0,571) size 200x156 [bgcolor=#FFA500] [border: (10px solid #0000FF)]
        RenderTableCol {COLGROUP} at (0,0) size 0x0
          RenderTableCol {COL} at (0,0) size 0x0
        RenderTableCol {COLGROUP} at (0,0) size 0x0
          RenderTableCol {COL} at (0,0) size 0x0
        RenderBlock {CAPTION} at (0,0) size 150x19
          RenderText {#text} at (19,0) size 112x19
            text run at (19,0) width 112: "clip columngroup"
        RenderTableSection {TBODY} at (25,44) size 150x87
          RenderTableRow {TR} at (0,15) size 150x21
            RenderTableCell {TD} at (15,15) size 52x21 [bgcolor=#FFFF00] [r=0 c=0 rs=1 cs=1]
              RenderText {#text} at (1,1) size 30x19
                text run at (1,1) width 30: "cell1"
            RenderTableCell {TD} at (82,15) size 53x21 [bgcolor=#FFFF00] [r=0 c=1 rs=1 cs=1]
              RenderText {#text} at (1,1) size 129x19
                text run at (1,1) width 129: "contentwithoutspace"
          RenderTableRow {TR} at (0,51) size 150x21
            RenderTableCell {TD} at (15,51) size 52x21 [bgcolor=#FFFF00] [r=1 c=0 rs=1 cs=1]
              RenderText {#text} at (1,1) size 30x19
                text run at (1,1) width 30: "cell1"
            RenderTableCell {TD} at (82,51) size 53x21 [bgcolor=#FFFF00] [r=1 c=1 rs=1 cs=1]
              RenderText {#text} at (1,1) size 129x19
                text run at (1,1) width 129: "contentwithoutspace"
      RenderTable {TABLE} at (0,727) size 200x171 [bgcolor=#FFA500] [border: (10px solid #0000FF)]
        RenderBlock {CAPTION} at (0,0) size 150x19
          RenderText {#text} at (44,0) size 62x19
            text run at (44,0) width 62: "clip thead"
        RenderTableSection {TBODY} at (25,95) size 150x51
          RenderTableRow {TR} at (0,15) size 150x21
            RenderTableCell {TD} at (15,15) size 52x21 [bgcolor=#FFFF00] [r=0 c=0 rs=1 cs=1]
              RenderText {#text} at (1,1) size 30x19
                text run at (1,1) width 30: "cell1"
            RenderTableCell {TD} at (82,15) size 53x21 [bgcolor=#FFFF00] [r=0 c=1 rs=1 cs=1]
              RenderText {#text} at (1,1) size 129x19
                text run at (1,1) width 129: "contentwithoutspace"
      RenderTable {TABLE} at (0,898) size 200x171 [bgcolor=#FFA500] [border: (10px solid #0000FF)]
        RenderBlock {CAPTION} at (0,0) size 150x19
          RenderText {#text} at (43,0) size 64x19
            text run at (43,0) width 64: "clip tbody"
        RenderTableSection {THEAD} at (25,44) size 150x51
          RenderTableRow {TR} at (0,15) size 150x21
            RenderTableCell {TD} at (15,15) size 52x21 [bgcolor=#FFFF00] [r=0 c=0 rs=1 cs=1]
              RenderText {#text} at (1,1) size 30x19
                text run at (1,1) width 30: "cell1"
            RenderTableCell {TD} at (82,15) size 53x21 [bgcolor=#FFFF00] [r=0 c=1 rs=1 cs=1]
              RenderText {#text} at (1,1) size 129x19
                text run at (1,1) width 129: "contentwithoutspace"
      RenderTable {TABLE} at (0,1069) size 200x171 [bgcolor=#FFA500] [border: (10px solid #0000FF)]
        RenderBlock {CAPTION} at (0,0) size 150x19
          RenderText {#text} at (47,0) size 56x19
            text run at (47,0) width 56: "clip tfoot"
        RenderTableSection {TBODY} at (25,44) size 150x51
          RenderTableRow {TR} at (0,15) size 150x21
            RenderTableCell {TD} at (15,15) size 52x21 [bgcolor=#FFFF00] [r=0 c=0 rs=1 cs=1]
              RenderText {#text} at (1,1) size 30x19
                text run at (1,1) width 30: "cell1"
            RenderTableCell {TD} at (82,15) size 53x21 [bgcolor=#FFFF00] [r=0 c=1 rs=1 cs=1]
              RenderText {#text} at (1,1) size 129x19
                text run at (1,1) width 129: "contentwithoutspace"
      RenderTable {TABLE} at (0,1240) size 200x171 [bgcolor=#FFA500] [border: (10px solid #0000FF)]
        RenderBlock {CAPTION} at (0,0) size 150x19
          RenderText {#text} at (55,0) size 40x19
            text run at (55,0) width 40: "clip td"
        RenderTableSection {TBODY} at (25,44) size 150x51
          RenderTableRow {TR} at (0,15) size 150x21
            RenderTableCell {TD} at (15,15) size 52x21 [bgcolor=#FFFF00] [r=0 c=0 rs=1 cs=1]
              RenderText {#text} at (1,1) size 30x19
                text run at (1,1) width 30: "cell1"
            RenderTableCell {TD} at (82,15) size 53x21 [bgcolor=#FFFF00] [r=0 c=1 rs=1 cs=1]
              RenderText {#text} at (1,1) size 129x19
                text run at (1,1) width 129: "contentwithoutspace"
layer at (8,147) size 200x120 clip at (18,147) size 180x120 scrollWidth 227
  RenderTable {TABLE} at (0,139) size 200x120 [bgcolor=#FFA500] [border: (10px solid #0000FF)]
    RenderBlock {CAPTION} at (0,0) size 150x19
      RenderText {#text} at (39,0) size 72x19
        text run at (39,0) width 72: "clip at table"
    RenderTableSection {TBODY} at (25,44) size 150x51
      RenderTableRow {TR} at (0,15) size 150x21
        RenderTableCell {TD} at (15,15) size 52x21 [bgcolor=#FFFF00] [r=0 c=0 rs=1 cs=1]
          RenderText {#text} at (1,1) size 30x19
            text run at (1,1) width 30: "cell1"
        RenderTableCell {TD} at (82,15) size 53x21 [bgcolor=#FFFF00] [r=0 c=1 rs=1 cs=1]
          RenderText {#text} at (1,1) size 129x19
            text run at (1,1) width 129: "contentwithoutspace"
layer at (33,326) size 150x21
  RenderTableRow {TR} at (0,15) size 150x21
    RenderTableCell {TD} at (15,15) size 52x21 [bgcolor=#FFFF00] [r=0 c=0 rs=1 cs=1]
      RenderText {#text} at (1,1) size 30x19
        text run at (1,1) width 30: "cell1"
    RenderTableCell {TD} at (82,15) size 53x21 [bgcolor=#FFFF00] [r=0 c=1 rs=1 cs=1]
      RenderText {#text} at (1,1) size 129x19
        text run at (1,1) width 129: "contentwithoutspace"
layer at (33,779) size 150x51 scrollWidth 212
  RenderTableSection {THEAD} at (25,44) size 150x51
    RenderTableRow {TR} at (0,15) size 150x21
      RenderTableCell {TD} at (15,15) size 52x21 [bgcolor=#FFFF00] [r=0 c=0 rs=1 cs=1]
        RenderText {#text} at (1,1) size 30x19
          text run at (1,1) width 30: "cell1"
      RenderTableCell {TD} at (82,15) size 53x21 [bgcolor=#FFFF00] [r=0 c=1 rs=1 cs=1]
        RenderText {#text} at (1,1) size 129x19
          text run at (1,1) width 129: "contentwithoutspace"
layer at (33,1001) size 150x51 scrollWidth 212
  RenderTableSection {TBODY} at (25,95) size 150x51
    RenderTableRow {TR} at (0,15) size 150x21
      RenderTableCell {TD} at (15,15) size 52x21 [bgcolor=#FFFF00] [r=0 c=0 rs=1 cs=1]
        RenderText {#text} at (1,1) size 30x19
          text run at (1,1) width 30: "cell1"
      RenderTableCell {TD} at (82,15) size 53x21 [bgcolor=#FFFF00] [r=0 c=1 rs=1 cs=1]
        RenderText {#text} at (1,1) size 129x19
          text run at (1,1) width 129: "contentwithoutspace"
layer at (33,1172) size 150x51 scrollWidth 212
  RenderTableSection {TFOOT} at (25,95) size 150x51
    RenderTableRow {TR} at (0,15) size 150x21
      RenderTableCell {TD} at (15,15) size 52x21 [bgcolor=#FFFF00] [r=0 c=0 rs=1 cs=1]
        RenderText {#text} at (1,1) size 30x19
          text run at (1,1) width 30: "cell1"
      RenderTableCell {TD} at (82,15) size 53x21 [bgcolor=#FFFF00] [r=0 c=1 rs=1 cs=1]
        RenderText {#text} at (1,1) size 129x19
          text run at (1,1) width 129: "contentwithoutspace"
layer at (33,1343) size 150x51
  RenderTableSection {TFOOT} at (25,95) size 150x51
    RenderTableRow {TR} at (0,15) size 150x21
      RenderTableCell {TD} at (15,15) size 52x21 [bgcolor=#FFFF00] [r=0 c=0 rs=1 cs=1]
        RenderText {#text} at (1,1) size 30x19
          text run at (1,1) width 30: "cell1"
layer at (115,1358) size 53x21 scrollWidth 131
  RenderTableCell {TD} at (82,15) size 53x21 [bgcolor=#FFFF00] [r=0 c=1 rs=1 cs=1]
    RenderText {#text} at (1,1) size 129x19
      text run at (1,1) width 129: "contentwithoutspace"
