layer at (0,0) size 785x700
  RenderView at (0,0) size 785x600
layer at (0,0) size 785x700
  RenderBlock {HTML} at (0,0) size 785x700
    RenderBody {BODY} at (8,8) size 769x684
      RenderTable {TABLE} at (0,0) size 769x684
        RenderTableSection {TBODY} at (0,0) size 769x684
          RenderTableRow {TR} at (0,0) size 769x342
            RenderTableCell {TD} at (0,0) size 230x342 [r=0 c=0 rs=1 cs=1]
              RenderTable {TABLE} at (0,0) size 230x342
                RenderTableSection {THEAD} at (0,0) size 230x19
                  RenderTableRow {TR} at (0,0) size 230x19
                    RenderTableCell {TH} at (0,0) size 230x19 [r=0 c=0 rs=1 cs=1]
                      RenderText {#text} at (78,0) size 74x19
                        text run at (78,0) width 74: "Header 1/1"
                RenderTableSection {TBODY} at (0,19) size 230x323
                  RenderTableRow {TR} at (0,0) size 230x323
                    RenderTableCell {TD} at (0,0) size 230x323 [r=0 c=0 rs=1 cs=1]
                      RenderText {#text} at (0,0) size 230x323
                        text run at (0,0) width 230: "1 2 3 - - - - - - - - - - - - - - - - - - - - - -"
                        text run at (0,19) width 230: "- - - - - - - - - - - - - - - - - - - - - - - - - -"
                        text run at (0,38) width 230: "- - - - - - - - - - - - - - - - - - - - - - - - - -"
                        text run at (0,57) width 230: "- - - - - - - - - - - - - - - - - - - - - - - - - -"
                        text run at (0,76) width 230: "- - - - - - - - - - - - - - - - - - - - - - - - - -"
                        text run at (0,95) width 230: "- - - - - - - - - - - - - - - - - - - - - - - - - -"
                        text run at (0,114) width 230: "- - - - - - - - - - - - - - - - - - - - - - - - - -"
                        text run at (0,133) width 230: "- - - - - - - - - - - - - - - - - - - - - - - - - -"
                        text run at (0,152) width 27: "- - - "
                        text run at (27,152) width 203: "- - - - - - - - - - - - - - - - - - - - - - -"
                        text run at (0,171) width 230: "- - - - - - - - - - - - - - - - - - - - - - - - - -"
                        text run at (0,190) width 230: "- - - - - - - - - - - - - - - - - - - - - - - - - -"
                        text run at (0,209) width 230: "- - - - - - - - - - - - - - - - - - - - - - - - - -"
                        text run at (0,228) width 230: "- - - - - - - - - - - - - - - - - - - - - - - - - -"
                        text run at (0,247) width 230: "- - - - - - - - - - - - - - - - - - - - - - - - - -"
                        text run at (0,266) width 230: "- - - - - - - - - - - - - - - - - - - - - - - - - -"
                        text run at (0,285) width 230: "- - - - - - - - - - - - - - - - - - - - - - - - - -"
                        text run at (0,304) width 41: "- - - - -"
            RenderTableCell {TD} at (230,0) size 307x342 [r=0 c=1 rs=1 cs=1]
              RenderTable {TABLE} at (0,0) size 307x342
                RenderTableSection {THEAD} at (0,0) size 307x19
                  RenderTableRow {TR} at (0,0) size 307x19
                    RenderTableCell {TH} at (0,0) size 307x19 [r=0 c=0 rs=1 cs=1]
                      RenderText {#text} at (116,0) size 75x19
                        text run at (116,0) width 75: "Header 2/1"
                RenderTableSection {TBODY} at (0,19) size 307x323
                  RenderTableRow {TR} at (0,0) size 307x323
                    RenderTableCell {TD} at (0,0) size 307x323 [r=0 c=0 rs=1 cs=1]
                      RenderText {#text} at (0,0) size 296x323
                        text run at (0,0) width 296: "1 2 3 # # # # # # # # # # # # # # # # # # # # # #"
                        text run at (0,19) width 296: "# # # # # # # # # # # # # # # # # # # # # # # # #"
                        text run at (0,38) width 296: "# # # # # # # # # # # # # # # # # # # # # # # # #"
                        text run at (0,57) width 296: "# # # # # # # # # # # # # # # # # # # # # # # # #"
                        text run at (0,76) width 296: "# # # # # # # # # # # # # # # # # # # # # # # # #"
                        text run at (0,95) width 296: "# # # # # # # # # # # # # # # # # # # # # # # # #"
                        text run at (0,114) width 296: "# # # # # # # # # # # # # # # # # # # # # # # # #"
                        text run at (0,133) width 296: "# # # # # # # # # # # # # # # # # # # # # # # # #"
                        text run at (0,152) width 120: "# # # # # # # # # # "
                        text run at (120,152) width 176: "# # # # # # # # # # # # # # #"
                        text run at (0,171) width 296: "# # # # # # # # # # # # # # # # # # # # # # # # #"
                        text run at (0,190) width 296: "# # # # # # # # # # # # # # # # # # # # # # # # #"
                        text run at (0,209) width 296: "# # # # # # # # # # # # # # # # # # # # # # # # #"
                        text run at (0,228) width 296: "# # # # # # # # # # # # # # # # # # # # # # # # #"
                        text run at (0,247) width 296: "# # # # # # # # # # # # # # # # # # # # # # # # #"
                        text run at (0,266) width 296: "# # # # # # # # # # # # # # # # # # # # # # # # #"
                        text run at (0,285) width 296: "# # # # # # # # # # # # # # # # # # # # # # # # #"
                        text run at (0,304) width 236: "# # # # # # # # # # # # # # # # # # # #"
            RenderTableCell {TD} at (537,0) size 232x342 [r=0 c=2 rs=1 cs=1]
              RenderTable {TABLE} at (0,0) size 232x342
                RenderTableSection {THEAD} at (0,0) size 232x19
                  RenderTableRow {TR} at (0,0) size 232x19
                    RenderTableCell {TH} at (0,0) size 232x19 [r=0 c=0 rs=1 cs=1]
                      RenderText {#text} at (79,0) size 74x19
                        text run at (79,0) width 74: "Header 3/1"
                RenderTableSection {TBODY} at (0,19) size 232x323
                  RenderTableRow {TR} at (0,0) size 232x323
                    RenderTableCell {TD} at (0,0) size 232x323 [r=0 c=0 rs=1 cs=1]
                      RenderText {#text} at (0,0) size 230x323
                        text run at (0,0) width 230: "1 2 3 ! ! ! ! ! ! ! ! ! ! ! ! ! ! ! ! ! ! ! ! ! !"
                        text run at (0,19) width 230: "! ! ! ! ! ! ! ! ! ! ! ! ! ! ! ! ! ! ! ! ! ! ! ! ! !"
                        text run at (0,38) width 230: "! ! ! ! ! ! ! ! ! ! ! ! ! ! ! ! ! ! ! ! ! ! ! ! ! !"
                        text run at (0,57) width 230: "! ! ! ! ! ! ! ! ! ! ! ! ! ! ! ! ! ! ! ! ! ! ! ! ! !"
                        text run at (0,76) width 230: "! ! ! ! ! ! ! ! ! ! ! ! ! ! ! ! ! ! ! ! ! ! ! ! ! !"
                        text run at (0,95) width 230: "! ! ! ! ! ! ! ! ! ! ! ! ! ! ! ! ! ! ! ! ! ! ! ! ! !"
                        text run at (0,114) width 230: "! ! ! ! ! ! ! ! ! ! ! ! ! ! ! ! ! ! ! ! ! ! ! ! ! !"
                        text run at (0,133) width 230: "! ! ! ! ! ! ! ! ! ! ! ! ! ! ! ! ! ! ! ! ! ! ! ! ! !"
                        text run at (0,152) width 27: "! ! ! "
                        text run at (27,152) width 203: "! ! ! ! ! ! ! ! ! ! ! ! ! ! ! ! ! ! ! ! ! ! !"
                        text run at (0,171) width 230: "! ! ! ! ! ! ! ! ! ! ! ! ! ! ! ! ! ! ! ! ! ! ! ! ! !"
                        text run at (0,190) width 230: "! ! ! ! ! ! ! ! ! ! ! ! ! ! ! ! ! ! ! ! ! ! ! ! ! !"
                        text run at (0,209) width 230: "! ! ! ! ! ! ! ! ! ! ! ! ! ! ! ! ! ! ! ! ! ! ! ! ! !"
                        text run at (0,228) width 230: "! ! ! ! ! ! ! ! ! ! ! ! ! ! ! ! ! ! ! ! ! ! ! ! ! !"
                        text run at (0,247) width 230: "! ! ! ! ! ! ! ! ! ! ! ! ! ! ! ! ! ! ! ! ! ! ! ! ! !"
                        text run at (0,266) width 230: "! ! ! ! ! ! ! ! ! ! ! ! ! ! ! ! ! ! ! ! ! ! ! ! ! !"
                        text run at (0,285) width 230: "! ! ! ! ! ! ! ! ! ! ! ! ! ! ! ! ! ! ! ! ! ! ! ! ! !"
                        text run at (0,304) width 41: "! ! ! ! !"
            RenderTableCell {TD} at (769,0) size 0x0 [r=0 c=3 rs=1 cs=1]
          RenderTableRow {TR} at (0,342) size 769x342
            RenderTableCell {TD} at (0,342) size 230x342 [r=1 c=0 rs=1 cs=1]
              RenderTable {TABLE} at (0,0) size 230x342
                RenderTableSection {THEAD} at (0,0) size 230x19
                  RenderTableRow {TR} at (0,0) size 230x19
                    RenderTableCell {TH} at (0,0) size 230x19 [r=0 c=0 rs=1 cs=1]
                      RenderText {#text} at (78,0) size 74x19
                        text run at (78,0) width 74: "Header 1/2"
                RenderTableSection {TBODY} at (0,19) size 230x323
                  RenderTableRow {TR} at (0,0) size 230x323
                    RenderTableCell {TD} at (0,0) size 230x323 [r=0 c=0 rs=1 cs=1]
                      RenderText {#text} at (0,0) size 230x323
                        text run at (0,0) width 230: "1 2 3 - - - - - - - - - - - - - - - - - - - - - -"
                        text run at (0,19) width 230: "- - - - - - - - - - - - - - - - - - - - - - - - - -"
                        text run at (0,38) width 230: "- - - - - - - - - - - - - - - - - - - - - - - - - -"
                        text run at (0,57) width 230: "- - - - - - - - - - - - - - - - - - - - - - - - - -"
                        text run at (0,76) width 230: "- - - - - - - - - - - - - - - - - - - - - - - - - -"
                        text run at (0,95) width 230: "- - - - - - - - - - - - - - - - - - - - - - - - - -"
                        text run at (0,114) width 230: "- - - - - - - - - - - - - - - - - - - - - - - - - -"
                        text run at (0,133) width 230: "- - - - - - - - - - - - - - - - - - - - - - - - - -"
                        text run at (0,152) width 27: "- - - "
                        text run at (27,152) width 203: "- - - - - - - - - - - - - - - - - - - - - - -"
                        text run at (0,171) width 230: "- - - - - - - - - - - - - - - - - - - - - - - - - -"
                        text run at (0,190) width 230: "- - - - - - - - - - - - - - - - - - - - - - - - - -"
                        text run at (0,209) width 230: "- - - - - - - - - - - - - - - - - - - - - - - - - -"
                        text run at (0,228) width 230: "- - - - - - - - - - - - - - - - - - - - - - - - - -"
                        text run at (0,247) width 230: "- - - - - - - - - - - - - - - - - - - - - - - - - -"
                        text run at (0,266) width 230: "- - - - - - - - - - - - - - - - - - - - - - - - - -"
                        text run at (0,285) width 230: "- - - - - - - - - - - - - - - - - - - - - - - - - -"
                        text run at (0,304) width 41: "- - - - -"
            RenderTableCell {TD} at (230,342) size 307x342 [r=1 c=1 rs=1 cs=1]
              RenderTable {TABLE} at (0,0) size 307x342
                RenderTableSection {THEAD} at (0,0) size 307x19
                  RenderTableRow {TR} at (0,0) size 307x19
                    RenderTableCell {TH} at (0,0) size 307x19 [r=0 c=0 rs=1 cs=1]
                      RenderText {#text} at (116,0) size 75x19
                        text run at (116,0) width 75: "Header 2/2"
                RenderTableSection {TBODY} at (0,19) size 307x323
                  RenderTableRow {TR} at (0,0) size 307x323
                    RenderTableCell {TD} at (0,0) size 307x323 [r=0 c=0 rs=1 cs=1]
                      RenderText {#text} at (0,0) size 296x323
                        text run at (0,0) width 296: "1 2 3 # # # # # # # # # # # # # # # # # # # # # #"
                        text run at (0,19) width 296: "# # # # # # # # # # # # # # # # # # # # # # # # #"
                        text run at (0,38) width 296: "# # # # # # # # # # # # # # # # # # # # # # # # #"
                        text run at (0,57) width 296: "# # # # # # # # # # # # # # # # # # # # # # # # #"
                        text run at (0,76) width 296: "# # # # # # # # # # # # # # # # # # # # # # # # #"
                        text run at (0,95) width 296: "# # # # # # # # # # # # # # # # # # # # # # # # #"
                        text run at (0,114) width 296: "# # # # # # # # # # # # # # # # # # # # # # # # #"
                        text run at (0,133) width 296: "# # # # # # # # # # # # # # # # # # # # # # # # #"
                        text run at (0,152) width 120: "# # # # # # # # # # "
                        text run at (120,152) width 176: "# # # # # # # # # # # # # # #"
                        text run at (0,171) width 296: "# # # # # # # # # # # # # # # # # # # # # # # # #"
                        text run at (0,190) width 296: "# # # # # # # # # # # # # # # # # # # # # # # # #"
                        text run at (0,209) width 296: "# # # # # # # # # # # # # # # # # # # # # # # # #"
                        text run at (0,228) width 296: "# # # # # # # # # # # # # # # # # # # # # # # # #"
                        text run at (0,247) width 296: "# # # # # # # # # # # # # # # # # # # # # # # # #"
                        text run at (0,266) width 296: "# # # # # # # # # # # # # # # # # # # # # # # # #"
                        text run at (0,285) width 296: "# # # # # # # # # # # # # # # # # # # # # # # # #"
                        text run at (0,304) width 236: "# # # # # # # # # # # # # # # # # # # #"
            RenderTableCell {TD} at (537,342) size 232x342 [r=1 c=2 rs=1 cs=1]
              RenderTable {TABLE} at (0,0) size 232x342
                RenderTableSection {THEAD} at (0,0) size 232x19
                  RenderTableRow {TR} at (0,0) size 232x19
                    RenderTableCell {TH} at (0,0) size 232x19 [r=0 c=0 rs=1 cs=1]
                      RenderText {#text} at (79,0) size 74x19
                        text run at (79,0) width 74: "Header 3/2"
                RenderTableSection {TBODY} at (0,19) size 232x323
                  RenderTableRow {TR} at (0,0) size 232x323
                    RenderTableCell {TD} at (0,0) size 232x323 [r=0 c=0 rs=1 cs=1]
                      RenderText {#text} at (0,0) size 230x323
                        text run at (0,0) width 230: "1 2 3 ! ! ! ! ! ! ! ! ! ! ! ! ! ! ! ! ! ! ! ! ! !"
                        text run at (0,19) width 230: "! ! ! ! ! ! ! ! ! ! ! ! ! ! ! ! ! ! ! ! ! ! ! ! ! !"
                        text run at (0,38) width 230: "! ! ! ! ! ! ! ! ! ! ! ! ! ! ! ! ! ! ! ! ! ! ! ! ! !"
                        text run at (0,57) width 230: "! ! ! ! ! ! ! ! ! ! ! ! ! ! ! ! ! ! ! ! ! ! ! ! ! !"
                        text run at (0,76) width 230: "! ! ! ! ! ! ! ! ! ! ! ! ! ! ! ! ! ! ! ! ! ! ! ! ! !"
                        text run at (0,95) width 230: "! ! ! ! ! ! ! ! ! ! ! ! ! ! ! ! ! ! ! ! ! ! ! ! ! !"
                        text run at (0,114) width 230: "! ! ! ! ! ! ! ! ! ! ! ! ! ! ! ! ! ! ! ! ! ! ! ! ! !"
                        text run at (0,133) width 230: "! ! ! ! ! ! ! ! ! ! ! ! ! ! ! ! ! ! ! ! ! ! ! ! ! !"
                        text run at (0,152) width 27: "! ! ! "
                        text run at (27,152) width 203: "! ! ! ! ! ! ! ! ! ! ! ! ! ! ! ! ! ! ! ! ! ! !"
                        text run at (0,171) width 230: "! ! ! ! ! ! ! ! ! ! ! ! ! ! ! ! ! ! ! ! ! ! ! ! ! !"
                        text run at (0,190) width 230: "! ! ! ! ! ! ! ! ! ! ! ! ! ! ! ! ! ! ! ! ! ! ! ! ! !"
                        text run at (0,209) width 230: "! ! ! ! ! ! ! ! ! ! ! ! ! ! ! ! ! ! ! ! ! ! ! ! ! !"
                        text run at (0,228) width 230: "! ! ! ! ! ! ! ! ! ! ! ! ! ! ! ! ! ! ! ! ! ! ! ! ! !"
                        text run at (0,247) width 230: "! ! ! ! ! ! ! ! ! ! ! ! ! ! ! ! ! ! ! ! ! ! ! ! ! !"
                        text run at (0,266) width 230: "! ! ! ! ! ! ! ! ! ! ! ! ! ! ! ! ! ! ! ! ! ! ! ! ! !"
                        text run at (0,285) width 230: "! ! ! ! ! ! ! ! ! ! ! ! ! ! ! ! ! ! ! ! ! ! ! ! ! !"
                        text run at (0,304) width 41: "! ! ! ! !"
