layer at (0,0) size 785x1736
  RenderView at (0,0) size 785x600
layer at (0,0) size 785x1736
  RenderBlock {HTML} at (0,0) size 785x1736
    RenderBody {BODY} at (8,8) size 769x1720
      RenderTable {TABLE} at (0,0) size 769x323
        RenderTableSection {TBODY} at (0,0) size 769x323
          RenderTableRow {TR} at (0,0) size 769x323
            RenderTableCell {TD} at (0,0) size 48x323 [bgcolor=#0000FF] [r=0 c=0 rs=1 cs=1]
              RenderText {#text} at (0,0) size 48x323
                text run at (0,0) width 48: "XXXX"
                text run at (0,19) width 48: "XXXX"
                text run at (0,38) width 48: "XXXX"
                text run at (0,57) width 48: "XXXX"
                text run at (0,76) width 48: "XXXX"
                text run at (0,95) width 48: "XXXX"
                text run at (0,114) width 48: "XXXX"
                text run at (0,133) width 48: "XXXX"
                text run at (0,152) width 48: "XXXX"
                text run at (0,171) width 48: "XXXX"
                text run at (0,190) width 48: "XXXX"
                text run at (0,209) width 48: "XXXX"
                text run at (0,228) width 48: "XXXX"
                text run at (0,247) width 48: "XXXX"
                text run at (0,266) width 48: "XXXX"
                text run at (0,285) width 48: "XXXX"
                text run at (0,304) width 48: "XXXX"
            RenderTableCell {TD} at (48,161) size 721x0 [bgcolor=#008000] [r=0 c=1 rs=1 cs=1]
              RenderTable {TABLE} at (0,0) size 0x0 [bgcolor=#FFFF00]
      RenderBlock (anonymous) at (0,323) size 769x19
        RenderBR {BR} at (0,0) size 0x19
      RenderTable {TABLE} at (0,342) size 769x327 [border: (1px outset #808080)]
        RenderTableSection {TBODY} at (1,1) size 767x325
          RenderTableRow {TR} at (0,0) size 767x325
            RenderTableCell {TD} at (0,0) size 50x325 [bgcolor=#0000FF] [border: (1px inset #808080)] [r=0 c=0 rs=1 cs=1]
              RenderText {#text} at (1,1) size 48x323
                text run at (1,1) width 48: "XXXX"
                text run at (1,20) width 48: "XXXX"
                text run at (1,39) width 48: "XXXX"
                text run at (1,58) width 48: "XXXX"
                text run at (1,77) width 48: "XXXX"
                text run at (1,96) width 48: "XXXX"
                text run at (1,115) width 48: "XXXX"
                text run at (1,134) width 48: "XXXX"
                text run at (1,153) width 48: "XXXX"
                text run at (1,172) width 48: "XXXX"
                text run at (1,191) width 48: "XXXX"
                text run at (1,210) width 48: "XXXX"
                text run at (1,229) width 48: "XXXX"
                text run at (1,248) width 48: "XXXX"
                text run at (1,267) width 48: "XXXX"
                text run at (1,286) width 48: "XXXX"
                text run at (1,305) width 48: "XXXX"
            RenderTableCell {TD} at (50,161) size 717x2 [bgcolor=#008000] [border: (1px inset #808080)] [r=0 c=1 rs=1 cs=1]
              RenderTable {TABLE} at (1,1) size 0x0 [bgcolor=#FFFF00]
      RenderBlock (anonymous) at (0,669) size 769x19
        RenderBR {BR} at (0,0) size 0x19
      RenderTable {TABLE} at (0,688) size 769x329 [border: (1px outset #808080)]
        RenderTableSection {TBODY} at (1,1) size 767x327
          RenderTableRow {TR} at (0,0) size 767x327
            RenderTableCell {TD} at (0,0) size 52x327 [bgcolor=#0000FF] [border: (1px inset #808080)] [r=0 c=0 rs=1 cs=1]
              RenderText {#text} at (2,2) size 48x323
                text run at (2,2) width 48: "XXXX"
                text run at (2,21) width 48: "XXXX"
                text run at (2,40) width 48: "XXXX"
                text run at (2,59) width 48: "XXXX"
                text run at (2,78) width 48: "XXXX"
                text run at (2,97) width 48: "XXXX"
                text run at (2,116) width 48: "XXXX"
                text run at (2,135) width 48: "XXXX"
                text run at (2,154) width 48: "XXXX"
                text run at (2,173) width 48: "XXXX"
                text run at (2,192) width 48: "XXXX"
                text run at (2,211) width 48: "XXXX"
                text run at (2,230) width 48: "XXXX"
                text run at (2,249) width 48: "XXXX"
                text run at (2,268) width 48: "XXXX"
                text run at (2,287) width 48: "XXXX"
                text run at (2,306) width 48: "XXXX"
            RenderTableCell {TD} at (52,161) size 715x4 [bgcolor=#008000] [border: (1px inset #808080)] [r=0 c=1 rs=1 cs=1]
              RenderTable {TABLE} at (2,2) size 0x0 [bgcolor=#FFFF00]
      RenderBlock (anonymous) at (0,1017) size 769x19
        RenderBR {BR} at (0,0) size 0x19
      RenderTable {TABLE} at (0,1036) size 769x323
        RenderTableSection {TBODY} at (0,0) size 769x323
          RenderTableRow {TR} at (0,0) size 769x323
            RenderTableCell {TD} at (0,0) size 48x323 [bgcolor=#0000FF] [r=0 c=0 rs=1 cs=1]
              RenderText {#text} at (0,0) size 48x323
                text run at (0,0) width 48: "XXXX"
                text run at (0,19) width 48: "XXXX"
                text run at (0,38) width 48: "XXXX"
                text run at (0,57) width 48: "XXXX"
                text run at (0,76) width 48: "XXXX"
                text run at (0,95) width 48: "XXXX"
                text run at (0,114) width 48: "XXXX"
                text run at (0,133) width 48: "XXXX"
                text run at (0,152) width 48: "XXXX"
                text run at (0,171) width 48: "XXXX"
                text run at (0,190) width 48: "XXXX"
                text run at (0,209) width 48: "XXXX"
                text run at (0,228) width 48: "XXXX"
                text run at (0,247) width 48: "XXXX"
                text run at (0,266) width 48: "XXXX"
                text run at (0,285) width 48: "XXXX"
                text run at (0,304) width 48: "XXXX"
            RenderTableCell {TD} at (48,0) size 48x323 [bgcolor=#FFA500] [r=0 c=1 rs=1 cs=1]
              RenderText {#text} at (0,0) size 48x323
                text run at (0,0) width 48: "XXXX"
                text run at (0,19) width 48: "XXXX"
                text run at (0,38) width 48: "XXXX"
                text run at (0,57) width 48: "XXXX"
                text run at (0,76) width 48: "XXXX"
                text run at (0,95) width 48: "XXXX"
                text run at (0,114) width 48: "XXXX"
                text run at (0,133) width 48: "XXXX"
                text run at (0,152) width 48: "XXXX"
                text run at (0,171) width 48: "XXXX"
                text run at (0,190) width 48: "XXXX"
                text run at (0,209) width 48: "XXXX"
                text run at (0,228) width 48: "XXXX"
                text run at (0,247) width 48: "XXXX"
                text run at (0,266) width 48: "XXXX"
                text run at (0,285) width 48: "XXXX"
                text run at (0,304) width 48: "XXXX"
            RenderTableCell {TD} at (96,161) size 673x0 [bgcolor=#008000] [r=0 c=2 rs=1 cs=1]
              RenderTable {TABLE} at (0,0) size 0x0 [bgcolor=#FFFF00]
      RenderBlock (anonymous) at (0,1359) size 769x19
        RenderBR {BR} at (0,0) size 0x19
      RenderTable {TABLE} at (0,1378) size 769x323
        RenderTableSection {TBODY} at (0,0) size 769x323
          RenderTableRow {TR} at (0,0) size 769x323
            RenderTableCell {TD} at (0,0) size 48x323 [bgcolor=#0000FF] [r=0 c=0 rs=1 cs=1]
              RenderText {#text} at (0,0) size 48x323
                text run at (0,0) width 48: "XXXX"
                text run at (0,19) width 48: "XXXX"
                text run at (0,38) width 48: "XXXX"
                text run at (0,57) width 48: "XXXX"
                text run at (0,76) width 48: "XXXX"
                text run at (0,95) width 48: "XXXX"
                text run at (0,114) width 48: "XXXX"
                text run at (0,133) width 48: "XXXX"
                text run at (0,152) width 48: "XXXX"
                text run at (0,171) width 48: "XXXX"
                text run at (0,190) width 48: "XXXX"
                text run at (0,209) width 48: "XXXX"
                text run at (0,228) width 48: "XXXX"
                text run at (0,247) width 48: "XXXX"
                text run at (0,266) width 48: "XXXX"
                text run at (0,285) width 48: "XXXX"
                text run at (0,304) width 48: "XXXX"
            RenderTableCell {TD} at (48,152) size 721x19 [bgcolor=#008000] [r=0 c=1 rs=1 cs=1]
              RenderText {#text} at (0,0) size 8x19
                text run at (0,0) width 8: "x"
      RenderBlock (anonymous) at (0,1701) size 769x19
        RenderText {#text} at (0,0) size 19x19
          text run at (0,0) width 19: "-->"
