layer at (0,0) size 800x600
  RenderView at (0,0) size 800x600
layer at (0,0) size 800x600
  RenderBlock {HTML} at (0,0) size 800x600
    RenderBody {BODY} at (8,8) size 784x584 [bgcolor=#FFFFFF]
      RenderTable {TABLE} at (0,0) size 784x341 [border: (3px solid #008000)]
        RenderBlock {CAPTION} at (0,0) size 395x25 [border: (3px solid #FFA500)]
          RenderText {#text} at (84,3) size 227x19
            text run at (84,3) width 227: "caption text caption text caption text"
        RenderTableSection {TBODY} at (3,28) size 778x310
          RenderTableRow {TR} at (0,2) size 778x306
            RenderTableCell {TD} at (2,2) size 774x306 [r=0 c=0 rs=1 cs=1]
              RenderText {#text} at (1,1) size 770x304
                text run at (1,1) width 740: "table text which should wrap table text which should wrap table text which should wrap table text which should wrap"
                text run at (1,20) width 740: "table text which should wrap table text which should wrap table text which should wrap table text which should wrap"
                text run at (1,39) width 740: "table text which should wrap table text which should wrap table text which should wrap table text which should wrap"
                text run at (1,58) width 740: "table text which should wrap table text which should wrap table text which should wrap table text which should wrap"
                text run at (1,77) width 740: "table text which should wrap table text which should wrap table text which should wrap table text which should wrap"
                text run at (1,96) width 740: "table text which should wrap table text which should wrap table text which should wrap table text which should wrap"
                text run at (1,115) width 740: "table text which should wrap table text which should wrap table text which should wrap table text which should wrap"
                text run at (1,134) width 740: "table text which should wrap table text which should wrap table text which should wrap table text which should wrap"
                text run at (1,153) width 740: "table text which should wrap table text which should wrap table text which should wrap table text which should wrap"
                text run at (1,172) width 740: "table text which should wrap table text which should wrap table text which should wrap table text which should wrap"
                text run at (1,191) width 770: "table text which should wrap table text which should wraptable text which should wrap table text which should wrap table"
                text run at (1,210) width 767: "text which should wrap table text which should wrap table text which should wrap table text which should wrap table text"
                text run at (1,229) width 740: "which should wrap table text which should wrap table text which should wrap table text which should wrap table text"
                text run at (1,248) width 740: "which should wrap table text which should wrap table text which should wrap table text which should wrap table text"
                text run at (1,267) width 740: "which should wrap table text which should wrap table text which should wrap table text which should wrap table text"
                text run at (1,286) width 493: "which should wrap table text which should wrap table text which should wrap"
