layer at (0,0) size 800x600
  RenderView at (0,0) size 800x600
layer at (0,0) size 800x600
  RenderBlock {HTML} at (0,0) size 800x600
    RenderBody {BODY} at (8,8) size 784x584 [bgcolor=#FFFFFF]
      RenderTable {TABLE} at (0,0) size 784x151 [border: (3px solid #008000)]
        RenderBlock {CAPTION} at (0,0) size 778x25 [border: (3px solid #FFA500)]
          RenderText {#text} at (352,3) size 74x19
            text run at (352,3) width 74: "caption text"
        RenderTableSection {TBODY} at (3,28) size 778x120
          RenderTableRow {TR} at (0,2) size 778x116
            RenderTableCell {TD} at (2,2) size 774x116 [r=0 c=0 rs=1 cs=1]
              RenderText {#text} at (1,1) size 740x114
                text run at (1,1) width 740: "table text which should wrap table text which should wrap table text which should wrap table text which should wrap"
                text run at (1,20) width 740: "table text which should wrap table text which should wrap table text which should wrap table text which should wrap"
                text run at (1,39) width 740: "table text which should wrap table text which should wrap table text which should wrap table text which should wrap"
                text run at (1,58) width 740: "table text which should wrap table text which should wrap table text which should wrap table text which should wrap"
                text run at (1,77) width 740: "table text which should wrap table text which should wrap table text which should wrap table text which should wrap"
                text run at (1,96) width 182: "table text which should wrap"
