layer at (0,0) size 800x600
  RenderView at (0,0) size 800x600
layer at (0,0) size 800x600
  RenderBlock {HTML} at (0,0) size 800x600
    RenderBody {BODY} at (8,8) size 784x584
      RenderTable {TABLE} at (0,0) size 156x68 [border: (3px solid #008000)]
        RenderTableSection {TBODY} at (3,3) size 150x62
          RenderTableRow {TR} at (0,2) size 150x58
            RenderTableCell {TD} at (2,2) size 146x58 [r=0 c=0 rs=1 cs=1]
              RenderTable {TABLE} at (1,1) size 144x56 [border: (3px solid #008000)]
                RenderBlock {CAPTION} at (0,0) size 75x25 [border: (3px solid #FFA500)]
                  RenderText {#text} at (26,3) size 23x19
                    text run at (26,3) width 23: "cap"
                RenderTableSection {TBODY} at (3,28) size 138x25
                  RenderTableRow {TR} at (0,2) size 138x21
                    RenderTableCell {TD} at (2,2) size 134x21 [r=0 c=0 rs=1 cs=1]
                      RenderText {#text} at (1,1) size 132x19
                        text run at (1,1) width 132: "table cell foo and bar"
