layer at (0,0) size 800x600
  RenderView at (0,0) size 800x600
layer at (0,0) size 800x600
  RenderBlock {HTML} at (0,0) size 800x600
    RenderBody {BODY} at (128,8) size 664x584
      RenderBlock {P} at (0,0) size 664x19
        RenderText {#text} at (0,0) size 639x19
          text run at (0,0) width 639: "text text text previous paragraph text text above the table more text text text normal paragraph etc. etc."
      RenderTable {TABLE} at (254,35) size 155x258
        RenderBlock {CAPTION} at (-128,0) size 128x95
          RenderText {#text} at (9,0) size 119x95
            text run at (9,0) width 119: "This is the caption."
            text run at (72,19) width 56: "It is right"
            text run at (48,38) width 80: "aligned.Also"
            text run at (44,57) width 84: "aligned at the"
            text run at (84,76) width 44: "bottom"
        RenderTableSection {TBODY} at (0,95) size 155x163
          RenderTableRow {TR} at (0,2) size 155x21
            RenderTableCell {TH} at (2,2) size 49x21 [r=0 c=0 rs=1 cs=1]
              RenderText {#text} at (1,1) size 47x19
                text run at (1,1) width 47: "header"
            RenderTableCell {TH} at (53,2) size 49x21 [r=0 c=1 rs=1 cs=1]
              RenderText {#text} at (1,1) size 47x19
                text run at (1,1) width 47: "header"
            RenderTableCell {TH} at (104,2) size 49x21 [r=0 c=2 rs=1 cs=1]
              RenderText {#text} at (1,1) size 47x19
                text run at (1,1) width 47: "header"
          RenderTableRow {TR} at (0,25) size 155x21
            RenderTableCell {TD} at (2,25) size 49x21 [r=1 c=0 rs=1 cs=1]
              RenderText {#text} at (1,1) size 22x19
                text run at (1,1) width 22: "cell"
            RenderTableCell {TD} at (53,25) size 49x21 [r=1 c=1 rs=1 cs=1]
              RenderText {#text} at (1,1) size 22x19
                text run at (1,1) width 22: "cell"
            RenderTableCell {TD} at (104,25) size 49x21 [r=1 c=2 rs=1 cs=1]
              RenderText {#text} at (1,1) size 22x19
                text run at (1,1) width 22: "cell"
          RenderTableRow {TR} at (0,48) size 155x21
            RenderTableCell {TD} at (2,48) size 49x21 [r=2 c=0 rs=1 cs=1]
              RenderText {#text} at (1,1) size 22x19
                text run at (1,1) width 22: "cell"
            RenderTableCell {TD} at (53,48) size 49x21 [r=2 c=1 rs=1 cs=1]
              RenderText {#text} at (1,1) size 22x19
                text run at (1,1) width 22: "cell"
            RenderTableCell {TD} at (104,48) size 49x21 [r=2 c=2 rs=1 cs=1]
              RenderText {#text} at (1,1) size 22x19
                text run at (1,1) width 22: "cell"
          RenderTableRow {TR} at (0,71) size 155x21
            RenderTableCell {TD} at (2,71) size 49x21 [r=3 c=0 rs=1 cs=1]
              RenderText {#text} at (1,1) size 22x19
                text run at (1,1) width 22: "cell"
            RenderTableCell {TD} at (53,71) size 49x21 [r=3 c=1 rs=1 cs=1]
              RenderText {#text} at (1,1) size 22x19
                text run at (1,1) width 22: "cell"
            RenderTableCell {TD} at (104,71) size 49x21 [r=3 c=2 rs=1 cs=1]
              RenderText {#text} at (1,1) size 22x19
                text run at (1,1) width 22: "cell"
          RenderTableRow {TR} at (0,94) size 155x21
            RenderTableCell {TD} at (2,94) size 49x21 [r=4 c=0 rs=1 cs=1]
              RenderText {#text} at (1,1) size 22x19
                text run at (1,1) width 22: "cell"
            RenderTableCell {TD} at (53,94) size 49x21 [r=4 c=1 rs=1 cs=1]
              RenderText {#text} at (1,1) size 22x19
                text run at (1,1) width 22: "cell"
            RenderTableCell {TD} at (104,94) size 49x21 [r=4 c=2 rs=1 cs=1]
              RenderText {#text} at (1,1) size 22x19
                text run at (1,1) width 22: "cell"
          RenderTableRow {TR} at (0,117) size 155x21
            RenderTableCell {TD} at (2,117) size 49x21 [r=5 c=0 rs=1 cs=1]
              RenderText {#text} at (1,1) size 22x19
                text run at (1,1) width 22: "cell"
            RenderTableCell {TD} at (53,117) size 49x21 [r=5 c=1 rs=1 cs=1]
              RenderText {#text} at (1,1) size 22x19
                text run at (1,1) width 22: "cell"
            RenderTableCell {TD} at (104,117) size 49x21 [r=5 c=2 rs=1 cs=1]
              RenderText {#text} at (1,1) size 22x19
                text run at (1,1) width 22: "cell"
          RenderTableRow {TR} at (0,140) size 155x21
            RenderTableCell {TD} at (2,140) size 49x21 [r=6 c=0 rs=1 cs=1]
              RenderText {#text} at (1,1) size 22x19
                text run at (1,1) width 22: "cell"
            RenderTableCell {TD} at (53,140) size 49x21 [r=6 c=1 rs=1 cs=1]
              RenderText {#text} at (1,1) size 22x19
                text run at (1,1) width 22: "cell"
            RenderTableCell {TD} at (104,140) size 49x21 [r=6 c=2 rs=1 cs=1]
              RenderText {#text} at (1,1) size 22x19
                text run at (1,1) width 22: "cell"
