layer at (0,0) size 800x600
  RenderView at (0,0) size 800x600
layer at (0,0) size 800x600
  RenderBlock {HTML} at (0,0) size 800x600
    RenderBody {BODY} at (8,8) size 784x584
      RenderBlock {P} at (0,0) size 784x57
        RenderText {#text} at (0,0) size 778x38
          text run at (0,0) width 778: "(1) Table with 2 columns. Relative width value for first column is \"1*\" and for column 2 is \"3*\". Table width is 100%. The"
          text run at (0,19) width 710: "first column should span 1/4 of the window width and the second column should span 3/4 of the window width. "
        RenderInline {B} at (0,0) size 730x38
          RenderText {#text} at (710,19) size 730x38
            text run at (710,19) width 20: "5.0"
            text run at (0,38) width 148: "renders this correctly."
      RenderTable {TABLE} at (0,73) size 784x29 [border: (1px outset #808080)]
        RenderTableCol {COLGROUP} at (0,0) size 0x0
          RenderTableCol {COL} at (0,0) size 0x0
          RenderTableCol {COL} at (0,0) size 0x0
        RenderTableSection {TBODY} at (1,1) size 782x27
          RenderTableRow {TR} at (0,2) size 782x23
            RenderTableCell {TD} at (2,2) size 388x23 [border: (1px inset #808080)] [r=0 c=0 rs=1 cs=1]
              RenderText {#text} at (2,2) size 27x19
                text run at (2,2) width 27: "Test"
            RenderTableCell {TD} at (392,2) size 388x23 [border: (1px inset #808080)] [r=0 c=1 rs=1 cs=1]
              RenderText {#text} at (2,2) size 27x19
                text run at (2,2) width 27: "Test"
      RenderBlock (anonymous) at (0,102) size 784x38
        RenderBR {BR} at (0,0) size 0x19
        RenderBR {BR} at (0,19) size 0x19
      RenderBlock {P} at (0,156) size 784x38
        RenderText {#text} at (0,0) size 762x38
          text run at (0,0) width 762: "(2) Table with 1 column. Relative width value for column is \"0*\" with table width of 100%. The column should span the"
          text run at (0,19) width 360: "minimum width necessary to hold the column's contents. "
        RenderInline {B} at (0,0) size 62x19
          RenderText {#text} at (360,19) size 62x19
            text run at (360,19) width 62: "Problem."
      RenderTable {TABLE} at (0,210) size 784x29 [border: (1px outset #808080)]
        RenderTableCol {COLGROUP} at (0,0) size 0x0
          RenderTableCol {COL} at (0,0) size 0x0
        RenderTableSection {TBODY} at (1,1) size 782x27
          RenderTableRow {TR} at (0,2) size 782x23
            RenderTableCell {TD} at (2,2) size 778x23 [border: (1px inset #808080)] [r=0 c=0 rs=1 cs=1]
              RenderText {#text} at (2,2) size 27x19
                text run at (2,2) width 27: "Test"
      RenderBlock (anonymous) at (0,239) size 784x38
        RenderBR {BR} at (0,0) size 0x19
        RenderBR {BR} at (0,19) size 0x19
      RenderBlock {P} at (0,293) size 784x57
        RenderText {#text} at (0,0) size 778x38
          text run at (0,0) width 778: "(3) Table with 2 columns. Relative width value for first column is \"0*\" and for column 2 is \"3*\". Table width is 100%. The"
          text run at (0,19) width 743: "first column should span the minimum width necessary to hold the column's contents. The second column should ????"
        RenderInline {B} at (0,0) size 770x38
          RenderText {#text} at (743,19) size 770x38
            text run at (743,19) width 27: "The"
            text run at (0,38) width 699: "first column is rendered properly, but there seems to be a problem with the width of the second column."
      RenderTable {TABLE} at (0,366) size 784x29 [border: (1px outset #808080)]
        RenderTableCol {COLGROUP} at (0,0) size 0x0
          RenderTableCol {COL} at (0,0) size 0x0
          RenderTableCol {COL} at (0,0) size 0x0
        RenderTableSection {TBODY} at (1,1) size 782x27
          RenderTableRow {TR} at (0,2) size 782x23
            RenderTableCell {TD} at (2,2) size 388x23 [border: (1px inset #808080)] [r=0 c=0 rs=1 cs=1]
              RenderText {#text} at (2,2) size 27x19
                text run at (2,2) width 27: "Test"
            RenderTableCell {TD} at (392,2) size 388x23 [border: (1px inset #808080)] [r=0 c=1 rs=1 cs=1]
              RenderText {#text} at (2,2) size 27x19
                text run at (2,2) width 27: "Test"
