layer at (0,0) size 800x600
  RenderView at (0,0) size 800x600
layer at (0,0) size 800x418
  RenderBlock {HTML} at (0,0) size 800x418
    RenderBody {BODY} at (8,22) size 784x388
      RenderBlock {H5} at (0,0) size 784x15
        RenderText {#text} at (0,0) size 208x15
          text run at (0,0) width 208: "table - color, tbodies color, row color"
      RenderTable {TABLE} at (0,37) size 187x351 [bgcolor=#FFA500] [border: (1px outset #808080)]
        RenderTableSection {TBODY} at (41,41) size 105x166 [bgcolor=#FF0000]
          RenderTableRow {TR} at (0,40) size 105x23 [bgcolor=#FFFF00]
            RenderTableCell {TD} at (40,40) size 25x23 [border: (1px inset #808080)] [r=0 c=0 rs=1 cs=1]
              RenderText {#text} at (2,2) size 21x19
                text run at (2,2) width 21: "foo"
          RenderTableRow {TR} at (0,103) size 105x23
            RenderTableCell {TD} at (40,103) size 25x23 [border: (1px inset #808080)] [r=1 c=0 rs=1 cs=1]
              RenderText {#text} at (2,2) size 21x19
                text run at (2,2) width 21: "foo"
        RenderTableSection {TBODY} at (41,207) size 105x103 [bgcolor=#008000]
          RenderTableRow {TR} at (0,40) size 105x23
            RenderTableCell {TD} at (40,40) size 25x23 [border: (1px inset #808080)] [r=0 c=0 rs=1 cs=1]
              RenderText {#text} at (2,2) size 21x19
                text run at (2,2) width 21: "foo"
