layer at (0,0) size 800x600
  RenderView at (0,0) size 800x600
layer at (0,0) size 800x600
  RenderBlock {HTML} at (0,0) size 800x600
    RenderBody {BODY} at (8,8) size 784x584
      RenderTable {TABLE} at (0,0) size 148x29 [border: (1px outset #808080)]
        RenderTableSection {TBODY} at (1,1) size 146x27
          RenderTableRow {TR} at (0,2) size 146x23
            RenderTableCell {TD} at (2,2) size 142x23 [border: (1px inset #808080)] [r=0 c=0 rs=1 cs=4]
              RenderImage {IMG} at (122,2) size 18x15
              RenderImage {IMG} at (91,2) size 28x15
              RenderImage {IMG} at (70,2) size 18x15
              RenderInline {B} at (0,0) size 65x19
                RenderInline {B} at (0,0) size 65x19
                  RenderText {#text} at (2,2) size 65x19
                    text run at (2,2) width 65: "Portfolios"
              RenderText {#text} at (0,0) size 0x0
      RenderBlock (anonymous) at (0,29) size 784x19
        RenderBR {BR} at (0,0) size 0x19
      RenderTable {TABLE} at (0,48) size 784x31 [bgcolor=#EEEEEE] [border: (1px outset #808080)]
        RenderTableSection {TBODY} at (1,1) size 782x29
          RenderTableRow {TR} at (0,0) size 782x29 [bgcolor=#CCCCFF]
            RenderTableCell {TD} at (0,0) size 782x29 [border: (1px inset #808080)] [r=0 c=0 rs=1 cs=1]
              RenderInline {A} at (0,0) size 0x0 [color=#0000EE]
                RenderText {#text} at (0,0) size 0x0
                RenderImage {IMG} at (759,5) size 18x15
              RenderText {#text} at (0,0) size 0x0
              RenderInline {A} at (0,0) size 0x0 [color=#0000EE]
                RenderText {#text} at (0,0) size 0x0
                RenderImage {IMG} at (728,5) size 28x15
              RenderText {#text} at (5,5) size 63x19
                text run at (5,5) width 63: "Some text"
