layer at (0,0) size 982x3044
  RenderView at (0,0) size 785x585
layer at (0,0) size 785x3044
  RenderBlock {HTML} at (0,0) size 785x3044
    RenderBody {BODY} at (32,32) size 721x2980
      RenderBlock {DIV} at (32,0) size 657x668 [border: (1px solid #008000)]
        RenderBlock {DIV} at (33,33) size 591x602 [border: (1px solid #FF0000)]
          RenderImage {IMG} at (1,1) size 589x600
          RenderText {#text} at (0,0) size 0x0
      RenderBlock {P} at (0,700) size 721x19
        RenderText {#text} at (0,0) size 541x19
          text run at (0,0) width 541: "percentage height images in DIV with no height (red) in a DIV with no height (green)"
      RenderBlock {DIV} at (32,751) size 657x672 [border: (3px dotted #008000)]
        RenderBlock {DIV} at (35,35) size 587x602 [border: (1px solid #FF0000)]
          RenderImage {IMG} at (1,1) size 882x600
          RenderText {#text} at (0,0) size 0x0
      RenderBlock {P} at (0,1455) size 721x19
        RenderText {#text} at (0,0) size 471x19
          text run at (0,0) width 471: "percentage height image in table cell (red), in a DIV with no height (green)"
      RenderBlock {DIV} at (32,1506) size 657x1474
        RenderTable {TABLE} at (0,0) size 260x1474 [border: (1px solid #FF0000)]
          RenderTableSection {TBODY} at (1,1) size 258x1472
            RenderTableRow {TR} at (0,2) size 258x1468
              RenderTableCell {TD} at (2,649) size 254x174 [border: (1px solid #FF0000)] [r=0 c=0 rs=1 cs=1]
                RenderImage {IMG} at (2,2) size 250x170
