layer at (0,0) size 800x600
  RenderView at (0,0) size 800x600
layer at (0,0) size 800x600
  RenderBlock {HTML} at (0,0) size 800x600
    RenderBody {BODY} at (8,8) size 784x576
      RenderBlock {FORM} at (0,0) size 784x96
        RenderTable {TABLE} at (0,0) size 344x96 [border: (1px outset #808080)]
          RenderTableSection {TBODY} at (1,1) size 342x94
            RenderTableRow {TR} at (0,2) size 342x90
              RenderTableCell {TD} at (2,2) size 338x90 [border: (1px inset #808080)] [r=0 c=0 rs=1 cs=1]
                RenderTable {TABLE} at (2,2) size 334x86 [border: (2px outset #808080)]
                  RenderTableSection {TBODY} at (2,2) size 330x82
                    RenderTableRow {TR} at (0,2) size 330x40
                      RenderTableCell {TD} at (2,2) size 94x40 [border: (1px inset #808080)] [r=0 c=0 rs=1 cs=1]
                        RenderText {#text} at (2,2) size 56x37
                          text run at (2,2) width 53: "Member"
                          text run at (2,20) width 56: "Number:"
                      RenderTableCell {TD} at (98,4) size 224x36 [border: (1px inset #808080)] [r=0 c=1 rs=1 cs=1]
                        RenderTextControl {INPUT} at (4,4) size 193x28 [bgcolor=#FFFFFF]
                        RenderText {#text} at (0,0) size 0x0
                    RenderTableRow {TR} at (0,44) size 330x36
                      RenderTableCell {TD} at (2,51) size 94x22 [border: (1px inset #808080)] [r=1 c=0 rs=1 cs=1]
                        RenderText {#text} at (2,2) size 30x19
                          text run at (2,2) width 30: "PIN:"
                      RenderTableCell {TD} at (98,44) size 224x36 [border: (1px inset #808080)] [r=1 c=1 rs=1 cs=1]
                        RenderTextControl {INPUT} at (4,4) size 193x28 [bgcolor=#FFFFFF]
                        RenderText {#text} at (0,0) size 0x0
                      RenderTableCell {TD} at (324,60) size 4x4 [border: (1px inset #808080)] [r=1 c=2 rs=1 cs=1]
layer at (121,29) size 186x18
  RenderBlock {DIV} at (4,6) size 186x18
layer at (121,69) size 186x18
  RenderBlock {DIV} at (4,6) size 186x18
