layer at (0,0) size 785x1794
  RenderView at (0,0) size 785x600
layer at (0,0) size 785x1794
  RenderBlock {HTML} at (0,0) size 785x1794 [border: (1px solid #000000)]
    RenderBody {BODY} at (9,9) size 767x1776 [bgcolor=#FFFFFF] [border: (1px solid #000000)]
      RenderBlock {H1} at (1,1) size 765x39 [border: (1px solid #000000)]
        RenderText {#text} at (1,1) size 288x36
          text run at (1,1) width 288: "Caption Margin Test"
      RenderBlock {DIV} at (1,61) size 102x21 [border: (1px solid #008000)]
        RenderText {#text} at (1,1) size 40x19
          text run at (1,1) width 40: "100px"
      RenderBlock {DIV} at (1,82) size 52x21 [border: (1px solid #FF0000)]
        RenderText {#text} at (1,1) size 32x19
          text run at (1,1) width 32: "50px"
      RenderBlock {H2} at (1,122) size 765x30 [border: (1px solid #000000)]
        RenderText {#text} at (1,1) size 80x28
          text run at (1,1) width 80: "Control"
      RenderTable {TABLE} at (1,171) size 172x50 [border: (1px solid #000000)]
        RenderBlock {CAPTION} at (0,0) size 170x21 [border: (1px solid #000000)]
          RenderText {#text} at (74,1) size 22x19
            text run at (74,1) width 22: "TA"
        RenderTableSection {TBODY} at (1,22) size 170x27 [border: (1px solid #000000)]
          RenderTableRow {TR} at (0,2) size 170x23 [border: (1px solid #000000)]
            RenderTableCell {TD} at (2,2) size 82x23 [border: (1px solid #000000)] [r=0 c=0 rs=1 cs=1]
              RenderText {#text} at (2,2) size 78x19
                text run at (2,2) width 78: "Table Cell 1"
            RenderTableCell {TD} at (86,2) size 82x23 [border: (1px solid #000000)] [r=0 c=1 rs=1 cs=1]
              RenderText {#text} at (2,2) size 78x19
                text run at (2,2) width 78: "Table Cell 2"
      RenderTable {TABLE} at (1,221) size 336x50 [border: (1px solid #000000)]
        RenderBlock {CAPTION} at (0,0) size 334x21 [border: (1px solid #000000)]
          RenderText {#text} at (156,1) size 22x19
            text run at (156,1) width 22: "TB"
        RenderTableSection {TBODY} at (1,22) size 334x27 [border: (1px solid #000000)]
          RenderTableRow {TR} at (0,2) size 334x23 [border: (1px solid #000000)]
            RenderTableCell {TD} at (2,2) size 164x23 [border: (1px solid #000000)] [r=0 c=0 rs=1 cs=1]
              RenderText {#text} at (2,2) size 160x19
                text run at (2,2) width 160: "Table Cell 1 Table Cell 1"
            RenderTableCell {TD} at (168,2) size 164x23 [border: (1px solid #000000)] [r=0 c=1 rs=1 cs=1]
              RenderText {#text} at (2,2) size 160x19
                text run at (2,2) width 160: "Table Cell 2 Table Cell 2"
      RenderBlock {H2} at (1,290) size 765x30 [border: (1px solid #000000)]
        RenderText {#text} at (1,1) size 288x28
          text run at (1,1) width 288: "Test 1 - \"margin-left: 50px\""
      RenderTable {TABLE} at (1,339) size 172x50 [border: (1px solid #000000)]
        RenderBlock {CAPTION} at (50,0) size 120x21 [border: (1px solid #000000)]
          RenderText {#text} at (49,1) size 22x19
            text run at (49,1) width 22: "TA"
        RenderTableSection {TBODY} at (1,22) size 170x27 [border: (1px solid #000000)]
          RenderTableRow {TR} at (0,2) size 170x23 [border: (1px solid #000000)]
            RenderTableCell {TD} at (2,2) size 82x23 [border: (1px solid #000000)] [r=0 c=0 rs=1 cs=1]
              RenderText {#text} at (2,2) size 78x19
                text run at (2,2) width 78: "Table Cell 1"
            RenderTableCell {TD} at (86,2) size 82x23 [border: (1px solid #000000)] [r=0 c=1 rs=1 cs=1]
              RenderText {#text} at (2,2) size 78x19
                text run at (2,2) width 78: "Table Cell 2"
      RenderTable {TABLE} at (1,389) size 336x50 [border: (1px solid #000000)]
        RenderBlock {CAPTION} at (50,0) size 284x21 [border: (1px solid #000000)]
          RenderText {#text} at (131,1) size 22x19
            text run at (131,1) width 22: "TB"
        RenderTableSection {TBODY} at (1,22) size 334x27 [border: (1px solid #000000)]
          RenderTableRow {TR} at (0,2) size 334x23 [border: (1px solid #000000)]
            RenderTableCell {TD} at (2,2) size 164x23 [border: (1px solid #000000)] [r=0 c=0 rs=1 cs=1]
              RenderText {#text} at (2,2) size 160x19
                text run at (2,2) width 160: "Table Cell 1 Table Cell 1"
            RenderTableCell {TD} at (168,2) size 164x23 [border: (1px solid #000000)] [r=0 c=1 rs=1 cs=1]
              RenderText {#text} at (2,2) size 160x19
                text run at (2,2) width 160: "Table Cell 2 Table Cell 2"
      RenderBlock {H2} at (1,458) size 765x30 [border: (1px solid #000000)]
        RenderText {#text} at (1,1) size 305x28
          text run at (1,1) width 305: "Test 2 - \"margin-right: 50px\""
      RenderTable {TABLE} at (1,507) size 172x50 [border: (1px solid #000000)]
        RenderBlock {CAPTION} at (0,0) size 120x21 [border: (1px solid #000000)]
          RenderText {#text} at (49,1) size 22x19
            text run at (49,1) width 22: "TA"
        RenderTableSection {TBODY} at (1,22) size 170x27 [border: (1px solid #000000)]
          RenderTableRow {TR} at (0,2) size 170x23 [border: (1px solid #000000)]
            RenderTableCell {TD} at (2,2) size 82x23 [border: (1px solid #000000)] [r=0 c=0 rs=1 cs=1]
              RenderText {#text} at (2,2) size 78x19
                text run at (2,2) width 78: "Table Cell 1"
            RenderTableCell {TD} at (86,2) size 82x23 [border: (1px solid #000000)] [r=0 c=1 rs=1 cs=1]
              RenderText {#text} at (2,2) size 78x19
                text run at (2,2) width 78: "Table Cell 2"
      RenderTable {TABLE} at (1,557) size 336x50 [border: (1px solid #000000)]
        RenderBlock {CAPTION} at (0,0) size 284x21 [border: (1px solid #000000)]
          RenderText {#text} at (131,1) size 22x19
            text run at (131,1) width 22: "TB"
        RenderTableSection {TBODY} at (1,22) size 334x27 [border: (1px solid #000000)]
          RenderTableRow {TR} at (0,2) size 334x23 [border: (1px solid #000000)]
            RenderTableCell {TD} at (2,2) size 164x23 [border: (1px solid #000000)] [r=0 c=0 rs=1 cs=1]
              RenderText {#text} at (2,2) size 160x19
                text run at (2,2) width 160: "Table Cell 1 Table Cell 1"
            RenderTableCell {TD} at (168,2) size 164x23 [border: (1px solid #000000)] [r=0 c=1 rs=1 cs=1]
              RenderText {#text} at (2,2) size 160x19
                text run at (2,2) width 160: "Table Cell 2 Table Cell 2"
      RenderBlock {H2} at (1,626) size 765x30 [border: (1px solid #000000)]
        RenderText {#text} at (1,1) size 246x28
          text run at (1,1) width 246: "Test 3 - \"margin: 50px\""
      RenderTable {TABLE} at (1,675) size 172x150 [border: (1px solid #000000)]
        RenderBlock {CAPTION} at (50,50) size 70x21 [border: (1px solid #000000)]
          RenderText {#text} at (24,1) size 22x19
            text run at (24,1) width 22: "TA"
        RenderTableSection {TBODY} at (1,122) size 170x27 [border: (1px solid #000000)]
          RenderTableRow {TR} at (0,2) size 170x23 [border: (1px solid #000000)]
            RenderTableCell {TD} at (2,2) size 82x23 [border: (1px solid #000000)] [r=0 c=0 rs=1 cs=1]
              RenderText {#text} at (2,2) size 78x19
                text run at (2,2) width 78: "Table Cell 1"
            RenderTableCell {TD} at (86,2) size 82x23 [border: (1px solid #000000)] [r=0 c=1 rs=1 cs=1]
              RenderText {#text} at (2,2) size 78x19
                text run at (2,2) width 78: "Table Cell 2"
      RenderTable {TABLE} at (1,825) size 336x150 [border: (1px solid #000000)]
        RenderBlock {CAPTION} at (50,50) size 234x21 [border: (1px solid #000000)]
          RenderText {#text} at (106,1) size 22x19
            text run at (106,1) width 22: "TB"
        RenderTableSection {TBODY} at (1,122) size 334x27 [border: (1px solid #000000)]
          RenderTableRow {TR} at (0,2) size 334x23 [border: (1px solid #000000)]
            RenderTableCell {TD} at (2,2) size 164x23 [border: (1px solid #000000)] [r=0 c=0 rs=1 cs=1]
              RenderText {#text} at (2,2) size 160x19
                text run at (2,2) width 160: "Table Cell 1 Table Cell 1"
            RenderTableCell {TD} at (168,2) size 164x23 [border: (1px solid #000000)] [r=0 c=1 rs=1 cs=1]
              RenderText {#text} at (2,2) size 160x19
                text run at (2,2) width 160: "Table Cell 2 Table Cell 2"
      RenderTable {TABLE} at (1,975) size 500x150 [border: (1px solid #000000)]
        RenderBlock {CAPTION} at (50,50) size 398x21 [border: (1px solid #000000)]
          RenderText {#text} at (188,1) size 22x19
            text run at (188,1) width 22: "TC"
        RenderTableSection {TBODY} at (1,122) size 498x27 [border: (1px solid #000000)]
          RenderTableRow {TR} at (0,2) size 498x23 [border: (1px solid #000000)]
            RenderTableCell {TD} at (2,2) size 246x23 [border: (1px solid #000000)] [r=0 c=0 rs=1 cs=1]
              RenderText {#text} at (2,2) size 242x19
                text run at (2,2) width 242: "Table Cell 1 Table Cell 1 Table Cell 1"
            RenderTableCell {TD} at (250,2) size 246x23 [border: (1px solid #000000)] [r=0 c=1 rs=1 cs=1]
              RenderText {#text} at (2,2) size 242x19
                text run at (2,2) width 242: "Table Cell 2 Table Cell 2 Table Cell 2"
      RenderBlock {H2} at (1,1144) size 765x30 [border: (1px solid #000000)]
        RenderText {#text} at (1,1) size 275x28
          text run at (1,1) width 275: "Test 4 - \"margin-left: 5%\""
      RenderTable {TABLE} at (1,1193) size 172x50 [border: (1px solid #000000)]
        RenderBlock {CAPTION} at (8,0) size 162x21 [border: (1px solid #000000)]
          RenderText {#text} at (70,1) size 22x19
            text run at (70,1) width 22: "TA"
        RenderTableSection {TBODY} at (1,22) size 170x27 [border: (1px solid #000000)]
          RenderTableRow {TR} at (0,2) size 170x23 [border: (1px solid #000000)]
            RenderTableCell {TD} at (2,2) size 82x23 [border: (1px solid #000000)] [r=0 c=0 rs=1 cs=1]
              RenderText {#text} at (2,2) size 78x19
                text run at (2,2) width 78: "Table Cell 1"
            RenderTableCell {TD} at (86,2) size 82x23 [border: (1px solid #000000)] [r=0 c=1 rs=1 cs=1]
              RenderText {#text} at (2,2) size 78x19
                text run at (2,2) width 78: "Table Cell 2"
      RenderTable {TABLE} at (1,1243) size 336x50 [border: (1px solid #000000)]
        RenderBlock {CAPTION} at (16,0) size 318x21 [border: (1px solid #000000)]
          RenderText {#text} at (148,1) size 22x19
            text run at (148,1) width 22: "TB"
        RenderTableSection {TBODY} at (1,22) size 334x27 [border: (1px solid #000000)]
          RenderTableRow {TR} at (0,2) size 334x23 [border: (1px solid #000000)]
            RenderTableCell {TD} at (2,2) size 164x23 [border: (1px solid #000000)] [r=0 c=0 rs=1 cs=1]
              RenderText {#text} at (2,2) size 160x19
                text run at (2,2) width 160: "Table Cell 1 Table Cell 1"
            RenderTableCell {TD} at (168,2) size 164x23 [border: (1px solid #000000)] [r=0 c=1 rs=1 cs=1]
              RenderText {#text} at (2,2) size 160x19
                text run at (2,2) width 160: "Table Cell 2 Table Cell 2"
      RenderBlock {H2} at (1,1312) size 765x30 [border: (1px solid #000000)]
        RenderText {#text} at (1,1) size 292x28
          text run at (1,1) width 292: "Test 5 - \"margin-right: 5%\""
      RenderTable {TABLE} at (1,1361) size 172x50 [border: (1px solid #000000)]
        RenderBlock {CAPTION} at (0,0) size 162x21 [border: (1px solid #000000)]
          RenderText {#text} at (70,1) size 22x19
            text run at (70,1) width 22: "TA"
        RenderTableSection {TBODY} at (1,22) size 170x27 [border: (1px solid #000000)]
          RenderTableRow {TR} at (0,2) size 170x23 [border: (1px solid #000000)]
            RenderTableCell {TD} at (2,2) size 82x23 [border: (1px solid #000000)] [r=0 c=0 rs=1 cs=1]
              RenderText {#text} at (2,2) size 78x19
                text run at (2,2) width 78: "Table Cell 1"
            RenderTableCell {TD} at (86,2) size 82x23 [border: (1px solid #000000)] [r=0 c=1 rs=1 cs=1]
              RenderText {#text} at (2,2) size 78x19
                text run at (2,2) width 78: "Table Cell 2"
      RenderTable {TABLE} at (1,1411) size 336x50 [border: (1px solid #000000)]
        RenderBlock {CAPTION} at (0,0) size 318x21 [border: (1px solid #000000)]
          RenderText {#text} at (148,1) size 22x19
            text run at (148,1) width 22: "TB"
        RenderTableSection {TBODY} at (1,22) size 334x27 [border: (1px solid #000000)]
          RenderTableRow {TR} at (0,2) size 334x23 [border: (1px solid #000000)]
            RenderTableCell {TD} at (2,2) size 164x23 [border: (1px solid #000000)] [r=0 c=0 rs=1 cs=1]
              RenderText {#text} at (2,2) size 160x19
                text run at (2,2) width 160: "Table Cell 1 Table Cell 1"
            RenderTableCell {TD} at (168,2) size 164x23 [border: (1px solid #000000)] [r=0 c=1 rs=1 cs=1]
              RenderText {#text} at (2,2) size 160x19
                text run at (2,2) width 160: "Table Cell 2 Table Cell 2"
      RenderBlock {H2} at (1,1480) size 765x30 [border: (1px solid #000000)]
        RenderText {#text} at (1,1) size 233x28
          text run at (1,1) width 233: "Test 6 - \"margin: 5%\""
      RenderTable {TABLE} at (1,1529) size 172x66 [border: (1px solid #000000)]
        RenderBlock {CAPTION} at (8,8) size 154x21 [border: (1px solid #000000)]
          RenderText {#text} at (66,1) size 22x19
            text run at (66,1) width 22: "TA"
        RenderTableSection {TBODY} at (1,38) size 170x27 [border: (1px solid #000000)]
          RenderTableRow {TR} at (0,2) size 170x23 [border: (1px solid #000000)]
            RenderTableCell {TD} at (2,2) size 82x23 [border: (1px solid #000000)] [r=0 c=0 rs=1 cs=1]
              RenderText {#text} at (2,2) size 78x19
                text run at (2,2) width 78: "Table Cell 1"
            RenderTableCell {TD} at (86,2) size 82x23 [border: (1px solid #000000)] [r=0 c=1 rs=1 cs=1]
              RenderText {#text} at (2,2) size 78x19
                text run at (2,2) width 78: "Table Cell 2"
      RenderTable {TABLE} at (1,1595) size 336x82 [border: (1px solid #000000)]
        RenderBlock {CAPTION} at (16,16) size 302x21 [border: (1px solid #000000)]
          RenderText {#text} at (140,1) size 22x19
            text run at (140,1) width 22: "TB"
        RenderTableSection {TBODY} at (1,54) size 334x27 [border: (1px solid #000000)]
          RenderTableRow {TR} at (0,2) size 334x23 [border: (1px solid #000000)]
            RenderTableCell {TD} at (2,2) size 164x23 [border: (1px solid #000000)] [r=0 c=0 rs=1 cs=1]
              RenderText {#text} at (2,2) size 160x19
                text run at (2,2) width 160: "Table Cell 1 Table Cell 1"
            RenderTableCell {TD} at (168,2) size 164x23 [border: (1px solid #000000)] [r=0 c=1 rs=1 cs=1]
              RenderText {#text} at (2,2) size 160x19
                text run at (2,2) width 160: "Table Cell 2 Table Cell 2"
      RenderTable {TABLE} at (1,1677) size 500x98 [border: (1px solid #000000)]
        RenderBlock {CAPTION} at (24,24) size 450x21 [border: (1px solid #000000)]
          RenderText {#text} at (214,1) size 22x19
            text run at (214,1) width 22: "TB"
        RenderTableSection {TBODY} at (1,70) size 498x27 [border: (1px solid #000000)]
          RenderTableRow {TR} at (0,2) size 498x23 [border: (1px solid #000000)]
            RenderTableCell {TD} at (2,2) size 246x23 [border: (1px solid #000000)] [r=0 c=0 rs=1 cs=1]
              RenderText {#text} at (2,2) size 242x19
                text run at (2,2) width 242: "Table Cell 1 Table Cell 1 Table Cell 1"
            RenderTableCell {TD} at (250,2) size 246x23 [border: (1px solid #000000)] [r=0 c=1 rs=1 cs=1]
              RenderText {#text} at (2,2) size 242x19
                text run at (2,2) width 242: "Table Cell 2 Table Cell 2 Table Cell 2"
