layer at (0,0) size 800x600
  RenderView at (0,0) size 800x600
layer at (0,0) size 800x600
  RenderBlock {HTML} at (0,0) size 800x600
    RenderFrameSet {FRAMESET} at (0,0) size 800x600
      RenderFrame {FRAME} at (0,0) size 800x200
        layer at (0,0) size 800x200
          RenderView at (0,0) size 800x200
        layer at (0,0) size 800x200
          RenderBlock {HTML} at (0,0) size 800x200
            RenderBody {BODY} at (8,8) size 784x176
              RenderBlock {P} at (0,0) size 784x38
                RenderText {#text} at (0,0) size 53x19
                  text run at (0,0) width 53: "Test for "
                RenderInline {I} at (0,0) size 722x38
                  RenderInline {A} at (0,0) size 307x19 [color=#0000EE]
                    RenderText {#text} at (53,0) size 307x19
                      text run at (53,0) width 307: "https://bugs.webkit.org/show_bug.cgi?id=19348"
                  RenderText {#text} at (360,0) size 722x38
                    text run at (360,0) width 4: " "
                    text run at (364,0) width 358: "REGRESSION (r34193): Setting the size of a frame with"
                    text run at (0,19) width 66: "javascript "
                    text run at (66,19) width 233: "document.body.row no longer works"
                RenderText {#text} at (299,19) size 4x19
                  text run at (299,19) width 4: "."
              RenderBlock {P} at (0,54) size 784x19
                RenderText {#text} at (0,0) size 204x19
                  text run at (0,0) width 204: "This frame should be 200px tall."
        layer at (0,100) size 100x100
          RenderBlock (positioned) {DIV} at (0,100) size 100x100 [bgcolor=#008000]
      RenderFrame {FRAME} at (0,206) size 800x394
        layer at (0,0) size 800x394
          RenderView at (0,0) size 800x394
        layer at (0,0) size 800x394
          RenderBlock {HTML} at (0,0) size 800x394
            RenderBody {BODY} at (8,8) size 784x378
