layer at (0,0) size 800x600
  RenderView at (0,0) size 800x600
layer at (0,0) size 800x600
  RenderBlock {HTML} at (0,0) size 800x600
    RenderBody {BODY} at (8,8) size 784x576
      RenderBlock (anonymous) at (0,0) size 784x44
        RenderPartObject {IFRAME} at (0,0) size 204x44 [border: (2px inset #000000)]
          layer at (0,0) size 207x49
            RenderView at (0,0) size 185x25
          layer at (0,0) size 185x49
            RenderBlock {HTML} at (0,0) size 185x49
              RenderBody {BODY} at (8,8) size 169x33
                RenderTextControl {INPUT} at (2,2) size 195x29 [color=#202020]
          layer at (14,16) size 188x19
            RenderBlock {DIV} at (4,6) size 188x19
        RenderText {#text} at (0,0) size 0x0
      RenderBlock {P} at (0,60) size 784x33
        RenderText {#text} at (0,8) size 366x19
          text run at (0,8) width 366: "This field should look and act focused. Try to type into it: "
        RenderTextControl {INPUT} at (368,2) size 195x29 [color=#202020]
layer at (380,76) size 188x19
  RenderBlock {DIV} at (4,6) size 188x19
    RenderText {#text} at (1,0) size 44x19
      text run at (1,0) width 44: "PASS"
caret: position 4 of child 0 {#text} of child 0 {DIV} of {#shadow-root} of child 1 {INPUT} of child 3 {P} of body
