layer at (0,0) size 800x600
  RenderView at (0,0) size 800x600
layer at (0,0) size 800x600
  RenderBlock {HTML} at (0,0) size 800x600
    RenderBody {BODY} at (8,8) size 784x584
      RenderTable {TABLE} at (0,0) size 600x280 [bgcolor=#FFC0CB]
        RenderTableSection {TBODY} at (0,0) size 600x280
          RenderTableRow {TR} at (0,0) size 600x18
            RenderTableCell {TD} at (0,0) size 600x18 [bgcolor=#FFFF00] [r=0 c=0 rs=1 cs=3]
              RenderText {#text} at (0,0) size 8x18
                text run at (0,0) width 8: "1"
          RenderTableRow {TR} at (0,18) size 600x18
            RenderTableCell {TD} at (0,18) size 600x18 [bgcolor=#FF0000] [r=1 c=0 rs=1 cs=3]
              RenderText {#text} at (0,0) size 8x18
                text run at (0,0) width 8: "2"
          RenderTableRow {TR} at (0,36) size 600x0
            RenderTableCell {TD} at (0,36) size 155x18 [bgcolor=#00FFFF] [r=2 c=0 rs=40 cs=1]
              RenderText {#text} at (0,0) size 8x18
                text run at (0,0) width 8: "3"
          RenderTableRow {TR} at (0,36) size 600x28
            RenderTableCell {TD} at (155,36) size 445x28 [bgcolor=#FFA500] [r=3 c=1 rs=1 cs=1]
              RenderTable {TABLE} at (0,0) size 440x28
                RenderTableSection {TBODY} at (0,0) size 440x28
                  RenderTableRow {TR} at (0,2) size 440x24
                    RenderTableCell {TD} at (2,2) size 217x24 [r=0 c=0 rs=1 cs=1]
                      RenderButton {INPUT} at (3,3) size 97x18 [bgcolor=#C0C0C0]
                        RenderBlock (anonymous) at (8,2) size 81x14
                          RenderText at (0,0) size 81x13
                            text run at (0,0) width 81: "Submit Criteria"
                    RenderTableCell {TD} at (221,4) size 217x20 [r=0 c=1 rs=1 cs=1]
                      RenderText {#text} at (1,1) size 8x18
                        text run at (1,1) width 8: "4"
          RenderTableRow {TR} at (0,64) size 600x18
            RenderTableCell {TD} at (155,64) size 445x18 [bgcolor=#FF0000] [r=4 c=1 rs=1 cs=1]
              RenderText {#text} at (0,0) size 8x18
                text run at (0,0) width 8: "5"
          RenderTableRow {TR} at (0,82) size 600x36
            RenderTableCell {TD} at (155,82) size 445x36 [bgcolor=#FFFF00] [r=5 c=1 rs=1 cs=1]
              RenderText {#text} at (0,0) size 426x36
                text run at (0,0) width 257: "If you have entered your feature criteria, "
                text run at (257,0) width 169: "press the \"Submit Criteria\""
                text run at (0,18) width 86: "button above."
          RenderTableRow {TR} at (0,118) size 600x18
            RenderTableCell {TD} at (155,118) size 445x18 [bgcolor=#D3D3D3] [r=6 c=1 rs=1 cs=1]
              RenderText {#text} at (0,0) size 8x18
                text run at (0,0) width 8: "6"
          RenderTableRow {TR} at (0,136) size 600x54
            RenderTableCell {TD} at (155,136) size 445x54 [r=7 c=1 rs=1 cs=1]
              RenderText {#text} at (0,0) size 438x54
                text run at (0,0) width 262: "If you want to do a radius search instead, "
                text run at (262,0) width 164: "press the \"Radius Search\""
                text run at (0,18) width 48: "button. "
                text run at (48,18) width 279: "This will allow you to select a starting point "
                text run at (327,18) width 111: "and enter a radius"
                text run at (0,36) width 157: "with new feature criteria."
          RenderTableRow {TR} at (0,190) size 600x18
            RenderTableCell {TD} at (155,190) size 445x18 [r=8 c=1 rs=1 cs=1]
              RenderText {#text} at (0,0) size 4x18
                text run at (0,0) width 4: " "
          RenderTableRow {TR} at (0,208) size 600x72
            RenderTableCell {TD} at (155,208) size 445x72 [r=9 c=1 rs=1 cs=1]
              RenderText {#text} at (0,0) size 436x72
                text run at (0,0) width 436: "All information provided is deemed reliable but is not guaranteed and"
                text run at (0,18) width 65: "should be "
                text run at (65,18) width 370: "independently verified. The price shown may represent the"
                text run at (0,36) width 117: "top or bottom of a "
                text run at (117,36) width 318: "price range listing and not necessarily a fixed price"
                text run at (0,54) width 34: "offer."
