layer at (0,0) size 785x1731
  RenderView at (0,0) size 785x600
layer at (0,0) size 785x1731
  RenderBlock {HTML} at (0,0) size 785x1731
    RenderBody {BODY} at (8,8) size 769x1715 [bgcolor=#CCCCCC]
      RenderBlock {P} at (0,0) size 769x18
        RenderText {#text} at (0,0) size 355x19
          text run at (0,0) width 355: "The style declarations which apply to the text below are:"
      RenderBlock {PRE} at (0,34) size 769x180
        RenderText {#text} at (0,0) size 288x180
          text run at (0,0) width 160: "BODY {color: black;}"
          text run at (160,0) width 0: " "
          text run at (0,15) width 152: ".one {color: #080;}"
          text run at (152,15) width 0: " "
          text run at (0,30) width 176: ".two {color: #008000;}"
          text run at (176,30) width 0: " "
          text run at (0,45) width 232: ".three {color: rgb(0,128,0);}"
          text run at (232,45) width 0: " "
          text run at (0,60) width 240: ".four {color: rgb(0%,50%,0%);}"
          text run at (240,60) width 0: " "
          text run at (0,75) width 288: ".five {color: rgb(0.0%,50.0%,0.0%);}"
          text run at (288,75) width 0: " "
          text run at (0,90) width 160: ".six {color: green;}"
          text run at (160,90) width 0: " "
          text run at (0,105) width 232: ".seven {color: invalidValue;}"
          text run at (232,105) width 0: " "
          text run at (0,120) width 256: ".eight {color: rgb(0,128,1280);}"
          text run at (256,120) width 0: " "
          text run at (0,135) width 240: ".nine {color: rgb(0,128,255);}"
          text run at (240,135) width 0: " "
          text run at (0,150) width 264: ".ten {color: rgb(50%,-500%,60%);}"
          text run at (264,150) width 0: " "
          text run at (0,165) width 264: ".eleven {color: rgb(50%,0%,60%);}"
          text run at (264,165) width 0: " "
      RenderBlock {HR} at (0,227) size 769x2 [border: (1px inset #000000)]
      RenderBlock {P} at (0,245) size 769x18
        RenderText {#text} at (0,0) size 193x19
          text run at (0,0) width 193: "This sentence should be black."
      RenderBlock {P} at (0,279) size 769x18 [color=#008800]
        RenderText {#text} at (0,0) size 507x19
          text run at (0,0) width 507: "This sentence should be green, although slightly different from those that follow."
      RenderBlock {P} at (0,313) size 769x18 [color=#008000]
        RenderText {#text} at (0,0) size 194x19
          text run at (0,0) width 194: "This sentence should be green."
      RenderBlock {P} at (0,347) size 769x18 [color=#008000]
        RenderText {#text} at (0,0) size 194x19
          text run at (0,0) width 194: "This sentence should be green."
      RenderBlock {P} at (0,381) size 769x18 [color=#008000]
        RenderText {#text} at (0,0) size 194x19
          text run at (0,0) width 194: "This sentence should be green."
      RenderBlock {P} at (0,415) size 769x18 [color=#008000]
        RenderText {#text} at (0,0) size 194x19
          text run at (0,0) width 194: "This sentence should be green."
      RenderBlock {P} at (0,449) size 769x18 [color=#008000]
        RenderText {#text} at (0,0) size 194x19
          text run at (0,0) width 194: "This sentence should be green."
      RenderBlock {P} at (0,483) size 769x19
        RenderText {#text} at (0,0) size 407x19
          text run at (0,0) width 407: "This sentence should be black, because the value given for class "
        RenderInline {CODE} at (0,0) size 48x15
          RenderText {#text} at (407,4) size 48x15
            text run at (407,4) width 48: ".seven"
        RenderText {#text} at (455,0) size 65x19
          text run at (455,0) width 65: " is invalid."
      RenderBlock {P} at (0,518) size 769x36 [color=#0080FF]
        RenderText {#text} at (0,0) size 726x37
          text run at (0,0) width 726: "This sentence should be a shade of blue-green which, on a typical RGB computer display, exactly matches the next"
          text run at (0,18) width 67: "paragraph."
      RenderBlock {P} at (0,570) size 769x36 [color=#0080FF]
        RenderText {#text} at (0,0) size 753x37
          text run at (0,0) width 753: "This sentence should be a shade of blue-green which, on a typical RGB computer display, exactly matches the previous"
          text run at (0,18) width 67: "paragraph."
      RenderBlock {P} at (0,622) size 769x36 [color=#800099]
        RenderText {#text} at (0,0) size 699x37
          text run at (0,0) width 699: "This sentence should be a shade of purple which, on a typical RGB computer display, exactly matches the next"
          text run at (0,18) width 67: "paragraph."
      RenderBlock {P} at (0,674) size 769x36 [color=#800099]
        RenderText {#text} at (0,0) size 726x37
          text run at (0,0) width 726: "This sentence should be a shade of purple which, on a typical RGB computer display, exactly matches the previous"
          text run at (0,18) width 67: "paragraph."
      RenderBlock {P} at (0,726) size 769x18
        RenderText {#text} at (0,0) size 193x19
          text run at (0,0) width 193: "This sentence should be black."
      RenderBlock {P} at (0,760) size 769x19 [color=#008800]
        RenderText {#text} at (0,0) size 399x19
          text run at (0,0) width 399: "This sentence should be a slightly different green, and used the "
        RenderInline {TT} at (0,0) size 40x15
          RenderText {#text} at (399,4) size 40x15
            text run at (399,4) width 40: "style"
        RenderText {#text} at (439,0) size 59x19
          text run at (439,0) width 59: " attribute."
      RenderBlock {P} at (0,795) size 769x19 [color=#008000]
        RenderText {#text} at (0,0) size 281x19
          text run at (0,0) width 281: "This sentence should be green, and used the "
        RenderInline {TT} at (0,0) size 40x15
          RenderText {#text} at (281,4) size 40x15
            text run at (281,4) width 40: "style"
        RenderText {#text} at (321,0) size 59x19
          text run at (321,0) width 59: " attribute."
      RenderBlock {P} at (0,830) size 769x19 [color=#008000]
        RenderText {#text} at (0,0) size 281x19
          text run at (0,0) width 281: "This sentence should be green, and used the "
        RenderInline {TT} at (0,0) size 40x15
          RenderText {#text} at (281,4) size 40x15
            text run at (281,4) width 40: "style"
        RenderText {#text} at (321,0) size 59x19
          text run at (321,0) width 59: " attribute."
      RenderBlock {P} at (0,865) size 769x19 [color=#008000]
        RenderText {#text} at (0,0) size 281x19
          text run at (0,0) width 281: "This sentence should be green, and used the "
        RenderInline {TT} at (0,0) size 40x15
          RenderText {#text} at (281,4) size 40x15
            text run at (281,4) width 40: "style"
        RenderText {#text} at (321,0) size 59x19
          text run at (321,0) width 59: " attribute."
      RenderBlock {P} at (0,900) size 769x19 [color=#008000]
        RenderText {#text} at (0,0) size 281x19
          text run at (0,0) width 281: "This sentence should be green, and used the "
        RenderInline {TT} at (0,0) size 40x15
          RenderText {#text} at (281,4) size 40x15
            text run at (281,4) width 40: "style"
        RenderText {#text} at (321,0) size 59x19
          text run at (321,0) width 59: " attribute."
      RenderBlock {P} at (0,935) size 769x19 [color=#008000]
        RenderText {#text} at (0,0) size 281x19
          text run at (0,0) width 281: "This sentence should be green, and used the "
        RenderInline {TT} at (0,0) size 40x15
          RenderText {#text} at (281,4) size 40x15
            text run at (281,4) width 40: "style"
        RenderText {#text} at (321,0) size 59x19
          text run at (321,0) width 59: " attribute."
      RenderTable {TABLE} at (0,970) size 769x745 [border: (1px outset #808080)]
        RenderTableSection {TBODY} at (1,1) size 767x743
          RenderTableRow {TR} at (0,0) size 767x26
            RenderTableCell {TD} at (0,0) size 767x26 [bgcolor=#C0C0C0] [border: (1px inset #808080)] [r=0 c=0 rs=1 cs=2]
              RenderInline {STRONG} at (0,0) size 163x19
                RenderText {#text} at (4,4) size 163x19
                  text run at (4,4) width 163: "TABLE Testing Section"
          RenderTableRow {TR} at (0,26) size 767x717
            RenderTableCell {TD} at (0,371) size 12x26 [bgcolor=#C0C0C0] [border: (1px inset #808080)] [r=1 c=0 rs=1 cs=1]
              RenderText {#text} at (4,4) size 4x19
                text run at (4,4) width 4: " "
            RenderTableCell {TD} at (12,26) size 755x717 [border: (1px inset #808080)] [r=1 c=1 rs=1 cs=1]
              RenderBlock {P} at (4,4) size 747x18
                RenderText {#text} at (0,0) size 193x19
                  text run at (0,0) width 193: "This sentence should be black."
              RenderBlock {P} at (4,38) size 747x18 [color=#008800]
                RenderText {#text} at (0,0) size 507x19
                  text run at (0,0) width 507: "This sentence should be green, although slightly different from those that follow."
              RenderBlock {P} at (4,72) size 747x18 [color=#008000]
                RenderText {#text} at (0,0) size 194x19
                  text run at (0,0) width 194: "This sentence should be green."
              RenderBlock {P} at (4,106) size 747x18 [color=#008000]
                RenderText {#text} at (0,0) size 194x19
                  text run at (0,0) width 194: "This sentence should be green."
              RenderBlock {P} at (4,140) size 747x18 [color=#008000]
                RenderText {#text} at (0,0) size 194x19
                  text run at (0,0) width 194: "This sentence should be green."
              RenderBlock {P} at (4,174) size 747x18 [color=#008000]
                RenderText {#text} at (0,0) size 194x19
                  text run at (0,0) width 194: "This sentence should be green."
              RenderBlock {P} at (4,208) size 747x18 [color=#008000]
                RenderText {#text} at (0,0) size 194x19
                  text run at (0,0) width 194: "This sentence should be green."
              RenderBlock {P} at (4,242) size 747x19
                RenderText {#text} at (0,0) size 407x19
                  text run at (0,0) width 407: "This sentence should be black, because the value given for class "
                RenderInline {CODE} at (0,0) size 48x15
                  RenderText {#text} at (407,4) size 48x15
                    text run at (407,4) width 48: ".seven"
                RenderText {#text} at (455,0) size 65x19
                  text run at (455,0) width 65: " is invalid."
              RenderBlock {P} at (4,277) size 747x36 [color=#0080FF]
                RenderText {#text} at (0,0) size 726x37
                  text run at (0,0) width 726: "This sentence should be a shade of blue-green which, on a typical RGB computer display, exactly matches the next"
                  text run at (0,18) width 67: "paragraph."
              RenderBlock {P} at (4,329) size 747x36 [color=#0080FF]
                RenderText {#text} at (0,0) size 695x37
                  text run at (0,0) width 695: "This sentence should be a shade of blue-green which, on a typical RGB computer display, exactly matches the"
                  text run at (0,18) width 125: "previous paragraph."
              RenderBlock {P} at (4,381) size 747x36 [color=#800099]
                RenderText {#text} at (0,0) size 699x37
                  text run at (0,0) width 699: "This sentence should be a shade of purple which, on a typical RGB computer display, exactly matches the next"
                  text run at (0,18) width 67: "paragraph."
              RenderBlock {P} at (4,433) size 747x36 [color=#800099]
                RenderText {#text} at (0,0) size 726x37
                  text run at (0,0) width 726: "This sentence should be a shade of purple which, on a typical RGB computer display, exactly matches the previous"
                  text run at (0,18) width 67: "paragraph."
              RenderBlock {P} at (4,485) size 747x18
                RenderText {#text} at (0,0) size 193x19
                  text run at (0,0) width 193: "This sentence should be black."
              RenderBlock {P} at (4,519) size 747x19 [color=#008800]
                RenderText {#text} at (0,0) size 399x19
                  text run at (0,0) width 399: "This sentence should be a slightly different green, and used the "
                RenderInline {TT} at (0,0) size 40x15
                  RenderText {#text} at (399,4) size 40x15
                    text run at (399,4) width 40: "style"
                RenderText {#text} at (439,0) size 59x19
                  text run at (439,0) width 59: " attribute."
              RenderBlock {P} at (4,554) size 747x19 [color=#008000]
                RenderText {#text} at (0,0) size 281x19
                  text run at (0,0) width 281: "This sentence should be green, and used the "
                RenderInline {TT} at (0,0) size 40x15
                  RenderText {#text} at (281,4) size 40x15
                    text run at (281,4) width 40: "style"
                RenderText {#text} at (321,0) size 59x19
                  text run at (321,0) width 59: " attribute."
              RenderBlock {P} at (4,589) size 747x19 [color=#008000]
                RenderText {#text} at (0,0) size 281x19
                  text run at (0,0) width 281: "This sentence should be green, and used the "
                RenderInline {TT} at (0,0) size 40x15
                  RenderText {#text} at (281,4) size 40x15
                    text run at (281,4) width 40: "style"
                RenderText {#text} at (321,0) size 59x19
                  text run at (321,0) width 59: " attribute."
              RenderBlock {P} at (4,624) size 747x19 [color=#008000]
                RenderText {#text} at (0,0) size 281x19
                  text run at (0,0) width 281: "This sentence should be green, and used the "
                RenderInline {TT} at (0,0) size 40x15
                  RenderText {#text} at (281,4) size 40x15
                    text run at (281,4) width 40: "style"
                RenderText {#text} at (321,0) size 59x19
                  text run at (321,0) width 59: " attribute."
              RenderBlock {P} at (4,659) size 747x19 [color=#008000]
                RenderText {#text} at (0,0) size 281x19
                  text run at (0,0) width 281: "This sentence should be green, and used the "
                RenderInline {TT} at (0,0) size 40x15
                  RenderText {#text} at (281,4) size 40x15
                    text run at (281,4) width 40: "style"
                RenderText {#text} at (321,0) size 59x19
                  text run at (321,0) width 59: " attribute."
              RenderBlock {P} at (4,694) size 747x19 [color=#008000]
                RenderText {#text} at (0,0) size 281x19
                  text run at (0,0) width 281: "This sentence should be green, and used the "
                RenderInline {TT} at (0,0) size 40x15
                  RenderText {#text} at (281,4) size 40x15
                    text run at (281,4) width 40: "style"
                RenderText {#text} at (321,0) size 59x19
                  text run at (321,0) width 59: " attribute."
