layer at (0,0) size 800x600
  RenderView at (0,0) size 800x600
layer at (0,0) size 800x228
  RenderBlock {HTML} at (0,0) size 800x228
    RenderBody {BODY} at (8,16) size 784x199
      RenderBlock {P} at (0,0) size 784x18
        RenderText {#text} at (0,0) size 388x19
          text run at (0,0) width 388: "This tests horizontal caret movement in vertical writing mode."
      RenderBlock {DIV} at (0,34) size 106x165
        RenderBlock {P} at (20,0) size 23x165
          RenderText {#text} at (0,71) size 23x94
            text run at (0,71) width 94 RTL: "\x{5D0}\x{5E0}\x{5D9} \x{5D7}\x{5EA}\x{5D5}\x{5DC}."
        RenderBlock {P} at (63,0) size 23x165
          RenderText {#text} at (0,60) size 23x105
            text run at (0,60) width 105 RTL: "\x{5D0}\x{5D9}\x{5DF} \x{5DC}\x{5D9} \x{5E9}\x{5DD}."
      RenderBlock {PRE} at (0,212) size 784x0
selection start: position 5 of child 0 {#text} of child 1 {P} of child 3 {DIV} of body
selection end:   position 5 of child 0 {#text} of child 2 {P} of child 3 {DIV} of body
