layer at (0,0) size 800x600
  RenderView at (0,0) size 800x600
layer at (0,0) size 800x600
  RenderBlock {HTML} at (0,0) size 800x600
    RenderBody {BODY} at (8,8) size 784x584
      RenderBlock {P} at (0,0) size 784x20
        RenderText {#text} at (0,0) size 409x19
          text run at (0,0) width 409: "Test appearances of outer-spin-button with its up button highlighted."
      RenderBlock {DIV} at (0,36) size 784x0
      RenderBlock (anonymous) at (0,36) size 784x32
        RenderTextControl {INPUT} at (2,2) size 206x28 [bgcolor=#FFFFFF] [border: (2px inset #000000)]
          RenderDeprecatedFlexibleBox {DIV} at (2,3) size 202x22
            RenderBlock {DIV} at (0,0) size 187x22
        RenderText {#text} at (0,0) size 0x0
        RenderText {#text} at (0,0) size 0x0
layer at (12,49) size 187x22
  RenderBlock {DIV} at (0,0) size 187x22
    RenderText {#text} at (1,0) size 10x21
      text run at (1,0) width 10: "1"
layer at (199,48) size 15x24
  RenderBlock (relative positioned) {DIV} at (187,-1) size 15x24
caret: position 1 of child 0 {#text} of child 0 {DIV} of child 0 {DIV} of child 0 {DIV} of {#shadow-root} of child 5 {INPUT} of body
