layer at (0,0) size 800x600
  RenderView at (0,0) size 800x600
layer at (0,0) size 800x600
  RenderBlock {HTML} at (0,0) size 800x600
    RenderBody {BODY} at (8,8) size 784x584
      RenderBlock {P} at (0,0) size 784x20
        RenderText {#text} at (0,0) size 235x19
          text run at (0,0) width 235: "Test appearances of outer-spin-button."
      RenderBlock {DIV} at (0,36) size 784x0
      RenderBlock {DIV} at (0,36) size 784x538
        RenderTable {TABLE} at (0,0) size 462x538
          RenderTableSection {TBODY} at (0,0) size 462x538
            RenderTableRow {TR} at (0,2) size 462x534
              RenderTableCell {TD} at (2,82) size 189x373 [r=0 c=0 rs=1 cs=1]
                RenderBlock {DIV} at (1,1) size 187x36
                  RenderTextControl {INPUT} at (0,4) size 103x16 [bgcolor=#FFFFFF] [border: (2px inset #000000)]
                  RenderText {#text} at (103,0) size 4x19
                    text run at (103,0) width 4: " "
                  RenderBR {BR} at (107,15) size 0x0
                  RenderTextControl {INPUT} at (0,20) size 103x16 [bgcolor=#FFFFFF] [border: (2px inset #000000)]
                    RenderDeprecatedFlexibleBox {DIV} at (2,3) size 99x10
                      RenderBlock {DIV} at (0,0) size 84x10
                RenderBlock {DIV} at (1,37) size 187x39
                  RenderTextControl {INPUT} at (0,3) size 106x18 [bgcolor=#FFFFFF] [border: (2px inset #000000)]
                  RenderText {#text} at (106,0) size 4x19
                    text run at (106,0) width 4: " "
                  RenderBR {BR} at (110,15) size 0x0
                  RenderTextControl {INPUT} at (0,21) size 106x18 [bgcolor=#FFFFFF] [border: (2px inset #000000)]
                    RenderDeprecatedFlexibleBox {DIV} at (2,3) size 102x12
                      RenderBlock {DIV} at (0,0) size 87x12
                RenderBlock {DIV} at (1,76) size 187x40
                  RenderTextControl {INPUT} at (0,2) size 109x19 [bgcolor=#FFFFFF] [border: (2px inset #000000)]
                  RenderText {#text} at (109,0) size 4x19
                    text run at (109,0) width 4: " "
                  RenderBR {BR} at (113,15) size 0x0
                  RenderTextControl {INPUT} at (0,21) size 109x19 [bgcolor=#FFFFFF] [border: (2px inset #000000)]
                    RenderDeprecatedFlexibleBox {DIV} at (2,3) size 105x13
                      RenderBlock {DIV} at (0,0) size 90x13
                RenderBlock {DIV} at (1,116) size 187x48
                  RenderTextControl {INPUT} at (2,2) size 130x20 [bgcolor=#FFFFFF] [border: (2px inset #000000)]
                  RenderText {#text} at (134,1) size 4x19
                    text run at (134,1) width 4: " "
                  RenderBR {BR} at (138,16) size 0x0
                  RenderTextControl {INPUT} at (2,26) size 130x20 [bgcolor=#FFFFFF] [border: (2px inset #000000)]
                    RenderDeprecatedFlexibleBox {DIV} at (2,3) size 126x14
                      RenderBlock {DIV} at (0,0) size 111x14
                RenderBlock {DIV} at (1,164) size 187x50
                  RenderTextControl {INPUT} at (2,2) size 133x21 [bgcolor=#FFFFFF] [border: (2px inset #000000)]
                  RenderText {#text} at (137,2) size 4x19
                    text run at (137,2) width 4: " "
                  RenderBR {BR} at (141,17) size 0x0
                  RenderTextControl {INPUT} at (2,27) size 133x21 [bgcolor=#FFFFFF] [border: (2px inset #000000)]
                    RenderDeprecatedFlexibleBox {DIV} at (2,3) size 129x15
                      RenderBlock {DIV} at (0,0) size 114x15
                RenderBlock {DIV} at (1,214) size 187x52
                  RenderTextControl {INPUT} at (2,2) size 155x22 [bgcolor=#FFFFFF] [border: (2px inset #000000)]
                  RenderText {#text} at (159,3) size 4x19
                    text run at (159,3) width 4: " "
                  RenderBR {BR} at (163,18) size 0x0
                  RenderTextControl {INPUT} at (2,28) size 155x22 [bgcolor=#FFFFFF] [border: (2px inset #000000)]
                    RenderDeprecatedFlexibleBox {DIV} at (2,3) size 151x16
                      RenderBlock {DIV} at (0,0) size 136x16
                RenderBlock {DIV} at (1,266) size 187x52
                  RenderTextControl {INPUT} at (2,2) size 157x22 [bgcolor=#FFFFFF] [border: (2px inset #000000)]
                  RenderText {#text} at (161,3) size 4x19
                    text run at (161,3) width 4: " "
                  RenderBR {BR} at (165,18) size 0x0
                  RenderTextControl {INPUT} at (2,28) size 157x22 [bgcolor=#FFFFFF] [border: (2px inset #000000)]
                    RenderDeprecatedFlexibleBox {DIV} at (2,3) size 153x16
                      RenderBlock {DIV} at (0,0) size 138x16
                RenderBlock {DIV} at (1,318) size 187x54
                  RenderTextControl {INPUT} at (2,2) size 179x23 [bgcolor=#FFFFFF] [border: (2px inset #000000)]
                  RenderText {#text} at (183,4) size 4x19
                    text run at (183,4) width 4: " "
                  RenderBR {BR} at (187,19) size 0x0
                  RenderTextControl {INPUT} at (2,29) size 179x23 [bgcolor=#FFFFFF] [border: (2px inset #000000)]
                    RenderDeprecatedFlexibleBox {DIV} at (2,3) size 175x17
                      RenderBlock {DIV} at (0,0) size 160x17
              RenderTableCell {TD} at (193,2) size 267x534 [r=0 c=1 rs=1 cs=1]
                RenderBlock {DIV} at (1,1) size 265x58
                  RenderTextControl {INPUT} at (2,2) size 182x25 [bgcolor=#FFFFFF] [border: (2px inset #000000)]
                  RenderText {#text} at (186,5) size 4x19
                    text run at (186,5) width 4: " "
                  RenderBR {BR} at (190,20) size 0x0
                  RenderTextControl {INPUT} at (2,31) size 182x25 [bgcolor=#FFFFFF] [border: (2px inset #000000)]
                    RenderDeprecatedFlexibleBox {DIV} at (2,3) size 178x19
                      RenderBlock {DIV} at (0,0) size 163x19
                RenderBlock {DIV} at (1,59) size 265x60
                  RenderTextControl {INPUT} at (2,2) size 203x26 [bgcolor=#FFFFFF] [border: (2px inset #000000)]
                  RenderText {#text} at (207,5) size 4x19
                    text run at (207,5) width 4: " "
                  RenderBR {BR} at (211,20) size 0x0
                  RenderTextControl {INPUT} at (2,32) size 203x26 [bgcolor=#FFFFFF] [border: (2px inset #000000)]
                    RenderDeprecatedFlexibleBox {DIV} at (2,3) size 199x20
                      RenderBlock {DIV} at (0,0) size 184x20
                RenderBlock {DIV} at (1,119) size 265x64
                  RenderTextControl {INPUT} at (2,2) size 206x28 [bgcolor=#FFFFFF] [border: (2px inset #000000)]
                  RenderText {#text} at (210,7) size 4x19
                    text run at (210,7) width 4: " "
                  RenderBR {BR} at (214,22) size 0x0
                  RenderTextControl {INPUT} at (2,34) size 206x28 [bgcolor=#FFFFFF] [border: (2px inset #000000)]
                    RenderDeprecatedFlexibleBox {DIV} at (2,3) size 202x22
                      RenderBlock {DIV} at (0,0) size 187x22
                RenderBlock {DIV} at (1,183) size 265x66
                  RenderTextControl {INPUT} at (2,2) size 209x29 [bgcolor=#FFFFFF] [border: (2px inset #000000)]
                  RenderText {#text} at (213,8) size 4x19
                    text run at (213,8) width 4: " "
                  RenderBR {BR} at (217,23) size 0x0
                  RenderTextControl {INPUT} at (2,35) size 209x29 [bgcolor=#FFFFFF] [border: (2px inset #000000)]
                    RenderDeprecatedFlexibleBox {DIV} at (2,3) size 205x23
                      RenderBlock {DIV} at (0,0) size 190x23
                RenderBlock {DIV} at (1,249) size 265x68
                  RenderTextControl {INPUT} at (2,2) size 230x30 [bgcolor=#FFFFFF] [border: (2px inset #000000)]
                  RenderText {#text} at (234,9) size 4x19
                    text run at (234,9) width 4: " "
                  RenderBR {BR} at (238,24) size 0x0
                  RenderTextControl {INPUT} at (2,36) size 230x30 [bgcolor=#FFFFFF] [border: (2px inset #000000)]
                    RenderDeprecatedFlexibleBox {DIV} at (2,3) size 226x24
                      RenderBlock {DIV} at (0,0) size 211x24
                RenderBlock {DIV} at (1,317) size 265x70
                  RenderTextControl {INPUT} at (2,2) size 233x31 [bgcolor=#FFFFFF] [border: (2px inset #000000)]
                  RenderText {#text} at (237,9) size 4x19
                    text run at (237,9) width 4: " "
                  RenderBR {BR} at (241,24) size 0x0
                  RenderTextControl {INPUT} at (2,37) size 233x31 [bgcolor=#FFFFFF] [border: (2px inset #000000)]
                    RenderDeprecatedFlexibleBox {DIV} at (2,3) size 229x25
                      RenderBlock {DIV} at (0,0) size 214x25
                RenderBlock {DIV} at (1,387) size 265x72
                  RenderTextControl {INPUT} at (2,2) size 255x32 [bgcolor=#FFFFFF] [border: (2px inset #000000)]
                  RenderText {#text} at (259,10) size 4x19
                    text run at (259,10) width 4: " "
                  RenderBR {BR} at (263,25) size 0x0
                  RenderTextControl {INPUT} at (2,38) size 255x32 [bgcolor=#FFFFFF] [border: (2px inset #000000)]
                    RenderDeprecatedFlexibleBox {DIV} at (2,3) size 251x26
                      RenderBlock {DIV} at (0,0) size 236x26
                RenderBlock {DIV} at (1,459) size 265x74
                  RenderTextControl {INPUT} at (2,2) size 257x33 [bgcolor=#FFFFFF] [border: (2px inset #000000)]
                  RenderText {#text} at (261,11) size 4x19
                    text run at (261,11) width 4: " "
                  RenderBR {BR} at (265,26) size 0x0
                  RenderTextControl {INPUT} at (2,39) size 257x33 [bgcolor=#FFFFFF] [border: (2px inset #000000)]
                    RenderDeprecatedFlexibleBox {DIV} at (2,3) size 253x27
                      RenderBlock {DIV} at (0,0) size 238x27
layer at (13,134) size 99x10
  RenderBlock {DIV} at (2,3) size 99x10
layer at (13,150) size 84x10
  RenderBlock {DIV} at (0,0) size 84x10
layer at (13,169) size 102x12
  RenderBlock {DIV} at (2,3) size 102x12
layer at (13,187) size 87x12
  RenderBlock {DIV} at (0,0) size 87x12
layer at (13,207) size 105x13
  RenderBlock {DIV} at (2,3) size 105x13
layer at (13,226) size 90x13
  RenderBlock {DIV} at (0,0) size 90x13
layer at (15,247) size 126x14
  RenderBlock {DIV} at (2,3) size 126x14
layer at (15,271) size 111x14
  RenderBlock {DIV} at (0,0) size 111x14
layer at (15,295) size 129x15
  RenderBlock {DIV} at (2,3) size 129x15
layer at (15,320) size 114x15
  RenderBlock {DIV} at (0,0) size 114x15
layer at (15,345) size 151x16
  RenderBlock {DIV} at (2,3) size 151x16
layer at (15,371) size 136x16
  RenderBlock {DIV} at (0,0) size 136x16
layer at (15,397) size 153x16
  RenderBlock {DIV} at (2,3) size 153x16
layer at (15,423) size 138x16
  RenderBlock {DIV} at (0,0) size 138x16
layer at (15,449) size 175x17
  RenderBlock {DIV} at (2,3) size 175x17
layer at (15,476) size 160x17
  RenderBlock {DIV} at (0,0) size 160x17
layer at (206,52) size 178x19
  RenderBlock {DIV} at (2,3) size 178x19
layer at (206,81) size 163x19
  RenderBlock {DIV} at (0,0) size 163x19
layer at (206,110) size 199x20
  RenderBlock {DIV} at (2,3) size 199x20
layer at (206,140) size 184x20
  RenderBlock {DIV} at (0,0) size 184x20
layer at (206,170) size 202x22
  RenderBlock {DIV} at (2,3) size 202x22
layer at (206,202) size 187x22
  RenderBlock {DIV} at (0,0) size 187x22
layer at (206,234) size 205x23
  RenderBlock {DIV} at (2,3) size 205x23
layer at (206,267) size 190x23
  RenderBlock {DIV} at (0,0) size 190x23
layer at (206,300) size 226x24
  RenderBlock {DIV} at (2,3) size 226x24
layer at (206,334) size 211x24
  RenderBlock {DIV} at (0,0) size 211x24
layer at (206,368) size 229x25
  RenderBlock {DIV} at (2,3) size 229x25
layer at (206,403) size 214x25
  RenderBlock {DIV} at (0,0) size 214x25
layer at (206,438) size 251x26
  RenderBlock {DIV} at (2,3) size 251x26
layer at (206,474) size 236x26
  RenderBlock {DIV} at (0,0) size 236x26
layer at (206,510) size 253x27
  RenderBlock {DIV} at (2,3) size 253x27
layer at (206,547) size 238x27
  RenderBlock {DIV} at (0,0) size 238x27
layer at (97,149) size 15x12
  RenderBlock (relative positioned) {DIV} at (84,-1) size 15x12
layer at (100,186) size 15x14
  RenderBlock (relative positioned) {DIV} at (87,-1) size 15x14
layer at (103,225) size 15x15
  RenderBlock (relative positioned) {DIV} at (90,-1) size 15x15
layer at (126,270) size 15x16
  RenderBlock (relative positioned) {DIV} at (111,-1) size 15x16
layer at (129,319) size 15x17
  RenderBlock (relative positioned) {DIV} at (114,-1) size 15x17
layer at (151,370) size 15x18
  RenderBlock (relative positioned) {DIV} at (136,-1) size 15x18
layer at (153,422) size 15x18
  RenderBlock (relative positioned) {DIV} at (138,-1) size 15x18
layer at (175,475) size 15x19
  RenderBlock (relative positioned) {DIV} at (160,-1) size 15x19
layer at (369,80) size 15x21
  RenderBlock (relative positioned) {DIV} at (163,-1) size 15x21
layer at (390,139) size 15x22
  RenderBlock (relative positioned) {DIV} at (184,-1) size 15x22
layer at (393,201) size 15x24
  RenderBlock (relative positioned) {DIV} at (187,-1) size 15x24
layer at (396,266) size 15x25
  RenderBlock (relative positioned) {DIV} at (190,-1) size 15x25
layer at (417,333) size 15x26
  RenderBlock (relative positioned) {DIV} at (211,-1) size 15x26
layer at (420,402) size 15x27
  RenderBlock (relative positioned) {DIV} at (214,-1) size 15x27
layer at (442,473) size 15x28
  RenderBlock (relative positioned) {DIV} at (236,-1) size 15x28
layer at (444,546) size 15x29
  RenderBlock (relative positioned) {DIV} at (238,-1) size 15x29
