EDITING DELEGATE: shouldBeginEditingInDOMRange:range from 0 of DIV > BODY > HTML > #document to 3 of DIV > BODY > HTML > #document
EDITING DELEGATE: webViewDidBeginEditing:WebViewDidBeginEditingNotification
EDITING DELEGATE: webViewDidChangeSelection:WebViewDidChangeSelectionNotification
EDITING DELEGATE: webViewDidChangeSelection:WebViewDidChangeSelectionNotification
EDITING DELEGATE: webViewDidChangeSelection:WebViewDidChangeSelectionNotification
EDITING DELEGATE: webViewDidChangeSelection:WebViewDidChangeSelectionNotification
EDITING DELEGATE: webViewDidChangeSelection:WebViewDidChangeSelectionNotification
EDITING DELEGATE: webViewDidChangeSelection:WebViewDidChangeSelectionNotification
EDITING DELEGATE: webViewDidChangeSelection:WebViewDidChangeSelectionNotification
EDITING DELEGATE: webViewDidChangeSelection:WebViewDidChangeSelectionNotification
EDITING DELEGATE: webViewDidChangeSelection:WebViewDidChangeSelectionNotification
EDITING DELEGATE: webViewDidChangeSelection:WebViewDidChangeSelectionNotification
EDITING DELEGATE: webViewDidChangeSelection:WebViewDidChangeSelectionNotification
EDITING DELEGATE: shouldDeleteDOMRange:range from 0 of #text > LI > UL > DIV > DIV > BODY > HTML > #document to 0 of #text > DIV > DIV > BODY > HTML > #document
EDITING DELEGATE: shouldChangeSelectedDOMRange:range from 0 of #text > LI > UL > DIV > DIV > BODY > HTML > #document to 2 of DIV > DIV > BODY > HTML > #document toDOMRange:range from 0 of LI > UL > DIV > DIV > BODY > HTML > #document to 0 of LI > UL > DIV > DIV > BODY > HTML > #document affinity:NSSelectionAffinityDownstream stillSelecting:FALSE
EDITING DELEGATE: webViewDidChangeSelection:WebViewDidChangeSelectionNotification
EDITING DELEGATE: webViewDidChange:WebViewDidChangeNotification
layer at (0,0) size 800x600
  RenderView at (0,0) size 800x600
layer at (0,0) size 800x600
  RenderBlock {HTML} at (0,0) size 800x600
    RenderBody {BODY} at (8,8) size 784x584
      RenderBlock {DIV} at (0,0) size 784x272 [border: (4px solid #0000FF)]
        RenderBlock {DIV} at (20,20) size 744x80
          RenderText {#text} at (0,0) size 77x32
            text run at (0,0) width 77: "Tests: "
          RenderBR {BR} at (0,0) size 0x0
          RenderText {#text} at (0,32) size 705x24
            text run at (0,32) width 705: "Our ability to \"edit around\" content the HTML editing code does not yet handle very well. "
          RenderBR {BR} at (705,50) size 0x0
          RenderInline {I} at (0,0) size 104x24
            RenderText {#text} at (0,56) size 104x24
              text run at (0,56) width 104: "For this test: "
          RenderText {#text} at (104,56) size 186x24
            text run at (104,56) width 186: "Select and delete a list."
        RenderBlock (anonymous) at (20,100) size 744x24
          RenderBR {BR} at (0,0) size 0x24
        RenderBlock {DIV} at (20,124) size 744x128
          RenderText {#text} at (0,0) size 214x32
            text run at (0,0) width 214: "Expected Results: "
          RenderBR {BR} at (214,24) size 0x0
          RenderText {#text} at (0,32) size 716x48
            text run at (0,32) width 716: "The content in the red box must exactly match the content in the green box (except for the"
            text run at (0,56) width 112: "border color). "
          RenderBR {BR} at (112,74) size 0x0
          RenderInline {I} at (0,0) size 104x24
            RenderText {#text} at (0,80) size 104x24
              text run at (0,80) width 104: "For this test: "
          RenderText {#text} at (104,80) size 711x48
            text run at (104,80) width 607: "Only list content should get deleted. Surrounding content that is not selected"
            text run at (0,104) width 274: "should (obviously) not be affected."
      RenderBlock {DIV} at (0,282) size 784x34 [border: (2px solid #008000)]
        RenderText {#text} at (2,2) size 115x30
          text run at (2,2) width 115: "beforeafter"
      RenderBlock {DIV} at (0,326) size 784x112
        RenderBlock {DIV} at (0,0) size 784x112 [border: (2px solid #FF0000)]
          RenderBlock (anonymous) at (2,2) size 780x30
            RenderText {#text} at (0,0) size 67x30
              text run at (0,0) width 67: "before"
          RenderBlock {UL} at (2,56) size 780x30
            RenderListItem {LI} at (40,0) size 740x30
              RenderListMarker at (-23,0) size 10x30: bullet
              RenderText {#text} at (0,0) size 48x30
                text run at (0,0) width 48: "after"
          RenderBlock (anonymous) at (2,110) size 780x0
caret: position 0 of child 0 {#text} of child 1 {LI} of child 1 {UL} of child 1 {DIV} of child 5 {DIV} of body
