EDITING DELEGATE: shouldBeginEditingInDOMRange:range from 0 of DIV > BODY > HTML > #document to 3 of DIV > BODY > HTML > #document
EDITING DELEGATE: webViewDidBeginEditing:WebViewDidBeginEditingNotification
EDITING DELEGATE: webViewDidChangeSelection:WebViewDidChangeSelectionNotification
EDITING DELEGATE: webViewDidChangeSelection:WebViewDidChangeSelectionNotification
EDITING DELEGATE: webViewDidChangeSelection:WebViewDidChangeSelectionNotification
EDITING DELEGATE: webViewDidChangeSelection:WebViewDidChangeSelectionNotification
EDITING DELEGATE: shouldChangeSelectedDOMRange:range from 10 of #text > LI > UL > DIV > DIV > BODY > HTML > #document to 10 of #text > LI > UL > DIV > DIV > BODY > HTML > #document toDOMRange:range from 11 of #text > LI > UL > DIV > DIV > BODY > HTML > #document to 11 of #text > LI > UL > DIV > DIV > BODY > HTML > #document affinity:NSSelectionAffinityDownstream stillSelecting:FALSE
EDITING DELEGATE: webViewDidChangeSelection:WebViewDidChangeSelectionNotification
EDITING DELEGATE: webViewDidChange:WebViewDidChangeNotification
EDITING DELEGATE: shouldChangeSelectedDOMRange:range from 11 of #text > LI > UL > DIV > DIV > BODY > HTML > #document to 11 of #text > LI > UL > DIV > DIV > BODY > HTML > #document toDOMRange:range from 12 of #text > LI > UL > DIV > DIV > BODY > HTML > #document to 12 of #text > LI > UL > DIV > DIV > BODY > HTML > #document affinity:NSSelectionAffinityDownstream stillSelecting:FALSE
EDITING DELEGATE: webViewDidChangeSelection:WebViewDidChangeSelectionNotification
EDITING DELEGATE: webViewDidChange:WebViewDidChangeNotification
EDITING DELEGATE: shouldChangeSelectedDOMRange:range from 12 of #text > LI > UL > DIV > DIV > BODY > HTML > #document to 12 of #text > LI > UL > DIV > DIV > BODY > HTML > #document toDOMRange:range from 13 of #text > LI > UL > DIV > DIV > BODY > HTML > #document to 13 of #text > LI > UL > DIV > DIV > BODY > HTML > #document affinity:NSSelectionAffinityDownstream stillSelecting:FALSE
EDITING DELEGATE: webViewDidChangeSelection:WebViewDidChangeSelectionNotification
EDITING DELEGATE: webViewDidChange:WebViewDidChangeNotification
layer at (0,0) size 800x600
  RenderView at (0,0) size 800x600
layer at (0,0) size 800x600
  RenderBlock {HTML} at (0,0) size 800x600
    RenderBody {BODY} at (8,8) size 784x584
      RenderBlock {DIV} at (0,0) size 784x256 [border: (4px solid #0000FF)]
        RenderBlock {DIV} at (20,20) size 744x83
          RenderText {#text} at (0,0) size 67x33
            text run at (0,0) width 67: "Tests: "
          RenderBR {BR} at (0,0) size 0x0
          RenderText {#text} at (0,33) size 709x25
            text run at (0,33) width 709: "Our ability to \"edit around\" content the HTML editing code does not yet handle very well. "
          RenderBR {BR} at (709,51) size 0x0
          RenderInline {I} at (0,0) size 101x24
            RenderText {#text} at (0,58) size 101x24
              text run at (0,58) width 101: "For this test: "
          RenderText {#text} at (101,58) size 236x25
            text run at (101,58) width 236: "Test typing at the end of a list."
        RenderBlock (anonymous) at (20,103) size 744x25
          RenderBR {BR} at (0,0) size 0x25
        RenderBlock {DIV} at (20,128) size 744x108
          RenderText {#text} at (0,0) size 189x33
            text run at (0,0) width 189: "Expected Results: "
          RenderBR {BR} at (189,24) size 0x0
          RenderText {#text} at (0,33) size 698x50
            text run at (0,33) width 698: "The content in the red box must exactly match the content in the green box (except for the"
            text run at (0,58) width 113: "border color). "
          RenderBR {BR} at (113,76) size 0x0
          RenderInline {I} at (0,0) size 101x24
            RenderText {#text} at (0,83) size 101x24
              text run at (0,83) width 101: "For this test: "
          RenderText {#text} at (101,83) size 450x25
            text run at (101,83) width 450: "Typed text should appear after (on the line below) the list."
      RenderBlock {DIV} at (0,266) size 784x151 [border: (2px solid #008000)]
        RenderBlock {UL} at (2,26) size 780x99
          RenderListItem {LI} at (40,0) size 740x33
            RenderListMarker at (-24,0) size 10x33: bullet
            RenderText {#text} at (0,0) size 80x33
              text run at (0,0) width 80: "line one"
          RenderListItem {LI} at (40,33) size 740x33
            RenderListMarker at (-24,0) size 10x33: bullet
            RenderText {#text} at (0,0) size 81x33
              text run at (0,0) width 81: "line two"
          RenderListItem {LI} at (40,66) size 740x33
            RenderListMarker at (-24,0) size 10x33: bullet
            RenderText {#text} at (0,0) size 134x33
              text run at (0,0) width 134: "line threexxx"
      RenderBlock {DIV} at (0,427) size 784x151
        RenderBlock {DIV} at (0,0) size 784x151 [border: (2px solid #FF0000)]
          RenderBlock {UL} at (2,26) size 780x99
            RenderListItem {LI} at (40,0) size 740x33
              RenderListMarker at (-24,0) size 10x33: bullet
              RenderText {#text} at (0,0) size 80x33
                text run at (0,0) width 80: "line one"
            RenderListItem {LI} at (40,33) size 740x33
              RenderListMarker at (-24,0) size 10x33: bullet
              RenderText {#text} at (0,0) size 81x33
                text run at (0,0) width 81: "line two"
            RenderListItem {LI} at (40,66) size 740x33
              RenderListMarker at (-24,0) size 10x33: bullet
              RenderText {#text} at (0,0) size 134x33
                text run at (0,0) width 134: "line threexxx"
caret: position 13 of child 0 {#text} of child 5 {LI} of child 1 {UL} of child 1 {DIV} of child 5 {DIV} of body
