EDITING DELEGATE: shouldBeginEditingInDOMRange:range from 0 of DIV > BODY > HTML > #document to 3 of DIV > BODY > HTML > #document
EDITING DELEGATE: webViewDidBeginEditing:WebViewDidBeginEditingNotification
EDITING DELEGATE: webViewDidChangeSelection:WebViewDidChangeSelectionNotification
EDITING DELEGATE: shouldChangeSelectedDOMRange:range from 2 of DIV > DIV > BODY > HTML > #document to 2 of DIV > DIV > BODY > HTML > #document toDOMRange:range from 1 of #text > DIV > DIV > BODY > HTML > #document to 1 of #text > DIV > DIV > BODY > HTML > #document affinity:NSSelectionAffinityDownstream stillSelecting:FALSE
EDITING DELEGATE: webViewDidChangeSelection:WebViewDidChangeSelectionNotification
EDITING DELEGATE: webViewDidChange:WebViewDidChangeNotification
EDITING DELEGATE: shouldChangeSelectedDOMRange:range from 1 of #text > DIV > DIV > BODY > HTML > #document to 1 of #text > DIV > DIV > BODY > HTML > #document toDOMRange:range from 2 of #text > DIV > DIV > BODY > HTML > #document to 2 of #text > DIV > DIV > BODY > HTML > #document affinity:NSSelectionAffinityDownstream stillSelecting:FALSE
EDITING DELEGATE: webViewDidChangeSelection:WebViewDidChangeSelectionNotification
EDITING DELEGATE: webViewDidChange:WebViewDidChangeNotification
EDITING DELEGATE: shouldChangeSelectedDOMRange:range from 2 of #text > DIV > DIV > BODY > HTML > #document to 2 of #text > DIV > DIV > BODY > HTML > #document toDOMRange:range from 3 of #text > DIV > DIV > BODY > HTML > #document to 3 of #text > DIV > DIV > BODY > HTML > #document affinity:NSSelectionAffinityDownstream stillSelecting:FALSE
EDITING DELEGATE: webViewDidChangeSelection:WebViewDidChangeSelectionNotification
EDITING DELEGATE: webViewDidChange:WebViewDidChangeNotification
layer at (0,0) size 800x600
  RenderView at (0,0) size 800x600
layer at (0,0) size 800x600
  RenderBlock {HTML} at (0,0) size 800x600
    RenderBody {BODY} at (8,8) size 784x584
      RenderBlock {DIV} at (0,0) size 784x256 [border: (4px solid #0000FF)]
        RenderBlock {DIV} at (20,20) size 744x83
          RenderText {#text} at (0,0) size 67x33
            text run at (0,0) width 67: "Tests: "
          RenderBR {BR} at (0,0) size 0x0
          RenderText {#text} at (0,33) size 709x25
            text run at (0,33) width 709: "Our ability to \"edit around\" content the HTML editing code does not yet handle very well. "
          RenderBR {BR} at (709,51) size 0x0
          RenderInline {I} at (0,0) size 101x24
            RenderText {#text} at (0,58) size 101x24
              text run at (0,58) width 101: "For this test: "
          RenderText {#text} at (101,58) size 203x25
            text run at (101,58) width 203: "Test typing before a table."
        RenderBlock (anonymous) at (20,103) size 744x25
          RenderBR {BR} at (0,0) size 0x25
        RenderBlock {DIV} at (20,128) size 744x108
          RenderText {#text} at (0,0) size 189x33
            text run at (0,0) width 189: "Expected Results: "
          RenderBR {BR} at (189,24) size 0x0
          RenderText {#text} at (0,33) size 698x50
            text run at (0,33) width 698: "The content in the red box must exactly match the content in the green box (except for the"
            text run at (0,58) width 113: "border color). "
          RenderBR {BR} at (113,76) size 0x0
          RenderInline {I} at (0,0) size 101x24
            RenderText {#text} at (0,83) size 101x24
              text run at (0,83) width 101: "For this test: "
          RenderText {#text} at (101,83) size 477x25
            text run at (101,83) width 477: "Typed text should appear before (on the line above) the table."
      RenderBlock {DIV} at (0,266) size 784x125 [border: (2px solid #008000)]
        RenderBlock (anonymous) at (2,2) size 780x33
          RenderText {#text} at (0,0) size 36x33
            text run at (0,0) width 36: "xxx"
        RenderTable {TABLE} at (2,35) size 46x88 [border: (1px outset #808080)]
          RenderTableSection {TBODY} at (1,1) size 44x86
            RenderTableRow {TR} at (0,2) size 44x26
              RenderTableCell {TD} at (2,2) size 12x26 [border: (1px inset #808080)] [r=0 c=0 rs=1 cs=1]
                RenderText {#text} at (2,2) size 8x22
                  text run at (2,2) width 8: "1"
              RenderTableCell {TD} at (16,2) size 12x26 [border: (1px inset #808080)] [r=0 c=1 rs=1 cs=1]
                RenderText {#text} at (2,2) size 8x22
                  text run at (2,2) width 8: "2"
              RenderTableCell {TD} at (30,2) size 12x26 [border: (1px inset #808080)] [r=0 c=2 rs=1 cs=1]
                RenderText {#text} at (2,2) size 8x22
                  text run at (2,2) width 8: "3"
            RenderTableRow {TR} at (0,30) size 44x26
              RenderTableCell {TD} at (2,30) size 12x26 [border: (1px inset #808080)] [r=1 c=0 rs=1 cs=1]
                RenderText {#text} at (2,2) size 8x22
                  text run at (2,2) width 8: "4"
              RenderTableCell {TD} at (16,30) size 12x26 [border: (1px inset #808080)] [r=1 c=1 rs=1 cs=1]
                RenderText {#text} at (2,2) size 8x22
                  text run at (2,2) width 8: "5"
              RenderTableCell {TD} at (30,30) size 12x26 [border: (1px inset #808080)] [r=1 c=2 rs=1 cs=1]
                RenderText {#text} at (2,2) size 8x22
                  text run at (2,2) width 8: "6"
            RenderTableRow {TR} at (0,58) size 44x26
              RenderTableCell {TD} at (2,58) size 12x26 [border: (1px inset #808080)] [r=2 c=0 rs=1 cs=1]
                RenderText {#text} at (2,2) size 8x22
                  text run at (2,2) width 8: "7"
              RenderTableCell {TD} at (16,58) size 12x26 [border: (1px inset #808080)] [r=2 c=1 rs=1 cs=1]
                RenderText {#text} at (2,2) size 8x22
                  text run at (2,2) width 8: "8"
              RenderTableCell {TD} at (30,58) size 12x26 [border: (1px inset #808080)] [r=2 c=2 rs=1 cs=1]
                RenderText {#text} at (2,2) size 8x22
                  text run at (2,2) width 8: "9"
      RenderBlock {DIV} at (0,401) size 784x125
        RenderBlock {DIV} at (0,0) size 784x125 [border: (2px solid #FF0000)]
          RenderBlock (anonymous) at (2,2) size 780x33
            RenderText {#text} at (0,0) size 36x33
              text run at (0,0) width 36: "xxx"
          RenderTable {TABLE} at (2,35) size 46x88 [border: (1px outset #808080)]
            RenderTableSection {TBODY} at (1,1) size 44x86
              RenderTableRow {TR} at (0,2) size 44x26
                RenderTableCell {TD} at (2,2) size 12x26 [border: (1px inset #808080)] [r=0 c=0 rs=1 cs=1]
                  RenderText {#text} at (2,2) size 8x22
                    text run at (2,2) width 8: "1"
                RenderTableCell {TD} at (16,2) size 12x26 [border: (1px inset #808080)] [r=0 c=1 rs=1 cs=1]
                  RenderText {#text} at (2,2) size 8x22
                    text run at (2,2) width 8: "2"
                RenderTableCell {TD} at (30,2) size 12x26 [border: (1px inset #808080)] [r=0 c=2 rs=1 cs=1]
                  RenderText {#text} at (2,2) size 8x22
                    text run at (2,2) width 8: "3"
              RenderTableRow {TR} at (0,30) size 44x26
                RenderTableCell {TD} at (2,30) size 12x26 [border: (1px inset #808080)] [r=1 c=0 rs=1 cs=1]
                  RenderText {#text} at (2,2) size 8x22
                    text run at (2,2) width 8: "4"
                RenderTableCell {TD} at (16,30) size 12x26 [border: (1px inset #808080)] [r=1 c=1 rs=1 cs=1]
                  RenderText {#text} at (2,2) size 8x22
                    text run at (2,2) width 8: "5"
                RenderTableCell {TD} at (30,30) size 12x26 [border: (1px inset #808080)] [r=1 c=2 rs=1 cs=1]
                  RenderText {#text} at (2,2) size 8x22
                    text run at (2,2) width 8: "6"
              RenderTableRow {TR} at (0,58) size 44x26
                RenderTableCell {TD} at (2,58) size 12x26 [border: (1px inset #808080)] [r=2 c=0 rs=1 cs=1]
                  RenderText {#text} at (2,2) size 8x22
                    text run at (2,2) width 8: "7"
                RenderTableCell {TD} at (16,58) size 12x26 [border: (1px inset #808080)] [r=2 c=1 rs=1 cs=1]
                  RenderText {#text} at (2,2) size 8x22
                    text run at (2,2) width 8: "8"
                RenderTableCell {TD} at (30,58) size 12x26 [border: (1px inset #808080)] [r=2 c=2 rs=1 cs=1]
                  RenderText {#text} at (2,2) size 8x22
                    text run at (2,2) width 8: "9"
caret: position 3 of child 1 {#text} of child 1 {DIV} of child 5 {DIV} of body
