EDITING DELEGATE: shouldBeginEditingInDOMRange:range from 0 of DIV > BODY > HTML > #document to 3 of DIV > BODY > HTML > #document
EDITING DELEGATE: webViewDidBeginEditing:WebViewDidBeginEditingNotification
EDITING DELEGATE: webViewDidChangeSelection:WebViewDidChangeSelectionNotification
EDITING DELEGATE: webViewDidChangeSelection:WebViewDidChangeSelectionNotification
EDITING DELEGATE: webViewDidChangeSelection:WebViewDidChangeSelectionNotification
EDITING DELEGATE: webViewDidChangeSelection:WebViewDidChangeSelectionNotification
EDITING DELEGATE: webViewDidChangeSelection:WebViewDidChangeSelectionNotification
EDITING DELEGATE: webViewDidChangeSelection:WebViewDidChangeSelectionNotification
EDITING DELEGATE: webViewDidChangeSelection:WebViewDidChangeSelectionNotification
EDITING DELEGATE: webViewDidChangeSelection:WebViewDidChangeSelectionNotification
EDITING DELEGATE: webViewDidChangeSelection:WebViewDidChangeSelectionNotification
EDITING DELEGATE: webViewDidChangeSelection:WebViewDidChangeSelectionNotification
EDITING DELEGATE: webViewDidChangeSelection:WebViewDidChangeSelectionNotification
EDITING DELEGATE: shouldChangeSelectedDOMRange:range from 2 of DIV > DIV > BODY > HTML > #document to 2 of DIV > DIV > BODY > HTML > #document toDOMRange:range from 1 of #text > DIV > DIV > BODY > HTML > #document to 1 of #text > DIV > DIV > BODY > HTML > #document affinity:NSSelectionAffinityDownstream stillSelecting:FALSE
EDITING DELEGATE: webViewDidChangeSelection:WebViewDidChangeSelectionNotification
EDITING DELEGATE: webViewDidChange:WebViewDidChangeNotification
EDITING DELEGATE: shouldChangeSelectedDOMRange:range from 1 of #text > DIV > DIV > BODY > HTML > #document to 1 of #text > DIV > DIV > BODY > HTML > #document toDOMRange:range from 2 of #text > DIV > DIV > BODY > HTML > #document to 2 of #text > DIV > DIV > BODY > HTML > #document affinity:NSSelectionAffinityDownstream stillSelecting:FALSE
EDITING DELEGATE: webViewDidChangeSelection:WebViewDidChangeSelectionNotification
EDITING DELEGATE: webViewDidChange:WebViewDidChangeNotification
EDITING DELEGATE: shouldChangeSelectedDOMRange:range from 2 of #text > DIV > DIV > BODY > HTML > #document to 2 of #text > DIV > DIV > BODY > HTML > #document toDOMRange:range from 3 of #text > DIV > DIV > BODY > HTML > #document to 3 of #text > DIV > DIV > BODY > HTML > #document affinity:NSSelectionAffinityDownstream stillSelecting:FALSE
EDITING DELEGATE: webViewDidChangeSelection:WebViewDidChangeSelectionNotification
EDITING DELEGATE: webViewDidChange:WebViewDidChangeNotification
layer at (0,0) size 800x600
  RenderView at (0,0) size 800x600
layer at (0,0) size 800x600
  RenderBlock {HTML} at (0,0) size 800x600
    RenderBody {BODY} at (8,8) size 784x584
      RenderBlock {DIV} at (0,0) size 784x248 [border: (4px solid #0000FF)]
        RenderBlock {DIV} at (20,20) size 744x80
          RenderText {#text} at (0,0) size 77x32
            text run at (0,0) width 77: "Tests: "
          RenderBR {BR} at (0,0) size 0x0
          RenderText {#text} at (0,32) size 705x24
            text run at (0,32) width 705: "Our ability to \"edit around\" content the HTML editing code does not yet handle very well. "
          RenderBR {BR} at (705,50) size 0x0
          RenderInline {I} at (0,0) size 104x24
            RenderText {#text} at (0,56) size 104x24
              text run at (0,56) width 104: "For this test: "
          RenderText {#text} at (104,56) size 193x24
            text run at (104,56) width 193: "Test typing after a table."
        RenderBlock (anonymous) at (20,100) size 744x24
          RenderBR {BR} at (0,0) size 0x24
        RenderBlock {DIV} at (20,124) size 744x104
          RenderText {#text} at (0,0) size 214x32
            text run at (0,0) width 214: "Expected Results: "
          RenderBR {BR} at (214,24) size 0x0
          RenderText {#text} at (0,32) size 716x48
            text run at (0,32) width 716: "The content in the red box must exactly match the content in the green box (except for the"
            text run at (0,56) width 112: "border color). "
          RenderBR {BR} at (112,74) size 0x0
          RenderInline {I} at (0,0) size 104x24
            RenderText {#text} at (0,80) size 104x24
              text run at (0,80) width 104: "For this test: "
          RenderText {#text} at (104,80) size 475x24
            text run at (104,80) width 475: "Typed text should appear after (on the line below) the table."
      RenderBlock {DIV} at (0,258) size 784x119 [border: (2px solid #008000)]
        RenderTable {TABLE} at (2,2) size 49x85 [border: (1px outset #808080)]
          RenderTableSection {TBODY} at (1,1) size 47x83
            RenderTableRow {TR} at (0,2) size 47x25
              RenderTableCell {TD} at (2,2) size 13x25 [border: (1px inset #808080)] [r=0 c=0 rs=1 cs=1]
                RenderText {#text} at (2,2) size 9x21
                  text run at (2,2) width 9: "1"
              RenderTableCell {TD} at (17,2) size 13x25 [border: (1px inset #808080)] [r=0 c=1 rs=1 cs=1]
                RenderText {#text} at (2,2) size 9x21
                  text run at (2,2) width 9: "2"
              RenderTableCell {TD} at (32,2) size 13x25 [border: (1px inset #808080)] [r=0 c=2 rs=1 cs=1]
                RenderText {#text} at (2,2) size 9x21
                  text run at (2,2) width 9: "3"
            RenderTableRow {TR} at (0,29) size 47x25
              RenderTableCell {TD} at (2,29) size 13x25 [border: (1px inset #808080)] [r=1 c=0 rs=1 cs=1]
                RenderText {#text} at (2,2) size 9x21
                  text run at (2,2) width 9: "4"
              RenderTableCell {TD} at (17,29) size 13x25 [border: (1px inset #808080)] [r=1 c=1 rs=1 cs=1]
                RenderText {#text} at (2,2) size 9x21
                  text run at (2,2) width 9: "5"
              RenderTableCell {TD} at (32,29) size 13x25 [border: (1px inset #808080)] [r=1 c=2 rs=1 cs=1]
                RenderText {#text} at (2,2) size 9x21
                  text run at (2,2) width 9: "6"
            RenderTableRow {TR} at (0,56) size 47x25
              RenderTableCell {TD} at (2,56) size 13x25 [border: (1px inset #808080)] [r=2 c=0 rs=1 cs=1]
                RenderText {#text} at (2,2) size 9x21
                  text run at (2,2) width 9: "7"
              RenderTableCell {TD} at (17,56) size 13x25 [border: (1px inset #808080)] [r=2 c=1 rs=1 cs=1]
                RenderText {#text} at (2,2) size 9x21
                  text run at (2,2) width 9: "8"
              RenderTableCell {TD} at (32,56) size 13x25 [border: (1px inset #808080)] [r=2 c=2 rs=1 cs=1]
                RenderText {#text} at (2,2) size 9x21
                  text run at (2,2) width 9: "9"
        RenderBlock (anonymous) at (2,87) size 780x30
          RenderText {#text} at (0,0) size 36x30
            text run at (0,0) width 36: "xxx"
      RenderBlock {DIV} at (0,387) size 784x119
        RenderBlock {DIV} at (0,0) size 784x119 [border: (2px solid #FF0000)]
          RenderTable {TABLE} at (2,2) size 49x85 [border: (1px outset #808080)]
            RenderTableSection {TBODY} at (1,1) size 47x83
              RenderTableRow {TR} at (0,2) size 47x25
                RenderTableCell {TD} at (2,2) size 13x25 [border: (1px inset #808080)] [r=0 c=0 rs=1 cs=1]
                  RenderText {#text} at (2,2) size 9x21
                    text run at (2,2) width 9: "1"
                RenderTableCell {TD} at (17,2) size 13x25 [border: (1px inset #808080)] [r=0 c=1 rs=1 cs=1]
                  RenderText {#text} at (2,2) size 9x21
                    text run at (2,2) width 9: "2"
                RenderTableCell {TD} at (32,2) size 13x25 [border: (1px inset #808080)] [r=0 c=2 rs=1 cs=1]
                  RenderText {#text} at (2,2) size 9x21
                    text run at (2,2) width 9: "3"
              RenderTableRow {TR} at (0,29) size 47x25
                RenderTableCell {TD} at (2,29) size 13x25 [border: (1px inset #808080)] [r=1 c=0 rs=1 cs=1]
                  RenderText {#text} at (2,2) size 9x21
                    text run at (2,2) width 9: "4"
                RenderTableCell {TD} at (17,29) size 13x25 [border: (1px inset #808080)] [r=1 c=1 rs=1 cs=1]
                  RenderText {#text} at (2,2) size 9x21
                    text run at (2,2) width 9: "5"
                RenderTableCell {TD} at (32,29) size 13x25 [border: (1px inset #808080)] [r=1 c=2 rs=1 cs=1]
                  RenderText {#text} at (2,2) size 9x21
                    text run at (2,2) width 9: "6"
              RenderTableRow {TR} at (0,56) size 47x25
                RenderTableCell {TD} at (2,56) size 13x25 [border: (1px inset #808080)] [r=2 c=0 rs=1 cs=1]
                  RenderText {#text} at (2,2) size 9x21
                    text run at (2,2) width 9: "7"
                RenderTableCell {TD} at (17,56) size 13x25 [border: (1px inset #808080)] [r=2 c=1 rs=1 cs=1]
                  RenderText {#text} at (2,2) size 9x21
                    text run at (2,2) width 9: "8"
                RenderTableCell {TD} at (32,56) size 13x25 [border: (1px inset #808080)] [r=2 c=2 rs=1 cs=1]
                  RenderText {#text} at (2,2) size 9x21
                    text run at (2,2) width 9: "9"
          RenderBlock (anonymous) at (2,87) size 780x30
            RenderText {#text} at (0,0) size 36x30
              text run at (0,0) width 36: "xxx"
caret: position 3 of child 2 {#text} of child 1 {DIV} of child 5 {DIV} of body
