EDITING DELEGATE: shouldBeginEditingInDOMRange:range from 0 of DIV > BODY > HTML > #document to 3 of DIV > BODY > HTML > #document
EDITING DELEGATE: webViewDidBeginEditing:WebViewDidBeginEditingNotification
EDITING DELEGATE: webViewDidChangeSelection:WebViewDidChangeSelectionNotification
EDITING DELEGATE: webViewDidChangeSelection:WebViewDidChangeSelectionNotification
EDITING DELEGATE: webViewDidChangeSelection:WebViewDidChangeSelectionNotification
EDITING DELEGATE: webViewDidChangeSelection:WebViewDidChangeSelectionNotification
EDITING DELEGATE: webViewDidChangeSelection:WebViewDidChangeSelectionNotification
EDITING DELEGATE: webViewDidChangeSelection:WebViewDidChangeSelectionNotification
EDITING DELEGATE: webViewDidChangeSelection:WebViewDidChangeSelectionNotification
EDITING DELEGATE: webViewDidChangeSelection:WebViewDidChangeSelectionNotification
EDITING DELEGATE: webViewDidChangeSelection:WebViewDidChangeSelectionNotification
EDITING DELEGATE: webViewDidChangeSelection:WebViewDidChangeSelectionNotification
EDITING DELEGATE: webViewDidChangeSelection:WebViewDidChangeSelectionNotification
EDITING DELEGATE: webViewDidChangeSelection:WebViewDidChangeSelectionNotification
EDITING DELEGATE: webViewDidChangeSelection:WebViewDidChangeSelectionNotification
EDITING DELEGATE: webViewDidChangeSelection:WebViewDidChangeSelectionNotification
EDITING DELEGATE: webViewDidChangeSelection:WebViewDidChangeSelectionNotification
EDITING DELEGATE: webViewDidChangeSelection:WebViewDidChangeSelectionNotification
EDITING DELEGATE: webViewDidChangeSelection:WebViewDidChangeSelectionNotification
EDITING DELEGATE: webViewDidChangeSelection:WebViewDidChangeSelectionNotification
EDITING DELEGATE: webViewDidChangeSelection:WebViewDidChangeSelectionNotification
EDITING DELEGATE: webViewDidChangeSelection:WebViewDidChangeSelectionNotification
EDITING DELEGATE: shouldDeleteDOMRange:range from 0 of #text > TD > TR > TBODY > TABLE > DIV > DIV > BODY > HTML > #document to 2 of DIV > DIV > BODY > HTML > #document
EDITING DELEGATE: webViewDidChangeSelection:WebViewDidChangeSelectionNotification
EDITING DELEGATE: shouldChangeSelectedDOMRange:(null) toDOMRange:range from 2 of DIV > DIV > BODY > HTML > #document to 2 of DIV > DIV > BODY > HTML > #document affinity:NSSelectionAffinityDownstream stillSelecting:FALSE
EDITING DELEGATE: webViewDidChangeSelection:WebViewDidChangeSelectionNotification
EDITING DELEGATE: webViewDidChange:WebViewDidChangeNotification
layer at (0,0) size 800x600
  RenderView at (0,0) size 800x600
layer at (0,0) size 800x600
  RenderBlock {HTML} at (0,0) size 800x600
    RenderBody {BODY} at (8,8) size 784x584
      RenderBlock {DIV} at (0,0) size 784x281 [border: (4px solid #0000FF)]
        RenderBlock {DIV} at (20,20) size 744x83
          RenderText {#text} at (0,0) size 67x33
            text run at (0,0) width 67: "Tests: "
          RenderBR {BR} at (0,0) size 0x0
          RenderText {#text} at (0,33) size 709x25
            text run at (0,33) width 709: "Our ability to \"edit around\" content the HTML editing code does not yet handle very well. "
          RenderBR {BR} at (709,51) size 0x0
          RenderInline {I} at (0,0) size 101x24
            RenderText {#text} at (0,58) size 101x24
              text run at (0,58) width 101: "For this test: "
          RenderText {#text} at (101,58) size 191x25
            text run at (101,58) width 191: "Select and delete a table."
        RenderBlock (anonymous) at (20,103) size 744x25
          RenderBR {BR} at (0,0) size 0x25
        RenderBlock {DIV} at (20,128) size 744x133
          RenderText {#text} at (0,0) size 189x33
            text run at (0,0) width 189: "Expected Results: "
          RenderBR {BR} at (189,24) size 0x0
          RenderText {#text} at (0,33) size 698x50
            text run at (0,33) width 698: "The content in the red box must exactly match the content in the green box (except for the"
            text run at (0,58) width 113: "border color). "
          RenderBR {BR} at (113,76) size 0x0
          RenderInline {I} at (0,0) size 101x24
            RenderText {#text} at (0,83) size 101x24
              text run at (0,83) width 101: "For this test: "
          RenderText {#text} at (101,83) size 701x50
            text run at (101,83) width 600: "Only table should get deleted. Surrounding content that is not selected should"
            text run at (0,108) width 209: "(obviously) not be affected."
      RenderBlock {DIV} at (0,291) size 784x37 [border: (2px solid #008000)]
        RenderText {#text} at (2,2) size 116x33
          text run at (2,2) width 116: "beforeafter"
      RenderBlock {DIV} at (0,338) size 784x70
        RenderBlock {DIV} at (0,0) size 784x70 [border: (2px solid #FF0000)]
          RenderText {#text} at (2,2) size 66x33
            text run at (2,2) width 66: "before"
          RenderBR {BR} at (68,26) size 0x0
          RenderText {#text} at (2,35) size 50x33
            text run at (2,35) width 50: "after"
caret: position 0 of child 2 {#text} of child 1 {DIV} of child 5 {DIV} of body
