CONSOLE MESSAGE: line 8: Uncaught TypeError: Object [object Object] has no method 'dumpSourceAsWebArchive'
layer at (0,0) size 800x600
  RenderView at (0,0) size 800x600
layer at (0,0) size 800x52
  RenderBlock {HTML} at (0,0) size 800x52
    RenderBody {BODY} at (8,8) size 784x36
      RenderBlock {DIV} at (0,0) size 784x18
        RenderInline {A} at (0,0) size 722x18 [color=#0000EE]
          RenderText {#text} at (0,0) size 722x18
            text run at (0,0) width 722: "Bug 15290: REGRESSION (r14184-r14216): Duplicate DOCTYPE definitions when saving files as webarchives"
        RenderText {#text} at (0,0) size 0x0
      RenderBlock {DIV} at (0,18) size 784x18
        RenderText {#text} at (0,0) size 482x18
          text run at (0,0) width 482: "This test checks that only one <!DOCTYPE> tag is written to a webarchive."
