CONSOLE MESSAGE: line 5: Uncaught TypeError: Object [object Object] has no method 'dumpDOMAsWebArchive'
layer at (0,0) size 800x600
  RenderView at (0,0) size 800x600
layer at (0,0) size 800x600
  RenderBlock {HTML} at (0,0) size 800x600
    RenderFrameSet {FRAMESET} at (0,0) size 800x600
      RenderFrame {FRAME} at (0,0) size 800x600
        layer at (0,0) size 800x600
          RenderView at (0,0) size 800x600
        layer at (0,0) size 800x600
          RenderBlock {HTML} at (0,0) size 800x600
            RenderBody {BODY} at (8,8) size 784x584
              RenderBlock {DIV} at (0,0) size 784x64 [color=#FF0000]
                RenderImage {IMG} at (0,0) size 52x64
                RenderText {#text} at (0,0) size 0x0
              RenderBlock {DIV} at (0,64) size 784x18 [color=#FF0000]
                RenderText {#text} at (0,0) size 376x17
                  text run at (0,0) width 138: "This is a subframe. "
                  text run at (138,0) width 238: "This text should be red sans-serif."
              RenderBlock {DIV} at (0,82) size 784x64 [color=#FF0000]
                RenderImage {IMG} at (0,0) size 52x64
                RenderText {#text} at (0,0) size 0x0
