CONSOLE MESSAGE: line 5: Uncaught TypeError: Object [object Object] has no method 'dumpDOMAsWebArchive'
layer at (0,0) size 800x600
  RenderView at (0,0) size 800x600
layer at (0,0) size 800x600
  RenderBlock {HTML} at (0,0) size 800x600
    RenderBody {BODY} at (8,8) size 784x584
      RenderBlock {DIV} at (0,0) size 784x18 [color=#0000FF]
        RenderText {#text} at (0,0) size 155x18
          text run at (0,0) width 155: "This text should be blue."
      RenderBlock {DIV} at (0,18) size 784x18 [color=#FF0000]
        RenderText {#text} at (0,0) size 148x18
          text run at (0,0) width 148: "This text should be red."
      RenderBlock {DIV} at (0,36) size 784x18 [color=#008000]
        RenderText {#text} at (0,0) size 163x18
          text run at (0,0) width 163: "This text should be green."
      RenderBlock {DIV} at (0,54) size 784x18 [color=#800080]
        RenderText {#text} at (0,0) size 168x18
          text run at (0,0) width 168: "This text should be purple."
