CONSOLE MESSAGE: line 2: Uncaught TypeError: Object [object Object] has no method 'dumpDOMAsWebArchive'
CONSOLE MESSAGE: line 2: Uncaught TypeError: Object [object Object] has no method 'dumpDOMAsWebArchive'
layer at (0,0) size 800x600
  RenderView at (0,0) size 800x600
layer at (0,0) size 800x600
  RenderBlock {HTML} at (0,0) size 800x600
    RenderBody {BODY} at (8,8) size 784x584
      RenderBlock {DIV} at (0,0) size 784x64 [color=#FF0000]
        RenderImage {IMG} at (0,0) size 52x64
        RenderText {#text} at (0,0) size 0x0
      RenderBlock {DIV} at (0,64) size 784x18 [color=#FF0000]
        RenderText {#text} at (0,0) size 397x17
          text run at (0,0) width 159: "This is not a frameset. "
          text run at (159,0) width 238: "This text should be red sans-serif."
      RenderBlock {DIV} at (0,82) size 784x64 [color=#FF0000]
        RenderImage {IMG} at (0,0) size 52x64
        RenderText {#text} at (0,0) size 0x0
      RenderBlock (anonymous) at (0,146) size 784x154
        RenderPartObject {IFRAME} at (0,0) size 304x154 [border: (2px inset #000000)]
          layer at (0,0) size 285x180
            RenderView at (0,0) size 285x150
          layer at (0,0) size 285x180
            RenderBlock {HTML} at (0,0) size 285x180
              RenderBody {BODY} at (8,8) size 269x164
                RenderBlock {DIV} at (0,0) size 269x64 [color=#FF0000]
                  RenderImage {IMG} at (0,0) size 52x64
                  RenderText {#text} at (0,0) size 0x0
                RenderBlock {DIV} at (0,64) size 269x36 [color=#FF0000]
                  RenderText {#text} at (0,0) size 250x35
                    text run at (0,0) width 138: "This is a subframe. "
                    text run at (138,0) width 112: "This text should"
                    text run at (0,18) width 122: "be red sans-serif."
                RenderBlock {DIV} at (0,100) size 269x64 [color=#FF0000]
                  RenderImage {IMG} at (0,0) size 52x64
                  RenderText {#text} at (0,0) size 0x0
        RenderText {#text} at (0,0) size 0x0
        RenderText {#text} at (0,0) size 0x0
        RenderText {#text} at (0,0) size 0x0
