layer at (0,0) size 800x600
  RenderView at (0,0) size 800x600
layer at (0,0) size 800x600
  RenderBlock {HTML} at (0,0) size 800x600
    RenderFrameSet {FRAMESET} at (0,0) size 800x600
      RenderFrame {FRAME} at (0,0) size 800x534
        layer at (0,0) size 784x2079
          RenderView at (0,0) size 784x534
        layer at (0,0) size 784x2079
          RenderBlock {HTML} at (0,0) size 784x2079
            RenderBody {BODY} at (8,8) size 768x2039
              RenderBlock (anonymous) at (0,0) size 768x287
                RenderText {#text} at (0,0) size 763x205
                  text run at (0,0) width 763: "This is test page that we navigate to as part of testing"
                  text run at (0,41) width 369: "various navigation styles. "
                  text run at (369,41) width 352: "It includes a form so that"
                  text run at (0,82) width 742: "we can test saving and restoring of form data, and it"
                  text run at (0,123) width 756: "needs to be long enough that we can test saving and"
                  text run at (0,164) width 384: "restoring of scroll position. "
                RenderBR {BR} at (384,195) size 0x0
                RenderBR {BR} at (0,205) size 0x41
                RenderBR {BR} at (0,246) size 0x41
              RenderBlock {HR} at (0,303) size 768x2 [border: (1px inset #000000)]
              RenderBlock {FORM} at (0,321) size 768x881
                RenderButton {INPUT} at (2,2) size 272x51 [bgcolor=#C0C0C0]
                  RenderBlock (anonymous) at (5,5) size 262x41
                    RenderText at (0,0) size 262x41
                      text run at (0,0) width 262: "Submit with POST"
                RenderBR {BR} at (276,38) size 0x0
                RenderButton {INPUT} at (2,57) size 586x51 [bgcolor=#C0C0C0]
                  RenderBlock (anonymous) at (5,5) size 576x41
                    RenderText at (0,0) size 576x41
                      text run at (0,0) width 576: "Submit with POST followed by a redirect"
                RenderBR {BR} at (590,93) size 0x0
                RenderText {#text} at (0,110) size 428x41
                  text run at (0,110) width 428: "Here are some form elements"
                RenderTextControl {INPUT} at (2,153) size 366x45
                RenderBR {BR} at (370,186) size 0x0
                RenderText {#text} at (0,204) size 377x41
                  text run at (0,204) width 377: "that we can use for testing"
                RenderTextControl {INPUT} at (379,202) size 366x45
                  RenderBlock {DIV} at (2,2) size 362x41
                RenderBR {BR} at (747,235) size 0x0
                RenderBlock {INPUT} at (8,272) size 10x10
                RenderText {#text} at (26,249) size 79x41
                  text run at (26,249) width 79: " Male"
                RenderBR {BR} at (105,280) size 0x0
                RenderBlock {INPUT} at (8,313) size 10x10
                RenderText {#text} at (26,290) size 117x41
                  text run at (26,290) width 117: " Female"
                RenderBR {BR} at (143,321) size 0x0
                RenderBlock {INPUT} at (8,353) size 11x11
                RenderText {#text} at (27,331) size 142x41
                  text run at (27,331) width 142: " option #1"
                RenderBR {BR} at (169,362) size 0x0
                RenderBlock {INPUT} at (8,394) size 11x11
                RenderText {#text} at (27,372) size 142x41
                  text run at (27,372) width 142: " option #2"
                RenderBR {BR} at (169,403) size 0x0
                RenderMenuList {SELECT} at (2,415) size 632x46 [bgcolor=#FFFFFF]
                  RenderBlock (anonymous) at (4,2) size 606x41
                    RenderText at (0,0) size 166x41
                      text run at (0,0) width 166: "Initial Value"
                RenderBR {BR} at (636,448) size 0x0
                RenderText {#text} at (0,0) size 0x0
              RenderBlock {HR} at (0,1234) size 768x2 [border: (1px inset #000000)]
              RenderBlock {P} at (0,1268) size 768x41
                RenderText {#text} at (0,0) size 64x41
                  text run at (0,0) width 64: "Now"
              RenderBlock {P} at (0,1341) size 768x41
                RenderText {#text} at (0,0) size 79x41
                  text run at (0,0) width 79: "some"
              RenderBlock {P} at (0,1414) size 768x41
                RenderText {#text} at (0,0) size 59x41
                  text run at (0,0) width 59: "filler"
              RenderBlock {P} at (0,1487) size 768x41
                RenderText {#text} at (0,0) size 34x41
                  text run at (0,0) width 34: "so"
              RenderBlock {P} at (0,1560) size 768x41
                RenderText {#text} at (0,0) size 45x41
                  text run at (0,0) width 45: "the"
              RenderBlock {P} at (0,1633) size 768x41
                RenderText {#text} at (0,0) size 52x41
                  text run at (0,0) width 52: "doc"
              RenderBlock {P} at (0,1706) size 768x41
                RenderText {#text} at (0,0) size 23x41
                  text run at (0,0) width 23: "is"
              RenderBlock {P} at (0,1779) size 768x41
                RenderText {#text} at (0,0) size 61x41
                  text run at (0,0) width 61: "long"
              RenderBlock {P} at (0,1852) size 768x41
                RenderText {#text} at (0,0) size 108x41
                  text run at (0,0) width 108: "enough"
              RenderBlock {P} at (0,1925) size 768x41
                RenderText {#text} at (0,0) size 120x41
                  text run at (0,0) width 120: "to scroll."
              RenderBlock {P} at (0,1998) size 768x41
                RenderInline {A} at (0,0) size 590x41
                  RenderText {#text} at (0,0) size 590x41
                    text run at (0,0) width 590: "This is an anchor point named \"anchor1\"."
        layer at (12,484) size 362x41 scrollWidth 390
          RenderBlock {DIV} at (2,2) size 362x41
            RenderText {#text} at (1,0) size 388x41
              text run at (1,0) width 388: "Initial text before user input"
        layer at (10,794) size 560x414
          RenderTextControl {TEXTAREA} at (2,465) size 560x414
            RenderBlock {DIV} at (2,2) size 556x82
              RenderText {#text} at (0,0) size 478x41
                text run at (0,0) width 478: "More initial text before user input."
                text run at (478,0) width 0: " "
              RenderBR {BR} at (0,41) size 0x41
      RenderFrame {FRAME} at (0,540) size 800x60
        layer at (0,0) size 784x98
          RenderView at (0,0) size 784x60
        layer at (0,0) size 784x98
          RenderBlock {HTML} at (0,0) size 784x98
            RenderBody {BODY} at (8,8) size 768x82
              RenderText {#text} at (0,0) size 768x82
                text run at (0,0) width 768: "This is just a minimal page that we navigate to as part"
                text run at (0,41) width 334: "of testing back/forward."

============== Back Forward List ==============
        http://127.0.0.1:8000/navigation/javascriptlink-frames.html  **nav target**
curr->  http://127.0.0.1:8000/navigation/resources/frameset.pl?frameURL=javascriptlink.html  **nav target**
            http://127.0.0.1:8000/navigation/resources/otherpage.html (in frame "footer")
            http://127.0.0.1:8000/navigation/resources/success200.html (in frame "main")
===============================================
