layer at (0,0) size 784x1102
  RenderView at (0,0) size 784x600
layer at (0,0) size 784x600
  RenderBlock {HTML} at (0,0) size 784x600
    RenderBody {BODY} at (8,8) size 760x584
layer at (616,8) size 160x584
  RenderBlock {P} at (0,0) size 160x584 [border: (10px solid #800000)]
    RenderText {#text} at (30,30) size 35x133
      text run at (30,30) width 133: "This is some column"
      text run at (48,30) width 28: "text."
    RenderBR {BR} at (62,57) size 0x1
    RenderText {#text} at (66,30) size 35x133
      text run at (66,30) width 133: "This is some column"
      text run at (84,30) width 28: "text."
    RenderBR {BR} at (98,57) size 0x1
    RenderText {#text} at (102,30) size 45x133
      text run at (102,30) width 133: "This is some column"
      text run at (130,30) width 28: "text."
    RenderBR {BR} at (144,57) size 0x1
    RenderText {#text} at (148,30) size 35x133
      text run at (148,30) width 133: "This is some column"
      text run at (166,30) width 28: "text."
    RenderBR {BR} at (180,57) size 0x1
    RenderText {#text} at (184,30) size 35x133
      text run at (184,30) width 133: "This is some column"
      text run at (202,30) width 28: "text."
    RenderBR {BR} at (216,57) size 0x1
    RenderText {#text} at (230,30) size 35x133
      text run at (230,30) width 133: "This is some column"
      text run at (248,30) width 28: "text."
    RenderBR {BR} at (262,57) size 0x1
    RenderText {#text} at (266,30) size 35x133
      text run at (266,30) width 133: "This is some column"
      text run at (284,30) width 28: "text."
    RenderBR {BR} at (298,57) size 0x1
    RenderText {#text} at (302,30) size 45x133
      text run at (302,30) width 133: "This is some column"
      text run at (330,30) width 28: "text."
    RenderBR {BR} at (344,57) size 0x1
    RenderText {#text} at (348,30) size 35x133
      text run at (348,30) width 133: "This is some column"
      text run at (366,30) width 28: "text."
    RenderBR {BR} at (380,57) size 0x1
    RenderText {#text} at (384,30) size 35x133
      text run at (384,30) width 133: "This is some column"
      text run at (402,30) width 28: "text."
    RenderBR {BR} at (416,57) size 0x1
    RenderText {#text} at (430,30) size 35x133
      text run at (430,30) width 133: "This is some column"
      text run at (448,30) width 28: "text."
    RenderBR {BR} at (462,57) size 0x1
    RenderText {#text} at (466,30) size 35x133
      text run at (466,30) width 133: "This is some column"
      text run at (484,30) width 28: "text."
    RenderBR {BR} at (498,57) size 0x1
    RenderText {#text} at (502,30) size 45x133
      text run at (502,30) width 133: "This is some column"
      text run at (530,30) width 28: "text."
    RenderBR {BR} at (544,57) size 0x1
layer at (440,8) size 160x584
  RenderBlock {P} at (176,0) size 160x584 [border: (10px solid #800000)]
    RenderText {#text} at (30,61) size 35x133
      text run at (30,61) width 133: "This is some column"
      text run at (48,166) width 4 RTL: "."
      text run at (48,170) width 24: "text"
    RenderBR {BR} at (62,166) size 0x1
    RenderText {#text} at (66,61) size 35x133
      text run at (66,61) width 133: "This is some column"
      text run at (84,166) width 4 RTL: "."
      text run at (84,170) width 24: "text"
    RenderBR {BR} at (98,166) size 0x1
    RenderText {#text} at (102,61) size 45x133
      text run at (102,61) width 133: "This is some column"
      text run at (130,166) width 4 RTL: "."
      text run at (130,170) width 24: "text"
    RenderBR {BR} at (144,166) size 0x1
    RenderText {#text} at (148,61) size 35x133
      text run at (148,61) width 133: "This is some column"
      text run at (166,166) width 4 RTL: "."
      text run at (166,170) width 24: "text"
    RenderBR {BR} at (180,166) size 0x1
    RenderText {#text} at (184,61) size 35x133
      text run at (184,61) width 133: "This is some column"
      text run at (202,166) width 4 RTL: "."
      text run at (202,170) width 24: "text"
    RenderBR {BR} at (216,166) size 0x1
    RenderText {#text} at (230,61) size 35x133
      text run at (230,61) width 133: "This is some column"
      text run at (248,166) width 4 RTL: "."
      text run at (248,170) width 24: "text"
    RenderBR {BR} at (262,166) size 0x1
    RenderText {#text} at (266,61) size 35x133
      text run at (266,61) width 133: "This is some column"
      text run at (284,166) width 4 RTL: "."
      text run at (284,170) width 24: "text"
    RenderBR {BR} at (298,166) size 0x1
    RenderText {#text} at (302,61) size 45x133
      text run at (302,61) width 133: "This is some column"
      text run at (330,166) width 4 RTL: "."
      text run at (330,170) width 24: "text"
    RenderBR {BR} at (344,166) size 0x1
    RenderText {#text} at (348,61) size 35x133
      text run at (348,61) width 133: "This is some column"
      text run at (366,166) width 4 RTL: "."
      text run at (366,170) width 24: "text"
    RenderBR {BR} at (380,166) size 0x1
    RenderText {#text} at (384,61) size 35x133
      text run at (384,61) width 133: "This is some column"
      text run at (402,166) width 4 RTL: "."
      text run at (402,170) width 24: "text"
    RenderBR {BR} at (416,166) size 0x1
    RenderText {#text} at (430,61) size 35x133
      text run at (430,61) width 133: "This is some column"
      text run at (448,166) width 4 RTL: "."
      text run at (448,170) width 24: "text"
    RenderBR {BR} at (462,166) size 0x1
    RenderText {#text} at (466,61) size 35x133
      text run at (466,61) width 133: "This is some column"
      text run at (484,166) width 4 RTL: "."
      text run at (484,170) width 24: "text"
    RenderBR {BR} at (498,166) size 0x1
    RenderText {#text} at (502,61) size 45x133
      text run at (502,61) width 133: "This is some column"
      text run at (530,166) width 4 RTL: "."
      text run at (530,170) width 24: "text"
    RenderBR {BR} at (544,166) size 0x1
