layer at (0,0) size 800x600
  RenderView at (0,0) size 800x600
layer at (0,0) size 800x600
  RenderBlock {HTML} at (0,0) size 800x600
    RenderBody {BODY} at (8,8) size 784x584
      RenderText {#text} at (185,20) size 19x4
        text run at (185,20) width 4: " "
      RenderText {#text} at (185,44) size 19x4
        text run at (185,44) width 4: " "
      RenderText {#text} at (185,68) size 19x4
        text run at (185,68) width 4: " "
      RenderText {#text} at (185,92) size 19x4
        text run at (185,92) width 4: " "
      RenderText {#text} at (185,116) size 19x4
        text run at (185,116) width 4: " "
      RenderText {#text} at (185,140) size 19x4
        text run at (185,140) width 4: " "
      RenderText {#text} at (185,164) size 19x4
        text run at (185,164) width 4: " "
      RenderText {#text} at (0,0) size 0x0
layer at (592,8) size 200x20
  RenderBlock {DIV} at (0,0) size 200x20
    RenderBlock {DIV} at (0,0) size 400x2
layer at (592,32) size 200x20
  RenderBlock {DIV} at (0,24) size 200x20
    RenderBlock {DIV} at (0,0) size 400x2
layer at (592,56) size 200x20
  RenderBlock {DIV} at (0,48) size 200x20
    RenderBlock {DIV} at (0,0) size 400x2
layer at (592,80) size 200x20
  RenderBlock {DIV} at (0,72) size 200x20
    RenderBlock {DIV} at (0,0) size 400x2
layer at (592,104) size 200x20
  RenderBlock {DIV} at (0,96) size 200x20
    RenderBlock {DIV} at (0,0) size 400x2
layer at (592,128) size 200x20
  RenderBlock {DIV} at (0,120) size 200x20
    RenderBlock {DIV} at (0,0) size 400x2
layer at (592,152) size 200x20
  RenderBlock {DIV} at (0,144) size 200x20
    RenderBlock {DIV} at (0,0) size 400x2
layer at (592,176) size 200x20
  RenderBlock {DIV} at (0,168) size 200x20
    RenderBlock {DIV} at (0,0) size 400x2
