layer at (0,0) size 800x600
  RenderView at (0,0) size 800x600
layer at (0,0) size 800x38
  RenderBlock {book} at (0,0) size 800x38
    RenderBlock {xhtml:div} at (0,0) size 800x19
      RenderText {#text} at (0,0) size 670x19
        text run at (0,0) width 670: "This test checks whether CSS21 attribute selectors are re-evaluated after attribute changes in xml elements."
    RenderBlock {test} at (0,19) size 800x19 [color=#008000]
      RenderInline (generated) at (0,0) size 61x19
        RenderText at (0,0) size 61x19
          text run at (0,0) width 61: "PASSED"
