layer at (0,0) size 800x600
  RenderView at (0,0) size 800x600
layer at (0,0) size 800x86
  RenderBlock {HTML} at (0,0) size 800x86
    RenderBody {BODY} at (8,16) size 784x54
      RenderBlock {P} at (0,0) size 784x19
        RenderText {#text} at (0,0) size 135x19
          text run at (0,0) width 135: "this should not be red"
      RenderBlock {P} at (0,35) size 784x19
        RenderText {#text} at (0,0) size 142x19
          text run at (0,0) width 142: "this should not be blue"
