layer at (0,0) size 800x600
  RenderView at (0,0) size 800x600
layer at (0,0) size 800x600
  RenderBlock {HTML} at (0,0) size 800x600
    RenderBody {BODY} at (8,8) size 784x576
      RenderBlock {DIV} at (0,0) size 784x170
        RenderTable {TABLE} at (0,0) size 784x170
          RenderTableSection {TBODY} at (0,0) size 784x170
            RenderTableRow {TR} at (0,2) size 784x40 [color=#008000]
              RenderTableCell {TD} at (2,2) size 382x40 [r=0 c=0 rs=1 cs=1]
                RenderText {#text} at (1,1) size 346x38
                  text run at (1,1) width 346: "This is the first cell in the first row of this table, and"
                  text run at (1,20) width 175: "should be green, and bold"
              RenderTableCell {TD} at (386,2) size 396x40 [r=0 c=1 rs=1 cs=1]
                RenderText {#text} at (1,1) size 365x38
                  text run at (1,1) width 365: "This is the second cell in the first row of this table, and"
                  text run at (1,20) width 171: "should be green and bold"
            RenderTableRow {TR} at (0,44) size 784x40 [color=#800080]
              RenderTableCell {TD} at (2,44) size 382x40 [r=1 c=0 rs=1 cs=1]
                RenderText {#text} at (1,1) size 365x38
                  text run at (1,1) width 365: "This is the first cell in the second row of this table, and"
                  text run at (1,20) width 178: "should be purple and bold"
              RenderTableCell {TD} at (386,44) size 396x40 [r=1 c=1 rs=1 cs=1]
                RenderText {#text} at (1,1) size 384x38
                  text run at (1,1) width 384: "This is the second cell in the second row of this table, and"
                  text run at (1,20) width 178: "should be purple and bold"
            RenderTableRow {TR} at (0,86) size 784x40 [color=#008000]
              RenderTableCell {TD} at (2,86) size 382x40 [r=2 c=0 rs=1 cs=1]
                RenderText {#text} at (1,1) size 374x38
                  text run at (1,1) width 374: "This is the first cell in the third row of this table, and should"
                  text run at (1,20) width 54: "be green"
              RenderTableCell {TD} at (386,86) size 396x40 [r=2 c=1 rs=1 cs=1]
                RenderText {#text} at (1,1) size 394x38
                  text run at (1,1) width 394: "This is the second cell in the third row of this table, and should"
                  text run at (1,20) width 54: "be green"
            RenderTableRow {TR} at (0,128) size 784x40 [color=#800080]
              RenderTableCell {TD} at (2,128) size 382x40 [r=3 c=0 rs=1 cs=1]
                RenderText {#text} at (1,1) size 337x38
                  text run at (1,1) width 337: "This is the first cell in the fourth row of this table, and"
                  text run at (1,20) width 105: "should be purple"
              RenderTableCell {TD} at (386,128) size 396x40 [r=3 c=1 rs=1 cs=1]
                RenderText {#text} at (1,1) size 357x38
                  text run at (1,1) width 357: "This is the second cell in the fourth row of this table, and"
                  text run at (1,20) width 105: "should be purple"
      RenderBlock {DIV} at (0,186) size 784x124
        RenderBlock {P} at (0,0) size 784x19 [color=#000080]
          RenderText {#text} at (0,0) size 387x19
            text run at (0,0) width 387: "This should be navy, as this is the first paragraph in this page."
        RenderBlock {P} at (0,35) size 784x19 [color=#FF0000]
          RenderText {#text} at (0,0) size 396x19
            text run at (0,0) width 396: "This should be red, as this is the second paragraph in this page."
        RenderBlock {P} at (0,70) size 784x19 [color=#000080]
          RenderText {#text} at (0,0) size 392x19
            text run at (0,0) width 392: "This should be navy, as this is the third paragraph in this page."
        RenderBlock {P} at (0,105) size 784x19 [color=#FF0000]
          RenderText {#text} at (0,0) size 390x19
            text run at (0,0) width 390: "This should be red, as this is the fourth paragraph in this page."
      RenderBlock {DIV} at (0,326) size 784x19
        RenderBlock {P} at (0,0) size 784x19 [color=#000080]
          RenderInline {SPAN} at (0,0) size 245x19
            RenderInline {I} at (0,0) size 245x19
              RenderText {#text} at (0,0) size 245x19
                text run at (0,0) width 245: "This whole paragraph should be italic."
          RenderText {#text} at (245,0) size 4x19
            text run at (245,0) width 4: " "
          RenderInline {SPAN} at (0,0) size 246x19
            RenderText {#text} at (249,0) size 246x19
              text run at (249,0) width 246: "But only this sentence should be bold."
