layer at (0,0) size 800x600
  RenderView at (0,0) size 800x600
layer at (0,0) size 800x600
  RenderBlock {HTML} at (0,0) size 800x600
    RenderBody {BODY} at (8,8) size 784x584
      RenderBlock {P} at (0,0) size 784x19
        RenderText {#text} at (0,0) size 429x19
          text run at (0,0) width 429: "All the X\x{2019}s below should be green. All other letters should be black."
      RenderBlock {DIV} at (0,35) size 784x19
        RenderInline (generated) at (0,0) size 12x19 [color=#008000]
          RenderText {#text} at (0,0) size 12x19
            text run at (0,0) width 12: "X"
        RenderText {#text} at (12,0) size 12x19
          text run at (12,0) width 12: "Y"
      RenderBlock {DIV} at (0,54) size 784x19
        RenderImage {IMG} at (0,15) size 0x0
        RenderText {#text} at (0,0) size 22x19
          text run at (0,0) width 22: "YZ"
      RenderBlock {DIV} at (0,73) size 784x19
        RenderImage {IMG} at (0,0) size 0x0
        RenderInline (generated) at (0,0) size 12x19 [color=#008000]
          RenderText {#text} at (0,0) size 12x19
            text run at (0,0) width 12: "X"
        RenderText {#text} at (12,0) size 12x19
          text run at (12,0) width 12: "Y"
      RenderBlock {DIV} at (0,92) size 784x19
        RenderInline (generated) at (0,0) size 12x19 [color=#008000]
          RenderText {#text} at (0,0) size 12x19
            text run at (0,0) width 12: "X"
        RenderText {#text} at (12,0) size 12x19
          text run at (12,0) width 12: "Y"
      RenderBlock {DIV} at (0,111) size 784x19
        RenderBlock {DIV} at (0,0) size 784x19
          RenderInline (generated) at (0,0) size 12x19 [color=#008000]
            RenderText {#text} at (0,0) size 12x19
              text run at (0,0) width 12: "X"
          RenderText {#text} at (12,0) size 12x19
            text run at (12,0) width 12: "Y"
      RenderBlock {DIV} at (0,130) size 784x19
        RenderBlock {DIV} at (0,0) size 784x19
          RenderImage {IMG} at (0,15) size 0x0
          RenderText {#text} at (0,0) size 4x19
            text run at (0,0) width 4: " "
          RenderText {#text} at (4,0) size 22x19
            text run at (4,0) width 22: "YZ"
layer at (100,100) size 27x19
  RenderBlock (positioned) {DIV} at (100,100) size 27x19
    RenderText {#text} at (0,0) size 27x19
      text run at (0,0) width 27: "VW"
layer at (100,119) size 27x19
  RenderBlock (positioned) {DIV} at (100,119) size 27x19
    RenderText {#text} at (0,0) size 27x19
      text run at (0,0) width 27: "VW"
layer at (100,157) size 27x19
  RenderBlock (positioned) {DIV} at (100,157) size 27x19
    RenderText {#text} at (0,0) size 27x19
      text run at (0,0) width 27: "VW"
