layer at (0,0) size 800x600
  RenderView at (0,0) size 800x600
layer at (0,0) size 800x76
  RenderBlock {HTML} at (0,0) size 800x76
    RenderBody {BODY} at (8,8) size 784x52
      RenderBlock (anonymous) at (0,0) size 784x18
        RenderInline (generated) at (0,0) size 11x19 [color=#008000]
          RenderText {#text} at (0,0) size 11x19
            text run at (0,0) width 11: "B"
        RenderText {#text} at (11,0) size 131x19
          text run at (11,0) width 131: "oth quotes are green."
      RenderBlock {P} at (0,34) size 784x18
        RenderInline {SPAN} at (0,0) size 14x19
          RenderInline (generated) at (0,0) size 7x19
            RenderInline (generated) at (0,0) size 7x19 [color=#008000]
              RenderText at (0,0) size 7x19
                text run at (0,0) width 7: "\""
            RenderText at (0,0) size 0x0
          RenderInline (generated) at (0,0) size 7x19
            RenderInline (generated) at (0,0) size 7x19 [color=#008000]
              RenderText at (7,0) size 7x19
                text run at (7,0) width 7: "\""
            RenderText at (0,0) size 0x0
