layer at (0,0) size 800x600
  RenderView at (0,0) size 800x600
layer at (0,0) size 800x86
  RenderBlock {HTML} at (0,0) size 800x86
    RenderBody {BODY} at (8,16) size 784x54
      RenderBlock {P} at (0,0) size 784x19
        RenderInline {A} at (0,0) size 29x19 [color=#0000FF]
          RenderInline (generated) at (0,0) size 10x19
            RenderText {#text} at (0,0) size 10x19
              text run at (0,0) width 10: "F"
          RenderText {#text} at (10,0) size 19x19
            text run at (10,0) width 19: "irst"
        RenderText {#text} at (29,0) size 190x19
          text run at (29,0) width 190: " letter should be bold and blue"
      RenderBlock {P} at (0,35) size 784x19
        RenderInline (generated) at (0,0) size 12x19
          RenderText {#text} at (0,0) size 12x19
            text run at (0,0) width 12: "H"
        RenderText {#text} at (12,0) size 616x19
          text run at (12,0) width 616: "ere the first letter should be bold and black, but with Safari build 416.13 it is blue. See bug #6170."
