layer at (0,0) size 800x600
  RenderView at (0,0) size 800x600
layer at (0,0) size 800x600
  RenderBlock {HTML} at (0,0) size 800x600
    RenderBody {BODY} at (8,8) size 784x584
      RenderTable {TABLE} at (0,0) size 460x158
        RenderTableSection {TBODY} at (0,0) size 460x158
          RenderTableRow {TR} at (0,2) size 460x154
            RenderTableCell {TD} at (2,2) size 102x154 [r=0 c=0 rs=1 cs=1]
              RenderText {#text} at (1,1) size 29x19
                text run at (1,1) width 29: "The "
              RenderInline {A} at (0,0) size 97x152 [color=#0000EE]
                RenderText {#text} at (30,1) size 97x152
                  text run at (30,1) width 65: "text in this"
                  text run at (1,20) width 96: "anchor element"
                  text run at (1,39) width 87: "should spawn"
                  text run at (1,58) width 88: "multiple lines."
                  text run at (1,77) width 97: "This test shows"
                  text run at (1,96) width 87: "how multiline"
                  text run at (1,115) width 68: "link would"
                  text run at (1,134) width 28: "look"
              RenderText {#text} at (29,134) size 27x19
                text run at (29,134) width 27: "like."
            RenderTableCell {TD} at (106,59) size 352x40 [r=0 c=1 rs=1 cs=1]
              RenderText {#text} at (1,1) size 336x38
                text run at (1,1) width 336: "This is some filler text. This is some filler text. This is"
                text run at (1,20) width 244: "some filler text. This is some filler text."
