layer at (0,0) size 800x600
  RenderView at (0,0) size 800x600
layer at (0,0) size 800x600
  RenderBlock {HTML} at (0,0) size 800x600
    RenderBody {BODY} at (8,8) size 784x584
      RenderBlock {DIV} at (0,0) size 160x160
        RenderText {#text} at (0,0) size 114x160
          text run at (0,0) width 121: "Assuming the port-"
          text run at (19,0) width 132: "specific theme draws"
          text run at (19,132) width 4: " "
          text run at (38,0) width 124: "focus rings, this test"
          text run at (38,124) width 4: " "
          text run at (57,0) width 159: "draws focus rings around"
          text run at (57,159) width 1: " "
          text run at (76,0) width 151: "editable multiline text in"
          text run at (76,151) width 4: " "
          text run at (95,0) width 138: "vertical writing mode."
caret: position 1 of child 0 {#text} of child 1 {DIV} of body
