layer at (0,0) size 800x600
  RenderView at (0,0) size 800x600
layer at (0,0) size 800x600
  RenderBlock {HTML} at (0,0) size 800x600
    RenderBody {BODY} at (8,8) size 784x584
      RenderBlock {P} at (0,0) size 784x19
        RenderText {#text} at (0,0) size 175x19
          text run at (0,0) width 175: "Each font name in that font:"
      RenderBlock {DIV} at (4,35) size 776x22 [border: (1px solid #ADD8E6)]
        RenderInline {B} at (0,0) size 108x19
          RenderText {#text} at (1,1) size 108x19
            text run at (1,1) width 108: "Helvetica bold"
        RenderText {#text} at (109,1) size 75x19
          text run at (109,1) width 75: " Helvetica "
        RenderInline {I} at (0,0) size 490x19
          RenderText {#text} at (184,2) size 200x19
            text run at (184,2) width 200: "Courier syn. italic "
          RenderInline {B} at (0,0) size 290x19
            RenderText {#text} at (384,2) size 290x19
              text run at (384,2) width 290: "Papyrus syn. bold syn. italic"
        RenderText {#text} at (0,0) size 0x0
      RenderBlock {DIV} at (4,61) size 776x42 [border: (1px solid #ADD8E6)]
        RenderInline {SPAN} at (0,0) size 70x19
          RenderText {#text} at (1,2) size 70x19
            text run at (1,2) width 70: "Courier"
        RenderText {#text} at (71,2) size 10x19
          text run at (71,2) width 10: " "
        RenderInline {SPAN} at (0,0) size 70x19
          RenderText {#text} at (81,2) size 70x19
            text run at (81,2) width 70: "Courier"
        RenderText {#text} at (151,2) size 10x19
          text run at (151,2) width 10: " "
        RenderInline {SPAN} at (0,0) size 70x19
          RenderText {#text} at (161,2) size 70x19
            text run at (161,2) width 70: "Courier"
        RenderText {#text} at (231,2) size 10x19
          text run at (231,2) width 10: " "
        RenderInline {SPAN} at (0,0) size 70x19
          RenderText {#text} at (241,2) size 70x19
            text run at (241,2) width 70: "Courier"
        RenderText {#text} at (311,2) size 10x19
          text run at (311,2) width 10: " "
        RenderInline {SPAN} at (0,0) size 70x19
          RenderText {#text} at (321,2) size 70x19
            text run at (321,2) width 70: "Courier"
        RenderText {#text} at (391,2) size 10x19
          text run at (391,2) width 10: " "
        RenderInline {SPAN} at (0,0) size 110x19
          RenderText {#text} at (401,1) size 110x19
            text run at (401,1) width 110: "Helvetica Bold"
        RenderText {#text} at (511,2) size 10x19
          text run at (511,2) width 10: " "
        RenderInline {SPAN} at (0,0) size 110x19
          RenderText {#text} at (521,1) size 110x19
            text run at (521,1) width 110: "Helvetica Bold"
        RenderText {#text} at (631,2) size 10x19
          text run at (631,2) width 10: " "
        RenderInline {SPAN} at (0,0) size 740x39
          RenderText {#text} at (641,1) size 740x39
            text run at (641,1) width 100: "Papyrus syn."
            text run at (1,21) width 34: "bold"
        RenderText {#text} at (35,22) size 10x19
          text run at (35,22) width 10: " "
        RenderInline {SPAN} at (0,0) size 138x19
          RenderText {#text} at (45,21) size 138x19
            text run at (45,21) width 138: "Papyrus syn. bold"
        RenderText {#text} at (0,0) size 0x0
      RenderBlock {DIV} at (4,107) size 776x41 [border: (1px solid #ADD8E6)]
        RenderInline {SPAN} at (0,0) size 70x19
          RenderText {#text} at (1,2) size 70x19
            text run at (1,2) width 70: "Courier"
        RenderText {#text} at (71,2) size 10x19
          text run at (71,2) width 10: " "
        RenderInline {SPAN} at (0,0) size 70x19
          RenderText {#text} at (81,2) size 70x19
            text run at (81,2) width 70: "Courier"
        RenderText {#text} at (151,2) size 10x19
          text run at (151,2) width 10: " "
        RenderInline {SPAN} at (0,0) size 70x19
          RenderText {#text} at (161,2) size 70x19
            text run at (161,2) width 70: "Courier"
        RenderText {#text} at (231,2) size 10x19
          text run at (231,2) width 10: " "
        RenderInline {SPAN} at (0,0) size 70x19
          RenderText {#text} at (241,2) size 70x19
            text run at (241,2) width 70: "Courier"
        RenderText {#text} at (311,2) size 10x19
          text run at (311,2) width 10: " "
        RenderInline {SPAN} at (0,0) size 70x19
          RenderText {#text} at (321,2) size 70x19
            text run at (321,2) width 70: "Courier"
        RenderText {#text} at (391,2) size 10x19
          text run at (391,2) width 10: " "
        RenderInline {SPAN} at (0,0) size 110x19
          RenderText {#text} at (401,1) size 110x19
            text run at (401,1) width 110: "Helvetica Bold"
        RenderText {#text} at (511,2) size 10x19
          text run at (511,2) width 10: " "
        RenderInline {SPAN} at (0,0) size 110x19
          RenderText {#text} at (521,1) size 110x19
            text run at (521,1) width 110: "Helvetica Bold"
        RenderText {#text} at (631,2) size 10x19
          text run at (631,2) width 10: " "
        RenderInline {SPAN} at (0,0) size 110x19
          RenderText {#text} at (641,1) size 110x19
            text run at (641,1) width 110: "Helvetica Bold"
        RenderText {#text} at (0,0) size 0x0
        RenderInline {SPAN} at (0,0) size 110x19
          RenderText {#text} at (1,21) size 110x19
            text run at (1,21) width 110: "Helvetica Bold"
        RenderText {#text} at (0,0) size 0x0
      RenderBlock {DIV} at (4,152) size 776x41 [border: (1px solid #ADD8E6)]
        RenderInline {SPAN} at (0,0) size 70x19
          RenderText {#text} at (1,2) size 70x19
            text run at (1,2) width 70: "Courier"
        RenderText {#text} at (71,2) size 10x19
          text run at (71,2) width 10: " "
        RenderInline {SPAN} at (0,0) size 70x19
          RenderText {#text} at (81,2) size 70x19
            text run at (81,2) width 70: "Courier"
        RenderText {#text} at (151,2) size 10x19
          text run at (151,2) width 10: " "
        RenderInline {SPAN} at (0,0) size 70x19
          RenderText {#text} at (161,2) size 70x19
            text run at (161,2) width 70: "Courier"
        RenderText {#text} at (231,2) size 10x19
          text run at (231,2) width 10: " "
        RenderInline {SPAN} at (0,0) size 70x19
          RenderText {#text} at (241,2) size 70x19
            text run at (241,2) width 70: "Courier"
        RenderText {#text} at (311,2) size 10x19
          text run at (311,2) width 10: " "
        RenderInline {SPAN} at (0,0) size 70x19
          RenderText {#text} at (321,2) size 70x19
            text run at (321,2) width 70: "Courier"
        RenderText {#text} at (391,2) size 10x19
          text run at (391,2) width 10: " "
        RenderInline {SPAN} at (0,0) size 110x19
          RenderText {#text} at (401,1) size 110x19
            text run at (401,1) width 110: "Helvetica Bold"
        RenderText {#text} at (511,2) size 10x19
          text run at (511,2) width 10: " "
        RenderInline {SPAN} at (0,0) size 110x19
          RenderText {#text} at (521,1) size 110x19
            text run at (521,1) width 110: "Helvetica Bold"
        RenderText {#text} at (631,2) size 10x19
          text run at (631,2) width 10: " "
        RenderInline {SPAN} at (0,0) size 110x19
          RenderText {#text} at (641,1) size 110x19
            text run at (641,1) width 110: "Helvetica Bold"
        RenderText {#text} at (0,0) size 0x0
        RenderInline {SPAN} at (0,0) size 110x19
          RenderText {#text} at (1,21) size 110x19
            text run at (1,21) width 110: "Helvetica Bold"
        RenderText {#text} at (0,0) size 0x0
      RenderBlock {P} at (0,209) size 784x19
        RenderText {#text} at (0,0) size 224x19
          text run at (0,0) width 224: "Times followed by Ahem (normal):"
      RenderBlock {DIV} at (4,244) size 776x21 [border: (1px solid #ADD8E6)]
        RenderText {#text} at (1,1) size 43x19
          text run at (1,1) width 43: "Times "
        RenderInline {I} at (0,0) size 45x19
          RenderText {#text} at (44,1) size 45x19
            text run at (44,1) width 45: "AHEM"
        RenderText {#text} at (0,0) size 0x0
      RenderBlock {P} at (0,281) size 784x19
        RenderText {#text} at (0,0) size 101x19
          text run at (0,0) width 101: "Ahem (normal):"
      RenderBlock {DIV} at (4,316) size 776x21 [border: (1px solid #ADD8E6)]
        RenderText {#text} at (1,1) size 52x19
          text run at (1,1) width 52: "AHEM "
        RenderInline {I} at (0,0) size 45x19
          RenderText {#text} at (53,1) size 45x19
            text run at (53,1) width 45: "AHEM"
        RenderText {#text} at (0,0) size 0x0
      RenderBlock {P} at (0,353) size 784x19
        RenderText {#text} at (0,0) size 326x19
          text run at (0,0) width 326: "Ahem (normal) followed by Ahem (synthetic bold):"
      RenderBlock {DIV} at (4,388) size 776x21 [border: (1px solid #ADD8E6)]
        RenderText {#text} at (1,1) size 52x19
          text run at (1,1) width 52: "AHEM "
        RenderInline {B} at (0,0) size 50x19
          RenderText {#text} at (53,1) size 50x19
            text run at (53,1) width 50: "AHEM"
        RenderText {#text} at (0,0) size 0x0
      RenderBlock {P} at (0,425) size 784x19
        RenderText {#text} at (0,0) size 334x19
          text run at (0,0) width 334: "Ahem (normal) followed by Ahem (synthetic italics):"
      RenderBlock {DIV} at (4,460) size 776x21 [border: (1px solid #ADD8E6)]
        RenderText {#text} at (1,1) size 52x19
          text run at (1,1) width 52: "AHEM "
        RenderInline {I} at (0,0) size 45x19
          RenderText {#text} at (53,1) size 45x19
            text run at (53,1) width 45: "AHEM"
        RenderText {#text} at (0,0) size 0x0
