layer at (0,0) size 785x603
  RenderView at (0,0) size 785x600
layer at (0,0) size 785x603
  RenderBlock {HTML} at (0,0) size 785x603
    RenderBody {BODY} at (8,16) size 769x571
      RenderBlock {P} at (0,0) size 769x19
        RenderText {#text} at (0,0) size 456x19
          text run at (0,0) width 456: "Fails indicate that the font property specification is invalid in strict mode."
      RenderBlock {P} at (0,51) size 769x37
        RenderText {#text} at (0,0) size 220x36
          text run at (0,0) width 220: "24pt italic = 24pt"
      RenderBlock {P} at (0,120) size 769x37
        RenderText {#text} at (0,0) size 294x36
          text run at (0,0) width 294: "24pt italic Arial = 24pt"
      RenderBlock {P} at (0,189) size 769x37
        RenderText {#text} at (0,0) size 394x36
          text run at (0,0) width 394: "24pt italic 'Arial' = 24pt Arial"
      RenderBlock {P} at (0,258) size 769x19
        RenderText {#text} at (0,0) size 105x19
          text run at (0,0) width 105: "italic 24pt = fails"
      RenderBlock {P} at (0,309) size 769x37
        RenderText {#text} at (0,0) size 457x36
          text run at (0,0) width 457: "italic 24pt Arial = 24pt Arial Italic"
      RenderBlock {P} at (0,378) size 769x37
        RenderText {#text} at (0,0) size 469x36
          text run at (0,0) width 469: "italic 24pt 'Arial' = 24pt Arial Italic"
      RenderBlock {P} at (0,447) size 769x19
        RenderText {#text} at (0,0) size 141x19
          text run at (0,0) width 141: "Arial 24pt italic = fails"
      RenderBlock {P} at (0,482) size 769x19
        RenderText {#text} at (0,0) size 147x19
          text run at (0,0) width 147: "'Arial' 24pt italic = fails"
      RenderBlock {P} at (0,517) size 769x19
        RenderText {#text} at (0,0) size 141x19
          text run at (0,0) width 141: "Arial italic 24pt = fails"
      RenderBlock {P} at (0,552) size 769x19
        RenderText {#text} at (0,0) size 147x19
          text run at (0,0) width 147: "'Arial' italic 24pt = fails"
