layer at (0,0) size 800x600
  RenderView at (0,0) size 800x600
layer at (0,0) size 800x600
  RenderBlock {HTML} at (0,0) size 800x600
    RenderBody {BODY} at (8,8) size 784x528
      RenderBlock {P} at (0,0) size 784x38
        RenderText {#text} at (0,0) size 774x38
          text run at (0,0) width 774: "This test tries to render the following text with Ahem, loaded from a WOFF file. The text below should be a series of black"
          text run at (0,19) width 41: "boxes."
      RenderBlock {P} at (0,102) size 784x74
        RenderText {#text} at (0,1) size 181x72
          text run at (0,1) width 181: "Failure"
