layer at (0,0) size 800x600
  RenderView at (0,0) size 800x600
layer at (0,0) size 800x600
  RenderBlock {HTML} at (0,0) size 800x600
    RenderBody {BODY} at (8,8) size 784x584
      RenderBlock {DIV} at (0,0) size 784x18
        RenderText {#text} at (0,0) size 239x19
          text run at (0,0) width 239: "This text should have default font size"
      RenderBlock {DIV} at (0,18) size 784x26
        RenderText {#text} at (0,0) size 461x26
          text run at (0,0) width 461: "This text should have larger than default font size"
