layer at (0,0) size 800x600
  RenderView at (0,0) size 800x600
layer at (0,0) size 800x600
  RenderBlock {HTML} at (0,0) size 800x600
    RenderBody {BODY} at (8,8) size 784x562
      RenderBlock {P} at (0,0) size 784x52
        RenderText {#text} at (0,0) size 718x52
          text run at (0,0) width 718: "This tests handling of duplicated properties in inline style declarations. Using"
          text run at (0,26) width 462: "!important should have an effect. See bug #4128."
      RenderBlock {H1} at (0,82) size 784x53 [color=#FF0000]
        RenderText {#text} at (0,1) size 368x51
          text run at (0,1) width 368: "This should be red"
      RenderBlock {H1} at (0,165) size 784x53 [color=#00FF00]
        RenderText {#text} at (0,1) size 411x51
          text run at (0,1) width 411: "This should be green"
      RenderBlock {H1} at (0,248) size 784x53 [color=#FF0000]
        RenderText {#text} at (0,1) size 368x51
          text run at (0,1) width 368: "This should be red"
      RenderBlock {H1} at (0,331) size 784x53 [color=#FF0000]
        RenderText {#text} at (0,1) size 368x51
          text run at (0,1) width 368: "This should be red"
