layer at (0,0) size 800x600
  RenderView at (0,0) size 800x600
layer at (0,0) size 800x600
  RenderBlock {HTML} at (0,0) size 800x600
    RenderBody {BODY} at (8,8) size 784x584
      RenderTextControl {INPUT} at (2,2) size 463x81 [bgcolor=#FFFFFF] [border: (2px inset #000000)]
        RenderDeprecatedFlexibleBox {DIV} at (3,3) size 457x46
          RenderBlock {DIV} at (0,23) size 0x0
          RenderBlock {DIV} at (0,0) size 457x46
          RenderBlock {DIV} at (457,23) size 0x0
      RenderBR {BR} at (467,42) size 0x0
      RenderTextControl {INPUT} at (2,87) size 464x56 [color=#202020]
      RenderBR {BR} at (468,130) size 0x0
      RenderTextControl {INPUT} at (2,145) size 237x25 [color=#202020]
        RenderDeprecatedFlexibleBox {DIV} at (4,1) size 230x24
          RenderBlock {DIV} at (0,12) size 0x0
          RenderBlock {DIV} at (0,0) size 230x24
          RenderBlock {DIV} at (230,12) size 0x0
layer at (13,13) size 457x46
  RenderBlock {DIV} at (0,0) size 457x46
    RenderText {#text} at (1,0) size 362x46
      text run at (1,0) width 362: "value jgq not clipped"
layer at (14,101) size 457x46
  RenderBlock {DIV} at (4,6) size 457x46
    RenderText {#text} at (1,0) size 362x46
      text run at (1,0) width 362: "value jgq not clipped"
layer at (14,154) size 230x24
  RenderBlock {DIV} at (0,0) size 230x24
    RenderText {#text} at (1,0) size 118x24
      text run at (1,0) width 118: "Sample Input"
