layer at (0,0) size 800x600
  RenderView at (0,0) size 800x600
layer at (0,0) size 800x600
  RenderBlock {HTML} at (0,0) size 800x600
    RenderBody {BODY} at (8,8) size 784x520
      RenderBlock {P} at (0,0) size 784x26
        RenderInline {A} at (0,0) size 90x26 [color=#0000EE]
          RenderText {#text} at (0,0) size 90x26
            text run at (0,0) width 90: "bug 7118"
        RenderText {#text} at (90,0) size 531x26
          text run at (90,0) width 531: ": Wrong property values do not get invalidated correctly."
      RenderBlock {P} at (0,49) size 784x26
        RenderText {#text} at (0,0) size 559x26
          text run at (0,0) width 559: "The two words \"test\" should look the same, with no outline:"
      RenderBlock {DIV} at (0,147) size 784x83
        RenderBlock {P} at (0,0) size 100x83
          RenderText {#text} at (0,1) size 100x81
            text run at (0,1) width 100: "test"
      RenderBlock {P} at (0,302) size 784x83
        RenderText {#text} at (0,1) size 100x81
          text run at (0,1) width 100: "test"
