layer at (0,0) size 785x32836
  RenderView at (0,0) size 785x600
layer at (0,0) size 785x32836
  RenderBlock {HTML} at (0,0) size 785x32836
    RenderBody {BODY} at (8,8) size 769x32820
      RenderBlock (anonymous) at (0,0) size 769x52
        RenderText {#text} at (0,0) size 757x52
          text run at (0,0) width 757: "You should see a large green block below that is 32,768px tall. No red should be"
          text run at (0,26) width 67: "visible."
        RenderBR {BR} at (67,47) size 0x0
      RenderBlock {DIV} at (0,52) size 769x32768 [bgcolor=#FF0000]
        RenderPartObject {IFRAME} at (0,0) size 769x32768 [bgcolor=#008000]
          layer at (0,0) size 769x32768
            RenderView at (0,0) size 769x32768
          layer at (0,0) size 769x32768
            RenderBlock {HTML} at (0,0) size 769x32768
              RenderBody {BODY} at (8,8) size 753x32752
        RenderText {#text} at (0,0) size 0x0
