layer at (0,0) size 800x600
  RenderView at (0,0) size 800x600
layer at (0,0) size 800x70
  RenderBlock {HTML} at (0,0) size 800x70
    RenderBody {BODY} at (8,8) size 784x54
      RenderBlock {DIV} at (0,0) size 784x54 [bgcolor=#FF0000] [border: (1px solid #00FF00)]
        RenderBlock {FORM} at (1,1) size 782x52 [bgcolor=#00FF00]
          RenderText {#text} at (0,0) size 774x52
            text run at (0,0) width 774: "There should be no red on this page. Form element should not have border-bottom"
            text run at (0,26) width 234: "set to 1em in strict mode."
