layer at (0,0) size 785x900
  RenderView at (0,0) size 785x600
layer at (0,0) size 785x900
  RenderBlock {HTML} at (0,0) size 785x900
    RenderBody {BODY} at (8,8) size 769x884
      RenderBlock {P} at (0,0) size 769x19
        RenderText {#text} at (0,0) size 284x19
          text run at (0,0) width 284: "Tests: the height attribute for the marquee tag"
        RenderBR {BR} at (284,15) size 0x0
      RenderBlock {P} at (0,35) size 769x76
        RenderText {#text} at (0,0) size 73x19
          text run at (0,0) width 73: "Conditions:"
        RenderBR {BR} at (73,15) size 0x0
        RenderText {#text} at (0,19) size 746x57
          text run at (0,19) width 701: "Because marquee is a WinIE element, we are honoring their treatment of the heigh attribute by making sure it is"
          text run at (0,38) width 173: "overridden when the given "
          text run at (173,38) width 573: "height is smaller than the font height. We also make sure that the default height of a vertical"
          text run at (0,57) width 116: "marquee is 200px."
      RenderBlock {P} at (0,127) size 769x38
        RenderText {#text} at (0,0) size 756x38
          text run at (0,0) width 756: "If successful, in the horizontal group, the pink marquee should be large, and the others should all be the same size. None"
          text run at (0,19) width 67: "of the text "
          text run at (67,19) width 678: "should be cut off. In the vertical group, the aqua marquee should be 200px, and the others should be 100px."
      RenderBlock {HR} at (0,181) size 769x2 [border: (1px inset #000000)]
      RenderBlock (anonymous) at (0,191) size 769x693
        RenderText {#text} at (0,0) size 0x0
        RenderBR {BR} at (0,0) size 0x0
        RenderText {#text} at (0,0) size 0x0
        RenderBR {BR} at (0,0) size 0x0
        RenderText {#text} at (0,0) size 0x0
        RenderBR {BR} at (0,0) size 0x0
        RenderText {#text} at (0,0) size 0x0
        RenderText {#text} at (0,0) size 0x0
        RenderBR {BR} at (0,0) size 0x0
        RenderBR {BR} at (0,170) size 0x19
        RenderBR {BR} at (0,189) size 0x19
        RenderBlock {DIV} at (0,393) size 113x200 [bgcolor=#008000]
          RenderText {#text} at (0,0) size 113x19
            text run at (0,0) width 113: "This is 200px tall."
        RenderText {#text} at (113,393) size 4x19
          text run at (113,393) width 4: " "
        RenderText {#text} at (317,393) size 4x19
          text run at (317,393) width 4: " "
        RenderText {#text} at (521,393) size 4x19
          text run at (521,393) width 4: " "
        RenderText {#text} at (0,0) size 0x0
        RenderBlock {DIV} at (0,593) size 113x100 [bgcolor=#008000]
          RenderText {#text} at (0,0) size 113x19
            text run at (0,0) width 113: "This is 100px tall."
        RenderText {#text} at (0,0) size 0x0
layer at (8,199) size 769x16 scrollX -769 scrollWidth 1692 scrollHeight 19
  RenderBlock {MARQUEE} at (0,0) size 769x16 [bgcolor=#00FFFF]
    RenderInline {B} at (0,0) size 1692x19
      RenderText {#text} at (0,0) size 1692x19
        text run at (0,0) width 724: "Four Irish players have been named on the starting team for Saturday's Test game, with two on the bench. "
        text run at (724,0) width 116: "Paul O' Connell, "
        text run at (840,0) width 852: "Donncha O' Callaghan, Simon Easterby and Geordan Murphy all start with Ronan O' Gara and Shane Horgan on the bench."
    RenderText {#text} at (0,0) size 0x0
layer at (8,215) size 769x16 scrollX -769 scrollWidth 1692 scrollHeight 19
  RenderBlock {MARQUEE} at (0,16) size 769x16 [bgcolor=#FFFF00]
    RenderInline {B} at (0,0) size 1692x19
      RenderText {#text} at (0,0) size 1692x19
        text run at (0,0) width 724: "Four Irish players have been named on the starting team for Saturday's Test game, with two on the bench. "
        text run at (724,0) width 116: "Paul O' Connell, "
        text run at (840,0) width 852: "Donncha O' Callaghan, Simon Easterby and Geordan Murphy all start with Ronan O' Gara and Shane Horgan on the bench."
    RenderText {#text} at (0,0) size 0x0
layer at (8,231) size 769x19 scrollX -769 scrollWidth 1692
  RenderBlock {MARQUEE} at (0,32) size 769x19 [bgcolor=#FFA500]
    RenderInline {B} at (0,0) size 1692x19
      RenderText {#text} at (0,0) size 1692x19
        text run at (0,0) width 724: "Four Irish players have been named on the starting team for Saturday's Test game, with two on the bench. "
        text run at (724,0) width 116: "Paul O' Connell, "
        text run at (840,0) width 852: "Donncha O' Callaghan, Simon Easterby and Geordan Murphy all start with Ronan O' Gara and Shane Horgan on the bench."
    RenderText {#text} at (0,0) size 0x0
layer at (8,250) size 769x19 scrollX -769 scrollWidth 1692
  RenderBlock {MARQUEE} at (0,51) size 769x19 [bgcolor=#A52A2A]
    RenderInline {B} at (0,0) size 1692x19
      RenderText {#text} at (0,0) size 1692x19
        text run at (0,0) width 724: "Four Irish players have been named on the starting team for Saturday's Test game, with two on the bench. "
        text run at (724,0) width 116: "Paul O' Connell, "
        text run at (840,0) width 852: "Donncha O' Callaghan, Simon Easterby and Geordan Murphy all start with Ronan O' Gara and Shane Horgan on the bench."
    RenderText {#text} at (0,0) size 0x0
layer at (8,269) size 769x100 scrollX -769 scrollWidth 1692
  RenderBlock {MARQUEE} at (0,70) size 769x100 [bgcolor=#FFC0CB]
    RenderInline {B} at (0,0) size 1692x19
      RenderText {#text} at (0,0) size 1692x19
        text run at (0,0) width 724: "Four Irish players have been named on the starting team for Saturday's Test game, with two on the bench. "
        text run at (724,0) width 116: "Paul O' Connell, "
        text run at (840,0) width 852: "Donncha O' Callaghan, Simon Easterby and Geordan Murphy all start with Ronan O' Gara and Shane Horgan on the bench."
    RenderText {#text} at (0,0) size 0x0
layer at (125,407) size 200x200 scrollY -200 scrollHeight 361
  RenderBlock {MARQUEE} at (117,208) size 200x200 [bgcolor=#00FFFF]
    RenderText {#text} at (0,0) size 198x361
      text run at (0,0) width 177: "Lorem ipsum dolor sit amet,"
      text run at (0,19) width 198: "consectetuer adipiscing elit, sed"
      text run at (0,38) width 188: "diam nonummy nibh euismod"
      text run at (0,57) width 161: "tincidunt ut laoreet dolore"
      text run at (0,76) width 182: "magna aliquam erat volutpat."
      text run at (0,95) width 198: "Ut wisi enim ad minim veniam,"
      text run at (0,114) width 158: "quis nostrud exerci tation"
      text run at (0,133) width 177: "ullamcorper suscipit lobortis"
      text run at (0,152) width 189: "nisl ut aliquip ex ea commodo"
      text run at (0,171) width 197: "consequat. Duis autem vel eum"
      text run at (0,190) width 162: "iriure dolor in hendrerit in"
      text run at (0,209) width 175: "vulputate velit esse molestie"
      text run at (0,228) width 189: "consequat, vel illum dolore eu"
      text run at (0,247) width 176: "feugiat nulla facilisis at vero"
      text run at (0,266) width 188: "eros et accumsan et iusto odio"
      text run at (0,285) width 187: "dignissim qui blandit praesent"
      text run at (0,304) width 174: "luptatum zzril delenit augue"
      text run at (0,323) width 167: "duis dolore te feugait nulla"
      text run at (0,342) width 45: "facilisi."
layer at (329,507) size 200x100 scrollY -100 scrollHeight 361
  RenderBlock {MARQUEE} at (321,308) size 200x100 [bgcolor=#FFFF00]
    RenderText {#text} at (0,0) size 198x361
      text run at (0,0) width 177: "Lorem ipsum dolor sit amet,"
      text run at (0,19) width 198: "consectetuer adipiscing elit, sed"
      text run at (0,38) width 188: "diam nonummy nibh euismod"
      text run at (0,57) width 161: "tincidunt ut laoreet dolore"
      text run at (0,76) width 182: "magna aliquam erat volutpat."
      text run at (0,95) width 198: "Ut wisi enim ad minim veniam,"
      text run at (0,114) width 158: "quis nostrud exerci tation"
      text run at (0,133) width 177: "ullamcorper suscipit lobortis"
      text run at (0,152) width 189: "nisl ut aliquip ex ea commodo"
      text run at (0,171) width 197: "consequat. Duis autem vel eum"
      text run at (0,190) width 162: "iriure dolor in hendrerit in"
      text run at (0,209) width 175: "vulputate velit esse molestie"
      text run at (0,228) width 189: "consequat, vel illum dolore eu"
      text run at (0,247) width 176: "feugiat nulla facilisis at vero"
      text run at (0,266) width 188: "eros et accumsan et iusto odio"
      text run at (0,285) width 187: "dignissim qui blandit praesent"
      text run at (0,304) width 174: "luptatum zzril delenit augue"
      text run at (0,323) width 167: "duis dolore te feugait nulla"
      text run at (0,342) width 45: "facilisi."
layer at (533,507) size 200x100 scrollY -100 scrollHeight 361
  RenderBlock {MARQUEE} at (525,308) size 200x100 [bgcolor=#FF0000]
    RenderText {#text} at (0,0) size 198x361
      text run at (0,0) width 177: "Lorem ipsum dolor sit amet,"
      text run at (0,19) width 198: "consectetuer adipiscing elit, sed"
      text run at (0,38) width 188: "diam nonummy nibh euismod"
      text run at (0,57) width 161: "tincidunt ut laoreet dolore"
      text run at (0,76) width 182: "magna aliquam erat volutpat."
      text run at (0,95) width 198: "Ut wisi enim ad minim veniam,"
      text run at (0,114) width 158: "quis nostrud exerci tation"
      text run at (0,133) width 177: "ullamcorper suscipit lobortis"
      text run at (0,152) width 189: "nisl ut aliquip ex ea commodo"
      text run at (0,171) width 197: "consequat. Duis autem vel eum"
      text run at (0,190) width 162: "iriure dolor in hendrerit in"
      text run at (0,209) width 175: "vulputate velit esse molestie"
      text run at (0,228) width 189: "consequat, vel illum dolore eu"
      text run at (0,247) width 176: "feugiat nulla facilisis at vero"
      text run at (0,266) width 188: "eros et accumsan et iusto odio"
      text run at (0,285) width 187: "dignissim qui blandit praesent"
      text run at (0,304) width 174: "luptatum zzril delenit augue"
      text run at (0,323) width 167: "duis dolore te feugait nulla"
      text run at (0,342) width 45: "facilisi."
