layer at (0,0) size 800x600
  RenderView at (0,0) size 800x600
layer at (0,0) size 800x600
  RenderBlock {HTML} at (0,0) size 800x600
    RenderBody {BODY} at (8,8) size 784x584
      RenderBlock (anonymous) at (0,0) size 784x26
        RenderText {#text} at (0,0) size 649x26
          text run at (0,0) width 332: "There should be only green below. "
          text run at (332,0) width 317: "If you see RED the test has failed."
      RenderBlock {DIV} at (0,26) size 784x23 [bgcolor=#008000]
      RenderBlock {DIV} at (0,49) size 784x23 [bgcolor=#008000]
      RenderBlock {DIV} at (0,72) size 784x23 [bgcolor=#008000]
      RenderBlock {DIV} at (0,95) size 784x23 [bgcolor=#008000]
      RenderBlock {DIV} at (0,118) size 784x23 [bgcolor=#008000]
      RenderBlock {DIV} at (0,141) size 784x23 [bgcolor=#008000]
      RenderBlock {DIV} at (0,164) size 784x23 [bgcolor=#008000]
      RenderBlock {DIV} at (0,187) size 784x23 [bgcolor=#008000]
      RenderBlock {DIV} at (0,210) size 784x23 [bgcolor=#008000]
      RenderBlock {DIV} at (0,233) size 784x23 [bgcolor=#008000]
      RenderBlock {DIV} at (0,256) size 784x23 [bgcolor=#008000]
      RenderBlock {DIV} at (0,279) size 784x23 [bgcolor=#008000]
      RenderBlock {DIV} at (0,302) size 784x23 [bgcolor=#008000]
      RenderBlock {DIV} at (0,325) size 784x23 [bgcolor=#008000]
      RenderBlock {DIV} at (0,348) size 784x23 [bgcolor=#008000]
      RenderBlock {DIV} at (0,371) size 784x23 [bgcolor=#008000]
      RenderBlock {DIV} at (0,394) size 784x23 [bgcolor=#008000]
      RenderBlock {DIV} at (0,417) size 784x23 [bgcolor=#008000]
      RenderBlock {DIV} at (0,440) size 784x23 [bgcolor=#008000]
      RenderBlock {DIV} at (0,463) size 784x23 [bgcolor=#008000]
      RenderBlock {DIV} at (0,486) size 784x23 [bgcolor=#008000]
