layer at (0,0) size 800x600
  RenderView at (0,0) size 800x600
layer at (0,0) size 800x322
  RenderBlock {HTML} at (0,0) size 800x322
    RenderBody {BODY} at (8,23) size 784x291
      RenderBlock {P} at (0,0) size 784x52
        RenderText {#text} at (0,0) size 765x52
          text run at (0,0) width 765: "The following two phrases should appear identical. The second line of text should"
          text run at (0,26) width 419: "overlap both the first line and the red border."
      RenderBlock {DIV} at (0,75) size 424x95 [border: (2px solid #FF0000)]
        RenderBlock {DIV} at (12,12) size 400x81
          RenderText {#text} at (0,-25) size 396x132
            text run at (0,-25) width 396: "Lorem ipsum"
            text run at (0,2) width 240: "dolor sit"
            text run at (0,29) width 152: "amet"
      RenderBlock (anonymous) at (0,170) size 784x26
        RenderBR {BR} at (0,0) size 0x26
      RenderBlock {DIV} at (0,196) size 424x95 [border: (2px solid #FF0000)]
        RenderBlock {DIV} at (12,12) size 400x81
          RenderText {#text} at (0,-25) size 396x132
            text run at (0,-25) width 396: "Lorem ipsum"
            text run at (0,2) width 240: "dolor sit"
            text run at (0,29) width 152: "amet"
