layer at (0,0) size 800x600
  RenderView at (0,0) size 800x600
layer at (0,0) size 800x600
  RenderBlock {HTML} at (0,0) size 800x600
    RenderBody {BODY} at (8,8) size 784x584
      RenderBlock {DIV} at (0,0) size 784x52
        RenderTable at (0,0) size 784x52
          RenderTableSection (anonymous) at (0,0) size 784x52
      RenderBlock {DIV} at (0,52) size 784x26
        RenderText {#text} at (0,0) size 325x26
          text run at (0,0) width 325: "PASSED: The hover effect works!"
layer at (8,8) size 784x52
  RenderTableRow {DIV} at (0,0) size 784x52 [bgcolor=#0000FF]
    RenderTableCell (anonymous) at (0,0) size 784x52 [r=0 c=0 rs=1 cs=1]
      RenderText {#text} at (0,0) size 740x52
        text run at (0,0) width 740: "To test this manually, first make sure you can see this text at all, and then hover"
        text run at (0,26) width 458: "over it and make sure the background turns blue."
