layer at (0,0) size 785x748
  RenderView at (0,0) size 785x600
layer at (0,0) size 785x748
  RenderBlock {HTML} at (0,0) size 785x748
    RenderBody {BODY} at (8,8) size 769x730
      RenderBlock {P} at (0,0) size 769x26
        RenderText {#text} at (0,0) size 482x26
          text run at (0,0) width 482: "Test :nth-child() when dynamically adding siblings."
      RenderBlock {P} at (0,49) size 769x26
        RenderInline {A} at (0,0) size 454x26 [color=#0000EE]
          RenderText {#text} at (0,0) size 454x26
            text run at (0,0) width 454: "https://bugs.webkit.org/show_bug.cgi?id=26362"
      RenderBlock {DIV} at (10,98) size 749x298 [border: (1px solid #000000)]
        RenderBlock {P} at (11,6) size 732x26 [color=#FF0000]
          RenderText {#text} at (0,0) size 89x26
            text run at (0,0) width 19: "P "
            text run at (19,0) width 70: "red text"
        RenderBlock {DIV} at (6,32) size 737x26
          RenderText {#text} at (0,0) size 42x26
            text run at (0,0) width 42: "DIV"
        RenderBlock {P} at (11,58) size 732x26
          RenderText {#text} at (0,0) size 13x26
            text run at (0,0) width 13: "P"
        RenderBlock {DIV} at (6,84) size 737x26 [color=#FF0000] [bgcolor=#9999FF]
          RenderText {#text} at (0,0) size 194x26
            text run at (0,0) width 48: "DIV "
            text run at (48,0) width 76: "red text "
            text run at (124,0) width 70: "blue bg"
        RenderBlock {P} at (11,110) size 732x26
          RenderText {#text} at (0,0) size 13x26
            text run at (0,0) width 13: "P"
        RenderBlock {DIV} at (6,136) size 737x26
          RenderText {#text} at (0,0) size 42x26
            text run at (0,0) width 42: "DIV"
        RenderBlock {P} at (11,162) size 732x26 [color=#FF0000]
          RenderText {#text} at (0,0) size 89x26
            text run at (0,0) width 19: "P "
            text run at (19,0) width 70: "red text"
        RenderBlock {DIV} at (6,188) size 737x26
          RenderText {#text} at (0,0) size 42x26
            text run at (0,0) width 42: "DIV"
        RenderBlock {P} at (11,214) size 732x26
          RenderText {#text} at (0,0) size 13x26
            text run at (0,0) width 13: "P"
        RenderBlock {DIV} at (6,240) size 737x26 [color=#FF0000]
          RenderText {#text} at (0,0) size 118x26
            text run at (0,0) width 48: "DIV "
            text run at (48,0) width 70: "red text"
        RenderBlock {P} at (11,266) size 732x26
          RenderText {#text} at (0,0) size 13x26
            text run at (0,0) width 13: "P"
      RenderBlock {DIV} at (10,406) size 749x324 [border: (1px solid #000000)]
        RenderText {#text} at (6,6) size 392x26
          text run at (6,6) width 392: "child 0: PASS: found color rgb(255, 0, 0)"
        RenderBR {BR} at (398,27) size 0x0
        RenderText {#text} at (6,32) size 368x26
          text run at (6,32) width 368: "child 1: PASS: found color rgb(0, 0, 0)"
        RenderBR {BR} at (374,53) size 0x0
        RenderText {#text} at (6,58) size 368x26
          text run at (6,58) width 368: "child 2: PASS: found color rgb(0, 0, 0)"
        RenderBR {BR} at (374,79) size 0x0
        RenderText {#text} at (6,84) size 392x26
          text run at (6,84) width 392: "child 3: PASS: found color rgb(255, 0, 0)"
        RenderBR {BR} at (398,105) size 0x0
        RenderText {#text} at (6,110) size 368x26
          text run at (6,110) width 368: "child 4: PASS: found color rgb(0, 0, 0)"
        RenderBR {BR} at (374,131) size 0x0
        RenderText {#text} at (6,136) size 368x26
          text run at (6,136) width 368: "child 5: PASS: found color rgb(0, 0, 0)"
        RenderBR {BR} at (374,157) size 0x0
        RenderText {#text} at (6,162) size 392x26
          text run at (6,162) width 392: "child 6: PASS: found color rgb(255, 0, 0)"
        RenderBR {BR} at (398,183) size 0x0
        RenderText {#text} at (6,188) size 368x26
          text run at (6,188) width 368: "child 7: PASS: found color rgb(0, 0, 0)"
        RenderBR {BR} at (374,209) size 0x0
        RenderText {#text} at (6,214) size 368x26
          text run at (6,214) width 368: "child 8: PASS: found color rgb(0, 0, 0)"
        RenderBR {BR} at (374,235) size 0x0
        RenderText {#text} at (6,240) size 392x26
          text run at (6,240) width 392: "child 9: PASS: found color rgb(255, 0, 0)"
        RenderBR {BR} at (398,261) size 0x0
        RenderText {#text} at (6,266) size 380x26
          text run at (6,266) width 380: "child 10: PASS: found color rgb(0, 0, 0)"
        RenderBR {BR} at (386,287) size 0x0
        RenderText {#text} at (6,292) size 424x26
          text run at (6,292) width 424: "div 1: PASS: found color rgb(153, 153, 255)"
        RenderBR {BR} at (430,313) size 0x0
