layer at (0,0) size 785x2206
  RenderView at (0,0) size 785x600
layer at (0,0) size 785x2206
  RenderBlock {HTML} at (0,0) size 785x2206
    RenderBody {BODY} at (8,23) size 769x2114 [bgcolor=#FFFFFF]
      RenderBlock {P} at (0,0) size 769x52
        RenderText {#text} at (0,0) size 240x26
          text run at (0,0) width 240: "This page is part of the "
        RenderInline {A} at (0,0) size 103x26 [color=#0000EE]
          RenderText {#text} at (240,0) size 103x26
            text run at (240,0) width 103: "CSS3.info"
        RenderText {#text} at (343,0) size 6x26
          text run at (343,0) width 6: " "
        RenderInline {A} at (0,0) size 190x26 [color=#0000EE]
          RenderText {#text} at (349,0) size 190x26
            text run at (349,0) width 190: "CSS selectors test"
        RenderText {#text} at (539,0) size 187x26
          text run at (539,0) width 187: ". See more info on"
        RenderInline {A} at (0,0) size 160x26 [color=#0000EE]
          RenderText {#text} at (0,26) size 160x26
            text run at (0,26) width 160: "CSS3 selectors"
        RenderText {#text} at (160,26) size 6x26
          text run at (160,26) width 6: "."
      RenderBlock {DIV} at (0,75) size 769x0 [bgcolor=#009900]
      RenderBlock {OL} at (0,75) size 769x2039
        RenderListItem {LI} at (40,0) size 629x307 [bgcolor=#AAAAAA]
          RenderBlock {DIV} at (23,23) size 583x34 [bgcolor=#990000]
            RenderBlock {DIV} at (0,0) size 583x34 [bgcolor=#009900]
          RenderBlock {PRE} at (23,75) size 583x111 [bgcolor=#FFFFFF]
            RenderListMarker at (-55,9) size 25x26: "1"
            RenderText {#text} at (9,14) size 385x88
              text run at (9,14) width 198: "div:only-of-type {"
              text run at (207,14) width 0: " "
              text run at (9,36) width 11: "}"
              text run at (20,36) width 0: " "
              text run at (9,58) width 0: " "
              text run at (9,80) width 385: "<div>Does this element match?</div>"
          RenderBlock {P} at (23,209) size 583x52
            RenderText {#text} at (0,0) size 577x52
              text run at (0,0) width 577: "The CSS selector should match the marked div element,"
              text run at (0,26) width 421: "because it is the only element of this type"
        RenderListItem {LI} at (40,376) size 629x329 [bgcolor=#AAAAAA]
          RenderBlock {DIV} at (23,23) size 583x34 [bgcolor=#990000]
            RenderBlock {DIV} at (0,0) size 583x34 [bgcolor=#009900]
            RenderBlock {BLOCKQUOTE} at (0,34) size 583x0 [bgcolor=#009900]
          RenderBlock {PRE} at (23,75) size 583x133 [bgcolor=#FFFFFF]
            RenderListMarker at (-55,9) size 25x26: "2"
            RenderText {#text} at (9,14) size 385x110
              text run at (9,14) width 198: "div:only-of-type {"
              text run at (207,14) width 0: " "
              text run at (9,36) width 11: "}"
              text run at (20,36) width 0: " "
              text run at (9,58) width 0: " "
              text run at (9,80) width 385: "<div>Does this element match?</div>"
              text run at (394,80) width 0: " "
              text run at (9,102) width 275: "<blockquote></blockquote>"
          RenderBlock {P} at (23,231) size 583x52
            RenderText {#text} at (0,0) size 577x52
              text run at (0,0) width 577: "The CSS selector should match the marked div element,"
              text run at (0,26) width 421: "because it is the only element of this type"
        RenderListItem {LI} at (40,774) size 629x373 [bgcolor=#AAAAAA]
          RenderBlock {DIV} at (23,23) size 583x34 [bgcolor=#990000]
            RenderBlock {DIV} at (0,0) size 583x34 [bgcolor=#009900]
            RenderBlock {BLOCKQUOTE} at (0,34) size 583x0 [bgcolor=#009900]
              RenderBlock {DIV} at (0,0) size 583x0
          RenderBlock {PRE} at (23,75) size 583x177 [bgcolor=#FFFFFF]
            RenderListMarker at (-55,9) size 25x26: "3"
            RenderText {#text} at (9,14) size 385x154
              text run at (9,14) width 198: "div:only-of-type {"
              text run at (207,14) width 0: " "
              text run at (9,36) width 11: "}"
              text run at (20,36) width 0: " "
              text run at (9,58) width 0: " "
              text run at (9,80) width 385: "<div>Does this element match?</div>"
              text run at (394,80) width 0: " "
              text run at (9,102) width 132: "<blockquote>"
              text run at (141,102) width 0: " "
              text run at (9,124) width 154: "   <div></div>"
              text run at (163,124) width 0: " "
              text run at (9,146) width 143: "</blockquote>"
          RenderBlock {P} at (23,275) size 583x52
            RenderText {#text} at (0,0) size 577x52
              text run at (0,0) width 577: "The CSS selector should match the marked div element,"
              text run at (0,26) width 556: "because it is the only element of this type in this scope"
        RenderListItem {LI} at (40,1216) size 629x329 [bgcolor=#AAAAAA]
          RenderBlock {DIV} at (23,23) size 583x34 [bgcolor=#009900]
            RenderBlock {DIV} at (0,0) size 583x34
            RenderBlock {DIV} at (0,34) size 583x0
          RenderBlock {PRE} at (23,75) size 583x133 [bgcolor=#FFFFFF]
            RenderListMarker at (-55,9) size 25x26: "4"
            RenderText {#text} at (9,14) size 385x110
              text run at (9,14) width 198: "div:only-of-type {"
              text run at (207,14) width 0: " "
              text run at (9,36) width 11: "}"
              text run at (20,36) width 0: " "
              text run at (9,58) width 0: " "
              text run at (9,80) width 385: "<div>Does this element match?</div>"
              text run at (394,80) width 0: " "
              text run at (9,102) width 121: "<div></div>"
          RenderBlock {P} at (23,231) size 583x52
            RenderText {#text} at (0,0) size 553x52
              text run at (0,0) width 521: "The CSS selector should not match the marked div"
              text run at (0,26) width 553: "element, because it is not the only element of this type"
        RenderListItem {LI} at (40,1614) size 629x425 [bgcolor=#AAAAAA]
          RenderBlock {DIV} at (23,23) size 583x34 [bgcolor=#009900]
            RenderBlock {DIV} at (0,0) size 583x34
            RenderBlock {DIV} at (0,34) size 583x0
          RenderBlock {PRE} at (23,75) size 583x177 [bgcolor=#FFFFFF]
            RenderListMarker at (-55,9) size 25x26: "5"
            RenderText {#text} at (9,14) size 660x154
              text run at (9,14) width 198: "div:only-of-type {"
              text run at (207,14) width 0: " "
              text run at (9,36) width 11: "}"
              text run at (20,36) width 0: " "
              text run at (9,58) width 0: " "
              text run at (9,80) width 308: "<div id='appendChild'></div>"
              text run at (317,80) width 0: " "
              text run at (9,102) width 0: " "
              text run at (9,124) width 528: "var ib = document.getElementById('appendChild');"
              text run at (537,124) width 0: " "
              text run at (9,146) width 660: "ib.parentElement.appendChild(document.createElement(\"div\"));"
          RenderBlock {P} at (23,275) size 583x104
            RenderText {#text} at (0,0) size 559x104
              text run at (0,0) width 518: "The CSS selector should not match the original div"
              text run at (0,26) width 229: "element, because it is "
              text run at (229,26) width 320: "not the only of its type anymore"
              text run at (0,52) width 496: "after another child with the same type is append "
              text run at (496,52) width 63: "by the"
              text run at (0,78) width 169: "Javascript code."
