layer at (0,0) size 800x600
  RenderView at (0,0) size 800x600
layer at (0,0) size 800x600
  RenderBlock {HTML} at (0,0) size 800x600
    RenderBody {BODY} at (8,23) size 784x554
      RenderBlock {DIV} at (20,0) size 744x75 [bgcolor=#ADD8E6]
        RenderBlock {P} at (0,0) size 744x26
          RenderText {#text} at (0,0) size 466x26
            text run at (0,0) width 466: "There should be one outline around the whole div"
        RenderBlock {P} at (-20,49) size 764x26
          RenderText {#text} at (0,0) size 233x26
            text run at (0,0) width 233: "Not around each element"
      RenderBlock {DIV} at (20,98) size 744x75 [bgcolor=#ADD8E6]
        RenderBlock {P} at (0,0) size 744x26
          RenderText {#text} at (0,0) size 466x26
            text run at (0,0) width 466: "There should be one outline around the whole div"
        RenderBlock {P} at (-20,49) size 764x26
          RenderText {#text} at (0,0) size 233x26
            text run at (0,0) width 233: "Not around each element"
