layer at (0,0) size 800x600
  RenderView at (0,0) size 800x600
layer at (0,0) size 800x600
  RenderBlock {HTML} at (0,0) size 800x600
    RenderBody {BODY} at (8,8) size 784x584
      RenderBlock {DIV} at (0,0) size 784x54 [border: (1px solid #FF0000)]
      RenderBlock {DIV} at (0,54) size 784x54 [border: (1px solid #FF0000)]
layer at (9,9) size 782x52
  RenderBlock (relative positioned) {DIV} at (1,1) size 782x52
    RenderText {#text} at (0,0) size 758x52
      text run at (0,0) width 758: "This text with top percent relative and containing block auto should appear inside"
      text run at (0,26) width 132: "the red border"
layer at (9,63) size 782x52
  RenderBlock (relative positioned) {DIV} at (1,1) size 782x52
    RenderText {#text} at (0,0) size 733x52
      text run at (0,0) width 733: "This text with bottom percent relative and containing block auto should appear"
      text run at (0,26) width 193: "inside the red border"
