layer at (0,0) size 800x600
  RenderView at (0,0) size 800x600
layer at (0,0) size 800x600
  RenderBlock {HTML} at (0,0) size 800x600
    RenderBody {BODY} at (23,23) size 754x509
      RenderBlock {P} at (0,0) size 754x316
        RenderText {#text} at (0,1) size 745x314
          text run at (0,1) width 681: "This test ensures that we"
          text run at (0,80) width 745: "preserve the user-specified"
          text run at (0,159) width 720: "zoom level of the page on"
          text run at (0,238) width 191: "reload."
