layer at (0,0) size 800x600
  RenderView at (0,0) size 800x600
layer at (0,0) size 800x600
  RenderBlock {HTML} at (0,0) size 800x600
    RenderBody {BODY} at (8,8) size 784x569
      RenderBlock {P} at (0,0) size 121x58 [border: (3px solid #0000FF)]
        RenderInline (generated) at (0,0) size 153x26
          RenderText at (3,3) size 153x26
            text run at (3,3) width 153: "AAAAAAAAA"
        RenderText {#text} at (156,3) size 187x52
          text run at (156,3) width 34: "AA"
          text run at (3,29) width 30: "BB"
      RenderBlock {P} at (0,81) size 121x32 [border: (3px solid #0000FF)]
        RenderInline (generated) at (0,0) size 153x26
          RenderText at (3,3) size 153x26
            text run at (3,3) width 153: "AAAAAAAAA"
        RenderText {#text} at (156,3) size 85x26
          text run at (156,3) width 85: "AAAAA"
      RenderBlock {P} at (0,136) size 121x58 [border: (3px solid #0000FF)]
        RenderInline (generated) at (0,0) size 68x52
          RenderText at (3,3) size 68x52
            text run at (3,3) width 68: "AAAA"
            text run at (3,29) width 60: "BBBB"
        RenderText {#text} at (63,29) size 75x26
          text run at (63,29) width 75: "BBBBB"
      RenderBlock {P} at (0,217) size 121x58 [border: (3px solid #0000FF)]
        RenderInline (generated) at (0,0) size 153x26
          RenderText at (3,3) size 153x26
            text run at (3,3) width 153: "AAAAAAAAA"
        RenderText {#text} at (156,3) size 187x52
          text run at (156,3) width 34: "AA"
          text run at (3,29) width 28: "ZZ"
        RenderInline (generated) at (0,0) size 126x26
          RenderText at (31,29) size 126x26
            text run at (31,29) width 126: "ZZZZZZZZZ"
      RenderBlock {P} at (0,298) size 121x32 [border: (3px solid #0000FF)]
        RenderInline (generated) at (0,0) size 153x26
          RenderText at (3,3) size 153x26
            text run at (3,3) width 153: "AAAAAAAAA"
        RenderText {#text} at (156,3) size 100x26
          text run at (156,3) width 100: "MMMMM"
        RenderInline (generated) at (0,0) size 126x26
          RenderText at (256,3) size 126x26
            text run at (256,3) width 126: "ZZZZZZZZZ"
      RenderBlock {P} at (0,353) size 121x58 [border: (3px solid #0000FF)]
        RenderText {#text} at (3,3) size 85x26
          text run at (3,3) width 85: "YYYYY"
        RenderInline (generated) at (0,0) size 153x52
          RenderText at (88,3) size 153x52
            text run at (88,3) width 68: "YYYY"
            text run at (3,29) width 56: "ZZZZ"
      RenderBlock {P} at (0,434) size 121x58 [border: (3px solid #0000FF)]
        RenderText {#text} at (3,3) size 34x52
          text run at (3,3) width 34: "YY"
          text run at (3,29) width 28: "ZZ"
        RenderInline (generated) at (0,0) size 126x26
          RenderText at (31,29) size 126x26
            text run at (31,29) width 126: "ZZZZZZZZZ"
      RenderBlock {P} at (0,515) size 121x32 [border: (3px solid #0000FF)]
        RenderText {#text} at (3,3) size 70x26
          text run at (3,3) width 70: "ZZZZZ"
        RenderInline (generated) at (0,0) size 126x26
          RenderText at (73,3) size 126x26
            text run at (73,3) width 126: "ZZZZZZZZZ"
