layer at (0,0) size 800x600
  RenderView at (0,0) size 800x600
layer at (0,0) size 800x600
  RenderBlock {HTML} at (0,0) size 800x600
    RenderBody {BODY} at (8,8) size 784x584
      RenderBlock {DIV} at (0,0) size 784x37
        RenderInline (generated) at (0,0) size 20x36
          RenderText {#text} at (0,0) size 20x36
            text run at (0,0) width 20: "T"
        RenderText {#text} at (20,14) size 367x19
          text run at (20,14) width 367: "he first letter in this sentence should be larger than the rest."
      RenderBlock {DIV} at (0,37) size 784x37
        RenderText {#text} at (0,0) size 535x36
          text run at (0,0) width 535: "This sentence should be extra-extra-large."
      RenderBlock (anonymous) at (0,74) size 784x33
        RenderTextControl {INPUT} at (2,2) size 195x29 [color=#202020]
          RenderDeprecatedFlexibleBox {DIV} at (4,6) size 188x19
            RenderBlock {DIV} at (0,9) size 0x0
            RenderBlock {DIV} at (0,0) size 188x19
            RenderBlock {DIV} at (188,9) size 0x0
        RenderText {#text} at (0,0) size 0x0
        RenderText {#text} at (0,0) size 0x0
layer at (14,90) size 188x19
  RenderBlock {DIV} at (0,0) size 188x19
layer at (14,90) size 188x19
  RenderBlock (relative positioned) {DIV} at (4,6) size 188x19 [color=#008000]
    RenderText {#text} at (1,0) size 150x19
      text run at (1,0) width 150: "This should be green"
