layer at (0,0) size 800x600
  RenderView at (0,0) size 800x600
layer at (0,0) size 800x600
  RenderBlock {HTML} at (0,0) size 800x600
    RenderBody {BODY} at (8,8) size 784x584
      RenderBlock {DIV} at (0,0) size 784x256 [border: (115px solid #FF0000)]
        RenderText {#text} at (115,115) size 310x26
          text run at (115,115) width 310: "This border should be 5em thick."
      RenderBlock {DIV} at (0,256) size 100x104 [bgcolor=#00FF00]
        RenderText {#text} at (0,0) size 91x104
          text run at (0,0) width 77: "This div"
          text run at (0,26) width 91: "should be"
          text run at (0,52) width 60: "100px"
          text run at (0,78) width 51: "wide."
