layer at (0,0) size 800x600
  RenderView at (0,0) size 800x600
layer at (0,0) size 800x158
  RenderBlock {HTML} at (0,0) size 800x158
    RenderBody {BODY} at (8,23) size 784x127
      RenderBlock {P} at (0,0) size 784x52
        RenderText {#text} at (0,0) size 776x52
          text run at (0,0) width 776: "Test passes if the blue box sits atop the orange box and both are in the center of the"
          text run at (0,26) width 51: "view."
      RenderBlock {DIV} at (0,75) size 192x52 [bgcolor=#FF0000]
        RenderBlock (anonymous) at (0,0) size 192x26
        RenderBlock (anonymous) at (0,52) size 192x0
          RenderText {#text} at (0,0) size 0x0
layer at (200,290) size 109x26
  RenderInline (relative positioned) {SPAN} at (0,0) size 109x26 [bgcolor=#0000FF]
    RenderText {#text} at (0,0) size 109x26
      text run at (0,0) width 109: "Filler Text1"
layer at (200,316) size 192x26
  RenderBlock (anonymous) at (0,26) size 192x26
    RenderBlock {DIV} at (0,0) size 192x26 [bgcolor=#FFA500]
      RenderText {#text} at (0,0) size 97x26
        text run at (0,0) width 97: "Filler Text"
