layer at (0,0) size 800x600
  RenderView at (0,0) size 800x600
layer at (0,0) size 800x298
  RenderBlock {HTML} at (0,0) size 800x298
    RenderBody {BODY} at (8,23) size 784x267
      RenderBlock {P} at (0,0) size 784x52
        RenderText {#text} at (0,0) size 771x52
          text run at (0,0) width 771: "Test passes if each of the orange boxes is sandwiched between two blue boxes and"
          text run at (0,26) width 523: "all blue and orange boxes are below the big yellow box."
layer at (8,98) size 192x192
  RenderBlock (relative positioned) {DIV} at (0,75) size 192x192 [bgcolor=#FFFF00]
    RenderBlock (anonymous) at (0,0) size 192x26
    RenderBlock (anonymous) at (0,52) size 192x26
    RenderBlock (anonymous) at (0,104) size 192x26
    RenderBlock (anonymous) at (0,156) size 192x26
      RenderText {#text} at (0,0) size 0x0
layer at (8,290) size 97x26
  RenderInline (relative positioned) {DIV} at (0,0) size 97x26 [bgcolor=#0000FF]
    RenderText {#text} at (0,0) size 97x26
      text run at (0,0) width 97: "Filler Text"
layer at (8,316) size 192x26
  RenderBlock (anonymous) at (0,26) size 192x26
    RenderBlock {DIV} at (0,0) size 192x26 [bgcolor=#FFA500]
      RenderText {#text} at (0,0) size 97x26
        text run at (0,0) width 97: "Filler Text"
layer at (8,342) size 97x26
  RenderInline (relative positioned) {DIV} at (0,0) size 97x26 [bgcolor=#0000FF]
    RenderText {#text} at (0,0) size 97x26
      text run at (0,0) width 97: "Filler Text"
layer at (8,368) size 192x26
  RenderBlock (anonymous) at (0,78) size 192x26
    RenderBlock {DIV} at (0,0) size 192x26 [bgcolor=#FFA500]
      RenderText {#text} at (0,0) size 97x26
        text run at (0,0) width 97: "Filler Text"
layer at (8,394) size 97x26
  RenderInline (relative positioned) {DIV} at (0,0) size 97x26 [bgcolor=#0000FF]
    RenderText {#text} at (0,0) size 97x26
      text run at (0,0) width 97: "Filler Text"
layer at (8,420) size 192x26
  RenderBlock (anonymous) at (0,130) size 192x26
    RenderBlock {DIV} at (0,0) size 192x26 [bgcolor=#FFA500]
      RenderText {#text} at (0,0) size 97x26
        text run at (0,0) width 97: "Filler Text"
layer at (8,446) size 97x26
  RenderInline (relative positioned) {DIV} at (0,0) size 97x26 [bgcolor=#0000FF]
    RenderText {#text} at (0,0) size 97x26
      text run at (0,0) width 97: "Filler Text"
