layer at (0,0) size 984x585
  RenderView at (0,0) size 800x585
layer at (0,0) size 800x158
  RenderBlock {HTML} at (0,0) size 800x158
    RenderBody {BODY} at (8,23) size 784x127
      RenderBlock {P} at (0,0) size 784x52
        RenderText {#text} at (0,0) size 776x52
          text run at (0,0) width 776: "Test passes if the orange box sits atop the blue box and both are in the center of the"
          text run at (0,26) width 51: "view."
      RenderBlock (anonymous) at (0,75) size 784x0
      RenderBlock (anonymous) at (0,101) size 784x26
        RenderText {#text} at (0,0) size 0x0
layer at (200,290) size 784x26
  RenderBlock (anonymous) at (0,75) size 784x26
    RenderBlock {DIV} at (0,0) size 192x26 [bgcolor=#FFA500]
      RenderText {#text} at (0,0) size 96x26
        text run at (0,0) width 96: "Filler Text"
layer at (200,316) size 96x26
  RenderInline (relative positioned) {SPAN} at (0,0) size 96x26 [bgcolor=#FFFF00]
    RenderInline {SPAN} at (0,0) size 96x26 [bgcolor=#0000FF]
      RenderInline {I} at (0,0) size 96x26
        RenderText {#text} at (0,0) size 96x26
          text run at (0,0) width 96: "Filler Text"
      RenderText {#text} at (0,0) size 0x0
    RenderText {#text} at (0,0) size 0x0
