layer at (0,0) size 785x638
  RenderView at (0,0) size 785x600
layer at (0,0) size 785x324
  RenderBlock {HTML} at (0,0) size 785x324
    RenderBody {BODY} at (8,23) size 769x293
      RenderBlock {P} at (0,0) size 769x78
        RenderText {#text} at (0,0) size 739x78
          text run at (0,0) width 731: "Test passes if each of the orange boxes is sandwiched between two blue boxes"
          text run at (0,26) width 671: "and two groups of blue and orange boxes are inside the big yellow box "
          text run at (671,26) width 68: "and the"
          text run at (0,52) width 264: "remaining group is below it."
layer at (8,124) size 192x192
  RenderBlock (relative positioned) {DIV} at (0,101) size 192x192 [bgcolor=#FFFF00]
    RenderBlock (anonymous) at (0,0) size 192x26
      RenderInline {DIV} at (0,0) size 97x26 [bgcolor=#0000FF]
        RenderText {#text} at (0,0) size 97x26
          text run at (0,0) width 97: "Filler Text"
    RenderBlock (anonymous) at (0,26) size 192x26
      RenderBlock {DIV} at (0,0) size 192x26 [bgcolor=#FFA500]
        RenderText {#text} at (0,0) size 97x26
          text run at (0,0) width 97: "Filler Text"
    RenderBlock (anonymous) at (0,52) size 192x26
      RenderInline {DIV} at (0,0) size 97x26 [bgcolor=#0000FF]
    RenderBlock (anonymous) at (0,104) size 192x26
      RenderInline {DIV} at (0,0) size 97x26 [bgcolor=#0000FF]
        RenderText {#text} at (0,0) size 0x0
    RenderBlock (anonymous) at (0,130) size 192x26
      RenderBlock {DIV} at (0,0) size 192x26 [bgcolor=#FFA500]
        RenderText {#text} at (0,0) size 97x26
          text run at (0,0) width 97: "Filler Text"
    RenderBlock (anonymous) at (0,156) size 192x26
      RenderInline {DIV} at (0,0) size 97x26 [bgcolor=#0000FF]
        RenderText {#text} at (0,0) size 97x26
          text run at (0,0) width 97: "Filler Text"
      RenderText {#text} at (0,0) size 0x0
layer at (8,368) size 97x26
  RenderInline (relative positioned) {DIV} at (0,0) size 97x26
    RenderText {#text} at (0,0) size 97x26
      text run at (0,0) width 97: "Filler Text"
layer at (8,394) size 192x26
  RenderBlock (anonymous) at (0,78) size 192x26
    RenderBlock {DIV} at (0,0) size 192x26 [bgcolor=#FFA500]
      RenderText {#text} at (0,0) size 97x26
        text run at (0,0) width 97: "Filler Text"
layer at (8,420) size 97x26
  RenderInline (relative positioned) {DIV} at (0,0) size 97x26
    RenderText {#text} at (0,0) size 97x26
      text run at (0,0) width 97: "Filler Text"
