layer at (0,0) size 800x600
  RenderView at (0,0) size 800x600
layer at (0,0) size 800x600
  RenderBlock {HTML} at (0,0) size 800x600
    RenderBody {BODY} at (8,11) size 784x581
      RenderBlock {HR} at (0,0) size 784x2 [border: (1px inset #000000)]
      RenderBlock {P} at (0,25) size 784x52
        RenderText {#text} at (0,0) size 79x26
          text run at (0,0) width 79: "Test for "
        RenderInline {I} at (0,0) size 778x52
          RenderInline {A} at (0,0) size 518x26 [color=#0000EE]
            RenderText {#text} at (79,0) size 518x26
              text run at (79,0) width 518: "http://bugzilla.opendarwin.org/show_bug.cgi?id=9547"
          RenderText {#text} at (597,0) size 778x52
            text run at (597,0) width 6: " "
            text run at (603,0) width 175: "Resize corner does"
            text run at (0,26) width 286: "not track the mouse accurately"
        RenderText {#text} at (286,26) size 6x26
          text run at (286,26) width 6: "."
      RenderBlock {HR} at (0,100) size 784x2 [border: (1px inset #000000)]
      RenderBlock (anonymous) at (0,238) size 784x213
        RenderText {#text} at (169,100) size 6x26
          text run at (169,100) width 6: " "
        RenderBR {BR} at (0,0) size 0x0
        RenderText {#text} at (0,0) size 0x0
layer at (8,124) size 173x125 clip at (10,126) size 169x121
  RenderBlock {DIV} at (0,113) size 173x125 [border: (2px solid #0000FF)]
layer at (8,249) size 169x121 clip at (10,251) size 165x117
  RenderTextControl {TEXTAREA} at (0,0) size 169x121 [bgcolor=#FFFFFF] [border: (2px solid #0000FF)]
    RenderBlock {DIV} at (4,4) size 161x26
layer at (10,377) size 301x83
  RenderTextControl {TEXTAREA} at (2,128) size 301x83 [color=#202020]
    RenderBlock {DIV} at (4,6) size 294x26
