layer at (0,0) size 800x600
  RenderView at (0,0) size 800x600
layer at (0,0) size 800x76
  RenderBlock {HTML} at (0,0) size 800x76
    RenderBody {BODY} at (8,8) size 784x60
      RenderBlock {DIV} at (0,0) size 784x26
        RenderText {#text} at (0,0) size 721x26
          text run at (0,0) width 721: "The text below should be centered since text-align does inherit in strict mode."
      RenderBlock {DIV} at (0,26) size 784x34
        RenderTable {TABLE} at (0,0) size 108x34 [border: (1px solid #000000)]
          RenderTableSection {TBODY} at (1,1) size 106x32
            RenderTableRow {TR} at (0,2) size 106x28
              RenderTableCell {TD} at (2,2) size 102x28 [r=0 c=0 rs=1 cs=1]
                RenderText {#text} at (25,1) size 52x26
                  text run at (25,1) width 52: "hello."
