layer at (0,0) size 800x600
  RenderView at (0,0) size 800x600
layer at (0,0) size 800x600
  RenderBlock {HTML} at (0,0) size 800x600
    RenderBody {BODY} at (8,8) size 784x584
      RenderBlock {DIV} at (0,0) size 784x52
        RenderText {#text} at (0,0) size 742x52
          text run at (0,0) width 742: "The text below should be left-justified since text-align does not inherit in quirks"
          text run at (0,26) width 58: "mode."
      RenderBlock {DIV} at (0,52) size 784x34
        RenderTable {TABLE} at (0,0) size 108x34 [border: (1px solid #000000)]
          RenderTableSection {TBODY} at (1,1) size 106x32
            RenderTableRow {TR} at (0,2) size 106x28
              RenderTableCell {TD} at (2,2) size 102x28 [r=0 c=0 rs=1 cs=1]
                RenderText {#text} at (1,1) size 52x26
                  text run at (1,1) width 52: "hello."
