layer at (0,0) size 785x806
  RenderView at (0,0) size 785x600
layer at (0,0) size 785x806
  RenderBlock {HTML} at (0,0) size 785x806
    RenderBody {BODY} at (8,8) size 769x790
      RenderBlock (anonymous) at (0,0) size 769x52
        RenderText {#text} at (0,0) size 745x52
          text run at (0,0) width 745: "The text in the button, popup menu and list box should have the same case as in"
          text run at (0,26) width 216: "the accompanying text."
      RenderBlock {DIV} at (0,52) size 769x123
        RenderMenuList {SELECT} at (2,75) size 143x46 [color=#202020]
          RenderBlock (anonymous) at (15,10) size 87x26
            RenderText at (0,0) size 76x26
              text run at (0,0) width 76: "HELLO"
        RenderText {#text} at (147,85) size 6x26
          text run at (147,85) width 6: " "
        RenderListBox {SELECT} at (155,2) size 108x109 [bgcolor=#FFFFFF] [border: (1px inset #808080)]
        RenderText {#text} at (265,85) size 6x26
          text run at (265,85) width 6: " "
        RenderInline {SPAN} at (0,0) size 167x26
          RenderText {#text} at (271,85) size 167x26
            text run at (271,85) width 167: "HELLO WORLD"
        RenderText {#text} at (0,0) size 0x0
      RenderBlock {DIV} at (0,175) size 769x123
        RenderMenuList {SELECT} at (2,75) size 134x46 [color=#202020]
          RenderBlock (anonymous) at (15,10) size 78x26
            RenderText at (0,0) size 69x26
              text run at (0,0) width 69: "HeLLo"
        RenderText {#text} at (138,85) size 6x26
          text run at (138,85) width 6: " "
        RenderListBox {SELECT} at (146,2) size 99x109 [bgcolor=#FFFFFF] [border: (1px inset #808080)]
        RenderText {#text} at (247,85) size 6x26
          text run at (247,85) width 6: " "
        RenderInline {SPAN} at (0,0) size 148x26
          RenderText {#text} at (253,85) size 148x26
            text run at (253,85) width 148: "HeLLo WoRLd"
        RenderText {#text} at (0,0) size 0x0
      RenderBlock {DIV} at (0,298) size 769x123
        RenderMenuList {SELECT} at (2,75) size 112x46 [color=#202020]
          RenderBlock (anonymous) at (15,10) size 56x26
            RenderText at (0,0) size 49x26
              text run at (0,0) width 49: "hello"
        RenderText {#text} at (116,85) size 6x26
          text run at (116,85) width 6: " "
        RenderListBox {SELECT} at (124,2) size 77x109 [bgcolor=#FFFFFF] [border: (1px inset #808080)]
        RenderText {#text} at (203,85) size 6x26
          text run at (203,85) width 6: " "
        RenderInline {SPAN} at (0,0) size 107x26
          RenderText {#text} at (209,85) size 107x26
            text run at (209,85) width 107: "hello world"
        RenderText {#text} at (0,0) size 0x0
      RenderBlock {DIV} at (0,421) size 769x123
        RenderMenuList {SELECT} at (2,75) size 116x46 [color=#202020]
          RenderBlock (anonymous) at (15,10) size 60x26
            RenderText at (0,0) size 30x26
              text run at (0,0) width 30: "SS"
        RenderText {#text} at (120,85) size 6x26
          text run at (120,85) width 6: " "
        RenderListBox {SELECT} at (128,2) size 81x109 [bgcolor=#FFFFFF] [border: (1px inset #808080)]
        RenderText {#text} at (211,85) size 6x26
          text run at (211,85) width 6: " "
        RenderInline {SPAN} at (0,0) size 84x26
          RenderText {#text} at (217,85) size 84x26
            text run at (217,85) width 84: "SS SSSS"
        RenderText {#text} at (0,0) size 0x0
      RenderBlock {DIV} at (0,544) size 769x123
        RenderMenuList {SELECT} at (2,75) size 84x46 [color=#202020]
          RenderBlock (anonymous) at (15,10) size 28x26
            RenderText at (0,0) size 14x26
              text run at (0,0) width 14: "\x{DF}"
        RenderText {#text} at (88,85) size 6x26
          text run at (88,85) width 6: " "
        RenderListBox {SELECT} at (96,2) size 49x109 [bgcolor=#FFFFFF] [border: (1px inset #808080)]
        RenderText {#text} at (147,85) size 6x26
          text run at (147,85) width 6: " "
        RenderInline {SPAN} at (0,0) size 42x26
          RenderText {#text} at (153,85) size 42x26
            text run at (153,85) width 42: "\x{DF} \x{DF}\x{DF}"
        RenderText {#text} at (0,0) size 0x0
      RenderBlock {DIV} at (0,667) size 769x123
        RenderMenuList {SELECT} at (2,75) size 84x46 [color=#202020]
          RenderBlock (anonymous) at (15,10) size 28x26
            RenderText at (0,0) size 14x26
              text run at (0,0) width 14: "\x{DF}"
        RenderText {#text} at (88,85) size 6x26
          text run at (88,85) width 6: " "
        RenderListBox {SELECT} at (96,2) size 49x109 [bgcolor=#FFFFFF] [border: (1px inset #808080)]
        RenderText {#text} at (147,85) size 6x26
          text run at (147,85) width 6: " "
        RenderInline {SPAN} at (0,0) size 42x26
          RenderText {#text} at (153,85) size 42x26
            text run at (153,85) width 42: "\x{DF} \x{DF}\x{DF}"
        RenderText {#text} at (0,0) size 0x0
