layer at (0,0) size 800x600
  RenderView at (0,0) size 800x600
layer at (0,0) size 800x328
  RenderBlock {HTML} at (0,0) size 800x328
    RenderBody {BODY} at (8,8) size 784x312
      RenderBlock (anonymous) at (0,0) size 784x156
        RenderText {#text} at (0,0) size 764x52
          text run at (0,0) width 764: "Each consecutive pair of lines should look exactly the same apart from the trailing"
          text run at (0,26) width 70: "ellipsis."
        RenderBR {BR} at (70,26) size 0x26
        RenderText {#text} at (0,52) size 742x52
          text run at (0,52) width 742: "The ellipsis should appear on the left for the RTL case and on the right for LTR"
          text run at (0,78) width 51: "case. "
        RenderBR {BR} at (0,0) size 0x0
        RenderBR {BR} at (0,104) size 0x26
        RenderText {#text} at (0,130) size 89x26
          text run at (0,130) width 89: "RTL text:"
      RenderBlock (anonymous) at (0,208) size 784x52
        RenderBR {BR} at (0,0) size 0x26
        RenderText {#text} at (0,26) size 91x26
          text run at (0,26) width 91: "LTR Text"
layer at (8,164) size 207x26 scrollX 322 scrollWidth 529
  RenderBlock {DIV} at (0,156) size 207x26
    RenderText {#text} at (-322,0) size 529x26
      text run at (-322,0) width 0 RTL: "\x{202C}"
      text run at (-322,0) width 404 RTL: " \x{5D8}\x{5E7}\x{5E1}\x{5D8} \x{5E2}\x{5D1}\x{5E8}\x{5D9} \x{5DC}\x{5D3}\x{5D5}\x{5D2}\x{5DE}\x{5D0} \x{5D8}\x{5E7}\x{5E1}\x{5D8} \x{5E2}\x{5D1}\x{5E8}\x{5D9} \x{5DC}\x{5D3}\x{5D5}\x{5D2}\x{5DE}\x{5D0} "
      text run at (82,0) width 119: "English Text"
      text run at (201,0) width 6 RTL: "\x{202B} "
layer at (8,190) size 207x26 scrollX 322 scrollWidth 529
  RenderBlock {DIV} at (0,182) size 207x26
    RenderText {#text} at (-322,0) size 529x26
      text run at (-322,0) width 0 RTL: "\x{202C}"
      text run at (-322,0) width 404 RTL: " \x{5D8}\x{5E7}\x{5E1}\x{5D8} \x{5E2}\x{5D1}\x{5E8}\x{5D9} \x{5DC}\x{5D3}\x{5D5}\x{5D2}\x{5DE}\x{5D0} \x{5D8}\x{5E7}\x{5E1}\x{5D8} \x{5E2}\x{5D1}\x{5E8}\x{5D9} \x{5DC}\x{5D3}\x{5D5}\x{5D2}\x{5DE}\x{5D0} "
      text run at (82,0) width 119: "English Text"
      text run at (201,0) width 6 RTL: "\x{202B} "
layer at (8,268) size 207x26 scrollWidth 374
  RenderBlock {DIV} at (0,260) size 207x26
    RenderText {#text} at (0,0) size 374x26
      text run at (0,0) width 50 RTL: "\x{5DE}\x{5D9}\x{5DC}\x{5D4}"
      text run at (50,0) width 61: " word "
      text run at (111,0) width 58 RTL: "\x{5D0}\x{5D7}\x{5E8}\x{5EA}"
      text run at (169,0) width 82: " another "
      text run at (251,0) width 39 RTL: "\x{5D5}\x{5E2}\x{5D5}\x{5D3}"
      text run at (290,0) width 40: " yet "
      text run at (330,0) width 44 RTL: "\x{5D0}\x{5D7}\x{5EA}"
layer at (8,294) size 207x26 scrollWidth 374
  RenderBlock {DIV} at (0,286) size 207x26
    RenderText {#text} at (0,0) size 374x26
      text run at (0,0) width 50 RTL: "\x{5DE}\x{5D9}\x{5DC}\x{5D4}"
      text run at (50,0) width 61: " word "
      text run at (111,0) width 58 RTL: "\x{5D0}\x{5D7}\x{5E8}\x{5EA}"
      text run at (169,0) width 82: " another "
      text run at (251,0) width 39 RTL: "\x{5D5}\x{5E2}\x{5D5}\x{5D3}"
      text run at (290,0) width 40: " yet "
      text run at (330,0) width 44 RTL: "\x{5D0}\x{5D7}\x{5EA}"
