layer at (0,0) size 785x750
  RenderView at (0,0) size 785x600
layer at (0,0) size 785x750
  RenderBlock {HTML} at (0,0) size 785x750
    RenderBody {BODY} at (8,15) size 769x712
      RenderBlock {H1} at (0,0) size 769x26
        RenderText {#text} at (0,0) size 114x26
          text run at (0,0) width 114: "Simple case"
      RenderBlock {P} at (0,49) size 769x26
        RenderText {#text} at (0,0) size 92x26
          text run at (0,0) width 92: "LTR Start"
      RenderBlock {P} at (0,98) size 769x26
        RenderText {#text} at (682,0) size 87x26
          text run at (682,0) width 87: "LTR End"
      RenderBlock {P} at (0,147) size 769x26
        RenderText {#text} at (677,0) size 92x26
          text run at (677,0) width 92: "RTL Start"
      RenderBlock {P} at (0,196) size 769x26
        RenderText {#text} at (0,0) size 87x26
          text run at (0,0) width 87: "RTL End"
      RenderBlock {H1} at (0,245) size 769x26
        RenderText {#text} at (0,0) size 139x26
          text run at (0,0) width 139: "Inherited case"
      RenderBlock {DIV} at (0,294) size 769x26
        RenderBlock {P} at (0,0) size 769x26
          RenderText {#text} at (0,0) size 92x26
            text run at (0,0) width 92: "LTR Start"
      RenderBlock {DIV} at (0,343) size 769x26
        RenderBlock {P} at (0,0) size 769x26
          RenderText {#text} at (682,0) size 87x26
            text run at (682,0) width 87: "LTR End"
      RenderBlock {DIV} at (0,392) size 769x26
        RenderBlock {P} at (0,0) size 769x26
          RenderText {#text} at (677,0) size 92x26
            text run at (677,0) width 92: "RTL Start"
      RenderBlock {DIV} at (0,441) size 769x26
        RenderBlock {P} at (0,0) size 769x26
          RenderText {#text} at (0,0) size 87x26
            text run at (0,0) width 87: "RTL End"
      RenderBlock {H1} at (0,490) size 769x26
        RenderText {#text} at (0,0) size 610x26
          text run at (0,0) width 610: "Inherited case where parent block has opposite directionality."
      RenderBlock {DIV} at (0,539) size 769x26
        RenderBlock {P} at (0,0) size 769x26
          RenderText {#text} at (0,0) size 92x26
            text run at (0,0) width 92: "LTR Start"
      RenderBlock {DIV} at (0,588) size 769x26
        RenderBlock {P} at (0,0) size 769x26
          RenderText {#text} at (682,0) size 87x26
            text run at (682,0) width 87: "LTR End"
      RenderBlock {DIV} at (0,637) size 769x26
        RenderBlock {P} at (0,0) size 769x26
          RenderText {#text} at (677,0) size 92x26
            text run at (677,0) width 92: "RTL Start"
      RenderBlock {DIV} at (0,686) size 769x26
        RenderBlock {P} at (0,0) size 769x26
          RenderText {#text} at (0,0) size 87x26
            text run at (0,0) width 87: "RTL End"
