layer at (0,0) size 800x600
  RenderView at (0,0) size 800x600
layer at (0,0) size 800x472
  RenderBlock {HTML} at (0,0) size 800x472
    RenderBody {BODY} at (8,16) size 784x440
      RenderBlock {P} at (0,0) size 784x18
        RenderText {#text} at (0,0) size 308x19
          text run at (0,0) width 308: "This test is a basic check for using text-overflow."
      RenderBlock {P} at (0,34) size 784x146
        RenderText {#text} at (0,0) size 481x19
          text run at (0,0) width 481: "Apply \"text-overflow:clip\" to inputs. The following input should be clipped:"
        RenderBR {BR} at (481,0) size 0x19
        RenderTextControl {INPUT} at (2,20) size 195x28 [bgcolor=#FFFFFF]
        RenderText {#text} at (199,26) size 4x19
          text run at (199,26) width 4: " "
        RenderTextControl {INPUT} at (205,20) size 195x28 [bgcolor=#FFFFFF]
          RenderDeprecatedFlexibleBox {DIV} at (4,6) size 188x18
            RenderBlock {DIV} at (0,9) size 0x0
            RenderBlock {DIV} at (0,0) size 188x18
            RenderBlock {DIV} at (188,9) size 0x0
        RenderText {#text} at (402,26) size 4x19
          text run at (402,26) width 4: " "
        RenderTextControl {INPUT} at (408,20) size 195x28 [bgcolor=#FFFFFF]
        RenderText {#text} at (0,0) size 0x0
        RenderTextControl {INPUT} at (2,52) size 195x28 [bgcolor=#FFFFFF]
          RenderDeprecatedFlexibleBox {DIV} at (4,6) size 188x18
            RenderBlock {DIV} at (0,9) size 0x0
            RenderBlock {DIV} at (0,0) size 188x18
            RenderBlock {DIV} at (188,9) size 0x0
        RenderText {#text} at (199,58) size 4x19
          text run at (199,58) width 4: " "
        RenderTextControl {INPUT} at (205,52) size 195x28 [bgcolor=#FFFFFF]
        RenderBR {BR} at (402,58) size 0x19
        RenderTextControl {INPUT} at (2,84) size 195x28 [bgcolor=#FFFFFF]
        RenderText {#text} at (199,90) size 4x19
          text run at (199,90) width 4: " "
        RenderTextControl {INPUT} at (205,84) size 195x28 [bgcolor=#FFFFFF]
          RenderDeprecatedFlexibleBox {DIV} at (4,6) size 188x18
            RenderBlock {DIV} at (0,9) size 0x0
            RenderBlock {DIV} at (0,0) size 188x18
            RenderBlock {DIV} at (188,9) size 0x0
        RenderText {#text} at (402,90) size 4x19
          text run at (402,90) width 4: " "
        RenderTextControl {INPUT} at (408,84) size 195x28 [bgcolor=#FFFFFF]
        RenderText {#text} at (0,0) size 0x0
        RenderTextControl {INPUT} at (2,116) size 195x28 [bgcolor=#FFFFFF]
          RenderDeprecatedFlexibleBox {DIV} at (4,6) size 188x18
            RenderBlock {DIV} at (0,9) size 0x0
            RenderBlock {DIV} at (0,0) size 188x18
            RenderBlock {DIV} at (188,9) size 0x0
        RenderText {#text} at (199,122) size 4x19
          text run at (199,122) width 4: " "
        RenderTextControl {INPUT} at (205,116) size 195x28 [bgcolor=#FFFFFF]
        RenderText {#text} at (0,0) size 0x0
      RenderBlock {P} at (0,196) size 784x146
        RenderText {#text} at (0,0) size 536x19
          text run at (0,0) width 536: "Apply \"text-overflow:ellipsis\" to inputs. The following input should show an ellipsis:"
        RenderBR {BR} at (536,0) size 0x19
        RenderTextControl {INPUT} at (2,20) size 195x28 [bgcolor=#FFFFFF]
        RenderText {#text} at (199,26) size 4x19
          text run at (199,26) width 4: " "
        RenderTextControl {INPUT} at (205,20) size 195x28 [bgcolor=#FFFFFF]
          RenderDeprecatedFlexibleBox {DIV} at (4,6) size 188x18
            RenderBlock {DIV} at (0,9) size 0x0
            RenderBlock {DIV} at (0,0) size 188x18
            RenderBlock {DIV} at (188,9) size 0x0
        RenderText {#text} at (402,26) size 4x19
          text run at (402,26) width 4: " "
        RenderTextControl {INPUT} at (408,20) size 195x28 [bgcolor=#FFFFFF]
        RenderText {#text} at (0,0) size 0x0
        RenderTextControl {INPUT} at (2,52) size 195x28 [bgcolor=#FFFFFF]
          RenderDeprecatedFlexibleBox {DIV} at (4,6) size 188x18
            RenderBlock {DIV} at (0,9) size 0x0
            RenderBlock {DIV} at (0,0) size 188x18
            RenderBlock {DIV} at (188,9) size 0x0
        RenderText {#text} at (199,58) size 4x19
          text run at (199,58) width 4: " "
        RenderTextControl {INPUT} at (205,52) size 195x28 [bgcolor=#FFFFFF]
        RenderBR {BR} at (402,58) size 0x19
        RenderTextControl {INPUT} at (2,84) size 195x28 [bgcolor=#FFFFFF]
        RenderText {#text} at (199,90) size 4x19
          text run at (199,90) width 4: " "
        RenderTextControl {INPUT} at (205,84) size 195x28 [bgcolor=#FFFFFF]
          RenderDeprecatedFlexibleBox {DIV} at (4,6) size 188x18
            RenderBlock {DIV} at (0,9) size 0x0
            RenderBlock {DIV} at (0,0) size 188x18
            RenderBlock {DIV} at (188,9) size 0x0
        RenderText {#text} at (402,90) size 4x19
          text run at (402,90) width 4: " "
        RenderTextControl {INPUT} at (408,84) size 195x28 [bgcolor=#FFFFFF]
        RenderText {#text} at (0,0) size 0x0
        RenderTextControl {INPUT} at (2,116) size 195x28 [bgcolor=#FFFFFF]
          RenderDeprecatedFlexibleBox {DIV} at (4,6) size 188x18
            RenderBlock {DIV} at (0,9) size 0x0
            RenderBlock {DIV} at (0,0) size 188x18
            RenderBlock {DIV} at (188,9) size 0x0
        RenderText {#text} at (199,122) size 4x19
          text run at (199,122) width 4: " "
        RenderTextControl {INPUT} at (205,116) size 195x28 [bgcolor=#FFFFFF]
        RenderText {#text} at (0,0) size 0x0
      RenderBlock {P} at (0,358) size 784x82
        RenderText {#text} at (0,0) size 233x19
          text run at (0,0) width 233: "Dynamic style change text-overflow:"
        RenderBR {BR} at (233,0) size 0x19
        RenderText {#text} at (0,26) size 239x19
          text run at (0,26) width 239: "Clip to ellipsis (should show ellipsis): "
        RenderTextControl {INPUT} at (241,20) size 195x28 [bgcolor=#FFFFFF]
        RenderText {#text} at (438,26) size 4x19
          text run at (438,26) width 4: " "
        RenderTextControl {INPUT} at (444,20) size 195x28 [bgcolor=#FFFFFF]
        RenderText {#text} at (641,26) size 4x19
          text run at (641,26) width 4: " "
        RenderBR {BR} at (0,0) size 0x0
        RenderText {#text} at (0,58) size 262x19
          text run at (0,58) width 262: "Ellipsis to clip (should not show ellipsis): "
        RenderTextControl {INPUT} at (264,52) size 195x28 [bgcolor=#FFFFFF]
        RenderText {#text} at (461,58) size 4x19
          text run at (461,58) width 4: " "
        RenderTextControl {INPUT} at (467,52) size 195x28 [bgcolor=#FFFFFF]
        RenderText {#text} at (664,58) size 4x19
          text run at (664,58) width 4: " "
        RenderBR {BR} at (0,0) size 0x0
layer at (14,76) size 188x18
  RenderBlock {DIV} at (4,6) size 188x18
layer at (14,76) size 188x18 scrollWidth 385 scrollHeight 19
  RenderBlock {DIV} at (4,6) size 188x18 [color=#A9A9A9]
    RenderText {#text} at (1,0) size 383x19
      text run at (1,0) width 383: "Lorem ipsum dolor sit amet, consectetur adipiscing elit"
layer at (217,76) size 188x18
  RenderBlock {DIV} at (0,0) size 188x18
layer at (217,76) size 188x18 scrollWidth 385 scrollHeight 19
  RenderBlock {DIV} at (4,6) size 188x18 [color=#A9A9A9]
    RenderText {#text} at (1,0) size 383x19
      text run at (1,0) width 383: "Lorem ipsum dolor sit amet, consectetur adipiscing elit"
layer at (420,76) size 188x18 scrollWidth 385 scrollHeight 19
  RenderBlock {DIV} at (4,6) size 188x18
    RenderText {#text} at (1,0) size 383x19
      text run at (1,0) width 383: "Lorem ipsum dolor sit amet, consectetur adipiscing elit"
layer at (14,108) size 188x18 scrollWidth 385 scrollHeight 19
  RenderBlock {DIV} at (0,0) size 188x18
    RenderText {#text} at (1,0) size 383x19
      text run at (1,0) width 383: "Lorem ipsum dolor sit amet, consectetur adipiscing elit"
layer at (217,108) size 188x18 scrollWidth 332 scrollHeight 19
  RenderBlock {DIV} at (4,6) size 188x18
    RenderText {#text} at (1,0) size 330x19
      text run at (1,0) width 330: "\x{2022}\x{2022}\x{2022}\x{2022}\x{2022}\x{2022}\x{2022}\x{2022}\x{2022}\x{2022}\x{2022}\x{2022}\x{2022}\x{2022}\x{2022}\x{2022}\x{2022}\x{2022}\x{2022}\x{2022}\x{2022}\x{2022}\x{2022}\x{2022}\x{2022}\x{2022}\x{2022}\x{2022}\x{2022}\x{2022}\x{2022}\x{2022}\x{2022}\x{2022}\x{2022}\x{2022}\x{2022}\x{2022}\x{2022}\x{2022}\x{2022}\x{2022}\x{2022}\x{2022}\x{2022}\x{2022}\x{2022}\x{2022}\x{2022}\x{2022}\x{2022}\x{2022}\x{2022}\x{2022}\x{2022}"
layer at (14,140) size 188x18
  RenderBlock {DIV} at (4,6) size 188x18
layer at (14,140) size 188x18 scrollX 196 scrollWidth 384 scrollHeight 19
  RenderBlock {DIV} at (4,6) size 188x18 [color=#A9A9A9]
    RenderText {#text} at (-196,0) size 383x19
      text run at (-196,0) width 383: "Lorem ipsum dolor sit amet, consectetur adipiscing elit"
layer at (217,140) size 188x18
  RenderBlock {DIV} at (0,0) size 188x18
layer at (217,140) size 188x18 scrollX 196 scrollWidth 384 scrollHeight 19
  RenderBlock {DIV} at (4,6) size 188x18 [color=#A9A9A9]
    RenderText {#text} at (-196,0) size 383x19
      text run at (-196,0) width 383: "Lorem ipsum dolor sit amet, consectetur adipiscing elit"
layer at (420,140) size 188x18 scrollX 196 scrollWidth 384 scrollHeight 19
  RenderBlock {DIV} at (4,6) size 188x18
    RenderText {#text} at (-196,0) size 383x19
      text run at (-196,0) width 383: "Lorem ipsum dolor sit amet, consectetur adipiscing elit"
layer at (14,172) size 188x18 scrollX 196 scrollWidth 384 scrollHeight 19
  RenderBlock {DIV} at (0,0) size 188x18
    RenderText {#text} at (-196,0) size 383x19
      text run at (-196,0) width 383: "Lorem ipsum dolor sit amet, consectetur adipiscing elit"
layer at (217,172) size 188x18 scrollX 143 scrollWidth 331 scrollHeight 19
  RenderBlock {DIV} at (4,6) size 188x18
    RenderText {#text} at (-143,0) size 330x19
      text run at (-143,0) width 330 RTL: "\x{2022}\x{2022}\x{2022}\x{2022}\x{2022}\x{2022}\x{2022}\x{2022}\x{2022}\x{2022}\x{2022}\x{2022}\x{2022}\x{2022}\x{2022}\x{2022}\x{2022}\x{2022}\x{2022}\x{2022}\x{2022}\x{2022}\x{2022}\x{2022}\x{2022}\x{2022}\x{2022}\x{2022}\x{2022}\x{2022}\x{2022}\x{2022}\x{2022}\x{2022}\x{2022}\x{2022}\x{2022}\x{2022}\x{2022}\x{2022}\x{2022}\x{2022}\x{2022}\x{2022}\x{2022}\x{2022}\x{2022}\x{2022}\x{2022}\x{2022}\x{2022}\x{2022}\x{2022}\x{2022}\x{2022}"
layer at (14,238) size 188x18
  RenderBlock {DIV} at (4,6) size 188x18
layer at (14,238) size 188x18 scrollWidth 385 scrollHeight 19
  RenderBlock {DIV} at (4,6) size 188x18 [color=#A9A9A9]
    RenderText {#text} at (1,0) size 383x19
      text run at (1,0) width 383: "Lorem ipsum dolor sit amet, consectetur adipiscing elit"
layer at (217,238) size 188x18
  RenderBlock {DIV} at (0,0) size 188x18
layer at (217,238) size 188x18 scrollWidth 385 scrollHeight 19
  RenderBlock {DIV} at (4,6) size 188x18 [color=#A9A9A9]
    RenderText {#text} at (1,0) size 383x19
      text run at (1,0) width 383: "Lorem ipsum dolor sit amet, consectetur adipiscing elit"
layer at (420,238) size 188x18 scrollWidth 385 scrollHeight 19
  RenderBlock {DIV} at (4,6) size 188x18
    RenderText {#text} at (1,0) size 383x19
      text run at (1,0) width 383: "Lorem ipsum dolor sit amet, consectetur adipiscing elit"
layer at (14,270) size 188x18 scrollWidth 385 scrollHeight 19
  RenderBlock {DIV} at (0,0) size 188x18
    RenderText {#text} at (1,0) size 383x19
      text run at (1,0) width 383: "Lorem ipsum dolor sit amet, consectetur adipiscing elit"
layer at (217,270) size 188x18 scrollWidth 332 scrollHeight 19
  RenderBlock {DIV} at (4,6) size 188x18
    RenderText {#text} at (1,0) size 330x19
      text run at (1,0) width 330: "\x{2022}\x{2022}\x{2022}\x{2022}\x{2022}\x{2022}\x{2022}\x{2022}\x{2022}\x{2022}\x{2022}\x{2022}\x{2022}\x{2022}\x{2022}\x{2022}\x{2022}\x{2022}\x{2022}\x{2022}\x{2022}\x{2022}\x{2022}\x{2022}\x{2022}\x{2022}\x{2022}\x{2022}\x{2022}\x{2022}\x{2022}\x{2022}\x{2022}\x{2022}\x{2022}\x{2022}\x{2022}\x{2022}\x{2022}\x{2022}\x{2022}\x{2022}\x{2022}\x{2022}\x{2022}\x{2022}\x{2022}\x{2022}\x{2022}\x{2022}\x{2022}\x{2022}\x{2022}\x{2022}\x{2022}"
layer at (14,302) size 188x18
  RenderBlock {DIV} at (4,6) size 188x18
layer at (14,302) size 188x18 scrollX 196 scrollWidth 384 scrollHeight 19
  RenderBlock {DIV} at (4,6) size 188x18 [color=#A9A9A9]
    RenderText {#text} at (-196,0) size 383x19
      text run at (-196,0) width 383: "Lorem ipsum dolor sit amet, consectetur adipiscing elit"
layer at (217,302) size 188x18
  RenderBlock {DIV} at (0,0) size 188x18
layer at (217,302) size 188x18 scrollX 196 scrollWidth 384 scrollHeight 19
  RenderBlock {DIV} at (4,6) size 188x18 [color=#A9A9A9]
    RenderText {#text} at (-196,0) size 383x19
      text run at (-196,0) width 383: "Lorem ipsum dolor sit amet, consectetur adipiscing elit"
layer at (420,302) size 188x18 scrollX 196 scrollWidth 384 scrollHeight 19
  RenderBlock {DIV} at (4,6) size 188x18
    RenderText {#text} at (-196,0) size 383x19
      text run at (-196,0) width 383: "Lorem ipsum dolor sit amet, consectetur adipiscing elit"
layer at (14,334) size 188x18 scrollX 196 scrollWidth 384 scrollHeight 19
  RenderBlock {DIV} at (0,0) size 188x18
    RenderText {#text} at (-196,0) size 383x19
      text run at (-196,0) width 383: "Lorem ipsum dolor sit amet, consectetur adipiscing elit"
layer at (217,334) size 188x18 scrollX 143 scrollWidth 331 scrollHeight 19
  RenderBlock {DIV} at (4,6) size 188x18
    RenderText {#text} at (-143,0) size 330x19
      text run at (-143,0) width 330 RTL: "\x{2022}\x{2022}\x{2022}\x{2022}\x{2022}\x{2022}\x{2022}\x{2022}\x{2022}\x{2022}\x{2022}\x{2022}\x{2022}\x{2022}\x{2022}\x{2022}\x{2022}\x{2022}\x{2022}\x{2022}\x{2022}\x{2022}\x{2022}\x{2022}\x{2022}\x{2022}\x{2022}\x{2022}\x{2022}\x{2022}\x{2022}\x{2022}\x{2022}\x{2022}\x{2022}\x{2022}\x{2022}\x{2022}\x{2022}\x{2022}\x{2022}\x{2022}\x{2022}\x{2022}\x{2022}\x{2022}\x{2022}\x{2022}\x{2022}\x{2022}\x{2022}\x{2022}\x{2022}\x{2022}\x{2022}"
layer at (253,400) size 188x18
  RenderBlock {DIV} at (4,6) size 188x18
layer at (253,400) size 188x18 scrollWidth 385 scrollHeight 19
  RenderBlock {DIV} at (4,6) size 188x18 [color=#A9A9A9]
    RenderText {#text} at (1,0) size 383x19
      text run at (1,0) width 383: "Lorem ipsum dolor sit amet, consectetur adipiscing elit"
layer at (456,400) size 188x18 scrollWidth 385 scrollHeight 19
  RenderBlock {DIV} at (4,6) size 188x18
    RenderText {#text} at (1,0) size 383x19
      text run at (1,0) width 383: "Lorem ipsum dolor sit amet, consectetur adipiscing elit"
layer at (276,432) size 188x18
  RenderBlock {DIV} at (4,6) size 188x18
layer at (276,432) size 188x18 scrollWidth 385 scrollHeight 19
  RenderBlock {DIV} at (4,6) size 188x18 [color=#A9A9A9]
    RenderText {#text} at (1,0) size 383x19
      text run at (1,0) width 383: "Lorem ipsum dolor sit amet, consectetur adipiscing elit"
layer at (479,432) size 188x18 scrollWidth 385 scrollHeight 19
  RenderBlock {DIV} at (4,6) size 188x18
    RenderText {#text} at (1,0) size 383x19
      text run at (1,0) width 383: "Lorem ipsum dolor sit amet, consectetur adipiscing elit"
