layer at (0,0) size 800x600
  RenderView at (0,0) size 800x600
layer at (0,0) size 800x227
  RenderBlock {HTML} at (0,0) size 800x227
    RenderBody {BODY} at (8,23) size 784x196
      RenderBlock {P} at (0,0) size 784x53
        RenderText {#text} at (0,0) size 446x26
          text run at (0,0) width 446: "This test checks that text input fields handle the "
        RenderInline {CODE} at (0,0) size 231x22
          RenderText {#text} at (446,5) size 231x22
            text run at (446,5) width 231: "-webkit-border-radius"
        RenderText {#text} at (677,0) size 724x53
          text run at (677,0) width 47: " CSS"
          text run at (0,27) width 386: "property correctly, or degrade gracefully."
      RenderBlock {P} at (0,76) size 784x52
        RenderText {#text} at (0,0) size 761x52
          text run at (0,0) width 761: "If the test passes, you will see a text entry field containing \"default text\" inside the"
          text run at (0,26) width 147: "grey div below."
      RenderBlock {DIV} at (0,151) size 163x45 [bgcolor=#888888]
        RenderTextControl {INPUT} at (11,9) size 133x36 [color=#202020]
          RenderDeprecatedFlexibleBox {DIV} at (4,6) size 126x26
            RenderBlock {DIV} at (0,13) size 0x0
            RenderBlock {DIV} at (0,0) size 126x26
              RenderBlock {DIV} at (0,0) size 126x26
                RenderText {#text} at (1,0) size 112x26
                  text run at (1,0) width 112: "default text"
            RenderBlock {DIV} at (126,13) size 0x0
        RenderText {#text} at (0,0) size 0x0
