layer at (0,0) size 785x912
  RenderView at (0,0) size 785x600
layer at (0,0) size 785x912
  RenderBlock {HTML} at (0,0) size 785x912
    RenderBody {BODY} at (8,8) size 769x884
      RenderBlock (anonymous) at (0,0) size 769x182
        RenderText {#text} at (0,0) size 742x52
          text run at (0,0) width 742: "This tests checks that the text-overflow:ellipsis property is handled correctly for"
          text run at (0,26) width 82: "bidi text."
        RenderBR {BR} at (82,47) size 0x0
        RenderBR {BR} at (0,52) size 0x26
        RenderText {#text} at (0,78) size 711x52
          text run at (0,78) width 711: "Pass if the ellipsis do not overlap the text and the underlines for the links are"
          text run at (0,104) width 386: "placed under the text and not the ellipsis. "
        RenderBR {BR} at (386,125) size 0x0
        RenderBR {BR} at (0,130) size 0x26
        RenderText {#text} at (0,156) size 49x26
          text run at (0,156) width 49: "RTL:"
      RenderBlock (anonymous) at (0,224) size 769x26
        RenderText {#text} at (0,0) size 138x26
          text run at (0,0) width 138: "RTL Override:"
      RenderBlock (anonymous) at (0,292) size 769x26
        RenderText {#text} at (0,0) size 91x26
          text run at (0,0) width 91: "RTL link:"
      RenderBlock (anonymous) at (0,360) size 769x26
        RenderText {#text} at (0,0) size 196x26
          text run at (0,0) width 196: "RTL with ltr content:"
      RenderBlock (anonymous) at (0,428) size 769x26
        RenderText {#text} at (0,0) size 238x26
          text run at (0,0) width 238: "RTL link with ltr content:"
      RenderBlock (anonymous) at (0,496) size 769x26
        RenderText {#text} at (0,0) size 91x26
          text run at (0,0) width 91: "LTR link:"
      RenderBlock (anonymous) at (0,564) size 769x26
        RenderText {#text} at (0,0) size 49x26
          text run at (0,0) width 49: "LTR:"
      RenderBlock (anonymous) at (0,632) size 769x26
        RenderText {#text} at (0,0) size 196x26
          text run at (0,0) width 196: "LTR with rtl content:"
      RenderBlock (anonymous) at (0,700) size 769x26
        RenderText {#text} at (0,0) size 262x26
          text run at (0,0) width 262: "LTR with forced rtl content:"
      RenderBlock (anonymous) at (0,768) size 769x26
        RenderText {#text} at (0,0) size 238x26
          text run at (0,0) width 238: "LTR link with rtl content:"
      RenderBlock (anonymous) at (0,836) size 769x26
        RenderText {#text} at (0,0) size 304x26
          text run at (0,0) width 304: "LTR link with forced rtl content:"
layer at (8,190) size 182x22 clip at (9,191) size 180x20 scrollX 366 scrollWidth 546 scrollHeight 26
  RenderBlock {DIV} at (0,182) size 182x22 [border: (1px solid #000000)]
    RenderText {#text} at (-365,1) size 546x26
      text run at (-365,1) width 546 RTL: "\x{5DB}\x{5E9}\x{5D4}\x{5D8}\x{5E7}\x{5E1}\x{5D8} \x{5E2}\x{5E8}\x{5D5}\x{5DA} \x{5DE}\x{5D3}\x{5D9} \x{5E0}\x{5E8}\x{5E6}\x{5D4} \x{5DC}\x{5D4}\x{5D5}\x{5E1}\x{5D9}\x{5E3} \x{5D0}\x{5DC}\x{5D9}\x{5E4}\x{5E1}\x{5D5}\x{5EA} \x{5D1}\x{5E1}\x{5D5}\x{5E3} \x{5E9}\x{5D5}\x{5E8}\x{5D4}"
layer at (8,258) size 182x22 clip at (9,259) size 180x20 scrollX 296 scrollWidth 476 scrollHeight 26
  RenderBlock {DIV} at (0,250) size 182x22 [border: (1px solid #000000)]
    RenderText {#text} at (-295,1) size 476x26
      text run at (-295,1) width 476 RTL override: "Lorem ipsum dolor sit amet, consectetur adipiscing"
layer at (8,326) size 182x22 clip at (9,327) size 180x20 scrollX 296 scrollWidth 476 scrollHeight 26
  RenderBlock {DIV} at (0,318) size 182x22 [border: (1px solid #000000)]
    RenderInline {A} at (0,0) size 476x26 [color=#0000EE]
      RenderText {#text} at (-295,1) size 476x26
        text run at (-295,1) width 476 RTL override: "Lorem ipsum dolor sit amet, consectetur adipiscing"
    RenderText {#text} at (0,0) size 0x0
layer at (8,394) size 182x22 clip at (9,395) size 180x20 scrollX 296 scrollWidth 476 scrollHeight 26
  RenderBlock {DIV} at (0,386) size 182x22 [border: (1px solid #000000)]
    RenderText {#text} at (-295,1) size 476x26
      text run at (-295,1) width 476: "Lorem ipsum dolor sit amet, consectetur adipiscing"
layer at (8,462) size 182x22 clip at (9,463) size 180x20 scrollX 296 scrollWidth 476 scrollHeight 26
  RenderBlock {DIV} at (0,454) size 182x22 [border: (1px solid #000000)]
    RenderInline {A} at (0,0) size 476x26 [color=#0000EE]
      RenderText {#text} at (-295,1) size 476x26
        text run at (-295,1) width 476: "Lorem ipsum dolor sit amet, consectetur adipiscing"
    RenderText {#text} at (0,0) size 0x0
layer at (8,530) size 182x22 clip at (9,531) size 180x20 scrollWidth 476 scrollHeight 26
  RenderBlock {DIV} at (0,522) size 182x22 [border: (1px solid #000000)]
    RenderInline {A} at (0,0) size 476x26 [color=#0000EE]
      RenderText {#text} at (1,1) size 476x26
        text run at (1,1) width 476: "Lorem ipsum dolor sit amet, consectetur adipiscing"
    RenderText {#text} at (0,0) size 0x0
layer at (8,598) size 182x22 clip at (9,599) size 180x20 scrollWidth 476 scrollHeight 26
  RenderBlock {DIV} at (0,590) size 182x22 [border: (1px solid #000000)]
    RenderText {#text} at (1,1) size 476x26
      text run at (1,1) width 476: "Lorem ipsum dolor sit amet, consectetur adipiscing"
layer at (8,666) size 182x22 clip at (9,667) size 180x20 scrollWidth 546 scrollHeight 26
  RenderBlock {DIV} at (0,658) size 182x22 [border: (1px solid #000000)]
    RenderText {#text} at (1,1) size 546x26
      text run at (1,1) width 546 RTL: "\x{5DB}\x{5E9}\x{5D4}\x{5D8}\x{5E7}\x{5E1}\x{5D8} \x{5E2}\x{5E8}\x{5D5}\x{5DA} \x{5DE}\x{5D3}\x{5D9} \x{5E0}\x{5E8}\x{5E6}\x{5D4} \x{5DC}\x{5D4}\x{5D5}\x{5E1}\x{5D9}\x{5E3} \x{5D0}\x{5DC}\x{5D9}\x{5E4}\x{5E1}\x{5D5}\x{5EA} \x{5D1}\x{5E1}\x{5D5}\x{5E3} \x{5E9}\x{5D5}\x{5E8}\x{5D4}"
layer at (8,734) size 182x22 clip at (9,735) size 180x20 scrollWidth 476 scrollHeight 26
  RenderBlock {DIV} at (0,726) size 182x22 [border: (1px solid #000000)]
    RenderInline {SPAN} at (0,0) size 476x26
      RenderText {#text} at (1,1) size 476x26
        text run at (1,1) width 476 RTL override: "Lorem ipsum dolor sit amet, consectetur adipiscing"
    RenderText {#text} at (0,0) size 0x0
layer at (8,802) size 182x22 clip at (9,803) size 180x20 scrollWidth 546 scrollHeight 26
  RenderBlock {DIV} at (0,794) size 182x22 [border: (1px solid #000000)]
    RenderInline {A} at (0,0) size 546x26 [color=#0000EE]
      RenderText {#text} at (1,1) size 546x26
        text run at (1,1) width 546 RTL: "\x{5DB}\x{5E9}\x{5D4}\x{5D8}\x{5E7}\x{5E1}\x{5D8} \x{5E2}\x{5E8}\x{5D5}\x{5DA} \x{5DE}\x{5D3}\x{5D9} \x{5E0}\x{5E8}\x{5E6}\x{5D4} \x{5DC}\x{5D4}\x{5D5}\x{5E1}\x{5D9}\x{5E3} \x{5D0}\x{5DC}\x{5D9}\x{5E4}\x{5E1}\x{5D5}\x{5EA} \x{5D1}\x{5E1}\x{5D5}\x{5E3} \x{5E9}\x{5D5}\x{5E8}\x{5D4}"
    RenderText {#text} at (0,0) size 0x0
layer at (8,870) size 182x22 clip at (9,871) size 180x20 scrollWidth 476 scrollHeight 26
  RenderBlock {DIV} at (0,862) size 182x22 [border: (1px solid #000000)]
    RenderInline {A} at (0,0) size 476x26 [color=#0000EE]
      RenderText {#text} at (0,0) size 0x0
      RenderInline {SPAN} at (0,0) size 476x26
        RenderText {#text} at (1,1) size 476x26
          text run at (1,1) width 476 RTL override: "Lorem ipsum dolor sit amet, consectetur adipiscing"
      RenderText {#text} at (0,0) size 0x0
    RenderText {#text} at (0,0) size 0x0
