layer at (0,0) size 800x600
  RenderView at (0,0) size 800x600
layer at (0,0) size 800x600
  RenderBlock {HTML} at (0,0) size 800x600
    RenderBody {BODY} at (8,8) size 784x569
      RenderBlock {P} at (0,0) size 784x26
        RenderText {#text} at (0,0) size 76x26
          text run at (0,0) width 76: "Bullets: "
        RenderInline {SPAN} at (0,0) size 24x26
          RenderText {#text} at (76,0) size 24x26
            text run at (76,0) width 24: "\x{2022}\x{2022}\x{2022}"
        RenderText {#text} at (100,0) size 6x26
          text run at (100,0) width 6: "."
      RenderBlock {P} at (0,49) size 784x26
        RenderText {#text} at (0,0) size 86x26
          text run at (0,0) width 86: "Squares: "
        RenderInline {SPAN} at (0,0) size 42x26
          RenderText {#text} at (86,0) size 42x26
            text run at (86,0) width 42: "\x{25A0}\x{25A0}\x{25A0}"
        RenderText {#text} at (128,0) size 6x26
          text run at (128,0) width 6: "."
      RenderBlock {P} at (0,98) size 784x26
        RenderText {#text} at (0,0) size 76x26
          text run at (0,0) width 76: "Circles: "
        RenderInline {SPAN} at (0,0) size 24x26
          RenderText {#text} at (76,0) size 24x26
            text run at (76,0) width 24: "\x{25E6}\x{25E6}\x{25E6}"
        RenderText {#text} at (100,0) size 6x26
          text run at (100,0) width 6: "."
      RenderBlock {P} at (0,147) size 784x26
        RenderText {#text} at (0,0) size 120x26
          text run at (0,0) width 120: "Plain letters: "
        RenderInline {SPAN} at (0,0) size 36x26
          RenderText {#text} at (120,0) size 36x26
            text run at (120,0) width 36: "xxx"
        RenderText {#text} at (156,0) size 6x26
          text run at (156,0) width 6: "."
      RenderBlock {P} at (0,196) size 784x26
        RenderText {#text} at (0,0) size 162x26
          text run at (0,0) width 162: "Bullets (invalid): "
        RenderInline {SPAN} at (0,0) size 24x26
          RenderText {#text} at (162,0) size 24x26
            text run at (162,0) width 24: "\x{2022}\x{2022}\x{2022}"
        RenderText {#text} at (186,0) size 6x26
          text run at (186,0) width 6: "."
      RenderBlock {P} at (0,245) size 784x26
        RenderText {#text} at (0,0) size 178x26
          text run at (0,0) width 178: "Bullets (dynamic): "
        RenderInline {SPAN} at (0,0) size 24x26
          RenderText {#text} at (178,0) size 24x26
            text run at (178,0) width 24: "\x{2022}\x{2022}\x{2022}"
        RenderText {#text} at (202,0) size 6x26
          text run at (202,0) width 6: "."
