layer at (0,0) size 800x600
  RenderView at (0,0) size 800x600
layer at (0,0) size 800x225
  RenderBlock {HTML} at (0,0) size 800x225
    RenderBody {BODY} at (8,23) size 784x194
      RenderBlock {P} at (0,0) size 784x26
        RenderText {#text} at (0,0) size 567x26
          text run at (0,0) width 567: "You should not see any pixel artifacts around the reflections."
      RenderBlock (anonymous) at (0,49) size 784x145
        RenderText {#text} at (140,119) size 6x26
          text run at (140,119) width 6: " "
        RenderText {#text} at (286,119) size 6x26
          text run at (286,119) width 6: " "
        RenderText {#text} at (0,0) size 0x0
layer at (28,92) size 100x100
  RenderBlock {DIV} at (20,20) size 100x100 [bgcolor=#000000]
layer at (174,92) size 100x100
  RenderBlock {DIV} at (166,20) size 100x100 [bgcolor=#000000]
layer at (320,92) size 100x100
  RenderBlock {DIV} at (312,20) size 100x100 [bgcolor=#000000]
