layer at (0,0) size 800x600
  RenderView at (0,0) size 800x600
layer at (0,0) size 800x600
  RenderBlock {HTML} at (0,0) size 800x600
    RenderBody {BODY} at (8,8) size 784x569
      RenderBlock {DIV} at (0,0) size 784x26
        RenderInline {SPAN} at (0,0) size 371x26
          RenderText {#text} at (0,0) size 371x26
            text run at (0,0) width 371: "This should not turn red when hovered."
        RenderText {#text} at (0,0) size 0x0
      RenderBlock {HR} at (0,37) size 784x2 [border: (1px inset #000000)]
      RenderBlock {P} at (0,62) size 784x53
        RenderText {#text} at (0,0) size 79x26
          text run at (0,0) width 79: "Test for "
        RenderInline {I} at (0,0) size 779x52
          RenderInline {A} at (0,0) size 518x26 [color=#0000EE]
            RenderText {#text} at (79,0) size 518x26
              text run at (79,0) width 518: "http://bugzilla.opendarwin.org/show_bug.cgi?id=7218"
          RenderText {#text} at (597,0) size 779x52
            text run at (597,0) width 182: " Text underlined on"
            text run at (0,26) width 107: "mouse over"
        RenderText {#text} at (107,26) size 145x26
          text run at (107,26) width 145: ". This tests that "
        RenderInline {CODE} at (0,0) size 77x22
          RenderText {#text} at (252,31) size 77x22
            text run at (252,31) width 77: "*:hover"
        RenderText {#text} at (329,26) size 388x26
          text run at (329,26) width 388: " does not match anything in quirks mode."
caret: position 1 of child 0 {#text} of child 1 {SPAN} of child 1 {DIV} of body
