layer at (0,0) size 800x600
  RenderView at (0,0) size 800x600
layer at (0,0) size 800x600
  RenderBlock {HTML} at (0,0) size 800x600
    RenderBody {BODY} at (8,8) size 470x582
      RenderBlock (anonymous) at (0,0) size 470x340
        RenderText {#text} at (0,0) size 332x19
          text run at (0,0) width 332: "This tests basic inputs. Here's what you should see: "
        RenderBR {BR} at (331,15) size 1x0
        RenderBR {BR} at (0,20) size 0x19
        RenderText {#text} at (0,40) size 462x59
          text run at (0,40) width 445: "first line: the letter \"a\" and then a text input field filled with repeating"
          text run at (0,60) width 86: "\"foobarbaz\", "
          text run at (85,60) width 377: "then the word \"text\" followed by a disabled text input field"
          text run at (0,80) width 336: "filled with \"foo\" and then the letter \"b\" and then \"a\" "
        RenderBR {BR} at (335,95) size 1x0
        RenderBR {BR} at (0,100) size 0x19
        RenderText {#text} at (0,120) size 469x59
          text run at (0,120) width 439: "second line: and then a password input field that's filled and then the"
          text run at (0,140) width 469: "word \"password\" and then a disabled password field that's filled and then"
          text run at (0,160) width 86: "the letter \"b\" "
        RenderBR {BR} at (85,175) size 1x0
        RenderBR {BR} at (0,180) size 0x19
        RenderText {#text} at (0,200) size 459x39
          text run at (0,200) width 459: "third line: the letter \"a\" and then a checkbox (unchecked) with the word"
          text run at (0,220) width 360: "\"checkbox\" and then a disabled checkbox and letter \"b\" "
        RenderBR {BR} at (359,235) size 1x0
        RenderBR {BR} at (0,240) size 0x19
        RenderText {#text} at (0,260) size 457x59
          text run at (0,260) width 411: "fourth line: the last line has the letter \"a\" and then a redio button"
          text run at (0,280) width 457: "(unselected) and then the word \"radio\" and then a disabled radio button"
          text run at (0,300) width 113: "and the letter \"b\" "
        RenderBR {BR} at (112,315) size 1x0
        RenderBR {BR} at (0,320) size 0x19
      RenderBlock {DIV} at (10,350) size 450x52 [border: (1px solid #FF0000)]
        RenderText {#text} at (1,2) size 8x19
          text run at (1,2) width 8: "a"
        RenderTextControl {INPUT} at (10,3) size 138x22 [bgcolor=#FFFFFF] [border: (1px solid #4C4C4C)]
        RenderText {#text} at (149,2) size 29x19
          text run at (149,2) width 29: "text "
        RenderText {#text} at (316,2) size 20x19
          text run at (316,2) width 13: "b "
          text run at (328,2) width 8: "a"
        RenderTextControl {INPUT} at (3,28) size 138x22 [bgcolor=#FFFFFF] [border: (1px solid #4C4C4C)]
          RenderFlexibleBox {DIV} at (6,3) size 125x15
            RenderBlock {DIV} at (0,0) size 125x14
        RenderText {#text} at (142,27) size 65x19
          text run at (142,27) width 65: "password "
        RenderText {#text} at (346,27) size 9x19
          text run at (346,27) width 9: "b"
      RenderBlock {DIV} at (10,412) size 450x24 [border: (1px solid #FF0000)]
        RenderText {#text} at (1,3) size 8x19
          text run at (1,3) width 8: "a"
        RenderBlock {INPUT} at (10,4) size 17x16 [bgcolor=#FFFFFF03] [border: (1px solid #4C4C4C)]
        RenderText {#text} at (28,3) size 66x19
          text run at (28,3) width 66: "checkbox "
        RenderText {#text} at (113,3) size 9x19
          text run at (113,3) width 9: "b"
      RenderBlock {DIV} at (10,446) size 450x24 [border: (1px solid #FF0000)]
        RenderText {#text} at (1,3) size 8x19
          text run at (1,3) width 8: "a"
        RenderBlock {INPUT} at (10,4) size 17x16 [bgcolor=#FFFFFF03] [border: (1px solid #4C4C4C)]
        RenderText {#text} at (28,3) size 37x19
          text run at (28,3) width 37: "radio "
        RenderText {#text} at (84,3) size 9x19
          text run at (84,3) width 9: "b"
layer at (35,364) size 124x14 scrollWidth 149
  RenderBlock {DIV} at (6,3) size 125x15
    RenderText {#text} at (0,0) size 147x14
      text run at (0,0) width 147: "foobarbazfoobarbazfoobarbaz"
layer at (28,389) size 124x14
  RenderBlock {DIV} at (0,0) size 125x14
    RenderText {#text} at (0,0) size 20x14
      text run at (0,0) width 20: "\x{25CF}\x{25CF}\x{25CF}"
layer at (197,361) size 136x21
  RenderTextControl {INPUT} at (179,3) size 136x22 [bgcolor=#FFFFFF] [border: (1px solid #4C4C4C)]
layer at (204,364) size 122x14
  RenderBlock {DIV} at (6,3) size 123x15 [color=#545454]
    RenderText {#text} at (0,0) size 16x14
      text run at (0,0) width 16: "foo"
layer at (227,386) size 135x21
  RenderTextControl {INPUT} at (208,28) size 137x22 [bgcolor=#FFFFFF] [border: (1px solid #4C4C4C)]
    RenderFlexibleBox {DIV} at (6,3) size 123x15
      RenderBlock {DIV} at (0,0) size 123x14
layer at (233,389) size 122x14
  RenderBlock {DIV} at (0,0) size 123x14 [color=#545454]
    RenderText {#text} at (0,0) size 20x14
      text run at (0,0) width 20: "\x{25CF}\x{25CF}\x{25CF}"
layer at (113,424) size 16x16
  RenderBlock {INPUT} at (95,4) size 17x16 [bgcolor=#FFFFFF03] [border: (1px solid #4C4C4C)]
layer at (85,458) size 16x16
  RenderBlock {INPUT} at (66,4) size 17x16 [bgcolor=#FFFFFF03] [border: (1px solid #4C4C4C)]
