layer at (0,0) size 800x600
  RenderView at (0,0) size 800x600
layer at (0,0) size 800x600
  RenderBlock {HTML} at (0,0) size 800x600
    RenderBody {BODY} at (8,8) size 784x584
      RenderText {#text} at (0,0) size 533x19
        text run at (0,0) width 533: "This tests that we don't honor line-height for controls that have restricted font size. "
      RenderBR {BR} at (0,0) size 0x0
      RenderMenuList {SELECT} at (2,22) size 280x20 [bgcolor=#FFFFFF03] [border: (1px solid #4C4C4C)]
        RenderBlock (anonymous) at (6,3) size 268x14
          RenderText at (0,0) size 248x14
            text run at (0,0) width 248: "This text should be centered vertically in the button"
      RenderText {#text} at (284,21) size 4x19
        text run at (284,21) width 4: " "
      RenderBR {BR} at (0,0) size 0x0
      RenderButton {INPUT} at (2,46) size 272x20 [bgcolor=#FFFFFF03] [border: (1px solid #4C4C4C)]
        RenderBlock (anonymous) at (12,1) size 248x26
          RenderText at (0,6) size 248x14
            text run at (0,6) width 248: "This text should be centered vertically in the button"
      RenderText {#text} at (275,49) size 5x19
        text run at (275,49) width 5: " "
      RenderBR {BR} at (0,0) size 0x0
      RenderTextControl {INPUT} at (2,71) size 138x34 [bgcolor=#FFFFFF] [border: (1px solid #4C4C4C)]
        RenderFlexibleBox {DIV} at (6,3) size 125x27
          RenderBlock {DIV} at (0,13) size 0x0
          RenderBlock {DIV} at (0,0) size 125x26
          RenderBlock {DIV} at (124,13) size 0x0
      RenderText {#text} at (0,0) size 0x0
layer at (17,82) size 124x26 scrollWidth 250
  RenderBlock {DIV} at (0,0) size 125x26
    RenderText {#text} at (0,6) size 248x14
      text run at (0,6) width 248: "This text should be centered vertically in the button"
