layer at (0,0) size 800x600
  RenderView at (0,0) size 800x600
layer at (0,0) size 800x600
  RenderBlock {HTML} at (0,0) size 800x600
    RenderBody {BODY} at (8,8) size 784x576
      RenderBlock (anonymous) at (0,0) size 784x25
        RenderTextControl {INPUT} at (2,2) size 138x22 [bgcolor=#FFFFFF] [border: (1px solid #4C4C4C)]
        RenderText {#text} at (0,0) size 0x0
      RenderBlock {P} at (0,41) size 784x40
        RenderText {#text} at (0,0) size 778x39
          text run at (0,0) width 778: "Tests clicking on an input element that has a value that self-destructs. If the test succeeds, there should be a blinking caret"
          text run at (0,20) width 102: "in the text field."
layer at (17,13) size 124x14
  RenderBlock {DIV} at (6,3) size 125x15
    RenderText {#text} at (0,0) size 55x14
      text run at (0,0) width 55: "click to edit"
