layer at (0,0) size 800x600
  RenderView at (0,0) size 800x600
layer at (0,0) size 800x600
  RenderBlock {HTML} at (0,0) size 800x600
    RenderBody {BODY} at (8,8) size 784x584
      RenderText {#text} at (0,0) size 579x19
        text run at (0,0) width 579: "This tests that background color and background images can be set on the new text fields. "
      RenderBR {BR} at (578,15) size 1x0
      RenderTextControl {INPUT} at (2,22) size 138x22 [bgcolor=#FFC0CB] [border: (1px solid #4C4C4C)]
      RenderText {#text} at (141,21) size 5x19
        text run at (141,21) width 5: " "
      RenderBR {BR} at (145,36) size 1x0
      RenderTextControl {INPUT} at (2,47) size 138x22 [bgcolor=#FFFFFF] [border: (1px solid #4C4C4C)]
      RenderText {#text} at (0,0) size 0x0
layer at (17,33) size 124x14
  RenderBlock {DIV} at (6,3) size 125x15
    RenderText {#text} at (0,0) size 98x14
      text run at (0,0) width 98: "This should be pink."
layer at (17,58) size 124x14
  RenderBlock {DIV} at (6,3) size 125x15
