layer at (0,0) size 800x600
  RenderView at (0,0) size 800x600
layer at (0,0) size 800x600
  RenderBlock {HTML} at (0,0) size 800x600
    RenderBody {BODY} at (8,8) size 784x584
      RenderText {#text} at (0,0) size 353x19
        text run at (0,0) width 353: "This tests that the new text fields use the correct width."
      RenderBR {BR} at (352,15) size 1x0
      RenderTextControl {INPUT} at (2,22) size 138x22 [bgcolor=#FFFFFF] [border: (1px solid #4C4C4C)]
      RenderBR {BR} at (141,36) size 1x0
      RenderTextControl {INPUT} at (0,47) size 200x22 [bgcolor=#FFFFFF] [border: (1px solid #4C4C4C)]
      RenderBR {BR} at (200,61) size 0x0
      RenderTextControl {INPUT} at (2,72) size 321x22 [bgcolor=#FFFFFF] [border: (1px solid #4C4C4C)]
      RenderBR {BR} at (324,86) size 1x0
      RenderTextControl {INPUT} at (0,97) size 200x22 [bgcolor=#FFFFFF] [border: (1px solid #4C4C4C)]
      RenderBR {BR} at (200,111) size 0x0
      RenderTextControl {INPUT} at (2,122) size 77x22 [bgcolor=#FFFFFF] [border: (1px solid #4C4C4C)]
      RenderBR {BR} at (80,136) size 1x0
layer at (17,33) size 124x14
  RenderBlock {DIV} at (6,3) size 125x15
layer at (15,58) size 187x14
  RenderBlock {DIV} at (6,3) size 188x15
    RenderText {#text} at (0,0) size 91x14
      text run at (0,0) width 91: "styled width 200px"
layer at (17,83) size 307x14
  RenderBlock {DIV} at (6,3) size 309x15
    RenderText {#text} at (0,0) size 35x14
      text run at (0,0) width 35: "size 50"
layer at (15,108) size 187x14
  RenderBlock {DIV} at (6,3) size 188x15
    RenderText {#text} at (0,0) size 143x14
      text run at (0,0) width 143: "styled width 200px & size=10"
layer at (17,133) size 63x14
  RenderBlock {DIV} at (6,3) size 64x15
    RenderText {#text} at (0,0) size 35x14
      text run at (0,0) width 35: "size 10"
