layer at (0,0) size 800x600
  RenderView at (0,0) size 800x600
layer at (0,0) size 800x600
  RenderBlock {HTML} at (0,0) size 800x600
    RenderBody {BODY} at (8,8) size 784x576
      RenderBlock {P} at (0,0) size 784x40
        RenderText {#text} at (0,0) size 765x39
          text run at (0,0) width 765: "Results that match WinIE are two columns on the right that say \"after\" every time, except for the last row which should"
          text run at (0,20) width 196: "have nothing in either column."
      RenderBlock {P} at (0,56) size 784x20
        RenderText {#text} at (0,0) size 726x19
          text run at (0,0) width 726: "Results that match Gecko are like WinIE, but with \"before\" for the attribute in the first two rows and the last row."
      RenderBlock {HR} at (0,92) size 784x2 [border: (1px inset #000000)]
      RenderBlock {FORM} at (0,102) size 784x405
        RenderTable {TABLE} at (0,0) size 765x405
          RenderTableSection {THEAD} at (0,0) size 765x26
            RenderTableRow {TR} at (0,2) size 765x22
              RenderTableCell {TH} at (2,2) size 392x22 [r=0 c=0 rs=1 cs=1]
                RenderText {#text} at (1,1) size 57x19
                  text run at (1,1) width 57: "test case"
              RenderTableCell {TH} at (395,2) size 240x22 [r=0 c=1 rs=1 cs=1]
                RenderText {#text} at (1,1) size 92x19
                  text run at (1,1) width 92: "form element"
              RenderTableCell {TH} at (636,2) size 63x22 [r=0 c=2 rs=1 cs=1]
                RenderText {#text} at (1,1) size 61x19
                  text run at (1,1) width 61: "property"
              RenderTableCell {TH} at (700,2) size 63x22 [r=0 c=3 rs=1 cs=1]
                RenderText {#text} at (1,1) size 61x19
                  text run at (1,1) width 61: "attribute"
          RenderTableSection {TBODY} at (0,26) size 765x379
            RenderTableRow {TR} at (0,0) size 765x27
              RenderTableCell {TD} at (2,2) size 392x23 [r=0 c=0 rs=1 cs=1]
                RenderText {#text} at (1,1) size 211x20
                  text run at (1,2) width 211: "text with value property changed"
              RenderTableCell {TD} at (395,0) size 240x27 [r=0 c=1 rs=1 cs=1]
                RenderTextControl {INPUT} at (3,3) size 138x22 [bgcolor=#FFFFFF] [border: (1px solid #4C4C4C)]
              RenderTableCell {TD} at (636,2) size 63x23 [r=0 c=2 rs=1 cs=1]
                RenderText {#text} at (1,1) size 30x20
                  text run at (1,2) width 30: "after"
              RenderTableCell {TD} at (700,2) size 63x23 [r=0 c=3 rs=1 cs=1]
                RenderText {#text} at (1,1) size 41x20
                  text run at (1,2) width 41: "before"
            RenderTableRow {TR} at (0,29) size 765x27
              RenderTableCell {TD} at (2,31) size 392x23 [r=1 c=0 rs=1 cs=1]
                RenderText {#text} at (1,1) size 248x20
                  text run at (1,2) width 248: "password with value property changed"
              RenderTableCell {TD} at (395,29) size 240x27 [r=1 c=1 rs=1 cs=1]
                RenderTextControl {INPUT} at (3,3) size 138x22 [bgcolor=#FFFFFF] [border: (1px solid #4C4C4C)]
                  RenderFlexibleBox {DIV} at (6,3) size 125x15
                    RenderBlock {DIV} at (0,0) size 125x14
              RenderTableCell {TD} at (636,31) size 63x23 [r=1 c=2 rs=1 cs=1]
                RenderText {#text} at (1,1) size 30x20
                  text run at (1,2) width 30: "after"
              RenderTableCell {TD} at (700,31) size 63x23 [r=1 c=3 rs=1 cs=1]
                RenderText {#text} at (1,1) size 41x20
                  text run at (1,2) width 41: "before"
            RenderTableRow {TR} at (0,58) size 765x24
              RenderTableCell {TD} at (2,59) size 392x22 [r=2 c=0 rs=1 cs=1]
                RenderText {#text} at (1,1) size 252x19
                  text run at (1,1) width 252: "check box with value property changed"
              RenderTableCell {TD} at (395,58) size 240x24 [r=2 c=1 rs=1 cs=1]
                RenderBlock {INPUT} at (3,4) size 16x16 [bgcolor=#FFFFFF03] [border: (1px solid #4C4C4C)]
              RenderTableCell {TD} at (636,59) size 63x22 [r=2 c=2 rs=1 cs=1]
                RenderText {#text} at (1,1) size 30x19
                  text run at (1,1) width 30: "after"
              RenderTableCell {TD} at (700,59) size 63x22 [r=2 c=3 rs=1 cs=1]
                RenderText {#text} at (1,1) size 30x19
                  text run at (1,1) width 30: "after"
            RenderTableRow {TR} at (0,84) size 765x22
              RenderTableCell {TD} at (2,84) size 392x22 [r=3 c=0 rs=1 cs=1]
                RenderText {#text} at (1,1) size 231x19
                  text run at (1,1) width 231: "hidden with value property changed"
              RenderTableCell {TD} at (395,94) size 240x2 [r=3 c=1 rs=1 cs=1]
              RenderTableCell {TD} at (636,84) size 63x22 [r=3 c=2 rs=1 cs=1]
                RenderText {#text} at (1,1) size 30x19
                  text run at (1,1) width 30: "after"
              RenderTableCell {TD} at (700,84) size 63x22 [r=3 c=3 rs=1 cs=1]
                RenderText {#text} at (1,1) size 30x19
                  text run at (1,1) width 30: "after"
            RenderTableRow {TR} at (0,108) size 765x26
              RenderTableCell {TD} at (2,110) size 392x22 [r=4 c=0 rs=1 cs=1]
                RenderText {#text} at (1,1) size 228x19
                  text run at (1,1) width 228: "button with value property changed"
              RenderTableCell {TD} at (395,108) size 240x26 [r=4 c=1 rs=1 cs=1]
                RenderButton {INPUT} at (3,3) size 47x20 [bgcolor=#FFFFFF03] [border: (1px solid #4C4C4C)]
                  RenderBlock (anonymous) at (12,3) size 23x14
                    RenderText at (0,0) size 23x14
                      text run at (0,0) width 23: "after"
              RenderTableCell {TD} at (636,110) size 63x22 [r=4 c=2 rs=1 cs=1]
                RenderText {#text} at (1,1) size 30x19
                  text run at (1,1) width 30: "after"
              RenderTableCell {TD} at (700,110) size 63x22 [r=4 c=3 rs=1 cs=1]
                RenderText {#text} at (1,1) size 30x19
                  text run at (1,1) width 30: "after"
            RenderTableRow {TR} at (0,136) size 765x22
              RenderTableCell {TD} at (2,136) size 392x22 [r=5 c=0 rs=1 cs=1]
                RenderText {#text} at (1,1) size 226x19
                  text run at (1,1) width 226: "image with value property changed"
              RenderTableCell {TD} at (395,137) size 240x20 [r=5 c=1 rs=1 cs=1]
                RenderImage {INPUT} at (1,1) size 36x18
              RenderTableCell {TD} at (636,136) size 63x22 [r=5 c=2 rs=1 cs=1]
                RenderText {#text} at (1,1) size 30x19
                  text run at (1,1) width 30: "after"
              RenderTableCell {TD} at (700,136) size 63x22 [r=5 c=3 rs=1 cs=1]
                RenderText {#text} at (1,1) size 30x19
                  text run at (1,1) width 30: "after"
            RenderTableRow {TR} at (0,160) size 765x24
              RenderTableCell {TD} at (2,161) size 392x22 [r=6 c=0 rs=1 cs=1]
                RenderText {#text} at (1,1) size 220x19
                  text run at (1,1) width 220: "radio with value property changed"
              RenderTableCell {TD} at (395,160) size 240x24 [r=6 c=1 rs=1 cs=1]
                RenderBlock {INPUT} at (3,4) size 16x16 [bgcolor=#FFFFFF03] [border: (1px solid #4C4C4C)]
              RenderTableCell {TD} at (636,161) size 63x22 [r=6 c=2 rs=1 cs=1]
                RenderText {#text} at (1,1) size 30x19
                  text run at (1,1) width 30: "after"
              RenderTableCell {TD} at (700,161) size 63x22 [r=6 c=3 rs=1 cs=1]
                RenderText {#text} at (1,1) size 30x19
                  text run at (1,1) width 30: "after"
            RenderTableRow {TR} at (0,186) size 765x27
              RenderTableCell {TD} at (2,188) size 392x23 [r=7 c=0 rs=1 cs=1]
                RenderText {#text} at (1,1) size 210x20
                  text run at (1,2) width 210: "text with value attribute changed"
              RenderTableCell {TD} at (395,186) size 240x27 [r=7 c=1 rs=1 cs=1]
                RenderTextControl {INPUT} at (3,3) size 138x22 [bgcolor=#FFFFFF] [border: (1px solid #4C4C4C)]
              RenderTableCell {TD} at (636,188) size 63x23 [r=7 c=2 rs=1 cs=1]
                RenderText {#text} at (1,1) size 30x20
                  text run at (1,2) width 30: "after"
              RenderTableCell {TD} at (700,188) size 63x23 [r=7 c=3 rs=1 cs=1]
                RenderText {#text} at (1,1) size 30x20
                  text run at (1,2) width 30: "after"
            RenderTableRow {TR} at (0,215) size 765x24
              RenderTableCell {TD} at (2,216) size 392x22 [r=8 c=0 rs=1 cs=1]
                RenderText {#text} at (1,1) size 252x19
                  text run at (1,1) width 252: "check box with value attribute changed"
              RenderTableCell {TD} at (395,215) size 240x24 [r=8 c=1 rs=1 cs=1]
                RenderBlock {INPUT} at (3,4) size 16x16 [bgcolor=#FFFFFF03] [border: (1px solid #4C4C4C)]
              RenderTableCell {TD} at (636,216) size 63x22 [r=8 c=2 rs=1 cs=1]
                RenderText {#text} at (1,1) size 30x19
                  text run at (1,1) width 30: "after"
              RenderTableCell {TD} at (700,216) size 63x22 [r=8 c=3 rs=1 cs=1]
                RenderText {#text} at (1,1) size 30x19
                  text run at (1,1) width 30: "after"
            RenderTableRow {TR} at (0,241) size 765x24
              RenderTableCell {TD} at (2,242) size 392x22 [r=9 c=0 rs=1 cs=1]
                RenderText {#text} at (1,1) size 390x19
                  text run at (1,1) width 390: "text with value property changed, then turned into check box"
              RenderTableCell {TD} at (395,241) size 240x24 [r=9 c=1 rs=1 cs=1]
                RenderBlock {INPUT} at (3,4) size 16x16 [bgcolor=#FFFFFF03] [border: (1px solid #4C4C4C)]
              RenderTableCell {TD} at (636,242) size 63x22 [r=9 c=2 rs=1 cs=1]
                RenderText {#text} at (1,1) size 30x19
                  text run at (1,1) width 30: "after"
              RenderTableCell {TD} at (700,242) size 63x22 [r=9 c=3 rs=1 cs=1]
                RenderText {#text} at (1,1) size 30x19
                  text run at (1,1) width 30: "after"
            RenderTableRow {TR} at (0,267) size 765x27
              RenderTableCell {TD} at (2,269) size 392x23 [r=10 c=0 rs=1 cs=1]
                RenderText {#text} at (1,1) size 390x20
                  text run at (1,2) width 390: "check box with value property changed, then turned into text"
              RenderTableCell {TD} at (395,267) size 240x27 [r=10 c=1 rs=1 cs=1]
                RenderTextControl {INPUT} at (3,3) size 138x22 [bgcolor=#FFFFFF] [border: (1px solid #4C4C4C)]
              RenderTableCell {TD} at (636,269) size 63x23 [r=10 c=2 rs=1 cs=1]
                RenderText {#text} at (1,1) size 30x20
                  text run at (1,2) width 30: "after"
              RenderTableCell {TD} at (700,269) size 63x23 [r=10 c=3 rs=1 cs=1]
                RenderText {#text} at (1,1) size 30x20
                  text run at (1,2) width 30: "after"
            RenderTableRow {TR} at (0,296) size 765x24
              RenderTableCell {TD} at (2,297) size 392x22 [r=11 c=0 rs=1 cs=1]
                RenderText {#text} at (1,1) size 389x19
                  text run at (1,1) width 389: "text with value attribute changed, then turned into check box"
              RenderTableCell {TD} at (395,296) size 240x24 [r=11 c=1 rs=1 cs=1]
                RenderBlock {INPUT} at (3,4) size 16x16 [bgcolor=#FFFFFF03] [border: (1px solid #4C4C4C)]
              RenderTableCell {TD} at (636,297) size 63x22 [r=11 c=2 rs=1 cs=1]
                RenderText {#text} at (1,1) size 30x19
                  text run at (1,1) width 30: "after"
              RenderTableCell {TD} at (700,297) size 63x22 [r=11 c=3 rs=1 cs=1]
                RenderText {#text} at (1,1) size 30x19
                  text run at (1,1) width 30: "after"
            RenderTableRow {TR} at (0,322) size 765x27
              RenderTableCell {TD} at (2,324) size 392x23 [r=12 c=0 rs=1 cs=1]
                RenderText {#text} at (1,1) size 389x20
                  text run at (1,2) width 389: "check box with value attribute changed, then turned into text"
              RenderTableCell {TD} at (395,322) size 240x27 [r=12 c=1 rs=1 cs=1]
                RenderTextControl {INPUT} at (3,3) size 138x22 [bgcolor=#FFFFFF] [border: (1px solid #4C4C4C)]
              RenderTableCell {TD} at (636,324) size 63x23 [r=12 c=2 rs=1 cs=1]
                RenderText {#text} at (1,1) size 30x20
                  text run at (1,2) width 30: "after"
              RenderTableCell {TD} at (700,324) size 63x23 [r=12 c=3 rs=1 cs=1]
                RenderText {#text} at (1,1) size 30x20
                  text run at (1,2) width 30: "after"
            RenderTableRow {TR} at (0,351) size 765x26
              RenderTableCell {TD} at (2,353) size 392x22 [r=13 c=0 rs=1 cs=1]
                RenderText {#text} at (1,1) size 208x19
                  text run at (1,1) width 208: "file with value property changed"
              RenderTableCell {TD} at (395,351) size 240x26 [r=13 c=1 rs=1 cs=1]
                RenderFileUploadControl {INPUT} at (3,3) size 233x20 "no file selected"
                  RenderButton {INPUT} at (0,0) size 83x20 [bgcolor=#FFFFFF03] [border: (1px solid #4C4C4C)]
                    RenderBlock (anonymous) at (12,3) size 59x14
                      RenderText at (0,0) size 59x14
                        text run at (0,0) width 59: "Choose File"
              RenderTableCell {TD} at (636,363) size 63x2 [r=13 c=2 rs=1 cs=1]
              RenderTableCell {TD} at (700,353) size 63x22 [r=13 c=3 rs=1 cs=1]
                RenderText {#text} at (1,1) size 41x19
                  text run at (1,1) width 41: "before"
layer at (413,142) size 124x14
  RenderBlock {DIV} at (6,3) size 125x15
    RenderText {#text} at (0,0) size 32x14
      text run at (0,0) width 32: "before"
layer at (413,171) size 124x14
  RenderBlock {DIV} at (0,0) size 125x14
    RenderText {#text} at (0,0) size 40x14
      text run at (0,0) width 40: "\x{25CF}\x{25CF}\x{25CF}\x{25CF}\x{25CF}\x{25CF}"
layer at (413,328) size 124x14
  RenderBlock {DIV} at (6,3) size 125x15
    RenderText {#text} at (0,0) size 23x14
      text run at (0,0) width 23: "after"
layer at (413,409) size 124x14
  RenderBlock {DIV} at (6,3) size 125x15
    RenderText {#text} at (0,0) size 23x14
      text run at (0,0) width 23: "after"
layer at (413,464) size 124x14
  RenderBlock {DIV} at (6,3) size 125x15
    RenderText {#text} at (0,0) size 23x14
      text run at (0,0) width 23: "after"
