layer at (0,0) size 800x600
  RenderView at (0,0) size 800x600
layer at (0,0) size 800x600
  RenderBlock {HTML} at (0,0) size 800x600
    RenderBody {BODY} at (8,8) size 784x584
      RenderBlock {P} at (0,0) size 784x19
        RenderText {#text} at (0,0) size 53x19
          text run at (0,0) width 53: "Test for "
        RenderInline {I} at (0,0) size 655x19
          RenderInline {A} at (0,0) size 348x19 [color=#0000EE]
            RenderText {#text} at (53,0) size 348x19
              text run at (53,0) width 348: "http://bugzilla.opendarwin.org/show_bug.cgi?id=7761"
          RenderText {#text} at (401,0) size 307x19
            text run at (401,0) width 307: " Tabs in class attribute not treated as whitespace"
        RenderText {#text} at (708,0) size 4x19
          text run at (708,0) width 4: "."
      RenderBlock {P} at (0,35) size 784x19
        RenderText {#text} at (0,0) size 233x19
          text run at (0,0) width 233: "All of the following should be green:"
      RenderBlock {DIV} at (0,70) size 784x19 [color=#008000]
        RenderText {#text} at (0,0) size 57x19
          text run at (0,0) width 57: "Tab after"
      RenderBlock {DIV} at (0,89) size 784x19 [color=#008000]
        RenderText {#text} at (0,0) size 69x19
          text run at (0,0) width 69: "Tab before"
      RenderBlock {DIV} at (0,108) size 784x19 [color=#008000]
        RenderText {#text} at (0,0) size 86x19
          text run at (0,0) width 86: "Newline after"
      RenderBlock {DIV} at (0,127) size 784x19 [color=#008000]
        RenderText {#text} at (0,0) size 98x19
          text run at (0,0) width 98: "Newline before"
      RenderBlock {DIV} at (0,146) size 784x19 [color=#008000]
        RenderText {#text} at (0,0) size 76x19
          text run at (0,0) width 76: "Spaces after"
      RenderBlock {DIV} at (0,165) size 784x19 [color=#008000]
        RenderText {#text} at (0,0) size 88x19
          text run at (0,0) width 88: "Spaces before"
      RenderBlock {DIV} at (0,184) size 784x19 [color=#008000]
        RenderText {#text} at (0,0) size 54x19
          text run at (0,0) width 54: "CR after"
      RenderBlock {DIV} at (0,203) size 784x19 [color=#008000]
        RenderText {#text} at (0,0) size 66x19
          text run at (0,0) width 66: "CR before"
