layer at (0,0) size 800x600
  RenderView at (0,0) size 800x600
layer at (0,0) size 800x84
  RenderBlock {test} at (0,0) size 800x84
    RenderBlock {p} at (0,16) size 800x18 [color=#FFFFFF] [bgcolor=#008000]
      RenderText {#text} at (0,0) size 163x18
        text run at (0,0) width 163: "This line should be green."
    RenderBlock {p} at (0,50) size 800x18 [color=#FFFFFF] [bgcolor=#008000]
      RenderText {#text} at (0,0) size 163x18
        text run at (0,0) width 163: "This line should be green."
