layer at (0,0) size 800x600
  RenderView at (0,0) size 800x600
layer at (0,0) size 800x118
  RenderBlock {test} at (0,0) size 800x118
    RenderBlock {p} at (0,16) size 800x18
      RenderText {#text} at (0,0) size 302x18
        text run at (0,0) width 302: "This paragraph should have normal background"
    RenderBlock {div} at (0,50) size 800x52
      RenderBlock (anonymous) at (0,0) size 800x18
        RenderText {#text} at (0,0) size 234x18
          text run at (0,0) width 234: "This div contains only one paragraph"
      RenderBlock {p} at (0,34) size 800x18 [bgcolor=#00FF00]
        RenderText {#text} at (0,0) size 293x18
          text run at (0,0) width 293: "This paragraph should have green background"
