layer at (0,0) size 800x600
  RenderView at (0,0) size 800x600
layer at (0,0) size 800x120
  RenderBlock {test} at (0,0) size 800x120
    RenderBlock {ul} at (0,16) size 800x36
      RenderListItem {li} at (40,0) size 760x18 [bgcolor=#00FF00]
        RenderListMarker at (-17,0) size 7x18: bullet
        RenderText {#text} at (0,0) size 430x18
          text run at (0,0) width 336: "This list item should be green because its language is "
          text run at (336,0) width 94: "British English"
      RenderListItem {li} at (40,18) size 760x18 [bgcolor=#00FF00]
        RenderListMarker at (-17,0) size 7x18: bullet
        RenderText {#text} at (0,0) size 483x18
          text run at (0,0) width 322: "This list item should be green because its language "
          text run at (322,0) width 161: "is British English (Wales)"
    RenderBlock {ol} at (0,68) size 800x36
      RenderListItem {li} at (40,0) size 760x18
        RenderListMarker at (-20,0) size 16x18: "1"
        RenderText {#text} at (0,0) size 447x18
          text run at (0,0) width 360: "This list item should NOT be green because its language "
          text run at (360,0) width 87: "is US English"
      RenderListItem {li} at (40,18) size 760x18
        RenderListMarker at (-20,0) size 16x18: "2"
        RenderText {#text} at (0,0) size 418x18
          text run at (0,0) width 374: "This list item should NOT be green because its language is "
          text run at (374,0) width 44: "French"
