layer at (0,0) size 800x600
  RenderView at (0,0) size 800x600
layer at (0,0) size 800x50
  RenderBlock {test} at (0,0) size 800x50
    RenderBlock {p} at (0,16) size 800x18
      RenderText {#text} at (0,0) size 180x18
        text run at (0,0) width 180: "The background color of all "
      RenderInline {a} at (0,0) size 49x18 [color=#0000EE]
        RenderText {#text} at (180,0) size 49x18
          text run at (180,0) width 49: "anchors"
      RenderText {#text} at (229,0) size 103x18
        text run at (229,0) width 4: " "
        text run at (233,0) width 99: "should become "
      RenderInline {a} at (0,0) size 35x18 [color=#0000EE]
        RenderText {#text} at (332,0) size 35x18
          text run at (332,0) width 35: "green"
      RenderText {#text} at (367,0) size 131x18
        text run at (367,0) width 131: " when they have the "
      RenderInline {a} at (0,0) size 34x18 [color=#0000EE]
        RenderText {#text} at (498,0) size 34x18
          text run at (498,0) width 34: "focus"
      RenderText {#text} at (532,0) size 4x18
        text run at (532,0) width 4: "."
