layer at (0,0) size 800x600
  RenderView at (0,0) size 800x600
layer at (0,0) size 800x504
  RenderBlock {test} at (0,0) size 800x504
    RenderBlock {ul} at (0,16) size 800x108
      RenderListItem {li} at (40,0) size 760x18
        RenderListMarker at (-17,0) size 7x18: bullet
        RenderText {#text} at (0,0) size 81x18
          text run at (0,0) width 81: "First list item"
      RenderListItem {li} at (40,18) size 760x18 [bgcolor=#00FF00]
        RenderListMarker at (-17,0) size 7x18: bullet
        RenderText {#text} at (0,0) size 338x18
          text run at (0,0) width 338: "This second list item should have a green background"
      RenderListItem {li} at (40,36) size 760x18
        RenderListMarker at (-17,0) size 7x18: bullet
        RenderText {#text} at (0,0) size 57x18
          text run at (0,0) width 57: "Third list"
      RenderListItem {li} at (40,54) size 760x18 [bgcolor=#00FF00]
        RenderListMarker at (-17,0) size 7x18: bullet
        RenderText {#text} at (0,0) size 332x18
          text run at (0,0) width 332: "This fourth list item should have a green background"
      RenderListItem {li} at (40,72) size 760x18
        RenderListMarker at (-17,0) size 7x18: bullet
        RenderText {#text} at (0,0) size 83x18
          text run at (0,0) width 83: "Fifth list item"
      RenderListItem {li} at (40,90) size 760x18 [bgcolor=#00FF00]
        RenderListMarker at (-17,0) size 7x18: bullet
        RenderText {#text} at (0,0) size 324x18
          text run at (0,0) width 324: "This sixth list item should have a green background"
    RenderBlock {ol} at (0,140) size 800x108
      RenderListItem {li} at (40,0) size 760x18 [bgcolor=#00FF00]
        RenderListMarker at (-20,0) size 16x18: "1"
        RenderText {#text} at (0,0) size 318x18
          text run at (0,0) width 318: "This first list item should have a green background"
      RenderListItem {li} at (40,18) size 760x18
        RenderListMarker at (-20,0) size 16x18: "2"
        RenderText {#text} at (0,0) size 100x18
          text run at (0,0) width 100: "Second list item"
      RenderListItem {li} at (40,36) size 760x18 [bgcolor=#00FF00]
        RenderListMarker at (-20,0) size 16x18: "3"
        RenderText {#text} at (0,0) size 323x18
          text run at (0,0) width 323: "This third list item should have a green background"
      RenderListItem {li} at (40,54) size 760x18
        RenderListMarker at (-20,0) size 16x18: "4"
        RenderText {#text} at (0,0) size 95x18
          text run at (0,0) width 95: "Fourth list item"
      RenderListItem {li} at (40,72) size 760x18 [bgcolor=#00FF00]
        RenderListMarker at (-20,0) size 16x18: "5"
        RenderText {#text} at (0,0) size 320x18
          text run at (0,0) width 320: "This fifth list item should have a green background"
      RenderListItem {li} at (40,90) size 760x18
        RenderListMarker at (-20,0) size 16x18: "6"
        RenderText {#text} at (0,0) size 86x18
          text run at (0,0) width 86: "Sixth list item"
    RenderBlock {div} at (0,264) size 800x240
      RenderTable {table} at (0,0) size 162x148 [border: (1px outset #808080)]
        RenderTableSection (anonymous) at (1,1) size 160x146
          RenderTableRow {tr} at (0,2) size 160x22
            RenderTableCell {td} at (2,2) size 104x22 [border: (1px solid #000000)] [r=0 c=0 rs=1 cs=1]
              RenderText {#text} at (2,2) size 20x18
                text run at (2,2) width 20: "1.1"
            RenderTableCell {td} at (108,2) size 24x22 [border: (1px solid #000000)] [r=0 c=1 rs=1 cs=1]
              RenderText {#text} at (2,2) size 20x18
                text run at (2,2) width 20: "1.2"
            RenderTableCell {td} at (134,2) size 24x22 [border: (1px solid #000000)] [r=0 c=2 rs=1 cs=1]
              RenderText {#text} at (2,2) size 20x18
                text run at (2,2) width 20: "1.3"
          RenderTableRow {tr} at (0,26) size 160x22
            RenderTableCell {td} at (2,26) size 104x22 [border: (1px solid #000000)] [r=1 c=0 rs=1 cs=1]
              RenderText {#text} at (2,2) size 20x18
                text run at (2,2) width 20: "2.1"
            RenderTableCell {td} at (108,26) size 24x22 [border: (1px solid #000000)] [r=1 c=1 rs=1 cs=1]
              RenderText {#text} at (2,2) size 20x18
                text run at (2,2) width 20: "2.2"
            RenderTableCell {td} at (134,26) size 24x22 [border: (1px solid #000000)] [r=1 c=2 rs=1 cs=1]
              RenderText {#text} at (2,2) size 20x18
                text run at (2,2) width 20: "2.3"
          RenderTableRow {tr} at (0,50) size 160x22
            RenderTableCell {td} at (2,50) size 104x22 [border: (1px solid #000000)] [r=2 c=0 rs=1 cs=1]
              RenderText {#text} at (2,2) size 20x18
                text run at (2,2) width 20: "3.1"
            RenderTableCell {td} at (108,50) size 24x22 [border: (1px solid #000000)] [r=2 c=1 rs=1 cs=1]
              RenderText {#text} at (2,2) size 20x18
                text run at (2,2) width 20: "3.2"
            RenderTableCell {td} at (134,50) size 24x22 [border: (1px solid #000000)] [r=2 c=2 rs=1 cs=1]
              RenderText {#text} at (2,2) size 20x18
                text run at (2,2) width 20: "3.3"
          RenderTableRow {tr} at (0,74) size 160x22
            RenderTableCell {td} at (2,74) size 104x22 [border: (1px solid #000000)] [r=3 c=0 rs=1 cs=1]
              RenderText {#text} at (2,2) size 20x18
                text run at (2,2) width 20: "4.1"
            RenderTableCell {td} at (108,74) size 24x22 [border: (1px solid #000000)] [r=3 c=1 rs=1 cs=1]
              RenderText {#text} at (2,2) size 20x18
                text run at (2,2) width 20: "4.2"
            RenderTableCell {td} at (134,74) size 24x22 [border: (1px solid #000000)] [r=3 c=2 rs=1 cs=1]
              RenderText {#text} at (2,2) size 20x18
                text run at (2,2) width 20: "4.3"
          RenderTableRow {tr} at (0,98) size 160x22 [bgcolor=#00FF00]
            RenderTableCell {td} at (2,98) size 104x22 [border: (1px solid #000000)] [r=4 c=0 rs=1 cs=1]
              RenderText {#text} at (2,2) size 100x18
                text run at (2,2) width 100: "Green row : 5.1"
            RenderTableCell {td} at (108,98) size 24x22 [border: (1px solid #000000)] [r=4 c=1 rs=1 cs=1]
              RenderText {#text} at (2,2) size 20x18
                text run at (2,2) width 20: "5.2"
            RenderTableCell {td} at (134,98) size 24x22 [border: (1px solid #000000)] [r=4 c=2 rs=1 cs=1]
              RenderText {#text} at (2,2) size 20x18
                text run at (2,2) width 20: "5.3"
          RenderTableRow {tr} at (0,122) size 160x22 [bgcolor=#00FF00]
            RenderTableCell {td} at (2,122) size 104x22 [border: (1px solid #000000)] [r=5 c=0 rs=1 cs=1]
              RenderText {#text} at (2,2) size 100x18
                text run at (2,2) width 100: "Green row : 6.1"
            RenderTableCell {td} at (108,122) size 24x22 [border: (1px solid #000000)] [r=5 c=1 rs=1 cs=1]
              RenderText {#text} at (2,2) size 20x18
                text run at (2,2) width 20: "6.2"
            RenderTableCell {td} at (134,122) size 24x22 [border: (1px solid #000000)] [r=5 c=2 rs=1 cs=1]
              RenderText {#text} at (2,2) size 20x18
                text run at (2,2) width 20: "6.3"
      RenderBlock {p} at (0,164) size 800x0
      RenderTable {table} at (0,164) size 417x76 [border: (1px outset #808080)]
        RenderTableSection (anonymous) at (1,1) size 415x74
          RenderTableRow {tr} at (0,2) size 415x22
            RenderTableCell {td} at (2,2) size 24x22 [border: (1px solid #000000)] [r=0 c=0 rs=1 cs=1]
              RenderText {#text} at (2,2) size 20x18
                text run at (2,2) width 20: "1.1"
            RenderTableCell {td} at (28,2) size 65x22 [bgcolor=#00FF00] [border: (1px solid #000000)] [r=0 c=1 rs=1 cs=1]
              RenderText {#text} at (2,2) size 61x18
                text run at (2,2) width 61: "green cell"
            RenderTableCell {td} at (95,2) size 65x22 [bgcolor=#00FF00] [border: (1px solid #000000)] [r=0 c=2 rs=1 cs=1]
              RenderText {#text} at (2,2) size 61x18
                text run at (2,2) width 61: "green cell"
            RenderTableCell {td} at (162,2) size 24x22 [border: (1px solid #000000)] [r=0 c=3 rs=1 cs=1]
              RenderText {#text} at (2,2) size 20x18
                text run at (2,2) width 20: "1.4"
            RenderTableCell {td} at (188,2) size 65x22 [bgcolor=#00FF00] [border: (1px solid #000000)] [r=0 c=4 rs=1 cs=1]
              RenderText {#text} at (2,2) size 61x18
                text run at (2,2) width 61: "green cell"
            RenderTableCell {td} at (255,2) size 65x22 [bgcolor=#00FF00] [border: (1px solid #000000)] [r=0 c=5 rs=1 cs=1]
              RenderText {#text} at (2,2) size 61x18
                text run at (2,2) width 61: "green cell"
            RenderTableCell {td} at (322,2) size 24x22 [border: (1px solid #000000)] [r=0 c=6 rs=1 cs=1]
              RenderText {#text} at (2,2) size 20x18
                text run at (2,2) width 20: "1.7"
            RenderTableCell {td} at (348,2) size 65x22 [bgcolor=#00FF00] [border: (1px solid #000000)] [r=0 c=7 rs=1 cs=1]
              RenderText {#text} at (2,2) size 61x18
                text run at (2,2) width 61: "green cell"
          RenderTableRow {tr} at (0,26) size 415x22
            RenderTableCell {td} at (2,26) size 24x22 [border: (1px solid #000000)] [r=1 c=0 rs=1 cs=1]
              RenderText {#text} at (2,2) size 20x18
                text run at (2,2) width 20: "2.1"
            RenderTableCell {td} at (28,26) size 65x22 [bgcolor=#00FF00] [border: (1px solid #000000)] [r=1 c=1 rs=1 cs=1]
              RenderText {#text} at (2,2) size 61x18
                text run at (2,2) width 61: "green cell"
            RenderTableCell {td} at (95,26) size 65x22 [bgcolor=#00FF00] [border: (1px solid #000000)] [r=1 c=2 rs=1 cs=1]
              RenderText {#text} at (2,2) size 61x18
                text run at (2,2) width 61: "green cell"
            RenderTableCell {td} at (162,26) size 24x22 [border: (1px solid #000000)] [r=1 c=3 rs=1 cs=1]
              RenderText {#text} at (2,2) size 20x18
                text run at (2,2) width 20: "2.4"
            RenderTableCell {td} at (188,26) size 65x22 [bgcolor=#00FF00] [border: (1px solid #000000)] [r=1 c=4 rs=1 cs=1]
              RenderText {#text} at (2,2) size 61x18
                text run at (2,2) width 61: "green cell"
            RenderTableCell {td} at (255,26) size 65x22 [bgcolor=#00FF00] [border: (1px solid #000000)] [r=1 c=5 rs=1 cs=1]
              RenderText {#text} at (2,2) size 61x18
                text run at (2,2) width 61: "green cell"
            RenderTableCell {td} at (322,26) size 24x22 [border: (1px solid #000000)] [r=1 c=6 rs=1 cs=1]
              RenderText {#text} at (2,2) size 20x18
                text run at (2,2) width 20: "2.7"
            RenderTableCell {td} at (348,26) size 65x22 [bgcolor=#00FF00] [border: (1px solid #000000)] [r=1 c=7 rs=1 cs=1]
              RenderText {#text} at (2,2) size 61x18
                text run at (2,2) width 61: "green cell"
          RenderTableRow {tr} at (0,50) size 415x22
            RenderTableCell {td} at (2,50) size 24x22 [border: (1px solid #000000)] [r=2 c=0 rs=1 cs=1]
              RenderText {#text} at (2,2) size 20x18
                text run at (2,2) width 20: "3.1"
            RenderTableCell {td} at (28,50) size 65x22 [bgcolor=#00FF00] [border: (1px solid #000000)] [r=2 c=1 rs=1 cs=1]
              RenderText {#text} at (2,2) size 61x18
                text run at (2,2) width 61: "green cell"
            RenderTableCell {td} at (95,50) size 65x22 [bgcolor=#00FF00] [border: (1px solid #000000)] [r=2 c=2 rs=1 cs=1]
              RenderText {#text} at (2,2) size 61x18
                text run at (2,2) width 61: "green cell"
            RenderTableCell {td} at (162,50) size 24x22 [border: (1px solid #000000)] [r=2 c=3 rs=1 cs=1]
              RenderText {#text} at (2,2) size 20x18
                text run at (2,2) width 20: "3.4"
            RenderTableCell {td} at (188,50) size 65x22 [bgcolor=#00FF00] [border: (1px solid #000000)] [r=2 c=4 rs=1 cs=1]
              RenderText {#text} at (2,2) size 61x18
                text run at (2,2) width 61: "green cell"
            RenderTableCell {td} at (255,50) size 65x22 [bgcolor=#00FF00] [border: (1px solid #000000)] [r=2 c=5 rs=1 cs=1]
              RenderText {#text} at (2,2) size 61x18
                text run at (2,2) width 61: "green cell"
            RenderTableCell {td} at (322,50) size 24x22 [border: (1px solid #000000)] [r=2 c=6 rs=1 cs=1]
              RenderText {#text} at (2,2) size 20x18
                text run at (2,2) width 20: "3.7"
            RenderTableCell {td} at (348,50) size 65x22 [bgcolor=#00FF00] [border: (1px solid #000000)] [r=2 c=7 rs=1 cs=1]
              RenderText {#text} at (2,2) size 61x18
                text run at (2,2) width 61: "green cell"
