layer at (0,0) size 800x600
  RenderView at (0,0) size 800x600
layer at (0,0) size 800x118
  RenderBlock {test} at (0,0) size 800x118
    RenderBlock {p} at (0,16) size 800x18 [bgcolor=#00FF00]
      RenderText {#text} at (0,0) size 304x18
        text run at (0,0) width 304: "This paragraph should have a green background"
    RenderBlock {q} at (0,50) size 800x18
      RenderText {#text} at (0,0) size 221x18
        text run at (0,0) width 221: "This paragraph should be unstyled."
    RenderBlock {r} at (0,84) size 800x18 [bgcolor=#00FF00]
      RenderText {#text} at (0,0) size 304x18
        text run at (0,0) width 304: "This paragraph should have a green background"
