layer at (0,0) size 800x600
  RenderView at (0,0) size 800x600
layer at (0,0) size 800x152
  RenderBlock {test} at (0,0) size 800x152
    RenderBlock {div} at (0,16) size 800x120
      RenderBlock {p} at (0,0) size 800x18 [bgcolor=#00FF00]
        RenderText {#text} at (0,0) size 308x18
          text run at (0,0) width 308: "This paragraph should have a green background."
      RenderBlock {p} at (0,34) size 800x18 [bgcolor=#00FF00]
        RenderText {#text} at (0,0) size 308x18
          text run at (0,0) width 308: "This paragraph should have a green background."
      RenderBlock {p} at (0,68) size 800x18 [bgcolor=#00FF00]
        RenderText {#text} at (0,0) size 308x18
          text run at (0,0) width 308: "This paragraph should have a green background."
      RenderBlock {p} at (0,102) size 800x18 [bgcolor=#FF0000]
        RenderBlock {l} at (0,0) size 800x18 [bgcolor=#00FF00]
          RenderText {#text} at (0,0) size 308x18
            text run at (0,0) width 308: "This paragraph should have a green background."
