layer at (0,0) size 800x600
  RenderView at (0,0) size 800x600
layer at (0,0) size 800x600
  RenderBlock {HTML} at (0,0) size 800x600
    RenderBody {BODY} at (8,8) size 784x584
      RenderBlock {P} at (0,0) size 784x83
        RenderRuby (inline) {RUBY} at (0,0) size 123x55
          RenderRubyRun (anonymous) at (0,26) size 123x57
            RenderRubyText {RT} at (0,-26) size 123x28
              RenderText {#text} at (0,0) size 123x27
                text run at (0,0) width 123: "\x{304D}\x{3069}\x{3046}\x{305F}\x{3044}\x{304D}"
            RenderRubyBase (anonymous) at (0,0) size 123x57
              RenderText {#text} at (13,1) size 97x55
                text run at (13,1) width 97: "\x{653B}\x{6BBB}"
        RenderText {#text} at (0,0) size 0x0
      RenderBlock {P} at (0,99) size 784x83
        RenderRuby (inline) {RUBY} at (0,0) size 161x55
          RenderRubyRun (anonymous) at (0,26) size 161x57
            RenderRubyText {RT} at (0,-26) size 161x28
              RenderText {#text} at (0,0) size 161x27
                text run at (0,0) width 161: "\x{304D}\x{3069}\x{3046}\x{305F}\x{3044}\x{304D}\x{3069}\x{3046}"
            RenderRubyBase (anonymous) at (0,0) size 161x57
              RenderText {#text} at (8,1) size 145x55
                text run at (8,1) width 145: "\x{6A5F}\x{52D5}\x{968A}"
        RenderText {#text} at (0,0) size 0x0
      RenderBlock {DIV} at (0,198) size 214x300
        RenderBlock {P} at (16,0) size 83x300
          RenderRuby (inline) {RUBY} at (0,0) size 55x139
            RenderRubyRun (anonymous) at (26,0) size 57x139
              RenderRubyText {RT} at (-26,0) size 28x139
                RenderText {#text} at (0,0) size 27x139
                  text run at (0,0) width 139: "\x{304D}\x{3069}\x{3046}\x{305F}\x{3044}\x{304D}"
              RenderRubyBase (anonymous) at (0,0) size 57x139
                RenderText {#text} at (1,21) size 55x96
                  text run at (1,21) width 96: "\x{653B}\x{6BBB}"
          RenderText {#text} at (0,0) size 0x0
        RenderBlock {P} at (115,0) size 83x300
          RenderRuby (inline) {RUBY} at (0,0) size 55x186
            RenderRubyRun (anonymous) at (26,0) size 57x186
              RenderRubyText {RT} at (-26,0) size 28x186
                RenderText {#text} at (0,0) size 27x186
                  text run at (0,0) width 186: "\x{304D}\x{3069}\x{3046}\x{305F}\x{3044}\x{304D}\x{3069}\x{3046}"
              RenderRubyBase (anonymous) at (0,0) size 57x186
                RenderText {#text} at (1,20) size 55x145
                  text run at (1,20) width 144: "\x{6A5F}\x{52D5}\x{968A}"
          RenderText {#text} at (0,0) size 0x0
