layer at (0,0) size 800x600
  RenderView at (0,0) size 800x600
layer at (0,0) size 800x600
  RenderBlock {HTML} at (0,0) size 800x600
    RenderBody {BODY} at (8,8) size 784x579
      RenderBlock (anonymous) at (0,0) size 784x20
        RenderText {#text} at (0,0) size 307x19
          text run at (0,0) width 307: "This tests that the slider control considers padding. "
        RenderBR {BR} at (0,0) size 0x0
      RenderBlock {DIV} at (0,20) size 784x45 [bgcolor=#ADD8E6]
        RenderSlider {INPUT} at (2,2) size 100x41 [color=#9D968E] [bgcolor=#FFFFFF]
          RenderFlexibleBox {DIV} at (10,10) size 80x21
            RenderBlock {DIV} at (0,0) size 80x21
              RenderBlock {DIV} at (0,0) size 11x21
        RenderText {#text} at (0,0) size 0x0
      RenderBlock {PRE} at (0,78) size 784x0
