layer at (0,0) size 800x600
  RenderView at (0,0) size 800x600
layer at (0,0) size 800x600
  RenderBlock {HTML} at (0,0) size 800x600
    RenderBody {BODY} at (8,8) size 784x584
      RenderBlock {P} at (0,0) size 784x20
        RenderText {#text} at (0,0) size 56x18
          text run at (0,0) width 56: "Test for "
        RenderInline {I} at (0,0) size 587x19
          RenderInline {A} at (0,0) size 305x19 [color=#0000EE]
            RenderText {#text} at (56,0) size 305x19
              text run at (56,0) width 305: "http://bugs.webkit.org/show_bug.cgi?id=16348"
          RenderText {#text} at (361,0) size 282x19
            text run at (361,0) width 4: " "
            text run at (365,0) width 278: "@font-face does not affect the default style"
        RenderText {#text} at (643,0) size 4x18
          text run at (643,0) width 4: "."
      RenderBlock (anonymous) at (0,36) size 784x19
        RenderText {#text} at (0,0) size 184x18
          text run at (0,0) width 184: "This text should be in Arial."
