layer at (0,0) size 800x600
  RenderView at (0,0) size 800x600
layer at (0,0) size 800x600
  RenderBlock {HTML} at (0,0) size 800x600
    RenderBody {BODY} at (8,8) size 784x584
      RenderTextControl {INPUT} at (2,2) size 457x81 [bgcolor=#FFFFFF] [border: (2px inset #000000)]
        RenderDeprecatedFlexibleBox {DIV} at (3,3) size 451x46
          RenderBlock {DIV} at (0,17) size 1x11
          RenderBlock {DIV} at (1,0) size 426x46
          RenderBlock {DIV} at (427,12) size 21x21
      RenderBR {BR} at (461,41) size 0x0
      RenderTextControl {INPUT} at (2,87) size 455x81 [bgcolor=#FFFFFF] [border: (2px inset #000000)]
      RenderBR {BR} at (459,126) size 0x0
      RenderTextControl {INPUT} at (2,170) size 238x25 [bgcolor=#FFFFFF] [border: (2px inset #000000)]
        RenderDeprecatedFlexibleBox {DIV} at (6,0) size 226x24
          RenderBlock {DIV} at (0,6) size 1x11
          RenderBlock {DIV} at (1,0) size 208x24
          RenderBlock {DIV} at (209,5) size 14x14
layer at (14,13) size 426x46
  RenderBlock {DIV} at (0,0) size 426x46
    RenderText {#text} at (1,0) size 357x45
      text run at (1,0) width 357: "value jgq not clipped"
layer at (12,98) size 451x46
  RenderBlock {DIV} at (2,3) size 451x46
    RenderText {#text} at (1,0) size 357x45
      text run at (1,0) width 357: "value jgq not clipped"
layer at (17,178) size 208x24
  RenderBlock {DIV} at (0,0) size 208x24
    RenderText {#text} at (1,0) size 115x23
      text run at (1,0) width 115: "Sample Input"
