layer at (0,0) size 800x600
  RenderView at (0,0) size 800x600
layer at (0,0) size 800x420
  RenderBlock {HTML} at (0,0) size 800x420
    RenderBody {BODY} at (8,16) size 784x388
      RenderBlock {P} at (0,0) size 784x20
        RenderText {#text} at (0,0) size 293x19
          text run at (0,0) width 293: "This test is a basic check for using text-overflow."
      RenderBlock {P} at (0,36) size 784x124
        RenderText {#text} at (0,0) size 446x19
          text run at (0,0) width 446: "Apply \"text-overflow:clip\" to inputs. The following input should be clipped:"
        RenderBR {BR} at (446,0) size 0x19
        RenderTextControl {INPUT} at (2,22) size 155x22 [bgcolor=#FFFFFF] [border: (2px inset #000000)]
        RenderText {#text} at (159,23) size 4x19
          text run at (159,23) width 4: " "
        RenderTextControl {INPUT} at (165,22) size 157x22 [bgcolor=#FFFFFF] [border: (2px inset #000000)]
          RenderDeprecatedFlexibleBox {DIV} at (3,3) size 151x16
            RenderBlock {DIV} at (0,2) size 1x11
            RenderBlock {DIV} at (1,0) size 138x16
            RenderBlock {DIV} at (139,3) size 9x9
        RenderText {#text} at (324,23) size 4x19
          text run at (324,23) width 4: " "
        RenderTextControl {INPUT} at (330,22) size 155x22 [bgcolor=#FFFFFF] [border: (2px inset #000000)]
        RenderText {#text} at (487,23) size 4x19
          text run at (487,23) width 4: " "
        RenderTextControl {INPUT} at (493,22) size 157x22 [bgcolor=#FFFFFF] [border: (2px inset #000000)]
          RenderDeprecatedFlexibleBox {DIV} at (3,3) size 151x16
            RenderBlock {DIV} at (0,2) size 1x11
            RenderBlock {DIV} at (1,0) size 138x16
            RenderBlock {DIV} at (139,3) size 9x9
        RenderText {#text} at (0,0) size 0x0
        RenderTextControl {INPUT} at (2,48) size 155x22 [bgcolor=#FFFFFF] [border: (2px inset #000000)]
        RenderBR {BR} at (159,49) size 0x19
        RenderTextControl {INPUT} at (2,74) size 155x22 [bgcolor=#FFFFFF] [border: (2px inset #000000)]
        RenderText {#text} at (159,75) size 4x19
          text run at (159,75) width 4: " "
        RenderTextControl {INPUT} at (165,74) size 157x22 [bgcolor=#FFFFFF] [border: (2px inset #000000)]
          RenderDeprecatedFlexibleBox {DIV} at (3,3) size 151x16
            RenderBlock {DIV} at (0,2) size 1x11
            RenderBlock {DIV} at (1,0) size 138x16
            RenderBlock {DIV} at (139,3) size 9x9
        RenderText {#text} at (324,75) size 4x19
          text run at (324,75) width 4: " "
        RenderTextControl {INPUT} at (330,74) size 155x22 [bgcolor=#FFFFFF] [border: (2px inset #000000)]
        RenderText {#text} at (487,75) size 4x19
          text run at (487,75) width 4: " "
        RenderTextControl {INPUT} at (493,74) size 157x22 [bgcolor=#FFFFFF] [border: (2px inset #000000)]
          RenderDeprecatedFlexibleBox {DIV} at (3,3) size 151x16
            RenderBlock {DIV} at (0,2) size 1x11
            RenderBlock {DIV} at (1,0) size 138x16
            RenderBlock {DIV} at (139,3) size 9x9
        RenderText {#text} at (0,0) size 0x0
        RenderTextControl {INPUT} at (2,100) size 155x22 [bgcolor=#FFFFFF] [border: (2px inset #000000)]
        RenderText {#text} at (0,0) size 0x0
      RenderBlock {P} at (0,176) size 784x124
        RenderText {#text} at (0,0) size 494x19
          text run at (0,0) width 494: "Apply \"text-overflow:ellipsis\" to inputs. The following input should show an ellipsis:"
        RenderBR {BR} at (494,0) size 0x19
        RenderTextControl {INPUT} at (2,22) size 155x22 [bgcolor=#FFFFFF] [border: (2px inset #000000)]
        RenderText {#text} at (159,23) size 4x19
          text run at (159,23) width 4: " "
        RenderTextControl {INPUT} at (165,22) size 157x22 [bgcolor=#FFFFFF] [border: (2px inset #000000)]
          RenderDeprecatedFlexibleBox {DIV} at (3,3) size 151x16
            RenderBlock {DIV} at (0,2) size 1x11
            RenderBlock {DIV} at (1,0) size 138x16
            RenderBlock {DIV} at (139,3) size 9x9
        RenderText {#text} at (324,23) size 4x19
          text run at (324,23) width 4: " "
        RenderTextControl {INPUT} at (330,22) size 155x22 [bgcolor=#FFFFFF] [border: (2px inset #000000)]
        RenderText {#text} at (487,23) size 4x19
          text run at (487,23) width 4: " "
        RenderTextControl {INPUT} at (493,22) size 157x22 [bgcolor=#FFFFFF] [border: (2px inset #000000)]
          RenderDeprecatedFlexibleBox {DIV} at (3,3) size 151x16
            RenderBlock {DIV} at (0,2) size 1x11
            RenderBlock {DIV} at (1,0) size 138x16
            RenderBlock {DIV} at (139,3) size 9x9
        RenderText {#text} at (0,0) size 0x0
        RenderTextControl {INPUT} at (2,48) size 155x22 [bgcolor=#FFFFFF] [border: (2px inset #000000)]
        RenderBR {BR} at (159,49) size 0x19
        RenderTextControl {INPUT} at (2,74) size 155x22 [bgcolor=#FFFFFF] [border: (2px inset #000000)]
        RenderText {#text} at (159,75) size 4x19
          text run at (159,75) width 4: " "
        RenderTextControl {INPUT} at (165,74) size 157x22 [bgcolor=#FFFFFF] [border: (2px inset #000000)]
          RenderDeprecatedFlexibleBox {DIV} at (3,3) size 151x16
            RenderBlock {DIV} at (0,2) size 1x11
            RenderBlock {DIV} at (1,0) size 138x16
            RenderBlock {DIV} at (139,3) size 9x9
        RenderText {#text} at (324,75) size 4x19
          text run at (324,75) width 4: " "
        RenderTextControl {INPUT} at (330,74) size 155x22 [bgcolor=#FFFFFF] [border: (2px inset #000000)]
        RenderText {#text} at (487,75) size 4x19
          text run at (487,75) width 4: " "
        RenderTextControl {INPUT} at (493,74) size 157x22 [bgcolor=#FFFFFF] [border: (2px inset #000000)]
          RenderDeprecatedFlexibleBox {DIV} at (3,3) size 151x16
            RenderBlock {DIV} at (0,2) size 1x11
            RenderBlock {DIV} at (1,0) size 138x16
            RenderBlock {DIV} at (139,3) size 9x9
        RenderText {#text} at (0,0) size 0x0
        RenderTextControl {INPUT} at (2,100) size 155x22 [bgcolor=#FFFFFF] [border: (2px inset #000000)]
        RenderText {#text} at (0,0) size 0x0
      RenderBlock {P} at (0,316) size 784x72
        RenderText {#text} at (0,0) size 218x19
          text run at (0,0) width 218: "Dynamic style change text-overflow:"
        RenderBR {BR} at (218,0) size 0x19
        RenderText {#text} at (0,23) size 223x19
          text run at (0,23) width 223: "Clip to ellipsis (should show ellipsis): "
        RenderTextControl {INPUT} at (225,22) size 155x22 [bgcolor=#FFFFFF] [border: (2px inset #000000)]
        RenderText {#text} at (382,23) size 4x19
          text run at (382,23) width 4: " "
        RenderTextControl {INPUT} at (388,22) size 155x22 [bgcolor=#FFFFFF] [border: (2px inset #000000)]
        RenderText {#text} at (545,23) size 4x19
          text run at (545,23) width 4: " "
        RenderBR {BR} at (0,0) size 0x0
        RenderText {#text} at (0,49) size 244x19
          text run at (0,49) width 244: "Ellipsis to clip (should not show ellipsis): "
        RenderTextControl {INPUT} at (246,48) size 155x22 [bgcolor=#FFFFFF] [border: (2px inset #000000)]
        RenderText {#text} at (403,49) size 4x19
          text run at (403,49) width 4: " "
        RenderTextControl {INPUT} at (409,48) size 155x22 [bgcolor=#FFFFFF] [border: (2px inset #000000)]
        RenderText {#text} at (566,49) size 4x19
          text run at (566,49) width 4: " "
        RenderBR {BR} at (0,0) size 0x0
layer at (12,77) size 151x16
  RenderBlock {DIV} at (2,3) size 151x16
layer at (12,77) size 151x16 scrollWidth 319
  RenderBlock {DIV} at (2,3) size 151x16 [color=#A9A9A9]
    RenderText {#text} at (1,0) size 317x16
      text run at (1,0) width 317: "Lorem ipsum dolor sit amet, consectetur adipiscing elit"
layer at (177,77) size 138x16
  RenderBlock {DIV} at (0,0) size 138x16
layer at (177,77) size 138x16 scrollWidth 319
  RenderBlock {DIV} at (4,3) size 138x16 [color=#A9A9A9]
    RenderText {#text} at (1,0) size 317x16
      text run at (1,0) width 317: "Lorem ipsum dolor sit amet, consectetur adipiscing elit"
layer at (340,77) size 151x16 scrollWidth 319
  RenderBlock {DIV} at (2,3) size 151x16
    RenderText {#text} at (1,0) size 317x16
      text run at (1,0) width 317: "Lorem ipsum dolor sit amet, consectetur adipiscing elit"
layer at (505,77) size 138x16 scrollWidth 319
  RenderBlock {DIV} at (0,0) size 138x16
    RenderText {#text} at (1,0) size 317x16
      text run at (1,0) width 317: "Lorem ipsum dolor sit amet, consectetur adipiscing elit"
layer at (12,103) size 151x16 scrollWidth 277
  RenderBlock {DIV} at (2,3) size 151x16
    RenderText {#text} at (1,0) size 275x16
      text run at (1,0) width 275: "\x{2022}\x{2022}\x{2022}\x{2022}\x{2022}\x{2022}\x{2022}\x{2022}\x{2022}\x{2022}\x{2022}\x{2022}\x{2022}\x{2022}\x{2022}\x{2022}\x{2022}\x{2022}\x{2022}\x{2022}\x{2022}\x{2022}\x{2022}\x{2022}\x{2022}\x{2022}\x{2022}\x{2022}\x{2022}\x{2022}\x{2022}\x{2022}\x{2022}\x{2022}\x{2022}\x{2022}\x{2022}\x{2022}\x{2022}\x{2022}\x{2022}\x{2022}\x{2022}\x{2022}\x{2022}\x{2022}\x{2022}\x{2022}\x{2022}\x{2022}\x{2022}\x{2022}\x{2022}\x{2022}\x{2022}"
layer at (12,129) size 151x16
  RenderBlock {DIV} at (2,3) size 151x16
layer at (12,129) size 151x16 scrollX 167 scrollWidth 318
  RenderBlock {DIV} at (2,3) size 151x16 [color=#A9A9A9]
    RenderText {#text} at (-167,0) size 317x16
      text run at (-167,0) width 317: "Lorem ipsum dolor sit amet, consectetur adipiscing elit"
layer at (177,129) size 138x16
  RenderBlock {DIV} at (0,0) size 138x16
layer at (177,129) size 138x16 scrollX 180 scrollWidth 318
  RenderBlock {DIV} at (4,3) size 138x16 [color=#A9A9A9]
    RenderText {#text} at (-180,0) size 317x16
      text run at (-180,0) width 317: "Lorem ipsum dolor sit amet, consectetur adipiscing elit"
layer at (340,129) size 151x16 scrollX 167 scrollWidth 318
  RenderBlock {DIV} at (2,3) size 151x16
    RenderText {#text} at (-167,0) size 317x16
      text run at (-167,0) width 317: "Lorem ipsum dolor sit amet, consectetur adipiscing elit"
layer at (505,129) size 138x16 scrollX 180 scrollWidth 318
  RenderBlock {DIV} at (0,0) size 138x16
    RenderText {#text} at (-180,0) size 317x16
      text run at (-180,0) width 317: "Lorem ipsum dolor sit amet, consectetur adipiscing elit"
layer at (12,155) size 151x16 scrollX 125 scrollWidth 276
  RenderBlock {DIV} at (2,3) size 151x16
    RenderText {#text} at (-125,0) size 275x16
      text run at (-125,0) width 275 RTL: "\x{2022}\x{2022}\x{2022}\x{2022}\x{2022}\x{2022}\x{2022}\x{2022}\x{2022}\x{2022}\x{2022}\x{2022}\x{2022}\x{2022}\x{2022}\x{2022}\x{2022}\x{2022}\x{2022}\x{2022}\x{2022}\x{2022}\x{2022}\x{2022}\x{2022}\x{2022}\x{2022}\x{2022}\x{2022}\x{2022}\x{2022}\x{2022}\x{2022}\x{2022}\x{2022}\x{2022}\x{2022}\x{2022}\x{2022}\x{2022}\x{2022}\x{2022}\x{2022}\x{2022}\x{2022}\x{2022}\x{2022}\x{2022}\x{2022}\x{2022}\x{2022}\x{2022}\x{2022}\x{2022}\x{2022}"
layer at (12,217) size 151x16
  RenderBlock {DIV} at (2,3) size 151x16
layer at (12,217) size 151x16 scrollWidth 319
  RenderBlock {DIV} at (2,3) size 151x16 [color=#A9A9A9]
    RenderText {#text} at (1,0) size 317x16
      text run at (1,0) width 317: "Lorem ipsum dolor sit amet, consectetur adipiscing elit"
layer at (177,217) size 138x16
  RenderBlock {DIV} at (0,0) size 138x16
layer at (177,217) size 138x16 scrollWidth 319
  RenderBlock {DIV} at (4,3) size 138x16 [color=#A9A9A9]
    RenderText {#text} at (1,0) size 317x16
      text run at (1,0) width 317: "Lorem ipsum dolor sit amet, consectetur adipiscing elit"
layer at (340,217) size 151x16 scrollWidth 319
  RenderBlock {DIV} at (2,3) size 151x16
    RenderText {#text} at (1,0) size 317x16
      text run at (1,0) width 317: "Lorem ipsum dolor sit amet, consectetur adipiscing elit"
layer at (505,217) size 138x16 scrollWidth 319
  RenderBlock {DIV} at (0,0) size 138x16
    RenderText {#text} at (1,0) size 317x16
      text run at (1,0) width 317: "Lorem ipsum dolor sit amet, consectetur adipiscing elit"
layer at (12,243) size 151x16 scrollWidth 277
  RenderBlock {DIV} at (2,3) size 151x16
    RenderText {#text} at (1,0) size 275x16
      text run at (1,0) width 275: "\x{2022}\x{2022}\x{2022}\x{2022}\x{2022}\x{2022}\x{2022}\x{2022}\x{2022}\x{2022}\x{2022}\x{2022}\x{2022}\x{2022}\x{2022}\x{2022}\x{2022}\x{2022}\x{2022}\x{2022}\x{2022}\x{2022}\x{2022}\x{2022}\x{2022}\x{2022}\x{2022}\x{2022}\x{2022}\x{2022}\x{2022}\x{2022}\x{2022}\x{2022}\x{2022}\x{2022}\x{2022}\x{2022}\x{2022}\x{2022}\x{2022}\x{2022}\x{2022}\x{2022}\x{2022}\x{2022}\x{2022}\x{2022}\x{2022}\x{2022}\x{2022}\x{2022}\x{2022}\x{2022}\x{2022}"
layer at (12,269) size 151x16
  RenderBlock {DIV} at (2,3) size 151x16
layer at (12,269) size 151x16 scrollX 167 scrollWidth 318
  RenderBlock {DIV} at (2,3) size 151x16 [color=#A9A9A9]
    RenderText {#text} at (-167,0) size 317x16
      text run at (-167,0) width 317: "Lorem ipsum dolor sit amet, consectetur adipiscing elit"
layer at (177,269) size 138x16
  RenderBlock {DIV} at (0,0) size 138x16
layer at (177,269) size 138x16 scrollX 180 scrollWidth 318
  RenderBlock {DIV} at (4,3) size 138x16 [color=#A9A9A9]
    RenderText {#text} at (-180,0) size 317x16
      text run at (-180,0) width 317: "Lorem ipsum dolor sit amet, consectetur adipiscing elit"
layer at (340,269) size 151x16 scrollX 167 scrollWidth 318
  RenderBlock {DIV} at (2,3) size 151x16
    RenderText {#text} at (-167,0) size 317x16
      text run at (-167,0) width 317: "Lorem ipsum dolor sit amet, consectetur adipiscing elit"
layer at (505,269) size 138x16 scrollX 180 scrollWidth 318
  RenderBlock {DIV} at (0,0) size 138x16
    RenderText {#text} at (-180,0) size 317x16
      text run at (-180,0) width 317: "Lorem ipsum dolor sit amet, consectetur adipiscing elit"
layer at (12,295) size 151x16 scrollX 125 scrollWidth 276
  RenderBlock {DIV} at (2,3) size 151x16
    RenderText {#text} at (-125,0) size 275x16
      text run at (-125,0) width 275 RTL: "\x{2022}\x{2022}\x{2022}\x{2022}\x{2022}\x{2022}\x{2022}\x{2022}\x{2022}\x{2022}\x{2022}\x{2022}\x{2022}\x{2022}\x{2022}\x{2022}\x{2022}\x{2022}\x{2022}\x{2022}\x{2022}\x{2022}\x{2022}\x{2022}\x{2022}\x{2022}\x{2022}\x{2022}\x{2022}\x{2022}\x{2022}\x{2022}\x{2022}\x{2022}\x{2022}\x{2022}\x{2022}\x{2022}\x{2022}\x{2022}\x{2022}\x{2022}\x{2022}\x{2022}\x{2022}\x{2022}\x{2022}\x{2022}\x{2022}\x{2022}\x{2022}\x{2022}\x{2022}\x{2022}\x{2022}"
layer at (235,357) size 151x16
  RenderBlock {DIV} at (2,3) size 151x16
layer at (235,357) size 151x16 scrollWidth 319
  RenderBlock {DIV} at (2,3) size 151x16 [color=#A9A9A9]
    RenderText {#text} at (1,0) size 317x16
      text run at (1,0) width 317: "Lorem ipsum dolor sit amet, consectetur adipiscing elit"
layer at (398,357) size 151x16 scrollWidth 319
  RenderBlock {DIV} at (2,3) size 151x16
    RenderText {#text} at (1,0) size 317x16
      text run at (1,0) width 317: "Lorem ipsum dolor sit amet, consectetur adipiscing elit"
layer at (256,383) size 151x16
  RenderBlock {DIV} at (2,3) size 151x16
layer at (256,383) size 151x16 scrollWidth 319
  RenderBlock {DIV} at (2,3) size 151x16 [color=#A9A9A9]
    RenderText {#text} at (1,0) size 317x16
      text run at (1,0) width 317: "Lorem ipsum dolor sit amet, consectetur adipiscing elit"
layer at (419,383) size 151x16 scrollWidth 319
  RenderBlock {DIV} at (2,3) size 151x16
    RenderText {#text} at (1,0) size 317x16
      text run at (1,0) width 317: "Lorem ipsum dolor sit amet, consectetur adipiscing elit"
