layer at (0,0) size 800x600
  RenderView at (0,0) size 800x600
layer at (0,0) size 800x600
  RenderBlock {HTML} at (0,0) size 800x600
    RenderBody {BODY} at (8,8) size 784x584
      RenderBlock {DIV} at (0,0) size 784x22 [textStrokeColor=#FF0000] [textStrokeWidth=1.00] [border: (1px dashed #000000)]
        RenderText {#text} at (1,1) size 258x19
          text run at (1,1) width 258: "This text should have a red 1px red stroke."
