layer at (0,0) size 785x1050
  RenderView at (0,0) size 785x600
layer at (0,0) size 785x1050
  RenderBlock {HTML} at (0,0) size 785x1050
    RenderBody {BODY} at (8,8) size 769x584
      RenderBlock (floating) {DIV} at (0,0) size 352x817 [border: (1px solid #FF0000)]
        RenderBlock (anonymous) at (1,1) size 350x14
          RenderText {#text} at (0,-1) size 181x17
            text run at (0,-1) width 181: "Plain textarea with little content"
        RenderBlock {DIV} at (1,15) size 352x40 [border: (1px solid #FF0000)]
          RenderText {#text} at (1,24) size 14x17
            text run at (1,24) width 14: "A "
          RenderText {#text} at (180,24) size 13x17
            text run at (180,24) width 13: " B"
        RenderBlock (anonymous) at (1,55) size 350x14
          RenderText {#text} at (0,-1) size 77x17
            text run at (0,-1) width 77: "Plain textarea"
        RenderBlock {DIV} at (1,69) size 352x40 [border: (1px solid #FF0000)]
          RenderText {#text} at (1,24) size 14x17
            text run at (1,24) width 14: "A "
          RenderText {#text} at (180,24) size 13x17
            text run at (180,24) width 13: " B"
        RenderBlock (anonymous) at (1,109) size 350x14
          RenderText {#text} at (0,-1) size 97x17
            text run at (0,-1) width 97: "Disabled textarea"
        RenderBlock {DIV} at (1,123) size 352x40 [border: (1px solid #FF0000)]
          RenderText {#text} at (1,24) size 14x17
            text run at (1,24) width 14: "A "
          RenderText {#text} at (180,24) size 13x17
            text run at (180,24) width 13: " B"
        RenderBlock (anonymous) at (1,163) size 350x14
          RenderText {#text} at (0,-1) size 123x17
            text run at (0,-1) width 123: "style=\"padding:10px\""
        RenderBlock {DIV} at (1,177) size 352x56 [border: (1px solid #FF0000)]
          RenderText {#text} at (1,40) size 14x17
            text run at (1,40) width 14: "A "
          RenderText {#text} at (196,40) size 13x17
            text run at (196,40) width 13: " B"
        RenderBlock (anonymous) at (1,233) size 350x14
          RenderText {#text} at (0,-1) size 116x17
            text run at (0,-1) width 116: "style=\"padding:0px\""
        RenderBlock {DIV} at (1,247) size 352x36 [border: (1px solid #FF0000)]
          RenderText {#text} at (1,20) size 14x17
            text run at (1,20) width 14: "A "
          RenderText {#text} at (176,20) size 13x17
            text run at (176,20) width 13: " B"
        RenderBlock (anonymous) at (1,283) size 350x14
          RenderText {#text} at (0,-1) size 118x17
            text run at (0,-1) width 118: "style=\"margin:10px\""
        RenderBlock {DIV} at (1,297) size 352x56 [border: (1px solid #FF0000)]
          RenderText {#text} at (1,40) size 14x17
            text run at (1,40) width 14: "A "
          RenderText {#text} at (196,40) size 13x17
            text run at (196,40) width 13: " B"
        RenderBlock (anonymous) at (1,353) size 350x14
          RenderText {#text} at (0,-1) size 111x17
            text run at (0,-1) width 111: "style=\"margin:0px\""
        RenderBlock {DIV} at (1,367) size 352x36 [border: (1px solid #FF0000)]
          RenderText {#text} at (1,20) size 14x17
            text run at (1,20) width 14: "A "
          RenderText {#text} at (176,20) size 13x17
            text run at (176,20) width 13: " B"
        RenderBlock (anonymous) at (1,403) size 350x14
          RenderText {#text} at (0,-1) size 37x17
            text run at (0,-1) width 37: "cols=3"
        RenderBlock {DIV} at (1,417) size 352x40 [border: (1px solid #FF0000)]
          RenderText {#text} at (1,24) size 14x17
            text run at (1,24) width 14: "A "
          RenderText {#text} at (61,24) size 13x17
            text run at (61,24) width 13: " B"
        RenderBlock (anonymous) at (1,457) size 350x14
          RenderText {#text} at (0,-1) size 42x17
            text run at (0,-1) width 42: "rows=3"
        RenderBlock {DIV} at (1,471) size 352x53 [border: (1px solid #FF0000)]
          RenderText {#text} at (1,37) size 14x17
            text run at (1,37) width 14: "A "
          RenderText {#text} at (180,37) size 13x17
            text run at (180,37) width 13: " B"
        RenderBlock (anonymous) at (1,524) size 350x14
          RenderText {#text} at (0,-1) size 44x17
            text run at (0,-1) width 44: "cols=10"
        RenderBlock {DIV} at (1,538) size 352x40 [border: (1px solid #FF0000)]
          RenderText {#text} at (1,24) size 14x17
            text run at (1,24) width 14: "A "
          RenderText {#text} at (110,24) size 13x17
            text run at (110,24) width 13: " B"
        RenderBlock (anonymous) at (1,578) size 350x14
          RenderText {#text} at (0,-1) size 49x17
            text run at (0,-1) width 49: "rows=10"
        RenderBlock {DIV} at (1,592) size 352x144 [border: (1px solid #FF0000)]
          RenderText {#text} at (1,128) size 14x17
            text run at (1,128) width 14: "A "
          RenderText {#text} at (180,128) size 13x17
            text run at (180,128) width 13: " B"
        RenderBlock (anonymous) at (1,736) size 350x14
          RenderText {#text} at (0,-1) size 83x17
            text run at (0,-1) width 83: "cols=5 rows=4"
        RenderBlock {DIV} at (1,750) size 352x66 [border: (1px solid #FF0000)]
          RenderText {#text} at (1,50) size 14x17
            text run at (1,50) width 14: "A "
          RenderText {#text} at (75,50) size 13x17
            text run at (75,50) width 13: " B"
      RenderBlock (floating) {DIV} at (352,0) size 352x1042 [border: (1px solid #FF0000)]
        RenderBlock (anonymous) at (1,1) size 350x14
          RenderText {#text} at (0,-1) size 110x17
            text run at (0,-1) width 110: "style=\"width:60px\""
        RenderBlock {DIV} at (1,15) size 352x40 [border: (1px solid #FF0000)]
          RenderText {#text} at (1,24) size 14x17
            text run at (1,24) width 14: "A "
          RenderText {#text} at (75,24) size 13x17
            text run at (75,24) width 13: " B"
        RenderBlock (anonymous) at (1,55) size 350x14
          RenderText {#text} at (0,-1) size 191x17
            text run at (0,-1) width 191: "style=\"width:60px;padding:20px\""
        RenderBlock {DIV} at (1,69) size 352x76 [border: (1px solid #FF0000)]
          RenderText {#text} at (1,60) size 14x17
            text run at (1,60) width 14: "A "
          RenderText {#text} at (75,60) size 13x17
            text run at (75,60) width 13: " B"
        RenderBlock (anonymous) at (1,145) size 350x14
          RenderText {#text} at (0,-1) size 170x17
            text run at (0,-1) width 170: "style=\"width:60px;padding:0\""
        RenderBlock {DIV} at (1,159) size 352x36 [border: (1px solid #FF0000)]
          RenderText {#text} at (1,20) size 14x17
            text run at (1,20) width 14: "A "
          RenderText {#text} at (75,20) size 13x17
            text run at (75,20) width 13: " B"
        RenderBlock (anonymous) at (1,195) size 350x14
          RenderText {#text} at (0,-1) size 113x17
            text run at (0,-1) width 113: "style=\"height:60px\""
        RenderBlock {DIV} at (1,209) size 352x64 [border: (1px solid #FF0000)]
          RenderText {#text} at (1,48) size 14x17
            text run at (1,48) width 14: "A "
          RenderText {#text} at (180,48) size 13x17
            text run at (180,48) width 13: " B"
        RenderBlock (anonymous) at (1,273) size 350x14
          RenderText {#text} at (0,-1) size 181x17
            text run at (0,-1) width 181: "style=\"width:60px;height:60px\""
        RenderBlock {DIV} at (1,287) size 352x64 [border: (1px solid #FF0000)]
          RenderText {#text} at (1,48) size 14x17
            text run at (1,48) width 14: "A "
          RenderText {#text} at (75,48) size 13x17
            text run at (75,48) width 13: " B"
        RenderBlock (anonymous) at (1,351) size 350x14
          RenderText {#text} at (0,-1) size 139x17
            text run at (0,-1) width 139: "style=\"overflow:hidden\""
        RenderBlock {DIV} at (1,365) size 352x40 [border: (1px solid #FF0000)]
          RenderText {#text} at (1,24) size 14x17
            text run at (1,24) width 14: "A "
          RenderText {#text} at (180,24) size 13x17
            text run at (180,24) width 13: " B"
        RenderBlock (anonymous) at (1,405) size 350x14
          RenderText {#text} at (0,-1) size 132x17
            text run at (0,-1) width 132: "style=\"overflow:scroll\""
        RenderBlock {DIV} at (1,419) size 352x55 [border: (1px solid #FF0000)]
          RenderText {#text} at (1,39) size 14x17
            text run at (1,39) width 14: "A "
          RenderText {#text} at (180,39) size 13x17
            text run at (180,39) width 13: " B"
        RenderBlock (anonymous) at (1,474) size 350x14
          RenderText {#text} at (0,-1) size 278x17
            text run at (0,-1) width 278: "style=\"overflow:hidden;width:60px;height:60px\""
        RenderBlock {DIV} at (1,488) size 352x64 [border: (1px solid #FF0000)]
          RenderText {#text} at (1,48) size 14x17
            text run at (1,48) width 14: "A "
          RenderText {#text} at (75,48) size 13x17
            text run at (75,48) width 13: " B"
        RenderBlock (anonymous) at (1,552) size 350x14
          RenderText {#text} at (0,-1) size 271x17
            text run at (0,-1) width 271: "style=\"overflow:scroll;width:60px;height:60px\""
        RenderBlock {DIV} at (1,566) size 352x64 [border: (1px solid #FF0000)]
          RenderText {#text} at (1,48) size 14x17
            text run at (1,48) width 14: "A "
          RenderText {#text} at (75,48) size 13x17
            text run at (75,48) width 13: " B"
        RenderBlock (anonymous) at (1,630) size 350x14
          RenderText {#text} at (0,-1) size 222x17
            text run at (0,-1) width 222: "cols=5 style=\"width:60px;height:60px\""
        RenderBlock {DIV} at (1,644) size 352x64 [border: (1px solid #FF0000)]
          RenderText {#text} at (1,48) size 14x17
            text run at (1,48) width 14: "A "
          RenderText {#text} at (75,48) size 13x17
            text run at (75,48) width 13: " B"
        RenderBlock (anonymous) at (1,708) size 350x14
          RenderText {#text} at (0,-1) size 227x17
            text run at (0,-1) width 227: "rows=4 style=\"width:60px;height:60px\""
        RenderBlock {DIV} at (1,722) size 352x64 [border: (1px solid #FF0000)]
          RenderText {#text} at (1,48) size 14x17
            text run at (1,48) width 14: "A "
          RenderText {#text} at (75,48) size 13x17
            text run at (75,48) width 13: " B"
        RenderBlock (anonymous) at (1,786) size 350x14
          RenderText {#text} at (0,-1) size 268x17
            text run at (0,-1) width 268: "cols=5 rows=4 style=\"width:60px;height:60px\""
        RenderBlock {DIV} at (1,800) size 352x64 [border: (1px solid #FF0000)]
          RenderText {#text} at (1,48) size 14x17
            text run at (1,48) width 14: "A "
          RenderText {#text} at (75,48) size 13x17
            text run at (75,48) width 13: " B"
        RenderBlock (anonymous) at (1,864) size 350x14
          RenderText {#text} at (0,-1) size 65x17
            text run at (0,-1) width 65: "wrap=\"off\""
        RenderBlock {DIV} at (1,878) size 352x55 [border: (1px solid #FF0000)]
          RenderText {#text} at (1,39) size 14x17
            text run at (1,39) width 14: "A "
          RenderText {#text} at (180,39) size 13x17
            text run at (180,39) width 4: " "
            text run at (184,39) width 9: "B"
        RenderBlock (anonymous) at (1,933) size 350x14
          RenderText {#text} at (0,-1) size 73x17
            text run at (0,-1) width 73: "wrap=\"hard\""
        RenderBlock {DIV} at (1,947) size 352x40 [border: (1px solid #FF0000)]
          RenderText {#text} at (1,24) size 14x17
            text run at (1,24) width 14: "A "
          RenderText {#text} at (180,24) size 13x17
            text run at (180,24) width 4: " "
            text run at (184,24) width 9: "B"
        RenderBlock (anonymous) at (1,987) size 350x14
          RenderText {#text} at (0,-1) size 69x17
            text run at (0,-1) width 69: "wrap=\"soft\""
        RenderBlock {DIV} at (1,1001) size 352x40 [border: (1px solid #FF0000)]
          RenderText {#text} at (1,24) size 14x17
            text run at (1,24) width 14: "A "
          RenderText {#text} at (180,24) size 13x17
            text run at (180,24) width 4: " "
            text run at (184,24) width 9: "B"
layer at (26,26) size 161x32 clip at (27,27) size 159x30
  RenderTextControl {TEXTAREA} at (17,3) size 161x32 [bgcolor=#FFFFFF] [border: (1px solid #000000)]
    RenderBlock {DIV} at (3,3) size 155x13
      RenderText {#text} at (0,0) size 102x13
        text run at (0,0) width 102: "Lorem ipsum dolor"
layer at (26,80) size 161x32 clip at (27,81) size 144x30 scrollHeight 56
  RenderTextControl {TEXTAREA} at (17,3) size 161x32 [bgcolor=#FFFFFF] [border: (1px solid #000000)]
    RenderBlock {DIV} at (3,3) size 140x52
      RenderText {#text} at (0,0) size 138x52
        text run at (0,0) width 102: "Lorem ipsum dolor"
        text run at (101,0) width 4: " "
        text run at (0,13) width 138: "ABCDEFGHIJKLMNOPQRST"
        text run at (0,26) width 45: "UVWXYZ"
        text run at (44,26) width 5: " "
        text run at (0,39) width 130: "abcdefghijklmnopqrstuv"
        text run at (129,39) width 5: " "
layer at (26,134) size 161x32 clip at (27,135) size 144x30 scrollHeight 56
  RenderTextControl {TEXTAREA} at (17,3) size 161x32 [bgcolor=#FFFFFF] [border: (1px solid #000000)]
    RenderBlock {DIV} at (3,3) size 140x52 [color=#545454]
      RenderText {#text} at (0,0) size 138x52
        text run at (0,0) width 102: "Lorem ipsum dolor"
        text run at (101,0) width 4: " "
        text run at (0,13) width 138: "ABCDEFGHIJKLMNOPQRST"
        text run at (0,26) width 45: "UVWXYZ"
        text run at (44,26) width 5: " "
        text run at (0,39) width 130: "abcdefghijklmnopqrstuv"
        text run at (129,39) width 5: " "
layer at (26,188) size 177x48 clip at (27,189) size 160x46 scrollHeight 72
  RenderTextControl {TEXTAREA} at (17,3) size 177x48 [bgcolor=#FFFFFF] [border: (1px solid #000000)]
    RenderBlock {DIV} at (11,11) size 140x52
      RenderText {#text} at (0,0) size 138x52
        text run at (0,0) width 102: "Lorem ipsum dolor"
        text run at (101,0) width 4: " "
        text run at (0,13) width 138: "ABCDEFGHIJKLMNOPQRST"
        text run at (0,26) width 45: "UVWXYZ"
        text run at (44,26) width 5: " "
        text run at (0,39) width 130: "abcdefghijklmnopqrstuv"
        text run at (129,39) width 5: " "
layer at (26,258) size 157x28 clip at (27,259) size 140x26 scrollHeight 52
  RenderTextControl {TEXTAREA} at (17,3) size 157x28 [bgcolor=#FFFFFF] [border: (1px solid #000000)]
    RenderBlock {DIV} at (1,1) size 140x52
      RenderText {#text} at (0,0) size 138x52
        text run at (0,0) width 102: "Lorem ipsum dolor"
        text run at (101,0) width 4: " "
        text run at (0,13) width 138: "ABCDEFGHIJKLMNOPQRST"
        text run at (0,26) width 45: "UVWXYZ"
        text run at (44,26) width 5: " "
        text run at (0,39) width 130: "abcdefghijklmnopqrstuv"
        text run at (129,39) width 5: " "
layer at (34,316) size 161x32 clip at (35,317) size 144x30 scrollHeight 56
  RenderTextControl {TEXTAREA} at (25,11) size 161x32 [bgcolor=#FFFFFF] [border: (1px solid #000000)]
    RenderBlock {DIV} at (3,3) size 140x52
      RenderText {#text} at (0,0) size 138x52
        text run at (0,0) width 102: "Lorem ipsum dolor"
        text run at (101,0) width 4: " "
        text run at (0,13) width 138: "ABCDEFGHIJKLMNOPQRST"
        text run at (0,26) width 45: "UVWXYZ"
        text run at (44,26) width 5: " "
        text run at (0,39) width 130: "abcdefghijklmnopqrstuv"
        text run at (129,39) width 5: " "
layer at (24,376) size 161x32 clip at (25,377) size 144x30 scrollHeight 56
  RenderTextControl {TEXTAREA} at (15,1) size 161x32 [bgcolor=#FFFFFF] [border: (1px solid #000000)]
    RenderBlock {DIV} at (3,3) size 140x52
      RenderText {#text} at (0,0) size 138x52
        text run at (0,0) width 102: "Lorem ipsum dolor"
        text run at (101,0) width 4: " "
        text run at (0,13) width 138: "ABCDEFGHIJKLMNOPQRST"
        text run at (0,26) width 45: "UVWXYZ"
        text run at (44,26) width 5: " "
        text run at (0,39) width 130: "abcdefghijklmnopqrstuv"
        text run at (129,39) width 5: " "
layer at (26,428) size 42x32 clip at (27,429) size 25x30 scrollHeight 316
  RenderTextControl {TEXTAREA} at (17,3) size 42x32 [bgcolor=#FFFFFF] [border: (1px solid #000000)]
    RenderBlock {DIV} at (3,3) size 21x312
      RenderText {#text} at (0,0) size 21x312
        text run at (0,0) width 18: "Lor"
        text run at (0,13) width 17: "em"
        text run at (16,13) width 4: " "
        text run at (0,26) width 16: "ips"
        text run at (0,39) width 18: "um"
        text run at (17,39) width 4: " "
        text run at (0,52) width 17: "dol"
        text run at (0,65) width 12: "or"
        text run at (11,65) width 4: " "
        text run at (0,78) width 14: "AB"
        text run at (0,91) width 16: "CD"
        text run at (0,104) width 20: "EFG"
        text run at (0,117) width 15: "HIJ"
        text run at (0,130) width 14: "KL"
        text run at (0,143) width 18: "MN"
        text run at (0,156) width 15: "OP"
        text run at (0,169) width 16: "QR"
        text run at (0,182) width 21: "STU"
        text run at (0,195) width 17: "VW"
        text run at (0,208) width 21: "XYZ"
        text run at (20,208) width 1: " "
        text run at (0,221) width 19: "abc"
        text run at (0,234) width 18: "def"
        text run at (0,247) width 21: "ghij"
        text run at (0,260) width 20: "klm"
        text run at (0,273) width 21: "nop"
        text run at (0,286) width 18: "qrs"
        text run at (0,299) width 17: "tuv"
        text run at (16,299) width 5: " "
layer at (26,482) size 161x45 clip at (27,483) size 144x43 scrollHeight 56
  RenderTextControl {TEXTAREA} at (17,3) size 161x45 [bgcolor=#FFFFFF] [border: (1px solid #000000)]
    RenderBlock {DIV} at (3,3) size 140x52
      RenderText {#text} at (0,0) size 138x52
        text run at (0,0) width 102: "Lorem ipsum dolor"
        text run at (101,0) width 4: " "
        text run at (0,13) width 138: "ABCDEFGHIJKLMNOPQRST"
        text run at (0,26) width 45: "UVWXYZ"
        text run at (44,26) width 5: " "
        text run at (0,39) width 130: "abcdefghijklmnopqrstuv"
        text run at (129,39) width 5: " "
layer at (26,549) size 91x32 clip at (27,550) size 74x30 scrollHeight 95
  RenderTextControl {TEXTAREA} at (17,3) size 91x32 [bgcolor=#FFFFFF] [border: (1px solid #000000)]
    RenderBlock {DIV} at (3,3) size 70x91
      RenderText {#text} at (0,0) size 70x91
        text run at (0,0) width 70: "Lorem ipsum"
        text run at (69,0) width 1: " "
        text run at (0,13) width 29: "dolor"
        text run at (28,13) width 4: " "
        text run at (0,26) width 65: "ABCDEFGHIJ"
        text run at (0,39) width 67: "KLMNOPQRS"
        text run at (0,52) width 52: "TUVWXYZ"
        text run at (51,52) width 5: " "
        text run at (0,65) width 66: "abcdefghijkl"
        text run at (0,78) width 65: "mnopqrstuv"
        text run at (64,78) width 4: " "
layer at (26,603) size 161x136 clip at (27,604) size 159x134
  RenderTextControl {TEXTAREA} at (17,3) size 161x136 [bgcolor=#FFFFFF] [border: (1px solid #000000)]
    RenderBlock {DIV} at (3,3) size 155x52
      RenderText {#text} at (0,0) size 153x52
        text run at (0,0) width 102: "Lorem ipsum dolor"
        text run at (101,0) width 4: " "
        text run at (0,13) width 153: "ABCDEFGHIJKLMNOPQRSTUV"
        text run at (0,26) width 30: "WXYZ"
        text run at (29,26) width 5: " "
        text run at (0,39) width 130: "abcdefghijklmnopqrstuv"
        text run at (129,39) width 5: " "
layer at (26,761) size 56x58 clip at (27,762) size 39x56 scrollHeight 186
  RenderTextControl {TEXTAREA} at (17,3) size 56x58 [bgcolor=#FFFFFF] [border: (1px solid #000000)]
    RenderBlock {DIV} at (3,3) size 35x182
      RenderText {#text} at (0,0) size 35x182
        text run at (0,0) width 34: "Lorem"
        text run at (33,0) width 2: " "
        text run at (0,13) width 33: "ipsum"
        text run at (32,13) width 3: " "
        text run at (0,26) width 29: "dolor"
        text run at (28,26) width 4: " "
        text run at (0,39) width 30: "ABCD"
        text run at (0,52) width 35: "EFGHIJ"
        text run at (0,65) width 31: "KLMN"
        text run at (0,78) width 31: "OPQR"
        text run at (0,91) width 28: "STUV"
        text run at (0,104) width 30: "WXYZ"
        text run at (29,104) width 5: " "
        text run at (0,117) width 32: "abcde"
        text run at (0,130) width 34: "fghijkl"
        text run at (0,143) width 31: "mnop"
        text run at (0,156) width 34: "qrstuv"
        text run at (0,169) width 4: " "
layer at (376,26) size 60x32 clip at (377,27) size 43x30 scrollHeight 160
  RenderTextControl {TEXTAREA} at (15,3) size 60x32 [bgcolor=#FFFFFF] [border: (1px solid #000000)]
    RenderBlock {DIV} at (3,3) size 39x156
      RenderText {#text} at (0,0) size 39x156
        text run at (0,0) width 34: "Lorem"
        text run at (33,0) width 5: " "
        text run at (0,13) width 33: "ipsum"
        text run at (32,13) width 5: " "
        text run at (0,26) width 29: "dolor"
        text run at (28,26) width 4: " "
        text run at (0,39) width 36: "ABCDE"
        text run at (0,52) width 36: "FGHIJK"
        text run at (0,65) width 39: "LMNOP"
        text run at (0,78) width 37: "QRSTU"
        text run at (0,91) width 37: "VWXYZ"
        text run at (36,91) width 3: " "
        text run at (0,104) width 36: "abcdef"
        text run at (0,117) width 30: "ghijkl"
        text run at (0,130) width 38: "mnopq"
        text run at (0,143) width 27: "rstuv"
        text run at (26,143) width 5: " "
layer at (376,80) size 60x68 clip at (377,81) size 43x66 scrollHeight 924
  RenderTextControl {TEXTAREA} at (15,3) size 60x68 [bgcolor=#FFFFFF] [border: (1px solid #000000)]
    RenderBlock {DIV} at (21,21) size 3x884
      RenderText {#text} at (0,0) size 11x884
        text run at (0,0) width 6: "L"
        text run at (0,13) width 7: "o"
        text run at (0,26) width 5: "r"
        text run at (0,39) width 7: "e"
        text run at (0,52) width 11: "m"
        text run at (0,65) width 3: " "
        text run at (0,78) width 4: "i"
        text run at (0,91) width 7: "p"
        text run at (0,104) width 6: "s"
        text run at (0,117) width 7: "u"
        text run at (0,130) width 11: "m"
        text run at (0,143) width 3: " "
        text run at (0,156) width 7: "d"
        text run at (0,169) width 7: "o"
        text run at (0,182) width 4: "l"
        text run at (0,195) width 7: "o"
        text run at (0,208) width 5: "r"
        text run at (0,221) width 3: " "
        text run at (0,234) width 8: "A"
        text run at (0,247) width 7: "B"
        text run at (0,260) width 8: "C"
        text run at (0,273) width 9: "D"
        text run at (0,286) width 6: "E"
        text run at (0,299) width 6: "F"
        text run at (0,312) width 8: "G"
        text run at (0,325) width 9: "H"
        text run at (0,338) width 4: "I"
        text run at (0,351) width 4: "J"
        text run at (0,364) width 8: "K"
        text run at (0,377) width 6: "L"
        text run at (0,390) width 10: "M"
        text run at (0,403) width 9: "N"
        text run at (0,416) width 9: "O"
        text run at (0,429) width 7: "P"
        text run at (0,442) width 9: "Q"
        text run at (0,455) width 7: "R"
        text run at (0,468) width 6: "S"
        text run at (0,481) width 7: "T"
        text run at (0,494) width 8: "U"
        text run at (0,507) width 8: "V"
        text run at (0,520) width 10: "W"
        text run at (0,533) width 7: "X"
        text run at (0,546) width 7: "Y"
        text run at (0,559) width 7: "Z"
        text run at (0,572) width 3: " "
        text run at (0,585) width 7: "a"
        text run at (0,598) width 7: "b"
        text run at (0,611) width 6: "c"
        text run at (0,624) width 7: "d"
        text run at (0,637) width 7: "e"
        text run at (0,650) width 5: "f"
        text run at (0,663) width 7: "g"
        text run at (0,676) width 7: "h"
        text run at (0,689) width 4: "i"
        text run at (0,702) width 4: "j"
        text run at (0,715) width 7: "k"
        text run at (0,728) width 4: "l"
        text run at (0,741) width 11: "m"
        text run at (0,754) width 7: "n"
        text run at (0,767) width 7: "o"
        text run at (0,780) width 7: "p"
        text run at (0,793) width 7: "q"
        text run at (0,806) width 5: "r"
        text run at (0,819) width 6: "s"
        text run at (0,832) width 5: "t"
        text run at (0,845) width 7: "u"
        text run at (0,858) width 6: "v"
        text run at (0,871) width 3: " "
layer at (376,170) size 60x28 clip at (377,171) size 43x26 scrollHeight 156
  RenderTextControl {TEXTAREA} at (15,3) size 60x28 [bgcolor=#FFFFFF] [border: (1px solid #000000)]
    RenderBlock {DIV} at (1,1) size 43x156
      RenderText {#text} at (0,0) size 43x156
        text run at (0,0) width 34: "Lorem"
        text run at (33,0) width 5: " "
        text run at (0,13) width 33: "ipsum"
        text run at (32,13) width 5: " "
        text run at (0,26) width 29: "dolor"
        text run at (28,26) width 4: " "
        text run at (0,39) width 42: "ABCDEF"
        text run at (0,52) width 36: "GHIJKL"
        text run at (0,65) width 41: "MNOPQ"
        text run at (0,78) width 35: "RSTUV"
        text run at (0,91) width 30: "WXYZ"
        text run at (29,91) width 5: " "
        text run at (0,104) width 43: "abcdefg"
        text run at (0,117) width 41: "hijklmn"
        text run at (0,130) width 42: "opqrstu"
        text run at (0,143) width 6: "v"
        text run at (5,143) width 5: " "
layer at (378,218) size 161x60 clip at (379,219) size 159x58
  RenderTextControl {TEXTAREA} at (17,1) size 161x60 [bgcolor=#FFFFFF] [border: (1px solid #000000)]
    RenderBlock {DIV} at (3,3) size 155x52
      RenderText {#text} at (0,0) size 153x52
        text run at (0,0) width 102: "Lorem ipsum dolor"
        text run at (101,0) width 4: " "
        text run at (0,13) width 153: "ABCDEFGHIJKLMNOPQRSTUV"
        text run at (0,26) width 30: "WXYZ"
        text run at (29,26) width 5: " "
        text run at (0,39) width 130: "abcdefghijklmnopqrstuv"
        text run at (129,39) width 5: " "
layer at (376,296) size 60x60 clip at (377,297) size 43x58 scrollHeight 160
  RenderTextControl {TEXTAREA} at (15,1) size 60x60 [bgcolor=#FFFFFF] [border: (1px solid #000000)]
    RenderBlock {DIV} at (3,3) size 39x156
      RenderText {#text} at (0,0) size 39x156
        text run at (0,0) width 34: "Lorem"
        text run at (33,0) width 5: " "
        text run at (0,13) width 33: "ipsum"
        text run at (32,13) width 5: " "
        text run at (0,26) width 29: "dolor"
        text run at (28,26) width 4: " "
        text run at (0,39) width 36: "ABCDE"
        text run at (0,52) width 36: "FGHIJK"
        text run at (0,65) width 39: "LMNOP"
        text run at (0,78) width 37: "QRSTU"
        text run at (0,91) width 37: "VWXYZ"
        text run at (36,91) width 3: " "
        text run at (0,104) width 36: "abcdef"
        text run at (0,117) width 30: "ghijkl"
        text run at (0,130) width 38: "mnopq"
        text run at (0,143) width 27: "rstuv"
        text run at (26,143) width 5: " "
layer at (378,376) size 161x32 clip at (379,377) size 159x30 scrollHeight 56
  RenderTextControl {TEXTAREA} at (17,3) size 161x32 [bgcolor=#FFFFFF] [border: (1px solid #000000)]
    RenderBlock {DIV} at (3,3) size 155x52
      RenderText {#text} at (0,0) size 153x52
        text run at (0,0) width 102: "Lorem ipsum dolor"
        text run at (101,0) width 4: " "
        text run at (0,13) width 153: "ABCDEFGHIJKLMNOPQRSTUV"
        text run at (0,26) width 30: "WXYZ"
        text run at (29,26) width 5: " "
        text run at (0,39) width 130: "abcdefghijklmnopqrstuv"
        text run at (129,39) width 5: " "
layer at (378,430) size 161x47 clip at (379,431) size 144x30 scrollHeight 56
  RenderTextControl {TEXTAREA} at (17,3) size 161x47 [bgcolor=#FFFFFF] [border: (1px solid #000000)]
    RenderBlock {DIV} at (3,3) size 140x52
      RenderText {#text} at (0,0) size 138x52
        text run at (0,0) width 102: "Lorem ipsum dolor"
        text run at (101,0) width 4: " "
        text run at (0,13) width 138: "ABCDEFGHIJKLMNOPQRST"
        text run at (0,26) width 45: "UVWXYZ"
        text run at (44,26) width 5: " "
        text run at (0,39) width 130: "abcdefghijklmnopqrstuv"
        text run at (129,39) width 5: " "
layer at (376,497) size 60x60 clip at (377,498) size 58x58 scrollHeight 134
  RenderTextControl {TEXTAREA} at (15,1) size 60x60 [bgcolor=#FFFFFF] [border: (1px solid #000000)]
    RenderBlock {DIV} at (3,3) size 54x130
      RenderText {#text} at (0,0) size 54x130
        text run at (0,0) width 34: "Lorem"
        text run at (33,0) width 5: " "
        text run at (0,13) width 33: "ipsum"
        text run at (32,13) width 5: " "
        text run at (0,26) width 29: "dolor"
        text run at (28,26) width 4: " "
        text run at (0,39) width 50: "ABCDEFG"
        text run at (0,52) width 54: "HIJKLMNO"
        text run at (0,65) width 50: "PQRSTUV"
        text run at (0,78) width 30: "WXYZ"
        text run at (29,78) width 5: " "
        text run at (0,91) width 53: "abcdefghi"
        text run at (0,104) width 51: "jklmnopq"
        text run at (0,117) width 27: "rstuv"
        text run at (26,117) width 5: " "
layer at (376,575) size 60x60 clip at (377,576) size 43x43 scrollHeight 160
  RenderTextControl {TEXTAREA} at (15,1) size 60x60 [bgcolor=#FFFFFF] [border: (1px solid #000000)]
    RenderBlock {DIV} at (3,3) size 39x156
      RenderText {#text} at (0,0) size 39x156
        text run at (0,0) width 34: "Lorem"
        text run at (33,0) width 5: " "
        text run at (0,13) width 33: "ipsum"
        text run at (32,13) width 5: " "
        text run at (0,26) width 29: "dolor"
        text run at (28,26) width 4: " "
        text run at (0,39) width 36: "ABCDE"
        text run at (0,52) width 36: "FGHIJK"
        text run at (0,65) width 39: "LMNOP"
        text run at (0,78) width 37: "QRSTU"
        text run at (0,91) width 37: "VWXYZ"
        text run at (36,91) width 3: " "
        text run at (0,104) width 36: "abcdef"
        text run at (0,117) width 30: "ghijkl"
        text run at (0,130) width 38: "mnopq"
        text run at (0,143) width 27: "rstuv"
        text run at (26,143) width 5: " "
layer at (376,653) size 60x60 clip at (377,654) size 43x58 scrollHeight 160
  RenderTextControl {TEXTAREA} at (15,1) size 60x60 [bgcolor=#FFFFFF] [border: (1px solid #000000)]
    RenderBlock {DIV} at (3,3) size 39x156
      RenderText {#text} at (0,0) size 39x156
        text run at (0,0) width 34: "Lorem"
        text run at (33,0) width 5: " "
        text run at (0,13) width 33: "ipsum"
        text run at (32,13) width 5: " "
        text run at (0,26) width 29: "dolor"
        text run at (28,26) width 4: " "
        text run at (0,39) width 36: "ABCDE"
        text run at (0,52) width 36: "FGHIJK"
        text run at (0,65) width 39: "LMNOP"
        text run at (0,78) width 37: "QRSTU"
        text run at (0,91) width 37: "VWXYZ"
        text run at (36,91) width 3: " "
        text run at (0,104) width 36: "abcdef"
        text run at (0,117) width 30: "ghijkl"
        text run at (0,130) width 38: "mnopq"
        text run at (0,143) width 27: "rstuv"
        text run at (26,143) width 5: " "
layer at (376,731) size 60x60 clip at (377,732) size 43x58 scrollHeight 160
  RenderTextControl {TEXTAREA} at (15,1) size 60x60 [bgcolor=#FFFFFF] [border: (1px solid #000000)]
    RenderBlock {DIV} at (3,3) size 39x156
      RenderText {#text} at (0,0) size 39x156
        text run at (0,0) width 34: "Lorem"
        text run at (33,0) width 5: " "
        text run at (0,13) width 33: "ipsum"
        text run at (32,13) width 5: " "
        text run at (0,26) width 29: "dolor"
        text run at (28,26) width 4: " "
        text run at (0,39) width 36: "ABCDE"
        text run at (0,52) width 36: "FGHIJK"
        text run at (0,65) width 39: "LMNOP"
        text run at (0,78) width 37: "QRSTU"
        text run at (0,91) width 37: "VWXYZ"
        text run at (36,91) width 3: " "
        text run at (0,104) width 36: "abcdef"
        text run at (0,117) width 30: "ghijkl"
        text run at (0,130) width 38: "mnopq"
        text run at (0,143) width 27: "rstuv"
        text run at (26,143) width 5: " "
layer at (376,809) size 60x60 clip at (377,810) size 43x58 scrollHeight 160
  RenderTextControl {TEXTAREA} at (15,1) size 60x60 [bgcolor=#FFFFFF] [border: (1px solid #000000)]
    RenderBlock {DIV} at (3,3) size 39x156
      RenderText {#text} at (0,0) size 39x156
        text run at (0,0) width 34: "Lorem"
        text run at (33,0) width 5: " "
        text run at (0,13) width 33: "ipsum"
        text run at (32,13) width 5: " "
        text run at (0,26) width 29: "dolor"
        text run at (28,26) width 4: " "
        text run at (0,39) width 36: "ABCDE"
        text run at (0,52) width 36: "FGHIJK"
        text run at (0,65) width 39: "LMNOP"
        text run at (0,78) width 37: "QRSTU"
        text run at (0,91) width 37: "VWXYZ"
        text run at (36,91) width 3: " "
        text run at (0,104) width 36: "abcdef"
        text run at (0,117) width 30: "ghijkl"
        text run at (0,130) width 38: "mnopq"
        text run at (0,143) width 27: "rstuv"
        text run at (26,143) width 5: " "
layer at (378,889) size 161x47 clip at (379,890) size 144x30 scrollWidth 191 scrollHeight 212
  RenderTextControl {TEXTAREA} at (17,3) size 161x47 [bgcolor=#FFFFFF] [border: (1px solid #000000)]
    RenderBlock {DIV} at (3,3) size 140x208
      RenderText {#text} at (0,0) size 189x195
        text run at (0,0) width 4: " "
        text run at (3,0) width 1: " "
        text run at (0,13) width 189: "This is a text area with wrap=\"soft\""
        text run at (188,13) width 1: " "
        text run at (0,26) width 189: "This is a text area with wrap=\"soft\""
        text run at (188,26) width 1: " "
        text run at (0,39) width 189: "This is a text area with wrap=\"soft\""
        text run at (188,39) width 1: " "
        text run at (0,52) width 189: "This is a text area with wrap=\"soft\""
        text run at (188,52) width 1: " "
        text run at (0,65) width 189: "This is a text area with wrap=\"soft\""
        text run at (188,65) width 1: " "
        text run at (0,78) width 189: "This is a text area with wrap=\"soft\""
        text run at (188,78) width 1: " "
        text run at (0,91) width 189: "This is a text area with wrap=\"soft\""
        text run at (188,91) width 1: " "
        text run at (0,104) width 189: "This is a text area with wrap=\"soft\""
        text run at (188,104) width 1: " "
        text run at (0,117) width 189: "This is a text area with wrap=\"soft\""
        text run at (188,117) width 1: " "
        text run at (0,130) width 189: "This is a text area with wrap=\"soft\""
        text run at (188,130) width 1: " "
        text run at (0,143) width 189: "This is a text area with wrap=\"soft\""
        text run at (188,143) width 1: " "
        text run at (0,156) width 189: "This is a text area with wrap=\"soft\""
        text run at (188,156) width 1: " "
        text run at (0,169) width 189: "This is a text area with wrap=\"soft\""
        text run at (188,169) width 1: " "
        text run at (0,182) width 189: "This is a text area with wrap=\"soft\""
        text run at (188,182) width 1: " "
      RenderBR {BR} at (0,195) size 0x13
layer at (378,958) size 161x32 clip at (379,959) size 144x30 scrollHeight 394
  RenderTextControl {TEXTAREA} at (17,3) size 161x32 [bgcolor=#FFFFFF] [border: (1px solid #000000)]
    RenderBlock {DIV} at (3,3) size 140x390
      RenderText {#text} at (0,0) size 125x377
        text run at (0,0) width 4: " "
        text run at (3,0) width 1: " "
        text run at (0,13) width 122: "This is a text area with"
        text run at (121,13) width 4: " "
        text run at (0,26) width 64: "wrap=\"soft\""
        text run at (63,26) width 1: " "
        text run at (0,39) width 122: "This is a text area with"
        text run at (121,39) width 4: " "
        text run at (0,52) width 64: "wrap=\"soft\""
        text run at (63,52) width 1: " "
        text run at (0,65) width 122: "This is a text area with"
        text run at (121,65) width 4: " "
        text run at (0,78) width 64: "wrap=\"soft\""
        text run at (63,78) width 1: " "
        text run at (0,91) width 122: "This is a text area with"
        text run at (121,91) width 4: " "
        text run at (0,104) width 64: "wrap=\"soft\""
        text run at (63,104) width 1: " "
        text run at (0,117) width 122: "This is a text area with"
        text run at (121,117) width 4: " "
        text run at (0,130) width 64: "wrap=\"soft\""
        text run at (63,130) width 1: " "
        text run at (0,143) width 122: "This is a text area with"
        text run at (121,143) width 4: " "
        text run at (0,156) width 64: "wrap=\"soft\""
        text run at (63,156) width 1: " "
        text run at (0,169) width 122: "This is a text area with"
        text run at (121,169) width 4: " "
        text run at (0,182) width 64: "wrap=\"soft\""
        text run at (63,182) width 1: " "
        text run at (0,195) width 122: "This is a text area with"
        text run at (121,195) width 4: " "
        text run at (0,208) width 64: "wrap=\"soft\""
        text run at (63,208) width 1: " "
        text run at (0,221) width 122: "This is a text area with"
        text run at (121,221) width 4: " "
        text run at (0,234) width 64: "wrap=\"soft\""
        text run at (63,234) width 1: " "
        text run at (0,247) width 122: "This is a text area with"
        text run at (121,247) width 4: " "
        text run at (0,260) width 64: "wrap=\"soft\""
        text run at (63,260) width 1: " "
        text run at (0,273) width 122: "This is a text area with"
        text run at (121,273) width 4: " "
        text run at (0,286) width 64: "wrap=\"soft\""
        text run at (63,286) width 1: " "
        text run at (0,299) width 122: "This is a text area with"
        text run at (121,299) width 4: " "
        text run at (0,312) width 64: "wrap=\"soft\""
        text run at (63,312) width 1: " "
        text run at (0,325) width 122: "This is a text area with"
        text run at (121,325) width 4: " "
        text run at (0,338) width 64: "wrap=\"soft\""
        text run at (63,338) width 1: " "
        text run at (0,351) width 122: "This is a text area with"
        text run at (121,351) width 4: " "
        text run at (0,364) width 64: "wrap=\"soft\""
        text run at (63,364) width 1: " "
      RenderBR {BR} at (0,377) size 0x13
layer at (378,1012) size 161x32 clip at (379,1013) size 144x30 scrollHeight 394
  RenderTextControl {TEXTAREA} at (17,3) size 161x32 [bgcolor=#FFFFFF] [border: (1px solid #000000)]
    RenderBlock {DIV} at (3,3) size 140x390
      RenderText {#text} at (0,0) size 125x377
        text run at (0,0) width 4: " "
        text run at (3,0) width 1: " "
        text run at (0,13) width 122: "This is a text area with"
        text run at (121,13) width 4: " "
        text run at (0,26) width 64: "wrap=\"soft\""
        text run at (63,26) width 1: " "
        text run at (0,39) width 122: "This is a text area with"
        text run at (121,39) width 4: " "
        text run at (0,52) width 64: "wrap=\"soft\""
        text run at (63,52) width 1: " "
        text run at (0,65) width 122: "This is a text area with"
        text run at (121,65) width 4: " "
        text run at (0,78) width 64: "wrap=\"soft\""
        text run at (63,78) width 1: " "
        text run at (0,91) width 122: "This is a text area with"
        text run at (121,91) width 4: " "
        text run at (0,104) width 64: "wrap=\"soft\""
        text run at (63,104) width 1: " "
        text run at (0,117) width 122: "This is a text area with"
        text run at (121,117) width 4: " "
        text run at (0,130) width 64: "wrap=\"soft\""
        text run at (63,130) width 1: " "
        text run at (0,143) width 122: "This is a text area with"
        text run at (121,143) width 4: " "
        text run at (0,156) width 64: "wrap=\"soft\""
        text run at (63,156) width 1: " "
        text run at (0,169) width 122: "This is a text area with"
        text run at (121,169) width 4: " "
        text run at (0,182) width 64: "wrap=\"soft\""
        text run at (63,182) width 1: " "
        text run at (0,195) width 122: "This is a text area with"
        text run at (121,195) width 4: " "
        text run at (0,208) width 64: "wrap=\"soft\""
        text run at (63,208) width 1: " "
        text run at (0,221) width 122: "This is a text area with"
        text run at (121,221) width 4: " "
        text run at (0,234) width 64: "wrap=\"soft\""
        text run at (63,234) width 1: " "
        text run at (0,247) width 122: "This is a text area with"
        text run at (121,247) width 4: " "
        text run at (0,260) width 64: "wrap=\"soft\""
        text run at (63,260) width 1: " "
        text run at (0,273) width 122: "This is a text area with"
        text run at (121,273) width 4: " "
        text run at (0,286) width 64: "wrap=\"soft\""
        text run at (63,286) width 1: " "
        text run at (0,299) width 122: "This is a text area with"
        text run at (121,299) width 4: " "
        text run at (0,312) width 64: "wrap=\"soft\""
        text run at (63,312) width 1: " "
        text run at (0,325) width 122: "This is a text area with"
        text run at (121,325) width 4: " "
        text run at (0,338) width 64: "wrap=\"soft\""
        text run at (63,338) width 1: " "
        text run at (0,351) width 122: "This is a text area with"
        text run at (121,351) width 4: " "
        text run at (0,364) width 64: "wrap=\"soft\""
        text run at (63,364) width 1: " "
      RenderBR {BR} at (0,377) size 0x13
