layer at (0,0) size 800x600
  RenderView at (0,0) size 800x600
layer at (0,0) size 800x600
  RenderBlock {HTML} at (0,0) size 800x600
    RenderBody {BODY} at (8,8) size 784x576
      RenderBlock (anonymous) at (0,0) size 784x23
        RenderTextControl {INPUT} at (2,2) size 123x19 [bgcolor=#FFFFFF] [border: (2px inset #000000)]
        RenderText {#text} at (0,0) size 0x0
      RenderBlock {P} at (0,39) size 784x18
        RenderText {#text} at (0,0) size 732x18
          text run at (0,0) width 732: "Tests drag-selecting down. If the test succeeds, the text from the center to the end of the text field should be selected."
layer at (13,13) size 117x13 scrollWidth 125
  RenderBlock {DIV} at (3,3) size 117x13
    RenderText {#text} at (0,0) size 124x13
      text run at (0,0) width 124: "This is a bunch of text."
selection start: position 8 of child 0 {#text} of child 0 {DIV} of {#document-fragment} of child 0 {INPUT} of body
selection end:   position 24 of child 0 {#text} of child 0 {DIV} of {#document-fragment} of child 0 {INPUT} of body
