layer at (0,0) size 800x600
  RenderView at (0,0) size 800x600
layer at (0,0) size 800x600
  RenderBlock {HTML} at (0,0) size 800x600
    RenderBody {BODY} at (8,8) size 784x584
      RenderText {#text} at (0,0) size 568x18
        text run at (0,0) width 568: "This tests that background color and background images can be set on the new text fields. "
      RenderBR {BR} at (568,14) size 0x0
      RenderTextControl {INPUT} at (2,20) size 123x19 [bgcolor=#FFC0CB] [border: (2px inset #000000)]
      RenderText {#text} at (127,20) size 4x18
        text run at (127,20) width 4: " "
      RenderBR {BR} at (131,34) size 0x0
      RenderTextControl {INPUT} at (2,43) size 123x19 [bgcolor=#FFFFFF] [border: (2px inset #000000)]
      RenderText {#text} at (0,0) size 0x0
layer at (13,31) size 117x13
  RenderBlock {DIV} at (3,3) size 117x13
    RenderText {#text} at (0,0) size 110x13
      text run at (0,0) width 110: "This should be pink."
layer at (13,54) size 117x13
  RenderBlock {DIV} at (3,3) size 117x13
