layer at (0,0) size 800x600
  RenderView at (0,0) size 800x600
layer at (0,0) size 800x600
  RenderBlock {HTML} at (0,0) size 800x600
    RenderBody {BODY} at (8,8) size 784x584
      RenderButton {INPUT} at (0,4) size 67x15 [bgcolor=#C0C0C0]
        RenderBlock (anonymous) at (8,2) size 51x11
          RenderText at (0,0) size 51x11
            text run at (0,0) width 51: "Test Button"
      RenderText {#text} at (67,1) size 4x18
        text run at (67,1) width 4: " "
      RenderButton {INPUT} at (71,4) size 67x15 [bgcolor=#C0C0C0]
        RenderBlock (anonymous) at (8,2) size 51x11
          RenderText at (0,0) size 51x11
            text run at (0,0) width 51: "Test Button"
      RenderText {#text} at (138,1) size 4x18
        text run at (138,1) width 4: " "
      RenderButton {INPUT} at (142,4) size 67x15 [bgcolor=#C0C0C0]
        RenderBlock (anonymous) at (8,2) size 51x11
          RenderText at (0,0) size 51x11
            text run at (0,0) width 51: "Test Button"
      RenderText {#text} at (209,1) size 4x18
        text run at (209,1) width 4: " "
      RenderButton {INPUT} at (213,4) size 67x15 [bgcolor=#C0C0C0]
        RenderBlock (anonymous) at (8,2) size 51x11
          RenderText at (0,0) size 51x11
            text run at (0,0) width 51: "Test Button"
      RenderText {#text} at (280,1) size 4x18
        text run at (280,1) width 4: " "
      RenderButton {INPUT} at (284,4) size 67x15 [bgcolor=#C0C0C0]
        RenderBlock (anonymous) at (8,2) size 51x11
          RenderText at (0,0) size 51x11
            text run at (0,0) width 51: "Test Button"
      RenderText {#text} at (351,1) size 4x18
        text run at (351,1) width 4: " "
      RenderButton {INPUT} at (355,4) size 67x15 [bgcolor=#C0C0C0]
        RenderBlock (anonymous) at (8,2) size 51x11
          RenderText at (0,0) size 51x11
            text run at (0,0) width 51: "Test Button"
      RenderText {#text} at (422,1) size 4x18
        text run at (422,1) width 4: " "
      RenderButton {INPUT} at (428,2) size 78x18 [bgcolor=#C0C0C0]
        RenderBlock (anonymous) at (8,2) size 62x13
          RenderText at (0,0) size 62x13
            text run at (0,0) width 62: "Test Button"
      RenderText {#text} at (508,1) size 4x18
        text run at (508,1) width 4: " "
      RenderButton {INPUT} at (514,2) size 78x18 [bgcolor=#C0C0C0]
        RenderBlock (anonymous) at (8,2) size 62x13
          RenderText at (0,0) size 62x13
            text run at (0,0) width 62: "Test Button"
      RenderText {#text} at (594,1) size 4x18
        text run at (594,1) width 4: " "
      RenderButton {INPUT} at (600,2) size 78x18 [bgcolor=#C0C0C0]
        RenderBlock (anonymous) at (8,2) size 62x13
          RenderText at (0,0) size 62x13
            text run at (0,0) width 62: "Test Button"
      RenderText {#text} at (680,1) size 4x18
        text run at (680,1) width 4: " "
      RenderButton {INPUT} at (686,2) size 78x18 [bgcolor=#C0C0C0]
        RenderBlock (anonymous) at (8,2) size 62x13
          RenderText at (0,0) size 62x13
            text run at (0,0) width 62: "Test Button"
      RenderText {#text} at (766,1) size 4x18
        text run at (766,1) width 4: " "
      RenderButton {INPUT} at (2,26) size 78x18 [bgcolor=#C0C0C0]
        RenderBlock (anonymous) at (8,2) size 62x13
          RenderText at (0,0) size 62x13
            text run at (0,0) width 62: "Test Button"
      RenderText {#text} at (82,25) size 4x18
        text run at (82,25) width 4: " "
      RenderButton {INPUT} at (88,24) size 89x21 [bgcolor=#C0C0C0]
        RenderBlock (anonymous) at (8,2) size 73x16
          RenderText at (0,0) size 73x16
            text run at (0,0) width 73: "Test Button"
      RenderText {#text} at (179,25) size 4x18
        text run at (179,25) width 4: " "
      RenderButton {INPUT} at (185,24) size 89x21 [bgcolor=#C0C0C0]
        RenderBlock (anonymous) at (8,2) size 73x16
          RenderText at (0,0) size 73x16
            text run at (0,0) width 73: "Test Button"
      RenderText {#text} at (276,25) size 4x18
        text run at (276,25) width 4: " "
      RenderButton {INPUT} at (282,24) size 89x21 [bgcolor=#C0C0C0]
        RenderBlock (anonymous) at (8,2) size 73x16
          RenderText at (0,0) size 73x16
            text run at (0,0) width 73: "Test Button"
      RenderText {#text} at (373,25) size 4x18
        text run at (373,25) width 4: " "
      RenderButton {INPUT} at (379,24) size 89x21 [bgcolor=#C0C0C0]
        RenderBlock (anonymous) at (8,2) size 73x16
          RenderText at (0,0) size 73x16
            text run at (0,0) width 73: "Test Button"
      RenderText {#text} at (470,25) size 4x18
        text run at (470,25) width 4: " "
      RenderButton {INPUT} at (476,24) size 89x21 [bgcolor=#C0C0C0]
        RenderBlock (anonymous) at (8,2) size 73x16
          RenderText at (0,0) size 73x16
            text run at (0,0) width 73: "Test Button"
      RenderText {#text} at (567,25) size 4x18
        text run at (567,25) width 4: " "
      RenderButton {INPUT} at (573,24) size 89x21 [bgcolor=#C0C0C0]
        RenderBlock (anonymous) at (8,2) size 73x16
          RenderText at (0,0) size 73x16
            text run at (0,0) width 73: "Test Button"
      RenderText {#text} at (0,0) size 0x0
