layer at (0,0) size 800x600
  RenderView at (0,0) size 800x600
layer at (0,0) size 800x600
  RenderBlock {HTML} at (0,0) size 800x600
    RenderBody {BODY} at (8,8) size 784x584
      RenderTextControl {INPUT} at (2,2) size 144x19 [bgcolor=#FFFFFF] [border: (2px inset #000000)]
        RenderFlexibleBox {DIV} at (3,3) size 138x13
          RenderBlock {DIV} at (0,1) size 8x11
          RenderBlock {DIV} at (8,0) size 117x13
          RenderBlock {DIV} at (125,1) size 13x11
      RenderBR {BR} at (148,16) size 0x0
      RenderTextControl {INPUT} at (2,25) size 123x19 [bgcolor=#FFFFFF] [border: (2px inset #000000)]
      RenderBR {BR} at (127,39) size 0x0
      RenderTextControl {INPUT} at (2,48) size 144x19 [bgcolor=#FFFFFF] [border: (2px inset #000000)]
        RenderFlexibleBox {DIV} at (3,3) size 138x13
          RenderBlock {DIV} at (0,1) size 8x11
          RenderBlock {DIV} at (8,0) size 117x13
          RenderBlock {DIV} at (125,1) size 13x11
      RenderBR {BR} at (148,62) size 0x0
      RenderTextControl {INPUT} at (2,71) size 158x19 [bgcolor=#FFFFFF] [border: (2px inset #000000)]
        RenderFlexibleBox {DIV} at (3,3) size 152x13
          RenderBlock {DIV} at (0,1) size 22x11
          RenderBlock {DIV} at (22,0) size 117x13
          RenderBlock {DIV} at (139,1) size 13x11
      RenderBR {BR} at (162,85) size 0x0
      RenderBR {BR} at (165,128) size 0x0
      RenderTextControl {INPUT} at (2,130) size 123x33 [bgcolor=#FFFFFF] [border: (2px inset #000000)]
      RenderBR {BR} at (127,144) size 0x0
      RenderBR {BR} at (165,214) size 0x0
      RenderTextControl {INPUT} at (5,219) size 174x30 [bgcolor=#FFFFFF] [border: (5px solid #000000)]
      RenderBR {BR} at (184,240) size 0x0
      RenderTextControl {INPUT} at (2,256) size 123x19 [bgcolor=#FFFFFF] [border: (2px inset #000000)]
      RenderText {#text} at (127,256) size 4x18
        text run at (127,256) width 4: " "
      RenderTextControl {INPUT} at (133,256) size 123x19 [bgcolor=#FFFFFF] [border: (2px inset #000000)]
      RenderText {#text} at (258,256) size 4x18
        text run at (258,256) width 4: " "
      RenderBR {BR} at (262,270) size 0x0
      RenderTextControl {INPUT} at (2,279) size 123x19 [bgcolor=#FFFFFF] [border: (2px inset #000000)]
      RenderText {#text} at (127,279) size 4x18
        text run at (127,279) width 4: " "
      RenderTextControl {INPUT} at (133,279) size 123x19 [bgcolor=#FFFFFF] [border: (2px inset #000000)]
      RenderText {#text} at (258,279) size 4x18
        text run at (258,279) width 4: " "
      RenderTextControl {INPUT} at (264,279) size 123x19 [bgcolor=#FFFFFF] [border: (2px inset #000000)]
      RenderText {#text} at (389,279) size 4x18
        text run at (389,279) width 4: " "
      RenderBR {BR} at (393,293) size 0x0
      RenderBR {BR} at (127,330) size 0x0
layer at (21,13) size 117x13
  RenderBlock {DIV} at (11,3) size 117x13 [color=#A9A9A9]
    RenderText {#text} at (0,0) size 63x13
      text run at (0,0) width 63: "placeholder"
layer at (21,13) size 117x13
  RenderBlock {DIV} at (0,0) size 117x13
layer at (13,36) size 117x13
  RenderBlock {DIV} at (3,3) size 117x13 [color=#A9A9A9]
    RenderText {#text} at (0,0) size 63x13
      text run at (0,0) width 63: "placeholder"
layer at (13,36) size 117x13
  RenderBlock {DIV} at (3,3) size 117x13
layer at (21,59) size 117x13
  RenderBlock {DIV} at (11,3) size 117x13 [color=#A9A9A9]
    RenderText {#text} at (54,0) size 63x13
      text run at (54,0) width 63: "placeholder"
layer at (21,59) size 117x13
  RenderBlock {DIV} at (0,0) size 117x13
layer at (35,82) size 117x13
  RenderBlock {DIV} at (25,3) size 117x13 [color=#A9A9A9]
    RenderText {#text} at (0,0) size 63x13
      text run at (0,0) width 63: "placeholder"
layer at (35,82) size 117x13
  RenderBlock {DIV} at (0,0) size 117x13
layer at (10,102) size 161x32 clip at (11,103) size 159x30
  RenderTextControl {TEXTAREA} at (2,94) size 161x32 [bgcolor=#FFFFFF] [border: (1px solid #000000)]
    RenderBlock {DIV} at (3,3) size 155x13
    RenderBlock {DIV} at (3,3) size 155x13 [color=#A9A9A9]
      RenderText {#text} at (0,0) size 63x13
        text run at (0,0) width 63: "placeholder"
layer at (13,141) size 117x13
  RenderBlock {DIV} at (3,3) size 117x13 [color=#A9A9A9]
    RenderText {#text} at (0,0) size 63x13
      text run at (0,0) width 63: "placeholder"
layer at (13,141) size 117x13
  RenderBlock {DIV} at (3,3) size 117x13
layer at (10,175) size 161x45 clip at (11,176) size 159x43
  RenderTextControl {TEXTAREA} at (2,167) size 161x45 [bgcolor=#FFFFFF] [border: (1px solid #000000)]
    RenderBlock {DIV} at (3,16) size 155x13
    RenderBlock {DIV} at (3,16) size 155x13 [color=#A9A9A9]
      RenderText {#text} at (0,0) size 63x13
        text run at (0,0) width 63: "placeholder"
layer at (19,233) size 162x18
  RenderBlock {DIV} at (6,6) size 162x18 [color=#A9A9A9]
    RenderText {#text} at (0,0) size 85x18
      text run at (0,0) width 85: "placeholder"
layer at (19,233) size 162x18
  RenderBlock {DIV} at (6,6) size 162x18
layer at (13,267) size 117x13
  RenderBlock {DIV} at (3,3) size 117x13
    RenderText {#text} at (0,0) size 30x13
      text run at (0,0) width 30: "Value"
layer at (144,267) size 117x13
  RenderBlock {DIV} at (3,3) size 117x13 [color=#A9A9A9]
    RenderText {#text} at (0,0) size 63x13
      text run at (0,0) width 63: "placeholder"
layer at (144,267) size 117x13
  RenderBlock {DIV} at (3,3) size 117x13
layer at (13,290) size 117x13
  RenderBlock {DIV} at (3,3) size 117x13
    RenderText {#text} at (43,0) size 31x13
      text run at (43,0) width 31: "Value"
layer at (144,290) size 117x13
  RenderBlock {DIV} at (3,3) size 117x13 [color=#A9A9A9]
    RenderText {#text} at (27,0) size 63x13
      text run at (27,0) width 63: "placeholder"
layer at (144,290) size 117x13
  RenderBlock {DIV} at (3,3) size 117x13
layer at (275,290) size 117x13
  RenderBlock {DIV} at (3,3) size 117x13 [color=#A9A9A9]
    RenderText {#text} at (27,0) size 63x13
      text run at (27,0) width 63: "placeholder"
layer at (275,290) size 117x13
  RenderBlock {DIV} at (3,3) size 117x13
layer at (10,310) size 123x33
  RenderTextControl {INPUT} at (2,302) size 123x33 [bgcolor=#FFFFFF] [border: (2px inset #000000)]
layer at (13,327) size 117x13
  RenderBlock {DIV} at (3,17) size 117x13 [color=#A9A9A9]
    RenderText {#text} at (0,0) size 63x13
      text run at (0,0) width 63: "placeholder"
layer at (13,327) size 117x13
  RenderBlock {DIV} at (3,17) size 117x13
