layer at (0,0) size 800x600
  RenderView at (0,0) size 800x600
layer at (0,0) size 800x600
  RenderBlock {HTML} at (0,0) size 800x600
    RenderBody {BODY} at (8,8) size 784x584
      RenderText {#text} at (0,0) size 328x18
        text run at (0,0) width 328: "This tests that you can set the placeholder text color."
      RenderBR {BR} at (328,14) size 0x0
      RenderTextControl {INPUT} at (2,20) size 123x19 [bgcolor=#FFFFFF] [border: (2px inset #000000)]
      RenderText {#text} at (127,20) size 4x18
        text run at (127,20) width 4: " "
      RenderTextControl {INPUT} at (133,20) size 144x19 [bgcolor=#FFFFFF] [border: (2px inset #000000)]
        RenderFlexibleBox {DIV} at (3,3) size 138x13
          RenderBlock {DIV} at (0,1) size 8x11
          RenderBlock {DIV} at (8,0) size 117x13
          RenderBlock {DIV} at (125,1) size 13x11
      RenderText {#text} at (279,20) size 4x18
        text run at (279,20) width 4: " "
      RenderTextControl {INPUT} at (285,20) size 123x19 [bgcolor=#FFFFFF] [border: (2px inset #000000)]
      RenderText {#text} at (410,20) size 4x18
        text run at (410,20) width 4: " "
      RenderTextControl {INPUT} at (416,20) size 123x19 [bgcolor=#FFFFFF] [border: (2px inset #000000)]
      RenderText {#text} at (541,20) size 4x18
        text run at (541,20) width 4: " "
      RenderTextControl {INPUT} at (547,20) size 123x19 [bgcolor=#FFFFFF] [border: (2px inset #000000)]
      RenderText {#text} at (672,20) size 4x18
        text run at (672,20) width 4: " "
      RenderTextControl {INPUT} at (2,43) size 123x19 [bgcolor=#FFFFFF] [border: (2px inset #000000)]
      RenderText {#text} at (0,0) size 0x0
layer at (13,31) size 117x13
  RenderBlock {DIV} at (3,3) size 117x13 [color=#640000]
    RenderText {#text} at (0,0) size 22x13
      text run at (0,0) width 22: "text"
layer at (13,31) size 117x13
  RenderBlock {DIV} at (3,3) size 117x13
layer at (152,31) size 117x13
  RenderBlock {DIV} at (11,3) size 117x13 [color=#640000]
    RenderText {#text} at (0,0) size 35x13
      text run at (0,0) width 35: "search"
layer at (152,31) size 117x13
  RenderBlock {DIV} at (0,0) size 117x13
layer at (296,31) size 117x13
  RenderBlock {DIV} at (3,3) size 117x13 [color=#640000]
    RenderText {#text} at (0,0) size 51x13
      text run at (0,0) width 51: "password"
layer at (296,31) size 117x13
  RenderBlock {DIV} at (3,3) size 117x13
layer at (427,31) size 117x13
  RenderBlock {DIV} at (3,3) size 117x13 [color=#640000]
    RenderText {#text} at (0,0) size 70x13
      text run at (0,0) width 70: "disabled text"
layer at (427,31) size 117x13
  RenderBlock {DIV} at (3,3) size 117x13 [color=#545454]
layer at (558,31) size 117x13
  RenderBlock {DIV} at (3,3) size 117x13 [color=#A9A9A9]
    RenderText {#text} at (0,0) size 38x13
      text run at (0,0) width 38: "default"
layer at (558,31) size 117x13
  RenderBlock {DIV} at (3,3) size 117x13
layer at (13,54) size 117x13
  RenderBlock {DIV} at (3,3) size 117x13 [color=#A9A9A9]
    RenderText {#text} at (0,0) size 86x13
      text run at (0,0) width 86: "default disabled"
layer at (13,54) size 117x13
  RenderBlock {DIV} at (3,3) size 117x13
