layer at (0,0) size 800x600
  RenderView at (0,0) size 800x600
layer at (0,0) size 800x600
  RenderBlock {HTML} at (0,0) size 800x600
    RenderBody {BODY} at (8,8) size 784x576
      RenderBlock {P} at (0,0) size 784x18
        RenderText {#text} at (0,0) size 53x18
          text run at (0,0) width 53: "Test for "
        RenderInline {I} at (0,0) size 699x18
          RenderInline {A} at (0,0) size 301x18 [color=#0000EE]
            RenderText {#text} at (53,0) size 301x18
              text run at (53,0) width 301: "http://bugs.webkit.org/show_bug.cgi?id=11916"
          RenderText {#text} at (354,0) size 398x18
            text run at (354,0) width 4: " "
            text run at (358,0) width 394: "REGRESSION (SearchField): RTL search fields are mixed up"
        RenderText {#text} at (752,0) size 4x18
          text run at (752,0) width 4: "."
      RenderBlock {P} at (0,34) size 784x69
        RenderTextControl {INPUT} at (2,2) size 158x19 [bgcolor=#FFFFFF] [border: (2px inset #000000)]
          RenderFlexibleBox {DIV} at (3,3) size 152x13
            RenderBlock {DIV} at (0,1) size 22x11
            RenderBlock {DIV} at (22,0) size 117x13
            RenderBlock {DIV} at (139,1) size 13x11
        RenderText {#text} at (162,2) size 4x18
          text run at (162,2) width 4: " "
        RenderBR {BR} at (0,0) size 0x0
        RenderTextControl {INPUT} at (2,25) size 208x19 [bgcolor=#FFFFFF] [border: (2px inset #000000)]
          RenderFlexibleBox {DIV} at (3,3) size 202x13
            RenderBlock {DIV} at (0,1) size 22x11
            RenderBlock {DIV} at (22,0) size 167x13
            RenderBlock {DIV} at (189,1) size 13x11
        RenderText {#text} at (212,25) size 4x18
          text run at (212,25) width 4: " "
        RenderBR {BR} at (0,0) size 0x0
        RenderTextControl {INPUT} at (2,48) size 158x19 [bgcolor=#FFFFFF] [border: (2px inset #000000)]
          RenderFlexibleBox {DIV} at (3,3) size 152x13
            RenderBlock {DIV} at (0,1) size 22x11
            RenderBlock {DIV} at (22,0) size 117x13
            RenderBlock {DIV} at (139,1) size 13x11
        RenderText {#text} at (0,0) size 0x0
      RenderBlock {P} at (0,119) size 784x18
        RenderText {#text} at (0,0) size 39x18
          text run at (0,0) width 39: "PASS"
layer at (35,47) size 117x13 scrollX 18 scrollWidth 135
  RenderBlock {DIV} at (0,0) size 117x13
    RenderText {#text} at (-17,0) size 135x13
      text run at (-17,0) width 22 RTL: " \x{5D5}\x{5D6}\x{5D4}\x{5D5}"
      text run at (4,0) width 20: "she"
      text run at (23,0) width 45 RTL: " \x{5D5}\x{5D4}\x{5D9}\x{5D0} \x{5D6}\x{5D4} "
      text run at (67,0) width 14: "he"
      text run at (80,0) width 37 RTL: "\x{5D4}\x{5D5}\x{5D0} \x{5D6}\x{5D4} "
layer at (35,70) size 167x13
  RenderBlock {DIV} at (0,0) size 167x13
    RenderText {#text} at (32,0) size 135x13
      text run at (32,0) width 23 RTL: " \x{5D5}\x{5D6}\x{5D4}\x{5D5}"
      text run at (54,0) width 20: "she"
      text run at (73,0) width 45 RTL: " \x{5D5}\x{5D4}\x{5D9}\x{5D0} \x{5D6}\x{5D4} "
      text run at (117,0) width 14: "he"
      text run at (130,0) width 37 RTL: "\x{5D4}\x{5D5}\x{5D0} \x{5D6}\x{5D4} "
layer at (35,93) size 117x13
  RenderBlock {DIV} at (0,0) size 117x13
caret: position 0 of child 0 {DIV} of child 1 {DIV} of child 0 {DIV} of {#document-fragment} of child 9 {INPUT} of child 3 {P} of body
