layer at (0,0) size 800x600
  RenderView at (0,0) size 800x600
layer at (0,0) size 800x600
  RenderBlock {HTML} at (0,0) size 800x600
    RenderBody {BODY} at (8,8) size 784x584
      RenderBlock (anonymous) at (0,0) size 784x18
        RenderText {#text} at (0,0) size 168x18
          text run at (0,0) width 168: "The text should be default:"
      RenderBlock {FORM} at (0,26) size 784x43
        RenderBlock {HR} at (0,0) size 784x2 [border: (1px inset #000000)]
        RenderBlock (anonymous) at (0,10) size 784x23
          RenderInline {LABEL} at (0,0) size 449x18
            RenderText {#text} at (0,2) size 322x18
              text run at (0,2) width 322: "This is a searchable index. Enter search keywords: "
            RenderTextControl {INPUT} at (324,2) size 123x19 [bgcolor=#FFFFFF] [border: (2px inset #000000)]
        RenderBlock {HR} at (0,41) size 784x2 [border: (1px inset #000000)]
      RenderBlock (anonymous) at (0,85) size 784x18
        RenderText {#text} at (0,0) size 145x18
          text run at (0,0) width 145: "The text should be red:"
      RenderBlock {FORM} at (0,111) size 784x43
        RenderBlock {HR} at (0,0) size 784x2 [border: (1px inset #000000)]
        RenderBlock (anonymous) at (0,10) size 784x23
          RenderInline {LABEL} at (0,0) size 449x18
            RenderText {#text} at (0,2) size 322x18
              text run at (0,2) width 322: "This is a searchable index. Enter search keywords: "
            RenderTextControl {INPUT} at (324,2) size 123x19 [color=#FF0000] [bgcolor=#FFFFFF] [border: (2px inset #FF0000)]
        RenderBlock {HR} at (0,41) size 784x2 [border: (1px inset #000000)]
      RenderBlock (anonymous) at (0,170) size 784x18
        RenderText {#text} at (0,0) size 212x18
          text run at (0,0) width 212: "The text should be gray on green:"
      RenderBlock {FORM} at (0,196) size 784x43
        RenderBlock {HR} at (0,0) size 784x2 [border: (1px inset #000000)]
        RenderBlock (anonymous) at (0,10) size 784x23
          RenderInline {LABEL} at (0,0) size 449x18
            RenderText {#text} at (0,2) size 322x18
              text run at (0,2) width 322: "This is a searchable index. Enter search keywords: "
            RenderTextControl {INPUT} at (324,2) size 123x19 [bgcolor=#008000] [border: (2px inset #000000)]
        RenderBlock {HR} at (0,41) size 784x2 [border: (1px inset #000000)]
      RenderBlock (anonymous) at (0,255) size 784x18
        RenderText {#text} at (0,0) size 208x18
          text run at (0,0) width 208: "The text should be red on Green:"
      RenderBlock {FORM} at (0,281) size 784x43
        RenderBlock {HR} at (0,0) size 784x2 [border: (1px inset #000000)]
        RenderBlock (anonymous) at (0,10) size 784x23
          RenderInline {LABEL} at (0,0) size 449x18
            RenderText {#text} at (0,2) size 322x18
              text run at (0,2) width 322: "This is a searchable index. Enter search keywords: "
            RenderTextControl {INPUT} at (324,2) size 123x19 [color=#FF0000] [bgcolor=#008000] [border: (2px inset #FF0000)]
        RenderBlock {HR} at (0,41) size 784x2 [border: (1px inset #000000)]
      RenderBlock (anonymous) at (0,340) size 784x23
        RenderTextControl {INPUT} at (2,2) size 123x19 [bgcolor=#FFFFFF] [border: (2px inset #000000)]
        RenderText {#text} at (127,2) size 4x18
          text run at (127,2) width 4: " "
        RenderTextControl {INPUT} at (133,2) size 123x19 [color=#FF0000] [bgcolor=#FFFFFF] [border: (2px inset #FF0000)]
        RenderText {#text} at (258,2) size 4x18
          text run at (258,2) width 4: " "
        RenderTextControl {INPUT} at (264,2) size 123x19 [bgcolor=#008000] [border: (2px inset #000000)]
        RenderText {#text} at (389,2) size 4x18
          text run at (389,2) width 4: " "
        RenderTextControl {INPUT} at (395,2) size 123x19 [color=#FF0000] [bgcolor=#008000] [border: (2px inset #FF0000)]
        RenderText {#text} at (0,0) size 0x0
layer at (335,49) size 117x13
  RenderBlock {DIV} at (3,3) size 117x13
    RenderText {#text} at (0,0) size 38x13
      text run at (0,0) width 38: "default"
layer at (335,134) size 117x13
  RenderBlock {DIV} at (3,3) size 117x13
    RenderText {#text} at (0,0) size 18x13
      text run at (0,0) width 18: "red"
layer at (335,219) size 117x13
  RenderBlock {DIV} at (3,3) size 117x13
    RenderText {#text} at (0,0) size 89x13
      text run at (0,0) width 89: "default on green"
layer at (335,304) size 117x13
  RenderBlock {DIV} at (3,3) size 117x13
    RenderText {#text} at (0,0) size 69x13
      text run at (0,0) width 69: "red on green"
layer at (13,353) size 117x13
  RenderBlock {DIV} at (3,3) size 117x13
    RenderText {#text} at (0,0) size 38x13
      text run at (0,0) width 38: "default"
layer at (144,353) size 117x13
  RenderBlock {DIV} at (3,3) size 117x13
    RenderText {#text} at (0,0) size 18x13
      text run at (0,0) width 18: "red"
layer at (275,353) size 117x13
  RenderBlock {DIV} at (3,3) size 117x13
    RenderText {#text} at (0,0) size 89x13
      text run at (0,0) width 89: "default on green"
layer at (406,353) size 117x13
  RenderBlock {DIV} at (3,3) size 117x13
    RenderText {#text} at (0,0) size 69x13
      text run at (0,0) width 69: "red on green"
