layer at (0,0) size 800x600
  RenderView at (0,0) size 800x600
layer at (0,0) size 800x600
  RenderBlock {HTML} at (0,0) size 800x600
    RenderBody {BODY} at (8,8) size 784x584
      RenderBlock (anonymous) at (0,0) size 784x123
        RenderText {#text} at (0,0) size 502x18
          text run at (0,0) width 502: "This tests that typing in a scrolled textarea does not cause unnecessary scrolling."
        RenderBR {BR} at (502,14) size 0x0
        RenderText {#text} at (165,105) size 4x18
          text run at (165,105) width 4: " "
        RenderBR {BR} at (169,119) size 0x0
      RenderBlock {DIV} at (0,123) size 784x0
layer at (10,28) size 161x97 clip at (11,29) size 144x95 scrollY 182 scrollHeight 277
  RenderTextControl {TEXTAREA} at (2,20) size 161x97 [bgcolor=#FFFFFF] [border: (1px solid #000000)]
    RenderBlock {DIV} at (3,3) size 140x273
      RenderText {#text} at (0,0) size 41x260
        text run at (0,0) width 7: "1"
        text run at (6,0) width 1: " "
        text run at (0,13) width 7: "2"
        text run at (6,13) width 1: " "
        text run at (0,26) width 7: "3"
        text run at (6,26) width 1: " "
        text run at (0,39) width 7: "4"
        text run at (6,39) width 1: " "
        text run at (0,52) width 7: "5"
        text run at (6,52) width 1: " "
        text run at (0,65) width 7: "6"
        text run at (6,65) width 1: " "
        text run at (0,78) width 7: "7"
        text run at (6,78) width 1: " "
        text run at (0,91) width 7: "8"
        text run at (6,91) width 1: " "
        text run at (0,104) width 7: "9"
        text run at (6,104) width 1: " "
        text run at (0,117) width 14: "10"
        text run at (13,117) width 1: " "
        text run at (0,130) width 14: "11"
        text run at (13,130) width 1: " "
        text run at (0,143) width 14: "12"
        text run at (13,143) width 1: " "
        text run at (0,156) width 14: "13"
        text run at (13,156) width 1: " "
        text run at (0,169) width 14: "14"
        text run at (13,169) width 1: " "
        text run at (0,182) width 14: "15"
        text run at (13,182) width 1: " "
        text run at (0,195) width 14: "16"
        text run at (13,195) width 1: " "
        text run at (0,208) width 14: "17"
        text run at (13,208) width 1: " "
        text run at (0,221) width 41: "18 Pass"
        text run at (40,221) width 1: " "
        text run at (0,234) width 14: "19"
        text run at (13,234) width 1: " "
        text run at (0,247) width 14: "20"
        text run at (13,247) width 1: " "
      RenderBR {BR} at (0,260) size 0x13
caret: position 49 of child 0 {#text} of child 0 {DIV} of {#document-fragment} of child 3 {TEXTAREA} of body
