layer at (0,0) size 800x600
  RenderView at (0,0) size 800x600
layer at (0,0) size 800x600
  RenderBlock {HTML} at (0,0) size 800x600
    RenderBody {BODY} at (8,8) size 784x584
      RenderBlock {P} at (0,0) size 784x18
        RenderText {#text} at (0,0) size 422x17
          text run at (0,0) width 422: "Test appearances of input-speech-button in <input type='search'>."
      RenderBlock {DIV} at (0,34) size 784x0
      RenderBlock {DIV} at (0,34) size 784x450
        RenderTable {TABLE} at (0,0) size 709x450
          RenderTableSection {TBODY} at (0,0) size 709x450
            RenderTableRow {TR} at (0,2) size 709x446
              RenderTableCell {TD} at (2,6) size 179x437 [r=0 c=0 rs=1 cs=1]
                RenderBlock {DIV} at (1,1) size 177x435
                  RenderTextControl {INPUT} at (0,0) size 91x15 [bgcolor=#FFFFFF] [border: (2px inset #000000)]
                    RenderFlexibleBox {DIV} at (3,3) size 85x9
                      RenderBlock {DIV} at (0,4) size 0x0
                      RenderBlock {DIV} at (0,0) size 77x9
                        RenderBlock {DIV} at (0,0) size 77x9
                      RenderBlock {DIV} at (77,0) size 8x8
                  RenderBR {BR} at (91,10) size 0x0
                  RenderTextControl {INPUT} at (0,15) size 91x15 [bgcolor=#FFFFFF] [border: (2px inset #000000)]
                    RenderFlexibleBox {DIV} at (3,3) size 85x9
                      RenderBlock {DIV} at (0,4) size 0x0
                      RenderBlock {DIV} at (0,0) size 77x9
                      RenderBlock {DIV} at (77,0) size 8x8
                  RenderBR {BR} at (91,25) size 0x0
                  RenderTextControl {INPUT} at (0,30) size 91x15 [bgcolor=#FFFFFF] [border: (2px inset #000000)]
                    RenderFlexibleBox {DIV} at (3,3) size 85x9
                      RenderBlock {DIV} at (0,4) size 0x0
                      RenderBlock {DIV} at (0,0) size 77x9
                      RenderBlock {DIV} at (77,0) size 8x8
                  RenderBR {BR} at (91,40) size 0x0
                  RenderTextControl {INPUT} at (0,45) size 111x16 [bgcolor=#FFFFFF] [border: (2px inset #000000)]
                    RenderFlexibleBox {DIV} at (3,3) size 105x10
                      RenderBlock {DIV} at (0,5) size 0x0
                      RenderBlock {DIV} at (0,0) size 96x10
                        RenderBlock {DIV} at (0,0) size 96x10
                      RenderBlock {DIV} at (96,0) size 9x9
                  RenderBR {BR} at (111,56) size 0x0
                  RenderTextControl {INPUT} at (0,61) size 111x16 [bgcolor=#FFFFFF] [border: (2px inset #000000)]
                    RenderFlexibleBox {DIV} at (3,3) size 105x10
                      RenderBlock {DIV} at (0,5) size 0x0
                      RenderBlock {DIV} at (0,0) size 96x10
                      RenderBlock {DIV} at (96,0) size 9x9
                  RenderBR {BR} at (111,72) size 0x0
                  RenderTextControl {INPUT} at (0,77) size 111x16 [bgcolor=#FFFFFF] [border: (2px inset #000000)]
                    RenderFlexibleBox {DIV} at (3,3) size 105x10
                      RenderBlock {DIV} at (0,5) size 0x0
                      RenderBlock {DIV} at (0,0) size 96x10
                      RenderBlock {DIV} at (96,0) size 9x9
                  RenderBR {BR} at (111,88) size 0x0
                  RenderTextControl {INPUT} at (0,93) size 131x17 [bgcolor=#FFFFFF] [border: (2px inset #000000)]
                    RenderFlexibleBox {DIV} at (3,3) size 125x11
                      RenderBlock {DIV} at (0,5) size 0x0
                      RenderBlock {DIV} at (0,0) size 115x11
                        RenderBlock {DIV} at (0,0) size 115x11
                      RenderBlock {DIV} at (115,0) size 10x10
                  RenderBR {BR} at (131,105) size 0x0
                  RenderTextControl {INPUT} at (0,110) size 131x17 [bgcolor=#FFFFFF] [border: (2px inset #000000)]
                    RenderFlexibleBox {DIV} at (3,3) size 125x11
                      RenderBlock {DIV} at (0,5) size 0x0
                      RenderBlock {DIV} at (0,0) size 115x11
                      RenderBlock {DIV} at (115,0) size 10x10
                  RenderBR {BR} at (131,122) size 0x0
                  RenderTextControl {INPUT} at (0,127) size 131x17 [bgcolor=#FFFFFF] [border: (2px inset #000000)]
                    RenderFlexibleBox {DIV} at (3,3) size 125x11
                      RenderBlock {DIV} at (0,5) size 0x0
                      RenderBlock {DIV} at (0,0) size 115x11
                      RenderBlock {DIV} at (115,0) size 10x10
                  RenderBR {BR} at (131,139) size 0x0
                  RenderTextControl {INPUT} at (2,146) size 132x18 [bgcolor=#FFFFFF] [border: (2px inset #000000)]
                    RenderFlexibleBox {DIV} at (3,3) size 126x12
                      RenderBlock {DIV} at (0,6) size 0x0
                      RenderBlock {DIV} at (0,0) size 115x12
                        RenderBlock {DIV} at (0,0) size 115x12
                      RenderBlock {DIV} at (115,0) size 11x11
                  RenderBR {BR} at (136,159) size 0x0
                  RenderTextControl {INPUT} at (2,168) size 132x18 [bgcolor=#FFFFFF] [border: (2px inset #000000)]
                    RenderFlexibleBox {DIV} at (3,3) size 126x12
                      RenderBlock {DIV} at (0,6) size 0x0
                      RenderBlock {DIV} at (0,0) size 115x12
                      RenderBlock {DIV} at (115,0) size 11x11
                  RenderBR {BR} at (136,181) size 0x0
                  RenderTextControl {INPUT} at (2,190) size 132x18 [bgcolor=#FFFFFF] [border: (2px inset #000000)]
                    RenderFlexibleBox {DIV} at (3,3) size 126x12
                      RenderBlock {DIV} at (0,6) size 0x0
                      RenderBlock {DIV} at (0,0) size 115x12
                      RenderBlock {DIV} at (115,0) size 11x11
                  RenderBR {BR} at (136,203) size 0x0
                  RenderTextControl {INPUT} at (2,212) size 152x20 [bgcolor=#FFFFFF] [border: (2px inset #000000)]
                    RenderFlexibleBox {DIV} at (3,3) size 146x14
                      RenderBlock {DIV} at (0,7) size 0x0
                      RenderBlock {DIV} at (0,0) size 134x14
                        RenderBlock {DIV} at (0,0) size 134x14
                      RenderBlock {DIV} at (134,1) size 12x12
                  RenderBR {BR} at (156,226) size 0x0
                  RenderTextControl {INPUT} at (2,236) size 152x20 [bgcolor=#FFFFFF] [border: (2px inset #000000)]
                    RenderFlexibleBox {DIV} at (3,3) size 146x14
                      RenderBlock {DIV} at (0,7) size 0x0
                      RenderBlock {DIV} at (0,0) size 134x14
                      RenderBlock {DIV} at (134,1) size 12x12
                  RenderBR {BR} at (156,250) size 0x0
                  RenderTextControl {INPUT} at (2,260) size 152x20 [bgcolor=#FFFFFF] [border: (2px inset #000000)]
                    RenderFlexibleBox {DIV} at (3,3) size 146x14
                      RenderBlock {DIV} at (0,7) size 0x0
                      RenderBlock {DIV} at (0,0) size 134x14
                      RenderBlock {DIV} at (134,1) size 12x12
                  RenderBR {BR} at (156,274) size 0x0
                  RenderTextControl {INPUT} at (2,284) size 153x21 [bgcolor=#FFFFFF] [border: (2px inset #000000)]
                    RenderFlexibleBox {DIV} at (3,3) size 147x15
                      RenderBlock {DIV} at (0,7) size 0x0
                      RenderBlock {DIV} at (0,0) size 134x15
                        RenderBlock {DIV} at (0,0) size 134x15
                      RenderBlock {DIV} at (134,1) size 13x13
                  RenderBR {BR} at (157,299) size 0x0
                  RenderTextControl {INPUT} at (2,309) size 153x21 [bgcolor=#FFFFFF] [border: (2px inset #000000)]
                    RenderFlexibleBox {DIV} at (3,3) size 147x15
                      RenderBlock {DIV} at (0,7) size 0x0
                      RenderBlock {DIV} at (0,0) size 134x15
                      RenderBlock {DIV} at (134,1) size 13x13
                  RenderBR {BR} at (157,324) size 0x0
                  RenderTextControl {INPUT} at (2,334) size 153x21 [bgcolor=#FFFFFF] [border: (2px inset #000000)]
                    RenderFlexibleBox {DIV} at (3,3) size 147x15
                      RenderBlock {DIV} at (0,7) size 0x0
                      RenderBlock {DIV} at (0,0) size 134x15
                      RenderBlock {DIV} at (134,1) size 13x13
                  RenderBR {BR} at (157,349) size 0x0
                  RenderTextControl {INPUT} at (2,359) size 173x22 [bgcolor=#FFFFFF] [border: (2px inset #000000)]
                    RenderFlexibleBox {DIV} at (3,3) size 167x16
                      RenderBlock {DIV} at (0,8) size 0x0
                      RenderBlock {DIV} at (0,0) size 153x16
                        RenderBlock {DIV} at (0,0) size 153x16
                      RenderBlock {DIV} at (153,1) size 14x14
                  RenderBR {BR} at (177,375) size 0x0
                  RenderTextControl {INPUT} at (2,385) size 173x22 [bgcolor=#FFFFFF] [border: (2px inset #000000)]
                    RenderFlexibleBox {DIV} at (3,3) size 167x16
                      RenderBlock {DIV} at (0,8) size 0x0
                      RenderBlock {DIV} at (0,0) size 153x16
                      RenderBlock {DIV} at (153,1) size 14x14
                  RenderBR {BR} at (177,401) size 0x0
                  RenderTextControl {INPUT} at (2,411) size 173x22 [bgcolor=#FFFFFF] [border: (2px inset #000000)]
                    RenderFlexibleBox {DIV} at (3,3) size 167x16
                      RenderBlock {DIV} at (0,8) size 0x0
                      RenderBlock {DIV} at (0,0) size 153x16
                      RenderBlock {DIV} at (153,1) size 14x14
                  RenderBR {BR} at (177,427) size 0x0
              RenderTableCell {TD} at (183,2) size 240x446 [r=0 c=1 rs=1 cs=1]
                RenderBlock {DIV} at (1,1) size 238x444
                  RenderTextControl {INPUT} at (2,2) size 174x23 [bgcolor=#FFFFFF] [border: (2px inset #000000)]
                    RenderFlexibleBox {DIV} at (3,3) size 168x17
                      RenderBlock {DIV} at (0,8) size 0x0
                      RenderBlock {DIV} at (0,0) size 153x17
                        RenderBlock {DIV} at (0,0) size 153x17
                      RenderBlock {DIV} at (153,1) size 15x15
                  RenderBR {BR} at (178,19) size 0x0
                  RenderTextControl {INPUT} at (2,29) size 174x23 [bgcolor=#FFFFFF] [border: (2px inset #000000)]
                    RenderFlexibleBox {DIV} at (3,3) size 168x17
                      RenderBlock {DIV} at (0,8) size 0x0
                      RenderBlock {DIV} at (0,0) size 153x17
                      RenderBlock {DIV} at (153,1) size 15x15
                  RenderBR {BR} at (178,46) size 0x0
                  RenderTextControl {INPUT} at (2,56) size 174x23 [bgcolor=#FFFFFF] [border: (2px inset #000000)]
                    RenderFlexibleBox {DIV} at (3,3) size 168x17
                      RenderBlock {DIV} at (0,8) size 0x0
                      RenderBlock {DIV} at (0,0) size 153x17
                      RenderBlock {DIV} at (153,1) size 15x15
                  RenderBR {BR} at (178,73) size 0x0
                  RenderTextControl {INPUT} at (2,83) size 193x24 [bgcolor=#FFFFFF] [border: (2px inset #000000)]
                    RenderFlexibleBox {DIV} at (3,3) size 187x18
                      RenderBlock {DIV} at (0,9) size 0x0
                      RenderBlock {DIV} at (0,0) size 171x18
                        RenderBlock {DIV} at (0,0) size 171x18
                      RenderBlock {DIV} at (171,1) size 16x16
                  RenderBR {BR} at (197,100) size 0x0
                  RenderTextControl {INPUT} at (2,111) size 193x24 [bgcolor=#FFFFFF] [border: (2px inset #000000)]
                    RenderFlexibleBox {DIV} at (3,3) size 187x18
                      RenderBlock {DIV} at (0,9) size 0x0
                      RenderBlock {DIV} at (0,0) size 171x18
                      RenderBlock {DIV} at (171,1) size 16x16
                  RenderBR {BR} at (197,128) size 0x0
                  RenderTextControl {INPUT} at (2,139) size 193x24 [bgcolor=#FFFFFF] [border: (2px inset #000000)]
                    RenderFlexibleBox {DIV} at (3,3) size 187x18
                      RenderBlock {DIV} at (0,9) size 0x0
                      RenderBlock {DIV} at (0,0) size 171x18
                      RenderBlock {DIV} at (171,1) size 16x16
                  RenderBR {BR} at (197,156) size 0x0
                  RenderTextControl {INPUT} at (2,167) size 194x26 [bgcolor=#FFFFFF] [border: (2px inset #000000)]
                    RenderFlexibleBox {DIV} at (3,3) size 188x20
                      RenderBlock {DIV} at (0,10) size 0x0
                      RenderBlock {DIV} at (0,0) size 172x20
                        RenderBlock {DIV} at (0,0) size 172x20
                      RenderBlock {DIV} at (172,2) size 16x16
                  RenderBR {BR} at (198,185) size 0x0
                  RenderTextControl {INPUT} at (2,197) size 194x26 [bgcolor=#FFFFFF] [border: (2px inset #000000)]
                    RenderFlexibleBox {DIV} at (3,3) size 188x20
                      RenderBlock {DIV} at (0,10) size 0x0
                      RenderBlock {DIV} at (0,0) size 172x20
                      RenderBlock {DIV} at (172,2) size 16x16
                  RenderBR {BR} at (198,215) size 0x0
                  RenderTextControl {INPUT} at (2,227) size 194x26 [bgcolor=#FFFFFF] [border: (2px inset #000000)]
                    RenderFlexibleBox {DIV} at (3,3) size 188x20
                      RenderBlock {DIV} at (0,10) size 0x0
                      RenderBlock {DIV} at (0,0) size 172x20
                      RenderBlock {DIV} at (172,2) size 16x16
                  RenderBR {BR} at (198,245) size 0x0
                  RenderTextControl {INPUT} at (2,257) size 214x27 [bgcolor=#FFFFFF] [border: (2px inset #000000)]
                    RenderFlexibleBox {DIV} at (3,3) size 208x21
                      RenderBlock {DIV} at (0,10) size 0x0
                      RenderBlock {DIV} at (0,0) size 190x21
                        RenderBlock {DIV} at (0,0) size 190x21
                      RenderBlock {DIV} at (190,1) size 18x18
                  RenderBR {BR} at (218,276) size 0x0
                  RenderTextControl {INPUT} at (2,288) size 214x27 [bgcolor=#FFFFFF] [border: (2px inset #000000)]
                    RenderFlexibleBox {DIV} at (3,3) size 208x21
                      RenderBlock {DIV} at (0,10) size 0x0
                      RenderBlock {DIV} at (0,0) size 190x21
                      RenderBlock {DIV} at (190,1) size 18x18
                  RenderBR {BR} at (218,307) size 0x0
                  RenderTextControl {INPUT} at (2,319) size 214x27 [bgcolor=#FFFFFF] [border: (2px inset #000000)]
                    RenderFlexibleBox {DIV} at (3,3) size 208x21
                      RenderBlock {DIV} at (0,10) size 0x0
                      RenderBlock {DIV} at (0,0) size 190x21
                      RenderBlock {DIV} at (190,1) size 18x18
                  RenderBR {BR} at (218,338) size 0x0
                  RenderTextControl {INPUT} at (2,350) size 234x28 [bgcolor=#FFFFFF] [border: (2px inset #000000)]
                    RenderFlexibleBox {DIV} at (3,3) size 228x22
                      RenderBlock {DIV} at (0,11) size 0x0
                      RenderBlock {DIV} at (0,0) size 210x22
                        RenderBlock {DIV} at (0,0) size 210x22
                      RenderBlock {DIV} at (210,2) size 18x18
                  RenderBR {BR} at (238,370) size 0x0
                  RenderTextControl {INPUT} at (2,382) size 234x28 [bgcolor=#FFFFFF] [border: (2px inset #000000)]
                    RenderFlexibleBox {DIV} at (3,3) size 228x22
                      RenderBlock {DIV} at (0,11) size 0x0
                      RenderBlock {DIV} at (0,0) size 210x22
                      RenderBlock {DIV} at (210,2) size 18x18
                  RenderBR {BR} at (238,402) size 0x0
                  RenderTextControl {INPUT} at (2,414) size 234x28 [bgcolor=#FFFFFF] [border: (2px inset #000000)]
                    RenderFlexibleBox {DIV} at (3,3) size 228x22
                      RenderBlock {DIV} at (0,11) size 0x0
                      RenderBlock {DIV} at (0,0) size 210x22
                      RenderBlock {DIV} at (210,2) size 18x18
                  RenderBR {BR} at (238,434) size 0x0
              RenderTableCell {TD} at (425,14) size 282x422 [r=0 c=2 rs=1 cs=1]
                RenderBlock {DIV} at (1,1) size 280x420
                  RenderTextControl {INPUT} at (2,2) size 235x29 [bgcolor=#FFFFFF] [border: (2px inset #000000)]
                    RenderFlexibleBox {DIV} at (3,3) size 229x23
                      RenderBlock {DIV} at (0,11) size 0x0
                      RenderBlock {DIV} at (0,0) size 209x23
                        RenderBlock {DIV} at (0,0) size 209x23
                      RenderBlock {DIV} at (209,1) size 20x20
                  RenderBR {BR} at (239,23) size 0x0
                  RenderTextControl {INPUT} at (2,35) size 235x29 [bgcolor=#FFFFFF] [border: (2px inset #000000)]
                    RenderFlexibleBox {DIV} at (3,3) size 229x23
                      RenderBlock {DIV} at (0,11) size 0x0
                      RenderBlock {DIV} at (0,0) size 209x23
                      RenderBlock {DIV} at (209,1) size 20x20
                  RenderBR {BR} at (239,56) size 0x0
                  RenderTextControl {INPUT} at (2,68) size 235x29 [bgcolor=#FFFFFF] [border: (2px inset #000000)]
                    RenderFlexibleBox {DIV} at (3,3) size 229x23
                      RenderBlock {DIV} at (0,11) size 0x0
                      RenderBlock {DIV} at (0,0) size 209x23
                      RenderBlock {DIV} at (209,1) size 20x20
                  RenderBR {BR} at (239,89) size 0x0
                  RenderTextControl {INPUT} at (2,101) size 255x30 [bgcolor=#FFFFFF] [border: (2px inset #000000)]
                    RenderFlexibleBox {DIV} at (3,3) size 249x24
                      RenderBlock {DIV} at (0,12) size 0x0
                      RenderBlock {DIV} at (0,0) size 229x24
                        RenderBlock {DIV} at (0,0) size 229x24
                      RenderBlock {DIV} at (229,2) size 20x20
                  RenderBR {BR} at (259,123) size 0x0
                  RenderTextControl {INPUT} at (2,135) size 255x30 [bgcolor=#FFFFFF] [border: (2px inset #000000)]
                    RenderFlexibleBox {DIV} at (3,3) size 249x24
                      RenderBlock {DIV} at (0,12) size 0x0
                      RenderBlock {DIV} at (0,0) size 229x24
                      RenderBlock {DIV} at (229,2) size 20x20
                  RenderBR {BR} at (259,157) size 0x0
                  RenderTextControl {INPUT} at (2,169) size 255x30 [bgcolor=#FFFFFF] [border: (2px inset #000000)]
                    RenderFlexibleBox {DIV} at (3,3) size 249x24
                      RenderBlock {DIV} at (0,12) size 0x0
                      RenderBlock {DIV} at (0,0) size 229x24
                      RenderBlock {DIV} at (229,2) size 20x20
                  RenderBR {BR} at (259,191) size 0x0
                  RenderTextControl {INPUT} at (2,203) size 256x32 [bgcolor=#FFFFFF] [border: (2px inset #000000)]
                    RenderFlexibleBox {DIV} at (3,3) size 250x26
                      RenderBlock {DIV} at (0,13) size 0x0
                      RenderBlock {DIV} at (0,0) size 230x26
                        RenderBlock {DIV} at (0,0) size 230x26
                      RenderBlock {DIV} at (230,3) size 20x20
                  RenderBR {BR} at (260,226) size 0x0
                  RenderTextControl {INPUT} at (2,239) size 256x32 [bgcolor=#FFFFFF] [border: (2px inset #000000)]
                    RenderFlexibleBox {DIV} at (3,3) size 250x26
                      RenderBlock {DIV} at (0,13) size 0x0
                      RenderBlock {DIV} at (0,0) size 230x26
                      RenderBlock {DIV} at (230,3) size 20x20
                  RenderBR {BR} at (260,262) size 0x0
                  RenderTextControl {INPUT} at (2,275) size 256x32 [bgcolor=#FFFFFF] [border: (2px inset #000000)]
                    RenderFlexibleBox {DIV} at (3,3) size 250x26
                      RenderBlock {DIV} at (0,13) size 0x0
                      RenderBlock {DIV} at (0,0) size 230x26
                      RenderBlock {DIV} at (230,3) size 20x20
                  RenderBR {BR} at (260,298) size 0x0
                  RenderTextControl {INPUT} at (2,311) size 276x33 [bgcolor=#FFFFFF] [border: (2px inset #000000)]
                    RenderFlexibleBox {DIV} at (3,3) size 270x27
                      RenderBlock {DIV} at (0,13) size 0x0
                      RenderBlock {DIV} at (0,0) size 250x27
                        RenderBlock {DIV} at (0,0) size 250x27
                      RenderBlock {DIV} at (250,3) size 20x20
                  RenderBR {BR} at (280,335) size 0x0
                  RenderTextControl {INPUT} at (2,348) size 276x33 [bgcolor=#FFFFFF] [border: (2px inset #000000)]
                    RenderFlexibleBox {DIV} at (3,3) size 270x27
                      RenderBlock {DIV} at (0,13) size 0x0
                      RenderBlock {DIV} at (0,0) size 250x27
                      RenderBlock {DIV} at (250,3) size 20x20
                  RenderBR {BR} at (280,372) size 0x0
                  RenderTextControl {INPUT} at (2,385) size 276x33 [bgcolor=#FFFFFF] [border: (2px inset #000000)]
                    RenderFlexibleBox {DIV} at (3,3) size 270x27
                      RenderBlock {DIV} at (0,13) size 0x0
                      RenderBlock {DIV} at (0,0) size 250x27
                      RenderBlock {DIV} at (250,3) size 20x20
                  RenderBR {BR} at (280,409) size 0x0
layer at (14,67) size 77x9 scrollWidth 136
  RenderBlock {DIV} at (0,0) size 77x9
    RenderText {#text} at (1,0) size 134x9
      text run at (1,0) width 134: "012345678901234567890123456789"
layer at (14,82) size 77x9 scrollWidth 136
  RenderBlock {DIV} at (0,0) size 77x9
    RenderText {#text} at (1,0) size 134x9
      text run at (1,0) width 134: "012345678901234567890123456789"
layer at (14,113) size 96x10 scrollWidth 153
  RenderBlock {DIV} at (0,0) size 96x10
    RenderText {#text} at (1,0) size 151x10
      text run at (1,0) width 151: "012345678901234567890123456789"
layer at (14,129) size 96x10 scrollWidth 153
  RenderBlock {DIV} at (0,0) size 96x10
    RenderText {#text} at (1,0) size 151x10
      text run at (1,0) width 151: "012345678901234567890123456789"
layer at (14,162) size 115x11 scrollWidth 169
  RenderBlock {DIV} at (0,0) size 115x11
    RenderText {#text} at (1,0) size 167x11
      text run at (1,0) width 167: "012345678901234567890123456789"
layer at (14,179) size 115x11 scrollWidth 169
  RenderBlock {DIV} at (0,0) size 115x11
    RenderText {#text} at (1,0) size 167x11
      text run at (1,0) width 167: "012345678901234567890123456789"
layer at (16,220) size 115x12 scrollWidth 186
  RenderBlock {DIV} at (0,0) size 115x12
    RenderText {#text} at (1,0) size 184x12
      text run at (1,0) width 184: "012345678901234567890123456789"
layer at (16,242) size 115x12 scrollWidth 186
  RenderBlock {DIV} at (0,0) size 115x12
    RenderText {#text} at (1,0) size 184x12
      text run at (1,0) width 184: "012345678901234567890123456789"
layer at (16,288) size 134x14 scrollWidth 203
  RenderBlock {DIV} at (0,0) size 134x14
    RenderText {#text} at (1,0) size 201x14
      text run at (1,0) width 201: "012345678901234567890123456789"
layer at (16,312) size 134x14 scrollWidth 203
  RenderBlock {DIV} at (0,0) size 134x14
    RenderText {#text} at (1,0) size 201x14
      text run at (1,0) width 201: "012345678901234567890123456789"
layer at (16,361) size 134x15 scrollWidth 219
  RenderBlock {DIV} at (0,0) size 134x15
    RenderText {#text} at (1,0) size 217x15
      text run at (1,0) width 217: "012345678901234567890123456789"
layer at (16,386) size 134x15 scrollWidth 219
  RenderBlock {DIV} at (0,0) size 134x15
    RenderText {#text} at (1,0) size 217x15
      text run at (1,0) width 217: "012345678901234567890123456789"
layer at (16,437) size 153x16 scrollWidth 236
  RenderBlock {DIV} at (0,0) size 153x16
    RenderText {#text} at (1,0) size 234x16
      text run at (1,0) width 234: "012345678901234567890123456789"
layer at (16,463) size 153x16 scrollWidth 236
  RenderBlock {DIV} at (0,0) size 153x16
    RenderText {#text} at (1,0) size 234x16
      text run at (1,0) width 234: "012345678901234567890123456789"
layer at (197,77) size 153x17 scrollWidth 253
  RenderBlock {DIV} at (0,0) size 153x17
    RenderText {#text} at (1,0) size 251x17
      text run at (1,0) width 251: "012345678901234567890123456789"
layer at (197,104) size 153x17 scrollWidth 253
  RenderBlock {DIV} at (0,0) size 153x17
    RenderText {#text} at (1,0) size 251x17
      text run at (1,0) width 251: "012345678901234567890123456789"
layer at (197,159) size 171x18 scrollWidth 269
  RenderBlock {DIV} at (0,0) size 171x18
    RenderText {#text} at (1,0) size 267x17
      text run at (1,0) width 267: "012345678901234567890123456789"
layer at (197,187) size 171x18 scrollWidth 269
  RenderBlock {DIV} at (0,0) size 171x18
    RenderText {#text} at (1,0) size 267x17
      text run at (1,0) width 267: "012345678901234567890123456789"
layer at (197,245) size 172x20 scrollWidth 286
  RenderBlock {DIV} at (0,0) size 172x20
    RenderText {#text} at (1,0) size 284x19
      text run at (1,0) width 284: "012345678901234567890123456789"
layer at (197,275) size 172x20 scrollWidth 286
  RenderBlock {DIV} at (0,0) size 172x20
    RenderText {#text} at (1,0) size 284x19
      text run at (1,0) width 284: "012345678901234567890123456789"
layer at (197,336) size 190x21 scrollWidth 303
  RenderBlock {DIV} at (0,0) size 190x21
    RenderText {#text} at (1,0) size 301x20
      text run at (1,0) width 301: "012345678901234567890123456789"
layer at (197,367) size 190x21 scrollWidth 303
  RenderBlock {DIV} at (0,0) size 190x21
    RenderText {#text} at (1,0) size 301x20
      text run at (1,0) width 301: "012345678901234567890123456789"
layer at (197,430) size 210x22 scrollWidth 320
  RenderBlock {DIV} at (0,0) size 210x22
    RenderText {#text} at (1,0) size 318x21
      text run at (1,0) width 318: "012345678901234567890123456789"
layer at (197,462) size 210x22 scrollWidth 320
  RenderBlock {DIV} at (0,0) size 210x22
    RenderText {#text} at (1,0) size 318x21
      text run at (1,0) width 318: "012345678901234567890123456789"
layer at (439,95) size 209x23 scrollWidth 336
  RenderBlock {DIV} at (0,0) size 209x23
    RenderText {#text} at (1,0) size 334x22
      text run at (1,0) width 334: "012345678901234567890123456789"
layer at (439,128) size 209x23 scrollWidth 336
  RenderBlock {DIV} at (0,0) size 209x23
    RenderText {#text} at (1,0) size 334x22
      text run at (1,0) width 334: "012345678901234567890123456789"
layer at (439,195) size 229x24 scrollWidth 353
  RenderBlock {DIV} at (0,0) size 229x24
    RenderText {#text} at (1,0) size 351x23
      text run at (1,0) width 351: "012345678901234567890123456789"
layer at (439,229) size 229x24 scrollWidth 353
  RenderBlock {DIV} at (0,0) size 229x24
    RenderText {#text} at (1,0) size 351x23
      text run at (1,0) width 351: "012345678901234567890123456789"
layer at (439,299) size 230x26 scrollWidth 370
  RenderBlock {DIV} at (0,0) size 230x26
    RenderText {#text} at (1,0) size 368x25
      text run at (1,0) width 368: "012345678901234567890123456789"
layer at (439,335) size 230x26 scrollWidth 370
  RenderBlock {DIV} at (0,0) size 230x26
    RenderText {#text} at (1,0) size 368x25
      text run at (1,0) width 368: "012345678901234567890123456789"
layer at (439,408) size 250x27 scrollWidth 386
  RenderBlock {DIV} at (0,0) size 250x27
    RenderText {#text} at (1,0) size 384x26
      text run at (1,0) width 384: "012345678901234567890123456789"
layer at (439,445) size 250x27 scrollWidth 386
  RenderBlock {DIV} at (0,0) size 250x27
    RenderText {#text} at (1,0) size 384x26
      text run at (1,0) width 384: "012345678901234567890123456789"
