layer at (0,0) size 800x600
  RenderView at (0,0) size 800x600
layer at (0,0) size 800x600
  RenderBlock {HTML} at (0,0) size 800x600
    RenderBody {BODY} at (8,8) size 784x584
      RenderBlock {P} at (0,0) size 784x18
        RenderText {#text} at (0,0) size 264x17
          text run at (0,0) width 264: "Test appearances of input-speech-button."
      RenderBlock {DIV} at (0,34) size 784x0
      RenderBlock {DIV} at (0,34) size 784x302
        RenderTable {TABLE} at (0,0) size 709x302
          RenderTableSection {TBODY} at (0,0) size 709x302
            RenderTableRow {TR} at (0,2) size 709x298
              RenderTableCell {TD} at (2,5) size 179x292 [r=0 c=0 rs=1 cs=1]
                RenderBlock {DIV} at (1,1) size 177x290
                  RenderTextControl {INPUT} at (0,0) size 91x15 [bgcolor=#FFFFFF] [border: (2px inset #000000)]
                  RenderBR {BR} at (91,10) size 0x0
                  RenderTextControl {INPUT} at (0,15) size 91x15 [bgcolor=#FFFFFF] [border: (2px inset #000000)]
                  RenderBR {BR} at (91,25) size 0x0
                  RenderTextControl {INPUT} at (0,30) size 111x16 [bgcolor=#FFFFFF] [border: (2px inset #000000)]
                  RenderBR {BR} at (111,41) size 0x0
                  RenderTextControl {INPUT} at (0,46) size 111x16 [bgcolor=#FFFFFF] [border: (2px inset #000000)]
                  RenderBR {BR} at (111,57) size 0x0
                  RenderTextControl {INPUT} at (0,62) size 131x17 [bgcolor=#FFFFFF] [border: (2px inset #000000)]
                  RenderBR {BR} at (131,74) size 0x0
                  RenderTextControl {INPUT} at (0,79) size 131x17 [bgcolor=#FFFFFF] [border: (2px inset #000000)]
                  RenderBR {BR} at (131,91) size 0x0
                  RenderTextControl {INPUT} at (2,98) size 132x18 [bgcolor=#FFFFFF] [border: (2px inset #000000)]
                  RenderBR {BR} at (136,111) size 0x0
                  RenderTextControl {INPUT} at (2,120) size 132x18 [bgcolor=#FFFFFF] [border: (2px inset #000000)]
                  RenderBR {BR} at (136,133) size 0x0
                  RenderTextControl {INPUT} at (2,142) size 152x20 [bgcolor=#FFFFFF] [border: (2px inset #000000)]
                  RenderBR {BR} at (156,156) size 0x0
                  RenderTextControl {INPUT} at (2,166) size 152x20 [bgcolor=#FFFFFF] [border: (2px inset #000000)]
                  RenderBR {BR} at (156,180) size 0x0
                  RenderTextControl {INPUT} at (2,190) size 153x21 [bgcolor=#FFFFFF] [border: (2px inset #000000)]
                  RenderBR {BR} at (157,205) size 0x0
                  RenderTextControl {INPUT} at (2,215) size 153x21 [bgcolor=#FFFFFF] [border: (2px inset #000000)]
                  RenderBR {BR} at (157,230) size 0x0
                  RenderTextControl {INPUT} at (2,240) size 173x22 [bgcolor=#FFFFFF] [border: (2px inset #000000)]
                  RenderBR {BR} at (177,256) size 0x0
                  RenderTextControl {INPUT} at (2,266) size 173x22 [bgcolor=#FFFFFF] [border: (2px inset #000000)]
                  RenderBR {BR} at (177,282) size 0x0
              RenderTableCell {TD} at (183,2) size 240x298 [r=0 c=1 rs=1 cs=1]
                RenderBlock {DIV} at (1,1) size 238x296
                  RenderTextControl {INPUT} at (2,2) size 174x23 [bgcolor=#FFFFFF] [border: (2px inset #000000)]
                  RenderBR {BR} at (178,19) size 0x0
                  RenderTextControl {INPUT} at (2,29) size 174x23 [bgcolor=#FFFFFF] [border: (2px inset #000000)]
                  RenderBR {BR} at (178,46) size 0x0
                  RenderTextControl {INPUT} at (2,56) size 193x24 [bgcolor=#FFFFFF] [border: (2px inset #000000)]
                  RenderBR {BR} at (197,73) size 0x0
                  RenderTextControl {INPUT} at (2,84) size 193x24 [bgcolor=#FFFFFF] [border: (2px inset #000000)]
                  RenderBR {BR} at (197,101) size 0x0
                  RenderTextControl {INPUT} at (2,112) size 194x26 [bgcolor=#FFFFFF] [border: (2px inset #000000)]
                  RenderBR {BR} at (198,130) size 0x0
                  RenderTextControl {INPUT} at (2,142) size 194x26 [bgcolor=#FFFFFF] [border: (2px inset #000000)]
                  RenderBR {BR} at (198,160) size 0x0
                  RenderTextControl {INPUT} at (2,172) size 214x27 [bgcolor=#FFFFFF] [border: (2px inset #000000)]
                  RenderBR {BR} at (218,191) size 0x0
                  RenderTextControl {INPUT} at (2,203) size 214x27 [bgcolor=#FFFFFF] [border: (2px inset #000000)]
                  RenderBR {BR} at (218,222) size 0x0
                  RenderTextControl {INPUT} at (2,234) size 234x28 [bgcolor=#FFFFFF] [border: (2px inset #000000)]
                  RenderBR {BR} at (238,254) size 0x0
                  RenderTextControl {INPUT} at (2,266) size 234x28 [bgcolor=#FFFFFF] [border: (2px inset #000000)]
                  RenderBR {BR} at (238,286) size 0x0
              RenderTableCell {TD} at (425,10) size 282x282 [r=0 c=2 rs=1 cs=1]
                RenderBlock {DIV} at (1,1) size 280x280
                  RenderTextControl {INPUT} at (2,2) size 235x29 [bgcolor=#FFFFFF] [border: (2px inset #000000)]
                  RenderBR {BR} at (239,23) size 0x0
                  RenderTextControl {INPUT} at (2,35) size 235x29 [bgcolor=#FFFFFF] [border: (2px inset #000000)]
                  RenderBR {BR} at (239,56) size 0x0
                  RenderTextControl {INPUT} at (2,68) size 255x30 [bgcolor=#FFFFFF] [border: (2px inset #000000)]
                  RenderBR {BR} at (259,90) size 0x0
                  RenderTextControl {INPUT} at (2,102) size 255x30 [bgcolor=#FFFFFF] [border: (2px inset #000000)]
                  RenderBR {BR} at (259,124) size 0x0
                  RenderTextControl {INPUT} at (2,136) size 256x32 [bgcolor=#FFFFFF] [border: (2px inset #000000)]
                  RenderBR {BR} at (260,159) size 0x0
                  RenderTextControl {INPUT} at (2,172) size 256x32 [bgcolor=#FFFFFF] [border: (2px inset #000000)]
                  RenderBR {BR} at (260,195) size 0x0
                  RenderTextControl {INPUT} at (2,208) size 276x33 [bgcolor=#FFFFFF] [border: (2px inset #000000)]
                  RenderBR {BR} at (280,232) size 0x0
                  RenderTextControl {INPUT} at (2,245) size 276x33 [bgcolor=#FFFFFF] [border: (2px inset #000000)]
                  RenderBR {BR} at (280,269) size 0x0
      RenderBlock (anonymous) at (0,336) size 784x28
        RenderTextControl {INPUT} at (2,2) size 193x24 [bgcolor=#FFFFFF] [border: (2px inset #000000)]
          RenderBlock {DIV} at (3,3) size 187x18
        RenderTextControl {INPUT} at (199,2) size 193x24 [bgcolor=#FFFFFF] [border: (2px inset #000000)]
          RenderBlock {DIV} at (3,3) size 187x18
        RenderText {#text} at (0,0) size 0x0
layer at (14,51) size 85x9 scrollWidth 152
  RenderBlock {DIV} at (3,3) size 85x9
    RenderText {#text} at (1,0) size 150x9
      text run at (1,0) width 150: "A quick brown fox jumps over the lazy dog"
layer at (14,66) size 85x9 scrollWidth 152
  RenderBlock {DIV} at (3,3) size 85x9
    RenderText {#text} at (1,0) size 150x9
      text run at (1,0) width 150: "A quick brown fox jumps over the lazy dog"
layer at (14,81) size 105x10 scrollWidth 171
  RenderBlock {DIV} at (3,3) size 105x10
    RenderText {#text} at (1,0) size 169x10
      text run at (1,0) width 169: "A quick brown fox jumps over the lazy dog"
layer at (14,97) size 105x10 scrollWidth 171
  RenderBlock {DIV} at (3,3) size 105x10
    RenderText {#text} at (1,0) size 169x10
      text run at (1,0) width 169: "A quick brown fox jumps over the lazy dog"
layer at (14,113) size 125x11 scrollWidth 190
  RenderBlock {DIV} at (3,3) size 125x11
    RenderText {#text} at (1,0) size 188x11
      text run at (1,0) width 188: "A quick brown fox jumps over the lazy dog"
layer at (14,130) size 125x11 scrollWidth 190
  RenderBlock {DIV} at (3,3) size 125x11
    RenderText {#text} at (1,0) size 188x11
      text run at (1,0) width 188: "A quick brown fox jumps over the lazy dog"
layer at (16,149) size 126x12 scrollWidth 209
  RenderBlock {DIV} at (3,3) size 126x12
    RenderText {#text} at (1,0) size 207x12
      text run at (1,0) width 207: "A quick brown fox jumps over the lazy dog"
layer at (16,171) size 126x12 scrollWidth 209
  RenderBlock {DIV} at (3,3) size 126x12
    RenderText {#text} at (1,0) size 207x12
      text run at (1,0) width 207: "A quick brown fox jumps over the lazy dog"
layer at (16,193) size 146x14 scrollWidth 227
  RenderBlock {DIV} at (3,3) size 146x14
    RenderText {#text} at (1,0) size 225x14
      text run at (1,0) width 225: "A quick brown fox jumps over the lazy dog"
layer at (16,217) size 146x14 scrollWidth 227
  RenderBlock {DIV} at (3,3) size 146x14
    RenderText {#text} at (1,0) size 225x14
      text run at (1,0) width 225: "A quick brown fox jumps over the lazy dog"
layer at (16,241) size 147x15 scrollWidth 246
  RenderBlock {DIV} at (3,3) size 147x15
    RenderText {#text} at (1,0) size 244x15
      text run at (1,0) width 244: "A quick brown fox jumps over the lazy dog"
layer at (16,266) size 147x15 scrollWidth 246
  RenderBlock {DIV} at (3,3) size 147x15
    RenderText {#text} at (1,0) size 244x15
      text run at (1,0) width 244: "A quick brown fox jumps over the lazy dog"
layer at (16,291) size 167x16 scrollWidth 265
  RenderBlock {DIV} at (3,3) size 167x16
    RenderText {#text} at (1,0) size 263x16
      text run at (1,0) width 263: "A quick brown fox jumps over the lazy dog"
layer at (16,317) size 167x16 scrollWidth 265
  RenderBlock {DIV} at (3,3) size 167x16
    RenderText {#text} at (1,0) size 263x16
      text run at (1,0) width 263: "A quick brown fox jumps over the lazy dog"
layer at (197,50) size 168x17 scrollWidth 283
  RenderBlock {DIV} at (3,3) size 168x17
    RenderText {#text} at (1,0) size 281x17
      text run at (1,0) width 281: "A quick brown fox jumps over the lazy dog"
layer at (197,77) size 168x17 scrollWidth 283
  RenderBlock {DIV} at (3,3) size 168x17
    RenderText {#text} at (1,0) size 281x17
      text run at (1,0) width 281: "A quick brown fox jumps over the lazy dog"
layer at (197,104) size 187x18 scrollWidth 302
  RenderBlock {DIV} at (3,3) size 187x18
    RenderText {#text} at (1,0) size 300x17
      text run at (1,0) width 300: "A quick brown fox jumps over the lazy dog"
layer at (197,132) size 187x18 scrollWidth 302
  RenderBlock {DIV} at (3,3) size 187x18
    RenderText {#text} at (1,0) size 300x17
      text run at (1,0) width 300: "A quick brown fox jumps over the lazy dog"
layer at (197,160) size 188x20 scrollWidth 321
  RenderBlock {DIV} at (3,3) size 188x20
    RenderText {#text} at (1,0) size 319x19
      text run at (1,0) width 319: "A quick brown fox jumps over the lazy dog"
layer at (197,190) size 188x20 scrollWidth 321
  RenderBlock {DIV} at (3,3) size 188x20
    RenderText {#text} at (1,0) size 319x19
      text run at (1,0) width 319: "A quick brown fox jumps over the lazy dog"
layer at (197,220) size 208x21 scrollWidth 340
  RenderBlock {DIV} at (3,3) size 208x21
    RenderText {#text} at (1,0) size 338x20
      text run at (1,0) width 338: "A quick brown fox jumps over the lazy dog"
layer at (197,251) size 208x21 scrollWidth 340
  RenderBlock {DIV} at (3,3) size 208x21
    RenderText {#text} at (1,0) size 338x20
      text run at (1,0) width 338: "A quick brown fox jumps over the lazy dog"
layer at (197,282) size 228x22 scrollWidth 358
  RenderBlock {DIV} at (3,3) size 228x22
    RenderText {#text} at (1,0) size 356x21
      text run at (1,0) width 356: "A quick brown fox jumps over the lazy dog"
layer at (197,314) size 228x22 scrollWidth 358
  RenderBlock {DIV} at (3,3) size 228x22
    RenderText {#text} at (1,0) size 356x21
      text run at (1,0) width 356: "A quick brown fox jumps over the lazy dog"
layer at (439,58) size 229x23 scrollWidth 377
  RenderBlock {DIV} at (3,3) size 229x23
    RenderText {#text} at (1,0) size 375x22
      text run at (1,0) width 375: "A quick brown fox jumps over the lazy dog"
layer at (439,91) size 229x23 scrollWidth 377
  RenderBlock {DIV} at (3,3) size 229x23
    RenderText {#text} at (1,0) size 375x22
      text run at (1,0) width 375: "A quick brown fox jumps over the lazy dog"
layer at (439,124) size 249x24 scrollWidth 396
  RenderBlock {DIV} at (3,3) size 249x24
    RenderText {#text} at (1,0) size 394x23
      text run at (1,0) width 394: "A quick brown fox jumps over the lazy dog"
layer at (439,158) size 249x24 scrollWidth 396
  RenderBlock {DIV} at (3,3) size 249x24
    RenderText {#text} at (1,0) size 394x23
      text run at (1,0) width 394: "A quick brown fox jumps over the lazy dog"
layer at (439,192) size 250x26 scrollWidth 415
  RenderBlock {DIV} at (3,3) size 250x26
    RenderText {#text} at (1,0) size 413x25
      text run at (1,0) width 413: "A quick brown fox jumps over the lazy dog"
layer at (439,228) size 250x26 scrollWidth 415
  RenderBlock {DIV} at (3,3) size 250x26
    RenderText {#text} at (1,0) size 413x25
      text run at (1,0) width 413: "A quick brown fox jumps over the lazy dog"
layer at (439,264) size 270x27 scrollWidth 433
  RenderBlock {DIV} at (3,3) size 270x27
    RenderText {#text} at (1,0) size 431x26
      text run at (1,0) width 431: "A quick brown fox jumps over the lazy dog"
layer at (439,301) size 270x27 scrollWidth 433
  RenderBlock {DIV} at (3,3) size 270x27
    RenderText {#text} at (1,0) size 431x26
      text run at (1,0) width 431: "A quick brown fox jumps over the lazy dog"
