layer at (0,0) size 800x600
  RenderView at (0,0) size 800x600
layer at (0,0) size 800x600
  RenderBlock {HTML} at (0,0) size 800x600
    RenderBody {BODY} at (8,8) size 784x576
      RenderBlock {P} at (0,0) size 784x18
        RenderText {#text} at (0,0) size 518x17
          text run at (0,0) width 518: "This test verifies that the speech input control is rendered correctly for dir=rtl/ltr."
      RenderBlock {UL} at (0,34) size 784x200
        RenderListItem {LI} at (40,0) size 744x28
          RenderListMarker at (-17,5) size 7x17: bullet
          RenderText {#text} at (0,5) size 252x17
            text run at (0,5) width 252: "The Microphone icon should be on the "
          RenderInline {B} at (0,0) size 35x17
            RenderText {#text} at (251,5) size 35x17
              text run at (251,5) width 35: "right"
          RenderText {#text} at (285,5) size 10x17
            text run at (285,5) width 10: ": "
          RenderTextControl {INPUT} at (296,2) size 193x24 [bgcolor=#FFFFFF] [border: (2px inset #000000)]
            RenderBlock {DIV} at (3,3) size 187x18
        RenderListItem {LI} at (40,28) size 744x36
          RenderListMarker at (-17,9) size 7x17: bullet
          RenderText {#text} at (0,9) size 252x17
            text run at (0,9) width 252: "The Microphone icon should be on the "
          RenderInline {B} at (0,0) size 35x17
            RenderText {#text} at (251,9) size 35x17
              text run at (251,9) width 35: "right"
          RenderText {#text} at (285,9) size 10x17
            text run at (285,9) width 10: ": "
          RenderTextControl {INPUT} at (296,2) size 211x32 [bgcolor=#FFFFFF] [border: (2px inset #000000)]
            RenderBlock {DIV} at (12,7) size 187x18
        RenderListItem {LI} at (40,64) size 744x36
          RenderListMarker at (-17,9) size 7x17: bullet
          RenderText {#text} at (0,9) size 252x17
            text run at (0,9) width 252: "The Microphone icon should be on the "
          RenderInline {B} at (0,0) size 35x17
            RenderText {#text} at (251,9) size 35x17
              text run at (251,9) width 35: "right"
          RenderText {#text} at (285,9) size 10x17
            text run at (285,9) width 10: ": "
          RenderTextControl {INPUT} at (296,2) size 211x32 [bgcolor=#FFFFFF] [border: (2px inset #000000)]
            RenderBlock {DIV} at (12,7) size 187x18
        RenderListItem {LI} at (40,100) size 744x28
          RenderListMarker at (-17,5) size 7x17: bullet
          RenderText {#text} at (0,5) size 252x17
            text run at (0,5) width 252: "The Microphone icon should be on the "
          RenderInline {B} at (0,0) size 24x17
            RenderText {#text} at (251,5) size 24x17
              text run at (251,5) width 24: "left"
          RenderText {#text} at (274,5) size 9x17
            text run at (274,5) width 9: ": "
          RenderTextControl {INPUT} at (285,2) size 193x24 [bgcolor=#FFFFFF] [border: (2px inset #000000)]
            RenderBlock {DIV} at (3,3) size 187x18
        RenderListItem {LI} at (40,128) size 744x36
          RenderListMarker at (-17,9) size 7x17: bullet
          RenderText {#text} at (0,9) size 252x17
            text run at (0,9) width 252: "The Microphone icon should be on the "
          RenderInline {B} at (0,0) size 24x17
            RenderText {#text} at (251,9) size 24x17
              text run at (251,9) width 24: "left"
          RenderText {#text} at (274,9) size 9x17
            text run at (274,9) width 9: ": "
          RenderTextControl {INPUT} at (285,2) size 211x32 [bgcolor=#FFFFFF] [border: (2px inset #000000)]
            RenderBlock {DIV} at (12,7) size 187x18
        RenderListItem {LI} at (40,164) size 744x36
          RenderListMarker at (-17,9) size 7x17: bullet
          RenderText {#text} at (0,9) size 252x17
            text run at (0,9) width 252: "The Microphone icon should be on the "
          RenderInline {B} at (0,0) size 24x17
            RenderText {#text} at (251,9) size 24x17
              text run at (251,9) width 24: "left"
          RenderText {#text} at (274,9) size 9x17
            text run at (274,9) width 9: ": "
          RenderTextControl {INPUT} at (285,2) size 211x32 [bgcolor=#FFFFFF] [border: (2px inset #000000)]
            RenderBlock {DIV} at (12,7) size 187x18
