layer at (0,0) size 800x600
  RenderView at (0,0) size 800x600
layer at (0,0) size 800x600
  RenderBlock {HTML} at (0,0) size 800x600
    RenderBody {BODY} at (8,8) size 784x576
      RenderBlock {P} at (0,0) size 784x19
        RenderText {#text} at (0,0) size 619x19
          text run at (0,0) width 619: "This tests the xslt document() function. If this test is successful, there should be three paragraphs below."
      RenderBlock {P} at (0,35) size 784x19
        RenderText {#text} at (0,0) size 114x19
          text run at (0,0) width 114: "This is a paragraph"
      RenderBlock {P} at (0,70) size 784x19
        RenderText {#text} at (0,0) size 152x19
          text run at (0,0) width 152: "This is another paragraph"
      RenderBlock {P} at (0,105) size 784x19
        RenderText {#text} at (0,0) size 149x19
          text run at (0,0) width 149: "This is a third paragraph."
