CONSOLE MESSAGE: line 5: <html xmlns='http://www.w3.org/1999/xhtml/'><body><p>Running an XSL-T 1.0 stylesheet with a 2.0 processor.</p></body></html>
layer at (0,0) size 800x600
  RenderView at (0,0) size 800x600
layer at (0,0) size 800x600
  RenderBlock {HTML} at (0,0) size 800x600
    RenderBody {BODY} at (8,8) size 784x576
      RenderBlock {P} at (0,0) size 784x21
        RenderText {#text} at (0,0) size 157x21
          text run at (0,0) width 157: "Hello World, Success!"
