layer at (0,0) size 800x600
  RenderView at (0,0) size 800x600
layer at (0,0) size 800x156
  RenderBlock {test} at (0,0) size 800x156
    RenderBlock {div} at (0,16) size 800x124
      RenderBlock {p} at (0,0) size 800x19 [bgcolor=#00FF00]
        RenderText {#text} at (0,0) size 304x19
          text run at (0,0) width 304: "This paragraph should have a green background"
      RenderBlock {p} at (0,35) size 800x19 [bgcolor=#00FF00]
        RenderText {#text} at (0,0) size 304x19
          text run at (0,0) width 304: "This paragraph should have a green background"
      RenderBlock {l} at (0,70) size 800x19 [bgcolor=#00FF00]
        RenderInline {p} at (0,0) size 304x19
          RenderText {#text} at (0,0) size 304x19
            text run at (0,0) width 190: "This paragraph should have a "
            text run at (190,0) width 114: "green background"
        RenderText {#text} at (0,0) size 0x0
      RenderBlock {p} at (0,105) size 800x19 [bgcolor=#00FF00]
        RenderText {#text} at (0,0) size 304x19
          text run at (0,0) width 304: "This paragraph should have a green background"
