layer at (0,0) size 800x600
  RenderView at (0,0) size 800x600
layer at (0,0) size 800x86
  RenderBlock {test} at (0,0) size 800x86
    RenderBlock {blockquote} at (40,16) size 720x19
      RenderBlock {div} at (0,0) size 720x19
        RenderText {#text} at (0,0) size 181x19
          text run at (0,0) width 181: "This text should be unstyled."
    RenderBlock {div} at (0,51) size 800x19
      RenderBlock {div} at (0,0) size 800x19
        RenderBlock {p} at (0,0) size 800x19 [color=#008000]
          RenderText {#text} at (0,0) size 163x19
            text run at (0,0) width 163: "This text should be green."
