layer at (0,0) size 800x600
  RenderView at (0,0) size 800x600
layer at (0,0) size 800x105
  RenderBlock {test} at (0,0) size 800x105
    RenderBlock {ul} at (0,16) size 800x38
      RenderListItem {li} at (40,0) size 760x19 [bgcolor=#00FF00]
        RenderListMarker at (-18,0) size 7x19: bullet
        RenderText {#text} at (0,0) size 304x19
          text run at (0,0) width 304: "The background of this list item should be green"
      RenderListItem {li} at (40,19) size 760x19 [bgcolor=#00FF00]
        RenderListMarker at (-18,0) size 7x19: bullet
        RenderText {#text} at (0,0) size 381x19
          text run at (0,0) width 381: "The background of this second list item should be also green"
    RenderBlock {p} at (0,70) size 800x19 [bgcolor=#00FF00]
      RenderText {#text} at (0,0) size 322x19
        text run at (0,0) width 322: "The background of this paragraph should be green."
