layer at (0,0) size 800x600
  RenderView at (0,0) size 800x600
layer at (0,0) size 800x70
  RenderBlock {test} at (0,0) size 800x70
    RenderBlock {p} at (0,16) size 800x38 [bgcolor=#00FF00]
      RenderText {#text} at (0,0) size 304x19
        text run at (0,0) width 304: "This paragraph should have a green background"
      RenderBR {br} at (304,0) size 0x19
      RenderText {#text} at (0,19) size 266x19
        text run at (0,19) width 266: "because its title attribute begins with \"foo\""
