layer at (0,0) size 800x600
  RenderView at (0,0) size 800x600
layer at (0,0) size 800x143
  RenderBlock {test} at (0,0) size 800x143
    RenderBlock {div} at (0,16) size 800x54
      RenderBlock {p} at (0,0) size 800x19 [bgcolor=#00FF00]
        RenderText {#text} at (0,0) size 304x19
          text run at (0,0) width 304: "This paragraph should have a green background"
      RenderBlock {div} at (0,35) size 800x19
        RenderBlock {p} at (0,0) size 800x19 [bgcolor=#00FF00]
          RenderText {#text} at (0,0) size 304x19
            text run at (0,0) width 304: "This paragraph should have a green background"
    RenderTable {table} at (0,86) size 227x57
      RenderTableSection {tbody} at (0,0) size 227x57
        RenderTableRow {tr} at (0,2) size 227x53
          RenderTableCell {td} at (2,2) size 223x53 [r=0 c=0 rs=1 cs=1]
            RenderBlock {p} at (1,17) size 221x19
              RenderText {#text} at (0,0) size 221x19
                text run at (0,0) width 221: "This paragraph should be unstyled."
