layer at (0,0) size 800x600
  RenderView at (0,0) size 800x600
layer at (0,0) size 800x191
  RenderBlock {test} at (0,0) size 800x191
    RenderBlock {div} at (0,16) size 800x159
      RenderBlock {p} at (0,0) size 800x19 [bgcolor=#00FF00]
        RenderText {#text} at (0,0) size 264x19
          text run at (0,0) width 105: "This line should "
          text run at (105,0) width 159: "have a green background"
      RenderBlock {p} at (0,35) size 800x19 [bgcolor=#00FF00]
        RenderText {#text} at (0,0) size 264x19
          text run at (0,0) width 264: "This line should have a green background"
      RenderBlock {q} at (0,70) size 800x19 [bgcolor=#00FF00]
        RenderText {#text} at (0,0) size 264x19
          text run at (0,0) width 264: "This line should have a green background"
      RenderBlock {p} at (0,105) size 800x19 [bgcolor=#00FF00]
        RenderText {#text} at (0,0) size 264x19
          text run at (0,0) width 264: "This line should have a green background"
      RenderBlock {foo} at (0,140) size 800x19 [bgcolor=#00FF00]
        RenderText {#text} at (0,0) size 264x19
          text run at (0,0) width 264: "This line should have a green background"
