layer at (0,0) size 800x600
  RenderView at (0,0) size 800x600
layer at (0,0) size 800x127
  RenderBlock {test} at (0,0) size 800x127
    RenderBlock {p} at (0,16) size 800x95
      RenderText {#text} at (0,0) size 800x95
        text run at (0,0) width 254: "This very long paragraph should have a "
        text run at (254,0) width 491: "first line with green background. This very long paragraph should have a first "
        text run at (745,0) width 55: "line with"
        text run at (0,19) width 122: "green background. "
        text run at (122,19) width 309: "This very long paragraph should have a first line "
        text run at (431,19) width 359: "with green background. This very long paragraph should"
        text run at (0,38) width 132: "have a first line with "
        text run at (132,38) width 502: "green background. This very long paragraph should have a first line with green "
        text run at (634,38) width 143: "background. This very"
        text run at (0,57) width 399: "long paragraph should have a first line with green background. "
        text run at (399,57) width 376: "This very long paragraph should have a first line with green"
        text run at (0,76) width 79: "background."
