layer at (0,0) size 800x600
  RenderView at (0,0) size 800x600
layer at (0,0) size 800x53
  RenderBlock {test} at (0,0) size 800x53
    RenderBlock {p} at (0,16) size 800x21
      RenderBlock {input} at (4,6) size 12x12 [bgcolor=#00FF00]
      RenderText {#text} at (20,0) size 4x19
        text run at (20,0) width 4: " "
      RenderInline {span} at (0,0) size 388x19 [bgcolor=#00FF00]
        RenderText {#text} at (24,0) size 388x19
          text run at (24,0) width 388: "Everything in this paragraph should have a green background"
