layer at (0,0) size 800x600
  RenderView at (0,0) size 800x600
layer at (0,0) size 800x525
  RenderBlock {test} at (0,0) size 800x525
    RenderBlock {ul} at (0,16) size 800x114
      RenderListItem {li} at (40,0) size 760x19
        RenderListMarker at (-18,0) size 7x19: bullet
        RenderText {#text} at (0,0) size 81x19
          text run at (0,0) width 81: "First list item"
      RenderListItem {li} at (40,19) size 760x19 [bgcolor=#008000]
        RenderListMarker at (-18,0) size 7x19: bullet
        RenderText {#text} at (0,0) size 338x19
          text run at (0,0) width 338: "This second list item should have a green background"
      RenderListItem {li} at (40,38) size 760x19
        RenderListMarker at (-18,0) size 7x19: bullet
        RenderText {#text} at (0,0) size 88x19
          text run at (0,0) width 88: "Third list item"
      RenderListItem {li} at (40,57) size 760x19 [bgcolor=#008000]
        RenderListMarker at (-18,0) size 7x19: bullet
        RenderText {#text} at (0,0) size 332x19
          text run at (0,0) width 332: "This fourth list item should have a green background"
      RenderListItem {li} at (40,76) size 760x19
        RenderListMarker at (-18,0) size 7x19: bullet
        RenderText {#text} at (0,0) size 83x19
          text run at (0,0) width 83: "Fifth list item"
      RenderListItem {li} at (40,95) size 760x19 [bgcolor=#008000]
        RenderListMarker at (-18,0) size 7x19: bullet
        RenderText {#text} at (0,0) size 324x19
          text run at (0,0) width 324: "This sixth list item should have a green background"
    RenderBlock {ol} at (0,146) size 800x114
      RenderListItem {li} at (40,0) size 760x19 [bgcolor=#008000]
        RenderListMarker at (-21,0) size 16x19: "1"
        RenderText {#text} at (0,0) size 318x19
          text run at (0,0) width 318: "This first list item should have a green background"
      RenderListItem {li} at (40,19) size 760x19
        RenderListMarker at (-21,0) size 16x19: "2"
        RenderText {#text} at (0,0) size 100x19
          text run at (0,0) width 100: "Second list item"
      RenderListItem {li} at (40,38) size 760x19 [bgcolor=#008000]
        RenderListMarker at (-21,0) size 16x19: "3"
        RenderText {#text} at (0,0) size 323x19
          text run at (0,0) width 323: "This third list item should have a green background"
      RenderListItem {li} at (40,57) size 760x19
        RenderListMarker at (-21,0) size 16x19: "4"
        RenderText {#text} at (0,0) size 95x19
          text run at (0,0) width 95: "Fourth list item"
      RenderListItem {li} at (40,76) size 760x19 [bgcolor=#008000]
        RenderListMarker at (-21,0) size 16x19: "5"
        RenderText {#text} at (0,0) size 320x19
          text run at (0,0) width 320: "This fifth list item should have a green background"
      RenderListItem {li} at (40,95) size 760x19
        RenderListMarker at (-21,0) size 16x19: "6"
        RenderText {#text} at (0,0) size 86x19
          text run at (0,0) width 86: "Sixth list item"
    RenderBlock {div} at (0,276) size 800x249
      RenderTable {table} at (0,0) size 162x154 [border: (1px outset #808080)]
        RenderTableSection (anonymous) at (1,1) size 160x152
          RenderTableRow {tr} at (0,2) size 160x23
            RenderTableCell {td} at (2,2) size 104x23 [border: (1px inset #808080)] [r=0 c=0 rs=1 cs=1]
              RenderText {#text} at (2,2) size 20x19
                text run at (2,2) width 20: "1.1"
            RenderTableCell {td} at (108,2) size 24x23 [border: (1px inset #808080)] [r=0 c=1 rs=1 cs=1]
              RenderText {#text} at (2,2) size 20x19
                text run at (2,2) width 20: "1.2"
            RenderTableCell {td} at (134,2) size 24x23 [border: (1px inset #808080)] [r=0 c=2 rs=1 cs=1]
              RenderText {#text} at (2,2) size 20x19
                text run at (2,2) width 20: "1.3"
          RenderTableRow {tr} at (0,27) size 160x23
            RenderTableCell {td} at (2,27) size 104x23 [border: (1px inset #808080)] [r=1 c=0 rs=1 cs=1]
              RenderText {#text} at (2,2) size 20x19
                text run at (2,2) width 20: "2.1"
            RenderTableCell {td} at (108,27) size 24x23 [border: (1px inset #808080)] [r=1 c=1 rs=1 cs=1]
              RenderText {#text} at (2,2) size 20x19
                text run at (2,2) width 20: "2.2"
            RenderTableCell {td} at (134,27) size 24x23 [border: (1px inset #808080)] [r=1 c=2 rs=1 cs=1]
              RenderText {#text} at (2,2) size 20x19
                text run at (2,2) width 20: "2.3"
          RenderTableRow {tr} at (0,52) size 160x23 [bgcolor=#008000]
            RenderTableCell {td} at (2,52) size 104x23 [border: (1px inset #808080)] [r=2 c=0 rs=1 cs=1]
              RenderText {#text} at (2,2) size 100x19
                text run at (2,2) width 100: "Green row : 3.1"
            RenderTableCell {td} at (108,52) size 24x23 [border: (1px inset #808080)] [r=2 c=1 rs=1 cs=1]
              RenderText {#text} at (2,2) size 20x19
                text run at (2,2) width 20: "3.2"
            RenderTableCell {td} at (134,52) size 24x23 [border: (1px inset #808080)] [r=2 c=2 rs=1 cs=1]
              RenderText {#text} at (2,2) size 20x19
                text run at (2,2) width 20: "3.3"
          RenderTableRow {tr} at (0,77) size 160x23 [bgcolor=#008000]
            RenderTableCell {td} at (2,77) size 104x23 [border: (1px inset #808080)] [r=3 c=0 rs=1 cs=1]
              RenderText {#text} at (2,2) size 100x19
                text run at (2,2) width 100: "Green row : 4.1"
            RenderTableCell {td} at (108,77) size 24x23 [border: (1px inset #808080)] [r=3 c=1 rs=1 cs=1]
              RenderText {#text} at (2,2) size 20x19
                text run at (2,2) width 20: "4.2"
            RenderTableCell {td} at (134,77) size 24x23 [border: (1px inset #808080)] [r=3 c=2 rs=1 cs=1]
              RenderText {#text} at (2,2) size 20x19
                text run at (2,2) width 20: "4.3"
          RenderTableRow {tr} at (0,102) size 160x23 [bgcolor=#008000]
            RenderTableCell {td} at (2,102) size 104x23 [border: (1px inset #808080)] [r=4 c=0 rs=1 cs=1]
              RenderText {#text} at (2,2) size 100x19
                text run at (2,2) width 100: "Green row : 5.1"
            RenderTableCell {td} at (108,102) size 24x23 [border: (1px inset #808080)] [r=4 c=1 rs=1 cs=1]
              RenderText {#text} at (2,2) size 20x19
                text run at (2,2) width 20: "5.2"
            RenderTableCell {td} at (134,102) size 24x23 [border: (1px inset #808080)] [r=4 c=2 rs=1 cs=1]
              RenderText {#text} at (2,2) size 20x19
                text run at (2,2) width 20: "5.3"
          RenderTableRow {tr} at (0,127) size 160x23 [bgcolor=#008000]
            RenderTableCell {td} at (2,127) size 104x23 [border: (1px inset #808080)] [r=5 c=0 rs=1 cs=1]
              RenderText {#text} at (2,2) size 100x19
                text run at (2,2) width 100: "Green row : 6.1"
            RenderTableCell {td} at (108,127) size 24x23 [border: (1px inset #808080)] [r=5 c=1 rs=1 cs=1]
              RenderText {#text} at (2,2) size 20x19
                text run at (2,2) width 20: "6.2"
            RenderTableCell {td} at (134,127) size 24x23 [border: (1px inset #808080)] [r=5 c=2 rs=1 cs=1]
              RenderText {#text} at (2,2) size 20x19
                text run at (2,2) width 20: "6.3"
      RenderBlock {p} at (0,170) size 800x0
      RenderTable {table} at (0,170) size 335x79 [border: (1px outset #808080)]
        RenderTableSection (anonymous) at (1,1) size 333x77
          RenderTableRow {tr} at (0,2) size 333x23
            RenderTableCell {td} at (2,2) size 24x23 [border: (1px inset #808080)] [r=0 c=0 rs=1 cs=1]
              RenderText {#text} at (2,2) size 20x19
                text run at (2,2) width 20: "1.1"
            RenderTableCell {td} at (28,2) size 65x23 [bgcolor=#008000] [border: (1px inset #808080)] [r=0 c=1 rs=1 cs=1]
              RenderText {#text} at (2,2) size 61x19
                text run at (2,2) width 61: "green cell"
            RenderTableCell {td} at (95,2) size 24x23 [border: (1px inset #808080)] [r=0 c=2 rs=1 cs=1]
              RenderText {#text} at (2,2) size 20x19
                text run at (2,2) width 20: "1.3"
            RenderTableCell {td} at (121,2) size 24x23 [border: (1px inset #808080)] [r=0 c=3 rs=1 cs=1]
              RenderText {#text} at (2,2) size 20x19
                text run at (2,2) width 20: "1.4"
            RenderTableCell {td} at (147,2) size 65x23 [bgcolor=#008000] [border: (1px inset #808080)] [r=0 c=4 rs=1 cs=1]
              RenderText {#text} at (2,2) size 61x19
                text run at (2,2) width 61: "green cell"
            RenderTableCell {td} at (214,2) size 24x23 [border: (1px inset #808080)] [r=0 c=5 rs=1 cs=1]
              RenderText {#text} at (2,2) size 20x19
                text run at (2,2) width 20: "1.6"
            RenderTableCell {td} at (240,2) size 24x23 [border: (1px inset #808080)] [r=0 c=6 rs=1 cs=1]
              RenderText {#text} at (2,2) size 20x19
                text run at (2,2) width 20: "1.7"
            RenderTableCell {td} at (266,2) size 65x23 [bgcolor=#008000] [border: (1px inset #808080)] [r=0 c=7 rs=1 cs=1]
              RenderText {#text} at (2,2) size 61x19
                text run at (2,2) width 61: "green cell"
          RenderTableRow {tr} at (0,27) size 333x23
            RenderTableCell {td} at (2,27) size 24x23 [border: (1px inset #808080)] [r=1 c=0 rs=1 cs=1]
              RenderText {#text} at (2,2) size 20x19
                text run at (2,2) width 20: "2.1"
            RenderTableCell {td} at (28,27) size 65x23 [bgcolor=#008000] [border: (1px inset #808080)] [r=1 c=1 rs=1 cs=1]
              RenderText {#text} at (2,2) size 61x19
                text run at (2,2) width 61: "green cell"
            RenderTableCell {td} at (95,27) size 24x23 [border: (1px inset #808080)] [r=1 c=2 rs=1 cs=1]
              RenderText {#text} at (2,2) size 20x19
                text run at (2,2) width 20: "2.3"
            RenderTableCell {td} at (121,27) size 24x23 [border: (1px inset #808080)] [r=1 c=3 rs=1 cs=1]
              RenderText {#text} at (2,2) size 20x19
                text run at (2,2) width 20: "2.4"
            RenderTableCell {td} at (147,27) size 65x23 [bgcolor=#008000] [border: (1px inset #808080)] [r=1 c=4 rs=1 cs=1]
              RenderText {#text} at (2,2) size 61x19
                text run at (2,2) width 61: "green cell"
            RenderTableCell {td} at (214,27) size 24x23 [border: (1px inset #808080)] [r=1 c=5 rs=1 cs=1]
              RenderText {#text} at (2,2) size 20x19
                text run at (2,2) width 20: "2.6"
            RenderTableCell {td} at (240,27) size 24x23 [border: (1px inset #808080)] [r=1 c=6 rs=1 cs=1]
              RenderText {#text} at (2,2) size 20x19
                text run at (2,2) width 20: "2.7"
            RenderTableCell {td} at (266,27) size 65x23 [bgcolor=#008000] [border: (1px inset #808080)] [r=1 c=7 rs=1 cs=1]
              RenderText {#text} at (2,2) size 61x19
                text run at (2,2) width 61: "green cell"
          RenderTableRow {tr} at (0,52) size 333x23
            RenderTableCell {td} at (2,52) size 24x23 [border: (1px inset #808080)] [r=2 c=0 rs=1 cs=1]
              RenderText {#text} at (2,2) size 20x19
                text run at (2,2) width 20: "3.1"
            RenderTableCell {td} at (28,52) size 65x23 [bgcolor=#008000] [border: (1px inset #808080)] [r=2 c=1 rs=1 cs=1]
              RenderText {#text} at (2,2) size 61x19
                text run at (2,2) width 61: "green cell"
            RenderTableCell {td} at (95,52) size 24x23 [border: (1px inset #808080)] [r=2 c=2 rs=1 cs=1]
              RenderText {#text} at (2,2) size 20x19
                text run at (2,2) width 20: "3.3"
            RenderTableCell {td} at (121,52) size 24x23 [border: (1px inset #808080)] [r=2 c=3 rs=1 cs=1]
              RenderText {#text} at (2,2) size 20x19
                text run at (2,2) width 20: "3.4"
            RenderTableCell {td} at (147,52) size 65x23 [bgcolor=#008000] [border: (1px inset #808080)] [r=2 c=4 rs=1 cs=1]
              RenderText {#text} at (2,2) size 61x19
                text run at (2,2) width 61: "green cell"
            RenderTableCell {td} at (214,52) size 24x23 [border: (1px inset #808080)] [r=2 c=5 rs=1 cs=1]
              RenderText {#text} at (2,2) size 20x19
                text run at (2,2) width 20: "3.6"
            RenderTableCell {td} at (240,52) size 24x23 [border: (1px inset #808080)] [r=2 c=6 rs=1 cs=1]
              RenderText {#text} at (2,2) size 20x19
                text run at (2,2) width 20: "3.7"
            RenderTableCell {td} at (266,52) size 65x23 [bgcolor=#008000] [border: (1px inset #808080)] [r=2 c=7 rs=1 cs=1]
              RenderText {#text} at (2,2) size 61x19
                text run at (2,2) width 61: "green cell"
