layer at (0,0) size 800x600
  RenderView at (0,0) size 800x600
layer at (0,0) size 800x400
  RenderBlock {test} at (0,0) size 800x400
    RenderBlock {p} at (0,16) size 800x19 [bgcolor=#00FF00]
      RenderText {#text} at (0,0) size 293x19
        text run at (0,0) width 293: "This paragraph should have green background"
    RenderBlock {address} at (0,51) size 800x19
      RenderText {#text} at (0,0) size 333x19
        text run at (0,0) width 333: "But this address is here only to fill space in the dom.."
    RenderBlock {p} at (0,86) size 800x19
      RenderText {#text} at (0,0) size 152x19
        text run at (0,0) width 152: "So does this paragraph !"
    RenderBlock {p} at (0,121) size 800x19
      RenderText {#text} at (0,0) size 160x19
        text run at (0,0) width 160: "And so does this one too."
    RenderBlock {dl} at (0,156) size 800x228
      RenderBlock {dt} at (0,0) size 800x19
        RenderText {#text} at (0,0) size 124x19
          text run at (0,0) width 124: "First definition term"
      RenderBlock {dd} at (40,19) size 760x19
        RenderText {#text} at (0,0) size 92x19
          text run at (0,0) width 92: "First definition"
      RenderBlock {dt} at (0,38) size 800x19
        RenderText {#text} at (0,0) size 143x19
          text run at (0,0) width 143: "Second definition term"
      RenderBlock {dd} at (40,57) size 760x19
        RenderText {#text} at (0,0) size 111x19
          text run at (0,0) width 111: "Second definition"
      RenderBlock {dt} at (0,76) size 800x19 [bgcolor=#00FF00]
        RenderText {#text} at (0,0) size 356x19
          text run at (0,0) width 356: "Third definition term that should have green background"
      RenderBlock {dd} at (40,95) size 760x19 [bgcolor=#00FF00]
        RenderText {#text} at (0,0) size 324x19
          text run at (0,0) width 324: "Third definition that should have green background"
      RenderBlock {dt} at (0,114) size 800x19
        RenderText {#text} at (0,0) size 138x19
          text run at (0,0) width 138: "Fourth definition term"
      RenderBlock {dd} at (40,133) size 760x19
        RenderText {#text} at (0,0) size 106x19
          text run at (0,0) width 106: "Fourth definition"
      RenderBlock {dt} at (0,152) size 800x19
        RenderText {#text} at (0,0) size 126x19
          text run at (0,0) width 126: "Fifth definition term"
      RenderBlock {dd} at (40,171) size 760x19
        RenderText {#text} at (0,0) size 94x19
          text run at (0,0) width 94: "Fifth definition"
      RenderBlock {dt} at (0,190) size 800x19 [bgcolor=#00FF00]
        RenderText {#text} at (0,0) size 354x19
          text run at (0,0) width 354: "Sixth definition term that should have green background"
      RenderBlock {dd} at (40,209) size 760x19 [bgcolor=#00FF00]
        RenderText {#text} at (0,0) size 322x19
          text run at (0,0) width 322: "Sixth definition that should have green background"
