layer at (0,0) size 800x600
  RenderView at (0,0) size 800x600
layer at (0,0) size 800x92
  RenderBlock {HTML} at (0,0) size 800x92
    RenderBody {BODY} at (8,8) size 784x76
      RenderBlock {DIV} at (0,0) size 50x58
        RenderBlock (anonymous) at (0,0) size 50x0
          RenderInline {SPAN} at (0,0) size 0x0
        RenderBlock (anonymous) at (0,0) size 50x40
          RenderBlock {DIV} at (10,0) size 30x40 [bgcolor=#C0C0C0]
        RenderBlock (anonymous) at (0,40) size 50x18
          RenderInline {SPAN} at (0,0) size 8x18
            RenderText {#text} at (21,0) size 8x18
              text run at (21,0) width 8: "x"
          RenderText {#text} at (0,0) size 0x0
      RenderBlock (anonymous) at (0,58) size 784x18
        RenderText {#text} at (0,0) size 0x18
          text run at (0,0) width 0: "\x{19}"
