layer at (0,0) size 808x585
  RenderView at (0,0) size 800x585
layer at (0,0) size 800x182
  RenderBlock {HTML} at (0,0) size 800x182
    RenderBody {BODY} at (8,16) size 784x158
      RenderBlock {P} at (0,0) size 784x36
        RenderText {#text} at (0,0) size 100x18
          text run at (0,0) width 100: "Repaint test for "
        RenderInline {I} at (0,0) size 124x18
          RenderInline {A} at (0,0) size 124x18 [color=#0000EE]
            RenderText {#text} at (100,0) size 124x18
              text run at (100,0) width 124: "Bugzilla bug 23524"
        RenderText {#text} at (224,0) size 751x36
          text run at (224,0) width 4: " "
          text run at (228,0) width 523: "Make sure that a table section doesn't stop painting when vertical alignment of cells"
          text run at (0,18) width 136: "dynamically changes."
      RenderBlock {DIV} at (0,52) size 800x106
        RenderTable {TABLE} at (0,0) size 110x106
          RenderTableSection {TBODY} at (0,0) size 110x106
            RenderTableRow {TR} at (0,2) size 110x102
              RenderTableCell {TD} at (2,2) size 102x102 [r=0 c=0 rs=1 cs=1]
                RenderBlock (floating) {DIV} at (1,1) size 100x100 [bgcolor=#008000]
              RenderTableCell {TD} at (106,2) size 2x3 [r=0 c=1 rs=1 cs=1]
                RenderBlock {DIV} at (1,1) size 0x0
                RenderBlock {DIV} at (1,2) size 0x0
                RenderBlock {DIV} at (1,2) size 0x0
