layer at (0,0) size 785x2016
  RenderView at (0,0) size 785x600
layer at (0,0) size 785x2016
  RenderBlock {HTML} at (0,0) size 785x2016
    RenderBody {BODY} at (8,8) size 769x2000
layer at (8,28) size 769x36
  RenderBlock (relative positioned) {P} at (0,0) size 769x36
    RenderText {#text} at (0,0) size 100x18
      text run at (0,0) width 100: "Repaint test for "
    RenderInline {I} at (0,0) size 744x36
      RenderInline {A} at (0,0) size 301x18 [color=#0000EE]
        RenderText {#text} at (100,0) size 301x18
          text run at (100,0) width 301: "http://bugs.webkit.org/show_bug.cgi?id=11452"
      RenderText {#text} at (401,0) size 744x36
        text run at (401,0) width 4: " "
        text run at (405,0) width 339: "REGRESSION (r16736-r16801): Incorrect repaint of"
        text run at (0,18) width 70: "fixed boxes"
    RenderText {#text} at (70,18) size 4x18
      text run at (70,18) width 4: "."
layer at (8,80) size 100x100
  RenderBlock (positioned) {DIV} at (8,60) size 100x100 [bgcolor=#008000]
scrolled to 0,20
