layer at (0,0) size 800x600
  RenderView at (0,0) size 800x600
layer at (0,0) size 800x600
  RenderBlock {HTML} at (0,0) size 800x600
    RenderBody {BODY} at (8,8) size 784x584
      RenderBlock {P} at (0,0) size 784x18
        RenderText {#text} at (0,0) size 479x19
          text run at (0,0) width 479: "You should see two 'hello world' frames below, each in 'view source' mode."
      RenderBlock {HR} at (0,34) size 784x2 [border: (1px inset #000000)]
      RenderBlock (anonymous) at (0,44) size 784x157
        RenderPartObject {IFRAME} at (0,0) size 304x154 [border: (2px inset #000000)]
          layer at (0,0) size 300x150
            RenderView at (0,0) size 300x150
          layer at (0,0) size 300x150 layerType: background only
          layer at (0,0) size 31x150
            RenderBlock (positioned) zI: -1 {DIV} at (0,0) size 31x150 [bgcolor=#F0F0F0] [border: none (1px solid #BBBBBB) none]
          layer at (0,0) size 300x150 layerType: foreground only
            RenderBlock {HTML} at (0,0) size 300x150
              RenderBody {BODY} at (0,0) size 300x150
                RenderTable {TABLE} at (0,0) size 300x10
                  RenderTableSection {TBODY} at (0,0) size 300x10
                    RenderTableRow {TR} at (0,0) size 300x10
                      RenderTableCell {TD} at (0,0) size 76x10 [color=#808080] [bgcolor=#F0F0F0] [border: none (1px solid #BBBBBB) none] [r=0 c=0 rs=1 cs=1]
                        RenderInline (generated) at (0,0) size 5x11
                          RenderCounter at (66,0) size 5x11
                            text run at (66,0) width 5: "1"
                      RenderTableCell {TD} at (76,0) size 224x10 [color=#808080] [bgcolor=#F0F0F0] [border: none (1px solid #BBBBBB) none] [r=0 c=1 rs=1 cs=1]
                        RenderInline (generated) at (0,0) size 5x11
                          RenderCounter at (137,0) size 5x11
                            text run at (137,0) width 5: "2"
                        RenderInline {SPAN} at (0,0) size 15x11 [color=#881280]
                          RenderText {#text} at (142,0) size 15x11
                            text run at (142,0) width 15: "<p>"
                        RenderText {#text} at (157,0) size 44x11
                          text run at (157,0) width 44: "hello world"
                        RenderInline {SPAN} at (0,0) size 18x11 [color=#881280]
                          RenderText {#text} at (201,0) size 18x11
                            text run at (201,0) width 18: "</p>"
        RenderText {#text} at (304,139) size 4x19
          text run at (304,139) width 4: " "
        RenderPartObject {IFRAME} at (308,0) size 304x154 [border: (2px inset #000000)]
          layer at (0,0) size 300x150
            RenderView at (0,0) size 300x150
          layer at (0,0) size 300x150
            RenderBlock {HTML} at (0,0) size 300x150
              RenderFrameSet {FRAMESET} at (0,0) size 300x150
                RenderFrame {FRAME} at (0,0) size 300x150
                  layer at (0,0) size 300x150
                    RenderView at (0,0) size 300x150
                  layer at (0,0) size 300x150 layerType: background only
                  layer at (0,0) size 31x150
                    RenderBlock (positioned) zI: -1 {DIV} at (0,0) size 31x150 [bgcolor=#F0F0F0] [border: none (1px solid #BBBBBB) none]
                  layer at (0,0) size 300x150 layerType: foreground only
                    RenderBlock {HTML} at (0,0) size 300x150
                      RenderBody {BODY} at (0,0) size 300x150
                        RenderTable {TABLE} at (0,0) size 300x10
                          RenderTableSection {TBODY} at (0,0) size 300x10
                            RenderTableRow {TR} at (0,0) size 300x10
                              RenderTableCell {TD} at (0,0) size 76x10 [color=#808080] [bgcolor=#F0F0F0] [border: none (1px solid #BBBBBB) none] [r=0 c=0 rs=1 cs=1]
                                RenderInline (generated) at (0,0) size 5x11
                                  RenderCounter at (66,0) size 5x11
                                    text run at (66,0) width 5: "1"
                              RenderTableCell {TD} at (76,0) size 224x10 [color=#808080] [bgcolor=#F0F0F0] [border: none (1px solid #BBBBBB) none] [r=0 c=1 rs=1 cs=1]
                                RenderInline (generated) at (0,0) size 5x11
                                  RenderCounter at (137,0) size 5x11
                                    text run at (137,0) width 5: "2"
                                RenderInline {SPAN} at (0,0) size 15x11 [color=#881280]
                                  RenderText {#text} at (142,0) size 15x11
                                    text run at (142,0) width 15: "<p>"
                                RenderText {#text} at (157,0) size 44x11
                                  text run at (157,0) width 44: "hello world"
                                RenderInline {SPAN} at (0,0) size 18x11 [color=#881280]
                                  RenderText {#text} at (201,0) size 18x11
                                    text run at (201,0) width 18: "</p>"
        RenderText {#text} at (0,0) size 0x0
