EDITING DELEGATE: shouldBeginEditingInDOMRange:range from 0 of DIV > BODY > HTML > #document to 3 of DIV > BODY > HTML > #document
EDITING DELEGATE: webViewDidBeginEditing:WebViewDidBeginEditingNotification
EDITING DELEGATE: shouldChangeSelectedDOMRange:(null) toDOMRange:range from 30 of #text > PRE > DIV > DIV > BODY > HTML > #document to 30 of #text > PRE > DIV > DIV > BODY > HTML > #document affinity:NSSelectionAffinityDownstream stillSelecting:FALSE
EDITING DELEGATE: webViewDidChangeSelection:WebViewDidChangeSelectionNotification
EDITING DELEGATE: shouldChangeSelectedDOMRange:range from 30 of #text > PRE > DIV > DIV > BODY > HTML > #document to 30 of #text > PRE > DIV > DIV > BODY > HTML > #document toDOMRange:range from 16 of #text > PRE > DIV > DIV > BODY > HTML > #document to 30 of #text > PRE > DIV > DIV > BODY > HTML > #document affinity:NSSelectionAffinityDownstream stillSelecting:FALSE
EDITING DELEGATE: webViewDidChangeSelection:WebViewDidChangeSelectionNotification
layer at (0,0) size 800x600
  RenderView at (0,0) size 800x600
layer at (0,0) size 800x600
  RenderBlock {HTML} at (0,0) size 800x600
    RenderBody {BODY} at (8,8) size 784x584
      RenderBlock {P} at (0,0) size 784x22
        RenderText {#text} at (0,0) size 721x22
          text run at (0,0) width 401: "This tests modifying a selection created with a double click. "
          text run at (401,0) width 320: "The new selection should use word granularity."
      RenderBlock {P} at (0,38) size 784x66 [color=#008000]
        RenderText {#text} at (0,0) size 781x66
          text run at (0,0) width 241: "This test does not run interactively. "
          text run at (241,0) width 442: "It uses the layoutTestControllers eventSender to do mouse clicks. "
          text run at (683,0) width 61: "To run it"
          text run at (0,22) width 630: "manually, triple click on the second line in the box below (anywhere after \"whitespace:pre\"). "
          text run at (630,22) width 151: "The triple click should"
          text run at (0,44) width 136: "select the entire line."
      RenderBlock {DIV} at (0,120) size 784x62
        RenderBlock {DIV} at (0,0) size 784x62 [border: (1px solid #0000FF)]
          RenderBlock {PRE} at (1,14) size 782x34
            RenderText {#text} at (0,0) size 97x34
              text run at (0,0) width 85: "this text is in"
              text run at (85,0) width 0: " "
              text run at (0,17) width 97: "whitespace:pre"
selection start: position 16 of child 0 {#text} of child 1 {PRE} of child 1 {DIV} of child 5 {DIV} of body
selection end:   position 30 of child 0 {#text} of child 1 {PRE} of child 1 {DIV} of child 5 {DIV} of body
