layer at (0,0) size 800x600
  RenderView at (0,0) size 800x600
layer at (0,0) size 800x217
  RenderBlock {HTML} at (0,0) size 800x217
    RenderBody {BODY} at (8,16) size 784x188
      RenderBlock {P} at (0,0) size 784x22
        RenderText {#text} at (0,0) size 417x22
          text run at (0,0) width 417: "This tests horizontal caret movement in vertical writing mode."
      RenderBlock {DIV} at (0,38) size 110x150
        RenderBlock {P} at (20,0) size 25x150
          RenderText {#text} at (0,96) size 25x54
            text run at (0,96) width 54 RTL: "\x{5D0}\x{5E0}\x{5D9} \x{5D7}\x{5EA}\x{5D5}\x{5DC}."
        RenderBlock {P} at (65,0) size 25x150
          RenderText {#text} at (0,90) size 25x60
            text run at (0,90) width 60 RTL: "\x{5D0}\x{5D9}\x{5DF} \x{5DC}\x{5D9} \x{5E9}\x{5DD}."
      RenderBlock {PRE} at (0,201) size 784x0
selection start: position 5 of child 0 {#text} of child 1 {P} of child 3 {DIV} of body
selection end:   position 6 of child 0 {#text} of child 2 {P} of child 3 {DIV} of body
