layer at (0,0) size 800x600
  RenderView at (0,0) size 800x600
layer at (0,0) size 800x41
  RenderBlock {HTML} at (0,0) size 800x41
    RenderBody {BODY} at (8,8) size 784x25
      RenderTextControl {INPUT} at (2,2) size 138x21 [bgcolor=#FFFFFF] [border: (1px solid #BDC7D8)]
        RenderDeprecatedFlexibleBox {DIV} at (18,4) size 116x13
          RenderBlock {DIV} at (2,1) size 15x11
          RenderBlock {DIV} at (20,0) size 85x13
          RenderBlock {DIV} at (105,2) size 8x9
      RenderText {#text} at (0,0) size 0x0
layer at (48,14) size 85x13 scrollWidth 86
  RenderBlock {DIV} at (38,4) size 85x13 [color=#A9A9A9]
    RenderText {#text} at (0,0) size 86x13
      text run at (0,0) width 86: "Search for Events"
layer at (48,14) size 85x13
  RenderBlock {DIV} at (0,0) size 85x13
