layer at (0,0) size 800x600
  RenderView at (0,0) size 800x600
layer at (0,0) size 800x600
  RenderBlock {HTML} at (0,0) size 800x600
    RenderBody {BODY} at (8,8) size 784x584
      RenderTable {TABLE} at (0,0) size 784x341 [border: (5px outset #808080)]
        RenderTableSection {TBODY} at (5,5) size 774x331
          RenderTableRow {TR} at (0,2) size 774x327
            RenderTableCell {TD} at (2,163) size 734x4 [border: (1px inset #808080)] [r=0 c=0 rs=1 cs=1]
            RenderTableCell {TD} at (738,2) size 34x327 [border: (1px inset #808080)] [r=0 c=1 rs=1 cs=1]
              RenderInline {A} at (0,0) size 10x38 [color=#0000EE]
                RenderText {#text} at (2,2) size 10x38
                  text run at (2,2) width 10: "\x{5CA1}"
                  text run at (2,21) width 10: "\x{5C71}"
              RenderText {#text} at (12,21) size 10x19
                text run at (12,21) width 10: "\x{FF5C}"
              RenderInline {A} at (0,0) size 30x38 [color=#0000EE]
                RenderText {#text} at (22,21) size 30x38
                  text run at (22,21) width 10: "\x{5E83}"
                  text run at (2,40) width 10: "\x{5CF6}"
              RenderText {#text} at (12,40) size 10x19
                text run at (12,40) width 10: "\x{FF5C}"
              RenderInline {A} at (0,0) size 30x38 [color=#0000EE]
                RenderText {#text} at (22,40) size 30x38
                  text run at (22,40) width 10: "\x{5C71}"
                  text run at (2,59) width 10: "\x{53E3}"
              RenderText {#text} at (12,59) size 10x19
                text run at (12,59) width 10: "\x{FF5C}"
              RenderInline {A} at (0,0) size 30x38 [color=#0000EE]
                RenderText {#text} at (22,59) size 30x38
                  text run at (22,59) width 10: "\x{5FB3}"
                  text run at (2,78) width 10: "\x{5CF6}"
              RenderText {#text} at (12,78) size 10x19
                text run at (12,78) width 10: "\x{FF5C}"
              RenderInline {A} at (0,0) size 30x38 [color=#0000EE]
                RenderText {#text} at (22,78) size 30x38
                  text run at (22,78) width 10: "\x{9999}"
                  text run at (2,97) width 10: "\x{5DDD}"
              RenderText {#text} at (12,97) size 10x19
                text run at (12,97) width 10: "\x{FF5C}"
              RenderInline {A} at (0,0) size 30x38 [color=#0000EE]
                RenderText {#text} at (22,97) size 30x38
                  text run at (22,97) width 10: "\x{611B}"
                  text run at (2,116) width 10: "\x{5A9B}"
              RenderText {#text} at (12,116) size 10x19
                text run at (12,116) width 10: "\x{FF5C}"
              RenderInline {A} at (0,0) size 30x38 [color=#0000EE]
                RenderText {#text} at (22,116) size 30x38
                  text run at (22,116) width 10: "\x{9AD8}"
                  text run at (2,135) width 10: "\x{77E5}"
              RenderText {#text} at (12,135) size 10x19
                text run at (12,135) width 10: "\x{FF5C}"
              RenderInline {A} at (0,0) size 30x76 [color=#0000EE]
                RenderText {#text} at (22,135) size 30x76
                  text run at (22,135) width 10: "\x{798F}"
                  text run at (2,154) width 30: "\x{5CA1}\x{30FB}\x{5317}"
                  text run at (2,173) width 10: "\x{4E5D}"
                  text run at (2,192) width 10: "\x{5DDE}"
              RenderText {#text} at (12,192) size 10x19
                text run at (12,192) width 10: "\x{FF5C}"
              RenderInline {A} at (0,0) size 30x38 [color=#0000EE]
                RenderText {#text} at (22,192) size 30x38
                  text run at (22,192) width 10: "\x{4F50}"
                  text run at (2,211) width 10: "\x{8CC0}"
              RenderText {#text} at (12,211) size 10x19
                text run at (12,211) width 10: "\x{FF5C}"
              RenderInline {A} at (0,0) size 30x38 [color=#0000EE]
                RenderText {#text} at (22,211) size 30x38
                  text run at (22,211) width 10: "\x{9577}"
                  text run at (2,230) width 10: "\x{5D0E}"
              RenderText {#text} at (12,230) size 10x19
                text run at (12,230) width 10: "\x{FF5C}"
              RenderInline {A} at (0,0) size 30x38 [color=#0000EE]
                RenderText {#text} at (22,230) size 30x38
                  text run at (22,230) width 10: "\x{718A}"
                  text run at (2,249) width 10: "\x{672C}"
              RenderText {#text} at (12,249) size 10x19
                text run at (12,249) width 10: "\x{FF5C}"
              RenderInline {A} at (0,0) size 30x38 [color=#0000EE]
                RenderText {#text} at (22,249) size 30x38
                  text run at (22,249) width 10: "\x{5927}"
                  text run at (2,268) width 10: "\x{5206}"
              RenderText {#text} at (12,268) size 10x19
                text run at (12,268) width 10: "\x{FF5C}"
              RenderInline {A} at (0,0) size 30x38 [color=#0000EE]
                RenderText {#text} at (22,268) size 30x38
                  text run at (22,268) width 10: "\x{5BAE}"
                  text run at (2,287) width 10: "\x{5D0E}"
              RenderText {#text} at (12,287) size 10x19
                text run at (12,287) width 10: "\x{FF5C}"
              RenderInline {A} at (0,0) size 30x38 [color=#0000EE]
                RenderText {#text} at (22,287) size 30x38
                  text run at (22,287) width 10: "\x{9E7F}"
                  text run at (2,306) width 20: "\x{5150}\x{5CF6}"
              RenderText {#text} at (22,306) size 10x19
                text run at (22,306) width 10: "\x{FF5C}"
