layer at (0,0) size 800x600
  RenderView at (0,0) size 800x600
layer at (0,0) size 800x600
  RenderBlock {HTML} at (0,0) size 800x600
    RenderBody {BODY} at (8,8) size 784x584
      RenderBlock {P} at (0,0) size 784x38
        RenderText {#text} at (0,0) size 577x19
          text run at (0,0) width 577: "This tests that bidirectional text is correctly rendered in list box controls."
        RenderBR {BR} at (577,15) size 0x0
        RenderText {#text} at (0,19) size 729x19
          text run at (0,19) width 729: "The order of the text below each list box should match the order of the select's option text."
      RenderBlock (anonymous) at (0,54) size 784x104
        RenderText {#text} at (0,0) size 123x19
          text run at (0,0) width 123: "1) direction: rtl;"
        RenderBR {BR} at (123,15) size 0x0
        RenderListBox {SELECT} at (2,21) size 100x81 [bgcolor=#FFFFFF] [border: (1px inset #808080)]
        RenderBR {BR} at (104,97) size 0x0
      RenderBlock {DIV} at (0,158) size 100x19
        RenderText {#text} at (12,0) size 88x19
          text run at (12,0) width 59 RTL: "\x{5D0}\x{5E4}\x{5E8}\x{5E1}\x{5DE}\x{5D5}\x{5DF}"
          text run at (71,0) width 29: "abc"
      RenderBlock (anonymous) at (0,177) size 784x123
        RenderBR {BR} at (0,0) size 0x19
        RenderText {#text} at (0,19) size 123x19
          text run at (0,19) width 123: "2) direction: ltr;"
        RenderBR {BR} at (123,34) size 0x0
        RenderListBox {SELECT} at (2,40) size 100x81 [bgcolor=#FFFFFF] [border: (1px inset #808080)]
        RenderBR {BR} at (104,116) size 0x0
      RenderBlock {DIV} at (0,300) size 100x19
        RenderText {#text} at (0,0) size 88x19
          text run at (0,0) width 29: "abc"
          text run at (29,0) width 59 RTL: "\x{5D0}\x{5E4}\x{5E8}\x{5E1}\x{5DE}\x{5D5}\x{5DF}"
      RenderBlock (anonymous) at (0,319) size 784x123
        RenderBR {BR} at (0,0) size 0x19
        RenderText {#text} at (0,19) size 85x19
          text run at (0,19) width 85: "3) No style"
        RenderBR {BR} at (85,34) size 0x0
        RenderListBox {SELECT} at (2,40) size 100x81 [bgcolor=#FFFFFF] [border: (1px inset #808080)]
        RenderBR {BR} at (104,116) size 0x0
      RenderBlock {DIV} at (0,442) size 100x19
        RenderText {#text} at (0,0) size 88x19
          text run at (0,0) width 29: "abc"
          text run at (29,0) width 59 RTL: "\x{5D0}\x{5E4}\x{5E8}\x{5E1}\x{5DE}\x{5D5}\x{5DF}"
      RenderBlock (anonymous) at (0,461) size 784x19
        RenderBR {BR} at (0,0) size 0x19
