layer at (0,0) size 800x600
  RenderView at (0,0) size 800x600
layer at (0,0) size 800x600
  RenderBlock {HTML} at (0,0) size 800x600
    RenderBody {BODY} at (8,8) size 784x584
      RenderBlock {P} at (0,0) size 784x18
        RenderText {#text} at (464,0) size 320x19
          text run at (464,0) width 320: "This test tests bidi mirroring in Hebrew and Arabic"
      RenderBlock {P} at (0,34) size 784x18
        RenderText {#text} at (327,0) size 457x19
          text run at (327,0) width 457: "The parenthesis should be displayed as \"(...)...\" visually from left to right"
      RenderBlock {DIV} at (0,68) size 784x18
        RenderText {#text} at (748,0) size 36x19
          text run at (748,0) width 36 RTL: "\x{5E9}(\x{5E9})"
      RenderBlock {DIV} at (0,86) size 784x18
        RenderText {#text} at (760,0) size 24x19
          text run at (760,0) width 24 RTL: "\x{5C6}(\x{5C6})"
      RenderBlock {DIV} at (0,104) size 784x18
        RenderText {#text} at (750,0) size 34x19
          text run at (750,0) width 34 RTL: "\x{644}(\x{644})"
