layer at (0,0) size 800x600
  RenderView at (0,0) size 800x600
layer at (0,0) size 800x35
  RenderBlock {HTML} at (0,0) size 800x35
    RenderBody {BODY} at (8,8) size 784x19
      RenderBlock {DIV} at (0,0) size 784x19
        RenderText {#text} at (0,0) size 510x19
          text run at (0,0) width 510: "This tests proper handling of unicode-bidi: plaintext. You should not see any red."
layer at (8,27) size 103x400
  RenderBlock (positioned) {DIV} at (0,0) size 103x400
    RenderBlock {DIV} at (0,0) size 103x76 [color=#FF0000]
      RenderText {#text} at (0,0) size 44x19
        text run at (0,0) width 44: "!hello. "
      RenderBR {BR} at (44,0) size 0x19
      RenderText {#text} at (0,19) size 50x19
        text run at (0,19) width 50 RTL: "!\x{5E9}\x{5DC}\x{5D5}\x{5DD}. "
      RenderBR {BR} at (0,19) size 0x19
      RenderText {#text} at (0,38) size 66x19
        text run at (0,38) width 39: "hello, "
        text run at (39,38) width 18 RTL: "\x{5DC}\x{5D5}\x{5D9}"
        text run at (57,38) width 9: "! "
      RenderBR {BR} at (66,38) size 0x19
      RenderText {#text} at (0,57) size 100x19
        text run at (0,57) width 5 RTL: "!"
        text run at (5,57) width 50: "WebKit"
        text run at (55,57) width 45 RTL: "\x{5E9}\x{5DC}\x{5D5}\x{5DD}, "
    RenderBlock {PRE} at (0,76) size 103x75 [color=#FF0000]
      RenderText {#text} at (0,0) size 103x75
        text run at (0,0) width 8: "a"
        text run at (8,0) width 0: " "
        text run at (0,15) width 8: "("
        text run at (8,15) width 0: " "
        text run at (0,30) width 0 RTL: " "
        text run at (0,30) width 8 RTL: "!"
        text run at (8,30) width 48: "WebKit"
        text run at (56,30) width 47 RTL: "\x{5E9}\x{5DC}\x{5D5}\x{5DD}, "
        text run at (0,45) width 56: "hello, "
        text run at (56,45) width 16 RTL: "\x{5DC}\x{5D5}\x{5D9}"
        text run at (72,45) width 8: "!"
        text run at (80,45) width 0: " "
        text run at (0,60) width 8: ")"
        text run at (8,60) width 0: " "
layer at (8,27) size 103x400
  RenderBlock (positioned) {DIV} at (0,0) size 103x400 [color=#008000]
    RenderBlock (anonymous) at (0,0) size 103x76
      RenderText {#text} at (0,0) size 40x19
        text run at (0,0) width 40: "!hello."
      RenderBR {BR} at (40,0) size 0x19
      RenderInline {SPAN} at (0,0) size 50x19
        RenderText {#text} at (0,19) size 50x19
          text run at (0,19) width 50 RTL: "!\x{5E9}\x{5DC}\x{5D5}\x{5DD}. "
      RenderBR {BR} at (50,19) size 0x19
      RenderInline {SPAN} at (0,0) size 66x19
        RenderText {#text} at (0,38) size 66x19
          text run at (0,38) width 39: "hello, "
          text run at (39,38) width 18 RTL: "\x{5DC}\x{5D5}\x{5D9}"
          text run at (57,38) width 9: "! "
      RenderBR {BR} at (66,38) size 0x19
      RenderInline {SPAN} at (0,0) size 100x19
        RenderText {#text} at (0,57) size 100x19
          text run at (0,57) width 5 RTL: "!"
          text run at (5,57) width 50: "WebKit"
          text run at (55,57) width 45 RTL: "\x{5E9}\x{5DC}\x{5D5}\x{5DD}, "
      RenderBR {BR} at (100,57) size 0x19
    RenderBlock {PRE} at (0,76) size 103x75
      RenderText {#text} at (0,0) size 103x75
        text run at (0,0) width 8: "a"
        text run at (8,0) width 0: " "
        text run at (0,15) width 8: "("
        text run at (8,15) width 0: " "
        text run at (0,30) width 72: "!WebKit ,"
        text run at (72,30) width 31 RTL: "\x{5E9}\x{5DC}\x{5D5}\x{5DD}"
        text run at (103,30) width 0: " "
        text run at (0,45) width 56: "hello, "
        text run at (56,45) width 16 RTL: "\x{5DC}\x{5D5}\x{5D9}"
        text run at (72,45) width 8: "!"
        text run at (80,45) width 0: " "
        text run at (0,60) width 8: ")"
        text run at (8,60) width 0: " "
