layer at (0,0) size 800x600
  RenderView at (0,0) size 800x600
layer at (0,0) size 800x430
  RenderBlock {HTML} at (0,0) size 800x430
    RenderBody {BODY} at (8,8) size 784x414
      RenderBlock {DIV} at (0,0) size 784x414
        RenderBlock (anonymous) at (0,0) size 784x38
          RenderText {#text} at (0,0) size 761x38
            text run at (0,0) width 761: "In all four cases below, the exclamation mark should be on the left side of the first line and on the right side of the second"
            text run at (0,19) width 27: "line."
        RenderBlock {DIV} at (0,38) size 784x376
          RenderBR {BR} at (476,75) size 0x19
          RenderBR {BR} at (476,169) size 0x19
          RenderBR {BR} at (476,263) size 0x19
          RenderText {#text} at (0,0) size 0x0
layer at (10,48) size 472x86
  RenderTextControl {TEXTAREA} at (2,2) size 472x86 [color=#202020]
    RenderBlock {DIV} at (4,6) size 465x57
      RenderText {#text} at (424,0) size 41x38
        text run at (424,0) width 0 RTL: " "
        text run at (424,0) width 41 RTL: "\x{5E9}\x{5DC}\x{5D5}\x{5DD}!"
        text run at (426,19) width 39: "hello!"
        text run at (465,19) width 0: " "
      RenderBR {BR} at (465,38) size 0x19
layer at (10,142) size 472x86
  RenderTextControl {TEXTAREA} at (2,96) size 472x86 [color=#202020]
    RenderBlock {DIV} at (4,6) size 465x57
      RenderText {#text} at (0,0) size 41x38
        text run at (0,0) width 0 RTL: " "
        text run at (0,0) width 41 RTL: "\x{5E9}\x{5DC}\x{5D5}\x{5DD}!"
        text run at (0,19) width 39: "hello!"
        text run at (39,19) width 0: " "
      RenderBR {BR} at (0,38) size 0x19
layer at (10,236) size 472x86
  RenderTextControl {TEXTAREA} at (2,190) size 472x86 [color=#202020]
    RenderBlock {DIV} at (4,6) size 465x57
      RenderText {#text} at (0,0) size 41x38
        text run at (0,0) width 0 RTL: " "
        text run at (0,0) width 41 RTL: "\x{5E9}\x{5DC}\x{5D5}\x{5DD}!"
        text run at (0,19) width 39: "hello!"
        text run at (39,19) width 0: " "
      RenderBR {BR} at (0,38) size 0x19
layer at (10,330) size 472x86
  RenderTextControl {TEXTAREA} at (2,284) size 472x86 [color=#202020]
    RenderBlock {DIV} at (4,6) size 465x57
      RenderText {#text} at (424,0) size 41x38
        text run at (424,0) width 0 RTL: " "
        text run at (424,0) width 41 RTL: "\x{5E9}\x{5DC}\x{5D5}\x{5DD}!"
        text run at (426,19) width 39: "hello!"
        text run at (465,19) width 0: " "
      RenderBR {BR} at (465,38) size 0x19
