layer at (0,0) size 800x600
  RenderView at (0,0) size 800x600
layer at (0,0) size 800x580
  RenderBlock {html} at (0,0) size 800x580
    RenderBody {body} at (8,8) size 784x564
      RenderBlock {div} at (10,10) size 220x544
        RenderBlock {h2} at (0,19) size 220x29
          RenderText {#text} at (0,0) size 155x29
            text run at (0,0) width 155: "SVG nested"
        RenderBlock {h2} at (0,286) size 220x29
          RenderText {#text} at (0,0) size 151x29
            text run at (0,0) width 151: "CSS nested"
      RenderText {#text} at (240,0) size 5x19
        text run at (240,0) width 5: " "
      RenderBlock {div} at (255,10) size 220x544
        RenderBlock {h2} at (0,19) size 220x29
          RenderText {#text} at (0,0) size 203x29
            text run at (0,0) width 203: "SVG compound"
        RenderBlock {h2} at (0,286) size 220x29
          RenderText {#text} at (0,0) size 199x29
            text run at (0,0) width 199: "CSS compound"
      RenderText {#text} at (0,0) size 0x0
layer at (28,85) size 200x200
  RenderBlock (relative positioned) {div} at (10,67) size 200x200 [bgcolor=#C0C0C0] [border: (1px solid #000000)]
    RenderSVGRoot {svg} at (29,109) size 196x174
      RenderSVGContainer {g} at (29,109) size 196x174 [transform={m=((1.00,0.00)(0.00,1.00)) t=(75.00,25.00)}]
        RenderSVGPath {rect} at (103,110) size 62x62 [stroke={[type=SOLID] [color=#000000] [dash array={1.00, 1.00}]}] [x=0.00] [y=0.00] [width=60.00] [height=60.00]
        RenderSVGContainer {g} at (29,109) size 196x174 [transform={m=((2.00,0.00)(0.00,2.00)) t=(0.00,0.00)}]
          RenderSVGPath {rect} at (103,110) size 122x122 [stroke={[type=SOLID] [color=#000000] [dash array={1.00, 1.00}]}] [x=0.00] [y=0.00] [width=60.00] [height=60.00]
          RenderSVGPath {rect} at (29,109) size 162x174 [transform={m=((0.71,0.71)(-0.71,0.71)) t=(0.00,0.00)}] [stroke={[type=SOLID] [color=#0000FF]}] [x=0.00] [y=0.00] [width=60.00] [height=60.00]
    RenderText {#text} at (0,0) size 0x0
layer at (28,352) size 200x200
  RenderBlock (relative positioned) {div} at (10,334) size 200x200 [bgcolor=#C0C0C0] [border: (1px solid #000000)]
layer at (29,353) size 60x60
  RenderBlock (positioned) {div} at (1,1) size 60x60 [border: (1px dotted #000000)]
layer at (30,354) size 60x60
  RenderBlock (positioned) {div} at (1,1) size 60x60 [border: (1px dotted #000000)]
layer at (31,355) size 60x60
  RenderBlock (positioned) {div} at (1,1) size 60x60 [border: (1px solid #0000FF)]
layer at (273,85) size 200x200
  RenderBlock (relative positioned) {div} at (10,67) size 200x200 [bgcolor=#C0C0C0] [border: (1px solid #000000)]
    RenderSVGRoot {svg} at (274,109) size 162x174
      RenderSVGPath {rect} at (274,109) size 162x174 [transform={m=((1.41,1.41)(-1.41,1.41)) t=(75.00,25.00)}] [stroke={[type=SOLID] [color=#0000FF]}] [x=0.00] [y=0.00] [width=60.00] [height=60.00]
    RenderText {#text} at (0,0) size 0x0
layer at (273,352) size 200x200
  RenderBlock (relative positioned) {div} at (10,334) size 200x200 [bgcolor=#C0C0C0] [border: (1px solid #000000)]
layer at (274,353) size 60x60
  RenderBlock (positioned) {div} at (1,1) size 60x60 [border: (1px solid #0000FF)]
