layer at (0,0) size 800x600
  RenderView at (0,0) size 800x600
layer at (0,0) size 800x580
  RenderBlock {html} at (0,0) size 800x580
    RenderBody {body} at (8,8) size 784x564
      RenderBlock {div} at (10,10) size 220x544
        RenderBlock {h2} at (0,19) size 220x29
          RenderText {#text} at (0,0) size 192x29
            text run at (0,0) width 192: "SVG CSS scale"
        RenderBlock {h2} at (0,286) size 220x29
          RenderText {#text} at (0,0) size 132x29
            text run at (0,0) width 132: "SVG scale"
      RenderText {#text} at (240,0) size 5x19
        text run at (240,0) width 5: " "
      RenderBlock {div} at (255,10) size 263x544
        RenderBlock {h2} at (0,19) size 263x29
          RenderText {#text} at (0,0) size 263x29
            text run at (0,0) width 263: "SVG CSS compound"
        RenderBlock {h2} at (0,286) size 263x29
          RenderText {#text} at (0,0) size 203x29
            text run at (0,0) width 203: "SVG compound"
      RenderText {#text} at (0,0) size 0x0
layer at (28,85) size 200x200
  RenderBlock (relative positioned) {div} at (10,67) size 200x200 [bgcolor=#C0C0C0] [border: (1px solid #000000)]
    RenderSVGRoot {svg} at (39,96) size 140x140
      RenderSVGHiddenContainer {defs} at (0,0) size 0x0
        RenderSVGPath {circle} at (29,86) size 150x150 [transform={m=((5.00,0.00)(0.00,5.00)) t=(0.00,0.00)}] [fill={[type=SOLID] [color=#000000]}] [cx=10.00] [cy=10.00] [r=20.00]
        RenderSVGResourceClipper {clipPath} [id="clip-circle1"] [clipPathUnits=userSpaceOnUse]
          RenderSVGContainer {use} at (29,86) size 150x150
            RenderSVGContainer {g} at (29,86) size 150x150
              RenderSVGPath {circle} at (29,86) size 150x150 [transform={m=((5.00,0.00)(0.00,5.00)) t=(0.00,0.00)}] [fill={[type=SOLID] [color=#000000]}] [cx=10.00] [cy=10.00] [r=20.00]
      RenderSVGPath {rect} at (39,96) size 140x140 [fill={[type=SOLID] [color=#008000]}] [x=10.00] [y=10.00] [width=200.00] [height=200.00]
        [clipPath="clip-circle1"] RenderSVGResourceClipper {clipPath} at (-50,-50) size 200x200
    RenderText {#text} at (0,0) size 0x0
layer at (28,352) size 200x200
  RenderBlock (relative positioned) {div} at (10,334) size 200x200 [bgcolor=#C0C0C0] [border: (1px solid #000000)]
    RenderSVGRoot {svg} at (39,363) size 140x140
      RenderSVGHiddenContainer {defs} at (0,0) size 0x0
        RenderSVGPath {circle} at (29,353) size 150x150 [transform={m=((5.00,0.00)(0.00,5.00)) t=(0.00,0.00)}] [fill={[type=SOLID] [color=#000000]}] [cx=10.00] [cy=10.00] [r=20.00]
        RenderSVGResourceClipper {clipPath} [id="clip-circle2"] [clipPathUnits=userSpaceOnUse]
          RenderSVGContainer {use} at (29,353) size 150x150
            RenderSVGContainer {g} at (29,353) size 150x150
              RenderSVGPath {circle} at (29,353) size 150x150 [transform={m=((5.00,0.00)(0.00,5.00)) t=(0.00,0.00)}] [fill={[type=SOLID] [color=#000000]}] [cx=10.00] [cy=10.00] [r=20.00]
      RenderSVGPath {rect} at (39,363) size 140x140 [fill={[type=SOLID] [color=#008000]}] [x=10.00] [y=10.00] [width=200.00] [height=200.00]
        [clipPath="clip-circle2"] RenderSVGResourceClipper {clipPath} at (-50,-50) size 200x200
    RenderText {#text} at (0,0) size 0x0
layer at (273,85) size 200x200
  RenderBlock (relative positioned) {div} at (10,67) size 200x200 [bgcolor=#C0C0C0] [border: (1px solid #000000)]
    RenderSVGRoot {svg} at (284,96) size 132x188
      RenderSVGHiddenContainer {defs} at (0,0) size 0x0
        RenderSVGPath {rect} at (274,93) size 142x191 [transform={m=((3.54,3.54)(-3.54,3.54)) t=(0.00,0.00)}] [fill={[type=SOLID] [color=#000000]}] [x=1.00] [y=1.00] [width=40.00] [height=40.00]
        RenderSVGResourceClipper {clipPath} [id="clip-rect1"] [clipPathUnits=userSpaceOnUse]
          RenderSVGContainer {use} at (274,93) size 142x191
            RenderSVGContainer {g} at (274,93) size 142x191
              RenderSVGPath {rect} at (274,93) size 142x191 [transform={m=((3.54,3.54)(-3.54,3.54)) t=(0.00,0.00)}] [fill={[type=SOLID] [color=#000000]}] [x=1.00] [y=1.00] [width=40.00] [height=40.00]
      RenderSVGPath {rect} at (284,96) size 132x188 [fill={[type=SOLID] [color=#008000]}] [x=10.00] [y=10.00] [width=200.00] [height=200.00]
        [clipPath="clip-rect1"] RenderSVGResourceClipper {clipPath} at (-141.42,7.07) size 282.84x282.84
    RenderText {#text} at (0,0) size 0x0
layer at (273,352) size 200x200
  RenderBlock (relative positioned) {div} at (10,334) size 200x200 [bgcolor=#C0C0C0] [border: (1px solid #000000)]
    RenderSVGRoot {svg} at (284,363) size 132x188
      RenderSVGHiddenContainer {defs} at (0,0) size 0x0
        RenderSVGPath {rect} at (274,360) size 142x191 [transform={m=((3.54,3.54)(-3.54,3.54)) t=(0.00,0.00)}] [fill={[type=SOLID] [color=#000000]}] [x=1.00] [y=1.00] [width=40.00] [height=40.00]
        RenderSVGResourceClipper {clipPath} [id="clip-rect2"] [clipPathUnits=userSpaceOnUse]
          RenderSVGContainer {use} at (274,360) size 142x191
            RenderSVGContainer {g} at (274,360) size 142x191
              RenderSVGPath {rect} at (274,360) size 142x191 [transform={m=((3.54,3.54)(-3.54,3.54)) t=(0.00,0.00)}] [fill={[type=SOLID] [color=#000000]}] [x=1.00] [y=1.00] [width=40.00] [height=40.00]
      RenderSVGPath {rect} at (284,363) size 132x188 [fill={[type=SOLID] [color=#008000]}] [x=10.00] [y=10.00] [width=200.00] [height=200.00]
        [clipPath="clip-rect2"] RenderSVGResourceClipper {clipPath} at (-141.42,7.07) size 282.84x282.84
    RenderText {#text} at (0,0) size 0x0
