layer at (0,0) size 800x600
  RenderView at (0,0) size 800x600
layer at (0,0) size 800x410
  RenderBlock {HTML} at (0,0) size 800x410
    RenderBody {BODY} at (8,16) size 784x18
      RenderBlock {P} at (0,0) size 784x18
        RenderText {#text} at (0,0) size 500x18
          text run at (0,0) width 500: "In all the following boxes, the fuchsia diamond should be surrounded by a ring."
      RenderBlock (floating) {DIV} at (1,35) size 82x57 [border: (3px solid #000000)]
        RenderBlock {DIV} at (3,3) size 75x50 [bgcolor=#FFFFCC]
          RenderBlock {DIV} at (8,8) size 59x34
      RenderBlock (floating) {DIV} at (86,35) size 82x57 [border: (3px solid #000000)]
        RenderBlock {DIV} at (3,3) size 75x50 [bgcolor=#FFFFCC]
          RenderBlock {DIV} at (8,8) size 59x34
      RenderBlock (floating) {DIV} at (171,35) size 81x57 [border: (3px solid #000000)]
        RenderBlock {DIV} at (3,3) size 75x50 [bgcolor=#FFFFCC]
          RenderBlock {DIV} at (8,8) size 59x34
      RenderBlock (floating) {DIV} at (255,35) size 82x57 [border: (3px solid #000000)]
        RenderBlock {DIV} at (3,3) size 75x50 [bgcolor=#FFFFCC]
          RenderBlock {DIV} at (8,8) size 59x34
      RenderBlock (floating) {DIV} at (340,35) size 82x57 [border: (3px solid #000000)]
        RenderBlock {DIV} at (3,3) size 75x50 [bgcolor=#FFFFCC]
          RenderBlock {DIV} at (8,8) size 59x34
      RenderBlock (floating) {DIV} at (424,35) size 82x57 [border: (3px solid #000000)]
        RenderBlock {DIV} at (3,3) size 75x50 [bgcolor=#FFFFCC]
          RenderBlock {DIV} at (8,8) size 59x34
      RenderBlock (floating) {DIV} at (509,35) size 82x57 [border: (3px solid #000000)]
        RenderBlock {DIV} at (3,3) size 75x50 [bgcolor=#FFFFCC]
          RenderBlock {DIV} at (8,8) size 59x34
      RenderBlock (floating) {DIV} at (594,35) size 81x57 [border: (3px solid #000000)]
        RenderBlock {DIV} at (3,3) size 75x50 [bgcolor=#FFFFCC]
          RenderBlock {DIV} at (8,8) size 59x34
      RenderBlock (floating) {DIV} at (678,35) size 82x57 [border: (3px solid #000000)]
        RenderBlock {DIV} at (3,3) size 75x50 [bgcolor=#FFFFCC]
          RenderBlock {DIV} at (8,8) size 59x34
      RenderBlock (floating) {DIV} at (1,96) size 82x56 [border: (3px solid #000000)]
        RenderBlock {DIV} at (3,3) size 75x50 [bgcolor=#FFFFCC]
          RenderBlock {DIV} at (8,8) size 59x34
      RenderBlock (floating) {DIV} at (86,96) size 82x56 [border: (3px solid #000000)]
        RenderBlock {DIV} at (3,3) size 75x50 [bgcolor=#FFFFCC]
          RenderBlock {DIV} at (8,8) size 59x34
      RenderBlock (floating) {DIV} at (171,96) size 81x56 [border: (3px solid #000000)]
        RenderBlock {DIV} at (3,3) size 75x50 [bgcolor=#FFFFCC]
          RenderBlock {DIV} at (8,8) size 59x34
      RenderBlock (floating) {DIV} at (255,96) size 82x56 [border: (3px solid #000000)]
        RenderBlock {DIV} at (3,3) size 75x50 [bgcolor=#FFFFCC]
          RenderBlock {DIV} at (8,8) size 59x34
      RenderBlock (floating) {DIV} at (340,96) size 82x56 [border: (3px solid #000000)]
        RenderBlock {DIV} at (3,3) size 75x50 [bgcolor=#FFFFCC]
          RenderBlock {DIV} at (8,8) size 59x34
      RenderBlock (floating) {DIV} at (424,96) size 82x56 [border: (3px solid #000000)]
        RenderBlock {DIV} at (3,3) size 75x50 [bgcolor=#FFFFCC]
          RenderBlock {DIV} at (8,8) size 59x34
      RenderBlock (floating) {DIV} at (509,96) size 82x56 [border: (3px solid #000000)]
        RenderBlock {DIV} at (3,3) size 75x50 [bgcolor=#FFFFCC]
          RenderBlock {DIV} at (8,8) size 59x34
      RenderBlock (floating) {DIV} at (594,96) size 81x56 [border: (3px solid #000000)]
        RenderBlock {DIV} at (3,3) size 75x50 [bgcolor=#FFFFCC]
          RenderBlock {DIV} at (8,8) size 59x34
      RenderBlock (floating) {DIV} at (678,96) size 82x56 [border: (3px solid #000000)]
        RenderBlock {DIV} at (3,3) size 75x50 [bgcolor=#FFFFCC]
          RenderBlock {DIV} at (8,8) size 59x34
      RenderBlock (floating) {DIV} at (1,155) size 82x57 [border: (3px solid #000000)]
        RenderBlock {DIV} at (3,3) size 75x50 [bgcolor=#FFFFCC]
          RenderBlock {DIV} at (8,8) size 59x34
      RenderBlock (floating) {DIV} at (86,155) size 82x57 [border: (3px solid #000000)]
        RenderBlock {DIV} at (3,3) size 75x50 [bgcolor=#FFFFCC]
          RenderBlock {DIV} at (8,8) size 59x34
      RenderBlock (floating) {DIV} at (171,155) size 81x57 [border: (3px solid #000000)]
        RenderBlock {DIV} at (3,3) size 75x50 [bgcolor=#FFFFCC]
          RenderBlock {DIV} at (8,8) size 59x34
      RenderBlock (floating) {DIV} at (255,155) size 82x57 [border: (3px solid #000000)]
        RenderBlock {DIV} at (3,3) size 75x50 [bgcolor=#FFFFCC]
          RenderBlock {DIV} at (8,8) size 59x34
      RenderBlock (floating) {DIV} at (340,155) size 82x57 [border: (3px solid #000000)]
        RenderBlock {DIV} at (3,3) size 75x50 [bgcolor=#FFFFCC]
          RenderBlock {DIV} at (8,8) size 59x34
      RenderBlock (floating) {DIV} at (424,155) size 82x57 [border: (3px solid #000000)]
        RenderBlock {DIV} at (3,3) size 75x50 [bgcolor=#FFFFCC]
          RenderBlock {DIV} at (8,8) size 59x34
      RenderBlock (floating) {DIV} at (509,155) size 82x57 [border: (3px solid #000000)]
        RenderBlock {DIV} at (3,3) size 75x50 [bgcolor=#FFFFCC]
          RenderBlock {DIV} at (8,8) size 59x34
      RenderBlock (floating) {DIV} at (594,155) size 81x57 [border: (3px solid #000000)]
        RenderBlock {DIV} at (3,3) size 75x50 [bgcolor=#FFFFCC]
          RenderBlock {DIV} at (8,8) size 59x34
      RenderBlock (floating) {DIV} at (678,155) size 82x57 [border: (3px solid #000000)]
        RenderBlock {DIV} at (3,3) size 75x50 [bgcolor=#FFFFCC]
          RenderBlock {DIV} at (8,8) size 59x34
      RenderBlock (floating) {DIV} at (1,216) size 82x56 [border: (3px solid #000000)]
        RenderBlock {DIV} at (3,3) size 75x50 [bgcolor=#FFFFCC]
          RenderBlock {DIV} at (8,8) size 59x34
      RenderBlock (floating) {DIV} at (86,216) size 82x56 [border: (3px solid #000000)]
        RenderBlock {DIV} at (3,3) size 75x50 [bgcolor=#FFFFCC]
          RenderBlock {DIV} at (8,8) size 59x34
      RenderBlock (floating) {DIV} at (171,216) size 81x56 [border: (3px solid #000000)]
        RenderBlock {DIV} at (3,3) size 75x50 [bgcolor=#FFFFCC]
          RenderBlock {DIV} at (8,8) size 59x34
      RenderBlock (floating) {DIV} at (255,216) size 82x56 [border: (3px solid #000000)]
        RenderBlock {DIV} at (3,3) size 75x50 [bgcolor=#FFFFCC]
          RenderBlock {DIV} at (8,8) size 59x34
      RenderBlock (floating) {DIV} at (340,216) size 82x56 [border: (3px solid #000000)]
        RenderBlock {DIV} at (3,3) size 75x50 [bgcolor=#FFFFCC]
          RenderBlock {DIV} at (8,8) size 59x34
      RenderBlock (floating) {DIV} at (424,216) size 82x56 [border: (3px solid #000000)]
        RenderBlock {DIV} at (3,3) size 75x50 [bgcolor=#FFFFCC]
          RenderBlock {DIV} at (8,8) size 59x34
      RenderBlock (floating) {DIV} at (509,216) size 82x56 [border: (3px solid #000000)]
        RenderBlock {DIV} at (3,3) size 75x50 [bgcolor=#FFFFCC]
          RenderBlock {DIV} at (8,8) size 59x34
      RenderBlock (floating) {DIV} at (594,216) size 81x56 [border: (3px solid #000000)]
        RenderBlock {DIV} at (3,3) size 75x50 [bgcolor=#FFFFCC]
          RenderBlock {DIV} at (8,8) size 59x34
      RenderBlock (floating) {DIV} at (678,216) size 82x56 [border: (3px solid #000000)]
        RenderBlock {DIV} at (3,3) size 75x50 [bgcolor=#FFFFCC]
          RenderBlock {DIV} at (8,8) size 59x34
      RenderBlock (floating) {DIV} at (1,275) size 82x57 [border: (3px solid #000000)]
        RenderBlock {DIV} at (3,3) size 75x50 [bgcolor=#FFFFCC]
          RenderBlock {DIV} at (8,8) size 59x34
      RenderBlock (floating) {DIV} at (86,275) size 82x57 [border: (3px solid #000000)]
        RenderBlock {DIV} at (3,3) size 75x50 [bgcolor=#FFFFCC]
          RenderBlock {DIV} at (8,8) size 59x34
      RenderBlock (floating) {DIV} at (171,275) size 81x57 [border: (3px solid #000000)]
        RenderBlock {DIV} at (3,3) size 75x50 [bgcolor=#FFFFCC]
          RenderBlock {DIV} at (8,8) size 59x34
      RenderBlock (floating) {DIV} at (255,275) size 82x57 [border: (3px solid #000000)]
        RenderBlock {DIV} at (3,3) size 75x50 [bgcolor=#FFFFCC]
          RenderBlock {DIV} at (8,8) size 59x34
      RenderBlock (floating) {DIV} at (340,275) size 82x57 [border: (3px solid #000000)]
        RenderBlock {DIV} at (3,3) size 75x50 [bgcolor=#FFFFCC]
          RenderBlock {DIV} at (8,8) size 59x34
      RenderBlock (floating) {DIV} at (424,275) size 82x57 [border: (3px solid #000000)]
        RenderBlock {DIV} at (3,3) size 75x50 [bgcolor=#FFFFCC]
          RenderBlock {DIV} at (8,8) size 59x34
      RenderBlock (floating) {DIV} at (509,275) size 82x57 [border: (3px solid #000000)]
        RenderBlock {DIV} at (3,3) size 75x50 [bgcolor=#FFFFCC]
          RenderBlock {DIV} at (8,8) size 59x34
      RenderBlock (floating) {DIV} at (594,275) size 81x57 [border: (3px solid #000000)]
        RenderBlock {DIV} at (3,3) size 75x50 [bgcolor=#FFFFCC]
          RenderBlock {DIV} at (8,8) size 59x34
      RenderBlock (floating) {DIV} at (678,275) size 82x57 [border: (3px solid #000000)]
        RenderBlock {DIV} at (3,3) size 75x50 [bgcolor=#FFFFCC]
          RenderBlock {DIV} at (8,8) size 59x34
      RenderBlock (floating) {DIV} at (1,336) size 82x56 [border: (3px solid #000000)]
        RenderBlock {DIV} at (3,3) size 75x50 [bgcolor=#FFFFCC]
          RenderBlock {DIV} at (8,8) size 59x34
      RenderBlock (floating) {DIV} at (86,336) size 82x56 [border: (3px solid #000000)]
        RenderBlock {DIV} at (3,3) size 75x50 [bgcolor=#FFFFCC]
          RenderBlock {DIV} at (8,8) size 59x34
      RenderBlock (floating) {DIV} at (171,336) size 81x56 [border: (3px solid #000000)]
        RenderBlock {DIV} at (3,3) size 75x50 [bgcolor=#FFFFCC]
          RenderBlock {DIV} at (8,8) size 59x34
      RenderBlock (floating) {DIV} at (255,336) size 82x56 [border: (3px solid #000000)]
        RenderBlock {DIV} at (3,3) size 75x50 [bgcolor=#FFFFCC]
          RenderBlock {DIV} at (8,8) size 59x34
      RenderBlock (floating) {DIV} at (340,336) size 82x56 [border: (3px solid #000000)]
        RenderBlock {DIV} at (3,3) size 75x50 [bgcolor=#FFFFCC]
          RenderBlock {DIV} at (8,8) size 59x34
