layer at (0,0) size 800x600
  RenderView at (0,0) size 800x600
layer at (0,0) size 800x515
  RenderBlock {HTML} at (0,0) size 800x515
    RenderBody {BODY} at (8,8) size 784x499
      RenderTable {TABLE} at (0,0) size 670x499
        RenderTableSection {TBODY} at (0,0) size 670x499
          RenderTableRow {TR} at (0,2) size 670x23
            RenderTableCell {TH} at (2,2) size 93x23 [bgcolor=#DDDD99] [r=0 c=0 rs=1 cs=1]
              RenderText {#text} at (9,1) size 75x21
                text run at (9,1) width 75: "viewBox?"
            RenderTableCell {TH} at (97,2) size 163x23 [bgcolor=#DDDD99] [r=0 c=1 rs=1 cs=1]
              RenderText {#text} at (1,1) size 169x21
                text run at (1,1) width 169: "preserve\x{AD}Aspect\x{AD}Ratio"
            RenderTableCell {TH} at (262,2) size 202x23 [bgcolor=#DDDD99] [r=0 c=2 rs=1 cs=1]
              RenderText {#text} at (78,1) size 46x21
                text run at (78,1) width 46: "<img>"
            RenderTableCell {TH} at (466,2) size 202x23 [bgcolor=#DDDD99] [r=0 c=3 rs=1 cs=1]
              RenderText {#text} at (80,1) size 42x21
                text run at (80,1) width 42: "<div>"
          RenderTableRow {TR} at (0,27) size 670x57
            RenderTableCell {TH} at (2,132) size 93x23 [bgcolor=#DDDD99] [r=1 c=0 rs=4 cs=1]
              RenderText {#text} at (1,1) size 91x21
                text run at (1,1) width 91: "No viewBox"
            RenderTableCell {TH} at (97,54) size 163x2 [bgcolor=#DDDD99] [r=1 c=1 rs=1 cs=1]
            RenderTableCell {TD} at (262,27) size 202x57 [r=1 c=2 rs=1 cs=1]
              RenderImage {IMG} at (1,1) size 200x50 [border: (2px dashed #800000)]
              RenderText {#text} at (0,0) size 0x0
            RenderTableCell {TD} at (466,29) size 202x52 [r=1 c=3 rs=1 cs=1]
              RenderBlock {DIV} at (1,1) size 200x50 [border: (2px dashed #800000)]
          RenderTableRow {TR} at (0,86) size 670x57
            RenderTableCell {TH} at (97,103) size 163x23 [bgcolor=#DDDD99] [r=2 c=1 rs=1 cs=1]
              RenderText {#text} at (62,1) size 39x21
                text run at (62,1) width 39: "none"
            RenderTableCell {TD} at (262,86) size 202x57 [r=2 c=2 rs=1 cs=1]
              RenderImage {IMG} at (1,1) size 200x50 [border: (2px dashed #800000)]
              RenderText {#text} at (0,0) size 0x0
            RenderTableCell {TD} at (466,88) size 202x52 [r=2 c=3 rs=1 cs=1]
              RenderBlock {DIV} at (1,1) size 200x50 [border: (2px dashed #800000)]
          RenderTableRow {TR} at (0,145) size 670x57
            RenderTableCell {TH} at (97,162) size 163x23 [bgcolor=#DDDD99] [r=3 c=1 rs=1 cs=1]
              RenderText {#text} at (63,1) size 37x21
                text run at (63,1) width 37: "meet"
            RenderTableCell {TD} at (262,145) size 202x57 [r=3 c=2 rs=1 cs=1]
              RenderImage {IMG} at (1,1) size 200x50 [border: (2px dashed #800000)]
              RenderText {#text} at (0,0) size 0x0
            RenderTableCell {TD} at (466,147) size 202x52 [r=3 c=3 rs=1 cs=1]
              RenderBlock {DIV} at (1,1) size 200x50 [border: (2px dashed #800000)]
          RenderTableRow {TR} at (0,204) size 670x57
            RenderTableCell {TH} at (97,221) size 163x23 [bgcolor=#DDDD99] [r=4 c=1 rs=1 cs=1]
              RenderText {#text} at (64,1) size 35x21
                text run at (64,1) width 35: "slice"
            RenderTableCell {TD} at (262,204) size 202x57 [r=4 c=2 rs=1 cs=1]
              RenderImage {IMG} at (1,1) size 200x50 [border: (2px dashed #800000)]
              RenderText {#text} at (0,0) size 0x0
            RenderTableCell {TD} at (466,206) size 202x52 [r=4 c=3 rs=1 cs=1]
              RenderBlock {DIV} at (1,1) size 200x50 [border: (2px dashed #800000)]
          RenderTableRow {TR} at (0,263) size 670x57
            RenderTableCell {TH} at (2,368) size 93x23 [bgcolor=#DDDD99] [r=5 c=0 rs=4 cs=1]
              RenderText {#text} at (14,1) size 65x21
                text run at (14,1) width 65: "viewBox"
            RenderTableCell {TH} at (97,290) size 163x2 [bgcolor=#DDDD99] [r=5 c=1 rs=1 cs=1]
            RenderTableCell {TD} at (262,263) size 202x57 [r=5 c=2 rs=1 cs=1]
              RenderImage {IMG} at (1,1) size 200x50 [border: (2px dashed #800000)]
              RenderText {#text} at (0,0) size 0x0
            RenderTableCell {TD} at (466,265) size 202x52 [r=5 c=3 rs=1 cs=1]
              RenderBlock {DIV} at (1,1) size 200x50 [border: (2px dashed #800000)]
          RenderTableRow {TR} at (0,322) size 670x57
            RenderTableCell {TH} at (97,339) size 163x23 [bgcolor=#DDDD99] [r=6 c=1 rs=1 cs=1]
              RenderText {#text} at (62,1) size 39x21
                text run at (62,1) width 39: "none"
            RenderTableCell {TD} at (262,322) size 202x57 [r=6 c=2 rs=1 cs=1]
              RenderImage {IMG} at (1,1) size 200x50 [border: (2px dashed #800000)]
              RenderText {#text} at (0,0) size 0x0
            RenderTableCell {TD} at (466,324) size 202x52 [r=6 c=3 rs=1 cs=1]
              RenderBlock {DIV} at (1,1) size 200x50 [border: (2px dashed #800000)]
          RenderTableRow {TR} at (0,381) size 670x57
            RenderTableCell {TH} at (97,398) size 163x23 [bgcolor=#DDDD99] [r=7 c=1 rs=1 cs=1]
              RenderText {#text} at (63,1) size 37x21
                text run at (63,1) width 37: "meet"
            RenderTableCell {TD} at (262,381) size 202x57 [r=7 c=2 rs=1 cs=1]
              RenderImage {IMG} at (1,1) size 200x50 [border: (2px dashed #800000)]
              RenderText {#text} at (0,0) size 0x0
            RenderTableCell {TD} at (466,383) size 202x52 [r=7 c=3 rs=1 cs=1]
              RenderBlock {DIV} at (1,1) size 200x50 [border: (2px dashed #800000)]
          RenderTableRow {TR} at (0,440) size 670x57
            RenderTableCell {TH} at (97,457) size 163x23 [bgcolor=#DDDD99] [r=8 c=1 rs=1 cs=1]
              RenderText {#text} at (64,1) size 35x21
                text run at (64,1) width 35: "slice"
            RenderTableCell {TD} at (262,440) size 202x57 [r=8 c=2 rs=1 cs=1]
              RenderImage {IMG} at (1,1) size 200x50 [border: (2px dashed #800000)]
              RenderText {#text} at (0,0) size 0x0
            RenderTableCell {TD} at (466,442) size 202x52 [r=8 c=3 rs=1 cs=1]
              RenderBlock {DIV} at (1,1) size 200x50 [border: (2px dashed #800000)]
