layer at (0,0) size 800x1785
  RenderView at (0,0) size 800x600
layer at (0,0) size 800x1785
  RenderBlock {HTML} at (0,0) size 800x1786
    RenderBody {BODY} at (8,17) size 784x1761 [color=#00FF00] [bgcolor=#333333]
      RenderBlock {H1} at (0,0) size 784x30
        RenderText {#text} at (0,0) size 528x30
          text run at (0,0) width 528: "CSS2 Table Backgrounds Test Suite"
      RenderBlock {H2} at (0,47) size 784x24
        RenderText {#text} at (0,0) size 300x23
          text run at (0,0) width 300: "Part C: Background Layers"
      RenderBlock {H3} at (0,86) size 784x18
        RenderText {#text} at (0,0) size 153x17
          text run at (0,0) width 153: "empty-cells: show"
      RenderBlock {P} at (0,118) size 784x17
        RenderText {#text} at (0,0) size 336x16
          text run at (0,0) width 336: "Both tables should have a blue background."
      RenderBlock {P} at (0,147) size 784x17
        RenderText {#text} at (0,0) size 496x16
          text run at (0,0) width 496: "In table cell C (third cell in the first row), which is empty:"
      RenderBlock {UL} at (0,176) size 784x130
        RenderListItem {LI} at (40,0) size 744x32
          RenderListMarker at (-16,0) size 6x16: bullet
          RenderText {#text} at (0,0) size 728x32
            text run at (0,0) width 728: "Four sets of horizontal double violet stripes surrounded by aqua should run just inside the"
            text run at (0,16) width 128: "top border edge."
        RenderListItem {LI} at (40,32) size 744x32
          RenderListMarker at (-16,0) size 6x16: bullet
          RenderText {#text} at (0,0) size 704x32
            text run at (0,0) width 704: "One set of aqua-backed double violet stripes should run just inside the left, right, and"
            text run at (0,16) width 160: "bottom border edges."
        RenderListItem {LI} at (40,64) size 744x32
          RenderListMarker at (-16,0) size 6x16: bullet
          RenderText {#text} at (0,0) size 744x32
            text run at (0,0) width 744: "The third set along the top should turn down at the right edge and go under the fourth set to"
            text run at (0,16) width 192: "form the right-edge set."
        RenderListItem {LI} at (40,96) size 744x16
          RenderListMarker at (-16,0) size 6x16: bullet
          RenderText {#text} at (0,0) size 560x16
            text run at (0,0) width 560: "The fourth set should turn down at the left edge to form the left set."
        RenderListItem {LI} at (40,112) size 744x17
          RenderListMarker at (-16,1) size 6x16: bullet
          RenderText {#text} at (0,1) size 416x16
            text run at (0,1) width 416: "The bottom stripe should be straight and cut across "
          RenderInline {EM} at (0,0) size 32x17
            RenderText {#text} at (416,0) size 32x17
              text run at (416,0) width 32: "over"
          RenderText {#text} at (448,1) size 120x16
            text run at (448,1) width 120: " the side sets."
      RenderBlock {P} at (0,318) size 784x17
        RenderText {#text} at (0,0) size 376x16
          text run at (0,0) width 376: "In table cell A, (first cell in the first row):"
      RenderBlock {UL} at (0,347) size 784x81
        RenderListItem {LI} at (40,0) size 744x32
          RenderListMarker at (-16,0) size 6x16: bullet
          RenderText {#text} at (0,0) size 712x32
            text run at (0,0) width 712: "Three sets of horizontal aqua-backed double violet stripes should run just inside the top"
            text run at (0,16) width 96: "border edge."
        RenderListItem {LI} at (40,32) size 744x16
          RenderListMarker at (-16,0) size 6x16: bullet
          RenderText {#text} at (0,0) size 256x16
            text run at (0,0) width 256: "The first set should run across."
        RenderListItem {LI} at (40,48) size 744x32
          RenderListMarker at (-16,0) size 6x16: bullet
          RenderText {#text} at (0,0) size 720x32
            text run at (0,0) width 720: "The second set should turn down at the left edge, going over the third set to form another"
            text run at (0,16) width 376: "set that runs just inside the left border edge."
      RenderBlock {P} at (0,440) size 784x17
        RenderText {#text} at (0,0) size 368x16
          text run at (0,0) width 368: "In table cell D, (last cell in the first row):"
      RenderBlock {UL} at (0,469) size 784x65
        RenderListItem {LI} at (40,0) size 744x32
          RenderListMarker at (-16,0) size 6x16: bullet
          RenderText {#text} at (0,0) size 744x32
            text run at (0,0) width 744: "Two sets of horizontal aqua-backed double violet strips should run just inside the top border"
            text run at (0,16) width 40: "edge."
        RenderListItem {LI} at (40,32) size 744x32
          RenderListMarker at (-16,0) size 6x16: bullet
          RenderText {#text} at (0,0) size 720x32
            text run at (0,0) width 720: "The first set should turn down at the right edge, going under the second horizontal set to"
            text run at (0,16) width 392: "run vertically just inside the right border edge."
      RenderBlock {P} at (0,546) size 784x17
        RenderText {#text} at (0,0) size 384x16
          text run at (0,0) width 384: "In table cell G, (third cell in the second row):"
      RenderBlock {UL} at (0,575) size 784x97
        RenderListItem {LI} at (40,0) size 744x32
          RenderListMarker at (-16,0) size 6x16: bullet
          RenderText {#text} at (0,0) size 696x32
            text run at (0,0) width 696: "Two sets of horizontal aqua-backed double violet stripes should run just inside the top"
            text run at (0,16) width 96: "border edge."
        RenderListItem {LI} at (40,32) size 744x32
          RenderListMarker at (-16,0) size 6x16: bullet
          RenderText {#text} at (0,0) size 736x32
            text run at (0,0) width 736: "A set of vertical stripes should run down just inside the left border edge, going under both"
            text run at (0,16) width 152: "horizontal stripes."
        RenderListItem {LI} at (40,64) size 744x32
          RenderListMarker at (-16,0) size 6x16: bullet
          RenderText {#text} at (0,0) size 744x32
            text run at (0,0) width 744: "Another set of vertical stripes should run down just inside the right border edge, also going"
            text run at (0,16) width 240: "under both horizontal stripes."
      RenderBlock {DL} at (0,684) size 784x97
        RenderBlock {DT} at (0,0) size 784x16
          RenderText {#text} at (0,0) size 32x16
            text run at (0,0) width 32: "next"
        RenderBlock {DD} at (40,16) size 744x16
          RenderInline {A} at (0,0) size 288x16 [color=#FFFF00]
            RenderText {#text} at (0,0) size 288x16
              text run at (0,0) width 288: "Background Layers: empty-cells: show"
          RenderText {#text} at (0,0) size 0x0
        RenderBlock {DT} at (0,32) size 784x16
          RenderText {#text} at (0,0) size 64x16
            text run at (0,0) width 64: "previous"
        RenderBlock {DD} at (40,48) size 744x16
          RenderInline {A} at (0,0) size 376x16 [color=#FFFF00]
            RenderText {#text} at (0,0) size 376x16
              text run at (0,0) width 376: "Background Position: Background on 'table-cell'"
          RenderText {#text} at (0,0) size 0x0
        RenderBlock {DT} at (0,64) size 784x16
          RenderText {#text} at (0,0) size 64x16
            text run at (0,0) width 64: "contents"
        RenderBlock {DD} at (40,80) size 744x16
          RenderInline {A} at (0,0) size 136x16 [color=#FFFF00]
            RenderText {#text} at (0,0) size 136x16
              text run at (0,0) width 136: "Table of Contents"
          RenderText {#text} at (0,0) size 0x0
      RenderTable {TABLE} at (0,793) size 618x482 [color=#FFFFFF] [bgcolor=#0000FF] [border: (1px dotted #FFFFFF)]
        RenderBlock {CAPTION} at (0,0) size 618x23
          RenderText {#text} at (161,0) size 296x22
            text run at (161,0) width 296: "With 'border-collapse: separate'"
        RenderTableCol {COLGROUP} at (0,0) size 0x0
          RenderTableCol {COL} at (0,0) size 0x0
          RenderTableCol {COL} at (0,0) size 0x0
          RenderTableCol {COL} at (0,0) size 0x0
        RenderTableCol {COLGROUP} at (0,0) size 0x0
          RenderTableCol {COL} at (0,0) size 0x0
        RenderTableSection {THEAD} at (1,24) size 616x114
          RenderTableRow {TR} at (0,7) size 616x100
            RenderTableCell {TH} at (7,43) size 130x27 [border: (1px dotted #FFFFFF)] [r=0 c=0 rs=1 cs=1]
              RenderText {#text} at (43,2) size 44x22
                text run at (43,2) width 44: "TH A"
            RenderTableCell {TH} at (144,31) size 220x51 [border: (13px dotted #FFFFFF)] [r=0 c=1 rs=1 cs=1]
              RenderText {#text} at (87,14) size 46x22
                text run at (87,14) width 46: "TH B"
            RenderTableCell {TH} at (371,55) size 118x4 [border: (1px dotted #FFFFFF)] [r=0 c=2 rs=1 cs=1]
            RenderTableCell {TH} at (496,43) size 113x27 [border: (1px dotted #FFFFFF)] [r=0 c=3 rs=1 cs=1]
              RenderText {#text} at (34,2) size 45x22
                text run at (34,2) width 45: "TH D"
        RenderTableSection {TFOOT} at (1,351) size 616x129
          RenderTableRow {TR} at (0,7) size 616x115
            RenderTableCell {TD} at (7,51) size 357x27 [border: (1px dotted #FFFFFF)] [r=0 c=0 rs=1 cs=2]
              RenderText {#text} at (2,2) size 49x22
                text run at (2,2) width 49: "TD M"
            RenderTableCell {TD} at (371,51) size 118x27 [border: (1px dotted #FFFFFF)] [r=0 c=2 rs=1 cs=1]
              RenderText {#text} at (2,2) size 47x22
                text run at (2,2) width 47: "TD O"
            RenderTableCell {TD} at (496,51) size 113x27 [border: (1px dotted #FFFFFF)] [r=0 c=3 rs=1 cs=1]
              RenderText {#text} at (2,2) size 45x22
                text run at (2,2) width 45: "TD P"
        RenderTableSection {TBODY} at (1,138) size 616x213
          RenderTableRow {TR} at (0,7) size 616x108
            RenderTableCell {TD} at (7,81) size 130x51 [border: (13px dotted #FFFFFF)] [r=0 c=0 rs=2 cs=1]
              RenderText {#text} at (14,14) size 45x22
                text run at (14,14) width 45: "TD E"
            RenderTableCell {TD} at (144,47) size 220x27 [border: (1px dotted #FFFFFF)] [r=0 c=1 rs=1 cs=1]
              RenderText {#text} at (2,2) size 44x22
                text run at (2,2) width 44: "TD F"
            RenderTableCell {TD} at (371,47) size 118x27 [border: (1px dotted #FFFFFF)] [r=0 c=2 rs=1 cs=1]
              RenderText {#text} at (2,2) size 47x22
                text run at (2,2) width 47: "TD G"
            RenderTableCell {TD} at (496,47) size 113x27 [border: (1px dotted #FFFFFF)] [r=0 c=3 rs=1 cs=1]
              RenderText {#text} at (2,2) size 45x22
                text run at (2,2) width 45: "TD H"
          RenderTableRow {TR} at (0,122) size 616x84
            RenderTableCell {TD} at (144,150) size 220x27 [border: (1px dotted #FFFFFF)] [r=1 c=1 rs=1 cs=1]
              RenderText {#text} at (2,2) size 43x22
                text run at (2,2) width 43: "TD J"
            RenderTableCell {TD} at (371,150) size 118x27 [border: (1px dotted #FFFFFF)] [r=1 c=2 rs=1 cs=1]
              RenderText {#text} at (2,2) size 46x22
                text run at (2,2) width 46: "TD K"
            RenderTableCell {TD} at (496,150) size 113x27 [border: (1px dotted #FFFFFF)] [r=1 c=3 rs=1 cs=1]
              RenderText {#text} at (2,2) size 44x22
                text run at (2,2) width 44: "TD L"
      RenderTable {TABLE} at (0,1274) size 578x434 [color=#FFFFFF] [bgcolor=#0000FF] [border: (6px dotted #FFFFFF)]
        RenderBlock {CAPTION} at (0,0) size 578x23
          RenderText {#text} at (143,0) size 292x22
            text run at (143,0) width 292: "With 'border-collapse: collapse'"
        RenderTableCol {COLGROUP} at (0,0) size 0x0
          RenderTableCol {COL} at (0,0) size 0x0
          RenderTableCol {COL} at (0,0) size 0x0
          RenderTableCol {COL} at (0,0) size 0x0
        RenderTableCol {COLGROUP} at (0,0) size 0x0
          RenderTableCol {COL} at (0,0) size 0x0
        RenderTableSection {THEAD} at (0,29) size 577x99
          RenderTableRow {TR} at (0,0) size 577x99
            RenderTableCell {TH} at (0,33) size 135x32 [border: (1px dotted #FFFFFF)] [r=0 c=0 rs=1 cs=1]
              RenderText {#text} at (43,2) size 44x22
                text run at (43,2) width 44: "TH A"
            RenderTableCell {TH} at (135,30) size 207x38 [border: (7px dotted #FFFFFF)] [r=0 c=1 rs=1 cs=1]
              RenderText {#text} at (81,8) size 46x22
                text run at (81,8) width 46: "TH B"
            RenderTableCell {TH} at (342,48) size 123x3 [border: (1px dotted #FFFFFF)] [r=0 c=2 rs=1 cs=1]
            RenderTableCell {TH} at (465,36) size 112x26 [border: (1px dotted #FFFFFF)] [r=0 c=3 rs=1 cs=1]
              RenderText {#text} at (34,2) size 45x22
                text run at (34,2) width 45: "TH D"
        RenderTableSection {TFOOT} at (0,318) size 577x114
          RenderTableRow {TR} at (0,0) size 577x114
            RenderTableCell {TD} at (0,41) size 342x32 [border: (7px dotted #FFFFFF)] [r=0 c=0 rs=1 cs=2]
              RenderText {#text} at (2,8) size 49x22
                text run at (2,8) width 49: "TD M"
            RenderTableCell {TD} at (342,44) size 123x26 [border: (1px dotted #FFFFFF)] [r=0 c=2 rs=1 cs=1]
              RenderText {#text} at (2,2) size 47x22
                text run at (2,2) width 47: "TD O"
            RenderTableCell {TD} at (465,44) size 112x26 [border: (1px dotted #FFFFFF)] [r=0 c=3 rs=1 cs=1]
              RenderText {#text} at (2,2) size 45x22
                text run at (2,2) width 45: "TD P"
        RenderTableSection {TBODY} at (0,128) size 577x190
          RenderTableRow {TR} at (0,0) size 577x107
            RenderTableCell {TD} at (0,76) size 135x38 [border: (7px dotted #FFFFFF)] [r=0 c=0 rs=2 cs=1]
              RenderText {#text} at (8,8) size 45x22
                text run at (8,8) width 45: "TD E"
            RenderTableCell {TD} at (135,37) size 207x32 [border: (7px dotted #FFFFFF)] [r=0 c=1 rs=1 cs=1]
              RenderText {#text} at (8,8) size 44x22
                text run at (8,8) width 44: "TD F"
            RenderTableCell {TD} at (342,40) size 123x26 [border: (1px dotted #FFFFFF)] [r=0 c=2 rs=1 cs=1]
              RenderText {#text} at (2,2) size 47x22
                text run at (2,2) width 47: "TD G"
            RenderTableCell {TD} at (465,40) size 112x26 [border: (1px dotted #FFFFFF)] [r=0 c=3 rs=1 cs=1]
              RenderText {#text} at (2,2) size 45x22
                text run at (2,2) width 45: "TD H"
          RenderTableRow {TR} at (0,107) size 577x83
            RenderTableCell {TD} at (135,135) size 207x26 [border: (1px dotted #FFFFFF)] [r=1 c=1 rs=1 cs=1]
              RenderText {#text} at (8,2) size 43x22
                text run at (8,2) width 43: "TD J"
            RenderTableCell {TD} at (342,135) size 123x26 [border: (1px dotted #FFFFFF)] [r=1 c=2 rs=1 cs=1]
              RenderText {#text} at (2,2) size 46x22
                text run at (2,2) width 46: "TD K"
            RenderTableCell {TD} at (465,135) size 112x26 [border: (1px dotted #FFFFFF)] [r=1 c=3 rs=1 cs=1]
              RenderText {#text} at (2,2) size 44x22
                text run at (2,2) width 44: "TD L"
      RenderBlock {DIV} at (0,1707) size 784x36
        RenderInline {A} at (0,0) size 88x16 [color=#FFFF00]
          RenderImage {IMG} at (0,0) size 88x31
        RenderText {#text} at (0,0) size 0x0
      RenderBlock {ADDRESS} at (0,1742) size 784x18
        RenderText {#text} at (0,0) size 704x17
          text run at (0,0) width 704: "CSS2 Table Backgrounds Test Suite designed and written by fantasai <fantasai@escape.com>"
