layer at (0,0) size 785x1425
  RenderView at (0,0) size 785x600
layer at (0,0) size 785x1425
  RenderBlock {HTML} at (0,0) size 785x1426
    RenderBody {BODY} at (8,8) size 769x1410
      RenderBlock {H1} at (0,0) size 769x37
        RenderText {#text} at (0,0) size 397x36
          text run at (0,0) width 397: "Example 6: Table Stress Test"
      RenderBlock {PRE} at (0,58) size 769x17 [color=#FF0000]
        RenderText {#text} at (0,0) size 272x16
          text run at (0,0) width 272: "Resize document for maximum effect"
      RenderBlock (anonymous) at (0,87) size 769x21
        RenderBR {BR} at (0,0) size 0x19
      RenderBlock {H2} at (0,127) size 769x28
        RenderText {#text} at (0,0) size 500x26
          text run at (0,0) width 500: "Auto-width tables with spans nested 8 levels deep"
      RenderTable {TABLE} at (0,174) size 769x375 [bgcolor=#FF0000] [border: (1px outset #808080)]
        RenderTableSection {TBODY} at (1,1) size 767x372
          RenderTableRow {TR} at (0,2) size 767x24
            RenderTableCell {TD} at (2,2) size 28x24 [border: (1px inset #808080)] [r=0 c=0 rs=1 cs=1]
              RenderText {#text} at (2,2) size 24x19
                text run at (2,2) width 24: "Cell"
            RenderTableCell {TD} at (32,2) size 733x342 [border: (1px inset #808080)] [r=0 c=1 rs=2 cs=2]
              RenderTable {TABLE} at (2,2) size 729x338 [bgcolor=#ADD8E6] [border: (1px outset #808080)]
                RenderTableSection {TBODY} at (1,1) size 727x336
                  RenderTableRow {TR} at (0,2) size 727x24
                    RenderTableCell {TD} at (2,2) size 28x24 [border: (1px inset #808080)] [r=0 c=0 rs=1 cs=1]
                      RenderText {#text} at (2,2) size 24x19
                        text run at (2,2) width 24: "Cell"
                    RenderTableCell {TD} at (32,2) size 693x306 [border: (1px inset #808080)] [r=0 c=1 rs=2 cs=2]
                      RenderTable {TABLE} at (2,2) size 689x302 [bgcolor=#90EE90] [border: (1px outset #808080)]
                        RenderTableSection {TBODY} at (1,1) size 687x300
                          RenderTableRow {TR} at (0,2) size 687x24
                            RenderTableCell {TD} at (2,2) size 28x24 [border: (1px inset #808080)] [r=0 c=0 rs=1 cs=1]
                              RenderText {#text} at (2,2) size 24x19
                                text run at (2,2) width 24: "Cell"
                            RenderTableCell {TD} at (32,2) size 653x270 [border: (1px inset #808080)] [r=0 c=1 rs=2 cs=2]
                              RenderTable {TABLE} at (2,2) size 649x266 [border: (1px outset #808080)]
                                RenderTableSection {TBODY} at (1,1) size 647x264
                                  RenderTableRow {TR} at (0,2) size 647x24
                                    RenderTableCell {TD} at (2,2) size 28x24 [border: (1px inset #808080)] [r=0 c=0 rs=1 cs=1]
                                      RenderText {#text} at (2,2) size 24x19
                                        text run at (2,2) width 24: "Cell"
                                    RenderTableCell {TD} at (32,2) size 613x234 [border: (1px inset #808080)] [r=0 c=1 rs=2 cs=2]
                                      RenderTable {TABLE} at (2,2) size 609x230 [bgcolor=#FFA500] [border: (1px outset #808080)]
                                        RenderTableSection {TBODY} at (1,1) size 607x228
                                          RenderTableRow {TR} at (0,2) size 607x24
                                            RenderTableCell {TD} at (2,2) size 28x24 [border: (1px inset #808080)] [r=0 c=0 rs=1 cs=1]
                                              RenderText {#text} at (2,2) size 24x19
                                                text run at (2,2) width 24: "Cell"
                                            RenderTableCell {TD} at (32,2) size 573x198 [border: (1px inset #808080)] [r=0 c=1 rs=2 cs=2]
                                              RenderTable {TABLE} at (2,2) size 569x194 [bgcolor=#FF0000] [border: (1px outset #808080)]
                                                RenderTableSection {TBODY} at (1,1) size 567x192
                                                  RenderTableRow {TR} at (0,2) size 567x24
                                                    RenderTableCell {TD} at (2,2) size 28x24 [border: (1px inset #808080)] [r=0 c=0 rs=1 cs=1]
                                                      RenderText {#text} at (2,2) size 24x19
                                                        text run at (2,2) width 24: "Cell"
                                                    RenderTableCell {TD} at (32,2) size 533x162 [border: (1px inset #808080)] [r=0 c=1 rs=2 cs=2]
                                                      RenderTable {TABLE} at (2,2) size 529x158 [bgcolor=#ADD8E6] [border: (1px outset #808080)]
                                                        RenderTableSection {TBODY} at (1,1) size 527x156
                                                          RenderTableRow {TR} at (0,2) size 527x24
                                                            RenderTableCell {TD} at (2,2) size 28x24 [border: (1px inset #808080)] [r=0 c=0 rs=1 cs=1]
                                                              RenderText {#text} at (2,2) size 24x19
                                                                text run at (2,2) width 24: "Cell"
                                                            RenderTableCell {TD} at (32,2) size 493x106 [border: (1px inset #808080)] [r=0 c=1 rs=2 cs=2]
                                                              RenderTable {TABLE} at (2,2) size 489x102 [bgcolor=#90EE90] [border: (1px outset #808080)]
                                                                RenderTableSection {TBODY} at (1,1) size 487x100
                                                                  RenderTableRow {TR} at (0,2) size 487x24
                                                                    RenderTableCell {TD} at (2,2) size 28x24 [border: (1px inset #808080)] [r=0 c=0 rs=1 cs=1]
                                                                      RenderText {#text} at (2,2) size 24x19
                                                                        text run at (2,2) width 24: "Cell"
                                                                    RenderTableCell {TD} at (32,5) size 453x44 [border: (1px inset #808080)] [r=0 c=1 rs=2 cs=2]
                                                                      RenderText {#text} at (2,2) size 436x39
                                                                        text run at (2,2) width 372: "Cell, and stuff to test out table cell layout. This should be long "
                                                                        text run at (374,2) width 64: "enough for"
                                                                        text run at (2,22) width 42: "testing."
                                                                  RenderTableRow {TR} at (0,28) size 487x24
                                                                    RenderTableCell {TD} at (2,28) size 28x24 [border: (1px inset #808080)] [r=1 c=0 rs=1 cs=1]
                                                                      RenderText {#text} at (2,2) size 24x19
                                                                        text run at (2,2) width 24: "Cell"
                                                                  RenderTableRow {TR} at (0,54) size 487x44
                                                                    RenderTableCell {TD} at (2,64) size 28x24 [border: (1px inset #808080)] [r=2 c=0 rs=1 cs=1]
                                                                      RenderText {#text} at (2,2) size 24x19
                                                                        text run at (2,2) width 24: "Cell"
                                                                    RenderTableCell {TD} at (32,54) size 423x44 [border: (1px inset #808080)] [r=2 c=1 rs=1 cs=1]
                                                                      RenderText {#text} at (2,2) size 415x39
                                                                        text run at (2,2) width 372: "Cell, and stuff to test out table cell layout. This should be long "
                                                                        text run at (374,2) width 43: "enough"
                                                                        text run at (2,22) width 63: "for testing."
                                                                    RenderTableCell {TD} at (457,64) size 28x24 [border: (1px inset #808080)] [r=2 c=2 rs=1 cs=1]
                                                                      RenderText {#text} at (2,2) size 24x19
                                                                        text run at (2,2) width 24: "Cell"
                                                          RenderTableRow {TR} at (0,28) size 527x80
                                                            RenderTableCell {TD} at (2,56) size 28x24 [border: (1px inset #808080)] [r=1 c=0 rs=1 cs=1]
                                                              RenderText {#text} at (2,2) size 24x19
                                                                text run at (2,2) width 24: "Cell"
                                                          RenderTableRow {TR} at (0,110) size 527x44
                                                            RenderTableCell {TD} at (2,120) size 28x24 [border: (1px inset #808080)] [r=2 c=0 rs=1 cs=1]
                                                              RenderText {#text} at (2,2) size 24x19
                                                                text run at (2,2) width 24: "Cell"
                                                            RenderTableCell {TD} at (32,110) size 463x44 [border: (1px inset #808080)] [r=2 c=1 rs=1 cs=1]
                                                              RenderText {#text} at (2,2) size 436x39
                                                                text run at (2,2) width 372: "Cell, and stuff to test out table cell layout. This should be long "
                                                                text run at (374,2) width 64: "enough for"
                                                                text run at (2,22) width 42: "testing."
                                                            RenderTableCell {TD} at (497,120) size 28x24 [border: (1px inset #808080)] [r=2 c=2 rs=1 cs=1]
                                                              RenderText {#text} at (2,2) size 24x19
                                                                text run at (2,2) width 24: "Cell"
                                                  RenderTableRow {TR} at (0,28) size 567x136
                                                    RenderTableCell {TD} at (2,84) size 28x24 [border: (1px inset #808080)] [r=1 c=0 rs=1 cs=1]
                                                      RenderText {#text} at (2,2) size 24x19
                                                        text run at (2,2) width 24: "Cell"
                                                  RenderTableRow {TR} at (0,166) size 567x24
                                                    RenderTableCell {TD} at (2,166) size 28x24 [border: (1px inset #808080)] [r=2 c=0 rs=1 cs=1]
                                                      RenderText {#text} at (2,2) size 24x19
                                                        text run at (2,2) width 24: "Cell"
                                                    RenderTableCell {TD} at (32,166) size 501x24 [border: (1px inset #808080)] [r=2 c=1 rs=1 cs=1]
                                                      RenderText {#text} at (2,2) size 482x19
                                                        text run at (2,2) width 372: "Cell, and stuff to test out table cell layout. This should be long "
                                                        text run at (374,2) width 110: "enough for testing."
                                                    RenderTableCell {TD} at (535,166) size 30x24 [border: (1px inset #808080)] [r=2 c=2 rs=1 cs=1]
                                                      RenderText {#text} at (2,2) size 24x19
                                                        text run at (2,2) width 24: "Cell"
                                          RenderTableRow {TR} at (0,28) size 607x172
                                            RenderTableCell {TD} at (2,102) size 28x24 [border: (1px inset #808080)] [r=1 c=0 rs=1 cs=1]
                                              RenderText {#text} at (2,2) size 24x19
                                                text run at (2,2) width 24: "Cell"
                                          RenderTableRow {TR} at (0,202) size 607x24
                                            RenderTableCell {TD} at (2,202) size 28x24 [border: (1px inset #808080)] [r=2 c=0 rs=1 cs=1]
                                              RenderText {#text} at (2,2) size 24x19
                                                text run at (2,2) width 24: "Cell"
                                            RenderTableCell {TD} at (32,202) size 539x24 [border: (1px inset #808080)] [r=2 c=1 rs=1 cs=1]
                                              RenderText {#text} at (2,2) size 482x19
                                                text run at (2,2) width 372: "Cell, and stuff to test out table cell layout. This should be long "
                                                text run at (374,2) width 110: "enough for testing."
                                            RenderTableCell {TD} at (573,202) size 32x24 [border: (1px inset #808080)] [r=2 c=2 rs=1 cs=1]
                                              RenderText {#text} at (2,2) size 24x19
                                                text run at (2,2) width 24: "Cell"
                                  RenderTableRow {TR} at (0,28) size 647x208
                                    RenderTableCell {TD} at (2,120) size 28x24 [border: (1px inset #808080)] [r=1 c=0 rs=1 cs=1]
                                      RenderText {#text} at (2,2) size 24x19
                                        text run at (2,2) width 24: "Cell"
                                  RenderTableRow {TR} at (0,238) size 647x24
                                    RenderTableCell {TD} at (2,238) size 28x24 [border: (1px inset #808080)] [r=2 c=0 rs=1 cs=1]
                                      RenderText {#text} at (2,2) size 24x19
                                        text run at (2,2) width 24: "Cell"
                                    RenderTableCell {TD} at (32,238) size 577x24 [border: (1px inset #808080)] [r=2 c=1 rs=1 cs=1]
                                      RenderText {#text} at (2,2) size 482x19
                                        text run at (2,2) width 372: "Cell, and stuff to test out table cell layout. This should be long "
                                        text run at (374,2) width 110: "enough for testing."
                                    RenderTableCell {TD} at (611,238) size 34x24 [border: (1px inset #808080)] [r=2 c=2 rs=1 cs=1]
                                      RenderText {#text} at (2,2) size 24x19
                                        text run at (2,2) width 24: "Cell"
                          RenderTableRow {TR} at (0,28) size 687x244
                            RenderTableCell {TD} at (2,138) size 28x24 [border: (1px inset #808080)] [r=1 c=0 rs=1 cs=1]
                              RenderText {#text} at (2,2) size 24x19
                                text run at (2,2) width 24: "Cell"
                          RenderTableRow {TR} at (0,274) size 687x24
                            RenderTableCell {TD} at (2,274) size 28x24 [border: (1px inset #808080)] [r=2 c=0 rs=1 cs=1]
                              RenderText {#text} at (2,2) size 24x19
                                text run at (2,2) width 24: "Cell"
                            RenderTableCell {TD} at (32,274) size 615x24 [border: (1px inset #808080)] [r=2 c=1 rs=1 cs=1]
                              RenderText {#text} at (2,2) size 482x19
                                text run at (2,2) width 372: "Cell, and stuff to test out table cell layout. This should be long "
                                text run at (374,2) width 110: "enough for testing."
                            RenderTableCell {TD} at (649,274) size 36x24 [border: (1px inset #808080)] [r=2 c=2 rs=1 cs=1]
                              RenderText {#text} at (2,2) size 24x19
                                text run at (2,2) width 24: "Cell"
                  RenderTableRow {TR} at (0,28) size 727x280
                    RenderTableCell {TD} at (2,156) size 28x24 [border: (1px inset #808080)] [r=1 c=0 rs=1 cs=1]
                      RenderText {#text} at (2,2) size 24x19
                        text run at (2,2) width 24: "Cell"
                  RenderTableRow {TR} at (0,310) size 727x24
                    RenderTableCell {TD} at (2,310) size 28x24 [border: (1px inset #808080)] [r=2 c=0 rs=1 cs=1]
                      RenderText {#text} at (2,2) size 24x19
                        text run at (2,2) width 24: "Cell"
                    RenderTableCell {TD} at (32,310) size 652x24 [border: (1px inset #808080)] [r=2 c=1 rs=1 cs=1]
                      RenderText {#text} at (2,2) size 482x19
                        text run at (2,2) width 372: "Cell, and stuff to test out table cell layout. This should be long "
                        text run at (374,2) width 110: "enough for testing."
                    RenderTableCell {TD} at (686,310) size 39x24 [border: (1px inset #808080)] [r=2 c=2 rs=1 cs=1]
                      RenderText {#text} at (2,2) size 24x19
                        text run at (2,2) width 24: "Cell"
          RenderTableRow {TR} at (0,28) size 767x316
            RenderTableCell {TD} at (2,174) size 28x24 [border: (1px inset #808080)] [r=1 c=0 rs=1 cs=1]
              RenderText {#text} at (2,2) size 24x19
                text run at (2,2) width 24: "Cell"
          RenderTableRow {TR} at (0,346) size 767x24
            RenderTableCell {TD} at (2,346) size 28x24 [border: (1px inset #808080)] [r=2 c=0 rs=1 cs=1]
              RenderText {#text} at (2,2) size 24x19
                text run at (2,2) width 24: "Cell"
            RenderTableCell {TD} at (32,346) size 690x24 [border: (1px inset #808080)] [r=2 c=1 rs=1 cs=1]
              RenderText {#text} at (2,2) size 482x19
                text run at (2,2) width 372: "Cell, and stuff to test out table cell layout. This should be long "
                text run at (374,2) width 110: "enough for testing."
            RenderTableCell {TD} at (724,346) size 41x24 [border: (1px inset #808080)] [r=2 c=2 rs=1 cs=1]
              RenderText {#text} at (2,2) size 24x19
                text run at (2,2) width 24: "Cell"
      RenderBlock (anonymous) at (0,548) size 769x21
        RenderBR {BR} at (0,0) size 0x19
      RenderBlock {H2} at (0,588) size 769x28
        RenderText {#text} at (0,0) size 396x26
          text run at (0,0) width 396: "100% width tables nested 6 levels deep"
      RenderTable {TABLE} at (0,635) size 769x775 [bgcolor=#FFFF00] [border: (1px outset #808080)]
        RenderTableSection {TBODY} at (1,1) size 767x772
          RenderTableRow {TR} at (0,2) size 767x24
            RenderTableCell {TD} at (2,2) size 616x24 [border: (1px inset #808080)] [r=0 c=0 rs=1 cs=1]
              RenderText {#text} at (2,2) size 50x19
                text run at (2,2) width 50: "Cell one"
            RenderTableCell {TD} at (620,2) size 71x24 [border: (1px inset #808080)] [r=0 c=1 rs=1 cs=1]
              RenderText {#text} at (2,2) size 32x19
                text run at (2,2) width 32: "Cell2"
            RenderTableCell {TD} at (693,2) size 72x24 [border: (1px inset #808080)] [r=0 c=2 rs=1 cs=1]
              RenderText {#text} at (2,2) size 36x19
                text run at (2,2) width 36: "Cell 3"
          RenderTableRow {TR} at (0,28) size 767x24
            RenderTableCell {TD} at (2,28) size 616x24 [border: (1px inset #808080)] [r=1 c=0 rs=1 cs=1]
              RenderText {#text} at (2,2) size 36x19
                text run at (2,2) width 36: "Cell 4"
            RenderTableCell {TD} at (620,28) size 71x24 [border: (1px inset #808080)] [r=1 c=1 rs=1 cs=1]
              RenderText {#text} at (2,2) size 36x19
                text run at (2,2) width 36: "Cell 5"
            RenderTableCell {TD} at (693,28) size 72x24 [border: (1px inset #808080)] [r=1 c=2 rs=1 cs=1]
              RenderText {#text} at (2,2) size 36x19
                text run at (2,2) width 36: "Cell 6"
          RenderTableRow {TR} at (0,54) size 767x716
            RenderTableCell {TD} at (2,54) size 616x716 [border: (1px inset #808080)] [r=2 c=0 rs=1 cs=1]
              RenderTable {TABLE} at (2,2) size 612x692 [bgcolor=#D3D3D3]
                RenderTableSection {TBODY} at (0,0) size 612x692
                  RenderTableRow {TR} at (0,2) size 612x22
                    RenderTableCell {TD} at (2,2) size 18x22 [r=0 c=0 rs=1 cs=1]
                      RenderText {#text} at (1,1) size 8x19
                        text run at (1,1) width 8: "1"
                    RenderTableCell {TD} at (22,2) size 567x22 [r=0 c=1 rs=1 cs=1]
                      RenderText {#text} at (1,1) size 8x19
                        text run at (1,1) width 8: "2"
                    RenderTableCell {TD} at (591,2) size 19x22 [r=0 c=2 rs=1 cs=1]
                      RenderText {#text} at (1,1) size 8x19
                        text run at (1,1) width 8: "3"
                  RenderTableRow {TR} at (0,26) size 612x640
                    RenderTableCell {TD} at (2,335) size 18x22 [r=1 c=0 rs=1 cs=1]
                      RenderText {#text} at (1,1) size 8x19
                        text run at (1,1) width 8: "4"
                    RenderTableCell {TD} at (22,26) size 567x640 [r=1 c=1 rs=1 cs=1]
                      RenderTable {TABLE} at (1,1) size 565x618 [bgcolor=#ADD8E6] [border: (1px outset #808080)]
                        RenderTableSection {TBODY} at (1,1) size 563x616
                          RenderTableRow {TR} at (0,2) size 563x560
                            RenderTableCell {TD} at (2,270) size 21x24 [border: (1px inset #808080)] [r=0 c=0 rs=1 cs=1]
                              RenderText {#text} at (2,2) size 8x19
                                text run at (2,2) width 8: "1"
                            RenderTableCell {TD} at (25,2) size 511x560 [border: (1px inset #808080)] [r=0 c=1 rs=1 cs=1]
                              RenderTable {TABLE} at (2,2) size 507x536 [bgcolor=#FF0000] [border: (1px outset #808080)]
                                RenderTableSection {TBODY} at (1,1) size 505x534
                                  RenderTableRow {TR} at (0,2) size 505x24
                                    RenderTableCell {TD} at (2,2) size 22x24 [border: (1px inset #808080)] [r=0 c=0 rs=1 cs=1]
                                      RenderText {#text} at (2,2) size 8x19
                                        text run at (2,2) width 8: "1"
                                    RenderTableCell {TD} at (26,2) size 22x24 [border: (1px inset #808080)] [r=0 c=1 rs=1 cs=1]
                                      RenderText {#text} at (2,2) size 8x19
                                        text run at (2,2) width 8: "2"
                                    RenderTableCell {TD} at (50,2) size 403x24 [border: (1px inset #808080)] [r=0 c=2 rs=1 cs=1]
                                      RenderText {#text} at (2,2) size 8x19
                                        text run at (2,2) width 8: "3"
                                    RenderTableCell {TD} at (455,2) size 23x24 [border: (1px inset #808080)] [r=0 c=3 rs=1 cs=1]
                                      RenderText {#text} at (2,2) size 8x19
                                        text run at (2,2) width 8: "4"
                                    RenderTableCell {TD} at (480,2) size 23x24 [border: (1px inset #808080)] [r=0 c=4 rs=1 cs=1]
                                      RenderText {#text} at (2,2) size 8x19
                                        text run at (2,2) width 8: "5"
                                  RenderTableRow {TR} at (0,28) size 505x426
                                    RenderTableCell {TD} at (2,229) size 22x24 [border: (1px inset #808080)] [r=1 c=0 rs=1 cs=1]
                                      RenderText {#text} at (2,2) size 8x19
                                        text run at (2,2) width 8: "6"
                                    RenderTableCell {TD} at (26,229) size 22x24 [border: (1px inset #808080)] [r=1 c=1 rs=1 cs=1]
                                      RenderText {#text} at (2,2) size 8x19
                                        text run at (2,2) width 8: "7"
                                    RenderTableCell {TD} at (50,28) size 403x426 [border: (1px inset #808080)] [r=1 c=2 rs=1 cs=1]
                                      RenderTable {TABLE} at (2,2) size 399x402 [bgcolor=#008000] [border: (1px outset #808080)]
                                        RenderTableSection {TBODY} at (1,1) size 397x400
                                          RenderTableRow {TR} at (0,2) size 397x24
                                            RenderTableCell {TD} at (2,2) size 23x24 [border: (1px inset #808080)] [r=0 c=0 rs=1 cs=1]
                                              RenderText {#text} at (2,2) size 7x19
                                                text run at (2,2) width 7: "a"
                                            RenderTableCell {TD} at (27,2) size 23x24 [border: (1px inset #808080)] [r=0 c=1 rs=1 cs=1]
                                              RenderText {#text} at (2,2) size 8x19
                                                text run at (2,2) width 8: "b"
                                            RenderTableCell {TD} at (52,2) size 291x24 [border: (1px inset #808080)] [r=0 c=2 rs=1 cs=1]
                                              RenderText {#text} at (2,2) size 7x19
                                                text run at (2,2) width 7: "c"
                                            RenderTableCell {TD} at (345,2) size 24x24 [border: (1px inset #808080)] [r=0 c=3 rs=1 cs=1]
                                              RenderText {#text} at (2,2) size 8x19
                                                text run at (2,2) width 8: "d"
                                            RenderTableCell {TD} at (371,2) size 24x24 [border: (1px inset #808080)] [r=0 c=4 rs=1 cs=1]
                                              RenderText {#text} at (2,2) size 7x19
                                                text run at (2,2) width 7: "e"
                                          RenderTableRow {TR} at (0,28) size 397x24
                                            RenderTableCell {TD} at (2,28) size 23x24 [border: (1px inset #808080)] [r=1 c=0 rs=1 cs=1]
                                              RenderText {#text} at (2,2) size 4x19
                                                text run at (2,2) width 4: "f"
                                            RenderTableCell {TD} at (27,28) size 23x24 [border: (1px inset #808080)] [r=1 c=1 rs=1 cs=1]
                                              RenderText {#text} at (2,2) size 7x19
                                                text run at (2,2) width 7: "g"
                                            RenderTableCell {TD} at (52,28) size 291x24 [border: (1px inset #808080)] [r=1 c=2 rs=1 cs=1]
                                              RenderText {#text} at (2,2) size 7x19
                                                text run at (2,2) width 7: "h"
                                            RenderTableCell {TD} at (345,28) size 24x24 [border: (1px inset #808080)] [r=1 c=3 rs=1 cs=1]
                                              RenderText {#text} at (2,2) size 3x19
                                                text run at (2,2) width 3: "i"
                                            RenderTableCell {TD} at (371,28) size 24x24 [border: (1px inset #808080)] [r=1 c=4 rs=1 cs=1]
                                              RenderText {#text} at (2,2) size 4x19
                                                text run at (2,2) width 4: "j"
                                          RenderTableRow {TR} at (0,54) size 397x292
                                            RenderTableCell {TD} at (2,188) size 23x24 [border: (1px inset #808080)] [r=2 c=0 rs=1 cs=1]
                                              RenderText {#text} at (2,2) size 8x19
                                                text run at (2,2) width 8: "k"
                                            RenderTableCell {TD} at (27,188) size 23x24 [border: (1px inset #808080)] [r=2 c=1 rs=1 cs=1]
                                              RenderText {#text} at (2,2) size 3x19
                                                text run at (2,2) width 3: "l"
                                            RenderTableCell {TD} at (52,54) size 291x292 [border: (1px inset #808080)] [r=2 c=2 rs=1 cs=1]
                                              RenderTable {TABLE} at (2,2) size 287x268 [bgcolor=#800080] [border: (1px outset #808080)]
                                                RenderTableSection {TBODY} at (1,1) size 285x266
                                                  RenderTableRow {TR} at (0,2) size 285x24
                                                    RenderTableCell {TD} at (2,2) size 25x24 [border: (1px inset #808080)] [r=0 c=0 rs=1 cs=1]
                                                      RenderText {#text} at (2,2) size 7x19
                                                        text run at (2,2) width 7: "a"
                                                    RenderTableCell {TD} at (29,2) size 25x24 [border: (1px inset #808080)] [r=0 c=1 rs=1 cs=1]
                                                      RenderText {#text} at (2,2) size 8x19
                                                        text run at (2,2) width 8: "b"
                                                    RenderTableCell {TD} at (56,2) size 172x24 [border: (1px inset #808080)] [r=0 c=2 rs=1 cs=1]
                                                      RenderText {#text} at (2,2) size 7x19
                                                        text run at (2,2) width 7: "c"
                                                    RenderTableCell {TD} at (230,2) size 25x24 [border: (1px inset #808080)] [r=0 c=3 rs=1 cs=1]
                                                      RenderText {#text} at (2,2) size 8x19
                                                        text run at (2,2) width 8: "d"
                                                    RenderTableCell {TD} at (257,2) size 26x24 [border: (1px inset #808080)] [r=0 c=4 rs=1 cs=1]
                                                      RenderText {#text} at (2,2) size 7x19
                                                        text run at (2,2) width 7: "e"
                                                  RenderTableRow {TR} at (0,28) size 285x24
                                                    RenderTableCell {TD} at (2,28) size 25x24 [border: (1px inset #808080)] [r=1 c=0 rs=1 cs=1]
                                                      RenderText {#text} at (2,2) size 4x19
                                                        text run at (2,2) width 4: "f"
                                                    RenderTableCell {TD} at (29,28) size 25x24 [border: (1px inset #808080)] [r=1 c=1 rs=1 cs=1]
                                                      RenderText {#text} at (2,2) size 7x19
                                                        text run at (2,2) width 7: "g"
                                                    RenderTableCell {TD} at (56,28) size 172x24 [border: (1px inset #808080)] [r=1 c=2 rs=1 cs=1]
                                                      RenderText {#text} at (2,2) size 7x19
                                                        text run at (2,2) width 7: "h"
                                                    RenderTableCell {TD} at (230,28) size 25x24 [border: (1px inset #808080)] [r=1 c=3 rs=1 cs=1]
                                                      RenderText {#text} at (2,2) size 3x19
                                                        text run at (2,2) width 3: "i"
                                                    RenderTableCell {TD} at (257,28) size 26x24 [border: (1px inset #808080)] [r=1 c=4 rs=1 cs=1]
                                                      RenderText {#text} at (2,2) size 4x19
                                                        text run at (2,2) width 4: "j"
                                                  RenderTableRow {TR} at (0,54) size 285x158
                                                    RenderTableCell {TD} at (2,121) size 25x24 [border: (1px inset #808080)] [r=2 c=0 rs=1 cs=1]
                                                      RenderText {#text} at (2,2) size 8x19
                                                        text run at (2,2) width 8: "k"
                                                    RenderTableCell {TD} at (29,121) size 25x24 [border: (1px inset #808080)] [r=2 c=1 rs=1 cs=1]
                                                      RenderText {#text} at (2,2) size 3x19
                                                        text run at (2,2) width 3: "l"
                                                    RenderTableCell {TD} at (56,54) size 172x158 [border: (1px inset #808080)] [r=2 c=2 rs=1 cs=1]
                                                      RenderTable {TABLE} at (2,2) size 168x134 [bgcolor=#FFA500] [border: (1px outset #808080)]
                                                        RenderTableSection {TBODY} at (1,1) size 166x132
                                                          RenderTableRow {TR} at (0,2) size 166x24
                                                            RenderTableCell {TD} at (2,2) size 29x24 [border: (1px inset #808080)] [r=0 c=0 rs=1 cs=1]
                                                              RenderText {#text} at (2,2) size 7x19
                                                                text run at (2,2) width 7: "a"
                                                            RenderTableCell {TD} at (33,2) size 29x24 [border: (1px inset #808080)] [r=0 c=1 rs=1 cs=1]
                                                              RenderText {#text} at (2,2) size 8x19
                                                                text run at (2,2) width 8: "b"
                                                            RenderTableCell {TD} at (64,2) size 36x24 [border: (1px inset #808080)] [r=0 c=2 rs=1 cs=1]
                                                              RenderText {#text} at (2,2) size 7x19
                                                                text run at (2,2) width 7: "c"
                                                            RenderTableCell {TD} at (102,2) size 30x24 [border: (1px inset #808080)] [r=0 c=3 rs=1 cs=1]
                                                              RenderText {#text} at (2,2) size 8x19
                                                                text run at (2,2) width 8: "d"
                                                            RenderTableCell {TD} at (134,2) size 30x24 [border: (1px inset #808080)] [r=0 c=4 rs=1 cs=1]
                                                              RenderText {#text} at (2,2) size 7x19
                                                                text run at (2,2) width 7: "e"
                                                          RenderTableRow {TR} at (0,28) size 166x24
                                                            RenderTableCell {TD} at (2,28) size 29x24 [border: (1px inset #808080)] [r=1 c=0 rs=1 cs=1]
                                                              RenderText {#text} at (2,2) size 4x19
                                                                text run at (2,2) width 4: "f"
                                                            RenderTableCell {TD} at (33,28) size 29x24 [border: (1px inset #808080)] [r=1 c=1 rs=1 cs=1]
                                                              RenderText {#text} at (2,2) size 7x19
                                                                text run at (2,2) width 7: "g"
                                                            RenderTableCell {TD} at (64,28) size 36x24 [border: (1px inset #808080)] [r=1 c=2 rs=1 cs=1]
                                                              RenderText {#text} at (2,2) size 7x19
                                                                text run at (2,2) width 7: "h"
                                                            RenderTableCell {TD} at (102,28) size 30x24 [border: (1px inset #808080)] [r=1 c=3 rs=1 cs=1]
                                                              RenderText {#text} at (2,2) size 3x19
                                                                text run at (2,2) width 3: "i"
                                                            RenderTableCell {TD} at (134,28) size 30x24 [border: (1px inset #808080)] [r=1 c=4 rs=1 cs=1]
                                                              RenderText {#text} at (2,2) size 4x19
                                                                text run at (2,2) width 4: "j"
                                                          RenderTableRow {TR} at (0,54) size 166x24
                                                            RenderTableCell {TD} at (2,54) size 29x24 [border: (1px inset #808080)] [r=2 c=0 rs=1 cs=1]
                                                              RenderText {#text} at (2,2) size 8x19
                                                                text run at (2,2) width 8: "k"
                                                            RenderTableCell {TD} at (33,54) size 29x24 [border: (1px inset #808080)] [r=2 c=1 rs=1 cs=1]
                                                              RenderText {#text} at (2,2) size 3x19
                                                                text run at (2,2) width 3: "l"
                                                            RenderTableCell {TD} at (64,54) size 36x24 [border: (1px inset #808080)] [r=2 c=2 rs=1 cs=1]
                                                              RenderText {#text} at (2,2) size 11x19
                                                                text run at (2,2) width 11: "m"
                                                            RenderTableCell {TD} at (102,54) size 30x24 [border: (1px inset #808080)] [r=2 c=3 rs=1 cs=1]
                                                              RenderText {#text} at (2,2) size 7x19
                                                                text run at (2,2) width 7: "n"
                                                            RenderTableCell {TD} at (134,54) size 30x24 [border: (1px inset #808080)] [r=2 c=4 rs=1 cs=1]
                                                              RenderText {#text} at (2,2) size 8x19
                                                                text run at (2,2) width 8: "o"
                                                          RenderTableRow {TR} at (0,80) size 166x24
                                                            RenderTableCell {TD} at (2,80) size 29x24 [border: (1px inset #808080)] [r=3 c=0 rs=1 cs=1]
                                                              RenderText {#text} at (2,2) size 8x19
                                                                text run at (2,2) width 8: "p"
                                                            RenderTableCell {TD} at (33,80) size 29x24 [border: (1px inset #808080)] [r=3 c=1 rs=1 cs=1]
                                                              RenderText {#text} at (2,2) size 8x19
                                                                text run at (2,2) width 8: "q"
                                                            RenderTableCell {TD} at (64,80) size 36x24 [border: (1px inset #808080)] [r=3 c=2 rs=1 cs=1]
                                                              RenderText {#text} at (2,2) size 5x19
                                                                text run at (2,2) width 5: "r"
                                                            RenderTableCell {TD} at (102,80) size 30x24 [border: (1px inset #808080)] [r=3 c=3 rs=1 cs=1]
                                                              RenderText {#text} at (2,2) size 6x19
                                                                text run at (2,2) width 6: "s"
                                                            RenderTableCell {TD} at (134,80) size 30x24 [border: (1px inset #808080)] [r=3 c=4 rs=1 cs=1]
                                                              RenderText {#text} at (2,2) size 4x19
                                                                text run at (2,2) width 4: "t"
                                                          RenderTableRow {TR} at (0,106) size 166x24
                                                            RenderTableCell {TD} at (2,106) size 29x24 [border: (1px inset #808080)] [r=4 c=0 rs=1 cs=1]
                                                              RenderText {#text} at (2,2) size 7x19
                                                                text run at (2,2) width 7: "u"
                                                            RenderTableCell {TD} at (33,106) size 29x24 [border: (1px inset #808080)] [r=4 c=1 rs=1 cs=1]
                                                              RenderText {#text} at (2,2) size 7x19
                                                                text run at (2,2) width 7: "v"
                                                            RenderTableCell {TD} at (64,106) size 36x24 [border: (1px inset #808080)] [r=4 c=2 rs=1 cs=1]
                                                              RenderText {#text} at (2,2) size 11x19
                                                                text run at (2,2) width 11: "w"
                                                            RenderTableCell {TD} at (102,106) size 30x24 [border: (1px inset #808080)] [r=4 c=3 rs=1 cs=1]
                                                              RenderText {#text} at (2,2) size 7x19
                                                                text run at (2,2) width 7: "x"
                                                            RenderTableCell {TD} at (134,106) size 30x24 [border: (1px inset #808080)] [r=4 c=4 rs=1 cs=1]
                                                              RenderText {#text} at (2,2) size 7x19
                                                                text run at (2,2) width 7: "y"
                                                      RenderBlock (anonymous) at (2,136) size 168x20
                                                        RenderText {#text} at (0,0) size 4x19
                                                          text run at (0,0) width 4: " "
                                                    RenderTableCell {TD} at (230,121) size 25x24 [border: (1px inset #808080)] [r=2 c=3 rs=1 cs=1]
                                                      RenderText {#text} at (2,2) size 7x19
                                                        text run at (2,2) width 7: "n"
                                                    RenderTableCell {TD} at (257,121) size 26x24 [border: (1px inset #808080)] [r=2 c=4 rs=1 cs=1]
                                                      RenderText {#text} at (2,2) size 8x19
                                                        text run at (2,2) width 8: "o"
                                                  RenderTableRow {TR} at (0,214) size 285x24
                                                    RenderTableCell {TD} at (2,214) size 25x24 [border: (1px inset #808080)] [r=3 c=0 rs=1 cs=1]
                                                      RenderText {#text} at (2,2) size 8x19
                                                        text run at (2,2) width 8: "p"
                                                    RenderTableCell {TD} at (29,214) size 25x24 [border: (1px inset #808080)] [r=3 c=1 rs=1 cs=1]
                                                      RenderText {#text} at (2,2) size 8x19
                                                        text run at (2,2) width 8: "q"
                                                    RenderTableCell {TD} at (56,214) size 172x24 [border: (1px inset #808080)] [r=3 c=2 rs=1 cs=1]
                                                      RenderText {#text} at (2,2) size 5x19
                                                        text run at (2,2) width 5: "r"
                                                    RenderTableCell {TD} at (230,214) size 25x24 [border: (1px inset #808080)] [r=3 c=3 rs=1 cs=1]
                                                      RenderText {#text} at (2,2) size 6x19
                                                        text run at (2,2) width 6: "s"
                                                    RenderTableCell {TD} at (257,214) size 26x24 [border: (1px inset #808080)] [r=3 c=4 rs=1 cs=1]
                                                      RenderText {#text} at (2,2) size 4x19
                                                        text run at (2,2) width 4: "t"
                                                  RenderTableRow {TR} at (0,240) size 285x24
                                                    RenderTableCell {TD} at (2,240) size 25x24 [border: (1px inset #808080)] [r=4 c=0 rs=1 cs=1]
                                                      RenderText {#text} at (2,2) size 7x19
                                                        text run at (2,2) width 7: "u"
                                                    RenderTableCell {TD} at (29,240) size 25x24 [border: (1px inset #808080)] [r=4 c=1 rs=1 cs=1]
                                                      RenderText {#text} at (2,2) size 7x19
                                                        text run at (2,2) width 7: "v"
                                                    RenderTableCell {TD} at (56,240) size 172x24 [border: (1px inset #808080)] [r=4 c=2 rs=1 cs=1]
                                                      RenderText {#text} at (2,2) size 11x19
                                                        text run at (2,2) width 11: "w"
                                                    RenderTableCell {TD} at (230,240) size 25x24 [border: (1px inset #808080)] [r=4 c=3 rs=1 cs=1]
                                                      RenderText {#text} at (2,2) size 7x19
                                                        text run at (2,2) width 7: "x"
                                                    RenderTableCell {TD} at (257,240) size 26x24 [border: (1px inset #808080)] [r=4 c=4 rs=1 cs=1]
                                                      RenderText {#text} at (2,2) size 7x19
                                                        text run at (2,2) width 7: "y"
                                              RenderBlock (anonymous) at (2,270) size 287x20
                                                RenderText {#text} at (0,0) size 4x19
                                                  text run at (0,0) width 4: " "
                                            RenderTableCell {TD} at (345,188) size 24x24 [border: (1px inset #808080)] [r=2 c=3 rs=1 cs=1]
                                              RenderText {#text} at (2,2) size 7x19
                                                text run at (2,2) width 7: "n"
                                            RenderTableCell {TD} at (371,188) size 24x24 [border: (1px inset #808080)] [r=2 c=4 rs=1 cs=1]
                                              RenderText {#text} at (2,2) size 8x19
                                                text run at (2,2) width 8: "o"
                                          RenderTableRow {TR} at (0,348) size 397x24
                                            RenderTableCell {TD} at (2,348) size 23x24 [border: (1px inset #808080)] [r=3 c=0 rs=1 cs=1]
                                              RenderText {#text} at (2,2) size 8x19
                                                text run at (2,2) width 8: "p"
                                            RenderTableCell {TD} at (27,348) size 23x24 [border: (1px inset #808080)] [r=3 c=1 rs=1 cs=1]
                                              RenderText {#text} at (2,2) size 8x19
                                                text run at (2,2) width 8: "q"
                                            RenderTableCell {TD} at (52,348) size 291x24 [border: (1px inset #808080)] [r=3 c=2 rs=1 cs=1]
                                              RenderText {#text} at (2,2) size 5x19
                                                text run at (2,2) width 5: "r"
                                            RenderTableCell {TD} at (345,348) size 24x24 [border: (1px inset #808080)] [r=3 c=3 rs=1 cs=1]
                                              RenderText {#text} at (2,2) size 6x19
                                                text run at (2,2) width 6: "s"
                                            RenderTableCell {TD} at (371,348) size 24x24 [border: (1px inset #808080)] [r=3 c=4 rs=1 cs=1]
                                              RenderText {#text} at (2,2) size 4x19
                                                text run at (2,2) width 4: "t"
                                          RenderTableRow {TR} at (0,374) size 397x24
                                            RenderTableCell {TD} at (2,374) size 23x24 [border: (1px inset #808080)] [r=4 c=0 rs=1 cs=1]
                                              RenderText {#text} at (2,2) size 7x19
                                                text run at (2,2) width 7: "u"
                                            RenderTableCell {TD} at (27,374) size 23x24 [border: (1px inset #808080)] [r=4 c=1 rs=1 cs=1]
                                              RenderText {#text} at (2,2) size 7x19
                                                text run at (2,2) width 7: "v"
                                            RenderTableCell {TD} at (52,374) size 291x24 [border: (1px inset #808080)] [r=4 c=2 rs=1 cs=1]
                                              RenderText {#text} at (2,2) size 11x19
                                                text run at (2,2) width 11: "w"
                                            RenderTableCell {TD} at (345,374) size 24x24 [border: (1px inset #808080)] [r=4 c=3 rs=1 cs=1]
                                              RenderText {#text} at (2,2) size 7x19
                                                text run at (2,2) width 7: "x"
                                            RenderTableCell {TD} at (371,374) size 24x24 [border: (1px inset #808080)] [r=4 c=4 rs=1 cs=1]
                                              RenderText {#text} at (2,2) size 7x19
                                                text run at (2,2) width 7: "y"
                                      RenderBlock (anonymous) at (2,404) size 399x20
                                        RenderText {#text} at (0,0) size 4x19
                                          text run at (0,0) width 4: " "
                                    RenderTableCell {TD} at (455,229) size 23x24 [border: (1px inset #808080)] [r=1 c=3 rs=1 cs=1]
                                      RenderText {#text} at (2,2) size 8x19
                                        text run at (2,2) width 8: "9"
                                    RenderTableCell {TD} at (480,229) size 23x24 [border: (1px inset #808080)] [r=1 c=4 rs=1 cs=1]
                                      RenderText {#text} at (2,2) size 8x19
                                        text run at (2,2) width 8: "0"
                                  RenderTableRow {TR} at (0,456) size 505x24
                                    RenderTableCell {TD} at (2,456) size 22x24 [border: (1px inset #808080)] [r=2 c=0 rs=1 cs=1]
                                      RenderText {#text} at (2,2) size 7x19
                                        text run at (2,2) width 7: "a"
                                    RenderTableCell {TD} at (26,456) size 22x24 [border: (1px inset #808080)] [r=2 c=1 rs=1 cs=1]
                                      RenderText {#text} at (2,2) size 8x19
                                        text run at (2,2) width 8: "b"
                                    RenderTableCell {TD} at (50,456) size 403x24 [border: (1px inset #808080)] [r=2 c=2 rs=1 cs=1]
                                      RenderText {#text} at (2,2) size 7x19
                                        text run at (2,2) width 7: "c"
                                    RenderTableCell {TD} at (455,456) size 23x24 [border: (1px inset #808080)] [r=2 c=3 rs=1 cs=1]
                                      RenderText {#text} at (2,2) size 8x19
                                        text run at (2,2) width 8: "d"
                                    RenderTableCell {TD} at (480,456) size 23x24 [border: (1px inset #808080)] [r=2 c=4 rs=1 cs=1]
                                      RenderText {#text} at (2,2) size 7x19
                                        text run at (2,2) width 7: "e"
                                  RenderTableRow {TR} at (0,482) size 505x24
                                    RenderTableCell {TD} at (2,482) size 22x24 [border: (1px inset #808080)] [r=3 c=0 rs=1 cs=1]
                                      RenderText {#text} at (2,2) size 4x19
                                        text run at (2,2) width 4: "f"
                                    RenderTableCell {TD} at (26,482) size 22x24 [border: (1px inset #808080)] [r=3 c=1 rs=1 cs=1]
                                      RenderText {#text} at (2,2) size 7x19
                                        text run at (2,2) width 7: "g"
                                    RenderTableCell {TD} at (50,482) size 403x24 [border: (1px inset #808080)] [r=3 c=2 rs=1 cs=1]
                                      RenderText {#text} at (2,2) size 7x19
                                        text run at (2,2) width 7: "h"
                                    RenderTableCell {TD} at (455,482) size 23x24 [border: (1px inset #808080)] [r=3 c=3 rs=1 cs=1]
                                      RenderText {#text} at (2,2) size 3x19
                                        text run at (2,2) width 3: "i"
                                    RenderTableCell {TD} at (480,482) size 23x24 [border: (1px inset #808080)] [r=3 c=4 rs=1 cs=1]
                                      RenderText {#text} at (2,2) size 4x19
                                        text run at (2,2) width 4: "j"
                                  RenderTableRow {TR} at (0,508) size 505x24
                                    RenderTableCell {TD} at (2,508) size 22x24 [border: (1px inset #808080)] [r=4 c=0 rs=1 cs=1]
                                      RenderText {#text} at (2,2) size 8x19
                                        text run at (2,2) width 8: "k"
                                    RenderTableCell {TD} at (26,508) size 22x24 [border: (1px inset #808080)] [r=4 c=1 rs=1 cs=1]
                                      RenderText {#text} at (2,2) size 3x19
                                        text run at (2,2) width 3: "l"
                                    RenderTableCell {TD} at (50,508) size 403x24 [border: (1px inset #808080)] [r=4 c=2 rs=1 cs=1]
                                      RenderText {#text} at (2,2) size 11x19
                                        text run at (2,2) width 11: "m"
                                    RenderTableCell {TD} at (455,508) size 23x24 [border: (1px inset #808080)] [r=4 c=3 rs=1 cs=1]
                                      RenderText {#text} at (2,2) size 7x19
                                        text run at (2,2) width 7: "n"
                                    RenderTableCell {TD} at (480,508) size 23x24 [border: (1px inset #808080)] [r=4 c=4 rs=1 cs=1]
                                      RenderText {#text} at (2,2) size 8x19
                                        text run at (2,2) width 8: "o"
                              RenderBlock (anonymous) at (2,538) size 507x20
                                RenderText {#text} at (0,0) size 4x19
                                  text run at (0,0) width 4: " "
                            RenderTableCell {TD} at (538,270) size 23x24 [border: (1px inset #808080)] [r=0 c=2 rs=1 cs=1]
                              RenderText {#text} at (2,2) size 8x19
                                text run at (2,2) width 8: "3"
                          RenderTableRow {TR} at (0,564) size 563x24
                            RenderTableCell {TD} at (2,564) size 21x24 [border: (1px inset #808080)] [r=1 c=0 rs=1 cs=1]
                              RenderText {#text} at (2,2) size 8x19
                                text run at (2,2) width 8: "4"
                            RenderTableCell {TD} at (25,564) size 511x24 [border: (1px inset #808080)] [r=1 c=1 rs=1 cs=1]
                              RenderText {#text} at (2,2) size 8x19
                                text run at (2,2) width 8: "5"
                            RenderTableCell {TD} at (538,564) size 23x24 [border: (1px inset #808080)] [r=1 c=2 rs=1 cs=1]
                              RenderText {#text} at (2,2) size 8x19
                                text run at (2,2) width 8: "6"
                          RenderTableRow {TR} at (0,590) size 563x24
                            RenderTableCell {TD} at (2,590) size 21x24 [border: (1px inset #808080)] [r=2 c=0 rs=1 cs=1]
                              RenderText {#text} at (2,2) size 8x19
                                text run at (2,2) width 8: "7"
                            RenderTableCell {TD} at (25,590) size 511x24 [border: (1px inset #808080)] [r=2 c=1 rs=1 cs=1]
                              RenderText {#text} at (2,2) size 8x19
                                text run at (2,2) width 8: "8"
                            RenderTableCell {TD} at (538,590) size 23x24 [border: (1px inset #808080)] [r=2 c=2 rs=1 cs=1]
                              RenderText {#text} at (2,2) size 8x19
                                text run at (2,2) width 8: "9"
                      RenderBlock (anonymous) at (1,619) size 565x20
                        RenderText {#text} at (0,0) size 4x19
                          text run at (0,0) width 4: " "
                    RenderTableCell {TD} at (591,335) size 19x22 [r=1 c=2 rs=1 cs=1]
                      RenderText {#text} at (1,1) size 8x19
                        text run at (1,1) width 8: "6"
                  RenderTableRow {TR} at (0,668) size 612x22
                    RenderTableCell {TD} at (2,668) size 18x22 [r=2 c=0 rs=1 cs=1]
                      RenderText {#text} at (1,1) size 8x19
                        text run at (1,1) width 8: "7"
                    RenderTableCell {TD} at (22,668) size 567x22 [r=2 c=1 rs=1 cs=1]
                      RenderText {#text} at (1,1) size 8x19
                        text run at (1,1) width 8: "8"
                    RenderTableCell {TD} at (591,668) size 19x22 [r=2 c=2 rs=1 cs=1]
                      RenderText {#text} at (1,1) size 8x19
                        text run at (1,1) width 8: "9"
              RenderBlock (anonymous) at (2,694) size 612x20
                RenderText {#text} at (0,0) size 4x19
                  text run at (0,0) width 4: " "
            RenderTableCell {TD} at (620,400) size 71x24 [border: (1px inset #808080)] [r=2 c=1 rs=1 cs=1]
              RenderText {#text} at (2,2) size 8x19
                text run at (2,2) width 8: "8"
            RenderTableCell {TD} at (693,400) size 72x24 [border: (1px inset #808080)] [r=2 c=2 rs=1 cs=1]
              RenderText {#text} at (2,2) size 8x19
                text run at (2,2) width 8: "9"
