layer at (0,0) size 785x2464
  RenderView at (0,0) size 785x600
layer at (0,0) size 785x2464
  RenderBlock {HTML} at (0,0) size 785x2465
    RenderBody {BODY} at (8,8) size 769x2441 [bgcolor=#FFDEAD]
      RenderBlock {H1} at (0,0) size 769x74
        RenderInline {FONT} at (0,0) size 475x73 [color=#FF0000]
          RenderText {#text} at (0,0) size 295x36
            text run at (0,0) width 295: "Acceptance Test Case"
          RenderBR {BR} at (295,29) size 0x0
          RenderText {#text} at (0,37) size 475x36
            text run at (0,37) width 475: "Web Browser: Web View (HTML)"
      RenderBlock {P} at (0,95) size 769x28
        RenderInline {FONT} at (0,0) size 353x27 [color=#FF0000]
          RenderInline {B} at (0,0) size 353x26
            RenderText {#text} at (0,0) size 353x26
              text run at (0,0) width 353: "Table: <TH> & <TD> ROWSPAN"
        RenderText {#text} at (0,0) size 0x0
      RenderBlock {HR} at (0,138) size 769x3 [border: (1px inset #000000)]
      RenderBlock (anonymous) at (0,148) size 769x61
        RenderText {#text} at (0,0) size 262x19
          text run at (0,0) width 262: "This acceptance test case tests the optional "
        RenderInline {B} at (0,0) size 40x19
          RenderText {#text} at (262,0) size 40x19
            text run at (262,0) width 40: "<TH>"
        RenderText {#text} at (302,0) size 20x19
          text run at (302,0) width 20: " & "
        RenderInline {B} at (0,0) size 40x19
          RenderText {#text} at (322,0) size 40x19
            text run at (322,0) width 40: "<TD>"
        RenderText {#text} at (362,0) size 26x19
          text run at (362,0) width 26: " tag "
        RenderInline {B} at (0,0) size 80x19
          RenderText {#text} at (388,0) size 80x19
            text run at (388,0) width 80: "ROWSPAN"
        RenderText {#text} at (468,0) size 764x39
          text run at (468,0) width 100: " attribute which, "
          text run at (568,0) width 196: "when placed in a table header or"
          text run at (0,20) width 469: "data tag, specifies how many rows the table header or data cell will span. The "
        RenderInline {B} at (0,0) size 80x19
          RenderText {#text} at (469,20) size 80x19
            text run at (469,20) width 80: "ROWSPAN"
        RenderText {#text} at (549,20) size 749x39
          text run at (549,20) width 200: " attribute is set to an integer value"
          text run at (0,40) width 366: "equal the number of rows the table header or data cell spans."
      RenderBlock {P} at (0,224) size 769x21
        RenderInline {B} at (0,0) size 118x19
          RenderText {#text} at (0,0) size 118x19
            text run at (0,0) width 118: "Test Instructions:"
        RenderText {#text} at (0,0) size 0x0
      RenderBlock {OL} at (0,260) size 769x263
        RenderListItem {LI} at (40,0) size 729x20
          RenderListMarker at (-21,0) size 16x19: "1"
          RenderText {#text} at (0,0) size 473x19
            text run at (0,0) width 473: "Verify that the sample text displays as stated in each of the following test cases:"
        RenderBlock {P} at (40,36) size 729x110
          RenderTable {TABLE} at (0,0) size 516x110 [bgcolor=#F08080]
            RenderTableSection {TBODY} at (0,0) size 516x110
              RenderTableRow {TR} at (0,2) size 516x34
                RenderTableCell {TD} at (2,2) size 95x34 [r=0 c=0 rs=1 cs=1]
                  RenderInline {A} at (0,0) size 81x19 [color=#0000EE]
                    RenderText {#text} at (7,7) size 81x19
                      text run at (7,7) width 81: "Test Case #1"
                RenderTableCell {TD} at (99,2) size 415x34 [r=0 c=1 rs=1 cs=1]
                  RenderInline {FONT} at (0,0) size 303x19 [color=#0000FF]
                    RenderInline {B} at (0,0) size 303x19
                      RenderText {#text} at (7,7) size 303x19
                        text run at (7,7) width 303: "table with header cells spanning multiple rows"
              RenderTableRow {TR} at (0,38) size 516x34
                RenderTableCell {TD} at (2,38) size 95x34 [r=1 c=0 rs=1 cs=1]
                  RenderInline {A} at (0,0) size 81x19 [color=#0000EE]
                    RenderText {#text} at (7,7) size 81x19
                      text run at (7,7) width 81: "Test Case #2"
                RenderTableCell {TD} at (99,38) size 415x34 [r=1 c=1 rs=1 cs=1]
                  RenderInline {FONT} at (0,0) size 286x19 [color=#0000FF]
                    RenderInline {B} at (0,0) size 286x19
                      RenderText {#text} at (7,7) size 286x19
                        text run at (7,7) width 286: "table with data cells spanning multiple rows"
              RenderTableRow {TR} at (0,74) size 516x34
                RenderTableCell {TD} at (2,74) size 95x34 [r=2 c=0 rs=1 cs=1]
                  RenderInline {A} at (0,0) size 81x19 [color=#0000EE]
                    RenderText {#text} at (7,7) size 81x19
                      text run at (7,7) width 81: "Test Case #3"
                RenderTableCell {TD} at (99,74) size 415x34 [r=2 c=1 rs=1 cs=1]
                  RenderInline {FONT} at (0,0) size 401x19 [color=#0000FF]
                    RenderInline {B} at (0,0) size 401x19
                      RenderText {#text} at (7,7) size 401x19
                        text run at (7,7) width 401: "table with nested header & data cells spanning multiple rows"
        RenderBlock {P} at (40,162) size 729x0
        RenderListItem {LI} at (40,162) size 729x20
          RenderListMarker at (-21,0) size 16x19: "2"
          RenderText {#text} at (0,0) size 265x19
            text run at (0,0) width 265: "Verify that the table is maintained when you "
          RenderInline {B} at (0,0) size 124x19
            RenderText {#text} at (265,0) size 124x19
              text run at (265,0) width 124: "minimize/maximize"
          RenderText {#text} at (389,0) size 69x19
            text run at (389,0) width 69: " the screen."
        RenderListItem {LI} at (40,182) size 729x20
          RenderListMarker at (-21,0) size 16x19: "3"
          RenderText {#text} at (0,0) size 265x19
            text run at (0,0) width 265: "Verify that the table is maintained when you "
          RenderInline {B} at (0,0) size 122x19
            RenderText {#text} at (265,0) size 122x19
              text run at (265,0) width 122: "re-size left & right"
          RenderText {#text} at (387,0) size 69x19
            text run at (387,0) width 69: " the screen."
        RenderListItem {LI} at (40,202) size 729x20
          RenderListMarker at (-21,0) size 16x19: "4"
          RenderText {#text} at (0,0) size 265x19
            text run at (0,0) width 265: "Verify that the table is maintained when you "
          RenderInline {B} at (0,0) size 136x19
            RenderText {#text} at (265,0) size 136x19
              text run at (265,0) width 136: "re-size top & bottom"
          RenderText {#text} at (401,0) size 69x19
            text run at (401,0) width 69: " the screen."
        RenderListItem {LI} at (40,222) size 729x20
          RenderListMarker at (-21,0) size 16x19: "5"
          RenderText {#text} at (0,0) size 388x19
            text run at (0,0) width 388: "Verify re-draw takes place correctly after maximizing the screen."
        RenderListItem {LI} at (40,242) size 729x20
          RenderListMarker at (-21,0) size 16x19: "6"
          RenderText {#text} at (0,0) size 125x19
            text run at (0,0) width 125: "Verify reload works."
      RenderBlock {HR} at (0,538) size 769x3 [border: (1px inset #000000)]
      RenderBlock {P} at (0,556) size 769x66
        RenderTable {TABLE} at (0,0) size 653x65 [bgcolor=#F08080] [border: (1px outset #808080)]
          RenderTableSection {TBODY} at (1,1) size 651x63
            RenderTableRow {TR} at (0,2) size 651x59
              RenderTableCell {TH} at (2,2) size 647x59 [border: (1px inset #808080)] [r=0 c=0 rs=1 cs=1]
                RenderInline {A} at (0,0) size 0x0
                RenderText {#text} at (11,11) size 97x19
                  text run at (11,11) width 97: "Test Case #1: "
                RenderInline {FONT} at (0,0) size 303x19 [color=#0000FF]
                  RenderText {#text} at (108,11) size 303x19
                    text run at (108,11) width 303: "table with header cells spanning multiple rows"
                RenderText {#text} at (411,11) size 4x19
                  text run at (411,11) width 4: " "
                RenderInline {FONT} at (0,0) size 618x32
                  RenderInline {I} at (0,0) size 618x33
                    RenderText {#text} at (415,14) size 618x33
                      text run at (415,14) width 214: "(using <TH ROWSPAN=integer value>"
                      text run at (11,31) width 22: "tag)"
                RenderText {#text} at (0,0) size 0x0
      RenderBlock {P} at (0,637) size 769x129
        RenderBlock (anonymous) at (0,0) size 769x20
          RenderBR {BR} at (0,0) size 0x19
        RenderTable {TABLE} at (0,20) size 692x108 [bgcolor=#FFD700] [border: (1px outset #808080)]
          RenderTableSection {TBODY} at (1,1) size 690x106
            RenderTableRow {TR} at (0,2) size 690x102
              RenderTableCell {TD} at (2,2) size 686x102 [border: (1px inset #808080)] [r=0 c=0 rs=1 cs=1]
                RenderInline {FONT} at (0,0) size 659x79 [color=#FF0000]
                  RenderInline {B} at (0,0) size 659x79
                    RenderText {#text} at (11,11) size 351x19
                      text run at (11,11) width 351: "In the following sample table you should see that the "
                    RenderInline {FONT} at (0,0) size 80x19 [color=#0000FF]
                      RenderText {#text} at (362,11) size 80x19
                        text run at (362,11) width 80: "ROWSPAN"
                    RenderText {#text} at (442,11) size 654x39
                      text run at (442,11) width 4: " "
                      text run at (446,11) width 219: "attribute applies an integer value"
                      text run at (11,31) width 213: "equal to the number of rows the "
                    RenderInline {FONT} at (0,0) size 67x19 [color=#0000FF]
                      RenderText {#text} at (224,31) size 67x19
                        text run at (224,31) width 67: "HEADER"
                    RenderText {#text} at (291,31) size 659x59
                      text run at (291,31) width 135: " cell is to span. This "
                      text run at (426,31) width 230: "tells the browser to make the table"
                      text run at (11,51) width 601: "header cell occupy the same vertical space as the integer number of cells specified in rows "
                      text run at (612,51) width 58: "above or"
                      text run at (11,71) width 637: "below it. The browser flows the contents of the spanning cell to occupy the entire spanned space."
      RenderBlock {P} at (0,781) size 769x41
        RenderBR {BR} at (0,0) size 0x19
        RenderBR {BR} at (0,20) size 0x19
      RenderBlock {UL} at (0,837) size 769x285
        RenderTable {TABLE} at (40,0) size 473x284 [border: (1px outset #808080)]
          RenderBlock {CAPTION} at (0,0) size 473x20
            RenderText {#text} at (103,0) size 39x19
              text run at (103,0) width 39: "Table "
            RenderInline {B} at (0,0) size 89x19
              RenderText {#text} at (141,0) size 89x19
                text run at (141,0) width 89: "Header Cells"
            RenderText {#text} at (229,0) size 141x19
              text run at (229,0) width 141: " spanning multiple rows"
          RenderTableSection {TBODY} at (1,21) size 471x262
            RenderTableRow {TR} at (0,2) size 471x24
              RenderTableCell {TH} at (2,5) size 99x44 [bgcolor=#FFE4C4] [border: (1px inset #808080)] [r=0 c=0 rs=2 cs=1]
                RenderText {#text} at (18,2) size 63x19
                  text run at (18,2) width 63: "Header 1"
                RenderBR {BR} at (80,17) size 1x0
                RenderText {#text} at (8,22) size 83x19
                  text run at (8,22) width 83: "span=2 rows"
              RenderTableCell {TD} at (103,2) size 38x24 [bgcolor=#EE82EE] [border: (1px inset #808080)] [r=0 c=1 rs=1 cs=1]
                RenderText {#text} at (2,2) size 30x19
                  text run at (2,2) width 30: "col 1"
              RenderTableCell {TD} at (143,2) size 39x24 [bgcolor=#EE82EE] [border: (1px inset #808080)] [r=0 c=2 rs=1 cs=1]
                RenderText {#text} at (2,2) size 30x19
                  text run at (2,2) width 30: "col 2"
              RenderTableCell {TD} at (184,2) size 39x24 [bgcolor=#EE82EE] [border: (1px inset #808080)] [r=0 c=3 rs=1 cs=1]
                RenderText {#text} at (2,2) size 30x19
                  text run at (2,2) width 30: "col 3"
              RenderTableCell {TD} at (225,2) size 39x24 [bgcolor=#EE82EE] [border: (1px inset #808080)] [r=0 c=4 rs=1 cs=1]
                RenderText {#text} at (2,2) size 30x19
                  text run at (2,2) width 30: "col 4"
              RenderTableCell {TD} at (266,2) size 39x24 [bgcolor=#EE82EE] [border: (1px inset #808080)] [r=0 c=5 rs=1 cs=1]
                RenderText {#text} at (2,2) size 30x19
                  text run at (2,2) width 30: "col 5"
              RenderTableCell {TD} at (307,2) size 39x24 [bgcolor=#EE82EE] [border: (1px inset #808080)] [r=0 c=6 rs=1 cs=1]
                RenderText {#text} at (2,2) size 30x19
                  text run at (2,2) width 30: "col 6"
              RenderTableCell {TD} at (348,2) size 39x24 [bgcolor=#EE82EE] [border: (1px inset #808080)] [r=0 c=7 rs=1 cs=1]
                RenderText {#text} at (2,2) size 30x19
                  text run at (2,2) width 30: "col 7"
              RenderTableCell {TD} at (389,2) size 39x24 [bgcolor=#EE82EE] [border: (1px inset #808080)] [r=0 c=8 rs=1 cs=1]
                RenderText {#text} at (2,2) size 30x19
                  text run at (2,2) width 30: "col 8"
              RenderTableCell {TD} at (430,2) size 39x24 [bgcolor=#EE82EE] [border: (1px inset #808080)] [r=0 c=9 rs=1 cs=1]
                RenderText {#text} at (2,2) size 30x19
                  text run at (2,2) width 30: "col 9"
            RenderTableRow {TR} at (0,28) size 471x24
              RenderTableCell {TD} at (103,28) size 38x24 [bgcolor=#EE82EE] [border: (1px inset #808080)] [r=1 c=1 rs=1 cs=1]
                RenderText {#text} at (2,2) size 30x19
                  text run at (2,2) width 30: "col 1"
              RenderTableCell {TD} at (143,28) size 39x24 [bgcolor=#EE82EE] [border: (1px inset #808080)] [r=1 c=2 rs=1 cs=1]
                RenderText {#text} at (2,2) size 30x19
                  text run at (2,2) width 30: "col 2"
              RenderTableCell {TD} at (184,28) size 39x24 [bgcolor=#EE82EE] [border: (1px inset #808080)] [r=1 c=3 rs=1 cs=1]
                RenderText {#text} at (2,2) size 30x19
                  text run at (2,2) width 30: "col 3"
              RenderTableCell {TD} at (225,28) size 39x24 [bgcolor=#EE82EE] [border: (1px inset #808080)] [r=1 c=4 rs=1 cs=1]
                RenderText {#text} at (2,2) size 30x19
                  text run at (2,2) width 30: "col 4"
              RenderTableCell {TD} at (266,28) size 39x24 [bgcolor=#EE82EE] [border: (1px inset #808080)] [r=1 c=5 rs=1 cs=1]
                RenderText {#text} at (2,2) size 30x19
                  text run at (2,2) width 30: "col 5"
              RenderTableCell {TD} at (307,28) size 39x24 [bgcolor=#EE82EE] [border: (1px inset #808080)] [r=1 c=6 rs=1 cs=1]
                RenderText {#text} at (2,2) size 30x19
                  text run at (2,2) width 30: "col 6"
              RenderTableCell {TD} at (348,28) size 39x24 [bgcolor=#EE82EE] [border: (1px inset #808080)] [r=1 c=7 rs=1 cs=1]
                RenderText {#text} at (2,2) size 30x19
                  text run at (2,2) width 30: "col 7"
              RenderTableCell {TD} at (389,28) size 39x24 [bgcolor=#EE82EE] [border: (1px inset #808080)] [r=1 c=8 rs=1 cs=1]
                RenderText {#text} at (2,2) size 30x19
                  text run at (2,2) width 30: "col 8"
              RenderTableCell {TD} at (430,28) size 39x24 [bgcolor=#EE82EE] [border: (1px inset #808080)] [r=1 c=9 rs=1 cs=1]
                RenderText {#text} at (2,2) size 30x19
                  text run at (2,2) width 30: "col 9"
            RenderTableRow {TR} at (0,54) size 471x24
              RenderTableCell {TH} at (2,96) size 99x44 [bgcolor=#FFE4C4] [border: (1px inset #808080)] [r=2 c=0 rs=5 cs=1]
                RenderText {#text} at (18,2) size 63x19
                  text run at (18,2) width 63: "Header 2"
                RenderBR {BR} at (80,17) size 1x0
                RenderText {#text} at (8,22) size 83x19
                  text run at (8,22) width 83: "span=5 rows"
              RenderTableCell {TD} at (103,54) size 38x24 [bgcolor=#90EE90] [border: (1px inset #808080)] [r=2 c=1 rs=1 cs=1]
                RenderText {#text} at (2,2) size 30x19
                  text run at (2,2) width 30: "col 1"
              RenderTableCell {TD} at (143,54) size 39x24 [bgcolor=#90EE90] [border: (1px inset #808080)] [r=2 c=2 rs=1 cs=1]
                RenderText {#text} at (2,2) size 30x19
                  text run at (2,2) width 30: "col 2"
              RenderTableCell {TD} at (184,54) size 39x24 [bgcolor=#90EE90] [border: (1px inset #808080)] [r=2 c=3 rs=1 cs=1]
                RenderText {#text} at (2,2) size 30x19
                  text run at (2,2) width 30: "col 3"
              RenderTableCell {TD} at (225,54) size 39x24 [bgcolor=#90EE90] [border: (1px inset #808080)] [r=2 c=4 rs=1 cs=1]
                RenderText {#text} at (2,2) size 30x19
                  text run at (2,2) width 30: "col 4"
              RenderTableCell {TD} at (266,54) size 39x24 [bgcolor=#90EE90] [border: (1px inset #808080)] [r=2 c=5 rs=1 cs=1]
                RenderText {#text} at (2,2) size 30x19
                  text run at (2,2) width 30: "col 5"
              RenderTableCell {TD} at (307,54) size 39x24 [bgcolor=#90EE90] [border: (1px inset #808080)] [r=2 c=6 rs=1 cs=1]
                RenderText {#text} at (2,2) size 30x19
                  text run at (2,2) width 30: "col 6"
              RenderTableCell {TD} at (348,54) size 39x24 [bgcolor=#90EE90] [border: (1px inset #808080)] [r=2 c=7 rs=1 cs=1]
                RenderText {#text} at (2,2) size 30x19
                  text run at (2,2) width 30: "col 7"
              RenderTableCell {TD} at (389,54) size 39x24 [bgcolor=#90EE90] [border: (1px inset #808080)] [r=2 c=8 rs=1 cs=1]
                RenderText {#text} at (2,2) size 30x19
                  text run at (2,2) width 30: "col 8"
              RenderTableCell {TD} at (430,54) size 39x24 [bgcolor=#90EE90] [border: (1px inset #808080)] [r=2 c=9 rs=1 cs=1]
                RenderText {#text} at (2,2) size 30x19
                  text run at (2,2) width 30: "col 9"
            RenderTableRow {TR} at (0,80) size 471x24
              RenderTableCell {TD} at (103,80) size 38x24 [bgcolor=#90EE90] [border: (1px inset #808080)] [r=3 c=1 rs=1 cs=1]
                RenderText {#text} at (2,2) size 30x19
                  text run at (2,2) width 30: "col 1"
              RenderTableCell {TD} at (143,80) size 39x24 [bgcolor=#90EE90] [border: (1px inset #808080)] [r=3 c=2 rs=1 cs=1]
                RenderText {#text} at (2,2) size 30x19
                  text run at (2,2) width 30: "col 2"
              RenderTableCell {TD} at (184,80) size 39x24 [bgcolor=#90EE90] [border: (1px inset #808080)] [r=3 c=3 rs=1 cs=1]
                RenderText {#text} at (2,2) size 30x19
                  text run at (2,2) width 30: "col 3"
              RenderTableCell {TD} at (225,80) size 39x24 [bgcolor=#90EE90] [border: (1px inset #808080)] [r=3 c=4 rs=1 cs=1]
                RenderText {#text} at (2,2) size 30x19
                  text run at (2,2) width 30: "col 4"
              RenderTableCell {TD} at (266,80) size 39x24 [bgcolor=#90EE90] [border: (1px inset #808080)] [r=3 c=5 rs=1 cs=1]
                RenderText {#text} at (2,2) size 30x19
                  text run at (2,2) width 30: "col 5"
              RenderTableCell {TD} at (307,80) size 39x24 [bgcolor=#90EE90] [border: (1px inset #808080)] [r=3 c=6 rs=1 cs=1]
                RenderText {#text} at (2,2) size 30x19
                  text run at (2,2) width 30: "col 6"
              RenderTableCell {TD} at (348,80) size 39x24 [bgcolor=#90EE90] [border: (1px inset #808080)] [r=3 c=7 rs=1 cs=1]
                RenderText {#text} at (2,2) size 30x19
                  text run at (2,2) width 30: "col 7"
              RenderTableCell {TD} at (389,80) size 39x24 [bgcolor=#90EE90] [border: (1px inset #808080)] [r=3 c=8 rs=1 cs=1]
                RenderText {#text} at (2,2) size 30x19
                  text run at (2,2) width 30: "col 8"
              RenderTableCell {TD} at (430,80) size 39x24 [bgcolor=#90EE90] [border: (1px inset #808080)] [r=3 c=9 rs=1 cs=1]
                RenderText {#text} at (2,2) size 30x19
                  text run at (2,2) width 30: "col 9"
            RenderTableRow {TR} at (0,106) size 471x24 [bgcolor=#FFE4C4]
              RenderTableCell {TD} at (103,106) size 38x24 [bgcolor=#90EE90] [border: (1px inset #808080)] [r=4 c=1 rs=1 cs=1]
                RenderText {#text} at (2,2) size 30x19
                  text run at (2,2) width 30: "col 1"
              RenderTableCell {TD} at (143,106) size 39x24 [bgcolor=#90EE90] [border: (1px inset #808080)] [r=4 c=2 rs=1 cs=1]
                RenderText {#text} at (2,2) size 30x19
                  text run at (2,2) width 30: "col 2"
              RenderTableCell {TD} at (184,106) size 39x24 [bgcolor=#90EE90] [border: (1px inset #808080)] [r=4 c=3 rs=1 cs=1]
                RenderText {#text} at (2,2) size 30x19
                  text run at (2,2) width 30: "col 3"
              RenderTableCell {TD} at (225,106) size 39x24 [bgcolor=#90EE90] [border: (1px inset #808080)] [r=4 c=4 rs=1 cs=1]
                RenderText {#text} at (2,2) size 30x19
                  text run at (2,2) width 30: "col 4"
              RenderTableCell {TD} at (266,106) size 39x24 [bgcolor=#90EE90] [border: (1px inset #808080)] [r=4 c=5 rs=1 cs=1]
                RenderText {#text} at (2,2) size 30x19
                  text run at (2,2) width 30: "col 5"
              RenderTableCell {TD} at (307,106) size 39x24 [bgcolor=#90EE90] [border: (1px inset #808080)] [r=4 c=6 rs=1 cs=1]
                RenderText {#text} at (2,2) size 30x19
                  text run at (2,2) width 30: "col 6"
              RenderTableCell {TD} at (348,106) size 39x24 [bgcolor=#90EE90] [border: (1px inset #808080)] [r=4 c=7 rs=1 cs=1]
                RenderText {#text} at (2,2) size 30x19
                  text run at (2,2) width 30: "col 7"
              RenderTableCell {TD} at (389,106) size 39x24 [bgcolor=#90EE90] [border: (1px inset #808080)] [r=4 c=8 rs=1 cs=1]
                RenderText {#text} at (2,2) size 30x19
                  text run at (2,2) width 30: "col 8"
              RenderTableCell {TD} at (430,106) size 39x24 [bgcolor=#90EE90] [border: (1px inset #808080)] [r=4 c=9 rs=1 cs=1]
                RenderText {#text} at (2,2) size 30x19
                  text run at (2,2) width 30: "col 9"
            RenderTableRow {TR} at (0,132) size 471x24
              RenderTableCell {TD} at (103,132) size 38x24 [bgcolor=#90EE90] [border: (1px inset #808080)] [r=5 c=1 rs=1 cs=1]
                RenderText {#text} at (2,2) size 30x19
                  text run at (2,2) width 30: "col 1"
              RenderTableCell {TD} at (143,132) size 39x24 [bgcolor=#90EE90] [border: (1px inset #808080)] [r=5 c=2 rs=1 cs=1]
                RenderText {#text} at (2,2) size 30x19
                  text run at (2,2) width 30: "col 2"
              RenderTableCell {TD} at (184,132) size 39x24 [bgcolor=#90EE90] [border: (1px inset #808080)] [r=5 c=3 rs=1 cs=1]
                RenderText {#text} at (2,2) size 30x19
                  text run at (2,2) width 30: "col 3"
              RenderTableCell {TD} at (225,132) size 39x24 [bgcolor=#90EE90] [border: (1px inset #808080)] [r=5 c=4 rs=1 cs=1]
                RenderText {#text} at (2,2) size 30x19
                  text run at (2,2) width 30: "col 4"
              RenderTableCell {TD} at (266,132) size 39x24 [bgcolor=#90EE90] [border: (1px inset #808080)] [r=5 c=5 rs=1 cs=1]
                RenderText {#text} at (2,2) size 30x19
                  text run at (2,2) width 30: "col 5"
              RenderTableCell {TD} at (307,132) size 39x24 [bgcolor=#90EE90] [border: (1px inset #808080)] [r=5 c=6 rs=1 cs=1]
                RenderText {#text} at (2,2) size 30x19
                  text run at (2,2) width 30: "col 6"
              RenderTableCell {TD} at (348,132) size 39x24 [bgcolor=#90EE90] [border: (1px inset #808080)] [r=5 c=7 rs=1 cs=1]
                RenderText {#text} at (2,2) size 30x19
                  text run at (2,2) width 30: "col 7"
              RenderTableCell {TD} at (389,132) size 39x24 [bgcolor=#90EE90] [border: (1px inset #808080)] [r=5 c=8 rs=1 cs=1]
                RenderText {#text} at (2,2) size 30x19
                  text run at (2,2) width 30: "col 8"
              RenderTableCell {TD} at (430,132) size 39x24 [bgcolor=#90EE90] [border: (1px inset #808080)] [r=5 c=9 rs=1 cs=1]
                RenderText {#text} at (2,2) size 30x19
                  text run at (2,2) width 30: "col 9"
            RenderTableRow {TR} at (0,158) size 471x24
              RenderTableCell {TD} at (103,158) size 38x24 [bgcolor=#90EE90] [border: (1px inset #808080)] [r=6 c=1 rs=1 cs=1]
                RenderText {#text} at (2,2) size 30x19
                  text run at (2,2) width 30: "col 1"
              RenderTableCell {TD} at (143,158) size 39x24 [bgcolor=#90EE90] [border: (1px inset #808080)] [r=6 c=2 rs=1 cs=1]
                RenderText {#text} at (2,2) size 30x19
                  text run at (2,2) width 30: "col 2"
              RenderTableCell {TD} at (184,158) size 39x24 [bgcolor=#90EE90] [border: (1px inset #808080)] [r=6 c=3 rs=1 cs=1]
                RenderText {#text} at (2,2) size 30x19
                  text run at (2,2) width 30: "col 3"
              RenderTableCell {TD} at (225,158) size 39x24 [bgcolor=#90EE90] [border: (1px inset #808080)] [r=6 c=4 rs=1 cs=1]
                RenderText {#text} at (2,2) size 30x19
                  text run at (2,2) width 30: "col 4"
              RenderTableCell {TD} at (266,158) size 39x24 [bgcolor=#90EE90] [border: (1px inset #808080)] [r=6 c=5 rs=1 cs=1]
                RenderText {#text} at (2,2) size 30x19
                  text run at (2,2) width 30: "col 5"
              RenderTableCell {TD} at (307,158) size 39x24 [bgcolor=#90EE90] [border: (1px inset #808080)] [r=6 c=6 rs=1 cs=1]
                RenderText {#text} at (2,2) size 30x19
                  text run at (2,2) width 30: "col 6"
              RenderTableCell {TD} at (348,158) size 39x24 [bgcolor=#90EE90] [border: (1px inset #808080)] [r=6 c=7 rs=1 cs=1]
                RenderText {#text} at (2,2) size 30x19
                  text run at (2,2) width 30: "col 7"
              RenderTableCell {TD} at (389,158) size 39x24 [bgcolor=#90EE90] [border: (1px inset #808080)] [r=6 c=8 rs=1 cs=1]
                RenderText {#text} at (2,2) size 30x19
                  text run at (2,2) width 30: "col 8"
              RenderTableCell {TD} at (430,158) size 39x24 [bgcolor=#90EE90] [border: (1px inset #808080)] [r=6 c=9 rs=1 cs=1]
                RenderText {#text} at (2,2) size 30x19
                  text run at (2,2) width 30: "col 9"
            RenderTableRow {TR} at (0,184) size 471x24
              RenderTableCell {TH} at (2,200) size 99x44 [bgcolor=#FFE4C4] [border: (1px inset #808080)] [r=7 c=0 rs=3 cs=1]
                RenderText {#text} at (18,2) size 63x19
                  text run at (18,2) width 63: "Header 3"
                RenderBR {BR} at (80,17) size 1x0
                RenderText {#text} at (8,22) size 83x19
                  text run at (8,22) width 83: "span=3 rows"
              RenderTableCell {TD} at (103,184) size 38x24 [bgcolor=#ADD8E6] [border: (1px inset #808080)] [r=7 c=1 rs=1 cs=1]
                RenderText {#text} at (2,2) size 30x19
                  text run at (2,2) width 30: "col 1"
              RenderTableCell {TD} at (143,184) size 39x24 [bgcolor=#ADD8E6] [border: (1px inset #808080)] [r=7 c=2 rs=1 cs=1]
                RenderText {#text} at (2,2) size 30x19
                  text run at (2,2) width 30: "col 2"
              RenderTableCell {TD} at (184,184) size 39x24 [bgcolor=#ADD8E6] [border: (1px inset #808080)] [r=7 c=3 rs=1 cs=1]
                RenderText {#text} at (2,2) size 30x19
                  text run at (2,2) width 30: "col 3"
              RenderTableCell {TD} at (225,184) size 39x24 [bgcolor=#ADD8E6] [border: (1px inset #808080)] [r=7 c=4 rs=1 cs=1]
                RenderText {#text} at (2,2) size 30x19
                  text run at (2,2) width 30: "col 4"
              RenderTableCell {TD} at (266,184) size 39x24 [bgcolor=#ADD8E6] [border: (1px inset #808080)] [r=7 c=5 rs=1 cs=1]
                RenderText {#text} at (2,2) size 30x19
                  text run at (2,2) width 30: "col 5"
              RenderTableCell {TD} at (307,184) size 39x24 [bgcolor=#ADD8E6] [border: (1px inset #808080)] [r=7 c=6 rs=1 cs=1]
                RenderText {#text} at (2,2) size 30x19
                  text run at (2,2) width 30: "col 6"
              RenderTableCell {TD} at (348,184) size 39x24 [bgcolor=#ADD8E6] [border: (1px inset #808080)] [r=7 c=7 rs=1 cs=1]
                RenderText {#text} at (2,2) size 30x19
                  text run at (2,2) width 30: "col 7"
              RenderTableCell {TD} at (389,184) size 39x24 [bgcolor=#ADD8E6] [border: (1px inset #808080)] [r=7 c=8 rs=1 cs=1]
                RenderText {#text} at (2,2) size 30x19
                  text run at (2,2) width 30: "col 8"
              RenderTableCell {TD} at (430,184) size 39x24 [bgcolor=#ADD8E6] [border: (1px inset #808080)] [r=7 c=9 rs=1 cs=1]
                RenderText {#text} at (2,2) size 30x19
                  text run at (2,2) width 30: "col 9"
            RenderTableRow {TR} at (0,210) size 471x24
              RenderTableCell {TD} at (103,210) size 38x24 [bgcolor=#ADD8E6] [border: (1px inset #808080)] [r=8 c=1 rs=1 cs=1]
                RenderText {#text} at (2,2) size 30x19
                  text run at (2,2) width 30: "col 1"
              RenderTableCell {TD} at (143,210) size 39x24 [bgcolor=#ADD8E6] [border: (1px inset #808080)] [r=8 c=2 rs=1 cs=1]
                RenderText {#text} at (2,2) size 30x19
                  text run at (2,2) width 30: "col 2"
              RenderTableCell {TD} at (184,210) size 39x24 [bgcolor=#ADD8E6] [border: (1px inset #808080)] [r=8 c=3 rs=1 cs=1]
                RenderText {#text} at (2,2) size 30x19
                  text run at (2,2) width 30: "col 3"
              RenderTableCell {TD} at (225,210) size 39x24 [bgcolor=#ADD8E6] [border: (1px inset #808080)] [r=8 c=4 rs=1 cs=1]
                RenderText {#text} at (2,2) size 30x19
                  text run at (2,2) width 30: "col 4"
              RenderTableCell {TD} at (266,210) size 39x24 [bgcolor=#ADD8E6] [border: (1px inset #808080)] [r=8 c=5 rs=1 cs=1]
                RenderText {#text} at (2,2) size 30x19
                  text run at (2,2) width 30: "col 5"
              RenderTableCell {TD} at (307,210) size 39x24 [bgcolor=#ADD8E6] [border: (1px inset #808080)] [r=8 c=6 rs=1 cs=1]
                RenderText {#text} at (2,2) size 30x19
                  text run at (2,2) width 30: "col 6"
              RenderTableCell {TD} at (348,210) size 39x24 [bgcolor=#ADD8E6] [border: (1px inset #808080)] [r=8 c=7 rs=1 cs=1]
                RenderText {#text} at (2,2) size 30x19
                  text run at (2,2) width 30: "col 7"
              RenderTableCell {TD} at (389,210) size 39x24 [bgcolor=#ADD8E6] [border: (1px inset #808080)] [r=8 c=8 rs=1 cs=1]
                RenderText {#text} at (2,2) size 30x19
                  text run at (2,2) width 30: "col 8"
              RenderTableCell {TD} at (430,210) size 39x24 [bgcolor=#ADD8E6] [border: (1px inset #808080)] [r=8 c=9 rs=1 cs=1]
                RenderText {#text} at (2,2) size 30x19
                  text run at (2,2) width 30: "col 9"
            RenderTableRow {TR} at (0,236) size 471x24
              RenderTableCell {TD} at (103,236) size 38x24 [bgcolor=#ADD8E6] [border: (1px inset #808080)] [r=9 c=1 rs=1 cs=1]
                RenderText {#text} at (2,2) size 30x19
                  text run at (2,2) width 30: "col 1"
              RenderTableCell {TD} at (143,236) size 39x24 [bgcolor=#ADD8E6] [border: (1px inset #808080)] [r=9 c=2 rs=1 cs=1]
                RenderText {#text} at (2,2) size 30x19
                  text run at (2,2) width 30: "col 2"
              RenderTableCell {TD} at (184,236) size 39x24 [bgcolor=#ADD8E6] [border: (1px inset #808080)] [r=9 c=3 rs=1 cs=1]
                RenderText {#text} at (2,2) size 30x19
                  text run at (2,2) width 30: "col 3"
              RenderTableCell {TD} at (225,236) size 39x24 [bgcolor=#ADD8E6] [border: (1px inset #808080)] [r=9 c=4 rs=1 cs=1]
                RenderText {#text} at (2,2) size 30x19
                  text run at (2,2) width 30: "col 4"
              RenderTableCell {TD} at (266,236) size 39x24 [bgcolor=#ADD8E6] [border: (1px inset #808080)] [r=9 c=5 rs=1 cs=1]
                RenderText {#text} at (2,2) size 30x19
                  text run at (2,2) width 30: "col 5"
              RenderTableCell {TD} at (307,236) size 39x24 [bgcolor=#ADD8E6] [border: (1px inset #808080)] [r=9 c=6 rs=1 cs=1]
                RenderText {#text} at (2,2) size 30x19
                  text run at (2,2) width 30: "col 6"
              RenderTableCell {TD} at (348,236) size 39x24 [bgcolor=#ADD8E6] [border: (1px inset #808080)] [r=9 c=7 rs=1 cs=1]
                RenderText {#text} at (2,2) size 30x19
                  text run at (2,2) width 30: "col 7"
              RenderTableCell {TD} at (389,236) size 39x24 [bgcolor=#ADD8E6] [border: (1px inset #808080)] [r=9 c=8 rs=1 cs=1]
                RenderText {#text} at (2,2) size 30x19
                  text run at (2,2) width 30: "col 8"
              RenderTableCell {TD} at (430,236) size 39x24 [bgcolor=#ADD8E6] [border: (1px inset #808080)] [r=9 c=9 rs=1 cs=1]
                RenderText {#text} at (2,2) size 30x19
                  text run at (2,2) width 30: "col 9"
      RenderBlock {P} at (0,1137) size 769x1
      RenderBlock {HR} at (0,1137) size 769x3 [border: (1px inset #000000)]
      RenderBlock {P} at (0,1155) size 769x49
        RenderTable {TABLE} at (0,0) size 653x48 [bgcolor=#F08080] [border: (1px outset #808080)]
          RenderTableSection {TBODY} at (1,1) size 651x46
            RenderTableRow {TR} at (0,2) size 651x42
              RenderTableCell {TH} at (2,2) size 647x42 [border: (1px inset #808080)] [r=0 c=0 rs=1 cs=1]
                RenderInline {A} at (0,0) size 0x0
                RenderText {#text} at (11,11) size 97x19
                  text run at (11,11) width 97: "Test Case #2: "
                RenderInline {FONT} at (0,0) size 286x19 [color=#0000FF]
                  RenderText {#text} at (108,11) size 286x19
                    text run at (108,11) width 286: "table with data cells spanning multiple rows"
                RenderText {#text} at (394,11) size 4x19
                  text run at (394,11) width 4: " "
                RenderInline {FONT} at (0,0) size 238x15
                  RenderInline {I} at (0,0) size 238x16
                    RenderText {#text} at (398,14) size 238x16
                      text run at (398,14) width 238: "(using <TD ROWSPAN=integer value> tag)"
                RenderText {#text} at (0,0) size 0x0
      RenderBlock {P} at (0,1219) size 769x129
        RenderBlock (anonymous) at (0,0) size 769x20
          RenderBR {BR} at (0,0) size 0x19
        RenderTable {TABLE} at (0,20) size 692x108 [bgcolor=#FFD700] [border: (1px outset #808080)]
          RenderTableSection {TBODY} at (1,1) size 690x106
            RenderTableRow {TR} at (0,2) size 690x102
              RenderTableCell {TD} at (2,2) size 686x102 [border: (1px inset #808080)] [r=0 c=0 rs=1 cs=1]
                RenderInline {FONT} at (0,0) size 655x79 [color=#FF0000]
                  RenderInline {B} at (0,0) size 655x79
                    RenderText {#text} at (11,11) size 351x19
                      text run at (11,11) width 351: "In the following sample table you should see that the "
                    RenderInline {FONT} at (0,0) size 80x19 [color=#0000FF]
                      RenderText {#text} at (362,11) size 80x19
                        text run at (362,11) width 80: "ROWSPAN"
                    RenderText {#text} at (442,11) size 654x39
                      text run at (442,11) width 4: " "
                      text run at (446,11) width 219: "attribute applies an integer value"
                      text run at (11,31) width 213: "equal to the number of rows the "
                    RenderInline {FONT} at (0,0) size 44x19 [color=#0000FF]
                      RenderText {#text} at (224,31) size 44x19
                        text run at (224,31) width 44: "DATA"
                    RenderText {#text} at (268,31) size 655x59
                      text run at (268,31) width 135: " cell is to span. This "
                      text run at (403,31) width 263: "tells the browser to make the table data"
                      text run at (11,51) width 551: "cell occupy the same vertical space as the integer number of cells specified in rows "
                      text run at (562,51) width 100: "above or below"
                      text run at (11,71) width 595: "it. The browser flows the contents of the spanning cell to occupy the entire spanned space."
      RenderBlock {P} at (0,1363) size 769x41
        RenderBR {BR} at (0,0) size 0x19
        RenderBR {BR} at (0,20) size 0x19
      RenderBlock {UL} at (0,1419) size 769x285
        RenderTable {TABLE} at (40,0) size 473x284 [border: (1px outset #808080)]
          RenderBlock {CAPTION} at (0,0) size 473x20
            RenderText {#text} at (112,0) size 38x19
              text run at (112,0) width 38: "Table "
            RenderInline {B} at (0,0) size 71x19
              RenderText {#text} at (150,0) size 71x19
                text run at (150,0) width 71: "Data Cells"
            RenderText {#text} at (221,0) size 140x19
              text run at (221,0) width 140: " spanning multiple rows"
          RenderTableSection {TBODY} at (1,21) size 471x262
            RenderTableRow {TR} at (0,2) size 471x24
              RenderTableCell {TH} at (2,2) size 41x24 [bgcolor=#EE82EE] [border: (1px inset #808080)] [r=0 c=0 rs=1 cs=1]
                RenderText {#text} at (2,2) size 37x19
                  text run at (2,2) width 37: "Head"
              RenderTableCell {TD} at (45,5) size 86x44 [bgcolor=#FFFACD] [border: (1px inset #808080)] [r=0 c=1 rs=2 cs=1]
                RenderText {#text} at (2,2) size 41x19
                  text run at (2,2) width 41: "Data 1"
                RenderBR {BR} at (43,17) size 0x0
                RenderText {#text} at (2,22) size 79x19
                  text run at (2,22) width 79: "span=2 rows"
              RenderTableCell {TD} at (133,2) size 35x24 [bgcolor=#EE82EE] [border: (1px inset #808080)] [r=0 c=2 rs=1 cs=1]
                RenderText {#text} at (2,2) size 30x19
                  text run at (2,2) width 30: "col 1"
              RenderTableCell {TD} at (170,2) size 35x24 [bgcolor=#EE82EE] [border: (1px inset #808080)] [r=0 c=3 rs=1 cs=1]
                RenderText {#text} at (2,2) size 30x19
                  text run at (2,2) width 30: "col 2"
              RenderTableCell {TD} at (207,2) size 35x24 [bgcolor=#EE82EE] [border: (1px inset #808080)] [r=0 c=4 rs=1 cs=1]
                RenderText {#text} at (2,2) size 30x19
                  text run at (2,2) width 30: "col 3"
              RenderTableCell {TD} at (244,2) size 35x24 [bgcolor=#EE82EE] [border: (1px inset #808080)] [r=0 c=5 rs=1 cs=1]
                RenderText {#text} at (2,2) size 30x19
                  text run at (2,2) width 30: "col 4"
              RenderTableCell {TD} at (281,2) size 36x24 [bgcolor=#EE82EE] [border: (1px inset #808080)] [r=0 c=6 rs=1 cs=1]
                RenderText {#text} at (2,2) size 30x19
                  text run at (2,2) width 30: "col 5"
              RenderTableCell {TD} at (319,2) size 36x24 [bgcolor=#EE82EE] [border: (1px inset #808080)] [r=0 c=7 rs=1 cs=1]
                RenderText {#text} at (2,2) size 30x19
                  text run at (2,2) width 30: "col 6"
              RenderTableCell {TD} at (357,2) size 36x24 [bgcolor=#EE82EE] [border: (1px inset #808080)] [r=0 c=8 rs=1 cs=1]
                RenderText {#text} at (2,2) size 30x19
                  text run at (2,2) width 30: "col 7"
              RenderTableCell {TD} at (395,2) size 36x24 [bgcolor=#EE82EE] [border: (1px inset #808080)] [r=0 c=9 rs=1 cs=1]
                RenderText {#text} at (2,2) size 30x19
                  text run at (2,2) width 30: "col 8"
              RenderTableCell {TD} at (433,2) size 36x24 [bgcolor=#EE82EE] [border: (1px inset #808080)] [r=0 c=10 rs=1 cs=1]
                RenderText {#text} at (2,2) size 30x19
                  text run at (2,2) width 30: "col 9"
            RenderTableRow {TR} at (0,28) size 471x24
              RenderTableCell {TH} at (2,28) size 41x24 [bgcolor=#EE82EE] [border: (1px inset #808080)] [r=1 c=0 rs=1 cs=1]
                RenderText {#text} at (2,2) size 37x19
                  text run at (2,2) width 37: "Head"
              RenderTableCell {TD} at (133,28) size 35x24 [bgcolor=#EE82EE] [border: (1px inset #808080)] [r=1 c=2 rs=1 cs=1]
                RenderText {#text} at (2,2) size 30x19
                  text run at (2,2) width 30: "col 1"
              RenderTableCell {TD} at (170,28) size 35x24 [bgcolor=#EE82EE] [border: (1px inset #808080)] [r=1 c=3 rs=1 cs=1]
                RenderText {#text} at (2,2) size 30x19
                  text run at (2,2) width 30: "col 2"
              RenderTableCell {TD} at (207,28) size 35x24 [bgcolor=#EE82EE] [border: (1px inset #808080)] [r=1 c=4 rs=1 cs=1]
                RenderText {#text} at (2,2) size 30x19
                  text run at (2,2) width 30: "col 3"
              RenderTableCell {TD} at (244,28) size 35x24 [bgcolor=#EE82EE] [border: (1px inset #808080)] [r=1 c=5 rs=1 cs=1]
                RenderText {#text} at (2,2) size 30x19
                  text run at (2,2) width 30: "col 4"
              RenderTableCell {TD} at (281,28) size 36x24 [bgcolor=#EE82EE] [border: (1px inset #808080)] [r=1 c=6 rs=1 cs=1]
                RenderText {#text} at (2,2) size 30x19
                  text run at (2,2) width 30: "col 5"
              RenderTableCell {TD} at (319,28) size 36x24 [bgcolor=#EE82EE] [border: (1px inset #808080)] [r=1 c=7 rs=1 cs=1]
                RenderText {#text} at (2,2) size 30x19
                  text run at (2,2) width 30: "col 6"
              RenderTableCell {TD} at (357,28) size 36x24 [bgcolor=#EE82EE] [border: (1px inset #808080)] [r=1 c=8 rs=1 cs=1]
                RenderText {#text} at (2,2) size 30x19
                  text run at (2,2) width 30: "col 7"
              RenderTableCell {TD} at (395,28) size 36x24 [bgcolor=#EE82EE] [border: (1px inset #808080)] [r=1 c=9 rs=1 cs=1]
                RenderText {#text} at (2,2) size 30x19
                  text run at (2,2) width 30: "col 8"
              RenderTableCell {TD} at (433,28) size 36x24 [bgcolor=#EE82EE] [border: (1px inset #808080)] [r=1 c=10 rs=1 cs=1]
                RenderText {#text} at (2,2) size 30x19
                  text run at (2,2) width 30: "col 9"
            RenderTableRow {TR} at (0,54) size 471x24
              RenderTableCell {TH} at (2,54) size 41x24 [bgcolor=#90EE90] [border: (1px inset #808080)] [r=2 c=0 rs=1 cs=1]
                RenderText {#text} at (2,2) size 37x19
                  text run at (2,2) width 37: "Head"
              RenderTableCell {TD} at (45,96) size 86x44 [bgcolor=#FFFACD] [border: (1px inset #808080)] [r=2 c=1 rs=5 cs=1]
                RenderText {#text} at (2,2) size 41x19
                  text run at (2,2) width 41: "Data 2"
                RenderBR {BR} at (43,17) size 0x0
                RenderText {#text} at (2,22) size 79x19
                  text run at (2,22) width 79: "span=5 rows"
              RenderTableCell {TD} at (133,54) size 35x24 [bgcolor=#90EE90] [border: (1px inset #808080)] [r=2 c=2 rs=1 cs=1]
                RenderText {#text} at (2,2) size 30x19
                  text run at (2,2) width 30: "col 1"
              RenderTableCell {TD} at (170,54) size 35x24 [bgcolor=#90EE90] [border: (1px inset #808080)] [r=2 c=3 rs=1 cs=1]
                RenderText {#text} at (2,2) size 30x19
                  text run at (2,2) width 30: "col 2"
              RenderTableCell {TD} at (207,54) size 35x24 [bgcolor=#90EE90] [border: (1px inset #808080)] [r=2 c=4 rs=1 cs=1]
                RenderText {#text} at (2,2) size 30x19
                  text run at (2,2) width 30: "col 3"
              RenderTableCell {TD} at (244,54) size 35x24 [bgcolor=#90EE90] [border: (1px inset #808080)] [r=2 c=5 rs=1 cs=1]
                RenderText {#text} at (2,2) size 30x19
                  text run at (2,2) width 30: "col 4"
              RenderTableCell {TD} at (281,54) size 36x24 [bgcolor=#90EE90] [border: (1px inset #808080)] [r=2 c=6 rs=1 cs=1]
                RenderText {#text} at (2,2) size 30x19
                  text run at (2,2) width 30: "col 5"
              RenderTableCell {TD} at (319,54) size 36x24 [bgcolor=#90EE90] [border: (1px inset #808080)] [r=2 c=7 rs=1 cs=1]
                RenderText {#text} at (2,2) size 30x19
                  text run at (2,2) width 30: "col 6"
              RenderTableCell {TD} at (357,54) size 36x24 [bgcolor=#90EE90] [border: (1px inset #808080)] [r=2 c=8 rs=1 cs=1]
                RenderText {#text} at (2,2) size 30x19
                  text run at (2,2) width 30: "col 7"
              RenderTableCell {TD} at (395,54) size 36x24 [bgcolor=#90EE90] [border: (1px inset #808080)] [r=2 c=9 rs=1 cs=1]
                RenderText {#text} at (2,2) size 30x19
                  text run at (2,2) width 30: "col 8"
              RenderTableCell {TD} at (433,54) size 36x24 [bgcolor=#90EE90] [border: (1px inset #808080)] [r=2 c=10 rs=1 cs=1]
                RenderText {#text} at (2,2) size 30x19
                  text run at (2,2) width 30: "col 9"
            RenderTableRow {TR} at (0,80) size 471x24
              RenderTableCell {TH} at (2,80) size 41x24 [bgcolor=#90EE90] [border: (1px inset #808080)] [r=3 c=0 rs=1 cs=1]
                RenderText {#text} at (2,2) size 37x19
                  text run at (2,2) width 37: "Head"
              RenderTableCell {TD} at (133,80) size 35x24 [bgcolor=#90EE90] [border: (1px inset #808080)] [r=3 c=2 rs=1 cs=1]
                RenderText {#text} at (2,2) size 30x19
                  text run at (2,2) width 30: "col 1"
              RenderTableCell {TD} at (170,80) size 35x24 [bgcolor=#90EE90] [border: (1px inset #808080)] [r=3 c=3 rs=1 cs=1]
                RenderText {#text} at (2,2) size 30x19
                  text run at (2,2) width 30: "col 2"
              RenderTableCell {TD} at (207,80) size 35x24 [bgcolor=#90EE90] [border: (1px inset #808080)] [r=3 c=4 rs=1 cs=1]
                RenderText {#text} at (2,2) size 30x19
                  text run at (2,2) width 30: "col 3"
              RenderTableCell {TD} at (244,80) size 35x24 [bgcolor=#90EE90] [border: (1px inset #808080)] [r=3 c=5 rs=1 cs=1]
                RenderText {#text} at (2,2) size 30x19
                  text run at (2,2) width 30: "col 4"
              RenderTableCell {TD} at (281,80) size 36x24 [bgcolor=#90EE90] [border: (1px inset #808080)] [r=3 c=6 rs=1 cs=1]
                RenderText {#text} at (2,2) size 30x19
                  text run at (2,2) width 30: "col 5"
              RenderTableCell {TD} at (319,80) size 36x24 [bgcolor=#90EE90] [border: (1px inset #808080)] [r=3 c=7 rs=1 cs=1]
                RenderText {#text} at (2,2) size 30x19
                  text run at (2,2) width 30: "col 6"
              RenderTableCell {TD} at (357,80) size 36x24 [bgcolor=#90EE90] [border: (1px inset #808080)] [r=3 c=8 rs=1 cs=1]
                RenderText {#text} at (2,2) size 30x19
                  text run at (2,2) width 30: "col 7"
              RenderTableCell {TD} at (395,80) size 36x24 [bgcolor=#90EE90] [border: (1px inset #808080)] [r=3 c=9 rs=1 cs=1]
                RenderText {#text} at (2,2) size 30x19
                  text run at (2,2) width 30: "col 8"
              RenderTableCell {TD} at (433,80) size 36x24 [bgcolor=#90EE90] [border: (1px inset #808080)] [r=3 c=10 rs=1 cs=1]
                RenderText {#text} at (2,2) size 30x19
                  text run at (2,2) width 30: "col 9"
            RenderTableRow {TR} at (0,106) size 471x24
              RenderTableCell {TH} at (2,106) size 41x24 [bgcolor=#90EE90] [border: (1px inset #808080)] [r=4 c=0 rs=1 cs=1]
                RenderText {#text} at (2,2) size 37x19
                  text run at (2,2) width 37: "Head"
              RenderTableCell {TD} at (133,106) size 35x24 [bgcolor=#90EE90] [border: (1px inset #808080)] [r=4 c=2 rs=1 cs=1]
                RenderText {#text} at (2,2) size 30x19
                  text run at (2,2) width 30: "col 1"
              RenderTableCell {TD} at (170,106) size 35x24 [bgcolor=#90EE90] [border: (1px inset #808080)] [r=4 c=3 rs=1 cs=1]
                RenderText {#text} at (2,2) size 30x19
                  text run at (2,2) width 30: "col 2"
              RenderTableCell {TD} at (207,106) size 35x24 [bgcolor=#90EE90] [border: (1px inset #808080)] [r=4 c=4 rs=1 cs=1]
                RenderText {#text} at (2,2) size 30x19
                  text run at (2,2) width 30: "col 3"
              RenderTableCell {TD} at (244,106) size 35x24 [bgcolor=#90EE90] [border: (1px inset #808080)] [r=4 c=5 rs=1 cs=1]
                RenderText {#text} at (2,2) size 30x19
                  text run at (2,2) width 30: "col 4"
              RenderTableCell {TD} at (281,106) size 36x24 [bgcolor=#90EE90] [border: (1px inset #808080)] [r=4 c=6 rs=1 cs=1]
                RenderText {#text} at (2,2) size 30x19
                  text run at (2,2) width 30: "col 5"
              RenderTableCell {TD} at (319,106) size 36x24 [bgcolor=#90EE90] [border: (1px inset #808080)] [r=4 c=7 rs=1 cs=1]
                RenderText {#text} at (2,2) size 30x19
                  text run at (2,2) width 30: "col 6"
              RenderTableCell {TD} at (357,106) size 36x24 [bgcolor=#90EE90] [border: (1px inset #808080)] [r=4 c=8 rs=1 cs=1]
                RenderText {#text} at (2,2) size 30x19
                  text run at (2,2) width 30: "col 7"
              RenderTableCell {TD} at (395,106) size 36x24 [bgcolor=#90EE90] [border: (1px inset #808080)] [r=4 c=9 rs=1 cs=1]
                RenderText {#text} at (2,2) size 30x19
                  text run at (2,2) width 30: "col 8"
              RenderTableCell {TD} at (433,106) size 36x24 [bgcolor=#90EE90] [border: (1px inset #808080)] [r=4 c=10 rs=1 cs=1]
                RenderText {#text} at (2,2) size 30x19
                  text run at (2,2) width 30: "col 9"
            RenderTableRow {TR} at (0,132) size 471x24
              RenderTableCell {TH} at (2,132) size 41x24 [bgcolor=#90EE90] [border: (1px inset #808080)] [r=5 c=0 rs=1 cs=1]
                RenderText {#text} at (2,2) size 37x19
                  text run at (2,2) width 37: "Head"
              RenderTableCell {TD} at (133,132) size 35x24 [bgcolor=#90EE90] [border: (1px inset #808080)] [r=5 c=2 rs=1 cs=1]
                RenderText {#text} at (2,2) size 30x19
                  text run at (2,2) width 30: "col 1"
              RenderTableCell {TD} at (170,132) size 35x24 [bgcolor=#90EE90] [border: (1px inset #808080)] [r=5 c=3 rs=1 cs=1]
                RenderText {#text} at (2,2) size 30x19
                  text run at (2,2) width 30: "col 2"
              RenderTableCell {TD} at (207,132) size 35x24 [bgcolor=#90EE90] [border: (1px inset #808080)] [r=5 c=4 rs=1 cs=1]
                RenderText {#text} at (2,2) size 30x19
                  text run at (2,2) width 30: "col 3"
              RenderTableCell {TD} at (244,132) size 35x24 [bgcolor=#90EE90] [border: (1px inset #808080)] [r=5 c=5 rs=1 cs=1]
                RenderText {#text} at (2,2) size 30x19
                  text run at (2,2) width 30: "col 4"
              RenderTableCell {TD} at (281,132) size 36x24 [bgcolor=#90EE90] [border: (1px inset #808080)] [r=5 c=6 rs=1 cs=1]
                RenderText {#text} at (2,2) size 30x19
                  text run at (2,2) width 30: "col 5"
              RenderTableCell {TD} at (319,132) size 36x24 [bgcolor=#90EE90] [border: (1px inset #808080)] [r=5 c=7 rs=1 cs=1]
                RenderText {#text} at (2,2) size 30x19
                  text run at (2,2) width 30: "col 6"
              RenderTableCell {TD} at (357,132) size 36x24 [bgcolor=#90EE90] [border: (1px inset #808080)] [r=5 c=8 rs=1 cs=1]
                RenderText {#text} at (2,2) size 30x19
                  text run at (2,2) width 30: "col 7"
              RenderTableCell {TD} at (395,132) size 36x24 [bgcolor=#90EE90] [border: (1px inset #808080)] [r=5 c=9 rs=1 cs=1]
                RenderText {#text} at (2,2) size 30x19
                  text run at (2,2) width 30: "col 8"
              RenderTableCell {TD} at (433,132) size 36x24 [bgcolor=#90EE90] [border: (1px inset #808080)] [r=5 c=10 rs=1 cs=1]
                RenderText {#text} at (2,2) size 30x19
                  text run at (2,2) width 30: "col 9"
            RenderTableRow {TR} at (0,158) size 471x24
              RenderTableCell {TH} at (2,158) size 41x24 [bgcolor=#90EE90] [border: (1px inset #808080)] [r=6 c=0 rs=1 cs=1]
                RenderText {#text} at (2,2) size 37x19
                  text run at (2,2) width 37: "Head"
              RenderTableCell {TD} at (133,158) size 35x24 [bgcolor=#90EE90] [border: (1px inset #808080)] [r=6 c=2 rs=1 cs=1]
                RenderText {#text} at (2,2) size 30x19
                  text run at (2,2) width 30: "col 1"
              RenderTableCell {TD} at (170,158) size 35x24 [bgcolor=#90EE90] [border: (1px inset #808080)] [r=6 c=3 rs=1 cs=1]
                RenderText {#text} at (2,2) size 30x19
                  text run at (2,2) width 30: "col 2"
              RenderTableCell {TD} at (207,158) size 35x24 [bgcolor=#90EE90] [border: (1px inset #808080)] [r=6 c=4 rs=1 cs=1]
                RenderText {#text} at (2,2) size 30x19
                  text run at (2,2) width 30: "col 3"
              RenderTableCell {TD} at (244,158) size 35x24 [bgcolor=#90EE90] [border: (1px inset #808080)] [r=6 c=5 rs=1 cs=1]
                RenderText {#text} at (2,2) size 30x19
                  text run at (2,2) width 30: "col 4"
              RenderTableCell {TD} at (281,158) size 36x24 [bgcolor=#90EE90] [border: (1px inset #808080)] [r=6 c=6 rs=1 cs=1]
                RenderText {#text} at (2,2) size 30x19
                  text run at (2,2) width 30: "col 5"
              RenderTableCell {TD} at (319,158) size 36x24 [bgcolor=#90EE90] [border: (1px inset #808080)] [r=6 c=7 rs=1 cs=1]
                RenderText {#text} at (2,2) size 30x19
                  text run at (2,2) width 30: "col 6"
              RenderTableCell {TD} at (357,158) size 36x24 [bgcolor=#90EE90] [border: (1px inset #808080)] [r=6 c=8 rs=1 cs=1]
                RenderText {#text} at (2,2) size 30x19
                  text run at (2,2) width 30: "col 7"
              RenderTableCell {TD} at (395,158) size 36x24 [bgcolor=#90EE90] [border: (1px inset #808080)] [r=6 c=9 rs=1 cs=1]
                RenderText {#text} at (2,2) size 30x19
                  text run at (2,2) width 30: "col 8"
              RenderTableCell {TD} at (433,158) size 36x24 [bgcolor=#90EE90] [border: (1px inset #808080)] [r=6 c=10 rs=1 cs=1]
                RenderText {#text} at (2,2) size 30x19
                  text run at (2,2) width 30: "col 9"
            RenderTableRow {TR} at (0,184) size 471x24
              RenderTableCell {TH} at (2,184) size 41x24 [bgcolor=#ADD8E6] [border: (1px inset #808080)] [r=7 c=0 rs=1 cs=1]
                RenderText {#text} at (2,2) size 37x19
                  text run at (2,2) width 37: "Head"
              RenderTableCell {TD} at (45,200) size 86x44 [bgcolor=#FFFACD] [border: (1px inset #808080)] [r=7 c=1 rs=3 cs=1]
                RenderText {#text} at (2,2) size 41x19
                  text run at (2,2) width 41: "Data 3"
                RenderBR {BR} at (43,17) size 0x0
                RenderText {#text} at (2,22) size 79x19
                  text run at (2,22) width 79: "span=3 rows"
              RenderTableCell {TD} at (133,184) size 35x24 [bgcolor=#ADD8E6] [border: (1px inset #808080)] [r=7 c=2 rs=1 cs=1]
                RenderText {#text} at (2,2) size 30x19
                  text run at (2,2) width 30: "col 1"
              RenderTableCell {TD} at (170,184) size 35x24 [bgcolor=#ADD8E6] [border: (1px inset #808080)] [r=7 c=3 rs=1 cs=1]
                RenderText {#text} at (2,2) size 30x19
                  text run at (2,2) width 30: "col 2"
              RenderTableCell {TD} at (207,184) size 35x24 [bgcolor=#ADD8E6] [border: (1px inset #808080)] [r=7 c=4 rs=1 cs=1]
                RenderText {#text} at (2,2) size 30x19
                  text run at (2,2) width 30: "col 3"
              RenderTableCell {TD} at (244,184) size 35x24 [bgcolor=#ADD8E6] [border: (1px inset #808080)] [r=7 c=5 rs=1 cs=1]
                RenderText {#text} at (2,2) size 30x19
                  text run at (2,2) width 30: "col 4"
              RenderTableCell {TD} at (281,184) size 36x24 [bgcolor=#ADD8E6] [border: (1px inset #808080)] [r=7 c=6 rs=1 cs=1]
                RenderText {#text} at (2,2) size 30x19
                  text run at (2,2) width 30: "col 5"
              RenderTableCell {TD} at (319,184) size 36x24 [bgcolor=#ADD8E6] [border: (1px inset #808080)] [r=7 c=7 rs=1 cs=1]
                RenderText {#text} at (2,2) size 30x19
                  text run at (2,2) width 30: "col 6"
              RenderTableCell {TD} at (357,184) size 36x24 [bgcolor=#ADD8E6] [border: (1px inset #808080)] [r=7 c=8 rs=1 cs=1]
                RenderText {#text} at (2,2) size 30x19
                  text run at (2,2) width 30: "col 7"
              RenderTableCell {TD} at (395,184) size 36x24 [bgcolor=#ADD8E6] [border: (1px inset #808080)] [r=7 c=9 rs=1 cs=1]
                RenderText {#text} at (2,2) size 30x19
                  text run at (2,2) width 30: "col 8"
              RenderTableCell {TD} at (433,184) size 36x24 [bgcolor=#ADD8E6] [border: (1px inset #808080)] [r=7 c=10 rs=1 cs=1]
                RenderText {#text} at (2,2) size 30x19
                  text run at (2,2) width 30: "col 9"
            RenderTableRow {TR} at (0,210) size 471x24
              RenderTableCell {TH} at (2,210) size 41x24 [bgcolor=#ADD8E6] [border: (1px inset #808080)] [r=8 c=0 rs=1 cs=1]
                RenderText {#text} at (2,2) size 37x19
                  text run at (2,2) width 37: "Head"
              RenderTableCell {TD} at (133,210) size 35x24 [bgcolor=#ADD8E6] [border: (1px inset #808080)] [r=8 c=2 rs=1 cs=1]
                RenderText {#text} at (2,2) size 30x19
                  text run at (2,2) width 30: "col 1"
              RenderTableCell {TD} at (170,210) size 35x24 [bgcolor=#ADD8E6] [border: (1px inset #808080)] [r=8 c=3 rs=1 cs=1]
                RenderText {#text} at (2,2) size 30x19
                  text run at (2,2) width 30: "col 2"
              RenderTableCell {TD} at (207,210) size 35x24 [bgcolor=#ADD8E6] [border: (1px inset #808080)] [r=8 c=4 rs=1 cs=1]
                RenderText {#text} at (2,2) size 30x19
                  text run at (2,2) width 30: "col 3"
              RenderTableCell {TD} at (244,210) size 35x24 [bgcolor=#ADD8E6] [border: (1px inset #808080)] [r=8 c=5 rs=1 cs=1]
                RenderText {#text} at (2,2) size 30x19
                  text run at (2,2) width 30: "col 4"
              RenderTableCell {TD} at (281,210) size 36x24 [bgcolor=#ADD8E6] [border: (1px inset #808080)] [r=8 c=6 rs=1 cs=1]
                RenderText {#text} at (2,2) size 30x19
                  text run at (2,2) width 30: "col 5"
              RenderTableCell {TD} at (319,210) size 36x24 [bgcolor=#ADD8E6] [border: (1px inset #808080)] [r=8 c=7 rs=1 cs=1]
                RenderText {#text} at (2,2) size 30x19
                  text run at (2,2) width 30: "col 6"
              RenderTableCell {TD} at (357,210) size 36x24 [bgcolor=#ADD8E6] [border: (1px inset #808080)] [r=8 c=8 rs=1 cs=1]
                RenderText {#text} at (2,2) size 30x19
                  text run at (2,2) width 30: "col 7"
              RenderTableCell {TD} at (395,210) size 36x24 [bgcolor=#ADD8E6] [border: (1px inset #808080)] [r=8 c=9 rs=1 cs=1]
                RenderText {#text} at (2,2) size 30x19
                  text run at (2,2) width 30: "col 8"
              RenderTableCell {TD} at (433,210) size 36x24 [bgcolor=#ADD8E6] [border: (1px inset #808080)] [r=8 c=10 rs=1 cs=1]
                RenderText {#text} at (2,2) size 30x19
                  text run at (2,2) width 30: "col 9"
            RenderTableRow {TR} at (0,236) size 471x24
              RenderTableCell {TH} at (2,236) size 41x24 [bgcolor=#ADD8E6] [border: (1px inset #808080)] [r=9 c=0 rs=1 cs=1]
                RenderText {#text} at (2,2) size 37x19
                  text run at (2,2) width 37: "Head"
              RenderTableCell {TD} at (133,236) size 35x24 [bgcolor=#ADD8E6] [border: (1px inset #808080)] [r=9 c=2 rs=1 cs=1]
                RenderText {#text} at (2,2) size 30x19
                  text run at (2,2) width 30: "col 1"
              RenderTableCell {TD} at (170,236) size 35x24 [bgcolor=#ADD8E6] [border: (1px inset #808080)] [r=9 c=3 rs=1 cs=1]
                RenderText {#text} at (2,2) size 30x19
                  text run at (2,2) width 30: "col 2"
              RenderTableCell {TD} at (207,236) size 35x24 [bgcolor=#ADD8E6] [border: (1px inset #808080)] [r=9 c=4 rs=1 cs=1]
                RenderText {#text} at (2,2) size 30x19
                  text run at (2,2) width 30: "col 3"
              RenderTableCell {TD} at (244,236) size 35x24 [bgcolor=#ADD8E6] [border: (1px inset #808080)] [r=9 c=5 rs=1 cs=1]
                RenderText {#text} at (2,2) size 30x19
                  text run at (2,2) width 30: "col 4"
              RenderTableCell {TD} at (281,236) size 36x24 [bgcolor=#ADD8E6] [border: (1px inset #808080)] [r=9 c=6 rs=1 cs=1]
                RenderText {#text} at (2,2) size 30x19
                  text run at (2,2) width 30: "col 5"
              RenderTableCell {TD} at (319,236) size 36x24 [bgcolor=#ADD8E6] [border: (1px inset #808080)] [r=9 c=7 rs=1 cs=1]
                RenderText {#text} at (2,2) size 30x19
                  text run at (2,2) width 30: "col 6"
              RenderTableCell {TD} at (357,236) size 36x24 [bgcolor=#ADD8E6] [border: (1px inset #808080)] [r=9 c=8 rs=1 cs=1]
                RenderText {#text} at (2,2) size 30x19
                  text run at (2,2) width 30: "col 7"
              RenderTableCell {TD} at (395,236) size 36x24 [bgcolor=#ADD8E6] [border: (1px inset #808080)] [r=9 c=9 rs=1 cs=1]
                RenderText {#text} at (2,2) size 30x19
                  text run at (2,2) width 30: "col 8"
              RenderTableCell {TD} at (433,236) size 36x24 [bgcolor=#ADD8E6] [border: (1px inset #808080)] [r=9 c=10 rs=1 cs=1]
                RenderText {#text} at (2,2) size 30x19
                  text run at (2,2) width 30: "col 9"
      RenderBlock {P} at (0,1719) size 769x1
      RenderBlock {HR} at (0,1719) size 769x3 [border: (1px inset #000000)]
      RenderBlock {P} at (0,1737) size 769x66
        RenderTable {TABLE} at (0,0) size 653x65 [bgcolor=#F08080] [border: (1px outset #808080)]
          RenderTableSection {TBODY} at (1,1) size 651x63
            RenderTableRow {TR} at (0,2) size 651x59
              RenderTableCell {TH} at (2,2) size 647x59 [border: (1px inset #808080)] [r=0 c=0 rs=1 cs=1]
                RenderInline {A} at (0,0) size 0x0
                RenderText {#text} at (11,11) size 97x19
                  text run at (11,11) width 97: "Test Case #3: "
                RenderInline {FONT} at (0,0) size 401x19 [color=#0000FF]
                  RenderText {#text} at (108,11) size 401x19
                    text run at (108,11) width 401: "table with nested header & data cells spanning multiple rows"
                RenderText {#text} at (509,11) size 4x19
                  text run at (509,11) width 4: " "
                RenderInline {FONT} at (0,0) size 564x32
                  RenderInline {I} at (0,0) size 564x33
                    RenderText {#text} at (513,14) size 564x33
                      text run at (513,14) width 62: "(using <TH"
                      text run at (11,31) width 353: "ROWSPAN=integer value> <TD ROWSPAN=integer value> tag)"
                RenderText {#text} at (0,0) size 0x0
      RenderBlock {P} at (0,1818) size 769x41
        RenderBR {BR} at (0,0) size 0x19
        RenderBR {BR} at (0,20) size 0x19
      RenderBlock {UL} at (0,1874) size 769x485
        RenderTable {TABLE} at (40,0) size 473x484 [border: (1px outset #808080)]
          RenderBlock {CAPTION} at (0,0) size 473x20
            RenderText {#text} at (34,0) size 86x19
              text run at (34,0) width 86: "Nested Table "
            RenderInline {B} at (0,0) size 88x19
              RenderText {#text} at (120,0) size 88x19
                text run at (120,0) width 88: "Header Cells"
            RenderText {#text} at (208,0) size 20x19
              text run at (208,0) width 20: " & "
            RenderInline {B} at (0,0) size 71x19
              RenderText {#text} at (228,0) size 71x19
                text run at (228,0) width 71: "Data Cells"
            RenderText {#text} at (299,0) size 140x19
              text run at (299,0) width 140: " spanning multiple rows"
          RenderTableSection {TBODY} at (1,21) size 471x462
            RenderTableRow {TR} at (0,2) size 471x44
              RenderTableCell {TH} at (2,130) size 81x64 [bgcolor=#FFE4C4] [border: (1px inset #808080)] [r=0 c=0 rs=7 cs=1]
                RenderText {#text} at (9,2) size 63x19
                  text run at (9,2) width 63: "Header 1"
                RenderBR {BR} at (71,17) size 1x0
                RenderText {#text} at (16,22) size 49x39
                  text run at (16,22) width 49: "span=7"
                  text run at (25,42) width 31: "rows"
              RenderTableCell {TD} at (85,15) size 78x64 [bgcolor=#FFFACD] [border: (1px inset #808080)] [r=0 c=1 rs=2 cs=1]
                RenderText {#text} at (2,2) size 41x19
                  text run at (2,2) width 41: "Data 1"
                RenderBR {BR} at (43,17) size 0x0
                RenderText {#text} at (2,22) size 45x39
                  text run at (2,22) width 45: "span=2"
                  text run at (2,42) width 30: "rows"
              RenderTableCell {TD} at (165,2) size 32x44 [bgcolor=#EE82EE] [border: (1px inset #808080)] [r=0 c=2 rs=1 cs=1]
                RenderText {#text} at (2,2) size 18x39
                  text run at (2,2) width 18: "col"
                  text run at (2,22) width 8: "1"
              RenderTableCell {TD} at (199,2) size 32x44 [bgcolor=#EE82EE] [border: (1px inset #808080)] [r=0 c=3 rs=1 cs=1]
                RenderText {#text} at (2,2) size 18x39
                  text run at (2,2) width 18: "col"
                  text run at (2,22) width 8: "2"
              RenderTableCell {TD} at (233,2) size 32x44 [bgcolor=#EE82EE] [border: (1px inset #808080)] [r=0 c=4 rs=1 cs=1]
                RenderText {#text} at (2,2) size 18x39
                  text run at (2,2) width 18: "col"
                  text run at (2,22) width 8: "3"
              RenderTableCell {TD} at (267,2) size 32x44 [bgcolor=#EE82EE] [border: (1px inset #808080)] [r=0 c=5 rs=1 cs=1]
                RenderText {#text} at (2,2) size 18x39
                  text run at (2,2) width 18: "col"
                  text run at (2,22) width 8: "4"
              RenderTableCell {TD} at (301,2) size 32x44 [bgcolor=#EE82EE] [border: (1px inset #808080)] [r=0 c=6 rs=1 cs=1]
                RenderText {#text} at (2,2) size 18x39
                  text run at (2,2) width 18: "col"
                  text run at (2,22) width 8: "5"
              RenderTableCell {TD} at (335,2) size 32x44 [bgcolor=#EE82EE] [border: (1px inset #808080)] [r=0 c=7 rs=1 cs=1]
                RenderText {#text} at (2,2) size 18x39
                  text run at (2,2) width 18: "col"
                  text run at (2,22) width 8: "6"
              RenderTableCell {TD} at (369,2) size 32x44 [bgcolor=#EE82EE] [border: (1px inset #808080)] [r=0 c=8 rs=1 cs=1]
                RenderText {#text} at (2,2) size 18x39
                  text run at (2,2) width 18: "col"
                  text run at (2,22) width 8: "7"
              RenderTableCell {TD} at (403,2) size 32x44 [bgcolor=#EE82EE] [border: (1px inset #808080)] [r=0 c=9 rs=1 cs=1]
                RenderText {#text} at (2,2) size 18x39
                  text run at (2,2) width 18: "col"
                  text run at (2,22) width 8: "8"
              RenderTableCell {TD} at (437,2) size 32x44 [bgcolor=#EE82EE] [border: (1px inset #808080)] [r=0 c=10 rs=1 cs=1]
                RenderText {#text} at (2,2) size 18x39
                  text run at (2,2) width 18: "col"
                  text run at (2,22) width 8: "9"
            RenderTableRow {TR} at (0,48) size 471x44
              RenderTableCell {TD} at (165,48) size 32x44 [bgcolor=#EE82EE] [border: (1px inset #808080)] [r=1 c=2 rs=1 cs=1]
                RenderText {#text} at (2,2) size 18x39
                  text run at (2,2) width 18: "col"
                  text run at (2,22) width 8: "1"
              RenderTableCell {TD} at (199,48) size 32x44 [bgcolor=#EE82EE] [border: (1px inset #808080)] [r=1 c=3 rs=1 cs=1]
                RenderText {#text} at (2,2) size 18x39
                  text run at (2,2) width 18: "col"
                  text run at (2,22) width 8: "2"
              RenderTableCell {TD} at (233,48) size 32x44 [bgcolor=#EE82EE] [border: (1px inset #808080)] [r=1 c=4 rs=1 cs=1]
                RenderText {#text} at (2,2) size 18x39
                  text run at (2,2) width 18: "col"
                  text run at (2,22) width 8: "3"
              RenderTableCell {TD} at (267,48) size 32x44 [bgcolor=#EE82EE] [border: (1px inset #808080)] [r=1 c=5 rs=1 cs=1]
                RenderText {#text} at (2,2) size 18x39
                  text run at (2,2) width 18: "col"
                  text run at (2,22) width 8: "4"
              RenderTableCell {TD} at (301,48) size 32x44 [bgcolor=#EE82EE] [border: (1px inset #808080)] [r=1 c=6 rs=1 cs=1]
                RenderText {#text} at (2,2) size 18x39
                  text run at (2,2) width 18: "col"
                  text run at (2,22) width 8: "5"
              RenderTableCell {TD} at (335,48) size 32x44 [bgcolor=#EE82EE] [border: (1px inset #808080)] [r=1 c=7 rs=1 cs=1]
                RenderText {#text} at (2,2) size 18x39
                  text run at (2,2) width 18: "col"
                  text run at (2,22) width 8: "6"
              RenderTableCell {TD} at (369,48) size 32x44 [bgcolor=#EE82EE] [border: (1px inset #808080)] [r=1 c=8 rs=1 cs=1]
                RenderText {#text} at (2,2) size 18x39
                  text run at (2,2) width 18: "col"
                  text run at (2,22) width 8: "7"
              RenderTableCell {TD} at (403,48) size 32x44 [bgcolor=#EE82EE] [border: (1px inset #808080)] [r=1 c=9 rs=1 cs=1]
                RenderText {#text} at (2,2) size 18x39
                  text run at (2,2) width 18: "col"
                  text run at (2,22) width 8: "8"
              RenderTableCell {TD} at (437,48) size 32x44 [bgcolor=#EE82EE] [border: (1px inset #808080)] [r=1 c=10 rs=1 cs=1]
                RenderText {#text} at (2,2) size 18x39
                  text run at (2,2) width 18: "col"
                  text run at (2,22) width 8: "9"
            RenderTableRow {TR} at (0,94) size 471x44
              RenderTableCell {TD} at (85,176) size 78x64 [bgcolor=#FFFACD] [border: (1px inset #808080)] [r=2 c=1 rs=5 cs=1]
                RenderText {#text} at (2,2) size 41x19
                  text run at (2,2) width 41: "Data 2"
                RenderBR {BR} at (43,17) size 0x0
                RenderText {#text} at (2,22) size 45x39
                  text run at (2,22) width 45: "span=5"
                  text run at (2,42) width 30: "rows"
              RenderTableCell {TD} at (165,94) size 32x44 [bgcolor=#90EE90] [border: (1px inset #808080)] [r=2 c=2 rs=1 cs=1]
                RenderText {#text} at (2,2) size 18x39
                  text run at (2,2) width 18: "col"
                  text run at (2,22) width 8: "1"
              RenderTableCell {TD} at (199,94) size 32x44 [bgcolor=#90EE90] [border: (1px inset #808080)] [r=2 c=3 rs=1 cs=1]
                RenderText {#text} at (2,2) size 18x39
                  text run at (2,2) width 18: "col"
                  text run at (2,22) width 8: "2"
              RenderTableCell {TD} at (233,94) size 32x44 [bgcolor=#90EE90] [border: (1px inset #808080)] [r=2 c=4 rs=1 cs=1]
                RenderText {#text} at (2,2) size 18x39
                  text run at (2,2) width 18: "col"
                  text run at (2,22) width 8: "3"
              RenderTableCell {TD} at (267,94) size 32x44 [bgcolor=#90EE90] [border: (1px inset #808080)] [r=2 c=5 rs=1 cs=1]
                RenderText {#text} at (2,2) size 18x39
                  text run at (2,2) width 18: "col"
                  text run at (2,22) width 8: "4"
              RenderTableCell {TD} at (301,94) size 32x44 [bgcolor=#90EE90] [border: (1px inset #808080)] [r=2 c=6 rs=1 cs=1]
                RenderText {#text} at (2,2) size 18x39
                  text run at (2,2) width 18: "col"
                  text run at (2,22) width 8: "5"
              RenderTableCell {TD} at (335,94) size 32x44 [bgcolor=#90EE90] [border: (1px inset #808080)] [r=2 c=7 rs=1 cs=1]
                RenderText {#text} at (2,2) size 18x39
                  text run at (2,2) width 18: "col"
                  text run at (2,22) width 8: "6"
              RenderTableCell {TD} at (369,94) size 32x44 [bgcolor=#90EE90] [border: (1px inset #808080)] [r=2 c=8 rs=1 cs=1]
                RenderText {#text} at (2,2) size 18x39
                  text run at (2,2) width 18: "col"
                  text run at (2,22) width 8: "7"
              RenderTableCell {TD} at (403,94) size 32x44 [bgcolor=#90EE90] [border: (1px inset #808080)] [r=2 c=9 rs=1 cs=1]
                RenderText {#text} at (2,2) size 18x39
                  text run at (2,2) width 18: "col"
                  text run at (2,22) width 8: "8"
              RenderTableCell {TD} at (437,94) size 32x44 [bgcolor=#90EE90] [border: (1px inset #808080)] [r=2 c=10 rs=1 cs=1]
                RenderText {#text} at (2,2) size 18x39
                  text run at (2,2) width 18: "col"
                  text run at (2,22) width 8: "9"
            RenderTableRow {TR} at (0,140) size 471x44
              RenderTableCell {TD} at (165,140) size 32x44 [bgcolor=#90EE90] [border: (1px inset #808080)] [r=3 c=2 rs=1 cs=1]
                RenderText {#text} at (2,2) size 18x39
                  text run at (2,2) width 18: "col"
                  text run at (2,22) width 8: "1"
              RenderTableCell {TD} at (199,140) size 32x44 [bgcolor=#90EE90] [border: (1px inset #808080)] [r=3 c=3 rs=1 cs=1]
                RenderText {#text} at (2,2) size 18x39
                  text run at (2,2) width 18: "col"
                  text run at (2,22) width 8: "2"
              RenderTableCell {TD} at (233,140) size 32x44 [bgcolor=#90EE90] [border: (1px inset #808080)] [r=3 c=4 rs=1 cs=1]
                RenderText {#text} at (2,2) size 18x39
                  text run at (2,2) width 18: "col"
                  text run at (2,22) width 8: "3"
              RenderTableCell {TD} at (267,140) size 32x44 [bgcolor=#90EE90] [border: (1px inset #808080)] [r=3 c=5 rs=1 cs=1]
                RenderText {#text} at (2,2) size 18x39
                  text run at (2,2) width 18: "col"
                  text run at (2,22) width 8: "4"
              RenderTableCell {TD} at (301,140) size 32x44 [bgcolor=#90EE90] [border: (1px inset #808080)] [r=3 c=6 rs=1 cs=1]
                RenderText {#text} at (2,2) size 18x39
                  text run at (2,2) width 18: "col"
                  text run at (2,22) width 8: "5"
              RenderTableCell {TD} at (335,140) size 32x44 [bgcolor=#90EE90] [border: (1px inset #808080)] [r=3 c=7 rs=1 cs=1]
                RenderText {#text} at (2,2) size 18x39
                  text run at (2,2) width 18: "col"
                  text run at (2,22) width 8: "6"
              RenderTableCell {TD} at (369,140) size 32x44 [bgcolor=#90EE90] [border: (1px inset #808080)] [r=3 c=8 rs=1 cs=1]
                RenderText {#text} at (2,2) size 18x39
                  text run at (2,2) width 18: "col"
                  text run at (2,22) width 8: "7"
              RenderTableCell {TD} at (403,140) size 32x44 [bgcolor=#90EE90] [border: (1px inset #808080)] [r=3 c=9 rs=1 cs=1]
                RenderText {#text} at (2,2) size 18x39
                  text run at (2,2) width 18: "col"
                  text run at (2,22) width 8: "8"
              RenderTableCell {TD} at (437,140) size 32x44 [bgcolor=#90EE90] [border: (1px inset #808080)] [r=3 c=10 rs=1 cs=1]
                RenderText {#text} at (2,2) size 18x39
                  text run at (2,2) width 18: "col"
                  text run at (2,22) width 8: "9"
            RenderTableRow {TR} at (0,186) size 471x44
              RenderTableCell {TD} at (165,186) size 32x44 [bgcolor=#90EE90] [border: (1px inset #808080)] [r=4 c=2 rs=1 cs=1]
                RenderText {#text} at (2,2) size 18x39
                  text run at (2,2) width 18: "col"
                  text run at (2,22) width 8: "1"
              RenderTableCell {TD} at (199,186) size 32x44 [bgcolor=#90EE90] [border: (1px inset #808080)] [r=4 c=3 rs=1 cs=1]
                RenderText {#text} at (2,2) size 18x39
                  text run at (2,2) width 18: "col"
                  text run at (2,22) width 8: "2"
              RenderTableCell {TD} at (233,186) size 32x44 [bgcolor=#90EE90] [border: (1px inset #808080)] [r=4 c=4 rs=1 cs=1]
                RenderText {#text} at (2,2) size 18x39
                  text run at (2,2) width 18: "col"
                  text run at (2,22) width 8: "3"
              RenderTableCell {TD} at (267,186) size 32x44 [bgcolor=#90EE90] [border: (1px inset #808080)] [r=4 c=5 rs=1 cs=1]
                RenderText {#text} at (2,2) size 18x39
                  text run at (2,2) width 18: "col"
                  text run at (2,22) width 8: "4"
              RenderTableCell {TD} at (301,186) size 32x44 [bgcolor=#90EE90] [border: (1px inset #808080)] [r=4 c=6 rs=1 cs=1]
                RenderText {#text} at (2,2) size 18x39
                  text run at (2,2) width 18: "col"
                  text run at (2,22) width 8: "5"
              RenderTableCell {TD} at (335,186) size 32x44 [bgcolor=#90EE90] [border: (1px inset #808080)] [r=4 c=7 rs=1 cs=1]
                RenderText {#text} at (2,2) size 18x39
                  text run at (2,2) width 18: "col"
                  text run at (2,22) width 8: "6"
              RenderTableCell {TD} at (369,186) size 32x44 [bgcolor=#90EE90] [border: (1px inset #808080)] [r=4 c=8 rs=1 cs=1]
                RenderText {#text} at (2,2) size 18x39
                  text run at (2,2) width 18: "col"
                  text run at (2,22) width 8: "7"
              RenderTableCell {TD} at (403,186) size 32x44 [bgcolor=#90EE90] [border: (1px inset #808080)] [r=4 c=9 rs=1 cs=1]
                RenderText {#text} at (2,2) size 18x39
                  text run at (2,2) width 18: "col"
                  text run at (2,22) width 8: "8"
              RenderTableCell {TD} at (437,186) size 32x44 [bgcolor=#90EE90] [border: (1px inset #808080)] [r=4 c=10 rs=1 cs=1]
                RenderText {#text} at (2,2) size 18x39
                  text run at (2,2) width 18: "col"
                  text run at (2,22) width 8: "9"
            RenderTableRow {TR} at (0,232) size 471x44
              RenderTableCell {TD} at (165,232) size 32x44 [bgcolor=#90EE90] [border: (1px inset #808080)] [r=5 c=2 rs=1 cs=1]
                RenderText {#text} at (2,2) size 18x39
                  text run at (2,2) width 18: "col"
                  text run at (2,22) width 8: "1"
              RenderTableCell {TD} at (199,232) size 32x44 [bgcolor=#90EE90] [border: (1px inset #808080)] [r=5 c=3 rs=1 cs=1]
                RenderText {#text} at (2,2) size 18x39
                  text run at (2,2) width 18: "col"
                  text run at (2,22) width 8: "2"
              RenderTableCell {TD} at (233,232) size 32x44 [bgcolor=#90EE90] [border: (1px inset #808080)] [r=5 c=4 rs=1 cs=1]
                RenderText {#text} at (2,2) size 18x39
                  text run at (2,2) width 18: "col"
                  text run at (2,22) width 8: "3"
              RenderTableCell {TD} at (267,232) size 32x44 [bgcolor=#90EE90] [border: (1px inset #808080)] [r=5 c=5 rs=1 cs=1]
                RenderText {#text} at (2,2) size 18x39
                  text run at (2,2) width 18: "col"
                  text run at (2,22) width 8: "4"
              RenderTableCell {TD} at (301,232) size 32x44 [bgcolor=#90EE90] [border: (1px inset #808080)] [r=5 c=6 rs=1 cs=1]
                RenderText {#text} at (2,2) size 18x39
                  text run at (2,2) width 18: "col"
                  text run at (2,22) width 8: "5"
              RenderTableCell {TD} at (335,232) size 32x44 [bgcolor=#90EE90] [border: (1px inset #808080)] [r=5 c=7 rs=1 cs=1]
                RenderText {#text} at (2,2) size 18x39
                  text run at (2,2) width 18: "col"
                  text run at (2,22) width 8: "6"
              RenderTableCell {TD} at (369,232) size 32x44 [bgcolor=#90EE90] [border: (1px inset #808080)] [r=5 c=8 rs=1 cs=1]
                RenderText {#text} at (2,2) size 18x39
                  text run at (2,2) width 18: "col"
                  text run at (2,22) width 8: "7"
              RenderTableCell {TD} at (403,232) size 32x44 [bgcolor=#90EE90] [border: (1px inset #808080)] [r=5 c=9 rs=1 cs=1]
                RenderText {#text} at (2,2) size 18x39
                  text run at (2,2) width 18: "col"
                  text run at (2,22) width 8: "8"
              RenderTableCell {TD} at (437,232) size 32x44 [bgcolor=#90EE90] [border: (1px inset #808080)] [r=5 c=10 rs=1 cs=1]
                RenderText {#text} at (2,2) size 18x39
                  text run at (2,2) width 18: "col"
                  text run at (2,22) width 8: "9"
            RenderTableRow {TR} at (0,278) size 471x44
              RenderTableCell {TD} at (165,278) size 32x44 [bgcolor=#90EE90] [border: (1px inset #808080)] [r=6 c=2 rs=1 cs=1]
                RenderText {#text} at (2,2) size 18x39
                  text run at (2,2) width 18: "col"
                  text run at (2,22) width 8: "1"
              RenderTableCell {TD} at (199,278) size 32x44 [bgcolor=#90EE90] [border: (1px inset #808080)] [r=6 c=3 rs=1 cs=1]
                RenderText {#text} at (2,2) size 18x39
                  text run at (2,2) width 18: "col"
                  text run at (2,22) width 8: "2"
              RenderTableCell {TD} at (233,278) size 32x44 [bgcolor=#90EE90] [border: (1px inset #808080)] [r=6 c=4 rs=1 cs=1]
                RenderText {#text} at (2,2) size 18x39
                  text run at (2,2) width 18: "col"
                  text run at (2,22) width 8: "3"
              RenderTableCell {TD} at (267,278) size 32x44 [bgcolor=#90EE90] [border: (1px inset #808080)] [r=6 c=5 rs=1 cs=1]
                RenderText {#text} at (2,2) size 18x39
                  text run at (2,2) width 18: "col"
                  text run at (2,22) width 8: "4"
              RenderTableCell {TD} at (301,278) size 32x44 [bgcolor=#90EE90] [border: (1px inset #808080)] [r=6 c=6 rs=1 cs=1]
                RenderText {#text} at (2,2) size 18x39
                  text run at (2,2) width 18: "col"
                  text run at (2,22) width 8: "5"
              RenderTableCell {TD} at (335,278) size 32x44 [bgcolor=#90EE90] [border: (1px inset #808080)] [r=6 c=7 rs=1 cs=1]
                RenderText {#text} at (2,2) size 18x39
                  text run at (2,2) width 18: "col"
                  text run at (2,22) width 8: "6"
              RenderTableCell {TD} at (369,278) size 32x44 [bgcolor=#90EE90] [border: (1px inset #808080)] [r=6 c=8 rs=1 cs=1]
                RenderText {#text} at (2,2) size 18x39
                  text run at (2,2) width 18: "col"
                  text run at (2,22) width 8: "7"
              RenderTableCell {TD} at (403,278) size 32x44 [bgcolor=#90EE90] [border: (1px inset #808080)] [r=6 c=9 rs=1 cs=1]
                RenderText {#text} at (2,2) size 18x39
                  text run at (2,2) width 18: "col"
                  text run at (2,22) width 8: "8"
              RenderTableCell {TD} at (437,278) size 32x44 [bgcolor=#90EE90] [border: (1px inset #808080)] [r=6 c=10 rs=1 cs=1]
                RenderText {#text} at (2,2) size 18x39
                  text run at (2,2) width 18: "col"
                  text run at (2,22) width 8: "9"
            RenderTableRow {TR} at (0,324) size 471x44
              RenderTableCell {TH} at (2,360) size 81x64 [bgcolor=#FFE4C4] [border: (1px inset #808080)] [r=7 c=0 rs=3 cs=1]
                RenderText {#text} at (9,2) size 63x19
                  text run at (9,2) width 63: "Header 2"
                RenderBR {BR} at (71,17) size 1x0
                RenderText {#text} at (16,22) size 49x39
                  text run at (16,22) width 49: "span=3"
                  text run at (25,42) width 31: "rows"
              RenderTableCell {TD} at (85,360) size 78x64 [bgcolor=#FFFACD] [border: (1px inset #808080)] [r=7 c=1 rs=3 cs=1]
                RenderText {#text} at (2,2) size 41x19
                  text run at (2,2) width 41: "Data 3"
                RenderBR {BR} at (43,17) size 0x0
                RenderText {#text} at (2,22) size 45x39
                  text run at (2,22) width 45: "span=3"
                  text run at (2,42) width 30: "rows"
              RenderTableCell {TD} at (165,324) size 32x44 [bgcolor=#ADD8E6] [border: (1px inset #808080)] [r=7 c=2 rs=1 cs=1]
                RenderText {#text} at (2,2) size 18x39
                  text run at (2,2) width 18: "col"
                  text run at (2,22) width 8: "1"
              RenderTableCell {TD} at (199,324) size 32x44 [bgcolor=#ADD8E6] [border: (1px inset #808080)] [r=7 c=3 rs=1 cs=1]
                RenderText {#text} at (2,2) size 18x39
                  text run at (2,2) width 18: "col"
                  text run at (2,22) width 8: "2"
              RenderTableCell {TD} at (233,324) size 32x44 [bgcolor=#ADD8E6] [border: (1px inset #808080)] [r=7 c=4 rs=1 cs=1]
                RenderText {#text} at (2,2) size 18x39
                  text run at (2,2) width 18: "col"
                  text run at (2,22) width 8: "3"
              RenderTableCell {TD} at (267,324) size 32x44 [bgcolor=#ADD8E6] [border: (1px inset #808080)] [r=7 c=5 rs=1 cs=1]
                RenderText {#text} at (2,2) size 18x39
                  text run at (2,2) width 18: "col"
                  text run at (2,22) width 8: "4"
              RenderTableCell {TD} at (301,324) size 32x44 [bgcolor=#ADD8E6] [border: (1px inset #808080)] [r=7 c=6 rs=1 cs=1]
                RenderText {#text} at (2,2) size 18x39
                  text run at (2,2) width 18: "col"
                  text run at (2,22) width 8: "5"
              RenderTableCell {TD} at (335,324) size 32x44 [bgcolor=#ADD8E6] [border: (1px inset #808080)] [r=7 c=7 rs=1 cs=1]
                RenderText {#text} at (2,2) size 18x39
                  text run at (2,2) width 18: "col"
                  text run at (2,22) width 8: "6"
              RenderTableCell {TD} at (369,324) size 32x44 [bgcolor=#ADD8E6] [border: (1px inset #808080)] [r=7 c=8 rs=1 cs=1]
                RenderText {#text} at (2,2) size 18x39
                  text run at (2,2) width 18: "col"
                  text run at (2,22) width 8: "7"
              RenderTableCell {TD} at (403,324) size 32x44 [bgcolor=#ADD8E6] [border: (1px inset #808080)] [r=7 c=9 rs=1 cs=1]
                RenderText {#text} at (2,2) size 18x39
                  text run at (2,2) width 18: "col"
                  text run at (2,22) width 8: "8"
              RenderTableCell {TD} at (437,324) size 32x44 [bgcolor=#ADD8E6] [border: (1px inset #808080)] [r=7 c=10 rs=1 cs=1]
                RenderText {#text} at (2,2) size 18x39
                  text run at (2,2) width 18: "col"
                  text run at (2,22) width 8: "9"
            RenderTableRow {TR} at (0,370) size 471x44
              RenderTableCell {TD} at (165,370) size 32x44 [bgcolor=#ADD8E6] [border: (1px inset #808080)] [r=8 c=2 rs=1 cs=1]
                RenderText {#text} at (2,2) size 18x39
                  text run at (2,2) width 18: "col"
                  text run at (2,22) width 8: "1"
              RenderTableCell {TD} at (199,370) size 32x44 [bgcolor=#ADD8E6] [border: (1px inset #808080)] [r=8 c=3 rs=1 cs=1]
                RenderText {#text} at (2,2) size 18x39
                  text run at (2,2) width 18: "col"
                  text run at (2,22) width 8: "2"
              RenderTableCell {TD} at (233,370) size 32x44 [bgcolor=#ADD8E6] [border: (1px inset #808080)] [r=8 c=4 rs=1 cs=1]
                RenderText {#text} at (2,2) size 18x39
                  text run at (2,2) width 18: "col"
                  text run at (2,22) width 8: "3"
              RenderTableCell {TD} at (267,370) size 32x44 [bgcolor=#ADD8E6] [border: (1px inset #808080)] [r=8 c=5 rs=1 cs=1]
                RenderText {#text} at (2,2) size 18x39
                  text run at (2,2) width 18: "col"
                  text run at (2,22) width 8: "4"
              RenderTableCell {TD} at (301,370) size 32x44 [bgcolor=#ADD8E6] [border: (1px inset #808080)] [r=8 c=6 rs=1 cs=1]
                RenderText {#text} at (2,2) size 18x39
                  text run at (2,2) width 18: "col"
                  text run at (2,22) width 8: "5"
              RenderTableCell {TD} at (335,370) size 32x44 [bgcolor=#ADD8E6] [border: (1px inset #808080)] [r=8 c=7 rs=1 cs=1]
                RenderText {#text} at (2,2) size 18x39
                  text run at (2,2) width 18: "col"
                  text run at (2,22) width 8: "6"
              RenderTableCell {TD} at (369,370) size 32x44 [bgcolor=#ADD8E6] [border: (1px inset #808080)] [r=8 c=8 rs=1 cs=1]
                RenderText {#text} at (2,2) size 18x39
                  text run at (2,2) width 18: "col"
                  text run at (2,22) width 8: "7"
              RenderTableCell {TD} at (403,370) size 32x44 [bgcolor=#ADD8E6] [border: (1px inset #808080)] [r=8 c=9 rs=1 cs=1]
                RenderText {#text} at (2,2) size 18x39
                  text run at (2,2) width 18: "col"
                  text run at (2,22) width 8: "8"
              RenderTableCell {TD} at (437,370) size 32x44 [bgcolor=#ADD8E6] [border: (1px inset #808080)] [r=8 c=10 rs=1 cs=1]
                RenderText {#text} at (2,2) size 18x39
                  text run at (2,2) width 18: "col"
                  text run at (2,22) width 8: "9"
            RenderTableRow {TR} at (0,416) size 471x44
              RenderTableCell {TD} at (165,416) size 32x44 [bgcolor=#ADD8E6] [border: (1px inset #808080)] [r=9 c=2 rs=1 cs=1]
                RenderText {#text} at (2,2) size 18x39
                  text run at (2,2) width 18: "col"
                  text run at (2,22) width 8: "1"
              RenderTableCell {TD} at (199,416) size 32x44 [bgcolor=#ADD8E6] [border: (1px inset #808080)] [r=9 c=3 rs=1 cs=1]
                RenderText {#text} at (2,2) size 18x39
                  text run at (2,2) width 18: "col"
                  text run at (2,22) width 8: "2"
              RenderTableCell {TD} at (233,416) size 32x44 [bgcolor=#ADD8E6] [border: (1px inset #808080)] [r=9 c=4 rs=1 cs=1]
                RenderText {#text} at (2,2) size 18x39
                  text run at (2,2) width 18: "col"
                  text run at (2,22) width 8: "3"
              RenderTableCell {TD} at (267,416) size 32x44 [bgcolor=#ADD8E6] [border: (1px inset #808080)] [r=9 c=5 rs=1 cs=1]
                RenderText {#text} at (2,2) size 18x39
                  text run at (2,2) width 18: "col"
                  text run at (2,22) width 8: "4"
              RenderTableCell {TD} at (301,416) size 32x44 [bgcolor=#ADD8E6] [border: (1px inset #808080)] [r=9 c=6 rs=1 cs=1]
                RenderText {#text} at (2,2) size 18x39
                  text run at (2,2) width 18: "col"
                  text run at (2,22) width 8: "5"
              RenderTableCell {TD} at (335,416) size 32x44 [bgcolor=#ADD8E6] [border: (1px inset #808080)] [r=9 c=7 rs=1 cs=1]
                RenderText {#text} at (2,2) size 18x39
                  text run at (2,2) width 18: "col"
                  text run at (2,22) width 8: "6"
              RenderTableCell {TD} at (369,416) size 32x44 [bgcolor=#ADD8E6] [border: (1px inset #808080)] [r=9 c=8 rs=1 cs=1]
                RenderText {#text} at (2,2) size 18x39
                  text run at (2,2) width 18: "col"
                  text run at (2,22) width 8: "7"
              RenderTableCell {TD} at (403,416) size 32x44 [bgcolor=#ADD8E6] [border: (1px inset #808080)] [r=9 c=9 rs=1 cs=1]
                RenderText {#text} at (2,2) size 18x39
                  text run at (2,2) width 18: "col"
                  text run at (2,22) width 8: "8"
              RenderTableCell {TD} at (437,416) size 32x44 [bgcolor=#ADD8E6] [border: (1px inset #808080)] [r=9 c=10 rs=1 cs=1]
                RenderText {#text} at (2,2) size 18x39
                  text run at (2,2) width 18: "col"
                  text run at (2,22) width 8: "9"
      RenderBlock {P} at (0,2374) size 769x1
      RenderBlock {HR} at (0,2374) size 769x3 [border: (1px inset #000000)]
      RenderBlock (anonymous) at (0,2384) size 769x21
        RenderImage {IMG} at (0,2) size 13x13
        RenderText {#text} at (13,0) size 128x19
          text run at (13,0) width 128: " Created 9/19/96 by "
        RenderInline {A} at (0,0) size 77x19 [color=#0000EE]
          RenderText {#text} at (141,0) size 77x19
            text run at (141,0) width 77: "Ronald Greti"
        RenderBR {BR} at (218,15) size 0x0
      RenderBlock {P} at (0,2420) size 769x21
        RenderBR {BR} at (0,0) size 0x19
