layer at (0,0) size 785x3441
  RenderView at (0,0) size 785x600
layer at (0,0) size 785x3441
  RenderBlock {HTML} at (0,0) size 785x3441
    RenderBody {BODY} at (8,21) size 769x3412
      RenderBlock {H1} at (0,0) size 769x37
        RenderText {#text} at (0,0) size 500x37
          text run at (0,0) width 500: "The Residual Style Master Test Case"
      RenderBlock (anonymous) at (0,58) size 769x18
        RenderText {#text} at (0,0) size 739x18
          text run at (0,0) width 364: "This test case illustrates some residual style tag examples. "
          text run at (364,0) width 375: "Unless otherwise noted, the behavior should match Firefox."
      RenderBlock {H2} at (0,95) size 769x28
        RenderText {#text} at (0,0) size 132x28
          text run at (0,0) width 132: "Passing Tags"
      RenderBlock {HR} at (0,142) size 769x2 [border: (1px inset #000000)]
      RenderBlock (anonymous) at (0,152) size 769x18
        RenderText {#text} at (0,0) size 20x18
          text run at (0,0) width 20: "A: "
        RenderInline {A} at (0,0) size 63x18
          RenderInline {FONT} at (0,0) size 63x18 [color=#008000]
            RenderText {#text} at (20,0) size 63x18
              text run at (20,0) width 63: "All of this"
        RenderInline {FONT} at (0,0) size 104x18 [color=#008000]
          RenderText {#text} at (83,0) size 104x18
            text run at (83,0) width 104: " should be green"
        RenderText {#text} at (0,0) size 0x0
      RenderBlock {HR} at (0,178) size 769x2 [border: (1px inset #000000)]
      RenderBlock (anonymous) at (0,188) size 769x18
        RenderText {#text} at (0,0) size 53x18
          text run at (0,0) width 53: "ABBR: "
        RenderInline {ABBR} at (0,0) size 63x18
          RenderInline {FONT} at (0,0) size 63x18 [color=#008000]
            RenderText {#text} at (53,0) size 63x18
              text run at (53,0) width 63: "All of this"
        RenderInline {FONT} at (0,0) size 104x18 [color=#008000]
          RenderText {#text} at (116,0) size 104x18
            text run at (116,0) width 104: " should be green"
        RenderText {#text} at (0,0) size 0x0
      RenderBlock {HR} at (0,214) size 769x2 [border: (1px inset #000000)]
      RenderBlock (anonymous) at (0,224) size 769x18
        RenderText {#text} at (0,0) size 92x18
          text run at (0,0) width 92: "ACRONYM: "
        RenderInline {ACRONYM} at (0,0) size 63x18
          RenderInline {FONT} at (0,0) size 63x18 [color=#008000]
            RenderText {#text} at (92,0) size 63x18
              text run at (92,0) width 63: "All of this"
        RenderInline {FONT} at (0,0) size 104x18 [color=#008000]
          RenderText {#text} at (155,0) size 104x18
            text run at (155,0) width 104: " should be green"
        RenderText {#text} at (0,0) size 0x0
      RenderBlock {HR} at (0,250) size 769x2 [border: (1px inset #000000)]
      RenderBlock (anonymous) at (0,260) size 769x18
        RenderText {#text} at (0,0) size 83x18
          text run at (0,0) width 83: "ADDRESS: "
        RenderInline {ADDRESS} at (0,0) size 63x18
          RenderInline {FONT} at (0,0) size 63x18 [color=#008000]
            RenderText {#text} at (83,0) size 63x18
              text run at (83,0) width 63: "All of this"
        RenderInline {FONT} at (0,0) size 104x18 [color=#008000]
          RenderText {#text} at (146,0) size 104x18
            text run at (146,0) width 104: " should be green"
        RenderText {#text} at (0,0) size 0x0
      RenderBlock {HR} at (0,286) size 769x2 [border: (1px inset #000000)]
      RenderBlock (anonymous) at (0,296) size 769x18
        RenderText {#text} at (0,0) size 68x18
          text run at (0,0) width 68: "APPLET: "
        RenderText {#text} at (68,0) size 171x18
          text run at (68,0) width 171: "All of this should be green."
      RenderBlock {HR} at (0,322) size 769x2 [border: (1px inset #000000)]
      RenderBlock (anonymous) at (0,332) size 769x18
        RenderText {#text} at (0,0) size 53x18
          text run at (0,0) width 53: "AREA: "
        RenderInline {MAP} at (0,0) size 0x18
          RenderInline {FONT} at (0,0) size 0x18 [color=#008000]
        RenderInline {FONT} at (0,0) size 171x18 [color=#008000]
          RenderText {#text} at (53,0) size 171x18
            text run at (53,0) width 171: "All of this should be green."
        RenderText {#text} at (0,0) size 0x0
      RenderBlock {HR} at (0,358) size 769x2 [border: (1px inset #000000)]
      RenderBlock (anonymous) at (0,368) size 769x18
        RenderText {#text} at (0,0) size 19x18
          text run at (0,0) width 19: "B: "
        RenderInline {B} at (0,0) size 0x18
          RenderInline {FONT} at (0,0) size 0x18 [color=#008000]
        RenderInline {FONT} at (0,0) size 171x18 [color=#008000]
          RenderText {#text} at (19,0) size 171x18
            text run at (19,0) width 171: "All of this should be green."
        RenderText {#text} at (0,0) size 0x0
      RenderBlock {HR} at (0,394) size 769x2 [border: (1px inset #000000)]
      RenderBlock (anonymous) at (0,404) size 769x18
        RenderText {#text} at (0,0) size 43x18
          text run at (0,0) width 43: "BDO: "
        RenderInline {BDO} at (0,0) size 0x18
          RenderInline {FONT} at (0,0) size 0x18 [color=#008000]
        RenderInline {FONT} at (0,0) size 171x18 [color=#008000]
          RenderText {#text} at (43,0) size 171x18
            text run at (43,0) width 171: "All of this should be green."
        RenderText {#text} at (0,0) size 0x0
      RenderBlock {HR} at (0,430) size 769x2 [border: (1px inset #000000)]
      RenderBlock (anonymous) at (0,440) size 769x22
        RenderText {#text} at (0,3) size 36x18
          text run at (0,3) width 36: "BIG: "
        RenderInline {BIG} at (0,0) size 0x22
          RenderInline {FONT} at (0,0) size 0x22 [color=#008000]
        RenderInline {FONT} at (0,0) size 171x18 [color=#008000]
          RenderText {#text} at (36,3) size 171x18
            text run at (36,3) width 171: "All of this should be green."
        RenderText {#text} at (0,0) size 0x0
      RenderBlock {HR} at (0,470) size 769x2 [border: (1px inset #000000)]
      RenderBlock (anonymous) at (0,480) size 769x18
        RenderText {#text} at (0,0) size 120x18
          text run at (0,0) width 120: "BLOCKQUOTE: "
        RenderInline {BLOCKQUOTE} at (0,0) size 0x18
          RenderInline {FONT} at (0,0) size 0x18 [color=#008000]
        RenderInline {FONT} at (0,0) size 171x18 [color=#008000]
          RenderText {#text} at (120,0) size 171x18
            text run at (120,0) width 171: "All of this should be green."
        RenderText {#text} at (0,0) size 0x0
      RenderBlock {HR} at (0,506) size 769x2 [border: (1px inset #000000)]
      RenderBlock (anonymous) at (0,516) size 769x23
        RenderText {#text} at (0,5) size 75x18
          text run at (0,5) width 75: "BUTTON: "
        RenderButton {BUTTON} at (75,2) size 4x15 [bgcolor=#C0C0C0] [border: (2px outset #C0C0C0) none (2px outset #C0C0C0)]
          RenderBlock (anonymous) at (2,7) size 0x0
            RenderInline {FONT} at (0,0) size 0x0 [color=#008000]
        RenderInline {FONT} at (0,0) size 171x18 [color=#008000]
          RenderText {#text} at (79,5) size 171x18
            text run at (79,5) width 171: "All of this should be green."
        RenderText {#text} at (0,0) size 0x0
      RenderBlock {HR} at (0,547) size 769x2 [border: (1px inset #000000)]
      RenderBlock (anonymous) at (0,557) size 769x18
        RenderText {#text} at (0,0) size 76x18
          text run at (0,0) width 76: "CANVAS: "
        RenderHTMLCanvas {CANVAS} at (76,14) size 0x0
        RenderInline {FONT} at (0,0) size 171x18 [color=#008000]
          RenderText {#text} at (76,0) size 171x18
            text run at (76,0) width 171: "All of this should be green."
        RenderText {#text} at (0,0) size 0x0
      RenderBlock {HR} at (0,583) size 769x2 [border: (1px inset #000000)]
      RenderBlock (anonymous) at (0,593) size 769x18
        RenderText {#text} at (0,0) size 79x18
          text run at (0,0) width 79: "CAPTION: "
        RenderInline {FONT} at (0,0) size 173x18 [color=#008000]
          RenderTable {TABLE} at (79,14) size 2x0
            RenderBlock {CAPTION} at (0,0) size 2x0
              RenderInline {FONT} at (0,0) size 0x0 [color=#FF0000]
          RenderText {#text} at (81,0) size 171x18
            text run at (81,0) width 171: "All of this should be green."
        RenderText {#text} at (0,0) size 0x0
      RenderBlock {HR} at (0,619) size 769x2 [border: (1px inset #000000)]
      RenderBlock (anonymous) at (0,629) size 769x18
        RenderText {#text} at (0,0) size 72x18
          text run at (0,0) width 72: "CENTER: "
        RenderInline {CENTER} at (0,0) size 0x18
          RenderInline {FONT} at (0,0) size 0x18 [color=#008000]
        RenderInline {FONT} at (0,0) size 171x18 [color=#008000]
          RenderText {#text} at (72,0) size 171x18
            text run at (72,0) width 171: "All of this should be green."
        RenderText {#text} at (0,0) size 0x0
      RenderBlock {HR} at (0,655) size 769x2 [border: (1px inset #000000)]
      RenderBlock (anonymous) at (0,665) size 769x18
        RenderText {#text} at (0,0) size 44x18
          text run at (0,0) width 44: "CITE: "
        RenderInline {CITE} at (0,0) size 0x18
          RenderInline {FONT} at (0,0) size 0x18 [color=#008000]
        RenderInline {FONT} at (0,0) size 171x18 [color=#008000]
          RenderText {#text} at (44,0) size 171x18
            text run at (44,0) width 171: "All of this should be green."
        RenderText {#text} at (0,0) size 0x0
      RenderBlock {HR} at (0,691) size 769x2 [border: (1px inset #000000)]
      RenderBlock (anonymous) at (0,701) size 769x18
        RenderText {#text} at (0,0) size 53x18
          text run at (0,0) width 53: "CODE: "
        RenderInline {CODE} at (0,0) size 0x15
          RenderInline {FONT} at (0,0) size 0x15 [color=#008000]
        RenderInline {FONT} at (0,0) size 171x18 [color=#008000]
          RenderText {#text} at (53,0) size 171x18
            text run at (53,0) width 171: "All of this should be green."
        RenderText {#text} at (0,0) size 0x0
      RenderBlock {HR} at (0,727) size 769x2 [border: (1px inset #000000)]
      RenderBlock (anonymous) at (0,737) size 769x18
        RenderText {#text} at (0,0) size 41x18
          text run at (0,0) width 41: "COL: "
        RenderInline {FONT} at (0,0) size 173x18 [color=#008000]
          RenderInline {FONT} at (0,0) size 0x18 [color=#FF0000]
          RenderTable {TABLE} at (41,14) size 2x0
            RenderTableCol {COLGROUP} at (0,0) size 0x0
              RenderTableCol {COL} at (0,0) size 0x0
          RenderInline {FONT} at (0,0) size 171x18 [color=#FF0000]
            RenderText {#text} at (43,0) size 171x18
              text run at (43,0) width 171: "All of this should be green."
        RenderText {#text} at (0,0) size 0x0
      RenderBlock {HR} at (0,763) size 769x2 [border: (1px inset #000000)]
      RenderBlock (anonymous) at (0,773) size 769x18
        RenderText {#text} at (0,0) size 97x18
          text run at (0,0) width 97: "COLGROUP: "
        RenderInline {FONT} at (0,0) size 173x18 [color=#008000]
          RenderInline {FONT} at (0,0) size 0x18 [color=#FF0000]
          RenderTable {TABLE} at (97,14) size 2x0
            RenderTableCol {COLGROUP} at (0,0) size 0x0
          RenderInline {FONT} at (0,0) size 171x18 [color=#FF0000]
            RenderText {#text} at (99,0) size 171x18
              text run at (99,0) width 171: "All of this should be green."
        RenderText {#text} at (0,0) size 0x0
      RenderBlock {HR} at (0,799) size 769x2 [border: (1px inset #000000)]
      RenderBlock (anonymous) at (0,809) size 769x18
        RenderText {#text} at (0,0) size 32x18
          text run at (0,0) width 32: "DD: "
        RenderInline {DL} at (0,0) size 0x18
          RenderInline {DD} at (0,0) size 0x18
            RenderInline {FONT} at (0,0) size 0x18 [color=#008000]
        RenderInline {FONT} at (0,0) size 171x18 [color=#008000]
          RenderText {#text} at (32,0) size 171x18
            text run at (32,0) width 171: "All of this should be green."
        RenderText {#text} at (0,0) size 0x0
      RenderBlock {HR} at (0,835) size 769x2 [border: (1px inset #000000)]
      RenderBlock (anonymous) at (0,845) size 769x18
        RenderText {#text} at (0,0) size 40x18
          text run at (0,0) width 40: "DEL: "
        RenderInline {DEL} at (0,0) size 0x18
          RenderInline {FONT} at (0,0) size 0x18 [color=#008000]
        RenderInline {FONT} at (0,0) size 171x18 [color=#008000]
          RenderText {#text} at (40,0) size 171x18
            text run at (40,0) width 171: "All of this should be green."
        RenderText {#text} at (0,0) size 0x0
      RenderBlock {HR} at (0,871) size 769x2 [border: (1px inset #000000)]
      RenderBlock (anonymous) at (0,881) size 769x18
        RenderText {#text} at (0,0) size 41x18
          text run at (0,0) width 41: "DFN: "
        RenderInline {DFN} at (0,0) size 0x18
          RenderInline {FONT} at (0,0) size 0x18 [color=#008000]
        RenderInline {FONT} at (0,0) size 171x18 [color=#008000]
          RenderText {#text} at (41,0) size 171x18
            text run at (41,0) width 171: "All of this should be green."
        RenderText {#text} at (0,0) size 0x0
      RenderBlock {HR} at (0,907) size 769x2 [border: (1px inset #000000)]
      RenderBlock (anonymous) at (0,917) size 769x18
        RenderText {#text} at (0,0) size 36x18
          text run at (0,0) width 36: "DIR: "
        RenderInline {DIR} at (0,0) size 0x18
          RenderInline {FONT} at (0,0) size 0x18 [color=#008000]
        RenderInline {FONT} at (0,0) size 171x18 [color=#008000]
          RenderText {#text} at (36,0) size 171x18
            text run at (36,0) width 171: "All of this should be green."
        RenderText {#text} at (0,0) size 0x0
      RenderBlock {HR} at (0,943) size 769x2 [border: (1px inset #000000)]
      RenderBlock (anonymous) at (0,953) size 769x18
        RenderText {#text} at (0,0) size 37x18
          text run at (0,0) width 37: "DIV: "
        RenderInline {DIV} at (0,0) size 0x18
          RenderInline {FONT} at (0,0) size 0x18 [color=#008000]
        RenderInline {FONT} at (0,0) size 171x18 [color=#008000]
          RenderText {#text} at (37,0) size 171x18
            text run at (37,0) width 171: "All of this should be green."
        RenderText {#text} at (0,0) size 0x0
      RenderBlock {HR} at (0,979) size 769x2 [border: (1px inset #000000)]
      RenderBlock (anonymous) at (0,989) size 769x18
        RenderText {#text} at (0,0) size 30x18
          text run at (0,0) width 30: "DL: "
        RenderInline {DL} at (0,0) size 0x18
          RenderInline {FONT} at (0,0) size 0x18 [color=#008000]
        RenderInline {FONT} at (0,0) size 171x18 [color=#008000]
          RenderText {#text} at (30,0) size 171x18
            text run at (30,0) width 171: "All of this should be green."
        RenderText {#text} at (0,0) size 0x0
      RenderBlock {HR} at (0,1015) size 769x2 [border: (1px inset #000000)]
      RenderBlock (anonymous) at (0,1025) size 769x18
        RenderText {#text} at (0,0) size 30x18
          text run at (0,0) width 30: "DT: "
        RenderInline {DL} at (0,0) size 0x18
          RenderInline {DT} at (0,0) size 0x18
            RenderInline {FONT} at (0,0) size 0x18 [color=#008000]
        RenderInline {FONT} at (0,0) size 171x18 [color=#008000]
          RenderText {#text} at (30,0) size 171x18
            text run at (30,0) width 171: "All of this should be green."
        RenderText {#text} at (0,0) size 0x0
      RenderBlock {HR} at (0,1051) size 769x2 [border: (1px inset #000000)]
      RenderBlock (anonymous) at (0,1061) size 769x18
        RenderText {#text} at (0,0) size 32x18
          text run at (0,0) width 32: "EM: "
        RenderInline {EM} at (0,0) size 0x18
          RenderInline {FONT} at (0,0) size 0x18 [color=#008000]
        RenderInline {FONT} at (0,0) size 171x18 [color=#008000]
          RenderText {#text} at (32,0) size 171x18
            text run at (32,0) width 171: "All of this should be green."
        RenderText {#text} at (0,0) size 0x0
      RenderBlock {HR} at (0,1087) size 769x2 [border: (1px inset #000000)]
      RenderBlock (anonymous) at (0,1097) size 769x18
        RenderText {#text} at (0,0) size 65x18
          text run at (0,0) width 65: "EMBED: "
        RenderEmbeddedObject {EMBED} at (65,14) size 0x0
        RenderInline {FONT} at (0,0) size 171x18 [color=#008000]
          RenderText {#text} at (65,0) size 171x18
            text run at (65,0) width 171: "All of this should be green."
        RenderText {#text} at (0,0) size 0x0
      RenderBlock {HR} at (0,1123) size 769x2 [border: (1px inset #000000)]
      RenderBlock (anonymous) at (0,1133) size 769x18
        RenderText {#text} at (0,0) size 83x18
          text run at (0,0) width 83: "FIELDSET: "
        RenderFieldSet {FIELDSET} at (83,14) size 0x0
          RenderInline {FONT} at (0,0) size 0x0 [color=#008000]
        RenderInline {FONT} at (0,0) size 171x18 [color=#008000]
          RenderText {#text} at (83,0) size 171x18
            text run at (83,0) width 171: "All of this should be green."
        RenderText {#text} at (0,0) size 0x0
      RenderBlock {HR} at (0,1159) size 769x2 [border: (1px inset #000000)]
      RenderBlock (anonymous) at (0,1169) size 769x18
        RenderText {#text} at (0,0) size 51x18
          text run at (0,0) width 51: "FONT: "
        RenderInline {FONT} at (0,0) size 0x18 [color=#008000]
          RenderInline {I} at (0,0) size 0x18
        RenderInline {I} at (0,0) size 171x18 [color=#008000]
          RenderText {#text} at (51,0) size 171x18
            text run at (51,0) width 171: "All of this should be green."
        RenderText {#text} at (0,0) size 0x0
      RenderBlock {HR} at (0,1195) size 769x2 [border: (1px inset #000000)]
      RenderBlock (anonymous) at (0,1205) size 769x18
        RenderText {#text} at (0,0) size 54x18
          text run at (0,0) width 54: "FORM: "
        RenderInline {FORM} at (0,0) size 171x18
          RenderInline {FONT} at (0,0) size 171x18 [color=#008000]
            RenderText {#text} at (54,0) size 171x18
              text run at (54,0) width 171: "All of this should be green."
        RenderText {#text} at (0,0) size 0x0
      RenderBlock {HR} at (0,1231) size 769x2 [border: (1px inset #000000)]
      RenderBlock (anonymous) at (0,1241) size 769x18
        RenderText {#text} at (0,0) size 24x18
          text run at (0,0) width 24: "H1:"
      RenderBlock {H1} at (0,1280) size 769x0
        RenderInline {FONT} at (0,0) size 0x0 [color=#008000]
      RenderBlock (anonymous) at (0,1280) size 769x18
        RenderInline {FONT} at (0,0) size 171x18 [color=#008000]
          RenderText {#text} at (0,0) size 171x18
            text run at (0,0) width 171: "All of this should be green."
        RenderText {#text} at (0,0) size 0x0
      RenderBlock {HR} at (0,1306) size 769x2 [border: (1px inset #000000)]
      RenderBlock (anonymous) at (0,1316) size 769x18
        RenderText {#text} at (0,0) size 24x18
          text run at (0,0) width 24: "H2:"
      RenderBlock {H2} at (0,1353) size 769x0
        RenderInline {FONT} at (0,0) size 0x0 [color=#008000]
      RenderBlock (anonymous) at (0,1353) size 769x18
        RenderInline {FONT} at (0,0) size 171x18 [color=#008000]
          RenderText {#text} at (0,0) size 171x18
            text run at (0,0) width 171: "All of this should be green."
        RenderText {#text} at (0,0) size 0x0
      RenderBlock {HR} at (0,1379) size 769x2 [border: (1px inset #000000)]
      RenderBlock (anonymous) at (0,1389) size 769x18
        RenderText {#text} at (0,0) size 24x18
          text run at (0,0) width 24: "H3:"
      RenderBlock {H3} at (0,1425) size 769x0
        RenderInline {FONT} at (0,0) size 0x0 [color=#008000]
      RenderBlock (anonymous) at (0,1425) size 769x18
        RenderInline {FONT} at (0,0) size 171x18 [color=#008000]
          RenderText {#text} at (0,0) size 171x18
            text run at (0,0) width 171: "All of this should be green."
        RenderText {#text} at (0,0) size 0x0
      RenderBlock {HR} at (0,1451) size 769x2 [border: (1px inset #000000)]
      RenderBlock (anonymous) at (0,1461) size 769x18
        RenderText {#text} at (0,0) size 24x18
          text run at (0,0) width 24: "H4:"
      RenderBlock {H4} at (0,1500) size 769x0
        RenderInline {FONT} at (0,0) size 0x0 [color=#008000]
      RenderBlock (anonymous) at (0,1500) size 769x18
        RenderInline {FONT} at (0,0) size 171x18 [color=#008000]
          RenderText {#text} at (0,0) size 171x18
            text run at (0,0) width 171: "All of this should be green."
        RenderText {#text} at (0,0) size 0x0
      RenderBlock {HR} at (0,1526) size 769x2 [border: (1px inset #000000)]
      RenderBlock (anonymous) at (0,1536) size 769x18
        RenderText {#text} at (0,0) size 24x18
          text run at (0,0) width 24: "H5:"
      RenderBlock {H5} at (0,1576) size 769x0
        RenderInline {FONT} at (0,0) size 0x0 [color=#008000]
      RenderBlock (anonymous) at (0,1576) size 769x18
        RenderInline {FONT} at (0,0) size 171x18 [color=#008000]
          RenderText {#text} at (0,0) size 171x18
            text run at (0,0) width 171: "All of this should be green."
        RenderText {#text} at (0,0) size 0x0
      RenderBlock {HR} at (0,1602) size 769x2 [border: (1px inset #000000)]
      RenderBlock (anonymous) at (0,1612) size 769x18
        RenderText {#text} at (0,0) size 24x18
          text run at (0,0) width 24: "H6:"
      RenderBlock {H6} at (0,1654) size 769x0
        RenderInline {FONT} at (0,0) size 0x0 [color=#008000]
      RenderBlock (anonymous) at (0,1654) size 769x18
        RenderInline {FONT} at (0,0) size 171x18 [color=#008000]
          RenderText {#text} at (0,0) size 171x18
            text run at (0,0) width 171: "All of this should be green."
        RenderText {#text} at (0,0) size 0x0
      RenderBlock {HR} at (0,1680) size 769x2 [border: (1px inset #000000)]
      RenderBlock (anonymous) at (0,1690) size 769x18
        RenderText {#text} at (0,0) size 13x18
          text run at (0,0) width 13: "I: "
        RenderInline {I} at (0,0) size 0x18
          RenderInline {FONT} at (0,0) size 0x18 [color=#008000]
        RenderInline {FONT} at (0,0) size 171x18 [color=#008000]
          RenderText {#text} at (13,0) size 171x18
            text run at (13,0) width 171: "All of this should be green."
        RenderText {#text} at (0,0) size 0x0
      RenderBlock {HR} at (0,1716) size 769x2 [border: (1px inset #000000)]
      RenderBlock (anonymous) at (0,1726) size 769x18
        RenderText {#text} at (0,0) size 34x18
          text run at (0,0) width 34: "INS: "
        RenderInline {INS} at (0,0) size 0x18
          RenderInline {FONT} at (0,0) size 0x18 [color=#008000]
        RenderInline {FONT} at (0,0) size 171x18 [color=#008000]
          RenderText {#text} at (34,0) size 171x18
            text run at (34,0) width 171: "All of this should be green."
        RenderText {#text} at (0,0) size 0x0
      RenderBlock {HR} at (0,1752) size 769x2 [border: (1px inset #000000)]
      RenderBlock (anonymous) at (0,1762) size 769x18
        RenderText {#text} at (0,0) size 69x18
          text run at (0,0) width 69: "ISINDEX:"
        RenderInline {FORM} at (0,0) size 0x0
      RenderBlock (anonymous) at (0,1788) size 769x2
        RenderBlock {HR} at (0,0) size 769x2 [border: (1px inset #000000)]
      RenderBlock (anonymous) at (0,1798) size 769x23
        RenderInline {FORM} at (0,0) size 449x18
          RenderInline {LABEL} at (0,0) size 449x18
            RenderText {#text} at (0,2) size 322x18
              text run at (0,2) width 322: "This is a searchable index. Enter search keywords: "
            RenderTextControl {INPUT} at (324,2) size 123x19 [bgcolor=#FFFFFF] [border: (2px inset #000000)]
      RenderBlock (anonymous) at (0,1829) size 769x2
        RenderBlock {HR} at (0,0) size 769x2 [border: (1px inset #000000)]
      RenderBlock (anonymous) at (0,1839) size 769x18
        RenderInline {FORM} at (0,0) size 0x0
        RenderInline {FONT} at (0,0) size 171x18 [color=#008000]
          RenderText {#text} at (0,0) size 171x18
            text run at (0,0) width 171: "All of this should be green."
        RenderText {#text} at (0,0) size 0x0
      RenderBlock {HR} at (0,1865) size 769x2 [border: (1px inset #000000)]
      RenderBlock (anonymous) at (0,1875) size 769x18
        RenderText {#text} at (0,0) size 43x18
          text run at (0,0) width 43: "KBD: "
        RenderInline {KBD} at (0,0) size 0x15
          RenderInline {FONT} at (0,0) size 0x15 [color=#008000]
        RenderInline {FONT} at (0,0) size 171x18 [color=#008000]
          RenderText {#text} at (43,0) size 171x18
            text run at (43,0) width 171: "All of this should be green."
        RenderText {#text} at (0,0) size 0x0
      RenderBlock {HR} at (0,1901) size 769x2 [border: (1px inset #000000)]
      RenderBlock (anonymous) at (0,1911) size 769x22
        RenderText {#text} at (0,1) size 76x18
          text run at (0,1) width 76: "KEYGEN: "
        RenderBlock {KEYGEN} at (78,2) size 148x18
          RenderMenuList {SELECT} at (0,0) size 148x18 [bgcolor=#FFFFFF]
            RenderBlock (anonymous) at (0,0) size 148x18
              RenderText at (8,2) size 99x13
                text run at (8,2) width 99: "2048 (High Grade)"
        RenderInline {FONT} at (0,0) size 171x18 [color=#008000]
          RenderText {#text} at (228,1) size 171x18
            text run at (228,1) width 171: "All of this should be green."
        RenderText {#text} at (0,0) size 0x0
      RenderBlock {HR} at (0,1941) size 769x2 [border: (1px inset #000000)]
      RenderBlock (anonymous) at (0,1951) size 769x18
        RenderText {#text} at (0,0) size 61x18
          text run at (0,0) width 61: "LABEL: "
        RenderInline {LABEL} at (0,0) size 0x18
          RenderInline {FONT} at (0,0) size 0x18 [color=#008000]
        RenderInline {FONT} at (0,0) size 171x18 [color=#008000]
          RenderText {#text} at (61,0) size 171x18
            text run at (61,0) width 171: "All of this should be green."
        RenderText {#text} at (0,0) size 0x0
      RenderBlock {HR} at (0,1977) size 769x2 [border: (1px inset #000000)]
      RenderBlock (anonymous) at (0,1987) size 769x18
        RenderText {#text} at (0,0) size 74x18
          text run at (0,0) width 74: "LEGEND: "
        RenderFieldSet {FIELDSET} at (74,14) size 4x0
          RenderBlock {LEGEND} at (0,0) size 4x0
            RenderInline {FONT} at (0,0) size 0x0 [color=#008000]
        RenderInline {FONT} at (0,0) size 171x18 [color=#008000]
          RenderText {#text} at (78,0) size 171x18
            text run at (78,0) width 171: "All of this should be green."
        RenderText {#text} at (0,0) size 0x0
      RenderBlock {HR} at (0,2013) size 769x2 [border: (1px inset #000000)]
      RenderBlock (anonymous) at (0,2023) size 769x18
        RenderText {#text} at (0,0) size 23x18
          text run at (0,0) width 23: "LI: "
        RenderInline {LI} at (0,0) size 0x18
          RenderInline {FONT} at (0,0) size 0x18 [color=#008000]
        RenderInline {FONT} at (0,0) size 171x18 [color=#008000]
          RenderText {#text} at (23,0) size 171x18
            text run at (23,0) width 171: "All of this should be green."
        RenderText {#text} at (0,0) size 0x0
      RenderBlock {HR} at (0,2049) size 769x2 [border: (1px inset #000000)]
      RenderBlock (anonymous) at (0,2059) size 769x18
        RenderText {#text} at (0,0) size 67x18
          text run at (0,0) width 67: "LISTING:"
      RenderBlock {LISTING} at (0,2090) size 769x0
        RenderInline {FONT} at (0,0) size 0x0 [color=#008000]
      RenderBlock (anonymous) at (0,2090) size 769x18
        RenderInline {FONT} at (0,0) size 171x18 [color=#008000]
          RenderText {#text} at (0,0) size 171x18
            text run at (0,0) width 171: "All of this should be green."
        RenderText {#text} at (0,0) size 0x0
      RenderBlock {HR} at (0,2116) size 769x2 [border: (1px inset #000000)]
      RenderBlock (anonymous) at (0,2126) size 769x18
        RenderText {#text} at (0,0) size 43x18
          text run at (0,0) width 43: "MAP: "
        RenderInline {MAP} at (0,0) size 0x18
          RenderInline {FONT} at (0,0) size 0x18 [color=#008000]
        RenderInline {FONT} at (0,0) size 171x18 [color=#008000]
          RenderText {#text} at (43,0) size 171x18
            text run at (43,0) width 171: "All of this should be green."
        RenderText {#text} at (0,0) size 0x0
      RenderBlock {HR} at (0,2152) size 769x2 [border: (1px inset #000000)]
      RenderBlock (anonymous) at (0,2162) size 769x54
        RenderText {#text} at (0,0) size 89x18
          text run at (0,0) width 89: "MARQUEE: "
        RenderText {#text} at (0,36) size 171x18
          text run at (0,36) width 171: "All of this should be green."
      RenderBlock {HR} at (0,2224) size 769x2 [border: (1px inset #000000)]
      RenderBlock (anonymous) at (0,2234) size 769x18
        RenderText {#text} at (0,0) size 52x18
          text run at (0,0) width 52: "MENU:"
      RenderBlock {MENU} at (0,2268) size 769x0
        RenderInline {FONT} at (0,0) size 0x0 [color=#008000]
      RenderBlock (anonymous) at (0,2268) size 769x18
        RenderInline {FONT} at (0,0) size 171x18 [color=#008000]
          RenderText {#text} at (0,0) size 171x18
            text run at (0,0) width 171: "All of this should be green."
        RenderText {#text} at (0,0) size 0x0
      RenderBlock {HR} at (0,2294) size 769x2 [border: (1px inset #000000)]
      RenderBlock (anonymous) at (0,2304) size 769x18
        RenderText {#text} at (0,0) size 54x18
          text run at (0,0) width 54: "NOBR: "
        RenderInline {NOBR} at (0,0) size 0x18
          RenderInline {FONT} at (0,0) size 0x18 [color=#008000]
        RenderInline {FONT} at (0,0) size 171x18 [color=#008000]
          RenderText {#text} at (54,0) size 171x18
            text run at (54,0) width 171: "All of this should be green."
        RenderText {#text} at (0,0) size 0x0
      RenderBlock {HR} at (0,2330) size 769x2 [border: (1px inset #000000)]
      RenderBlock (anonymous) at (0,2340) size 769x18
        RenderText {#text} at (0,0) size 68x18
          text run at (0,0) width 68: "OBJECT: "
        RenderInline {FONT} at (0,0) size 171x18 [color=#008000]
          RenderInline {OBJECT} at (0,0) size 0x18
            RenderInline {FONT} at (0,0) size 0x18 [color=#FF0000]
          RenderText {#text} at (68,0) size 171x18
            text run at (68,0) width 171: "All of this should be green."
        RenderText {#text} at (0,0) size 0x0
      RenderBlock {HR} at (0,2366) size 769x2 [border: (1px inset #000000)]
      RenderBlock (anonymous) at (0,2376) size 769x18
        RenderText {#text} at (0,0) size 26x18
          text run at (0,0) width 26: "OL:"
      RenderBlock {OL} at (0,2410) size 769x0
        RenderInline {FONT} at (0,0) size 0x0 [color=#008000]
      RenderBlock (anonymous) at (0,2410) size 769x18
        RenderInline {FONT} at (0,0) size 171x18 [color=#008000]
          RenderText {#text} at (0,0) size 171x18
            text run at (0,0) width 171: "All of this should be green."
        RenderText {#text} at (0,0) size 0x0
      RenderBlock {HR} at (0,2436) size 769x2 [border: (1px inset #000000)]
      RenderBlock (anonymous) at (0,2446) size 769x22
        RenderText {#text} at (0,1) size 95x18
          text run at (0,1) width 95: "OPTGROUP: "
        RenderInline {FONT} at (0,0) size 232x18 [color=#008000]
          RenderMenuList {SELECT} at (97,2) size 53x18 [color=#000000] [bgcolor=#FFFFFF]
            RenderBlock (anonymous) at (0,0) size 53x18
              RenderText at (8,2) size 22x13
                text run at (8,2) width 22: "One"
          RenderText {#text} at (152,1) size 175x18
            text run at (152,1) width 175: " All of this should be green."
        RenderText {#text} at (0,0) size 0x0
      RenderBlock {HR} at (0,2476) size 769x2 [border: (1px inset #000000)]
      RenderBlock (anonymous) at (0,2486) size 769x22
        RenderText {#text} at (0,1) size 68x18
          text run at (0,1) width 68: "OPTION: "
        RenderInline {FONT} at (0,0) size 233x18 [color=#008000]
          RenderMenuList {SELECT} at (70,2) size 54x18 [color=#000000] [bgcolor=#FFFFFF]
            RenderBlock (anonymous) at (0,0) size 54x18
              RenderText at (8,2) size 22x13
                text run at (8,2) width 22: "One"
          RenderText {#text} at (126,1) size 175x18
            text run at (126,1) width 175: " All of this should be green."
        RenderText {#text} at (0,0) size 0x0
      RenderBlock {HR} at (0,2516) size 769x2 [border: (1px inset #000000)]
      RenderBlock (anonymous) at (0,2526) size 769x18
        RenderText {#text} at (0,0) size 17x18
          text run at (0,0) width 17: "P: "
        RenderInline {P} at (0,0) size 0x18
          RenderInline {FONT} at (0,0) size 0x18 [color=#008000]
        RenderInline {FONT} at (0,0) size 171x18 [color=#008000]
          RenderText {#text} at (17,0) size 171x18
            text run at (17,0) width 171: "All of this should be green."
        RenderText {#text} at (0,0) size 0x0
      RenderBlock {HR} at (0,2552) size 769x2 [border: (1px inset #000000)]
      RenderBlock (anonymous) at (0,2562) size 769x18
        RenderText {#text} at (0,0) size 66x18
          text run at (0,0) width 66: "PARAM: "
        RenderInline {FONT} at (0,0) size 171x18 [color=#008000]
          RenderInline {OBJECT} at (0,0) size 0x18
            RenderInline {FONT} at (0,0) size 0x18 [color=#FF0000]
          RenderText {#text} at (66,0) size 171x18
            text run at (66,0) width 171: "All of this should be green."
        RenderText {#text} at (0,0) size 0x0
      RenderBlock {HR} at (0,2588) size 769x2 [border: (1px inset #000000)]
      RenderBlock (anonymous) at (0,2598) size 769x18
        RenderText {#text} at (0,0) size 34x18
          text run at (0,0) width 34: "PRE:"
      RenderBlock {PRE} at (0,2629) size 769x0
        RenderInline {FONT} at (0,0) size 0x0 [color=#008000]
      RenderBlock (anonymous) at (0,2629) size 769x18
        RenderInline {FONT} at (0,0) size 171x18 [color=#008000]
          RenderText {#text} at (0,0) size 171x18
            text run at (0,0) width 171: "All of this should be green."
        RenderText {#text} at (0,0) size 0x0
      RenderBlock {HR} at (0,2655) size 769x2 [border: (1px inset #000000)]
      RenderBlock (anonymous) at (0,2665) size 769x18
        RenderText {#text} at (0,0) size 20x18
          text run at (0,0) width 20: "Q: "
        RenderInline {Q} at (0,0) size 14x18
          RenderInline (generated) at (0,0) size 7x18
            RenderQuote at (20,0) size 7x18
              text run at (20,0) width 7: "\""
          RenderInline {FONT} at (0,0) size 0x18 [color=#008000]
          RenderInline (generated) at (0,0) size 7x18
            RenderQuote at (27,0) size 7x18
              text run at (27,0) width 7: "\""
        RenderInline {FONT} at (0,0) size 171x18 [color=#008000]
          RenderText {#text} at (34,0) size 171x18
            text run at (34,0) width 171: "All of this should be green."
        RenderText {#text} at (0,0) size 0x0
      RenderBlock {HR} at (0,2691) size 769x2 [border: (1px inset #000000)]
      RenderBlock (anonymous) at (0,2701) size 769x18
        RenderText {#text} at (0,0) size 17x18
          text run at (0,0) width 17: "S: "
        RenderInline {S} at (0,0) size 0x18
          RenderInline {FONT} at (0,0) size 0x18 [color=#008000]
        RenderInline {FONT} at (0,0) size 171x18 [color=#008000]
          RenderText {#text} at (17,0) size 171x18
            text run at (17,0) width 171: "All of this should be green."
        RenderText {#text} at (0,0) size 0x0
      RenderBlock {HR} at (0,2727) size 769x2 [border: (1px inset #000000)]
      RenderBlock (anonymous) at (0,2737) size 769x18
        RenderText {#text} at (0,0) size 52x18
          text run at (0,0) width 52: "SAMP: "
        RenderInline {SAMP} at (0,0) size 0x15
          RenderInline {FONT} at (0,0) size 0x15 [color=#008000]
        RenderInline {FONT} at (0,0) size 171x18 [color=#008000]
          RenderText {#text} at (52,0) size 171x18
            text run at (52,0) width 171: "All of this should be green."
        RenderText {#text} at (0,0) size 0x0
      RenderBlock {HR} at (0,2763) size 769x2 [border: (1px inset #000000)]
      RenderBlock (anonymous) at (0,2773) size 769x22
        RenderText {#text} at (0,1) size 68x18
          text run at (0,1) width 68: "SELECT: "
        RenderInline {FONT} at (0,0) size 211x18 [color=#008000]
          RenderMenuList {SELECT} at (70,2) size 36x18 [color=#000000] [bgcolor=#FFFFFF]
            RenderBlock (anonymous) at (0,0) size 36x18
              RenderBR at (8,2) size 0x13 [bgcolor=#FFFFFF]
          RenderText {#text} at (108,1) size 171x18
            text run at (108,1) width 171: "All of this should be green."
        RenderText {#text} at (0,0) size 0x0
      RenderBlock {HR} at (0,2803) size 769x2 [border: (1px inset #000000)]
      RenderBlock (anonymous) at (0,2813) size 769x18
        RenderText {#text} at (0,0) size 63x18
          text run at (0,0) width 63: "SMALL: "
        RenderInline {SMALL} at (0,0) size 0x15
          RenderInline {FONT} at (0,0) size 0x15 [color=#008000]
        RenderInline {FONT} at (0,0) size 171x18 [color=#008000]
          RenderText {#text} at (63,0) size 171x18
            text run at (63,0) width 171: "All of this should be green."
        RenderText {#text} at (0,0) size 0x0
      RenderBlock {HR} at (0,2839) size 769x2 [border: (1px inset #000000)]
      RenderBlock (anonymous) at (0,2849) size 769x18
        RenderText {#text} at (0,0) size 50x18
          text run at (0,0) width 50: "SPAN: "
        RenderInline {SPAN} at (0,0) size 0x18
          RenderInline {FONT} at (0,0) size 0x18 [color=#008000]
        RenderInline {FONT} at (0,0) size 171x18 [color=#008000]
          RenderText {#text} at (50,0) size 171x18
            text run at (50,0) width 171: "All of this should be green."
        RenderText {#text} at (0,0) size 0x0
      RenderBlock {HR} at (0,2875) size 769x2 [border: (1px inset #000000)]
      RenderBlock (anonymous) at (0,2885) size 769x18
        RenderText {#text} at (0,0) size 65x18
          text run at (0,0) width 65: "STRIKE: "
        RenderInline {STRIKE} at (0,0) size 0x18
          RenderInline {FONT} at (0,0) size 0x18 [color=#008000]
        RenderInline {FONT} at (0,0) size 171x18 [color=#008000]
          RenderText {#text} at (65,0) size 171x18
            text run at (65,0) width 171: "All of this should be green."
        RenderText {#text} at (0,0) size 0x0
      RenderBlock {HR} at (0,2911) size 769x2 [border: (1px inset #000000)]
      RenderBlock (anonymous) at (0,2921) size 769x18
        RenderText {#text} at (0,0) size 74x18
          text run at (0,0) width 74: "STRONG: "
        RenderInline {STRONG} at (0,0) size 0x18
          RenderInline {FONT} at (0,0) size 0x18 [color=#008000]
        RenderInline {FONT} at (0,0) size 171x18 [color=#008000]
          RenderText {#text} at (74,0) size 171x18
            text run at (74,0) width 171: "All of this should be green."
        RenderText {#text} at (0,0) size 0x0
      RenderBlock {HR} at (0,2947) size 769x2 [border: (1px inset #000000)]
      RenderBlock (anonymous) at (0,2957) size 769x21
        RenderText {#text} at (0,0) size 40x18
          text run at (0,0) width 40: "SUB: "
        RenderInline {SUB} at (0,0) size 0x15
          RenderInline {FONT} at (0,0) size 0x15 [color=#008000]
        RenderInline {FONT} at (0,0) size 171x18 [color=#008000]
          RenderText {#text} at (40,0) size 171x18
            text run at (40,0) width 171: "All of this should be green."
        RenderText {#text} at (0,0) size 0x0
      RenderBlock {HR} at (0,2986) size 769x2 [border: (1px inset #000000)]
      RenderBlock (anonymous) at (0,2996) size 769x22
        RenderText {#text} at (0,4) size 38x18
          text run at (0,4) width 38: "SUP: "
        RenderInline {SUP} at (0,0) size 0x15
          RenderInline {FONT} at (0,0) size 0x15 [color=#008000]
        RenderInline {FONT} at (0,0) size 171x18 [color=#008000]
          RenderText {#text} at (38,4) size 171x18
            text run at (38,4) width 171: "All of this should be green."
        RenderText {#text} at (0,0) size 0x0
      RenderBlock {HR} at (0,3026) size 769x2 [border: (1px inset #000000)]
      RenderBlock (anonymous) at (0,3036) size 769x18
        RenderText {#text} at (0,0) size 61x18
          text run at (0,0) width 61: "TABLE: "
        RenderInline {FONT} at (0,0) size 173x18 [color=#008000]
          RenderInline {FONT} at (0,0) size 0x18 [color=#FF0000]
          RenderTable {TABLE} at (61,14) size 2x0
          RenderInline {FONT} at (0,0) size 171x18 [color=#FF0000]
            RenderText {#text} at (63,0) size 171x18
              text run at (63,0) width 171: "All of this should be green."
          RenderText {#text} at (0,0) size 0x0
      RenderBlock (anonymous) at (0,3062) size 769x2 [color=#008000]
        RenderBlock {HR} at (0,0) size 769x2 [border: (1px inset #008000)]
      RenderBlock (anonymous) at (0,3072) size 769x18
        RenderInline {FONT} at (0,0) size 238x18 [color=#008000]
          RenderText {#text} at (0,0) size 65x18
            text run at (0,0) width 65: "TBODY: "
          RenderInline {FONT} at (0,0) size 173x18
            RenderInline {FONT} at (0,0) size 0x18
            RenderTable {TABLE} at (65,12) size 2x2
              RenderTableSection {TBODY} at (0,0) size 2x2
            RenderInline {FONT} at (0,0) size 171x18
              RenderText {#text} at (67,0) size 171x18
                text run at (67,0) width 171: "All of this should be green."
            RenderText {#text} at (0,0) size 0x0
      RenderBlock (anonymous) at (0,3098) size 769x2 [color=#008000]
        RenderBlock {HR} at (0,0) size 769x2 [border: (1px inset #008000)]
      RenderBlock (anonymous) at (0,3108) size 769x18
        RenderInline {FONT} at (0,0) size 207x18 [color=#008000]
          RenderInline {FONT} at (0,0) size 207x18
            RenderText {#text} at (0,0) size 30x18
              text run at (0,0) width 30: "TD: "
            RenderInline {FONT} at (0,0) size 177x18
              RenderTable {TABLE} at (30,8) size 6x6
                RenderTableSection {TBODY} at (0,0) size 6x6
                  RenderTableRow {TR} at (0,2) size 6x2
                    RenderTableCell {TD} at (2,2) size 2x2 [r=0 c=0 rs=1 cs=1]
                      RenderInline {FONT} at (0,0) size 0x0 [color=#FF0000]
              RenderText {#text} at (36,0) size 171x18
                text run at (36,0) width 171: "All of this should be green."
            RenderText {#text} at (0,0) size 0x0
      RenderBlock (anonymous) at (0,3134) size 769x2 [color=#008000]
        RenderBlock {HR} at (0,0) size 769x2 [border: (1px inset #008000)]
      RenderBlock (anonymous) at (0,3144) size 769x18
        RenderInline {FONT} at (0,0) size 234x18 [color=#008000]
          RenderInline {FONT} at (0,0) size 234x18
            RenderText {#text} at (0,0) size 61x18
              text run at (0,0) width 61: "TFOOT: "
            RenderInline {FONT} at (0,0) size 173x18
              RenderInline {FONT} at (0,0) size 0x18
              RenderTable {TABLE} at (61,12) size 2x2
                RenderTableSection {TFOOT} at (0,0) size 2x2
              RenderInline {FONT} at (0,0) size 171x18
                RenderText {#text} at (63,0) size 171x18
                  text run at (63,0) width 171: "All of this should be green."
              RenderText {#text} at (0,0) size 0x0
      RenderBlock (anonymous) at (0,3170) size 769x2 [color=#008000]
        RenderBlock {HR} at (0,0) size 769x2 [border: (1px inset #008000)]
      RenderBlock (anonymous) at (0,3180) size 769x18
        RenderInline {FONT} at (0,0) size 237x18 [color=#008000]
          RenderInline {FONT} at (0,0) size 237x18
            RenderInline {FONT} at (0,0) size 237x18
              RenderText {#text} at (0,0) size 64x18
                text run at (0,0) width 64: "THEAD: "
              RenderInline {FONT} at (0,0) size 173x18
                RenderInline {FONT} at (0,0) size 0x18
                RenderTable {TABLE} at (64,12) size 2x2
                  RenderTableSection {THEAD} at (0,0) size 2x2
                RenderInline {FONT} at (0,0) size 171x18
                  RenderText {#text} at (66,0) size 171x18
                    text run at (66,0) width 171: "All of this should be green."
                RenderText {#text} at (0,0) size 0x0
      RenderBlock (anonymous) at (0,3206) size 769x2 [color=#008000]
        RenderBlock {HR} at (0,0) size 769x2 [border: (1px inset #008000)]
      RenderBlock (anonymous) at (0,3216) size 769x18
        RenderInline {FONT} at (0,0) size 202x18 [color=#008000]
          RenderInline {FONT} at (0,0) size 202x18
            RenderInline {FONT} at (0,0) size 202x18
              RenderInline {FONT} at (0,0) size 202x18
                RenderText {#text} at (0,0) size 29x18
                  text run at (0,0) width 29: "TR: "
                RenderInline {FONT} at (0,0) size 173x18
                  RenderInline {FONT} at (0,0) size 0x18
                  RenderTable {TABLE} at (29,10) size 2x4
                    RenderTableSection {TBODY} at (0,0) size 2x4
                      RenderTableRow {TR} at (0,2) size 2x0
                  RenderInline {FONT} at (0,0) size 171x18
                    RenderText {#text} at (31,0) size 171x18
                      text run at (31,0) width 171: "All of this should be green."
                  RenderText {#text} at (0,0) size 0x0
      RenderBlock (anonymous) at (0,3242) size 769x2 [color=#008000]
        RenderBlock {HR} at (0,0) size 769x2 [border: (1px inset #008000)]
      RenderBlock (anonymous) at (0,3252) size 769x18
        RenderInline {FONT} at (0,0) size 199x18 [color=#008000]
          RenderInline {FONT} at (0,0) size 199x18
            RenderInline {FONT} at (0,0) size 199x18
              RenderInline {FONT} at (0,0) size 199x18
                RenderInline {FONT} at (0,0) size 199x18
                  RenderText {#text} at (0,0) size 28x18
                    text run at (0,0) width 28: "TT: "
                  RenderInline {TT} at (0,0) size 0x15
                    RenderInline {FONT} at (0,0) size 0x15
                  RenderInline {FONT} at (0,0) size 171x18
                    RenderText {#text} at (28,0) size 171x18
                      text run at (28,0) width 171: "All of this should be green."
                  RenderText {#text} at (0,0) size 0x0
      RenderBlock (anonymous) at (0,3278) size 769x2 [color=#008000]
        RenderBlock {HR} at (0,0) size 769x2 [border: (1px inset #008000)]
      RenderBlock (anonymous) at (0,3288) size 769x18
        RenderInline {FONT} at (0,0) size 191x18 [color=#008000]
          RenderInline {FONT} at (0,0) size 191x18
            RenderInline {FONT} at (0,0) size 191x18
              RenderInline {FONT} at (0,0) size 191x18
                RenderInline {FONT} at (0,0) size 191x18
                  RenderText {#text} at (0,0) size 20x18
                    text run at (0,0) width 20: "U: "
                  RenderInline {U} at (0,0) size 0x18
                    RenderInline {FONT} at (0,0) size 0x18
                  RenderInline {FONT} at (0,0) size 171x18
                    RenderText {#text} at (20,0) size 171x18
                      text run at (20,0) width 171: "All of this should be green."
                  RenderText {#text} at (0,0) size 0x0
      RenderBlock (anonymous) at (0,3314) size 769x2 [color=#008000]
        RenderBlock {HR} at (0,0) size 769x2 [border: (1px inset #008000)]
      RenderBlock (anonymous) at (0,3324) size 769x18
        RenderInline {FONT} at (0,0) size 26x18 [color=#008000]
          RenderInline {FONT} at (0,0) size 26x18
            RenderInline {FONT} at (0,0) size 26x18
              RenderInline {FONT} at (0,0) size 26x18
                RenderInline {FONT} at (0,0) size 26x18
                  RenderText {#text} at (0,0) size 26x18
                    text run at (0,0) width 26: "UL:"
      RenderBlock (anonymous) at (0,3358) size 769x0 [color=#008000]
        RenderBlock {UL} at (0,0) size 769x0
          RenderInline {FONT} at (0,0) size 0x0
      RenderBlock (anonymous) at (0,3358) size 769x18
        RenderInline {FONT} at (0,0) size 171x18 [color=#008000]
          RenderInline {FONT} at (0,0) size 171x18
            RenderInline {FONT} at (0,0) size 171x18
              RenderInline {FONT} at (0,0) size 171x18
                RenderInline {FONT} at (0,0) size 171x18
                  RenderInline {FONT} at (0,0) size 171x18
                    RenderText {#text} at (0,0) size 171x18
                      text run at (0,0) width 171: "All of this should be green."
                  RenderText {#text} at (0,0) size 0x0
      RenderBlock (anonymous) at (0,3384) size 769x2 [color=#008000]
        RenderBlock {HR} at (0,0) size 769x2 [border: (1px inset #008000)]
      RenderBlock (anonymous) at (0,3394) size 769x18
        RenderInline {FONT} at (0,0) size 214x18 [color=#008000]
          RenderInline {FONT} at (0,0) size 214x18
            RenderInline {FONT} at (0,0) size 214x18
              RenderInline {FONT} at (0,0) size 214x18
                RenderInline {FONT} at (0,0) size 214x18
                  RenderText {#text} at (0,0) size 43x18
                    text run at (0,0) width 43: "VAR: "
                  RenderInline {VAR} at (0,0) size 0x18
                    RenderInline {FONT} at (0,0) size 0x18
                  RenderInline {FONT} at (0,0) size 171x18
                    RenderText {#text} at (43,0) size 171x18
                      text run at (43,0) width 171: "All of this should be green."
                  RenderText {#text} at (0,0) size 0x0
layer at (335,1824) size 117x13
  RenderBlock {DIV} at (3,3) size 117x13
