layer at (0,0) size 800x600
  RenderView at (0,0) size 800x600
layer at (0,0) size 800x600
  RenderBlock {HTML} at (0,0) size 800x600
    RenderBody {BODY} at (8,8) size 784x576
      RenderBlock {FORM} at (0,0) size 784x30
        RenderTable {TABLE} at (0,0) size 683x30 [bgcolor=#FFE030] [border: (1px outset #808080)]
          RenderTableSection {TBODY} at (1,1) size 681x28
            RenderTableRow {TR} at (0,0) size 681x28
              RenderTableCell {TD} at (0,0) size 681x28 [border: (1px inset #808080)] [r=0 c=0 rs=1 cs=1]
                RenderInline {NOBR} at (0,0) size 679x19
                  RenderTextControl {INPUT} at (3,3) size 213x22 [bgcolor=#FFFFFF] [border: (2px inset #000000)]
                  RenderText {#text} at (218,4) size 14x19
                    text run at (218,4) width 14: " - "
                  RenderTextControl {INPUT} at (234,3) size 213x22 [bgcolor=#FFFFFF] [border: (2px inset #000000)]
                  RenderText {#text} at (449,4) size 14x19
                    text run at (449,4) width 14: " - "
                  RenderTextControl {INPUT} at (465,3) size 213x22 [bgcolor=#FFFFFF] [border: (2px inset #000000)]
                RenderText {#text} at (0,0) size 0x0
            RenderTableRow {TR} at (0,28) size 681x0
layer at (14,15) size 209x16
  RenderBlock {DIV} at (2,3) size 209x16
layer at (245,15) size 209x16
  RenderBlock {DIV} at (2,3) size 209x16
layer at (476,15) size 209x16
  RenderBlock {DIV} at (2,3) size 209x16
