layer at (0,0) size 800x600
  RenderView at (0,0) size 800x600
layer at (0,0) size 800x600
  RenderBlock {HTML} at (0,0) size 800x600
    RenderBody {BODY} at (8,8) size 784x584
      RenderBlock {H3} at (0,0) size 784x23
        RenderText {#text} at (0,0) size 195x22
          text run at (0,0) width 195: "With long hidden values"
      RenderTable {TABLE} at (0,41) size 189x73 [border: (1px solid #FF0000)]
        RenderTableSection {TBODY} at (1,1) size 187x70
          RenderTableRow {TR} at (0,2) size 187x64
            RenderTableCell {TD} at (2,2) size 183x64 [r=0 c=0 rs=1 cs=1]
              RenderBlock {FORM} at (1,1) size 181x46
                RenderTextControl {INPUT} at (2,2) size 111x22 [bgcolor=#FFFFFF] [border: (2px inset #000000)]
                RenderText {#text} at (115,3) size 4x19
                  text run at (115,3) width 4: " "
                RenderButton {INPUT} at (121,2) size 41x22 [bgcolor=#C0C0C0] [border: (2px outset #C0C0C0)]
                  RenderBlock (anonymous) at (8,3) size 25x16
                    RenderText at (0,0) size 25x16
                      text run at (0,0) width 25: " Go "
                RenderText {#text} at (164,3) size 4x19
                  text run at (164,3) width 4: " "
                RenderBR {BR} at (168,18) size 0x0
                RenderText {#text} at (0,26) size 181x19
                  text run at (0,26) width 181: "Enter City Name or Zip Code"
          RenderTableRow {TR} at (0,68) size 187x0
      RenderBlock {HR} at (0,121) size 784x3 [border: (1px inset #000000)]
      RenderBlock {H3} at (0,142) size 784x24
        RenderText {#text} at (0,0) size 202x22
          text run at (0,0) width 202: "With short hidden values"
      RenderTable {TABLE} at (0,184) size 189x73 [border: (1px solid #FF0000)]
        RenderTableSection {TBODY} at (1,1) size 187x70
          RenderTableRow {TR} at (0,2) size 187x64
            RenderTableCell {TD} at (2,2) size 183x64 [r=0 c=0 rs=1 cs=1]
              RenderBlock {FORM} at (1,1) size 181x46
                RenderTextControl {INPUT} at (2,2) size 111x22 [bgcolor=#FFFFFF] [border: (2px inset #000000)]
                RenderText {#text} at (115,3) size 4x19
                  text run at (115,3) width 4: " "
                RenderButton {INPUT} at (121,2) size 41x22 [bgcolor=#C0C0C0] [border: (2px outset #C0C0C0)]
                  RenderBlock (anonymous) at (8,3) size 25x16
                    RenderText at (0,0) size 25x16
                      text run at (0,0) width 25: " Go "
                RenderText {#text} at (164,3) size 4x19
                  text run at (164,3) width 4: " "
                RenderBR {BR} at (168,18) size 0x0
                RenderText {#text} at (0,26) size 181x19
                  text run at (0,26) width 181: "Enter City Name or Zip Code"
          RenderTableRow {TR} at (0,68) size 187x0
layer at (16,59) size 107x16
  RenderBlock {DIV} at (2,3) size 107x16
layer at (16,201) size 107x16
  RenderBlock {DIV} at (2,3) size 107x16
