layer at (0,0) size 800x600
  RenderView at (0,0) size 800x600
layer at (0,0) size 800x600
  RenderBlock {HTML} at (0,0) size 800x600
    RenderBody {BODY} at (8,8) size 784x576
      RenderBlock (anonymous) at (0,0) size 784x20
        RenderText {#text} at (0,0) size 250x19
          text run at (0,0) width 250: "The select should not contain blank items "
        RenderBR {BR} at (250,15) size 0x0
      RenderBlock {FORM} at (0,20) size 784x26
        RenderInline {B} at (0,0) size 46x19
          RenderText {#text} at (0,3) size 46x19
            text run at (0,3) width 46: "Search"
        RenderText {#text} at (46,3) size 4x19
          text run at (46,3) width 4: " "
        RenderTextControl {INPUT} at (52,2) size 143x22 [bgcolor=#FFFFFF] [border: (2px inset #000000)]
        RenderText {#text} at (197,3) size 4x19
          text run at (197,3) width 4: " "
        RenderMenuList {SELECT} at (203,3) size 73x20 [bgcolor=#FFFFFF] [border: (1px solid #000000)]
          RenderBlock (anonymous) at (1,1) size 71x18
            RenderText at (4,1) size 37x16
              text run at (4,1) width 37: "Excite"
        RenderText {#text} at (0,0) size 0x0
      RenderBlock (anonymous) at (0,62) size 784x40
        RenderBR {BR} at (0,0) size 0x19
        RenderText {#text} at (0,20) size 250x19
          text run at (0,20) width 250: "The select should not contain blank items "
        RenderBR {BR} at (250,35) size 0x0
      RenderBlock {FORM} at (0,102) size 784x24
        RenderMenuList {SELECT} at (2,2) size 253x20 [bgcolor=#FFFFFF] [border: (1px solid #000000)]
          RenderBlock (anonymous) at (1,1) size 251x18
            RenderText at (4,1) size 62x16
              text run at (4,1) width 62: "Quick Link"
layer at (62,33) size 139x16
  RenderBlock {DIV} at (2,3) size 139x16
