layer at (0,0) size 800x600
  RenderView at (0,0) size 800x600
layer at (0,0) size 800x600
  RenderBlock {HTML} at (0,0) size 800x600
    RenderBody {BODY} at (8,8) size 784x576
      RenderBlock (anonymous) at (0,0) size 784x20
        RenderText {#text} at (0,0) size 229x19
          text run at (0,0) width 229: "The tables left position should be 250."
      RenderBlock {P} at (0,36) size 784x26
        RenderText {#text} at (0,3) size 31x19
          text run at (0,3) width 31: "Left: "
        RenderTextControl {INPUT} at (33,2) size 153x22 [bgcolor=#FFFFFF] [border: (2px inset #000000)]
      RenderBlock {P} at (0,78) size 784x26
        RenderText {#text} at (0,3) size 32x19
          text run at (0,3) width 32: "Top: "
        RenderTextControl {INPUT} at (34,2) size 153x22 [bgcolor=#FFFFFF] [border: (2px inset #000000)]
      RenderBlock {P} at (0,120) size 784x26
        RenderButton {INPUT} at (2,2) size 46x22 [bgcolor=#C0C0C0] [border: (2px outset #C0C0C0)]
          RenderBlock (anonymous) at (8,3) size 30x16
            RenderText at (0,0) size 30x16
              text run at (0,0) width 30: "Move"
layer at (43,49) size 149x16
  RenderBlock {DIV} at (2,3) size 149x16
    RenderText {#text} at (0,0) size 35x16
      text run at (0,0) width 35: "120px"
layer at (44,91) size 149x16
  RenderBlock {DIV} at (2,3) size 149x16
    RenderText {#text} at (0,0) size 35x16
      text run at (0,0) width 35: "120px"
layer at (250,120) size 28x52
  RenderTable {TABLE} at (250,120) size 28x52 [border: (1px outset #808080)]
    RenderTableSection {TBODY} at (1,1) size 26x50
      RenderTableRow {TR} at (0,2) size 26x22
        RenderTableCell {TD} at (2,2) size 22x22 [border: (1px inset #808080)] [r=0 c=0 rs=1 cs=1]
          RenderText {#text} at (1,1) size 20x19
            text run at (1,1) width 20: "foo"
      RenderTableRow {TR} at (0,26) size 26x22
        RenderTableCell {TD} at (2,26) size 22x22 [border: (1px inset #808080)] [r=1 c=0 rs=1 cs=1]
          RenderText {#text} at (1,1) size 20x19
            text run at (1,1) width 20: "bar"
