layer at (0,0) size 800x600
  RenderView at (0,0) size 800x600
layer at (0,0) size 800x600
  RenderBlock {HTML} at (0,0) size 800x600
    RenderBody {BODY} at (8,8) size 784x576 [bgcolor=#FFFFFF]
      RenderBlock {P} at (0,0) size 784x40
        RenderText {#text} at (0,0) size 767x39
          text run at (0,0) width 409: "Click on a link on the left hand column. Also note the overlap of the "
          text run at (409,0) width 358: "text box with the submit button. (And, removing the font tag"
          text run at (0,20) width 97: "that is wrapped "
          text run at (97,20) width 224: "around the text box clears up layout)."
      RenderBlock (anonymous) at (0,56) size 784x20
        RenderBR {BR} at (0,0) size 0x19
      RenderBlock {FORM} at (0,76) size 784x136
        RenderBlock {CENTER} at (0,0) size 784x136
          RenderTable {TABLE} at (92,0) size 600x136 [bgcolor=#EEEEEE] [border: (1px outset #808080)]
            RenderTableSection {TBODY} at (1,1) size 598x134
              RenderTableRow {TR} at (0,3) size 598x128
                RenderTableCell {TD} at (3,3) size 122x128 [border: (1px inset #808080)] [r=0 c=0 rs=1 cs=1]
                  RenderTable {TABLE} at (4,4) size 114x120 [bgcolor=#FFFFFF] [border: (1px outset #808080)]
                    RenderTableSection {TBODY} at (1,1) size 112x118
                      RenderTableRow {TR} at (0,2) size 112x27
                        RenderTableCell {TD} at (2,2) size 108x26 [bgcolor=#CCCCCC] [border: (1px inset #808080)] [r=0 c=0 rs=1 cs=1]
                          RenderInline {A} at (0,0) size 63x19 [color=#660099]
                            RenderInline {B} at (0,0) size 63x19
                              RenderText {#text} at (3,3) size 63x19
                                text run at (3,3) width 63: "Netscape"
                          RenderText {#text} at (0,0) size 0x0
                      RenderTableRow {TR} at (0,31) size 112x27
                        RenderTableCell {TD} at (2,31) size 108x26 [bgcolor=#FFFFFF] [border: (1px inset #808080)] [r=1 c=0 rs=1 cs=1]
                          RenderInline {A} at (0,0) size 59x19 [color=#660099]
                            RenderInline {B} at (0,0) size 59x19
                              RenderText {#text} at (3,3) size 59x19
                                text run at (3,3) width 59: "Infoseek"
                          RenderText {#text} at (0,0) size 0x0
                      RenderTableRow {TR} at (0,60) size 112x27
                        RenderTableCell {TD} at (2,60) size 108x26 [bgcolor=#FFFFFF] [border: (1px inset #808080)] [r=2 c=0 rs=1 cs=1]
                          RenderInline {A} at (0,0) size 75x19 [color=#660099]
                            RenderInline {B} at (0,0) size 75x19
                              RenderText {#text} at (3,3) size 75x19
                                text run at (3,3) width 75: "LookSmart"
                          RenderText {#text} at (0,0) size 0x0
                      RenderTableRow {TR} at (0,89) size 112x27
                        RenderTableCell {TD} at (2,89) size 108x26 [bgcolor=#FFFFFF] [border: (1px inset #808080)] [r=3 c=0 rs=1 cs=1]
                          RenderInline {A} at (0,0) size 64x19 [color=#660099]
                            RenderInline {B} at (0,0) size 64x19
                              RenderText {#text} at (3,3) size 64x19
                                text run at (3,3) width 64: "Directory"
                          RenderText {#text} at (0,0) size 0x0
                RenderTableCell {TD} at (128,23) size 467x88 [bgcolor=#CCCCCC] [border: (1px inset #808080)] [r=0 c=1 rs=1 cs=1]
                  RenderTable {TABLE} at (4,4) size 459x80 [border: (1px outset #808080)]
                    RenderTableSection {TBODY} at (1,1) size 457x78
                      RenderTableRow {TR} at (0,4) size 457x36
                        RenderTableCell {TD} at (4,4) size 344x36 [border: (1px inset #808080)] [r=0 c=0 rs=1 cs=3]
                          RenderInline {FONT} at (0,0) size 285x16
                            RenderText {#text} at (0,0) size 0x0
                            RenderTextControl {INPUT} at (7,7) size 281x22 [bgcolor=#FFFFFF] [border: (2px inset #000000)]
                            RenderText {#text} at (0,0) size 0x0
                          RenderText {#text} at (0,0) size 0x0
                        RenderTableCell {TD} at (352,4) size 101x36 [border: (1px inset #808080)] [r=0 c=3 rs=1 cs=1]
                          RenderButton {INPUT} at (7,7) size 57x22 [bgcolor=#C0C0C0] [border: (2px outset #C0C0C0)]
                            RenderBlock (anonymous) at (8,3) size 41x16
                              RenderText at (0,0) size 41x16
                                text run at (0,0) width 41: "Search"
                          RenderText {#text} at (0,0) size 0x0
                      RenderTableRow {TR} at (0,44) size 457x30
                        RenderTableCell {TD} at (4,44) size 111x30 [border: (1px inset #808080)] [r=1 c=0 rs=1 cs=1]
                          RenderText {#text} at (5,5) size 25x19
                            text run at (5,5) width 25: "asdf"
                        RenderTableCell {TD} at (119,44) size 112x30 [border: (1px inset #808080)] [r=1 c=1 rs=1 cs=1]
                          RenderText {#text} at (5,5) size 25x19
                            text run at (5,5) width 25: "asdf"
                        RenderTableCell {TD} at (235,44) size 113x30 [border: (1px inset #808080)] [r=1 c=2 rs=1 cs=1]
                          RenderText {#text} at (5,5) size 25x19
                            text run at (5,5) width 25: "asdf"
                        RenderTableCell {TD} at (352,44) size 101x30 [border: (1px inset #808080)] [r=1 c=3 rs=1 cs=1]
                          RenderText {#text} at (5,5) size 25x19
                            text run at (5,5) width 25: "asdf"
layer at (247,127) size 277x16
  RenderBlock {DIV} at (2,3) size 277x16
