layer at (0,0) size 800x600
  RenderView at (0,0) size 800x600
layer at (0,0) size 800x600
  RenderBlock {HTML} at (0,0) size 800x600
    RenderBody {BODY} at (8,8) size 784x584
      RenderBlock {DIV} at (0,0) size 506x36 [color=#4B0082] [border: (3px solid #000000)]
        RenderRuby (inline) {RUBY} at (0,0) size 75x20 [color=#0000FF]
          RenderRubyRun (anonymous) at (3,13) size 80x20
            RenderRubyText {RT} at (0,-10) size 80x10 [color=#C0C0C0]
              RenderText {#text} at (0,0) size 80x10
                text run at (0,0) width 80: "xxxxxxxx"
            RenderRubyBase (anonymous) at (0,0) size 80x20
              RenderText {#text} at (20,0) size 40x20
                text run at (20,0) width 40: "xx"
        RenderText {#text} at (78,13) size 100x20
          text run at (78,13) width 100: "lllll"
        RenderRuby (inline) {RUBY} at (0,0) size 71x20 [color=#0000FF]
          RenderRubyRun (anonymous) at (173,13) size 80x20
            RenderRubyText {RT} at (0,-10) size 80x10 [color=#C0C0C0]
              RenderText {#text} at (0,0) size 80x10
                text run at (0,0) width 80: "yyyyyyyy"
            RenderRubyBase (anonymous) at (0,0) size 80x20
              RenderText {#text} at (20,0) size 40x20
                text run at (20,0) width 40: "yy"
        RenderText {#text} at (247,13) size 101x20
          text run at (247,13) width 101: "lllll"
        RenderRuby (inline) {RUBY} at (0,0) size 76x20 [color=#0000FF]
          RenderRubyRun (anonymous) at (343,13) size 80x20
            RenderRubyText {RT} at (0,-10) size 80x10 [color=#C0C0C0]
              RenderText {#text} at (0,0) size 80x10
                text run at (0,0) width 80: "zzzzzzzz"
            RenderRubyBase (anonymous) at (0,0) size 80x20
              RenderText {#text} at (20,0) size 40x20
                text run at (20,0) width 40: "zz"
        RenderText {#text} at (0,0) size 0x0
      RenderBlock {DIV} at (0,44) size 506x36 [color=#4B0082] [border: (3px solid #000000)]
        RenderRuby (inline) {RUBY} at (0,0) size 75x20 [color=#0000FF]
          RenderRubyRun (anonymous) at (3,13) size 80x20
            RenderRubyText {RT} at (0,-10) size 80x10 [color=#C0C0C0]
              RenderText {#text} at (0,0) size 80x10
                text run at (0,0) width 80: "xxxxxxxx"
            RenderRubyBase (anonymous) at (0,0) size 80x20
              RenderText {#text} at (20,0) size 40x20
                text run at (20,0) width 40: "xx"
        RenderInline {SPAN} at (0,0) size 20x10
          RenderText {#text} at (78,21) size 20x10
            text run at (78,21) width 20: "ll"
        RenderRuby (inline) {RUBY} at (0,0) size 71x20 [color=#0000FF]
          RenderRubyRun (anonymous) at (93,13) size 80x20
            RenderRubyText {RT} at (0,-10) size 80x10 [color=#C0C0C0]
              RenderText {#text} at (0,0) size 80x10
                text run at (0,0) width 80: "yyyyyyyy"
            RenderRubyBase (anonymous) at (0,0) size 80x20
              RenderText {#text} at (20,0) size 40x20
                text run at (20,0) width 40: "yy"
        RenderInline {SPAN} at (0,0) size 21x10
          RenderText {#text} at (167,21) size 21x10
            text run at (167,21) width 21: "ll"
        RenderRuby (inline) {RUBY} at (0,0) size 76x20 [color=#0000FF]
          RenderRubyRun (anonymous) at (183,13) size 80x20
            RenderRubyText {RT} at (0,-10) size 80x10 [color=#C0C0C0]
              RenderText {#text} at (0,0) size 80x10
                text run at (0,0) width 80: "zzzzzzzz"
            RenderRubyBase (anonymous) at (0,0) size 80x20
              RenderText {#text} at (20,0) size 40x20
                text run at (20,0) width 40: "zz"
        RenderText {#text} at (0,0) size 0x0
      RenderBlock {DIV} at (0,88) size 506x36 [color=#4B0082] [border: (3px solid #000000)]
        RenderRuby (inline) {RUBY} at (0,0) size 75x20 [color=#0000FF]
          RenderRubyRun (anonymous) at (3,13) size 80x20
            RenderRubyText {RT} at (0,-10) size 80x10 [color=#C0C0C0]
              RenderText {#text} at (0,0) size 80x10
                text run at (0,0) width 80: "xxxxxxxx"
            RenderRubyBase (anonymous) at (0,0) size 80x20
              RenderText {#text} at (20,0) size 40x20
                text run at (20,0) width 40: "xx"
        RenderInline {SPAN} at (0,0) size 40x20
          RenderText {#text} at (78,13) size 40x20
            text run at (78,13) width 40: "ll"
        RenderRuby (inline) {RUBY} at (0,0) size 71x20 [color=#0000FF]
          RenderRubyRun (anonymous) at (113,13) size 80x20
            RenderRubyText {RT} at (0,-10) size 80x10 [color=#C0C0C0]
              RenderText {#text} at (0,0) size 80x10
                text run at (0,0) width 80: "yyyyyyyy"
            RenderRubyBase (anonymous) at (0,0) size 80x20
              RenderText {#text} at (20,0) size 40x20
                text run at (20,0) width 40: "yy"
        RenderInline {SPAN} at (0,0) size 41x20
          RenderText {#text} at (187,13) size 41x20
            text run at (187,13) width 41: "ll"
        RenderRuby (inline) {RUBY} at (0,0) size 76x20 [color=#0000FF]
          RenderRubyRun (anonymous) at (223,13) size 80x20
            RenderRubyText {RT} at (0,-10) size 80x10 [color=#C0C0C0]
              RenderText {#text} at (0,0) size 80x10
                text run at (0,0) width 80: "zzzzzzzz"
            RenderRubyBase (anonymous) at (0,0) size 80x20
              RenderText {#text} at (20,0) size 40x20
                text run at (20,0) width 40: "zz"
        RenderText {#text} at (0,0) size 0x0
      RenderBlock {DIV} at (0,132) size 506x38 [color=#4B0082] [border: (3px solid #000000)]
        RenderRuby (inline) {RUBY} at (0,0) size 80x20 [color=#0000FF]
          RenderRubyRun (anonymous) at (3,13) size 80x20
            RenderRubyText {RT} at (0,-10) size 80x10 [color=#C0C0C0]
              RenderText {#text} at (0,0) size 80x10
                text run at (0,0) width 80: "xxxxxxxx"
            RenderRubyBase (anonymous) at (0,0) size 80x20
              RenderText {#text} at (20,0) size 40x20
                text run at (20,0) width 40: "xx"
        RenderInline {SPAN} at (0,0) size 60x30
          RenderText {#text} at (83,5) size 60x30
            text run at (83,5) width 60: "ll"
        RenderRuby (inline) {RUBY} at (0,0) size 81x20 [color=#0000FF]
          RenderRubyRun (anonymous) at (143,13) size 80x20
            RenderRubyText {RT} at (0,-10) size 80x10 [color=#C0C0C0]
              RenderText {#text} at (0,0) size 80x10
                text run at (0,0) width 80: "yyyyyyyy"
            RenderRubyBase (anonymous) at (0,0) size 80x20
              RenderText {#text} at (20,0) size 40x20
                text run at (20,0) width 40: "yy"
        RenderInline {SPAN} at (0,0) size 61x30
          RenderText {#text} at (222,5) size 61x30
            text run at (222,5) width 61: "ll"
        RenderRuby (inline) {RUBY} at (0,0) size 81x20 [color=#0000FF]
          RenderRubyRun (anonymous) at (283,13) size 80x20
            RenderRubyText {RT} at (0,-10) size 80x10 [color=#C0C0C0]
              RenderText {#text} at (0,0) size 80x10
                text run at (0,0) width 80: "zzzzzzzz"
            RenderRubyBase (anonymous) at (0,0) size 80x20
              RenderText {#text} at (20,0) size 40x20
                text run at (20,0) width 40: "zz"
        RenderText {#text} at (0,0) size 0x0
