layer at (0,0) size 800x600
  RenderView at (0,0) size 800x600
layer at (0,0) size 800x600
  RenderBlock {HTML} at (0,0) size 800x600
    RenderBody {BODY} at (8,8) size 784x584
      RenderBlock {DIV} at (0,0) size 206x36 [color=#4B0082] [border: (3px solid #000000)]
        RenderText {#text} at (3,13) size 60x20
          text run at (3,13) width 60: "abc"
        RenderRuby (inline) {RUBY} at (0,0) size 41x20 [color=#0000FF]
          RenderRubyRun (anonymous) at (63,13) size 40x20
            RenderRubyText {RT} at (0,-10) size 40x10 [color=#C0C0C0]
              RenderText {#text} at (2,0) size 36x10
                text run at (2,0) width 36: "y y"
            RenderRubyBase (anonymous) at (0,0) size 40x20
              RenderText {#text} at (0,0) size 40x20
                text run at (0,0) width 40: "xx"
        RenderText {#text} at (102,13) size 61x20
          text run at (102,13) width 61: "def"
      RenderBlock {DIV} at (0,44) size 206x36 [color=#4B0082] [border: (3px solid #000000)]
        RenderText {#text} at (3,13) size 60x20
          text run at (3,13) width 60: "abc"
        RenderRuby (inline) {RUBY} at (0,0) size 41x20 [color=#0000FF]
          RenderRubyRun (anonymous) at (58,13) size 50x20
            RenderRubyText {RT} at (0,-10) size 50x10 [color=#C0C0C0]
              RenderText {#text} at (0,0) size 50x10
                text run at (0,0) width 50: "yy yy"
            RenderRubyBase (anonymous) at (0,0) size 50x20
              RenderText {#text} at (5,0) size 40x20
                text run at (5,0) width 40: "xx"
        RenderText {#text} at (102,13) size 61x20
          text run at (102,13) width 61: "def"
      RenderBlock {DIV} at (0,88) size 206x36 [color=#4B0082] [border: (3px solid #000000)]
        RenderText {#text} at (3,13) size 60x20
          text run at (3,13) width 60: "abc"
        RenderRuby (inline) {RUBY} at (0,0) size 51x20 [color=#0000FF]
          RenderRubyRun (anonymous) at (58,13) size 60x20
            RenderRubyText {RT} at (0,-10) size 60x10 [color=#C0C0C0]
              RenderText {#text} at (0,0) size 60x10
                text run at (0,0) width 60: "yyyyyy"
            RenderRubyBase (anonymous) at (0,0) size 60x20
              RenderText {#text} at (10,0) size 40x20
                text run at (10,0) width 40: "xx"
        RenderText {#text} at (112,13) size 61x20
          text run at (112,13) width 61: "def"
      RenderBlock {DIV} at (0,132) size 206x36 [color=#4B0082] [border: (3px solid #000000)]
        RenderText {#text} at (3,13) size 60x20
          text run at (3,13) width 60: "abc"
        RenderRuby (inline) {RUBY} at (0,0) size 67x20 [color=#0000FF]
          RenderRubyRun (anonymous) at (61,13) size 70x20
            RenderRubyText {RT} at (0,-10) size 70x10 [color=#C0C0C0]
              RenderText {#text} at (0,0) size 70x10
                text run at (0,0) width 70: "yyy yyy"
            RenderRubyBase (anonymous) at (0,0) size 70x20
              RenderText {#text} at (2,0) size 66x20
                text run at (2,0) width 66: "x x"
        RenderText {#text} at (128,13) size 61x20
          text run at (128,13) width 61: "def"
      RenderBlock {DIV} at (0,176) size 206x56 [color=#4B0082] [border: (3px solid #000000)]
        RenderRuby (inline) {RUBY} at (0,0) size 45x20 [color=#0000FF]
          RenderRubyRun (anonymous) at (3,13) size 50x20
            RenderRubyText {RT} at (0,-10) size 50x10 [color=#C0C0C0]
              RenderText {#text} at (0,0) size 50x10
                text run at (0,0) width 50: "yy yy"
            RenderRubyBase (anonymous) at (0,0) size 50x20
              RenderText {#text} at (5,0) size 40x20
                text run at (5,0) width 40: "xx"
        RenderText {#text} at (48,13) size 145x40
          text run at (48,13) width 100: "def g"
          text run at (3,33) width 40: "hi"
      RenderBlock {DIV} at (0,240) size 206x36 [color=#4B0082] [border: (3px solid #000000)]
        RenderText {#text} at (3,13) size 20x20
          text run at (3,13) width 20: "a"
        RenderRuby (inline) {RUBY} at (0,0) size 41x20 [color=#0000FF]
          RenderRubyRun (anonymous) at (18,13) size 50x20
            RenderRubyText {RT} at (0,-10) size 50x10 [color=#C0C0C0]
              RenderText {#text} at (0,0) size 50x10
                text run at (0,0) width 50: "yy yy"
            RenderRubyBase (anonymous) at (0,0) size 50x20
              RenderText {#text} at (5,0) size 40x20
                text run at (5,0) width 40: "xx"
        RenderText {#text} at (62,13) size 141x20
          text run at (62,13) width 141: "def g h"
      RenderBlock {DIV} at (0,284) size 206x56 [color=#4B0082] [border: (3px solid #000000)]
        RenderText {#text} at (3,3) size 160x20
          text run at (3,3) width 160: "a b bc b"
        RenderRuby (inline) {RUBY} at (0,0) size 50x20 [color=#0000FF]
          RenderRubyRun (anonymous) at (3,33) size 50x20
            RenderRubyText {RT} at (0,-10) size 50x10 [color=#C0C0C0]
              RenderText {#text} at (0,0) size 50x10
                text run at (0,0) width 50: "yy yy"
            RenderRubyBase (anonymous) at (0,0) size 50x20
              RenderText {#text} at (5,0) size 40x20
                text run at (5,0) width 40: "xx"
        RenderText {#text} at (0,0) size 0x0
      RenderBlock {DIV} at (0,348) size 206x36 [color=#4B0082] [border: (3px solid #000000)]
        RenderText {#text} at (3,13) size 140x20
          text run at (3,13) width 140: "a b b b"
        RenderRuby (inline) {RUBY} at (0,0) size 41x20 [color=#0000FF]
          RenderRubyRun (anonymous) at (138,13) size 50x20
            RenderRubyText {RT} at (0,-10) size 50x10 [color=#C0C0C0]
              RenderText {#text} at (0,0) size 50x10
                text run at (0,0) width 50: "yy yy"
            RenderRubyBase (anonymous) at (0,0) size 50x20
              RenderText {#text} at (5,0) size 40x20
                text run at (5,0) width 40: "xx"
        RenderInline {SPAN} at (0,0) size 21x10
          RenderText {#text} at (182,21) size 21x10
            text run at (182,21) width 21: "de"
      RenderBlock {DIV} at (0,392) size 206x38 [color=#4B0082] [border: (3px solid #000000)]
        RenderText {#text} at (3,13) size 120x20
          text run at (3,13) width 120: "a b b "
        RenderRuby (inline) {RUBY} at (0,0) size 46x20 [color=#0000FF]
          RenderRubyRun (anonymous) at (118,13) size 50x20
            RenderRubyText {RT} at (0,-10) size 50x10 [color=#C0C0C0]
              RenderText {#text} at (0,0) size 50x10
                text run at (0,0) width 50: "yy yy"
            RenderRubyBase (anonymous) at (0,0) size 50x20
              RenderText {#text} at (5,0) size 40x20
                text run at (5,0) width 40: "xx"
        RenderInline {SPAN} at (0,0) size 31x30
          RenderText {#text} at (167,5) size 31x30
            text run at (167,5) width 31: "d"
      RenderBlock {DIV} at (0,438) size 206x36 [color=#4B0082] [border: (3px solid #000000)]
        RenderInline {SPAN} at (0,0) size 20x10
          RenderText {#text} at (3,21) size 20x10
            text run at (3,21) width 20: "cb"
        RenderRuby (inline) {RUBY} at (0,0) size 41x20 [color=#0000FF]
          RenderRubyRun (anonymous) at (18,13) size 50x20
            RenderRubyText {RT} at (0,-10) size 50x10 [color=#C0C0C0]
              RenderText {#text} at (0,0) size 50x10
                text run at (0,0) width 50: "yy yy"
            RenderRubyBase (anonymous) at (0,0) size 50x20
              RenderText {#text} at (5,0) size 40x20
                text run at (5,0) width 40: "xx"
        RenderText {#text} at (62,13) size 41x20
          text run at (62,13) width 41: "ij"
      RenderBlock {DIV} at (0,482) size 206x38 [color=#4B0082] [border: (3px solid #000000)]
        RenderInline {SPAN} at (0,0) size 30x30
          RenderText {#text} at (3,5) size 30x30
            text run at (3,5) width 30: "c"
        RenderRuby (inline) {RUBY} at (0,0) size 46x20 [color=#0000FF]
          RenderRubyRun (anonymous) at (33,13) size 50x20
            RenderRubyText {RT} at (0,-10) size 50x10 [color=#C0C0C0]
              RenderText {#text} at (0,0) size 50x10
                text run at (0,0) width 50: "yy yy"
            RenderRubyBase (anonymous) at (0,0) size 50x20
              RenderText {#text} at (5,0) size 40x20
                text run at (5,0) width 40: "xx"
        RenderText {#text} at (77,13) size 41x20
          text run at (77,13) width 41: "ij"
