layer at (0,0) size 800x600
  RenderView at (0,0) size 800x600
layer at (0,0) size 800x600
  RenderBlock {HTML} at (0,0) size 800x600
    RenderBody {BODY} at (8,8) size 784x584
      RenderBlock {DIV} at (0,0) size 36x506 [color=#4B0082] [border: (3px solid #000000)]
        RenderRuby (inline) {RUBY} at (0,0) size 20x75 [color=#0000FF]
          RenderRubyRun (anonymous) at (13,3) size 20x80
            RenderRubyText {RT} at (-10,0) size 10x80 [color=#C0C0C0]
              RenderText {#text} at (0,0) size 10x80
                text run at (0,0) width 80: "xxxxxxxx"
            RenderRubyBase (anonymous) at (0,0) size 20x80
              RenderText {#text} at (0,20) size 20x40
                text run at (0,20) width 40: "xx"
        RenderText {#text} at (13,78) size 20x100
          text run at (13,78) width 100: "lllll"
        RenderRuby (inline) {RUBY} at (0,0) size 20x71 [color=#0000FF]
          RenderRubyRun (anonymous) at (13,173) size 20x80
            RenderRubyText {RT} at (-10,0) size 10x80 [color=#C0C0C0]
              RenderText {#text} at (0,0) size 10x80
                text run at (0,0) width 80: "yyyyyyyy"
            RenderRubyBase (anonymous) at (0,0) size 20x80
              RenderText {#text} at (0,20) size 20x40
                text run at (0,20) width 40: "yy"
        RenderText {#text} at (13,247) size 20x101
          text run at (13,247) width 100: "lllll"
        RenderRuby (inline) {RUBY} at (0,0) size 20x76 [color=#0000FF]
          RenderRubyRun (anonymous) at (13,343) size 20x80
            RenderRubyText {RT} at (-10,0) size 10x80 [color=#C0C0C0]
              RenderText {#text} at (0,0) size 10x80
                text run at (0,0) width 80: "zzzzzzzz"
            RenderRubyBase (anonymous) at (0,0) size 20x80
              RenderText {#text} at (0,20) size 20x40
                text run at (0,20) width 40: "zz"
        RenderText {#text} at (0,0) size 0x0
      RenderBlock {DIV} at (44,0) size 36x506 [color=#4B0082] [border: (3px solid #000000)]
        RenderRuby (inline) {RUBY} at (0,0) size 20x75 [color=#0000FF]
          RenderRubyRun (anonymous) at (13,3) size 20x80
            RenderRubyText {RT} at (-10,0) size 10x80 [color=#C0C0C0]
              RenderText {#text} at (0,0) size 10x80
                text run at (0,0) width 80: "xxxxxxxx"
            RenderRubyBase (anonymous) at (0,0) size 20x80
              RenderText {#text} at (0,20) size 20x40
                text run at (0,20) width 40: "xx"
        RenderInline {SPAN} at (0,0) size 10x20
          RenderText {#text} at (21,78) size 10x20
            text run at (21,78) width 20: "ll"
        RenderRuby (inline) {RUBY} at (0,0) size 20x71 [color=#0000FF]
          RenderRubyRun (anonymous) at (13,93) size 20x80
            RenderRubyText {RT} at (-10,0) size 10x80 [color=#C0C0C0]
              RenderText {#text} at (0,0) size 10x80
                text run at (0,0) width 80: "yyyyyyyy"
            RenderRubyBase (anonymous) at (0,0) size 20x80
              RenderText {#text} at (0,20) size 20x40
                text run at (0,20) width 40: "yy"
        RenderInline {SPAN} at (0,0) size 10x21
          RenderText {#text} at (21,167) size 10x21
            text run at (21,167) width 20: "ll"
        RenderRuby (inline) {RUBY} at (0,0) size 20x76 [color=#0000FF]
          RenderRubyRun (anonymous) at (13,183) size 20x80
            RenderRubyText {RT} at (-10,0) size 10x80 [color=#C0C0C0]
              RenderText {#text} at (0,0) size 10x80
                text run at (0,0) width 80: "zzzzzzzz"
            RenderRubyBase (anonymous) at (0,0) size 20x80
              RenderText {#text} at (0,20) size 20x40
                text run at (0,20) width 40: "zz"
        RenderText {#text} at (0,0) size 0x0
      RenderBlock {DIV} at (88,0) size 36x506 [color=#4B0082] [border: (3px solid #000000)]
        RenderRuby (inline) {RUBY} at (0,0) size 20x75 [color=#0000FF]
          RenderRubyRun (anonymous) at (13,3) size 20x80
            RenderRubyText {RT} at (-10,0) size 10x80 [color=#C0C0C0]
              RenderText {#text} at (0,0) size 10x80
                text run at (0,0) width 80: "xxxxxxxx"
            RenderRubyBase (anonymous) at (0,0) size 20x80
              RenderText {#text} at (0,20) size 20x40
                text run at (0,20) width 40: "xx"
        RenderInline {SPAN} at (0,0) size 20x40
          RenderText {#text} at (13,78) size 20x40
            text run at (13,78) width 40: "ll"
        RenderRuby (inline) {RUBY} at (0,0) size 20x71 [color=#0000FF]
          RenderRubyRun (anonymous) at (13,113) size 20x80
            RenderRubyText {RT} at (-10,0) size 10x80 [color=#C0C0C0]
              RenderText {#text} at (0,0) size 10x80
                text run at (0,0) width 80: "yyyyyyyy"
            RenderRubyBase (anonymous) at (0,0) size 20x80
              RenderText {#text} at (0,20) size 20x40
                text run at (0,20) width 40: "yy"
        RenderInline {SPAN} at (0,0) size 20x41
          RenderText {#text} at (13,187) size 20x41
            text run at (13,187) width 40: "ll"
        RenderRuby (inline) {RUBY} at (0,0) size 20x76 [color=#0000FF]
          RenderRubyRun (anonymous) at (13,223) size 20x80
            RenderRubyText {RT} at (-10,0) size 10x80 [color=#C0C0C0]
              RenderText {#text} at (0,0) size 10x80
                text run at (0,0) width 80: "zzzzzzzz"
            RenderRubyBase (anonymous) at (0,0) size 20x80
              RenderText {#text} at (0,20) size 20x40
                text run at (0,20) width 40: "zz"
        RenderText {#text} at (0,0) size 0x0
      RenderBlock {DIV} at (132,0) size 38x506 [color=#4B0082] [border: (3px solid #000000)]
        RenderRuby (inline) {RUBY} at (0,0) size 20x80 [color=#0000FF]
          RenderRubyRun (anonymous) at (13,3) size 20x80
            RenderRubyText {RT} at (-10,0) size 10x80 [color=#C0C0C0]
              RenderText {#text} at (0,0) size 10x80
                text run at (0,0) width 80: "xxxxxxxx"
            RenderRubyBase (anonymous) at (0,0) size 20x80
              RenderText {#text} at (0,20) size 20x40
                text run at (0,20) width 40: "xx"
        RenderInline {SPAN} at (0,0) size 30x60
          RenderText {#text} at (5,83) size 30x60
            text run at (5,83) width 60: "ll"
        RenderRuby (inline) {RUBY} at (0,0) size 20x81 [color=#0000FF]
          RenderRubyRun (anonymous) at (13,143) size 20x80
            RenderRubyText {RT} at (-10,0) size 10x80 [color=#C0C0C0]
              RenderText {#text} at (0,0) size 10x80
                text run at (0,0) width 80: "yyyyyyyy"
            RenderRubyBase (anonymous) at (0,0) size 20x80
              RenderText {#text} at (0,20) size 20x40
                text run at (0,20) width 40: "yy"
        RenderInline {SPAN} at (0,0) size 30x61
          RenderText {#text} at (5,222) size 30x61
            text run at (5,222) width 60: "ll"
        RenderRuby (inline) {RUBY} at (0,0) size 20x81 [color=#0000FF]
          RenderRubyRun (anonymous) at (13,283) size 20x80
            RenderRubyText {RT} at (-10,0) size 10x80 [color=#C0C0C0]
              RenderText {#text} at (0,0) size 10x80
                text run at (0,0) width 80: "zzzzzzzz"
            RenderRubyBase (anonymous) at (0,0) size 20x80
              RenderText {#text} at (0,20) size 20x40
                text run at (0,20) width 40: "zz"
        RenderText {#text} at (0,0) size 0x0
