layer at (0,0) size 800x600
  RenderView at (0,0) size 800x600
layer at (0,0) size 800x600
  RenderBlock {HTML} at (0,0) size 800x600
    RenderBody {BODY} at (8,8) size 784x576
      RenderBlock (anonymous) at (0,0) size 784x36
        RenderText {#text} at (0,0) size 233x17
          text run at (0,0) width 233: "This is a initial test for simple ruby. "
        RenderBR {BR} at (232,14) size 1x0
        RenderBR {BR} at (0,18) size 0x17
      RenderBlock {P} at (0,52) size 784x27
        RenderText {#text} at (0,9) size 164x17
          text run at (0,9) width 164: "Ruby is often used in the "
        RenderRuby (inline) {RUBY} at (0,0) size 120x17
          RenderRubyRun (anonymous) at (164,9) size 119x18
            RenderRubyText {RT} at (0,-9) size 119x9
              RenderText {#text} at (45,0) size 29x9
                text run at (45,0) width 29: "Nihongo"
            RenderRubyBase (anonymous) at (0,0) size 119x18
              RenderText {#text} at (0,0) size 119x17
                text run at (0,0) width 119: "Japanese language"
        RenderText {#text} at (282,9) size 5x17
          text run at (282,9) width 5: "."
