layer at (0,0) size 800x600
  RenderView at (0,0) size 800x600
layer at (0,0) size 800x600
  RenderBlock {HTML} at (0,0) size 800x600
    RenderBody {BODY} at (8,8) size 784x576
      RenderBlock {P} at (0,0) size 784x18
        RenderText {#text} at (0,0) size 521x17
          text run at (0,0) width 521: "Tests that CSS-generated :before or :after content doesn't intrude into ruby bases."
      RenderBlock {P} at (0,34) size 784x0
      RenderBlock (anonymous) at (0,34) size 784x27
        RenderText {#text} at (0,9) size 29x17
          text run at (0,9) width 29: "Foo "
        RenderRuby (inline) {RUBY} at (0,0) size 74x17
          RenderInline (generated) at (0,0) size 53x17
            RenderText at (28,9) size 53x17
              text run at (28,9) width 53: "[before]"
          RenderRubyRun (anonymous) at (76,9) size 29x18
            RenderRubyText {RT} at (0,-9) size 29x9
              RenderText {#text} at (0,0) size 29x9
                text run at (0,0) width 29: "long text"
            RenderRubyBase (anonymous) at (0,0) size 29x18
              RenderText {#text} at (10,0) size 9x17
                text run at (10,0) width 9: "b"
        RenderText {#text} at (101,9) size 28x17
          text run at (101,9) width 28: " Bar"
        RenderBR {BR} at (128,23) size 1x0
      RenderBlock {P} at (0,77) size 784x0
      RenderBlock {P} at (0,77) size 784x0
      RenderBlock (anonymous) at (0,77) size 784x27
        RenderText {#text} at (0,9) size 29x17
          text run at (0,9) width 29: "Foo "
        RenderRuby (inline) {RUBY} at (0,0) size 62x17
          RenderRubyRun (anonymous) at (25,9) size 29x18
            RenderRubyText {RT} at (0,-9) size 29x9
              RenderText {#text} at (0,0) size 29x9
                text run at (0,0) width 29: "long text"
            RenderRubyBase (anonymous) at (0,0) size 29x18
              RenderText {#text} at (10,0) size 9x17
                text run at (10,0) width 9: "b"
          RenderInline (generated) at (0,0) size 41x17
            RenderText at (49,9) size 41x17
              text run at (49,9) width 41: "[after]"
        RenderText {#text} at (89,9) size 28x17
          text run at (89,9) width 28: " Bar"
        RenderBR {BR} at (116,23) size 1x0
      RenderBlock {P} at (0,120) size 784x0
      RenderBlock {P} at (0,120) size 784x0
      RenderBlock (anonymous) at (0,120) size 784x27
        RenderText {#text} at (0,9) size 29x17
          text run at (0,9) width 29: "Foo "
        RenderRuby (inline) {RUBY} at (0,0) size 114x17
          RenderInline (generated) at (0,0) size 53x17
            RenderText at (28,9) size 53x17
              text run at (28,9) width 53: "[before]"
          RenderRubyRun (anonymous) at (76,9) size 29x18
            RenderRubyText {RT} at (0,-9) size 29x9
              RenderText {#text} at (0,0) size 29x9
                text run at (0,0) width 29: "long text"
            RenderRubyBase (anonymous) at (0,0) size 29x18
              RenderText {#text} at (10,0) size 9x17
                text run at (10,0) width 9: "b"
          RenderInline (generated) at (0,0) size 41x17
            RenderText at (101,9) size 41x17
              text run at (101,9) width 41: "[after]"
        RenderText {#text} at (141,9) size 28x17
          text run at (141,9) width 28: " Bar"
        RenderBR {BR} at (168,23) size 1x0
      RenderBlock {P} at (0,163) size 784x0
