layer at (0,0) size 800x600
  RenderView at (0,0) size 800x600
layer at (0,0) size 800x600
  RenderBlock {HTML} at (0,0) size 800x600
    RenderBody {BODY} at (8,8) size 784x576
      RenderBlock {P} at (0,0) size 784x18
        RenderText {#text} at (0,0) size 463x17
          text run at (0,0) width 463: "The following is a test for having a <rt> immediately following another."
      RenderBlock (anonymous) at (0,34) size 784x36
        RenderBR {BR} at (0,0) size 0x17
        RenderBR {BR} at (0,18) size 0x17
      RenderBlock {P} at (0,86) size 784x27
        RenderText {#text} at (0,9) size 83x17
          text run at (0,9) width 83: "<ruby> uses "
        RenderRuby (inline) {RUBY} at (0,0) size 41x17
          RenderRubyRun (anonymous) at (83,9) size 28x18
            RenderRubyText {RT} at (0,-9) size 28x9
              RenderText {#text} at (6,0) size 16x9
                text run at (6,0) width 16: "ruby"
            RenderRubyBase (anonymous) at (0,0) size 28x18
              RenderText {#text} at (0,0) size 28x17
                text run at (0,0) width 28: "<rt>"
          RenderRubyRun (anonymous) at (111,25) size 12x0
            RenderRubyText {RT} at (0,-9) size 12x9
              RenderText {#text} at (0,0) size 12x9
                text run at (0,0) width 12: "text"
        RenderText {#text} at (122,9) size 168x17
          text run at (122,9) width 168: " to contain the annotation."
