layer at (0,0) size 800x600
  RenderView at (0,0) size 800x600
layer at (0,0) size 800x600
  RenderBlock {HTML} at (0,0) size 800x600
    RenderBody {BODY} at (8,8) size 784x584
      RenderText {#text} at (0,0) size 766x35
        text run at (0,0) width 766: "This is a initial test for simple ruby. There should be 2 ruby annotations on below line, one with a ruby text shorter than"
        text run at (0,18) width 60: "the base, "
        text run at (59,18) width 297: "and one with a ruby text longer than the base. "
      RenderBR {BR} at (355,32) size 1x0
      RenderBR {BR} at (0,36) size 0x17
      RenderText {#text} at (0,62) size 159x17
        text run at (0,62) width 159: "<ruby> is defined in the "
      RenderRuby (inline) {RUBY} at (0,0) size 187x17
        RenderRubyRun (anonymous) at (158,62) size 186x18
          RenderRubyText {RT} at (0,-9) size 186x9
            RenderText {#text} at (79,0) size 28x9
              text run at (79,0) width 28: "HTML5"
          RenderRubyBase (anonymous) at (0,0) size 186x18
            RenderText {#text} at (0,0) size 186x17
              text run at (0,0) width 186: "Hypertext Markup Language"
      RenderText {#text} at (344,62) size 32x17
        text run at (344,62) width 32: " and "
      RenderRuby (inline) {RUBY} at (0,0) size 68x17
        RenderRubyRun (anonymous) at (371,62) size 75x18
          RenderRubyText {RT} at (0,-9) size 75x9
            RenderText {#text} at (0,0) size 75x9
              text run at (0,0) width 75: "Cascading Style Sheets"
          RenderRubyBase (anonymous) at (0,0) size 75x18
            RenderText {#text} at (19,0) size 37x17
              text run at (19,0) width 37: "CSS3"
      RenderText {#text} at (442,62) size 43x17
        text run at (442,62) width 43: " specs."
