layer at (0,0) size 800x600
  RenderView at (0,0) size 800x600
layer at (0,0) size 800x53
  RenderBlock {html} at (0,0) size 800x53
    RenderBody {body} at (8,16) size 784x21 [color=#000080]
      RenderBlock {p} at (0,0) size 784x21
        RenderText {#text} at (0,0) size 255x21
          text run at (0,0) width 255: "The entire canvas should be yellow."
