layer at (0,0) size 800x600
  RenderView at (0,0) size 800x600
layer at (0,0) size 800x53
  RenderBlock {HTML} at (0,0) size 800x53
    RenderBlock (anonymous) at (0,0) size 800x0
      RenderInline {BOGUS} at (0,0) size 0x0
    RenderBlock (anonymous) at (0,16) size 800x21
      RenderBody {BODY} at (8,0) size 784x21
        RenderBlock {P} at (0,0) size 784x21
          RenderText {#text} at (0,0) size 378x21
            text run at (0,0) width 378: "This line should be green and there should be no red."
    RenderBlock (anonymous) at (0,53) size 800x0
      RenderInline {BOGUS} at (0,0) size 0x0
