layer at (0,0) size 800x600
  RenderView at (0,0) size 800x600
layer at (0,0) size 800x100
  RenderBlock {test} at (0,0) size 800x100
    RenderBlock {div} at (0,16) size 800x84
      RenderBlock {p} at (0,0) size 800x18
        RenderText {#text} at (0,0) size 222x18
          text run at (0,0) width 222: "The following bar should be green."
      RenderBlock {div} at (0,34) size 800x50 [bgcolor=#00FF00]
        RenderText {#text} at (16,16) size 163x18
          text run at (16,16) width 163: "This line should be green."
