CONSOLE MESSAGE: line 9: Uncaught TypeError: Object #<HTMLDivElement> has no method 'setIdAttribute'
layer at (0,0) size 800x600
  RenderView at (0,0) size 800x600
layer at (0,0) size 800x186
  RenderBlock {test} at (0,0) size 800x186
    RenderBlock {p} at (0,16) size 800x18 [color=#000080]
      RenderText {#text} at (0,0) size 508x18
        text run at (0,0) width 508: "This test requires support for two or more of XHTML, xml:id, and DOM3 Core."
    RenderBlock {div} at (0,50) size 800x18 [color=#FF0000]
      RenderText {#text} at (0,0) size 163x18
        text run at (0,0) width 163: "This line should be green."
    RenderBlock {p} at (0,84) size 800x18 [color=#008000]
      RenderText {#text} at (0,0) size 163x18
        text run at (0,0) width 163: "This line should be green."
    RenderBlock {p} at (0,118) size 800x18 [color=#008000]
      RenderText {#text} at (0,0) size 163x18
        text run at (0,0) width 163: "This line should be green."
    RenderBlock {p} at (0,152) size 800x18 [color=#008000]
      RenderText {#text} at (0,0) size 163x18
        text run at (0,0) width 163: "This line should be green."
