layer at (0,0) size 800x600
  RenderView at (0,0) size 800x600
layer at (0,0) size 800x263
  RenderBlock {HTML} at (0,0) size 800x263
    RenderBody {BODY} at (8,16) size 784x231
      RenderBlock {P} at (0,0) size 784x19
        RenderText {#text} at (0,0) size 281x19
          text run at (0,0) width 281: "This <hr width=\"25%\"> should be centered:"
      RenderBlock {HR} at (293,35) size 198x2 [border: (1px inset #000000)]
      RenderBlock {P} at (0,53) size 784x19
        RenderText {#text} at (0,0) size 199x19
          text run at (0,0) width 199: "This one should be left-aligned."
      RenderBlock {HR} at (0,88) size 198x2 [border: (1px inset #000000)]
      RenderBlock {P} at (0,106) size 784x19
        RenderText {#text} at (0,0) size 208x19
          text run at (0,0) width 208: "This one should be right-aligned."
      RenderBlock {HR} at (586,141) size 198x2 [border: (1px inset #000000)]
      RenderBlock {P} at (0,159) size 784x19
        RenderText {#text} at (0,0) size 181x19
          text run at (0,0) width 181: "This one should be centered."
      RenderBlock {HR} at (293,194) size 198x2 [border: (1px inset #000000)]
      RenderBlock {P} at (0,212) size 784x19
        RenderText {#text} at (0,0) size 54x19
          text run at (0,0) width 54: "(W3C: \x{201C}"
        RenderInline {A} at (0,0) size 196x19 [color=#0000EE]
          RenderText {#text} at (54,0) size 196x19
            text run at (54,0) width 196: "By default, the rule is centered."
        RenderText {#text} at (250,0) size 12x19
          text run at (250,0) width 12: "\x{201D})"
