layer at (0,0) size 800x600
  RenderView at (0,0) size 800x600
layer at (0,0) size 800x141
  RenderBlock {HTML} at (0,0) size 800x141
    RenderBody {BODY} at (8,8) size 784x125
      RenderBlock {DIV} at (0,0) size 784x100 [border: (3px solid #FFFF00)]
        RenderBlock (anonymous) at (3,3) size 778x19
          RenderText {#text} at (0,0) size 47x19
            text run at (0,0) width 47: "Yellow"
        RenderBlock {DIV} at (3,22) size 778x75 [border: (3px solid #0000FF)]
          RenderBlock (anonymous) at (3,3) size 772x19
            RenderText {#text} at (0,0) size 30x19
              text run at (0,0) width 30: "Blue"
          RenderBlock {DIV} at (3,22) size 772x25 [border: (3px solid #008000)]
            RenderText {#text} at (3,3) size 39x19
              text run at (3,3) width 39: "Green"
          RenderBlock {DIV} at (3,47) size 772x25 [border: (3px solid #FF0000)]
            RenderText {#text} at (3,3) size 26x19
              text run at (3,3) width 26: "Red"
      RenderBlock {DIV} at (0,100) size 784x25 [border: (3px solid #000080)]
        RenderBlock {DIV} at (3,3) size 778x19
          RenderText {#text} at (0,0) size 35x19
            text run at (0,0) width 35: "Navy"
