layer at (0,0) size 800x600
  RenderView at (0,0) size 800x600
layer at (0,0) size 800x600
  RenderBlock {HTML} at (0,0) size 800x600
    RenderBody {BODY} at (8,8) size 784x584
      RenderBlock {DIV} at (0,0) size 784x73
        RenderBlock {P} at (0,0) size 784x38
          RenderText {#text} at (0,0) size 53x19
            text run at (0,0) width 53: "Test for "
          RenderInline {A} at (0,0) size 128x19 [color=#0000EE]
            RenderText {#text} at (53,0) size 128x19
              text run at (53,0) width 128: "Bugzilla Bug 12423"
          RenderText {#text} at (181,0) size 755x38
            text run at (181,0) width 574: ": Mixing white-space:pre text with non white-space:pre text within a text-align:justify block"
            text run at (0,19) width 139: "causes text to overlap."
        RenderBlock {P} at (0,54) size 784x19
          RenderText {#text} at (0,0) size 348x19
            text run at (0,0) width 348: "Test passes if text wraps within all of the yellow boxes."
      RenderBlock {DIV} at (0,89) size 350x38 [bgcolor=#FFFF00]
        RenderText {#text} at (0,0) size 324x19
          text run at (0,0) width 324: "Typical for type are type=\"text/css\" for <style> and"
        RenderInline {SPAN} at (0,0) size 137x19
          RenderText {#text} at (0,19) size 137x19
            text run at (0,19) width 137: "type=\"text/javascript\""
        RenderText {#text} at (137,19) size 82x19
          text run at (137,19) width 82: " for <script>."
      RenderBlock {DIV} at (0,127) size 350x38 [bgcolor=#FFFF00]
        RenderText {#text} at (0,0) size 297x38
          text run at (0,0) width 297: "Typical for type are type=\"text/css\" for <style>"
          text run at (0,19) width 23: "and"
        RenderInline {SPAN} at (0,0) size 137x19
          RenderText {#text} at (23,19) size 137x19
            text run at (23,19) width 137: "type=\"text/javascript\""
        RenderText {#text} at (160,19) size 82x19
          text run at (160,19) width 82: " for <script>."
      RenderBlock {DIV} at (0,165) size 350x38 [bgcolor=#FFFF00]
        RenderText {#text} at (0,0) size 297x19
          text run at (0,0) width 297: "Typical for type are type=\"text/css\" for <style>"
        RenderInline {SPAN} at (0,0) size 23x19
          RenderText {#text} at (0,19) size 23x19
            text run at (0,19) width 23: "and"
        RenderInline {SPAN} at (0,0) size 137x19
          RenderText {#text} at (23,19) size 137x19
            text run at (23,19) width 137: "type=\"text/javascript\""
        RenderText {#text} at (160,19) size 82x19
          text run at (160,19) width 82: " for <script>."
      RenderBlock {DIV} at (0,203) size 350x38 [bgcolor=#FFFF00]
        RenderText {#text} at (0,0) size 246x38
          text run at (0,0) width 246: "Typical for type are type=\"text/css\" for"
          text run at (0,19) width 47: "<style>"
        RenderInline {SPAN} at (0,0) size 23x19
          RenderText {#text} at (47,19) size 23x19
            text run at (47,19) width 23: "and"
        RenderInline {SPAN} at (0,0) size 137x19
          RenderText {#text} at (70,19) size 137x19
            text run at (70,19) width 137: "type=\"text/javascript\""
        RenderText {#text} at (207,19) size 82x19
          text run at (207,19) width 82: " for <script>."
      RenderBlock {DIV} at (0,241) size 350x38 [bgcolor=#FFFF00]
        RenderText {#text} at (0,0) size 246x19
          text run at (0,0) width 246: "Typical for type are type=\"text/css\" for"
        RenderInline {SPAN} at (0,0) size 47x19
          RenderText {#text} at (0,19) size 47x19
            text run at (0,19) width 47: "<style>"
        RenderInline {SPAN} at (0,0) size 23x19
          RenderText {#text} at (47,19) size 23x19
            text run at (47,19) width 23: "and"
        RenderInline {SPAN} at (0,0) size 137x19
          RenderText {#text} at (70,19) size 137x19
            text run at (70,19) width 137: "type=\"text/javascript\""
        RenderText {#text} at (207,19) size 82x19
          text run at (207,19) width 82: " for <script>."
