layer at (0,0) size 784x1700
  RenderView at (0,0) size 784x600
layer at (0,0) size 784x600
  RenderBlock {HTML} at (0,0) size 784x600
    RenderBody {BODY} at (8,8) size 768x584
layer at (8,8) size 208x1692
  RenderBlock (positioned) {DIV} at (8,8) size 208x1692
    RenderBlock {P} at (0,72) size 208x90
      RenderInline {A} at (0,0) size 168x90 [color=#0000EE]
        RenderText {#text} at (0,0) size 168x90
          text run at (0,0) width 168: "link 1"
    RenderBlock {P} at (0,234) size 208x90
      RenderInline {A} at (0,0) size 168x90 [color=#0000EE]
        RenderText {#text} at (0,0) size 168x90
          text run at (0,0) width 168: "link 2"
    RenderBlock {P} at (0,396) size 208x90
      RenderInline {A} at (0,0) size 168x90 [color=#0000EE]
        RenderText {#text} at (0,0) size 168x90
          text run at (0,0) width 168: "link 3"
    RenderBlock {P} at (0,558) size 208x90
      RenderInline {A} at (0,0) size 168x90 [color=#0000EE]
        RenderText {#text} at (0,0) size 168x90
          text run at (0,0) width 168: "link 4"
    RenderBlock {P} at (0,720) size 208x90
      RenderInline {A} at (0,0) size 168x90 [color=#0000EE]
        RenderText {#text} at (0,0) size 168x90
          text run at (0,0) width 168: "link 5"
    RenderBlock {P} at (0,882) size 208x90
      RenderInline {A} at (0,0) size 168x90 [color=#0000EE]
        RenderText {#text} at (0,0) size 168x90
          text run at (0,0) width 168: "link 6"
    RenderBlock {P} at (0,1044) size 208x90
      RenderInline {A} at (0,0) size 168x90 [color=#0000EE]
        RenderText {#text} at (0,0) size 168x90
          text run at (0,0) width 168: "link 7"
    RenderBlock {P} at (0,1206) size 208x90
      RenderInline {A} at (0,0) size 168x90 [color=#0000EE]
        RenderText {#text} at (0,0) size 168x90
          text run at (0,0) width 168: "link 8"
    RenderBlock {P} at (0,1368) size 208x90
      RenderInline {A} at (0,0) size 168x90 [color=#0000EE]
        RenderText {#text} at (0,0) size 168x90
          text run at (0,0) width 168: "link 9"
    RenderBlock {P} at (0,1530) size 208x90
      RenderInline {A} at (0,0) size 208x90 [color=#0000EE]
        RenderText {#text} at (0,0) size 208x90
          text run at (0,0) width 208: "link 10"
