layer at (0,0) size 800x600
  RenderView at (0,0) size 800x600
layer at (0,0) size 800x600
  RenderBlock {HTML} at (0,0) size 800x600
    RenderBody {BODY} at (8,8) size 784x584
      RenderBlock {DIV} at (0,0) size 784x54
        RenderText {#text} at (0,0) size 587x18
          text run at (0,0) width 587: "PASS - \"borderImageSource\" property for \"box\" element at 2.5s saw something close to: 0.5"
        RenderBR {BR} at (587,14) size 0x0
        RenderText {#text} at (0,18) size 714x18
          text run at (0,18) width 714: "PASS - \"borderImageSource\" property for \"box\" and \"boxStatic\" elements at 2.5s are close enough to each other"
        RenderBR {BR} at (714,32) size 0x0
        RenderText {#text} at (0,36) size 779x18
          text run at (0,36) width 779: "PASS - \"borderImageSource\" property for \"boxShorthand\" and \"boxStatic\" elements at 2.5s are close enough to each other"
        RenderBR {BR} at (779,50) size 0x0
layer at (100,100) size 106x106
  RenderBlock (positioned) {DIV} at (100,100) size 106x106 [bgcolor=#008000] [border: (3px none #000000)]
layer at (100,250) size 106x106
  RenderBlock (positioned) {DIV} at (100,250) size 106x106 [bgcolor=#008000] [border: (3px none #000000)]
layer at (100,400) size 106x106
  RenderBlock (positioned) {DIV} at (100,400) size 106x106 [bgcolor=#008000] [border: (3px none #000000)]
