layer at (0,0) size 784x601
  RenderView at (0,0) size 784x600
layer at (0,0) size 784x601
  RenderBlock {HTML} at (0,0) size 784x601
    RenderBody {BODY} at (8,8) size 768x585
      RenderBlock {P} at (0,0) size 768x21
        RenderText {#text} at (0,0) size 411x21
          text run at (0,0) width 411: "Images should redraw correctly when SVG animation runs"
      RenderBlock (anonymous) at (0,37) size 768x548
        RenderImage {IMG} at (10,10) size 354x254 [border: (2px solid #000000)]
        RenderBR {BR} at (374,274) size 0x0
        RenderImage {IMG} at (10,284) size 354x254 [border: (2px solid #000000)]
        RenderText {#text} at (0,0) size 0x0
