layer at (0,0) size 784x602
  RenderView at (0,0) size 784x600
layer at (0,0) size 784x602
  RenderBlock {HTML} at (0,0) size 784x602
    RenderBody {BODY} at (8,8) size 768x586
      RenderBlock {P} at (0,0) size 768x22
        RenderText {#text} at (0,0) size 400x22
          text run at (0,0) width 400: "Images should redraw correctly when SVG animation runs"
      RenderBlock (anonymous) at (0,38) size 768x548
        RenderImage {IMG} at (10,10) size 354x254 [border: (2px solid #000000)]
        RenderBR {BR} at (374,274) size 0x0
        RenderImage {IMG} at (10,284) size 354x254 [border: (2px solid #000000)]
        RenderText {#text} at (0,0) size 0x0
