layer at (0,0) size 800x600
  RenderView at (0,0) size 800x600
layer at (0,0) size 800x327
  RenderBlock {HTML} at (0,0) size 800x327
    RenderBody {BODY} at (8,21) size 784x298
      RenderBlock {H1} at (0,0) size 784x42
        RenderText {#text} at (0,0) size 263x42
          text run at (0,0) width 263: "No size specified"
      RenderBlock (anonymous) at (0,63) size 784x235
        RenderImage {IMG} at (0,0) size 230x230 [border: (2px dashed #800000)]
        RenderText {#text} at (230,214) size 4x21
          text run at (230,214) width 4: " "
        RenderEmbeddedObject {OBJECT} at (234,2) size 228x228 [border: (1px dashed #008000)]
          layer at (0,0) size 220x220
            RenderView at (0,0) size 220x220
          layer at (0,0) size 220x220
            RenderSVGRoot {svg} at (0,0) size 220x220
              RenderSVGPath {circle} at (0,0) size 220x220 [stroke={[type=SOLID] [color=#000000]}] [fill={[type=SOLID] [color=#D9BB7A] [fill rule=EVEN-ODD]}] [cx=110.00] [cy=110.00] [r=110.00]
        RenderText {#text} at (0,0) size 0x0
