layer at (0,0) size 800x600
  RenderView at (0,0) size 800x600
layer at (0,0) size 800x505
  RenderBlock {HTML} at (0,0) size 800x505
    RenderBody {BODY} at (8,8) size 784x489
      RenderTable {TABLE} at (0,0) size 669x489
        RenderTableSection {TBODY} at (0,0) size 669x489
          RenderTableRow {TR} at (0,2) size 669x21
            RenderTableCell {TH} at (2,2) size 93x21 [bgcolor=#DDDD99] [r=0 c=0 rs=1 cs=1]
              RenderText {#text} at (9,1) size 75x19
                text run at (9,1) width 75: "viewBox?"
            RenderTableCell {TH} at (97,2) size 162x21 [bgcolor=#DDDD99] [r=0 c=1 rs=1 cs=1]
              RenderText {#text} at (1,1) size 160x19
                text run at (1,1) width 160: "preserve\x{AD}Aspect\x{AD}Ratio"
            RenderTableCell {TH} at (261,2) size 202x21 [bgcolor=#DDDD99] [r=0 c=2 rs=1 cs=1]
              RenderText {#text} at (78,1) size 46x19
                text run at (78,1) width 46: "<img>"
            RenderTableCell {TH} at (465,2) size 202x21 [bgcolor=#DDDD99] [r=0 c=3 rs=1 cs=1]
              RenderText {#text} at (68,1) size 66x19
                text run at (68,1) width 66: "<object>"
          RenderTableRow {TR} at (0,25) size 669x56
            RenderTableCell {TH} at (2,129) size 93x21 [bgcolor=#DDDD99] [r=1 c=0 rs=4 cs=1]
              RenderText {#text} at (1,1) size 91x19
                text run at (1,1) width 91: "No viewBox"
            RenderTableCell {TH} at (97,52) size 162x2 [bgcolor=#DDDD99] [r=1 c=1 rs=1 cs=1]
            RenderTableCell {TD} at (261,25) size 202x56 [r=1 c=2 rs=1 cs=1]
              RenderImage {IMG} at (1,1) size 200x50 [border: (2px dashed #800000)]
              RenderText {#text} at (0,0) size 0x0
            RenderTableCell {TD} at (465,25) size 202x56 [r=1 c=3 rs=1 cs=1]
              RenderEmbeddedObject {OBJECT} at (1,1) size 200x50 [border: (1px dashed #008000)]
                layer at (0,0) size 192x42
                  RenderView at (0,0) size 192x42
                layer at (0,0) size 192x42
                  RenderSVGRoot {svg} at (0,0) size 192x42
                    RenderSVGEllipse {circle} at (0,0) size 192x42 [stroke={[type=SOLID] [color=#000000]}] [fill={[type=SOLID] [color=#D9BB7A] [fill rule=EVEN-ODD]}] [cx=110.00] [cy=110.00] [r=110.00]
              RenderText {#text} at (0,0) size 0x0
          RenderTableRow {TR} at (0,83) size 669x56
            RenderTableCell {TH} at (97,100) size 162x21 [bgcolor=#DDDD99] [r=2 c=1 rs=1 cs=1]
              RenderText {#text} at (61,1) size 40x19
                text run at (61,1) width 40: "none"
            RenderTableCell {TD} at (261,83) size 202x56 [r=2 c=2 rs=1 cs=1]
              RenderImage {IMG} at (1,1) size 200x50 [border: (2px dashed #800000)]
              RenderText {#text} at (0,0) size 0x0
            RenderTableCell {TD} at (465,83) size 202x56 [r=2 c=3 rs=1 cs=1]
              RenderEmbeddedObject {OBJECT} at (1,1) size 200x50 [border: (1px dashed #008000)]
                layer at (0,0) size 192x42
                  RenderView at (0,0) size 192x42
                layer at (0,0) size 192x42
                  RenderSVGRoot {svg} at (0,0) size 192x42
                    RenderSVGHiddenContainer {defs} at (0,0) size 0x0
                    RenderSVGContainer {g} at (0,0) size 192x42 [transform={m=((1.00,0.00)(0.00,1.00)) t=(-162.36,-403.29)}]
                      RenderSVGPath {path} at (0,0) size 192x42 [stroke={[type=SOLID] [color=#000000]}] [fill={[type=SOLID] [color=#D9BB7A] [fill rule=EVEN-ODD]}] [data="M 525.714 585.219 C 525.714 685.419 444.486 766.648 344.286 766.648 C 244.085 766.648 162.857 685.419 162.857 585.219 C 162.857 485.019 244.085 403.791 344.286 403.791 C 444.486 403.791 525.714 485.019 525.714 585.219 Z"]
              RenderText {#text} at (0,0) size 0x0
          RenderTableRow {TR} at (0,141) size 669x56
            RenderTableCell {TH} at (97,158) size 162x21 [bgcolor=#DDDD99] [r=3 c=1 rs=1 cs=1]
              RenderText {#text} at (62,1) size 38x19
                text run at (62,1) width 38: "meet"
            RenderTableCell {TD} at (261,141) size 202x56 [r=3 c=2 rs=1 cs=1]
              RenderImage {IMG} at (1,1) size 200x50 [border: (2px dashed #800000)]
              RenderText {#text} at (0,0) size 0x0
            RenderTableCell {TD} at (465,141) size 202x56 [r=3 c=3 rs=1 cs=1]
              RenderEmbeddedObject {OBJECT} at (1,1) size 200x50 [border: (1px dashed #008000)]
                layer at (0,0) size 192x42
                  RenderView at (0,0) size 192x42
                layer at (0,0) size 192x42
                  RenderSVGRoot {svg} at (0,0) size 192x42
                    RenderSVGHiddenContainer {defs} at (0,0) size 0x0
                    RenderSVGContainer {g} at (0,0) size 192x42 [transform={m=((1.00,0.00)(0.00,1.00)) t=(-162.36,-403.29)}]
                      RenderSVGPath {path} at (0,0) size 192x42 [stroke={[type=SOLID] [color=#000000]}] [fill={[type=SOLID] [color=#D9BB7A] [fill rule=EVEN-ODD]}] [data="M 525.714 585.219 C 525.714 685.419 444.486 766.648 344.286 766.648 C 244.085 766.648 162.857 685.419 162.857 585.219 C 162.857 485.019 244.085 403.791 344.286 403.791 C 444.486 403.791 525.714 485.019 525.714 585.219 Z"]
              RenderText {#text} at (0,0) size 0x0
          RenderTableRow {TR} at (0,199) size 669x56
            RenderTableCell {TH} at (97,216) size 162x21 [bgcolor=#DDDD99] [r=4 c=1 rs=1 cs=1]
              RenderText {#text} at (63,1) size 36x19
                text run at (63,1) width 36: "slice"
            RenderTableCell {TD} at (261,199) size 202x56 [r=4 c=2 rs=1 cs=1]
              RenderImage {IMG} at (1,1) size 200x50 [border: (2px dashed #800000)]
              RenderText {#text} at (0,0) size 0x0
            RenderTableCell {TD} at (465,199) size 202x56 [r=4 c=3 rs=1 cs=1]
              RenderEmbeddedObject {OBJECT} at (1,1) size 200x50 [border: (1px dashed #008000)]
                layer at (0,0) size 192x42
                  RenderView at (0,0) size 192x42
                layer at (0,0) size 192x42
                  RenderSVGRoot {svg} at (0,0) size 192x42
                    RenderSVGHiddenContainer {defs} at (0,0) size 0x0
                    RenderSVGContainer {g} at (0,0) size 192x42 [transform={m=((1.00,0.00)(0.00,1.00)) t=(-162.36,-403.29)}]
                      RenderSVGPath {path} at (0,0) size 192x42 [stroke={[type=SOLID] [color=#000000]}] [fill={[type=SOLID] [color=#D9BB7A] [fill rule=EVEN-ODD]}] [data="M 525.714 585.219 C 525.714 685.419 444.486 766.648 344.286 766.648 C 244.085 766.648 162.857 685.419 162.857 585.219 C 162.857 485.019 244.085 403.791 344.286 403.791 C 444.486 403.791 525.714 485.019 525.714 585.219 Z"]
              RenderText {#text} at (0,0) size 0x0
          RenderTableRow {TR} at (0,257) size 669x56
            RenderTableCell {TH} at (2,361) size 93x21 [bgcolor=#DDDD99] [r=5 c=0 rs=4 cs=1]
              RenderText {#text} at (14,1) size 65x19
                text run at (14,1) width 65: "viewBox"
            RenderTableCell {TH} at (97,284) size 162x2 [bgcolor=#DDDD99] [r=5 c=1 rs=1 cs=1]
            RenderTableCell {TD} at (261,257) size 202x56 [r=5 c=2 rs=1 cs=1]
              RenderImage {IMG} at (1,1) size 200x50 [border: (2px dashed #800000)]
              RenderText {#text} at (0,0) size 0x0
            RenderTableCell {TD} at (465,257) size 202x56 [r=5 c=3 rs=1 cs=1]
              RenderEmbeddedObject {OBJECT} at (1,1) size 200x50 [border: (1px dashed #008000)]
                layer at (0,0) size 192x42
                  RenderView at (0,0) size 192x42
                layer at (0,0) size 192x42
                  RenderSVGRoot {svg} at (75,0) size 31x31
                    RenderSVGHiddenContainer {defs} at (0,0) size 0x0
                    RenderSVGContainer {g} at (75,0) size 31x31 [transform={m=((1.00,0.00)(0.00,1.00)) t=(-162.36,-403.29)}]
                      RenderSVGPath {path} at (75,0) size 31x31 [stroke={[type=SOLID] [color=#000000]}] [fill={[type=SOLID] [color=#D9BB7A] [fill rule=EVEN-ODD]}] [data="M 525.714 585.219 C 525.714 685.419 444.486 766.648 344.286 766.648 C 244.085 766.648 162.857 685.419 162.857 585.219 C 162.857 485.019 244.085 403.791 344.286 403.791 C 444.486 403.791 525.714 485.019 525.714 585.219 Z"]
              RenderText {#text} at (0,0) size 0x0
          RenderTableRow {TR} at (0,315) size 669x56
            RenderTableCell {TH} at (97,332) size 162x21 [bgcolor=#DDDD99] [r=6 c=1 rs=1 cs=1]
              RenderText {#text} at (61,1) size 40x19
                text run at (61,1) width 40: "none"
            RenderTableCell {TD} at (261,315) size 202x56 [r=6 c=2 rs=1 cs=1]
              RenderImage {IMG} at (1,1) size 200x50 [border: (2px dashed #800000)]
              RenderText {#text} at (0,0) size 0x0
            RenderTableCell {TD} at (465,315) size 202x56 [r=6 c=3 rs=1 cs=1]
              RenderEmbeddedObject {OBJECT} at (1,1) size 200x50 [border: (1px dashed #008000)]
                layer at (0,0) size 192x42
                  RenderView at (0,0) size 192x42
                layer at (0,0) size 192x42
                  RenderSVGRoot {svg} at (0,0) size 140x31
                    RenderSVGHiddenContainer {defs} at (0,0) size 0x0
                    RenderSVGContainer {g} at (0,0) size 140x31 [transform={m=((1.00,0.00)(0.00,1.00)) t=(-162.36,-403.29)}]
                      RenderSVGPath {path} at (0,0) size 140x31 [stroke={[type=SOLID] [color=#000000]}] [fill={[type=SOLID] [color=#D9BB7A] [fill rule=EVEN-ODD]}] [data="M 525.714 585.219 C 525.714 685.419 444.486 766.648 344.286 766.648 C 244.085 766.648 162.857 685.419 162.857 585.219 C 162.857 485.019 244.085 403.791 344.286 403.791 C 444.486 403.791 525.714 485.019 525.714 585.219 Z"]
              RenderText {#text} at (0,0) size 0x0
          RenderTableRow {TR} at (0,373) size 669x56
            RenderTableCell {TH} at (97,390) size 162x21 [bgcolor=#DDDD99] [r=7 c=1 rs=1 cs=1]
              RenderText {#text} at (62,1) size 38x19
                text run at (62,1) width 38: "meet"
            RenderTableCell {TD} at (261,373) size 202x56 [r=7 c=2 rs=1 cs=1]
              RenderImage {IMG} at (1,1) size 200x50 [border: (2px dashed #800000)]
              RenderText {#text} at (0,0) size 0x0
            RenderTableCell {TD} at (465,373) size 202x56 [r=7 c=3 rs=1 cs=1]
              RenderEmbeddedObject {OBJECT} at (1,1) size 200x50 [border: (1px dashed #008000)]
                layer at (0,0) size 192x42
                  RenderView at (0,0) size 192x42
                layer at (0,0) size 192x42
                  RenderSVGRoot {svg} at (75,0) size 31x31
                    RenderSVGHiddenContainer {defs} at (0,0) size 0x0
                    RenderSVGContainer {g} at (75,0) size 31x31 [transform={m=((1.00,0.00)(0.00,1.00)) t=(-162.36,-403.29)}]
                      RenderSVGPath {path} at (75,0) size 31x31 [stroke={[type=SOLID] [color=#000000]}] [fill={[type=SOLID] [color=#D9BB7A] [fill rule=EVEN-ODD]}] [data="M 525.714 585.219 C 525.714 685.419 444.486 766.648 344.286 766.648 C 244.085 766.648 162.857 685.419 162.857 585.219 C 162.857 485.019 244.085 403.791 344.286 403.791 C 444.486 403.791 525.714 485.019 525.714 585.219 Z"]
              RenderText {#text} at (0,0) size 0x0
          RenderTableRow {TR} at (0,431) size 669x56
            RenderTableCell {TH} at (97,448) size 162x21 [bgcolor=#DDDD99] [r=8 c=1 rs=1 cs=1]
              RenderText {#text} at (63,1) size 36x19
                text run at (63,1) width 36: "slice"
            RenderTableCell {TD} at (261,431) size 202x56 [r=8 c=2 rs=1 cs=1]
              RenderImage {IMG} at (1,1) size 200x50 [border: (2px dashed #800000)]
              RenderText {#text} at (0,0) size 0x0
            RenderTableCell {TD} at (465,431) size 202x56 [r=8 c=3 rs=1 cs=1]
              RenderEmbeddedObject {OBJECT} at (1,1) size 200x50 [border: (1px dashed #008000)]
                layer at (0,0) size 192x42
                  RenderView at (0,0) size 192x42
                layer at (0,0) size 192x42
                  RenderSVGRoot {svg} at (0,0) size 140x42
                    RenderSVGHiddenContainer {defs} at (0,0) size 0x0
                    RenderSVGContainer {g} at (0,0) size 140x42 [transform={m=((1.00,0.00)(0.00,1.00)) t=(-162.36,-403.29)}]
                      RenderSVGPath {path} at (0,0) size 140x42 [stroke={[type=SOLID] [color=#000000]}] [fill={[type=SOLID] [color=#D9BB7A] [fill rule=EVEN-ODD]}] [data="M 525.714 585.219 C 525.714 685.419 444.486 766.648 344.286 766.648 C 244.085 766.648 162.857 685.419 162.857 585.219 C 162.857 485.019 244.085 403.791 344.286 403.791 C 444.486 403.791 525.714 485.019 525.714 585.219 Z"]
              RenderText {#text} at (0,0) size 0x0
