layer at (0,0) size 800x600
  RenderView at (0,0) size 800x600
layer at (0,0) size 800x504
  RenderBlock {html} at (0,0) size 800x504
    RenderBody {body} at (8,16) size 784x480
      RenderBlock {p} at (0,0) size 784x42
        RenderText {#text} at (0,0) size 776x42
          text run at (0,0) width 776: "The svg image contained in the div element (red box) should not change its appearance when width is resized"
          text run at (0,21) width 80: "to be larger"
      RenderBlock {div} at (0,58) size 602x422 [border: (1px solid #FF0000)]
        RenderImage {img} at (1,1) size 420x420
        RenderText {#text} at (0,0) size 0x0
