layer at (0,0) size 784x2409
  RenderView at (0,0) size 784x600
layer at (0,0) size 784x2409
  RenderBlock {HTML} at (0,0) size 784x2409
    RenderBody {BODY} at (8,8) size 768x2393 [bgcolor=#19BCD2]
      RenderTable {TABLE} at (0,0) size 768x199 [bgcolor=#FFA500] [border: (1px outset #808080)]
        RenderTableSection {TBODY} at (1,1) size 766x197
          RenderTableRow {TR} at (0,0) size 766x158
            RenderTableCell {TD} at (0,0) size 766x23 [border: (1px inset #808080)] [r=0 c=0 rs=1 cs=1]
              RenderText {#text} at (1,1) size 175x21
                text run at (1,1) width 175: "80% of table 200px table"
          RenderTableRow {TR} at (0,158) size 766x39
            RenderTableCell {TD} at (0,158) size 766x23 [border: (1px inset #808080)] [r=1 c=0 rs=1 cs=1]
              RenderText {#text} at (1,1) size 175x21
                text run at (1,1) width 175: "20% of table 200px table"
      RenderBlock (anonymous) at (0,199) size 768x21
        RenderBR {BR} at (0,0) size 0x21
      RenderTable {TABLE} at (0,220) size 768x48 [bgcolor=#FFA500] [border: (1px outset #808080)]
        RenderTableSection {TBODY} at (1,1) size 766x46
          RenderTableRow {TR} at (0,0) size 766x23
            RenderTableCell {TD} at (0,0) size 766x23 [border: (1px inset #808080)] [r=0 c=0 rs=1 cs=1]
              RenderText {#text} at (1,1) size 140x21
                text run at (1,1) width 140: "80% of 200px tbody"
          RenderTableRow {TR} at (0,23) size 766x23
            RenderTableCell {TD} at (0,23) size 766x23 [border: (1px inset #808080)] [r=1 c=0 rs=1 cs=1]
              RenderText {#text} at (1,1) size 140x21
                text run at (1,1) width 140: "20% of 200px tbody"
      RenderBlock (anonymous) at (0,268) size 768x21
        RenderBR {BR} at (0,0) size 0x21
      RenderTable {TABLE} at (0,289) size 768x48 [bgcolor=#FFA500] [border: (1px outset #808080)]
        RenderTableSection {TBODY} at (1,1) size 766x46
          RenderTableRow {TR} at (0,0) size 766x23
            RenderTableCell {TD} at (0,0) size 766x23 [border: (1px inset #808080)] [r=0 c=0 rs=1 cs=1]
              RenderText {#text} at (1,1) size 140x21
                text run at (1,1) width 140: "80% of 200px tbody"
          RenderTableRow {TR} at (0,23) size 766x23
            RenderTableCell {TD} at (0,23) size 766x23 [border: (1px inset #808080)] [r=1 c=0 rs=1 cs=1]
              RenderText {#text} at (1,1) size 140x21
                text run at (1,1) width 140: "20% of 200px tbody"
      RenderBlock (anonymous) at (0,337) size 768x21
        RenderBR {BR} at (0,0) size 0x21
      RenderTable {TABLE} at (0,358) size 768x199 [bgcolor=#FFA500] [border: (1px outset #808080)]
        RenderTableSection {TBODY} at (1,1) size 766x197
          RenderTableRow {TR} at (0,0) size 766x158
            RenderTableCell {TD} at (0,0) size 766x23 [border: (1px inset #808080)] [r=0 c=0 rs=1 cs=1]
              RenderText {#text} at (1,1) size 166x21
                text run at (1,1) width 166: "row 80% of 200px table"
          RenderTableRow {TR} at (0,158) size 766x39
            RenderTableCell {TD} at (0,158) size 766x23 [border: (1px inset #808080)] [r=1 c=0 rs=1 cs=1]
              RenderText {#text} at (1,1) size 166x21
                text run at (1,1) width 166: "row 20% of 200px table"
      RenderBlock (anonymous) at (0,557) size 768x21
        RenderBR {BR} at (0,0) size 0x21
      RenderTable {TABLE} at (0,578) size 768x48 [bgcolor=#FFA500] [border: (1px outset #808080)]
        RenderTableSection {TBODY} at (1,1) size 766x46
          RenderTableRow {TR} at (0,0) size 766x23
            RenderTableCell {TD} at (0,0) size 766x23 [border: (1px inset #808080)] [r=0 c=0 rs=1 cs=1]
              RenderText {#text} at (1,1) size 170x21
                text run at (1,1) width 170: "row 80% of 200px tbody"
          RenderTableRow {TR} at (0,23) size 766x23
            RenderTableCell {TD} at (0,23) size 766x23 [border: (1px inset #808080)] [r=1 c=0 rs=1 cs=1]
              RenderText {#text} at (1,1) size 170x21
                text run at (1,1) width 170: "row 20% of 200px tbody"
      RenderBlock (anonymous) at (0,626) size 768x21
        RenderBR {BR} at (0,0) size 0x21
      RenderTable {TABLE} at (0,647) size 768x419 [bgcolor=#FFA500] [border: (1px outset #808080)]
        RenderTableSection {TBODY} at (1,1) size 766x417
          RenderTableRow {TR} at (0,0) size 766x417
            RenderTableCell {TD} at (0,0) size 766x417 [border: (1px inset #808080)] [r=0 c=0 rs=1 cs=1]
              RenderTable {TABLE} at (1,1) size 764x100 [bgcolor=#FFFF00]
                RenderTableSection {TBODY} at (0,0) size 764x100
                  RenderTableRow {TR} at (0,0) size 764x100
                    RenderTableCell {TD} at (0,39) size 764x21 [r=0 c=0 rs=1 cs=1]
                      RenderText {#text} at (0,0) size 12x21
                        text run at (0,0) width 12: " x"
              RenderTable {TABLE} at (1,101) size 764x315
                RenderTableSection {TBODY} at (0,0) size 764x315
                  RenderTableRow {TR} at (0,0) size 764x315
                    RenderTableCell {TD} at (0,0) size 764x315 [bgcolor=#E0FFFF] [r=0 c=0 rs=1 cs=1]
                      RenderText {#text} at (0,0) size 119x21
                        text run at (0,0) width 85: "yuiyututuyu "
                        text run at (85,0) width 34: "fesfe"
                      RenderBR {BR} at (119,16) size 0x0
                      RenderText {#text} at (0,21) size 4x21
                        text run at (0,21) width 4: " "
                      RenderBR {BR} at (4,37) size 0x0
                      RenderText {#text} at (0,42) size 4x21
                        text run at (0,42) width 4: " "
                      RenderBR {BR} at (4,58) size 0x0
                      RenderText {#text} at (0,63) size 4x21
                        text run at (0,63) width 4: " "
                      RenderBR {BR} at (4,79) size 0x0
                      RenderText {#text} at (0,84) size 4x21
                        text run at (0,84) width 4: " "
                      RenderBR {BR} at (4,100) size 0x0
                      RenderText {#text} at (0,105) size 4x21
                        text run at (0,105) width 4: " "
                      RenderBR {BR} at (4,121) size 0x0
                      RenderText {#text} at (0,126) size 4x21
                        text run at (0,126) width 4: " "
                      RenderBR {BR} at (4,142) size 0x0
                      RenderText {#text} at (0,147) size 4x21
                        text run at (0,147) width 4: " "
                      RenderBR {BR} at (4,163) size 0x0
                      RenderText {#text} at (0,168) size 4x21
                        text run at (0,168) width 4: " "
                      RenderBR {BR} at (4,184) size 0x0
                      RenderText {#text} at (0,189) size 4x21
                        text run at (0,189) width 4: " "
                      RenderBR {BR} at (4,205) size 0x0
                      RenderText {#text} at (0,210) size 4x21
                        text run at (0,210) width 4: " "
                      RenderBR {BR} at (4,226) size 0x0
                      RenderText {#text} at (0,231) size 4x21
                        text run at (0,231) width 4: " "
                      RenderBR {BR} at (4,247) size 0x0
                      RenderText {#text} at (0,252) size 4x21
                        text run at (0,252) width 4: " "
                      RenderBR {BR} at (4,268) size 0x0
                      RenderText {#text} at (0,273) size 4x21
                        text run at (0,273) width 4: " "
                      RenderBR {BR} at (4,289) size 0x0
                      RenderText {#text} at (0,294) size 4x21
                        text run at (0,294) width 4: " "
      RenderBlock (anonymous) at (0,1066) size 768x21
        RenderBR {BR} at (0,0) size 0x21
      RenderTable {TABLE} at (0,1087) size 600x400 [border: (1px outset #808080)]
        RenderTableSection {TBODY} at (1,1) size 598x398
          RenderTableRow {TR} at (0,2) size 598x394
            RenderTableCell {TD} at (2,2) size 594x394 [border: (1px inset #808080)] [r=0 c=0 rs=1 cs=1]
              RenderTable {TABLE} at (2,2) size 590x390 [border: (1px outset #808080)]
                RenderTableSection {TBODY} at (1,1) size 588x388
                  RenderTableRow {TR} at (0,2) size 588x384
                    RenderTableCell {TD} at (2,2) size 584x384 [border: (1px inset #808080)] [r=0 c=0 rs=1 cs=1]
                      RenderTable {TABLE} at (2,2) size 580x380 [border: (1px outset #808080)]
                        RenderTableSection {TBODY} at (1,1) size 578x378
                          RenderTableRow {TR} at (0,2) size 578x374
                            RenderTableCell {TD} at (2,176) size 574x25 [border: (1px inset #808080)] [r=0 c=0 rs=1 cs=1]
                              RenderText {#text} at (2,2) size 22x21
                                text run at (2,2) width 22: "foo"
      RenderBlock (anonymous) at (0,1487) size 768x21
        RenderBR {BR} at (0,0) size 0x21
      RenderTable {TABLE} at (0,1508) size 70x25 [border: (1px outset #808080)]
        RenderTableSection {TBODY} at (1,1) size 68x23
          RenderTableRow {TR} at (0,0) size 68x0
            RenderTableCell {TD} at (0,0) size 68x23 [border: (1px inset #808080)] [r=0 c=0 rs=2 cs=1]
              RenderText {#text} at (1,1) size 66x21
                text run at (1,1) width 66: "blah blah"
          RenderTableRow {TR} at (0,0) size 68x23
      RenderBlock (anonymous) at (0,1533) size 768x21
        RenderBR {BR} at (0,0) size 0x21
      RenderTable {TABLE} at (0,1554) size 602x364 [border: (1px outset #808080)]
        RenderTableSection {TBODY} at (1,1) size 600x362
          RenderTableRow {TR} at (0,0) size 600x0
            RenderTableCell {TD} at (0,0) size 502x362 [bgcolor=#FFFFFF] [border: (1px inset #808080)] [r=0 c=0 rs=2 cs=2]
              RenderImage {IMG} at (1,1) size 132x360
          RenderTableRow {TR} at (0,0) size 600x362
            RenderTableCell {TD} at (502,169) size 98x23 [border: (1px inset #808080)] [r=1 c=2 rs=1 cs=6]
              RenderText {#text} at (73,1) size 24x21
                text run at (73,1) width 24: "xxx"
      RenderBlock (anonymous) at (0,1918) size 768x21
        RenderBR {BR} at (0,0) size 0x21
      RenderTable {TABLE} at (10,1939) size 748x454 [bgcolor=#808080]
        RenderTableSection {TBODY} at (0,0) size 748x454
          RenderTableRow {TR} at (0,4) size 748x446
            RenderTableCell {TD} at (4,4) size 740x446 [r=0 c=0 rs=1 cs=1]
              RenderTable {TABLE} at (3,3) size 734x440 [bgcolor=#FFA500] [border: (1px outset #808080)]
                RenderTableSection {TBODY} at (1,1) size 732x438
                  RenderTableRow {TR} at (0,0) size 732x438
                    RenderTableCell {TD} at (0,0) size 732x438 [border: (1px inset #808080)] [r=0 c=0 rs=1 cs=1]
                      RenderBlock (anonymous) at (1,1) size 730x21
                        RenderText {#text} at (0,0) size 8x21
                          text run at (0,0) width 8: "x"
                      RenderTable {TABLE} at (1,22) size 730x100 [bgcolor=#FFFF00]
                        RenderTableSection {TBODY} at (0,0) size 730x100
                          RenderTableRow {TR} at (0,0) size 730x100
                            RenderTableCell {TD} at (0,39) size 730x21 [r=0 c=0 rs=1 cs=1]
                              RenderText {#text} at (0,0) size 4x21
                                text run at (0,0) width 4: " "
                      RenderTable {TABLE} at (1,122) size 730x315
                        RenderTableSection {TBODY} at (0,0) size 730x315
                          RenderTableRow {TR} at (0,0) size 730x315
                            RenderTableCell {TD} at (0,0) size 730x315 [bgcolor=#E0FFFF] [r=0 c=0 rs=1 cs=1]
                              RenderText {#text} at (0,0) size 123x21
                                text run at (0,0) width 85: "yuiyututuyu "
                                text run at (85,0) width 38: "fesf e"
                              RenderBR {BR} at (123,16) size 0x0
                              RenderText {#text} at (0,21) size 4x21
                                text run at (0,21) width 4: " "
                              RenderBR {BR} at (4,37) size 0x0
                              RenderText {#text} at (0,42) size 4x21
                                text run at (0,42) width 4: " "
                              RenderBR {BR} at (4,58) size 0x0
                              RenderText {#text} at (0,63) size 4x21
                                text run at (0,63) width 4: " "
                              RenderBR {BR} at (4,79) size 0x0
                              RenderText {#text} at (0,84) size 4x21
                                text run at (0,84) width 4: " "
                              RenderBR {BR} at (4,100) size 0x0
                              RenderText {#text} at (0,105) size 4x21
                                text run at (0,105) width 4: " "
                              RenderBR {BR} at (4,121) size 0x0
                              RenderText {#text} at (0,126) size 4x21
                                text run at (0,126) width 4: " "
                              RenderBR {BR} at (4,142) size 0x0
                              RenderText {#text} at (0,147) size 4x21
                                text run at (0,147) width 4: " "
                              RenderBR {BR} at (4,163) size 0x0
                              RenderText {#text} at (0,168) size 4x21
                                text run at (0,168) width 4: " "
                              RenderBR {BR} at (4,184) size 0x0
                              RenderText {#text} at (0,189) size 4x21
                                text run at (0,189) width 4: " "
                              RenderBR {BR} at (4,205) size 0x0
                              RenderText {#text} at (0,210) size 4x21
                                text run at (0,210) width 4: " "
                              RenderBR {BR} at (4,226) size 0x0
                              RenderText {#text} at (0,231) size 4x21
                                text run at (0,231) width 4: " "
                              RenderBR {BR} at (4,247) size 0x0
                              RenderText {#text} at (0,252) size 4x21
                                text run at (0,252) width 4: " "
                              RenderBR {BR} at (4,268) size 0x0
                              RenderText {#text} at (0,273) size 4x21
                                text run at (0,273) width 4: " "
                              RenderBR {BR} at (4,289) size 0x0
                              RenderText {#text} at (0,294) size 4x21
                                text run at (0,294) width 4: " "
