layer at (0,0) size 800x600
  RenderView at (0,0) size 800x600
layer at (0,0) size 800x600
  RenderBlock {HTML} at (0,0) size 800x600
    RenderBody {BODY} at (8,8) size 784x576
      RenderBlock {P} at (0,0) size 784x172
        RenderBlock (anonymous) at (0,0) size 784x84
          RenderText {#text} at (0,0) size 368x21
            text run at (0,0) width 368: "In the yellow table the \"W\" is clipped on its left edge."
          RenderBR {BR} at (368,16) size 0x0
          RenderText {#text} at (0,21) size 186x21
            text run at (0,21) width 186: "The only difference is that:"
          RenderBR {BR} at (186,37) size 0x0
          RenderText {#text} at (0,42) size 264x21
            text run at (0,42) width 264: "yellow table has CELLPADDING=\"0\""
          RenderBR {BR} at (264,58) size 0x0
          RenderText {#text} at (0,63) size 253x21
            text run at (0,63) width 253: "grey table has CELLPADDING=\"1\"."
        RenderTable {TABLE} at (0,84) size 40x43 [bgcolor=#FFFF00]
          RenderTableSection {TBODY} at (0,0) size 40x43
            RenderTableRow {TR} at (0,2) size 40x39
              RenderTableCell {TD} at (2,2) size 36x39 [r=0 c=0 rs=1 cs=1]
                RenderInline {FONT} at (0,0) size 30x39
                  RenderText {#text} at (0,0) size 30x39
                    text run at (0,0) width 30: "Online"
                    text run at (0,13) width 24: "Web-"
                    text run at (0,26) width 25: "Store"
        RenderTable {TABLE} at (0,127) size 40x45 [bgcolor=#EEEEEE]
          RenderTableSection {TBODY} at (0,0) size 40x45
            RenderTableRow {TR} at (0,2) size 40x41
              RenderTableCell {TD} at (2,2) size 36x41 [r=0 c=0 rs=1 cs=1]
                RenderInline {FONT} at (0,0) size 30x39
                  RenderText {#text} at (1,1) size 30x39
                    text run at (1,1) width 30: "Online"
                    text run at (1,14) width 24: "Web-"
                    text run at (1,27) width 25: "Store"
