layer at (0,0) size 800x600
  RenderView at (0,0) size 800x600
layer at (0,0) size 800x600
  RenderBlock {HTML} at (0,0) size 800x600
    RenderBody {BODY} at (8,8) size 784x584
      RenderTable {TABLE} at (0,0) size 137x69 [border: (1px outset #808080)]
        RenderTableSection {TBODY} at (1,1) size 135x67
          RenderTableRow {TR} at (0,2) size 135x63
            RenderTableCell {TD} at (2,2) size 64x63 [border: (1px inset #808080)] [r=0 c=0 rs=1 cs=1]
              RenderText {#text} at (21,21) size 22x21
                text run at (21,21) width 22: "foo"
            RenderTableCell {TD} at (68,2) size 65x63 [border: (1px inset #808080)] [r=0 c=1 rs=1 cs=1]
              RenderText {#text} at (21,21) size 23x21
                text run at (21,21) width 23: "bar"
