layer at (0,0) size 800x600
  RenderView at (0,0) size 800x600
layer at (0,0) size 800x600
  RenderBlock {HTML} at (0,0) size 800x600
    RenderBody {BODY} at (8,8) size 784x584
      RenderTable {TABLE} at (0,0) size 600x337 [bgcolor=#FFC0CB]
        RenderTableSection {TBODY} at (0,0) size 600x337
          RenderTableRow {TR} at (0,0) size 600x21
            RenderTableCell {TD} at (0,0) size 600x21 [bgcolor=#FFFF00] [r=0 c=0 rs=1 cs=3]
              RenderText {#text} at (0,0) size 9x21
                text run at (0,0) width 9: "1"
          RenderTableRow {TR} at (0,21) size 600x21
            RenderTableCell {TD} at (0,21) size 600x21 [bgcolor=#FF0000] [r=1 c=0 rs=1 cs=3]
              RenderText {#text} at (0,0) size 9x21
                text run at (0,0) width 9: "2"
          RenderTableRow {TR} at (0,42) size 600x0
            RenderTableCell {TD} at (0,42) size 155x21 [bgcolor=#00FFFF] [r=2 c=0 rs=40 cs=1]
              RenderText {#text} at (0,0) size 9x21
                text run at (0,0) width 9: "3"
          RenderTableRow {TR} at (0,42) size 600x43
            RenderTableCell {TD} at (155,42) size 445x43 [bgcolor=#FFA500] [r=3 c=1 rs=1 cs=1]
              RenderTable {TABLE} at (0,0) size 440x43
                RenderTableSection {TBODY} at (0,0) size 440x43
                  RenderTableRow {TR} at (0,2) size 440x39
                    RenderTableCell {TD} at (2,2) size 217x39 [r=0 c=0 rs=1 cs=1]
                      RenderButton {INPUT} at (3,3) size 118x33 [bgcolor=#C0C0C0]
                        RenderBlock (anonymous) at (6,6) size 106x21
                          RenderText at (0,0) size 106x21
                            text run at (0,0) width 106: "Submit Criteria"
                    RenderTableCell {TD} at (221,10) size 217x23 [r=0 c=1 rs=1 cs=1]
                      RenderText {#text} at (1,1) size 9x21
                        text run at (1,1) width 9: "4"
          RenderTableRow {TR} at (0,85) size 600x21
            RenderTableCell {TD} at (155,85) size 445x21 [bgcolor=#FF0000] [r=4 c=1 rs=1 cs=1]
              RenderText {#text} at (0,0) size 9x21
                text run at (0,0) width 9: "5"
          RenderTableRow {TR} at (0,106) size 600x42
            RenderTableCell {TD} at (155,106) size 445x42 [bgcolor=#FFFF00] [r=5 c=1 rs=1 cs=1]
              RenderText {#text} at (0,0) size 408x42
                text run at (0,0) width 283: "If you have entered your feature criteria, "
                text run at (283,0) width 125: "press the \"Submit"
                text run at (0,21) width 158: "Criteria\" button above."
          RenderTableRow {TR} at (0,148) size 600x21
            RenderTableCell {TD} at (155,148) size 445x21 [bgcolor=#D3D3D3] [r=6 c=1 rs=1 cs=1]
              RenderText {#text} at (0,0) size 9x21
                text run at (0,0) width 9: "6"
          RenderTableRow {TR} at (0,169) size 600x63
            RenderTableCell {TD} at (155,169) size 445x63 [r=7 c=1 rs=1 cs=1]
              RenderText {#text} at (0,0) size 418x63
                text run at (0,0) width 292: "If you want to do a radius search instead, "
                text run at (292,0) width 126: "press the \"Radius"
                text run at (0,21) width 113: "Search\" button. "
                text run at (113,21) width 302: "This will allow you to select a starting point"
                text run at (0,42) width 304: "and enter a radius with new feature criteria."
          RenderTableRow {TR} at (0,232) size 600x21
            RenderTableCell {TD} at (155,232) size 445x21 [r=8 c=1 rs=1 cs=1]
              RenderText {#text} at (0,0) size 4x21
                text run at (0,0) width 4: " "
          RenderTableRow {TR} at (0,253) size 600x84
            RenderTableCell {TD} at (155,253) size 445x84 [r=9 c=1 rs=1 cs=1]
              RenderText {#text} at (0,0) size 434x84
                text run at (0,0) width 371: "All information provided is deemed reliable but is not"
                text run at (0,21) width 190: "guaranteed and should be "
                text run at (190,21) width 232: "independently verified. The price"
                text run at (0,42) width 308: "shown may represent the top or bottom of a "
                text run at (308,42) width 126: "price range listing"
                text run at (0,63) width 267: "and not necessarily a fixed price offer."
