layer at (0,0) size 784x976
  RenderView at (0,0) size 784x600
layer at (0,0) size 784x976
  RenderBlock {HTML} at (0,0) size 784x976
    RenderBody {BODY} at (8,8) size 768x952 [bgcolor=#FFFFFF]
      RenderBlock {H1} at (0,0) size 768x42
        RenderText {#text} at (0,0) size 409x42
          text run at (0,0) width 409: "Tests de conformit\x{E9} CSS 2"
      RenderBlock {H3} at (0,63) size 768x25
        RenderText {#text} at (0,0) size 172x25
          text run at (0,0) width 172: "Tableaux, test 13.8"
      RenderBlock {H6} at (0,112) size 768x15
        RenderText {#text} at (0,0) size 127x15
          text run at (0,0) width 127: "\x{A9} \x{C9}ditions Eyrolles 1998"
      RenderTable {TABLE} at (192,151) size 576x49
        RenderTableSection {TBODY} at (0,0) size 576x49
          RenderTableRow {TR} at (0,2) size 576x20
            RenderTableCell {TD} at (2,2) size 572x20 [r=0 c=0 rs=1 cs=3]
              RenderBlock {HR} at (1,9) size 572x2 [bgcolor=#808080] [border: (1px solid #808080)]
          RenderTableRow {TR} at (0,24) size 576x23
            RenderTableCell {TD} at (2,24) size 142x23 [r=1 c=0 rs=1 cs=1]
              RenderInline {A} at (0,0) size 100x21 [color=#0000EE]
                RenderText {#text} at (1,1) size 100x21
                  text run at (1,1) width 100: "test pr\x{E9}c\x{E9}dent"
            RenderTableCell {TD} at (146,24) size 284x23 [r=1 c=1 rs=1 cs=1]
              RenderInline {B} at (0,0) size 148x21
                RenderText {#text} at (68,1) size 148x21
                  text run at (68,1) width 148: "Cadres de tableaux"
            RenderTableCell {TD} at (432,24) size 142x23 [r=1 c=2 rs=1 cs=1]
              RenderInline {A} at (0,0) size 80x21 [color=#0000EE]
                RenderText {#text} at (61,1) size 80x21
                  text run at (61,1) width 80: "test suivant"
      RenderBlock {P} at (0,151) size 768x21
        RenderText {#text} at (0,0) size 4x21
          text run at (0,0) width 4: " "
      RenderBlock {P} at (0,188) size 768x21
        RenderText {#text} at (0,0) size 4x21
          text run at (0,0) width 4: " "
      RenderBlock {P} at (0,225) size 768x21
        RenderText {#text} at (0,0) size 429x21
          text run at (0,0) width 429: "Ce test v\x{E9}rifie que les cadres s'appliquent bien aux tableaux."
      RenderBlock {PRE} at (0,262) size 768x204
        RenderText {#text} at (0,0) size 375x204
          text run at (0,0) width 309: ".firsttable { border-width : 10pt ; border-color : yellow ;"
          text run at (309,0) width 0: " "
          text run at (0,17) width 190: "                border-style : double }"
          text run at (190,17) width 0: " "
          text run at (0,34) width 276: ".t1 { border-color : black ; border-style : double ;"
          text run at (276,34) width 0: " "
          text run at (0,51) width 172: "                border-width : 5pt }"
          text run at (172,51) width 0: " "
          text run at (0,68) width 252: ".t2 { border-color : red ; border-style : solid ;"
          text run at (252,68) width 0: " "
          text run at (0,85) width 176: "                border-width : 5pt  }"
          text run at (176,85) width 0: " "
          text run at (0,102) width 270: ".t3 { border-color : lime ; border-style : groove ;"
          text run at (270,102) width 0: " "
          text run at (0,119) width 176: "                border-width : 5pt  }"
          text run at (176,119) width 0: " "
          text run at (0,136) width 375: ".t4 { border-color : blue ; border-style : inset ; border-width : 5pt  }"
          text run at (375,136) width 0: " "
          text run at (0,153) width 329: ".secondtable { border-width : 10pt ; border-color : yellow ;"
          text run at (329,153) width 0: " "
          text run at (0,170) width 190: "                border-style : double ;"
          text run at (190,170) width 0: " "
          text run at (0,187) width 220: "                border-collapse : collapse }"
      RenderTable {TABLE} at (96,479) size 576x139 [border: (13px double #FFFF00)]
        RenderTableSection {TBODY} at (13,13) size 550x113
          RenderTableRow {TR} at (0,2) size 550x35
            RenderTableCell {TD} at (2,2) size 180x35 [border: (6px double #000000)] [r=0 c=0 rs=1 cs=1]
              RenderText {#text} at (7,7) size 9x21
                text run at (7,7) width 9: "1"
            RenderTableCell {TD} at (184,2) size 181x35 [border: (6px solid #FF0000)] [r=0 c=1 rs=1 cs=1]
              RenderText {#text} at (7,7) size 9x21
                text run at (7,7) width 9: "2"
            RenderTableCell {TD} at (367,2) size 181x35 [border: (6px groove #00FF00)] [r=0 c=2 rs=1 cs=1]
              RenderText {#text} at (7,7) size 9x21
                text run at (7,7) width 9: "3"
          RenderTableRow {TR} at (0,39) size 550x35
            RenderTableCell {TD} at (2,39) size 180x35 [border: (6px inset #0000FF)] [r=1 c=0 rs=1 cs=1]
              RenderText {#text} at (7,7) size 9x21
                text run at (7,7) width 9: "4"
            RenderTableCell {TD} at (184,39) size 181x35 [border: (6px double #000000)] [r=1 c=1 rs=1 cs=1]
              RenderText {#text} at (7,7) size 9x21
                text run at (7,7) width 9: "5"
            RenderTableCell {TD} at (367,39) size 181x35 [border: (6px solid #FF0000)] [r=1 c=2 rs=1 cs=1]
              RenderText {#text} at (7,7) size 9x21
                text run at (7,7) width 9: "6"
          RenderTableRow {TR} at (0,76) size 550x35
            RenderTableCell {TD} at (2,76) size 180x35 [border: (6px groove #00FF00)] [r=2 c=0 rs=1 cs=1]
              RenderText {#text} at (7,7) size 9x21
                text run at (7,7) width 9: "7"
            RenderTableCell {TD} at (184,76) size 181x35 [border: (6px inset #0000FF)] [r=2 c=1 rs=1 cs=1]
              RenderText {#text} at (7,7) size 9x21
                text run at (7,7) width 9: "8"
            RenderTableCell {TD} at (367,76) size 181x35 [border: (6px double #000000)] [r=2 c=2 rs=1 cs=1]
              RenderText {#text} at (7,7) size 9x21
                text run at (7,7) width 9: "9"
      RenderBlock (anonymous) at (0,618) size 768x21
        RenderBR {BR} at (0,0) size 0x21
      RenderTable {TABLE} at (96,639) size 576x107 [border: (6px double #FFFF00)]
        RenderTableSection {TBODY} at (6,6) size 563x94
          RenderTableRow {TR} at (0,0) size 563x33
            RenderTableCell {TD} at (0,0) size 203x33 [border: (7px double #000000)] [r=0 c=0 rs=1 cs=1]
              RenderText {#text} at (8,8) size 9x21
                text run at (8,8) width 9: "1"
            RenderTableCell {TD} at (203,0) size 165x33 [border: (7px solid #FF0000)] [r=0 c=1 rs=1 cs=1]
              RenderText {#text} at (4,8) size 9x21
                text run at (4,8) width 9: "2"
            RenderTableCell {TD} at (368,0) size 195x33 [border: (7px groove #00FF00)] [r=0 c=2 rs=1 cs=1]
              RenderText {#text} at (4,8) size 9x21
                text run at (4,8) width 9: "3"
          RenderTableRow {TR} at (0,33) size 563x29
            RenderTableCell {TD} at (0,33) size 203x29 [border: (3px inset #0000FF)] [r=1 c=0 rs=1 cs=1]
              RenderText {#text} at (8,4) size 9x21
                text run at (8,4) width 9: "4"
            RenderTableCell {TD} at (203,33) size 165x29 [border: (3px double #000000)] [r=1 c=1 rs=1 cs=1]
              RenderText {#text} at (4,4) size 9x21
                text run at (4,4) width 9: "5"
            RenderTableCell {TD} at (368,33) size 195x29 [border: (3px solid #FF0000)] [r=1 c=2 rs=1 cs=1]
              RenderText {#text} at (4,4) size 9x21
                text run at (4,4) width 9: "6"
          RenderTableRow {TR} at (0,62) size 563x32
            RenderTableCell {TD} at (0,62) size 203x32 [border: (3px groove #00FF00)] [r=2 c=0 rs=1 cs=1]
              RenderText {#text} at (8,4) size 9x21
                text run at (8,4) width 9: "7"
            RenderTableCell {TD} at (203,62) size 165x32 [border: (3px inset #0000FF)] [r=2 c=1 rs=1 cs=1]
              RenderText {#text} at (4,4) size 9x21
                text run at (4,4) width 9: "8"
            RenderTableCell {TD} at (368,62) size 195x32 [border: (3px double #000000)] [r=2 c=2 rs=1 cs=1]
              RenderText {#text} at (4,4) size 9x21
                text run at (4,4) width 9: "9"
      RenderBlock {P} at (0,762) size 768x42
        RenderText {#text} at (0,0) size 709x42
          text run at (0,0) width 346: "Si toutes les conditions exprim\x{E9}es par les r\x{E8}gles "
          text run at (346,0) width 363: "CSS ci-dessus se retrouvent dans le formatage des"
          text run at (0,21) width 206: "tableaux ci-dessus, la valeur "
          text run at (206,21) width 183: "de ce test est 2 et 0 sinon."
      RenderTable {TABLE} at (192,820) size 576x49
        RenderTableSection {TBODY} at (0,0) size 576x49
          RenderTableRow {TR} at (0,2) size 576x20
            RenderTableCell {TD} at (2,2) size 572x20 [r=0 c=0 rs=1 cs=3]
              RenderBlock {HR} at (1,9) size 572x2 [bgcolor=#808080] [border: (1px solid #808080)]
          RenderTableRow {TR} at (0,24) size 576x23
            RenderTableCell {TD} at (2,24) size 142x23 [r=1 c=0 rs=1 cs=1]
              RenderText {#text} at (1,1) size 100x21
                text run at (1,1) width 100: "test pr\x{E9}c\x{E9}dent"
            RenderTableCell {TD} at (146,24) size 284x23 [r=1 c=1 rs=1 cs=1]
              RenderInline {B} at (0,0) size 148x21
                RenderText {#text} at (68,1) size 148x21
                  text run at (68,1) width 148: "Cadres de tableaux"
            RenderTableCell {TD} at (432,24) size 142x23 [r=1 c=2 rs=1 cs=1]
              RenderInline {A} at (0,0) size 80x21 [color=#0000EE]
                RenderText {#text} at (61,1) size 80x21
                  text run at (61,1) width 80: "test suivant"
      RenderBlock {P} at (0,820) size 768x21
        RenderText {#text} at (0,0) size 4x21
          text run at (0,0) width 4: " "
      RenderBlock {P} at (0,857) size 768x21
        RenderText {#text} at (0,0) size 4x21
          text run at (0,0) width 4: " "
      RenderBlock {P} at (0,894) size 768x21
        RenderText {#text} at (0,0) size 4x21
          text run at (0,0) width 4: " "
      RenderBlock {P} at (0,931) size 768x21
        RenderText {#text} at (0,0) size 178x21
          text run at (0,0) width 178: "Auteur : Daniel Glazman."
