layer at (0,0) size 784x620
  RenderView at (0,0) size 784x600
layer at (0,0) size 784x620
  RenderBlock {HTML} at (0,0) size 784x620
    RenderBody {BODY} at (8,8) size 768x604 [bgcolor=#C0C0C0]
      RenderTable {TABLE} at (0,0) size 768x175 [border: (3px outset #808080)]
        RenderTableSection {TBODY} at (3,3) size 762x169
          RenderTableRow {TR} at (0,2) size 762x165
            RenderTableCell {TD} at (2,2) size 758x165 [border: (1px inset #808080)] [r=0 c=0 rs=1 cs=1]
              RenderTable {TABLE} at (2,2) size 377x161 [border: (3px outset #808080)]
                RenderTableSection {TBODY} at (3,3) size 371x155
                  RenderTableRow {TR} at (0,2) size 371x151
                    RenderTableCell {TD} at (2,2) size 367x151 [border: (1px inset #808080)] [r=0 c=0 rs=1 cs=1]
                      RenderText {#text} at (2,2) size 346x147
                        text run at (2,2) width 346: "blah blah blah blah blah blah blah blah blah blah"
                        text run at (2,23) width 105: "blah blah blah "
                        text run at (107,23) width 241: "blah blah blah blah blah blah blah"
                        text run at (2,44) width 210: "blah blah blah blah blah blah "
                        text run at (212,44) width 136: "blah blah blah blah"
                        text run at (2,65) width 315: "blah blah blah blah blah blah blah blah blah "
                        text run at (317,65) width 31: "blah"
                        text run at (2,86) width 346: "blah blah blah blah blah blah blah blah blah blah"
                        text run at (2,107) width 70: "blah blah "
                        text run at (72,107) width 276: "blah blah blah blah blah blah blah blah"
                        text run at (2,128) width 171: "blah blah blah blah blah"
      RenderBlock (anonymous) at (0,175) size 768x21
        RenderBR {BR} at (0,0) size 0x21
      RenderTable {TABLE} at (0,196) size 768x175 [border: (3px outset #808080)]
        RenderTableSection {TBODY} at (3,3) size 762x169
          RenderTableRow {TR} at (0,2) size 762x165
            RenderTableCell {TD} at (2,2) size 758x165 [border: (1px inset #808080)] [r=0 c=0 rs=1 cs=1]
              RenderText {#text} at (379,2) size 66x21
                text run at (379,2) width 66: "blah blah"
              RenderTable {TABLE} at (2,2) size 377x161 [border: (3px outset #808080)]
                RenderTableSection {TBODY} at (3,3) size 371x155
                  RenderTableRow {TR} at (0,2) size 371x151
                    RenderTableCell {TD} at (2,2) size 367x151 [border: (1px inset #808080)] [r=0 c=0 rs=1 cs=1]
                      RenderText {#text} at (2,2) size 346x147
                        text run at (2,2) width 346: "blah blah blah blah blah blah blah blah blah blah"
                        text run at (2,23) width 105: "blah blah blah "
                        text run at (107,23) width 241: "blah blah blah blah blah blah blah"
                        text run at (2,44) width 210: "blah blah blah blah blah blah "
                        text run at (212,44) width 136: "blah blah blah blah"
                        text run at (2,65) width 315: "blah blah blah blah blah blah blah blah blah "
                        text run at (317,65) width 31: "blah"
                        text run at (2,86) width 346: "blah blah blah blah blah blah blah blah blah blah"
                        text run at (2,107) width 70: "blah blah "
                        text run at (72,107) width 276: "blah blah blah blah blah blah blah blah"
                        text run at (2,128) width 171: "blah blah blah blah blah"
              RenderText {#text} at (0,0) size 0x0
      RenderBlock (anonymous) at (0,371) size 768x21
        RenderBR {BR} at (0,0) size 0x21
      RenderTable {TABLE} at (0,392) size 768x212 [border: (3px outset #808080)]
        RenderTableSection {TBODY} at (3,3) size 762x206
          RenderTableRow {TR} at (0,2) size 762x202
            RenderTableCell {TD} at (2,2) size 758x202 [border: (1px inset #808080)] [r=0 c=0 rs=1 cs=1]
              RenderBlock (anonymous) at (2,2) size 754x21
                RenderText {#text} at (0,0) size 66x21
                  text run at (0,0) width 66: "blah blah"
              RenderBlock {P} at (2,39) size 754x0
                RenderTable {TABLE} at (0,0) size 377x161 [border: (3px outset #808080)]
                  RenderTableSection {TBODY} at (3,3) size 371x155
                    RenderTableRow {TR} at (0,2) size 371x151
                      RenderTableCell {TD} at (2,2) size 367x151 [border: (1px inset #808080)] [r=0 c=0 rs=1 cs=1]
                        RenderText {#text} at (2,2) size 346x147
                          text run at (2,2) width 346: "blah blah blah blah blah blah blah blah blah blah"
                          text run at (2,23) width 105: "blah blah blah "
                          text run at (107,23) width 241: "blah blah blah blah blah blah blah"
                          text run at (2,44) width 210: "blah blah blah blah blah blah "
                          text run at (212,44) width 136: "blah blah blah blah"
                          text run at (2,65) width 315: "blah blah blah blah blah blah blah blah blah "
                          text run at (317,65) width 31: "blah"
                          text run at (2,86) width 346: "blah blah blah blah blah blah blah blah blah blah"
                          text run at (2,107) width 70: "blah blah "
                          text run at (72,107) width 276: "blah blah blah blah blah blah blah blah"
                          text run at (2,128) width 171: "blah blah blah blah blah"
