layer at (0,0) size 784x772
  RenderView at (0,0) size 784x600
layer at (0,0) size 784x772
  RenderBlock {HTML} at (0,0) size 784x772
    RenderBody {BODY} at (8,8) size 768x756
      RenderTable {TABLE} at (0,0) size 768x756
        RenderTableSection {TBODY} at (0,0) size 768x756
          RenderTableRow {TR} at (0,0) size 768x378
            RenderTableCell {TD} at (0,0) size 230x378 [r=0 c=0 rs=1 cs=1]
              RenderTable {TABLE} at (0,0) size 230x378
                RenderTableSection {THEAD} at (0,0) size 230x21
                  RenderTableRow {TR} at (0,0) size 230x21
                    RenderTableCell {TH} at (0,0) size 230x21 [r=0 c=0 rs=1 cs=1]
                      RenderText {#text} at (74,0) size 82x21
                        text run at (74,0) width 82: "Header 1/1"
                RenderTableSection {TBODY} at (0,21) size 230x357
                  RenderTableRow {TR} at (0,0) size 230x357
                    RenderTableCell {TD} at (0,0) size 230x357 [r=0 c=0 rs=1 cs=1]
                      RenderText {#text} at (0,0) size 230x357
                        text run at (0,0) width 224: "1 2 3 - - - - - - - - - - - - - - - - - - - - -"
                        text run at (0,21) width 230: "- - - - - - - - - - - - - - - - - - - - - - - - - -"
                        text run at (0,42) width 230: "- - - - - - - - - - - - - - - - - - - - - - - - - -"
                        text run at (0,63) width 230: "- - - - - - - - - - - - - - - - - - - - - - - - - -"
                        text run at (0,84) width 230: "- - - - - - - - - - - - - - - - - - - - - - - - - -"
                        text run at (0,105) width 230: "- - - - - - - - - - - - - - - - - - - - - - - - - -"
                        text run at (0,126) width 230: "- - - - - - - - - - - - - - - - - - - - - - - - - -"
                        text run at (0,147) width 230: "- - - - - - - - - - - - - - - - - - - - - - - - - -"
                        text run at (0,168) width 36: "- - - - "
                        text run at (36,168) width 194: "- - - - - - - - - - - - - - - - - - - - - -"
                        text run at (0,189) width 230: "- - - - - - - - - - - - - - - - - - - - - - - - - -"
                        text run at (0,210) width 230: "- - - - - - - - - - - - - - - - - - - - - - - - - -"
                        text run at (0,231) width 230: "- - - - - - - - - - - - - - - - - - - - - - - - - -"
                        text run at (0,252) width 230: "- - - - - - - - - - - - - - - - - - - - - - - - - -"
                        text run at (0,273) width 230: "- - - - - - - - - - - - - - - - - - - - - - - - - -"
                        text run at (0,294) width 230: "- - - - - - - - - - - - - - - - - - - - - - - - - -"
                        text run at (0,315) width 230: "- - - - - - - - - - - - - - - - - - - - - - - - - -"
                        text run at (0,336) width 50: "- - - - - -"
            RenderTableCell {TD} at (230,0) size 332x378 [r=0 c=1 rs=1 cs=1]
              RenderTable {TABLE} at (0,0) size 332x378
                RenderTableSection {THEAD} at (0,0) size 332x21
                  RenderTableRow {TR} at (0,0) size 332x21
                    RenderTableCell {TH} at (0,0) size 332x21 [r=0 c=0 rs=1 cs=1]
                      RenderText {#text} at (125,0) size 82x21
                        text run at (125,0) width 82: "Header 2/1"
                RenderTableSection {TBODY} at (0,21) size 332x357
                  RenderTableRow {TR} at (0,0) size 332x357
                    RenderTableCell {TD} at (0,0) size 332x357 [r=0 c=0 rs=1 cs=1]
                      RenderText {#text} at (0,0) size 321x357
                        text run at (0,0) width 321: "1 2 3 # # # # # # # # # # # # # # # # # # # # # #"
                        text run at (0,21) width 321: "# # # # # # # # # # # # # # # # # # # # # # # # #"
                        text run at (0,42) width 321: "# # # # # # # # # # # # # # # # # # # # # # # # #"
                        text run at (0,63) width 321: "# # # # # # # # # # # # # # # # # # # # # # # # #"
                        text run at (0,84) width 321: "# # # # # # # # # # # # # # # # # # # # # # # # #"
                        text run at (0,105) width 321: "# # # # # # # # # # # # # # # # # # # # # # # # #"
                        text run at (0,126) width 321: "# # # # # # # # # # # # # # # # # # # # # # # # #"
                        text run at (0,147) width 321: "# # # # # # # # # # # # # # # # # # # # # # # # #"
                        text run at (0,168) width 130: "# # # # # # # # # # "
                        text run at (130,168) width 191: "# # # # # # # # # # # # # # #"
                        text run at (0,189) width 321: "# # # # # # # # # # # # # # # # # # # # # # # # #"
                        text run at (0,210) width 321: "# # # # # # # # # # # # # # # # # # # # # # # # #"
                        text run at (0,231) width 321: "# # # # # # # # # # # # # # # # # # # # # # # # #"
                        text run at (0,252) width 321: "# # # # # # # # # # # # # # # # # # # # # # # # #"
                        text run at (0,273) width 321: "# # # # # # # # # # # # # # # # # # # # # # # # #"
                        text run at (0,294) width 321: "# # # # # # # # # # # # # # # # # # # # # # # # #"
                        text run at (0,315) width 321: "# # # # # # # # # # # # # # # # # # # # # # # # #"
                        text run at (0,336) width 256: "# # # # # # # # # # # # # # # # # # # #"
            RenderTableCell {TD} at (562,0) size 206x378 [r=0 c=2 rs=1 cs=1]
              RenderTable {TABLE} at (0,0) size 206x378
                RenderTableSection {THEAD} at (0,0) size 206x21
                  RenderTableRow {TR} at (0,0) size 206x21
                    RenderTableCell {TH} at (0,0) size 206x21 [r=0 c=0 rs=1 cs=1]
                      RenderText {#text} at (62,0) size 82x21
                        text run at (62,0) width 82: "Header 3/1"
                RenderTableSection {TBODY} at (0,21) size 206x357
                  RenderTableRow {TR} at (0,0) size 206x357
                    RenderTableCell {TD} at (0,0) size 206x357 [r=0 c=0 rs=1 cs=1]
                      RenderText {#text} at (0,0) size 204x357
                        text run at (0,0) width 203: "1 2 3 ! ! ! ! ! ! ! ! ! ! ! ! ! ! ! ! ! ! ! ! !"
                        text run at (0,21) width 204: "! ! ! ! ! ! ! ! ! ! ! ! ! ! ! ! ! ! ! ! ! ! ! ! ! !"
                        text run at (0,42) width 204: "! ! ! ! ! ! ! ! ! ! ! ! ! ! ! ! ! ! ! ! ! ! ! ! ! !"
                        text run at (0,63) width 204: "! ! ! ! ! ! ! ! ! ! ! ! ! ! ! ! ! ! ! ! ! ! ! ! ! !"
                        text run at (0,84) width 204: "! ! ! ! ! ! ! ! ! ! ! ! ! ! ! ! ! ! ! ! ! ! ! ! ! !"
                        text run at (0,105) width 204: "! ! ! ! ! ! ! ! ! ! ! ! ! ! ! ! ! ! ! ! ! ! ! ! ! !"
                        text run at (0,126) width 204: "! ! ! ! ! ! ! ! ! ! ! ! ! ! ! ! ! ! ! ! ! ! ! ! ! !"
                        text run at (0,147) width 204: "! ! ! ! ! ! ! ! ! ! ! ! ! ! ! ! ! ! ! ! ! ! ! ! ! !"
                        text run at (0,168) width 32: "! ! ! ! "
                        text run at (32,168) width 172: "! ! ! ! ! ! ! ! ! ! ! ! ! ! ! ! ! ! ! ! ! !"
                        text run at (0,189) width 204: "! ! ! ! ! ! ! ! ! ! ! ! ! ! ! ! ! ! ! ! ! ! ! ! ! !"
                        text run at (0,210) width 204: "! ! ! ! ! ! ! ! ! ! ! ! ! ! ! ! ! ! ! ! ! ! ! ! ! !"
                        text run at (0,231) width 204: "! ! ! ! ! ! ! ! ! ! ! ! ! ! ! ! ! ! ! ! ! ! ! ! ! !"
                        text run at (0,252) width 204: "! ! ! ! ! ! ! ! ! ! ! ! ! ! ! ! ! ! ! ! ! ! ! ! ! !"
                        text run at (0,273) width 204: "! ! ! ! ! ! ! ! ! ! ! ! ! ! ! ! ! ! ! ! ! ! ! ! ! !"
                        text run at (0,294) width 204: "! ! ! ! ! ! ! ! ! ! ! ! ! ! ! ! ! ! ! ! ! ! ! ! ! !"
                        text run at (0,315) width 204: "! ! ! ! ! ! ! ! ! ! ! ! ! ! ! ! ! ! ! ! ! ! ! ! ! !"
                        text run at (0,336) width 44: "! ! ! ! ! !"
            RenderTableCell {TD} at (768,0) size 0x0 [r=0 c=3 rs=1 cs=1]
          RenderTableRow {TR} at (0,378) size 768x378
            RenderTableCell {TD} at (0,378) size 230x378 [r=1 c=0 rs=1 cs=1]
              RenderTable {TABLE} at (0,0) size 230x378
                RenderTableSection {THEAD} at (0,0) size 230x21
                  RenderTableRow {TR} at (0,0) size 230x21
                    RenderTableCell {TH} at (0,0) size 230x21 [r=0 c=0 rs=1 cs=1]
                      RenderText {#text} at (74,0) size 82x21
                        text run at (74,0) width 82: "Header 1/2"
                RenderTableSection {TBODY} at (0,21) size 230x357
                  RenderTableRow {TR} at (0,0) size 230x357
                    RenderTableCell {TD} at (0,0) size 230x357 [r=0 c=0 rs=1 cs=1]
                      RenderText {#text} at (0,0) size 230x357
                        text run at (0,0) width 224: "1 2 3 - - - - - - - - - - - - - - - - - - - - -"
                        text run at (0,21) width 230: "- - - - - - - - - - - - - - - - - - - - - - - - - -"
                        text run at (0,42) width 230: "- - - - - - - - - - - - - - - - - - - - - - - - - -"
                        text run at (0,63) width 230: "- - - - - - - - - - - - - - - - - - - - - - - - - -"
                        text run at (0,84) width 230: "- - - - - - - - - - - - - - - - - - - - - - - - - -"
                        text run at (0,105) width 230: "- - - - - - - - - - - - - - - - - - - - - - - - - -"
                        text run at (0,126) width 230: "- - - - - - - - - - - - - - - - - - - - - - - - - -"
                        text run at (0,147) width 230: "- - - - - - - - - - - - - - - - - - - - - - - - - -"
                        text run at (0,168) width 36: "- - - - "
                        text run at (36,168) width 194: "- - - - - - - - - - - - - - - - - - - - - -"
                        text run at (0,189) width 230: "- - - - - - - - - - - - - - - - - - - - - - - - - -"
                        text run at (0,210) width 230: "- - - - - - - - - - - - - - - - - - - - - - - - - -"
                        text run at (0,231) width 230: "- - - - - - - - - - - - - - - - - - - - - - - - - -"
                        text run at (0,252) width 230: "- - - - - - - - - - - - - - - - - - - - - - - - - -"
                        text run at (0,273) width 230: "- - - - - - - - - - - - - - - - - - - - - - - - - -"
                        text run at (0,294) width 230: "- - - - - - - - - - - - - - - - - - - - - - - - - -"
                        text run at (0,315) width 230: "- - - - - - - - - - - - - - - - - - - - - - - - - -"
                        text run at (0,336) width 50: "- - - - - -"
            RenderTableCell {TD} at (230,378) size 332x378 [r=1 c=1 rs=1 cs=1]
              RenderTable {TABLE} at (0,0) size 332x378
                RenderTableSection {THEAD} at (0,0) size 332x21
                  RenderTableRow {TR} at (0,0) size 332x21
                    RenderTableCell {TH} at (0,0) size 332x21 [r=0 c=0 rs=1 cs=1]
                      RenderText {#text} at (125,0) size 82x21
                        text run at (125,0) width 82: "Header 2/2"
                RenderTableSection {TBODY} at (0,21) size 332x357
                  RenderTableRow {TR} at (0,0) size 332x357
                    RenderTableCell {TD} at (0,0) size 332x357 [r=0 c=0 rs=1 cs=1]
                      RenderText {#text} at (0,0) size 321x357
                        text run at (0,0) width 321: "1 2 3 # # # # # # # # # # # # # # # # # # # # # #"
                        text run at (0,21) width 321: "# # # # # # # # # # # # # # # # # # # # # # # # #"
                        text run at (0,42) width 321: "# # # # # # # # # # # # # # # # # # # # # # # # #"
                        text run at (0,63) width 321: "# # # # # # # # # # # # # # # # # # # # # # # # #"
                        text run at (0,84) width 321: "# # # # # # # # # # # # # # # # # # # # # # # # #"
                        text run at (0,105) width 321: "# # # # # # # # # # # # # # # # # # # # # # # # #"
                        text run at (0,126) width 321: "# # # # # # # # # # # # # # # # # # # # # # # # #"
                        text run at (0,147) width 321: "# # # # # # # # # # # # # # # # # # # # # # # # #"
                        text run at (0,168) width 130: "# # # # # # # # # # "
                        text run at (130,168) width 191: "# # # # # # # # # # # # # # #"
                        text run at (0,189) width 321: "# # # # # # # # # # # # # # # # # # # # # # # # #"
                        text run at (0,210) width 321: "# # # # # # # # # # # # # # # # # # # # # # # # #"
                        text run at (0,231) width 321: "# # # # # # # # # # # # # # # # # # # # # # # # #"
                        text run at (0,252) width 321: "# # # # # # # # # # # # # # # # # # # # # # # # #"
                        text run at (0,273) width 321: "# # # # # # # # # # # # # # # # # # # # # # # # #"
                        text run at (0,294) width 321: "# # # # # # # # # # # # # # # # # # # # # # # # #"
                        text run at (0,315) width 321: "# # # # # # # # # # # # # # # # # # # # # # # # #"
                        text run at (0,336) width 256: "# # # # # # # # # # # # # # # # # # # #"
            RenderTableCell {TD} at (562,378) size 206x378 [r=1 c=2 rs=1 cs=1]
              RenderTable {TABLE} at (0,0) size 206x378
                RenderTableSection {THEAD} at (0,0) size 206x21
                  RenderTableRow {TR} at (0,0) size 206x21
                    RenderTableCell {TH} at (0,0) size 206x21 [r=0 c=0 rs=1 cs=1]
                      RenderText {#text} at (62,0) size 82x21
                        text run at (62,0) width 82: "Header 3/2"
                RenderTableSection {TBODY} at (0,21) size 206x357
                  RenderTableRow {TR} at (0,0) size 206x357
                    RenderTableCell {TD} at (0,0) size 206x357 [r=0 c=0 rs=1 cs=1]
                      RenderText {#text} at (0,0) size 204x357
                        text run at (0,0) width 203: "1 2 3 ! ! ! ! ! ! ! ! ! ! ! ! ! ! ! ! ! ! ! ! !"
                        text run at (0,21) width 204: "! ! ! ! ! ! ! ! ! ! ! ! ! ! ! ! ! ! ! ! ! ! ! ! ! !"
                        text run at (0,42) width 204: "! ! ! ! ! ! ! ! ! ! ! ! ! ! ! ! ! ! ! ! ! ! ! ! ! !"
                        text run at (0,63) width 204: "! ! ! ! ! ! ! ! ! ! ! ! ! ! ! ! ! ! ! ! ! ! ! ! ! !"
                        text run at (0,84) width 204: "! ! ! ! ! ! ! ! ! ! ! ! ! ! ! ! ! ! ! ! ! ! ! ! ! !"
                        text run at (0,105) width 204: "! ! ! ! ! ! ! ! ! ! ! ! ! ! ! ! ! ! ! ! ! ! ! ! ! !"
                        text run at (0,126) width 204: "! ! ! ! ! ! ! ! ! ! ! ! ! ! ! ! ! ! ! ! ! ! ! ! ! !"
                        text run at (0,147) width 204: "! ! ! ! ! ! ! ! ! ! ! ! ! ! ! ! ! ! ! ! ! ! ! ! ! !"
                        text run at (0,168) width 32: "! ! ! ! "
                        text run at (32,168) width 172: "! ! ! ! ! ! ! ! ! ! ! ! ! ! ! ! ! ! ! ! ! !"
                        text run at (0,189) width 204: "! ! ! ! ! ! ! ! ! ! ! ! ! ! ! ! ! ! ! ! ! ! ! ! ! !"
                        text run at (0,210) width 204: "! ! ! ! ! ! ! ! ! ! ! ! ! ! ! ! ! ! ! ! ! ! ! ! ! !"
                        text run at (0,231) width 204: "! ! ! ! ! ! ! ! ! ! ! ! ! ! ! ! ! ! ! ! ! ! ! ! ! !"
                        text run at (0,252) width 204: "! ! ! ! ! ! ! ! ! ! ! ! ! ! ! ! ! ! ! ! ! ! ! ! ! !"
                        text run at (0,273) width 204: "! ! ! ! ! ! ! ! ! ! ! ! ! ! ! ! ! ! ! ! ! ! ! ! ! !"
                        text run at (0,294) width 204: "! ! ! ! ! ! ! ! ! ! ! ! ! ! ! ! ! ! ! ! ! ! ! ! ! !"
                        text run at (0,315) width 204: "! ! ! ! ! ! ! ! ! ! ! ! ! ! ! ! ! ! ! ! ! ! ! ! ! !"
                        text run at (0,336) width 44: "! ! ! ! ! !"
