layer at (0,0) size 784x1916
  RenderView at (0,0) size 784x600
layer at (0,0) size 784x1916
  RenderBlock {HTML} at (0,0) size 784x1916
    RenderBody {BODY} at (8,8) size 768x1900
      RenderTable {TABLE} at (0,0) size 768x357
        RenderTableSection {TBODY} at (0,0) size 768x357
          RenderTableRow {TR} at (0,0) size 768x357
            RenderTableCell {TD} at (0,0) size 44x357 [bgcolor=#0000FF] [r=0 c=0 rs=1 cs=1]
              RenderText {#text} at (0,0) size 44x357
                text run at (0,0) width 44: "XXXX"
                text run at (0,21) width 44: "XXXX"
                text run at (0,42) width 44: "XXXX"
                text run at (0,63) width 44: "XXXX"
                text run at (0,84) width 44: "XXXX"
                text run at (0,105) width 44: "XXXX"
                text run at (0,126) width 44: "XXXX"
                text run at (0,147) width 44: "XXXX"
                text run at (0,168) width 44: "XXXX"
                text run at (0,189) width 44: "XXXX"
                text run at (0,210) width 44: "XXXX"
                text run at (0,231) width 44: "XXXX"
                text run at (0,252) width 44: "XXXX"
                text run at (0,273) width 44: "XXXX"
                text run at (0,294) width 44: "XXXX"
                text run at (0,315) width 44: "XXXX"
                text run at (0,336) width 44: "XXXX"
            RenderTableCell {TD} at (44,178) size 724x0 [bgcolor=#008000] [r=0 c=1 rs=1 cs=1]
              RenderTable {TABLE} at (0,0) size 0x0 [bgcolor=#FFFF00]
      RenderBlock (anonymous) at (0,357) size 768x21
        RenderBR {BR} at (0,0) size 0x21
      RenderTable {TABLE} at (0,378) size 768x361 [border: (1px outset #808080)]
        RenderTableSection {TBODY} at (1,1) size 766x359
          RenderTableRow {TR} at (0,0) size 766x359
            RenderTableCell {TD} at (0,0) size 46x359 [bgcolor=#0000FF] [border: (1px inset #808080)] [r=0 c=0 rs=1 cs=1]
              RenderText {#text} at (1,1) size 44x357
                text run at (1,1) width 44: "XXXX"
                text run at (1,22) width 44: "XXXX"
                text run at (1,43) width 44: "XXXX"
                text run at (1,64) width 44: "XXXX"
                text run at (1,85) width 44: "XXXX"
                text run at (1,106) width 44: "XXXX"
                text run at (1,127) width 44: "XXXX"
                text run at (1,148) width 44: "XXXX"
                text run at (1,169) width 44: "XXXX"
                text run at (1,190) width 44: "XXXX"
                text run at (1,211) width 44: "XXXX"
                text run at (1,232) width 44: "XXXX"
                text run at (1,253) width 44: "XXXX"
                text run at (1,274) width 44: "XXXX"
                text run at (1,295) width 44: "XXXX"
                text run at (1,316) width 44: "XXXX"
                text run at (1,337) width 44: "XXXX"
            RenderTableCell {TD} at (46,178) size 720x2 [bgcolor=#008000] [border: (1px inset #808080)] [r=0 c=1 rs=1 cs=1]
              RenderTable {TABLE} at (1,1) size 0x0 [bgcolor=#FFFF00]
      RenderBlock (anonymous) at (0,739) size 768x21
        RenderBR {BR} at (0,0) size 0x21
      RenderTable {TABLE} at (0,760) size 768x363 [border: (1px outset #808080)]
        RenderTableSection {TBODY} at (1,1) size 766x361
          RenderTableRow {TR} at (0,0) size 766x361
            RenderTableCell {TD} at (0,0) size 48x361 [bgcolor=#0000FF] [border: (1px inset #808080)] [r=0 c=0 rs=1 cs=1]
              RenderText {#text} at (2,2) size 44x357
                text run at (2,2) width 44: "XXXX"
                text run at (2,23) width 44: "XXXX"
                text run at (2,44) width 44: "XXXX"
                text run at (2,65) width 44: "XXXX"
                text run at (2,86) width 44: "XXXX"
                text run at (2,107) width 44: "XXXX"
                text run at (2,128) width 44: "XXXX"
                text run at (2,149) width 44: "XXXX"
                text run at (2,170) width 44: "XXXX"
                text run at (2,191) width 44: "XXXX"
                text run at (2,212) width 44: "XXXX"
                text run at (2,233) width 44: "XXXX"
                text run at (2,254) width 44: "XXXX"
                text run at (2,275) width 44: "XXXX"
                text run at (2,296) width 44: "XXXX"
                text run at (2,317) width 44: "XXXX"
                text run at (2,338) width 44: "XXXX"
            RenderTableCell {TD} at (48,178) size 718x4 [bgcolor=#008000] [border: (1px inset #808080)] [r=0 c=1 rs=1 cs=1]
              RenderTable {TABLE} at (2,2) size 0x0 [bgcolor=#FFFF00]
      RenderBlock (anonymous) at (0,1123) size 768x21
        RenderBR {BR} at (0,0) size 0x21
      RenderTable {TABLE} at (0,1144) size 768x357
        RenderTableSection {TBODY} at (0,0) size 768x357
          RenderTableRow {TR} at (0,0) size 768x357
            RenderTableCell {TD} at (0,0) size 44x357 [bgcolor=#0000FF] [r=0 c=0 rs=1 cs=1]
              RenderText {#text} at (0,0) size 44x357
                text run at (0,0) width 44: "XXXX"
                text run at (0,21) width 44: "XXXX"
                text run at (0,42) width 44: "XXXX"
                text run at (0,63) width 44: "XXXX"
                text run at (0,84) width 44: "XXXX"
                text run at (0,105) width 44: "XXXX"
                text run at (0,126) width 44: "XXXX"
                text run at (0,147) width 44: "XXXX"
                text run at (0,168) width 44: "XXXX"
                text run at (0,189) width 44: "XXXX"
                text run at (0,210) width 44: "XXXX"
                text run at (0,231) width 44: "XXXX"
                text run at (0,252) width 44: "XXXX"
                text run at (0,273) width 44: "XXXX"
                text run at (0,294) width 44: "XXXX"
                text run at (0,315) width 44: "XXXX"
                text run at (0,336) width 44: "XXXX"
            RenderTableCell {TD} at (44,0) size 44x357 [bgcolor=#FFA500] [r=0 c=1 rs=1 cs=1]
              RenderText {#text} at (0,0) size 44x357
                text run at (0,0) width 44: "XXXX"
                text run at (0,21) width 44: "XXXX"
                text run at (0,42) width 44: "XXXX"
                text run at (0,63) width 44: "XXXX"
                text run at (0,84) width 44: "XXXX"
                text run at (0,105) width 44: "XXXX"
                text run at (0,126) width 44: "XXXX"
                text run at (0,147) width 44: "XXXX"
                text run at (0,168) width 44: "XXXX"
                text run at (0,189) width 44: "XXXX"
                text run at (0,210) width 44: "XXXX"
                text run at (0,231) width 44: "XXXX"
                text run at (0,252) width 44: "XXXX"
                text run at (0,273) width 44: "XXXX"
                text run at (0,294) width 44: "XXXX"
                text run at (0,315) width 44: "XXXX"
                text run at (0,336) width 44: "XXXX"
            RenderTableCell {TD} at (88,178) size 680x0 [bgcolor=#008000] [r=0 c=2 rs=1 cs=1]
              RenderTable {TABLE} at (0,0) size 0x0 [bgcolor=#FFFF00]
      RenderBlock (anonymous) at (0,1501) size 768x21
        RenderBR {BR} at (0,0) size 0x21
      RenderTable {TABLE} at (0,1522) size 768x357
        RenderTableSection {TBODY} at (0,0) size 768x357
          RenderTableRow {TR} at (0,0) size 768x357
            RenderTableCell {TD} at (0,0) size 44x357 [bgcolor=#0000FF] [r=0 c=0 rs=1 cs=1]
              RenderText {#text} at (0,0) size 44x357
                text run at (0,0) width 44: "XXXX"
                text run at (0,21) width 44: "XXXX"
                text run at (0,42) width 44: "XXXX"
                text run at (0,63) width 44: "XXXX"
                text run at (0,84) width 44: "XXXX"
                text run at (0,105) width 44: "XXXX"
                text run at (0,126) width 44: "XXXX"
                text run at (0,147) width 44: "XXXX"
                text run at (0,168) width 44: "XXXX"
                text run at (0,189) width 44: "XXXX"
                text run at (0,210) width 44: "XXXX"
                text run at (0,231) width 44: "XXXX"
                text run at (0,252) width 44: "XXXX"
                text run at (0,273) width 44: "XXXX"
                text run at (0,294) width 44: "XXXX"
                text run at (0,315) width 44: "XXXX"
                text run at (0,336) width 44: "XXXX"
            RenderTableCell {TD} at (44,168) size 724x21 [bgcolor=#008000] [r=0 c=1 rs=1 cs=1]
              RenderText {#text} at (0,0) size 8x21
                text run at (0,0) width 8: "x"
      RenderBlock (anonymous) at (0,1879) size 768x21
        RenderText {#text} at (0,0) size 19x21
          text run at (0,0) width 19: "-->"
