layer at (0,0) size 800x600
  RenderView at (0,0) size 800x600
layer at (0,0) size 800x600
  RenderBlock {HTML} at (0,0) size 800x600
    RenderBody {BODY} at (8,8) size 784x584
      RenderBlock {H2} at (0,0) size 784x32
        RenderText {#text} at (0,0) size 640x32
          text run at (0,0) width 640: "HTML 4.0 Table Column Proportional Width Constraints"
      RenderBlock {P} at (0,51) size 784x21
        RenderText {#text} at (0,0) size 747x21
          text run at (0,0) width 747: "The table below is 350 pixels wide. The columns are assigned proportional widths using COLs as follows:"
      RenderBlock (anonymous) at (0,88) size 784x68
        RenderInline {TT} at (0,0) size 89x68
          RenderText {#text} at (0,0) size 89x17
            text run at (0,0) width 89: "<col width=50>"
          RenderBR {BR} at (89,13) size 0x0
          RenderText {#text} at (0,17) size 87x17
            text run at (0,17) width 87: "<col width=2*>"
          RenderBR {BR} at (87,30) size 0x0
          RenderText {#text} at (0,34) size 87x17
            text run at (0,34) width 87: "<col width=1*>"
          RenderBR {BR} at (87,47) size 0x0
          RenderText {#text} at (0,51) size 87x17
            text run at (0,51) width 87: "<col width=3*>"
        RenderText {#text} at (0,0) size 0x0
      RenderBlock {P} at (0,172) size 784x84
        RenderText {#text} at (0,0) size 783x84
          text run at (0,0) width 776: "This means the first column should be 50 pixels wide. The remaining width should be divided among the three"
          text run at (0,21) width 783: "remaining columns according to the proportional width statements into six (2+1+3) parts. Since the Table is 350"
          text run at (0,42) width 762: "pixels wide, and the remaining width is 300 pixels (350-50), the remaining columns should be 100 (2*50), 50"
          text run at (0,63) width 244: "(1*50) and 150 (3*50) pixels wide, "
          text run at (244,63) width 89: "respectively."
      RenderTable {TABLE} at (0,272) size 350x58 [border: (1px outset #808080)]
        RenderTableCol {COLGROUP} at (0,0) size 0x0
          RenderTableCol {COL} at (0,0) size 0x0
          RenderTableCol {COL} at (0,0) size 0x0
          RenderTableCol {COL} at (0,0) size 0x0
          RenderTableCol {COL} at (0,0) size 0x0
        RenderTableSection {TBODY} at (1,1) size 348x56
          RenderTableRow {TR} at (0,2) size 348x25
            RenderTableCell {TH} at (2,2) size 50x25 [border: (1px inset #808080)] [r=0 c=0 rs=1 cs=1]
              RenderText {#text} at (9,2) size 32x21
                text run at (9,2) width 32: "One"
            RenderTableCell {TH} at (54,2) size 96x25 [border: (1px inset #808080)] [r=0 c=1 rs=1 cs=1]
              RenderText {#text} at (32,2) size 32x21
                text run at (32,2) width 32: "Two"
            RenderTableCell {TH} at (152,2) size 96x25 [border: (1px inset #808080)] [r=0 c=2 rs=1 cs=1]
              RenderText {#text} at (26,2) size 44x21
                text run at (26,2) width 44: "Three"
            RenderTableCell {TH} at (250,2) size 96x25 [border: (1px inset #808080)] [r=0 c=3 rs=1 cs=1]
              RenderText {#text} at (30,2) size 36x21
                text run at (30,2) width 36: "Four"
          RenderTableRow {TR} at (0,29) size 348x25
            RenderTableCell {TD} at (2,29) size 50x25 [border: (1px inset #808080)] [r=1 c=0 rs=1 cs=1]
              RenderText {#text} at (2,2) size 30x21
                text run at (2,2) width 30: "Red"
            RenderTableCell {TD} at (54,29) size 96x25 [border: (1px inset #808080)] [r=1 c=1 rs=1 cs=1]
              RenderText {#text} at (2,2) size 44x21
                text run at (2,2) width 44: "Green"
            RenderTableCell {TD} at (152,29) size 96x25 [border: (1px inset #808080)] [r=1 c=2 rs=1 cs=1]
              RenderText {#text} at (2,2) size 33x21
                text run at (2,2) width 33: "Blue"
            RenderTableCell {TD} at (250,29) size 96x25 [border: (1px inset #808080)] [r=1 c=3 rs=1 cs=1]
              RenderText {#text} at (2,2) size 44x21
                text run at (2,2) width 44: "Green"
