layer at (0,0) size 784x1270
  RenderView at (0,0) size 784x600
layer at (0,0) size 784x1270
  RenderBlock {HTML} at (0,0) size 784x1270
    RenderBody {BODY} at (8,8) size 768x1254
      RenderBlock {P} at (0,0) size 768x19
        RenderText {#text} at (0,0) size 335x19
          text run at (0,0) width 335: "100 percent height table inside 100 percent height table:"
      RenderTable {TABLE} at (0,35) size 768x584 [bgcolor=#808080] [border: (1px outset #808080)]
        RenderTableSection {TBODY} at (1,1) size 766x582
          RenderTableRow {TR} at (0,2) size 766x578
            RenderTableCell {TD} at (2,2) size 380x578 [border: (1px inset #808080)] [r=0 c=0 rs=1 cs=1]
              RenderTable {TABLE} at (2,2) size 376x574 [bgcolor=#FFFF00] [border: (1px outset #808080)]
                RenderTableSection {TBODY} at (1,1) size 374x572
                  RenderTableRow {TR} at (0,2) size 374x568
                    RenderTableCell {TD} at (2,274) size 184x23 [border: (1px inset #808080)] [r=0 c=0 rs=1 cs=1]
                      RenderText {#text} at (2,2) size 126x19
                        text run at (2,2) width 126: " Inner Table (yellow)"
                    RenderTableCell {TD} at (188,274) size 184x23 [border: (1px inset #808080)] [r=0 c=1 rs=1 cs=1]
                      RenderText {#text} at (2,2) size 4x19
                        text run at (2,2) width 4: " "
            RenderTableCell {TD} at (384,279) size 380x23 [border: (1px inset #808080)] [r=0 c=1 rs=1 cs=1]
              RenderText {#text} at (2,2) size 117x19
                text run at (2,2) width 117: " Outer Table (grey)"
      RenderBlock {P} at (0,635) size 768x19
        RenderText {#text} at (0,0) size 327x19
          text run at (0,0) width 327: "50 percent height table inside 100 percent height table:"
      RenderTable {TABLE} at (0,670) size 768x584 [bgcolor=#808080] [border: (1px outset #808080)]
        RenderTableSection {TBODY} at (1,1) size 766x582
          RenderTableRow {TR} at (0,2) size 766x578
            RenderTableCell {TD} at (2,145) size 380x291 [border: (1px inset #808080)] [r=0 c=0 rs=1 cs=1]
              RenderTable {TABLE} at (2,2) size 376x287 [bgcolor=#FFFF00] [border: (1px outset #808080)]
                RenderTableSection {TBODY} at (1,1) size 374x285
                  RenderTableRow {TR} at (0,2) size 374x281
                    RenderTableCell {TD} at (2,131) size 184x23 [border: (1px inset #808080)] [r=0 c=0 rs=1 cs=1]
                      RenderText {#text} at (2,2) size 126x19
                        text run at (2,2) width 126: " Inner Table (yellow)"
                    RenderTableCell {TD} at (188,131) size 184x23 [border: (1px inset #808080)] [r=0 c=1 rs=1 cs=1]
                      RenderText {#text} at (2,2) size 4x19
                        text run at (2,2) width 4: " "
            RenderTableCell {TD} at (384,279) size 380x23 [border: (1px inset #808080)] [r=0 c=1 rs=1 cs=1]
              RenderText {#text} at (2,2) size 117x19
                text run at (2,2) width 117: " Outer Table (grey)"
