layer at (0,0) size 784x936
  RenderView at (0,0) size 784x600
layer at (0,0) size 784x936
  RenderBlock {HTML} at (0,0) size 784x936
    RenderBody {BODY} at (8,8) size 768x920
      RenderBlock {HR} at (0,0) size 768x2 [border: (1px inset #000000)]
      RenderBlock {H3} at (0,20) size 768x25
        RenderText {#text} at (0,0) size 67x25
          text run at (0,0) width 67: "Table 1"
      RenderBlock {PRE} at (0,63) size 768x68
        RenderText {#text} at (0,0) size 186x68
          text run at (0,0) width 186: "<TABLE width=\"500\" border=1>"
          text run at (186,0) width 0: " "
          text run at (0,17) width 89: "<COLGROUP>"
          text run at (89,17) width 0: " "
          text run at (0,34) width 89: "<COLGROUP>"
          text run at (89,34) width 0: " "
          text run at (0,51) width 153: "<COLGROUP width=\"0*\">"
          text run at (153,51) width 0: " "
      RenderTable {TABLE} at (0,144) size 500x85 [border: (1px outset #808080)]
        RenderTableCol {COLGROUP} at (0,0) size 0x0
        RenderTableCol {COLGROUP} at (0,0) size 0x0
        RenderTableCol {COLGROUP} at (0,0) size 0x0
        RenderTableSection {TBODY} at (1,1) size 498x83
          RenderTableRow {TR} at (0,2) size 498x25
            RenderTableCell {TD} at (2,2) size 163x25 [border: (1px inset #808080)] [r=0 c=0 rs=1 cs=1]
              RenderText {#text} at (2,2) size 44x21
                text run at (2,2) width 44: "Cell A"
            RenderTableCell {TD} at (167,2) size 163x25 [border: (1px inset #808080)] [r=0 c=1 rs=1 cs=1]
              RenderText {#text} at (2,2) size 44x21
                text run at (2,2) width 44: "Cell B"
            RenderTableCell {TD} at (332,2) size 164x25 [border: (1px inset #808080)] [r=0 c=2 rs=1 cs=1]
              RenderText {#text} at (2,2) size 45x21
                text run at (2,2) width 45: "Cell C"
          RenderTableRow {TR} at (0,29) size 498x25
            RenderTableCell {TD} at (2,29) size 163x25 [border: (1px inset #808080)] [r=1 c=0 rs=1 cs=1]
              RenderText {#text} at (2,2) size 45x21
                text run at (2,2) width 45: "Cell D"
            RenderTableCell {TD} at (167,29) size 163x25 [border: (1px inset #808080)] [r=1 c=1 rs=1 cs=1]
              RenderText {#text} at (2,2) size 44x21
                text run at (2,2) width 44: "Cell E"
            RenderTableCell {TD} at (332,29) size 164x25 [border: (1px inset #808080)] [r=1 c=2 rs=1 cs=1]
              RenderText {#text} at (2,2) size 43x21
                text run at (2,2) width 43: "Cell F"
          RenderTableRow {TR} at (0,56) size 498x25
            RenderTableCell {TD} at (2,56) size 163x25 [border: (1px inset #808080)] [r=2 c=0 rs=1 cs=1]
              RenderText {#text} at (2,2) size 45x21
                text run at (2,2) width 45: "Cell G"
            RenderTableCell {TD} at (167,56) size 163x25 [border: (1px inset #808080)] [r=2 c=1 rs=1 cs=1]
              RenderText {#text} at (2,2) size 45x21
                text run at (2,2) width 45: "Cell H"
            RenderTableCell {TD} at (332,56) size 164x25 [border: (1px inset #808080)] [r=2 c=2 rs=1 cs=1]
              RenderText {#text} at (2,2) size 37x21
                text run at (2,2) width 37: "Cell I"
      RenderBlock {HR} at (0,237) size 768x2 [border: (1px inset #000000)]
      RenderBlock {H3} at (0,257) size 768x25
        RenderText {#text} at (0,0) size 83x25
          text run at (0,0) width 83: "Table 2.1"
      RenderBlock {PRE} at (0,300) size 768x68
        RenderText {#text} at (0,0) size 186x68
          text run at (0,0) width 186: "<TABLE width=\"500\" border=1>"
          text run at (186,0) width 0: " "
          text run at (0,17) width 153: "<COLGROUP width=\"1*\">"
          text run at (153,17) width 0: " "
          text run at (0,34) width 153: "<COLGROUP width=\"1*\">"
          text run at (153,34) width 0: " "
          text run at (0,51) width 153: "<COLGROUP width=\"0*\">"
          text run at (153,51) width 0: " "
      RenderTable {TABLE} at (0,381) size 500x85 [border: (1px outset #808080)]
        RenderTableCol {COLGROUP} at (0,0) size 0x0
        RenderTableCol {COLGROUP} at (0,0) size 0x0
        RenderTableCol {COLGROUP} at (0,0) size 0x0
        RenderTableSection {TBODY} at (1,1) size 498x83
          RenderTableRow {TR} at (0,2) size 498x25
            RenderTableCell {TD} at (2,2) size 153x25 [border: (1px inset #808080)] [r=0 c=0 rs=1 cs=1]
              RenderText {#text} at (2,2) size 44x21
                text run at (2,2) width 44: "Cell A"
            RenderTableCell {TD} at (157,2) size 182x25 [border: (1px inset #808080)] [r=0 c=1 rs=1 cs=1]
              RenderText {#text} at (2,2) size 53x21
                text run at (2,2) width 53: "Cell_ B"
            RenderTableCell {TD} at (341,2) size 155x25 [border: (1px inset #808080)] [r=0 c=2 rs=1 cs=1]
              RenderText {#text} at (2,2) size 45x21
                text run at (2,2) width 45: "Cell C"
          RenderTableRow {TR} at (0,29) size 498x25
            RenderTableCell {TD} at (2,29) size 153x25 [border: (1px inset #808080)] [r=1 c=0 rs=1 cs=1]
              RenderText {#text} at (2,2) size 45x21
                text run at (2,2) width 45: "Cell D"
            RenderTableCell {TD} at (157,29) size 182x25 [border: (1px inset #808080)] [r=1 c=1 rs=1 cs=1]
              RenderText {#text} at (2,2) size 53x21
                text run at (2,2) width 53: "Cell_ E"
            RenderTableCell {TD} at (341,29) size 155x25 [border: (1px inset #808080)] [r=1 c=2 rs=1 cs=1]
              RenderText {#text} at (2,2) size 43x21
                text run at (2,2) width 43: "Cell F"
          RenderTableRow {TR} at (0,56) size 498x25
            RenderTableCell {TD} at (2,56) size 153x25 [border: (1px inset #808080)] [r=2 c=0 rs=1 cs=1]
              RenderText {#text} at (2,2) size 45x21
                text run at (2,2) width 45: "Cell G"
            RenderTableCell {TD} at (157,56) size 182x25 [border: (1px inset #808080)] [r=2 c=1 rs=1 cs=1]
              RenderText {#text} at (2,2) size 54x21
                text run at (2,2) width 54: "Cell_ H"
            RenderTableCell {TD} at (341,56) size 155x25 [border: (1px inset #808080)] [r=2 c=2 rs=1 cs=1]
              RenderText {#text} at (2,2) size 37x21
                text run at (2,2) width 37: "Cell I"
      RenderBlock {H3} at (0,484) size 768x25
        RenderText {#text} at (0,0) size 83x25
          text run at (0,0) width 83: "Table 2.2"
      RenderBlock {PRE} at (0,527) size 768x68
        RenderText {#text} at (0,0) size 186x68
          text run at (0,0) width 186: "<TABLE width=\"500\" border=1>"
          text run at (186,0) width 0: " "
          text run at (0,17) width 153: "<COLGROUP width=\"1*\">"
          text run at (153,17) width 0: " "
          text run at (0,34) width 153: "<COLGROUP width=\"2*\">"
          text run at (153,34) width 0: " "
          text run at (0,51) width 153: "<COLGROUP width=\"0*\">"
          text run at (153,51) width 0: " "
      RenderTable {TABLE} at (0,608) size 500x85 [border: (1px outset #808080)]
        RenderTableCol {COLGROUP} at (0,0) size 0x0
        RenderTableCol {COLGROUP} at (0,0) size 0x0
        RenderTableCol {COLGROUP} at (0,0) size 0x0
        RenderTableSection {TBODY} at (1,1) size 498x83
          RenderTableRow {TR} at (0,2) size 498x25
            RenderTableCell {TD} at (2,2) size 163x25 [border: (1px inset #808080)] [r=0 c=0 rs=1 cs=1]
              RenderText {#text} at (2,2) size 44x21
                text run at (2,2) width 44: "Cell A"
            RenderTableCell {TD} at (167,2) size 163x25 [border: (1px inset #808080)] [r=0 c=1 rs=1 cs=1]
              RenderText {#text} at (2,2) size 44x21
                text run at (2,2) width 44: "Cell B"
            RenderTableCell {TD} at (332,2) size 164x25 [border: (1px inset #808080)] [r=0 c=2 rs=1 cs=1]
              RenderText {#text} at (2,2) size 45x21
                text run at (2,2) width 45: "Cell C"
          RenderTableRow {TR} at (0,29) size 498x25
            RenderTableCell {TD} at (2,29) size 163x25 [border: (1px inset #808080)] [r=1 c=0 rs=1 cs=1]
              RenderText {#text} at (2,2) size 45x21
                text run at (2,2) width 45: "Cell D"
            RenderTableCell {TD} at (167,29) size 163x25 [border: (1px inset #808080)] [r=1 c=1 rs=1 cs=1]
              RenderText {#text} at (2,2) size 44x21
                text run at (2,2) width 44: "Cell E"
            RenderTableCell {TD} at (332,29) size 164x25 [border: (1px inset #808080)] [r=1 c=2 rs=1 cs=1]
              RenderText {#text} at (2,2) size 43x21
                text run at (2,2) width 43: "Cell F"
          RenderTableRow {TR} at (0,56) size 498x25
            RenderTableCell {TD} at (2,56) size 163x25 [border: (1px inset #808080)] [r=2 c=0 rs=1 cs=1]
              RenderText {#text} at (2,2) size 45x21
                text run at (2,2) width 45: "Cell G"
            RenderTableCell {TD} at (167,56) size 163x25 [border: (1px inset #808080)] [r=2 c=1 rs=1 cs=1]
              RenderText {#text} at (2,2) size 45x21
                text run at (2,2) width 45: "Cell H"
            RenderTableCell {TD} at (332,56) size 164x25 [border: (1px inset #808080)] [r=2 c=2 rs=1 cs=1]
              RenderText {#text} at (2,2) size 37x21
                text run at (2,2) width 37: "Cell I"
      RenderBlock {H3} at (0,711) size 768x25
        RenderText {#text} at (0,0) size 83x25
          text run at (0,0) width 83: "Table 3.1"
      RenderBlock {PRE} at (0,754) size 768x68
        RenderText {#text} at (0,0) size 186x68
          text run at (0,0) width 186: "<TABLE width=\"500\" border=1>"
          text run at (186,0) width 0: " "
          text run at (0,17) width 153: "<COLGROUP width=\"1*\">"
          text run at (153,17) width 0: " "
          text run at (0,34) width 162: "<COLGROUP width=\"100\">"
          text run at (162,34) width 0: " "
          text run at (0,51) width 153: "<COLGROUP width=\"0*\">"
          text run at (153,51) width 0: " "
      RenderTable {TABLE} at (0,835) size 500x85 [border: (1px outset #808080)]
        RenderTableCol {COLGROUP} at (0,0) size 0x0
        RenderTableCol {COLGROUP} at (0,0) size 0x0
        RenderTableCol {COLGROUP} at (0,0) size 0x0
        RenderTableSection {TBODY} at (1,1) size 498x83
          RenderTableRow {TR} at (0,2) size 498x25
            RenderTableCell {TD} at (2,2) size 195x25 [border: (1px inset #808080)] [r=0 c=0 rs=1 cs=1]
              RenderText {#text} at (2,2) size 44x21
                text run at (2,2) width 44: "Cell A"
            RenderTableCell {TD} at (199,2) size 100x25 [border: (1px inset #808080)] [r=0 c=1 rs=1 cs=1]
              RenderText {#text} at (2,2) size 44x21
                text run at (2,2) width 44: "Cell B"
            RenderTableCell {TD} at (301,2) size 195x25 [border: (1px inset #808080)] [r=0 c=2 rs=1 cs=1]
              RenderText {#text} at (2,2) size 45x21
                text run at (2,2) width 45: "Cell C"
          RenderTableRow {TR} at (0,29) size 498x25
            RenderTableCell {TD} at (2,29) size 195x25 [border: (1px inset #808080)] [r=1 c=0 rs=1 cs=1]
              RenderText {#text} at (2,2) size 45x21
                text run at (2,2) width 45: "Cell D"
            RenderTableCell {TD} at (199,29) size 100x25 [border: (1px inset #808080)] [r=1 c=1 rs=1 cs=1]
              RenderText {#text} at (2,2) size 44x21
                text run at (2,2) width 44: "Cell E"
            RenderTableCell {TD} at (301,29) size 195x25 [border: (1px inset #808080)] [r=1 c=2 rs=1 cs=1]
              RenderText {#text} at (2,2) size 43x21
                text run at (2,2) width 43: "Cell F"
          RenderTableRow {TR} at (0,56) size 498x25
            RenderTableCell {TD} at (2,56) size 195x25 [border: (1px inset #808080)] [r=2 c=0 rs=1 cs=1]
              RenderText {#text} at (2,2) size 45x21
                text run at (2,2) width 45: "Cell G"
            RenderTableCell {TD} at (199,56) size 100x25 [border: (1px inset #808080)] [r=2 c=1 rs=1 cs=1]
              RenderText {#text} at (2,2) size 45x21
                text run at (2,2) width 45: "Cell H"
            RenderTableCell {TD} at (301,56) size 195x25 [border: (1px inset #808080)] [r=2 c=2 rs=1 cs=1]
              RenderText {#text} at (2,2) size 37x21
                text run at (2,2) width 37: "Cell I"
