layer at (0,0) size 800x600
  RenderView at (0,0) size 800x600
layer at (0,0) size 800x600
  RenderBlock {HTML} at (0,0) size 800x600
    RenderBody {BODY} at (8,8) size 784x584 [bgcolor=#FFFFFF]
      RenderTable {TABLE} at (0,0) size 784x417 [border: (3px solid #008000)]
        RenderBlock {CAPTION} at (0,0) size 395x27 [border: (3px solid #FFA500)]
          RenderText {#text} at (72,3) size 251x21
            text run at (72,3) width 251: "caption text caption text caption text"
        RenderTableSection {TBODY} at (3,30) size 778x384
          RenderTableRow {TR} at (0,2) size 778x380
            RenderTableCell {TD} at (2,2) size 774x380 [r=0 c=0 rs=1 cs=1]
              RenderText {#text} at (1,1) size 770x378
                text run at (1,1) width 725: "table text which should wrap table text which should wrap table text which should wrap table text which"
                text run at (1,22) width 770: "should wrap table text which should wrap table text which should wrap table text which should wrap table text"
                text run at (1,43) width 748: "which should wrap table text which should wrap table text which should wrap table text which should wrap"
                text run at (1,64) width 725: "table text which should wrap table text which should wrap table text which should wrap table text which"
                text run at (1,85) width 770: "should wrap table text which should wrap table text which should wrap table text which should wrap table text"
                text run at (1,106) width 748: "which should wrap table text which should wrap table text which should wrap table text which should wrap"
                text run at (1,127) width 725: "table text which should wrap table text which should wrap table text which should wrap table text which"
                text run at (1,148) width 770: "should wrap table text which should wrap table text which should wrap table text which should wrap table text"
                text run at (1,169) width 748: "which should wrap table text which should wrap table text which should wrap table text which should wrap"
                text run at (1,190) width 725: "table text which should wrap table text which should wrap table text which should wrap table text which"
                text run at (1,211) width 770: "should wrap table text which should wrap table text which should wrap table text which should wrap table text"
                text run at (1,232) width 744: "which should wrap table text which should wraptable text which should wrap table text which should wrap"
                text run at (1,253) width 725: "table text which should wrap table text which should wrap table text which should wrap table text which"
                text run at (1,274) width 770: "should wrap table text which should wrap table text which should wrap table text which should wrap table text"
                text run at (1,295) width 748: "which should wrap table text which should wrap table text which should wrap table text which should wrap"
                text run at (1,316) width 725: "table text which should wrap table text which should wrap table text which should wrap table text which"
                text run at (1,337) width 770: "should wrap table text which should wrap table text which should wrap table text which should wrap table text"
                text run at (1,358) width 133: "which should wrap"
