layer at (0,0) size 800x600
  RenderView at (0,0) size 800x600
layer at (0,0) size 800x600
  RenderBlock {HTML} at (0,0) size 800x600
    RenderBody {BODY} at (8,8) size 784x584
      RenderTable {TABLE} at (0,0) size 600x19
        RenderTableSection {TBODY} at (0,0) size 600x19
          RenderTableRow {TR} at (0,0) size 600x19
            RenderTableCell {TD} at (0,0) size 600x19 [bgcolor=#000000] [r=0 c=0 rs=1 cs=1]
              RenderBlock {DIV} at (0,0) size 600x19 [color=#FFFFFF]
                RenderBlock {P} at (0,0) size 600x19
                  RenderText {#text} at (0,0) size 48x19
                    text run at (0,0) width 48: "fooobar"
