layer at (0,0) size 800x600
  RenderView at (0,0) size 800x600
layer at (0,0) size 800x600
  RenderBlock {HTML} at (0,0) size 800x600
    RenderBody {BODY} at (8,8) size 784x584
      RenderTable {TABLE} at (189,0) size 406x60 [border: (3px solid #008000)]
        RenderBlock {CAPTION} at (0,0) size 406x27 [border: (3px solid #FFA500)]
          RenderText {#text} at (190,3) size 26x21
            text run at (190,3) width 26: "cap"
        RenderTableSection {TBODY} at (3,30) size 400x27
          RenderTableRow {TR} at (0,2) size 400x23
            RenderTableCell {TD} at (2,2) size 396x23 [r=0 c=0 rs=1 cs=1]
              RenderText {#text} at (1,1) size 64x21
                text run at (1,1) width 64: "table cell"
