layer at (0,0) size 800x600
  RenderView at (0,0) size 800x600
layer at (0,0) size 800x600
  RenderBlock {HTML} at (0,0) size 800x600
    RenderBody {BODY} at (8,8) size 784x584 [bgcolor=#FFFFFF]
      RenderTable {TABLE} at (0,0) size 784x322 [border: (3px solid #008000)]
        RenderBlock {CAPTION} at (0,0) size 784x25 [border: (3px solid #FFA500)]
          RenderText {#text} at (283,3) size 218x19
            text run at (283,3) width 218: "caption text caption text caption text"
        RenderTableSection {TBODY} at (3,28) size 778x291
          RenderTableRow {TR} at (0,2) size 778x287
            RenderTableCell {TD} at (2,2) size 774x287 [r=0 c=0 rs=1 cs=1]
              RenderText {#text} at (1,1) size 768x285
                text run at (1,1) width 759: "table text which should wrap table text which should wrap table text which should wrap table text which should wrap table text"
                text run at (1,20) width 739: "which should wrap table text which should wrap table text which should wrap table text which should wrap table text which"
                text run at (1,39) width 743: "should wrap table text which should wrap table text which should wrap table text which should wrap table text which should"
                text run at (1,58) width 768: "wrap table text which should wrap table text which should wrap table text which should wrap table text which should wrap table"
                text run at (1,77) width 765: "text which should wrap table text which should wrap table text which should wrap table text which should wrap table text which"
                text run at (1,96) width 743: "should wrap table text which should wrap table text which should wrap table text which should wrap table text which should"
                text run at (1,115) width 768: "wrap table text which should wrap table text which should wrap table text which should wrap table text which should wrap table"
                text run at (1,134) width 765: "text which should wrap table text which should wrap table text which should wrap table text which should wrap table text which"
                text run at (1,153) width 743: "should wrap table text which should wrap table text which should wrap table text which should wrap table text which should"
                text run at (1,172) width 764: "wrap table text which should wrap table text which should wrap table text which should wraptable text which should wrap table"
                text run at (1,191) width 765: "text which should wrap table text which should wrap table text which should wrap table text which should wrap table text which"
                text run at (1,210) width 743: "should wrap table text which should wrap table text which should wrap table text which should wrap table text which should"
                text run at (1,229) width 768: "wrap table text which should wrap table text which should wrap table text which should wrap table text which should wrap table"
                text run at (1,248) width 765: "text which should wrap table text which should wrap table text which should wrap table text which should wrap table text which"
                text run at (1,267) width 426: "should wrap table text which should wrap table text which should wrap"
