layer at (0,0) size 800x600
  RenderView at (0,0) size 800x600
layer at (0,0) size 800x86
  RenderBlock {HTML} at (0,0) size 800x86
    RenderBody {BODY} at (8,8) size 784x70
      RenderTable {TABLE} at (0,0) size 784x70
        RenderTableCol {COLGROUP} at (0,0) size 0x0
          RenderTableCol {COL} at (0,0) size 0x0
          RenderTableCol {COL} at (0,0) size 0x0
          RenderTableCol {COL} at (0,0) size 0x0
          RenderTableCol {COL} at (0,0) size 0x0
          RenderTableCol {COL} at (0,0) size 0x0
        RenderTableSection {TBODY} at (0,0) size 784x70
          RenderTableRow {TR} at (0,0) size 784x70
            RenderTableCell {TD} at (0,35) size 26x0 [r=0 c=0 rs=1 cs=1]
            RenderTableCell {TD} at (26,0) size 758x70 [r=0 c=1 rs=1 cs=2]
              RenderBlock {P} at (0,16) size 758x38
                RenderText {#text} at (0,0) size 709x38
                  text run at (0,0) width 709: "Nach der Pruefung der Daten, (Normalerweise benoetigen wir f\x{FC}r die Pruefung nur wenige Minuten, aber wenn einmal"
                  text run at (0,19) width 371: "besonders viel los ist, kann es auch ein wenig laenger dauern.)"
