layer at (0,0) size 800x600
  RenderView at (0,0) size 800x600
layer at (0,0) size 800x600
  RenderBlock {HTML} at (0,0) size 800x600
    RenderBody {BODY} at (8,8) size 784x584
      RenderBlock {DIV} at (0,0) size 784x152
        RenderTable {TABLE} at (78,0) size 627x152 [bgcolor=#0000FF] [border: (1px outset #808080)]
          RenderTableSection {TBODY} at (1,1) size 625x150
            RenderTableRow {TR} at (0,2) size 625x146
              RenderTableCell {TD} at (2,2) size 621x146 [border: (1px inset #808080)] [r=0 c=0 rs=1 cs=1]
                RenderBlock (anonymous) at (2,2) size 617x21
                  RenderText {#text} at (0,0) size 45x21
                    text run at (0,0) width 45: "before"
                RenderTable {TABLE} at (2,23) size 617x100 [bgcolor=#FF0000] [border: (1px outset #808080)]
                  RenderTableSection {TBODY} at (1,1) size 615x98
                    RenderTableRow {TR} at (0,2) size 615x25
                      RenderTableCell {TD} at (2,2) size 386x25 [border: (1px inset #808080)] [r=0 c=0 rs=1 cs=1]
                        RenderText {#text} at (2,2) size 296x21
                          text run at (2,2) width 296: "This is some text. This is some text. Cell 1"
                      RenderTableCell {TD} at (390,2) size 223x25 [border: (1px inset #808080)] [r=0 c=1 rs=1 cs=1]
                        RenderText {#text} at (2,2) size 169x21
                          text run at (2,2) width 169: "This is some text. Cell 2"
                    RenderTableRow {TR} at (0,29) size 615x67
                      RenderTableCell {TD} at (2,29) size 611x67 [border: (1px inset #808080)] [r=1 c=0 rs=1 cs=2]
                        RenderText {#text} at (2,2) size 598x63
                          text run at (2,2) width 598: "This is some text. This is some text. This is some text. This is some text. This is some"
                          text run at (2,23) width 588: "text. This is some text. This is some text. This is some text. This is some text. This is"
                          text run at (2,44) width 580: "some text. This is some text. This is some text. This is some text. This is some text."
                RenderBlock (anonymous) at (2,123) size 617x21
                  RenderText {#text} at (0,0) size 31x21
                    text run at (0,0) width 31: "after"
