layer at (0,0) size 800x600
  RenderView at (0,0) size 800x600
layer at (0,0) size 800x600
  RenderBlock {HTML} at (0,0) size 800x600
    RenderBody {BODY} at (8,8) size 784x584
      RenderTable {TABLE} at (0,0) size 157x31 [border: (1px outset #808080)]
        RenderTableSection {TBODY} at (1,1) size 155x29
          RenderTableRow {TR} at (0,2) size 155x25
            RenderTableCell {TD} at (2,2) size 151x25 [border: (1px inset #808080)] [r=0 c=0 rs=1 cs=4]
              RenderImage {IMG} at (131,2) size 18x15
              RenderImage {IMG} at (100,2) size 28x15
              RenderImage {IMG} at (79,2) size 18x15
              RenderInline {B} at (0,0) size 74x21
                RenderInline {B} at (0,0) size 74x21
                  RenderText {#text} at (2,2) size 74x21
                    text run at (2,2) width 74: "Portfolios"
              RenderText {#text} at (0,0) size 0x0
      RenderBlock (anonymous) at (0,31) size 784x21
        RenderBR {BR} at (0,0) size 0x21
      RenderTable {TABLE} at (0,52) size 784x33 [bgcolor=#EEEEEE] [border: (1px outset #808080)]
        RenderTableSection {TBODY} at (1,1) size 782x31
          RenderTableRow {TR} at (0,0) size 782x31 [bgcolor=#CCCCFF]
            RenderTableCell {TD} at (0,0) size 782x31 [border: (1px inset #808080)] [r=0 c=0 rs=1 cs=1]
              RenderInline {A} at (0,0) size 0x0 [color=#0000EE]
                RenderText {#text} at (0,0) size 0x0
                RenderImage {IMG} at (759,5) size 18x15
              RenderText {#text} at (0,0) size 0x0
              RenderInline {A} at (0,0) size 0x0 [color=#0000EE]
                RenderText {#text} at (0,0) size 0x0
                RenderImage {IMG} at (728,5) size 28x15
              RenderText {#text} at (5,5) size 71x21
                text run at (5,5) width 71: "Some text"
