layer at (0,0) size 784x4916
  RenderView at (0,0) size 784x600
layer at (0,0) size 784x4916
  RenderBlock {HTML} at (0,0) size 784x4916
    RenderBody {BODY} at (8,8) size 768x4900
      RenderBlock {DIV} at (0,0) size 768x4883
        RenderBlock (anonymous) at (0,0) size 768x21
          RenderText {#text} at (0,0) size 4x21
            text run at (0,0) width 4: " "
        RenderTable {TABLE} at (67,21) size 473x4811
          RenderTableSection {TBODY} at (0,0) size 473x4811
            RenderTableRow {TR} at (0,0) size 473x24
              RenderTableCell {TD} at (0,0) size 473x24 [r=0 c=0 rs=1 cs=4]
                RenderBlock {P} at (7,0) size 459x0
                  RenderInline {B} at (0,0) size 0x0
                    RenderInline {SPAN} at (0,0) size 0x0
                      RenderInline {O:P} at (0,0) size 0x0
                RenderBlock {P} at (7,0) size 459x24
                  RenderInline {B} at (0,0) size 445x17
                    RenderInline {SPAN} at (0,0) size 445x17
                      RenderInline {FONT} at (0,0) size 445x24 [color=#008080]
                        RenderText {#text} at (7,0) size 445x24
                          text run at (7,0) width 209: "Radio Channel usage at "
                          text run at (216,0) width 236: "Bayside.    Rev date 6-25-01"
                RenderBlock {P} at (7,24) size 459x0
                  RenderInline {B} at (0,0) size 0x0
                    RenderInline {SPAN} at (0,0) size 0x0
                      RenderInline {O:P} at (0,0) size 0x0
            RenderTableRow {TR} at (0,24) size 473x40
              RenderTableCell {TD} at (0,24) size 98x40 [r=1 c=0 rs=1 cs=1]
                RenderInline {B} at (0,0) size 58x41
                  RenderInline {SPAN} at (0,0) size 58x40
                    RenderText {#text} at (20,0) size 58x40
                      text run at (20,0) width 58: "Channel"
                      text run at (22,20) width 54: "number"
                RenderText {#text} at (0,0) size 0x0
              RenderTableCell {TD} at (98,24) size 170x20 [r=1 c=1 rs=1 cs=1]
                RenderInline {B} at (0,0) size 100x21
                  RenderInline {SPAN} at (0,0) size 100x20
                    RenderText {#text} at (35,0) size 100x20
                      text run at (35,0) width 100: "Member name"
                RenderText {#text} at (0,0) size 0x0
              RenderTableCell {TD} at (268,24) size 99x40 [r=1 c=2 rs=1 cs=1]
                RenderBlock {P} at (7,0) size 85x20
                  RenderInline {B} at (0,0) size 49x17
                    RenderInline {SPAN} at (0,0) size 49x20
                      RenderText {#text} at (18,0) size 49x20
                        text run at (18,0) width 49: "Proper"
                      RenderInline {SPAN} at (0,0) size 1x20
                        RenderInline {O:P} at (0,0) size 1x20
                RenderBlock {P} at (7,20) size 85x20
                  RenderInline {B} at (0,0) size 39x17
                    RenderInline {SPAN} at (0,0) size 39x20
                      RenderText {#text} at (23,0) size 39x20
                        text run at (23,0) width 39: "Plane"
              RenderTableCell {TD} at (367,24) size 106x40 [r=1 c=3 rs=1 cs=1]
                RenderBlock {P} at (7,0) size 92x20
                  RenderInline {B} at (0,0) size 72x17
                    RenderInline {SPAN} at (0,0) size 72x20
                      RenderText {#text} at (10,0) size 72x20
                        text run at (10,0) width 72: "Helicopter"
                      RenderInline {SPAN} at (0,0) size 0x20
                        RenderInline {O:P} at (0,0) size 0x20
                RenderBlock {P} at (7,20) size 92x20
                  RenderInline {B} at (0,0) size 54x17
                    RenderInline {SPAN} at (0,0) size 54x20
                      RenderText {#text} at (19,0) size 54x20
                        text run at (19,0) width 54: "thingy.-"
            RenderTableRow {TR} at (0,64) size 473x34
              RenderTableCell {TD} at (0,64) size 98x17 [r=2 c=0 rs=1 cs=1]
                RenderBlock {P} at (7,0) size 84x17
                  RenderText {#text} at (35,0) size 14x17
                    text run at (35,0) width 14: "00"
                  RenderInline {SPAN} at (0,0) size 0x17
                    RenderInline {O:P} at (0,0) size 0x17
              RenderTableCell {TD} at (98,64) size 170x34 [r=2 c=1 rs=1 cs=1]
                RenderBlock {P} at (7,0) size 156x17
                  RenderText {#text} at (0,0) size 61x17
                    text run at (0,0) width 61: "Paul Scott"
                RenderBlock {P} at (7,17) size 156x17
                  RenderText {#text} at (0,0) size 95x17
                    text run at (0,0) width 95: "Donald Carvalho"
                  RenderInline {SPAN} at (0,0) size 0x17
                    RenderInline {O:P} at (0,0) size 0x17
              RenderTableCell {TD} at (268,64) size 99x17 [r=2 c=2 rs=1 cs=1]
                RenderBlock {P} at (7,0) size 85x17
                  RenderText {#text} at (34,0) size 17x17
                    text run at (34,0) width 17: "No"
                  RenderInline {SPAN} at (0,0) size 1x17
                    RenderInline {O:P} at (0,0) size 1x17
              RenderTableCell {TD} at (367,64) size 106x17 [r=2 c=3 rs=1 cs=1]
                RenderBlock {P} at (7,0) size 92x17
                  RenderText {#text} at (34,0) size 24x17
                    text run at (34,0) width 24: "Yes"
                  RenderInline {SPAN} at (0,0) size 1x17
                    RenderInline {O:P} at (0,0) size 1x17
            RenderTableRow {TR} at (0,98) size 473x17
              RenderTableCell {TD} at (0,98) size 98x17 [r=3 c=0 rs=1 cs=1]
                RenderBlock {P} at (7,0) size 84x17
                  RenderText {#text} at (35,0) size 14x17
                    text run at (35,0) width 14: "01"
                  RenderInline {SPAN} at (0,0) size 0x17
                    RenderInline {O:P} at (0,0) size 0x17
              RenderTableCell {TD} at (98,98) size 170x17 [r=3 c=1 rs=1 cs=1]
                RenderBlock {P} at (7,0) size 156x17
                  RenderText {#text} at (0,0) size 61x17
                    text run at (0,0) width 61: "Paul Scott"
                  RenderInline {SPAN} at (0,0) size 0x17
                    RenderInline {O:P} at (0,0) size 0x17
              RenderTableCell {TD} at (268,98) size 99x17 [r=3 c=2 rs=1 cs=1]
                RenderBlock {P} at (7,0) size 85x17
                  RenderText {#text} at (34,0) size 17x17
                    text run at (34,0) width 17: "No"
                  RenderInline {SPAN} at (0,0) size 1x17
                    RenderInline {O:P} at (0,0) size 1x17
              RenderTableCell {TD} at (367,98) size 106x17 [r=3 c=3 rs=1 cs=1]
                RenderBlock {P} at (7,0) size 92x17
                  RenderText {#text} at (34,0) size 24x17
                    text run at (34,0) width 24: "Yes"
                  RenderInline {SPAN} at (0,0) size 1x17
                    RenderInline {O:P} at (0,0) size 1x17
            RenderTableRow {TR} at (0,115) size 473x21
              RenderTableCell {TD} at (0,115) size 98x17 [r=4 c=0 rs=1 cs=1]
                RenderBlock {P} at (7,0) size 84x17
                  RenderInline {FONT} at (0,0) size 14x17
                    RenderText {#text} at (35,0) size 14x17
                      text run at (35,0) width 14: "02"
                  RenderText {#text} at (0,0) size 0x0
              RenderTableCell {TD} at (98,115) size 170x17 [r=4 c=1 rs=1 cs=1]
                RenderInline {FONT} at (0,0) size 57x17
                  RenderText {#text} at (7,0) size 57x17
                    text run at (7,0) width 57: "Don Coon"
                RenderText {#text} at (0,0) size 0x0
              RenderTableCell {TD} at (268,115) size 99x21 [r=4 c=2 rs=1 cs=1]
                RenderText {#text} at (7,0) size 4x21
                  text run at (7,0) width 4: " "
              RenderTableCell {TD} at (367,115) size 106x21 [r=4 c=3 rs=1 cs=1]
                RenderText {#text} at (7,0) size 4x21
                  text run at (7,0) width 4: " "
            RenderTableRow {TR} at (0,136) size 473x34
              RenderTableCell {TD} at (0,136) size 98x17 [r=5 c=0 rs=1 cs=1]
                RenderInline {FONT} at (0,0) size 14x17
                  RenderText {#text} at (42,0) size 14x17
                    text run at (42,0) width 14: "05"
                RenderText {#text} at (0,0) size 0x0
              RenderTableCell {TD} at (98,136) size 170x34 [r=5 c=1 rs=1 cs=1]
                RenderBlock {P} at (7,0) size 156x17
                  RenderInline {FONT} at (0,0) size 61x17
                    RenderText {#text} at (0,0) size 61x17
                      text run at (0,0) width 61: "Paul Scott"
                RenderBlock {P} at (7,17) size 156x17
                  RenderInline {FONT} at (0,0) size 49x17
                    RenderText {#text} at (0,0) size 49x17
                      text run at (0,0) width 49: "Bill Hunt"
                    RenderInline {SPAN} at (0,0) size 0x17
                      RenderInline {O:P} at (0,0) size 0x17
              RenderTableCell {TD} at (268,136) size 99x17 [r=5 c=2 rs=1 cs=1]
                RenderBlock {P} at (7,0) size 85x17
                  RenderInline {FONT} at (0,0) size 17x17
                    RenderText {#text} at (34,0) size 17x17
                      text run at (34,0) width 17: "No"
                    RenderInline {SPAN} at (0,0) size 1x17
                      RenderInline {O:P} at (0,0) size 1x17
              RenderTableCell {TD} at (367,136) size 106x17 [r=5 c=3 rs=1 cs=1]
                RenderBlock {P} at (7,0) size 92x17
                  RenderInline {FONT} at (0,0) size 24x17
                    RenderText {#text} at (34,0) size 24x17
                      text run at (34,0) width 24: "Yes"
                    RenderInline {SPAN} at (0,0) size 1x17
                      RenderInline {O:P} at (0,0) size 1x17
            RenderTableRow {TR} at (0,170) size 473x34
              RenderTableCell {TD} at (0,170) size 98x17 [r=6 c=0 rs=1 cs=1]
                RenderInline {FONT} at (0,0) size 14x17
                  RenderText {#text} at (42,0) size 14x17
                    text run at (42,0) width 14: "06"
                RenderText {#text} at (0,0) size 0x0
              RenderTableCell {TD} at (98,170) size 170x34 [r=6 c=1 rs=1 cs=1]
                RenderInline {FONT} at (0,0) size 156x34
                  RenderText {#text} at (7,0) size 156x34
                    text run at (7,0) width 156: "Gene Pheiffer                   "
                    text run at (7,17) width 87: "Alberto Lanzas"
                RenderText {#text} at (0,0) size 0x0
              RenderTableCell {TD} at (268,170) size 99x34 [r=6 c=2 rs=1 cs=1]
                RenderBlock {P} at (7,0) size 85x17
                  RenderText {#text} at (31,0) size 23x17
                    text run at (31,0) width 23: "Yes"
                RenderBlock {P} at (7,17) size 85x17
                  RenderText {#text} at (31,0) size 23x17
                    text run at (31,0) width 23: "Yes"
              RenderTableCell {TD} at (367,170) size 106x34 [r=6 c=3 rs=1 cs=1]
                RenderBlock (anonymous) at (7,0) size 92x17
                  RenderInline {SPAN} at (0,0) size 16x21
                    RenderInline {FONT} at (0,0) size 16x17
                      RenderText {#text} at (38,0) size 16x17
                        text run at (38,0) width 16: "No"
                  RenderText {#text} at (0,0) size 0x0
                RenderBlock {P} at (7,17) size 92x17
                  RenderText {#text} at (34,0) size 24x17
                    text run at (34,0) width 24: "Yes"
            RenderTableRow {TR} at (0,204) size 473x17
              RenderTableCell {TD} at (0,204) size 98x17 [r=7 c=0 rs=1 cs=1]
                RenderBlock {P} at (7,0) size 84x17
                  RenderInline {FONT} at (0,0) size 14x17
                    RenderText {#text} at (35,0) size 14x17
                      text run at (35,0) width 14: "07"
                  RenderText {#text} at (0,0) size 0x0
              RenderTableCell {TD} at (98,204) size 170x17 [r=7 c=1 rs=1 cs=1]
                RenderInline {FONT} at (0,0) size 52x17
                  RenderText {#text} at (7,0) size 52x17
                    text run at (7,0) width 52: "Phil Cole"
                RenderText {#text} at (0,0) size 0x0
              RenderTableCell {TD} at (268,204) size 99x17 [r=7 c=2 rs=1 cs=1]
                RenderBlock {P} at (7,0) size 85x17
                  RenderInline {FONT} at (0,0) size 23x17
                    RenderText {#text} at (31,0) size 23x17
                      text run at (31,0) width 23: "Yes"
                  RenderText {#text} at (0,0) size 0x0
              RenderTableCell {TD} at (367,204) size 106x17 [r=7 c=3 rs=1 cs=1]
                RenderBlock {P} at (7,0) size 92x17
                  RenderInline {FONT} at (0,0) size 24x17
                    RenderText {#text} at (34,0) size 24x17
                      text run at (34,0) width 24: "Yes"
                  RenderText {#text} at (0,0) size 0x0
            RenderTableRow {TR} at (0,221) size 473x34
              RenderTableCell {TD} at (0,221) size 98x17 [r=8 c=0 rs=1 cs=1]
                RenderBlock {P} at (7,0) size 84x17
                  RenderText {#text} at (35,0) size 14x17
                    text run at (35,0) width 14: "08"
                  RenderInline {SPAN} at (0,0) size 0x17
                    RenderInline {O:P} at (0,0) size 0x17
              RenderTableCell {TD} at (98,221) size 170x34 [r=8 c=1 rs=1 cs=1]
                RenderBlock {P} at (7,0) size 156x17
                  RenderText {#text} at (0,0) size 61x17
                    text run at (0,0) width 61: "Paul Scott"
                RenderBlock {P} at (7,17) size 156x17
                  RenderText {#text} at (0,0) size 80x17
                    text run at (0,0) width 80: "Gene Pheiffer"
                  RenderInline {SPAN} at (0,0) size 0x17
                    RenderInline {O:P} at (0,0) size 0x17
              RenderTableCell {TD} at (268,221) size 99x34 [r=8 c=2 rs=1 cs=1]
                RenderBlock {P} at (7,0) size 85x17
                  RenderText {#text} at (34,0) size 17x17
                    text run at (34,0) width 17: "No"
                RenderBlock {P} at (7,17) size 85x17
                  RenderText {#text} at (31,0) size 23x17
                    text run at (31,0) width 23: "Yes"
                  RenderInline {SPAN} at (0,0) size 0x17
                    RenderInline {O:P} at (0,0) size 0x17
              RenderTableCell {TD} at (367,221) size 106x34 [r=8 c=3 rs=1 cs=1]
                RenderBlock {P} at (7,0) size 92x17
                  RenderText {#text} at (34,0) size 24x17
                    text run at (34,0) width 24: "Yes"
                RenderBlock {P} at (7,17) size 92x17
                  RenderText {#text} at (38,0) size 16x17
                    text run at (38,0) width 16: "No"
                  RenderInline {SPAN} at (0,0) size 0x17
                    RenderInline {O:P} at (0,0) size 0x17
            RenderTableRow {TR} at (0,255) size 473x51
              RenderTableCell {TD} at (0,255) size 98x17 [r=9 c=0 rs=1 cs=1]
                RenderBlock {P} at (7,0) size 84x17
                  RenderText {#text} at (0,0) size 84x17
                    text run at (0,0) width 84: "Programmable"
                  RenderInline {SPAN} at (0,0) size 0x17
                    RenderInline {O:P} at (0,0) size 0x17
              RenderTableCell {TD} at (98,255) size 170x51 [r=9 c=1 rs=1 cs=1]
                RenderBlock {P} at (7,0) size 156x17
                  RenderText {#text} at (0,0) size 113x17
                    text run at (0,0) width 113: "Richard Pevehouse"
                  RenderInline {SPAN} at (0,0) size 0x17
                    RenderInline {O:P} at (0,0) size 0x17
                RenderBlock {P} at (7,17) size 156x17
                  RenderText {#text} at (0,0) size 66x17
                    text run at (0,0) width 66: "Gary Heath"
                RenderBlock {P} at (7,34) size 156x17
                  RenderText {#text} at (0,0) size 69x17
                    text run at (0,0) width 69: "Scott Hersh"
                  RenderInline {SPAN} at (0,0) size 0x17
                    RenderInline {O:P} at (0,0) size 0x17
              RenderTableCell {TD} at (268,255) size 99x34 [r=9 c=2 rs=1 cs=1]
                RenderBlock {P} at (7,0) size 85x17
                  RenderText {#text} at (31,0) size 23x17
                    text run at (31,0) width 23: "Yes"
                  RenderInline {SPAN} at (0,0) size 0x17
                    RenderInline {O:P} at (0,0) size 0x17
                RenderBlock {P} at (7,17) size 85x17
                  RenderText {#text} at (34,0) size 17x17
                    text run at (34,0) width 17: "No"
                  RenderInline {SPAN} at (0,0) size 1x17
                    RenderInline {O:P} at (0,0) size 1x17
              RenderTableCell {TD} at (367,255) size 106x34 [r=9 c=3 rs=1 cs=1]
                RenderBlock {P} at (7,0) size 92x17
                  RenderText {#text} at (38,0) size 16x17
                    text run at (38,0) width 16: "No"
                  RenderInline {SPAN} at (0,0) size 0x17
                    RenderInline {O:P} at (0,0) size 0x17
                RenderBlock {P} at (7,17) size 92x17
                  RenderText {#text} at (34,0) size 24x17
                    text run at (34,0) width 24: "Yes"
                  RenderInline {SPAN} at (0,0) size 1x17
                    RenderInline {O:P} at (0,0) size 1x17
            RenderTableRow {TR} at (0,306) size 473x119
              RenderTableCell {TD} at (0,306) size 98x17 [r=10 c=0 rs=1 cs=1]
                RenderBlock {P} at (7,0) size 84x17
                  RenderText {#text} at (35,0) size 14x17
                    text run at (35,0) width 14: "11"
                  RenderInline {SPAN} at (0,0) size 0x17
                    RenderInline {O:P} at (0,0) size 0x17
              RenderTableCell {TD} at (98,306) size 170x119 [r=10 c=1 rs=1 cs=1]
                RenderBlock {P} at (7,0) size 156x17
                  RenderText {#text} at (0,0) size 85x17
                    text run at (0,0) width 85: "George Cowan"
                  RenderInline {SPAN} at (0,0) size 0x17
                    RenderInline {O:P} at (0,0) size 0x17
                RenderBlock {P} at (7,17) size 156x17
                  RenderText {#text} at (0,0) size 78x17
                    text run at (0,0) width 78: "Rick Klement"
                  RenderInline {SPAN} at (0,0) size 0x17
                    RenderInline {O:P} at (0,0) size 0x17
                RenderBlock {P} at (7,34) size 156x17
                  RenderText {#text} at (0,0) size 84x17
                    text run at (0,0) width 84: "John Mathews"
                RenderBlock {P} at (7,51) size 156x17
                  RenderText {#text} at (0,0) size 58x17
                    text run at (0,0) width 58: "Ed Cypret"
                RenderBlock {P} at (7,68) size 156x17
                  RenderText {#text} at (0,0) size 88x17
                    text run at (0,0) width 88: "John Chamorro"
                RenderBlock {P} at (7,85) size 156x17
                  RenderText {#text} at (0,0) size 89x17
                    text run at (0,0) width 89: "John Yearwood"
                RenderBlock {P} at (7,102) size 156x17
                  RenderText {#text} at (0,0) size 94x17
                    text run at (0,0) width 94: "Jason Anderson"
                  RenderInline {SPAN} at (0,0) size 0x17
                    RenderInline {O:P} at (0,0) size 0x17
              RenderTableCell {TD} at (268,306) size 99x119 [r=10 c=2 rs=1 cs=1]
                RenderBlock {P} at (7,0) size 85x17
                  RenderText {#text} at (31,0) size 23x17
                    text run at (31,0) width 23: "Yes"
                  RenderInline {SPAN} at (0,0) size 0x17
                    RenderInline {O:P} at (0,0) size 0x17
                RenderBlock {P} at (7,17) size 85x17
                  RenderText {#text} at (31,0) size 23x17
                    text run at (31,0) width 23: "Yes"
                  RenderInline {SPAN} at (0,0) size 0x17
                    RenderInline {O:P} at (0,0) size 0x17
                RenderBlock {P} at (7,34) size 85x17
                  RenderText {#text} at (31,0) size 23x17
                    text run at (31,0) width 23: "Yes"
                RenderBlock {P} at (7,51) size 85x17
                  RenderText {#text} at (40,0) size 5x17
                    text run at (40,0) width 5: " "
                RenderBlock {P} at (7,68) size 85x17
                  RenderText {#text} at (40,0) size 5x17
                    text run at (40,0) width 5: " "
                RenderBlock {P} at (7,85) size 85x17
                  RenderText {#text} at (31,0) size 23x17
                    text run at (31,0) width 23: "Yes"
                RenderBlock {P} at (7,102) size 85x17
                  RenderText {#text} at (31,0) size 23x17
                    text run at (31,0) width 23: "Yes"
                  RenderInline {SPAN} at (0,0) size 0x17
                    RenderInline {O:P} at (0,0) size 0x17
              RenderTableCell {TD} at (367,306) size 106x119 [r=10 c=3 rs=1 cs=1]
                RenderBlock {P} at (7,0) size 92x17
                  RenderText {#text} at (38,0) size 16x17
                    text run at (38,0) width 16: "No"
                  RenderInline {SPAN} at (0,0) size 0x17
                    RenderInline {O:P} at (0,0) size 0x17
                RenderBlock {P} at (7,17) size 92x17
                  RenderText {#text} at (34,0) size 24x17
                    text run at (34,0) width 24: "Yes"
                  RenderInline {SPAN} at (0,0) size 1x17
                    RenderInline {O:P} at (0,0) size 1x17
                RenderBlock {P} at (7,34) size 92x17
                  RenderText {#text} at (38,0) size 16x17
                    text run at (38,0) width 16: "No"
                RenderBlock {P} at (7,51) size 92x17
                  RenderText {#text} at (44,0) size 4x17
                    text run at (44,0) width 4: " "
                RenderBlock {P} at (7,68) size 92x17
                  RenderText {#text} at (44,0) size 4x17
                    text run at (44,0) width 4: " "
                RenderBlock {P} at (7,85) size 92x17
                  RenderText {#text} at (38,0) size 16x17
                    text run at (38,0) width 16: "No"
                RenderBlock {P} at (7,102) size 92x17
                  RenderText {#text} at (38,0) size 16x17
                    text run at (38,0) width 16: "No"
                  RenderInline {SPAN} at (0,0) size 0x17
                    RenderInline {O:P} at (0,0) size 0x17
            RenderTableRow {TR} at (0,425) size 473x85
              RenderTableCell {TD} at (0,425) size 98x17 [r=11 c=0 rs=1 cs=1]
                RenderBlock {P} at (7,0) size 84x17
                  RenderText {#text} at (35,0) size 14x17
                    text run at (35,0) width 14: "12"
                  RenderInline {SPAN} at (0,0) size 0x17
                    RenderInline {O:P} at (0,0) size 0x17
              RenderTableCell {TD} at (98,425) size 170x85 [r=11 c=1 rs=1 cs=1]
                RenderBlock {P} at (7,0) size 156x17
                  RenderText {#text} at (0,0) size 78x17
                    text run at (0,0) width 78: "Rick Klement"
                RenderBlock {P} at (7,17) size 156x17
                  RenderText {#text} at (0,0) size 89x17
                    text run at (0,0) width 89: "George Coward"
                RenderBlock {P} at (7,34) size 156x17
                  RenderText {#text} at (0,0) size 89x17
                    text run at (0,0) width 89: "Gerald Cardinal"
                RenderBlock {P} at (7,51) size 156x17
                  RenderText {#text} at (0,0) size 74x17
                    text run at (0,0) width 74: "Brock Brown"
                RenderBlock {P} at (7,68) size 156x17
                  RenderText {#text} at (0,0) size 99x17
                    text run at (0,0) width 99: "Ellsworth Crowell"
              RenderTableCell {TD} at (268,425) size 99x85 [r=11 c=2 rs=1 cs=1]
                RenderBlock {P} at (7,0) size 85x17
                  RenderText {#text} at (31,0) size 23x17
                    text run at (31,0) width 23: "Yes"
                RenderBlock {P} at (7,17) size 85x17
                  RenderText {#text} at (31,0) size 23x17
                    text run at (31,0) width 23: "Yes"
                RenderBlock {P} at (7,34) size 85x17
                  RenderText {#text} at (40,0) size 5x17
                    text run at (40,0) width 5: " "
                RenderBlock {P} at (7,51) size 85x17
                  RenderText {#text} at (31,0) size 23x17
                    text run at (31,0) width 23: "Yes"
                RenderBlock {P} at (7,68) size 85x17
                  RenderText {#text} at (31,0) size 23x17
                    text run at (31,0) width 23: "Yes"
                  RenderInline {SPAN} at (0,0) size 0x17
                    RenderInline {O:P} at (0,0) size 0x17
              RenderTableCell {TD} at (367,425) size 106x85 [r=11 c=3 rs=1 cs=1]
                RenderBlock {P} at (7,0) size 92x17
                  RenderText {#text} at (34,0) size 24x17
                    text run at (34,0) width 24: "Yes"
                RenderBlock {P} at (7,17) size 92x17
                  RenderText {#text} at (38,0) size 16x17
                    text run at (38,0) width 16: "No"
                RenderBlock {P} at (7,34) size 92x17
                  RenderText {#text} at (44,0) size 4x17
                    text run at (44,0) width 4: " "
                RenderBlock {P} at (7,51) size 92x17
                  RenderText {#text} at (38,0) size 16x17
                    text run at (38,0) width 16: "No"
                RenderBlock {P} at (7,68) size 92x17
                  RenderText {#text} at (38,0) size 16x17
                    text run at (38,0) width 16: "No"
                  RenderInline {SPAN} at (0,0) size 0x17
                    RenderInline {O:P} at (0,0) size 0x17
            RenderTableRow {TR} at (0,510) size 473x68
              RenderTableCell {TD} at (0,510) size 98x17 [r=12 c=0 rs=1 cs=1]
                RenderBlock {P} at (7,0) size 84x17
                  RenderText {#text} at (35,0) size 14x17
                    text run at (35,0) width 14: "13"
                  RenderInline {SPAN} at (0,0) size 0x17
                    RenderInline {O:P} at (0,0) size 0x17
              RenderTableCell {TD} at (98,510) size 170x68 [r=12 c=1 rs=1 cs=1]
                RenderBlock {P} at (7,0) size 156x17
                  RenderText {#text} at (0,0) size 69x17
                    text run at (0,0) width 69: " Oliver Baer"
                RenderBlock {P} at (7,17) size 156x17
                  RenderText {#text} at (0,0) size 62x17
                    text run at (0,0) width 62: "Joe Araujo"
                RenderBlock {P} at (7,34) size 156x17
                  RenderText {#text} at (0,0) size 76x17
                    text run at (0,0) width 76: "Jim Mirowski"
                RenderBlock {P} at (7,51) size 156x17
                  RenderText {#text} at (0,0) size 69x17
                    text run at (0,0) width 69: "Scott Hersh"
                  RenderInline {SPAN} at (0,0) size 0x17
                    RenderInline {O:P} at (0,0) size 0x17
              RenderTableCell {TD} at (268,510) size 99x68 [r=12 c=2 rs=1 cs=1]
                RenderBlock {P} at (7,0) size 85x17
                  RenderText {#text} at (29,0) size 27x17
                    text run at (29,0) width 27: " Yes"
                RenderBlock {P} at (7,17) size 85x17
                  RenderText {#text} at (40,0) size 5x17
                    text run at (40,0) width 5: " "
                RenderBlock {P} at (7,34) size 85x17
                  RenderText {#text} at (40,0) size 5x17
                    text run at (40,0) width 5: " "
                RenderBlock {P} at (7,51) size 85x17
                  RenderText {#text} at (31,0) size 23x17
                    text run at (31,0) width 23: "Yes"
                  RenderInline {SPAN} at (0,0) size 0x17
                    RenderInline {O:P} at (0,0) size 0x17
              RenderTableCell {TD} at (367,510) size 106x68 [r=12 c=3 rs=1 cs=1]
                RenderBlock {P} at (7,0) size 92x17
                  RenderText {#text} at (36,0) size 20x17
                    text run at (36,0) width 20: " No"
                RenderBlock {P} at (7,17) size 92x17
                  RenderText {#text} at (44,0) size 4x17
                    text run at (44,0) width 4: " "
                RenderBlock {P} at (7,34) size 92x17
                  RenderText {#text} at (44,0) size 4x17
                    text run at (44,0) width 4: " "
                RenderBlock {P} at (7,51) size 92x17
                  RenderText {#text} at (38,0) size 16x17
                    text run at (38,0) width 16: "No"
                  RenderInline {SPAN} at (0,0) size 0x17
                    RenderInline {O:P} at (0,0) size 0x17
            RenderTableRow {TR} at (0,578) size 473x51
              RenderTableCell {TD} at (0,578) size 98x17 [r=13 c=0 rs=1 cs=1]
                RenderBlock {P} at (7,0) size 84x17
                  RenderText {#text} at (35,0) size 14x17
                    text run at (35,0) width 14: "14"
                  RenderInline {SPAN} at (0,0) size 0x17
                    RenderInline {O:P} at (0,0) size 0x17
              RenderTableCell {TD} at (98,578) size 170x51 [r=13 c=1 rs=1 cs=1]
                RenderBlock {P} at (7,0) size 156x17
                  RenderText {#text} at (0,0) size 66x17
                    text run at (0,0) width 66: " Joe Araujo"
                RenderBlock {P} at (7,17) size 156x17
                  RenderText {#text} at (0,0) size 76x17
                    text run at (0,0) width 76: "Steve Gilbert"
                RenderBlock {P} at (7,34) size 156x17
                  RenderText {#text} at (0,0) size 81x17
                    text run at (0,0) width 81: "Gary Williams"
                  RenderInline {SPAN} at (0,0) size 0x17
                    RenderInline {O:P} at (0,0) size 0x17
              RenderTableCell {TD} at (268,578) size 99x34 [r=13 c=2 rs=1 cs=1]
                RenderBlock {P} at (7,0) size 85x17
                  RenderText {#text} at (40,0) size 5x17
                    text run at (40,0) width 5: " "
                RenderBlock {P} at (7,17) size 85x17
                  RenderText {#text} at (31,0) size 23x17
                    text run at (31,0) width 23: "Yes"
                  RenderInline {SPAN} at (0,0) size 0x17
                    RenderInline {O:P} at (0,0) size 0x17
              RenderTableCell {TD} at (367,578) size 106x34 [r=13 c=3 rs=1 cs=1]
                RenderBlock {P} at (7,0) size 92x17
                  RenderText {#text} at (44,0) size 4x17
                    text run at (44,0) width 4: " "
                RenderBlock {P} at (7,17) size 92x17
                  RenderText {#text} at (38,0) size 16x17
                    text run at (38,0) width 16: "No"
                  RenderInline {SPAN} at (0,0) size 0x17
                    RenderInline {O:P} at (0,0) size 0x17
            RenderTableRow {TR} at (0,629) size 473x85
              RenderTableCell {TD} at (0,629) size 98x17 [r=14 c=0 rs=1 cs=1]
                RenderBlock {P} at (7,0) size 84x17
                  RenderText {#text} at (35,0) size 14x17
                    text run at (35,0) width 14: "15"
                  RenderInline {SPAN} at (0,0) size 0x17
                    RenderInline {O:P} at (0,0) size 0x17
              RenderTableCell {TD} at (98,629) size 170x85 [r=14 c=1 rs=1 cs=1]
                RenderBlock {P} at (7,0) size 156x17
                  RenderText {#text} at (0,0) size 69x17
                    text run at (0,0) width 69: " Oliver Baer"
                RenderBlock {P} at (7,17) size 156x17
                  RenderText {#text} at (0,0) size 59x17
                    text run at (0,0) width 59: "Joe Smith"
                RenderBlock {P} at (7,34) size 156x17
                  RenderText {#text} at (0,0) size 62x17
                    text run at (0,0) width 62: "John Paye"
                RenderBlock {P} at (7,51) size 156x17
                  RenderText {#text} at (0,0) size 89x17
                    text run at (0,0) width 89: "John Yearwood"
                RenderBlock {P} at (7,68) size 156x17
                  RenderText {#text} at (0,0) size 74x17
                    text run at (0,0) width 74: "Harald Close"
                  RenderInline {SPAN} at (0,0) size 0x17
                    RenderInline {O:P} at (0,0) size 0x17
              RenderTableCell {TD} at (268,629) size 99x85 [r=14 c=2 rs=1 cs=1]
                RenderBlock {P} at (7,0) size 85x17
                  RenderText {#text} at (29,0) size 27x17
                    text run at (29,0) width 27: " Yes"
                RenderBlock {P} at (7,17) size 85x17
                  RenderText {#text} at (40,0) size 5x17
                    text run at (40,0) width 5: " "
                RenderBlock {P} at (7,34) size 85x17
                  RenderText {#text} at (40,0) size 5x17
                    text run at (40,0) width 5: " "
                RenderBlock {P} at (7,51) size 85x17
                  RenderText {#text} at (31,0) size 23x17
                    text run at (31,0) width 23: "Yes"
                RenderBlock {P} at (7,68) size 85x17
                  RenderText {#text} at (31,0) size 23x17
                    text run at (31,0) width 23: "Yes"
                  RenderInline {SPAN} at (0,0) size 0x17
                    RenderInline {O:P} at (0,0) size 0x17
              RenderTableCell {TD} at (367,629) size 106x85 [r=14 c=3 rs=1 cs=1]
                RenderBlock {P} at (7,0) size 92x17
                  RenderText {#text} at (36,0) size 20x17
                    text run at (36,0) width 20: " No"
                RenderBlock {P} at (7,17) size 92x17
                  RenderText {#text} at (44,0) size 4x17
                    text run at (44,0) width 4: " "
                RenderBlock {P} at (7,34) size 92x17
                  RenderText {#text} at (44,0) size 4x17
                    text run at (44,0) width 4: " "
                RenderBlock {P} at (7,51) size 92x17
                  RenderText {#text} at (38,0) size 16x17
                    text run at (38,0) width 16: "No"
                RenderBlock {P} at (7,68) size 92x17
                  RenderText {#text} at (38,0) size 16x17
                    text run at (38,0) width 16: "No"
                  RenderInline {SPAN} at (0,0) size 0x17
                    RenderInline {O:P} at (0,0) size 0x17
            RenderTableRow {TR} at (0,714) size 473x34
              RenderTableCell {TD} at (0,714) size 98x17 [r=15 c=0 rs=1 cs=1]
                RenderBlock {P} at (7,0) size 84x17
                  RenderText {#text} at (35,0) size 14x17
                    text run at (35,0) width 14: "16"
                  RenderInline {SPAN} at (0,0) size 0x17
                    RenderInline {O:P} at (0,0) size 0x17
              RenderTableCell {TD} at (98,714) size 170x34 [r=15 c=1 rs=1 cs=1]
                RenderBlock {P} at (7,0) size 156x17
                  RenderText {#text} at (0,0) size 94x17
                    text run at (0,0) width 94: " James Haladus"
                RenderBlock {P} at (7,17) size 156x17
                  RenderText {#text} at (0,0) size 59x17
                    text run at (0,0) width 59: "Joe Smith"
                  RenderInline {SPAN} at (0,0) size 0x17
                    RenderInline {O:P} at (0,0) size 0x17
              RenderTableCell {TD} at (268,714) size 99x17 [r=15 c=2 rs=1 cs=1]
                RenderBlock {P} at (7,0) size 85x17
                  RenderText {#text} at (29,0) size 27x17
                    text run at (29,0) width 27: " Yes"
                  RenderInline {SPAN} at (0,0) size 0x17
                    RenderInline {O:P} at (0,0) size 0x17
              RenderTableCell {TD} at (367,714) size 106x17 [r=15 c=3 rs=1 cs=1]
                RenderBlock {P} at (7,0) size 92x17
                  RenderText {#text} at (36,0) size 20x17
                    text run at (36,0) width 20: " No"
                  RenderInline {SPAN} at (0,0) size 0x17
                    RenderInline {O:P} at (0,0) size 0x17
            RenderTableRow {TR} at (0,748) size 473x85
              RenderTableCell {TD} at (0,748) size 98x17 [r=16 c=0 rs=1 cs=1]
                RenderBlock {P} at (7,0) size 84x17
                  RenderText {#text} at (35,0) size 14x17
                    text run at (35,0) width 14: "17"
                  RenderInline {SPAN} at (0,0) size 0x17
                    RenderInline {O:P} at (0,0) size 0x17
              RenderTableCell {TD} at (98,748) size 170x85 [r=16 c=1 rs=1 cs=1]
                RenderBlock {P} at (7,0) size 156x17
                  RenderText {#text} at (0,0) size 62x17
                    text run at (0,0) width 62: "Doug Field"
                  RenderInline {SPAN} at (0,0) size 0x17
                    RenderInline {O:P} at (0,0) size 0x17
                RenderBlock {P} at (7,17) size 156x17
                  RenderText {#text} at (0,0) size 71x17
                    text run at (0,0) width 71: "Dave Neves"
                RenderBlock {P} at (7,34) size 156x17
                  RenderText {#text} at (0,0) size 65x17
                    text run at (0,0) width 65: "Oliver Baer"
                RenderBlock {P} at (7,51) size 156x17
                  RenderText {#text} at (0,0) size 61x17
                    text run at (0,0) width 61: "John Todd"
                RenderBlock {P} at (7,68) size 156x17
                  RenderText {#text} at (0,0) size 106x17
                    text run at (0,0) width 106: "Dave Christiansen"
                  RenderInline {SPAN} at (0,0) size 0x17
                    RenderInline {O:P} at (0,0) size 0x17
              RenderTableCell {TD} at (268,748) size 99x85 [r=16 c=2 rs=1 cs=1]
                RenderBlock {P} at (7,0) size 85x17
                  RenderText {#text} at (31,0) size 23x17
                    text run at (31,0) width 23: "Yes"
                  RenderInline {SPAN} at (0,0) size 0x17
                    RenderInline {O:P} at (0,0) size 0x17
                RenderBlock {P} at (7,17) size 85x17
                  RenderText {#text} at (31,0) size 23x17
                    text run at (31,0) width 23: "Yes"
                RenderBlock {P} at (7,34) size 85x17
                  RenderText {#text} at (31,0) size 23x17
                    text run at (31,0) width 23: "Yes"
                RenderBlock {P} at (7,51) size 85x17
                  RenderText {#text} at (40,0) size 5x17
                    text run at (40,0) width 5: " "
                RenderBlock {P} at (7,68) size 85x17
                  RenderText {#text} at (31,0) size 23x17
                    text run at (31,0) width 23: "Yes"
                  RenderInline {SPAN} at (0,0) size 0x17
                    RenderInline {O:P} at (0,0) size 0x17
              RenderTableCell {TD} at (367,748) size 106x85 [r=16 c=3 rs=1 cs=1]
                RenderBlock {P} at (7,0) size 92x17
                  RenderText {#text} at (38,0) size 16x17
                    text run at (38,0) width 16: "No"
                  RenderInline {SPAN} at (0,0) size 0x17
                    RenderInline {O:P} at (0,0) size 0x17
                RenderBlock {P} at (7,17) size 92x17
                  RenderText {#text} at (34,0) size 24x17
                    text run at (34,0) width 24: "Yes"
                RenderBlock {P} at (7,34) size 92x17
                  RenderText {#text} at (38,0) size 16x17
                    text run at (38,0) width 16: "No"
                RenderBlock {P} at (7,51) size 92x17
                  RenderText {#text} at (44,0) size 4x17
                    text run at (44,0) width 4: " "
                RenderBlock {P} at (7,68) size 92x17
                  RenderText {#text} at (38,0) size 16x17
                    text run at (38,0) width 16: "No"
                  RenderInline {SPAN} at (0,0) size 0x17
                    RenderInline {O:P} at (0,0) size 0x17
            RenderTableRow {TR} at (0,833) size 473x119
              RenderTableCell {TD} at (0,833) size 98x17 [r=17 c=0 rs=1 cs=1]
                RenderBlock {P} at (7,0) size 84x17
                  RenderText {#text} at (35,0) size 14x17
                    text run at (35,0) width 14: "18"
                  RenderInline {SPAN} at (0,0) size 0x17
                    RenderInline {O:P} at (0,0) size 0x17
              RenderTableCell {TD} at (98,833) size 170x119 [r=17 c=1 rs=1 cs=1]
                RenderBlock {P} at (7,0) size 156x17
                  RenderText {#text} at (0,0) size 84x17
                    text run at (0,0) width 84: "Robert Barnett"
                RenderBlock {P} at (7,17) size 156x17
                  RenderText {#text} at (0,0) size 78x17
                    text run at (0,0) width 78: "Jim Mahoney"
                RenderBlock {P} at (7,34) size 156x17
                  RenderText {#text} at (0,0) size 83x17
                    text run at (0,0) width 83: "Dave Marshall"
                RenderBlock {P} at (7,51) size 156x17
                  RenderText {#text} at (0,0) size 89x17
                    text run at (0,0) width 89: "Gerald Cardinal"
                RenderBlock {P} at (7,68) size 156x17
                  RenderText {#text} at (0,0) size 106x17
                    text run at (0,0) width 106: "Dan & Will Sievert"
                RenderBlock {P} at (7,85) size 156x17
                  RenderText {#text} at (0,0) size 99x17
                    text run at (0,0) width 99: "Ellsworth Crowell"
                RenderBlock {P} at (7,102) size 156x17
                  RenderText {#text} at (0,0) size 61x17
                    text run at (0,0) width 61: "Jim Colvin"
                  RenderInline {SPAN} at (0,0) size 0x17
                    RenderInline {O:P} at (0,0) size 0x17
              RenderTableCell {TD} at (268,833) size 99x102 [r=17 c=2 rs=1 cs=1]
                RenderBlock {P} at (7,0) size 85x17
                  RenderText {#text} at (31,0) size 23x17
                    text run at (31,0) width 23: "Yes"
                RenderBlock {P} at (7,17) size 85x17
                  RenderText {#text} at (31,0) size 23x17
                    text run at (31,0) width 23: "Yes"
                RenderBlock {P} at (7,34) size 85x17
                  RenderText {#text} at (31,0) size 23x17
                    text run at (31,0) width 23: "Yes"
                RenderBlock {P} at (7,51) size 85x17
                  RenderText {#text} at (40,0) size 5x17
                    text run at (40,0) width 5: " "
                RenderBlock {P} at (7,68) size 85x17
                  RenderText {#text} at (31,0) size 23x17
                    text run at (31,0) width 23: "Yes"
                RenderBlock {P} at (7,85) size 85x17
                  RenderText {#text} at (31,0) size 23x17
                    text run at (31,0) width 23: "Yes"
                  RenderInline {SPAN} at (0,0) size 0x17
                    RenderInline {O:P} at (0,0) size 0x17
              RenderTableCell {TD} at (367,833) size 106x102 [r=17 c=3 rs=1 cs=1]
                RenderBlock {P} at (7,0) size 92x17
                  RenderText {#text} at (38,0) size 16x17
                    text run at (38,0) width 16: "No"
                RenderBlock {P} at (7,17) size 92x17
                  RenderText {#text} at (34,0) size 24x17
                    text run at (34,0) width 24: "Yes"
                RenderBlock {P} at (7,34) size 92x17
                  RenderText {#text} at (38,0) size 16x17
                    text run at (38,0) width 16: "No"
                RenderBlock {P} at (7,51) size 92x17
                  RenderText {#text} at (44,0) size 4x17
                    text run at (44,0) width 4: " "
                RenderBlock {P} at (7,68) size 92x17
                  RenderText {#text} at (38,0) size 16x17
                    text run at (38,0) width 16: "No"
                RenderBlock {P} at (7,85) size 92x17
                  RenderText {#text} at (38,0) size 16x17
                    text run at (38,0) width 16: "No"
                  RenderInline {SPAN} at (0,0) size 0x17
                    RenderInline {O:P} at (0,0) size 0x17
            RenderTableRow {TR} at (0,952) size 473x68
              RenderTableCell {TD} at (0,952) size 98x17 [r=18 c=0 rs=1 cs=1]
                RenderBlock {P} at (7,0) size 84x17
                  RenderText {#text} at (35,0) size 14x17
                    text run at (35,0) width 14: "19"
                  RenderInline {SPAN} at (0,0) size 0x17
                    RenderInline {O:P} at (0,0) size 0x17
              RenderTableCell {TD} at (98,952) size 170x68 [r=18 c=1 rs=1 cs=1]
                RenderBlock {P} at (7,0) size 156x17
                  RenderInline {SPAN} at (0,0) size 68x17
                    RenderText {#text} at (0,0) size 68x17
                      text run at (0,0) width 41: "Noriya "
                      text run at (41,0) width 27: "Kato"
                RenderBlock {P} at (7,17) size 156x17
                  RenderText {#text} at (0,0) size 61x17
                    text run at (0,0) width 61: "John Todd"
                RenderBlock {P} at (7,34) size 156x17
                  RenderText {#text} at (0,0) size 79x17
                    text run at (0,0) width 79: "James Brown"
                RenderBlock {P} at (7,51) size 156x17
                  RenderText {#text} at (0,0) size 87x17
                    text run at (0,0) width 87: "Mike Anderson"
                  RenderInline {SPAN} at (0,0) size 0x17
                    RenderInline {O:P} at (0,0) size 0x17
              RenderTableCell {TD} at (268,952) size 99x68 [r=18 c=2 rs=1 cs=1]
                RenderBlock {P} at (7,0) size 85x17
                  RenderInline {SPAN} at (0,0) size 23x17
                    RenderText {#text} at (31,0) size 23x17
                      text run at (31,0) width 23: "Yes"
                RenderBlock {P} at (7,17) size 85x17
                  RenderText {#text} at (40,0) size 5x17
                    text run at (40,0) width 5: " "
                RenderBlock {P} at (7,34) size 85x17
                  RenderInline {SPAN} at (0,0) size 23x17
                    RenderText {#text} at (31,0) size 23x17
                      text run at (31,0) width 23: "Yes"
                RenderBlock {P} at (7,51) size 85x17
                  RenderInline {SPAN} at (0,0) size 23x17
                    RenderText {#text} at (31,0) size 23x17
                      text run at (31,0) width 23: "Yes"
                  RenderInline {SPAN} at (0,0) size 0x17
                    RenderInline {O:P} at (0,0) size 0x17
              RenderTableCell {TD} at (367,952) size 106x68 [r=18 c=3 rs=1 cs=1]
                RenderBlock {P} at (7,0) size 92x17
                  RenderInline {SPAN} at (0,0) size 16x17
                    RenderText {#text} at (38,0) size 16x17
                      text run at (38,0) width 16: "No"
                RenderBlock {P} at (7,17) size 92x17
                  RenderText {#text} at (44,0) size 4x17
                    text run at (44,0) width 4: " "
                RenderBlock {P} at (7,34) size 92x17
                  RenderInline {SPAN} at (0,0) size 16x17
                    RenderText {#text} at (38,0) size 16x17
                      text run at (38,0) width 16: "No"
                RenderBlock {P} at (7,51) size 92x17
                  RenderInline {SPAN} at (0,0) size 16x17
                    RenderText {#text} at (38,0) size 16x17
                      text run at (38,0) width 16: "No"
                  RenderInline {SPAN} at (0,0) size 0x17
                    RenderInline {O:P} at (0,0) size 0x17
            RenderTableRow {TR} at (0,1020) size 473x51
              RenderTableCell {TD} at (0,1020) size 98x17 [r=19 c=0 rs=1 cs=1]
                RenderBlock {P} at (7,0) size 84x17
                  RenderText {#text} at (35,0) size 14x17
                    text run at (35,0) width 14: "20"
                  RenderInline {SPAN} at (0,0) size 0x17
                    RenderInline {O:P} at (0,0) size 0x17
              RenderTableCell {TD} at (98,1020) size 170x51 [r=19 c=1 rs=1 cs=1]
                RenderBlock {P} at (7,0) size 156x17
                  RenderText {#text} at (0,0) size 71x17
                    text run at (0,0) width 71: "Bill Johnson"
                RenderBlock {P} at (7,17) size 156x17
                  RenderText {#text} at (0,0) size 91x17
                    text run at (0,0) width 91: "Dominic Bayani"
                RenderBlock {P} at (7,34) size 156x17
                  RenderText {#text} at (0,0) size 73x17
                    text run at (0,0) width 73: "Rick Latham"
                  RenderInline {SPAN} at (0,0) size 0x17
                    RenderInline {O:P} at (0,0) size 0x17
              RenderTableCell {TD} at (268,1020) size 99x51 [r=19 c=2 rs=1 cs=1]
                RenderBlock {P} at (7,0) size 85x17
                  RenderText {#text} at (31,0) size 23x17
                    text run at (31,0) width 23: "Yes"
                RenderBlock {P} at (7,17) size 85x17
                  RenderText {#text} at (40,0) size 5x17
                    text run at (40,0) width 5: " "
                RenderBlock {P} at (7,34) size 85x17
                  RenderText {#text} at (31,0) size 23x17
                    text run at (31,0) width 23: "Yes"
                  RenderInline {SPAN} at (0,0) size 0x17
                    RenderInline {O:P} at (0,0) size 0x17
              RenderTableCell {TD} at (367,1020) size 106x51 [r=19 c=3 rs=1 cs=1]
                RenderBlock {P} at (7,0) size 92x17
                  RenderText {#text} at (38,0) size 16x17
                    text run at (38,0) width 16: "No"
                RenderBlock {P} at (7,17) size 92x17
                  RenderText {#text} at (44,0) size 4x17
                    text run at (44,0) width 4: " "
                RenderBlock {P} at (7,34) size 92x17
                  RenderText {#text} at (38,0) size 16x17
                    text run at (38,0) width 16: "No"
                  RenderInline {SPAN} at (0,0) size 0x17
                    RenderInline {O:P} at (0,0) size 0x17
            RenderTableRow {TR} at (0,1071) size 473x17
              RenderTableCell {TD} at (0,1071) size 98x17 [r=20 c=0 rs=1 cs=1]
                RenderBlock {P} at (7,0) size 84x17
                  RenderText {#text} at (35,0) size 14x17
                    text run at (35,0) width 14: "21"
                  RenderInline {SPAN} at (0,0) size 0x17
                    RenderInline {O:P} at (0,0) size 0x17
              RenderTableCell {TD} at (98,1071) size 170x17 [r=20 c=1 rs=1 cs=1]
                RenderBlock {P} at (7,0) size 156x17
                  RenderText {#text} at (0,0) size 71x17
                    text run at (0,0) width 71: " Simon Tam"
                  RenderInline {SPAN} at (0,0) size 0x17
                    RenderInline {O:P} at (0,0) size 0x17
              RenderTableCell {TD} at (268,1071) size 99x17 [r=20 c=2 rs=1 cs=1]
                RenderBlock {P} at (7,0) size 85x17
                  RenderText {#text} at (40,0) size 5x17
                    text run at (40,0) width 5: " "
                  RenderInline {SPAN} at (0,0) size 1x17
                    RenderInline {O:P} at (0,0) size 1x17
              RenderTableCell {TD} at (367,1071) size 106x17 [r=20 c=3 rs=1 cs=1]
                RenderBlock {P} at (7,0) size 92x17
                  RenderText {#text} at (44,0) size 4x17
                    text run at (44,0) width 4: " "
                  RenderInline {SPAN} at (0,0) size 0x17
                    RenderInline {O:P} at (0,0) size 0x17
            RenderTableRow {TR} at (0,1088) size 473x85
              RenderTableCell {TD} at (0,1088) size 98x17 [r=21 c=0 rs=1 cs=1]
                RenderBlock {P} at (7,0) size 84x17
                  RenderText {#text} at (35,0) size 14x17
                    text run at (35,0) width 14: "22"
                  RenderInline {SPAN} at (0,0) size 0x17
                    RenderInline {O:P} at (0,0) size 0x17
              RenderTableCell {TD} at (98,1088) size 170x85 [r=21 c=1 rs=1 cs=1]
                RenderBlock {P} at (7,0) size 156x17
                  RenderText {#text} at (0,0) size 71x17
                    text run at (0,0) width 71: "Dave Neves"
                  RenderInline {SPAN} at (0,0) size 0x17
                    RenderInline {O:P} at (0,0) size 0x17
                RenderBlock {P} at (7,17) size 156x17
                  RenderText {#text} at (0,0) size 98x17
                    text run at (0,0) width 98: "Grant Sanderson"
                  RenderInline {SPAN} at (0,0) size 0x17
                    RenderInline {O:P} at (0,0) size 0x17
                RenderBlock {P} at (7,34) size 156x17
                  RenderText {#text} at (0,0) size 88x17
                    text run at (0,0) width 88: "Maurice Burton"
                RenderBlock {P} at (7,51) size 156x17
                  RenderText {#text} at (0,0) size 123x17
                    text run at (0,0) width 123: "Mike Gilmartin ?????"
                RenderBlock {P} at (7,68) size 156x17
                  RenderText {#text} at (0,0) size 70x17
                    text run at (0,0) width 70: "Chris Walsh"
                  RenderInline {SPAN} at (0,0) size 0x17
                    RenderInline {O:P} at (0,0) size 0x17
              RenderTableCell {TD} at (268,1088) size 99x85 [r=21 c=2 rs=1 cs=1]
                RenderBlock {P} at (7,0) size 85x17
                  RenderText {#text} at (31,0) size 23x17
                    text run at (31,0) width 23: "Yes"
                  RenderInline {SPAN} at (0,0) size 0x17
                    RenderInline {O:P} at (0,0) size 0x17
                RenderBlock {P} at (7,17) size 85x17
                  RenderText {#text} at (31,0) size 23x17
                    text run at (31,0) width 23: "Yes"
                  RenderInline {SPAN} at (0,0) size 0x17
                    RenderInline {O:P} at (0,0) size 0x17
                RenderBlock {P} at (7,34) size 85x17
                  RenderText {#text} at (31,0) size 23x17
                    text run at (31,0) width 23: "Yes"
                RenderBlock {P} at (7,51) size 85x17
                  RenderText {#text} at (31,0) size 23x17
                    text run at (31,0) width 23: "Yes"
                RenderBlock {P} at (7,68) size 85x17
                  RenderText {#text} at (31,0) size 23x17
                    text run at (31,0) width 23: "Yes"
                  RenderInline {SPAN} at (0,0) size 0x17
                    RenderInline {O:P} at (0,0) size 0x17
              RenderTableCell {TD} at (367,1088) size 106x85 [r=21 c=3 rs=1 cs=1]
                RenderBlock {P} at (7,0) size 92x17
                  RenderText {#text} at (34,0) size 24x17
                    text run at (34,0) width 24: "Yes"
                  RenderInline {SPAN} at (0,0) size 1x17
                    RenderInline {O:P} at (0,0) size 1x17
                RenderBlock {P} at (7,17) size 92x17
                  RenderText {#text} at (38,0) size 16x17
                    text run at (38,0) width 16: "No"
                  RenderInline {SPAN} at (0,0) size 0x17
                    RenderInline {O:P} at (0,0) size 0x17
                RenderBlock {P} at (7,34) size 92x17
                  RenderText {#text} at (38,0) size 16x17
                    text run at (38,0) width 16: "No"
                RenderBlock {P} at (7,51) size 92x17
                  RenderText {#text} at (34,0) size 24x17
                    text run at (34,0) width 24: "Yes"
                RenderBlock {P} at (7,68) size 92x17
                  RenderText {#text} at (38,0) size 16x17
                    text run at (38,0) width 16: "No"
                  RenderInline {SPAN} at (0,0) size 0x17
                    RenderInline {O:P} at (0,0) size 0x17
            RenderTableRow {TR} at (0,1173) size 473x85
              RenderTableCell {TD} at (0,1173) size 98x17 [r=22 c=0 rs=1 cs=1]
                RenderBlock {P} at (7,0) size 84x17
                  RenderText {#text} at (35,0) size 14x17
                    text run at (35,0) width 14: "23"
                  RenderInline {SPAN} at (0,0) size 0x17
                    RenderInline {O:P} at (0,0) size 0x17
              RenderTableCell {TD} at (98,1173) size 170x85 [r=22 c=1 rs=1 cs=1]
                RenderBlock {P} at (7,0) size 156x17
                  RenderText {#text} at (0,0) size 71x17
                    text run at (0,0) width 71: "Dave Neves"
                  RenderInline {SPAN} at (0,0) size 0x17
                    RenderInline {O:P} at (0,0) size 0x17
                RenderBlock {P} at (7,17) size 156x17
                  RenderText {#text} at (0,0) size 88x17
                    text run at (0,0) width 88: "Maurice Burton"
                RenderBlock {P} at (7,34) size 156x17
                  RenderText {#text} at (0,0) size 65x17
                    text run at (0,0) width 65: "Oliver Baer"
                RenderBlock {P} at (7,51) size 156x17
                  RenderText {#text} at (0,0) size 61x17
                    text run at (0,0) width 61: "John Todd"
                RenderBlock {P} at (7,68) size 156x17
                  RenderText {#text} at (0,0) size 71x17
                    text run at (0,0) width 71: "Rich Saunef"
                  RenderInline {SPAN} at (0,0) size 0x17
                    RenderInline {O:P} at (0,0) size 0x17
              RenderTableCell {TD} at (268,1173) size 99x85 [r=22 c=2 rs=1 cs=1]
                RenderBlock {P} at (7,0) size 85x17
                  RenderText {#text} at (31,0) size 23x17
                    text run at (31,0) width 23: "Yes"
                  RenderInline {SPAN} at (0,0) size 0x17
                    RenderInline {O:P} at (0,0) size 0x17
                RenderBlock {P} at (7,17) size 85x17
                  RenderText {#text} at (31,0) size 23x17
                    text run at (31,0) width 23: "Yes"
                RenderBlock {P} at (7,34) size 85x17
                  RenderText {#text} at (31,0) size 23x17
                    text run at (31,0) width 23: "Yes"
                RenderBlock {P} at (7,51) size 85x17
                  RenderText {#text} at (40,0) size 5x17
                    text run at (40,0) width 5: " "
                RenderBlock {P} at (7,68) size 85x17
                  RenderText {#text} at (31,0) size 23x17
                    text run at (31,0) width 23: "Yes"
                  RenderInline {SPAN} at (0,0) size 0x17
                    RenderInline {O:P} at (0,0) size 0x17
              RenderTableCell {TD} at (367,1173) size 106x85 [r=22 c=3 rs=1 cs=1]
                RenderBlock {P} at (7,0) size 92x17
                  RenderText {#text} at (34,0) size 24x17
                    text run at (34,0) width 24: "Yes"
                  RenderInline {SPAN} at (0,0) size 1x17
                    RenderInline {O:P} at (0,0) size 1x17
                RenderBlock {P} at (7,17) size 92x17
                  RenderText {#text} at (38,0) size 16x17
                    text run at (38,0) width 16: "No"
                RenderBlock {P} at (7,34) size 92x17
                  RenderText {#text} at (38,0) size 16x17
                    text run at (38,0) width 16: "No"
                RenderBlock {P} at (7,51) size 92x17
                  RenderText {#text} at (44,0) size 4x17
                    text run at (44,0) width 4: " "
                RenderBlock {P} at (7,68) size 92x17
                  RenderText {#text} at (38,0) size 16x17
                    text run at (38,0) width 16: "No"
                  RenderInline {SPAN} at (0,0) size 0x17
                    RenderInline {O:P} at (0,0) size 0x17
            RenderTableRow {TR} at (0,1258) size 473x85
              RenderTableCell {TD} at (0,1258) size 98x17 [r=23 c=0 rs=1 cs=1]
                RenderBlock {P} at (7,0) size 84x17
                  RenderText {#text} at (35,0) size 14x17
                    text run at (35,0) width 14: "24"
                  RenderInline {SPAN} at (0,0) size 0x17
                    RenderInline {O:P} at (0,0) size 0x17
              RenderTableCell {TD} at (98,1258) size 170x85 [r=23 c=1 rs=1 cs=1]
                RenderBlock {P} at (7,0) size 156x17
                  RenderText {#text} at (0,0) size 72x17
                    text run at (0,0) width 72: " Dan Sievert"
                RenderBlock {P} at (7,17) size 156x17
                  RenderText {#text} at (0,0) size 66x17
                    text run at (0,0) width 66: "Jerry Davis"
                RenderBlock {P} at (7,34) size 156x17
                  RenderText {#text} at (0,0) size 69x17
                    text run at (0,0) width 69: "Scott Hersh"
                RenderBlock {P} at (7,51) size 156x17
                  RenderText {#text} at (0,0) size 52x17
                    text run at (0,0) width 52: "Rick Bell"
                RenderBlock {P} at (7,68) size 156x17
                  RenderText {#text} at (0,0) size 61x17
                    text run at (0,0) width 61: "Eric Shum"
                  RenderInline {SPAN} at (0,0) size 0x17
                    RenderInline {O:P} at (0,0) size 0x17
              RenderTableCell {TD} at (268,1258) size 99x85 [r=23 c=2 rs=1 cs=1]
                RenderBlock {P} at (7,0) size 85x17
                  RenderText {#text} at (29,0) size 27x17
                    text run at (29,0) width 27: " Yes"
                RenderBlock {P} at (7,17) size 85x17
                  RenderText {#text} at (31,0) size 23x17
                    text run at (31,0) width 23: "Yes"
                RenderBlock {P} at (7,34) size 85x17
                  RenderText {#text} at (31,0) size 23x17
                    text run at (31,0) width 23: "Yes"
                RenderBlock {P} at (7,51) size 85x17
                  RenderText {#text} at (31,0) size 23x17
                    text run at (31,0) width 23: "Yes"
                RenderBlock {P} at (7,68) size 85x17
                  RenderText {#text} at (31,0) size 23x17
                    text run at (31,0) width 23: "Yes"
                  RenderInline {SPAN} at (0,0) size 0x17
                    RenderInline {O:P} at (0,0) size 0x17
              RenderTableCell {TD} at (367,1258) size 106x85 [r=23 c=3 rs=1 cs=1]
                RenderBlock {P} at (7,0) size 92x17
                  RenderText {#text} at (36,0) size 20x17
                    text run at (36,0) width 20: " No"
                RenderBlock {P} at (7,17) size 92x17
                  RenderText {#text} at (38,0) size 16x17
                    text run at (38,0) width 16: "No"
                RenderBlock {P} at (7,34) size 92x17
                  RenderText {#text} at (38,0) size 16x17
                    text run at (38,0) width 16: "No"
                RenderBlock {P} at (7,51) size 92x17
                  RenderText {#text} at (38,0) size 16x17
                    text run at (38,0) width 16: "No"
                RenderBlock {P} at (7,68) size 92x17
                  RenderText {#text} at (38,0) size 16x17
                    text run at (38,0) width 16: "No"
                  RenderInline {SPAN} at (0,0) size 0x17
                    RenderInline {O:P} at (0,0) size 0x17
            RenderTableRow {TR} at (0,1343) size 473x34
              RenderTableCell {TD} at (0,1343) size 98x17 [r=24 c=0 rs=1 cs=1]
                RenderBlock {P} at (7,0) size 84x17
                  RenderText {#text} at (35,0) size 14x17
                    text run at (35,0) width 14: "25"
                  RenderInline {SPAN} at (0,0) size 0x17
                    RenderInline {O:P} at (0,0) size 0x17
              RenderTableCell {TD} at (98,1343) size 170x34 [r=24 c=1 rs=1 cs=1]
                RenderBlock {P} at (7,0) size 156x17
                  RenderText {#text} at (0,0) size 80x17
                    text run at (0,0) width 80: "James Davey"
                RenderBlock {P} at (7,17) size 156x17
                  RenderText {#text} at (0,0) size 98x17
                    text run at (0,0) width 98: "Ruenjoe (Joe) Lu"
                  RenderInline {SPAN} at (0,0) size 0x17
                    RenderInline {O:P} at (0,0) size 0x17
              RenderTableCell {TD} at (268,1343) size 99x17 [r=24 c=2 rs=1 cs=1]
                RenderBlock {P} at (7,0) size 85x17
                  RenderText {#text} at (31,0) size 23x17
                    text run at (31,0) width 23: "Yes"
                  RenderInline {SPAN} at (0,0) size 0x17
                    RenderInline {O:P} at (0,0) size 0x17
              RenderTableCell {TD} at (367,1343) size 106x17 [r=24 c=3 rs=1 cs=1]
                RenderBlock {P} at (7,0) size 92x17
                  RenderText {#text} at (34,0) size 24x17
                    text run at (34,0) width 24: "Yes"
                  RenderInline {SPAN} at (0,0) size 1x17
                    RenderInline {O:P} at (0,0) size 1x17
            RenderTableRow {TR} at (0,1377) size 473x170
              RenderTableCell {TD} at (0,1377) size 98x17 [r=25 c=0 rs=1 cs=1]
                RenderBlock {P} at (7,0) size 84x17
                  RenderText {#text} at (35,0) size 14x17
                    text run at (35,0) width 14: "26"
                  RenderInline {SPAN} at (0,0) size 0x17
                    RenderInline {O:P} at (0,0) size 0x17
              RenderTableCell {TD} at (98,1377) size 170x170 [r=25 c=1 rs=1 cs=1]
                RenderBlock {P} at (7,0) size 156x17
                  RenderText {#text} at (0,0) size 88x17
                    text run at (0,0) width 88: "Alan Littlewood"
                  RenderInline {SPAN} at (0,0) size 0x17
                    RenderInline {O:P} at (0,0) size 0x17
                RenderBlock {P} at (7,17) size 156x17
                  RenderText {#text} at (0,0) size 76x17
                    text run at (0,0) width 76: "Darren Braun"
                  RenderInline {SPAN} at (0,0) size 0x17
                    RenderInline {O:P} at (0,0) size 0x17
                RenderBlock {P} at (7,34) size 156x17
                  RenderText {#text} at (0,0) size 67x17
                    text run at (0,0) width 67: "Simon Tam"
                RenderBlock {P} at (7,51) size 156x17
                  RenderText {#text} at (0,0) size 81x17
                    text run at (0,0) width 81: "Chuck Pringle"
                RenderBlock {P} at (7,68) size 156x17
                  RenderText {#text} at (0,0) size 98x17
                    text run at (0,0) width 98: "Gary Pendergras"
                RenderBlock {P} at (7,85) size 156x17
                  RenderText {#text} at (0,0) size 88x17
                    text run at (0,0) width 88: "Peter Mazanec"
                RenderBlock {P} at (7,102) size 156x17
                  RenderText {#text} at (0,0) size 86x17
                    text run at (0,0) width 86: "Harry Imamura"
                RenderBlock {P} at (7,119) size 156x17
                  RenderText {#text} at (0,0) size 62x17
                    text run at (0,0) width 62: "Joe Araujo"
                RenderBlock {P} at (7,136) size 156x17
                  RenderText {#text} at (0,0) size 81x17
                    text run at (0,0) width 81: "Gary Williams"
                RenderBlock {P} at (7,153) size 156x17
                  RenderText {#text} at (0,0) size 95x17
                    text run at (0,0) width 95: "Jack Goodfriend"
                  RenderInline {SPAN} at (0,0) size 0x17
                    RenderInline {O:P} at (0,0) size 0x17
              RenderTableCell {TD} at (268,1377) size 99x119 [r=25 c=2 rs=1 cs=1]
                RenderBlock {P} at (7,0) size 85x17
                  RenderText {#text} at (31,0) size 23x17
                    text run at (31,0) width 23: "Yes"
                  RenderInline {SPAN} at (0,0) size 0x17
                    RenderInline {O:P} at (0,0) size 0x17
                RenderBlock {P} at (7,17) size 85x17
                  RenderText {#text} at (31,0) size 23x17
                    text run at (31,0) width 23: "Yes"
                  RenderInline {SPAN} at (0,0) size 0x17
                    RenderInline {O:P} at (0,0) size 0x17
                RenderBlock {P} at (7,34) size 85x17
                  RenderText {#text} at (31,0) size 23x17
                    text run at (31,0) width 23: "Yes"
                RenderBlock {P} at (7,51) size 85x17
                  RenderText {#text} at (31,0) size 23x17
                    text run at (31,0) width 23: "Yes"
                RenderBlock {P} at (7,68) size 85x17
                  RenderText {#text} at (31,0) size 23x17
                    text run at (31,0) width 23: "Yes"
                RenderBlock {P} at (7,85) size 85x17
                  RenderText {#text} at (31,0) size 23x17
                    text run at (31,0) width 23: "Yes"
                RenderBlock {P} at (7,102) size 85x17
                  RenderText {#text} at (34,0) size 17x17
                    text run at (34,0) width 17: "No"
                  RenderInline {SPAN} at (0,0) size 1x17
                    RenderInline {O:P} at (0,0) size 1x17
              RenderTableCell {TD} at (367,1377) size 106x119 [r=25 c=3 rs=1 cs=1]
                RenderBlock {P} at (7,0) size 92x17
                  RenderText {#text} at (38,0) size 16x17
                    text run at (38,0) width 16: "No"
                  RenderInline {SPAN} at (0,0) size 0x17
                    RenderInline {O:P} at (0,0) size 0x17
                RenderBlock {P} at (7,17) size 92x17
                  RenderText {#text} at (38,0) size 16x17
                    text run at (38,0) width 16: "No"
                  RenderInline {SPAN} at (0,0) size 0x17
                    RenderInline {O:P} at (0,0) size 0x17
                RenderBlock {P} at (7,34) size 92x17
                  RenderText {#text} at (38,0) size 16x17
                    text run at (38,0) width 16: "No"
                RenderBlock {P} at (7,51) size 92x17
                  RenderText {#text} at (38,0) size 16x17
                    text run at (38,0) width 16: "No"
                RenderBlock {P} at (7,68) size 92x17
                  RenderText {#text} at (38,0) size 16x17
                    text run at (38,0) width 16: "No"
                RenderBlock {P} at (7,85) size 92x17
                  RenderText {#text} at (38,0) size 16x17
                    text run at (38,0) width 16: "No"
                RenderBlock {P} at (7,102) size 92x17
                  RenderText {#text} at (34,0) size 24x17
                    text run at (34,0) width 24: "Yes"
                  RenderInline {SPAN} at (0,0) size 1x17
                    RenderInline {O:P} at (0,0) size 1x17
            RenderTableRow {TR} at (0,1547) size 473x102
              RenderTableCell {TD} at (0,1547) size 98x17 [r=26 c=0 rs=1 cs=1]
                RenderBlock {P} at (7,0) size 84x17
                  RenderText {#text} at (35,0) size 14x17
                    text run at (35,0) width 14: "27"
                  RenderInline {SPAN} at (0,0) size 0x17
                    RenderInline {O:P} at (0,0) size 0x17
              RenderTableCell {TD} at (98,1547) size 170x102 [r=26 c=1 rs=1 cs=1]
                RenderBlock {P} at (7,0) size 156x17
                  RenderText {#text} at (0,0) size 76x17
                    text run at (0,0) width 76: "Darren Braun"
                  RenderInline {SPAN} at (0,0) size 0x17
                    RenderInline {O:P} at (0,0) size 0x17
                RenderBlock {P} at (7,17) size 156x17
                  RenderText {#text} at (0,0) size 100x17
                    text run at (0,0) width 100: "Ian + Brad Carter"
                  RenderInline {SPAN} at (0,0) size 0x17
                    RenderInline {O:P} at (0,0) size 0x17
                RenderBlock {P} at (7,34) size 156x17
                  RenderText {#text} at (0,0) size 83x17
                    text run at (0,0) width 83: "Pete Peterson"
                RenderBlock {P} at (7,51) size 156x17
                  RenderText {#text} at (0,0) size 88x17
                    text run at (0,0) width 88: "John Chamorro"
                RenderBlock {P} at (7,68) size 156x17
                  RenderText {#text} at (0,0) size 70x17
                    text run at (0,0) width 70: "Ali Erdengiz"
                RenderBlock {P} at (7,85) size 156x17
                  RenderText {#text} at (0,0) size 63x17
                    text run at (0,0) width 63: "Saibal Sen"
                  RenderInline {SPAN} at (0,0) size 0x17
                    RenderInline {O:P} at (0,0) size 0x17
              RenderTableCell {TD} at (268,1547) size 99x102 [r=26 c=2 rs=1 cs=1]
                RenderBlock {P} at (7,0) size 85x17
                  RenderText {#text} at (31,0) size 23x17
                    text run at (31,0) width 23: "Yes"
                  RenderInline {SPAN} at (0,0) size 0x17
                    RenderInline {O:P} at (0,0) size 0x17
                RenderBlock {P} at (7,17) size 85x17
                  RenderText {#text} at (31,0) size 23x17
                    text run at (31,0) width 23: "Yes"
                  RenderInline {SPAN} at (0,0) size 0x17
                    RenderInline {O:P} at (0,0) size 0x17
                RenderBlock {P} at (7,34) size 85x17
                  RenderText {#text} at (31,0) size 23x17
                    text run at (31,0) width 23: "Yes"
                RenderBlock {P} at (7,51) size 85x17
                  RenderText {#text} at (40,0) size 5x17
                    text run at (40,0) width 5: " "
                RenderBlock {P} at (7,68) size 85x17
                  RenderText {#text} at (40,0) size 5x17
                    text run at (40,0) width 5: " "
                RenderBlock {P} at (7,85) size 85x17
                  RenderText {#text} at (31,0) size 23x17
                    text run at (31,0) width 23: "Yes"
                  RenderInline {SPAN} at (0,0) size 0x17
                    RenderInline {O:P} at (0,0) size 0x17
              RenderTableCell {TD} at (367,1547) size 106x102 [r=26 c=3 rs=1 cs=1]
                RenderBlock {P} at (7,0) size 92x17
                  RenderText {#text} at (38,0) size 16x17
                    text run at (38,0) width 16: "No"
                  RenderInline {SPAN} at (0,0) size 0x17
                    RenderInline {O:P} at (0,0) size 0x17
                RenderBlock {P} at (7,17) size 92x17
                  RenderText {#text} at (38,0) size 16x17
                    text run at (38,0) width 16: "No"
                  RenderInline {SPAN} at (0,0) size 0x17
                    RenderInline {O:P} at (0,0) size 0x17
                RenderBlock {P} at (7,34) size 92x17
                  RenderText {#text} at (38,0) size 16x17
                    text run at (38,0) width 16: "No"
                RenderBlock {P} at (7,51) size 92x17
                  RenderText {#text} at (44,0) size 4x17
                    text run at (44,0) width 4: " "
                RenderBlock {P} at (7,68) size 92x17
                  RenderText {#text} at (44,0) size 4x17
                    text run at (44,0) width 4: " "
                RenderBlock {P} at (7,85) size 92x17
                  RenderText {#text} at (38,0) size 16x17
                    text run at (38,0) width 16: "No"
                  RenderInline {SPAN} at (0,0) size 0x17
                    RenderInline {O:P} at (0,0) size 0x17
            RenderTableRow {TR} at (0,1649) size 473x153
              RenderTableCell {TD} at (0,1649) size 98x17 [r=27 c=0 rs=1 cs=1]
                RenderBlock {P} at (7,0) size 84x17
                  RenderText {#text} at (35,0) size 14x17
                    text run at (35,0) width 14: "28"
                  RenderInline {SPAN} at (0,0) size 0x17
                    RenderInline {O:P} at (0,0) size 0x17
              RenderTableCell {TD} at (98,1649) size 170x153 [r=27 c=1 rs=1 cs=1]
                RenderBlock {P} at (7,0) size 156x17
                  RenderText {#text} at (0,0) size 100x17
                    text run at (0,0) width 100: "Zak + Mike West"
                  RenderInline {SPAN} at (0,0) size 0x17
                    RenderInline {O:P} at (0,0) size 0x17
                RenderBlock {P} at (7,17) size 156x17
                  RenderText {#text} at (0,0) size 71x17
                    text run at (0,0) width 71: "Dave Neves"
                  RenderInline {SPAN} at (0,0) size 0x17
                    RenderInline {O:P} at (0,0) size 0x17
                RenderBlock {P} at (7,34) size 156x17
                  RenderText {#text} at (0,0) size 83x17
                    text run at (0,0) width 83: "Richard Green"
                  RenderInline {SPAN} at (0,0) size 0x17
                    RenderInline {O:P} at (0,0) size 0x17
                RenderBlock {P} at (7,51) size 156x17
                  RenderText {#text} at (0,0) size 75x17
                    text run at (0,0) width 75: "Javier Flores"
                RenderBlock {P} at (7,68) size 156x17
                  RenderText {#text} at (0,0) size 89x17
                    text run at (0,0) width 89: "Gerald Cardinal"
                RenderBlock {P} at (7,85) size 156x17
                  RenderText {#text} at (0,0) size 68x17
                    text run at (0,0) width 68: "Dan Sievert"
                RenderBlock {P} at (7,102) size 156x17
                  RenderText {#text} at (0,0) size 70x17
                    text run at (0,0) width 70: "Ali Erdengiz"
                RenderBlock {P} at (7,119) size 156x17
                  RenderText {#text} at (0,0) size 67x17
                    text run at (0,0) width 67: "Paul Walter"
                RenderBlock {P} at (7,136) size 156x17
                  RenderText {#text} at (0,0) size 66x17
                    text run at (0,0) width 66: "Jerry Davis"
                  RenderInline {SPAN} at (0,0) size 0x17
                    RenderInline {O:P} at (0,0) size 0x17
              RenderTableCell {TD} at (268,1649) size 99x153 [r=27 c=2 rs=1 cs=1]
                RenderBlock {P} at (7,0) size 85x17
                  RenderText {#text} at (31,0) size 23x17
                    text run at (31,0) width 23: "Yes"
                  RenderInline {SPAN} at (0,0) size 0x17
                    RenderInline {O:P} at (0,0) size 0x17
                RenderBlock {P} at (7,17) size 85x17
                  RenderText {#text} at (31,0) size 23x17
                    text run at (31,0) width 23: "Yes"
                  RenderInline {SPAN} at (0,0) size 0x17
                    RenderInline {O:P} at (0,0) size 0x17
                RenderBlock {P} at (7,34) size 85x17
                  RenderText {#text} at (31,0) size 23x17
                    text run at (31,0) width 23: "Yes"
                  RenderInline {SPAN} at (0,0) size 0x17
                    RenderInline {O:P} at (0,0) size 0x17
                RenderBlock {P} at (7,51) size 85x17
                  RenderText {#text} at (31,0) size 23x17
                    text run at (31,0) width 23: "Yes"
                RenderBlock {P} at (7,68) size 85x17
                  RenderText {#text} at (40,0) size 5x17
                    text run at (40,0) width 5: " "
                RenderBlock {P} at (7,85) size 85x17
                  RenderText {#text} at (31,0) size 23x17
                    text run at (31,0) width 23: "Yes"
                RenderBlock {P} at (7,102) size 85x17
                  RenderText {#text} at (40,0) size 5x17
                    text run at (40,0) width 5: " "
                RenderBlock {P} at (7,119) size 85x17
                  RenderText {#text} at (40,0) size 5x17
                    text run at (40,0) width 5: " "
                RenderBlock {P} at (7,136) size 85x17
                  RenderText {#text} at (31,0) size 23x17
                    text run at (31,0) width 23: "Yes"
                  RenderInline {SPAN} at (0,0) size 0x17
                    RenderInline {O:P} at (0,0) size 0x17
              RenderTableCell {TD} at (367,1649) size 106x153 [r=27 c=3 rs=1 cs=1]
                RenderBlock {P} at (7,0) size 92x17
                  RenderText {#text} at (34,0) size 24x17
                    text run at (34,0) width 24: "Yes"
                  RenderInline {SPAN} at (0,0) size 1x17
                    RenderInline {O:P} at (0,0) size 1x17
                RenderBlock {P} at (7,17) size 92x17
                  RenderText {#text} at (34,0) size 24x17
                    text run at (34,0) width 24: "Yes"
                  RenderInline {SPAN} at (0,0) size 1x17
                    RenderInline {O:P} at (0,0) size 1x17
                RenderBlock {P} at (7,34) size 92x17
                  RenderText {#text} at (38,0) size 16x17
                    text run at (38,0) width 16: "No"
                  RenderInline {SPAN} at (0,0) size 0x17
                    RenderInline {O:P} at (0,0) size 0x17
                RenderBlock {P} at (7,51) size 92x17
                  RenderText {#text} at (38,0) size 16x17
                    text run at (38,0) width 16: "No"
                RenderBlock {P} at (7,68) size 92x17
                  RenderText {#text} at (44,0) size 4x17
                    text run at (44,0) width 4: " "
                RenderBlock {P} at (7,85) size 92x17
                  RenderText {#text} at (38,0) size 16x17
                    text run at (38,0) width 16: "No"
                RenderBlock {P} at (7,102) size 92x17
                  RenderText {#text} at (44,0) size 4x17
                    text run at (44,0) width 4: " "
                RenderBlock {P} at (7,119) size 92x17
                  RenderText {#text} at (44,0) size 4x17
                    text run at (44,0) width 4: " "
                RenderBlock {P} at (7,136) size 92x17
                  RenderText {#text} at (38,0) size 16x17
                    text run at (38,0) width 16: "No"
                  RenderInline {SPAN} at (0,0) size 0x17
                    RenderInline {O:P} at (0,0) size 0x17
            RenderTableRow {TR} at (0,1802) size 473x51
              RenderTableCell {TD} at (0,1802) size 98x17 [r=28 c=0 rs=1 cs=1]
                RenderBlock {P} at (7,0) size 84x17
                  RenderText {#text} at (35,0) size 14x17
                    text run at (35,0) width 14: "29"
                  RenderInline {SPAN} at (0,0) size 0x17
                    RenderInline {O:P} at (0,0) size 0x17
              RenderTableCell {TD} at (98,1802) size 170x51 [r=28 c=1 rs=1 cs=1]
                RenderBlock {P} at (7,0) size 156x17
                  RenderText {#text} at (0,0) size 75x17
                    text run at (0,0) width 75: "Javier Flores"
                  RenderInline {SPAN} at (0,0) size 0x17
                    RenderInline {O:P} at (0,0) size 0x17
                RenderBlock {P} at (7,17) size 156x17
                  RenderText {#text} at (0,0) size 71x17
                    text run at (0,0) width 71: "Bill Johnson"
                RenderBlock {P} at (7,34) size 156x17
                  RenderText {#text} at (0,0) size 61x17
                    text run at (0,0) width 61: "John Todd"
                  RenderInline {SPAN} at (0,0) size 0x17
                    RenderInline {O:P} at (0,0) size 0x17
              RenderTableCell {TD} at (268,1802) size 99x34 [r=28 c=2 rs=1 cs=1]
                RenderBlock {P} at (7,0) size 85x17
                  RenderText {#text} at (31,0) size 23x17
                    text run at (31,0) width 23: "Yes"
                  RenderInline {SPAN} at (0,0) size 0x17
                    RenderInline {O:P} at (0,0) size 0x17
                RenderBlock {P} at (7,17) size 85x17
                  RenderText {#text} at (31,0) size 23x17
                    text run at (31,0) width 23: "Yes"
                  RenderInline {SPAN} at (0,0) size 0x17
                    RenderInline {O:P} at (0,0) size 0x17
              RenderTableCell {TD} at (367,1802) size 106x34 [r=28 c=3 rs=1 cs=1]
                RenderBlock {P} at (7,0) size 92x17
                  RenderText {#text} at (38,0) size 16x17
                    text run at (38,0) width 16: "No"
                  RenderInline {SPAN} at (0,0) size 0x17
                    RenderInline {O:P} at (0,0) size 0x17
                RenderBlock {P} at (7,17) size 92x17
                  RenderText {#text} at (38,0) size 16x17
                    text run at (38,0) width 16: "No"
                  RenderInline {SPAN} at (0,0) size 0x17
                    RenderInline {O:P} at (0,0) size 0x17
            RenderTableRow {TR} at (0,1853) size 473x119
              RenderTableCell {TD} at (0,1853) size 98x17 [r=29 c=0 rs=1 cs=1]
                RenderBlock {P} at (7,0) size 84x17
                  RenderText {#text} at (35,0) size 14x17
                    text run at (35,0) width 14: "30"
                  RenderInline {SPAN} at (0,0) size 0x17
                    RenderInline {O:P} at (0,0) size 0x17
              RenderTableCell {TD} at (98,1853) size 170x119 [r=29 c=1 rs=1 cs=1]
                RenderBlock {P} at (7,0) size 156x17
                  RenderText {#text} at (0,0) size 88x17
                    text run at (0,0) width 88: "Alan Littlewood"
                  RenderInline {SPAN} at (0,0) size 0x17
                    RenderInline {O:P} at (0,0) size 0x17
                RenderBlock {P} at (7,17) size 156x17
                  RenderText {#text} at (0,0) size 89x17
                    text run at (0,0) width 89: "George Coward"
                  RenderInline {SPAN} at (0,0) size 0x17
                    RenderInline {O:P} at (0,0) size 0x17
                RenderBlock {P} at (7,34) size 156x17
                  RenderText {#text} at (0,0) size 88x17
                    text run at (0,0) width 88: "Maurice Burton"
                RenderBlock {P} at (7,51) size 156x17
                  RenderText {#text} at (0,0) size 68x17
                    text run at (0,0) width 68: "Dan Sievert"
                RenderBlock {P} at (7,68) size 156x17
                  RenderText {#text} at (0,0) size 116x17
                    text run at (0,0) width 116: "Michael DeGiovanni"
                RenderBlock {P} at (7,85) size 156x17
                  RenderText {#text} at (0,0) size 95x17
                    text run at (0,0) width 95: "Jack Goodfriend"
                RenderBlock {P} at (7,102) size 156x17
                  RenderText {#text} at (0,0) size 99x17
                    text run at (0,0) width 99: "Richard Sanchez"
                  RenderInline {SPAN} at (0,0) size 0x17
                    RenderInline {O:P} at (0,0) size 0x17
              RenderTableCell {TD} at (268,1853) size 99x119 [r=29 c=2 rs=1 cs=1]
                RenderBlock {P} at (7,0) size 85x17
                  RenderText {#text} at (31,0) size 23x17
                    text run at (31,0) width 23: "Yes"
                  RenderInline {SPAN} at (0,0) size 0x17
                    RenderInline {O:P} at (0,0) size 0x17
                RenderBlock {P} at (7,17) size 85x17
                  RenderText {#text} at (31,0) size 23x17
                    text run at (31,0) width 23: "Yes"
                  RenderInline {SPAN} at (0,0) size 0x17
                    RenderInline {O:P} at (0,0) size 0x17
                RenderBlock {P} at (7,34) size 85x17
                  RenderText {#text} at (31,0) size 23x17
                    text run at (31,0) width 23: "Yes"
                RenderBlock {P} at (7,51) size 85x17
                  RenderText {#text} at (31,0) size 23x17
                    text run at (31,0) width 23: "Yes"
                RenderBlock {P} at (7,68) size 85x17
                  RenderText {#text} at (40,0) size 5x17
                    text run at (40,0) width 5: " "
                RenderBlock {P} at (7,85) size 85x17
                  RenderText {#text} at (40,0) size 5x17
                    text run at (40,0) width 5: " "
                RenderBlock {P} at (7,102) size 85x17
                  RenderText {#text} at (34,0) size 17x17
                    text run at (34,0) width 17: "No"
                  RenderInline {SPAN} at (0,0) size 1x17
                    RenderInline {O:P} at (0,0) size 1x17
              RenderTableCell {TD} at (367,1853) size 106x119 [r=29 c=3 rs=1 cs=1]
                RenderBlock {P} at (7,0) size 92x17
                  RenderText {#text} at (38,0) size 16x17
                    text run at (38,0) width 16: "No"
                  RenderInline {SPAN} at (0,0) size 0x17
                    RenderInline {O:P} at (0,0) size 0x17
                RenderBlock {P} at (7,17) size 92x17
                  RenderText {#text} at (38,0) size 16x17
                    text run at (38,0) width 16: "No"
                  RenderInline {SPAN} at (0,0) size 0x17
                    RenderInline {O:P} at (0,0) size 0x17
                RenderBlock {P} at (7,34) size 92x17
                  RenderText {#text} at (38,0) size 16x17
                    text run at (38,0) width 16: "No"
                RenderBlock {P} at (7,51) size 92x17
                  RenderText {#text} at (38,0) size 16x17
                    text run at (38,0) width 16: "No"
                RenderBlock {P} at (7,68) size 92x17
                  RenderText {#text} at (44,0) size 4x17
                    text run at (44,0) width 4: " "
                RenderBlock {P} at (7,85) size 92x17
                  RenderText {#text} at (44,0) size 4x17
                    text run at (44,0) width 4: " "
                RenderBlock {P} at (7,102) size 92x17
                  RenderText {#text} at (34,0) size 24x17
                    text run at (34,0) width 24: "Yes"
                  RenderInline {SPAN} at (0,0) size 1x17
                    RenderInline {O:P} at (0,0) size 1x17
            RenderTableRow {TR} at (0,1972) size 473x51
              RenderTableCell {TD} at (0,1972) size 98x17 [r=30 c=0 rs=1 cs=1]
                RenderBlock {P} at (7,0) size 84x17
                  RenderText {#text} at (35,0) size 14x17
                    text run at (35,0) width 14: "31"
                  RenderInline {SPAN} at (0,0) size 0x17
                    RenderInline {O:P} at (0,0) size 0x17
              RenderTableCell {TD} at (98,1972) size 170x51 [r=30 c=1 rs=1 cs=1]
                RenderBlock {P} at (7,0) size 156x17
                  RenderText {#text} at (0,0) size 71x17
                    text run at (0,0) width 71: "Dave Neves"
                RenderBlock {P} at (7,17) size 156x17
                  RenderText {#text} at (0,0) size 90x17
                    text run at (0,0) width 90: "James Haladus"
                RenderBlock {P} at (7,34) size 156x17
                  RenderText {#text} at (0,0) size 67x17
                    text run at (0,0) width 67: "Randy Reid"
                  RenderInline {SPAN} at (0,0) size 0x17
                    RenderInline {O:P} at (0,0) size 0x17
              RenderTableCell {TD} at (268,1972) size 99x34 [r=30 c=2 rs=1 cs=1]
                RenderBlock {P} at (7,0) size 85x17
                  RenderText {#text} at (31,0) size 23x17
                    text run at (31,0) width 23: "Yes"
                RenderBlock {P} at (7,17) size 85x17
                  RenderText {#text} at (31,0) size 23x17
                    text run at (31,0) width 23: "Yes"
                  RenderInline {SPAN} at (0,0) size 0x17
                    RenderInline {O:P} at (0,0) size 0x17
              RenderTableCell {TD} at (367,1972) size 106x34 [r=30 c=3 rs=1 cs=1]
                RenderBlock {P} at (7,0) size 92x17
                  RenderText {#text} at (34,0) size 24x17
                    text run at (34,0) width 24: "Yes"
                RenderBlock {P} at (7,17) size 92x17
                  RenderText {#text} at (38,0) size 16x17
                    text run at (38,0) width 16: "No"
                  RenderInline {SPAN} at (0,0) size 0x17
                    RenderInline {O:P} at (0,0) size 0x17
            RenderTableRow {TR} at (0,2023) size 473x68
              RenderTableCell {TD} at (0,2023) size 98x17 [r=31 c=0 rs=1 cs=1]
                RenderBlock {P} at (7,0) size 84x17
                  RenderText {#text} at (35,0) size 14x17
                    text run at (35,0) width 14: "32"
                  RenderInline {SPAN} at (0,0) size 0x17
                    RenderInline {O:P} at (0,0) size 0x17
              RenderTableCell {TD} at (98,2023) size 170x68 [r=31 c=1 rs=1 cs=1]
                RenderBlock {P} at (7,0) size 156x17
                  RenderText {#text} at (0,0) size 69x17
                    text run at (0,0) width 69: " Oliver Baer"
                RenderBlock {P} at (7,17) size 156x17
                  RenderText {#text} at (0,0) size 72x17
                    text run at (0,0) width 72: "Dale Barnett"
                RenderBlock {P} at (7,34) size 156x17
                  RenderText {#text} at (0,0) size 61x17
                    text run at (0,0) width 61: "John Todd"
                RenderBlock {P} at (7,51) size 156x17
                  RenderText {#text} at (0,0) size 91x17
                    text run at (0,0) width 91: "Dominic Bayani"
                  RenderInline {SPAN} at (0,0) size 0x17
                    RenderInline {O:P} at (0,0) size 0x17
              RenderTableCell {TD} at (268,2023) size 99x34 [r=31 c=2 rs=1 cs=1]
                RenderBlock {P} at (7,0) size 85x17
                  RenderText {#text} at (29,0) size 27x17
                    text run at (29,0) width 27: " Yes"
                RenderBlock {P} at (7,17) size 85x17
                  RenderText {#text} at (31,0) size 23x17
                    text run at (31,0) width 23: "Yes"
                  RenderInline {SPAN} at (0,0) size 0x17
                    RenderInline {O:P} at (0,0) size 0x17
              RenderTableCell {TD} at (367,2023) size 106x34 [r=31 c=3 rs=1 cs=1]
                RenderBlock {P} at (7,0) size 92x17
                  RenderText {#text} at (36,0) size 20x17
                    text run at (36,0) width 20: " No"
                RenderBlock {P} at (7,17) size 92x17
                  RenderText {#text} at (38,0) size 16x17
                    text run at (38,0) width 16: "No"
                  RenderInline {SPAN} at (0,0) size 0x17
                    RenderInline {O:P} at (0,0) size 0x17
            RenderTableRow {TR} at (0,2091) size 473x153
              RenderTableCell {TD} at (0,2091) size 98x17 [r=32 c=0 rs=1 cs=1]
                RenderBlock {P} at (7,0) size 84x17
                  RenderText {#text} at (35,0) size 14x17
                    text run at (35,0) width 14: "33"
                  RenderInline {SPAN} at (0,0) size 0x17
                    RenderInline {O:P} at (0,0) size 0x17
              RenderTableCell {TD} at (98,2091) size 170x153 [r=32 c=1 rs=1 cs=1]
                RenderBlock {P} at (7,0) size 156x17
                  RenderText {#text} at (0,0) size 74x17
                    text run at (0,0) width 74: "Tom Wagner"
                  RenderInline {SPAN} at (0,0) size 0x17
                    RenderInline {O:P} at (0,0) size 0x17
                RenderBlock {P} at (7,17) size 156x17
                  RenderText {#text} at (0,0) size 80x17
                    text run at (0,0) width 80: "Gene Langley"
                RenderBlock {P} at (7,34) size 156x17
                  RenderText {#text} at (0,0) size 90x17
                    text run at (0,0) width 90: "James Haladus"
                RenderBlock {P} at (7,51) size 156x17
                  RenderText {#text} at (0,0) size 87x17
                    text run at (0,0) width 87: "Daniel Buckley"
                RenderBlock {P} at (7,68) size 156x17
                  RenderText {#text} at (0,0) size 73x17
                    text run at (0,0) width 73: "Chris Larsen"
                RenderBlock {P} at (7,85) size 156x17
                  RenderText {#text} at (0,0) size 76x17
                    text run at (0,0) width 76: "Mike Chansu"
                RenderBlock {P} at (7,102) size 156x17
                  RenderText {#text} at (0,0) size 79x17
                    text run at (0,0) width 79: "James Brown"
                RenderBlock {P} at (7,119) size 156x17
                  RenderText {#text} at (0,0) size 66x17
                    text run at (0,0) width 66: "Will Sievert"
                RenderBlock {P} at (7,136) size 156x17
                  RenderText {#text} at (0,0) size 71x17
                    text run at (0,0) width 71: "Terry Chong"
                  RenderInline {SPAN} at (0,0) size 0x17
                    RenderInline {O:P} at (0,0) size 0x17
              RenderTableCell {TD} at (268,2091) size 99x153 [r=32 c=2 rs=1 cs=1]
                RenderBlock {P} at (7,0) size 85x17
                  RenderText {#text} at (31,0) size 23x17
                    text run at (31,0) width 23: "Yes"
                  RenderInline {SPAN} at (0,0) size 0x17
                    RenderInline {O:P} at (0,0) size 0x17
                RenderBlock {P} at (7,17) size 85x17
                  RenderText {#text} at (31,0) size 23x17
                    text run at (31,0) width 23: "Yes"
                RenderBlock {P} at (7,34) size 85x17
                  RenderText {#text} at (31,0) size 23x17
                    text run at (31,0) width 23: "Yes"
                RenderBlock {P} at (7,51) size 85x17
                  RenderText {#text} at (31,0) size 23x17
                    text run at (31,0) width 23: "Yes"
                RenderBlock {P} at (7,68) size 85x17
                  RenderText {#text} at (40,0) size 5x17
                    text run at (40,0) width 5: " "
                RenderBlock {P} at (7,85) size 85x17
                  RenderText {#text} at (31,0) size 23x17
                    text run at (31,0) width 23: "Yes"
                RenderBlock {P} at (7,102) size 85x17
                  RenderText {#text} at (31,0) size 23x17
                    text run at (31,0) width 23: "Yes"
                RenderBlock {P} at (7,119) size 85x17
                  RenderText {#text} at (31,0) size 23x17
                    text run at (31,0) width 23: "Yes"
                RenderBlock {P} at (7,136) size 85x17
                  RenderText {#text} at (31,0) size 23x17
                    text run at (31,0) width 23: "Yes"
                  RenderInline {SPAN} at (0,0) size 0x17
                    RenderInline {O:P} at (0,0) size 0x17
              RenderTableCell {TD} at (367,2091) size 106x153 [r=32 c=3 rs=1 cs=1]
                RenderBlock {P} at (7,0) size 92x17
                  RenderText {#text} at (38,0) size 16x17
                    text run at (38,0) width 16: "No"
                  RenderInline {SPAN} at (0,0) size 0x17
                    RenderInline {O:P} at (0,0) size 0x17
                RenderBlock {P} at (7,17) size 92x17
                  RenderText {#text} at (4,0) size 84x17
                    text run at (4,0) width 84: "Gyro wannabe"
                RenderBlock {P} at (7,34) size 92x17
                  RenderText {#text} at (38,0) size 16x17
                    text run at (38,0) width 16: "No"
                RenderBlock {P} at (7,51) size 92x17
                  RenderText {#text} at (38,0) size 16x17
                    text run at (38,0) width 16: "No"
                RenderBlock {P} at (7,68) size 92x17
                  RenderText {#text} at (44,0) size 4x17
                    text run at (44,0) width 4: " "
                RenderBlock {P} at (7,85) size 92x17
                  RenderText {#text} at (38,0) size 16x17
                    text run at (38,0) width 16: "No"
                RenderBlock {P} at (7,102) size 92x17
                  RenderText {#text} at (38,0) size 16x17
                    text run at (38,0) width 16: "No"
                RenderBlock {P} at (7,119) size 92x17
                  RenderText {#text} at (38,0) size 16x17
                    text run at (38,0) width 16: "No"
                RenderBlock {P} at (7,136) size 92x17
                  RenderText {#text} at (38,0) size 16x17
                    text run at (38,0) width 16: "No"
                  RenderInline {SPAN} at (0,0) size 0x17
                    RenderInline {O:P} at (0,0) size 0x17
            RenderTableRow {TR} at (0,2244) size 473x136
              RenderTableCell {TD} at (0,2244) size 98x17 [r=33 c=0 rs=1 cs=1]
                RenderBlock {P} at (7,0) size 84x17
                  RenderText {#text} at (35,0) size 14x17
                    text run at (35,0) width 14: "34"
                  RenderInline {SPAN} at (0,0) size 0x17
                    RenderInline {O:P} at (0,0) size 0x17
              RenderTableCell {TD} at (98,2244) size 170x136 [r=33 c=1 rs=1 cs=1]
                RenderBlock {P} at (7,0) size 156x17
                  RenderText {#text} at (0,0) size 62x17
                    text run at (0,0) width 62: "Jay Ribera"
                RenderBlock {P} at (7,17) size 156x17
                  RenderText {#text} at (0,0) size 89x17
                    text run at (0,0) width 89: "Gerald Cardinal"
                RenderBlock {P} at (7,34) size 156x17
                  RenderText {#text} at (0,0) size 72x17
                    text run at (0,0) width 72: "Dale Barnett"
                RenderBlock {P} at (7,51) size 156x17
                  RenderText {#text} at (0,0) size 67x17
                    text run at (0,0) width 67: "Paul Walter"
                RenderBlock {P} at (7,68) size 156x17
                  RenderText {#text} at (0,0) size 91x17
                    text run at (0,0) width 91: "Dominic Bayani"
                RenderBlock {P} at (7,85) size 156x17
                  RenderText {#text} at (0,0) size 95x17
                    text run at (0,0) width 95: "Donald Carvalho"
                RenderBlock {P} at (7,102) size 156x17
                  RenderText {#text} at (0,0) size 84x17
                    text run at (0,0) width 84: "Jack Peterson"
                RenderBlock {P} at (7,119) size 156x17
                  RenderText {#text} at (0,0) size 69x17
                    text run at (0,0) width 69: "Scott Hersh"
                  RenderInline {SPAN} at (0,0) size 0x17
                    RenderInline {O:P} at (0,0) size 0x17
              RenderTableCell {TD} at (268,2244) size 99x136 [r=33 c=2 rs=1 cs=1]
                RenderBlock {P} at (7,0) size 85x17
                  RenderText {#text} at (31,0) size 23x17
                    text run at (31,0) width 23: "Yes"
                RenderBlock {P} at (7,17) size 85x17
                  RenderText {#text} at (40,0) size 5x17
                    text run at (40,0) width 5: " "
                RenderBlock {P} at (7,34) size 85x17
                  RenderText {#text} at (31,0) size 23x17
                    text run at (31,0) width 23: "Yes"
                RenderBlock {P} at (7,51) size 85x17
                  RenderText {#text} at (40,0) size 5x17
                    text run at (40,0) width 5: " "
                RenderBlock {P} at (7,68) size 85x17
                  RenderText {#text} at (40,0) size 5x17
                    text run at (40,0) width 5: " "
                RenderBlock {P} at (7,85) size 85x17
                  RenderText {#text} at (40,0) size 5x17
                    text run at (40,0) width 5: " "
                RenderBlock {P} at (7,102) size 85x17
                  RenderText {#text} at (40,0) size 5x17
                    text run at (40,0) width 5: " "
                RenderBlock {P} at (7,119) size 85x17
                  RenderText {#text} at (31,0) size 23x17
                    text run at (31,0) width 23: "Yes"
                  RenderInline {SPAN} at (0,0) size 0x17
                    RenderInline {O:P} at (0,0) size 0x17
              RenderTableCell {TD} at (367,2244) size 106x136 [r=33 c=3 rs=1 cs=1]
                RenderBlock {P} at (7,0) size 92x17
                  RenderText {#text} at (38,0) size 16x17
                    text run at (38,0) width 16: "No"
                RenderBlock {P} at (7,17) size 92x17
                  RenderText {#text} at (44,0) size 4x17
                    text run at (44,0) width 4: " "
                RenderBlock {P} at (7,34) size 92x17
                  RenderText {#text} at (38,0) size 16x17
                    text run at (38,0) width 16: "No"
                RenderBlock {P} at (7,51) size 92x17
                  RenderText {#text} at (44,0) size 4x17
                    text run at (44,0) width 4: " "
                RenderBlock {P} at (7,68) size 92x17
                  RenderText {#text} at (44,0) size 4x17
                    text run at (44,0) width 4: " "
                RenderBlock {P} at (7,85) size 92x17
                  RenderText {#text} at (44,0) size 4x17
                    text run at (44,0) width 4: " "
                RenderBlock {P} at (7,102) size 92x17
                  RenderText {#text} at (44,0) size 4x17
                    text run at (44,0) width 4: " "
                RenderBlock {P} at (7,119) size 92x17
                  RenderText {#text} at (38,0) size 16x17
                    text run at (38,0) width 16: "No"
                  RenderInline {SPAN} at (0,0) size 0x17
                    RenderInline {O:P} at (0,0) size 0x17
            RenderTableRow {TR} at (0,2380) size 473x85
              RenderTableCell {TD} at (0,2380) size 98x17 [r=34 c=0 rs=1 cs=1]
                RenderBlock {P} at (7,0) size 84x17
                  RenderText {#text} at (35,0) size 14x17
                    text run at (35,0) width 14: "35"
                  RenderInline {SPAN} at (0,0) size 0x17
                    RenderInline {O:P} at (0,0) size 0x17
              RenderTableCell {TD} at (98,2380) size 170x85 [r=34 c=1 rs=1 cs=1]
                RenderBlock {P} at (7,0) size 156x17
                  RenderText {#text} at (0,0) size 87x17
                    text run at (0,0) width 87: " Richard Green"
                RenderBlock {P} at (7,17) size 156x17
                  RenderText {#text} at (0,0) size 66x17
                    text run at (0,0) width 66: "David Allen"
                RenderBlock {P} at (7,34) size 156x17
                  RenderText {#text} at (0,0) size 61x17
                    text run at (0,0) width 61: "Jim Colvin"
                RenderBlock {P} at (7,51) size 156x17
                  RenderText {#text} at (0,0) size 74x17
                    text run at (0,0) width 74: "Harald Close"
                RenderBlock {P} at (7,68) size 156x17
                  RenderText {#text} at (0,0) size 65x17
                    text run at (0,0) width 65: "Oliver Baer"
                  RenderInline {SPAN} at (0,0) size 0x17
                    RenderInline {O:P} at (0,0) size 0x17
              RenderTableCell {TD} at (268,2380) size 99x85 [r=34 c=2 rs=1 cs=1]
                RenderBlock {P} at (7,0) size 85x17
                  RenderText {#text} at (40,0) size 5x17
                    text run at (40,0) width 5: " "
                RenderBlock {P} at (7,17) size 85x17
                  RenderText {#text} at (40,0) size 5x17
                    text run at (40,0) width 5: " "
                RenderBlock {P} at (7,34) size 85x17
                  RenderText {#text} at (40,0) size 5x17
                    text run at (40,0) width 5: " "
                RenderBlock {P} at (7,51) size 85x17
                  RenderText {#text} at (31,0) size 23x17
                    text run at (31,0) width 23: "Yes"
                RenderBlock {P} at (7,68) size 85x17
                  RenderText {#text} at (31,0) size 23x17
                    text run at (31,0) width 23: "Yes"
                  RenderInline {SPAN} at (0,0) size 0x17
                    RenderInline {O:P} at (0,0) size 0x17
              RenderTableCell {TD} at (367,2380) size 106x85 [r=34 c=3 rs=1 cs=1]
                RenderBlock {P} at (7,0) size 92x17
                  RenderText {#text} at (44,0) size 4x17
                    text run at (44,0) width 4: " "
                RenderBlock {P} at (7,17) size 92x17
                  RenderText {#text} at (44,0) size 4x17
                    text run at (44,0) width 4: " "
                RenderBlock {P} at (7,34) size 92x17
                  RenderText {#text} at (44,0) size 4x17
                    text run at (44,0) width 4: " "
                RenderBlock {P} at (7,51) size 92x17
                  RenderText {#text} at (34,0) size 24x17
                    text run at (34,0) width 24: "Yes"
                RenderBlock {P} at (7,68) size 92x17
                  RenderText {#text} at (38,0) size 16x17
                    text run at (38,0) width 16: "No"
                  RenderInline {SPAN} at (0,0) size 0x17
                    RenderInline {O:P} at (0,0) size 0x17
            RenderTableRow {TR} at (0,2465) size 473x85
              RenderTableCell {TD} at (0,2465) size 98x17 [r=35 c=0 rs=1 cs=1]
                RenderBlock {P} at (7,0) size 84x17
                  RenderText {#text} at (35,0) size 14x17
                    text run at (35,0) width 14: "36"
                  RenderInline {SPAN} at (0,0) size 0x17
                    RenderInline {O:P} at (0,0) size 0x17
              RenderTableCell {TD} at (98,2465) size 170x85 [r=35 c=1 rs=1 cs=1]
                RenderBlock {P} at (7,0) size 156x17
                  RenderText {#text} at (0,0) size 80x17
                    text run at (0,0) width 80: "Jason Beehm"
                RenderBlock {P} at (7,17) size 156x17
                  RenderText {#text} at (0,0) size 97x17
                    text run at (0,0) width 97: "Darrell Carpenter"
                RenderBlock {P} at (7,34) size 156x17
                  RenderText {#text} at (0,0) size 86x17
                    text run at (0,0) width 86: "Stefan Kiritzov"
                RenderBlock {P} at (7,51) size 156x17
                  RenderText {#text} at (0,0) size 72x17
                    text run at (0,0) width 72: "Dale Barnett"
                RenderBlock {P} at (7,68) size 156x17
                  RenderText {#text} at (0,0) size 68x17
                    text run at (0,0) width 68: "Dan Sievert"
                  RenderInline {SPAN} at (0,0) size 0x17
                    RenderInline {O:P} at (0,0) size 0x17
              RenderTableCell {TD} at (268,2465) size 99x85 [r=35 c=2 rs=1 cs=1]
                RenderBlock {P} at (7,0) size 85x17
                  RenderText {#text} at (31,0) size 23x17
                    text run at (31,0) width 23: "Yes"
                RenderBlock {P} at (7,17) size 85x17
                  RenderText {#text} at (31,0) size 23x17
                    text run at (31,0) width 23: "Yes"
                RenderBlock {P} at (7,34) size 85x17
                  RenderText {#text} at (31,0) size 23x17
                    text run at (31,0) width 23: "Yes"
                RenderBlock {P} at (7,51) size 85x17
                  RenderText {#text} at (31,0) size 23x17
                    text run at (31,0) width 23: "Yes"
                RenderBlock {P} at (7,68) size 85x17
                  RenderText {#text} at (31,0) size 23x17
                    text run at (31,0) width 23: "Yes"
                  RenderInline {SPAN} at (0,0) size 0x17
                    RenderInline {O:P} at (0,0) size 0x17
              RenderTableCell {TD} at (367,2465) size 106x85 [r=35 c=3 rs=1 cs=1]
                RenderBlock {P} at (7,0) size 92x17
                  RenderText {#text} at (38,0) size 16x17
                    text run at (38,0) width 16: "No"
                RenderBlock {P} at (7,17) size 92x17
                  RenderText {#text} at (38,0) size 16x17
                    text run at (38,0) width 16: "No"
                RenderBlock {P} at (7,34) size 92x17
                  RenderText {#text} at (34,0) size 24x17
                    text run at (34,0) width 24: "Yes"
                RenderBlock {P} at (7,51) size 92x17
                  RenderText {#text} at (38,0) size 16x17
                    text run at (38,0) width 16: "No"
                RenderBlock {P} at (7,68) size 92x17
                  RenderText {#text} at (38,0) size 16x17
                    text run at (38,0) width 16: "No"
                  RenderInline {SPAN} at (0,0) size 0x17
                    RenderInline {O:P} at (0,0) size 0x17
            RenderTableRow {TR} at (0,2550) size 473x68
              RenderTableCell {TD} at (0,2550) size 98x17 [r=36 c=0 rs=1 cs=1]
                RenderBlock {P} at (7,0) size 84x17
                  RenderText {#text} at (35,0) size 14x17
                    text run at (35,0) width 14: "37"
                  RenderInline {SPAN} at (0,0) size 0x17
                    RenderInline {O:P} at (0,0) size 0x17
              RenderTableCell {TD} at (98,2550) size 170x68 [r=36 c=1 rs=1 cs=1]
                RenderBlock {P} at (7,0) size 156x17
                  RenderText {#text} at (0,0) size 94x17
                    text run at (0,0) width 94: "Dominic Civiletti"
                RenderBlock {P} at (7,17) size 156x17
                  RenderText {#text} at (0,0) size 88x17
                    text run at (0,0) width 88: "John Chamorro"
                RenderBlock {P} at (7,34) size 156x17
                  RenderText {#text} at (0,0) size 76x17
                    text run at (0,0) width 76: "Jim Mirowski"
                RenderBlock {P} at (7,51) size 156x17
                  RenderText {#text} at (0,0) size 82x17
                    text run at (0,0) width 82: "Soohong  Kim"
                  RenderInline {SPAN} at (0,0) size 0x17
                    RenderInline {O:P} at (0,0) size 0x17
              RenderTableCell {TD} at (268,2550) size 99x68 [r=36 c=2 rs=1 cs=1]
                RenderBlock {P} at (7,0) size 85x17
                  RenderText {#text} at (31,0) size 23x17
                    text run at (31,0) width 23: "Yes"
                RenderBlock {P} at (7,17) size 85x17
                  RenderText {#text} at (40,0) size 5x17
                    text run at (40,0) width 5: " "
                RenderBlock {P} at (7,34) size 85x17
                  RenderText {#text} at (40,0) size 5x17
                    text run at (40,0) width 5: " "
                RenderBlock {P} at (7,51) size 85x17
                  RenderText {#text} at (31,0) size 23x17
                    text run at (31,0) width 23: "Yes"
                  RenderInline {SPAN} at (0,0) size 0x17
                    RenderInline {O:P} at (0,0) size 0x17
              RenderTableCell {TD} at (367,2550) size 106x68 [r=36 c=3 rs=1 cs=1]
                RenderBlock {P} at (7,0) size 92x17
                  RenderText {#text} at (38,0) size 16x17
                    text run at (38,0) width 16: "No"
                RenderBlock {P} at (7,17) size 92x17
                  RenderText {#text} at (44,0) size 4x17
                    text run at (44,0) width 4: " "
                RenderBlock {P} at (7,34) size 92x17
                  RenderText {#text} at (44,0) size 4x17
                    text run at (44,0) width 4: " "
                RenderBlock {P} at (7,51) size 92x17
                  RenderText {#text} at (38,0) size 16x17
                    text run at (38,0) width 16: "No"
                  RenderInline {SPAN} at (0,0) size 0x17
                    RenderInline {O:P} at (0,0) size 0x17
            RenderTableRow {TR} at (0,2618) size 473x102
              RenderTableCell {TD} at (0,2618) size 98x17 [r=37 c=0 rs=1 cs=1]
                RenderBlock {P} at (7,0) size 84x17
                  RenderText {#text} at (35,0) size 14x17
                    text run at (35,0) width 14: "38"
                  RenderInline {SPAN} at (0,0) size 0x17
                    RenderInline {O:P} at (0,0) size 0x17
              RenderTableCell {TD} at (98,2618) size 170x102 [r=37 c=1 rs=1 cs=1]
                RenderBlock {P} at (7,0) size 156x17
                  RenderText {#text} at (0,0) size 102x17
                    text run at (0,0) width 102: "Karl Allmendinger"
                  RenderInline {SPAN} at (0,0) size 0x17
                    RenderInline {O:P} at (0,0) size 0x17
                RenderBlock {P} at (7,17) size 156x17
                  RenderText {#text} at (0,0) size 69x17
                    text run at (0,0) width 69: "John Bernal"
                  RenderInline {SPAN} at (0,0) size 0x17
                    RenderInline {O:P} at (0,0) size 0x17
                RenderBlock {P} at (7,34) size 156x17
                  RenderText {#text} at (0,0) size 80x17
                    text run at (0,0) width 80: "Gene Langley"
                RenderBlock {P} at (7,51) size 156x17
                  RenderText {#text} at (0,0) size 81x17
                    text run at (0,0) width 81: "Chuck Pringle"
                RenderBlock {P} at (7,68) size 156x17
                  RenderText {#text} at (0,0) size 60x17
                    text run at (0,0) width 60: "Jimmy Lei"
                RenderBlock {P} at (7,85) size 156x17
                  RenderText {#text} at (0,0) size 98x17
                    text run at (0,0) width 98: "Ruenjoe (Joe) Lu"
                  RenderInline {SPAN} at (0,0) size 0x17
                    RenderInline {O:P} at (0,0) size 0x17
              RenderTableCell {TD} at (268,2618) size 99x68 [r=37 c=2 rs=1 cs=1]
                RenderBlock {P} at (7,0) size 85x17
                  RenderText {#text} at (31,0) size 23x17
                    text run at (31,0) width 23: "Yes"
                  RenderInline {SPAN} at (0,0) size 0x17
                    RenderInline {O:P} at (0,0) size 0x17
                RenderBlock {P} at (7,17) size 85x17
                  RenderText {#text} at (31,0) size 23x17
                    text run at (31,0) width 23: "Yes"
                  RenderInline {SPAN} at (0,0) size 0x17
                    RenderInline {O:P} at (0,0) size 0x17
                RenderBlock {P} at (7,34) size 85x17
                  RenderText {#text} at (31,0) size 23x17
                    text run at (31,0) width 23: "Yes"
                RenderBlock {P} at (7,51) size 85x17
                  RenderText {#text} at (31,0) size 23x17
                    text run at (31,0) width 23: "Yes"
                  RenderInline {SPAN} at (0,0) size 0x17
                    RenderInline {O:P} at (0,0) size 0x17
              RenderTableCell {TD} at (367,2618) size 106x68 [r=37 c=3 rs=1 cs=1]
                RenderBlock {P} at (7,0) size 92x17
                  RenderText {#text} at (38,0) size 16x17
                    text run at (38,0) width 16: "No"
                  RenderInline {SPAN} at (0,0) size 0x17
                    RenderInline {O:P} at (0,0) size 0x17
                RenderBlock {P} at (7,17) size 92x17
                  RenderText {#text} at (38,0) size 16x17
                    text run at (38,0) width 16: "No"
                  RenderInline {SPAN} at (0,0) size 0x17
                    RenderInline {O:P} at (0,0) size 0x17
                RenderBlock {P} at (7,34) size 92x17
                  RenderText {#text} at (4,0) size 84x17
                    text run at (4,0) width 84: "Gyro wannabe"
                RenderBlock {P} at (7,51) size 92x17
                  RenderText {#text} at (38,0) size 16x17
                    text run at (38,0) width 16: "No"
                  RenderInline {SPAN} at (0,0) size 0x17
                    RenderInline {O:P} at (0,0) size 0x17
            RenderTableRow {TR} at (0,2720) size 473x51
              RenderTableCell {TD} at (0,2720) size 98x17 [r=38 c=0 rs=1 cs=1]
                RenderBlock {P} at (7,0) size 84x17
                  RenderText {#text} at (35,0) size 14x17
                    text run at (35,0) width 14: "39"
                  RenderInline {SPAN} at (0,0) size 0x17
                    RenderInline {O:P} at (0,0) size 0x17
              RenderTableCell {TD} at (98,2720) size 170x51 [r=38 c=1 rs=1 cs=1]
                RenderBlock {P} at (7,0) size 156x17
                  RenderText {#text} at (0,0) size 74x17
                    text run at (0,0) width 74: "Tom Wagner"
                RenderBlock {P} at (7,17) size 156x17
                  RenderText {#text} at (0,0) size 65x17
                    text run at (0,0) width 65: "Oliver Baer"
                RenderBlock {P} at (7,34) size 156x17
                  RenderText {#text} at (0,0) size 66x17
                    text run at (0,0) width 66: "Will Sievert"
                  RenderInline {SPAN} at (0,0) size 0x17
                    RenderInline {O:P} at (0,0) size 0x17
              RenderTableCell {TD} at (268,2720) size 99x51 [r=38 c=2 rs=1 cs=1]
                RenderBlock {P} at (7,0) size 85x17
                  RenderText {#text} at (31,0) size 23x17
                    text run at (31,0) width 23: "Yes"
                RenderBlock {P} at (7,17) size 85x17
                  RenderText {#text} at (31,0) size 23x17
                    text run at (31,0) width 23: "Yes"
                RenderBlock {P} at (7,34) size 85x17
                  RenderText {#text} at (31,0) size 23x17
                    text run at (31,0) width 23: "Yes"
                  RenderInline {SPAN} at (0,0) size 0x17
                    RenderInline {O:P} at (0,0) size 0x17
              RenderTableCell {TD} at (367,2720) size 106x51 [r=38 c=3 rs=1 cs=1]
                RenderBlock {P} at (7,0) size 92x17
                  RenderText {#text} at (38,0) size 16x17
                    text run at (38,0) width 16: "No"
                RenderBlock {P} at (7,17) size 92x17
                  RenderText {#text} at (38,0) size 16x17
                    text run at (38,0) width 16: "No"
                RenderBlock {P} at (7,34) size 92x17
                  RenderText {#text} at (38,0) size 16x17
                    text run at (38,0) width 16: "No"
                  RenderInline {SPAN} at (0,0) size 0x17
                    RenderInline {O:P} at (0,0) size 0x17
            RenderTableRow {TR} at (0,2771) size 473x136
              RenderTableCell {TD} at (0,2771) size 98x17 [r=39 c=0 rs=1 cs=1]
                RenderBlock {P} at (7,0) size 84x17
                  RenderText {#text} at (35,0) size 14x17
                    text run at (35,0) width 14: "40"
                  RenderInline {SPAN} at (0,0) size 0x17
                    RenderInline {O:P} at (0,0) size 0x17
              RenderTableCell {TD} at (98,2771) size 170x136 [r=39 c=1 rs=1 cs=1]
                RenderBlock {P} at (7,0) size 156x17
                  RenderText {#text} at (0,0) size 87x17
                    text run at (0,0) width 87: "Alberto Lanzas"
                  RenderInline {SPAN} at (0,0) size 0x17
                    RenderInline {O:P} at (0,0) size 0x17
                RenderBlock {P} at (7,17) size 156x17
                  RenderText {#text} at (0,0) size 100x17
                    text run at (0,0) width 100: "Zak + Mike West"
                  RenderInline {SPAN} at (0,0) size 0x17
                    RenderInline {O:P} at (0,0) size 0x17
                RenderBlock {P} at (7,34) size 156x17
                  RenderText {#text} at (0,0) size 75x17
                    text run at (0,0) width 75: "Javier Flores"
                  RenderInline {SPAN} at (0,0) size 0x17
                    RenderInline {O:P} at (0,0) size 0x17
                RenderBlock {P} at (7,51) size 156x17
                  RenderText {#text} at (0,0) size 71x17
                    text run at (0,0) width 71: "Bill Johnson"
                  RenderInline {SPAN} at (0,0) size 0x17
                    RenderInline {O:P} at (0,0) size 0x17
                RenderBlock {P} at (7,68) size 156x17
                  RenderText {#text} at (0,0) size 80x17
                    text run at (0,0) width 80: "Gene Langley"
                RenderBlock {P} at (7,85) size 156x17
                  RenderText {#text} at (0,0) size 72x17
                    text run at (0,0) width 72: "Rich Burnett"
                RenderBlock {P} at (7,102) size 156x17
                  RenderText {#text} at (0,0) size 95x17
                    text run at (0,0) width 95: "Jack Goodfriend"
                RenderBlock {P} at (7,119) size 156x17
                  RenderText {#text} at (0,0) size 74x17
                    text run at (0,0) width 74: "Harald Close"
                  RenderInline {SPAN} at (0,0) size 0x17
                    RenderInline {O:P} at (0,0) size 0x17
              RenderTableCell {TD} at (268,2771) size 99x136 [r=39 c=2 rs=1 cs=1]
                RenderBlock {P} at (7,0) size 85x17
                  RenderText {#text} at (31,0) size 23x17
                    text run at (31,0) width 23: "Yes"
                  RenderInline {SPAN} at (0,0) size 0x17
                    RenderInline {O:P} at (0,0) size 0x17
                RenderBlock {P} at (7,17) size 85x17
                  RenderText {#text} at (31,0) size 23x17
                    text run at (31,0) width 23: "Yes"
                  RenderInline {SPAN} at (0,0) size 0x17
                    RenderInline {O:P} at (0,0) size 0x17
                RenderBlock {P} at (7,34) size 85x17
                  RenderText {#text} at (31,0) size 23x17
                    text run at (31,0) width 23: "Yes"
                  RenderInline {SPAN} at (0,0) size 0x17
                    RenderInline {O:P} at (0,0) size 0x17
                RenderBlock {P} at (7,51) size 85x17
                  RenderText {#text} at (31,0) size 23x17
                    text run at (31,0) width 23: "Yes"
                  RenderInline {SPAN} at (0,0) size 0x17
                    RenderInline {O:P} at (0,0) size 0x17
                RenderBlock {P} at (7,68) size 85x17
                  RenderText {#text} at (31,0) size 23x17
                    text run at (31,0) width 23: "Yes"
                RenderBlock {P} at (7,85) size 85x17
                  RenderText {#text} at (40,0) size 5x17
                    text run at (40,0) width 5: " "
                RenderBlock {P} at (7,102) size 85x17
                  RenderText {#text} at (40,0) size 5x17
                    text run at (40,0) width 5: " "
                RenderBlock {P} at (7,119) size 85x17
                  RenderText {#text} at (31,0) size 23x17
                    text run at (31,0) width 23: "Yes"
                  RenderInline {SPAN} at (0,0) size 0x17
                    RenderInline {O:P} at (0,0) size 0x17
              RenderTableCell {TD} at (367,2771) size 106x136 [r=39 c=3 rs=1 cs=1]
                RenderBlock {P} at (7,0) size 92x17
                  RenderText {#text} at (34,0) size 24x17
                    text run at (34,0) width 24: "Yes"
                  RenderInline {SPAN} at (0,0) size 1x17
                    RenderInline {O:P} at (0,0) size 1x17
                RenderBlock {P} at (7,17) size 92x17
                  RenderText {#text} at (34,0) size 24x17
                    text run at (34,0) width 24: "Yes"
                  RenderInline {SPAN} at (0,0) size 1x17
                    RenderInline {O:P} at (0,0) size 1x17
                RenderBlock {P} at (7,34) size 92x17
                  RenderText {#text} at (38,0) size 16x17
                    text run at (38,0) width 16: "No"
                  RenderInline {SPAN} at (0,0) size 0x17
                    RenderInline {O:P} at (0,0) size 0x17
                RenderBlock {P} at (7,51) size 92x17
                  RenderText {#text} at (38,0) size 16x17
                    text run at (38,0) width 16: "No"
                  RenderInline {SPAN} at (0,0) size 0x17
                    RenderInline {O:P} at (0,0) size 0x17
                RenderBlock {P} at (7,68) size 92x17
                  RenderText {#text} at (29,0) size 34x17
                    text run at (29,0) width 34: "Glider"
                RenderBlock {P} at (7,85) size 92x17
                  RenderText {#text} at (44,0) size 4x17
                    text run at (44,0) width 4: " "
                RenderBlock {P} at (7,102) size 92x17
                  RenderText {#text} at (44,0) size 4x17
                    text run at (44,0) width 4: " "
                RenderBlock {P} at (7,119) size 92x17
                  RenderText {#text} at (38,0) size 16x17
                    text run at (38,0) width 16: "No"
                  RenderInline {SPAN} at (0,0) size 0x17
                    RenderInline {O:P} at (0,0) size 0x17
            RenderTableRow {TR} at (0,2907) size 473x136
              RenderTableCell {TD} at (0,2907) size 98x17 [r=40 c=0 rs=1 cs=1]
                RenderBlock {P} at (7,0) size 84x17
                  RenderText {#text} at (35,0) size 14x17
                    text run at (35,0) width 14: "41"
                  RenderInline {SPAN} at (0,0) size 0x17
                    RenderInline {O:P} at (0,0) size 0x17
              RenderTableCell {TD} at (98,2907) size 170x136 [r=40 c=1 rs=1 cs=1]
                RenderBlock {P} at (7,0) size 156x17
                  RenderText {#text} at (0,0) size 94x17
                    text run at (0,0) width 94: "Dominic Civiletti"
                  RenderInline {SPAN} at (0,0) size 0x17
                    RenderInline {O:P} at (0,0) size 0x17
                RenderBlock {P} at (7,17) size 156x17
                  RenderText {#text} at (0,0) size 110x17
                    text run at (0,0) width 110: "Corbin Christensen"
                  RenderInline {SPAN} at (0,0) size 0x17
                    RenderInline {O:P} at (0,0) size 0x17
                RenderBlock {P} at (7,34) size 156x17
                  RenderText {#text} at (0,0) size 60x17
                    text run at (0,0) width 60: "Hal Hirsch"
                  RenderInline {SPAN} at (0,0) size 0x17
                    RenderInline {O:P} at (0,0) size 0x17
                RenderBlock {P} at (7,51) size 156x17
                  RenderText {#text} at (0,0) size 99x17
                    text run at (0,0) width 99: "Richard Sanchez"
                RenderBlock {P} at (7,68) size 156x17
                  RenderText {#text} at (0,0) size 69x17
                    text run at (0,0) width 69: "John Bernal"
                RenderBlock {P} at (7,85) size 156x17
                  RenderText {#text} at (0,0) size 72x17
                    text run at (0,0) width 72: "Rich Burnett"
                RenderBlock {P} at (7,102) size 156x17
                  RenderText {#text} at (0,0) size 74x17
                    text run at (0,0) width 74: "Brock Brown"
                RenderBlock {P} at (7,119) size 156x17
                  RenderText {#text} at (0,0) size 62x17
                    text run at (0,0) width 62: "John Paye"
                  RenderInline {SPAN} at (0,0) size 0x17
                    RenderInline {O:P} at (0,0) size 0x17
              RenderTableCell {TD} at (268,2907) size 99x119 [r=40 c=2 rs=1 cs=1]
                RenderBlock {P} at (7,0) size 85x17
                  RenderText {#text} at (31,0) size 23x17
                    text run at (31,0) width 23: "Yes"
                  RenderInline {SPAN} at (0,0) size 0x17
                    RenderInline {O:P} at (0,0) size 0x17
                RenderBlock {P} at (7,17) size 85x17
                  RenderText {#text} at (31,0) size 23x17
                    text run at (31,0) width 23: "Yes"
                  RenderInline {SPAN} at (0,0) size 0x17
                    RenderInline {O:P} at (0,0) size 0x17
                RenderBlock {P} at (7,34) size 85x17
                  RenderText {#text} at (31,0) size 23x17
                    text run at (31,0) width 23: "Yes"
                  RenderInline {SPAN} at (0,0) size 0x17
                    RenderInline {O:P} at (0,0) size 0x17
                RenderBlock {P} at (7,51) size 85x17
                  RenderText {#text} at (34,0) size 17x17
                    text run at (34,0) width 17: "No"
                RenderBlock {P} at (7,68) size 85x17
                  RenderText {#text} at (31,0) size 23x17
                    text run at (31,0) width 23: "Yes"
                RenderBlock {P} at (7,85) size 85x17
                  RenderText {#text} at (40,0) size 5x17
                    text run at (40,0) width 5: " "
                RenderBlock {P} at (7,102) size 85x17
                  RenderText {#text} at (31,0) size 23x17
                    text run at (31,0) width 23: "Yes"
                  RenderInline {SPAN} at (0,0) size 0x17
                    RenderInline {O:P} at (0,0) size 0x17
              RenderTableCell {TD} at (367,2907) size 106x119 [r=40 c=3 rs=1 cs=1]
                RenderBlock {P} at (7,0) size 92x17
                  RenderText {#text} at (38,0) size 16x17
                    text run at (38,0) width 16: "No"
                  RenderInline {SPAN} at (0,0) size 0x17
                    RenderInline {O:P} at (0,0) size 0x17
                RenderBlock {P} at (7,17) size 92x17
                  RenderText {#text} at (38,0) size 16x17
                    text run at (38,0) width 16: "No"
                  RenderInline {SPAN} at (0,0) size 0x17
                    RenderInline {O:P} at (0,0) size 0x17
                RenderBlock {P} at (7,34) size 92x17
                  RenderText {#text} at (38,0) size 16x17
                    text run at (38,0) width 16: "No"
                  RenderInline {SPAN} at (0,0) size 0x17
                    RenderInline {O:P} at (0,0) size 0x17
                RenderBlock {P} at (7,51) size 92x17
                  RenderText {#text} at (34,0) size 24x17
                    text run at (34,0) width 24: "Yes"
                RenderBlock {P} at (7,68) size 92x17
                  RenderText {#text} at (38,0) size 16x17
                    text run at (38,0) width 16: "No"
                RenderBlock {P} at (7,85) size 92x17
                  RenderText {#text} at (44,0) size 4x17
                    text run at (44,0) width 4: " "
                RenderBlock {P} at (7,102) size 92x17
                  RenderText {#text} at (38,0) size 16x17
                    text run at (38,0) width 16: "No"
                  RenderInline {SPAN} at (0,0) size 0x17
                    RenderInline {O:P} at (0,0) size 0x17
            RenderTableRow {TR} at (0,3043) size 473x136
              RenderTableCell {TD} at (0,3043) size 98x17 [r=41 c=0 rs=1 cs=1]
                RenderBlock {P} at (7,0) size 84x17
                  RenderText {#text} at (35,0) size 14x17
                    text run at (35,0) width 14: "42"
                  RenderInline {SPAN} at (0,0) size 0x17
                    RenderInline {O:P} at (0,0) size 0x17
              RenderTableCell {TD} at (98,3043) size 170x136 [r=41 c=1 rs=1 cs=1]
                RenderBlock {P} at (7,0) size 156x17
                  RenderText {#text} at (0,0) size 49x17
                    text run at (0,0) width 49: "Tony Yu"
                  RenderInline {SPAN} at (0,0) size 0x17
                    RenderInline {O:P} at (0,0) size 0x17
                RenderBlock {P} at (7,17) size 156x17
                  RenderText {#text} at (0,0) size 70x17
                    text run at (0,0) width 70: "Jason Miller"
                  RenderInline {SPAN} at (0,0) size 0x17
                    RenderInline {O:P} at (0,0) size 0x17
                RenderBlock {P} at (7,34) size 156x17
                  RenderText {#text} at (0,0) size 88x17
                    text run at (0,0) width 88: "Maurice Burton"
                RenderBlock {P} at (7,51) size 156x17
                  RenderText {#text} at (0,0) size 68x17
                    text run at (0,0) width 68: "Dan Sievert"
                RenderBlock {P} at (7,68) size 156x17
                  RenderText {#text} at (0,0) size 66x17
                    text run at (0,0) width 66: "Jerry Davis"
                RenderBlock {P} at (7,85) size 156x17
                  RenderText {#text} at (0,0) size 62x17
                    text run at (0,0) width 62: "John Paye"
                RenderBlock {P} at (7,102) size 156x17
                  RenderText {#text} at (0,0) size 76x17
                    text run at (0,0) width 76: "Gordon Frost"
                RenderBlock {P} at (7,119) size 156x17
                  RenderText {#text} at (0,0) size 70x17
                    text run at (0,0) width 70: "Chris Walsh"
                  RenderInline {SPAN} at (0,0) size 0x17
                    RenderInline {O:P} at (0,0) size 0x17
              RenderTableCell {TD} at (268,3043) size 99x85 [r=41 c=2 rs=1 cs=1]
                RenderBlock {P} at (7,0) size 85x17
                  RenderText {#text} at (31,0) size 23x17
                    text run at (31,0) width 23: "Yes"
                  RenderInline {SPAN} at (0,0) size 0x17
                    RenderInline {O:P} at (0,0) size 0x17
                RenderBlock {P} at (7,17) size 85x17
                  RenderText {#text} at (31,0) size 23x17
                    text run at (31,0) width 23: "Yes"
                  RenderInline {SPAN} at (0,0) size 0x17
                    RenderInline {O:P} at (0,0) size 0x17
                RenderBlock {P} at (7,34) size 85x17
                  RenderText {#text} at (31,0) size 23x17
                    text run at (31,0) width 23: "Yes"
                RenderBlock {P} at (7,51) size 85x17
                  RenderText {#text} at (31,0) size 23x17
                    text run at (31,0) width 23: "Yes"
                RenderBlock {P} at (7,68) size 85x17
                  RenderText {#text} at (31,0) size 23x17
                    text run at (31,0) width 23: "Yes"
                  RenderInline {SPAN} at (0,0) size 0x17
                    RenderInline {O:P} at (0,0) size 0x17
              RenderTableCell {TD} at (367,3043) size 106x85 [r=41 c=3 rs=1 cs=1]
                RenderBlock {P} at (7,0) size 92x17
                  RenderText {#text} at (38,0) size 16x17
                    text run at (38,0) width 16: "No"
                  RenderInline {SPAN} at (0,0) size 0x17
                    RenderInline {O:P} at (0,0) size 0x17
                RenderBlock {P} at (7,17) size 92x17
                  RenderText {#text} at (38,0) size 16x17
                    text run at (38,0) width 16: "No"
                  RenderInline {SPAN} at (0,0) size 0x17
                    RenderInline {O:P} at (0,0) size 0x17
                RenderBlock {P} at (7,34) size 92x17
                  RenderText {#text} at (38,0) size 16x17
                    text run at (38,0) width 16: "No"
                RenderBlock {P} at (7,51) size 92x17
                  RenderText {#text} at (38,0) size 16x17
                    text run at (38,0) width 16: "No"
                RenderBlock {P} at (7,68) size 92x17
                  RenderText {#text} at (38,0) size 16x17
                    text run at (38,0) width 16: "No"
                  RenderInline {SPAN} at (0,0) size 0x17
                    RenderInline {O:P} at (0,0) size 0x17
            RenderTableRow {TR} at (0,3179) size 473x119
              RenderTableCell {TD} at (0,3179) size 98x17 [r=42 c=0 rs=1 cs=1]
                RenderBlock {P} at (7,0) size 84x17
                  RenderText {#text} at (35,0) size 14x17
                    text run at (35,0) width 14: "43"
                  RenderInline {SPAN} at (0,0) size 0x17
                    RenderInline {O:P} at (0,0) size 0x17
              RenderTableCell {TD} at (98,3179) size 170x119 [r=42 c=1 rs=1 cs=1]
                RenderBlock {P} at (7,0) size 156x17
                  RenderText {#text} at (0,0) size 94x17
                    text run at (0,0) width 94: "Dominic Civiletti"
                  RenderInline {SPAN} at (0,0) size 0x17
                    RenderInline {O:P} at (0,0) size 0x17
                RenderBlock {P} at (7,17) size 156x17
                  RenderText {#text} at (0,0) size 67x17
                    text run at (0,0) width 67: "Ken Gullion"
                  RenderInline {SPAN} at (0,0) size 0x17
                    RenderInline {O:P} at (0,0) size 0x17
                RenderBlock {P} at (7,34) size 156x17
                  RenderText {#text} at (0,0) size 66x17
                    text run at (0,0) width 66: "Will Sievert"
                RenderBlock {P} at (7,51) size 156x17
                  RenderText {#text} at (0,0) size 78x17
                    text run at (0,0) width 78: "Jim Mahoney"
                RenderBlock {P} at (7,68) size 156x17
                  RenderText {#text} at (0,0) size 69x17
                    text run at (0,0) width 69: "Ken Manuel"
                RenderBlock {P} at (7,85) size 156x17
                  RenderText {#text} at (0,0) size 61x17
                    text run at (0,0) width 61: "John Todd"
                RenderBlock {P} at (7,102) size 156x17
                  RenderText {#text} at (0,0) size 99x17
                    text run at (0,0) width 99: "Rick Rasmussen"
                  RenderInline {SPAN} at (0,0) size 0x17
                    RenderInline {O:P} at (0,0) size 0x17
              RenderTableCell {TD} at (268,3179) size 99x85 [r=42 c=2 rs=1 cs=1]
                RenderBlock {P} at (7,0) size 85x17
                  RenderText {#text} at (31,0) size 23x17
                    text run at (31,0) width 23: "Yes"
                  RenderInline {SPAN} at (0,0) size 0x17
                    RenderInline {O:P} at (0,0) size 0x17
                RenderBlock {P} at (7,17) size 85x17
                  RenderText {#text} at (31,0) size 23x17
                    text run at (31,0) width 23: "Yes"
                  RenderInline {SPAN} at (0,0) size 0x17
                    RenderInline {O:P} at (0,0) size 0x17
                RenderBlock {P} at (7,34) size 85x17
                  RenderText {#text} at (31,0) size 23x17
                    text run at (31,0) width 23: "Yes"
                RenderBlock {P} at (7,51) size 85x17
                  RenderText {#text} at (31,0) size 23x17
                    text run at (31,0) width 23: "Yes"
                RenderBlock {P} at (7,68) size 85x17
                  RenderText {#text} at (31,0) size 23x17
                    text run at (31,0) width 23: "Yes"
                  RenderInline {SPAN} at (0,0) size 0x17
                    RenderInline {O:P} at (0,0) size 0x17
              RenderTableCell {TD} at (367,3179) size 106x85 [r=42 c=3 rs=1 cs=1]
                RenderBlock {P} at (7,0) size 92x17
                  RenderText {#text} at (38,0) size 16x17
                    text run at (38,0) width 16: "No"
                  RenderInline {SPAN} at (0,0) size 0x17
                    RenderInline {O:P} at (0,0) size 0x17
                RenderBlock {P} at (7,17) size 92x17
                  RenderText {#text} at (38,0) size 16x17
                    text run at (38,0) width 16: "No"
                  RenderInline {SPAN} at (0,0) size 0x17
                    RenderInline {O:P} at (0,0) size 0x17
                RenderBlock {P} at (7,34) size 92x17
                  RenderText {#text} at (18,0) size 56x17
                    text run at (18,0) width 56: "Someday"
                RenderBlock {P} at (7,51) size 92x17
                  RenderText {#text} at (34,0) size 24x17
                    text run at (34,0) width 24: "Yes"
                RenderBlock {P} at (7,68) size 92x17
                  RenderText {#text} at (38,0) size 16x17
                    text run at (38,0) width 16: "No"
                  RenderInline {SPAN} at (0,0) size 0x17
                    RenderInline {O:P} at (0,0) size 0x17
            RenderTableRow {TR} at (0,3298) size 473x68
              RenderTableCell {TD} at (0,3298) size 98x17 [r=43 c=0 rs=1 cs=1]
                RenderBlock {P} at (7,0) size 84x17
                  RenderText {#text} at (35,0) size 14x17
                    text run at (35,0) width 14: "44"
                  RenderInline {SPAN} at (0,0) size 0x17
                    RenderInline {O:P} at (0,0) size 0x17
              RenderTableCell {TD} at (98,3298) size 170x68 [r=43 c=1 rs=1 cs=1]
                RenderBlock {P} at (7,0) size 156x17
                  RenderText {#text} at (0,0) size 66x17
                    text run at (0,0) width 66: "Gary Heath"
                  RenderInline {SPAN} at (0,0) size 0x17
                    RenderInline {O:P} at (0,0) size 0x17
                RenderBlock {P} at (7,17) size 156x17
                  RenderText {#text} at (0,0) size 82x17
                    text run at (0,0) width 82: "Quinn Chuong"
                RenderBlock {P} at (7,34) size 156x17
                  RenderText {#text} at (0,0) size 68x17
                    text run at (0,0) width 68: "Dan Sievert"
                RenderBlock {P} at (7,51) size 156x17
                  RenderText {#text} at (0,0) size 89x17
                    text run at (0,0) width 89: "Alexander Wert"
                  RenderInline {SPAN} at (0,0) size 0x17
                    RenderInline {O:P} at (0,0) size 0x17
              RenderTableCell {TD} at (268,3298) size 99x68 [r=43 c=2 rs=1 cs=1]
                RenderBlock {P} at (7,0) size 85x17
                  RenderText {#text} at (34,0) size 17x17
                    text run at (34,0) width 17: "No"
                  RenderInline {SPAN} at (0,0) size 1x17
                    RenderInline {O:P} at (0,0) size 1x17
                RenderBlock {P} at (7,17) size 85x17
                  RenderText {#text} at (31,0) size 23x17
                    text run at (31,0) width 23: "Yes"
                RenderBlock {P} at (7,34) size 85x17
                  RenderText {#text} at (31,0) size 23x17
                    text run at (31,0) width 23: "Yes"
                RenderBlock {P} at (7,51) size 85x17
                  RenderText {#text} at (34,0) size 17x17
                    text run at (34,0) width 17: "No"
                  RenderInline {SPAN} at (0,0) size 1x17
                    RenderInline {O:P} at (0,0) size 1x17
              RenderTableCell {TD} at (367,3298) size 106x68 [r=43 c=3 rs=1 cs=1]
                RenderBlock {P} at (7,0) size 92x17
                  RenderText {#text} at (34,0) size 24x17
                    text run at (34,0) width 24: "Yes"
                  RenderInline {SPAN} at (0,0) size 1x17
                    RenderInline {O:P} at (0,0) size 1x17
                RenderBlock {P} at (7,17) size 92x17
                  RenderText {#text} at (34,0) size 24x17
                    text run at (34,0) width 24: "Yes"
                RenderBlock {P} at (7,34) size 92x17
                  RenderText {#text} at (38,0) size 16x17
                    text run at (38,0) width 16: "No"
                RenderBlock {P} at (7,51) size 92x17
                  RenderText {#text} at (34,0) size 24x17
                    text run at (34,0) width 24: "Yes"
                  RenderInline {SPAN} at (0,0) size 1x17
                    RenderInline {O:P} at (0,0) size 1x17
            RenderTableRow {TR} at (0,3366) size 473x51
              RenderTableCell {TD} at (0,3366) size 98x17 [r=44 c=0 rs=1 cs=1]
                RenderBlock {P} at (7,0) size 84x17
                  RenderText {#text} at (35,0) size 14x17
                    text run at (35,0) width 14: "45"
                  RenderInline {SPAN} at (0,0) size 0x17
                    RenderInline {O:P} at (0,0) size 0x17
              RenderTableCell {TD} at (98,3366) size 170x51 [r=44 c=1 rs=1 cs=1]
                RenderBlock {P} at (7,0) size 156x17
                  RenderText {#text} at (0,0) size 90x17
                    text run at (0,0) width 90: "James Holaduz"
                RenderBlock {P} at (7,17) size 156x17
                  RenderInline {FONT} at (0,0) size 57x17
                    RenderText {#text} at (0,0) size 57x17
                      text run at (0,0) width 57: "Don Coon"
                RenderBlock {P} at (7,34) size 156x17
                  RenderText {#text} at (0,0) size 89x17
                    text run at (0,0) width 89: "John Yearwood"
                  RenderInline {SPAN} at (0,0) size 0x17
                    RenderInline {O:P} at (0,0) size 0x17
              RenderTableCell {TD} at (268,3366) size 99x51 [r=44 c=2 rs=1 cs=1]
                RenderBlock {P} at (7,0) size 85x17
                  RenderText {#text} at (31,0) size 23x17
                    text run at (31,0) width 23: "Yes"
                RenderBlock {P} at (7,17) size 85x17
                  RenderText {#text} at (40,0) size 5x17
                    text run at (40,0) width 5: " "
                RenderBlock {P} at (7,34) size 85x17
                  RenderText {#text} at (31,0) size 23x17
                    text run at (31,0) width 23: "Yes"
                  RenderInline {SPAN} at (0,0) size 0x17
                    RenderInline {O:P} at (0,0) size 0x17
              RenderTableCell {TD} at (367,3366) size 106x51 [r=44 c=3 rs=1 cs=1]
                RenderBlock {P} at (7,0) size 92x17
                  RenderText {#text} at (38,0) size 16x17
                    text run at (38,0) width 16: "No"
                RenderBlock {P} at (7,17) size 92x17
                  RenderText {#text} at (44,0) size 4x17
                    text run at (44,0) width 4: " "
                RenderBlock {P} at (7,34) size 92x17
                  RenderText {#text} at (38,0) size 16x17
                    text run at (38,0) width 16: "No"
                  RenderInline {SPAN} at (0,0) size 0x17
                    RenderInline {O:P} at (0,0) size 0x17
            RenderTableRow {TR} at (0,3417) size 473x136
              RenderTableCell {TD} at (0,3417) size 98x17 [r=45 c=0 rs=1 cs=1]
                RenderBlock {P} at (7,0) size 84x17
                  RenderText {#text} at (35,0) size 14x17
                    text run at (35,0) width 14: "46"
                  RenderInline {SPAN} at (0,0) size 0x17
                    RenderInline {O:P} at (0,0) size 0x17
              RenderTableCell {TD} at (98,3417) size 170x136 [r=45 c=1 rs=1 cs=1]
                RenderBlock {P} at (7,0) size 156x17
                  RenderText {#text} at (0,0) size 56x17
                    text run at (0,0) width 56: "Zak West"
                  RenderInline {SPAN} at (0,0) size 0x17
                    RenderInline {O:P} at (0,0) size 0x17
                RenderBlock {P} at (7,17) size 156x17
                  RenderText {#text} at (0,0) size 102x17
                    text run at (0,0) width 102: "Karl Allmendinger"
                RenderBlock {P} at (7,34) size 156x17
                  RenderText {#text} at (0,0) size 94x17
                    text run at (0,0) width 94: "John Espectzde"
                RenderBlock {P} at (7,51) size 156x17
                  RenderText {#text} at (0,0) size 80x17
                    text run at (0,0) width 80: "Gene Pheiffer"
                RenderBlock {P} at (7,68) size 156x17
                  RenderText {#text} at (0,0) size 70x17
                    text run at (0,0) width 70: "Harold Todd"
                RenderBlock {P} at (7,85) size 156x17
                  RenderText {#text} at (0,0) size 89x17
                    text run at (0,0) width 89: "Gerald Cardinal"
                RenderBlock {P} at (7,102) size 156x17
                  RenderText {#text} at (0,0) size 70x17
                    text run at (0,0) width 70: "Ali Erdengiz"
                RenderBlock {P} at (7,119) size 156x17
                  RenderText {#text} at (0,0) size 94x17
                    text run at (0,0) width 94: "Jason Anderson"
                  RenderInline {SPAN} at (0,0) size 0x17
                    RenderInline {O:P} at (0,0) size 0x17
              RenderTableCell {TD} at (268,3417) size 99x136 [r=45 c=2 rs=1 cs=1]
                RenderBlock {P} at (7,0) size 85x17
                  RenderText {#text} at (31,0) size 23x17
                    text run at (31,0) width 23: "Yes"
                  RenderInline {SPAN} at (0,0) size 0x17
                    RenderInline {O:P} at (0,0) size 0x17
                RenderBlock {P} at (7,17) size 85x17
                  RenderText {#text} at (31,0) size 23x17
                    text run at (31,0) width 23: "Yes"
                RenderBlock {P} at (7,34) size 85x17
                  RenderText {#text} at (40,0) size 5x17
                    text run at (40,0) width 5: " "
                RenderBlock {P} at (7,51) size 85x17
                  RenderText {#text} at (31,0) size 23x17
                    text run at (31,0) width 23: "Yes"
                RenderBlock {P} at (7,68) size 85x17
                  RenderText {#text} at (40,0) size 5x17
                    text run at (40,0) width 5: " "
                RenderBlock {P} at (7,85) size 85x17
                  RenderText {#text} at (40,0) size 5x17
                    text run at (40,0) width 5: " "
                RenderBlock {P} at (7,102) size 85x17
                  RenderText {#text} at (40,0) size 5x17
                    text run at (40,0) width 5: " "
                RenderBlock {P} at (7,119) size 85x17
                  RenderText {#text} at (31,0) size 23x17
                    text run at (31,0) width 23: "Yes"
                  RenderInline {SPAN} at (0,0) size 0x17
                    RenderInline {O:P} at (0,0) size 0x17
              RenderTableCell {TD} at (367,3417) size 106x136 [r=45 c=3 rs=1 cs=1]
                RenderBlock {P} at (7,0) size 92x17
                  RenderText {#text} at (34,0) size 24x17
                    text run at (34,0) width 24: "Yes"
                  RenderInline {SPAN} at (0,0) size 1x17
                    RenderInline {O:P} at (0,0) size 1x17
                RenderBlock {P} at (7,17) size 92x17
                  RenderText {#text} at (38,0) size 16x17
                    text run at (38,0) width 16: "No"
                RenderBlock {P} at (7,34) size 92x17
                  RenderText {#text} at (44,0) size 4x17
                    text run at (44,0) width 4: " "
                RenderBlock {P} at (7,51) size 92x17
                  RenderText {#text} at (38,0) size 16x17
                    text run at (38,0) width 16: "No"
                RenderBlock {P} at (7,68) size 92x17
                  RenderText {#text} at (44,0) size 4x17
                    text run at (44,0) width 4: " "
                RenderBlock {P} at (7,85) size 92x17
                  RenderText {#text} at (44,0) size 4x17
                    text run at (44,0) width 4: " "
                RenderBlock {P} at (7,102) size 92x17
                  RenderText {#text} at (44,0) size 4x17
                    text run at (44,0) width 4: " "
                RenderBlock {P} at (7,119) size 92x17
                  RenderText {#text} at (38,0) size 16x17
                    text run at (38,0) width 16: "No"
                  RenderInline {SPAN} at (0,0) size 0x17
                    RenderInline {O:P} at (0,0) size 0x17
            RenderTableRow {TR} at (0,3553) size 473x187
              RenderTableCell {TD} at (0,3553) size 98x17 [r=46 c=0 rs=1 cs=1]
                RenderBlock {P} at (7,0) size 84x17
                  RenderText {#text} at (35,0) size 14x17
                    text run at (35,0) width 14: "47"
                  RenderInline {SPAN} at (0,0) size 0x17
                    RenderInline {O:P} at (0,0) size 0x17
              RenderTableCell {TD} at (98,3553) size 170x187 [r=46 c=1 rs=1 cs=1]
                RenderBlock {P} at (7,0) size 156x17
                  RenderText {#text} at (0,0) size 90x17
                    text run at (0,0) width 90: "James Holaduz"
                  RenderInline {SPAN} at (0,0) size 0x17
                    RenderInline {O:P} at (0,0) size 0x17
                RenderBlock {P} at (7,17) size 156x17
                  RenderText {#text} at (0,0) size 49x17
                    text run at (0,0) width 49: "Tony Yu"
                  RenderInline {SPAN} at (0,0) size 0x17
                    RenderInline {O:P} at (0,0) size 0x17
                RenderBlock {P} at (7,34) size 156x17
                  RenderText {#text} at (0,0) size 86x17
                    text run at (0,0) width 86: "Quang Nguyen"
                  RenderInline {SPAN} at (0,0) size 0x17
                    RenderInline {O:P} at (0,0) size 0x17
                RenderBlock {P} at (7,51) size 156x17
                  RenderText {#text} at (0,0) size 78x17
                    text run at (0,0) width 78: "Rick Klement"
                  RenderInline {SPAN} at (0,0) size 0x17
                    RenderInline {O:P} at (0,0) size 0x17
                RenderBlock {P} at (7,68) size 156x17
                  RenderText {#text} at (0,0) size 83x17
                    text run at (0,0) width 83: "Mark Glanville"
                  RenderInline {SPAN} at (0,0) size 0x17
                    RenderInline {O:P} at (0,0) size 0x17
                RenderBlock {P} at (7,85) size 156x17
                  RenderText {#text} at (0,0) size 93x17
                    text run at (0,0) width 93: "Michael Chansu"
                RenderBlock {P} at (7,102) size 156x17
                  RenderText {#text} at (0,0) size 70x17
                    text run at (0,0) width 70: "Harold Todd"
                RenderBlock {P} at (7,119) size 156x17
                  RenderInline {FONT} at (0,0) size 57x17
                    RenderText {#text} at (0,0) size 57x17
                      text run at (0,0) width 57: "Don Coon"
                RenderBlock {P} at (7,136) size 156x17
                  RenderText {#text} at (0,0) size 62x17
                    text run at (0,0) width 62: "John Paye"
                RenderBlock {P} at (7,153) size 156x17
                  RenderText {#text} at (0,0) size 66x17
                    text run at (0,0) width 66: "David Allen"
                RenderBlock {P} at (7,170) size 156x17
                  RenderText {#text} at (0,0) size 112x17
                    text run at (0,0) width 112: "Raymund Leonardo"
                  RenderInline {SPAN} at (0,0) size 0x17
                    RenderInline {O:P} at (0,0) size 0x17
              RenderTableCell {TD} at (268,3553) size 99x187 [r=46 c=2 rs=1 cs=1]
                RenderBlock {P} at (7,0) size 85x17
                  RenderText {#text} at (31,0) size 23x17
                    text run at (31,0) width 23: "Yes"
                  RenderInline {SPAN} at (0,0) size 0x17
                    RenderInline {O:P} at (0,0) size 0x17
                RenderBlock {P} at (7,17) size 85x17
                  RenderText {#text} at (31,0) size 23x17
                    text run at (31,0) width 23: "Yes"
                  RenderInline {SPAN} at (0,0) size 0x17
                    RenderInline {O:P} at (0,0) size 0x17
                RenderBlock {P} at (7,34) size 85x17
                  RenderText {#text} at (31,0) size 23x17
                    text run at (31,0) width 23: "Yes"
                  RenderInline {SPAN} at (0,0) size 0x17
                    RenderInline {O:P} at (0,0) size 0x17
                RenderBlock {P} at (7,51) size 85x17
                  RenderText {#text} at (31,0) size 23x17
                    text run at (31,0) width 23: "Yes"
                  RenderInline {SPAN} at (0,0) size 0x17
                    RenderInline {O:P} at (0,0) size 0x17
                RenderBlock {P} at (7,68) size 85x17
                  RenderText {#text} at (31,0) size 23x17
                    text run at (31,0) width 23: "Yes"
                  RenderInline {SPAN} at (0,0) size 0x17
                    RenderInline {O:P} at (0,0) size 0x17
                RenderBlock {P} at (7,85) size 85x17
                  RenderText {#text} at (31,0) size 23x17
                    text run at (31,0) width 23: "Yes"
                RenderBlock {P} at (7,102) size 85x17
                  RenderText {#text} at (40,0) size 5x17
                    text run at (40,0) width 5: " "
                RenderBlock {P} at (7,119) size 85x17
                  RenderText {#text} at (40,0) size 5x17
                    text run at (40,0) width 5: " "
                RenderBlock {P} at (7,136) size 85x17
                  RenderText {#text} at (40,0) size 5x17
                    text run at (40,0) width 5: " "
                RenderBlock {P} at (7,153) size 85x17
                  RenderText {#text} at (40,0) size 5x17
                    text run at (40,0) width 5: " "
                RenderBlock {P} at (7,170) size 85x17
                  RenderText {#text} at (34,0) size 17x17
                    text run at (34,0) width 17: "No"
                  RenderInline {SPAN} at (0,0) size 1x17
                    RenderInline {O:P} at (0,0) size 1x17
              RenderTableCell {TD} at (367,3553) size 106x187 [r=46 c=3 rs=1 cs=1]
                RenderBlock {P} at (7,0) size 92x17
                  RenderText {#text} at (38,0) size 16x17
                    text run at (38,0) width 16: "No"
                  RenderInline {SPAN} at (0,0) size 0x17
                    RenderInline {O:P} at (0,0) size 0x17
                RenderBlock {P} at (7,17) size 92x17
                  RenderText {#text} at (38,0) size 16x17
                    text run at (38,0) width 16: "No"
                  RenderInline {SPAN} at (0,0) size 0x17
                    RenderInline {O:P} at (0,0) size 0x17
                RenderBlock {P} at (7,34) size 92x17
                  RenderText {#text} at (38,0) size 16x17
                    text run at (38,0) width 16: "No"
                  RenderInline {SPAN} at (0,0) size 0x17
                    RenderInline {O:P} at (0,0) size 0x17
                RenderBlock {P} at (7,51) size 92x17
                  RenderText {#text} at (34,0) size 24x17
                    text run at (34,0) width 24: "Yes"
                  RenderInline {SPAN} at (0,0) size 1x17
                    RenderInline {O:P} at (0,0) size 1x17
                RenderBlock {P} at (7,68) size 92x17
                  RenderText {#text} at (38,0) size 16x17
                    text run at (38,0) width 16: "No"
                  RenderInline {SPAN} at (0,0) size 0x17
                    RenderInline {O:P} at (0,0) size 0x17
                RenderBlock {P} at (7,85) size 92x17
                  RenderText {#text} at (38,0) size 16x17
                    text run at (38,0) width 16: "No"
                RenderBlock {P} at (7,102) size 92x17
                  RenderText {#text} at (44,0) size 4x17
                    text run at (44,0) width 4: " "
                RenderBlock {P} at (7,119) size 92x17
                  RenderText {#text} at (44,0) size 4x17
                    text run at (44,0) width 4: " "
                RenderBlock {P} at (7,136) size 92x17
                  RenderText {#text} at (44,0) size 4x17
                    text run at (44,0) width 4: " "
                RenderBlock {P} at (7,153) size 92x17
                  RenderText {#text} at (44,0) size 4x17
                    text run at (44,0) width 4: " "
                RenderBlock {P} at (7,170) size 92x17
                  RenderText {#text} at (34,0) size 24x17
                    text run at (34,0) width 24: "Yes"
                  RenderInline {SPAN} at (0,0) size 1x17
                    RenderInline {O:P} at (0,0) size 1x17
            RenderTableRow {TR} at (0,3740) size 473x153
              RenderTableCell {TD} at (0,3740) size 98x17 [r=47 c=0 rs=1 cs=1]
                RenderBlock {P} at (7,0) size 84x17
                  RenderText {#text} at (35,0) size 14x17
                    text run at (35,0) width 14: "48"
                  RenderInline {SPAN} at (0,0) size 0x17
                    RenderInline {O:P} at (0,0) size 0x17
              RenderTableCell {TD} at (98,3740) size 170x153 [r=47 c=1 rs=1 cs=1]
                RenderBlock {P} at (7,0) size 156x17
                  RenderText {#text} at (0,0) size 83x17
                    text run at (0,0) width 83: "Mark Glanville"
                  RenderInline {SPAN} at (0,0) size 0x17
                    RenderInline {O:P} at (0,0) size 0x17
                RenderBlock {P} at (7,17) size 156x17
                  RenderText {#text} at (0,0) size 100x17
                    text run at (0,0) width 100: "Ian + Brad Carter"
                RenderBlock {P} at (7,34) size 156x17
                  RenderText {#text} at (0,0) size 86x17
                    text run at (0,0) width 86: "Stefan Kiritzov"
                RenderBlock {P} at (7,51) size 156x17
                  RenderText {#text} at (0,0) size 62x17
                    text run at (0,0) width 62: "Joe Araujo"
                RenderBlock {P} at (7,68) size 156x17
                  RenderText {#text} at (0,0) size 70x17
                    text run at (0,0) width 70: "Harold Todd"
                RenderBlock {P} at (7,85) size 156x17
                  RenderText {#text} at (0,0) size 76x17
                    text run at (0,0) width 76: "Steve Gilbert"
                RenderBlock {P} at (7,102) size 156x17
                  RenderText {#text} at (0,0) size 55x17
                    text run at (0,0) width 55: "Mark Diel"
                RenderBlock {P} at (7,119) size 156x17
                  RenderText {#text} at (0,0) size 95x17
                    text run at (0,0) width 95: "Jack Goodfriend"
                RenderBlock {P} at (7,136) size 156x17
                  RenderText {#text} at (0,0) size 98x17
                    text run at (0,0) width 98: "Ruenjoe (Joe) Lu"
                  RenderInline {SPAN} at (0,0) size 0x17
                    RenderInline {O:P} at (0,0) size 0x17
              RenderTableCell {TD} at (268,3740) size 99x102 [r=47 c=2 rs=1 cs=1]
                RenderBlock {P} at (7,0) size 85x17
                  RenderText {#text} at (31,0) size 23x17
                    text run at (31,0) width 23: "Yes"
                  RenderInline {SPAN} at (0,0) size 0x17
                    RenderInline {O:P} at (0,0) size 0x17
                RenderBlock {P} at (7,17) size 85x17
                  RenderText {#text} at (31,0) size 23x17
                    text run at (31,0) width 23: "Yes"
                RenderBlock {P} at (7,34) size 85x17
                  RenderText {#text} at (31,0) size 23x17
                    text run at (31,0) width 23: "Yes"
                RenderBlock {P} at (7,51) size 85x17
                  RenderText {#text} at (40,0) size 5x17
                    text run at (40,0) width 5: " "
                RenderBlock {P} at (7,68) size 85x17
                  RenderText {#text} at (40,0) size 5x17
                    text run at (40,0) width 5: " "
                RenderBlock {P} at (7,85) size 85x17
                  RenderText {#text} at (31,0) size 23x17
                    text run at (31,0) width 23: "Yes"
                  RenderInline {SPAN} at (0,0) size 0x17
                    RenderInline {O:P} at (0,0) size 0x17
              RenderTableCell {TD} at (367,3740) size 106x102 [r=47 c=3 rs=1 cs=1]
                RenderBlock {P} at (7,0) size 92x17
                  RenderText {#text} at (38,0) size 16x17
                    text run at (38,0) width 16: "No"
                  RenderInline {SPAN} at (0,0) size 0x17
                    RenderInline {O:P} at (0,0) size 0x17
                RenderBlock {P} at (7,17) size 92x17
                  RenderText {#text} at (38,0) size 16x17
                    text run at (38,0) width 16: "No"
                RenderBlock {P} at (7,34) size 92x17
                  RenderText {#text} at (34,0) size 24x17
                    text run at (34,0) width 24: "Yes"
                RenderBlock {P} at (7,51) size 92x17
                  RenderText {#text} at (44,0) size 4x17
                    text run at (44,0) width 4: " "
                RenderBlock {P} at (7,68) size 92x17
                  RenderText {#text} at (44,0) size 4x17
                    text run at (44,0) width 4: " "
                RenderBlock {P} at (7,85) size 92x17
                  RenderText {#text} at (38,0) size 16x17
                    text run at (38,0) width 16: "No"
                  RenderInline {SPAN} at (0,0) size 0x17
                    RenderInline {O:P} at (0,0) size 0x17
            RenderTableRow {TR} at (0,3893) size 473x68
              RenderTableCell {TD} at (0,3893) size 98x17 [r=48 c=0 rs=1 cs=1]
                RenderBlock {P} at (7,0) size 84x17
                  RenderText {#text} at (35,0) size 14x17
                    text run at (35,0) width 14: "49"
                  RenderInline {SPAN} at (0,0) size 0x17
                    RenderInline {O:P} at (0,0) size 0x17
              RenderTableCell {TD} at (98,3893) size 170x68 [r=48 c=1 rs=1 cs=1]
                RenderBlock {P} at (7,0) size 156x17
                  RenderText {#text} at (0,0) size 70x17
                    text run at (0,0) width 70: "Ali Erdengiz"
                RenderBlock {P} at (7,17) size 156x17
                  RenderText {#text} at (0,0) size 66x17
                    text run at (0,0) width 66: "David Allen"
                RenderBlock {P} at (7,34) size 156x17
                  RenderInline {SPAN} at (0,0) size 78x17
                    RenderInline {O:P} at (0,0) size 0x0
                    RenderText {#text} at (0,0) size 78x17
                      text run at (0,0) width 78: "Narayen Raju"
                RenderBlock {P} at (7,51) size 156x17
                  RenderInline {SPAN} at (0,0) size 94x17
                    RenderText {#text} at (0,0) size 94x17
                      text run at (0,0) width 39: "Jason "
                      text run at (39,0) width 55: "Anderson"
              RenderTableCell {TD} at (268,3893) size 99x68 [r=48 c=2 rs=1 cs=1]
                RenderBlock {P} at (7,0) size 85x17
                  RenderText {#text} at (40,0) size 5x17
                    text run at (40,0) width 5: " "
                RenderBlock {P} at (7,17) size 85x17
                  RenderText {#text} at (40,0) size 5x17
                    text run at (40,0) width 5: " "
                RenderBlock {P} at (7,34) size 85x17
                  RenderText {#text} at (40,0) size 5x17
                    text run at (40,0) width 5: " "
                RenderBlock {P} at (7,51) size 85x17
                  RenderText {#text} at (31,0) size 23x17
                    text run at (31,0) width 23: "Yes"
                  RenderInline {SPAN} at (0,0) size 0x17
                    RenderInline {O:P} at (0,0) size 0x17
              RenderTableCell {TD} at (367,3893) size 106x68 [r=48 c=3 rs=1 cs=1]
                RenderBlock {P} at (7,0) size 92x17
                  RenderText {#text} at (44,0) size 4x17
                    text run at (44,0) width 4: " "
                RenderBlock {P} at (7,17) size 92x17
                  RenderText {#text} at (44,0) size 4x17
                    text run at (44,0) width 4: " "
                RenderBlock {P} at (7,34) size 92x17
                  RenderText {#text} at (44,0) size 4x17
                    text run at (44,0) width 4: " "
                RenderBlock {P} at (7,51) size 92x17
                  RenderText {#text} at (38,0) size 16x17
                    text run at (38,0) width 16: "No"
                  RenderInline {SPAN} at (0,0) size 0x17
                    RenderInline {O:P} at (0,0) size 0x17
            RenderTableRow {TR} at (0,3961) size 473x153
              RenderTableCell {TD} at (0,3961) size 98x17 [r=49 c=0 rs=1 cs=1]
                RenderBlock {P} at (7,0) size 84x17
                  RenderText {#text} at (35,0) size 14x17
                    text run at (35,0) width 14: "50"
                  RenderInline {SPAN} at (0,0) size 0x17
                    RenderInline {O:P} at (0,0) size 0x17
              RenderTableCell {TD} at (98,3961) size 170x153 [r=49 c=1 rs=1 cs=1]
                RenderBlock {P} at (7,0) size 156x17
                  RenderText {#text} at (0,0) size 56x17
                    text run at (0,0) width 56: "Zak West"
                  RenderInline {SPAN} at (0,0) size 0x17
                    RenderInline {O:P} at (0,0) size 0x17
                RenderBlock {P} at (7,17) size 156x17
                  RenderText {#text} at (0,0) size 78x17
                    text run at (0,0) width 78: "Rick Klement"
                  RenderInline {SPAN} at (0,0) size 0x17
                    RenderInline {O:P} at (0,0) size 0x17
                RenderBlock {P} at (7,34) size 156x17
                  RenderText {#text} at (0,0) size 62x17
                    text run at (0,0) width 62: "Jim Bernal"
                RenderBlock {P} at (7,51) size 156x17
                  RenderText {#text} at (0,0) size 88x17
                    text run at (0,0) width 88: "Alan Littlewood"
                RenderBlock {P} at (7,68) size 156x17
                  RenderText {#text} at (0,0) size 66x17
                    text run at (0,0) width 66: "Jerry Davis"
                RenderBlock {P} at (7,85) size 156x17
                  RenderText {#text} at (0,0) size 91x17
                    text run at (0,0) width 91: "Lauren Bussard"
                RenderBlock {P} at (7,102) size 156x17
                  RenderText {#text} at (0,0) size 89x17
                    text run at (0,0) width 89: "John Yearwood"
                RenderBlock {P} at (7,119) size 156x17
                  RenderText {#text} at (0,0) size 78x17
                    text run at (0,0) width 78: "Narayan Raju"
                RenderBlock {P} at (7,136) size 156x17
                  RenderText {#text} at (0,0) size 69x17
                    text run at (0,0) width 69: "Ken Manuel"
                  RenderInline {SPAN} at (0,0) size 0x17
                    RenderInline {O:P} at (0,0) size 0x17
              RenderTableCell {TD} at (268,3961) size 99x119 [r=49 c=2 rs=1 cs=1]
                RenderBlock {P} at (7,0) size 85x17
                  RenderText {#text} at (31,0) size 23x17
                    text run at (31,0) width 23: "Yes"
                  RenderInline {SPAN} at (0,0) size 0x17
                    RenderInline {O:P} at (0,0) size 0x17
                RenderBlock {P} at (7,17) size 85x17
                  RenderText {#text} at (31,0) size 23x17
                    text run at (31,0) width 23: "Yes"
                  RenderInline {SPAN} at (0,0) size 0x17
                    RenderInline {O:P} at (0,0) size 0x17
                RenderBlock {P} at (7,34) size 85x17
                  RenderText {#text} at (31,0) size 23x17
                    text run at (31,0) width 23: "Yes"
                RenderBlock {P} at (7,51) size 85x17
                  RenderText {#text} at (31,0) size 23x17
                    text run at (31,0) width 23: "Yes"
                RenderBlock {P} at (7,68) size 85x17
                  RenderText {#text} at (31,0) size 23x17
                    text run at (31,0) width 23: "Yes"
                RenderBlock {P} at (7,85) size 85x17
                  RenderText {#text} at (40,0) size 5x17
                    text run at (40,0) width 5: " "
                RenderBlock {P} at (7,102) size 85x17
                  RenderText {#text} at (31,0) size 23x17
                    text run at (31,0) width 23: "Yes"
                  RenderInline {SPAN} at (0,0) size 0x17
                    RenderInline {O:P} at (0,0) size 0x17
              RenderTableCell {TD} at (367,3961) size 106x119 [r=49 c=3 rs=1 cs=1]
                RenderBlock {P} at (7,0) size 92x17
                  RenderText {#text} at (34,0) size 24x17
                    text run at (34,0) width 24: "Yes"
                  RenderInline {SPAN} at (0,0) size 1x17
                    RenderInline {O:P} at (0,0) size 1x17
                RenderBlock {P} at (7,17) size 92x17
                  RenderText {#text} at (34,0) size 24x17
                    text run at (34,0) width 24: "Yes"
                  RenderInline {SPAN} at (0,0) size 1x17
                    RenderInline {O:P} at (0,0) size 1x17
                RenderBlock {P} at (7,34) size 92x17
                  RenderText {#text} at (38,0) size 16x17
                    text run at (38,0) width 16: "No"
                RenderBlock {P} at (7,51) size 92x17
                  RenderText {#text} at (38,0) size 16x17
                    text run at (38,0) width 16: "No"
                RenderBlock {P} at (7,68) size 92x17
                  RenderText {#text} at (34,0) size 24x17
                    text run at (34,0) width 24: "Yes"
                RenderBlock {P} at (7,85) size 92x17
                  RenderText {#text} at (44,0) size 4x17
                    text run at (44,0) width 4: " "
                RenderBlock {P} at (7,102) size 92x17
                  RenderText {#text} at (38,0) size 16x17
                    text run at (38,0) width 16: "No"
                  RenderInline {SPAN} at (0,0) size 0x17
                    RenderInline {O:P} at (0,0) size 0x17
            RenderTableRow {TR} at (0,4114) size 473x51
              RenderTableCell {TD} at (0,4114) size 98x17 [r=50 c=0 rs=1 cs=1]
                RenderBlock {P} at (7,0) size 84x17
                  RenderText {#text} at (35,0) size 14x17
                    text run at (35,0) width 14: "51"
                  RenderInline {SPAN} at (0,0) size 0x17
                    RenderInline {O:P} at (0,0) size 0x17
              RenderTableCell {TD} at (98,4114) size 170x51 [r=50 c=1 rs=1 cs=1]
                RenderBlock {P} at (7,0) size 156x17
                  RenderText {#text} at (0,0) size 84x17
                    text run at (0,0) width 84: "Robert Barnett"
                RenderBlock {P} at (7,17) size 156x17
                  RenderText {#text} at (0,0) size 78x17
                    text run at (0,0) width 78: "Jim Mahoney"
                RenderBlock {P} at (7,34) size 156x17
                  RenderText {#text} at (0,0) size 94x17
                    text run at (0,0) width 94: "Jason Anderson"
                  RenderInline {SPAN} at (0,0) size 0x17
                    RenderInline {O:P} at (0,0) size 0x17
              RenderTableCell {TD} at (268,4114) size 99x51 [r=50 c=2 rs=1 cs=1]
                RenderBlock {P} at (7,0) size 85x17
                  RenderText {#text} at (31,0) size 23x17
                    text run at (31,0) width 23: "Yes"
                RenderBlock {P} at (7,17) size 85x17
                  RenderText {#text} at (31,0) size 23x17
                    text run at (31,0) width 23: "Yes"
                RenderBlock {P} at (7,34) size 85x17
                  RenderText {#text} at (31,0) size 23x17
                    text run at (31,0) width 23: "Yes"
                  RenderInline {SPAN} at (0,0) size 0x17
                    RenderInline {O:P} at (0,0) size 0x17
              RenderTableCell {TD} at (367,4114) size 106x51 [r=50 c=3 rs=1 cs=1]
                RenderBlock {P} at (7,0) size 92x17
                  RenderInline {SPAN} at (0,0) size 16x17
                    RenderText {#text} at (38,0) size 16x17
                      text run at (38,0) width 16: "No"
                    RenderInline {O:P} at (0,0) size 0x17
                RenderBlock {P} at (7,17) size 92x17
                  RenderInline {SPAN} at (0,0) size 24x17
                    RenderText {#text} at (34,0) size 24x17
                      text run at (34,0) width 24: "Yes"
                RenderBlock {P} at (7,34) size 92x17
                  RenderInline {SPAN} at (0,0) size 16x17
                    RenderText {#text} at (38,0) size 16x17
                      text run at (38,0) width 16: "No"
                  RenderInline {SPAN} at (0,0) size 0x17
                    RenderInline {O:P} at (0,0) size 0x17
            RenderTableRow {TR} at (0,4165) size 473x85
              RenderTableCell {TD} at (0,4165) size 98x17 [r=51 c=0 rs=1 cs=1]
                RenderBlock {P} at (7,0) size 84x17
                  RenderText {#text} at (35,0) size 14x17
                    text run at (35,0) width 14: "52"
                  RenderInline {SPAN} at (0,0) size 0x17
                    RenderInline {O:P} at (0,0) size 0x17
              RenderTableCell {TD} at (98,4165) size 170x85 [r=51 c=1 rs=1 cs=1]
                RenderBlock {P} at (7,0) size 156x17
                  RenderText {#text} at (0,0) size 62x17
                    text run at (0,0) width 62: "Mike West"
                  RenderInline {SPAN} at (0,0) size 0x17
                    RenderInline {O:P} at (0,0) size 0x17
                RenderBlock {P} at (7,17) size 156x17
                  RenderText {#text} at (0,0) size 86x17
                    text run at (0,0) width 86: "Robert Frogner"
                RenderBlock {P} at (7,34) size 156x17
                  RenderText {#text} at (0,0) size 90x17
                    text run at (0,0) width 90: "Chris McDowell"
                RenderBlock {P} at (7,51) size 156x17
                  RenderText {#text} at (0,0) size 58x17
                    text run at (0,0) width 58: "Ed Cypret"
                RenderBlock {P} at (7,68) size 156x17
                  RenderText {#text} at (0,0) size 72x17
                    text run at (0,0) width 72: "Dale Barnett"
                  RenderInline {SPAN} at (0,0) size 0x17
                    RenderInline {O:P} at (0,0) size 0x17
              RenderTableCell {TD} at (268,4165) size 99x85 [r=51 c=2 rs=1 cs=1]
                RenderBlock {P} at (7,0) size 85x17
                  RenderText {#text} at (31,0) size 23x17
                    text run at (31,0) width 23: "Yes"
                  RenderInline {SPAN} at (0,0) size 0x17
                    RenderInline {O:P} at (0,0) size 0x17
                RenderBlock {P} at (7,17) size 85x17
                  RenderText {#text} at (31,0) size 23x17
                    text run at (31,0) width 23: "Yes"
                RenderBlock {P} at (7,34) size 85x17
                  RenderText {#text} at (31,0) size 23x17
                    text run at (31,0) width 23: "Yes"
                RenderBlock {P} at (7,51) size 85x17
                  RenderText {#text} at (40,0) size 5x17
                    text run at (40,0) width 5: " "
                RenderBlock {P} at (7,68) size 85x17
                  RenderText {#text} at (31,0) size 23x17
                    text run at (31,0) width 23: "Yes"
                  RenderInline {SPAN} at (0,0) size 0x17
                    RenderInline {O:P} at (0,0) size 0x17
              RenderTableCell {TD} at (367,4165) size 106x85 [r=51 c=3 rs=1 cs=1]
                RenderBlock {P} at (7,0) size 92x17
                  RenderText {#text} at (34,0) size 24x17
                    text run at (34,0) width 24: "Yes"
                  RenderInline {SPAN} at (0,0) size 1x17
                    RenderInline {O:P} at (0,0) size 1x17
                RenderBlock {P} at (7,17) size 92x17
                  RenderText {#text} at (38,0) size 16x17
                    text run at (38,0) width 16: "No"
                RenderBlock {P} at (7,34) size 92x17
                  RenderText {#text} at (38,0) size 16x17
                    text run at (38,0) width 16: "No"
                RenderBlock {P} at (7,51) size 92x17
                  RenderText {#text} at (44,0) size 4x17
                    text run at (44,0) width 4: " "
                RenderBlock {P} at (7,68) size 92x17
                  RenderText {#text} at (38,0) size 16x17
                    text run at (38,0) width 16: "No"
                  RenderInline {SPAN} at (0,0) size 0x17
                    RenderInline {O:P} at (0,0) size 0x17
            RenderTableRow {TR} at (0,4250) size 473x85
              RenderTableCell {TD} at (0,4250) size 98x17 [r=52 c=0 rs=1 cs=1]
                RenderBlock {P} at (7,0) size 84x17
                  RenderText {#text} at (35,0) size 14x17
                    text run at (35,0) width 14: "53"
                  RenderInline {SPAN} at (0,0) size 0x17
                    RenderInline {O:P} at (0,0) size 0x17
              RenderTableCell {TD} at (98,4250) size 170x85 [r=52 c=1 rs=1 cs=1]
                RenderBlock {P} at (7,0) size 156x17
                  RenderText {#text} at (0,0) size 87x17
                    text run at (0,0) width 87: "Alberto Lanzas"
                  RenderInline {SPAN} at (0,0) size 0x17
                    RenderInline {O:P} at (0,0) size 0x17
                RenderBlock {P} at (7,17) size 156x17
                  RenderText {#text} at (0,0) size 71x17
                    text run at (0,0) width 71: "Bill Johnson"
                RenderBlock {P} at (7,34) size 156x17
                  RenderText {#text} at (0,0) size 43x17
                    text run at (0,0) width 43: "Al Wert"
                RenderBlock {P} at (7,51) size 156x17
                  RenderText {#text} at (0,0) size 72x17
                    text run at (0,0) width 72: "Dale Barnett"
                RenderBlock {P} at (7,68) size 156x17
                  RenderText {#text} at (0,0) size 109x17
                    text run at (0,0) width 109: "Ramin Khoshnevis"
                  RenderInline {SPAN} at (0,0) size 0x17
                    RenderInline {O:P} at (0,0) size 0x17
              RenderTableCell {TD} at (268,4250) size 99x85 [r=52 c=2 rs=1 cs=1]
                RenderBlock {P} at (7,0) size 85x17
                  RenderText {#text} at (31,0) size 23x17
                    text run at (31,0) width 23: "Yes"
                  RenderInline {SPAN} at (0,0) size 0x17
                    RenderInline {O:P} at (0,0) size 0x17
                RenderBlock {P} at (7,17) size 85x17
                  RenderText {#text} at (31,0) size 23x17
                    text run at (31,0) width 23: "Yes"
                RenderBlock {P} at (7,34) size 85x17
                  RenderText {#text} at (34,0) size 17x17
                    text run at (34,0) width 17: "No"
                RenderBlock {P} at (7,51) size 85x17
                  RenderText {#text} at (31,0) size 23x17
                    text run at (31,0) width 23: "Yes"
                RenderBlock {P} at (7,68) size 85x17
                  RenderText {#text} at (31,0) size 23x17
                    text run at (31,0) width 23: "Yes"
                  RenderInline {SPAN} at (0,0) size 0x17
                    RenderInline {O:P} at (0,0) size 0x17
              RenderTableCell {TD} at (367,4250) size 106x85 [r=52 c=3 rs=1 cs=1]
                RenderBlock {P} at (7,0) size 92x17
                  RenderText {#text} at (34,0) size 24x17
                    text run at (34,0) width 24: "Yes"
                  RenderInline {SPAN} at (0,0) size 1x17
                    RenderInline {O:P} at (0,0) size 1x17
                RenderBlock {P} at (7,17) size 92x17
                  RenderText {#text} at (38,0) size 16x17
                    text run at (38,0) width 16: "No"
                RenderBlock {P} at (7,34) size 92x17
                  RenderText {#text} at (34,0) size 24x17
                    text run at (34,0) width 24: "Yes"
                RenderBlock {P} at (7,51) size 92x17
                  RenderText {#text} at (38,0) size 16x17
                    text run at (38,0) width 16: "No"
                RenderBlock {P} at (7,68) size 92x17
                  RenderText {#text} at (38,0) size 16x17
                    text run at (38,0) width 16: "No"
                  RenderInline {SPAN} at (0,0) size 0x17
                    RenderInline {O:P} at (0,0) size 0x17
            RenderTableRow {TR} at (0,4335) size 473x119
              RenderTableCell {TD} at (0,4335) size 98x17 [r=53 c=0 rs=1 cs=1]
                RenderBlock {P} at (7,0) size 84x17
                  RenderText {#text} at (35,0) size 14x17
                    text run at (35,0) width 14: "54"
                  RenderInline {SPAN} at (0,0) size 0x17
                    RenderInline {O:P} at (0,0) size 0x17
              RenderTableCell {TD} at (98,4335) size 170x119 [r=53 c=1 rs=1 cs=1]
                RenderBlock {P} at (7,0) size 156x17
                  RenderText {#text} at (0,0) size 80x17
                    text run at (0,0) width 80: "Gene Langley"
                RenderBlock {P} at (7,17) size 156x17
                  RenderText {#text} at (0,0) size 71x17
                    text run at (0,0) width 71: "Bill Johnson"
                RenderBlock {P} at (7,34) size 156x17
                  RenderText {#text} at (0,0) size 55x17
                    text run at (0,0) width 55: "Mark Diel"
                RenderBlock {P} at (7,51) size 156x17
                  RenderText {#text} at (0,0) size 66x17
                    text run at (0,0) width 66: "Jerry Davis"
                RenderBlock {P} at (7,68) size 156x17
                  RenderText {#text} at (0,0) size 63x17
                    text run at (0,0) width 63: "Peter Starr"
                RenderBlock {P} at (7,85) size 156x17
                  RenderText {#text} at (0,0) size 89x17
                    text run at (0,0) width 89: "John Yearwood"
                RenderBlock {P} at (7,102) size 156x17
                  RenderText {#text} at (0,0) size 69x17
                    text run at (0,0) width 69: "Scott Hersh"
                  RenderInline {SPAN} at (0,0) size 0x17
                    RenderInline {O:P} at (0,0) size 0x17
              RenderTableCell {TD} at (268,4335) size 99x119 [r=53 c=2 rs=1 cs=1]
                RenderBlock {P} at (7,0) size 85x17
                  RenderText {#text} at (31,0) size 23x17
                    text run at (31,0) width 23: "Yes"
                RenderBlock {P} at (7,17) size 85x17
                  RenderText {#text} at (31,0) size 23x17
                    text run at (31,0) width 23: "Yes"
                RenderBlock {P} at (7,34) size 85x17
                  RenderText {#text} at (40,0) size 5x17
                    text run at (40,0) width 5: " "
                RenderBlock {P} at (7,51) size 85x17
                  RenderText {#text} at (31,0) size 23x17
                    text run at (31,0) width 23: "Yes"
                RenderBlock {P} at (7,68) size 85x17
                  RenderText {#text} at (40,0) size 5x17
                    text run at (40,0) width 5: " "
                RenderBlock {P} at (7,85) size 85x17
                  RenderText {#text} at (31,0) size 23x17
                    text run at (31,0) width 23: "Yes"
                RenderBlock {P} at (7,102) size 85x17
                  RenderText {#text} at (31,0) size 23x17
                    text run at (31,0) width 23: "Yes"
                  RenderInline {SPAN} at (0,0) size 0x17
                    RenderInline {O:P} at (0,0) size 0x17
              RenderTableCell {TD} at (367,4335) size 106x119 [r=53 c=3 rs=1 cs=1]
                RenderBlock {P} at (7,0) size 92x17
                  RenderText {#text} at (4,0) size 84x17
                    text run at (4,0) width 84: "Gyro wannabe"
                RenderBlock {P} at (7,17) size 92x17
                  RenderText {#text} at (38,0) size 16x17
                    text run at (38,0) width 16: "No"
                RenderBlock {P} at (7,34) size 92x17
                  RenderText {#text} at (44,0) size 4x17
                    text run at (44,0) width 4: " "
                RenderBlock {P} at (7,51) size 92x17
                  RenderText {#text} at (38,0) size 16x17
                    text run at (38,0) width 16: "No"
                RenderBlock {P} at (7,68) size 92x17
                  RenderText {#text} at (44,0) size 4x17
                    text run at (44,0) width 4: " "
                RenderBlock {P} at (7,85) size 92x17
                  RenderText {#text} at (38,0) size 16x17
                    text run at (38,0) width 16: "No"
                RenderBlock {P} at (7,102) size 92x17
                  RenderText {#text} at (38,0) size 16x17
                    text run at (38,0) width 16: "No"
                  RenderInline {SPAN} at (0,0) size 0x17
                    RenderInline {O:P} at (0,0) size 0x17
            RenderTableRow {TR} at (0,4454) size 473x51
              RenderTableCell {TD} at (0,4454) size 98x17 [r=54 c=0 rs=1 cs=1]
                RenderBlock {P} at (7,0) size 84x17
                  RenderText {#text} at (35,0) size 14x17
                    text run at (35,0) width 14: "55"
                  RenderInline {SPAN} at (0,0) size 0x17
                    RenderInline {O:P} at (0,0) size 0x17
              RenderTableCell {TD} at (98,4454) size 170x51 [r=54 c=1 rs=1 cs=1]
                RenderBlock {P} at (7,0) size 156x17
                  RenderText {#text} at (0,0) size 87x17
                    text run at (0,0) width 87: "Alberto Lanzas"
                  RenderInline {SPAN} at (0,0) size 0x17
                    RenderInline {O:P} at (0,0) size 0x17
                RenderBlock {P} at (7,17) size 156x17
                  RenderText {#text} at (0,0) size 61x17
                    text run at (0,0) width 61: "Bob Roger"
                RenderBlock {P} at (7,34) size 156x17
                  RenderText {#text} at (0,0) size 80x17
                    text run at (0,0) width 80: "Randy StClair"
                  RenderInline {SPAN} at (0,0) size 0x17
                    RenderInline {O:P} at (0,0) size 0x17
              RenderTableCell {TD} at (268,4454) size 99x51 [r=54 c=2 rs=1 cs=1]
                RenderBlock {P} at (7,0) size 85x17
                  RenderText {#text} at (31,0) size 23x17
                    text run at (31,0) width 23: "Yes"
                  RenderInline {SPAN} at (0,0) size 0x17
                    RenderInline {O:P} at (0,0) size 0x17
                RenderBlock {P} at (7,17) size 85x17
                  RenderText {#text} at (31,0) size 23x17
                    text run at (31,0) width 23: "Yes"
                RenderBlock {P} at (7,34) size 85x17
                  RenderText {#text} at (31,0) size 23x17
                    text run at (31,0) width 23: "Yes"
                  RenderInline {SPAN} at (0,0) size 0x17
                    RenderInline {O:P} at (0,0) size 0x17
              RenderTableCell {TD} at (367,4454) size 106x51 [r=54 c=3 rs=1 cs=1]
                RenderBlock {P} at (7,0) size 92x17
                  RenderText {#text} at (34,0) size 24x17
                    text run at (34,0) width 24: "Yes"
                  RenderInline {SPAN} at (0,0) size 1x17
                    RenderInline {O:P} at (0,0) size 1x17
                RenderBlock {P} at (7,17) size 92x17
                  RenderText {#text} at (38,0) size 16x17
                    text run at (38,0) width 16: "No"
                RenderBlock {P} at (7,34) size 92x17
                  RenderText {#text} at (38,0) size 16x17
                    text run at (38,0) width 16: "No"
                  RenderInline {SPAN} at (0,0) size 0x17
                    RenderInline {O:P} at (0,0) size 0x17
            RenderTableRow {TR} at (0,4505) size 473x85
              RenderTableCell {TD} at (0,4505) size 98x17 [r=55 c=0 rs=1 cs=1]
                RenderBlock {P} at (7,0) size 84x17
                  RenderText {#text} at (35,0) size 14x17
                    text run at (35,0) width 14: "56"
                  RenderInline {SPAN} at (0,0) size 0x17
                    RenderInline {O:P} at (0,0) size 0x17
              RenderTableCell {TD} at (98,4505) size 170x85 [r=55 c=1 rs=1 cs=1]
                RenderBlock {P} at (7,0) size 156x17
                  RenderText {#text} at (0,0) size 83x17
                    text run at (0,0) width 83: "Mark Glanville"
                RenderBlock {P} at (7,17) size 156x17
                  RenderText {#text} at (0,0) size 76x17
                    text run at (0,0) width 76: "Steve Gilbert"
                RenderBlock {P} at (7,34) size 156x17
                  RenderText {#text} at (0,0) size 66x17
                    text run at (0,0) width 66: "Jerry Davis"
                RenderBlock {P} at (7,51) size 156x17
                  RenderText {#text} at (0,0) size 71x17
                    text run at (0,0) width 71: "Rich Saunef"
                RenderBlock {P} at (7,68) size 156x17
                  RenderText {#text} at (0,0) size 74x17
                    text run at (0,0) width 74: "Harald Close"
                  RenderInline {SPAN} at (0,0) size 0x17
                    RenderInline {O:P} at (0,0) size 0x17
              RenderTableCell {TD} at (268,4505) size 99x85 [r=55 c=2 rs=1 cs=1]
                RenderBlock {P} at (7,0) size 85x17
                  RenderText {#text} at (31,0) size 23x17
                    text run at (31,0) width 23: "Yes"
                RenderBlock {P} at (7,17) size 85x17
                  RenderText {#text} at (31,0) size 23x17
                    text run at (31,0) width 23: "Yes"
                RenderBlock {P} at (7,34) size 85x17
                  RenderText {#text} at (31,0) size 23x17
                    text run at (31,0) width 23: "Yes"
                RenderBlock {P} at (7,51) size 85x17
                  RenderText {#text} at (31,0) size 23x17
                    text run at (31,0) width 23: "Yes"
                RenderBlock {P} at (7,68) size 85x17
                  RenderText {#text} at (31,0) size 23x17
                    text run at (31,0) width 23: "Yes"
                  RenderInline {SPAN} at (0,0) size 0x17
                    RenderInline {O:P} at (0,0) size 0x17
              RenderTableCell {TD} at (367,4505) size 106x85 [r=55 c=3 rs=1 cs=1]
                RenderBlock {P} at (7,0) size 92x17
                  RenderText {#text} at (38,0) size 16x17
                    text run at (38,0) width 16: "No"
                RenderBlock {P} at (7,17) size 92x17
                  RenderText {#text} at (38,0) size 16x17
                    text run at (38,0) width 16: "No"
                RenderBlock {P} at (7,34) size 92x17
                  RenderText {#text} at (38,0) size 16x17
                    text run at (38,0) width 16: "No"
                RenderBlock {P} at (7,51) size 92x17
                  RenderText {#text} at (38,0) size 16x17
                    text run at (38,0) width 16: "No"
                RenderBlock {P} at (7,68) size 92x17
                  RenderText {#text} at (38,0) size 16x17
                    text run at (38,0) width 16: "No"
                  RenderInline {SPAN} at (0,0) size 0x17
                    RenderInline {O:P} at (0,0) size 0x17
            RenderTableRow {TR} at (0,4590) size 473x51
              RenderTableCell {TD} at (0,4590) size 98x17 [r=56 c=0 rs=1 cs=1]
                RenderBlock {P} at (7,0) size 84x17
                  RenderText {#text} at (35,0) size 14x17
                    text run at (35,0) width 14: "57"
                  RenderInline {SPAN} at (0,0) size 0x17
                    RenderInline {O:P} at (0,0) size 0x17
              RenderTableCell {TD} at (98,4590) size 170x51 [r=56 c=1 rs=1 cs=1]
                RenderBlock {P} at (7,0) size 156x17
                  RenderText {#text} at (0,0) size 61x17
                    text run at (0,0) width 61: "Bob Roger"
                RenderBlock {P} at (7,17) size 156x17
                  RenderText {#text} at (0,0) size 72x17
                    text run at (0,0) width 72: "Rich Burnett"
                RenderBlock {P} at (7,34) size 156x17
                  RenderText {#text} at (0,0) size 67x17
                    text run at (0,0) width 67: "David Dunn"
                  RenderInline {SPAN} at (0,0) size 0x17
                    RenderInline {O:P} at (0,0) size 0x17
              RenderTableCell {TD} at (268,4590) size 99x17 [r=56 c=2 rs=1 cs=1]
                RenderBlock {P} at (7,0) size 85x17
                  RenderText {#text} at (31,0) size 23x17
                    text run at (31,0) width 23: "Yes"
                  RenderInline {SPAN} at (0,0) size 0x17
                    RenderInline {O:P} at (0,0) size 0x17
              RenderTableCell {TD} at (367,4590) size 106x17 [r=56 c=3 rs=1 cs=1]
                RenderBlock {P} at (7,0) size 92x17
                  RenderText {#text} at (38,0) size 16x17
                    text run at (38,0) width 16: "No"
                  RenderInline {SPAN} at (0,0) size 0x17
                    RenderInline {O:P} at (0,0) size 0x17
            RenderTableRow {TR} at (0,4641) size 473x68
              RenderTableCell {TD} at (0,4641) size 98x17 [r=57 c=0 rs=1 cs=1]
                RenderBlock {P} at (7,0) size 84x17
                  RenderText {#text} at (35,0) size 14x17
                    text run at (35,0) width 14: "58"
                  RenderInline {SPAN} at (0,0) size 0x17
                    RenderInline {O:P} at (0,0) size 0x17
              RenderTableCell {TD} at (98,4641) size 170x68 [r=57 c=1 rs=1 cs=1]
                RenderBlock {P} at (7,0) size 156x17
                  RenderText {#text} at (0,0) size 100x17
                    text run at (0,0) width 100: "Ian + Brad Carter"
                  RenderInline {SPAN} at (0,0) size 0x17
                    RenderInline {O:P} at (0,0) size 0x17
                RenderBlock {P} at (7,17) size 156x17
                  RenderText {#text} at (0,0) size 71x17
                    text run at (0,0) width 71: "Bill Johnson"
                RenderBlock {P} at (7,34) size 156x17
                  RenderText {#text} at (0,0) size 81x17
                    text run at (0,0) width 81: "Chuck Pringle"
                RenderBlock {P} at (7,51) size 156x17
                  RenderText {#text} at (0,0) size 67x17
                    text run at (0,0) width 67: "David Dunn"
                  RenderInline {SPAN} at (0,0) size 0x17
                    RenderInline {O:P} at (0,0) size 0x17
              RenderTableCell {TD} at (268,4641) size 99x51 [r=57 c=2 rs=1 cs=1]
                RenderBlock {P} at (7,0) size 85x17
                  RenderText {#text} at (31,0) size 23x17
                    text run at (31,0) width 23: "Yes"
                  RenderInline {SPAN} at (0,0) size 0x17
                    RenderInline {O:P} at (0,0) size 0x17
                RenderBlock {P} at (7,17) size 85x17
                  RenderText {#text} at (31,0) size 23x17
                    text run at (31,0) width 23: "Yes"
                RenderBlock {P} at (7,34) size 85x17
                  RenderText {#text} at (31,0) size 23x17
                    text run at (31,0) width 23: "Yes"
                  RenderInline {SPAN} at (0,0) size 0x17
                    RenderInline {O:P} at (0,0) size 0x17
              RenderTableCell {TD} at (367,4641) size 106x51 [r=57 c=3 rs=1 cs=1]
                RenderBlock {P} at (7,0) size 92x17
                  RenderText {#text} at (38,0) size 16x17
                    text run at (38,0) width 16: "No"
                  RenderInline {SPAN} at (0,0) size 0x17
                    RenderInline {O:P} at (0,0) size 0x17
                RenderBlock {P} at (7,17) size 92x17
                  RenderText {#text} at (38,0) size 16x17
                    text run at (38,0) width 16: "No"
                RenderBlock {P} at (7,34) size 92x17
                  RenderText {#text} at (38,0) size 16x17
                    text run at (38,0) width 16: "No"
                  RenderInline {SPAN} at (0,0) size 0x17
                    RenderInline {O:P} at (0,0) size 0x17
            RenderTableRow {TR} at (0,4709) size 473x34
              RenderTableCell {TD} at (0,4709) size 98x17 [r=58 c=0 rs=1 cs=1]
                RenderBlock {P} at (7,0) size 84x17
                  RenderText {#text} at (35,0) size 14x17
                    text run at (35,0) width 14: "59"
                  RenderInline {SPAN} at (0,0) size 0x17
                    RenderInline {O:P} at (0,0) size 0x17
              RenderTableCell {TD} at (98,4709) size 170x34 [r=58 c=1 rs=1 cs=1]
                RenderBlock {P} at (7,0) size 156x17
                  RenderText {#text} at (0,0) size 61x17
                    text run at (0,0) width 61: "Bob Roger"
                RenderBlock {P} at (7,17) size 156x17
                  RenderText {#text} at (0,0) size 72x17
                    text run at (0,0) width 72: "Rich Burnett"
                  RenderInline {SPAN} at (0,0) size 0x17
                    RenderInline {O:P} at (0,0) size 0x17
              RenderTableCell {TD} at (268,4709) size 99x17 [r=58 c=2 rs=1 cs=1]
                RenderBlock {P} at (7,0) size 85x17
                  RenderText {#text} at (31,0) size 23x17
                    text run at (31,0) width 23: "Yes"
                  RenderInline {SPAN} at (0,0) size 0x17
                    RenderInline {O:P} at (0,0) size 0x17
              RenderTableCell {TD} at (367,4709) size 106x17 [r=58 c=3 rs=1 cs=1]
                RenderBlock {P} at (7,0) size 92x17
                  RenderText {#text} at (38,0) size 16x17
                    text run at (38,0) width 16: "No"
                  RenderInline {SPAN} at (0,0) size 0x17
                    RenderInline {O:P} at (0,0) size 0x17
            RenderTableRow {TR} at (0,4743) size 473x68
              RenderTableCell {TD} at (0,4743) size 98x17 [r=59 c=0 rs=1 cs=1]
                RenderBlock {P} at (7,0) size 84x17
                  RenderText {#text} at (35,0) size 14x17
                    text run at (35,0) width 14: "60"
                  RenderInline {SPAN} at (0,0) size 0x17
                    RenderInline {O:P} at (0,0) size 0x17
              RenderTableCell {TD} at (98,4743) size 170x68 [r=59 c=1 rs=1 cs=1]
                RenderBlock {P} at (7,0) size 156x17
                  RenderText {#text} at (0,0) size 71x17
                    text run at (0,0) width 71: "Bill Johnson"
                RenderBlock {P} at (7,17) size 156x17
                  RenderText {#text} at (0,0) size 95x17
                    text run at (0,0) width 95: "Vladimir Dvorkin"
                RenderBlock {P} at (7,34) size 156x17
                  RenderText {#text} at (0,0) size 57x17
                    text run at (0,0) width 57: "Ken Price"
                RenderBlock {P} at (7,51) size 156x17
                  RenderText {#text} at (0,0) size 99x17
                    text run at (0,0) width 99: "Rick Rasmussen"
                  RenderInline {SPAN} at (0,0) size 0x17
                    RenderInline {O:P} at (0,0) size 0x17
              RenderTableCell {TD} at (268,4743) size 99x34 [r=59 c=2 rs=1 cs=1]
                RenderBlock {P} at (7,0) size 85x17
                  RenderText {#text} at (31,0) size 23x17
                    text run at (31,0) width 23: "Yes"
                RenderBlock {P} at (7,17) size 85x17
                  RenderText {#text} at (34,0) size 17x17
                    text run at (34,0) width 17: "No"
                  RenderInline {SPAN} at (0,0) size 1x17
                    RenderInline {O:P} at (0,0) size 1x17
              RenderTableCell {TD} at (367,4743) size 106x34 [r=59 c=3 rs=1 cs=1]
                RenderBlock {P} at (7,0) size 92x17
                  RenderText {#text} at (38,0) size 16x17
                    text run at (38,0) width 16: "No"
                RenderBlock {P} at (7,17) size 92x17
                  RenderText {#text} at (34,0) size 24x17
                    text run at (34,0) width 24: "Yes"
                  RenderInline {SPAN} at (0,0) size 1x17
                    RenderInline {O:P} at (0,0) size 1x17
        RenderBlock {P} at (0,4832) size 768x17
          RenderInline {SPAN} at (0,0) size 4x17
            RenderText {#text} at (0,0) size 4x17
              text run at (0,0) width 4: " "
        RenderBlock {P} at (0,4849) size 768x17
          RenderText {#text} at (0,0) size 4x17
            text run at (0,0) width 4: " "
        RenderBlock {P} at (0,4866) size 768x17
          RenderText {#text} at (0,0) size 4x17
            text run at (0,0) width 4: " "
      RenderBlock {P} at (0,4883) size 768x17
        RenderText {#text} at (382,0) size 4x17
          text run at (382,0) width 4: " "
