layer at (0,0) size 860x584
  RenderView at (0,0) size 800x584
layer at (0,0) size 800x584
  RenderBlock {HTML} at (0,0) size 800x584
    RenderBody {BODY} at (8,8) size 784x568
      RenderBlock {P} at (0,0) size 784x63
        RenderText {#text} at (0,0) size 780x63
          text run at (0,0) width 780: "This table contains an <applet> that will not load -- you can see the space get allocated and then reflow. Notice"
          text run at (0,21) width 741: "that the final table is clipped on the right hand side -- try shrinking the window and notice how the clipping"
          text run at (0,42) width 516: "increases. (I couldn't really simplify this further without losing some of the "
          text run at (516,42) width 120: "original 'flavour'.)"
      RenderBlock (anonymous) at (0,79) size 784x21
        RenderBR {BR} at (0,0) size 0x21
      RenderTable {TABLE} at (0,100) size 852x152 [border: (1px outset #808080)]
        RenderTableSection {TBODY} at (1,1) size 850x150
          RenderTableRow {TR} at (0,2) size 850x146
            RenderTableCell {TD} at (2,2) size 846x146 [border: (1px inset #808080)] [r=0 c=0 rs=1 cs=1]
              RenderTable {TABLE} at (2,2) size 842x142 [border: (1px outset #808080)]
                RenderTableSection {TBODY} at (1,1) size 840x140
                  RenderTableRow {TR} at (0,2) size 840x74
                    RenderTableCell {TD} at (2,2) size 836x74 [border: (1px inset #808080)] [r=0 c=0 rs=1 cs=1]
                      RenderTable {TABLE} at (412,2) size 12x12 [border: (2px outset #808080)]
                        RenderTableSection {TBODY} at (2,2) size 8x8
                          RenderTableRow {TR} at (0,2) size 8x4
                            RenderTableCell {TD} at (2,2) size 4x4 [border: (1px inset #808080)] [r=0 c=0 rs=1 cs=1]
                              RenderInline {APPLET} at (0,0) size 0x0
                                RenderText {#text} at (0,0) size 0x0
                                RenderText {#text} at (0,0) size 0x0
                              RenderText {#text} at (0,0) size 0x0
                      RenderBlock {P} at (2,30) size 832x42
                        RenderText {#text} at (0,0) size 801x42
                          text run at (0,0) width 468: "The Porto Elounda Mare is built on the sea front, on a 110,000 m2 "
                          text run at (468,0) width 333: "plot of land with a 150 meter long private sandy"
                          text run at (0,21) width 156: "beach. The view from "
                          text run at (156,21) width 425: "decorated with antique and contemporary furniture and rugs."
                  RenderTableRow {TR} at (0,78) size 840x60
                    RenderTableCell {TD} at (2,78) size 836x60 [border: (1px inset #808080)] [r=1 c=0 rs=1 cs=1]
                      RenderTable {TABLE} at (2,2) size 832x56 [border: (1px outset #808080)]
                        RenderTableSection {TBODY} at (1,1) size 830x54
                          RenderTableRow {TR} at (0,0) size 830x54
                            RenderTableCell {TD} at (0,10) size 343x33 [border: (1px inset #808080)] [r=0 c=0 rs=1 cs=1]
                              RenderText {#text} at (6,6) size 331x21
                                text run at (6,6) width 154: "99 Rates in Drahmas "
                                text run at (160,6) width 137: "Per Person on H/B "
                                text run at (297,6) width 40: "Basis"
                            RenderTableCell {TD} at (343,0) size 109x54 [border: (1px inset #808080)] [r=0 c=1 rs=1 cs=1]
                              RenderText {#text} at (6,6) size 97x21
                                text run at (6,6) width 97: "27/03 - 30/04 "
                              RenderBR {BR} at (103,22) size 0x0
                              RenderText {#text} at (6,27) size 93x21
                                text run at (6,27) width 93: "16/10 - 31/10"
                            RenderTableCell {TD} at (452,10) size 186x33 [border: (1px inset #808080)] [r=0 c=2 rs=1 cs=1]
                              RenderText {#text} at (6,6) size 174x21
                                text run at (6,6) width 174: "01/5- 21/5 & 2/10 - 15/10"
                            RenderTableCell {TD} at (638,0) size 96x54 [border: (1px inset #808080)] [r=0 c=3 rs=1 cs=1]
                              RenderText {#text} at (6,6) size 84x21
                                text run at (6,6) width 84: "22/5 - 16/07"
                              RenderBR {BR} at (90,22) size 0x0
                              RenderText {#text} at (6,27) size 84x21
                                text run at (6,27) width 84: "28/8 - 01/10"
                            RenderTableCell {TD} at (734,10) size 96x33 [border: (1px inset #808080)] [r=0 c=4 rs=1 cs=1]
                              RenderText {#text} at (6,6) size 84x21
                                text run at (6,6) width 84: "17/07 - 27/8"
      RenderBlock (anonymous) at (0,252) size 784x21
        RenderBR {BR} at (0,0) size 0x21
      RenderBlock {P} at (0,289) size 784x21
        RenderText {#text} at (0,0) size 602x21
          text run at (0,0) width 471: "This table repeats the previous table, but removes the 'bad applet'. "
          text run at (471,0) width 131: "Table lays out OK."
      RenderBlock (anonymous) at (0,326) size 784x21
        RenderBR {BR} at (0,0) size 0x21
      RenderTable {TABLE} at (0,347) size 852x173 [border: (1px outset #808080)]
        RenderTableSection {TBODY} at (1,1) size 850x171
          RenderTableRow {TR} at (0,2) size 850x167
            RenderTableCell {TD} at (2,2) size 846x167 [border: (1px inset #808080)] [r=0 c=0 rs=1 cs=1]
              RenderTable {TABLE} at (2,2) size 842x163 [border: (1px outset #808080)]
                RenderTableSection {TBODY} at (1,1) size 840x161
                  RenderTableRow {TR} at (0,2) size 840x95
                    RenderTableCell {TD} at (2,2) size 836x95 [border: (1px inset #808080)] [r=0 c=0 rs=1 cs=1]
                      RenderTable {TABLE} at (355,2) size 125x33 [border: (2px outset #808080)]
                        RenderTableSection {TBODY} at (2,2) size 121x29
                          RenderTableRow {TR} at (0,2) size 121x25
                            RenderTableCell {TD} at (2,2) size 117x25 [border: (1px inset #808080)] [r=0 c=0 rs=1 cs=1]
                              RenderText {#text} at (2,2) size 113x21
                                text run at (2,2) width 113: "applet was here"
                      RenderBlock {P} at (2,51) size 832x42
                        RenderText {#text} at (0,0) size 801x42
                          text run at (0,0) width 468: "The Porto Elounda Mare is built on the sea front, on a 110,000 m2 "
                          text run at (468,0) width 333: "plot of land with a 150 meter long private sandy"
                          text run at (0,21) width 156: "beach. The view from "
                          text run at (156,21) width 425: "decorated with antique and contemporary furniture and rugs."
                  RenderTableRow {TR} at (0,99) size 840x60
                    RenderTableCell {TD} at (2,99) size 836x60 [border: (1px inset #808080)] [r=1 c=0 rs=1 cs=1]
                      RenderTable {TABLE} at (2,2) size 832x56 [border: (1px outset #808080)]
                        RenderTableSection {TBODY} at (1,1) size 830x54
                          RenderTableRow {TR} at (0,0) size 830x54
                            RenderTableCell {TD} at (0,10) size 343x33 [border: (1px inset #808080)] [r=0 c=0 rs=1 cs=1]
                              RenderText {#text} at (6,6) size 331x21
                                text run at (6,6) width 154: "99 Rates in Drahmas "
                                text run at (160,6) width 137: "Per Person on H/B "
                                text run at (297,6) width 40: "Basis"
                            RenderTableCell {TD} at (343,0) size 109x54 [border: (1px inset #808080)] [r=0 c=1 rs=1 cs=1]
                              RenderText {#text} at (6,6) size 97x21
                                text run at (6,6) width 97: "27/03 - 30/04 "
                              RenderBR {BR} at (103,22) size 0x0
                              RenderText {#text} at (6,27) size 93x21
                                text run at (6,27) width 93: "16/10 - 31/10"
                            RenderTableCell {TD} at (452,10) size 186x33 [border: (1px inset #808080)] [r=0 c=2 rs=1 cs=1]
                              RenderText {#text} at (6,6) size 174x21
                                text run at (6,6) width 174: "01/5- 21/5 & 2/10 - 15/10"
                            RenderTableCell {TD} at (638,0) size 96x54 [border: (1px inset #808080)] [r=0 c=3 rs=1 cs=1]
                              RenderText {#text} at (6,6) size 84x21
                                text run at (6,6) width 84: "22/5 - 16/07"
                              RenderBR {BR} at (90,22) size 0x0
                              RenderText {#text} at (6,27) size 84x21
                                text run at (6,27) width 84: "28/8 - 01/10"
                            RenderTableCell {TD} at (734,10) size 96x33 [border: (1px inset #808080)] [r=0 c=4 rs=1 cs=1]
                              RenderText {#text} at (6,6) size 84x21
                                text run at (6,6) width 84: "17/07 - 27/8"
