layer at (0,0) size 800x600
  RenderView at (0,0) size 800x600
layer at (0,0) size 800x362
  RenderBlock {HTML} at (0,0) size 800x362
    RenderBody {BODY} at (8,8) size 784x346
      RenderTable {TABLE} at (0,0) size 138x54 [border: (1px outset #808080)]
        RenderTableSection {TBODY} at (1,1) size 136x52
          RenderTableRow {TR} at (0,2) size 136x23
            RenderTableCell {TD} at (2,2) size 68x23 [border: (1px inset #808080)] [r=0 c=0 rs=1 cs=1]
              RenderText {#text} at (2,2) size 64x19
                text run at (2,2) width 64: "rowspan 0"
            RenderTableCell {TD} at (72,2) size 62x23 [border: (1px inset #808080)] [r=0 c=1 rs=1 cs=1]
              RenderText {#text} at (2,2) size 58x19
                text run at (2,2) width 58: "colspan 0"
          RenderTableRow {TR} at (0,27) size 136x23
            RenderTableCell {TD} at (2,27) size 68x23 [border: (1px inset #808080)] [r=1 c=0 rs=1 cs=1]
              RenderText {#text} at (2,2) size 8x19
                text run at (2,2) width 8: "5"
            RenderTableCell {TD} at (72,27) size 62x23 [border: (1px inset #808080)] [r=1 c=1 rs=1 cs=1]
              RenderText {#text} at (2,2) size 8x19
                text run at (2,2) width 8: "6"
      RenderBlock (anonymous) at (0,54) size 784x19
        RenderBR {BR} at (0,0) size 0x19
      RenderTable {TABLE} at (0,73) size 96x54 [border: (1px outset #808080)]
        RenderTableSection {TBODY} at (1,1) size 94x52
          RenderTableRow {TR} at (0,2) size 94x23
            RenderTableCell {TD} at (2,2) size 62x23 [border: (1px inset #808080)] [r=0 c=0 rs=1 cs=1]
              RenderText {#text} at (2,2) size 58x19
                text run at (2,2) width 58: "colspan 0"
            RenderTableCell {TD} at (66,2) size 12x23 [border: (1px inset #808080)] [r=0 c=1 rs=1 cs=1]
              RenderText {#text} at (2,2) size 8x19
                text run at (2,2) width 8: "3"
          RenderTableRow {TR} at (0,27) size 94x23
            RenderTableCell {TD} at (2,27) size 62x23 [border: (1px inset #808080)] [r=1 c=0 rs=1 cs=1]
              RenderText {#text} at (2,2) size 8x19
                text run at (2,2) width 8: "4"
            RenderTableCell {TD} at (66,27) size 12x23 [border: (1px inset #808080)] [r=1 c=1 rs=1 cs=1]
              RenderText {#text} at (2,2) size 8x19
                text run at (2,2) width 8: "5"
            RenderTableCell {TD} at (80,27) size 12x23 [border: (1px inset #808080)] [r=1 c=2 rs=1 cs=1]
              RenderText {#text} at (2,2) size 8x19
                text run at (2,2) width 8: "6"
      RenderBlock (anonymous) at (0,127) size 784x19
        RenderBR {BR} at (0,0) size 0x19
      RenderTable {TABLE} at (0,146) size 164x54 [border: (1px outset #808080)]
        RenderTableSection {TBODY} at (1,1) size 162x52
          RenderTableRow {TR} at (0,2) size 162x23
            RenderTableCell {TD} at (2,2) size 12x23 [border: (1px inset #808080)] [r=0 c=0 rs=1 cs=1]
              RenderText {#text} at (2,2) size 8x19
                text run at (2,2) width 8: "1"
            RenderTableCell {TD} at (16,14) size 130x23 [border: (1px inset #808080)] [r=0 c=1 rs=2 cs=1]
              RenderText {#text} at (2,2) size 126x19
                text run at (2,2) width 126: "rowspan 0 colspan 0"
          RenderTableRow {TR} at (0,27) size 162x23
            RenderTableCell {TD} at (2,27) size 12x23 [border: (1px inset #808080)] [r=1 c=0 rs=1 cs=1]
              RenderText {#text} at (2,2) size 8x19
                text run at (2,2) width 8: "4"
            RenderTableCell {TD} at (148,27) size 12x23 [border: (1px inset #808080)] [r=1 c=2 rs=1 cs=1]
              RenderText {#text} at (2,2) size 8x19
                text run at (2,2) width 8: "6"
      RenderBlock (anonymous) at (0,200) size 784x19
        RenderBR {BR} at (0,0) size 0x19
      RenderTable {TABLE} at (0,219) size 32x54 [border: (1px outset #808080)]
        RenderTableSection {TBODY} at (1,1) size 30x52
          RenderTableRow {TR} at (0,2) size 30x23
            RenderTableCell {TD} at (2,2) size 12x23 [border: (1px inset #808080)] [r=0 c=0 rs=1 cs=1]
              RenderText {#text} at (2,2) size 8x19
                text run at (2,2) width 8: "1"
            RenderTableCell {TD} at (16,14) size 12x23 [border: (1px inset #808080)] [r=0 c=1 rs=2 cs=1]
              RenderText {#text} at (2,2) size 8x19
                text run at (2,2) width 8: "2"
          RenderTableRow {TR} at (0,27) size 30x23
            RenderTableCell {TD} at (2,27) size 12x23 [border: (1px inset #808080)] [r=1 c=0 rs=1 cs=1]
              RenderText {#text} at (2,2) size 8x19
                text run at (2,2) width 8: "3"
      RenderBlock (anonymous) at (0,273) size 784x19
        RenderBR {BR} at (0,0) size 0x19
      RenderTable {TABLE} at (0,292) size 138x54 [border: (1px outset #808080)]
        RenderTableSection {TBODY} at (1,1) size 136x52
          RenderTableRow {TR} at (0,2) size 136x23
            RenderTableCell {TD} at (2,2) size 30x23 [border: (1px inset #808080)] [r=0 c=0 rs=1 cs=1]
              RenderText {#text} at (2,2) size 26x19
                text run at (2,2) width 26: "auto"
            RenderTableCell {TD} at (34,2) size 68x23 [border: (1px inset #808080)] [r=0 c=1 rs=1 cs=1]
              RenderText {#text} at (2,2) size 64x19
                text run at (2,2) width 64: "rowspan 0"
            RenderTableCell {TD} at (104,2) size 30x23 [border: (1px inset #808080)] [r=0 c=2 rs=1 cs=1]
              RenderText {#text} at (2,2) size 26x19
                text run at (2,2) width 26: "auto"
          RenderTableRow {TR} at (0,27) size 136x23
            RenderTableCell {TD} at (2,27) size 30x23 [border: (1px inset #808080)] [r=1 c=0 rs=1 cs=1]
              RenderText {#text} at (2,2) size 26x19
                text run at (2,2) width 26: "auto"
            RenderTableCell {TD} at (34,27) size 68x23 [border: (1px inset #808080)] [r=1 c=1 rs=1 cs=1]
              RenderText {#text} at (2,2) size 26x19
                text run at (2,2) width 26: "auto"
            RenderTableCell {TD} at (104,27) size 30x23 [border: (1px inset #808080)] [r=1 c=2 rs=1 cs=1]
              RenderText {#text} at (2,2) size 26x19
                text run at (2,2) width 26: "auto"
