layer at (0,0) size 800x600
  RenderView at (0,0) size 800x600
layer at (0,0) size 800x600
  RenderBlock {HTML} at (0,0) size 800x600
    RenderBody {BODY} at (8,8) size 784x584
      RenderBlock {P} at (0,0) size 784x36
        RenderText {#text} at (0,0) size 777x36
          text run at (0,0) width 777: "The shadow should match the color of the top square and not the color of the bottom square. The top square and its shadow"
          text run at (0,18) width 232: "are both color-corrected from sRGB."
      RenderBlock {DIV} at (0,52) size 100x100 [bgcolor=#560063]
      RenderBlock (anonymous) at (0,152) size 784x18
        RenderBR {BR} at (0,0) size 0x18
      RenderBlock {DIV} at (0,170) size 100x100 [bgcolor=#560063]
