layer at (0,0) size 800x600
  RenderView at (0,0) size 800x600
layer at (0,0) size 800x600
  RenderBlock {HTML} at (0,0) size 800x600
    RenderBody {BODY} at (8,8) size 784x576
      RenderBlock (anonymous) at (0,0) size 784x0
        RenderInline {SPAN} at (0,0) size 0x0
          RenderInline {SPAN} at (0,0) size 0x0
        RenderText {#text} at (0,0) size 0x0
      RenderBlock {H4} at (0,0) size 784x18
        RenderText {#text} at (0,0) size 81x18
          text run at (0,0) width 81: "Instructions"
      RenderBlock {P} at (0,39) size 784x19
        RenderText {#text} at (0,0) size 176x18
          text run at (0,0) width 176: "Click the following buttons."
      RenderBlock {OL} at (0,73) size 784x167
        RenderListItem {LI} at (40,0) size 744x18
          RenderListMarker at (-20,0) size 16x18: "1"
          RenderText {#text} at (0,0) size 193x18
            text run at (0,0) width 193: "Start with the outmost left one."
        RenderListItem {LI} at (40,18) size 744x18
          RenderListMarker at (-20,0) size 16x18: "2"
          RenderText {#text} at (0,0) size 135x18
            text run at (0,0) width 135: "Click the middle one."
        RenderListItem {LI} at (40,36) size 744x18
          RenderListMarker at (-20,0) size 16x18: "3"
          RenderText {#text} at (0,0) size 266x18
            text run at (0,0) width 266: "(The ouline will not be updated correctly.)"
        RenderListItem {LI} at (40,54) size 744x18
          RenderListMarker at (-20,0) size 16x18: "4"
          RenderText {#text} at (0,0) size 138x18
            text run at (0,0) width 138: "Click the right button."
        RenderListItem {LI} at (40,72) size 744x18
          RenderListMarker at (-20,0) size 16x18: "5"
          RenderText {#text} at (0,0) size 465x18
            text run at (0,0) width 465: "This will crash Safari 1.3 (v176 and v170, no other configurations tested)."
        RenderListItem {LI} at (40,90) size 744x18
          RenderListMarker at (-20,0) size 16x18: "6"
          RenderText {#text} at (0,0) size 294x18
            text run at (0,0) width 294: "The combination 2. 1. 3. will also crash Safari."
        RenderListItem {LI} at (40,108) size 744x18
          RenderListMarker at (-20,0) size 16x18: "7"
          RenderText {#text} at (0,0) size 447x18
            text run at (0,0) width 447: "1. 3. will not crash Safari. (But the outline should vanish. Shouldn't it?)"
        RenderListItem {LI} at (40,126) size 744x18
          RenderListMarker at (-20,0) size 16x18: "8"
          RenderText {#text} at (0,0) size 201x18
            text run at (0,0) width 201: "2. 3. will not crash Safari either."
        RenderBlock (anonymous) at (40,144) size 744x22
          RenderButton {INPUT} at (2,2) size 136x18 [bgcolor=#C0C0C0]
            RenderBlock (anonymous) at (8,2) size 120x14
              RenderText at (0,0) size 120x13
                text run at (0,0) width 120: "1. Set outline property"
          RenderText {#text} at (139,1) size 5x18
            text run at (139,1) width 5: " "
          RenderButton {INPUT} at (145,2) size 137x18 [bgcolor=#C0C0C0]
            RenderBlock (anonymous) at (8,2) size 121x14
              RenderText at (0,0) size 121x13
                text run at (0,0) width 121: "2. Set display property"
          RenderText {#text} at (283,1) size 5x18
            text run at (283,1) width 5: " "
          RenderButton {INPUT} at (289,2) size 150x18 [bgcolor=#C0C0C0]
            RenderBlock (anonymous) at (8,2) size 133x14
              RenderText at (0,0) size 133x13
                text run at (0,0) width 133: "3. Replace span-element"
          RenderText {#text} at (0,0) size 0x0
