layer at (0,0) size 800x600
  RenderView at (0,0) size 800x600
layer at (0,0) size 800x52
  RenderBlock {HTML} at (0,0) size 800x52
    RenderBody {BODY} at (8,8) size 784x36
      RenderBlock (anonymous) at (0,0) size 784x18
        RenderText {#text} at (0,0) size 196x18
          text run at (0,0) width 196: "The first letter should be green."
      RenderBlock {DIV} at (0,18) size 784x18
        RenderBlock {DIV} at (0,0) size 784x18
          RenderBlock {DIV} at (0,0) size 784x0
          RenderBlock {DIV} at (0,0) size 784x18
            RenderInline {SPAN} at (0,0) size 69x18
              RenderInline (generated) at (0,0) size 10x18 [color=#008000]
                RenderText {#text} at (0,0) size 10x18
                  text run at (0,0) width 10: "T"
              RenderText {#text} at (10,0) size 59x18
                text run at (10,0) width 59: "his is text"
            RenderText {#text} at (0,0) size 0x0
        RenderBlock {DIV} at (0,18) size 784x0
