layer at (0,0) size 800x600
  RenderView at (0,0) size 800x600
layer at (0,0) size 800x600
  RenderBlock {HTML} at (0,0) size 800x600
    RenderBody {BODY} at (8,8) size 784x584
      RenderBlock {DIV} at (0,0) size 100x69 [color=#008000] [bgcolor=#FF0000]
        RenderText {#text} at (0,0) size 81x69
          text run at (0,0) width 43: "_fail "
          text run at (43,0) width 38: "fail_"
          text run at (0,23) width 43: "_fail "
          text run at (43,23) width 38: "fail_"
          text run at (0,46) width 38: "_fail"
