layer at (0,0) size 800x600
  RenderView at (0,0) size 800x600
layer at (0,0) size 800x196
  RenderBlock {HTML} at (0,0) size 800x196
    RenderBody {BODY} at (8,8) size 784x180
      RenderBlock (anonymous) at (0,0) size 784x72
        RenderText {#text} at (0,0) size 565x18
          text run at (0,0) width 565: "Each consecutive pair of lines should look exactly the same apart from the trailing ellipsis."
        RenderBR {BR} at (565,0) size 0x18
        RenderText {#text} at (0,18) size 541x18
          text run at (0,18) width 541: "The ellipsis should appear on the left for the RTL case and on the right for LTR case. "
        RenderBR {BR} at (0,0) size 0x0
        RenderBR {BR} at (0,36) size 0x18
        RenderText {#text} at (0,54) size 62x18
          text run at (0,54) width 62: "RTL text:"
      RenderBlock (anonymous) at (0,108) size 784x36
        RenderBR {BR} at (0,0) size 0x18
        RenderText {#text} at (0,18) size 64x18
          text run at (0,18) width 64: "LTR Text"
layer at (8,80) size 207x18 scrollX 154 scrollWidth 361
  RenderBlock {DIV} at (0,72) size 207x18
    RenderText {#text} at (-153,0) size 361x18
      text run at (-153,0) width 0 RTL: "\x{202C}"
      text run at (-153,0) width 275 RTL: " \x{5D8}\x{5E7}\x{5E1}\x{5D8} \x{5E2}\x{5D1}\x{5E8}\x{5D9} \x{5DC}\x{5D3}\x{5D5}\x{5D2}\x{5DE}\x{5D0} \x{5D8}\x{5E7}\x{5E1}\x{5D8} \x{5E2}\x{5D1}\x{5E8}\x{5D9} \x{5DC}\x{5D3}\x{5D5}\x{5D2}\x{5DE}\x{5D0} "
      text run at (122,0) width 81: "English Text"
      text run at (203,0) width 4 RTL: "\x{202B} "
layer at (8,98) size 207x18 scrollX 154 scrollWidth 361
  RenderBlock {DIV} at (0,90) size 207x18
    RenderText {#text} at (-153,0) size 361x18
      text run at (-153,0) width 0 RTL: "\x{202C}"
      text run at (-153,0) width 275 RTL: " \x{5D8}\x{5E7}\x{5E1}\x{5D8} \x{5E2}\x{5D1}\x{5E8}\x{5D9} \x{5DC}\x{5D3}\x{5D5}\x{5D2}\x{5DE}\x{5D0} \x{5D8}\x{5E7}\x{5E1}\x{5D8} \x{5E2}\x{5D1}\x{5E8}\x{5D9} \x{5DC}\x{5D3}\x{5D5}\x{5D2}\x{5DE}\x{5D0} "
      text run at (122,0) width 81: "English Text"
      text run at (203,0) width 4 RTL: "\x{202B} "
layer at (8,152) size 207x18 scrollWidth 261
  RenderBlock {DIV} at (0,144) size 207x18
    RenderText {#text} at (0,0) size 261x18
      text run at (0,0) width 37 RTL: "\x{5DE}\x{5D9}\x{5DC}\x{5D4}"
      text run at (36,0) width 42: " word "
      text run at (77,0) width 42 RTL: "\x{5D0}\x{5D7}\x{5E8}\x{5EA}"
      text run at (118,0) width 56: " another "
      text run at (173,0) width 28 RTL: "\x{5D5}\x{5E2}\x{5D5}\x{5D3}"
      text run at (200,0) width 28: " yet "
      text run at (227,0) width 34 RTL: "\x{5D0}\x{5D7}\x{5EA}"
layer at (8,170) size 207x18 scrollWidth 261
  RenderBlock {DIV} at (0,162) size 207x18
    RenderText {#text} at (0,0) size 261x18
      text run at (0,0) width 37 RTL: "\x{5DE}\x{5D9}\x{5DC}\x{5D4}"
      text run at (36,0) width 42: " word "
      text run at (77,0) width 42 RTL: "\x{5D0}\x{5D7}\x{5E8}\x{5EA}"
      text run at (118,0) width 56: " another "
      text run at (173,0) width 28 RTL: "\x{5D5}\x{5E2}\x{5D5}\x{5D3}"
      text run at (200,0) width 28: " yet "
      text run at (227,0) width 34 RTL: "\x{5D0}\x{5D7}\x{5EA}"
