layer at (0,0) size 800x600
  RenderView at (0,0) size 800x600
layer at (0,0) size 800x400
  RenderBlock {HTML} at (0,0) size 800x400
    RenderBody {BODY} at (8,8) size 784x384
      RenderBlock (anonymous) at (0,0) size 784x18
        RenderText {#text} at (0,0) size 652x18
          text run at (0,0) width 652: "The text in the button, popup menu and list box should have the same case as in the accompanying text."
      RenderBlock {DIV} at (0,18) size 784x61
        RenderMenuList {SELECT} at (2,41) size 71x18 [bgcolor=#FFFFFF]
          RenderBlock (anonymous) at (0,0) size 71x18
            RenderText at (8,2) size 32x13
              text run at (8,2) width 32: "heLLo"
        RenderText {#text} at (75,40) size 4x18
          text run at (75,40) width 4: " "
        RenderListBox {SELECT} at (81,2) size 54x57 [bgcolor=#FFFFFF] [border: (1px inset #808080)]
        RenderText {#text} at (137,40) size 4x18
          text run at (137,40) width 4: " "
        RenderInline {SPAN} at (0,0) size 118x18
          RenderText {#text} at (141,40) size 118x18
            text run at (141,40) width 118: "HELLO WORLD"
        RenderText {#text} at (0,0) size 0x0
      RenderBlock {DIV} at (0,79) size 784x61
        RenderMenuList {SELECT} at (2,41) size 67x18 [bgcolor=#FFFFFF]
          RenderBlock (anonymous) at (0,0) size 67x18
            RenderText at (8,2) size 32x13
              text run at (8,2) width 32: "heLLo"
        RenderText {#text} at (71,40) size 4x18
          text run at (71,40) width 4: " "
        RenderListBox {SELECT} at (77,2) size 50x57 [bgcolor=#FFFFFF] [border: (1px inset #808080)]
        RenderText {#text} at (129,40) size 4x18
          text run at (129,40) width 4: " "
        RenderInline {SPAN} at (0,0) size 103x18
          RenderText {#text} at (133,40) size 103x18
            text run at (133,40) width 103: "HeLLo WoRLd"
        RenderText {#text} at (0,0) size 0x0
      RenderBlock {DIV} at (0,140) size 784x61
        RenderMenuList {SELECT} at (2,41) size 61x18 [bgcolor=#FFFFFF]
          RenderBlock (anonymous) at (0,0) size 61x18
            RenderText at (8,2) size 32x13
              text run at (8,2) width 32: "heLLo"
        RenderText {#text} at (65,40) size 4x18
          text run at (65,40) width 4: " "
        RenderListBox {SELECT} at (71,2) size 44x57 [bgcolor=#FFFFFF] [border: (1px inset #808080)]
        RenderText {#text} at (117,40) size 4x18
          text run at (117,40) width 4: " "
        RenderInline {SPAN} at (0,0) size 72x18
          RenderText {#text} at (121,40) size 72x18
            text run at (121,40) width 72: "hello world"
        RenderText {#text} at (0,0) size 0x0
      RenderBlock {DIV} at (0,201) size 784x61
        RenderMenuList {SELECT} at (2,41) size 55x18 [bgcolor=#FFFFFF]
          RenderBlock (anonymous) at (0,0) size 55x18
            RenderText at (8,2) size 7x13
              text run at (8,2) width 7: "\x{DF}"
        RenderText {#text} at (59,40) size 4x18
          text run at (59,40) width 4: " "
        RenderListBox {SELECT} at (65,2) size 38x57 [bgcolor=#FFFFFF] [border: (1px inset #808080)]
        RenderText {#text} at (105,40) size 4x18
          text run at (105,40) width 4: " "
        RenderInline {SPAN} at (0,0) size 58x18
          RenderText {#text} at (109,40) size 58x18
            text run at (109,40) width 58: "SS SSSS"
        RenderText {#text} at (0,0) size 0x0
      RenderBlock {DIV} at (0,262) size 784x61
        RenderMenuList {SELECT} at (2,41) size 45x18 [bgcolor=#FFFFFF]
          RenderBlock (anonymous) at (0,0) size 45x18
            RenderText at (8,2) size 7x13
              text run at (8,2) width 7: "\x{DF}"
        RenderText {#text} at (49,40) size 4x18
          text run at (49,40) width 4: " "
        RenderListBox {SELECT} at (55,2) size 28x57 [bgcolor=#FFFFFF] [border: (1px inset #808080)]
        RenderText {#text} at (85,40) size 4x18
          text run at (85,40) width 4: " "
        RenderInline {SPAN} at (0,0) size 28x18
          RenderText {#text} at (89,40) size 28x18
            text run at (89,40) width 28: "\x{DF} \x{DF}\x{DF}"
        RenderText {#text} at (0,0) size 0x0
      RenderBlock {DIV} at (0,323) size 784x61
        RenderMenuList {SELECT} at (2,41) size 45x18 [bgcolor=#FFFFFF]
          RenderBlock (anonymous) at (0,0) size 45x18
            RenderText at (8,2) size 7x13
              text run at (8,2) width 7: "\x{DF}"
        RenderText {#text} at (49,40) size 4x18
          text run at (49,40) width 4: " "
        RenderListBox {SELECT} at (55,2) size 28x57 [bgcolor=#FFFFFF] [border: (1px inset #808080)]
        RenderText {#text} at (85,40) size 4x18
          text run at (85,40) width 4: " "
        RenderInline {SPAN} at (0,0) size 28x18
          RenderText {#text} at (89,40) size 28x18
            text run at (89,40) width 28: "\x{DF} \x{DF}\x{DF}"
        RenderText {#text} at (0,0) size 0x0
