layer at (0,0) size 785x665
  RenderView at (0,0) size 785x600
layer at (0,0) size 785x665
  RenderBlock {HTML} at (0,0) size 785x665
    RenderBody {BODY} at (8,16) size 769x641
      RenderBlock {P} at (0,0) size 769x20
        RenderText {#text} at (0,0) size 176x19
          text run at (0,0) width 176: "This circle is drawn via SVG."
      RenderBlock (anonymous) at (0,36) size 769x605
        RenderSVGRoot {svg} at (8,52) size 40x40
          RenderSVGEllipse {circle} at (8,52) size 40x40 [fill={[type=SOLID] [color=#008000]}] [cx=20.00] [cy=20.00] [r=20.00]
        RenderText {#text} at (0,0) size 0x0
