layer at (0,0) size 1000x325
  RenderView at (0,0) size 1000x325
layer at (0,0) size 1000x325
  RenderBlock {HTML} at (0,0) size 1000x325
    RenderBody {BODY} at (8,8) size 984x309
      RenderPartObject {IFRAME} at (0,200) size 304x104 [border: (2px inset #000000)]
        layer at (0,0) size 300x100
          RenderView at (0,0) size 300x100
        layer at (0,0) size 300x36
          RenderBlock {HTML} at (0,0) size 300x36
            RenderBody {BODY} at (8,8) size 284x20
              RenderText {#text} at (0,0) size 229x19
                text run at (0,0) width 229: "You should see this text when printed."
      RenderText {#text} at (304,289) size 4x19
        text run at (304,289) width 4: " "
      RenderPartObject {IFRAME} at (308,0) size 304x304 [border: (2px inset #000000)]
        layer at (0,0) size 300x300
          RenderView at (0,0) size 300x300
        layer at (35,0) size 265x300
          RenderBlock {HTML} at (0,0) size 265x300
            RenderBody {BODY} at (8,8) size 249x284
              RenderText {#text} at (0,0) size 19x233
                text run at (0,0) width 233: "You should see this text when printed. "
              RenderBR {BR} at (0,233) size 19x0
              RenderText {#text} at (20,0) size 19x152
                text run at (20,0) width 152: "Vertical text on the right. "
              RenderBR {BR} at (20,152) size 19x0
              RenderPartObject {IFRAME} at (40,0) size 204x154 [border: (2px inset #000000)]
                layer at (0,0) size 200x150
                  RenderView at (0,0) size 200x150
                layer at (0,0) size 200x56
                  RenderBlock {HTML} at (0,0) size 200x56
                    RenderBody {BODY} at (8,8) size 184x40
                      RenderText {#text} at (0,0) size 179x39
                        text run at (0,0) width 179: "You should see this text when"
                        text run at (0,20) width 46: "printed."
              RenderText {#text} at (0,0) size 0x0
      RenderText {#text} at (0,0) size 0x0
