layer at (0,0) size 800x600
  RenderView at (0,0) size 800x600
layer at (0,0) size 800x348
  RenderBlock {HTML} at (0,0) size 800x348
    RenderBody {BODY} at (5,5) size 790x338
      RenderTable {TABLE} at (0,0) size 469x338
        RenderTableSection {TBODY} at (0,0) size 469x338
          RenderTableRow {TR} at (0,1) size 469x16
            RenderTableCell {TH} at (1,1) size 65x16 [bgcolor=#DDDD99] [r=0 c=0 rs=1 cs=1]
              RenderText {#text} at (6,1) size 53x14
                text run at (6,1) width 53: "viewBox?"
            RenderTableCell {TH} at (67,1) size 119x16 [bgcolor=#DDDD99] [r=0 c=1 rs=1 cs=1]
              RenderText {#text} at (1,1) size 117x14
                text run at (1,1) width 117: "preserve\x{AD}Aspect\x{AD}Ratio"
            RenderTableCell {TH} at (187,1) size 140x16 [bgcolor=#DDDD99] [r=0 c=2 rs=1 cs=1]
              RenderText {#text} at (53,1) size 34x14
                text run at (53,1) width 34: "<img>"
            RenderTableCell {TH} at (328,1) size 140x16 [bgcolor=#DDDD99] [r=0 c=3 rs=1 cs=1]
              RenderText {#text} at (47,1) size 46x14
                text run at (47,1) width 46: "<object>"
          RenderTableRow {TR} at (0,18) size 469x39
            RenderTableCell {TH} at (1,89) size 65x16 [bgcolor=#DDDD99] [r=1 c=0 rs=4 cs=1]
              RenderText {#text} at (1,1) size 63x14
                text run at (1,1) width 63: "No viewBox"
            RenderTableCell {TH} at (67,36) size 119x2 [bgcolor=#DDDD99] [r=1 c=1 rs=1 cs=1]
            RenderTableCell {TD} at (187,18) size 140x39 [r=1 c=2 rs=1 cs=1]
              RenderImage {IMG} at (1,1) size 138x34 [border: (1px dashed #800000)]
              RenderText {#text} at (0,0) size 0x0
            RenderTableCell {TD} at (328,18) size 140x39 [r=1 c=3 rs=1 cs=1]
              RenderEmbeddedObject {OBJECT} at (1,1) size 138x34 [border: (1px dashed #008000)]
                layer at (0,0) size 132x28
                  RenderView at (0,0) size 117x13
                layer at (0,0) size 132x28
                  RenderSVGRoot {svg} at (0,0) size 132x28
                    RenderSVGPath {circle} at (0,0) size 132x28 [stroke={[type=SOLID] [color=#000000]}] [fill={[type=SOLID] [color=#D9BB7A] [fill rule=EVEN-ODD]}] [cx=110.00] [cy=110.00] [r=110.00]
              RenderText {#text} at (0,0) size 0x0
          RenderTableRow {TR} at (0,58) size 469x39
            RenderTableCell {TH} at (67,69) size 119x16 [bgcolor=#DDDD99] [r=2 c=1 rs=1 cs=1]
              RenderText {#text} at (45,1) size 29x14
                text run at (45,1) width 29: "none"
            RenderTableCell {TD} at (187,58) size 140x39 [r=2 c=2 rs=1 cs=1]
              RenderImage {IMG} at (1,1) size 138x34 [border: (1px dashed #800000)]
              RenderText {#text} at (0,0) size 0x0
            RenderTableCell {TD} at (328,58) size 140x39 [r=2 c=3 rs=1 cs=1]
              RenderEmbeddedObject {OBJECT} at (1,1) size 138x34 [border: (1px dashed #008000)]
                layer at (0,0) size 132x28
                  RenderView at (0,0) size 132x28
                layer at (0,0) size 132x28
                  RenderSVGRoot {svg} at (0,0) size 132x28
                    RenderSVGHiddenContainer {defs} at (0,0) size 0x0
                    RenderSVGContainer {g} at (0,0) size 132x28 [transform={m=((1.00,0.00)(0.00,1.00)) t=(-162.36,-403.29)}]
                      RenderSVGPath {path} at (0,0) size 132x28 [stroke={[type=SOLID] [color=#000000]}] [fill={[type=SOLID] [color=#D9BB7A] [fill rule=EVEN-ODD]}] [data="M 525.714 585.219 C 525.714 685.419 444.486 766.648 344.286 766.648 C 244.085 766.648 162.857 685.419 162.857 585.219 C 162.857 485.019 244.085 403.791 344.286 403.791 C 444.486 403.791 525.714 485.019 525.714 585.219 Z"]
              RenderText {#text} at (0,0) size 0x0
          RenderTableRow {TR} at (0,98) size 469x39
            RenderTableCell {TH} at (67,109) size 119x16 [bgcolor=#DDDD99] [r=3 c=1 rs=1 cs=1]
              RenderText {#text} at (45,1) size 29x14
                text run at (45,1) width 29: "meet"
            RenderTableCell {TD} at (187,98) size 140x39 [r=3 c=2 rs=1 cs=1]
              RenderImage {IMG} at (1,1) size 138x34 [border: (1px dashed #800000)]
              RenderText {#text} at (0,0) size 0x0
            RenderTableCell {TD} at (328,98) size 140x39 [r=3 c=3 rs=1 cs=1]
              RenderEmbeddedObject {OBJECT} at (1,1) size 138x34 [border: (1px dashed #008000)]
                layer at (0,0) size 132x28
                  RenderView at (0,0) size 132x28
                layer at (0,0) size 132x28
                  RenderSVGRoot {svg} at (0,0) size 132x28
                    RenderSVGHiddenContainer {defs} at (0,0) size 0x0
                    RenderSVGContainer {g} at (0,0) size 132x28 [transform={m=((1.00,0.00)(0.00,1.00)) t=(-162.36,-403.29)}]
                      RenderSVGPath {path} at (0,0) size 132x28 [stroke={[type=SOLID] [color=#000000]}] [fill={[type=SOLID] [color=#D9BB7A] [fill rule=EVEN-ODD]}] [data="M 525.714 585.219 C 525.714 685.419 444.486 766.648 344.286 766.648 C 244.085 766.648 162.857 685.419 162.857 585.219 C 162.857 485.019 244.085 403.791 344.286 403.791 C 444.486 403.791 525.714 485.019 525.714 585.219 Z"]
              RenderText {#text} at (0,0) size 0x0
          RenderTableRow {TR} at (0,138) size 469x39
            RenderTableCell {TH} at (67,149) size 119x16 [bgcolor=#DDDD99] [r=4 c=1 rs=1 cs=1]
              RenderText {#text} at (46,1) size 27x14
                text run at (46,1) width 27: "slice"
            RenderTableCell {TD} at (187,138) size 140x39 [r=4 c=2 rs=1 cs=1]
              RenderImage {IMG} at (1,1) size 138x34 [border: (1px dashed #800000)]
              RenderText {#text} at (0,0) size 0x0
            RenderTableCell {TD} at (328,138) size 140x39 [r=4 c=3 rs=1 cs=1]
              RenderEmbeddedObject {OBJECT} at (1,1) size 138x34 [border: (1px dashed #008000)]
                layer at (0,0) size 132x28
                  RenderView at (0,0) size 132x28
                layer at (0,0) size 132x28
                  RenderSVGRoot {svg} at (0,0) size 132x28
                    RenderSVGHiddenContainer {defs} at (0,0) size 0x0
                    RenderSVGContainer {g} at (0,0) size 132x28 [transform={m=((1.00,0.00)(0.00,1.00)) t=(-162.36,-403.29)}]
                      RenderSVGPath {path} at (0,0) size 132x28 [stroke={[type=SOLID] [color=#000000]}] [fill={[type=SOLID] [color=#D9BB7A] [fill rule=EVEN-ODD]}] [data="M 525.714 585.219 C 525.714 685.419 444.486 766.648 344.286 766.648 C 244.085 766.648 162.857 685.419 162.857 585.219 C 162.857 485.019 244.085 403.791 344.286 403.791 C 444.486 403.791 525.714 485.019 525.714 585.219 Z"]
              RenderText {#text} at (0,0) size 0x0
          RenderTableRow {TR} at (0,178) size 469x39
            RenderTableCell {TH} at (1,249) size 65x16 [bgcolor=#DDDD99] [r=5 c=0 rs=4 cs=1]
              RenderText {#text} at (9,1) size 47x14
                text run at (9,1) width 47: "viewBox"
            RenderTableCell {TH} at (67,196) size 119x2 [bgcolor=#DDDD99] [r=5 c=1 rs=1 cs=1]
            RenderTableCell {TD} at (187,178) size 140x39 [r=5 c=2 rs=1 cs=1]
              RenderImage {IMG} at (1,1) size 138x34 [border: (1px dashed #800000)]
              RenderText {#text} at (0,0) size 0x0
            RenderTableCell {TD} at (328,178) size 140x39 [r=5 c=3 rs=1 cs=1]
              RenderEmbeddedObject {OBJECT} at (1,1) size 138x34 [border: (1px dashed #008000)]
                layer at (0,0) size 132x28
                  RenderView at (0,0) size 132x28
                layer at (0,0) size 132x28
                  RenderSVGRoot {svg} at (52,0) size 21x21
                    RenderSVGHiddenContainer {defs} at (0,0) size 0x0
                    RenderSVGContainer {g} at (51,0) size 22x21 [transform={m=((1.00,0.00)(0.00,1.00)) t=(-162.36,-403.29)}]
                      RenderSVGPath {path} at (51,0) size 22x21 [stroke={[type=SOLID] [color=#000000]}] [fill={[type=SOLID] [color=#D9BB7A] [fill rule=EVEN-ODD]}] [data="M 525.714 585.219 C 525.714 685.419 444.486 766.648 344.286 766.648 C 244.085 766.648 162.857 685.419 162.857 585.219 C 162.857 485.019 244.085 403.791 344.286 403.791 C 444.486 403.791 525.714 485.019 525.714 585.219 Z"]
              RenderText {#text} at (0,0) size 0x0
          RenderTableRow {TR} at (0,218) size 469x39
            RenderTableCell {TH} at (67,229) size 119x16 [bgcolor=#DDDD99] [r=6 c=1 rs=1 cs=1]
              RenderText {#text} at (45,1) size 29x14
                text run at (45,1) width 29: "none"
            RenderTableCell {TD} at (187,218) size 140x39 [r=6 c=2 rs=1 cs=1]
              RenderImage {IMG} at (1,1) size 138x34 [border: (1px dashed #800000)]
              RenderText {#text} at (0,0) size 0x0
            RenderTableCell {TD} at (328,218) size 140x39 [r=6 c=3 rs=1 cs=1]
              RenderEmbeddedObject {OBJECT} at (1,1) size 138x34 [border: (1px dashed #008000)]
                layer at (0,0) size 132x28
                  RenderView at (0,0) size 132x28
                layer at (0,0) size 132x28
                  RenderSVGRoot {svg} at (0,0) size 97x21
                    RenderSVGHiddenContainer {defs} at (0,0) size 0x0
                    RenderSVGContainer {g} at (0,0) size 97x21 [transform={m=((1.00,0.00)(0.00,1.00)) t=(-162.36,-403.29)}]
                      RenderSVGPath {path} at (0,0) size 97x21 [stroke={[type=SOLID] [color=#000000]}] [fill={[type=SOLID] [color=#D9BB7A] [fill rule=EVEN-ODD]}] [data="M 525.714 585.219 C 525.714 685.419 444.486 766.648 344.286 766.648 C 244.085 766.648 162.857 685.419 162.857 585.219 C 162.857 485.019 244.085 403.791 344.286 403.791 C 444.486 403.791 525.714 485.019 525.714 585.219 Z"]
              RenderText {#text} at (0,0) size 0x0
          RenderTableRow {TR} at (0,258) size 469x39
            RenderTableCell {TH} at (67,269) size 119x16 [bgcolor=#DDDD99] [r=7 c=1 rs=1 cs=1]
              RenderText {#text} at (45,1) size 29x14
                text run at (45,1) width 29: "meet"
            RenderTableCell {TD} at (187,258) size 140x39 [r=7 c=2 rs=1 cs=1]
              RenderImage {IMG} at (1,1) size 138x34 [border: (1px dashed #800000)]
              RenderText {#text} at (0,0) size 0x0
            RenderTableCell {TD} at (328,258) size 140x39 [r=7 c=3 rs=1 cs=1]
              RenderEmbeddedObject {OBJECT} at (1,1) size 138x34 [border: (1px dashed #008000)]
                layer at (0,0) size 132x28
                  RenderView at (0,0) size 132x28
                layer at (0,0) size 132x28
                  RenderSVGRoot {svg} at (52,0) size 21x21
                    RenderSVGHiddenContainer {defs} at (0,0) size 0x0
                    RenderSVGContainer {g} at (51,0) size 22x21 [transform={m=((1.00,0.00)(0.00,1.00)) t=(-162.36,-403.29)}]
                      RenderSVGPath {path} at (51,0) size 22x21 [stroke={[type=SOLID] [color=#000000]}] [fill={[type=SOLID] [color=#D9BB7A] [fill rule=EVEN-ODD]}] [data="M 525.714 585.219 C 525.714 685.419 444.486 766.648 344.286 766.648 C 244.085 766.648 162.857 685.419 162.857 585.219 C 162.857 485.019 244.085 403.791 344.286 403.791 C 444.486 403.791 525.714 485.019 525.714 585.219 Z"]
              RenderText {#text} at (0,0) size 0x0
          RenderTableRow {TR} at (0,298) size 469x39
            RenderTableCell {TH} at (67,309) size 119x16 [bgcolor=#DDDD99] [r=8 c=1 rs=1 cs=1]
              RenderText {#text} at (46,1) size 27x14
                text run at (46,1) width 27: "slice"
            RenderTableCell {TD} at (187,298) size 140x39 [r=8 c=2 rs=1 cs=1]
              RenderImage {IMG} at (1,1) size 138x34 [border: (1px dashed #800000)]
              RenderText {#text} at (0,0) size 0x0
            RenderTableCell {TD} at (328,298) size 140x39 [r=8 c=3 rs=1 cs=1]
              RenderEmbeddedObject {OBJECT} at (1,1) size 138x34 [border: (1px dashed #008000)]
                layer at (0,0) size 132x28
                  RenderView at (0,0) size 132x28
                layer at (0,0) size 132x28
                  RenderSVGRoot {svg} at (0,0) size 97x28
                    RenderSVGHiddenContainer {defs} at (0,0) size 0x0
                    RenderSVGContainer {g} at (0,0) size 97x28 [transform={m=((1.00,0.00)(0.00,1.00)) t=(-162.36,-403.29)}]
                      RenderSVGPath {path} at (0,0) size 97x28 [stroke={[type=SOLID] [color=#000000]}] [fill={[type=SOLID] [color=#D9BB7A] [fill rule=EVEN-ODD]}] [data="M 525.714 585.219 C 525.714 685.419 444.486 766.648 344.286 766.648 C 244.085 766.648 162.857 685.419 162.857 585.219 C 162.857 485.019 244.085 403.791 344.286 403.791 C 444.486 403.791 525.714 485.019 525.714 585.219 Z"]
              RenderText {#text} at (0,0) size 0x0
