layer at (0,0) size 800x600
  RenderView at (0,0) size 800x600
layer at (0,0) size 800x238
  RenderBlock {HTML} at (0,0) size 800x238
    RenderBody {BODY} at (8,16) size 784x214
      RenderBlock {P} at (0,0) size 784x42
        RenderText {#text} at (0,0) size 691x21
          text run at (0,0) width 691: "The following box should contain exactly three bands, one yellow, one orange, and one lime, with "
        RenderInline {STRONG} at (0,0) size 770x42
          RenderText {#text} at (691,0) size 770x42
            text run at (691,0) width 79: "absolutely"
            text run at (0,21) width 102: "no red visible"
        RenderText {#text} at (102,21) size 4x21
          text run at (102,21) width 4: "."
      RenderTable {TABLE} at (0,58) size 106x156 [bgcolor=#FF0000] [border: (3px solid #000000)]
        RenderTableSection {TBODY} at (3,3) size 100x150
          RenderTableRow {TR} at (0,0) size 100x150
            RenderTableCell {TD} at (0,0) size 50x150 [r=0 c=0 rs=1 cs=1]
              RenderBlock {DIV} at (0,0) size 50x150 [bgcolor=#FFA500]
                RenderBlock {DIV} at (0,0) size 50x50 [bgcolor=#FF0000]
                  RenderBlock {DIV} at (0,0) size 50x50 [bgcolor=#FFFF00]
                RenderBlock {DIV} at (0,100) size 50x50 [bgcolor=#00FF00]
            RenderTableCell {TD} at (50,0) size 50x150 [r=0 c=1 rs=1 cs=1]
              RenderBlock {DIV} at (0,0) size 50x50 [border: (50px solid #FFFF00) none]
              RenderBlock {DIV} at (0,50) size 50x50 [border: (50px solid #FFA500) none]
              RenderBlock {DIV} at (0,100) size 50x50 [border: (50px solid #00FF00) none]
