layer at (0,0) size 800x600
  RenderView at (0,0) size 800x600
layer at (0,0) size 800x98
  RenderBlock {HTML} at (0,0) size 800x98
    RenderBody {BODY} at (8,16) size 784x74
      RenderBlock {P} at (0,0) size 784x21
        RenderText {#text} at (0,0) size 216x21
          text run at (0,0) width 216: "There should be no red below."
      RenderBlock {DIV} at (0,53) size 784x21 [bgcolor=#FF0000]
        RenderBlock {DIV} at (0,0) size 784x21
          RenderBlock {DIV} at (0,0) size 784x21
            RenderBlock {DIV} at (0,0) size 784x21 [color=#FFFFFF] [bgcolor=#008000]
              RenderText {#text} at (0,0) size 184x21
                text run at (0,0) width 184: "This line should be green."
