layer at (0,0) size 800x600
  RenderView at (0,0) size 800x600
layer at (0,0) size 800x312
  RenderBlock {HTML} at (0,0) size 800x312
    RenderBody {BODY} at (8,16) size 784x280
      RenderBlock {P} at (0,0) size 784x21
        RenderText {#text} at (0,0) size 260x21
          text run at (0,0) width 260: "There should be no red on this page."
      RenderTable {TABLE} at (0,37) size 106x206 [bgcolor=#FF0000] [border: (3px solid #000000)]
        RenderTableSection {TBODY} at (3,3) size 100x200
          RenderTableRow {TR} at (0,0) size 100x200
            RenderTableCell {TD} at (0,25) size 50x150 [bgcolor=#FFA500] [r=0 c=0 rs=1 cs=1]
              RenderBlock {DIV} at (0,0) size 50x50 [bgcolor=#FF0000]
                RenderBlock {DIV} at (0,0) size 50x150 [bgcolor=#00FFFF]
              RenderBlock {DIV} at (0,50) size 50x50 [bgcolor=#FFFF00]
            RenderTableCell {TD} at (50,0) size 50x200 [bgcolor=#FF0000] [r=0 c=1 rs=1 cs=1]
              RenderBlock {DIV} at (0,0) size 50x50 [bgcolor=#FFA500] [border: (50px solid #00FFFF) none]
              RenderBlock {DIV} at (0,50) size 50x50 [border: (50px solid #FFFF00) none]
              RenderBlock {DIV} at (0,100) size 50x50 [border: (50px solid #00FFFF) none]
              RenderBlock {DIV} at (0,150) size 50x50 [border: (50px solid #FFA500) none]
      RenderBlock {P} at (0,259) size 784x21
        RenderText {#text} at (0,0) size 268x21
          text run at (0,0) width 268: "This test is irrelevant if you don't pass "
        RenderInline {A} at (0,0) size 56x21 [color=#0000EE]
          RenderText {#text} at (268,0) size 56x21
            text run at (268,0) width 56: "test 056"
        RenderText {#text} at (324,0) size 4x21
          text run at (324,0) width 4: "."
