layer at (0,0) size 800x600
  RenderView at (0,0) size 800x600
layer at (0,0) size 800x600
  RenderBlock {HTML} at (0,0) size 800x600
    RenderBody {BODY} at (8,8) size 784x584
      RenderBlock {DIV} at (0,0) size 385x520
        RenderImage {IMG} at (0,0) size 395x275
        RenderBlock {H2} at (0,315) size 385x32
          RenderText {#text} at (0,0) size 364x32
            text run at (0,0) width 364: "This text should be on line one."
        RenderBlock (anonymous) at (0,366) size 385x42
          RenderText {#text} at (0,0) size 379x42
            text run at (0,0) width 296: "This text should be on the following lines. "
            text run at (296,0) width 83: "These lines"
            text run at (0,21) width 135: "should not overlap."
        RenderBlock {H2} at (0,448) size 385x32
          RenderText {#text} at (0,0) size 229x32
            text run at (0,0) width 229: "Here's what's weird."
        RenderBlock (anonymous) at (0,499) size 385x21
          RenderText {#text} at (0,0) size 153x21
            text run at (0,0) width 153: "The problem persists!"
