layer at (0,0) size 800x600
  RenderView at (0,0) size 800x600
layer at (0,0) size 800x600
  RenderBlock {HTML} at (0,0) size 800x600
    RenderBody {BODY} at (8,8) size 784x584
      RenderBlock {DIV} at (0,0) size 385x353
        RenderBlock {P} at (0,0) size 385x46 [border: (2px solid #0000FF)]
          RenderText {#text} at (2,2) size 356x42
            text run at (2,2) width 356: "There should be only 2em between this paragraph"
            text run at (2,23) width 152: "and the image below."
        RenderImage {IMG} at (0,78) size 395x275
