layer at (0,0) size 800x600
  RenderView at (0,0) size 800x600
layer at (0,0) size 800x93
  RenderBlock {HTML} at (0,0) size 800x93
    RenderBody {BODY} at (8,16) size 784x69
      RenderBlock {P} at (0,0) size 784x21
        RenderText {#text} at (0,0) size 216x21
          text run at (0,0) width 216: "There should be no red below."
      RenderBlock {DIV} at (0,37) size 80x32 [bgcolor=#FF0000]
        RenderBlock {DIV} at (0,0) size 80x16 [bgcolor=#0000FF]
        RenderImage {IMG} at (0,16) size 80x16 [bgcolor=#FFFF00]
