layer at (0,0) size 800x600
  RenderView at (0,0) size 800x600
layer at (0,0) size 800x378
  RenderBlock {HTML} at (0,0) size 800x378
    RenderBody {BODY} at (8,16) size 784x354
      RenderBlock {P} at (0,0) size 784x36
        RenderText {#text} at (0,0) size 103x17
          text run at (0,0) width 103: "Repaint test for "
        RenderInline {I} at (0,0) size 737x35
          RenderInline {A} at (0,0) size 307x17 [color=#0000EE]
            RenderText {#text} at (102,0) size 307x17
              text run at (102,0) width 307: "http://bugs.webkit.org/show_bug.cgi?id=10699"
          RenderText {#text} at (408,0) size 737x35
            text run at (408,0) width 5: " "
            text run at (412,0) width 325: "div with border-radius does not redraw properly if"
            text run at (0,18) width 180: "element inside div is resized"
        RenderText {#text} at (179,18) size 5x17
          text run at (179,18) width 5: "."
      RenderBlock {DIV} at (0,52) size 222x142 [border: (1px solid #0000FF)]
        RenderBlock {DIV} at (11,11) size 200x68 [bgcolor=#008080] [border: (4px solid #FF0000)]
          RenderBlock {DIV} at (14,14) size 172x40 [bgcolor=#C0C0C0]
      RenderBlock (anonymous) at (0,194) size 784x18
        RenderBR {BR} at (0,0) size 0x17
      RenderBlock {DIV} at (0,212) size 222x142 [border: (1px solid #0000FF)]
        RenderBlock {DIV} at (11,11) size 200x88 [bgcolor=#008080] [border: (4px solid #FF0000)]
          RenderBlock {DIV} at (14,14) size 172x60 [bgcolor=#C0C0C0]
