layer at (0,0) size 800x600
  RenderView at (0,0) size 800x600
layer at (0,0) size 800x298
  RenderBlock {HTML} at (0,0) size 800x298
    RenderBody {BODY} at (8,16) size 784x274
      RenderBlock {P} at (0,0) size 784x18
        RenderText {#text} at (0,0) size 382x19
          text run at (0,0) width 382: "Tests the repainting of box shadows when boxes are resized."
      RenderBlock {DIV} at (0,34) size 70x120
        RenderBlock {DIV} at (10,20) size 50x50 [bgcolor=#FFFF77]
          RenderBlock {DIV} at (10,0) size 30x50
      RenderBlock {DIV} at (0,154) size 70x120
        RenderBlock {DIV} at (10,20) size 50x50 [bgcolor=#FFFF77]
          RenderBlock {DIV} at (10,0) size 30x50
