layer at (0,0) size 800x600
  RenderView at (0,0) size 800x600
layer at (0,0) size 800x256
  RenderBlock {HTML} at (0,0) size 800x256
    RenderBody {BODY} at (8,16) size 784x232
      RenderBlock {P} at (0,0) size 784x18
        RenderInline {B} at (0,0) size 62x17
          RenderText {#text} at (0,0) size 62x17
            text run at (0,0) width 62: "BUG ID:"
        RenderText {#text} at (61,0) size 5x17
          text run at (61,0) width 5: " "
        RenderInline {A} at (0,0) size 119x17 [color=#0000EE]
          RenderText {#text} at (65,0) size 119x17
            text run at (65,0) width 119: "Bugzilla bug 6388"
        RenderText {#text} at (183,0) size 497x17
          text run at (183,0) width 497: " REGRESSION: Incomplete repaint when dragging the map on Google maps"
      RenderBlock {P} at (0,34) size 784x24 [bgcolor=#98FB98]
        RenderInline {B} at (0,0) size 90x17
          RenderText {#text} at (3,3) size 90x17
            text run at (3,3) width 90: "TEST PASS:"
        RenderText {#text} at (92,3) size 245x17
          text run at (92,3) width 5: " "
          text run at (96,3) width 241: "The blue square will change to green."
      RenderBlock {P} at (0,74) size 784x24 [bgcolor=#FF3300]
        RenderInline {B} at (0,0) size 89x17
          RenderText {#text} at (3,3) size 89x17
            text run at (3,3) width 89: "TEST FAIL:"
        RenderText {#text} at (91,3) size 282x17
          text run at (91,3) width 5: " "
          text run at (95,3) width 278: "The blue square will NOT change to green."
      RenderBlock (anonymous) at (0,214) size 784x18
        RenderBR {BR} at (0,0) size 0x17
layer at (8,130) size 100x100
  RenderBlock (relative positioned) {DIV} at (0,114) size 100x100
layer at (-92,130) size 200x100 backgroundClip at (8,130) size 100x100 clip at (8,130) size 100x100 outlineClip at (8,130) size 100x100
  RenderBlock (positioned) {DIV} at (0,0) size 200x100 [bgcolor=#008000]
    RenderBlock {DIV} at (0,0) size 100x100 [bgcolor=#0000FF]
