layer at (0,0) size 800x600
  RenderView at (0,0) size 800x600
layer at (0,0) size 800x164
  RenderBlock {HTML} at (0,0) size 800x164
    RenderBody {BODY} at (8,16) size 784x132
      RenderBlock {P} at (0,0) size 784x18
        RenderInline {B} at (0,0) size 62x19
          RenderText {#text} at (0,0) size 62x19
            text run at (0,0) width 62: "BUG ID:"
        RenderText {#text} at (62,0) size 4x19
          text run at (62,0) width 4: " "
        RenderInline {A} at (0,0) size 117x19 [color=#0000EE]
          RenderText {#text} at (66,0) size 117x19
            text run at (66,0) width 117: "Bugzilla bug 6473"
        RenderText {#text} at (183,0) size 479x19
          text run at (183,0) width 479: " REGRESSION: Serious painting problems on new iLife and iWorks pages"
      RenderBlock {P} at (0,34) size 784x24 [bgcolor=#98FB98]
        RenderInline {B} at (0,0) size 91x19
          RenderText {#text} at (3,3) size 91x19
            text run at (3,3) width 91: "TEST PASS:"
        RenderText {#text} at (94,3) size 434x19
          text run at (94,3) width 4: " "
          text run at (98,3) width 430: "A green rectangle containing the word SUCCESS will show below."
      RenderBlock {P} at (0,74) size 784x24 [bgcolor=#FF3300]
        RenderInline {B} at (0,0) size 90x19
          RenderText {#text} at (3,3) size 90x19
            text run at (3,3) width 90: "TEST FAIL:"
        RenderText {#text} at (93,3) size 253x19
          text run at (93,3) width 4: " "
          text run at (97,3) width 249: "A green rectangle will not show below."
      RenderBlock {DIV} at (0,114) size 784x18
        RenderBlock {DIV} at (0,0) size 784x18
layer at (8,130) size 784x18
  RenderBlock (relative positioned) {P} at (0,0) size 784x18 [bgcolor=#00FF00]
    RenderText {#text} at (0,0) size 71x19
      text run at (0,0) width 71: "SUCCESS"
