layer at (0,0) size 800x600
  RenderView at (0,0) size 800x600
layer at (0,0) size 800x600
  RenderBlock {HTML} at (0,0) size 800x600
    RenderBody {BODY} at (8,8) size 784x584
      RenderBlock {P} at (0,0) size 784x18
        RenderText {#text} at (0,0) size 55x17
          text run at (0,0) width 55: "Test for "
        RenderInline {I} at (0,0) size 684x17
          RenderInline {A} at (0,0) size 306x17 [color=#0000EE]
            RenderText {#text} at (54,0) size 306x17
              text run at (54,0) width 306: "http://bugs.webkit.org/show_bug.cgi?id=13391"
          RenderText {#text} at (359,0) size 379x17
            text run at (359,0) width 5: " "
            text run at (363,0) width 375: "REGRESSION (r18819): Incomplete repaint of button text"
        RenderText {#text} at (737,0) size 5x17
          text run at (737,0) width 5: "."
      RenderBlock {P} at (0,34) size 784x18
        RenderText {#text} at (0,0) size 515x17
          text run at (0,0) width 515: "The popup and the button should say \x{201C}SUCCESS\x{201D} with no sign of \x{201C}FAILURE\x{201D}."
      RenderMenuList {SELECT} at (0,68) size 200x30 [bgcolor=#FFFFFF] [border: (1px solid #000000)]
        RenderBlock (anonymous) at (1,6) size 198x18
          RenderText at (0,0) size 78x17
            text run at (0,0) width 78: "SUCCESS"
      RenderButton {BUTTON} at (0,98) size 200x30 [bgcolor=#C0C0C0] [border: (2px outset #C0C0C0)]
        RenderBlock (anonymous) at (8,5) size 184x18
          RenderText {#text} at (53,0) size 78x17
            text run at (53,0) width 78: "SUCCESS"
