layer at (0,0) size 808x584
  RenderView at (0,0) size 800x584
layer at (0,0) size 800x182
  RenderBlock {HTML} at (0,0) size 800x182
    RenderBody {BODY} at (8,16) size 784x158
      RenderBlock {P} at (0,0) size 784x36
        RenderText {#text} at (0,0) size 103x17
          text run at (0,0) width 103: "Repaint test for "
        RenderInline {I} at (0,0) size 126x17
          RenderInline {A} at (0,0) size 126x17 [color=#0000EE]
            RenderText {#text} at (102,0) size 126x17
              text run at (102,0) width 126: "Bugzilla bug 23524"
        RenderText {#text} at (227,0) size 768x35
          text run at (227,0) width 5: " "
          text run at (231,0) width 537: "Make sure that a table section doesn't stop painting when vertical alignment of cells"
          text run at (0,18) width 139: "dynamically changes."
      RenderBlock {DIV} at (0,52) size 800x106
        RenderTable {TABLE} at (0,0) size 110x106
          RenderTableSection {TBODY} at (0,0) size 110x106
            RenderTableRow {TR} at (0,2) size 110x102
              RenderTableCell {TD} at (2,2) size 102x102 [r=0 c=0 rs=1 cs=1]
                RenderBlock (floating) {DIV} at (1,1) size 100x100 [bgcolor=#008000]
              RenderTableCell {TD} at (106,2) size 2x3 [r=0 c=1 rs=1 cs=1]
                RenderBlock {DIV} at (1,1) size 0x0
                RenderBlock {DIV} at (1,2) size 0x0
                RenderBlock {DIV} at (1,2) size 0x0
