layer at (0,0) size 800x600
  RenderView at (0,0) size 800x600
layer at (0,0) size 800x162
  RenderBlock {HTML} at (0,0) size 800x162
    RenderBody {BODY} at (8,8) size 784x146
      RenderBlock {DIV} at (0,0) size 784x146
        RenderBlock {DIV} at (10,10) size 302x122 [border: (1px solid #000000)]
          RenderBlock {DIV} at (1,1) size 80x20 [bgcolor=#000000]
        RenderText {#text} at (322,128) size 4x17
          text run at (322,128) width 4: " "
        RenderBlock {DIV} at (336,10) size 302x122 [border: (1px solid #000000)]
          RenderBlock {DIV} at (1,1) size 240x20 [bgcolor=#000000]
        RenderText {#text} at (0,0) size 0x0
