layer at (0,0) size 800x600
  RenderView at (0,0) size 800x600
layer at (0,0) size 800x600
  RenderBlock {HTML} at (0,0) size 800x600
    RenderBody {BODY} at (8,8) size 784x584
      RenderBlock {P} at (0,0) size 784x18
        RenderText {#text} at (0,0) size 331x17
          text run at (0,0) width 331: "This is a repaint test of inline blocks with overflow."
      RenderBlock {HR} at (0,34) size 784x2 [border: (1px inset #000000)]
      RenderBlock (anonymous) at (0,44) size 784x20
        RenderInline {SPAN} at (0,0) size 200x17
          RenderText {#text} at (0,0) size 100x17
            text run at (0,0) width 100: "Here comes an "
          RenderBlock {SPAN} at (99,0) size 100x20 [bgcolor=#C0C0C0]
            RenderText {#text} at (0,0) size 95x35
              text run at (0,0) width 76: "inline block"
              text run at (0,18) width 95: "with overflow."
        RenderText {#text} at (0,0) size 0x0
