layer at (0,0) size 800x600
  RenderView at (0,0) size 800x600
layer at (0,0) size 800x600
  RenderBlock {HTML} at (0,0) size 800x600
    RenderBody {BODY} at (0,0) size 800x600
      RenderPartObject {IFRAME} at (0,0) size 500x600
        layer at (0,0) size 484x615
          RenderView at (0,0) size 484x600
        layer at (0,0) size 484x615
          RenderBlock {HTML} at (0,0) size 484x615
            RenderBody {BODY} at (8,8) size 468x591
              RenderBlock {DIV} at (0,0) size 450x50
                RenderBlock (floating) {DIV} at (370,10) size 70x150 [bgcolor=#FFC0CB]
              RenderBlock {P} at (0,66) size 418x525 [border: (3px solid #800000)]
                RenderText {#text} at (6,6) size 354x114
                  text run at (6,6) width 354: "The chief difficulty Alice found at first was in managing"
                  text run at (6,25) width 25: "her "
                  text run at (31,25) width 329: "flamingo: she succeeded in getting its body tucked"
                  text run at (6,44) width 42: "away, "
                  text run at (48,44) width 312: "comfortably enough, under her arm, with its legs"
                  text run at (6,63) width 106: "hanging down, "
                  text run at (112,63) width 248: "but generally, just as she had got its"
                  text run at (6,82) width 158: "neck nicely straightened "
                  text run at (164,82) width 196: "out, and was going to give the"
                  text run at (6,101) width 239: "hedgehog a blow with its head, it "
                RenderInline {I} at (0,0) size 39x19
                  RenderText {#text} at (245,101) size 39x19
                    text run at (245,101) width 39: "would"
                RenderText {#text} at (284,101) size 406x76
                  text run at (284,101) width 76: " twist itself"
                  text run at (6,120) width 237: "round and look up in her face, with "
                  text run at (243,120) width 169: "such a puzzled expression"
                  text run at (6,139) width 227: "that she could not help bursting out "
                  text run at (233,139) width 179: "laughing: and when she had"
                  text run at (6,158) width 248: "got its head down, and was going to "
                RenderText {#text} at (254,158) size 406x133
                  text run at (254,158) width 158: "begin again, it was very"
                  text run at (6,177) width 259: "provoking to find that the hedgehog had "
                  text run at (265,177) width 147: "unrolled itself, and was"
                  text run at (6,196) width 252: "in the act of crawling away: besides all "
                  text run at (258,196) width 154: "this, there was generally"
                  text run at (6,215) width 256: "a ridge or furrow in the way wherever "
                  text run at (262,215) width 150: "she wanted to send the"
                  text run at (6,234) width 264: "hedgehog to, and, as the doubled-up "
                  text run at (270,234) width 142: "soldiers were always"
                  text run at (6,253) width 292: "getting up and walking off to other parts of "
                  text run at (298,253) width 114: "the ground, Alice"
                  text run at (57,272) width 306: "soon came to the conclusion that it was a very "
                RenderBlock (floating) {SPAN} at (6,275) size 48x64 [bgcolor=#ADD8E6]
                RenderText {#text} at (363,272) size 355x38
                  text run at (363,272) width 49: "difficult"
                  text run at (57,291) width 88: "game indeed. "
                RenderBR {BR} at (0,0) size 0x0
                RenderText {#text} at (57,310) size 297x19
                  text run at (57,310) width 297: "The players all played at once without waiting "
                RenderBlock (floating) {SPAN} at (348,332) size 64x80 [bgcolor=#90EE90]
                RenderText {#text} at (354,310) size 406x57
                  text run at (354,310) width 58: "for turns,"
                  text run at (57,329) width 288: "quarrelling all the while, and fighting for the"
                  text run at (6,348) width 119: "hedgehogs; and in "
                  text run at (125,348) width 109: "a very short time "
                RenderInline {SPAN} at (0,0) size 65x19
                  RenderText {#text} at (234,348) size 65x19
                    text run at (234,348) width 65: "the Queen"
                RenderText {#text} at (299,348) size 339x76
                  text run at (299,348) width 46: " was in"
                  text run at (6,367) width 201: "a furious passion, and went "
                  text run at (207,367) width 138: "stamping about, and"
                  text run at (6,386) width 274: "shouting \x{2018}Off with his head!\x{2019} or \x{2018}Off with "
                  text run at (280,386) width 65: "her head!\x{2019}"
                  text run at (6,405) width 151: "about once in a minute. "
                RenderBR {BR} at (0,0) size 0x0
                RenderText {#text} at (6,424) size 406x95
                  text run at (6,424) width 387: "Alice began to feel very uneasy: to be sure, she had not as "
                  text run at (393,424) width 19: "yet"
                  text run at (6,443) width 406: "had any dispute with the Queen, but she knew that it might"
                  text run at (6,462) width 406: "happen any minute, \x{2018}and then,\x{2019} thought she, \x{2018}what would"
                  text run at (6,481) width 75: "become of "
                  text run at (81,481) width 331: "me? They\x{2019}re dreadfully fond of beheading people"
                  text run at (6,500) width 93: "here; the great "
                  text run at (99,500) width 261: "wonder is, that there\x{2018}s any one left alive!\x{2019}"
      RenderText {#text} at (0,0) size 0x0
