layer at (0,0) size 800x600
  RenderView at (0,0) size 800x600
layer at (0,0) size 800x600
  RenderBlock {HTML} at (0,0) size 800x600
    RenderBody {BODY} at (0,0) size 800x600
      RenderPartObject {IFRAME} at (0,0) size 500x600
        layer at (0,0) size 500x600
          RenderView at (0,0) size 500x600
        layer at (0,0) size 500x600
          RenderBlock {HTML} at (0,0) size 500x600
            RenderBody {BODY} at (8,8) size 484x576
              RenderBlock {DIV} at (0,0) size 450x50
                RenderBlock (floating) {DIV} at (370,10) size 70x150 [bgcolor=#FFC0CB]
              RenderBlock {P} at (0,66) size 418x501 [border: (3px solid #800000)]
                RenderText {#text} at (6,6) size 354x107
                  text run at (6,6) width 354: "The chief difficulty Alice found at first was in"
                  text run at (6,24) width 98: "managing her "
                  text run at (103,24) width 257: "flamingo: she succeeded in getting its"
                  text run at (6,42) width 140: "body tucked away, "
                  text run at (145,42) width 215: "comfortably enough, under her"
                  text run at (6,60) width 219: "arm, with its legs hanging down, "
                  text run at (224,60) width 136: "but generally, just as"
                  text run at (6,78) width 270: "she had got its neck nicely straightened "
                  text run at (275,78) width 85: "out, and was"
                  text run at (6,96) width 354: "going to give the hedgehog a blow with its head, it"
                RenderInline {I} at (0,0) size 45x20
                  RenderText {#text} at (6,114) size 45x20
                    text run at (6,114) width 45: "would"
                RenderText {#text} at (50,116) size 406x72
                  text run at (50,116) width 320: " twist itself round and look up in her face, with "
                  text run at (369,116) width 43: "such a"
                  text run at (6,135) width 406: "puzzled expression that she could not help bursting out"
                  text run at (6,153) width 406: "laughing: and when she had got its head down, and was going"
                  text run at (6,171) width 17: "to "
                RenderText {#text} at (22,171) size 406x125
                  text run at (22,171) width 390: "begin again, it was very provoking to find that the hedgehog"
                  text run at (6,189) width 32: "had "
                  text run at (37,189) width 375: "unrolled itself, and was in the act of crawling away:"
                  text run at (6,207) width 76: "besides all "
                  text run at (81,207) width 331: "this, there was generally a ridge or furrow in the"
                  text run at (6,225) width 96: "way wherever "
                  text run at (101,225) width 311: "she wanted to send the hedgehog to, and, as the"
                  text run at (6,243) width 77: "doubled-up "
                  text run at (82,243) width 330: "soldiers were always getting up and walking off to"
                  text run at (6,261) width 95: "other parts of "
                  text run at (100,261) width 312: "the ground, Alice soon came to the conclusion"
                  text run at (57,279) width 114: "that it was a very "
                RenderBlock (floating) {SPAN} at (6,282) size 48x64 [bgcolor=#ADD8E6]
                RenderText {#text} at (170,279) size 146x17
                  text run at (170,279) width 146: "difficult game indeed. "
                RenderBR {BR} at (0,0) size 0x0
                RenderText {#text} at (57,297) size 304x17
                  text run at (57,297) width 304: "The players all played at once without waiting"
                RenderBlock (floating) {SPAN} at (364,300) size 48x80 [bgcolor=#90EE90]
                RenderText {#text} at (57,315) size 304x35
                  text run at (57,315) width 63: "for turns, "
                  text run at (119,315) width 242: "quarrelling all the while, and fighting"
                  text run at (57,333) width 170: "for the hedgehogs; and in "
                  text run at (226,333) width 115: "a very short time "
                RenderInline {SPAN} at (0,0) size 355x35
                  RenderText {#text} at (340,333) size 355x35
                    text run at (340,333) width 21: "the"
                    text run at (6,351) width 42: "Queen"
                RenderText {#text} at (47,351) size 355x53
                  text run at (47,351) width 255: " was in a furious passion, and went "
                  text run at (301,351) width 60: "stamping"
                  text run at (6,369) width 355: "about, and shouting \x{2018}Off with his head!\x{2019} or \x{2018}Off with"
                  text run at (6,387) width 224: "her head!\x{2019} about once in a minute. "
                RenderBR {BR} at (0,0) size 0x0
                RenderText {#text} at (6,405) size 406x89
                  text run at (6,405) width 386: "Alice began to feel very uneasy: to be sure, she had not as "
                  text run at (391,405) width 21: "yet"
                  text run at (6,423) width 406: "had any dispute with the Queen, but she knew that it might"
                  text run at (6,441) width 406: "happen any minute, \x{2018}and then,\x{2019} thought she, \x{2018}what would"
                  text run at (6,459) width 76: "become of "
                  text run at (81,459) width 331: "me? They\x{2019}re dreadfully fond of beheading people"
                  text run at (6,477) width 96: "here; the great "
                  text run at (101,477) width 268: "wonder is, that there\x{2018}s any one left alive!\x{2019}"
      RenderText {#text} at (0,0) size 0x0
