layer at (0,0) size 800x600
  RenderView at (0,0) size 800x600
layer at (0,0) size 800x600
  RenderBlock {HTML} at (0,0) size 800x600
    RenderBody {BODY} at (8,8) size 784x576
      RenderBlock {P} at (0,0) size 784x36
        RenderText {#text} at (0,0) size 55x17
          text run at (0,0) width 55: "Test for "
        RenderInline {I} at (0,0) size 741x35
          RenderInline {A} at (0,0) size 306x17 [color=#0000EE]
            RenderText {#text} at (54,0) size 306x17
              text run at (54,0) width 306: "http://bugs.webkit.org/show_bug.cgi?id=12910"
          RenderText {#text} at (359,0) size 741x35
            text run at (359,0) width 5: " "
            text run at (363,0) width 378: "REGRESSION (r18756-r18765): list-bullet doesn't redraw"
            text run at (0,18) width 376: "properly when changing the list's content using JavaScript"
        RenderText {#text} at (375,18) size 5x17
          text run at (375,18) width 5: "."
      RenderBlock {UL} at (0,52) size 784x18
        RenderListItem {LI} at (40,0) size 744x18
          RenderBlock (anonymous) at (0,0) size 744x18
            RenderListMarker at (-17,0) size 7x17: bullet
            RenderText {#text} at (0,0) size 22x17
              text run at (0,0) width 22: "foo"
          RenderBlock {DIV} at (10,28) size 724x0
      RenderBlock {UL} at (0,86) size 784x18
        RenderListItem {LI} at (40,0) size 744x18
          RenderBlock (anonymous) at (0,0) size 744x18
            RenderListMarker at (-1,0) size 7x17: bullet
            RenderText {#text} at (14,0) size 21x17
              text run at (14,0) width 21: "bar"
          RenderBlock {DIV} at (10,28) size 724x0
      RenderBlock {UL} at (0,120) size 784x18
        RenderListItem {LI} at (0,0) size 744x18
          RenderBlock (anonymous) at (0,0) size 744x18
            RenderListMarker at (754,0) size 7x17: bullet
            RenderText {#text} at (722,0) size 22x17
              text run at (722,0) width 22: "foo"
          RenderBlock {DIV} at (10,28) size 724x0
      RenderBlock {UL} at (0,154) size 784x18
        RenderListItem {LI} at (0,0) size 744x18
          RenderBlock (anonymous) at (0,0) size 744x18
            RenderListMarker at (738,0) size 7x17: bullet
            RenderText {#text} at (709,0) size 21x17
              text run at (709,0) width 21: "bar"
          RenderBlock {DIV} at (10,28) size 724x0
