layer at (0,0) size 800x600
  RenderView at (0,0) size 800x600
layer at (0,0) size 800x600
  RenderBlock {HTML} at (0,0) size 800x600
    RenderBody {BODY} at (8,8) size 784x584
      RenderBlock {P} at (0,0) size 784x54
        RenderText {#text} at (0,0) size 156x17
          text run at (0,0) width 156: "This is a repaint test for "
        RenderInline {I} at (0,0) size 767x35
          RenderInline {A} at (0,0) size 306x17 [color=#0000EE]
            RenderText {#text} at (155,0) size 306x17
              text run at (155,0) width 306: "http://bugs.webkit.org/show_bug.cgi?id=11277"
          RenderText {#text} at (460,0) size 767x35
            text run at (460,0) width 5: " "
            text run at (464,0) width 303: "REGRESSION: Incomplete repaint of overflow"
            text run at (0,18) width 129: "areas when deleting"
        RenderText {#text} at (128,18) size 773x35
          text run at (128,18) width 9: ". "
          text run at (136,18) width 453: "This shows that the repaint rect doesn't account for scrolling. You can "
          text run at (588,18) width 185: "use Quartz Debug to see that"
          text run at (0,36) width 415: "changing the text repaints a rect where the text would have been "
          text run at (414,36) width 159: "if it hadn't been scrolled."
layer at (8,78) size 80x69 clip at (8,78) size 64x69 scrollY 128 scrollHeight 198
  RenderBlock {DIV} at (0,70) size 80x69
    RenderBR {BR} at (0,0) size 0x17
    RenderBR {BR} at (0,18) size 0x17
    RenderBR {BR} at (0,36) size 0x17
    RenderBR {BR} at (0,54) size 0x17
    RenderBR {BR} at (0,72) size 0x17
    RenderBR {BR} at (0,90) size 0x17
    RenderBR {BR} at (0,108) size 0x17
    RenderBR {BR} at (0,126) size 0x17
    RenderBR {BR} at (0,144) size 0x17
    RenderText {#text} at (0,162) size 44x35
      text run at (0,162) width 44: "Passed"
      text run at (0,180) width 28: "Test"
