layer at (0,0) size 800x600
  RenderView at (0,0) size 800x600
layer at (0,0) size 800x600
  RenderBlock {HTML} at (0,0) size 800x600
    RenderBody {BODY} at (8,8) size 784x584
      RenderBlock {P} at (0,0) size 784x18
        RenderText {#text} at (0,0) size 55x17
          text run at (0,0) width 55: "Test for "
        RenderInline {I} at (0,0) size 713x17
          RenderInline {A} at (0,0) size 312x17 [color=#0000EE]
            RenderText {#text} at (54,0) size 312x17
              text run at (54,0) width 312: "https://bugs.webkit.org/show_bug.cgi?id=34946"
          RenderText {#text} at (365,0) size 402x17
            text run at (365,0) width 5: " "
            text run at (369,0) width 398: "REGRESSION: Selection painting issue in bug review textbox"
        RenderText {#text} at (766,0) size 5x17
          text run at (766,0) width 5: "."
layer at (13,42) size 126x126 clip at (16,45) size 104x120 scrollY 36 scrollHeight 156
  RenderBlock {DIV} at (5,34) size 126x126 [border: (3px solid #000000)]
    RenderBlock {DIV} at (13,13) size 84x100
    RenderBlock (anonymous) at (13,113) size 84x36
      RenderBlock {DIV} at (0,0) size 94x36
        RenderInline {SPAN} at (0,0) size 43x35
          RenderText {#text} at (0,0) size 43x17
            text run at (0,0) width 43: "Lorem"
          RenderBR {BR} at (42,14) size 1x0
          RenderText {#text} at (0,18) size 40x17
            text run at (0,18) width 40: "ipsum"
      RenderText {#text} at (0,0) size 0x0
