layer at (0,0) size 800x600
  RenderView at (0,0) size 800x600
layer at (0,0) size 800x600
  RenderBlock {HTML} at (0,0) size 800x600
layer at (8,8) size 784x584
  RenderBody {BODY} at (8,8) size 784x584
    RenderBlock {DIV} at (0,0) size 784x192 [color=#FF0000]
      RenderText {#text} at (8,0) size 113x16
        text run at (8,0) width 33: "2 "
        text run at (40,0) width 33: "2 "
        text run at (72,0) width 33: "2 "
        text run at (104,0) width 17: "2"
      RenderBR {BR} at (120,13) size 1x0
      RenderText {#text} at (8,16) size 113x16
        text run at (8,16) width 33: "2 "
        text run at (40,16) width 33: "2 "
        text run at (72,16) width 33: "2 "
        text run at (104,16) width 17: "2"
      RenderBR {BR} at (120,29) size 1x0
      RenderText {#text} at (8,32) size 113x16
        text run at (8,32) width 33: "2 "
        text run at (40,32) width 33: "2 "
        text run at (72,32) width 33: "2 "
        text run at (104,32) width 17: "2"
      RenderBR {BR} at (120,45) size 1x0
      RenderText {#text} at (8,48) size 113x16
        text run at (8,48) width 33: "2 "
        text run at (40,48) width 33: "2 "
        text run at (72,48) width 33: "2 "
        text run at (104,48) width 17: "2"
      RenderBR {BR} at (120,61) size 1x0
      RenderText {#text} at (8,64) size 113x16
        text run at (8,64) width 33: "2 "
        text run at (40,64) width 33: "2 "
        text run at (72,64) width 33: "2 "
        text run at (104,64) width 17: "2"
      RenderBR {BR} at (120,77) size 1x0
      RenderText {#text} at (8,80) size 113x16
        text run at (8,80) width 33: "2 "
        text run at (40,80) width 33: "2 "
        text run at (72,80) width 33: "2 "
        text run at (104,80) width 17: "2"
      RenderBR {BR} at (120,93) size 1x0
      RenderText {#text} at (8,96) size 113x16
        text run at (8,96) width 33: "2 "
        text run at (40,96) width 33: "2 "
        text run at (72,96) width 33: "2 "
        text run at (104,96) width 17: "2"
      RenderBR {BR} at (120,109) size 1x0
      RenderText {#text} at (8,112) size 113x16
        text run at (8,112) width 33: "2 "
        text run at (40,112) width 33: "2 "
        text run at (72,112) width 33: "2 "
        text run at (104,112) width 17: "2"
      RenderBR {BR} at (120,125) size 1x0
      RenderText {#text} at (8,128) size 113x16
        text run at (8,128) width 33: "2 "
        text run at (40,128) width 33: "2 "
        text run at (72,128) width 33: "2 "
        text run at (104,128) width 17: "2"
      RenderBR {BR} at (120,141) size 1x0
      RenderText {#text} at (8,144) size 113x16
        text run at (8,144) width 33: "2 "
        text run at (40,144) width 33: "2 "
        text run at (72,144) width 33: "2 "
        text run at (104,144) width 17: "2"
      RenderBR {BR} at (120,157) size 1x0
      RenderText {#text} at (8,160) size 113x16
        text run at (8,160) width 33: "2 "
        text run at (40,160) width 33: "2 "
        text run at (72,160) width 33: "2 "
        text run at (104,160) width 17: "2"
      RenderBR {BR} at (120,173) size 1x0
      RenderText {#text} at (8,176) size 113x16
        text run at (8,176) width 33: "2 "
        text run at (40,176) width 33: "2 "
        text run at (72,176) width 33: "2 "
        text run at (104,176) width 17: "2"
layer at (8,8) size 129x196
  RenderBlock (positioned) {DIV} at (0,0) size 129x196 [color=#008000]
    RenderBlock {DIV} at (0,0) size 129x49
      RenderText {#text} at (0,17) size 129x32
        text run at (0,17) width 129: "1111"
    RenderBlock {DIV} at (0,49) size 129x49
      RenderText {#text} at (0,0) size 129x32
        text run at (0,0) width 129: "1111"
    RenderBlock {DIV} at (0,98) size 129x49
      RenderText {#text} at (0,0) size 129x32
        text run at (0,0) width 129: "1111"
    RenderBlock {DIV} at (0,147) size 129x49
      RenderText {#text} at (0,17) size 129x32
        text run at (0,17) width 129: "1111"
