layer at (0,0) size 800x600
  RenderView at (0,0) size 800x600
layer at (0,0) size 800x600
  RenderBlock {HTML} at (0,0) size 800x600
layer at (8,8) size 784x584
  RenderBody {BODY} at (8,8) size 784x584
    RenderBlock {DIV} at (0,0) size 784x120 [color=#FF0000]
      RenderText {#text} at (0,8) size 193x16
        text run at (0,8) width 193: "222222222222"
      RenderBR {BR} at (192,21) size 1x0
      RenderBR {BR} at (0,24) size 0x16
      RenderText {#text} at (0,40) size 193x16
        text run at (0,40) width 193: "222222222222"
      RenderBR {BR} at (192,53) size 1x0
      RenderBR {BR} at (0,56) size 0x16
      RenderText {#text} at (0,72) size 193x16
        text run at (0,72) width 193: "222222222222"
      RenderBR {BR} at (192,85) size 1x0
      RenderBR {BR} at (0,88) size 0x16
      RenderText {#text} at (0,104) size 193x16
        text run at (0,104) width 193: "222222222222"
layer at (8,8) size 196x129
  RenderBlock (positioned) {DIV} at (0,0) size 196x129 [color=#008000]
    RenderBlock {DIV} at (0,0) size 49x129
      RenderText {#text} at (0,0) size 32x129
        text run at (0,0) width 129: "1111"
    RenderBlock {DIV} at (49,0) size 49x129
      RenderText {#text} at (17,0) size 32x129
        text run at (17,0) width 129: "1111"
    RenderBlock {DIV} at (98,0) size 49x129
      RenderText {#text} at (17,0) size 32x129
        text run at (17,0) width 129: "1111"
    RenderBlock {DIV} at (147,0) size 49x129
      RenderText {#text} at (0,0) size 32x129
        text run at (0,0) width 129: "1111"
