layer at (0,0) size 800x600
  RenderView at (0,0) size 800x600
layer at (0,0) size 800x296
  RenderBlock {HTML} at (0,0) size 800x296
    RenderBody {BODY} at (8,16) size 784x272
      RenderBlock {P} at (0,0) size 784x18
        RenderText {#text} at (0,0) size 55x17
          text run at (0,0) width 55: "Test for "
        RenderInline {A} at (0,0) size 311x17 [color=#0000EE]
          RenderText {#text} at (54,0) size 311x17
            text run at (54,0) width 311: "https://bugs.webkit.org/show_bug.cgi?id=17840"
        RenderText {#text} at (364,0) size 297x17
          text run at (364,0) width 297: ". The rotated box should be correctly redrawn."
      RenderBlock (anonymous) at (0,34) size 784x18
      RenderBlock (anonymous) at (0,52) size 784x202
      RenderBlock (anonymous) at (0,254) size 784x18
        RenderText {#text} at (0,0) size 0x0
layer at (18,110) size 84x57
  RenderInline (relative positioned) {SPAN} at (0,0) size 84x57 [bgcolor=#DDDDDD]
    RenderText {#text} at (20,0) size 64x17
      text run at (20,0) width 64: "Container"
layer at (108,168) size 202x202
  RenderBlock (relative positioned) {DIV} at (0,0) size 202x202 [bgcolor=#CCCCCC] [border: (1px solid #000000)]
layer at (18,330) size 20x57
  RenderInline (relative positioned) {SPAN} at (0,0) size 20x57 [bgcolor=#DDDDDD]
