layer at (0,0) size 800x600
  RenderView at (0,0) size 800x600
layer at (0,0) size 800x600
  RenderBlock {HTML} at (0,0) size 800x600
    RenderBody {BODY} at (8,8) size 784x584
      RenderBlock {P} at (0,0) size 784x18
        RenderText {#text} at (0,0) size 153x18
          text run at (0,0) width 153: "Test controls placement."
      RenderBlock (anonymous) at (0,34) size 784x114
        RenderMedia {AUDIO} at (0,0) size 300x30 [bgcolor=#0000FF]
        RenderBR {BR} at (300,30) size 0x0
        RenderBR {BR} at (0,30) size 0x18
        RenderMedia {AUDIO} at (0,48) size 320x30 [bgcolor=#0000FF]
        RenderBR {BR} at (320,78) size 0x0
        RenderBR {BR} at (0,78) size 0x18
        RenderBR {BR} at (0,96) size 0x18
layer at (8,42) size 300x30
  RenderDeprecatedFlexibleBox (relative positioned) {DIV} at (0,0) size 300x30
    RenderBlock {DIV} at (0,0) size 300x30
layer at (8,42) size 300x30 scrollHeight 36
  RenderDeprecatedFlexibleBox (relative positioned) {DIV} at (0,0) size 300x30 [bgcolor=#141414CC]
    RenderBlock (anonymous) at (0,0) size 48x30
      RenderButton {INPUT} at (9,-1) size 30x31
    RenderSlider {INPUT} at (48,11) size 86x8
      RenderDeprecatedFlexibleBox {DIV} at (0,0) size 86x8 [border: (1px solid #828282)]
        RenderBlock {DIV} at (1,1) size 66x24
        RenderBlock {DIV} at (60,1) size 32x24
    RenderDeprecatedFlexibleBox {DIV} at (149,0) size 25x30 [color=#FFFFFF]
      RenderBlock (anonymous) at (0,0) size 25x30
        RenderText {#text} at (0,7) size 25x15
          text run at (0,7) width 25: "0:07"
    RenderBlock (anonymous) at (183,0) size 41x30
      RenderButton {INPUT} at (0,-1) size 35x31
    RenderSlider {INPUT} at (224,11) size 27x8
      RenderDeprecatedFlexibleBox {DIV} at (0,0) size 27x8 [border: (1px solid #828282)]
        RenderBlock {DIV} at (1,1) size 15x24
        RenderBlock {DIV} at (9,1) size 24x24
    RenderBlock (anonymous) at (266,0) size 34x30
      RenderButton {INPUT} at (-5,-1) size 30x31
layer at (50,45) size 32x24
  RenderBlock (relative positioned) {DIV} at (-7,-8) size 32x24
layer at (241,45) size 24x24
  RenderBlock (relative positioned) {DIV} at (-7,-8) size 24x24
layer at (8,90) size 320x30
  RenderDeprecatedFlexibleBox (relative positioned) {DIV} at (0,0) size 320x30
    RenderBlock {DIV} at (0,0) size 320x30
layer at (8,90) size 320x30 scrollHeight 36
  RenderDeprecatedFlexibleBox (relative positioned) {DIV} at (0,0) size 320x30 [bgcolor=#141414CC]
    RenderBlock (anonymous) at (0,0) size 48x30
      RenderButton {INPUT} at (9,-1) size 30x31
    RenderSlider {INPUT} at (48,11) size 96x8
      RenderDeprecatedFlexibleBox {DIV} at (0,0) size 96x8 [border: (1px solid #828282)]
        RenderBlock {DIV} at (1,1) size 76x24
        RenderBlock {DIV} at (70,1) size 32x24
    RenderDeprecatedFlexibleBox {DIV} at (159,0) size 25x30 [color=#FFFFFF]
      RenderBlock (anonymous) at (0,0) size 25x30
        RenderText {#text} at (0,7) size 25x15
          text run at (0,7) width 25: "0:07"
    RenderBlock (anonymous) at (193,0) size 41x30
      RenderButton {INPUT} at (0,-1) size 35x31
    RenderSlider {INPUT} at (234,11) size 37x8
      RenderDeprecatedFlexibleBox {DIV} at (0,0) size 37x8 [border: (1px solid #828282)]
        RenderBlock {DIV} at (1,1) size 25x24
        RenderBlock {DIV} at (19,1) size 24x24
    RenderBlock (anonymous) at (286,0) size 34x30
      RenderButton {INPUT} at (-5,-1) size 30x31
layer at (50,93) size 32x24
  RenderBlock (relative positioned) {DIV} at (-7,-8) size 32x24
layer at (261,93) size 24x24
  RenderBlock (relative positioned) {DIV} at (-7,-8) size 24x24
layer at (8,138) size 320x100
  RenderMedia {AUDIO} at (8,138) size 320x100 [bgcolor=#0000FF]
layer at (8,138) size 320x100
  RenderDeprecatedFlexibleBox (relative positioned) {DIV} at (0,0) size 320x100
    RenderBlock {DIV} at (0,70) size 320x30
layer at (8,208) size 320x30 scrollHeight 36
  RenderDeprecatedFlexibleBox (relative positioned) {DIV} at (0,0) size 320x30 [bgcolor=#141414CC]
    RenderBlock (anonymous) at (0,0) size 48x30
      RenderButton {INPUT} at (9,-1) size 30x31
    RenderSlider {INPUT} at (48,11) size 96x8
      RenderDeprecatedFlexibleBox {DIV} at (0,0) size 96x8 [border: (1px solid #828282)]
        RenderBlock {DIV} at (1,1) size 76x24
        RenderBlock {DIV} at (70,1) size 32x24
    RenderDeprecatedFlexibleBox {DIV} at (159,0) size 25x30 [color=#FFFFFF]
      RenderBlock (anonymous) at (0,0) size 25x30
        RenderText {#text} at (0,7) size 25x15
          text run at (0,7) width 25: "0:07"
    RenderBlock (anonymous) at (193,0) size 41x30
      RenderButton {INPUT} at (0,-1) size 35x31
    RenderSlider {INPUT} at (234,11) size 37x8
      RenderDeprecatedFlexibleBox {DIV} at (0,0) size 37x8 [border: (1px solid #828282)]
        RenderBlock {DIV} at (1,1) size 25x24
        RenderBlock {DIV} at (19,1) size 24x24
    RenderBlock (anonymous) at (286,0) size 34x30
      RenderButton {INPUT} at (-5,-1) size 30x31
layer at (50,211) size 32x24
  RenderBlock (relative positioned) {DIV} at (-7,-8) size 32x24
layer at (261,211) size 24x24
  RenderBlock (relative positioned) {DIV} at (-7,-8) size 24x24
