layer at (0,0) size 800x600
  RenderView at (0,0) size 800x600
layer at (0,0) size 800x600
  RenderBlock {HTML} at (0,0) size 800x600
    RenderBody {BODY} at (8,8) size 784x584
      RenderBlock {P} at (0,0) size 784x18
        RenderText {#text} at (0,0) size 360x18
          text run at (0,0) width 360: "Making sure the controller looks ok after a second load()."
      RenderBlock (anonymous) at (0,34) size 784x240
        RenderText {#text} at (0,0) size 0x0
layer at (8,42) size 320x240
  RenderVideo {VIDEO} at (0,0) size 320x240
layer at (8,42) size 320x240
  RenderBlock (relative positioned) {DIV} at (0,0) size 320x240
layer at (8,250) size 320x32
  RenderFlexibleBox (positioned) {DIV} at (0,208) size 320x32 [bgcolor=#00000099]
layer at (15,256) size 18x19
  RenderButton {INPUT} at (7,6) size 18x19
layer at (38,250) size 256x32
  RenderFlexibleBox (positioned) {DIV} at (30,0) size 256x32 [border: (1px solid #FFFFFF33) none (1px solid #FFFFFF33)]
    RenderSlider {INPUT} at (7,7) size 184x18 [color=#328CDF] [bgcolor=#FFFFFF14] [border: (1px solid #FFFFFF33)]
      RenderBlock {DIV} at (1,-5) size 9x29
layer at (235,256) size 58x20 scrollHeight 21
  RenderFlexibleBox {DIV} at (197,6) size 58x20 [color=#FFFFFF]
    RenderBlock (anonymous) at (8,0) size 41x21
      RenderText {#text} at (0,2) size 41x17
        text run at (0,2) width 41: "00:00"
layer at (294,250) size 34x32
  RenderButton {INPUT} at (286,0) size 34x32
