layer at (0,0) size 800x600
  RenderView at (0,0) size 800x600
layer at (0,0) size 800x324
  RenderBlock {HTML} at (0,0) size 800x324
    RenderBody {BODY} at (8,8) size 784x308
      RenderBlock {DIV} at (0,0) size 784x154
        RenderMedia {AUDIO} at (300,120) size 300x30
      RenderBlock {DIV} at (0,154) size 784x154
        RenderMedia {AUDIO} at (300,120) size 300x30
layer at (8,8) size 300x150
  RenderVideo {VIDEO} at (0,0) size 300x150
layer at (8,162) size 300x150
  RenderVideo {VIDEO} at (0,0) size 300x150
layer at (8,8) size 300x150
  RenderDeprecatedFlexibleBox (relative positioned) {DIV} at (0,0) size 300x150
    RenderBlock {DIV} at (0,115) size 300x35
layer at (13,123) size 290x30 scrollHeight 36
  RenderDeprecatedFlexibleBox (relative positioned) {DIV} at (5,0) size 290x30 [bgcolor=#141414CC]
    RenderBlock (anonymous) at (0,0) size 48x30
      RenderButton {INPUT} at (9,-1) size 30x31
    RenderSlider {INPUT} at (48,11) size 81x8
      RenderDeprecatedFlexibleBox {DIV} at (0,0) size 81x8 [border: (1px solid #828282)]
        RenderBlock {DIV} at (1,1) size 61x24
        RenderBlock {DIV} at (55,1) size 32x24
    RenderDeprecatedFlexibleBox {DIV} at (144,0) size 25x30 [color=#FFFFFF]
      RenderBlock (anonymous) at (0,0) size 25x30
        RenderText {#text} at (0,7) size 25x15
          text run at (0,7) width 25: "0:00"
    RenderBlock (anonymous) at (178,0) size 41x30
      RenderButton {INPUT} at (0,-1) size 35x31
    RenderSlider {INPUT} at (219,11) size 22x8
      RenderDeprecatedFlexibleBox {DIV} at (0,0) size 22x8 [border: (1px solid #828282)]
        RenderBlock {DIV} at (1,1) size 10x24
        RenderBlock {DIV} at (4,1) size 24x24
    RenderBlock (anonymous) at (256,0) size 34x30
      RenderButton {INPUT} at (-5,-1) size 30x31
layer at (55,126) size 32x24
  RenderBlock (relative positioned) {DIV} at (-7,-8) size 32x24
layer at (236,126) size 24x24
  RenderBlock (relative positioned) {DIV} at (-7,-8) size 24x24
layer at (308,128) size 300x30
  RenderDeprecatedFlexibleBox (relative positioned) {DIV} at (0,0) size 300x30
    RenderBlock {DIV} at (0,0) size 300x30
layer at (308,128) size 300x30 scrollHeight 36
  RenderDeprecatedFlexibleBox (relative positioned) {DIV} at (0,0) size 300x30 [bgcolor=#141414CC]
    RenderBlock (anonymous) at (0,0) size 48x30
      RenderButton {INPUT} at (9,-1) size 30x31
    RenderSlider {INPUT} at (48,11) size 86x8
      RenderDeprecatedFlexibleBox {DIV} at (0,0) size 86x8 [border: (1px solid #828282)]
        RenderBlock {DIV} at (1,1) size 66x24
        RenderBlock {DIV} at (60,1) size 32x24
    RenderDeprecatedFlexibleBox {DIV} at (149,0) size 25x30 [color=#FFFFFF]
      RenderBlock (anonymous) at (0,0) size 25x30
        RenderText {#text} at (0,7) size 25x15
          text run at (0,7) width 25: "0:00"
    RenderBlock (anonymous) at (183,0) size 41x30
      RenderButton {INPUT} at (0,-1) size 35x31
    RenderSlider {INPUT} at (224,11) size 27x8
      RenderDeprecatedFlexibleBox {DIV} at (0,0) size 27x8 [border: (1px solid #828282)]
        RenderBlock {DIV} at (1,1) size 15x24
        RenderBlock {DIV} at (9,1) size 24x24
    RenderBlock (anonymous) at (266,0) size 34x30
      RenderButton {INPUT} at (-5,-1) size 30x31
layer at (350,131) size 32x24
  RenderBlock (relative positioned) {DIV} at (-7,-8) size 32x24
layer at (541,131) size 24x24
  RenderBlock (relative positioned) {DIV} at (-7,-8) size 24x24
layer at (8,162) size 300x150
  RenderDeprecatedFlexibleBox (relative positioned) {DIV} at (0,0) size 300x150
    RenderBlock {DIV} at (0,115) size 300x35
layer at (13,277) size 290x30 scrollHeight 36
  RenderDeprecatedFlexibleBox (relative positioned) {DIV} at (5,0) size 290x30 [bgcolor=#141414CC]
    RenderBlock (anonymous) at (0,0) size 48x30
      RenderButton {INPUT} at (9,-1) size 30x31
    RenderSlider {INPUT} at (48,11) size 81x8
      RenderDeprecatedFlexibleBox {DIV} at (0,0) size 81x8 [border: (1px solid #828282)]
        RenderBlock {DIV} at (1,1) size 61x24
        RenderBlock {DIV} at (55,1) size 32x24
    RenderDeprecatedFlexibleBox {DIV} at (144,0) size 25x30 [color=#FFFFFF]
      RenderBlock (anonymous) at (0,0) size 25x30
        RenderText {#text} at (0,7) size 25x15
          text run at (0,7) width 25: "0:00"
    RenderBlock (anonymous) at (178,0) size 41x30
      RenderButton {INPUT} at (0,-1) size 35x31
    RenderSlider {INPUT} at (219,11) size 22x8
      RenderDeprecatedFlexibleBox {DIV} at (0,0) size 22x8 [border: (1px solid #828282)]
        RenderBlock {DIV} at (1,1) size 10x24
        RenderBlock {DIV} at (4,1) size 24x24
    RenderBlock (anonymous) at (256,0) size 34x30
      RenderButton {INPUT} at (-5,-1) size 30x31
layer at (55,280) size 32x24
  RenderBlock (relative positioned) {DIV} at (-7,-8) size 32x24
layer at (236,280) size 24x24
  RenderBlock (relative positioned) {DIV} at (-7,-8) size 24x24
layer at (308,282) size 300x30
  RenderDeprecatedFlexibleBox (relative positioned) {DIV} at (0,0) size 300x30
    RenderBlock {DIV} at (0,0) size 300x30
layer at (308,282) size 300x30 scrollHeight 36
  RenderDeprecatedFlexibleBox (relative positioned) {DIV} at (0,0) size 300x30 [bgcolor=#141414CC]
    RenderBlock (anonymous) at (0,0) size 48x30
      RenderButton {INPUT} at (9,-1) size 30x31
    RenderSlider {INPUT} at (48,11) size 86x8
      RenderDeprecatedFlexibleBox {DIV} at (0,0) size 86x8 [border: (1px solid #828282)]
        RenderBlock {DIV} at (1,1) size 66x24
        RenderBlock {DIV} at (60,1) size 32x24
    RenderDeprecatedFlexibleBox {DIV} at (149,0) size 25x30 [color=#FFFFFF]
      RenderBlock (anonymous) at (0,0) size 25x30
        RenderText {#text} at (0,7) size 25x15
          text run at (0,7) width 25: "0:00"
    RenderBlock (anonymous) at (183,0) size 41x30
      RenderButton {INPUT} at (0,-1) size 35x31
    RenderSlider {INPUT} at (224,11) size 27x8
      RenderDeprecatedFlexibleBox {DIV} at (0,0) size 27x8 [border: (1px solid #828282)]
        RenderBlock {DIV} at (1,1) size 15x24
        RenderBlock {DIV} at (9,1) size 24x24
    RenderBlock (anonymous) at (266,0) size 34x30
      RenderButton {INPUT} at (-5,-1) size 30x31
layer at (350,285) size 32x24
  RenderBlock (relative positioned) {DIV} at (-7,-8) size 32x24
layer at (541,285) size 24x24
  RenderBlock (relative positioned) {DIV} at (-7,-8) size 24x24
