layer at (0,0) size 800x600
  RenderView at (0,0) size 800x600
layer at (0,0) size 800x600
  RenderBlock {HTML} at (0,0) size 800x600
    RenderBody {BODY} at (8,8) size 784x584
      RenderBlock {P} at (0,0) size 784x18
        RenderText {#text} at (0,0) size 741x18
          text run at (0,0) width 651: "This tests that in a standalone media document with audio content, the media element repaints correctly "
          text run at (651,0) width 90: "while playing."
      RenderBlock (anonymous) at (0,34) size 784x334
        RenderPartObject {IFRAME} at (0,0) size 384x334 [border: (2px inset #000000)]
          layer at (0,0) size 380x330
            RenderView at (0,0) size 380x330
          layer at (0,0) size 380x330
            RenderBlock {HTML} at (0,0) size 380x330
              RenderBody {BODY} at (8,8) size 364x314 [bgcolor=#262626]
          layer at (40,164) size 300x1
            RenderVideo {VIDEO} at (40,164) size 300x1
          layer at (40,164) size 300x1
            RenderBlock (relative positioned) {DIV} at (0,0) size 300x1
          layer at (40,133) size 300x32
            RenderFlexibleBox (positioned) {DIV} at (0,-31) size 300x32 [bgcolor=#00000099]
          layer at (47,139) size 18x19
            RenderButton {INPUT} at (7,6) size 18x19
          layer at (70,133) size 236x32
            RenderFlexibleBox (positioned) {DIV} at (30,0) size 236x32 [border: (1px solid #FFFFFF33) none (1px solid #FFFFFF33)]
          layer at (77,140) size 164x18
            RenderSlider {INPUT} at (7,7) size 164x18 [color=#328CDF] [bgcolor=#FFFFFF14] [border: (1px solid #FFFFFF33)]
              RenderBlock {DIV} at (77,-5) size 9x29
          layer at (247,139) size 58x20 scrollHeight 21
            RenderFlexibleBox (positioned) {DIV} at (177,6) size 58x20 [color=#FFFFFF]
              RenderBlock (anonymous) at (8,0) size 41x21
                RenderText {#text} at (0,2) size 41x17
                  text run at (0,2) width 41: "00:00"
          layer at (306,133) size 34x32
            RenderButton {INPUT} at (266,0) size 34x32
        RenderText {#text} at (0,0) size 0x0
        RenderText {#text} at (0,0) size 0x0
