layer at (0,0) size 800x600
  RenderView at (0,0) size 800x600
layer at (0,0) size 800x600
  RenderBlock {HTML} at (0,0) size 800x600
    RenderBody {BODY} at (8,8) size 784x584
      RenderBlock {P} at (0,0) size 784x18
        RenderText {#text} at (0,0) size 413x18
          text run at (0,0) width 413: "Movie with no audio track. The volume button should not render."
      RenderBlock (anonymous) at (0,34) size 784x288
        RenderText {#text} at (0,0) size 0x0
layer at (8,42) size 352x288
  RenderVideo {VIDEO} at (0,0) size 352x288
layer at (8,42) size 352x288
  RenderDeprecatedFlexibleBox (relative positioned) {DIV} at (0,0) size 352x288
    RenderBlock {DIV} at (0,253) size 352x35
layer at (13,295) size 342x30 scrollHeight 36
  RenderDeprecatedFlexibleBox (relative positioned) {DIV} at (5,0) size 342x30 [bgcolor=#141414CC]
    RenderBlock (anonymous) at (0,0) size 48x30
      RenderButton {INPUT} at (9,-1) size 30x31
    RenderSlider {INPUT} at (48,11) size 107x8
      RenderDeprecatedFlexibleBox {DIV} at (0,0) size 107x8 [border: (1px solid #828282)]
        RenderBlock {DIV} at (1,1) size 87x24
        RenderBlock {DIV} at (81,1) size 32x24
    RenderDeprecatedFlexibleBox {DIV} at (170,0) size 25x30 [color=#FFFFFF]
      RenderBlock (anonymous) at (0,0) size 25x30
        RenderText {#text} at (0,7) size 25x15
          text run at (0,7) width 25: "0:09"
    RenderBlock (anonymous) at (204,0) size 41x30
      RenderButton {INPUT} at (0,-1) size 35x31
    RenderSlider {INPUT} at (245,11) size 48x8
      RenderDeprecatedFlexibleBox {DIV} at (0,0) size 48x8 [border: (1px solid #828282)]
        RenderBlock {DIV} at (1,1) size 36x24
        RenderBlock {DIV} at (30,1) size 24x24
    RenderBlock (anonymous) at (308,0) size 34x30
      RenderButton {INPUT} at (-5,-1) size 30x31
layer at (55,298) size 32x24
  RenderBlock (relative positioned) {DIV} at (-7,-8) size 32x24
layer at (288,298) size 24x24
  RenderBlock (relative positioned) {DIV} at (-7,-8) size 24x24
