layer at (0,0) size 800x600
  RenderView at (0,0) size 800x600
layer at (0,0) size 800x600
  RenderBlock {HTML} at (0,0) size 800x600
    RenderBody {BODY} at (8,8) size 784x584
      RenderText {#text} at (0,0) size 493x18
        text run at (0,0) width 493: "This tests that toggling the display property won't make the controls disappear."
      RenderBR {BR} at (493,14) size 0x0
      RenderText {#text} at (0,0) size 0x0
layer at (8,26) size 320x240
  RenderVideo {VIDEO} at (0,18) size 320x240
layer at (8,26) size 320x240
  RenderDeprecatedFlexibleBox (relative positioned) {DIV} at (0,0) size 320x240
    RenderBlock {DIV} at (0,205) size 320x35
layer at (13,231) size 310x30 scrollHeight 36
  RenderDeprecatedFlexibleBox (relative positioned) {DIV} at (5,0) size 310x30 [bgcolor=#141414CC]
    RenderBlock (anonymous) at (0,0) size 48x30
      RenderButton {INPUT} at (9,-1) size 30x31
    RenderSlider {INPUT} at (48,11) size 91x8
      RenderDeprecatedFlexibleBox {DIV} at (0,0) size 91x8 [border: (1px solid #828282)]
        RenderBlock {DIV} at (1,1) size 71x24
        RenderBlock {DIV} at (65,1) size 32x24
    RenderDeprecatedFlexibleBox {DIV} at (154,0) size 25x30 [color=#FFFFFF]
      RenderBlock (anonymous) at (0,0) size 25x30
        RenderText {#text} at (0,7) size 25x15
          text run at (0,7) width 25: "0:06"
    RenderBlock (anonymous) at (188,0) size 41x30
      RenderButton {INPUT} at (0,-1) size 35x31
    RenderSlider {INPUT} at (229,11) size 32x8
      RenderDeprecatedFlexibleBox {DIV} at (0,0) size 32x8 [border: (1px solid #828282)]
        RenderBlock {DIV} at (1,1) size 20x24
        RenderBlock {DIV} at (14,1) size 24x24
    RenderBlock (anonymous) at (276,0) size 34x30
      RenderButton {INPUT} at (-5,-1) size 30x31
layer at (55,234) size 32x24
  RenderBlock (relative positioned) {DIV} at (-7,-8) size 32x24
layer at (256,234) size 24x24
  RenderBlock (relative positioned) {DIV} at (-7,-8) size 24x24
