layer at (0,0) size 800x600
  RenderView at (0,0) size 800x600
layer at (0,0) size 800x320
  RenderBlock {HTML} at (0,0) size 800x320
    RenderBody {BODY} at (8,16) size 784x296
      RenderBlock {P} at (0,0) size 784x36
        RenderText {#text} at (0,0) size 766x36
          text run at (0,0) width 766: "Test that pausing the media element in \"playing\" event handler pauses the media immediately. The video should show the"
          text run at (0,18) width 68: "first frame."
      RenderBlock (anonymous) at (0,52) size 784x244
        RenderText {#text} at (0,0) size 0x0
layer at (8,68) size 320x240
  RenderVideo {VIDEO} at (0,0) size 320x240
layer at (8,68) size 320x240
  RenderDeprecatedFlexibleBox (relative positioned) {DIV} at (0,0) size 320x240
    RenderBlock {DIV} at (0,205) size 320x35
layer at (13,273) size 310x30
  RenderDeprecatedFlexibleBox (relative positioned) {DIV} at (5,0) size 310x30 [bgcolor=#141414CC]
    RenderButton {INPUT} at (9,0) size 30x30
    RenderSlider {INPUT} at (48,11) size 91x8
      RenderFlexibleBox {DIV} at (0,0) size 91x8 [border: (1px solid #E6E6E659)]
        RenderBlock {DIV} at (1,-8) size 103x24
          RenderBlock {DIV} at (-7,0) size 32x24
    RenderDeprecatedFlexibleBox {DIV} at (154,0) size 25x30 [color=#FFFFFF]
      RenderBlock (anonymous) at (0,0) size 25x30
        RenderText {#text} at (0,7) size 25x15
          text run at (0,7) width 25: "0:00"
    RenderButton {INPUT} at (188,0) size 35x30
    RenderSlider {INPUT} at (229,11) size 32x8
      RenderFlexibleBox {DIV} at (0,0) size 32x8 [border: (1px solid #E6E6E659)]
        RenderBlock {DIV} at (1,-8) size 44x24
          RenderBlock {DIV} at (13,0) size 24x24
    RenderButton {INPUT} at (271,0) size 30x30
