layer at (0,0) size 800x600
  RenderView at (0,0) size 800x600
layer at (0,0) size 800x600
  RenderBlock {HTML} at (0,0) size 800x600
    RenderBody {BODY} at (8,8) size 784x584
      RenderBlock {P} at (0,0) size 784x18
        RenderText {#text} at (0,0) size 430x18
          text run at (0,0) width 430: "Slider drawing with no source. The controls should render correctly."
      RenderBlock (anonymous) at (0,34) size 784x152
        RenderText {#text} at (0,0) size 0x0
layer at (8,42) size 302x152
  RenderVideo {VIDEO} at (0,0) size 302x152 [border: (1px solid #000000)]
layer at (9,43) size 300x150
  RenderBlock (relative positioned) {DIV} at (1,1) size 300x150
layer at (9,161) size 300x32
  RenderFlexibleBox (positioned) {DIV} at (0,118) size 300x32 [bgcolor=#00000099]
layer at (16,167) size 18x19
  RenderButton {INPUT} at (7,6) size 18x19
layer at (39,161) size 236x32
  RenderFlexibleBox (positioned) {DIV} at (30,0) size 236x32 [border: (1px solid #FFFFFF33) none (1px solid #FFFFFF33)]
    RenderSlider {INPUT} at (7,7) size 164x18 [color=#328CDF] [bgcolor=#FFFFFF14] [border: (1px solid #FFFFFF33)]
      RenderBlock {DIV} at (1,-5) size 9x29
layer at (216,167) size 58x20 scrollHeight 21
  RenderFlexibleBox {DIV} at (177,6) size 58x20 [color=#FFFFFF]
    RenderBlock (anonymous) at (8,0) size 41x21
      RenderText {#text} at (0,2) size 41x17
        text run at (0,2) width 41: "00:00"
layer at (275,161) size 34x32
  RenderButton {INPUT} at (266,0) size 34x32
