layer at (0,0) size 800x600
  RenderView at (0,0) size 800x600
layer at (0,0) size 800x600
  RenderBlock {HTML} at (0,0) size 800x600
    RenderBody {BODY} at (12,12) size 776x543
      RenderBlock {P} at (0,0) size 776x28
        RenderText {#text} at (0,0) size 280x28
          text run at (0,0) width 280: "Zoomed video with controls."
layer at (57,85) size 240x180
  RenderVideo {VIDEO} at (45,73) size 240x180
layer at (57,85) size 240x180
  RenderDeprecatedFlexibleBox (relative positioned) {DIV} at (0,0) size 240x180
    RenderBlock {DIV} at (0,127) size 240x53
layer at (65,213) size 225x45 scrollWidth 329 scrollHeight 54
  RenderDeprecatedFlexibleBox (relative positioned) {DIV} at (7,0) size 226x45 [bgcolor=#141414CC]
    RenderButton {INPUT} at (13,0) size 46x45
    RenderSlider {INPUT} at (72,16) size 38x13
      RenderDeprecatedFlexibleBox {DIV} at (0,0) size 38x12 [border: (1px solid #E6E6E659)]
        RenderBlock {DIV} at (1,1) size 9x36
        RenderBlock {DIV} at (-1,1) size 48x36
    RenderDeprecatedFlexibleBox {DIV} at (132,0) size 40x45 [color=#FFFFFF]
      RenderBlock (anonymous) at (0,0) size 40x45
        RenderText {#text} at (0,11) size 40x22
          text run at (0,11) width 40: "0:00"
    RenderButton {INPUT} at (185,0) size 53x45
    RenderSlider {INPUT} at (247,16) size 23x13
      RenderDeprecatedFlexibleBox {DIV} at (0,0) size 23x12 [border: (1px solid #E6E6E659)]
        RenderBlock {DIV} at (1,1) size 6x36
        RenderBlock {DIV} at (-4,1) size 36x36
    RenderButton {INPUT} at (284,0) size 46x45
layer at (127,217) size 49x36
  RenderBlock (relative positioned) {DIV} at (-11,-12) size 49x36
layer at (57,310) size 240x180
  RenderVideo {VIDEO} at (45,298) size 240x180
layer at (57,310) size 240x180
  RenderDeprecatedFlexibleBox (relative positioned) {DIV} at (0,0) size 240x180
    RenderBlock {DIV} at (0,127) size 240x53
layer at (65,438) size 225x45 scrollWidth 329 scrollHeight 54
  RenderDeprecatedFlexibleBox (relative positioned) {DIV} at (7,0) size 226x45 [bgcolor=#141414CC]
    RenderButton {INPUT} at (13,0) size 46x45
    RenderSlider {INPUT} at (72,16) size 38x13
      RenderDeprecatedFlexibleBox {DIV} at (0,0) size 38x12 [border: (1px solid #E6E6E659)]
        RenderBlock {DIV} at (1,1) size 9x36
        RenderBlock {DIV} at (-1,1) size 48x36
    RenderDeprecatedFlexibleBox {DIV} at (132,0) size 40x45 [color=#FFFFFF]
      RenderBlock (anonymous) at (0,0) size 40x45
        RenderText {#text} at (0,11) size 40x22
          text run at (0,11) width 40: "0:00"
    RenderButton {INPUT} at (185,0) size 53x45
    RenderSlider {INPUT} at (247,16) size 23x13
      RenderDeprecatedFlexibleBox {DIV} at (0,0) size 23x12 [border: (1px solid #E6E6E659)]
        RenderBlock {DIV} at (1,1) size 6x36
        RenderBlock {DIV} at (-4,1) size 36x36
    RenderButton {INPUT} at (284,0) size 46x45
layer at (127,442) size 49x36 backgroundClip at (60,417) size 225x45 clip at (60,417) size 225x45 outlineClip at (60,417) size 225x45
  RenderBlock (relative positioned) {DIV} at (-11,-12) size 49x36
