layer at (0,0) size 800x600
  RenderView at (0,0) size 800x600
layer at (0,0) size 800x600
  RenderBlock {HTML} at (0,0) size 800x600
    RenderBody {BODY} at (8,8) size 784x576
      RenderBlock {DIV} at (0,0) size 396x194 [border: (2px solid #FF0000)]
        RenderBlock {P} at (2,18) size 392x36
          RenderText {#text} at (0,0) size 361x35
            text run at (0,0) width 361: "I\x{2019}m told this is the longest word in the English"
            text run at (0,18) width 322: "language: anti\x{AD}dis\x{AD}est\x{AD}ab\x{AD}lish\x{AD}ment\x{AD}arian\x{AD}ism."
        RenderBlock {P} at (2,70) size 392x36
          RenderText {#text} at (0,0) size 361x35
            text run at (0,0) width 361: "I\x{2019}m told this is the longest word in the English"
            text run at (0,18) width 322: "language: anti\x{AD}dis\x{AD}est\x{AD}ab\x{AD}lish\x{AD}ment\x{AD}arian\x{AD}ism."
        RenderBlock {P} at (2,122) size 392x54
          RenderText {#text} at (0,0) size 361x35
            text run at (0,0) width 361: "I\x{2019}m told this is the longest word in the English"
            text run at (0,18) width 180: "language: anti\x{AD}dis\x{AD}est\x{AD}ab\x{AD}"
          RenderBR {BR} at (180,32) size 0x0
          RenderText {#text} at (0,36) size 142x17
            text run at (0,36) width 142: "lish\x{AD}ment\x{AD}arian\x{AD}ism."
      RenderBlock {P} at (0,210) size 784x0
      RenderBlock (floating) {DIV} at (0,210) size 692x140 [border: (2px solid #FF0000)]
        RenderBlock {P} at (2,18) size 688x18
          RenderText {#text} at (0,0) size 688x17
            text run at (0,0) width 688: "I\x{2019}m told this is the longest word in the English language: anti\x{AD}dis\x{AD}est\x{AD}ab\x{AD}lish\x{AD}ment\x{AD}arian\x{AD}ism."
        RenderBlock {P} at (2,52) size 688x18
          RenderText {#text} at (0,0) size 688x17
            text run at (0,0) width 688: "I\x{2019}m told this is the longest word in the English language: anti\x{AD}dis\x{AD}est\x{AD}ab\x{AD}lish\x{AD}ment\x{AD}arian\x{AD}ism."
        RenderBlock {P} at (2,86) size 688x36
          RenderText {#text} at (0,0) size 546x17
            text run at (0,0) width 546: "I\x{2019}m told this is the longest word in the English language: anti\x{AD}dis\x{AD}est\x{AD}ab\x{AD}"
          RenderBR {BR} at (546,14) size 0x0
          RenderText {#text} at (0,18) size 142x17
            text run at (0,18) width 142: "lish\x{AD}ment\x{AD}arian\x{AD}ism."
