layer at (0,0) size 800x600
  RenderView at (0,0) size 800x600
layer at (0,0) size 800x600
  RenderBlock {HTML} at (0,0) size 800x600
    RenderBody {BODY} at (8,8) size 784x584
      RenderBlock {P} at (0,0) size 784x57
        RenderText {#text} at (0,0) size 782x38
          text run at (0,0) width 782: "This test checks the renderer's ability to layer multiple cells in a table on top of one another. This test has three cells that span"
          text run at (0,19) width 183: "multiple table grid slots. The "
        RenderInline {SPAN} at (0,0) size 23x19 [color=#FF0000]
          RenderText {#text} at (183,19) size 23x19
            text run at (183,19) width 23: "red"
        RenderText {#text} at (206,19) size 376x19
          text run at (206,19) width 376: " cell starts at row 1 and column 4 and spans four rows. The "
        RenderInline {SPAN} at (0,0) size 29x19 [color=#0000FF]
          RenderText {#text} at (582,19) size 29x19
            text run at (582,19) width 29: "blue"
        RenderText {#text} at (611,19) size 760x38
          text run at (611,19) width 149: " cell starts at row 2, and"
          text run at (0,38) width 253: "column 1, and spans four columns. The "
        RenderInline {SPAN} at (0,0) size 38x19 [color=#008000]
          RenderText {#text} at (253,38) size 38x19
            text run at (253,38) width 38: "green"
        RenderText {#text} at (291,38) size 196x19
          text run at (291,38) width 196: " cell spans 4 columns of row 4."
      RenderBlock {P} at (0,73) size 784x38
        RenderText {#text} at (0,0) size 764x38
          text run at (0,0) width 764: "If the test succeeds then you should see no text inside the table. If you see the text 'FAIL' inside the table, then the test has"
          text run at (0,19) width 39: "failed."
      RenderTable {TABLE} at (0,127) size 188x104 [border: (1px outset #808080)]
        RenderTableSection {TBODY} at (1,1) size 186x102
          RenderTableRow {TR} at (0,2) size 186x23
            RenderTableCell {TD} at (2,2) size 44x23 [border: (1px inset #808080)] [r=0 c=0 rs=1 cs=1]
              RenderText {#text} at (2,2) size 16x19
                text run at (2,2) width 16: "    "
            RenderTableCell {TD} at (48,2) size 44x23 [border: (1px inset #808080)] [r=0 c=1 rs=1 cs=1]
              RenderText {#text} at (2,2) size 16x19
                text run at (2,2) width 16: "    "
            RenderTableCell {TD} at (94,2) size 44x23 [border: (1px inset #808080)] [r=0 c=2 rs=1 cs=1]
              RenderText {#text} at (2,2) size 16x19
                text run at (2,2) width 16: "    "
            RenderTableCell {TD} at (140,39) size 44x23 [bgcolor=#FF0000] [border: (1px inset #808080)] [r=0 c=3 rs=4 cs=1]
              RenderBlock {DIV} at (2,2) size 40x19
                RenderText {#text} at (0,0) size 40x19
                  text run at (0,0) width 40: "          "
          RenderTableRow {TR} at (0,27) size 186x23
            RenderTableCell {TD} at (2,27) size 182x23 [bgcolor=#0000FF] [border: (1px inset #808080)] [r=1 c=0 rs=1 cs=4]
              RenderBlock {DIV} at (2,2) size 178x19
                RenderText {#text} at (138,0) size 40x19
                  text run at (138,0) width 40: "          "
          RenderTableRow {TR} at (0,52) size 186x23
            RenderTableCell {TD} at (2,52) size 44x23 [border: (1px inset #808080)] [r=2 c=0 rs=1 cs=1]
              RenderText {#text} at (2,2) size 40x19
                text run at (2,2) width 40: "          "
            RenderTableCell {TD} at (48,52) size 44x23 [border: (1px inset #808080)] [r=2 c=1 rs=1 cs=1]
              RenderText {#text} at (2,2) size 40x19
                text run at (2,2) width 40: "          "
            RenderTableCell {TD} at (94,52) size 44x23 [border: (1px inset #808080)] [r=2 c=2 rs=1 cs=1]
              RenderText {#text} at (2,2) size 40x19
                text run at (2,2) width 40: "          "
          RenderTableRow {TR} at (0,77) size 186x23
            RenderTableCell {TD} at (2,77) size 182x23 [bgcolor=#008000] [border: (1px inset #808080)] [r=3 c=0 rs=1 cs=4]
              RenderBlock {DIV} at (2,2) size 178x19 [color=#008000]
                RenderText {#text} at (138,0) size 40x19
                  text run at (138,0) width 40: "FAIL "
