layer at (0,0) size 800x600
  RenderView at (0,0) size 800x600
layer at (0,0) size 800x600
  RenderBlock {HTML} at (0,0) size 800x600
    RenderBody {BODY} at (8,8) size 784x584
      RenderBlock {P} at (0,0) size 784x20
        RenderText {#text} at (0,0) size 754x19
          text run at (0,0) width 754: "Test appearances of spin buttons. Disabled state and read-only state should have appearances different from the normal state."
      RenderBlock {DIV} at (0,36) size 784x34
        RenderInline {LABEL} at (0,0) size 315x19
          RenderTextControl {INPUT} at (2,2) size 229x30 [bgcolor=#FFFFFF] [border: (2px inset #000000)]
            RenderDeprecatedFlexibleBox {DIV} at (2,3) size 225x24
              RenderBlock {DIV} at (0,0) size 210x24
          RenderText {#text} at (233,9) size 82x19
            text run at (233,9) width 82: " Normal state"
      RenderBlock {DIV} at (0,70) size 784x34
        RenderInline {LABEL} at (0,0) size 322x19
          RenderTextControl {INPUT} at (2,2) size 229x30 [color=#545454] [bgcolor=#EBEBE4] [border: (2px inset #545454)]
            RenderDeprecatedFlexibleBox {DIV} at (2,3) size 225x24
              RenderBlock {DIV} at (0,0) size 210x24
          RenderText {#text} at (233,9) size 89x19
            text run at (233,9) width 89: " Disabled state"
      RenderBlock {DIV} at (0,104) size 784x34
        RenderInline {LABEL} at (0,0) size 332x19
          RenderTextControl {INPUT} at (2,2) size 229x30 [bgcolor=#FFFFFF] [border: (2px inset #000000)]
            RenderDeprecatedFlexibleBox {DIV} at (2,3) size 225x24
              RenderBlock {DIV} at (0,0) size 210x24
          RenderText {#text} at (233,9) size 99x19
            text run at (233,9) width 99: " Read-only state"
layer at (12,49) size 210x24
  RenderBlock {DIV} at (0,0) size 210x24
    RenderText {#text} at (0,0) size 11x23
      text run at (0,0) width 11: "0"
layer at (12,83) size 210x24
  RenderBlock {DIV} at (0,0) size 210x24
    RenderText {#text} at (0,0) size 11x23
      text run at (0,0) width 11: "0"
layer at (12,117) size 210x24
  RenderBlock {DIV} at (0,0) size 210x24
    RenderText {#text} at (0,0) size 11x23
      text run at (0,0) width 11: "0"
layer at (222,48) size 15x26
  RenderBlock (relative positioned) {DIV} at (210,-1) size 15x26
layer at (222,82) size 15x26
  RenderBlock (relative positioned) {DIV} at (210,-1) size 15x26
layer at (222,116) size 15x26
  RenderBlock (relative positioned) {DIV} at (210,-1) size 15x26
