layer at (0,0) size 800x600
  RenderView at (0,0) size 800x600
layer at (0,0) size 800x600
  RenderBlock {HTML} at (0,0) size 800x600
    RenderBody {BODY} at (8,8) size 784x584
layer at (8,8) size 404x404 clip at (10,10) size 400x400 scrollHeight 2480
  RenderBlock {DIV} at (0,0) size 404x404 [border: (2px solid #000000)]
    RenderText {#text} at (2,2) size 400x2239
      text run at (2,2) width 396: "Lorem ipsum dolor sit amet, consectetur adipiscing elit. Maecenas"
      text run at (2,22) width 400: "lacinia massa in lectus pretium vulputate. Curabitur viverra augue in"
      text run at (2,42) width 365: "leo faucibus congue. Vestibulum ligula neque, commodo eget"
      text run at (2,62) width 385: "blandit sit amet, facilisis vitae mi. Vivamus pretium lorem a quam"
      text run at (2,82) width 364: "imperdiet in placerat purus sagittis. Aliquam ut dui nibh. Cras"
      text run at (2,102) width 367: "faucibus imperdiet pellentesque. Curabitur vel tortor quam, ut"
      text run at (2,122) width 386: "pharetra eros. Mauris euismod, justo in mattis ultricies, risus velit"
      text run at (2,142) width 373: "pretium ligula, eu sodales libero dolor et massa. Phasellus eros"
      text run at (2,162) width 363: "quam, faucibus sed consectetur et, elementum ut erat. Morbi"
      text run at (2,182) width 390: "fringilla, lorem non fermentum vulputate, quam metus ullamcorper"
      text run at (2,202) width 375: "quam, eu porttitor diam metus eget augue. Donec non lorem et"
      text run at (2,222) width 400: "arcu adipiscing suscipit. Donec porta euismod magna a fermentum."
      text run at (2,242) width 390: "Suspendisse vestibulum rhoncus bibendum. Nam in nisi eget nulla"
      text run at (2,262) width 393: "vestibulum rutrum. Aenean eu libero turpis. Lorem ipsum dolor sit"
      text run at (2,282) width 394: "amet, consectetur adipiscing elit. Maecenas lacinia massa in lectus"
      text run at (2,302) width 392: "pretium vulputate. Curabitur viverra augue in leo faucibus congue."
      text run at (2,322) width 383: "Vestibulum ligula neque, commodo eget blandit sit amet, facilisis"
      text run at (2,342) width 367: "vitae mi. Vivamus pretium lorem a quam imperdiet in placerat"
      text run at (2,362) width 351: "purus sagittis. Aliquam ut dui nibh. Cras faucibus imperdiet"
      text run at (2,382) width 388: "pellentesque. Curabitur vel tortor quam, ut pharetra eros. Mauris"
      text run at (2,402) width 357: "euismod, justo in mattis ultricies, risus velit pretium ligula, eu"
      text run at (2,422) width 387: "sodales libero dolor et massa. Phasellus eros quam, faucibus sed"
      text run at (2,442) width 358: "consectetur et, elementum ut erat. Morbi fringilla, lorem non"
      text run at (2,462) width 388: "fermentum vulputate, quam metus ullamcorper quam, eu porttitor"
      text run at (2,482) width 356: "diam metus eget augue. Donec non lorem et arcu adipiscing"
      text run at (2,502) width 385: "suscipit. Donec porta euismod magna a fermentum. Suspendisse"
      text run at (2,522) width 379: "vestibulum rhoncus bibendum. Nam in nisi eget nulla vestibulum"
      text run at (2,542) width 363: "rutrum. Aenean eu libero turpis. Lorem ipsum dolor sit amet,"
      text run at (2,562) width 357: "consectetur adipiscing elit. Maecenas lacinia massa in lectus"
      text run at (2,582) width 392: "pretium vulputate. Curabitur viverra augue in leo faucibus congue."
      text run at (2,602) width 383: "Vestibulum ligula neque, commodo eget blandit sit amet, facilisis"
      text run at (2,622) width 367: "vitae mi. Vivamus pretium lorem a quam imperdiet in placerat"
      text run at (2,642) width 351: "purus sagittis. Aliquam ut dui nibh. Cras faucibus imperdiet"
      text run at (2,662) width 388: "pellentesque. Curabitur vel tortor quam, ut pharetra eros. Mauris"
      text run at (2,682) width 357: "euismod, justo in mattis ultricies, risus velit pretium ligula, eu"
      text run at (2,702) width 387: "sodales libero dolor et massa. Phasellus eros quam, faucibus sed"
      text run at (2,722) width 358: "consectetur et, elementum ut erat. Morbi fringilla, lorem non"
      text run at (2,742) width 388: "fermentum vulputate, quam metus ullamcorper quam, eu porttitor"
      text run at (2,762) width 356: "diam metus eget augue. Donec non lorem et arcu adipiscing"
      text run at (2,782) width 385: "suscipit. Donec porta euismod magna a fermentum. Suspendisse"
      text run at (2,802) width 379: "vestibulum rhoncus bibendum. Nam in nisi eget nulla vestibulum"
      text run at (2,822) width 363: "rutrum. Aenean eu libero turpis. Lorem ipsum dolor sit amet,"
      text run at (2,842) width 357: "consectetur adipiscing elit. Maecenas lacinia massa in lectus"
      text run at (2,862) width 392: "pretium vulputate. Curabitur viverra augue in leo faucibus congue."
      text run at (2,882) width 383: "Vestibulum ligula neque, commodo eget blandit sit amet, facilisis"
      text run at (2,902) width 367: "vitae mi. Vivamus pretium lorem a quam imperdiet in placerat"
      text run at (2,922) width 351: "purus sagittis. Aliquam ut dui nibh. Cras faucibus imperdiet"
      text run at (2,942) width 388: "pellentesque. Curabitur vel tortor quam, ut pharetra eros. Mauris"
      text run at (2,962) width 357: "euismod, justo in mattis ultricies, risus velit pretium ligula, eu"
      text run at (2,982) width 387: "sodales libero dolor et massa. Phasellus eros quam, faucibus sed"
      text run at (2,1002) width 358: "consectetur et, elementum ut erat. Morbi fringilla, lorem non"
      text run at (2,1022) width 388: "fermentum vulputate, quam metus ullamcorper quam, eu porttitor"
      text run at (2,1042) width 356: "diam metus eget augue. Donec non lorem et arcu adipiscing"
      text run at (2,1062) width 385: "suscipit. Donec porta euismod magna a fermentum. Suspendisse"
      text run at (2,1082) width 379: "vestibulum rhoncus bibendum. Nam in nisi eget nulla vestibulum"
      text run at (2,1102) width 363: "rutrum. Aenean eu libero turpis. Lorem ipsum dolor sit amet,"
      text run at (2,1122) width 357: "consectetur adipiscing elit. Maecenas lacinia massa in lectus"
      text run at (2,1142) width 392: "pretium vulputate. Curabitur viverra augue in leo faucibus congue."
      text run at (2,1162) width 383: "Vestibulum ligula neque, commodo eget blandit sit amet, facilisis"
      text run at (2,1182) width 367: "vitae mi. Vivamus pretium lorem a quam imperdiet in placerat"
      text run at (2,1202) width 351: "purus sagittis. Aliquam ut dui nibh. Cras faucibus imperdiet"
      text run at (2,1222) width 388: "pellentesque. Curabitur vel tortor quam, ut pharetra eros. Mauris"
      text run at (2,1242) width 357: "euismod, justo in mattis ultricies, risus velit pretium ligula, eu"
      text run at (2,1262) width 387: "sodales libero dolor et massa. Phasellus eros quam, faucibus sed"
      text run at (2,1282) width 358: "consectetur et, elementum ut erat. Morbi fringilla, lorem non"
      text run at (2,1302) width 388: "fermentum vulputate, quam metus ullamcorper quam, eu porttitor"
      text run at (2,1322) width 356: "diam metus eget augue. Donec non lorem et arcu adipiscing"
      text run at (2,1342) width 385: "suscipit. Donec porta euismod magna a fermentum. Suspendisse"
      text run at (2,1362) width 379: "vestibulum rhoncus bibendum. Nam in nisi eget nulla vestibulum"
      text run at (2,1382) width 363: "rutrum. Aenean eu libero turpis. Lorem ipsum dolor sit amet,"
      text run at (2,1402) width 357: "consectetur adipiscing elit. Maecenas lacinia massa in lectus"
      text run at (2,1422) width 392: "pretium vulputate. Curabitur viverra augue in leo faucibus congue."
      text run at (2,1442) width 383: "Vestibulum ligula neque, commodo eget blandit sit amet, facilisis"
      text run at (2,1462) width 367: "vitae mi. Vivamus pretium lorem a quam imperdiet in placerat"
      text run at (2,1482) width 351: "purus sagittis. Aliquam ut dui nibh. Cras faucibus imperdiet"
      text run at (2,1502) width 388: "pellentesque. Curabitur vel tortor quam, ut pharetra eros. Mauris"
      text run at (2,1522) width 357: "euismod, justo in mattis ultricies, risus velit pretium ligula, eu"
      text run at (2,1542) width 387: "sodales libero dolor et massa. Phasellus eros quam, faucibus sed"
      text run at (2,1562) width 358: "consectetur et, elementum ut erat. Morbi fringilla, lorem non"
      text run at (2,1582) width 388: "fermentum vulputate, quam metus ullamcorper quam, eu porttitor"
      text run at (2,1602) width 356: "diam metus eget augue. Donec non lorem et arcu adipiscing"
      text run at (2,1622) width 385: "suscipit. Donec porta euismod magna a fermentum. Suspendisse"
      text run at (2,1642) width 379: "vestibulum rhoncus bibendum. Nam in nisi eget nulla vestibulum"
      text run at (2,1662) width 363: "rutrum. Aenean eu libero turpis. Lorem ipsum dolor sit amet,"
      text run at (2,1682) width 357: "consectetur adipiscing elit. Maecenas lacinia massa in lectus"
      text run at (2,1702) width 392: "pretium vulputate. Curabitur viverra augue in leo faucibus congue."
      text run at (2,1722) width 383: "Vestibulum ligula neque, commodo eget blandit sit amet, facilisis"
      text run at (2,1742) width 367: "vitae mi. Vivamus pretium lorem a quam imperdiet in placerat"
      text run at (2,1762) width 351: "purus sagittis. Aliquam ut dui nibh. Cras faucibus imperdiet"
      text run at (2,1782) width 388: "pellentesque. Curabitur vel tortor quam, ut pharetra eros. Mauris"
      text run at (2,1802) width 357: "euismod, justo in mattis ultricies, risus velit pretium ligula, eu"
      text run at (2,1822) width 387: "sodales libero dolor et massa. Phasellus eros quam, faucibus sed"
      text run at (2,1842) width 358: "consectetur et, elementum ut erat. Morbi fringilla, lorem non"
      text run at (2,1862) width 388: "fermentum vulputate, quam metus ullamcorper quam, eu porttitor"
      text run at (2,1882) width 356: "diam metus eget augue. Donec non lorem et arcu adipiscing"
      text run at (2,1902) width 385: "suscipit. Donec porta euismod magna a fermentum. Suspendisse"
      text run at (2,1922) width 379: "vestibulum rhoncus bibendum. Nam in nisi eget nulla vestibulum"
      text run at (2,1942) width 363: "rutrum. Aenean eu libero turpis. Lorem ipsum dolor sit amet,"
      text run at (2,1962) width 357: "consectetur adipiscing elit. Maecenas lacinia massa in lectus"
      text run at (2,1982) width 392: "pretium vulputate. Curabitur viverra augue in leo faucibus congue."
      text run at (2,2002) width 383: "Vestibulum ligula neque, commodo eget blandit sit amet, facilisis"
      text run at (2,2022) width 367: "vitae mi. Vivamus pretium lorem a quam imperdiet in placerat"
      text run at (2,2042) width 351: "purus sagittis. Aliquam ut dui nibh. Cras faucibus imperdiet"
      text run at (2,2062) width 388: "pellentesque. Curabitur vel tortor quam, ut pharetra eros. Mauris"
      text run at (2,2082) width 357: "euismod, justo in mattis ultricies, risus velit pretium ligula, eu"
      text run at (2,2102) width 387: "sodales libero dolor et massa. Phasellus eros quam, faucibus sed"
      text run at (2,2122) width 358: "consectetur et, elementum ut erat. Morbi fringilla, lorem non"
      text run at (2,2142) width 388: "fermentum vulputate, quam metus ullamcorper quam, eu porttitor"
      text run at (2,2162) width 356: "diam metus eget augue. Donec non lorem et arcu adipiscing"
      text run at (2,2182) width 385: "suscipit. Donec porta euismod magna a fermentum. Suspendisse"
      text run at (2,2202) width 379: "vestibulum rhoncus bibendum. Nam in nisi eget nulla vestibulum"
      text run at (2,2222) width 190: "rutrum. Aenean eu libero turpis."
