layer at (0,0) size 800x600
  RenderView at (0,0) size 800x600
layer at (0,0) size 800x600
  RenderBlock {HTML} at (0,0) size 800x600
    RenderBody {BODY} at (8,8) size 784x584
      RenderBlock {P} at (0,0) size 784x18
        RenderText {#text} at (0,0) size 153x18
          text run at (0,0) width 153: "Test controls placement."
      RenderBlock (anonymous) at (0,34) size 784x104
        RenderMedia {AUDIO} at (0,0) size 200x25 [bgcolor=#0000FF]
        RenderBR {BR} at (200,25) size 0x0
        RenderBR {BR} at (0,25) size 0x18
        RenderMedia {AUDIO} at (0,43) size 320x25 [bgcolor=#0000FF]
        RenderBR {BR} at (320,68) size 0x0
        RenderBR {BR} at (0,68) size 0x18
        RenderBR {BR} at (0,86) size 0x18
layer at (8,42) size 200x25
  RenderDeprecatedFlexibleBox (relative positioned) {DIV} at (0,0) size 200x25
layer at (8,42) size 200x25
  RenderDeprecatedFlexibleBox (relative positioned) {DIV} at (0,0) size 200x25
    RenderButton {INPUT} at (6,3) size 18x18
    RenderButton {INPUT} at (32,4) size 16x16
    RenderDeprecatedFlexibleBox {DIV} at (49,5) size 126x15
      RenderSlider {INPUT} at (0,2) size 126x13
        RenderDeprecatedFlexibleBox {DIV} at (0,0) size 126x13
          RenderBlock {DIV} at (0,2) size 116x8
          RenderBlock {DIV} at (116,2) size 10x8
    RenderBlock {DIV} at (175,6) size 25x12
layer at (57,51) size 10x8
  RenderBlock (relative positioned) {DIV} at (0,0) size 10x8
layer at (185,48) size 14x12
  RenderButton zI: 1 {INPUT} at (2,0) size 14x12
layer at (8,85) size 320x25
  RenderDeprecatedFlexibleBox (relative positioned) {DIV} at (0,0) size 320x25
layer at (8,85) size 320x25
  RenderDeprecatedFlexibleBox (relative positioned) {DIV} at (0,0) size 320x25
    RenderButton {INPUT} at (6,3) size 18x18
    RenderButton {INPUT} at (32,4) size 16x16
    RenderDeprecatedFlexibleBox {DIV} at (49,5) size 246x15
      RenderSlider {INPUT} at (45,2) size 156x13
        RenderDeprecatedFlexibleBox {DIV} at (0,0) size 156x13
          RenderBlock {DIV} at (0,2) size 146x8
          RenderBlock {DIV} at (146,2) size 10x8
    RenderBlock {DIV} at (295,6) size 25x12
layer at (57,92) size 45x11
  RenderDeprecatedFlexibleBox {DIV} at (0,2) size 45x11 [color=#FFFFFF]
    RenderBlock (anonymous) at (9,0) size 26x11
      RenderText {#text} at (0,0) size 26x11
        text run at (0,0) width 26: "00:00"
layer at (258,92) size 45x11
  RenderDeprecatedFlexibleBox {DIV} at (201,2) size 45x11 [color=#FFFFFF]
    RenderBlock (anonymous) at (7,0) size 31x11
      RenderText {#text} at (0,0) size 31x11
        text run at (0,0) width 31: "-00:07"
layer at (102,94) size 10x8
  RenderBlock (relative positioned) {DIV} at (0,0) size 10x8
layer at (305,91) size 14x12
  RenderButton zI: 1 {INPUT} at (2,0) size 14x12
layer at (8,128) size 320x100
  RenderMedia {AUDIO} at (8,128) size 320x100 [bgcolor=#0000FF]
layer at (8,128) size 320x100
  RenderDeprecatedFlexibleBox (relative positioned) {DIV} at (0,0) size 320x100
layer at (8,203) size 320x25
  RenderDeprecatedFlexibleBox (relative positioned) {DIV} at (0,75) size 320x25
    RenderButton {INPUT} at (6,3) size 18x18
    RenderButton {INPUT} at (32,4) size 16x16
    RenderDeprecatedFlexibleBox {DIV} at (49,5) size 246x15
      RenderSlider {INPUT} at (45,2) size 156x13
        RenderDeprecatedFlexibleBox {DIV} at (0,0) size 156x13
          RenderBlock {DIV} at (0,2) size 146x8
          RenderBlock {DIV} at (146,2) size 10x8
    RenderBlock {DIV} at (295,6) size 25x12
layer at (57,210) size 45x11
  RenderDeprecatedFlexibleBox {DIV} at (0,2) size 45x11 [color=#FFFFFF]
    RenderBlock (anonymous) at (9,0) size 26x11
      RenderText {#text} at (0,0) size 26x11
        text run at (0,0) width 26: "00:00"
layer at (258,210) size 45x11
  RenderDeprecatedFlexibleBox {DIV} at (201,2) size 45x11 [color=#FFFFFF]
    RenderBlock (anonymous) at (7,0) size 31x11
      RenderText {#text} at (0,0) size 31x11
        text run at (0,0) width 31: "-00:07"
layer at (102,212) size 10x8
  RenderBlock (relative positioned) {DIV} at (0,0) size 10x8
layer at (305,209) size 14x12
  RenderButton zI: 1 {INPUT} at (2,0) size 14x12
