layer at (0,0) size 800x600
  RenderView at (0,0) size 800x600
layer at (0,0) size 800x302
  RenderBlock {HTML} at (0,0) size 800x302
    RenderBody {BODY} at (8,16) size 784x278
      RenderBlock {P} at (0,0) size 784x18
        RenderText {#text} at (0,0) size 467x18
          text run at (0,0) width 467: "The look of the controls should not change when styled under strict mode."
      RenderBlock (anonymous) at (0,34) size 784x244
        RenderText {#text} at (320,226) size 4x18
          text run at (320,226) width 4: " "
        RenderText {#text} at (0,0) size 0x0
layer at (8,50) size 320x240
  RenderVideo {VIDEO} at (0,0) size 320x240 [color=#FF0000]
layer at (332,50) size 320x240
  RenderVideo {VIDEO} at (324,0) size 320x240
layer at (8,50) size 320x240
  RenderDeprecatedFlexibleBox (relative positioned) {DIV} at (0,0) size 320x240
layer at (8,265) size 320x25
  RenderDeprecatedFlexibleBox (relative positioned) {DIV} at (0,215) size 320x25
    RenderButton {INPUT} at (6,3) size 18x18
    RenderButton {INPUT} at (32,4) size 16x16
    RenderDeprecatedFlexibleBox {DIV} at (49,5) size 216x15
      RenderSlider {INPUT} at (45,2) size 126x13
        RenderDeprecatedFlexibleBox {DIV} at (0,0) size 126x13
          RenderBlock {DIV} at (0,2) size 116x8
          RenderBlock {DIV} at (116,2) size 10x8
    RenderButton {INPUT} at (297,4) size 16x16
    RenderBlock {DIV} at (265,6) size 25x12
layer at (57,272) size 45x11
  RenderDeprecatedFlexibleBox {DIV} at (0,2) size 45x11 [color=#FFFFFF]
    RenderBlock (anonymous) at (9,0) size 26x11
      RenderText {#text} at (0,0) size 26x11
        text run at (0,0) width 26: "00:00"
layer at (228,272) size 45x11
  RenderDeprecatedFlexibleBox {DIV} at (171,2) size 45x11 [color=#FFFFFF]
    RenderBlock (anonymous) at (7,0) size 31x11
      RenderText {#text} at (0,0) size 31x11
        text run at (0,0) width 31: "-00:06"
layer at (102,274) size 10x8
  RenderBlock (relative positioned) {DIV} at (0,0) size 10x8
layer at (275,271) size 14x12
  RenderButton zI: 1 {INPUT} at (2,0) size 14x12
layer at (332,50) size 320x240
  RenderDeprecatedFlexibleBox (relative positioned) {DIV} at (0,0) size 320x240
layer at (332,265) size 320x25
  RenderDeprecatedFlexibleBox (relative positioned) {DIV} at (0,215) size 320x25
    RenderButton {INPUT} at (6,3) size 18x18
    RenderButton {INPUT} at (32,4) size 16x16
    RenderDeprecatedFlexibleBox {DIV} at (49,5) size 216x15
      RenderSlider {INPUT} at (45,2) size 126x13
        RenderDeprecatedFlexibleBox {DIV} at (0,0) size 126x13
          RenderBlock {DIV} at (0,2) size 116x8
          RenderBlock {DIV} at (116,2) size 10x8
    RenderButton {INPUT} at (297,4) size 16x16
    RenderBlock {DIV} at (265,6) size 25x12
layer at (381,272) size 45x11
  RenderDeprecatedFlexibleBox {DIV} at (0,2) size 45x11 [color=#FFFFFF]
    RenderBlock (anonymous) at (9,0) size 26x11
      RenderText {#text} at (0,0) size 26x11
        text run at (0,0) width 26: "00:00"
layer at (552,272) size 45x11
  RenderDeprecatedFlexibleBox {DIV} at (171,2) size 45x11 [color=#FFFFFF]
    RenderBlock (anonymous) at (7,0) size 31x11
      RenderText {#text} at (0,0) size 31x11
        text run at (0,0) width 31: "-00:06"
layer at (426,274) size 10x8
  RenderBlock (relative positioned) {DIV} at (0,0) size 10x8
layer at (599,271) size 14x12
  RenderButton zI: 1 {INPUT} at (2,0) size 14x12
