layer at (0,0) size 800x600
  RenderView at (0,0) size 800x600
layer at (0,0) size 800x600
  RenderBlock {HTML} at (0,0) size 800x600
    RenderBody {BODY} at (8,8) size 784x584
      RenderBlock {P} at (0,0) size 784x18
        RenderText {#text} at (0,0) size 274x18
          text run at (0,0) width 274: "The look of the controls should not change."
      RenderBlock {DIV} at (0,34) size 784x240 [color=#0000FF]
        RenderText {#text} at (0,0) size 0x0
      RenderBlock (anonymous) at (0,274) size 784x240
        RenderText {#text} at (0,0) size 0x0
layer at (18,42) size 320x240
  RenderVideo {VIDEO} at (10,0) size 320x240
layer at (8,282) size 320x240
  RenderVideo {VIDEO} at (0,0) size 320x240
layer at (18,42) size 320x240
  RenderBlock (relative positioned) {DIV} at (0,0) size 320x240
layer at (18,257) size 320x25
  RenderFlexibleBox (positioned) {DIV} at (0,215) size 320x25
    RenderButton {INPUT} at (6,3) size 18x18
    RenderButton {INPUT} at (32,4) size 16x16
    RenderFlexibleBox {DIV} at (49,5) size 216x15
      RenderSlider {INPUT} at (45,2) size 126x13
        RenderFlexibleBox {DIV} at (0,0) size 126x13
          RenderBlock {DIV} at (0,2) size 116x8
          RenderBlock {DIV} at (116,2) size 10x8
    RenderButton {INPUT} at (297,4) size 16x16
    RenderButton {INPUT} at (267,6) size 14x12
layer at (67,264) size 45x11
  RenderFlexibleBox {DIV} at (0,2) size 45x11 [color=#FFFFFF]
    RenderBlock (anonymous) at (9,0) size 26x11
      RenderText {#text} at (0,0) size 26x11
        text run at (0,0) width 26: "00:00"
layer at (238,264) size 45x11
  RenderFlexibleBox {DIV} at (171,2) size 45x11 [color=#FFFFFF]
    RenderBlock (anonymous) at (7,0) size 31x11
      RenderText {#text} at (0,0) size 31x11
        text run at (0,0) width 31: "-00:06"
layer at (112,266) size 10x8
  RenderBlock (relative positioned) {DIV} at (0,0) size 10x8
layer at (8,282) size 320x240
  RenderBlock (relative positioned) {DIV} at (0,0) size 320x240
layer at (8,497) size 320x25
  RenderFlexibleBox (positioned) {DIV} at (0,215) size 320x25
    RenderButton {INPUT} at (6,3) size 18x18
    RenderButton {INPUT} at (32,4) size 16x16
    RenderFlexibleBox {DIV} at (49,5) size 216x15
      RenderSlider {INPUT} at (45,2) size 126x13
        RenderFlexibleBox {DIV} at (0,0) size 126x13
          RenderBlock {DIV} at (0,2) size 116x8
          RenderBlock {DIV} at (116,2) size 10x8
    RenderButton {INPUT} at (297,4) size 16x16
    RenderButton {INPUT} at (267,6) size 14x12
layer at (57,504) size 45x11
  RenderFlexibleBox {DIV} at (0,2) size 45x11 [color=#FFFFFF]
    RenderBlock (anonymous) at (9,0) size 26x11
      RenderText {#text} at (0,0) size 26x11
        text run at (0,0) width 26: "00:00"
layer at (228,504) size 45x11
  RenderFlexibleBox {DIV} at (171,2) size 45x11 [color=#FFFFFF]
    RenderBlock (anonymous) at (7,0) size 31x11
      RenderText {#text} at (0,0) size 31x11
        text run at (0,0) width 31: "-00:06"
layer at (102,506) size 10x8
  RenderBlock (relative positioned) {DIV} at (0,0) size 10x8
