FAIL: Timed out waiting for notifyDone to be called
layer at (0,0) size 800x600
  RenderView at (0,0) size 800x600
layer at (0,0) size 800x600
  RenderBlock {HTML} at (0,0) size 800x600
    RenderBody {BODY} at (8,8) size 784x584
      RenderBlock {P} at (0,0) size 784x18
        RenderText {#text} at (0,0) size 360x18
          text run at (0,0) width 360: "Making sure the controller looks ok after a second load()."
      RenderBlock (anonymous) at (0,34) size 784x240
        RenderText {#text} at (0,0) size 0x0
layer at (8,42) size 320x240
  RenderVideo {VIDEO} at (0,0) size 320x240
layer at (8,42) size 320x240
  RenderDeprecatedFlexibleBox (relative positioned) {DIV} at (0,0) size 320x240
layer at (8,257) size 320x25
  RenderDeprecatedFlexibleBox (relative positioned) {DIV} at (0,215) size 320x25
    RenderButton {INPUT} at (6,3) size 18x18
    RenderButton {INPUT} at (32,4) size 16x16
    RenderBlock {DIV} at (320,12) size 0x0
layer at (67,263) size 251x12
  RenderDeprecatedFlexibleBox {DIV} at (59,6) size 251x12 [color=#FFFFFF]
    RenderBlock (anonymous) at (0,0) size 49x12
      RenderText {#text} at (0,0) size 49x12
        text run at (0,0) width 49: "Loading..."
