layer at (0,0) size 800x600
  RenderView at (0,0) size 800x600
layer at (0,0) size 800x600
  RenderBlock {HTML} at (0,0) size 800x600
    RenderBody {BODY} at (12,12) size 776x543
      RenderBlock {P} at (0,0) size 776x28
        RenderText {#text} at (0,0) size 280x28
          text run at (0,0) width 280: "Zoomed video with controls."
layer at (57,85) size 240x180
  RenderVideo {VIDEO} at (45,73) size 240x180
layer at (57,85) size 240x180
  RenderBlock (relative positioned) {DIV} at (0,0) size 240x180
layer at (57,228) size 240x37
  RenderDeprecatedFlexibleBox (positioned) {DIV} at (0,143) size 240x37
    RenderButton {INPUT} at (9,4) size 27x27
    RenderButton {INPUT} at (48,6) size 24x24
    RenderDeprecatedFlexibleBox {DIV} at (73,7) size 86x22
      RenderSlider {INPUT} at (0,3) size 86x19
        RenderBlock {DIV} at (0,3) size 15x12
    RenderButton {INPUT} at (206,6) size 24x24
    RenderButton {INPUT} at (162,9) size 21x18
layer at (57,310) size 240x180
  RenderVideo {VIDEO} at (45,298) size 240x180
layer at (57,310) size 240x180
  RenderBlock (relative positioned) {DIV} at (0,0) size 240x180
layer at (57,453) size 240x37
  RenderDeprecatedFlexibleBox (positioned) {DIV} at (0,143) size 240x37
    RenderButton {INPUT} at (9,4) size 27x27
    RenderButton {INPUT} at (48,6) size 24x24
    RenderDeprecatedFlexibleBox {DIV} at (73,7) size 86x22
      RenderSlider {INPUT} at (0,3) size 86x19
        RenderBlock {DIV} at (0,3) size 15x12
    RenderButton {INPUT} at (206,6) size 24x24
    RenderButton {INPUT} at (162,9) size 21x18
