layer at (0,0) size 785x762
  RenderView at (0,0) size 785x600
layer at (0,0) size 785x600
  RenderBlock {HTML} at (0,0) size 785x600
    RenderBody {BODY} at (8,8) size 769x584
      RenderBlock {P} at (0,0) size 769x18
        RenderText {#text} at (0,0) size 153x18
          text run at (0,0) width 153: "Test controls placement."
      RenderBlock {DIV} at (0,34) size 769x240
        RenderText {#text} at (0,0) size 0x0
      RenderBlock {DIV} at (0,274) size 769x240
        RenderText {#text} at (0,0) size 0x0
      RenderBlock {DIV} at (0,514) size 769x0
layer at (8,42) size 320x240
  RenderVideo {VIDEO} at (0,0) size 320x240
layer at (8,282) size 320x240
  RenderVideo {VIDEO} at (0,0) size 320x240
layer at (8,42) size 320x240
  RenderDeprecatedFlexibleBox (relative positioned) {DIV} at (0,0) size 320x240
layer at (8,257) size 320x25
  RenderDeprecatedFlexibleBox (relative positioned) {DIV} at (0,215) size 320x25
    RenderButton {INPUT} at (6,3) size 18x18
    RenderButton {INPUT} at (32,4) size 16x16
    RenderDeprecatedFlexibleBox {DIV} at (49,5) size 216x15
      RenderSlider {INPUT} at (45,2) size 126x13
        RenderDeprecatedFlexibleBox {DIV} at (0,0) size 126x13
          RenderBlock {DIV} at (0,2) size 116x8
          RenderBlock {DIV} at (116,2) size 10x8
    RenderButton {INPUT} at (297,4) size 16x16
    RenderBlock {DIV} at (265,6) size 25x12
layer at (57,264) size 45x11
  RenderDeprecatedFlexibleBox {DIV} at (0,2) size 45x11 [color=#FFFFFF]
    RenderBlock (anonymous) at (9,0) size 26x11
      RenderText {#text} at (0,0) size 26x11
        text run at (0,0) width 26: "00:00"
layer at (228,264) size 45x11
  RenderDeprecatedFlexibleBox {DIV} at (171,2) size 45x11 [color=#FFFFFF]
    RenderBlock (anonymous) at (7,0) size 31x11
      RenderText {#text} at (0,0) size 31x11
        text run at (0,0) width 31: "-00:06"
layer at (102,266) size 10x8
  RenderBlock (relative positioned) {DIV} at (0,0) size 10x8
layer at (275,263) size 14x12
  RenderButton zI: 1 {INPUT} at (2,0) size 14x12
layer at (8,282) size 320x240
  RenderDeprecatedFlexibleBox (relative positioned) {DIV} at (0,0) size 320x240
layer at (8,497) size 320x25
  RenderDeprecatedFlexibleBox (relative positioned) {DIV} at (0,215) size 320x25
    RenderButton {INPUT} at (6,3) size 18x18
    RenderButton {INPUT} at (32,4) size 16x16
    RenderDeprecatedFlexibleBox {DIV} at (49,5) size 216x15
      RenderSlider {INPUT} at (45,2) size 126x13
        RenderDeprecatedFlexibleBox {DIV} at (0,0) size 126x13
          RenderBlock {DIV} at (0,2) size 116x8
          RenderBlock {DIV} at (116,2) size 10x8
    RenderButton {INPUT} at (297,4) size 16x16
    RenderBlock {DIV} at (265,6) size 25x12
layer at (57,504) size 45x11
  RenderDeprecatedFlexibleBox {DIV} at (0,2) size 45x11 [color=#FFFFFF]
    RenderBlock (anonymous) at (9,0) size 26x11
      RenderText {#text} at (0,0) size 26x11
        text run at (0,0) width 26: "00:00"
layer at (228,504) size 45x11
  RenderDeprecatedFlexibleBox {DIV} at (171,2) size 45x11 [color=#FFFFFF]
    RenderBlock (anonymous) at (7,0) size 31x11
      RenderText {#text} at (0,0) size 31x11
        text run at (0,0) width 31: "-00:06"
layer at (102,506) size 10x8
  RenderBlock (relative positioned) {DIV} at (0,0) size 10x8
layer at (275,503) size 14x12
  RenderButton zI: 1 {INPUT} at (2,0) size 14x12
layer at (8,522) size 320x240
  RenderVideo {VIDEO} at (8,522) size 320x240
layer at (8,522) size 320x240
  RenderDeprecatedFlexibleBox (relative positioned) {DIV} at (0,0) size 320x240
layer at (8,737) size 320x25
  RenderDeprecatedFlexibleBox (relative positioned) {DIV} at (0,215) size 320x25
    RenderButton {INPUT} at (6,3) size 18x18
    RenderButton {INPUT} at (32,4) size 16x16
    RenderDeprecatedFlexibleBox {DIV} at (49,5) size 216x15
      RenderSlider {INPUT} at (45,2) size 126x13
        RenderDeprecatedFlexibleBox {DIV} at (0,0) size 126x13
          RenderBlock {DIV} at (0,2) size 116x8
          RenderBlock {DIV} at (116,2) size 10x8
    RenderButton {INPUT} at (297,4) size 16x16
    RenderBlock {DIV} at (265,6) size 25x12
layer at (57,744) size 45x11
  RenderDeprecatedFlexibleBox {DIV} at (0,2) size 45x11 [color=#FFFFFF]
    RenderBlock (anonymous) at (9,0) size 26x11
      RenderText {#text} at (0,0) size 26x11
        text run at (0,0) width 26: "00:00"
layer at (228,744) size 45x11
  RenderDeprecatedFlexibleBox {DIV} at (171,2) size 45x11 [color=#FFFFFF]
    RenderBlock (anonymous) at (7,0) size 31x11
      RenderText {#text} at (0,0) size 31x11
        text run at (0,0) width 31: "-00:06"
layer at (102,746) size 10x8
  RenderBlock (relative positioned) {DIV} at (0,0) size 10x8
layer at (275,743) size 14x12
  RenderButton zI: 1 {INPUT} at (2,0) size 14x12
