layer at (0,0) size 785x1358
  RenderView at (0,0) size 785x600
layer at (0,0) size 785x1358
  RenderBlock {HTML} at (0,0) size 785x1359
    RenderBody {BODY} at (8,8) size 769x1343
      RenderBlock {H1} at (0,0) size 769x37
        RenderText {#text} at (0,0) size 397x37
          text run at (0,0) width 397: "Example 6: Table Stress Test"
      RenderBlock {PRE} at (0,58) size 769x16 [color=#FF0000]
        RenderText {#text} at (0,0) size 272x15
          text run at (0,0) width 272: "Resize document for maximum effect"
      RenderBlock (anonymous) at (0,86) size 769x19
        RenderBR {BR} at (0,0) size 0x18
      RenderBlock {H2} at (0,124) size 769x29
        RenderText {#text} at (0,0) size 501x28
          text run at (0,0) width 501: "Auto-width tables with spans nested 8 levels deep"
      RenderTable {TABLE} at (0,172) size 769x369 [bgcolor=#FF0000] [border: (1px outset #808080)]
        RenderTableSection {TBODY} at (1,1) size 767x366
          RenderTableRow {TR} at (0,2) size 767x22
            RenderTableCell {TD} at (2,2) size 30x22 [border: (1px inset #808080)] [r=0 c=0 rs=1 cs=1]
              RenderText {#text} at (2,2) size 26x18
                text run at (2,2) width 26: "Cell"
            RenderTableCell {TD} at (34,2) size 731x338 [border: (1px inset #808080)] [r=0 c=1 rs=2 cs=2]
              RenderTable {TABLE} at (2,2) size 727x334 [bgcolor=#ADD8E6] [border: (1px outset #808080)]
                RenderTableSection {TBODY} at (1,1) size 725x332
                  RenderTableRow {TR} at (0,2) size 725x22
                    RenderTableCell {TD} at (2,2) size 30x22 [border: (1px inset #808080)] [r=0 c=0 rs=1 cs=1]
                      RenderText {#text} at (2,2) size 26x18
                        text run at (2,2) width 26: "Cell"
                    RenderTableCell {TD} at (34,2) size 689x304 [border: (1px inset #808080)] [r=0 c=1 rs=2 cs=2]
                      RenderTable {TABLE} at (2,2) size 685x300 [bgcolor=#90EE90] [border: (1px outset #808080)]
                        RenderTableSection {TBODY} at (1,1) size 683x298
                          RenderTableRow {TR} at (0,2) size 683x22
                            RenderTableCell {TD} at (2,2) size 30x22 [border: (1px inset #808080)] [r=0 c=0 rs=1 cs=1]
                              RenderText {#text} at (2,2) size 26x18
                                text run at (2,2) width 26: "Cell"
                            RenderTableCell {TD} at (34,2) size 647x270 [border: (1px inset #808080)] [r=0 c=1 rs=2 cs=2]
                              RenderTable {TABLE} at (2,2) size 643x266 [border: (1px outset #808080)]
                                RenderTableSection {TBODY} at (1,1) size 641x264
                                  RenderTableRow {TR} at (0,2) size 641x22
                                    RenderTableCell {TD} at (2,2) size 30x22 [border: (1px inset #808080)] [r=0 c=0 rs=1 cs=1]
                                      RenderText {#text} at (2,2) size 26x18
                                        text run at (2,2) width 26: "Cell"
                                    RenderTableCell {TD} at (34,2) size 605x236 [border: (1px inset #808080)] [r=0 c=1 rs=2 cs=2]
                                      RenderTable {TABLE} at (2,2) size 601x232 [bgcolor=#FFA500] [border: (1px outset #808080)]
                                        RenderTableSection {TBODY} at (1,1) size 599x230
                                          RenderTableRow {TR} at (0,2) size 599x22
                                            RenderTableCell {TD} at (2,2) size 30x22 [border: (1px inset #808080)] [r=0 c=0 rs=1 cs=1]
                                              RenderText {#text} at (2,2) size 26x18
                                                text run at (2,2) width 26: "Cell"
                                            RenderTableCell {TD} at (34,2) size 563x202 [border: (1px inset #808080)] [r=0 c=1 rs=2 cs=2]
                                              RenderTable {TABLE} at (2,2) size 559x198 [bgcolor=#FF0000] [border: (1px outset #808080)]
                                                RenderTableSection {TBODY} at (1,1) size 557x196
                                                  RenderTableRow {TR} at (0,2) size 557x22
                                                    RenderTableCell {TD} at (2,2) size 30x22 [border: (1px inset #808080)] [r=0 c=0 rs=1 cs=1]
                                                      RenderText {#text} at (2,2) size 26x18
                                                        text run at (2,2) width 26: "Cell"
                                                    RenderTableCell {TD} at (34,2) size 521x150 [border: (1px inset #808080)] [r=0 c=1 rs=2 cs=2]
                                                      RenderTable {TABLE} at (2,2) size 517x146 [bgcolor=#ADD8E6] [border: (1px outset #808080)]
                                                        RenderTableSection {TBODY} at (1,1) size 515x144
                                                          RenderTableRow {TR} at (0,2) size 515x22
                                                            RenderTableCell {TD} at (2,2) size 30x22 [border: (1px inset #808080)] [r=0 c=0 rs=1 cs=1]
                                                              RenderText {#text} at (2,2) size 26x18
                                                                text run at (2,2) width 26: "Cell"
                                                            RenderTableCell {TD} at (34,2) size 479x98 [border: (1px inset #808080)] [r=0 c=1 rs=2 cs=2]
                                                              RenderTable {TABLE} at (2,2) size 475x94 [bgcolor=#90EE90] [border: (1px outset #808080)]
                                                                RenderTableSection {TBODY} at (1,1) size 473x92
                                                                  RenderTableRow {TR} at (0,2) size 473x22
                                                                    RenderTableCell {TD} at (2,2) size 30x22 [border: (1px inset #808080)] [r=0 c=0 rs=1 cs=1]
                                                                      RenderText {#text} at (2,2) size 26x18
                                                                        text run at (2,2) width 26: "Cell"
                                                                    RenderTableCell {TD} at (34,5) size 437x40 [border: (1px inset #808080)] [r=0 c=1 rs=2 cs=2]
                                                                      RenderText {#text} at (2,2) size 390x36
                                                                        text run at (2,2) width 390: "Cell, and stuff to test out table cell layout. This should be long"
                                                                        text run at (2,20) width 118: "enough for testing."
                                                                  RenderTableRow {TR} at (0,26) size 473x22
                                                                    RenderTableCell {TD} at (2,26) size 30x22 [border: (1px inset #808080)] [r=1 c=0 rs=1 cs=1]
                                                                      RenderText {#text} at (2,2) size 26x18
                                                                        text run at (2,2) width 26: "Cell"
                                                                  RenderTableRow {TR} at (0,50) size 473x40
                                                                    RenderTableCell {TD} at (2,59) size 30x22 [border: (1px inset #808080)] [r=2 c=0 rs=1 cs=1]
                                                                      RenderText {#text} at (2,2) size 26x18
                                                                        text run at (2,2) width 26: "Cell"
                                                                    RenderTableCell {TD} at (34,50) size 405x40 [border: (1px inset #808080)] [r=2 c=1 rs=1 cs=1]
                                                                      RenderText {#text} at (2,2) size 390x36
                                                                        text run at (2,2) width 390: "Cell, and stuff to test out table cell layout. This should be long"
                                                                        text run at (2,20) width 118: "enough for testing."
                                                                    RenderTableCell {TD} at (441,59) size 30x22 [border: (1px inset #808080)] [r=2 c=2 rs=1 cs=1]
                                                                      RenderText {#text} at (2,2) size 26x18
                                                                        text run at (2,2) width 26: "Cell"
                                                          RenderTableRow {TR} at (0,26) size 515x74
                                                            RenderTableCell {TD} at (2,52) size 30x22 [border: (1px inset #808080)] [r=1 c=0 rs=1 cs=1]
                                                              RenderText {#text} at (2,2) size 26x18
                                                                text run at (2,2) width 26: "Cell"
                                                          RenderTableRow {TR} at (0,102) size 515x40
                                                            RenderTableCell {TD} at (2,111) size 30x22 [border: (1px inset #808080)] [r=2 c=0 rs=1 cs=1]
                                                              RenderText {#text} at (2,2) size 26x18
                                                                text run at (2,2) width 26: "Cell"
                                                            RenderTableCell {TD} at (34,102) size 447x40 [border: (1px inset #808080)] [r=2 c=1 rs=1 cs=1]
                                                              RenderText {#text} at (2,2) size 441x36
                                                                text run at (2,2) width 394: "Cell, and stuff to test out table cell layout. This should be long "
                                                                text run at (396,2) width 47: "enough"
                                                                text run at (2,20) width 67: "for testing."
                                                            RenderTableCell {TD} at (483,111) size 30x22 [border: (1px inset #808080)] [r=2 c=2 rs=1 cs=1]
                                                              RenderText {#text} at (2,2) size 26x18
                                                                text run at (2,2) width 26: "Cell"
                                                  RenderTableRow {TR} at (0,26) size 557x126
                                                    RenderTableCell {TD} at (2,78) size 30x22 [border: (1px inset #808080)] [r=1 c=0 rs=1 cs=1]
                                                      RenderText {#text} at (2,2) size 26x18
                                                        text run at (2,2) width 26: "Cell"
                                                  RenderTableRow {TR} at (0,154) size 557x40
                                                    RenderTableCell {TD} at (2,163) size 30x22 [border: (1px inset #808080)] [r=2 c=0 rs=1 cs=1]
                                                      RenderText {#text} at (2,2) size 26x18
                                                        text run at (2,2) width 26: "Cell"
                                                    RenderTableCell {TD} at (34,154) size 489x40 [border: (1px inset #808080)] [r=2 c=1 rs=1 cs=1]
                                                      RenderText {#text} at (2,2) size 463x36
                                                        text run at (2,2) width 394: "Cell, and stuff to test out table cell layout. This should be long "
                                                        text run at (396,2) width 69: "enough for"
                                                        text run at (2,20) width 45: "testing."
                                                    RenderTableCell {TD} at (525,163) size 30x22 [border: (1px inset #808080)] [r=2 c=2 rs=1 cs=1]
                                                      RenderText {#text} at (2,2) size 26x18
                                                        text run at (2,2) width 26: "Cell"
                                          RenderTableRow {TR} at (0,26) size 599x178
                                            RenderTableCell {TD} at (2,104) size 30x22 [border: (1px inset #808080)] [r=1 c=0 rs=1 cs=1]
                                              RenderText {#text} at (2,2) size 26x18
                                                text run at (2,2) width 26: "Cell"
                                          RenderTableRow {TR} at (0,206) size 599x22
                                            RenderTableCell {TD} at (2,206) size 30x22 [border: (1px inset #808080)] [r=2 c=0 rs=1 cs=1]
                                              RenderText {#text} at (2,2) size 26x18
                                                text run at (2,2) width 26: "Cell"
                                            RenderTableCell {TD} at (34,206) size 530x22 [border: (1px inset #808080)] [r=2 c=1 rs=1 cs=1]
                                              RenderText {#text} at (2,2) size 512x18
                                                text run at (2,2) width 394: "Cell, and stuff to test out table cell layout. This should be long "
                                                text run at (396,2) width 118: "enough for testing."
                                            RenderTableCell {TD} at (566,206) size 31x22 [border: (1px inset #808080)] [r=2 c=2 rs=1 cs=1]
                                              RenderText {#text} at (2,2) size 26x18
                                                text run at (2,2) width 26: "Cell"
                                  RenderTableRow {TR} at (0,26) size 641x212
                                    RenderTableCell {TD} at (2,121) size 30x22 [border: (1px inset #808080)] [r=1 c=0 rs=1 cs=1]
                                      RenderText {#text} at (2,2) size 26x18
                                        text run at (2,2) width 26: "Cell"
                                  RenderTableRow {TR} at (0,240) size 641x22
                                    RenderTableCell {TD} at (2,240) size 30x22 [border: (1px inset #808080)] [r=2 c=0 rs=1 cs=1]
                                      RenderText {#text} at (2,2) size 26x18
                                        text run at (2,2) width 26: "Cell"
                                    RenderTableCell {TD} at (34,240) size 569x22 [border: (1px inset #808080)] [r=2 c=1 rs=1 cs=1]
                                      RenderText {#text} at (2,2) size 512x18
                                        text run at (2,2) width 394: "Cell, and stuff to test out table cell layout. This should be long "
                                        text run at (396,2) width 118: "enough for testing."
                                    RenderTableCell {TD} at (605,240) size 34x22 [border: (1px inset #808080)] [r=2 c=2 rs=1 cs=1]
                                      RenderText {#text} at (2,2) size 26x18
                                        text run at (2,2) width 26: "Cell"
                          RenderTableRow {TR} at (0,26) size 683x246
                            RenderTableCell {TD} at (2,138) size 30x22 [border: (1px inset #808080)] [r=1 c=0 rs=1 cs=1]
                              RenderText {#text} at (2,2) size 26x18
                                text run at (2,2) width 26: "Cell"
                          RenderTableRow {TR} at (0,274) size 683x22
                            RenderTableCell {TD} at (2,274) size 30x22 [border: (1px inset #808080)] [r=2 c=0 rs=1 cs=1]
                              RenderText {#text} at (2,2) size 26x18
                                text run at (2,2) width 26: "Cell"
                            RenderTableCell {TD} at (34,274) size 609x22 [border: (1px inset #808080)] [r=2 c=1 rs=1 cs=1]
                              RenderText {#text} at (2,2) size 512x18
                                text run at (2,2) width 394: "Cell, and stuff to test out table cell layout. This should be long "
                                text run at (396,2) width 118: "enough for testing."
                            RenderTableCell {TD} at (645,274) size 36x22 [border: (1px inset #808080)] [r=2 c=2 rs=1 cs=1]
                              RenderText {#text} at (2,2) size 26x18
                                text run at (2,2) width 26: "Cell"
                  RenderTableRow {TR} at (0,26) size 725x280
                    RenderTableCell {TD} at (2,155) size 30x22 [border: (1px inset #808080)] [r=1 c=0 rs=1 cs=1]
                      RenderText {#text} at (2,2) size 26x18
                        text run at (2,2) width 26: "Cell"
                  RenderTableRow {TR} at (0,308) size 725x22
                    RenderTableCell {TD} at (2,308) size 30x22 [border: (1px inset #808080)] [r=2 c=0 rs=1 cs=1]
                      RenderText {#text} at (2,2) size 26x18
                        text run at (2,2) width 26: "Cell"
                    RenderTableCell {TD} at (34,308) size 649x22 [border: (1px inset #808080)] [r=2 c=1 rs=1 cs=1]
                      RenderText {#text} at (2,2) size 512x18
                        text run at (2,2) width 394: "Cell, and stuff to test out table cell layout. This should be long "
                        text run at (396,2) width 118: "enough for testing."
                    RenderTableCell {TD} at (685,308) size 38x22 [border: (1px inset #808080)] [r=2 c=2 rs=1 cs=1]
                      RenderText {#text} at (2,2) size 26x18
                        text run at (2,2) width 26: "Cell"
          RenderTableRow {TR} at (0,26) size 767x314
            RenderTableCell {TD} at (2,172) size 30x22 [border: (1px inset #808080)] [r=1 c=0 rs=1 cs=1]
              RenderText {#text} at (2,2) size 26x18
                text run at (2,2) width 26: "Cell"
          RenderTableRow {TR} at (0,342) size 767x22
            RenderTableCell {TD} at (2,342) size 30x22 [border: (1px inset #808080)] [r=2 c=0 rs=1 cs=1]
              RenderText {#text} at (2,2) size 26x18
                text run at (2,2) width 26: "Cell"
            RenderTableCell {TD} at (34,342) size 688x22 [border: (1px inset #808080)] [r=2 c=1 rs=1 cs=1]
              RenderText {#text} at (2,2) size 512x18
                text run at (2,2) width 394: "Cell, and stuff to test out table cell layout. This should be long "
                text run at (396,2) width 118: "enough for testing."
            RenderTableCell {TD} at (724,342) size 41x22 [border: (1px inset #808080)] [r=2 c=2 rs=1 cs=1]
              RenderText {#text} at (2,2) size 26x18
                text run at (2,2) width 26: "Cell"
      RenderBlock (anonymous) at (0,540) size 769x19
        RenderBR {BR} at (0,0) size 0x18
      RenderBlock {H2} at (0,578) size 769x29
        RenderText {#text} at (0,0) size 396x28
          text run at (0,0) width 396: "100% width tables nested 6 levels deep"
      RenderTable {TABLE} at (0,626) size 769x717 [bgcolor=#FFFF00] [border: (1px outset #808080)]
        RenderTableSection {TBODY} at (1,1) size 767x714
          RenderTableRow {TR} at (0,2) size 767x22
            RenderTableCell {TD} at (2,2) size 611x22 [border: (1px inset #808080)] [r=0 c=0 rs=1 cs=1]
              RenderText {#text} at (2,2) size 53x18
                text run at (2,2) width 53: "Cell one"
            RenderTableCell {TD} at (615,2) size 74x22 [border: (1px inset #808080)] [r=0 c=1 rs=1 cs=1]
              RenderText {#text} at (2,2) size 34x18
                text run at (2,2) width 34: "Cell2"
            RenderTableCell {TD} at (691,2) size 74x22 [border: (1px inset #808080)] [r=0 c=2 rs=1 cs=1]
              RenderText {#text} at (2,2) size 38x18
                text run at (2,2) width 38: "Cell 3"
          RenderTableRow {TR} at (0,26) size 767x22
            RenderTableCell {TD} at (2,26) size 611x22 [border: (1px inset #808080)] [r=1 c=0 rs=1 cs=1]
              RenderText {#text} at (2,2) size 38x18
                text run at (2,2) width 38: "Cell 4"
            RenderTableCell {TD} at (615,26) size 74x22 [border: (1px inset #808080)] [r=1 c=1 rs=1 cs=1]
              RenderText {#text} at (2,2) size 38x18
                text run at (2,2) width 38: "Cell 5"
            RenderTableCell {TD} at (691,26) size 74x22 [border: (1px inset #808080)] [r=1 c=2 rs=1 cs=1]
              RenderText {#text} at (2,2) size 38x18
                text run at (2,2) width 38: "Cell 6"
          RenderTableRow {TR} at (0,50) size 767x662
            RenderTableCell {TD} at (2,50) size 611x662 [border: (1px inset #808080)] [r=2 c=0 rs=1 cs=1]
              RenderTable {TABLE} at (2,2) size 607x640 [bgcolor=#D3D3D3]
                RenderTableSection {TBODY} at (0,0) size 607x640
                  RenderTableRow {TR} at (0,2) size 607x20
                    RenderTableCell {TD} at (2,2) size 17x20 [r=0 c=0 rs=1 cs=1]
                      RenderText {#text} at (1,1) size 8x18
                        text run at (1,1) width 8: "1"
                    RenderTableCell {TD} at (21,2) size 564x20 [r=0 c=1 rs=1 cs=1]
                      RenderText {#text} at (1,1) size 8x18
                        text run at (1,1) width 8: "2"
                    RenderTableCell {TD} at (587,2) size 18x20 [r=0 c=2 rs=1 cs=1]
                      RenderText {#text} at (1,1) size 8x18
                        text run at (1,1) width 8: "3"
                  RenderTableRow {TR} at (0,24) size 607x592
                    RenderTableCell {TD} at (2,310) size 17x20 [r=1 c=0 rs=1 cs=1]
                      RenderText {#text} at (1,1) size 8x18
                        text run at (1,1) width 8: "4"
                    RenderTableCell {TD} at (21,24) size 564x592 [r=1 c=1 rs=1 cs=1]
                      RenderTable {TABLE} at (1,1) size 562x572 [bgcolor=#ADD8E6] [border: (1px outset #808080)]
                        RenderTableSection {TBODY} at (1,1) size 560x570
                          RenderTableRow {TR} at (0,2) size 560x518
                            RenderTableCell {TD} at (2,250) size 21x22 [border: (1px inset #808080)] [r=0 c=0 rs=1 cs=1]
                              RenderText {#text} at (2,2) size 8x18
                                text run at (2,2) width 8: "1"
                            RenderTableCell {TD} at (25,2) size 509x518 [border: (1px inset #808080)] [r=0 c=1 rs=1 cs=1]
                              RenderTable {TABLE} at (2,2) size 505x496 [bgcolor=#FF0000] [border: (1px outset #808080)]
                                RenderTableSection {TBODY} at (1,1) size 503x494
                                  RenderTableRow {TR} at (0,2) size 503x22
                                    RenderTableCell {TD} at (2,2) size 22x22 [border: (1px inset #808080)] [r=0 c=0 rs=1 cs=1]
                                      RenderText {#text} at (2,2) size 8x18
                                        text run at (2,2) width 8: "1"
                                    RenderTableCell {TD} at (26,2) size 22x22 [border: (1px inset #808080)] [r=0 c=1 rs=1 cs=1]
                                      RenderText {#text} at (2,2) size 8x18
                                        text run at (2,2) width 8: "2"
                                    RenderTableCell {TD} at (50,2) size 401x22 [border: (1px inset #808080)] [r=0 c=2 rs=1 cs=1]
                                      RenderText {#text} at (2,2) size 8x18
                                        text run at (2,2) width 8: "3"
                                    RenderTableCell {TD} at (453,2) size 23x22 [border: (1px inset #808080)] [r=0 c=3 rs=1 cs=1]
                                      RenderText {#text} at (2,2) size 8x18
                                        text run at (2,2) width 8: "4"
                                    RenderTableCell {TD} at (478,2) size 23x22 [border: (1px inset #808080)] [r=0 c=4 rs=1 cs=1]
                                      RenderText {#text} at (2,2) size 8x18
                                        text run at (2,2) width 8: "5"
                                  RenderTableRow {TR} at (0,26) size 503x394
                                    RenderTableCell {TD} at (2,212) size 22x22 [border: (1px inset #808080)] [r=1 c=0 rs=1 cs=1]
                                      RenderText {#text} at (2,2) size 8x18
                                        text run at (2,2) width 8: "6"
                                    RenderTableCell {TD} at (26,212) size 22x22 [border: (1px inset #808080)] [r=1 c=1 rs=1 cs=1]
                                      RenderText {#text} at (2,2) size 8x18
                                        text run at (2,2) width 8: "7"
                                    RenderTableCell {TD} at (50,26) size 401x394 [border: (1px inset #808080)] [r=1 c=2 rs=1 cs=1]
                                      RenderTable {TABLE} at (2,2) size 397x372 [bgcolor=#008000] [border: (1px outset #808080)]
                                        RenderTableSection {TBODY} at (1,1) size 395x370
                                          RenderTableRow {TR} at (0,2) size 395x22
                                            RenderTableCell {TD} at (2,2) size 23x22 [border: (1px inset #808080)] [r=0 c=0 rs=1 cs=1]
                                              RenderText {#text} at (2,2) size 7x18
                                                text run at (2,2) width 7: "a"
                                            RenderTableCell {TD} at (27,2) size 23x22 [border: (1px inset #808080)] [r=0 c=1 rs=1 cs=1]
                                              RenderText {#text} at (2,2) size 8x18
                                                text run at (2,2) width 8: "b"
                                            RenderTableCell {TD} at (52,2) size 289x22 [border: (1px inset #808080)] [r=0 c=2 rs=1 cs=1]
                                              RenderText {#text} at (2,2) size 7x18
                                                text run at (2,2) width 7: "c"
                                            RenderTableCell {TD} at (343,2) size 24x22 [border: (1px inset #808080)] [r=0 c=3 rs=1 cs=1]
                                              RenderText {#text} at (2,2) size 8x18
                                                text run at (2,2) width 8: "d"
                                            RenderTableCell {TD} at (369,2) size 24x22 [border: (1px inset #808080)] [r=0 c=4 rs=1 cs=1]
                                              RenderText {#text} at (2,2) size 7x18
                                                text run at (2,2) width 7: "e"
                                          RenderTableRow {TR} at (0,26) size 395x22
                                            RenderTableCell {TD} at (2,26) size 23x22 [border: (1px inset #808080)] [r=1 c=0 rs=1 cs=1]
                                              RenderText {#text} at (2,2) size 5x18
                                                text run at (2,2) width 5: "f"
                                            RenderTableCell {TD} at (27,26) size 23x22 [border: (1px inset #808080)] [r=1 c=1 rs=1 cs=1]
                                              RenderText {#text} at (2,2) size 8x18
                                                text run at (2,2) width 8: "g"
                                            RenderTableCell {TD} at (52,26) size 289x22 [border: (1px inset #808080)] [r=1 c=2 rs=1 cs=1]
                                              RenderText {#text} at (2,2) size 8x18
                                                text run at (2,2) width 8: "h"
                                            RenderTableCell {TD} at (343,26) size 24x22 [border: (1px inset #808080)] [r=1 c=3 rs=1 cs=1]
                                              RenderText {#text} at (2,2) size 4x18
                                                text run at (2,2) width 4: "i"
                                            RenderTableCell {TD} at (369,26) size 24x22 [border: (1px inset #808080)] [r=1 c=4 rs=1 cs=1]
                                              RenderText {#text} at (2,2) size 4x18
                                                text run at (2,2) width 4: "j"
                                          RenderTableRow {TR} at (0,50) size 395x270
                                            RenderTableCell {TD} at (2,174) size 23x22 [border: (1px inset #808080)] [r=2 c=0 rs=1 cs=1]
                                              RenderText {#text} at (2,2) size 8x18
                                                text run at (2,2) width 8: "k"
                                            RenderTableCell {TD} at (27,174) size 23x22 [border: (1px inset #808080)] [r=2 c=1 rs=1 cs=1]
                                              RenderText {#text} at (2,2) size 4x18
                                                text run at (2,2) width 4: "l"
                                            RenderTableCell {TD} at (52,50) size 289x270 [border: (1px inset #808080)] [r=2 c=2 rs=1 cs=1]
                                              RenderTable {TABLE} at (2,2) size 285x248 [bgcolor=#800080] [border: (1px outset #808080)]
                                                RenderTableSection {TBODY} at (1,1) size 283x246
                                                  RenderTableRow {TR} at (0,2) size 283x22
                                                    RenderTableCell {TD} at (2,2) size 25x22 [border: (1px inset #808080)] [r=0 c=0 rs=1 cs=1]
                                                      RenderText {#text} at (2,2) size 7x18
                                                        text run at (2,2) width 7: "a"
                                                    RenderTableCell {TD} at (29,2) size 25x22 [border: (1px inset #808080)] [r=0 c=1 rs=1 cs=1]
                                                      RenderText {#text} at (2,2) size 8x18
                                                        text run at (2,2) width 8: "b"
                                                    RenderTableCell {TD} at (56,2) size 170x22 [border: (1px inset #808080)] [r=0 c=2 rs=1 cs=1]
                                                      RenderText {#text} at (2,2) size 7x18
                                                        text run at (2,2) width 7: "c"
                                                    RenderTableCell {TD} at (228,2) size 25x22 [border: (1px inset #808080)] [r=0 c=3 rs=1 cs=1]
                                                      RenderText {#text} at (2,2) size 8x18
                                                        text run at (2,2) width 8: "d"
                                                    RenderTableCell {TD} at (255,2) size 26x22 [border: (1px inset #808080)] [r=0 c=4 rs=1 cs=1]
                                                      RenderText {#text} at (2,2) size 7x18
                                                        text run at (2,2) width 7: "e"
                                                  RenderTableRow {TR} at (0,26) size 283x22
                                                    RenderTableCell {TD} at (2,26) size 25x22 [border: (1px inset #808080)] [r=1 c=0 rs=1 cs=1]
                                                      RenderText {#text} at (2,2) size 5x18
                                                        text run at (2,2) width 5: "f"
                                                    RenderTableCell {TD} at (29,26) size 25x22 [border: (1px inset #808080)] [r=1 c=1 rs=1 cs=1]
                                                      RenderText {#text} at (2,2) size 8x18
                                                        text run at (2,2) width 8: "g"
                                                    RenderTableCell {TD} at (56,26) size 170x22 [border: (1px inset #808080)] [r=1 c=2 rs=1 cs=1]
                                                      RenderText {#text} at (2,2) size 8x18
                                                        text run at (2,2) width 8: "h"
                                                    RenderTableCell {TD} at (228,26) size 25x22 [border: (1px inset #808080)] [r=1 c=3 rs=1 cs=1]
                                                      RenderText {#text} at (2,2) size 4x18
                                                        text run at (2,2) width 4: "i"
                                                    RenderTableCell {TD} at (255,26) size 26x22 [border: (1px inset #808080)] [r=1 c=4 rs=1 cs=1]
                                                      RenderText {#text} at (2,2) size 4x18
                                                        text run at (2,2) width 4: "j"
                                                  RenderTableRow {TR} at (0,50) size 283x146
                                                    RenderTableCell {TD} at (2,112) size 25x22 [border: (1px inset #808080)] [r=2 c=0 rs=1 cs=1]
                                                      RenderText {#text} at (2,2) size 8x18
                                                        text run at (2,2) width 8: "k"
                                                    RenderTableCell {TD} at (29,112) size 25x22 [border: (1px inset #808080)] [r=2 c=1 rs=1 cs=1]
                                                      RenderText {#text} at (2,2) size 4x18
                                                        text run at (2,2) width 4: "l"
                                                    RenderTableCell {TD} at (56,50) size 170x146 [border: (1px inset #808080)] [r=2 c=2 rs=1 cs=1]
                                                      RenderTable {TABLE} at (2,2) size 166x124 [bgcolor=#FFA500] [border: (1px outset #808080)]
                                                        RenderTableSection {TBODY} at (1,1) size 164x122
                                                          RenderTableRow {TR} at (0,2) size 164x22
                                                            RenderTableCell {TD} at (2,2) size 28x22 [border: (1px inset #808080)] [r=0 c=0 rs=1 cs=1]
                                                              RenderText {#text} at (2,2) size 7x18
                                                                text run at (2,2) width 7: "a"
                                                            RenderTableCell {TD} at (32,2) size 28x22 [border: (1px inset #808080)] [r=0 c=1 rs=1 cs=1]
                                                              RenderText {#text} at (2,2) size 8x18
                                                                text run at (2,2) width 8: "b"
                                                            RenderTableCell {TD} at (62,2) size 38x22 [border: (1px inset #808080)] [r=0 c=2 rs=1 cs=1]
                                                              RenderText {#text} at (2,2) size 7x18
                                                                text run at (2,2) width 7: "c"
                                                            RenderTableCell {TD} at (102,2) size 29x22 [border: (1px inset #808080)] [r=0 c=3 rs=1 cs=1]
                                                              RenderText {#text} at (2,2) size 8x18
                                                                text run at (2,2) width 8: "d"
                                                            RenderTableCell {TD} at (133,2) size 29x22 [border: (1px inset #808080)] [r=0 c=4 rs=1 cs=1]
                                                              RenderText {#text} at (2,2) size 7x18
                                                                text run at (2,2) width 7: "e"
                                                          RenderTableRow {TR} at (0,26) size 164x22
                                                            RenderTableCell {TD} at (2,26) size 28x22 [border: (1px inset #808080)] [r=1 c=0 rs=1 cs=1]
                                                              RenderText {#text} at (2,2) size 5x18
                                                                text run at (2,2) width 5: "f"
                                                            RenderTableCell {TD} at (32,26) size 28x22 [border: (1px inset #808080)] [r=1 c=1 rs=1 cs=1]
                                                              RenderText {#text} at (2,2) size 8x18
                                                                text run at (2,2) width 8: "g"
                                                            RenderTableCell {TD} at (62,26) size 38x22 [border: (1px inset #808080)] [r=1 c=2 rs=1 cs=1]
                                                              RenderText {#text} at (2,2) size 8x18
                                                                text run at (2,2) width 8: "h"
                                                            RenderTableCell {TD} at (102,26) size 29x22 [border: (1px inset #808080)] [r=1 c=3 rs=1 cs=1]
                                                              RenderText {#text} at (2,2) size 4x18
                                                                text run at (2,2) width 4: "i"
                                                            RenderTableCell {TD} at (133,26) size 29x22 [border: (1px inset #808080)] [r=1 c=4 rs=1 cs=1]
                                                              RenderText {#text} at (2,2) size 4x18
                                                                text run at (2,2) width 4: "j"
                                                          RenderTableRow {TR} at (0,50) size 164x22
                                                            RenderTableCell {TD} at (2,50) size 28x22 [border: (1px inset #808080)] [r=2 c=0 rs=1 cs=1]
                                                              RenderText {#text} at (2,2) size 8x18
                                                                text run at (2,2) width 8: "k"
                                                            RenderTableCell {TD} at (32,50) size 28x22 [border: (1px inset #808080)] [r=2 c=1 rs=1 cs=1]
                                                              RenderText {#text} at (2,2) size 4x18
                                                                text run at (2,2) width 4: "l"
                                                            RenderTableCell {TD} at (62,50) size 38x22 [border: (1px inset #808080)] [r=2 c=2 rs=1 cs=1]
                                                              RenderText {#text} at (2,2) size 12x18
                                                                text run at (2,2) width 12: "m"
                                                            RenderTableCell {TD} at (102,50) size 29x22 [border: (1px inset #808080)] [r=2 c=3 rs=1 cs=1]
                                                              RenderText {#text} at (2,2) size 8x18
                                                                text run at (2,2) width 8: "n"
                                                            RenderTableCell {TD} at (133,50) size 29x22 [border: (1px inset #808080)] [r=2 c=4 rs=1 cs=1]
                                                              RenderText {#text} at (2,2) size 8x18
                                                                text run at (2,2) width 8: "o"
                                                          RenderTableRow {TR} at (0,74) size 164x22
                                                            RenderTableCell {TD} at (2,74) size 28x22 [border: (1px inset #808080)] [r=3 c=0 rs=1 cs=1]
                                                              RenderText {#text} at (2,2) size 8x18
                                                                text run at (2,2) width 8: "p"
                                                            RenderTableCell {TD} at (32,74) size 28x22 [border: (1px inset #808080)] [r=3 c=1 rs=1 cs=1]
                                                              RenderText {#text} at (2,2) size 8x18
                                                                text run at (2,2) width 8: "q"
                                                            RenderTableCell {TD} at (62,74) size 38x22 [border: (1px inset #808080)] [r=3 c=2 rs=1 cs=1]
                                                              RenderText {#text} at (2,2) size 5x18
                                                                text run at (2,2) width 5: "r"
                                                            RenderTableCell {TD} at (102,74) size 29x22 [border: (1px inset #808080)] [r=3 c=3 rs=1 cs=1]
                                                              RenderText {#text} at (2,2) size 6x18
                                                                text run at (2,2) width 6: "s"
                                                            RenderTableCell {TD} at (133,74) size 29x22 [border: (1px inset #808080)] [r=3 c=4 rs=1 cs=1]
                                                              RenderText {#text} at (2,2) size 4x18
                                                                text run at (2,2) width 4: "t"
                                                          RenderTableRow {TR} at (0,98) size 164x22
                                                            RenderTableCell {TD} at (2,98) size 28x22 [border: (1px inset #808080)] [r=4 c=0 rs=1 cs=1]
                                                              RenderText {#text} at (2,2) size 8x18
                                                                text run at (2,2) width 8: "u"
                                                            RenderTableCell {TD} at (32,98) size 28x22 [border: (1px inset #808080)] [r=4 c=1 rs=1 cs=1]
                                                              RenderText {#text} at (2,2) size 8x18
                                                                text run at (2,2) width 8: "v"
                                                            RenderTableCell {TD} at (62,98) size 38x22 [border: (1px inset #808080)] [r=4 c=2 rs=1 cs=1]
                                                              RenderText {#text} at (2,2) size 12x18
                                                                text run at (2,2) width 12: "w"
                                                            RenderTableCell {TD} at (102,98) size 29x22 [border: (1px inset #808080)] [r=4 c=3 rs=1 cs=1]
                                                              RenderText {#text} at (2,2) size 8x18
                                                                text run at (2,2) width 8: "x"
                                                            RenderTableCell {TD} at (133,98) size 29x22 [border: (1px inset #808080)] [r=4 c=4 rs=1 cs=1]
                                                              RenderText {#text} at (2,2) size 8x18
                                                                text run at (2,2) width 8: "y"
                                                      RenderBlock (anonymous) at (2,126) size 166x18
                                                        RenderText {#text} at (0,0) size 4x18
                                                          text run at (0,0) width 4: " "
                                                    RenderTableCell {TD} at (228,112) size 25x22 [border: (1px inset #808080)] [r=2 c=3 rs=1 cs=1]
                                                      RenderText {#text} at (2,2) size 8x18
                                                        text run at (2,2) width 8: "n"
                                                    RenderTableCell {TD} at (255,112) size 26x22 [border: (1px inset #808080)] [r=2 c=4 rs=1 cs=1]
                                                      RenderText {#text} at (2,2) size 8x18
                                                        text run at (2,2) width 8: "o"
                                                  RenderTableRow {TR} at (0,198) size 283x22
                                                    RenderTableCell {TD} at (2,198) size 25x22 [border: (1px inset #808080)] [r=3 c=0 rs=1 cs=1]
                                                      RenderText {#text} at (2,2) size 8x18
                                                        text run at (2,2) width 8: "p"
                                                    RenderTableCell {TD} at (29,198) size 25x22 [border: (1px inset #808080)] [r=3 c=1 rs=1 cs=1]
                                                      RenderText {#text} at (2,2) size 8x18
                                                        text run at (2,2) width 8: "q"
                                                    RenderTableCell {TD} at (56,198) size 170x22 [border: (1px inset #808080)] [r=3 c=2 rs=1 cs=1]
                                                      RenderText {#text} at (2,2) size 5x18
                                                        text run at (2,2) width 5: "r"
                                                    RenderTableCell {TD} at (228,198) size 25x22 [border: (1px inset #808080)] [r=3 c=3 rs=1 cs=1]
                                                      RenderText {#text} at (2,2) size 6x18
                                                        text run at (2,2) width 6: "s"
                                                    RenderTableCell {TD} at (255,198) size 26x22 [border: (1px inset #808080)] [r=3 c=4 rs=1 cs=1]
                                                      RenderText {#text} at (2,2) size 4x18
                                                        text run at (2,2) width 4: "t"
                                                  RenderTableRow {TR} at (0,222) size 283x22
                                                    RenderTableCell {TD} at (2,222) size 25x22 [border: (1px inset #808080)] [r=4 c=0 rs=1 cs=1]
                                                      RenderText {#text} at (2,2) size 8x18
                                                        text run at (2,2) width 8: "u"
                                                    RenderTableCell {TD} at (29,222) size 25x22 [border: (1px inset #808080)] [r=4 c=1 rs=1 cs=1]
                                                      RenderText {#text} at (2,2) size 8x18
                                                        text run at (2,2) width 8: "v"
                                                    RenderTableCell {TD} at (56,222) size 170x22 [border: (1px inset #808080)] [r=4 c=2 rs=1 cs=1]
                                                      RenderText {#text} at (2,2) size 12x18
                                                        text run at (2,2) width 12: "w"
                                                    RenderTableCell {TD} at (228,222) size 25x22 [border: (1px inset #808080)] [r=4 c=3 rs=1 cs=1]
                                                      RenderText {#text} at (2,2) size 8x18
                                                        text run at (2,2) width 8: "x"
                                                    RenderTableCell {TD} at (255,222) size 26x22 [border: (1px inset #808080)] [r=4 c=4 rs=1 cs=1]
                                                      RenderText {#text} at (2,2) size 8x18
                                                        text run at (2,2) width 8: "y"
                                              RenderBlock (anonymous) at (2,250) size 285x18
                                                RenderText {#text} at (0,0) size 4x18
                                                  text run at (0,0) width 4: " "
                                            RenderTableCell {TD} at (343,174) size 24x22 [border: (1px inset #808080)] [r=2 c=3 rs=1 cs=1]
                                              RenderText {#text} at (2,2) size 8x18
                                                text run at (2,2) width 8: "n"
                                            RenderTableCell {TD} at (369,174) size 24x22 [border: (1px inset #808080)] [r=2 c=4 rs=1 cs=1]
                                              RenderText {#text} at (2,2) size 8x18
                                                text run at (2,2) width 8: "o"
                                          RenderTableRow {TR} at (0,322) size 395x22
                                            RenderTableCell {TD} at (2,322) size 23x22 [border: (1px inset #808080)] [r=3 c=0 rs=1 cs=1]
                                              RenderText {#text} at (2,2) size 8x18
                                                text run at (2,2) width 8: "p"
                                            RenderTableCell {TD} at (27,322) size 23x22 [border: (1px inset #808080)] [r=3 c=1 rs=1 cs=1]
                                              RenderText {#text} at (2,2) size 8x18
                                                text run at (2,2) width 8: "q"
                                            RenderTableCell {TD} at (52,322) size 289x22 [border: (1px inset #808080)] [r=3 c=2 rs=1 cs=1]
                                              RenderText {#text} at (2,2) size 5x18
                                                text run at (2,2) width 5: "r"
                                            RenderTableCell {TD} at (343,322) size 24x22 [border: (1px inset #808080)] [r=3 c=3 rs=1 cs=1]
                                              RenderText {#text} at (2,2) size 6x18
                                                text run at (2,2) width 6: "s"
                                            RenderTableCell {TD} at (369,322) size 24x22 [border: (1px inset #808080)] [r=3 c=4 rs=1 cs=1]
                                              RenderText {#text} at (2,2) size 4x18
                                                text run at (2,2) width 4: "t"
                                          RenderTableRow {TR} at (0,346) size 395x22
                                            RenderTableCell {TD} at (2,346) size 23x22 [border: (1px inset #808080)] [r=4 c=0 rs=1 cs=1]
                                              RenderText {#text} at (2,2) size 8x18
                                                text run at (2,2) width 8: "u"
                                            RenderTableCell {TD} at (27,346) size 23x22 [border: (1px inset #808080)] [r=4 c=1 rs=1 cs=1]
                                              RenderText {#text} at (2,2) size 8x18
                                                text run at (2,2) width 8: "v"
                                            RenderTableCell {TD} at (52,346) size 289x22 [border: (1px inset #808080)] [r=4 c=2 rs=1 cs=1]
                                              RenderText {#text} at (2,2) size 12x18
                                                text run at (2,2) width 12: "w"
                                            RenderTableCell {TD} at (343,346) size 24x22 [border: (1px inset #808080)] [r=4 c=3 rs=1 cs=1]
                                              RenderText {#text} at (2,2) size 8x18
                                                text run at (2,2) width 8: "x"
                                            RenderTableCell {TD} at (369,346) size 24x22 [border: (1px inset #808080)] [r=4 c=4 rs=1 cs=1]
                                              RenderText {#text} at (2,2) size 8x18
                                                text run at (2,2) width 8: "y"
                                      RenderBlock (anonymous) at (2,374) size 397x18
                                        RenderText {#text} at (0,0) size 4x18
                                          text run at (0,0) width 4: " "
                                    RenderTableCell {TD} at (453,212) size 23x22 [border: (1px inset #808080)] [r=1 c=3 rs=1 cs=1]
                                      RenderText {#text} at (2,2) size 8x18
                                        text run at (2,2) width 8: "9"
                                    RenderTableCell {TD} at (478,212) size 23x22 [border: (1px inset #808080)] [r=1 c=4 rs=1 cs=1]
                                      RenderText {#text} at (2,2) size 8x18
                                        text run at (2,2) width 8: "0"
                                  RenderTableRow {TR} at (0,422) size 503x22
                                    RenderTableCell {TD} at (2,422) size 22x22 [border: (1px inset #808080)] [r=2 c=0 rs=1 cs=1]
                                      RenderText {#text} at (2,2) size 7x18
                                        text run at (2,2) width 7: "a"
                                    RenderTableCell {TD} at (26,422) size 22x22 [border: (1px inset #808080)] [r=2 c=1 rs=1 cs=1]
                                      RenderText {#text} at (2,2) size 8x18
                                        text run at (2,2) width 8: "b"
                                    RenderTableCell {TD} at (50,422) size 401x22 [border: (1px inset #808080)] [r=2 c=2 rs=1 cs=1]
                                      RenderText {#text} at (2,2) size 7x18
                                        text run at (2,2) width 7: "c"
                                    RenderTableCell {TD} at (453,422) size 23x22 [border: (1px inset #808080)] [r=2 c=3 rs=1 cs=1]
                                      RenderText {#text} at (2,2) size 8x18
                                        text run at (2,2) width 8: "d"
                                    RenderTableCell {TD} at (478,422) size 23x22 [border: (1px inset #808080)] [r=2 c=4 rs=1 cs=1]
                                      RenderText {#text} at (2,2) size 7x18
                                        text run at (2,2) width 7: "e"
                                  RenderTableRow {TR} at (0,446) size 503x22
                                    RenderTableCell {TD} at (2,446) size 22x22 [border: (1px inset #808080)] [r=3 c=0 rs=1 cs=1]
                                      RenderText {#text} at (2,2) size 5x18
                                        text run at (2,2) width 5: "f"
                                    RenderTableCell {TD} at (26,446) size 22x22 [border: (1px inset #808080)] [r=3 c=1 rs=1 cs=1]
                                      RenderText {#text} at (2,2) size 8x18
                                        text run at (2,2) width 8: "g"
                                    RenderTableCell {TD} at (50,446) size 401x22 [border: (1px inset #808080)] [r=3 c=2 rs=1 cs=1]
                                      RenderText {#text} at (2,2) size 8x18
                                        text run at (2,2) width 8: "h"
                                    RenderTableCell {TD} at (453,446) size 23x22 [border: (1px inset #808080)] [r=3 c=3 rs=1 cs=1]
                                      RenderText {#text} at (2,2) size 4x18
                                        text run at (2,2) width 4: "i"
                                    RenderTableCell {TD} at (478,446) size 23x22 [border: (1px inset #808080)] [r=3 c=4 rs=1 cs=1]
                                      RenderText {#text} at (2,2) size 4x18
                                        text run at (2,2) width 4: "j"
                                  RenderTableRow {TR} at (0,470) size 503x22
                                    RenderTableCell {TD} at (2,470) size 22x22 [border: (1px inset #808080)] [r=4 c=0 rs=1 cs=1]
                                      RenderText {#text} at (2,2) size 8x18
                                        text run at (2,2) width 8: "k"
                                    RenderTableCell {TD} at (26,470) size 22x22 [border: (1px inset #808080)] [r=4 c=1 rs=1 cs=1]
                                      RenderText {#text} at (2,2) size 4x18
                                        text run at (2,2) width 4: "l"
                                    RenderTableCell {TD} at (50,470) size 401x22 [border: (1px inset #808080)] [r=4 c=2 rs=1 cs=1]
                                      RenderText {#text} at (2,2) size 12x18
                                        text run at (2,2) width 12: "m"
                                    RenderTableCell {TD} at (453,470) size 23x22 [border: (1px inset #808080)] [r=4 c=3 rs=1 cs=1]
                                      RenderText {#text} at (2,2) size 8x18
                                        text run at (2,2) width 8: "n"
                                    RenderTableCell {TD} at (478,470) size 23x22 [border: (1px inset #808080)] [r=4 c=4 rs=1 cs=1]
                                      RenderText {#text} at (2,2) size 8x18
                                        text run at (2,2) width 8: "o"
                              RenderBlock (anonymous) at (2,498) size 505x18
                                RenderText {#text} at (0,0) size 4x18
                                  text run at (0,0) width 4: " "
                            RenderTableCell {TD} at (536,250) size 22x22 [border: (1px inset #808080)] [r=0 c=2 rs=1 cs=1]
                              RenderText {#text} at (2,2) size 8x18
                                text run at (2,2) width 8: "3"
                          RenderTableRow {TR} at (0,522) size 560x22
                            RenderTableCell {TD} at (2,522) size 21x22 [border: (1px inset #808080)] [r=1 c=0 rs=1 cs=1]
                              RenderText {#text} at (2,2) size 8x18
                                text run at (2,2) width 8: "4"
                            RenderTableCell {TD} at (25,522) size 509x22 [border: (1px inset #808080)] [r=1 c=1 rs=1 cs=1]
                              RenderText {#text} at (2,2) size 8x18
                                text run at (2,2) width 8: "5"
                            RenderTableCell {TD} at (536,522) size 22x22 [border: (1px inset #808080)] [r=1 c=2 rs=1 cs=1]
                              RenderText {#text} at (2,2) size 8x18
                                text run at (2,2) width 8: "6"
                          RenderTableRow {TR} at (0,546) size 560x22
                            RenderTableCell {TD} at (2,546) size 21x22 [border: (1px inset #808080)] [r=2 c=0 rs=1 cs=1]
                              RenderText {#text} at (2,2) size 8x18
                                text run at (2,2) width 8: "7"
                            RenderTableCell {TD} at (25,546) size 509x22 [border: (1px inset #808080)] [r=2 c=1 rs=1 cs=1]
                              RenderText {#text} at (2,2) size 8x18
                                text run at (2,2) width 8: "8"
                            RenderTableCell {TD} at (536,546) size 22x22 [border: (1px inset #808080)] [r=2 c=2 rs=1 cs=1]
                              RenderText {#text} at (2,2) size 8x18
                                text run at (2,2) width 8: "9"
                      RenderBlock (anonymous) at (1,573) size 562x18
                        RenderText {#text} at (0,0) size 4x18
                          text run at (0,0) width 4: " "
                    RenderTableCell {TD} at (587,310) size 18x20 [r=1 c=2 rs=1 cs=1]
                      RenderText {#text} at (1,1) size 8x18
                        text run at (1,1) width 8: "6"
                  RenderTableRow {TR} at (0,618) size 607x20
                    RenderTableCell {TD} at (2,618) size 17x20 [r=2 c=0 rs=1 cs=1]
                      RenderText {#text} at (1,1) size 8x18
                        text run at (1,1) width 8: "7"
                    RenderTableCell {TD} at (21,618) size 564x20 [r=2 c=1 rs=1 cs=1]
                      RenderText {#text} at (1,1) size 8x18
                        text run at (1,1) width 8: "8"
                    RenderTableCell {TD} at (587,618) size 18x20 [r=2 c=2 rs=1 cs=1]
                      RenderText {#text} at (1,1) size 8x18
                        text run at (1,1) width 8: "9"
              RenderBlock (anonymous) at (2,642) size 607x18
                RenderText {#text} at (0,0) size 4x18
                  text run at (0,0) width 4: " "
            RenderTableCell {TD} at (615,370) size 74x22 [border: (1px inset #808080)] [r=2 c=1 rs=1 cs=1]
              RenderText {#text} at (2,2) size 8x18
                text run at (2,2) width 8: "8"
            RenderTableCell {TD} at (691,370) size 74x22 [border: (1px inset #808080)] [r=2 c=2 rs=1 cs=1]
              RenderText {#text} at (2,2) size 8x18
                text run at (2,2) width 8: "9"
