layer at (0,0) size 800x600
  RenderView at (0,0) size 800x600
layer at (0,0) size 800x360
  RenderBlock {HTML} at (0,0) size 800x360
    RenderBody {BODY} at (8,16) size 784x336
      RenderBlock {P} at (0,0) size 784x18
        RenderText {#text} at (0,0) size 379x18
          text run at (0,0) width 379: "The top left box, and all reflections should be rotated 45deg."
      RenderBlock {DIV} at (0,300) size 784x36
        RenderText {#text} at (0,0) size 782x36
          text run at (0,0) width 782: "FAIL - \"webkitTransform.0\" property for \"animated\" element at 0.5s expected: 0.76 but saw: matrix(0.4525653383899637,"
          text run at (0,18) width 478: "0.8917312456609209, -0.8917312456609209, 0.4525653383899637, 0, 0)"
        RenderBR {BR} at (478,18) size 0x18
layer at (28,54) size 122x242
  RenderBlock {DIV} at (20,38) size 122x242 [border: (1px solid #000000)]
layer at (39,65) size 104x104
  RenderBlock {DIV} at (11,11) size 104x104 [border: (2px solid #0000FF)]
layer at (51,77) size 80x80
  RenderBlock {DIV} at (12,12) size 80x80 [bgcolor=#008000]
