layer at (0,0) size 800x600
  RenderView at (0,0) size 800x600
layer at (0,0) size 800x350
  RenderBlock {HTML} at (0,0) size 800x350
    RenderBody {BODY} at (8,16) size 784x326
      RenderBlock {P} at (0,0) size 784x18
        RenderText {#text} at (0,0) size 633x18
          text run at (0,0) width 633: "Animation on original and reflection should both be paused half way through, giving 45deg rotation."
      RenderBlock {DIV} at (0,290) size 784x36
        RenderText {#text} at (0,0) size 757x36
          text run at (0,0) width 757: "FAIL - \"webkitTransform.0\" property for \"inner\" element at 0.5s expected: 0.76 but saw: matrix(0.3404590569666215,"
          text run at (0,18) width 478: "0.9402593421654468, -0.9402593421654468, 0.3404590569666215, 0, 0)"
        RenderBR {BR} at (478,18) size 0x18
layer at (108,54) size 122x232
  RenderBlock {DIV} at (100,38) size 122x232 [border: (1px solid #000000)]
layer at (119,65) size 100x100
  RenderBlock {DIV} at (11,11) size 100x100 [bgcolor=#008000]
    RenderText {#text} at (33,0) size 34x77
      text run at (33,0) width 34: "1"
