layer at (0,0) size 800x600
  RenderView at (0,0) size 800x600
layer at (0,0) size 800x600
  RenderBlock {HTML} at (0,0) size 800x600
    RenderBody {BODY} at (8,8) size 784x584
      RenderBlock {P} at (0,0) size 784x63
        RenderText {#text} at (0,0) size 767x63
          text run at (0,0) width 549: "This tests for a bug where indented text would appear quoted in GoogleDocs. "
          text run at (549,0) width 218: "Google docs uses blockquotes"
          text run at (0,21) width 719: "and FormatBlock to implement a \"Quote Text\" feature, and style rules for blockquotes appeared on the"
          text run at (0,42) width 340: "blockquotes that we use to implement indenting."
      RenderBlock {DIV} at (0,79) size 784x68
        RenderBlock {BLOCKQUOTE} at (40,0) size 744x21
          RenderBlock {DIV} at (0,0) size 744x21
            RenderText {#text} at (0,0) size 258x21
              text run at (0,0) width 258: "This should be indented, not quoted."
        RenderBlock {BLOCKQUOTE} at (8,29) size 768x39 [border: (1px dashed #AAAAAA)]
          RenderText {#text} at (9,9) size 194x21
            text run at (9,9) width 194: "This text should be Quoted."
caret: position 0 of child 0 {#text} of child 0 {DIV} of child 1 {BLOCKQUOTE} of child 3 {DIV} of body
