layer at (0,0) size 800x600
  RenderView at (0,0) size 800x600
layer at (0,0) size 800x600
  RenderBlock {HTML} at (0,0) size 800x600
    RenderBody {BODY} at (8,8) size 784x584
      RenderBlock {P} at (0,0) size 784x42
        RenderText {#text} at (0,0) size 761x42
          text run at (0,0) width 454: "This tests for a hang when indenting a fully selected table twice. "
          text run at (454,0) width 307: "You should see a twice indented table, with"
          text run at (0,21) width 119: "four cells, below."
      RenderBlock {DIV} at (0,58) size 784x58
        RenderBlock {BLOCKQUOTE} at (40,0) size 744x58
          RenderBlock {BLOCKQUOTE} at (40,0) size 704x58
            RenderTable {TABLE} at (0,0) size 91x58 [border: (1px outset #808080)]
              RenderTableSection {TBODY} at (1,1) size 89x56
                RenderTableRow {TR} at (0,2) size 89x25
                  RenderTableCell {TD} at (2,2) size 46x25 [border: (1px inset #808080)] [r=0 c=0 rs=1 cs=1]
                    RenderText {#text} at (2,2) size 30x21
                      text run at (2,2) width 30: "One"
                  RenderTableCell {TD} at (50,2) size 37x25 [border: (1px inset #808080)] [r=0 c=1 rs=1 cs=1]
                    RenderText {#text} at (2,2) size 31x21
                      text run at (2,2) width 31: "Two"
                RenderTableRow {TR} at (0,29) size 89x25
                  RenderTableCell {TD} at (2,29) size 46x25 [border: (1px inset #808080)] [r=1 c=0 rs=1 cs=1]
                    RenderText {#text} at (2,2) size 42x21
                      text run at (2,2) width 42: "Three"
                  RenderTableCell {TD} at (50,29) size 37x25 [border: (1px inset #808080)] [r=1 c=1 rs=1 cs=1]
                    RenderText {#text} at (2,2) size 33x21
                      text run at (2,2) width 33: "Four"
        RenderBlock (anonymous) at (0,58) size 784x0
selection start: position 0 of child 0 {TABLE} of child 0 {BLOCKQUOTE} of child 1 {BLOCKQUOTE} of child 2 {DIV} of body
selection end:   position 2 of child 0 {TABLE} of child 0 {BLOCKQUOTE} of child 1 {BLOCKQUOTE} of child 2 {DIV} of body
