layer at (0,0) size 800x600
  RenderView at (0,0) size 800x600
layer at (0,0) size 800x600
  RenderBlock {HTML} at (0,0) size 800x600
    RenderBody {BODY} at (8,8) size 784x571
      RenderBlock {H1} at (0,0) size 784x126
        RenderText {#text} at (0,0) size 784x126
          text run at (0,0) width 598: "This tests for a bug when performing a"
          text run at (598,0) width 9: " "
          text run at (0,42) width 783: "FormatBlock inside a body with no visible content."
          text run at (783,42) width 1: "  "
          text run at (0,84) width 634: "This text should be inside an h1 element."
caret: position 132 of child 0 {#text} of child 0 {H1} of body
