layer at (0,0) size 800x600
  RenderView at (0,0) size 800x600
layer at (0,0) size 800x600
  RenderBlock {HTML} at (0,0) size 800x600
    RenderBody {BODY} at (8,8) size 784x576
      RenderBlock {P} at (0,0) size 784x21
        RenderText {#text} at (0,0) size 754x21
          text run at (0,0) width 754: "This tests for a bug where hitting return inside an empty paragraph in a non-empty list item would remove it."
      RenderBlock {DIV} at (0,37) size 784x63
        RenderBlock {UL} at (0,0) size 784x63
          RenderListItem {LI} at (40,0) size 744x42
            RenderListMarker at (-18,0) size 7x21: bullet
            RenderText {#text} at (0,0) size 22x21
              text run at (0,0) width 22: "foo"
            RenderBR {BR} at (22,16) size 0x0
            RenderBR {BR} at (0,21) size 0x21
          RenderListItem {LI} at (40,42) size 744x21
            RenderListMarker at (-18,0) size 7x21: bullet
            RenderBR {BR} at (0,0) size 0x21
caret: position 0 of child 0 {BR} of child 1 {LI} of child 1 {UL} of child 2 {DIV} of body
