EDITING DELEGATE: shouldBeginEditingInDOMRange:range from 0 of DIV > BODY > HTML > #document to 3 of DIV > BODY > HTML > #document
EDITING DELEGATE: webViewDidBeginEditing:WebViewDidBeginEditingNotification
EDITING DELEGATE: webViewDidChangeSelection:WebViewDidChangeSelectionNotification
EDITING DELEGATE: webViewDidChangeSelection:WebViewDidChangeSelectionNotification
EDITING DELEGATE: shouldChangeSelectedDOMRange:(null) toDOMRange:range from 0 of LI > UL > UL > DIV > BODY > HTML > #document to 0 of LI > UL > UL > DIV > BODY > HTML > #document affinity:NSSelectionAffinityDownstream stillSelecting:FALSE
EDITING DELEGATE: webViewDidChangeSelection:WebViewDidChangeSelectionNotification
EDITING DELEGATE: webViewDidChange:WebViewDidChangeNotification
layer at (0,0) size 800x600
  RenderView at (0,0) size 800x600
layer at (0,0) size 800x600
  RenderBlock {HTML} at (0,0) size 800x600
    RenderBody {BODY} at (8,8) size 784x576
      RenderBlock {DIV} at (0,0) size 784x22
        RenderText {#text} at (0,0) size 398x22
          text run at (0,0) width 398: "This test uses the execCommand to Outdent the text below."
      RenderBlock (anonymous) at (0,22) size 784x22
        RenderBR {BR} at (0,0) size 0x22
      RenderBlock {DIV} at (0,60) size 784x66
        RenderBlock {UL} at (0,0) size 784x66
          RenderListItem {LI} at (40,0) size 744x22
            RenderListMarker at (-18,0) size 7x22: bullet
            RenderText {#text} at (0,0) size 26x22
              text run at (0,0) width 26: "Foo"
          RenderBlock {UL} at (40,22) size 744x22
            RenderListItem {LI} at (40,0) size 704x22
              RenderListMarker at (-18,0) size 7x22: white bullet
              RenderText {#text} at (0,0) size 26x22
                text run at (0,0) width 26: "Bar"
          RenderListItem {LI} at (40,44) size 744x22
            RenderListMarker at (-18,0) size 7x22: bullet
            RenderText {#text} at (0,0) size 26x22
              text run at (0,0) width 26: "Baz"
caret: position 0 of child 0 {#text} of child 0 {LI} of child 3 {UL} of child 1 {UL} of child 4 {DIV} of body
