EDITING DELEGATE: shouldBeginEditingInDOMRange:range from 0 of DIV > BODY > HTML > #document to 12 of DIV > BODY > HTML > #document
EDITING DELEGATE: webViewDidBeginEditing:WebViewDidBeginEditingNotification
EDITING DELEGATE: webViewDidChangeSelection:WebViewDidChangeSelectionNotification
EDITING DELEGATE: webViewDidChangeSelection:WebViewDidChangeSelectionNotification
EDITING DELEGATE: webViewDidChangeSelection:WebViewDidChangeSelectionNotification
EDITING DELEGATE: webViewDidChange:WebViewDidChangeNotification
layer at (0,0) size 800x600
  RenderView at (0,0) size 800x600
layer at (0,0) size 800x600
  RenderBlock {HTML} at (0,0) size 800x600
    RenderBody {BODY} at (8,8) size 784x584
      RenderBlock {DIV} at (0,0) size 784x44
        RenderText {#text} at (0,0) size 402x22
          text run at (0,0) width 402: "This test uses the execCommand to Outdent the text below. "
        RenderInline {B} at (0,0) size 773x44
          RenderText {#text} at (402,0) size 773x44
            text run at (402,0) width 371: "This demonstrates a bug: the content in the blockquote"
            text run at (0,22) width 279: "that's not in a list is pulled out of position."
      RenderBlock (anonymous) at (0,44) size 784x22
        RenderBR {BR} at (0,0) size 0x22
      RenderBlock {DIV} at (0,66) size 784x252
        RenderBlock (anonymous) at (0,0) size 784x44
          RenderInline {SPAN} at (0,0) size 46x22
            RenderText {#text} at (0,0) size 46x22
              text run at (0,0) width 46: "Lorem"
          RenderBR {BR} at (46,16) size 0x0
          RenderText {#text} at (0,22) size 90x22
            text run at (0,22) width 90: "more Lorem!"
        RenderBlock {BLOCKQUOTE} at (40,44) size 744x0
        RenderBlock (anonymous) at (0,44) size 784x22
          RenderText {#text} at (0,0) size 41x22
            text run at (0,0) width 41: "ipsum"
          RenderBR {BR} at (41,16) size 0x0
        RenderBlock {BLOCKQUOTE} at (40,66) size 744x66
          RenderBlock (anonymous) at (0,0) size 744x66
            RenderText {#text} at (0,0) size 26x22
              text run at (0,0) width 26: "Foo"
            RenderBR {BR} at (26,16) size 0x0
            RenderText {#text} at (0,22) size 26x22
              text run at (0,22) width 26: "Bar"
            RenderBR {BR} at (26,38) size 0x0
            RenderText {#text} at (0,44) size 26x22
              text run at (0,44) width 26: "Baz"
            RenderBR {BR} at (26,60) size 0x0
          RenderBlock {UL} at (0,82) size 744x0
        RenderBlock (anonymous) at (0,148) size 784x44
          RenderText {#text} at (0,0) size 39x22
            text run at (0,0) width 39: "Dolor"
          RenderBR {BR} at (39,16) size 0x0
          RenderText {#text} at (0,22) size 89x22
            text run at (0,22) width 89: "Dinner time?"
          RenderBR {BR} at (89,38) size 0x0
        RenderBlock {UL} at (0,208) size 784x0
        RenderBlock (anonymous) at (0,208) size 784x44
          RenderText {#text} at (0,0) size 36x22
            text run at (0,0) width 36: "Sum!"
          RenderBR {BR} at (36,16) size 0x0
          RenderInline {SPAN} at (0,0) size 41x22
            RenderText {#text} at (0,22) size 41x22
              text run at (0,22) width 41: "Thing"
          RenderText {#text} at (0,0) size 0x0
selection start: position 0 of child 0 {#text} of child 1 {SPAN} of child 4 {DIV} of body
selection end:   position 5 of child 0 {#text} of child 17 {SPAN} of child 4 {DIV} of body
