EDITING DELEGATE: shouldBeginEditingInDOMRange:range from 0 of DIV > BODY > HTML > #document to 2 of DIV > BODY > HTML > #document
EDITING DELEGATE: webViewDidBeginEditing:WebViewDidBeginEditingNotification
EDITING DELEGATE: webViewDidChangeSelection:WebViewDidChangeSelectionNotification
EDITING DELEGATE: shouldChangeSelectedDOMRange:range from 6 of DIV > BODY > HTML > #document to 6 of DIV > BODY > HTML > #document toDOMRange:range from 2 of #text > DIV > BODY > HTML > #document to 2 of #text > DIV > BODY > HTML > #document affinity:NSSelectionAffinityDownstream stillSelecting:FALSE
EDITING DELEGATE: webViewDidChangeSelection:WebViewDidChangeSelectionNotification
EDITING DELEGATE: webViewDidChange:WebViewDidChangeNotification
layer at (0,0) size 800x600
  RenderView at (0,0) size 800x600
layer at (0,0) size 800x600
  RenderBlock {HTML} at (0,0) size 800x600
    RenderBody {BODY} at (8,8) size 784x576
      RenderBlock {P} at (0,0) size 784x22
        RenderText {#text} at (0,0) size 563x22
          text run at (0,0) width 563: "This tests Insert{Un}OrderedList on a range selection that is entirely within one list."
      RenderBlock {DIV} at (0,38) size 784x126
        RenderBlock (anonymous) at (0,0) size 784x88
          RenderText {#text} at (0,0) size 78x22
            text run at (0,0) width 78: "None of the"
          RenderBR {BR} at (78,16) size 0x0
          RenderText {#text} at (0,22) size 106x22
            text run at (0,22) width 106: "selected content"
          RenderBR {BR} at (106,38) size 0x0
          RenderText {#text} at (0,44) size 65x22
            text run at (0,44) width 65: "should be"
          RenderBR {BR} at (65,60) size 0x0
          RenderText {#text} at (0,66) size 52x22
            text run at (0,66) width 52: "in a list."
          RenderBR {BR} at (52,82) size 0x0
        RenderBlock {OL} at (0,104) size 784x22
          RenderListItem {LI} at (40,0) size 744x22
            RenderListMarker at (-21,0) size 16x22: "1"
            RenderText {#text} at (0,0) size 336x22
              text run at (0,0) width 336: "This should be in a list and should not be selected."
selection start: position 2 of child 0 {#text} of child 2 {DIV} of body
selection end:   position 2 of child 6 {#text} of child 2 {DIV} of body
