layer at (0,0) size 785x3404
  RenderView at (0,0) size 785x600
layer at (0,0) size 785x3404
  RenderBlock {HTML} at (0,0) size 785x3404
    RenderBody {BODY} at (8,16) size 769x3372
layer at (8,16) size 760x383
  RenderBlock {DIV} at (0,0) size 760x383 [border: (5px solid #800000)]
    RenderBlock (anonymous multi-column span) at (5,5) size 750x66
      RenderBlock {H2} at (0,19) size 750x28 [bgcolor=#EEEEEE]
        RenderText {#text} at (0,0) size 664x28
          text run at (0,0) width 664: "This is a spanning element at the beginning of the columns block."
layer at (13,87) size 750x307
  RenderBlock (anonymous multi-column) at (5,71) size 750x307
    RenderText {#text} at (0,0) size 363x614
      text run at (0,0) width 354: "Lorem ipsum dolor sit amet, consectetuer adipiscing elit."
      text run at (0,18) width 351: "Nulla varius enim ac mi. Curabitur sollicitudin felis quis"
      text run at (0,36) width 325: "lectus. Quisque adipiscing rhoncus sem. Proin nulla"
      text run at (0,54) width 358: "purus, vulputate vel, varius ut, euismod et, nisi. Sed vitae"
      text run at (0,72) width 343: "felis vel orci sagittis aliquam. Cras convallis adipiscing"
      text run at (0,90) width 340: "sem. Nam nonummy enim. Nullam bibendum lobortis"
      text run at (0,108) width 344: "neque. Vestibulum velit orci, tempus euismod, pretium"
      text run at (0,126) width 343: "quis, interdum vitae, nulla. Phasellus eget ante et tortor"
      text run at (0,144) width 343: "condimentum vestibulum. Suspendisse hendrerit quam"
      text run at (0,162) width 362: "nec felis. Sed varius turpis vitae pede. Lorem ipsum dolor"
      text run at (0,180) width 233: "sit amet, consectetuer adipiscing elit. "
      text run at (233,180) width 121: "Lorem ipsum dolor"
      text run at (0,198) width 363: "sit amet, consectetuer adipiscing elit. Nulla varius enim ac"
      text run at (0,216) width 318: "mi. Curabitur sollicitudin felis quis lectus. Quisque"
      text run at (0,234) width 356: "adipiscing rhoncus sem. Proin nulla purus, vulputate vel,"
      text run at (0,252) width 354: "varius ut, euismod et, nisi. Sed vitae felis vel orci sagittis"
      text run at (0,270) width 351: "aliquam. Cras convallis adipiscing sem. Nam nonummy"
      text run at (0,288) width 358: "enim. Nullam bibendum lobortis neque. Vestibulum velit"
      text run at (0,307) width 361: "orci, tempus euismod, pretium quis, interdum vitae, nulla."
      text run at (0,325) width 339: "Phasellus eget ante et tortor condimentum vestibulum."
      text run at (0,343) width 345: "Suspendisse hendrerit quam nec felis. Sed varius turpis"
      text run at (0,361) width 331: "vitae pede. Lorem ipsum dolor sit amet, consectetuer"
      text run at (0,379) width 95: "adipiscing elit. "
      text run at (95,379) width 259: "Lorem ipsum dolor sit amet, consectetuer"
      text run at (0,397) width 313: "adipiscing elit. Nulla varius enim ac mi. Curabitur"
      text run at (0,415) width 352: "sollicitudin felis quis lectus. Quisque adipiscing rhoncus"
      text run at (0,433) width 353: "sem. Proin nulla purus, vulputate vel, varius ut, euismod"
      text run at (0,451) width 326: "et, nisi. Sed vitae felis vel orci sagittis aliquam. Cras"
      text run at (0,469) width 350: "convallis adipiscing sem. Nam nonummy enim. Nullam"
      text run at (0,487) width 349: "bibendum lobortis neque. Vestibulum velit orci, tempus"
      text run at (0,505) width 343: "euismod, pretium quis, interdum vitae, nulla. Phasellus"
      text run at (0,523) width 357: "eget ante et tortor condimentum vestibulum. Suspendisse"
      text run at (0,541) width 336: "hendrerit quam nec felis. Sed varius turpis vitae pede."
      text run at (0,559) width 354: "Lorem ipsum dolor sit amet, consectetuer adipiscing elit."
      text run at (0,577) width 354: "Lorem ipsum dolor sit amet, consectetuer adipiscing elit."
      text run at (0,595) width 154: "Nulla varius enim ac mi."
layer at (8,415) size 760x383
  RenderBlock {DIV} at (0,399) size 760x383 [border: (5px solid #800000)]
    RenderBlock (anonymous multi-column span) at (5,312) size 750x66
      RenderBlock {H2} at (0,19) size 750x28 [bgcolor=#EEEEEE]
        RenderText {#text} at (0,0) size 600x28
          text run at (0,0) width 600: "This is a spanning element at the end of the columns block."
layer at (13,420) size 750x307
  RenderBlock (anonymous multi-column) at (5,5) size 750x307
    RenderText {#text} at (0,0) size 363x614
      text run at (0,0) width 354: "Lorem ipsum dolor sit amet, consectetuer adipiscing elit."
      text run at (0,18) width 351: "Nulla varius enim ac mi. Curabitur sollicitudin felis quis"
      text run at (0,36) width 325: "lectus. Quisque adipiscing rhoncus sem. Proin nulla"
      text run at (0,54) width 358: "purus, vulputate vel, varius ut, euismod et, nisi. Sed vitae"
      text run at (0,72) width 343: "felis vel orci sagittis aliquam. Cras convallis adipiscing"
      text run at (0,90) width 340: "sem. Nam nonummy enim. Nullam bibendum lobortis"
      text run at (0,108) width 344: "neque. Vestibulum velit orci, tempus euismod, pretium"
      text run at (0,126) width 343: "quis, interdum vitae, nulla. Phasellus eget ante et tortor"
      text run at (0,144) width 343: "condimentum vestibulum. Suspendisse hendrerit quam"
      text run at (0,162) width 362: "nec felis. Sed varius turpis vitae pede. Lorem ipsum dolor"
      text run at (0,180) width 233: "sit amet, consectetuer adipiscing elit. "
      text run at (233,180) width 121: "Lorem ipsum dolor"
      text run at (0,198) width 363: "sit amet, consectetuer adipiscing elit. Nulla varius enim ac"
      text run at (0,216) width 318: "mi. Curabitur sollicitudin felis quis lectus. Quisque"
      text run at (0,234) width 356: "adipiscing rhoncus sem. Proin nulla purus, vulputate vel,"
      text run at (0,252) width 354: "varius ut, euismod et, nisi. Sed vitae felis vel orci sagittis"
      text run at (0,270) width 351: "aliquam. Cras convallis adipiscing sem. Nam nonummy"
      text run at (0,288) width 358: "enim. Nullam bibendum lobortis neque. Vestibulum velit"
      text run at (0,307) width 361: "orci, tempus euismod, pretium quis, interdum vitae, nulla."
      text run at (0,325) width 339: "Phasellus eget ante et tortor condimentum vestibulum."
      text run at (0,343) width 345: "Suspendisse hendrerit quam nec felis. Sed varius turpis"
      text run at (0,361) width 331: "vitae pede. Lorem ipsum dolor sit amet, consectetuer"
      text run at (0,379) width 95: "adipiscing elit. "
      text run at (95,379) width 259: "Lorem ipsum dolor sit amet, consectetuer"
      text run at (0,397) width 313: "adipiscing elit. Nulla varius enim ac mi. Curabitur"
      text run at (0,415) width 352: "sollicitudin felis quis lectus. Quisque adipiscing rhoncus"
      text run at (0,433) width 353: "sem. Proin nulla purus, vulputate vel, varius ut, euismod"
      text run at (0,451) width 326: "et, nisi. Sed vitae felis vel orci sagittis aliquam. Cras"
      text run at (0,469) width 350: "convallis adipiscing sem. Nam nonummy enim. Nullam"
      text run at (0,487) width 349: "bibendum lobortis neque. Vestibulum velit orci, tempus"
      text run at (0,505) width 343: "euismod, pretium quis, interdum vitae, nulla. Phasellus"
      text run at (0,523) width 357: "eget ante et tortor condimentum vestibulum. Suspendisse"
      text run at (0,541) width 336: "hendrerit quam nec felis. Sed varius turpis vitae pede."
      text run at (0,559) width 354: "Lorem ipsum dolor sit amet, consectetuer adipiscing elit."
      text run at (0,577) width 354: "Lorem ipsum dolor sit amet, consectetuer adipiscing elit."
      text run at (0,595) width 154: "Nulla varius enim ac mi."
layer at (8,814) size 760x403
  RenderBlock {DIV} at (0,798) size 760x403 [border: (5px solid #800000)]
    RenderBlock (anonymous multi-column span) at (5,133) size 750x66
      RenderBlock {H2} at (0,19) size 750x28 [bgcolor=#EEEEEE]
        RenderText {#text} at (0,0) size 634x28
          text run at (0,0) width 634: "This is a spanning element in the middle of the columns block."
layer at (13,819) size 750x128
  RenderBlock (anonymous multi-column) at (5,5) size 750x128
    RenderText {#text} at (0,0) size 363x237
      text run at (0,0) width 354: "Lorem ipsum dolor sit amet, consectetuer adipiscing elit."
      text run at (0,18) width 351: "Nulla varius enim ac mi. Curabitur sollicitudin felis quis"
      text run at (0,36) width 325: "lectus. Quisque adipiscing rhoncus sem. Proin nulla"
      text run at (0,54) width 358: "purus, vulputate vel, varius ut, euismod et, nisi. Sed vitae"
      text run at (0,72) width 343: "felis vel orci sagittis aliquam. Cras convallis adipiscing"
      text run at (0,90) width 340: "sem. Nam nonummy enim. Nullam bibendum lobortis"
      text run at (0,108) width 344: "neque. Vestibulum velit orci, tempus euismod, pretium"
      text run at (0,128) width 343: "quis, interdum vitae, nulla. Phasellus eget ante et tortor"
      text run at (0,146) width 343: "condimentum vestibulum. Suspendisse hendrerit quam"
      text run at (0,164) width 362: "nec felis. Sed varius turpis vitae pede. Lorem ipsum dolor"
      text run at (0,182) width 233: "sit amet, consectetuer adipiscing elit. "
      text run at (233,182) width 121: "Lorem ipsum dolor"
      text run at (0,200) width 363: "sit amet, consectetuer adipiscing elit. Nulla varius enim ac"
      text run at (0,218) width 20: "mi."
layer at (13,1013) size 750x199
  RenderBlock (anonymous multi-column) at (5,199) size 750x199
    RenderText {#text} at (0,0) size 363x398
      text run at (0,0) width 354: "Lorem ipsum dolor sit amet, consectetuer adipiscing elit."
      text run at (0,18) width 351: "Nulla varius enim ac mi. Curabitur sollicitudin felis quis"
      text run at (0,36) width 325: "lectus. Quisque adipiscing rhoncus sem. Proin nulla"
      text run at (0,54) width 358: "purus, vulputate vel, varius ut, euismod et, nisi. Sed vitae"
      text run at (0,72) width 343: "felis vel orci sagittis aliquam. Cras convallis adipiscing"
      text run at (0,90) width 340: "sem. Nam nonummy enim. Nullam bibendum lobortis"
      text run at (0,108) width 344: "neque. Vestibulum velit orci, tempus euismod, pretium"
      text run at (0,126) width 343: "quis, interdum vitae, nulla. Phasellus eget ante et tortor"
      text run at (0,144) width 343: "condimentum vestibulum. Suspendisse hendrerit quam"
      text run at (0,162) width 362: "nec felis. Sed varius turpis vitae pede. Lorem ipsum dolor"
      text run at (0,180) width 233: "sit amet, consectetuer adipiscing elit. "
      text run at (233,180) width 121: "Lorem ipsum dolor"
      text run at (0,199) width 363: "sit amet, consectetuer adipiscing elit. Nulla varius enim ac"
      text run at (0,217) width 318: "mi. Curabitur sollicitudin felis quis lectus. Quisque"
      text run at (0,235) width 356: "adipiscing rhoncus sem. Proin nulla purus, vulputate vel,"
      text run at (0,253) width 354: "varius ut, euismod et, nisi. Sed vitae felis vel orci sagittis"
      text run at (0,271) width 351: "aliquam. Cras convallis adipiscing sem. Nam nonummy"
      text run at (0,289) width 358: "enim. Nullam bibendum lobortis neque. Vestibulum velit"
      text run at (0,307) width 361: "orci, tempus euismod, pretium quis, interdum vitae, nulla."
      text run at (0,325) width 339: "Phasellus eget ante et tortor condimentum vestibulum."
      text run at (0,343) width 345: "Suspendisse hendrerit quam nec felis. Sed varius turpis"
      text run at (0,361) width 331: "vitae pede. Lorem ipsum dolor sit amet, consectetuer"
      text run at (0,379) width 91: "adipiscing elit."
layer at (8,1233) size 760x369
  RenderBlock {DIV} at (0,1217) size 760x369 [border: (5px solid #800000)]
    RenderText {#text} at (5,5) size 363x242
      text run at (5,5) width 354: "Lorem ipsum dolor sit amet, consectetuer adipiscing elit."
      text run at (5,23) width 351: "Nulla varius enim ac mi. Curabitur sollicitudin felis quis"
      text run at (5,41) width 325: "lectus. Quisque adipiscing rhoncus sem. Proin nulla"
      text run at (5,59) width 358: "purus, vulputate vel, varius ut, euismod et, nisi. Sed vitae"
      text run at (5,77) width 343: "felis vel orci sagittis aliquam. Cras convallis adipiscing"
      text run at (5,95) width 340: "sem. Nam nonummy enim. Nullam bibendum lobortis"
      text run at (5,113) width 344: "neque. Vestibulum velit orci, tempus euismod, pretium"
      text run at (5,131) width 343: "quis, interdum vitae, nulla. Phasellus eget ante et tortor"
      text run at (5,149) width 343: "condimentum vestibulum. Suspendisse hendrerit quam"
      text run at (5,167) width 362: "nec felis. Sed varius turpis vitae pede. Lorem ipsum dolor"
      text run at (5,185) width 233: "sit amet, consectetuer adipiscing elit. "
      text run at (238,185) width 121: "Lorem ipsum dolor"
      text run at (5,203) width 363: "sit amet, consectetuer adipiscing elit. Nulla varius enim ac"
      text run at (5,228) width 24: "mi. "
    RenderInline {H2} at (0,0) size 345x84 [bgcolor=#EEEEEE]
      RenderText {#text} at (29,221) size 345x84
        text run at (29,221) width 321: "This is a spanning element with"
        text run at (5,249) width 345: "an original display of inline in the"
        text run at (5,277) width 294: "middle of the columns block."
    RenderText {#text} at (299,284) size 363x423
      text run at (299,284) width 46: " Lorem"
      text run at (5,305) width 347: "ipsum dolor sit amet, consectetuer adipiscing elit. Nulla"
      text run at (5,323) width 356: "varius enim ac mi. Curabitur sollicitudin felis quis lectus."
      text run at (5,341) width 324: "Quisque adipiscing rhoncus sem. Proin nulla purus,"
      text run at (5,364) width 345: "vulputate vel, varius ut, euismod et, nisi. Sed vitae felis"
      text run at (5,382) width 346: "vel orci sagittis aliquam. Cras convallis adipiscing sem."
      text run at (5,400) width 353: "Nam nonummy enim. Nullam bibendum lobortis neque."
      text run at (5,418) width 332: "Vestibulum velit orci, tempus euismod, pretium quis,"
      text run at (5,436) width 309: "interdum vitae, nulla. Phasellus eget ante et tortor"
      text run at (5,454) width 343: "condimentum vestibulum. Suspendisse hendrerit quam"
      text run at (5,472) width 362: "nec felis. Sed varius turpis vitae pede. Lorem ipsum dolor"
      text run at (5,490) width 233: "sit amet, consectetuer adipiscing elit. "
      text run at (238,490) width 121: "Lorem ipsum dolor"
      text run at (5,508) width 363: "sit amet, consectetuer adipiscing elit. Nulla varius enim ac"
      text run at (5,526) width 318: "mi. Curabitur sollicitudin felis quis lectus. Quisque"
      text run at (5,544) width 356: "adipiscing rhoncus sem. Proin nulla purus, vulputate vel,"
      text run at (5,562) width 354: "varius ut, euismod et, nisi. Sed vitae felis vel orci sagittis"
      text run at (5,580) width 351: "aliquam. Cras convallis adipiscing sem. Nam nonummy"
      text run at (5,598) width 358: "enim. Nullam bibendum lobortis neque. Vestibulum velit"
      text run at (5,616) width 361: "orci, tempus euismod, pretium quis, interdum vitae, nulla."
      text run at (5,634) width 339: "Phasellus eget ante et tortor condimentum vestibulum."
      text run at (5,652) width 345: "Suspendisse hendrerit quam nec felis. Sed varius turpis"
      text run at (5,670) width 331: "vitae pede. Lorem ipsum dolor sit amet, consectetuer"
      text run at (5,688) width 91: "adipiscing elit."
layer at (8,1618) size 760x388
  RenderBlock {DIV} at (0,1602) size 760x388 [border: (5px solid #800000)]
    RenderText {#text} at (5,5) size 363x235
      text run at (5,5) width 354: "Lorem ipsum dolor sit amet, consectetuer adipiscing elit."
      text run at (5,23) width 351: "Nulla varius enim ac mi. Curabitur sollicitudin felis quis"
      text run at (5,41) width 325: "lectus. Quisque adipiscing rhoncus sem. Proin nulla"
      text run at (5,59) width 358: "purus, vulputate vel, varius ut, euismod et, nisi. Sed vitae"
      text run at (5,77) width 343: "felis vel orci sagittis aliquam. Cras convallis adipiscing"
      text run at (5,95) width 340: "sem. Nam nonummy enim. Nullam bibendum lobortis"
      text run at (5,113) width 344: "neque. Vestibulum velit orci, tempus euismod, pretium"
      text run at (5,131) width 343: "quis, interdum vitae, nulla. Phasellus eget ante et tortor"
      text run at (5,149) width 343: "condimentum vestibulum. Suspendisse hendrerit quam"
      text run at (5,167) width 362: "nec felis. Sed varius turpis vitae pede. Lorem ipsum dolor"
      text run at (5,185) width 233: "sit amet, consectetuer adipiscing elit. "
      text run at (238,185) width 121: "Lorem ipsum dolor"
      text run at (5,203) width 363: "sit amet, consectetuer adipiscing elit. Nulla varius enim ac"
      text run at (5,221) width 24: "mi. "
    RenderBlock (floating) {H2} at (5,258) size 367x84 [bgcolor=#EEEEEE]
      RenderText {#text} at (0,0) size 338x84
        text run at (0,0) width 324: "This element specifies a column"
        text run at (0,28) width 338: "span, but it is also floating, so the"
        text run at (0,56) width 325: "column-span should be ignored."
    RenderText {#text} at (29,221) size 363x523
      text run at (29,221) width 327: "Lorem ipsum dolor sit amet, consectetuer adipiscing"
      text run at (5,361) width 348: "elit. Nulla varius enim ac mi. Curabitur sollicitudin felis"
      text run at (5,383) width 355: "quis lectus. Quisque adipiscing rhoncus sem. Proin nulla"
      text run at (5,401) width 358: "purus, vulputate vel, varius ut, euismod et, nisi. Sed vitae"
      text run at (5,419) width 343: "felis vel orci sagittis aliquam. Cras convallis adipiscing"
      text run at (5,437) width 340: "sem. Nam nonummy enim. Nullam bibendum lobortis"
      text run at (5,455) width 344: "neque. Vestibulum velit orci, tempus euismod, pretium"
      text run at (5,473) width 343: "quis, interdum vitae, nulla. Phasellus eget ante et tortor"
      text run at (5,491) width 343: "condimentum vestibulum. Suspendisse hendrerit quam"
      text run at (5,509) width 362: "nec felis. Sed varius turpis vitae pede. Lorem ipsum dolor"
      text run at (5,527) width 233: "sit amet, consectetuer adipiscing elit. "
      text run at (238,527) width 121: "Lorem ipsum dolor"
      text run at (5,545) width 363: "sit amet, consectetuer adipiscing elit. Nulla varius enim ac"
      text run at (5,563) width 318: "mi. Curabitur sollicitudin felis quis lectus. Quisque"
      text run at (5,581) width 356: "adipiscing rhoncus sem. Proin nulla purus, vulputate vel,"
      text run at (5,599) width 354: "varius ut, euismod et, nisi. Sed vitae felis vel orci sagittis"
      text run at (5,617) width 351: "aliquam. Cras convallis adipiscing sem. Nam nonummy"
      text run at (5,635) width 358: "enim. Nullam bibendum lobortis neque. Vestibulum velit"
      text run at (5,653) width 361: "orci, tempus euismod, pretium quis, interdum vitae, nulla."
      text run at (5,671) width 339: "Phasellus eget ante et tortor condimentum vestibulum."
      text run at (5,689) width 345: "Suspendisse hendrerit quam nec felis. Sed varius turpis"
      text run at (5,707) width 331: "vitae pede. Lorem ipsum dolor sit amet, consectetuer"
      text run at (5,725) width 91: "adipiscing elit."
layer at (8,2022) size 760x442
  RenderBlock {DIV} at (0,2006) size 760x442 [border: (5px solid #800000)]
    RenderBlock (anonymous multi-column span) at (5,5) size 750x94
      RenderBlock {H2} at (0,19) size 750x56 [bgcolor=#EEEEEE]
        RenderText {#text} at (0,0) size 709x56
          text run at (0,0) width 709: "This is a spanning element at the beginning of the columns block with"
          text run at (0,28) width 145: "block siblings."
layer at (13,2121) size 750x338
  RenderBlock (anonymous multi-column) at (5,99) size 750x338
    RenderBlock {P} at (0,16) size 367x198
      RenderText {#text} at (0,0) size 362x199
        text run at (0,0) width 354: "Lorem ipsum dolor sit amet, consectetuer adipiscing elit."
        text run at (0,18) width 351: "Nulla varius enim ac mi. Curabitur sollicitudin felis quis"
        text run at (0,36) width 325: "lectus. Quisque adipiscing rhoncus sem. Proin nulla"
        text run at (0,54) width 358: "purus, vulputate vel, varius ut, euismod et, nisi. Sed vitae"
        text run at (0,72) width 343: "felis vel orci sagittis aliquam. Cras convallis adipiscing"
        text run at (0,90) width 340: "sem. Nam nonummy enim. Nullam bibendum lobortis"
        text run at (0,108) width 344: "neque. Vestibulum velit orci, tempus euismod, pretium"
        text run at (0,126) width 343: "quis, interdum vitae, nulla. Phasellus eget ante et tortor"
        text run at (0,144) width 343: "condimentum vestibulum. Suspendisse hendrerit quam"
        text run at (0,162) width 362: "nec felis. Sed varius turpis vitae pede. Lorem ipsum dolor"
        text run at (0,180) width 229: "sit amet, consectetuer adipiscing elit."
    RenderBlock {P} at (0,230) size 367x216
      RenderText {#text} at (0,0) size 362x217
        text run at (0,0) width 354: "Lorem ipsum dolor sit amet, consectetuer adipiscing elit."
        text run at (0,18) width 351: "Nulla varius enim ac mi. Curabitur sollicitudin felis quis"
        text run at (0,36) width 325: "lectus. Quisque adipiscing rhoncus sem. Proin nulla"
        text run at (0,54) width 358: "purus, vulputate vel, varius ut, euismod et, nisi. Sed vitae"
        text run at (0,72) width 343: "felis vel orci sagittis aliquam. Cras convallis adipiscing"
        text run at (0,108) width 340: "sem. Nam nonummy enim. Nullam bibendum lobortis"
        text run at (0,126) width 344: "neque. Vestibulum velit orci, tempus euismod, pretium"
        text run at (0,144) width 343: "quis, interdum vitae, nulla. Phasellus eget ante et tortor"
        text run at (0,162) width 343: "condimentum vestibulum. Suspendisse hendrerit quam"
        text run at (0,180) width 362: "nec felis. Sed varius turpis vitae pede. Lorem ipsum dolor"
        text run at (0,198) width 229: "sit amet, consectetuer adipiscing elit."
    RenderBlock {P} at (0,462) size 367x198
      RenderText {#text} at (0,0) size 362x199
        text run at (0,0) width 354: "Lorem ipsum dolor sit amet, consectetuer adipiscing elit."
        text run at (0,18) width 351: "Nulla varius enim ac mi. Curabitur sollicitudin felis quis"
        text run at (0,36) width 325: "lectus. Quisque adipiscing rhoncus sem. Proin nulla"
        text run at (0,54) width 358: "purus, vulputate vel, varius ut, euismod et, nisi. Sed vitae"
        text run at (0,72) width 343: "felis vel orci sagittis aliquam. Cras convallis adipiscing"
        text run at (0,90) width 340: "sem. Nam nonummy enim. Nullam bibendum lobortis"
        text run at (0,108) width 344: "neque. Vestibulum velit orci, tempus euismod, pretium"
        text run at (0,126) width 343: "quis, interdum vitae, nulla. Phasellus eget ante et tortor"
        text run at (0,144) width 343: "condimentum vestibulum. Suspendisse hendrerit quam"
        text run at (0,162) width 362: "nec felis. Sed varius turpis vitae pede. Lorem ipsum dolor"
        text run at (0,180) width 229: "sit amet, consectetuer adipiscing elit."
layer at (8,2480) size 760x442
  RenderBlock {DIV} at (0,2464) size 760x442 [border: (5px solid #800000)]
    RenderBlock (anonymous multi-column span) at (5,343) size 750x94
      RenderBlock {H2} at (0,19) size 750x56 [bgcolor=#EEEEEE]
        RenderText {#text} at (0,0) size 707x56
          text run at (0,0) width 707: "This is a spanning element at the end of the columns block with block"
          text run at (0,28) width 83: "siblings."
layer at (13,2485) size 750x338
  RenderBlock (anonymous multi-column) at (5,5) size 750x338
    RenderBlock {P} at (0,16) size 367x198
      RenderText {#text} at (0,0) size 362x199
        text run at (0,0) width 354: "Lorem ipsum dolor sit amet, consectetuer adipiscing elit."
        text run at (0,18) width 351: "Nulla varius enim ac mi. Curabitur sollicitudin felis quis"
        text run at (0,36) width 325: "lectus. Quisque adipiscing rhoncus sem. Proin nulla"
        text run at (0,54) width 358: "purus, vulputate vel, varius ut, euismod et, nisi. Sed vitae"
        text run at (0,72) width 343: "felis vel orci sagittis aliquam. Cras convallis adipiscing"
        text run at (0,90) width 340: "sem. Nam nonummy enim. Nullam bibendum lobortis"
        text run at (0,108) width 344: "neque. Vestibulum velit orci, tempus euismod, pretium"
        text run at (0,126) width 343: "quis, interdum vitae, nulla. Phasellus eget ante et tortor"
        text run at (0,144) width 343: "condimentum vestibulum. Suspendisse hendrerit quam"
        text run at (0,162) width 362: "nec felis. Sed varius turpis vitae pede. Lorem ipsum dolor"
        text run at (0,180) width 229: "sit amet, consectetuer adipiscing elit."
    RenderBlock {P} at (0,230) size 367x216
      RenderText {#text} at (0,0) size 362x217
        text run at (0,0) width 354: "Lorem ipsum dolor sit amet, consectetuer adipiscing elit."
        text run at (0,18) width 351: "Nulla varius enim ac mi. Curabitur sollicitudin felis quis"
        text run at (0,36) width 325: "lectus. Quisque adipiscing rhoncus sem. Proin nulla"
        text run at (0,54) width 358: "purus, vulputate vel, varius ut, euismod et, nisi. Sed vitae"
        text run at (0,72) width 343: "felis vel orci sagittis aliquam. Cras convallis adipiscing"
        text run at (0,108) width 340: "sem. Nam nonummy enim. Nullam bibendum lobortis"
        text run at (0,126) width 344: "neque. Vestibulum velit orci, tempus euismod, pretium"
        text run at (0,144) width 343: "quis, interdum vitae, nulla. Phasellus eget ante et tortor"
        text run at (0,162) width 343: "condimentum vestibulum. Suspendisse hendrerit quam"
        text run at (0,180) width 362: "nec felis. Sed varius turpis vitae pede. Lorem ipsum dolor"
        text run at (0,198) width 229: "sit amet, consectetuer adipiscing elit."
    RenderBlock {P} at (0,462) size 367x198
      RenderText {#text} at (0,0) size 362x199
        text run at (0,0) width 354: "Lorem ipsum dolor sit amet, consectetuer adipiscing elit."
        text run at (0,18) width 351: "Nulla varius enim ac mi. Curabitur sollicitudin felis quis"
        text run at (0,36) width 325: "lectus. Quisque adipiscing rhoncus sem. Proin nulla"
        text run at (0,54) width 358: "purus, vulputate vel, varius ut, euismod et, nisi. Sed vitae"
        text run at (0,72) width 343: "felis vel orci sagittis aliquam. Cras convallis adipiscing"
        text run at (0,90) width 340: "sem. Nam nonummy enim. Nullam bibendum lobortis"
        text run at (0,108) width 344: "neque. Vestibulum velit orci, tempus euismod, pretium"
        text run at (0,126) width 343: "quis, interdum vitae, nulla. Phasellus eget ante et tortor"
        text run at (0,144) width 343: "condimentum vestibulum. Suspendisse hendrerit quam"
        text run at (0,162) width 362: "nec felis. Sed varius turpis vitae pede. Lorem ipsum dolor"
        text run at (0,180) width 229: "sit amet, consectetuer adipiscing elit."
layer at (8,2938) size 760x450
  RenderBlock {DIV} at (0,2922) size 760x450 [border: (5px solid #800000)]
    RenderBlock (anonymous multi-column span) at (5,227) size 750x94
      RenderBlock {H2} at (0,19) size 750x56 [bgcolor=#EEEEEE]
        RenderText {#text} at (0,0) size 741x56
          text run at (0,0) width 741: "This is a spanning element in the middle of the columns block with block"
          text run at (0,28) width 83: "siblings."
layer at (13,2943) size 750x222
  RenderBlock (anonymous multi-column) at (5,5) size 750x222
    RenderBlock {P} at (0,16) size 367x198
      RenderText {#text} at (0,0) size 362x199
        text run at (0,0) width 354: "Lorem ipsum dolor sit amet, consectetuer adipiscing elit."
        text run at (0,18) width 351: "Nulla varius enim ac mi. Curabitur sollicitudin felis quis"
        text run at (0,36) width 325: "lectus. Quisque adipiscing rhoncus sem. Proin nulla"
        text run at (0,54) width 358: "purus, vulputate vel, varius ut, euismod et, nisi. Sed vitae"
        text run at (0,72) width 343: "felis vel orci sagittis aliquam. Cras convallis adipiscing"
        text run at (0,90) width 340: "sem. Nam nonummy enim. Nullam bibendum lobortis"
        text run at (0,108) width 344: "neque. Vestibulum velit orci, tempus euismod, pretium"
        text run at (0,126) width 343: "quis, interdum vitae, nulla. Phasellus eget ante et tortor"
        text run at (0,144) width 343: "condimentum vestibulum. Suspendisse hendrerit quam"
        text run at (0,162) width 362: "nec felis. Sed varius turpis vitae pede. Lorem ipsum dolor"
        text run at (0,180) width 229: "sit amet, consectetuer adipiscing elit."
    RenderBlock {P} at (0,222) size 367x198
      RenderText {#text} at (0,0) size 362x199
        text run at (0,0) width 354: "Lorem ipsum dolor sit amet, consectetuer adipiscing elit."
        text run at (0,18) width 351: "Nulla varius enim ac mi. Curabitur sollicitudin felis quis"
        text run at (0,36) width 325: "lectus. Quisque adipiscing rhoncus sem. Proin nulla"
        text run at (0,54) width 358: "purus, vulputate vel, varius ut, euismod et, nisi. Sed vitae"
        text run at (0,72) width 343: "felis vel orci sagittis aliquam. Cras convallis adipiscing"
        text run at (0,90) width 340: "sem. Nam nonummy enim. Nullam bibendum lobortis"
        text run at (0,108) width 344: "neque. Vestibulum velit orci, tempus euismod, pretium"
        text run at (0,126) width 343: "quis, interdum vitae, nulla. Phasellus eget ante et tortor"
        text run at (0,144) width 343: "condimentum vestibulum. Suspendisse hendrerit quam"
        text run at (0,162) width 362: "nec felis. Sed varius turpis vitae pede. Lorem ipsum dolor"
        text run at (0,180) width 229: "sit amet, consectetuer adipiscing elit."
layer at (13,3259) size 750x124
  RenderBlock (anonymous multi-column) at (5,321) size 750x124
    RenderBlock {P} at (0,16) size 367x216
      RenderText {#text} at (0,0) size 362x217
        text run at (0,0) width 354: "Lorem ipsum dolor sit amet, consectetuer adipiscing elit."
        text run at (0,18) width 351: "Nulla varius enim ac mi. Curabitur sollicitudin felis quis"
        text run at (0,36) width 325: "lectus. Quisque adipiscing rhoncus sem. Proin nulla"
        text run at (0,54) width 358: "purus, vulputate vel, varius ut, euismod et, nisi. Sed vitae"
        text run at (0,72) width 343: "felis vel orci sagittis aliquam. Cras convallis adipiscing"
        text run at (0,108) width 340: "sem. Nam nonummy enim. Nullam bibendum lobortis"
        text run at (0,126) width 344: "neque. Vestibulum velit orci, tempus euismod, pretium"
        text run at (0,144) width 343: "quis, interdum vitae, nulla. Phasellus eget ante et tortor"
        text run at (0,162) width 343: "condimentum vestibulum. Suspendisse hendrerit quam"
        text run at (0,180) width 362: "nec felis. Sed varius turpis vitae pede. Lorem ipsum dolor"
        text run at (0,198) width 229: "sit amet, consectetuer adipiscing elit."
