layer at (0,0) size 785x1403
  RenderView at (0,0) size 785x600
layer at (0,0) size 785x1403
  RenderBlock {HTML} at (0,0) size 785x1403
    RenderBody {BODY} at (8,16) size 769x1371
layer at (8,16) size 760x433
  RenderBlock {DIV} at (0,0) size 760x433 [border: (5px solid #800000)]
    RenderBlock (anonymous multi-column span) at (5,13) size 750x66 [color=#FFFFFF]
      RenderBlock {H2} at (0,19) size 750x28 [color=#000000] [bgcolor=#EEEEEE]
        RenderText {#text} at (0,0) size 276x28
          text run at (0,0) width 276: "This is a spanning element."
layer at (13,21) size 750x8
  RenderBlock (anonymous multi-column) at (5,5) size 750x8
    RenderBlock {SPAN} at (0,8) size 367x0 [color=#FFFFFF] [bgcolor=#000000]
layer at (13,95) size 750x349
  RenderBlock (anonymous multi-column) at (5,79) size 750x349
    RenderBlock {SPAN} at (0,16) size 367x209 [color=#FFFFFF] [bgcolor=#000000]
      RenderText {#text} at (0,0) size 362x209
        text run at (0,0) width 354: "Lorem ipsum dolor sit amet, consectetuer adipiscing elit."
        text run at (0,19) width 351: "Nulla varius enim ac mi. Curabitur sollicitudin felis quis"
        text run at (0,38) width 325: "lectus. Quisque adipiscing rhoncus sem. Proin nulla"
        text run at (0,57) width 358: "purus, vulputate vel, varius ut, euismod et, nisi. Sed vitae"
        text run at (0,76) width 343: "felis vel orci sagittis aliquam. Cras convallis adipiscing"
        text run at (0,95) width 340: "sem. Nam nonummy enim. Nullam bibendum lobortis"
        text run at (0,114) width 344: "neque. Vestibulum velit orci, tempus euismod, pretium"
        text run at (0,133) width 343: "quis, interdum vitae, nulla. Phasellus eget ante et tortor"
        text run at (0,152) width 343: "condimentum vestibulum. Suspendisse hendrerit quam"
        text run at (0,171) width 362: "nec felis. Sed varius turpis vitae pede. Lorem ipsum dolor"
        text run at (0,190) width 229: "sit amet, consectetuer adipiscing elit."
    RenderBlock (anonymous) at (0,241) size 367x450
      RenderText {#text} at (0,0) size 362x222
        text run at (0,0) width 354: "Lorem ipsum dolor sit amet, consectetuer adipiscing elit."
        text run at (0,19) width 351: "Nulla varius enim ac mi. Curabitur sollicitudin felis quis"
        text run at (0,38) width 325: "lectus. Quisque adipiscing rhoncus sem. Proin nulla"
        text run at (0,57) width 358: "purus, vulputate vel, varius ut, euismod et, nisi. Sed vitae"
        text run at (0,76) width 343: "felis vel orci sagittis aliquam. Cras convallis adipiscing"
        text run at (0,108) width 340: "sem. Nam nonummy enim. Nullam bibendum lobortis"
        text run at (0,127) width 344: "neque. Vestibulum velit orci, tempus euismod, pretium"
        text run at (0,146) width 343: "quis, interdum vitae, nulla. Phasellus eget ante et tortor"
        text run at (0,165) width 343: "condimentum vestibulum. Suspendisse hendrerit quam"
        text run at (0,184) width 362: "nec felis. Sed varius turpis vitae pede. Lorem ipsum dolor"
        text run at (0,203) width 233: "sit amet, consectetuer adipiscing elit. "
      RenderInline {SPAN} at (0,0) size 42x19
        RenderText {#text} at (233,203) size 42x19
          text run at (233,203) width 42: "Lorem"
      RenderText {#text} at (275,203) size 363x247
        text run at (275,203) width 79: " ipsum dolor"
        text run at (0,222) width 363: "sit amet, consectetuer adipiscing elit. Nulla varius enim ac"
        text run at (0,241) width 318: "mi. Curabitur sollicitudin felis quis lectus. Quisque"
        text run at (0,260) width 356: "adipiscing rhoncus sem. Proin nulla purus, vulputate vel,"
        text run at (0,279) width 354: "varius ut, euismod et, nisi. Sed vitae felis vel orci sagittis"
        text run at (0,298) width 351: "aliquam. Cras convallis adipiscing sem. Nam nonummy"
        text run at (0,317) width 358: "enim. Nullam bibendum lobortis neque. Vestibulum velit"
        text run at (0,336) width 361: "orci, tempus euismod, pretium quis, interdum vitae, nulla."
        text run at (0,355) width 339: "Phasellus eget ante et tortor condimentum vestibulum."
        text run at (0,374) width 345: "Suspendisse hendrerit quam nec felis. Sed varius turpis"
        text run at (0,393) width 331: "vitae pede. Lorem ipsum dolor sit amet, consectetuer"
        text run at (0,412) width 95: "adipiscing elit. "
        text run at (95,412) width 259: "Lorem ipsum dolor sit amet, consectetuer"
        text run at (0,431) width 249: "adipiscing elit. Nulla varius enim ac mi."
layer at (8,465) size 760x431
  RenderBlock {DIV} at (0,449) size 760x431 [border: (5px solid #800000)]
    RenderBlock (anonymous multi-column span) at (5,352) size 750x66 [color=#FFFFFF]
      RenderBlock {H2} at (0,19) size 750x28 [color=#000000] [bgcolor=#EEEEEE]
        RenderText {#text} at (0,0) size 276x28
          text run at (0,0) width 276: "This is a spanning element."
layer at (13,470) size 750x347
  RenderBlock (anonymous multi-column) at (5,5) size 750x347
    RenderBlock (anonymous) at (0,0) size 367x613
      RenderText {#text} at (0,0) size 363x613
        text run at (0,0) width 354: "Lorem ipsum dolor sit amet, consectetuer adipiscing elit."
        text run at (0,19) width 351: "Nulla varius enim ac mi. Curabitur sollicitudin felis quis"
        text run at (0,38) width 325: "lectus. Quisque adipiscing rhoncus sem. Proin nulla"
        text run at (0,57) width 358: "purus, vulputate vel, varius ut, euismod et, nisi. Sed vitae"
        text run at (0,76) width 343: "felis vel orci sagittis aliquam. Cras convallis adipiscing"
        text run at (0,95) width 340: "sem. Nam nonummy enim. Nullam bibendum lobortis"
        text run at (0,114) width 344: "neque. Vestibulum velit orci, tempus euismod, pretium"
        text run at (0,133) width 343: "quis, interdum vitae, nulla. Phasellus eget ante et tortor"
        text run at (0,152) width 343: "condimentum vestibulum. Suspendisse hendrerit quam"
        text run at (0,171) width 362: "nec felis. Sed varius turpis vitae pede. Lorem ipsum dolor"
        text run at (0,190) width 233: "sit amet, consectetuer adipiscing elit. "
        text run at (233,190) width 121: "Lorem ipsum dolor"
        text run at (0,209) width 363: "sit amet, consectetuer adipiscing elit. Nulla varius enim ac"
        text run at (0,228) width 318: "mi. Curabitur sollicitudin felis quis lectus. Quisque"
        text run at (0,247) width 356: "adipiscing rhoncus sem. Proin nulla purus, vulputate vel,"
        text run at (0,266) width 354: "varius ut, euismod et, nisi. Sed vitae felis vel orci sagittis"
        text run at (0,285) width 351: "aliquam. Cras convallis adipiscing sem. Nam nonummy"
        text run at (0,304) width 358: "enim. Nullam bibendum lobortis neque. Vestibulum velit"
        text run at (0,323) width 361: "orci, tempus euismod, pretium quis, interdum vitae, nulla."
        text run at (0,347) width 339: "Phasellus eget ante et tortor condimentum vestibulum."
        text run at (0,366) width 345: "Suspendisse hendrerit quam nec felis. Sed varius turpis"
        text run at (0,385) width 331: "vitae pede. Lorem ipsum dolor sit amet, consectetuer"
        text run at (0,404) width 95: "adipiscing elit. "
        text run at (95,404) width 259: "Lorem ipsum dolor sit amet, consectetuer"
        text run at (0,423) width 313: "adipiscing elit. Nulla varius enim ac mi. Curabitur"
        text run at (0,442) width 352: "sollicitudin felis quis lectus. Quisque adipiscing rhoncus"
        text run at (0,461) width 353: "sem. Proin nulla purus, vulputate vel, varius ut, euismod"
        text run at (0,480) width 326: "et, nisi. Sed vitae felis vel orci sagittis aliquam. Cras"
        text run at (0,499) width 350: "convallis adipiscing sem. Nam nonummy enim. Nullam"
        text run at (0,518) width 349: "bibendum lobortis neque. Vestibulum velit orci, tempus"
        text run at (0,537) width 343: "euismod, pretium quis, interdum vitae, nulla. Phasellus"
        text run at (0,556) width 357: "eget ante et tortor condimentum vestibulum. Suspendisse"
        text run at (0,575) width 336: "hendrerit quam nec felis. Sed varius turpis vitae pede."
        text run at (0,594) width 354: "Lorem ipsum dolor sit amet, consectetuer adipiscing elit."
    RenderBlock {SPAN} at (0,629) size 367x38 [color=#FFFFFF] [bgcolor=#000000]
      RenderText {#text} at (0,0) size 354x38
        text run at (0,0) width 354: "Lorem ipsum dolor sit amet, consectetuer adipiscing elit."
        text run at (0,19) width 154: "Nulla varius enim ac mi."
layer at (13,883) size 750x8
  RenderBlock (anonymous multi-column) at (5,418) size 750x8
    RenderBlock {SPAN} at (0,8) size 367x0 [color=#FFFFFF] [bgcolor=#000000]
layer at (8,912) size 760x475
  RenderBlock {DIV} at (0,896) size 760x475 [border: (5px solid #800000)]
    RenderBlock (anonymous multi-column span) at (5,171) size 750x66 [color=#FFFFFF]
      RenderBlock {H2} at (0,19) size 750x28 [color=#000000] [bgcolor=#EEEEEE]
        RenderText {#text} at (0,0) size 276x28
          text run at (0,0) width 276: "This is a spanning element."
layer at (13,917) size 750x166
  RenderBlock (anonymous multi-column) at (5,5) size 750x166
    RenderBlock {P} at (0,16) size 367x226
      RenderText {#text} at (0,0) size 362x226
        text run at (0,0) width 354: "Lorem ipsum dolor sit amet, consectetuer adipiscing elit."
        text run at (0,19) width 351: "Nulla varius enim ac mi. Curabitur sollicitudin felis quis"
        text run at (0,38) width 325: "lectus. Quisque adipiscing rhoncus sem. Proin nulla"
        text run at (0,57) width 358: "purus, vulputate vel, varius ut, euismod et, nisi. Sed vitae"
        text run at (0,76) width 343: "felis vel orci sagittis aliquam. Cras convallis adipiscing"
        text run at (0,95) width 340: "sem. Nam nonummy enim. Nullam bibendum lobortis"
        text run at (0,114) width 344: "neque. Vestibulum velit orci, tempus euismod, pretium"
        text run at (0,150) width 343: "quis, interdum vitae, nulla. Phasellus eget ante et tortor"
        text run at (0,169) width 343: "condimentum vestibulum. Suspendisse hendrerit quam"
        text run at (0,188) width 362: "nec felis. Sed varius turpis vitae pede. Lorem ipsum dolor"
        text run at (0,207) width 229: "sit amet, consectetuer adipiscing elit."
    RenderBlock {SPAN} at (0,258) size 367x38 [color=#FFFFFF] [bgcolor=#000000]
      RenderBlock (anonymous) at (0,0) size 367x38
        RenderText {#text} at (0,0) size 354x38
          text run at (0,0) width 354: "Lorem ipsum dolor sit amet, consectetuer adipiscing elit."
          text run at (0,19) width 154: "Nulla varius enim ac mi."
layer at (13,1149) size 750x233
  RenderBlock (anonymous multi-column) at (5,237) size 750x233
    RenderBlock {SPAN} at (0,16) size 367x209 [color=#FFFFFF] [bgcolor=#000000]
      RenderBlock {P} at (0,0) size 367x209
        RenderText {#text} at (0,0) size 362x209
          text run at (0,0) width 354: "Lorem ipsum dolor sit amet, consectetuer adipiscing elit."
          text run at (0,19) width 351: "Nulla varius enim ac mi. Curabitur sollicitudin felis quis"
          text run at (0,38) width 325: "lectus. Quisque adipiscing rhoncus sem. Proin nulla"
          text run at (0,57) width 358: "purus, vulputate vel, varius ut, euismod et, nisi. Sed vitae"
          text run at (0,76) width 343: "felis vel orci sagittis aliquam. Cras convallis adipiscing"
          text run at (0,95) width 340: "sem. Nam nonummy enim. Nullam bibendum lobortis"
          text run at (0,114) width 344: "neque. Vestibulum velit orci, tempus euismod, pretium"
          text run at (0,133) width 343: "quis, interdum vitae, nulla. Phasellus eget ante et tortor"
          text run at (0,152) width 343: "condimentum vestibulum. Suspendisse hendrerit quam"
          text run at (0,171) width 362: "nec felis. Sed varius turpis vitae pede. Lorem ipsum dolor"
          text run at (0,190) width 229: "sit amet, consectetuer adipiscing elit."
    RenderBlock (anonymous) at (0,233) size 367x209
      RenderText {#text} at (0,0) size 362x209
        text run at (0,0) width 354: "Lorem ipsum dolor sit amet, consectetuer adipiscing elit."
        text run at (0,19) width 351: "Nulla varius enim ac mi. Curabitur sollicitudin felis quis"
        text run at (0,38) width 325: "lectus. Quisque adipiscing rhoncus sem. Proin nulla"
        text run at (0,57) width 358: "purus, vulputate vel, varius ut, euismod et, nisi. Sed vitae"
        text run at (0,76) width 343: "felis vel orci sagittis aliquam. Cras convallis adipiscing"
        text run at (0,95) width 340: "sem. Nam nonummy enim. Nullam bibendum lobortis"
        text run at (0,114) width 344: "neque. Vestibulum velit orci, tempus euismod, pretium"
        text run at (0,133) width 343: "quis, interdum vitae, nulla. Phasellus eget ante et tortor"
        text run at (0,152) width 343: "condimentum vestibulum. Suspendisse hendrerit quam"
        text run at (0,171) width 362: "nec felis. Sed varius turpis vitae pede. Lorem ipsum dolor"
        text run at (0,190) width 229: "sit amet, consectetuer adipiscing elit."
    RenderBlock {P} at (0,458) size 367x0
