layer at (0,0) size 800x600
  RenderView at (0,0) size 800x600
layer at (0,0) size 800x600
  RenderBlock {HTML} at (0,0) size 800x600
    RenderBody {BODY} at (8,8) size 784x584
      RenderText {#text} at (110,2) size 4x18
        text run at (110,2) width 4: " "
      RenderText {#text} at (0,0) size 0x0
layer at (8,10) size 110x19 clip at (10,12) size 106x15
  RenderFlexibleBox {INPUT} at (0,2) size 110x19 [bgcolor=#FFFFFF] [border: (2px inset #000000)]
    RenderBlock {DIV} at (6,3) size 43x13
      RenderText {#text} at (0,0) size 43x13
        text run at (0,0) width 43: "9:41 AM"
layer at (122,10) size 110x19 clip at (124,12) size 106x15
  RenderFlexibleBox {INPUT} at (114,2) size 110x19 [bgcolor=#FFFFFF] [border: (2px inset #000000)]
    RenderBlock {DIV} at (41,3) size 43x13
      RenderText {#text} at (0,0) size 43x13
        text run at (0,0) width 18: "AM"
        text run at (17,0) width 4 RTL: " "
        text run at (20,0) width 23: "9:41"
