layer at (0,0) size 800x600
  RenderView at (0,0) size 800x600
layer at (0,0) size 800x34
  RenderBlock {HTML} at (0,0) size 800x34
    RenderBody {BODY} at (8,8) size 784x18
      RenderBlock {DIV} at (0,0) size 784x18
        RenderInline {SPAN} at (0,0) size 83x18
          RenderInline (generated) at (0,0) size 7x18 [color=#008000]
            RenderText {#text} at (0,0) size 7x18
              text run at (0,0) width 7: "\""
          RenderText {#text} at (0,0) size 0x0
          RenderInline (generated) at (0,0) size 10x18 [color=#008000]
            RenderText {#text} at (7,0) size 10x18
              text run at (7,0) width 10: "T"
          RenderText {#text} at (17,0) size 66x18
            text run at (17,0) width 66: "his is text\""
