layer at (0,0) size 800x600
  RenderView at (0,0) size 800x600
layer at (0,0) size 800x71
  RenderBlock {HTML} at (0,0) size 800x71
    RenderBody {BODY} at (8,8) size 784x55
      RenderBlock {DIV} at (0,0) size 784x55
        RenderInline {SPAN} at (0,0) size 29x55
          RenderInline (generated) at (0,0) size 29x55 [color=#008000]
            RenderText {#text} at (0,0) size 29x55
              text run at (0,0) width 29: "T"
          RenderText {#text} at (0,0) size 0x0
        RenderText {#text} at (29,0) size 183x55
          text run at (29,0) width 183: "his is text"
