layer at (0,0) size 800x600
  RenderView at (0,0) size 800x600
layer at (0,0) size 800x408
  RenderBlock {HTML} at (0,0) size 800x408
    RenderBody {BODY} at (8,16) size 784x384
      RenderBlock {P} at (0,0) size 784x42
        RenderText {#text} at (0,0) size 769x42
          text run at (0,0) width 769: "The following text should be rendered as 3 lines with justification. The spaces are evenly distributed over (the"
          text run at (0,21) width 110: "first line of) text."
      RenderBlock {DIV} at (0,58) size 100x147
        RenderText {#text} at (52,0) size 96x147
          text run at (52,0) width 48 RTL: "\x{648}\x{644}\x{64A}"
          text run at (20,21) width 80 RTL: "\x{627}\x{644}\x{639}\x{647}\x{62F}"
          text run at (36,42) width 64 RTL: "\x{64A}\x{648}\x{62C}\x{647}"
          text run at (4,63) width 96 RTL: "\x{628}\x{62A}\x{643}\x{631}\x{64A}\x{645}"
          text run at (20,84) width 80 RTL: "\x{645}\x{648}\x{627}\x{637}\x{646}"
          text run at (20,105) width 80 RTL: "\x{648}\x{645}\x{642}\x{64A}\x{645}"
          text run at (20,126) width 80 RTL: "\x{623}\x{646}\x{642}\x{630}\x{627}"
      RenderBlock (anonymous) at (0,205) size 784x21
        RenderBR {BR} at (0,0) size 0x21
      RenderBlock {P} at (0,242) size 784x42
        RenderText {#text} at (0,0) size 781x42
          text run at (0,0) width 781: "The following text should be rendered as 2 lines with justification. The 1st line should be totally justified ( which"
          text run at (0,21) width 52: "means "
          text run at (52,21) width 650: "aligned with the 2nd line at right side) and there should be no text overlapping in the 1st line."
      RenderBlock {DIV} at (0,300) size 250x84
        RenderText {#text} at (0,0) size 250x84
          text run at (0,0) width 250 RTL: "\x{627}\x{644}\x{62E}\x{645}\x{64A}\x{633}. \x{648}\x{642}\x{627}\x{644}"
          text run at (0,21) width 250 RTL: "\x{627}\x{644}\x{645}\x{62A}\x{62D}\x{62F}\x{62B} \x{627}\x{62D}\x{645}\x{62F} \x{641}\x{648}\x{632}\x{64A}"
          text run at (0,42) width 250 RTL: "\"\x{645}\x{627} \x{646}\x{62A}\x{648}\x{642}\x{639}\x{647} \x{641}\x{64A}"
          text run at (154,63) width 96 RTL: "\x{627}\x{644}\x{639}\x{627}\x{634}\x{631}"
