layer at (0,0) size 800x600
  RenderView at (0,0) size 800x600
layer at (0,0) size 800x600
  RenderBlock {HTML} at (0,0) size 800x600
    RenderBody {BODY} at (8,8) size 784x576
      RenderBlock {P} at (0,0) size 784x42
        RenderText {#text} at (0,0) size 737x42
          text run at (0,0) width 737: "This HTML tests if the 'while-space' property controls the behavors of line-break characters (U+000A and"
          text run at (0,21) width 244: "U+000D) in a complex text (Hindi)."
      RenderBlock {P} at (0,58) size 784x42
        RenderText {#text} at (0,0) size 776x42
          text run at (0,0) width 776: "If this test succeeds, you can see this Hindi word \"\x{935}\x{93F}\x{937}\x{92F}\x{94B}\x{902}\" repeated three times separated by a space in"
          text run at (0,21) width 639: "the first two paragraphs. In the third paragraphs, it'll be shown three times in separate lines."
      RenderBlock {P} at (0,116) size 784x21
        RenderText {#text} at (0,0) size 309x21
          text run at (0,0) width 309: "1. \x{935}\x{93F}\x{937}\x{92F}\x{94B}\x{902} \x{935}\x{93F}\x{937}\x{92F}\x{94B}\x{902}\x{D}\x{935}\x{93F}\x{937}\x{92F}\x{94B}\x{902}"
      RenderBlock {P} at (0,153) size 784x21
        RenderText {#text} at (0,0) size 309x21
          text run at (0,0) width 309: "2. \x{935}\x{93F}\x{937}\x{92F}\x{94B}\x{902} \x{935}\x{93F}\x{937}\x{92F}\x{94B}\x{902}\x{D}\x{935}\x{93F}\x{937}\x{92F}\x{94B}\x{902}"
      RenderBlock {P} at (0,190) size 784x63
        RenderText {#text} at (0,0) size 192x63
          text run at (0,0) width 13: "3."
          text run at (13,0) width 0: " "
          text run at (0,21) width 96: "\x{935}\x{93F}\x{937}\x{92F}\x{94B}\x{902}"
          text run at (96,21) width 0: " "
          text run at (0,42) width 192: "\x{935}\x{93F}\x{937}\x{92F}\x{94B}\x{902}\x{D}\x{935}\x{93F}\x{937}\x{92F}\x{94B}\x{902}"
