layer at (0,0) size 800x600
  RenderView at (0,0) size 800x600
layer at (0,0) size 800x600
  RenderBlock {HTML} at (0,0) size 800x600
    RenderBody {BODY} at (8,8) size 784x576
      RenderBlock {DIV} at (0,0) size 784x38
        RenderBlock {UL} at (0,0) size 784x38
          RenderListItem {LI} at (40,0) size 744x19
            RenderListMarker at (-18,0) size 7x19: bullet
            RenderInline {A} at (0,0) size 39x19 [color=#0000EE]
              RenderText {#text} at (705,0) size 39x19
                text run at (705,0) width 39: "Home"
          RenderListItem {LI} at (40,19) size 744x19
            RenderListMarker at (-18,0) size 7x19: bullet
            RenderInline {A} at (0,0) size 57x19 [color=#0000EE]
              RenderText {#text} at (687,0) size 57x19
                text run at (687,0) width 57: "Archives"
      RenderBlock {P} at (0,54) size 784x38
        RenderText {#text} at (0,0) size 764x38
          text run at (0,0) width 537: "This test case illustrates the correct positioning of list item bullets according to CSS3. "
          text run at (537,0) width 227: "The bullets should be on the far left,"
          text run at (0,19) width 278: "with the text of the list items on the far right."
