layer at (0,0) size 785x1808
  RenderView at (0,0) size 785x600
layer at (0,0) size 785x1808
  RenderBlock {HTML} at (0,0) size 785x1808
    RenderBody {BODY} at (8,8) size 769x1784
      RenderBlock {UL} at (0,0) size 202x134 [border: (1px solid #0000FF)]
        RenderListItem {LI} at (41,1) size 160x38 [border: (5px solid #FFA500)]
          RenderListMarker at (-18,10) size 7x19: bullet
          RenderText {#text} at (10,10) size 59x19
            text run at (10,10) width 59: "First item"
        RenderListItem {LI} at (41,39) size 160x56 [border: (5px solid #FFA500)]
          RenderListMarker at (-18,10) size 7x19: bullet
          RenderText {#text} at (10,10) size 138x37
            text run at (10,10) width 138: "Second and very very"
            text run at (10,28) width 59: "long item"
        RenderListItem {LI} at (41,95) size 160x38 [border: (5px solid #FFA500)]
          RenderListMarker at (-18,10) size 7x19: bullet
          RenderText {#text} at (10,10) size 66x19
            text run at (10,10) width 66: "Third item"
      RenderBlock {UL} at (0,150) size 202x134 [border: (1px solid #FF0000)]
        RenderListItem {LI} at (1,1) size 160x38 [border: (5px solid #FFA500)]
          RenderListMarker at (171,10) size 7x19: bullet
          RenderText {#text} at (91,10) size 59x19
            text run at (91,10) width 59: "First item"
        RenderListItem {LI} at (1,39) size 160x56 [border: (5px solid #FFA500)]
          RenderListMarker at (171,10) size 7x19: bullet
          RenderText {#text} at (12,10) size 138x37
            text run at (12,10) width 138: "Second and very very"
            text run at (91,28) width 59: "long item"
        RenderListItem {LI} at (1,95) size 160x38 [border: (5px solid #FFA500)]
          RenderListMarker at (171,10) size 7x19: bullet
          RenderText {#text} at (84,10) size 66x19
            text run at (84,10) width 66: "Third item"
      RenderBlock {UL} at (0,300) size 202x134 [border: (1px solid #0000FF)]
        RenderListItem {LI} at (41,1) size 160x38 [border: (5px solid #FFA500)]
          RenderListMarker at (9,10) size 7x19: bullet
          RenderText {#text} at (25,10) size 59x19
            text run at (25,10) width 59: "First item"
        RenderListItem {LI} at (41,39) size 160x56 [border: (5px solid #FFA500)]
          RenderListMarker at (9,10) size 7x19: bullet
          RenderText {#text} at (25,10) size 121x37
            text run at (25,10) width 106: "Second and very"
            text run at (10,28) width 91: "very long item"
        RenderListItem {LI} at (41,95) size 160x38 [border: (5px solid #FFA500)]
          RenderListMarker at (9,10) size 7x19: bullet
          RenderText {#text} at (25,10) size 66x19
            text run at (25,10) width 66: "Third item"
      RenderBlock {UL} at (0,450) size 202x134 [border: (1px solid #FF0000)]
        RenderListItem {LI} at (1,1) size 160x38 [border: (5px solid #FFA500)]
          RenderListMarker at (144,10) size 7x19: bullet
          RenderText {#text} at (76,10) size 59x19
            text run at (76,10) width 59: "First item"
        RenderListItem {LI} at (1,39) size 160x56 [border: (5px solid #FFA500)]
          RenderListMarker at (144,10) size 7x19: bullet
          RenderText {#text} at (29,10) size 121x37
            text run at (29,10) width 106: "Second and very"
            text run at (59,28) width 91: "very long item"
        RenderListItem {LI} at (1,95) size 160x38 [border: (5px solid #FFA500)]
          RenderListMarker at (144,10) size 7x19: bullet
          RenderText {#text} at (69,10) size 66x19
            text run at (69,10) width 66: "Third item"
      RenderBlock {UL} at (0,600) size 202x134 [border: (1px solid #0000FF)]
        RenderListItem {LI} at (41,1) size 160x38 [border: (5px solid #FFA500)]
          RenderListMarker at (-17,15) size 10x10
          RenderText {#text} at (10,10) size 59x19
            text run at (10,10) width 59: "First item"
        RenderListItem {LI} at (41,39) size 160x56 [border: (5px solid #FFA500)]
          RenderListMarker at (-17,15) size 10x10
          RenderText {#text} at (10,10) size 138x37
            text run at (10,10) width 138: "Second and very very"
            text run at (10,28) width 59: "long item"
        RenderListItem {LI} at (41,95) size 160x38 [border: (5px solid #FFA500)]
          RenderListMarker at (-17,15) size 10x10
          RenderText {#text} at (10,10) size 66x19
            text run at (10,10) width 66: "Third item"
      RenderBlock {UL} at (0,750) size 202x134 [border: (1px solid #FF0000)]
        RenderListItem {LI} at (1,1) size 160x38 [border: (5px solid #FFA500)]
          RenderListMarker at (167,15) size 10x10
          RenderText {#text} at (91,10) size 59x19
            text run at (91,10) width 59: "First item"
        RenderListItem {LI} at (1,39) size 160x56 [border: (5px solid #FFA500)]
          RenderListMarker at (167,15) size 10x10
          RenderText {#text} at (12,10) size 138x37
            text run at (12,10) width 138: "Second and very very"
            text run at (91,28) width 59: "long item"
        RenderListItem {LI} at (1,95) size 160x38 [border: (5px solid #FFA500)]
          RenderListMarker at (167,15) size 10x10
          RenderText {#text} at (84,10) size 66x19
            text run at (84,10) width 66: "Third item"
      RenderBlock {UL} at (0,900) size 202x134 [border: (1px solid #0000FF)]
        RenderListItem {LI} at (41,1) size 160x38 [border: (5px solid #FFA500)]
          RenderListMarker at (10,15) size 10x10
          RenderText {#text} at (27,10) size 59x19
            text run at (27,10) width 59: "First item"
        RenderListItem {LI} at (41,39) size 160x56 [border: (5px solid #FFA500)]
          RenderListMarker at (10,15) size 10x10
          RenderText {#text} at (27,10) size 123x37
            text run at (27,10) width 106: "Second and very"
            text run at (10,28) width 91: "very long item"
        RenderListItem {LI} at (41,95) size 160x38 [border: (5px solid #FFA500)]
          RenderListMarker at (10,15) size 10x10
          RenderText {#text} at (27,10) size 66x19
            text run at (27,10) width 66: "Third item"
      RenderBlock {UL} at (0,1050) size 202x134 [border: (1px solid #FF0000)]
        RenderListItem {LI} at (1,1) size 160x38 [border: (5px solid #FFA500)]
          RenderListMarker at (140,15) size 10x10
          RenderText {#text} at (74,10) size 59x19
            text run at (74,10) width 59: "First item"
        RenderListItem {LI} at (1,39) size 160x56 [border: (5px solid #FFA500)]
          RenderListMarker at (140,15) size 10x10
          RenderText {#text} at (27,10) size 123x37
            text run at (27,10) width 106: "Second and very"
            text run at (59,28) width 91: "very long item"
        RenderListItem {LI} at (1,95) size 160x38 [border: (5px solid #FFA500)]
          RenderListMarker at (140,15) size 10x10
          RenderText {#text} at (67,10) size 66x19
            text run at (67,10) width 66: "Third item"
      RenderBlock {OL} at (0,1200) size 202x134 [border: (1px solid #0000FF)]
        RenderListItem {LI} at (41,1) size 160x38 [border: (5px solid #FFA500)]
          RenderListMarker at (-21,10) size 16x19: "1"
          RenderText {#text} at (10,10) size 59x19
            text run at (10,10) width 59: "First item"
        RenderListItem {LI} at (41,39) size 160x56 [border: (5px solid #FFA500)]
          RenderListMarker at (-21,10) size 16x19: "2"
          RenderText {#text} at (10,10) size 138x37
            text run at (10,10) width 138: "Second and very very"
            text run at (10,28) width 59: "long item"
        RenderListItem {LI} at (41,95) size 160x38 [border: (5px solid #FFA500)]
          RenderListMarker at (-21,10) size 16x19: "3"
          RenderText {#text} at (10,10) size 66x19
            text run at (10,10) width 66: "Third item"
      RenderBlock {OL} at (0,1350) size 202x134 [border: (1px solid #FF0000)]
        RenderListItem {LI} at (1,1) size 160x38 [border: (5px solid #FFA500)]
          RenderListMarker at (165,10) size 16x19: "1"
          RenderText {#text} at (91,10) size 59x19
            text run at (91,10) width 59: "First item"
        RenderListItem {LI} at (1,39) size 160x56 [border: (5px solid #FFA500)]
          RenderListMarker at (165,10) size 16x19: "2"
          RenderText {#text} at (12,10) size 138x37
            text run at (12,10) width 138: "Second and very very"
            text run at (91,28) width 59: "long item"
        RenderListItem {LI} at (1,95) size 160x38 [border: (5px solid #FFA500)]
          RenderListMarker at (165,10) size 16x19: "3"
          RenderText {#text} at (84,10) size 66x19
            text run at (84,10) width 66: "Third item"
      RenderBlock {OL} at (0,1500) size 202x134 [border: (1px solid #0000FF)]
        RenderListItem {LI} at (41,1) size 160x38 [border: (5px solid #FFA500)]
          RenderListMarker at (10,10) size 16x19: "1"
          RenderText {#text} at (26,10) size 59x19
            text run at (26,10) width 59: "First item"
        RenderListItem {LI} at (41,39) size 160x56 [border: (5px solid #FFA500)]
          RenderListMarker at (10,10) size 16x19: "2"
          RenderText {#text} at (26,10) size 122x37
            text run at (26,10) width 106: "Second and very"
            text run at (10,28) width 91: "very long item"
        RenderListItem {LI} at (41,95) size 160x38 [border: (5px solid #FFA500)]
          RenderListMarker at (10,10) size 16x19: "3"
          RenderText {#text} at (26,10) size 66x19
            text run at (26,10) width 66: "Third item"
      RenderBlock {OL} at (0,1650) size 202x134 [border: (1px solid #FF0000)]
        RenderListItem {LI} at (1,1) size 160x38 [border: (5px solid #FFA500)]
          RenderListMarker at (134,10) size 16x19: "1"
          RenderText {#text} at (75,10) size 59x19
            text run at (75,10) width 59: "First item"
        RenderListItem {LI} at (1,39) size 160x56 [border: (5px solid #FFA500)]
          RenderListMarker at (134,10) size 16x19: "2"
          RenderText {#text} at (28,10) size 122x37
            text run at (28,10) width 106: "Second and very"
            text run at (59,28) width 91: "very long item"
        RenderListItem {LI} at (1,95) size 160x38 [border: (5px solid #FFA500)]
          RenderListMarker at (134,10) size 16x19: "3"
          RenderText {#text} at (68,10) size 66x19
            text run at (68,10) width 66: "Third item"
