layer at (0,0) size 800x600
  RenderView at (0,0) size 800x600
layer at (0,0) size 800x600
  RenderBlock {HTML} at (0,0) size 800x600
    RenderBody {BODY} at (8,8) size 784x576
      RenderBlock {P} at (0,0) size 784x19
        RenderText {#text} at (0,0) size 53x19
          text run at (0,0) width 53: "Test for "
        RenderInline {I} at (0,0) size 641x19
          RenderInline {A} at (0,0) size 301x19 [color=#0000EE]
            RenderText {#text} at (53,0) size 301x19
              text run at (53,0) width 301: "http://bugs.webkit.org/show_bug.cgi?id=14395"
          RenderText {#text} at (354,0) size 340x19
            text run at (354,0) width 4: " "
            text run at (358,0) width 336: "When a <p> is inside <li> two <BR>s are rendered"
        RenderText {#text} at (694,0) size 4x19
          text run at (694,0) width 4: "."
      RenderBlock {P} at (0,35) size 784x19
        RenderText {#text} at (0,0) size 487x19
          text run at (0,0) width 487: "In all of the following, the bullets should be lined up with the first line of text."
      RenderBlock {UL} at (0,70) size 784x19
        RenderListItem {LI} at (40,0) size 744x19
          RenderBlock (anonymous) at (0,0) size 744x0
            RenderInline {SPAN} at (0,0) size 0x0
              RenderText {#text} at (0,0) size 0x0
          RenderBlock (anonymous) at (0,0) size 744x19
            RenderBlock {DIV} at (0,0) size 744x19
              RenderListMarker at (-18,0) size 7x19: bullet
              RenderText {#text} at (0,0) size 27x19
                text run at (0,0) width 27: "item"
          RenderBlock (anonymous) at (0,19) size 744x0
            RenderInline {SPAN} at (0,0) size 0x0
      RenderBlock {UL} at (0,105) size 784x19
        RenderListItem {LI} at (40,0) size 744x19
          RenderBlock (anonymous) at (0,0) size 744x0
            RenderInline {SPAN} at (0,0) size 0x0
              RenderText {#text} at (0,0) size 0x0
            RenderText {#text} at (0,0) size 0x0
          RenderBlock {DIV} at (0,0) size 744x19
            RenderListMarker at (-18,0) size 7x19: bullet
            RenderText {#text} at (0,0) size 27x19
              text run at (0,0) width 27: "item"
      RenderBlock {UL} at (0,140) size 784x19
        RenderListItem {LI} at (40,0) size 744x19
          RenderBlock (anonymous) at (0,0) size 744x0
            RenderInline {SPAN} at (0,0) size 0x0
              RenderText {#text} at (0,0) size 0x0
              RenderInline {I} at (0,0) size 0x0
                RenderText {#text} at (0,0) size 0x0
          RenderBlock (anonymous) at (0,0) size 744x19
            RenderBlock {DIV} at (0,0) size 744x19
              RenderListMarker at (-18,0) size 7x19: bullet
              RenderText {#text} at (0,0) size 27x19
                text run at (0,0) width 27: "item"
          RenderBlock (anonymous) at (0,19) size 744x0
            RenderInline {SPAN} at (0,0) size 0x0
              RenderInline {I} at (0,0) size 0x0
              RenderText {#text} at (0,0) size 0x0
            RenderText {#text} at (0,0) size 0x0
      RenderBlock {UL} at (0,175) size 784x38
        RenderListItem {LI} at (40,0) size 744x38
          RenderBlock (anonymous) at (0,0) size 744x19
            RenderListMarker at (-18,0) size 7x19: bullet
            RenderInline {SPAN} at (0,0) size 40x19
              RenderInline (generated) at (0,0) size 40x19
                RenderText at (0,0) size 40x19
                  text run at (0,0) width 40: "before"
              RenderText {#text} at (0,0) size 0x0
          RenderBlock (anonymous) at (0,19) size 744x19
            RenderBlock {DIV} at (0,0) size 744x19
              RenderText {#text} at (0,0) size 27x19
                text run at (0,0) width 27: "item"
          RenderBlock (anonymous) at (0,38) size 744x0
            RenderInline {SPAN} at (0,0) size 0x0
      RenderBlock {UL} at (0,229) size 784x38
        RenderListItem {LI} at (40,0) size 744x38
          RenderBlock (anonymous) at (0,0) size 744x0
            RenderInline {SPAN} at (0,0) size 0x0
          RenderBlock (anonymous) at (0,0) size 744x19
            RenderBlock {UL} at (0,0) size 744x19
              RenderListItem {LI} at (40,0) size 704x19
                RenderListMarker at (-58,0) size 7x19: bullet
                RenderListMarker at (-18,0) size 7x19: white bullet
                RenderText {#text} at (0,0) size 27x19
                  text run at (0,0) width 27: "item"
          RenderBlock (anonymous) at (0,19) size 744x19
            RenderInline {SPAN} at (0,0) size 0x0
            RenderBR {BR} at (0,0) size 0x19
      RenderBlock {UL} at (0,283) size 784x38
        RenderListItem {LI} at (40,0) size 744x38
          RenderBlock {DIV} at (0,0) size 744x19
            RenderBlock {UL} at (0,0) size 744x19
              RenderListItem {LI} at (40,0) size 704x19
                RenderListMarker at (-58,0) size 7x19: bullet
                RenderListMarker at (-18,0) size 7x19: white bullet
                RenderText {#text} at (0,0) size 27x19
                  text run at (0,0) width 27: "item"
          RenderBlock (anonymous) at (0,19) size 744x19
            RenderBR {BR} at (0,0) size 0x19
      RenderBlock {P} at (0,337) size 784x19
        RenderText {#text} at (0,0) size 522x19
          text run at (0,0) width 522: "In this case, the solid bullet should be one line above the hollow bullet and the text."
      RenderBlock {UL} at (0,372) size 784x57
        RenderListItem {LI} at (40,0) size 744x57
          RenderBlock (anonymous) at (0,0) size 744x19
            RenderListMarker at (-18,0) size 7x19: bullet
          RenderBlock {UL} at (0,19) size 744x19
            RenderListItem {LI} at (40,0) size 704x19
              RenderListMarker at (-18,0) size 7x19: white bullet
              RenderText {#text} at (0,0) size 27x19
                text run at (0,0) width 27: "item"
          RenderBlock (anonymous) at (0,38) size 744x19
            RenderBR {BR} at (0,0) size 0x19
