layer at (0,0) size 785x1186
  RenderView at (0,0) size 785x600
layer at (0,0) size 785x1186
  RenderBlock {HTML} at (0,0) size 785x1186
    RenderBody {BODY} at (8,8) size 769x1170
      RenderBlock (anonymous) at (0,0) size 769x19
        RenderText {#text} at (0,0) size 109x19
          text run at (0,0) width 109: "No start attribute."
      RenderBlock {OL} at (0,35) size 769x38
        RenderListItem {LI} at (40,0) size 729x19
          RenderListMarker at (-21,0) size 16x19: "1"
          RenderText {#text} at (0,0) size 76x19
            text run at (0,0) width 76: "Should be 1"
        RenderListItem {LI} at (40,19) size 729x19
          RenderListMarker at (-21,0) size 16x19: "2"
          RenderText {#text} at (0,0) size 76x19
            text run at (0,0) width 76: "Should be 2"
      RenderBlock {HR} at (0,89) size 769x2 [border: (1px inset #000000)]
      RenderBlock (anonymous) at (0,99) size 769x19
        RenderText {#text} at (0,0) size 26x19
          text run at (0,0) width 26: "start"
      RenderBlock {OL} at (0,134) size 769x38
        RenderListItem {LI} at (40,0) size 729x19
          RenderListMarker at (-21,0) size 16x19: "1"
          RenderText {#text} at (0,0) size 76x19
            text run at (0,0) width 76: "Should be 1"
        RenderListItem {LI} at (40,19) size 729x19
          RenderListMarker at (-21,0) size 16x19: "2"
          RenderText {#text} at (0,0) size 76x19
            text run at (0,0) width 76: "Should be 2"
      RenderBlock {HR} at (0,188) size 769x2 [border: (1px inset #000000)]
      RenderBlock (anonymous) at (0,198) size 769x19
        RenderText {#text} at (0,0) size 49x19
          text run at (0,0) width 49: "start=\"\""
      RenderBlock {OL} at (0,233) size 769x38
        RenderListItem {LI} at (40,0) size 729x19
          RenderListMarker at (-21,0) size 16x19: "1"
          RenderText {#text} at (0,0) size 76x19
            text run at (0,0) width 76: "Should be 1"
        RenderListItem {LI} at (40,19) size 729x19
          RenderListMarker at (-21,0) size 16x19: "2"
          RenderText {#text} at (0,0) size 76x19
            text run at (0,0) width 76: "Should be 2"
      RenderBlock {HR} at (0,287) size 769x2 [border: (1px inset #000000)]
      RenderBlock (anonymous) at (0,297) size 769x19
        RenderText {#text} at (0,0) size 65x19
          text run at (0,0) width 65: "start=\" 2 \""
      RenderBlock {OL} at (0,332) size 769x38
        RenderListItem {LI} at (40,0) size 729x19
          RenderListMarker at (-21,0) size 16x19: "2"
          RenderText {#text} at (0,0) size 76x19
            text run at (0,0) width 76: "Should be 2"
        RenderListItem {LI} at (40,19) size 729x19
          RenderListMarker at (-21,0) size 16x19: "3"
          RenderText {#text} at (0,0) size 76x19
            text run at (0,0) width 76: "Should be 3"
      RenderBlock {HR} at (0,386) size 769x2 [border: (1px inset #000000)]
      RenderBlock (anonymous) at (0,396) size 769x19
        RenderText {#text} at (0,0) size 66x19
          text run at (0,0) width 66: "start=\"+2\""
      RenderBlock {OL} at (0,431) size 769x38
        RenderListItem {LI} at (40,0) size 729x19
          RenderListMarker at (-21,0) size 16x19: "2"
          RenderText {#text} at (0,0) size 76x19
            text run at (0,0) width 76: "Should be 2"
        RenderListItem {LI} at (40,19) size 729x19
          RenderListMarker at (-21,0) size 16x19: "3"
          RenderText {#text} at (0,0) size 76x19
            text run at (0,0) width 76: "Should be 3"
      RenderBlock {HR} at (0,485) size 769x2 [border: (1px inset #000000)]
      RenderBlock (anonymous) at (0,495) size 769x19
        RenderText {#text} at (0,0) size 69x19
          text run at (0,0) width 69: "start=\"A2\""
      RenderBlock {OL} at (0,530) size 769x38
        RenderListItem {LI} at (40,0) size 729x19
          RenderListMarker at (-21,0) size 16x19: "1"
          RenderText {#text} at (0,0) size 76x19
            text run at (0,0) width 76: "Should be 1"
        RenderListItem {LI} at (40,19) size 729x19
          RenderListMarker at (-21,0) size 16x19: "2"
          RenderText {#text} at (0,0) size 76x19
            text run at (0,0) width 76: "Should be 2"
      RenderBlock {HR} at (0,584) size 769x2 [border: (1px inset #000000)]
      RenderBlock (anonymous) at (0,594) size 769x19
        RenderText {#text} at (0,0) size 61x19
          text run at (0,0) width 61: "start=\".2\""
      RenderBlock {OL} at (0,629) size 769x38
        RenderListItem {LI} at (40,0) size 729x19
          RenderListMarker at (-21,0) size 16x19: "1"
          RenderText {#text} at (0,0) size 76x19
            text run at (0,0) width 76: "Should be 1"
        RenderListItem {LI} at (40,19) size 729x19
          RenderListMarker at (-21,0) size 16x19: "2"
          RenderText {#text} at (0,0) size 76x19
            text run at (0,0) width 76: "Should be 2"
      RenderBlock {HR} at (0,683) size 769x2 [border: (1px inset #000000)]
      RenderBlock (anonymous) at (0,693) size 769x19
        RenderText {#text} at (0,0) size 65x19
          text run at (0,0) width 65: "start=\"#2\""
      RenderBlock {OL} at (0,728) size 769x38
        RenderListItem {LI} at (40,0) size 729x19
          RenderListMarker at (-21,0) size 16x19: "1"
          RenderText {#text} at (0,0) size 76x19
            text run at (0,0) width 76: "Should be 1"
        RenderListItem {LI} at (40,19) size 729x19
          RenderListMarker at (-21,0) size 16x19: "2"
          RenderText {#text} at (0,0) size 76x19
            text run at (0,0) width 76: "Should be 2"
      RenderBlock (anonymous) at (0,782) size 769x19
        RenderText {#text} at (0,0) size 57x19
          text run at (0,0) width 57: "start=\"0\""
      RenderBlock {OL} at (0,817) size 769x38
        RenderListItem {LI} at (40,0) size 729x19
          RenderListMarker at (-21,0) size 16x19: "0"
          RenderText {#text} at (0,0) size 76x19
            text run at (0,0) width 76: "Should be 0"
        RenderListItem {LI} at (40,19) size 729x19
          RenderListMarker at (-21,0) size 16x19: "1"
          RenderText {#text} at (0,0) size 76x19
            text run at (0,0) width 76: "Should be 1"
      RenderBlock {HR} at (0,871) size 769x2 [border: (1px inset #000000)]
      RenderBlock (anonymous) at (0,881) size 769x19
        RenderText {#text} at (0,0) size 65x19
          text run at (0,0) width 65: "start=\" 0 \""
      RenderBlock {OL} at (0,916) size 769x38
        RenderListItem {LI} at (40,0) size 729x19
          RenderListMarker at (-21,0) size 16x19: "0"
          RenderText {#text} at (0,0) size 76x19
            text run at (0,0) width 76: "Should be 0"
        RenderListItem {LI} at (40,19) size 729x19
          RenderListMarker at (-21,0) size 16x19: "1"
          RenderText {#text} at (0,0) size 76x19
            text run at (0,0) width 76: "Should be 1"
      RenderBlock {HR} at (0,970) size 769x2 [border: (1px inset #000000)]
      RenderBlock (anonymous) at (0,980) size 769x19
        RenderText {#text} at (0,0) size 57x19
          text run at (0,0) width 57: "start=\"2\""
      RenderBlock {OL} at (0,1015) size 769x38
        RenderListItem {LI} at (40,0) size 729x19
          RenderListMarker at (-21,0) size 16x19: "2"
          RenderText {#text} at (0,0) size 76x19
            text run at (0,0) width 76: "Should be 2"
        RenderListItem {LI} at (40,19) size 729x19
          RenderListMarker at (-21,0) size 16x19: "3"
          RenderText {#text} at (0,0) size 76x19
            text run at (0,0) width 76: "Should be 3"
      RenderBlock {HR} at (0,1069) size 769x2 [border: (1px inset #000000)]
      RenderBlock (anonymous) at (0,1079) size 769x19
        RenderText {#text} at (0,0) size 62x19
          text run at (0,0) width 62: "start=\"-2\""
      RenderBlock {OL} at (0,1114) size 769x38
        RenderListItem {LI} at (40,0) size 729x19
          RenderListMarker at (-26,0) size 21x19: "-2"
          RenderText {#text} at (0,0) size 81x19
            text run at (0,0) width 81: "Should be -2"
        RenderListItem {LI} at (40,19) size 729x19
          RenderListMarker at (-26,0) size 21x19: "-1"
          RenderText {#text} at (0,0) size 81x19
            text run at (0,0) width 81: "Should be -1"
      RenderBlock {HR} at (0,1168) size 769x2 [border: (1px inset #000000)]
