layer at (0,0) size 785x806
  RenderView at (0,0) size 785x600
layer at (0,0) size 785x806
  RenderBlock {HTML} at (0,0) size 785x806
    RenderBody {BODY} at (8,8) size 769x782
      RenderBlock (anonymous) at (0,0) size 769x19
        RenderText {#text} at (0,0) size 128x19
          text run at (0,0) width 128: "1. Basic inheritance:"
      RenderBlock {OL} at (0,35) size 769x38
        RenderListItem {LI} at (40,0) size 729x19
          RenderListMarker at (-21,0) size 16x19: "3"
          RenderText {#text} at (0,0) size 76x19
            text run at (0,0) width 76: "Should be 3"
        RenderListItem {LI} at (40,19) size 729x19
          RenderListMarker at (-21,0) size 16x19: "4"
          RenderText {#text} at (0,0) size 76x19
            text run at (0,0) width 76: "Should be 4"
      RenderBlock {HR} at (0,89) size 769x2 [border: (1px inset #000000)]
      RenderBlock (anonymous) at (0,99) size 769x19
        RenderText {#text} at (0,0) size 289x19
          text run at (0,0) width 289: "2. Test that the inner start value gets inherited:"
      RenderBlock {OL} at (0,134) size 769x38
        RenderListItem {LI} at (40,0) size 729x19
          RenderListMarker at (-21,0) size 16x19: "5"
          RenderText {#text} at (0,0) size 76x19
            text run at (0,0) width 76: "Should be 5"
        RenderBlock {OL} at (40,19) size 729x19
          RenderListItem {LI} at (40,0) size 689x19
            RenderListMarker at (-21,0) size 16x19: "3"
            RenderText {#text} at (0,0) size 76x19
              text run at (0,0) width 76: "Should be 3"
      RenderBlock {HR} at (0,188) size 769x2 [border: (1px inset #000000)]
      RenderBlock (anonymous) at (0,198) size 769x19
        RenderText {#text} at (0,0) size 383x19
          text run at (0,0) width 383: "3. Test that extra tags before the li don't block the inheritance"
      RenderBlock {OL} at (0,233) size 769x54
        RenderBlock {P} at (40,0) size 729x19
          RenderText {#text} at (0,0) size 29x19
            text run at (0,0) width 29: "Text"
        RenderListItem {LI} at (40,35) size 729x19
          RenderListMarker at (-21,0) size 16x19: "3"
          RenderText {#text} at (0,0) size 76x19
            text run at (0,0) width 76: "Should be 3"
      RenderBlock {HR} at (0,303) size 769x2 [border: (1px inset #000000)]
      RenderBlock (anonymous) at (0,313) size 769x19
        RenderText {#text} at (0,0) size 270x19
          text run at (0,0) width 270: "4. Test for inheritance through many levels"
      RenderBlock {OL} at (0,348) size 769x19
        RenderBlock (anonymous) at (40,0) size 729x0
          RenderInline {B} at (0,0) size 0x0
        RenderBlock (anonymous) at (40,0) size 729x19
          RenderListItem {LI} at (0,0) size 729x19
            RenderListMarker at (-21,0) size 16x19: "3"
            RenderText {#text} at (0,0) size 154x19
              text run at (0,0) width 154: "Should be 3 (and bold)"
        RenderBlock (anonymous) at (40,19) size 729x0
          RenderInline {B} at (0,0) size 0x0
          RenderText {#text} at (0,0) size 0x0
      RenderBlock {HR} at (0,383) size 769x2 [border: (1px inset #000000)]
      RenderBlock (anonymous) at (0,393) size 769x19
        RenderText {#text} at (0,0) size 416x19
          text run at (0,0) width 416: "5. Test for properly chaining from the previous li when it is nested"
      RenderBlock {OL} at (0,428) size 769x57
        RenderBlock (anonymous) at (40,0) size 729x0
          RenderInline {B} at (0,0) size 0x0
        RenderBlock (anonymous) at (40,0) size 729x19
          RenderListItem {LI} at (0,0) size 729x19
            RenderListMarker at (-21,0) size 16x19: "3"
            RenderText {#text} at (0,0) size 154x19
              text run at (0,0) width 154: "Should be 3 (and bold)"
        RenderBlock (anonymous) at (40,19) size 729x0
          RenderInline {B} at (0,0) size 0x0
          RenderText {#text} at (0,0) size 0x0
        RenderListItem {LI} at (40,19) size 729x19
          RenderListMarker at (-21,0) size 16x19: "4"
          RenderText {#text} at (0,0) size 76x19
            text run at (0,0) width 76: "Should be 4"
        RenderListItem {LI} at (40,38) size 729x19
          RenderListMarker at (-21,0) size 16x19: "5"
          RenderText {#text} at (0,0) size 76x19
            text run at (0,0) width 76: "Should be 5"
      RenderBlock {HR} at (0,501) size 769x2 [border: (1px inset #000000)]
      RenderBlock (anonymous) at (0,511) size 769x19
        RenderText {#text} at (0,0) size 452x19
          text run at (0,0) width 452: "6. Test for properly chaining from the previous li when current is nested"
      RenderBlock {OL} at (0,546) size 769x38
        RenderListItem {LI} at (40,0) size 729x19
          RenderListMarker at (-21,0) size 16x19: "1"
          RenderText {#text} at (0,0) size 76x19
            text run at (0,0) width 76: "Should be 1"
        RenderBlock (anonymous) at (40,19) size 729x0
          RenderInline {B} at (0,0) size 0x0
        RenderBlock (anonymous) at (40,19) size 729x19
          RenderListItem {LI} at (0,0) size 729x19
            RenderListMarker at (-21,0) size 16x19: "2"
            RenderText {#text} at (0,0) size 154x19
              text run at (0,0) width 154: "Should be 2 (and bold)"
        RenderBlock (anonymous) at (40,38) size 729x0
          RenderInline {B} at (0,0) size 0x0
          RenderText {#text} at (0,0) size 0x0
      RenderBlock {HR} at (0,600) size 769x2 [border: (1px inset #000000)]
      RenderBlock (anonymous) at (0,610) size 769x19
        RenderText {#text} at (0,0) size 445x19
          text run at (0,0) width 445: "7. Test for properly chaining from the previous li when both are nested"
      RenderBlock {OL} at (0,645) size 769x38
        RenderBlock (anonymous) at (40,0) size 729x0
          RenderInline {I} at (0,0) size 0x0
        RenderBlock (anonymous) at (40,0) size 729x19
          RenderListItem {LI} at (0,0) size 729x19
            RenderListMarker at (-21,0) size 16x19: "2"
            RenderText {#text} at (0,0) size 148x19
              text run at (0,0) width 148: "Should be 2 (and italic)"
        RenderBlock (anonymous) at (40,19) size 729x0
          RenderInline {I} at (0,0) size 0x0
          RenderText {#text} at (0,0) size 0x0
          RenderInline {B} at (0,0) size 0x0
        RenderBlock (anonymous) at (40,19) size 729x19
          RenderListItem {LI} at (0,0) size 729x19
            RenderListMarker at (-21,0) size 16x19: "3"
            RenderText {#text} at (0,0) size 154x19
              text run at (0,0) width 154: "Should be 3 (and bold)"
        RenderBlock (anonymous) at (40,38) size 729x0
          RenderInline {B} at (0,0) size 0x0
          RenderText {#text} at (0,0) size 0x0
      RenderBlock {HR} at (0,699) size 769x2 [border: (1px inset #000000)]
      RenderBlock (anonymous) at (0,709) size 769x19
        RenderText {#text} at (0,0) size 352x19
          text run at (0,0) width 352: "8. Test for not inheriting improperly from an another list"
      RenderBlock {OL} at (0,744) size 769x38
        RenderBlock {OL} at (40,0) size 729x19
          RenderListItem {LI} at (40,0) size 689x19
            RenderListMarker at (-21,0) size 16x19: "2"
            RenderText {#text} at (0,0) size 76x19
              text run at (0,0) width 76: "Should be 2"
        RenderListItem {LI} at (40,19) size 729x19
          RenderListMarker at (-21,0) size 16x19: "5"
          RenderText {#text} at (0,0) size 76x19
            text run at (0,0) width 76: "Should be 5"
