CONSOLE MESSAGE: line 9: Uncaught TypeError: Object #<HTMLDivElement> has no method 'setIdAttribute'
layer at (0,0) size 800x600
  RenderView at (0,0) size 800x600
layer at (0,0) size 800x196
  RenderBlock {test} at (0,0) size 800x196
    RenderBlock {p} at (0,16) size 800x20 [color=#000080]
      RenderText {#text} at (0,0) size 487x19
        text run at (0,0) width 487: "This test requires support for two or more of XHTML, xml:id, and DOM3 Core."
    RenderBlock {div} at (0,52) size 800x20 [color=#FF0000]
      RenderText {#text} at (0,0) size 152x19
        text run at (0,0) width 152: "This line should be green."
    RenderBlock {p} at (0,88) size 800x20 [color=#008000]
      RenderText {#text} at (0,0) size 152x19
        text run at (0,0) width 152: "This line should be green."
    RenderBlock {p} at (0,124) size 800x20 [color=#008000]
      RenderText {#text} at (0,0) size 152x19
        text run at (0,0) width 152: "This line should be green."
    RenderBlock {p} at (0,160) size 800x20 [color=#008000]
      RenderText {#text} at (0,0) size 152x19
        text run at (0,0) width 152: "This line should be green."
