layer at (0,0) size 800x600
  RenderView at (0,0) size 800x600
layer at (0,0) size 800x360
  RenderBlock {HTML} at (0,0) size 800x360
    RenderBody {BODY} at (8,16) size 784x328
      RenderBlock {P} at (0,0) size 784x27
        RenderTextControl {INPUT} at (618,2) size 164x23
          RenderDeprecatedFlexibleBox {DIV} at (2,2) size 160x19
            RenderBlock {DIV} at (16,0) size 144x19
        RenderText {#text} at (0,0) size 0x0
      RenderBlock {P} at (0,43) size 784x27
        RenderTextControl {INPUT} at (618,2) size 164x23
          RenderDeprecatedFlexibleBox {DIV} at (2,2) size 160x19
            RenderBlock {DIV} at (16,0) size 144x19
        RenderText {#text} at (0,0) size 0x0
      RenderBlock {P} at (0,86) size 784x27
        RenderTextControl {INPUT} at (2,2) size 164x23
          RenderDeprecatedFlexibleBox {DIV} at (2,2) size 160x19
            RenderBlock {DIV} at (16,0) size 144x19
        RenderText {#text} at (0,0) size 0x0
      RenderBlock {P} at (0,129) size 784x27
        RenderTextControl {INPUT} at (2,2) size 164x23
          RenderDeprecatedFlexibleBox {DIV} at (2,2) size 160x19
            RenderBlock {DIV} at (16,0) size 144x19
        RenderText {#text} at (0,0) size 0x0
        RenderText {#text} at (0,0) size 0x0
      RenderBlock {P} at (0,172) size 784x27
        RenderTextControl {INPUT} at (2,2) size 164x23
          RenderDeprecatedFlexibleBox {DIV} at (2,2) size 160x19
            RenderBlock {DIV} at (0,0) size 144x19
        RenderText {#text} at (0,0) size 0x0
      RenderBlock {P} at (0,215) size 784x27
        RenderTextControl {INPUT} at (2,2) size 164x23
          RenderDeprecatedFlexibleBox {DIV} at (2,2) size 160x19
            RenderBlock {DIV} at (0,0) size 144x19
        RenderText {#text} at (0,0) size 0x0
        RenderText {#text} at (0,0) size 0x0
      RenderBlock {P} at (0,258) size 784x27
        RenderTextControl {INPUT} at (2,2) size 164x23
          RenderDeprecatedFlexibleBox {DIV} at (2,2) size 160x19
            RenderBlock {DIV} at (16,0) size 144x19
        RenderText {#text} at (0,0) size 0x0
      RenderBlock {P} at (0,301) size 784x27
        RenderTextControl {INPUT} at (2,2) size 164x23
          RenderDeprecatedFlexibleBox {DIV} at (2,2) size 160x19
            RenderBlock {DIV} at (16,0) size 144x19
        RenderText {#text} at (0,0) size 0x0
        RenderText {#text} at (0,0) size 0x0
layer at (644,20) size 144x19
  RenderBlock {DIV} at (0,0) size 144x19
    RenderText {#text} at (136,0) size 8x19
      text run at (136,0) width 8: "1"
layer at (644,63) size 144x19
  RenderBlock {DIV} at (0,0) size 144x19
    RenderText {#text} at (136,0) size 8x19
      text run at (136,0) width 8: "2"
layer at (28,106) size 144x19
  RenderBlock {DIV} at (0,0) size 144x19
    RenderText {#text} at (136,0) size 8x19
      text run at (136,0) width 8: "3"
layer at (28,149) size 144x19
  RenderBlock {DIV} at (0,0) size 144x19
    RenderText {#text} at (112,0) size 32x19
      text run at (112,0) width 32: "1234"
layer at (12,192) size 144x19
  RenderBlock {DIV} at (0,0) size 144x19
    RenderText {#text} at (0,0) size 8x19
      text run at (0,0) width 8: "5"
layer at (12,235) size 144x19
  RenderBlock {DIV} at (0,0) size 144x19
    RenderText {#text} at (0,0) size 8x19
      text run at (0,0) width 8: "6"
layer at (28,278) size 144x19
  RenderBlock {DIV} at (0,0) size 144x19
    RenderText {#text} at (136,0) size 8x19
      text run at (136,0) width 8: "7"
layer at (28,321) size 144x19
  RenderBlock {DIV} at (0,0) size 144x19
    RenderText {#text} at (136,0) size 8x19
      text run at (136,0) width 8: "8"
layer at (626,18) size 16x23
  RenderBlock (relative positioned) {DIV} at (-2,-2) size 16x23
layer at (626,61) size 16x23
  RenderBlock (relative positioned) {DIV} at (-2,-2) size 16x23
layer at (10,104) size 16x23
  RenderBlock (relative positioned) {DIV} at (-2,-2) size 16x23
layer at (10,147) size 16x23
  RenderBlock (relative positioned) {DIV} at (-2,-2) size 16x23
layer at (158,190) size 16x23
  RenderBlock (relative positioned) {DIV} at (146,-2) size 16x23
layer at (158,233) size 16x23
  RenderBlock (relative positioned) {DIV} at (146,-2) size 16x23
layer at (10,276) size 16x23
  RenderBlock (relative positioned) {DIV} at (-2,-2) size 16x23
layer at (10,319) size 16x23
  RenderBlock (relative positioned) {DIV} at (-2,-2) size 16x23
caret: position 4 of child 0 {#text} of child 0 {DIV} of child 0 {DIV} of child 0 {DIV} of {#shadow-root} of child 0 {INPUT} of child 6 {P} of body
