layer at (0,0) size 800x600
  RenderView at (0,0) size 800x600
layer at (0,0) size 800x600
  RenderBlock {HTML} at (0,0) size 800x600
    RenderBody {BODY} at (8,8) size 784x584
      RenderBlock {P} at (0,0) size 784x19
        RenderText {#text} at (0,0) size 754x19
          text run at (0,0) width 754: "Test appearances of spin buttons. Disabled state and read-only state should have appearances different from the normal state."
      RenderBlock {DIV} at (0,35) size 784x31
        RenderInline {LABEL} at (0,0) size 290x19
          RenderTextControl {INPUT} at (2,2) size 204x27
            RenderDeprecatedFlexibleBox {DIV} at (2,2) size 200x23
              RenderBlock {DIV} at (0,0) size 184x23
          RenderText {#text} at (208,7) size 82x19
            text run at (208,7) width 82: " Normal state"
      RenderBlock {DIV} at (0,66) size 784x31
        RenderInline {LABEL} at (0,0) size 297x19
          RenderTextControl {INPUT} at (2,2) size 204x27
            RenderDeprecatedFlexibleBox {DIV} at (2,2) size 200x23
              RenderBlock {DIV} at (0,0) size 184x23
          RenderText {#text} at (208,7) size 89x19
            text run at (208,7) width 89: " Disabled state"
      RenderBlock {DIV} at (0,97) size 784x31
        RenderInline {LABEL} at (0,0) size 307x19
          RenderTextControl {INPUT} at (2,2) size 204x27
            RenderDeprecatedFlexibleBox {DIV} at (2,2) size 200x23
              RenderBlock {DIV} at (0,0) size 184x23
          RenderText {#text} at (208,7) size 99x19
            text run at (208,7) width 99: " Read-only state"
layer at (12,47) size 184x23
  RenderBlock {DIV} at (0,0) size 184x23
    RenderText {#text} at (0,0) size 10x23
      text run at (0,0) width 10: "0"
layer at (12,78) size 184x23
  RenderBlock {DIV} at (0,0) size 184x23 [color=#545454]
    RenderText {#text} at (0,0) size 10x23
      text run at (0,0) width 10: "0"
layer at (12,109) size 184x23
  RenderBlock {DIV} at (0,0) size 184x23
    RenderText {#text} at (0,0) size 10x23
      text run at (0,0) width 10: "0"
layer at (198,45) size 16x27
  RenderBlock (relative positioned) {DIV} at (186,-2) size 16x27
layer at (198,76) size 16x27
  RenderBlock (relative positioned) {DIV} at (186,-2) size 16x27
layer at (198,107) size 16x27
  RenderBlock (relative positioned) {DIV} at (186,-2) size 16x27
