layer at (0,0) size 800x600
  RenderView at (0,0) size 800x600
layer at (0,0) size 800x600
  RenderBlock {HTML} at (0,0) size 800x600
    RenderBody {BODY} at (8,8) size 784x584
layer at (8,8) size 404x404 clip at (10,10) size 400x400 scrollHeight 2480
  RenderBlock {DIV} at (0,0) size 404x404 [border: (2px solid #000000)]
    RenderText {#text} at (2,2) size 399x2180
      text run at (2,2) width 347: "Lorem ipsum dolor sit amet, consectetur adipiscing elit."
      text run at (2,20) width 388: "Maecenas lacinia massa in lectus pretium vulputate. Curabitur"
      text run at (2,38) width 398: "viverra augue in leo faucibus congue. Vestibulum ligula neque,"
      text run at (2,56) width 366: "commodo eget blandit sit amet, facilisis vitae mi. Vivamus"
      text run at (2,74) width 360: "pretium lorem a quam imperdiet in placerat purus sagittis."
      text run at (2,92) width 370: "Aliquam ut dui nibh. Cras faucibus imperdiet pellentesque."
      text run at (2,110) width 378: "Curabitur vel tortor quam, ut pharetra eros. Mauris euismod,"
      text run at (2,128) width 372: "justo in mattis ultricies, risus velit pretium ligula, eu sodales"
      text run at (2,146) width 352: "libero dolor et massa. Phasellus eros quam, faucibus sed"
      text run at (2,164) width 378: "consectetur et, elementum ut erat. Morbi fringilla, lorem non"
      text run at (2,182) width 355: "fermentum vulputate, quam metus ullamcorper quam, eu"
      text run at (2,200) width 362: "porttitor diam metus eget augue. Donec non lorem et arcu"
      text run at (2,218) width 391: "adipiscing suscipit. Donec porta euismod magna a fermentum."
      text run at (2,236) width 382: "Suspendisse vestibulum rhoncus bibendum. Nam in nisi eget"
      text run at (2,254) width 397: "nulla vestibulum rutrum. Aenean eu libero turpis. Lorem ipsum"
      text run at (2,272) width 371: "dolor sit amet, consectetur adipiscing elit. Maecenas lacinia"
      text run at (2,290) width 382: "massa in lectus pretium vulputate. Curabitur viverra augue in"
      text run at (2,308) width 389: "leo faucibus congue. Vestibulum ligula neque, commodo eget"
      text run at (2,326) width 372: "blandit sit amet, facilisis vitae mi. Vivamus pretium lorem a"
      text run at (2,344) width 392: "quam imperdiet in placerat purus sagittis. Aliquam ut dui nibh."
      text run at (2,362) width 360: "Cras faucibus imperdiet pellentesque. Curabitur vel tortor"
      text run at (2,380) width 344: "quam, ut pharetra eros. Mauris euismod, justo in mattis"
      text run at (2,402) width 373: "ultricies, risus velit pretium ligula, eu sodales libero dolor et"
      text run at (2,420) width 354: "massa. Phasellus eros quam, faucibus sed consectetur et,"
      text run at (2,438) width 356: "elementum ut erat. Morbi fringilla, lorem non fermentum"
      text run at (2,456) width 372: "vulputate, quam metus ullamcorper quam, eu porttitor diam"
      text run at (2,474) width 396: "metus eget augue. Donec non lorem et arcu adipiscing suscipit."
      text run at (2,492) width 349: "Donec porta euismod magna a fermentum. Suspendisse"
      text run at (2,510) width 336: "vestibulum rhoncus bibendum. Nam in nisi eget nulla"
      text run at (2,528) width 399: "vestibulum rutrum. Aenean eu libero turpis. Lorem ipsum dolor"
      text run at (2,546) width 392: "sit amet, consectetur adipiscing elit. Maecenas lacinia massa in"
      text run at (2,564) width 347: "lectus pretium vulputate. Curabitur viverra augue in leo"
      text run at (2,582) width 366: "faucibus congue. Vestibulum ligula neque, commodo eget"
      text run at (2,600) width 372: "blandit sit amet, facilisis vitae mi. Vivamus pretium lorem a"
      text run at (2,618) width 392: "quam imperdiet in placerat purus sagittis. Aliquam ut dui nibh."
      text run at (2,636) width 360: "Cras faucibus imperdiet pellentesque. Curabitur vel tortor"
      text run at (2,654) width 344: "quam, ut pharetra eros. Mauris euismod, justo in mattis"
      text run at (2,672) width 373: "ultricies, risus velit pretium ligula, eu sodales libero dolor et"
      text run at (2,690) width 354: "massa. Phasellus eros quam, faucibus sed consectetur et,"
      text run at (2,708) width 356: "elementum ut erat. Morbi fringilla, lorem non fermentum"
      text run at (2,726) width 372: "vulputate, quam metus ullamcorper quam, eu porttitor diam"
      text run at (2,744) width 396: "metus eget augue. Donec non lorem et arcu adipiscing suscipit."
      text run at (2,762) width 349: "Donec porta euismod magna a fermentum. Suspendisse"
      text run at (2,780) width 336: "vestibulum rhoncus bibendum. Nam in nisi eget nulla"
      text run at (2,802) width 399: "vestibulum rutrum. Aenean eu libero turpis. Lorem ipsum dolor"
      text run at (2,820) width 392: "sit amet, consectetur adipiscing elit. Maecenas lacinia massa in"
      text run at (2,838) width 347: "lectus pretium vulputate. Curabitur viverra augue in leo"
      text run at (2,856) width 366: "faucibus congue. Vestibulum ligula neque, commodo eget"
      text run at (2,874) width 372: "blandit sit amet, facilisis vitae mi. Vivamus pretium lorem a"
      text run at (2,892) width 392: "quam imperdiet in placerat purus sagittis. Aliquam ut dui nibh."
      text run at (2,910) width 360: "Cras faucibus imperdiet pellentesque. Curabitur vel tortor"
      text run at (2,928) width 344: "quam, ut pharetra eros. Mauris euismod, justo in mattis"
      text run at (2,946) width 373: "ultricies, risus velit pretium ligula, eu sodales libero dolor et"
      text run at (2,964) width 354: "massa. Phasellus eros quam, faucibus sed consectetur et,"
      text run at (2,982) width 356: "elementum ut erat. Morbi fringilla, lorem non fermentum"
      text run at (2,1000) width 372: "vulputate, quam metus ullamcorper quam, eu porttitor diam"
      text run at (2,1018) width 396: "metus eget augue. Donec non lorem et arcu adipiscing suscipit."
      text run at (2,1036) width 349: "Donec porta euismod magna a fermentum. Suspendisse"
      text run at (2,1054) width 336: "vestibulum rhoncus bibendum. Nam in nisi eget nulla"
      text run at (2,1072) width 399: "vestibulum rutrum. Aenean eu libero turpis. Lorem ipsum dolor"
      text run at (2,1090) width 392: "sit amet, consectetur adipiscing elit. Maecenas lacinia massa in"
      text run at (2,1108) width 347: "lectus pretium vulputate. Curabitur viverra augue in leo"
      text run at (2,1126) width 366: "faucibus congue. Vestibulum ligula neque, commodo eget"
      text run at (2,1144) width 372: "blandit sit amet, facilisis vitae mi. Vivamus pretium lorem a"
      text run at (2,1162) width 392: "quam imperdiet in placerat purus sagittis. Aliquam ut dui nibh."
      text run at (2,1180) width 360: "Cras faucibus imperdiet pellentesque. Curabitur vel tortor"
      text run at (2,1202) width 344: "quam, ut pharetra eros. Mauris euismod, justo in mattis"
      text run at (2,1220) width 373: "ultricies, risus velit pretium ligula, eu sodales libero dolor et"
      text run at (2,1238) width 354: "massa. Phasellus eros quam, faucibus sed consectetur et,"
      text run at (2,1256) width 356: "elementum ut erat. Morbi fringilla, lorem non fermentum"
      text run at (2,1274) width 372: "vulputate, quam metus ullamcorper quam, eu porttitor diam"
      text run at (2,1292) width 396: "metus eget augue. Donec non lorem et arcu adipiscing suscipit."
      text run at (2,1310) width 349: "Donec porta euismod magna a fermentum. Suspendisse"
      text run at (2,1328) width 336: "vestibulum rhoncus bibendum. Nam in nisi eget nulla"
      text run at (2,1346) width 399: "vestibulum rutrum. Aenean eu libero turpis. Lorem ipsum dolor"
      text run at (2,1364) width 392: "sit amet, consectetur adipiscing elit. Maecenas lacinia massa in"
      text run at (2,1382) width 347: "lectus pretium vulputate. Curabitur viverra augue in leo"
      text run at (2,1400) width 366: "faucibus congue. Vestibulum ligula neque, commodo eget"
      text run at (2,1418) width 372: "blandit sit amet, facilisis vitae mi. Vivamus pretium lorem a"
      text run at (2,1436) width 392: "quam imperdiet in placerat purus sagittis. Aliquam ut dui nibh."
      text run at (2,1454) width 360: "Cras faucibus imperdiet pellentesque. Curabitur vel tortor"
      text run at (2,1472) width 344: "quam, ut pharetra eros. Mauris euismod, justo in mattis"
      text run at (2,1490) width 373: "ultricies, risus velit pretium ligula, eu sodales libero dolor et"
      text run at (2,1508) width 354: "massa. Phasellus eros quam, faucibus sed consectetur et,"
      text run at (2,1526) width 356: "elementum ut erat. Morbi fringilla, lorem non fermentum"
      text run at (2,1544) width 372: "vulputate, quam metus ullamcorper quam, eu porttitor diam"
      text run at (2,1562) width 396: "metus eget augue. Donec non lorem et arcu adipiscing suscipit."
      text run at (2,1580) width 349: "Donec porta euismod magna a fermentum. Suspendisse"
      text run at (2,1602) width 336: "vestibulum rhoncus bibendum. Nam in nisi eget nulla"
      text run at (2,1620) width 399: "vestibulum rutrum. Aenean eu libero turpis. Lorem ipsum dolor"
      text run at (2,1638) width 392: "sit amet, consectetur adipiscing elit. Maecenas lacinia massa in"
      text run at (2,1656) width 347: "lectus pretium vulputate. Curabitur viverra augue in leo"
      text run at (2,1674) width 366: "faucibus congue. Vestibulum ligula neque, commodo eget"
      text run at (2,1692) width 372: "blandit sit amet, facilisis vitae mi. Vivamus pretium lorem a"
      text run at (2,1710) width 392: "quam imperdiet in placerat purus sagittis. Aliquam ut dui nibh."
      text run at (2,1728) width 360: "Cras faucibus imperdiet pellentesque. Curabitur vel tortor"
      text run at (2,1746) width 344: "quam, ut pharetra eros. Mauris euismod, justo in mattis"
      text run at (2,1764) width 373: "ultricies, risus velit pretium ligula, eu sodales libero dolor et"
      text run at (2,1782) width 354: "massa. Phasellus eros quam, faucibus sed consectetur et,"
      text run at (2,1800) width 356: "elementum ut erat. Morbi fringilla, lorem non fermentum"
      text run at (2,1818) width 372: "vulputate, quam metus ullamcorper quam, eu porttitor diam"
      text run at (2,1836) width 396: "metus eget augue. Donec non lorem et arcu adipiscing suscipit."
      text run at (2,1854) width 349: "Donec porta euismod magna a fermentum. Suspendisse"
      text run at (2,1872) width 336: "vestibulum rhoncus bibendum. Nam in nisi eget nulla"
      text run at (2,1890) width 399: "vestibulum rutrum. Aenean eu libero turpis. Lorem ipsum dolor"
      text run at (2,1908) width 392: "sit amet, consectetur adipiscing elit. Maecenas lacinia massa in"
      text run at (2,1926) width 347: "lectus pretium vulputate. Curabitur viverra augue in leo"
      text run at (2,1944) width 366: "faucibus congue. Vestibulum ligula neque, commodo eget"
      text run at (2,1962) width 372: "blandit sit amet, facilisis vitae mi. Vivamus pretium lorem a"
      text run at (2,1980) width 392: "quam imperdiet in placerat purus sagittis. Aliquam ut dui nibh."
      text run at (2,2002) width 360: "Cras faucibus imperdiet pellentesque. Curabitur vel tortor"
      text run at (2,2020) width 344: "quam, ut pharetra eros. Mauris euismod, justo in mattis"
      text run at (2,2038) width 373: "ultricies, risus velit pretium ligula, eu sodales libero dolor et"
      text run at (2,2056) width 354: "massa. Phasellus eros quam, faucibus sed consectetur et,"
      text run at (2,2074) width 356: "elementum ut erat. Morbi fringilla, lorem non fermentum"
      text run at (2,2092) width 372: "vulputate, quam metus ullamcorper quam, eu porttitor diam"
      text run at (2,2110) width 396: "metus eget augue. Donec non lorem et arcu adipiscing suscipit."
      text run at (2,2128) width 349: "Donec porta euismod magna a fermentum. Suspendisse"
      text run at (2,2146) width 336: "vestibulum rhoncus bibendum. Nam in nisi eget nulla"
      text run at (2,2164) width 274: "vestibulum rutrum. Aenean eu libero turpis."
