layer at (0,0) size 800x600
  RenderView at (0,0) size 800x600
layer at (0,0) size 800x600
  RenderBlock {HTML} at (0,0) size 800x600
    RenderBody {BODY} at (8,8) size 784x576
      RenderBlock {UL} at (0,0) size 784x186
        RenderListItem {LI} at (40,0) size 744x30
          RenderListMarker at (-18,4) size 7x19: bullet
          RenderText {#text} at (0,4) size 62x19
            text run at (0,4) width 62: "text-align: "
          RenderBlock {INPUT} at (64,2) size 100x26 [bgcolor=#FFFFFF] [border: (2px inset #000000)]
            RenderDeprecatedFlexibleBox {DIV} at (3,3) size 94x20
              RenderBlock (anonymous) at (0,0) size 76x20
                RenderBlock {SPAN} at (0,0) size 20x20
                  RenderText {#text} at (2,2) size 16x16
                    text run at (2,2) width 16: "12"
                RenderText {#text} at (20,2) size 8x16
                  text run at (20,2) width 8: ":"
                RenderBlock {SPAN} at (28,0) size 20x20
                  RenderText {#text} at (2,2) size 16x16
                    text run at (2,2) width 16: "34"
                RenderText {#text} at (48,2) size 8x16
                  text run at (48,2) width 8: " "
                RenderInline {SPAN} at (0,0) size 20x20
                  RenderText {#text} at (58,2) size 16x16
                    text run at (58,2) width 16: "PM"
        RenderListItem {LI} at (40,30) size 744x30
          RenderListMarker at (-18,4) size 7x19: bullet
          RenderText {#text} at (0,4) size 92x19
            text run at (0,4) width 92: "text-transform: "
          RenderBlock {INPUT} at (94,2) size 100x26 [bgcolor=#FFFFFF] [border: (2px inset #000000)]
            RenderDeprecatedFlexibleBox {DIV} at (3,3) size 94x20
              RenderBlock (anonymous) at (0,0) size 76x20
                RenderBlock {SPAN} at (0,0) size 20x20
                  RenderText {#text} at (2,2) size 16x16
                    text run at (2,2) width 16: "12"
                RenderText {#text} at (20,2) size 8x16
                  text run at (20,2) width 8: ":"
                RenderBlock {SPAN} at (28,0) size 20x20
                  RenderText {#text} at (2,2) size 16x16
                    text run at (2,2) width 16: "34"
                RenderText {#text} at (48,2) size 8x16
                  text run at (48,2) width 8: " "
                RenderInline {SPAN} at (0,0) size 20x20
                  RenderText {#text} at (58,2) size 16x16
                    text run at (58,2) width 16: "pm"
        RenderListItem {LI} at (40,60) size 744x26
          RenderListMarker at (-18,2) size 7x19: bullet
          RenderText {#text} at (0,2) size 118x19
            text run at (0,2) width 118: "background, color: "
          RenderBlock {INPUT} at (120,2) size 96x22 [color=#FFFF00] [bgcolor=#008000]
            RenderDeprecatedFlexibleBox {DIV} at (1,1) size 94x20
              RenderBlock (anonymous) at (0,0) size 76x20
                RenderBlock {SPAN} at (0,0) size 20x20
                  RenderText {#text} at (2,2) size 16x16
                    text run at (2,2) width 16: "12"
                RenderText {#text} at (20,2) size 8x16
                  text run at (20,2) width 8: ":"
                RenderBlock {SPAN} at (28,0) size 20x20
                  RenderText {#text} at (2,2) size 16x16
                    text run at (2,2) width 16: "34"
                RenderText {#text} at (48,2) size 8x16
                  text run at (48,2) width 8: " "
                RenderInline {SPAN} at (0,0) size 20x20
                  RenderText {#text} at (58,2) size 16x16
                    text run at (58,2) width 16: "PM"
        RenderListItem {LI} at (40,86) size 744x50
          RenderListMarker at (-18,18) size 7x19: bullet
          RenderText {#text} at (0,18) size 58x19
            text run at (0,18) width 58: "font-size: "
          RenderBlock {INPUT} at (60,2) size 179x46 [bgcolor=#FFFFFF] [border: (2px inset #000000)]
            RenderDeprecatedFlexibleBox {DIV} at (3,3) size 173x40
              RenderBlock (anonymous) at (0,1) size 152x38
                RenderBlock {SPAN} at (0,0) size 40x38
                  RenderText {#text} at (4,4) size 32x30
                    text run at (4,4) width 32: "12"
                RenderText {#text} at (40,4) size 16x30
                  text run at (40,4) width 16: ":"
                RenderBlock {SPAN} at (56,0) size 40x38
                  RenderText {#text} at (4,4) size 32x30
                    text run at (4,4) width 32: "34"
                RenderText {#text} at (96,4) size 16x30
                  text run at (96,4) width 16: " "
                RenderInline {SPAN} at (0,0) size 40x38
                  RenderText {#text} at (116,4) size 32x30
                    text run at (116,4) width 32: "PM"
        RenderListItem {LI} at (40,136) size 744x50
          RenderListMarker at (-18,18) size 7x19: bullet
          RenderText {#text} at (0,18) size 190x19
            text run at (0,18) width 190: "font-size with fixed input width: "
          RenderBlock {INPUT} at (190,2) size 267x46 [bgcolor=#FFFFFF] [border: (2px inset #000000)]
            RenderDeprecatedFlexibleBox {DIV} at (3,3) size 261x40
              RenderBlock (anonymous) at (0,1) size 152x38
                RenderBlock {SPAN} at (0,0) size 40x38
                  RenderText {#text} at (4,4) size 32x30
                    text run at (4,4) width 32: "12"
                RenderText {#text} at (40,4) size 16x30
                  text run at (40,4) width 16: ":"
                RenderBlock {SPAN} at (56,0) size 40x38
                  RenderText {#text} at (4,4) size 32x30
                    text run at (4,4) width 32: "34"
                RenderText {#text} at (96,4) size 16x30
                  text run at (96,4) width 16: " "
                RenderInline {SPAN} at (0,0) size 40x38
                  RenderText {#text} at (116,4) size 32x30
                    text run at (116,4) width 32: "PM"
layer at (194,13) size 15x20
  RenderBlock (relative positioned) {DIV} at (78,0) size 16x20
layer at (224,43) size 15x20
  RenderBlock (relative positioned) {DIV} at (78,0) size 16x20
layer at (248,71) size 15x20
  RenderBlock (relative positioned) {DIV} at (78,0) size 16x20
layer at (268,99) size 15x40
  RenderBlock (relative positioned) {DIV} at (157,0) size 16x40
layer at (398,149) size 15x40
  RenderBlock (relative positioned) {DIV} at (157,0) size 16x40
