layer at (0,0) size 800x600
  RenderView at (0,0) size 800x600
layer at (0,0) size 800x600
  RenderBlock {HTML} at (0,0) size 800x600
    RenderBody {BODY} at (8,8) size 784x576
      RenderBlock (anonymous) at (0,0) size 784x20
        RenderText {#text} at (0,0) size 53x19
          text run at (0,0) width 53: "Disabled"
      RenderBlock {UL} at (0,36) size 784x150
        RenderListItem {LI} at (40,0) size 744x30
          RenderListMarker at (-18,4) size 7x19: bullet
          RenderText {#text} at (0,4) size 67x19
            text run at (0,4) width 67: "step=none "
          RenderBlock {INPUT} at (69,2) size 98x26 [color=#545454] [bgcolor=#EBEBE4] [border: (2px inset #545454)]
            RenderDeprecatedFlexibleBox {DIV} at (2,3) size 94x20
              RenderBlock (anonymous) at (0,0) size 76x20
                RenderBlock {SPAN} at (0,0) size 20x20
                  RenderText {#text} at (2,2) size 16x16
                    text run at (2,2) width 16: "--"
                RenderText {#text} at (20,2) size 8x16
                  text run at (20,2) width 8: ":"
                RenderBlock {SPAN} at (28,0) size 20x20
                  RenderText {#text} at (2,2) size 16x16
                    text run at (2,2) width 16: "--"
                RenderText {#text} at (48,2) size 8x16
                  text run at (48,2) width 8: " "
                RenderInline {SPAN} at (0,0) size 20x20
                  RenderText {#text} at (58,2) size 16x16
                    text run at (58,2) width 16: "--"
          RenderText {#text} at (168,4) size 5x19
            text run at (168,4) width 5: " "
          RenderBlock {INPUT} at (174,2) size 99x26 [color=#545454] [bgcolor=#EBEBE4] [border: (2px inset #545454)]
            RenderDeprecatedFlexibleBox {DIV} at (2,3) size 94x20
              RenderBlock (anonymous) at (0,0) size 76x20
                RenderBlock {SPAN} at (0,0) size 20x20
                  RenderText {#text} at (2,2) size 16x16
                    text run at (2,2) width 16: "12"
                RenderText {#text} at (20,2) size 8x16
                  text run at (20,2) width 8: ":"
                RenderBlock {SPAN} at (28,0) size 20x20
                  RenderText {#text} at (2,2) size 16x16
                    text run at (2,2) width 16: "34"
                RenderText {#text} at (48,2) size 8x16
                  text run at (48,2) width 8: " "
                RenderInline {SPAN} at (0,0) size 20x20
                  RenderText {#text} at (58,2) size 16x16
                    text run at (58,2) width 16: "PM"
        RenderListItem {LI} at (40,30) size 744x30
          RenderListMarker at (-18,4) size 7x19: bullet
          RenderText {#text} at (0,4) size 46x19
            text run at (0,4) width 46: "step=1 "
          RenderBlock {INPUT} at (48,2) size 126x26 [color=#545454] [bgcolor=#EBEBE4] [border: (2px inset #545454)]
            RenderDeprecatedFlexibleBox {DIV} at (2,3) size 122x20
              RenderBlock (anonymous) at (0,0) size 104x20
                RenderBlock {SPAN} at (0,0) size 20x20
                  RenderText {#text} at (2,2) size 16x16
                    text run at (2,2) width 16: "--"
                RenderText {#text} at (20,2) size 8x16
                  text run at (20,2) width 8: ":"
                RenderBlock {SPAN} at (28,0) size 20x20
                  RenderText {#text} at (2,2) size 16x16
                    text run at (2,2) width 16: "--"
                RenderText {#text} at (48,2) size 8x16
                  text run at (48,2) width 8: ":"
                RenderBlock {SPAN} at (56,0) size 20x20
                  RenderText {#text} at (2,2) size 16x16
                    text run at (2,2) width 16: "--"
                RenderText {#text} at (76,2) size 8x16
                  text run at (76,2) width 8: " "
                RenderInline {SPAN} at (0,0) size 20x20
                  RenderText {#text} at (86,2) size 16x16
                    text run at (86,2) width 16: "--"
          RenderText {#text} at (175,4) size 5x19
            text run at (175,4) width 5: " "
          RenderBlock {INPUT} at (181,2) size 127x26 [color=#545454] [bgcolor=#EBEBE4] [border: (2px inset #545454)]
            RenderDeprecatedFlexibleBox {DIV} at (2,3) size 122x20
              RenderBlock (anonymous) at (0,0) size 104x20
                RenderBlock {SPAN} at (0,0) size 20x20
                  RenderText {#text} at (2,2) size 16x16
                    text run at (2,2) width 16: "12"
                RenderText {#text} at (20,2) size 8x16
                  text run at (20,2) width 8: ":"
                RenderBlock {SPAN} at (28,0) size 20x20
                  RenderText {#text} at (2,2) size 16x16
                    text run at (2,2) width 16: "34"
                RenderText {#text} at (48,2) size 8x16
                  text run at (48,2) width 8: ":"
                RenderBlock {SPAN} at (56,0) size 20x20
                  RenderText {#text} at (2,2) size 16x16
                    text run at (2,2) width 16: "56"
                RenderText {#text} at (76,2) size 8x16
                  text run at (76,2) width 8: " "
                RenderInline {SPAN} at (0,0) size 20x20
                  RenderText {#text} at (86,2) size 16x16
                    text run at (86,2) width 16: "PM"
        RenderListItem {LI} at (40,60) size 744x30
          RenderListMarker at (-18,4) size 7x19: bullet
          RenderText {#text} at (0,4) size 82x19
            text run at (0,4) width 82: "step=0.0001 "
          RenderBlock {INPUT} at (84,2) size 162x26 [color=#545454] [bgcolor=#EBEBE4] [border: (2px inset #545454)]
            RenderDeprecatedFlexibleBox {DIV} at (2,3) size 158x20
              RenderBlock (anonymous) at (0,0) size 140x20
                RenderBlock {SPAN} at (0,0) size 20x20
                  RenderText {#text} at (2,2) size 16x16
                    text run at (2,2) width 16: "--"
                RenderText {#text} at (20,2) size 8x16
                  text run at (20,2) width 8: ":"
                RenderBlock {SPAN} at (28,0) size 20x20
                  RenderText {#text} at (2,2) size 16x16
                    text run at (2,2) width 16: "--"
                RenderText {#text} at (48,2) size 8x16
                  text run at (48,2) width 8: ":"
                RenderBlock {SPAN} at (56,0) size 20x20
                  RenderText {#text} at (2,2) size 16x16
                    text run at (2,2) width 16: "--"
                RenderText {#text} at (76,2) size 8x16
                  text run at (76,2) width 8: "."
                RenderBlock {SPAN} at (84,0) size 28x20
                  RenderText {#text} at (2,2) size 24x16
                    text run at (2,2) width 24: "---"
                RenderText {#text} at (112,2) size 8x16
                  text run at (112,2) width 8: " "
                RenderInline {SPAN} at (0,0) size 20x20
                  RenderText {#text} at (122,2) size 16x16
                    text run at (122,2) width 16: "--"
          RenderText {#text} at (247,4) size 5x19
            text run at (247,4) width 5: " "
          RenderBlock {INPUT} at (253,2) size 163x26 [color=#545454] [bgcolor=#EBEBE4] [border: (2px inset #545454)]
            RenderDeprecatedFlexibleBox {DIV} at (2,3) size 158x20
              RenderBlock (anonymous) at (0,0) size 140x20
                RenderBlock {SPAN} at (0,0) size 20x20
                  RenderText {#text} at (2,2) size 16x16
                    text run at (2,2) width 16: "12"
                RenderText {#text} at (20,2) size 8x16
                  text run at (20,2) width 8: ":"
                RenderBlock {SPAN} at (28,0) size 20x20
                  RenderText {#text} at (2,2) size 16x16
                    text run at (2,2) width 16: "34"
                RenderText {#text} at (48,2) size 8x16
                  text run at (48,2) width 8: ":"
                RenderBlock {SPAN} at (56,0) size 20x20
                  RenderText {#text} at (2,2) size 16x16
                    text run at (2,2) width 16: "56"
                RenderText {#text} at (76,2) size 8x16
                  text run at (76,2) width 8: "."
                RenderBlock {SPAN} at (84,0) size 28x20
                  RenderText {#text} at (2,2) size 24x16
                    text run at (2,2) width 24: "789"
                RenderText {#text} at (112,2) size 8x16
                  text run at (112,2) width 8: " "
                RenderInline {SPAN} at (0,0) size 20x20
                  RenderText {#text} at (122,2) size 16x16
                    text run at (122,2) width 16: "PM"
        RenderListItem {LI} at (40,90) size 744x30
          RenderListMarker at (-18,4) size 7x19: bullet
          RenderText {#text} at (0,4) size 54x19
            text run at (0,4) width 54: "step=60 "
          RenderBlock {INPUT} at (56,2) size 98x26 [color=#545454] [bgcolor=#EBEBE4] [border: (2px inset #545454)]
            RenderDeprecatedFlexibleBox {DIV} at (2,3) size 94x20
              RenderBlock (anonymous) at (0,0) size 76x20
                RenderBlock {SPAN} at (0,0) size 20x20
                  RenderText {#text} at (2,2) size 16x16
                    text run at (2,2) width 16: "--"
                RenderText {#text} at (20,2) size 8x16
                  text run at (20,2) width 8: ":"
                RenderBlock {SPAN} at (28,0) size 20x20
                  RenderText {#text} at (2,2) size 16x16
                    text run at (2,2) width 16: "--"
                RenderText {#text} at (48,2) size 8x16
                  text run at (48,2) width 8: " "
                RenderInline {SPAN} at (0,0) size 20x20
                  RenderText {#text} at (58,2) size 16x16
                    text run at (58,2) width 16: "--"
          RenderText {#text} at (155,4) size 5x19
            text run at (155,4) width 5: " "
          RenderBlock {INPUT} at (161,2) size 99x26 [color=#545454] [bgcolor=#EBEBE4] [border: (2px inset #545454)]
            RenderDeprecatedFlexibleBox {DIV} at (2,3) size 94x20
              RenderBlock (anonymous) at (0,0) size 76x20
                RenderBlock {SPAN} at (0,0) size 20x20
                  RenderText {#text} at (2,2) size 16x16
                    text run at (2,2) width 16: "12"
                RenderText {#text} at (20,2) size 8x16
                  text run at (20,2) width 8: ":"
                RenderBlock {SPAN} at (28,0) size 20x20
                  RenderText {#text} at (2,2) size 16x16
                    text run at (2,2) width 16: "34"
                RenderText {#text} at (48,2) size 8x16
                  text run at (48,2) width 8: " "
                RenderInline {SPAN} at (0,0) size 20x20
                  RenderText {#text} at (58,2) size 16x16
                    text run at (58,2) width 16: "PM"
        RenderListItem {LI} at (40,120) size 744x30
          RenderListMarker at (-18,4) size 7x19: bullet
          RenderText {#text} at (0,4) size 70x19
            text run at (0,4) width 70: "step=3600 "
          RenderBlock {INPUT} at (72,2) size 98x26 [color=#545454] [bgcolor=#EBEBE4] [border: (2px inset #545454)]
            RenderDeprecatedFlexibleBox {DIV} at (2,3) size 94x20
              RenderBlock (anonymous) at (0,0) size 76x20
                RenderBlock {SPAN} at (0,0) size 20x20
                  RenderText {#text} at (2,2) size 16x16
                    text run at (2,2) width 16: "--"
                RenderText {#text} at (20,2) size 8x16
                  text run at (20,2) width 8: ":"
                RenderBlock {SPAN} at (28,0) size 20x20 [color=#808080]
                  RenderText {#text} at (2,2) size 16x16
                    text run at (2,2) width 16: "00"
                RenderText {#text} at (48,2) size 8x16
                  text run at (48,2) width 8: " "
                RenderInline {SPAN} at (0,0) size 20x20
                  RenderText {#text} at (58,2) size 16x16
                    text run at (58,2) width 16: "--"
          RenderText {#text} at (171,4) size 5x19
            text run at (171,4) width 5: " "
          RenderBlock {INPUT} at (177,2) size 99x26 [color=#545454] [bgcolor=#EBEBE4] [border: (2px inset #545454)]
            RenderDeprecatedFlexibleBox {DIV} at (2,3) size 94x20
              RenderBlock (anonymous) at (0,0) size 76x20
                RenderBlock {SPAN} at (0,0) size 20x20
                  RenderText {#text} at (2,2) size 16x16
                    text run at (2,2) width 16: "12"
                RenderText {#text} at (20,2) size 8x16
                  text run at (20,2) width 8: ":"
                RenderBlock {SPAN} at (28,0) size 20x20 [color=#808080]
                  RenderText {#text} at (2,2) size 16x16
                    text run at (2,2) width 16: "34"
                RenderText {#text} at (48,2) size 8x16
                  text run at (48,2) width 8: " "
                RenderInline {SPAN} at (0,0) size 20x20
                  RenderText {#text} at (58,2) size 16x16
                    text run at (58,2) width 16: "PM"
      RenderBlock (anonymous) at (0,202) size 784x20
        RenderText {#text} at (0,0) size 57x19
          text run at (0,0) width 57: "Readonly"
      RenderBlock {UL} at (0,238) size 784x150
        RenderListItem {LI} at (40,0) size 744x30
          RenderListMarker at (-18,4) size 7x19: bullet
          RenderText {#text} at (0,4) size 67x19
            text run at (0,4) width 67: "step=none "
          RenderBlock {INPUT} at (69,2) size 98x26 [bgcolor=#FFFFFF] [border: (2px inset #000000)]
            RenderDeprecatedFlexibleBox {DIV} at (2,3) size 94x20
              RenderBlock (anonymous) at (0,0) size 76x20
                RenderBlock {SPAN} at (0,0) size 20x20
                  RenderText {#text} at (2,2) size 16x16
                    text run at (2,2) width 16: "--"
                RenderText {#text} at (20,2) size 8x16
                  text run at (20,2) width 8: ":"
                RenderBlock {SPAN} at (28,0) size 20x20
                  RenderText {#text} at (2,2) size 16x16
                    text run at (2,2) width 16: "--"
                RenderText {#text} at (48,2) size 8x16
                  text run at (48,2) width 8: " "
                RenderInline {SPAN} at (0,0) size 20x20
                  RenderText {#text} at (58,2) size 16x16
                    text run at (58,2) width 16: "--"
          RenderText {#text} at (168,4) size 5x19
            text run at (168,4) width 5: " "
          RenderBlock {INPUT} at (174,2) size 99x26 [bgcolor=#FFFFFF] [border: (2px inset #000000)]
            RenderDeprecatedFlexibleBox {DIV} at (2,3) size 94x20
              RenderBlock (anonymous) at (0,0) size 76x20
                RenderBlock {SPAN} at (0,0) size 20x20
                  RenderText {#text} at (2,2) size 16x16
                    text run at (2,2) width 16: "12"
                RenderText {#text} at (20,2) size 8x16
                  text run at (20,2) width 8: ":"
                RenderBlock {SPAN} at (28,0) size 20x20
                  RenderText {#text} at (2,2) size 16x16
                    text run at (2,2) width 16: "34"
                RenderText {#text} at (48,2) size 8x16
                  text run at (48,2) width 8: " "
                RenderInline {SPAN} at (0,0) size 20x20
                  RenderText {#text} at (58,2) size 16x16
                    text run at (58,2) width 16: "PM"
        RenderListItem {LI} at (40,30) size 744x30
          RenderListMarker at (-18,4) size 7x19: bullet
          RenderText {#text} at (0,4) size 46x19
            text run at (0,4) width 46: "step=1 "
          RenderBlock {INPUT} at (48,2) size 126x26 [bgcolor=#FFFFFF] [border: (2px inset #000000)]
            RenderDeprecatedFlexibleBox {DIV} at (2,3) size 122x20
              RenderBlock (anonymous) at (0,0) size 104x20
                RenderBlock {SPAN} at (0,0) size 20x20
                  RenderText {#text} at (2,2) size 16x16
                    text run at (2,2) width 16: "--"
                RenderText {#text} at (20,2) size 8x16
                  text run at (20,2) width 8: ":"
                RenderBlock {SPAN} at (28,0) size 20x20
                  RenderText {#text} at (2,2) size 16x16
                    text run at (2,2) width 16: "--"
                RenderText {#text} at (48,2) size 8x16
                  text run at (48,2) width 8: ":"
                RenderBlock {SPAN} at (56,0) size 20x20
                  RenderText {#text} at (2,2) size 16x16
                    text run at (2,2) width 16: "--"
                RenderText {#text} at (76,2) size 8x16
                  text run at (76,2) width 8: " "
                RenderInline {SPAN} at (0,0) size 20x20
                  RenderText {#text} at (86,2) size 16x16
                    text run at (86,2) width 16: "--"
          RenderText {#text} at (175,4) size 5x19
            text run at (175,4) width 5: " "
          RenderBlock {INPUT} at (181,2) size 127x26 [bgcolor=#FFFFFF] [border: (2px inset #000000)]
            RenderDeprecatedFlexibleBox {DIV} at (2,3) size 122x20
              RenderBlock (anonymous) at (0,0) size 104x20
                RenderBlock {SPAN} at (0,0) size 20x20
                  RenderText {#text} at (2,2) size 16x16
                    text run at (2,2) width 16: "12"
                RenderText {#text} at (20,2) size 8x16
                  text run at (20,2) width 8: ":"
                RenderBlock {SPAN} at (28,0) size 20x20
                  RenderText {#text} at (2,2) size 16x16
                    text run at (2,2) width 16: "34"
                RenderText {#text} at (48,2) size 8x16
                  text run at (48,2) width 8: ":"
                RenderBlock {SPAN} at (56,0) size 20x20
                  RenderText {#text} at (2,2) size 16x16
                    text run at (2,2) width 16: "56"
                RenderText {#text} at (76,2) size 8x16
                  text run at (76,2) width 8: " "
                RenderInline {SPAN} at (0,0) size 20x20
                  RenderText {#text} at (86,2) size 16x16
                    text run at (86,2) width 16: "PM"
        RenderListItem {LI} at (40,60) size 744x30
          RenderListMarker at (-18,4) size 7x19: bullet
          RenderText {#text} at (0,4) size 82x19
            text run at (0,4) width 82: "step=0.0001 "
          RenderBlock {INPUT} at (84,2) size 162x26 [bgcolor=#FFFFFF] [border: (2px inset #000000)]
            RenderDeprecatedFlexibleBox {DIV} at (2,3) size 158x20
              RenderBlock (anonymous) at (0,0) size 140x20
                RenderBlock {SPAN} at (0,0) size 20x20
                  RenderText {#text} at (2,2) size 16x16
                    text run at (2,2) width 16: "--"
                RenderText {#text} at (20,2) size 8x16
                  text run at (20,2) width 8: ":"
                RenderBlock {SPAN} at (28,0) size 20x20
                  RenderText {#text} at (2,2) size 16x16
                    text run at (2,2) width 16: "--"
                RenderText {#text} at (48,2) size 8x16
                  text run at (48,2) width 8: ":"
                RenderBlock {SPAN} at (56,0) size 20x20
                  RenderText {#text} at (2,2) size 16x16
                    text run at (2,2) width 16: "--"
                RenderText {#text} at (76,2) size 8x16
                  text run at (76,2) width 8: "."
                RenderBlock {SPAN} at (84,0) size 28x20
                  RenderText {#text} at (2,2) size 24x16
                    text run at (2,2) width 24: "---"
                RenderText {#text} at (112,2) size 8x16
                  text run at (112,2) width 8: " "
                RenderInline {SPAN} at (0,0) size 20x20
                  RenderText {#text} at (122,2) size 16x16
                    text run at (122,2) width 16: "--"
          RenderText {#text} at (247,4) size 5x19
            text run at (247,4) width 5: " "
          RenderBlock {INPUT} at (253,2) size 163x26 [bgcolor=#FFFFFF] [border: (2px inset #000000)]
            RenderDeprecatedFlexibleBox {DIV} at (2,3) size 158x20
              RenderBlock (anonymous) at (0,0) size 140x20
                RenderBlock {SPAN} at (0,0) size 20x20
                  RenderText {#text} at (2,2) size 16x16
                    text run at (2,2) width 16: "12"
                RenderText {#text} at (20,2) size 8x16
                  text run at (20,2) width 8: ":"
                RenderBlock {SPAN} at (28,0) size 20x20
                  RenderText {#text} at (2,2) size 16x16
                    text run at (2,2) width 16: "34"
                RenderText {#text} at (48,2) size 8x16
                  text run at (48,2) width 8: ":"
                RenderBlock {SPAN} at (56,0) size 20x20
                  RenderText {#text} at (2,2) size 16x16
                    text run at (2,2) width 16: "56"
                RenderText {#text} at (76,2) size 8x16
                  text run at (76,2) width 8: "."
                RenderBlock {SPAN} at (84,0) size 28x20
                  RenderText {#text} at (2,2) size 24x16
                    text run at (2,2) width 24: "789"
                RenderText {#text} at (112,2) size 8x16
                  text run at (112,2) width 8: " "
                RenderInline {SPAN} at (0,0) size 20x20
                  RenderText {#text} at (122,2) size 16x16
                    text run at (122,2) width 16: "PM"
        RenderListItem {LI} at (40,90) size 744x30
          RenderListMarker at (-18,4) size 7x19: bullet
          RenderText {#text} at (0,4) size 54x19
            text run at (0,4) width 54: "step=60 "
          RenderBlock {INPUT} at (56,2) size 98x26 [bgcolor=#FFFFFF] [border: (2px inset #000000)]
            RenderDeprecatedFlexibleBox {DIV} at (2,3) size 94x20
              RenderBlock (anonymous) at (0,0) size 76x20
                RenderBlock {SPAN} at (0,0) size 20x20
                  RenderText {#text} at (2,2) size 16x16
                    text run at (2,2) width 16: "--"
                RenderText {#text} at (20,2) size 8x16
                  text run at (20,2) width 8: ":"
                RenderBlock {SPAN} at (28,0) size 20x20
                  RenderText {#text} at (2,2) size 16x16
                    text run at (2,2) width 16: "--"
                RenderText {#text} at (48,2) size 8x16
                  text run at (48,2) width 8: " "
                RenderInline {SPAN} at (0,0) size 20x20
                  RenderText {#text} at (58,2) size 16x16
                    text run at (58,2) width 16: "--"
          RenderText {#text} at (155,4) size 5x19
            text run at (155,4) width 5: " "
          RenderBlock {INPUT} at (161,2) size 99x26 [bgcolor=#FFFFFF] [border: (2px inset #000000)]
            RenderDeprecatedFlexibleBox {DIV} at (2,3) size 94x20
              RenderBlock (anonymous) at (0,0) size 76x20
                RenderBlock {SPAN} at (0,0) size 20x20
                  RenderText {#text} at (2,2) size 16x16
                    text run at (2,2) width 16: "12"
                RenderText {#text} at (20,2) size 8x16
                  text run at (20,2) width 8: ":"
                RenderBlock {SPAN} at (28,0) size 20x20
                  RenderText {#text} at (2,2) size 16x16
                    text run at (2,2) width 16: "34"
                RenderText {#text} at (48,2) size 8x16
                  text run at (48,2) width 8: " "
                RenderInline {SPAN} at (0,0) size 20x20
                  RenderText {#text} at (58,2) size 16x16
                    text run at (58,2) width 16: "PM"
        RenderListItem {LI} at (40,120) size 744x30
          RenderListMarker at (-18,4) size 7x19: bullet
          RenderText {#text} at (0,4) size 70x19
            text run at (0,4) width 70: "step=3600 "
          RenderBlock {INPUT} at (72,2) size 98x26 [bgcolor=#FFFFFF] [border: (2px inset #000000)]
            RenderDeprecatedFlexibleBox {DIV} at (2,3) size 94x20
              RenderBlock (anonymous) at (0,0) size 76x20
                RenderBlock {SPAN} at (0,0) size 20x20
                  RenderText {#text} at (2,2) size 16x16
                    text run at (2,2) width 16: "--"
                RenderText {#text} at (20,2) size 8x16
                  text run at (20,2) width 8: ":"
                RenderBlock {SPAN} at (28,0) size 20x20 [color=#808080]
                  RenderText {#text} at (2,2) size 16x16
                    text run at (2,2) width 16: "00"
                RenderText {#text} at (48,2) size 8x16
                  text run at (48,2) width 8: " "
                RenderInline {SPAN} at (0,0) size 20x20
                  RenderText {#text} at (58,2) size 16x16
                    text run at (58,2) width 16: "--"
          RenderText {#text} at (171,4) size 5x19
            text run at (171,4) width 5: " "
          RenderBlock {INPUT} at (177,2) size 99x26 [bgcolor=#FFFFFF] [border: (2px inset #000000)]
            RenderDeprecatedFlexibleBox {DIV} at (2,3) size 94x20
              RenderBlock (anonymous) at (0,0) size 76x20
                RenderBlock {SPAN} at (0,0) size 20x20
                  RenderText {#text} at (2,2) size 16x16
                    text run at (2,2) width 16: "12"
                RenderText {#text} at (20,2) size 8x16
                  text run at (20,2) width 8: ":"
                RenderBlock {SPAN} at (28,0) size 20x20 [color=#808080]
                  RenderText {#text} at (2,2) size 16x16
                    text run at (2,2) width 16: "34"
                RenderText {#text} at (48,2) size 8x16
                  text run at (48,2) width 8: " "
                RenderInline {SPAN} at (0,0) size 20x20
                  RenderText {#text} at (58,2) size 16x16
                    text run at (58,2) width 16: "PM"
layer at (198,49) size 15x20
  RenderBlock (relative positioned) {DIV} at (78,0) size 16x20
layer at (303,49) size 15x20
  RenderBlock (relative positioned) {DIV} at (78,0) size 16x20
layer at (205,79) size 15x20
  RenderBlock (relative positioned) {DIV} at (106,0) size 16x20
layer at (338,79) size 15x20
  RenderBlock (relative positioned) {DIV} at (106,0) size 16x20
layer at (277,109) size 15x20
  RenderBlock (relative positioned) {DIV} at (142,0) size 16x20
layer at (446,109) size 15x20
  RenderBlock (relative positioned) {DIV} at (142,0) size 16x20
layer at (185,139) size 15x20
  RenderBlock (relative positioned) {DIV} at (78,0) size 16x20
layer at (290,139) size 15x20
  RenderBlock (relative positioned) {DIV} at (78,0) size 16x20
layer at (201,169) size 15x20
  RenderBlock (relative positioned) {DIV} at (78,0) size 16x20
layer at (306,169) size 15x20
  RenderBlock (relative positioned) {DIV} at (78,0) size 16x20
layer at (198,251) size 15x20
  RenderBlock (relative positioned) {DIV} at (78,0) size 16x20
layer at (303,251) size 15x20
  RenderBlock (relative positioned) {DIV} at (78,0) size 16x20
layer at (205,281) size 15x20
  RenderBlock (relative positioned) {DIV} at (106,0) size 16x20
layer at (338,281) size 15x20
  RenderBlock (relative positioned) {DIV} at (106,0) size 16x20
layer at (277,311) size 15x20
  RenderBlock (relative positioned) {DIV} at (142,0) size 16x20
layer at (446,311) size 15x20
  RenderBlock (relative positioned) {DIV} at (142,0) size 16x20
layer at (185,341) size 15x20
  RenderBlock (relative positioned) {DIV} at (78,0) size 16x20
layer at (290,341) size 15x20
  RenderBlock (relative positioned) {DIV} at (78,0) size 16x20
layer at (201,371) size 15x20
  RenderBlock (relative positioned) {DIV} at (78,0) size 16x20
layer at (306,371) size 15x20
  RenderBlock (relative positioned) {DIV} at (78,0) size 16x20
