layer at (0,0) size 800x600
  RenderView at (0,0) size 800x600
layer at (0,0) size 800x600
  RenderBlock {HTML} at (0,0) size 800x600
    RenderBody {BODY} at (8,8) size 784x576
      RenderBlock (anonymous) at (0,0) size 784x0
        RenderInline {SPAN} at (0,0) size 0x0
          RenderInline {SPAN} at (0,0) size 0x0
        RenderText {#text} at (0,0) size 0x0
      RenderBlock {H4} at (0,0) size 784x22
        RenderText {#text} at (0,0) size 81x22
          text run at (0,0) width 81: "Instructions"
      RenderBlock {P} at (0,43) size 784x22
        RenderText {#text} at (0,0) size 186x22
          text run at (0,0) width 186: "Click the following buttons."
      RenderBlock {OL} at (0,81) size 784x214
        RenderListItem {LI} at (40,0) size 744x22
          RenderListMarker at (-21,0) size 16x22: "1"
          RenderText {#text} at (0,0) size 208x22
            text run at (0,0) width 208: "Start with the outmost left one."
        RenderListItem {LI} at (40,22) size 744x22
          RenderListMarker at (-21,0) size 16x22: "2"
          RenderText {#text} at (0,0) size 143x22
            text run at (0,0) width 143: "Click the middle one."
        RenderListItem {LI} at (40,44) size 744x22
          RenderListMarker at (-21,0) size 16x22: "3"
          RenderText {#text} at (0,0) size 284x22
            text run at (0,0) width 284: "(The ouline will not be updated correctly.)"
        RenderListItem {LI} at (40,66) size 744x22
          RenderListMarker at (-21,0) size 16x22: "4"
          RenderText {#text} at (0,0) size 151x22
            text run at (0,0) width 151: "Click the right button."
        RenderListItem {LI} at (40,88) size 744x22
          RenderListMarker at (-21,0) size 16x22: "5"
          RenderText {#text} at (0,0) size 493x22
            text run at (0,0) width 493: "This will crash Safari 1.3 (v176 and v170, no other configurations tested)."
        RenderListItem {LI} at (40,110) size 744x22
          RenderListMarker at (-21,0) size 16x22: "6"
          RenderText {#text} at (0,0) size 311x22
            text run at (0,0) width 311: "The combination 2. 1. 3. will also crash Safari."
        RenderListItem {LI} at (40,132) size 744x22
          RenderListMarker at (-21,0) size 16x22: "7"
          RenderText {#text} at (0,0) size 478x22
            text run at (0,0) width 478: "1. 3. will not crash Safari. (But the outline should vanish. Shouldn't it?)"
        RenderListItem {LI} at (40,154) size 744x22
          RenderListMarker at (-21,0) size 16x22: "8"
          RenderText {#text} at (0,0) size 215x22
            text run at (0,0) width 215: "2. 3. will not crash Safari either."
        RenderBlock (anonymous) at (40,176) size 744x38
          RenderButton {INPUT} at (2,2) size 163x34 [bgcolor=#C0C0C0]
            RenderBlock (anonymous) at (6,6) size 151x22
              RenderText at (0,0) size 151x22
                text run at (0,0) width 151: "1. Set outline property"
          RenderText {#text} at (167,8) size 4x22
            text run at (167,8) width 4: " "
          RenderButton {INPUT} at (173,2) size 165x34 [bgcolor=#C0C0C0]
            RenderBlock (anonymous) at (6,6) size 153x22
              RenderText at (0,0) size 153x22
                text run at (0,0) width 153: "2. Set display property"
          RenderText {#text} at (340,8) size 4x22
            text run at (340,8) width 4: " "
          RenderButton {INPUT} at (346,2) size 175x34 [bgcolor=#C0C0C0]
            RenderBlock (anonymous) at (6,6) size 163x22
              RenderText at (0,0) size 163x22
                text run at (0,0) width 163: "3. Replace span-element"
          RenderText {#text} at (0,0) size 0x0
