layer at (0,0) size 800x600
  RenderView at (0,0) size 800x600
layer at (0,0) size 800x600
  RenderBlock {HTML} at (0,0) size 800x600
    RenderBody {BODY} at (8,8) size 784x576
      RenderBlock {DIV} at (0,0) size 784x22
        RenderInline {SPAN} at (0,0) size 244x22 [color=#FF0000]
          RenderText {#text} at (0,0) size 244x22
            text run at (0,0) width 244: "This should turn red when hovered."
        RenderText {#text} at (0,0) size 0x0
      RenderBlock {HR} at (0,30) size 784x2 [border: (1px inset #000000)]
      RenderBlock {P} at (0,48) size 784x44
        RenderText {#text} at (0,0) size 57x22
          text run at (0,0) width 57: "Test for "
        RenderInline {I} at (0,0) size 762x44
          RenderInline {A} at (0,0) size 352x22 [color=#0000EE]
            RenderText {#text} at (57,0) size 352x22
              text run at (57,0) width 352: "http://bugzilla.opendarwin.org/show_bug.cgi?id=7327"
          RenderText {#text} at (409,0) size 762x44
            text run at (409,0) width 353: " REGRESSION (r12869): :hover subselector does not"
            text run at (0,22) width 134: "work in quirks mode"
        RenderText {#text} at (134,22) size 106x22
          text run at (134,22) width 106: ". This tests that "
        RenderInline {CODE} at (0,0) size 85x17
          RenderText {#text} at (240,25) size 85x17
            text run at (240,25) width 85: "span#t:hover"
        RenderText {#text} at (325,22) size 183x22
          text run at (325,22) width 183: " matches the hovered span."
