layer at (0,0) size 800x600
  RenderView at (0,0) size 800x600
layer at (0,0) size 800x270
  RenderBlock {HTML} at (0,0) size 800x270
    RenderBody {BODY} at (8,15) size 784x240
      RenderBlock {P} at (0,0) size 784x150
        RenderText {#text} at (0,27) size 110x20
          text run at (0,27) width 110: "This tests bug "
        RenderInline {A} at (0,0) size 780x95 [color=#0000EE]
          RenderText {#text} at (110,27) size 780x95
            text run at (110,27) width 670: "Bug 13174: line-height in font shorthand does not override a previously stated line-height"
            text run at (0,102) width 62: "property"
        RenderText {#text} at (62,102) size 5x20
          text run at (62,102) width 5: "."
      RenderBlock {P} at (0,165) size 784x75
        RenderText {#text} at (0,27) size 147x20
          text run at (0,27) width 147: "This text should be "
        RenderInline {CODE} at (0,0) size 171x20
          RenderText {#text} at (147,27) size 171x20
            text run at (147,27) width 171: "font:15px/5em Georgia"
        RenderText {#text} at (318,27) size 5x20
          text run at (318,27) width 5: "."
