layer at (0,0) size 800x600
  RenderView at (0,0) size 800x600
layer at (0,0) size 800x600
  RenderBlock {HTML} at (0,0) size 800x600
    RenderBody {BODY} at (8,8) size 784x584
      RenderBlock {P} at (0,0) size 784x22
        RenderText {#text} at (0,0) size 263x22
          text run at (0,0) width 263: "What it should look like (positive case):"
      RenderBlock {DIV} at (0,38) size 784x80 [border: (1px solid #008000)]
        RenderBlock {DIV} at (1,11) size 782x24 [border: (1px solid #0000FF)]
          RenderText {#text} at (1,1) size 91x22
            text run at (1,1) width 91: "Lorem ipsum"
        RenderBlock {DIV} at (1,45) size 782x24 [border: (1px dotted #0000FF)]
          RenderText {#text} at (1,1) size 91x22
            text run at (1,1) width 91: "Lorem ipsum"
      RenderBlock {P} at (0,134) size 784x22
        RenderText {#text} at (0,0) size 268x22
          text run at (0,0) width 268: "What it should look like (negative case):"
      RenderBlock {DIV} at (0,172) size 784x40 [border: (1px solid #008000)]
        RenderBlock {DIV} at (1,11) size 782x24 [border: (1px solid #0000FF)]
          RenderText {#text} at (1,1) size 91x22
            text run at (1,1) width 91: "Lorem ipsum"
        RenderBlock {DIV} at (1,25) size 782x24 [border: (1px dotted #0000FF)]
          RenderText {#text} at (1,1) size 91x22
            text run at (1,1) width 91: "Lorem ipsum"
      RenderBlock {P} at (0,228) size 784x22
        RenderText {#text} at (0,0) size 389x22
          text run at (0,0) width 389: "Dynamic case (automatically testing positive --> negative):"
      RenderBlock {DIV} at (0,266) size 784x40 [border: (1px solid #008000)]
        RenderBlock {DIV} at (1,11) size 782x24 [border: (1px solid #0000FF)]
          RenderText {#text} at (1,1) size 91x22
            text run at (1,1) width 91: "Lorem ipsum"
        RenderBlock {DIV} at (1,25) size 782x24 [border: (1px dotted #0000FF)]
          RenderText {#text} at (1,1) size 91x22
            text run at (1,1) width 91: "Lorem ipsum"
      RenderBlock (anonymous) at (0,306) size 784x59
        RenderBR {BR} at (0,0) size 0x22
        RenderButton {INPUT} at (2,24) size 138x33 [bgcolor=#C0C0C0]
          RenderBlock (anonymous) at (6,6) size 126x21
            RenderText at (0,0) size 126x21
              text run at (0,0) width 126: "Negative margin"
        RenderText {#text} at (142,30) size 4x22
          text run at (142,30) width 4: " "
        RenderButton {INPUT} at (148,24) size 132x33 [bgcolor=#C0C0C0]
          RenderBlock (anonymous) at (6,6) size 120x21
            RenderText at (0,0) size 120x21
              text run at (0,0) width 120: "Positive margin"
        RenderText {#text} at (0,0) size 0x0
      RenderBlock {P} at (0,381) size 784x22
        RenderText {#text} at (0,0) size 467x22
          text run at (0,0) width 467: "Dynamic case (automatically testing positive --> negative --> positive):"
      RenderBlock {DIV} at (0,419) size 784x80 [border: (1px solid #008000)]
        RenderBlock {DIV} at (1,11) size 782x24 [border: (1px solid #0000FF)]
          RenderText {#text} at (1,1) size 91x22
            text run at (1,1) width 91: "Lorem ipsum"
        RenderBlock {DIV} at (1,45) size 782x24 [border: (1px dotted #0000FF)]
          RenderText {#text} at (1,1) size 91x22
            text run at (1,1) width 91: "Lorem ipsum"
      RenderBlock (anonymous) at (0,499) size 784x59
        RenderBR {BR} at (0,0) size 0x22
        RenderButton {INPUT} at (2,24) size 138x33 [bgcolor=#C0C0C0]
          RenderBlock (anonymous) at (6,6) size 126x21
            RenderText at (0,0) size 126x21
              text run at (0,0) width 126: "Negative margin"
        RenderText {#text} at (142,30) size 4x22
          text run at (142,30) width 4: " "
        RenderButton {INPUT} at (148,24) size 132x33 [bgcolor=#C0C0C0]
          RenderBlock (anonymous) at (6,6) size 120x21
            RenderText at (0,0) size 120x21
              text run at (0,0) width 120: "Positive margin"
        RenderText {#text} at (0,0) size 0x0
