layer at (0,0) size 800x600
  RenderView at (0,0) size 800x600
layer at (0,0) size 800x210
  RenderBlock {HTML} at (0,0) size 800x210
    RenderBody {BODY} at (8,16) size 784x186
      RenderBlock {P} at (0,0) size 784x44
        RenderText {#text} at (0,0) size 777x44
          text run at (0,0) width 777: "The following two phrases should appear identical. The second line of text should overlap both the first line and the"
          text run at (0,22) width 78: "red border."
      RenderBlock {DIV} at (0,60) size 424x52 [border: (2px solid #FF0000)]
        RenderBlock {DIV} at (12,12) size 400x38
          RenderText {#text} at (0,-20) size 322x78
            text run at (0,-20) width 309: "Lorem ipsum"
            text run at (0,-1) width 322: "dolor sit amet"
      RenderBlock (anonymous) at (0,112) size 784x22
        RenderBR {BR} at (0,0) size 0x22
      RenderBlock {DIV} at (0,134) size 424x52 [border: (2px solid #FF0000)]
        RenderBlock {DIV} at (12,12) size 400x38
          RenderText {#text} at (0,-20) size 322x78
            text run at (0,-20) width 309: "Lorem ipsum"
            text run at (0,-1) width 322: "dolor sit amet"
