layer at (0,0) size 784x1585
  RenderView at (0,0) size 784x600
layer at (0,0) size 784x1585
  RenderBlock {HTML} at (0,0) size 784x1585
    RenderBody {BODY} at (8,16) size 768x1521 [bgcolor=#FFFFFF]
      RenderBlock {P} at (0,0) size 768x21
        RenderText {#text} at (0,0) size 184x21
          text run at (0,0) width 184: "This page is part of the "
        RenderInline {A} at (0,0) size 79x21 [color=#0000EE]
          RenderText {#text} at (184,0) size 79x21
            text run at (184,0) width 79: "CSS3.info"
        RenderText {#text} at (263,0) size 5x21
          text run at (263,0) width 5: " "
        RenderInline {A} at (0,0) size 139x21 [color=#0000EE]
          RenderText {#text} at (268,0) size 139x21
            text run at (268,0) width 139: "CSS selectors test"
        RenderText {#text} at (407,0) size 146x21
          text run at (407,0) width 146: ". See more info on "
        RenderInline {A} at (0,0) size 116x21 [color=#0000EE]
          RenderText {#text} at (553,0) size 116x21
            text run at (553,0) width 116: "CSS3 selectors"
        RenderText {#text} at (669,0) size 5x21
          text run at (669,0) width 5: "."
      RenderBlock {DIV} at (0,37) size 768x0 [bgcolor=#009900]
      RenderBlock {OL} at (0,37) size 768x1484
        RenderListItem {LI} at (40,0) size 614x227 [bgcolor=#AAAAAA]
          RenderBlock {DIV} at (16,16) size 582x24 [bgcolor=#990000]
            RenderBlock {DIV} at (0,0) size 582x24 [bgcolor=#009900]
          RenderBlock {PRE} at (16,53) size 582x84 [bgcolor=#FFFFFF]
            RenderListMarker at (-41,6) size 20x21: "1"
            RenderText {#text} at (6,9) size 245x69
              text run at (6,9) width 106: "div:only-of-type {"
              text run at (112,9) width 0: " "
              text run at (6,27) width 4: "}"
              text run at (10,27) width 0: " "
              text run at (6,44) width 0: " "
              text run at (6,61) width 245: "<div>Does this element match?</div>"
          RenderBlock {P} at (16,153) size 582x42
            RenderText {#text} at (0,0) size 569x42
              text run at (0,0) width 569: "The CSS selector should match the marked div element, because it is the"
              text run at (0,21) width 192: "only element of this type"
        RenderListItem {LI} at (40,275) size 614x244 [bgcolor=#AAAAAA]
          RenderBlock {DIV} at (16,16) size 582x24 [bgcolor=#990000]
            RenderBlock {DIV} at (0,0) size 582x24 [bgcolor=#009900]
            RenderBlock {BLOCKQUOTE} at (0,24) size 582x0 [bgcolor=#009900]
          RenderBlock {PRE} at (16,53) size 582x101 [bgcolor=#FFFFFF]
            RenderListMarker at (-41,6) size 20x21: "2"
            RenderText {#text} at (6,9) size 245x86
              text run at (6,9) width 106: "div:only-of-type {"
              text run at (112,9) width 0: " "
              text run at (6,27) width 4: "}"
              text run at (10,27) width 0: " "
              text run at (6,44) width 0: " "
              text run at (6,61) width 245: "<div>Does this element match?</div>"
              text run at (251,61) width 0: " "
              text run at (6,78) width 180: "<blockquote></blockquote>"
          RenderBlock {P} at (16,170) size 582x42
            RenderText {#text} at (0,0) size 569x42
              text run at (0,0) width 569: "The CSS selector should match the marked div element, because it is the"
              text run at (0,21) width 192: "only element of this type"
        RenderListItem {LI} at (40,567) size 614x278 [bgcolor=#AAAAAA]
          RenderBlock {DIV} at (16,16) size 582x24 [bgcolor=#990000]
            RenderBlock {DIV} at (0,0) size 582x24 [bgcolor=#009900]
            RenderBlock {BLOCKQUOTE} at (0,24) size 582x0 [bgcolor=#009900]
              RenderBlock {DIV} at (0,0) size 582x0
          RenderBlock {PRE} at (16,53) size 582x135 [bgcolor=#FFFFFF]
            RenderListMarker at (-41,6) size 20x21: "3"
            RenderText {#text} at (6,9) size 245x120
              text run at (6,9) width 106: "div:only-of-type {"
              text run at (112,9) width 0: " "
              text run at (6,27) width 4: "}"
              text run at (10,27) width 0: " "
              text run at (6,44) width 0: " "
              text run at (6,61) width 245: "<div>Does this element match?</div>"
              text run at (251,61) width 0: " "
              text run at (6,78) width 86: "<blockquote>"
              text run at (92,78) width 0: " "
              text run at (6,95) width 90: "   <div></div>"
              text run at (96,95) width 0: " "
              text run at (6,112) width 94: "</blockquote>"
          RenderBlock {P} at (16,204) size 582x42
            RenderText {#text} at (0,0) size 569x42
              text run at (0,0) width 569: "The CSS selector should match the marked div element, because it is the"
              text run at (0,21) width 296: "only element of this type in this scope"
        RenderListItem {LI} at (40,893) size 614x244 [bgcolor=#AAAAAA]
          RenderBlock {DIV} at (16,16) size 582x24 [bgcolor=#009900]
            RenderBlock {DIV} at (0,0) size 582x24
            RenderBlock {DIV} at (0,24) size 582x0
          RenderBlock {PRE} at (16,53) size 582x101 [bgcolor=#FFFFFF]
            RenderListMarker at (-41,6) size 20x21: "4"
            RenderText {#text} at (6,9) size 245x86
              text run at (6,9) width 106: "div:only-of-type {"
              text run at (112,9) width 0: " "
              text run at (6,27) width 4: "}"
              text run at (10,27) width 0: " "
              text run at (6,44) width 0: " "
              text run at (6,61) width 245: "<div>Does this element match?</div>"
              text run at (251,61) width 0: " "
              text run at (6,78) width 78: "<div></div>"
          RenderBlock {P} at (16,170) size 582x42
            RenderText {#text} at (0,0) size 570x42
              text run at (0,0) width 570: "The CSS selector should not match the marked div element, because it is"
              text run at (0,21) width 253: "not the only element of this type"
        RenderListItem {LI} at (40,1185) size 614x299 [bgcolor=#AAAAAA]
          RenderBlock {DIV} at (16,16) size 582x24 [bgcolor=#009900]
            RenderBlock {DIV} at (0,0) size 582x24
            RenderBlock {DIV} at (0,24) size 582x0
          RenderBlock {PRE} at (16,53) size 582x135 [bgcolor=#FFFFFF]
            RenderListMarker at (-41,6) size 20x21: "5"
            RenderText {#text} at (6,9) size 409x120
              text run at (6,9) width 106: "div:only-of-type {"
              text run at (112,9) width 0: " "
              text run at (6,27) width 4: "}"
              text run at (10,27) width 0: " "
              text run at (6,44) width 0: " "
              text run at (6,61) width 191: "<div id='appendChild'></div>"
              text run at (197,61) width 0: " "
              text run at (6,78) width 0: " "
              text run at (6,95) width 323: "var ib = document.getElementById('appendChild');"
              text run at (329,95) width 0: " "
              text run at (6,112) width 409: "ib.parentElement.appendChild(document.createElement(\"div\"));"
          RenderBlock {P} at (16,204) size 582x63
            RenderText {#text} at (0,0) size 571x63
              text run at (0,0) width 571: "The CSS selector should not match the original div element, because it is"
              text run at (0,21) width 569: "not the only of its type anymore after another child with the same type is"
              text run at (0,42) width 63: "append "
              text run at (63,42) width 179: "by the Javascript code."
