layer at (0,0) size 784x646
  RenderView at (0,0) size 784x600
layer at (0,0) size 784x646
  RenderBlock {HTML} at (0,0) size 784x646
    RenderBody {BODY} at (8,20) size 768x576
      RenderBlock {DIV} at (20,0) size 728x126
        RenderInline {SPAN} at (0,0) size 109x63 [textStrokeWidth=1.00]
          RenderText {#text} at (0,0) size 109x63
            text run at (0,0) width 109: "This"
        RenderText {#text} at (109,0) size 16x63
          text run at (109,0) width 16: " "
        RenderInline {SPAN} at (0,0) size 101x63 [textFillColor=#FFFFFF] [textStrokeWidth=1.00]
          RenderText {#text} at (125,0) size 101x63
            text run at (125,0) width 101: "text"
        RenderText {#text} at (226,0) size 16x63
          text run at (226,0) width 16: " "
        RenderInline {SPAN} at (0,0) size 128x63 [color=#0000004C]
          RenderText {#text} at (242,0) size 128x63
            text run at (242,0) width 128: "casts"
        RenderText {#text} at (370,0) size 16x63
          text run at (370,0) width 16: " "
        RenderInline {SPAN} at (0,0) size 210x63
          RenderText {#text} at (386,0) size 210x63
            text run at (386,0) width 210: "multiple"
        RenderText {#text} at (0,63) size 210x63
          text run at (0,63) width 210: "shadows"
      RenderBlock {DIV} at (50,176) size 100x100
      RenderBlock {DIV} at (50,326) size 100x100 [bgcolor=#FFFFFF]
      RenderBlock {DIV} at (50,476) size 100x100 [bgcolor=#00000033]
selection start: position 0 of child 0 {#text} of child 7 {SPAN} of child 0 {DIV} of body
selection end:   position 6 of child 0 {#text} of child 7 {SPAN} of child 0 {DIV} of body
