layer at (0,0) size 800x600
  RenderView at (0,0) size 800x600
layer at (0,0) size 800x600
  RenderBlock {HTML} at (0,0) size 800x600
    RenderBody {BODY} at (8,8) size 784x584
      RenderText {#text} at (0,0) size 728x35
        text run at (0,0) width 728: "THIS TEST'S RESULTS ARE NOT CORRECT, SINCE INLINE TABLES ARE NOT BASELINE-ALIGNING"
        text run at (0,18) width 501: "PROPERLY, AND WHEN THEY DO, THE FIRST ROW WILL BE USED. "
      RenderBR {BR} at (500,32) size 1x0
      RenderBlock {P} at (0,42) size 61x40 [border: (2px solid #0000FF)]
        RenderText {#text} at (2,2) size 57x17
          text run at (2,2) width 57: "This text"
        RenderBR {BR} at (58,16) size 1x0
        RenderText {#text} at (2,20) size 57x17
          text run at (2,20) width 57: "This text"
      RenderText {#text} at (61,62) size 4x17
        text run at (61,62) width 4: " "
      RenderBlock {P} at (65,42) size 116x40 [border: (2px solid #0000FF)]
        RenderBlock {SPAN} at (2,2) size 112x36
          RenderText {#text} at (0,0) size 82x17
            text run at (0,0) width 82: "should all be"
          RenderBR {BR} at (81,14) size 1x0
          RenderText {#text} at (0,18) size 112x17
            text run at (0,18) width 112: "should also all be"
      RenderText {#text} at (181,62) size 4x17
        text run at (181,62) width 4: " "
      RenderTable {TABLE} at (185,36) size 44x40 [border: (2px solid #0000FF)]
        RenderTableSection {TBODY} at (2,2) size 40x36
          RenderTableRow {TR} at (0,0) size 40x18
            RenderTableCell {TD} at (0,0) size 40x18 [r=0 c=0 rs=1 cs=1]
              RenderText {#text} at (0,0) size 40x17
                text run at (0,0) width 40: "on the"
          RenderTableRow {TR} at (0,18) size 40x18
            RenderTableCell {TD} at (0,18) size 40x18 [r=1 c=0 rs=1 cs=1]
              RenderText {#text} at (0,0) size 40x17
                text run at (0,0) width 40: "on the"
      RenderText {#text} at (229,62) size 4x17
        text run at (229,62) width 4: " "
      RenderTable {TABLE} at (233,36) size 73x40 [border: (2px solid #0000FF)]
        RenderTableSection {TBODY} at (2,2) size 69x36
          RenderTableRow {TR} at (0,0) size 69x18
            RenderTableCell {TD} at (0,0) size 69x18 [r=0 c=0 rs=1 cs=1]
              RenderText {#text} at (0,0) size 69x17
                text run at (0,0) width 69: "same line. "
          RenderTableRow {TR} at (0,18) size 69x18
            RenderTableCell {TD} at (0,18) size 69x18 [r=1 c=0 rs=1 cs=1]
              RenderText {#text} at (0,0) size 65x17
                text run at (0,0) width 65: "same line."
      RenderText {#text} at (0,0) size 0x0
