layer at (0,0) size 800x600
  RenderView at (0,0) size 800x600
layer at (0,0) size 800x600
  RenderBlock {HTML} at (0,0) size 800x600
    RenderBody {BODY} at (8,8) size 784x584
      RenderBlock {P} at (0,0) size 784x18
        RenderText {#text} at (0,0) size 57x17
          text run at (0,0) width 57: "Test for "
        RenderInline {I} at (0,0) size 572x18
          RenderInline {A} at (0,0) size 301x18 [color=#0000EE]
            RenderText {#text} at (57,0) size 301x18
              text run at (57,0) width 301: "http://bugs.webkit.org/show_bug.cgi?id=16348"
          RenderText {#text} at (358,0) size 271x18
            text run at (358,0) width 4: " "
            text run at (362,0) width 267: "@font-face does not affect the default style"
        RenderText {#text} at (629,0) size 4x17
          text run at (629,0) width 4: "."
      RenderBlock (anonymous) at (0,34) size 784x18
        RenderText {#text} at (0,0) size 192x17
          text run at (0,0) width 192: "This text should be in Arial."
