layer at (0,0) size 800x600
  RenderView at (0,0) size 800x600
layer at (0,0) size 800x600
  RenderBlock {HTML} at (0,0) size 800x600
    RenderBody {BODY} at (8,8) size 784x584
      RenderTextControl {INPUT} at (2,2) size 429x82 [bgcolor=#FFFFFF] [border: (2px inset #000000)]
        RenderDeprecatedFlexibleBox {DIV} at (3,3) size 423x47
          RenderBlock {DIV} at (0,17) size 10x13
          RenderBlock {DIV} at (10,0) size 397x47
          RenderBlock {DIV} at (407,17) size 16x13
      RenderBR {BR} at (433,44) size 0x0
      RenderTextControl {INPUT} at (2,88) size 429x82 [bgcolor=#FFFFFF] [border: (2px inset #000000)]
      RenderBR {BR} at (433,130) size 0x0
      RenderTextControl {INPUT} at (2,172) size 224x25 [bgcolor=#FFFFFF] [border: (2px inset #000000)]
        RenderDeprecatedFlexibleBox {DIV} at (6,1) size 212x23
          RenderBlock {DIV} at (0,5) size 10x13
          RenderBlock {DIV} at (10,0) size 186x23
          RenderBlock {DIV} at (196,5) size 16x13
layer at (23,13) size 397x47 scrollWidth 410
  RenderBlock {DIV} at (0,0) size 397x47
    RenderText {#text} at (1,0) size 408x47
      text run at (1,0) width 408: "value jgq not clipped"
layer at (13,99) size 423x47
  RenderBlock {DIV} at (3,3) size 423x47
    RenderText {#text} at (1,0) size 408x47
      text run at (1,0) width 408: "value jgq not clipped"
layer at (26,181) size 186x23
  RenderBlock {DIV} at (0,0) size 186x23
    RenderText {#text} at (1,0) size 127x23
      text run at (1,0) width 127: "Sample Input"
