layer at (0,0) size 800x600
  RenderView at (0,0) size 800x600
layer at (0,0) size 800x600
  RenderBlock {HTML} at (0,0) size 800x600
    RenderBody {BODY} at (8,8) size 784x584
      RenderBlock {P} at (0,0) size 784x21
        RenderText {#text} at (0,0) size 335x21
          text run at (0,0) width 335: "The controls should not depend on preload value."
      RenderBlock (anonymous) at (0,37) size 784x150
        RenderText {#text} at (0,0) size 0x0
layer at (8,45) size 300x150
  RenderVideo {VIDEO} at (0,0) size 300x150
layer at (8,45) size 300x150
  RenderBlock (relative positioned) {DIV} at (0,0) size 300x150
layer at (8,45) size 300x150
  RenderDeprecatedFlexibleBox (positioned) {DIV} at (0,0) size 300x150
    RenderButton {INPUT} at (5,121) size 32x24
    RenderDeprecatedFlexibleBox {DIV} at (40,116) size 196x34
      RenderBlock (anonymous) at (0,0) size 81x34
      RenderSlider {INPUT} at (84,5) size 109x24
        RenderBlock {DIV} at (9,6) size 4x12
    RenderButton {INPUT} at (239,121) size 24x24
    RenderButton {INPUT} at (271,121) size 24x24
layer at (51,166) size 75x24 scrollHeight 25
  RenderBlock {DIV} at (3,5) size 75x24 [color=#FFFFFF]
    RenderText {#text} at (6,6) size 63x13
      text run at (6,6) width 63: "00:00 / 00:06"
