layer at (0,0) size 784x1366
  RenderView at (0,0) size 784x600
layer at (0,0) size 784x1366
  RenderBlock {html} at (0,0) size 784x1366
    RenderBody {body} at (8,8) size 768x0
      RenderBlock (floating) {div} at (0,0) size 768x1358
        RenderBlock {h1} at (0,21) size 768x37
          RenderText {#text} at (0,0) size 444x36
            text run at (0,0) width 444: "SVG grid with percentage width"
        RenderBlock {h4} at (0,79) size 768x19
          RenderText {#text} at (0,0) size 149x19
            text run at (0,0) width 149: "WICD Core 1.0 #20-3"
        RenderBlock {p} at (0,119) size 768x0
          RenderEmbeddedObject {object} at (0,0) size 384x128
            layer at (0,0) size 384x128
              RenderView at (0,0) size 384x128
            layer at (0,0) size 384x128
              RenderSVGRoot {svg} at (0,0) size 384x128
                RenderSVGHiddenContainer {defs} at (0,0) size 0x0
                  RenderSVGResourceLinearGradient {linearGradient} [id="surface"] [gradientUnits=objectBoundingBox] [start=(1,0)] [end=(1,1)]
                    RenderSVGGradientStop {stop} [offset=0.00] [color=#FFFFFF]
                    RenderSVGGradientStop {stop} [offset=1.00] [color=#FFEEAA]
                RenderSVGPath {rect} at (0,0) size 384x128 [stroke={[type=SOLID] [color=#FFCC33] [stroke width=2.00]}] [fill={[type=LINEAR-GRADIENT] [id="surface"]}] [x=1.00] [y=1.00] [width=118.00] [height=38.00]
                RenderSVGText {text} at (52,8) size 16x24 contains 1 chunk(s)
                  RenderSVGInlineText {#text} at (0,0) size 16x24
                    chunk 1 (middle anchor) text run 1 at (52.81,27.00) startOffset 0 endOffset 1 width 14.38: "A"
          RenderEmbeddedObject {object} at (384,0) size 384x128
            layer at (0,0) size 384x128
              RenderView at (0,0) size 384x128
            layer at (0,0) size 384x128
              RenderSVGRoot {svg} at (0,0) size 384x128
                RenderSVGHiddenContainer {defs} at (0,0) size 0x0
                  RenderSVGResourceLinearGradient {linearGradient} [id="surface"] [gradientUnits=objectBoundingBox] [start=(1,0)] [end=(1,1)]
                    RenderSVGGradientStop {stop} [offset=0.00] [color=#FFFFFF]
                    RenderSVGGradientStop {stop} [offset=1.00] [color=#FFEEAA]
                RenderSVGPath {rect} at (0,0) size 384x128 [stroke={[type=SOLID] [color=#FFCC33] [stroke width=2.00]}] [fill={[type=LINEAR-GRADIENT] [id="surface"]}] [x=1.00] [y=1.00] [width=118.00] [height=38.00]
                RenderSVGText {text} at (53,8) size 14x24 contains 1 chunk(s)
                  RenderSVGInlineText {#text} at (0,0) size 14x24
                    chunk 1 (middle anchor) text run 1 at (53.91,27.00) startOffset 0 endOffset 1 width 12.19: "L"
          RenderEmbeddedObject {object} at (0,128) size 255x447
            layer at (0,0) size 255x447
              RenderView at (0,0) size 255x447
            layer at (0,0) size 255x447
              RenderSVGRoot {svg} at (0,0) size 255x447
                RenderSVGHiddenContainer {defs} at (0,0) size 0x0
                  RenderSVGResourceLinearGradient {linearGradient} [id="surface"] [gradientUnits=objectBoundingBox] [start=(1,0)] [end=(1,1)]
                    RenderSVGGradientStop {stop} [offset=0.00] [color=#FFFFFF]
                    RenderSVGGradientStop {stop} [offset=1.00] [color=#FFEEAA]
                RenderSVGContainer {a} at (0,0) size 128x128
                  RenderSVGPath {rect} at (0,0) size 128x128 [stroke={[type=SOLID] [color=#FFCC33] [stroke width=2.00]}] [fill={[type=LINEAR-GRADIENT] [id="surface"]}] [x=1.00] [y=1.00] [width=38.00] [height=38.00]
                  RenderSVGText {text} at (13,8) size 14x24 contains 1 chunk(s)
                    RenderSVGInlineText {#text} at (0,0) size 14x24
                      chunk 1 (middle anchor) text run 1 at (13.25,27.00) startOffset 0 endOffset 1 width 13.49: "B"
                RenderSVGContainer {a} at (127,0) size 128x128
                  RenderSVGPath {rect} at (127,0) size 128x128 [stroke={[type=SOLID] [color=#FFCC33] [stroke width=2.00]}] [fill={[type=LINEAR-GRADIENT] [id="surface"]}] [x=41.00] [y=1.00] [width=38.00] [height=38.00]
                RenderSVGContainer {a} at (0,159) size 128x129
                  RenderSVGPath {circle} at (0,159) size 128x129 [stroke={[type=SOLID] [color=#FFCC33] [stroke width=2.00]}] [fill={[type=LINEAR-GRADIENT] [id="surface"]}] [cx=20.00] [cy=70.00] [r=19.00]
                  RenderSVGText {text} at (13,58) size 14x24 contains 1 chunk(s)
                    RenderSVGInlineText {#text} at (0,0) size 14x24
                      chunk 1 (middle anchor) text run 1 at (13.25,77.00) startOffset 0 endOffset 1 width 13.49: "C"
                RenderSVGContainer {a} at (127,159) size 128x129
                  RenderSVGPath {circle} at (127,159) size 128x129 [stroke={[type=SOLID] [color=#FFCC33] [stroke width=2.00]}] [fill={[type=LINEAR-GRADIENT] [id="surface"]}] [cx=60.00] [cy=70.00] [r=19.00]
                RenderSVGContainer {a} at (0,319) size 128x128
                  RenderSVGPath {circle} at (0,319) size 128x128 [stroke={[type=SOLID] [color=#FFCC33] [stroke width=2.00]}] [fill={[type=LINEAR-GRADIENT] [id="surface"]}] [cx=20.00] [cy=120.00] [r=19.00]
                  RenderSVGText {text} at (12,108) size 16x24 contains 1 chunk(s)
                    RenderSVGInlineText {#text} at (0,0) size 16x24
                      chunk 1 (middle anchor) text run 1 at (12.78,127.00) startOffset 0 endOffset 1 width 14.43: "D"
                RenderSVGContainer {a} at (127,319) size 128x128
                  RenderSVGPath {circle} at (127,319) size 128x128 [stroke={[type=SOLID] [color=#FFCC33] [stroke width=2.00]}] [fill={[type=LINEAR-GRADIENT] [id="surface"]}] [cx=60.00] [cy=120.00] [r=19.00]
                  RenderSVGText {text} at (53,108) size 14x24 contains 1 chunk(s)
                    RenderSVGInlineText {#text} at (0,0) size 14x24
                      chunk 1 (middle anchor) text run 1 at (53.88,127.00) startOffset 0 endOffset 1 width 12.24: "E"
          RenderBlock (floating) {div} at (255,128) size 255x447
            RenderEmbeddedObject {object} at (0,0) size 255x255
              layer at (0,0) size 255x255
                RenderView at (0,0) size 255x255
              layer at (0,0) size 255x255
                RenderSVGRoot {svg} at (0,0) size 255x255
                  RenderSVGHiddenContainer {defs} at (0,0) size 0x0
                    RenderSVGResourceLinearGradient {linearGradient} [id="surface"] [gradientUnits=objectBoundingBox] [start=(1,0)] [end=(1,1)]
                      RenderSVGGradientStop {stop} [offset=0.00] [color=#FFFFFF]
                      RenderSVGGradientStop {stop} [offset=1.00] [color=#FFEEAA]
                  RenderSVGPath {rect} at (0,0) size 255x255 [stroke={[type=SOLID] [color=#FFCC33] [stroke width=2.00]}] [fill={[type=LINEAR-GRADIENT] [id="surface"]}] [x=1.00] [y=1.00] [width=78.00] [height=78.00]
                  RenderSVGText {text} at (32,28) size 16x24 contains 1 chunk(s)
                    RenderSVGInlineText {#text} at (0,0) size 16x24
                      chunk 1 (middle anchor) text run 1 at (32.78,47.00) startOffset 0 endOffset 1 width 14.43: "K"
            RenderBR {br} at (255,0) size 0x19
            RenderEmbeddedObject {object} at (0,255) size 255x192
              layer at (0,0) size 255x192
                RenderView at (0,0) size 255x192
              layer at (0,0) size 255x192
                RenderSVGRoot {svg} at (0,0) size 255x192
                  RenderSVGHiddenContainer {defs} at (0,0) size 0x0
                    RenderSVGResourceLinearGradient {linearGradient} [id="surface"] [gradientUnits=objectBoundingBox] [start=(1,0)] [end=(1,1)]
                      RenderSVGGradientStop {stop} [offset=0.00] [color=#FFFFFF]
                      RenderSVGGradientStop {stop} [offset=1.00] [color=#FFEEAA]
                  RenderSVGPath {rect} at (0,0) size 255x192 [stroke={[type=SOLID] [color=#FFCC33] [stroke width=2.00]}] [fill={[type=LINEAR-GRADIENT] [id="surface"]}] [x=1.00] [y=1.00] [width=78.00] [height=58.00]
                  RenderSVGText {text} at (36,18) size 8x24 contains 1 chunk(s)
                    RenderSVGInlineText {#text} at (0,0) size 8x24
                      chunk 1 (middle anchor) text run 1 at (36.08,37.00) startOffset 0 endOffset 1 width 7.84: "J"
          RenderBlock (floating) {div} at (510,128) size 255x447
            RenderEmbeddedObject {object} at (0,0) size 255x255
              layer at (0,0) size 255x255
                RenderView at (0,0) size 255x255
              layer at (0,0) size 255x255
                RenderSVGRoot {svg} at (0,0) size 255x255
                  RenderSVGHiddenContainer {defs} at (0,0) size 0x0
                    RenderSVGResourceLinearGradient {linearGradient} [id="surface"] [gradientUnits=objectBoundingBox] [start=(1,0)] [end=(1,1)]
                      RenderSVGGradientStop {stop} [offset=0.00] [color=#FFFFFF]
                      RenderSVGGradientStop {stop} [offset=1.00] [color=#FFEEAA]
                  RenderSVGContainer {a} at (0,0) size 128x128
                    RenderSVGPath {rect} at (0,0) size 128x128 [stroke={[type=SOLID] [color=#FFCC33] [stroke width=2.00]}] [fill={[type=LINEAR-GRADIENT] [id="surface"]}] [x=1.00] [y=1.00] [width=38.00] [height=38.00]
                    RenderSVGText {text} at (11,8) size 18x24 contains 1 chunk(s)
                      RenderSVGInlineText {#text} at (0,0) size 18x24
                        chunk 1 (middle anchor) text run 1 at (11.06,27.00) startOffset 0 endOffset 1 width 17.88: "M"
                  RenderSVGContainer {a} at (127,0) size 128x128
                    RenderSVGPath {rect} at (127,0) size 128x128 [stroke={[type=SOLID] [color=#FFCC33] [stroke width=2.00]}] [fill={[type=LINEAR-GRADIENT] [id="surface"]}] [x=41.00] [y=1.00] [width=38.00] [height=38.00]
                    RenderSVGText {text} at (52,8) size 16x24 contains 1 chunk(s)
                      RenderSVGInlineText {#text} at (0,0) size 16x24
                        chunk 1 (middle anchor) text run 1 at (52.78,27.00) startOffset 0 endOffset 1 width 14.43: "N"
                  RenderSVGContainer {a} at (0,127) size 128x128
                    RenderSVGPath {rect} at (0,127) size 128x128 [stroke={[type=SOLID] [color=#FFCC33] [stroke width=2.00]}] [fill={[type=LINEAR-GRADIENT] [id="surface"]}] [x=1.00] [y=41.00] [width=38.00] [height=38.00]
                    RenderSVGText {text} at (14,48) size 12x24 contains 1 chunk(s)
                      RenderSVGInlineText {#text} at (0,0) size 12x24
                        chunk 1 (middle anchor) text run 1 at (14.35,67.00) startOffset 0 endOffset 1 width 11.29: "P"
                  RenderSVGContainer {a} at (127,127) size 128x128
                    RenderSVGPath {rect} at (127,127) size 128x128 [stroke={[type=SOLID] [color=#FFCC33] [stroke width=2.00]}] [fill={[type=LINEAR-GRADIENT] [id="surface"]}] [x=41.00] [y=41.00] [width=38.00] [height=38.00]
                    RenderSVGText {text} at (52,48) size 16x24 contains 1 chunk(s)
                      RenderSVGInlineText {#text} at (0,0) size 16x24
                        chunk 1 (middle anchor) text run 1 at (52.78,67.00) startOffset 0 endOffset 1 width 14.43: "O"
            RenderEmbeddedObject {object} at (0,255) size 255x192
              layer at (0,0) size 255x192
                RenderView at (0,0) size 255x192
              layer at (0,0) size 255x192
                RenderSVGRoot {svg} at (0,0) size 255x192
                  RenderSVGHiddenContainer {defs} at (0,0) size 0x0
                    RenderSVGResourceLinearGradient {linearGradient} [id="surface"] [gradientUnits=objectBoundingBox] [start=(1,0)] [end=(1,1)]
                      RenderSVGGradientStop {stop} [offset=0.00] [color=#FFFFFF]
                      RenderSVGGradientStop {stop} [offset=1.00] [color=#FFEEAA]
                  RenderSVGPath {ellipse} at (0,0) size 255x192 [stroke={[type=SOLID] [color=#FFCC33] [stroke width=2.00]}] [fill={[type=LINEAR-GRADIENT] [id="surface"]}] [cx=40.00] [cy=30.00] [rx=39.00] [ry=29.00]
                  RenderSVGText {text} at (32,18) size 16x24 contains 1 chunk(s)
                    RenderSVGInlineText {#text} at (0,0) size 16x24
                      chunk 1 (middle anchor) text run 1 at (32.78,37.00) startOffset 0 endOffset 1 width 14.43: "Q"
          RenderEmbeddedObject {object} at (0,575) size 384x128
            layer at (0,0) size 384x128
              RenderView at (0,0) size 384x128
            layer at (0,0) size 384x128
              RenderSVGRoot {svg} at (0,0) size 384x128
                RenderSVGHiddenContainer {defs} at (0,0) size 0x0
                  RenderSVGResourceLinearGradient {linearGradient} [id="surface"] [gradientUnits=objectBoundingBox] [start=(1,0)] [end=(1,1)]
                    RenderSVGGradientStop {stop} [offset=0.00] [color=#FFFFFF]
                    RenderSVGGradientStop {stop} [offset=1.00] [color=#FFEEAA]
                RenderSVGPath {rect} at (0,0) size 384x128 [stroke={[type=SOLID] [color=#FFCC33] [stroke width=2.00]}] [fill={[type=LINEAR-GRADIENT] [id="surface"]}] [x=1.00] [y=1.00] [width=118.00] [height=38.00]
                RenderSVGText {text} at (54,8) size 12x24 contains 1 chunk(s)
                  RenderSVGInlineText {#text} at (0,0) size 12x24
                    chunk 1 (middle anchor) text run 1 at (54.38,27.00) startOffset 0 endOffset 1 width 11.25: "F"
          RenderEmbeddedObject {object} at (384,575) size 384x128
            layer at (0,0) size 384x128
              RenderView at (0,0) size 384x128
            layer at (0,0) size 384x128
              RenderSVGRoot {svg} at (0,0) size 384x128
                RenderSVGHiddenContainer {defs} at (0,0) size 0x0
                  RenderSVGResourceLinearGradient {linearGradient} [id="surface"] [gradientUnits=objectBoundingBox] [start=(1,0)] [end=(1,1)]
                    RenderSVGGradientStop {stop} [offset=0.00] [color=#FFFFFF]
                    RenderSVGGradientStop {stop} [offset=1.00] [color=#FFEEAA]
                RenderSVGPath {rect} at (0,0) size 384x128 [stroke={[type=SOLID] [color=#FFCC33] [stroke width=2.00]}] [fill={[type=LINEAR-GRADIENT] [id="surface"]}] [x=1.00] [y=1.00] [width=118.00] [height=38.00]
                RenderSVGText {text} at (56,8) size 8x24 contains 1 chunk(s)
                  RenderSVGInlineText {#text} at (0,0) size 8x24
                    chunk 1 (middle anchor) text run 1 at (56.72,27.00) startOffset 0 endOffset 1 width 6.56: "I"
          RenderBlock (floating) {div} at (0,703) size 384x192
            RenderEmbeddedObject {object} at (0,0) size 96x192
              layer at (0,0) size 96x192
                RenderView at (0,0) size 96x192
              layer at (0,0) size 96x192
                RenderSVGRoot {svg} at (0,0) size 96x192
                  RenderSVGHiddenContainer {defs} at (0,0) size 0x0
                    RenderSVGResourceLinearGradient {linearGradient} [id="surface"] [gradientUnits=objectBoundingBox] [start=(1,0)] [end=(1,1)]
                      RenderSVGGradientStop {stop} [offset=0.00] [color=#FFFFFF]
                      RenderSVGGradientStop {stop} [offset=1.00] [color=#FFEEAA]
                  RenderSVGPath {rect} at (0,0) size 96x192 [stroke={[type=SOLID] [color=#FFCC33] [stroke width=2.00]}] [fill={[type=LINEAR-GRADIENT] [id="surface"]}] [x=1.00] [y=1.00] [width=28.00] [height=58.00]
            RenderEmbeddedObject {object} at (96,0) size 288x192
              layer at (0,0) size 288x192
                RenderView at (0,0) size 288x192
              layer at (0,0) size 288x192
                RenderSVGRoot {svg} at (0,0) size 288x192
                  RenderSVGHiddenContainer {defs} at (0,0) size 0x0
                    RenderSVGResourceLinearGradient {linearGradient} [id="surface"] [gradientUnits=objectBoundingBox] [start=(1,0)] [end=(1,1)]
                      RenderSVGGradientStop {stop} [offset=0.00] [color=#FFFFFF]
                      RenderSVGGradientStop {stop} [offset=1.00] [color=#FFEEAA]
                  RenderSVGPath {rect} at (0,0) size 288x192 [stroke={[type=SOLID] [color=#FFCC33] [stroke width=2.00]}] [fill={[type=LINEAR-GRADIENT] [id="surface"]}] [x=1.00] [y=1.00] [width=88.00] [height=58.00]
                  RenderSVGText {text} at (37,18) size 16x24 contains 1 chunk(s)
                    RenderSVGInlineText {#text} at (0,0) size 16x24
                      chunk 1 (middle anchor) text run 1 at (37.81,37.00) startOffset 0 endOffset 1 width 14.38: "G"
          RenderBlock (floating) {div} at (384,703) size 384x192
            RenderEmbeddedObject {object} at (0,0) size 192x192
              layer at (0,0) size 192x192
                RenderView at (0,0) size 192x192
              layer at (0,0) size 192x192
                RenderSVGRoot {svg} at (0,0) size 192x192
                  RenderSVGHiddenContainer {defs} at (0,0) size 0x0
                    RenderSVGResourceLinearGradient {linearGradient} [id="surface"] [gradientUnits=objectBoundingBox] [start=(1,0)] [end=(1,1)]
                      RenderSVGGradientStop {stop} [offset=0.00] [color=#FFFFFF]
                      RenderSVGGradientStop {stop} [offset=1.00] [color=#FFEEAA]
                  RenderSVGPath {ellipse} at (0,0) size 192x192 [stroke={[type=SOLID] [color=#FFCC33] [stroke width=2.00]}] [fill={[type=LINEAR-GRADIENT] [id="surface"]}] [cx=30.00] [cy=30.00] [rx=29.00] [ry=29.00]
                  RenderSVGText {text} at (22,18) size 16x24 contains 1 chunk(s)
                    RenderSVGInlineText {#text} at (0,0) size 16x24
                      chunk 1 (middle anchor) text run 1 at (22.81,37.00) startOffset 0 endOffset 1 width 14.38: "H"
            RenderEmbeddedObject {object} at (192,0) size 192x192
              layer at (0,0) size 192x192
                RenderView at (0,0) size 192x192
              layer at (0,0) size 192x192
                RenderSVGRoot {svg} at (0,0) size 192x192
                  RenderSVGHiddenContainer {defs} at (0,0) size 0x0
                    RenderSVGResourceLinearGradient {linearGradient} [id="surface"] [gradientUnits=objectBoundingBox] [start=(1,0)] [end=(1,1)]
                      RenderSVGGradientStop {stop} [offset=0.00] [color=#FFFFFF]
                      RenderSVGGradientStop {stop} [offset=1.00] [color=#FFEEAA]
                  RenderSVGPath {rect} at (0,0) size 192x192 [stroke={[type=SOLID] [color=#FFCC33] [stroke width=2.00]}] [fill={[type=LINEAR-GRADIENT] [id="surface"]}] [x=1.00] [y=1.00] [width=58.00] [height=58.00]
                  RenderSVGText {text} at (23,18) size 14x24 contains 1 chunk(s)
                    RenderSVGInlineText {#text} at (0,0) size 14x24
                      chunk 1 (middle anchor) text run 1 at (23.28,37.00) startOffset 0 endOffset 1 width 13.44: "R"
          RenderEmbeddedObject {object} at (0,895) size 192x128
            layer at (0,0) size 192x128
              RenderView at (0,0) size 192x128
            layer at (0,0) size 192x128
              RenderSVGRoot {svg} at (0,0) size 192x128
                RenderSVGHiddenContainer {defs} at (0,0) size 0x0
                  RenderSVGResourceLinearGradient {linearGradient} [id="surface"] [gradientUnits=objectBoundingBox] [start=(1,0)] [end=(1,1)]
                    RenderSVGGradientStop {stop} [offset=0.00] [color=#FFFFFF]
                    RenderSVGGradientStop {stop} [offset=1.00] [color=#FFEEAA]
                RenderSVGPath {ellipse} at (0,0) size 192x128 [stroke={[type=SOLID] [color=#FFCC33] [stroke width=2.00]}] [fill={[type=LINEAR-GRADIENT] [id="surface"]}] [cx=30.00] [cy=20.00] [rx=29.00] [ry=19.00]
          RenderEmbeddedObject {object} at (192,895) size 192x128
            layer at (0,0) size 192x128
              RenderView at (0,0) size 192x128
            layer at (0,0) size 192x128
              RenderSVGRoot {svg} at (0,0) size 192x128
                RenderSVGHiddenContainer {defs} at (0,0) size 0x0
                  RenderSVGResourceLinearGradient {linearGradient} [id="surface"] [gradientUnits=objectBoundingBox] [start=(1,0)] [end=(1,1)]
                    RenderSVGGradientStop {stop} [offset=0.00] [color=#FFFFFF]
                    RenderSVGGradientStop {stop} [offset=1.00] [color=#FFEEAA]
                RenderSVGPath {ellipse} at (0,0) size 192x128 [stroke={[type=SOLID] [color=#FFCC33] [stroke width=2.00]}] [fill={[type=LINEAR-GRADIENT] [id="surface"]}] [cx=30.00] [cy=20.00] [rx=29.00] [ry=19.00]
          RenderBlock (floating) {div} at (384,895) size 384x128
            RenderEmbeddedObject {object} at (0,0) size 288x128
              layer at (0,0) size 288x128
                RenderView at (0,0) size 288x128
              layer at (0,0) size 288x128
                RenderSVGRoot {svg} at (0,0) size 288x128
                  RenderSVGHiddenContainer {defs} at (0,0) size 0x0
                    RenderSVGResourceLinearGradient {linearGradient} [id="surface"] [gradientUnits=objectBoundingBox] [start=(1,0)] [end=(1,1)]
                      RenderSVGGradientStop {stop} [offset=0.00] [color=#FFFFFF]
                      RenderSVGGradientStop {stop} [offset=1.00] [color=#FFEEAA]
                  RenderSVGPath {rect} at (0,0) size 288x128 [stroke={[type=SOLID] [color=#FFCC33] [stroke width=2.00]}] [fill={[type=LINEAR-GRADIENT] [id="surface"]}] [x=1.00] [y=1.00] [width=88.00] [height=38.00]
                  RenderSVGText {text} at (39,8) size 12x24 contains 1 chunk(s)
                    RenderSVGInlineText {#text} at (0,0) size 12x24
                      chunk 1 (middle anchor) text run 1 at (39.38,27.00) startOffset 0 endOffset 1 width 11.25: "S"
            RenderEmbeddedObject {object} at (288,0) size 96x128
              layer at (0,0) size 96x128
                RenderView at (0,0) size 96x128
              layer at (0,0) size 96x128
                RenderSVGRoot {svg} at (0,0) size 96x128
                  RenderSVGHiddenContainer {defs} at (0,0) size 0x0
                    RenderSVGResourceLinearGradient {linearGradient} [id="surface"] [gradientUnits=objectBoundingBox] [start=(1,0)] [end=(1,1)]
                      RenderSVGGradientStop {stop} [offset=0.00] [color=#FFFFFF]
                      RenderSVGGradientStop {stop} [offset=1.00] [color=#FFEEAA]
                  RenderSVGPath {rect} at (0,0) size 96x128 [stroke={[type=SOLID] [color=#FFCC33] [stroke width=2.00]}] [fill={[type=LINEAR-GRADIENT] [id="surface"]}] [x=1.00] [y=1.00] [width=28.00] [height=38.00]
                  RenderSVGText {text} at (8,8) size 14x24 contains 1 chunk(s)
                    RenderSVGInlineText {#text} at (0,0) size 14x24
                      chunk 1 (middle anchor) text run 1 at (8.91,27.00) startOffset 0 endOffset 1 width 12.19: "T"
        RenderBlock {p} at (0,119) size 768x1042 [color=#FFFFFF]
          RenderBR {br} at (768,0) size 0x19
          RenderText {#text} at (0,1023) size 8x19
            text run at (0,1023) width 8: ".."
        RenderBlock {p} at (0,1177) size 768x57
          RenderText {#text} at (0,0) size 756x57
            text run at (0,0) width 633: "Above, you should see a grid of 17 SVG child elements sticked together to build one rectangle grid. "
            text run at (633,0) width 123: "You should be able"
            text run at (0,19) width 750: "to resize your browser window and the grid rendering should adjust to it. The outcome should look like in these sample"
            text run at (0,38) width 80: "screenshots: "
          RenderInline {a} at (0,0) size 33x19 [color=#0000EE]
            RenderText {#text} at (80,38) size 33x19
              text run at (80,38) width 33: "small"
          RenderText {#text} at (113,38) size 8x19
            text run at (113,38) width 8: ", "
          RenderInline {a} at (0,0) size 40x19 [color=#0000EE]
            RenderText {#text} at (121,38) size 40x19
              text run at (121,38) width 40: "bigger"
          RenderText {#text} at (161,38) size 31x19
            text run at (161,38) width 31: " and "
          RenderInline {a} at (0,0) size 20x19 [color=#0000EE]
            RenderText {#text} at (192,38) size 20x19
              text run at (192,38) width 20: "big"
          RenderText {#text} at (212,38) size 4x19
            text run at (212,38) width 4: "."
        RenderBlock {p} at (0,1250) size 768x38
          RenderText {#text} at (0,0) size 750x38
            text run at (0,0) width 750: "The test is successful, if all SVG elements resize exacly dependend on the width of the browser window, but keep their"
            text run at (0,19) width 622: "aspect ratio and relative position. The complete grid should always show a perfect rectangle object."
        RenderBlock {p} at (0,1304) size 768x38
          RenderBR {br} at (0,0) size 0x19
          RenderInline {a} at (0,0) size 33x19 [color=#0000EE]
            RenderText {#text} at (0,19) size 33x19
              text run at (0,19) width 33: "Back"
