layer at (0,0) size 800x600
  RenderView at (0,0) size 800x600
layer at (0,0) size 800x535
  RenderBlock {html} at (0,0) size 800x535
    RenderBody {body} at (48,30) size 752x497
      RenderBlock {div} at (0,0) size 752x497
        RenderBlock {h1} at (0,0) size 691x31
          RenderText {#text} at (0,0) size 217x30
            text run at (0,0) width 217: "rightsizing to box"
        RenderBlock {h4} at (0,31) size 752x16
          RenderText {#text} at (0,0) size 137x16
            text run at (0,0) width 137: "WICD Core 1.0 #20-1"
        RenderBlock {div} at (0,66) size 176x62 [bgcolor=#FF0000]
          RenderImage {object} at (0,0) size 176x62
          RenderText {#text} at (0,0) size 0x0
        RenderBlock (anonymous) at (0,128) size 752x18
          RenderBR {br} at (0,0) size 0x17
        RenderBlock {div} at (0,146) size 176x62 [bgcolor=#FF0000]
          RenderEmbeddedObject {object} at (0,0) size 176x62
            layer at (0,0) size 176x62
              RenderView at (0,0) size 176x62
            layer at (0,0) size 176x62
              RenderSVGRoot {svg} at (0,0) size 176x62
                RenderSVGPath {rect} at (0,0) size 176x62 [fill={[type=SOLID] [color=#CCCCCC]}] [x=0.00] [y=0.00] [width=176.00] [height=62.00]
                RenderSVGPath {rect} at (2,2) size 174x60 [fill={[type=SOLID] [color=#333333]}] [x=2.00] [y=2.00] [width=174.00] [height=60.00]
                RenderSVGPath {rect} at (2,2) size 172x58 [fill={[type=SOLID] [color=#FFFFFF]}] [x=2.00] [y=2.00] [width=172.00] [height=58.00]
                RenderSVGPath {rect} at (86,2) size 88x58 [fill={[type=SOLID] [color=#FFCC33]}] [x=86.00] [y=2.00] [width=88.00] [height=58.00]
                RenderSVGText {text} at (45,10) size 81x45 contains 1 chunk(s)
                  RenderSVGInlineText {#text} at (0,0) size 81x45
                    chunk 1 (middle anchor) text run 1 at (45.99,46.00) startOffset 0 endOffset 3 width 80.02: "SVG"
          RenderText {#text} at (0,0) size 0x0
        RenderBlock {p} at (0,210) size 691x32
          RenderText {#text} at (0,0) size 682x31
            text run at (0,0) width 682: "Above there must be a GIF- and a SVG-image visible. Both are referenced by an object element (width:100%, no defined"
            text run at (0,16) width 397: "height) and each nested into a div element (width:176px, height:62px)."
        RenderBlock {div} at (0,247) size 176x62 [bgcolor=#FF0000]
          RenderImage {object} at (0,0) size 176x62
          RenderText {#text} at (0,0) size 0x0
        RenderBlock (anonymous) at (0,309) size 752x18
          RenderBR {br} at (0,0) size 0x17
        RenderBlock {div} at (0,327) size 176x62 [bgcolor=#FF0000]
          RenderEmbeddedObject {object} at (0,0) size 176x62
            layer at (0,0) size 176x62
              RenderView at (0,0) size 176x62
            layer at (0,0) size 176x62
              RenderSVGRoot {svg} at (0,0) size 176x62
                RenderSVGPath {rect} at (0,0) size 176x62 [fill={[type=SOLID] [color=#CCCCCC]}] [x=0.00] [y=0.00] [width=176.00] [height=62.00]
                RenderSVGPath {rect} at (2,2) size 174x60 [fill={[type=SOLID] [color=#333333]}] [x=2.00] [y=2.00] [width=174.00] [height=60.00]
                RenderSVGPath {rect} at (2,2) size 172x58 [fill={[type=SOLID] [color=#FFFFFF]}] [x=2.00] [y=2.00] [width=172.00] [height=58.00]
                RenderSVGPath {rect} at (86,2) size 88x58 [fill={[type=SOLID] [color=#FFCC33]}] [x=86.00] [y=2.00] [width=88.00] [height=58.00]
                RenderSVGText {text} at (45,10) size 81x45 contains 1 chunk(s)
                  RenderSVGInlineText {#text} at (0,0) size 81x45
                    chunk 1 (middle anchor) text run 1 at (45.99,46.00) startOffset 0 endOffset 3 width 80.02: "SVG"
          RenderText {#text} at (0,0) size 0x0
        RenderBlock {p} at (0,391) size 691x32
          RenderText {#text} at (0,0) size 645x31
            text run at (0,0) width 645: "Above there must be a GIF- and a SVG-image visible. Both are referenced by an object element (no defined width,"
            text run at (0,16) width 434: "height:100%) and each nested into a div element (width:176px, height:62px)."
        RenderBlock {p} at (0,428) size 691x32
          RenderText {#text} at (0,0) size 686x31
            text run at (0,0) width 686: "This tests have succeeded, if in both cases, the look (dimensions) of the SVG and the GIF are exactly the same (except the"
            text run at (0,16) width 310: "text apparently) and no red background color is visible."
        RenderBlock {p} at (0,465) size 691x32
          RenderBR {br} at (0,0) size 0x15
          RenderInline {a} at (0,0) size 29x15 [color=#000066]
            RenderText {#text} at (0,16) size 29x15
              text run at (0,16) width 29: "Back"
