layer at (0,0) size 800x600
  RenderView at (0,0) size 800x600
layer at (0,0) size 800x110
  RenderBlock {HTML} at (0,0) size 800x110
    RenderBody {BODY} at (8,16) size 784x86
      RenderBlock {P} at (0,0) size 784x20
        RenderText {#text} at (0,0) size 598x19
          text run at (0,0) width 598: "This tests that the Address Book AutoFill button renders. It can only be tested in the test tool."
      RenderBlock {DIV} at (0,36) size 784x50
        RenderTextControl {INPUT} at (2,2) size 138x22 [bgcolor=#FFFFFF] [border: (1px solid #4C4C4C)]
          RenderFlexibleBox {DIV} at (6,3) size 125x15
            RenderBlock {DIV} at (0,0) size 98x14
        RenderText {#text} at (141,1) size 5x19
          text run at (141,1) width 5: " "
        RenderTextControl {INPUT} at (147,2) size 138x22 [bgcolor=#FFFFFF] [border: (1px solid #4C4C4C)]
          RenderFlexibleBox {DIV} at (6,3) size 125x15
            RenderBlock {DIV} at (0,0) size 98x14
        RenderText {#text} at (286,1) size 5x19
          text run at (286,1) width 5: " "
        RenderTextControl {INPUT} at (292,2) size 139x22 [bgcolor=#FFFFFF] [border: (1px solid #4C4C4C)]
          RenderFlexibleBox {DIV} at (6,3) size 125x15
            RenderBlock {DIV} at (0,0) size 98x14
        RenderText {#text} at (432,1) size 5x19
          text run at (432,1) width 5: " "
        RenderTextControl {INPUT} at (438,2) size 138x22 [bgcolor=#FFFFFF] [border: (1px solid #4C4C4C)]
          RenderFlexibleBox {DIV} at (6,3) size 125x15
            RenderBlock {DIV} at (0,0) size 98x14
        RenderTextControl {INPUT} at (579,2) size 138x22 [bgcolor=#FFFFFF] [border: (1px solid #4C4C4C)]
          RenderFlexibleBox {DIV} at (6,3) size 125x15
            RenderBlock {DIV} at (0,0) size 98x14
        RenderTextControl {INPUT} at (2,27) size 138x22 [bgcolor=#FFFFFF] [border: (1px solid #4C4C4C)]
          RenderFlexibleBox {DIV} at (6,3) size 125x15
            RenderBlock {DIV} at (0,0) size 98x14
layer at (17,57) size 97x14
  RenderBlock {DIV} at (0,0) size 98x14
layer at (162,57) size 97x14
  RenderBlock {DIV} at (0,0) size 98x14
layer at (307,57) size 97x14
  RenderBlock {DIV} at (0,0) size 98x14
layer at (453,57) size 97x14
  RenderBlock {DIV} at (0,0) size 98x14
layer at (594,57) size 97x14
  RenderBlock {DIV} at (0,0) size 98x14
layer at (17,82) size 97x14
  RenderBlock {DIV} at (0,0) size 98x14
layer at (117,58) size 22x12
  RenderBlock {DIV} at (100,1) size 23x12 [bgcolor=#000000]
layer at (262,58) size 22x12
  RenderBlock {DIV} at (100,1) size 23x12 [bgcolor=#000000]
layer at (408,58) size 22x12
  RenderBlock {DIV} at (100,1) size 23x12 [bgcolor=#000000]
layer at (553,58) size 22x12
  RenderBlock {DIV} at (100,1) size 23x12 [bgcolor=#000000]
layer at (694,58) size 22x12
  RenderBlock {DIV} at (100,1) size 23x12 [bgcolor=#000000]
layer at (117,83) size 22x12
  RenderBlock {DIV} at (100,1) size 23x12 [bgcolor=#000000]
