layer at (0,0) size 800x600
  RenderView at (0,0) size 800x600
layer at (0,0) size 800x214
  RenderBlock {HTML} at (0,0) size 800x214
    RenderBody {BODY} at (8,16) size 784x190
      RenderBlock {P} at (0,0) size 784x20
        RenderText {#text} at (0,0) size 758x19
          text run at (0,0) width 758: "This tests that the Strong Password AutoFill button renders in an auto-filled input. It can only be tested in the test tool."
      RenderBlock {DIV} at (0,36) size 784x154
        RenderTextControl {INPUT} at (2,14) size 153x20 [bgcolor=#FAFFBD] [border: (1px solid #4C4C4C)]
        RenderText {#text} at (157,13) size 4x19
          text run at (157,13) width 4: " "
        RenderTextControl {INPUT} at (163,14) size 153x20 [bgcolor=#FAFFBD] [border: (1px solid #4C4C4C)]
        RenderText {#text} at (318,13) size 4x19
          text run at (318,13) width 4: " "
        RenderTextControl {INPUT} at (322,14) size 313x20 [bgcolor=#FAFFBD] [border: (1px solid #4C4C4C)]
        RenderText {#text} at (635,13) size 4x19
          text run at (635,13) width 4: " "
        RenderTextControl {INPUT} at (639,2) size 33x20 [bgcolor=#FAFFBD] [border: (1px solid #4C4C4C)]
        RenderText {#text} at (0,0) size 0x0
        RenderTextControl {INPUT} at (2,47) size 153x108 [bgcolor=#FAFFBD] [border: (1px solid #4C4C4C)]
        RenderText {#text} at (157,90) size 4x19
          text run at (157,90) width 4: " "
        RenderTextControl {INPUT} at (161,35) size 33x108 [bgcolor=#FAFFBD] [border: (1px solid #4C4C4C)]
        RenderText {#text} at (194,90) size 4x19
          text run at (194,90) width 4: " "
        RenderTextControl {INPUT} at (200,91) size 153x20 [bgcolor=#FAFFBD] [border: (1px solid #4C4C4C)]
layer at (17,69) size 140x12 scrollHeight 14
  RenderFlexibleBox {DIV} at (6,3) size 141x13
    RenderBlock {DIV} at (45,0) size 95x14 [color=#000000CC]
      RenderText {#text} at (6,0) size 89x14
        text run at (6,0) width 89: "Strong Password"
layer at (17,70) size 46x12 backgroundClip at (17,70) size 45x11 clip at (17,70) size 45x11
  RenderBlock {DIV} at (0,1) size 46x12
layer at (178,69) size 140x12 scrollHeight 14
  RenderFlexibleBox {DIV} at (6,3) size 141x13
    RenderBlock {DIV} at (45,0) size 95x14 [color=#000000CC]
      RenderText {#text} at (6,0) size 89x14
        text run at (6,0) width 89: "Strong Password"
layer at (178,70) size 46x12 backgroundClip at (178,70) size 45x11 clip at (178,70) size 45x11
  RenderBlock {DIV} at (0,1) size 46x12
layer at (337,69) size 300x12 scrollHeight 14
  RenderFlexibleBox {DIV} at (6,3) size 301x13
    RenderBlock {DIV} at (205,0) size 95x14 [color=#000000CC]
      RenderText {#text} at (6,0) size 89x14
        text run at (6,0) width 89: "Strong Password"
layer at (337,70) size 206x12 backgroundClip at (337,70) size 205x11 clip at (337,70) size 205x11
  RenderBlock {DIV} at (0,1) size 206x12
layer at (654,57) size 20x12 scrollWidth 94 scrollHeight 26
  RenderFlexibleBox {DIV} at (6,3) size 21x13
    RenderBlock {DIV} at (0,12) size 20x14 [color=#000000CC]
      RenderText {#text} at (6,0) size 89x14
        text run at (6,0) width 89: "Strong Password"
layer at (654,57) size 20x12
  RenderBlock {DIV} at (0,0) size 20x12
layer at (17,146) size 140x12 scrollHeight 14
  RenderFlexibleBox {DIV} at (6,47) size 141x13
    RenderBlock {DIV} at (45,0) size 95x14 [color=#000000CC]
      RenderText {#text} at (6,0) size 89x14
        text run at (6,0) width 89: "Strong Password"
layer at (17,147) size 46x12 backgroundClip at (17,147) size 45x11 clip at (17,147) size 45x11
  RenderBlock {DIV} at (0,1) size 46x12
layer at (176,134) size 20x12 scrollWidth 94 scrollHeight 26
  RenderFlexibleBox {DIV} at (6,47) size 21x13
    RenderBlock {DIV} at (0,12) size 20x14 [color=#000000CC]
      RenderText {#text} at (6,0) size 89x14
        text run at (6,0) width 89: "Strong Password"
layer at (176,134) size 20x12
  RenderBlock {DIV} at (0,0) size 20x12
layer at (215,146) size 140x12 scrollHeight 14
  RenderFlexibleBox {DIV} at (6,3) size 141x13
    RenderBlock {DIV} at (45,0) size 95x14 [color=#000000CC]
      RenderText {#text} at (6,0) size 89x14
        text run at (6,0) width 89: "Strong Password"
layer at (215,147) size 46x12 backgroundClip at (215,147) size 45x11 clip at (215,147) size 45x11
  RenderBlock {DIV} at (0,1) size 46x12
layer at (17,70) size 46x12 backgroundClip at (17,70) size 45x11 clip at (17,70) size 45x11 scrollWidth 284
  RenderBlock {DIV} at (0,0) size 46x12 [color=#00000099]
    RenderText {#text} at (0,0) size 284x12
      text run at (0,0) width 284: "A quick brown fox jumped over the lazy dog."
layer at (178,70) size 46x12 backgroundClip at (178,70) size 45x11 clip at (178,70) size 45x11 scrollWidth 284
  RenderBlock {DIV} at (0,0) size 46x12 [color=#00000099]
    RenderText {#text} at (0,0) size 284x12
      text run at (0,0) width 284: "A quick brown fox jumped over the lazy dog."
layer at (337,70) size 206x12 backgroundClip at (337,70) size 205x11 clip at (337,70) size 205x11 scrollWidth 284
  RenderBlock {DIV} at (0,0) size 206x12 [color=#00000099]
    RenderText {#text} at (0,0) size 284x12
      text run at (0,0) width 284: "A quick brown fox jumped over the lazy dog."
layer at (654,57) size 20x12 scrollWidth 284
  RenderBlock {DIV} at (0,0) size 20x12 [color=#00000099]
    RenderText {#text} at (0,0) size 284x12
      text run at (0,0) width 284: "A quick brown fox jumped over the lazy dog."
layer at (17,147) size 46x12 backgroundClip at (17,147) size 45x11 clip at (17,147) size 45x11 scrollWidth 284
  RenderBlock {DIV} at (0,0) size 46x12 [color=#00000099]
    RenderText {#text} at (0,0) size 284x12
      text run at (0,0) width 284: "A quick brown fox jumped over the lazy dog."
layer at (176,134) size 20x12 scrollWidth 284
  RenderBlock {DIV} at (0,0) size 20x12 [color=#00000099]
    RenderText {#text} at (0,0) size 284x12
      text run at (0,0) width 284: "A quick brown fox jumped over the lazy dog."
