layer at (0,0) size 800x600
  RenderView at (0,0) size 800x600
layer at (0,0) size 800x185
  RenderBlock {html} at (0,0) size 800x185
    RenderBody {body} at (8,23) size 784x154 [color=#008000]
      RenderBlock {p} at (0,0) size 784x26 [color=#000000]
        RenderText {#text} at (0,0) size 352x26
          text run at (0,0) width 352: "There should be a green block below."
      RenderBlock (anonymous) at (0,49) size 784x105
        RenderSVGRoot {svg} at (8,72) size 300x100
          RenderSVGRect {rect} at (8,72) size 300x100 [fill={[type=SOLID] [color=#FF0000]}] [x=0.00] [y=0.00] [width=300.00] [height=100.00]
          RenderSVGRect {rect} at (8,72) size 300x100 [fill={[type=SOLID] [color=#008000]}] [x=0.00] [y=0.00] [width=300.00] [height=100.00]
        RenderText {#text} at (0,0) size 0x0
