layer at (0,0) size 785x727
  RenderView at (0,0) size 785x600
layer at (0,0) size 785x727
  RenderBlock {HTML} at (0,0) size 785x727
    RenderBody {BODY} at (8,8) size 769x711 [bgcolor=#CCCCCC]
      RenderBlock {P} at (0,0) size 769x19
        RenderInline (generated) at (0,0) size 10x19 [color=#800000]
          RenderText {#text} at (0,0) size 10x19
            text run at (0,0) width 10: "T"
        RenderText {#text} at (10,0) size 345x19
          text run at (10,0) width 345: "he style declarations which apply to the text below are:"
      RenderBlock {PRE} at (0,35) size 769x60
        RenderText {#text} at (0,0) size 312x60
          text run at (0,0) width 248: "P:first-letter {color: maroon;}"
          text run at (248,0) width 0: " "
          text run at (0,15) width 288: ".two:first-letter {font-size: 200%;}"
          text run at (288,15) width 0: " "
          text run at (0,30) width 312: "P.three:first-letter {font-size: 350%;}"
          text run at (312,30) width 0: " "
          text run at (0,45) width 0: " "
      RenderBlock {HR} at (0,108) size 769x2 [border: (1px inset #000000)]
      RenderBlock {P} at (0,126) size 769x57
        RenderInline (generated) at (0,0) size 10x19 [color=#800000]
          RenderText {#text} at (0,0) size 10x19
            text run at (0,0) width 10: "T"
        RenderText {#text} at (10,0) size 764x57
          text run at (10,0) width 434: "he first letter of this paragraph, and only that one, should be maroon. "
          text run at (444,0) width 320: "If this precise combination does not occur, then the"
          text run at (0,19) width 187: "user agent has failed this test. "
          text run at (187,19) width 574: "Remember that in order to ensure a complete test, the paragraph must be displayed on more"
          text run at (0,38) width 85: "than one line."
      RenderBlock {P} at (0,199) size 769x75
        RenderInline (generated) at (0,0) size 20x36 [color=#800000]
          RenderText {#text} at (0,0) size 20x36
            text run at (0,0) width 20: "T"
        RenderText {#text} at (20,14) size 757x61
          text run at (20,14) width 611: "he first letter of this paragraph, and only that one, should be a larger font size, as well as maroon. "
          text run at (631,14) width 84: "If this precise"
          text run at (0,37) width 423: "combination does not occur, then the user agent has failed this test. "
          text run at (423,37) width 334: "Remember that in order to ensure a complete test, the"
          text run at (0,56) width 325: "paragraph must be displayed on more than one line."
      RenderBlock {P} at (0,290) size 769x102
        RenderInline (generated) at (0,0) size 76x63 [color=#800000]
          RenderText {#text} at (0,0) size 76x63
            text run at (0,0) width 76: "\"W"
        RenderText {#text} at (76,35) size 760x67
          text run at (76,35) width 319: "e should check for quotation support,\" it was said. "
          text run at (395,35) width 365: "The first two characters in this paragraph-- a double-quote"
          text run at (0,64) width 578: "mark and a capital 'W'-- should be 350% bigger than the rest of the paragraph, and maroon. "
          text run at (578,64) width 178: "Note that this is not required"
          text run at (0,83) width 228: "under CSS1, but it is recommended."
      RenderTable {TABLE} at (0,408) size 769x303 [border: (1px outset #808080)]
        RenderTableSection {TBODY} at (1,1) size 767x301
          RenderTableRow {TR} at (0,0) size 767x27
            RenderTableCell {TD} at (0,0) size 767x27 [bgcolor=#C0C0C0] [border: (1px inset #808080)] [r=0 c=0 rs=1 cs=2]
              RenderInline {STRONG} at (0,0) size 163x19
                RenderText {#text} at (4,4) size 163x19
                  text run at (4,4) width 163: "TABLE Testing Section"
          RenderTableRow {TR} at (0,27) size 767x274
            RenderTableCell {TD} at (0,150) size 12x27 [bgcolor=#C0C0C0] [border: (1px inset #808080)] [r=1 c=0 rs=1 cs=1]
              RenderText {#text} at (4,4) size 4x19
                text run at (4,4) width 4: " "
            RenderTableCell {TD} at (12,27) size 755x274 [border: (1px inset #808080)] [r=1 c=1 rs=1 cs=1]
              RenderBlock {P} at (4,4) size 747x57
                RenderInline (generated) at (0,0) size 10x19 [color=#800000]
                  RenderText {#text} at (0,0) size 10x19
                    text run at (0,0) width 10: "T"
                RenderText {#text} at (10,0) size 741x57
                  text run at (10,0) width 434: "he first letter of this paragraph, and only that one, should be maroon. "
                  text run at (444,0) width 297: "If this precise combination does not occur, then"
                  text run at (0,19) width 210: "the user agent has failed this test. "
                  text run at (210,19) width 518: "Remember that in order to ensure a complete test, the paragraph must be displayed"
                  text run at (0,38) width 141: "on more than one line."
              RenderBlock {P} at (4,77) size 747x75
                RenderInline (generated) at (0,0) size 20x36 [color=#800000]
                  RenderText {#text} at (0,0) size 20x36
                    text run at (0,0) width 20: "T"
                RenderText {#text} at (20,14) size 734x61
                  text run at (20,14) width 611: "he first letter of this paragraph, and only that one, should be a larger font size, as well as maroon. "
                  text run at (631,14) width 84: "If this precise"
                  text run at (0,37) width 423: "combination does not occur, then the user agent has failed this test. "
                  text run at (423,37) width 311: "Remember that in order to ensure a complete test,"
                  text run at (0,56) width 348: "the paragraph must be displayed on more than one line."
              RenderBlock {P} at (4,168) size 747x102
                RenderInline (generated) at (0,0) size 76x63 [color=#800000]
                  RenderText {#text} at (0,0) size 76x63
                    text run at (0,0) width 76: "\"W"
                RenderText {#text} at (76,35) size 739x67
                  text run at (76,35) width 319: "e should check for quotation support,\" it was said. "
                  text run at (395,35) width 330: "The first two characters in this paragraph-- a double-"
                  text run at (0,64) width 617: "quote mark and a capital 'W'-- should be 350% bigger than the rest of the paragraph, and maroon. "
                  text run at (617,64) width 122: "Note that this is not"
                  text run at (0,83) width 284: "required under CSS1, but it is recommended."
