layer at (0,0) size 785x1602
  RenderView at (0,0) size 785x600
layer at (0,0) size 785x1602
  RenderBlock {HTML} at (0,0) size 785x1602
    RenderBody {BODY} at (8,8) size 769x1586 [bgcolor=#CCCCCC]
      RenderBlock {P} at (0,0) size 769x18
        RenderText {#text} at (0,0) size 355x19
          text run at (0,0) width 355: "The style declarations which apply to the text below are:"
      RenderBlock {PRE} at (0,34) size 769x165
        RenderText {#text} at (0,0) size 624x165
          text run at (0,0) width 184: ".zero {margin-left: 0;}"
          text run at (184,0) width 0: " "
          text run at (0,15) width 192: ".one {margin-left: 3em;}"
          text run at (192,15) width 0: " "
          text run at (0,30) width 192: ".two {margin-left: 3ex;}"
          text run at (192,30) width 0: " "
          text run at (0,45) width 216: ".three {margin-left: 36px;}"
          text run at (216,45) width 0: " "
          text run at (0,60) width 216: ".four {margin-left: 0.5in;}"
          text run at (216,60) width 0: " "
          text run at (0,75) width 224: ".five {margin-left: 1.27cm;}"
          text run at (224,75) width 0: " "
          text run at (0,90) width 216: ".six {margin-left: 12.7mm;}"
          text run at (216,90) width 0: " "
          text run at (0,105) width 216: ".seven {margin-left: 36pt;}"
          text run at (216,105) width 0: " "
          text run at (0,120) width 208: ".eight {margin-left: 3pc;}"
          text run at (208,120) width 0: " "
          text run at (0,135) width 208: ".nine {margin-left: +3pc;}"
          text run at (208,135) width 0: " "
          text run at (0,150) width 624: ".ten {font-size: 40px; border-left: 1ex solid purple; background-color: aqua;}"
          text run at (624,150) width 0: " "
      RenderBlock {HR} at (0,212) size 769x2 [border: (1px inset #000000)]
      RenderBlock {P} at (0,230) size 769x36
        RenderText {#text} at (0,0) size 761x37
          text run at (0,0) width 761: "This paragraph has no left margin. The following paragraphs have all been given a left margin and their left (outer) edges"
          text run at (0,18) width 347: "should therefore be appropriately shifted to the right of "
        RenderInline {EM} at (0,0) size 22x19
          RenderText {#text} at (347,18) size 22x19
            text run at (347,18) width 22: "this"
        RenderText {#text} at (369,18) size 138x19
          text run at (369,18) width 138: " paragraph's left edge."
      RenderBlock {P} at (48,282) size 721x18
        RenderText {#text} at (0,0) size 310x19
          text run at (0,0) width 310: "This paragraph should have a left margin of 3em."
      RenderBlock {P} at (24,316) size 745x18
        RenderText {#text} at (0,0) size 306x19
          text run at (0,0) width 306: "This paragraph should have a left margin of 3ex."
      RenderBlock {P} at (36,350) size 733x18
        RenderText {#text} at (0,0) size 340x19
          text run at (0,0) width 340: "This paragraph should have a left margin of 36 pixels."
      RenderBlock {P} at (48,384) size 721x18
        RenderText {#text} at (0,0) size 357x19
          text run at (0,0) width 357: "This paragraph should have a left margin of half an inch."
      RenderBlock {P} at (48,418) size 721x18
        RenderText {#text} at (0,0) size 330x19
          text run at (0,0) width 330: "This paragraph should have a left margin of 1.27cm."
      RenderBlock {P} at (48,452) size 721x18
        RenderText {#text} at (0,0) size 335x19
          text run at (0,0) width 335: "This paragraph should have a left margin of 12.7mm."
      RenderBlock {P} at (48,486) size 721x18
        RenderText {#text} at (0,0) size 341x19
          text run at (0,0) width 341: "This paragraph should have a left margin of 36 points."
      RenderBlock {P} at (48,520) size 721x18
        RenderText {#text} at (0,0) size 327x19
          text run at (0,0) width 327: "This paragraph should have a left margin of 3 picas."
      RenderBlock {P} at (48,554) size 721x18
        RenderText {#text} at (0,0) size 591x19
          text run at (0,0) width 591: "This paragraph should have a left margin of 3 picas (the plus sign should make no difference)."
      RenderBlock {P} at (0,612) size 769x234 [bgcolor=#00FFFF] [border: none (19px solid #800080)]
        RenderText {#text} at (19,0) size 310x45
          text run at (19,0) width 310: "This element has a "
        RenderInline {CODE} at (0,0) size 216x47
          RenderText {#text} at (329,2) size 216x47
            text run at (329,2) width 216: "font-size"
        RenderText {#text} at (545,0) size 53x45
          text run at (545,0) width 53: " of "
        RenderInline {CODE} at (0,0) size 96x47
          RenderText {#text} at (598,2) size 96x47
            text run at (598,2) width 96: "40px"
        RenderText {#text} at (694,0) size 743x93
          text run at (694,0) width 68: " and"
          text run at (19,48) width 28: "a "
        RenderInline {CODE} at (0,0) size 264x47
          RenderText {#text} at (47,50) size 264x47
            text run at (47,50) width 264: "border-left"
        RenderText {#text} at (311,48) size 53x45
          text run at (311,48) width 53: " of "
        RenderInline {CODE} at (0,0) size 384x47
          RenderText {#text} at (364,50) size 384x47
            text run at (364,50) width 384: "1ex solid purple"
        RenderText {#text} at (748,48) size 739x185
          text run at (748,48) width 10: "."
          text run at (19,96) width 673: "This should make the left border the same"
          text run at (19,142) width 711: "number of pixels as the lower-case 'x' in this"
          text run at (19,188) width 611: "element's font, as well as solid purple."
      RenderTable {TABLE} at (0,886) size 769x700 [border: (1px outset #808080)]
        RenderTableSection {TBODY} at (1,1) size 767x698
          RenderTableRow {TR} at (0,0) size 767x26
            RenderTableCell {TD} at (0,0) size 767x26 [bgcolor=#C0C0C0] [border: (1px inset #808080)] [r=0 c=0 rs=1 cs=2]
              RenderInline {STRONG} at (0,0) size 163x19
                RenderText {#text} at (4,4) size 163x19
                  text run at (4,4) width 163: "TABLE Testing Section"
          RenderTableRow {TR} at (0,26) size 767x672
            RenderTableCell {TD} at (0,349) size 12x26 [bgcolor=#C0C0C0] [border: (1px inset #808080)] [r=1 c=0 rs=1 cs=1]
              RenderText {#text} at (4,4) size 4x19
                text run at (4,4) width 4: " "
            RenderTableCell {TD} at (12,26) size 755x672 [border: (1px inset #808080)] [r=1 c=1 rs=1 cs=1]
              RenderBlock {P} at (4,4) size 747x36
                RenderText {#text} at (0,0) size 721x37
                  text run at (0,0) width 721: "This paragraph has no left margin. The following paragraphs have all been given a left margin and their left (outer)"
                  text run at (0,18) width 387: "edges should therefore be appropriately shifted to the right of "
                RenderInline {EM} at (0,0) size 22x19
                  RenderText {#text} at (387,18) size 22x19
                    text run at (387,18) width 22: "this"
                RenderText {#text} at (409,18) size 138x19
                  text run at (409,18) width 138: " paragraph's left edge."
              RenderBlock {P} at (52,56) size 699x18
                RenderText {#text} at (0,0) size 310x19
                  text run at (0,0) width 310: "This paragraph should have a left margin of 3em."
              RenderBlock {P} at (28,90) size 723x18
                RenderText {#text} at (0,0) size 306x19
                  text run at (0,0) width 306: "This paragraph should have a left margin of 3ex."
              RenderBlock {P} at (40,124) size 711x18
                RenderText {#text} at (0,0) size 340x19
                  text run at (0,0) width 340: "This paragraph should have a left margin of 36 pixels."
              RenderBlock {P} at (52,158) size 699x18
                RenderText {#text} at (0,0) size 357x19
                  text run at (0,0) width 357: "This paragraph should have a left margin of half an inch."
              RenderBlock {P} at (52,192) size 699x18
                RenderText {#text} at (0,0) size 330x19
                  text run at (0,0) width 330: "This paragraph should have a left margin of 1.27cm."
              RenderBlock {P} at (52,226) size 699x18
                RenderText {#text} at (0,0) size 335x19
                  text run at (0,0) width 335: "This paragraph should have a left margin of 12.7mm."
              RenderBlock {P} at (52,260) size 699x18
                RenderText {#text} at (0,0) size 341x19
                  text run at (0,0) width 341: "This paragraph should have a left margin of 36 points."
              RenderBlock {P} at (52,294) size 699x18
                RenderText {#text} at (0,0) size 327x19
                  text run at (0,0) width 327: "This paragraph should have a left margin of 3 picas."
              RenderBlock {P} at (52,328) size 699x18
                RenderText {#text} at (0,0) size 591x19
                  text run at (0,0) width 591: "This paragraph should have a left margin of 3 picas (the plus sign should make no difference)."
              RenderBlock {P} at (4,386) size 747x282 [bgcolor=#00FFFF] [border: none (19px solid #800080)]
                RenderText {#text} at (19,0) size 310x45
                  text run at (19,0) width 310: "This element has a "
                RenderInline {CODE} at (0,0) size 216x47
                  RenderText {#text} at (329,2) size 216x47
                    text run at (329,2) width 216: "font-size"
                RenderText {#text} at (545,0) size 53x45
                  text run at (545,0) width 53: " of "
                RenderInline {CODE} at (0,0) size 96x47
                  RenderText {#text} at (598,2) size 96x47
                    text run at (598,2) width 96: "40px"
                RenderText {#text} at (19,48) size 96x45
                  text run at (19,48) width 96: "and a "
                RenderInline {CODE} at (0,0) size 264x47
                  RenderText {#text} at (115,50) size 264x47
                    text run at (115,50) width 264: "border-left"
                RenderText {#text} at (379,48) size 53x45
                  text run at (379,48) width 53: " of "
                RenderInline {CODE} at (0,0) size 629x95
                  RenderText {#text} at (432,50) size 629x95
                    text run at (432,50) width 216: "1ex solid"
                    text run at (19,98) width 144: "purple"
                RenderText {#text} at (163,96) size 710x185
                  text run at (163,96) width 20: ". "
                  text run at (183,96) width 521: "This should make the left border"
                  text run at (19,144) width 710: "the same number of pixels as the lower-case"
                  text run at (19,190) width 642: "'x' in this element's font, as well as solid"
                  text run at (19,236) width 112: "purple."
