layer at (0,0) size 800x600
  RenderView at (0,0) size 800x600
layer at (0,0) size 800x600
  RenderBlock {HTML} at (0,0) size 800x600
    RenderBody {BODY} at (8,8) size 784x576
      RenderBlock {H1} at (0,0) size 784x37
        RenderText {#text} at (0,0) size 615x36
          text run at (0,0) width 615: "Testing hittest on a layer with null transform"
      RenderBlock {P} at (0,58) size 784x18
        RenderText {#text} at (0,0) size 310x17
          text run at (0,0) width 310: "https://bugs.webkit.org/show_bug.cgi?id=24252"
layer at (20,96) size 400x100
  RenderBlock (positioned) {P} at (20,96) size 400x100 [bgcolor=#DDDDFF]
    RenderText {#text} at (0,0) size 132x17
      text run at (0,0) width 132: "transformed element"
layer at (8,216) size 28x18
  RenderBlock (positioned) {P} at (8,216) size 28x18
    RenderText {#text} at (0,0) size 28x17
      text run at (0,0) width 28: "pass"
