layer at (0,0) size 800x600
  RenderView at (0,0) size 800x600
layer at (0,0) size 800x578
  RenderBlock {html} at (0,0) size 800x578
    RenderBody {body} at (8,8) size 784x562
      RenderBlock {div} at (10,10) size 220x542
        RenderBlock {h2} at (0,19) size 220x28
          RenderText {#text} at (0,0) size 120x28
            text run at (0,0) width 120: "SVG nested"
        RenderBlock {h2} at (0,285) size 220x28
          RenderText {#text} at (0,0) size 114x28
            text run at (0,0) width 114: "CSS nested"
      RenderText {#text} at (240,0) size 4x19
        text run at (240,0) width 4: " "
      RenderBlock {div} at (254,10) size 220x542
        RenderBlock {h2} at (0,19) size 220x28
          RenderText {#text} at (0,0) size 162x28
            text run at (0,0) width 162: "SVG compound"
        RenderBlock {h2} at (0,285) size 220x28
          RenderText {#text} at (0,0) size 156x28
            text run at (0,0) width 156: "CSS compound"
      RenderText {#text} at (484,0) size 4x19
        text run at (484,0) width 4: " "
      RenderBlock {div} at (498,10) size 220x542
        RenderBlock {h2} at (0,19) size 220x28
          RenderText {#text} at (0,0) size 128x28
            text run at (0,0) width 128: "SVG Matrix"
        RenderBlock {h2} at (0,285) size 220x28
          RenderText {#text} at (0,0) size 116x28
            text run at (0,0) width 116: "CSSMatrix"
      RenderText {#text} at (0,0) size 0x0
layer at (28,84) size 200x200
  RenderBlock (relative positioned) {div} at (10,66) size 200x200 [bgcolor=#C0C0C0] [border: (1px solid #000000)]
    RenderSVGRoot {svg} at (29,108) size 196x174
      RenderSVGContainer {g} at (29,108) size 196x174 [transform={m=((1.00,0.00)(0.00,1.00)) t=(75.00,25.00)}]
        RenderSVGRect {rect} at (103,109) size 62x62 [stroke={[type=SOLID] [color=#000000] [dash array={1.00, 1.00}]}] [x=0.00] [y=0.00] [width=60.00] [height=60.00]
        RenderSVGContainer {g} at (29,108) size 196x174 [transform={m=((2.00,0.00)(0.00,2.00)) t=(0.00,0.00)}]
          RenderSVGRect {rect} at (103,109) size 122x122 [stroke={[type=SOLID] [color=#000000] [dash array={1.00, 1.00}]}] [x=0.00] [y=0.00] [width=60.00] [height=60.00]
          RenderSVGRect {rect} at (29,108) size 162x174 [transform={m=((0.71,0.71)(-0.71,0.71)) t=(0.00,0.00)}] [stroke={[type=SOLID] [color=#0000FF]}] [x=0.00] [y=0.00] [width=60.00] [height=60.00]
    RenderText {#text} at (0,0) size 0x0
layer at (28,350) size 200x200
  RenderBlock (relative positioned) {div} at (10,332) size 200x200 [bgcolor=#C0C0C0] [border: (1px solid #000000)]
layer at (29,351) size 60x60
  RenderBlock (positioned) {div} at (1,1) size 60x60 [border: (1px dotted #000000)]
layer at (30,352) size 60x60
  RenderBlock (positioned) {div} at (1,1) size 60x60 [border: (1px dotted #000000)]
layer at (31,353) size 60x60
  RenderBlock (positioned) {div} at (1,1) size 60x60 [border: (1px solid #0000FF)]
layer at (272,84) size 200x200
  RenderBlock (relative positioned) {div} at (10,66) size 200x200 [bgcolor=#C0C0C0] [border: (1px solid #000000)]
    RenderSVGRoot {svg} at (273,108) size 162x174
      RenderSVGRect {rect} at (273,108) size 162x174 [transform={m=((1.41,1.41)(-1.41,1.41)) t=(75.00,25.00)}] [stroke={[type=SOLID] [color=#0000FF]}] [x=0.00] [y=0.00] [width=60.00] [height=60.00]
    RenderText {#text} at (0,0) size 0x0
layer at (272,350) size 200x200
  RenderBlock (relative positioned) {div} at (10,332) size 200x200 [bgcolor=#C0C0C0] [border: (1px solid #000000)]
layer at (273,351) size 60x60
  RenderBlock (positioned) {div} at (1,1) size 60x60 [border: (1px solid #0000FF)]
layer at (516,84) size 200x200
  RenderBlock (relative positioned) {div} at (10,66) size 200x200 [bgcolor=#C0C0C0] [border: (1px solid #000000)]
    RenderSVGRoot {svg} at (517,108) size 162x174
      RenderSVGRect {rect} at (517,108) size 162x174 [transform={m=((1.41,1.41)(-1.41,1.41)) t=(75.00,25.00)}] [stroke={[type=SOLID] [color=#0000FF]}] [x=0.00] [y=0.00] [width=60.00] [height=60.00]
    RenderText {#text} at (0,0) size 0x0
layer at (516,350) size 200x200
  RenderBlock (relative positioned) {div} at (10,332) size 200x200 [bgcolor=#C0C0C0] [border: (1px solid #000000)]
layer at (517,351) size 60x60
  RenderBlock (positioned) {div} at (1,1) size 60x60 [border: (1px solid #0000FF)]
