layer at (0,0) size 785x1512
  RenderView at (0,0) size 785x600
layer at (0,0) size 785x1512
  RenderBlock {HTML} at (0,0) size 785x1512
    RenderBody {BODY} at (8,16) size 769x1480
      RenderBlock {P} at (0,0) size 769x57
        RenderText {#text} at (55,0) size 743x57
          text run at (55,0) width 382: "Test rendering of 3 text runs -- TextRun1 TextRun2 TextRun3, "
          text run at (437,0) width 332: "in which TextRun1 and TextRun2's bidi level are 2, and"
          text run at (26,19) width 743: "TextRun3's bidi level is 1. TextRun2 and TextRun3 are siblings. But their ancestor (not their parent) is a sibling of TextRun1."
          text run at (201,38) width 568: "The visual order should be TextRun3 TextRun1 TextRun2, not TextRun3 TextRun2 TextRun1."
      RenderBlock {HR} at (0,73) size 769x2 [border: (1px inset #000000)]
      RenderBlock {P} at (0,91) size 769x19
        RenderText {#text} at (336,0) size 433x19
          text run at (336,0) width 317: "Pure text. The following 3 lines should all display as \""
          text run at (653,0) width 28 RTL: "\x{5E9}\x{5E0}\x{5D1}"
          text run at (681,0) width 88: " This is a Test\""
      RenderBlock {DIV} at (0,126) size 769x19 [bgcolor=#FF0000]
        RenderText {#text} at (690,0) size 53x19
          text run at (690,0) width 53: "This is a "
        RenderInline {SPAN} at (0,0) size 111x19
          RenderInline {SPAN} at (0,0) size 111x19
            RenderText {#text} at (686,0) size 83x19
              text run at (686,0) width 4 RTL: " "
              text run at (743,0) width 26: "Test"
            RenderInline {SPAN} at (0,0) size 28x19
              RenderText {#text} at (658,0) size 28x19
                text run at (658,0) width 28 RTL: "\x{5E9}\x{5E0}\x{5D1}"
      RenderBlock {DIV} at (0,145) size 769x19 [bgcolor=#FF0000]
        RenderText {#text} at (690,0) size 53x19
          text run at (690,0) width 53: "This is a "
        RenderInline {SPAN} at (0,0) size 111x19
          RenderInline {SPAN} at (0,0) size 111x19
            RenderInline {SPAN} at (0,0) size 111x19
              RenderText {#text} at (686,0) size 83x19
                text run at (686,0) width 4 RTL: " "
                text run at (743,0) width 26: "Test"
              RenderInline {SPAN} at (0,0) size 28x19
                RenderText {#text} at (658,0) size 28x19
                  text run at (658,0) width 28 RTL: "\x{5E9}\x{5E0}\x{5D1}"
      RenderBlock {DIV} at (0,164) size 769x19
        RenderText {#text} at (690,0) size 53x19
          text run at (690,0) width 53: "This is a "
        RenderInline {SPAN} at (0,0) size 111x19
          RenderText {#text} at (686,0) size 83x19
            text run at (686,0) width 4 RTL: " "
            text run at (743,0) width 26: "Test"
          RenderInline {SPAN} at (0,0) size 28x19
            RenderText {#text} at (658,0) size 28x19
              text run at (658,0) width 28 RTL: "\x{5E9}\x{5E0}\x{5D1}"
      RenderBlock {HR} at (0,191) size 769x2 [border: (1px inset #000000)]
      RenderBlock {P} at (0,209) size 769x19
        RenderText {#text} at (348,0) size 421x19
          text run at (348,0) width 421: "Text in <em>. The English text should be displayed as \"This is a Test\"."
      RenderBlock {DIV} at (0,244) size 769x19 [bgcolor=#FF0000]
        RenderText {#text} at (689,0) size 53x19
          text run at (689,0) width 53: "This is a "
        RenderInline {SPAN} at (0,0) size 80x19
          RenderInline {EM} at (0,0) size 80x19
            RenderInline {SPAN} at (0,0) size 0x19
            RenderText {#text} at (742,0) size 27x19
              text run at (742,0) width 27: "Test"
            RenderInline {SPAN} at (0,0) size 0x19
      RenderBlock {DIV} at (0,263) size 769x19 [bgcolor=#FF0000]
        RenderText {#text} at (689,0) size 53x19
          text run at (689,0) width 53: "This is a "
        RenderInline {SPAN} at (0,0) size 80x19
          RenderInline {EM} at (0,0) size 80x19
            RenderText {#text} at (742,0) size 27x19
              text run at (742,0) width 27: "Test"
            RenderInline {SPAN} at (0,0) size 0x19
      RenderBlock {DIV} at (0,282) size 769x19 [bgcolor=#FF0000]
        RenderText {#text} at (689,0) size 53x19
          text run at (689,0) width 53: "This is a "
        RenderInline {SPAN} at (0,0) size 114x19
          RenderInline {EM} at (0,0) size 114x19
            RenderText {#text} at (685,0) size 84x19
              text run at (685,0) width 4 RTL: " "
              text run at (742,0) width 27: "Test"
            RenderInline {SPAN} at (0,0) size 30x19
              RenderText {#text} at (655,0) size 30x19
                text run at (655,0) width 30 RTL: "\x{5D3}\x{5DE}\x{5D4}"
      RenderBlock {DIV} at (0,301) size 769x19
        RenderText {#text} at (689,0) size 53x19
          text run at (689,0) width 53: "This is a "
        RenderInline {SPAN} at (0,0) size 27x19
          RenderInline {EM} at (0,0) size 27x19
            RenderInline {SPAN} at (0,0) size 0x19
            RenderText {#text} at (742,0) size 27x19
              text run at (742,0) width 27: "Test"
      RenderBlock {DIV} at (0,320) size 769x19
        RenderText {#text} at (689,0) size 53x19
          text run at (689,0) width 53: "This is a "
        RenderInline {SPAN} at (0,0) size 27x19
          RenderInline {EM} at (0,0) size 27x19
            RenderText {#text} at (742,0) size 27x19
              text run at (742,0) width 27: "Test"
      RenderBlock {HR} at (0,347) size 769x2 [border: (1px inset #000000)]
      RenderBlock {P} at (0,365) size 769x19
        RenderText {#text} at (330,0) size 439x19
          text run at (330,0) width 439: "Text in <strong>. The following lines should all display as \"This is a Test\"."
      RenderBlock {DIV} at (0,400) size 769x19 [bgcolor=#FF0000]
        RenderText {#text} at (686,0) size 53x19
          text run at (686,0) width 53: "This is a "
        RenderInline {SPAN} at (0,0) size 83x19
          RenderInline {STRONG} at (0,0) size 83x19
            RenderInline {SPAN} at (0,0) size 0x19
            RenderText {#text} at (739,0) size 30x19
              text run at (739,0) width 30: "Test"
            RenderInline {SPAN} at (0,0) size 0x19
      RenderBlock {DIV} at (0,419) size 769x19 [bgcolor=#FF0000]
        RenderText {#text} at (686,0) size 53x19
          text run at (686,0) width 53: "This is a "
        RenderInline {SPAN} at (0,0) size 83x19
          RenderInline {STRONG} at (0,0) size 83x19
            RenderText {#text} at (739,0) size 30x19
              text run at (739,0) width 30: "Test"
            RenderInline {SPAN} at (0,0) size 0x19
      RenderBlock {DIV} at (0,438) size 769x19
        RenderText {#text} at (686,0) size 53x19
          text run at (686,0) width 53: "This is a "
        RenderInline {SPAN} at (0,0) size 30x19
          RenderInline {STRONG} at (0,0) size 30x19
            RenderInline {SPAN} at (0,0) size 0x19
            RenderText {#text} at (739,0) size 30x19
              text run at (739,0) width 30: "Test"
      RenderBlock {DIV} at (0,457) size 769x19
        RenderText {#text} at (686,0) size 53x19
          text run at (686,0) width 53: "This is a "
        RenderInline {SPAN} at (0,0) size 30x19
          RenderInline {STRONG} at (0,0) size 30x19
            RenderText {#text} at (739,0) size 30x19
              text run at (739,0) width 30: "Test"
      RenderBlock {HR} at (0,484) size 769x2 [border: (1px inset #000000)]
      RenderBlock {P} at (0,502) size 769x19
        RenderText {#text} at (364,0) size 405x19
          text run at (364,0) width 405: "Text in <i>. The following lines should all display as \"This is a Test\"."
      RenderBlock {DIV} at (0,537) size 769x19 [bgcolor=#FF0000]
        RenderText {#text} at (689,0) size 53x19
          text run at (689,0) width 53: "This is a "
        RenderInline {SPAN} at (0,0) size 80x19
          RenderInline {I} at (0,0) size 80x19
            RenderInline {SPAN} at (0,0) size 0x19
            RenderText {#text} at (742,0) size 27x19
              text run at (742,0) width 27: "Test"
            RenderInline {SPAN} at (0,0) size 0x19
      RenderBlock {DIV} at (0,556) size 769x19 [bgcolor=#FF0000]
        RenderText {#text} at (689,0) size 53x19
          text run at (689,0) width 53: "This is a "
        RenderInline {SPAN} at (0,0) size 80x19
          RenderInline {I} at (0,0) size 80x19
            RenderText {#text} at (742,0) size 27x19
              text run at (742,0) width 27: "Test"
            RenderInline {SPAN} at (0,0) size 0x19
      RenderBlock {DIV} at (0,575) size 769x19
        RenderText {#text} at (689,0) size 53x19
          text run at (689,0) width 53: "This is a "
        RenderInline {SPAN} at (0,0) size 27x19
          RenderInline {I} at (0,0) size 27x19
            RenderInline {SPAN} at (0,0) size 0x19
            RenderText {#text} at (742,0) size 27x19
              text run at (742,0) width 27: "Test"
      RenderBlock {DIV} at (0,594) size 769x19
        RenderText {#text} at (689,0) size 53x19
          text run at (689,0) width 53: "This is a "
        RenderInline {SPAN} at (0,0) size 27x19
          RenderInline {I} at (0,0) size 27x19
            RenderText {#text} at (742,0) size 27x19
              text run at (742,0) width 27: "Test"
      RenderBlock {HR} at (0,621) size 769x2 [border: (1px inset #000000)]
      RenderBlock {P} at (0,639) size 769x19
        RenderText {#text} at (359,0) size 410x19
          text run at (359,0) width 410: "Text in <b>. The following lines should all display as \"This is a Test\"."
      RenderBlock {DIV} at (0,674) size 769x19 [bgcolor=#FF0000]
        RenderText {#text} at (686,0) size 53x19
          text run at (686,0) width 53: "This is a "
        RenderInline {SPAN} at (0,0) size 83x19
          RenderInline {B} at (0,0) size 83x19
            RenderInline {SPAN} at (0,0) size 0x19
            RenderText {#text} at (739,0) size 30x19
              text run at (739,0) width 30: "Test"
            RenderInline {SPAN} at (0,0) size 0x19
      RenderBlock {DIV} at (0,693) size 769x19 [bgcolor=#FF0000]
        RenderText {#text} at (686,0) size 53x19
          text run at (686,0) width 53: "This is a "
        RenderInline {SPAN} at (0,0) size 83x19
          RenderInline {B} at (0,0) size 83x19
            RenderText {#text} at (739,0) size 30x19
              text run at (739,0) width 30: "Test"
            RenderInline {SPAN} at (0,0) size 0x19
      RenderBlock {DIV} at (0,712) size 769x19
        RenderText {#text} at (686,0) size 53x19
          text run at (686,0) width 53: "This is a "
        RenderInline {SPAN} at (0,0) size 30x19
          RenderInline {B} at (0,0) size 30x19
            RenderInline {SPAN} at (0,0) size 0x19
            RenderText {#text} at (739,0) size 30x19
              text run at (739,0) width 30: "Test"
      RenderBlock {DIV} at (0,731) size 769x19
        RenderText {#text} at (686,0) size 53x19
          text run at (686,0) width 53: "This is a "
        RenderInline {SPAN} at (0,0) size 30x19
          RenderInline {B} at (0,0) size 30x19
            RenderText {#text} at (739,0) size 30x19
              text run at (739,0) width 30: "Test"
      RenderBlock (anonymous) at (0,750) size 769x0
        RenderInline {B} at (0,0) size 0x0
          RenderText {#text} at (0,0) size 0x0
      RenderBlock (anonymous) at (0,758) size 769x722
        RenderBlock {HR} at (0,0) size 769x2 [border: (1px inset #000000)]
        RenderBlock {P} at (0,18) size 769x19
          RenderText {#text} at (107,0) size 662x19
            text run at (107,0) width 662: "Text in <img>, <href>, <em>, <tr>. The following English text should all display as \"This is a Test\"."
        RenderBlock {DIV} at (0,53) size 769x24 [bgcolor=#FF0000]
          RenderText {#text} at (679,5) size 60x19
            text run at (679,5) width 60: "This is a "
          RenderInline {SPAN} at (0,0) size 110x19
            RenderInline {A} at (0,0) size 110x19 [color=#551A8B]
              RenderText {#text} at (739,5) size 30x19
                text run at (739,5) width 30: "Test"
              RenderInline {SPAN} at (0,0) size 20x19
                RenderImage {IMG} at (659,0) size 20x20
        RenderBlock {DIV} at (0,77) size 769x19 [bgcolor=#FF0000]
          RenderText {#text} at (679,0) size 60x19
            text run at (679,0) width 60: "This is a "
          RenderInline {SPAN} at (0,0) size 124x19
            RenderInline {A} at (0,0) size 124x19 [color=#551A8B]
              RenderText {#text} at (675,0) size 94x19
                text run at (675,0) width 4 RTL: " "
                text run at (739,0) width 30: "Test"
              RenderInline {SPAN} at (0,0) size 30x19
                RenderText {#text} at (645,0) size 30x19
                  text run at (645,0) width 30 RTL: "\x{5E9}\x{5E0}\x{5D1}"
        RenderBlock {DIV} at (0,96) size 769x19 [bgcolor=#FF0000]
          RenderText {#text} at (681,0) size 60x19
            text run at (681,0) width 60: "This is a "
          RenderInline {SPAN} at (0,0) size 88x19
            RenderInline {EM} at (0,0) size 88x19
              RenderText {#text} at (741,0) size 28x19
                text run at (741,0) width 28: "Test"
              RenderInline {A} at (0,0) size 0x19 [color=#551A8B]
        RenderBlock {DIV} at (0,115) size 769x24 [bgcolor=#FF0000]
          RenderText {#text} at (681,5) size 60x19
            text run at (681,5) width 60: "This is a "
          RenderInline {SPAN} at (0,0) size 108x19
            RenderInline {EM} at (0,0) size 108x19
              RenderText {#text} at (741,5) size 28x19
                text run at (741,5) width 28: "Test"
              RenderInline {SPAN} at (0,0) size 20x19
                RenderImage {IMG} at (661,0) size 20x20
        RenderBlock {DIV} at (0,139) size 769x19
          RenderText {#text} at (639,0) size 60x19
            text run at (639,0) width 60: "This is a "
          RenderInline {SPAN} at (0,0) size 70x19
            RenderInline {A} at (0,0) size 70x19 [color=#551A8B]
              RenderText {#text} at (699,0) size 34x19
                text run at (699,0) width 34: "Test "
              RenderInline {SPAN} at (0,0) size 36x19
                RenderText {#text} at (733,0) size 36x19
                  text run at (733,0) width 36: "again"
        RenderBlock {DIV} at (0,158) size 769x44
          RenderBlock (anonymous) at (0,0) size 769x19
            RenderText {#text} at (681,0) size 60x19
              text run at (681,0) width 60: "This is a "
            RenderInline {SPAN} at (0,0) size 28x19
              RenderInline {EM} at (0,0) size 28x19
                RenderText {#text} at (741,0) size 28x19
                  text run at (741,0) width 28: "Test"
          RenderBlock (anonymous) at (0,19) size 769x25
            RenderTable {TABLE} at (755,0) size 14x25
              RenderTableSection {TBODY} at (0,0) size 14x25
                RenderTableRow {TR} at (0,2) size 14x21
                  RenderTableCell {TD} at (2,2) size 10x21 [r=0 c=0 rs=1 cs=1]
                    RenderText {#text} at (1,1) size 8x19
                      text run at (1,1) width 8: "a"
          RenderBlock (anonymous) at (0,44) size 769x0
            RenderInline {SPAN} at (0,0) size 0x0
              RenderInline {EM} at (0,0) size 0x0
        RenderBlock {HR} at (0,210) size 769x2 [border: (1px inset #000000)]
        RenderBlock {UL} at (0,228) size 769x494
          RenderListItem {LI} at (40,0) size 729x19
            RenderListMarker at (-18,0) size 7x19: bullet
            RenderText {#text} at (0,0) size 113x19
              text run at (0,0) width 113: "Test 0: : Success"
          RenderListItem {LI} at (40,19) size 729x19
            RenderListMarker at (-18,0) size 7x19: bullet
            RenderText {#text} at (0,0) size 113x19
              text run at (0,0) width 113: "Test 1: : Success"
          RenderListItem {LI} at (40,38) size 729x19
            RenderListMarker at (-18,0) size 7x19: bullet
            RenderText {#text} at (0,0) size 113x19
              text run at (0,0) width 113: "Test 2: : Success"
          RenderListItem {LI} at (40,57) size 729x19
            RenderListMarker at (-18,0) size 7x19: bullet
            RenderText {#text} at (0,0) size 113x19
              text run at (0,0) width 113: "Test 3: : Success"
          RenderListItem {LI} at (40,76) size 729x19
            RenderListMarker at (-18,0) size 7x19: bullet
            RenderText {#text} at (0,0) size 113x19
              text run at (0,0) width 113: "Test 4: : Success"
          RenderListItem {LI} at (40,95) size 729x19
            RenderListMarker at (-18,0) size 7x19: bullet
            RenderText {#text} at (0,0) size 113x19
              text run at (0,0) width 113: "Test 5: : Success"
          RenderListItem {LI} at (40,114) size 729x19
            RenderListMarker at (-18,0) size 7x19: bullet
            RenderText {#text} at (0,0) size 113x19
              text run at (0,0) width 113: "Test 6: : Success"
          RenderListItem {LI} at (40,133) size 729x19
            RenderListMarker at (-18,0) size 7x19: bullet
            RenderText {#text} at (0,0) size 113x19
              text run at (0,0) width 113: "Test 7: : Success"
          RenderListItem {LI} at (40,152) size 729x19
            RenderListMarker at (-18,0) size 7x19: bullet
            RenderText {#text} at (0,0) size 113x19
              text run at (0,0) width 113: "Test 8: : Success"
          RenderListItem {LI} at (40,171) size 729x19
            RenderListMarker at (-18,0) size 7x19: bullet
            RenderText {#text} at (0,0) size 113x19
              text run at (0,0) width 113: "Test 9: : Success"
          RenderListItem {LI} at (40,190) size 729x19
            RenderListMarker at (-18,0) size 7x19: bullet
            RenderText {#text} at (0,0) size 121x19
              text run at (0,0) width 121: "Test 10: : Success"
          RenderListItem {LI} at (40,209) size 729x19
            RenderListMarker at (-18,0) size 7x19: bullet
            RenderText {#text} at (0,0) size 121x19
              text run at (0,0) width 121: "Test 11: : Success"
          RenderListItem {LI} at (40,228) size 729x19
            RenderListMarker at (-18,0) size 7x19: bullet
            RenderText {#text} at (0,0) size 121x19
              text run at (0,0) width 121: "Test 12: : Success"
          RenderListItem {LI} at (40,247) size 729x19
            RenderListMarker at (-18,0) size 7x19: bullet
            RenderText {#text} at (0,0) size 121x19
              text run at (0,0) width 121: "Test 13: : Success"
          RenderListItem {LI} at (40,266) size 729x19
            RenderListMarker at (-18,0) size 7x19: bullet
            RenderText {#text} at (0,0) size 121x19
              text run at (0,0) width 121: "Test 14: : Success"
          RenderListItem {LI} at (40,285) size 729x19
            RenderListMarker at (-18,0) size 7x19: bullet
            RenderText {#text} at (0,0) size 121x19
              text run at (0,0) width 121: "Test 15: : Success"
          RenderListItem {LI} at (40,304) size 729x19
            RenderListMarker at (-18,0) size 7x19: bullet
            RenderText {#text} at (0,0) size 121x19
              text run at (0,0) width 121: "Test 16: : Success"
          RenderListItem {LI} at (40,323) size 729x19
            RenderListMarker at (-18,0) size 7x19: bullet
            RenderText {#text} at (0,0) size 121x19
              text run at (0,0) width 121: "Test 17: : Success"
          RenderListItem {LI} at (40,342) size 729x19
            RenderListMarker at (-18,0) size 7x19: bullet
            RenderText {#text} at (0,0) size 121x19
              text run at (0,0) width 121: "Test 18: : Success"
          RenderListItem {LI} at (40,361) size 729x19
            RenderListMarker at (-18,0) size 7x19: bullet
            RenderText {#text} at (0,0) size 121x19
              text run at (0,0) width 121: "Test 19: : Success"
          RenderListItem {LI} at (40,380) size 729x19
            RenderListMarker at (-18,0) size 7x19: bullet
            RenderText {#text} at (0,0) size 121x19
              text run at (0,0) width 121: "Test 20: : Success"
          RenderListItem {LI} at (40,399) size 729x19
            RenderListMarker at (-18,0) size 7x19: bullet
            RenderText {#text} at (0,0) size 121x19
              text run at (0,0) width 121: "Test 21: : Success"
          RenderListItem {LI} at (40,418) size 729x19
            RenderListMarker at (-18,0) size 7x19: bullet
            RenderText {#text} at (0,0) size 121x19
              text run at (0,0) width 121: "Test 22: : Success"
          RenderListItem {LI} at (40,437) size 729x19
            RenderListMarker at (-18,0) size 7x19: bullet
            RenderText {#text} at (0,0) size 121x19
              text run at (0,0) width 121: "Test 23: : Success"
          RenderListItem {LI} at (40,456) size 729x19
            RenderListMarker at (-18,0) size 7x19: bullet
            RenderText {#text} at (0,0) size 121x19
              text run at (0,0) width 121: "Test 24: : Success"
          RenderListItem {LI} at (40,475) size 729x19
            RenderListMarker at (-18,0) size 7x19: bullet
            RenderText {#text} at (0,0) size 121x19
              text run at (0,0) width 121: "Test 25: : Success"
      RenderBlock (anonymous) at (0,1496) size 769x0
        RenderInline {B} at (0,0) size 0x0
selection start: position 0 of child 0 {#text} of child 14 {DIV} of child 56 {B} of body
selection end:   position 4 of child 0 {#text} of child 14 {DIV} of child 56 {B} of body
