layer at (0,0) size 912x584
  RenderView at (0,0) size 800x584
layer at (0,0) size 800x584
  RenderBlock {HTML} at (0,0) size 800x584
    RenderBody {BODY} at (8,8) size 784x568
      RenderBlock {H1} at (0,0) size 784x42
        RenderText {#text} at (0,0) size 226x42
          text run at (0,0) width 226: "Cloning nodes"
      RenderBlock {DIV} at (0,63) size 784x44 [bgcolor=#FFFF00] [border: (2px ridge #000000)]
        RenderInline {SPAN} at (0,0) size 902x40
          RenderText {#text} at (2,2) size 66x40
            text run at (2,2) width 66: "Bold"
          RenderInline {SPAN} at (0,0) size 770x40
            RenderText {#text} at (68,2) size 222x40
              text run at (68,2) width 222: "Bold+Underline"
            RenderInline {SPAN} at (0,0) size 308x40
              RenderText {#text} at (290,2) size 308x40
                text run at (290,2) width 308: "Bold+Underline+Italic"
            RenderText {#text} at (598,2) size 240x40
              text run at (598,2) width 240: "Bold+Uunderline"
          RenderText {#text} at (838,2) size 66x40
            text run at (838,2) width 66: "Bold"
        RenderText {#text} at (0,0) size 0x0
      RenderBlock (anonymous) at (0,107) size 784x21
        RenderText {#text} at (0,0) size 211x21
          text run at (0,0) width 211: "Cloned Node with deep=false"
      RenderBlock {DIV} at (0,128) size 784x42 [bgcolor=#FFFF00] [border: (2px ridge #000000)]
        RenderBR {BR} at (2,2) size 0x38
      RenderBlock (anonymous) at (0,170) size 784x21
        RenderText {#text} at (0,0) size 204x21
          text run at (0,0) width 204: "Cloned Node with deep=true"
      RenderBlock {DIV} at (0,191) size 784x44 [bgcolor=#FFFF00] [border: (2px ridge #000000)]
        RenderInline {SPAN} at (0,0) size 902x40
          RenderText {#text} at (2,2) size 66x40
            text run at (2,2) width 66: "Bold"
          RenderInline {SPAN} at (0,0) size 770x40
            RenderText {#text} at (68,2) size 222x40
              text run at (68,2) width 222: "Bold+Underline"
            RenderInline {SPAN} at (0,0) size 308x40
              RenderText {#text} at (290,2) size 308x40
                text run at (290,2) width 308: "Bold+Underline+Italic"
            RenderText {#text} at (598,2) size 240x40
              text run at (598,2) width 240: "Bold+Uunderline"
          RenderText {#text} at (838,2) size 66x40
            text run at (838,2) width 66: "Bold"
        RenderText {#text} at (0,0) size 0x0
