layer at (0,0) size 800x600
  RenderView at (0,0) size 800x600
layer at (0,0) size 800x600
  RenderBlock {HTML} at (0,0) size 800x600
    RenderBody {BODY} at (8,8) size 784x576
      RenderBlock {P} at (0,0) size 784x42
        RenderText {#text} at (0,0) size 768x42
          text run at (0,0) width 768: "This test checks to see whether setting a css value including !important on an inline style property works. The"
          text run at (0,21) width 239: "text should be green if successful."
      RenderBlock {HR} at (0,58) size 784x2 [border: (1px inset #000000)]
      RenderBlock {P} at (0,76) size 784x21 [color=#008000]
        RenderText {#text} at (0,0) size 167x21
          text run at (0,0) width 167: "This is the test element."
      RenderBlock {HR} at (0,113) size 784x2 [border: (1px inset #000000)]
      RenderBlock {OL} at (0,131) size 784x0
