layer at (0,0) size 800x600
  RenderView at (0,0) size 800x600
layer at (0,0) size 800x600
  RenderBlock {HTML} at (0,0) size 800x600
    RenderBody {BODY} at (8,8) size 784x584
      RenderBlock {P} at (0,0) size 784x42
        RenderText {#text} at (0,0) size 769x42
          text run at (0,0) width 769: "This page tests to make sure that the refresh of a page which holds a document reference in its DOM wrapper"
          text run at (0,21) width 347: "tree does not leak all of its associated JS objects."
      RenderBlock {P} at (0,58) size 784x21
        RenderText {#text} at (0,0) size 427x21
          text run at (0,0) width 427: "If the test passes, you'll see a single 'PASS' message below."
      RenderBlock {HR} at (0,95) size 784x2 [border: (1px inset #000000)]
      RenderBlock {DIV} at (0,105) size 784x17
        RenderBlock {DIV} at (0,0) size 784x17 [color=#008000]
          RenderText {#text} at (0,0) size 230x17
            text run at (0,0) width 230: "PASS: Refresh did not leak JS objects."
      RenderBlock (anonymous) at (0,122) size 784x154
        RenderPartObject {IFRAME} at (0,0) size 304x154 [border: (2px inset #000000)]
          layer at (0,0) size 300x150
            RenderView at (0,0) size 300x150
          layer at (0,0) size 300x150
            RenderBlock {HTML} at (0,0) size 300x150
              RenderBody {BODY} at (8,8) size 284x134
