layer at (0,0) size 784x4018
  RenderView at (0,0) size 784x584
layer at (0,0) size 784x4018
  RenderBlock {HTML} at (0,0) size 784x4018
    RenderBody {BODY} at (8,8) size 768x4002
      RenderBlock {DIV} at (-234,0) size 1002x4002 [border: (1px solid #FF0000)]
        RenderText {#text} at (-668,1) size 1669x21
          text run at (-668,1) width 1669: "BEGINddddddddddddddddddddddddddddddddddddddddddddddddddddddddddddddddddddddddddddddddddddddddddddddddddddddddddddddddddddddddddddddddddddddddddddddddddddddddddddddddddddddddddddddddEND"
