layer at (0,0) size 800x600
  RenderView at (0,0) size 800x600
layer at (0,0) size 800x102
  RenderBlock {HTML} at (0,0) size 800x102
    RenderBody {BODY} at (8,16) size 784x70
      RenderBlock {P} at (0,0) size 784x36
        RenderInline {SPAN} at (0,0) size 477x35
          RenderBR {BR} at (0,0) size 0x17
          RenderText {#text} at (0,18) size 477x17
            text run at (0,18) width 477: "There shouldn\x{2019}t be a black dot or line above the first letter of this sentence"
        RenderText {#text} at (476,18) size 5x17
          text run at (476,18) width 5: "."
      RenderBlock {P} at (0,52) size 784x18
        RenderText {#text} at (0,0) size 55x17
          text run at (0,0) width 55: "Test for "
        RenderInline {I} at (0,0) size 661x17
          RenderInline {A} at (0,0) size 306x17 [color=#0000EE]
            RenderText {#text} at (54,0) size 306x17
              text run at (54,0) width 306: "http://bugs.webkit.org/show_bug.cgi?id=14245"
          RenderText {#text} at (359,0) size 356x17
            text run at (359,0) width 5: " "
            text run at (363,0) width 352: "Underline painted under <br>, not repainted properly"
        RenderText {#text} at (714,0) size 5x17
          text run at (714,0) width 5: "."
