layer at (0,0) size 800x600
  RenderView at (0,0) size 800x600
layer at (0,0) size 800x600
  RenderBlock {HTML} at (0,0) size 800x600
    RenderBody {BODY} at (8,16) size 784x566
      RenderBlock {DIV} at (0,0) size 784x18
        RenderText {#text} at (0,0) size 165x17
          text run at (0,0) width 165: "Outline ring painting test."
      RenderBlock {DIV} at (0,34) size 784x94
        RenderBlock (anonymous) at (0,0) size 784x18
        RenderBlock (anonymous) at (0,36) size 784x22
          RenderBlock {H3} at (0,0) size 784x22
            RenderText {#text} at (0,0) size 148x21
              text run at (0,0) width 148: "Bold with margin."
        RenderBlock (anonymous) at (0,76) size 784x18
      RenderBlock {DIV} at (0,146) size 784x58
        RenderBlock (anonymous) at (0,0) size 784x0
        RenderBlock (anonymous) at (0,0) size 784x22
          RenderBlock {H3} at (0,0) size 784x22
            RenderText {#text} at (0,0) size 150x21
              text run at (0,0) width 150: "No content before."
        RenderBlock (anonymous) at (0,40) size 784x18
      RenderBlock {DIV} at (0,220) size 784x58
        RenderBlock (anonymous) at (0,0) size 784x18
        RenderBlock (anonymous) at (0,36) size 784x22
          RenderBlock {H3} at (0,0) size 784x22
            RenderText {#text} at (0,0) size 176x21
              text run at (0,0) width 176: "But No Content After"
        RenderBlock (anonymous) at (0,76) size 784x0
      RenderBlock {DIV} at (0,296) size 784x22
        RenderBlock (anonymous) at (0,0) size 784x0
        RenderBlock (anonymous) at (0,0) size 784x22
          RenderBlock {H3} at (0,0) size 784x22
            RenderText {#text} at (0,0) size 216x21
              text run at (0,0) width 216: "No content before or after."
        RenderBlock (anonymous) at (0,40) size 784x0
layer at (8,50) size 100x17
  RenderInline (relative positioned) {SPAN} at (0,0) size 100x17
    RenderText {#text} at (0,0) size 100x17
      text run at (0,0) width 100: "Content before."
layer at (8,126) size 84x17
  RenderInline (relative positioned) {SPAN} at (0,0) size 84x17
    RenderText {#text} at (0,0) size 84x17
      text run at (0,0) width 84: "Content after"
layer at (8,162) size 0x0
  RenderInline (relative positioned) {SPAN} at (0,0) size 0x0
layer at (8,202) size 88x17
  RenderInline (relative positioned) {SPAN} at (0,0) size 88x17
    RenderText {#text} at (0,0) size 88x17
      text run at (0,0) width 88: "Content after."
layer at (8,236) size 96x17
  RenderInline (relative positioned) {SPAN} at (0,0) size 96x17
    RenderText {#text} at (0,0) size 96x17
      text run at (0,0) width 96: "Content before"
layer at (8,312) size 0x0
  RenderInline (relative positioned) {SPAN} at (0,0) size 0x0
layer at (8,312) size 0x0
  RenderInline (relative positioned) {SPAN} at (0,0) size 0x0
layer at (8,352) size 0x0
  RenderInline (relative positioned) {SPAN} at (0,0) size 0x0
