layer at (0,0) size 784x1230
  RenderView at (0,0) size 784x600
layer at (0,0) size 784x1230
  RenderBlock {HTML} at (0,0) size 784x1230
    RenderBody {BODY} at (8,16) size 768x1198
      RenderBlock {DIV} at (0,0) size 768x582
        RenderBlock {DIV} at (0,0) size 768x120
          RenderBlock {P} at (0,0) size 768x18
            RenderText {#text} at (0,0) size 31x17
              text run at (0,0) width 31: "LTR"
          RenderBlock (anonymous) at (0,34) size 768x18
            RenderInline {SPAN} at (0,0) size 44x21 [bgcolor=#008000] [border: (2px solid #FF0000)]
              RenderText {#text} at (22,0) size 22x17
                text run at (22,0) width 22: "aaa"
          RenderBlock (anonymous) at (0,68) size 768x18
            RenderBlock {DIV} at (0,0) size 768x18
              RenderText {#text} at (0,0) size 24x17
                text run at (0,0) width 24: "bbb"
          RenderBlock (anonymous) at (0,102) size 768x18
            RenderInline {SPAN} at (0,0) size 44x21 [bgcolor=#008000] [border: (2px solid #FF0000)]
              RenderText {#text} at (0,0) size 22x17
                text run at (0,0) width 22: "ccc"
            RenderText {#text} at (0,0) size 0x0
        RenderBlock {HR} at (0,136) size 768x2 [border: (1px inset #000000)]
        RenderBlock {DIV} at (0,154) size 768x120
          RenderBlock {P} at (0,0) size 768x18
            RenderText {#text} at (0,0) size 156x17
              text run at (0,0) width 156: "LTR, empty inline after."
          RenderBlock (anonymous) at (0,34) size 768x18
            RenderInline {SPAN} at (0,0) size 44x21 [bgcolor=#008000] [border: (2px solid #FF0000)]
              RenderText {#text} at (22,0) size 22x17
                text run at (22,0) width 22: "aaa"
          RenderBlock (anonymous) at (0,68) size 768x18
            RenderBlock {DIV} at (0,0) size 768x18
              RenderText {#text} at (0,0) size 24x17
                text run at (0,0) width 24: "bbb"
          RenderBlock (anonymous) at (0,102) size 768x18
            RenderInline {SPAN} at (0,0) size 22x21 [bgcolor=#008000] [border: (2px solid #FF0000)]
            RenderText {#text} at (0,0) size 0x0
        RenderBlock {HR} at (0,290) size 768x2 [border: (1px inset #000000)]
        RenderBlock {DIV} at (0,308) size 768x120
          RenderBlock {P} at (0,0) size 768x18
            RenderText {#text} at (0,0) size 168x17
              text run at (0,0) width 168: "LTR, empty inline before."
          RenderBlock (anonymous) at (0,34) size 768x18
            RenderInline {SPAN} at (0,0) size 22x21 [bgcolor=#008000] [border: (2px solid #FF0000)]
          RenderBlock (anonymous) at (0,68) size 768x18
            RenderBlock {DIV} at (0,0) size 768x18
              RenderText {#text} at (0,0) size 24x17
                text run at (0,0) width 24: "bbb"
          RenderBlock (anonymous) at (0,102) size 768x18
            RenderInline {SPAN} at (0,0) size 44x21 [bgcolor=#008000] [border: (2px solid #FF0000)]
              RenderText {#text} at (0,0) size 22x17
                text run at (0,0) width 22: "ccc"
            RenderText {#text} at (0,0) size 0x0
        RenderBlock {HR} at (0,444) size 768x2 [border: (1px inset #000000)]
        RenderBlock {DIV} at (0,462) size 768x120
          RenderBlock {P} at (0,0) size 768x18
            RenderText {#text} at (0,0) size 228x17
              text run at (0,0) width 228: "LTR, empty inline before and after."
          RenderBlock (anonymous) at (0,34) size 768x18
            RenderInline {SPAN} at (0,0) size 22x21 [bgcolor=#008000] [border: (2px solid #FF0000)]
          RenderBlock (anonymous) at (0,68) size 768x18
            RenderBlock {DIV} at (0,0) size 768x18
              RenderText {#text} at (0,0) size 24x17
                text run at (0,0) width 24: "bbb"
          RenderBlock (anonymous) at (0,102) size 768x18
            RenderInline {SPAN} at (0,0) size 22x21 [bgcolor=#008000] [border: (2px solid #FF0000)]
            RenderText {#text} at (0,0) size 0x0
      RenderBlock {HR} at (0,598) size 768x2 [border: (1px inset #000000)]
      RenderBlock {DIV} at (0,616) size 768x582
        RenderBlock {DIV} at (0,0) size 768x120
          RenderBlock {P} at (0,0) size 768x18
            RenderText {#text} at (737,0) size 31x17
              text run at (737,0) width 31: "RTL"
          RenderBlock (anonymous) at (0,34) size 768x18
            RenderInline {SPAN} at (0,0) size 44x21 [bgcolor=#008000] [border: (2px solid #FF0000)]
              RenderText {#text} at (724,0) size 22x17
                text run at (724,0) width 22: "aaa"
          RenderBlock (anonymous) at (0,68) size 768x18
            RenderBlock {DIV} at (0,0) size 768x18
              RenderText {#text} at (744,0) size 24x17
                text run at (744,0) width 24: "bbb"
          RenderBlock (anonymous) at (0,102) size 768x18
            RenderInline {SPAN} at (0,0) size 44x21 [bgcolor=#008000] [border: (2px solid #FF0000)]
              RenderText {#text} at (746,0) size 22x17
                text run at (746,0) width 22: "ccc"
            RenderText {#text} at (0,0) size 0x0
        RenderBlock {HR} at (0,136) size 768x2 [border: (1px inset #000000)]
        RenderBlock {DIV} at (0,154) size 768x120
          RenderBlock {P} at (0,0) size 768x18
            RenderText {#text} at (612,0) size 156x17
              text run at (612,0) width 5 RTL: "."
              text run at (616,0) width 152: "RTL, empty inline after"
          RenderBlock (anonymous) at (0,34) size 768x18
            RenderInline {SPAN} at (0,0) size 44x21 [bgcolor=#008000] [border: (2px solid #FF0000)]
              RenderText {#text} at (724,0) size 22x17
                text run at (724,0) width 22: "aaa"
          RenderBlock (anonymous) at (0,68) size 768x18
            RenderBlock {DIV} at (0,0) size 768x18
              RenderText {#text} at (744,0) size 24x17
                text run at (744,0) width 24: "bbb"
          RenderBlock (anonymous) at (0,102) size 768x18
            RenderInline {SPAN} at (0,0) size 22x21 [bgcolor=#008000] [border: (2px solid #FF0000)]
            RenderText {#text} at (0,0) size 0x0
        RenderBlock {HR} at (0,290) size 768x2 [border: (1px inset #000000)]
        RenderBlock {DIV} at (0,308) size 768x120
          RenderBlock {P} at (0,0) size 768x18
            RenderText {#text} at (600,0) size 168x17
              text run at (600,0) width 5 RTL: "."
              text run at (604,0) width 164: "RTL, empty inline before"
          RenderBlock (anonymous) at (0,34) size 768x18
            RenderInline {SPAN} at (0,0) size 22x21 [bgcolor=#008000] [border: (2px solid #FF0000)]
          RenderBlock (anonymous) at (0,68) size 768x18
            RenderBlock {DIV} at (0,0) size 768x18
              RenderText {#text} at (744,0) size 24x17
                text run at (744,0) width 24: "bbb"
          RenderBlock (anonymous) at (0,102) size 768x18
            RenderInline {SPAN} at (0,0) size 44x21 [bgcolor=#008000] [border: (2px solid #FF0000)]
              RenderText {#text} at (746,0) size 22x17
                text run at (746,0) width 22: "ccc"
            RenderText {#text} at (0,0) size 0x0
        RenderBlock {HR} at (0,444) size 768x2 [border: (1px inset #000000)]
        RenderBlock {DIV} at (0,462) size 768x120
          RenderBlock {P} at (0,0) size 768x18
            RenderText {#text} at (540,0) size 228x17
              text run at (540,0) width 5 RTL: "."
              text run at (544,0) width 224: "RTL, empty inline before and after"
          RenderBlock (anonymous) at (0,34) size 768x18
            RenderInline {SPAN} at (0,0) size 22x21 [bgcolor=#008000] [border: (2px solid #FF0000)]
          RenderBlock (anonymous) at (0,68) size 768x18
            RenderBlock {DIV} at (0,0) size 768x18
              RenderText {#text} at (744,0) size 24x17
                text run at (744,0) width 24: "bbb"
          RenderBlock (anonymous) at (0,102) size 768x18
            RenderInline {SPAN} at (0,0) size 22x21 [bgcolor=#008000] [border: (2px solid #FF0000)]
            RenderText {#text} at (0,0) size 0x0
