layer at (0,0) size 800x600
  RenderView at (0,0) size 800x600
layer at (0,0) size 800x600
  RenderBlock {HTML} at (0,0) size 800x600
    RenderBody {BODY} at (8,8) size 784x584
      RenderInline {SPAN} at (0,0) size 271x17
        RenderText {#text} at (196,0) size 271x17
          text run at (196,0) width 271: "This span has 25% margins on either side."
      RenderText {#text} at (662,0) size 31x17
        text run at (662,0) width 31: "See?"
