layer at (0,0) size 800x600
  RenderView at (0,0) size 800x600
layer at (0,0) size 800x299
  RenderBlock {HTML} at (0,0) size 800x299
    RenderBody {BODY} at (8,8) size 784x283
      RenderBlock {DIV} at (0,0) size 784x34 [bgcolor=#CCCCCC]
        RenderInline {SPAN} at (0,0) size 46x17 [bgcolor=#FF0000]
          RenderText {#text} at (0,17) size 46x17
            text run at (0,17) width 46: "small"
        RenderText {#text} at (45,16) size 10x18
          text run at (45,16) width 10: " "
        RenderInline {SPAN} at (0,0) size 55x34 [bgcolor=#FF0000]
          RenderText {#text} at (54,0) size 55x34
            text run at (54,0) width 55: "BIG"
        RenderText {#text} at (0,0) size 0x0
      RenderBlock {DIV} at (0,38) size 784x141 [bgcolor=#CCCCCC]
        RenderInline {SPAN} at (0,0) size 46x17 [bgcolor=#FF0000]
          RenderText {#text} at (0,41) size 46x17
            text run at (0,41) width 46: "small"
        RenderText {#text} at (45,82) size 10x18
          text run at (45,82) width 10: " "
        RenderInline {SPAN} at (0,0) size 55x34 [bgcolor=#FF0000]
          RenderText {#text} at (54,33) size 55x34
            text run at (54,33) width 55: "BIG"
        RenderText {#text} at (0,0) size 0x0
      RenderBlock {DIV} at (0,183) size 784x100 [bgcolor=#CCCCCC]
        RenderInline {SPAN} at (0,0) size 46x17 [bgcolor=#FF0000]
          RenderText {#text} at (0,17) size 46x17
            text run at (0,17) width 46: "small"
        RenderText {#text} at (45,16) size 10x18
          text run at (45,16) width 10: " "
        RenderInline {SPAN} at (0,0) size 55x34 [bgcolor=#FF0000]
          RenderText {#text} at (54,0) size 55x34
            text run at (54,0) width 55: "BIG"
        RenderText {#text} at (0,0) size 0x0
