layer at (0,0) size 836x600
  RenderView at (0,0) size 800x600
layer at (0,0) size 800x570
  RenderBlock {html} at (0,0) size 800x570
    RenderBody {body} at (8,16) size 784x538
      RenderBlock {p} at (0,0) size 784x18
        RenderText {#text} at (0,0) size 177x18
          text run at (0,0) width 177: "square root (should be red): "
        RenderMathMLMath {math} at (177,0) size 22x15 [padding: 0 1 0 1]
          RenderMathMLSquareRoot {msqrt} at (1,0) size 20x15 [color=#FF0000] [intrinsic padding: 3 0 0 12]
            RenderMathMLRow (anonymous) at (12,3) size 8x12
              RenderBlock {mn} at (0,0) size 8x12
                RenderText {#text} at (0,-6) size 8x24
                  text run at (0,-6) width 8: "2"
      RenderBlock {p} at (0,34) size 784x18
        RenderText {#text} at (0,0) size 110x18
          text run at (0,0) width 110: "long square root: "
        RenderMathMLMath {math} at (110,0) size 48x15 [padding: 0 1 0 1]
          RenderMathMLSquareRoot {msqrt} at (1,0) size 46x15 [intrinsic padding: 3 0 0 12]
            RenderMathMLRow (anonymous) at (12,3) size 34x12
              RenderMathMLRow {mrow} at (0,0) size 34x12
                RenderBlock {mi} at (0,3) size 9x9
                  RenderText {#text} at (0,-9) size 7x24
                    text run at (0,-9) width 7: "x"
                RenderMathMLOperator {mo} at (11,2) size 12x10
                  RenderMathMLBlock (flex) {mo} at (0,0) size 11x10
                    RenderBlock (anonymous) at (0,0) size 11x10
                      RenderText {mo} at (0,-8) size 11x24
                        text run at (0,-8) width 11: "+"
                RenderBlock {mn} at (25,0) size 9x12
                  RenderText {#text} at (0,-6) size 8x24
                    text run at (0,-6) width 8: "1"
      RenderBlock {p} at (0,68) size 784x22
        RenderText {#text} at (0,4) size 222x18
          text run at (0,4) width 222: "long square root with implied row: "
        RenderMathMLMath {math} at (222,0) size 54x19 [padding: 0 1 0 1]
          RenderMathMLSquareRoot {msqrt} at (1,0) size 52x19 [intrinsic padding: 3 0 0 12]
            RenderMathMLRow (anonymous) at (12,3) size 40x16
              RenderMathMLSubSup {msup} at (0,0) size 15x16
                RenderMathMLBlock (anonymous, flex) at (0,0) size 9x16 [padding: 7 0 0 0]
                  RenderBlock {mi} at (0,7) size 9x9
                    RenderText {#text} at (0,-9) size 7x24
                      text run at (0,-9) width 7: "x"
                RenderMathMLBlock (anonymous, flex) at (8,0) size 7x10
                  RenderBlock {mn} at (0,0) size 6x10
                    RenderText {#text} at (0,-4) size 6x18
                      text run at (0,-4) width 6: "2"
              RenderMathMLOperator {mo} at (17,6) size 12x10
                RenderMathMLBlock (flex) {mo} at (0,0) size 11x10
                  RenderBlock (anonymous) at (0,0) size 11x10
                    RenderText {mo} at (0,-8) size 11x24
                      text run at (0,-8) width 11: "+"
              RenderBlock {mn} at (31,4) size 9x12
                RenderText {#text} at (0,-6) size 8x24
                  text run at (0,-6) width 8: "1"
      RenderBlock {p} at (0,106) size 784x37
        RenderText {#text} at (0,8) size 113x18
          text run at (0,8) width 113: "root of a fraction: "
        RenderMathMLMath {math} at (113,0) size 50x38 [padding: 0 1 0 1]
          RenderMathMLSquareRoot {msqrt} at (1,0) size 48x38 [intrinsic padding: 3 0 3 12]
            RenderMathMLRow (anonymous) at (12,3) size 36x32
              RenderMathMLFraction {mfrac} at (1,0) size 34x32
                RenderMathMLBlock (anonymous, flex) at (0,0) size 34x16
                  RenderMathMLRow {mrow} at (0,0) size 34x12
                    RenderBlock {mi} at (0,3) size 9x9
                      RenderText {#text} at (0,-9) size 7x24
                        text run at (0,-9) width 7: "x"
                    RenderMathMLOperator {mo} at (11,2) size 12x10
                      RenderMathMLBlock (flex) {mo} at (0,0) size 11x10
                        RenderBlock (anonymous) at (0,0) size 11x10
                          RenderText {mo} at (0,-8) size 11x24
                            text run at (0,-8) width 11: "+"
                    RenderBlock {mn} at (25,0) size 9x12
                      RenderText {#text} at (0,-6) size 8x24
                        text run at (0,-6) width 8: "1"
                RenderMathMLBlock (anonymous, flex) at (0,15) size 34x17 [padding: 1 0 0 0]
                  RenderMathMLRow {mrow} at (0,4) size 34x13
                    RenderBlock {mi} at (0,3) size 9x9
                      RenderText {#text} at (0,-9) size 7x24
                        text run at (0,-9) width 7: "x"
                    RenderMathMLOperator {mo} at (11,2) size 12x10
                      RenderMathMLBlock (flex) {mo} at (0,0) size 11x10
                        RenderBlock (anonymous) at (0,0) size 11x10
                          RenderText {mo} at (0,-8) size 11x24
                            text run at (0,-8) width 11: "+"
                    RenderBlock {mn} at (25,0) size 9x12
                      RenderText {#text} at (0,-6) size 8x24
                        text run at (0,-6) width 8: "2"
      RenderBlock {p} at (0,159) size 784x22
        RenderText {#text} at (0,4) size 173x18
          text run at (0,4) width 173: "cube root (should be blue): "
        RenderMathMLMath {math} at (173,0) size 23x19 [color=#0000FF] [padding: 0 1 0 1]
      RenderBlock {p} at (0,197) size 784x22
        RenderText {#text} at (0,4) size 75x18
          text run at (0,4) width 75: "long index: "
        RenderMathMLMath {math} at (75,0) size 61x19 [padding: 0 1 0 1]
      RenderBlock {p} at (0,235) size 784x37
        RenderText {#text} at (0,8) size 185x18
          text run at (0,8) width 185: "long index w/ complex base: "
        RenderMathMLMath {math} at (185,0) size 90x38 [padding: 0 1 0 1]
      RenderBlock {p} at (0,288) size 784x47
        RenderText {#text} at (0,29) size 75x18
          text run at (0,29) width 75: "high index: "
        RenderMathMLMath {math} at (75,0) size 25x44 [padding: 0 1 0 1]
      RenderBlock {p} at (0,351) size 784x45
        RenderText {#text} at (0,21) size 155x18
          text run at (0,21) width 155: "Imbricated square roots: "
        RenderMathMLMath {math} at (155,0) size 288x45 [padding: 0 1 0 1]
          RenderMathMLSquareRoot {msqrt} at (1,0) size 286x45 [intrinsic padding: 3 0 3 12]
            RenderMathMLRow (anonymous) at (12,3) size 274x39
              RenderBlock {mn} at (0,21) size 8x12
                RenderText {#text} at (0,-6) size 8x24
                  text run at (0,-6) width 8: "1"
              RenderMathMLOperator {mo} at (11,23) size 12x10
                RenderMathMLBlock (flex) {mo} at (0,0) size 11x10
                  RenderBlock (anonymous) at (0,0) size 11x10
                    RenderText {mo} at (0,-8) size 11x24
                      text run at (0,-8) width 11: "+"
              RenderMathMLSquareRoot {msqrt} at (25,0) size 249x39 [intrinsic padding: 3 0 3 12]
                RenderMathMLRow (anonymous) at (12,3) size 236x33
                  RenderMathMLRow {mrow} at (0,0) size 236x33
                    RenderBlock {mn} at (0,18) size 8x12
                      RenderText {#text} at (0,-6) size 8x24
                        text run at (0,-6) width 8: "2"
                    RenderMathMLOperator {mo} at (11,20) size 12x10
                      RenderMathMLBlock (flex) {mo} at (0,0) size 11x10
                        RenderBlock (anonymous) at (0,0) size 11x10
                          RenderText {mo} at (0,-8) size 11x24
                            text run at (0,-8) width 11: "+"
                    RenderMathMLSquareRoot {msqrt} at (25,0) size 211x33 [intrinsic padding: 3 0 3 12]
                      RenderMathMLRow (anonymous) at (12,3) size 199x27
                        RenderMathMLRow {mrow} at (0,0) size 199x27
                          RenderBlock {mn} at (0,15) size 8x12
                            RenderText {#text} at (0,-6) size 8x24
                              text run at (0,-6) width 8: "3"
                          RenderMathMLOperator {mo} at (11,17) size 12x10
                            RenderMathMLBlock (flex) {mo} at (0,0) size 11x10
                              RenderBlock (anonymous) at (0,0) size 11x10
                                RenderText {mo} at (0,-8) size 11x24
                                  text run at (0,-8) width 11: "+"
                          RenderMathMLSquareRoot {msqrt} at (25,0) size 174x27 [intrinsic padding: 3 0 0 12]
                            RenderMathMLRow (anonymous) at (12,3) size 162x24
                              RenderMathMLRow {mrow} at (0,0) size 162x24
                                RenderBlock {mn} at (0,12) size 8x12
                                  RenderText {#text} at (0,-6) size 8x24
                                    text run at (0,-6) width 8: "4"
                                RenderMathMLOperator {mo} at (11,14) size 12x10
                                  RenderMathMLBlock (flex) {mo} at (0,0) size 11x10
                                    RenderBlock (anonymous) at (0,0) size 11x10
                                      RenderText {mo} at (0,-8) size 11x24
                                        text run at (0,-8) width 11: "+"
                                RenderMathMLSquareRoot {msqrt} at (25,0) size 137x24 [intrinsic padding: 3 0 0 12]
                                  RenderMathMLRow (anonymous) at (12,3) size 124x21
                                    RenderMathMLRow {mrow} at (0,0) size 124x21
                                      RenderBlock {mn} at (0,8) size 8x13
                                        RenderText {#text} at (0,-5) size 8x24
                                          text run at (0,-5) width 8: "5"
                                      RenderMathMLOperator {mo} at (11,11) size 12x10
                                        RenderMathMLBlock (flex) {mo} at (0,0) size 11x10
                                          RenderBlock (anonymous) at (0,0) size 11x10
                                            RenderText {mo} at (0,-8) size 11x24
                                              text run at (0,-8) width 11: "+"
                                      RenderMathMLSquareRoot {msqrt} at (25,0) size 99x21 [intrinsic padding: 3 0 0 12]
                                        RenderMathMLRow (anonymous) at (12,3) size 87x18
                                          RenderMathMLRow {mrow} at (0,0) size 87x18
                                            RenderBlock {mn} at (0,6) size 8x12
                                              RenderText {#text} at (0,-6) size 8x24
                                                text run at (0,-6) width 8: "6"
                                            RenderMathMLOperator {mo} at (11,8) size 12x10
                                              RenderMathMLBlock (flex) {mo} at (0,0) size 11x10
                                                RenderBlock (anonymous) at (0,0) size 11x10
                                                  RenderText {mo} at (0,-8) size 11x24
                                                    text run at (0,-8) width 11: "+"
                                            RenderMathMLSquareRoot {msqrt} at (25,0) size 62x18 [intrinsic padding: 3 0 0 12]
                                              RenderMathMLRow (anonymous) at (12,3) size 49x15
                                                RenderMathMLRow {mrow} at (0,0) size 49x15
                                                  RenderBlock {mn} at (0,3) size 8x12
                                                    RenderText {#text} at (0,-6) size 8x24
                                                      text run at (0,-6) width 8: "7"
                                                  RenderMathMLOperator {mo} at (11,5) size 12x10
                                                    RenderMathMLBlock (flex) {mo} at (0,0) size 11x10
                                                      RenderBlock (anonymous) at (0,0) size 11x10
                                                        RenderText {mo} at (0,-8) size 11x24
                                                          text run at (0,-8) width 11: "+"
                                                  RenderMathMLSquareRoot {msqrt} at (25,0) size 24x15 [intrinsic padding: 3 0 0 12]
                                                    RenderMathMLRow (anonymous) at (12,3) size 12x12
                                                      RenderBlock {mi} at (0,0) size 12x12
                                                        RenderText {#text} at (0,-6) size 10x24
                                                          text run at (0,-6) width 10: "A"
        RenderText {#text} at (0,0) size 0x0
      RenderBlock {p} at (0,412) size 784x74
        RenderText {#text} at (0,38) size 110x18
          text run at (0,38) width 110: "Imbricated roots: "
        RenderMathMLMath {math} at (110,0) size 349x74 [padding: 0 1 0 1]
        RenderText {#text} at (0,0) size 0x0
      RenderBlock {p} at (0,502) size 784x36
        RenderText {#text} at (0,0) size 306x18
          text run at (0,0) width 306: "Don't wrap this wide line with an implicit mrow:"
        RenderBR {br} at (306,0) size 0x18
        RenderMathMLMath {math} at (0,21) size 828x15 [padding: 0 1 0 1]
          RenderMathMLSquareRoot {msqrt} at (1,0) size 826x15 [intrinsic padding: 3 0 0 12]
            RenderMathMLRow (anonymous) at (12,3) size 814x12
              RenderBlock {mi} at (0,0) size 407x9
                RenderText {#text} at (0,-9) size 7x24
                  text run at (0,-9) width 7: "x"
              RenderBlock {mi} at (407,0) size 407x12
                RenderText {#text} at (0,-9) size 7x24
                  text run at (0,-9) width 7: "y"
        RenderText {#text} at (0,0) size 0x0
layer at (182,175) size 21x19
  RenderMathMLRoot {mroot} at (1,0) size 21x19 [intrinsic padding: 7 0 0 13]
    RenderMathMLRow (anonymous) at (13,7) size 8x12
      RenderBlock {mn} at (0,0) size 8x12
        RenderText {#text} at (0,-6) size 8x24
          text run at (0,-6) width 8: "2"
layer at (182,175) size 13x14
  RenderBlock (positioned) {mn} at (0,0) size 14x15
    RenderText {#text} at (2,-4) size 6x18
      text run at (2,-4) width 6: "3"
layer at (84,213) size 59x19
  RenderMathMLRoot {mroot} at (1,0) size 59x19 [intrinsic padding: 7 0 0 51]
    RenderMathMLRow (anonymous) at (51,7) size 8x12
      RenderBlock {mn} at (0,0) size 8x12
        RenderText {#text} at (0,-6) size 8x24
          text run at (0,-6) width 8: "2"
layer at (84,213) size 51x14
  RenderMathMLRow {mrow} at (0,0) size 52x15 [padding: 0 5 4 2]
    RenderBlock {mi} at (2,1) size 7x7
      RenderText {#text} at (0,-7) size 5x18
        text run at (0,-7) width 5: "x"
    RenderMathMLOperator {mo} at (10,0) size 9x8
      RenderMathMLBlock (flex) {mo} at (0,0) size 8x8
        RenderBlock (anonymous) at (0,0) size 8x8
          RenderText {mo} at (0,-6) size 8x18
            text run at (0,-6) width 8: "+"
    RenderBlock {mi} at (21,1) size 7x9
      RenderText {#text} at (0,-7) size 5x18
        text run at (0,-7) width 5: "y"
    RenderMathMLOperator {mo} at (29,0) size 9x8
      RenderMathMLBlock (flex) {mo} at (0,0) size 8x8
        RenderBlock (anonymous) at (0,0) size 8x8
          RenderText {mo} at (0,-6) size 8x18
            text run at (0,-6) width 8: "+"
    RenderBlock {mi} at (40,1) size 7x7
      RenderText {#text} at (0,-7) size 5x18
        text run at (0,-7) width 5: "z"
layer at (194,251) size 88x37
  RenderMathMLRoot {mroot} at (1,0) size 88x38 [intrinsic padding: 3 0 3 52]
    RenderMathMLRow (anonymous) at (52,3) size 36x32
      RenderMathMLFraction {mfrac} at (1,0) size 34x32
        RenderMathMLBlock (anonymous, flex) at (0,0) size 34x16
          RenderMathMLRow {mrow} at (0,0) size 34x12
            RenderBlock {mi} at (0,3) size 9x9
              RenderText {#text} at (0,-9) size 7x24
                text run at (0,-9) width 7: "x"
            RenderMathMLOperator {mo} at (11,2) size 12x10
              RenderMathMLBlock (flex) {mo} at (0,0) size 11x10
                RenderBlock (anonymous) at (0,0) size 11x10
                  RenderText {mo} at (0,-8) size 11x24
                    text run at (0,-8) width 11: "+"
            RenderBlock {mn} at (25,0) size 9x12
              RenderText {#text} at (0,-6) size 8x24
                text run at (0,-6) width 8: "1"
        RenderMathMLBlock (anonymous, flex) at (0,15) size 34x17 [padding: 1 0 0 0]
          RenderMathMLRow {mrow} at (0,4) size 34x13
            RenderBlock {mi} at (0,3) size 9x9
              RenderText {#text} at (0,-9) size 7x24
                text run at (0,-9) width 7: "x"
            RenderMathMLOperator {mo} at (11,2) size 12x10
              RenderMathMLBlock (flex) {mo} at (0,0) size 11x10
                RenderBlock (anonymous) at (0,0) size 11x10
                  RenderText {mo} at (0,-8) size 11x24
                    text run at (0,-8) width 11: "+"
            RenderBlock {mn} at (25,0) size 9x12
              RenderText {#text} at (0,-6) size 8x24
                text run at (0,-6) width 8: "2"
layer at (194,259) size 51x14
  RenderMathMLRow {mrow} at (0,8) size 52x15 [padding: 0 5 4 2]
    RenderBlock {mi} at (2,1) size 7x7
      RenderText {#text} at (0,-7) size 5x18
        text run at (0,-7) width 5: "x"
    RenderMathMLOperator {mo} at (10,0) size 9x8
      RenderMathMLBlock (flex) {mo} at (0,0) size 8x8
        RenderBlock (anonymous) at (0,0) size 8x8
          RenderText {mo} at (0,-6) size 8x18
            text run at (0,-6) width 8: "+"
    RenderBlock {mi} at (21,1) size 7x9
      RenderText {#text} at (0,-7) size 5x18
        text run at (0,-7) width 5: "y"
    RenderMathMLOperator {mo} at (29,0) size 9x8
      RenderMathMLBlock (flex) {mo} at (0,0) size 8x8
        RenderBlock (anonymous) at (0,0) size 8x8
          RenderText {mo} at (0,-6) size 8x18
            text run at (0,-6) width 8: "+"
    RenderBlock {mi} at (40,1) size 7x7
      RenderText {#text} at (0,-7) size 5x18
        text run at (0,-7) width 5: "z"
layer at (84,304) size 23x44
  RenderMathMLRoot {mroot} at (1,0) size 23x44 [intrinsic padding: 32 0 0 15]
    RenderMathMLRow (anonymous) at (15,32) size 8x12
      RenderBlock {mn} at (0,0) size 8x12
        RenderText {#text} at (0,-6) size 8x24
          text run at (0,-6) width 8: "2"
layer at (85,304) size 15x39
  RenderMathMLFraction {mfrac} at (1,0) size 16x39 [padding: 0 5 4 2]
    RenderMathMLBlock (anonymous, flex) at (2,0) size 9x25
      RenderMathMLFraction {mfrac} at (1,0) size 7x22
        RenderMathMLBlock (anonymous, flex) at (0,0) size 7x10
          RenderBlock {mi} at (0,0) size 7x7
            RenderText {#text} at (0,-7) size 5x18
              text run at (0,-7) width 5: "x"
        RenderMathMLBlock (anonymous, flex) at (0,9) size 7x13 [padding: 1 0 0 0]
          RenderBlock {mi} at (0,3) size 7x10
            RenderText {#text} at (0,-7) size 5x18
              text run at (0,-7) width 5: "y"
    RenderMathMLBlock (anonymous, flex) at (2,24) size 9x11 [padding: 1 0 0 0]
      RenderBlock {mi} at (1,3) size 7x8
        RenderText {#text} at (0,-7) size 5x18
          text run at (0,-7) width 5: "z"
layer at (119,428) size 346x74
  RenderMathMLRoot {mroot} at (1,0) size 347x74 [intrinsic padding: 3 0 3 19]
    RenderMathMLRow (anonymous) at (19,3) size 328x68
      RenderMathMLRow {mrow} at (0,0) size 328x68
        RenderBlock {mn} at (0,38) size 8x12
          RenderText {#text} at (0,-6) size 8x24
            text run at (0,-6) width 8: "1"
        RenderMathMLOperator {mo} at (11,40) size 12x10
          RenderMathMLBlock (flex) {mo} at (0,0) size 11x10
            RenderBlock (anonymous) at (0,0) size 11x10
              RenderText {mo} at (0,-8) size 11x24
                text run at (0,-8) width 11: "+"
layer at (163,431) size 302x68
  RenderMathMLRoot {mroot} at (25,0) size 303x68 [intrinsic padding: 3 0 3 19]
    RenderMathMLRow (anonymous) at (19,3) size 283x62
      RenderMathMLRow {mrow} at (0,0) size 283x62
        RenderBlock {mn} at (0,35) size 8x12
          RenderText {#text} at (0,-6) size 8x24
            text run at (0,-6) width 8: "2"
        RenderMathMLOperator {mo} at (11,37) size 12x10
          RenderMathMLBlock (flex) {mo} at (0,0) size 11x10
            RenderBlock (anonymous) at (0,0) size 11x10
              RenderText {mo} at (0,-8) size 11x24
                text run at (0,-8) width 11: "+"
layer at (208,434) size 258x62
  RenderMathMLRoot {mroot} at (25,0) size 258x62 [intrinsic padding: 3 0 3 19]
    RenderMathMLRow (anonymous) at (19,3) size 239x56
      RenderMathMLRow {mrow} at (0,0) size 239x56
        RenderBlock {mn} at (0,32) size 8x12
          RenderText {#text} at (0,-6) size 8x24
            text run at (0,-6) width 8: "3"
        RenderMathMLOperator {mo} at (11,34) size 12x10
          RenderMathMLBlock (flex) {mo} at (0,0) size 11x10
            RenderBlock (anonymous) at (0,0) size 11x10
              RenderText {mo} at (0,-8) size 11x24
                text run at (0,-8) width 11: "+"
layer at (252,437) size 213x56
  RenderMathMLRoot {mroot} at (25,0) size 214x56 [intrinsic padding: 3 0 3 19]
    RenderMathMLRow (anonymous) at (19,3) size 195x50
      RenderMathMLRow {mrow} at (0,0) size 195x50
        RenderBlock {mn} at (0,29) size 8x12
          RenderText {#text} at (0,-6) size 8x24
            text run at (0,-6) width 8: "4"
        RenderMathMLOperator {mo} at (11,31) size 12x10
          RenderMathMLBlock (flex) {mo} at (0,0) size 11x10
            RenderBlock (anonymous) at (0,0) size 11x10
              RenderText {mo} at (0,-8) size 11x24
                text run at (0,-8) width 11: "+"
layer at (297,440) size 169x50
  RenderMathMLRoot {mroot} at (25,0) size 170x50 [intrinsic padding: 3 0 3 18]
    RenderMathMLRow (anonymous) at (18,3) size 151x44
      RenderMathMLRow {mrow} at (0,0) size 151x44
        RenderBlock {mn} at (0,25) size 8x13
          RenderText {#text} at (0,-5) size 8x24
            text run at (0,-5) width 8: "5"
        RenderMathMLOperator {mo} at (11,28) size 12x10
          RenderMathMLBlock (flex) {mo} at (0,0) size 11x10
            RenderBlock (anonymous) at (0,0) size 11x10
              RenderText {mo} at (0,-8) size 11x24
                text run at (0,-8) width 11: "+"
layer at (340,443) size 126x44
  RenderMathMLRoot {mroot} at (25,0) size 126x44 [intrinsic padding: 3 0 3 16]
    RenderMathMLRow (anonymous) at (16,3) size 110x38
      RenderMathMLRow {mrow} at (0,0) size 110x38
        RenderBlock {mn} at (0,23) size 8x12
          RenderText {#text} at (0,-6) size 8x24
            text run at (0,-6) width 8: "6"
        RenderMathMLOperator {mo} at (11,25) size 12x10
          RenderMathMLBlock (flex) {mo} at (0,0) size 11x10
            RenderBlock (anonymous) at (0,0) size 11x10
              RenderText {mo} at (0,-8) size 11x24
                text run at (0,-8) width 11: "+"
layer at (381,446) size 84x38
  RenderMathMLRoot {mroot} at (25,0) size 85x38 [intrinsic padding: 3 0 3 15]
    RenderMathMLRow (anonymous) at (15,3) size 69x32
      RenderMathMLRow {mrow} at (0,0) size 69x32
        RenderBlock {mn} at (0,20) size 8x12
          RenderText {#text} at (0,-6) size 8x24
            text run at (0,-6) width 8: "7"
        RenderMathMLOperator {mo} at (11,22) size 12x10
          RenderMathMLBlock (flex) {mo} at (0,0) size 11x10
            RenderBlock (anonymous) at (0,0) size 11x10
              RenderText {mo} at (0,-8) size 11x24
                text run at (0,-8) width 11: "+"
layer at (422,449) size 44x32
  RenderMathMLRoot {mroot} at (25,0) size 44x32 [intrinsic padding: 20 0 0 32]
    RenderMathMLRow (anonymous) at (32,20) size 12x12
      RenderBlock {mi} at (0,0) size 12x12
        RenderText {#text} at (0,-6) size 10x24
          text run at (0,-6) width 10: "A"
layer at (423,449) size 32x27
  RenderMathMLFraction {mfrac} at (1,0) size 33x27 [padding: 0 5 4 2]
    RenderMathMLBlock (anonymous, flex) at (2,0) size 26x13
      RenderMathMLRow {mrow} at (0,0) size 26x10
        RenderBlock {mi} at (0,1) size 7x7
          RenderText {#text} at (0,-7) size 5x18
            text run at (0,-7) width 5: "x"
        RenderMathMLOperator {mo} at (8,0) size 9x8
          RenderMathMLBlock (flex) {mo} at (0,0) size 8x8
            RenderBlock (anonymous) at (0,0) size 8x8
              RenderText {mo} at (0,-6) size 8x18
                text run at (0,-6) width 8: "+"
        RenderBlock {mi} at (18,1) size 8x9
          RenderText {#text} at (0,-7) size 5x18
            text run at (0,-7) width 5: "y"
    RenderMathMLBlock (anonymous, flex) at (2,12) size 26x11 [padding: 1 0 0 0]
      RenderBlock {mi} at (9,3) size 7x8
        RenderText {#text} at (0,-7) size 5x18
          text run at (0,-7) width 5: "z"
layer at (381,455) size 13x14
  RenderBlock (positioned) {mn} at (0,9) size 14x15
    RenderText {#text} at (2,-4) size 6x18
      text run at (2,-4) width 6: "9"
layer at (340,456) size 13x14
  RenderBlock (positioned) {mn} at (0,13) size 14x15
    RenderText {#text} at (2,-4) size 6x18
      text run at (2,-4) width 6: "8"
layer at (297,457) size 13x13
  RenderBlock (positioned) {mn} at (0,17) size 14x14
    RenderText {#text} at (2,-5) size 6x18
      text run at (2,-5) width 6: "7"
layer at (252,457) size 13x14
  RenderBlock (positioned) {mn} at (0,20) size 14x15
    RenderText {#text} at (2,-4) size 6x18
      text run at (2,-4) width 6: "6"
layer at (208,458) size 13x14
  RenderBlock (positioned) {mn} at (0,24) size 14x15
    RenderText {#text} at (2,-4) size 6x18
      text run at (2,-4) width 6: "5"
layer at (163,459) size 13x14
  RenderBlock (positioned) {mn} at (0,28) size 14x15
    RenderText {#text} at (2,-4) size 6x18
      text run at (2,-4) width 6: "4"
layer at (119,459) size 13x14
  RenderBlock (positioned) {mn} at (0,31) size 14x15
    RenderText {#text} at (2,-4) size 6x18
      text run at (2,-4) width 6: "3"
